Dec 09 06:25:39 ubuntu devstack@g-api.service[119128]: DEBUG glance.api.middleware.version_negotiation [None req-cae0d479-bc59-4a08-8800-590388d278f7 tempest-ImageDependencyTests-161324472 tempest-ImageDependencyTests-161324472-project-member] Determining version of request: GET /v2/images/1edb251c-77fa-46bf-bf6f-a0e38db3d6be Accept: */* {{(pid=119128) process_request /opt/stack/glance/glance/api/middleware/version_negotiation.py:44}}
Dec 09 06:25:39 ubuntu devstack@g-api.service[119128]: DEBUG glance.api.middleware.version_negotiation [None req-cae0d479-bc59-4a08-8800-590388d278f7 tempest-ImageDependencyTests-161324472 tempest-ImageDependencyTests-161324472-project-member] Using url versioning {{(pid=119128) process_request /opt/stack/glance/glance/api/middleware/version_negotiation.py:57}}
Dec 09 06:25:39 ubuntu devstack@g-api.service[119128]: DEBUG glance.api.middleware.version_negotiation [None req-cae0d479-bc59-4a08-8800-590388d278f7 tempest-ImageDependencyTests-161324472 tempest-ImageDependencyTests-161324472-project-member] Matched version: v2 {{(pid=119128) process_request /opt/stack/glance/glance/api/middleware/version_negotiation.py:69}}
Dec 09 06:25:39 ubuntu devstack@g-api.service[119128]: DEBUG glance.api.middleware.version_negotiation [None req-cae0d479-bc59-4a08-8800-590388d278f7 tempest-ImageDependencyTests-161324472 tempest-ImageDependencyTests-161324472-project-member] new path /v2/images/1edb251c-77fa-46bf-bf6f-a0e38db3d6be {{(pid=119128) process_request /opt/stack/glance/glance/api/middleware/version_negotiation.py:70}}
Dec 09 06:25:39 ubuntu devstack@g-api.service[119129]: [pid: 119129|app: 0|req: 25/48] 127.0.0.1 () {42 vars in 1055 bytes} [Mon Dec  9 06:25:39 2024] GET /v2/images/1edb251c-77fa-46bf-bf6f-a0e38db3d6be/file => generated 1024 bytes in 27 msecs (HTTP/1.1 200) 5 headers in 213 bytes (1 switches on core 0)
Dec 09 06:25:39 ubuntu devstack@g-api.service[119128]: [pid: 119128|app: 0|req: 24/49] 127.0.0.1 () {42 vars in 1045 bytes} [Mon Dec  9 06:25:39 2024] GET /v2/images/1edb251c-77fa-46bf-bf6f-a0e38db3d6be => generated 807 bytes in 10 msecs (HTTP/1.1 200) 4 headers in 157 bytes (1 switches on core 0)
Dec 09 06:25:39 ubuntu devstack@g-api.service[119129]: DEBUG glance.api.middleware.version_negotiation [None req-cae0d479-bc59-4a08-8800-590388d278f7 tempest-ImageDependencyTests-161324472 tempest-ImageDependencyTests-161324472-project-member] Determining version of request: GET /v2/schemas/image Accept: */* {{(pid=119129) process_request /opt/stack/glance/glance/api/middleware/version_negotiation.py:44}}
Dec 09 06:25:39 ubuntu devstack@g-api.service[119129]: DEBUG glance.api.middleware.version_negotiation [None req-cae0d479-bc59-4a08-8800-590388d278f7 tempest-ImageDependencyTests-161324472 tempest-ImageDependencyTests-161324472-project-member] Using url versioning {{(pid=119129) process_request /opt/stack/glance/glance/api/middleware/version_negotiation.py:57}}
Dec 09 06:25:39 ubuntu devstack@g-api.service[119129]: DEBUG glance.api.middleware.version_negotiation [None req-cae0d479-bc59-4a08-8800-590388d278f7 tempest-ImageDependencyTests-161324472 tempest-ImageDependencyTests-161324472-project-member] Matched version: v2 {{(pid=119129) process_request /opt/stack/glance/glance/api/middleware/version_negotiation.py:69}}
Dec 09 06:25:39 ubuntu devstack@g-api.service[119129]: DEBUG glance.api.middleware.version_negotiation [None req-cae0d479-bc59-4a08-8800-590388d278f7 tempest-ImageDependencyTests-161324472 tempest-ImageDependencyTests-161324472-project-member] new path /v2/schemas/image {{(pid=119129) process_request /opt/stack/glance/glance/api/middleware/version_negotiation.py:70}}
Dec 09 06:25:39 ubuntu devstack@g-api.service[119129]: [pid: 119129|app: 0|req: 26/50] 127.0.0.1 () {42 vars in 985 bytes} [Mon Dec  9 06:25:39 2024] GET /v2/schemas/image => generated 6083 bytes in 3 msecs (HTTP/1.1 200) 4 headers in 158 bytes (1 switches on core 0)
Dec 09 06:25:39 ubuntu devstack@g-api.service[119128]: DEBUG glance.api.middleware.version_negotiation [None req-cae0d479-bc59-4a08-8800-590388d278f7 tempest-ImageDependencyTests-161324472 tempest-ImageDependencyTests-161324472-project-member] Determining version of request: GET /v2/images/1edb251c-77fa-46bf-bf6f-a0e38db3d6be Accept: */* {{(pid=119128) process_request /opt/stack/glance/glance/api/middleware/version_negotiation.py:44}}
Dec 09 06:25:39 ubuntu devstack@g-api.service[119128]: DEBUG glance.api.middleware.version_negotiation [None req-cae0d479-bc59-4a08-8800-590388d278f7 tempest-ImageDependencyTests-161324472 tempest-ImageDependencyTests-161324472-project-member] Using url versioning {{(pid=119128) process_request /opt/stack/glance/glance/api/middleware/version_negotiation.py:57}}
Dec 09 06:25:39 ubuntu devstack@g-api.service[119128]: DEBUG glance.api.middleware.version_negotiation [None req-cae0d479-bc59-4a08-8800-590388d278f7 tempest-ImageDependencyTests-161324472 tempest-ImageDependencyTests-161324472-project-member] Matched version: v2 {{(pid=119128) process_request /opt/stack/glance/glance/api/middleware/version_negotiation.py:69}}
Dec 09 06:25:39 ubuntu devstack@g-api.service[119128]: DEBUG glance.api.middleware.version_negotiation [None req-cae0d479-bc59-4a08-8800-590388d278f7 tempest-ImageDependencyTests-161324472 tempest-ImageDependencyTests-161324472-project-member] new path /v2/images/1edb251c-77fa-46bf-bf6f-a0e38db3d6be {{(pid=119128) process_request /opt/stack/glance/glance/api/middleware/version_negotiation.py:70}}
Dec 09 06:25:39 ubuntu devstack@g-api.service[119128]: [pid: 119128|app: 0|req: 25/51] 127.0.0.1 () {42 vars in 1045 bytes} [Mon Dec  9 06:25:39 2024] GET /v2/images/1edb251c-77fa-46bf-bf6f-a0e38db3d6be => generated 807 bytes in 10 msecs (HTTP/1.1 200) 4 headers in 157 bytes (1 switches on core 0)
Dec 09 06:25:39 ubuntu devstack@g-api.service[119129]: DEBUG glance.api.middleware.version_negotiation [None req-cae0d479-bc59-4a08-8800-590388d278f7 tempest-ImageDependencyTests-161324472 tempest-ImageDependencyTests-161324472-project-member] Determining version of request: GET /v2/schemas/image Accept: */* {{(pid=119129) process_request /opt/stack/glance/glance/api/middleware/version_negotiation.py:44}}
Dec 09 06:25:39 ubuntu devstack@g-api.service[119129]: DEBUG glance.api.middleware.version_negotiation [None req-cae0d479-bc59-4a08-8800-590388d278f7 tempest-ImageDependencyTests-161324472 tempest-ImageDependencyTests-161324472-project-member] Using url versioning {{(pid=119129) process_request /opt/stack/glance/glance/api/middleware/version_negotiation.py:57}}
Dec 09 06:25:39 ubuntu devstack@g-api.service[119129]: DEBUG glance.api.middleware.version_negotiation [None req-cae0d479-bc59-4a08-8800-590388d278f7 tempest-ImageDependencyTests-161324472 tempest-ImageDependencyTests-161324472-project-member] Matched version: v2 {{(pid=119129) process_request /opt/stack/glance/glance/api/middleware/version_negotiation.py:69}}
Dec 09 06:25:39 ubuntu devstack@g-api.service[119129]: DEBUG glance.api.middleware.version_negotiation [None req-cae0d479-bc59-4a08-8800-590388d278f7 tempest-ImageDependencyTests-161324472 tempest-ImageDependencyTests-161324472-project-member] new path /v2/schemas/image {{(pid=119129) process_request /opt/stack/glance/glance/api/middleware/version_negotiation.py:70}}
Dec 09 06:25:39 ubuntu devstack@g-api.service[119129]: [pid: 119129|app: 0|req: 27/52] 127.0.0.1 () {42 vars in 985 bytes} [Mon Dec  9 06:25:39 2024] GET /v2/schemas/image => generated 6083 bytes in 9 msecs (HTTP/1.1 200) 4 headers in 158 bytes (1 switches on core 0)
Dec 09 06:25:40 ubuntu devstack@g-api.service[119128]: DEBUG glance.api.middleware.version_negotiation [None req-cae0d479-bc59-4a08-8800-590388d278f7 tempest-ImageDependencyTests-161324472 tempest-ImageDependencyTests-161324472-project-member] Determining version of request: GET /v2/images/1edb251c-77fa-46bf-bf6f-a0e38db3d6be Accept: */* {{(pid=119128) process_request /opt/stack/glance/glance/api/middleware/version_negotiation.py:44}}
Dec 09 06:25:40 ubuntu devstack@g-api.service[119128]: DEBUG glance.api.middleware.version_negotiation [None req-cae0d479-bc59-4a08-8800-590388d278f7 tempest-ImageDependencyTests-161324472 tempest-ImageDependencyTests-161324472-project-member] Using url versioning {{(pid=119128) process_request /opt/stack/glance/glance/api/middleware/version_negotiation.py:57}}
Dec 09 06:25:40 ubuntu devstack@g-api.service[119128]: DEBUG glance.api.middleware.version_negotiation [None req-cae0d479-bc59-4a08-8800-590388d278f7 tempest-ImageDependencyTests-161324472 tempest-ImageDependencyTests-161324472-project-member] Matched version: v2 {{(pid=119128) process_request /opt/stack/glance/glance/api/middleware/version_negotiation.py:69}}
Dec 09 06:25:40 ubuntu devstack@g-api.service[119128]: DEBUG glance.api.middleware.version_negotiation [None req-cae0d479-bc59-4a08-8800-590388d278f7 tempest-ImageDependencyTests-161324472 tempest-ImageDependencyTests-161324472-project-member] new path /v2/images/1edb251c-77fa-46bf-bf6f-a0e38db3d6be {{(pid=119128) process_request /opt/stack/glance/glance/api/middleware/version_negotiation.py:70}}
Dec 09 06:25:40 ubuntu devstack@g-api.service[119128]: [pid: 119128|app: 0|req: 26/53] 127.0.0.1 () {42 vars in 1045 bytes} [Mon Dec  9 06:25:40 2024] GET /v2/images/1edb251c-77fa-46bf-bf6f-a0e38db3d6be => generated 807 bytes in 21 msecs (HTTP/1.1 200) 4 headers in 157 bytes (1 switches on core 0)
Dec 09 06:25:40 ubuntu devstack@g-api.service[119129]: DEBUG glance.api.middleware.version_negotiation [None req-cae0d479-bc59-4a08-8800-590388d278f7 tempest-ImageDependencyTests-161324472 tempest-ImageDependencyTests-161324472-project-member] Determining version of request: GET /v2/schemas/image Accept: */* {{(pid=119129) process_request /opt/stack/glance/glance/api/middleware/version_negotiation.py:44}}
Dec 09 06:25:40 ubuntu devstack@g-api.service[119129]: DEBUG glance.api.middleware.version_negotiation [None req-cae0d479-bc59-4a08-8800-590388d278f7 tempest-ImageDependencyTests-161324472 tempest-ImageDependencyTests-161324472-project-member] Using url versioning {{(pid=119129) process_request /opt/stack/glance/glance/api/middleware/version_negotiation.py:57}}
Dec 09 06:25:40 ubuntu devstack@g-api.service[119129]: DEBUG glance.api.middleware.version_negotiation [None req-cae0d479-bc59-4a08-8800-590388d278f7 tempest-ImageDependencyTests-161324472 tempest-ImageDependencyTests-161324472-project-member] Matched version: v2 {{(pid=119129) process_request /opt/stack/glance/glance/api/middleware/version_negotiation.py:69}}
Dec 09 06:25:40 ubuntu devstack@g-api.service[119129]: DEBUG glance.api.middleware.version_negotiation [None req-cae0d479-bc59-4a08-8800-590388d278f7 tempest-ImageDependencyTests-161324472 tempest-ImageDependencyTests-161324472-project-member] new path /v2/schemas/image {{(pid=119129) process_request /opt/stack/glance/glance/api/middleware/version_negotiation.py:70}}
Dec 09 06:25:40 ubuntu devstack@g-api.service[119129]: [pid: 119129|app: 0|req: 28/54] 127.0.0.1 () {42 vars in 985 bytes} [Mon Dec  9 06:25:40 2024] GET /v2/schemas/image => generated 6083 bytes in 9 msecs (HTTP/1.1 200) 4 headers in 158 bytes (1 switches on core 0)
Dec 09 06:25:40 ubuntu devstack@g-api.service[119128]: DEBUG glance.api.middleware.version_negotiation [None req-cae0d479-bc59-4a08-8800-590388d278f7 tempest-ImageDependencyTests-161324472 tempest-ImageDependencyTests-161324472-project-member] Determining version of request: GET /v2/images/1edb251c-77fa-46bf-bf6f-a0e38db3d6be Accept: */* {{(pid=119128) process_request /opt/stack/glance/glance/api/middleware/version_negotiation.py:44}}
Dec 09 06:25:40 ubuntu devstack@g-api.service[119128]: DEBUG glance.api.middleware.version_negotiation [None req-cae0d479-bc59-4a08-8800-590388d278f7 tempest-ImageDependencyTests-161324472 tempest-ImageDependencyTests-161324472-project-member] Using url versioning {{(pid=119128) process_request /opt/stack/glance/glance/api/middleware/version_negotiation.py:57}}
Dec 09 06:25:40 ubuntu devstack@g-api.service[119128]: DEBUG glance.api.middleware.version_negotiation [None req-cae0d479-bc59-4a08-8800-590388d278f7 tempest-ImageDependencyTests-161324472 tempest-ImageDependencyTests-161324472-project-member] Matched version: v2 {{(pid=119128) process_request /opt/stack/glance/glance/api/middleware/version_negotiation.py:69}}
Dec 09 06:25:40 ubuntu devstack@g-api.service[119128]: DEBUG glance.api.middleware.version_negotiation [None req-cae0d479-bc59-4a08-8800-590388d278f7 tempest-ImageDependencyTests-161324472 tempest-ImageDependencyTests-161324472-project-member] new path /v2/images/1edb251c-77fa-46bf-bf6f-a0e38db3d6be {{(pid=119128) process_request /opt/stack/glance/glance/api/middleware/version_negotiation.py:70}}
Dec 09 06:25:40 ubuntu devstack@g-api.service[119128]: [pid: 119128|app: 0|req: 27/55] 127.0.0.1 () {42 vars in 1045 bytes} [Mon Dec  9 06:25:40 2024] GET /v2/images/1edb251c-77fa-46bf-bf6f-a0e38db3d6be => generated 807 bytes in 8 msecs (HTTP/1.1 200) 4 headers in 157 bytes (1 switches on core 0)
Dec 09 06:25:40 ubuntu devstack@g-api.service[119129]: DEBUG glance.api.middleware.version_negotiation [None req-cae0d479-bc59-4a08-8800-590388d278f7 tempest-ImageDependencyTests-161324472 tempest-ImageDependencyTests-161324472-project-member] Determining version of request: GET /v2/schemas/image Accept: */* {{(pid=119129) process_request /opt/stack/glance/glance/api/middleware/version_negotiation.py:44}}
Dec 09 06:25:40 ubuntu devstack@g-api.service[119129]: DEBUG glance.api.middleware.version_negotiation [None req-cae0d479-bc59-4a08-8800-590388d278f7 tempest-ImageDependencyTests-161324472 tempest-ImageDependencyTests-161324472-project-member] Using url versioning {{(pid=119129) process_request /opt/stack/glance/glance/api/middleware/version_negotiation.py:57}}
Dec 09 06:25:40 ubuntu devstack@g-api.service[119129]: DEBUG glance.api.middleware.version_negotiation [None req-cae0d479-bc59-4a08-8800-590388d278f7 tempest-ImageDependencyTests-161324472 tempest-ImageDependencyTests-161324472-project-member] Matched version: v2 {{(pid=119129) process_request /opt/stack/glance/glance/api/middleware/version_negotiation.py:69}}
Dec 09 06:25:40 ubuntu devstack@g-api.service[119129]: DEBUG glance.api.middleware.version_negotiation [None req-cae0d479-bc59-4a08-8800-590388d278f7 tempest-ImageDependencyTests-161324472 tempest-ImageDependencyTests-161324472-project-member] new path /v2/schemas/image {{(pid=119129) process_request /opt/stack/glance/glance/api/middleware/version_negotiation.py:70}}
Dec 09 06:25:40 ubuntu devstack@g-api.service[119129]: [pid: 119129|app: 0|req: 29/56] 127.0.0.1 () {42 vars in 985 bytes} [Mon Dec  9 06:25:40 2024] GET /v2/schemas/image => generated 6083 bytes in 3 msecs (HTTP/1.1 200) 4 headers in 158 bytes (1 switches on core 0)
Dec 09 06:25:40 ubuntu devstack@g-api.service[119128]: DEBUG glance.api.middleware.version_negotiation [None req-cae0d479-bc59-4a08-8800-590388d278f7 tempest-ImageDependencyTests-161324472 tempest-ImageDependencyTests-161324472-project-member] Determining version of request: GET /v2/schemas/image Accept: */* {{(pid=119128) process_request /opt/stack/glance/glance/api/middleware/version_negotiation.py:44}}
Dec 09 06:25:40 ubuntu devstack@g-api.service[119128]: DEBUG glance.api.middleware.version_negotiation [None req-cae0d479-bc59-4a08-8800-590388d278f7 tempest-ImageDependencyTests-161324472 tempest-ImageDependencyTests-161324472-project-member] Using url versioning {{(pid=119128) process_request /opt/stack/glance/glance/api/middleware/version_negotiation.py:57}}
Dec 09 06:25:40 ubuntu devstack@g-api.service[119128]: DEBUG glance.api.middleware.version_negotiation [None req-cae0d479-bc59-4a08-8800-590388d278f7 tempest-ImageDependencyTests-161324472 tempest-ImageDependencyTests-161324472-project-member] Matched version: v2 {{(pid=119128) process_request /opt/stack/glance/glance/api/middleware/version_negotiation.py:69}}
Dec 09 06:25:40 ubuntu devstack@g-api.service[119128]: DEBUG glance.api.middleware.version_negotiation [None req-cae0d479-bc59-4a08-8800-590388d278f7 tempest-ImageDependencyTests-161324472 tempest-ImageDependencyTests-161324472-project-member] new path /v2/schemas/image {{(pid=119128) process_request /opt/stack/glance/glance/api/middleware/version_negotiation.py:70}}
Dec 09 06:25:40 ubuntu devstack@g-api.service[119128]: [pid: 119128|app: 0|req: 28/57] 127.0.0.1 () {42 vars in 985 bytes} [Mon Dec  9 06:25:40 2024] GET /v2/schemas/image => generated 6083 bytes in 2 msecs (HTTP/1.1 200) 4 headers in 158 bytes (1 switches on core 0)
Dec 09 06:25:40 ubuntu devstack@g-api.service[119129]: DEBUG glance.api.middleware.version_negotiation [None req-cae0d479-bc59-4a08-8800-590388d278f7 tempest-ImageDependencyTests-161324472 tempest-ImageDependencyTests-161324472-project-member] Determining version of request: GET /v2/images/1edb251c-77fa-46bf-bf6f-a0e38db3d6be Accept: */* {{(pid=119129) process_request /opt/stack/glance/glance/api/middleware/version_negotiation.py:44}}
Dec 09 06:25:40 ubuntu devstack@g-api.service[119129]: DEBUG glance.api.middleware.version_negotiation [None req-cae0d479-bc59-4a08-8800-590388d278f7 tempest-ImageDependencyTests-161324472 tempest-ImageDependencyTests-161324472-project-member] Using url versioning {{(pid=119129) process_request /opt/stack/glance/glance/api/middleware/version_negotiation.py:57}}
Dec 09 06:25:40 ubuntu devstack@g-api.service[119129]: DEBUG glance.api.middleware.version_negotiation [None req-cae0d479-bc59-4a08-8800-590388d278f7 tempest-ImageDependencyTests-161324472 tempest-ImageDependencyTests-161324472-project-member] Matched version: v2 {{(pid=119129) process_request /opt/stack/glance/glance/api/middleware/version_negotiation.py:69}}
Dec 09 06:25:40 ubuntu devstack@g-api.service[119129]: DEBUG glance.api.middleware.version_negotiation [None req-cae0d479-bc59-4a08-8800-590388d278f7 tempest-ImageDependencyTests-161324472 tempest-ImageDependencyTests-161324472-project-member] new path /v2/images/1edb251c-77fa-46bf-bf6f-a0e38db3d6be {{(pid=119129) process_request /opt/stack/glance/glance/api/middleware/version_negotiation.py:70}}
Dec 09 06:25:40 ubuntu devstack@g-api.service[119129]: [pid: 119129|app: 0|req: 30/58] 127.0.0.1 () {42 vars in 1045 bytes} [Mon Dec  9 06:25:40 2024] GET /v2/images/1edb251c-77fa-46bf-bf6f-a0e38db3d6be => generated 807 bytes in 11 msecs (HTTP/1.1 200) 4 headers in 157 bytes (1 switches on core 0)
Dec 09 06:25:40 ubuntu devstack@g-api.service[119128]: DEBUG glance.api.middleware.version_negotiation [None req-cae0d479-bc59-4a08-8800-590388d278f7 tempest-ImageDependencyTests-161324472 tempest-ImageDependencyTests-161324472-project-member] Determining version of request: GET /v2/images/1edb251c-77fa-46bf-bf6f-a0e38db3d6be/file Accept: */* {{(pid=119128) process_request /opt/stack/glance/glance/api/middleware/version_negotiation.py:44}}
Dec 09 06:25:40 ubuntu devstack@g-api.service[119128]: DEBUG glance.api.middleware.version_negotiation [None req-cae0d479-bc59-4a08-8800-590388d278f7 tempest-ImageDependencyTests-161324472 tempest-ImageDependencyTests-161324472-project-member] Using url versioning {{(pid=119128) process_request /opt/stack/glance/glance/api/middleware/version_negotiation.py:57}}
Dec 09 06:25:40 ubuntu devstack@g-api.service[119128]: DEBUG glance.api.middleware.version_negotiation [None req-cae0d479-bc59-4a08-8800-590388d278f7 tempest-ImageDependencyTests-161324472 tempest-ImageDependencyTests-161324472-project-member] Matched version: v2 {{(pid=119128) process_request /opt/stack/glance/glance/api/middleware/version_negotiation.py:69}}
Dec 09 06:25:40 ubuntu devstack@g-api.service[119128]: DEBUG glance.api.middleware.version_negotiation [None req-cae0d479-bc59-4a08-8800-590388d278f7 tempest-ImageDependencyTests-161324472 tempest-ImageDependencyTests-161324472-project-member] new path /v2/images/1edb251c-77fa-46bf-bf6f-a0e38db3d6be/file {{(pid=119128) process_request /opt/stack/glance/glance/api/middleware/version_negotiation.py:70}}
Dec 09 06:25:40 ubuntu devstack@g-api.service[119128]: DEBUG glance.api.middleware.cache [None req-cae0d479-bc59-4a08-8800-590388d278f7 tempest-ImageDependencyTests-161324472 tempest-ImageDependencyTests-161324472-project-member] Cache hit for image '1edb251c-77fa-46bf-bf6f-a0e38db3d6be' {{(pid=119128) process_request /opt/stack/glance/glance/api/middleware/cache.py:160}}
Dec 09 06:25:40 ubuntu devstack@g-api.service[119129]: DEBUG glance.api.middleware.version_negotiation [None req-cae0d479-bc59-4a08-8800-590388d278f7 tempest-ImageDependencyTests-161324472 tempest-ImageDependencyTests-161324472-project-member] Determining version of request: GET /v2/images/1edb251c-77fa-46bf-bf6f-a0e38db3d6be Accept: */* {{(pid=119129) process_request /opt/stack/glance/glance/api/middleware/version_negotiation.py:44}}
Dec 09 06:25:40 ubuntu devstack@g-api.service[119129]: DEBUG glance.api.middleware.version_negotiation [None req-cae0d479-bc59-4a08-8800-590388d278f7 tempest-ImageDependencyTests-161324472 tempest-ImageDependencyTests-161324472-project-member] Using url versioning {{(pid=119129) process_request /opt/stack/glance/glance/api/middleware/version_negotiation.py:57}}
Dec 09 06:25:40 ubuntu devstack@g-api.service[119129]: DEBUG glance.api.middleware.version_negotiation [None req-cae0d479-bc59-4a08-8800-590388d278f7 tempest-ImageDependencyTests-161324472 tempest-ImageDependencyTests-161324472-project-member] Matched version: v2 {{(pid=119129) process_request /opt/stack/glance/glance/api/middleware/version_negotiation.py:69}}
Dec 09 06:25:40 ubuntu devstack@g-api.service[119129]: DEBUG glance.api.middleware.version_negotiation [None req-cae0d479-bc59-4a08-8800-590388d278f7 tempest-ImageDependencyTests-161324472 tempest-ImageDependencyTests-161324472-project-member] new path /v2/images/1edb251c-77fa-46bf-bf6f-a0e38db3d6be {{(pid=119129) process_request /opt/stack/glance/glance/api/middleware/version_negotiation.py:70}}
Dec 09 06:25:40 ubuntu devstack@g-api.service[119128]: [pid: 119128|app: 0|req: 29/59] 127.0.0.1 () {42 vars in 1055 bytes} [Mon Dec  9 06:25:40 2024] GET /v2/images/1edb251c-77fa-46bf-bf6f-a0e38db3d6be/file => generated 1024 bytes in 23 msecs (HTTP/1.1 200) 5 headers in 213 bytes (1 switches on core 0)
Dec 09 06:25:40 ubuntu devstack@g-api.service[119129]: [pid: 119129|app: 0|req: 31/60] 127.0.0.1 () {42 vars in 1045 bytes} [Mon Dec  9 06:25:40 2024] GET /v2/images/1edb251c-77fa-46bf-bf6f-a0e38db3d6be => generated 807 bytes in 12 msecs (HTTP/1.1 200) 4 headers in 157 bytes (1 switches on core 0)
Dec 09 06:25:40 ubuntu devstack@g-api.service[119128]: DEBUG glance.api.middleware.version_negotiation [None req-cae0d479-bc59-4a08-8800-590388d278f7 tempest-ImageDependencyTests-161324472 tempest-ImageDependencyTests-161324472-project-member] Determining version of request: GET /v2/schemas/image Accept: */* {{(pid=119128) process_request /opt/stack/glance/glance/api/middleware/version_negotiation.py:44}}
Dec 09 06:25:40 ubuntu devstack@g-api.service[119128]: DEBUG glance.api.middleware.version_negotiation [None req-cae0d479-bc59-4a08-8800-590388d278f7 tempest-ImageDependencyTests-161324472 tempest-ImageDependencyTests-161324472-project-member] Using url versioning {{(pid=119128) process_request /opt/stack/glance/glance/api/middleware/version_negotiation.py:57}}
Dec 09 06:25:40 ubuntu devstack@g-api.service[119128]: DEBUG glance.api.middleware.version_negotiation [None req-cae0d479-bc59-4a08-8800-590388d278f7 tempest-ImageDependencyTests-161324472 tempest-ImageDependencyTests-161324472-project-member] Matched version: v2 {{(pid=119128) process_request /opt/stack/glance/glance/api/middleware/version_negotiation.py:69}}
Dec 09 06:25:40 ubuntu devstack@g-api.service[119128]: DEBUG glance.api.middleware.version_negotiation [None req-cae0d479-bc59-4a08-8800-590388d278f7 tempest-ImageDependencyTests-161324472 tempest-ImageDependencyTests-161324472-project-member] new path /v2/schemas/image {{(pid=119128) process_request /opt/stack/glance/glance/api/middleware/version_negotiation.py:70}}
Dec 09 06:25:40 ubuntu devstack@g-api.service[119128]: [pid: 119128|app: 0|req: 30/61] 127.0.0.1 () {42 vars in 985 bytes} [Mon Dec  9 06:25:40 2024] GET /v2/schemas/image => generated 6083 bytes in 3 msecs (HTTP/1.1 200) 4 headers in 158 bytes (1 switches on core 0)
Dec 09 06:25:40 ubuntu devstack@g-api.service[119129]: DEBUG glance.api.middleware.version_negotiation [None req-cae0d479-bc59-4a08-8800-590388d278f7 tempest-ImageDependencyTests-161324472 tempest-ImageDependencyTests-161324472-project-member] Determining version of request: GET /v2/images/1edb251c-77fa-46bf-bf6f-a0e38db3d6be Accept: */* {{(pid=119129) process_request /opt/stack/glance/glance/api/middleware/version_negotiation.py:44}}
Dec 09 06:25:40 ubuntu devstack@g-api.service[119129]: DEBUG glance.api.middleware.version_negotiation [None req-cae0d479-bc59-4a08-8800-590388d278f7 tempest-ImageDependencyTests-161324472 tempest-ImageDependencyTests-161324472-project-member] Using url versioning {{(pid=119129) process_request /opt/stack/glance/glance/api/middleware/version_negotiation.py:57}}
Dec 09 06:25:40 ubuntu devstack@g-api.service[119129]: DEBUG glance.api.middleware.version_negotiation [None req-cae0d479-bc59-4a08-8800-590388d278f7 tempest-ImageDependencyTests-161324472 tempest-ImageDependencyTests-161324472-project-member] Matched version: v2 {{(pid=119129) process_request /opt/stack/glance/glance/api/middleware/version_negotiation.py:69}}
Dec 09 06:25:40 ubuntu devstack@g-api.service[119129]: DEBUG glance.api.middleware.version_negotiation [None req-cae0d479-bc59-4a08-8800-590388d278f7 tempest-ImageDependencyTests-161324472 tempest-ImageDependencyTests-161324472-project-member] new path /v2/images/1edb251c-77fa-46bf-bf6f-a0e38db3d6be {{(pid=119129) process_request /opt/stack/glance/glance/api/middleware/version_negotiation.py:70}}
Dec 09 06:25:40 ubuntu devstack@g-api.service[119129]: [pid: 119129|app: 0|req: 32/62] 127.0.0.1 () {42 vars in 1045 bytes} [Mon Dec  9 06:25:40 2024] GET /v2/images/1edb251c-77fa-46bf-bf6f-a0e38db3d6be => generated 807 bytes in 18 msecs (HTTP/1.1 200) 4 headers in 157 bytes (1 switches on core 0)
Dec 09 06:25:40 ubuntu devstack@g-api.service[119128]: DEBUG glance.api.middleware.version_negotiation [None req-cae0d479-bc59-4a08-8800-590388d278f7 tempest-ImageDependencyTests-161324472 tempest-ImageDependencyTests-161324472-project-member] Determining version of request: GET /v2/schemas/image Accept: */* {{(pid=119128) process_request /opt/stack/glance/glance/api/middleware/version_negotiation.py:44}}
Dec 09 06:25:40 ubuntu devstack@g-api.service[119128]: DEBUG glance.api.middleware.version_negotiation [None req-cae0d479-bc59-4a08-8800-590388d278f7 tempest-ImageDependencyTests-161324472 tempest-ImageDependencyTests-161324472-project-member] Using url versioning {{(pid=119128) process_request /opt/stack/glance/glance/api/middleware/version_negotiation.py:57}}
Dec 09 06:25:40 ubuntu devstack@g-api.service[119128]: DEBUG glance.api.middleware.version_negotiation [None req-cae0d479-bc59-4a08-8800-590388d278f7 tempest-ImageDependencyTests-161324472 tempest-ImageDependencyTests-161324472-project-member] Matched version: v2 {{(pid=119128) process_request /opt/stack/glance/glance/api/middleware/version_negotiation.py:69}}
Dec 09 06:25:40 ubuntu devstack@g-api.service[119128]: DEBUG glance.api.middleware.version_negotiation [None req-cae0d479-bc59-4a08-8800-590388d278f7 tempest-ImageDependencyTests-161324472 tempest-ImageDependencyTests-161324472-project-member] new path /v2/schemas/image {{(pid=119128) process_request /opt/stack/glance/glance/api/middleware/version_negotiation.py:70}}
Dec 09 06:25:40 ubuntu devstack@g-api.service[119128]: [pid: 119128|app: 0|req: 31/63] 127.0.0.1 () {42 vars in 985 bytes} [Mon Dec  9 06:25:40 2024] GET /v2/schemas/image => generated 6083 bytes in 5 msecs (HTTP/1.1 200) 4 headers in 158 bytes (1 switches on core 0)
Dec 09 06:25:41 ubuntu devstack@g-api.service[119129]: DEBUG glance.api.middleware.version_negotiation [None req-cae0d479-bc59-4a08-8800-590388d278f7 tempest-ImageDependencyTests-161324472 tempest-ImageDependencyTests-161324472-project-member] Determining version of request: DELETE /v2/images/1edb251c-77fa-46bf-bf6f-a0e38db3d6be Accept: application/json {{(pid=119129) process_request /opt/stack/glance/glance/api/middleware/version_negotiation.py:44}}
Dec 09 06:25:41 ubuntu devstack@g-api.service[119129]: DEBUG glance.api.middleware.version_negotiation [None req-cae0d479-bc59-4a08-8800-590388d278f7 tempest-ImageDependencyTests-161324472 tempest-ImageDependencyTests-161324472-project-member] Using url versioning {{(pid=119129) process_request /opt/stack/glance/glance/api/middleware/version_negotiation.py:57}}
Dec 09 06:25:41 ubuntu devstack@g-api.service[119129]: DEBUG glance.api.middleware.version_negotiation [None req-cae0d479-bc59-4a08-8800-590388d278f7 tempest-ImageDependencyTests-161324472 tempest-ImageDependencyTests-161324472-project-member] Matched version: v2 {{(pid=119129) process_request /opt/stack/glance/glance/api/middleware/version_negotiation.py:69}}
Dec 09 06:25:41 ubuntu devstack@g-api.service[119129]: DEBUG glance.api.middleware.version_negotiation [None req-cae0d479-bc59-4a08-8800-590388d278f7 tempest-ImageDependencyTests-161324472 tempest-ImageDependencyTests-161324472-project-member] new path /v2/images/1edb251c-77fa-46bf-bf6f-a0e38db3d6be {{(pid=119129) process_request /opt/stack/glance/glance/api/middleware/version_negotiation.py:70}}
Dec 09 06:25:41 ubuntu devstack@g-api.service[119129]: WARNING glance.api.v2.images [None req-3ae44a6d-a4fd-4d15-b8ca-a1d756088f0d tempest-ImageDependencyTests-161324472 tempest-ImageDependencyTests-161324472-project-member] After upload to backend, deletion of staged image data has failed because it cannot be found at /tmp/staging//1edb251c-77fa-46bf-bf6f-a0e38db3d6be
Dec 09 06:25:41 ubuntu devstack@g-api.service[119129]: DEBUG glance_store.backend [None req-3ae44a6d-a4fd-4d15-b8ca-a1d756088f0d tempest-ImageDependencyTests-161324472 tempest-ImageDependencyTests-161324472-project-member] Attempting to import store swift {{(pid=119129) _load_store /opt/stack/data/venv/lib/python3.10/site-packages/glance_store/backend.py:216}}
Dec 09 06:25:41 ubuntu devstack@g-api.service[119129]: DEBUG glance_store.capabilities [None req-3ae44a6d-a4fd-4d15-b8ca-a1d756088f0d tempest-ImageDependencyTests-161324472 tempest-ImageDependencyTests-161324472-project-member] Store glance_store._drivers.swift.store.SingleTenantStore doesn't support updating dynamic storage capabilities. Please overwrite 'update_capabilities' method of the store to implement updating logics if needed. {{(pid=119129) update_capabilities /opt/stack/data/venv/lib/python3.10/site-packages/glance_store/capabilities.py:91}}
Dec 09 06:25:41 ubuntu devstack@g-api.service[119129]: DEBUG glance_store.driver [None req-3ae44a6d-a4fd-4d15-b8ca-a1d756088f0d tempest-ImageDependencyTests-161324472 tempest-ImageDependencyTests-161324472-project-member] Late loading location class glance_store._drivers.swift.store.StoreLocation {{(pid=119129) get_store_location_class /opt/stack/data/venv/lib/python3.10/site-packages/glance_store/driver.py:133}}
Dec 09 06:25:41 ubuntu devstack@g-api.service[119129]: DEBUG glance_store.location [None req-3ae44a6d-a4fd-4d15-b8ca-a1d756088f0d tempest-ImageDependencyTests-161324472 tempest-ImageDependencyTests-161324472-project-member] Registering scheme swift+https with {'store': <glance_store._drivers.swift.store.SingleTenantStore object at 0x7f5b6f9df820>, 'location_class': <class 'glance_store._drivers.swift.store.StoreLocation'>, 'store_entry': 'swift'} {{(pid=119129) register_scheme_map /opt/stack/data/venv/lib/python3.10/site-packages/glance_store/location.py:146}}
Dec 09 06:25:41 ubuntu devstack@g-api.service[119129]: DEBUG glance_store.location [None req-3ae44a6d-a4fd-4d15-b8ca-a1d756088f0d tempest-ImageDependencyTests-161324472 tempest-ImageDependencyTests-161324472-project-member] Registering scheme swift+https with {'store': <glance_store._drivers.swift.store.SingleTenantStore object at 0x7f5b6f9df820>, 'location_class': <class 'glance_store._drivers.swift.store.StoreLocation'>, 'store_entry': 'swift'} {{(pid=119129) register_scheme_map /opt/stack/data/venv/lib/python3.10/site-packages/glance_store/location.py:146}}
Dec 09 06:25:41 ubuntu devstack@g-api.service[119129]: DEBUG glance_store.location [None req-3ae44a6d-a4fd-4d15-b8ca-a1d756088f0d tempest-ImageDependencyTests-161324472 tempest-ImageDependencyTests-161324472-project-member] Registering scheme swift with {'store': <glance_store._drivers.swift.store.SingleTenantStore object at 0x7f5b6f9df820>, 'location_class': <class 'glance_store._drivers.swift.store.StoreLocation'>, 'store_entry': 'swift'} {{(pid=119129) register_scheme_map /opt/stack/data/venv/lib/python3.10/site-packages/glance_store/location.py:146}}
Dec 09 06:25:41 ubuntu devstack@g-api.service[119129]: DEBUG glance_store.location [None req-3ae44a6d-a4fd-4d15-b8ca-a1d756088f0d tempest-ImageDependencyTests-161324472 tempest-ImageDependencyTests-161324472-project-member] Registering scheme swift+https with {'store': <glance_store._drivers.swift.store.SingleTenantStore object at 0x7f5b6f9df820>, 'location_class': <class 'glance_store._drivers.swift.store.StoreLocation'>, 'store_entry': 'swift'} {{(pid=119129) register_scheme_map /opt/stack/data/venv/lib/python3.10/site-packages/glance_store/location.py:146}}
Dec 09 06:25:41 ubuntu devstack@g-api.service[119129]: DEBUG glance_store.location [None req-3ae44a6d-a4fd-4d15-b8ca-a1d756088f0d tempest-ImageDependencyTests-161324472 tempest-ImageDependencyTests-161324472-project-member] Registering scheme swift with {'store': <glance_store._drivers.swift.store.SingleTenantStore object at 0x7f5b6f9df820>, 'location_class': <class 'glance_store._drivers.swift.store.StoreLocation'>, 'store_entry': 'swift'} {{(pid=119129) register_scheme_map /opt/stack/data/venv/lib/python3.10/site-packages/glance_store/location.py:146}}
Dec 09 06:25:41 ubuntu devstack@g-api.service[119129]: DEBUG glance_store.location [None req-3ae44a6d-a4fd-4d15-b8ca-a1d756088f0d tempest-ImageDependencyTests-161324472 tempest-ImageDependencyTests-161324472-project-member] Registering scheme swift+http with {'store': <glance_store._drivers.swift.store.SingleTenantStore object at 0x7f5b6f9df820>, 'location_class': <class 'glance_store._drivers.swift.store.StoreLocation'>, 'store_entry': 'swift'} {{(pid=119129) register_scheme_map /opt/stack/data/venv/lib/python3.10/site-packages/glance_store/location.py:146}}
Dec 09 06:25:41 ubuntu devstack@g-api.service[119129]: DEBUG glance_store.location [None req-3ae44a6d-a4fd-4d15-b8ca-a1d756088f0d tempest-ImageDependencyTests-161324472 tempest-ImageDependencyTests-161324472-project-member] Registering scheme swift+https with {'store': <glance_store._drivers.swift.store.SingleTenantStore object at 0x7f5b6f9df820>, 'location_class': <class 'glance_store._drivers.swift.store.StoreLocation'>, 'store_entry': 'swift'} {{(pid=119129) register_scheme_map /opt/stack/data/venv/lib/python3.10/site-packages/glance_store/location.py:146}}
Dec 09 06:25:41 ubuntu devstack@g-api.service[119129]: DEBUG glance_store.location [None req-3ae44a6d-a4fd-4d15-b8ca-a1d756088f0d tempest-ImageDependencyTests-161324472 tempest-ImageDependencyTests-161324472-project-member] Registering scheme swift with {'store': <glance_store._drivers.swift.store.SingleTenantStore object at 0x7f5b6f9df820>, 'location_class': <class 'glance_store._drivers.swift.store.StoreLocation'>, 'store_entry': 'swift'} {{(pid=119129) register_scheme_map /opt/stack/data/venv/lib/python3.10/site-packages/glance_store/location.py:146}}
Dec 09 06:25:41 ubuntu devstack@g-api.service[119129]: DEBUG glance_store.location [None req-3ae44a6d-a4fd-4d15-b8ca-a1d756088f0d tempest-ImageDependencyTests-161324472 tempest-ImageDependencyTests-161324472-project-member] Registering scheme swift+http with {'store': <glance_store._drivers.swift.store.SingleTenantStore object at 0x7f5b6f9df820>, 'location_class': <class 'glance_store._drivers.swift.store.StoreLocation'>, 'store_entry': 'swift'} {{(pid=119129) register_scheme_map /opt/stack/data/venv/lib/python3.10/site-packages/glance_store/location.py:146}}
Dec 09 06:25:41 ubuntu devstack@g-api.service[119129]: DEBUG glance_store.location [None req-3ae44a6d-a4fd-4d15-b8ca-a1d756088f0d tempest-ImageDependencyTests-161324472 tempest-ImageDependencyTests-161324472-project-member] Registering scheme swift+config with {'store': <glance_store._drivers.swift.store.SingleTenantStore object at 0x7f5b6f9df820>, 'location_class': <class 'glance_store._drivers.swift.store.StoreLocation'>, 'store_entry': 'swift'} {{(pid=119129) register_scheme_map /opt/stack/data/venv/lib/python3.10/site-packages/glance_store/location.py:146}}
Dec 09 06:25:41 ubuntu devstack@g-api.service[119129]: DEBUG keystoneclient.auth.identity.v3.base [None req-3ae44a6d-a4fd-4d15-b8ca-a1d756088f0d tempest-ImageDependencyTests-161324472 tempest-ImageDependencyTests-161324472-project-member] Making authentication request to http://10.201.5.82/identity/v3/auth/tokens {{(pid=119129) get_auth_ref /opt/stack/data/venv/lib/python3.10/site-packages/keystoneclient/auth/identity/v3/base.py:185}}
Dec 09 06:25:41 ubuntu devstack@g-api.service[119129]: DEBUG keystoneclient.auth.identity.v3.base [None req-3ae44a6d-a4fd-4d15-b8ca-a1d756088f0d tempest-ImageDependencyTests-161324472 tempest-ImageDependencyTests-161324472-project-member] {"token": {"methods": ["password"], "user": {"domain": {"id": "default", "name": "Default"}, "id": "4737d95a68c64e6fb6da85e73facf1c2", "name": "glance-swift", "password_expires_at": null}, "audit_ids": ["asZXjLmVS06JQmPvS19DcQ"], "expires_at": "2024-12-09T07:25:41.000000Z", "issued_at": "2024-12-09T06:25:41.000000Z", "project": {"domain": {"id": "default", "name": "Default"}, "id": "5a4d30e8192944c89e33e945641959f8", "name": "service"}, "is_domain": false, "roles": [{"id": "ceb699d9175847ba867cf48f5ecb250e", "name": "service"}, {"id": "790c97d2357247e1bf039ba4b41104cc", "name": "ResellerAdmin"}], "catalog": [{"endpoints": [{"id": "f63af79f2b74411088773ef382cbf8a9", "interface": "public", "region_id": "RegionOne", "url": "http://10.201.5.82/placement", "region": "RegionOne"}], "id": "2b2010af8d524015995a64a946ce086a", "type": "placement", "name": "placement"}, {"endpoints": [{"id": "1c83c07aab7c4b13abd9310c52b568d6", "interface": "admin", "region_id": "RegionOne", "url": "http://10.201.5.82:8080", "region": "RegionOne"}, {"id": "a958b469106a4aef8c0f17fafdd84131", "interface": "public", "region_id": "RegionOne", "url": "http://10.201.5.82:8080/v1/AUTH_5a4d30e8192944c89e33e945641959f8", "region": "RegionOne"}], "id": "33a8cb5ee6584ff0ad4a1ad476206359", "type": "object-store", "name": "swift"}, {"endpoints": [{"id": "458a5637a44f45d3a79f5d5b5ae54ed0", "interface": "public", "region_id": "RegionOne", "url": "http://10.201.5.82:9696/networking", "region": "RegionOne"}], "id": "645ae9f53ad14042ae771862cc048a42", "type": "network", "name": "neutron"}, {"endpoints": [{"id": "032a55dd3e48405c9ca4914c823fb769", "interface": "public", "region_id": "RegionOne", "url": "http://10.201.5.82/identity", "region": "RegionOne"}], "id": "654ae8112b124acc97b3e3322535e5ef", "type": "identity", "name": "keystone"}, {"endpoints": [{"id": "868fc642b5d8417e9b985f29b822da6a", "interface": "public", "region_id": "RegionOne", "url": "http://10.201.5.82/compute/v2.1", "region": "RegionOne"}], "id": "7026285b6e3c424c8fe5a9a2ac14da34", "type": "compute", "name": "nova"}, {"endpoints": [{"id": "e699605fa50b4f078d3a63edd8f74c4e", "interface": "public", "region_id": "RegionOne", "url": "http://10.201.5.82/image", "region": "RegionOne"}], "id": "c6529f8593374ba1b0dae23be8c6b13e", "type": "image", "name": "glance"}, {"endpoints": [{"id": "4d26d7f5ba64427f913790573e7917cd", "interface": "public", "region_id": "RegionOne", "url": "http://10.201.5.82/compute/v2/5a4d30e8192944c89e33e945641959f8", "region": "RegionOne"}], "id": "cfa60384f6f544368fe97ef5d18dc604", "type": "compute_legacy", "name": "nova_legacy"}, {"endpoints": [{"id": "e8fa47618357460ba6279c91f7b4e21b", "interface": "public", "region_id": "RegionOne", "url": "http://10.201.5.82/volume/v3", "region": "RegionOne"}], "id": "eee6eb6df840478990e29637894723f0", "type": "block-storage", "name": "cinder"}]}} {{(pid=119129) get_auth_ref /opt/stack/data/venv/lib/python3.10/site-packages/keystoneclient/auth/identity/v3/base.py:190}}
Dec 09 06:25:41 ubuntu devstack@g-api.service[119129]: DEBUG keystoneclient.httpclient [None req-3ae44a6d-a4fd-4d15-b8ca-a1d756088f0d tempest-ImageDependencyTests-161324472 tempest-ImageDependencyTests-161324472-project-member] Failed to find endpoint for management url admin endpoint for identity service not found {{(pid=119129) _process_management_url /opt/stack/data/venv/lib/python3.10/site-packages/keystoneclient/httpclient.py:670}}
Dec 09 06:25:41 ubuntu devstack@g-api.service[119129]: DEBUG swiftclient [None req-3ae44a6d-a4fd-4d15-b8ca-a1d756088f0d tempest-ImageDependencyTests-161324472 tempest-ImageDependencyTests-161324472-project-member] REQ: curl -i http://10.201.5.82:8080/v1/AUTH_5a4d30e8192944c89e33e945641959f8/glance/1edb251c-77fa-46bf-bf6f-a0e38db3d6be -I -H "X-Auth-Token: gAAAAABnVo1lFod2..." {{(pid=119129) http_log /opt/stack/data/venv/lib/python3.10/site-packages/swiftclient/client.py:160}}
Dec 09 06:25:41 ubuntu devstack@g-api.service[119129]: DEBUG swiftclient [None req-3ae44a6d-a4fd-4d15-b8ca-a1d756088f0d tempest-ImageDependencyTests-161324472 tempest-ImageDependencyTests-161324472-project-member] RESP STATUS: 200 OK {{(pid=119129) http_log /opt/stack/data/venv/lib/python3.10/site-packages/swiftclient/client.py:161}}
Dec 09 06:25:41 ubuntu devstack@g-api.service[119129]: DEBUG swiftclient [None req-3ae44a6d-a4fd-4d15-b8ca-a1d756088f0d tempest-ImageDependencyTests-161324472 tempest-ImageDependencyTests-161324472-project-member] RESP HEADERS: {'Content-Type': 'application/octet-stream', 'Content-Length': '1024', 'Etag': '0b33db0594ce46dc6da90333cbc8a21e', 'Last-Modified': 'Mon, 09 Dec 2024 06:25:36 GMT', 'X-Timestamp': '1733725535.39477', 'Accept-Ranges': 'bytes', 'X-Trans-Id': 'tx9d52ff4d96674f5f9a3f2-0067568d65', 'X-Openstack-Request-Id': 'tx9d52ff4d96674f5f9a3f2-0067568d65', 'Date': 'Mon, 09 Dec 2024 06:25:41 GMT'} {{(pid=119129) http_log /opt/stack/data/venv/lib/python3.10/site-packages/swiftclient/client.py:162}}
Dec 09 06:25:41 ubuntu devstack@g-api.service[119129]: DEBUG swiftclient [None req-3ae44a6d-a4fd-4d15-b8ca-a1d756088f0d tempest-ImageDependencyTests-161324472 tempest-ImageDependencyTests-161324472-project-member] REQ: curl -i http://10.201.5.82:8080/v1/AUTH_5a4d30e8192944c89e33e945641959f8/glance/1edb251c-77fa-46bf-bf6f-a0e38db3d6be DELETE -H "X-Auth-Token: gAAAAABnVo1lFod2..." {{(pid=119129) http_log /opt/stack/data/venv/lib/python3.10/site-packages/swiftclient/client.py:160}}
Dec 09 06:25:41 ubuntu devstack@g-api.service[119129]: DEBUG swiftclient [None req-3ae44a6d-a4fd-4d15-b8ca-a1d756088f0d tempest-ImageDependencyTests-161324472 tempest-ImageDependencyTests-161324472-project-member] RESP STATUS: 204 No Content {{(pid=119129) http_log /opt/stack/data/venv/lib/python3.10/site-packages/swiftclient/client.py:161}}
Dec 09 06:25:41 ubuntu devstack@g-api.service[119129]: DEBUG swiftclient [None req-3ae44a6d-a4fd-4d15-b8ca-a1d756088f0d tempest-ImageDependencyTests-161324472 tempest-ImageDependencyTests-161324472-project-member] RESP HEADERS: {'Content-Type': 'text/html; charset=UTF-8', 'Content-Length': '0', 'X-Trans-Id': 'txcf35236198af412685f94-0067568d65', 'X-Openstack-Request-Id': 'txcf35236198af412685f94-0067568d65', 'Date': 'Mon, 09 Dec 2024 06:25:41 GMT'} {{(pid=119129) http_log /opt/stack/data/venv/lib/python3.10/site-packages/swiftclient/client.py:162}}
Dec 09 06:25:41 ubuntu devstack@g-api.service[119129]: DEBUG glance.api.middleware.cache [None req-3ae44a6d-a4fd-4d15-b8ca-a1d756088f0d tempest-ImageDependencyTests-161324472 tempest-ImageDependencyTests-161324472-project-member] Removing image 1edb251c-77fa-46bf-bf6f-a0e38db3d6be from cache {{(pid=119129) _process_DELETE_response /opt/stack/glance/glance/api/middleware/cache.py:264}}
Dec 09 06:25:41 ubuntu devstack@g-api.service[119129]: DEBUG glance.image_cache.drivers.centralized_db [None req-3ae44a6d-a4fd-4d15-b8ca-a1d756088f0d tempest-ImageDependencyTests-161324472 tempest-ImageDependencyTests-161324472-project-member] Deleting image cache file '/opt/stack/data/glance/cache/1edb251c-77fa-46bf-bf6f-a0e38db3d6be' {{(pid=119129) delete_cached_file /opt/stack/glance/glance/image_cache/drivers/centralized_db.py:387}}
Dec 09 06:25:41 ubuntu devstack@g-api.service[119129]: [pid: 119129|app: 0|req: 33/64] 127.0.0.1 () {38 vars in 773 bytes} [Mon Dec  9 06:25:41 2024] DELETE /v2/images/1edb251c-77fa-46bf-bf6f-a0e38db3d6be => generated 0 bytes in 188 msecs (HTTP/1.1 204) 4 headers in 171 bytes (1 switches on core 0)
Dec 09 06:25:41 ubuntu devstack@g-api.service[119128]: DEBUG glance.api.middleware.version_negotiation [None req-cae0d479-bc59-4a08-8800-590388d278f7 tempest-ImageDependencyTests-161324472 tempest-ImageDependencyTests-161324472-project-member] Determining version of request: GET /v2/images/1edb251c-77fa-46bf-bf6f-a0e38db3d6be Accept: application/json {{(pid=119128) process_request /opt/stack/glance/glance/api/middleware/version_negotiation.py:44}}
Dec 09 06:25:41 ubuntu devstack@g-api.service[119128]: DEBUG glance.api.middleware.version_negotiation [None req-cae0d479-bc59-4a08-8800-590388d278f7 tempest-ImageDependencyTests-161324472 tempest-ImageDependencyTests-161324472-project-member] Using url versioning {{(pid=119128) process_request /opt/stack/glance/glance/api/middleware/version_negotiation.py:57}}
Dec 09 06:25:41 ubuntu devstack@g-api.service[119128]: DEBUG glance.api.middleware.version_negotiation [None req-cae0d479-bc59-4a08-8800-590388d278f7 tempest-ImageDependencyTests-161324472 tempest-ImageDependencyTests-161324472-project-member] Matched version: v2 {{(pid=119128) process_request /opt/stack/glance/glance/api/middleware/version_negotiation.py:69}}
Dec 09 06:25:41 ubuntu devstack@g-api.service[119128]: DEBUG glance.api.middleware.version_negotiation [None req-cae0d479-bc59-4a08-8800-590388d278f7 tempest-ImageDependencyTests-161324472 tempest-ImageDependencyTests-161324472-project-member] new path /v2/images/1edb251c-77fa-46bf-bf6f-a0e38db3d6be {{(pid=119128) process_request /opt/stack/glance/glance/api/middleware/version_negotiation.py:70}}
Dec 09 06:25:41 ubuntu devstack@g-api.service[119128]: DEBUG glance.db.sqlalchemy.api [None req-07f7ba9f-54e9-4224-9712-aa997ca428ba tempest-ImageDependencyTests-161324472 tempest-ImageDependencyTests-161324472-project-member] No image found with ID 1edb251c-77fa-46bf-bf6f-a0e38db3d6be {{(pid=119128) _image_get /opt/stack/glance/glance/db/sqlalchemy/api.py:309}}
Dec 09 06:25:41 ubuntu devstack@g-api.service[119128]: [pid: 119128|app: 0|req: 32/65] 127.0.0.1 () {38 vars in 770 bytes} [Mon Dec  9 06:25:41 2024] GET /v2/images/1edb251c-77fa-46bf-bf6f-a0e38db3d6be => generated 139 bytes in 7 msecs (HTTP/1.1 404) 4 headers in 164 bytes (1 switches on core 0)
Dec 09 06:25:51 ubuntu devstack@g-api.service[119129]: DEBUG dbcounter [-] [119129] Writing DB stats glance:SELECT=52,glance:UPDATE=9,glance:INSERT=1,glance:DELETE=1 {{(pid=119129) stat_writer /opt/stack/data/venv/lib/python3.10/site-packages/dbcounter.py:115}}
Dec 09 06:25:51 ubuntu devstack@g-api.service[119128]: DEBUG dbcounter [-] [119128] Writing DB stats glance:SELECT=32,glance:INSERT=2,glance:UPDATE=1 {{(pid=119128) stat_writer /opt/stack/data/venv/lib/python3.10/site-packages/dbcounter.py:115}}
