Aug 16 20:12:46 ubuntu devstack@keystone.service[69060]: DEBUG keystone.server.flask.request_processing.req_logging [None req-cb8ea471-b31e-42cf-8aa4-b7ddfc0f59e9 None None] PATH_INFO: `/v3` {{(pid=69060) log_request_info /opt/stack/keystone/keystone/server/flask/request_processing/req_logging.py:29}}
Aug 16 20:12:46 ubuntu devstack@keystone.service[69060]: [pid: 69060|app: 0|req: 1/1] 10.201.5.82 () {50 vars in 791 bytes} [Fri Aug 16 20:12:46 2024] GET /identity/v3/ => generated 255 bytes in 2 msecs (HTTP/1.1 200) 5 headers in 177 bytes (1 switches on core 0)
Aug 16 20:12:46 ubuntu devstack@keystone.service[69059]: WSGI app 0 (mountpoint='') ready in 3 seconds on interpreter 0x55c37de4cd70 pid: 69059 (default app)
Aug 16 20:12:51 ubuntu devstack@keystone.service[69060]: DEBUG keystone.server.flask.request_processing.req_logging [None req-2a6f696e-371f-4a0a-9b3d-90c4bc8f3edd None None] REQUEST_METHOD: `GET` {{(pid=69060) log_request_info /opt/stack/keystone/keystone/server/flask/request_processing/req_logging.py:27}}
Aug 16 20:12:51 ubuntu devstack@keystone.service[69060]: DEBUG keystone.server.flask.request_processing.req_logging [None req-2a6f696e-371f-4a0a-9b3d-90c4bc8f3edd None None] SCRIPT_NAME: `/identity` {{(pid=69060) log_request_info /opt/stack/keystone/keystone/server/flask/request_processing/req_logging.py:28}}
Aug 16 20:12:51 ubuntu devstack@keystone.service[69060]: DEBUG keystone.server.flask.request_processing.req_logging [None req-2a6f696e-371f-4a0a-9b3d-90c4bc8f3edd None None] PATH_INFO: `/` {{(pid=69060) log_request_info /opt/stack/keystone/keystone/server/flask/request_processing/req_logging.py:29}}
Aug 16 20:12:51 ubuntu devstack@keystone.service[69060]: [pid: 69060|app: 0|req: 2/2] 10.201.5.82 () {54 vars in 926 bytes} [Fri Aug 16 20:12:51 2024] GET /identity => generated 270 bytes in 4 msecs (HTTP/1.1 300) 6 headers in 234 bytes (1 switches on core 0)
Aug 16 20:12:51 ubuntu devstack@keystone.service[69059]: DEBUG keystone.server.flask.request_processing.req_logging [None req-14879232-96bd-4504-a499-a679260897d9 None None] REQUEST_METHOD: `POST` {{(pid=69059) log_request_info /opt/stack/keystone/keystone/server/flask/request_processing/req_logging.py:27}}
Aug 16 20:12:51 ubuntu devstack@keystone.service[69059]: DEBUG keystone.server.flask.request_processing.req_logging [None req-14879232-96bd-4504-a499-a679260897d9 None None] SCRIPT_NAME: `/identity` {{(pid=69059) log_request_info /opt/stack/keystone/keystone/server/flask/request_processing/req_logging.py:28}}
Aug 16 20:12:51 ubuntu devstack@keystone.service[69059]: DEBUG keystone.server.flask.request_processing.req_logging [None req-14879232-96bd-4504-a499-a679260897d9 None None] PATH_INFO: `/v3/auth/tokens` {{(pid=69059) log_request_info /opt/stack/keystone/keystone/server/flask/request_processing/req_logging.py:29}}
Aug 16 20:12:51 ubuntu devstack@keystone.service[69059]: INFO dbcounter [None req-14879232-96bd-4504-a499-a679260897d9 None None] Registered counter for database keystone
Aug 16 20:12:51 ubuntu devstack@keystone.service[69059]: DEBUG oslo_db.sqlalchemy.engines [None req-14879232-96bd-4504-a499-a679260897d9 None None] MySQL server mode set to STRICT_TRANS_TABLES,STRICT_ALL_TABLES,NO_ZERO_IN_DATE,NO_ZERO_DATE,ERROR_FOR_DIVISION_BY_ZERO,TRADITIONAL,NO_ENGINE_SUBSTITUTION {{(pid=69059) _check_effective_sql_mode /opt/stack/data/venv/lib/python3.10/site-packages/oslo_db/sqlalchemy/engines.py:342}}
Aug 16 20:12:51 ubuntu devstack@keystone.service[69059]: DEBUG dbcounter [-] [69059] Writer thread running {{(pid=69059) stat_writer /opt/stack/data/venv/lib/python3.10/site-packages/dbcounter.py:102}}
Aug 16 20:12:51 ubuntu devstack@keystone.service[69059]: WARNING keystone.common.password_hashing [None req-14879232-96bd-4504-a499-a679260897d9 None None] Truncating password to algorithm specific maximum length 72 characters.
Aug 16 20:12:51 ubuntu devstack@keystone.service[69059]: DEBUG passlib.handlers.bcrypt [None req-14879232-96bd-4504-a499-a679260897d9 None None] detected 'bcrypt' backend, version '4.0.1' {{(pid=69059) _load_backend_mixin /opt/stack/data/venv/lib/python3.10/site-packages/passlib/handlers/bcrypt.py:625}}
Aug 16 20:12:51 ubuntu devstack@keystone.service[69059]: DEBUG passlib.handlers.bcrypt [None req-14879232-96bd-4504-a499-a679260897d9 None None] 'bcrypt' backend lacks $2$ support, enabling workaround {{(pid=69059) _finalize_backend_mixin /opt/stack/data/venv/lib/python3.10/site-packages/passlib/handlers/bcrypt.py:406}}
Aug 16 20:12:51 ubuntu devstack@keystone.service[69059]: DEBUG keystone.auth.core [None req-14879232-96bd-4504-a499-a679260897d9 None None] MFA Rules not processed for user `2fceca8a00f44833808faa11af0571e4`. Rule list: `[]` (Enabled: `True`). {{(pid=69059) check_auth_methods_against_rules /opt/stack/keystone/keystone/auth/core.py:477}}
Aug 16 20:12:51 ubuntu devstack@keystone.service[69059]: DEBUG keystone.common.fernet_utils [None req-14879232-96bd-4504-a499-a679260897d9 None None] Loaded 2 Fernet keys from /etc/keystone/fernet-keys/, but `[fernet_tokens] max_active_keys = 3`; perhaps there have not been enough key rotations to reach `max_active_keys` yet? {{(pid=69059) load_keys /opt/stack/keystone/keystone/common/fernet_utils.py:299}}
Aug 16 20:12:51 ubuntu devstack@keystone.service[69059]: [pid: 69059|app: 0|req: 1/3] 10.201.5.82 () {58 vars in 1023 bytes} [Fri Aug 16 20:12:51 2024] POST /identity/v3/auth/tokens => generated 977 bytes in 286 msecs (HTTP/1.1 201) 6 headers in 384 bytes (1 switches on core 0)
Aug 16 20:12:52 ubuntu devstack@keystone.service[69060]: DEBUG keystone.server.flask.request_processing.middleware.auth_context [None req-2a6f696e-371f-4a0a-9b3d-90c4bc8f3edd None None] Authenticating user token {{(pid=69060) process_request /opt/stack/data/venv/lib/python3.10/site-packages/keystonemiddleware/auth_token/__init__.py:406}}
Aug 16 20:12:52 ubuntu devstack@keystone.service[69060]: INFO dbcounter [None req-2a6f696e-371f-4a0a-9b3d-90c4bc8f3edd None None] Registered counter for database keystone
Aug 16 20:12:52 ubuntu devstack@keystone.service[69060]: DEBUG oslo_db.sqlalchemy.engines [None req-2a6f696e-371f-4a0a-9b3d-90c4bc8f3edd None None] MySQL server mode set to STRICT_TRANS_TABLES,STRICT_ALL_TABLES,NO_ZERO_IN_DATE,NO_ZERO_DATE,ERROR_FOR_DIVISION_BY_ZERO,TRADITIONAL,NO_ENGINE_SUBSTITUTION {{(pid=69060) _check_effective_sql_mode /opt/stack/data/venv/lib/python3.10/site-packages/oslo_db/sqlalchemy/engines.py:342}}
Aug 16 20:12:52 ubuntu devstack@keystone.service[69060]: DEBUG dbcounter [-] [69060] Writer thread running {{(pid=69060) stat_writer /opt/stack/data/venv/lib/python3.10/site-packages/dbcounter.py:102}}
Aug 16 20:12:52 ubuntu devstack@keystone.service[69060]: DEBUG keystone.server.flask.request_processing.middleware.auth_context [None req-2a6f696e-371f-4a0a-9b3d-90c4bc8f3edd None None] Validating token access rules against request {{(pid=69060) validate_allowed_request /opt/stack/data/venv/lib/python3.10/site-packages/keystonemiddleware/auth_token/__init__.py:544}}
Aug 16 20:12:52 ubuntu devstack@keystone.service[69060]: DEBUG keystone.server.flask.request_processing.middleware.auth_context [None req-3a83222c-d4c4-469b-a783-129410268cae admin admin] RBAC: auth_context: {'token': <TokenModel (audit_id=OVdtViuhSti8eWdf4J6seA, audit_chain_id=['OVdtViuhSti8eWdf4J6seA']) at 0x7f12c0e47280>, 'domain_id': None, 'trust_id': None, 'trustor_id': None, 'trustee_id': None, 'domain_name': None, 'group_ids': [], 'user_id': '2fceca8a00f44833808faa11af0571e4', 'user_domain_id': 'default', 'system_scope': None, 'project_id': 'dc17742331984557be4802f2acd82e01', 'project_domain_id': 'default', 'roles': ['admin', 'manager', 'reader', 'member'], 'is_admin_project': True, 'service_user_id': None, 'service_user_domain_id': None, 'service_project_id': None, 'service_project_domain_id': None, 'service_roles': []} {{(pid=69060) fill_context /opt/stack/keystone/keystone/server/flask/request_processing/middleware/auth_context.py:511}}
Aug 16 20:12:52 ubuntu devstack@keystone.service[69060]: DEBUG keystone.server.flask.request_processing.req_logging [None req-3a83222c-d4c4-469b-a783-129410268cae admin admin] REQUEST_METHOD: `GET` {{(pid=69060) log_request_info /opt/stack/keystone/keystone/server/flask/request_processing/req_logging.py:27}}
Aug 16 20:12:52 ubuntu devstack@keystone.service[69060]: DEBUG keystone.server.flask.request_processing.req_logging [None req-3a83222c-d4c4-469b-a783-129410268cae admin admin] SCRIPT_NAME: `/identity` {{(pid=69060) log_request_info /opt/stack/keystone/keystone/server/flask/request_processing/req_logging.py:28}}
Aug 16 20:12:52 ubuntu devstack@keystone.service[69060]: DEBUG keystone.server.flask.request_processing.req_logging [None req-3a83222c-d4c4-469b-a783-129410268cae admin admin] PATH_INFO: `/v3/auth/tokens` {{(pid=69060) log_request_info /opt/stack/keystone/keystone/server/flask/request_processing/req_logging.py:29}}
Aug 16 20:12:52 ubuntu devstack@keystone.service[69060]: DEBUG keystone.common.rbac_enforcer.enforcer [None req-3a83222c-d4c4-469b-a783-129410268cae admin admin] RBAC: Authorizing `identity:validate_token()` {{(pid=69060) enforce_call /opt/stack/keystone/keystone/common/rbac_enforcer/enforcer.py:504}}
Aug 16 20:12:52 ubuntu devstack@keystone.service[69060]: WARNING keystone.common.rbac_enforcer.enforcer [None req-3a83222c-d4c4-469b-a783-129410268cae admin admin] Deprecated policy rules found. Use oslopolicy-policy-generator and oslopolicy-policy-upgrade to detect and resolve deprecated policies in your configuration.
Aug 16 20:12:52 ubuntu devstack@keystone.service[69060]: DEBUG keystone.common.rbac_enforcer.enforcer [None req-3a83222c-d4c4-469b-a783-129410268cae admin admin] RBAC: Authorization granted {{(pid=69060) enforce_call /opt/stack/keystone/keystone/common/rbac_enforcer/enforcer.py:515}}
Aug 16 20:12:52 ubuntu devstack@keystone.service[69060]: [pid: 69060|app: 0|req: 3/4] 10.201.5.82 () {58 vars in 1324 bytes} [Fri Aug 16 20:12:52 2024] GET /identity/v3/auth/tokens => generated 977 bytes in 165 msecs (HTTP/1.1 200) 6 headers in 379 bytes (1 switches on core 0)
Aug 16 20:12:52 ubuntu devstack@keystone.service[69059]: DEBUG keystone.server.flask.request_processing.middleware.auth_context [None req-14879232-96bd-4504-a499-a679260897d9 None None] Authenticating user token {{(pid=69059) process_request /opt/stack/data/venv/lib/python3.10/site-packages/keystonemiddleware/auth_token/__init__.py:406}}
Aug 16 20:12:52 ubuntu devstack@keystone.service[69059]: DEBUG keystone.server.flask.request_processing.middleware.auth_context [None req-14879232-96bd-4504-a499-a679260897d9 None None] Validating token access rules against request {{(pid=69059) validate_allowed_request /opt/stack/data/venv/lib/python3.10/site-packages/keystonemiddleware/auth_token/__init__.py:544}}
Aug 16 20:12:52 ubuntu devstack@keystone.service[69059]: DEBUG keystone.server.flask.request_processing.middleware.auth_context [None req-44e9f5a0-27a5-4dc1-b31a-5039918fc593 admin admin] RBAC: auth_context: {'token': <TokenModel (audit_id=OVdtViuhSti8eWdf4J6seA, audit_chain_id=['OVdtViuhSti8eWdf4J6seA']) at 0x7f12c0e42c50>, 'domain_id': None, 'trust_id': None, 'trustor_id': None, 'trustee_id': None, 'domain_name': None, 'group_ids': [], 'user_id': '2fceca8a00f44833808faa11af0571e4', 'user_domain_id': 'default', 'system_scope': None, 'project_id': 'dc17742331984557be4802f2acd82e01', 'project_domain_id': 'default', 'roles': ['admin', 'manager', 'reader', 'member'], 'is_admin_project': True, 'service_user_id': None, 'service_user_domain_id': None, 'service_project_id': None, 'service_project_domain_id': None, 'service_roles': []} {{(pid=69059) fill_context /opt/stack/keystone/keystone/server/flask/request_processing/middleware/auth_context.py:511}}
Aug 16 20:12:52 ubuntu devstack@keystone.service[69059]: DEBUG keystone.server.flask.request_processing.req_logging [None req-44e9f5a0-27a5-4dc1-b31a-5039918fc593 admin admin] REQUEST_METHOD: `GET` {{(pid=69059) log_request_info /opt/stack/keystone/keystone/server/flask/request_processing/req_logging.py:27}}
Aug 16 20:12:52 ubuntu devstack@keystone.service[69059]: DEBUG keystone.server.flask.request_processing.req_logging [None req-44e9f5a0-27a5-4dc1-b31a-5039918fc593 admin admin] SCRIPT_NAME: `/identity` {{(pid=69059) log_request_info /opt/stack/keystone/keystone/server/flask/request_processing/req_logging.py:28}}
Aug 16 20:12:52 ubuntu devstack@keystone.service[69059]: DEBUG keystone.server.flask.request_processing.req_logging [None req-44e9f5a0-27a5-4dc1-b31a-5039918fc593 admin admin] PATH_INFO: `/v3/projects/dc17742331984557be4802f2acd82e01` {{(pid=69059) log_request_info /opt/stack/keystone/keystone/server/flask/request_processing/req_logging.py:29}}
Aug 16 20:12:52 ubuntu devstack@keystone.service[69059]: DEBUG keystone.common.rbac_enforcer.enforcer [None req-44e9f5a0-27a5-4dc1-b31a-5039918fc593 admin admin] RBAC: Authorizing `identity:get_project(project_id=dc17742331984557be4802f2acd82e01)` {{(pid=69059) enforce_call /opt/stack/keystone/keystone/common/rbac_enforcer/enforcer.py:504}}
Aug 16 20:12:52 ubuntu devstack@keystone.service[69059]: WARNING keystone.common.rbac_enforcer.enforcer [None req-44e9f5a0-27a5-4dc1-b31a-5039918fc593 admin admin] Deprecated policy rules found. Use oslopolicy-policy-generator and oslopolicy-policy-upgrade to detect and resolve deprecated policies in your configuration.
Aug 16 20:12:52 ubuntu devstack@keystone.service[69059]: DEBUG keystone.common.rbac_enforcer.enforcer [None req-44e9f5a0-27a5-4dc1-b31a-5039918fc593 admin admin] RBAC: Authorization granted {{(pid=69059) enforce_call /opt/stack/keystone/keystone/common/rbac_enforcer/enforcer.py:515}}
Aug 16 20:12:52 ubuntu devstack@keystone.service[69059]: [pid: 69059|app: 0|req: 2/5] 10.201.5.82 () {56 vars in 1207 bytes} [Fri Aug 16 20:12:52 2024] GET /identity/v3/projects/dc17742331984557be4802f2acd82e01 => generated 344 bytes in 34 msecs (HTTP/1.1 200) 5 headers in 177 bytes (1 switches on core 0)
Aug 16 20:12:53 ubuntu devstack@keystone.service[69060]: DEBUG keystone.server.flask.request_processing.req_logging [None req-6fb2684a-72e0-4d05-8bbf-9696aead0061 None None] REQUEST_METHOD: `GET` {{(pid=69060) log_request_info /opt/stack/keystone/keystone/server/flask/request_processing/req_logging.py:27}}
Aug 16 20:12:53 ubuntu devstack@keystone.service[69060]: DEBUG keystone.server.flask.request_processing.req_logging [None req-6fb2684a-72e0-4d05-8bbf-9696aead0061 None None] SCRIPT_NAME: `/identity` {{(pid=69060) log_request_info /opt/stack/keystone/keystone/server/flask/request_processing/req_logging.py:28}}
Aug 16 20:12:53 ubuntu devstack@keystone.service[69060]: DEBUG keystone.server.flask.request_processing.req_logging [None req-6fb2684a-72e0-4d05-8bbf-9696aead0061 None None] PATH_INFO: `/` {{(pid=69060) log_request_info /opt/stack/keystone/keystone/server/flask/request_processing/req_logging.py:29}}
Aug 16 20:12:53 ubuntu devstack@keystone.service[69060]: [pid: 69060|app: 0|req: 4/6] 10.201.5.82 () {54 vars in 926 bytes} [Fri Aug 16 20:12:53 2024] GET /identity => generated 270 bytes in 6 msecs (HTTP/1.1 300) 6 headers in 234 bytes (1 switches on core 0)
Aug 16 20:12:53 ubuntu devstack@keystone.service[69059]: DEBUG keystone.server.flask.request_processing.req_logging [None req-657b950f-1a8c-4a6c-8f3d-2fe30095cfd6 None None] REQUEST_METHOD: `POST` {{(pid=69059) log_request_info /opt/stack/keystone/keystone/server/flask/request_processing/req_logging.py:27}}
Aug 16 20:12:53 ubuntu devstack@keystone.service[69059]: DEBUG keystone.server.flask.request_processing.req_logging [None req-657b950f-1a8c-4a6c-8f3d-2fe30095cfd6 None None] SCRIPT_NAME: `/identity` {{(pid=69059) log_request_info /opt/stack/keystone/keystone/server/flask/request_processing/req_logging.py:28}}
Aug 16 20:12:53 ubuntu devstack@keystone.service[69059]: DEBUG keystone.server.flask.request_processing.req_logging [None req-657b950f-1a8c-4a6c-8f3d-2fe30095cfd6 None None] PATH_INFO: `/v3/auth/tokens` {{(pid=69059) log_request_info /opt/stack/keystone/keystone/server/flask/request_processing/req_logging.py:29}}
Aug 16 20:12:53 ubuntu devstack@keystone.service[69059]: WARNING keystone.common.password_hashing [None req-657b950f-1a8c-4a6c-8f3d-2fe30095cfd6 None None] Truncating password to algorithm specific maximum length 72 characters.
Aug 16 20:12:53 ubuntu devstack@keystone.service[69059]: DEBUG keystone.auth.core [None req-657b950f-1a8c-4a6c-8f3d-2fe30095cfd6 None None] MFA Rules not processed for user `2fceca8a00f44833808faa11af0571e4`. Rule list: `[]` (Enabled: `True`). {{(pid=69059) check_auth_methods_against_rules /opt/stack/keystone/keystone/auth/core.py:477}}
Aug 16 20:12:53 ubuntu devstack@keystone.service[69059]: DEBUG keystone.common.fernet_utils [None req-657b950f-1a8c-4a6c-8f3d-2fe30095cfd6 None None] Loaded 2 Fernet keys from /etc/keystone/fernet-keys/, but `[fernet_tokens] max_active_keys = 3`; perhaps there have not been enough key rotations to reach `max_active_keys` yet? {{(pid=69059) load_keys /opt/stack/keystone/keystone/common/fernet_utils.py:299}}
Aug 16 20:12:53 ubuntu devstack@keystone.service[69059]: [pid: 69059|app: 0|req: 3/7] 10.201.5.82 () {58 vars in 1023 bytes} [Fri Aug 16 20:12:53 2024] POST /identity/v3/auth/tokens => generated 977 bytes in 37 msecs (HTTP/1.1 201) 6 headers in 384 bytes (1 switches on core 0)
Aug 16 20:12:53 ubuntu devstack@keystone.service[69060]: DEBUG keystone.server.flask.request_processing.middleware.auth_context [None req-6fb2684a-72e0-4d05-8bbf-9696aead0061 None None] Authenticating user token {{(pid=69060) process_request /opt/stack/data/venv/lib/python3.10/site-packages/keystonemiddleware/auth_token/__init__.py:406}}
Aug 16 20:12:53 ubuntu devstack@keystone.service[69060]: DEBUG keystone.server.flask.request_processing.middleware.auth_context [None req-6fb2684a-72e0-4d05-8bbf-9696aead0061 None None] Validating token access rules against request {{(pid=69060) validate_allowed_request /opt/stack/data/venv/lib/python3.10/site-packages/keystonemiddleware/auth_token/__init__.py:544}}
Aug 16 20:12:53 ubuntu devstack@keystone.service[69060]: DEBUG keystone.server.flask.request_processing.middleware.auth_context [None req-d1f809c5-9576-49ad-84f4-e3bb1f660770 admin admin] RBAC: auth_context: {'token': <TokenModel (audit_id=xpsIObehTk2gy4gYqAUSRg, audit_chain_id=['xpsIObehTk2gy4gYqAUSRg']) at 0x7f12c039ca00>, 'domain_id': None, 'trust_id': None, 'trustor_id': None, 'trustee_id': None, 'domain_name': None, 'group_ids': [], 'user_id': '2fceca8a00f44833808faa11af0571e4', 'user_domain_id': 'default', 'system_scope': None, 'project_id': 'dc17742331984557be4802f2acd82e01', 'project_domain_id': 'default', 'roles': ['admin', 'manager', 'reader', 'member'], 'is_admin_project': True, 'service_user_id': None, 'service_user_domain_id': None, 'service_project_id': None, 'service_project_domain_id': None, 'service_roles': []} {{(pid=69060) fill_context /opt/stack/keystone/keystone/server/flask/request_processing/middleware/auth_context.py:511}}
Aug 16 20:12:53 ubuntu devstack@keystone.service[69060]: DEBUG keystone.server.flask.request_processing.req_logging [None req-d1f809c5-9576-49ad-84f4-e3bb1f660770 admin admin] REQUEST_METHOD: `GET` {{(pid=69060) log_request_info /opt/stack/keystone/keystone/server/flask/request_processing/req_logging.py:27}}
Aug 16 20:12:53 ubuntu devstack@keystone.service[69060]: DEBUG keystone.server.flask.request_processing.req_logging [None req-d1f809c5-9576-49ad-84f4-e3bb1f660770 admin admin] SCRIPT_NAME: `/identity` {{(pid=69060) log_request_info /opt/stack/keystone/keystone/server/flask/request_processing/req_logging.py:28}}
Aug 16 20:12:53 ubuntu devstack@keystone.service[69060]: DEBUG keystone.server.flask.request_processing.req_logging [None req-d1f809c5-9576-49ad-84f4-e3bb1f660770 admin admin] PATH_INFO: `/v3/auth/tokens` {{(pid=69060) log_request_info /opt/stack/keystone/keystone/server/flask/request_processing/req_logging.py:29}}
Aug 16 20:12:53 ubuntu devstack@keystone.service[69060]: DEBUG keystone.common.rbac_enforcer.enforcer [None req-d1f809c5-9576-49ad-84f4-e3bb1f660770 admin admin] RBAC: Authorizing `identity:validate_token()` {{(pid=69060) enforce_call /opt/stack/keystone/keystone/common/rbac_enforcer/enforcer.py:504}}
Aug 16 20:12:53 ubuntu devstack@keystone.service[69060]: DEBUG keystone.common.rbac_enforcer.enforcer [None req-d1f809c5-9576-49ad-84f4-e3bb1f660770 admin admin] RBAC: Authorization granted {{(pid=69060) enforce_call /opt/stack/keystone/keystone/common/rbac_enforcer/enforcer.py:515}}
Aug 16 20:12:53 ubuntu devstack@keystone.service[69060]: [pid: 69060|app: 0|req: 5/8] 10.201.5.82 () {58 vars in 1324 bytes} [Fri Aug 16 20:12:53 2024] GET /identity/v3/auth/tokens => generated 977 bytes in 26 msecs (HTTP/1.1 200) 6 headers in 379 bytes (1 switches on core 0)
Aug 16 20:12:53 ubuntu devstack@keystone.service[69059]: DEBUG keystone.server.flask.request_processing.middleware.auth_context [None req-657b950f-1a8c-4a6c-8f3d-2fe30095cfd6 None None] Authenticating user token {{(pid=69059) process_request /opt/stack/data/venv/lib/python3.10/site-packages/keystonemiddleware/auth_token/__init__.py:406}}
Aug 16 20:12:53 ubuntu devstack@keystone.service[69059]: DEBUG keystone.server.flask.request_processing.middleware.auth_context [None req-657b950f-1a8c-4a6c-8f3d-2fe30095cfd6 None None] Validating token access rules against request {{(pid=69059) validate_allowed_request /opt/stack/data/venv/lib/python3.10/site-packages/keystonemiddleware/auth_token/__init__.py:544}}
Aug 16 20:12:53 ubuntu devstack@keystone.service[69059]: DEBUG keystone.server.flask.request_processing.middleware.auth_context [None req-6caab1bf-d509-454b-8087-6e0b426525a2 admin admin] RBAC: auth_context: {'token': <TokenModel (audit_id=xpsIObehTk2gy4gYqAUSRg, audit_chain_id=['xpsIObehTk2gy4gYqAUSRg']) at 0x7f12c0e42c80>, 'domain_id': None, 'trust_id': None, 'trustor_id': None, 'trustee_id': None, 'domain_name': None, 'group_ids': [], 'user_id': '2fceca8a00f44833808faa11af0571e4', 'user_domain_id': 'default', 'system_scope': None, 'project_id': 'dc17742331984557be4802f2acd82e01', 'project_domain_id': 'default', 'roles': ['admin', 'manager', 'reader', 'member'], 'is_admin_project': True, 'service_user_id': None, 'service_user_domain_id': None, 'service_project_id': None, 'service_project_domain_id': None, 'service_roles': []} {{(pid=69059) fill_context /opt/stack/keystone/keystone/server/flask/request_processing/middleware/auth_context.py:511}}
Aug 16 20:12:53 ubuntu devstack@keystone.service[69059]: DEBUG keystone.server.flask.request_processing.req_logging [None req-6caab1bf-d509-454b-8087-6e0b426525a2 admin admin] REQUEST_METHOD: `GET` {{(pid=69059) log_request_info /opt/stack/keystone/keystone/server/flask/request_processing/req_logging.py:27}}
Aug 16 20:12:53 ubuntu devstack@keystone.service[69059]: DEBUG keystone.server.flask.request_processing.req_logging [None req-6caab1bf-d509-454b-8087-6e0b426525a2 admin admin] SCRIPT_NAME: `/identity` {{(pid=69059) log_request_info /opt/stack/keystone/keystone/server/flask/request_processing/req_logging.py:28}}
Aug 16 20:12:53 ubuntu devstack@keystone.service[69059]: DEBUG keystone.server.flask.request_processing.req_logging [None req-6caab1bf-d509-454b-8087-6e0b426525a2 admin admin] PATH_INFO: `/v3/users/2fceca8a00f44833808faa11af0571e4` {{(pid=69059) log_request_info /opt/stack/keystone/keystone/server/flask/request_processing/req_logging.py:29}}
Aug 16 20:12:53 ubuntu devstack@keystone.service[69059]: DEBUG keystone.common.rbac_enforcer.enforcer [None req-6caab1bf-d509-454b-8087-6e0b426525a2 admin admin] RBAC: Authorizing `identity:get_user(user_id=2fceca8a00f44833808faa11af0571e4)` {{(pid=69059) enforce_call /opt/stack/keystone/keystone/common/rbac_enforcer/enforcer.py:504}}
Aug 16 20:12:53 ubuntu devstack@keystone.service[69059]: DEBUG keystone.common.rbac_enforcer.enforcer [None req-6caab1bf-d509-454b-8087-6e0b426525a2 admin admin] RBAC: Authorization granted {{(pid=69059) enforce_call /opt/stack/keystone/keystone/common/rbac_enforcer/enforcer.py:515}}
Aug 16 20:12:53 ubuntu devstack@keystone.service[69059]: [pid: 69059|app: 0|req: 4/9] 10.201.5.82 () {56 vars in 1198 bytes} [Fri Aug 16 20:12:53 2024] GET /identity/v3/users/2fceca8a00f44833808faa11af0571e4 => generated 247 bytes in 16 msecs (HTTP/1.1 200) 5 headers in 177 bytes (1 switches on core 0)
Aug 16 20:12:54 ubuntu devstack@keystone.service[69060]: DEBUG keystone.server.flask.request_processing.req_logging [None req-3dbb1d5c-aea3-483b-a0c5-99737b4eadf8 None None] REQUEST_METHOD: `GET` {{(pid=69060) log_request_info /opt/stack/keystone/keystone/server/flask/request_processing/req_logging.py:27}}
Aug 16 20:12:54 ubuntu devstack@keystone.service[69060]: DEBUG keystone.server.flask.request_processing.req_logging [None req-3dbb1d5c-aea3-483b-a0c5-99737b4eadf8 None None] SCRIPT_NAME: `/identity` {{(pid=69060) log_request_info /opt/stack/keystone/keystone/server/flask/request_processing/req_logging.py:28}}
Aug 16 20:12:54 ubuntu devstack@keystone.service[69060]: DEBUG keystone.server.flask.request_processing.req_logging [None req-3dbb1d5c-aea3-483b-a0c5-99737b4eadf8 None None] PATH_INFO: `/` {{(pid=69060) log_request_info /opt/stack/keystone/keystone/server/flask/request_processing/req_logging.py:29}}
Aug 16 20:12:54 ubuntu devstack@keystone.service[69060]: [pid: 69060|app: 0|req: 6/10] 10.201.5.82 () {54 vars in 926 bytes} [Fri Aug 16 20:12:54 2024] GET /identity => generated 270 bytes in 3 msecs (HTTP/1.1 300) 6 headers in 234 bytes (1 switches on core 0)
Aug 16 20:12:54 ubuntu devstack@keystone.service[69059]: DEBUG keystone.server.flask.request_processing.req_logging [None req-533f4582-f31f-4a64-98e5-74f145ae1e09 None None] REQUEST_METHOD: `POST` {{(pid=69059) log_request_info /opt/stack/keystone/keystone/server/flask/request_processing/req_logging.py:27}}
Aug 16 20:12:54 ubuntu devstack@keystone.service[69059]: DEBUG keystone.server.flask.request_processing.req_logging [None req-533f4582-f31f-4a64-98e5-74f145ae1e09 None None] SCRIPT_NAME: `/identity` {{(pid=69059) log_request_info /opt/stack/keystone/keystone/server/flask/request_processing/req_logging.py:28}}
Aug 16 20:12:54 ubuntu devstack@keystone.service[69059]: DEBUG keystone.server.flask.request_processing.req_logging [None req-533f4582-f31f-4a64-98e5-74f145ae1e09 None None] PATH_INFO: `/v3/auth/tokens` {{(pid=69059) log_request_info /opt/stack/keystone/keystone/server/flask/request_processing/req_logging.py:29}}
Aug 16 20:12:54 ubuntu devstack@keystone.service[69059]: WARNING keystone.common.password_hashing [None req-533f4582-f31f-4a64-98e5-74f145ae1e09 None None] Truncating password to algorithm specific maximum length 72 characters.
Aug 16 20:12:54 ubuntu devstack@keystone.service[69059]: DEBUG keystone.auth.core [None req-533f4582-f31f-4a64-98e5-74f145ae1e09 None None] MFA Rules not processed for user `2fceca8a00f44833808faa11af0571e4`. Rule list: `[]` (Enabled: `True`). {{(pid=69059) check_auth_methods_against_rules /opt/stack/keystone/keystone/auth/core.py:477}}
Aug 16 20:12:54 ubuntu devstack@keystone.service[69059]: DEBUG keystone.common.fernet_utils [None req-533f4582-f31f-4a64-98e5-74f145ae1e09 None None] Loaded 2 Fernet keys from /etc/keystone/fernet-keys/, but `[fernet_tokens] max_active_keys = 3`; perhaps there have not been enough key rotations to reach `max_active_keys` yet? {{(pid=69059) load_keys /opt/stack/keystone/keystone/common/fernet_utils.py:299}}
Aug 16 20:12:54 ubuntu devstack@keystone.service[69059]: [pid: 69059|app: 0|req: 5/11] 10.201.5.82 () {58 vars in 1023 bytes} [Fri Aug 16 20:12:54 2024] POST /identity/v3/auth/tokens => generated 862 bytes in 60 msecs (HTTP/1.1 201) 6 headers in 363 bytes (2 switches on core 0)
Aug 16 20:12:54 ubuntu devstack@keystone.service[69060]: DEBUG keystone.server.flask.request_processing.req_logging [None req-2b36ff02-26bb-4c60-baed-135e157391ea None None] REQUEST_METHOD: `GET` {{(pid=69060) log_request_info /opt/stack/keystone/keystone/server/flask/request_processing/req_logging.py:27}}
Aug 16 20:12:54 ubuntu devstack@keystone.service[69060]: DEBUG keystone.server.flask.request_processing.req_logging [None req-2b36ff02-26bb-4c60-baed-135e157391ea None None] SCRIPT_NAME: `/identity` {{(pid=69060) log_request_info /opt/stack/keystone/keystone/server/flask/request_processing/req_logging.py:28}}
Aug 16 20:12:54 ubuntu devstack@keystone.service[69060]: DEBUG keystone.server.flask.request_processing.req_logging [None req-2b36ff02-26bb-4c60-baed-135e157391ea None None] PATH_INFO: `/` {{(pid=69060) log_request_info /opt/stack/keystone/keystone/server/flask/request_processing/req_logging.py:29}}
Aug 16 20:12:54 ubuntu devstack@keystone.service[69060]: [pid: 69060|app: 0|req: 7/12] 10.201.5.82 () {54 vars in 926 bytes} [Fri Aug 16 20:12:54 2024] GET /identity => generated 270 bytes in 2 msecs (HTTP/1.1 300) 6 headers in 234 bytes (1 switches on core 0)
Aug 16 20:12:54 ubuntu devstack@keystone.service[69059]: DEBUG keystone.server.flask.request_processing.req_logging [None req-5eff5369-9878-493f-a0a1-a3f5ab0061c4 None None] REQUEST_METHOD: `POST` {{(pid=69059) log_request_info /opt/stack/keystone/keystone/server/flask/request_processing/req_logging.py:27}}
Aug 16 20:12:54 ubuntu devstack@keystone.service[69059]: DEBUG keystone.server.flask.request_processing.req_logging [None req-5eff5369-9878-493f-a0a1-a3f5ab0061c4 None None] SCRIPT_NAME: `/identity` {{(pid=69059) log_request_info /opt/stack/keystone/keystone/server/flask/request_processing/req_logging.py:28}}
Aug 16 20:12:54 ubuntu devstack@keystone.service[69059]: DEBUG keystone.server.flask.request_processing.req_logging [None req-5eff5369-9878-493f-a0a1-a3f5ab0061c4 None None] PATH_INFO: `/v3/auth/tokens` {{(pid=69059) log_request_info /opt/stack/keystone/keystone/server/flask/request_processing/req_logging.py:29}}
Aug 16 20:12:54 ubuntu devstack@keystone.service[69059]: WARNING keystone.common.password_hashing [None req-5eff5369-9878-493f-a0a1-a3f5ab0061c4 None None] Truncating password to algorithm specific maximum length 72 characters.
Aug 16 20:12:54 ubuntu devstack@keystone.service[69059]: DEBUG keystone.auth.core [None req-5eff5369-9878-493f-a0a1-a3f5ab0061c4 None None] MFA Rules not processed for user `2fceca8a00f44833808faa11af0571e4`. Rule list: `[]` (Enabled: `True`). {{(pid=69059) check_auth_methods_against_rules /opt/stack/keystone/keystone/auth/core.py:477}}
Aug 16 20:12:54 ubuntu devstack@keystone.service[69059]: DEBUG keystone.common.fernet_utils [None req-5eff5369-9878-493f-a0a1-a3f5ab0061c4 None None] Loaded 2 Fernet keys from /etc/keystone/fernet-keys/, but `[fernet_tokens] max_active_keys = 3`; perhaps there have not been enough key rotations to reach `max_active_keys` yet? {{(pid=69059) load_keys /opt/stack/keystone/keystone/common/fernet_utils.py:299}}
Aug 16 20:12:54 ubuntu devstack@keystone.service[69059]: [pid: 69059|app: 0|req: 6/13] 10.201.5.82 () {58 vars in 1023 bytes} [Fri Aug 16 20:12:54 2024] POST /identity/v3/auth/tokens => generated 862 bytes in 56 msecs (HTTP/1.1 201) 6 headers in 363 bytes (1 switches on core 0)
Aug 16 20:12:54 ubuntu devstack@keystone.service[69060]: DEBUG keystone.server.flask.request_processing.middleware.auth_context [None req-2b36ff02-26bb-4c60-baed-135e157391ea None None] Authenticating user token {{(pid=69060) process_request /opt/stack/data/venv/lib/python3.10/site-packages/keystonemiddleware/auth_token/__init__.py:406}}
Aug 16 20:12:54 ubuntu devstack@keystone.service[69060]: DEBUG keystone.server.flask.request_processing.middleware.auth_context [None req-2b36ff02-26bb-4c60-baed-135e157391ea None None] Validating token access rules against request {{(pid=69060) validate_allowed_request /opt/stack/data/venv/lib/python3.10/site-packages/keystonemiddleware/auth_token/__init__.py:544}}
Aug 16 20:12:54 ubuntu devstack@keystone.service[69060]: DEBUG keystone.server.flask.request_processing.middleware.auth_context [None req-f6911bd4-c2de-41f0-aa1e-d3d3b03fd34e None admin] RBAC: auth_context: {'token': <TokenModel (audit_id=dTXbUBPiTnyTiw1GAXtyoA, audit_chain_id=['dTXbUBPiTnyTiw1GAXtyoA']) at 0x7f12c039cd30>, 'domain_id': None, 'trust_id': None, 'trustor_id': None, 'trustee_id': None, 'domain_name': None, 'group_ids': [], 'user_id': '2fceca8a00f44833808faa11af0571e4', 'user_domain_id': 'default', 'system_scope': 'all', 'project_id': None, 'project_domain_id': None, 'roles': ['admin', 'manager', 'member', 'reader'], 'is_admin_project': True, 'service_user_id': None, 'service_user_domain_id': None, 'service_project_id': None, 'service_project_domain_id': None, 'service_roles': []} {{(pid=69060) fill_context /opt/stack/keystone/keystone/server/flask/request_processing/middleware/auth_context.py:511}}
Aug 16 20:12:54 ubuntu devstack@keystone.service[69060]: DEBUG keystone.server.flask.request_processing.req_logging [None req-f6911bd4-c2de-41f0-aa1e-d3d3b03fd34e None admin] REQUEST_METHOD: `GET` {{(pid=69060) log_request_info /opt/stack/keystone/keystone/server/flask/request_processing/req_logging.py:27}}
Aug 16 20:12:54 ubuntu devstack@keystone.service[69060]: DEBUG keystone.server.flask.request_processing.req_logging [None req-f6911bd4-c2de-41f0-aa1e-d3d3b03fd34e None admin] SCRIPT_NAME: `/identity` {{(pid=69060) log_request_info /opt/stack/keystone/keystone/server/flask/request_processing/req_logging.py:28}}
Aug 16 20:12:54 ubuntu devstack@keystone.service[69060]: DEBUG keystone.server.flask.request_processing.req_logging [None req-f6911bd4-c2de-41f0-aa1e-d3d3b03fd34e None admin] PATH_INFO: `/v3/roles/admin` {{(pid=69060) log_request_info /opt/stack/keystone/keystone/server/flask/request_processing/req_logging.py:29}}
Aug 16 20:12:54 ubuntu devstack@keystone.service[69060]: DEBUG keystone.common.rbac_enforcer.enforcer [None req-f6911bd4-c2de-41f0-aa1e-d3d3b03fd34e None admin] Extracting inferred target data resulted in "NOT FOUND (404)". {{(pid=69060) enforce_call /opt/stack/keystone/keystone/common/rbac_enforcer/enforcer.py:454}}
Aug 16 20:12:54 ubuntu devstack@keystone.service[69060]: DEBUG keystone.server.flask.application [None req-f6911bd4-c2de-41f0-aa1e-d3d3b03fd34e None admin] Could not find role: admin. {{(pid=69060) _handle_keystone_exception /opt/stack/keystone/keystone/server/flask/application.py:96}}
Aug 16 20:12:54 ubuntu devstack@keystone.service[69060]: [pid: 69060|app: 0|req: 8/14] 10.201.5.82 () {56 vars in 1096 bytes} [Fri Aug 16 20:12:54 2024] GET /identity/v3/roles/admin => generated 83 bytes in 94 msecs (HTTP/1.1 404) 5 headers in 183 bytes (1 switches on core 0)
Aug 16 20:12:54 ubuntu devstack@keystone.service[69059]: DEBUG keystone.server.flask.request_processing.middleware.auth_context [None req-5eff5369-9878-493f-a0a1-a3f5ab0061c4 None None] Authenticating user token {{(pid=69059) process_request /opt/stack/data/venv/lib/python3.10/site-packages/keystonemiddleware/auth_token/__init__.py:406}}
Aug 16 20:12:54 ubuntu devstack@keystone.service[69060]: DEBUG keystone.server.flask.request_processing.middleware.auth_context [None req-f6911bd4-c2de-41f0-aa1e-d3d3b03fd34e None admin] Authenticating user token {{(pid=69060) process_request /opt/stack/data/venv/lib/python3.10/site-packages/keystonemiddleware/auth_token/__init__.py:406}}
Aug 16 20:12:55 ubuntu devstack@keystone.service[69059]: DEBUG keystone.server.flask.request_processing.middleware.auth_context [None req-5eff5369-9878-493f-a0a1-a3f5ab0061c4 None None] Validating token access rules against request {{(pid=69059) validate_allowed_request /opt/stack/data/venv/lib/python3.10/site-packages/keystonemiddleware/auth_token/__init__.py:544}}
Aug 16 20:12:55 ubuntu devstack@keystone.service[69060]: DEBUG keystone.server.flask.request_processing.middleware.auth_context [None req-f6911bd4-c2de-41f0-aa1e-d3d3b03fd34e None admin] Validating token access rules against request {{(pid=69060) validate_allowed_request /opt/stack/data/venv/lib/python3.10/site-packages/keystonemiddleware/auth_token/__init__.py:544}}
Aug 16 20:12:55 ubuntu devstack@keystone.service[69060]: DEBUG keystone.server.flask.request_processing.middleware.auth_context [None req-611d3ffd-7857-4c72-9374-13cbc5ef46e7 None admin] RBAC: auth_context: {'token': <TokenModel (audit_id=o_hYoIcOTN60TagYGHQiuw, audit_chain_id=['o_hYoIcOTN60TagYGHQiuw']) at 0x7f12c02863b0>, 'domain_id': None, 'trust_id': None, 'trustor_id': None, 'trustee_id': None, 'domain_name': None, 'group_ids': [], 'user_id': '2fceca8a00f44833808faa11af0571e4', 'user_domain_id': 'default', 'system_scope': 'all', 'project_id': None, 'project_domain_id': None, 'roles': ['admin', 'manager', 'member', 'reader'], 'is_admin_project': True, 'service_user_id': None, 'service_user_domain_id': None, 'service_project_id': None, 'service_project_domain_id': None, 'service_roles': []} {{(pid=69060) fill_context /opt/stack/keystone/keystone/server/flask/request_processing/middleware/auth_context.py:511}}
Aug 16 20:12:55 ubuntu devstack@keystone.service[69060]: DEBUG keystone.server.flask.request_processing.req_logging [None req-611d3ffd-7857-4c72-9374-13cbc5ef46e7 None admin] REQUEST_METHOD: `POST` {{(pid=69060) log_request_info /opt/stack/keystone/keystone/server/flask/request_processing/req_logging.py:27}}
Aug 16 20:12:55 ubuntu devstack@keystone.service[69060]: DEBUG keystone.server.flask.request_processing.req_logging [None req-611d3ffd-7857-4c72-9374-13cbc5ef46e7 None admin] SCRIPT_NAME: `/identity` {{(pid=69060) log_request_info /opt/stack/keystone/keystone/server/flask/request_processing/req_logging.py:28}}
Aug 16 20:12:55 ubuntu devstack@keystone.service[69060]: DEBUG keystone.server.flask.request_processing.req_logging [None req-611d3ffd-7857-4c72-9374-13cbc5ef46e7 None admin] PATH_INFO: `/v3/domains` {{(pid=69060) log_request_info /opt/stack/keystone/keystone/server/flask/request_processing/req_logging.py:29}}
Aug 16 20:12:55 ubuntu devstack@keystone.service[69059]: DEBUG keystone.server.flask.request_processing.middleware.auth_context [None req-58bdb649-f46e-485e-984b-5333e04cdd79 None admin] RBAC: auth_context: {'token': <TokenModel (audit_id=dTXbUBPiTnyTiw1GAXtyoA, audit_chain_id=['dTXbUBPiTnyTiw1GAXtyoA']) at 0x7f12c031a770>, 'domain_id': None, 'trust_id': None, 'trustor_id': None, 'trustee_id': None, 'domain_name': None, 'group_ids': [], 'user_id': '2fceca8a00f44833808faa11af0571e4', 'user_domain_id': 'default', 'system_scope': 'all', 'project_id': None, 'project_domain_id': None, 'roles': ['admin', 'manager', 'member', 'reader'], 'is_admin_project': True, 'service_user_id': None, 'service_user_domain_id': None, 'service_project_id': None, 'service_project_domain_id': None, 'service_roles': []} {{(pid=69059) fill_context /opt/stack/keystone/keystone/server/flask/request_processing/middleware/auth_context.py:511}}
Aug 16 20:12:55 ubuntu devstack@keystone.service[69059]: DEBUG keystone.server.flask.request_processing.req_logging [None req-58bdb649-f46e-485e-984b-5333e04cdd79 None admin] REQUEST_METHOD: `GET` {{(pid=69059) log_request_info /opt/stack/keystone/keystone/server/flask/request_processing/req_logging.py:27}}
Aug 16 20:12:55 ubuntu devstack@keystone.service[69059]: DEBUG keystone.server.flask.request_processing.req_logging [None req-58bdb649-f46e-485e-984b-5333e04cdd79 None admin] SCRIPT_NAME: `/identity` {{(pid=69059) log_request_info /opt/stack/keystone/keystone/server/flask/request_processing/req_logging.py:28}}
Aug 16 20:12:55 ubuntu devstack@keystone.service[69059]: DEBUG keystone.server.flask.request_processing.req_logging [None req-58bdb649-f46e-485e-984b-5333e04cdd79 None admin] PATH_INFO: `/v3/roles` {{(pid=69059) log_request_info /opt/stack/keystone/keystone/server/flask/request_processing/req_logging.py:29}}
Aug 16 20:12:55 ubuntu devstack@keystone.service[69060]: DEBUG keystone.common.rbac_enforcer.enforcer [None req-611d3ffd-7857-4c72-9374-13cbc5ef46e7 None admin] RBAC: Authorizing `identity:create_domain()` {{(pid=69060) enforce_call /opt/stack/keystone/keystone/common/rbac_enforcer/enforcer.py:504}}
Aug 16 20:12:55 ubuntu devstack@keystone.service[69059]: DEBUG keystone.common.rbac_enforcer.enforcer [None req-58bdb649-f46e-485e-984b-5333e04cdd79 None admin] RBAC: Adding query filter params (name=admin) {{(pid=69059) _extract_filter_values /opt/stack/keystone/keystone/common/rbac_enforcer/enforcer.py:185}}
Aug 16 20:12:55 ubuntu devstack@keystone.service[69059]: DEBUG keystone.common.rbac_enforcer.enforcer [None req-58bdb649-f46e-485e-984b-5333e04cdd79 None admin] RBAC: Authorizing `identity:list_roles()` {{(pid=69059) enforce_call /opt/stack/keystone/keystone/common/rbac_enforcer/enforcer.py:504}}
Aug 16 20:12:55 ubuntu devstack@keystone.service[69060]: DEBUG keystone.common.rbac_enforcer.enforcer [None req-611d3ffd-7857-4c72-9374-13cbc5ef46e7 None admin] RBAC: Authorization granted {{(pid=69060) enforce_call /opt/stack/keystone/keystone/common/rbac_enforcer/enforcer.py:515}}
Aug 16 20:12:55 ubuntu devstack@keystone.service[69059]: DEBUG keystone.common.rbac_enforcer.enforcer [None req-58bdb649-f46e-485e-984b-5333e04cdd79 None admin] RBAC: Authorization granted {{(pid=69059) enforce_call /opt/stack/keystone/keystone/common/rbac_enforcer/enforcer.py:515}}
Aug 16 20:12:55 ubuntu devstack@keystone.service[69059]: [pid: 69059|app: 0|req: 7/15] 10.201.5.82 () {56 vars in 1099 bytes} [Fri Aug 16 20:12:54 2024] GET /identity/v3/roles?name=admin => generated 339 bytes in 71 msecs (HTTP/1.1 200) 5 headers in 177 bytes (1 switches on core 0)
Aug 16 20:12:55 ubuntu devstack@keystone.service[69060]: DEBUG keystone.common.sql.core [None req-611d3ffd-7857-4c72-9374-13cbc5ef46e7 None admin] Conflict project: (pymysql.err.IntegrityError) (1062, "Duplicate entry '<<keystone.domain.root>>-Default' for key 'project.ixu_project_name_domain_id'")
Aug 16 20:12:55 ubuntu devstack@keystone.service[69060]: [SQL: INSERT INTO project (id, name, domain_id, description, enabled, extra, parent_id, is_domain) VALUES (%(id)s, %(name)s, %(domain_id)s, %(description)s, %(enabled)s, %(extra)s, %(parent_id)s, %(is_domain)s)]
Aug 16 20:12:55 ubuntu devstack@keystone.service[69060]: [parameters: {'id': '38aa2d6fe12f4e1e8ded2b0e736a9a75', 'name': 'Default', 'domain_id': '<<keystone.domain.root>>', 'description': '', 'enabled': 1, 'extra': '{}', 'parent_id': None, 'is_domain': 1}]
Aug 16 20:12:55 ubuntu devstack@keystone.service[69060]: (Background on this error at: https://sqlalche.me/e/20/gkpj) {{(pid=69060) wrapper /opt/stack/keystone/keystone/common/sql/core.py:547}}
Aug 16 20:12:55 ubuntu devstack@keystone.service[69059]: DEBUG keystone.server.flask.request_processing.middleware.auth_context [None req-58bdb649-f46e-485e-984b-5333e04cdd79 None admin] Authenticating user token {{(pid=69059) process_request /opt/stack/data/venv/lib/python3.10/site-packages/keystonemiddleware/auth_token/__init__.py:406}}
Aug 16 20:12:55 ubuntu devstack@keystone.service[69060]: ERROR keystone.server.flask.application [None req-611d3ffd-7857-4c72-9374-13cbc5ef46e7 None admin] Conflict occurred attempting to store project - it is not permitted to have two projects acting as domains with the same name: Default.: keystone.exception.Conflict: Conflict occurred attempting to store project - it is not permitted to have two projects acting as domains with the same name: Default.
Aug 16 20:12:55 ubuntu devstack@keystone.service[69060]: ERROR keystone.server.flask.application Traceback (most recent call last):
Aug 16 20:12:55 ubuntu devstack@keystone.service[69060]: ERROR keystone.server.flask.application   File "/opt/stack/data/venv/lib/python3.10/site-packages/sqlalchemy/engine/base.py", line 1967, in _exec_single_context
Aug 16 20:12:55 ubuntu devstack@keystone.service[69060]: ERROR keystone.server.flask.application     self.dialect.do_execute(
Aug 16 20:12:55 ubuntu devstack@keystone.service[69060]: ERROR keystone.server.flask.application   File "/opt/stack/data/venv/lib/python3.10/site-packages/sqlalchemy/engine/default.py", line 924, in do_execute
Aug 16 20:12:55 ubuntu devstack@keystone.service[69060]: ERROR keystone.server.flask.application     cursor.execute(statement, parameters)
Aug 16 20:12:55 ubuntu devstack@keystone.service[69060]: ERROR keystone.server.flask.application   File "/opt/stack/data/venv/lib/python3.10/site-packages/pymysql/cursors.py", line 153, in execute
Aug 16 20:12:55 ubuntu devstack@keystone.service[69060]: ERROR keystone.server.flask.application     result = self._query(query)
Aug 16 20:12:55 ubuntu devstack@keystone.service[69060]: ERROR keystone.server.flask.application   File "/opt/stack/data/venv/lib/python3.10/site-packages/pymysql/cursors.py", line 322, in _query
Aug 16 20:12:55 ubuntu devstack@keystone.service[69060]: ERROR keystone.server.flask.application     conn.query(q)
Aug 16 20:12:55 ubuntu devstack@keystone.service[69060]: ERROR keystone.server.flask.application   File "/opt/stack/data/venv/lib/python3.10/site-packages/pymysql/connections.py", line 563, in query
Aug 16 20:12:55 ubuntu devstack@keystone.service[69060]: ERROR keystone.server.flask.application     self._affected_rows = self._read_query_result(unbuffered=unbuffered)
Aug 16 20:12:55 ubuntu devstack@keystone.service[69060]: ERROR keystone.server.flask.application   File "/opt/stack/data/venv/lib/python3.10/site-packages/pymysql/connections.py", line 825, in _read_query_result
Aug 16 20:12:55 ubuntu devstack@keystone.service[69060]: ERROR keystone.server.flask.application     result.read()
Aug 16 20:12:55 ubuntu devstack@keystone.service[69060]: ERROR keystone.server.flask.application   File "/opt/stack/data/venv/lib/python3.10/site-packages/pymysql/connections.py", line 1199, in read
Aug 16 20:12:55 ubuntu devstack@keystone.service[69060]: ERROR keystone.server.flask.application     first_packet = self.connection._read_packet()
Aug 16 20:12:55 ubuntu devstack@keystone.service[69060]: ERROR keystone.server.flask.application   File "/opt/stack/data/venv/lib/python3.10/site-packages/pymysql/connections.py", line 775, in _read_packet
Aug 16 20:12:55 ubuntu devstack@keystone.service[69060]: ERROR keystone.server.flask.application     packet.raise_for_error()
Aug 16 20:12:55 ubuntu devstack@keystone.service[69060]: ERROR keystone.server.flask.application   File "/opt/stack/data/venv/lib/python3.10/site-packages/pymysql/protocol.py", line 219, in raise_for_error
Aug 16 20:12:55 ubuntu devstack@keystone.service[69060]: ERROR keystone.server.flask.application     err.raise_mysql_exception(self._data)
Aug 16 20:12:55 ubuntu devstack@keystone.service[69060]: ERROR keystone.server.flask.application   File "/opt/stack/data/venv/lib/python3.10/site-packages/pymysql/err.py", line 150, in raise_mysql_exception
Aug 16 20:12:55 ubuntu devstack@keystone.service[69060]: ERROR keystone.server.flask.application     raise errorclass(errno, errval)
Aug 16 20:12:55 ubuntu devstack@keystone.service[69060]: ERROR keystone.server.flask.application pymysql.err.IntegrityError: (1062, "Duplicate entry '<<keystone.domain.root>>-Default' for key 'project.ixu_project_name_domain_id'")
Aug 16 20:12:55 ubuntu devstack@keystone.service[69060]: ERROR keystone.server.flask.application 
Aug 16 20:12:55 ubuntu devstack@keystone.service[69060]: ERROR keystone.server.flask.application The above exception was the direct cause of the following exception:
Aug 16 20:12:55 ubuntu devstack@keystone.service[69060]: ERROR keystone.server.flask.application 
Aug 16 20:12:55 ubuntu devstack@keystone.service[69060]: ERROR keystone.server.flask.application Traceback (most recent call last):
Aug 16 20:12:55 ubuntu devstack@keystone.service[69060]: ERROR keystone.server.flask.application   File "/opt/stack/keystone/keystone/common/sql/core.py", line 542, in wrapper
Aug 16 20:12:55 ubuntu devstack@keystone.service[69060]: ERROR keystone.server.flask.application     return method(*args, **kwargs)
Aug 16 20:12:55 ubuntu devstack@keystone.service[69060]: ERROR keystone.server.flask.application   File "/opt/stack/keystone/keystone/resource/backends/sql.py", line 251, in create_project
Aug 16 20:12:55 ubuntu devstack@keystone.service[69060]: ERROR keystone.server.flask.application     with sql.session_for_write() as session:
Aug 16 20:12:55 ubuntu devstack@keystone.service[69060]: ERROR keystone.server.flask.application   File "/usr/lib/python3.10/contextlib.py", line 142, in __exit__
Aug 16 20:12:55 ubuntu devstack@keystone.service[69060]: ERROR keystone.server.flask.application     next(self.gen)
Aug 16 20:12:55 ubuntu devstack@keystone.service[69060]: ERROR keystone.server.flask.application   File "/opt/stack/data/venv/lib/python3.10/site-packages/oslo_db/sqlalchemy/enginefacade.py", line 1042, in _transaction_scope
Aug 16 20:12:55 ubuntu devstack@keystone.service[69060]: ERROR keystone.server.flask.application     with current._produce_block(
Aug 16 20:12:55 ubuntu devstack@keystone.service[69060]: ERROR keystone.server.flask.application   File "/usr/lib/python3.10/contextlib.py", line 142, in __exit__
Aug 16 20:12:55 ubuntu devstack@keystone.service[69060]: ERROR keystone.server.flask.application     next(self.gen)
Aug 16 20:12:55 ubuntu devstack@keystone.service[69060]: ERROR keystone.server.flask.application   File "/opt/stack/data/venv/lib/python3.10/site-packages/oslo_db/sqlalchemy/enginefacade.py", line 649, in _session
Aug 16 20:12:55 ubuntu devstack@keystone.service[69060]: ERROR keystone.server.flask.application     with excutils.save_and_reraise_exception():
Aug 16 20:12:55 ubuntu devstack@keystone.service[69060]: ERROR keystone.server.flask.application   File "/opt/stack/data/venv/lib/python3.10/site-packages/oslo_utils/excutils.py", line 227, in __exit__
Aug 16 20:12:55 ubuntu devstack@keystone.service[69060]: ERROR keystone.server.flask.application     self.force_reraise()
