Aug 16 16:07:46 ubuntu devstack@keystone.service[68672]: DEBUG keystone.server.flask.request_processing.req_logging [None req-c61b7054-1b0b-4375-9445-5c5f88a40f5a None None] SCRIPT_NAME: `/identity` {{(pid=68672) log_request_info /opt/stack/keystone/keystone/server/flask/request_processing/req_logging.py:28}}
Aug 16 16:07:46 ubuntu devstack@keystone.service[68672]: DEBUG keystone.server.flask.request_processing.req_logging [None req-c61b7054-1b0b-4375-9445-5c5f88a40f5a None None] PATH_INFO: `/v3` {{(pid=68672) log_request_info /opt/stack/keystone/keystone/server/flask/request_processing/req_logging.py:29}}
Aug 16 16:07:46 ubuntu devstack@keystone.service[68672]: [pid: 68672|app: 0|req: 1/1] 10.201.5.82 () {50 vars in 791 bytes} [Fri Aug 16 16:07:46 2024] GET /identity/v3/ => generated 255 bytes in 2 msecs (HTTP/1.1 200) 5 headers in 177 bytes (1 switches on core 0)
Aug 16 16:07:46 ubuntu devstack@keystone.service[68673]: WSGI app 0 (mountpoint='') ready in 2 seconds on interpreter 0x56341034fd70 pid: 68673 (default app)
Aug 16 16:07:51 ubuntu devstack@keystone.service[68672]: DEBUG keystone.server.flask.request_processing.req_logging [None req-da94382c-0f88-4e99-a2b9-c75cf4ed640d None None] REQUEST_METHOD: `GET` {{(pid=68672) log_request_info /opt/stack/keystone/keystone/server/flask/request_processing/req_logging.py:27}}
Aug 16 16:07:51 ubuntu devstack@keystone.service[68672]: DEBUG keystone.server.flask.request_processing.req_logging [None req-da94382c-0f88-4e99-a2b9-c75cf4ed640d None None] SCRIPT_NAME: `/identity` {{(pid=68672) log_request_info /opt/stack/keystone/keystone/server/flask/request_processing/req_logging.py:28}}
Aug 16 16:07:51 ubuntu devstack@keystone.service[68672]: DEBUG keystone.server.flask.request_processing.req_logging [None req-da94382c-0f88-4e99-a2b9-c75cf4ed640d None None] PATH_INFO: `/` {{(pid=68672) log_request_info /opt/stack/keystone/keystone/server/flask/request_processing/req_logging.py:29}}
Aug 16 16:07:51 ubuntu devstack@keystone.service[68672]: [pid: 68672|app: 0|req: 2/2] 10.201.5.82 () {54 vars in 926 bytes} [Fri Aug 16 16:07:51 2024] GET /identity => generated 270 bytes in 7 msecs (HTTP/1.1 300) 6 headers in 234 bytes (1 switches on core 0)
Aug 16 16:07:51 ubuntu devstack@keystone.service[68673]: DEBUG keystone.server.flask.request_processing.req_logging [None req-1091e207-5e59-4762-b159-5865ab551a1d None None] REQUEST_METHOD: `POST` {{(pid=68673) log_request_info /opt/stack/keystone/keystone/server/flask/request_processing/req_logging.py:27}}
Aug 16 16:07:51 ubuntu devstack@keystone.service[68673]: DEBUG keystone.server.flask.request_processing.req_logging [None req-1091e207-5e59-4762-b159-5865ab551a1d None None] SCRIPT_NAME: `/identity` {{(pid=68673) log_request_info /opt/stack/keystone/keystone/server/flask/request_processing/req_logging.py:28}}
Aug 16 16:07:51 ubuntu devstack@keystone.service[68673]: DEBUG keystone.server.flask.request_processing.req_logging [None req-1091e207-5e59-4762-b159-5865ab551a1d None None] PATH_INFO: `/v3/auth/tokens` {{(pid=68673) log_request_info /opt/stack/keystone/keystone/server/flask/request_processing/req_logging.py:29}}
Aug 16 16:07:51 ubuntu devstack@keystone.service[68673]: INFO dbcounter [None req-1091e207-5e59-4762-b159-5865ab551a1d None None] Registered counter for database keystone
Aug 16 16:07:51 ubuntu devstack@keystone.service[68673]: DEBUG oslo_db.sqlalchemy.engines [None req-1091e207-5e59-4762-b159-5865ab551a1d None None] MySQL server mode set to STRICT_TRANS_TABLES,STRICT_ALL_TABLES,NO_ZERO_IN_DATE,NO_ZERO_DATE,ERROR_FOR_DIVISION_BY_ZERO,TRADITIONAL,NO_ENGINE_SUBSTITUTION {{(pid=68673) _check_effective_sql_mode /opt/stack/data/venv/lib/python3.10/site-packages/oslo_db/sqlalchemy/engines.py:342}}
Aug 16 16:07:51 ubuntu devstack@keystone.service[68673]: DEBUG dbcounter [-] [68673] Writer thread running {{(pid=68673) stat_writer /opt/stack/data/venv/lib/python3.10/site-packages/dbcounter.py:102}}
Aug 16 16:07:51 ubuntu devstack@keystone.service[68673]: WARNING keystone.common.password_hashing [None req-1091e207-5e59-4762-b159-5865ab551a1d None None] Truncating password to algorithm specific maximum length 72 characters.
Aug 16 16:07:51 ubuntu devstack@keystone.service[68673]: DEBUG passlib.handlers.bcrypt [None req-1091e207-5e59-4762-b159-5865ab551a1d None None] detected 'bcrypt' backend, version '4.0.1' {{(pid=68673) _load_backend_mixin /opt/stack/data/venv/lib/python3.10/site-packages/passlib/handlers/bcrypt.py:625}}
Aug 16 16:07:51 ubuntu devstack@keystone.service[68673]: DEBUG passlib.handlers.bcrypt [None req-1091e207-5e59-4762-b159-5865ab551a1d None None] 'bcrypt' backend lacks $2$ support, enabling workaround {{(pid=68673) _finalize_backend_mixin /opt/stack/data/venv/lib/python3.10/site-packages/passlib/handlers/bcrypt.py:406}}
Aug 16 16:07:51 ubuntu devstack@keystone.service[68673]: DEBUG keystone.auth.core [None req-1091e207-5e59-4762-b159-5865ab551a1d None None] MFA Rules not processed for user `ff7f6210d6284dffbf59ff67edb15a26`. Rule list: `[]` (Enabled: `True`). {{(pid=68673) check_auth_methods_against_rules /opt/stack/keystone/keystone/auth/core.py:477}}
Aug 16 16:07:51 ubuntu devstack@keystone.service[68673]: DEBUG keystone.common.fernet_utils [None req-1091e207-5e59-4762-b159-5865ab551a1d None None] Loaded 2 Fernet keys from /etc/keystone/fernet-keys/, but `[fernet_tokens] max_active_keys = 3`; perhaps there have not been enough key rotations to reach `max_active_keys` yet? {{(pid=68673) load_keys /opt/stack/keystone/keystone/common/fernet_utils.py:299}}
Aug 16 16:07:51 ubuntu devstack@keystone.service[68673]: [pid: 68673|app: 0|req: 1/3] 10.201.5.82 () {58 vars in 1023 bytes} [Fri Aug 16 16:07:51 2024] POST /identity/v3/auth/tokens => generated 977 bytes in 349 msecs (HTTP/1.1 201) 6 headers in 384 bytes (1 switches on core 0)
Aug 16 16:07:52 ubuntu devstack@keystone.service[68672]: DEBUG keystone.server.flask.request_processing.middleware.auth_context [None req-da94382c-0f88-4e99-a2b9-c75cf4ed640d None None] Authenticating user token {{(pid=68672) process_request /opt/stack/data/venv/lib/python3.10/site-packages/keystonemiddleware/auth_token/__init__.py:406}}
Aug 16 16:07:52 ubuntu devstack@keystone.service[68672]: INFO dbcounter [None req-da94382c-0f88-4e99-a2b9-c75cf4ed640d None None] Registered counter for database keystone
Aug 16 16:07:52 ubuntu devstack@keystone.service[68672]: DEBUG oslo_db.sqlalchemy.engines [None req-da94382c-0f88-4e99-a2b9-c75cf4ed640d None None] MySQL server mode set to STRICT_TRANS_TABLES,STRICT_ALL_TABLES,NO_ZERO_IN_DATE,NO_ZERO_DATE,ERROR_FOR_DIVISION_BY_ZERO,TRADITIONAL,NO_ENGINE_SUBSTITUTION {{(pid=68672) _check_effective_sql_mode /opt/stack/data/venv/lib/python3.10/site-packages/oslo_db/sqlalchemy/engines.py:342}}
Aug 16 16:07:52 ubuntu devstack@keystone.service[68672]: DEBUG dbcounter [-] [68672] Writer thread running {{(pid=68672) stat_writer /opt/stack/data/venv/lib/python3.10/site-packages/dbcounter.py:102}}
Aug 16 16:07:52 ubuntu devstack@keystone.service[68672]: DEBUG keystone.server.flask.request_processing.middleware.auth_context [None req-da94382c-0f88-4e99-a2b9-c75cf4ed640d None None] Validating token access rules against request {{(pid=68672) validate_allowed_request /opt/stack/data/venv/lib/python3.10/site-packages/keystonemiddleware/auth_token/__init__.py:544}}
Aug 16 16:07:52 ubuntu devstack@keystone.service[68672]: DEBUG keystone.server.flask.request_processing.middleware.auth_context [None req-f63fe27a-e595-4f15-9bbe-94a2cea60175 admin admin] RBAC: auth_context: {'token': <TokenModel (audit_id=m8spK1t1SnmZ5iiy8nMn9g, audit_chain_id=['m8spK1t1SnmZ5iiy8nMn9g']) at 0x7fcf74d97250>, 'domain_id': None, 'trust_id': None, 'trustor_id': None, 'trustee_id': None, 'domain_name': None, 'group_ids': [], 'user_id': 'ff7f6210d6284dffbf59ff67edb15a26', 'user_domain_id': 'default', 'system_scope': None, 'project_id': '6e490ff5193b422aa7a38ef0c7723473', 'project_domain_id': 'default', 'roles': ['manager', 'member', 'reader', 'admin'], 'is_admin_project': True, 'service_user_id': None, 'service_user_domain_id': None, 'service_project_id': None, 'service_project_domain_id': None, 'service_roles': []} {{(pid=68672) fill_context /opt/stack/keystone/keystone/server/flask/request_processing/middleware/auth_context.py:511}}
Aug 16 16:07:52 ubuntu devstack@keystone.service[68672]: DEBUG keystone.server.flask.request_processing.req_logging [None req-f63fe27a-e595-4f15-9bbe-94a2cea60175 admin admin] REQUEST_METHOD: `GET` {{(pid=68672) log_request_info /opt/stack/keystone/keystone/server/flask/request_processing/req_logging.py:27}}
Aug 16 16:07:52 ubuntu devstack@keystone.service[68672]: DEBUG keystone.server.flask.request_processing.req_logging [None req-f63fe27a-e595-4f15-9bbe-94a2cea60175 admin admin] SCRIPT_NAME: `/identity` {{(pid=68672) log_request_info /opt/stack/keystone/keystone/server/flask/request_processing/req_logging.py:28}}
Aug 16 16:07:52 ubuntu devstack@keystone.service[68672]: DEBUG keystone.server.flask.request_processing.req_logging [None req-f63fe27a-e595-4f15-9bbe-94a2cea60175 admin admin] PATH_INFO: `/v3/auth/tokens` {{(pid=68672) log_request_info /opt/stack/keystone/keystone/server/flask/request_processing/req_logging.py:29}}
Aug 16 16:07:52 ubuntu devstack@keystone.service[68672]: DEBUG keystone.common.rbac_enforcer.enforcer [None req-f63fe27a-e595-4f15-9bbe-94a2cea60175 admin admin] RBAC: Authorizing `identity:validate_token()` {{(pid=68672) enforce_call /opt/stack/keystone/keystone/common/rbac_enforcer/enforcer.py:504}}
Aug 16 16:07:52 ubuntu devstack@keystone.service[68672]: WARNING keystone.common.rbac_enforcer.enforcer [None req-f63fe27a-e595-4f15-9bbe-94a2cea60175 admin admin] Deprecated policy rules found. Use oslopolicy-policy-generator and oslopolicy-policy-upgrade to detect and resolve deprecated policies in your configuration.
Aug 16 16:07:52 ubuntu devstack@keystone.service[68672]: DEBUG keystone.common.rbac_enforcer.enforcer [None req-f63fe27a-e595-4f15-9bbe-94a2cea60175 admin admin] RBAC: Authorization granted {{(pid=68672) enforce_call /opt/stack/keystone/keystone/common/rbac_enforcer/enforcer.py:515}}
Aug 16 16:07:52 ubuntu devstack@keystone.service[68672]: [pid: 68672|app: 0|req: 3/4] 10.201.5.82 () {58 vars in 1324 bytes} [Fri Aug 16 16:07:52 2024] GET /identity/v3/auth/tokens => generated 977 bytes in 163 msecs (HTTP/1.1 200) 6 headers in 379 bytes (1 switches on core 0)
Aug 16 16:07:52 ubuntu devstack@keystone.service[68673]: DEBUG keystone.server.flask.request_processing.middleware.auth_context [None req-1091e207-5e59-4762-b159-5865ab551a1d None None] Authenticating user token {{(pid=68673) process_request /opt/stack/data/venv/lib/python3.10/site-packages/keystonemiddleware/auth_token/__init__.py:406}}
Aug 16 16:07:52 ubuntu devstack@keystone.service[68673]: DEBUG keystone.server.flask.request_processing.middleware.auth_context [None req-1091e207-5e59-4762-b159-5865ab551a1d None None] Validating token access rules against request {{(pid=68673) validate_allowed_request /opt/stack/data/venv/lib/python3.10/site-packages/keystonemiddleware/auth_token/__init__.py:544}}
Aug 16 16:07:52 ubuntu devstack@keystone.service[68673]: DEBUG keystone.server.flask.request_processing.middleware.auth_context [None req-542351f7-7306-44ef-add2-127f12631c11 admin admin] RBAC: auth_context: {'token': <TokenModel (audit_id=m8spK1t1SnmZ5iiy8nMn9g, audit_chain_id=['m8spK1t1SnmZ5iiy8nMn9g']) at 0x7fcf74d96aa0>, 'domain_id': None, 'trust_id': None, 'trustor_id': None, 'trustee_id': None, 'domain_name': None, 'group_ids': [], 'user_id': 'ff7f6210d6284dffbf59ff67edb15a26', 'user_domain_id': 'default', 'system_scope': None, 'project_id': '6e490ff5193b422aa7a38ef0c7723473', 'project_domain_id': 'default', 'roles': ['manager', 'member', 'reader', 'admin'], 'is_admin_project': True, 'service_user_id': None, 'service_user_domain_id': None, 'service_project_id': None, 'service_project_domain_id': None, 'service_roles': []} {{(pid=68673) fill_context /opt/stack/keystone/keystone/server/flask/request_processing/middleware/auth_context.py:511}}
Aug 16 16:07:52 ubuntu devstack@keystone.service[68673]: DEBUG keystone.server.flask.request_processing.req_logging [None req-542351f7-7306-44ef-add2-127f12631c11 admin admin] REQUEST_METHOD: `GET` {{(pid=68673) log_request_info /opt/stack/keystone/keystone/server/flask/request_processing/req_logging.py:27}}
Aug 16 16:07:52 ubuntu devstack@keystone.service[68673]: DEBUG keystone.server.flask.request_processing.req_logging [None req-542351f7-7306-44ef-add2-127f12631c11 admin admin] SCRIPT_NAME: `/identity` {{(pid=68673) log_request_info /opt/stack/keystone/keystone/server/flask/request_processing/req_logging.py:28}}
Aug 16 16:07:52 ubuntu devstack@keystone.service[68673]: DEBUG keystone.server.flask.request_processing.req_logging [None req-542351f7-7306-44ef-add2-127f12631c11 admin admin] PATH_INFO: `/v3/projects/6e490ff5193b422aa7a38ef0c7723473` {{(pid=68673) log_request_info /opt/stack/keystone/keystone/server/flask/request_processing/req_logging.py:29}}
Aug 16 16:07:52 ubuntu devstack@keystone.service[68673]: DEBUG keystone.common.rbac_enforcer.enforcer [None req-542351f7-7306-44ef-add2-127f12631c11 admin admin] RBAC: Authorizing `identity:get_project(project_id=6e490ff5193b422aa7a38ef0c7723473)` {{(pid=68673) enforce_call /opt/stack/keystone/keystone/common/rbac_enforcer/enforcer.py:504}}
Aug 16 16:07:52 ubuntu devstack@keystone.service[68673]: WARNING keystone.common.rbac_enforcer.enforcer [None req-542351f7-7306-44ef-add2-127f12631c11 admin admin] Deprecated policy rules found. Use oslopolicy-policy-generator and oslopolicy-policy-upgrade to detect and resolve deprecated policies in your configuration.
Aug 16 16:07:52 ubuntu devstack@keystone.service[68673]: DEBUG keystone.common.rbac_enforcer.enforcer [None req-542351f7-7306-44ef-add2-127f12631c11 admin admin] RBAC: Authorization granted {{(pid=68673) enforce_call /opt/stack/keystone/keystone/common/rbac_enforcer/enforcer.py:515}}
Aug 16 16:07:52 ubuntu devstack@keystone.service[68673]: [pid: 68673|app: 0|req: 2/5] 10.201.5.82 () {56 vars in 1207 bytes} [Fri Aug 16 16:07:52 2024] GET /identity/v3/projects/6e490ff5193b422aa7a38ef0c7723473 => generated 344 bytes in 27 msecs (HTTP/1.1 200) 5 headers in 177 bytes (2 switches on core 0)
Aug 16 16:07:53 ubuntu devstack@keystone.service[68672]: DEBUG keystone.server.flask.request_processing.req_logging [None req-c6f2f9bb-eacd-4baa-a733-f954d2d8c9d8 None None] REQUEST_METHOD: `GET` {{(pid=68672) log_request_info /opt/stack/keystone/keystone/server/flask/request_processing/req_logging.py:27}}
Aug 16 16:07:53 ubuntu devstack@keystone.service[68672]: DEBUG keystone.server.flask.request_processing.req_logging [None req-c6f2f9bb-eacd-4baa-a733-f954d2d8c9d8 None None] SCRIPT_NAME: `/identity` {{(pid=68672) log_request_info /opt/stack/keystone/keystone/server/flask/request_processing/req_logging.py:28}}
Aug 16 16:07:53 ubuntu devstack@keystone.service[68672]: DEBUG keystone.server.flask.request_processing.req_logging [None req-c6f2f9bb-eacd-4baa-a733-f954d2d8c9d8 None None] PATH_INFO: `/` {{(pid=68672) log_request_info /opt/stack/keystone/keystone/server/flask/request_processing/req_logging.py:29}}
Aug 16 16:07:53 ubuntu devstack@keystone.service[68672]: [pid: 68672|app: 0|req: 4/6] 10.201.5.82 () {54 vars in 926 bytes} [Fri Aug 16 16:07:53 2024] GET /identity => generated 270 bytes in 7 msecs (HTTP/1.1 300) 6 headers in 234 bytes (1 switches on core 0)
Aug 16 16:07:53 ubuntu devstack@keystone.service[68673]: DEBUG keystone.server.flask.request_processing.req_logging [None req-5e61895d-2f6f-4e32-a90f-6887430f7be9 None None] REQUEST_METHOD: `POST` {{(pid=68673) log_request_info /opt/stack/keystone/keystone/server/flask/request_processing/req_logging.py:27}}
Aug 16 16:07:53 ubuntu devstack@keystone.service[68673]: DEBUG keystone.server.flask.request_processing.req_logging [None req-5e61895d-2f6f-4e32-a90f-6887430f7be9 None None] SCRIPT_NAME: `/identity` {{(pid=68673) log_request_info /opt/stack/keystone/keystone/server/flask/request_processing/req_logging.py:28}}
Aug 16 16:07:53 ubuntu devstack@keystone.service[68673]: DEBUG keystone.server.flask.request_processing.req_logging [None req-5e61895d-2f6f-4e32-a90f-6887430f7be9 None None] PATH_INFO: `/v3/auth/tokens` {{(pid=68673) log_request_info /opt/stack/keystone/keystone/server/flask/request_processing/req_logging.py:29}}
Aug 16 16:07:53 ubuntu devstack@keystone.service[68673]: WARNING keystone.common.password_hashing [None req-5e61895d-2f6f-4e32-a90f-6887430f7be9 None None] Truncating password to algorithm specific maximum length 72 characters.
Aug 16 16:07:53 ubuntu devstack@keystone.service[68673]: DEBUG keystone.auth.core [None req-5e61895d-2f6f-4e32-a90f-6887430f7be9 None None] MFA Rules not processed for user `ff7f6210d6284dffbf59ff67edb15a26`. Rule list: `[]` (Enabled: `True`). {{(pid=68673) check_auth_methods_against_rules /opt/stack/keystone/keystone/auth/core.py:477}}
Aug 16 16:07:53 ubuntu devstack@keystone.service[68673]: DEBUG keystone.common.fernet_utils [None req-5e61895d-2f6f-4e32-a90f-6887430f7be9 None None] Loaded 2 Fernet keys from /etc/keystone/fernet-keys/, but `[fernet_tokens] max_active_keys = 3`; perhaps there have not been enough key rotations to reach `max_active_keys` yet? {{(pid=68673) load_keys /opt/stack/keystone/keystone/common/fernet_utils.py:299}}
Aug 16 16:07:53 ubuntu devstack@keystone.service[68673]: [pid: 68673|app: 0|req: 3/7] 10.201.5.82 () {58 vars in 1023 bytes} [Fri Aug 16 16:07:53 2024] POST /identity/v3/auth/tokens => generated 977 bytes in 33 msecs (HTTP/1.1 201) 6 headers in 384 bytes (1 switches on core 0)
Aug 16 16:07:53 ubuntu devstack@keystone.service[68672]: DEBUG keystone.server.flask.request_processing.middleware.auth_context [None req-c6f2f9bb-eacd-4baa-a733-f954d2d8c9d8 None None] Authenticating user token {{(pid=68672) process_request /opt/stack/data/venv/lib/python3.10/site-packages/keystonemiddleware/auth_token/__init__.py:406}}
Aug 16 16:07:53 ubuntu devstack@keystone.service[68672]: DEBUG keystone.server.flask.request_processing.middleware.auth_context [None req-c6f2f9bb-eacd-4baa-a733-f954d2d8c9d8 None None] Validating token access rules against request {{(pid=68672) validate_allowed_request /opt/stack/data/venv/lib/python3.10/site-packages/keystonemiddleware/auth_token/__init__.py:544}}
Aug 16 16:07:53 ubuntu devstack@keystone.service[68672]: DEBUG keystone.server.flask.request_processing.middleware.auth_context [None req-1ae63081-59d2-45ac-9e15-a38654dc171e admin admin] RBAC: auth_context: {'token': <TokenModel (audit_id=WWkYmjGDRWe20KQuIdcJkQ, audit_chain_id=['WWkYmjGDRWe20KQuIdcJkQ']) at 0x7fcf740f89d0>, 'domain_id': None, 'trust_id': None, 'trustor_id': None, 'trustee_id': None, 'domain_name': None, 'group_ids': [], 'user_id': 'ff7f6210d6284dffbf59ff67edb15a26', 'user_domain_id': 'default', 'system_scope': None, 'project_id': '6e490ff5193b422aa7a38ef0c7723473', 'project_domain_id': 'default', 'roles': ['manager', 'member', 'reader', 'admin'], 'is_admin_project': True, 'service_user_id': None, 'service_user_domain_id': None, 'service_project_id': None, 'service_project_domain_id': None, 'service_roles': []} {{(pid=68672) fill_context /opt/stack/keystone/keystone/server/flask/request_processing/middleware/auth_context.py:511}}
Aug 16 16:07:53 ubuntu devstack@keystone.service[68672]: DEBUG keystone.server.flask.request_processing.req_logging [None req-1ae63081-59d2-45ac-9e15-a38654dc171e admin admin] REQUEST_METHOD: `GET` {{(pid=68672) log_request_info /opt/stack/keystone/keystone/server/flask/request_processing/req_logging.py:27}}
Aug 16 16:07:53 ubuntu devstack@keystone.service[68672]: DEBUG keystone.server.flask.request_processing.req_logging [None req-1ae63081-59d2-45ac-9e15-a38654dc171e admin admin] SCRIPT_NAME: `/identity` {{(pid=68672) log_request_info /opt/stack/keystone/keystone/server/flask/request_processing/req_logging.py:28}}
Aug 16 16:07:53 ubuntu devstack@keystone.service[68672]: DEBUG keystone.server.flask.request_processing.req_logging [None req-1ae63081-59d2-45ac-9e15-a38654dc171e admin admin] PATH_INFO: `/v3/auth/tokens` {{(pid=68672) log_request_info /opt/stack/keystone/keystone/server/flask/request_processing/req_logging.py:29}}
Aug 16 16:07:53 ubuntu devstack@keystone.service[68672]: DEBUG keystone.common.rbac_enforcer.enforcer [None req-1ae63081-59d2-45ac-9e15-a38654dc171e admin admin] RBAC: Authorizing `identity:validate_token()` {{(pid=68672) enforce_call /opt/stack/keystone/keystone/common/rbac_enforcer/enforcer.py:504}}
Aug 16 16:07:53 ubuntu devstack@keystone.service[68672]: DEBUG keystone.common.rbac_enforcer.enforcer [None req-1ae63081-59d2-45ac-9e15-a38654dc171e admin admin] RBAC: Authorization granted {{(pid=68672) enforce_call /opt/stack/keystone/keystone/common/rbac_enforcer/enforcer.py:515}}
Aug 16 16:07:53 ubuntu devstack@keystone.service[68672]: [pid: 68672|app: 0|req: 5/8] 10.201.5.82 () {58 vars in 1324 bytes} [Fri Aug 16 16:07:53 2024] GET /identity/v3/auth/tokens => generated 977 bytes in 26 msecs (HTTP/1.1 200) 6 headers in 379 bytes (1 switches on core 0)
Aug 16 16:07:53 ubuntu devstack@keystone.service[68673]: DEBUG keystone.server.flask.request_processing.middleware.auth_context [None req-5e61895d-2f6f-4e32-a90f-6887430f7be9 None None] Authenticating user token {{(pid=68673) process_request /opt/stack/data/venv/lib/python3.10/site-packages/keystonemiddleware/auth_token/__init__.py:406}}
Aug 16 16:07:53 ubuntu devstack@keystone.service[68673]: DEBUG keystone.server.flask.request_processing.middleware.auth_context [None req-5e61895d-2f6f-4e32-a90f-6887430f7be9 None None] Validating token access rules against request {{(pid=68673) validate_allowed_request /opt/stack/data/venv/lib/python3.10/site-packages/keystonemiddleware/auth_token/__init__.py:544}}
Aug 16 16:07:53 ubuntu devstack@keystone.service[68673]: DEBUG keystone.server.flask.request_processing.middleware.auth_context [None req-2927106a-0844-4f6e-ae2c-b604f838e506 admin admin] RBAC: auth_context: {'token': <TokenModel (audit_id=WWkYmjGDRWe20KQuIdcJkQ, audit_chain_id=['WWkYmjGDRWe20KQuIdcJkQ']) at 0x7fcf74d96c80>, 'domain_id': None, 'trust_id': None, 'trustor_id': None, 'trustee_id': None, 'domain_name': None, 'group_ids': [], 'user_id': 'ff7f6210d6284dffbf59ff67edb15a26', 'user_domain_id': 'default', 'system_scope': None, 'project_id': '6e490ff5193b422aa7a38ef0c7723473', 'project_domain_id': 'default', 'roles': ['manager', 'member', 'reader', 'admin'], 'is_admin_project': True, 'service_user_id': None, 'service_user_domain_id': None, 'service_project_id': None, 'service_project_domain_id': None, 'service_roles': []} {{(pid=68673) fill_context /opt/stack/keystone/keystone/server/flask/request_processing/middleware/auth_context.py:511}}
Aug 16 16:07:53 ubuntu devstack@keystone.service[68673]: DEBUG keystone.server.flask.request_processing.req_logging [None req-2927106a-0844-4f6e-ae2c-b604f838e506 admin admin] REQUEST_METHOD: `GET` {{(pid=68673) log_request_info /opt/stack/keystone/keystone/server/flask/request_processing/req_logging.py:27}}
Aug 16 16:07:53 ubuntu devstack@keystone.service[68673]: DEBUG keystone.server.flask.request_processing.req_logging [None req-2927106a-0844-4f6e-ae2c-b604f838e506 admin admin] SCRIPT_NAME: `/identity` {{(pid=68673) log_request_info /opt/stack/keystone/keystone/server/flask/request_processing/req_logging.py:28}}
Aug 16 16:07:53 ubuntu devstack@keystone.service[68673]: DEBUG keystone.server.flask.request_processing.req_logging [None req-2927106a-0844-4f6e-ae2c-b604f838e506 admin admin] PATH_INFO: `/v3/users/ff7f6210d6284dffbf59ff67edb15a26` {{(pid=68673) log_request_info /opt/stack/keystone/keystone/server/flask/request_processing/req_logging.py:29}}
Aug 16 16:07:53 ubuntu devstack@keystone.service[68673]: DEBUG keystone.common.rbac_enforcer.enforcer [None req-2927106a-0844-4f6e-ae2c-b604f838e506 admin admin] RBAC: Authorizing `identity:get_user(user_id=ff7f6210d6284dffbf59ff67edb15a26)` {{(pid=68673) enforce_call /opt/stack/keystone/keystone/common/rbac_enforcer/enforcer.py:504}}
Aug 16 16:07:53 ubuntu devstack@keystone.service[68673]: DEBUG keystone.common.rbac_enforcer.enforcer [None req-2927106a-0844-4f6e-ae2c-b604f838e506 admin admin] RBAC: Authorization granted {{(pid=68673) enforce_call /opt/stack/keystone/keystone/common/rbac_enforcer/enforcer.py:515}}
Aug 16 16:07:53 ubuntu devstack@keystone.service[68673]: [pid: 68673|app: 0|req: 4/9] 10.201.5.82 () {56 vars in 1198 bytes} [Fri Aug 16 16:07:53 2024] GET /identity/v3/users/ff7f6210d6284dffbf59ff67edb15a26 => generated 247 bytes in 16 msecs (HTTP/1.1 200) 5 headers in 177 bytes (1 switches on core 0)
Aug 16 16:07:54 ubuntu devstack@keystone.service[68672]: DEBUG keystone.server.flask.request_processing.req_logging [None req-8e4ee37e-9dc9-495b-9b07-ac209039f345 None None] REQUEST_METHOD: `GET` {{(pid=68672) log_request_info /opt/stack/keystone/keystone/server/flask/request_processing/req_logging.py:27}}
Aug 16 16:07:54 ubuntu devstack@keystone.service[68672]: DEBUG keystone.server.flask.request_processing.req_logging [None req-8e4ee37e-9dc9-495b-9b07-ac209039f345 None None] SCRIPT_NAME: `/identity` {{(pid=68672) log_request_info /opt/stack/keystone/keystone/server/flask/request_processing/req_logging.py:28}}
Aug 16 16:07:54 ubuntu devstack@keystone.service[68672]: DEBUG keystone.server.flask.request_processing.req_logging [None req-8e4ee37e-9dc9-495b-9b07-ac209039f345 None None] PATH_INFO: `/` {{(pid=68672) log_request_info /opt/stack/keystone/keystone/server/flask/request_processing/req_logging.py:29}}
Aug 16 16:07:54 ubuntu devstack@keystone.service[68672]: [pid: 68672|app: 0|req: 6/10] 10.201.5.82 () {54 vars in 926 bytes} [Fri Aug 16 16:07:54 2024] GET /identity => generated 270 bytes in 2 msecs (HTTP/1.1 300) 6 headers in 234 bytes (1 switches on core 0)
Aug 16 16:07:54 ubuntu devstack@keystone.service[68673]: DEBUG keystone.server.flask.request_processing.req_logging [None req-8adad3a6-6be8-4db7-8ae7-de5b0fa50afc None None] REQUEST_METHOD: `POST` {{(pid=68673) log_request_info /opt/stack/keystone/keystone/server/flask/request_processing/req_logging.py:27}}
Aug 16 16:07:54 ubuntu devstack@keystone.service[68673]: DEBUG keystone.server.flask.request_processing.req_logging [None req-8adad3a6-6be8-4db7-8ae7-de5b0fa50afc None None] SCRIPT_NAME: `/identity` {{(pid=68673) log_request_info /opt/stack/keystone/keystone/server/flask/request_processing/req_logging.py:28}}
Aug 16 16:07:54 ubuntu devstack@keystone.service[68673]: DEBUG keystone.server.flask.request_processing.req_logging [None req-8adad3a6-6be8-4db7-8ae7-de5b0fa50afc None None] PATH_INFO: `/v3/auth/tokens` {{(pid=68673) log_request_info /opt/stack/keystone/keystone/server/flask/request_processing/req_logging.py:29}}
Aug 16 16:07:54 ubuntu devstack@keystone.service[68673]: WARNING keystone.common.password_hashing [None req-8adad3a6-6be8-4db7-8ae7-de5b0fa50afc None None] Truncating password to algorithm specific maximum length 72 characters.
Aug 16 16:07:54 ubuntu devstack@keystone.service[68673]: DEBUG keystone.auth.core [None req-8adad3a6-6be8-4db7-8ae7-de5b0fa50afc None None] MFA Rules not processed for user `ff7f6210d6284dffbf59ff67edb15a26`. Rule list: `[]` (Enabled: `True`). {{(pid=68673) check_auth_methods_against_rules /opt/stack/keystone/keystone/auth/core.py:477}}
Aug 16 16:07:54 ubuntu devstack@keystone.service[68673]: DEBUG keystone.common.fernet_utils [None req-8adad3a6-6be8-4db7-8ae7-de5b0fa50afc None None] Loaded 2 Fernet keys from /etc/keystone/fernet-keys/, but `[fernet_tokens] max_active_keys = 3`; perhaps there have not been enough key rotations to reach `max_active_keys` yet? {{(pid=68673) load_keys /opt/stack/keystone/keystone/common/fernet_utils.py:299}}
Aug 16 16:07:54 ubuntu devstack@keystone.service[68673]: [pid: 68673|app: 0|req: 5/11] 10.201.5.82 () {58 vars in 1023 bytes} [Fri Aug 16 16:07:54 2024] POST /identity/v3/auth/tokens => generated 862 bytes in 69 msecs (HTTP/1.1 201) 6 headers in 363 bytes (1 switches on core 0)
Aug 16 16:07:54 ubuntu devstack@keystone.service[68672]: DEBUG keystone.server.flask.request_processing.req_logging [None req-e7255154-3871-4b8c-b196-7ef53a715c03 None None] REQUEST_METHOD: `GET` {{(pid=68672) log_request_info /opt/stack/keystone/keystone/server/flask/request_processing/req_logging.py:27}}
Aug 16 16:07:54 ubuntu devstack@keystone.service[68672]: DEBUG keystone.server.flask.request_processing.req_logging [None req-e7255154-3871-4b8c-b196-7ef53a715c03 None None] SCRIPT_NAME: `/identity` {{(pid=68672) log_request_info /opt/stack/keystone/keystone/server/flask/request_processing/req_logging.py:28}}
Aug 16 16:07:54 ubuntu devstack@keystone.service[68672]: DEBUG keystone.server.flask.request_processing.req_logging [None req-e7255154-3871-4b8c-b196-7ef53a715c03 None None] PATH_INFO: `/` {{(pid=68672) log_request_info /opt/stack/keystone/keystone/server/flask/request_processing/req_logging.py:29}}
Aug 16 16:07:54 ubuntu devstack@keystone.service[68672]: [pid: 68672|app: 0|req: 7/12] 10.201.5.82 () {54 vars in 926 bytes} [Fri Aug 16 16:07:54 2024] GET /identity => generated 270 bytes in 1 msecs (HTTP/1.1 300) 6 headers in 234 bytes (1 switches on core 0)
Aug 16 16:07:54 ubuntu devstack@keystone.service[68673]: DEBUG keystone.server.flask.request_processing.req_logging [None req-b4a6e96d-b09b-4c4c-b072-fab198029719 None None] REQUEST_METHOD: `POST` {{(pid=68673) log_request_info /opt/stack/keystone/keystone/server/flask/request_processing/req_logging.py:27}}
Aug 16 16:07:54 ubuntu devstack@keystone.service[68673]: DEBUG keystone.server.flask.request_processing.req_logging [None req-b4a6e96d-b09b-4c4c-b072-fab198029719 None None] SCRIPT_NAME: `/identity` {{(pid=68673) log_request_info /opt/stack/keystone/keystone/server/flask/request_processing/req_logging.py:28}}
Aug 16 16:07:54 ubuntu devstack@keystone.service[68673]: DEBUG keystone.server.flask.request_processing.req_logging [None req-b4a6e96d-b09b-4c4c-b072-fab198029719 None None] PATH_INFO: `/v3/auth/tokens` {{(pid=68673) log_request_info /opt/stack/keystone/keystone/server/flask/request_processing/req_logging.py:29}}
Aug 16 16:07:54 ubuntu devstack@keystone.service[68673]: WARNING keystone.common.password_hashing [None req-b4a6e96d-b09b-4c4c-b072-fab198029719 None None] Truncating password to algorithm specific maximum length 72 characters.
Aug 16 16:07:54 ubuntu devstack@keystone.service[68673]: DEBUG keystone.auth.core [None req-b4a6e96d-b09b-4c4c-b072-fab198029719 None None] MFA Rules not processed for user `ff7f6210d6284dffbf59ff67edb15a26`. Rule list: `[]` (Enabled: `True`). {{(pid=68673) check_auth_methods_against_rules /opt/stack/keystone/keystone/auth/core.py:477}}
Aug 16 16:07:54 ubuntu devstack@keystone.service[68673]: DEBUG keystone.common.fernet_utils [None req-b4a6e96d-b09b-4c4c-b072-fab198029719 None None] Loaded 2 Fernet keys from /etc/keystone/fernet-keys/, but `[fernet_tokens] max_active_keys = 3`; perhaps there have not been enough key rotations to reach `max_active_keys` yet? {{(pid=68673) load_keys /opt/stack/keystone/keystone/common/fernet_utils.py:299}}
Aug 16 16:07:54 ubuntu devstack@keystone.service[68672]: DEBUG keystone.server.flask.request_processing.middleware.auth_context [None req-e7255154-3871-4b8c-b196-7ef53a715c03 None None] Authenticating user token {{(pid=68672) process_request /opt/stack/data/venv/lib/python3.10/site-packages/keystonemiddleware/auth_token/__init__.py:406}}
Aug 16 16:07:54 ubuntu devstack@keystone.service[68673]: [pid: 68673|app: 0|req: 6/13] 10.201.5.82 () {58 vars in 1023 bytes} [Fri Aug 16 16:07:54 2024] POST /identity/v3/auth/tokens => generated 862 bytes in 59 msecs (HTTP/1.1 201) 6 headers in 363 bytes (1 switches on core 0)
Aug 16 16:07:54 ubuntu devstack@keystone.service[68672]: DEBUG keystone.server.flask.request_processing.middleware.auth_context [None req-e7255154-3871-4b8c-b196-7ef53a715c03 None None] Validating token access rules against request {{(pid=68672) validate_allowed_request /opt/stack/data/venv/lib/python3.10/site-packages/keystonemiddleware/auth_token/__init__.py:544}}
Aug 16 16:07:54 ubuntu devstack@keystone.service[68672]: DEBUG keystone.server.flask.request_processing.middleware.auth_context [None req-cef8a380-0c8e-4403-b31d-3ab8897af944 None admin] RBAC: auth_context: {'token': <TokenModel (audit_id=JLtlpffOROqT6KkbPAfUGQ, audit_chain_id=['JLtlpffOROqT6KkbPAfUGQ']) at 0x7fcf740f8d00>, 'domain_id': None, 'trust_id': None, 'trustor_id': None, 'trustee_id': None, 'domain_name': None, 'group_ids': [], 'user_id': 'ff7f6210d6284dffbf59ff67edb15a26', 'user_domain_id': 'default', 'system_scope': 'all', 'project_id': None, 'project_domain_id': None, 'roles': ['admin', 'manager', 'member', 'reader'], 'is_admin_project': True, 'service_user_id': None, 'service_user_domain_id': None, 'service_project_id': None, 'service_project_domain_id': None, 'service_roles': []} {{(pid=68672) fill_context /opt/stack/keystone/keystone/server/flask/request_processing/middleware/auth_context.py:511}}
Aug 16 16:07:54 ubuntu devstack@keystone.service[68672]: DEBUG keystone.server.flask.request_processing.req_logging [None req-cef8a380-0c8e-4403-b31d-3ab8897af944 None admin] REQUEST_METHOD: `GET` {{(pid=68672) log_request_info /opt/stack/keystone/keystone/server/flask/request_processing/req_logging.py:27}}
Aug 16 16:07:54 ubuntu devstack@keystone.service[68672]: DEBUG keystone.server.flask.request_processing.req_logging [None req-cef8a380-0c8e-4403-b31d-3ab8897af944 None admin] SCRIPT_NAME: `/identity` {{(pid=68672) log_request_info /opt/stack/keystone/keystone/server/flask/request_processing/req_logging.py:28}}
Aug 16 16:07:54 ubuntu devstack@keystone.service[68672]: DEBUG keystone.server.flask.request_processing.req_logging [None req-cef8a380-0c8e-4403-b31d-3ab8897af944 None admin] PATH_INFO: `/v3/roles/admin` {{(pid=68672) log_request_info /opt/stack/keystone/keystone/server/flask/request_processing/req_logging.py:29}}
Aug 16 16:07:54 ubuntu devstack@keystone.service[68672]: DEBUG keystone.common.rbac_enforcer.enforcer [None req-cef8a380-0c8e-4403-b31d-3ab8897af944 None admin] Extracting inferred target data resulted in "NOT FOUND (404)". {{(pid=68672) enforce_call /opt/stack/keystone/keystone/common/rbac_enforcer/enforcer.py:454}}
Aug 16 16:07:54 ubuntu devstack@keystone.service[68672]: DEBUG keystone.server.flask.application [None req-cef8a380-0c8e-4403-b31d-3ab8897af944 None admin] Could not find role: admin. {{(pid=68672) _handle_keystone_exception /opt/stack/keystone/keystone/server/flask/application.py:96}}
Aug 16 16:07:54 ubuntu devstack@keystone.service[68672]: [pid: 68672|app: 0|req: 8/14] 10.201.5.82 () {56 vars in 1096 bytes} [Fri Aug 16 16:07:54 2024] GET /identity/v3/roles/admin => generated 83 bytes in 96 msecs (HTTP/1.1 404) 5 headers in 183 bytes (1 switches on core 0)
Aug 16 16:07:54 ubuntu devstack@keystone.service[68673]: DEBUG keystone.server.flask.request_processing.middleware.auth_context [None req-b4a6e96d-b09b-4c4c-b072-fab198029719 None None] Authenticating user token {{(pid=68673) process_request /opt/stack/data/venv/lib/python3.10/site-packages/keystonemiddleware/auth_token/__init__.py:406}}
Aug 16 16:07:54 ubuntu devstack@keystone.service[68672]: DEBUG keystone.server.flask.request_processing.middleware.auth_context [None req-cef8a380-0c8e-4403-b31d-3ab8897af944 None admin] Authenticating user token {{(pid=68672) process_request /opt/stack/data/venv/lib/python3.10/site-packages/keystonemiddleware/auth_token/__init__.py:406}}
Aug 16 16:07:54 ubuntu devstack@keystone.service[68673]: DEBUG keystone.server.flask.request_processing.middleware.auth_context [None req-b4a6e96d-b09b-4c4c-b072-fab198029719 None None] Validating token access rules against request {{(pid=68673) validate_allowed_request /opt/stack/data/venv/lib/python3.10/site-packages/keystonemiddleware/auth_token/__init__.py:544}}
Aug 16 16:07:54 ubuntu devstack@keystone.service[68673]: DEBUG keystone.server.flask.request_processing.middleware.auth_context [None req-eae85665-222b-4626-a451-ea3a01195e96 None admin] RBAC: auth_context: {'token': <TokenModel (audit_id=JLtlpffOROqT6KkbPAfUGQ, audit_chain_id=['JLtlpffOROqT6KkbPAfUGQ']) at 0x7fcf6ffc20e0>, 'domain_id': None, 'trust_id': None, 'trustor_id': None, 'trustee_id': None, 'domain_name': None, 'group_ids': [], 'user_id': 'ff7f6210d6284dffbf59ff67edb15a26', 'user_domain_id': 'default', 'system_scope': 'all', 'project_id': None, 'project_domain_id': None, 'roles': ['admin', 'manager', 'member', 'reader'], 'is_admin_project': True, 'service_user_id': None, 'service_user_domain_id': None, 'service_project_id': None, 'service_project_domain_id': None, 'service_roles': []} {{(pid=68673) fill_context /opt/stack/keystone/keystone/server/flask/request_processing/middleware/auth_context.py:511}}
Aug 16 16:07:54 ubuntu devstack@keystone.service[68673]: DEBUG keystone.server.flask.request_processing.req_logging [None req-eae85665-222b-4626-a451-ea3a01195e96 None admin] REQUEST_METHOD: `GET` {{(pid=68673) log_request_info /opt/stack/keystone/keystone/server/flask/request_processing/req_logging.py:27}}
Aug 16 16:07:54 ubuntu devstack@keystone.service[68673]: DEBUG keystone.server.flask.request_processing.req_logging [None req-eae85665-222b-4626-a451-ea3a01195e96 None admin] SCRIPT_NAME: `/identity` {{(pid=68673) log_request_info /opt/stack/keystone/keystone/server/flask/request_processing/req_logging.py:28}}
Aug 16 16:07:54 ubuntu devstack@keystone.service[68673]: DEBUG keystone.server.flask.request_processing.req_logging [None req-eae85665-222b-4626-a451-ea3a01195e96 None admin] PATH_INFO: `/v3/roles` {{(pid=68673) log_request_info /opt/stack/keystone/keystone/server/flask/request_processing/req_logging.py:29}}
Aug 16 16:07:54 ubuntu devstack@keystone.service[68673]: DEBUG keystone.common.rbac_enforcer.enforcer [None req-eae85665-222b-4626-a451-ea3a01195e96 None admin] RBAC: Adding query filter params (name=admin) {{(pid=68673) _extract_filter_values /opt/stack/keystone/keystone/common/rbac_enforcer/enforcer.py:185}}
Aug 16 16:07:54 ubuntu devstack@keystone.service[68673]: DEBUG keystone.common.rbac_enforcer.enforcer [None req-eae85665-222b-4626-a451-ea3a01195e96 None admin] RBAC: Authorizing `identity:list_roles()` {{(pid=68673) enforce_call /opt/stack/keystone/keystone/common/rbac_enforcer/enforcer.py:504}}
Aug 16 16:07:54 ubuntu devstack@keystone.service[68673]: DEBUG keystone.common.rbac_enforcer.enforcer [None req-eae85665-222b-4626-a451-ea3a01195e96 None admin] RBAC: Authorization granted {{(pid=68673) enforce_call /opt/stack/keystone/keystone/common/rbac_enforcer/enforcer.py:515}}
Aug 16 16:07:54 ubuntu devstack@keystone.service[68673]: [pid: 68673|app: 0|req: 7/15] 10.201.5.82 () {56 vars in 1099 bytes} [Fri Aug 16 16:07:54 2024] GET /identity/v3/roles?name=admin => generated 339 bytes in 66 msecs (HTTP/1.1 200) 5 headers in 177 bytes (1 switches on core 0)
Aug 16 16:07:54 ubuntu devstack@keystone.service[68673]: DEBUG keystone.server.flask.request_processing.middleware.auth_context [None req-eae85665-222b-4626-a451-ea3a01195e96 None admin] Authenticating user token {{(pid=68673) process_request /opt/stack/data/venv/lib/python3.10/site-packages/keystonemiddleware/auth_token/__init__.py:406}}
Aug 16 16:07:54 ubuntu devstack@keystone.service[68672]: DEBUG keystone.server.flask.request_processing.middleware.auth_context [None req-cef8a380-0c8e-4403-b31d-3ab8897af944 None admin] Validating token access rules against request {{(pid=68672) validate_allowed_request /opt/stack/data/venv/lib/python3.10/site-packages/keystonemiddleware/auth_token/__init__.py:544}}
Aug 16 16:07:54 ubuntu devstack@keystone.service[68673]: DEBUG keystone.server.flask.request_processing.middleware.auth_context [None req-eae85665-222b-4626-a451-ea3a01195e96 None admin] Validating token access rules against request {{(pid=68673) validate_allowed_request /opt/stack/data/venv/lib/python3.10/site-packages/keystonemiddleware/auth_token/__init__.py:544}}
Aug 16 16:07:54 ubuntu devstack@keystone.service[68672]: DEBUG keystone.server.flask.request_processing.middleware.auth_context [None req-ed4c02d2-7d08-4a49-8730-8c0f76b29ff8 None admin] RBAC: auth_context: {'token': <TokenModel (audit_id=wDEJp9vOQGSfpo4FhJR7aQ, audit_chain_id=['wDEJp9vOQGSfpo4FhJR7aQ']) at 0x7fcf6ff265c0>, 'domain_id': None, 'trust_id': None, 'trustor_id': None, 'trustee_id': None, 'domain_name': None, 'group_ids': [], 'user_id': 'ff7f6210d6284dffbf59ff67edb15a26', 'user_domain_id': 'default', 'system_scope': 'all', 'project_id': None, 'project_domain_id': None, 'roles': ['admin', 'manager', 'member', 'reader'], 'is_admin_project': True, 'service_user_id': None, 'service_user_domain_id': None, 'service_project_id': None, 'service_project_domain_id': None, 'service_roles': []} {{(pid=68672) fill_context /opt/stack/keystone/keystone/server/flask/request_processing/middleware/auth_context.py:511}}
Aug 16 16:07:54 ubuntu devstack@keystone.service[68672]: DEBUG keystone.server.flask.request_processing.req_logging [None req-ed4c02d2-7d08-4a49-8730-8c0f76b29ff8 None admin] REQUEST_METHOD: `POST` {{(pid=68672) log_request_info /opt/stack/keystone/keystone/server/flask/request_processing/req_logging.py:27}}
Aug 16 16:07:54 ubuntu devstack@keystone.service[68672]: DEBUG keystone.server.flask.request_processing.req_logging [None req-ed4c02d2-7d08-4a49-8730-8c0f76b29ff8 None admin] SCRIPT_NAME: `/identity` {{(pid=68672) log_request_info /opt/stack/keystone/keystone/server/flask/request_processing/req_logging.py:28}}
Aug 16 16:07:54 ubuntu devstack@keystone.service[68672]: DEBUG keystone.server.flask.request_processing.req_logging [None req-ed4c02d2-7d08-4a49-8730-8c0f76b29ff8 None admin] PATH_INFO: `/v3/domains` {{(pid=68672) log_request_info /opt/stack/keystone/keystone/server/flask/request_processing/req_logging.py:29}}
Aug 16 16:07:54 ubuntu devstack@keystone.service[68672]: DEBUG keystone.common.rbac_enforcer.enforcer [None req-ed4c02d2-7d08-4a49-8730-8c0f76b29ff8 None admin] RBAC: Authorizing `identity:create_domain()` {{(pid=68672) enforce_call /opt/stack/keystone/keystone/common/rbac_enforcer/enforcer.py:504}}
Aug 16 16:07:54 ubuntu devstack@keystone.service[68672]: DEBUG keystone.common.rbac_enforcer.enforcer [None req-ed4c02d2-7d08-4a49-8730-8c0f76b29ff8 None admin] RBAC: Authorization granted {{(pid=68672) enforce_call /opt/stack/keystone/keystone/common/rbac_enforcer/enforcer.py:515}}
Aug 16 16:07:54 ubuntu devstack@keystone.service[68673]: DEBUG keystone.server.flask.request_processing.middleware.auth_context [None req-ef9212b5-18a0-4c09-bca9-00885488a47b None admin] RBAC: auth_context: {'token': <TokenModel (audit_id=JLtlpffOROqT6KkbPAfUGQ, audit_chain_id=['JLtlpffOROqT6KkbPAfUGQ']) at 0x7fcf6ffc0be0>, 'domain_id': None, 'trust_id': None, 'trustor_id': None, 'trustee_id': None, 'domain_name': None, 'group_ids': [], 'user_id': 'ff7f6210d6284dffbf59ff67edb15a26', 'user_domain_id': 'default', 'system_scope': 'all', 'project_id': None, 'project_domain_id': None, 'roles': ['admin', 'manager', 'member', 'reader'], 'is_admin_project': True, 'service_user_id': None, 'service_user_domain_id': None, 'service_project_id': None, 'service_project_domain_id': None, 'service_roles': []} {{(pid=68673) fill_context /opt/stack/keystone/keystone/server/flask/request_processing/middleware/auth_context.py:511}}
Aug 16 16:07:54 ubuntu devstack@keystone.service[68673]: DEBUG keystone.server.flask.request_processing.req_logging [None req-ef9212b5-18a0-4c09-bca9-00885488a47b None admin] REQUEST_METHOD: `GET` {{(pid=68673) log_request_info /opt/stack/keystone/keystone/server/flask/request_processing/req_logging.py:27}}
Aug 16 16:07:54 ubuntu devstack@keystone.service[68673]: DEBUG keystone.server.flask.request_processing.req_logging [None req-ef9212b5-18a0-4c09-bca9-00885488a47b None admin] SCRIPT_NAME: `/identity` {{(pid=68673) log_request_info /opt/stack/keystone/keystone/server/flask/request_processing/req_logging.py:28}}
Aug 16 16:07:54 ubuntu devstack@keystone.service[68673]: DEBUG keystone.server.flask.request_processing.req_logging [None req-ef9212b5-18a0-4c09-bca9-00885488a47b None admin] PATH_INFO: `/v3/users/ff7f6210d6284dffbf59ff67edb15a26` {{(pid=68673) log_request_info /opt/stack/keystone/keystone/server/flask/request_processing/req_logging.py:29}}
Aug 16 16:07:54 ubuntu devstack@keystone.service[68673]: DEBUG keystone.common.rbac_enforcer.enforcer [None req-ef9212b5-18a0-4c09-bca9-00885488a47b None admin] RBAC: Authorizing `identity:get_user(user_id=ff7f6210d6284dffbf59ff67edb15a26)` {{(pid=68673) enforce_call /opt/stack/keystone/keystone/common/rbac_enforcer/enforcer.py:504}}
Aug 16 16:07:54 ubuntu devstack@keystone.service[68673]: DEBUG keystone.common.rbac_enforcer.enforcer [None req-ef9212b5-18a0-4c09-bca9-00885488a47b None admin] RBAC: Authorization granted {{(pid=68673) enforce_call /opt/stack/keystone/keystone/common/rbac_enforcer/enforcer.py:515}}
Aug 16 16:07:54 ubuntu devstack@keystone.service[68673]: [pid: 68673|app: 0|req: 8/16] 10.201.5.82 () {56 vars in 1177 bytes} [Fri Aug 16 16:07:54 2024] GET /identity/v3/users/ff7f6210d6284dffbf59ff67edb15a26 => generated 247 bytes in 52 msecs (HTTP/1.1 200) 5 headers in 177 bytes (2 switches on core 0)
Aug 16 16:07:54 ubuntu devstack@keystone.service[68673]: DEBUG keystone.server.flask.request_processing.middleware.auth_context [None req-ef9212b5-18a0-4c09-bca9-00885488a47b None admin] Authenticating user token {{(pid=68673) process_request /opt/stack/data/venv/lib/python3.10/site-packages/keystonemiddleware/auth_token/__init__.py:406}}
Aug 16 16:07:54 ubuntu devstack@keystone.service[68672]: DEBUG keystone.common.sql.core [None req-ed4c02d2-7d08-4a49-8730-8c0f76b29ff8 None admin] Conflict project: (pymysql.err.IntegrityError) (1062, "Duplicate entry '<<keystone.domain.root>>-Default' for key 'project.ixu_project_name_domain_id'")
Aug 16 16:07:54 ubuntu devstack@keystone.service[68672]: [SQL: INSERT INTO project (id, name, domain_id, description, enabled, extra, parent_id, is_domain) VALUES (%(id)s, %(name)s, %(domain_id)s, %(description)s, %(enabled)s, %(extra)s, %(parent_id)s, %(is_domain)s)]
Aug 16 16:07:54 ubuntu devstack@keystone.service[68672]: [parameters: {'id': 'e1016788a2c941d099dbf518c4761ebb', 'name': 'Default', 'domain_id': '<<keystone.domain.root>>', 'description': '', 'enabled': 1, 'extra': '{}', 'parent_id': None, 'is_domain': 1}]
Aug 16 16:07:54 ubuntu devstack@keystone.service[68672]: (Background on this error at: https://sqlalche.me/e/20/gkpj) {{(pid=68672) wrapper /opt/stack/keystone/keystone/common/sql/core.py:547}}
Aug 16 16:07:54 ubuntu devstack@keystone.service[68672]: ERROR keystone.server.flask.application [None req-ed4c02d2-7d08-4a49-8730-8c0f76b29ff8 None admin] Conflict occurred attempting to store project - it is not permitted to have two projects acting as domains with the same name: Default.: keystone.exception.Conflict: Conflict occurred attempting to store project - it is not permitted to have two projects acting as domains with the same name: Default.
Aug 16 16:07:54 ubuntu devstack@keystone.service[68672]: ERROR keystone.server.flask.application Traceback (most recent call last):
Aug 16 16:07:54 ubuntu devstack@keystone.service[68672]: ERROR keystone.server.flask.application   File "/opt/stack/data/venv/lib/python3.10/site-packages/sqlalchemy/engine/base.py", line 1967, in _exec_single_context
Aug 16 16:07:54 ubuntu devstack@keystone.service[68672]: ERROR keystone.server.flask.application     self.dialect.do_execute(
Aug 16 16:07:54 ubuntu devstack@keystone.service[68672]: ERROR keystone.server.flask.application   File "/opt/stack/data/venv/lib/python3.10/site-packages/sqlalchemy/engine/default.py", line 924, in do_execute
Aug 16 16:07:54 ubuntu devstack@keystone.service[68672]: ERROR keystone.server.flask.application     cursor.execute(statement, parameters)
Aug 16 16:07:54 ubuntu devstack@keystone.service[68672]: ERROR keystone.server.flask.application   File "/opt/stack/data/venv/lib/python3.10/site-packages/pymysql/cursors.py", line 153, in execute
Aug 16 16:07:54 ubuntu devstack@keystone.service[68672]: ERROR keystone.server.flask.application     result = self._query(query)
Aug 16 16:07:54 ubuntu devstack@keystone.service[68672]: ERROR keystone.server.flask.application   File "/opt/stack/data/venv/lib/python3.10/site-packages/pymysql/cursors.py", line 322, in _query
Aug 16 16:07:54 ubuntu devstack@keystone.service[68672]: ERROR keystone.server.flask.application     conn.query(q)
Aug 16 16:07:54 ubuntu devstack@keystone.service[68672]: ERROR keystone.server.flask.application   File "/opt/stack/data/venv/lib/python3.10/site-packages/pymysql/connections.py", line 563, in query
Aug 16 16:07:54 ubuntu devstack@keystone.service[68672]: ERROR keystone.server.flask.application     self._affected_rows = self._read_query_result(unbuffered=unbuffered)
Aug 16 16:07:54 ubuntu devstack@keystone.service[68672]: ERROR keystone.server.flask.application   File "/opt/stack/data/venv/lib/python3.10/site-packages/pymysql/connections.py", line 825, in _read_query_result
Aug 16 16:07:54 ubuntu devstack@keystone.service[68672]: ERROR keystone.server.flask.application     result.read()
Aug 16 16:07:54 ubuntu devstack@keystone.service[68672]: ERROR keystone.server.flask.application   File "/opt/stack/data/venv/lib/python3.10/site-packages/pymysql/connections.py", line 1199, in read
Aug 16 16:07:54 ubuntu devstack@keystone.service[68672]: ERROR keystone.server.flask.application     first_packet = self.connection._read_packet()
Aug 16 16:07:54 ubuntu devstack@keystone.service[68672]: ERROR keystone.server.flask.application   File "/opt/stack/data/venv/lib/python3.10/site-packages/pymysql/connections.py", line 775, in _read_packet
