Aug 19 21:07:12 ubuntu devstack@keystone.service[69434]: DEBUG keystone.server.flask.request_processing.middleware.auth_context [None req-3578b375-85c8-4ef4-b8b1-90bd8664b0fc None admin] Authenticating user token {{(pid=69434) process_request /opt/stack/data/venv/lib/python3.10/site-packages/keystonemiddleware/auth_token/__init__.py:406}}
Aug 19 21:07:12 ubuntu devstack@keystone.service[69434]: DEBUG keystone.server.flask.request_processing.middleware.auth_context [None req-3578b375-85c8-4ef4-b8b1-90bd8664b0fc None admin] Validating token access rules against request {{(pid=69434) validate_allowed_request /opt/stack/data/venv/lib/python3.10/site-packages/keystonemiddleware/auth_token/__init__.py:544}}
Aug 19 21:07:12 ubuntu devstack@keystone.service[69435]: [pid: 69435|app: 0|req: 15/28] 10.201.5.82 () {58 vars in 1023 bytes} [Mon Aug 19 21:07:12 2024] POST /identity/v3/auth/tokens => generated 862 bytes in 82 msecs (HTTP/1.1 201) 6 headers in 363 bytes (2 switches on core 0)
Aug 19 21:07:12 ubuntu devstack@keystone.service[69434]: DEBUG keystone.server.flask.request_processing.middleware.auth_context [None req-c099a55c-69d8-4189-871c-9be1f269b041 None admin] RBAC: auth_context: {'token': <TokenModel (audit_id=_3D74BDsS9-uTLw3HURe6g, audit_chain_id=['_3D74BDsS9-uTLw3HURe6g']) at 0x7f45f5b68790>, 'domain_id': None, 'trust_id': None, 'trustor_id': None, 'trustee_id': None, 'domain_name': None, 'group_ids': [], 'user_id': 'bc21cc013ca04b66b0407abcdcd87da9', 'user_domain_id': 'default', 'system_scope': 'all', 'project_id': None, 'project_domain_id': None, 'roles': ['admin', 'manager', 'member', 'reader'], 'is_admin_project': True, 'service_user_id': None, 'service_user_domain_id': None, 'service_project_id': None, 'service_project_domain_id': None, 'service_roles': []} {{(pid=69434) fill_context /opt/stack/keystone/keystone/server/flask/request_processing/middleware/auth_context.py:511}}
Aug 19 21:07:12 ubuntu devstack@keystone.service[69434]: DEBUG keystone.server.flask.request_processing.req_logging [None req-c099a55c-69d8-4189-871c-9be1f269b041 None admin] REQUEST_METHOD: `GET` {{(pid=69434) log_request_info /opt/stack/keystone/keystone/server/flask/request_processing/req_logging.py:27}}
Aug 19 21:07:12 ubuntu devstack@keystone.service[69434]: DEBUG keystone.server.flask.request_processing.req_logging [None req-c099a55c-69d8-4189-871c-9be1f269b041 None admin] SCRIPT_NAME: `/identity` {{(pid=69434) log_request_info /opt/stack/keystone/keystone/server/flask/request_processing/req_logging.py:28}}
Aug 19 21:07:12 ubuntu devstack@keystone.service[69434]: DEBUG keystone.server.flask.request_processing.req_logging [None req-c099a55c-69d8-4189-871c-9be1f269b041 None admin] PATH_INFO: `/v3/roles` {{(pid=69434) log_request_info /opt/stack/keystone/keystone/server/flask/request_processing/req_logging.py:29}}
Aug 19 21:07:12 ubuntu devstack@keystone.service[69435]: DEBUG keystone.server.flask.request_processing.req_logging [None req-7d3d8bca-2c20-4db2-861c-cc3c573a55dd None None] REQUEST_METHOD: `GET` {{(pid=69435) log_request_info /opt/stack/keystone/keystone/server/flask/request_processing/req_logging.py:27}}
Aug 19 21:07:12 ubuntu devstack@keystone.service[69434]: DEBUG keystone.common.rbac_enforcer.enforcer [None req-c099a55c-69d8-4189-871c-9be1f269b041 None admin] RBAC: Adding query filter params (name=admin) {{(pid=69434) _extract_filter_values /opt/stack/keystone/keystone/common/rbac_enforcer/enforcer.py:185}}
Aug 19 21:07:12 ubuntu devstack@keystone.service[69435]: DEBUG keystone.server.flask.request_processing.req_logging [None req-7d3d8bca-2c20-4db2-861c-cc3c573a55dd None None] SCRIPT_NAME: `/identity` {{(pid=69435) log_request_info /opt/stack/keystone/keystone/server/flask/request_processing/req_logging.py:28}}
Aug 19 21:07:12 ubuntu devstack@keystone.service[69434]: DEBUG keystone.common.rbac_enforcer.enforcer [None req-c099a55c-69d8-4189-871c-9be1f269b041 None admin] RBAC: Authorizing `identity:list_roles()` {{(pid=69434) enforce_call /opt/stack/keystone/keystone/common/rbac_enforcer/enforcer.py:504}}
Aug 19 21:07:12 ubuntu devstack@keystone.service[69435]: DEBUG keystone.server.flask.request_processing.req_logging [None req-7d3d8bca-2c20-4db2-861c-cc3c573a55dd None None] PATH_INFO: `/` {{(pid=69435) log_request_info /opt/stack/keystone/keystone/server/flask/request_processing/req_logging.py:29}}
Aug 19 21:07:12 ubuntu devstack@keystone.service[69434]: DEBUG keystone.common.rbac_enforcer.enforcer [None req-c099a55c-69d8-4189-871c-9be1f269b041 None admin] RBAC: Authorization granted {{(pid=69434) enforce_call /opt/stack/keystone/keystone/common/rbac_enforcer/enforcer.py:515}}
Aug 19 21:07:12 ubuntu devstack@keystone.service[69435]: [pid: 69435|app: 0|req: 16/29] 10.201.5.82 () {54 vars in 926 bytes} [Mon Aug 19 21:07:12 2024] GET /identity => generated 270 bytes in 2 msecs (HTTP/1.1 300) 6 headers in 234 bytes (1 switches on core 0)
Aug 19 21:07:12 ubuntu devstack@keystone.service[69435]: DEBUG keystone.server.flask.request_processing.req_logging [None req-ae5843eb-e246-4d1c-a74a-d6f68cdec8f6 None None] REQUEST_METHOD: `POST` {{(pid=69435) log_request_info /opt/stack/keystone/keystone/server/flask/request_processing/req_logging.py:27}}
Aug 19 21:07:12 ubuntu devstack@keystone.service[69435]: DEBUG keystone.server.flask.request_processing.req_logging [None req-ae5843eb-e246-4d1c-a74a-d6f68cdec8f6 None None] SCRIPT_NAME: `/identity` {{(pid=69435) log_request_info /opt/stack/keystone/keystone/server/flask/request_processing/req_logging.py:28}}
Aug 19 21:07:12 ubuntu devstack@keystone.service[69435]: DEBUG keystone.server.flask.request_processing.req_logging [None req-ae5843eb-e246-4d1c-a74a-d6f68cdec8f6 None None] PATH_INFO: `/v3/auth/tokens` {{(pid=69435) log_request_info /opt/stack/keystone/keystone/server/flask/request_processing/req_logging.py:29}}
Aug 19 21:07:12 ubuntu devstack@keystone.service[69434]: [pid: 69434|app: 0|req: 14/30] 10.201.5.82 () {56 vars in 1099 bytes} [Mon Aug 19 21:07:12 2024] GET /identity/v3/roles?name=admin => generated 339 bytes in 64 msecs (HTTP/1.1 200) 5 headers in 177 bytes (1 switches on core 0)
Aug 19 21:07:12 ubuntu devstack@keystone.service[69434]: DEBUG keystone.server.flask.request_processing.middleware.auth_context [None req-c099a55c-69d8-4189-871c-9be1f269b041 None admin] Authenticating user token {{(pid=69434) process_request /opt/stack/data/venv/lib/python3.10/site-packages/keystonemiddleware/auth_token/__init__.py:406}}
Aug 19 21:07:12 ubuntu devstack@keystone.service[69435]: WARNING keystone.common.password_hashing [None req-ae5843eb-e246-4d1c-a74a-d6f68cdec8f6 None None] Truncating password to algorithm specific maximum length 72 characters.
Aug 19 21:07:12 ubuntu devstack@keystone.service[69435]: DEBUG keystone.auth.core [None req-ae5843eb-e246-4d1c-a74a-d6f68cdec8f6 None None] MFA Rules not processed for user `bc21cc013ca04b66b0407abcdcd87da9`. Rule list: `[]` (Enabled: `True`). {{(pid=69435) check_auth_methods_against_rules /opt/stack/keystone/keystone/auth/core.py:477}}
Aug 19 21:07:12 ubuntu devstack@keystone.service[69435]: DEBUG keystone.common.fernet_utils [None req-ae5843eb-e246-4d1c-a74a-d6f68cdec8f6 None None] Loaded 2 Fernet keys from /etc/keystone/fernet-keys/, but `[fernet_tokens] max_active_keys = 3`; perhaps there have not been enough key rotations to reach `max_active_keys` yet? {{(pid=69435) load_keys /opt/stack/keystone/keystone/common/fernet_utils.py:299}}
Aug 19 21:07:12 ubuntu devstack@keystone.service[69434]: DEBUG keystone.server.flask.request_processing.middleware.auth_context [None req-c099a55c-69d8-4189-871c-9be1f269b041 None admin] Validating token access rules against request {{(pid=69434) validate_allowed_request /opt/stack/data/venv/lib/python3.10/site-packages/keystonemiddleware/auth_token/__init__.py:544}}
Aug 19 21:07:12 ubuntu devstack@keystone.service[69434]: DEBUG keystone.server.flask.request_processing.middleware.auth_context [None req-5ec97dbb-d1d9-44dd-821f-3c6627b7bedf None admin] RBAC: auth_context: {'token': <TokenModel (audit_id=_3D74BDsS9-uTLw3HURe6g, audit_chain_id=['_3D74BDsS9-uTLw3HURe6g']) at 0x7f45f5e80910>, 'domain_id': None, 'trust_id': None, 'trustor_id': None, 'trustee_id': None, 'domain_name': None, 'group_ids': [], 'user_id': 'bc21cc013ca04b66b0407abcdcd87da9', 'user_domain_id': 'default', 'system_scope': 'all', 'project_id': None, 'project_domain_id': None, 'roles': ['admin', 'manager', 'member', 'reader'], 'is_admin_project': True, 'service_user_id': None, 'service_user_domain_id': None, 'service_project_id': None, 'service_project_domain_id': None, 'service_roles': []} {{(pid=69434) fill_context /opt/stack/keystone/keystone/server/flask/request_processing/middleware/auth_context.py:511}}
Aug 19 21:07:12 ubuntu devstack@keystone.service[69434]: DEBUG keystone.server.flask.request_processing.req_logging [None req-5ec97dbb-d1d9-44dd-821f-3c6627b7bedf None admin] REQUEST_METHOD: `GET` {{(pid=69434) log_request_info /opt/stack/keystone/keystone/server/flask/request_processing/req_logging.py:27}}
Aug 19 21:07:12 ubuntu devstack@keystone.service[69434]: DEBUG keystone.server.flask.request_processing.req_logging [None req-5ec97dbb-d1d9-44dd-821f-3c6627b7bedf None admin] SCRIPT_NAME: `/identity` {{(pid=69434) log_request_info /opt/stack/keystone/keystone/server/flask/request_processing/req_logging.py:28}}
Aug 19 21:07:12 ubuntu devstack@keystone.service[69434]: DEBUG keystone.server.flask.request_processing.req_logging [None req-5ec97dbb-d1d9-44dd-821f-3c6627b7bedf None admin] PATH_INFO: `/v3/users/bc21cc013ca04b66b0407abcdcd87da9` {{(pid=69434) log_request_info /opt/stack/keystone/keystone/server/flask/request_processing/req_logging.py:29}}
Aug 19 21:07:12 ubuntu devstack@keystone.service[69434]: DEBUG keystone.common.rbac_enforcer.enforcer [None req-5ec97dbb-d1d9-44dd-821f-3c6627b7bedf None admin] RBAC: Authorizing `identity:get_user(user_id=bc21cc013ca04b66b0407abcdcd87da9)` {{(pid=69434) enforce_call /opt/stack/keystone/keystone/common/rbac_enforcer/enforcer.py:504}}
Aug 19 21:07:12 ubuntu devstack@keystone.service[69434]: DEBUG keystone.common.rbac_enforcer.enforcer [None req-5ec97dbb-d1d9-44dd-821f-3c6627b7bedf None admin] RBAC: Authorization granted {{(pid=69434) enforce_call /opt/stack/keystone/keystone/common/rbac_enforcer/enforcer.py:515}}
Aug 19 21:07:12 ubuntu devstack@keystone.service[69434]: [pid: 69434|app: 0|req: 15/31] 10.201.5.82 () {56 vars in 1177 bytes} [Mon Aug 19 21:07:12 2024] GET /identity/v3/users/bc21cc013ca04b66b0407abcdcd87da9 => generated 247 bytes in 85 msecs (HTTP/1.1 200) 5 headers in 177 bytes (1 switches on core 0)
Aug 19 21:07:12 ubuntu devstack@keystone.service[69434]: DEBUG keystone.server.flask.request_processing.middleware.auth_context [None req-5ec97dbb-d1d9-44dd-821f-3c6627b7bedf None admin] Authenticating user token {{(pid=69434) process_request /opt/stack/data/venv/lib/python3.10/site-packages/keystonemiddleware/auth_token/__init__.py:406}}
Aug 19 21:07:12 ubuntu devstack@keystone.service[69435]: [pid: 69435|app: 0|req: 17/32] 10.201.5.82 () {58 vars in 1023 bytes} [Mon Aug 19 21:07:12 2024] POST /identity/v3/auth/tokens => generated 862 bytes in 99 msecs (HTTP/1.1 201) 6 headers in 363 bytes (2 switches on core 0)
Aug 19 21:07:12 ubuntu devstack@keystone.service[69435]: DEBUG keystone.server.flask.request_processing.middleware.auth_context [None req-ae5843eb-e246-4d1c-a74a-d6f68cdec8f6 None None] Authenticating user token {{(pid=69435) process_request /opt/stack/data/venv/lib/python3.10/site-packages/keystonemiddleware/auth_token/__init__.py:406}}
Aug 19 21:07:12 ubuntu devstack@keystone.service[69434]: DEBUG keystone.server.flask.request_processing.middleware.auth_context [None req-5ec97dbb-d1d9-44dd-821f-3c6627b7bedf None admin] Validating token access rules against request {{(pid=69434) validate_allowed_request /opt/stack/data/venv/lib/python3.10/site-packages/keystonemiddleware/auth_token/__init__.py:544}}
Aug 19 21:07:12 ubuntu devstack@keystone.service[69435]: DEBUG keystone.server.flask.request_processing.middleware.auth_context [None req-ae5843eb-e246-4d1c-a74a-d6f68cdec8f6 None None] Validating token access rules against request {{(pid=69435) validate_allowed_request /opt/stack/data/venv/lib/python3.10/site-packages/keystonemiddleware/auth_token/__init__.py:544}}
Aug 19 21:07:12 ubuntu devstack@keystone.service[69434]: DEBUG keystone.server.flask.request_processing.middleware.auth_context [None req-567cc0e6-7418-483a-bd45-caa53ac3f632 None admin] RBAC: auth_context: {'token': <TokenModel (audit_id=psLOcHTIR7-ut_sgc_yaEA, audit_chain_id=['psLOcHTIR7-ut_sgc_yaEA']) at 0x7f45f5b68700>, 'domain_id': None, 'trust_id': None, 'trustor_id': None, 'trustee_id': None, 'domain_name': None, 'group_ids': [], 'user_id': 'bc21cc013ca04b66b0407abcdcd87da9', 'user_domain_id': 'default', 'system_scope': 'all', 'project_id': None, 'project_domain_id': None, 'roles': ['admin', 'manager', 'member', 'reader'], 'is_admin_project': True, 'service_user_id': None, 'service_user_domain_id': None, 'service_project_id': None, 'service_project_domain_id': None, 'service_roles': []} {{(pid=69434) fill_context /opt/stack/keystone/keystone/server/flask/request_processing/middleware/auth_context.py:511}}
Aug 19 21:07:12 ubuntu devstack@keystone.service[69434]: DEBUG keystone.server.flask.request_processing.req_logging [None req-567cc0e6-7418-483a-bd45-caa53ac3f632 None admin] REQUEST_METHOD: `GET` {{(pid=69434) log_request_info /opt/stack/keystone/keystone/server/flask/request_processing/req_logging.py:27}}
Aug 19 21:07:12 ubuntu devstack@keystone.service[69434]: DEBUG keystone.server.flask.request_processing.req_logging [None req-567cc0e6-7418-483a-bd45-caa53ac3f632 None admin] SCRIPT_NAME: `/identity` {{(pid=69434) log_request_info /opt/stack/keystone/keystone/server/flask/request_processing/req_logging.py:28}}
Aug 19 21:07:12 ubuntu devstack@keystone.service[69434]: DEBUG keystone.server.flask.request_processing.req_logging [None req-567cc0e6-7418-483a-bd45-caa53ac3f632 None admin] PATH_INFO: `/v3/domains/Default` {{(pid=69434) log_request_info /opt/stack/keystone/keystone/server/flask/request_processing/req_logging.py:29}}
Aug 19 21:07:12 ubuntu devstack@keystone.service[69434]: DEBUG keystone.common.rbac_enforcer.enforcer [None req-567cc0e6-7418-483a-bd45-caa53ac3f632 None admin] RBAC: Authorizing `identity:get_domain(domain_id=Default)` {{(pid=69434) enforce_call /opt/stack/keystone/keystone/common/rbac_enforcer/enforcer.py:504}}
Aug 19 21:07:12 ubuntu devstack@keystone.service[69434]: DEBUG keystone.common.rbac_enforcer.enforcer [None req-567cc0e6-7418-483a-bd45-caa53ac3f632 None admin] RBAC: Authorization granted {{(pid=69434) enforce_call /opt/stack/keystone/keystone/common/rbac_enforcer/enforcer.py:515}}
Aug 19 21:07:12 ubuntu devstack@keystone.service[69435]: DEBUG keystone.server.flask.request_processing.middleware.auth_context [None req-13133002-39e0-4728-8c72-c260e2f0770a None admin] RBAC: auth_context: {'token': <TokenModel (audit_id=_3D74BDsS9-uTLw3HURe6g, audit_chain_id=['_3D74BDsS9-uTLw3HURe6g']) at 0x7f45f5c4d660>, 'domain_id': None, 'trust_id': None, 'trustor_id': None, 'trustee_id': None, 'domain_name': None, 'group_ids': [], 'user_id': 'bc21cc013ca04b66b0407abcdcd87da9', 'user_domain_id': 'default', 'system_scope': 'all', 'project_id': None, 'project_domain_id': None, 'roles': ['admin', 'manager', 'member', 'reader'], 'is_admin_project': True, 'service_user_id': None, 'service_user_domain_id': None, 'service_project_id': None, 'service_project_domain_id': None, 'service_roles': []} {{(pid=69435) fill_context /opt/stack/keystone/keystone/server/flask/request_processing/middleware/auth_context.py:511}}
Aug 19 21:07:12 ubuntu devstack@keystone.service[69435]: DEBUG keystone.server.flask.request_processing.req_logging [None req-13133002-39e0-4728-8c72-c260e2f0770a None admin] REQUEST_METHOD: `GET` {{(pid=69435) log_request_info /opt/stack/keystone/keystone/server/flask/request_processing/req_logging.py:27}}
Aug 19 21:07:12 ubuntu devstack@keystone.service[69435]: DEBUG keystone.server.flask.request_processing.req_logging [None req-13133002-39e0-4728-8c72-c260e2f0770a None admin] SCRIPT_NAME: `/identity` {{(pid=69435) log_request_info /opt/stack/keystone/keystone/server/flask/request_processing/req_logging.py:28}}
Aug 19 21:07:12 ubuntu devstack@keystone.service[69435]: DEBUG keystone.server.flask.request_processing.req_logging [None req-13133002-39e0-4728-8c72-c260e2f0770a None admin] PATH_INFO: `/v3/domains/default` {{(pid=69435) log_request_info /opt/stack/keystone/keystone/server/flask/request_processing/req_logging.py:29}}
Aug 19 21:07:12 ubuntu devstack@keystone.service[69435]: DEBUG keystone.common.rbac_enforcer.enforcer [None req-13133002-39e0-4728-8c72-c260e2f0770a None admin] RBAC: Authorizing `identity:get_domain(domain_id=default)` {{(pid=69435) enforce_call /opt/stack/keystone/keystone/common/rbac_enforcer/enforcer.py:504}}
Aug 19 21:07:12 ubuntu devstack@keystone.service[69435]: DEBUG keystone.common.rbac_enforcer.enforcer [None req-13133002-39e0-4728-8c72-c260e2f0770a None admin] RBAC: Authorization granted {{(pid=69435) enforce_call /opt/stack/keystone/keystone/common/rbac_enforcer/enforcer.py:515}}
Aug 19 21:07:12 ubuntu devstack@keystone.service[69435]: [pid: 69435|app: 0|req: 18/33] 10.201.5.82 () {56 vars in 1108 bytes} [Mon Aug 19 21:07:12 2024] GET /identity/v3/domains/default => generated 199 bytes in 57 msecs (HTTP/1.1 200) 5 headers in 177 bytes (1 switches on core 0)
Aug 19 21:07:12 ubuntu devstack@keystone.service[69434]: DEBUG keystone.server.flask.application [None req-567cc0e6-7418-483a-bd45-caa53ac3f632 None admin] Could not find domain: Default. {{(pid=69434) _handle_keystone_exception /opt/stack/keystone/keystone/server/flask/application.py:96}}
Aug 19 21:07:12 ubuntu devstack@keystone.service[69434]: [pid: 69434|app: 0|req: 16/34] 10.201.5.82 () {56 vars in 1108 bytes} [Mon Aug 19 21:07:12 2024] GET /identity/v3/domains/Default => generated 87 bytes in 66 msecs (HTTP/1.1 404) 5 headers in 183 bytes (1 switches on core 0)
Aug 19 21:07:12 ubuntu devstack@keystone.service[69434]: DEBUG keystone.server.flask.request_processing.middleware.auth_context [None req-567cc0e6-7418-483a-bd45-caa53ac3f632 None admin] Authenticating user token {{(pid=69434) process_request /opt/stack/data/venv/lib/python3.10/site-packages/keystonemiddleware/auth_token/__init__.py:406}}
Aug 19 21:07:12 ubuntu devstack@keystone.service[69435]: DEBUG keystone.server.flask.request_processing.middleware.auth_context [None req-13133002-39e0-4728-8c72-c260e2f0770a None admin] Authenticating user token {{(pid=69435) process_request /opt/stack/data/venv/lib/python3.10/site-packages/keystonemiddleware/auth_token/__init__.py:406}}
Aug 19 21:07:12 ubuntu devstack@keystone.service[69435]: DEBUG keystone.server.flask.request_processing.middleware.auth_context [None req-13133002-39e0-4728-8c72-c260e2f0770a None admin] Validating token access rules against request {{(pid=69435) validate_allowed_request /opt/stack/data/venv/lib/python3.10/site-packages/keystonemiddleware/auth_token/__init__.py:544}}
Aug 19 21:07:12 ubuntu devstack@keystone.service[69434]: DEBUG keystone.server.flask.request_processing.middleware.auth_context [None req-567cc0e6-7418-483a-bd45-caa53ac3f632 None admin] Validating token access rules against request {{(pid=69434) validate_allowed_request /opt/stack/data/venv/lib/python3.10/site-packages/keystonemiddleware/auth_token/__init__.py:544}}
Aug 19 21:07:12 ubuntu devstack@keystone.service[69435]: DEBUG keystone.server.flask.request_processing.middleware.auth_context [None req-e45219a3-a1c0-4ea4-b5f8-a9bfe14134d3 None admin] RBAC: auth_context: {'token': <TokenModel (audit_id=psLOcHTIR7-ut_sgc_yaEA, audit_chain_id=['psLOcHTIR7-ut_sgc_yaEA']) at 0x7f45f5c4c9a0>, 'domain_id': None, 'trust_id': None, 'trustor_id': None, 'trustee_id': None, 'domain_name': None, 'group_ids': [], 'user_id': 'bc21cc013ca04b66b0407abcdcd87da9', 'user_domain_id': 'default', 'system_scope': 'all', 'project_id': None, 'project_domain_id': None, 'roles': ['admin', 'manager', 'member', 'reader'], 'is_admin_project': True, 'service_user_id': None, 'service_user_domain_id': None, 'service_project_id': None, 'service_project_domain_id': None, 'service_roles': []} {{(pid=69435) fill_context /opt/stack/keystone/keystone/server/flask/request_processing/middleware/auth_context.py:511}}
Aug 19 21:07:12 ubuntu devstack@keystone.service[69435]: DEBUG keystone.server.flask.request_processing.req_logging [None req-e45219a3-a1c0-4ea4-b5f8-a9bfe14134d3 None admin] REQUEST_METHOD: `GET` {{(pid=69435) log_request_info /opt/stack/keystone/keystone/server/flask/request_processing/req_logging.py:27}}
Aug 19 21:07:12 ubuntu devstack@keystone.service[69435]: DEBUG keystone.server.flask.request_processing.req_logging [None req-e45219a3-a1c0-4ea4-b5f8-a9bfe14134d3 None admin] SCRIPT_NAME: `/identity` {{(pid=69435) log_request_info /opt/stack/keystone/keystone/server/flask/request_processing/req_logging.py:28}}
Aug 19 21:07:12 ubuntu devstack@keystone.service[69435]: DEBUG keystone.server.flask.request_processing.req_logging [None req-e45219a3-a1c0-4ea4-b5f8-a9bfe14134d3 None admin] PATH_INFO: `/v3/domains` {{(pid=69435) log_request_info /opt/stack/keystone/keystone/server/flask/request_processing/req_logging.py:29}}
Aug 19 21:07:12 ubuntu devstack@keystone.service[69434]: DEBUG keystone.server.flask.request_processing.middleware.auth_context [None req-6e8c4fbb-a8e9-4b85-82b9-3b82e3d3d2d3 None admin] RBAC: auth_context: {'token': <TokenModel (audit_id=_3D74BDsS9-uTLw3HURe6g, audit_chain_id=['_3D74BDsS9-uTLw3HURe6g']) at 0x7f45f5e49c30>, 'domain_id': None, 'trust_id': None, 'trustor_id': None, 'trustee_id': None, 'domain_name': None, 'group_ids': [], 'user_id': 'bc21cc013ca04b66b0407abcdcd87da9', 'user_domain_id': 'default', 'system_scope': 'all', 'project_id': None, 'project_domain_id': None, 'roles': ['admin', 'manager', 'member', 'reader'], 'is_admin_project': True, 'service_user_id': None, 'service_user_domain_id': None, 'service_project_id': None, 'service_project_domain_id': None, 'service_roles': []} {{(pid=69434) fill_context /opt/stack/keystone/keystone/server/flask/request_processing/middleware/auth_context.py:511}}
Aug 19 21:07:12 ubuntu devstack@keystone.service[69434]: DEBUG keystone.server.flask.request_processing.req_logging [None req-6e8c4fbb-a8e9-4b85-82b9-3b82e3d3d2d3 None admin] REQUEST_METHOD: `GET` {{(pid=69434) log_request_info /opt/stack/keystone/keystone/server/flask/request_processing/req_logging.py:27}}
Aug 19 21:07:12 ubuntu devstack@keystone.service[69434]: DEBUG keystone.server.flask.request_processing.req_logging [None req-6e8c4fbb-a8e9-4b85-82b9-3b82e3d3d2d3 None admin] SCRIPT_NAME: `/identity` {{(pid=69434) log_request_info /opt/stack/keystone/keystone/server/flask/request_processing/req_logging.py:28}}
Aug 19 21:07:12 ubuntu devstack@keystone.service[69434]: DEBUG keystone.server.flask.request_processing.req_logging [None req-6e8c4fbb-a8e9-4b85-82b9-3b82e3d3d2d3 None admin] PATH_INFO: `/v3/role_assignments` {{(pid=69434) log_request_info /opt/stack/keystone/keystone/server/flask/request_processing/req_logging.py:29}}
Aug 19 21:07:12 ubuntu devstack@keystone.service[69435]: DEBUG keystone.common.rbac_enforcer.enforcer [None req-e45219a3-a1c0-4ea4-b5f8-a9bfe14134d3 None admin] RBAC: Adding query filter params (name=Default) {{(pid=69435) _extract_filter_values /opt/stack/keystone/keystone/common/rbac_enforcer/enforcer.py:185}}
Aug 19 21:07:12 ubuntu devstack@keystone.service[69435]: DEBUG keystone.common.rbac_enforcer.enforcer [None req-e45219a3-a1c0-4ea4-b5f8-a9bfe14134d3 None admin] RBAC: Authorizing `identity:list_domains()` {{(pid=69435) enforce_call /opt/stack/keystone/keystone/common/rbac_enforcer/enforcer.py:504}}
Aug 19 21:07:12 ubuntu devstack@keystone.service[69434]: DEBUG keystone.common.rbac_enforcer.enforcer [None req-6e8c4fbb-a8e9-4b85-82b9-3b82e3d3d2d3 None admin] RBAC: Adding query filter params (role.id=bde2837e5eff4809a3bfe4b56048dac7, scope.domain.id=default, user.id=bc21cc013ca04b66b0407abcdcd87da9) {{(pid=69434) _extract_filter_values /opt/stack/keystone/keystone/common/rbac_enforcer/enforcer.py:185}}
Aug 19 21:07:12 ubuntu devstack@keystone.service[69434]: DEBUG keystone.common.rbac_enforcer.enforcer [None req-6e8c4fbb-a8e9-4b85-82b9-3b82e3d3d2d3 None admin] RBAC: Authorizing `identity:list_role_assignments()` {{(pid=69434) enforce_call /opt/stack/keystone/keystone/common/rbac_enforcer/enforcer.py:504}}
Aug 19 21:07:12 ubuntu devstack@keystone.service[69434]: DEBUG keystone.common.rbac_enforcer.enforcer [None req-6e8c4fbb-a8e9-4b85-82b9-3b82e3d3d2d3 None admin] RBAC: Authorization granted {{(pid=69434) enforce_call /opt/stack/keystone/keystone/common/rbac_enforcer/enforcer.py:515}}
Aug 19 21:07:12 ubuntu devstack@keystone.service[69435]: DEBUG keystone.common.rbac_enforcer.enforcer [None req-e45219a3-a1c0-4ea4-b5f8-a9bfe14134d3 None admin] RBAC: Authorization granted {{(pid=69435) enforce_call /opt/stack/keystone/keystone/common/rbac_enforcer/enforcer.py:515}}
Aug 19 21:07:12 ubuntu devstack@keystone.service[69434]: [pid: 69434|app: 0|req: 17/35] 10.201.5.82 () {56 vars in 1322 bytes} [Mon Aug 19 21:07:12 2024] GET /identity/v3/role_assignments?user.id=bc21cc013ca04b66b0407abcdcd87da9&scope.domain.id=default&role.id=bde2837e5eff4809a3bfe4b56048dac7 => generated 530 bytes in 57 msecs (HTTP/1.1 200) 5 headers in 177 bytes (1 switches on core 0)
Aug 19 21:07:12 ubuntu devstack@keystone.service[69434]: DEBUG keystone.server.flask.request_processing.middleware.auth_context [None req-6e8c4fbb-a8e9-4b85-82b9-3b82e3d3d2d3 None admin] Authenticating user token {{(pid=69434) process_request /opt/stack/data/venv/lib/python3.10/site-packages/keystonemiddleware/auth_token/__init__.py:406}}
Aug 19 21:07:12 ubuntu devstack@keystone.service[69435]: [pid: 69435|app: 0|req: 19/36] 10.201.5.82 () {56 vars in 1109 bytes} [Mon Aug 19 21:07:12 2024] GET /identity/v3/domains?name=Default => generated 308 bytes in 61 msecs (HTTP/1.1 200) 5 headers in 177 bytes (1 switches on core 0)
Aug 19 21:07:12 ubuntu devstack@keystone.service[69435]: DEBUG keystone.server.flask.request_processing.middleware.auth_context [None req-e45219a3-a1c0-4ea4-b5f8-a9bfe14134d3 None admin] Authenticating user token {{(pid=69435) process_request /opt/stack/data/venv/lib/python3.10/site-packages/keystonemiddleware/auth_token/__init__.py:406}}
Aug 19 21:07:13 ubuntu devstack@keystone.service[69434]: DEBUG keystone.server.flask.request_processing.middleware.auth_context [None req-6e8c4fbb-a8e9-4b85-82b9-3b82e3d3d2d3 None admin] Validating token access rules against request {{(pid=69434) validate_allowed_request /opt/stack/data/venv/lib/python3.10/site-packages/keystonemiddleware/auth_token/__init__.py:544}}
Aug 19 21:07:13 ubuntu devstack@keystone.service[69435]: DEBUG keystone.server.flask.request_processing.middleware.auth_context [None req-e45219a3-a1c0-4ea4-b5f8-a9bfe14134d3 None admin] Validating token access rules against request {{(pid=69435) validate_allowed_request /opt/stack/data/venv/lib/python3.10/site-packages/keystonemiddleware/auth_token/__init__.py:544}}
Aug 19 21:07:13 ubuntu devstack@keystone.service[69434]: DEBUG keystone.server.flask.request_processing.middleware.auth_context [None req-12c06562-ba79-40e9-bb4f-43db1a06e2a6 None admin] RBAC: auth_context: {'token': <TokenModel (audit_id=Yj726NDWSLy6gTeQjsq1_w, audit_chain_id=['Yj726NDWSLy6gTeQjsq1_w']) at 0x7f45f5b69a20>, 'domain_id': None, 'trust_id': None, 'trustor_id': None, 'trustee_id': None, 'domain_name': None, 'group_ids': [], 'user_id': 'bc21cc013ca04b66b0407abcdcd87da9', 'user_domain_id': 'default', 'system_scope': 'all', 'project_id': None, 'project_domain_id': None, 'roles': ['admin', 'manager', 'member', 'reader'], 'is_admin_project': True, 'service_user_id': None, 'service_user_domain_id': None, 'service_project_id': None, 'service_project_domain_id': None, 'service_roles': []} {{(pid=69434) fill_context /opt/stack/keystone/keystone/server/flask/request_processing/middleware/auth_context.py:511}}
Aug 19 21:07:13 ubuntu devstack@keystone.service[69434]: DEBUG keystone.server.flask.request_processing.req_logging [None req-12c06562-ba79-40e9-bb4f-43db1a06e2a6 None admin] REQUEST_METHOD: `POST` {{(pid=69434) log_request_info /opt/stack/keystone/keystone/server/flask/request_processing/req_logging.py:27}}
Aug 19 21:07:13 ubuntu devstack@keystone.service[69434]: DEBUG keystone.server.flask.request_processing.req_logging [None req-12c06562-ba79-40e9-bb4f-43db1a06e2a6 None admin] SCRIPT_NAME: `/identity` {{(pid=69434) log_request_info /opt/stack/keystone/keystone/server/flask/request_processing/req_logging.py:28}}
Aug 19 21:07:13 ubuntu devstack@keystone.service[69434]: DEBUG keystone.server.flask.request_processing.req_logging [None req-12c06562-ba79-40e9-bb4f-43db1a06e2a6 None admin] PATH_INFO: `/v3/roles` {{(pid=69434) log_request_info /opt/stack/keystone/keystone/server/flask/request_processing/req_logging.py:29}}
Aug 19 21:07:13 ubuntu devstack@keystone.service[69434]: DEBUG keystone.common.rbac_enforcer.enforcer [None req-12c06562-ba79-40e9-bb4f-43db1a06e2a6 None admin] RBAC: Authorizing `identity:create_role()` {{(pid=69434) enforce_call /opt/stack/keystone/keystone/common/rbac_enforcer/enforcer.py:504}}
Aug 19 21:07:13 ubuntu devstack@keystone.service[69434]: DEBUG keystone.common.rbac_enforcer.enforcer [None req-12c06562-ba79-40e9-bb4f-43db1a06e2a6 None admin] RBAC: Authorization granted {{(pid=69434) enforce_call /opt/stack/keystone/keystone/common/rbac_enforcer/enforcer.py:515}}
Aug 19 21:07:13 ubuntu devstack@keystone.service[69435]: DEBUG keystone.server.flask.request_processing.middleware.auth_context [None req-dcef7380-1b1a-4c5c-9e14-6572b5397401 None admin] RBAC: auth_context: {'token': <TokenModel (audit_id=psLOcHTIR7-ut_sgc_yaEA, audit_chain_id=['psLOcHTIR7-ut_sgc_yaEA']) at 0x7f45f5c4fee0>, 'domain_id': None, 'trust_id': None, 'trustor_id': None, 'trustee_id': None, 'domain_name': None, 'group_ids': [], 'user_id': 'bc21cc013ca04b66b0407abcdcd87da9', 'user_domain_id': 'default', 'system_scope': 'all', 'project_id': None, 'project_domain_id': None, 'roles': ['admin', 'manager', 'member', 'reader'], 'is_admin_project': True, 'service_user_id': None, 'service_user_domain_id': None, 'service_project_id': None, 'service_project_domain_id': None, 'service_roles': []} {{(pid=69435) fill_context /opt/stack/keystone/keystone/server/flask/request_processing/middleware/auth_context.py:511}}
Aug 19 21:07:13 ubuntu devstack@keystone.service[69435]: DEBUG keystone.server.flask.request_processing.req_logging [None req-dcef7380-1b1a-4c5c-9e14-6572b5397401 None admin] REQUEST_METHOD: `POST` {{(pid=69435) log_request_info /opt/stack/keystone/keystone/server/flask/request_processing/req_logging.py:27}}
Aug 19 21:07:13 ubuntu devstack@keystone.service[69435]: DEBUG keystone.server.flask.request_processing.req_logging [None req-dcef7380-1b1a-4c5c-9e14-6572b5397401 None admin] SCRIPT_NAME: `/identity` {{(pid=69435) log_request_info /opt/stack/keystone/keystone/server/flask/request_processing/req_logging.py:28}}
Aug 19 21:07:13 ubuntu devstack@keystone.service[69435]: DEBUG keystone.server.flask.request_processing.req_logging [None req-dcef7380-1b1a-4c5c-9e14-6572b5397401 None admin] PATH_INFO: `/v3/projects` {{(pid=69435) log_request_info /opt/stack/keystone/keystone/server/flask/request_processing/req_logging.py:29}}
Aug 19 21:07:13 ubuntu devstack@keystone.service[69435]: DEBUG keystone.common.rbac_enforcer.enforcer [None req-dcef7380-1b1a-4c5c-9e14-6572b5397401 None admin] RBAC: Authorizing `identity:create_project()` {{(pid=69435) enforce_call /opt/stack/keystone/keystone/common/rbac_enforcer/enforcer.py:504}}
Aug 19 21:07:13 ubuntu devstack@keystone.service[69435]: DEBUG keystone.common.rbac_enforcer.enforcer [None req-dcef7380-1b1a-4c5c-9e14-6572b5397401 None admin] RBAC: Authorization granted {{(pid=69435) enforce_call /opt/stack/keystone/keystone/common/rbac_enforcer/enforcer.py:515}}
Aug 19 21:07:13 ubuntu devstack@keystone.service[69434]: DEBUG keystone.common.sql.core [None req-12c06562-ba79-40e9-bb4f-43db1a06e2a6 None admin] Conflict role: (pymysql.err.IntegrityError) (1062, "Duplicate entry 'service-<<null>>' for key 'role.ixu_role_name_domain_id'")
Aug 19 21:07:13 ubuntu devstack@keystone.service[69434]: [SQL: INSERT INTO `role` (id, name, description, extra) VALUES (%(id)s, %(name)s, %(description)s, %(extra)s)]
Aug 19 21:07:13 ubuntu devstack@keystone.service[69434]: [parameters: {'id': 'b9b6541aff6f4162922ce4806d96820c', 'name': 'service', 'description': None, 'extra': '{}'}]
Aug 19 21:07:13 ubuntu devstack@keystone.service[69434]: (Background on this error at: https://sqlalche.me/e/20/gkpj) {{(pid=69434) wrapper /opt/stack/keystone/keystone/common/sql/core.py:547}}
Aug 19 21:07:13 ubuntu devstack@keystone.service[69434]: ERROR keystone.server.flask.application [None req-12c06562-ba79-40e9-bb4f-43db1a06e2a6 None admin] Conflict occurred attempting to store role - Duplicate entry found with name service.: keystone.exception.Conflict: Conflict occurred attempting to store role - Duplicate entry found with name service.
Aug 19 21:07:13 ubuntu devstack@keystone.service[69434]: ERROR keystone.server.flask.application Traceback (most recent call last):
Aug 19 21:07:13 ubuntu devstack@keystone.service[69434]: ERROR keystone.server.flask.application   File "/opt/stack/data/venv/lib/python3.10/site-packages/sqlalchemy/engine/base.py", line 1967, in _exec_single_context
Aug 19 21:07:13 ubuntu devstack@keystone.service[69434]: ERROR keystone.server.flask.application     self.dialect.do_execute(
Aug 19 21:07:13 ubuntu devstack@keystone.service[69434]: ERROR keystone.server.flask.application   File "/opt/stack/data/venv/lib/python3.10/site-packages/sqlalchemy/engine/default.py", line 924, in do_execute
Aug 19 21:07:13 ubuntu devstack@keystone.service[69434]: ERROR keystone.server.flask.application     cursor.execute(statement, parameters)
Aug 19 21:07:13 ubuntu devstack@keystone.service[69434]: ERROR keystone.server.flask.application   File "/opt/stack/data/venv/lib/python3.10/site-packages/pymysql/cursors.py", line 153, in execute
Aug 19 21:07:13 ubuntu devstack@keystone.service[69434]: ERROR keystone.server.flask.application     result = self._query(query)
Aug 19 21:07:13 ubuntu devstack@keystone.service[69434]: ERROR keystone.server.flask.application   File "/opt/stack/data/venv/lib/python3.10/site-packages/pymysql/cursors.py", line 322, in _query
Aug 19 21:07:13 ubuntu devstack@keystone.service[69434]: ERROR keystone.server.flask.application     conn.query(q)
Aug 19 21:07:13 ubuntu devstack@keystone.service[69434]: ERROR keystone.server.flask.application   File "/opt/stack/data/venv/lib/python3.10/site-packages/pymysql/connections.py", line 563, in query
Aug 19 21:07:13 ubuntu devstack@keystone.service[69434]: ERROR keystone.server.flask.application     self._affected_rows = self._read_query_result(unbuffered=unbuffered)
Aug 19 21:07:13 ubuntu devstack@keystone.service[69434]: ERROR keystone.server.flask.application   File "/opt/stack/data/venv/lib/python3.10/site-packages/pymysql/connections.py", line 825, in _read_query_result
Aug 19 21:07:13 ubuntu devstack@keystone.service[69434]: ERROR keystone.server.flask.application     result.read()
Aug 19 21:07:13 ubuntu devstack@keystone.service[69434]: ERROR keystone.server.flask.application   File "/opt/stack/data/venv/lib/python3.10/site-packages/pymysql/connections.py", line 1199, in read
Aug 19 21:07:13 ubuntu devstack@keystone.service[69434]: ERROR keystone.server.flask.application     first_packet = self.connection._read_packet()
Aug 19 21:07:13 ubuntu devstack@keystone.service[69434]: ERROR keystone.server.flask.application   File "/opt/stack/data/venv/lib/python3.10/site-packages/pymysql/connections.py", line 775, in _read_packet
Aug 19 21:07:13 ubuntu devstack@keystone.service[69434]: ERROR keystone.server.flask.application     packet.raise_for_error()
Aug 19 21:07:13 ubuntu devstack@keystone.service[69434]: ERROR keystone.server.flask.application   File "/opt/stack/data/venv/lib/python3.10/site-packages/pymysql/protocol.py", line 219, in raise_for_error
Aug 19 21:07:13 ubuntu devstack@keystone.service[69434]: ERROR keystone.server.flask.application     err.raise_mysql_exception(self._data)
Aug 19 21:07:13 ubuntu devstack@keystone.service[69434]: ERROR keystone.server.flask.application   File "/opt/stack/data/venv/lib/python3.10/site-packages/pymysql/err.py", line 150, in raise_mysql_exception
Aug 19 21:07:13 ubuntu devstack@keystone.service[69434]: ERROR keystone.server.flask.application     raise errorclass(errno, errval)
Aug 19 21:07:13 ubuntu devstack@keystone.service[69434]: ERROR keystone.server.flask.application pymysql.err.IntegrityError: (1062, "Duplicate entry 'service-<<null>>' for key 'role.ixu_role_name_domain_id'")
Aug 19 21:07:13 ubuntu devstack@keystone.service[69434]: ERROR keystone.server.flask.application 
Aug 19 21:07:13 ubuntu devstack@keystone.service[69434]: ERROR keystone.server.flask.application The above exception was the direct cause of the following exception:
Aug 19 21:07:13 ubuntu devstack@keystone.service[69434]: ERROR keystone.server.flask.application 
Aug 19 21:07:13 ubuntu devstack@keystone.service[69434]: ERROR keystone.server.flask.application Traceback (most recent call last):
Aug 19 21:07:13 ubuntu devstack@keystone.service[69434]: ERROR keystone.server.flask.application   File "/opt/stack/keystone/keystone/common/sql/core.py", line 542, in wrapper
Aug 19 21:07:13 ubuntu devstack@keystone.service[69434]: ERROR keystone.server.flask.application     return method(*args, **kwargs)
Aug 19 21:07:13 ubuntu devstack@keystone.service[69434]: ERROR keystone.server.flask.application   File "/opt/stack/keystone/keystone/assignment/role_backends/sql.py", line 26, in create_role
Aug 19 21:07:13 ubuntu devstack@keystone.service[69434]: ERROR keystone.server.flask.application     with sql.session_for_write() as session:
Aug 19 21:07:13 ubuntu devstack@keystone.service[69434]: ERROR keystone.server.flask.application   File "/usr/lib/python3.10/contextlib.py", line 142, in __exit__
Aug 19 21:07:13 ubuntu devstack@keystone.service[69434]: ERROR keystone.server.flask.application     next(self.gen)
Aug 19 21:07:13 ubuntu devstack@keystone.service[69434]: ERROR keystone.server.flask.application   File "/opt/stack/data/venv/lib/python3.10/site-packages/oslo_db/sqlalchemy/enginefacade.py", line 1042, in _transaction_scope
Aug 19 21:07:13 ubuntu devstack@keystone.service[69434]: ERROR keystone.server.flask.application     with current._produce_block(
Aug 19 21:07:13 ubuntu devstack@keystone.service[69434]: ERROR keystone.server.flask.application   File "/usr/lib/python3.10/contextlib.py", line 142, in __exit__
Aug 19 21:07:13 ubuntu devstack@keystone.service[69434]: ERROR keystone.server.flask.application     next(self.gen)
Aug 19 21:07:13 ubuntu devstack@keystone.service[69434]: ERROR keystone.server.flask.application   File "/opt/stack/data/venv/lib/python3.10/site-packages/oslo_db/sqlalchemy/enginefacade.py", line 649, in _session
Aug 19 21:07:13 ubuntu devstack@keystone.service[69434]: ERROR keystone.server.flask.application     with excutils.save_and_reraise_exception():
Aug 19 21:07:13 ubuntu devstack@keystone.service[69434]: ERROR keystone.server.flask.application   File "/opt/stack/data/venv/lib/python3.10/site-packages/oslo_utils/excutils.py", line 227, in __exit__
Aug 19 21:07:13 ubuntu devstack@keystone.service[69434]: ERROR keystone.server.flask.application     self.force_reraise()
Aug 19 21:07:13 ubuntu devstack@keystone.service[69434]: ERROR keystone.server.flask.application   File "/opt/stack/data/venv/lib/python3.10/site-packages/oslo_utils/excutils.py", line 200, in force_reraise
Aug 19 21:07:13 ubuntu devstack@keystone.service[69434]: ERROR keystone.server.flask.application     raise self.value
Aug 19 21:07:13 ubuntu devstack@keystone.service[69434]: ERROR keystone.server.flask.application   File "/opt/stack/data/venv/lib/python3.10/site-packages/oslo_db/sqlalchemy/enginefacade.py", line 647, in _session
Aug 19 21:07:13 ubuntu devstack@keystone.service[69434]: ERROR keystone.server.flask.application     self._end_session_transaction(self.session)
Aug 19 21:07:13 ubuntu devstack@keystone.service[69434]: ERROR keystone.server.flask.application   File "/opt/stack/data/venv/lib/python3.10/site-packages/oslo_db/sqlalchemy/enginefacade.py", line 675, in _end_session_transaction
Aug 19 21:07:13 ubuntu devstack@keystone.service[69434]: ERROR keystone.server.flask.application     session.commit()
Aug 19 21:07:13 ubuntu devstack@keystone.service[69434]: ERROR keystone.server.flask.application   File "/opt/stack/data/venv/lib/python3.10/site-packages/sqlalchemy/orm/session.py", line 2017, in commit
Aug 19 21:07:13 ubuntu devstack@keystone.service[69434]: ERROR keystone.server.flask.application     trans.commit(_to_root=True)
Aug 19 21:07:13 ubuntu devstack@keystone.service[69434]: ERROR keystone.server.flask.application   File "<string>", line 2, in commit
Aug 19 21:07:13 ubuntu devstack@keystone.service[69434]: ERROR keystone.server.flask.application   File "/opt/stack/data/venv/lib/python3.10/site-packages/sqlalchemy/orm/state_changes.py", line 139, in _go
Aug 19 21:07:13 ubuntu devstack@keystone.service[69434]: ERROR keystone.server.flask.application     ret_value = fn(self, *arg, **kw)
Aug 19 21:07:13 ubuntu devstack@keystone.service[69434]: ERROR keystone.server.flask.application   File "/opt/stack/data/venv/lib/python3.10/site-packages/sqlalchemy/orm/session.py", line 1302, in commit
Aug 19 21:07:13 ubuntu devstack@keystone.service[69434]: ERROR keystone.server.flask.application     self._prepare_impl()
Aug 19 21:07:13 ubuntu devstack@keystone.service[69434]: ERROR keystone.server.flask.application   File "<string>", line 2, in _prepare_impl
Aug 19 21:07:13 ubuntu devstack@keystone.service[69434]: ERROR keystone.server.flask.application   File "/opt/stack/data/venv/lib/python3.10/site-packages/sqlalchemy/orm/state_changes.py", line 139, in _go
Aug 19 21:07:13 ubuntu devstack@keystone.service[69434]: ERROR keystone.server.flask.application     ret_value = fn(self, *arg, **kw)
Aug 19 21:07:13 ubuntu devstack@keystone.service[69434]: ERROR keystone.server.flask.application   File "/opt/stack/data/venv/lib/python3.10/site-packages/sqlalchemy/orm/session.py", line 1277, in _prepare_impl
Aug 19 21:07:13 ubuntu devstack@keystone.service[69434]: ERROR keystone.server.flask.application     self.session.flush()
Aug 19 21:07:13 ubuntu devstack@keystone.service[69434]: ERROR keystone.server.flask.application   File "/opt/stack/data/venv/lib/python3.10/site-packages/sqlalchemy/orm/session.py", line 4341, in flush
Aug 19 21:07:13 ubuntu devstack@keystone.service[69434]: ERROR keystone.server.flask.application     self._flush(objects)
Aug 19 21:07:13 ubuntu devstack@keystone.service[69434]: ERROR keystone.server.flask.application   File "/opt/stack/data/venv/lib/python3.10/site-packages/sqlalchemy/orm/session.py", line 4476, in _flush
Aug 19 21:07:13 ubuntu devstack@keystone.service[69434]: ERROR keystone.server.flask.application     with util.safe_reraise():
Aug 19 21:07:13 ubuntu devstack@keystone.service[69434]: ERROR keystone.server.flask.application   File "/opt/stack/data/venv/lib/python3.10/site-packages/sqlalchemy/util/langhelpers.py", line 146, in __exit__
Aug 19 21:07:13 ubuntu devstack@keystone.service[69434]: ERROR keystone.server.flask.application     raise exc_value.with_traceback(exc_tb)
Aug 19 21:07:13 ubuntu devstack@keystone.service[69434]: ERROR keystone.server.flask.application   File "/opt/stack/data/venv/lib/python3.10/site-packages/sqlalchemy/orm/session.py", line 4437, in _flush
Aug 19 21:07:13 ubuntu devstack@keystone.service[69434]: ERROR keystone.server.flask.application     flush_context.execute()
Aug 19 21:07:13 ubuntu devstack@keystone.service[69434]: ERROR keystone.server.flask.application   File "/opt/stack/data/venv/lib/python3.10/site-packages/sqlalchemy/orm/unitofwork.py", line 466, in execute
Aug 19 21:07:13 ubuntu devstack@keystone.service[69434]: ERROR keystone.server.flask.application     rec.execute(self)
Aug 19 21:07:13 ubuntu devstack@keystone.service[69434]: ERROR keystone.server.flask.application   File "/opt/stack/data/venv/lib/python3.10/site-packages/sqlalchemy/orm/unitofwork.py", line 642, in execute
Aug 19 21:07:13 ubuntu devstack@keystone.service[69434]: ERROR keystone.server.flask.application     util.preloaded.orm_persistence.save_obj(
Aug 19 21:07:13 ubuntu devstack@keystone.service[69434]: ERROR keystone.server.flask.application   File "/opt/stack/data/venv/lib/python3.10/site-packages/sqlalchemy/orm/persistence.py", line 93, in save_obj
Aug 19 21:07:13 ubuntu devstack@keystone.service[69434]: ERROR keystone.server.flask.application     _emit_insert_statements(
Aug 19 21:07:13 ubuntu devstack@keystone.service[69434]: ERROR keystone.server.flask.application   File "/opt/stack/data/venv/lib/python3.10/site-packages/sqlalchemy/orm/persistence.py", line 1048, in _emit_insert_statements
Aug 19 21:07:13 ubuntu devstack@keystone.service[69434]: ERROR keystone.server.flask.application     result = connection.execute(
Aug 19 21:07:13 ubuntu devstack@keystone.service[69434]: ERROR keystone.server.flask.application   File "/opt/stack/data/venv/lib/python3.10/site-packages/sqlalchemy/engine/base.py", line 1418, in execute
Aug 19 21:07:13 ubuntu devstack@keystone.service[69434]: ERROR keystone.server.flask.application     return meth(
Aug 19 21:07:13 ubuntu devstack@keystone.service[69434]: ERROR keystone.server.flask.application   File "/opt/stack/data/venv/lib/python3.10/site-packages/sqlalchemy/sql/elements.py", line 515, in _execute_on_connection
Aug 19 21:07:13 ubuntu devstack@keystone.service[69434]: ERROR keystone.server.flask.application     return connection._execute_clauseelement(
Aug 19 21:07:13 ubuntu devstack@keystone.service[69434]: ERROR keystone.server.flask.application   File "/opt/stack/data/venv/lib/python3.10/site-packages/sqlalchemy/engine/base.py", line 1640, in _execute_clauseelement
Aug 19 21:07:13 ubuntu devstack@keystone.service[69434]: ERROR keystone.server.flask.application     ret = self._execute_context(
Aug 19 21:07:13 ubuntu devstack@keystone.service[69434]: ERROR keystone.server.flask.application   File "/opt/stack/data/venv/lib/python3.10/site-packages/sqlalchemy/engine/base.py", line 1846, in _execute_context
Aug 19 21:07:13 ubuntu devstack@keystone.service[69434]: ERROR keystone.server.flask.application     return self._exec_single_context(
Aug 19 21:07:13 ubuntu devstack@keystone.service[69434]: ERROR keystone.server.flask.application   File "/opt/stack/data/venv/lib/python3.10/site-packages/sqlalchemy/engine/base.py", line 1986, in _exec_single_context
Aug 19 21:07:13 ubuntu devstack@keystone.service[69434]: ERROR keystone.server.flask.application     self._handle_dbapi_exception(
Aug 19 21:07:13 ubuntu devstack@keystone.service[69434]: ERROR keystone.server.flask.application   File "/opt/stack/data/venv/lib/python3.10/site-packages/sqlalchemy/engine/base.py", line 2350, in _handle_dbapi_exception
Aug 19 21:07:13 ubuntu devstack@keystone.service[69434]: ERROR keystone.server.flask.application     raise newraise.with_traceback(exc_info[2]) from e
Aug 19 21:07:13 ubuntu devstack@keystone.service[69434]: ERROR keystone.server.flask.application   File "/opt/stack/data/venv/lib/python3.10/site-packages/sqlalchemy/engine/base.py", line 1967, in _exec_single_context
Aug 19 21:07:13 ubuntu devstack@keystone.service[69434]: ERROR keystone.server.flask.application     self.dialect.do_execute(
Aug 19 21:07:13 ubuntu devstack@keystone.service[69434]: ERROR keystone.server.flask.application   File "/opt/stack/data/venv/lib/python3.10/site-packages/sqlalchemy/engine/default.py", line 924, in do_execute
Aug 19 21:07:13 ubuntu devstack@keystone.service[69434]: ERROR keystone.server.flask.application     cursor.execute(statement, parameters)
Aug 19 21:07:13 ubuntu devstack@keystone.service[69434]: ERROR keystone.server.flask.application   File "/opt/stack/data/venv/lib/python3.10/site-packages/pymysql/cursors.py", line 153, in execute
Aug 19 21:07:13 ubuntu devstack@keystone.service[69434]: ERROR keystone.server.flask.application     result = self._query(query)
Aug 19 21:07:13 ubuntu devstack@keystone.service[69434]: ERROR keystone.server.flask.application   File "/opt/stack/data/venv/lib/python3.10/site-packages/pymysql/cursors.py", line 322, in _query
Aug 19 21:07:13 ubuntu devstack@keystone.service[69434]: ERROR keystone.server.flask.application     conn.query(q)
Aug 19 21:07:13 ubuntu devstack@keystone.service[69434]: ERROR keystone.server.flask.application   File "/opt/stack/data/venv/lib/python3.10/site-packages/pymysql/connections.py", line 563, in query
Aug 19 21:07:13 ubuntu devstack@keystone.service[69434]: ERROR keystone.server.flask.application     self._affected_rows = self._read_query_result(unbuffered=unbuffered)
Aug 19 21:07:13 ubuntu devstack@keystone.service[69434]: ERROR keystone.server.flask.application   File "/opt/stack/data/venv/lib/python3.10/site-packages/pymysql/connections.py", line 825, in _read_query_result
Aug 19 21:07:13 ubuntu devstack@keystone.service[69434]: ERROR keystone.server.flask.application     result.read()
Aug 19 21:07:13 ubuntu devstack@keystone.service[69434]: ERROR keystone.server.flask.application   File "/opt/stack/data/venv/lib/python3.10/site-packages/pymysql/connections.py", line 1199, in read
Aug 19 21:07:13 ubuntu devstack@keystone.service[69434]: ERROR keystone.server.flask.application     first_packet = self.connection._read_packet()
