Nov 13 23:38:21 ubuntu devstack@keystone.service[81266]: DEBUG keystone.server.flask.common [-] Adding resource routes to API roles: ['/roles' {}] {{(pid=81266) _add_mapped_resources /opt/stack/keystone/keystone/server/flask/common.py:483}}
Nov 13 23:38:21 ubuntu devstack@keystone.service[81266]: DEBUG keystone.server.flask.common [-] Adding resource routes to API roles: ['/roles/<string:role_id>' {}] {{(pid=81266) _add_mapped_resources /opt/stack/keystone/keystone/server/flask/common.py:483}}
Nov 13 23:38:21 ubuntu devstack@keystone.service[81266]: DEBUG keystone.server.flask.common [-] Adding resource routes to API roles: ['/roles/<string:prior_role_id>/implies' {}] {{(pid=81266) _add_mapped_resources /opt/stack/keystone/keystone/server/flask/common.py:483}}
Nov 13 23:38:21 ubuntu devstack@keystone.service[81266]: DEBUG keystone.server.flask.common [-] Adding resource routes to API roles: ['/roles/<string:prior_role_id>/implies/<string:implied_role_id>' {}] {{(pid=81266) _add_mapped_resources /opt/stack/keystone/keystone/server/flask/common.py:483}}
Nov 13 23:38:21 ubuntu devstack@keystone.service[81266]: DEBUG keystone.server.flask.common [-] Adding resource routes to API s3tokens: ['/s3tokens' {}] {{(pid=81266) _add_mapped_resources /opt/stack/keystone/keystone/server/flask/common.py:483}}
Nov 13 23:38:21 ubuntu devstack@keystone.service[81266]: DEBUG keystone.server.flask.common [-] Adding resource routes to API services: ['/services' {}] {{(pid=81266) _add_mapped_resources /opt/stack/keystone/keystone/server/flask/common.py:483}}
Nov 13 23:38:21 ubuntu devstack@keystone.service[81266]: DEBUG keystone.server.flask.common [-] Adding resource routes to API services: ['/services/<string:service_id>' {}] {{(pid=81266) _add_mapped_resources /opt/stack/keystone/keystone/server/flask/common.py:483}}
Nov 13 23:38:21 ubuntu devstack@keystone.service[81266]: DEBUG keystone.server.flask.common [-] Adding resource routes to API system: ['/system/users/<string:user_id>/roles' {}] {{(pid=81266) _add_mapped_resources /opt/stack/keystone/keystone/server/flask/common.py:483}}
Nov 13 23:38:21 ubuntu devstack@keystone.service[81266]: DEBUG keystone.server.flask.common [-] Adding resource routes to API system: ['/system/users/<string:user_id>/roles/<string:role_id>' {}] {{(pid=81266) _add_mapped_resources /opt/stack/keystone/keystone/server/flask/common.py:483}}
Nov 13 23:38:21 ubuntu devstack@keystone.service[81266]: DEBUG keystone.server.flask.common [-] Adding resource routes to API system: ['/system/groups/<string:group_id>/roles' {}] {{(pid=81266) _add_mapped_resources /opt/stack/keystone/keystone/server/flask/common.py:483}}
Nov 13 23:38:21 ubuntu devstack@keystone.service[81266]: DEBUG keystone.server.flask.common [-] Adding resource routes to API system: ['/system/groups/<string:group_id>/roles/<string:role_id>' {}] {{(pid=81266) _add_mapped_resources /opt/stack/keystone/keystone/server/flask/common.py:483}}
Nov 13 23:38:21 ubuntu devstack@keystone.service[81266]: DEBUG keystone.server.flask.common [-] Adding resource routes to API trusts: ['/trusts' {}] {{(pid=81266) _add_mapped_resources /opt/stack/keystone/keystone/server/flask/common.py:483}}
Nov 13 23:38:21 ubuntu devstack@keystone.service[81266]: DEBUG keystone.server.flask.common [-] Adding resource routes to API trusts: ['/trusts/<string:trust_id>' {}] {{(pid=81266) _add_mapped_resources /opt/stack/keystone/keystone/server/flask/common.py:483}}
Nov 13 23:38:21 ubuntu devstack@keystone.service[81266]: DEBUG keystone.server.flask.common [-] Adding resource routes to API trusts: ['/trusts/<string:trust_id>/roles' {}] {{(pid=81266) _add_mapped_resources /opt/stack/keystone/keystone/server/flask/common.py:483}}
Nov 13 23:38:21 ubuntu devstack@keystone.service[81266]: DEBUG keystone.server.flask.common [-] Adding resource routes to API trusts: ['/trusts/<string:trust_id>/roles/<string:role_id>' {}] {{(pid=81266) _add_mapped_resources /opt/stack/keystone/keystone/server/flask/common.py:483}}
Nov 13 23:38:21 ubuntu devstack@keystone.service[81265]: WSGI app 0 (mountpoint='') ready in 2 seconds on interpreter 0x55c04aafed40 pid: 81265 (default app)
Nov 13 23:38:21 ubuntu devstack@keystone.service[81265]: DEBUG keystone.server.flask.request_processing.req_logging [None req-23ad1556-7304-401e-82b2-734ac7e2c2d3 None None] REQUEST_METHOD: `GET` {{(pid=81265) log_request_info /opt/stack/keystone/keystone/server/flask/request_processing/req_logging.py:26}}
Nov 13 23:38:21 ubuntu devstack@keystone.service[81265]: DEBUG keystone.server.flask.request_processing.req_logging [None req-23ad1556-7304-401e-82b2-734ac7e2c2d3 None None] SCRIPT_NAME: `/identity` {{(pid=81265) log_request_info /opt/stack/keystone/keystone/server/flask/request_processing/req_logging.py:27}}
Nov 13 23:38:21 ubuntu devstack@keystone.service[81265]: DEBUG keystone.server.flask.request_processing.req_logging [None req-23ad1556-7304-401e-82b2-734ac7e2c2d3 None None] PATH_INFO: `/v3` {{(pid=81265) log_request_info /opt/stack/keystone/keystone/server/flask/request_processing/req_logging.py:28}}
Nov 13 23:38:21 ubuntu devstack@keystone.service[81266]: DEBUG keystone.server.flask.common [-] Adding resource routes to API users: ['/users' {}] {{(pid=81266) _add_mapped_resources /opt/stack/keystone/keystone/server/flask/common.py:483}}
Nov 13 23:38:21 ubuntu devstack@keystone.service[81266]: DEBUG keystone.server.flask.common [-] Adding resource routes to API users: ['/users/<string:user_id>' {}] {{(pid=81266) _add_mapped_resources /opt/stack/keystone/keystone/server/flask/common.py:483}}
Nov 13 23:38:21 ubuntu devstack@keystone.service[81266]: DEBUG keystone.server.flask.common [-] Adding resource routes to API users: ['/users/<string:user_id>/password' {}] {{(pid=81266) _add_mapped_resources /opt/stack/keystone/keystone/server/flask/common.py:483}}
Nov 13 23:38:21 ubuntu devstack@keystone.service[81266]: DEBUG keystone.server.flask.common [-] Adding resource routes to API users: ['/users/<string:user_id>/groups' {}] {{(pid=81266) _add_mapped_resources /opt/stack/keystone/keystone/server/flask/common.py:483}}
Nov 13 23:38:21 ubuntu devstack@keystone.service[81266]: DEBUG keystone.server.flask.common [-] Adding resource routes to API users: ['/users/<string:user_id>/projects' {}] {{(pid=81266) _add_mapped_resources /opt/stack/keystone/keystone/server/flask/common.py:483}}
Nov 13 23:38:21 ubuntu devstack@keystone.service[81266]: DEBUG keystone.server.flask.common [-] Adding resource routes to API users: ['/users/<string:user_id>/credentials/OS-EC2' {}] {{(pid=81266) _add_mapped_resources /opt/stack/keystone/keystone/server/flask/common.py:483}}
Nov 13 23:38:21 ubuntu devstack@keystone.service[81266]: DEBUG keystone.server.flask.common [-] Adding resource routes to API users: ['/users/<string:user_id>/credentials/OS-EC2/<string:credential_id>' {}] {{(pid=81266) _add_mapped_resources /opt/stack/keystone/keystone/server/flask/common.py:483}}
Nov 13 23:38:21 ubuntu devstack@keystone.service[81266]: DEBUG keystone.server.flask.common [-] Adding resource routes to API users: ['/users/<string:user_id>/OS-OAUTH1/access_tokens' {}] {{(pid=81266) _add_mapped_resources /opt/stack/keystone/keystone/server/flask/common.py:483}}
Nov 13 23:38:21 ubuntu devstack@keystone.service[81266]: DEBUG keystone.server.flask.common [-] Adding resource routes to API users: ['/users/<string:user_id>/OS-OAUTH1/access_tokens/<string:access_token_id>' {}] {{(pid=81266) _add_mapped_resources /opt/stack/keystone/keystone/server/flask/common.py:483}}
Nov 13 23:38:21 ubuntu devstack@keystone.service[81265]: [pid: 81265|app: 0|req: 1/1] 10.201.5.82 () {50 vars in 783 bytes} [Thu Nov 13 23:38:21 2025] GET /identity/v3/ => generated 255 bytes in 2 msecs (HTTP/1.1 200) 5 headers in 177 bytes (1 switches on core 0)
Nov 13 23:38:21 ubuntu devstack@keystone.service[81266]: DEBUG keystone.server.flask.common [-] Adding resource routes to API users: ['/users/<string:user_id>/OS-OAUTH1/access_tokens/<string:access_token_id>/roles' {}] {{(pid=81266) _add_mapped_resources /opt/stack/keystone/keystone/server/flask/common.py:483}}
Nov 13 23:38:21 ubuntu devstack@keystone.service[81266]: DEBUG keystone.server.flask.common [-] Adding resource routes to API users: ['/users/<string:user_id>/OS-OAUTH1/access_tokens/<string:access_token_id>/roles/<string:role_id>' {}] {{(pid=81266) _add_mapped_resources /opt/stack/keystone/keystone/server/flask/common.py:483}}
Nov 13 23:38:21 ubuntu devstack@keystone.service[81266]: DEBUG keystone.server.flask.common [-] Adding resource routes to API users: ['/users/<string:user_id>/application_credentials' {}] {{(pid=81266) _add_mapped_resources /opt/stack/keystone/keystone/server/flask/common.py:483}}
Nov 13 23:38:21 ubuntu devstack@keystone.service[81266]: DEBUG keystone.server.flask.common [-] Adding resource routes to API users: ['/users/<string:user_id>/application_credentials/<string:application_credential_id>' {}] {{(pid=81266) _add_mapped_resources /opt/stack/keystone/keystone/server/flask/common.py:483}}
Nov 13 23:38:21 ubuntu devstack@keystone.service[81266]: DEBUG keystone.server.flask.common [-] Adding resource routes to API users: ['/users/<string:user_id>/access_rules' {}] {{(pid=81266) _add_mapped_resources /opt/stack/keystone/keystone/server/flask/common.py:483}}
Nov 13 23:38:21 ubuntu devstack@keystone.service[81266]: DEBUG keystone.server.flask.common [-] Adding resource routes to API users: ['/users/<string:user_id>/access_rules/<string:access_rule_id>' {}] {{(pid=81266) _add_mapped_resources /opt/stack/keystone/keystone/server/flask/common.py:483}}
Nov 13 23:38:21 ubuntu devstack@keystone.service[81266]: WSGI app 0 (mountpoint='') ready in 2 seconds on interpreter 0x55c04aafed40 pid: 81266 (default app)
Nov 13 23:38:26 ubuntu devstack@keystone.service[81265]: DEBUG keystone.server.flask.request_processing.req_logging [None req-968148dc-dad2-4d3f-97f0-c4bd8d4a090a None None] REQUEST_METHOD: `GET` {{(pid=81265) log_request_info /opt/stack/keystone/keystone/server/flask/request_processing/req_logging.py:26}}
Nov 13 23:38:26 ubuntu devstack@keystone.service[81265]: DEBUG keystone.server.flask.request_processing.req_logging [None req-968148dc-dad2-4d3f-97f0-c4bd8d4a090a None None] SCRIPT_NAME: `/identity` {{(pid=81265) log_request_info /opt/stack/keystone/keystone/server/flask/request_processing/req_logging.py:27}}
Nov 13 23:38:26 ubuntu devstack@keystone.service[81265]: DEBUG keystone.server.flask.request_processing.req_logging [None req-968148dc-dad2-4d3f-97f0-c4bd8d4a090a None None] PATH_INFO: `/` {{(pid=81265) log_request_info /opt/stack/keystone/keystone/server/flask/request_processing/req_logging.py:28}}
Nov 13 23:38:26 ubuntu devstack@keystone.service[81265]: [pid: 81265|app: 0|req: 2/2] 10.201.5.82 () {54 vars in 919 bytes} [Thu Nov 13 23:38:26 2025] GET /identity => generated 270 bytes in 2 msecs (HTTP/1.1 300) 6 headers in 234 bytes (2 switches on core 0)
Nov 13 23:38:26 ubuntu devstack@keystone.service[81266]: DEBUG keystone.server.flask.request_processing.req_logging [None req-aae12a93-c211-4ff5-aed8-8321f3671b4b None None] REQUEST_METHOD: `POST` {{(pid=81266) log_request_info /opt/stack/keystone/keystone/server/flask/request_processing/req_logging.py:26}}
Nov 13 23:38:26 ubuntu devstack@keystone.service[81266]: DEBUG keystone.server.flask.request_processing.req_logging [None req-aae12a93-c211-4ff5-aed8-8321f3671b4b None None] SCRIPT_NAME: `/identity` {{(pid=81266) log_request_info /opt/stack/keystone/keystone/server/flask/request_processing/req_logging.py:27}}
Nov 13 23:38:26 ubuntu devstack@keystone.service[81266]: DEBUG keystone.server.flask.request_processing.req_logging [None req-aae12a93-c211-4ff5-aed8-8321f3671b4b None None] PATH_INFO: `/v3/auth/tokens` {{(pid=81266) log_request_info /opt/stack/keystone/keystone/server/flask/request_processing/req_logging.py:28}}
Nov 13 23:38:27 ubuntu devstack@keystone.service[81266]: INFO dbcounter [None req-aae12a93-c211-4ff5-aed8-8321f3671b4b None None] Registered counter for database keystone
Nov 13 23:38:27 ubuntu devstack@keystone.service[81266]: DEBUG oslo_db.sqlalchemy.engines [None req-aae12a93-c211-4ff5-aed8-8321f3671b4b None None] MySQL server mode set to STRICT_TRANS_TABLES,STRICT_ALL_TABLES,NO_ZERO_IN_DATE,NO_ZERO_DATE,ERROR_FOR_DIVISION_BY_ZERO,TRADITIONAL,NO_ENGINE_SUBSTITUTION {{(pid=81266) _check_effective_sql_mode /opt/stack/data/venv/lib/python3.10/site-packages/oslo_db/sqlalchemy/engines.py:397}}
Nov 13 23:38:27 ubuntu devstack@keystone.service[81266]: DEBUG dbcounter [-] [81266] Writer thread running {{(pid=81266) stat_writer /opt/stack/data/venv/lib/python3.10/site-packages/dbcounter.py:102}}
Nov 13 23:38:27 ubuntu devstack@keystone.service[81266]: WARNING keystone.common.password_hashing [None req-aae12a93-c211-4ff5-aed8-8321f3671b4b None None] Truncating password to algorithm specific maximum length 72 characters.
Nov 13 23:38:27 ubuntu devstack@keystone.service[81266]: DEBUG keystone.auth.core [None req-aae12a93-c211-4ff5-aed8-8321f3671b4b None None] MFA Rules not processed for user `9d2a2b92fc4c4595a02541a621fbf03a`. Rule list: `[]` (Enabled: `True`). {{(pid=81266) check_auth_methods_against_rules /opt/stack/keystone/keystone/auth/core.py:476}}
Nov 13 23:38:27 ubuntu devstack@keystone.service[81266]: DEBUG keystone.common.fernet_utils [None req-aae12a93-c211-4ff5-aed8-8321f3671b4b None None] Loaded 2 Fernet keys from /etc/keystone/fernet-keys/, but `[fernet_tokens] max_active_keys = 3`; perhaps there have not been enough key rotations to reach `max_active_keys` yet? {{(pid=81266) load_keys /opt/stack/keystone/keystone/common/fernet_utils.py:297}}
Nov 13 23:38:27 ubuntu devstack@keystone.service[81266]: [pid: 81266|app: 0|req: 1/3] 10.201.5.82 () {58 vars in 1016 bytes} [Thu Nov 13 23:38:26 2025] POST /identity/v3/auth/tokens => generated 977 bytes in 302 msecs (HTTP/1.1 201) 6 headers in 384 bytes (1 switches on core 0)
Nov 13 23:38:27 ubuntu devstack@keystone.service[81265]: DEBUG keystone.server.flask.request_processing.middleware.auth_context [None req-968148dc-dad2-4d3f-97f0-c4bd8d4a090a None None] Authenticating user token {{(pid=81265) process_request /opt/stack/data/venv/lib/python3.10/site-packages/keystonemiddleware/auth_token/__init__.py:407}}
Nov 13 23:38:27 ubuntu devstack@keystone.service[81265]: INFO dbcounter [None req-968148dc-dad2-4d3f-97f0-c4bd8d4a090a None None] Registered counter for database keystone
Nov 13 23:38:27 ubuntu devstack@keystone.service[81265]: DEBUG oslo_db.sqlalchemy.engines [None req-968148dc-dad2-4d3f-97f0-c4bd8d4a090a None None] MySQL server mode set to STRICT_TRANS_TABLES,STRICT_ALL_TABLES,NO_ZERO_IN_DATE,NO_ZERO_DATE,ERROR_FOR_DIVISION_BY_ZERO,TRADITIONAL,NO_ENGINE_SUBSTITUTION {{(pid=81265) _check_effective_sql_mode /opt/stack/data/venv/lib/python3.10/site-packages/oslo_db/sqlalchemy/engines.py:397}}
Nov 13 23:38:27 ubuntu devstack@keystone.service[81265]: DEBUG dbcounter [-] [81265] Writer thread running {{(pid=81265) stat_writer /opt/stack/data/venv/lib/python3.10/site-packages/dbcounter.py:102}}
Nov 13 23:38:27 ubuntu devstack@keystone.service[81265]: DEBUG keystone.server.flask.request_processing.middleware.auth_context [None req-968148dc-dad2-4d3f-97f0-c4bd8d4a090a None None] Validating token access rules against request {{(pid=81265) validate_allowed_request /opt/stack/data/venv/lib/python3.10/site-packages/keystonemiddleware/auth_token/__init__.py:545}}
Nov 13 23:38:27 ubuntu devstack@keystone.service[81265]: DEBUG keystone.server.flask.request_processing.middleware.auth_context [None req-54035aed-4658-4130-af0a-475160457937 admin admin] RBAC: auth_context: {'token': <TokenModel (audit_id=GXSneGiyT2iMQMnYmR1T5w, audit_chain_id=['GXSneGiyT2iMQMnYmR1T5w']) at 0x7f0063fced70>, 'domain_id': None, 'trust_id': None, 'trustor_id': None, 'trustee_id': None, 'domain_name': None, 'group_ids': [], 'user_id': '9d2a2b92fc4c4595a02541a621fbf03a', 'user_domain_id': 'default', 'system_scope': None, 'project_id': '2b4df75167f7436695fbe5de80eae483', 'project_domain_id': 'default', 'roles': ['manager', 'member', 'admin', 'reader'], 'is_admin_project': True, 'service_user_id': None, 'service_user_domain_id': None, 'service_project_id': None, 'service_project_domain_id': None, 'service_roles': []} {{(pid=81265) fill_context /opt/stack/keystone/keystone/server/flask/request_processing/middleware/auth_context.py:509}}
Nov 13 23:38:27 ubuntu devstack@keystone.service[81265]: DEBUG keystone.server.flask.request_processing.req_logging [None req-54035aed-4658-4130-af0a-475160457937 admin admin] REQUEST_METHOD: `GET` {{(pid=81265) log_request_info /opt/stack/keystone/keystone/server/flask/request_processing/req_logging.py:26}}
Nov 13 23:38:27 ubuntu devstack@keystone.service[81265]: DEBUG keystone.server.flask.request_processing.req_logging [None req-54035aed-4658-4130-af0a-475160457937 admin admin] SCRIPT_NAME: `/identity` {{(pid=81265) log_request_info /opt/stack/keystone/keystone/server/flask/request_processing/req_logging.py:27}}
Nov 13 23:38:27 ubuntu devstack@keystone.service[81265]: DEBUG keystone.server.flask.request_processing.req_logging [None req-54035aed-4658-4130-af0a-475160457937 admin admin] PATH_INFO: `/v3/auth/tokens` {{(pid=81265) log_request_info /opt/stack/keystone/keystone/server/flask/request_processing/req_logging.py:28}}
Nov 13 23:38:27 ubuntu devstack@keystone.service[81265]: DEBUG keystone.common.rbac_enforcer.enforcer [None req-54035aed-4658-4130-af0a-475160457937 admin admin] RBAC: Authorizing `identity:validate_token()` {{(pid=81265) enforce_call /opt/stack/keystone/keystone/common/rbac_enforcer/enforcer.py:494}}
Nov 13 23:38:27 ubuntu devstack@keystone.service[81265]: WARNING keystone.common.rbac_enforcer.enforcer [None req-54035aed-4658-4130-af0a-475160457937 admin admin] Deprecated policy rules found. Use oslopolicy-policy-generator and oslopolicy-policy-upgrade to detect and resolve deprecated policies in your configuration.
Nov 13 23:38:27 ubuntu devstack@keystone.service[81265]: DEBUG keystone.common.rbac_enforcer.enforcer [None req-54035aed-4658-4130-af0a-475160457937 admin admin] RBAC: Authorization granted {{(pid=81265) enforce_call /opt/stack/keystone/keystone/common/rbac_enforcer/enforcer.py:505}}
Nov 13 23:38:27 ubuntu devstack@keystone.service[81265]: [pid: 81265|app: 0|req: 3/4] 10.201.5.82 () {58 vars in 1316 bytes} [Thu Nov 13 23:38:27 2025] GET /identity/v3/auth/tokens => generated 977 bytes in 162 msecs (HTTP/1.1 200) 6 headers in 379 bytes (2 switches on core 0)
Nov 13 23:38:27 ubuntu devstack@keystone.service[81266]: DEBUG keystone.server.flask.request_processing.middleware.auth_context [None req-aae12a93-c211-4ff5-aed8-8321f3671b4b None None] Authenticating user token {{(pid=81266) process_request /opt/stack/data/venv/lib/python3.10/site-packages/keystonemiddleware/auth_token/__init__.py:407}}
Nov 13 23:38:27 ubuntu devstack@keystone.service[81266]: DEBUG keystone.server.flask.request_processing.middleware.auth_context [None req-aae12a93-c211-4ff5-aed8-8321f3671b4b None None] Validating token access rules against request {{(pid=81266) validate_allowed_request /opt/stack/data/venv/lib/python3.10/site-packages/keystonemiddleware/auth_token/__init__.py:545}}
Nov 13 23:38:27 ubuntu devstack@keystone.service[81266]: DEBUG keystone.server.flask.request_processing.middleware.auth_context [None req-6584d791-74c0-46bf-9c41-06b83bbeebba admin admin] RBAC: auth_context: {'token': <TokenModel (audit_id=GXSneGiyT2iMQMnYmR1T5w, audit_chain_id=['GXSneGiyT2iMQMnYmR1T5w']) at 0x7f0063e0eb00>, 'domain_id': None, 'trust_id': None, 'trustor_id': None, 'trustee_id': None, 'domain_name': None, 'group_ids': [], 'user_id': '9d2a2b92fc4c4595a02541a621fbf03a', 'user_domain_id': 'default', 'system_scope': None, 'project_id': '2b4df75167f7436695fbe5de80eae483', 'project_domain_id': 'default', 'roles': ['manager', 'member', 'admin', 'reader'], 'is_admin_project': True, 'service_user_id': None, 'service_user_domain_id': None, 'service_project_id': None, 'service_project_domain_id': None, 'service_roles': []} {{(pid=81266) fill_context /opt/stack/keystone/keystone/server/flask/request_processing/middleware/auth_context.py:509}}
Nov 13 23:38:27 ubuntu devstack@keystone.service[81266]: DEBUG keystone.server.flask.request_processing.req_logging [None req-6584d791-74c0-46bf-9c41-06b83bbeebba admin admin] REQUEST_METHOD: `GET` {{(pid=81266) log_request_info /opt/stack/keystone/keystone/server/flask/request_processing/req_logging.py:26}}
Nov 13 23:38:27 ubuntu devstack@keystone.service[81266]: DEBUG keystone.server.flask.request_processing.req_logging [None req-6584d791-74c0-46bf-9c41-06b83bbeebba admin admin] SCRIPT_NAME: `/identity` {{(pid=81266) log_request_info /opt/stack/keystone/keystone/server/flask/request_processing/req_logging.py:27}}
Nov 13 23:38:27 ubuntu devstack@keystone.service[81266]: DEBUG keystone.server.flask.request_processing.req_logging [None req-6584d791-74c0-46bf-9c41-06b83bbeebba admin admin] PATH_INFO: `/v3/projects/2b4df75167f7436695fbe5de80eae483` {{(pid=81266) log_request_info /opt/stack/keystone/keystone/server/flask/request_processing/req_logging.py:28}}
Nov 13 23:38:27 ubuntu devstack@keystone.service[81266]: DEBUG keystone.common.rbac_enforcer.enforcer [None req-6584d791-74c0-46bf-9c41-06b83bbeebba admin admin] RBAC: Authorizing `identity:get_project(project_id=2b4df75167f7436695fbe5de80eae483)` {{(pid=81266) enforce_call /opt/stack/keystone/keystone/common/rbac_enforcer/enforcer.py:494}}
Nov 13 23:38:27 ubuntu devstack@keystone.service[81266]: WARNING keystone.common.rbac_enforcer.enforcer [None req-6584d791-74c0-46bf-9c41-06b83bbeebba admin admin] Deprecated policy rules found. Use oslopolicy-policy-generator and oslopolicy-policy-upgrade to detect and resolve deprecated policies in your configuration.
Nov 13 23:38:27 ubuntu devstack@keystone.service[81266]: DEBUG keystone.common.rbac_enforcer.enforcer [None req-6584d791-74c0-46bf-9c41-06b83bbeebba admin admin] RBAC: Authorization granted {{(pid=81266) enforce_call /opt/stack/keystone/keystone/common/rbac_enforcer/enforcer.py:505}}
Nov 13 23:38:27 ubuntu devstack@keystone.service[81266]: [pid: 81266|app: 0|req: 2/5] 10.201.5.82 () {56 vars in 1199 bytes} [Thu Nov 13 23:38:27 2025] GET /identity/v3/projects/2b4df75167f7436695fbe5de80eae483 => generated 344 bytes in 38 msecs (HTTP/1.1 200) 5 headers in 177 bytes (1 switches on core 0)
Nov 13 23:38:28 ubuntu devstack@keystone.service[81265]: DEBUG keystone.server.flask.request_processing.req_logging [None req-177fe307-517a-4b44-9887-5f0d0b9341b7 None None] REQUEST_METHOD: `GET` {{(pid=81265) log_request_info /opt/stack/keystone/keystone/server/flask/request_processing/req_logging.py:26}}
Nov 13 23:38:28 ubuntu devstack@keystone.service[81265]: DEBUG keystone.server.flask.request_processing.req_logging [None req-177fe307-517a-4b44-9887-5f0d0b9341b7 None None] SCRIPT_NAME: `/identity` {{(pid=81265) log_request_info /opt/stack/keystone/keystone/server/flask/request_processing/req_logging.py:27}}
Nov 13 23:38:28 ubuntu devstack@keystone.service[81265]: DEBUG keystone.server.flask.request_processing.req_logging [None req-177fe307-517a-4b44-9887-5f0d0b9341b7 None None] PATH_INFO: `/` {{(pid=81265) log_request_info /opt/stack/keystone/keystone/server/flask/request_processing/req_logging.py:28}}
Nov 13 23:38:28 ubuntu devstack@keystone.service[81265]: [pid: 81265|app: 0|req: 4/6] 10.201.5.82 () {54 vars in 919 bytes} [Thu Nov 13 23:38:28 2025] GET /identity => generated 270 bytes in 5 msecs (HTTP/1.1 300) 6 headers in 234 bytes (1 switches on core 0)
Nov 13 23:38:28 ubuntu devstack@keystone.service[81266]: DEBUG keystone.server.flask.request_processing.req_logging [None req-af2fa262-ceb2-4958-9021-3b010a90082e None None] REQUEST_METHOD: `POST` {{(pid=81266) log_request_info /opt/stack/keystone/keystone/server/flask/request_processing/req_logging.py:26}}
Nov 13 23:38:28 ubuntu devstack@keystone.service[81266]: DEBUG keystone.server.flask.request_processing.req_logging [None req-af2fa262-ceb2-4958-9021-3b010a90082e None None] SCRIPT_NAME: `/identity` {{(pid=81266) log_request_info /opt/stack/keystone/keystone/server/flask/request_processing/req_logging.py:27}}
Nov 13 23:38:28 ubuntu devstack@keystone.service[81266]: DEBUG keystone.server.flask.request_processing.req_logging [None req-af2fa262-ceb2-4958-9021-3b010a90082e None None] PATH_INFO: `/v3/auth/tokens` {{(pid=81266) log_request_info /opt/stack/keystone/keystone/server/flask/request_processing/req_logging.py:28}}
Nov 13 23:38:28 ubuntu devstack@keystone.service[81266]: WARNING keystone.common.password_hashing [None req-af2fa262-ceb2-4958-9021-3b010a90082e None None] Truncating password to algorithm specific maximum length 72 characters.
Nov 13 23:38:28 ubuntu devstack@keystone.service[81266]: DEBUG keystone.auth.core [None req-af2fa262-ceb2-4958-9021-3b010a90082e None None] MFA Rules not processed for user `9d2a2b92fc4c4595a02541a621fbf03a`. Rule list: `[]` (Enabled: `True`). {{(pid=81266) check_auth_methods_against_rules /opt/stack/keystone/keystone/auth/core.py:476}}
Nov 13 23:38:28 ubuntu devstack@keystone.service[81266]: DEBUG keystone.common.fernet_utils [None req-af2fa262-ceb2-4958-9021-3b010a90082e None None] Loaded 2 Fernet keys from /etc/keystone/fernet-keys/, but `[fernet_tokens] max_active_keys = 3`; perhaps there have not been enough key rotations to reach `max_active_keys` yet? {{(pid=81266) load_keys /opt/stack/keystone/keystone/common/fernet_utils.py:297}}
Nov 13 23:38:28 ubuntu devstack@keystone.service[81266]: [pid: 81266|app: 0|req: 3/7] 10.201.5.82 () {58 vars in 1016 bytes} [Thu Nov 13 23:38:28 2025] POST /identity/v3/auth/tokens => generated 977 bytes in 34 msecs (HTTP/1.1 201) 6 headers in 384 bytes (1 switches on core 0)
Nov 13 23:38:28 ubuntu devstack@keystone.service[81265]: DEBUG keystone.server.flask.request_processing.middleware.auth_context [None req-177fe307-517a-4b44-9887-5f0d0b9341b7 None None] Authenticating user token {{(pid=81265) process_request /opt/stack/data/venv/lib/python3.10/site-packages/keystonemiddleware/auth_token/__init__.py:407}}
Nov 13 23:38:28 ubuntu devstack@keystone.service[81265]: DEBUG keystone.server.flask.request_processing.middleware.auth_context [None req-177fe307-517a-4b44-9887-5f0d0b9341b7 None None] Validating token access rules against request {{(pid=81265) validate_allowed_request /opt/stack/data/venv/lib/python3.10/site-packages/keystonemiddleware/auth_token/__init__.py:545}}
Nov 13 23:38:28 ubuntu devstack@keystone.service[81265]: DEBUG keystone.server.flask.request_processing.middleware.auth_context [None req-bf77c5a9-d756-4711-8ff5-ec8668ea5cf3 admin admin] RBAC: auth_context: {'token': <TokenModel (audit_id=wJC-bKRQRBCewQNCISYK1A, audit_chain_id=['wJC-bKRQRBCewQNCISYK1A']) at 0x7f0063b8f310>, 'domain_id': None, 'trust_id': None, 'trustor_id': None, 'trustee_id': None, 'domain_name': None, 'group_ids': [], 'user_id': '9d2a2b92fc4c4595a02541a621fbf03a', 'user_domain_id': 'default', 'system_scope': None, 'project_id': '2b4df75167f7436695fbe5de80eae483', 'project_domain_id': 'default', 'roles': ['manager', 'member', 'admin', 'reader'], 'is_admin_project': True, 'service_user_id': None, 'service_user_domain_id': None, 'service_project_id': None, 'service_project_domain_id': None, 'service_roles': []} {{(pid=81265) fill_context /opt/stack/keystone/keystone/server/flask/request_processing/middleware/auth_context.py:509}}
Nov 13 23:38:28 ubuntu devstack@keystone.service[81265]: DEBUG keystone.server.flask.request_processing.req_logging [None req-bf77c5a9-d756-4711-8ff5-ec8668ea5cf3 admin admin] REQUEST_METHOD: `GET` {{(pid=81265) log_request_info /opt/stack/keystone/keystone/server/flask/request_processing/req_logging.py:26}}
Nov 13 23:38:28 ubuntu devstack@keystone.service[81265]: DEBUG keystone.server.flask.request_processing.req_logging [None req-bf77c5a9-d756-4711-8ff5-ec8668ea5cf3 admin admin] SCRIPT_NAME: `/identity` {{(pid=81265) log_request_info /opt/stack/keystone/keystone/server/flask/request_processing/req_logging.py:27}}
Nov 13 23:38:28 ubuntu devstack@keystone.service[81265]: DEBUG keystone.server.flask.request_processing.req_logging [None req-bf77c5a9-d756-4711-8ff5-ec8668ea5cf3 admin admin] PATH_INFO: `/v3/users/admin` {{(pid=81265) log_request_info /opt/stack/keystone/keystone/server/flask/request_processing/req_logging.py:28}}
Nov 13 23:38:28 ubuntu devstack@keystone.service[81265]: DEBUG keystone.common.rbac_enforcer.enforcer [None req-bf77c5a9-d756-4711-8ff5-ec8668ea5cf3 admin admin] RBAC: Authorizing `identity:get_user(user_id=admin)` {{(pid=81265) enforce_call /opt/stack/keystone/keystone/common/rbac_enforcer/enforcer.py:494}}
Nov 13 23:38:28 ubuntu devstack@keystone.service[81265]: DEBUG keystone.common.rbac_enforcer.enforcer [None req-bf77c5a9-d756-4711-8ff5-ec8668ea5cf3 admin admin] RBAC: Authorization granted {{(pid=81265) enforce_call /opt/stack/keystone/keystone/common/rbac_enforcer/enforcer.py:505}}
Nov 13 23:38:28 ubuntu devstack@keystone.service[81265]: DEBUG keystone.server.flask.application [None req-bf77c5a9-d756-4711-8ff5-ec8668ea5cf3 admin admin] Could not find user: admin. {{(pid=81265) _handle_keystone_exception /opt/stack/keystone/keystone/server/flask/application.py:146}}
Nov 13 23:38:28 ubuntu devstack@keystone.service[81265]: [pid: 81265|app: 0|req: 5/8] 10.201.5.82 () {56 vars in 1153 bytes} [Thu Nov 13 23:38:28 2025] GET /identity/v3/users/admin => generated 83 bytes in 43 msecs (HTTP/1.1 404) 5 headers in 183 bytes (1 switches on core 0)
Nov 13 23:38:28 ubuntu devstack@keystone.service[81266]: DEBUG keystone.server.flask.request_processing.middleware.auth_context [None req-af2fa262-ceb2-4958-9021-3b010a90082e None None] Authenticating user token {{(pid=81266) process_request /opt/stack/data/venv/lib/python3.10/site-packages/keystonemiddleware/auth_token/__init__.py:407}}
Nov 13 23:38:28 ubuntu devstack@keystone.service[81266]: DEBUG keystone.server.flask.request_processing.middleware.auth_context [None req-af2fa262-ceb2-4958-9021-3b010a90082e None None] Validating token access rules against request {{(pid=81266) validate_allowed_request /opt/stack/data/venv/lib/python3.10/site-packages/keystonemiddleware/auth_token/__init__.py:545}}
Nov 13 23:38:28 ubuntu devstack@keystone.service[81266]: DEBUG keystone.server.flask.request_processing.middleware.auth_context [None req-1eb0da07-3533-433e-ba1b-87c0d296d396 admin admin] RBAC: auth_context: {'token': <TokenModel (audit_id=wJC-bKRQRBCewQNCISYK1A, audit_chain_id=['wJC-bKRQRBCewQNCISYK1A']) at 0x7f0063213f70>, 'domain_id': None, 'trust_id': None, 'trustor_id': None, 'trustee_id': None, 'domain_name': None, 'group_ids': [], 'user_id': '9d2a2b92fc4c4595a02541a621fbf03a', 'user_domain_id': 'default', 'system_scope': None, 'project_id': '2b4df75167f7436695fbe5de80eae483', 'project_domain_id': 'default', 'roles': ['manager', 'member', 'admin', 'reader'], 'is_admin_project': True, 'service_user_id': None, 'service_user_domain_id': None, 'service_project_id': None, 'service_project_domain_id': None, 'service_roles': []} {{(pid=81266) fill_context /opt/stack/keystone/keystone/server/flask/request_processing/middleware/auth_context.py:509}}
Nov 13 23:38:28 ubuntu devstack@keystone.service[81266]: DEBUG keystone.server.flask.request_processing.req_logging [None req-1eb0da07-3533-433e-ba1b-87c0d296d396 admin admin] REQUEST_METHOD: `GET` {{(pid=81266) log_request_info /opt/stack/keystone/keystone/server/flask/request_processing/req_logging.py:26}}
Nov 13 23:38:28 ubuntu devstack@keystone.service[81266]: DEBUG keystone.server.flask.request_processing.req_logging [None req-1eb0da07-3533-433e-ba1b-87c0d296d396 admin admin] SCRIPT_NAME: `/identity` {{(pid=81266) log_request_info /opt/stack/keystone/keystone/server/flask/request_processing/req_logging.py:27}}
Nov 13 23:38:28 ubuntu devstack@keystone.service[81266]: DEBUG keystone.server.flask.request_processing.req_logging [None req-1eb0da07-3533-433e-ba1b-87c0d296d396 admin admin] PATH_INFO: `/v3/users` {{(pid=81266) log_request_info /opt/stack/keystone/keystone/server/flask/request_processing/req_logging.py:28}}
Nov 13 23:38:28 ubuntu devstack@keystone.service[81266]: DEBUG keystone.common.rbac_enforcer.enforcer [None req-1eb0da07-3533-433e-ba1b-87c0d296d396 admin admin] RBAC: Adding query filter params (name=admin) {{(pid=81266) _extract_filter_values /opt/stack/keystone/keystone/common/rbac_enforcer/enforcer.py:176}}
Nov 13 23:38:28 ubuntu devstack@keystone.service[81266]: DEBUG keystone.common.rbac_enforcer.enforcer [None req-1eb0da07-3533-433e-ba1b-87c0d296d396 admin admin] RBAC: Authorizing `identity:list_users()` {{(pid=81266) enforce_call /opt/stack/keystone/keystone/common/rbac_enforcer/enforcer.py:494}}
Nov 13 23:38:28 ubuntu devstack@keystone.service[81266]: DEBUG keystone.common.rbac_enforcer.enforcer [None req-1eb0da07-3533-433e-ba1b-87c0d296d396 admin admin] RBAC: Authorization granted {{(pid=81266) enforce_call /opt/stack/keystone/keystone/common/rbac_enforcer/enforcer.py:505}}
Nov 13 23:38:28 ubuntu devstack@keystone.service[81266]: [pid: 81266|app: 0|req: 4/9] 10.201.5.82 () {56 vars in 1169 bytes} [Thu Nov 13 23:38:28 2025] GET /identity/v3/users?name=admin => generated 352 bytes in 45 msecs (HTTP/1.1 200) 5 headers in 177 bytes (1 switches on core 0)
Nov 13 23:38:30 ubuntu devstack@keystone.service[81265]: DEBUG keystone.server.flask.request_processing.req_logging [None req-adf00e0c-d7a6-4647-b114-d136fee71b0b None None] REQUEST_METHOD: `GET` {{(pid=81265) log_request_info /opt/stack/keystone/keystone/server/flask/request_processing/req_logging.py:26}}
Nov 13 23:38:30 ubuntu devstack@keystone.service[81265]: DEBUG keystone.server.flask.request_processing.req_logging [None req-adf00e0c-d7a6-4647-b114-d136fee71b0b None None] SCRIPT_NAME: `/identity` {{(pid=81265) log_request_info /opt/stack/keystone/keystone/server/flask/request_processing/req_logging.py:27}}
Nov 13 23:38:30 ubuntu devstack@keystone.service[81265]: DEBUG keystone.server.flask.request_processing.req_logging [None req-adf00e0c-d7a6-4647-b114-d136fee71b0b None None] PATH_INFO: `/` {{(pid=81265) log_request_info /opt/stack/keystone/keystone/server/flask/request_processing/req_logging.py:28}}
Nov 13 23:38:30 ubuntu devstack@keystone.service[81265]: [pid: 81265|app: 0|req: 6/10] 10.201.5.82 () {54 vars in 919 bytes} [Thu Nov 13 23:38:30 2025] GET /identity => generated 270 bytes in 2 msecs (HTTP/1.1 300) 6 headers in 234 bytes (1 switches on core 0)
Nov 13 23:38:30 ubuntu devstack@keystone.service[81266]: DEBUG keystone.server.flask.request_processing.req_logging [None req-cd78b4ec-13e4-4cdc-a6ea-384f772f93f9 None None] REQUEST_METHOD: `GET` {{(pid=81266) log_request_info /opt/stack/keystone/keystone/server/flask/request_processing/req_logging.py:26}}
Nov 13 23:38:30 ubuntu devstack@keystone.service[81266]: DEBUG keystone.server.flask.request_processing.req_logging [None req-cd78b4ec-13e4-4cdc-a6ea-384f772f93f9 None None] SCRIPT_NAME: `/identity` {{(pid=81266) log_request_info /opt/stack/keystone/keystone/server/flask/request_processing/req_logging.py:27}}
Nov 13 23:38:30 ubuntu devstack@keystone.service[81266]: DEBUG keystone.server.flask.request_processing.req_logging [None req-cd78b4ec-13e4-4cdc-a6ea-384f772f93f9 None None] PATH_INFO: `/` {{(pid=81266) log_request_info /opt/stack/keystone/keystone/server/flask/request_processing/req_logging.py:28}}
Nov 13 23:38:30 ubuntu devstack@keystone.service[81265]: DEBUG keystone.server.flask.request_processing.req_logging [None req-b7ed35b4-f5f9-4374-96bc-e7b452d3f3f9 None None] REQUEST_METHOD: `POST` {{(pid=81265) log_request_info /opt/stack/keystone/keystone/server/flask/request_processing/req_logging.py:26}}
Nov 13 23:38:30 ubuntu devstack@keystone.service[81265]: DEBUG keystone.server.flask.request_processing.req_logging [None req-b7ed35b4-f5f9-4374-96bc-e7b452d3f3f9 None None] SCRIPT_NAME: `/identity` {{(pid=81265) log_request_info /opt/stack/keystone/keystone/server/flask/request_processing/req_logging.py:27}}
Nov 13 23:38:30 ubuntu devstack@keystone.service[81265]: DEBUG keystone.server.flask.request_processing.req_logging [None req-b7ed35b4-f5f9-4374-96bc-e7b452d3f3f9 None None] PATH_INFO: `/v3/auth/tokens` {{(pid=81265) log_request_info /opt/stack/keystone/keystone/server/flask/request_processing/req_logging.py:28}}
Nov 13 23:38:30 ubuntu devstack@keystone.service[81266]: [pid: 81266|app: 0|req: 5/11] 10.201.5.82 () {54 vars in 919 bytes} [Thu Nov 13 23:38:30 2025] GET /identity => generated 270 bytes in 6 msecs (HTTP/1.1 300) 6 headers in 234 bytes (1 switches on core 0)
Nov 13 23:38:30 ubuntu devstack@keystone.service[81266]: DEBUG keystone.server.flask.request_processing.req_logging [None req-8dce5beb-9d27-47f1-bfb6-f001a9e5017e None None] REQUEST_METHOD: `POST` {{(pid=81266) log_request_info /opt/stack/keystone/keystone/server/flask/request_processing/req_logging.py:26}}
Nov 13 23:38:30 ubuntu devstack@keystone.service[81266]: DEBUG keystone.server.flask.request_processing.req_logging [None req-8dce5beb-9d27-47f1-bfb6-f001a9e5017e None None] SCRIPT_NAME: `/identity` {{(pid=81266) log_request_info /opt/stack/keystone/keystone/server/flask/request_processing/req_logging.py:27}}
Nov 13 23:38:30 ubuntu devstack@keystone.service[81266]: DEBUG keystone.server.flask.request_processing.req_logging [None req-8dce5beb-9d27-47f1-bfb6-f001a9e5017e None None] PATH_INFO: `/v3/auth/tokens` {{(pid=81266) log_request_info /opt/stack/keystone/keystone/server/flask/request_processing/req_logging.py:28}}
Nov 13 23:38:30 ubuntu devstack@keystone.service[81265]: WARNING keystone.common.password_hashing [None req-b7ed35b4-f5f9-4374-96bc-e7b452d3f3f9 None None] Truncating password to algorithm specific maximum length 72 characters.
Nov 13 23:38:30 ubuntu devstack@keystone.service[81266]: WARNING keystone.common.password_hashing [None req-8dce5beb-9d27-47f1-bfb6-f001a9e5017e None None] Truncating password to algorithm specific maximum length 72 characters.
Nov 13 23:38:30 ubuntu devstack@keystone.service[81265]: DEBUG keystone.auth.core [None req-b7ed35b4-f5f9-4374-96bc-e7b452d3f3f9 None None] MFA Rules not processed for user `9d2a2b92fc4c4595a02541a621fbf03a`. Rule list: `[]` (Enabled: `True`). {{(pid=81265) check_auth_methods_against_rules /opt/stack/keystone/keystone/auth/core.py:476}}
Nov 13 23:38:30 ubuntu devstack@keystone.service[81266]: DEBUG keystone.auth.core [None req-8dce5beb-9d27-47f1-bfb6-f001a9e5017e None None] MFA Rules not processed for user `9d2a2b92fc4c4595a02541a621fbf03a`. Rule list: `[]` (Enabled: `True`). {{(pid=81266) check_auth_methods_against_rules /opt/stack/keystone/keystone/auth/core.py:476}}
Nov 13 23:38:30 ubuntu devstack@keystone.service[81265]: DEBUG keystone.common.fernet_utils [None req-b7ed35b4-f5f9-4374-96bc-e7b452d3f3f9 None None] Loaded 2 Fernet keys from /etc/keystone/fernet-keys/, but `[fernet_tokens] max_active_keys = 3`; perhaps there have not been enough key rotations to reach `max_active_keys` yet? {{(pid=81265) load_keys /opt/stack/keystone/keystone/common/fernet_utils.py:297}}
Nov 13 23:38:30 ubuntu devstack@keystone.service[81266]: DEBUG keystone.common.fernet_utils [None req-8dce5beb-9d27-47f1-bfb6-f001a9e5017e None None] Loaded 2 Fernet keys from /etc/keystone/fernet-keys/, but `[fernet_tokens] max_active_keys = 3`; perhaps there have not been enough key rotations to reach `max_active_keys` yet? {{(pid=81266) load_keys /opt/stack/keystone/keystone/common/fernet_utils.py:297}}
Nov 13 23:38:30 ubuntu devstack@keystone.service[81265]: [pid: 81265|app: 0|req: 7/12] 10.201.5.82 () {58 vars in 1016 bytes} [Thu Nov 13 23:38:30 2025] POST /identity/v3/auth/tokens => generated 862 bytes in 83 msecs (HTTP/1.1 201) 6 headers in 363 bytes (2 switches on core 0)
Nov 13 23:38:30 ubuntu devstack@keystone.service[81266]: [pid: 81266|app: 0|req: 6/13] 10.201.5.82 () {58 vars in 1016 bytes} [Thu Nov 13 23:38:30 2025] POST /identity/v3/auth/tokens => generated 862 bytes in 91 msecs (HTTP/1.1 201) 6 headers in 363 bytes (1 switches on core 0)
Nov 13 23:38:30 ubuntu devstack@keystone.service[81265]: DEBUG keystone.server.flask.request_processing.middleware.auth_context [None req-b7ed35b4-f5f9-4374-96bc-e7b452d3f3f9 None None] Authenticating user token {{(pid=81265) process_request /opt/stack/data/venv/lib/python3.10/site-packages/keystonemiddleware/auth_token/__init__.py:407}}
Nov 13 23:38:30 ubuntu devstack@keystone.service[81266]: DEBUG keystone.server.flask.request_processing.middleware.auth_context [None req-8dce5beb-9d27-47f1-bfb6-f001a9e5017e None None] Authenticating user token {{(pid=81266) process_request /opt/stack/data/venv/lib/python3.10/site-packages/keystonemiddleware/auth_token/__init__.py:407}}
Nov 13 23:38:30 ubuntu devstack@keystone.service[81265]: DEBUG keystone.server.flask.request_processing.middleware.auth_context [None req-b7ed35b4-f5f9-4374-96bc-e7b452d3f3f9 None None] Validating token access rules against request {{(pid=81265) validate_allowed_request /opt/stack/data/venv/lib/python3.10/site-packages/keystonemiddleware/auth_token/__init__.py:545}}
Nov 13 23:38:30 ubuntu devstack@keystone.service[81266]: DEBUG keystone.server.flask.request_processing.middleware.auth_context [None req-8dce5beb-9d27-47f1-bfb6-f001a9e5017e None None] Validating token access rules against request {{(pid=81266) validate_allowed_request /opt/stack/data/venv/lib/python3.10/site-packages/keystonemiddleware/auth_token/__init__.py:545}}
Nov 13 23:38:30 ubuntu devstack@keystone.service[81265]: DEBUG keystone.server.flask.request_processing.middleware.auth_context [None req-e769519b-eb2c-4ebe-b8cc-61f72e6501aa None admin] RBAC: auth_context: {'token': <TokenModel (audit_id=KQLcovKRTgq2xuEG7PfOXA, audit_chain_id=['KQLcovKRTgq2xuEG7PfOXA']) at 0x7f0063be4a90>, 'domain_id': None, 'trust_id': None, 'trustor_id': None, 'trustee_id': None, 'domain_name': None, 'group_ids': [], 'user_id': '9d2a2b92fc4c4595a02541a621fbf03a', 'user_domain_id': 'default', 'system_scope': 'all', 'project_id': None, 'project_domain_id': None, 'roles': ['admin', 'manager', 'member', 'reader'], 'is_admin_project': True, 'service_user_id': None, 'service_user_domain_id': None, 'service_project_id': None, 'service_project_domain_id': None, 'service_roles': []} {{(pid=81265) fill_context /opt/stack/keystone/keystone/server/flask/request_processing/middleware/auth_context.py:509}}
Nov 13 23:38:30 ubuntu devstack@keystone.service[81265]: DEBUG keystone.server.flask.request_processing.req_logging [None req-e769519b-eb2c-4ebe-b8cc-61f72e6501aa None admin] REQUEST_METHOD: `POST` {{(pid=81265) log_request_info /opt/stack/keystone/keystone/server/flask/request_processing/req_logging.py:26}}
Nov 13 23:38:30 ubuntu devstack@keystone.service[81265]: DEBUG keystone.server.flask.request_processing.req_logging [None req-e769519b-eb2c-4ebe-b8cc-61f72e6501aa None admin] SCRIPT_NAME: `/identity` {{(pid=81265) log_request_info /opt/stack/keystone/keystone/server/flask/request_processing/req_logging.py:27}}
Nov 13 23:38:30 ubuntu devstack@keystone.service[81265]: DEBUG keystone.server.flask.request_processing.req_logging [None req-e769519b-eb2c-4ebe-b8cc-61f72e6501aa None admin] PATH_INFO: `/v3/domains` {{(pid=81265) log_request_info /opt/stack/keystone/keystone/server/flask/request_processing/req_logging.py:28}}
Nov 13 23:38:30 ubuntu devstack@keystone.service[81265]: DEBUG keystone.common.rbac_enforcer.enforcer [None req-e769519b-eb2c-4ebe-b8cc-61f72e6501aa None admin] RBAC: Authorizing `identity:create_domain()` {{(pid=81265) enforce_call /opt/stack/keystone/keystone/common/rbac_enforcer/enforcer.py:494}}
Nov 13 23:38:30 ubuntu devstack@keystone.service[81265]: DEBUG keystone.common.rbac_enforcer.enforcer [None req-e769519b-eb2c-4ebe-b8cc-61f72e6501aa None admin] RBAC: Authorization granted {{(pid=81265) enforce_call /opt/stack/keystone/keystone/common/rbac_enforcer/enforcer.py:505}}
Nov 13 23:38:30 ubuntu devstack@keystone.service[81265]: DEBUG keystone.common.sql.core [None req-e769519b-eb2c-4ebe-b8cc-61f72e6501aa None admin] Conflict project: (pymysql.err.IntegrityError) (1062, "Duplicate entry '<<keystone.domain.root>>-Default' for key 'project.ixu_project_name_domain_id'")
Nov 13 23:38:30 ubuntu devstack@keystone.service[81265]: [SQL: INSERT INTO project (id, name, domain_id, description, enabled, extra, parent_id, is_domain) VALUES (%(id)s, %(name)s, %(domain_id)s, %(description)s, %(enabled)s, %(extra)s, %(parent_id)s, %(is_domain)s)]
Nov 13 23:38:30 ubuntu devstack@keystone.service[81265]: [parameters: {'id': 'e93b45b536b444dfb9798455b65b2766', 'name': 'Default', 'domain_id': '<<keystone.domain.root>>', 'description': '', 'enabled': 1, 'extra': '{}', 'parent_id': None, 'is_domain': 1}]
Nov 13 23:38:30 ubuntu devstack@keystone.service[81265]: (Background on this error at: https://sqlalche.me/e/20/gkpj) {{(pid=81265) wrapper /opt/stack/keystone/keystone/common/sql/core.py:580}}
Nov 13 23:38:30 ubuntu devstack@keystone.service[81266]: DEBUG keystone.server.flask.request_processing.middleware.auth_context [None req-c9fd1449-7051-4f84-895d-8126ed00c19f None admin] RBAC: auth_context: {'token': <TokenModel (audit_id=eTnYzEZ2RyO3nKogAUgnuA, audit_chain_id=['eTnYzEZ2RyO3nKogAUgnuA']) at 0x7f0063213280>, 'domain_id': None, 'trust_id': None, 'trustor_id': None, 'trustee_id': None, 'domain_name': None, 'group_ids': [], 'user_id': '9d2a2b92fc4c4595a02541a621fbf03a', 'user_domain_id': 'default', 'system_scope': 'all', 'project_id': None, 'project_domain_id': None, 'roles': ['admin', 'manager', 'member', 'reader'], 'is_admin_project': True, 'service_user_id': None, 'service_user_domain_id': None, 'service_project_id': None, 'service_project_domain_id': None, 'service_roles': []} {{(pid=81266) fill_context /opt/stack/keystone/keystone/server/flask/request_processing/middleware/auth_context.py:509}}
Nov 13 23:38:30 ubuntu devstack@keystone.service[81266]: DEBUG keystone.server.flask.request_processing.req_logging [None req-c9fd1449-7051-4f84-895d-8126ed00c19f None admin] REQUEST_METHOD: `GET` {{(pid=81266) log_request_info /opt/stack/keystone/keystone/server/flask/request_processing/req_logging.py:26}}
Nov 13 23:38:30 ubuntu devstack@keystone.service[81266]: DEBUG keystone.server.flask.request_processing.req_logging [None req-c9fd1449-7051-4f84-895d-8126ed00c19f None admin] SCRIPT_NAME: `/identity` {{(pid=81266) log_request_info /opt/stack/keystone/keystone/server/flask/request_processing/req_logging.py:27}}
Nov 13 23:38:30 ubuntu devstack@keystone.service[81266]: DEBUG keystone.server.flask.request_processing.req_logging [None req-c9fd1449-7051-4f84-895d-8126ed00c19f None admin] PATH_INFO: `/v3/roles/admin` {{(pid=81266) log_request_info /opt/stack/keystone/keystone/server/flask/request_processing/req_logging.py:28}}
Nov 13 23:38:30 ubuntu devstack@keystone.service[81266]: DEBUG keystone.common.rbac_enforcer.enforcer [None req-c9fd1449-7051-4f84-895d-8126ed00c19f None admin] Extracting inferred target data resulted in "NOT FOUND (404)". {{(pid=81266) enforce_call /opt/stack/keystone/keystone/common/rbac_enforcer/enforcer.py:445}}
Nov 13 23:38:30 ubuntu devstack@keystone.service[81266]: DEBUG keystone.server.flask.application [None req-c9fd1449-7051-4f84-895d-8126ed00c19f None admin] Could not find role: admin. {{(pid=81266) _handle_keystone_exception /opt/stack/keystone/keystone/server/flask/application.py:146}}
Nov 13 23:38:30 ubuntu devstack@keystone.service[81266]: [pid: 81266|app: 0|req: 7/14] 10.201.5.82 () {56 vars in 1132 bytes} [Thu Nov 13 23:38:30 2025] GET /identity/v3/roles/admin => generated 83 bytes in 69 msecs (HTTP/1.1 404) 5 headers in 183 bytes (1 switches on core 0)
Nov 13 23:38:30 ubuntu devstack@keystone.service[81266]: DEBUG keystone.server.flask.request_processing.middleware.auth_context [None req-c9fd1449-7051-4f84-895d-8126ed00c19f None admin] Authenticating user token {{(pid=81266) process_request /opt/stack/data/venv/lib/python3.10/site-packages/keystonemiddleware/auth_token/__init__.py:407}}
Nov 13 23:38:30 ubuntu devstack@keystone.service[81265]: ERROR keystone.server.flask.application [None req-e769519b-eb2c-4ebe-b8cc-61f72e6501aa None admin] Conflict occurred attempting to store project - it is not permitted to have two projects acting as domains with the same name: Default.: keystone.exception.Conflict: Conflict occurred attempting to store project - it is not permitted to have two projects acting as domains with the same name: Default.
Nov 13 23:38:30 ubuntu devstack@keystone.service[81265]: ERROR keystone.server.flask.application Traceback (most recent call last):
Nov 13 23:38:30 ubuntu devstack@keystone.service[81265]: ERROR keystone.server.flask.application   File "/opt/stack/data/venv/lib/python3.10/site-packages/sqlalchemy/engine/base.py", line 1967, in _exec_single_context
Nov 13 23:38:30 ubuntu devstack@keystone.service[81265]: ERROR keystone.server.flask.application     self.dialect.do_execute(
Nov 13 23:38:30 ubuntu devstack@keystone.service[81265]: ERROR keystone.server.flask.application   File "/opt/stack/data/venv/lib/python3.10/site-packages/sqlalchemy/engine/default.py", line 951, in do_execute
Nov 13 23:38:30 ubuntu devstack@keystone.service[81265]: ERROR keystone.server.flask.application     cursor.execute(statement, parameters)
Nov 13 23:38:30 ubuntu devstack@keystone.service[81265]: ERROR keystone.server.flask.application   File "/opt/stack/data/venv/lib/python3.10/site-packages/pymysql/cursors.py", line 153, in execute
Nov 13 23:38:30 ubuntu devstack@keystone.service[81265]: ERROR keystone.server.flask.application     result = self._query(query)
Nov 13 23:38:30 ubuntu devstack@keystone.service[81265]: ERROR keystone.server.flask.application   File "/opt/stack/data/venv/lib/python3.10/site-packages/pymysql/cursors.py", line 322, in _query
