Oct 10 17:43:10 ubuntu devstack@keystone.service[81330]: ERROR keystone.server.flask.application   File "/opt/stack/data/venv/lib/python3.10/site-packages/sqlalchemy/engine/base.py", line 1961, in _exec_single_context
Oct 10 17:43:10 ubuntu devstack@keystone.service[81330]: ERROR keystone.server.flask.application     self.dialect.do_execute(
Oct 10 17:43:10 ubuntu devstack@keystone.service[81330]: ERROR keystone.server.flask.application   File "/opt/stack/data/venv/lib/python3.10/site-packages/sqlalchemy/engine/default.py", line 944, in do_execute
Oct 10 17:43:10 ubuntu devstack@keystone.service[81330]: ERROR keystone.server.flask.application     cursor.execute(statement, parameters)
Oct 10 17:43:10 ubuntu devstack@keystone.service[81330]: ERROR keystone.server.flask.application   File "/opt/stack/data/venv/lib/python3.10/site-packages/pymysql/cursors.py", line 153, in execute
Oct 10 17:43:10 ubuntu devstack@keystone.service[81330]: ERROR keystone.server.flask.application     result = self._query(query)
Oct 10 17:43:10 ubuntu devstack@keystone.service[81330]: ERROR keystone.server.flask.application   File "/opt/stack/data/venv/lib/python3.10/site-packages/pymysql/cursors.py", line 322, in _query
Oct 10 17:43:10 ubuntu devstack@keystone.service[81330]: ERROR keystone.server.flask.application     conn.query(q)
Oct 10 17:43:10 ubuntu devstack@keystone.service[81330]: ERROR keystone.server.flask.application   File "/opt/stack/data/venv/lib/python3.10/site-packages/pymysql/connections.py", line 563, in query
Oct 10 17:43:10 ubuntu devstack@keystone.service[81330]: ERROR keystone.server.flask.application     self._affected_rows = self._read_query_result(unbuffered=unbuffered)
Oct 10 17:43:10 ubuntu devstack@keystone.service[81330]: ERROR keystone.server.flask.application   File "/opt/stack/data/venv/lib/python3.10/site-packages/pymysql/connections.py", line 825, in _read_query_result
Oct 10 17:43:10 ubuntu devstack@keystone.service[81330]: ERROR keystone.server.flask.application     result.read()
Oct 10 17:43:10 ubuntu devstack@keystone.service[81330]: ERROR keystone.server.flask.application   File "/opt/stack/data/venv/lib/python3.10/site-packages/pymysql/connections.py", line 1199, in read
Oct 10 17:43:10 ubuntu devstack@keystone.service[81330]: ERROR keystone.server.flask.application     first_packet = self.connection._read_packet()
Oct 10 17:43:10 ubuntu devstack@keystone.service[81330]: ERROR keystone.server.flask.application   File "/opt/stack/data/venv/lib/python3.10/site-packages/pymysql/connections.py", line 775, in _read_packet
Oct 10 17:43:10 ubuntu devstack@keystone.service[81330]: ERROR keystone.server.flask.application     packet.raise_for_error()
Oct 10 17:43:10 ubuntu devstack@keystone.service[81330]: ERROR keystone.server.flask.application   File "/opt/stack/data/venv/lib/python3.10/site-packages/pymysql/protocol.py", line 219, in raise_for_error
Oct 10 17:43:10 ubuntu devstack@keystone.service[81330]: ERROR keystone.server.flask.application     err.raise_mysql_exception(self._data)
Oct 10 17:43:10 ubuntu devstack@keystone.service[81330]: ERROR keystone.server.flask.application   File "/opt/stack/data/venv/lib/python3.10/site-packages/pymysql/err.py", line 150, in raise_mysql_exception
Oct 10 17:43:10 ubuntu devstack@keystone.service[81330]: ERROR keystone.server.flask.application     raise errorclass(errno, errval)
Oct 10 17:43:10 ubuntu devstack@keystone.service[81330]: ERROR keystone.server.flask.application oslo_db.exception.DBDuplicateEntry: (pymysql.err.IntegrityError) (1062, "Duplicate entry 'service-<<null>>' for key 'role.ixu_role_name_domain_id'")
Oct 10 17:43:10 ubuntu devstack@keystone.service[81330]: ERROR keystone.server.flask.application [SQL: INSERT INTO `role` (id, name, description, extra) VALUES (%(id)s, %(name)s, %(description)s, %(extra)s)]
Oct 10 17:43:10 ubuntu devstack@keystone.service[81330]: ERROR keystone.server.flask.application [parameters: {'id': 'c36ca768b87546e7be8ac2bf7b197908', 'name': 'service', 'description': None, 'extra': '{}'}]
Oct 10 17:43:10 ubuntu devstack@keystone.service[81330]: ERROR keystone.server.flask.application (Background on this error at: https://sqlalche.me/e/20/gkpj)
Oct 10 17:43:10 ubuntu devstack@keystone.service[81330]: ERROR keystone.server.flask.application 
Oct 10 17:43:10 ubuntu devstack@keystone.service[81330]: ERROR keystone.server.flask.application During handling of the above exception, another exception occurred:
Oct 10 17:43:10 ubuntu devstack@keystone.service[81330]: ERROR keystone.server.flask.application 
Oct 10 17:43:10 ubuntu devstack@keystone.service[81330]: ERROR keystone.server.flask.application Traceback (most recent call last):
Oct 10 17:43:10 ubuntu devstack@keystone.service[81330]: ERROR keystone.server.flask.application   File "/opt/stack/data/venv/lib/python3.10/site-packages/flask/app.py", line 917, in full_dispatch_request
Oct 10 17:43:10 ubuntu devstack@keystone.service[81330]: ERROR keystone.server.flask.application     rv = self.dispatch_request()
Oct 10 17:43:10 ubuntu devstack@keystone.service[81330]: ERROR keystone.server.flask.application   File "/opt/stack/data/venv/lib/python3.10/site-packages/flask/app.py", line 902, in dispatch_request
Oct 10 17:43:10 ubuntu devstack@keystone.service[81330]: ERROR keystone.server.flask.application     return self.ensure_sync(self.view_functions[rule.endpoint])(**view_args)  # type: ignore[no-any-return]
Oct 10 17:43:10 ubuntu devstack@keystone.service[81330]: ERROR keystone.server.flask.application   File "/opt/stack/data/venv/lib/python3.10/site-packages/flask_restful/__init__.py", line 489, in wrapper
Oct 10 17:43:10 ubuntu devstack@keystone.service[81330]: ERROR keystone.server.flask.application     resp = resource(*args, **kwargs)
Oct 10 17:43:10 ubuntu devstack@keystone.service[81330]: ERROR keystone.server.flask.application   File "/opt/stack/data/venv/lib/python3.10/site-packages/flask/views.py", line 110, in view
Oct 10 17:43:10 ubuntu devstack@keystone.service[81330]: ERROR keystone.server.flask.application     return current_app.ensure_sync(self.dispatch_request)(**kwargs)  # type: ignore[no-any-return]
Oct 10 17:43:10 ubuntu devstack@keystone.service[81330]: ERROR keystone.server.flask.application   File "/opt/stack/data/venv/lib/python3.10/site-packages/flask_restful/__init__.py", line 604, in dispatch_request
Oct 10 17:43:10 ubuntu devstack@keystone.service[81330]: ERROR keystone.server.flask.application     resp = meth(*args, **kwargs)
Oct 10 17:43:10 ubuntu devstack@keystone.service[81330]: ERROR keystone.server.flask.application   File "/opt/stack/keystone/keystone/api/validation/__init__.py", line 80, in wrapper
Oct 10 17:43:10 ubuntu devstack@keystone.service[81330]: ERROR keystone.server.flask.application     return func(*args, **kwargs)
Oct 10 17:43:10 ubuntu devstack@keystone.service[81330]: ERROR keystone.server.flask.application   File "/opt/stack/keystone/keystone/api/validation/__init__.py", line 139, in wrapper
Oct 10 17:43:10 ubuntu devstack@keystone.service[81330]: ERROR keystone.server.flask.application     response = func(*args, **kwargs)
Oct 10 17:43:10 ubuntu devstack@keystone.service[81330]: ERROR keystone.server.flask.application   File "/opt/stack/keystone/keystone/api/roles.py", line 91, in post
Oct 10 17:43:10 ubuntu devstack@keystone.service[81330]: ERROR keystone.server.flask.application     ref = PROVIDERS.role_api.create_role(
Oct 10 17:43:10 ubuntu devstack@keystone.service[81330]: ERROR keystone.server.flask.application   File "/opt/stack/keystone/keystone/common/manager.py", line 114, in wrapped
Oct 10 17:43:10 ubuntu devstack@keystone.service[81330]: ERROR keystone.server.flask.application     __ret_val = __f(*args, **kwargs)
Oct 10 17:43:10 ubuntu devstack@keystone.service[81330]: ERROR keystone.server.flask.application   File "/opt/stack/keystone/keystone/assignment/core.py", line 1496, in create_role
Oct 10 17:43:10 ubuntu devstack@keystone.service[81330]: ERROR keystone.server.flask.application     ret = self.driver.create_role(role_id, role)
Oct 10 17:43:10 ubuntu devstack@keystone.service[81330]: ERROR keystone.server.flask.application   File "/opt/stack/keystone/keystone/common/sql/core.py", line 614, in wrapper
Oct 10 17:43:10 ubuntu devstack@keystone.service[81330]: ERROR keystone.server.flask.application     raise exception.Conflict(type=conflict_type, details=msg)
Oct 10 17:43:10 ubuntu devstack@keystone.service[81330]: ERROR keystone.server.flask.application keystone.exception.Conflict: Conflict occurred attempting to store role - Duplicate entry found with name service.
Oct 10 17:43:10 ubuntu devstack@keystone.service[81330]: ERROR keystone.server.flask.application 
Oct 10 17:43:10 ubuntu devstack@keystone.service[81330]: [pid: 81330|app: 0|req: 16/36] 10.201.5.82 () {60 vars in 1167 bytes} [Fri Oct 10 17:43:10 2025] POST /identity/v3/roles => generated 140 bytes in 95 msecs (HTTP/1.1 409) 5 headers in 183 bytes (1 switches on core 0)
Oct 10 17:43:10 ubuntu devstack@keystone.service[81330]: DEBUG keystone.server.flask.request_processing.middleware.auth_context [None req-d9380218-6be6-4fda-b0f8-f751e230213d None admin] Authenticating user token {{(pid=81330) process_request /opt/stack/data/venv/lib/python3.10/site-packages/keystonemiddleware/auth_token/__init__.py:407}}
Oct 10 17:43:10 ubuntu devstack@keystone.service[81331]: DEBUG keystone.server.flask.request_processing.middleware.auth_context [None req-dba7480e-4252-48ce-9e0f-b317ca8ba8ef None admin] Validating token access rules against request {{(pid=81331) validate_allowed_request /opt/stack/data/venv/lib/python3.10/site-packages/keystonemiddleware/auth_token/__init__.py:545}}
Oct 10 17:43:10 ubuntu devstack@keystone.service[81331]: DEBUG keystone.server.flask.request_processing.middleware.auth_context [None req-7954c4bf-ff84-45f0-aa94-d826791c0c16 None admin] RBAC: auth_context: {'token': <TokenModel (audit_id=HqZp87DTTWWKposTbjLh7Q, audit_chain_id=['HqZp87DTTWWKposTbjLh7Q']) at 0x7f18374b0c70>, 'domain_id': None, 'trust_id': None, 'trustor_id': None, 'trustee_id': None, 'domain_name': None, 'group_ids': [], 'user_id': '5cf850363bc048b7adfe38fca80776be', 'user_domain_id': 'default', 'system_scope': 'all', 'project_id': None, 'project_domain_id': None, 'roles': ['admin', 'manager', 'member', 'reader'], 'is_admin_project': True, 'service_user_id': None, 'service_user_domain_id': None, 'service_project_id': None, 'service_project_domain_id': None, 'service_roles': []} {{(pid=81331) fill_context /opt/stack/keystone/keystone/server/flask/request_processing/middleware/auth_context.py:509}}
Oct 10 17:43:10 ubuntu devstack@keystone.service[81331]: DEBUG keystone.server.flask.request_processing.req_logging [None req-7954c4bf-ff84-45f0-aa94-d826791c0c16 None admin] REQUEST_METHOD: `GET` {{(pid=81331) log_request_info /opt/stack/keystone/keystone/server/flask/request_processing/req_logging.py:26}}
Oct 10 17:43:10 ubuntu devstack@keystone.service[81331]: DEBUG keystone.server.flask.request_processing.req_logging [None req-7954c4bf-ff84-45f0-aa94-d826791c0c16 None admin] SCRIPT_NAME: `/identity` {{(pid=81331) log_request_info /opt/stack/keystone/keystone/server/flask/request_processing/req_logging.py:27}}
Oct 10 17:43:10 ubuntu devstack@keystone.service[81331]: DEBUG keystone.server.flask.request_processing.req_logging [None req-7954c4bf-ff84-45f0-aa94-d826791c0c16 None admin] PATH_INFO: `/v3/domains/default` {{(pid=81331) log_request_info /opt/stack/keystone/keystone/server/flask/request_processing/req_logging.py:28}}
Oct 10 17:43:10 ubuntu devstack@keystone.service[81331]: DEBUG keystone.common.rbac_enforcer.enforcer [None req-7954c4bf-ff84-45f0-aa94-d826791c0c16 None admin] RBAC: Authorizing `identity:get_domain(domain_id=default)` {{(pid=81331) enforce_call /opt/stack/keystone/keystone/common/rbac_enforcer/enforcer.py:494}}
Oct 10 17:43:10 ubuntu devstack@keystone.service[81331]: DEBUG keystone.common.rbac_enforcer.enforcer [None req-7954c4bf-ff84-45f0-aa94-d826791c0c16 None admin] RBAC: Authorization granted {{(pid=81331) enforce_call /opt/stack/keystone/keystone/common/rbac_enforcer/enforcer.py:505}}
Oct 10 17:43:10 ubuntu devstack@keystone.service[81331]: [pid: 81331|app: 0|req: 21/37] 10.201.5.82 () {56 vars in 1144 bytes} [Fri Oct 10 17:43:10 2025] GET /identity/v3/domains/default => generated 199 bytes in 55 msecs (HTTP/1.1 200) 5 headers in 177 bytes (2 switches on core 0)
Oct 10 17:43:10 ubuntu devstack@keystone.service[81331]: DEBUG keystone.server.flask.request_processing.middleware.auth_context [None req-7954c4bf-ff84-45f0-aa94-d826791c0c16 None admin] Authenticating user token {{(pid=81331) process_request /opt/stack/data/venv/lib/python3.10/site-packages/keystonemiddleware/auth_token/__init__.py:407}}
Oct 10 17:43:10 ubuntu devstack@keystone.service[81330]: DEBUG keystone.server.flask.request_processing.middleware.auth_context [None req-d9380218-6be6-4fda-b0f8-f751e230213d None admin] Validating token access rules against request {{(pid=81330) validate_allowed_request /opt/stack/data/venv/lib/python3.10/site-packages/keystonemiddleware/auth_token/__init__.py:545}}
Oct 10 17:43:10 ubuntu devstack@keystone.service[81331]: DEBUG keystone.server.flask.request_processing.middleware.auth_context [None req-7954c4bf-ff84-45f0-aa94-d826791c0c16 None admin] Validating token access rules against request {{(pid=81331) validate_allowed_request /opt/stack/data/venv/lib/python3.10/site-packages/keystonemiddleware/auth_token/__init__.py:545}}
Oct 10 17:43:10 ubuntu devstack@keystone.service[81330]: DEBUG keystone.server.flask.request_processing.middleware.auth_context [None req-64440e10-bdd8-4bb8-96f0-853f23dd1061 None admin] RBAC: auth_context: {'token': <TokenModel (audit_id=_q6GrMwuR8OULA7v504eww, audit_chain_id=['_q6GrMwuR8OULA7v504eww']) at 0x7f18371ba320>, 'domain_id': None, 'trust_id': None, 'trustor_id': None, 'trustee_id': None, 'domain_name': None, 'group_ids': [], 'user_id': '5cf850363bc048b7adfe38fca80776be', 'user_domain_id': 'default', 'system_scope': 'all', 'project_id': None, 'project_domain_id': None, 'roles': ['admin', 'manager', 'member', 'reader'], 'is_admin_project': True, 'service_user_id': None, 'service_user_domain_id': None, 'service_project_id': None, 'service_project_domain_id': None, 'service_roles': []} {{(pid=81330) fill_context /opt/stack/keystone/keystone/server/flask/request_processing/middleware/auth_context.py:509}}
Oct 10 17:43:10 ubuntu devstack@keystone.service[81330]: DEBUG keystone.server.flask.request_processing.req_logging [None req-64440e10-bdd8-4bb8-96f0-853f23dd1061 None admin] REQUEST_METHOD: `GET` {{(pid=81330) log_request_info /opt/stack/keystone/keystone/server/flask/request_processing/req_logging.py:26}}
Oct 10 17:43:10 ubuntu devstack@keystone.service[81330]: DEBUG keystone.server.flask.request_processing.req_logging [None req-64440e10-bdd8-4bb8-96f0-853f23dd1061 None admin] SCRIPT_NAME: `/identity` {{(pid=81330) log_request_info /opt/stack/keystone/keystone/server/flask/request_processing/req_logging.py:27}}
Oct 10 17:43:10 ubuntu devstack@keystone.service[81330]: DEBUG keystone.server.flask.request_processing.req_logging [None req-64440e10-bdd8-4bb8-96f0-853f23dd1061 None admin] PATH_INFO: `/v3/roles/service` {{(pid=81330) log_request_info /opt/stack/keystone/keystone/server/flask/request_processing/req_logging.py:28}}
Oct 10 17:43:10 ubuntu devstack@keystone.service[81331]: DEBUG keystone.server.flask.request_processing.middleware.auth_context [None req-48612f70-a329-4855-82a9-cb116fddbca4 None admin] RBAC: auth_context: {'token': <TokenModel (audit_id=HqZp87DTTWWKposTbjLh7Q, audit_chain_id=['HqZp87DTTWWKposTbjLh7Q']) at 0x7f18371c1150>, 'domain_id': None, 'trust_id': None, 'trustor_id': None, 'trustee_id': None, 'domain_name': None, 'group_ids': [], 'user_id': '5cf850363bc048b7adfe38fca80776be', 'user_domain_id': 'default', 'system_scope': 'all', 'project_id': None, 'project_domain_id': None, 'roles': ['admin', 'manager', 'member', 'reader'], 'is_admin_project': True, 'service_user_id': None, 'service_user_domain_id': None, 'service_project_id': None, 'service_project_domain_id': None, 'service_roles': []} {{(pid=81331) fill_context /opt/stack/keystone/keystone/server/flask/request_processing/middleware/auth_context.py:509}}
Oct 10 17:43:10 ubuntu devstack@keystone.service[81331]: DEBUG keystone.server.flask.request_processing.req_logging [None req-48612f70-a329-4855-82a9-cb116fddbca4 None admin] REQUEST_METHOD: `GET` {{(pid=81331) log_request_info /opt/stack/keystone/keystone/server/flask/request_processing/req_logging.py:26}}
Oct 10 17:43:10 ubuntu devstack@keystone.service[81331]: DEBUG keystone.server.flask.request_processing.req_logging [None req-48612f70-a329-4855-82a9-cb116fddbca4 None admin] SCRIPT_NAME: `/identity` {{(pid=81331) log_request_info /opt/stack/keystone/keystone/server/flask/request_processing/req_logging.py:27}}
Oct 10 17:43:10 ubuntu devstack@keystone.service[81331]: DEBUG keystone.server.flask.request_processing.req_logging [None req-48612f70-a329-4855-82a9-cb116fddbca4 None admin] PATH_INFO: `/v3/role_assignments` {{(pid=81331) log_request_info /opt/stack/keystone/keystone/server/flask/request_processing/req_logging.py:28}}
Oct 10 17:43:10 ubuntu devstack@keystone.service[81331]: DEBUG keystone.common.rbac_enforcer.enforcer [None req-48612f70-a329-4855-82a9-cb116fddbca4 None admin] RBAC: Adding query filter params (role.id=4309f5f1c0334fd9ba87b9c486b2cedb, scope.domain.id=default, user.id=5cf850363bc048b7adfe38fca80776be) {{(pid=81331) _extract_filter_values /opt/stack/keystone/keystone/common/rbac_enforcer/enforcer.py:176}}
Oct 10 17:43:10 ubuntu devstack@keystone.service[81331]: DEBUG keystone.common.rbac_enforcer.enforcer [None req-48612f70-a329-4855-82a9-cb116fddbca4 None admin] RBAC: Authorizing `identity:list_role_assignments()` {{(pid=81331) enforce_call /opt/stack/keystone/keystone/common/rbac_enforcer/enforcer.py:494}}
Oct 10 17:43:10 ubuntu devstack@keystone.service[81331]: DEBUG keystone.common.rbac_enforcer.enforcer [None req-48612f70-a329-4855-82a9-cb116fddbca4 None admin] RBAC: Authorization granted {{(pid=81331) enforce_call /opt/stack/keystone/keystone/common/rbac_enforcer/enforcer.py:505}}
Oct 10 17:43:10 ubuntu devstack@keystone.service[81330]: DEBUG keystone.common.rbac_enforcer.enforcer [None req-64440e10-bdd8-4bb8-96f0-853f23dd1061 None admin] Extracting inferred target data resulted in "NOT FOUND (404)". {{(pid=81330) enforce_call /opt/stack/keystone/keystone/common/rbac_enforcer/enforcer.py:445}}
Oct 10 17:43:10 ubuntu devstack@keystone.service[81330]: DEBUG keystone.server.flask.application [None req-64440e10-bdd8-4bb8-96f0-853f23dd1061 None admin] Could not find role: service. {{(pid=81330) _handle_keystone_exception /opt/stack/keystone/keystone/server/flask/application.py:146}}
Oct 10 17:43:10 ubuntu devstack@keystone.service[81331]: [pid: 81331|app: 0|req: 22/38] 10.201.5.82 () {56 vars in 1371 bytes} [Fri Oct 10 17:43:10 2025] GET /identity/v3/role_assignments?role.id=4309f5f1c0334fd9ba87b9c486b2cedb&scope.domain.id=default&user.id=5cf850363bc048b7adfe38fca80776be => generated 530 bytes in 61 msecs (HTTP/1.1 200) 5 headers in 177 bytes (2 switches on core 0)
Oct 10 17:43:10 ubuntu devstack@keystone.service[81331]: DEBUG keystone.server.flask.request_processing.middleware.auth_context [None req-48612f70-a329-4855-82a9-cb116fddbca4 None admin] Authenticating user token {{(pid=81331) process_request /opt/stack/data/venv/lib/python3.10/site-packages/keystonemiddleware/auth_token/__init__.py:407}}
Oct 10 17:43:10 ubuntu devstack@keystone.service[81330]: [pid: 81330|app: 0|req: 17/39] 10.201.5.82 () {56 vars in 1138 bytes} [Fri Oct 10 17:43:10 2025] GET /identity/v3/roles/service => generated 85 bytes in 104 msecs (HTTP/1.1 404) 5 headers in 183 bytes (1 switches on core 0)
Oct 10 17:43:10 ubuntu devstack@keystone.service[81330]: DEBUG keystone.server.flask.request_processing.middleware.auth_context [None req-64440e10-bdd8-4bb8-96f0-853f23dd1061 None admin] Authenticating user token {{(pid=81330) process_request /opt/stack/data/venv/lib/python3.10/site-packages/keystonemiddleware/auth_token/__init__.py:407}}
Oct 10 17:43:10 ubuntu devstack@keystone.service[81331]: DEBUG keystone.server.flask.request_processing.middleware.auth_context [None req-48612f70-a329-4855-82a9-cb116fddbca4 None admin] Validating token access rules against request {{(pid=81331) validate_allowed_request /opt/stack/data/venv/lib/python3.10/site-packages/keystonemiddleware/auth_token/__init__.py:545}}
Oct 10 17:43:10 ubuntu devstack@keystone.service[81331]: DEBUG keystone.server.flask.request_processing.middleware.auth_context [None req-e120c7d0-973d-4acc-8462-ba7eddbacbf1 None admin] RBAC: auth_context: {'token': <TokenModel (audit_id=2FbpQdeJQteST1ulEUgZUw, audit_chain_id=['2FbpQdeJQteST1ulEUgZUw']) at 0x7f18371c1db0>, 'domain_id': None, 'trust_id': None, 'trustor_id': None, 'trustee_id': None, 'domain_name': None, 'group_ids': [], 'user_id': '5cf850363bc048b7adfe38fca80776be', 'user_domain_id': 'default', 'system_scope': 'all', 'project_id': None, 'project_domain_id': None, 'roles': ['admin', 'manager', 'member', 'reader'], 'is_admin_project': True, 'service_user_id': None, 'service_user_domain_id': None, 'service_project_id': None, 'service_project_domain_id': None, 'service_roles': []} {{(pid=81331) fill_context /opt/stack/keystone/keystone/server/flask/request_processing/middleware/auth_context.py:509}}
Oct 10 17:43:10 ubuntu devstack@keystone.service[81331]: DEBUG keystone.server.flask.request_processing.req_logging [None req-e120c7d0-973d-4acc-8462-ba7eddbacbf1 None admin] REQUEST_METHOD: `POST` {{(pid=81331) log_request_info /opt/stack/keystone/keystone/server/flask/request_processing/req_logging.py:26}}
Oct 10 17:43:10 ubuntu devstack@keystone.service[81331]: DEBUG keystone.server.flask.request_processing.req_logging [None req-e120c7d0-973d-4acc-8462-ba7eddbacbf1 None admin] SCRIPT_NAME: `/identity` {{(pid=81331) log_request_info /opt/stack/keystone/keystone/server/flask/request_processing/req_logging.py:27}}
Oct 10 17:43:10 ubuntu devstack@keystone.service[81331]: DEBUG keystone.server.flask.request_processing.req_logging [None req-e120c7d0-973d-4acc-8462-ba7eddbacbf1 None admin] PATH_INFO: `/v3/roles` {{(pid=81331) log_request_info /opt/stack/keystone/keystone/server/flask/request_processing/req_logging.py:28}}
Oct 10 17:43:10 ubuntu devstack@keystone.service[81331]: DEBUG keystone.common.rbac_enforcer.enforcer [None req-e120c7d0-973d-4acc-8462-ba7eddbacbf1 None admin] RBAC: Authorizing `identity:create_role()` {{(pid=81331) enforce_call /opt/stack/keystone/keystone/common/rbac_enforcer/enforcer.py:494}}
Oct 10 17:43:10 ubuntu devstack@keystone.service[81331]: DEBUG keystone.common.rbac_enforcer.enforcer [None req-e120c7d0-973d-4acc-8462-ba7eddbacbf1 None admin] RBAC: Authorization granted {{(pid=81331) enforce_call /opt/stack/keystone/keystone/common/rbac_enforcer/enforcer.py:505}}
Oct 10 17:43:10 ubuntu devstack@keystone.service[81330]: DEBUG keystone.server.flask.request_processing.middleware.auth_context [None req-64440e10-bdd8-4bb8-96f0-853f23dd1061 None admin] Validating token access rules against request {{(pid=81330) validate_allowed_request /opt/stack/data/venv/lib/python3.10/site-packages/keystonemiddleware/auth_token/__init__.py:545}}
Oct 10 17:43:10 ubuntu devstack@keystone.service[81330]: DEBUG keystone.server.flask.request_processing.middleware.auth_context [None req-078a1ced-7ce1-409d-9661-e339ad645295 None admin] RBAC: auth_context: {'token': <TokenModel (audit_id=_q6GrMwuR8OULA7v504eww, audit_chain_id=['_q6GrMwuR8OULA7v504eww']) at 0x7f18371b8d60>, 'domain_id': None, 'trust_id': None, 'trustor_id': None, 'trustee_id': None, 'domain_name': None, 'group_ids': [], 'user_id': '5cf850363bc048b7adfe38fca80776be', 'user_domain_id': 'default', 'system_scope': 'all', 'project_id': None, 'project_domain_id': None, 'roles': ['admin', 'manager', 'member', 'reader'], 'is_admin_project': True, 'service_user_id': None, 'service_user_domain_id': None, 'service_project_id': None, 'service_project_domain_id': None, 'service_roles': []} {{(pid=81330) fill_context /opt/stack/keystone/keystone/server/flask/request_processing/middleware/auth_context.py:509}}
Oct 10 17:43:10 ubuntu devstack@keystone.service[81330]: DEBUG keystone.server.flask.request_processing.req_logging [None req-078a1ced-7ce1-409d-9661-e339ad645295 None admin] REQUEST_METHOD: `GET` {{(pid=81330) log_request_info /opt/stack/keystone/keystone/server/flask/request_processing/req_logging.py:26}}
Oct 10 17:43:10 ubuntu devstack@keystone.service[81330]: DEBUG keystone.server.flask.request_processing.req_logging [None req-078a1ced-7ce1-409d-9661-e339ad645295 None admin] SCRIPT_NAME: `/identity` {{(pid=81330) log_request_info /opt/stack/keystone/keystone/server/flask/request_processing/req_logging.py:27}}
Oct 10 17:43:10 ubuntu devstack@keystone.service[81330]: DEBUG keystone.server.flask.request_processing.req_logging [None req-078a1ced-7ce1-409d-9661-e339ad645295 None admin] PATH_INFO: `/v3/roles` {{(pid=81330) log_request_info /opt/stack/keystone/keystone/server/flask/request_processing/req_logging.py:28}}
Oct 10 17:43:10 ubuntu devstack@keystone.service[81330]: DEBUG keystone.common.rbac_enforcer.enforcer [None req-078a1ced-7ce1-409d-9661-e339ad645295 None admin] RBAC: Adding query filter params (name=service) {{(pid=81330) _extract_filter_values /opt/stack/keystone/keystone/common/rbac_enforcer/enforcer.py:176}}
Oct 10 17:43:10 ubuntu devstack@keystone.service[81330]: DEBUG keystone.common.rbac_enforcer.enforcer [None req-078a1ced-7ce1-409d-9661-e339ad645295 None admin] RBAC: Authorizing `identity:list_roles()` {{(pid=81330) enforce_call /opt/stack/keystone/keystone/common/rbac_enforcer/enforcer.py:494}}
Oct 10 17:43:10 ubuntu devstack@keystone.service[81330]: DEBUG keystone.common.rbac_enforcer.enforcer [None req-078a1ced-7ce1-409d-9661-e339ad645295 None admin] RBAC: Authorization granted {{(pid=81330) enforce_call /opt/stack/keystone/keystone/common/rbac_enforcer/enforcer.py:505}}
Oct 10 17:43:10 ubuntu devstack@keystone.service[81330]: [pid: 81330|app: 0|req: 18/40] 10.201.5.82 () {56 vars in 1152 bytes} [Fri Oct 10 17:43:10 2025] GET /identity/v3/roles?name=service => generated 343 bytes in 97 msecs (HTTP/1.1 200) 5 headers in 177 bytes (1 switches on core 0)
Oct 10 17:43:10 ubuntu devstack@keystone.service[81331]: [pid: 81331|app: 0|req: 23/41] 10.201.5.82 () {60 vars in 1167 bytes} [Fri Oct 10 17:43:10 2025] POST /identity/v3/roles => generated 225 bytes in 246 msecs (HTTP/1.1 201) 5 headers in 182 bytes (1 switches on core 0)
Oct 10 17:43:10 ubuntu devstack@keystone.service[81330]: DEBUG keystone.server.flask.request_processing.req_logging [None req-433acb4d-df47-4a84-a49c-fe4439dbd3a8 None None] REQUEST_METHOD: `GET` {{(pid=81330) log_request_info /opt/stack/keystone/keystone/server/flask/request_processing/req_logging.py:26}}
Oct 10 17:43:10 ubuntu devstack@keystone.service[81330]: DEBUG keystone.server.flask.request_processing.req_logging [None req-433acb4d-df47-4a84-a49c-fe4439dbd3a8 None None] SCRIPT_NAME: `/identity` {{(pid=81330) log_request_info /opt/stack/keystone/keystone/server/flask/request_processing/req_logging.py:27}}
Oct 10 17:43:10 ubuntu devstack@keystone.service[81330]: DEBUG keystone.server.flask.request_processing.req_logging [None req-433acb4d-df47-4a84-a49c-fe4439dbd3a8 None None] PATH_INFO: `/` {{(pid=81330) log_request_info /opt/stack/keystone/keystone/server/flask/request_processing/req_logging.py:28}}
Oct 10 17:43:10 ubuntu devstack@keystone.service[81330]: [pid: 81330|app: 0|req: 19/42] 10.201.5.82 () {54 vars in 919 bytes} [Fri Oct 10 17:43:10 2025] GET /identity => generated 270 bytes in 2 msecs (HTTP/1.1 300) 6 headers in 234 bytes (1 switches on core 0)
Oct 10 17:43:10 ubuntu devstack@keystone.service[81331]: DEBUG keystone.server.flask.request_processing.req_logging [None req-c9397256-8356-470d-bdf2-08600fb6edb7 None None] REQUEST_METHOD: `POST` {{(pid=81331) log_request_info /opt/stack/keystone/keystone/server/flask/request_processing/req_logging.py:26}}
Oct 10 17:43:10 ubuntu devstack@keystone.service[81331]: DEBUG keystone.server.flask.request_processing.req_logging [None req-c9397256-8356-470d-bdf2-08600fb6edb7 None None] SCRIPT_NAME: `/identity` {{(pid=81331) log_request_info /opt/stack/keystone/keystone/server/flask/request_processing/req_logging.py:27}}
Oct 10 17:43:10 ubuntu devstack@keystone.service[81331]: DEBUG keystone.server.flask.request_processing.req_logging [None req-c9397256-8356-470d-bdf2-08600fb6edb7 None None] PATH_INFO: `/v3/auth/tokens` {{(pid=81331) log_request_info /opt/stack/keystone/keystone/server/flask/request_processing/req_logging.py:28}}
Oct 10 17:43:10 ubuntu devstack@keystone.service[81331]: WARNING keystone.common.password_hashing [None req-c9397256-8356-470d-bdf2-08600fb6edb7 None None] Truncating password to algorithm specific maximum length 72 characters.
Oct 10 17:43:10 ubuntu devstack@keystone.service[81331]: DEBUG keystone.auth.core [None req-c9397256-8356-470d-bdf2-08600fb6edb7 None None] MFA Rules not processed for user `5cf850363bc048b7adfe38fca80776be`. Rule list: `[]` (Enabled: `True`). {{(pid=81331) check_auth_methods_against_rules /opt/stack/keystone/keystone/auth/core.py:476}}
Oct 10 17:43:10 ubuntu devstack@keystone.service[81331]: DEBUG keystone.common.fernet_utils [None req-c9397256-8356-470d-bdf2-08600fb6edb7 None None] Loaded 2 Fernet keys from /etc/keystone/fernet-keys/, but `[fernet_tokens] max_active_keys = 3`; perhaps there have not been enough key rotations to reach `max_active_keys` yet? {{(pid=81331) load_keys /opt/stack/keystone/keystone/common/fernet_utils.py:297}}
Oct 10 17:43:10 ubuntu devstack@keystone.service[81331]: [pid: 81331|app: 0|req: 24/43] 10.201.5.82 () {58 vars in 1016 bytes} [Fri Oct 10 17:43:10 2025] POST /identity/v3/auth/tokens => generated 862 bytes in 53 msecs (HTTP/1.1 201) 6 headers in 363 bytes (1 switches on core 0)
Oct 10 17:43:10 ubuntu devstack@keystone.service[81330]: DEBUG keystone.server.flask.request_processing.req_logging [None req-4834add0-b999-412d-a3da-fc2ae82a414b None None] REQUEST_METHOD: `GET` {{(pid=81330) log_request_info /opt/stack/keystone/keystone/server/flask/request_processing/req_logging.py:26}}
Oct 10 17:43:10 ubuntu devstack@keystone.service[81330]: DEBUG keystone.server.flask.request_processing.req_logging [None req-4834add0-b999-412d-a3da-fc2ae82a414b None None] SCRIPT_NAME: `/identity` {{(pid=81330) log_request_info /opt/stack/keystone/keystone/server/flask/request_processing/req_logging.py:27}}
Oct 10 17:43:10 ubuntu devstack@keystone.service[81330]: DEBUG keystone.server.flask.request_processing.req_logging [None req-4834add0-b999-412d-a3da-fc2ae82a414b None None] PATH_INFO: `/` {{(pid=81330) log_request_info /opt/stack/keystone/keystone/server/flask/request_processing/req_logging.py:28}}
Oct 10 17:43:10 ubuntu devstack@keystone.service[81330]: [pid: 81330|app: 0|req: 20/44] 10.201.5.82 () {54 vars in 919 bytes} [Fri Oct 10 17:43:10 2025] GET /identity => generated 270 bytes in 2 msecs (HTTP/1.1 300) 6 headers in 234 bytes (1 switches on core 0)
Oct 10 17:43:10 ubuntu devstack@keystone.service[81331]: DEBUG keystone.server.flask.request_processing.req_logging [None req-0617af71-38d4-4bdf-976f-8e738ca2651a None None] REQUEST_METHOD: `POST` {{(pid=81331) log_request_info /opt/stack/keystone/keystone/server/flask/request_processing/req_logging.py:26}}
Oct 10 17:43:10 ubuntu devstack@keystone.service[81331]: DEBUG keystone.server.flask.request_processing.req_logging [None req-0617af71-38d4-4bdf-976f-8e738ca2651a None None] SCRIPT_NAME: `/identity` {{(pid=81331) log_request_info /opt/stack/keystone/keystone/server/flask/request_processing/req_logging.py:27}}
Oct 10 17:43:10 ubuntu devstack@keystone.service[81331]: DEBUG keystone.server.flask.request_processing.req_logging [None req-0617af71-38d4-4bdf-976f-8e738ca2651a None None] PATH_INFO: `/v3/auth/tokens` {{(pid=81331) log_request_info /opt/stack/keystone/keystone/server/flask/request_processing/req_logging.py:28}}
Oct 10 17:43:10 ubuntu devstack@keystone.service[81331]: WARNING keystone.common.password_hashing [None req-0617af71-38d4-4bdf-976f-8e738ca2651a None None] Truncating password to algorithm specific maximum length 72 characters.
Oct 10 17:43:10 ubuntu devstack@keystone.service[81331]: DEBUG keystone.auth.core [None req-0617af71-38d4-4bdf-976f-8e738ca2651a None None] MFA Rules not processed for user `5cf850363bc048b7adfe38fca80776be`. Rule list: `[]` (Enabled: `True`). {{(pid=81331) check_auth_methods_against_rules /opt/stack/keystone/keystone/auth/core.py:476}}
Oct 10 17:43:10 ubuntu devstack@keystone.service[81331]: DEBUG keystone.common.fernet_utils [None req-0617af71-38d4-4bdf-976f-8e738ca2651a None None] Loaded 2 Fernet keys from /etc/keystone/fernet-keys/, but `[fernet_tokens] max_active_keys = 3`; perhaps there have not been enough key rotations to reach `max_active_keys` yet? {{(pid=81331) load_keys /opt/stack/keystone/keystone/common/fernet_utils.py:297}}
Oct 10 17:43:11 ubuntu devstack@keystone.service[81331]: [pid: 81331|app: 0|req: 25/45] 10.201.5.82 () {58 vars in 1016 bytes} [Fri Oct 10 17:43:10 2025] POST /identity/v3/auth/tokens => generated 862 bytes in 50 msecs (HTTP/1.1 201) 6 headers in 363 bytes (1 switches on core 0)
Oct 10 17:43:11 ubuntu devstack@keystone.service[81330]: DEBUG keystone.server.flask.request_processing.middleware.auth_context [None req-4834add0-b999-412d-a3da-fc2ae82a414b None None] Authenticating user token {{(pid=81330) process_request /opt/stack/data/venv/lib/python3.10/site-packages/keystonemiddleware/auth_token/__init__.py:407}}
Oct 10 17:43:11 ubuntu devstack@keystone.service[81330]: DEBUG keystone.server.flask.request_processing.middleware.auth_context [None req-4834add0-b999-412d-a3da-fc2ae82a414b None None] Validating token access rules against request {{(pid=81330) validate_allowed_request /opt/stack/data/venv/lib/python3.10/site-packages/keystonemiddleware/auth_token/__init__.py:545}}
Oct 10 17:43:11 ubuntu devstack@keystone.service[81330]: DEBUG keystone.server.flask.request_processing.middleware.auth_context [None req-6c83345e-4882-489f-8fb0-a1f754536c30 None admin] RBAC: auth_context: {'token': <TokenModel (audit_id=sheF-_jdSqGI3RGR7Xou-A, audit_chain_id=['sheF-_jdSqGI3RGR7Xou-A']) at 0x7f18374e9900>, 'domain_id': None, 'trust_id': None, 'trustor_id': None, 'trustee_id': None, 'domain_name': None, 'group_ids': [], 'user_id': '5cf850363bc048b7adfe38fca80776be', 'user_domain_id': 'default', 'system_scope': 'all', 'project_id': None, 'project_domain_id': None, 'roles': ['admin', 'manager', 'member', 'reader'], 'is_admin_project': True, 'service_user_id': None, 'service_user_domain_id': None, 'service_project_id': None, 'service_project_domain_id': None, 'service_roles': []} {{(pid=81330) fill_context /opt/stack/keystone/keystone/server/flask/request_processing/middleware/auth_context.py:509}}
Oct 10 17:43:11 ubuntu devstack@keystone.service[81330]: DEBUG keystone.server.flask.request_processing.req_logging [None req-6c83345e-4882-489f-8fb0-a1f754536c30 None admin] REQUEST_METHOD: `GET` {{(pid=81330) log_request_info /opt/stack/keystone/keystone/server/flask/request_processing/req_logging.py:26}}
Oct 10 17:43:11 ubuntu devstack@keystone.service[81330]: DEBUG keystone.server.flask.request_processing.req_logging [None req-6c83345e-4882-489f-8fb0-a1f754536c30 None admin] SCRIPT_NAME: `/identity` {{(pid=81330) log_request_info /opt/stack/keystone/keystone/server/flask/request_processing/req_logging.py:27}}
Oct 10 17:43:11 ubuntu devstack@keystone.service[81330]: DEBUG keystone.server.flask.request_processing.req_logging [None req-6c83345e-4882-489f-8fb0-a1f754536c30 None admin] PATH_INFO: `/v3/domains/default` {{(pid=81330) log_request_info /opt/stack/keystone/keystone/server/flask/request_processing/req_logging.py:28}}
Oct 10 17:43:11 ubuntu devstack@keystone.service[81330]: DEBUG keystone.common.rbac_enforcer.enforcer [None req-6c83345e-4882-489f-8fb0-a1f754536c30 None admin] RBAC: Authorizing `identity:get_domain(domain_id=default)` {{(pid=81330) enforce_call /opt/stack/keystone/keystone/common/rbac_enforcer/enforcer.py:494}}
Oct 10 17:43:11 ubuntu devstack@keystone.service[81330]: DEBUG keystone.common.rbac_enforcer.enforcer [None req-6c83345e-4882-489f-8fb0-a1f754536c30 None admin] RBAC: Authorization granted {{(pid=81330) enforce_call /opt/stack/keystone/keystone/common/rbac_enforcer/enforcer.py:505}}
Oct 10 17:43:11 ubuntu devstack@keystone.service[81330]: [pid: 81330|app: 0|req: 21/46] 10.201.5.82 () {56 vars in 1100 bytes} [Fri Oct 10 17:43:11 2025] GET /identity/v3/domains/default => generated 199 bytes in 73 msecs (HTTP/1.1 200) 5 headers in 177 bytes (1 switches on core 0)
Oct 10 17:43:11 ubuntu devstack@keystone.service[81331]: DEBUG keystone.server.flask.request_processing.middleware.auth_context [None req-0617af71-38d4-4bdf-976f-8e738ca2651a None None] Authenticating user token {{(pid=81331) process_request /opt/stack/data/venv/lib/python3.10/site-packages/keystonemiddleware/auth_token/__init__.py:407}}
Oct 10 17:43:11 ubuntu devstack@keystone.service[81330]: DEBUG keystone.server.flask.request_processing.middleware.auth_context [None req-6c83345e-4882-489f-8fb0-a1f754536c30 None admin] Authenticating user token {{(pid=81330) process_request /opt/stack/data/venv/lib/python3.10/site-packages/keystonemiddleware/auth_token/__init__.py:407}}
Oct 10 17:43:11 ubuntu devstack@keystone.service[81330]: DEBUG keystone.server.flask.request_processing.middleware.auth_context [None req-6c83345e-4882-489f-8fb0-a1f754536c30 None admin] Validating token access rules against request {{(pid=81330) validate_allowed_request /opt/stack/data/venv/lib/python3.10/site-packages/keystonemiddleware/auth_token/__init__.py:545}}
Oct 10 17:43:11 ubuntu devstack@keystone.service[81331]: DEBUG keystone.server.flask.request_processing.middleware.auth_context [None req-0617af71-38d4-4bdf-976f-8e738ca2651a None None] Validating token access rules against request {{(pid=81331) validate_allowed_request /opt/stack/data/venv/lib/python3.10/site-packages/keystonemiddleware/auth_token/__init__.py:545}}
Oct 10 17:43:11 ubuntu devstack@keystone.service[81330]: DEBUG keystone.server.flask.request_processing.middleware.auth_context [None req-c61e31b6-080f-4877-8469-f0513e97c8df None admin] RBAC: auth_context: {'token': <TokenModel (audit_id=j5tLSfq3RV65LgQcvat8vw, audit_chain_id=['j5tLSfq3RV65LgQcvat8vw']) at 0x7f18374fc6a0>, 'domain_id': None, 'trust_id': None, 'trustor_id': None, 'trustee_id': None, 'domain_name': None, 'group_ids': [], 'user_id': '5cf850363bc048b7adfe38fca80776be', 'user_domain_id': 'default', 'system_scope': 'all', 'project_id': None, 'project_domain_id': None, 'roles': ['admin', 'manager', 'member', 'reader'], 'is_admin_project': True, 'service_user_id': None, 'service_user_domain_id': None, 'service_project_id': None, 'service_project_domain_id': None, 'service_roles': []} {{(pid=81330) fill_context /opt/stack/keystone/keystone/server/flask/request_processing/middleware/auth_context.py:509}}
Oct 10 17:43:11 ubuntu devstack@keystone.service[81330]: DEBUG keystone.server.flask.request_processing.req_logging [None req-c61e31b6-080f-4877-8469-f0513e97c8df None admin] REQUEST_METHOD: `POST` {{(pid=81330) log_request_info /opt/stack/keystone/keystone/server/flask/request_processing/req_logging.py:26}}
Oct 10 17:43:11 ubuntu devstack@keystone.service[81330]: DEBUG keystone.server.flask.request_processing.req_logging [None req-c61e31b6-080f-4877-8469-f0513e97c8df None admin] SCRIPT_NAME: `/identity` {{(pid=81330) log_request_info /opt/stack/keystone/keystone/server/flask/request_processing/req_logging.py:27}}
Oct 10 17:43:11 ubuntu devstack@keystone.service[81330]: DEBUG keystone.server.flask.request_processing.req_logging [None req-c61e31b6-080f-4877-8469-f0513e97c8df None admin] PATH_INFO: `/v3/roles` {{(pid=81330) log_request_info /opt/stack/keystone/keystone/server/flask/request_processing/req_logging.py:28}}
Oct 10 17:43:11 ubuntu devstack@keystone.service[81330]: DEBUG keystone.common.rbac_enforcer.enforcer [None req-c61e31b6-080f-4877-8469-f0513e97c8df None admin] RBAC: Authorizing `identity:create_role()` {{(pid=81330) enforce_call /opt/stack/keystone/keystone/common/rbac_enforcer/enforcer.py:494}}
Oct 10 17:43:11 ubuntu devstack@keystone.service[81330]: DEBUG keystone.common.rbac_enforcer.enforcer [None req-c61e31b6-080f-4877-8469-f0513e97c8df None admin] RBAC: Authorization granted {{(pid=81330) enforce_call /opt/stack/keystone/keystone/common/rbac_enforcer/enforcer.py:505}}
Oct 10 17:43:11 ubuntu devstack@keystone.service[81331]: DEBUG keystone.server.flask.request_processing.middleware.auth_context [None req-a78b82cb-d199-4546-8c4b-fc217ef7167d None admin] RBAC: auth_context: {'token': <TokenModel (audit_id=sheF-_jdSqGI3RGR7Xou-A, audit_chain_id=['sheF-_jdSqGI3RGR7Xou-A']) at 0x7f1836e4e590>, 'domain_id': None, 'trust_id': None, 'trustor_id': None, 'trustee_id': None, 'domain_name': None, 'group_ids': [], 'user_id': '5cf850363bc048b7adfe38fca80776be', 'user_domain_id': 'default', 'system_scope': 'all', 'project_id': None, 'project_domain_id': None, 'roles': ['admin', 'manager', 'member', 'reader'], 'is_admin_project': True, 'service_user_id': None, 'service_user_domain_id': None, 'service_project_id': None, 'service_project_domain_id': None, 'service_roles': []} {{(pid=81331) fill_context /opt/stack/keystone/keystone/server/flask/request_processing/middleware/auth_context.py:509}}
Oct 10 17:43:11 ubuntu devstack@keystone.service[81331]: DEBUG keystone.server.flask.request_processing.req_logging [None req-a78b82cb-d199-4546-8c4b-fc217ef7167d None admin] REQUEST_METHOD: `POST` {{(pid=81331) log_request_info /opt/stack/keystone/keystone/server/flask/request_processing/req_logging.py:26}}
Oct 10 17:43:11 ubuntu devstack@keystone.service[81331]: DEBUG keystone.server.flask.request_processing.req_logging [None req-a78b82cb-d199-4546-8c4b-fc217ef7167d None admin] SCRIPT_NAME: `/identity` {{(pid=81331) log_request_info /opt/stack/keystone/keystone/server/flask/request_processing/req_logging.py:27}}
Oct 10 17:43:11 ubuntu devstack@keystone.service[81331]: DEBUG keystone.server.flask.request_processing.req_logging [None req-a78b82cb-d199-4546-8c4b-fc217ef7167d None admin] PATH_INFO: `/v3/projects` {{(pid=81331) log_request_info /opt/stack/keystone/keystone/server/flask/request_processing/req_logging.py:28}}
Oct 10 17:43:11 ubuntu devstack@keystone.service[81331]: DEBUG keystone.common.rbac_enforcer.enforcer [None req-a78b82cb-d199-4546-8c4b-fc217ef7167d None admin] RBAC: Authorizing `identity:create_project()` {{(pid=81331) enforce_call /opt/stack/keystone/keystone/common/rbac_enforcer/enforcer.py:494}}
Oct 10 17:43:11 ubuntu devstack@keystone.service[81331]: DEBUG keystone.common.rbac_enforcer.enforcer [None req-a78b82cb-d199-4546-8c4b-fc217ef7167d None admin] RBAC: Authorization granted {{(pid=81331) enforce_call /opt/stack/keystone/keystone/common/rbac_enforcer/enforcer.py:505}}
Oct 10 17:43:11 ubuntu devstack@keystone.service[81330]: [pid: 81330|app: 0|req: 22/47] 10.201.5.82 () {60 vars in 1167 bytes} [Fri Oct 10 17:43:11 2025] POST /identity/v3/roles => generated 223 bytes in 66 msecs (HTTP/1.1 201) 5 headers in 182 bytes (1 switches on core 0)
Oct 10 17:43:11 ubuntu devstack@keystone.service[81331]: [pid: 81331|app: 0|req: 26/48] 10.201.5.82 () {60 vars in 1133 bytes} [Fri Oct 10 17:43:11 2025] POST /identity/v3/projects => generated 312 bytes in 80 msecs (HTTP/1.1 201) 5 headers in 182 bytes (1 switches on core 0)
Oct 10 17:43:12 ubuntu devstack@keystone.service[81330]: DEBUG keystone.server.flask.request_processing.req_logging [None req-1552f0f6-83fa-42b7-a753-829986e2ede1 None None] REQUEST_METHOD: `GET` {{(pid=81330) log_request_info /opt/stack/keystone/keystone/server/flask/request_processing/req_logging.py:26}}
Oct 10 17:43:12 ubuntu devstack@keystone.service[81330]: DEBUG keystone.server.flask.request_processing.req_logging [None req-1552f0f6-83fa-42b7-a753-829986e2ede1 None None] SCRIPT_NAME: `/identity` {{(pid=81330) log_request_info /opt/stack/keystone/keystone/server/flask/request_processing/req_logging.py:27}}
Oct 10 17:43:12 ubuntu devstack@keystone.service[81330]: DEBUG keystone.server.flask.request_processing.req_logging [None req-1552f0f6-83fa-42b7-a753-829986e2ede1 None None] PATH_INFO: `/` {{(pid=81330) log_request_info /opt/stack/keystone/keystone/server/flask/request_processing/req_logging.py:28}}
Oct 10 17:43:12 ubuntu devstack@keystone.service[81330]: [pid: 81330|app: 0|req: 23/49] 10.201.5.82 () {54 vars in 919 bytes} [Fri Oct 10 17:43:12 2025] GET /identity => generated 270 bytes in 5 msecs (HTTP/1.1 300) 6 headers in 234 bytes (1 switches on core 0)
Oct 10 17:43:12 ubuntu devstack@keystone.service[81331]: DEBUG keystone.server.flask.request_processing.req_logging [None req-8a6cb7d9-8f73-4b68-a118-03731f834f7e None None] REQUEST_METHOD: `POST` {{(pid=81331) log_request_info /opt/stack/keystone/keystone/server/flask/request_processing/req_logging.py:26}}
Oct 10 17:43:12 ubuntu devstack@keystone.service[81331]: DEBUG keystone.server.flask.request_processing.req_logging [None req-8a6cb7d9-8f73-4b68-a118-03731f834f7e None None] SCRIPT_NAME: `/identity` {{(pid=81331) log_request_info /opt/stack/keystone/keystone/server/flask/request_processing/req_logging.py:27}}
Oct 10 17:43:12 ubuntu devstack@keystone.service[81331]: DEBUG keystone.server.flask.request_processing.req_logging [None req-8a6cb7d9-8f73-4b68-a118-03731f834f7e None None] PATH_INFO: `/v3/auth/tokens` {{(pid=81331) log_request_info /opt/stack/keystone/keystone/server/flask/request_processing/req_logging.py:28}}
Oct 10 17:43:12 ubuntu devstack@keystone.service[81331]: WARNING keystone.common.password_hashing [None req-8a6cb7d9-8f73-4b68-a118-03731f834f7e None None] Truncating password to algorithm specific maximum length 72 characters.
Oct 10 17:43:12 ubuntu devstack@keystone.service[81331]: DEBUG keystone.auth.core [None req-8a6cb7d9-8f73-4b68-a118-03731f834f7e None None] MFA Rules not processed for user `5cf850363bc048b7adfe38fca80776be`. Rule list: `[]` (Enabled: `True`). {{(pid=81331) check_auth_methods_against_rules /opt/stack/keystone/keystone/auth/core.py:476}}
Oct 10 17:43:12 ubuntu devstack@keystone.service[81331]: DEBUG keystone.common.fernet_utils [None req-8a6cb7d9-8f73-4b68-a118-03731f834f7e None None] Loaded 2 Fernet keys from /etc/keystone/fernet-keys/, but `[fernet_tokens] max_active_keys = 3`; perhaps there have not been enough key rotations to reach `max_active_keys` yet? {{(pid=81331) load_keys /opt/stack/keystone/keystone/common/fernet_utils.py:297}}
Oct 10 17:43:12 ubuntu devstack@keystone.service[81331]: [pid: 81331|app: 0|req: 27/50] 10.201.5.82 () {58 vars in 1016 bytes} [Fri Oct 10 17:43:12 2025] POST /identity/v3/auth/tokens => generated 862 bytes in 59 msecs (HTTP/1.1 201) 6 headers in 363 bytes (1 switches on core 0)
Oct 10 17:43:12 ubuntu devstack@keystone.service[81330]: DEBUG keystone.server.flask.request_processing.middleware.auth_context [None req-1552f0f6-83fa-42b7-a753-829986e2ede1 None None] Authenticating user token {{(pid=81330) process_request /opt/stack/data/venv/lib/python3.10/site-packages/keystonemiddleware/auth_token/__init__.py:407}}
Oct 10 17:43:12 ubuntu devstack@keystone.service[81330]: DEBUG keystone.server.flask.request_processing.middleware.auth_context [None req-1552f0f6-83fa-42b7-a753-829986e2ede1 None None] Validating token access rules against request {{(pid=81330) validate_allowed_request /opt/stack/data/venv/lib/python3.10/site-packages/keystonemiddleware/auth_token/__init__.py:545}}
Oct 10 17:43:12 ubuntu devstack@keystone.service[81330]: DEBUG keystone.server.flask.request_processing.middleware.auth_context [None req-5ea8e8ea-11ab-47d7-9436-6692ac05ef22 None admin] RBAC: auth_context: {'token': <TokenModel (audit_id=5ib1gXi0Q1yGyUo460eAfA, audit_chain_id=['5ib1gXi0Q1yGyUo460eAfA']) at 0x7f18374eb4f0>, 'domain_id': None, 'trust_id': None, 'trustor_id': None, 'trustee_id': None, 'domain_name': None, 'group_ids': [], 'user_id': '5cf850363bc048b7adfe38fca80776be', 'user_domain_id': 'default', 'system_scope': 'all', 'project_id': None, 'project_domain_id': None, 'roles': ['admin', 'manager', 'member', 'reader'], 'is_admin_project': True, 'service_user_id': None, 'service_user_domain_id': None, 'service_project_id': None, 'service_project_domain_id': None, 'service_roles': []} {{(pid=81330) fill_context /opt/stack/keystone/keystone/server/flask/request_processing/middleware/auth_context.py:509}}
Oct 10 17:43:12 ubuntu devstack@keystone.service[81330]: DEBUG keystone.server.flask.request_processing.req_logging [None req-5ea8e8ea-11ab-47d7-9436-6692ac05ef22 None admin] REQUEST_METHOD: `GET` {{(pid=81330) log_request_info /opt/stack/keystone/keystone/server/flask/request_processing/req_logging.py:26}}
Oct 10 17:43:12 ubuntu devstack@keystone.service[81330]: DEBUG keystone.server.flask.request_processing.req_logging [None req-5ea8e8ea-11ab-47d7-9436-6692ac05ef22 None admin] SCRIPT_NAME: `/identity` {{(pid=81330) log_request_info /opt/stack/keystone/keystone/server/flask/request_processing/req_logging.py:27}}
Oct 10 17:43:12 ubuntu devstack@keystone.service[81330]: DEBUG keystone.server.flask.request_processing.req_logging [None req-5ea8e8ea-11ab-47d7-9436-6692ac05ef22 None admin] PATH_INFO: `/v3/domains/default` {{(pid=81330) log_request_info /opt/stack/keystone/keystone/server/flask/request_processing/req_logging.py:28}}
