Feb 16 05:59:53 ubuntu devstack@keystone.service[82514]: DEBUG keystone.server.flask.request_processing.req_logging [None req-33877776-1afd-4936-970f-d46aaf8c170b None None] PATH_INFO: `/v3/auth/tokens` {{(pid=82514) log_request_info /opt/stack/keystone/keystone/server/flask/request_processing/req_logging.py:28}}
Feb 16 05:59:53 ubuntu devstack@keystone.service[82513]: WARNING keystone.common.password_hashing [None req-a6fed9ca-f08c-443a-af21-3d5c00f16536 None None] Truncating password to algorithm specific maximum length 72 characters.
Feb 16 05:59:53 ubuntu devstack@keystone.service[82514]: WARNING keystone.common.password_hashing [None req-33877776-1afd-4936-970f-d46aaf8c170b None None] Truncating password to algorithm specific maximum length 72 characters.
Feb 16 05:59:53 ubuntu devstack@keystone.service[82513]: DEBUG keystone.auth.core [None req-a6fed9ca-f08c-443a-af21-3d5c00f16536 None None] MFA Rules not processed for user `d0f6eec4ae6347abbbca07059f7de27a`. Rule list: `[]` (Enabled: `True`). {{(pid=82513) check_auth_methods_against_rules /opt/stack/keystone/keystone/auth/core.py:476}}
Feb 16 05:59:53 ubuntu devstack@keystone.service[82513]: DEBUG keystone.common.fernet_utils [None req-a6fed9ca-f08c-443a-af21-3d5c00f16536 None None] Loaded 2 Fernet keys from /etc/keystone/fernet-keys/, but `[fernet_tokens] max_active_keys = 3`; perhaps there have not been enough key rotations to reach `max_active_keys` yet? {{(pid=82513) load_keys /opt/stack/keystone/keystone/common/fernet_utils.py:297}}
Feb 16 05:59:53 ubuntu devstack@keystone.service[82514]: DEBUG keystone.auth.core [None req-33877776-1afd-4936-970f-d46aaf8c170b None None] MFA Rules not processed for user `d0f6eec4ae6347abbbca07059f7de27a`. Rule list: `[]` (Enabled: `True`). {{(pid=82514) check_auth_methods_against_rules /opt/stack/keystone/keystone/auth/core.py:476}}
Feb 16 05:59:53 ubuntu devstack@keystone.service[82514]: DEBUG keystone.common.fernet_utils [None req-33877776-1afd-4936-970f-d46aaf8c170b None None] Loaded 2 Fernet keys from /etc/keystone/fernet-keys/, but `[fernet_tokens] max_active_keys = 3`; perhaps there have not been enough key rotations to reach `max_active_keys` yet? {{(pid=82514) load_keys /opt/stack/keystone/keystone/common/fernet_utils.py:297}}
Feb 16 05:59:53 ubuntu devstack@keystone.service[82513]: [pid: 82513|app: 0|req: 13/24] 10.201.5.82 () {58 vars in 1016 bytes} [Mon Feb 16 05:59:53 2026] POST /identity/v3/auth/tokens => generated 862 bytes in 65 msecs (HTTP/1.1 201) 6 headers in 363 bytes (1 switches on core 0)
Feb 16 05:59:53 ubuntu devstack@keystone.service[82514]: [pid: 82514|app: 0|req: 12/25] 10.201.5.82 () {58 vars in 1016 bytes} [Mon Feb 16 05:59:53 2026] POST /identity/v3/auth/tokens => generated 862 bytes in 67 msecs (HTTP/1.1 201) 6 headers in 363 bytes (1 switches on core 0)
Feb 16 05:59:53 ubuntu devstack@keystone.service[82513]: DEBUG keystone.server.flask.request_processing.middleware.auth_context [None req-a6fed9ca-f08c-443a-af21-3d5c00f16536 None None] Authenticating user token {{(pid=82513) process_request /opt/stack/data/venv/lib/python3.10/site-packages/keystonemiddleware/auth_token/__init__.py:407}}
Feb 16 05:59:53 ubuntu devstack@keystone.service[82514]: DEBUG keystone.server.flask.request_processing.middleware.auth_context [None req-33877776-1afd-4936-970f-d46aaf8c170b None None] Authenticating user token {{(pid=82514) process_request /opt/stack/data/venv/lib/python3.10/site-packages/keystonemiddleware/auth_token/__init__.py:407}}
Feb 16 05:59:53 ubuntu devstack@keystone.service[82514]: DEBUG keystone.server.flask.request_processing.middleware.auth_context [None req-33877776-1afd-4936-970f-d46aaf8c170b None None] Validating token access rules against request {{(pid=82514) validate_allowed_request /opt/stack/data/venv/lib/python3.10/site-packages/keystonemiddleware/auth_token/__init__.py:545}}
Feb 16 05:59:53 ubuntu devstack@keystone.service[82513]: DEBUG keystone.server.flask.request_processing.middleware.auth_context [None req-a6fed9ca-f08c-443a-af21-3d5c00f16536 None None] Validating token access rules against request {{(pid=82513) validate_allowed_request /opt/stack/data/venv/lib/python3.10/site-packages/keystonemiddleware/auth_token/__init__.py:545}}
Feb 16 05:59:53 ubuntu devstack@keystone.service[82513]: DEBUG keystone.server.flask.request_processing.middleware.auth_context [None req-173b268b-d045-4f94-a6de-139d56aa9c55 None admin] RBAC: auth_context: {'token': <TokenModel (audit_id=WmeNA3UXS3-2iyF8KI799g, audit_chain_id=['WmeNA3UXS3-2iyF8KI799g']) at 0x7f7e81934b20>, 'domain_id': None, 'trust_id': None, 'trustor_id': None, 'trustee_id': None, 'domain_name': None, 'group_ids': [], 'user_id': 'd0f6eec4ae6347abbbca07059f7de27a', 'user_domain_id': 'default', 'system_scope': 'all', 'project_id': None, 'project_domain_id': None, 'roles': ['admin', 'manager', 'member', 'reader'], 'is_admin_project': True, 'service_user_id': None, 'service_user_domain_id': None, 'service_project_id': None, 'service_project_domain_id': None, 'service_roles': []} {{(pid=82513) fill_context /opt/stack/keystone/keystone/server/flask/request_processing/middleware/auth_context.py:509}}
Feb 16 05:59:53 ubuntu devstack@keystone.service[82513]: DEBUG keystone.server.flask.request_processing.req_logging [None req-173b268b-d045-4f94-a6de-139d56aa9c55 None admin] REQUEST_METHOD: `GET` {{(pid=82513) log_request_info /opt/stack/keystone/keystone/server/flask/request_processing/req_logging.py:26}}
Feb 16 05:59:53 ubuntu devstack@keystone.service[82513]: DEBUG keystone.server.flask.request_processing.req_logging [None req-173b268b-d045-4f94-a6de-139d56aa9c55 None admin] SCRIPT_NAME: `/identity` {{(pid=82513) log_request_info /opt/stack/keystone/keystone/server/flask/request_processing/req_logging.py:27}}
Feb 16 05:59:53 ubuntu devstack@keystone.service[82513]: DEBUG keystone.server.flask.request_processing.req_logging [None req-173b268b-d045-4f94-a6de-139d56aa9c55 None admin] PATH_INFO: `/v3/roles/admin` {{(pid=82513) log_request_info /opt/stack/keystone/keystone/server/flask/request_processing/req_logging.py:28}}
Feb 16 05:59:53 ubuntu devstack@keystone.service[82514]: DEBUG keystone.server.flask.request_processing.middleware.auth_context [None req-4146873e-3001-437b-95e0-de4dfdc555c8 None admin] RBAC: auth_context: {'token': <TokenModel (audit_id=gN2BAb4pRFi09kWpPdv1HA, audit_chain_id=['gN2BAb4pRFi09kWpPdv1HA']) at 0x7f7e826ccc70>, 'domain_id': None, 'trust_id': None, 'trustor_id': None, 'trustee_id': None, 'domain_name': None, 'group_ids': [], 'user_id': 'd0f6eec4ae6347abbbca07059f7de27a', 'user_domain_id': 'default', 'system_scope': 'all', 'project_id': None, 'project_domain_id': None, 'roles': ['admin', 'manager', 'member', 'reader'], 'is_admin_project': True, 'service_user_id': None, 'service_user_domain_id': None, 'service_project_id': None, 'service_project_domain_id': None, 'service_roles': []} {{(pid=82514) fill_context /opt/stack/keystone/keystone/server/flask/request_processing/middleware/auth_context.py:509}}
Feb 16 05:59:53 ubuntu devstack@keystone.service[82514]: DEBUG keystone.server.flask.request_processing.req_logging [None req-4146873e-3001-437b-95e0-de4dfdc555c8 None admin] REQUEST_METHOD: `GET` {{(pid=82514) log_request_info /opt/stack/keystone/keystone/server/flask/request_processing/req_logging.py:26}}
Feb 16 05:59:53 ubuntu devstack@keystone.service[82514]: DEBUG keystone.server.flask.request_processing.req_logging [None req-4146873e-3001-437b-95e0-de4dfdc555c8 None admin] SCRIPT_NAME: `/identity` {{(pid=82514) log_request_info /opt/stack/keystone/keystone/server/flask/request_processing/req_logging.py:27}}
Feb 16 05:59:53 ubuntu devstack@keystone.service[82514]: DEBUG keystone.server.flask.request_processing.req_logging [None req-4146873e-3001-437b-95e0-de4dfdc555c8 None admin] PATH_INFO: `/v3/domains/Default` {{(pid=82514) log_request_info /opt/stack/keystone/keystone/server/flask/request_processing/req_logging.py:28}}
Feb 16 05:59:53 ubuntu devstack@keystone.service[82513]: DEBUG keystone.common.rbac_enforcer.enforcer [None req-173b268b-d045-4f94-a6de-139d56aa9c55 None admin] Extracting inferred target data resulted in "NOT FOUND (404)". {{(pid=82513) enforce_call /opt/stack/keystone/keystone/common/rbac_enforcer/enforcer.py:445}}
Feb 16 05:59:53 ubuntu devstack@keystone.service[82513]: DEBUG keystone.server.flask.application [None req-173b268b-d045-4f94-a6de-139d56aa9c55 None admin] Could not find role: admin. {{(pid=82513) _handle_keystone_exception /opt/stack/keystone/keystone/server/flask/application.py:146}}
Feb 16 05:59:53 ubuntu devstack@keystone.service[82513]: [pid: 82513|app: 0|req: 14/26] 10.201.5.82 () {56 vars in 1132 bytes} [Mon Feb 16 05:59:53 2026] GET /identity/v3/roles/admin => generated 83 bytes in 69 msecs (HTTP/1.1 404) 5 headers in 183 bytes (1 switches on core 0)
Feb 16 05:59:53 ubuntu devstack@keystone.service[82513]: DEBUG keystone.server.flask.request_processing.req_logging [None req-a7b4060b-9dbd-4188-b63f-db7ae7612cf6 None None] REQUEST_METHOD: `GET` {{(pid=82513) log_request_info /opt/stack/keystone/keystone/server/flask/request_processing/req_logging.py:26}}
Feb 16 05:59:53 ubuntu devstack@keystone.service[82513]: DEBUG keystone.server.flask.request_processing.req_logging [None req-a7b4060b-9dbd-4188-b63f-db7ae7612cf6 None None] SCRIPT_NAME: `/identity` {{(pid=82513) log_request_info /opt/stack/keystone/keystone/server/flask/request_processing/req_logging.py:27}}
Feb 16 05:59:53 ubuntu devstack@keystone.service[82513]: DEBUG keystone.server.flask.request_processing.req_logging [None req-a7b4060b-9dbd-4188-b63f-db7ae7612cf6 None None] PATH_INFO: `/` {{(pid=82513) log_request_info /opt/stack/keystone/keystone/server/flask/request_processing/req_logging.py:28}}
Feb 16 05:59:53 ubuntu devstack@keystone.service[82513]: [pid: 82513|app: 0|req: 15/27] 10.201.5.82 () {54 vars in 919 bytes} [Mon Feb 16 05:59:53 2026] GET /identity => generated 270 bytes in 1 msecs (HTTP/1.1 300) 6 headers in 234 bytes (1 switches on core 0)
Feb 16 05:59:53 ubuntu devstack@keystone.service[82514]: DEBUG keystone.common.rbac_enforcer.enforcer [None req-4146873e-3001-437b-95e0-de4dfdc555c8 None admin] RBAC: Authorizing `identity:get_domain(domain_id=Default)` {{(pid=82514) enforce_call /opt/stack/keystone/keystone/common/rbac_enforcer/enforcer.py:494}}
Feb 16 05:59:53 ubuntu devstack@keystone.service[82514]: DEBUG keystone.common.rbac_enforcer.enforcer [None req-4146873e-3001-437b-95e0-de4dfdc555c8 None admin] RBAC: Authorization granted {{(pid=82514) enforce_call /opt/stack/keystone/keystone/common/rbac_enforcer/enforcer.py:505}}
Feb 16 05:59:53 ubuntu devstack@keystone.service[82513]: DEBUG keystone.server.flask.request_processing.req_logging [None req-5e2150ef-5c37-4562-90a6-240675378acb None None] REQUEST_METHOD: `POST` {{(pid=82513) log_request_info /opt/stack/keystone/keystone/server/flask/request_processing/req_logging.py:26}}
Feb 16 05:59:53 ubuntu devstack@keystone.service[82513]: DEBUG keystone.server.flask.request_processing.req_logging [None req-5e2150ef-5c37-4562-90a6-240675378acb None None] SCRIPT_NAME: `/identity` {{(pid=82513) log_request_info /opt/stack/keystone/keystone/server/flask/request_processing/req_logging.py:27}}
Feb 16 05:59:53 ubuntu devstack@keystone.service[82513]: DEBUG keystone.server.flask.request_processing.req_logging [None req-5e2150ef-5c37-4562-90a6-240675378acb None None] PATH_INFO: `/v3/auth/tokens` {{(pid=82513) log_request_info /opt/stack/keystone/keystone/server/flask/request_processing/req_logging.py:28}}
Feb 16 05:59:53 ubuntu devstack@keystone.service[82514]: DEBUG keystone.server.flask.application [None req-4146873e-3001-437b-95e0-de4dfdc555c8 None admin] Could not find domain: Default. {{(pid=82514) _handle_keystone_exception /opt/stack/keystone/keystone/server/flask/application.py:146}}
Feb 16 05:59:53 ubuntu devstack@keystone.service[82513]: WARNING keystone.common.password_hashing [None req-5e2150ef-5c37-4562-90a6-240675378acb None None] Truncating password to algorithm specific maximum length 72 characters.
Feb 16 05:59:53 ubuntu devstack@keystone.service[82514]: [pid: 82514|app: 0|req: 13/28] 10.201.5.82 () {56 vars in 1100 bytes} [Mon Feb 16 05:59:53 2026] GET /identity/v3/domains/Default => generated 87 bytes in 81 msecs (HTTP/1.1 404) 5 headers in 183 bytes (1 switches on core 0)
Feb 16 05:59:53 ubuntu devstack@keystone.service[82514]: DEBUG keystone.server.flask.request_processing.middleware.auth_context [None req-4146873e-3001-437b-95e0-de4dfdc555c8 None admin] Authenticating user token {{(pid=82514) process_request /opt/stack/data/venv/lib/python3.10/site-packages/keystonemiddleware/auth_token/__init__.py:407}}
Feb 16 05:59:53 ubuntu devstack@keystone.service[82513]: DEBUG keystone.auth.core [None req-5e2150ef-5c37-4562-90a6-240675378acb None None] MFA Rules not processed for user `d0f6eec4ae6347abbbca07059f7de27a`. Rule list: `[]` (Enabled: `True`). {{(pid=82513) check_auth_methods_against_rules /opt/stack/keystone/keystone/auth/core.py:476}}
Feb 16 05:59:53 ubuntu devstack@keystone.service[82513]: DEBUG keystone.common.fernet_utils [None req-5e2150ef-5c37-4562-90a6-240675378acb None None] Loaded 2 Fernet keys from /etc/keystone/fernet-keys/, but `[fernet_tokens] max_active_keys = 3`; perhaps there have not been enough key rotations to reach `max_active_keys` yet? {{(pid=82513) load_keys /opt/stack/keystone/keystone/common/fernet_utils.py:297}}
Feb 16 05:59:53 ubuntu devstack@keystone.service[82513]: [pid: 82513|app: 0|req: 16/29] 10.201.5.82 () {58 vars in 1016 bytes} [Mon Feb 16 05:59:53 2026] POST /identity/v3/auth/tokens => generated 862 bytes in 52 msecs (HTTP/1.1 201) 6 headers in 363 bytes (1 switches on core 0)
Feb 16 05:59:53 ubuntu devstack@keystone.service[82513]: DEBUG keystone.server.flask.request_processing.middleware.auth_context [None req-5e2150ef-5c37-4562-90a6-240675378acb None None] Authenticating user token {{(pid=82513) process_request /opt/stack/data/venv/lib/python3.10/site-packages/keystonemiddleware/auth_token/__init__.py:407}}
Feb 16 05:59:53 ubuntu devstack@keystone.service[82514]: DEBUG keystone.server.flask.request_processing.middleware.auth_context [None req-4146873e-3001-437b-95e0-de4dfdc555c8 None admin] Validating token access rules against request {{(pid=82514) validate_allowed_request /opt/stack/data/venv/lib/python3.10/site-packages/keystonemiddleware/auth_token/__init__.py:545}}
Feb 16 05:59:53 ubuntu devstack@keystone.service[82514]: DEBUG keystone.server.flask.request_processing.middleware.auth_context [None req-7c78d485-ce54-499b-8942-c0ff76ed85aa None admin] RBAC: auth_context: {'token': <TokenModel (audit_id=WmeNA3UXS3-2iyF8KI799g, audit_chain_id=['WmeNA3UXS3-2iyF8KI799g']) at 0x7f7e818a2b90>, 'domain_id': None, 'trust_id': None, 'trustor_id': None, 'trustee_id': None, 'domain_name': None, 'group_ids': [], 'user_id': 'd0f6eec4ae6347abbbca07059f7de27a', 'user_domain_id': 'default', 'system_scope': 'all', 'project_id': None, 'project_domain_id': None, 'roles': ['admin', 'manager', 'member', 'reader'], 'is_admin_project': True, 'service_user_id': None, 'service_user_domain_id': None, 'service_project_id': None, 'service_project_domain_id': None, 'service_roles': []} {{(pid=82514) fill_context /opt/stack/keystone/keystone/server/flask/request_processing/middleware/auth_context.py:509}}
Feb 16 05:59:53 ubuntu devstack@keystone.service[82514]: DEBUG keystone.server.flask.request_processing.req_logging [None req-7c78d485-ce54-499b-8942-c0ff76ed85aa None admin] REQUEST_METHOD: `GET` {{(pid=82514) log_request_info /opt/stack/keystone/keystone/server/flask/request_processing/req_logging.py:26}}
Feb 16 05:59:53 ubuntu devstack@keystone.service[82514]: DEBUG keystone.server.flask.request_processing.req_logging [None req-7c78d485-ce54-499b-8942-c0ff76ed85aa None admin] SCRIPT_NAME: `/identity` {{(pid=82514) log_request_info /opt/stack/keystone/keystone/server/flask/request_processing/req_logging.py:27}}
Feb 16 05:59:53 ubuntu devstack@keystone.service[82514]: DEBUG keystone.server.flask.request_processing.req_logging [None req-7c78d485-ce54-499b-8942-c0ff76ed85aa None admin] PATH_INFO: `/v3/roles` {{(pid=82514) log_request_info /opt/stack/keystone/keystone/server/flask/request_processing/req_logging.py:28}}
Feb 16 05:59:53 ubuntu devstack@keystone.service[82514]: DEBUG keystone.common.rbac_enforcer.enforcer [None req-7c78d485-ce54-499b-8942-c0ff76ed85aa None admin] RBAC: Adding query filter params (name=admin) {{(pid=82514) _extract_filter_values /opt/stack/keystone/keystone/common/rbac_enforcer/enforcer.py:176}}
Feb 16 05:59:53 ubuntu devstack@keystone.service[82514]: DEBUG keystone.common.rbac_enforcer.enforcer [None req-7c78d485-ce54-499b-8942-c0ff76ed85aa None admin] RBAC: Authorizing `identity:list_roles()` {{(pid=82514) enforce_call /opt/stack/keystone/keystone/common/rbac_enforcer/enforcer.py:494}}
Feb 16 05:59:53 ubuntu devstack@keystone.service[82514]: DEBUG keystone.common.rbac_enforcer.enforcer [None req-7c78d485-ce54-499b-8942-c0ff76ed85aa None admin] RBAC: Authorization granted {{(pid=82514) enforce_call /opt/stack/keystone/keystone/common/rbac_enforcer/enforcer.py:505}}
Feb 16 05:59:53 ubuntu devstack@keystone.service[82513]: DEBUG keystone.server.flask.request_processing.middleware.auth_context [None req-5e2150ef-5c37-4562-90a6-240675378acb None None] Validating token access rules against request {{(pid=82513) validate_allowed_request /opt/stack/data/venv/lib/python3.10/site-packages/keystonemiddleware/auth_token/__init__.py:545}}
Feb 16 05:59:53 ubuntu devstack@keystone.service[82514]: [pid: 82514|app: 0|req: 14/30] 10.201.5.82 () {56 vars in 1148 bytes} [Mon Feb 16 05:59:53 2026] GET /identity/v3/roles?name=admin => generated 339 bytes in 83 msecs (HTTP/1.1 200) 5 headers in 177 bytes (1 switches on core 0)
Feb 16 05:59:53 ubuntu devstack@keystone.service[82514]: DEBUG keystone.server.flask.request_processing.req_logging [None req-0b96706a-a928-48a1-8b8a-9e56f5eca089 None None] REQUEST_METHOD: `GET` {{(pid=82514) log_request_info /opt/stack/keystone/keystone/server/flask/request_processing/req_logging.py:26}}
Feb 16 05:59:53 ubuntu devstack@keystone.service[82514]: DEBUG keystone.server.flask.request_processing.req_logging [None req-0b96706a-a928-48a1-8b8a-9e56f5eca089 None None] SCRIPT_NAME: `/identity` {{(pid=82514) log_request_info /opt/stack/keystone/keystone/server/flask/request_processing/req_logging.py:27}}
Feb 16 05:59:53 ubuntu devstack@keystone.service[82514]: DEBUG keystone.server.flask.request_processing.req_logging [None req-0b96706a-a928-48a1-8b8a-9e56f5eca089 None None] PATH_INFO: `/` {{(pid=82514) log_request_info /opt/stack/keystone/keystone/server/flask/request_processing/req_logging.py:28}}
Feb 16 05:59:53 ubuntu devstack@keystone.service[82514]: [pid: 82514|app: 0|req: 15/31] 10.201.5.82 () {54 vars in 919 bytes} [Mon Feb 16 05:59:53 2026] GET /identity => generated 270 bytes in 1 msecs (HTTP/1.1 300) 6 headers in 234 bytes (1 switches on core 0)
Feb 16 05:59:53 ubuntu devstack@keystone.service[82514]: DEBUG keystone.server.flask.request_processing.req_logging [None req-aa2324ce-a20c-45ef-90c2-0e9dab598161 None None] REQUEST_METHOD: `POST` {{(pid=82514) log_request_info /opt/stack/keystone/keystone/server/flask/request_processing/req_logging.py:26}}
Feb 16 05:59:53 ubuntu devstack@keystone.service[82514]: DEBUG keystone.server.flask.request_processing.req_logging [None req-aa2324ce-a20c-45ef-90c2-0e9dab598161 None None] SCRIPT_NAME: `/identity` {{(pid=82514) log_request_info /opt/stack/keystone/keystone/server/flask/request_processing/req_logging.py:27}}
Feb 16 05:59:53 ubuntu devstack@keystone.service[82514]: DEBUG keystone.server.flask.request_processing.req_logging [None req-aa2324ce-a20c-45ef-90c2-0e9dab598161 None None] PATH_INFO: `/v3/auth/tokens` {{(pid=82514) log_request_info /opt/stack/keystone/keystone/server/flask/request_processing/req_logging.py:28}}
Feb 16 05:59:53 ubuntu devstack@keystone.service[82514]: WARNING keystone.common.password_hashing [None req-aa2324ce-a20c-45ef-90c2-0e9dab598161 None None] Truncating password to algorithm specific maximum length 72 characters.
Feb 16 05:59:53 ubuntu devstack@keystone.service[82514]: DEBUG keystone.auth.core [None req-aa2324ce-a20c-45ef-90c2-0e9dab598161 None None] MFA Rules not processed for user `d0f6eec4ae6347abbbca07059f7de27a`. Rule list: `[]` (Enabled: `True`). {{(pid=82514) check_auth_methods_against_rules /opt/stack/keystone/keystone/auth/core.py:476}}
Feb 16 05:59:53 ubuntu devstack@keystone.service[82514]: DEBUG keystone.common.fernet_utils [None req-aa2324ce-a20c-45ef-90c2-0e9dab598161 None None] Loaded 2 Fernet keys from /etc/keystone/fernet-keys/, but `[fernet_tokens] max_active_keys = 3`; perhaps there have not been enough key rotations to reach `max_active_keys` yet? {{(pid=82514) load_keys /opt/stack/keystone/keystone/common/fernet_utils.py:297}}
Feb 16 05:59:53 ubuntu devstack@keystone.service[82513]: DEBUG keystone.server.flask.request_processing.middleware.auth_context [None req-35f0729d-dac0-4ada-800a-befb3d841497 None admin] RBAC: auth_context: {'token': <TokenModel (audit_id=gN2BAb4pRFi09kWpPdv1HA, audit_chain_id=['gN2BAb4pRFi09kWpPdv1HA']) at 0x7f7e817c89a0>, 'domain_id': None, 'trust_id': None, 'trustor_id': None, 'trustee_id': None, 'domain_name': None, 'group_ids': [], 'user_id': 'd0f6eec4ae6347abbbca07059f7de27a', 'user_domain_id': 'default', 'system_scope': 'all', 'project_id': None, 'project_domain_id': None, 'roles': ['admin', 'manager', 'member', 'reader'], 'is_admin_project': True, 'service_user_id': None, 'service_user_domain_id': None, 'service_project_id': None, 'service_project_domain_id': None, 'service_roles': []} {{(pid=82513) fill_context /opt/stack/keystone/keystone/server/flask/request_processing/middleware/auth_context.py:509}}
Feb 16 05:59:53 ubuntu devstack@keystone.service[82513]: DEBUG keystone.server.flask.request_processing.req_logging [None req-35f0729d-dac0-4ada-800a-befb3d841497 None admin] REQUEST_METHOD: `GET` {{(pid=82513) log_request_info /opt/stack/keystone/keystone/server/flask/request_processing/req_logging.py:26}}
Feb 16 05:59:53 ubuntu devstack@keystone.service[82513]: DEBUG keystone.server.flask.request_processing.req_logging [None req-35f0729d-dac0-4ada-800a-befb3d841497 None admin] SCRIPT_NAME: `/identity` {{(pid=82513) log_request_info /opt/stack/keystone/keystone/server/flask/request_processing/req_logging.py:27}}
Feb 16 05:59:53 ubuntu devstack@keystone.service[82513]: DEBUG keystone.server.flask.request_processing.req_logging [None req-35f0729d-dac0-4ada-800a-befb3d841497 None admin] PATH_INFO: `/v3/domains` {{(pid=82513) log_request_info /opt/stack/keystone/keystone/server/flask/request_processing/req_logging.py:28}}
Feb 16 05:59:53 ubuntu devstack@keystone.service[82513]: DEBUG keystone.common.rbac_enforcer.enforcer [None req-35f0729d-dac0-4ada-800a-befb3d841497 None admin] RBAC: Adding query filter params (name=Default) {{(pid=82513) _extract_filter_values /opt/stack/keystone/keystone/common/rbac_enforcer/enforcer.py:176}}
Feb 16 05:59:53 ubuntu devstack@keystone.service[82513]: DEBUG keystone.common.rbac_enforcer.enforcer [None req-35f0729d-dac0-4ada-800a-befb3d841497 None admin] RBAC: Authorizing `identity:list_domains()` {{(pid=82513) enforce_call /opt/stack/keystone/keystone/common/rbac_enforcer/enforcer.py:494}}
Feb 16 05:59:53 ubuntu devstack@keystone.service[82513]: DEBUG keystone.common.rbac_enforcer.enforcer [None req-35f0729d-dac0-4ada-800a-befb3d841497 None admin] RBAC: Authorization granted {{(pid=82513) enforce_call /opt/stack/keystone/keystone/common/rbac_enforcer/enforcer.py:505}}
Feb 16 05:59:53 ubuntu devstack@keystone.service[82513]: [pid: 82513|app: 0|req: 17/32] 10.201.5.82 () {56 vars in 1101 bytes} [Mon Feb 16 05:59:53 2026] GET /identity/v3/domains?name=Default => generated 308 bytes in 85 msecs (HTTP/1.1 200) 5 headers in 177 bytes (1 switches on core 0)
Feb 16 05:59:53 ubuntu devstack@keystone.service[82513]: DEBUG keystone.server.flask.request_processing.middleware.auth_context [None req-35f0729d-dac0-4ada-800a-befb3d841497 None admin] Authenticating user token {{(pid=82513) process_request /opt/stack/data/venv/lib/python3.10/site-packages/keystonemiddleware/auth_token/__init__.py:407}}
Feb 16 05:59:53 ubuntu devstack@keystone.service[82514]: [pid: 82514|app: 0|req: 16/33] 10.201.5.82 () {58 vars in 1016 bytes} [Mon Feb 16 05:59:53 2026] POST /identity/v3/auth/tokens => generated 862 bytes in 53 msecs (HTTP/1.1 201) 6 headers in 363 bytes (1 switches on core 0)
Feb 16 05:59:53 ubuntu devstack@keystone.service[82514]: DEBUG keystone.server.flask.request_processing.middleware.auth_context [None req-aa2324ce-a20c-45ef-90c2-0e9dab598161 None None] Authenticating user token {{(pid=82514) process_request /opt/stack/data/venv/lib/python3.10/site-packages/keystonemiddleware/auth_token/__init__.py:407}}
Feb 16 05:59:53 ubuntu devstack@keystone.service[82513]: DEBUG keystone.server.flask.request_processing.middleware.auth_context [None req-35f0729d-dac0-4ada-800a-befb3d841497 None admin] Validating token access rules against request {{(pid=82513) validate_allowed_request /opt/stack/data/venv/lib/python3.10/site-packages/keystonemiddleware/auth_token/__init__.py:545}}
Feb 16 05:59:53 ubuntu devstack@keystone.service[82513]: DEBUG keystone.server.flask.request_processing.middleware.auth_context [None req-e09d22d1-bfda-47e5-85c1-882612304eb6 None admin] RBAC: auth_context: {'token': <TokenModel (audit_id=WmeNA3UXS3-2iyF8KI799g, audit_chain_id=['WmeNA3UXS3-2iyF8KI799g']) at 0x7f7e817c90f0>, 'domain_id': None, 'trust_id': None, 'trustor_id': None, 'trustee_id': None, 'domain_name': None, 'group_ids': [], 'user_id': 'd0f6eec4ae6347abbbca07059f7de27a', 'user_domain_id': 'default', 'system_scope': 'all', 'project_id': None, 'project_domain_id': None, 'roles': ['admin', 'manager', 'member', 'reader'], 'is_admin_project': True, 'service_user_id': None, 'service_user_domain_id': None, 'service_project_id': None, 'service_project_domain_id': None, 'service_roles': []} {{(pid=82513) fill_context /opt/stack/keystone/keystone/server/flask/request_processing/middleware/auth_context.py:509}}
Feb 16 05:59:53 ubuntu devstack@keystone.service[82514]: DEBUG keystone.server.flask.request_processing.middleware.auth_context [None req-aa2324ce-a20c-45ef-90c2-0e9dab598161 None None] Validating token access rules against request {{(pid=82514) validate_allowed_request /opt/stack/data/venv/lib/python3.10/site-packages/keystonemiddleware/auth_token/__init__.py:545}}
Feb 16 05:59:53 ubuntu devstack@keystone.service[82513]: DEBUG keystone.server.flask.request_processing.req_logging [None req-e09d22d1-bfda-47e5-85c1-882612304eb6 None admin] REQUEST_METHOD: `GET` {{(pid=82513) log_request_info /opt/stack/keystone/keystone/server/flask/request_processing/req_logging.py:26}}
Feb 16 05:59:53 ubuntu devstack@keystone.service[82513]: DEBUG keystone.server.flask.request_processing.req_logging [None req-e09d22d1-bfda-47e5-85c1-882612304eb6 None admin] SCRIPT_NAME: `/identity` {{(pid=82513) log_request_info /opt/stack/keystone/keystone/server/flask/request_processing/req_logging.py:27}}
Feb 16 05:59:53 ubuntu devstack@keystone.service[82513]: DEBUG keystone.server.flask.request_processing.req_logging [None req-e09d22d1-bfda-47e5-85c1-882612304eb6 None admin] PATH_INFO: `/v3/users/d0f6eec4ae6347abbbca07059f7de27a` {{(pid=82513) log_request_info /opt/stack/keystone/keystone/server/flask/request_processing/req_logging.py:28}}
Feb 16 05:59:53 ubuntu devstack@keystone.service[82513]: DEBUG keystone.common.rbac_enforcer.enforcer [None req-e09d22d1-bfda-47e5-85c1-882612304eb6 None admin] RBAC: Authorizing `identity:get_user(user_id=d0f6eec4ae6347abbbca07059f7de27a)` {{(pid=82513) enforce_call /opt/stack/keystone/keystone/common/rbac_enforcer/enforcer.py:494}}
Feb 16 05:59:53 ubuntu devstack@keystone.service[82513]: DEBUG keystone.common.rbac_enforcer.enforcer [None req-e09d22d1-bfda-47e5-85c1-882612304eb6 None admin] RBAC: Authorization granted {{(pid=82513) enforce_call /opt/stack/keystone/keystone/common/rbac_enforcer/enforcer.py:505}}
Feb 16 05:59:53 ubuntu devstack@keystone.service[82513]: [pid: 82513|app: 0|req: 18/34] 10.201.5.82 () {56 vars in 1213 bytes} [Mon Feb 16 05:59:53 2026] GET /identity/v3/users/d0f6eec4ae6347abbbca07059f7de27a => generated 247 bytes in 56 msecs (HTTP/1.1 200) 5 headers in 177 bytes (1 switches on core 0)
Feb 16 05:59:53 ubuntu devstack@keystone.service[82513]: DEBUG keystone.server.flask.request_processing.middleware.auth_context [None req-e09d22d1-bfda-47e5-85c1-882612304eb6 None admin] Authenticating user token {{(pid=82513) process_request /opt/stack/data/venv/lib/python3.10/site-packages/keystonemiddleware/auth_token/__init__.py:407}}
Feb 16 05:59:53 ubuntu devstack@keystone.service[82514]: DEBUG keystone.server.flask.request_processing.middleware.auth_context [None req-4122bae2-57b8-4f79-aa45-1a04d0712406 None admin] RBAC: auth_context: {'token': <TokenModel (audit_id=gN2BAb4pRFi09kWpPdv1HA, audit_chain_id=['gN2BAb4pRFi09kWpPdv1HA']) at 0x7f7e8187efe0>, 'domain_id': None, 'trust_id': None, 'trustor_id': None, 'trustee_id': None, 'domain_name': None, 'group_ids': [], 'user_id': 'd0f6eec4ae6347abbbca07059f7de27a', 'user_domain_id': 'default', 'system_scope': 'all', 'project_id': None, 'project_domain_id': None, 'roles': ['admin', 'manager', 'member', 'reader'], 'is_admin_project': True, 'service_user_id': None, 'service_user_domain_id': None, 'service_project_id': None, 'service_project_domain_id': None, 'service_roles': []} {{(pid=82514) fill_context /opt/stack/keystone/keystone/server/flask/request_processing/middleware/auth_context.py:509}}
Feb 16 05:59:53 ubuntu devstack@keystone.service[82514]: DEBUG keystone.server.flask.request_processing.req_logging [None req-4122bae2-57b8-4f79-aa45-1a04d0712406 None admin] REQUEST_METHOD: `POST` {{(pid=82514) log_request_info /opt/stack/keystone/keystone/server/flask/request_processing/req_logging.py:26}}
Feb 16 05:59:53 ubuntu devstack@keystone.service[82514]: DEBUG keystone.server.flask.request_processing.req_logging [None req-4122bae2-57b8-4f79-aa45-1a04d0712406 None admin] SCRIPT_NAME: `/identity` {{(pid=82514) log_request_info /opt/stack/keystone/keystone/server/flask/request_processing/req_logging.py:27}}
Feb 16 05:59:53 ubuntu devstack@keystone.service[82514]: DEBUG keystone.server.flask.request_processing.req_logging [None req-4122bae2-57b8-4f79-aa45-1a04d0712406 None admin] PATH_INFO: `/v3/projects` {{(pid=82514) log_request_info /opt/stack/keystone/keystone/server/flask/request_processing/req_logging.py:28}}
Feb 16 05:59:53 ubuntu devstack@keystone.service[82514]: DEBUG keystone.common.rbac_enforcer.enforcer [None req-4122bae2-57b8-4f79-aa45-1a04d0712406 None admin] RBAC: Authorizing `identity:create_project()` {{(pid=82514) enforce_call /opt/stack/keystone/keystone/common/rbac_enforcer/enforcer.py:494}}
Feb 16 05:59:53 ubuntu devstack@keystone.service[82514]: DEBUG keystone.common.rbac_enforcer.enforcer [None req-4122bae2-57b8-4f79-aa45-1a04d0712406 None admin] RBAC: Authorization granted {{(pid=82514) enforce_call /opt/stack/keystone/keystone/common/rbac_enforcer/enforcer.py:505}}
Feb 16 05:59:53 ubuntu devstack@keystone.service[82513]: DEBUG keystone.server.flask.request_processing.middleware.auth_context [None req-e09d22d1-bfda-47e5-85c1-882612304eb6 None admin] Validating token access rules against request {{(pid=82513) validate_allowed_request /opt/stack/data/venv/lib/python3.10/site-packages/keystonemiddleware/auth_token/__init__.py:545}}
Feb 16 05:59:53 ubuntu devstack@keystone.service[82513]: DEBUG keystone.server.flask.request_processing.middleware.auth_context [None req-e8f0bf02-a8d0-4f00-aa76-682279d8548f None admin] RBAC: auth_context: {'token': <TokenModel (audit_id=WmeNA3UXS3-2iyF8KI799g, audit_chain_id=['WmeNA3UXS3-2iyF8KI799g']) at 0x7f7e817ca3e0>, 'domain_id': None, 'trust_id': None, 'trustor_id': None, 'trustee_id': None, 'domain_name': None, 'group_ids': [], 'user_id': 'd0f6eec4ae6347abbbca07059f7de27a', 'user_domain_id': 'default', 'system_scope': 'all', 'project_id': None, 'project_domain_id': None, 'roles': ['admin', 'manager', 'member', 'reader'], 'is_admin_project': True, 'service_user_id': None, 'service_user_domain_id': None, 'service_project_id': None, 'service_project_domain_id': None, 'service_roles': []} {{(pid=82513) fill_context /opt/stack/keystone/keystone/server/flask/request_processing/middleware/auth_context.py:509}}
Feb 16 05:59:53 ubuntu devstack@keystone.service[82513]: DEBUG keystone.server.flask.request_processing.req_logging [None req-e8f0bf02-a8d0-4f00-aa76-682279d8548f None admin] REQUEST_METHOD: `GET` {{(pid=82513) log_request_info /opt/stack/keystone/keystone/server/flask/request_processing/req_logging.py:26}}
Feb 16 05:59:53 ubuntu devstack@keystone.service[82513]: DEBUG keystone.server.flask.request_processing.req_logging [None req-e8f0bf02-a8d0-4f00-aa76-682279d8548f None admin] SCRIPT_NAME: `/identity` {{(pid=82513) log_request_info /opt/stack/keystone/keystone/server/flask/request_processing/req_logging.py:27}}
Feb 16 05:59:53 ubuntu devstack@keystone.service[82513]: DEBUG keystone.server.flask.request_processing.req_logging [None req-e8f0bf02-a8d0-4f00-aa76-682279d8548f None admin] PATH_INFO: `/v3/domains/default` {{(pid=82513) log_request_info /opt/stack/keystone/keystone/server/flask/request_processing/req_logging.py:28}}
Feb 16 05:59:53 ubuntu devstack@keystone.service[82513]: DEBUG keystone.common.rbac_enforcer.enforcer [None req-e8f0bf02-a8d0-4f00-aa76-682279d8548f None admin] RBAC: Authorizing `identity:get_domain(domain_id=default)` {{(pid=82513) enforce_call /opt/stack/keystone/keystone/common/rbac_enforcer/enforcer.py:494}}
Feb 16 05:59:53 ubuntu devstack@keystone.service[82513]: DEBUG keystone.common.rbac_enforcer.enforcer [None req-e8f0bf02-a8d0-4f00-aa76-682279d8548f None admin] RBAC: Authorization granted {{(pid=82513) enforce_call /opt/stack/keystone/keystone/common/rbac_enforcer/enforcer.py:505}}
Feb 16 05:59:53 ubuntu devstack@keystone.service[82513]: [pid: 82513|app: 0|req: 19/35] 10.201.5.82 () {56 vars in 1144 bytes} [Mon Feb 16 05:59:53 2026] GET /identity/v3/domains/default => generated 199 bytes in 197 msecs (HTTP/1.1 200) 5 headers in 177 bytes (1 switches on core 0)
Feb 16 05:59:53 ubuntu devstack@keystone.service[82513]: DEBUG keystone.server.flask.request_processing.middleware.auth_context [None req-e8f0bf02-a8d0-4f00-aa76-682279d8548f None admin] Authenticating user token {{(pid=82513) process_request /opt/stack/data/venv/lib/python3.10/site-packages/keystonemiddleware/auth_token/__init__.py:407}}
Feb 16 05:59:53 ubuntu devstack@keystone.service[82514]: [pid: 82514|app: 0|req: 17/36] 10.201.5.82 () {60 vars in 1133 bytes} [Mon Feb 16 05:59:53 2026] POST /identity/v3/projects => generated 301 bytes in 250 msecs (HTTP/1.1 201) 5 headers in 182 bytes (1 switches on core 0)
Feb 16 05:59:53 ubuntu devstack@keystone.service[82514]: DEBUG keystone.server.flask.request_processing.middleware.auth_context [None req-4122bae2-57b8-4f79-aa45-1a04d0712406 None admin] Authenticating user token {{(pid=82514) process_request /opt/stack/data/venv/lib/python3.10/site-packages/keystonemiddleware/auth_token/__init__.py:407}}
Feb 16 05:59:53 ubuntu devstack@keystone.service[82513]: DEBUG keystone.server.flask.request_processing.middleware.auth_context [None req-e8f0bf02-a8d0-4f00-aa76-682279d8548f None admin] Validating token access rules against request {{(pid=82513) validate_allowed_request /opt/stack/data/venv/lib/python3.10/site-packages/keystonemiddleware/auth_token/__init__.py:545}}
Feb 16 05:59:53 ubuntu devstack@keystone.service[82513]: DEBUG keystone.server.flask.request_processing.middleware.auth_context [None req-3fd0d04a-4ae4-4ff7-863f-12bd7378de9c None admin] RBAC: auth_context: {'token': <TokenModel (audit_id=c4z4W-TdTFy4u8ZxXs16bQ, audit_chain_id=['c4z4W-TdTFy4u8ZxXs16bQ']) at 0x7f7e823aea40>, 'domain_id': None, 'trust_id': None, 'trustor_id': None, 'trustee_id': None, 'domain_name': None, 'group_ids': [], 'user_id': 'd0f6eec4ae6347abbbca07059f7de27a', 'user_domain_id': 'default', 'system_scope': 'all', 'project_id': None, 'project_domain_id': None, 'roles': ['admin', 'manager', 'member', 'reader'], 'is_admin_project': True, 'service_user_id': None, 'service_user_domain_id': None, 'service_project_id': None, 'service_project_domain_id': None, 'service_roles': []} {{(pid=82513) fill_context /opt/stack/keystone/keystone/server/flask/request_processing/middleware/auth_context.py:509}}
Feb 16 05:59:53 ubuntu devstack@keystone.service[82513]: DEBUG keystone.server.flask.request_processing.req_logging [None req-3fd0d04a-4ae4-4ff7-863f-12bd7378de9c None admin] REQUEST_METHOD: `POST` {{(pid=82513) log_request_info /opt/stack/keystone/keystone/server/flask/request_processing/req_logging.py:26}}
Feb 16 05:59:53 ubuntu devstack@keystone.service[82513]: DEBUG keystone.server.flask.request_processing.req_logging [None req-3fd0d04a-4ae4-4ff7-863f-12bd7378de9c None admin] SCRIPT_NAME: `/identity` {{(pid=82513) log_request_info /opt/stack/keystone/keystone/server/flask/request_processing/req_logging.py:27}}
Feb 16 05:59:53 ubuntu devstack@keystone.service[82513]: DEBUG keystone.server.flask.request_processing.req_logging [None req-3fd0d04a-4ae4-4ff7-863f-12bd7378de9c None admin] PATH_INFO: `/v3/roles` {{(pid=82513) log_request_info /opt/stack/keystone/keystone/server/flask/request_processing/req_logging.py:28}}
Feb 16 05:59:53 ubuntu devstack@keystone.service[82513]: DEBUG keystone.common.rbac_enforcer.enforcer [None req-3fd0d04a-4ae4-4ff7-863f-12bd7378de9c None admin] RBAC: Authorizing `identity:create_role()` {{(pid=82513) enforce_call /opt/stack/keystone/keystone/common/rbac_enforcer/enforcer.py:494}}
Feb 16 05:59:53 ubuntu devstack@keystone.service[82513]: DEBUG keystone.common.rbac_enforcer.enforcer [None req-3fd0d04a-4ae4-4ff7-863f-12bd7378de9c None admin] RBAC: Authorization granted {{(pid=82513) enforce_call /opt/stack/keystone/keystone/common/rbac_enforcer/enforcer.py:505}}
Feb 16 05:59:53 ubuntu devstack@keystone.service[82513]: DEBUG keystone.common.sql.core [None req-3fd0d04a-4ae4-4ff7-863f-12bd7378de9c None admin] Conflict role: (pymysql.err.IntegrityError) (1062, "Duplicate entry 'service-<<null>>' for key 'role.ixu_role_name_domain_id'")
Feb 16 05:59:53 ubuntu devstack@keystone.service[82513]: [SQL: INSERT INTO `role` (id, name, description, extra) VALUES (%(id)s, %(name)s, %(description)s, %(extra)s)]
Feb 16 05:59:53 ubuntu devstack@keystone.service[82513]: [parameters: {'id': '7bb0e145f3324bccb5db54abcf91a4a4', 'name': 'service', 'description': None, 'extra': '{}'}]
Feb 16 05:59:53 ubuntu devstack@keystone.service[82513]: (Background on this error at: https://sqlalche.me/e/20/gkpj) {{(pid=82513) wrapper /opt/stack/keystone/keystone/common/sql/core.py:580}}
Feb 16 05:59:53 ubuntu devstack@keystone.service[82513]: ERROR keystone.server.flask.application [None req-3fd0d04a-4ae4-4ff7-863f-12bd7378de9c None admin] Conflict occurred attempting to store role - Duplicate entry found with name service.: keystone.exception.Conflict: Conflict occurred attempting to store role - Duplicate entry found with name service.
Feb 16 05:59:53 ubuntu devstack@keystone.service[82513]: ERROR keystone.server.flask.application Traceback (most recent call last):
Feb 16 05:59:53 ubuntu devstack@keystone.service[82513]: ERROR keystone.server.flask.application   File "/opt/stack/data/venv/lib/python3.10/site-packages/sqlalchemy/engine/base.py", line 1967, in _exec_single_context
Feb 16 05:59:53 ubuntu devstack@keystone.service[82513]: ERROR keystone.server.flask.application     self.dialect.do_execute(
Feb 16 05:59:53 ubuntu devstack@keystone.service[82513]: ERROR keystone.server.flask.application   File "/opt/stack/data/venv/lib/python3.10/site-packages/sqlalchemy/engine/default.py", line 951, in do_execute
Feb 16 05:59:53 ubuntu devstack@keystone.service[82513]: ERROR keystone.server.flask.application     cursor.execute(statement, parameters)
Feb 16 05:59:53 ubuntu devstack@keystone.service[82513]: ERROR keystone.server.flask.application   File "/opt/stack/data/venv/lib/python3.10/site-packages/pymysql/cursors.py", line 153, in execute
Feb 16 05:59:53 ubuntu devstack@keystone.service[82513]: ERROR keystone.server.flask.application     result = self._query(query)
Feb 16 05:59:53 ubuntu devstack@keystone.service[82513]: ERROR keystone.server.flask.application   File "/opt/stack/data/venv/lib/python3.10/site-packages/pymysql/cursors.py", line 322, in _query
Feb 16 05:59:53 ubuntu devstack@keystone.service[82513]: ERROR keystone.server.flask.application     conn.query(q)
Feb 16 05:59:53 ubuntu devstack@keystone.service[82513]: ERROR keystone.server.flask.application   File "/opt/stack/data/venv/lib/python3.10/site-packages/pymysql/connections.py", line 575, in query
Feb 16 05:59:53 ubuntu devstack@keystone.service[82513]: ERROR keystone.server.flask.application     self._affected_rows = self._read_query_result(unbuffered=unbuffered)
Feb 16 05:59:53 ubuntu devstack@keystone.service[82513]: ERROR keystone.server.flask.application   File "/opt/stack/data/venv/lib/python3.10/site-packages/pymysql/connections.py", line 826, in _read_query_result
Feb 16 05:59:53 ubuntu devstack@keystone.service[82513]: ERROR keystone.server.flask.application     result.read()
Feb 16 05:59:53 ubuntu devstack@keystone.service[82513]: ERROR keystone.server.flask.application   File "/opt/stack/data/venv/lib/python3.10/site-packages/pymysql/connections.py", line 1203, in read
Feb 16 05:59:53 ubuntu devstack@keystone.service[82513]: ERROR keystone.server.flask.application     first_packet = self.connection._read_packet()
Feb 16 05:59:53 ubuntu devstack@keystone.service[82513]: ERROR keystone.server.flask.application   File "/opt/stack/data/venv/lib/python3.10/site-packages/pymysql/connections.py", line 782, in _read_packet
Feb 16 05:59:53 ubuntu devstack@keystone.service[82513]: ERROR keystone.server.flask.application     packet.raise_for_error()
Feb 16 05:59:53 ubuntu devstack@keystone.service[82513]: ERROR keystone.server.flask.application   File "/opt/stack/data/venv/lib/python3.10/site-packages/pymysql/protocol.py", line 219, in raise_for_error
Feb 16 05:59:53 ubuntu devstack@keystone.service[82513]: ERROR keystone.server.flask.application     err.raise_mysql_exception(self._data)
Feb 16 05:59:53 ubuntu devstack@keystone.service[82513]: ERROR keystone.server.flask.application   File "/opt/stack/data/venv/lib/python3.10/site-packages/pymysql/err.py", line 150, in raise_mysql_exception
Feb 16 05:59:53 ubuntu devstack@keystone.service[82513]: ERROR keystone.server.flask.application     raise errorclass(errno, errval)
Feb 16 05:59:53 ubuntu devstack@keystone.service[82513]: ERROR keystone.server.flask.application pymysql.err.IntegrityError: (1062, "Duplicate entry 'service-<<null>>' for key 'role.ixu_role_name_domain_id'")
Feb 16 05:59:53 ubuntu devstack@keystone.service[82513]: ERROR keystone.server.flask.application 
Feb 16 05:59:53 ubuntu devstack@keystone.service[82513]: ERROR keystone.server.flask.application The above exception was the direct cause of the following exception:
Feb 16 05:59:53 ubuntu devstack@keystone.service[82513]: ERROR keystone.server.flask.application 
Feb 16 05:59:53 ubuntu devstack@keystone.service[82513]: ERROR keystone.server.flask.application Traceback (most recent call last):
Feb 16 05:59:53 ubuntu devstack@keystone.service[82513]: ERROR keystone.server.flask.application   File "/opt/stack/keystone/keystone/common/sql/core.py", line 575, in wrapper
Feb 16 05:59:53 ubuntu devstack@keystone.service[82513]: ERROR keystone.server.flask.application     return method(*args, **kwargs)
Feb 16 05:59:53 ubuntu devstack@keystone.service[82513]: ERROR keystone.server.flask.application   File "/opt/stack/keystone/keystone/assignment/role_backends/sql.py", line 25, in create_role
Feb 16 05:59:53 ubuntu devstack@keystone.service[82513]: ERROR keystone.server.flask.application     with sql.session_for_write() as session:
Feb 16 05:59:53 ubuntu devstack@keystone.service[82513]: ERROR keystone.server.flask.application   File "/usr/lib/python3.10/contextlib.py", line 142, in __exit__
Feb 16 05:59:53 ubuntu devstack@keystone.service[82513]: ERROR keystone.server.flask.application     next(self.gen)
Feb 16 05:59:53 ubuntu devstack@keystone.service[82513]: ERROR keystone.server.flask.application   File "/opt/stack/data/venv/lib/python3.10/site-packages/oslo_db/sqlalchemy/enginefacade.py", line 1175, in _transaction_scope
Feb 16 05:59:53 ubuntu devstack@keystone.service[82513]: ERROR keystone.server.flask.application     with current._produce_block(
Feb 16 05:59:53 ubuntu devstack@keystone.service[82513]: ERROR keystone.server.flask.application   File "/usr/lib/python3.10/contextlib.py", line 142, in __exit__
Feb 16 05:59:53 ubuntu devstack@keystone.service[82513]: ERROR keystone.server.flask.application     next(self.gen)
Feb 16 05:59:53 ubuntu devstack@keystone.service[82513]: ERROR keystone.server.flask.application   File "/opt/stack/data/venv/lib/python3.10/site-packages/oslo_db/sqlalchemy/enginefacade.py", line 837, in _session
Feb 16 05:59:53 ubuntu devstack@keystone.service[82513]: ERROR keystone.server.flask.application     with excutils.save_and_reraise_exception():
Feb 16 05:59:53 ubuntu devstack@keystone.service[82513]: ERROR keystone.server.flask.application   File "/opt/stack/data/venv/lib/python3.10/site-packages/oslo_utils/excutils.py", line 256, in __exit__
Feb 16 05:59:53 ubuntu devstack@keystone.service[82513]: ERROR keystone.server.flask.application     self.force_reraise()
Feb 16 05:59:53 ubuntu devstack@keystone.service[82513]: ERROR keystone.server.flask.application   File "/opt/stack/data/venv/lib/python3.10/site-packages/oslo_utils/excutils.py", line 222, in force_reraise
Feb 16 05:59:53 ubuntu devstack@keystone.service[82513]: ERROR keystone.server.flask.application     raise self.value
Feb 16 05:59:53 ubuntu devstack@keystone.service[82513]: ERROR keystone.server.flask.application   File "/opt/stack/data/venv/lib/python3.10/site-packages/oslo_db/sqlalchemy/enginefacade.py", line 835, in _session
Feb 16 05:59:53 ubuntu devstack@keystone.service[82513]: ERROR keystone.server.flask.application     self._end_session_transaction(self.session)
Feb 16 05:59:53 ubuntu devstack@keystone.service[82513]: ERROR keystone.server.flask.application   File "/opt/stack/data/venv/lib/python3.10/site-packages/oslo_db/sqlalchemy/enginefacade.py", line 748, in _end_session_transaction
Feb 16 05:59:53 ubuntu devstack@keystone.service[82513]: ERROR keystone.server.flask.application     session.commit()
Feb 16 05:59:53 ubuntu devstack@keystone.service[82513]: ERROR keystone.server.flask.application   File "/opt/stack/data/venv/lib/python3.10/site-packages/sqlalchemy/orm/session.py", line 2030, in commit
Feb 16 05:59:53 ubuntu devstack@keystone.service[82513]: ERROR keystone.server.flask.application     trans.commit(_to_root=True)
Feb 16 05:59:53 ubuntu devstack@keystone.service[82513]: ERROR keystone.server.flask.application   File "<string>", line 2, in commit
Feb 16 05:59:53 ubuntu devstack@keystone.service[82513]: ERROR keystone.server.flask.application   File "/opt/stack/data/venv/lib/python3.10/site-packages/sqlalchemy/orm/state_changes.py", line 137, in _go
Feb 16 05:59:53 ubuntu devstack@keystone.service[82513]: ERROR keystone.server.flask.application     ret_value = fn(self, *arg, **kw)
Feb 16 05:59:53 ubuntu devstack@keystone.service[82513]: ERROR keystone.server.flask.application   File "/opt/stack/data/venv/lib/python3.10/site-packages/sqlalchemy/orm/session.py", line 1311, in commit
Feb 16 05:59:53 ubuntu devstack@keystone.service[82513]: ERROR keystone.server.flask.application     self._prepare_impl()
Feb 16 05:59:53 ubuntu devstack@keystone.service[82513]: ERROR keystone.server.flask.application   File "<string>", line 2, in _prepare_impl
Feb 16 05:59:53 ubuntu devstack@keystone.service[82513]: ERROR keystone.server.flask.application   File "/opt/stack/data/venv/lib/python3.10/site-packages/sqlalchemy/orm/state_changes.py", line 137, in _go
Feb 16 05:59:53 ubuntu devstack@keystone.service[82513]: ERROR keystone.server.flask.application     ret_value = fn(self, *arg, **kw)
Feb 16 05:59:53 ubuntu devstack@keystone.service[82513]: ERROR keystone.server.flask.application   File "/opt/stack/data/venv/lib/python3.10/site-packages/sqlalchemy/orm/session.py", line 1286, in _prepare_impl
Feb 16 05:59:53 ubuntu devstack@keystone.service[82513]: ERROR keystone.server.flask.application     self.session.flush()
Feb 16 05:59:53 ubuntu devstack@keystone.service[82513]: ERROR keystone.server.flask.application   File "/opt/stack/data/venv/lib/python3.10/site-packages/sqlalchemy/orm/session.py", line 4331, in flush
Feb 16 05:59:53 ubuntu devstack@keystone.service[82513]: ERROR keystone.server.flask.application     self._flush(objects)
Feb 16 05:59:53 ubuntu devstack@keystone.service[82513]: ERROR keystone.server.flask.application   File "/opt/stack/data/venv/lib/python3.10/site-packages/sqlalchemy/orm/session.py", line 4466, in _flush
Feb 16 05:59:53 ubuntu devstack@keystone.service[82513]: ERROR keystone.server.flask.application     with util.safe_reraise():
Feb 16 05:59:53 ubuntu devstack@keystone.service[82513]: ERROR keystone.server.flask.application   File "/opt/stack/data/venv/lib/python3.10/site-packages/sqlalchemy/util/langhelpers.py", line 224, in __exit__
Feb 16 05:59:53 ubuntu devstack@keystone.service[82513]: ERROR keystone.server.flask.application     raise exc_value.with_traceback(exc_tb)
