Jul 09 07:37:49 ubuntu devstack@g-api.service[118070]: DEBUG glance.common.config [None req-89bd32b6-446a-4222-a309-d6f2cf50568e None None] barbican.collect_timing        = False {{(pid=118070) log_opt_values /opt/stack/data/venv/lib/python3.10/site-packages/oslo_config/cfg.py:2620}}
Jul 09 07:37:49 ubuntu devstack@g-api.service[118071]: DEBUG glance.common.config [None req-d83a00c4-3572-4e22-bad6-561a632483f9 None None] database.use_db_reconnect      = False {{(pid=118071) log_opt_values /opt/stack/data/venv/lib/python3.10/site-packages/oslo_config/cfg.py:2620}}
Jul 09 07:37:49 ubuntu devstack@g-api.service[118070]: DEBUG glance.common.config [None req-89bd32b6-446a-4222-a309-d6f2cf50568e None None] barbican.insecure              = False {{(pid=118070) log_opt_values /opt/stack/data/venv/lib/python3.10/site-packages/oslo_config/cfg.py:2620}}
Jul 09 07:37:49 ubuntu devstack@g-api.service[118071]: DEBUG glance.common.config [None req-d83a00c4-3572-4e22-bad6-561a632483f9 None None] healthcheck.allowed_source_ranges = [] {{(pid=118071) log_opt_values /opt/stack/data/venv/lib/python3.10/site-packages/oslo_config/cfg.py:2620}}
Jul 09 07:37:49 ubuntu devstack@g-api.service[118070]: DEBUG glance.common.config [None req-89bd32b6-446a-4222-a309-d6f2cf50568e None None] barbican.keyfile               = None {{(pid=118070) log_opt_values /opt/stack/data/venv/lib/python3.10/site-packages/oslo_config/cfg.py:2620}}
Jul 09 07:37:49 ubuntu devstack@g-api.service[118071]: DEBUG glance.common.config [None req-d83a00c4-3572-4e22-bad6-561a632483f9 None None] healthcheck.backends           = ['disable_by_file'] {{(pid=118071) log_opt_values /opt/stack/data/venv/lib/python3.10/site-packages/oslo_config/cfg.py:2620}}
Jul 09 07:37:49 ubuntu devstack@g-api.service[118070]: DEBUG glance.common.config [None req-89bd32b6-446a-4222-a309-d6f2cf50568e None None] barbican.number_of_retries     = 60 {{(pid=118070) log_opt_values /opt/stack/data/venv/lib/python3.10/site-packages/oslo_config/cfg.py:2620}}
Jul 09 07:37:49 ubuntu devstack@g-api.service[118071]: DEBUG glance.common.config [None req-d83a00c4-3572-4e22-bad6-561a632483f9 None None] healthcheck.detailed           = False {{(pid=118071) log_opt_values /opt/stack/data/venv/lib/python3.10/site-packages/oslo_config/cfg.py:2620}}
Jul 09 07:37:49 ubuntu devstack@g-api.service[118070]: DEBUG glance.common.config [None req-89bd32b6-446a-4222-a309-d6f2cf50568e None None] barbican.retry_delay           = 1 {{(pid=118070) log_opt_values /opt/stack/data/venv/lib/python3.10/site-packages/oslo_config/cfg.py:2620}}
Jul 09 07:37:49 ubuntu devstack@g-api.service[118071]: DEBUG glance.common.config [None req-d83a00c4-3572-4e22-bad6-561a632483f9 None None] healthcheck.disable_by_file_path = None {{(pid=118071) log_opt_values /opt/stack/data/venv/lib/python3.10/site-packages/oslo_config/cfg.py:2620}}
Jul 09 07:37:49 ubuntu devstack@g-api.service[118071]: DEBUG glance.common.config [None req-d83a00c4-3572-4e22-bad6-561a632483f9 None None] healthcheck.ignore_proxied_requests = False {{(pid=118071) log_opt_values /opt/stack/data/venv/lib/python3.10/site-packages/oslo_config/cfg.py:2620}}
Jul 09 07:37:49 ubuntu devstack@g-api.service[118070]: DEBUG glance.common.config [None req-89bd32b6-446a-4222-a309-d6f2cf50568e None None] barbican.send_service_user_token = False {{(pid=118070) log_opt_values /opt/stack/data/venv/lib/python3.10/site-packages/oslo_config/cfg.py:2620}}
Jul 09 07:37:49 ubuntu devstack@g-api.service[118070]: DEBUG glance.common.config [None req-89bd32b6-446a-4222-a309-d6f2cf50568e None None] barbican.split_loggers         = False {{(pid=118070) log_opt_values /opt/stack/data/venv/lib/python3.10/site-packages/oslo_config/cfg.py:2620}}
Jul 09 07:37:49 ubuntu devstack@g-api.service[118071]: DEBUG glance.common.config [None req-d83a00c4-3572-4e22-bad6-561a632483f9 None None] healthcheck.path               = /healthcheck {{(pid=118071) log_opt_values /opt/stack/data/venv/lib/python3.10/site-packages/oslo_config/cfg.py:2620}}
Jul 09 07:37:49 ubuntu devstack@g-api.service[118071]: DEBUG glance.common.config [None req-d83a00c4-3572-4e22-bad6-561a632483f9 None None] ******************************************************************************** {{(pid=118071) log_opt_values /opt/stack/data/venv/lib/python3.10/site-packages/oslo_config/cfg.py:2624}}
Jul 09 07:37:49 ubuntu devstack@g-api.service[118070]: DEBUG glance.common.config [None req-89bd32b6-446a-4222-a309-d6f2cf50568e None None] barbican.timeout               = None {{(pid=118070) log_opt_values /opt/stack/data/venv/lib/python3.10/site-packages/oslo_config/cfg.py:2620}}
Jul 09 07:37:49 ubuntu devstack@g-api.service[118071]: WSGI app 0 (mountpoint='') ready in 3 seconds on interpreter 0x55d1b59bde00 pid: 118071 (default app)
Jul 09 07:37:49 ubuntu devstack@g-api.service[118070]: DEBUG glance.common.config [None req-89bd32b6-446a-4222-a309-d6f2cf50568e None None] barbican.verify_ssl            = True {{(pid=118070) log_opt_values /opt/stack/data/venv/lib/python3.10/site-packages/oslo_config/cfg.py:2620}}
Jul 09 07:37:49 ubuntu devstack@g-api.service[118070]: DEBUG glance.common.config [None req-89bd32b6-446a-4222-a309-d6f2cf50568e None None] barbican.verify_ssl_path       = None {{(pid=118070) log_opt_values /opt/stack/data/venv/lib/python3.10/site-packages/oslo_config/cfg.py:2620}}
Jul 09 07:37:49 ubuntu devstack@g-api.service[118070]: DEBUG glance.common.config [None req-89bd32b6-446a-4222-a309-d6f2cf50568e None None] barbican_service_user.auth_section = None {{(pid=118070) log_opt_values /opt/stack/data/venv/lib/python3.10/site-packages/oslo_config/cfg.py:2620}}
Jul 09 07:37:49 ubuntu devstack@g-api.service[118070]: DEBUG glance.common.config [None req-89bd32b6-446a-4222-a309-d6f2cf50568e None None] barbican_service_user.auth_type = None {{(pid=118070) log_opt_values /opt/stack/data/venv/lib/python3.10/site-packages/oslo_config/cfg.py:2620}}
Jul 09 07:37:49 ubuntu devstack@g-api.service[118070]: DEBUG glance.common.config [None req-89bd32b6-446a-4222-a309-d6f2cf50568e None None] barbican_service_user.cafile   = None {{(pid=118070) log_opt_values /opt/stack/data/venv/lib/python3.10/site-packages/oslo_config/cfg.py:2620}}
Jul 09 07:37:49 ubuntu devstack@g-api.service[118071]: DEBUG glance.api.middleware.version_negotiation [None req-d83a00c4-3572-4e22-bad6-561a632483f9 None None] Determining version of request: GET / Accept: */* {{(pid=118071) process_request /opt/stack/glance/glance/api/middleware/version_negotiation.py:44}}
Jul 09 07:37:49 ubuntu devstack@g-api.service[118070]: DEBUG glance.common.config [None req-89bd32b6-446a-4222-a309-d6f2cf50568e None None] barbican_service_user.certfile = None {{(pid=118070) log_opt_values /opt/stack/data/venv/lib/python3.10/site-packages/oslo_config/cfg.py:2620}}
Jul 09 07:37:49 ubuntu devstack@g-api.service[118071]: DEBUG glance.api.middleware.version_negotiation [None req-d83a00c4-3572-4e22-bad6-561a632483f9 None None] Using url versioning {{(pid=118071) process_request /opt/stack/glance/glance/api/middleware/version_negotiation.py:57}}
Jul 09 07:37:49 ubuntu devstack@g-api.service[118070]: DEBUG glance.common.config [None req-89bd32b6-446a-4222-a309-d6f2cf50568e None None] barbican_service_user.collect_timing = False {{(pid=118070) log_opt_values /opt/stack/data/venv/lib/python3.10/site-packages/oslo_config/cfg.py:2620}}
Jul 09 07:37:49 ubuntu devstack@g-api.service[118070]: DEBUG glance.common.config [None req-89bd32b6-446a-4222-a309-d6f2cf50568e None None] barbican_service_user.insecure = False {{(pid=118070) log_opt_values /opt/stack/data/venv/lib/python3.10/site-packages/oslo_config/cfg.py:2620}}
Jul 09 07:37:49 ubuntu devstack@g-api.service[118071]: DEBUG glance.api.middleware.version_negotiation [None req-d83a00c4-3572-4e22-bad6-561a632483f9 None None] Unknown version. Returning version choices. {{(pid=118071) process_request /opt/stack/glance/glance/api/middleware/version_negotiation.py:64}}
Jul 09 07:37:49 ubuntu devstack@g-api.service[118070]: DEBUG glance.common.config [None req-89bd32b6-446a-4222-a309-d6f2cf50568e None None] barbican_service_user.keyfile  = None {{(pid=118070) log_opt_values /opt/stack/data/venv/lib/python3.10/site-packages/oslo_config/cfg.py:2620}}
Jul 09 07:37:49 ubuntu devstack@g-api.service[118070]: DEBUG glance.common.config [None req-89bd32b6-446a-4222-a309-d6f2cf50568e None None] barbican_service_user.split_loggers = False {{(pid=118070) log_opt_values /opt/stack/data/venv/lib/python3.10/site-packages/oslo_config/cfg.py:2620}}
Jul 09 07:37:49 ubuntu devstack@g-api.service[118070]: DEBUG glance.common.config [None req-89bd32b6-446a-4222-a309-d6f2cf50568e None None] barbican_service_user.timeout  = None {{(pid=118070) log_opt_values /opt/stack/data/venv/lib/python3.10/site-packages/oslo_config/cfg.py:2620}}
Jul 09 07:37:49 ubuntu devstack@g-api.service[118070]: DEBUG glance.common.config [None req-89bd32b6-446a-4222-a309-d6f2cf50568e None None] database.backend               = sqlalchemy {{(pid=118070) log_opt_values /opt/stack/data/venv/lib/python3.10/site-packages/oslo_config/cfg.py:2620}}
Jul 09 07:37:49 ubuntu devstack@g-api.service[118070]: DEBUG glance.common.config [None req-89bd32b6-446a-4222-a309-d6f2cf50568e None None] database.connection            = **** {{(pid=118070) log_opt_values /opt/stack/data/venv/lib/python3.10/site-packages/oslo_config/cfg.py:2620}}
Jul 09 07:37:49 ubuntu devstack@g-api.service[118070]: DEBUG glance.common.config [None req-89bd32b6-446a-4222-a309-d6f2cf50568e None None] database.connection_debug      = 0 {{(pid=118070) log_opt_values /opt/stack/data/venv/lib/python3.10/site-packages/oslo_config/cfg.py:2620}}
Jul 09 07:37:49 ubuntu devstack@g-api.service[118070]: DEBUG glance.common.config [None req-89bd32b6-446a-4222-a309-d6f2cf50568e None None] database.connection_parameters =  {{(pid=118070) log_opt_values /opt/stack/data/venv/lib/python3.10/site-packages/oslo_config/cfg.py:2620}}
Jul 09 07:37:49 ubuntu devstack@g-api.service[118070]: DEBUG glance.common.config [None req-89bd32b6-446a-4222-a309-d6f2cf50568e None None] database.connection_recycle_time = 3600 {{(pid=118070) log_opt_values /opt/stack/data/venv/lib/python3.10/site-packages/oslo_config/cfg.py:2620}}
Jul 09 07:37:49 ubuntu devstack@g-api.service[118071]: [pid: 118071|app: 0|req: 1/1] 127.0.0.1 () {32 vars in 386 bytes} [Tue Jul  9 07:37:49 2024] GET / => generated 1299 bytes in 1 msecs (HTTP/1.1 300) 3 headers in 106 bytes (1 switches on core 0)
Jul 09 07:37:49 ubuntu devstack@g-api.service[118070]: DEBUG glance.common.config [None req-89bd32b6-446a-4222-a309-d6f2cf50568e None None] database.connection_trace      = False {{(pid=118070) log_opt_values /opt/stack/data/venv/lib/python3.10/site-packages/oslo_config/cfg.py:2620}}
Jul 09 07:37:49 ubuntu devstack@g-api.service[118070]: DEBUG glance.common.config [None req-89bd32b6-446a-4222-a309-d6f2cf50568e None None] database.db_inc_retry_interval = True {{(pid=118070) log_opt_values /opt/stack/data/venv/lib/python3.10/site-packages/oslo_config/cfg.py:2620}}
Jul 09 07:37:49 ubuntu devstack@g-api.service[118070]: DEBUG glance.common.config [None req-89bd32b6-446a-4222-a309-d6f2cf50568e None None] database.db_max_retries        = 20 {{(pid=118070) log_opt_values /opt/stack/data/venv/lib/python3.10/site-packages/oslo_config/cfg.py:2620}}
Jul 09 07:37:49 ubuntu devstack@g-api.service[118070]: DEBUG glance.common.config [None req-89bd32b6-446a-4222-a309-d6f2cf50568e None None] database.db_max_retry_interval = 10 {{(pid=118070) log_opt_values /opt/stack/data/venv/lib/python3.10/site-packages/oslo_config/cfg.py:2620}}
Jul 09 07:37:49 ubuntu devstack@g-api.service[118070]: DEBUG glance.common.config [None req-89bd32b6-446a-4222-a309-d6f2cf50568e None None] database.db_retry_interval     = 1 {{(pid=118070) log_opt_values /opt/stack/data/venv/lib/python3.10/site-packages/oslo_config/cfg.py:2620}}
Jul 09 07:37:49 ubuntu devstack@g-api.service[118070]: DEBUG glance.common.config [None req-89bd32b6-446a-4222-a309-d6f2cf50568e None None] database.max_overflow          = 50 {{(pid=118070) log_opt_values /opt/stack/data/venv/lib/python3.10/site-packages/oslo_config/cfg.py:2620}}
Jul 09 07:37:49 ubuntu devstack@g-api.service[118070]: DEBUG glance.common.config [None req-89bd32b6-446a-4222-a309-d6f2cf50568e None None] database.max_pool_size         = 5 {{(pid=118070) log_opt_values /opt/stack/data/venv/lib/python3.10/site-packages/oslo_config/cfg.py:2620}}
Jul 09 07:37:49 ubuntu devstack@g-api.service[118070]: DEBUG glance.common.config [None req-89bd32b6-446a-4222-a309-d6f2cf50568e None None] database.max_retries           = 10 {{(pid=118070) log_opt_values /opt/stack/data/venv/lib/python3.10/site-packages/oslo_config/cfg.py:2620}}
Jul 09 07:37:49 ubuntu devstack@g-api.service[118070]: DEBUG glance.common.config [None req-89bd32b6-446a-4222-a309-d6f2cf50568e None None] database.mysql_sql_mode        = TRADITIONAL {{(pid=118070) log_opt_values /opt/stack/data/venv/lib/python3.10/site-packages/oslo_config/cfg.py:2620}}
Jul 09 07:37:49 ubuntu devstack@g-api.service[118070]: DEBUG glance.common.config [None req-89bd32b6-446a-4222-a309-d6f2cf50568e None None] database.mysql_wsrep_sync_wait = None {{(pid=118070) log_opt_values /opt/stack/data/venv/lib/python3.10/site-packages/oslo_config/cfg.py:2620}}
Jul 09 07:37:49 ubuntu devstack@g-api.service[118070]: DEBUG glance.common.config [None req-89bd32b6-446a-4222-a309-d6f2cf50568e None None] database.pool_timeout          = None {{(pid=118070) log_opt_values /opt/stack/data/venv/lib/python3.10/site-packages/oslo_config/cfg.py:2620}}
Jul 09 07:37:49 ubuntu devstack@g-api.service[118070]: DEBUG glance.common.config [None req-89bd32b6-446a-4222-a309-d6f2cf50568e None None] database.retry_interval        = 10 {{(pid=118070) log_opt_values /opt/stack/data/venv/lib/python3.10/site-packages/oslo_config/cfg.py:2620}}
Jul 09 07:37:49 ubuntu devstack@g-api.service[118070]: DEBUG glance.common.config [None req-89bd32b6-446a-4222-a309-d6f2cf50568e None None] database.slave_connection      = **** {{(pid=118070) log_opt_values /opt/stack/data/venv/lib/python3.10/site-packages/oslo_config/cfg.py:2620}}
Jul 09 07:37:49 ubuntu devstack@g-api.service[118070]: DEBUG glance.common.config [None req-89bd32b6-446a-4222-a309-d6f2cf50568e None None] database.sqlite_synchronous    = True {{(pid=118070) log_opt_values /opt/stack/data/venv/lib/python3.10/site-packages/oslo_config/cfg.py:2620}}
Jul 09 07:37:49 ubuntu devstack@g-api.service[118070]: DEBUG glance.common.config [None req-89bd32b6-446a-4222-a309-d6f2cf50568e None None] database.use_db_reconnect      = False {{(pid=118070) log_opt_values /opt/stack/data/venv/lib/python3.10/site-packages/oslo_config/cfg.py:2620}}
Jul 09 07:37:49 ubuntu devstack@g-api.service[118070]: DEBUG glance.common.config [None req-89bd32b6-446a-4222-a309-d6f2cf50568e None None] healthcheck.allowed_source_ranges = [] {{(pid=118070) log_opt_values /opt/stack/data/venv/lib/python3.10/site-packages/oslo_config/cfg.py:2620}}
Jul 09 07:37:49 ubuntu devstack@g-api.service[118070]: DEBUG glance.common.config [None req-89bd32b6-446a-4222-a309-d6f2cf50568e None None] healthcheck.backends           = ['disable_by_file'] {{(pid=118070) log_opt_values /opt/stack/data/venv/lib/python3.10/site-packages/oslo_config/cfg.py:2620}}
Jul 09 07:37:49 ubuntu devstack@g-api.service[118070]: DEBUG glance.common.config [None req-89bd32b6-446a-4222-a309-d6f2cf50568e None None] healthcheck.detailed           = False {{(pid=118070) log_opt_values /opt/stack/data/venv/lib/python3.10/site-packages/oslo_config/cfg.py:2620}}
Jul 09 07:37:49 ubuntu devstack@g-api.service[118070]: DEBUG glance.common.config [None req-89bd32b6-446a-4222-a309-d6f2cf50568e None None] healthcheck.disable_by_file_path = None {{(pid=118070) log_opt_values /opt/stack/data/venv/lib/python3.10/site-packages/oslo_config/cfg.py:2620}}
Jul 09 07:37:49 ubuntu devstack@g-api.service[118070]: DEBUG glance.common.config [None req-89bd32b6-446a-4222-a309-d6f2cf50568e None None] healthcheck.ignore_proxied_requests = False {{(pid=118070) log_opt_values /opt/stack/data/venv/lib/python3.10/site-packages/oslo_config/cfg.py:2620}}
Jul 09 07:37:49 ubuntu devstack@g-api.service[118070]: DEBUG glance.common.config [None req-89bd32b6-446a-4222-a309-d6f2cf50568e None None] healthcheck.path               = /healthcheck {{(pid=118070) log_opt_values /opt/stack/data/venv/lib/python3.10/site-packages/oslo_config/cfg.py:2620}}
Jul 09 07:37:49 ubuntu devstack@g-api.service[118070]: DEBUG glance.common.config [None req-89bd32b6-446a-4222-a309-d6f2cf50568e None None] ******************************************************************************** {{(pid=118070) log_opt_values /opt/stack/data/venv/lib/python3.10/site-packages/oslo_config/cfg.py:2624}}
Jul 09 07:37:49 ubuntu devstack@g-api.service[118070]: WSGI app 0 (mountpoint='') ready in 3 seconds on interpreter 0x55d1b59bde00 pid: 118070 (default app)
Jul 09 07:37:55 ubuntu devstack@g-api.service[118071]: DEBUG glance.api.middleware.version_negotiation [None req-d83a00c4-3572-4e22-bad6-561a632483f9 None None] Determining version of request: GET / Accept: application/json {{(pid=118071) process_request /opt/stack/glance/glance/api/middleware/version_negotiation.py:44}}
Jul 09 07:37:55 ubuntu devstack@g-api.service[118071]: DEBUG glance.api.middleware.version_negotiation [None req-d83a00c4-3572-4e22-bad6-561a632483f9 None None] Using url versioning {{(pid=118071) process_request /opt/stack/glance/glance/api/middleware/version_negotiation.py:57}}
Jul 09 07:37:55 ubuntu devstack@g-api.service[118071]: DEBUG glance.api.middleware.version_negotiation [None req-d83a00c4-3572-4e22-bad6-561a632483f9 None None] Unknown version. Returning version choices. {{(pid=118071) process_request /opt/stack/glance/glance/api/middleware/version_negotiation.py:64}}
Jul 09 07:37:55 ubuntu devstack@g-api.service[118071]: [pid: 118071|app: 0|req: 2/2] 127.0.0.1 () {34 vars in 502 bytes} [Tue Jul  9 07:37:55 2024] GET / => generated 1299 bytes in 1 msecs (HTTP/1.1 300) 3 headers in 106 bytes (1 switches on core 0)
Jul 09 07:37:55 ubuntu devstack@g-api.service[118070]: DEBUG glance.api.middleware.version_negotiation [None req-89bd32b6-446a-4222-a309-d6f2cf50568e None None] Determining version of request: POST /v2/images Accept: */* {{(pid=118070) process_request /opt/stack/glance/glance/api/middleware/version_negotiation.py:44}}
Jul 09 07:37:55 ubuntu devstack@g-api.service[118070]: DEBUG glance.api.middleware.version_negotiation [None req-89bd32b6-446a-4222-a309-d6f2cf50568e None None] Using url versioning {{(pid=118070) process_request /opt/stack/glance/glance/api/middleware/version_negotiation.py:57}}
Jul 09 07:37:55 ubuntu devstack@g-api.service[118070]: DEBUG glance.api.middleware.version_negotiation [None req-89bd32b6-446a-4222-a309-d6f2cf50568e None None] Matched version: v2 {{(pid=118070) process_request /opt/stack/glance/glance/api/middleware/version_negotiation.py:69}}
Jul 09 07:37:55 ubuntu devstack@g-api.service[118070]: DEBUG glance.api.middleware.version_negotiation [None req-89bd32b6-446a-4222-a309-d6f2cf50568e None None] new path /v2/images {{(pid=118070) process_request /opt/stack/glance/glance/api/middleware/version_negotiation.py:70}}
Jul 09 07:37:56 ubuntu devstack@g-api.service[118070]: [pid: 118070|app: 0|req: 1/3] 127.0.0.1 () {40 vars in 765 bytes} [Tue Jul  9 07:37:55 2024] POST /v2/images => generated 807 bytes in 966 msecs (HTTP/1.1 201) 6 headers in 314 bytes (1 switches on core 0)
Jul 09 07:37:56 ubuntu devstack@g-api.service[118071]: DEBUG glance.api.middleware.version_negotiation [None req-d83a00c4-3572-4e22-bad6-561a632483f9 None None] Determining version of request: PUT /v2/images/cf2afcac-8d5a-4fc3-a7cd-bd082f419051/file Accept:  {{(pid=118071) process_request /opt/stack/glance/glance/api/middleware/version_negotiation.py:44}}
Jul 09 07:37:56 ubuntu devstack@g-api.service[118071]: DEBUG glance.api.middleware.version_negotiation [None req-d83a00c4-3572-4e22-bad6-561a632483f9 None None] Using url versioning {{(pid=118071) process_request /opt/stack/glance/glance/api/middleware/version_negotiation.py:57}}
Jul 09 07:37:56 ubuntu devstack@g-api.service[118071]: DEBUG glance.api.middleware.version_negotiation [None req-d83a00c4-3572-4e22-bad6-561a632483f9 None None] Matched version: v2 {{(pid=118071) process_request /opt/stack/glance/glance/api/middleware/version_negotiation.py:69}}
Jul 09 07:37:56 ubuntu devstack@g-api.service[118071]: DEBUG glance.api.middleware.version_negotiation [None req-d83a00c4-3572-4e22-bad6-561a632483f9 None None] new path /v2/images/cf2afcac-8d5a-4fc3-a7cd-bd082f419051/file {{(pid=118071) process_request /opt/stack/glance/glance/api/middleware/version_negotiation.py:70}}
Jul 09 07:37:56 ubuntu devstack@g-api.service[118071]: INFO glance.api.v2.image_data [None req-d1f70119-cb9e-400d-bb17-bb912fdee4a8 admin admin] Unable to create trust: no such option collect_timing in group [keystone_authtoken] Use the existing user token.
Jul 09 07:37:57 ubuntu devstack@g-api.service[118071]: DEBUG glance.location [None req-d1f70119-cb9e-400d-bb17-bb912fdee4a8 admin admin] Enabling in-flight format inspection for qcow2 {{(pid=118071) set_data /opt/stack/glance/glance/location.py:581}}
Jul 09 07:37:57 ubuntu devstack@g-api.service[118071]: DEBUG glance_store.backend [None req-d1f70119-cb9e-400d-bb17-bb912fdee4a8 admin admin] Attempting to import store swift {{(pid=118071) _load_store /opt/stack/data/venv/lib/python3.10/site-packages/glance_store/backend.py:216}}
Jul 09 07:37:57 ubuntu devstack@g-api.service[118071]: DEBUG glance_store.capabilities [None req-d1f70119-cb9e-400d-bb17-bb912fdee4a8 admin admin] Store glance_store._drivers.swift.store.SingleTenantStore doesn't support updating dynamic storage capabilities. Please overwrite 'update_capabilities' method of the store to implement updating logics if needed. {{(pid=118071) update_capabilities /opt/stack/data/venv/lib/python3.10/site-packages/glance_store/capabilities.py:91}}
Jul 09 07:37:57 ubuntu devstack@g-api.service[118071]: DEBUG glance_store.driver [None req-d1f70119-cb9e-400d-bb17-bb912fdee4a8 admin admin] Late loading location class glance_store._drivers.swift.store.StoreLocation {{(pid=118071) get_store_location_class /opt/stack/data/venv/lib/python3.10/site-packages/glance_store/driver.py:133}}
Jul 09 07:37:57 ubuntu devstack@g-api.service[118071]: DEBUG glance_store.location [None req-d1f70119-cb9e-400d-bb17-bb912fdee4a8 admin admin] Registering scheme swift+https with {'store': <glance_store._drivers.swift.store.SingleTenantStore object at 0x7fe8e0deeb30>, 'location_class': <class 'glance_store._drivers.swift.store.StoreLocation'>, 'store_entry': 'swift'} {{(pid=118071) register_scheme_map /opt/stack/data/venv/lib/python3.10/site-packages/glance_store/location.py:146}}
Jul 09 07:37:57 ubuntu devstack@g-api.service[118071]: DEBUG glance_store.location [None req-d1f70119-cb9e-400d-bb17-bb912fdee4a8 admin admin] Registering scheme swift+https with {'store': <glance_store._drivers.swift.store.SingleTenantStore object at 0x7fe8e0deeb30>, 'location_class': <class 'glance_store._drivers.swift.store.StoreLocation'>, 'store_entry': 'swift'} {{(pid=118071) register_scheme_map /opt/stack/data/venv/lib/python3.10/site-packages/glance_store/location.py:146}}
Jul 09 07:37:57 ubuntu devstack@g-api.service[118071]: DEBUG glance_store.location [None req-d1f70119-cb9e-400d-bb17-bb912fdee4a8 admin admin] Registering scheme swift with {'store': <glance_store._drivers.swift.store.SingleTenantStore object at 0x7fe8e0deeb30>, 'location_class': <class 'glance_store._drivers.swift.store.StoreLocation'>, 'store_entry': 'swift'} {{(pid=118071) register_scheme_map /opt/stack/data/venv/lib/python3.10/site-packages/glance_store/location.py:146}}
Jul 09 07:37:57 ubuntu devstack@g-api.service[118071]: DEBUG glance_store.location [None req-d1f70119-cb9e-400d-bb17-bb912fdee4a8 admin admin] Registering scheme swift+https with {'store': <glance_store._drivers.swift.store.SingleTenantStore object at 0x7fe8e0deeb30>, 'location_class': <class 'glance_store._drivers.swift.store.StoreLocation'>, 'store_entry': 'swift'} {{(pid=118071) register_scheme_map /opt/stack/data/venv/lib/python3.10/site-packages/glance_store/location.py:146}}
Jul 09 07:37:57 ubuntu devstack@g-api.service[118071]: DEBUG glance_store.location [None req-d1f70119-cb9e-400d-bb17-bb912fdee4a8 admin admin] Registering scheme swift with {'store': <glance_store._drivers.swift.store.SingleTenantStore object at 0x7fe8e0deeb30>, 'location_class': <class 'glance_store._drivers.swift.store.StoreLocation'>, 'store_entry': 'swift'} {{(pid=118071) register_scheme_map /opt/stack/data/venv/lib/python3.10/site-packages/glance_store/location.py:146}}
Jul 09 07:37:57 ubuntu devstack@g-api.service[118071]: DEBUG glance_store.location [None req-d1f70119-cb9e-400d-bb17-bb912fdee4a8 admin admin] Registering scheme swift+http with {'store': <glance_store._drivers.swift.store.SingleTenantStore object at 0x7fe8e0deeb30>, 'location_class': <class 'glance_store._drivers.swift.store.StoreLocation'>, 'store_entry': 'swift'} {{(pid=118071) register_scheme_map /opt/stack/data/venv/lib/python3.10/site-packages/glance_store/location.py:146}}
Jul 09 07:37:57 ubuntu devstack@g-api.service[118071]: DEBUG glance_store.location [None req-d1f70119-cb9e-400d-bb17-bb912fdee4a8 admin admin] Registering scheme swift+https with {'store': <glance_store._drivers.swift.store.SingleTenantStore object at 0x7fe8e0deeb30>, 'location_class': <class 'glance_store._drivers.swift.store.StoreLocation'>, 'store_entry': 'swift'} {{(pid=118071) register_scheme_map /opt/stack/data/venv/lib/python3.10/site-packages/glance_store/location.py:146}}
Jul 09 07:37:57 ubuntu devstack@g-api.service[118071]: DEBUG glance_store.location [None req-d1f70119-cb9e-400d-bb17-bb912fdee4a8 admin admin] Registering scheme swift with {'store': <glance_store._drivers.swift.store.SingleTenantStore object at 0x7fe8e0deeb30>, 'location_class': <class 'glance_store._drivers.swift.store.StoreLocation'>, 'store_entry': 'swift'} {{(pid=118071) register_scheme_map /opt/stack/data/venv/lib/python3.10/site-packages/glance_store/location.py:146}}
Jul 09 07:37:57 ubuntu devstack@g-api.service[118071]: DEBUG glance_store.location [None req-d1f70119-cb9e-400d-bb17-bb912fdee4a8 admin admin] Registering scheme swift+http with {'store': <glance_store._drivers.swift.store.SingleTenantStore object at 0x7fe8e0deeb30>, 'location_class': <class 'glance_store._drivers.swift.store.StoreLocation'>, 'store_entry': 'swift'} {{(pid=118071) register_scheme_map /opt/stack/data/venv/lib/python3.10/site-packages/glance_store/location.py:146}}
Jul 09 07:37:57 ubuntu devstack@g-api.service[118071]: DEBUG glance_store.location [None req-d1f70119-cb9e-400d-bb17-bb912fdee4a8 admin admin] Registering scheme swift+config with {'store': <glance_store._drivers.swift.store.SingleTenantStore object at 0x7fe8e0deeb30>, 'location_class': <class 'glance_store._drivers.swift.store.StoreLocation'>, 'store_entry': 'swift'} {{(pid=118071) register_scheme_map /opt/stack/data/venv/lib/python3.10/site-packages/glance_store/location.py:146}}
Jul 09 07:37:57 ubuntu devstack@g-api.service[118071]: INFO swiftclient [None req-d1f70119-cb9e-400d-bb17-bb912fdee4a8 admin admin] REQ: curl -i http://10.201.5.82:8080/v1/AUTH_4650049e1bb64b55bf705870a4374e1b/glance -I -H "X-Auth-Token: gAAAAABmjOjVfLRm..."
Jul 09 07:37:57 ubuntu devstack@g-api.service[118071]: INFO swiftclient [None req-d1f70119-cb9e-400d-bb17-bb912fdee4a8 admin admin] RESP STATUS: 404 Not Found
Jul 09 07:37:57 ubuntu devstack@g-api.service[118071]: INFO swiftclient [None req-d1f70119-cb9e-400d-bb17-bb912fdee4a8 admin admin] RESP HEADERS: {'Content-Type': 'text/html; charset=UTF-8', 'Content-Length': '0', 'X-Container-Sharding': 'False', 'X-Trans-Id': 'txdb088f00027744a1a9f17-00668ce8d5', 'X-Openstack-Request-Id': 'txdb088f00027744a1a9f17-00668ce8d5', 'Date': 'Tue, 09 Jul 2024 07:37:57 GMT'}
Jul 09 07:37:57 ubuntu devstack@g-api.service[118071]: INFO glance_store._drivers.swift.store [None req-d1f70119-cb9e-400d-bb17-bb912fdee4a8 admin admin] Creating swift container glance
Jul 09 07:37:57 ubuntu devstack@g-api.service[118071]: DEBUG swiftclient [None req-d1f70119-cb9e-400d-bb17-bb912fdee4a8 admin admin] REQ: curl -i http://10.201.5.82:8080/v1/AUTH_4650049e1bb64b55bf705870a4374e1b/glance -X PUT -H "X-Auth-Token: gAAAAABmjOjVfLRm..." -H "Content-Length: 0" {{(pid=118071) http_log /opt/stack/data/venv/lib/python3.10/site-packages/swiftclient/client.py:160}}
Jul 09 07:37:57 ubuntu devstack@g-api.service[118071]: DEBUG swiftclient [None req-d1f70119-cb9e-400d-bb17-bb912fdee4a8 admin admin] RESP STATUS: 201 Created {{(pid=118071) http_log /opt/stack/data/venv/lib/python3.10/site-packages/swiftclient/client.py:161}}
Jul 09 07:37:57 ubuntu devstack@g-api.service[118071]: DEBUG swiftclient [None req-d1f70119-cb9e-400d-bb17-bb912fdee4a8 admin admin] RESP HEADERS: {'Content-Type': 'text/html; charset=UTF-8', 'Content-Length': '0', 'X-Trans-Id': 'tx5d1b6753656941d789c60-00668ce8d5', 'X-Openstack-Request-Id': 'tx5d1b6753656941d789c60-00668ce8d5', 'Date': 'Tue, 09 Jul 2024 07:37:57 GMT'} {{(pid=118071) http_log /opt/stack/data/venv/lib/python3.10/site-packages/swiftclient/client.py:162}}
Jul 09 07:37:57 ubuntu devstack@g-api.service[118071]: DEBUG glance_store._drivers.swift.store [None req-d1f70119-cb9e-400d-bb17-bb912fdee4a8 admin admin] Adding image object 'cf2afcac-8d5a-4fc3-a7cd-bd082f419051' to Swift {{(pid=118071) add /opt/stack/data/venv/lib/python3.10/site-packages/glance_store/_drivers/swift/store.py:941}}
Jul 09 07:37:58 ubuntu devstack@g-api.service[118071]: DEBUG swiftclient [None req-d1f70119-cb9e-400d-bb17-bb912fdee4a8 admin admin] REQ: curl -i http://10.201.5.82:8080/v1/AUTH_4650049e1bb64b55bf705870a4374e1b/glance/cf2afcac-8d5a-4fc3-a7cd-bd082f419051 -X PUT -H "X-Auth-Token: gAAAAABmjOjVfLRm..." -H "Content-Length: 21430272" {{(pid=118071) http_log /opt/stack/data/venv/lib/python3.10/site-packages/swiftclient/client.py:160}}
Jul 09 07:37:58 ubuntu devstack@g-api.service[118071]: DEBUG swiftclient [None req-d1f70119-cb9e-400d-bb17-bb912fdee4a8 admin admin] RESP STATUS: 201 Created {{(pid=118071) http_log /opt/stack/data/venv/lib/python3.10/site-packages/swiftclient/client.py:161}}
Jul 09 07:37:58 ubuntu devstack@g-api.service[118071]: DEBUG swiftclient [None req-d1f70119-cb9e-400d-bb17-bb912fdee4a8 admin admin] RESP HEADERS: {'Content-Type': 'text/html; charset=UTF-8', 'Content-Length': '0', 'Etag': 'c8fc807773e5354afe61636071771906', 'Last-Modified': 'Tue, 09 Jul 2024 07:37:58 GMT', 'X-Trans-Id': 'txceefb382e75f48b891f3e-00668ce8d5', 'X-Openstack-Request-Id': 'txceefb382e75f48b891f3e-00668ce8d5', 'Date': 'Tue, 09 Jul 2024 07:37:58 GMT'} {{(pid=118071) http_log /opt/stack/data/venv/lib/python3.10/site-packages/swiftclient/client.py:162}}
Jul 09 07:37:58 ubuntu devstack@g-api.service[118071]: INFO glance.location [None req-d1f70119-cb9e-400d-bb17-bb912fdee4a8 admin admin] Image format matched and virtual size computed: 117440512
Jul 09 07:37:58 ubuntu devstack@g-api.service[118071]: DEBUG glance_store.backend [None req-d1f70119-cb9e-400d-bb17-bb912fdee4a8 admin admin] Attempting to import store swift {{(pid=118071) _load_store /opt/stack/data/venv/lib/python3.10/site-packages/glance_store/backend.py:216}}
Jul 09 07:37:58 ubuntu devstack@g-api.service[118071]: DEBUG glance_store.capabilities [None req-d1f70119-cb9e-400d-bb17-bb912fdee4a8 admin admin] Store glance_store._drivers.swift.store.SingleTenantStore doesn't support updating dynamic storage capabilities. Please overwrite 'update_capabilities' method of the store to implement updating logics if needed. {{(pid=118071) update_capabilities /opt/stack/data/venv/lib/python3.10/site-packages/glance_store/capabilities.py:91}}
Jul 09 07:37:58 ubuntu devstack@g-api.service[118071]: DEBUG glance_store.driver [None req-d1f70119-cb9e-400d-bb17-bb912fdee4a8 admin admin] Late loading location class glance_store._drivers.swift.store.StoreLocation {{(pid=118071) get_store_location_class /opt/stack/data/venv/lib/python3.10/site-packages/glance_store/driver.py:133}}
Jul 09 07:37:58 ubuntu devstack@g-api.service[118071]: DEBUG glance_store.location [None req-d1f70119-cb9e-400d-bb17-bb912fdee4a8 admin admin] Registering scheme swift+https with {'store': <glance_store._drivers.swift.store.SingleTenantStore object at 0x7fe8e2d05930>, 'location_class': <class 'glance_store._drivers.swift.store.StoreLocation'>, 'store_entry': 'swift'} {{(pid=118071) register_scheme_map /opt/stack/data/venv/lib/python3.10/site-packages/glance_store/location.py:146}}
Jul 09 07:37:58 ubuntu devstack@g-api.service[118071]: DEBUG glance_store.location [None req-d1f70119-cb9e-400d-bb17-bb912fdee4a8 admin admin] Registering scheme swift+https with {'store': <glance_store._drivers.swift.store.SingleTenantStore object at 0x7fe8e2d05930>, 'location_class': <class 'glance_store._drivers.swift.store.StoreLocation'>, 'store_entry': 'swift'} {{(pid=118071) register_scheme_map /opt/stack/data/venv/lib/python3.10/site-packages/glance_store/location.py:146}}
Jul 09 07:37:58 ubuntu devstack@g-api.service[118071]: DEBUG glance_store.location [None req-d1f70119-cb9e-400d-bb17-bb912fdee4a8 admin admin] Registering scheme swift with {'store': <glance_store._drivers.swift.store.SingleTenantStore object at 0x7fe8e2d05930>, 'location_class': <class 'glance_store._drivers.swift.store.StoreLocation'>, 'store_entry': 'swift'} {{(pid=118071) register_scheme_map /opt/stack/data/venv/lib/python3.10/site-packages/glance_store/location.py:146}}
Jul 09 07:37:58 ubuntu devstack@g-api.service[118071]: DEBUG glance_store.location [None req-d1f70119-cb9e-400d-bb17-bb912fdee4a8 admin admin] Registering scheme swift+https with {'store': <glance_store._drivers.swift.store.SingleTenantStore object at 0x7fe8e2d05930>, 'location_class': <class 'glance_store._drivers.swift.store.StoreLocation'>, 'store_entry': 'swift'} {{(pid=118071) register_scheme_map /opt/stack/data/venv/lib/python3.10/site-packages/glance_store/location.py:146}}
Jul 09 07:37:58 ubuntu devstack@g-api.service[118071]: DEBUG glance_store.location [None req-d1f70119-cb9e-400d-bb17-bb912fdee4a8 admin admin] Registering scheme swift with {'store': <glance_store._drivers.swift.store.SingleTenantStore object at 0x7fe8e2d05930>, 'location_class': <class 'glance_store._drivers.swift.store.StoreLocation'>, 'store_entry': 'swift'} {{(pid=118071) register_scheme_map /opt/stack/data/venv/lib/python3.10/site-packages/glance_store/location.py:146}}
Jul 09 07:37:58 ubuntu devstack@g-api.service[118071]: DEBUG glance_store.location [None req-d1f70119-cb9e-400d-bb17-bb912fdee4a8 admin admin] Registering scheme swift+http with {'store': <glance_store._drivers.swift.store.SingleTenantStore object at 0x7fe8e2d05930>, 'location_class': <class 'glance_store._drivers.swift.store.StoreLocation'>, 'store_entry': 'swift'} {{(pid=118071) register_scheme_map /opt/stack/data/venv/lib/python3.10/site-packages/glance_store/location.py:146}}
Jul 09 07:37:58 ubuntu devstack@g-api.service[118071]: DEBUG glance_store.location [None req-d1f70119-cb9e-400d-bb17-bb912fdee4a8 admin admin] Registering scheme swift+https with {'store': <glance_store._drivers.swift.store.SingleTenantStore object at 0x7fe8e2d05930>, 'location_class': <class 'glance_store._drivers.swift.store.StoreLocation'>, 'store_entry': 'swift'} {{(pid=118071) register_scheme_map /opt/stack/data/venv/lib/python3.10/site-packages/glance_store/location.py:146}}
Jul 09 07:37:58 ubuntu devstack@g-api.service[118071]: DEBUG glance_store.location [None req-d1f70119-cb9e-400d-bb17-bb912fdee4a8 admin admin] Registering scheme swift with {'store': <glance_store._drivers.swift.store.SingleTenantStore object at 0x7fe8e2d05930>, 'location_class': <class 'glance_store._drivers.swift.store.StoreLocation'>, 'store_entry': 'swift'} {{(pid=118071) register_scheme_map /opt/stack/data/venv/lib/python3.10/site-packages/glance_store/location.py:146}}
Jul 09 07:37:58 ubuntu devstack@g-api.service[118071]: DEBUG glance_store.location [None req-d1f70119-cb9e-400d-bb17-bb912fdee4a8 admin admin] Registering scheme swift+http with {'store': <glance_store._drivers.swift.store.SingleTenantStore object at 0x7fe8e2d05930>, 'location_class': <class 'glance_store._drivers.swift.store.StoreLocation'>, 'store_entry': 'swift'} {{(pid=118071) register_scheme_map /opt/stack/data/venv/lib/python3.10/site-packages/glance_store/location.py:146}}
Jul 09 07:37:58 ubuntu devstack@g-api.service[118071]: DEBUG glance_store.location [None req-d1f70119-cb9e-400d-bb17-bb912fdee4a8 admin admin] Registering scheme swift+config with {'store': <glance_store._drivers.swift.store.SingleTenantStore object at 0x7fe8e2d05930>, 'location_class': <class 'glance_store._drivers.swift.store.StoreLocation'>, 'store_entry': 'swift'} {{(pid=118071) register_scheme_map /opt/stack/data/venv/lib/python3.10/site-packages/glance_store/location.py:146}}
Jul 09 07:37:58 ubuntu devstack@g-api.service[118071]: DEBUG glance_store.backend [None req-d1f70119-cb9e-400d-bb17-bb912fdee4a8 admin admin] Skipping store.set_acls... not implemented. {{(pid=118071) set_acls /opt/stack/data/venv/lib/python3.10/site-packages/glance_store/backend.py:508}}
Jul 09 07:37:58 ubuntu devstack@g-api.service[118071]: [pid: 118071|app: 0|req: 3/4] 127.0.0.1 () {40 vars in 858 bytes} [Tue Jul  9 07:37:56 2024] PUT /v2/images/cf2afcac-8d5a-4fc3-a7cd-bd082f419051/file => generated 0 bytes in 1915 msecs (HTTP/1.1 204) 4 headers in 171 bytes (1 switches on core 0)
Jul 09 07:38:06 ubuntu devstack@g-api.service[118070]: DEBUG dbcounter [-] [118070] Writing DB stats glance:INSERT=9,glance:SELECT=5 {{(pid=118070) stat_writer /opt/stack/data/venv/lib/python3.10/site-packages/dbcounter.py:115}}
Jul 09 07:38:08 ubuntu devstack@g-api.service[118071]: DEBUG dbcounter [-] [118071] Writing DB stats glance:INSERT=5,glance:SELECT=18,glance:UPDATE=2 {{(pid=118071) stat_writer /opt/stack/data/venv/lib/python3.10/site-packages/dbcounter.py:115}}
Jul 09 07:38:34 ubuntu devstack@g-api.service[118070]: DEBUG glance.api.middleware.version_negotiation [None req-6652c523-87f8-4db8-8856-786aed2e71ad admin admin] Determining version of request: GET / Accept: application/json {{(pid=118070) process_request /opt/stack/glance/glance/api/middleware/version_negotiation.py:44}}
Jul 09 07:38:34 ubuntu devstack@g-api.service[118070]: DEBUG glance.api.middleware.version_negotiation [None req-6652c523-87f8-4db8-8856-786aed2e71ad admin admin] Using url versioning {{(pid=118070) process_request /opt/stack/glance/glance/api/middleware/version_negotiation.py:57}}
Jul 09 07:38:34 ubuntu devstack@g-api.service[118070]: DEBUG glance.api.middleware.version_negotiation [None req-6652c523-87f8-4db8-8856-786aed2e71ad admin admin] Unknown version. Returning version choices. {{(pid=118070) process_request /opt/stack/glance/glance/api/middleware/version_negotiation.py:64}}
Jul 09 07:38:34 ubuntu devstack@g-api.service[118070]: [pid: 118070|app: 0|req: 2/5] 127.0.0.1 () {34 vars in 502 bytes} [Tue Jul  9 07:38:34 2024] GET / => generated 1299 bytes in 8 msecs (HTTP/1.1 300) 3 headers in 106 bytes (1 switches on core 0)
Jul 09 07:38:34 ubuntu devstack@g-api.service[118071]: DEBUG glance.api.middleware.version_negotiation [None req-d1f70119-cb9e-400d-bb17-bb912fdee4a8 admin admin] Determining version of request: GET /v2/images Accept: application/json {{(pid=118071) process_request /opt/stack/glance/glance/api/middleware/version_negotiation.py:44}}
Jul 09 07:38:34 ubuntu devstack@g-api.service[118071]: DEBUG glance.api.middleware.version_negotiation [None req-d1f70119-cb9e-400d-bb17-bb912fdee4a8 admin admin] Using url versioning {{(pid=118071) process_request /opt/stack/glance/glance/api/middleware/version_negotiation.py:57}}
Jul 09 07:38:34 ubuntu devstack@g-api.service[118071]: DEBUG glance.api.middleware.version_negotiation [None req-d1f70119-cb9e-400d-bb17-bb912fdee4a8 admin admin] Matched version: v2 {{(pid=118071) process_request /opt/stack/glance/glance/api/middleware/version_negotiation.py:69}}
Jul 09 07:38:34 ubuntu devstack@g-api.service[118071]: DEBUG glance.api.middleware.version_negotiation [None req-d1f70119-cb9e-400d-bb17-bb912fdee4a8 admin admin] new path /v2/images {{(pid=118071) process_request /opt/stack/glance/glance/api/middleware/version_negotiation.py:70}}
Jul 09 07:38:34 ubuntu devstack@g-api.service[118071]: [pid: 118071|app: 0|req: 4/6] 127.0.0.1 () {36 vars in 724 bytes} [Tue Jul  9 07:38:34 2024] GET /v2/images => generated 1045 bytes in 353 msecs (HTTP/1.1 200) 4 headers in 158 bytes (1 switches on core 0)
Jul 09 07:38:39 ubuntu devstack@g-api.service[118070]: DEBUG glance.api.middleware.version_negotiation [None req-6652c523-87f8-4db8-8856-786aed2e71ad admin admin] Determining version of request: GET / Accept: application/json {{(pid=118070) process_request /opt/stack/glance/glance/api/middleware/version_negotiation.py:44}}
Jul 09 07:38:39 ubuntu devstack@g-api.service[118070]: DEBUG glance.api.middleware.version_negotiation [None req-6652c523-87f8-4db8-8856-786aed2e71ad admin admin] Using url versioning {{(pid=118070) process_request /opt/stack/glance/glance/api/middleware/version_negotiation.py:57}}
Jul 09 07:38:39 ubuntu devstack@g-api.service[118070]: DEBUG glance.api.middleware.version_negotiation [None req-6652c523-87f8-4db8-8856-786aed2e71ad admin admin] Unknown version. Returning version choices. {{(pid=118070) process_request /opt/stack/glance/glance/api/middleware/version_negotiation.py:64}}
Jul 09 07:38:39 ubuntu devstack@g-api.service[118070]: [pid: 118070|app: 0|req: 3/7] 127.0.0.1 () {34 vars in 502 bytes} [Tue Jul  9 07:38:39 2024] GET / => generated 1299 bytes in 8 msecs (HTTP/1.1 300) 3 headers in 106 bytes (1 switches on core 0)
Jul 09 07:38:39 ubuntu devstack@g-api.service[118071]: DEBUG glance.api.middleware.version_negotiation [None req-0af82bcb-0996-4b26-ba6e-a29f420bf850 admin admin] Determining version of request: GET /v2/images/cf2afcac-8d5a-4fc3-a7cd-bd082f419051 Accept: */* {{(pid=118071) process_request /opt/stack/glance/glance/api/middleware/version_negotiation.py:44}}
Jul 09 07:38:39 ubuntu devstack@g-api.service[118071]: DEBUG glance.api.middleware.version_negotiation [None req-0af82bcb-0996-4b26-ba6e-a29f420bf850 admin admin] Using url versioning {{(pid=118071) process_request /opt/stack/glance/glance/api/middleware/version_negotiation.py:57}}
Jul 09 07:38:39 ubuntu devstack@g-api.service[118071]: DEBUG glance.api.middleware.version_negotiation [None req-0af82bcb-0996-4b26-ba6e-a29f420bf850 admin admin] Matched version: v2 {{(pid=118071) process_request /opt/stack/glance/glance/api/middleware/version_negotiation.py:69}}
Jul 09 07:38:39 ubuntu devstack@g-api.service[118071]: DEBUG glance.api.middleware.version_negotiation [None req-0af82bcb-0996-4b26-ba6e-a29f420bf850 admin admin] new path /v2/images/cf2afcac-8d5a-4fc3-a7cd-bd082f419051 {{(pid=118071) process_request /opt/stack/glance/glance/api/middleware/version_negotiation.py:70}}
Jul 09 07:38:39 ubuntu devstack@g-api.service[118071]: [pid: 118071|app: 0|req: 5/8] 127.0.0.1 () {36 vars in 785 bytes} [Tue Jul  9 07:38:39 2024] GET /v2/images/cf2afcac-8d5a-4fc3-a7cd-bd082f419051 => generated 976 bytes in 248 msecs (HTTP/1.1 200) 4 headers in 157 bytes (1 switches on core 0)
Jul 09 07:38:43 ubuntu devstack@g-api.service[118070]: DEBUG glance.api.middleware.version_negotiation [None req-6652c523-87f8-4db8-8856-786aed2e71ad admin admin] Determining version of request: GET / Accept: application/json {{(pid=118070) process_request /opt/stack/glance/glance/api/middleware/version_negotiation.py:44}}
Jul 09 07:38:43 ubuntu devstack@g-api.service[118070]: DEBUG glance.api.middleware.version_negotiation [None req-6652c523-87f8-4db8-8856-786aed2e71ad admin admin] Using url versioning {{(pid=118070) process_request /opt/stack/glance/glance/api/middleware/version_negotiation.py:57}}
Jul 09 07:38:43 ubuntu devstack@g-api.service[118070]: DEBUG glance.api.middleware.version_negotiation [None req-6652c523-87f8-4db8-8856-786aed2e71ad admin admin] Unknown version. Returning version choices. {{(pid=118070) process_request /opt/stack/glance/glance/api/middleware/version_negotiation.py:64}}
Jul 09 07:38:43 ubuntu devstack@g-api.service[118070]: [pid: 118070|app: 0|req: 4/9] 127.0.0.1 () {34 vars in 502 bytes} [Tue Jul  9 07:38:43 2024] GET / => generated 1299 bytes in 2 msecs (HTTP/1.1 300) 3 headers in 106 bytes (1 switches on core 0)
Jul 09 07:38:43 ubuntu devstack@g-api.service[118071]: DEBUG glance.api.middleware.version_negotiation [None req-b9f298cf-4054-4829-96db-38f90149f52c admin admin] Determining version of request: GET /v2/images/cf2afcac-8d5a-4fc3-a7cd-bd082f419051 Accept: */* {{(pid=118071) process_request /opt/stack/glance/glance/api/middleware/version_negotiation.py:44}}
Jul 09 07:38:43 ubuntu devstack@g-api.service[118071]: DEBUG glance.api.middleware.version_negotiation [None req-b9f298cf-4054-4829-96db-38f90149f52c admin admin] Using url versioning {{(pid=118071) process_request /opt/stack/glance/glance/api/middleware/version_negotiation.py:57}}
Jul 09 07:38:43 ubuntu devstack@g-api.service[118071]: DEBUG glance.api.middleware.version_negotiation [None req-b9f298cf-4054-4829-96db-38f90149f52c admin admin] Matched version: v2 {{(pid=118071) process_request /opt/stack/glance/glance/api/middleware/version_negotiation.py:69}}
Jul 09 07:38:43 ubuntu devstack@g-api.service[118071]: DEBUG glance.api.middleware.version_negotiation [None req-b9f298cf-4054-4829-96db-38f90149f52c admin admin] new path /v2/images/cf2afcac-8d5a-4fc3-a7cd-bd082f419051 {{(pid=118071) process_request /opt/stack/glance/glance/api/middleware/version_negotiation.py:70}}
Jul 09 07:38:43 ubuntu devstack@g-api.service[118071]: [pid: 118071|app: 0|req: 6/10] 127.0.0.1 () {36 vars in 785 bytes} [Tue Jul  9 07:38:43 2024] GET /v2/images/cf2afcac-8d5a-4fc3-a7cd-bd082f419051 => generated 976 bytes in 256 msecs (HTTP/1.1 200) 4 headers in 157 bytes (1 switches on core 0)
Jul 09 07:38:53 ubuntu devstack@g-api.service[118071]: DEBUG dbcounter [-] [118071] Writing DB stats glance:SELECT=5 {{(pid=118071) stat_writer /opt/stack/data/venv/lib/python3.10/site-packages/dbcounter.py:115}}
Jul 09 07:39:32 ubuntu devstack@g-api.service[118070]: DEBUG glance.api.middleware.version_negotiation [None req-6652c523-87f8-4db8-8856-786aed2e71ad admin admin] Determining version of request: GET / Accept: application/json {{(pid=118070) process_request /opt/stack/glance/glance/api/middleware/version_negotiation.py:44}}
Jul 09 07:39:32 ubuntu devstack@g-api.service[118070]: DEBUG glance.api.middleware.version_negotiation [None req-6652c523-87f8-4db8-8856-786aed2e71ad admin admin] Using url versioning {{(pid=118070) process_request /opt/stack/glance/glance/api/middleware/version_negotiation.py:57}}
Jul 09 07:39:32 ubuntu devstack@g-api.service[118070]: DEBUG glance.api.middleware.version_negotiation [None req-6652c523-87f8-4db8-8856-786aed2e71ad admin admin] Unknown version. Returning version choices. {{(pid=118070) process_request /opt/stack/glance/glance/api/middleware/version_negotiation.py:64}}
Jul 09 07:39:32 ubuntu devstack@g-api.service[118070]: [pid: 118070|app: 0|req: 5/11] 127.0.0.1 () {36 vars in 474 bytes} [Tue Jul  9 07:39:32 2024] GET / => generated 1299 bytes in 4 msecs (HTTP/1.1 300) 3 headers in 106 bytes (1 switches on core 0)
Jul 09 07:41:49 ubuntu devstack@g-api.service[118071]: DEBUG glance.api.middleware.version_negotiation [None req-c7815a86-c73c-4339-b669-d7e76c5a21e2 admin admin] Determining version of request: GET /versions Accept: */* {{(pid=118071) process_request /opt/stack/glance/glance/api/middleware/version_negotiation.py:44}}
Jul 09 07:41:49 ubuntu devstack@g-api.service[118071]: [pid: 118071|app: 0|req: 7/12] 127.0.0.1 () {38 vars in 691 bytes} [Tue Jul  9 07:41:49 2024] GET /versions => generated 1299 bytes in 7 msecs (HTTP/1.1 200) 3 headers in 92 bytes (1 switches on core 0)
Jul 09 07:41:49 ubuntu devstack@g-api.service[118070]: DEBUG glance.api.middleware.version_negotiation [None req-6652c523-87f8-4db8-8856-786aed2e71ad admin admin] Determining version of request: GET /v2/schemas/image Accept: */* {{(pid=118070) process_request /opt/stack/glance/glance/api/middleware/version_negotiation.py:44}}
Jul 09 07:41:49 ubuntu devstack@g-api.service[118070]: DEBUG glance.api.middleware.version_negotiation [None req-6652c523-87f8-4db8-8856-786aed2e71ad admin admin] Using url versioning {{(pid=118070) process_request /opt/stack/glance/glance/api/middleware/version_negotiation.py:57}}
Jul 09 07:41:49 ubuntu devstack@g-api.service[118070]: DEBUG glance.api.middleware.version_negotiation [None req-6652c523-87f8-4db8-8856-786aed2e71ad admin admin] Matched version: v2 {{(pid=118070) process_request /opt/stack/glance/glance/api/middleware/version_negotiation.py:69}}
Jul 09 07:41:49 ubuntu devstack@g-api.service[118070]: DEBUG glance.api.middleware.version_negotiation [None req-6652c523-87f8-4db8-8856-786aed2e71ad admin admin] new path /v2/schemas/image {{(pid=118070) process_request /opt/stack/glance/glance/api/middleware/version_negotiation.py:70}}
Jul 09 07:41:49 ubuntu devstack@g-api.service[118070]: [pid: 118070|app: 0|req: 6/13] 127.0.0.1 () {38 vars in 707 bytes} [Tue Jul  9 07:41:49 2024] GET /v2/schemas/image => generated 6083 bytes in 112 msecs (HTTP/1.1 200) 4 headers in 158 bytes (1 switches on core 0)
Jul 09 07:41:49 ubuntu devstack@g-api.service[118071]: DEBUG glance.api.middleware.version_negotiation [None req-c7815a86-c73c-4339-b669-d7e76c5a21e2 admin admin] Determining version of request: GET /v2/schemas/metadefs/namespace Accept: */* {{(pid=118071) process_request /opt/stack/glance/glance/api/middleware/version_negotiation.py:44}}
