Aug 21 07:48:07 ubuntu devstack@keystone.service[69574]: ERROR keystone.server.flask.application   File "/opt/stack/data/venv/lib/python3.10/site-packages/oslo_db/sqlalchemy/enginefacade.py", line 649, in _session
Aug 21 07:48:07 ubuntu devstack@keystone.service[69574]: ERROR keystone.server.flask.application     with excutils.save_and_reraise_exception():
Aug 21 07:48:07 ubuntu devstack@keystone.service[69574]: ERROR keystone.server.flask.application   File "/opt/stack/data/venv/lib/python3.10/site-packages/oslo_utils/excutils.py", line 227, in __exit__
Aug 21 07:48:07 ubuntu devstack@keystone.service[69574]: ERROR keystone.server.flask.application     self.force_reraise()
Aug 21 07:48:07 ubuntu devstack@keystone.service[69574]: ERROR keystone.server.flask.application   File "/opt/stack/data/venv/lib/python3.10/site-packages/oslo_utils/excutils.py", line 200, in force_reraise
Aug 21 07:48:07 ubuntu devstack@keystone.service[69574]: ERROR keystone.server.flask.application     raise self.value
Aug 21 07:48:07 ubuntu devstack@keystone.service[69574]: ERROR keystone.server.flask.application   File "/opt/stack/data/venv/lib/python3.10/site-packages/oslo_db/sqlalchemy/enginefacade.py", line 647, in _session
Aug 21 07:48:07 ubuntu devstack@keystone.service[69574]: ERROR keystone.server.flask.application     self._end_session_transaction(self.session)
Aug 21 07:48:07 ubuntu devstack@keystone.service[69574]: ERROR keystone.server.flask.application   File "/opt/stack/data/venv/lib/python3.10/site-packages/oslo_db/sqlalchemy/enginefacade.py", line 675, in _end_session_transaction
Aug 21 07:48:07 ubuntu devstack@keystone.service[69574]: ERROR keystone.server.flask.application     session.commit()
Aug 21 07:48:07 ubuntu devstack@keystone.service[69574]: ERROR keystone.server.flask.application   File "/opt/stack/data/venv/lib/python3.10/site-packages/sqlalchemy/orm/session.py", line 2017, in commit
Aug 21 07:48:07 ubuntu devstack@keystone.service[69574]: ERROR keystone.server.flask.application     trans.commit(_to_root=True)
Aug 21 07:48:07 ubuntu devstack@keystone.service[69574]: ERROR keystone.server.flask.application   File "<string>", line 2, in commit
Aug 21 07:48:07 ubuntu devstack@keystone.service[69574]: ERROR keystone.server.flask.application   File "/opt/stack/data/venv/lib/python3.10/site-packages/sqlalchemy/orm/state_changes.py", line 139, in _go
Aug 21 07:48:07 ubuntu devstack@keystone.service[69574]: ERROR keystone.server.flask.application     ret_value = fn(self, *arg, **kw)
Aug 21 07:48:07 ubuntu devstack@keystone.service[69574]: ERROR keystone.server.flask.application   File "/opt/stack/data/venv/lib/python3.10/site-packages/sqlalchemy/orm/session.py", line 1302, in commit
Aug 21 07:48:07 ubuntu devstack@keystone.service[69574]: ERROR keystone.server.flask.application     self._prepare_impl()
Aug 21 07:48:07 ubuntu devstack@keystone.service[69574]: ERROR keystone.server.flask.application   File "<string>", line 2, in _prepare_impl
Aug 21 07:48:07 ubuntu devstack@keystone.service[69574]: ERROR keystone.server.flask.application   File "/opt/stack/data/venv/lib/python3.10/site-packages/sqlalchemy/orm/state_changes.py", line 139, in _go
Aug 21 07:48:07 ubuntu devstack@keystone.service[69574]: ERROR keystone.server.flask.application     ret_value = fn(self, *arg, **kw)
Aug 21 07:48:07 ubuntu devstack@keystone.service[69574]: ERROR keystone.server.flask.application   File "/opt/stack/data/venv/lib/python3.10/site-packages/sqlalchemy/orm/session.py", line 1277, in _prepare_impl
Aug 21 07:48:07 ubuntu devstack@keystone.service[69574]: ERROR keystone.server.flask.application     self.session.flush()
Aug 21 07:48:07 ubuntu devstack@keystone.service[69574]: ERROR keystone.server.flask.application   File "/opt/stack/data/venv/lib/python3.10/site-packages/sqlalchemy/orm/session.py", line 4341, in flush
Aug 21 07:48:07 ubuntu devstack@keystone.service[69574]: ERROR keystone.server.flask.application     self._flush(objects)
Aug 21 07:48:07 ubuntu devstack@keystone.service[69574]: ERROR keystone.server.flask.application   File "/opt/stack/data/venv/lib/python3.10/site-packages/sqlalchemy/orm/session.py", line 4476, in _flush
Aug 21 07:48:07 ubuntu devstack@keystone.service[69574]: ERROR keystone.server.flask.application     with util.safe_reraise():
Aug 21 07:48:07 ubuntu devstack@keystone.service[69574]: ERROR keystone.server.flask.application   File "/opt/stack/data/venv/lib/python3.10/site-packages/sqlalchemy/util/langhelpers.py", line 146, in __exit__
Aug 21 07:48:07 ubuntu devstack@keystone.service[69574]: ERROR keystone.server.flask.application     raise exc_value.with_traceback(exc_tb)
Aug 21 07:48:07 ubuntu devstack@keystone.service[69574]: ERROR keystone.server.flask.application   File "/opt/stack/data/venv/lib/python3.10/site-packages/sqlalchemy/orm/session.py", line 4437, in _flush
Aug 21 07:48:07 ubuntu devstack@keystone.service[69574]: ERROR keystone.server.flask.application     flush_context.execute()
Aug 21 07:48:07 ubuntu devstack@keystone.service[69574]: ERROR keystone.server.flask.application   File "/opt/stack/data/venv/lib/python3.10/site-packages/sqlalchemy/orm/unitofwork.py", line 466, in execute
Aug 21 07:48:07 ubuntu devstack@keystone.service[69574]: ERROR keystone.server.flask.application     rec.execute(self)
Aug 21 07:48:07 ubuntu devstack@keystone.service[69574]: ERROR keystone.server.flask.application   File "/opt/stack/data/venv/lib/python3.10/site-packages/sqlalchemy/orm/unitofwork.py", line 642, in execute
Aug 21 07:48:07 ubuntu devstack@keystone.service[69574]: ERROR keystone.server.flask.application     util.preloaded.orm_persistence.save_obj(
Aug 21 07:48:07 ubuntu devstack@keystone.service[69574]: ERROR keystone.server.flask.application   File "/opt/stack/data/venv/lib/python3.10/site-packages/sqlalchemy/orm/persistence.py", line 93, in save_obj
Aug 21 07:48:07 ubuntu devstack@keystone.service[69574]: ERROR keystone.server.flask.application     _emit_insert_statements(
Aug 21 07:48:07 ubuntu devstack@keystone.service[69574]: ERROR keystone.server.flask.application   File "/opt/stack/data/venv/lib/python3.10/site-packages/sqlalchemy/orm/persistence.py", line 1048, in _emit_insert_statements
Aug 21 07:48:07 ubuntu devstack@keystone.service[69574]: ERROR keystone.server.flask.application     result = connection.execute(
Aug 21 07:48:07 ubuntu devstack@keystone.service[69574]: ERROR keystone.server.flask.application   File "/opt/stack/data/venv/lib/python3.10/site-packages/sqlalchemy/engine/base.py", line 1418, in execute
Aug 21 07:48:07 ubuntu devstack@keystone.service[69574]: ERROR keystone.server.flask.application     return meth(
Aug 21 07:48:07 ubuntu devstack@keystone.service[69574]: ERROR keystone.server.flask.application   File "/opt/stack/data/venv/lib/python3.10/site-packages/sqlalchemy/sql/elements.py", line 515, in _execute_on_connection
Aug 21 07:48:07 ubuntu devstack@keystone.service[69574]: ERROR keystone.server.flask.application     return connection._execute_clauseelement(
Aug 21 07:48:07 ubuntu devstack@keystone.service[69574]: ERROR keystone.server.flask.application   File "/opt/stack/data/venv/lib/python3.10/site-packages/sqlalchemy/engine/base.py", line 1640, in _execute_clauseelement
Aug 21 07:48:07 ubuntu devstack@keystone.service[69574]: ERROR keystone.server.flask.application     ret = self._execute_context(
Aug 21 07:48:07 ubuntu devstack@keystone.service[69574]: ERROR keystone.server.flask.application   File "/opt/stack/data/venv/lib/python3.10/site-packages/sqlalchemy/engine/base.py", line 1846, in _execute_context
Aug 21 07:48:07 ubuntu devstack@keystone.service[69574]: ERROR keystone.server.flask.application     return self._exec_single_context(
Aug 21 07:48:07 ubuntu devstack@keystone.service[69574]: ERROR keystone.server.flask.application   File "/opt/stack/data/venv/lib/python3.10/site-packages/sqlalchemy/engine/base.py", line 1986, in _exec_single_context
Aug 21 07:48:07 ubuntu devstack@keystone.service[69574]: ERROR keystone.server.flask.application     self._handle_dbapi_exception(
Aug 21 07:48:07 ubuntu devstack@keystone.service[69574]: ERROR keystone.server.flask.application   File "/opt/stack/data/venv/lib/python3.10/site-packages/sqlalchemy/engine/base.py", line 2350, in _handle_dbapi_exception
Aug 21 07:48:07 ubuntu devstack@keystone.service[69574]: ERROR keystone.server.flask.application     raise newraise.with_traceback(exc_info[2]) from e
Aug 21 07:48:07 ubuntu devstack@keystone.service[69574]: ERROR keystone.server.flask.application   File "/opt/stack/data/venv/lib/python3.10/site-packages/sqlalchemy/engine/base.py", line 1967, in _exec_single_context
Aug 21 07:48:07 ubuntu devstack@keystone.service[69574]: ERROR keystone.server.flask.application     self.dialect.do_execute(
Aug 21 07:48:07 ubuntu devstack@keystone.service[69574]: ERROR keystone.server.flask.application   File "/opt/stack/data/venv/lib/python3.10/site-packages/sqlalchemy/engine/default.py", line 924, in do_execute
Aug 21 07:48:07 ubuntu devstack@keystone.service[69574]: ERROR keystone.server.flask.application     cursor.execute(statement, parameters)
Aug 21 07:48:07 ubuntu devstack@keystone.service[69574]: ERROR keystone.server.flask.application   File "/opt/stack/data/venv/lib/python3.10/site-packages/pymysql/cursors.py", line 153, in execute
Aug 21 07:48:07 ubuntu devstack@keystone.service[69574]: ERROR keystone.server.flask.application     result = self._query(query)
Aug 21 07:48:07 ubuntu devstack@keystone.service[69574]: ERROR keystone.server.flask.application   File "/opt/stack/data/venv/lib/python3.10/site-packages/pymysql/cursors.py", line 322, in _query
Aug 21 07:48:07 ubuntu devstack@keystone.service[69574]: ERROR keystone.server.flask.application     conn.query(q)
Aug 21 07:48:07 ubuntu devstack@keystone.service[69574]: ERROR keystone.server.flask.application   File "/opt/stack/data/venv/lib/python3.10/site-packages/pymysql/connections.py", line 563, in query
Aug 21 07:48:07 ubuntu devstack@keystone.service[69574]: ERROR keystone.server.flask.application     self._affected_rows = self._read_query_result(unbuffered=unbuffered)
Aug 21 07:48:07 ubuntu devstack@keystone.service[69574]: ERROR keystone.server.flask.application   File "/opt/stack/data/venv/lib/python3.10/site-packages/pymysql/connections.py", line 825, in _read_query_result
Aug 21 07:48:07 ubuntu devstack@keystone.service[69574]: ERROR keystone.server.flask.application     result.read()
Aug 21 07:48:07 ubuntu devstack@keystone.service[69574]: ERROR keystone.server.flask.application   File "/opt/stack/data/venv/lib/python3.10/site-packages/pymysql/connections.py", line 1199, in read
Aug 21 07:48:07 ubuntu devstack@keystone.service[69574]: ERROR keystone.server.flask.application     first_packet = self.connection._read_packet()
Aug 21 07:48:07 ubuntu devstack@keystone.service[69574]: ERROR keystone.server.flask.application   File "/opt/stack/data/venv/lib/python3.10/site-packages/pymysql/connections.py", line 775, in _read_packet
Aug 21 07:48:07 ubuntu devstack@keystone.service[69574]: ERROR keystone.server.flask.application     packet.raise_for_error()
Aug 21 07:48:07 ubuntu devstack@keystone.service[69574]: ERROR keystone.server.flask.application   File "/opt/stack/data/venv/lib/python3.10/site-packages/pymysql/protocol.py", line 219, in raise_for_error
Aug 21 07:48:07 ubuntu devstack@keystone.service[69574]: ERROR keystone.server.flask.application     err.raise_mysql_exception(self._data)
Aug 21 07:48:07 ubuntu devstack@keystone.service[69574]: ERROR keystone.server.flask.application   File "/opt/stack/data/venv/lib/python3.10/site-packages/pymysql/err.py", line 150, in raise_mysql_exception
Aug 21 07:48:07 ubuntu devstack@keystone.service[69574]: ERROR keystone.server.flask.application     raise errorclass(errno, errval)
Aug 21 07:48:07 ubuntu devstack@keystone.service[69574]: ERROR keystone.server.flask.application oslo_db.exception.DBDuplicateEntry: (pymysql.err.IntegrityError) (1062, "Duplicate entry '<<keystone.domain.root>>-Default' for key 'project.ixu_project_name_domain_id'")
Aug 21 07:48:07 ubuntu devstack@keystone.service[69574]: ERROR keystone.server.flask.application [SQL: INSERT INTO project (id, name, domain_id, description, enabled, extra, parent_id, is_domain) VALUES (%(id)s, %(name)s, %(domain_id)s, %(description)s, %(enabled)s, %(extra)s, %(parent_id)s, %(is_domain)s)]
Aug 21 07:48:07 ubuntu devstack@keystone.service[69574]: ERROR keystone.server.flask.application [parameters: {'id': '4f9cbaf0c9c740bf8278867a3f71ee7b', 'name': 'Default', 'domain_id': '<<keystone.domain.root>>', 'description': '', 'enabled': 1, 'extra': '{}', 'parent_id': None, 'is_domain': 1}]
Aug 21 07:48:07 ubuntu devstack@keystone.service[69574]: ERROR keystone.server.flask.application (Background on this error at: https://sqlalche.me/e/20/gkpj)
Aug 21 07:48:07 ubuntu devstack@keystone.service[69574]: ERROR keystone.server.flask.application 
Aug 21 07:48:07 ubuntu devstack@keystone.service[69574]: ERROR keystone.server.flask.application During handling of the above exception, another exception occurred:
Aug 21 07:48:07 ubuntu devstack@keystone.service[69574]: ERROR keystone.server.flask.application 
Aug 21 07:48:07 ubuntu devstack@keystone.service[69574]: ERROR keystone.server.flask.application Traceback (most recent call last):
Aug 21 07:48:07 ubuntu devstack@keystone.service[69574]: ERROR keystone.server.flask.application   File "/opt/stack/keystone/keystone/resource/core.py", line 250, in create_project
Aug 21 07:48:07 ubuntu devstack@keystone.service[69574]: ERROR keystone.server.flask.application     ret = self.driver.create_project(project_id, project)
Aug 21 07:48:07 ubuntu devstack@keystone.service[69574]: ERROR keystone.server.flask.application   File "/opt/stack/keystone/keystone/common/sql/core.py", line 581, in wrapper
Aug 21 07:48:07 ubuntu devstack@keystone.service[69574]: ERROR keystone.server.flask.application     raise exception.Conflict(type=conflict_type, details=msg)
Aug 21 07:48:07 ubuntu devstack@keystone.service[69574]: ERROR keystone.server.flask.application keystone.exception.Conflict: Conflict occurred attempting to store project - Duplicate entry found with name Default.
Aug 21 07:48:07 ubuntu devstack@keystone.service[69574]: ERROR keystone.server.flask.application 
Aug 21 07:48:07 ubuntu devstack@keystone.service[69574]: ERROR keystone.server.flask.application During handling of the above exception, another exception occurred:
Aug 21 07:48:07 ubuntu devstack@keystone.service[69574]: ERROR keystone.server.flask.application 
Aug 21 07:48:07 ubuntu devstack@keystone.service[69574]: ERROR keystone.server.flask.application Traceback (most recent call last):
Aug 21 07:48:07 ubuntu devstack@keystone.service[69574]: ERROR keystone.server.flask.application   File "/opt/stack/data/venv/lib/python3.10/site-packages/flask/app.py", line 880, in full_dispatch_request
Aug 21 07:48:07 ubuntu devstack@keystone.service[69574]: ERROR keystone.server.flask.application     rv = self.dispatch_request()
Aug 21 07:48:07 ubuntu devstack@keystone.service[69574]: ERROR keystone.server.flask.application   File "/opt/stack/data/venv/lib/python3.10/site-packages/flask/app.py", line 865, in dispatch_request
Aug 21 07:48:07 ubuntu devstack@keystone.service[69574]: ERROR keystone.server.flask.application     return self.ensure_sync(self.view_functions[rule.endpoint])(**view_args)  # type: ignore[no-any-return]
Aug 21 07:48:07 ubuntu devstack@keystone.service[69574]: ERROR keystone.server.flask.application   File "/opt/stack/data/venv/lib/python3.10/site-packages/flask_restful/__init__.py", line 489, in wrapper
Aug 21 07:48:07 ubuntu devstack@keystone.service[69574]: ERROR keystone.server.flask.application     resp = resource(*args, **kwargs)
Aug 21 07:48:07 ubuntu devstack@keystone.service[69574]: ERROR keystone.server.flask.application   File "/opt/stack/data/venv/lib/python3.10/site-packages/flask/views.py", line 110, in view
Aug 21 07:48:07 ubuntu devstack@keystone.service[69574]: ERROR keystone.server.flask.application     return current_app.ensure_sync(self.dispatch_request)(**kwargs)  # type: ignore[no-any-return]
Aug 21 07:48:07 ubuntu devstack@keystone.service[69574]: ERROR keystone.server.flask.application   File "/opt/stack/data/venv/lib/python3.10/site-packages/flask_restful/__init__.py", line 604, in dispatch_request
Aug 21 07:48:07 ubuntu devstack@keystone.service[69574]: ERROR keystone.server.flask.application     resp = meth(*args, **kwargs)
Aug 21 07:48:07 ubuntu devstack@keystone.service[69574]: ERROR keystone.server.flask.application   File "/opt/stack/keystone/keystone/api/domains.py", line 140, in post
Aug 21 07:48:07 ubuntu devstack@keystone.service[69574]: ERROR keystone.server.flask.application     ref = PROVIDERS.resource_api.create_domain(
Aug 21 07:48:07 ubuntu devstack@keystone.service[69574]: ERROR keystone.server.flask.application   File "/opt/stack/keystone/keystone/common/manager.py", line 111, in wrapped
Aug 21 07:48:07 ubuntu devstack@keystone.service[69574]: ERROR keystone.server.flask.application     __ret_val = __f(*args, **kwargs)
Aug 21 07:48:07 ubuntu devstack@keystone.service[69574]: ERROR keystone.server.flask.application   File "/opt/stack/keystone/keystone/resource/core.py", line 867, in create_domain
Aug 21 07:48:07 ubuntu devstack@keystone.service[69574]: ERROR keystone.server.flask.application     is_domain_project = self.create_project(
Aug 21 07:48:07 ubuntu devstack@keystone.service[69574]: ERROR keystone.server.flask.application   File "/opt/stack/keystone/keystone/common/manager.py", line 111, in wrapped
Aug 21 07:48:07 ubuntu devstack@keystone.service[69574]: ERROR keystone.server.flask.application     __ret_val = __f(*args, **kwargs)
Aug 21 07:48:07 ubuntu devstack@keystone.service[69574]: ERROR keystone.server.flask.application   File "/opt/stack/keystone/keystone/resource/core.py", line 252, in create_project
Aug 21 07:48:07 ubuntu devstack@keystone.service[69574]: ERROR keystone.server.flask.application     raise exception.Conflict(
Aug 21 07:48:07 ubuntu devstack@keystone.service[69574]: ERROR keystone.server.flask.application keystone.exception.Conflict: Conflict occurred attempting to store project - it is not permitted to have two projects acting as domains with the same name: Default.
Aug 21 07:48:07 ubuntu devstack@keystone.service[69574]: ERROR keystone.server.flask.application 
Aug 21 07:48:07 ubuntu devstack@keystone.service[69574]: [pid: 69574|app: 0|req: 8/16] 10.201.5.82 () {60 vars in 1137 bytes} [Wed Aug 21 07:48:07 2024] POST /identity/v3/domains => generated 190 bytes in 81 msecs (HTTP/1.1 409) 5 headers in 183 bytes (1 switches on core 0)
Aug 21 07:48:07 ubuntu devstack@keystone.service[69575]: DEBUG keystone.server.flask.request_processing.middleware.auth_context [None req-e5bd577f-29ef-478d-944e-643d974e44dc None admin] Validating token access rules against request {{(pid=69575) validate_allowed_request /opt/stack/data/venv/lib/python3.10/site-packages/keystonemiddleware/auth_token/__init__.py:544}}
Aug 21 07:48:07 ubuntu devstack@keystone.service[69574]: DEBUG keystone.server.flask.request_processing.middleware.auth_context [None req-b0a76d92-1b99-4075-96c5-4c43a0c4ee24 None admin] Authenticating user token {{(pid=69574) process_request /opt/stack/data/venv/lib/python3.10/site-packages/keystonemiddleware/auth_token/__init__.py:406}}
Aug 21 07:48:07 ubuntu devstack@keystone.service[69575]: DEBUG keystone.server.flask.request_processing.middleware.auth_context [None req-5ebe515f-7ea2-4fb8-b78d-51c8b0ecaebc None admin] RBAC: auth_context: {'token': <TokenModel (audit_id=NIlgTLWNSSGuDjHwgbW8uw, audit_chain_id=['NIlgTLWNSSGuDjHwgbW8uw']) at 0x7f96ed54cee0>, 'domain_id': None, 'trust_id': None, 'trustor_id': None, 'trustee_id': None, 'domain_name': None, 'group_ids': [], 'user_id': '390e3a98cad14817b2989215c2358019', 'user_domain_id': 'default', 'system_scope': 'all', 'project_id': None, 'project_domain_id': None, 'roles': ['admin', 'manager', 'member', 'reader'], 'is_admin_project': True, 'service_user_id': None, 'service_user_domain_id': None, 'service_project_id': None, 'service_project_domain_id': None, 'service_roles': []} {{(pid=69575) fill_context /opt/stack/keystone/keystone/server/flask/request_processing/middleware/auth_context.py:511}}
Aug 21 07:48:07 ubuntu devstack@keystone.service[69575]: DEBUG keystone.server.flask.request_processing.req_logging [None req-5ebe515f-7ea2-4fb8-b78d-51c8b0ecaebc None admin] REQUEST_METHOD: `GET` {{(pid=69575) log_request_info /opt/stack/keystone/keystone/server/flask/request_processing/req_logging.py:27}}
Aug 21 07:48:07 ubuntu devstack@keystone.service[69575]: DEBUG keystone.server.flask.request_processing.req_logging [None req-5ebe515f-7ea2-4fb8-b78d-51c8b0ecaebc None admin] SCRIPT_NAME: `/identity` {{(pid=69575) log_request_info /opt/stack/keystone/keystone/server/flask/request_processing/req_logging.py:28}}
Aug 21 07:48:07 ubuntu devstack@keystone.service[69575]: DEBUG keystone.server.flask.request_processing.req_logging [None req-5ebe515f-7ea2-4fb8-b78d-51c8b0ecaebc None admin] PATH_INFO: `/v3/users/390e3a98cad14817b2989215c2358019` {{(pid=69575) log_request_info /opt/stack/keystone/keystone/server/flask/request_processing/req_logging.py:29}}
Aug 21 07:48:07 ubuntu devstack@keystone.service[69575]: DEBUG keystone.common.rbac_enforcer.enforcer [None req-5ebe515f-7ea2-4fb8-b78d-51c8b0ecaebc None admin] RBAC: Authorizing `identity:get_user(user_id=390e3a98cad14817b2989215c2358019)` {{(pid=69575) enforce_call /opt/stack/keystone/keystone/common/rbac_enforcer/enforcer.py:504}}
Aug 21 07:48:07 ubuntu devstack@keystone.service[69575]: DEBUG keystone.common.rbac_enforcer.enforcer [None req-5ebe515f-7ea2-4fb8-b78d-51c8b0ecaebc None admin] RBAC: Authorization granted {{(pid=69575) enforce_call /opt/stack/keystone/keystone/common/rbac_enforcer/enforcer.py:515}}
Aug 21 07:48:07 ubuntu devstack@keystone.service[69575]: [pid: 69575|app: 0|req: 9/17] 10.201.5.82 () {56 vars in 1177 bytes} [Wed Aug 21 07:48:07 2024] GET /identity/v3/users/390e3a98cad14817b2989215c2358019 => generated 247 bytes in 58 msecs (HTTP/1.1 200) 5 headers in 177 bytes (2 switches on core 0)
Aug 21 07:48:07 ubuntu devstack@keystone.service[69575]: DEBUG keystone.server.flask.request_processing.middleware.auth_context [None req-5ebe515f-7ea2-4fb8-b78d-51c8b0ecaebc None admin] Authenticating user token {{(pid=69575) process_request /opt/stack/data/venv/lib/python3.10/site-packages/keystonemiddleware/auth_token/__init__.py:406}}
Aug 21 07:48:07 ubuntu devstack@keystone.service[69574]: DEBUG keystone.server.flask.request_processing.middleware.auth_context [None req-b0a76d92-1b99-4075-96c5-4c43a0c4ee24 None admin] Validating token access rules against request {{(pid=69574) validate_allowed_request /opt/stack/data/venv/lib/python3.10/site-packages/keystonemiddleware/auth_token/__init__.py:544}}
Aug 21 07:48:07 ubuntu devstack@keystone.service[69575]: DEBUG keystone.server.flask.request_processing.middleware.auth_context [None req-5ebe515f-7ea2-4fb8-b78d-51c8b0ecaebc None admin] Validating token access rules against request {{(pid=69575) validate_allowed_request /opt/stack/data/venv/lib/python3.10/site-packages/keystonemiddleware/auth_token/__init__.py:544}}
Aug 21 07:48:07 ubuntu devstack@keystone.service[69574]: DEBUG keystone.server.flask.request_processing.middleware.auth_context [None req-642326a4-afa6-4637-b0c6-97faaf697d06 None admin] RBAC: auth_context: {'token': <TokenModel (audit_id=ZBBrwzniRqmar-CGShn92w, audit_chain_id=['ZBBrwzniRqmar-CGShn92w']) at 0x7f96ed4d7670>, 'domain_id': None, 'trust_id': None, 'trustor_id': None, 'trustee_id': None, 'domain_name': None, 'group_ids': [], 'user_id': '390e3a98cad14817b2989215c2358019', 'user_domain_id': 'default', 'system_scope': 'all', 'project_id': None, 'project_domain_id': None, 'roles': ['admin', 'manager', 'member', 'reader'], 'is_admin_project': True, 'service_user_id': None, 'service_user_domain_id': None, 'service_project_id': None, 'service_project_domain_id': None, 'service_roles': []} {{(pid=69574) fill_context /opt/stack/keystone/keystone/server/flask/request_processing/middleware/auth_context.py:511}}
Aug 21 07:48:07 ubuntu devstack@keystone.service[69574]: DEBUG keystone.server.flask.request_processing.req_logging [None req-642326a4-afa6-4637-b0c6-97faaf697d06 None admin] REQUEST_METHOD: `GET` {{(pid=69574) log_request_info /opt/stack/keystone/keystone/server/flask/request_processing/req_logging.py:27}}
Aug 21 07:48:07 ubuntu devstack@keystone.service[69574]: DEBUG keystone.server.flask.request_processing.req_logging [None req-642326a4-afa6-4637-b0c6-97faaf697d06 None admin] SCRIPT_NAME: `/identity` {{(pid=69574) log_request_info /opt/stack/keystone/keystone/server/flask/request_processing/req_logging.py:28}}
Aug 21 07:48:07 ubuntu devstack@keystone.service[69574]: DEBUG keystone.server.flask.request_processing.req_logging [None req-642326a4-afa6-4637-b0c6-97faaf697d06 None admin] PATH_INFO: `/v3/domains/Default` {{(pid=69574) log_request_info /opt/stack/keystone/keystone/server/flask/request_processing/req_logging.py:29}}
Aug 21 07:48:07 ubuntu devstack@keystone.service[69574]: DEBUG keystone.common.rbac_enforcer.enforcer [None req-642326a4-afa6-4637-b0c6-97faaf697d06 None admin] RBAC: Authorizing `identity:get_domain(domain_id=Default)` {{(pid=69574) enforce_call /opt/stack/keystone/keystone/common/rbac_enforcer/enforcer.py:504}}
Aug 21 07:48:07 ubuntu devstack@keystone.service[69574]: DEBUG keystone.common.rbac_enforcer.enforcer [None req-642326a4-afa6-4637-b0c6-97faaf697d06 None admin] RBAC: Authorization granted {{(pid=69574) enforce_call /opt/stack/keystone/keystone/common/rbac_enforcer/enforcer.py:515}}
Aug 21 07:48:07 ubuntu devstack@keystone.service[69575]: DEBUG keystone.server.flask.request_processing.middleware.auth_context [None req-d11bc9d7-3c90-4fd2-a732-05af6974dc0d None admin] RBAC: auth_context: {'token': <TokenModel (audit_id=NIlgTLWNSSGuDjHwgbW8uw, audit_chain_id=['NIlgTLWNSSGuDjHwgbW8uw']) at 0x7f96ed54cc10>, 'domain_id': None, 'trust_id': None, 'trustor_id': None, 'trustee_id': None, 'domain_name': None, 'group_ids': [], 'user_id': '390e3a98cad14817b2989215c2358019', 'user_domain_id': 'default', 'system_scope': 'all', 'project_id': None, 'project_domain_id': None, 'roles': ['admin', 'manager', 'member', 'reader'], 'is_admin_project': True, 'service_user_id': None, 'service_user_domain_id': None, 'service_project_id': None, 'service_project_domain_id': None, 'service_roles': []} {{(pid=69575) fill_context /opt/stack/keystone/keystone/server/flask/request_processing/middleware/auth_context.py:511}}
Aug 21 07:48:07 ubuntu devstack@keystone.service[69575]: DEBUG keystone.server.flask.request_processing.req_logging [None req-d11bc9d7-3c90-4fd2-a732-05af6974dc0d None admin] REQUEST_METHOD: `GET` {{(pid=69575) log_request_info /opt/stack/keystone/keystone/server/flask/request_processing/req_logging.py:27}}
Aug 21 07:48:07 ubuntu devstack@keystone.service[69574]: DEBUG keystone.server.flask.application [None req-642326a4-afa6-4637-b0c6-97faaf697d06 None admin] Could not find domain: Default. {{(pid=69574) _handle_keystone_exception /opt/stack/keystone/keystone/server/flask/application.py:96}}
Aug 21 07:48:07 ubuntu devstack@keystone.service[69575]: DEBUG keystone.server.flask.request_processing.req_logging [None req-d11bc9d7-3c90-4fd2-a732-05af6974dc0d None admin] SCRIPT_NAME: `/identity` {{(pid=69575) log_request_info /opt/stack/keystone/keystone/server/flask/request_processing/req_logging.py:28}}
Aug 21 07:48:07 ubuntu devstack@keystone.service[69575]: DEBUG keystone.server.flask.request_processing.req_logging [None req-d11bc9d7-3c90-4fd2-a732-05af6974dc0d None admin] PATH_INFO: `/v3/domains/default` {{(pid=69575) log_request_info /opt/stack/keystone/keystone/server/flask/request_processing/req_logging.py:29}}
Aug 21 07:48:07 ubuntu devstack@keystone.service[69574]: [pid: 69574|app: 0|req: 9/18] 10.201.5.82 () {56 vars in 1108 bytes} [Wed Aug 21 07:48:07 2024] GET /identity/v3/domains/Default => generated 87 bytes in 70 msecs (HTTP/1.1 404) 5 headers in 183 bytes (1 switches on core 0)
Aug 21 07:48:07 ubuntu devstack@keystone.service[69575]: DEBUG keystone.common.rbac_enforcer.enforcer [None req-d11bc9d7-3c90-4fd2-a732-05af6974dc0d None admin] RBAC: Authorizing `identity:get_domain(domain_id=default)` {{(pid=69575) enforce_call /opt/stack/keystone/keystone/common/rbac_enforcer/enforcer.py:504}}
Aug 21 07:48:07 ubuntu devstack@keystone.service[69575]: DEBUG keystone.common.rbac_enforcer.enforcer [None req-d11bc9d7-3c90-4fd2-a732-05af6974dc0d None admin] RBAC: Authorization granted {{(pid=69575) enforce_call /opt/stack/keystone/keystone/common/rbac_enforcer/enforcer.py:515}}
Aug 21 07:48:07 ubuntu devstack@keystone.service[69575]: [pid: 69575|app: 0|req: 10/19] 10.201.5.82 () {56 vars in 1108 bytes} [Wed Aug 21 07:48:07 2024] GET /identity/v3/domains/default => generated 199 bytes in 50 msecs (HTTP/1.1 200) 5 headers in 177 bytes (1 switches on core 0)
Aug 21 07:48:07 ubuntu devstack@keystone.service[69574]: DEBUG keystone.server.flask.request_processing.middleware.auth_context [None req-642326a4-afa6-4637-b0c6-97faaf697d06 None admin] Authenticating user token {{(pid=69574) process_request /opt/stack/data/venv/lib/python3.10/site-packages/keystonemiddleware/auth_token/__init__.py:406}}
Aug 21 07:48:07 ubuntu devstack@keystone.service[69575]: DEBUG keystone.server.flask.request_processing.middleware.auth_context [None req-d11bc9d7-3c90-4fd2-a732-05af6974dc0d None admin] Authenticating user token {{(pid=69575) process_request /opt/stack/data/venv/lib/python3.10/site-packages/keystonemiddleware/auth_token/__init__.py:406}}
Aug 21 07:48:07 ubuntu devstack@keystone.service[69574]: DEBUG keystone.server.flask.request_processing.middleware.auth_context [None req-642326a4-afa6-4637-b0c6-97faaf697d06 None admin] Validating token access rules against request {{(pid=69574) validate_allowed_request /opt/stack/data/venv/lib/python3.10/site-packages/keystonemiddleware/auth_token/__init__.py:544}}
Aug 21 07:48:07 ubuntu devstack@keystone.service[69575]: DEBUG keystone.server.flask.request_processing.middleware.auth_context [None req-d11bc9d7-3c90-4fd2-a732-05af6974dc0d None admin] Validating token access rules against request {{(pid=69575) validate_allowed_request /opt/stack/data/venv/lib/python3.10/site-packages/keystonemiddleware/auth_token/__init__.py:544}}
Aug 21 07:48:07 ubuntu devstack@keystone.service[69575]: DEBUG keystone.server.flask.request_processing.middleware.auth_context [None req-43d29f23-ccb3-409b-8cb7-885415a1a550 None admin] RBAC: auth_context: {'token': <TokenModel (audit_id=ZBBrwzniRqmar-CGShn92w, audit_chain_id=['ZBBrwzniRqmar-CGShn92w']) at 0x7f96ed441750>, 'domain_id': None, 'trust_id': None, 'trustor_id': None, 'trustee_id': None, 'domain_name': None, 'group_ids': [], 'user_id': '390e3a98cad14817b2989215c2358019', 'user_domain_id': 'default', 'system_scope': 'all', 'project_id': None, 'project_domain_id': None, 'roles': ['admin', 'manager', 'member', 'reader'], 'is_admin_project': True, 'service_user_id': None, 'service_user_domain_id': None, 'service_project_id': None, 'service_project_domain_id': None, 'service_roles': []} {{(pid=69575) fill_context /opt/stack/keystone/keystone/server/flask/request_processing/middleware/auth_context.py:511}}
Aug 21 07:48:07 ubuntu devstack@keystone.service[69575]: DEBUG keystone.server.flask.request_processing.req_logging [None req-43d29f23-ccb3-409b-8cb7-885415a1a550 None admin] REQUEST_METHOD: `GET` {{(pid=69575) log_request_info /opt/stack/keystone/keystone/server/flask/request_processing/req_logging.py:27}}
Aug 21 07:48:07 ubuntu devstack@keystone.service[69575]: DEBUG keystone.server.flask.request_processing.req_logging [None req-43d29f23-ccb3-409b-8cb7-885415a1a550 None admin] SCRIPT_NAME: `/identity` {{(pid=69575) log_request_info /opt/stack/keystone/keystone/server/flask/request_processing/req_logging.py:28}}
Aug 21 07:48:07 ubuntu devstack@keystone.service[69575]: DEBUG keystone.server.flask.request_processing.req_logging [None req-43d29f23-ccb3-409b-8cb7-885415a1a550 None admin] PATH_INFO: `/v3/domains` {{(pid=69575) log_request_info /opt/stack/keystone/keystone/server/flask/request_processing/req_logging.py:29}}
Aug 21 07:48:07 ubuntu devstack@keystone.service[69574]: DEBUG keystone.server.flask.request_processing.middleware.auth_context [None req-5b1e2c1b-f6d9-4d2e-a207-bb04738de386 None admin] RBAC: auth_context: {'token': <TokenModel (audit_id=NIlgTLWNSSGuDjHwgbW8uw, audit_chain_id=['NIlgTLWNSSGuDjHwgbW8uw']) at 0x7f96ed329e10>, 'domain_id': None, 'trust_id': None, 'trustor_id': None, 'trustee_id': None, 'domain_name': None, 'group_ids': [], 'user_id': '390e3a98cad14817b2989215c2358019', 'user_domain_id': 'default', 'system_scope': 'all', 'project_id': None, 'project_domain_id': None, 'roles': ['admin', 'manager', 'member', 'reader'], 'is_admin_project': True, 'service_user_id': None, 'service_user_domain_id': None, 'service_project_id': None, 'service_project_domain_id': None, 'service_roles': []} {{(pid=69574) fill_context /opt/stack/keystone/keystone/server/flask/request_processing/middleware/auth_context.py:511}}
Aug 21 07:48:07 ubuntu devstack@keystone.service[69575]: DEBUG keystone.common.rbac_enforcer.enforcer [None req-43d29f23-ccb3-409b-8cb7-885415a1a550 None admin] RBAC: Adding query filter params (name=Default) {{(pid=69575) _extract_filter_values /opt/stack/keystone/keystone/common/rbac_enforcer/enforcer.py:185}}
Aug 21 07:48:07 ubuntu devstack@keystone.service[69574]: DEBUG keystone.server.flask.request_processing.req_logging [None req-5b1e2c1b-f6d9-4d2e-a207-bb04738de386 None admin] REQUEST_METHOD: `PUT` {{(pid=69574) log_request_info /opt/stack/keystone/keystone/server/flask/request_processing/req_logging.py:27}}
Aug 21 07:48:07 ubuntu devstack@keystone.service[69575]: DEBUG keystone.common.rbac_enforcer.enforcer [None req-43d29f23-ccb3-409b-8cb7-885415a1a550 None admin] RBAC: Authorizing `identity:list_domains()` {{(pid=69575) enforce_call /opt/stack/keystone/keystone/common/rbac_enforcer/enforcer.py:504}}
Aug 21 07:48:07 ubuntu devstack@keystone.service[69574]: DEBUG keystone.server.flask.request_processing.req_logging [None req-5b1e2c1b-f6d9-4d2e-a207-bb04738de386 None admin] SCRIPT_NAME: `/identity` {{(pid=69574) log_request_info /opt/stack/keystone/keystone/server/flask/request_processing/req_logging.py:28}}
Aug 21 07:48:07 ubuntu devstack@keystone.service[69574]: DEBUG keystone.server.flask.request_processing.req_logging [None req-5b1e2c1b-f6d9-4d2e-a207-bb04738de386 None admin] PATH_INFO: `/v3/domains/default/users/390e3a98cad14817b2989215c2358019/roles/8d8c34c2cde44f918aca903e6ae02b3a` {{(pid=69574) log_request_info /opt/stack/keystone/keystone/server/flask/request_processing/req_logging.py:29}}
Aug 21 07:48:07 ubuntu devstack@keystone.service[69575]: DEBUG keystone.common.rbac_enforcer.enforcer [None req-43d29f23-ccb3-409b-8cb7-885415a1a550 None admin] RBAC: Authorization granted {{(pid=69575) enforce_call /opt/stack/keystone/keystone/common/rbac_enforcer/enforcer.py:515}}
Aug 21 07:48:07 ubuntu devstack@keystone.service[69574]: DEBUG keystone.common.rbac_enforcer.enforcer [None req-5b1e2c1b-f6d9-4d2e-a207-bb04738de386 None admin] RBAC: Authorizing `identity:create_grant(domain_id=default, user_id=390e3a98cad14817b2989215c2358019, role_id=8d8c34c2cde44f918aca903e6ae02b3a)` {{(pid=69574) enforce_call /opt/stack/keystone/keystone/common/rbac_enforcer/enforcer.py:504}}
Aug 21 07:48:07 ubuntu devstack@keystone.service[69574]: DEBUG keystone.common.rbac_enforcer.enforcer [None req-5b1e2c1b-f6d9-4d2e-a207-bb04738de386 None admin] RBAC: Authorization granted {{(pid=69574) enforce_call /opt/stack/keystone/keystone/common/rbac_enforcer/enforcer.py:515}}
Aug 21 07:48:07 ubuntu devstack@keystone.service[69575]: [pid: 69575|app: 0|req: 11/20] 10.201.5.82 () {56 vars in 1109 bytes} [Wed Aug 21 07:48:07 2024] GET /identity/v3/domains?name=Default => generated 308 bytes in 62 msecs (HTTP/1.1 200) 5 headers in 177 bytes (2 switches on core 0)
Aug 21 07:48:07 ubuntu devstack@keystone.service[69574]: [pid: 69574|app: 0|req: 10/21] 10.201.5.82 () {58 vars in 1361 bytes} [Wed Aug 21 07:48:07 2024] PUT /identity/v3/domains/default/users/390e3a98cad14817b2989215c2358019/roles/8d8c34c2cde44f918aca903e6ae02b3a => generated 0 bytes in 118 msecs (HTTP/1.1 204) 3 headers in 132 bytes (1 switches on core 0)
Aug 21 07:48:08 ubuntu devstack@keystone.service[69575]: DEBUG keystone.server.flask.request_processing.req_logging [None req-30d69dc3-3074-4804-8f84-7516cf4faceb None None] REQUEST_METHOD: `GET` {{(pid=69575) log_request_info /opt/stack/keystone/keystone/server/flask/request_processing/req_logging.py:27}}
Aug 21 07:48:08 ubuntu devstack@keystone.service[69575]: DEBUG keystone.server.flask.request_processing.req_logging [None req-30d69dc3-3074-4804-8f84-7516cf4faceb None None] SCRIPT_NAME: `/identity` {{(pid=69575) log_request_info /opt/stack/keystone/keystone/server/flask/request_processing/req_logging.py:28}}
Aug 21 07:48:08 ubuntu devstack@keystone.service[69575]: DEBUG keystone.server.flask.request_processing.req_logging [None req-30d69dc3-3074-4804-8f84-7516cf4faceb None None] PATH_INFO: `/` {{(pid=69575) log_request_info /opt/stack/keystone/keystone/server/flask/request_processing/req_logging.py:29}}
Aug 21 07:48:08 ubuntu devstack@keystone.service[69575]: [pid: 69575|app: 0|req: 12/22] 10.201.5.82 () {54 vars in 926 bytes} [Wed Aug 21 07:48:08 2024] GET /identity => generated 270 bytes in 2 msecs (HTTP/1.1 300) 6 headers in 234 bytes (1 switches on core 0)
Aug 21 07:48:08 ubuntu devstack@keystone.service[69574]: DEBUG keystone.server.flask.request_processing.req_logging [None req-f8f437d0-79b3-4cd3-b414-04595e625e1e None None] REQUEST_METHOD: `POST` {{(pid=69574) log_request_info /opt/stack/keystone/keystone/server/flask/request_processing/req_logging.py:27}}
Aug 21 07:48:08 ubuntu devstack@keystone.service[69574]: DEBUG keystone.server.flask.request_processing.req_logging [None req-f8f437d0-79b3-4cd3-b414-04595e625e1e None None] SCRIPT_NAME: `/identity` {{(pid=69574) log_request_info /opt/stack/keystone/keystone/server/flask/request_processing/req_logging.py:28}}
Aug 21 07:48:08 ubuntu devstack@keystone.service[69574]: DEBUG keystone.server.flask.request_processing.req_logging [None req-f8f437d0-79b3-4cd3-b414-04595e625e1e None None] PATH_INFO: `/v3/auth/tokens` {{(pid=69574) log_request_info /opt/stack/keystone/keystone/server/flask/request_processing/req_logging.py:29}}
Aug 21 07:48:08 ubuntu devstack@keystone.service[69574]: WARNING keystone.common.password_hashing [None req-f8f437d0-79b3-4cd3-b414-04595e625e1e None None] Truncating password to algorithm specific maximum length 72 characters.
Aug 21 07:48:08 ubuntu devstack@keystone.service[69574]: DEBUG keystone.auth.core [None req-f8f437d0-79b3-4cd3-b414-04595e625e1e None None] MFA Rules not processed for user `390e3a98cad14817b2989215c2358019`. Rule list: `[]` (Enabled: `True`). {{(pid=69574) check_auth_methods_against_rules /opt/stack/keystone/keystone/auth/core.py:477}}
Aug 21 07:48:08 ubuntu devstack@keystone.service[69574]: DEBUG keystone.common.fernet_utils [None req-f8f437d0-79b3-4cd3-b414-04595e625e1e None None] Loaded 2 Fernet keys from /etc/keystone/fernet-keys/, but `[fernet_tokens] max_active_keys = 3`; perhaps there have not been enough key rotations to reach `max_active_keys` yet? {{(pid=69574) load_keys /opt/stack/keystone/keystone/common/fernet_utils.py:299}}
Aug 21 07:48:08 ubuntu devstack@keystone.service[69574]: [pid: 69574|app: 0|req: 11/23] 10.201.5.82 () {58 vars in 1023 bytes} [Wed Aug 21 07:48:08 2024] POST /identity/v3/auth/tokens => generated 862 bytes in 71 msecs (HTTP/1.1 201) 6 headers in 363 bytes (1 switches on core 0)
Aug 21 07:48:09 ubuntu devstack@keystone.service[69575]: DEBUG keystone.server.flask.request_processing.req_logging [None req-f829a6ad-808e-4479-9fb8-42fe0b05b4e2 None None] REQUEST_METHOD: `GET` {{(pid=69575) log_request_info /opt/stack/keystone/keystone/server/flask/request_processing/req_logging.py:27}}
Aug 21 07:48:09 ubuntu devstack@keystone.service[69575]: DEBUG keystone.server.flask.request_processing.req_logging [None req-f829a6ad-808e-4479-9fb8-42fe0b05b4e2 None None] SCRIPT_NAME: `/identity` {{(pid=69575) log_request_info /opt/stack/keystone/keystone/server/flask/request_processing/req_logging.py:28}}
Aug 21 07:48:09 ubuntu devstack@keystone.service[69575]: DEBUG keystone.server.flask.request_processing.req_logging [None req-f829a6ad-808e-4479-9fb8-42fe0b05b4e2 None None] PATH_INFO: `/` {{(pid=69575) log_request_info /opt/stack/keystone/keystone/server/flask/request_processing/req_logging.py:29}}
Aug 21 07:48:09 ubuntu devstack@keystone.service[69575]: [pid: 69575|app: 0|req: 13/24] 10.201.5.82 () {54 vars in 926 bytes} [Wed Aug 21 07:48:09 2024] GET /identity => generated 270 bytes in 2 msecs (HTTP/1.1 300) 6 headers in 234 bytes (1 switches on core 0)
Aug 21 07:48:09 ubuntu devstack@keystone.service[69574]: DEBUG keystone.server.flask.request_processing.req_logging [None req-36aef1fb-68b2-4a20-8bc2-55145e13dba1 None None] REQUEST_METHOD: `POST` {{(pid=69574) log_request_info /opt/stack/keystone/keystone/server/flask/request_processing/req_logging.py:27}}
Aug 21 07:48:09 ubuntu devstack@keystone.service[69574]: DEBUG keystone.server.flask.request_processing.req_logging [None req-36aef1fb-68b2-4a20-8bc2-55145e13dba1 None None] SCRIPT_NAME: `/identity` {{(pid=69574) log_request_info /opt/stack/keystone/keystone/server/flask/request_processing/req_logging.py:28}}
Aug 21 07:48:09 ubuntu devstack@keystone.service[69574]: DEBUG keystone.server.flask.request_processing.req_logging [None req-36aef1fb-68b2-4a20-8bc2-55145e13dba1 None None] PATH_INFO: `/v3/auth/tokens` {{(pid=69574) log_request_info /opt/stack/keystone/keystone/server/flask/request_processing/req_logging.py:29}}
Aug 21 07:48:09 ubuntu devstack@keystone.service[69574]: WARNING keystone.common.password_hashing [None req-36aef1fb-68b2-4a20-8bc2-55145e13dba1 None None] Truncating password to algorithm specific maximum length 72 characters.
Aug 21 07:48:09 ubuntu devstack@keystone.service[69574]: DEBUG keystone.auth.core [None req-36aef1fb-68b2-4a20-8bc2-55145e13dba1 None None] MFA Rules not processed for user `390e3a98cad14817b2989215c2358019`. Rule list: `[]` (Enabled: `True`). {{(pid=69574) check_auth_methods_against_rules /opt/stack/keystone/keystone/auth/core.py:477}}
Aug 21 07:48:09 ubuntu devstack@keystone.service[69574]: DEBUG keystone.common.fernet_utils [None req-36aef1fb-68b2-4a20-8bc2-55145e13dba1 None None] Loaded 2 Fernet keys from /etc/keystone/fernet-keys/, but `[fernet_tokens] max_active_keys = 3`; perhaps there have not been enough key rotations to reach `max_active_keys` yet? {{(pid=69574) load_keys /opt/stack/keystone/keystone/common/fernet_utils.py:299}}
Aug 21 07:48:09 ubuntu devstack@keystone.service[69575]: DEBUG keystone.server.flask.request_processing.middleware.auth_context [None req-f829a6ad-808e-4479-9fb8-42fe0b05b4e2 None None] Authenticating user token {{(pid=69575) process_request /opt/stack/data/venv/lib/python3.10/site-packages/keystonemiddleware/auth_token/__init__.py:406}}
Aug 21 07:48:09 ubuntu devstack@keystone.service[69574]: [pid: 69574|app: 0|req: 12/25] 10.201.5.82 () {58 vars in 1023 bytes} [Wed Aug 21 07:48:09 2024] POST /identity/v3/auth/tokens => generated 862 bytes in 62 msecs (HTTP/1.1 201) 6 headers in 363 bytes (1 switches on core 0)
Aug 21 07:48:09 ubuntu devstack@keystone.service[69575]: DEBUG keystone.server.flask.request_processing.middleware.auth_context [None req-f829a6ad-808e-4479-9fb8-42fe0b05b4e2 None None] Validating token access rules against request {{(pid=69575) validate_allowed_request /opt/stack/data/venv/lib/python3.10/site-packages/keystonemiddleware/auth_token/__init__.py:544}}
Aug 21 07:48:09 ubuntu devstack@keystone.service[69575]: DEBUG keystone.server.flask.request_processing.middleware.auth_context [None req-931b96e4-2dd1-40bb-9f36-7a4a84f2966f None admin] RBAC: auth_context: {'token': <TokenModel (audit_id=AGeVP_GqS4SgdIXmu8UyFQ, audit_chain_id=['AGeVP_GqS4SgdIXmu8UyFQ']) at 0x7f96ed54ce20>, 'domain_id': None, 'trust_id': None, 'trustor_id': None, 'trustee_id': None, 'domain_name': None, 'group_ids': [], 'user_id': '390e3a98cad14817b2989215c2358019', 'user_domain_id': 'default', 'system_scope': 'all', 'project_id': None, 'project_domain_id': None, 'roles': ['admin', 'manager', 'member', 'reader'], 'is_admin_project': True, 'service_user_id': None, 'service_user_domain_id': None, 'service_project_id': None, 'service_project_domain_id': None, 'service_roles': []} {{(pid=69575) fill_context /opt/stack/keystone/keystone/server/flask/request_processing/middleware/auth_context.py:511}}
Aug 21 07:48:09 ubuntu devstack@keystone.service[69575]: DEBUG keystone.server.flask.request_processing.req_logging [None req-931b96e4-2dd1-40bb-9f36-7a4a84f2966f None admin] REQUEST_METHOD: `GET` {{(pid=69575) log_request_info /opt/stack/keystone/keystone/server/flask/request_processing/req_logging.py:27}}
Aug 21 07:48:09 ubuntu devstack@keystone.service[69575]: DEBUG keystone.server.flask.request_processing.req_logging [None req-931b96e4-2dd1-40bb-9f36-7a4a84f2966f None admin] SCRIPT_NAME: `/identity` {{(pid=69575) log_request_info /opt/stack/keystone/keystone/server/flask/request_processing/req_logging.py:28}}
Aug 21 07:48:09 ubuntu devstack@keystone.service[69575]: DEBUG keystone.server.flask.request_processing.req_logging [None req-931b96e4-2dd1-40bb-9f36-7a4a84f2966f None admin] PATH_INFO: `/v3/roles/admin` {{(pid=69575) log_request_info /opt/stack/keystone/keystone/server/flask/request_processing/req_logging.py:29}}
Aug 21 07:48:09 ubuntu devstack@keystone.service[69575]: DEBUG keystone.common.rbac_enforcer.enforcer [None req-931b96e4-2dd1-40bb-9f36-7a4a84f2966f None admin] Extracting inferred target data resulted in "NOT FOUND (404)". {{(pid=69575) enforce_call /opt/stack/keystone/keystone/common/rbac_enforcer/enforcer.py:454}}
Aug 21 07:48:09 ubuntu devstack@keystone.service[69575]: DEBUG keystone.server.flask.application [None req-931b96e4-2dd1-40bb-9f36-7a4a84f2966f None admin] Could not find role: admin. {{(pid=69575) _handle_keystone_exception /opt/stack/keystone/keystone/server/flask/application.py:96}}
Aug 21 07:48:09 ubuntu devstack@keystone.service[69575]: [pid: 69575|app: 0|req: 14/26] 10.201.5.82 () {56 vars in 1096 bytes} [Wed Aug 21 07:48:09 2024] GET /identity/v3/roles/admin => generated 83 bytes in 85 msecs (HTTP/1.1 404) 5 headers in 183 bytes (1 switches on core 0)
Aug 21 07:48:09 ubuntu devstack@keystone.service[69574]: DEBUG keystone.server.flask.request_processing.middleware.auth_context [None req-36aef1fb-68b2-4a20-8bc2-55145e13dba1 None None] Authenticating user token {{(pid=69574) process_request /opt/stack/data/venv/lib/python3.10/site-packages/keystonemiddleware/auth_token/__init__.py:406}}
Aug 21 07:48:09 ubuntu devstack@keystone.service[69574]: DEBUG keystone.server.flask.request_processing.middleware.auth_context [None req-36aef1fb-68b2-4a20-8bc2-55145e13dba1 None None] Validating token access rules against request {{(pid=69574) validate_allowed_request /opt/stack/data/venv/lib/python3.10/site-packages/keystonemiddleware/auth_token/__init__.py:544}}
Aug 21 07:48:09 ubuntu devstack@keystone.service[69574]: DEBUG keystone.server.flask.request_processing.middleware.auth_context [None req-6c12821e-6eb7-4aeb-b9c8-583e15f58427 None admin] RBAC: auth_context: {'token': <TokenModel (audit_id=AGeVP_GqS4SgdIXmu8UyFQ, audit_chain_id=['AGeVP_GqS4SgdIXmu8UyFQ']) at 0x7f96ecf475b0>, 'domain_id': None, 'trust_id': None, 'trustor_id': None, 'trustee_id': None, 'domain_name': None, 'group_ids': [], 'user_id': '390e3a98cad14817b2989215c2358019', 'user_domain_id': 'default', 'system_scope': 'all', 'project_id': None, 'project_domain_id': None, 'roles': ['admin', 'manager', 'member', 'reader'], 'is_admin_project': True, 'service_user_id': None, 'service_user_domain_id': None, 'service_project_id': None, 'service_project_domain_id': None, 'service_roles': []} {{(pid=69574) fill_context /opt/stack/keystone/keystone/server/flask/request_processing/middleware/auth_context.py:511}}
Aug 21 07:48:09 ubuntu devstack@keystone.service[69574]: DEBUG keystone.server.flask.request_processing.req_logging [None req-6c12821e-6eb7-4aeb-b9c8-583e15f58427 None admin] REQUEST_METHOD: `GET` {{(pid=69574) log_request_info /opt/stack/keystone/keystone/server/flask/request_processing/req_logging.py:27}}
Aug 21 07:48:09 ubuntu devstack@keystone.service[69574]: DEBUG keystone.server.flask.request_processing.req_logging [None req-6c12821e-6eb7-4aeb-b9c8-583e15f58427 None admin] SCRIPT_NAME: `/identity` {{(pid=69574) log_request_info /opt/stack/keystone/keystone/server/flask/request_processing/req_logging.py:28}}
Aug 21 07:48:09 ubuntu devstack@keystone.service[69574]: DEBUG keystone.server.flask.request_processing.req_logging [None req-6c12821e-6eb7-4aeb-b9c8-583e15f58427 None admin] PATH_INFO: `/v3/roles` {{(pid=69574) log_request_info /opt/stack/keystone/keystone/server/flask/request_processing/req_logging.py:29}}
Aug 21 07:48:09 ubuntu devstack@keystone.service[69574]: DEBUG keystone.common.rbac_enforcer.enforcer [None req-6c12821e-6eb7-4aeb-b9c8-583e15f58427 None admin] RBAC: Adding query filter params (name=admin) {{(pid=69574) _extract_filter_values /opt/stack/keystone/keystone/common/rbac_enforcer/enforcer.py:185}}
Aug 21 07:48:09 ubuntu devstack@keystone.service[69574]: DEBUG keystone.common.rbac_enforcer.enforcer [None req-6c12821e-6eb7-4aeb-b9c8-583e15f58427 None admin] RBAC: Authorizing `identity:list_roles()` {{(pid=69574) enforce_call /opt/stack/keystone/keystone/common/rbac_enforcer/enforcer.py:504}}
