Jan 07 09:21:44 ubuntu devstack@keystone.service[68845]: DEBUG keystone.server.flask.common [-] Adding resource routes to API users: ['/users/<string:user_id>/application_credentials/<string:application_credential_id>' {}] {{(pid=68845) _add_mapped_resources /opt/stack/keystone/keystone/server/flask/common.py:483}}
Jan 07 09:21:44 ubuntu devstack@keystone.service[68845]: DEBUG keystone.server.flask.common [-] Adding resource routes to API users: ['/users/<string:user_id>/access_rules' {}] {{(pid=68845) _add_mapped_resources /opt/stack/keystone/keystone/server/flask/common.py:483}}
Jan 07 09:21:44 ubuntu devstack@keystone.service[68845]: DEBUG keystone.server.flask.common [-] Adding resource routes to API users: ['/users/<string:user_id>/access_rules/<string:access_rule_id>' {}] {{(pid=68845) _add_mapped_resources /opt/stack/keystone/keystone/server/flask/common.py:483}}
Jan 07 09:21:44 ubuntu devstack@keystone.service[68844]: [pid: 68844|app: 0|req: 1/1] 10.201.5.82 () {50 vars in 783 bytes} [Tue Jan  7 09:21:44 2025] GET /identity/v3/ => generated 255 bytes in 3 msecs (HTTP/1.1 200) 5 headers in 177 bytes (1 switches on core 0)
Jan 07 09:21:44 ubuntu devstack@keystone.service[68845]: WSGI app 0 (mountpoint='') ready in 2 seconds on interpreter 0x557d73551d40 pid: 68845 (default app)
Jan 07 09:21:49 ubuntu devstack@keystone.service[68844]: DEBUG keystone.server.flask.request_processing.req_logging [None req-055fd8cf-b4b6-4f48-b579-bd1cc4187ce4 None None] REQUEST_METHOD: `GET` {{(pid=68844) log_request_info /opt/stack/keystone/keystone/server/flask/request_processing/req_logging.py:26}}
Jan 07 09:21:49 ubuntu devstack@keystone.service[68844]: DEBUG keystone.server.flask.request_processing.req_logging [None req-055fd8cf-b4b6-4f48-b579-bd1cc4187ce4 None None] SCRIPT_NAME: `/identity` {{(pid=68844) log_request_info /opt/stack/keystone/keystone/server/flask/request_processing/req_logging.py:27}}
Jan 07 09:21:49 ubuntu devstack@keystone.service[68844]: DEBUG keystone.server.flask.request_processing.req_logging [None req-055fd8cf-b4b6-4f48-b579-bd1cc4187ce4 None None] PATH_INFO: `/` {{(pid=68844) log_request_info /opt/stack/keystone/keystone/server/flask/request_processing/req_logging.py:28}}
Jan 07 09:21:49 ubuntu devstack@keystone.service[68844]: [pid: 68844|app: 0|req: 2/2] 10.201.5.82 () {54 vars in 918 bytes} [Tue Jan  7 09:21:49 2025] GET /identity => generated 270 bytes in 4 msecs (HTTP/1.1 300) 6 headers in 234 bytes (1 switches on core 0)
Jan 07 09:21:49 ubuntu devstack@keystone.service[68845]: DEBUG keystone.server.flask.request_processing.req_logging [None req-0f6b37ad-3065-4110-9321-f7a7c868d62d None None] REQUEST_METHOD: `POST` {{(pid=68845) log_request_info /opt/stack/keystone/keystone/server/flask/request_processing/req_logging.py:26}}
Jan 07 09:21:49 ubuntu devstack@keystone.service[68845]: DEBUG keystone.server.flask.request_processing.req_logging [None req-0f6b37ad-3065-4110-9321-f7a7c868d62d None None] SCRIPT_NAME: `/identity` {{(pid=68845) log_request_info /opt/stack/keystone/keystone/server/flask/request_processing/req_logging.py:27}}
Jan 07 09:21:49 ubuntu devstack@keystone.service[68845]: DEBUG keystone.server.flask.request_processing.req_logging [None req-0f6b37ad-3065-4110-9321-f7a7c868d62d None None] PATH_INFO: `/v3/auth/tokens` {{(pid=68845) log_request_info /opt/stack/keystone/keystone/server/flask/request_processing/req_logging.py:28}}
Jan 07 09:21:49 ubuntu devstack@keystone.service[68845]: INFO dbcounter [None req-0f6b37ad-3065-4110-9321-f7a7c868d62d None None] Registered counter for database keystone
Jan 07 09:21:49 ubuntu devstack@keystone.service[68845]: DEBUG oslo_db.sqlalchemy.engines [None req-0f6b37ad-3065-4110-9321-f7a7c868d62d None None] MySQL server mode set to STRICT_TRANS_TABLES,STRICT_ALL_TABLES,NO_ZERO_IN_DATE,NO_ZERO_DATE,ERROR_FOR_DIVISION_BY_ZERO,TRADITIONAL,NO_ENGINE_SUBSTITUTION {{(pid=68845) _check_effective_sql_mode /opt/stack/data/venv/lib/python3.10/site-packages/oslo_db/sqlalchemy/engines.py:395}}
Jan 07 09:21:49 ubuntu devstack@keystone.service[68845]: DEBUG dbcounter [-] [68845] Writer thread running {{(pid=68845) stat_writer /opt/stack/data/venv/lib/python3.10/site-packages/dbcounter.py:102}}
Jan 07 09:21:49 ubuntu devstack@keystone.service[68845]: WARNING keystone.common.password_hashing [None req-0f6b37ad-3065-4110-9321-f7a7c868d62d None None] Truncating password to algorithm specific maximum length 72 characters.
Jan 07 09:21:49 ubuntu devstack@keystone.service[68845]: DEBUG keystone.auth.core [None req-0f6b37ad-3065-4110-9321-f7a7c868d62d None None] MFA Rules not processed for user `4c8e89e4d0d64658a6559b02016fa43a`. Rule list: `[]` (Enabled: `True`). {{(pid=68845) check_auth_methods_against_rules /opt/stack/keystone/keystone/auth/core.py:476}}
Jan 07 09:21:49 ubuntu devstack@keystone.service[68845]: DEBUG keystone.common.fernet_utils [None req-0f6b37ad-3065-4110-9321-f7a7c868d62d None None] Loaded 2 Fernet keys from /etc/keystone/fernet-keys/, but `[fernet_tokens] max_active_keys = 3`; perhaps there have not been enough key rotations to reach `max_active_keys` yet? {{(pid=68845) load_keys /opt/stack/keystone/keystone/common/fernet_utils.py:297}}
Jan 07 09:21:49 ubuntu devstack@keystone.service[68845]: [pid: 68845|app: 0|req: 1/3] 10.201.5.82 () {58 vars in 1015 bytes} [Tue Jan  7 09:21:49 2025] POST /identity/v3/auth/tokens => generated 977 bytes in 269 msecs (HTTP/1.1 201) 6 headers in 384 bytes (1 switches on core 0)
Jan 07 09:21:49 ubuntu devstack@keystone.service[68844]: DEBUG keystone.server.flask.request_processing.middleware.auth_context [None req-055fd8cf-b4b6-4f48-b579-bd1cc4187ce4 None None] Authenticating user token {{(pid=68844) process_request /opt/stack/data/venv/lib/python3.10/site-packages/keystonemiddleware/auth_token/__init__.py:406}}
Jan 07 09:21:49 ubuntu devstack@keystone.service[68844]: INFO dbcounter [None req-055fd8cf-b4b6-4f48-b579-bd1cc4187ce4 None None] Registered counter for database keystone
Jan 07 09:21:49 ubuntu devstack@keystone.service[68844]: DEBUG oslo_db.sqlalchemy.engines [None req-055fd8cf-b4b6-4f48-b579-bd1cc4187ce4 None None] MySQL server mode set to STRICT_TRANS_TABLES,STRICT_ALL_TABLES,NO_ZERO_IN_DATE,NO_ZERO_DATE,ERROR_FOR_DIVISION_BY_ZERO,TRADITIONAL,NO_ENGINE_SUBSTITUTION {{(pid=68844) _check_effective_sql_mode /opt/stack/data/venv/lib/python3.10/site-packages/oslo_db/sqlalchemy/engines.py:395}}
Jan 07 09:21:49 ubuntu devstack@keystone.service[68844]: DEBUG dbcounter [-] [68844] Writer thread running {{(pid=68844) stat_writer /opt/stack/data/venv/lib/python3.10/site-packages/dbcounter.py:102}}
Jan 07 09:21:49 ubuntu devstack@keystone.service[68844]: DEBUG keystone.server.flask.request_processing.middleware.auth_context [None req-055fd8cf-b4b6-4f48-b579-bd1cc4187ce4 None None] Validating token access rules against request {{(pid=68844) validate_allowed_request /opt/stack/data/venv/lib/python3.10/site-packages/keystonemiddleware/auth_token/__init__.py:544}}
Jan 07 09:21:49 ubuntu devstack@keystone.service[68844]: DEBUG keystone.server.flask.request_processing.middleware.auth_context [None req-75ef278e-2874-407a-9aca-78b570b43b02 admin admin] RBAC: auth_context: {'token': <TokenModel (audit_id=5fbhCzmxT32bQx_SEO_Euw, audit_chain_id=['5fbhCzmxT32bQx_SEO_Euw']) at 0x7fda653fabf0>, 'domain_id': None, 'trust_id': None, 'trustor_id': None, 'trustee_id': None, 'domain_name': None, 'group_ids': [], 'user_id': '4c8e89e4d0d64658a6559b02016fa43a', 'user_domain_id': 'default', 'system_scope': None, 'project_id': '842a30242e8f46848ae1f6b8d5fc9a9e', 'project_domain_id': 'default', 'roles': ['admin', 'manager', 'reader', 'member'], 'is_admin_project': True, 'service_user_id': None, 'service_user_domain_id': None, 'service_project_id': None, 'service_project_domain_id': None, 'service_roles': []} {{(pid=68844) fill_context /opt/stack/keystone/keystone/server/flask/request_processing/middleware/auth_context.py:506}}
Jan 07 09:21:49 ubuntu devstack@keystone.service[68844]: DEBUG keystone.server.flask.request_processing.req_logging [None req-75ef278e-2874-407a-9aca-78b570b43b02 admin admin] REQUEST_METHOD: `GET` {{(pid=68844) log_request_info /opt/stack/keystone/keystone/server/flask/request_processing/req_logging.py:26}}
Jan 07 09:21:49 ubuntu devstack@keystone.service[68844]: DEBUG keystone.server.flask.request_processing.req_logging [None req-75ef278e-2874-407a-9aca-78b570b43b02 admin admin] SCRIPT_NAME: `/identity` {{(pid=68844) log_request_info /opt/stack/keystone/keystone/server/flask/request_processing/req_logging.py:27}}
Jan 07 09:21:49 ubuntu devstack@keystone.service[68844]: DEBUG keystone.server.flask.request_processing.req_logging [None req-75ef278e-2874-407a-9aca-78b570b43b02 admin admin] PATH_INFO: `/v3/auth/tokens` {{(pid=68844) log_request_info /opt/stack/keystone/keystone/server/flask/request_processing/req_logging.py:28}}
Jan 07 09:21:49 ubuntu devstack@keystone.service[68844]: DEBUG keystone.common.rbac_enforcer.enforcer [None req-75ef278e-2874-407a-9aca-78b570b43b02 admin admin] RBAC: Authorizing `identity:validate_token()` {{(pid=68844) enforce_call /opt/stack/keystone/keystone/common/rbac_enforcer/enforcer.py:495}}
Jan 07 09:21:49 ubuntu devstack@keystone.service[68844]: WARNING keystone.common.rbac_enforcer.enforcer [None req-75ef278e-2874-407a-9aca-78b570b43b02 admin admin] Deprecated policy rules found. Use oslopolicy-policy-generator and oslopolicy-policy-upgrade to detect and resolve deprecated policies in your configuration.
Jan 07 09:21:49 ubuntu devstack@keystone.service[68844]: DEBUG keystone.common.rbac_enforcer.enforcer [None req-75ef278e-2874-407a-9aca-78b570b43b02 admin admin] RBAC: Authorization granted {{(pid=68844) enforce_call /opt/stack/keystone/keystone/common/rbac_enforcer/enforcer.py:506}}
Jan 07 09:21:49 ubuntu devstack@keystone.service[68844]: [pid: 68844|app: 0|req: 3/4] 10.201.5.82 () {58 vars in 1316 bytes} [Tue Jan  7 09:21:49 2025] GET /identity/v3/auth/tokens => generated 977 bytes in 171 msecs (HTTP/1.1 200) 6 headers in 379 bytes (1 switches on core 0)
Jan 07 09:21:49 ubuntu devstack@keystone.service[68845]: DEBUG keystone.server.flask.request_processing.middleware.auth_context [None req-0f6b37ad-3065-4110-9321-f7a7c868d62d None None] Authenticating user token {{(pid=68845) process_request /opt/stack/data/venv/lib/python3.10/site-packages/keystonemiddleware/auth_token/__init__.py:406}}
Jan 07 09:21:49 ubuntu devstack@keystone.service[68845]: DEBUG keystone.server.flask.request_processing.middleware.auth_context [None req-0f6b37ad-3065-4110-9321-f7a7c868d62d None None] Validating token access rules against request {{(pid=68845) validate_allowed_request /opt/stack/data/venv/lib/python3.10/site-packages/keystonemiddleware/auth_token/__init__.py:544}}
Jan 07 09:21:49 ubuntu devstack@keystone.service[68845]: DEBUG keystone.server.flask.request_processing.middleware.auth_context [None req-16c795d9-5500-419d-a406-6cbc080587ac admin admin] RBAC: auth_context: {'token': <TokenModel (audit_id=5fbhCzmxT32bQx_SEO_Euw, audit_chain_id=['5fbhCzmxT32bQx_SEO_Euw']) at 0x7fda653ee440>, 'domain_id': None, 'trust_id': None, 'trustor_id': None, 'trustee_id': None, 'domain_name': None, 'group_ids': [], 'user_id': '4c8e89e4d0d64658a6559b02016fa43a', 'user_domain_id': 'default', 'system_scope': None, 'project_id': '842a30242e8f46848ae1f6b8d5fc9a9e', 'project_domain_id': 'default', 'roles': ['admin', 'manager', 'reader', 'member'], 'is_admin_project': True, 'service_user_id': None, 'service_user_domain_id': None, 'service_project_id': None, 'service_project_domain_id': None, 'service_roles': []} {{(pid=68845) fill_context /opt/stack/keystone/keystone/server/flask/request_processing/middleware/auth_context.py:506}}
Jan 07 09:21:49 ubuntu devstack@keystone.service[68845]: DEBUG keystone.server.flask.request_processing.req_logging [None req-16c795d9-5500-419d-a406-6cbc080587ac admin admin] REQUEST_METHOD: `GET` {{(pid=68845) log_request_info /opt/stack/keystone/keystone/server/flask/request_processing/req_logging.py:26}}
Jan 07 09:21:49 ubuntu devstack@keystone.service[68845]: DEBUG keystone.server.flask.request_processing.req_logging [None req-16c795d9-5500-419d-a406-6cbc080587ac admin admin] SCRIPT_NAME: `/identity` {{(pid=68845) log_request_info /opt/stack/keystone/keystone/server/flask/request_processing/req_logging.py:27}}
Jan 07 09:21:49 ubuntu devstack@keystone.service[68845]: DEBUG keystone.server.flask.request_processing.req_logging [None req-16c795d9-5500-419d-a406-6cbc080587ac admin admin] PATH_INFO: `/v3/projects/842a30242e8f46848ae1f6b8d5fc9a9e` {{(pid=68845) log_request_info /opt/stack/keystone/keystone/server/flask/request_processing/req_logging.py:28}}
Jan 07 09:21:49 ubuntu devstack@keystone.service[68845]: DEBUG keystone.common.rbac_enforcer.enforcer [None req-16c795d9-5500-419d-a406-6cbc080587ac admin admin] RBAC: Authorizing `identity:get_project(project_id=842a30242e8f46848ae1f6b8d5fc9a9e)` {{(pid=68845) enforce_call /opt/stack/keystone/keystone/common/rbac_enforcer/enforcer.py:495}}
Jan 07 09:21:49 ubuntu devstack@keystone.service[68845]: WARNING keystone.common.rbac_enforcer.enforcer [None req-16c795d9-5500-419d-a406-6cbc080587ac admin admin] Deprecated policy rules found. Use oslopolicy-policy-generator and oslopolicy-policy-upgrade to detect and resolve deprecated policies in your configuration.
Jan 07 09:21:49 ubuntu devstack@keystone.service[68845]: DEBUG keystone.common.rbac_enforcer.enforcer [None req-16c795d9-5500-419d-a406-6cbc080587ac admin admin] RBAC: Authorization granted {{(pid=68845) enforce_call /opt/stack/keystone/keystone/common/rbac_enforcer/enforcer.py:506}}
Jan 07 09:21:49 ubuntu devstack@keystone.service[68845]: [pid: 68845|app: 0|req: 2/5] 10.201.5.82 () {56 vars in 1199 bytes} [Tue Jan  7 09:21:49 2025] GET /identity/v3/projects/842a30242e8f46848ae1f6b8d5fc9a9e => generated 344 bytes in 37 msecs (HTTP/1.1 200) 5 headers in 177 bytes (1 switches on core 0)
Jan 07 09:21:50 ubuntu devstack@keystone.service[68844]: DEBUG keystone.server.flask.request_processing.req_logging [None req-76219efc-ee21-4af6-8f29-615deb19c8e8 None None] REQUEST_METHOD: `GET` {{(pid=68844) log_request_info /opt/stack/keystone/keystone/server/flask/request_processing/req_logging.py:26}}
Jan 07 09:21:50 ubuntu devstack@keystone.service[68844]: DEBUG keystone.server.flask.request_processing.req_logging [None req-76219efc-ee21-4af6-8f29-615deb19c8e8 None None] SCRIPT_NAME: `/identity` {{(pid=68844) log_request_info /opt/stack/keystone/keystone/server/flask/request_processing/req_logging.py:27}}
Jan 07 09:21:50 ubuntu devstack@keystone.service[68844]: DEBUG keystone.server.flask.request_processing.req_logging [None req-76219efc-ee21-4af6-8f29-615deb19c8e8 None None] PATH_INFO: `/` {{(pid=68844) log_request_info /opt/stack/keystone/keystone/server/flask/request_processing/req_logging.py:28}}
Jan 07 09:21:50 ubuntu devstack@keystone.service[68844]: [pid: 68844|app: 0|req: 4/6] 10.201.5.82 () {54 vars in 918 bytes} [Tue Jan  7 09:21:50 2025] GET /identity => generated 270 bytes in 5 msecs (HTTP/1.1 300) 6 headers in 234 bytes (1 switches on core 0)
Jan 07 09:21:50 ubuntu devstack@keystone.service[68845]: DEBUG keystone.server.flask.request_processing.req_logging [None req-4b8c9811-510c-4966-a220-5ab6d0dec8dc None None] REQUEST_METHOD: `POST` {{(pid=68845) log_request_info /opt/stack/keystone/keystone/server/flask/request_processing/req_logging.py:26}}
Jan 07 09:21:50 ubuntu devstack@keystone.service[68845]: DEBUG keystone.server.flask.request_processing.req_logging [None req-4b8c9811-510c-4966-a220-5ab6d0dec8dc None None] SCRIPT_NAME: `/identity` {{(pid=68845) log_request_info /opt/stack/keystone/keystone/server/flask/request_processing/req_logging.py:27}}
Jan 07 09:21:50 ubuntu devstack@keystone.service[68845]: DEBUG keystone.server.flask.request_processing.req_logging [None req-4b8c9811-510c-4966-a220-5ab6d0dec8dc None None] PATH_INFO: `/v3/auth/tokens` {{(pid=68845) log_request_info /opt/stack/keystone/keystone/server/flask/request_processing/req_logging.py:28}}
Jan 07 09:21:50 ubuntu devstack@keystone.service[68845]: WARNING keystone.common.password_hashing [None req-4b8c9811-510c-4966-a220-5ab6d0dec8dc None None] Truncating password to algorithm specific maximum length 72 characters.
Jan 07 09:21:50 ubuntu devstack@keystone.service[68845]: DEBUG keystone.auth.core [None req-4b8c9811-510c-4966-a220-5ab6d0dec8dc None None] MFA Rules not processed for user `4c8e89e4d0d64658a6559b02016fa43a`. Rule list: `[]` (Enabled: `True`). {{(pid=68845) check_auth_methods_against_rules /opt/stack/keystone/keystone/auth/core.py:476}}
Jan 07 09:21:50 ubuntu devstack@keystone.service[68845]: DEBUG keystone.common.fernet_utils [None req-4b8c9811-510c-4966-a220-5ab6d0dec8dc None None] Loaded 2 Fernet keys from /etc/keystone/fernet-keys/, but `[fernet_tokens] max_active_keys = 3`; perhaps there have not been enough key rotations to reach `max_active_keys` yet? {{(pid=68845) load_keys /opt/stack/keystone/keystone/common/fernet_utils.py:297}}
Jan 07 09:21:50 ubuntu devstack@keystone.service[68845]: [pid: 68845|app: 0|req: 3/7] 10.201.5.82 () {58 vars in 1015 bytes} [Tue Jan  7 09:21:50 2025] POST /identity/v3/auth/tokens => generated 977 bytes in 37 msecs (HTTP/1.1 201) 6 headers in 384 bytes (1 switches on core 0)
Jan 07 09:21:50 ubuntu devstack@keystone.service[68844]: DEBUG keystone.server.flask.request_processing.middleware.auth_context [None req-76219efc-ee21-4af6-8f29-615deb19c8e8 None None] Authenticating user token {{(pid=68844) process_request /opt/stack/data/venv/lib/python3.10/site-packages/keystonemiddleware/auth_token/__init__.py:406}}
Jan 07 09:21:50 ubuntu devstack@keystone.service[68844]: DEBUG keystone.server.flask.request_processing.middleware.auth_context [None req-76219efc-ee21-4af6-8f29-615deb19c8e8 None None] Validating token access rules against request {{(pid=68844) validate_allowed_request /opt/stack/data/venv/lib/python3.10/site-packages/keystonemiddleware/auth_token/__init__.py:544}}
Jan 07 09:21:50 ubuntu devstack@keystone.service[68844]: DEBUG keystone.server.flask.request_processing.middleware.auth_context [None req-26301615-f829-47bd-9276-6aac645cb2b7 admin admin] RBAC: auth_context: {'token': <TokenModel (audit_id=VW37xX2ZSn6hMN1MtLFI1Q, audit_chain_id=['VW37xX2ZSn6hMN1MtLFI1Q']) at 0x7fda647bb430>, 'domain_id': None, 'trust_id': None, 'trustor_id': None, 'trustee_id': None, 'domain_name': None, 'group_ids': [], 'user_id': '4c8e89e4d0d64658a6559b02016fa43a', 'user_domain_id': 'default', 'system_scope': None, 'project_id': '842a30242e8f46848ae1f6b8d5fc9a9e', 'project_domain_id': 'default', 'roles': ['admin', 'manager', 'reader', 'member'], 'is_admin_project': True, 'service_user_id': None, 'service_user_domain_id': None, 'service_project_id': None, 'service_project_domain_id': None, 'service_roles': []} {{(pid=68844) fill_context /opt/stack/keystone/keystone/server/flask/request_processing/middleware/auth_context.py:506}}
Jan 07 09:21:50 ubuntu devstack@keystone.service[68844]: DEBUG keystone.server.flask.request_processing.req_logging [None req-26301615-f829-47bd-9276-6aac645cb2b7 admin admin] REQUEST_METHOD: `GET` {{(pid=68844) log_request_info /opt/stack/keystone/keystone/server/flask/request_processing/req_logging.py:26}}
Jan 07 09:21:50 ubuntu devstack@keystone.service[68844]: DEBUG keystone.server.flask.request_processing.req_logging [None req-26301615-f829-47bd-9276-6aac645cb2b7 admin admin] SCRIPT_NAME: `/identity` {{(pid=68844) log_request_info /opt/stack/keystone/keystone/server/flask/request_processing/req_logging.py:27}}
Jan 07 09:21:50 ubuntu devstack@keystone.service[68844]: DEBUG keystone.server.flask.request_processing.req_logging [None req-26301615-f829-47bd-9276-6aac645cb2b7 admin admin] PATH_INFO: `/v3/users/admin` {{(pid=68844) log_request_info /opt/stack/keystone/keystone/server/flask/request_processing/req_logging.py:28}}
Jan 07 09:21:50 ubuntu devstack@keystone.service[68844]: DEBUG keystone.common.rbac_enforcer.enforcer [None req-26301615-f829-47bd-9276-6aac645cb2b7 admin admin] RBAC: Authorizing `identity:get_user(user_id=admin)` {{(pid=68844) enforce_call /opt/stack/keystone/keystone/common/rbac_enforcer/enforcer.py:495}}
Jan 07 09:21:50 ubuntu devstack@keystone.service[68844]: DEBUG keystone.common.rbac_enforcer.enforcer [None req-26301615-f829-47bd-9276-6aac645cb2b7 admin admin] RBAC: Authorization granted {{(pid=68844) enforce_call /opt/stack/keystone/keystone/common/rbac_enforcer/enforcer.py:506}}
Jan 07 09:21:50 ubuntu devstack@keystone.service[68844]: DEBUG keystone.server.flask.application [None req-26301615-f829-47bd-9276-6aac645cb2b7 admin admin] Could not find user: admin. {{(pid=68844) _handle_keystone_exception /opt/stack/keystone/keystone/server/flask/application.py:152}}
Jan 07 09:21:50 ubuntu devstack@keystone.service[68844]: [pid: 68844|app: 0|req: 5/8] 10.201.5.82 () {56 vars in 1152 bytes} [Tue Jan  7 09:21:50 2025] GET /identity/v3/users/admin => generated 83 bytes in 42 msecs (HTTP/1.1 404) 5 headers in 183 bytes (1 switches on core 0)
Jan 07 09:21:50 ubuntu devstack@keystone.service[68845]: DEBUG keystone.server.flask.request_processing.middleware.auth_context [None req-4b8c9811-510c-4966-a220-5ab6d0dec8dc None None] Authenticating user token {{(pid=68845) process_request /opt/stack/data/venv/lib/python3.10/site-packages/keystonemiddleware/auth_token/__init__.py:406}}
Jan 07 09:21:50 ubuntu devstack@keystone.service[68845]: DEBUG keystone.server.flask.request_processing.middleware.auth_context [None req-4b8c9811-510c-4966-a220-5ab6d0dec8dc None None] Validating token access rules against request {{(pid=68845) validate_allowed_request /opt/stack/data/venv/lib/python3.10/site-packages/keystonemiddleware/auth_token/__init__.py:544}}
Jan 07 09:21:50 ubuntu devstack@keystone.service[68845]: DEBUG keystone.server.flask.request_processing.middleware.auth_context [None req-eac768d9-2c41-4eff-a293-b060595e3b69 admin admin] RBAC: auth_context: {'token': <TokenModel (audit_id=VW37xX2ZSn6hMN1MtLFI1Q, audit_chain_id=['VW37xX2ZSn6hMN1MtLFI1Q']) at 0x7fda64804b20>, 'domain_id': None, 'trust_id': None, 'trustor_id': None, 'trustee_id': None, 'domain_name': None, 'group_ids': [], 'user_id': '4c8e89e4d0d64658a6559b02016fa43a', 'user_domain_id': 'default', 'system_scope': None, 'project_id': '842a30242e8f46848ae1f6b8d5fc9a9e', 'project_domain_id': 'default', 'roles': ['admin', 'manager', 'reader', 'member'], 'is_admin_project': True, 'service_user_id': None, 'service_user_domain_id': None, 'service_project_id': None, 'service_project_domain_id': None, 'service_roles': []} {{(pid=68845) fill_context /opt/stack/keystone/keystone/server/flask/request_processing/middleware/auth_context.py:506}}
Jan 07 09:21:50 ubuntu devstack@keystone.service[68845]: DEBUG keystone.server.flask.request_processing.req_logging [None req-eac768d9-2c41-4eff-a293-b060595e3b69 admin admin] REQUEST_METHOD: `GET` {{(pid=68845) log_request_info /opt/stack/keystone/keystone/server/flask/request_processing/req_logging.py:26}}
Jan 07 09:21:50 ubuntu devstack@keystone.service[68845]: DEBUG keystone.server.flask.request_processing.req_logging [None req-eac768d9-2c41-4eff-a293-b060595e3b69 admin admin] SCRIPT_NAME: `/identity` {{(pid=68845) log_request_info /opt/stack/keystone/keystone/server/flask/request_processing/req_logging.py:27}}
Jan 07 09:21:50 ubuntu devstack@keystone.service[68845]: DEBUG keystone.server.flask.request_processing.req_logging [None req-eac768d9-2c41-4eff-a293-b060595e3b69 admin admin] PATH_INFO: `/v3/users` {{(pid=68845) log_request_info /opt/stack/keystone/keystone/server/flask/request_processing/req_logging.py:28}}
Jan 07 09:21:50 ubuntu devstack@keystone.service[68845]: DEBUG keystone.common.rbac_enforcer.enforcer [None req-eac768d9-2c41-4eff-a293-b060595e3b69 admin admin] RBAC: Adding query filter params (name=admin) {{(pid=68845) _extract_filter_values /opt/stack/keystone/keystone/common/rbac_enforcer/enforcer.py:176}}
Jan 07 09:21:50 ubuntu devstack@keystone.service[68845]: DEBUG keystone.common.rbac_enforcer.enforcer [None req-eac768d9-2c41-4eff-a293-b060595e3b69 admin admin] RBAC: Authorizing `identity:list_users()` {{(pid=68845) enforce_call /opt/stack/keystone/keystone/common/rbac_enforcer/enforcer.py:495}}
Jan 07 09:21:50 ubuntu devstack@keystone.service[68845]: DEBUG keystone.common.rbac_enforcer.enforcer [None req-eac768d9-2c41-4eff-a293-b060595e3b69 admin admin] RBAC: Authorization granted {{(pid=68845) enforce_call /opt/stack/keystone/keystone/common/rbac_enforcer/enforcer.py:506}}
Jan 07 09:21:50 ubuntu devstack@keystone.service[68845]: [pid: 68845|app: 0|req: 4/9] 10.201.5.82 () {56 vars in 1168 bytes} [Tue Jan  7 09:21:50 2025] GET /identity/v3/users?name=admin => generated 352 bytes in 41 msecs (HTTP/1.1 200) 5 headers in 177 bytes (1 switches on core 0)
Jan 07 09:21:52 ubuntu devstack@keystone.service[68844]: DEBUG keystone.server.flask.request_processing.req_logging [None req-1683455b-507d-48dc-9f7b-fd4e5049a2f3 None None] REQUEST_METHOD: `GET` {{(pid=68844) log_request_info /opt/stack/keystone/keystone/server/flask/request_processing/req_logging.py:26}}
Jan 07 09:21:52 ubuntu devstack@keystone.service[68844]: DEBUG keystone.server.flask.request_processing.req_logging [None req-1683455b-507d-48dc-9f7b-fd4e5049a2f3 None None] SCRIPT_NAME: `/identity` {{(pid=68844) log_request_info /opt/stack/keystone/keystone/server/flask/request_processing/req_logging.py:27}}
Jan 07 09:21:52 ubuntu devstack@keystone.service[68844]: DEBUG keystone.server.flask.request_processing.req_logging [None req-1683455b-507d-48dc-9f7b-fd4e5049a2f3 None None] PATH_INFO: `/` {{(pid=68844) log_request_info /opt/stack/keystone/keystone/server/flask/request_processing/req_logging.py:28}}
Jan 07 09:21:52 ubuntu devstack@keystone.service[68844]: [pid: 68844|app: 0|req: 6/10] 10.201.5.82 () {54 vars in 918 bytes} [Tue Jan  7 09:21:52 2025] GET /identity => generated 270 bytes in 1 msecs (HTTP/1.1 300) 6 headers in 234 bytes (2 switches on core 0)
Jan 07 09:21:52 ubuntu devstack@keystone.service[68845]: DEBUG keystone.server.flask.request_processing.req_logging [None req-62fe4093-2fa3-422d-9ade-8aa99313eb88 None None] REQUEST_METHOD: `POST` {{(pid=68845) log_request_info /opt/stack/keystone/keystone/server/flask/request_processing/req_logging.py:26}}
Jan 07 09:21:52 ubuntu devstack@keystone.service[68845]: DEBUG keystone.server.flask.request_processing.req_logging [None req-62fe4093-2fa3-422d-9ade-8aa99313eb88 None None] SCRIPT_NAME: `/identity` {{(pid=68845) log_request_info /opt/stack/keystone/keystone/server/flask/request_processing/req_logging.py:27}}
Jan 07 09:21:52 ubuntu devstack@keystone.service[68845]: DEBUG keystone.server.flask.request_processing.req_logging [None req-62fe4093-2fa3-422d-9ade-8aa99313eb88 None None] PATH_INFO: `/v3/auth/tokens` {{(pid=68845) log_request_info /opt/stack/keystone/keystone/server/flask/request_processing/req_logging.py:28}}
Jan 07 09:21:52 ubuntu devstack@keystone.service[68845]: WARNING keystone.common.password_hashing [None req-62fe4093-2fa3-422d-9ade-8aa99313eb88 None None] Truncating password to algorithm specific maximum length 72 characters.
Jan 07 09:21:52 ubuntu devstack@keystone.service[68845]: DEBUG keystone.auth.core [None req-62fe4093-2fa3-422d-9ade-8aa99313eb88 None None] MFA Rules not processed for user `4c8e89e4d0d64658a6559b02016fa43a`. Rule list: `[]` (Enabled: `True`). {{(pid=68845) check_auth_methods_against_rules /opt/stack/keystone/keystone/auth/core.py:476}}
Jan 07 09:21:52 ubuntu devstack@keystone.service[68845]: DEBUG keystone.common.fernet_utils [None req-62fe4093-2fa3-422d-9ade-8aa99313eb88 None None] Loaded 2 Fernet keys from /etc/keystone/fernet-keys/, but `[fernet_tokens] max_active_keys = 3`; perhaps there have not been enough key rotations to reach `max_active_keys` yet? {{(pid=68845) load_keys /opt/stack/keystone/keystone/common/fernet_utils.py:297}}
Jan 07 09:21:52 ubuntu devstack@keystone.service[68844]: DEBUG keystone.server.flask.request_processing.req_logging [None req-ca9af979-c904-4af5-bffa-8ebc98b5bfba None None] REQUEST_METHOD: `GET` {{(pid=68844) log_request_info /opt/stack/keystone/keystone/server/flask/request_processing/req_logging.py:26}}
Jan 07 09:21:52 ubuntu devstack@keystone.service[68844]: DEBUG keystone.server.flask.request_processing.req_logging [None req-ca9af979-c904-4af5-bffa-8ebc98b5bfba None None] SCRIPT_NAME: `/identity` {{(pid=68844) log_request_info /opt/stack/keystone/keystone/server/flask/request_processing/req_logging.py:27}}
Jan 07 09:21:52 ubuntu devstack@keystone.service[68844]: DEBUG keystone.server.flask.request_processing.req_logging [None req-ca9af979-c904-4af5-bffa-8ebc98b5bfba None None] PATH_INFO: `/` {{(pid=68844) log_request_info /opt/stack/keystone/keystone/server/flask/request_processing/req_logging.py:28}}
Jan 07 09:21:52 ubuntu devstack@keystone.service[68844]: [pid: 68844|app: 0|req: 7/11] 10.201.5.82 () {54 vars in 918 bytes} [Tue Jan  7 09:21:52 2025] GET /identity => generated 270 bytes in 2 msecs (HTTP/1.1 300) 6 headers in 234 bytes (1 switches on core 0)
Jan 07 09:21:52 ubuntu devstack@keystone.service[68844]: DEBUG keystone.server.flask.request_processing.req_logging [None req-00fb53ec-063a-44f9-b9d7-20b69bd4ba90 None None] REQUEST_METHOD: `POST` {{(pid=68844) log_request_info /opt/stack/keystone/keystone/server/flask/request_processing/req_logging.py:26}}
Jan 07 09:21:52 ubuntu devstack@keystone.service[68844]: DEBUG keystone.server.flask.request_processing.req_logging [None req-00fb53ec-063a-44f9-b9d7-20b69bd4ba90 None None] SCRIPT_NAME: `/identity` {{(pid=68844) log_request_info /opt/stack/keystone/keystone/server/flask/request_processing/req_logging.py:27}}
Jan 07 09:21:52 ubuntu devstack@keystone.service[68844]: DEBUG keystone.server.flask.request_processing.req_logging [None req-00fb53ec-063a-44f9-b9d7-20b69bd4ba90 None None] PATH_INFO: `/v3/auth/tokens` {{(pid=68844) log_request_info /opt/stack/keystone/keystone/server/flask/request_processing/req_logging.py:28}}
Jan 07 09:21:52 ubuntu devstack@keystone.service[68844]: WARNING keystone.common.password_hashing [None req-00fb53ec-063a-44f9-b9d7-20b69bd4ba90 None None] Truncating password to algorithm specific maximum length 72 characters.
Jan 07 09:21:52 ubuntu devstack@keystone.service[68844]: DEBUG keystone.auth.core [None req-00fb53ec-063a-44f9-b9d7-20b69bd4ba90 None None] MFA Rules not processed for user `4c8e89e4d0d64658a6559b02016fa43a`. Rule list: `[]` (Enabled: `True`). {{(pid=68844) check_auth_methods_against_rules /opt/stack/keystone/keystone/auth/core.py:476}}
Jan 07 09:21:52 ubuntu devstack@keystone.service[68844]: DEBUG keystone.common.fernet_utils [None req-00fb53ec-063a-44f9-b9d7-20b69bd4ba90 None None] Loaded 2 Fernet keys from /etc/keystone/fernet-keys/, but `[fernet_tokens] max_active_keys = 3`; perhaps there have not been enough key rotations to reach `max_active_keys` yet? {{(pid=68844) load_keys /opt/stack/keystone/keystone/common/fernet_utils.py:297}}
Jan 07 09:21:52 ubuntu devstack@keystone.service[68845]: [pid: 68845|app: 0|req: 5/12] 10.201.5.82 () {58 vars in 1015 bytes} [Tue Jan  7 09:21:52 2025] POST /identity/v3/auth/tokens => generated 862 bytes in 80 msecs (HTTP/1.1 201) 6 headers in 363 bytes (1 switches on core 0)
Jan 07 09:21:52 ubuntu devstack@keystone.service[68844]: [pid: 68844|app: 0|req: 8/13] 10.201.5.82 () {58 vars in 1015 bytes} [Tue Jan  7 09:21:52 2025] POST /identity/v3/auth/tokens => generated 862 bytes in 91 msecs (HTTP/1.1 201) 6 headers in 363 bytes (2 switches on core 0)
Jan 07 09:21:52 ubuntu devstack@keystone.service[68845]: DEBUG keystone.server.flask.request_processing.middleware.auth_context [None req-62fe4093-2fa3-422d-9ade-8aa99313eb88 None None] Authenticating user token {{(pid=68845) process_request /opt/stack/data/venv/lib/python3.10/site-packages/keystonemiddleware/auth_token/__init__.py:406}}
Jan 07 09:21:52 ubuntu devstack@keystone.service[68845]: DEBUG keystone.server.flask.request_processing.middleware.auth_context [None req-62fe4093-2fa3-422d-9ade-8aa99313eb88 None None] Validating token access rules against request {{(pid=68845) validate_allowed_request /opt/stack/data/venv/lib/python3.10/site-packages/keystonemiddleware/auth_token/__init__.py:544}}
Jan 07 09:21:52 ubuntu devstack@keystone.service[68844]: DEBUG keystone.server.flask.request_processing.middleware.auth_context [None req-00fb53ec-063a-44f9-b9d7-20b69bd4ba90 None None] Authenticating user token {{(pid=68844) process_request /opt/stack/data/venv/lib/python3.10/site-packages/keystonemiddleware/auth_token/__init__.py:406}}
Jan 07 09:21:52 ubuntu devstack@keystone.service[68845]: DEBUG keystone.server.flask.request_processing.middleware.auth_context [None req-ecd813fd-2047-4ea5-83de-eb5e09cad267 None admin] RBAC: auth_context: {'token': <TokenModel (audit_id=WWAH4SjmTni0dcow92Ch4g, audit_chain_id=['WWAH4SjmTni0dcow92Ch4g']) at 0x7fda64807d90>, 'domain_id': None, 'trust_id': None, 'trustor_id': None, 'trustee_id': None, 'domain_name': None, 'group_ids': [], 'user_id': '4c8e89e4d0d64658a6559b02016fa43a', 'user_domain_id': 'default', 'system_scope': 'all', 'project_id': None, 'project_domain_id': None, 'roles': ['admin', 'manager', 'member', 'reader'], 'is_admin_project': True, 'service_user_id': None, 'service_user_domain_id': None, 'service_project_id': None, 'service_project_domain_id': None, 'service_roles': []} {{(pid=68845) fill_context /opt/stack/keystone/keystone/server/flask/request_processing/middleware/auth_context.py:506}}
Jan 07 09:21:52 ubuntu devstack@keystone.service[68845]: DEBUG keystone.server.flask.request_processing.req_logging [None req-ecd813fd-2047-4ea5-83de-eb5e09cad267 None admin] REQUEST_METHOD: `GET` {{(pid=68845) log_request_info /opt/stack/keystone/keystone/server/flask/request_processing/req_logging.py:26}}
Jan 07 09:21:52 ubuntu devstack@keystone.service[68845]: DEBUG keystone.server.flask.request_processing.req_logging [None req-ecd813fd-2047-4ea5-83de-eb5e09cad267 None admin] SCRIPT_NAME: `/identity` {{(pid=68845) log_request_info /opt/stack/keystone/keystone/server/flask/request_processing/req_logging.py:27}}
Jan 07 09:21:52 ubuntu devstack@keystone.service[68845]: DEBUG keystone.server.flask.request_processing.req_logging [None req-ecd813fd-2047-4ea5-83de-eb5e09cad267 None admin] PATH_INFO: `/v3/roles/admin` {{(pid=68845) log_request_info /opt/stack/keystone/keystone/server/flask/request_processing/req_logging.py:28}}
Jan 07 09:21:52 ubuntu devstack@keystone.service[68845]: DEBUG keystone.common.rbac_enforcer.enforcer [None req-ecd813fd-2047-4ea5-83de-eb5e09cad267 None admin] Extracting inferred target data resulted in "NOT FOUND (404)". {{(pid=68845) enforce_call /opt/stack/keystone/keystone/common/rbac_enforcer/enforcer.py:445}}
Jan 07 09:21:52 ubuntu devstack@keystone.service[68845]: DEBUG keystone.server.flask.application [None req-ecd813fd-2047-4ea5-83de-eb5e09cad267 None admin] Could not find role: admin. {{(pid=68845) _handle_keystone_exception /opt/stack/keystone/keystone/server/flask/application.py:152}}
Jan 07 09:21:52 ubuntu devstack@keystone.service[68845]: [pid: 68845|app: 0|req: 6/14] 10.201.5.82 () {56 vars in 1088 bytes} [Tue Jan  7 09:21:52 2025] GET /identity/v3/roles/admin => generated 83 bytes in 76 msecs (HTTP/1.1 404) 5 headers in 183 bytes (1 switches on core 0)
Jan 07 09:21:52 ubuntu devstack@keystone.service[68845]: DEBUG keystone.server.flask.request_processing.middleware.auth_context [None req-ecd813fd-2047-4ea5-83de-eb5e09cad267 None admin] Authenticating user token {{(pid=68845) process_request /opt/stack/data/venv/lib/python3.10/site-packages/keystonemiddleware/auth_token/__init__.py:406}}
Jan 07 09:21:52 ubuntu devstack@keystone.service[68844]: DEBUG keystone.server.flask.request_processing.middleware.auth_context [None req-00fb53ec-063a-44f9-b9d7-20b69bd4ba90 None None] Validating token access rules against request {{(pid=68844) validate_allowed_request /opt/stack/data/venv/lib/python3.10/site-packages/keystonemiddleware/auth_token/__init__.py:544}}
Jan 07 09:21:52 ubuntu devstack@keystone.service[68845]: DEBUG keystone.server.flask.request_processing.middleware.auth_context [None req-ecd813fd-2047-4ea5-83de-eb5e09cad267 None admin] Validating token access rules against request {{(pid=68845) validate_allowed_request /opt/stack/data/venv/lib/python3.10/site-packages/keystonemiddleware/auth_token/__init__.py:544}}
Jan 07 09:21:52 ubuntu devstack@keystone.service[68845]: DEBUG keystone.server.flask.request_processing.middleware.auth_context [None req-78b9c8aa-d674-476a-a028-be847e31c426 None admin] RBAC: auth_context: {'token': <TokenModel (audit_id=WWAH4SjmTni0dcow92Ch4g, audit_chain_id=['WWAH4SjmTni0dcow92Ch4g']) at 0x7fda645919f0>, 'domain_id': None, 'trust_id': None, 'trustor_id': None, 'trustee_id': None, 'domain_name': None, 'group_ids': [], 'user_id': '4c8e89e4d0d64658a6559b02016fa43a', 'user_domain_id': 'default', 'system_scope': 'all', 'project_id': None, 'project_domain_id': None, 'roles': ['admin', 'manager', 'member', 'reader'], 'is_admin_project': True, 'service_user_id': None, 'service_user_domain_id': None, 'service_project_id': None, 'service_project_domain_id': None, 'service_roles': []} {{(pid=68845) fill_context /opt/stack/keystone/keystone/server/flask/request_processing/middleware/auth_context.py:506}}
Jan 07 09:21:52 ubuntu devstack@keystone.service[68845]: DEBUG keystone.server.flask.request_processing.req_logging [None req-78b9c8aa-d674-476a-a028-be847e31c426 None admin] REQUEST_METHOD: `GET` {{(pid=68845) log_request_info /opt/stack/keystone/keystone/server/flask/request_processing/req_logging.py:26}}
Jan 07 09:21:52 ubuntu devstack@keystone.service[68845]: DEBUG keystone.server.flask.request_processing.req_logging [None req-78b9c8aa-d674-476a-a028-be847e31c426 None admin] SCRIPT_NAME: `/identity` {{(pid=68845) log_request_info /opt/stack/keystone/keystone/server/flask/request_processing/req_logging.py:27}}
Jan 07 09:21:52 ubuntu devstack@keystone.service[68845]: DEBUG keystone.server.flask.request_processing.req_logging [None req-78b9c8aa-d674-476a-a028-be847e31c426 None admin] PATH_INFO: `/v3/roles` {{(pid=68845) log_request_info /opt/stack/keystone/keystone/server/flask/request_processing/req_logging.py:28}}
Jan 07 09:21:52 ubuntu devstack@keystone.service[68844]: DEBUG keystone.server.flask.request_processing.middleware.auth_context [None req-f961ec42-bcad-47c1-aeb5-60c52072867a None admin] RBAC: auth_context: {'token': <TokenModel (audit_id=W--fuMtXSvGEuzIpMuLwSw, audit_chain_id=['W--fuMtXSvGEuzIpMuLwSw']) at 0x7fda6485d7e0>, 'domain_id': None, 'trust_id': None, 'trustor_id': None, 'trustee_id': None, 'domain_name': None, 'group_ids': [], 'user_id': '4c8e89e4d0d64658a6559b02016fa43a', 'user_domain_id': 'default', 'system_scope': 'all', 'project_id': None, 'project_domain_id': None, 'roles': ['admin', 'manager', 'member', 'reader'], 'is_admin_project': True, 'service_user_id': None, 'service_user_domain_id': None, 'service_project_id': None, 'service_project_domain_id': None, 'service_roles': []} {{(pid=68844) fill_context /opt/stack/keystone/keystone/server/flask/request_processing/middleware/auth_context.py:506}}
Jan 07 09:21:52 ubuntu devstack@keystone.service[68844]: DEBUG keystone.server.flask.request_processing.req_logging [None req-f961ec42-bcad-47c1-aeb5-60c52072867a None admin] REQUEST_METHOD: `POST` {{(pid=68844) log_request_info /opt/stack/keystone/keystone/server/flask/request_processing/req_logging.py:26}}
Jan 07 09:21:52 ubuntu devstack@keystone.service[68844]: DEBUG keystone.server.flask.request_processing.req_logging [None req-f961ec42-bcad-47c1-aeb5-60c52072867a None admin] SCRIPT_NAME: `/identity` {{(pid=68844) log_request_info /opt/stack/keystone/keystone/server/flask/request_processing/req_logging.py:27}}
Jan 07 09:21:52 ubuntu devstack@keystone.service[68844]: DEBUG keystone.server.flask.request_processing.req_logging [None req-f961ec42-bcad-47c1-aeb5-60c52072867a None admin] PATH_INFO: `/v3/domains` {{(pid=68844) log_request_info /opt/stack/keystone/keystone/server/flask/request_processing/req_logging.py:28}}
Jan 07 09:21:52 ubuntu devstack@keystone.service[68845]: DEBUG keystone.common.rbac_enforcer.enforcer [None req-78b9c8aa-d674-476a-a028-be847e31c426 None admin] RBAC: Adding query filter params (name=admin) {{(pid=68845) _extract_filter_values /opt/stack/keystone/keystone/common/rbac_enforcer/enforcer.py:176}}
Jan 07 09:21:52 ubuntu devstack@keystone.service[68845]: DEBUG keystone.common.rbac_enforcer.enforcer [None req-78b9c8aa-d674-476a-a028-be847e31c426 None admin] RBAC: Authorizing `identity:list_roles()` {{(pid=68845) enforce_call /opt/stack/keystone/keystone/common/rbac_enforcer/enforcer.py:495}}
Jan 07 09:21:52 ubuntu devstack@keystone.service[68844]: DEBUG keystone.common.rbac_enforcer.enforcer [None req-f961ec42-bcad-47c1-aeb5-60c52072867a None admin] RBAC: Authorizing `identity:create_domain()` {{(pid=68844) enforce_call /opt/stack/keystone/keystone/common/rbac_enforcer/enforcer.py:495}}
Jan 07 09:21:52 ubuntu devstack@keystone.service[68845]: DEBUG keystone.common.rbac_enforcer.enforcer [None req-78b9c8aa-d674-476a-a028-be847e31c426 None admin] RBAC: Authorization granted {{(pid=68845) enforce_call /opt/stack/keystone/keystone/common/rbac_enforcer/enforcer.py:506}}
Jan 07 09:21:52 ubuntu devstack@keystone.service[68844]: DEBUG keystone.common.rbac_enforcer.enforcer [None req-f961ec42-bcad-47c1-aeb5-60c52072867a None admin] RBAC: Authorization granted {{(pid=68844) enforce_call /opt/stack/keystone/keystone/common/rbac_enforcer/enforcer.py:506}}
Jan 07 09:21:52 ubuntu devstack@keystone.service[68845]: [pid: 68845|app: 0|req: 7/15] 10.201.5.82 () {56 vars in 1091 bytes} [Tue Jan  7 09:21:52 2025] GET /identity/v3/roles?name=admin => generated 339 bytes in 60 msecs (HTTP/1.1 200) 5 headers in 177 bytes (1 switches on core 0)
Jan 07 09:21:52 ubuntu devstack@keystone.service[68844]: DEBUG keystone.common.sql.core [None req-f961ec42-bcad-47c1-aeb5-60c52072867a None admin] Conflict project: (pymysql.err.IntegrityError) (1062, "Duplicate entry '<<keystone.domain.root>>-Default' for key 'project.ixu_project_name_domain_id'")
Jan 07 09:21:52 ubuntu devstack@keystone.service[68844]: [SQL: INSERT INTO project (id, name, domain_id, description, enabled, extra, parent_id, is_domain) VALUES (%(id)s, %(name)s, %(domain_id)s, %(description)s, %(enabled)s, %(extra)s, %(parent_id)s, %(is_domain)s)]
Jan 07 09:21:52 ubuntu devstack@keystone.service[68844]: [parameters: {'id': '7233df02a4594b3b9a932a1dc9f9deca', 'name': 'Default', 'domain_id': '<<keystone.domain.root>>', 'description': '', 'enabled': 1, 'extra': '{}', 'parent_id': None, 'is_domain': 1}]
Jan 07 09:21:52 ubuntu devstack@keystone.service[68844]: (Background on this error at: https://sqlalche.me/e/20/gkpj) {{(pid=68844) wrapper /opt/stack/keystone/keystone/common/sql/core.py:580}}
Jan 07 09:21:52 ubuntu devstack@keystone.service[68845]: DEBUG keystone.server.flask.request_processing.middleware.auth_context [None req-78b9c8aa-d674-476a-a028-be847e31c426 None admin] Authenticating user token {{(pid=68845) process_request /opt/stack/data/venv/lib/python3.10/site-packages/keystonemiddleware/auth_token/__init__.py:406}}
Jan 07 09:21:52 ubuntu devstack@keystone.service[68844]: ERROR keystone.server.flask.application [None req-f961ec42-bcad-47c1-aeb5-60c52072867a None admin] Conflict occurred attempting to store project - it is not permitted to have two projects acting as domains with the same name: Default.: keystone.exception.Conflict: Conflict occurred attempting to store project - it is not permitted to have two projects acting as domains with the same name: Default.
Jan 07 09:21:52 ubuntu devstack@keystone.service[68844]: ERROR keystone.server.flask.application Traceback (most recent call last):
Jan 07 09:21:52 ubuntu devstack@keystone.service[68844]: ERROR keystone.server.flask.application   File "/opt/stack/data/venv/lib/python3.10/site-packages/sqlalchemy/engine/base.py", line 1967, in _exec_single_context
Jan 07 09:21:52 ubuntu devstack@keystone.service[68844]: ERROR keystone.server.flask.application     self.dialect.do_execute(
Jan 07 09:21:52 ubuntu devstack@keystone.service[68844]: ERROR keystone.server.flask.application   File "/opt/stack/data/venv/lib/python3.10/site-packages/sqlalchemy/engine/default.py", line 941, in do_execute
Jan 07 09:21:52 ubuntu devstack@keystone.service[68844]: ERROR keystone.server.flask.application     cursor.execute(statement, parameters)
Jan 07 09:21:52 ubuntu devstack@keystone.service[68844]: ERROR keystone.server.flask.application   File "/opt/stack/data/venv/lib/python3.10/site-packages/pymysql/cursors.py", line 153, in execute
Jan 07 09:21:52 ubuntu devstack@keystone.service[68844]: ERROR keystone.server.flask.application     result = self._query(query)
Jan 07 09:21:52 ubuntu devstack@keystone.service[68844]: ERROR keystone.server.flask.application   File "/opt/stack/data/venv/lib/python3.10/site-packages/pymysql/cursors.py", line 322, in _query
Jan 07 09:21:52 ubuntu devstack@keystone.service[68844]: ERROR keystone.server.flask.application     conn.query(q)
Jan 07 09:21:52 ubuntu devstack@keystone.service[68844]: ERROR keystone.server.flask.application   File "/opt/stack/data/venv/lib/python3.10/site-packages/pymysql/connections.py", line 563, in query
Jan 07 09:21:52 ubuntu devstack@keystone.service[68844]: ERROR keystone.server.flask.application     self._affected_rows = self._read_query_result(unbuffered=unbuffered)
Jan 07 09:21:52 ubuntu devstack@keystone.service[68844]: ERROR keystone.server.flask.application   File "/opt/stack/data/venv/lib/python3.10/site-packages/pymysql/connections.py", line 825, in _read_query_result
Jan 07 09:21:52 ubuntu devstack@keystone.service[68844]: ERROR keystone.server.flask.application     result.read()
Jan 07 09:21:52 ubuntu devstack@keystone.service[68844]: ERROR keystone.server.flask.application   File "/opt/stack/data/venv/lib/python3.10/site-packages/pymysql/connections.py", line 1199, in read
Jan 07 09:21:52 ubuntu devstack@keystone.service[68844]: ERROR keystone.server.flask.application     first_packet = self.connection._read_packet()
Jan 07 09:21:52 ubuntu devstack@keystone.service[68844]: ERROR keystone.server.flask.application   File "/opt/stack/data/venv/lib/python3.10/site-packages/pymysql/connections.py", line 775, in _read_packet
Jan 07 09:21:52 ubuntu devstack@keystone.service[68844]: ERROR keystone.server.flask.application     packet.raise_for_error()
Jan 07 09:21:52 ubuntu devstack@keystone.service[68844]: ERROR keystone.server.flask.application   File "/opt/stack/data/venv/lib/python3.10/site-packages/pymysql/protocol.py", line 219, in raise_for_error
Jan 07 09:21:52 ubuntu devstack@keystone.service[68844]: ERROR keystone.server.flask.application     err.raise_mysql_exception(self._data)
Jan 07 09:21:52 ubuntu devstack@keystone.service[68844]: ERROR keystone.server.flask.application   File "/opt/stack/data/venv/lib/python3.10/site-packages/pymysql/err.py", line 150, in raise_mysql_exception
Jan 07 09:21:52 ubuntu devstack@keystone.service[68844]: ERROR keystone.server.flask.application     raise errorclass(errno, errval)
Jan 07 09:21:52 ubuntu devstack@keystone.service[68844]: ERROR keystone.server.flask.application pymysql.err.IntegrityError: (1062, "Duplicate entry '<<keystone.domain.root>>-Default' for key 'project.ixu_project_name_domain_id'")
Jan 07 09:21:52 ubuntu devstack@keystone.service[68844]: ERROR keystone.server.flask.application 
Jan 07 09:21:52 ubuntu devstack@keystone.service[68844]: ERROR keystone.server.flask.application The above exception was the direct cause of the following exception:
Jan 07 09:21:52 ubuntu devstack@keystone.service[68844]: ERROR keystone.server.flask.application 
Jan 07 09:21:52 ubuntu devstack@keystone.service[68844]: ERROR keystone.server.flask.application Traceback (most recent call last):
Jan 07 09:21:52 ubuntu devstack@keystone.service[68844]: ERROR keystone.server.flask.application   File "/opt/stack/keystone/keystone/common/sql/core.py", line 575, in wrapper
Jan 07 09:21:52 ubuntu devstack@keystone.service[68844]: ERROR keystone.server.flask.application     return method(*args, **kwargs)
Jan 07 09:21:52 ubuntu devstack@keystone.service[68844]: ERROR keystone.server.flask.application   File "/opt/stack/keystone/keystone/resource/backends/sql.py", line 278, in create_project
Jan 07 09:21:52 ubuntu devstack@keystone.service[68844]: ERROR keystone.server.flask.application     with sql.session_for_write() as session:
Jan 07 09:21:52 ubuntu devstack@keystone.service[68844]: ERROR keystone.server.flask.application   File "/usr/lib/python3.10/contextlib.py", line 142, in __exit__
Jan 07 09:21:52 ubuntu devstack@keystone.service[68844]: ERROR keystone.server.flask.application     next(self.gen)
Jan 07 09:21:52 ubuntu devstack@keystone.service[68844]: ERROR keystone.server.flask.application   File "/opt/stack/data/venv/lib/python3.10/site-packages/oslo_db/sqlalchemy/enginefacade.py", line 1199, in _transaction_scope
Jan 07 09:21:52 ubuntu devstack@keystone.service[68844]: ERROR keystone.server.flask.application     with current._produce_block(
Jan 07 09:21:52 ubuntu devstack@keystone.service[68844]: ERROR keystone.server.flask.application   File "/usr/lib/python3.10/contextlib.py", line 142, in __exit__
Jan 07 09:21:52 ubuntu devstack@keystone.service[68844]: ERROR keystone.server.flask.application     next(self.gen)
Jan 07 09:21:52 ubuntu devstack@keystone.service[68844]: ERROR keystone.server.flask.application   File "/opt/stack/data/venv/lib/python3.10/site-packages/oslo_db/sqlalchemy/enginefacade.py", line 850, in _session
Jan 07 09:21:52 ubuntu devstack@keystone.service[68844]: ERROR keystone.server.flask.application     with excutils.save_and_reraise_exception():
