Jan 07 09:21:54 ubuntu devstack@keystone.service[68845]: ERROR keystone.server.flask.application   File "/opt/stack/data/venv/lib/python3.10/site-packages/flask_restful/__init__.py", line 489, in wrapper
Jan 07 09:21:54 ubuntu devstack@keystone.service[68845]: ERROR keystone.server.flask.application     resp = resource(*args, **kwargs)
Jan 07 09:21:54 ubuntu devstack@keystone.service[68845]: ERROR keystone.server.flask.application   File "/opt/stack/data/venv/lib/python3.10/site-packages/flask/views.py", line 110, in view
Jan 07 09:21:54 ubuntu devstack@keystone.service[68845]: ERROR keystone.server.flask.application     return current_app.ensure_sync(self.dispatch_request)(**kwargs)  # type: ignore[no-any-return]
Jan 07 09:21:54 ubuntu devstack@keystone.service[68845]: ERROR keystone.server.flask.application   File "/opt/stack/data/venv/lib/python3.10/site-packages/flask_restful/__init__.py", line 604, in dispatch_request
Jan 07 09:21:54 ubuntu devstack@keystone.service[68845]: ERROR keystone.server.flask.application     resp = meth(*args, **kwargs)
Jan 07 09:21:54 ubuntu devstack@keystone.service[68845]: ERROR keystone.server.flask.application   File "/opt/stack/keystone/keystone/api/validation/__init__.py", line 80, in wrapper
Jan 07 09:21:54 ubuntu devstack@keystone.service[68845]: ERROR keystone.server.flask.application     return func(*args, **kwargs)
Jan 07 09:21:54 ubuntu devstack@keystone.service[68845]: ERROR keystone.server.flask.application   File "/opt/stack/keystone/keystone/api/validation/__init__.py", line 139, in wrapper
Jan 07 09:21:54 ubuntu devstack@keystone.service[68845]: ERROR keystone.server.flask.application     response = func(*args, **kwargs)
Jan 07 09:21:54 ubuntu devstack@keystone.service[68845]: ERROR keystone.server.flask.application   File "/opt/stack/keystone/keystone/api/roles.py", line 91, in post
Jan 07 09:21:54 ubuntu devstack@keystone.service[68845]: ERROR keystone.server.flask.application     ref = PROVIDERS.role_api.create_role(
Jan 07 09:21:54 ubuntu devstack@keystone.service[68845]: ERROR keystone.server.flask.application   File "/opt/stack/keystone/keystone/common/manager.py", line 114, in wrapped
Jan 07 09:21:54 ubuntu devstack@keystone.service[68845]: ERROR keystone.server.flask.application     __ret_val = __f(*args, **kwargs)
Jan 07 09:21:54 ubuntu devstack@keystone.service[68845]: ERROR keystone.server.flask.application   File "/opt/stack/keystone/keystone/assignment/core.py", line 1496, in create_role
Jan 07 09:21:54 ubuntu devstack@keystone.service[68845]: ERROR keystone.server.flask.application     ret = self.driver.create_role(role_id, role)
Jan 07 09:21:54 ubuntu devstack@keystone.service[68845]: ERROR keystone.server.flask.application   File "/opt/stack/keystone/keystone/common/sql/core.py", line 614, in wrapper
Jan 07 09:21:54 ubuntu devstack@keystone.service[68845]: ERROR keystone.server.flask.application     raise exception.Conflict(type=conflict_type, details=msg)
Jan 07 09:21:54 ubuntu devstack@keystone.service[68845]: ERROR keystone.server.flask.application keystone.exception.Conflict: Conflict occurred attempting to store role - Duplicate entry found with name service.
Jan 07 09:21:54 ubuntu devstack@keystone.service[68845]: ERROR keystone.server.flask.application 
Jan 07 09:21:54 ubuntu devstack@keystone.service[68845]: [pid: 68845|app: 0|req: 18/36] 10.201.5.82 () {60 vars in 1123 bytes} [Tue Jan  7 09:21:54 2025] POST /identity/v3/roles => generated 140 bytes in 85 msecs (HTTP/1.1 409) 5 headers in 183 bytes (1 switches on core 0)
Jan 07 09:21:54 ubuntu devstack@keystone.service[68845]: DEBUG keystone.server.flask.request_processing.middleware.auth_context [None req-b46827bf-81f6-4069-948b-2c340ed6597f None admin] Authenticating user token {{(pid=68845) process_request /opt/stack/data/venv/lib/python3.10/site-packages/keystonemiddleware/auth_token/__init__.py:406}}
Jan 07 09:21:54 ubuntu devstack@keystone.service[68844]: [pid: 68844|app: 0|req: 19/37] 10.201.5.82 () {60 vars in 1133 bytes} [Tue Jan  7 09:21:54 2025] POST /identity/v3/projects => generated 301 bytes in 170 msecs (HTTP/1.1 201) 5 headers in 182 bytes (1 switches on core 0)
Jan 07 09:21:54 ubuntu devstack@keystone.service[68844]: DEBUG keystone.server.flask.request_processing.middleware.auth_context [None req-17d2b49b-25e1-401e-80c6-4e6a1373a08d None admin] Authenticating user token {{(pid=68844) process_request /opt/stack/data/venv/lib/python3.10/site-packages/keystonemiddleware/auth_token/__init__.py:406}}
Jan 07 09:21:54 ubuntu devstack@keystone.service[68845]: DEBUG keystone.server.flask.request_processing.middleware.auth_context [None req-b46827bf-81f6-4069-948b-2c340ed6597f None admin] Validating token access rules against request {{(pid=68845) validate_allowed_request /opt/stack/data/venv/lib/python3.10/site-packages/keystonemiddleware/auth_token/__init__.py:544}}
Jan 07 09:21:54 ubuntu devstack@keystone.service[68845]: DEBUG keystone.server.flask.request_processing.middleware.auth_context [None req-f2cb42da-34be-40ea-98a6-0cd408a44fdb None admin] RBAC: auth_context: {'token': <TokenModel (audit_id=4vjhHYlcRqm1bQ1kZMLASQ, audit_chain_id=['4vjhHYlcRqm1bQ1kZMLASQ']) at 0x7fda64383ca0>, 'domain_id': None, 'trust_id': None, 'trustor_id': None, 'trustee_id': None, 'domain_name': None, 'group_ids': [], 'user_id': '4c8e89e4d0d64658a6559b02016fa43a', 'user_domain_id': 'default', 'system_scope': 'all', 'project_id': None, 'project_domain_id': None, 'roles': ['admin', 'manager', 'member', 'reader'], 'is_admin_project': True, 'service_user_id': None, 'service_user_domain_id': None, 'service_project_id': None, 'service_project_domain_id': None, 'service_roles': []} {{(pid=68845) fill_context /opt/stack/keystone/keystone/server/flask/request_processing/middleware/auth_context.py:506}}
Jan 07 09:21:54 ubuntu devstack@keystone.service[68845]: DEBUG keystone.server.flask.request_processing.req_logging [None req-f2cb42da-34be-40ea-98a6-0cd408a44fdb None admin] REQUEST_METHOD: `GET` {{(pid=68845) log_request_info /opt/stack/keystone/keystone/server/flask/request_processing/req_logging.py:26}}
Jan 07 09:21:54 ubuntu devstack@keystone.service[68845]: DEBUG keystone.server.flask.request_processing.req_logging [None req-f2cb42da-34be-40ea-98a6-0cd408a44fdb None admin] SCRIPT_NAME: `/identity` {{(pid=68845) log_request_info /opt/stack/keystone/keystone/server/flask/request_processing/req_logging.py:27}}
Jan 07 09:21:54 ubuntu devstack@keystone.service[68845]: DEBUG keystone.server.flask.request_processing.req_logging [None req-f2cb42da-34be-40ea-98a6-0cd408a44fdb None admin] PATH_INFO: `/v3/role_assignments` {{(pid=68845) log_request_info /opt/stack/keystone/keystone/server/flask/request_processing/req_logging.py:28}}
Jan 07 09:21:54 ubuntu devstack@keystone.service[68845]: DEBUG keystone.common.rbac_enforcer.enforcer [None req-f2cb42da-34be-40ea-98a6-0cd408a44fdb None admin] RBAC: Adding query filter params (role.id=a040d31117ad43e99ff252a2907762dd, scope.domain.id=default, user.id=4c8e89e4d0d64658a6559b02016fa43a) {{(pid=68845) _extract_filter_values /opt/stack/keystone/keystone/common/rbac_enforcer/enforcer.py:176}}
Jan 07 09:21:54 ubuntu devstack@keystone.service[68845]: DEBUG keystone.common.rbac_enforcer.enforcer [None req-f2cb42da-34be-40ea-98a6-0cd408a44fdb None admin] RBAC: Authorizing `identity:list_role_assignments()` {{(pid=68845) enforce_call /opt/stack/keystone/keystone/common/rbac_enforcer/enforcer.py:495}}
Jan 07 09:21:54 ubuntu devstack@keystone.service[68845]: DEBUG keystone.common.rbac_enforcer.enforcer [None req-f2cb42da-34be-40ea-98a6-0cd408a44fdb None admin] RBAC: Authorization granted {{(pid=68845) enforce_call /opt/stack/keystone/keystone/common/rbac_enforcer/enforcer.py:506}}
Jan 07 09:21:54 ubuntu devstack@keystone.service[68845]: [pid: 68845|app: 0|req: 19/38] 10.201.5.82 () {56 vars in 1370 bytes} [Tue Jan  7 09:21:54 2025] GET /identity/v3/role_assignments?role.id=a040d31117ad43e99ff252a2907762dd&scope.domain.id=default&user.id=4c8e89e4d0d64658a6559b02016fa43a => generated 530 bytes in 61 msecs (HTTP/1.1 200) 5 headers in 177 bytes (1 switches on core 0)
Jan 07 09:21:54 ubuntu devstack@keystone.service[68845]: DEBUG keystone.server.flask.request_processing.middleware.auth_context [None req-f2cb42da-34be-40ea-98a6-0cd408a44fdb None admin] Authenticating user token {{(pid=68845) process_request /opt/stack/data/venv/lib/python3.10/site-packages/keystonemiddleware/auth_token/__init__.py:406}}
Jan 07 09:21:54 ubuntu devstack@keystone.service[68844]: DEBUG keystone.server.flask.request_processing.middleware.auth_context [None req-17d2b49b-25e1-401e-80c6-4e6a1373a08d None admin] Validating token access rules against request {{(pid=68844) validate_allowed_request /opt/stack/data/venv/lib/python3.10/site-packages/keystonemiddleware/auth_token/__init__.py:544}}
Jan 07 09:21:54 ubuntu devstack@keystone.service[68845]: DEBUG keystone.server.flask.request_processing.middleware.auth_context [None req-f2cb42da-34be-40ea-98a6-0cd408a44fdb None admin] Validating token access rules against request {{(pid=68845) validate_allowed_request /opt/stack/data/venv/lib/python3.10/site-packages/keystonemiddleware/auth_token/__init__.py:544}}
Jan 07 09:21:54 ubuntu devstack@keystone.service[68844]: DEBUG keystone.server.flask.request_processing.middleware.auth_context [None req-4ac01b63-5e6c-4588-9792-41f4fb904d1c None admin] RBAC: auth_context: {'token': <TokenModel (audit_id=05k7XB1ISwCfALqAO8L7Vg, audit_chain_id=['05k7XB1ISwCfALqAO8L7Vg']) at 0x7fda64323d00>, 'domain_id': None, 'trust_id': None, 'trustor_id': None, 'trustee_id': None, 'domain_name': None, 'group_ids': [], 'user_id': '4c8e89e4d0d64658a6559b02016fa43a', 'user_domain_id': 'default', 'system_scope': 'all', 'project_id': None, 'project_domain_id': None, 'roles': ['admin', 'manager', 'member', 'reader'], 'is_admin_project': True, 'service_user_id': None, 'service_user_domain_id': None, 'service_project_id': None, 'service_project_domain_id': None, 'service_roles': []} {{(pid=68844) fill_context /opt/stack/keystone/keystone/server/flask/request_processing/middleware/auth_context.py:506}}
Jan 07 09:21:54 ubuntu devstack@keystone.service[68844]: DEBUG keystone.server.flask.request_processing.req_logging [None req-4ac01b63-5e6c-4588-9792-41f4fb904d1c None admin] REQUEST_METHOD: `GET` {{(pid=68844) log_request_info /opt/stack/keystone/keystone/server/flask/request_processing/req_logging.py:26}}
Jan 07 09:21:54 ubuntu devstack@keystone.service[68844]: DEBUG keystone.server.flask.request_processing.req_logging [None req-4ac01b63-5e6c-4588-9792-41f4fb904d1c None admin] SCRIPT_NAME: `/identity` {{(pid=68844) log_request_info /opt/stack/keystone/keystone/server/flask/request_processing/req_logging.py:27}}
Jan 07 09:21:54 ubuntu devstack@keystone.service[68844]: DEBUG keystone.server.flask.request_processing.req_logging [None req-4ac01b63-5e6c-4588-9792-41f4fb904d1c None admin] PATH_INFO: `/v3/roles/service` {{(pid=68844) log_request_info /opt/stack/keystone/keystone/server/flask/request_processing/req_logging.py:28}}
Jan 07 09:21:54 ubuntu devstack@keystone.service[68844]: DEBUG keystone.common.rbac_enforcer.enforcer [None req-4ac01b63-5e6c-4588-9792-41f4fb904d1c None admin] Extracting inferred target data resulted in "NOT FOUND (404)". {{(pid=68844) enforce_call /opt/stack/keystone/keystone/common/rbac_enforcer/enforcer.py:445}}
Jan 07 09:21:54 ubuntu devstack@keystone.service[68844]: DEBUG keystone.server.flask.application [None req-4ac01b63-5e6c-4588-9792-41f4fb904d1c None admin] Could not find role: service. {{(pid=68844) _handle_keystone_exception /opt/stack/keystone/keystone/server/flask/application.py:152}}
Jan 07 09:21:54 ubuntu devstack@keystone.service[68844]: [pid: 68844|app: 0|req: 20/39] 10.201.5.82 () {56 vars in 1094 bytes} [Tue Jan  7 09:21:54 2025] GET /identity/v3/roles/service => generated 85 bytes in 218 msecs (HTTP/1.1 404) 5 headers in 183 bytes (1 switches on core 0)
Jan 07 09:21:54 ubuntu devstack@keystone.service[68844]: DEBUG keystone.server.flask.request_processing.middleware.auth_context [None req-4ac01b63-5e6c-4588-9792-41f4fb904d1c None admin] Authenticating user token {{(pid=68844) process_request /opt/stack/data/venv/lib/python3.10/site-packages/keystonemiddleware/auth_token/__init__.py:406}}
Jan 07 09:21:54 ubuntu devstack@keystone.service[68845]: DEBUG keystone.server.flask.request_processing.middleware.auth_context [None req-363d76f5-2107-465d-bd13-401fdf3fd61b None admin] RBAC: auth_context: {'token': <TokenModel (audit_id=CtLaAT98ShGkmP1avEXcog, audit_chain_id=['CtLaAT98ShGkmP1avEXcog']) at 0x7fda643824d0>, 'domain_id': None, 'trust_id': None, 'trustor_id': None, 'trustee_id': None, 'domain_name': None, 'group_ids': [], 'user_id': '4c8e89e4d0d64658a6559b02016fa43a', 'user_domain_id': 'default', 'system_scope': 'all', 'project_id': None, 'project_domain_id': None, 'roles': ['admin', 'manager', 'member', 'reader'], 'is_admin_project': True, 'service_user_id': None, 'service_user_domain_id': None, 'service_project_id': None, 'service_project_domain_id': None, 'service_roles': []} {{(pid=68845) fill_context /opt/stack/keystone/keystone/server/flask/request_processing/middleware/auth_context.py:506}}
Jan 07 09:21:54 ubuntu devstack@keystone.service[68845]: DEBUG keystone.server.flask.request_processing.req_logging [None req-363d76f5-2107-465d-bd13-401fdf3fd61b None admin] REQUEST_METHOD: `POST` {{(pid=68845) log_request_info /opt/stack/keystone/keystone/server/flask/request_processing/req_logging.py:26}}
Jan 07 09:21:54 ubuntu devstack@keystone.service[68845]: DEBUG keystone.server.flask.request_processing.req_logging [None req-363d76f5-2107-465d-bd13-401fdf3fd61b None admin] SCRIPT_NAME: `/identity` {{(pid=68845) log_request_info /opt/stack/keystone/keystone/server/flask/request_processing/req_logging.py:27}}
Jan 07 09:21:54 ubuntu devstack@keystone.service[68845]: DEBUG keystone.server.flask.request_processing.req_logging [None req-363d76f5-2107-465d-bd13-401fdf3fd61b None admin] PATH_INFO: `/v3/roles` {{(pid=68845) log_request_info /opt/stack/keystone/keystone/server/flask/request_processing/req_logging.py:28}}
Jan 07 09:21:54 ubuntu devstack@keystone.service[68845]: DEBUG keystone.common.rbac_enforcer.enforcer [None req-363d76f5-2107-465d-bd13-401fdf3fd61b None admin] RBAC: Authorizing `identity:create_role()` {{(pid=68845) enforce_call /opt/stack/keystone/keystone/common/rbac_enforcer/enforcer.py:495}}
Jan 07 09:21:54 ubuntu devstack@keystone.service[68845]: DEBUG keystone.common.rbac_enforcer.enforcer [None req-363d76f5-2107-465d-bd13-401fdf3fd61b None admin] RBAC: Authorization granted {{(pid=68845) enforce_call /opt/stack/keystone/keystone/common/rbac_enforcer/enforcer.py:506}}
Jan 07 09:21:54 ubuntu devstack@keystone.service[68845]: [pid: 68845|app: 0|req: 20/40] 10.201.5.82 () {60 vars in 1123 bytes} [Tue Jan  7 09:21:54 2025] POST /identity/v3/roles => generated 225 bytes in 214 msecs (HTTP/1.1 201) 5 headers in 182 bytes (1 switches on core 0)
Jan 07 09:21:54 ubuntu devstack@keystone.service[68844]: DEBUG keystone.server.flask.request_processing.middleware.auth_context [None req-4ac01b63-5e6c-4588-9792-41f4fb904d1c None admin] Validating token access rules against request {{(pid=68844) validate_allowed_request /opt/stack/data/venv/lib/python3.10/site-packages/keystonemiddleware/auth_token/__init__.py:544}}
Jan 07 09:21:54 ubuntu devstack@keystone.service[68844]: DEBUG keystone.server.flask.request_processing.middleware.auth_context [None req-b26fb402-b8a6-46a9-b6eb-5ebaa5cb95a6 None admin] RBAC: auth_context: {'token': <TokenModel (audit_id=05k7XB1ISwCfALqAO8L7Vg, audit_chain_id=['05k7XB1ISwCfALqAO8L7Vg']) at 0x7fda64320ee0>, 'domain_id': None, 'trust_id': None, 'trustor_id': None, 'trustee_id': None, 'domain_name': None, 'group_ids': [], 'user_id': '4c8e89e4d0d64658a6559b02016fa43a', 'user_domain_id': 'default', 'system_scope': 'all', 'project_id': None, 'project_domain_id': None, 'roles': ['admin', 'manager', 'member', 'reader'], 'is_admin_project': True, 'service_user_id': None, 'service_user_domain_id': None, 'service_project_id': None, 'service_project_domain_id': None, 'service_roles': []} {{(pid=68844) fill_context /opt/stack/keystone/keystone/server/flask/request_processing/middleware/auth_context.py:506}}
Jan 07 09:21:54 ubuntu devstack@keystone.service[68844]: DEBUG keystone.server.flask.request_processing.req_logging [None req-b26fb402-b8a6-46a9-b6eb-5ebaa5cb95a6 None admin] REQUEST_METHOD: `GET` {{(pid=68844) log_request_info /opt/stack/keystone/keystone/server/flask/request_processing/req_logging.py:26}}
Jan 07 09:21:54 ubuntu devstack@keystone.service[68844]: DEBUG keystone.server.flask.request_processing.req_logging [None req-b26fb402-b8a6-46a9-b6eb-5ebaa5cb95a6 None admin] SCRIPT_NAME: `/identity` {{(pid=68844) log_request_info /opt/stack/keystone/keystone/server/flask/request_processing/req_logging.py:27}}
Jan 07 09:21:54 ubuntu devstack@keystone.service[68844]: DEBUG keystone.server.flask.request_processing.req_logging [None req-b26fb402-b8a6-46a9-b6eb-5ebaa5cb95a6 None admin] PATH_INFO: `/v3/roles` {{(pid=68844) log_request_info /opt/stack/keystone/keystone/server/flask/request_processing/req_logging.py:28}}
Jan 07 09:21:54 ubuntu devstack@keystone.service[68844]: DEBUG keystone.common.rbac_enforcer.enforcer [None req-b26fb402-b8a6-46a9-b6eb-5ebaa5cb95a6 None admin] RBAC: Adding query filter params (name=service) {{(pid=68844) _extract_filter_values /opt/stack/keystone/keystone/common/rbac_enforcer/enforcer.py:176}}
Jan 07 09:21:54 ubuntu devstack@keystone.service[68844]: DEBUG keystone.common.rbac_enforcer.enforcer [None req-b26fb402-b8a6-46a9-b6eb-5ebaa5cb95a6 None admin] RBAC: Authorizing `identity:list_roles()` {{(pid=68844) enforce_call /opt/stack/keystone/keystone/common/rbac_enforcer/enforcer.py:495}}
Jan 07 09:21:54 ubuntu devstack@keystone.service[68844]: DEBUG keystone.common.rbac_enforcer.enforcer [None req-b26fb402-b8a6-46a9-b6eb-5ebaa5cb95a6 None admin] RBAC: Authorization granted {{(pid=68844) enforce_call /opt/stack/keystone/keystone/common/rbac_enforcer/enforcer.py:506}}
Jan 07 09:21:54 ubuntu devstack@keystone.service[68844]: [pid: 68844|app: 0|req: 21/41] 10.201.5.82 () {56 vars in 1095 bytes} [Tue Jan  7 09:21:54 2025] GET /identity/v3/roles?name=service => generated 343 bytes in 82 msecs (HTTP/1.1 200) 5 headers in 177 bytes (1 switches on core 0)
Jan 07 09:21:55 ubuntu devstack@keystone.service[68845]: DEBUG keystone.server.flask.request_processing.req_logging [None req-a99fbbb5-cc35-47db-ae3d-e7ab24df816b None None] REQUEST_METHOD: `GET` {{(pid=68845) log_request_info /opt/stack/keystone/keystone/server/flask/request_processing/req_logging.py:26}}
Jan 07 09:21:55 ubuntu devstack@keystone.service[68845]: DEBUG keystone.server.flask.request_processing.req_logging [None req-a99fbbb5-cc35-47db-ae3d-e7ab24df816b None None] SCRIPT_NAME: `/identity` {{(pid=68845) log_request_info /opt/stack/keystone/keystone/server/flask/request_processing/req_logging.py:27}}
Jan 07 09:21:55 ubuntu devstack@keystone.service[68845]: DEBUG keystone.server.flask.request_processing.req_logging [None req-a99fbbb5-cc35-47db-ae3d-e7ab24df816b None None] PATH_INFO: `/` {{(pid=68845) log_request_info /opt/stack/keystone/keystone/server/flask/request_processing/req_logging.py:28}}
Jan 07 09:21:55 ubuntu devstack@keystone.service[68845]: [pid: 68845|app: 0|req: 21/42] 10.201.5.82 () {54 vars in 918 bytes} [Tue Jan  7 09:21:55 2025] GET /identity => generated 270 bytes in 2 msecs (HTTP/1.1 300) 6 headers in 234 bytes (1 switches on core 0)
Jan 07 09:21:55 ubuntu devstack@keystone.service[68844]: DEBUG keystone.server.flask.request_processing.req_logging [None req-52fda4fb-5c5a-434d-b98a-e0c302717fb8 None None] REQUEST_METHOD: `POST` {{(pid=68844) log_request_info /opt/stack/keystone/keystone/server/flask/request_processing/req_logging.py:26}}
Jan 07 09:21:55 ubuntu devstack@keystone.service[68844]: DEBUG keystone.server.flask.request_processing.req_logging [None req-52fda4fb-5c5a-434d-b98a-e0c302717fb8 None None] SCRIPT_NAME: `/identity` {{(pid=68844) log_request_info /opt/stack/keystone/keystone/server/flask/request_processing/req_logging.py:27}}
Jan 07 09:21:55 ubuntu devstack@keystone.service[68844]: DEBUG keystone.server.flask.request_processing.req_logging [None req-52fda4fb-5c5a-434d-b98a-e0c302717fb8 None None] PATH_INFO: `/v3/auth/tokens` {{(pid=68844) log_request_info /opt/stack/keystone/keystone/server/flask/request_processing/req_logging.py:28}}
Jan 07 09:21:55 ubuntu devstack@keystone.service[68844]: WARNING keystone.common.password_hashing [None req-52fda4fb-5c5a-434d-b98a-e0c302717fb8 None None] Truncating password to algorithm specific maximum length 72 characters.
Jan 07 09:21:55 ubuntu devstack@keystone.service[68844]: DEBUG keystone.auth.core [None req-52fda4fb-5c5a-434d-b98a-e0c302717fb8 None None] MFA Rules not processed for user `4c8e89e4d0d64658a6559b02016fa43a`. Rule list: `[]` (Enabled: `True`). {{(pid=68844) check_auth_methods_against_rules /opt/stack/keystone/keystone/auth/core.py:476}}
Jan 07 09:21:55 ubuntu devstack@keystone.service[68844]: DEBUG keystone.common.fernet_utils [None req-52fda4fb-5c5a-434d-b98a-e0c302717fb8 None None] Loaded 2 Fernet keys from /etc/keystone/fernet-keys/, but `[fernet_tokens] max_active_keys = 3`; perhaps there have not been enough key rotations to reach `max_active_keys` yet? {{(pid=68844) load_keys /opt/stack/keystone/keystone/common/fernet_utils.py:297}}
Jan 07 09:21:55 ubuntu devstack@keystone.service[68844]: [pid: 68844|app: 0|req: 22/43] 10.201.5.82 () {58 vars in 1015 bytes} [Tue Jan  7 09:21:55 2025] POST /identity/v3/auth/tokens => generated 862 bytes in 64 msecs (HTTP/1.1 201) 6 headers in 363 bytes (1 switches on core 0)
Jan 07 09:21:55 ubuntu devstack@keystone.service[68845]: DEBUG keystone.server.flask.request_processing.req_logging [None req-8a312503-9c07-4230-80cf-b53d13e7cd12 None None] REQUEST_METHOD: `GET` {{(pid=68845) log_request_info /opt/stack/keystone/keystone/server/flask/request_processing/req_logging.py:26}}
Jan 07 09:21:55 ubuntu devstack@keystone.service[68845]: DEBUG keystone.server.flask.request_processing.req_logging [None req-8a312503-9c07-4230-80cf-b53d13e7cd12 None None] SCRIPT_NAME: `/identity` {{(pid=68845) log_request_info /opt/stack/keystone/keystone/server/flask/request_processing/req_logging.py:27}}
Jan 07 09:21:55 ubuntu devstack@keystone.service[68845]: DEBUG keystone.server.flask.request_processing.req_logging [None req-8a312503-9c07-4230-80cf-b53d13e7cd12 None None] PATH_INFO: `/` {{(pid=68845) log_request_info /opt/stack/keystone/keystone/server/flask/request_processing/req_logging.py:28}}
Jan 07 09:21:55 ubuntu devstack@keystone.service[68845]: [pid: 68845|app: 0|req: 22/44] 10.201.5.82 () {54 vars in 918 bytes} [Tue Jan  7 09:21:55 2025] GET /identity => generated 270 bytes in 2 msecs (HTTP/1.1 300) 6 headers in 234 bytes (1 switches on core 0)
Jan 07 09:21:55 ubuntu devstack@keystone.service[68844]: DEBUG keystone.server.flask.request_processing.req_logging [None req-7713ac82-8f02-4265-abb8-2e6f3a6798dd None None] REQUEST_METHOD: `POST` {{(pid=68844) log_request_info /opt/stack/keystone/keystone/server/flask/request_processing/req_logging.py:26}}
Jan 07 09:21:55 ubuntu devstack@keystone.service[68844]: DEBUG keystone.server.flask.request_processing.req_logging [None req-7713ac82-8f02-4265-abb8-2e6f3a6798dd None None] SCRIPT_NAME: `/identity` {{(pid=68844) log_request_info /opt/stack/keystone/keystone/server/flask/request_processing/req_logging.py:27}}
Jan 07 09:21:55 ubuntu devstack@keystone.service[68844]: DEBUG keystone.server.flask.request_processing.req_logging [None req-7713ac82-8f02-4265-abb8-2e6f3a6798dd None None] PATH_INFO: `/v3/auth/tokens` {{(pid=68844) log_request_info /opt/stack/keystone/keystone/server/flask/request_processing/req_logging.py:28}}
Jan 07 09:21:55 ubuntu devstack@keystone.service[68844]: WARNING keystone.common.password_hashing [None req-7713ac82-8f02-4265-abb8-2e6f3a6798dd None None] Truncating password to algorithm specific maximum length 72 characters.
Jan 07 09:21:55 ubuntu devstack@keystone.service[68844]: DEBUG keystone.auth.core [None req-7713ac82-8f02-4265-abb8-2e6f3a6798dd None None] MFA Rules not processed for user `4c8e89e4d0d64658a6559b02016fa43a`. Rule list: `[]` (Enabled: `True`). {{(pid=68844) check_auth_methods_against_rules /opt/stack/keystone/keystone/auth/core.py:476}}
Jan 07 09:21:55 ubuntu devstack@keystone.service[68844]: DEBUG keystone.common.fernet_utils [None req-7713ac82-8f02-4265-abb8-2e6f3a6798dd None None] Loaded 2 Fernet keys from /etc/keystone/fernet-keys/, but `[fernet_tokens] max_active_keys = 3`; perhaps there have not been enough key rotations to reach `max_active_keys` yet? {{(pid=68844) load_keys /opt/stack/keystone/keystone/common/fernet_utils.py:297}}
Jan 07 09:21:55 ubuntu devstack@keystone.service[68844]: [pid: 68844|app: 0|req: 23/45] 10.201.5.82 () {58 vars in 1015 bytes} [Tue Jan  7 09:21:55 2025] POST /identity/v3/auth/tokens => generated 862 bytes in 50 msecs (HTTP/1.1 201) 6 headers in 363 bytes (1 switches on core 0)
Jan 07 09:21:55 ubuntu devstack@keystone.service[68845]: DEBUG keystone.server.flask.request_processing.middleware.auth_context [None req-8a312503-9c07-4230-80cf-b53d13e7cd12 None None] Authenticating user token {{(pid=68845) process_request /opt/stack/data/venv/lib/python3.10/site-packages/keystonemiddleware/auth_token/__init__.py:406}}
Jan 07 09:21:55 ubuntu devstack@keystone.service[68845]: DEBUG keystone.server.flask.request_processing.middleware.auth_context [None req-8a312503-9c07-4230-80cf-b53d13e7cd12 None None] Validating token access rules against request {{(pid=68845) validate_allowed_request /opt/stack/data/venv/lib/python3.10/site-packages/keystonemiddleware/auth_token/__init__.py:544}}
Jan 07 09:21:55 ubuntu devstack@keystone.service[68845]: DEBUG keystone.server.flask.request_processing.middleware.auth_context [None req-2c9bae5f-c5b4-4ab7-adaf-8a7e1b08b2eb None admin] RBAC: auth_context: {'token': <TokenModel (audit_id=4MlRj1AdRRu2I-mGpWBqIw, audit_chain_id=['4MlRj1AdRRu2I-mGpWBqIw']) at 0x7fda64685fc0>, 'domain_id': None, 'trust_id': None, 'trustor_id': None, 'trustee_id': None, 'domain_name': None, 'group_ids': [], 'user_id': '4c8e89e4d0d64658a6559b02016fa43a', 'user_domain_id': 'default', 'system_scope': 'all', 'project_id': None, 'project_domain_id': None, 'roles': ['admin', 'manager', 'member', 'reader'], 'is_admin_project': True, 'service_user_id': None, 'service_user_domain_id': None, 'service_project_id': None, 'service_project_domain_id': None, 'service_roles': []} {{(pid=68845) fill_context /opt/stack/keystone/keystone/server/flask/request_processing/middleware/auth_context.py:506}}
Jan 07 09:21:55 ubuntu devstack@keystone.service[68845]: DEBUG keystone.server.flask.request_processing.req_logging [None req-2c9bae5f-c5b4-4ab7-adaf-8a7e1b08b2eb None admin] REQUEST_METHOD: `GET` {{(pid=68845) log_request_info /opt/stack/keystone/keystone/server/flask/request_processing/req_logging.py:26}}
Jan 07 09:21:55 ubuntu devstack@keystone.service[68845]: DEBUG keystone.server.flask.request_processing.req_logging [None req-2c9bae5f-c5b4-4ab7-adaf-8a7e1b08b2eb None admin] SCRIPT_NAME: `/identity` {{(pid=68845) log_request_info /opt/stack/keystone/keystone/server/flask/request_processing/req_logging.py:27}}
Jan 07 09:21:55 ubuntu devstack@keystone.service[68845]: DEBUG keystone.server.flask.request_processing.req_logging [None req-2c9bae5f-c5b4-4ab7-adaf-8a7e1b08b2eb None admin] PATH_INFO: `/v3/domains/default` {{(pid=68845) log_request_info /opt/stack/keystone/keystone/server/flask/request_processing/req_logging.py:28}}
Jan 07 09:21:55 ubuntu devstack@keystone.service[68845]: DEBUG keystone.common.rbac_enforcer.enforcer [None req-2c9bae5f-c5b4-4ab7-adaf-8a7e1b08b2eb None admin] RBAC: Authorizing `identity:get_domain(domain_id=default)` {{(pid=68845) enforce_call /opt/stack/keystone/keystone/common/rbac_enforcer/enforcer.py:495}}
Jan 07 09:21:55 ubuntu devstack@keystone.service[68845]: DEBUG keystone.common.rbac_enforcer.enforcer [None req-2c9bae5f-c5b4-4ab7-adaf-8a7e1b08b2eb None admin] RBAC: Authorization granted {{(pid=68845) enforce_call /opt/stack/keystone/keystone/common/rbac_enforcer/enforcer.py:506}}
Jan 07 09:21:55 ubuntu devstack@keystone.service[68845]: [pid: 68845|app: 0|req: 23/46] 10.201.5.82 () {56 vars in 1100 bytes} [Tue Jan  7 09:21:55 2025] GET /identity/v3/domains/default => generated 199 bytes in 59 msecs (HTTP/1.1 200) 5 headers in 177 bytes (2 switches on core 0)
Jan 07 09:21:55 ubuntu devstack@keystone.service[68845]: DEBUG keystone.server.flask.request_processing.middleware.auth_context [None req-2c9bae5f-c5b4-4ab7-adaf-8a7e1b08b2eb None admin] Authenticating user token {{(pid=68845) process_request /opt/stack/data/venv/lib/python3.10/site-packages/keystonemiddleware/auth_token/__init__.py:406}}
Jan 07 09:21:55 ubuntu devstack@keystone.service[68844]: DEBUG keystone.server.flask.request_processing.middleware.auth_context [None req-7713ac82-8f02-4265-abb8-2e6f3a6798dd None None] Authenticating user token {{(pid=68844) process_request /opt/stack/data/venv/lib/python3.10/site-packages/keystonemiddleware/auth_token/__init__.py:406}}
Jan 07 09:21:55 ubuntu devstack@keystone.service[68845]: DEBUG keystone.server.flask.request_processing.middleware.auth_context [None req-2c9bae5f-c5b4-4ab7-adaf-8a7e1b08b2eb None admin] Validating token access rules against request {{(pid=68845) validate_allowed_request /opt/stack/data/venv/lib/python3.10/site-packages/keystonemiddleware/auth_token/__init__.py:544}}
Jan 07 09:21:55 ubuntu devstack@keystone.service[68844]: DEBUG keystone.server.flask.request_processing.middleware.auth_context [None req-7713ac82-8f02-4265-abb8-2e6f3a6798dd None None] Validating token access rules against request {{(pid=68844) validate_allowed_request /opt/stack/data/venv/lib/python3.10/site-packages/keystonemiddleware/auth_token/__init__.py:544}}
Jan 07 09:21:55 ubuntu devstack@keystone.service[68845]: DEBUG keystone.server.flask.request_processing.middleware.auth_context [None req-c8279022-6d27-40d8-91ef-81b97c3d9363 None admin] RBAC: auth_context: {'token': <TokenModel (audit_id=4A1wgP07S0C_TbZ7h5QJDQ, audit_chain_id=['4A1wgP07S0C_TbZ7h5QJDQ']) at 0x7fda6468c220>, 'domain_id': None, 'trust_id': None, 'trustor_id': None, 'trustee_id': None, 'domain_name': None, 'group_ids': [], 'user_id': '4c8e89e4d0d64658a6559b02016fa43a', 'user_domain_id': 'default', 'system_scope': 'all', 'project_id': None, 'project_domain_id': None, 'roles': ['admin', 'manager', 'member', 'reader'], 'is_admin_project': True, 'service_user_id': None, 'service_user_domain_id': None, 'service_project_id': None, 'service_project_domain_id': None, 'service_roles': []} {{(pid=68845) fill_context /opt/stack/keystone/keystone/server/flask/request_processing/middleware/auth_context.py:506}}
Jan 07 09:21:55 ubuntu devstack@keystone.service[68845]: DEBUG keystone.server.flask.request_processing.req_logging [None req-c8279022-6d27-40d8-91ef-81b97c3d9363 None admin] REQUEST_METHOD: `POST` {{(pid=68845) log_request_info /opt/stack/keystone/keystone/server/flask/request_processing/req_logging.py:26}}
Jan 07 09:21:55 ubuntu devstack@keystone.service[68845]: DEBUG keystone.server.flask.request_processing.req_logging [None req-c8279022-6d27-40d8-91ef-81b97c3d9363 None admin] SCRIPT_NAME: `/identity` {{(pid=68845) log_request_info /opt/stack/keystone/keystone/server/flask/request_processing/req_logging.py:27}}
Jan 07 09:21:55 ubuntu devstack@keystone.service[68845]: DEBUG keystone.server.flask.request_processing.req_logging [None req-c8279022-6d27-40d8-91ef-81b97c3d9363 None admin] PATH_INFO: `/v3/roles` {{(pid=68845) log_request_info /opt/stack/keystone/keystone/server/flask/request_processing/req_logging.py:28}}
Jan 07 09:21:55 ubuntu devstack@keystone.service[68845]: DEBUG keystone.common.rbac_enforcer.enforcer [None req-c8279022-6d27-40d8-91ef-81b97c3d9363 None admin] RBAC: Authorizing `identity:create_role()` {{(pid=68845) enforce_call /opt/stack/keystone/keystone/common/rbac_enforcer/enforcer.py:495}}
Jan 07 09:21:55 ubuntu devstack@keystone.service[68845]: DEBUG keystone.common.rbac_enforcer.enforcer [None req-c8279022-6d27-40d8-91ef-81b97c3d9363 None admin] RBAC: Authorization granted {{(pid=68845) enforce_call /opt/stack/keystone/keystone/common/rbac_enforcer/enforcer.py:506}}
Jan 07 09:21:55 ubuntu devstack@keystone.service[68845]: [pid: 68845|app: 0|req: 24/47] 10.201.5.82 () {60 vars in 1123 bytes} [Tue Jan  7 09:21:55 2025] POST /identity/v3/roles => generated 223 bytes in 64 msecs (HTTP/1.1 201) 5 headers in 182 bytes (1 switches on core 0)
Jan 07 09:21:55 ubuntu devstack@keystone.service[68844]: DEBUG keystone.server.flask.request_processing.middleware.auth_context [None req-269b4657-f720-4868-8305-ae57d7d5cea3 None admin] RBAC: auth_context: {'token': <TokenModel (audit_id=4MlRj1AdRRu2I-mGpWBqIw, audit_chain_id=['4MlRj1AdRRu2I-mGpWBqIw']) at 0x7fda64323d90>, 'domain_id': None, 'trust_id': None, 'trustor_id': None, 'trustee_id': None, 'domain_name': None, 'group_ids': [], 'user_id': '4c8e89e4d0d64658a6559b02016fa43a', 'user_domain_id': 'default', 'system_scope': 'all', 'project_id': None, 'project_domain_id': None, 'roles': ['admin', 'manager', 'member', 'reader'], 'is_admin_project': True, 'service_user_id': None, 'service_user_domain_id': None, 'service_project_id': None, 'service_project_domain_id': None, 'service_roles': []} {{(pid=68844) fill_context /opt/stack/keystone/keystone/server/flask/request_processing/middleware/auth_context.py:506}}
Jan 07 09:21:55 ubuntu devstack@keystone.service[68844]: DEBUG keystone.server.flask.request_processing.req_logging [None req-269b4657-f720-4868-8305-ae57d7d5cea3 None admin] REQUEST_METHOD: `POST` {{(pid=68844) log_request_info /opt/stack/keystone/keystone/server/flask/request_processing/req_logging.py:26}}
Jan 07 09:21:55 ubuntu devstack@keystone.service[68844]: DEBUG keystone.server.flask.request_processing.req_logging [None req-269b4657-f720-4868-8305-ae57d7d5cea3 None admin] SCRIPT_NAME: `/identity` {{(pid=68844) log_request_info /opt/stack/keystone/keystone/server/flask/request_processing/req_logging.py:27}}
Jan 07 09:21:55 ubuntu devstack@keystone.service[68844]: DEBUG keystone.server.flask.request_processing.req_logging [None req-269b4657-f720-4868-8305-ae57d7d5cea3 None admin] PATH_INFO: `/v3/projects` {{(pid=68844) log_request_info /opt/stack/keystone/keystone/server/flask/request_processing/req_logging.py:28}}
Jan 07 09:21:55 ubuntu devstack@keystone.service[68844]: DEBUG keystone.common.rbac_enforcer.enforcer [None req-269b4657-f720-4868-8305-ae57d7d5cea3 None admin] RBAC: Authorizing `identity:create_project()` {{(pid=68844) enforce_call /opt/stack/keystone/keystone/common/rbac_enforcer/enforcer.py:495}}
Jan 07 09:21:55 ubuntu devstack@keystone.service[68844]: DEBUG keystone.common.rbac_enforcer.enforcer [None req-269b4657-f720-4868-8305-ae57d7d5cea3 None admin] RBAC: Authorization granted {{(pid=68844) enforce_call /opt/stack/keystone/keystone/common/rbac_enforcer/enforcer.py:506}}
Jan 07 09:21:55 ubuntu devstack@keystone.service[68844]: [pid: 68844|app: 0|req: 24/48] 10.201.5.82 () {60 vars in 1133 bytes} [Tue Jan  7 09:21:55 2025] POST /identity/v3/projects => generated 312 bytes in 92 msecs (HTTP/1.1 201) 5 headers in 182 bytes (1 switches on core 0)
Jan 07 09:21:56 ubuntu devstack@keystone.service[68845]: DEBUG keystone.server.flask.request_processing.req_logging [None req-5d62696e-60e0-4278-bcb2-dbf7fedfacb9 None None] REQUEST_METHOD: `GET` {{(pid=68845) log_request_info /opt/stack/keystone/keystone/server/flask/request_processing/req_logging.py:26}}
Jan 07 09:21:56 ubuntu devstack@keystone.service[68845]: DEBUG keystone.server.flask.request_processing.req_logging [None req-5d62696e-60e0-4278-bcb2-dbf7fedfacb9 None None] SCRIPT_NAME: `/identity` {{(pid=68845) log_request_info /opt/stack/keystone/keystone/server/flask/request_processing/req_logging.py:27}}
Jan 07 09:21:56 ubuntu devstack@keystone.service[68845]: DEBUG keystone.server.flask.request_processing.req_logging [None req-5d62696e-60e0-4278-bcb2-dbf7fedfacb9 None None] PATH_INFO: `/` {{(pid=68845) log_request_info /opt/stack/keystone/keystone/server/flask/request_processing/req_logging.py:28}}
Jan 07 09:21:56 ubuntu devstack@keystone.service[68845]: [pid: 68845|app: 0|req: 25/49] 10.201.5.82 () {54 vars in 918 bytes} [Tue Jan  7 09:21:56 2025] GET /identity => generated 270 bytes in 8 msecs (HTTP/1.1 300) 6 headers in 234 bytes (1 switches on core 0)
Jan 07 09:21:56 ubuntu devstack@keystone.service[68844]: DEBUG keystone.server.flask.request_processing.req_logging [None req-ac0db5ad-2667-4692-a9a8-a5f072c7440f None None] REQUEST_METHOD: `POST` {{(pid=68844) log_request_info /opt/stack/keystone/keystone/server/flask/request_processing/req_logging.py:26}}
Jan 07 09:21:56 ubuntu devstack@keystone.service[68844]: DEBUG keystone.server.flask.request_processing.req_logging [None req-ac0db5ad-2667-4692-a9a8-a5f072c7440f None None] SCRIPT_NAME: `/identity` {{(pid=68844) log_request_info /opt/stack/keystone/keystone/server/flask/request_processing/req_logging.py:27}}
Jan 07 09:21:56 ubuntu devstack@keystone.service[68844]: DEBUG keystone.server.flask.request_processing.req_logging [None req-ac0db5ad-2667-4692-a9a8-a5f072c7440f None None] PATH_INFO: `/v3/auth/tokens` {{(pid=68844) log_request_info /opt/stack/keystone/keystone/server/flask/request_processing/req_logging.py:28}}
Jan 07 09:21:56 ubuntu devstack@keystone.service[68844]: WARNING keystone.common.password_hashing [None req-ac0db5ad-2667-4692-a9a8-a5f072c7440f None None] Truncating password to algorithm specific maximum length 72 characters.
Jan 07 09:21:56 ubuntu devstack@keystone.service[68844]: DEBUG keystone.auth.core [None req-ac0db5ad-2667-4692-a9a8-a5f072c7440f None None] MFA Rules not processed for user `4c8e89e4d0d64658a6559b02016fa43a`. Rule list: `[]` (Enabled: `True`). {{(pid=68844) check_auth_methods_against_rules /opt/stack/keystone/keystone/auth/core.py:476}}
Jan 07 09:21:56 ubuntu devstack@keystone.service[68844]: DEBUG keystone.common.fernet_utils [None req-ac0db5ad-2667-4692-a9a8-a5f072c7440f None None] Loaded 2 Fernet keys from /etc/keystone/fernet-keys/, but `[fernet_tokens] max_active_keys = 3`; perhaps there have not been enough key rotations to reach `max_active_keys` yet? {{(pid=68844) load_keys /opt/stack/keystone/keystone/common/fernet_utils.py:297}}
Jan 07 09:21:56 ubuntu devstack@keystone.service[68844]: [pid: 68844|app: 0|req: 25/50] 10.201.5.82 () {58 vars in 1015 bytes} [Tue Jan  7 09:21:56 2025] POST /identity/v3/auth/tokens => generated 862 bytes in 72 msecs (HTTP/1.1 201) 6 headers in 363 bytes (2 switches on core 0)
Jan 07 09:21:56 ubuntu devstack@keystone.service[68845]: DEBUG keystone.server.flask.request_processing.middleware.auth_context [None req-5d62696e-60e0-4278-bcb2-dbf7fedfacb9 None None] Authenticating user token {{(pid=68845) process_request /opt/stack/data/venv/lib/python3.10/site-packages/keystonemiddleware/auth_token/__init__.py:406}}
Jan 07 09:21:56 ubuntu devstack@keystone.service[68845]: DEBUG keystone.server.flask.request_processing.middleware.auth_context [None req-5d62696e-60e0-4278-bcb2-dbf7fedfacb9 None None] Validating token access rules against request {{(pid=68845) validate_allowed_request /opt/stack/data/venv/lib/python3.10/site-packages/keystonemiddleware/auth_token/__init__.py:544}}
Jan 07 09:21:56 ubuntu devstack@keystone.service[68845]: DEBUG keystone.server.flask.request_processing.middleware.auth_context [None req-281127c6-951b-4961-9caa-b68c846b29fd None admin] RBAC: auth_context: {'token': <TokenModel (audit_id=eBtDHIxmRwu1xoCWuV1lNg, audit_chain_id=['eBtDHIxmRwu1xoCWuV1lNg']) at 0x7fda6468ff10>, 'domain_id': None, 'trust_id': None, 'trustor_id': None, 'trustee_id': None, 'domain_name': None, 'group_ids': [], 'user_id': '4c8e89e4d0d64658a6559b02016fa43a', 'user_domain_id': 'default', 'system_scope': 'all', 'project_id': None, 'project_domain_id': None, 'roles': ['admin', 'manager', 'member', 'reader'], 'is_admin_project': True, 'service_user_id': None, 'service_user_domain_id': None, 'service_project_id': None, 'service_project_domain_id': None, 'service_roles': []} {{(pid=68845) fill_context /opt/stack/keystone/keystone/server/flask/request_processing/middleware/auth_context.py:506}}
Jan 07 09:21:56 ubuntu devstack@keystone.service[68845]: DEBUG keystone.server.flask.request_processing.req_logging [None req-281127c6-951b-4961-9caa-b68c846b29fd None admin] REQUEST_METHOD: `GET` {{(pid=68845) log_request_info /opt/stack/keystone/keystone/server/flask/request_processing/req_logging.py:26}}
Jan 07 09:21:56 ubuntu devstack@keystone.service[68845]: DEBUG keystone.server.flask.request_processing.req_logging [None req-281127c6-951b-4961-9caa-b68c846b29fd None admin] SCRIPT_NAME: `/identity` {{(pid=68845) log_request_info /opt/stack/keystone/keystone/server/flask/request_processing/req_logging.py:27}}
Jan 07 09:21:56 ubuntu devstack@keystone.service[68845]: DEBUG keystone.server.flask.request_processing.req_logging [None req-281127c6-951b-4961-9caa-b68c846b29fd None admin] PATH_INFO: `/v3/domains/default` {{(pid=68845) log_request_info /opt/stack/keystone/keystone/server/flask/request_processing/req_logging.py:28}}
Jan 07 09:21:56 ubuntu devstack@keystone.service[68845]: DEBUG keystone.common.rbac_enforcer.enforcer [None req-281127c6-951b-4961-9caa-b68c846b29fd None admin] RBAC: Authorizing `identity:get_domain(domain_id=default)` {{(pid=68845) enforce_call /opt/stack/keystone/keystone/common/rbac_enforcer/enforcer.py:495}}
Jan 07 09:21:56 ubuntu devstack@keystone.service[68845]: DEBUG keystone.common.rbac_enforcer.enforcer [None req-281127c6-951b-4961-9caa-b68c846b29fd None admin] RBAC: Authorization granted {{(pid=68845) enforce_call /opt/stack/keystone/keystone/common/rbac_enforcer/enforcer.py:506}}
Jan 07 09:21:56 ubuntu devstack@keystone.service[68845]: [pid: 68845|app: 0|req: 26/51] 10.201.5.82 () {56 vars in 1100 bytes} [Tue Jan  7 09:21:56 2025] GET /identity/v3/domains/default => generated 199 bytes in 149 msecs (HTTP/1.1 200) 5 headers in 177 bytes (1 switches on core 0)
Jan 07 09:21:56 ubuntu devstack@keystone.service[68844]: DEBUG keystone.server.flask.request_processing.middleware.auth_context [None req-ac0db5ad-2667-4692-a9a8-a5f072c7440f None None] Authenticating user token {{(pid=68844) process_request /opt/stack/data/venv/lib/python3.10/site-packages/keystonemiddleware/auth_token/__init__.py:406}}
Jan 07 09:21:57 ubuntu devstack@keystone.service[68844]: DEBUG keystone.server.flask.request_processing.middleware.auth_context [None req-ac0db5ad-2667-4692-a9a8-a5f072c7440f None None] Validating token access rules against request {{(pid=68844) validate_allowed_request /opt/stack/data/venv/lib/python3.10/site-packages/keystonemiddleware/auth_token/__init__.py:544}}
Jan 07 09:21:57 ubuntu devstack@keystone.service[68844]: DEBUG keystone.server.flask.request_processing.middleware.auth_context [None req-adf29269-9eb9-4663-b9e8-52d9c1e489bb None admin] RBAC: auth_context: {'token': <TokenModel (audit_id=eBtDHIxmRwu1xoCWuV1lNg, audit_chain_id=['eBtDHIxmRwu1xoCWuV1lNg']) at 0x7fda64322e30>, 'domain_id': None, 'trust_id': None, 'trustor_id': None, 'trustee_id': None, 'domain_name': None, 'group_ids': [], 'user_id': '4c8e89e4d0d64658a6559b02016fa43a', 'user_domain_id': 'default', 'system_scope': 'all', 'project_id': None, 'project_domain_id': None, 'roles': ['admin', 'manager', 'member', 'reader'], 'is_admin_project': True, 'service_user_id': None, 'service_user_domain_id': None, 'service_project_id': None, 'service_project_domain_id': None, 'service_roles': []} {{(pid=68844) fill_context /opt/stack/keystone/keystone/server/flask/request_processing/middleware/auth_context.py:506}}
Jan 07 09:21:57 ubuntu devstack@keystone.service[68844]: DEBUG keystone.server.flask.request_processing.req_logging [None req-adf29269-9eb9-4663-b9e8-52d9c1e489bb None admin] REQUEST_METHOD: `POST` {{(pid=68844) log_request_info /opt/stack/keystone/keystone/server/flask/request_processing/req_logging.py:26}}
Jan 07 09:21:57 ubuntu devstack@keystone.service[68844]: DEBUG keystone.server.flask.request_processing.req_logging [None req-adf29269-9eb9-4663-b9e8-52d9c1e489bb None admin] SCRIPT_NAME: `/identity` {{(pid=68844) log_request_info /opt/stack/keystone/keystone/server/flask/request_processing/req_logging.py:27}}
Jan 07 09:21:57 ubuntu devstack@keystone.service[68844]: DEBUG keystone.server.flask.request_processing.req_logging [None req-adf29269-9eb9-4663-b9e8-52d9c1e489bb None admin] PATH_INFO: `/v3/projects` {{(pid=68844) log_request_info /opt/stack/keystone/keystone/server/flask/request_processing/req_logging.py:28}}
Jan 07 09:21:57 ubuntu devstack@keystone.service[68844]: DEBUG keystone.common.rbac_enforcer.enforcer [None req-adf29269-9eb9-4663-b9e8-52d9c1e489bb None admin] RBAC: Authorizing `identity:create_project()` {{(pid=68844) enforce_call /opt/stack/keystone/keystone/common/rbac_enforcer/enforcer.py:495}}
Jan 07 09:21:57 ubuntu devstack@keystone.service[68844]: DEBUG keystone.common.rbac_enforcer.enforcer [None req-adf29269-9eb9-4663-b9e8-52d9c1e489bb None admin] RBAC: Authorization granted {{(pid=68844) enforce_call /opt/stack/keystone/keystone/common/rbac_enforcer/enforcer.py:506}}
Jan 07 09:21:57 ubuntu devstack@keystone.service[68844]: [pid: 68844|app: 0|req: 26/52] 10.201.5.82 () {60 vars in 1132 bytes} [Tue Jan  7 09:21:56 2025] POST /identity/v3/projects => generated 298 bytes in 81 msecs (HTTP/1.1 201) 5 headers in 182 bytes (1 switches on core 0)
Jan 07 09:21:58 ubuntu devstack@keystone.service[68845]: DEBUG keystone.server.flask.request_processing.req_logging [None req-e3a54dd9-43b5-4c6c-8469-05246886a2c2 None None] REQUEST_METHOD: `GET` {{(pid=68845) log_request_info /opt/stack/keystone/keystone/server/flask/request_processing/req_logging.py:26}}
Jan 07 09:21:58 ubuntu devstack@keystone.service[68845]: DEBUG keystone.server.flask.request_processing.req_logging [None req-e3a54dd9-43b5-4c6c-8469-05246886a2c2 None None] SCRIPT_NAME: `/identity` {{(pid=68845) log_request_info /opt/stack/keystone/keystone/server/flask/request_processing/req_logging.py:27}}
Jan 07 09:21:58 ubuntu devstack@keystone.service[68845]: DEBUG keystone.server.flask.request_processing.req_logging [None req-e3a54dd9-43b5-4c6c-8469-05246886a2c2 None None] PATH_INFO: `/` {{(pid=68845) log_request_info /opt/stack/keystone/keystone/server/flask/request_processing/req_logging.py:28}}
Jan 07 09:21:58 ubuntu devstack@keystone.service[68845]: [pid: 68845|app: 0|req: 27/53] 10.201.5.82 () {54 vars in 918 bytes} [Tue Jan  7 09:21:58 2025] GET /identity => generated 270 bytes in 6 msecs (HTTP/1.1 300) 6 headers in 234 bytes (1 switches on core 0)
Jan 07 09:21:58 ubuntu devstack@keystone.service[68844]: DEBUG keystone.server.flask.request_processing.req_logging [None req-59f315b6-a131-4527-93e9-f8d3efa5eacb None None] REQUEST_METHOD: `POST` {{(pid=68844) log_request_info /opt/stack/keystone/keystone/server/flask/request_processing/req_logging.py:26}}
Jan 07 09:21:58 ubuntu devstack@keystone.service[68844]: DEBUG keystone.server.flask.request_processing.req_logging [None req-59f315b6-a131-4527-93e9-f8d3efa5eacb None None] SCRIPT_NAME: `/identity` {{(pid=68844) log_request_info /opt/stack/keystone/keystone/server/flask/request_processing/req_logging.py:27}}
Jan 07 09:21:58 ubuntu devstack@keystone.service[68844]: DEBUG keystone.server.flask.request_processing.req_logging [None req-59f315b6-a131-4527-93e9-f8d3efa5eacb None None] PATH_INFO: `/v3/auth/tokens` {{(pid=68844) log_request_info /opt/stack/keystone/keystone/server/flask/request_processing/req_logging.py:28}}
Jan 07 09:21:58 ubuntu devstack@keystone.service[68844]: WARNING keystone.common.password_hashing [None req-59f315b6-a131-4527-93e9-f8d3efa5eacb None None] Truncating password to algorithm specific maximum length 72 characters.
Jan 07 09:21:58 ubuntu devstack@keystone.service[68844]: DEBUG keystone.auth.core [None req-59f315b6-a131-4527-93e9-f8d3efa5eacb None None] MFA Rules not processed for user `4c8e89e4d0d64658a6559b02016fa43a`. Rule list: `[]` (Enabled: `True`). {{(pid=68844) check_auth_methods_against_rules /opt/stack/keystone/keystone/auth/core.py:476}}
Jan 07 09:21:58 ubuntu devstack@keystone.service[68844]: DEBUG keystone.common.fernet_utils [None req-59f315b6-a131-4527-93e9-f8d3efa5eacb None None] Loaded 2 Fernet keys from /etc/keystone/fernet-keys/, but `[fernet_tokens] max_active_keys = 3`; perhaps there have not been enough key rotations to reach `max_active_keys` yet? {{(pid=68844) load_keys /opt/stack/keystone/keystone/common/fernet_utils.py:297}}
Jan 07 09:21:58 ubuntu devstack@keystone.service[68844]: [pid: 68844|app: 0|req: 27/54] 10.201.5.82 () {58 vars in 1015 bytes} [Tue Jan  7 09:21:58 2025] POST /identity/v3/auth/tokens => generated 862 bytes in 59 msecs (HTTP/1.1 201) 6 headers in 363 bytes (1 switches on core 0)
Jan 07 09:21:58 ubuntu devstack@keystone.service[68845]: DEBUG keystone.server.flask.request_processing.middleware.auth_context [None req-e3a54dd9-43b5-4c6c-8469-05246886a2c2 None None] Authenticating user token {{(pid=68845) process_request /opt/stack/data/venv/lib/python3.10/site-packages/keystonemiddleware/auth_token/__init__.py:406}}
Jan 07 09:21:58 ubuntu devstack@keystone.service[68845]: DEBUG keystone.server.flask.request_processing.middleware.auth_context [None req-e3a54dd9-43b5-4c6c-8469-05246886a2c2 None None] Validating token access rules against request {{(pid=68845) validate_allowed_request /opt/stack/data/venv/lib/python3.10/site-packages/keystonemiddleware/auth_token/__init__.py:544}}
