Apr 24 13:46:32 ubuntu devstack@g-api.service[133835]: DEBUG glance.common.config [None req-e99f9a46-3f2a-4803-9761-818cd6e18d4e None None] database.slave_connection      = **** {{(pid=133835) log_opt_values /opt/stack/data/venv/lib/python3.10/site-packages/oslo_config/cfg.py:3006}}
Apr 24 13:46:32 ubuntu devstack@g-api.service[133836]: DEBUG glance.common.config [None req-aae85864-8ed6-4636-a8a4-e059e96bd5e4 None None] barbican_service_user.timeout  = None {{(pid=133836) log_opt_values /opt/stack/data/venv/lib/python3.10/site-packages/oslo_config/cfg.py:3006}}
Apr 24 13:46:32 ubuntu devstack@g-api.service[133835]: DEBUG glance.common.config [None req-e99f9a46-3f2a-4803-9761-818cd6e18d4e None None] database.sqlite_synchronous    = True {{(pid=133835) log_opt_values /opt/stack/data/venv/lib/python3.10/site-packages/oslo_config/cfg.py:3006}}
Apr 24 13:46:32 ubuntu devstack@g-api.service[133836]: DEBUG glance.common.config [None req-aae85864-8ed6-4636-a8a4-e059e96bd5e4 None None] database.asyncio_connection    = **** {{(pid=133836) log_opt_values /opt/stack/data/venv/lib/python3.10/site-packages/oslo_config/cfg.py:3006}}
Apr 24 13:46:32 ubuntu devstack@g-api.service[133835]: DEBUG glance.common.config [None req-e99f9a46-3f2a-4803-9761-818cd6e18d4e None None] database.synchronous_reader    = True {{(pid=133835) log_opt_values /opt/stack/data/venv/lib/python3.10/site-packages/oslo_config/cfg.py:3006}}
Apr 24 13:46:32 ubuntu devstack@g-api.service[133836]: DEBUG glance.common.config [None req-aae85864-8ed6-4636-a8a4-e059e96bd5e4 None None] database.asyncio_slave_connection = **** {{(pid=133836) log_opt_values /opt/stack/data/venv/lib/python3.10/site-packages/oslo_config/cfg.py:3006}}
Apr 24 13:46:32 ubuntu devstack@g-api.service[133835]: DEBUG glance.common.config [None req-e99f9a46-3f2a-4803-9761-818cd6e18d4e None None] database.use_db_reconnect      = False {{(pid=133835) log_opt_values /opt/stack/data/venv/lib/python3.10/site-packages/oslo_config/cfg.py:3006}}
Apr 24 13:46:32 ubuntu devstack@g-api.service[133836]: DEBUG glance.common.config [None req-aae85864-8ed6-4636-a8a4-e059e96bd5e4 None None] database.backend               = sqlalchemy {{(pid=133836) log_opt_values /opt/stack/data/venv/lib/python3.10/site-packages/oslo_config/cfg.py:3006}}
Apr 24 13:46:32 ubuntu devstack@g-api.service[133835]: DEBUG glance.common.config [None req-e99f9a46-3f2a-4803-9761-818cd6e18d4e None None] healthcheck.allowed_source_ranges = [] {{(pid=133835) log_opt_values /opt/stack/data/venv/lib/python3.10/site-packages/oslo_config/cfg.py:3006}}
Apr 24 13:46:32 ubuntu devstack@g-api.service[133836]: DEBUG glance.common.config [None req-aae85864-8ed6-4636-a8a4-e059e96bd5e4 None None] database.connection            = **** {{(pid=133836) log_opt_values /opt/stack/data/venv/lib/python3.10/site-packages/oslo_config/cfg.py:3006}}
Apr 24 13:46:32 ubuntu devstack@g-api.service[133835]: DEBUG glance.common.config [None req-e99f9a46-3f2a-4803-9761-818cd6e18d4e None None] healthcheck.backends           = ['disable_by_file'] {{(pid=133835) log_opt_values /opt/stack/data/venv/lib/python3.10/site-packages/oslo_config/cfg.py:3006}}
Apr 24 13:46:32 ubuntu devstack@g-api.service[133836]: DEBUG glance.common.config [None req-aae85864-8ed6-4636-a8a4-e059e96bd5e4 None None] database.connection_debug      = 0 {{(pid=133836) log_opt_values /opt/stack/data/venv/lib/python3.10/site-packages/oslo_config/cfg.py:3006}}
Apr 24 13:46:32 ubuntu devstack@g-api.service[133835]: DEBUG glance.common.config [None req-e99f9a46-3f2a-4803-9761-818cd6e18d4e None None] healthcheck.detailed           = False {{(pid=133835) log_opt_values /opt/stack/data/venv/lib/python3.10/site-packages/oslo_config/cfg.py:3006}}
Apr 24 13:46:32 ubuntu devstack@g-api.service[133836]: DEBUG glance.common.config [None req-aae85864-8ed6-4636-a8a4-e059e96bd5e4 None None] database.connection_parameters =  {{(pid=133836) log_opt_values /opt/stack/data/venv/lib/python3.10/site-packages/oslo_config/cfg.py:3006}}
Apr 24 13:46:32 ubuntu devstack@g-api.service[133835]: DEBUG glance.common.config [None req-e99f9a46-3f2a-4803-9761-818cd6e18d4e None None] healthcheck.disable_by_file_path = None {{(pid=133835) log_opt_values /opt/stack/data/venv/lib/python3.10/site-packages/oslo_config/cfg.py:3006}}
Apr 24 13:46:32 ubuntu devstack@g-api.service[133836]: DEBUG glance.common.config [None req-aae85864-8ed6-4636-a8a4-e059e96bd5e4 None None] database.connection_recycle_time = 3600 {{(pid=133836) log_opt_values /opt/stack/data/venv/lib/python3.10/site-packages/oslo_config/cfg.py:3006}}
Apr 24 13:46:32 ubuntu devstack@g-api.service[133835]: DEBUG glance.common.config [None req-e99f9a46-3f2a-4803-9761-818cd6e18d4e None None] healthcheck.ignore_proxied_requests = False {{(pid=133835) log_opt_values /opt/stack/data/venv/lib/python3.10/site-packages/oslo_config/cfg.py:3006}}
Apr 24 13:46:32 ubuntu devstack@g-api.service[133835]: DEBUG glance.common.config [None req-e99f9a46-3f2a-4803-9761-818cd6e18d4e None None] ******************************************************************************** {{(pid=133835) log_opt_values /opt/stack/data/venv/lib/python3.10/site-packages/oslo_config/cfg.py:3013}}
Apr 24 13:46:32 ubuntu devstack@g-api.service[133836]: DEBUG glance.common.config [None req-aae85864-8ed6-4636-a8a4-e059e96bd5e4 None None] database.connection_trace      = False {{(pid=133836) log_opt_values /opt/stack/data/venv/lib/python3.10/site-packages/oslo_config/cfg.py:3006}}
Apr 24 13:46:32 ubuntu devstack@g-api.service[133835]: WSGI app 0 (mountpoint='') ready in 2 seconds on interpreter 0x558a08fa3280 pid: 133835 (default app)
Apr 24 13:46:32 ubuntu devstack@g-api.service[133836]: DEBUG glance.common.config [None req-aae85864-8ed6-4636-a8a4-e059e96bd5e4 None None] database.db_inc_retry_interval = True {{(pid=133836) log_opt_values /opt/stack/data/venv/lib/python3.10/site-packages/oslo_config/cfg.py:3006}}
Apr 24 13:46:32 ubuntu devstack@g-api.service[133836]: DEBUG glance.common.config [None req-aae85864-8ed6-4636-a8a4-e059e96bd5e4 None None] database.db_max_retries        = 20 {{(pid=133836) log_opt_values /opt/stack/data/venv/lib/python3.10/site-packages/oslo_config/cfg.py:3006}}
Apr 24 13:46:32 ubuntu devstack@g-api.service[133836]: DEBUG glance.common.config [None req-aae85864-8ed6-4636-a8a4-e059e96bd5e4 None None] database.db_max_retry_interval = 10 {{(pid=133836) log_opt_values /opt/stack/data/venv/lib/python3.10/site-packages/oslo_config/cfg.py:3006}}
Apr 24 13:46:32 ubuntu devstack@g-api.service[133836]: DEBUG glance.common.config [None req-aae85864-8ed6-4636-a8a4-e059e96bd5e4 None None] database.db_retry_interval     = 1 {{(pid=133836) log_opt_values /opt/stack/data/venv/lib/python3.10/site-packages/oslo_config/cfg.py:3006}}
Apr 24 13:46:32 ubuntu devstack@g-api.service[133836]: DEBUG glance.common.config [None req-aae85864-8ed6-4636-a8a4-e059e96bd5e4 None None] database.max_overflow          = 50 {{(pid=133836) log_opt_values /opt/stack/data/venv/lib/python3.10/site-packages/oslo_config/cfg.py:3006}}
Apr 24 13:46:32 ubuntu devstack@g-api.service[133835]: DEBUG glance.api.middleware.version_negotiation [None req-e99f9a46-3f2a-4803-9761-818cd6e18d4e None None] Determining version of request: GET / Accept: */* {{(pid=133835) process_request /opt/stack/glance/glance/api/middleware/version_negotiation.py:44}}
Apr 24 13:46:32 ubuntu devstack@g-api.service[133836]: DEBUG glance.common.config [None req-aae85864-8ed6-4636-a8a4-e059e96bd5e4 None None] database.max_pool_size         = 5 {{(pid=133836) log_opt_values /opt/stack/data/venv/lib/python3.10/site-packages/oslo_config/cfg.py:3006}}
Apr 24 13:46:32 ubuntu devstack@g-api.service[133836]: DEBUG glance.common.config [None req-aae85864-8ed6-4636-a8a4-e059e96bd5e4 None None] database.max_retries           = 10 {{(pid=133836) log_opt_values /opt/stack/data/venv/lib/python3.10/site-packages/oslo_config/cfg.py:3006}}
Apr 24 13:46:32 ubuntu devstack@g-api.service[133835]: DEBUG glance.api.middleware.version_negotiation [None req-e99f9a46-3f2a-4803-9761-818cd6e18d4e None None] Using url versioning {{(pid=133835) process_request /opt/stack/glance/glance/api/middleware/version_negotiation.py:57}}
Apr 24 13:46:32 ubuntu devstack@g-api.service[133836]: DEBUG glance.common.config [None req-aae85864-8ed6-4636-a8a4-e059e96bd5e4 None None] database.mysql_sql_mode        = TRADITIONAL {{(pid=133836) log_opt_values /opt/stack/data/venv/lib/python3.10/site-packages/oslo_config/cfg.py:3006}}
Apr 24 13:46:32 ubuntu devstack@g-api.service[133835]: DEBUG glance.api.middleware.version_negotiation [None req-e99f9a46-3f2a-4803-9761-818cd6e18d4e None None] Unknown version. Returning version choices. {{(pid=133835) process_request /opt/stack/glance/glance/api/middleware/version_negotiation.py:64}}
Apr 24 13:46:32 ubuntu devstack@g-api.service[133836]: DEBUG glance.common.config [None req-aae85864-8ed6-4636-a8a4-e059e96bd5e4 None None] database.mysql_wsrep_sync_wait = None {{(pid=133836) log_opt_values /opt/stack/data/venv/lib/python3.10/site-packages/oslo_config/cfg.py:3006}}
Apr 24 13:46:32 ubuntu devstack@g-api.service[133836]: DEBUG glance.common.config [None req-aae85864-8ed6-4636-a8a4-e059e96bd5e4 None None] database.pool_timeout          = None {{(pid=133836) log_opt_values /opt/stack/data/venv/lib/python3.10/site-packages/oslo_config/cfg.py:3006}}
Apr 24 13:46:32 ubuntu devstack@g-api.service[133836]: DEBUG glance.common.config [None req-aae85864-8ed6-4636-a8a4-e059e96bd5e4 None None] database.retry_interval        = 10 {{(pid=133836) log_opt_values /opt/stack/data/venv/lib/python3.10/site-packages/oslo_config/cfg.py:3006}}
Apr 24 13:46:32 ubuntu devstack@g-api.service[133836]: DEBUG glance.common.config [None req-aae85864-8ed6-4636-a8a4-e059e96bd5e4 None None] database.slave_connection      = **** {{(pid=133836) log_opt_values /opt/stack/data/venv/lib/python3.10/site-packages/oslo_config/cfg.py:3006}}
Apr 24 13:46:32 ubuntu devstack@g-api.service[133836]: DEBUG glance.common.config [None req-aae85864-8ed6-4636-a8a4-e059e96bd5e4 None None] database.sqlite_synchronous    = True {{(pid=133836) log_opt_values /opt/stack/data/venv/lib/python3.10/site-packages/oslo_config/cfg.py:3006}}
Apr 24 13:46:32 ubuntu devstack@g-api.service[133836]: DEBUG glance.common.config [None req-aae85864-8ed6-4636-a8a4-e059e96bd5e4 None None] database.synchronous_reader    = True {{(pid=133836) log_opt_values /opt/stack/data/venv/lib/python3.10/site-packages/oslo_config/cfg.py:3006}}
Apr 24 13:46:32 ubuntu devstack@g-api.service[133836]: DEBUG glance.common.config [None req-aae85864-8ed6-4636-a8a4-e059e96bd5e4 None None] database.use_db_reconnect      = False {{(pid=133836) log_opt_values /opt/stack/data/venv/lib/python3.10/site-packages/oslo_config/cfg.py:3006}}
Apr 24 13:46:32 ubuntu devstack@g-api.service[133835]: [pid: 133835|app: 0|req: 1/1] 127.0.0.1 () {32 vars in 386 bytes} [Fri Apr 24 13:46:32 2026] GET / => generated 1407 bytes in 1 msecs (HTTP/1.1 300) 3 headers in 106 bytes (1 switches on core 0)
Apr 24 13:46:32 ubuntu devstack@g-api.service[133836]: DEBUG glance.common.config [None req-aae85864-8ed6-4636-a8a4-e059e96bd5e4 None None] healthcheck.allowed_source_ranges = [] {{(pid=133836) log_opt_values /opt/stack/data/venv/lib/python3.10/site-packages/oslo_config/cfg.py:3006}}
Apr 24 13:46:32 ubuntu devstack@g-api.service[133836]: DEBUG glance.common.config [None req-aae85864-8ed6-4636-a8a4-e059e96bd5e4 None None] healthcheck.backends           = ['disable_by_file'] {{(pid=133836) log_opt_values /opt/stack/data/venv/lib/python3.10/site-packages/oslo_config/cfg.py:3006}}
Apr 24 13:46:32 ubuntu devstack@g-api.service[133836]: DEBUG glance.common.config [None req-aae85864-8ed6-4636-a8a4-e059e96bd5e4 None None] healthcheck.detailed           = False {{(pid=133836) log_opt_values /opt/stack/data/venv/lib/python3.10/site-packages/oslo_config/cfg.py:3006}}
Apr 24 13:46:32 ubuntu devstack@g-api.service[133836]: DEBUG glance.common.config [None req-aae85864-8ed6-4636-a8a4-e059e96bd5e4 None None] healthcheck.disable_by_file_path = None {{(pid=133836) log_opt_values /opt/stack/data/venv/lib/python3.10/site-packages/oslo_config/cfg.py:3006}}
Apr 24 13:46:32 ubuntu devstack@g-api.service[133836]: DEBUG glance.common.config [None req-aae85864-8ed6-4636-a8a4-e059e96bd5e4 None None] healthcheck.ignore_proxied_requests = False {{(pid=133836) log_opt_values /opt/stack/data/venv/lib/python3.10/site-packages/oslo_config/cfg.py:3006}}
Apr 24 13:46:32 ubuntu devstack@g-api.service[133836]: DEBUG glance.common.config [None req-aae85864-8ed6-4636-a8a4-e059e96bd5e4 None None] ******************************************************************************** {{(pid=133836) log_opt_values /opt/stack/data/venv/lib/python3.10/site-packages/oslo_config/cfg.py:3013}}
Apr 24 13:46:32 ubuntu devstack@g-api.service[133836]: WSGI app 0 (mountpoint='') ready in 2 seconds on interpreter 0x558a08fa3280 pid: 133836 (default app)
Apr 24 13:46:35 ubuntu devstack@g-api.service[133835]: DEBUG glance.api.middleware.version_negotiation [None req-e99f9a46-3f2a-4803-9761-818cd6e18d4e None None] Determining version of request: GET / Accept: application/json {{(pid=133835) process_request /opt/stack/glance/glance/api/middleware/version_negotiation.py:44}}
Apr 24 13:46:35 ubuntu devstack@g-api.service[133835]: DEBUG glance.api.middleware.version_negotiation [None req-e99f9a46-3f2a-4803-9761-818cd6e18d4e None None] Using url versioning {{(pid=133835) process_request /opt/stack/glance/glance/api/middleware/version_negotiation.py:57}}
Apr 24 13:46:35 ubuntu devstack@g-api.service[133835]: DEBUG glance.api.middleware.version_negotiation [None req-e99f9a46-3f2a-4803-9761-818cd6e18d4e None None] Unknown version. Returning version choices. {{(pid=133835) process_request /opt/stack/glance/glance/api/middleware/version_negotiation.py:64}}
Apr 24 13:46:35 ubuntu devstack@g-api.service[133835]: [pid: 133835|app: 0|req: 2/2] 127.0.0.1 () {34 vars in 504 bytes} [Fri Apr 24 13:46:35 2026] GET / => generated 1407 bytes in 4 msecs (HTTP/1.1 300) 3 headers in 106 bytes (1 switches on core 0)
Apr 24 13:46:35 ubuntu devstack@g-api.service[133836]: DEBUG glance.api.middleware.version_negotiation [None req-aae85864-8ed6-4636-a8a4-e059e96bd5e4 None None] Determining version of request: POST /v2/images Accept: */* {{(pid=133836) process_request /opt/stack/glance/glance/api/middleware/version_negotiation.py:44}}
Apr 24 13:46:35 ubuntu devstack@g-api.service[133836]: DEBUG glance.api.middleware.version_negotiation [None req-aae85864-8ed6-4636-a8a4-e059e96bd5e4 None None] Using url versioning {{(pid=133836) process_request /opt/stack/glance/glance/api/middleware/version_negotiation.py:57}}
Apr 24 13:46:35 ubuntu devstack@g-api.service[133836]: DEBUG glance.api.middleware.version_negotiation [None req-aae85864-8ed6-4636-a8a4-e059e96bd5e4 None None] Matched version: v2 {{(pid=133836) process_request /opt/stack/glance/glance/api/middleware/version_negotiation.py:69}}
Apr 24 13:46:35 ubuntu devstack@g-api.service[133836]: DEBUG glance.api.middleware.version_negotiation [None req-aae85864-8ed6-4636-a8a4-e059e96bd5e4 None None] new path /v2/images {{(pid=133836) process_request /opt/stack/glance/glance/api/middleware/version_negotiation.py:70}}
Apr 24 13:46:37 ubuntu devstack@g-api.service[133836]: [pid: 133836|app: 0|req: 1/3] 127.0.0.1 () {40 vars in 767 bytes} [Fri Apr 24 13:46:35 2026] POST /v2/images => generated 807 bytes in 1095 msecs (HTTP/1.1 201) 6 headers in 314 bytes (1 switches on core 0)
Apr 24 13:46:37 ubuntu devstack@g-api.service[133835]: DEBUG glance.api.middleware.version_negotiation [None req-e99f9a46-3f2a-4803-9761-818cd6e18d4e None None] Determining version of request: PUT /v2/images/9db20576-3b11-4472-9270-1023171be55c/file Accept:  {{(pid=133835) process_request /opt/stack/glance/glance/api/middleware/version_negotiation.py:44}}
Apr 24 13:46:37 ubuntu devstack@g-api.service[133835]: DEBUG glance.api.middleware.version_negotiation [None req-e99f9a46-3f2a-4803-9761-818cd6e18d4e None None] Using url versioning {{(pid=133835) process_request /opt/stack/glance/glance/api/middleware/version_negotiation.py:57}}
Apr 24 13:46:37 ubuntu devstack@g-api.service[133835]: DEBUG glance.api.middleware.version_negotiation [None req-e99f9a46-3f2a-4803-9761-818cd6e18d4e None None] Matched version: v2 {{(pid=133835) process_request /opt/stack/glance/glance/api/middleware/version_negotiation.py:69}}
Apr 24 13:46:37 ubuntu devstack@g-api.service[133835]: DEBUG glance.api.middleware.version_negotiation [None req-e99f9a46-3f2a-4803-9761-818cd6e18d4e None None] new path /v2/images/9db20576-3b11-4472-9270-1023171be55c/file {{(pid=133835) process_request /opt/stack/glance/glance/api/middleware/version_negotiation.py:70}}
Apr 24 13:46:37 ubuntu devstack@g-api.service[133835]: INFO glance.api.v2.image_data [None req-ead528ef-f76e-4ae3-89de-879cf6ddc4d8 admin admin] Unable to create trust: no such option collect_timing in group [keystone_authtoken] Use the existing user token.
Apr 24 13:46:38 ubuntu devstack@g-api.service[133835]: DEBUG glance.location [None req-ead528ef-f76e-4ae3-89de-879cf6ddc4d8 admin admin] Enabling in-flight format inspection for qcow2 {{(pid=133835) set_data /opt/stack/glance/glance/location.py:616}}
Apr 24 13:46:38 ubuntu devstack@g-api.service[133835]: DEBUG glance_store.backend [None req-ead528ef-f76e-4ae3-89de-879cf6ddc4d8 admin admin] Attempting to import store swift {{(pid=133835) _load_store /opt/stack/data/venv/lib/python3.10/site-packages/glance_store/backend.py:215}}
Apr 24 13:46:38 ubuntu devstack@g-api.service[133835]: DEBUG glance_store.capabilities [None req-ead528ef-f76e-4ae3-89de-879cf6ddc4d8 admin admin] Store glance_store._drivers.swift.store.SingleTenantStore doesn't support updating dynamic storage capabilities. Please overwrite 'update_capabilities' method of the store to implement updating logics if needed. {{(pid=133835) update_capabilities /opt/stack/data/venv/lib/python3.10/site-packages/glance_store/capabilities.py:91}}
Apr 24 13:46:38 ubuntu devstack@g-api.service[133835]: DEBUG glance_store.driver [None req-ead528ef-f76e-4ae3-89de-879cf6ddc4d8 admin admin] Late loading location class glance_store._drivers.swift.store.StoreLocation {{(pid=133835) get_store_location_class /opt/stack/data/venv/lib/python3.10/site-packages/glance_store/driver.py:134}}
Apr 24 13:46:38 ubuntu devstack@g-api.service[133835]: DEBUG glance_store.location [None req-ead528ef-f76e-4ae3-89de-879cf6ddc4d8 admin admin] Registering scheme swift+https with {'store': <glance_store._drivers.swift.store.SingleTenantStore object at 0x7f6644babe80>, 'location_class': <class 'glance_store._drivers.swift.store.StoreLocation'>, 'store_entry': 'swift'} {{(pid=133835) register_scheme_map /opt/stack/data/venv/lib/python3.10/site-packages/glance_store/location.py:146}}
Apr 24 13:46:38 ubuntu devstack@g-api.service[133835]: DEBUG glance_store.location [None req-ead528ef-f76e-4ae3-89de-879cf6ddc4d8 admin admin] Registering scheme swift+https with {'store': <glance_store._drivers.swift.store.SingleTenantStore object at 0x7f6644babe80>, 'location_class': <class 'glance_store._drivers.swift.store.StoreLocation'>, 'store_entry': 'swift'} {{(pid=133835) register_scheme_map /opt/stack/data/venv/lib/python3.10/site-packages/glance_store/location.py:146}}
Apr 24 13:46:38 ubuntu devstack@g-api.service[133835]: DEBUG glance_store.location [None req-ead528ef-f76e-4ae3-89de-879cf6ddc4d8 admin admin] Registering scheme swift with {'store': <glance_store._drivers.swift.store.SingleTenantStore object at 0x7f6644babe80>, 'location_class': <class 'glance_store._drivers.swift.store.StoreLocation'>, 'store_entry': 'swift'} {{(pid=133835) register_scheme_map /opt/stack/data/venv/lib/python3.10/site-packages/glance_store/location.py:146}}
Apr 24 13:46:38 ubuntu devstack@g-api.service[133835]: DEBUG glance_store.location [None req-ead528ef-f76e-4ae3-89de-879cf6ddc4d8 admin admin] Registering scheme swift+https with {'store': <glance_store._drivers.swift.store.SingleTenantStore object at 0x7f6644babe80>, 'location_class': <class 'glance_store._drivers.swift.store.StoreLocation'>, 'store_entry': 'swift'} {{(pid=133835) register_scheme_map /opt/stack/data/venv/lib/python3.10/site-packages/glance_store/location.py:146}}
Apr 24 13:46:38 ubuntu devstack@g-api.service[133835]: DEBUG glance_store.location [None req-ead528ef-f76e-4ae3-89de-879cf6ddc4d8 admin admin] Registering scheme swift with {'store': <glance_store._drivers.swift.store.SingleTenantStore object at 0x7f6644babe80>, 'location_class': <class 'glance_store._drivers.swift.store.StoreLocation'>, 'store_entry': 'swift'} {{(pid=133835) register_scheme_map /opt/stack/data/venv/lib/python3.10/site-packages/glance_store/location.py:146}}
Apr 24 13:46:38 ubuntu devstack@g-api.service[133835]: DEBUG glance_store.location [None req-ead528ef-f76e-4ae3-89de-879cf6ddc4d8 admin admin] Registering scheme swift+http with {'store': <glance_store._drivers.swift.store.SingleTenantStore object at 0x7f6644babe80>, 'location_class': <class 'glance_store._drivers.swift.store.StoreLocation'>, 'store_entry': 'swift'} {{(pid=133835) register_scheme_map /opt/stack/data/venv/lib/python3.10/site-packages/glance_store/location.py:146}}
Apr 24 13:46:38 ubuntu devstack@g-api.service[133835]: DEBUG glance_store.location [None req-ead528ef-f76e-4ae3-89de-879cf6ddc4d8 admin admin] Registering scheme swift+https with {'store': <glance_store._drivers.swift.store.SingleTenantStore object at 0x7f6644babe80>, 'location_class': <class 'glance_store._drivers.swift.store.StoreLocation'>, 'store_entry': 'swift'} {{(pid=133835) register_scheme_map /opt/stack/data/venv/lib/python3.10/site-packages/glance_store/location.py:146}}
Apr 24 13:46:38 ubuntu devstack@g-api.service[133835]: DEBUG glance_store.location [None req-ead528ef-f76e-4ae3-89de-879cf6ddc4d8 admin admin] Registering scheme swift with {'store': <glance_store._drivers.swift.store.SingleTenantStore object at 0x7f6644babe80>, 'location_class': <class 'glance_store._drivers.swift.store.StoreLocation'>, 'store_entry': 'swift'} {{(pid=133835) register_scheme_map /opt/stack/data/venv/lib/python3.10/site-packages/glance_store/location.py:146}}
Apr 24 13:46:38 ubuntu devstack@g-api.service[133835]: DEBUG glance_store.location [None req-ead528ef-f76e-4ae3-89de-879cf6ddc4d8 admin admin] Registering scheme swift+http with {'store': <glance_store._drivers.swift.store.SingleTenantStore object at 0x7f6644babe80>, 'location_class': <class 'glance_store._drivers.swift.store.StoreLocation'>, 'store_entry': 'swift'} {{(pid=133835) register_scheme_map /opt/stack/data/venv/lib/python3.10/site-packages/glance_store/location.py:146}}
Apr 24 13:46:38 ubuntu devstack@g-api.service[133835]: DEBUG glance_store.location [None req-ead528ef-f76e-4ae3-89de-879cf6ddc4d8 admin admin] Registering scheme swift+config with {'store': <glance_store._drivers.swift.store.SingleTenantStore object at 0x7f6644babe80>, 'location_class': <class 'glance_store._drivers.swift.store.StoreLocation'>, 'store_entry': 'swift'} {{(pid=133835) register_scheme_map /opt/stack/data/venv/lib/python3.10/site-packages/glance_store/location.py:146}}
Apr 24 13:46:38 ubuntu devstack@g-api.service[133835]: INFO swiftclient [None req-ead528ef-f76e-4ae3-89de-879cf6ddc4d8 admin admin] REQ: curl -i http://10.201.5.82:8080/v1/AUTH_7425097285a749fb858cdc597f26b622/glance -I -H "X-Auth-Token: gAAAAABp63Q-KBXc..."
Apr 24 13:46:38 ubuntu devstack@g-api.service[133835]: INFO swiftclient [None req-ead528ef-f76e-4ae3-89de-879cf6ddc4d8 admin admin] RESP STATUS: 404 Not Found
Apr 24 13:46:38 ubuntu devstack@g-api.service[133835]: INFO swiftclient [None req-ead528ef-f76e-4ae3-89de-879cf6ddc4d8 admin admin] RESP HEADERS: {'Content-Type': 'text/html; charset=UTF-8', 'Content-Length': '0', 'X-Container-Sharding': 'False', 'X-Trans-Id': 'txae85bd8f695c45e0aa539-0069eb743e', 'X-Openstack-Request-Id': 'txae85bd8f695c45e0aa539-0069eb743e', 'Date': 'Fri, 24 Apr 2026 13:46:38 GMT'}
Apr 24 13:46:38 ubuntu devstack@g-api.service[133835]: INFO glance_store._drivers.swift.store [None req-ead528ef-f76e-4ae3-89de-879cf6ddc4d8 admin admin] Creating swift container glance
Apr 24 13:46:38 ubuntu devstack@g-api.service[133835]: DEBUG swiftclient [None req-ead528ef-f76e-4ae3-89de-879cf6ddc4d8 admin admin] REQ: curl -i http://10.201.5.82:8080/v1/AUTH_7425097285a749fb858cdc597f26b622/glance -X PUT -H "X-Auth-Token: gAAAAABp63Q-KBXc..." -H "Content-Length: 0" {{(pid=133835) http_log /opt/stack/data/venv/lib/python3.10/site-packages/swiftclient/client.py:160}}
Apr 24 13:46:38 ubuntu devstack@g-api.service[133835]: DEBUG swiftclient [None req-ead528ef-f76e-4ae3-89de-879cf6ddc4d8 admin admin] RESP STATUS: 201 Created {{(pid=133835) http_log /opt/stack/data/venv/lib/python3.10/site-packages/swiftclient/client.py:161}}
Apr 24 13:46:38 ubuntu devstack@g-api.service[133835]: DEBUG swiftclient [None req-ead528ef-f76e-4ae3-89de-879cf6ddc4d8 admin admin] RESP HEADERS: {'Content-Type': 'text/html; charset=UTF-8', 'Content-Length': '0', 'X-Trans-Id': 'txdd8d3b2deb8242a3ac484-0069eb743e', 'X-Openstack-Request-Id': 'txdd8d3b2deb8242a3ac484-0069eb743e', 'Date': 'Fri, 24 Apr 2026 13:46:38 GMT'} {{(pid=133835) http_log /opt/stack/data/venv/lib/python3.10/site-packages/swiftclient/client.py:162}}
Apr 24 13:46:38 ubuntu devstack@g-api.service[133835]: DEBUG glance_store._drivers.swift.store [None req-ead528ef-f76e-4ae3-89de-879cf6ddc4d8 admin admin] Adding image object '9db20576-3b11-4472-9270-1023171be55c' to Swift {{(pid=133835) add /opt/stack/data/venv/lib/python3.10/site-packages/glance_store/_drivers/swift/store.py:978}}
Apr 24 13:46:38 ubuntu devstack@g-api.service[133835]: DEBUG oslo_utils.imageutils.format_inspector [None req-ead528ef-f76e-4ae3-89de-879cf6ddc4d8 admin admin] Format inspector for vmdk does not match, excluding from consideration (Signature KDMV not found: b'QFI\xfb') {{(pid=133835) _process_chunk /opt/stack/data/venv/lib/python3.10/site-packages/oslo_utils/imageutils/format_inspector.py:1538}}
Apr 24 13:46:38 ubuntu devstack@g-api.service[133835]: DEBUG oslo_utils.imageutils.format_inspector [None req-ead528ef-f76e-4ae3-89de-879cf6ddc4d8 admin admin] Format inspector for vhdx does not match, excluding from consideration (Region signature not found at 30000) {{(pid=133835) _process_chunk /opt/stack/data/venv/lib/python3.10/site-packages/oslo_utils/imageutils/format_inspector.py:1538}}
Apr 24 13:46:38 ubuntu devstack@g-api.service[133835]: DEBUG swiftclient [None req-ead528ef-f76e-4ae3-89de-879cf6ddc4d8 admin admin] REQ: curl -i http://10.201.5.82:8080/v1/AUTH_7425097285a749fb858cdc597f26b622/glance/9db20576-3b11-4472-9270-1023171be55c -X PUT -H "X-Auth-Token: gAAAAABp63Q-KBXc..." -H "Content-Length: 21692416" {{(pid=133835) http_log /opt/stack/data/venv/lib/python3.10/site-packages/swiftclient/client.py:160}}
Apr 24 13:46:38 ubuntu devstack@g-api.service[133835]: DEBUG swiftclient [None req-ead528ef-f76e-4ae3-89de-879cf6ddc4d8 admin admin] RESP STATUS: 201 Created {{(pid=133835) http_log /opt/stack/data/venv/lib/python3.10/site-packages/swiftclient/client.py:161}}
Apr 24 13:46:38 ubuntu devstack@g-api.service[133835]: DEBUG swiftclient [None req-ead528ef-f76e-4ae3-89de-879cf6ddc4d8 admin admin] RESP HEADERS: {'Content-Type': 'text/html; charset=UTF-8', 'Content-Length': '0', 'Etag': '87617e24a5e30cb3b87fda8c0764838f', 'Last-Modified': 'Fri, 24 Apr 2026 13:46:39 GMT', 'X-Trans-Id': 'tx5b2947dcf0ae4785aed6f-0069eb743e', 'X-Openstack-Request-Id': 'tx5b2947dcf0ae4785aed6f-0069eb743e', 'Date': 'Fri, 24 Apr 2026 13:46:38 GMT'} {{(pid=133835) http_log /opt/stack/data/venv/lib/python3.10/site-packages/swiftclient/client.py:162}}
Apr 24 13:46:38 ubuntu devstack@g-api.service[133835]: INFO glance.location [None req-ead528ef-f76e-4ae3-89de-879cf6ddc4d8 admin admin] Image format matched and virtual size computed: 117440512
Apr 24 13:46:38 ubuntu devstack@g-api.service[133835]: DEBUG glance_store.backend [None req-ead528ef-f76e-4ae3-89de-879cf6ddc4d8 admin admin] Attempting to import store swift {{(pid=133835) _load_store /opt/stack/data/venv/lib/python3.10/site-packages/glance_store/backend.py:215}}
Apr 24 13:46:38 ubuntu devstack@g-api.service[133835]: DEBUG glance_store.capabilities [None req-ead528ef-f76e-4ae3-89de-879cf6ddc4d8 admin admin] Store glance_store._drivers.swift.store.SingleTenantStore doesn't support updating dynamic storage capabilities. Please overwrite 'update_capabilities' method of the store to implement updating logics if needed. {{(pid=133835) update_capabilities /opt/stack/data/venv/lib/python3.10/site-packages/glance_store/capabilities.py:91}}
Apr 24 13:46:38 ubuntu devstack@g-api.service[133835]: DEBUG glance_store.driver [None req-ead528ef-f76e-4ae3-89de-879cf6ddc4d8 admin admin] Late loading location class glance_store._drivers.swift.store.StoreLocation {{(pid=133835) get_store_location_class /opt/stack/data/venv/lib/python3.10/site-packages/glance_store/driver.py:134}}
Apr 24 13:46:38 ubuntu devstack@g-api.service[133835]: DEBUG glance_store.location [None req-ead528ef-f76e-4ae3-89de-879cf6ddc4d8 admin admin] Registering scheme swift+https with {'store': <glance_store._drivers.swift.store.SingleTenantStore object at 0x7f6644a3ed40>, 'location_class': <class 'glance_store._drivers.swift.store.StoreLocation'>, 'store_entry': 'swift'} {{(pid=133835) register_scheme_map /opt/stack/data/venv/lib/python3.10/site-packages/glance_store/location.py:146}}
Apr 24 13:46:38 ubuntu devstack@g-api.service[133835]: DEBUG glance_store.location [None req-ead528ef-f76e-4ae3-89de-879cf6ddc4d8 admin admin] Registering scheme swift+https with {'store': <glance_store._drivers.swift.store.SingleTenantStore object at 0x7f6644a3ed40>, 'location_class': <class 'glance_store._drivers.swift.store.StoreLocation'>, 'store_entry': 'swift'} {{(pid=133835) register_scheme_map /opt/stack/data/venv/lib/python3.10/site-packages/glance_store/location.py:146}}
Apr 24 13:46:38 ubuntu devstack@g-api.service[133835]: DEBUG glance_store.location [None req-ead528ef-f76e-4ae3-89de-879cf6ddc4d8 admin admin] Registering scheme swift with {'store': <glance_store._drivers.swift.store.SingleTenantStore object at 0x7f6644a3ed40>, 'location_class': <class 'glance_store._drivers.swift.store.StoreLocation'>, 'store_entry': 'swift'} {{(pid=133835) register_scheme_map /opt/stack/data/venv/lib/python3.10/site-packages/glance_store/location.py:146}}
Apr 24 13:46:38 ubuntu devstack@g-api.service[133835]: DEBUG glance_store.location [None req-ead528ef-f76e-4ae3-89de-879cf6ddc4d8 admin admin] Registering scheme swift+https with {'store': <glance_store._drivers.swift.store.SingleTenantStore object at 0x7f6644a3ed40>, 'location_class': <class 'glance_store._drivers.swift.store.StoreLocation'>, 'store_entry': 'swift'} {{(pid=133835) register_scheme_map /opt/stack/data/venv/lib/python3.10/site-packages/glance_store/location.py:146}}
Apr 24 13:46:38 ubuntu devstack@g-api.service[133835]: DEBUG glance_store.location [None req-ead528ef-f76e-4ae3-89de-879cf6ddc4d8 admin admin] Registering scheme swift with {'store': <glance_store._drivers.swift.store.SingleTenantStore object at 0x7f6644a3ed40>, 'location_class': <class 'glance_store._drivers.swift.store.StoreLocation'>, 'store_entry': 'swift'} {{(pid=133835) register_scheme_map /opt/stack/data/venv/lib/python3.10/site-packages/glance_store/location.py:146}}
Apr 24 13:46:38 ubuntu devstack@g-api.service[133835]: DEBUG glance_store.location [None req-ead528ef-f76e-4ae3-89de-879cf6ddc4d8 admin admin] Registering scheme swift+http with {'store': <glance_store._drivers.swift.store.SingleTenantStore object at 0x7f6644a3ed40>, 'location_class': <class 'glance_store._drivers.swift.store.StoreLocation'>, 'store_entry': 'swift'} {{(pid=133835) register_scheme_map /opt/stack/data/venv/lib/python3.10/site-packages/glance_store/location.py:146}}
Apr 24 13:46:38 ubuntu devstack@g-api.service[133835]: DEBUG glance_store.location [None req-ead528ef-f76e-4ae3-89de-879cf6ddc4d8 admin admin] Registering scheme swift+https with {'store': <glance_store._drivers.swift.store.SingleTenantStore object at 0x7f6644a3ed40>, 'location_class': <class 'glance_store._drivers.swift.store.StoreLocation'>, 'store_entry': 'swift'} {{(pid=133835) register_scheme_map /opt/stack/data/venv/lib/python3.10/site-packages/glance_store/location.py:146}}
Apr 24 13:46:38 ubuntu devstack@g-api.service[133835]: DEBUG glance_store.location [None req-ead528ef-f76e-4ae3-89de-879cf6ddc4d8 admin admin] Registering scheme swift with {'store': <glance_store._drivers.swift.store.SingleTenantStore object at 0x7f6644a3ed40>, 'location_class': <class 'glance_store._drivers.swift.store.StoreLocation'>, 'store_entry': 'swift'} {{(pid=133835) register_scheme_map /opt/stack/data/venv/lib/python3.10/site-packages/glance_store/location.py:146}}
Apr 24 13:46:38 ubuntu devstack@g-api.service[133835]: DEBUG glance_store.location [None req-ead528ef-f76e-4ae3-89de-879cf6ddc4d8 admin admin] Registering scheme swift+http with {'store': <glance_store._drivers.swift.store.SingleTenantStore object at 0x7f6644a3ed40>, 'location_class': <class 'glance_store._drivers.swift.store.StoreLocation'>, 'store_entry': 'swift'} {{(pid=133835) register_scheme_map /opt/stack/data/venv/lib/python3.10/site-packages/glance_store/location.py:146}}
Apr 24 13:46:38 ubuntu devstack@g-api.service[133835]: DEBUG glance_store.location [None req-ead528ef-f76e-4ae3-89de-879cf6ddc4d8 admin admin] Registering scheme swift+config with {'store': <glance_store._drivers.swift.store.SingleTenantStore object at 0x7f6644a3ed40>, 'location_class': <class 'glance_store._drivers.swift.store.StoreLocation'>, 'store_entry': 'swift'} {{(pid=133835) register_scheme_map /opt/stack/data/venv/lib/python3.10/site-packages/glance_store/location.py:146}}
Apr 24 13:46:38 ubuntu devstack@g-api.service[133835]: DEBUG glance_store.backend [None req-ead528ef-f76e-4ae3-89de-879cf6ddc4d8 admin admin] Skipping store.set_acls... not implemented. {{(pid=133835) set_acls /opt/stack/data/venv/lib/python3.10/site-packages/glance_store/backend.py:507}}
Apr 24 13:46:38 ubuntu devstack@g-api.service[133835]: [pid: 133835|app: 0|req: 3/4] 127.0.0.1 () {40 vars in 860 bytes} [Fri Apr 24 13:46:37 2026] PUT /v2/images/9db20576-3b11-4472-9270-1023171be55c/file => generated 0 bytes in 1766 msecs (HTTP/1.1 204) 4 headers in 171 bytes (1 switches on core 0)
Apr 24 13:46:38 ubuntu devstack@g-api.service[133836]: DEBUG glance.api.middleware.version_negotiation [None req-cfcf9de7-f9fd-4995-95eb-df09d74dbd30 admin admin] Determining version of request: GET /v2/images/9db20576-3b11-4472-9270-1023171be55c Accept: */* {{(pid=133836) process_request /opt/stack/glance/glance/api/middleware/version_negotiation.py:44}}
Apr 24 13:46:38 ubuntu devstack@g-api.service[133836]: DEBUG glance.api.middleware.version_negotiation [None req-cfcf9de7-f9fd-4995-95eb-df09d74dbd30 admin admin] Using url versioning {{(pid=133836) process_request /opt/stack/glance/glance/api/middleware/version_negotiation.py:57}}
Apr 24 13:46:38 ubuntu devstack@g-api.service[133836]: DEBUG glance.api.middleware.version_negotiation [None req-cfcf9de7-f9fd-4995-95eb-df09d74dbd30 admin admin] Matched version: v2 {{(pid=133836) process_request /opt/stack/glance/glance/api/middleware/version_negotiation.py:69}}
Apr 24 13:46:38 ubuntu devstack@g-api.service[133836]: DEBUG glance.api.middleware.version_negotiation [None req-cfcf9de7-f9fd-4995-95eb-df09d74dbd30 admin admin] new path /v2/images/9db20576-3b11-4472-9270-1023171be55c {{(pid=133836) process_request /opt/stack/glance/glance/api/middleware/version_negotiation.py:70}}
Apr 24 13:46:38 ubuntu devstack@g-api.service[133836]: [pid: 133836|app: 0|req: 2/5] 127.0.0.1 () {36 vars in 787 bytes} [Fri Apr 24 13:46:38 2026] GET /v2/images/9db20576-3b11-4472-9270-1023171be55c => generated 976 bytes in 12 msecs (HTTP/1.1 200) 4 headers in 157 bytes (1 switches on core 0)
Apr 24 13:46:48 ubuntu devstack@g-api.service[133835]: DEBUG dbcounter [-] [133835] Writing DB stats glance:INSERT=5,glance:SELECT=16,glance:UPDATE=2 {{(pid=133835) stat_writer /opt/stack/data/venv/lib/python3.10/site-packages/dbcounter.py:115}}
Apr 24 13:46:48 ubuntu devstack@g-api.service[133836]: DEBUG dbcounter [-] [133836] Writing DB stats glance:INSERT=9,glance:SELECT=6 {{(pid=133836) stat_writer /opt/stack/data/venv/lib/python3.10/site-packages/dbcounter.py:115}}
Apr 24 13:47:12 ubuntu devstack@g-api.service[133835]: DEBUG glance.api.middleware.version_negotiation [None req-ead528ef-f76e-4ae3-89de-879cf6ddc4d8 admin admin] Determining version of request: GET / Accept: application/json {{(pid=133835) process_request /opt/stack/glance/glance/api/middleware/version_negotiation.py:44}}
Apr 24 13:47:12 ubuntu devstack@g-api.service[133835]: DEBUG glance.api.middleware.version_negotiation [None req-ead528ef-f76e-4ae3-89de-879cf6ddc4d8 admin admin] Using url versioning {{(pid=133835) process_request /opt/stack/glance/glance/api/middleware/version_negotiation.py:57}}
Apr 24 13:47:12 ubuntu devstack@g-api.service[133835]: DEBUG glance.api.middleware.version_negotiation [None req-ead528ef-f76e-4ae3-89de-879cf6ddc4d8 admin admin] Unknown version. Returning version choices. {{(pid=133835) process_request /opt/stack/glance/glance/api/middleware/version_negotiation.py:64}}
Apr 24 13:47:12 ubuntu devstack@g-api.service[133835]: [pid: 133835|app: 0|req: 4/6] 127.0.0.1 () {34 vars in 504 bytes} [Fri Apr 24 13:47:12 2026] GET / => generated 1407 bytes in 6 msecs (HTTP/1.1 300) 3 headers in 106 bytes (1 switches on core 0)
Apr 24 13:47:12 ubuntu devstack@g-api.service[133836]: DEBUG glance.api.middleware.version_negotiation [None req-9c39c6fe-80db-4d4f-99e0-16e3ccc3ed32 admin admin] Determining version of request: GET /v2/images Accept: application/json {{(pid=133836) process_request /opt/stack/glance/glance/api/middleware/version_negotiation.py:44}}
Apr 24 13:47:12 ubuntu devstack@g-api.service[133836]: DEBUG glance.api.middleware.version_negotiation [None req-9c39c6fe-80db-4d4f-99e0-16e3ccc3ed32 admin admin] Using url versioning {{(pid=133836) process_request /opt/stack/glance/glance/api/middleware/version_negotiation.py:57}}
Apr 24 13:47:12 ubuntu devstack@g-api.service[133836]: DEBUG glance.api.middleware.version_negotiation [None req-9c39c6fe-80db-4d4f-99e0-16e3ccc3ed32 admin admin] Matched version: v2 {{(pid=133836) process_request /opt/stack/glance/glance/api/middleware/version_negotiation.py:69}}
Apr 24 13:47:12 ubuntu devstack@g-api.service[133836]: DEBUG glance.api.middleware.version_negotiation [None req-9c39c6fe-80db-4d4f-99e0-16e3ccc3ed32 admin admin] new path /v2/images {{(pid=133836) process_request /opt/stack/glance/glance/api/middleware/version_negotiation.py:70}}
Apr 24 13:47:12 ubuntu devstack@g-api.service[133836]: [pid: 133836|app: 0|req: 3/7] 127.0.0.1 () {36 vars in 726 bytes} [Fri Apr 24 13:47:12 2026] GET /v2/images => generated 1045 bytes in 253 msecs (HTTP/1.1 200) 4 headers in 158 bytes (1 switches on core 0)
Apr 24 13:47:17 ubuntu devstack@g-api.service[133835]: DEBUG glance.api.middleware.version_negotiation [None req-ead528ef-f76e-4ae3-89de-879cf6ddc4d8 admin admin] Determining version of request: GET / Accept: application/json {{(pid=133835) process_request /opt/stack/glance/glance/api/middleware/version_negotiation.py:44}}
Apr 24 13:47:17 ubuntu devstack@g-api.service[133835]: DEBUG glance.api.middleware.version_negotiation [None req-ead528ef-f76e-4ae3-89de-879cf6ddc4d8 admin admin] Using url versioning {{(pid=133835) process_request /opt/stack/glance/glance/api/middleware/version_negotiation.py:57}}
Apr 24 13:47:17 ubuntu devstack@g-api.service[133835]: DEBUG glance.api.middleware.version_negotiation [None req-ead528ef-f76e-4ae3-89de-879cf6ddc4d8 admin admin] Unknown version. Returning version choices. {{(pid=133835) process_request /opt/stack/glance/glance/api/middleware/version_negotiation.py:64}}
Apr 24 13:47:17 ubuntu devstack@g-api.service[133835]: [pid: 133835|app: 0|req: 5/8] 127.0.0.1 () {34 vars in 504 bytes} [Fri Apr 24 13:47:17 2026] GET / => generated 1407 bytes in 5 msecs (HTTP/1.1 300) 3 headers in 106 bytes (1 switches on core 0)
Apr 24 13:47:17 ubuntu devstack@g-api.service[133836]: DEBUG glance.api.middleware.version_negotiation [None req-835b7ce9-5453-4bfd-bff3-b4a8654cf0d0 admin admin] Determining version of request: GET /v2/images/9db20576-3b11-4472-9270-1023171be55c Accept: */* {{(pid=133836) process_request /opt/stack/glance/glance/api/middleware/version_negotiation.py:44}}
Apr 24 13:47:17 ubuntu devstack@g-api.service[133836]: DEBUG glance.api.middleware.version_negotiation [None req-835b7ce9-5453-4bfd-bff3-b4a8654cf0d0 admin admin] Using url versioning {{(pid=133836) process_request /opt/stack/glance/glance/api/middleware/version_negotiation.py:57}}
Apr 24 13:47:17 ubuntu devstack@g-api.service[133836]: DEBUG glance.api.middleware.version_negotiation [None req-835b7ce9-5453-4bfd-bff3-b4a8654cf0d0 admin admin] Matched version: v2 {{(pid=133836) process_request /opt/stack/glance/glance/api/middleware/version_negotiation.py:69}}
Apr 24 13:47:17 ubuntu devstack@g-api.service[133836]: DEBUG glance.api.middleware.version_negotiation [None req-835b7ce9-5453-4bfd-bff3-b4a8654cf0d0 admin admin] new path /v2/images/9db20576-3b11-4472-9270-1023171be55c {{(pid=133836) process_request /opt/stack/glance/glance/api/middleware/version_negotiation.py:70}}
Apr 24 13:47:17 ubuntu devstack@g-api.service[133836]: [pid: 133836|app: 0|req: 4/9] 127.0.0.1 () {36 vars in 787 bytes} [Fri Apr 24 13:47:17 2026] GET /v2/images/9db20576-3b11-4472-9270-1023171be55c => generated 976 bytes in 231 msecs (HTTP/1.1 200) 4 headers in 157 bytes (1 switches on core 0)
Apr 24 13:47:20 ubuntu devstack@g-api.service[133835]: DEBUG glance.api.middleware.version_negotiation [None req-ead528ef-f76e-4ae3-89de-879cf6ddc4d8 admin admin] Determining version of request: GET / Accept: application/json {{(pid=133835) process_request /opt/stack/glance/glance/api/middleware/version_negotiation.py:44}}
Apr 24 13:47:20 ubuntu devstack@g-api.service[133835]: DEBUG glance.api.middleware.version_negotiation [None req-ead528ef-f76e-4ae3-89de-879cf6ddc4d8 admin admin] Using url versioning {{(pid=133835) process_request /opt/stack/glance/glance/api/middleware/version_negotiation.py:57}}
Apr 24 13:47:20 ubuntu devstack@g-api.service[133835]: DEBUG glance.api.middleware.version_negotiation [None req-ead528ef-f76e-4ae3-89de-879cf6ddc4d8 admin admin] Unknown version. Returning version choices. {{(pid=133835) process_request /opt/stack/glance/glance/api/middleware/version_negotiation.py:64}}
Apr 24 13:47:20 ubuntu devstack@g-api.service[133835]: [pid: 133835|app: 0|req: 6/10] 127.0.0.1 () {34 vars in 504 bytes} [Fri Apr 24 13:47:20 2026] GET / => generated 1407 bytes in 1 msecs (HTTP/1.1 300) 3 headers in 106 bytes (1 switches on core 0)
Apr 24 13:47:20 ubuntu devstack@g-api.service[133836]: DEBUG glance.api.middleware.version_negotiation [None req-59cb09b8-5a02-434d-a9bc-c7bcc889d3b1 admin admin] Determining version of request: GET /v2/images/9db20576-3b11-4472-9270-1023171be55c Accept: */* {{(pid=133836) process_request /opt/stack/glance/glance/api/middleware/version_negotiation.py:44}}
Apr 24 13:47:20 ubuntu devstack@g-api.service[133836]: DEBUG glance.api.middleware.version_negotiation [None req-59cb09b8-5a02-434d-a9bc-c7bcc889d3b1 admin admin] Using url versioning {{(pid=133836) process_request /opt/stack/glance/glance/api/middleware/version_negotiation.py:57}}
Apr 24 13:47:20 ubuntu devstack@g-api.service[133836]: DEBUG glance.api.middleware.version_negotiation [None req-59cb09b8-5a02-434d-a9bc-c7bcc889d3b1 admin admin] Matched version: v2 {{(pid=133836) process_request /opt/stack/glance/glance/api/middleware/version_negotiation.py:69}}
Apr 24 13:47:20 ubuntu devstack@g-api.service[133836]: DEBUG glance.api.middleware.version_negotiation [None req-59cb09b8-5a02-434d-a9bc-c7bcc889d3b1 admin admin] new path /v2/images/9db20576-3b11-4472-9270-1023171be55c {{(pid=133836) process_request /opt/stack/glance/glance/api/middleware/version_negotiation.py:70}}
Apr 24 13:47:21 ubuntu devstack@g-api.service[133836]: [pid: 133836|app: 0|req: 5/11] 127.0.0.1 () {36 vars in 787 bytes} [Fri Apr 24 13:47:20 2026] GET /v2/images/9db20576-3b11-4472-9270-1023171be55c => generated 976 bytes in 218 msecs (HTTP/1.1 200) 4 headers in 157 bytes (1 switches on core 0)
Apr 24 13:47:31 ubuntu devstack@g-api.service[133836]: DEBUG dbcounter [-] [133836] Writing DB stats glance:SELECT=5 {{(pid=133836) stat_writer /opt/stack/data/venv/lib/python3.10/site-packages/dbcounter.py:115}}
Apr 24 13:48:18 ubuntu devstack@g-api.service[133835]: DEBUG glance.api.middleware.version_negotiation [None req-ead528ef-f76e-4ae3-89de-879cf6ddc4d8 admin admin] Determining version of request: GET / Accept: application/json {{(pid=133835) process_request /opt/stack/glance/glance/api/middleware/version_negotiation.py:44}}
Apr 24 13:48:18 ubuntu devstack@g-api.service[133835]: DEBUG glance.api.middleware.version_negotiation [None req-ead528ef-f76e-4ae3-89de-879cf6ddc4d8 admin admin] Using url versioning {{(pid=133835) process_request /opt/stack/glance/glance/api/middleware/version_negotiation.py:57}}
Apr 24 13:48:18 ubuntu devstack@g-api.service[133835]: DEBUG glance.api.middleware.version_negotiation [None req-ead528ef-f76e-4ae3-89de-879cf6ddc4d8 admin admin] Unknown version. Returning version choices. {{(pid=133835) process_request /opt/stack/glance/glance/api/middleware/version_negotiation.py:64}}
Apr 24 13:48:18 ubuntu devstack@g-api.service[133835]: [pid: 133835|app: 0|req: 7/12] 127.0.0.1 () {36 vars in 472 bytes} [Fri Apr 24 13:48:18 2026] GET / => generated 1407 bytes in 3 msecs (HTTP/1.1 300) 3 headers in 106 bytes (1 switches on core 0)
Apr 24 13:51:02 ubuntu devstack@g-api.service[133836]: DEBUG glance.api.middleware.version_negotiation [None req-428d30a7-5308-49bc-9adf-f3d62757e42a admin admin] Determining version of request: GET / Accept: application/json {{(pid=133836) process_request /opt/stack/glance/glance/api/middleware/version_negotiation.py:44}}
Apr 24 13:51:02 ubuntu devstack@g-api.service[133836]: DEBUG glance.api.middleware.version_negotiation [None req-428d30a7-5308-49bc-9adf-f3d62757e42a admin admin] Using url versioning {{(pid=133836) process_request /opt/stack/glance/glance/api/middleware/version_negotiation.py:57}}
Apr 24 13:51:02 ubuntu devstack@g-api.service[133836]: DEBUG glance.api.middleware.version_negotiation [None req-428d30a7-5308-49bc-9adf-f3d62757e42a admin admin] Unknown version. Returning version choices. {{(pid=133836) process_request /opt/stack/glance/glance/api/middleware/version_negotiation.py:64}}
Apr 24 13:51:02 ubuntu devstack@g-api.service[133836]: [pid: 133836|app: 0|req: 6/13] 127.0.0.1 () {34 vars in 504 bytes} [Fri Apr 24 13:51:02 2026] GET / => generated 1407 bytes in 7 msecs (HTTP/1.1 300) 3 headers in 106 bytes (1 switches on core 0)
Apr 24 13:51:02 ubuntu devstack@g-api.service[133835]: DEBUG glance.api.middleware.version_negotiation [None req-ead528ef-f76e-4ae3-89de-879cf6ddc4d8 admin admin] Determining version of request: GET /v2/images Accept: application/json {{(pid=133835) process_request /opt/stack/glance/glance/api/middleware/version_negotiation.py:44}}
Apr 24 13:51:02 ubuntu devstack@g-api.service[133835]: DEBUG glance.api.middleware.version_negotiation [None req-ead528ef-f76e-4ae3-89de-879cf6ddc4d8 admin admin] Using url versioning {{(pid=133835) process_request /opt/stack/glance/glance/api/middleware/version_negotiation.py:57}}
Apr 24 13:51:02 ubuntu devstack@g-api.service[133835]: DEBUG glance.api.middleware.version_negotiation [None req-ead528ef-f76e-4ae3-89de-879cf6ddc4d8 admin admin] Matched version: v2 {{(pid=133835) process_request /opt/stack/glance/glance/api/middleware/version_negotiation.py:69}}
Apr 24 13:51:02 ubuntu devstack@g-api.service[133835]: DEBUG glance.api.middleware.version_negotiation [None req-ead528ef-f76e-4ae3-89de-879cf6ddc4d8 admin admin] new path /v2/images {{(pid=133835) process_request /opt/stack/glance/glance/api/middleware/version_negotiation.py:70}}
Apr 24 13:51:02 ubuntu devstack@g-api.service[133835]: [pid: 133835|app: 0|req: 8/14] 127.0.0.1 () {36 vars in 726 bytes} [Fri Apr 24 13:51:02 2026] GET /v2/images => generated 1045 bytes in 155 msecs (HTTP/1.1 200) 4 headers in 158 bytes (1 switches on core 0)
Apr 24 13:51:12 ubuntu devstack@g-api.service[133835]: DEBUG dbcounter [-] [133835] Writing DB stats glance:SELECT=1 {{(pid=133835) stat_writer /opt/stack/data/venv/lib/python3.10/site-packages/dbcounter.py:115}}
Apr 24 13:52:00 ubuntu devstack@g-api.service[133836]: DEBUG glance.api.middleware.version_negotiation [None req-428d30a7-5308-49bc-9adf-f3d62757e42a admin admin] Determining version of request: GET /v2/images/9db20576-3b11-4472-9270-1023171be55c Accept: application/json {{(pid=133836) process_request /opt/stack/glance/glance/api/middleware/version_negotiation.py:44}}
Apr 24 13:52:00 ubuntu devstack@g-api.service[133836]: DEBUG glance.api.middleware.version_negotiation [None req-428d30a7-5308-49bc-9adf-f3d62757e42a admin admin] Using url versioning {{(pid=133836) process_request /opt/stack/glance/glance/api/middleware/version_negotiation.py:57}}
Apr 24 13:52:00 ubuntu devstack@g-api.service[133836]: DEBUG glance.api.middleware.version_negotiation [None req-428d30a7-5308-49bc-9adf-f3d62757e42a admin admin] Matched version: v2 {{(pid=133836) process_request /opt/stack/glance/glance/api/middleware/version_negotiation.py:69}}
Apr 24 13:52:00 ubuntu devstack@g-api.service[133836]: DEBUG glance.api.middleware.version_negotiation [None req-428d30a7-5308-49bc-9adf-f3d62757e42a admin admin] new path /v2/images/9db20576-3b11-4472-9270-1023171be55c {{(pid=133836) process_request /opt/stack/glance/glance/api/middleware/version_negotiation.py:70}}
