Sep 10 15:59:28 ubuntu devstack@keystone.service[81215]: [pid: 81215|app: 0|req: 12/23] 10.201.5.82 () {54 vars in 919 bytes} [Wed Sep 10 15:59:28 2025] GET /identity => generated 270 bytes in 2 msecs (HTTP/1.1 300) 6 headers in 234 bytes (1 switches on core 0)
Sep 10 15:59:28 ubuntu devstack@keystone.service[81215]: DEBUG keystone.server.flask.request_processing.req_logging [None req-7f37d88b-8187-4d3b-8cc1-c63461d40c0e None None] REQUEST_METHOD: `POST` {{(pid=81215) log_request_info /opt/stack/keystone/keystone/server/flask/request_processing/req_logging.py:26}}
Sep 10 15:59:28 ubuntu devstack@keystone.service[81215]: DEBUG keystone.server.flask.request_processing.req_logging [None req-7f37d88b-8187-4d3b-8cc1-c63461d40c0e None None] SCRIPT_NAME: `/identity` {{(pid=81215) log_request_info /opt/stack/keystone/keystone/server/flask/request_processing/req_logging.py:27}}
Sep 10 15:59:28 ubuntu devstack@keystone.service[81215]: DEBUG keystone.server.flask.request_processing.req_logging [None req-7f37d88b-8187-4d3b-8cc1-c63461d40c0e None None] PATH_INFO: `/v3/auth/tokens` {{(pid=81215) log_request_info /opt/stack/keystone/keystone/server/flask/request_processing/req_logging.py:28}}
Sep 10 15:59:28 ubuntu devstack@keystone.service[81215]: WARNING keystone.common.password_hashing [None req-7f37d88b-8187-4d3b-8cc1-c63461d40c0e None None] Truncating password to algorithm specific maximum length 72 characters.
Sep 10 15:59:28 ubuntu devstack@keystone.service[81214]: [pid: 81214|app: 0|req: 12/24] 10.201.5.82 () {58 vars in 1016 bytes} [Wed Sep 10 15:59:28 2025] POST /identity/v3/auth/tokens => generated 862 bytes in 188 msecs (HTTP/1.1 201) 6 headers in 363 bytes (1 switches on core 0)
Sep 10 15:59:28 ubuntu devstack@keystone.service[81215]: DEBUG keystone.auth.core [None req-7f37d88b-8187-4d3b-8cc1-c63461d40c0e None None] MFA Rules not processed for user `e6be201356d6451783ae484bbe9458da`. Rule list: `[]` (Enabled: `True`). {{(pid=81215) check_auth_methods_against_rules /opt/stack/keystone/keystone/auth/core.py:476}}
Sep 10 15:59:28 ubuntu devstack@keystone.service[81215]: DEBUG keystone.common.fernet_utils [None req-7f37d88b-8187-4d3b-8cc1-c63461d40c0e None None] Loaded 2 Fernet keys from /etc/keystone/fernet-keys/, but `[fernet_tokens] max_active_keys = 3`; perhaps there have not been enough key rotations to reach `max_active_keys` yet? {{(pid=81215) load_keys /opt/stack/keystone/keystone/common/fernet_utils.py:297}}
Sep 10 15:59:29 ubuntu devstack@keystone.service[81215]: [pid: 81215|app: 0|req: 13/25] 10.201.5.82 () {58 vars in 1016 bytes} [Wed Sep 10 15:59:28 2025] POST /identity/v3/auth/tokens => generated 862 bytes in 94 msecs (HTTP/1.1 201) 6 headers in 363 bytes (1 switches on core 0)
Sep 10 15:59:29 ubuntu devstack@keystone.service[81214]: DEBUG keystone.server.flask.request_processing.middleware.auth_context [None req-64c4c009-f1ad-4e9a-8bde-7618b1971599 None None] Authenticating user token {{(pid=81214) process_request /opt/stack/data/venv/lib/python3.10/site-packages/keystonemiddleware/auth_token/__init__.py:407}}
Sep 10 15:59:29 ubuntu devstack@keystone.service[81214]: DEBUG keystone.server.flask.request_processing.middleware.auth_context [None req-64c4c009-f1ad-4e9a-8bde-7618b1971599 None None] Validating token access rules against request {{(pid=81214) validate_allowed_request /opt/stack/data/venv/lib/python3.10/site-packages/keystonemiddleware/auth_token/__init__.py:545}}
Sep 10 15:59:29 ubuntu devstack@keystone.service[81214]: DEBUG keystone.server.flask.request_processing.middleware.auth_context [None req-2c5e98a2-56f2-4759-bf10-a9e690894c26 None admin] RBAC: auth_context: {'token': <TokenModel (audit_id=Xv843JHNSsaZd7mzwvfX3A, audit_chain_id=['Xv843JHNSsaZd7mzwvfX3A']) at 0x7fe9a4433cd0>, 'domain_id': None, 'trust_id': None, 'trustor_id': None, 'trustee_id': None, 'domain_name': None, 'group_ids': [], 'user_id': 'e6be201356d6451783ae484bbe9458da', 'user_domain_id': 'default', 'system_scope': 'all', 'project_id': None, 'project_domain_id': None, 'roles': ['admin', 'manager', 'member', 'reader'], 'is_admin_project': True, 'service_user_id': None, 'service_user_domain_id': None, 'service_project_id': None, 'service_project_domain_id': None, 'service_roles': []} {{(pid=81214) fill_context /opt/stack/keystone/keystone/server/flask/request_processing/middleware/auth_context.py:509}}
Sep 10 15:59:29 ubuntu devstack@keystone.service[81214]: DEBUG keystone.server.flask.request_processing.req_logging [None req-2c5e98a2-56f2-4759-bf10-a9e690894c26 None admin] REQUEST_METHOD: `GET` {{(pid=81214) log_request_info /opt/stack/keystone/keystone/server/flask/request_processing/req_logging.py:26}}
Sep 10 15:59:29 ubuntu devstack@keystone.service[81214]: DEBUG keystone.server.flask.request_processing.req_logging [None req-2c5e98a2-56f2-4759-bf10-a9e690894c26 None admin] SCRIPT_NAME: `/identity` {{(pid=81214) log_request_info /opt/stack/keystone/keystone/server/flask/request_processing/req_logging.py:27}}
Sep 10 15:59:29 ubuntu devstack@keystone.service[81214]: DEBUG keystone.server.flask.request_processing.req_logging [None req-2c5e98a2-56f2-4759-bf10-a9e690894c26 None admin] PATH_INFO: `/v3/roles/admin` {{(pid=81214) log_request_info /opt/stack/keystone/keystone/server/flask/request_processing/req_logging.py:28}}
Sep 10 15:59:29 ubuntu devstack@keystone.service[81214]: DEBUG keystone.common.rbac_enforcer.enforcer [None req-2c5e98a2-56f2-4759-bf10-a9e690894c26 None admin] Extracting inferred target data resulted in "NOT FOUND (404)". {{(pid=81214) enforce_call /opt/stack/keystone/keystone/common/rbac_enforcer/enforcer.py:445}}
Sep 10 15:59:29 ubuntu devstack@keystone.service[81214]: DEBUG keystone.server.flask.application [None req-2c5e98a2-56f2-4759-bf10-a9e690894c26 None admin] Could not find role: admin. {{(pid=81214) _handle_keystone_exception /opt/stack/keystone/keystone/server/flask/application.py:146}}
Sep 10 15:59:29 ubuntu devstack@keystone.service[81214]: [pid: 81214|app: 0|req: 13/26] 10.201.5.82 () {56 vars in 1132 bytes} [Wed Sep 10 15:59:29 2025] GET /identity/v3/roles/admin => generated 83 bytes in 70 msecs (HTTP/1.1 404) 5 headers in 183 bytes (1 switches on core 0)
Sep 10 15:59:29 ubuntu devstack@keystone.service[81215]: DEBUG keystone.server.flask.request_processing.middleware.auth_context [None req-7f37d88b-8187-4d3b-8cc1-c63461d40c0e None None] Authenticating user token {{(pid=81215) process_request /opt/stack/data/venv/lib/python3.10/site-packages/keystonemiddleware/auth_token/__init__.py:407}}
Sep 10 15:59:29 ubuntu devstack@keystone.service[81215]: DEBUG keystone.server.flask.request_processing.middleware.auth_context [None req-7f37d88b-8187-4d3b-8cc1-c63461d40c0e None None] Validating token access rules against request {{(pid=81215) validate_allowed_request /opt/stack/data/venv/lib/python3.10/site-packages/keystonemiddleware/auth_token/__init__.py:545}}
Sep 10 15:59:29 ubuntu devstack@keystone.service[81215]: DEBUG keystone.server.flask.request_processing.middleware.auth_context [None req-df08b7fb-755f-4d83-9bd8-6aec80fd3d18 None admin] RBAC: auth_context: {'token': <TokenModel (audit_id=Xv843JHNSsaZd7mzwvfX3A, audit_chain_id=['Xv843JHNSsaZd7mzwvfX3A']) at 0x7fe9a4424a60>, 'domain_id': None, 'trust_id': None, 'trustor_id': None, 'trustee_id': None, 'domain_name': None, 'group_ids': [], 'user_id': 'e6be201356d6451783ae484bbe9458da', 'user_domain_id': 'default', 'system_scope': 'all', 'project_id': None, 'project_domain_id': None, 'roles': ['admin', 'manager', 'member', 'reader'], 'is_admin_project': True, 'service_user_id': None, 'service_user_domain_id': None, 'service_project_id': None, 'service_project_domain_id': None, 'service_roles': []} {{(pid=81215) fill_context /opt/stack/keystone/keystone/server/flask/request_processing/middleware/auth_context.py:509}}
Sep 10 15:59:29 ubuntu devstack@keystone.service[81215]: DEBUG keystone.server.flask.request_processing.req_logging [None req-df08b7fb-755f-4d83-9bd8-6aec80fd3d18 None admin] REQUEST_METHOD: `GET` {{(pid=81215) log_request_info /opt/stack/keystone/keystone/server/flask/request_processing/req_logging.py:26}}
Sep 10 15:59:29 ubuntu devstack@keystone.service[81215]: DEBUG keystone.server.flask.request_processing.req_logging [None req-df08b7fb-755f-4d83-9bd8-6aec80fd3d18 None admin] SCRIPT_NAME: `/identity` {{(pid=81215) log_request_info /opt/stack/keystone/keystone/server/flask/request_processing/req_logging.py:27}}
Sep 10 15:59:29 ubuntu devstack@keystone.service[81215]: DEBUG keystone.server.flask.request_processing.req_logging [None req-df08b7fb-755f-4d83-9bd8-6aec80fd3d18 None admin] PATH_INFO: `/v3/roles` {{(pid=81215) log_request_info /opt/stack/keystone/keystone/server/flask/request_processing/req_logging.py:28}}
Sep 10 15:59:29 ubuntu devstack@keystone.service[81215]: DEBUG keystone.common.rbac_enforcer.enforcer [None req-df08b7fb-755f-4d83-9bd8-6aec80fd3d18 None admin] RBAC: Adding query filter params (name=admin) {{(pid=81215) _extract_filter_values /opt/stack/keystone/keystone/common/rbac_enforcer/enforcer.py:176}}
Sep 10 15:59:29 ubuntu devstack@keystone.service[81215]: DEBUG keystone.common.rbac_enforcer.enforcer [None req-df08b7fb-755f-4d83-9bd8-6aec80fd3d18 None admin] RBAC: Authorizing `identity:list_roles()` {{(pid=81215) enforce_call /opt/stack/keystone/keystone/common/rbac_enforcer/enforcer.py:494}}
Sep 10 15:59:29 ubuntu devstack@keystone.service[81215]: DEBUG keystone.common.rbac_enforcer.enforcer [None req-df08b7fb-755f-4d83-9bd8-6aec80fd3d18 None admin] RBAC: Authorization granted {{(pid=81215) enforce_call /opt/stack/keystone/keystone/common/rbac_enforcer/enforcer.py:505}}
Sep 10 15:59:29 ubuntu devstack@keystone.service[81215]: [pid: 81215|app: 0|req: 14/27] 10.201.5.82 () {56 vars in 1148 bytes} [Wed Sep 10 15:59:29 2025] GET /identity/v3/roles?name=admin => generated 339 bytes in 65 msecs (HTTP/1.1 200) 5 headers in 177 bytes (1 switches on core 0)
Sep 10 15:59:29 ubuntu devstack@keystone.service[81214]: DEBUG keystone.server.flask.request_processing.middleware.auth_context [None req-2c5e98a2-56f2-4759-bf10-a9e690894c26 None admin] Authenticating user token {{(pid=81214) process_request /opt/stack/data/venv/lib/python3.10/site-packages/keystonemiddleware/auth_token/__init__.py:407}}
Sep 10 15:59:29 ubuntu devstack@keystone.service[81215]: DEBUG keystone.server.flask.request_processing.middleware.auth_context [None req-df08b7fb-755f-4d83-9bd8-6aec80fd3d18 None admin] Authenticating user token {{(pid=81215) process_request /opt/stack/data/venv/lib/python3.10/site-packages/keystonemiddleware/auth_token/__init__.py:407}}
Sep 10 15:59:29 ubuntu devstack@keystone.service[81214]: DEBUG keystone.server.flask.request_processing.middleware.auth_context [None req-2c5e98a2-56f2-4759-bf10-a9e690894c26 None admin] Validating token access rules against request {{(pid=81214) validate_allowed_request /opt/stack/data/venv/lib/python3.10/site-packages/keystonemiddleware/auth_token/__init__.py:545}}
Sep 10 15:59:29 ubuntu devstack@keystone.service[81215]: DEBUG keystone.server.flask.request_processing.middleware.auth_context [None req-df08b7fb-755f-4d83-9bd8-6aec80fd3d18 None admin] Validating token access rules against request {{(pid=81215) validate_allowed_request /opt/stack/data/venv/lib/python3.10/site-packages/keystonemiddleware/auth_token/__init__.py:545}}
Sep 10 15:59:29 ubuntu devstack@keystone.service[81214]: DEBUG keystone.server.flask.request_processing.middleware.auth_context [None req-d7e73f67-ecab-4530-be3e-73f24f27296b None admin] RBAC: auth_context: {'token': <TokenModel (audit_id=Xv843JHNSsaZd7mzwvfX3A, audit_chain_id=['Xv843JHNSsaZd7mzwvfX3A']) at 0x7fe9a447bc10>, 'domain_id': None, 'trust_id': None, 'trustor_id': None, 'trustee_id': None, 'domain_name': None, 'group_ids': [], 'user_id': 'e6be201356d6451783ae484bbe9458da', 'user_domain_id': 'default', 'system_scope': 'all', 'project_id': None, 'project_domain_id': None, 'roles': ['admin', 'manager', 'member', 'reader'], 'is_admin_project': True, 'service_user_id': None, 'service_user_domain_id': None, 'service_project_id': None, 'service_project_domain_id': None, 'service_roles': []} {{(pid=81214) fill_context /opt/stack/keystone/keystone/server/flask/request_processing/middleware/auth_context.py:509}}
Sep 10 15:59:29 ubuntu devstack@keystone.service[81214]: DEBUG keystone.server.flask.request_processing.req_logging [None req-d7e73f67-ecab-4530-be3e-73f24f27296b None admin] REQUEST_METHOD: `GET` {{(pid=81214) log_request_info /opt/stack/keystone/keystone/server/flask/request_processing/req_logging.py:26}}
Sep 10 15:59:29 ubuntu devstack@keystone.service[81214]: DEBUG keystone.server.flask.request_processing.req_logging [None req-d7e73f67-ecab-4530-be3e-73f24f27296b None admin] SCRIPT_NAME: `/identity` {{(pid=81214) log_request_info /opt/stack/keystone/keystone/server/flask/request_processing/req_logging.py:27}}
Sep 10 15:59:29 ubuntu devstack@keystone.service[81214]: DEBUG keystone.server.flask.request_processing.req_logging [None req-d7e73f67-ecab-4530-be3e-73f24f27296b None admin] PATH_INFO: `/v3/users/e6be201356d6451783ae484bbe9458da` {{(pid=81214) log_request_info /opt/stack/keystone/keystone/server/flask/request_processing/req_logging.py:28}}
Sep 10 15:59:29 ubuntu devstack@keystone.service[81214]: DEBUG keystone.common.rbac_enforcer.enforcer [None req-d7e73f67-ecab-4530-be3e-73f24f27296b None admin] RBAC: Authorizing `identity:get_user(user_id=e6be201356d6451783ae484bbe9458da)` {{(pid=81214) enforce_call /opt/stack/keystone/keystone/common/rbac_enforcer/enforcer.py:494}}
Sep 10 15:59:29 ubuntu devstack@keystone.service[81214]: DEBUG keystone.common.rbac_enforcer.enforcer [None req-d7e73f67-ecab-4530-be3e-73f24f27296b None admin] RBAC: Authorization granted {{(pid=81214) enforce_call /opt/stack/keystone/keystone/common/rbac_enforcer/enforcer.py:505}}
Sep 10 15:59:29 ubuntu devstack@keystone.service[81215]: DEBUG keystone.server.flask.request_processing.middleware.auth_context [None req-603d54b6-9bd4-43f4-947d-b6bb23f974bc None admin] RBAC: auth_context: {'token': <TokenModel (audit_id=Rigjqd0sTgWVcVkSClJPvQ, audit_chain_id=['Rigjqd0sTgWVcVkSClJPvQ']) at 0x7fe9a42b2f20>, 'domain_id': None, 'trust_id': None, 'trustor_id': None, 'trustee_id': None, 'domain_name': None, 'group_ids': [], 'user_id': 'e6be201356d6451783ae484bbe9458da', 'user_domain_id': 'default', 'system_scope': 'all', 'project_id': None, 'project_domain_id': None, 'roles': ['admin', 'manager', 'member', 'reader'], 'is_admin_project': True, 'service_user_id': None, 'service_user_domain_id': None, 'service_project_id': None, 'service_project_domain_id': None, 'service_roles': []} {{(pid=81215) fill_context /opt/stack/keystone/keystone/server/flask/request_processing/middleware/auth_context.py:509}}
Sep 10 15:59:29 ubuntu devstack@keystone.service[81214]: [pid: 81214|app: 0|req: 14/28] 10.201.5.82 () {56 vars in 1213 bytes} [Wed Sep 10 15:59:29 2025] GET /identity/v3/users/e6be201356d6451783ae484bbe9458da => generated 247 bytes in 74 msecs (HTTP/1.1 200) 5 headers in 177 bytes (1 switches on core 0)
Sep 10 15:59:29 ubuntu devstack@keystone.service[81215]: DEBUG keystone.server.flask.request_processing.req_logging [None req-603d54b6-9bd4-43f4-947d-b6bb23f974bc None admin] REQUEST_METHOD: `GET` {{(pid=81215) log_request_info /opt/stack/keystone/keystone/server/flask/request_processing/req_logging.py:26}}
Sep 10 15:59:29 ubuntu devstack@keystone.service[81214]: DEBUG keystone.server.flask.request_processing.req_logging [None req-75256f9c-3184-4c0f-b298-2ce1ade5aa1e None None] REQUEST_METHOD: `GET` {{(pid=81214) log_request_info /opt/stack/keystone/keystone/server/flask/request_processing/req_logging.py:26}}
Sep 10 15:59:29 ubuntu devstack@keystone.service[81214]: DEBUG keystone.server.flask.request_processing.req_logging [None req-75256f9c-3184-4c0f-b298-2ce1ade5aa1e None None] SCRIPT_NAME: `/identity` {{(pid=81214) log_request_info /opt/stack/keystone/keystone/server/flask/request_processing/req_logging.py:27}}
Sep 10 15:59:29 ubuntu devstack@keystone.service[81214]: DEBUG keystone.server.flask.request_processing.req_logging [None req-75256f9c-3184-4c0f-b298-2ce1ade5aa1e None None] PATH_INFO: `/` {{(pid=81214) log_request_info /opt/stack/keystone/keystone/server/flask/request_processing/req_logging.py:28}}
Sep 10 15:59:29 ubuntu devstack@keystone.service[81215]: DEBUG keystone.server.flask.request_processing.req_logging [None req-603d54b6-9bd4-43f4-947d-b6bb23f974bc None admin] SCRIPT_NAME: `/identity` {{(pid=81215) log_request_info /opt/stack/keystone/keystone/server/flask/request_processing/req_logging.py:27}}
Sep 10 15:59:29 ubuntu devstack@keystone.service[81215]: DEBUG keystone.server.flask.request_processing.req_logging [None req-603d54b6-9bd4-43f4-947d-b6bb23f974bc None admin] PATH_INFO: `/v3/domains/Default` {{(pid=81215) log_request_info /opt/stack/keystone/keystone/server/flask/request_processing/req_logging.py:28}}
Sep 10 15:59:29 ubuntu devstack@keystone.service[81214]: [pid: 81214|app: 0|req: 15/29] 10.201.5.82 () {54 vars in 919 bytes} [Wed Sep 10 15:59:29 2025] GET /identity => generated 270 bytes in 1 msecs (HTTP/1.1 300) 6 headers in 234 bytes (1 switches on core 0)
Sep 10 15:59:29 ubuntu devstack@keystone.service[81214]: DEBUG keystone.server.flask.request_processing.middleware.auth_context [None req-75256f9c-3184-4c0f-b298-2ce1ade5aa1e None None] Authenticating user token {{(pid=81214) process_request /opt/stack/data/venv/lib/python3.10/site-packages/keystonemiddleware/auth_token/__init__.py:407}}
Sep 10 15:59:29 ubuntu devstack@keystone.service[81215]: DEBUG keystone.common.rbac_enforcer.enforcer [None req-603d54b6-9bd4-43f4-947d-b6bb23f974bc None admin] RBAC: Authorizing `identity:get_domain(domain_id=Default)` {{(pid=81215) enforce_call /opt/stack/keystone/keystone/common/rbac_enforcer/enforcer.py:494}}
Sep 10 15:59:29 ubuntu devstack@keystone.service[81215]: DEBUG keystone.common.rbac_enforcer.enforcer [None req-603d54b6-9bd4-43f4-947d-b6bb23f974bc None admin] RBAC: Authorization granted {{(pid=81215) enforce_call /opt/stack/keystone/keystone/common/rbac_enforcer/enforcer.py:505}}
Sep 10 15:59:29 ubuntu devstack@keystone.service[81215]: DEBUG keystone.server.flask.application [None req-603d54b6-9bd4-43f4-947d-b6bb23f974bc None admin] Could not find domain: Default. {{(pid=81215) _handle_keystone_exception /opt/stack/keystone/keystone/server/flask/application.py:146}}
Sep 10 15:59:29 ubuntu devstack@keystone.service[81215]: [pid: 81215|app: 0|req: 15/30] 10.201.5.82 () {56 vars in 1100 bytes} [Wed Sep 10 15:59:29 2025] GET /identity/v3/domains/Default => generated 87 bytes in 78 msecs (HTTP/1.1 404) 5 headers in 183 bytes (1 switches on core 0)
Sep 10 15:59:29 ubuntu devstack@keystone.service[81215]: DEBUG keystone.server.flask.request_processing.req_logging [None req-367de532-1802-4dfb-b784-1d822f943acf None None] REQUEST_METHOD: `POST` {{(pid=81215) log_request_info /opt/stack/keystone/keystone/server/flask/request_processing/req_logging.py:26}}
Sep 10 15:59:29 ubuntu devstack@keystone.service[81215]: DEBUG keystone.server.flask.request_processing.req_logging [None req-367de532-1802-4dfb-b784-1d822f943acf None None] SCRIPT_NAME: `/identity` {{(pid=81215) log_request_info /opt/stack/keystone/keystone/server/flask/request_processing/req_logging.py:27}}
Sep 10 15:59:29 ubuntu devstack@keystone.service[81215]: DEBUG keystone.server.flask.request_processing.req_logging [None req-367de532-1802-4dfb-b784-1d822f943acf None None] PATH_INFO: `/v3/auth/tokens` {{(pid=81215) log_request_info /opt/stack/keystone/keystone/server/flask/request_processing/req_logging.py:28}}
Sep 10 15:59:29 ubuntu devstack@keystone.service[81215]: WARNING keystone.common.password_hashing [None req-367de532-1802-4dfb-b784-1d822f943acf None None] Truncating password to algorithm specific maximum length 72 characters.
Sep 10 15:59:29 ubuntu devstack@keystone.service[81215]: DEBUG keystone.auth.core [None req-367de532-1802-4dfb-b784-1d822f943acf None None] MFA Rules not processed for user `e6be201356d6451783ae484bbe9458da`. Rule list: `[]` (Enabled: `True`). {{(pid=81215) check_auth_methods_against_rules /opt/stack/keystone/keystone/auth/core.py:476}}
Sep 10 15:59:29 ubuntu devstack@keystone.service[81215]: DEBUG keystone.common.fernet_utils [None req-367de532-1802-4dfb-b784-1d822f943acf None None] Loaded 2 Fernet keys from /etc/keystone/fernet-keys/, but `[fernet_tokens] max_active_keys = 3`; perhaps there have not been enough key rotations to reach `max_active_keys` yet? {{(pid=81215) load_keys /opt/stack/keystone/keystone/common/fernet_utils.py:297}}
Sep 10 15:59:29 ubuntu devstack@keystone.service[81214]: DEBUG keystone.server.flask.request_processing.middleware.auth_context [None req-75256f9c-3184-4c0f-b298-2ce1ade5aa1e None None] Validating token access rules against request {{(pid=81214) validate_allowed_request /opt/stack/data/venv/lib/python3.10/site-packages/keystonemiddleware/auth_token/__init__.py:545}}
Sep 10 15:59:29 ubuntu devstack@keystone.service[81215]: [pid: 81215|app: 0|req: 16/31] 10.201.5.82 () {58 vars in 1016 bytes} [Wed Sep 10 15:59:29 2025] POST /identity/v3/auth/tokens => generated 862 bytes in 52 msecs (HTTP/1.1 201) 6 headers in 363 bytes (1 switches on core 0)
Sep 10 15:59:29 ubuntu devstack@keystone.service[81215]: DEBUG keystone.server.flask.request_processing.middleware.auth_context [None req-367de532-1802-4dfb-b784-1d822f943acf None None] Authenticating user token {{(pid=81215) process_request /opt/stack/data/venv/lib/python3.10/site-packages/keystonemiddleware/auth_token/__init__.py:407}}
Sep 10 15:59:29 ubuntu devstack@keystone.service[81214]: DEBUG keystone.server.flask.request_processing.middleware.auth_context [None req-05d505ea-8467-4112-b584-69b5366929c5 None admin] RBAC: auth_context: {'token': <TokenModel (audit_id=Xv843JHNSsaZd7mzwvfX3A, audit_chain_id=['Xv843JHNSsaZd7mzwvfX3A']) at 0x7fe9a5039ba0>, 'domain_id': None, 'trust_id': None, 'trustor_id': None, 'trustee_id': None, 'domain_name': None, 'group_ids': [], 'user_id': 'e6be201356d6451783ae484bbe9458da', 'user_domain_id': 'default', 'system_scope': 'all', 'project_id': None, 'project_domain_id': None, 'roles': ['admin', 'manager', 'member', 'reader'], 'is_admin_project': True, 'service_user_id': None, 'service_user_domain_id': None, 'service_project_id': None, 'service_project_domain_id': None, 'service_roles': []} {{(pid=81214) fill_context /opt/stack/keystone/keystone/server/flask/request_processing/middleware/auth_context.py:509}}
Sep 10 15:59:29 ubuntu devstack@keystone.service[81214]: DEBUG keystone.server.flask.request_processing.req_logging [None req-05d505ea-8467-4112-b584-69b5366929c5 None admin] REQUEST_METHOD: `GET` {{(pid=81214) log_request_info /opt/stack/keystone/keystone/server/flask/request_processing/req_logging.py:26}}
Sep 10 15:59:29 ubuntu devstack@keystone.service[81214]: DEBUG keystone.server.flask.request_processing.req_logging [None req-05d505ea-8467-4112-b584-69b5366929c5 None admin] SCRIPT_NAME: `/identity` {{(pid=81214) log_request_info /opt/stack/keystone/keystone/server/flask/request_processing/req_logging.py:27}}
Sep 10 15:59:29 ubuntu devstack@keystone.service[81214]: DEBUG keystone.server.flask.request_processing.req_logging [None req-05d505ea-8467-4112-b584-69b5366929c5 None admin] PATH_INFO: `/v3/domains/default` {{(pid=81214) log_request_info /opt/stack/keystone/keystone/server/flask/request_processing/req_logging.py:28}}
Sep 10 15:59:29 ubuntu devstack@keystone.service[81214]: DEBUG keystone.common.rbac_enforcer.enforcer [None req-05d505ea-8467-4112-b584-69b5366929c5 None admin] RBAC: Authorizing `identity:get_domain(domain_id=default)` {{(pid=81214) enforce_call /opt/stack/keystone/keystone/common/rbac_enforcer/enforcer.py:494}}
Sep 10 15:59:29 ubuntu devstack@keystone.service[81214]: DEBUG keystone.common.rbac_enforcer.enforcer [None req-05d505ea-8467-4112-b584-69b5366929c5 None admin] RBAC: Authorization granted {{(pid=81214) enforce_call /opt/stack/keystone/keystone/common/rbac_enforcer/enforcer.py:505}}
Sep 10 15:59:29 ubuntu devstack@keystone.service[81214]: [pid: 81214|app: 0|req: 16/32] 10.201.5.82 () {56 vars in 1144 bytes} [Wed Sep 10 15:59:29 2025] GET /identity/v3/domains/default => generated 199 bytes in 67 msecs (HTTP/1.1 200) 5 headers in 177 bytes (1 switches on core 0)
Sep 10 15:59:29 ubuntu devstack@keystone.service[81214]: DEBUG keystone.server.flask.request_processing.middleware.auth_context [None req-05d505ea-8467-4112-b584-69b5366929c5 None admin] Authenticating user token {{(pid=81214) process_request /opt/stack/data/venv/lib/python3.10/site-packages/keystonemiddleware/auth_token/__init__.py:407}}
Sep 10 15:59:29 ubuntu devstack@keystone.service[81215]: DEBUG keystone.server.flask.request_processing.middleware.auth_context [None req-367de532-1802-4dfb-b784-1d822f943acf None None] Validating token access rules against request {{(pid=81215) validate_allowed_request /opt/stack/data/venv/lib/python3.10/site-packages/keystonemiddleware/auth_token/__init__.py:545}}
Sep 10 15:59:29 ubuntu devstack@keystone.service[81215]: DEBUG keystone.server.flask.request_processing.middleware.auth_context [None req-bcdd1f11-ad46-4cec-aae6-0667c1603a98 None admin] RBAC: auth_context: {'token': <TokenModel (audit_id=Rigjqd0sTgWVcVkSClJPvQ, audit_chain_id=['Rigjqd0sTgWVcVkSClJPvQ']) at 0x7fe9a42b1570>, 'domain_id': None, 'trust_id': None, 'trustor_id': None, 'trustee_id': None, 'domain_name': None, 'group_ids': [], 'user_id': 'e6be201356d6451783ae484bbe9458da', 'user_domain_id': 'default', 'system_scope': 'all', 'project_id': None, 'project_domain_id': None, 'roles': ['admin', 'manager', 'member', 'reader'], 'is_admin_project': True, 'service_user_id': None, 'service_user_domain_id': None, 'service_project_id': None, 'service_project_domain_id': None, 'service_roles': []} {{(pid=81215) fill_context /opt/stack/keystone/keystone/server/flask/request_processing/middleware/auth_context.py:509}}
Sep 10 15:59:29 ubuntu devstack@keystone.service[81215]: DEBUG keystone.server.flask.request_processing.req_logging [None req-bcdd1f11-ad46-4cec-aae6-0667c1603a98 None admin] REQUEST_METHOD: `GET` {{(pid=81215) log_request_info /opt/stack/keystone/keystone/server/flask/request_processing/req_logging.py:26}}
Sep 10 15:59:29 ubuntu devstack@keystone.service[81215]: DEBUG keystone.server.flask.request_processing.req_logging [None req-bcdd1f11-ad46-4cec-aae6-0667c1603a98 None admin] SCRIPT_NAME: `/identity` {{(pid=81215) log_request_info /opt/stack/keystone/keystone/server/flask/request_processing/req_logging.py:27}}
Sep 10 15:59:29 ubuntu devstack@keystone.service[81215]: DEBUG keystone.server.flask.request_processing.req_logging [None req-bcdd1f11-ad46-4cec-aae6-0667c1603a98 None admin] PATH_INFO: `/v3/domains` {{(pid=81215) log_request_info /opt/stack/keystone/keystone/server/flask/request_processing/req_logging.py:28}}
Sep 10 15:59:29 ubuntu devstack@keystone.service[81214]: DEBUG keystone.server.flask.request_processing.middleware.auth_context [None req-05d505ea-8467-4112-b584-69b5366929c5 None admin] Validating token access rules against request {{(pid=81214) validate_allowed_request /opt/stack/data/venv/lib/python3.10/site-packages/keystonemiddleware/auth_token/__init__.py:545}}
Sep 10 15:59:29 ubuntu devstack@keystone.service[81215]: DEBUG keystone.common.rbac_enforcer.enforcer [None req-bcdd1f11-ad46-4cec-aae6-0667c1603a98 None admin] RBAC: Adding query filter params (name=Default) {{(pid=81215) _extract_filter_values /opt/stack/keystone/keystone/common/rbac_enforcer/enforcer.py:176}}
Sep 10 15:59:29 ubuntu devstack@keystone.service[81215]: DEBUG keystone.common.rbac_enforcer.enforcer [None req-bcdd1f11-ad46-4cec-aae6-0667c1603a98 None admin] RBAC: Authorizing `identity:list_domains()` {{(pid=81215) enforce_call /opt/stack/keystone/keystone/common/rbac_enforcer/enforcer.py:494}}
Sep 10 15:59:29 ubuntu devstack@keystone.service[81215]: DEBUG keystone.common.rbac_enforcer.enforcer [None req-bcdd1f11-ad46-4cec-aae6-0667c1603a98 None admin] RBAC: Authorization granted {{(pid=81215) enforce_call /opt/stack/keystone/keystone/common/rbac_enforcer/enforcer.py:505}}
Sep 10 15:59:29 ubuntu devstack@keystone.service[81215]: [pid: 81215|app: 0|req: 17/33] 10.201.5.82 () {56 vars in 1101 bytes} [Wed Sep 10 15:59:29 2025] GET /identity/v3/domains?name=Default => generated 308 bytes in 59 msecs (HTTP/1.1 200) 5 headers in 177 bytes (1 switches on core 0)
Sep 10 15:59:29 ubuntu devstack@keystone.service[81215]: DEBUG keystone.server.flask.request_processing.middleware.auth_context [None req-bcdd1f11-ad46-4cec-aae6-0667c1603a98 None admin] Authenticating user token {{(pid=81215) process_request /opt/stack/data/venv/lib/python3.10/site-packages/keystonemiddleware/auth_token/__init__.py:407}}
Sep 10 15:59:29 ubuntu devstack@keystone.service[81214]: DEBUG keystone.server.flask.request_processing.middleware.auth_context [None req-a9ed43fc-1b4f-4733-81fa-c603f323d53a None admin] RBAC: auth_context: {'token': <TokenModel (audit_id=Xv843JHNSsaZd7mzwvfX3A, audit_chain_id=['Xv843JHNSsaZd7mzwvfX3A']) at 0x7fe9a43baec0>, 'domain_id': None, 'trust_id': None, 'trustor_id': None, 'trustee_id': None, 'domain_name': None, 'group_ids': [], 'user_id': 'e6be201356d6451783ae484bbe9458da', 'user_domain_id': 'default', 'system_scope': 'all', 'project_id': None, 'project_domain_id': None, 'roles': ['admin', 'manager', 'member', 'reader'], 'is_admin_project': True, 'service_user_id': None, 'service_user_domain_id': None, 'service_project_id': None, 'service_project_domain_id': None, 'service_roles': []} {{(pid=81214) fill_context /opt/stack/keystone/keystone/server/flask/request_processing/middleware/auth_context.py:509}}
Sep 10 15:59:29 ubuntu devstack@keystone.service[81214]: DEBUG keystone.server.flask.request_processing.req_logging [None req-a9ed43fc-1b4f-4733-81fa-c603f323d53a None admin] REQUEST_METHOD: `GET` {{(pid=81214) log_request_info /opt/stack/keystone/keystone/server/flask/request_processing/req_logging.py:26}}
Sep 10 15:59:29 ubuntu devstack@keystone.service[81214]: DEBUG keystone.server.flask.request_processing.req_logging [None req-a9ed43fc-1b4f-4733-81fa-c603f323d53a None admin] SCRIPT_NAME: `/identity` {{(pid=81214) log_request_info /opt/stack/keystone/keystone/server/flask/request_processing/req_logging.py:27}}
Sep 10 15:59:29 ubuntu devstack@keystone.service[81214]: DEBUG keystone.server.flask.request_processing.req_logging [None req-a9ed43fc-1b4f-4733-81fa-c603f323d53a None admin] PATH_INFO: `/v3/role_assignments` {{(pid=81214) log_request_info /opt/stack/keystone/keystone/server/flask/request_processing/req_logging.py:28}}
Sep 10 15:59:29 ubuntu devstack@keystone.service[81214]: DEBUG keystone.common.rbac_enforcer.enforcer [None req-a9ed43fc-1b4f-4733-81fa-c603f323d53a None admin] RBAC: Adding query filter params (role.id=9d85e3dbbf1f472795bd4ce445d5d653, scope.domain.id=default, user.id=e6be201356d6451783ae484bbe9458da) {{(pid=81214) _extract_filter_values /opt/stack/keystone/keystone/common/rbac_enforcer/enforcer.py:176}}
Sep 10 15:59:29 ubuntu devstack@keystone.service[81214]: DEBUG keystone.common.rbac_enforcer.enforcer [None req-a9ed43fc-1b4f-4733-81fa-c603f323d53a None admin] RBAC: Authorizing `identity:list_role_assignments()` {{(pid=81214) enforce_call /opt/stack/keystone/keystone/common/rbac_enforcer/enforcer.py:494}}
Sep 10 15:59:29 ubuntu devstack@keystone.service[81214]: DEBUG keystone.common.rbac_enforcer.enforcer [None req-a9ed43fc-1b4f-4733-81fa-c603f323d53a None admin] RBAC: Authorization granted {{(pid=81214) enforce_call /opt/stack/keystone/keystone/common/rbac_enforcer/enforcer.py:505}}
Sep 10 15:59:29 ubuntu devstack@keystone.service[81214]: [pid: 81214|app: 0|req: 17/34] 10.201.5.82 () {56 vars in 1371 bytes} [Wed Sep 10 15:59:29 2025] GET /identity/v3/role_assignments?role.id=9d85e3dbbf1f472795bd4ce445d5d653&scope.domain.id=default&user.id=e6be201356d6451783ae484bbe9458da => generated 530 bytes in 72 msecs (HTTP/1.1 200) 5 headers in 177 bytes (2 switches on core 0)
Sep 10 15:59:29 ubuntu devstack@keystone.service[81215]: DEBUG keystone.server.flask.request_processing.middleware.auth_context [None req-bcdd1f11-ad46-4cec-aae6-0667c1603a98 None admin] Validating token access rules against request {{(pid=81215) validate_allowed_request /opt/stack/data/venv/lib/python3.10/site-packages/keystonemiddleware/auth_token/__init__.py:545}}
Sep 10 15:59:29 ubuntu devstack@keystone.service[81215]: DEBUG keystone.server.flask.request_processing.middleware.auth_context [None req-126692d9-0848-46dd-8a73-8afd5b9bd2e1 None admin] RBAC: auth_context: {'token': <TokenModel (audit_id=Rigjqd0sTgWVcVkSClJPvQ, audit_chain_id=['Rigjqd0sTgWVcVkSClJPvQ']) at 0x7fe9a4426920>, 'domain_id': None, 'trust_id': None, 'trustor_id': None, 'trustee_id': None, 'domain_name': None, 'group_ids': [], 'user_id': 'e6be201356d6451783ae484bbe9458da', 'user_domain_id': 'default', 'system_scope': 'all', 'project_id': None, 'project_domain_id': None, 'roles': ['admin', 'manager', 'member', 'reader'], 'is_admin_project': True, 'service_user_id': None, 'service_user_domain_id': None, 'service_project_id': None, 'service_project_domain_id': None, 'service_roles': []} {{(pid=81215) fill_context /opt/stack/keystone/keystone/server/flask/request_processing/middleware/auth_context.py:509}}
Sep 10 15:59:29 ubuntu devstack@keystone.service[81215]: DEBUG keystone.server.flask.request_processing.req_logging [None req-126692d9-0848-46dd-8a73-8afd5b9bd2e1 None admin] REQUEST_METHOD: `POST` {{(pid=81215) log_request_info /opt/stack/keystone/keystone/server/flask/request_processing/req_logging.py:26}}
Sep 10 15:59:29 ubuntu devstack@keystone.service[81215]: DEBUG keystone.server.flask.request_processing.req_logging [None req-126692d9-0848-46dd-8a73-8afd5b9bd2e1 None admin] SCRIPT_NAME: `/identity` {{(pid=81215) log_request_info /opt/stack/keystone/keystone/server/flask/request_processing/req_logging.py:27}}
Sep 10 15:59:29 ubuntu devstack@keystone.service[81215]: DEBUG keystone.server.flask.request_processing.req_logging [None req-126692d9-0848-46dd-8a73-8afd5b9bd2e1 None admin] PATH_INFO: `/v3/projects` {{(pid=81215) log_request_info /opt/stack/keystone/keystone/server/flask/request_processing/req_logging.py:28}}
Sep 10 15:59:29 ubuntu devstack@keystone.service[81215]: DEBUG keystone.common.rbac_enforcer.enforcer [None req-126692d9-0848-46dd-8a73-8afd5b9bd2e1 None admin] RBAC: Authorizing `identity:create_project()` {{(pid=81215) enforce_call /opt/stack/keystone/keystone/common/rbac_enforcer/enforcer.py:494}}
Sep 10 15:59:29 ubuntu devstack@keystone.service[81215]: DEBUG keystone.common.rbac_enforcer.enforcer [None req-126692d9-0848-46dd-8a73-8afd5b9bd2e1 None admin] RBAC: Authorization granted {{(pid=81215) enforce_call /opt/stack/keystone/keystone/common/rbac_enforcer/enforcer.py:505}}
Sep 10 15:59:29 ubuntu devstack@keystone.service[81215]: [pid: 81215|app: 0|req: 18/35] 10.201.5.82 () {60 vars in 1133 bytes} [Wed Sep 10 15:59:29 2025] POST /identity/v3/projects => generated 301 bytes in 129 msecs (HTTP/1.1 201) 5 headers in 182 bytes (2 switches on core 0)
Sep 10 15:59:29 ubuntu devstack@keystone.service[81214]: DEBUG keystone.server.flask.request_processing.middleware.auth_context [None req-a9ed43fc-1b4f-4733-81fa-c603f323d53a None admin] Authenticating user token {{(pid=81214) process_request /opt/stack/data/venv/lib/python3.10/site-packages/keystonemiddleware/auth_token/__init__.py:407}}
Sep 10 15:59:29 ubuntu devstack@keystone.service[81215]: DEBUG keystone.server.flask.request_processing.req_logging [None req-b4e9e9f5-7347-48cf-96cf-633232b9575a None None] REQUEST_METHOD: `GET` {{(pid=81215) log_request_info /opt/stack/keystone/keystone/server/flask/request_processing/req_logging.py:26}}
Sep 10 15:59:29 ubuntu devstack@keystone.service[81215]: DEBUG keystone.server.flask.request_processing.req_logging [None req-b4e9e9f5-7347-48cf-96cf-633232b9575a None None] SCRIPT_NAME: `/identity` {{(pid=81215) log_request_info /opt/stack/keystone/keystone/server/flask/request_processing/req_logging.py:27}}
Sep 10 15:59:29 ubuntu devstack@keystone.service[81215]: DEBUG keystone.server.flask.request_processing.req_logging [None req-b4e9e9f5-7347-48cf-96cf-633232b9575a None None] PATH_INFO: `/` {{(pid=81215) log_request_info /opt/stack/keystone/keystone/server/flask/request_processing/req_logging.py:28}}
Sep 10 15:59:29 ubuntu devstack@keystone.service[81215]: [pid: 81215|app: 0|req: 19/36] 10.201.5.82 () {54 vars in 919 bytes} [Wed Sep 10 15:59:29 2025] GET /identity => generated 270 bytes in 2 msecs (HTTP/1.1 300) 6 headers in 234 bytes (1 switches on core 0)
Sep 10 15:59:29 ubuntu devstack@keystone.service[81215]: DEBUG keystone.server.flask.request_processing.req_logging [None req-ddfcf560-5499-4a68-afe8-1b3877766846 None None] REQUEST_METHOD: `POST` {{(pid=81215) log_request_info /opt/stack/keystone/keystone/server/flask/request_processing/req_logging.py:26}}
Sep 10 15:59:29 ubuntu devstack@keystone.service[81214]: DEBUG keystone.server.flask.request_processing.middleware.auth_context [None req-a9ed43fc-1b4f-4733-81fa-c603f323d53a None admin] Validating token access rules against request {{(pid=81214) validate_allowed_request /opt/stack/data/venv/lib/python3.10/site-packages/keystonemiddleware/auth_token/__init__.py:545}}
Sep 10 15:59:29 ubuntu devstack@keystone.service[81215]: DEBUG keystone.server.flask.request_processing.req_logging [None req-ddfcf560-5499-4a68-afe8-1b3877766846 None None] SCRIPT_NAME: `/identity` {{(pid=81215) log_request_info /opt/stack/keystone/keystone/server/flask/request_processing/req_logging.py:27}}
Sep 10 15:59:29 ubuntu devstack@keystone.service[81215]: DEBUG keystone.server.flask.request_processing.req_logging [None req-ddfcf560-5499-4a68-afe8-1b3877766846 None None] PATH_INFO: `/v3/auth/tokens` {{(pid=81215) log_request_info /opt/stack/keystone/keystone/server/flask/request_processing/req_logging.py:28}}
Sep 10 15:59:29 ubuntu devstack@keystone.service[81215]: WARNING keystone.common.password_hashing [None req-ddfcf560-5499-4a68-afe8-1b3877766846 None None] Truncating password to algorithm specific maximum length 72 characters.
Sep 10 15:59:29 ubuntu devstack@keystone.service[81215]: DEBUG keystone.auth.core [None req-ddfcf560-5499-4a68-afe8-1b3877766846 None None] MFA Rules not processed for user `e6be201356d6451783ae484bbe9458da`. Rule list: `[]` (Enabled: `True`). {{(pid=81215) check_auth_methods_against_rules /opt/stack/keystone/keystone/auth/core.py:476}}
Sep 10 15:59:29 ubuntu devstack@keystone.service[81215]: DEBUG keystone.common.fernet_utils [None req-ddfcf560-5499-4a68-afe8-1b3877766846 None None] Loaded 2 Fernet keys from /etc/keystone/fernet-keys/, but `[fernet_tokens] max_active_keys = 3`; perhaps there have not been enough key rotations to reach `max_active_keys` yet? {{(pid=81215) load_keys /opt/stack/keystone/keystone/common/fernet_utils.py:297}}
Sep 10 15:59:29 ubuntu devstack@keystone.service[81214]: DEBUG keystone.server.flask.request_processing.middleware.auth_context [None req-8e5f2d43-583f-4206-8038-40402e6caf8a None admin] RBAC: auth_context: {'token': <TokenModel (audit_id=H1zZYZPgTwa4jC0DA7HfdA, audit_chain_id=['H1zZYZPgTwa4jC0DA7HfdA']) at 0x7fe9a448e0e0>, 'domain_id': None, 'trust_id': None, 'trustor_id': None, 'trustee_id': None, 'domain_name': None, 'group_ids': [], 'user_id': 'e6be201356d6451783ae484bbe9458da', 'user_domain_id': 'default', 'system_scope': 'all', 'project_id': None, 'project_domain_id': None, 'roles': ['admin', 'manager', 'member', 'reader'], 'is_admin_project': True, 'service_user_id': None, 'service_user_domain_id': None, 'service_project_id': None, 'service_project_domain_id': None, 'service_roles': []} {{(pid=81214) fill_context /opt/stack/keystone/keystone/server/flask/request_processing/middleware/auth_context.py:509}}
Sep 10 15:59:29 ubuntu devstack@keystone.service[81214]: DEBUG keystone.server.flask.request_processing.req_logging [None req-8e5f2d43-583f-4206-8038-40402e6caf8a None admin] REQUEST_METHOD: `POST` {{(pid=81214) log_request_info /opt/stack/keystone/keystone/server/flask/request_processing/req_logging.py:26}}
Sep 10 15:59:29 ubuntu devstack@keystone.service[81214]: DEBUG keystone.server.flask.request_processing.req_logging [None req-8e5f2d43-583f-4206-8038-40402e6caf8a None admin] SCRIPT_NAME: `/identity` {{(pid=81214) log_request_info /opt/stack/keystone/keystone/server/flask/request_processing/req_logging.py:27}}
Sep 10 15:59:29 ubuntu devstack@keystone.service[81214]: DEBUG keystone.server.flask.request_processing.req_logging [None req-8e5f2d43-583f-4206-8038-40402e6caf8a None admin] PATH_INFO: `/v3/roles` {{(pid=81214) log_request_info /opt/stack/keystone/keystone/server/flask/request_processing/req_logging.py:28}}
Sep 10 15:59:29 ubuntu devstack@keystone.service[81214]: DEBUG keystone.common.rbac_enforcer.enforcer [None req-8e5f2d43-583f-4206-8038-40402e6caf8a None admin] RBAC: Authorizing `identity:create_role()` {{(pid=81214) enforce_call /opt/stack/keystone/keystone/common/rbac_enforcer/enforcer.py:494}}
Sep 10 15:59:29 ubuntu devstack@keystone.service[81214]: DEBUG keystone.common.rbac_enforcer.enforcer [None req-8e5f2d43-583f-4206-8038-40402e6caf8a None admin] RBAC: Authorization granted {{(pid=81214) enforce_call /opt/stack/keystone/keystone/common/rbac_enforcer/enforcer.py:505}}
Sep 10 15:59:29 ubuntu devstack@keystone.service[81214]: DEBUG keystone.common.sql.core [None req-8e5f2d43-583f-4206-8038-40402e6caf8a None admin] Conflict role: (pymysql.err.IntegrityError) (1062, "Duplicate entry 'service-<<null>>' for key 'role.ixu_role_name_domain_id'")
Sep 10 15:59:29 ubuntu devstack@keystone.service[81214]: [SQL: INSERT INTO `role` (id, name, description, extra) VALUES (%(id)s, %(name)s, %(description)s, %(extra)s)]
Sep 10 15:59:29 ubuntu devstack@keystone.service[81214]: [parameters: {'id': 'e37300750050409fac360a70576447c2', 'name': 'service', 'description': None, 'extra': '{}'}]
Sep 10 15:59:29 ubuntu devstack@keystone.service[81214]: (Background on this error at: https://sqlalche.me/e/20/gkpj) {{(pid=81214) wrapper /opt/stack/keystone/keystone/common/sql/core.py:580}}
Sep 10 15:59:29 ubuntu devstack@keystone.service[81214]: ERROR keystone.server.flask.application [None req-8e5f2d43-583f-4206-8038-40402e6caf8a None admin] Conflict occurred attempting to store role - Duplicate entry found with name service.: keystone.exception.Conflict: Conflict occurred attempting to store role - Duplicate entry found with name service.
Sep 10 15:59:29 ubuntu devstack@keystone.service[81214]: ERROR keystone.server.flask.application Traceback (most recent call last):
Sep 10 15:59:29 ubuntu devstack@keystone.service[81214]: ERROR keystone.server.flask.application   File "/opt/stack/data/venv/lib/python3.10/site-packages/sqlalchemy/engine/base.py", line 1961, in _exec_single_context
Sep 10 15:59:29 ubuntu devstack@keystone.service[81214]: ERROR keystone.server.flask.application     self.dialect.do_execute(
Sep 10 15:59:29 ubuntu devstack@keystone.service[81214]: ERROR keystone.server.flask.application   File "/opt/stack/data/venv/lib/python3.10/site-packages/sqlalchemy/engine/default.py", line 944, in do_execute
Sep 10 15:59:29 ubuntu devstack@keystone.service[81214]: ERROR keystone.server.flask.application     cursor.execute(statement, parameters)
Sep 10 15:59:29 ubuntu devstack@keystone.service[81214]: ERROR keystone.server.flask.application   File "/opt/stack/data/venv/lib/python3.10/site-packages/pymysql/cursors.py", line 153, in execute
Sep 10 15:59:29 ubuntu devstack@keystone.service[81214]: ERROR keystone.server.flask.application     result = self._query(query)
Sep 10 15:59:29 ubuntu devstack@keystone.service[81214]: ERROR keystone.server.flask.application   File "/opt/stack/data/venv/lib/python3.10/site-packages/pymysql/cursors.py", line 322, in _query
Sep 10 15:59:29 ubuntu devstack@keystone.service[81214]: ERROR keystone.server.flask.application     conn.query(q)
Sep 10 15:59:29 ubuntu devstack@keystone.service[81214]: ERROR keystone.server.flask.application   File "/opt/stack/data/venv/lib/python3.10/site-packages/pymysql/connections.py", line 563, in query
Sep 10 15:59:29 ubuntu devstack@keystone.service[81214]: ERROR keystone.server.flask.application     self._affected_rows = self._read_query_result(unbuffered=unbuffered)
Sep 10 15:59:29 ubuntu devstack@keystone.service[81214]: ERROR keystone.server.flask.application   File "/opt/stack/data/venv/lib/python3.10/site-packages/pymysql/connections.py", line 825, in _read_query_result
Sep 10 15:59:29 ubuntu devstack@keystone.service[81214]: ERROR keystone.server.flask.application     result.read()
Sep 10 15:59:29 ubuntu devstack@keystone.service[81214]: ERROR keystone.server.flask.application   File "/opt/stack/data/venv/lib/python3.10/site-packages/pymysql/connections.py", line 1199, in read
Sep 10 15:59:29 ubuntu devstack@keystone.service[81214]: ERROR keystone.server.flask.application     first_packet = self.connection._read_packet()
Sep 10 15:59:29 ubuntu devstack@keystone.service[81214]: ERROR keystone.server.flask.application   File "/opt/stack/data/venv/lib/python3.10/site-packages/pymysql/connections.py", line 775, in _read_packet
Sep 10 15:59:29 ubuntu devstack@keystone.service[81214]: ERROR keystone.server.flask.application     packet.raise_for_error()
Sep 10 15:59:29 ubuntu devstack@keystone.service[81214]: ERROR keystone.server.flask.application   File "/opt/stack/data/venv/lib/python3.10/site-packages/pymysql/protocol.py", line 219, in raise_for_error
Sep 10 15:59:29 ubuntu devstack@keystone.service[81214]: ERROR keystone.server.flask.application     err.raise_mysql_exception(self._data)
Sep 10 15:59:29 ubuntu devstack@keystone.service[81214]: ERROR keystone.server.flask.application   File "/opt/stack/data/venv/lib/python3.10/site-packages/pymysql/err.py", line 150, in raise_mysql_exception
Sep 10 15:59:29 ubuntu devstack@keystone.service[81214]: ERROR keystone.server.flask.application     raise errorclass(errno, errval)
Sep 10 15:59:29 ubuntu devstack@keystone.service[81214]: ERROR keystone.server.flask.application pymysql.err.IntegrityError: (1062, "Duplicate entry 'service-<<null>>' for key 'role.ixu_role_name_domain_id'")
Sep 10 15:59:29 ubuntu devstack@keystone.service[81214]: ERROR keystone.server.flask.application 
Sep 10 15:59:29 ubuntu devstack@keystone.service[81214]: ERROR keystone.server.flask.application The above exception was the direct cause of the following exception:
Sep 10 15:59:29 ubuntu devstack@keystone.service[81214]: ERROR keystone.server.flask.application 
Sep 10 15:59:29 ubuntu devstack@keystone.service[81214]: ERROR keystone.server.flask.application Traceback (most recent call last):
Sep 10 15:59:29 ubuntu devstack@keystone.service[81214]: ERROR keystone.server.flask.application   File "/opt/stack/keystone/keystone/common/sql/core.py", line 575, in wrapper
Sep 10 15:59:29 ubuntu devstack@keystone.service[81214]: ERROR keystone.server.flask.application     return method(*args, **kwargs)
Sep 10 15:59:29 ubuntu devstack@keystone.service[81214]: ERROR keystone.server.flask.application   File "/opt/stack/keystone/keystone/assignment/role_backends/sql.py", line 25, in create_role
Sep 10 15:59:29 ubuntu devstack@keystone.service[81214]: ERROR keystone.server.flask.application     with sql.session_for_write() as session:
Sep 10 15:59:29 ubuntu devstack@keystone.service[81214]: ERROR keystone.server.flask.application   File "/usr/lib/python3.10/contextlib.py", line 142, in __exit__
Sep 10 15:59:29 ubuntu devstack@keystone.service[81214]: ERROR keystone.server.flask.application     next(self.gen)
Sep 10 15:59:29 ubuntu devstack@keystone.service[81214]: ERROR keystone.server.flask.application   File "/opt/stack/data/venv/lib/python3.10/site-packages/oslo_db/sqlalchemy/enginefacade.py", line 1199, in _transaction_scope
Sep 10 15:59:29 ubuntu devstack@keystone.service[81214]: ERROR keystone.server.flask.application     with current._produce_block(
Sep 10 15:59:29 ubuntu devstack@keystone.service[81214]: ERROR keystone.server.flask.application   File "/usr/lib/python3.10/contextlib.py", line 142, in __exit__
Sep 10 15:59:29 ubuntu devstack@keystone.service[81214]: ERROR keystone.server.flask.application     next(self.gen)
Sep 10 15:59:29 ubuntu devstack@keystone.service[81214]: ERROR keystone.server.flask.application   File "/opt/stack/data/venv/lib/python3.10/site-packages/oslo_db/sqlalchemy/enginefacade.py", line 850, in _session
Sep 10 15:59:29 ubuntu devstack@keystone.service[81214]: ERROR keystone.server.flask.application     with excutils.save_and_reraise_exception():
Sep 10 15:59:29 ubuntu devstack@keystone.service[81214]: ERROR keystone.server.flask.application   File "/opt/stack/data/venv/lib/python3.10/site-packages/oslo_utils/excutils.py", line 227, in __exit__
Sep 10 15:59:29 ubuntu devstack@keystone.service[81214]: ERROR keystone.server.flask.application     self.force_reraise()
Sep 10 15:59:29 ubuntu devstack@keystone.service[81214]: ERROR keystone.server.flask.application   File "/opt/stack/data/venv/lib/python3.10/site-packages/oslo_utils/excutils.py", line 200, in force_reraise
Sep 10 15:59:29 ubuntu devstack@keystone.service[81214]: ERROR keystone.server.flask.application     raise self.value
Sep 10 15:59:29 ubuntu devstack@keystone.service[81214]: ERROR keystone.server.flask.application   File "/opt/stack/data/venv/lib/python3.10/site-packages/oslo_db/sqlalchemy/enginefacade.py", line 848, in _session
Sep 10 15:59:29 ubuntu devstack@keystone.service[81214]: ERROR keystone.server.flask.application     self._end_session_transaction(self.session)
Sep 10 15:59:29 ubuntu devstack@keystone.service[81214]: ERROR keystone.server.flask.application   File "/opt/stack/data/venv/lib/python3.10/site-packages/oslo_db/sqlalchemy/enginefacade.py", line 761, in _end_session_transaction
