Feb 16 08:18:26 ubuntu devstack@keystone.service[81826]: DEBUG keystone.server.flask.common [-] Adding resource routes to API role_assignments: ['/role_assignments' {}] {{(pid=81826) _add_mapped_resources /opt/stack/keystone/keystone/server/flask/common.py:483}}
Feb 16 08:18:26 ubuntu devstack@keystone.service[81826]: DEBUG keystone.server.flask.common [-] Adding resource routes to API role_inferences: ['/role_inferences' {}] {{(pid=81826) _add_mapped_resources /opt/stack/keystone/keystone/server/flask/common.py:483}}
Feb 16 08:18:26 ubuntu devstack@keystone.service[81826]: DEBUG keystone.server.flask.common [-] Adding resource routes to API roles: ['/roles' {}] {{(pid=81826) _add_mapped_resources /opt/stack/keystone/keystone/server/flask/common.py:483}}
Feb 16 08:18:26 ubuntu devstack@keystone.service[81826]: DEBUG keystone.server.flask.common [-] Adding resource routes to API roles: ['/roles/<string:role_id>' {}] {{(pid=81826) _add_mapped_resources /opt/stack/keystone/keystone/server/flask/common.py:483}}
Feb 16 08:18:26 ubuntu devstack@keystone.service[81826]: DEBUG keystone.server.flask.common [-] Adding resource routes to API roles: ['/roles/<string:prior_role_id>/implies' {}] {{(pid=81826) _add_mapped_resources /opt/stack/keystone/keystone/server/flask/common.py:483}}
Feb 16 08:18:26 ubuntu devstack@keystone.service[81826]: DEBUG keystone.server.flask.common [-] Adding resource routes to API roles: ['/roles/<string:prior_role_id>/implies/<string:implied_role_id>' {}] {{(pid=81826) _add_mapped_resources /opt/stack/keystone/keystone/server/flask/common.py:483}}
Feb 16 08:18:26 ubuntu devstack@keystone.service[81826]: DEBUG keystone.server.flask.common [-] Adding resource routes to API s3tokens: ['/s3tokens' {}] {{(pid=81826) _add_mapped_resources /opt/stack/keystone/keystone/server/flask/common.py:483}}
Feb 16 08:18:26 ubuntu devstack@keystone.service[81826]: DEBUG keystone.server.flask.common [-] Adding resource routes to API services: ['/services' {}] {{(pid=81826) _add_mapped_resources /opt/stack/keystone/keystone/server/flask/common.py:483}}
Feb 16 08:18:26 ubuntu devstack@keystone.service[81826]: DEBUG keystone.server.flask.common [-] Adding resource routes to API services: ['/services/<string:service_id>' {}] {{(pid=81826) _add_mapped_resources /opt/stack/keystone/keystone/server/flask/common.py:483}}
Feb 16 08:18:26 ubuntu devstack@keystone.service[81826]: DEBUG keystone.server.flask.common [-] Adding resource routes to API system: ['/system/users/<string:user_id>/roles' {}] {{(pid=81826) _add_mapped_resources /opt/stack/keystone/keystone/server/flask/common.py:483}}
Feb 16 08:18:26 ubuntu devstack@keystone.service[81826]: DEBUG keystone.server.flask.common [-] Adding resource routes to API system: ['/system/users/<string:user_id>/roles/<string:role_id>' {}] {{(pid=81826) _add_mapped_resources /opt/stack/keystone/keystone/server/flask/common.py:483}}
Feb 16 08:18:26 ubuntu devstack@keystone.service[81826]: DEBUG keystone.server.flask.common [-] Adding resource routes to API system: ['/system/groups/<string:group_id>/roles' {}] {{(pid=81826) _add_mapped_resources /opt/stack/keystone/keystone/server/flask/common.py:483}}
Feb 16 08:18:26 ubuntu devstack@keystone.service[81826]: DEBUG keystone.server.flask.common [-] Adding resource routes to API system: ['/system/groups/<string:group_id>/roles/<string:role_id>' {}] {{(pid=81826) _add_mapped_resources /opt/stack/keystone/keystone/server/flask/common.py:483}}
Feb 16 08:18:26 ubuntu devstack@keystone.service[81825]: WSGI app 0 (mountpoint='') ready in 2 seconds on interpreter 0x55ea82bc3d40 pid: 81825 (default app)
Feb 16 08:18:26 ubuntu devstack@keystone.service[81825]: DEBUG keystone.server.flask.request_processing.req_logging [None req-0d71448b-eb4a-4c0e-8610-aaac3bb7684d None None] REQUEST_METHOD: `GET` {{(pid=81825) log_request_info /opt/stack/keystone/keystone/server/flask/request_processing/req_logging.py:26}}
Feb 16 08:18:26 ubuntu devstack@keystone.service[81825]: DEBUG keystone.server.flask.request_processing.req_logging [None req-0d71448b-eb4a-4c0e-8610-aaac3bb7684d None None] SCRIPT_NAME: `/identity` {{(pid=81825) log_request_info /opt/stack/keystone/keystone/server/flask/request_processing/req_logging.py:27}}
Feb 16 08:18:26 ubuntu devstack@keystone.service[81825]: DEBUG keystone.server.flask.request_processing.req_logging [None req-0d71448b-eb4a-4c0e-8610-aaac3bb7684d None None] PATH_INFO: `/v3` {{(pid=81825) log_request_info /opt/stack/keystone/keystone/server/flask/request_processing/req_logging.py:28}}
Feb 16 08:18:26 ubuntu devstack@keystone.service[81826]: DEBUG keystone.server.flask.common [-] Adding resource routes to API trusts: ['/trusts' {}] {{(pid=81826) _add_mapped_resources /opt/stack/keystone/keystone/server/flask/common.py:483}}
Feb 16 08:18:26 ubuntu devstack@keystone.service[81826]: DEBUG keystone.server.flask.common [-] Adding resource routes to API trusts: ['/trusts/<string:trust_id>' {}] {{(pid=81826) _add_mapped_resources /opt/stack/keystone/keystone/server/flask/common.py:483}}
Feb 16 08:18:26 ubuntu devstack@keystone.service[81826]: DEBUG keystone.server.flask.common [-] Adding resource routes to API trusts: ['/trusts/<string:trust_id>/roles' {}] {{(pid=81826) _add_mapped_resources /opt/stack/keystone/keystone/server/flask/common.py:483}}
Feb 16 08:18:26 ubuntu devstack@keystone.service[81826]: DEBUG keystone.server.flask.common [-] Adding resource routes to API trusts: ['/trusts/<string:trust_id>/roles/<string:role_id>' {}] {{(pid=81826) _add_mapped_resources /opt/stack/keystone/keystone/server/flask/common.py:483}}
Feb 16 08:18:26 ubuntu devstack@keystone.service[81825]: [pid: 81825|app: 0|req: 1/1] 10.201.5.82 () {50 vars in 783 bytes} [Mon Feb 16 08:18:26 2026] GET /identity/v3/ => generated 255 bytes in 3 msecs (HTTP/1.1 200) 5 headers in 177 bytes (1 switches on core 0)
Feb 16 08:18:26 ubuntu devstack@keystone.service[81826]: DEBUG keystone.server.flask.common [-] Adding resource routes to API users: ['/users' {}] {{(pid=81826) _add_mapped_resources /opt/stack/keystone/keystone/server/flask/common.py:483}}
Feb 16 08:18:26 ubuntu devstack@keystone.service[81826]: DEBUG keystone.server.flask.common [-] Adding resource routes to API users: ['/users/<string:user_id>' {}] {{(pid=81826) _add_mapped_resources /opt/stack/keystone/keystone/server/flask/common.py:483}}
Feb 16 08:18:26 ubuntu devstack@keystone.service[81826]: DEBUG keystone.server.flask.common [-] Adding resource routes to API users: ['/users/<string:user_id>/password' {}] {{(pid=81826) _add_mapped_resources /opt/stack/keystone/keystone/server/flask/common.py:483}}
Feb 16 08:18:26 ubuntu devstack@keystone.service[81826]: DEBUG keystone.server.flask.common [-] Adding resource routes to API users: ['/users/<string:user_id>/groups' {}] {{(pid=81826) _add_mapped_resources /opt/stack/keystone/keystone/server/flask/common.py:483}}
Feb 16 08:18:26 ubuntu devstack@keystone.service[81826]: DEBUG keystone.server.flask.common [-] Adding resource routes to API users: ['/users/<string:user_id>/projects' {}] {{(pid=81826) _add_mapped_resources /opt/stack/keystone/keystone/server/flask/common.py:483}}
Feb 16 08:18:26 ubuntu devstack@keystone.service[81826]: DEBUG keystone.server.flask.common [-] Adding resource routes to API users: ['/users/<string:user_id>/credentials/OS-EC2' {}] {{(pid=81826) _add_mapped_resources /opt/stack/keystone/keystone/server/flask/common.py:483}}
Feb 16 08:18:26 ubuntu devstack@keystone.service[81826]: DEBUG keystone.server.flask.common [-] Adding resource routes to API users: ['/users/<string:user_id>/credentials/OS-EC2/<string:credential_id>' {}] {{(pid=81826) _add_mapped_resources /opt/stack/keystone/keystone/server/flask/common.py:483}}
Feb 16 08:18:26 ubuntu devstack@keystone.service[81826]: DEBUG keystone.server.flask.common [-] Adding resource routes to API users: ['/users/<string:user_id>/OS-OAUTH1/access_tokens' {}] {{(pid=81826) _add_mapped_resources /opt/stack/keystone/keystone/server/flask/common.py:483}}
Feb 16 08:18:26 ubuntu devstack@keystone.service[81826]: DEBUG keystone.server.flask.common [-] Adding resource routes to API users: ['/users/<string:user_id>/OS-OAUTH1/access_tokens/<string:access_token_id>' {}] {{(pid=81826) _add_mapped_resources /opt/stack/keystone/keystone/server/flask/common.py:483}}
Feb 16 08:18:26 ubuntu devstack@keystone.service[81826]: DEBUG keystone.server.flask.common [-] Adding resource routes to API users: ['/users/<string:user_id>/OS-OAUTH1/access_tokens/<string:access_token_id>/roles' {}] {{(pid=81826) _add_mapped_resources /opt/stack/keystone/keystone/server/flask/common.py:483}}
Feb 16 08:18:26 ubuntu devstack@keystone.service[81826]: DEBUG keystone.server.flask.common [-] Adding resource routes to API users: ['/users/<string:user_id>/OS-OAUTH1/access_tokens/<string:access_token_id>/roles/<string:role_id>' {}] {{(pid=81826) _add_mapped_resources /opt/stack/keystone/keystone/server/flask/common.py:483}}
Feb 16 08:18:26 ubuntu devstack@keystone.service[81826]: DEBUG keystone.server.flask.common [-] Adding resource routes to API users: ['/users/<string:user_id>/application_credentials' {}] {{(pid=81826) _add_mapped_resources /opt/stack/keystone/keystone/server/flask/common.py:483}}
Feb 16 08:18:26 ubuntu devstack@keystone.service[81826]: DEBUG keystone.server.flask.common [-] Adding resource routes to API users: ['/users/<string:user_id>/application_credentials/<string:application_credential_id>' {}] {{(pid=81826) _add_mapped_resources /opt/stack/keystone/keystone/server/flask/common.py:483}}
Feb 16 08:18:26 ubuntu devstack@keystone.service[81826]: DEBUG keystone.server.flask.common [-] Adding resource routes to API users: ['/users/<string:user_id>/access_rules' {}] {{(pid=81826) _add_mapped_resources /opt/stack/keystone/keystone/server/flask/common.py:483}}
Feb 16 08:18:26 ubuntu devstack@keystone.service[81826]: DEBUG keystone.server.flask.common [-] Adding resource routes to API users: ['/users/<string:user_id>/access_rules/<string:access_rule_id>' {}] {{(pid=81826) _add_mapped_resources /opt/stack/keystone/keystone/server/flask/common.py:483}}
Feb 16 08:18:26 ubuntu devstack@keystone.service[81826]: WSGI app 0 (mountpoint='') ready in 2 seconds on interpreter 0x55ea82bc3d40 pid: 81826 (default app)
Feb 16 08:18:32 ubuntu devstack@keystone.service[81825]: DEBUG keystone.server.flask.request_processing.req_logging [None req-b073c3ad-48c1-4132-8193-93fb1d078526 None None] REQUEST_METHOD: `GET` {{(pid=81825) log_request_info /opt/stack/keystone/keystone/server/flask/request_processing/req_logging.py:26}}
Feb 16 08:18:32 ubuntu devstack@keystone.service[81825]: DEBUG keystone.server.flask.request_processing.req_logging [None req-b073c3ad-48c1-4132-8193-93fb1d078526 None None] SCRIPT_NAME: `/identity` {{(pid=81825) log_request_info /opt/stack/keystone/keystone/server/flask/request_processing/req_logging.py:27}}
Feb 16 08:18:32 ubuntu devstack@keystone.service[81825]: DEBUG keystone.server.flask.request_processing.req_logging [None req-b073c3ad-48c1-4132-8193-93fb1d078526 None None] PATH_INFO: `/` {{(pid=81825) log_request_info /opt/stack/keystone/keystone/server/flask/request_processing/req_logging.py:28}}
Feb 16 08:18:32 ubuntu devstack@keystone.service[81825]: [pid: 81825|app: 0|req: 2/2] 10.201.5.82 () {54 vars in 919 bytes} [Mon Feb 16 08:18:32 2026] GET /identity => generated 270 bytes in 2 msecs (HTTP/1.1 300) 6 headers in 234 bytes (1 switches on core 0)
Feb 16 08:18:32 ubuntu devstack@keystone.service[81826]: DEBUG keystone.server.flask.request_processing.req_logging [None req-5bc481e6-5a67-455c-80a1-f3dd9dc4527c None None] REQUEST_METHOD: `POST` {{(pid=81826) log_request_info /opt/stack/keystone/keystone/server/flask/request_processing/req_logging.py:26}}
Feb 16 08:18:32 ubuntu devstack@keystone.service[81826]: DEBUG keystone.server.flask.request_processing.req_logging [None req-5bc481e6-5a67-455c-80a1-f3dd9dc4527c None None] SCRIPT_NAME: `/identity` {{(pid=81826) log_request_info /opt/stack/keystone/keystone/server/flask/request_processing/req_logging.py:27}}
Feb 16 08:18:32 ubuntu devstack@keystone.service[81826]: DEBUG keystone.server.flask.request_processing.req_logging [None req-5bc481e6-5a67-455c-80a1-f3dd9dc4527c None None] PATH_INFO: `/v3/auth/tokens` {{(pid=81826) log_request_info /opt/stack/keystone/keystone/server/flask/request_processing/req_logging.py:28}}
Feb 16 08:18:32 ubuntu devstack@keystone.service[81826]: INFO dbcounter [None req-5bc481e6-5a67-455c-80a1-f3dd9dc4527c None None] Registered counter for database keystone
Feb 16 08:18:32 ubuntu devstack@keystone.service[81826]: DEBUG oslo_db.sqlalchemy.engines [None req-5bc481e6-5a67-455c-80a1-f3dd9dc4527c None None] MySQL server mode set to STRICT_TRANS_TABLES,STRICT_ALL_TABLES,NO_ZERO_IN_DATE,NO_ZERO_DATE,ERROR_FOR_DIVISION_BY_ZERO,TRADITIONAL,NO_ENGINE_SUBSTITUTION {{(pid=81826) _check_effective_sql_mode /opt/stack/data/venv/lib/python3.10/site-packages/oslo_db/sqlalchemy/engines.py:325}}
Feb 16 08:18:32 ubuntu devstack@keystone.service[81826]: DEBUG dbcounter [-] [81826] Writer thread running {{(pid=81826) stat_writer /opt/stack/data/venv/lib/python3.10/site-packages/dbcounter.py:102}}
Feb 16 08:18:32 ubuntu devstack@keystone.service[81826]: WARNING keystone.common.password_hashing [None req-5bc481e6-5a67-455c-80a1-f3dd9dc4527c None None] Truncating password to algorithm specific maximum length 72 characters.
Feb 16 08:18:32 ubuntu devstack@keystone.service[81826]: DEBUG keystone.auth.core [None req-5bc481e6-5a67-455c-80a1-f3dd9dc4527c None None] MFA Rules not processed for user `e77ab1f3071f4ee4a718e9f1e8c875cd`. Rule list: `[]` (Enabled: `True`). {{(pid=81826) check_auth_methods_against_rules /opt/stack/keystone/keystone/auth/core.py:476}}
Feb 16 08:18:32 ubuntu devstack@keystone.service[81826]: DEBUG keystone.common.fernet_utils [None req-5bc481e6-5a67-455c-80a1-f3dd9dc4527c None None] Loaded 2 Fernet keys from /etc/keystone/fernet-keys/, but `[fernet_tokens] max_active_keys = 3`; perhaps there have not been enough key rotations to reach `max_active_keys` yet? {{(pid=81826) load_keys /opt/stack/keystone/keystone/common/fernet_utils.py:297}}
Feb 16 08:18:32 ubuntu devstack@keystone.service[81826]: [pid: 81826|app: 0|req: 1/3] 10.201.5.82 () {58 vars in 1016 bytes} [Mon Feb 16 08:18:32 2026] POST /identity/v3/auth/tokens => generated 977 bytes in 270 msecs (HTTP/1.1 201) 6 headers in 384 bytes (1 switches on core 0)
Feb 16 08:18:33 ubuntu devstack@keystone.service[81825]: DEBUG keystone.server.flask.request_processing.middleware.auth_context [None req-b073c3ad-48c1-4132-8193-93fb1d078526 None None] Authenticating user token {{(pid=81825) process_request /opt/stack/data/venv/lib/python3.10/site-packages/keystonemiddleware/auth_token/__init__.py:407}}
Feb 16 08:18:33 ubuntu devstack@keystone.service[81825]: INFO dbcounter [None req-b073c3ad-48c1-4132-8193-93fb1d078526 None None] Registered counter for database keystone
Feb 16 08:18:33 ubuntu devstack@keystone.service[81825]: DEBUG oslo_db.sqlalchemy.engines [None req-b073c3ad-48c1-4132-8193-93fb1d078526 None None] MySQL server mode set to STRICT_TRANS_TABLES,STRICT_ALL_TABLES,NO_ZERO_IN_DATE,NO_ZERO_DATE,ERROR_FOR_DIVISION_BY_ZERO,TRADITIONAL,NO_ENGINE_SUBSTITUTION {{(pid=81825) _check_effective_sql_mode /opt/stack/data/venv/lib/python3.10/site-packages/oslo_db/sqlalchemy/engines.py:325}}
Feb 16 08:18:33 ubuntu devstack@keystone.service[81825]: DEBUG dbcounter [-] [81825] Writer thread running {{(pid=81825) stat_writer /opt/stack/data/venv/lib/python3.10/site-packages/dbcounter.py:102}}
Feb 16 08:18:33 ubuntu devstack@keystone.service[81825]: DEBUG keystone.server.flask.request_processing.middleware.auth_context [None req-b073c3ad-48c1-4132-8193-93fb1d078526 None None] Validating token access rules against request {{(pid=81825) validate_allowed_request /opt/stack/data/venv/lib/python3.10/site-packages/keystonemiddleware/auth_token/__init__.py:545}}
Feb 16 08:18:33 ubuntu devstack@keystone.service[81825]: DEBUG keystone.server.flask.request_processing.middleware.auth_context [None req-ec1fd19a-f264-4f64-9f1c-643b47568601 admin admin] RBAC: auth_context: {'token': <TokenModel (audit_id=S3Kwu0JvSIaYcKGvXQHhKg, audit_chain_id=['S3Kwu0JvSIaYcKGvXQHhKg']) at 0x7f61c85b4eb0>, 'domain_id': None, 'trust_id': None, 'trustor_id': None, 'trustee_id': None, 'domain_name': None, 'group_ids': [], 'user_id': 'e77ab1f3071f4ee4a718e9f1e8c875cd', 'user_domain_id': 'default', 'system_scope': None, 'project_id': '86f34af701ea4edcab5116f6d4706568', 'project_domain_id': 'default', 'roles': ['reader', 'member', 'admin', 'manager'], 'is_admin_project': True, 'service_user_id': None, 'service_user_domain_id': None, 'service_project_id': None, 'service_project_domain_id': None, 'service_roles': []} {{(pid=81825) fill_context /opt/stack/keystone/keystone/server/flask/request_processing/middleware/auth_context.py:509}}
Feb 16 08:18:33 ubuntu devstack@keystone.service[81825]: DEBUG keystone.server.flask.request_processing.req_logging [None req-ec1fd19a-f264-4f64-9f1c-643b47568601 admin admin] REQUEST_METHOD: `GET` {{(pid=81825) log_request_info /opt/stack/keystone/keystone/server/flask/request_processing/req_logging.py:26}}
Feb 16 08:18:33 ubuntu devstack@keystone.service[81825]: DEBUG keystone.server.flask.request_processing.req_logging [None req-ec1fd19a-f264-4f64-9f1c-643b47568601 admin admin] SCRIPT_NAME: `/identity` {{(pid=81825) log_request_info /opt/stack/keystone/keystone/server/flask/request_processing/req_logging.py:27}}
Feb 16 08:18:33 ubuntu devstack@keystone.service[81825]: DEBUG keystone.server.flask.request_processing.req_logging [None req-ec1fd19a-f264-4f64-9f1c-643b47568601 admin admin] PATH_INFO: `/v3/auth/tokens` {{(pid=81825) log_request_info /opt/stack/keystone/keystone/server/flask/request_processing/req_logging.py:28}}
Feb 16 08:18:33 ubuntu devstack@keystone.service[81825]: DEBUG keystone.common.rbac_enforcer.enforcer [None req-ec1fd19a-f264-4f64-9f1c-643b47568601 admin admin] RBAC: Authorizing `identity:validate_token()` {{(pid=81825) enforce_call /opt/stack/keystone/keystone/common/rbac_enforcer/enforcer.py:494}}
Feb 16 08:18:33 ubuntu devstack@keystone.service[81825]: WARNING keystone.common.rbac_enforcer.enforcer [None req-ec1fd19a-f264-4f64-9f1c-643b47568601 admin admin] Deprecated policy rules found. Use oslopolicy-policy-generator and oslopolicy-policy-upgrade to detect and resolve deprecated policies in your configuration.
Feb 16 08:18:33 ubuntu devstack@keystone.service[81825]: DEBUG keystone.common.rbac_enforcer.enforcer [None req-ec1fd19a-f264-4f64-9f1c-643b47568601 admin admin] RBAC: Authorization granted {{(pid=81825) enforce_call /opt/stack/keystone/keystone/common/rbac_enforcer/enforcer.py:505}}
Feb 16 08:18:33 ubuntu devstack@keystone.service[81825]: [pid: 81825|app: 0|req: 3/4] 10.201.5.82 () {58 vars in 1316 bytes} [Mon Feb 16 08:18:33 2026] GET /identity/v3/auth/tokens => generated 977 bytes in 180 msecs (HTTP/1.1 200) 6 headers in 379 bytes (1 switches on core 0)
Feb 16 08:18:33 ubuntu devstack@keystone.service[81826]: DEBUG keystone.server.flask.request_processing.middleware.auth_context [None req-5bc481e6-5a67-455c-80a1-f3dd9dc4527c None None] Authenticating user token {{(pid=81826) process_request /opt/stack/data/venv/lib/python3.10/site-packages/keystonemiddleware/auth_token/__init__.py:407}}
Feb 16 08:18:33 ubuntu devstack@keystone.service[81826]: DEBUG keystone.server.flask.request_processing.middleware.auth_context [None req-5bc481e6-5a67-455c-80a1-f3dd9dc4527c None None] Validating token access rules against request {{(pid=81826) validate_allowed_request /opt/stack/data/venv/lib/python3.10/site-packages/keystonemiddleware/auth_token/__init__.py:545}}
Feb 16 08:18:33 ubuntu devstack@keystone.service[81826]: DEBUG keystone.server.flask.request_processing.middleware.auth_context [None req-a4fb79ef-ba7d-494b-b756-7c615ad250b9 admin admin] RBAC: auth_context: {'token': <TokenModel (audit_id=S3Kwu0JvSIaYcKGvXQHhKg, audit_chain_id=['S3Kwu0JvSIaYcKGvXQHhKg']) at 0x7f61c85b0ac0>, 'domain_id': None, 'trust_id': None, 'trustor_id': None, 'trustee_id': None, 'domain_name': None, 'group_ids': [], 'user_id': 'e77ab1f3071f4ee4a718e9f1e8c875cd', 'user_domain_id': 'default', 'system_scope': None, 'project_id': '86f34af701ea4edcab5116f6d4706568', 'project_domain_id': 'default', 'roles': ['reader', 'member', 'admin', 'manager'], 'is_admin_project': True, 'service_user_id': None, 'service_user_domain_id': None, 'service_project_id': None, 'service_project_domain_id': None, 'service_roles': []} {{(pid=81826) fill_context /opt/stack/keystone/keystone/server/flask/request_processing/middleware/auth_context.py:509}}
Feb 16 08:18:33 ubuntu devstack@keystone.service[81826]: DEBUG keystone.server.flask.request_processing.req_logging [None req-a4fb79ef-ba7d-494b-b756-7c615ad250b9 admin admin] REQUEST_METHOD: `GET` {{(pid=81826) log_request_info /opt/stack/keystone/keystone/server/flask/request_processing/req_logging.py:26}}
Feb 16 08:18:33 ubuntu devstack@keystone.service[81826]: DEBUG keystone.server.flask.request_processing.req_logging [None req-a4fb79ef-ba7d-494b-b756-7c615ad250b9 admin admin] SCRIPT_NAME: `/identity` {{(pid=81826) log_request_info /opt/stack/keystone/keystone/server/flask/request_processing/req_logging.py:27}}
Feb 16 08:18:33 ubuntu devstack@keystone.service[81826]: DEBUG keystone.server.flask.request_processing.req_logging [None req-a4fb79ef-ba7d-494b-b756-7c615ad250b9 admin admin] PATH_INFO: `/v3/projects/86f34af701ea4edcab5116f6d4706568` {{(pid=81826) log_request_info /opt/stack/keystone/keystone/server/flask/request_processing/req_logging.py:28}}
Feb 16 08:18:33 ubuntu devstack@keystone.service[81826]: DEBUG keystone.common.rbac_enforcer.enforcer [None req-a4fb79ef-ba7d-494b-b756-7c615ad250b9 admin admin] RBAC: Authorizing `identity:get_project(project_id=86f34af701ea4edcab5116f6d4706568)` {{(pid=81826) enforce_call /opt/stack/keystone/keystone/common/rbac_enforcer/enforcer.py:494}}
Feb 16 08:18:33 ubuntu devstack@keystone.service[81826]: WARNING keystone.common.rbac_enforcer.enforcer [None req-a4fb79ef-ba7d-494b-b756-7c615ad250b9 admin admin] Deprecated policy rules found. Use oslopolicy-policy-generator and oslopolicy-policy-upgrade to detect and resolve deprecated policies in your configuration.
Feb 16 08:18:33 ubuntu devstack@keystone.service[81826]: DEBUG keystone.common.rbac_enforcer.enforcer [None req-a4fb79ef-ba7d-494b-b756-7c615ad250b9 admin admin] RBAC: Authorization granted {{(pid=81826) enforce_call /opt/stack/keystone/keystone/common/rbac_enforcer/enforcer.py:505}}
Feb 16 08:18:33 ubuntu devstack@keystone.service[81826]: [pid: 81826|app: 0|req: 2/5] 10.201.5.82 () {56 vars in 1199 bytes} [Mon Feb 16 08:18:33 2026] GET /identity/v3/projects/86f34af701ea4edcab5116f6d4706568 => generated 344 bytes in 37 msecs (HTTP/1.1 200) 5 headers in 177 bytes (1 switches on core 0)
Feb 16 08:18:34 ubuntu devstack@keystone.service[81825]: DEBUG keystone.server.flask.request_processing.req_logging [None req-01fc5a33-b0c7-4b2b-b9f9-0c41bb69538d None None] REQUEST_METHOD: `GET` {{(pid=81825) log_request_info /opt/stack/keystone/keystone/server/flask/request_processing/req_logging.py:26}}
Feb 16 08:18:34 ubuntu devstack@keystone.service[81825]: DEBUG keystone.server.flask.request_processing.req_logging [None req-01fc5a33-b0c7-4b2b-b9f9-0c41bb69538d None None] SCRIPT_NAME: `/identity` {{(pid=81825) log_request_info /opt/stack/keystone/keystone/server/flask/request_processing/req_logging.py:27}}
Feb 16 08:18:34 ubuntu devstack@keystone.service[81825]: DEBUG keystone.server.flask.request_processing.req_logging [None req-01fc5a33-b0c7-4b2b-b9f9-0c41bb69538d None None] PATH_INFO: `/` {{(pid=81825) log_request_info /opt/stack/keystone/keystone/server/flask/request_processing/req_logging.py:28}}
Feb 16 08:18:34 ubuntu devstack@keystone.service[81825]: [pid: 81825|app: 0|req: 4/6] 10.201.5.82 () {54 vars in 919 bytes} [Mon Feb 16 08:18:34 2026] GET /identity => generated 270 bytes in 3 msecs (HTTP/1.1 300) 6 headers in 234 bytes (1 switches on core 0)
Feb 16 08:18:34 ubuntu devstack@keystone.service[81826]: DEBUG keystone.server.flask.request_processing.req_logging [None req-4c048e0a-2389-4429-b1b2-baa0805bdf6a None None] REQUEST_METHOD: `POST` {{(pid=81826) log_request_info /opt/stack/keystone/keystone/server/flask/request_processing/req_logging.py:26}}
Feb 16 08:18:34 ubuntu devstack@keystone.service[81826]: DEBUG keystone.server.flask.request_processing.req_logging [None req-4c048e0a-2389-4429-b1b2-baa0805bdf6a None None] SCRIPT_NAME: `/identity` {{(pid=81826) log_request_info /opt/stack/keystone/keystone/server/flask/request_processing/req_logging.py:27}}
Feb 16 08:18:34 ubuntu devstack@keystone.service[81826]: DEBUG keystone.server.flask.request_processing.req_logging [None req-4c048e0a-2389-4429-b1b2-baa0805bdf6a None None] PATH_INFO: `/v3/auth/tokens` {{(pid=81826) log_request_info /opt/stack/keystone/keystone/server/flask/request_processing/req_logging.py:28}}
Feb 16 08:18:34 ubuntu devstack@keystone.service[81826]: WARNING keystone.common.password_hashing [None req-4c048e0a-2389-4429-b1b2-baa0805bdf6a None None] Truncating password to algorithm specific maximum length 72 characters.
Feb 16 08:18:34 ubuntu devstack@keystone.service[81826]: DEBUG keystone.auth.core [None req-4c048e0a-2389-4429-b1b2-baa0805bdf6a None None] MFA Rules not processed for user `e77ab1f3071f4ee4a718e9f1e8c875cd`. Rule list: `[]` (Enabled: `True`). {{(pid=81826) check_auth_methods_against_rules /opt/stack/keystone/keystone/auth/core.py:476}}
Feb 16 08:18:34 ubuntu devstack@keystone.service[81826]: DEBUG keystone.common.fernet_utils [None req-4c048e0a-2389-4429-b1b2-baa0805bdf6a None None] Loaded 2 Fernet keys from /etc/keystone/fernet-keys/, but `[fernet_tokens] max_active_keys = 3`; perhaps there have not been enough key rotations to reach `max_active_keys` yet? {{(pid=81826) load_keys /opt/stack/keystone/keystone/common/fernet_utils.py:297}}
Feb 16 08:18:34 ubuntu devstack@keystone.service[81826]: [pid: 81826|app: 0|req: 3/7] 10.201.5.82 () {58 vars in 1016 bytes} [Mon Feb 16 08:18:34 2026] POST /identity/v3/auth/tokens => generated 977 bytes in 36 msecs (HTTP/1.1 201) 6 headers in 384 bytes (1 switches on core 0)
Feb 16 08:18:34 ubuntu devstack@keystone.service[81825]: DEBUG keystone.server.flask.request_processing.middleware.auth_context [None req-01fc5a33-b0c7-4b2b-b9f9-0c41bb69538d None None] Authenticating user token {{(pid=81825) process_request /opt/stack/data/venv/lib/python3.10/site-packages/keystonemiddleware/auth_token/__init__.py:407}}
Feb 16 08:18:34 ubuntu devstack@keystone.service[81825]: DEBUG keystone.server.flask.request_processing.middleware.auth_context [None req-01fc5a33-b0c7-4b2b-b9f9-0c41bb69538d None None] Validating token access rules against request {{(pid=81825) validate_allowed_request /opt/stack/data/venv/lib/python3.10/site-packages/keystonemiddleware/auth_token/__init__.py:545}}
Feb 16 08:18:34 ubuntu devstack@keystone.service[81825]: DEBUG keystone.server.flask.request_processing.middleware.auth_context [None req-185e06c5-96ea-4b97-87f9-8ca18670d134 admin admin] RBAC: auth_context: {'token': <TokenModel (audit_id=jAxGQkTZTn-cAzsffiDloA, audit_chain_id=['jAxGQkTZTn-cAzsffiDloA']) at 0x7f61c8361030>, 'domain_id': None, 'trust_id': None, 'trustor_id': None, 'trustee_id': None, 'domain_name': None, 'group_ids': [], 'user_id': 'e77ab1f3071f4ee4a718e9f1e8c875cd', 'user_domain_id': 'default', 'system_scope': None, 'project_id': '86f34af701ea4edcab5116f6d4706568', 'project_domain_id': 'default', 'roles': ['reader', 'member', 'admin', 'manager'], 'is_admin_project': True, 'service_user_id': None, 'service_user_domain_id': None, 'service_project_id': None, 'service_project_domain_id': None, 'service_roles': []} {{(pid=81825) fill_context /opt/stack/keystone/keystone/server/flask/request_processing/middleware/auth_context.py:509}}
Feb 16 08:18:34 ubuntu devstack@keystone.service[81825]: DEBUG keystone.server.flask.request_processing.req_logging [None req-185e06c5-96ea-4b97-87f9-8ca18670d134 admin admin] REQUEST_METHOD: `GET` {{(pid=81825) log_request_info /opt/stack/keystone/keystone/server/flask/request_processing/req_logging.py:26}}
Feb 16 08:18:34 ubuntu devstack@keystone.service[81825]: DEBUG keystone.server.flask.request_processing.req_logging [None req-185e06c5-96ea-4b97-87f9-8ca18670d134 admin admin] SCRIPT_NAME: `/identity` {{(pid=81825) log_request_info /opt/stack/keystone/keystone/server/flask/request_processing/req_logging.py:27}}
Feb 16 08:18:34 ubuntu devstack@keystone.service[81825]: DEBUG keystone.server.flask.request_processing.req_logging [None req-185e06c5-96ea-4b97-87f9-8ca18670d134 admin admin] PATH_INFO: `/v3/users/admin` {{(pid=81825) log_request_info /opt/stack/keystone/keystone/server/flask/request_processing/req_logging.py:28}}
Feb 16 08:18:34 ubuntu devstack@keystone.service[81825]: DEBUG keystone.common.rbac_enforcer.enforcer [None req-185e06c5-96ea-4b97-87f9-8ca18670d134 admin admin] RBAC: Authorizing `identity:get_user(user_id=admin)` {{(pid=81825) enforce_call /opt/stack/keystone/keystone/common/rbac_enforcer/enforcer.py:494}}
Feb 16 08:18:34 ubuntu devstack@keystone.service[81825]: DEBUG keystone.common.rbac_enforcer.enforcer [None req-185e06c5-96ea-4b97-87f9-8ca18670d134 admin admin] RBAC: Authorization granted {{(pid=81825) enforce_call /opt/stack/keystone/keystone/common/rbac_enforcer/enforcer.py:505}}
Feb 16 08:18:34 ubuntu devstack@keystone.service[81825]: DEBUG keystone.server.flask.application [None req-185e06c5-96ea-4b97-87f9-8ca18670d134 admin admin] Could not find user: admin. {{(pid=81825) _handle_keystone_exception /opt/stack/keystone/keystone/server/flask/application.py:146}}
Feb 16 08:18:34 ubuntu devstack@keystone.service[81825]: [pid: 81825|app: 0|req: 5/8] 10.201.5.82 () {56 vars in 1153 bytes} [Mon Feb 16 08:18:34 2026] GET /identity/v3/users/admin => generated 83 bytes in 36 msecs (HTTP/1.1 404) 5 headers in 183 bytes (1 switches on core 0)
Feb 16 08:18:34 ubuntu devstack@keystone.service[81826]: DEBUG keystone.server.flask.request_processing.middleware.auth_context [None req-4c048e0a-2389-4429-b1b2-baa0805bdf6a None None] Authenticating user token {{(pid=81826) process_request /opt/stack/data/venv/lib/python3.10/site-packages/keystonemiddleware/auth_token/__init__.py:407}}
Feb 16 08:18:34 ubuntu devstack@keystone.service[81826]: DEBUG keystone.server.flask.request_processing.middleware.auth_context [None req-4c048e0a-2389-4429-b1b2-baa0805bdf6a None None] Validating token access rules against request {{(pid=81826) validate_allowed_request /opt/stack/data/venv/lib/python3.10/site-packages/keystonemiddleware/auth_token/__init__.py:545}}
Feb 16 08:18:34 ubuntu devstack@keystone.service[81826]: DEBUG keystone.server.flask.request_processing.middleware.auth_context [None req-c286c766-9200-42ef-b357-32eae5f36d52 admin admin] RBAC: auth_context: {'token': <TokenModel (audit_id=jAxGQkTZTn-cAzsffiDloA, audit_chain_id=['jAxGQkTZTn-cAzsffiDloA']) at 0x7f61c85b0b20>, 'domain_id': None, 'trust_id': None, 'trustor_id': None, 'trustee_id': None, 'domain_name': None, 'group_ids': [], 'user_id': 'e77ab1f3071f4ee4a718e9f1e8c875cd', 'user_domain_id': 'default', 'system_scope': None, 'project_id': '86f34af701ea4edcab5116f6d4706568', 'project_domain_id': 'default', 'roles': ['reader', 'member', 'admin', 'manager'], 'is_admin_project': True, 'service_user_id': None, 'service_user_domain_id': None, 'service_project_id': None, 'service_project_domain_id': None, 'service_roles': []} {{(pid=81826) fill_context /opt/stack/keystone/keystone/server/flask/request_processing/middleware/auth_context.py:509}}
Feb 16 08:18:34 ubuntu devstack@keystone.service[81826]: DEBUG keystone.server.flask.request_processing.req_logging [None req-c286c766-9200-42ef-b357-32eae5f36d52 admin admin] REQUEST_METHOD: `GET` {{(pid=81826) log_request_info /opt/stack/keystone/keystone/server/flask/request_processing/req_logging.py:26}}
Feb 16 08:18:34 ubuntu devstack@keystone.service[81826]: DEBUG keystone.server.flask.request_processing.req_logging [None req-c286c766-9200-42ef-b357-32eae5f36d52 admin admin] SCRIPT_NAME: `/identity` {{(pid=81826) log_request_info /opt/stack/keystone/keystone/server/flask/request_processing/req_logging.py:27}}
Feb 16 08:18:34 ubuntu devstack@keystone.service[81826]: DEBUG keystone.server.flask.request_processing.req_logging [None req-c286c766-9200-42ef-b357-32eae5f36d52 admin admin] PATH_INFO: `/v3/users` {{(pid=81826) log_request_info /opt/stack/keystone/keystone/server/flask/request_processing/req_logging.py:28}}
Feb 16 08:18:34 ubuntu devstack@keystone.service[81826]: DEBUG keystone.common.rbac_enforcer.enforcer [None req-c286c766-9200-42ef-b357-32eae5f36d52 admin admin] RBAC: Adding query filter params (name=admin) {{(pid=81826) _extract_filter_values /opt/stack/keystone/keystone/common/rbac_enforcer/enforcer.py:176}}
Feb 16 08:18:34 ubuntu devstack@keystone.service[81826]: DEBUG keystone.common.rbac_enforcer.enforcer [None req-c286c766-9200-42ef-b357-32eae5f36d52 admin admin] RBAC: Authorizing `identity:list_users()` {{(pid=81826) enforce_call /opt/stack/keystone/keystone/common/rbac_enforcer/enforcer.py:494}}
Feb 16 08:18:34 ubuntu devstack@keystone.service[81826]: DEBUG keystone.common.rbac_enforcer.enforcer [None req-c286c766-9200-42ef-b357-32eae5f36d52 admin admin] RBAC: Authorization granted {{(pid=81826) enforce_call /opt/stack/keystone/keystone/common/rbac_enforcer/enforcer.py:505}}
Feb 16 08:18:34 ubuntu devstack@keystone.service[81826]: [pid: 81826|app: 0|req: 4/9] 10.201.5.82 () {56 vars in 1169 bytes} [Mon Feb 16 08:18:34 2026] GET /identity/v3/users?name=admin => generated 352 bytes in 49 msecs (HTTP/1.1 200) 5 headers in 177 bytes (1 switches on core 0)
Feb 16 08:18:36 ubuntu devstack@keystone.service[81825]: DEBUG keystone.server.flask.request_processing.req_logging [None req-5c391911-bf22-45d4-b063-0d11343fea5e None None] REQUEST_METHOD: `GET` {{(pid=81825) log_request_info /opt/stack/keystone/keystone/server/flask/request_processing/req_logging.py:26}}
Feb 16 08:18:36 ubuntu devstack@keystone.service[81825]: DEBUG keystone.server.flask.request_processing.req_logging [None req-5c391911-bf22-45d4-b063-0d11343fea5e None None] SCRIPT_NAME: `/identity` {{(pid=81825) log_request_info /opt/stack/keystone/keystone/server/flask/request_processing/req_logging.py:27}}
Feb 16 08:18:36 ubuntu devstack@keystone.service[81825]: DEBUG keystone.server.flask.request_processing.req_logging [None req-5c391911-bf22-45d4-b063-0d11343fea5e None None] PATH_INFO: `/` {{(pid=81825) log_request_info /opt/stack/keystone/keystone/server/flask/request_processing/req_logging.py:28}}
Feb 16 08:18:36 ubuntu devstack@keystone.service[81825]: [pid: 81825|app: 0|req: 6/10] 10.201.5.82 () {54 vars in 919 bytes} [Mon Feb 16 08:18:36 2026] GET /identity => generated 270 bytes in 2 msecs (HTTP/1.1 300) 6 headers in 234 bytes (2 switches on core 0)
Feb 16 08:18:36 ubuntu devstack@keystone.service[81826]: DEBUG keystone.server.flask.request_processing.req_logging [None req-7e85c72d-66ec-49b9-bf87-290ce04940e5 None None] REQUEST_METHOD: `POST` {{(pid=81826) log_request_info /opt/stack/keystone/keystone/server/flask/request_processing/req_logging.py:26}}
Feb 16 08:18:36 ubuntu devstack@keystone.service[81826]: DEBUG keystone.server.flask.request_processing.req_logging [None req-7e85c72d-66ec-49b9-bf87-290ce04940e5 None None] SCRIPT_NAME: `/identity` {{(pid=81826) log_request_info /opt/stack/keystone/keystone/server/flask/request_processing/req_logging.py:27}}
Feb 16 08:18:36 ubuntu devstack@keystone.service[81826]: DEBUG keystone.server.flask.request_processing.req_logging [None req-7e85c72d-66ec-49b9-bf87-290ce04940e5 None None] PATH_INFO: `/v3/auth/tokens` {{(pid=81826) log_request_info /opt/stack/keystone/keystone/server/flask/request_processing/req_logging.py:28}}
Feb 16 08:18:36 ubuntu devstack@keystone.service[81826]: WARNING keystone.common.password_hashing [None req-7e85c72d-66ec-49b9-bf87-290ce04940e5 None None] Truncating password to algorithm specific maximum length 72 characters.
Feb 16 08:18:36 ubuntu devstack@keystone.service[81826]: DEBUG keystone.auth.core [None req-7e85c72d-66ec-49b9-bf87-290ce04940e5 None None] MFA Rules not processed for user `e77ab1f3071f4ee4a718e9f1e8c875cd`. Rule list: `[]` (Enabled: `True`). {{(pid=81826) check_auth_methods_against_rules /opt/stack/keystone/keystone/auth/core.py:476}}
Feb 16 08:18:36 ubuntu devstack@keystone.service[81826]: DEBUG keystone.common.fernet_utils [None req-7e85c72d-66ec-49b9-bf87-290ce04940e5 None None] Loaded 2 Fernet keys from /etc/keystone/fernet-keys/, but `[fernet_tokens] max_active_keys = 3`; perhaps there have not been enough key rotations to reach `max_active_keys` yet? {{(pid=81826) load_keys /opt/stack/keystone/keystone/common/fernet_utils.py:297}}
Feb 16 08:18:36 ubuntu devstack@keystone.service[81826]: [pid: 81826|app: 0|req: 5/11] 10.201.5.82 () {58 vars in 1016 bytes} [Mon Feb 16 08:18:36 2026] POST /identity/v3/auth/tokens => generated 862 bytes in 72 msecs (HTTP/1.1 201) 6 headers in 363 bytes (1 switches on core 0)
Feb 16 08:18:36 ubuntu devstack@keystone.service[81825]: DEBUG keystone.server.flask.request_processing.req_logging [None req-ad782f06-d3c8-45bb-95f0-ac8e8e150780 None None] REQUEST_METHOD: `GET` {{(pid=81825) log_request_info /opt/stack/keystone/keystone/server/flask/request_processing/req_logging.py:26}}
Feb 16 08:18:36 ubuntu devstack@keystone.service[81825]: DEBUG keystone.server.flask.request_processing.req_logging [None req-ad782f06-d3c8-45bb-95f0-ac8e8e150780 None None] SCRIPT_NAME: `/identity` {{(pid=81825) log_request_info /opt/stack/keystone/keystone/server/flask/request_processing/req_logging.py:27}}
Feb 16 08:18:36 ubuntu devstack@keystone.service[81825]: DEBUG keystone.server.flask.request_processing.req_logging [None req-ad782f06-d3c8-45bb-95f0-ac8e8e150780 None None] PATH_INFO: `/` {{(pid=81825) log_request_info /opt/stack/keystone/keystone/server/flask/request_processing/req_logging.py:28}}
Feb 16 08:18:36 ubuntu devstack@keystone.service[81825]: [pid: 81825|app: 0|req: 7/12] 10.201.5.82 () {54 vars in 919 bytes} [Mon Feb 16 08:18:36 2026] GET /identity => generated 270 bytes in 1 msecs (HTTP/1.1 300) 6 headers in 234 bytes (2 switches on core 0)
Feb 16 08:18:36 ubuntu devstack@keystone.service[81826]: DEBUG keystone.server.flask.request_processing.req_logging [None req-57fe6881-3f36-407f-bde2-bb8ba828e858 None None] REQUEST_METHOD: `POST` {{(pid=81826) log_request_info /opt/stack/keystone/keystone/server/flask/request_processing/req_logging.py:26}}
Feb 16 08:18:36 ubuntu devstack@keystone.service[81826]: DEBUG keystone.server.flask.request_processing.req_logging [None req-57fe6881-3f36-407f-bde2-bb8ba828e858 None None] SCRIPT_NAME: `/identity` {{(pid=81826) log_request_info /opt/stack/keystone/keystone/server/flask/request_processing/req_logging.py:27}}
Feb 16 08:18:36 ubuntu devstack@keystone.service[81826]: DEBUG keystone.server.flask.request_processing.req_logging [None req-57fe6881-3f36-407f-bde2-bb8ba828e858 None None] PATH_INFO: `/v3/auth/tokens` {{(pid=81826) log_request_info /opt/stack/keystone/keystone/server/flask/request_processing/req_logging.py:28}}
Feb 16 08:18:36 ubuntu devstack@keystone.service[81826]: WARNING keystone.common.password_hashing [None req-57fe6881-3f36-407f-bde2-bb8ba828e858 None None] Truncating password to algorithm specific maximum length 72 characters.
Feb 16 08:18:36 ubuntu devstack@keystone.service[81826]: DEBUG keystone.auth.core [None req-57fe6881-3f36-407f-bde2-bb8ba828e858 None None] MFA Rules not processed for user `e77ab1f3071f4ee4a718e9f1e8c875cd`. Rule list: `[]` (Enabled: `True`). {{(pid=81826) check_auth_methods_against_rules /opt/stack/keystone/keystone/auth/core.py:476}}
Feb 16 08:18:36 ubuntu devstack@keystone.service[81826]: DEBUG keystone.common.fernet_utils [None req-57fe6881-3f36-407f-bde2-bb8ba828e858 None None] Loaded 2 Fernet keys from /etc/keystone/fernet-keys/, but `[fernet_tokens] max_active_keys = 3`; perhaps there have not been enough key rotations to reach `max_active_keys` yet? {{(pid=81826) load_keys /opt/stack/keystone/keystone/common/fernet_utils.py:297}}
Feb 16 08:18:36 ubuntu devstack@keystone.service[81825]: DEBUG keystone.server.flask.request_processing.middleware.auth_context [None req-ad782f06-d3c8-45bb-95f0-ac8e8e150780 None None] Authenticating user token {{(pid=81825) process_request /opt/stack/data/venv/lib/python3.10/site-packages/keystonemiddleware/auth_token/__init__.py:407}}
Feb 16 08:18:36 ubuntu devstack@keystone.service[81826]: [pid: 81826|app: 0|req: 6/13] 10.201.5.82 () {58 vars in 1016 bytes} [Mon Feb 16 08:18:36 2026] POST /identity/v3/auth/tokens => generated 862 bytes in 56 msecs (HTTP/1.1 201) 6 headers in 363 bytes (1 switches on core 0)
Feb 16 08:18:36 ubuntu devstack@keystone.service[81825]: DEBUG keystone.server.flask.request_processing.middleware.auth_context [None req-ad782f06-d3c8-45bb-95f0-ac8e8e150780 None None] Validating token access rules against request {{(pid=81825) validate_allowed_request /opt/stack/data/venv/lib/python3.10/site-packages/keystonemiddleware/auth_token/__init__.py:545}}
Feb 16 08:18:36 ubuntu devstack@keystone.service[81825]: DEBUG keystone.server.flask.request_processing.middleware.auth_context [None req-40fa1832-b660-4340-85e2-ffffcb7057e8 None admin] RBAC: auth_context: {'token': <TokenModel (audit_id=3XBkAHdITK64CP3pi2H5cA, audit_chain_id=['3XBkAHdITK64CP3pi2H5cA']) at 0x7f61c79a7190>, 'domain_id': None, 'trust_id': None, 'trustor_id': None, 'trustee_id': None, 'domain_name': None, 'group_ids': [], 'user_id': 'e77ab1f3071f4ee4a718e9f1e8c875cd', 'user_domain_id': 'default', 'system_scope': 'all', 'project_id': None, 'project_domain_id': None, 'roles': ['admin', 'manager', 'member', 'reader'], 'is_admin_project': True, 'service_user_id': None, 'service_user_domain_id': None, 'service_project_id': None, 'service_project_domain_id': None, 'service_roles': []} {{(pid=81825) fill_context /opt/stack/keystone/keystone/server/flask/request_processing/middleware/auth_context.py:509}}
Feb 16 08:18:36 ubuntu devstack@keystone.service[81825]: DEBUG keystone.server.flask.request_processing.req_logging [None req-40fa1832-b660-4340-85e2-ffffcb7057e8 None admin] REQUEST_METHOD: `GET` {{(pid=81825) log_request_info /opt/stack/keystone/keystone/server/flask/request_processing/req_logging.py:26}}
Feb 16 08:18:36 ubuntu devstack@keystone.service[81825]: DEBUG keystone.server.flask.request_processing.req_logging [None req-40fa1832-b660-4340-85e2-ffffcb7057e8 None admin] SCRIPT_NAME: `/identity` {{(pid=81825) log_request_info /opt/stack/keystone/keystone/server/flask/request_processing/req_logging.py:27}}
Feb 16 08:18:36 ubuntu devstack@keystone.service[81825]: DEBUG keystone.server.flask.request_processing.req_logging [None req-40fa1832-b660-4340-85e2-ffffcb7057e8 None admin] PATH_INFO: `/v3/roles/admin` {{(pid=81825) log_request_info /opt/stack/keystone/keystone/server/flask/request_processing/req_logging.py:28}}
Feb 16 08:18:36 ubuntu devstack@keystone.service[81825]: DEBUG keystone.common.rbac_enforcer.enforcer [None req-40fa1832-b660-4340-85e2-ffffcb7057e8 None admin] Extracting inferred target data resulted in "NOT FOUND (404)". {{(pid=81825) enforce_call /opt/stack/keystone/keystone/common/rbac_enforcer/enforcer.py:445}}
Feb 16 08:18:36 ubuntu devstack@keystone.service[81825]: DEBUG keystone.server.flask.application [None req-40fa1832-b660-4340-85e2-ffffcb7057e8 None admin] Could not find role: admin. {{(pid=81825) _handle_keystone_exception /opt/stack/keystone/keystone/server/flask/application.py:146}}
Feb 16 08:18:36 ubuntu devstack@keystone.service[81825]: [pid: 81825|app: 0|req: 8/14] 10.201.5.82 () {56 vars in 1132 bytes} [Mon Feb 16 08:18:36 2026] GET /identity/v3/roles/admin => generated 83 bytes in 93 msecs (HTTP/1.1 404) 5 headers in 183 bytes (1 switches on core 0)
Feb 16 08:18:36 ubuntu devstack@keystone.service[81826]: DEBUG keystone.server.flask.request_processing.middleware.auth_context [None req-57fe6881-3f36-407f-bde2-bb8ba828e858 None None] Authenticating user token {{(pid=81826) process_request /opt/stack/data/venv/lib/python3.10/site-packages/keystonemiddleware/auth_token/__init__.py:407}}
Feb 16 08:18:36 ubuntu devstack@keystone.service[81825]: DEBUG keystone.server.flask.request_processing.middleware.auth_context [None req-40fa1832-b660-4340-85e2-ffffcb7057e8 None admin] Authenticating user token {{(pid=81825) process_request /opt/stack/data/venv/lib/python3.10/site-packages/keystonemiddleware/auth_token/__init__.py:407}}
Feb 16 08:18:36 ubuntu devstack@keystone.service[81826]: DEBUG keystone.server.flask.request_processing.middleware.auth_context [None req-57fe6881-3f36-407f-bde2-bb8ba828e858 None None] Validating token access rules against request {{(pid=81826) validate_allowed_request /opt/stack/data/venv/lib/python3.10/site-packages/keystonemiddleware/auth_token/__init__.py:545}}
Feb 16 08:18:36 ubuntu devstack@keystone.service[81825]: DEBUG keystone.server.flask.request_processing.middleware.auth_context [None req-40fa1832-b660-4340-85e2-ffffcb7057e8 None admin] Validating token access rules against request {{(pid=81825) validate_allowed_request /opt/stack/data/venv/lib/python3.10/site-packages/keystonemiddleware/auth_token/__init__.py:545}}
Feb 16 08:18:36 ubuntu devstack@keystone.service[81826]: DEBUG keystone.server.flask.request_processing.middleware.auth_context [None req-9e47a97c-4967-4961-a3b6-22890409237b None admin] RBAC: auth_context: {'token': <TokenModel (audit_id=3XBkAHdITK64CP3pi2H5cA, audit_chain_id=['3XBkAHdITK64CP3pi2H5cA']) at 0x7f61c78c4040>, 'domain_id': None, 'trust_id': None, 'trustor_id': None, 'trustee_id': None, 'domain_name': None, 'group_ids': [], 'user_id': 'e77ab1f3071f4ee4a718e9f1e8c875cd', 'user_domain_id': 'default', 'system_scope': 'all', 'project_id': None, 'project_domain_id': None, 'roles': ['admin', 'manager', 'member', 'reader'], 'is_admin_project': True, 'service_user_id': None, 'service_user_domain_id': None, 'service_project_id': None, 'service_project_domain_id': None, 'service_roles': []} {{(pid=81826) fill_context /opt/stack/keystone/keystone/server/flask/request_processing/middleware/auth_context.py:509}}
Feb 16 08:18:36 ubuntu devstack@keystone.service[81826]: DEBUG keystone.server.flask.request_processing.req_logging [None req-9e47a97c-4967-4961-a3b6-22890409237b None admin] REQUEST_METHOD: `GET` {{(pid=81826) log_request_info /opt/stack/keystone/keystone/server/flask/request_processing/req_logging.py:26}}
Feb 16 08:18:36 ubuntu devstack@keystone.service[81825]: DEBUG keystone.server.flask.request_processing.middleware.auth_context [None req-461650c3-b00b-44d4-bea9-f0d098ce172c None admin] RBAC: auth_context: {'token': <TokenModel (audit_id=udIKkvWPTeSDpkJuJtUktg, audit_chain_id=['udIKkvWPTeSDpkJuJtUktg']) at 0x7f61c7a34a00>, 'domain_id': None, 'trust_id': None, 'trustor_id': None, 'trustee_id': None, 'domain_name': None, 'group_ids': [], 'user_id': 'e77ab1f3071f4ee4a718e9f1e8c875cd', 'user_domain_id': 'default', 'system_scope': 'all', 'project_id': None, 'project_domain_id': None, 'roles': ['admin', 'manager', 'member', 'reader'], 'is_admin_project': True, 'service_user_id': None, 'service_user_domain_id': None, 'service_project_id': None, 'service_project_domain_id': None, 'service_roles': []} {{(pid=81825) fill_context /opt/stack/keystone/keystone/server/flask/request_processing/middleware/auth_context.py:509}}
Feb 16 08:18:36 ubuntu devstack@keystone.service[81826]: DEBUG keystone.server.flask.request_processing.req_logging [None req-9e47a97c-4967-4961-a3b6-22890409237b None admin] SCRIPT_NAME: `/identity` {{(pid=81826) log_request_info /opt/stack/keystone/keystone/server/flask/request_processing/req_logging.py:27}}
Feb 16 08:18:36 ubuntu devstack@keystone.service[81825]: DEBUG keystone.server.flask.request_processing.req_logging [None req-461650c3-b00b-44d4-bea9-f0d098ce172c None admin] REQUEST_METHOD: `POST` {{(pid=81825) log_request_info /opt/stack/keystone/keystone/server/flask/request_processing/req_logging.py:26}}
Feb 16 08:18:36 ubuntu devstack@keystone.service[81825]: DEBUG keystone.server.flask.request_processing.req_logging [None req-461650c3-b00b-44d4-bea9-f0d098ce172c None admin] SCRIPT_NAME: `/identity` {{(pid=81825) log_request_info /opt/stack/keystone/keystone/server/flask/request_processing/req_logging.py:27}}
Feb 16 08:18:36 ubuntu devstack@keystone.service[81825]: DEBUG keystone.server.flask.request_processing.req_logging [None req-461650c3-b00b-44d4-bea9-f0d098ce172c None admin] PATH_INFO: `/v3/domains` {{(pid=81825) log_request_info /opt/stack/keystone/keystone/server/flask/request_processing/req_logging.py:28}}
Feb 16 08:18:36 ubuntu devstack@keystone.service[81826]: DEBUG keystone.server.flask.request_processing.req_logging [None req-9e47a97c-4967-4961-a3b6-22890409237b None admin] PATH_INFO: `/v3/roles` {{(pid=81826) log_request_info /opt/stack/keystone/keystone/server/flask/request_processing/req_logging.py:28}}
Feb 16 08:18:36 ubuntu devstack@keystone.service[81826]: DEBUG keystone.common.rbac_enforcer.enforcer [None req-9e47a97c-4967-4961-a3b6-22890409237b None admin] RBAC: Adding query filter params (name=admin) {{(pid=81826) _extract_filter_values /opt/stack/keystone/keystone/common/rbac_enforcer/enforcer.py:176}}
Feb 16 08:18:36 ubuntu devstack@keystone.service[81825]: DEBUG keystone.common.rbac_enforcer.enforcer [None req-461650c3-b00b-44d4-bea9-f0d098ce172c None admin] RBAC: Authorizing `identity:create_domain()` {{(pid=81825) enforce_call /opt/stack/keystone/keystone/common/rbac_enforcer/enforcer.py:494}}
