Feb 13 20:41:08 ubuntu devstack@keystone.service[81776]: DEBUG keystone.server.flask.common [-] Adding resource routes to API role_assignments: ['/role_assignments' {}] {{(pid=81776) _add_mapped_resources /opt/stack/keystone/keystone/server/flask/common.py:483}}
Feb 13 20:41:08 ubuntu devstack@keystone.service[81776]: DEBUG keystone.server.flask.common [-] Adding resource routes to API role_inferences: ['/role_inferences' {}] {{(pid=81776) _add_mapped_resources /opt/stack/keystone/keystone/server/flask/common.py:483}}
Feb 13 20:41:08 ubuntu devstack@keystone.service[81776]: DEBUG keystone.server.flask.common [-] Adding resource routes to API roles: ['/roles' {}] {{(pid=81776) _add_mapped_resources /opt/stack/keystone/keystone/server/flask/common.py:483}}
Feb 13 20:41:08 ubuntu devstack@keystone.service[81776]: DEBUG keystone.server.flask.common [-] Adding resource routes to API roles: ['/roles/<string:role_id>' {}] {{(pid=81776) _add_mapped_resources /opt/stack/keystone/keystone/server/flask/common.py:483}}
Feb 13 20:41:08 ubuntu devstack@keystone.service[81776]: DEBUG keystone.server.flask.common [-] Adding resource routes to API roles: ['/roles/<string:prior_role_id>/implies' {}] {{(pid=81776) _add_mapped_resources /opt/stack/keystone/keystone/server/flask/common.py:483}}
Feb 13 20:41:08 ubuntu devstack@keystone.service[81776]: DEBUG keystone.server.flask.common [-] Adding resource routes to API roles: ['/roles/<string:prior_role_id>/implies/<string:implied_role_id>' {}] {{(pid=81776) _add_mapped_resources /opt/stack/keystone/keystone/server/flask/common.py:483}}
Feb 13 20:41:08 ubuntu devstack@keystone.service[81776]: DEBUG keystone.server.flask.common [-] Adding resource routes to API s3tokens: ['/s3tokens' {}] {{(pid=81776) _add_mapped_resources /opt/stack/keystone/keystone/server/flask/common.py:483}}
Feb 13 20:41:08 ubuntu devstack@keystone.service[81776]: DEBUG keystone.server.flask.common [-] Adding resource routes to API services: ['/services' {}] {{(pid=81776) _add_mapped_resources /opt/stack/keystone/keystone/server/flask/common.py:483}}
Feb 13 20:41:08 ubuntu devstack@keystone.service[81776]: DEBUG keystone.server.flask.common [-] Adding resource routes to API services: ['/services/<string:service_id>' {}] {{(pid=81776) _add_mapped_resources /opt/stack/keystone/keystone/server/flask/common.py:483}}
Feb 13 20:41:08 ubuntu devstack@keystone.service[81776]: DEBUG keystone.server.flask.common [-] Adding resource routes to API system: ['/system/users/<string:user_id>/roles' {}] {{(pid=81776) _add_mapped_resources /opt/stack/keystone/keystone/server/flask/common.py:483}}
Feb 13 20:41:08 ubuntu devstack@keystone.service[81776]: DEBUG keystone.server.flask.common [-] Adding resource routes to API system: ['/system/users/<string:user_id>/roles/<string:role_id>' {}] {{(pid=81776) _add_mapped_resources /opt/stack/keystone/keystone/server/flask/common.py:483}}
Feb 13 20:41:08 ubuntu devstack@keystone.service[81776]: DEBUG keystone.server.flask.common [-] Adding resource routes to API system: ['/system/groups/<string:group_id>/roles' {}] {{(pid=81776) _add_mapped_resources /opt/stack/keystone/keystone/server/flask/common.py:483}}
Feb 13 20:41:08 ubuntu devstack@keystone.service[81776]: DEBUG keystone.server.flask.common [-] Adding resource routes to API system: ['/system/groups/<string:group_id>/roles/<string:role_id>' {}] {{(pid=81776) _add_mapped_resources /opt/stack/keystone/keystone/server/flask/common.py:483}}
Feb 13 20:41:08 ubuntu devstack@keystone.service[81775]: WSGI app 0 (mountpoint='') ready in 2 seconds on interpreter 0x56140d8c1d40 pid: 81775 (default app)
Feb 13 20:41:08 ubuntu devstack@keystone.service[81776]: DEBUG keystone.server.flask.common [-] Adding resource routes to API trusts: ['/trusts' {}] {{(pid=81776) _add_mapped_resources /opt/stack/keystone/keystone/server/flask/common.py:483}}
Feb 13 20:41:08 ubuntu devstack@keystone.service[81776]: DEBUG keystone.server.flask.common [-] Adding resource routes to API trusts: ['/trusts/<string:trust_id>' {}] {{(pid=81776) _add_mapped_resources /opt/stack/keystone/keystone/server/flask/common.py:483}}
Feb 13 20:41:08 ubuntu devstack@keystone.service[81776]: DEBUG keystone.server.flask.common [-] Adding resource routes to API trusts: ['/trusts/<string:trust_id>/roles' {}] {{(pid=81776) _add_mapped_resources /opt/stack/keystone/keystone/server/flask/common.py:483}}
Feb 13 20:41:08 ubuntu devstack@keystone.service[81776]: DEBUG keystone.server.flask.common [-] Adding resource routes to API trusts: ['/trusts/<string:trust_id>/roles/<string:role_id>' {}] {{(pid=81776) _add_mapped_resources /opt/stack/keystone/keystone/server/flask/common.py:483}}
Feb 13 20:41:08 ubuntu devstack@keystone.service[81775]: DEBUG keystone.server.flask.request_processing.req_logging [None req-56941096-e731-49cf-8d4d-c8f224dbd993 None None] REQUEST_METHOD: `GET` {{(pid=81775) log_request_info /opt/stack/keystone/keystone/server/flask/request_processing/req_logging.py:26}}
Feb 13 20:41:08 ubuntu devstack@keystone.service[81775]: DEBUG keystone.server.flask.request_processing.req_logging [None req-56941096-e731-49cf-8d4d-c8f224dbd993 None None] SCRIPT_NAME: `/identity` {{(pid=81775) log_request_info /opt/stack/keystone/keystone/server/flask/request_processing/req_logging.py:27}}
Feb 13 20:41:08 ubuntu devstack@keystone.service[81775]: DEBUG keystone.server.flask.request_processing.req_logging [None req-56941096-e731-49cf-8d4d-c8f224dbd993 None None] PATH_INFO: `/v3` {{(pid=81775) log_request_info /opt/stack/keystone/keystone/server/flask/request_processing/req_logging.py:28}}
Feb 13 20:41:08 ubuntu devstack@keystone.service[81775]: [pid: 81775|app: 0|req: 1/1] 10.201.5.82 () {50 vars in 783 bytes} [Fri Feb 13 20:41:08 2026] GET /identity/v3/ => generated 255 bytes in 3 msecs (HTTP/1.1 200) 5 headers in 177 bytes (1 switches on core 0)
Feb 13 20:41:08 ubuntu devstack@keystone.service[81776]: DEBUG keystone.server.flask.common [-] Adding resource routes to API users: ['/users' {}] {{(pid=81776) _add_mapped_resources /opt/stack/keystone/keystone/server/flask/common.py:483}}
Feb 13 20:41:08 ubuntu devstack@keystone.service[81776]: DEBUG keystone.server.flask.common [-] Adding resource routes to API users: ['/users/<string:user_id>' {}] {{(pid=81776) _add_mapped_resources /opt/stack/keystone/keystone/server/flask/common.py:483}}
Feb 13 20:41:08 ubuntu devstack@keystone.service[81776]: DEBUG keystone.server.flask.common [-] Adding resource routes to API users: ['/users/<string:user_id>/password' {}] {{(pid=81776) _add_mapped_resources /opt/stack/keystone/keystone/server/flask/common.py:483}}
Feb 13 20:41:08 ubuntu devstack@keystone.service[81776]: DEBUG keystone.server.flask.common [-] Adding resource routes to API users: ['/users/<string:user_id>/groups' {}] {{(pid=81776) _add_mapped_resources /opt/stack/keystone/keystone/server/flask/common.py:483}}
Feb 13 20:41:08 ubuntu devstack@keystone.service[81776]: DEBUG keystone.server.flask.common [-] Adding resource routes to API users: ['/users/<string:user_id>/projects' {}] {{(pid=81776) _add_mapped_resources /opt/stack/keystone/keystone/server/flask/common.py:483}}
Feb 13 20:41:08 ubuntu devstack@keystone.service[81776]: DEBUG keystone.server.flask.common [-] Adding resource routes to API users: ['/users/<string:user_id>/credentials/OS-EC2' {}] {{(pid=81776) _add_mapped_resources /opt/stack/keystone/keystone/server/flask/common.py:483}}
Feb 13 20:41:08 ubuntu devstack@keystone.service[81776]: DEBUG keystone.server.flask.common [-] Adding resource routes to API users: ['/users/<string:user_id>/credentials/OS-EC2/<string:credential_id>' {}] {{(pid=81776) _add_mapped_resources /opt/stack/keystone/keystone/server/flask/common.py:483}}
Feb 13 20:41:08 ubuntu devstack@keystone.service[81776]: DEBUG keystone.server.flask.common [-] Adding resource routes to API users: ['/users/<string:user_id>/OS-OAUTH1/access_tokens' {}] {{(pid=81776) _add_mapped_resources /opt/stack/keystone/keystone/server/flask/common.py:483}}
Feb 13 20:41:08 ubuntu devstack@keystone.service[81776]: DEBUG keystone.server.flask.common [-] Adding resource routes to API users: ['/users/<string:user_id>/OS-OAUTH1/access_tokens/<string:access_token_id>' {}] {{(pid=81776) _add_mapped_resources /opt/stack/keystone/keystone/server/flask/common.py:483}}
Feb 13 20:41:08 ubuntu devstack@keystone.service[81776]: DEBUG keystone.server.flask.common [-] Adding resource routes to API users: ['/users/<string:user_id>/OS-OAUTH1/access_tokens/<string:access_token_id>/roles' {}] {{(pid=81776) _add_mapped_resources /opt/stack/keystone/keystone/server/flask/common.py:483}}
Feb 13 20:41:08 ubuntu devstack@keystone.service[81776]: DEBUG keystone.server.flask.common [-] Adding resource routes to API users: ['/users/<string:user_id>/OS-OAUTH1/access_tokens/<string:access_token_id>/roles/<string:role_id>' {}] {{(pid=81776) _add_mapped_resources /opt/stack/keystone/keystone/server/flask/common.py:483}}
Feb 13 20:41:08 ubuntu devstack@keystone.service[81776]: DEBUG keystone.server.flask.common [-] Adding resource routes to API users: ['/users/<string:user_id>/application_credentials' {}] {{(pid=81776) _add_mapped_resources /opt/stack/keystone/keystone/server/flask/common.py:483}}
Feb 13 20:41:08 ubuntu devstack@keystone.service[81776]: DEBUG keystone.server.flask.common [-] Adding resource routes to API users: ['/users/<string:user_id>/application_credentials/<string:application_credential_id>' {}] {{(pid=81776) _add_mapped_resources /opt/stack/keystone/keystone/server/flask/common.py:483}}
Feb 13 20:41:08 ubuntu devstack@keystone.service[81776]: DEBUG keystone.server.flask.common [-] Adding resource routes to API users: ['/users/<string:user_id>/access_rules' {}] {{(pid=81776) _add_mapped_resources /opt/stack/keystone/keystone/server/flask/common.py:483}}
Feb 13 20:41:08 ubuntu devstack@keystone.service[81776]: DEBUG keystone.server.flask.common [-] Adding resource routes to API users: ['/users/<string:user_id>/access_rules/<string:access_rule_id>' {}] {{(pid=81776) _add_mapped_resources /opt/stack/keystone/keystone/server/flask/common.py:483}}
Feb 13 20:41:08 ubuntu devstack@keystone.service[81776]: WSGI app 0 (mountpoint='') ready in 2 seconds on interpreter 0x56140d8c1d40 pid: 81776 (default app)
Feb 13 20:41:14 ubuntu devstack@keystone.service[81775]: DEBUG keystone.server.flask.request_processing.req_logging [None req-45e7aa00-7313-4d0e-bd71-486623531de3 None None] REQUEST_METHOD: `GET` {{(pid=81775) log_request_info /opt/stack/keystone/keystone/server/flask/request_processing/req_logging.py:26}}
Feb 13 20:41:14 ubuntu devstack@keystone.service[81775]: DEBUG keystone.server.flask.request_processing.req_logging [None req-45e7aa00-7313-4d0e-bd71-486623531de3 None None] SCRIPT_NAME: `/identity` {{(pid=81775) log_request_info /opt/stack/keystone/keystone/server/flask/request_processing/req_logging.py:27}}
Feb 13 20:41:14 ubuntu devstack@keystone.service[81775]: DEBUG keystone.server.flask.request_processing.req_logging [None req-45e7aa00-7313-4d0e-bd71-486623531de3 None None] PATH_INFO: `/` {{(pid=81775) log_request_info /opt/stack/keystone/keystone/server/flask/request_processing/req_logging.py:28}}
Feb 13 20:41:14 ubuntu devstack@keystone.service[81775]: [pid: 81775|app: 0|req: 2/2] 10.201.5.82 () {54 vars in 919 bytes} [Fri Feb 13 20:41:14 2026] GET /identity => generated 270 bytes in 5 msecs (HTTP/1.1 300) 6 headers in 234 bytes (1 switches on core 0)
Feb 13 20:41:14 ubuntu devstack@keystone.service[81776]: DEBUG keystone.server.flask.request_processing.req_logging [None req-df805acc-17f9-473c-8507-1f333a099ad0 None None] REQUEST_METHOD: `POST` {{(pid=81776) log_request_info /opt/stack/keystone/keystone/server/flask/request_processing/req_logging.py:26}}
Feb 13 20:41:14 ubuntu devstack@keystone.service[81776]: DEBUG keystone.server.flask.request_processing.req_logging [None req-df805acc-17f9-473c-8507-1f333a099ad0 None None] SCRIPT_NAME: `/identity` {{(pid=81776) log_request_info /opt/stack/keystone/keystone/server/flask/request_processing/req_logging.py:27}}
Feb 13 20:41:14 ubuntu devstack@keystone.service[81776]: DEBUG keystone.server.flask.request_processing.req_logging [None req-df805acc-17f9-473c-8507-1f333a099ad0 None None] PATH_INFO: `/v3/auth/tokens` {{(pid=81776) log_request_info /opt/stack/keystone/keystone/server/flask/request_processing/req_logging.py:28}}
Feb 13 20:41:14 ubuntu devstack@keystone.service[81776]: INFO dbcounter [None req-df805acc-17f9-473c-8507-1f333a099ad0 None None] Registered counter for database keystone
Feb 13 20:41:14 ubuntu devstack@keystone.service[81776]: DEBUG oslo_db.sqlalchemy.engines [None req-df805acc-17f9-473c-8507-1f333a099ad0 None None] MySQL server mode set to STRICT_TRANS_TABLES,STRICT_ALL_TABLES,NO_ZERO_IN_DATE,NO_ZERO_DATE,ERROR_FOR_DIVISION_BY_ZERO,TRADITIONAL,NO_ENGINE_SUBSTITUTION {{(pid=81776) _check_effective_sql_mode /opt/stack/data/venv/lib/python3.10/site-packages/oslo_db/sqlalchemy/engines.py:325}}
Feb 13 20:41:14 ubuntu devstack@keystone.service[81776]: DEBUG dbcounter [-] [81776] Writer thread running {{(pid=81776) stat_writer /opt/stack/data/venv/lib/python3.10/site-packages/dbcounter.py:102}}
Feb 13 20:41:14 ubuntu devstack@keystone.service[81776]: WARNING keystone.common.password_hashing [None req-df805acc-17f9-473c-8507-1f333a099ad0 None None] Truncating password to algorithm specific maximum length 72 characters.
Feb 13 20:41:14 ubuntu devstack@keystone.service[81776]: DEBUG keystone.auth.core [None req-df805acc-17f9-473c-8507-1f333a099ad0 None None] MFA Rules not processed for user `8342fb74ce6e454a85d36c00060bc972`. Rule list: `[]` (Enabled: `True`). {{(pid=81776) check_auth_methods_against_rules /opt/stack/keystone/keystone/auth/core.py:476}}
Feb 13 20:41:14 ubuntu devstack@keystone.service[81776]: DEBUG keystone.common.fernet_utils [None req-df805acc-17f9-473c-8507-1f333a099ad0 None None] Loaded 2 Fernet keys from /etc/keystone/fernet-keys/, but `[fernet_tokens] max_active_keys = 3`; perhaps there have not been enough key rotations to reach `max_active_keys` yet? {{(pid=81776) load_keys /opt/stack/keystone/keystone/common/fernet_utils.py:297}}
Feb 13 20:41:14 ubuntu devstack@keystone.service[81776]: [pid: 81776|app: 0|req: 1/3] 10.201.5.82 () {58 vars in 1016 bytes} [Fri Feb 13 20:41:14 2026] POST /identity/v3/auth/tokens => generated 977 bytes in 258 msecs (HTTP/1.1 201) 6 headers in 384 bytes (1 switches on core 0)
Feb 13 20:41:15 ubuntu devstack@keystone.service[81775]: DEBUG keystone.server.flask.request_processing.middleware.auth_context [None req-45e7aa00-7313-4d0e-bd71-486623531de3 None None] Authenticating user token {{(pid=81775) process_request /opt/stack/data/venv/lib/python3.10/site-packages/keystonemiddleware/auth_token/__init__.py:407}}
Feb 13 20:41:15 ubuntu devstack@keystone.service[81775]: INFO dbcounter [None req-45e7aa00-7313-4d0e-bd71-486623531de3 None None] Registered counter for database keystone
Feb 13 20:41:15 ubuntu devstack@keystone.service[81775]: DEBUG oslo_db.sqlalchemy.engines [None req-45e7aa00-7313-4d0e-bd71-486623531de3 None None] MySQL server mode set to STRICT_TRANS_TABLES,STRICT_ALL_TABLES,NO_ZERO_IN_DATE,NO_ZERO_DATE,ERROR_FOR_DIVISION_BY_ZERO,TRADITIONAL,NO_ENGINE_SUBSTITUTION {{(pid=81775) _check_effective_sql_mode /opt/stack/data/venv/lib/python3.10/site-packages/oslo_db/sqlalchemy/engines.py:325}}
Feb 13 20:41:15 ubuntu devstack@keystone.service[81775]: DEBUG dbcounter [-] [81775] Writer thread running {{(pid=81775) stat_writer /opt/stack/data/venv/lib/python3.10/site-packages/dbcounter.py:102}}
Feb 13 20:41:15 ubuntu devstack@keystone.service[81775]: DEBUG keystone.server.flask.request_processing.middleware.auth_context [None req-45e7aa00-7313-4d0e-bd71-486623531de3 None None] Validating token access rules against request {{(pid=81775) validate_allowed_request /opt/stack/data/venv/lib/python3.10/site-packages/keystonemiddleware/auth_token/__init__.py:545}}
Feb 13 20:41:15 ubuntu devstack@keystone.service[81775]: DEBUG keystone.server.flask.request_processing.middleware.auth_context [None req-ff2a45fc-b1ea-4288-994e-2eb856962f4f admin admin] RBAC: auth_context: {'token': <TokenModel (audit_id=PTxrmadaSjSSv_L3oDNFkQ, audit_chain_id=['PTxrmadaSjSSv_L3oDNFkQ']) at 0x7fbc839f8e20>, 'domain_id': None, 'trust_id': None, 'trustor_id': None, 'trustee_id': None, 'domain_name': None, 'group_ids': [], 'user_id': '8342fb74ce6e454a85d36c00060bc972', 'user_domain_id': 'default', 'system_scope': None, 'project_id': '1e71ff947cf94fe581d41d6a33e26145', 'project_domain_id': 'default', 'roles': ['manager', 'member', 'admin', 'reader'], 'is_admin_project': True, 'service_user_id': None, 'service_user_domain_id': None, 'service_project_id': None, 'service_project_domain_id': None, 'service_roles': []} {{(pid=81775) fill_context /opt/stack/keystone/keystone/server/flask/request_processing/middleware/auth_context.py:509}}
Feb 13 20:41:15 ubuntu devstack@keystone.service[81775]: DEBUG keystone.server.flask.request_processing.req_logging [None req-ff2a45fc-b1ea-4288-994e-2eb856962f4f admin admin] REQUEST_METHOD: `GET` {{(pid=81775) log_request_info /opt/stack/keystone/keystone/server/flask/request_processing/req_logging.py:26}}
Feb 13 20:41:15 ubuntu devstack@keystone.service[81775]: DEBUG keystone.server.flask.request_processing.req_logging [None req-ff2a45fc-b1ea-4288-994e-2eb856962f4f admin admin] SCRIPT_NAME: `/identity` {{(pid=81775) log_request_info /opt/stack/keystone/keystone/server/flask/request_processing/req_logging.py:27}}
Feb 13 20:41:15 ubuntu devstack@keystone.service[81775]: DEBUG keystone.server.flask.request_processing.req_logging [None req-ff2a45fc-b1ea-4288-994e-2eb856962f4f admin admin] PATH_INFO: `/v3/auth/tokens` {{(pid=81775) log_request_info /opt/stack/keystone/keystone/server/flask/request_processing/req_logging.py:28}}
Feb 13 20:41:15 ubuntu devstack@keystone.service[81775]: DEBUG keystone.common.rbac_enforcer.enforcer [None req-ff2a45fc-b1ea-4288-994e-2eb856962f4f admin admin] RBAC: Authorizing `identity:validate_token()` {{(pid=81775) enforce_call /opt/stack/keystone/keystone/common/rbac_enforcer/enforcer.py:494}}
Feb 13 20:41:15 ubuntu devstack@keystone.service[81775]: WARNING keystone.common.rbac_enforcer.enforcer [None req-ff2a45fc-b1ea-4288-994e-2eb856962f4f admin admin] Deprecated policy rules found. Use oslopolicy-policy-generator and oslopolicy-policy-upgrade to detect and resolve deprecated policies in your configuration.
Feb 13 20:41:15 ubuntu devstack@keystone.service[81775]: DEBUG keystone.common.rbac_enforcer.enforcer [None req-ff2a45fc-b1ea-4288-994e-2eb856962f4f admin admin] RBAC: Authorization granted {{(pid=81775) enforce_call /opt/stack/keystone/keystone/common/rbac_enforcer/enforcer.py:505}}
Feb 13 20:41:15 ubuntu devstack@keystone.service[81775]: [pid: 81775|app: 0|req: 3/4] 10.201.5.82 () {58 vars in 1316 bytes} [Fri Feb 13 20:41:15 2026] GET /identity/v3/auth/tokens => generated 977 bytes in 169 msecs (HTTP/1.1 200) 6 headers in 379 bytes (1 switches on core 0)
Feb 13 20:41:15 ubuntu devstack@keystone.service[81776]: DEBUG keystone.server.flask.request_processing.middleware.auth_context [None req-df805acc-17f9-473c-8507-1f333a099ad0 None None] Authenticating user token {{(pid=81776) process_request /opt/stack/data/venv/lib/python3.10/site-packages/keystonemiddleware/auth_token/__init__.py:407}}
Feb 13 20:41:15 ubuntu devstack@keystone.service[81776]: DEBUG keystone.server.flask.request_processing.middleware.auth_context [None req-df805acc-17f9-473c-8507-1f333a099ad0 None None] Validating token access rules against request {{(pid=81776) validate_allowed_request /opt/stack/data/venv/lib/python3.10/site-packages/keystonemiddleware/auth_token/__init__.py:545}}
Feb 13 20:41:15 ubuntu devstack@keystone.service[81776]: DEBUG keystone.server.flask.request_processing.middleware.auth_context [None req-a169f058-b1a3-4f77-b55d-24b955a1d4a0 admin admin] RBAC: auth_context: {'token': <TokenModel (audit_id=PTxrmadaSjSSv_L3oDNFkQ, audit_chain_id=['PTxrmadaSjSSv_L3oDNFkQ']) at 0x7fbc839f88b0>, 'domain_id': None, 'trust_id': None, 'trustor_id': None, 'trustee_id': None, 'domain_name': None, 'group_ids': [], 'user_id': '8342fb74ce6e454a85d36c00060bc972', 'user_domain_id': 'default', 'system_scope': None, 'project_id': '1e71ff947cf94fe581d41d6a33e26145', 'project_domain_id': 'default', 'roles': ['manager', 'member', 'admin', 'reader'], 'is_admin_project': True, 'service_user_id': None, 'service_user_domain_id': None, 'service_project_id': None, 'service_project_domain_id': None, 'service_roles': []} {{(pid=81776) fill_context /opt/stack/keystone/keystone/server/flask/request_processing/middleware/auth_context.py:509}}
Feb 13 20:41:15 ubuntu devstack@keystone.service[81776]: DEBUG keystone.server.flask.request_processing.req_logging [None req-a169f058-b1a3-4f77-b55d-24b955a1d4a0 admin admin] REQUEST_METHOD: `GET` {{(pid=81776) log_request_info /opt/stack/keystone/keystone/server/flask/request_processing/req_logging.py:26}}
Feb 13 20:41:15 ubuntu devstack@keystone.service[81776]: DEBUG keystone.server.flask.request_processing.req_logging [None req-a169f058-b1a3-4f77-b55d-24b955a1d4a0 admin admin] SCRIPT_NAME: `/identity` {{(pid=81776) log_request_info /opt/stack/keystone/keystone/server/flask/request_processing/req_logging.py:27}}
Feb 13 20:41:15 ubuntu devstack@keystone.service[81776]: DEBUG keystone.server.flask.request_processing.req_logging [None req-a169f058-b1a3-4f77-b55d-24b955a1d4a0 admin admin] PATH_INFO: `/v3/projects/1e71ff947cf94fe581d41d6a33e26145` {{(pid=81776) log_request_info /opt/stack/keystone/keystone/server/flask/request_processing/req_logging.py:28}}
Feb 13 20:41:15 ubuntu devstack@keystone.service[81776]: DEBUG keystone.common.rbac_enforcer.enforcer [None req-a169f058-b1a3-4f77-b55d-24b955a1d4a0 admin admin] RBAC: Authorizing `identity:get_project(project_id=1e71ff947cf94fe581d41d6a33e26145)` {{(pid=81776) enforce_call /opt/stack/keystone/keystone/common/rbac_enforcer/enforcer.py:494}}
Feb 13 20:41:15 ubuntu devstack@keystone.service[81776]: WARNING keystone.common.rbac_enforcer.enforcer [None req-a169f058-b1a3-4f77-b55d-24b955a1d4a0 admin admin] Deprecated policy rules found. Use oslopolicy-policy-generator and oslopolicy-policy-upgrade to detect and resolve deprecated policies in your configuration.
Feb 13 20:41:15 ubuntu devstack@keystone.service[81776]: DEBUG keystone.common.rbac_enforcer.enforcer [None req-a169f058-b1a3-4f77-b55d-24b955a1d4a0 admin admin] RBAC: Authorization granted {{(pid=81776) enforce_call /opt/stack/keystone/keystone/common/rbac_enforcer/enforcer.py:505}}
Feb 13 20:41:15 ubuntu devstack@keystone.service[81776]: [pid: 81776|app: 0|req: 2/5] 10.201.5.82 () {56 vars in 1199 bytes} [Fri Feb 13 20:41:15 2026] GET /identity/v3/projects/1e71ff947cf94fe581d41d6a33e26145 => generated 344 bytes in 36 msecs (HTTP/1.1 200) 5 headers in 177 bytes (1 switches on core 0)
Feb 13 20:41:16 ubuntu devstack@keystone.service[81775]: DEBUG keystone.server.flask.request_processing.req_logging [None req-1e5ab8cf-2578-42ed-abb8-c6e73e24488e None None] REQUEST_METHOD: `GET` {{(pid=81775) log_request_info /opt/stack/keystone/keystone/server/flask/request_processing/req_logging.py:26}}
Feb 13 20:41:16 ubuntu devstack@keystone.service[81775]: DEBUG keystone.server.flask.request_processing.req_logging [None req-1e5ab8cf-2578-42ed-abb8-c6e73e24488e None None] SCRIPT_NAME: `/identity` {{(pid=81775) log_request_info /opt/stack/keystone/keystone/server/flask/request_processing/req_logging.py:27}}
Feb 13 20:41:16 ubuntu devstack@keystone.service[81775]: DEBUG keystone.server.flask.request_processing.req_logging [None req-1e5ab8cf-2578-42ed-abb8-c6e73e24488e None None] PATH_INFO: `/` {{(pid=81775) log_request_info /opt/stack/keystone/keystone/server/flask/request_processing/req_logging.py:28}}
Feb 13 20:41:16 ubuntu devstack@keystone.service[81775]: [pid: 81775|app: 0|req: 4/6] 10.201.5.82 () {54 vars in 919 bytes} [Fri Feb 13 20:41:16 2026] GET /identity => generated 270 bytes in 7 msecs (HTTP/1.1 300) 6 headers in 234 bytes (1 switches on core 0)
Feb 13 20:41:16 ubuntu devstack@keystone.service[81776]: DEBUG keystone.server.flask.request_processing.req_logging [None req-f3f2e9d2-9179-4f07-b81c-9c185afe634b None None] REQUEST_METHOD: `POST` {{(pid=81776) log_request_info /opt/stack/keystone/keystone/server/flask/request_processing/req_logging.py:26}}
Feb 13 20:41:16 ubuntu devstack@keystone.service[81776]: DEBUG keystone.server.flask.request_processing.req_logging [None req-f3f2e9d2-9179-4f07-b81c-9c185afe634b None None] SCRIPT_NAME: `/identity` {{(pid=81776) log_request_info /opt/stack/keystone/keystone/server/flask/request_processing/req_logging.py:27}}
Feb 13 20:41:16 ubuntu devstack@keystone.service[81776]: DEBUG keystone.server.flask.request_processing.req_logging [None req-f3f2e9d2-9179-4f07-b81c-9c185afe634b None None] PATH_INFO: `/v3/auth/tokens` {{(pid=81776) log_request_info /opt/stack/keystone/keystone/server/flask/request_processing/req_logging.py:28}}
Feb 13 20:41:16 ubuntu devstack@keystone.service[81776]: WARNING keystone.common.password_hashing [None req-f3f2e9d2-9179-4f07-b81c-9c185afe634b None None] Truncating password to algorithm specific maximum length 72 characters.
Feb 13 20:41:16 ubuntu devstack@keystone.service[81776]: DEBUG keystone.auth.core [None req-f3f2e9d2-9179-4f07-b81c-9c185afe634b None None] MFA Rules not processed for user `8342fb74ce6e454a85d36c00060bc972`. Rule list: `[]` (Enabled: `True`). {{(pid=81776) check_auth_methods_against_rules /opt/stack/keystone/keystone/auth/core.py:476}}
Feb 13 20:41:16 ubuntu devstack@keystone.service[81776]: DEBUG keystone.common.fernet_utils [None req-f3f2e9d2-9179-4f07-b81c-9c185afe634b None None] Loaded 2 Fernet keys from /etc/keystone/fernet-keys/, but `[fernet_tokens] max_active_keys = 3`; perhaps there have not been enough key rotations to reach `max_active_keys` yet? {{(pid=81776) load_keys /opt/stack/keystone/keystone/common/fernet_utils.py:297}}
Feb 13 20:41:16 ubuntu devstack@keystone.service[81776]: [pid: 81776|app: 0|req: 3/7] 10.201.5.82 () {58 vars in 1016 bytes} [Fri Feb 13 20:41:16 2026] POST /identity/v3/auth/tokens => generated 977 bytes in 32 msecs (HTTP/1.1 201) 6 headers in 384 bytes (1 switches on core 0)
Feb 13 20:41:16 ubuntu devstack@keystone.service[81775]: DEBUG keystone.server.flask.request_processing.middleware.auth_context [None req-1e5ab8cf-2578-42ed-abb8-c6e73e24488e None None] Authenticating user token {{(pid=81775) process_request /opt/stack/data/venv/lib/python3.10/site-packages/keystonemiddleware/auth_token/__init__.py:407}}
Feb 13 20:41:16 ubuntu devstack@keystone.service[81775]: DEBUG keystone.server.flask.request_processing.middleware.auth_context [None req-1e5ab8cf-2578-42ed-abb8-c6e73e24488e None None] Validating token access rules against request {{(pid=81775) validate_allowed_request /opt/stack/data/venv/lib/python3.10/site-packages/keystonemiddleware/auth_token/__init__.py:545}}
Feb 13 20:41:16 ubuntu devstack@keystone.service[81775]: DEBUG keystone.server.flask.request_processing.middleware.auth_context [None req-25c52c42-6b4e-49e2-a4e1-0041b24575c3 admin admin] RBAC: auth_context: {'token': <TokenModel (audit_id=OoJmHihlRvK3y2k3s8ZA0A, audit_chain_id=['OoJmHihlRvK3y2k3s8ZA0A']) at 0x7fbc82db0fa0>, 'domain_id': None, 'trust_id': None, 'trustor_id': None, 'trustee_id': None, 'domain_name': None, 'group_ids': [], 'user_id': '8342fb74ce6e454a85d36c00060bc972', 'user_domain_id': 'default', 'system_scope': None, 'project_id': '1e71ff947cf94fe581d41d6a33e26145', 'project_domain_id': 'default', 'roles': ['manager', 'member', 'admin', 'reader'], 'is_admin_project': True, 'service_user_id': None, 'service_user_domain_id': None, 'service_project_id': None, 'service_project_domain_id': None, 'service_roles': []} {{(pid=81775) fill_context /opt/stack/keystone/keystone/server/flask/request_processing/middleware/auth_context.py:509}}
Feb 13 20:41:16 ubuntu devstack@keystone.service[81775]: DEBUG keystone.server.flask.request_processing.req_logging [None req-25c52c42-6b4e-49e2-a4e1-0041b24575c3 admin admin] REQUEST_METHOD: `GET` {{(pid=81775) log_request_info /opt/stack/keystone/keystone/server/flask/request_processing/req_logging.py:26}}
Feb 13 20:41:16 ubuntu devstack@keystone.service[81775]: DEBUG keystone.server.flask.request_processing.req_logging [None req-25c52c42-6b4e-49e2-a4e1-0041b24575c3 admin admin] SCRIPT_NAME: `/identity` {{(pid=81775) log_request_info /opt/stack/keystone/keystone/server/flask/request_processing/req_logging.py:27}}
Feb 13 20:41:16 ubuntu devstack@keystone.service[81775]: DEBUG keystone.server.flask.request_processing.req_logging [None req-25c52c42-6b4e-49e2-a4e1-0041b24575c3 admin admin] PATH_INFO: `/v3/users/admin` {{(pid=81775) log_request_info /opt/stack/keystone/keystone/server/flask/request_processing/req_logging.py:28}}
Feb 13 20:41:16 ubuntu devstack@keystone.service[81775]: DEBUG keystone.common.rbac_enforcer.enforcer [None req-25c52c42-6b4e-49e2-a4e1-0041b24575c3 admin admin] RBAC: Authorizing `identity:get_user(user_id=admin)` {{(pid=81775) enforce_call /opt/stack/keystone/keystone/common/rbac_enforcer/enforcer.py:494}}
Feb 13 20:41:16 ubuntu devstack@keystone.service[81775]: DEBUG keystone.common.rbac_enforcer.enforcer [None req-25c52c42-6b4e-49e2-a4e1-0041b24575c3 admin admin] RBAC: Authorization granted {{(pid=81775) enforce_call /opt/stack/keystone/keystone/common/rbac_enforcer/enforcer.py:505}}
Feb 13 20:41:16 ubuntu devstack@keystone.service[81775]: DEBUG keystone.server.flask.application [None req-25c52c42-6b4e-49e2-a4e1-0041b24575c3 admin admin] Could not find user: admin. {{(pid=81775) _handle_keystone_exception /opt/stack/keystone/keystone/server/flask/application.py:146}}
Feb 13 20:41:16 ubuntu devstack@keystone.service[81775]: [pid: 81775|app: 0|req: 5/8] 10.201.5.82 () {56 vars in 1153 bytes} [Fri Feb 13 20:41:16 2026] GET /identity/v3/users/admin => generated 83 bytes in 34 msecs (HTTP/1.1 404) 5 headers in 183 bytes (1 switches on core 0)
Feb 13 20:41:16 ubuntu devstack@keystone.service[81776]: DEBUG keystone.server.flask.request_processing.middleware.auth_context [None req-f3f2e9d2-9179-4f07-b81c-9c185afe634b None None] Authenticating user token {{(pid=81776) process_request /opt/stack/data/venv/lib/python3.10/site-packages/keystonemiddleware/auth_token/__init__.py:407}}
Feb 13 20:41:16 ubuntu devstack@keystone.service[81776]: DEBUG keystone.server.flask.request_processing.middleware.auth_context [None req-f3f2e9d2-9179-4f07-b81c-9c185afe634b None None] Validating token access rules against request {{(pid=81776) validate_allowed_request /opt/stack/data/venv/lib/python3.10/site-packages/keystonemiddleware/auth_token/__init__.py:545}}
Feb 13 20:41:16 ubuntu devstack@keystone.service[81776]: DEBUG keystone.server.flask.request_processing.middleware.auth_context [None req-1dd2fd1b-67b9-43aa-bd1a-5390010b9fec admin admin] RBAC: auth_context: {'token': <TokenModel (audit_id=OoJmHihlRvK3y2k3s8ZA0A, audit_chain_id=['OoJmHihlRvK3y2k3s8ZA0A']) at 0x7fbc839f8760>, 'domain_id': None, 'trust_id': None, 'trustor_id': None, 'trustee_id': None, 'domain_name': None, 'group_ids': [], 'user_id': '8342fb74ce6e454a85d36c00060bc972', 'user_domain_id': 'default', 'system_scope': None, 'project_id': '1e71ff947cf94fe581d41d6a33e26145', 'project_domain_id': 'default', 'roles': ['manager', 'member', 'admin', 'reader'], 'is_admin_project': True, 'service_user_id': None, 'service_user_domain_id': None, 'service_project_id': None, 'service_project_domain_id': None, 'service_roles': []} {{(pid=81776) fill_context /opt/stack/keystone/keystone/server/flask/request_processing/middleware/auth_context.py:509}}
Feb 13 20:41:16 ubuntu devstack@keystone.service[81776]: DEBUG keystone.server.flask.request_processing.req_logging [None req-1dd2fd1b-67b9-43aa-bd1a-5390010b9fec admin admin] REQUEST_METHOD: `GET` {{(pid=81776) log_request_info /opt/stack/keystone/keystone/server/flask/request_processing/req_logging.py:26}}
Feb 13 20:41:16 ubuntu devstack@keystone.service[81776]: DEBUG keystone.server.flask.request_processing.req_logging [None req-1dd2fd1b-67b9-43aa-bd1a-5390010b9fec admin admin] SCRIPT_NAME: `/identity` {{(pid=81776) log_request_info /opt/stack/keystone/keystone/server/flask/request_processing/req_logging.py:27}}
Feb 13 20:41:16 ubuntu devstack@keystone.service[81776]: DEBUG keystone.server.flask.request_processing.req_logging [None req-1dd2fd1b-67b9-43aa-bd1a-5390010b9fec admin admin] PATH_INFO: `/v3/users` {{(pid=81776) log_request_info /opt/stack/keystone/keystone/server/flask/request_processing/req_logging.py:28}}
Feb 13 20:41:16 ubuntu devstack@keystone.service[81776]: DEBUG keystone.common.rbac_enforcer.enforcer [None req-1dd2fd1b-67b9-43aa-bd1a-5390010b9fec admin admin] RBAC: Adding query filter params (name=admin) {{(pid=81776) _extract_filter_values /opt/stack/keystone/keystone/common/rbac_enforcer/enforcer.py:176}}
Feb 13 20:41:16 ubuntu devstack@keystone.service[81776]: DEBUG keystone.common.rbac_enforcer.enforcer [None req-1dd2fd1b-67b9-43aa-bd1a-5390010b9fec admin admin] RBAC: Authorizing `identity:list_users()` {{(pid=81776) enforce_call /opt/stack/keystone/keystone/common/rbac_enforcer/enforcer.py:494}}
Feb 13 20:41:16 ubuntu devstack@keystone.service[81776]: DEBUG keystone.common.rbac_enforcer.enforcer [None req-1dd2fd1b-67b9-43aa-bd1a-5390010b9fec admin admin] RBAC: Authorization granted {{(pid=81776) enforce_call /opt/stack/keystone/keystone/common/rbac_enforcer/enforcer.py:505}}
Feb 13 20:41:16 ubuntu devstack@keystone.service[81776]: [pid: 81776|app: 0|req: 4/9] 10.201.5.82 () {56 vars in 1169 bytes} [Fri Feb 13 20:41:16 2026] GET /identity/v3/users?name=admin => generated 352 bytes in 43 msecs (HTTP/1.1 200) 5 headers in 177 bytes (1 switches on core 0)
Feb 13 20:41:17 ubuntu devstack@keystone.service[81775]: DEBUG keystone.server.flask.request_processing.req_logging [None req-46ab11d5-58de-48e0-9b82-f7b73356ccf5 None None] REQUEST_METHOD: `GET` {{(pid=81775) log_request_info /opt/stack/keystone/keystone/server/flask/request_processing/req_logging.py:26}}
Feb 13 20:41:17 ubuntu devstack@keystone.service[81775]: DEBUG keystone.server.flask.request_processing.req_logging [None req-46ab11d5-58de-48e0-9b82-f7b73356ccf5 None None] SCRIPT_NAME: `/identity` {{(pid=81775) log_request_info /opt/stack/keystone/keystone/server/flask/request_processing/req_logging.py:27}}
Feb 13 20:41:17 ubuntu devstack@keystone.service[81775]: DEBUG keystone.server.flask.request_processing.req_logging [None req-46ab11d5-58de-48e0-9b82-f7b73356ccf5 None None] PATH_INFO: `/` {{(pid=81775) log_request_info /opt/stack/keystone/keystone/server/flask/request_processing/req_logging.py:28}}
Feb 13 20:41:17 ubuntu devstack@keystone.service[81775]: [pid: 81775|app: 0|req: 6/10] 10.201.5.82 () {54 vars in 919 bytes} [Fri Feb 13 20:41:17 2026] GET /identity => generated 270 bytes in 2 msecs (HTTP/1.1 300) 6 headers in 234 bytes (2 switches on core 0)
Feb 13 20:41:17 ubuntu devstack@keystone.service[81776]: DEBUG keystone.server.flask.request_processing.req_logging [None req-117de0d3-909b-46cd-bf8b-99645a7a81e0 None None] REQUEST_METHOD: `POST` {{(pid=81776) log_request_info /opt/stack/keystone/keystone/server/flask/request_processing/req_logging.py:26}}
Feb 13 20:41:17 ubuntu devstack@keystone.service[81776]: DEBUG keystone.server.flask.request_processing.req_logging [None req-117de0d3-909b-46cd-bf8b-99645a7a81e0 None None] SCRIPT_NAME: `/identity` {{(pid=81776) log_request_info /opt/stack/keystone/keystone/server/flask/request_processing/req_logging.py:27}}
Feb 13 20:41:17 ubuntu devstack@keystone.service[81776]: DEBUG keystone.server.flask.request_processing.req_logging [None req-117de0d3-909b-46cd-bf8b-99645a7a81e0 None None] PATH_INFO: `/v3/auth/tokens` {{(pid=81776) log_request_info /opt/stack/keystone/keystone/server/flask/request_processing/req_logging.py:28}}
Feb 13 20:41:17 ubuntu devstack@keystone.service[81775]: DEBUG keystone.server.flask.request_processing.req_logging [None req-f7a3e849-0996-49a7-b569-0215456428c3 None None] REQUEST_METHOD: `GET` {{(pid=81775) log_request_info /opt/stack/keystone/keystone/server/flask/request_processing/req_logging.py:26}}
Feb 13 20:41:17 ubuntu devstack@keystone.service[81775]: DEBUG keystone.server.flask.request_processing.req_logging [None req-f7a3e849-0996-49a7-b569-0215456428c3 None None] SCRIPT_NAME: `/identity` {{(pid=81775) log_request_info /opt/stack/keystone/keystone/server/flask/request_processing/req_logging.py:27}}
Feb 13 20:41:17 ubuntu devstack@keystone.service[81775]: DEBUG keystone.server.flask.request_processing.req_logging [None req-f7a3e849-0996-49a7-b569-0215456428c3 None None] PATH_INFO: `/` {{(pid=81775) log_request_info /opt/stack/keystone/keystone/server/flask/request_processing/req_logging.py:28}}
Feb 13 20:41:17 ubuntu devstack@keystone.service[81775]: [pid: 81775|app: 0|req: 7/11] 10.201.5.82 () {54 vars in 919 bytes} [Fri Feb 13 20:41:17 2026] GET /identity => generated 270 bytes in 1 msecs (HTTP/1.1 300) 6 headers in 234 bytes (2 switches on core 0)
Feb 13 20:41:17 ubuntu devstack@keystone.service[81775]: DEBUG keystone.server.flask.request_processing.req_logging [None req-105b53a8-1b8e-42f8-b06d-2301462562c5 None None] REQUEST_METHOD: `POST` {{(pid=81775) log_request_info /opt/stack/keystone/keystone/server/flask/request_processing/req_logging.py:26}}
Feb 13 20:41:17 ubuntu devstack@keystone.service[81775]: DEBUG keystone.server.flask.request_processing.req_logging [None req-105b53a8-1b8e-42f8-b06d-2301462562c5 None None] SCRIPT_NAME: `/identity` {{(pid=81775) log_request_info /opt/stack/keystone/keystone/server/flask/request_processing/req_logging.py:27}}
Feb 13 20:41:17 ubuntu devstack@keystone.service[81775]: DEBUG keystone.server.flask.request_processing.req_logging [None req-105b53a8-1b8e-42f8-b06d-2301462562c5 None None] PATH_INFO: `/v3/auth/tokens` {{(pid=81775) log_request_info /opt/stack/keystone/keystone/server/flask/request_processing/req_logging.py:28}}
Feb 13 20:41:18 ubuntu devstack@keystone.service[81776]: WARNING keystone.common.password_hashing [None req-117de0d3-909b-46cd-bf8b-99645a7a81e0 None None] Truncating password to algorithm specific maximum length 72 characters.
Feb 13 20:41:18 ubuntu devstack@keystone.service[81775]: WARNING keystone.common.password_hashing [None req-105b53a8-1b8e-42f8-b06d-2301462562c5 None None] Truncating password to algorithm specific maximum length 72 characters.
Feb 13 20:41:18 ubuntu devstack@keystone.service[81776]: DEBUG keystone.auth.core [None req-117de0d3-909b-46cd-bf8b-99645a7a81e0 None None] MFA Rules not processed for user `8342fb74ce6e454a85d36c00060bc972`. Rule list: `[]` (Enabled: `True`). {{(pid=81776) check_auth_methods_against_rules /opt/stack/keystone/keystone/auth/core.py:476}}
Feb 13 20:41:18 ubuntu devstack@keystone.service[81776]: DEBUG keystone.common.fernet_utils [None req-117de0d3-909b-46cd-bf8b-99645a7a81e0 None None] Loaded 2 Fernet keys from /etc/keystone/fernet-keys/, but `[fernet_tokens] max_active_keys = 3`; perhaps there have not been enough key rotations to reach `max_active_keys` yet? {{(pid=81776) load_keys /opt/stack/keystone/keystone/common/fernet_utils.py:297}}
Feb 13 20:41:18 ubuntu devstack@keystone.service[81775]: DEBUG keystone.auth.core [None req-105b53a8-1b8e-42f8-b06d-2301462562c5 None None] MFA Rules not processed for user `8342fb74ce6e454a85d36c00060bc972`. Rule list: `[]` (Enabled: `True`). {{(pid=81775) check_auth_methods_against_rules /opt/stack/keystone/keystone/auth/core.py:476}}
Feb 13 20:41:18 ubuntu devstack@keystone.service[81775]: DEBUG keystone.common.fernet_utils [None req-105b53a8-1b8e-42f8-b06d-2301462562c5 None None] Loaded 2 Fernet keys from /etc/keystone/fernet-keys/, but `[fernet_tokens] max_active_keys = 3`; perhaps there have not been enough key rotations to reach `max_active_keys` yet? {{(pid=81775) load_keys /opt/stack/keystone/keystone/common/fernet_utils.py:297}}
Feb 13 20:41:18 ubuntu devstack@keystone.service[81776]: [pid: 81776|app: 0|req: 5/12] 10.201.5.82 () {58 vars in 1016 bytes} [Fri Feb 13 20:41:17 2026] POST /identity/v3/auth/tokens => generated 862 bytes in 79 msecs (HTTP/1.1 201) 6 headers in 363 bytes (1 switches on core 0)
Feb 13 20:41:18 ubuntu devstack@keystone.service[81775]: [pid: 81775|app: 0|req: 8/13] 10.201.5.82 () {58 vars in 1016 bytes} [Fri Feb 13 20:41:17 2026] POST /identity/v3/auth/tokens => generated 862 bytes in 76 msecs (HTTP/1.1 201) 6 headers in 363 bytes (2 switches on core 0)
Feb 13 20:41:18 ubuntu devstack@keystone.service[81776]: DEBUG keystone.server.flask.request_processing.middleware.auth_context [None req-117de0d3-909b-46cd-bf8b-99645a7a81e0 None None] Authenticating user token {{(pid=81776) process_request /opt/stack/data/venv/lib/python3.10/site-packages/keystonemiddleware/auth_token/__init__.py:407}}
Feb 13 20:41:18 ubuntu devstack@keystone.service[81775]: DEBUG keystone.server.flask.request_processing.middleware.auth_context [None req-105b53a8-1b8e-42f8-b06d-2301462562c5 None None] Authenticating user token {{(pid=81775) process_request /opt/stack/data/venv/lib/python3.10/site-packages/keystonemiddleware/auth_token/__init__.py:407}}
Feb 13 20:41:18 ubuntu devstack@keystone.service[81775]: DEBUG keystone.server.flask.request_processing.middleware.auth_context [None req-105b53a8-1b8e-42f8-b06d-2301462562c5 None None] Validating token access rules against request {{(pid=81775) validate_allowed_request /opt/stack/data/venv/lib/python3.10/site-packages/keystonemiddleware/auth_token/__init__.py:545}}
Feb 13 20:41:18 ubuntu devstack@keystone.service[81776]: DEBUG keystone.server.flask.request_processing.middleware.auth_context [None req-117de0d3-909b-46cd-bf8b-99645a7a81e0 None None] Validating token access rules against request {{(pid=81776) validate_allowed_request /opt/stack/data/venv/lib/python3.10/site-packages/keystonemiddleware/auth_token/__init__.py:545}}
Feb 13 20:41:18 ubuntu devstack@keystone.service[81775]: DEBUG keystone.server.flask.request_processing.middleware.auth_context [None req-7c12fe5f-5ecd-48c7-b40a-e33c95b631ae None admin] RBAC: auth_context: {'token': <TokenModel (audit_id=lgoC_tDvT5yjHe_dMeI_og, audit_chain_id=['lgoC_tDvT5yjHe_dMeI_og']) at 0x7fbc82e534c0>, 'domain_id': None, 'trust_id': None, 'trustor_id': None, 'trustee_id': None, 'domain_name': None, 'group_ids': [], 'user_id': '8342fb74ce6e454a85d36c00060bc972', 'user_domain_id': 'default', 'system_scope': 'all', 'project_id': None, 'project_domain_id': None, 'roles': ['admin', 'manager', 'member', 'reader'], 'is_admin_project': True, 'service_user_id': None, 'service_user_domain_id': None, 'service_project_id': None, 'service_project_domain_id': None, 'service_roles': []} {{(pid=81775) fill_context /opt/stack/keystone/keystone/server/flask/request_processing/middleware/auth_context.py:509}}
Feb 13 20:41:18 ubuntu devstack@keystone.service[81775]: DEBUG keystone.server.flask.request_processing.req_logging [None req-7c12fe5f-5ecd-48c7-b40a-e33c95b631ae None admin] REQUEST_METHOD: `GET` {{(pid=81775) log_request_info /opt/stack/keystone/keystone/server/flask/request_processing/req_logging.py:26}}
Feb 13 20:41:18 ubuntu devstack@keystone.service[81775]: DEBUG keystone.server.flask.request_processing.req_logging [None req-7c12fe5f-5ecd-48c7-b40a-e33c95b631ae None admin] SCRIPT_NAME: `/identity` {{(pid=81775) log_request_info /opt/stack/keystone/keystone/server/flask/request_processing/req_logging.py:27}}
Feb 13 20:41:18 ubuntu devstack@keystone.service[81775]: DEBUG keystone.server.flask.request_processing.req_logging [None req-7c12fe5f-5ecd-48c7-b40a-e33c95b631ae None admin] PATH_INFO: `/v3/roles/admin` {{(pid=81775) log_request_info /opt/stack/keystone/keystone/server/flask/request_processing/req_logging.py:28}}
Feb 13 20:41:18 ubuntu devstack@keystone.service[81775]: DEBUG keystone.common.rbac_enforcer.enforcer [None req-7c12fe5f-5ecd-48c7-b40a-e33c95b631ae None admin] Extracting inferred target data resulted in "NOT FOUND (404)". {{(pid=81775) enforce_call /opt/stack/keystone/keystone/common/rbac_enforcer/enforcer.py:445}}
Feb 13 20:41:18 ubuntu devstack@keystone.service[81775]: DEBUG keystone.server.flask.application [None req-7c12fe5f-5ecd-48c7-b40a-e33c95b631ae None admin] Could not find role: admin. {{(pid=81775) _handle_keystone_exception /opt/stack/keystone/keystone/server/flask/application.py:146}}
Feb 13 20:41:18 ubuntu devstack@keystone.service[81776]: DEBUG keystone.server.flask.request_processing.middleware.auth_context [None req-42e97475-9426-4ae9-bef5-15bbc1d1afab None admin] RBAC: auth_context: {'token': <TokenModel (audit_id=9L8V1TU7RgCfzMua4pMxyw, audit_chain_id=['9L8V1TU7RgCfzMua4pMxyw']) at 0x7fbc82cfe3e0>, 'domain_id': None, 'trust_id': None, 'trustor_id': None, 'trustee_id': None, 'domain_name': None, 'group_ids': [], 'user_id': '8342fb74ce6e454a85d36c00060bc972', 'user_domain_id': 'default', 'system_scope': 'all', 'project_id': None, 'project_domain_id': None, 'roles': ['admin', 'manager', 'member', 'reader'], 'is_admin_project': True, 'service_user_id': None, 'service_user_domain_id': None, 'service_project_id': None, 'service_project_domain_id': None, 'service_roles': []} {{(pid=81776) fill_context /opt/stack/keystone/keystone/server/flask/request_processing/middleware/auth_context.py:509}}
Feb 13 20:41:18 ubuntu devstack@keystone.service[81775]: [pid: 81775|app: 0|req: 9/14] 10.201.5.82 () {56 vars in 1132 bytes} [Fri Feb 13 20:41:18 2026] GET /identity/v3/roles/admin => generated 83 bytes in 76 msecs (HTTP/1.1 404) 5 headers in 183 bytes (2 switches on core 0)
Feb 13 20:41:18 ubuntu devstack@keystone.service[81776]: DEBUG keystone.server.flask.request_processing.req_logging [None req-42e97475-9426-4ae9-bef5-15bbc1d1afab None admin] REQUEST_METHOD: `POST` {{(pid=81776) log_request_info /opt/stack/keystone/keystone/server/flask/request_processing/req_logging.py:26}}
Feb 13 20:41:18 ubuntu devstack@keystone.service[81776]: DEBUG keystone.server.flask.request_processing.req_logging [None req-42e97475-9426-4ae9-bef5-15bbc1d1afab None admin] SCRIPT_NAME: `/identity` {{(pid=81776) log_request_info /opt/stack/keystone/keystone/server/flask/request_processing/req_logging.py:27}}
Feb 13 20:41:18 ubuntu devstack@keystone.service[81776]: DEBUG keystone.server.flask.request_processing.req_logging [None req-42e97475-9426-4ae9-bef5-15bbc1d1afab None admin] PATH_INFO: `/v3/domains` {{(pid=81776) log_request_info /opt/stack/keystone/keystone/server/flask/request_processing/req_logging.py:28}}
Feb 13 20:41:18 ubuntu devstack@keystone.service[81776]: DEBUG keystone.common.rbac_enforcer.enforcer [None req-42e97475-9426-4ae9-bef5-15bbc1d1afab None admin] RBAC: Authorizing `identity:create_domain()` {{(pid=81776) enforce_call /opt/stack/keystone/keystone/common/rbac_enforcer/enforcer.py:494}}
Feb 13 20:41:18 ubuntu devstack@keystone.service[81776]: DEBUG keystone.common.rbac_enforcer.enforcer [None req-42e97475-9426-4ae9-bef5-15bbc1d1afab None admin] RBAC: Authorization granted {{(pid=81776) enforce_call /opt/stack/keystone/keystone/common/rbac_enforcer/enforcer.py:505}}
Feb 13 20:41:18 ubuntu devstack@keystone.service[81775]: DEBUG keystone.server.flask.request_processing.middleware.auth_context [None req-7c12fe5f-5ecd-48c7-b40a-e33c95b631ae None admin] Authenticating user token {{(pid=81775) process_request /opt/stack/data/venv/lib/python3.10/site-packages/keystonemiddleware/auth_token/__init__.py:407}}
Feb 13 20:41:18 ubuntu devstack@keystone.service[81776]: DEBUG keystone.common.sql.core [None req-42e97475-9426-4ae9-bef5-15bbc1d1afab None admin] Conflict project: (pymysql.err.IntegrityError) (1062, "Duplicate entry '<<keystone.domain.root>>-Default' for key 'project.ixu_project_name_domain_id'")
Feb 13 20:41:18 ubuntu devstack@keystone.service[81776]: [SQL: INSERT INTO project (id, name, domain_id, description, enabled, extra, parent_id, is_domain) VALUES (%(id)s, %(name)s, %(domain_id)s, %(description)s, %(enabled)s, %(extra)s, %(parent_id)s, %(is_domain)s)]
Feb 13 20:41:18 ubuntu devstack@keystone.service[81776]: [parameters: {'id': 'a32bf34ec1af459984409b5697f8bd78', 'name': 'Default', 'domain_id': '<<keystone.domain.root>>', 'description': '', 'enabled': 1, 'extra': '{}', 'parent_id': None, 'is_domain': 1}]
Feb 13 20:41:18 ubuntu devstack@keystone.service[81776]: (Background on this error at: https://sqlalche.me/e/20/gkpj) {{(pid=81776) wrapper /opt/stack/keystone/keystone/common/sql/core.py:580}}
Feb 13 20:41:18 ubuntu devstack@keystone.service[81776]: ERROR keystone.server.flask.application [None req-42e97475-9426-4ae9-bef5-15bbc1d1afab None admin] Conflict occurred attempting to store project - it is not permitted to have two projects acting as domains with the same name: Default.: keystone.exception.Conflict: Conflict occurred attempting to store project - it is not permitted to have two projects acting as domains with the same name: Default.
Feb 13 20:41:18 ubuntu devstack@keystone.service[81776]: ERROR keystone.server.flask.application Traceback (most recent call last):
Feb 13 20:41:18 ubuntu devstack@keystone.service[81776]: ERROR keystone.server.flask.application   File "/opt/stack/data/venv/lib/python3.10/site-packages/sqlalchemy/engine/base.py", line 1967, in _exec_single_context
Feb 13 20:41:18 ubuntu devstack@keystone.service[81776]: ERROR keystone.server.flask.application     self.dialect.do_execute(
Feb 13 20:41:18 ubuntu devstack@keystone.service[81776]: ERROR keystone.server.flask.application   File "/opt/stack/data/venv/lib/python3.10/site-packages/sqlalchemy/engine/default.py", line 951, in do_execute
Feb 13 20:41:18 ubuntu devstack@keystone.service[81776]: ERROR keystone.server.flask.application     cursor.execute(statement, parameters)
