Jan 28 19:08:09 ubuntu devstack@keystone.service[81299]: DEBUG keystone.server.flask.request_processing.req_logging [None req-96e0775f-57f2-4392-bfd6-d37b124eb727 None None] REQUEST_METHOD: `POST` {{(pid=81299) log_request_info /opt/stack/keystone/keystone/server/flask/request_processing/req_logging.py:26}}
Jan 28 19:08:09 ubuntu devstack@keystone.service[81299]: DEBUG keystone.server.flask.request_processing.req_logging [None req-96e0775f-57f2-4392-bfd6-d37b124eb727 None None] SCRIPT_NAME: `/identity` {{(pid=81299) log_request_info /opt/stack/keystone/keystone/server/flask/request_processing/req_logging.py:27}}
Jan 28 19:08:09 ubuntu devstack@keystone.service[81299]: DEBUG keystone.server.flask.request_processing.req_logging [None req-96e0775f-57f2-4392-bfd6-d37b124eb727 None None] PATH_INFO: `/v3/auth/tokens` {{(pid=81299) log_request_info /opt/stack/keystone/keystone/server/flask/request_processing/req_logging.py:28}}
Jan 28 19:08:09 ubuntu devstack@keystone.service[81298]: [pid: 81298|app: 0|req: 12/24] 10.201.5.82 () {58 vars in 1016 bytes} [Wed Jan 28 19:08:09 2026] POST /identity/v3/auth/tokens => generated 862 bytes in 62 msecs (HTTP/1.1 201) 6 headers in 363 bytes (2 switches on core 0)
Jan 28 19:08:09 ubuntu devstack@keystone.service[81299]: WARNING keystone.common.password_hashing [None req-96e0775f-57f2-4392-bfd6-d37b124eb727 None None] Truncating password to algorithm specific maximum length 72 characters.
Jan 28 19:08:09 ubuntu devstack@keystone.service[81299]: DEBUG keystone.auth.core [None req-96e0775f-57f2-4392-bfd6-d37b124eb727 None None] MFA Rules not processed for user `c7a9308847894c8e906b99a588081704`. Rule list: `[]` (Enabled: `True`). {{(pid=81299) check_auth_methods_against_rules /opt/stack/keystone/keystone/auth/core.py:476}}
Jan 28 19:08:09 ubuntu devstack@keystone.service[81299]: DEBUG keystone.common.fernet_utils [None req-96e0775f-57f2-4392-bfd6-d37b124eb727 None None] Loaded 2 Fernet keys from /etc/keystone/fernet-keys/, but `[fernet_tokens] max_active_keys = 3`; perhaps there have not been enough key rotations to reach `max_active_keys` yet? {{(pid=81299) load_keys /opt/stack/keystone/keystone/common/fernet_utils.py:297}}
Jan 28 19:08:09 ubuntu devstack@keystone.service[81299]: [pid: 81299|app: 0|req: 13/25] 10.201.5.82 () {58 vars in 1016 bytes} [Wed Jan 28 19:08:09 2026] POST /identity/v3/auth/tokens => generated 862 bytes in 73 msecs (HTTP/1.1 201) 6 headers in 363 bytes (1 switches on core 0)
Jan 28 19:08:10 ubuntu devstack@keystone.service[81298]: DEBUG keystone.server.flask.request_processing.middleware.auth_context [None req-4e1219c8-badf-4913-b19f-10b31495d7f9 None None] Authenticating user token {{(pid=81298) process_request /opt/stack/data/venv/lib/python3.10/site-packages/keystonemiddleware/auth_token/__init__.py:407}}
Jan 28 19:08:10 ubuntu devstack@keystone.service[81298]: DEBUG keystone.server.flask.request_processing.middleware.auth_context [None req-4e1219c8-badf-4913-b19f-10b31495d7f9 None None] Validating token access rules against request {{(pid=81298) validate_allowed_request /opt/stack/data/venv/lib/python3.10/site-packages/keystonemiddleware/auth_token/__init__.py:545}}
Jan 28 19:08:10 ubuntu devstack@keystone.service[81299]: DEBUG keystone.server.flask.request_processing.middleware.auth_context [None req-96e0775f-57f2-4392-bfd6-d37b124eb727 None None] Authenticating user token {{(pid=81299) process_request /opt/stack/data/venv/lib/python3.10/site-packages/keystonemiddleware/auth_token/__init__.py:407}}
Jan 28 19:08:10 ubuntu devstack@keystone.service[81298]: DEBUG keystone.server.flask.request_processing.middleware.auth_context [None req-61fa9c27-e76a-4058-b04c-35e187fcd1aa None admin] RBAC: auth_context: {'token': <TokenModel (audit_id=VfihmYlTRBur8416JWR7Uw, audit_chain_id=['VfihmYlTRBur8416JWR7Uw']) at 0x7f1d89a95ea0>, 'domain_id': None, 'trust_id': None, 'trustor_id': None, 'trustee_id': None, 'domain_name': None, 'group_ids': [], 'user_id': 'c7a9308847894c8e906b99a588081704', 'user_domain_id': 'default', 'system_scope': 'all', 'project_id': None, 'project_domain_id': None, 'roles': ['admin', 'manager', 'member', 'reader'], 'is_admin_project': True, 'service_user_id': None, 'service_user_domain_id': None, 'service_project_id': None, 'service_project_domain_id': None, 'service_roles': []} {{(pid=81298) fill_context /opt/stack/keystone/keystone/server/flask/request_processing/middleware/auth_context.py:509}}
Jan 28 19:08:10 ubuntu devstack@keystone.service[81298]: DEBUG keystone.server.flask.request_processing.req_logging [None req-61fa9c27-e76a-4058-b04c-35e187fcd1aa None admin] REQUEST_METHOD: `GET` {{(pid=81298) log_request_info /opt/stack/keystone/keystone/server/flask/request_processing/req_logging.py:26}}
Jan 28 19:08:10 ubuntu devstack@keystone.service[81298]: DEBUG keystone.server.flask.request_processing.req_logging [None req-61fa9c27-e76a-4058-b04c-35e187fcd1aa None admin] SCRIPT_NAME: `/identity` {{(pid=81298) log_request_info /opt/stack/keystone/keystone/server/flask/request_processing/req_logging.py:27}}
Jan 28 19:08:10 ubuntu devstack@keystone.service[81298]: DEBUG keystone.server.flask.request_processing.req_logging [None req-61fa9c27-e76a-4058-b04c-35e187fcd1aa None admin] PATH_INFO: `/v3/roles/admin` {{(pid=81298) log_request_info /opt/stack/keystone/keystone/server/flask/request_processing/req_logging.py:28}}
Jan 28 19:08:10 ubuntu devstack@keystone.service[81298]: DEBUG keystone.common.rbac_enforcer.enforcer [None req-61fa9c27-e76a-4058-b04c-35e187fcd1aa None admin] Extracting inferred target data resulted in "NOT FOUND (404)". {{(pid=81298) enforce_call /opt/stack/keystone/keystone/common/rbac_enforcer/enforcer.py:445}}
Jan 28 19:08:10 ubuntu devstack@keystone.service[81298]: DEBUG keystone.server.flask.application [None req-61fa9c27-e76a-4058-b04c-35e187fcd1aa None admin] Could not find role: admin. {{(pid=81298) _handle_keystone_exception /opt/stack/keystone/keystone/server/flask/application.py:146}}
Jan 28 19:08:10 ubuntu devstack@keystone.service[81298]: [pid: 81298|app: 0|req: 13/26] 10.201.5.82 () {56 vars in 1132 bytes} [Wed Jan 28 19:08:10 2026] GET /identity/v3/roles/admin => generated 83 bytes in 71 msecs (HTTP/1.1 404) 5 headers in 183 bytes (1 switches on core 0)
Jan 28 19:08:10 ubuntu devstack@keystone.service[81298]: DEBUG keystone.server.flask.request_processing.middleware.auth_context [None req-61fa9c27-e76a-4058-b04c-35e187fcd1aa None admin] Authenticating user token {{(pid=81298) process_request /opt/stack/data/venv/lib/python3.10/site-packages/keystonemiddleware/auth_token/__init__.py:407}}
Jan 28 19:08:10 ubuntu devstack@keystone.service[81298]: DEBUG keystone.server.flask.request_processing.middleware.auth_context [None req-61fa9c27-e76a-4058-b04c-35e187fcd1aa None admin] Validating token access rules against request {{(pid=81298) validate_allowed_request /opt/stack/data/venv/lib/python3.10/site-packages/keystonemiddleware/auth_token/__init__.py:545}}
Jan 28 19:08:10 ubuntu devstack@keystone.service[81299]: DEBUG keystone.server.flask.request_processing.middleware.auth_context [None req-96e0775f-57f2-4392-bfd6-d37b124eb727 None None] Validating token access rules against request {{(pid=81299) validate_allowed_request /opt/stack/data/venv/lib/python3.10/site-packages/keystonemiddleware/auth_token/__init__.py:545}}
Jan 28 19:08:10 ubuntu devstack@keystone.service[81298]: DEBUG keystone.server.flask.request_processing.middleware.auth_context [None req-a11f8424-753b-410e-8fe3-ffca190c921f None admin] RBAC: auth_context: {'token': <TokenModel (audit_id=VfihmYlTRBur8416JWR7Uw, audit_chain_id=['VfihmYlTRBur8416JWR7Uw']) at 0x7f1d897959f0>, 'domain_id': None, 'trust_id': None, 'trustor_id': None, 'trustee_id': None, 'domain_name': None, 'group_ids': [], 'user_id': 'c7a9308847894c8e906b99a588081704', 'user_domain_id': 'default', 'system_scope': 'all', 'project_id': None, 'project_domain_id': None, 'roles': ['admin', 'manager', 'member', 'reader'], 'is_admin_project': True, 'service_user_id': None, 'service_user_domain_id': None, 'service_project_id': None, 'service_project_domain_id': None, 'service_roles': []} {{(pid=81298) fill_context /opt/stack/keystone/keystone/server/flask/request_processing/middleware/auth_context.py:509}}
Jan 28 19:08:10 ubuntu devstack@keystone.service[81298]: DEBUG keystone.server.flask.request_processing.req_logging [None req-a11f8424-753b-410e-8fe3-ffca190c921f None admin] REQUEST_METHOD: `GET` {{(pid=81298) log_request_info /opt/stack/keystone/keystone/server/flask/request_processing/req_logging.py:26}}
Jan 28 19:08:10 ubuntu devstack@keystone.service[81298]: DEBUG keystone.server.flask.request_processing.req_logging [None req-a11f8424-753b-410e-8fe3-ffca190c921f None admin] SCRIPT_NAME: `/identity` {{(pid=81298) log_request_info /opt/stack/keystone/keystone/server/flask/request_processing/req_logging.py:27}}
Jan 28 19:08:10 ubuntu devstack@keystone.service[81298]: DEBUG keystone.server.flask.request_processing.req_logging [None req-a11f8424-753b-410e-8fe3-ffca190c921f None admin] PATH_INFO: `/v3/roles` {{(pid=81298) log_request_info /opt/stack/keystone/keystone/server/flask/request_processing/req_logging.py:28}}
Jan 28 19:08:10 ubuntu devstack@keystone.service[81298]: DEBUG keystone.common.rbac_enforcer.enforcer [None req-a11f8424-753b-410e-8fe3-ffca190c921f None admin] RBAC: Adding query filter params (name=admin) {{(pid=81298) _extract_filter_values /opt/stack/keystone/keystone/common/rbac_enforcer/enforcer.py:176}}
Jan 28 19:08:10 ubuntu devstack@keystone.service[81298]: DEBUG keystone.common.rbac_enforcer.enforcer [None req-a11f8424-753b-410e-8fe3-ffca190c921f None admin] RBAC: Authorizing `identity:list_roles()` {{(pid=81298) enforce_call /opt/stack/keystone/keystone/common/rbac_enforcer/enforcer.py:494}}
Jan 28 19:08:10 ubuntu devstack@keystone.service[81298]: DEBUG keystone.common.rbac_enforcer.enforcer [None req-a11f8424-753b-410e-8fe3-ffca190c921f None admin] RBAC: Authorization granted {{(pid=81298) enforce_call /opt/stack/keystone/keystone/common/rbac_enforcer/enforcer.py:505}}
Jan 28 19:08:10 ubuntu devstack@keystone.service[81299]: DEBUG keystone.server.flask.request_processing.middleware.auth_context [None req-2b451e65-b5ce-451e-bd9e-8fdd241f8703 None admin] RBAC: auth_context: {'token': <TokenModel (audit_id=s5AVtWL7S4SNmStixeTU2w, audit_chain_id=['s5AVtWL7S4SNmStixeTU2w']) at 0x7f1d89b8ab60>, 'domain_id': None, 'trust_id': None, 'trustor_id': None, 'trustee_id': None, 'domain_name': None, 'group_ids': [], 'user_id': 'c7a9308847894c8e906b99a588081704', 'user_domain_id': 'default', 'system_scope': 'all', 'project_id': None, 'project_domain_id': None, 'roles': ['admin', 'manager', 'member', 'reader'], 'is_admin_project': True, 'service_user_id': None, 'service_user_domain_id': None, 'service_project_id': None, 'service_project_domain_id': None, 'service_roles': []} {{(pid=81299) fill_context /opt/stack/keystone/keystone/server/flask/request_processing/middleware/auth_context.py:509}}
Jan 28 19:08:10 ubuntu devstack@keystone.service[81299]: DEBUG keystone.server.flask.request_processing.req_logging [None req-2b451e65-b5ce-451e-bd9e-8fdd241f8703 None admin] REQUEST_METHOD: `GET` {{(pid=81299) log_request_info /opt/stack/keystone/keystone/server/flask/request_processing/req_logging.py:26}}
Jan 28 19:08:10 ubuntu devstack@keystone.service[81299]: DEBUG keystone.server.flask.request_processing.req_logging [None req-2b451e65-b5ce-451e-bd9e-8fdd241f8703 None admin] SCRIPT_NAME: `/identity` {{(pid=81299) log_request_info /opt/stack/keystone/keystone/server/flask/request_processing/req_logging.py:27}}
Jan 28 19:08:10 ubuntu devstack@keystone.service[81299]: DEBUG keystone.server.flask.request_processing.req_logging [None req-2b451e65-b5ce-451e-bd9e-8fdd241f8703 None admin] PATH_INFO: `/v3/domains/Default` {{(pid=81299) log_request_info /opt/stack/keystone/keystone/server/flask/request_processing/req_logging.py:28}}
Jan 28 19:08:10 ubuntu devstack@keystone.service[81298]: [pid: 81298|app: 0|req: 14/27] 10.201.5.82 () {56 vars in 1148 bytes} [Wed Jan 28 19:08:10 2026] GET /identity/v3/roles?name=admin => generated 339 bytes in 69 msecs (HTTP/1.1 200) 5 headers in 177 bytes (2 switches on core 0)
Jan 28 19:08:10 ubuntu devstack@keystone.service[81298]: DEBUG keystone.server.flask.request_processing.req_logging [None req-ceed3994-3d77-4a90-9495-e073bb53a1a5 None None] REQUEST_METHOD: `GET` {{(pid=81298) log_request_info /opt/stack/keystone/keystone/server/flask/request_processing/req_logging.py:26}}
Jan 28 19:08:10 ubuntu devstack@keystone.service[81298]: DEBUG keystone.server.flask.request_processing.req_logging [None req-ceed3994-3d77-4a90-9495-e073bb53a1a5 None None] SCRIPT_NAME: `/identity` {{(pid=81298) log_request_info /opt/stack/keystone/keystone/server/flask/request_processing/req_logging.py:27}}
Jan 28 19:08:10 ubuntu devstack@keystone.service[81298]: DEBUG keystone.server.flask.request_processing.req_logging [None req-ceed3994-3d77-4a90-9495-e073bb53a1a5 None None] PATH_INFO: `/` {{(pid=81298) log_request_info /opt/stack/keystone/keystone/server/flask/request_processing/req_logging.py:28}}
Jan 28 19:08:10 ubuntu devstack@keystone.service[81299]: DEBUG keystone.common.rbac_enforcer.enforcer [None req-2b451e65-b5ce-451e-bd9e-8fdd241f8703 None admin] RBAC: Authorizing `identity:get_domain(domain_id=Default)` {{(pid=81299) enforce_call /opt/stack/keystone/keystone/common/rbac_enforcer/enforcer.py:494}}
Jan 28 19:08:10 ubuntu devstack@keystone.service[81298]: [pid: 81298|app: 0|req: 15/28] 10.201.5.82 () {54 vars in 919 bytes} [Wed Jan 28 19:08:10 2026] GET /identity => generated 270 bytes in 1 msecs (HTTP/1.1 300) 6 headers in 234 bytes (1 switches on core 0)
Jan 28 19:08:10 ubuntu devstack@keystone.service[81299]: DEBUG keystone.common.rbac_enforcer.enforcer [None req-2b451e65-b5ce-451e-bd9e-8fdd241f8703 None admin] RBAC: Authorization granted {{(pid=81299) enforce_call /opt/stack/keystone/keystone/common/rbac_enforcer/enforcer.py:505}}
Jan 28 19:08:10 ubuntu devstack@keystone.service[81298]: DEBUG keystone.server.flask.request_processing.req_logging [None req-fed24e17-517c-4977-a2c6-bbf967feaaf7 None None] REQUEST_METHOD: `POST` {{(pid=81298) log_request_info /opt/stack/keystone/keystone/server/flask/request_processing/req_logging.py:26}}
Jan 28 19:08:10 ubuntu devstack@keystone.service[81298]: DEBUG keystone.server.flask.request_processing.req_logging [None req-fed24e17-517c-4977-a2c6-bbf967feaaf7 None None] SCRIPT_NAME: `/identity` {{(pid=81298) log_request_info /opt/stack/keystone/keystone/server/flask/request_processing/req_logging.py:27}}
Jan 28 19:08:10 ubuntu devstack@keystone.service[81298]: DEBUG keystone.server.flask.request_processing.req_logging [None req-fed24e17-517c-4977-a2c6-bbf967feaaf7 None None] PATH_INFO: `/v3/auth/tokens` {{(pid=81298) log_request_info /opt/stack/keystone/keystone/server/flask/request_processing/req_logging.py:28}}
Jan 28 19:08:10 ubuntu devstack@keystone.service[81299]: DEBUG keystone.server.flask.application [None req-2b451e65-b5ce-451e-bd9e-8fdd241f8703 None admin] Could not find domain: Default. {{(pid=81299) _handle_keystone_exception /opt/stack/keystone/keystone/server/flask/application.py:146}}
Jan 28 19:08:10 ubuntu devstack@keystone.service[81299]: [pid: 81299|app: 0|req: 14/29] 10.201.5.82 () {56 vars in 1100 bytes} [Wed Jan 28 19:08:10 2026] GET /identity/v3/domains/Default => generated 87 bytes in 101 msecs (HTTP/1.1 404) 5 headers in 183 bytes (1 switches on core 0)
Jan 28 19:08:10 ubuntu devstack@keystone.service[81299]: DEBUG keystone.server.flask.request_processing.middleware.auth_context [None req-2b451e65-b5ce-451e-bd9e-8fdd241f8703 None admin] Authenticating user token {{(pid=81299) process_request /opt/stack/data/venv/lib/python3.10/site-packages/keystonemiddleware/auth_token/__init__.py:407}}
Jan 28 19:08:10 ubuntu devstack@keystone.service[81298]: WARNING keystone.common.password_hashing [None req-fed24e17-517c-4977-a2c6-bbf967feaaf7 None None] Truncating password to algorithm specific maximum length 72 characters.
Jan 28 19:08:10 ubuntu devstack@keystone.service[81298]: DEBUG keystone.auth.core [None req-fed24e17-517c-4977-a2c6-bbf967feaaf7 None None] MFA Rules not processed for user `c7a9308847894c8e906b99a588081704`. Rule list: `[]` (Enabled: `True`). {{(pid=81298) check_auth_methods_against_rules /opt/stack/keystone/keystone/auth/core.py:476}}
Jan 28 19:08:10 ubuntu devstack@keystone.service[81298]: DEBUG keystone.common.fernet_utils [None req-fed24e17-517c-4977-a2c6-bbf967feaaf7 None None] Loaded 2 Fernet keys from /etc/keystone/fernet-keys/, but `[fernet_tokens] max_active_keys = 3`; perhaps there have not been enough key rotations to reach `max_active_keys` yet? {{(pid=81298) load_keys /opt/stack/keystone/keystone/common/fernet_utils.py:297}}
Jan 28 19:08:10 ubuntu devstack@keystone.service[81299]: DEBUG keystone.server.flask.request_processing.middleware.auth_context [None req-2b451e65-b5ce-451e-bd9e-8fdd241f8703 None admin] Validating token access rules against request {{(pid=81299) validate_allowed_request /opt/stack/data/venv/lib/python3.10/site-packages/keystonemiddleware/auth_token/__init__.py:545}}
Jan 28 19:08:10 ubuntu devstack@keystone.service[81298]: [pid: 81298|app: 0|req: 16/30] 10.201.5.82 () {58 vars in 1016 bytes} [Wed Jan 28 19:08:10 2026] POST /identity/v3/auth/tokens => generated 862 bytes in 60 msecs (HTTP/1.1 201) 6 headers in 363 bytes (1 switches on core 0)
Jan 28 19:08:10 ubuntu devstack@keystone.service[81298]: DEBUG keystone.server.flask.request_processing.middleware.auth_context [None req-fed24e17-517c-4977-a2c6-bbf967feaaf7 None None] Authenticating user token {{(pid=81298) process_request /opt/stack/data/venv/lib/python3.10/site-packages/keystonemiddleware/auth_token/__init__.py:407}}
Jan 28 19:08:10 ubuntu devstack@keystone.service[81299]: DEBUG keystone.server.flask.request_processing.middleware.auth_context [None req-58307315-e45b-460f-973d-2fe92069f7b5 None admin] RBAC: auth_context: {'token': <TokenModel (audit_id=VfihmYlTRBur8416JWR7Uw, audit_chain_id=['VfihmYlTRBur8416JWR7Uw']) at 0x7f1d8972ff40>, 'domain_id': None, 'trust_id': None, 'trustor_id': None, 'trustee_id': None, 'domain_name': None, 'group_ids': [], 'user_id': 'c7a9308847894c8e906b99a588081704', 'user_domain_id': 'default', 'system_scope': 'all', 'project_id': None, 'project_domain_id': None, 'roles': ['admin', 'manager', 'member', 'reader'], 'is_admin_project': True, 'service_user_id': None, 'service_user_domain_id': None, 'service_project_id': None, 'service_project_domain_id': None, 'service_roles': []} {{(pid=81299) fill_context /opt/stack/keystone/keystone/server/flask/request_processing/middleware/auth_context.py:509}}
Jan 28 19:08:10 ubuntu devstack@keystone.service[81299]: DEBUG keystone.server.flask.request_processing.req_logging [None req-58307315-e45b-460f-973d-2fe92069f7b5 None admin] REQUEST_METHOD: `GET` {{(pid=81299) log_request_info /opt/stack/keystone/keystone/server/flask/request_processing/req_logging.py:26}}
Jan 28 19:08:10 ubuntu devstack@keystone.service[81299]: DEBUG keystone.server.flask.request_processing.req_logging [None req-58307315-e45b-460f-973d-2fe92069f7b5 None admin] SCRIPT_NAME: `/identity` {{(pid=81299) log_request_info /opt/stack/keystone/keystone/server/flask/request_processing/req_logging.py:27}}
Jan 28 19:08:10 ubuntu devstack@keystone.service[81299]: DEBUG keystone.server.flask.request_processing.req_logging [None req-58307315-e45b-460f-973d-2fe92069f7b5 None admin] PATH_INFO: `/v3/users/c7a9308847894c8e906b99a588081704` {{(pid=81299) log_request_info /opt/stack/keystone/keystone/server/flask/request_processing/req_logging.py:28}}
Jan 28 19:08:10 ubuntu devstack@keystone.service[81299]: DEBUG keystone.common.rbac_enforcer.enforcer [None req-58307315-e45b-460f-973d-2fe92069f7b5 None admin] RBAC: Authorizing `identity:get_user(user_id=c7a9308847894c8e906b99a588081704)` {{(pid=81299) enforce_call /opt/stack/keystone/keystone/common/rbac_enforcer/enforcer.py:494}}
Jan 28 19:08:10 ubuntu devstack@keystone.service[81299]: DEBUG keystone.common.rbac_enforcer.enforcer [None req-58307315-e45b-460f-973d-2fe92069f7b5 None admin] RBAC: Authorization granted {{(pid=81299) enforce_call /opt/stack/keystone/keystone/common/rbac_enforcer/enforcer.py:505}}
Jan 28 19:08:10 ubuntu devstack@keystone.service[81299]: [pid: 81299|app: 0|req: 15/31] 10.201.5.82 () {56 vars in 1213 bytes} [Wed Jan 28 19:08:10 2026] GET /identity/v3/users/c7a9308847894c8e906b99a588081704 => generated 247 bytes in 86 msecs (HTTP/1.1 200) 5 headers in 177 bytes (1 switches on core 0)
Jan 28 19:08:10 ubuntu devstack@keystone.service[81298]: DEBUG keystone.server.flask.request_processing.middleware.auth_context [None req-fed24e17-517c-4977-a2c6-bbf967feaaf7 None None] Validating token access rules against request {{(pid=81298) validate_allowed_request /opt/stack/data/venv/lib/python3.10/site-packages/keystonemiddleware/auth_token/__init__.py:545}}
Jan 28 19:08:10 ubuntu devstack@keystone.service[81299]: DEBUG keystone.server.flask.request_processing.middleware.auth_context [None req-58307315-e45b-460f-973d-2fe92069f7b5 None admin] Authenticating user token {{(pid=81299) process_request /opt/stack/data/venv/lib/python3.10/site-packages/keystonemiddleware/auth_token/__init__.py:407}}
Jan 28 19:08:10 ubuntu devstack@keystone.service[81298]: DEBUG keystone.server.flask.request_processing.middleware.auth_context [None req-6337b699-559d-43c2-b698-fdef3a6e3a7f None admin] RBAC: auth_context: {'token': <TokenModel (audit_id=s5AVtWL7S4SNmStixeTU2w, audit_chain_id=['s5AVtWL7S4SNmStixeTU2w']) at 0x7f1d8995e0e0>, 'domain_id': None, 'trust_id': None, 'trustor_id': None, 'trustee_id': None, 'domain_name': None, 'group_ids': [], 'user_id': 'c7a9308847894c8e906b99a588081704', 'user_domain_id': 'default', 'system_scope': 'all', 'project_id': None, 'project_domain_id': None, 'roles': ['admin', 'manager', 'member', 'reader'], 'is_admin_project': True, 'service_user_id': None, 'service_user_domain_id': None, 'service_project_id': None, 'service_project_domain_id': None, 'service_roles': []} {{(pid=81298) fill_context /opt/stack/keystone/keystone/server/flask/request_processing/middleware/auth_context.py:509}}
Jan 28 19:08:10 ubuntu devstack@keystone.service[81298]: DEBUG keystone.server.flask.request_processing.req_logging [None req-6337b699-559d-43c2-b698-fdef3a6e3a7f None admin] REQUEST_METHOD: `GET` {{(pid=81298) log_request_info /opt/stack/keystone/keystone/server/flask/request_processing/req_logging.py:26}}
Jan 28 19:08:10 ubuntu devstack@keystone.service[81298]: DEBUG keystone.server.flask.request_processing.req_logging [None req-6337b699-559d-43c2-b698-fdef3a6e3a7f None admin] SCRIPT_NAME: `/identity` {{(pid=81298) log_request_info /opt/stack/keystone/keystone/server/flask/request_processing/req_logging.py:27}}
Jan 28 19:08:10 ubuntu devstack@keystone.service[81298]: DEBUG keystone.server.flask.request_processing.req_logging [None req-6337b699-559d-43c2-b698-fdef3a6e3a7f None admin] PATH_INFO: `/v3/domains` {{(pid=81298) log_request_info /opt/stack/keystone/keystone/server/flask/request_processing/req_logging.py:28}}
Jan 28 19:08:10 ubuntu devstack@keystone.service[81298]: DEBUG keystone.common.rbac_enforcer.enforcer [None req-6337b699-559d-43c2-b698-fdef3a6e3a7f None admin] RBAC: Adding query filter params (name=Default) {{(pid=81298) _extract_filter_values /opt/stack/keystone/keystone/common/rbac_enforcer/enforcer.py:176}}
Jan 28 19:08:10 ubuntu devstack@keystone.service[81298]: DEBUG keystone.common.rbac_enforcer.enforcer [None req-6337b699-559d-43c2-b698-fdef3a6e3a7f None admin] RBAC: Authorizing `identity:list_domains()` {{(pid=81298) enforce_call /opt/stack/keystone/keystone/common/rbac_enforcer/enforcer.py:494}}
Jan 28 19:08:10 ubuntu devstack@keystone.service[81298]: DEBUG keystone.common.rbac_enforcer.enforcer [None req-6337b699-559d-43c2-b698-fdef3a6e3a7f None admin] RBAC: Authorization granted {{(pid=81298) enforce_call /opt/stack/keystone/keystone/common/rbac_enforcer/enforcer.py:505}}
Jan 28 19:08:10 ubuntu devstack@keystone.service[81298]: [pid: 81298|app: 0|req: 17/32] 10.201.5.82 () {56 vars in 1101 bytes} [Wed Jan 28 19:08:10 2026] GET /identity/v3/domains?name=Default => generated 308 bytes in 68 msecs (HTTP/1.1 200) 5 headers in 177 bytes (1 switches on core 0)
Jan 28 19:08:10 ubuntu devstack@keystone.service[81298]: DEBUG keystone.server.flask.request_processing.middleware.auth_context [None req-6337b699-559d-43c2-b698-fdef3a6e3a7f None admin] Authenticating user token {{(pid=81298) process_request /opt/stack/data/venv/lib/python3.10/site-packages/keystonemiddleware/auth_token/__init__.py:407}}
Jan 28 19:08:10 ubuntu devstack@keystone.service[81298]: DEBUG keystone.server.flask.request_processing.middleware.auth_context [None req-6337b699-559d-43c2-b698-fdef3a6e3a7f None admin] Validating token access rules against request {{(pid=81298) validate_allowed_request /opt/stack/data/venv/lib/python3.10/site-packages/keystonemiddleware/auth_token/__init__.py:545}}
Jan 28 19:08:10 ubuntu devstack@keystone.service[81298]: DEBUG keystone.server.flask.request_processing.middleware.auth_context [None req-d79aa761-d2c3-4164-9d8e-c81a47eee176 None admin] RBAC: auth_context: {'token': <TokenModel (audit_id=s5AVtWL7S4SNmStixeTU2w, audit_chain_id=['s5AVtWL7S4SNmStixeTU2w']) at 0x7f1d89a00b20>, 'domain_id': None, 'trust_id': None, 'trustor_id': None, 'trustee_id': None, 'domain_name': None, 'group_ids': [], 'user_id': 'c7a9308847894c8e906b99a588081704', 'user_domain_id': 'default', 'system_scope': 'all', 'project_id': None, 'project_domain_id': None, 'roles': ['admin', 'manager', 'member', 'reader'], 'is_admin_project': True, 'service_user_id': None, 'service_user_domain_id': None, 'service_project_id': None, 'service_project_domain_id': None, 'service_roles': []} {{(pid=81298) fill_context /opt/stack/keystone/keystone/server/flask/request_processing/middleware/auth_context.py:509}}
Jan 28 19:08:10 ubuntu devstack@keystone.service[81298]: DEBUG keystone.server.flask.request_processing.req_logging [None req-d79aa761-d2c3-4164-9d8e-c81a47eee176 None admin] REQUEST_METHOD: `POST` {{(pid=81298) log_request_info /opt/stack/keystone/keystone/server/flask/request_processing/req_logging.py:26}}
Jan 28 19:08:10 ubuntu devstack@keystone.service[81298]: DEBUG keystone.server.flask.request_processing.req_logging [None req-d79aa761-d2c3-4164-9d8e-c81a47eee176 None admin] SCRIPT_NAME: `/identity` {{(pid=81298) log_request_info /opt/stack/keystone/keystone/server/flask/request_processing/req_logging.py:27}}
Jan 28 19:08:10 ubuntu devstack@keystone.service[81298]: DEBUG keystone.server.flask.request_processing.req_logging [None req-d79aa761-d2c3-4164-9d8e-c81a47eee176 None admin] PATH_INFO: `/v3/projects` {{(pid=81298) log_request_info /opt/stack/keystone/keystone/server/flask/request_processing/req_logging.py:28}}
Jan 28 19:08:10 ubuntu devstack@keystone.service[81298]: DEBUG keystone.common.rbac_enforcer.enforcer [None req-d79aa761-d2c3-4164-9d8e-c81a47eee176 None admin] RBAC: Authorizing `identity:create_project()` {{(pid=81298) enforce_call /opt/stack/keystone/keystone/common/rbac_enforcer/enforcer.py:494}}
Jan 28 19:08:10 ubuntu devstack@keystone.service[81298]: DEBUG keystone.common.rbac_enforcer.enforcer [None req-d79aa761-d2c3-4164-9d8e-c81a47eee176 None admin] RBAC: Authorization granted {{(pid=81298) enforce_call /opt/stack/keystone/keystone/common/rbac_enforcer/enforcer.py:505}}
Jan 28 19:08:10 ubuntu devstack@keystone.service[81299]: DEBUG keystone.server.flask.request_processing.middleware.auth_context [None req-58307315-e45b-460f-973d-2fe92069f7b5 None admin] Validating token access rules against request {{(pid=81299) validate_allowed_request /opt/stack/data/venv/lib/python3.10/site-packages/keystonemiddleware/auth_token/__init__.py:545}}
Jan 28 19:08:10 ubuntu devstack@keystone.service[81298]: [pid: 81298|app: 0|req: 18/33] 10.201.5.82 () {60 vars in 1133 bytes} [Wed Jan 28 19:08:10 2026] POST /identity/v3/projects => generated 301 bytes in 78 msecs (HTTP/1.1 201) 5 headers in 182 bytes (1 switches on core 0)
Jan 28 19:08:10 ubuntu devstack@keystone.service[81298]: DEBUG keystone.server.flask.request_processing.req_logging [None req-7a3bc55b-dff0-4c45-8a81-db4b592b2061 None None] REQUEST_METHOD: `GET` {{(pid=81298) log_request_info /opt/stack/keystone/keystone/server/flask/request_processing/req_logging.py:26}}
Jan 28 19:08:10 ubuntu devstack@keystone.service[81298]: DEBUG keystone.server.flask.request_processing.req_logging [None req-7a3bc55b-dff0-4c45-8a81-db4b592b2061 None None] SCRIPT_NAME: `/identity` {{(pid=81298) log_request_info /opt/stack/keystone/keystone/server/flask/request_processing/req_logging.py:27}}
Jan 28 19:08:10 ubuntu devstack@keystone.service[81298]: DEBUG keystone.server.flask.request_processing.req_logging [None req-7a3bc55b-dff0-4c45-8a81-db4b592b2061 None None] PATH_INFO: `/` {{(pid=81298) log_request_info /opt/stack/keystone/keystone/server/flask/request_processing/req_logging.py:28}}
Jan 28 19:08:10 ubuntu devstack@keystone.service[81298]: [pid: 81298|app: 0|req: 19/34] 10.201.5.82 () {54 vars in 919 bytes} [Wed Jan 28 19:08:10 2026] GET /identity => generated 270 bytes in 1 msecs (HTTP/1.1 300) 6 headers in 234 bytes (1 switches on core 0)
Jan 28 19:08:10 ubuntu devstack@keystone.service[81298]: DEBUG keystone.server.flask.request_processing.req_logging [None req-98694b4d-41cc-4cfa-bb9d-c9a8efcc131a None None] REQUEST_METHOD: `POST` {{(pid=81298) log_request_info /opt/stack/keystone/keystone/server/flask/request_processing/req_logging.py:26}}
Jan 28 19:08:10 ubuntu devstack@keystone.service[81298]: DEBUG keystone.server.flask.request_processing.req_logging [None req-98694b4d-41cc-4cfa-bb9d-c9a8efcc131a None None] SCRIPT_NAME: `/identity` {{(pid=81298) log_request_info /opt/stack/keystone/keystone/server/flask/request_processing/req_logging.py:27}}
Jan 28 19:08:10 ubuntu devstack@keystone.service[81298]: DEBUG keystone.server.flask.request_processing.req_logging [None req-98694b4d-41cc-4cfa-bb9d-c9a8efcc131a None None] PATH_INFO: `/v3/auth/tokens` {{(pid=81298) log_request_info /opt/stack/keystone/keystone/server/flask/request_processing/req_logging.py:28}}
Jan 28 19:08:10 ubuntu devstack@keystone.service[81299]: DEBUG keystone.server.flask.request_processing.middleware.auth_context [None req-fa1e9d7b-4a9b-4a47-becf-015e5f2933a2 None admin] RBAC: auth_context: {'token': <TokenModel (audit_id=VfihmYlTRBur8416JWR7Uw, audit_chain_id=['VfihmYlTRBur8416JWR7Uw']) at 0x7f1d89a27460>, 'domain_id': None, 'trust_id': None, 'trustor_id': None, 'trustee_id': None, 'domain_name': None, 'group_ids': [], 'user_id': 'c7a9308847894c8e906b99a588081704', 'user_domain_id': 'default', 'system_scope': 'all', 'project_id': None, 'project_domain_id': None, 'roles': ['admin', 'manager', 'member', 'reader'], 'is_admin_project': True, 'service_user_id': None, 'service_user_domain_id': None, 'service_project_id': None, 'service_project_domain_id': None, 'service_roles': []} {{(pid=81299) fill_context /opt/stack/keystone/keystone/server/flask/request_processing/middleware/auth_context.py:509}}
Jan 28 19:08:10 ubuntu devstack@keystone.service[81299]: DEBUG keystone.server.flask.request_processing.req_logging [None req-fa1e9d7b-4a9b-4a47-becf-015e5f2933a2 None admin] REQUEST_METHOD: `GET` {{(pid=81299) log_request_info /opt/stack/keystone/keystone/server/flask/request_processing/req_logging.py:26}}
Jan 28 19:08:10 ubuntu devstack@keystone.service[81299]: DEBUG keystone.server.flask.request_processing.req_logging [None req-fa1e9d7b-4a9b-4a47-becf-015e5f2933a2 None admin] SCRIPT_NAME: `/identity` {{(pid=81299) log_request_info /opt/stack/keystone/keystone/server/flask/request_processing/req_logging.py:27}}
Jan 28 19:08:10 ubuntu devstack@keystone.service[81299]: DEBUG keystone.server.flask.request_processing.req_logging [None req-fa1e9d7b-4a9b-4a47-becf-015e5f2933a2 None admin] PATH_INFO: `/v3/domains/default` {{(pid=81299) log_request_info /opt/stack/keystone/keystone/server/flask/request_processing/req_logging.py:28}}
Jan 28 19:08:10 ubuntu devstack@keystone.service[81299]: DEBUG keystone.common.rbac_enforcer.enforcer [None req-fa1e9d7b-4a9b-4a47-becf-015e5f2933a2 None admin] RBAC: Authorizing `identity:get_domain(domain_id=default)` {{(pid=81299) enforce_call /opt/stack/keystone/keystone/common/rbac_enforcer/enforcer.py:494}}
Jan 28 19:08:10 ubuntu devstack@keystone.service[81299]: DEBUG keystone.common.rbac_enforcer.enforcer [None req-fa1e9d7b-4a9b-4a47-becf-015e5f2933a2 None admin] RBAC: Authorization granted {{(pid=81299) enforce_call /opt/stack/keystone/keystone/common/rbac_enforcer/enforcer.py:505}}
Jan 28 19:08:10 ubuntu devstack@keystone.service[81299]: [pid: 81299|app: 0|req: 16/35] 10.201.5.82 () {56 vars in 1144 bytes} [Wed Jan 28 19:08:10 2026] GET /identity/v3/domains/default => generated 199 bytes in 122 msecs (HTTP/1.1 200) 5 headers in 177 bytes (1 switches on core 0)
Jan 28 19:08:10 ubuntu devstack@keystone.service[81298]: WARNING keystone.common.password_hashing [None req-98694b4d-41cc-4cfa-bb9d-c9a8efcc131a None None] Truncating password to algorithm specific maximum length 72 characters.
Jan 28 19:08:10 ubuntu devstack@keystone.service[81299]: DEBUG keystone.server.flask.request_processing.middleware.auth_context [None req-fa1e9d7b-4a9b-4a47-becf-015e5f2933a2 None admin] Authenticating user token {{(pid=81299) process_request /opt/stack/data/venv/lib/python3.10/site-packages/keystonemiddleware/auth_token/__init__.py:407}}
Jan 28 19:08:10 ubuntu devstack@keystone.service[81298]: DEBUG keystone.auth.core [None req-98694b4d-41cc-4cfa-bb9d-c9a8efcc131a None None] MFA Rules not processed for user `c7a9308847894c8e906b99a588081704`. Rule list: `[]` (Enabled: `True`). {{(pid=81298) check_auth_methods_against_rules /opt/stack/keystone/keystone/auth/core.py:476}}
Jan 28 19:08:10 ubuntu devstack@keystone.service[81298]: DEBUG keystone.common.fernet_utils [None req-98694b4d-41cc-4cfa-bb9d-c9a8efcc131a None None] Loaded 2 Fernet keys from /etc/keystone/fernet-keys/, but `[fernet_tokens] max_active_keys = 3`; perhaps there have not been enough key rotations to reach `max_active_keys` yet? {{(pid=81298) load_keys /opt/stack/keystone/keystone/common/fernet_utils.py:297}}
Jan 28 19:08:10 ubuntu devstack@keystone.service[81299]: DEBUG keystone.server.flask.request_processing.middleware.auth_context [None req-fa1e9d7b-4a9b-4a47-becf-015e5f2933a2 None admin] Validating token access rules against request {{(pid=81299) validate_allowed_request /opt/stack/data/venv/lib/python3.10/site-packages/keystonemiddleware/auth_token/__init__.py:545}}
Jan 28 19:08:10 ubuntu devstack@keystone.service[81298]: [pid: 81298|app: 0|req: 20/36] 10.201.5.82 () {58 vars in 1016 bytes} [Wed Jan 28 19:08:10 2026] POST /identity/v3/auth/tokens => generated 862 bytes in 55 msecs (HTTP/1.1 201) 6 headers in 363 bytes (1 switches on core 0)
Jan 28 19:08:10 ubuntu devstack@keystone.service[81299]: DEBUG keystone.server.flask.request_processing.middleware.auth_context [None req-2de4d597-aedb-498b-b76e-6ba721045b29 None admin] RBAC: auth_context: {'token': <TokenModel (audit_id=VfihmYlTRBur8416JWR7Uw, audit_chain_id=['VfihmYlTRBur8416JWR7Uw']) at 0x7f1d89a24e50>, 'domain_id': None, 'trust_id': None, 'trustor_id': None, 'trustee_id': None, 'domain_name': None, 'group_ids': [], 'user_id': 'c7a9308847894c8e906b99a588081704', 'user_domain_id': 'default', 'system_scope': 'all', 'project_id': None, 'project_domain_id': None, 'roles': ['admin', 'manager', 'member', 'reader'], 'is_admin_project': True, 'service_user_id': None, 'service_user_domain_id': None, 'service_project_id': None, 'service_project_domain_id': None, 'service_roles': []} {{(pid=81299) fill_context /opt/stack/keystone/keystone/server/flask/request_processing/middleware/auth_context.py:509}}
Jan 28 19:08:10 ubuntu devstack@keystone.service[81299]: DEBUG keystone.server.flask.request_processing.req_logging [None req-2de4d597-aedb-498b-b76e-6ba721045b29 None admin] REQUEST_METHOD: `GET` {{(pid=81299) log_request_info /opt/stack/keystone/keystone/server/flask/request_processing/req_logging.py:26}}
Jan 28 19:08:10 ubuntu devstack@keystone.service[81299]: DEBUG keystone.server.flask.request_processing.req_logging [None req-2de4d597-aedb-498b-b76e-6ba721045b29 None admin] SCRIPT_NAME: `/identity` {{(pid=81299) log_request_info /opt/stack/keystone/keystone/server/flask/request_processing/req_logging.py:27}}
Jan 28 19:08:10 ubuntu devstack@keystone.service[81299]: DEBUG keystone.server.flask.request_processing.req_logging [None req-2de4d597-aedb-498b-b76e-6ba721045b29 None admin] PATH_INFO: `/v3/role_assignments` {{(pid=81299) log_request_info /opt/stack/keystone/keystone/server/flask/request_processing/req_logging.py:28}}
Jan 28 19:08:10 ubuntu devstack@keystone.service[81299]: DEBUG keystone.common.rbac_enforcer.enforcer [None req-2de4d597-aedb-498b-b76e-6ba721045b29 None admin] RBAC: Adding query filter params (role.id=17a3452de3894f078c8e9ceb1e9f68a5, scope.domain.id=default, user.id=c7a9308847894c8e906b99a588081704) {{(pid=81299) _extract_filter_values /opt/stack/keystone/keystone/common/rbac_enforcer/enforcer.py:176}}
Jan 28 19:08:10 ubuntu devstack@keystone.service[81299]: DEBUG keystone.common.rbac_enforcer.enforcer [None req-2de4d597-aedb-498b-b76e-6ba721045b29 None admin] RBAC: Authorizing `identity:list_role_assignments()` {{(pid=81299) enforce_call /opt/stack/keystone/keystone/common/rbac_enforcer/enforcer.py:494}}
Jan 28 19:08:10 ubuntu devstack@keystone.service[81299]: DEBUG keystone.common.rbac_enforcer.enforcer [None req-2de4d597-aedb-498b-b76e-6ba721045b29 None admin] RBAC: Authorization granted {{(pid=81299) enforce_call /opt/stack/keystone/keystone/common/rbac_enforcer/enforcer.py:505}}
Jan 28 19:08:10 ubuntu devstack@keystone.service[81298]: DEBUG keystone.server.flask.request_processing.middleware.auth_context [None req-98694b4d-41cc-4cfa-bb9d-c9a8efcc131a None None] Authenticating user token {{(pid=81298) process_request /opt/stack/data/venv/lib/python3.10/site-packages/keystonemiddleware/auth_token/__init__.py:407}}
Jan 28 19:08:10 ubuntu devstack@keystone.service[81299]: [pid: 81299|app: 0|req: 17/37] 10.201.5.82 () {56 vars in 1371 bytes} [Wed Jan 28 19:08:10 2026] GET /identity/v3/role_assignments?role.id=17a3452de3894f078c8e9ceb1e9f68a5&scope.domain.id=default&user.id=c7a9308847894c8e906b99a588081704 => generated 530 bytes in 82 msecs (HTTP/1.1 200) 5 headers in 177 bytes (2 switches on core 0)
Jan 28 19:08:10 ubuntu devstack@keystone.service[81298]: DEBUG keystone.server.flask.request_processing.middleware.auth_context [None req-98694b4d-41cc-4cfa-bb9d-c9a8efcc131a None None] Validating token access rules against request {{(pid=81298) validate_allowed_request /opt/stack/data/venv/lib/python3.10/site-packages/keystonemiddleware/auth_token/__init__.py:545}}
Jan 28 19:08:10 ubuntu devstack@keystone.service[81298]: DEBUG keystone.server.flask.request_processing.middleware.auth_context [None req-da3c7199-016e-4805-87fa-27554ee24c37 None admin] RBAC: auth_context: {'token': <TokenModel (audit_id=r4GCE8eUQQqNOqyhA8FamA, audit_chain_id=['r4GCE8eUQQqNOqyhA8FamA']) at 0x7f1d89a3d480>, 'domain_id': None, 'trust_id': None, 'trustor_id': None, 'trustee_id': None, 'domain_name': None, 'group_ids': [], 'user_id': 'c7a9308847894c8e906b99a588081704', 'user_domain_id': 'default', 'system_scope': 'all', 'project_id': None, 'project_domain_id': None, 'roles': ['admin', 'manager', 'member', 'reader'], 'is_admin_project': True, 'service_user_id': None, 'service_user_domain_id': None, 'service_project_id': None, 'service_project_domain_id': None, 'service_roles': []} {{(pid=81298) fill_context /opt/stack/keystone/keystone/server/flask/request_processing/middleware/auth_context.py:509}}
Jan 28 19:08:10 ubuntu devstack@keystone.service[81298]: DEBUG keystone.server.flask.request_processing.req_logging [None req-da3c7199-016e-4805-87fa-27554ee24c37 None admin] REQUEST_METHOD: `POST` {{(pid=81298) log_request_info /opt/stack/keystone/keystone/server/flask/request_processing/req_logging.py:26}}
Jan 28 19:08:10 ubuntu devstack@keystone.service[81298]: DEBUG keystone.server.flask.request_processing.req_logging [None req-da3c7199-016e-4805-87fa-27554ee24c37 None admin] SCRIPT_NAME: `/identity` {{(pid=81298) log_request_info /opt/stack/keystone/keystone/server/flask/request_processing/req_logging.py:27}}
Jan 28 19:08:10 ubuntu devstack@keystone.service[81298]: DEBUG keystone.server.flask.request_processing.req_logging [None req-da3c7199-016e-4805-87fa-27554ee24c37 None admin] PATH_INFO: `/v3/roles` {{(pid=81298) log_request_info /opt/stack/keystone/keystone/server/flask/request_processing/req_logging.py:28}}
Jan 28 19:08:10 ubuntu devstack@keystone.service[81298]: DEBUG keystone.common.rbac_enforcer.enforcer [None req-da3c7199-016e-4805-87fa-27554ee24c37 None admin] RBAC: Authorizing `identity:create_role()` {{(pid=81298) enforce_call /opt/stack/keystone/keystone/common/rbac_enforcer/enforcer.py:494}}
Jan 28 19:08:10 ubuntu devstack@keystone.service[81298]: DEBUG keystone.common.rbac_enforcer.enforcer [None req-da3c7199-016e-4805-87fa-27554ee24c37 None admin] RBAC: Authorization granted {{(pid=81298) enforce_call /opt/stack/keystone/keystone/common/rbac_enforcer/enforcer.py:505}}
Jan 28 19:08:10 ubuntu devstack@keystone.service[81298]: DEBUG keystone.common.sql.core [None req-da3c7199-016e-4805-87fa-27554ee24c37 None admin] Conflict role: (pymysql.err.IntegrityError) (1062, "Duplicate entry 'service-<<null>>' for key 'role.ixu_role_name_domain_id'")
Jan 28 19:08:10 ubuntu devstack@keystone.service[81298]: [SQL: INSERT INTO `role` (id, name, description, extra) VALUES (%(id)s, %(name)s, %(description)s, %(extra)s)]
Jan 28 19:08:10 ubuntu devstack@keystone.service[81298]: [parameters: {'id': 'd2bd6fea8f454cc8ae300a18106065ea', 'name': 'service', 'description': None, 'extra': '{}'}]
Jan 28 19:08:10 ubuntu devstack@keystone.service[81298]: (Background on this error at: https://sqlalche.me/e/20/gkpj) {{(pid=81298) wrapper /opt/stack/keystone/keystone/common/sql/core.py:580}}
Jan 28 19:08:10 ubuntu devstack@keystone.service[81299]: DEBUG keystone.server.flask.request_processing.middleware.auth_context [None req-2de4d597-aedb-498b-b76e-6ba721045b29 None admin] Authenticating user token {{(pid=81299) process_request /opt/stack/data/venv/lib/python3.10/site-packages/keystonemiddleware/auth_token/__init__.py:407}}
Jan 28 19:08:10 ubuntu devstack@keystone.service[81298]: ERROR keystone.server.flask.application [None req-da3c7199-016e-4805-87fa-27554ee24c37 None admin] Conflict occurred attempting to store role - Duplicate entry found with name service.: keystone.exception.Conflict: Conflict occurred attempting to store role - Duplicate entry found with name service.
Jan 28 19:08:10 ubuntu devstack@keystone.service[81298]: ERROR keystone.server.flask.application Traceback (most recent call last):
Jan 28 19:08:10 ubuntu devstack@keystone.service[81298]: ERROR keystone.server.flask.application   File "/opt/stack/data/venv/lib/python3.10/site-packages/sqlalchemy/engine/base.py", line 1967, in _exec_single_context
Jan 28 19:08:10 ubuntu devstack@keystone.service[81298]: ERROR keystone.server.flask.application     self.dialect.do_execute(
Jan 28 19:08:10 ubuntu devstack@keystone.service[81298]: ERROR keystone.server.flask.application   File "/opt/stack/data/venv/lib/python3.10/site-packages/sqlalchemy/engine/default.py", line 951, in do_execute
Jan 28 19:08:10 ubuntu devstack@keystone.service[81298]: ERROR keystone.server.flask.application     cursor.execute(statement, parameters)
Jan 28 19:08:10 ubuntu devstack@keystone.service[81298]: ERROR keystone.server.flask.application   File "/opt/stack/data/venv/lib/python3.10/site-packages/pymysql/cursors.py", line 153, in execute
Jan 28 19:08:10 ubuntu devstack@keystone.service[81298]: ERROR keystone.server.flask.application     result = self._query(query)
Jan 28 19:08:10 ubuntu devstack@keystone.service[81298]: ERROR keystone.server.flask.application   File "/opt/stack/data/venv/lib/python3.10/site-packages/pymysql/cursors.py", line 322, in _query
Jan 28 19:08:10 ubuntu devstack@keystone.service[81298]: ERROR keystone.server.flask.application     conn.query(q)
Jan 28 19:08:10 ubuntu devstack@keystone.service[81298]: ERROR keystone.server.flask.application   File "/opt/stack/data/venv/lib/python3.10/site-packages/pymysql/connections.py", line 575, in query
Jan 28 19:08:10 ubuntu devstack@keystone.service[81298]: ERROR keystone.server.flask.application     self._affected_rows = self._read_query_result(unbuffered=unbuffered)
Jan 28 19:08:10 ubuntu devstack@keystone.service[81298]: ERROR keystone.server.flask.application   File "/opt/stack/data/venv/lib/python3.10/site-packages/pymysql/connections.py", line 826, in _read_query_result
Jan 28 19:08:10 ubuntu devstack@keystone.service[81298]: ERROR keystone.server.flask.application     result.read()
Jan 28 19:08:10 ubuntu devstack@keystone.service[81298]: ERROR keystone.server.flask.application   File "/opt/stack/data/venv/lib/python3.10/site-packages/pymysql/connections.py", line 1203, in read
Jan 28 19:08:10 ubuntu devstack@keystone.service[81298]: ERROR keystone.server.flask.application     first_packet = self.connection._read_packet()
Jan 28 19:08:10 ubuntu devstack@keystone.service[81298]: ERROR keystone.server.flask.application   File "/opt/stack/data/venv/lib/python3.10/site-packages/pymysql/connections.py", line 782, in _read_packet
Jan 28 19:08:10 ubuntu devstack@keystone.service[81298]: ERROR keystone.server.flask.application     packet.raise_for_error()
Jan 28 19:08:10 ubuntu devstack@keystone.service[81298]: ERROR keystone.server.flask.application   File "/opt/stack/data/venv/lib/python3.10/site-packages/pymysql/protocol.py", line 219, in raise_for_error
Jan 28 19:08:10 ubuntu devstack@keystone.service[81298]: ERROR keystone.server.flask.application     err.raise_mysql_exception(self._data)
Jan 28 19:08:10 ubuntu devstack@keystone.service[81298]: ERROR keystone.server.flask.application   File "/opt/stack/data/venv/lib/python3.10/site-packages/pymysql/err.py", line 150, in raise_mysql_exception
Jan 28 19:08:10 ubuntu devstack@keystone.service[81298]: ERROR keystone.server.flask.application     raise errorclass(errno, errval)
Jan 28 19:08:10 ubuntu devstack@keystone.service[81298]: ERROR keystone.server.flask.application pymysql.err.IntegrityError: (1062, "Duplicate entry 'service-<<null>>' for key 'role.ixu_role_name_domain_id'")
Jan 28 19:08:10 ubuntu devstack@keystone.service[81298]: ERROR keystone.server.flask.application 
Jan 28 19:08:10 ubuntu devstack@keystone.service[81298]: ERROR keystone.server.flask.application The above exception was the direct cause of the following exception:
Jan 28 19:08:10 ubuntu devstack@keystone.service[81298]: ERROR keystone.server.flask.application 
Jan 28 19:08:10 ubuntu devstack@keystone.service[81298]: ERROR keystone.server.flask.application Traceback (most recent call last):
Jan 28 19:08:10 ubuntu devstack@keystone.service[81298]: ERROR keystone.server.flask.application   File "/opt/stack/keystone/keystone/common/sql/core.py", line 575, in wrapper
Jan 28 19:08:10 ubuntu devstack@keystone.service[81298]: ERROR keystone.server.flask.application     return method(*args, **kwargs)
Jan 28 19:08:10 ubuntu devstack@keystone.service[81298]: ERROR keystone.server.flask.application   File "/opt/stack/keystone/keystone/assignment/role_backends/sql.py", line 25, in create_role
Jan 28 19:08:10 ubuntu devstack@keystone.service[81298]: ERROR keystone.server.flask.application     with sql.session_for_write() as session:
Jan 28 19:08:10 ubuntu devstack@keystone.service[81298]: ERROR keystone.server.flask.application   File "/usr/lib/python3.10/contextlib.py", line 142, in __exit__
Jan 28 19:08:10 ubuntu devstack@keystone.service[81298]: ERROR keystone.server.flask.application     next(self.gen)
Jan 28 19:08:10 ubuntu devstack@keystone.service[81298]: ERROR keystone.server.flask.application   File "/opt/stack/data/venv/lib/python3.10/site-packages/oslo_db/sqlalchemy/enginefacade.py", line 1175, in _transaction_scope
Jan 28 19:08:10 ubuntu devstack@keystone.service[81298]: ERROR keystone.server.flask.application     with current._produce_block(
Jan 28 19:08:10 ubuntu devstack@keystone.service[81298]: ERROR keystone.server.flask.application   File "/usr/lib/python3.10/contextlib.py", line 142, in __exit__
Jan 28 19:08:10 ubuntu devstack@keystone.service[81298]: ERROR keystone.server.flask.application     next(self.gen)
Jan 28 19:08:10 ubuntu devstack@keystone.service[81298]: ERROR keystone.server.flask.application   File "/opt/stack/data/venv/lib/python3.10/site-packages/oslo_db/sqlalchemy/enginefacade.py", line 837, in _session
Jan 28 19:08:10 ubuntu devstack@keystone.service[81298]: ERROR keystone.server.flask.application     with excutils.save_and_reraise_exception():
Jan 28 19:08:10 ubuntu devstack@keystone.service[81298]: ERROR keystone.server.flask.application   File "/opt/stack/data/venv/lib/python3.10/site-packages/oslo_utils/excutils.py", line 256, in __exit__
Jan 28 19:08:10 ubuntu devstack@keystone.service[81298]: ERROR keystone.server.flask.application     self.force_reraise()
Jan 28 19:08:10 ubuntu devstack@keystone.service[81298]: ERROR keystone.server.flask.application   File "/opt/stack/data/venv/lib/python3.10/site-packages/oslo_utils/excutils.py", line 222, in force_reraise
Jan 28 19:08:10 ubuntu devstack@keystone.service[81298]: ERROR keystone.server.flask.application     raise self.value
Jan 28 19:08:10 ubuntu devstack@keystone.service[81298]: ERROR keystone.server.flask.application   File "/opt/stack/data/venv/lib/python3.10/site-packages/oslo_db/sqlalchemy/enginefacade.py", line 835, in _session
