Nov 06 10:28:12 ubuntu devstack@keystone.service[81510]: DEBUG keystone.server.flask.common [-] Adding resource routes to API role_inferences: ['/role_inferences' {}] {{(pid=81510) _add_mapped_resources /opt/stack/keystone/keystone/server/flask/common.py:483}}
Nov 06 10:28:12 ubuntu devstack@keystone.service[81510]: DEBUG keystone.server.flask.common [-] Adding resource routes to API roles: ['/roles' {}] {{(pid=81510) _add_mapped_resources /opt/stack/keystone/keystone/server/flask/common.py:483}}
Nov 06 10:28:12 ubuntu devstack@keystone.service[81510]: DEBUG keystone.server.flask.common [-] Adding resource routes to API roles: ['/roles/<string:role_id>' {}] {{(pid=81510) _add_mapped_resources /opt/stack/keystone/keystone/server/flask/common.py:483}}
Nov 06 10:28:12 ubuntu devstack@keystone.service[81510]: DEBUG keystone.server.flask.common [-] Adding resource routes to API roles: ['/roles/<string:prior_role_id>/implies' {}] {{(pid=81510) _add_mapped_resources /opt/stack/keystone/keystone/server/flask/common.py:483}}
Nov 06 10:28:12 ubuntu devstack@keystone.service[81510]: DEBUG keystone.server.flask.common [-] Adding resource routes to API roles: ['/roles/<string:prior_role_id>/implies/<string:implied_role_id>' {}] {{(pid=81510) _add_mapped_resources /opt/stack/keystone/keystone/server/flask/common.py:483}}
Nov 06 10:28:12 ubuntu devstack@keystone.service[81510]: DEBUG keystone.server.flask.common [-] Adding resource routes to API s3tokens: ['/s3tokens' {}] {{(pid=81510) _add_mapped_resources /opt/stack/keystone/keystone/server/flask/common.py:483}}
Nov 06 10:28:12 ubuntu devstack@keystone.service[81510]: DEBUG keystone.server.flask.common [-] Adding resource routes to API services: ['/services' {}] {{(pid=81510) _add_mapped_resources /opt/stack/keystone/keystone/server/flask/common.py:483}}
Nov 06 10:28:12 ubuntu devstack@keystone.service[81510]: DEBUG keystone.server.flask.common [-] Adding resource routes to API services: ['/services/<string:service_id>' {}] {{(pid=81510) _add_mapped_resources /opt/stack/keystone/keystone/server/flask/common.py:483}}
Nov 06 10:28:12 ubuntu devstack@keystone.service[81509]: WSGI app 0 (mountpoint='') ready in 2 seconds on interpreter 0x560f12a3cd40 pid: 81509 (default app)
Nov 06 10:28:12 ubuntu devstack@keystone.service[81510]: DEBUG keystone.server.flask.common [-] Adding resource routes to API system: ['/system/users/<string:user_id>/roles' {}] {{(pid=81510) _add_mapped_resources /opt/stack/keystone/keystone/server/flask/common.py:483}}
Nov 06 10:28:12 ubuntu devstack@keystone.service[81510]: DEBUG keystone.server.flask.common [-] Adding resource routes to API system: ['/system/users/<string:user_id>/roles/<string:role_id>' {}] {{(pid=81510) _add_mapped_resources /opt/stack/keystone/keystone/server/flask/common.py:483}}
Nov 06 10:28:12 ubuntu devstack@keystone.service[81510]: DEBUG keystone.server.flask.common [-] Adding resource routes to API system: ['/system/groups/<string:group_id>/roles' {}] {{(pid=81510) _add_mapped_resources /opt/stack/keystone/keystone/server/flask/common.py:483}}
Nov 06 10:28:12 ubuntu devstack@keystone.service[81510]: DEBUG keystone.server.flask.common [-] Adding resource routes to API system: ['/system/groups/<string:group_id>/roles/<string:role_id>' {}] {{(pid=81510) _add_mapped_resources /opt/stack/keystone/keystone/server/flask/common.py:483}}
Nov 06 10:28:12 ubuntu devstack@keystone.service[81509]: DEBUG keystone.server.flask.request_processing.req_logging [None req-28b6c1da-c6e1-4665-a0f6-090a73bae948 None None] REQUEST_METHOD: `GET` {{(pid=81509) log_request_info /opt/stack/keystone/keystone/server/flask/request_processing/req_logging.py:26}}
Nov 06 10:28:12 ubuntu devstack@keystone.service[81509]: DEBUG keystone.server.flask.request_processing.req_logging [None req-28b6c1da-c6e1-4665-a0f6-090a73bae948 None None] SCRIPT_NAME: `/identity` {{(pid=81509) log_request_info /opt/stack/keystone/keystone/server/flask/request_processing/req_logging.py:27}}
Nov 06 10:28:12 ubuntu devstack@keystone.service[81509]: DEBUG keystone.server.flask.request_processing.req_logging [None req-28b6c1da-c6e1-4665-a0f6-090a73bae948 None None] PATH_INFO: `/v3` {{(pid=81509) log_request_info /opt/stack/keystone/keystone/server/flask/request_processing/req_logging.py:28}}
Nov 06 10:28:12 ubuntu devstack@keystone.service[81509]: [pid: 81509|app: 0|req: 1/1] 10.201.5.82 () {50 vars in 783 bytes} [Thu Nov  6 10:28:12 2025] GET /identity/v3/ => generated 255 bytes in 2 msecs (HTTP/1.1 200) 5 headers in 177 bytes (1 switches on core 0)
Nov 06 10:28:12 ubuntu devstack@keystone.service[81510]: DEBUG keystone.server.flask.common [-] Adding resource routes to API trusts: ['/trusts' {}] {{(pid=81510) _add_mapped_resources /opt/stack/keystone/keystone/server/flask/common.py:483}}
Nov 06 10:28:12 ubuntu devstack@keystone.service[81510]: DEBUG keystone.server.flask.common [-] Adding resource routes to API trusts: ['/trusts/<string:trust_id>' {}] {{(pid=81510) _add_mapped_resources /opt/stack/keystone/keystone/server/flask/common.py:483}}
Nov 06 10:28:12 ubuntu devstack@keystone.service[81510]: DEBUG keystone.server.flask.common [-] Adding resource routes to API trusts: ['/trusts/<string:trust_id>/roles' {}] {{(pid=81510) _add_mapped_resources /opt/stack/keystone/keystone/server/flask/common.py:483}}
Nov 06 10:28:12 ubuntu devstack@keystone.service[81510]: DEBUG keystone.server.flask.common [-] Adding resource routes to API trusts: ['/trusts/<string:trust_id>/roles/<string:role_id>' {}] {{(pid=81510) _add_mapped_resources /opt/stack/keystone/keystone/server/flask/common.py:483}}
Nov 06 10:28:12 ubuntu devstack@keystone.service[81510]: DEBUG keystone.server.flask.common [-] Adding resource routes to API users: ['/users' {}] {{(pid=81510) _add_mapped_resources /opt/stack/keystone/keystone/server/flask/common.py:483}}
Nov 06 10:28:12 ubuntu devstack@keystone.service[81510]: DEBUG keystone.server.flask.common [-] Adding resource routes to API users: ['/users/<string:user_id>' {}] {{(pid=81510) _add_mapped_resources /opt/stack/keystone/keystone/server/flask/common.py:483}}
Nov 06 10:28:12 ubuntu devstack@keystone.service[81510]: DEBUG keystone.server.flask.common [-] Adding resource routes to API users: ['/users/<string:user_id>/password' {}] {{(pid=81510) _add_mapped_resources /opt/stack/keystone/keystone/server/flask/common.py:483}}
Nov 06 10:28:12 ubuntu devstack@keystone.service[81510]: DEBUG keystone.server.flask.common [-] Adding resource routes to API users: ['/users/<string:user_id>/groups' {}] {{(pid=81510) _add_mapped_resources /opt/stack/keystone/keystone/server/flask/common.py:483}}
Nov 06 10:28:12 ubuntu devstack@keystone.service[81510]: DEBUG keystone.server.flask.common [-] Adding resource routes to API users: ['/users/<string:user_id>/projects' {}] {{(pid=81510) _add_mapped_resources /opt/stack/keystone/keystone/server/flask/common.py:483}}
Nov 06 10:28:12 ubuntu devstack@keystone.service[81510]: DEBUG keystone.server.flask.common [-] Adding resource routes to API users: ['/users/<string:user_id>/credentials/OS-EC2' {}] {{(pid=81510) _add_mapped_resources /opt/stack/keystone/keystone/server/flask/common.py:483}}
Nov 06 10:28:12 ubuntu devstack@keystone.service[81510]: DEBUG keystone.server.flask.common [-] Adding resource routes to API users: ['/users/<string:user_id>/credentials/OS-EC2/<string:credential_id>' {}] {{(pid=81510) _add_mapped_resources /opt/stack/keystone/keystone/server/flask/common.py:483}}
Nov 06 10:28:12 ubuntu devstack@keystone.service[81510]: DEBUG keystone.server.flask.common [-] Adding resource routes to API users: ['/users/<string:user_id>/OS-OAUTH1/access_tokens' {}] {{(pid=81510) _add_mapped_resources /opt/stack/keystone/keystone/server/flask/common.py:483}}
Nov 06 10:28:12 ubuntu devstack@keystone.service[81510]: DEBUG keystone.server.flask.common [-] Adding resource routes to API users: ['/users/<string:user_id>/OS-OAUTH1/access_tokens/<string:access_token_id>' {}] {{(pid=81510) _add_mapped_resources /opt/stack/keystone/keystone/server/flask/common.py:483}}
Nov 06 10:28:12 ubuntu devstack@keystone.service[81510]: DEBUG keystone.server.flask.common [-] Adding resource routes to API users: ['/users/<string:user_id>/OS-OAUTH1/access_tokens/<string:access_token_id>/roles' {}] {{(pid=81510) _add_mapped_resources /opt/stack/keystone/keystone/server/flask/common.py:483}}
Nov 06 10:28:12 ubuntu devstack@keystone.service[81510]: DEBUG keystone.server.flask.common [-] Adding resource routes to API users: ['/users/<string:user_id>/OS-OAUTH1/access_tokens/<string:access_token_id>/roles/<string:role_id>' {}] {{(pid=81510) _add_mapped_resources /opt/stack/keystone/keystone/server/flask/common.py:483}}
Nov 06 10:28:12 ubuntu devstack@keystone.service[81510]: DEBUG keystone.server.flask.common [-] Adding resource routes to API users: ['/users/<string:user_id>/application_credentials' {}] {{(pid=81510) _add_mapped_resources /opt/stack/keystone/keystone/server/flask/common.py:483}}
Nov 06 10:28:12 ubuntu devstack@keystone.service[81510]: DEBUG keystone.server.flask.common [-] Adding resource routes to API users: ['/users/<string:user_id>/application_credentials/<string:application_credential_id>' {}] {{(pid=81510) _add_mapped_resources /opt/stack/keystone/keystone/server/flask/common.py:483}}
Nov 06 10:28:12 ubuntu devstack@keystone.service[81510]: DEBUG keystone.server.flask.common [-] Adding resource routes to API users: ['/users/<string:user_id>/access_rules' {}] {{(pid=81510) _add_mapped_resources /opt/stack/keystone/keystone/server/flask/common.py:483}}
Nov 06 10:28:12 ubuntu devstack@keystone.service[81510]: DEBUG keystone.server.flask.common [-] Adding resource routes to API users: ['/users/<string:user_id>/access_rules/<string:access_rule_id>' {}] {{(pid=81510) _add_mapped_resources /opt/stack/keystone/keystone/server/flask/common.py:483}}
Nov 06 10:28:12 ubuntu devstack@keystone.service[81510]: WSGI app 0 (mountpoint='') ready in 2 seconds on interpreter 0x560f12a3cd40 pid: 81510 (default app)
Nov 06 10:28:16 ubuntu devstack@keystone.service[81509]: DEBUG keystone.server.flask.request_processing.req_logging [None req-888bc38c-01fc-4471-b217-180ba20c8792 None None] REQUEST_METHOD: `GET` {{(pid=81509) log_request_info /opt/stack/keystone/keystone/server/flask/request_processing/req_logging.py:26}}
Nov 06 10:28:16 ubuntu devstack@keystone.service[81509]: DEBUG keystone.server.flask.request_processing.req_logging [None req-888bc38c-01fc-4471-b217-180ba20c8792 None None] SCRIPT_NAME: `/identity` {{(pid=81509) log_request_info /opt/stack/keystone/keystone/server/flask/request_processing/req_logging.py:27}}
Nov 06 10:28:16 ubuntu devstack@keystone.service[81509]: DEBUG keystone.server.flask.request_processing.req_logging [None req-888bc38c-01fc-4471-b217-180ba20c8792 None None] PATH_INFO: `/` {{(pid=81509) log_request_info /opt/stack/keystone/keystone/server/flask/request_processing/req_logging.py:28}}
Nov 06 10:28:16 ubuntu devstack@keystone.service[81509]: [pid: 81509|app: 0|req: 2/2] 10.201.5.82 () {54 vars in 919 bytes} [Thu Nov  6 10:28:16 2025] GET /identity => generated 270 bytes in 4 msecs (HTTP/1.1 300) 6 headers in 234 bytes (1 switches on core 0)
Nov 06 10:28:16 ubuntu devstack@keystone.service[81510]: DEBUG keystone.server.flask.request_processing.req_logging [None req-4775f82f-547e-4329-a20d-c8bab3a00730 None None] REQUEST_METHOD: `POST` {{(pid=81510) log_request_info /opt/stack/keystone/keystone/server/flask/request_processing/req_logging.py:26}}
Nov 06 10:28:16 ubuntu devstack@keystone.service[81510]: DEBUG keystone.server.flask.request_processing.req_logging [None req-4775f82f-547e-4329-a20d-c8bab3a00730 None None] SCRIPT_NAME: `/identity` {{(pid=81510) log_request_info /opt/stack/keystone/keystone/server/flask/request_processing/req_logging.py:27}}
Nov 06 10:28:16 ubuntu devstack@keystone.service[81510]: DEBUG keystone.server.flask.request_processing.req_logging [None req-4775f82f-547e-4329-a20d-c8bab3a00730 None None] PATH_INFO: `/v3/auth/tokens` {{(pid=81510) log_request_info /opt/stack/keystone/keystone/server/flask/request_processing/req_logging.py:28}}
Nov 06 10:28:16 ubuntu devstack@keystone.service[81510]: INFO dbcounter [None req-4775f82f-547e-4329-a20d-c8bab3a00730 None None] Registered counter for database keystone
Nov 06 10:28:16 ubuntu devstack@keystone.service[81510]: DEBUG oslo_db.sqlalchemy.engines [None req-4775f82f-547e-4329-a20d-c8bab3a00730 None None] MySQL server mode set to STRICT_TRANS_TABLES,STRICT_ALL_TABLES,NO_ZERO_IN_DATE,NO_ZERO_DATE,ERROR_FOR_DIVISION_BY_ZERO,TRADITIONAL,NO_ENGINE_SUBSTITUTION {{(pid=81510) _check_effective_sql_mode /opt/stack/data/venv/lib/python3.10/site-packages/oslo_db/sqlalchemy/engines.py:397}}
Nov 06 10:28:16 ubuntu devstack@keystone.service[81510]: DEBUG dbcounter [-] [81510] Writer thread running {{(pid=81510) stat_writer /opt/stack/data/venv/lib/python3.10/site-packages/dbcounter.py:102}}
Nov 06 10:28:17 ubuntu devstack@keystone.service[81510]: WARNING keystone.common.password_hashing [None req-4775f82f-547e-4329-a20d-c8bab3a00730 None None] Truncating password to algorithm specific maximum length 72 characters.
Nov 06 10:28:17 ubuntu devstack@keystone.service[81510]: DEBUG keystone.auth.core [None req-4775f82f-547e-4329-a20d-c8bab3a00730 None None] MFA Rules not processed for user `8eb3e8635950483cbdaa7937f51d214e`. Rule list: `[]` (Enabled: `True`). {{(pid=81510) check_auth_methods_against_rules /opt/stack/keystone/keystone/auth/core.py:476}}
Nov 06 10:28:17 ubuntu devstack@keystone.service[81510]: DEBUG keystone.common.fernet_utils [None req-4775f82f-547e-4329-a20d-c8bab3a00730 None None] Loaded 2 Fernet keys from /etc/keystone/fernet-keys/, but `[fernet_tokens] max_active_keys = 3`; perhaps there have not been enough key rotations to reach `max_active_keys` yet? {{(pid=81510) load_keys /opt/stack/keystone/keystone/common/fernet_utils.py:297}}
Nov 06 10:28:17 ubuntu devstack@keystone.service[81510]: [pid: 81510|app: 0|req: 1/3] 10.201.5.82 () {58 vars in 1016 bytes} [Thu Nov  6 10:28:16 2025] POST /identity/v3/auth/tokens => generated 977 bytes in 271 msecs (HTTP/1.1 201) 6 headers in 384 bytes (1 switches on core 0)
Nov 06 10:28:17 ubuntu devstack@keystone.service[81509]: DEBUG keystone.server.flask.request_processing.middleware.auth_context [None req-888bc38c-01fc-4471-b217-180ba20c8792 None None] Authenticating user token {{(pid=81509) process_request /opt/stack/data/venv/lib/python3.10/site-packages/keystonemiddleware/auth_token/__init__.py:407}}
Nov 06 10:28:17 ubuntu devstack@keystone.service[81509]: INFO dbcounter [None req-888bc38c-01fc-4471-b217-180ba20c8792 None None] Registered counter for database keystone
Nov 06 10:28:17 ubuntu devstack@keystone.service[81509]: DEBUG oslo_db.sqlalchemy.engines [None req-888bc38c-01fc-4471-b217-180ba20c8792 None None] MySQL server mode set to STRICT_TRANS_TABLES,STRICT_ALL_TABLES,NO_ZERO_IN_DATE,NO_ZERO_DATE,ERROR_FOR_DIVISION_BY_ZERO,TRADITIONAL,NO_ENGINE_SUBSTITUTION {{(pid=81509) _check_effective_sql_mode /opt/stack/data/venv/lib/python3.10/site-packages/oslo_db/sqlalchemy/engines.py:397}}
Nov 06 10:28:17 ubuntu devstack@keystone.service[81509]: DEBUG dbcounter [-] [81509] Writer thread running {{(pid=81509) stat_writer /opt/stack/data/venv/lib/python3.10/site-packages/dbcounter.py:102}}
Nov 06 10:28:17 ubuntu devstack@keystone.service[81509]: DEBUG keystone.server.flask.request_processing.middleware.auth_context [None req-888bc38c-01fc-4471-b217-180ba20c8792 None None] Validating token access rules against request {{(pid=81509) validate_allowed_request /opt/stack/data/venv/lib/python3.10/site-packages/keystonemiddleware/auth_token/__init__.py:545}}
Nov 06 10:28:17 ubuntu devstack@keystone.service[81509]: DEBUG keystone.server.flask.request_processing.middleware.auth_context [None req-aad3235f-c091-4e05-b128-eed118d394e8 admin admin] RBAC: auth_context: {'token': <TokenModel (audit_id=Sr_oJGs5SNGi4ZgMNlULGA, audit_chain_id=['Sr_oJGs5SNGi4ZgMNlULGA']) at 0x7f3a4dc96d40>, 'domain_id': None, 'trust_id': None, 'trustor_id': None, 'trustee_id': None, 'domain_name': None, 'group_ids': [], 'user_id': '8eb3e8635950483cbdaa7937f51d214e', 'user_domain_id': 'default', 'system_scope': None, 'project_id': '7790e2e1239b467fa0cf72eec7206e38', 'project_domain_id': 'default', 'roles': ['admin', 'reader', 'manager', 'member'], 'is_admin_project': True, 'service_user_id': None, 'service_user_domain_id': None, 'service_project_id': None, 'service_project_domain_id': None, 'service_roles': []} {{(pid=81509) fill_context /opt/stack/keystone/keystone/server/flask/request_processing/middleware/auth_context.py:509}}
Nov 06 10:28:17 ubuntu devstack@keystone.service[81509]: DEBUG keystone.server.flask.request_processing.req_logging [None req-aad3235f-c091-4e05-b128-eed118d394e8 admin admin] REQUEST_METHOD: `GET` {{(pid=81509) log_request_info /opt/stack/keystone/keystone/server/flask/request_processing/req_logging.py:26}}
Nov 06 10:28:17 ubuntu devstack@keystone.service[81509]: DEBUG keystone.server.flask.request_processing.req_logging [None req-aad3235f-c091-4e05-b128-eed118d394e8 admin admin] SCRIPT_NAME: `/identity` {{(pid=81509) log_request_info /opt/stack/keystone/keystone/server/flask/request_processing/req_logging.py:27}}
Nov 06 10:28:17 ubuntu devstack@keystone.service[81509]: DEBUG keystone.server.flask.request_processing.req_logging [None req-aad3235f-c091-4e05-b128-eed118d394e8 admin admin] PATH_INFO: `/v3/auth/tokens` {{(pid=81509) log_request_info /opt/stack/keystone/keystone/server/flask/request_processing/req_logging.py:28}}
Nov 06 10:28:17 ubuntu devstack@keystone.service[81509]: DEBUG keystone.common.rbac_enforcer.enforcer [None req-aad3235f-c091-4e05-b128-eed118d394e8 admin admin] RBAC: Authorizing `identity:validate_token()` {{(pid=81509) enforce_call /opt/stack/keystone/keystone/common/rbac_enforcer/enforcer.py:494}}
Nov 06 10:28:17 ubuntu devstack@keystone.service[81509]: WARNING keystone.common.rbac_enforcer.enforcer [None req-aad3235f-c091-4e05-b128-eed118d394e8 admin admin] Deprecated policy rules found. Use oslopolicy-policy-generator and oslopolicy-policy-upgrade to detect and resolve deprecated policies in your configuration.
Nov 06 10:28:17 ubuntu devstack@keystone.service[81509]: DEBUG keystone.common.rbac_enforcer.enforcer [None req-aad3235f-c091-4e05-b128-eed118d394e8 admin admin] RBAC: Authorization granted {{(pid=81509) enforce_call /opt/stack/keystone/keystone/common/rbac_enforcer/enforcer.py:505}}
Nov 06 10:28:17 ubuntu devstack@keystone.service[81509]: [pid: 81509|app: 0|req: 3/4] 10.201.5.82 () {58 vars in 1316 bytes} [Thu Nov  6 10:28:17 2025] GET /identity/v3/auth/tokens => generated 977 bytes in 176 msecs (HTTP/1.1 200) 6 headers in 379 bytes (1 switches on core 0)
Nov 06 10:28:17 ubuntu devstack@keystone.service[81510]: DEBUG keystone.server.flask.request_processing.middleware.auth_context [None req-4775f82f-547e-4329-a20d-c8bab3a00730 None None] Authenticating user token {{(pid=81510) process_request /opt/stack/data/venv/lib/python3.10/site-packages/keystonemiddleware/auth_token/__init__.py:407}}
Nov 06 10:28:17 ubuntu devstack@keystone.service[81510]: DEBUG keystone.server.flask.request_processing.middleware.auth_context [None req-4775f82f-547e-4329-a20d-c8bab3a00730 None None] Validating token access rules against request {{(pid=81510) validate_allowed_request /opt/stack/data/venv/lib/python3.10/site-packages/keystonemiddleware/auth_token/__init__.py:545}}
Nov 06 10:28:17 ubuntu devstack@keystone.service[81510]: DEBUG keystone.server.flask.request_processing.middleware.auth_context [None req-08726715-df37-42e3-b8a7-755fa5b81925 admin admin] RBAC: auth_context: {'token': <TokenModel (audit_id=Sr_oJGs5SNGi4ZgMNlULGA, audit_chain_id=['Sr_oJGs5SNGi4ZgMNlULGA']) at 0x7f3a4dacece0>, 'domain_id': None, 'trust_id': None, 'trustor_id': None, 'trustee_id': None, 'domain_name': None, 'group_ids': [], 'user_id': '8eb3e8635950483cbdaa7937f51d214e', 'user_domain_id': 'default', 'system_scope': None, 'project_id': '7790e2e1239b467fa0cf72eec7206e38', 'project_domain_id': 'default', 'roles': ['admin', 'reader', 'manager', 'member'], 'is_admin_project': True, 'service_user_id': None, 'service_user_domain_id': None, 'service_project_id': None, 'service_project_domain_id': None, 'service_roles': []} {{(pid=81510) fill_context /opt/stack/keystone/keystone/server/flask/request_processing/middleware/auth_context.py:509}}
Nov 06 10:28:17 ubuntu devstack@keystone.service[81510]: DEBUG keystone.server.flask.request_processing.req_logging [None req-08726715-df37-42e3-b8a7-755fa5b81925 admin admin] REQUEST_METHOD: `GET` {{(pid=81510) log_request_info /opt/stack/keystone/keystone/server/flask/request_processing/req_logging.py:26}}
Nov 06 10:28:17 ubuntu devstack@keystone.service[81510]: DEBUG keystone.server.flask.request_processing.req_logging [None req-08726715-df37-42e3-b8a7-755fa5b81925 admin admin] SCRIPT_NAME: `/identity` {{(pid=81510) log_request_info /opt/stack/keystone/keystone/server/flask/request_processing/req_logging.py:27}}
Nov 06 10:28:17 ubuntu devstack@keystone.service[81510]: DEBUG keystone.server.flask.request_processing.req_logging [None req-08726715-df37-42e3-b8a7-755fa5b81925 admin admin] PATH_INFO: `/v3/projects/7790e2e1239b467fa0cf72eec7206e38` {{(pid=81510) log_request_info /opt/stack/keystone/keystone/server/flask/request_processing/req_logging.py:28}}
Nov 06 10:28:17 ubuntu devstack@keystone.service[81510]: DEBUG keystone.common.rbac_enforcer.enforcer [None req-08726715-df37-42e3-b8a7-755fa5b81925 admin admin] RBAC: Authorizing `identity:get_project(project_id=7790e2e1239b467fa0cf72eec7206e38)` {{(pid=81510) enforce_call /opt/stack/keystone/keystone/common/rbac_enforcer/enforcer.py:494}}
Nov 06 10:28:17 ubuntu devstack@keystone.service[81510]: WARNING keystone.common.rbac_enforcer.enforcer [None req-08726715-df37-42e3-b8a7-755fa5b81925 admin admin] Deprecated policy rules found. Use oslopolicy-policy-generator and oslopolicy-policy-upgrade to detect and resolve deprecated policies in your configuration.
Nov 06 10:28:17 ubuntu devstack@keystone.service[81510]: DEBUG keystone.common.rbac_enforcer.enforcer [None req-08726715-df37-42e3-b8a7-755fa5b81925 admin admin] RBAC: Authorization granted {{(pid=81510) enforce_call /opt/stack/keystone/keystone/common/rbac_enforcer/enforcer.py:505}}
Nov 06 10:28:17 ubuntu devstack@keystone.service[81510]: [pid: 81510|app: 0|req: 2/5] 10.201.5.82 () {56 vars in 1199 bytes} [Thu Nov  6 10:28:17 2025] GET /identity/v3/projects/7790e2e1239b467fa0cf72eec7206e38 => generated 344 bytes in 36 msecs (HTTP/1.1 200) 5 headers in 177 bytes (1 switches on core 0)
Nov 06 10:28:18 ubuntu devstack@keystone.service[81509]: DEBUG keystone.server.flask.request_processing.req_logging [None req-145d4d7a-771e-4512-843a-b5a143d3a227 None None] REQUEST_METHOD: `GET` {{(pid=81509) log_request_info /opt/stack/keystone/keystone/server/flask/request_processing/req_logging.py:26}}
Nov 06 10:28:18 ubuntu devstack@keystone.service[81509]: DEBUG keystone.server.flask.request_processing.req_logging [None req-145d4d7a-771e-4512-843a-b5a143d3a227 None None] SCRIPT_NAME: `/identity` {{(pid=81509) log_request_info /opt/stack/keystone/keystone/server/flask/request_processing/req_logging.py:27}}
Nov 06 10:28:18 ubuntu devstack@keystone.service[81509]: DEBUG keystone.server.flask.request_processing.req_logging [None req-145d4d7a-771e-4512-843a-b5a143d3a227 None None] PATH_INFO: `/` {{(pid=81509) log_request_info /opt/stack/keystone/keystone/server/flask/request_processing/req_logging.py:28}}
Nov 06 10:28:18 ubuntu devstack@keystone.service[81509]: [pid: 81509|app: 0|req: 4/6] 10.201.5.82 () {54 vars in 919 bytes} [Thu Nov  6 10:28:18 2025] GET /identity => generated 270 bytes in 5 msecs (HTTP/1.1 300) 6 headers in 234 bytes (1 switches on core 0)
Nov 06 10:28:18 ubuntu devstack@keystone.service[81510]: DEBUG keystone.server.flask.request_processing.req_logging [None req-a27301ba-2015-4550-9be5-d05375340d45 None None] REQUEST_METHOD: `POST` {{(pid=81510) log_request_info /opt/stack/keystone/keystone/server/flask/request_processing/req_logging.py:26}}
Nov 06 10:28:18 ubuntu devstack@keystone.service[81510]: DEBUG keystone.server.flask.request_processing.req_logging [None req-a27301ba-2015-4550-9be5-d05375340d45 None None] SCRIPT_NAME: `/identity` {{(pid=81510) log_request_info /opt/stack/keystone/keystone/server/flask/request_processing/req_logging.py:27}}
Nov 06 10:28:18 ubuntu devstack@keystone.service[81510]: DEBUG keystone.server.flask.request_processing.req_logging [None req-a27301ba-2015-4550-9be5-d05375340d45 None None] PATH_INFO: `/v3/auth/tokens` {{(pid=81510) log_request_info /opt/stack/keystone/keystone/server/flask/request_processing/req_logging.py:28}}
Nov 06 10:28:18 ubuntu devstack@keystone.service[81510]: WARNING keystone.common.password_hashing [None req-a27301ba-2015-4550-9be5-d05375340d45 None None] Truncating password to algorithm specific maximum length 72 characters.
Nov 06 10:28:18 ubuntu devstack@keystone.service[81510]: DEBUG keystone.auth.core [None req-a27301ba-2015-4550-9be5-d05375340d45 None None] MFA Rules not processed for user `8eb3e8635950483cbdaa7937f51d214e`. Rule list: `[]` (Enabled: `True`). {{(pid=81510) check_auth_methods_against_rules /opt/stack/keystone/keystone/auth/core.py:476}}
Nov 06 10:28:18 ubuntu devstack@keystone.service[81510]: DEBUG keystone.common.fernet_utils [None req-a27301ba-2015-4550-9be5-d05375340d45 None None] Loaded 2 Fernet keys from /etc/keystone/fernet-keys/, but `[fernet_tokens] max_active_keys = 3`; perhaps there have not been enough key rotations to reach `max_active_keys` yet? {{(pid=81510) load_keys /opt/stack/keystone/keystone/common/fernet_utils.py:297}}
Nov 06 10:28:18 ubuntu devstack@keystone.service[81510]: [pid: 81510|app: 0|req: 3/7] 10.201.5.82 () {58 vars in 1016 bytes} [Thu Nov  6 10:28:18 2025] POST /identity/v3/auth/tokens => generated 977 bytes in 26 msecs (HTTP/1.1 201) 6 headers in 384 bytes (2 switches on core 0)
Nov 06 10:28:18 ubuntu devstack@keystone.service[81509]: DEBUG keystone.server.flask.request_processing.middleware.auth_context [None req-145d4d7a-771e-4512-843a-b5a143d3a227 None None] Authenticating user token {{(pid=81509) process_request /opt/stack/data/venv/lib/python3.10/site-packages/keystonemiddleware/auth_token/__init__.py:407}}
Nov 06 10:28:18 ubuntu devstack@keystone.service[81509]: DEBUG keystone.server.flask.request_processing.middleware.auth_context [None req-145d4d7a-771e-4512-843a-b5a143d3a227 None None] Validating token access rules against request {{(pid=81509) validate_allowed_request /opt/stack/data/venv/lib/python3.10/site-packages/keystonemiddleware/auth_token/__init__.py:545}}
Nov 06 10:28:18 ubuntu devstack@keystone.service[81509]: DEBUG keystone.server.flask.request_processing.middleware.auth_context [None req-8a2e6e1a-f887-437b-b888-2f9d02704542 admin admin] RBAC: auth_context: {'token': <TokenModel (audit_id=vmW1S6tDTCapldscgJL0gw, audit_chain_id=['vmW1S6tDTCapldscgJL0gw']) at 0x7f3a4d84f2e0>, 'domain_id': None, 'trust_id': None, 'trustor_id': None, 'trustee_id': None, 'domain_name': None, 'group_ids': [], 'user_id': '8eb3e8635950483cbdaa7937f51d214e', 'user_domain_id': 'default', 'system_scope': None, 'project_id': '7790e2e1239b467fa0cf72eec7206e38', 'project_domain_id': 'default', 'roles': ['admin', 'reader', 'manager', 'member'], 'is_admin_project': True, 'service_user_id': None, 'service_user_domain_id': None, 'service_project_id': None, 'service_project_domain_id': None, 'service_roles': []} {{(pid=81509) fill_context /opt/stack/keystone/keystone/server/flask/request_processing/middleware/auth_context.py:509}}
Nov 06 10:28:18 ubuntu devstack@keystone.service[81509]: DEBUG keystone.server.flask.request_processing.req_logging [None req-8a2e6e1a-f887-437b-b888-2f9d02704542 admin admin] REQUEST_METHOD: `GET` {{(pid=81509) log_request_info /opt/stack/keystone/keystone/server/flask/request_processing/req_logging.py:26}}
Nov 06 10:28:18 ubuntu devstack@keystone.service[81509]: DEBUG keystone.server.flask.request_processing.req_logging [None req-8a2e6e1a-f887-437b-b888-2f9d02704542 admin admin] SCRIPT_NAME: `/identity` {{(pid=81509) log_request_info /opt/stack/keystone/keystone/server/flask/request_processing/req_logging.py:27}}
Nov 06 10:28:18 ubuntu devstack@keystone.service[81509]: DEBUG keystone.server.flask.request_processing.req_logging [None req-8a2e6e1a-f887-437b-b888-2f9d02704542 admin admin] PATH_INFO: `/v3/users/admin` {{(pid=81509) log_request_info /opt/stack/keystone/keystone/server/flask/request_processing/req_logging.py:28}}
Nov 06 10:28:18 ubuntu devstack@keystone.service[81509]: DEBUG keystone.common.rbac_enforcer.enforcer [None req-8a2e6e1a-f887-437b-b888-2f9d02704542 admin admin] RBAC: Authorizing `identity:get_user(user_id=admin)` {{(pid=81509) enforce_call /opt/stack/keystone/keystone/common/rbac_enforcer/enforcer.py:494}}
Nov 06 10:28:18 ubuntu devstack@keystone.service[81509]: DEBUG keystone.common.rbac_enforcer.enforcer [None req-8a2e6e1a-f887-437b-b888-2f9d02704542 admin admin] RBAC: Authorization granted {{(pid=81509) enforce_call /opt/stack/keystone/keystone/common/rbac_enforcer/enforcer.py:505}}
Nov 06 10:28:18 ubuntu devstack@keystone.service[81509]: DEBUG keystone.server.flask.application [None req-8a2e6e1a-f887-437b-b888-2f9d02704542 admin admin] Could not find user: admin. {{(pid=81509) _handle_keystone_exception /opt/stack/keystone/keystone/server/flask/application.py:146}}
Nov 06 10:28:18 ubuntu devstack@keystone.service[81509]: [pid: 81509|app: 0|req: 5/8] 10.201.5.82 () {56 vars in 1153 bytes} [Thu Nov  6 10:28:18 2025] GET /identity/v3/users/admin => generated 83 bytes in 33 msecs (HTTP/1.1 404) 5 headers in 183 bytes (2 switches on core 0)
Nov 06 10:28:18 ubuntu devstack@keystone.service[81510]: DEBUG keystone.server.flask.request_processing.middleware.auth_context [None req-a27301ba-2015-4550-9be5-d05375340d45 None None] Authenticating user token {{(pid=81510) process_request /opt/stack/data/venv/lib/python3.10/site-packages/keystonemiddleware/auth_token/__init__.py:407}}
Nov 06 10:28:18 ubuntu devstack@keystone.service[81510]: DEBUG keystone.server.flask.request_processing.middleware.auth_context [None req-a27301ba-2015-4550-9be5-d05375340d45 None None] Validating token access rules against request {{(pid=81510) validate_allowed_request /opt/stack/data/venv/lib/python3.10/site-packages/keystonemiddleware/auth_token/__init__.py:545}}
Nov 06 10:28:18 ubuntu devstack@keystone.service[81510]: DEBUG keystone.server.flask.request_processing.middleware.auth_context [None req-30c31335-6701-4cb0-9df7-f64e91810b59 admin admin] RBAC: auth_context: {'token': <TokenModel (audit_id=vmW1S6tDTCapldscgJL0gw, audit_chain_id=['vmW1S6tDTCapldscgJL0gw']) at 0x7f3a4cecf670>, 'domain_id': None, 'trust_id': None, 'trustor_id': None, 'trustee_id': None, 'domain_name': None, 'group_ids': [], 'user_id': '8eb3e8635950483cbdaa7937f51d214e', 'user_domain_id': 'default', 'system_scope': None, 'project_id': '7790e2e1239b467fa0cf72eec7206e38', 'project_domain_id': 'default', 'roles': ['admin', 'reader', 'manager', 'member'], 'is_admin_project': True, 'service_user_id': None, 'service_user_domain_id': None, 'service_project_id': None, 'service_project_domain_id': None, 'service_roles': []} {{(pid=81510) fill_context /opt/stack/keystone/keystone/server/flask/request_processing/middleware/auth_context.py:509}}
Nov 06 10:28:18 ubuntu devstack@keystone.service[81510]: DEBUG keystone.server.flask.request_processing.req_logging [None req-30c31335-6701-4cb0-9df7-f64e91810b59 admin admin] REQUEST_METHOD: `GET` {{(pid=81510) log_request_info /opt/stack/keystone/keystone/server/flask/request_processing/req_logging.py:26}}
Nov 06 10:28:18 ubuntu devstack@keystone.service[81510]: DEBUG keystone.server.flask.request_processing.req_logging [None req-30c31335-6701-4cb0-9df7-f64e91810b59 admin admin] SCRIPT_NAME: `/identity` {{(pid=81510) log_request_info /opt/stack/keystone/keystone/server/flask/request_processing/req_logging.py:27}}
Nov 06 10:28:18 ubuntu devstack@keystone.service[81510]: DEBUG keystone.server.flask.request_processing.req_logging [None req-30c31335-6701-4cb0-9df7-f64e91810b59 admin admin] PATH_INFO: `/v3/users` {{(pid=81510) log_request_info /opt/stack/keystone/keystone/server/flask/request_processing/req_logging.py:28}}
Nov 06 10:28:18 ubuntu devstack@keystone.service[81510]: DEBUG keystone.common.rbac_enforcer.enforcer [None req-30c31335-6701-4cb0-9df7-f64e91810b59 admin admin] RBAC: Adding query filter params (name=admin) {{(pid=81510) _extract_filter_values /opt/stack/keystone/keystone/common/rbac_enforcer/enforcer.py:176}}
Nov 06 10:28:18 ubuntu devstack@keystone.service[81510]: DEBUG keystone.common.rbac_enforcer.enforcer [None req-30c31335-6701-4cb0-9df7-f64e91810b59 admin admin] RBAC: Authorizing `identity:list_users()` {{(pid=81510) enforce_call /opt/stack/keystone/keystone/common/rbac_enforcer/enforcer.py:494}}
Nov 06 10:28:18 ubuntu devstack@keystone.service[81510]: DEBUG keystone.common.rbac_enforcer.enforcer [None req-30c31335-6701-4cb0-9df7-f64e91810b59 admin admin] RBAC: Authorization granted {{(pid=81510) enforce_call /opt/stack/keystone/keystone/common/rbac_enforcer/enforcer.py:505}}
Nov 06 10:28:18 ubuntu devstack@keystone.service[81510]: [pid: 81510|app: 0|req: 4/9] 10.201.5.82 () {56 vars in 1169 bytes} [Thu Nov  6 10:28:18 2025] GET /identity/v3/users?name=admin => generated 352 bytes in 34 msecs (HTTP/1.1 200) 5 headers in 177 bytes (2 switches on core 0)
Nov 06 10:28:20 ubuntu devstack@keystone.service[81509]: DEBUG keystone.server.flask.request_processing.req_logging [None req-fd8049c4-13fe-4a7d-902d-04c4f90f0790 None None] REQUEST_METHOD: `GET` {{(pid=81509) log_request_info /opt/stack/keystone/keystone/server/flask/request_processing/req_logging.py:26}}
Nov 06 10:28:20 ubuntu devstack@keystone.service[81509]: DEBUG keystone.server.flask.request_processing.req_logging [None req-fd8049c4-13fe-4a7d-902d-04c4f90f0790 None None] SCRIPT_NAME: `/identity` {{(pid=81509) log_request_info /opt/stack/keystone/keystone/server/flask/request_processing/req_logging.py:27}}
Nov 06 10:28:20 ubuntu devstack@keystone.service[81509]: DEBUG keystone.server.flask.request_processing.req_logging [None req-fd8049c4-13fe-4a7d-902d-04c4f90f0790 None None] PATH_INFO: `/` {{(pid=81509) log_request_info /opt/stack/keystone/keystone/server/flask/request_processing/req_logging.py:28}}
Nov 06 10:28:20 ubuntu devstack@keystone.service[81509]: [pid: 81509|app: 0|req: 6/10] 10.201.5.82 () {54 vars in 919 bytes} [Thu Nov  6 10:28:20 2025] GET /identity => generated 270 bytes in 4 msecs (HTTP/1.1 300) 6 headers in 234 bytes (1 switches on core 0)
Nov 06 10:28:20 ubuntu devstack@keystone.service[81510]: DEBUG keystone.server.flask.request_processing.req_logging [None req-d8f31717-6a7f-4a93-8daa-20f063bdff3a None None] REQUEST_METHOD: `GET` {{(pid=81510) log_request_info /opt/stack/keystone/keystone/server/flask/request_processing/req_logging.py:26}}
Nov 06 10:28:20 ubuntu devstack@keystone.service[81509]: DEBUG keystone.server.flask.request_processing.req_logging [None req-8800c5cc-36fb-406c-8395-357039daf000 None None] REQUEST_METHOD: `POST` {{(pid=81509) log_request_info /opt/stack/keystone/keystone/server/flask/request_processing/req_logging.py:26}}
Nov 06 10:28:20 ubuntu devstack@keystone.service[81509]: DEBUG keystone.server.flask.request_processing.req_logging [None req-8800c5cc-36fb-406c-8395-357039daf000 None None] SCRIPT_NAME: `/identity` {{(pid=81509) log_request_info /opt/stack/keystone/keystone/server/flask/request_processing/req_logging.py:27}}
Nov 06 10:28:20 ubuntu devstack@keystone.service[81509]: DEBUG keystone.server.flask.request_processing.req_logging [None req-8800c5cc-36fb-406c-8395-357039daf000 None None] PATH_INFO: `/v3/auth/tokens` {{(pid=81509) log_request_info /opt/stack/keystone/keystone/server/flask/request_processing/req_logging.py:28}}
Nov 06 10:28:20 ubuntu devstack@keystone.service[81510]: DEBUG keystone.server.flask.request_processing.req_logging [None req-d8f31717-6a7f-4a93-8daa-20f063bdff3a None None] SCRIPT_NAME: `/identity` {{(pid=81510) log_request_info /opt/stack/keystone/keystone/server/flask/request_processing/req_logging.py:27}}
Nov 06 10:28:20 ubuntu devstack@keystone.service[81510]: DEBUG keystone.server.flask.request_processing.req_logging [None req-d8f31717-6a7f-4a93-8daa-20f063bdff3a None None] PATH_INFO: `/` {{(pid=81510) log_request_info /opt/stack/keystone/keystone/server/flask/request_processing/req_logging.py:28}}
Nov 06 10:28:20 ubuntu devstack@keystone.service[81510]: [pid: 81510|app: 0|req: 5/11] 10.201.5.82 () {54 vars in 919 bytes} [Thu Nov  6 10:28:20 2025] GET /identity => generated 270 bytes in 7 msecs (HTTP/1.1 300) 6 headers in 234 bytes (1 switches on core 0)
Nov 06 10:28:20 ubuntu devstack@keystone.service[81510]: DEBUG keystone.server.flask.request_processing.req_logging [None req-553e7a01-e65e-42a4-a133-2e39b80c9725 None None] REQUEST_METHOD: `POST` {{(pid=81510) log_request_info /opt/stack/keystone/keystone/server/flask/request_processing/req_logging.py:26}}
Nov 06 10:28:20 ubuntu devstack@keystone.service[81510]: DEBUG keystone.server.flask.request_processing.req_logging [None req-553e7a01-e65e-42a4-a133-2e39b80c9725 None None] SCRIPT_NAME: `/identity` {{(pid=81510) log_request_info /opt/stack/keystone/keystone/server/flask/request_processing/req_logging.py:27}}
Nov 06 10:28:20 ubuntu devstack@keystone.service[81510]: DEBUG keystone.server.flask.request_processing.req_logging [None req-553e7a01-e65e-42a4-a133-2e39b80c9725 None None] PATH_INFO: `/v3/auth/tokens` {{(pid=81510) log_request_info /opt/stack/keystone/keystone/server/flask/request_processing/req_logging.py:28}}
Nov 06 10:28:20 ubuntu devstack@keystone.service[81509]: WARNING keystone.common.password_hashing [None req-8800c5cc-36fb-406c-8395-357039daf000 None None] Truncating password to algorithm specific maximum length 72 characters.
Nov 06 10:28:20 ubuntu devstack@keystone.service[81510]: WARNING keystone.common.password_hashing [None req-553e7a01-e65e-42a4-a133-2e39b80c9725 None None] Truncating password to algorithm specific maximum length 72 characters.
Nov 06 10:28:20 ubuntu devstack@keystone.service[81509]: DEBUG keystone.auth.core [None req-8800c5cc-36fb-406c-8395-357039daf000 None None] MFA Rules not processed for user `8eb3e8635950483cbdaa7937f51d214e`. Rule list: `[]` (Enabled: `True`). {{(pid=81509) check_auth_methods_against_rules /opt/stack/keystone/keystone/auth/core.py:476}}
Nov 06 10:28:20 ubuntu devstack@keystone.service[81509]: DEBUG keystone.common.fernet_utils [None req-8800c5cc-36fb-406c-8395-357039daf000 None None] Loaded 2 Fernet keys from /etc/keystone/fernet-keys/, but `[fernet_tokens] max_active_keys = 3`; perhaps there have not been enough key rotations to reach `max_active_keys` yet? {{(pid=81509) load_keys /opt/stack/keystone/keystone/common/fernet_utils.py:297}}
Nov 06 10:28:20 ubuntu devstack@keystone.service[81510]: DEBUG keystone.auth.core [None req-553e7a01-e65e-42a4-a133-2e39b80c9725 None None] MFA Rules not processed for user `8eb3e8635950483cbdaa7937f51d214e`. Rule list: `[]` (Enabled: `True`). {{(pid=81510) check_auth_methods_against_rules /opt/stack/keystone/keystone/auth/core.py:476}}
Nov 06 10:28:20 ubuntu devstack@keystone.service[81510]: DEBUG keystone.common.fernet_utils [None req-553e7a01-e65e-42a4-a133-2e39b80c9725 None None] Loaded 2 Fernet keys from /etc/keystone/fernet-keys/, but `[fernet_tokens] max_active_keys = 3`; perhaps there have not been enough key rotations to reach `max_active_keys` yet? {{(pid=81510) load_keys /opt/stack/keystone/keystone/common/fernet_utils.py:297}}
Nov 06 10:28:20 ubuntu devstack@keystone.service[81509]: [pid: 81509|app: 0|req: 7/12] 10.201.5.82 () {58 vars in 1016 bytes} [Thu Nov  6 10:28:20 2025] POST /identity/v3/auth/tokens => generated 862 bytes in 81 msecs (HTTP/1.1 201) 6 headers in 363 bytes (1 switches on core 0)
Nov 06 10:28:20 ubuntu devstack@keystone.service[81510]: [pid: 81510|app: 0|req: 6/13] 10.201.5.82 () {58 vars in 1016 bytes} [Thu Nov  6 10:28:20 2025] POST /identity/v3/auth/tokens => generated 862 bytes in 81 msecs (HTTP/1.1 201) 6 headers in 363 bytes (1 switches on core 0)
Nov 06 10:28:20 ubuntu devstack@keystone.service[81509]: DEBUG keystone.server.flask.request_processing.middleware.auth_context [None req-8800c5cc-36fb-406c-8395-357039daf000 None None] Authenticating user token {{(pid=81509) process_request /opt/stack/data/venv/lib/python3.10/site-packages/keystonemiddleware/auth_token/__init__.py:407}}
Nov 06 10:28:20 ubuntu devstack@keystone.service[81510]: DEBUG keystone.server.flask.request_processing.middleware.auth_context [None req-553e7a01-e65e-42a4-a133-2e39b80c9725 None None] Authenticating user token {{(pid=81510) process_request /opt/stack/data/venv/lib/python3.10/site-packages/keystonemiddleware/auth_token/__init__.py:407}}
Nov 06 10:28:20 ubuntu devstack@keystone.service[81509]: DEBUG keystone.server.flask.request_processing.middleware.auth_context [None req-8800c5cc-36fb-406c-8395-357039daf000 None None] Validating token access rules against request {{(pid=81509) validate_allowed_request /opt/stack/data/venv/lib/python3.10/site-packages/keystonemiddleware/auth_token/__init__.py:545}}
Nov 06 10:28:20 ubuntu devstack@keystone.service[81510]: DEBUG keystone.server.flask.request_processing.middleware.auth_context [None req-553e7a01-e65e-42a4-a133-2e39b80c9725 None None] Validating token access rules against request {{(pid=81510) validate_allowed_request /opt/stack/data/venv/lib/python3.10/site-packages/keystonemiddleware/auth_token/__init__.py:545}}
Nov 06 10:28:20 ubuntu devstack@keystone.service[81509]: DEBUG keystone.server.flask.request_processing.middleware.auth_context [None req-28069600-9f1c-46a2-87f9-76a53a4238e0 None admin] RBAC: auth_context: {'token': <TokenModel (audit_id=II9hqFkHSRej-tP3rRQCwA, audit_chain_id=['II9hqFkHSRej-tP3rRQCwA']) at 0x7f3a4d8a49d0>, 'domain_id': None, 'trust_id': None, 'trustor_id': None, 'trustee_id': None, 'domain_name': None, 'group_ids': [], 'user_id': '8eb3e8635950483cbdaa7937f51d214e', 'user_domain_id': 'default', 'system_scope': 'all', 'project_id': None, 'project_domain_id': None, 'roles': ['admin', 'manager', 'member', 'reader'], 'is_admin_project': True, 'service_user_id': None, 'service_user_domain_id': None, 'service_project_id': None, 'service_project_domain_id': None, 'service_roles': []} {{(pid=81509) fill_context /opt/stack/keystone/keystone/server/flask/request_processing/middleware/auth_context.py:509}}
Nov 06 10:28:20 ubuntu devstack@keystone.service[81509]: DEBUG keystone.server.flask.request_processing.req_logging [None req-28069600-9f1c-46a2-87f9-76a53a4238e0 None admin] REQUEST_METHOD: `POST` {{(pid=81509) log_request_info /opt/stack/keystone/keystone/server/flask/request_processing/req_logging.py:26}}
Nov 06 10:28:20 ubuntu devstack@keystone.service[81509]: DEBUG keystone.server.flask.request_processing.req_logging [None req-28069600-9f1c-46a2-87f9-76a53a4238e0 None admin] SCRIPT_NAME: `/identity` {{(pid=81509) log_request_info /opt/stack/keystone/keystone/server/flask/request_processing/req_logging.py:27}}
Nov 06 10:28:20 ubuntu devstack@keystone.service[81509]: DEBUG keystone.server.flask.request_processing.req_logging [None req-28069600-9f1c-46a2-87f9-76a53a4238e0 None admin] PATH_INFO: `/v3/domains` {{(pid=81509) log_request_info /opt/stack/keystone/keystone/server/flask/request_processing/req_logging.py:28}}
Nov 06 10:28:20 ubuntu devstack@keystone.service[81509]: DEBUG keystone.common.rbac_enforcer.enforcer [None req-28069600-9f1c-46a2-87f9-76a53a4238e0 None admin] RBAC: Authorizing `identity:create_domain()` {{(pid=81509) enforce_call /opt/stack/keystone/keystone/common/rbac_enforcer/enforcer.py:494}}
Nov 06 10:28:20 ubuntu devstack@keystone.service[81509]: DEBUG keystone.common.rbac_enforcer.enforcer [None req-28069600-9f1c-46a2-87f9-76a53a4238e0 None admin] RBAC: Authorization granted {{(pid=81509) enforce_call /opt/stack/keystone/keystone/common/rbac_enforcer/enforcer.py:505}}
Nov 06 10:28:20 ubuntu devstack@keystone.service[81510]: DEBUG keystone.server.flask.request_processing.middleware.auth_context [None req-f15f0019-f32d-47bf-bd90-006301727401 None admin] RBAC: auth_context: {'token': <TokenModel (audit_id=tuEL39pHR32Rthd8b64u6w, audit_chain_id=['tuEL39pHR32Rthd8b64u6w']) at 0x7f3a4cddd510>, 'domain_id': None, 'trust_id': None, 'trustor_id': None, 'trustee_id': None, 'domain_name': None, 'group_ids': [], 'user_id': '8eb3e8635950483cbdaa7937f51d214e', 'user_domain_id': 'default', 'system_scope': 'all', 'project_id': None, 'project_domain_id': None, 'roles': ['admin', 'manager', 'member', 'reader'], 'is_admin_project': True, 'service_user_id': None, 'service_user_domain_id': None, 'service_project_id': None, 'service_project_domain_id': None, 'service_roles': []} {{(pid=81510) fill_context /opt/stack/keystone/keystone/server/flask/request_processing/middleware/auth_context.py:509}}
Nov 06 10:28:20 ubuntu devstack@keystone.service[81509]: DEBUG keystone.common.sql.core [None req-28069600-9f1c-46a2-87f9-76a53a4238e0 None admin] Conflict project: (pymysql.err.IntegrityError) (1062, "Duplicate entry '<<keystone.domain.root>>-Default' for key 'project.ixu_project_name_domain_id'")
Nov 06 10:28:20 ubuntu devstack@keystone.service[81509]: [SQL: INSERT INTO project (id, name, domain_id, description, enabled, extra, parent_id, is_domain) VALUES (%(id)s, %(name)s, %(domain_id)s, %(description)s, %(enabled)s, %(extra)s, %(parent_id)s, %(is_domain)s)]
Nov 06 10:28:20 ubuntu devstack@keystone.service[81509]: [parameters: {'id': 'e5cf5ea63e2d454091bfc0d550c44170', 'name': 'Default', 'domain_id': '<<keystone.domain.root>>', 'description': '', 'enabled': 1, 'extra': '{}', 'parent_id': None, 'is_domain': 1}]
Nov 06 10:28:20 ubuntu devstack@keystone.service[81509]: (Background on this error at: https://sqlalche.me/e/20/gkpj) {{(pid=81509) wrapper /opt/stack/keystone/keystone/common/sql/core.py:580}}
Nov 06 10:28:20 ubuntu devstack@keystone.service[81510]: DEBUG keystone.server.flask.request_processing.req_logging [None req-f15f0019-f32d-47bf-bd90-006301727401 None admin] REQUEST_METHOD: `GET` {{(pid=81510) log_request_info /opt/stack/keystone/keystone/server/flask/request_processing/req_logging.py:26}}
Nov 06 10:28:20 ubuntu devstack@keystone.service[81510]: DEBUG keystone.server.flask.request_processing.req_logging [None req-f15f0019-f32d-47bf-bd90-006301727401 None admin] SCRIPT_NAME: `/identity` {{(pid=81510) log_request_info /opt/stack/keystone/keystone/server/flask/request_processing/req_logging.py:27}}
Nov 06 10:28:20 ubuntu devstack@keystone.service[81510]: DEBUG keystone.server.flask.request_processing.req_logging [None req-f15f0019-f32d-47bf-bd90-006301727401 None admin] PATH_INFO: `/v3/roles/admin` {{(pid=81510) log_request_info /opt/stack/keystone/keystone/server/flask/request_processing/req_logging.py:28}}
Nov 06 10:28:20 ubuntu devstack@keystone.service[81510]: DEBUG keystone.common.rbac_enforcer.enforcer [None req-f15f0019-f32d-47bf-bd90-006301727401 None admin] Extracting inferred target data resulted in "NOT FOUND (404)". {{(pid=81510) enforce_call /opt/stack/keystone/keystone/common/rbac_enforcer/enforcer.py:445}}
Nov 06 10:28:20 ubuntu devstack@keystone.service[81510]: DEBUG keystone.server.flask.application [None req-f15f0019-f32d-47bf-bd90-006301727401 None admin] Could not find role: admin. {{(pid=81510) _handle_keystone_exception /opt/stack/keystone/keystone/server/flask/application.py:146}}
Nov 06 10:28:20 ubuntu devstack@keystone.service[81510]: [pid: 81510|app: 0|req: 7/14] 10.201.5.82 () {56 vars in 1132 bytes} [Thu Nov  6 10:28:20 2025] GET /identity/v3/roles/admin => generated 83 bytes in 74 msecs (HTTP/1.1 404) 5 headers in 183 bytes (1 switches on core 0)
Nov 06 10:28:20 ubuntu devstack@keystone.service[81509]: ERROR keystone.server.flask.application [None req-28069600-9f1c-46a2-87f9-76a53a4238e0 None admin] Conflict occurred attempting to store project - it is not permitted to have two projects acting as domains with the same name: Default.: keystone.exception.Conflict: Conflict occurred attempting to store project - it is not permitted to have two projects acting as domains with the same name: Default.
Nov 06 10:28:20 ubuntu devstack@keystone.service[81509]: ERROR keystone.server.flask.application Traceback (most recent call last):
Nov 06 10:28:20 ubuntu devstack@keystone.service[81509]: ERROR keystone.server.flask.application   File "/opt/stack/data/venv/lib/python3.10/site-packages/sqlalchemy/engine/base.py", line 1967, in _exec_single_context
Nov 06 10:28:20 ubuntu devstack@keystone.service[81509]: ERROR keystone.server.flask.application     self.dialect.do_execute(
Nov 06 10:28:20 ubuntu devstack@keystone.service[81509]: ERROR keystone.server.flask.application   File "/opt/stack/data/venv/lib/python3.10/site-packages/sqlalchemy/engine/default.py", line 951, in do_execute
Nov 06 10:28:20 ubuntu devstack@keystone.service[81509]: ERROR keystone.server.flask.application     cursor.execute(statement, parameters)
Nov 06 10:28:20 ubuntu devstack@keystone.service[81509]: ERROR keystone.server.flask.application   File "/opt/stack/data/venv/lib/python3.10/site-packages/pymysql/cursors.py", line 153, in execute
Nov 06 10:28:20 ubuntu devstack@keystone.service[81509]: ERROR keystone.server.flask.application     result = self._query(query)
Nov 06 10:28:20 ubuntu devstack@keystone.service[81509]: ERROR keystone.server.flask.application   File "/opt/stack/data/venv/lib/python3.10/site-packages/pymysql/cursors.py", line 322, in _query
Nov 06 10:28:20 ubuntu devstack@keystone.service[81509]: ERROR keystone.server.flask.application     conn.query(q)
