Mar 05 04:59:06 ubuntu devstack@keystone.service[81987]: ERROR keystone.server.flask.application   File "/opt/stack/data/venv/lib/python3.10/site-packages/sqlalchemy/engine/base.py", line 1967, in _exec_single_context
Mar 05 04:59:06 ubuntu devstack@keystone.service[81987]: ERROR keystone.server.flask.application     self.dialect.do_execute(
Mar 05 04:59:06 ubuntu devstack@keystone.service[81987]: ERROR keystone.server.flask.application   File "/opt/stack/data/venv/lib/python3.10/site-packages/sqlalchemy/engine/default.py", line 952, in do_execute
Mar 05 04:59:06 ubuntu devstack@keystone.service[81987]: ERROR keystone.server.flask.application     cursor.execute(statement, parameters)
Mar 05 04:59:06 ubuntu devstack@keystone.service[81987]: ERROR keystone.server.flask.application   File "/opt/stack/data/venv/lib/python3.10/site-packages/pymysql/cursors.py", line 153, in execute
Mar 05 04:59:06 ubuntu devstack@keystone.service[81987]: ERROR keystone.server.flask.application     result = self._query(query)
Mar 05 04:59:06 ubuntu devstack@keystone.service[81987]: ERROR keystone.server.flask.application   File "/opt/stack/data/venv/lib/python3.10/site-packages/pymysql/cursors.py", line 322, in _query
Mar 05 04:59:06 ubuntu devstack@keystone.service[81987]: ERROR keystone.server.flask.application     conn.query(q)
Mar 05 04:59:06 ubuntu devstack@keystone.service[81987]: ERROR keystone.server.flask.application   File "/opt/stack/data/venv/lib/python3.10/site-packages/pymysql/connections.py", line 575, in query
Mar 05 04:59:06 ubuntu devstack@keystone.service[81987]: ERROR keystone.server.flask.application     self._affected_rows = self._read_query_result(unbuffered=unbuffered)
Mar 05 04:59:06 ubuntu devstack@keystone.service[81987]: ERROR keystone.server.flask.application   File "/opt/stack/data/venv/lib/python3.10/site-packages/pymysql/connections.py", line 826, in _read_query_result
Mar 05 04:59:06 ubuntu devstack@keystone.service[81987]: ERROR keystone.server.flask.application     result.read()
Mar 05 04:59:06 ubuntu devstack@keystone.service[81987]: ERROR keystone.server.flask.application   File "/opt/stack/data/venv/lib/python3.10/site-packages/pymysql/connections.py", line 1203, in read
Mar 05 04:59:06 ubuntu devstack@keystone.service[81987]: ERROR keystone.server.flask.application     first_packet = self.connection._read_packet()
Mar 05 04:59:06 ubuntu devstack@keystone.service[81987]: ERROR keystone.server.flask.application   File "/opt/stack/data/venv/lib/python3.10/site-packages/pymysql/connections.py", line 782, in _read_packet
Mar 05 04:59:06 ubuntu devstack@keystone.service[81987]: ERROR keystone.server.flask.application     packet.raise_for_error()
Mar 05 04:59:06 ubuntu devstack@keystone.service[81987]: ERROR keystone.server.flask.application   File "/opt/stack/data/venv/lib/python3.10/site-packages/pymysql/protocol.py", line 219, in raise_for_error
Mar 05 04:59:06 ubuntu devstack@keystone.service[81987]: ERROR keystone.server.flask.application     err.raise_mysql_exception(self._data)
Mar 05 04:59:06 ubuntu devstack@keystone.service[81987]: ERROR keystone.server.flask.application   File "/opt/stack/data/venv/lib/python3.10/site-packages/pymysql/err.py", line 150, in raise_mysql_exception
Mar 05 04:59:06 ubuntu devstack@keystone.service[81987]: ERROR keystone.server.flask.application     raise errorclass(errno, errval)
Mar 05 04:59:06 ubuntu devstack@keystone.service[81987]: ERROR keystone.server.flask.application oslo_db.exception.DBDuplicateEntry: (pymysql.err.IntegrityError) (1062, "Duplicate entry 'service-<<null>>' for key 'role.ixu_role_name_domain_id'")
Mar 05 04:59:06 ubuntu devstack@keystone.service[81987]: ERROR keystone.server.flask.application [SQL: INSERT INTO `role` (id, name, description, extra) VALUES (%(id)s, %(name)s, %(description)s, %(extra)s)]
Mar 05 04:59:06 ubuntu devstack@keystone.service[81987]: ERROR keystone.server.flask.application [parameters: {'id': '929748bcb34e43e3baa2c5c5d8c7d3d2', 'name': 'service', 'description': None, 'extra': '{}'}]
Mar 05 04:59:06 ubuntu devstack@keystone.service[81987]: ERROR keystone.server.flask.application (Background on this error at: https://sqlalche.me/e/20/gkpj)
Mar 05 04:59:06 ubuntu devstack@keystone.service[81987]: ERROR keystone.server.flask.application 
Mar 05 04:59:06 ubuntu devstack@keystone.service[81987]: ERROR keystone.server.flask.application During handling of the above exception, another exception occurred:
Mar 05 04:59:06 ubuntu devstack@keystone.service[81987]: ERROR keystone.server.flask.application 
Mar 05 04:59:06 ubuntu devstack@keystone.service[81987]: ERROR keystone.server.flask.application Traceback (most recent call last):
Mar 05 04:59:06 ubuntu devstack@keystone.service[81987]: ERROR keystone.server.flask.application   File "/opt/stack/data/venv/lib/python3.10/site-packages/flask/app.py", line 917, in full_dispatch_request
Mar 05 04:59:06 ubuntu devstack@keystone.service[81987]: ERROR keystone.server.flask.application     rv = self.dispatch_request()
Mar 05 04:59:06 ubuntu devstack@keystone.service[81987]: ERROR keystone.server.flask.application   File "/opt/stack/data/venv/lib/python3.10/site-packages/flask/app.py", line 902, in dispatch_request
Mar 05 04:59:06 ubuntu devstack@keystone.service[81987]: ERROR keystone.server.flask.application     return self.ensure_sync(self.view_functions[rule.endpoint])(**view_args)  # type: ignore[no-any-return]
Mar 05 04:59:06 ubuntu devstack@keystone.service[81987]: ERROR keystone.server.flask.application   File "/opt/stack/data/venv/lib/python3.10/site-packages/flask_restful/__init__.py", line 489, in wrapper
Mar 05 04:59:06 ubuntu devstack@keystone.service[81987]: ERROR keystone.server.flask.application     resp = resource(*args, **kwargs)
Mar 05 04:59:06 ubuntu devstack@keystone.service[81987]: ERROR keystone.server.flask.application   File "/opt/stack/data/venv/lib/python3.10/site-packages/flask/views.py", line 110, in view
Mar 05 04:59:06 ubuntu devstack@keystone.service[81987]: ERROR keystone.server.flask.application     return current_app.ensure_sync(self.dispatch_request)(**kwargs)  # type: ignore[no-any-return]
Mar 05 04:59:06 ubuntu devstack@keystone.service[81987]: ERROR keystone.server.flask.application   File "/opt/stack/data/venv/lib/python3.10/site-packages/flask_restful/__init__.py", line 604, in dispatch_request
Mar 05 04:59:06 ubuntu devstack@keystone.service[81987]: ERROR keystone.server.flask.application     resp = meth(*args, **kwargs)
Mar 05 04:59:06 ubuntu devstack@keystone.service[81987]: ERROR keystone.server.flask.application   File "/opt/stack/keystone/keystone/api/validation/__init__.py", line 86, in wrapper
Mar 05 04:59:06 ubuntu devstack@keystone.service[81987]: ERROR keystone.server.flask.application     return func(*args, **kwargs)
Mar 05 04:59:06 ubuntu devstack@keystone.service[81987]: ERROR keystone.server.flask.application   File "/opt/stack/keystone/keystone/api/validation/__init__.py", line 145, in wrapper
Mar 05 04:59:06 ubuntu devstack@keystone.service[81987]: ERROR keystone.server.flask.application     response = func(*args, **kwargs)
Mar 05 04:59:06 ubuntu devstack@keystone.service[81987]: ERROR keystone.server.flask.application   File "/opt/stack/keystone/keystone/api/roles.py", line 91, in post
Mar 05 04:59:06 ubuntu devstack@keystone.service[81987]: ERROR keystone.server.flask.application     ref = PROVIDERS.role_api.create_role(
Mar 05 04:59:06 ubuntu devstack@keystone.service[81987]: ERROR keystone.server.flask.application   File "/opt/stack/keystone/keystone/common/manager.py", line 114, in wrapped
Mar 05 04:59:06 ubuntu devstack@keystone.service[81987]: ERROR keystone.server.flask.application     __ret_val = __f(*args, **kwargs)
Mar 05 04:59:06 ubuntu devstack@keystone.service[81987]: ERROR keystone.server.flask.application   File "/opt/stack/keystone/keystone/assignment/core.py", line 1526, in create_role
Mar 05 04:59:06 ubuntu devstack@keystone.service[81987]: ERROR keystone.server.flask.application     ret = self.driver.create_role(role_id, role)
Mar 05 04:59:06 ubuntu devstack@keystone.service[81987]: ERROR keystone.server.flask.application   File "/opt/stack/keystone/keystone/common/sql/core.py", line 614, in wrapper
Mar 05 04:59:06 ubuntu devstack@keystone.service[81987]: ERROR keystone.server.flask.application     raise exception.Conflict(type=conflict_type, details=msg)
Mar 05 04:59:06 ubuntu devstack@keystone.service[81987]: ERROR keystone.server.flask.application keystone.exception.Conflict: Conflict occurred attempting to store role - Duplicate entry found with name service.
Mar 05 04:59:06 ubuntu devstack@keystone.service[81987]: ERROR keystone.server.flask.application 
Mar 05 04:59:06 ubuntu devstack@keystone.service[81987]: [pid: 81987|app: 0|req: 19/36] 10.201.5.82 () {60 vars in 1168 bytes} [Thu Mar  5 04:59:05 2026] POST /identity/v3/roles => generated 140 bytes in 169 msecs (HTTP/1.1 409) 5 headers in 183 bytes (1 switches on core 0)
Mar 05 04:59:06 ubuntu devstack@keystone.service[81987]: DEBUG keystone.server.flask.request_processing.middleware.auth_context [None req-9fac6eb8-b675-43c1-9823-b82ae493affe None admin] Authenticating user token {{(pid=81987) process_request /opt/stack/data/venv/lib/python3.10/site-packages/keystonemiddleware/auth_token/__init__.py:407}}
Mar 05 04:59:06 ubuntu devstack@keystone.service[81986]: DEBUG keystone.server.flask.request_processing.middleware.auth_context [None req-94485561-2642-4a21-976f-1fc58f8f1915 None admin] RBAC: auth_context: {'token': <TokenModel (audit_id=RLPI1EGkRBWICAo0mcR4JQ, audit_chain_id=['RLPI1EGkRBWICAo0mcR4JQ']) at 0x7fa9c64ac3d0>, 'domain_id': None, 'trust_id': None, 'trustor_id': None, 'trustee_id': None, 'domain_name': None, 'group_ids': [], 'user_id': 'ed2711ec415c47b8af188bce8b08f887', 'user_domain_id': 'default', 'system_scope': 'all', 'project_id': None, 'project_domain_id': None, 'roles': ['admin', 'manager', 'member', 'reader'], 'is_admin_project': True, 'service_user_id': None, 'service_user_domain_id': None, 'service_project_id': None, 'service_project_domain_id': None, 'service_roles': []} {{(pid=81986) fill_context /opt/stack/keystone/keystone/server/flask/request_processing/middleware/auth_context.py:509}}
Mar 05 04:59:06 ubuntu devstack@keystone.service[81986]: DEBUG keystone.server.flask.request_processing.req_logging [None req-94485561-2642-4a21-976f-1fc58f8f1915 None admin] REQUEST_METHOD: `GET` {{(pid=81986) log_request_info /opt/stack/keystone/keystone/server/flask/request_processing/req_logging.py:26}}
Mar 05 04:59:06 ubuntu devstack@keystone.service[81986]: DEBUG keystone.server.flask.request_processing.req_logging [None req-94485561-2642-4a21-976f-1fc58f8f1915 None admin] SCRIPT_NAME: `/identity` {{(pid=81986) log_request_info /opt/stack/keystone/keystone/server/flask/request_processing/req_logging.py:27}}
Mar 05 04:59:06 ubuntu devstack@keystone.service[81986]: DEBUG keystone.server.flask.request_processing.req_logging [None req-94485561-2642-4a21-976f-1fc58f8f1915 None admin] PATH_INFO: `/v3/users/ed2711ec415c47b8af188bce8b08f887` {{(pid=81986) log_request_info /opt/stack/keystone/keystone/server/flask/request_processing/req_logging.py:28}}
Mar 05 04:59:06 ubuntu devstack@keystone.service[81986]: DEBUG keystone.common.rbac_enforcer.enforcer [None req-94485561-2642-4a21-976f-1fc58f8f1915 None admin] RBAC: Authorizing `identity:get_user(user_id=ed2711ec415c47b8af188bce8b08f887)` {{(pid=81986) enforce_call /opt/stack/keystone/keystone/common/rbac_enforcer/enforcer.py:494}}
Mar 05 04:59:06 ubuntu devstack@keystone.service[81986]: DEBUG keystone.common.rbac_enforcer.enforcer [None req-94485561-2642-4a21-976f-1fc58f8f1915 None admin] RBAC: Authorization granted {{(pid=81986) enforce_call /opt/stack/keystone/keystone/common/rbac_enforcer/enforcer.py:505}}
Mar 05 04:59:06 ubuntu devstack@keystone.service[81986]: [pid: 81986|app: 0|req: 18/37] 10.201.5.82 () {56 vars in 1214 bytes} [Thu Mar  5 04:59:05 2026] GET /identity/v3/users/ed2711ec415c47b8af188bce8b08f887 => generated 247 bytes in 125 msecs (HTTP/1.1 200) 5 headers in 177 bytes (1 switches on core 0)
Mar 05 04:59:06 ubuntu devstack@keystone.service[81986]: DEBUG keystone.server.flask.request_processing.middleware.auth_context [None req-94485561-2642-4a21-976f-1fc58f8f1915 None admin] Authenticating user token {{(pid=81986) process_request /opt/stack/data/venv/lib/python3.10/site-packages/keystonemiddleware/auth_token/__init__.py:407}}
Mar 05 04:59:06 ubuntu devstack@keystone.service[81987]: DEBUG keystone.server.flask.request_processing.middleware.auth_context [None req-9fac6eb8-b675-43c1-9823-b82ae493affe None admin] Validating token access rules against request {{(pid=81987) validate_allowed_request /opt/stack/data/venv/lib/python3.10/site-packages/keystonemiddleware/auth_token/__init__.py:545}}
Mar 05 04:59:06 ubuntu devstack@keystone.service[81987]: DEBUG keystone.server.flask.request_processing.middleware.auth_context [None req-56d32907-d9c5-4e1b-b446-14dd302579cb None admin] RBAC: auth_context: {'token': <TokenModel (audit_id=7B_PVrNbQcqTQos81R28Lw, audit_chain_id=['7B_PVrNbQcqTQos81R28Lw']) at 0x7fa9c61df520>, 'domain_id': None, 'trust_id': None, 'trustor_id': None, 'trustee_id': None, 'domain_name': None, 'group_ids': [], 'user_id': 'ed2711ec415c47b8af188bce8b08f887', 'user_domain_id': 'default', 'system_scope': 'all', 'project_id': None, 'project_domain_id': None, 'roles': ['admin', 'manager', 'member', 'reader'], 'is_admin_project': True, 'service_user_id': None, 'service_user_domain_id': None, 'service_project_id': None, 'service_project_domain_id': None, 'service_roles': []} {{(pid=81987) fill_context /opt/stack/keystone/keystone/server/flask/request_processing/middleware/auth_context.py:509}}
Mar 05 04:59:06 ubuntu devstack@keystone.service[81987]: DEBUG keystone.server.flask.request_processing.req_logging [None req-56d32907-d9c5-4e1b-b446-14dd302579cb None admin] REQUEST_METHOD: `POST` {{(pid=81987) log_request_info /opt/stack/keystone/keystone/server/flask/request_processing/req_logging.py:26}}
Mar 05 04:59:06 ubuntu devstack@keystone.service[81987]: DEBUG keystone.server.flask.request_processing.req_logging [None req-56d32907-d9c5-4e1b-b446-14dd302579cb None admin] SCRIPT_NAME: `/identity` {{(pid=81987) log_request_info /opt/stack/keystone/keystone/server/flask/request_processing/req_logging.py:27}}
Mar 05 04:59:06 ubuntu devstack@keystone.service[81987]: DEBUG keystone.server.flask.request_processing.req_logging [None req-56d32907-d9c5-4e1b-b446-14dd302579cb None admin] PATH_INFO: `/v3/roles` {{(pid=81987) log_request_info /opt/stack/keystone/keystone/server/flask/request_processing/req_logging.py:28}}
Mar 05 04:59:06 ubuntu devstack@keystone.service[81987]: DEBUG keystone.common.rbac_enforcer.enforcer [None req-56d32907-d9c5-4e1b-b446-14dd302579cb None admin] RBAC: Authorizing `identity:create_role()` {{(pid=81987) enforce_call /opt/stack/keystone/keystone/common/rbac_enforcer/enforcer.py:494}}
Mar 05 04:59:06 ubuntu devstack@keystone.service[81987]: DEBUG keystone.common.rbac_enforcer.enforcer [None req-56d32907-d9c5-4e1b-b446-14dd302579cb None admin] RBAC: Authorization granted {{(pid=81987) enforce_call /opt/stack/keystone/keystone/common/rbac_enforcer/enforcer.py:505}}
Mar 05 04:59:06 ubuntu devstack@keystone.service[81987]: [pid: 81987|app: 0|req: 20/38] 10.201.5.82 () {60 vars in 1168 bytes} [Thu Mar  5 04:59:06 2026] POST /identity/v3/roles => generated 225 bytes in 70 msecs (HTTP/1.1 201) 5 headers in 182 bytes (1 switches on core 0)
Mar 05 04:59:06 ubuntu devstack@keystone.service[81987]: DEBUG keystone.server.flask.request_processing.middleware.auth_context [None req-56d32907-d9c5-4e1b-b446-14dd302579cb None admin] Authenticating user token {{(pid=81987) process_request /opt/stack/data/venv/lib/python3.10/site-packages/keystonemiddleware/auth_token/__init__.py:407}}
Mar 05 04:59:06 ubuntu devstack@keystone.service[81986]: DEBUG keystone.server.flask.request_processing.middleware.auth_context [None req-94485561-2642-4a21-976f-1fc58f8f1915 None admin] Validating token access rules against request {{(pid=81986) validate_allowed_request /opt/stack/data/venv/lib/python3.10/site-packages/keystonemiddleware/auth_token/__init__.py:545}}
Mar 05 04:59:06 ubuntu devstack@keystone.service[81987]: DEBUG keystone.server.flask.request_processing.middleware.auth_context [None req-56d32907-d9c5-4e1b-b446-14dd302579cb None admin] Validating token access rules against request {{(pid=81987) validate_allowed_request /opt/stack/data/venv/lib/python3.10/site-packages/keystonemiddleware/auth_token/__init__.py:545}}
Mar 05 04:59:06 ubuntu devstack@keystone.service[81986]: DEBUG keystone.server.flask.request_processing.middleware.auth_context [None req-785024dd-2adb-456a-a1c6-0f14588b1668 None admin] RBAC: auth_context: {'token': <TokenModel (audit_id=Z1vL5wymQmmYR4ZwF8Hxuw, audit_chain_id=['Z1vL5wymQmmYR4ZwF8Hxuw']) at 0x7fa9c64cfd60>, 'domain_id': None, 'trust_id': None, 'trustor_id': None, 'trustee_id': None, 'domain_name': None, 'group_ids': [], 'user_id': 'ed2711ec415c47b8af188bce8b08f887', 'user_domain_id': 'default', 'system_scope': 'all', 'project_id': None, 'project_domain_id': None, 'roles': ['admin', 'manager', 'member', 'reader'], 'is_admin_project': True, 'service_user_id': None, 'service_user_domain_id': None, 'service_project_id': None, 'service_project_domain_id': None, 'service_roles': []} {{(pid=81986) fill_context /opt/stack/keystone/keystone/server/flask/request_processing/middleware/auth_context.py:509}}
Mar 05 04:59:06 ubuntu devstack@keystone.service[81986]: DEBUG keystone.server.flask.request_processing.req_logging [None req-785024dd-2adb-456a-a1c6-0f14588b1668 None admin] REQUEST_METHOD: `GET` {{(pid=81986) log_request_info /opt/stack/keystone/keystone/server/flask/request_processing/req_logging.py:26}}
Mar 05 04:59:06 ubuntu devstack@keystone.service[81986]: DEBUG keystone.server.flask.request_processing.req_logging [None req-785024dd-2adb-456a-a1c6-0f14588b1668 None admin] SCRIPT_NAME: `/identity` {{(pid=81986) log_request_info /opt/stack/keystone/keystone/server/flask/request_processing/req_logging.py:27}}
Mar 05 04:59:06 ubuntu devstack@keystone.service[81986]: DEBUG keystone.server.flask.request_processing.req_logging [None req-785024dd-2adb-456a-a1c6-0f14588b1668 None admin] PATH_INFO: `/v3/roles/service` {{(pid=81986) log_request_info /opt/stack/keystone/keystone/server/flask/request_processing/req_logging.py:28}}
Mar 05 04:59:06 ubuntu devstack@keystone.service[81986]: DEBUG keystone.common.rbac_enforcer.enforcer [None req-785024dd-2adb-456a-a1c6-0f14588b1668 None admin] Extracting inferred target data resulted in "NOT FOUND (404)". {{(pid=81986) enforce_call /opt/stack/keystone/keystone/common/rbac_enforcer/enforcer.py:445}}
Mar 05 04:59:06 ubuntu devstack@keystone.service[81986]: DEBUG keystone.server.flask.application [None req-785024dd-2adb-456a-a1c6-0f14588b1668 None admin] Could not find role: service. {{(pid=81986) _handle_keystone_exception /opt/stack/keystone/keystone/server/flask/application.py:146}}
Mar 05 04:59:06 ubuntu devstack@keystone.service[81986]: [pid: 81986|app: 0|req: 19/39] 10.201.5.82 () {56 vars in 1139 bytes} [Thu Mar  5 04:59:06 2026] GET /identity/v3/roles/service => generated 85 bytes in 144 msecs (HTTP/1.1 404) 5 headers in 183 bytes (1 switches on core 0)
Mar 05 04:59:06 ubuntu devstack@keystone.service[81986]: DEBUG keystone.server.flask.request_processing.middleware.auth_context [None req-785024dd-2adb-456a-a1c6-0f14588b1668 None admin] Authenticating user token {{(pid=81986) process_request /opt/stack/data/venv/lib/python3.10/site-packages/keystonemiddleware/auth_token/__init__.py:407}}
Mar 05 04:59:06 ubuntu devstack@keystone.service[81987]: DEBUG keystone.server.flask.request_processing.middleware.auth_context [None req-f60f1ff8-a64c-4e12-87f8-d378b33d7ba5 None admin] RBAC: auth_context: {'token': <TokenModel (audit_id=RLPI1EGkRBWICAo0mcR4JQ, audit_chain_id=['RLPI1EGkRBWICAo0mcR4JQ']) at 0x7fa9c61dd360>, 'domain_id': None, 'trust_id': None, 'trustor_id': None, 'trustee_id': None, 'domain_name': None, 'group_ids': [], 'user_id': 'ed2711ec415c47b8af188bce8b08f887', 'user_domain_id': 'default', 'system_scope': 'all', 'project_id': None, 'project_domain_id': None, 'roles': ['admin', 'manager', 'member', 'reader'], 'is_admin_project': True, 'service_user_id': None, 'service_user_domain_id': None, 'service_project_id': None, 'service_project_domain_id': None, 'service_roles': []} {{(pid=81987) fill_context /opt/stack/keystone/keystone/server/flask/request_processing/middleware/auth_context.py:509}}
Mar 05 04:59:06 ubuntu devstack@keystone.service[81987]: DEBUG keystone.server.flask.request_processing.req_logging [None req-f60f1ff8-a64c-4e12-87f8-d378b33d7ba5 None admin] REQUEST_METHOD: `GET` {{(pid=81987) log_request_info /opt/stack/keystone/keystone/server/flask/request_processing/req_logging.py:26}}
Mar 05 04:59:06 ubuntu devstack@keystone.service[81987]: DEBUG keystone.server.flask.request_processing.req_logging [None req-f60f1ff8-a64c-4e12-87f8-d378b33d7ba5 None admin] SCRIPT_NAME: `/identity` {{(pid=81987) log_request_info /opt/stack/keystone/keystone/server/flask/request_processing/req_logging.py:27}}
Mar 05 04:59:06 ubuntu devstack@keystone.service[81987]: DEBUG keystone.server.flask.request_processing.req_logging [None req-f60f1ff8-a64c-4e12-87f8-d378b33d7ba5 None admin] PATH_INFO: `/v3/domains/default` {{(pid=81987) log_request_info /opt/stack/keystone/keystone/server/flask/request_processing/req_logging.py:28}}
Mar 05 04:59:06 ubuntu devstack@keystone.service[81987]: DEBUG keystone.common.rbac_enforcer.enforcer [None req-f60f1ff8-a64c-4e12-87f8-d378b33d7ba5 None admin] RBAC: Authorizing `identity:get_domain(domain_id=default)` {{(pid=81987) enforce_call /opt/stack/keystone/keystone/common/rbac_enforcer/enforcer.py:494}}
Mar 05 04:59:06 ubuntu devstack@keystone.service[81987]: DEBUG keystone.common.rbac_enforcer.enforcer [None req-f60f1ff8-a64c-4e12-87f8-d378b33d7ba5 None admin] RBAC: Authorization granted {{(pid=81987) enforce_call /opt/stack/keystone/keystone/common/rbac_enforcer/enforcer.py:505}}
Mar 05 04:59:06 ubuntu devstack@keystone.service[81987]: [pid: 81987|app: 0|req: 21/40] 10.201.5.82 () {56 vars in 1145 bytes} [Thu Mar  5 04:59:06 2026] GET /identity/v3/domains/default => generated 199 bytes in 114 msecs (HTTP/1.1 200) 5 headers in 177 bytes (1 switches on core 0)
Mar 05 04:59:06 ubuntu devstack@keystone.service[81987]: DEBUG keystone.server.flask.request_processing.middleware.auth_context [None req-f60f1ff8-a64c-4e12-87f8-d378b33d7ba5 None admin] Authenticating user token {{(pid=81987) process_request /opt/stack/data/venv/lib/python3.10/site-packages/keystonemiddleware/auth_token/__init__.py:407}}
Mar 05 04:59:06 ubuntu devstack@keystone.service[81986]: DEBUG keystone.server.flask.request_processing.middleware.auth_context [None req-785024dd-2adb-456a-a1c6-0f14588b1668 None admin] Validating token access rules against request {{(pid=81986) validate_allowed_request /opt/stack/data/venv/lib/python3.10/site-packages/keystonemiddleware/auth_token/__init__.py:545}}
Mar 05 04:59:06 ubuntu devstack@keystone.service[81987]: DEBUG keystone.server.flask.request_processing.middleware.auth_context [None req-f60f1ff8-a64c-4e12-87f8-d378b33d7ba5 None admin] Validating token access rules against request {{(pid=81987) validate_allowed_request /opt/stack/data/venv/lib/python3.10/site-packages/keystonemiddleware/auth_token/__init__.py:545}}
Mar 05 04:59:06 ubuntu devstack@keystone.service[81986]: DEBUG keystone.server.flask.request_processing.middleware.auth_context [None req-2e7b5211-0ba0-463a-b840-c4750e2e2af2 None admin] RBAC: auth_context: {'token': <TokenModel (audit_id=Z1vL5wymQmmYR4ZwF8Hxuw, audit_chain_id=['Z1vL5wymQmmYR4ZwF8Hxuw']) at 0x7fa9c64cf940>, 'domain_id': None, 'trust_id': None, 'trustor_id': None, 'trustee_id': None, 'domain_name': None, 'group_ids': [], 'user_id': 'ed2711ec415c47b8af188bce8b08f887', 'user_domain_id': 'default', 'system_scope': 'all', 'project_id': None, 'project_domain_id': None, 'roles': ['admin', 'manager', 'member', 'reader'], 'is_admin_project': True, 'service_user_id': None, 'service_user_domain_id': None, 'service_project_id': None, 'service_project_domain_id': None, 'service_roles': []} {{(pid=81986) fill_context /opt/stack/keystone/keystone/server/flask/request_processing/middleware/auth_context.py:509}}
Mar 05 04:59:06 ubuntu devstack@keystone.service[81986]: DEBUG keystone.server.flask.request_processing.req_logging [None req-2e7b5211-0ba0-463a-b840-c4750e2e2af2 None admin] REQUEST_METHOD: `GET` {{(pid=81986) log_request_info /opt/stack/keystone/keystone/server/flask/request_processing/req_logging.py:26}}
Mar 05 04:59:06 ubuntu devstack@keystone.service[81986]: DEBUG keystone.server.flask.request_processing.req_logging [None req-2e7b5211-0ba0-463a-b840-c4750e2e2af2 None admin] SCRIPT_NAME: `/identity` {{(pid=81986) log_request_info /opt/stack/keystone/keystone/server/flask/request_processing/req_logging.py:27}}
Mar 05 04:59:06 ubuntu devstack@keystone.service[81986]: DEBUG keystone.server.flask.request_processing.req_logging [None req-2e7b5211-0ba0-463a-b840-c4750e2e2af2 None admin] PATH_INFO: `/v3/roles` {{(pid=81986) log_request_info /opt/stack/keystone/keystone/server/flask/request_processing/req_logging.py:28}}
Mar 05 04:59:06 ubuntu devstack@keystone.service[81986]: DEBUG keystone.common.rbac_enforcer.enforcer [None req-2e7b5211-0ba0-463a-b840-c4750e2e2af2 None admin] RBAC: Adding query filter params (name=service) {{(pid=81986) _extract_filter_values /opt/stack/keystone/keystone/common/rbac_enforcer/enforcer.py:176}}
Mar 05 04:59:06 ubuntu devstack@keystone.service[81986]: DEBUG keystone.common.rbac_enforcer.enforcer [None req-2e7b5211-0ba0-463a-b840-c4750e2e2af2 None admin] RBAC: Authorizing `identity:list_roles()` {{(pid=81986) enforce_call /opt/stack/keystone/keystone/common/rbac_enforcer/enforcer.py:494}}
Mar 05 04:59:06 ubuntu devstack@keystone.service[81987]: DEBUG keystone.server.flask.request_processing.middleware.auth_context [None req-f63b8dba-5577-4ce3-b373-8fb017df9664 None admin] RBAC: auth_context: {'token': <TokenModel (audit_id=RLPI1EGkRBWICAo0mcR4JQ, audit_chain_id=['RLPI1EGkRBWICAo0mcR4JQ']) at 0x7fa9c6d4eef0>, 'domain_id': None, 'trust_id': None, 'trustor_id': None, 'trustee_id': None, 'domain_name': None, 'group_ids': [], 'user_id': 'ed2711ec415c47b8af188bce8b08f887', 'user_domain_id': 'default', 'system_scope': 'all', 'project_id': None, 'project_domain_id': None, 'roles': ['admin', 'manager', 'member', 'reader'], 'is_admin_project': True, 'service_user_id': None, 'service_user_domain_id': None, 'service_project_id': None, 'service_project_domain_id': None, 'service_roles': []} {{(pid=81987) fill_context /opt/stack/keystone/keystone/server/flask/request_processing/middleware/auth_context.py:509}}
Mar 05 04:59:06 ubuntu devstack@keystone.service[81987]: DEBUG keystone.server.flask.request_processing.req_logging [None req-f63b8dba-5577-4ce3-b373-8fb017df9664 None admin] REQUEST_METHOD: `GET` {{(pid=81987) log_request_info /opt/stack/keystone/keystone/server/flask/request_processing/req_logging.py:26}}
Mar 05 04:59:06 ubuntu devstack@keystone.service[81987]: DEBUG keystone.server.flask.request_processing.req_logging [None req-f63b8dba-5577-4ce3-b373-8fb017df9664 None admin] SCRIPT_NAME: `/identity` {{(pid=81987) log_request_info /opt/stack/keystone/keystone/server/flask/request_processing/req_logging.py:27}}
Mar 05 04:59:06 ubuntu devstack@keystone.service[81987]: DEBUG keystone.server.flask.request_processing.req_logging [None req-f63b8dba-5577-4ce3-b373-8fb017df9664 None admin] PATH_INFO: `/v3/role_assignments` {{(pid=81987) log_request_info /opt/stack/keystone/keystone/server/flask/request_processing/req_logging.py:28}}
Mar 05 04:59:06 ubuntu devstack@keystone.service[81986]: DEBUG keystone.common.rbac_enforcer.enforcer [None req-2e7b5211-0ba0-463a-b840-c4750e2e2af2 None admin] RBAC: Authorization granted {{(pid=81986) enforce_call /opt/stack/keystone/keystone/common/rbac_enforcer/enforcer.py:505}}
Mar 05 04:59:06 ubuntu devstack@keystone.service[81987]: DEBUG keystone.common.rbac_enforcer.enforcer [None req-f63b8dba-5577-4ce3-b373-8fb017df9664 None admin] RBAC: Adding query filter params (role.id=66270627d63e46dba1fec90485c5ee58, scope.domain.id=default, user.id=ed2711ec415c47b8af188bce8b08f887) {{(pid=81987) _extract_filter_values /opt/stack/keystone/keystone/common/rbac_enforcer/enforcer.py:176}}
Mar 05 04:59:06 ubuntu devstack@keystone.service[81987]: DEBUG keystone.common.rbac_enforcer.enforcer [None req-f63b8dba-5577-4ce3-b373-8fb017df9664 None admin] RBAC: Authorizing `identity:list_role_assignments()` {{(pid=81987) enforce_call /opt/stack/keystone/keystone/common/rbac_enforcer/enforcer.py:494}}
Mar 05 04:59:06 ubuntu devstack@keystone.service[81987]: DEBUG keystone.common.rbac_enforcer.enforcer [None req-f63b8dba-5577-4ce3-b373-8fb017df9664 None admin] RBAC: Authorization granted {{(pid=81987) enforce_call /opt/stack/keystone/keystone/common/rbac_enforcer/enforcer.py:505}}
Mar 05 04:59:06 ubuntu devstack@keystone.service[81987]: [pid: 81987|app: 0|req: 22/41] 10.201.5.82 () {56 vars in 1372 bytes} [Thu Mar  5 04:59:06 2026] GET /identity/v3/role_assignments?role.id=66270627d63e46dba1fec90485c5ee58&scope.domain.id=default&user.id=ed2711ec415c47b8af188bce8b08f887 => generated 530 bytes in 83 msecs (HTTP/1.1 200) 5 headers in 177 bytes (1 switches on core 0)
Mar 05 04:59:06 ubuntu devstack@keystone.service[81986]: [pid: 81986|app: 0|req: 20/42] 10.201.5.82 () {56 vars in 1153 bytes} [Thu Mar  5 04:59:06 2026] GET /identity/v3/roles?name=service => generated 343 bytes in 101 msecs (HTTP/1.1 200) 5 headers in 177 bytes (1 switches on core 0)
Mar 05 04:59:06 ubuntu devstack@keystone.service[81987]: DEBUG keystone.server.flask.request_processing.req_logging [None req-18c35dda-5d4c-45b1-9fde-a6ad729a632d None None] REQUEST_METHOD: `GET` {{(pid=81987) log_request_info /opt/stack/keystone/keystone/server/flask/request_processing/req_logging.py:26}}
Mar 05 04:59:06 ubuntu devstack@keystone.service[81987]: DEBUG keystone.server.flask.request_processing.req_logging [None req-18c35dda-5d4c-45b1-9fde-a6ad729a632d None None] SCRIPT_NAME: `/identity` {{(pid=81987) log_request_info /opt/stack/keystone/keystone/server/flask/request_processing/req_logging.py:27}}
Mar 05 04:59:06 ubuntu devstack@keystone.service[81987]: DEBUG keystone.server.flask.request_processing.req_logging [None req-18c35dda-5d4c-45b1-9fde-a6ad729a632d None None] PATH_INFO: `/` {{(pid=81987) log_request_info /opt/stack/keystone/keystone/server/flask/request_processing/req_logging.py:28}}
Mar 05 04:59:06 ubuntu devstack@keystone.service[81987]: [pid: 81987|app: 0|req: 23/43] 10.201.5.82 () {54 vars in 920 bytes} [Thu Mar  5 04:59:06 2026] GET /identity => generated 270 bytes in 2 msecs (HTTP/1.1 300) 6 headers in 234 bytes (1 switches on core 0)
Mar 05 04:59:06 ubuntu devstack@keystone.service[81986]: DEBUG keystone.server.flask.request_processing.req_logging [None req-2867f940-bb06-41c6-9f1c-245e4caf79fa None None] REQUEST_METHOD: `POST` {{(pid=81986) log_request_info /opt/stack/keystone/keystone/server/flask/request_processing/req_logging.py:26}}
Mar 05 04:59:06 ubuntu devstack@keystone.service[81986]: DEBUG keystone.server.flask.request_processing.req_logging [None req-2867f940-bb06-41c6-9f1c-245e4caf79fa None None] SCRIPT_NAME: `/identity` {{(pid=81986) log_request_info /opt/stack/keystone/keystone/server/flask/request_processing/req_logging.py:27}}
Mar 05 04:59:06 ubuntu devstack@keystone.service[81986]: DEBUG keystone.server.flask.request_processing.req_logging [None req-2867f940-bb06-41c6-9f1c-245e4caf79fa None None] PATH_INFO: `/v3/auth/tokens` {{(pid=81986) log_request_info /opt/stack/keystone/keystone/server/flask/request_processing/req_logging.py:28}}
Mar 05 04:59:06 ubuntu devstack@keystone.service[81986]: WARNING keystone.common.password_hashing [None req-2867f940-bb06-41c6-9f1c-245e4caf79fa None None] Truncating password to algorithm specific maximum length 72 characters.
Mar 05 04:59:06 ubuntu devstack@keystone.service[81986]: DEBUG keystone.auth.core [None req-2867f940-bb06-41c6-9f1c-245e4caf79fa None None] MFA Rules not processed for user `ed2711ec415c47b8af188bce8b08f887`. Rule list: `[]` (Enabled: `True`). {{(pid=81986) check_auth_methods_against_rules /opt/stack/keystone/keystone/auth/core.py:476}}
Mar 05 04:59:06 ubuntu devstack@keystone.service[81986]: DEBUG keystone.common.fernet_utils [None req-2867f940-bb06-41c6-9f1c-245e4caf79fa None None] Loaded 2 Fernet keys from /etc/keystone/fernet-keys/, but `[fernet_tokens] max_active_keys = 3`; perhaps there have not been enough key rotations to reach `max_active_keys` yet? {{(pid=81986) load_keys /opt/stack/keystone/keystone/common/fernet_utils.py:297}}
Mar 05 04:59:06 ubuntu devstack@keystone.service[81987]: DEBUG keystone.server.flask.request_processing.req_logging [None req-f8a19006-c0cd-486c-9bd9-7825b607ed5c None None] REQUEST_METHOD: `GET` {{(pid=81987) log_request_info /opt/stack/keystone/keystone/server/flask/request_processing/req_logging.py:26}}
Mar 05 04:59:06 ubuntu devstack@keystone.service[81987]: DEBUG keystone.server.flask.request_processing.req_logging [None req-f8a19006-c0cd-486c-9bd9-7825b607ed5c None None] SCRIPT_NAME: `/identity` {{(pid=81987) log_request_info /opt/stack/keystone/keystone/server/flask/request_processing/req_logging.py:27}}
Mar 05 04:59:06 ubuntu devstack@keystone.service[81987]: DEBUG keystone.server.flask.request_processing.req_logging [None req-f8a19006-c0cd-486c-9bd9-7825b607ed5c None None] PATH_INFO: `/` {{(pid=81987) log_request_info /opt/stack/keystone/keystone/server/flask/request_processing/req_logging.py:28}}
Mar 05 04:59:06 ubuntu devstack@keystone.service[81987]: [pid: 81987|app: 0|req: 24/44] 10.201.5.82 () {54 vars in 920 bytes} [Thu Mar  5 04:59:06 2026] GET /identity => generated 270 bytes in 1 msecs (HTTP/1.1 300) 6 headers in 234 bytes (2 switches on core 0)
Mar 05 04:59:06 ubuntu devstack@keystone.service[81987]: DEBUG keystone.server.flask.request_processing.req_logging [None req-be9ffc23-a9b3-4573-88d1-a088669191a7 None None] REQUEST_METHOD: `POST` {{(pid=81987) log_request_info /opt/stack/keystone/keystone/server/flask/request_processing/req_logging.py:26}}
Mar 05 04:59:06 ubuntu devstack@keystone.service[81987]: DEBUG keystone.server.flask.request_processing.req_logging [None req-be9ffc23-a9b3-4573-88d1-a088669191a7 None None] SCRIPT_NAME: `/identity` {{(pid=81987) log_request_info /opt/stack/keystone/keystone/server/flask/request_processing/req_logging.py:27}}
Mar 05 04:59:06 ubuntu devstack@keystone.service[81987]: DEBUG keystone.server.flask.request_processing.req_logging [None req-be9ffc23-a9b3-4573-88d1-a088669191a7 None None] PATH_INFO: `/v3/auth/tokens` {{(pid=81987) log_request_info /opt/stack/keystone/keystone/server/flask/request_processing/req_logging.py:28}}
Mar 05 04:59:06 ubuntu devstack@keystone.service[81987]: WARNING keystone.common.password_hashing [None req-be9ffc23-a9b3-4573-88d1-a088669191a7 None None] Truncating password to algorithm specific maximum length 72 characters.
Mar 05 04:59:06 ubuntu devstack@keystone.service[81986]: [pid: 81986|app: 0|req: 21/45] 10.201.5.82 () {58 vars in 1017 bytes} [Thu Mar  5 04:59:06 2026] POST /identity/v3/auth/tokens => generated 862 bytes in 65 msecs (HTTP/1.1 201) 6 headers in 363 bytes (1 switches on core 0)
Mar 05 04:59:06 ubuntu devstack@keystone.service[81987]: DEBUG keystone.auth.core [None req-be9ffc23-a9b3-4573-88d1-a088669191a7 None None] MFA Rules not processed for user `ed2711ec415c47b8af188bce8b08f887`. Rule list: `[]` (Enabled: `True`). {{(pid=81987) check_auth_methods_against_rules /opt/stack/keystone/keystone/auth/core.py:476}}
Mar 05 04:59:06 ubuntu devstack@keystone.service[81987]: DEBUG keystone.common.fernet_utils [None req-be9ffc23-a9b3-4573-88d1-a088669191a7 None None] Loaded 2 Fernet keys from /etc/keystone/fernet-keys/, but `[fernet_tokens] max_active_keys = 3`; perhaps there have not been enough key rotations to reach `max_active_keys` yet? {{(pid=81987) load_keys /opt/stack/keystone/keystone/common/fernet_utils.py:297}}
Mar 05 04:59:06 ubuntu devstack@keystone.service[81987]: [pid: 81987|app: 0|req: 25/46] 10.201.5.82 () {58 vars in 1017 bytes} [Thu Mar  5 04:59:06 2026] POST /identity/v3/auth/tokens => generated 862 bytes in 51 msecs (HTTP/1.1 201) 6 headers in 363 bytes (2 switches on core 0)
Mar 05 04:59:06 ubuntu devstack@keystone.service[81986]: DEBUG keystone.server.flask.request_processing.middleware.auth_context [None req-2867f940-bb06-41c6-9f1c-245e4caf79fa None None] Authenticating user token {{(pid=81986) process_request /opt/stack/data/venv/lib/python3.10/site-packages/keystonemiddleware/auth_token/__init__.py:407}}
Mar 05 04:59:06 ubuntu devstack@keystone.service[81987]: DEBUG keystone.server.flask.request_processing.middleware.auth_context [None req-be9ffc23-a9b3-4573-88d1-a088669191a7 None None] Authenticating user token {{(pid=81987) process_request /opt/stack/data/venv/lib/python3.10/site-packages/keystonemiddleware/auth_token/__init__.py:407}}
Mar 05 04:59:06 ubuntu devstack@keystone.service[81986]: DEBUG keystone.server.flask.request_processing.middleware.auth_context [None req-2867f940-bb06-41c6-9f1c-245e4caf79fa None None] Validating token access rules against request {{(pid=81986) validate_allowed_request /opt/stack/data/venv/lib/python3.10/site-packages/keystonemiddleware/auth_token/__init__.py:545}}
Mar 05 04:59:06 ubuntu devstack@keystone.service[81987]: DEBUG keystone.server.flask.request_processing.middleware.auth_context [None req-be9ffc23-a9b3-4573-88d1-a088669191a7 None None] Validating token access rules against request {{(pid=81987) validate_allowed_request /opt/stack/data/venv/lib/python3.10/site-packages/keystonemiddleware/auth_token/__init__.py:545}}
Mar 05 04:59:06 ubuntu devstack@keystone.service[81986]: DEBUG keystone.server.flask.request_processing.middleware.auth_context [None req-2bb00192-7869-47f0-ba8e-90f9277ee54b None admin] RBAC: auth_context: {'token': <TokenModel (audit_id=ngoSQL9GT_urPeJyxeu59Q, audit_chain_id=['ngoSQL9GT_urPeJyxeu59Q']) at 0x7fa9c64cc400>, 'domain_id': None, 'trust_id': None, 'trustor_id': None, 'trustee_id': None, 'domain_name': None, 'group_ids': [], 'user_id': 'ed2711ec415c47b8af188bce8b08f887', 'user_domain_id': 'default', 'system_scope': 'all', 'project_id': None, 'project_domain_id': None, 'roles': ['admin', 'manager', 'member', 'reader'], 'is_admin_project': True, 'service_user_id': None, 'service_user_domain_id': None, 'service_project_id': None, 'service_project_domain_id': None, 'service_roles': []} {{(pid=81986) fill_context /opt/stack/keystone/keystone/server/flask/request_processing/middleware/auth_context.py:509}}
Mar 05 04:59:06 ubuntu devstack@keystone.service[81986]: DEBUG keystone.server.flask.request_processing.req_logging [None req-2bb00192-7869-47f0-ba8e-90f9277ee54b None admin] REQUEST_METHOD: `POST` {{(pid=81986) log_request_info /opt/stack/keystone/keystone/server/flask/request_processing/req_logging.py:26}}
Mar 05 04:59:06 ubuntu devstack@keystone.service[81986]: DEBUG keystone.server.flask.request_processing.req_logging [None req-2bb00192-7869-47f0-ba8e-90f9277ee54b None admin] SCRIPT_NAME: `/identity` {{(pid=81986) log_request_info /opt/stack/keystone/keystone/server/flask/request_processing/req_logging.py:27}}
Mar 05 04:59:06 ubuntu devstack@keystone.service[81986]: DEBUG keystone.server.flask.request_processing.req_logging [None req-2bb00192-7869-47f0-ba8e-90f9277ee54b None admin] PATH_INFO: `/v3/roles` {{(pid=81986) log_request_info /opt/stack/keystone/keystone/server/flask/request_processing/req_logging.py:28}}
Mar 05 04:59:06 ubuntu devstack@keystone.service[81986]: DEBUG keystone.common.rbac_enforcer.enforcer [None req-2bb00192-7869-47f0-ba8e-90f9277ee54b None admin] RBAC: Authorizing `identity:create_role()` {{(pid=81986) enforce_call /opt/stack/keystone/keystone/common/rbac_enforcer/enforcer.py:494}}
Mar 05 04:59:06 ubuntu devstack@keystone.service[81986]: DEBUG keystone.common.rbac_enforcer.enforcer [None req-2bb00192-7869-47f0-ba8e-90f9277ee54b None admin] RBAC: Authorization granted {{(pid=81986) enforce_call /opt/stack/keystone/keystone/common/rbac_enforcer/enforcer.py:505}}
Mar 05 04:59:07 ubuntu devstack@keystone.service[81987]: DEBUG keystone.server.flask.request_processing.middleware.auth_context [None req-5da0c96f-76d6-4aa0-8084-5d62c7b5bb60 None admin] RBAC: auth_context: {'token': <TokenModel (audit_id=2rUrLns9QviwFdFLhVJtlQ, audit_chain_id=['2rUrLns9QviwFdFLhVJtlQ']) at 0x7fa9c6124d00>, 'domain_id': None, 'trust_id': None, 'trustor_id': None, 'trustee_id': None, 'domain_name': None, 'group_ids': [], 'user_id': 'ed2711ec415c47b8af188bce8b08f887', 'user_domain_id': 'default', 'system_scope': 'all', 'project_id': None, 'project_domain_id': None, 'roles': ['admin', 'manager', 'member', 'reader'], 'is_admin_project': True, 'service_user_id': None, 'service_user_domain_id': None, 'service_project_id': None, 'service_project_domain_id': None, 'service_roles': []} {{(pid=81987) fill_context /opt/stack/keystone/keystone/server/flask/request_processing/middleware/auth_context.py:509}}
Mar 05 04:59:07 ubuntu devstack@keystone.service[81987]: DEBUG keystone.server.flask.request_processing.req_logging [None req-5da0c96f-76d6-4aa0-8084-5d62c7b5bb60 None admin] REQUEST_METHOD: `GET` {{(pid=81987) log_request_info /opt/stack/keystone/keystone/server/flask/request_processing/req_logging.py:26}}
Mar 05 04:59:07 ubuntu devstack@keystone.service[81987]: DEBUG keystone.server.flask.request_processing.req_logging [None req-5da0c96f-76d6-4aa0-8084-5d62c7b5bb60 None admin] SCRIPT_NAME: `/identity` {{(pid=81987) log_request_info /opt/stack/keystone/keystone/server/flask/request_processing/req_logging.py:27}}
Mar 05 04:59:07 ubuntu devstack@keystone.service[81987]: DEBUG keystone.server.flask.request_processing.req_logging [None req-5da0c96f-76d6-4aa0-8084-5d62c7b5bb60 None admin] PATH_INFO: `/v3/domains/default` {{(pid=81987) log_request_info /opt/stack/keystone/keystone/server/flask/request_processing/req_logging.py:28}}
Mar 05 04:59:07 ubuntu devstack@keystone.service[81987]: DEBUG keystone.common.rbac_enforcer.enforcer [None req-5da0c96f-76d6-4aa0-8084-5d62c7b5bb60 None admin] RBAC: Authorizing `identity:get_domain(domain_id=default)` {{(pid=81987) enforce_call /opt/stack/keystone/keystone/common/rbac_enforcer/enforcer.py:494}}
Mar 05 04:59:07 ubuntu devstack@keystone.service[81986]: [pid: 81986|app: 0|req: 22/47] 10.201.5.82 () {60 vars in 1168 bytes} [Thu Mar  5 04:59:06 2026] POST /identity/v3/roles => generated 223 bytes in 77 msecs (HTTP/1.1 201) 5 headers in 182 bytes (1 switches on core 0)
Mar 05 04:59:07 ubuntu devstack@keystone.service[81987]: DEBUG keystone.common.rbac_enforcer.enforcer [None req-5da0c96f-76d6-4aa0-8084-5d62c7b5bb60 None admin] RBAC: Authorization granted {{(pid=81987) enforce_call /opt/stack/keystone/keystone/common/rbac_enforcer/enforcer.py:505}}
Mar 05 04:59:07 ubuntu devstack@keystone.service[81987]: [pid: 81987|app: 0|req: 26/48] 10.201.5.82 () {56 vars in 1145 bytes} [Thu Mar  5 04:59:06 2026] GET /identity/v3/domains/default => generated 199 bytes in 58 msecs (HTTP/1.1 200) 5 headers in 177 bytes (2 switches on core 0)
Mar 05 04:59:07 ubuntu devstack@keystone.service[81986]: DEBUG keystone.server.flask.request_processing.middleware.auth_context [None req-2bb00192-7869-47f0-ba8e-90f9277ee54b None admin] Authenticating user token {{(pid=81986) process_request /opt/stack/data/venv/lib/python3.10/site-packages/keystonemiddleware/auth_token/__init__.py:407}}
Mar 05 04:59:07 ubuntu devstack@keystone.service[81986]: DEBUG keystone.server.flask.request_processing.middleware.auth_context [None req-2bb00192-7869-47f0-ba8e-90f9277ee54b None admin] Validating token access rules against request {{(pid=81986) validate_allowed_request /opt/stack/data/venv/lib/python3.10/site-packages/keystonemiddleware/auth_token/__init__.py:545}}
Mar 05 04:59:07 ubuntu devstack@keystone.service[81986]: DEBUG keystone.server.flask.request_processing.middleware.auth_context [None req-36d1b147-6678-4c84-84fa-43310aadec23 None admin] RBAC: auth_context: {'token': <TokenModel (audit_id=2rUrLns9QviwFdFLhVJtlQ, audit_chain_id=['2rUrLns9QviwFdFLhVJtlQ']) at 0x7fa9c64cf250>, 'domain_id': None, 'trust_id': None, 'trustor_id': None, 'trustee_id': None, 'domain_name': None, 'group_ids': [], 'user_id': 'ed2711ec415c47b8af188bce8b08f887', 'user_domain_id': 'default', 'system_scope': 'all', 'project_id': None, 'project_domain_id': None, 'roles': ['admin', 'manager', 'member', 'reader'], 'is_admin_project': True, 'service_user_id': None, 'service_user_domain_id': None, 'service_project_id': None, 'service_project_domain_id': None, 'service_roles': []} {{(pid=81986) fill_context /opt/stack/keystone/keystone/server/flask/request_processing/middleware/auth_context.py:509}}
Mar 05 04:59:07 ubuntu devstack@keystone.service[81986]: DEBUG keystone.server.flask.request_processing.req_logging [None req-36d1b147-6678-4c84-84fa-43310aadec23 None admin] REQUEST_METHOD: `POST` {{(pid=81986) log_request_info /opt/stack/keystone/keystone/server/flask/request_processing/req_logging.py:26}}
Mar 05 04:59:07 ubuntu devstack@keystone.service[81986]: DEBUG keystone.server.flask.request_processing.req_logging [None req-36d1b147-6678-4c84-84fa-43310aadec23 None admin] SCRIPT_NAME: `/identity` {{(pid=81986) log_request_info /opt/stack/keystone/keystone/server/flask/request_processing/req_logging.py:27}}
Mar 05 04:59:07 ubuntu devstack@keystone.service[81986]: DEBUG keystone.server.flask.request_processing.req_logging [None req-36d1b147-6678-4c84-84fa-43310aadec23 None admin] PATH_INFO: `/v3/projects` {{(pid=81986) log_request_info /opt/stack/keystone/keystone/server/flask/request_processing/req_logging.py:28}}
Mar 05 04:59:07 ubuntu devstack@keystone.service[81986]: DEBUG keystone.common.rbac_enforcer.enforcer [None req-36d1b147-6678-4c84-84fa-43310aadec23 None admin] RBAC: Authorizing `identity:create_project()` {{(pid=81986) enforce_call /opt/stack/keystone/keystone/common/rbac_enforcer/enforcer.py:494}}
Mar 05 04:59:07 ubuntu devstack@keystone.service[81986]: DEBUG keystone.common.rbac_enforcer.enforcer [None req-36d1b147-6678-4c84-84fa-43310aadec23 None admin] RBAC: Authorization granted {{(pid=81986) enforce_call /opt/stack/keystone/keystone/common/rbac_enforcer/enforcer.py:505}}
Mar 05 04:59:07 ubuntu devstack@keystone.service[81986]: [pid: 81986|app: 0|req: 23/49] 10.201.5.82 () {60 vars in 1177 bytes} [Thu Mar  5 04:59:07 2026] POST /identity/v3/projects => generated 312 bytes in 70 msecs (HTTP/1.1 201) 5 headers in 182 bytes (1 switches on core 0)
Mar 05 04:59:08 ubuntu devstack@keystone.service[81987]: DEBUG keystone.server.flask.request_processing.req_logging [None req-30261862-159b-4e9e-8a0a-37159e90e1bd None None] REQUEST_METHOD: `GET` {{(pid=81987) log_request_info /opt/stack/keystone/keystone/server/flask/request_processing/req_logging.py:26}}
Mar 05 04:59:08 ubuntu devstack@keystone.service[81987]: DEBUG keystone.server.flask.request_processing.req_logging [None req-30261862-159b-4e9e-8a0a-37159e90e1bd None None] SCRIPT_NAME: `/identity` {{(pid=81987) log_request_info /opt/stack/keystone/keystone/server/flask/request_processing/req_logging.py:27}}
Mar 05 04:59:08 ubuntu devstack@keystone.service[81987]: DEBUG keystone.server.flask.request_processing.req_logging [None req-30261862-159b-4e9e-8a0a-37159e90e1bd None None] PATH_INFO: `/` {{(pid=81987) log_request_info /opt/stack/keystone/keystone/server/flask/request_processing/req_logging.py:28}}
Mar 05 04:59:08 ubuntu devstack@keystone.service[81987]: [pid: 81987|app: 0|req: 27/50] 10.201.5.82 () {54 vars in 920 bytes} [Thu Mar  5 04:59:08 2026] GET /identity => generated 270 bytes in 2 msecs (HTTP/1.1 300) 6 headers in 234 bytes (1 switches on core 0)
Mar 05 04:59:08 ubuntu devstack@keystone.service[81986]: DEBUG keystone.server.flask.request_processing.req_logging [None req-d0b38408-6fea-4abd-9740-11e7138c087e None None] REQUEST_METHOD: `POST` {{(pid=81986) log_request_info /opt/stack/keystone/keystone/server/flask/request_processing/req_logging.py:26}}
Mar 05 04:59:08 ubuntu devstack@keystone.service[81986]: DEBUG keystone.server.flask.request_processing.req_logging [None req-d0b38408-6fea-4abd-9740-11e7138c087e None None] SCRIPT_NAME: `/identity` {{(pid=81986) log_request_info /opt/stack/keystone/keystone/server/flask/request_processing/req_logging.py:27}}
Mar 05 04:59:08 ubuntu devstack@keystone.service[81986]: DEBUG keystone.server.flask.request_processing.req_logging [None req-d0b38408-6fea-4abd-9740-11e7138c087e None None] PATH_INFO: `/v3/auth/tokens` {{(pid=81986) log_request_info /opt/stack/keystone/keystone/server/flask/request_processing/req_logging.py:28}}
Mar 05 04:59:08 ubuntu devstack@keystone.service[81986]: WARNING keystone.common.password_hashing [None req-d0b38408-6fea-4abd-9740-11e7138c087e None None] Truncating password to algorithm specific maximum length 72 characters.
Mar 05 04:59:08 ubuntu devstack@keystone.service[81986]: DEBUG keystone.auth.core [None req-d0b38408-6fea-4abd-9740-11e7138c087e None None] MFA Rules not processed for user `ed2711ec415c47b8af188bce8b08f887`. Rule list: `[]` (Enabled: `True`). {{(pid=81986) check_auth_methods_against_rules /opt/stack/keystone/keystone/auth/core.py:476}}
