Feb 21 08:45:07 ubuntu devstack@keystone.service[82121]: DEBUG keystone.server.flask.request_processing.req_logging [None req-1b9b5420-9f2f-4321-9ffe-7592771d3d30 None None] SCRIPT_NAME: `/identity` {{(pid=82121) log_request_info /opt/stack/keystone/keystone/server/flask/request_processing/req_logging.py:27}}
Feb 21 08:45:07 ubuntu devstack@keystone.service[82121]: DEBUG keystone.server.flask.request_processing.req_logging [None req-1b9b5420-9f2f-4321-9ffe-7592771d3d30 None None] PATH_INFO: `/` {{(pid=82121) log_request_info /opt/stack/keystone/keystone/server/flask/request_processing/req_logging.py:28}}
Feb 21 08:45:07 ubuntu devstack@keystone.service[82121]: [pid: 82121|app: 0|req: 11/23] 10.201.5.82 () {54 vars in 920 bytes} [Sat Feb 21 08:45:07 2026] GET /identity => generated 270 bytes in 3 msecs (HTTP/1.1 300) 6 headers in 234 bytes (1 switches on core 0)
Feb 21 08:45:07 ubuntu devstack@keystone.service[82122]: DEBUG keystone.server.flask.request_processing.req_logging [None req-86ac1161-7d73-400c-a8f5-8c611d91771c None None] REQUEST_METHOD: `POST` {{(pid=82122) log_request_info /opt/stack/keystone/keystone/server/flask/request_processing/req_logging.py:26}}
Feb 21 08:45:07 ubuntu devstack@keystone.service[82122]: DEBUG keystone.server.flask.request_processing.req_logging [None req-86ac1161-7d73-400c-a8f5-8c611d91771c None None] SCRIPT_NAME: `/identity` {{(pid=82122) log_request_info /opt/stack/keystone/keystone/server/flask/request_processing/req_logging.py:27}}
Feb 21 08:45:07 ubuntu devstack@keystone.service[82122]: DEBUG keystone.server.flask.request_processing.req_logging [None req-86ac1161-7d73-400c-a8f5-8c611d91771c None None] PATH_INFO: `/v3/auth/tokens` {{(pid=82122) log_request_info /opt/stack/keystone/keystone/server/flask/request_processing/req_logging.py:28}}
Feb 21 08:45:07 ubuntu devstack@keystone.service[82122]: WARNING keystone.common.password_hashing [None req-86ac1161-7d73-400c-a8f5-8c611d91771c None None] Truncating password to algorithm specific maximum length 72 characters.
Feb 21 08:45:07 ubuntu devstack@keystone.service[82122]: DEBUG keystone.auth.core [None req-86ac1161-7d73-400c-a8f5-8c611d91771c None None] MFA Rules not processed for user `49911eb6ad1f4c5dac67fb6989a74303`. Rule list: `[]` (Enabled: `True`). {{(pid=82122) check_auth_methods_against_rules /opt/stack/keystone/keystone/auth/core.py:476}}
Feb 21 08:45:07 ubuntu devstack@keystone.service[82122]: DEBUG keystone.common.fernet_utils [None req-86ac1161-7d73-400c-a8f5-8c611d91771c None None] Loaded 2 Fernet keys from /etc/keystone/fernet-keys/, but `[fernet_tokens] max_active_keys = 3`; perhaps there have not been enough key rotations to reach `max_active_keys` yet? {{(pid=82122) load_keys /opt/stack/keystone/keystone/common/fernet_utils.py:297}}
Feb 21 08:45:07 ubuntu devstack@keystone.service[82122]: [pid: 82122|app: 0|req: 13/24] 10.201.5.82 () {58 vars in 1017 bytes} [Sat Feb 21 08:45:07 2026] POST /identity/v3/auth/tokens => generated 862 bytes in 56 msecs (HTTP/1.1 201) 6 headers in 363 bytes (1 switches on core 0)
Feb 21 08:45:07 ubuntu devstack@keystone.service[82121]: DEBUG keystone.server.flask.request_processing.req_logging [None req-44169f8b-3882-46d1-b7e2-c9992cf19bf2 None None] REQUEST_METHOD: `GET` {{(pid=82121) log_request_info /opt/stack/keystone/keystone/server/flask/request_processing/req_logging.py:26}}
Feb 21 08:45:07 ubuntu devstack@keystone.service[82121]: DEBUG keystone.server.flask.request_processing.req_logging [None req-44169f8b-3882-46d1-b7e2-c9992cf19bf2 None None] SCRIPT_NAME: `/identity` {{(pid=82121) log_request_info /opt/stack/keystone/keystone/server/flask/request_processing/req_logging.py:27}}
Feb 21 08:45:07 ubuntu devstack@keystone.service[82121]: DEBUG keystone.server.flask.request_processing.req_logging [None req-44169f8b-3882-46d1-b7e2-c9992cf19bf2 None None] PATH_INFO: `/` {{(pid=82121) log_request_info /opt/stack/keystone/keystone/server/flask/request_processing/req_logging.py:28}}
Feb 21 08:45:07 ubuntu devstack@keystone.service[82121]: [pid: 82121|app: 0|req: 12/25] 10.201.5.82 () {54 vars in 920 bytes} [Sat Feb 21 08:45:07 2026] GET /identity => generated 270 bytes in 2 msecs (HTTP/1.1 300) 6 headers in 234 bytes (1 switches on core 0)
Feb 21 08:45:07 ubuntu devstack@keystone.service[82122]: DEBUG keystone.server.flask.request_processing.req_logging [None req-ce77a378-b347-4e88-bfe1-8d4e56f84e64 None None] REQUEST_METHOD: `POST` {{(pid=82122) log_request_info /opt/stack/keystone/keystone/server/flask/request_processing/req_logging.py:26}}
Feb 21 08:45:07 ubuntu devstack@keystone.service[82122]: DEBUG keystone.server.flask.request_processing.req_logging [None req-ce77a378-b347-4e88-bfe1-8d4e56f84e64 None None] SCRIPT_NAME: `/identity` {{(pid=82122) log_request_info /opt/stack/keystone/keystone/server/flask/request_processing/req_logging.py:27}}
Feb 21 08:45:07 ubuntu devstack@keystone.service[82122]: DEBUG keystone.server.flask.request_processing.req_logging [None req-ce77a378-b347-4e88-bfe1-8d4e56f84e64 None None] PATH_INFO: `/v3/auth/tokens` {{(pid=82122) log_request_info /opt/stack/keystone/keystone/server/flask/request_processing/req_logging.py:28}}
Feb 21 08:45:07 ubuntu devstack@keystone.service[82121]: DEBUG keystone.server.flask.request_processing.req_logging [None req-09d186fc-039b-46f1-b1c7-82fc61bbbd4a None None] REQUEST_METHOD: `GET` {{(pid=82121) log_request_info /opt/stack/keystone/keystone/server/flask/request_processing/req_logging.py:26}}
Feb 21 08:45:07 ubuntu devstack@keystone.service[82121]: DEBUG keystone.server.flask.request_processing.req_logging [None req-09d186fc-039b-46f1-b1c7-82fc61bbbd4a None None] SCRIPT_NAME: `/identity` {{(pid=82121) log_request_info /opt/stack/keystone/keystone/server/flask/request_processing/req_logging.py:27}}
Feb 21 08:45:07 ubuntu devstack@keystone.service[82121]: DEBUG keystone.server.flask.request_processing.req_logging [None req-09d186fc-039b-46f1-b1c7-82fc61bbbd4a None None] PATH_INFO: `/` {{(pid=82121) log_request_info /opt/stack/keystone/keystone/server/flask/request_processing/req_logging.py:28}}
Feb 21 08:45:07 ubuntu devstack@keystone.service[82121]: [pid: 82121|app: 0|req: 13/26] 10.201.5.82 () {54 vars in 920 bytes} [Sat Feb 21 08:45:07 2026] GET /identity => generated 270 bytes in 2 msecs (HTTP/1.1 300) 6 headers in 234 bytes (1 switches on core 0)
Feb 21 08:45:07 ubuntu devstack@keystone.service[82122]: WARNING keystone.common.password_hashing [None req-ce77a378-b347-4e88-bfe1-8d4e56f84e64 None None] Truncating password to algorithm specific maximum length 72 characters.
Feb 21 08:45:07 ubuntu devstack@keystone.service[82121]: DEBUG keystone.server.flask.request_processing.req_logging [None req-3d7dc873-38f7-454d-b970-67a64e17f9f3 None None] REQUEST_METHOD: `POST` {{(pid=82121) log_request_info /opt/stack/keystone/keystone/server/flask/request_processing/req_logging.py:26}}
Feb 21 08:45:07 ubuntu devstack@keystone.service[82121]: DEBUG keystone.server.flask.request_processing.req_logging [None req-3d7dc873-38f7-454d-b970-67a64e17f9f3 None None] SCRIPT_NAME: `/identity` {{(pid=82121) log_request_info /opt/stack/keystone/keystone/server/flask/request_processing/req_logging.py:27}}
Feb 21 08:45:07 ubuntu devstack@keystone.service[82121]: DEBUG keystone.server.flask.request_processing.req_logging [None req-3d7dc873-38f7-454d-b970-67a64e17f9f3 None None] PATH_INFO: `/v3/auth/tokens` {{(pid=82121) log_request_info /opt/stack/keystone/keystone/server/flask/request_processing/req_logging.py:28}}
Feb 21 08:45:07 ubuntu devstack@keystone.service[82122]: DEBUG keystone.auth.core [None req-ce77a378-b347-4e88-bfe1-8d4e56f84e64 None None] MFA Rules not processed for user `49911eb6ad1f4c5dac67fb6989a74303`. Rule list: `[]` (Enabled: `True`). {{(pid=82122) check_auth_methods_against_rules /opt/stack/keystone/keystone/auth/core.py:476}}
Feb 21 08:45:07 ubuntu devstack@keystone.service[82122]: DEBUG keystone.common.fernet_utils [None req-ce77a378-b347-4e88-bfe1-8d4e56f84e64 None None] Loaded 2 Fernet keys from /etc/keystone/fernet-keys/, but `[fernet_tokens] max_active_keys = 3`; perhaps there have not been enough key rotations to reach `max_active_keys` yet? {{(pid=82122) load_keys /opt/stack/keystone/keystone/common/fernet_utils.py:297}}
Feb 21 08:45:07 ubuntu devstack@keystone.service[82121]: WARNING keystone.common.password_hashing [None req-3d7dc873-38f7-454d-b970-67a64e17f9f3 None None] Truncating password to algorithm specific maximum length 72 characters.
Feb 21 08:45:07 ubuntu devstack@keystone.service[82121]: DEBUG keystone.auth.core [None req-3d7dc873-38f7-454d-b970-67a64e17f9f3 None None] MFA Rules not processed for user `49911eb6ad1f4c5dac67fb6989a74303`. Rule list: `[]` (Enabled: `True`). {{(pid=82121) check_auth_methods_against_rules /opt/stack/keystone/keystone/auth/core.py:476}}
Feb 21 08:45:07 ubuntu devstack@keystone.service[82121]: DEBUG keystone.common.fernet_utils [None req-3d7dc873-38f7-454d-b970-67a64e17f9f3 None None] Loaded 2 Fernet keys from /etc/keystone/fernet-keys/, but `[fernet_tokens] max_active_keys = 3`; perhaps there have not been enough key rotations to reach `max_active_keys` yet? {{(pid=82121) load_keys /opt/stack/keystone/keystone/common/fernet_utils.py:297}}
Feb 21 08:45:07 ubuntu devstack@keystone.service[82122]: [pid: 82122|app: 0|req: 14/27] 10.201.5.82 () {58 vars in 1017 bytes} [Sat Feb 21 08:45:07 2026] POST /identity/v3/auth/tokens => generated 862 bytes in 66 msecs (HTTP/1.1 201) 6 headers in 363 bytes (1 switches on core 0)
Feb 21 08:45:07 ubuntu devstack@keystone.service[82121]: [pid: 82121|app: 0|req: 14/28] 10.201.5.82 () {58 vars in 1017 bytes} [Sat Feb 21 08:45:07 2026] POST /identity/v3/auth/tokens => generated 862 bytes in 79 msecs (HTTP/1.1 201) 6 headers in 363 bytes (1 switches on core 0)
Feb 21 08:45:07 ubuntu devstack@keystone.service[82122]: DEBUG keystone.server.flask.request_processing.middleware.auth_context [None req-ce77a378-b347-4e88-bfe1-8d4e56f84e64 None None] Authenticating user token {{(pid=82122) process_request /opt/stack/data/venv/lib/python3.10/site-packages/keystonemiddleware/auth_token/__init__.py:407}}
Feb 21 08:45:07 ubuntu devstack@keystone.service[82122]: DEBUG keystone.server.flask.request_processing.middleware.auth_context [None req-ce77a378-b347-4e88-bfe1-8d4e56f84e64 None None] Validating token access rules against request {{(pid=82122) validate_allowed_request /opt/stack/data/venv/lib/python3.10/site-packages/keystonemiddleware/auth_token/__init__.py:545}}
Feb 21 08:45:07 ubuntu devstack@keystone.service[82122]: DEBUG keystone.server.flask.request_processing.middleware.auth_context [None req-4bf66a63-966c-4ea8-9420-2a3b7ec0668a None admin] RBAC: auth_context: {'token': <TokenModel (audit_id=44ud8GPEQUO00LyrZ6BOrA, audit_chain_id=['44ud8GPEQUO00LyrZ6BOrA']) at 0x7f50350f8a90>, 'domain_id': None, 'trust_id': None, 'trustor_id': None, 'trustee_id': None, 'domain_name': None, 'group_ids': [], 'user_id': '49911eb6ad1f4c5dac67fb6989a74303', 'user_domain_id': 'default', 'system_scope': 'all', 'project_id': None, 'project_domain_id': None, 'roles': ['admin', 'manager', 'member', 'reader'], 'is_admin_project': True, 'service_user_id': None, 'service_user_domain_id': None, 'service_project_id': None, 'service_project_domain_id': None, 'service_roles': []} {{(pid=82122) fill_context /opt/stack/keystone/keystone/server/flask/request_processing/middleware/auth_context.py:509}}
Feb 21 08:45:07 ubuntu devstack@keystone.service[82122]: DEBUG keystone.server.flask.request_processing.req_logging [None req-4bf66a63-966c-4ea8-9420-2a3b7ec0668a None admin] REQUEST_METHOD: `GET` {{(pid=82122) log_request_info /opt/stack/keystone/keystone/server/flask/request_processing/req_logging.py:26}}
Feb 21 08:45:07 ubuntu devstack@keystone.service[82122]: DEBUG keystone.server.flask.request_processing.req_logging [None req-4bf66a63-966c-4ea8-9420-2a3b7ec0668a None admin] SCRIPT_NAME: `/identity` {{(pid=82122) log_request_info /opt/stack/keystone/keystone/server/flask/request_processing/req_logging.py:27}}
Feb 21 08:45:07 ubuntu devstack@keystone.service[82122]: DEBUG keystone.server.flask.request_processing.req_logging [None req-4bf66a63-966c-4ea8-9420-2a3b7ec0668a None admin] PATH_INFO: `/v3/domains/Default` {{(pid=82122) log_request_info /opt/stack/keystone/keystone/server/flask/request_processing/req_logging.py:28}}
Feb 21 08:45:07 ubuntu devstack@keystone.service[82122]: DEBUG keystone.common.rbac_enforcer.enforcer [None req-4bf66a63-966c-4ea8-9420-2a3b7ec0668a None admin] RBAC: Authorizing `identity:get_domain(domain_id=Default)` {{(pid=82122) enforce_call /opt/stack/keystone/keystone/common/rbac_enforcer/enforcer.py:494}}
Feb 21 08:45:07 ubuntu devstack@keystone.service[82122]: DEBUG keystone.common.rbac_enforcer.enforcer [None req-4bf66a63-966c-4ea8-9420-2a3b7ec0668a None admin] RBAC: Authorization granted {{(pid=82122) enforce_call /opt/stack/keystone/keystone/common/rbac_enforcer/enforcer.py:505}}
Feb 21 08:45:07 ubuntu devstack@keystone.service[82121]: DEBUG keystone.server.flask.request_processing.middleware.auth_context [None req-3d7dc873-38f7-454d-b970-67a64e17f9f3 None None] Authenticating user token {{(pid=82121) process_request /opt/stack/data/venv/lib/python3.10/site-packages/keystonemiddleware/auth_token/__init__.py:407}}
Feb 21 08:45:07 ubuntu devstack@keystone.service[82122]: DEBUG keystone.server.flask.application [None req-4bf66a63-966c-4ea8-9420-2a3b7ec0668a None admin] Could not find domain: Default. {{(pid=82122) _handle_keystone_exception /opt/stack/keystone/keystone/server/flask/application.py:146}}
Feb 21 08:45:07 ubuntu devstack@keystone.service[82122]: [pid: 82122|app: 0|req: 15/29] 10.201.5.82 () {56 vars in 1145 bytes} [Sat Feb 21 08:45:07 2026] GET /identity/v3/domains/Default => generated 87 bytes in 105 msecs (HTTP/1.1 404) 5 headers in 183 bytes (1 switches on core 0)
Feb 21 08:45:07 ubuntu devstack@keystone.service[82122]: DEBUG keystone.server.flask.request_processing.req_logging [None req-27b8b206-4d2a-4671-806b-0230f35f35fd None None] REQUEST_METHOD: `GET` {{(pid=82122) log_request_info /opt/stack/keystone/keystone/server/flask/request_processing/req_logging.py:26}}
Feb 21 08:45:07 ubuntu devstack@keystone.service[82122]: DEBUG keystone.server.flask.request_processing.req_logging [None req-27b8b206-4d2a-4671-806b-0230f35f35fd None None] SCRIPT_NAME: `/identity` {{(pid=82122) log_request_info /opt/stack/keystone/keystone/server/flask/request_processing/req_logging.py:27}}
Feb 21 08:45:07 ubuntu devstack@keystone.service[82122]: DEBUG keystone.server.flask.request_processing.req_logging [None req-27b8b206-4d2a-4671-806b-0230f35f35fd None None] PATH_INFO: `/` {{(pid=82122) log_request_info /opt/stack/keystone/keystone/server/flask/request_processing/req_logging.py:28}}
Feb 21 08:45:07 ubuntu devstack@keystone.service[82122]: [pid: 82122|app: 0|req: 16/30] 10.201.5.82 () {54 vars in 920 bytes} [Sat Feb 21 08:45:07 2026] GET /identity => generated 270 bytes in 1 msecs (HTTP/1.1 300) 6 headers in 234 bytes (1 switches on core 0)
Feb 21 08:45:07 ubuntu devstack@keystone.service[82122]: DEBUG keystone.server.flask.request_processing.middleware.auth_context [None req-27b8b206-4d2a-4671-806b-0230f35f35fd None None] Authenticating user token {{(pid=82122) process_request /opt/stack/data/venv/lib/python3.10/site-packages/keystonemiddleware/auth_token/__init__.py:407}}
Feb 21 08:45:07 ubuntu devstack@keystone.service[82121]: DEBUG keystone.server.flask.request_processing.middleware.auth_context [None req-3d7dc873-38f7-454d-b970-67a64e17f9f3 None None] Validating token access rules against request {{(pid=82121) validate_allowed_request /opt/stack/data/venv/lib/python3.10/site-packages/keystonemiddleware/auth_token/__init__.py:545}}
Feb 21 08:45:07 ubuntu devstack@keystone.service[82121]: DEBUG keystone.server.flask.request_processing.middleware.auth_context [None req-accd68ff-572e-4140-9fbf-62292a91db2f None admin] RBAC: auth_context: {'token': <TokenModel (audit_id=H9LzyDItQXCqmJnAAi-6ZQ, audit_chain_id=['H9LzyDItQXCqmJnAAi-6ZQ']) at 0x7f5034fd3610>, 'domain_id': None, 'trust_id': None, 'trustor_id': None, 'trustee_id': None, 'domain_name': None, 'group_ids': [], 'user_id': '49911eb6ad1f4c5dac67fb6989a74303', 'user_domain_id': 'default', 'system_scope': 'all', 'project_id': None, 'project_domain_id': None, 'roles': ['admin', 'manager', 'member', 'reader'], 'is_admin_project': True, 'service_user_id': None, 'service_user_domain_id': None, 'service_project_id': None, 'service_project_domain_id': None, 'service_roles': []} {{(pid=82121) fill_context /opt/stack/keystone/keystone/server/flask/request_processing/middleware/auth_context.py:509}}
Feb 21 08:45:07 ubuntu devstack@keystone.service[82121]: DEBUG keystone.server.flask.request_processing.req_logging [None req-accd68ff-572e-4140-9fbf-62292a91db2f None admin] REQUEST_METHOD: `GET` {{(pid=82121) log_request_info /opt/stack/keystone/keystone/server/flask/request_processing/req_logging.py:26}}
Feb 21 08:45:07 ubuntu devstack@keystone.service[82121]: DEBUG keystone.server.flask.request_processing.req_logging [None req-accd68ff-572e-4140-9fbf-62292a91db2f None admin] SCRIPT_NAME: `/identity` {{(pid=82121) log_request_info /opt/stack/keystone/keystone/server/flask/request_processing/req_logging.py:27}}
Feb 21 08:45:07 ubuntu devstack@keystone.service[82121]: DEBUG keystone.server.flask.request_processing.req_logging [None req-accd68ff-572e-4140-9fbf-62292a91db2f None admin] PATH_INFO: `/v3/roles/admin` {{(pid=82121) log_request_info /opt/stack/keystone/keystone/server/flask/request_processing/req_logging.py:28}}
Feb 21 08:45:07 ubuntu devstack@keystone.service[82122]: DEBUG keystone.server.flask.request_processing.middleware.auth_context [None req-27b8b206-4d2a-4671-806b-0230f35f35fd None None] Validating token access rules against request {{(pid=82122) validate_allowed_request /opt/stack/data/venv/lib/python3.10/site-packages/keystonemiddleware/auth_token/__init__.py:545}}
Feb 21 08:45:07 ubuntu devstack@keystone.service[82121]: DEBUG keystone.common.rbac_enforcer.enforcer [None req-accd68ff-572e-4140-9fbf-62292a91db2f None admin] Extracting inferred target data resulted in "NOT FOUND (404)". {{(pid=82121) enforce_call /opt/stack/keystone/keystone/common/rbac_enforcer/enforcer.py:445}}
Feb 21 08:45:07 ubuntu devstack@keystone.service[82121]: DEBUG keystone.server.flask.application [None req-accd68ff-572e-4140-9fbf-62292a91db2f None admin] Could not find role: admin. {{(pid=82121) _handle_keystone_exception /opt/stack/keystone/keystone/server/flask/application.py:146}}
Feb 21 08:45:07 ubuntu devstack@keystone.service[82121]: [pid: 82121|app: 0|req: 15/31] 10.201.5.82 () {56 vars in 1133 bytes} [Sat Feb 21 08:45:07 2026] GET /identity/v3/roles/admin => generated 83 bytes in 78 msecs (HTTP/1.1 404) 5 headers in 183 bytes (1 switches on core 0)
Feb 21 08:45:07 ubuntu devstack@keystone.service[82121]: DEBUG keystone.server.flask.request_processing.req_logging [None req-8ed2a58d-3b19-4f0f-a387-eda1a4c8668a None None] REQUEST_METHOD: `POST` {{(pid=82121) log_request_info /opt/stack/keystone/keystone/server/flask/request_processing/req_logging.py:26}}
Feb 21 08:45:07 ubuntu devstack@keystone.service[82121]: DEBUG keystone.server.flask.request_processing.req_logging [None req-8ed2a58d-3b19-4f0f-a387-eda1a4c8668a None None] SCRIPT_NAME: `/identity` {{(pid=82121) log_request_info /opt/stack/keystone/keystone/server/flask/request_processing/req_logging.py:27}}
Feb 21 08:45:07 ubuntu devstack@keystone.service[82121]: DEBUG keystone.server.flask.request_processing.req_logging [None req-8ed2a58d-3b19-4f0f-a387-eda1a4c8668a None None] PATH_INFO: `/v3/auth/tokens` {{(pid=82121) log_request_info /opt/stack/keystone/keystone/server/flask/request_processing/req_logging.py:28}}
Feb 21 08:45:07 ubuntu devstack@keystone.service[82122]: DEBUG keystone.server.flask.request_processing.middleware.auth_context [None req-7113609a-07c5-47c4-83b6-fb3c86e359ea None admin] RBAC: auth_context: {'token': <TokenModel (audit_id=44ud8GPEQUO00LyrZ6BOrA, audit_chain_id=['44ud8GPEQUO00LyrZ6BOrA']) at 0x7f5034bd3f70>, 'domain_id': None, 'trust_id': None, 'trustor_id': None, 'trustee_id': None, 'domain_name': None, 'group_ids': [], 'user_id': '49911eb6ad1f4c5dac67fb6989a74303', 'user_domain_id': 'default', 'system_scope': 'all', 'project_id': None, 'project_domain_id': None, 'roles': ['admin', 'manager', 'member', 'reader'], 'is_admin_project': True, 'service_user_id': None, 'service_user_domain_id': None, 'service_project_id': None, 'service_project_domain_id': None, 'service_roles': []} {{(pid=82122) fill_context /opt/stack/keystone/keystone/server/flask/request_processing/middleware/auth_context.py:509}}
Feb 21 08:45:07 ubuntu devstack@keystone.service[82121]: WARNING keystone.common.password_hashing [None req-8ed2a58d-3b19-4f0f-a387-eda1a4c8668a None None] Truncating password to algorithm specific maximum length 72 characters.
Feb 21 08:45:07 ubuntu devstack@keystone.service[82122]: DEBUG keystone.server.flask.request_processing.req_logging [None req-7113609a-07c5-47c4-83b6-fb3c86e359ea None admin] REQUEST_METHOD: `GET` {{(pid=82122) log_request_info /opt/stack/keystone/keystone/server/flask/request_processing/req_logging.py:26}}
Feb 21 08:45:07 ubuntu devstack@keystone.service[82122]: DEBUG keystone.server.flask.request_processing.req_logging [None req-7113609a-07c5-47c4-83b6-fb3c86e359ea None admin] SCRIPT_NAME: `/identity` {{(pid=82122) log_request_info /opt/stack/keystone/keystone/server/flask/request_processing/req_logging.py:27}}
Feb 21 08:45:07 ubuntu devstack@keystone.service[82122]: DEBUG keystone.server.flask.request_processing.req_logging [None req-7113609a-07c5-47c4-83b6-fb3c86e359ea None admin] PATH_INFO: `/v3/domains` {{(pid=82122) log_request_info /opt/stack/keystone/keystone/server/flask/request_processing/req_logging.py:28}}
Feb 21 08:45:07 ubuntu devstack@keystone.service[82122]: DEBUG keystone.common.rbac_enforcer.enforcer [None req-7113609a-07c5-47c4-83b6-fb3c86e359ea None admin] RBAC: Adding query filter params (name=Default) {{(pid=82122) _extract_filter_values /opt/stack/keystone/keystone/common/rbac_enforcer/enforcer.py:176}}
Feb 21 08:45:07 ubuntu devstack@keystone.service[82122]: DEBUG keystone.common.rbac_enforcer.enforcer [None req-7113609a-07c5-47c4-83b6-fb3c86e359ea None admin] RBAC: Authorizing `identity:list_domains()` {{(pid=82122) enforce_call /opt/stack/keystone/keystone/common/rbac_enforcer/enforcer.py:494}}
Feb 21 08:45:07 ubuntu devstack@keystone.service[82122]: DEBUG keystone.common.rbac_enforcer.enforcer [None req-7113609a-07c5-47c4-83b6-fb3c86e359ea None admin] RBAC: Authorization granted {{(pid=82122) enforce_call /opt/stack/keystone/keystone/common/rbac_enforcer/enforcer.py:505}}
Feb 21 08:45:07 ubuntu devstack@keystone.service[82121]: DEBUG keystone.auth.core [None req-8ed2a58d-3b19-4f0f-a387-eda1a4c8668a None None] MFA Rules not processed for user `49911eb6ad1f4c5dac67fb6989a74303`. Rule list: `[]` (Enabled: `True`). {{(pid=82121) check_auth_methods_against_rules /opt/stack/keystone/keystone/auth/core.py:476}}
Feb 21 08:45:07 ubuntu devstack@keystone.service[82121]: DEBUG keystone.common.fernet_utils [None req-8ed2a58d-3b19-4f0f-a387-eda1a4c8668a None None] Loaded 2 Fernet keys from /etc/keystone/fernet-keys/, but `[fernet_tokens] max_active_keys = 3`; perhaps there have not been enough key rotations to reach `max_active_keys` yet? {{(pid=82121) load_keys /opt/stack/keystone/keystone/common/fernet_utils.py:297}}
Feb 21 08:45:07 ubuntu devstack@keystone.service[82122]: [pid: 82122|app: 0|req: 17/32] 10.201.5.82 () {56 vars in 1159 bytes} [Sat Feb 21 08:45:07 2026] GET /identity/v3/domains?name=Default => generated 308 bytes in 76 msecs (HTTP/1.1 200) 5 headers in 177 bytes (1 switches on core 0)
Feb 21 08:45:07 ubuntu devstack@keystone.service[82122]: DEBUG keystone.server.flask.request_processing.middleware.auth_context [None req-7113609a-07c5-47c4-83b6-fb3c86e359ea None admin] Authenticating user token {{(pid=82122) process_request /opt/stack/data/venv/lib/python3.10/site-packages/keystonemiddleware/auth_token/__init__.py:407}}
Feb 21 08:45:07 ubuntu devstack@keystone.service[82121]: [pid: 82121|app: 0|req: 16/33] 10.201.5.82 () {58 vars in 1017 bytes} [Sat Feb 21 08:45:07 2026] POST /identity/v3/auth/tokens => generated 862 bytes in 59 msecs (HTTP/1.1 201) 6 headers in 363 bytes (1 switches on core 0)
Feb 21 08:45:07 ubuntu devstack@keystone.service[82121]: DEBUG keystone.server.flask.request_processing.middleware.auth_context [None req-8ed2a58d-3b19-4f0f-a387-eda1a4c8668a None None] Authenticating user token {{(pid=82121) process_request /opt/stack/data/venv/lib/python3.10/site-packages/keystonemiddleware/auth_token/__init__.py:407}}
Feb 21 08:45:07 ubuntu devstack@keystone.service[82122]: DEBUG keystone.server.flask.request_processing.middleware.auth_context [None req-7113609a-07c5-47c4-83b6-fb3c86e359ea None admin] Validating token access rules against request {{(pid=82122) validate_allowed_request /opt/stack/data/venv/lib/python3.10/site-packages/keystonemiddleware/auth_token/__init__.py:545}}
Feb 21 08:45:07 ubuntu devstack@keystone.service[82121]: DEBUG keystone.server.flask.request_processing.middleware.auth_context [None req-8ed2a58d-3b19-4f0f-a387-eda1a4c8668a None None] Validating token access rules against request {{(pid=82121) validate_allowed_request /opt/stack/data/venv/lib/python3.10/site-packages/keystonemiddleware/auth_token/__init__.py:545}}
Feb 21 08:45:07 ubuntu devstack@keystone.service[82121]: DEBUG keystone.server.flask.request_processing.middleware.auth_context [None req-2662d35f-172a-4206-9fcc-45ec07048a1d None admin] RBAC: auth_context: {'token': <TokenModel (audit_id=H9LzyDItQXCqmJnAAi-6ZQ, audit_chain_id=['H9LzyDItQXCqmJnAAi-6ZQ']) at 0x7f5034e1fbe0>, 'domain_id': None, 'trust_id': None, 'trustor_id': None, 'trustee_id': None, 'domain_name': None, 'group_ids': [], 'user_id': '49911eb6ad1f4c5dac67fb6989a74303', 'user_domain_id': 'default', 'system_scope': 'all', 'project_id': None, 'project_domain_id': None, 'roles': ['admin', 'manager', 'member', 'reader'], 'is_admin_project': True, 'service_user_id': None, 'service_user_domain_id': None, 'service_project_id': None, 'service_project_domain_id': None, 'service_roles': []} {{(pid=82121) fill_context /opt/stack/keystone/keystone/server/flask/request_processing/middleware/auth_context.py:509}}
Feb 21 08:45:07 ubuntu devstack@keystone.service[82121]: DEBUG keystone.server.flask.request_processing.req_logging [None req-2662d35f-172a-4206-9fcc-45ec07048a1d None admin] REQUEST_METHOD: `GET` {{(pid=82121) log_request_info /opt/stack/keystone/keystone/server/flask/request_processing/req_logging.py:26}}
Feb 21 08:45:07 ubuntu devstack@keystone.service[82121]: DEBUG keystone.server.flask.request_processing.req_logging [None req-2662d35f-172a-4206-9fcc-45ec07048a1d None admin] SCRIPT_NAME: `/identity` {{(pid=82121) log_request_info /opt/stack/keystone/keystone/server/flask/request_processing/req_logging.py:27}}
Feb 21 08:45:07 ubuntu devstack@keystone.service[82122]: DEBUG keystone.server.flask.request_processing.middleware.auth_context [None req-992e25d5-fcad-469e-b476-c75755d485c0 None admin] RBAC: auth_context: {'token': <TokenModel (audit_id=SkJcSae6QvOkIxP8q6rCzw, audit_chain_id=['SkJcSae6QvOkIxP8q6rCzw']) at 0x7f50350fb100>, 'domain_id': None, 'trust_id': None, 'trustor_id': None, 'trustee_id': None, 'domain_name': None, 'group_ids': [], 'user_id': '49911eb6ad1f4c5dac67fb6989a74303', 'user_domain_id': 'default', 'system_scope': 'all', 'project_id': None, 'project_domain_id': None, 'roles': ['admin', 'manager', 'member', 'reader'], 'is_admin_project': True, 'service_user_id': None, 'service_user_domain_id': None, 'service_project_id': None, 'service_project_domain_id': None, 'service_roles': []} {{(pid=82122) fill_context /opt/stack/keystone/keystone/server/flask/request_processing/middleware/auth_context.py:509}}
Feb 21 08:45:07 ubuntu devstack@keystone.service[82121]: DEBUG keystone.server.flask.request_processing.req_logging [None req-2662d35f-172a-4206-9fcc-45ec07048a1d None admin] PATH_INFO: `/v3/roles` {{(pid=82121) log_request_info /opt/stack/keystone/keystone/server/flask/request_processing/req_logging.py:28}}
Feb 21 08:45:07 ubuntu devstack@keystone.service[82122]: DEBUG keystone.server.flask.request_processing.req_logging [None req-992e25d5-fcad-469e-b476-c75755d485c0 None admin] REQUEST_METHOD: `POST` {{(pid=82122) log_request_info /opt/stack/keystone/keystone/server/flask/request_processing/req_logging.py:26}}
Feb 21 08:45:07 ubuntu devstack@keystone.service[82122]: DEBUG keystone.server.flask.request_processing.req_logging [None req-992e25d5-fcad-469e-b476-c75755d485c0 None admin] SCRIPT_NAME: `/identity` {{(pid=82122) log_request_info /opt/stack/keystone/keystone/server/flask/request_processing/req_logging.py:27}}
Feb 21 08:45:07 ubuntu devstack@keystone.service[82122]: DEBUG keystone.server.flask.request_processing.req_logging [None req-992e25d5-fcad-469e-b476-c75755d485c0 None admin] PATH_INFO: `/v3/roles` {{(pid=82122) log_request_info /opt/stack/keystone/keystone/server/flask/request_processing/req_logging.py:28}}
Feb 21 08:45:07 ubuntu devstack@keystone.service[82121]: DEBUG keystone.common.rbac_enforcer.enforcer [None req-2662d35f-172a-4206-9fcc-45ec07048a1d None admin] RBAC: Adding query filter params (name=admin) {{(pid=82121) _extract_filter_values /opt/stack/keystone/keystone/common/rbac_enforcer/enforcer.py:176}}
Feb 21 08:45:07 ubuntu devstack@keystone.service[82122]: DEBUG keystone.common.rbac_enforcer.enforcer [None req-992e25d5-fcad-469e-b476-c75755d485c0 None admin] RBAC: Authorizing `identity:create_role()` {{(pid=82122) enforce_call /opt/stack/keystone/keystone/common/rbac_enforcer/enforcer.py:494}}
Feb 21 08:45:07 ubuntu devstack@keystone.service[82121]: DEBUG keystone.common.rbac_enforcer.enforcer [None req-2662d35f-172a-4206-9fcc-45ec07048a1d None admin] RBAC: Authorizing `identity:list_roles()` {{(pid=82121) enforce_call /opt/stack/keystone/keystone/common/rbac_enforcer/enforcer.py:494}}
Feb 21 08:45:07 ubuntu devstack@keystone.service[82122]: DEBUG keystone.common.rbac_enforcer.enforcer [None req-992e25d5-fcad-469e-b476-c75755d485c0 None admin] RBAC: Authorization granted {{(pid=82122) enforce_call /opt/stack/keystone/keystone/common/rbac_enforcer/enforcer.py:505}}
Feb 21 08:45:07 ubuntu devstack@keystone.service[82121]: DEBUG keystone.common.rbac_enforcer.enforcer [None req-2662d35f-172a-4206-9fcc-45ec07048a1d None admin] RBAC: Authorization granted {{(pid=82121) enforce_call /opt/stack/keystone/keystone/common/rbac_enforcer/enforcer.py:505}}
Feb 21 08:45:07 ubuntu devstack@keystone.service[82121]: [pid: 82121|app: 0|req: 17/34] 10.201.5.82 () {56 vars in 1149 bytes} [Sat Feb 21 08:45:07 2026] GET /identity/v3/roles?name=admin => generated 339 bytes in 63 msecs (HTTP/1.1 200) 5 headers in 177 bytes (1 switches on core 0)
Feb 21 08:45:07 ubuntu devstack@keystone.service[82121]: DEBUG keystone.server.flask.request_processing.middleware.auth_context [None req-2662d35f-172a-4206-9fcc-45ec07048a1d None admin] Authenticating user token {{(pid=82121) process_request /opt/stack/data/venv/lib/python3.10/site-packages/keystonemiddleware/auth_token/__init__.py:407}}
Feb 21 08:45:07 ubuntu devstack@keystone.service[82122]: DEBUG keystone.common.sql.core [None req-992e25d5-fcad-469e-b476-c75755d485c0 None admin] Conflict role: (pymysql.err.IntegrityError) (1062, "Duplicate entry 'service-<<null>>' for key 'role.ixu_role_name_domain_id'")
Feb 21 08:45:07 ubuntu devstack@keystone.service[82122]: [SQL: INSERT INTO `role` (id, name, description, extra) VALUES (%(id)s, %(name)s, %(description)s, %(extra)s)]
Feb 21 08:45:07 ubuntu devstack@keystone.service[82122]: [parameters: {'id': '2e4d6d6621a747b89329297a60ba3dab', 'name': 'service', 'description': None, 'extra': '{}'}]
Feb 21 08:45:07 ubuntu devstack@keystone.service[82122]: (Background on this error at: https://sqlalche.me/e/20/gkpj) {{(pid=82122) wrapper /opt/stack/keystone/keystone/common/sql/core.py:580}}
Feb 21 08:45:07 ubuntu devstack@keystone.service[82122]: ERROR keystone.server.flask.application [None req-992e25d5-fcad-469e-b476-c75755d485c0 None admin] Conflict occurred attempting to store role - Duplicate entry found with name service.: keystone.exception.Conflict: Conflict occurred attempting to store role - Duplicate entry found with name service.
Feb 21 08:45:07 ubuntu devstack@keystone.service[82122]: ERROR keystone.server.flask.application Traceback (most recent call last):
Feb 21 08:45:07 ubuntu devstack@keystone.service[82122]: ERROR keystone.server.flask.application   File "/opt/stack/data/venv/lib/python3.10/site-packages/sqlalchemy/engine/base.py", line 1967, in _exec_single_context
Feb 21 08:45:07 ubuntu devstack@keystone.service[82122]: ERROR keystone.server.flask.application     self.dialect.do_execute(
Feb 21 08:45:07 ubuntu devstack@keystone.service[82122]: ERROR keystone.server.flask.application   File "/opt/stack/data/venv/lib/python3.10/site-packages/sqlalchemy/engine/default.py", line 951, in do_execute
Feb 21 08:45:07 ubuntu devstack@keystone.service[82122]: ERROR keystone.server.flask.application     cursor.execute(statement, parameters)
Feb 21 08:45:07 ubuntu devstack@keystone.service[82122]: ERROR keystone.server.flask.application   File "/opt/stack/data/venv/lib/python3.10/site-packages/pymysql/cursors.py", line 153, in execute
Feb 21 08:45:07 ubuntu devstack@keystone.service[82122]: ERROR keystone.server.flask.application     result = self._query(query)
Feb 21 08:45:07 ubuntu devstack@keystone.service[82122]: ERROR keystone.server.flask.application   File "/opt/stack/data/venv/lib/python3.10/site-packages/pymysql/cursors.py", line 322, in _query
Feb 21 08:45:07 ubuntu devstack@keystone.service[82122]: ERROR keystone.server.flask.application     conn.query(q)
Feb 21 08:45:07 ubuntu devstack@keystone.service[82122]: ERROR keystone.server.flask.application   File "/opt/stack/data/venv/lib/python3.10/site-packages/pymysql/connections.py", line 575, in query
Feb 21 08:45:07 ubuntu devstack@keystone.service[82122]: ERROR keystone.server.flask.application     self._affected_rows = self._read_query_result(unbuffered=unbuffered)
Feb 21 08:45:07 ubuntu devstack@keystone.service[82122]: ERROR keystone.server.flask.application   File "/opt/stack/data/venv/lib/python3.10/site-packages/pymysql/connections.py", line 826, in _read_query_result
Feb 21 08:45:07 ubuntu devstack@keystone.service[82122]: ERROR keystone.server.flask.application     result.read()
Feb 21 08:45:07 ubuntu devstack@keystone.service[82122]: ERROR keystone.server.flask.application   File "/opt/stack/data/venv/lib/python3.10/site-packages/pymysql/connections.py", line 1203, in read
Feb 21 08:45:07 ubuntu devstack@keystone.service[82122]: ERROR keystone.server.flask.application     first_packet = self.connection._read_packet()
Feb 21 08:45:07 ubuntu devstack@keystone.service[82122]: ERROR keystone.server.flask.application   File "/opt/stack/data/venv/lib/python3.10/site-packages/pymysql/connections.py", line 782, in _read_packet
Feb 21 08:45:07 ubuntu devstack@keystone.service[82122]: ERROR keystone.server.flask.application     packet.raise_for_error()
Feb 21 08:45:07 ubuntu devstack@keystone.service[82122]: ERROR keystone.server.flask.application   File "/opt/stack/data/venv/lib/python3.10/site-packages/pymysql/protocol.py", line 219, in raise_for_error
Feb 21 08:45:07 ubuntu devstack@keystone.service[82122]: ERROR keystone.server.flask.application     err.raise_mysql_exception(self._data)
Feb 21 08:45:07 ubuntu devstack@keystone.service[82122]: ERROR keystone.server.flask.application   File "/opt/stack/data/venv/lib/python3.10/site-packages/pymysql/err.py", line 150, in raise_mysql_exception
Feb 21 08:45:07 ubuntu devstack@keystone.service[82122]: ERROR keystone.server.flask.application     raise errorclass(errno, errval)
Feb 21 08:45:07 ubuntu devstack@keystone.service[82122]: ERROR keystone.server.flask.application pymysql.err.IntegrityError: (1062, "Duplicate entry 'service-<<null>>' for key 'role.ixu_role_name_domain_id'")
Feb 21 08:45:07 ubuntu devstack@keystone.service[82122]: ERROR keystone.server.flask.application 
Feb 21 08:45:07 ubuntu devstack@keystone.service[82122]: ERROR keystone.server.flask.application The above exception was the direct cause of the following exception:
Feb 21 08:45:07 ubuntu devstack@keystone.service[82122]: ERROR keystone.server.flask.application 
Feb 21 08:45:07 ubuntu devstack@keystone.service[82122]: ERROR keystone.server.flask.application Traceback (most recent call last):
Feb 21 08:45:07 ubuntu devstack@keystone.service[82122]: ERROR keystone.server.flask.application   File "/opt/stack/keystone/keystone/common/sql/core.py", line 575, in wrapper
Feb 21 08:45:07 ubuntu devstack@keystone.service[82122]: ERROR keystone.server.flask.application     return method(*args, **kwargs)
Feb 21 08:45:07 ubuntu devstack@keystone.service[82122]: ERROR keystone.server.flask.application   File "/opt/stack/keystone/keystone/assignment/role_backends/sql.py", line 25, in create_role
Feb 21 08:45:07 ubuntu devstack@keystone.service[82122]: ERROR keystone.server.flask.application     with sql.session_for_write() as session:
Feb 21 08:45:07 ubuntu devstack@keystone.service[82122]: ERROR keystone.server.flask.application   File "/usr/lib/python3.10/contextlib.py", line 142, in __exit__
Feb 21 08:45:07 ubuntu devstack@keystone.service[82122]: ERROR keystone.server.flask.application     next(self.gen)
Feb 21 08:45:07 ubuntu devstack@keystone.service[82122]: ERROR keystone.server.flask.application   File "/opt/stack/data/venv/lib/python3.10/site-packages/oslo_db/sqlalchemy/enginefacade.py", line 1175, in _transaction_scope
Feb 21 08:45:07 ubuntu devstack@keystone.service[82122]: ERROR keystone.server.flask.application     with current._produce_block(
Feb 21 08:45:07 ubuntu devstack@keystone.service[82122]: ERROR keystone.server.flask.application   File "/usr/lib/python3.10/contextlib.py", line 142, in __exit__
Feb 21 08:45:07 ubuntu devstack@keystone.service[82122]: ERROR keystone.server.flask.application     next(self.gen)
Feb 21 08:45:07 ubuntu devstack@keystone.service[82122]: ERROR keystone.server.flask.application   File "/opt/stack/data/venv/lib/python3.10/site-packages/oslo_db/sqlalchemy/enginefacade.py", line 837, in _session
Feb 21 08:45:07 ubuntu devstack@keystone.service[82122]: ERROR keystone.server.flask.application     with excutils.save_and_reraise_exception():
Feb 21 08:45:07 ubuntu devstack@keystone.service[82122]: ERROR keystone.server.flask.application   File "/opt/stack/data/venv/lib/python3.10/site-packages/oslo_utils/excutils.py", line 256, in __exit__
Feb 21 08:45:07 ubuntu devstack@keystone.service[82122]: ERROR keystone.server.flask.application     self.force_reraise()
Feb 21 08:45:07 ubuntu devstack@keystone.service[82122]: ERROR keystone.server.flask.application   File "/opt/stack/data/venv/lib/python3.10/site-packages/oslo_utils/excutils.py", line 222, in force_reraise
Feb 21 08:45:07 ubuntu devstack@keystone.service[82122]: ERROR keystone.server.flask.application     raise self.value
Feb 21 08:45:07 ubuntu devstack@keystone.service[82122]: ERROR keystone.server.flask.application   File "/opt/stack/data/venv/lib/python3.10/site-packages/oslo_db/sqlalchemy/enginefacade.py", line 835, in _session
Feb 21 08:45:07 ubuntu devstack@keystone.service[82122]: ERROR keystone.server.flask.application     self._end_session_transaction(self.session)
Feb 21 08:45:07 ubuntu devstack@keystone.service[82122]: ERROR keystone.server.flask.application   File "/opt/stack/data/venv/lib/python3.10/site-packages/oslo_db/sqlalchemy/enginefacade.py", line 748, in _end_session_transaction
Feb 21 08:45:07 ubuntu devstack@keystone.service[82122]: ERROR keystone.server.flask.application     session.commit()
Feb 21 08:45:07 ubuntu devstack@keystone.service[82122]: ERROR keystone.server.flask.application   File "/opt/stack/data/venv/lib/python3.10/site-packages/sqlalchemy/orm/session.py", line 2030, in commit
Feb 21 08:45:07 ubuntu devstack@keystone.service[82122]: ERROR keystone.server.flask.application     trans.commit(_to_root=True)
Feb 21 08:45:07 ubuntu devstack@keystone.service[82122]: ERROR keystone.server.flask.application   File "<string>", line 2, in commit
Feb 21 08:45:07 ubuntu devstack@keystone.service[82122]: ERROR keystone.server.flask.application   File "/opt/stack/data/venv/lib/python3.10/site-packages/sqlalchemy/orm/state_changes.py", line 137, in _go
Feb 21 08:45:07 ubuntu devstack@keystone.service[82122]: ERROR keystone.server.flask.application     ret_value = fn(self, *arg, **kw)
Feb 21 08:45:07 ubuntu devstack@keystone.service[82122]: ERROR keystone.server.flask.application   File "/opt/stack/data/venv/lib/python3.10/site-packages/sqlalchemy/orm/session.py", line 1311, in commit
Feb 21 08:45:07 ubuntu devstack@keystone.service[82122]: ERROR keystone.server.flask.application     self._prepare_impl()
Feb 21 08:45:07 ubuntu devstack@keystone.service[82122]: ERROR keystone.server.flask.application   File "<string>", line 2, in _prepare_impl
Feb 21 08:45:07 ubuntu devstack@keystone.service[82122]: ERROR keystone.server.flask.application   File "/opt/stack/data/venv/lib/python3.10/site-packages/sqlalchemy/orm/state_changes.py", line 137, in _go
Feb 21 08:45:07 ubuntu devstack@keystone.service[82122]: ERROR keystone.server.flask.application     ret_value = fn(self, *arg, **kw)
Feb 21 08:45:07 ubuntu devstack@keystone.service[82122]: ERROR keystone.server.flask.application   File "/opt/stack/data/venv/lib/python3.10/site-packages/sqlalchemy/orm/session.py", line 1286, in _prepare_impl
Feb 21 08:45:07 ubuntu devstack@keystone.service[82122]: ERROR keystone.server.flask.application     self.session.flush()
Feb 21 08:45:07 ubuntu devstack@keystone.service[82122]: ERROR keystone.server.flask.application   File "/opt/stack/data/venv/lib/python3.10/site-packages/sqlalchemy/orm/session.py", line 4331, in flush
Feb 21 08:45:07 ubuntu devstack@keystone.service[82122]: ERROR keystone.server.flask.application     self._flush(objects)
Feb 21 08:45:07 ubuntu devstack@keystone.service[82122]: ERROR keystone.server.flask.application   File "/opt/stack/data/venv/lib/python3.10/site-packages/sqlalchemy/orm/session.py", line 4466, in _flush
Feb 21 08:45:07 ubuntu devstack@keystone.service[82122]: ERROR keystone.server.flask.application     with util.safe_reraise():
Feb 21 08:45:07 ubuntu devstack@keystone.service[82122]: ERROR keystone.server.flask.application   File "/opt/stack/data/venv/lib/python3.10/site-packages/sqlalchemy/util/langhelpers.py", line 224, in __exit__
Feb 21 08:45:07 ubuntu devstack@keystone.service[82122]: ERROR keystone.server.flask.application     raise exc_value.with_traceback(exc_tb)
Feb 21 08:45:07 ubuntu devstack@keystone.service[82122]: ERROR keystone.server.flask.application   File "/opt/stack/data/venv/lib/python3.10/site-packages/sqlalchemy/orm/session.py", line 4427, in _flush
Feb 21 08:45:07 ubuntu devstack@keystone.service[82122]: ERROR keystone.server.flask.application     flush_context.execute()
Feb 21 08:45:07 ubuntu devstack@keystone.service[82122]: ERROR keystone.server.flask.application   File "/opt/stack/data/venv/lib/python3.10/site-packages/sqlalchemy/orm/unitofwork.py", line 466, in execute
Feb 21 08:45:07 ubuntu devstack@keystone.service[82122]: ERROR keystone.server.flask.application     rec.execute(self)
Feb 21 08:45:07 ubuntu devstack@keystone.service[82122]: ERROR keystone.server.flask.application   File "/opt/stack/data/venv/lib/python3.10/site-packages/sqlalchemy/orm/unitofwork.py", line 642, in execute
Feb 21 08:45:07 ubuntu devstack@keystone.service[82122]: ERROR keystone.server.flask.application     util.preloaded.orm_persistence.save_obj(
Feb 21 08:45:07 ubuntu devstack@keystone.service[82122]: ERROR keystone.server.flask.application   File "/opt/stack/data/venv/lib/python3.10/site-packages/sqlalchemy/orm/persistence.py", line 93, in save_obj
Feb 21 08:45:07 ubuntu devstack@keystone.service[82122]: ERROR keystone.server.flask.application     _emit_insert_statements(
Feb 21 08:45:07 ubuntu devstack@keystone.service[82122]: ERROR keystone.server.flask.application   File "/opt/stack/data/venv/lib/python3.10/site-packages/sqlalchemy/orm/persistence.py", line 1048, in _emit_insert_statements
Feb 21 08:45:07 ubuntu devstack@keystone.service[82122]: ERROR keystone.server.flask.application     result = connection.execute(
Feb 21 08:45:07 ubuntu devstack@keystone.service[82122]: ERROR keystone.server.flask.application   File "/opt/stack/data/venv/lib/python3.10/site-packages/sqlalchemy/engine/base.py", line 1419, in execute
Feb 21 08:45:07 ubuntu devstack@keystone.service[82122]: ERROR keystone.server.flask.application     return meth(
Feb 21 08:45:07 ubuntu devstack@keystone.service[82122]: ERROR keystone.server.flask.application   File "/opt/stack/data/venv/lib/python3.10/site-packages/sqlalchemy/sql/elements.py", line 526, in _execute_on_connection
Feb 21 08:45:07 ubuntu devstack@keystone.service[82122]: ERROR keystone.server.flask.application     return connection._execute_clauseelement(
Feb 21 08:45:07 ubuntu devstack@keystone.service[82122]: ERROR keystone.server.flask.application   File "/opt/stack/data/venv/lib/python3.10/site-packages/sqlalchemy/engine/base.py", line 1641, in _execute_clauseelement
Feb 21 08:45:07 ubuntu devstack@keystone.service[82122]: ERROR keystone.server.flask.application     ret = self._execute_context(
Feb 21 08:45:07 ubuntu devstack@keystone.service[82122]: ERROR keystone.server.flask.application   File "/opt/stack/data/venv/lib/python3.10/site-packages/sqlalchemy/engine/base.py", line 1846, in _execute_context
Feb 21 08:45:07 ubuntu devstack@keystone.service[82122]: ERROR keystone.server.flask.application     return self._exec_single_context(
Feb 21 08:45:07 ubuntu devstack@keystone.service[82122]: ERROR keystone.server.flask.application   File "/opt/stack/data/venv/lib/python3.10/site-packages/sqlalchemy/engine/base.py", line 1986, in _exec_single_context
Feb 21 08:45:07 ubuntu devstack@keystone.service[82122]: ERROR keystone.server.flask.application     self._handle_dbapi_exception(
Feb 21 08:45:07 ubuntu devstack@keystone.service[82122]: ERROR keystone.server.flask.application   File "/opt/stack/data/venv/lib/python3.10/site-packages/sqlalchemy/engine/base.py", line 2352, in _handle_dbapi_exception
Feb 21 08:45:07 ubuntu devstack@keystone.service[82122]: ERROR keystone.server.flask.application     raise newraise.with_traceback(exc_info[2]) from e
Feb 21 08:45:07 ubuntu devstack@keystone.service[82122]: ERROR keystone.server.flask.application   File "/opt/stack/data/venv/lib/python3.10/site-packages/sqlalchemy/engine/base.py", line 1967, in _exec_single_context
Feb 21 08:45:07 ubuntu devstack@keystone.service[82122]: ERROR keystone.server.flask.application     self.dialect.do_execute(
Feb 21 08:45:07 ubuntu devstack@keystone.service[82122]: ERROR keystone.server.flask.application   File "/opt/stack/data/venv/lib/python3.10/site-packages/sqlalchemy/engine/default.py", line 951, in do_execute
Feb 21 08:45:07 ubuntu devstack@keystone.service[82122]: ERROR keystone.server.flask.application     cursor.execute(statement, parameters)
Feb 21 08:45:07 ubuntu devstack@keystone.service[82122]: ERROR keystone.server.flask.application   File "/opt/stack/data/venv/lib/python3.10/site-packages/pymysql/cursors.py", line 153, in execute
Feb 21 08:45:07 ubuntu devstack@keystone.service[82122]: ERROR keystone.server.flask.application     result = self._query(query)
Feb 21 08:45:07 ubuntu devstack@keystone.service[82122]: ERROR keystone.server.flask.application   File "/opt/stack/data/venv/lib/python3.10/site-packages/pymysql/cursors.py", line 322, in _query
Feb 21 08:45:07 ubuntu devstack@keystone.service[82122]: ERROR keystone.server.flask.application     conn.query(q)
Feb 21 08:45:07 ubuntu devstack@keystone.service[82122]: ERROR keystone.server.flask.application   File "/opt/stack/data/venv/lib/python3.10/site-packages/pymysql/connections.py", line 575, in query
Feb 21 08:45:07 ubuntu devstack@keystone.service[82122]: ERROR keystone.server.flask.application     self._affected_rows = self._read_query_result(unbuffered=unbuffered)
Feb 21 08:45:07 ubuntu devstack@keystone.service[82122]: ERROR keystone.server.flask.application   File "/opt/stack/data/venv/lib/python3.10/site-packages/pymysql/connections.py", line 826, in _read_query_result
Feb 21 08:45:07 ubuntu devstack@keystone.service[82122]: ERROR keystone.server.flask.application     result.read()
Feb 21 08:45:07 ubuntu devstack@keystone.service[82122]: ERROR keystone.server.flask.application   File "/opt/stack/data/venv/lib/python3.10/site-packages/pymysql/connections.py", line 1203, in read
Feb 21 08:45:07 ubuntu devstack@keystone.service[82122]: ERROR keystone.server.flask.application     first_packet = self.connection._read_packet()
Feb 21 08:45:07 ubuntu devstack@keystone.service[82122]: ERROR keystone.server.flask.application   File "/opt/stack/data/venv/lib/python3.10/site-packages/pymysql/connections.py", line 782, in _read_packet
Feb 21 08:45:07 ubuntu devstack@keystone.service[82122]: ERROR keystone.server.flask.application     packet.raise_for_error()
Feb 21 08:45:07 ubuntu devstack@keystone.service[82122]: ERROR keystone.server.flask.application   File "/opt/stack/data/venv/lib/python3.10/site-packages/pymysql/protocol.py", line 219, in raise_for_error
Feb 21 08:45:07 ubuntu devstack@keystone.service[82122]: ERROR keystone.server.flask.application     err.raise_mysql_exception(self._data)
