Jan 27 19:10:44 ubuntu devstack@keystone.service[81341]: [pid: 81341|app: 0|req: 13/23] 10.201.5.82 () {54 vars in 919 bytes} [Tue Jan 27 19:10:44 2026] GET /identity => generated 270 bytes in 2 msecs (HTTP/1.1 300) 6 headers in 234 bytes (2 switches on core 0)
Jan 27 19:10:44 ubuntu devstack@keystone.service[81341]: DEBUG keystone.server.flask.request_processing.req_logging [None req-9642f954-54a0-44d0-a569-f4ed168b969c None None] REQUEST_METHOD: `POST` {{(pid=81341) log_request_info /opt/stack/keystone/keystone/server/flask/request_processing/req_logging.py:26}}
Jan 27 19:10:44 ubuntu devstack@keystone.service[81341]: DEBUG keystone.server.flask.request_processing.req_logging [None req-9642f954-54a0-44d0-a569-f4ed168b969c None None] SCRIPT_NAME: `/identity` {{(pid=81341) log_request_info /opt/stack/keystone/keystone/server/flask/request_processing/req_logging.py:27}}
Jan 27 19:10:44 ubuntu devstack@keystone.service[81341]: DEBUG keystone.server.flask.request_processing.req_logging [None req-9642f954-54a0-44d0-a569-f4ed168b969c None None] PATH_INFO: `/v3/auth/tokens` {{(pid=81341) log_request_info /opt/stack/keystone/keystone/server/flask/request_processing/req_logging.py:28}}
Jan 27 19:10:44 ubuntu devstack@keystone.service[81340]: [pid: 81340|app: 0|req: 11/24] 10.201.5.82 () {58 vars in 1016 bytes} [Tue Jan 27 19:10:44 2026] POST /identity/v3/auth/tokens => generated 862 bytes in 55 msecs (HTTP/1.1 201) 6 headers in 363 bytes (2 switches on core 0)
Jan 27 19:10:44 ubuntu devstack@keystone.service[81341]: WARNING keystone.common.password_hashing [None req-9642f954-54a0-44d0-a569-f4ed168b969c None None] Truncating password to algorithm specific maximum length 72 characters.
Jan 27 19:10:44 ubuntu devstack@keystone.service[81341]: DEBUG keystone.auth.core [None req-9642f954-54a0-44d0-a569-f4ed168b969c None None] MFA Rules not processed for user `ca5f8fe514164c0c9dcd25d0a7cf5433`. Rule list: `[]` (Enabled: `True`). {{(pid=81341) check_auth_methods_against_rules /opt/stack/keystone/keystone/auth/core.py:476}}
Jan 27 19:10:44 ubuntu devstack@keystone.service[81341]: DEBUG keystone.common.fernet_utils [None req-9642f954-54a0-44d0-a569-f4ed168b969c None None] Loaded 2 Fernet keys from /etc/keystone/fernet-keys/, but `[fernet_tokens] max_active_keys = 3`; perhaps there have not been enough key rotations to reach `max_active_keys` yet? {{(pid=81341) load_keys /opt/stack/keystone/keystone/common/fernet_utils.py:297}}
Jan 27 19:10:44 ubuntu devstack@keystone.service[81341]: [pid: 81341|app: 0|req: 14/25] 10.201.5.82 () {58 vars in 1016 bytes} [Tue Jan 27 19:10:44 2026] POST /identity/v3/auth/tokens => generated 862 bytes in 70 msecs (HTTP/1.1 201) 6 headers in 363 bytes (2 switches on core 0)
Jan 27 19:10:44 ubuntu devstack@keystone.service[81340]: DEBUG keystone.server.flask.request_processing.middleware.auth_context [None req-fb31bb18-2017-4275-9a8c-b3ac420e63b6 None None] Authenticating user token {{(pid=81340) process_request /opt/stack/data/venv/lib/python3.10/site-packages/keystonemiddleware/auth_token/__init__.py:407}}
Jan 27 19:10:44 ubuntu devstack@keystone.service[81340]: DEBUG keystone.server.flask.request_processing.middleware.auth_context [None req-fb31bb18-2017-4275-9a8c-b3ac420e63b6 None None] Validating token access rules against request {{(pid=81340) validate_allowed_request /opt/stack/data/venv/lib/python3.10/site-packages/keystonemiddleware/auth_token/__init__.py:545}}
Jan 27 19:10:44 ubuntu devstack@keystone.service[81341]: DEBUG keystone.server.flask.request_processing.middleware.auth_context [None req-9642f954-54a0-44d0-a569-f4ed168b969c None None] Authenticating user token {{(pid=81341) process_request /opt/stack/data/venv/lib/python3.10/site-packages/keystonemiddleware/auth_token/__init__.py:407}}
Jan 27 19:10:44 ubuntu devstack@keystone.service[81340]: DEBUG keystone.server.flask.request_processing.middleware.auth_context [None req-ab6a077e-1330-46fb-a026-3acac1f9760e None admin] RBAC: auth_context: {'token': <TokenModel (audit_id=ttVB1zaATACPuCk-V_wK6A, audit_chain_id=['ttVB1zaATACPuCk-V_wK6A']) at 0x7ffa44b47760>, 'domain_id': None, 'trust_id': None, 'trustor_id': None, 'trustee_id': None, 'domain_name': None, 'group_ids': [], 'user_id': 'ca5f8fe514164c0c9dcd25d0a7cf5433', 'user_domain_id': 'default', 'system_scope': 'all', 'project_id': None, 'project_domain_id': None, 'roles': ['admin', 'manager', 'member', 'reader'], 'is_admin_project': True, 'service_user_id': None, 'service_user_domain_id': None, 'service_project_id': None, 'service_project_domain_id': None, 'service_roles': []} {{(pid=81340) fill_context /opt/stack/keystone/keystone/server/flask/request_processing/middleware/auth_context.py:509}}
Jan 27 19:10:44 ubuntu devstack@keystone.service[81340]: DEBUG keystone.server.flask.request_processing.req_logging [None req-ab6a077e-1330-46fb-a026-3acac1f9760e None admin] REQUEST_METHOD: `GET` {{(pid=81340) log_request_info /opt/stack/keystone/keystone/server/flask/request_processing/req_logging.py:26}}
Jan 27 19:10:44 ubuntu devstack@keystone.service[81340]: DEBUG keystone.server.flask.request_processing.req_logging [None req-ab6a077e-1330-46fb-a026-3acac1f9760e None admin] SCRIPT_NAME: `/identity` {{(pid=81340) log_request_info /opt/stack/keystone/keystone/server/flask/request_processing/req_logging.py:27}}
Jan 27 19:10:44 ubuntu devstack@keystone.service[81340]: DEBUG keystone.server.flask.request_processing.req_logging [None req-ab6a077e-1330-46fb-a026-3acac1f9760e None admin] PATH_INFO: `/v3/roles/admin` {{(pid=81340) log_request_info /opt/stack/keystone/keystone/server/flask/request_processing/req_logging.py:28}}
Jan 27 19:10:44 ubuntu devstack@keystone.service[81340]: DEBUG keystone.common.rbac_enforcer.enforcer [None req-ab6a077e-1330-46fb-a026-3acac1f9760e None admin] Extracting inferred target data resulted in "NOT FOUND (404)". {{(pid=81340) enforce_call /opt/stack/keystone/keystone/common/rbac_enforcer/enforcer.py:445}}
Jan 27 19:10:44 ubuntu devstack@keystone.service[81340]: DEBUG keystone.server.flask.application [None req-ab6a077e-1330-46fb-a026-3acac1f9760e None admin] Could not find role: admin. {{(pid=81340) _handle_keystone_exception /opt/stack/keystone/keystone/server/flask/application.py:146}}
Jan 27 19:10:44 ubuntu devstack@keystone.service[81340]: [pid: 81340|app: 0|req: 12/26] 10.201.5.82 () {56 vars in 1132 bytes} [Tue Jan 27 19:10:44 2026] GET /identity/v3/roles/admin => generated 83 bytes in 80 msecs (HTTP/1.1 404) 5 headers in 183 bytes (1 switches on core 0)
Jan 27 19:10:44 ubuntu devstack@keystone.service[81340]: DEBUG keystone.server.flask.request_processing.middleware.auth_context [None req-ab6a077e-1330-46fb-a026-3acac1f9760e None admin] Authenticating user token {{(pid=81340) process_request /opt/stack/data/venv/lib/python3.10/site-packages/keystonemiddleware/auth_token/__init__.py:407}}
Jan 27 19:10:44 ubuntu devstack@keystone.service[81341]: DEBUG keystone.server.flask.request_processing.middleware.auth_context [None req-9642f954-54a0-44d0-a569-f4ed168b969c None None] Validating token access rules against request {{(pid=81341) validate_allowed_request /opt/stack/data/venv/lib/python3.10/site-packages/keystonemiddleware/auth_token/__init__.py:545}}
Jan 27 19:10:44 ubuntu devstack@keystone.service[81340]: DEBUG keystone.server.flask.request_processing.middleware.auth_context [None req-ab6a077e-1330-46fb-a026-3acac1f9760e None admin] Validating token access rules against request {{(pid=81340) validate_allowed_request /opt/stack/data/venv/lib/python3.10/site-packages/keystonemiddleware/auth_token/__init__.py:545}}
Jan 27 19:10:44 ubuntu devstack@keystone.service[81341]: DEBUG keystone.server.flask.request_processing.middleware.auth_context [None req-5a2f251a-54ed-476e-84c8-1bd82e889ba8 None admin] RBAC: auth_context: {'token': <TokenModel (audit_id=YOdoZk9-QPujvIkwuq8HTA, audit_chain_id=['YOdoZk9-QPujvIkwuq8HTA']) at 0x7ffa43f177f0>, 'domain_id': None, 'trust_id': None, 'trustor_id': None, 'trustee_id': None, 'domain_name': None, 'group_ids': [], 'user_id': 'ca5f8fe514164c0c9dcd25d0a7cf5433', 'user_domain_id': 'default', 'system_scope': 'all', 'project_id': None, 'project_domain_id': None, 'roles': ['admin', 'manager', 'member', 'reader'], 'is_admin_project': True, 'service_user_id': None, 'service_user_domain_id': None, 'service_project_id': None, 'service_project_domain_id': None, 'service_roles': []} {{(pid=81341) fill_context /opt/stack/keystone/keystone/server/flask/request_processing/middleware/auth_context.py:509}}
Jan 27 19:10:44 ubuntu devstack@keystone.service[81341]: DEBUG keystone.server.flask.request_processing.req_logging [None req-5a2f251a-54ed-476e-84c8-1bd82e889ba8 None admin] REQUEST_METHOD: `GET` {{(pid=81341) log_request_info /opt/stack/keystone/keystone/server/flask/request_processing/req_logging.py:26}}
Jan 27 19:10:44 ubuntu devstack@keystone.service[81341]: DEBUG keystone.server.flask.request_processing.req_logging [None req-5a2f251a-54ed-476e-84c8-1bd82e889ba8 None admin] SCRIPT_NAME: `/identity` {{(pid=81341) log_request_info /opt/stack/keystone/keystone/server/flask/request_processing/req_logging.py:27}}
Jan 27 19:10:44 ubuntu devstack@keystone.service[81341]: DEBUG keystone.server.flask.request_processing.req_logging [None req-5a2f251a-54ed-476e-84c8-1bd82e889ba8 None admin] PATH_INFO: `/v3/domains/Default` {{(pid=81341) log_request_info /opt/stack/keystone/keystone/server/flask/request_processing/req_logging.py:28}}
Jan 27 19:10:44 ubuntu devstack@keystone.service[81341]: DEBUG keystone.common.rbac_enforcer.enforcer [None req-5a2f251a-54ed-476e-84c8-1bd82e889ba8 None admin] RBAC: Authorizing `identity:get_domain(domain_id=Default)` {{(pid=81341) enforce_call /opt/stack/keystone/keystone/common/rbac_enforcer/enforcer.py:494}}
Jan 27 19:10:44 ubuntu devstack@keystone.service[81341]: DEBUG keystone.common.rbac_enforcer.enforcer [None req-5a2f251a-54ed-476e-84c8-1bd82e889ba8 None admin] RBAC: Authorization granted {{(pid=81341) enforce_call /opt/stack/keystone/keystone/common/rbac_enforcer/enforcer.py:505}}
Jan 27 19:10:44 ubuntu devstack@keystone.service[81340]: DEBUG keystone.server.flask.request_processing.middleware.auth_context [None req-f84ca6fa-da06-4219-8885-dc56c4f3a11e None admin] RBAC: auth_context: {'token': <TokenModel (audit_id=ttVB1zaATACPuCk-V_wK6A, audit_chain_id=['ttVB1zaATACPuCk-V_wK6A']) at 0x7ffa43b4b310>, 'domain_id': None, 'trust_id': None, 'trustor_id': None, 'trustee_id': None, 'domain_name': None, 'group_ids': [], 'user_id': 'ca5f8fe514164c0c9dcd25d0a7cf5433', 'user_domain_id': 'default', 'system_scope': 'all', 'project_id': None, 'project_domain_id': None, 'roles': ['admin', 'manager', 'member', 'reader'], 'is_admin_project': True, 'service_user_id': None, 'service_user_domain_id': None, 'service_project_id': None, 'service_project_domain_id': None, 'service_roles': []} {{(pid=81340) fill_context /opt/stack/keystone/keystone/server/flask/request_processing/middleware/auth_context.py:509}}
Jan 27 19:10:44 ubuntu devstack@keystone.service[81340]: DEBUG keystone.server.flask.request_processing.req_logging [None req-f84ca6fa-da06-4219-8885-dc56c4f3a11e None admin] REQUEST_METHOD: `GET` {{(pid=81340) log_request_info /opt/stack/keystone/keystone/server/flask/request_processing/req_logging.py:26}}
Jan 27 19:10:44 ubuntu devstack@keystone.service[81340]: DEBUG keystone.server.flask.request_processing.req_logging [None req-f84ca6fa-da06-4219-8885-dc56c4f3a11e None admin] SCRIPT_NAME: `/identity` {{(pid=81340) log_request_info /opt/stack/keystone/keystone/server/flask/request_processing/req_logging.py:27}}
Jan 27 19:10:44 ubuntu devstack@keystone.service[81341]: DEBUG keystone.server.flask.application [None req-5a2f251a-54ed-476e-84c8-1bd82e889ba8 None admin] Could not find domain: Default. {{(pid=81341) _handle_keystone_exception /opt/stack/keystone/keystone/server/flask/application.py:146}}
Jan 27 19:10:44 ubuntu devstack@keystone.service[81340]: DEBUG keystone.server.flask.request_processing.req_logging [None req-f84ca6fa-da06-4219-8885-dc56c4f3a11e None admin] PATH_INFO: `/v3/roles` {{(pid=81340) log_request_info /opt/stack/keystone/keystone/server/flask/request_processing/req_logging.py:28}}
Jan 27 19:10:44 ubuntu devstack@keystone.service[81341]: [pid: 81341|app: 0|req: 15/27] 10.201.5.82 () {56 vars in 1100 bytes} [Tue Jan 27 19:10:44 2026] GET /identity/v3/domains/Default => generated 87 bytes in 86 msecs (HTTP/1.1 404) 5 headers in 183 bytes (1 switches on core 0)
Jan 27 19:10:44 ubuntu devstack@keystone.service[81341]: DEBUG keystone.server.flask.request_processing.req_logging [None req-714db222-e300-4489-92fc-66c62b9748df None None] REQUEST_METHOD: `GET` {{(pid=81341) log_request_info /opt/stack/keystone/keystone/server/flask/request_processing/req_logging.py:26}}
Jan 27 19:10:44 ubuntu devstack@keystone.service[81341]: DEBUG keystone.server.flask.request_processing.req_logging [None req-714db222-e300-4489-92fc-66c62b9748df None None] SCRIPT_NAME: `/identity` {{(pid=81341) log_request_info /opt/stack/keystone/keystone/server/flask/request_processing/req_logging.py:27}}
Jan 27 19:10:44 ubuntu devstack@keystone.service[81341]: DEBUG keystone.server.flask.request_processing.req_logging [None req-714db222-e300-4489-92fc-66c62b9748df None None] PATH_INFO: `/` {{(pid=81341) log_request_info /opt/stack/keystone/keystone/server/flask/request_processing/req_logging.py:28}}
Jan 27 19:10:44 ubuntu devstack@keystone.service[81341]: [pid: 81341|app: 0|req: 16/28] 10.201.5.82 () {54 vars in 919 bytes} [Tue Jan 27 19:10:44 2026] GET /identity => generated 270 bytes in 1 msecs (HTTP/1.1 300) 6 headers in 234 bytes (1 switches on core 0)
Jan 27 19:10:44 ubuntu devstack@keystone.service[81340]: DEBUG keystone.common.rbac_enforcer.enforcer [None req-f84ca6fa-da06-4219-8885-dc56c4f3a11e None admin] RBAC: Adding query filter params (name=admin) {{(pid=81340) _extract_filter_values /opt/stack/keystone/keystone/common/rbac_enforcer/enforcer.py:176}}
Jan 27 19:10:44 ubuntu devstack@keystone.service[81340]: DEBUG keystone.common.rbac_enforcer.enforcer [None req-f84ca6fa-da06-4219-8885-dc56c4f3a11e None admin] RBAC: Authorizing `identity:list_roles()` {{(pid=81340) enforce_call /opt/stack/keystone/keystone/common/rbac_enforcer/enforcer.py:494}}
Jan 27 19:10:44 ubuntu devstack@keystone.service[81340]: DEBUG keystone.common.rbac_enforcer.enforcer [None req-f84ca6fa-da06-4219-8885-dc56c4f3a11e None admin] RBAC: Authorization granted {{(pid=81340) enforce_call /opt/stack/keystone/keystone/common/rbac_enforcer/enforcer.py:505}}
Jan 27 19:10:44 ubuntu devstack@keystone.service[81341]: DEBUG keystone.server.flask.request_processing.middleware.auth_context [None req-714db222-e300-4489-92fc-66c62b9748df None None] Authenticating user token {{(pid=81341) process_request /opt/stack/data/venv/lib/python3.10/site-packages/keystonemiddleware/auth_token/__init__.py:407}}
Jan 27 19:10:44 ubuntu devstack@keystone.service[81340]: [pid: 81340|app: 0|req: 13/29] 10.201.5.82 () {56 vars in 1148 bytes} [Tue Jan 27 19:10:44 2026] GET /identity/v3/roles?name=admin => generated 339 bytes in 78 msecs (HTTP/1.1 200) 5 headers in 177 bytes (1 switches on core 0)
Jan 27 19:10:44 ubuntu devstack@keystone.service[81340]: DEBUG keystone.server.flask.request_processing.req_logging [None req-e72de426-52a4-43d2-8ea5-d85eec889ecc None None] REQUEST_METHOD: `POST` {{(pid=81340) log_request_info /opt/stack/keystone/keystone/server/flask/request_processing/req_logging.py:26}}
Jan 27 19:10:44 ubuntu devstack@keystone.service[81340]: DEBUG keystone.server.flask.request_processing.req_logging [None req-e72de426-52a4-43d2-8ea5-d85eec889ecc None None] SCRIPT_NAME: `/identity` {{(pid=81340) log_request_info /opt/stack/keystone/keystone/server/flask/request_processing/req_logging.py:27}}
Jan 27 19:10:44 ubuntu devstack@keystone.service[81340]: DEBUG keystone.server.flask.request_processing.req_logging [None req-e72de426-52a4-43d2-8ea5-d85eec889ecc None None] PATH_INFO: `/v3/auth/tokens` {{(pid=81340) log_request_info /opt/stack/keystone/keystone/server/flask/request_processing/req_logging.py:28}}
Jan 27 19:10:44 ubuntu devstack@keystone.service[81340]: WARNING keystone.common.password_hashing [None req-e72de426-52a4-43d2-8ea5-d85eec889ecc None None] Truncating password to algorithm specific maximum length 72 characters.
Jan 27 19:10:44 ubuntu devstack@keystone.service[81340]: DEBUG keystone.auth.core [None req-e72de426-52a4-43d2-8ea5-d85eec889ecc None None] MFA Rules not processed for user `ca5f8fe514164c0c9dcd25d0a7cf5433`. Rule list: `[]` (Enabled: `True`). {{(pid=81340) check_auth_methods_against_rules /opt/stack/keystone/keystone/auth/core.py:476}}
Jan 27 19:10:44 ubuntu devstack@keystone.service[81340]: DEBUG keystone.common.fernet_utils [None req-e72de426-52a4-43d2-8ea5-d85eec889ecc None None] Loaded 2 Fernet keys from /etc/keystone/fernet-keys/, but `[fernet_tokens] max_active_keys = 3`; perhaps there have not been enough key rotations to reach `max_active_keys` yet? {{(pid=81340) load_keys /opt/stack/keystone/keystone/common/fernet_utils.py:297}}
Jan 27 19:10:44 ubuntu devstack@keystone.service[81341]: DEBUG keystone.server.flask.request_processing.middleware.auth_context [None req-714db222-e300-4489-92fc-66c62b9748df None None] Validating token access rules against request {{(pid=81341) validate_allowed_request /opt/stack/data/venv/lib/python3.10/site-packages/keystonemiddleware/auth_token/__init__.py:545}}
Jan 27 19:10:44 ubuntu devstack@keystone.service[81341]: DEBUG keystone.server.flask.request_processing.middleware.auth_context [None req-0d5eb6bc-4d93-49a4-ac1c-bc8ea9893576 None admin] RBAC: auth_context: {'token': <TokenModel (audit_id=YOdoZk9-QPujvIkwuq8HTA, audit_chain_id=['YOdoZk9-QPujvIkwuq8HTA']) at 0x7ffa43acd270>, 'domain_id': None, 'trust_id': None, 'trustor_id': None, 'trustee_id': None, 'domain_name': None, 'group_ids': [], 'user_id': 'ca5f8fe514164c0c9dcd25d0a7cf5433', 'user_domain_id': 'default', 'system_scope': 'all', 'project_id': None, 'project_domain_id': None, 'roles': ['admin', 'manager', 'member', 'reader'], 'is_admin_project': True, 'service_user_id': None, 'service_user_domain_id': None, 'service_project_id': None, 'service_project_domain_id': None, 'service_roles': []} {{(pid=81341) fill_context /opt/stack/keystone/keystone/server/flask/request_processing/middleware/auth_context.py:509}}
Jan 27 19:10:44 ubuntu devstack@keystone.service[81340]: [pid: 81340|app: 0|req: 14/30] 10.201.5.82 () {58 vars in 1016 bytes} [Tue Jan 27 19:10:44 2026] POST /identity/v3/auth/tokens => generated 862 bytes in 53 msecs (HTTP/1.1 201) 6 headers in 363 bytes (1 switches on core 0)
Jan 27 19:10:44 ubuntu devstack@keystone.service[81340]: DEBUG keystone.server.flask.request_processing.req_logging [None req-0a55baef-62ed-4820-afc4-4b07f12c7cf3 None None] REQUEST_METHOD: `GET` {{(pid=81340) log_request_info /opt/stack/keystone/keystone/server/flask/request_processing/req_logging.py:26}}
Jan 27 19:10:44 ubuntu devstack@keystone.service[81340]: DEBUG keystone.server.flask.request_processing.req_logging [None req-0a55baef-62ed-4820-afc4-4b07f12c7cf3 None None] SCRIPT_NAME: `/identity` {{(pid=81340) log_request_info /opt/stack/keystone/keystone/server/flask/request_processing/req_logging.py:27}}
Jan 27 19:10:44 ubuntu devstack@keystone.service[81340]: DEBUG keystone.server.flask.request_processing.req_logging [None req-0a55baef-62ed-4820-afc4-4b07f12c7cf3 None None] PATH_INFO: `/` {{(pid=81340) log_request_info /opt/stack/keystone/keystone/server/flask/request_processing/req_logging.py:28}}
Jan 27 19:10:44 ubuntu devstack@keystone.service[81340]: [pid: 81340|app: 0|req: 15/31] 10.201.5.82 () {54 vars in 919 bytes} [Tue Jan 27 19:10:44 2026] GET /identity => generated 270 bytes in 1 msecs (HTTP/1.1 300) 6 headers in 234 bytes (1 switches on core 0)
Jan 27 19:10:44 ubuntu devstack@keystone.service[81340]: DEBUG keystone.server.flask.request_processing.middleware.auth_context [None req-0a55baef-62ed-4820-afc4-4b07f12c7cf3 None None] Authenticating user token {{(pid=81340) process_request /opt/stack/data/venv/lib/python3.10/site-packages/keystonemiddleware/auth_token/__init__.py:407}}
Jan 27 19:10:44 ubuntu devstack@keystone.service[81341]: DEBUG keystone.server.flask.request_processing.req_logging [None req-0d5eb6bc-4d93-49a4-ac1c-bc8ea9893576 None admin] REQUEST_METHOD: `GET` {{(pid=81341) log_request_info /opt/stack/keystone/keystone/server/flask/request_processing/req_logging.py:26}}
Jan 27 19:10:44 ubuntu devstack@keystone.service[81341]: DEBUG keystone.server.flask.request_processing.req_logging [None req-0d5eb6bc-4d93-49a4-ac1c-bc8ea9893576 None admin] SCRIPT_NAME: `/identity` {{(pid=81341) log_request_info /opt/stack/keystone/keystone/server/flask/request_processing/req_logging.py:27}}
Jan 27 19:10:44 ubuntu devstack@keystone.service[81341]: DEBUG keystone.server.flask.request_processing.req_logging [None req-0d5eb6bc-4d93-49a4-ac1c-bc8ea9893576 None admin] PATH_INFO: `/v3/domains` {{(pid=81341) log_request_info /opt/stack/keystone/keystone/server/flask/request_processing/req_logging.py:28}}
Jan 27 19:10:44 ubuntu devstack@keystone.service[81341]: DEBUG keystone.common.rbac_enforcer.enforcer [None req-0d5eb6bc-4d93-49a4-ac1c-bc8ea9893576 None admin] RBAC: Adding query filter params (name=Default) {{(pid=81341) _extract_filter_values /opt/stack/keystone/keystone/common/rbac_enforcer/enforcer.py:176}}
Jan 27 19:10:44 ubuntu devstack@keystone.service[81341]: DEBUG keystone.common.rbac_enforcer.enforcer [None req-0d5eb6bc-4d93-49a4-ac1c-bc8ea9893576 None admin] RBAC: Authorizing `identity:list_domains()` {{(pid=81341) enforce_call /opt/stack/keystone/keystone/common/rbac_enforcer/enforcer.py:494}}
Jan 27 19:10:44 ubuntu devstack@keystone.service[81341]: DEBUG keystone.common.rbac_enforcer.enforcer [None req-0d5eb6bc-4d93-49a4-ac1c-bc8ea9893576 None admin] RBAC: Authorization granted {{(pid=81341) enforce_call /opt/stack/keystone/keystone/common/rbac_enforcer/enforcer.py:505}}
Jan 27 19:10:44 ubuntu devstack@keystone.service[81341]: [pid: 81341|app: 0|req: 17/32] 10.201.5.82 () {56 vars in 1101 bytes} [Tue Jan 27 19:10:44 2026] GET /identity/v3/domains?name=Default => generated 308 bytes in 85 msecs (HTTP/1.1 200) 5 headers in 177 bytes (1 switches on core 0)
Jan 27 19:10:44 ubuntu devstack@keystone.service[81341]: DEBUG keystone.server.flask.request_processing.req_logging [None req-07fdb539-b56d-41be-80d9-db219536e5ca None None] REQUEST_METHOD: `POST` {{(pid=81341) log_request_info /opt/stack/keystone/keystone/server/flask/request_processing/req_logging.py:26}}
Jan 27 19:10:44 ubuntu devstack@keystone.service[81341]: DEBUG keystone.server.flask.request_processing.req_logging [None req-07fdb539-b56d-41be-80d9-db219536e5ca None None] SCRIPT_NAME: `/identity` {{(pid=81341) log_request_info /opt/stack/keystone/keystone/server/flask/request_processing/req_logging.py:27}}
Jan 27 19:10:44 ubuntu devstack@keystone.service[81341]: DEBUG keystone.server.flask.request_processing.req_logging [None req-07fdb539-b56d-41be-80d9-db219536e5ca None None] PATH_INFO: `/v3/auth/tokens` {{(pid=81341) log_request_info /opt/stack/keystone/keystone/server/flask/request_processing/req_logging.py:28}}
Jan 27 19:10:44 ubuntu devstack@keystone.service[81341]: WARNING keystone.common.password_hashing [None req-07fdb539-b56d-41be-80d9-db219536e5ca None None] Truncating password to algorithm specific maximum length 72 characters.
Jan 27 19:10:44 ubuntu devstack@keystone.service[81340]: DEBUG keystone.server.flask.request_processing.middleware.auth_context [None req-0a55baef-62ed-4820-afc4-4b07f12c7cf3 None None] Validating token access rules against request {{(pid=81340) validate_allowed_request /opt/stack/data/venv/lib/python3.10/site-packages/keystonemiddleware/auth_token/__init__.py:545}}
Jan 27 19:10:44 ubuntu devstack@keystone.service[81341]: DEBUG keystone.auth.core [None req-07fdb539-b56d-41be-80d9-db219536e5ca None None] MFA Rules not processed for user `ca5f8fe514164c0c9dcd25d0a7cf5433`. Rule list: `[]` (Enabled: `True`). {{(pid=81341) check_auth_methods_against_rules /opt/stack/keystone/keystone/auth/core.py:476}}
Jan 27 19:10:44 ubuntu devstack@keystone.service[81341]: DEBUG keystone.common.fernet_utils [None req-07fdb539-b56d-41be-80d9-db219536e5ca None None] Loaded 2 Fernet keys from /etc/keystone/fernet-keys/, but `[fernet_tokens] max_active_keys = 3`; perhaps there have not been enough key rotations to reach `max_active_keys` yet? {{(pid=81341) load_keys /opt/stack/keystone/keystone/common/fernet_utils.py:297}}
Jan 27 19:10:44 ubuntu devstack@keystone.service[81340]: DEBUG keystone.server.flask.request_processing.middleware.auth_context [None req-2c2ac821-56d5-4788-90ae-5e21479aa87b None admin] RBAC: auth_context: {'token': <TokenModel (audit_id=ttVB1zaATACPuCk-V_wK6A, audit_chain_id=['ttVB1zaATACPuCk-V_wK6A']) at 0x7ffa44b47850>, 'domain_id': None, 'trust_id': None, 'trustor_id': None, 'trustee_id': None, 'domain_name': None, 'group_ids': [], 'user_id': 'ca5f8fe514164c0c9dcd25d0a7cf5433', 'user_domain_id': 'default', 'system_scope': 'all', 'project_id': None, 'project_domain_id': None, 'roles': ['admin', 'manager', 'member', 'reader'], 'is_admin_project': True, 'service_user_id': None, 'service_user_domain_id': None, 'service_project_id': None, 'service_project_domain_id': None, 'service_roles': []} {{(pid=81340) fill_context /opt/stack/keystone/keystone/server/flask/request_processing/middleware/auth_context.py:509}}
Jan 27 19:10:44 ubuntu devstack@keystone.service[81340]: DEBUG keystone.server.flask.request_processing.req_logging [None req-2c2ac821-56d5-4788-90ae-5e21479aa87b None admin] REQUEST_METHOD: `GET` {{(pid=81340) log_request_info /opt/stack/keystone/keystone/server/flask/request_processing/req_logging.py:26}}
Jan 27 19:10:44 ubuntu devstack@keystone.service[81340]: DEBUG keystone.server.flask.request_processing.req_logging [None req-2c2ac821-56d5-4788-90ae-5e21479aa87b None admin] SCRIPT_NAME: `/identity` {{(pid=81340) log_request_info /opt/stack/keystone/keystone/server/flask/request_processing/req_logging.py:27}}
Jan 27 19:10:44 ubuntu devstack@keystone.service[81340]: DEBUG keystone.server.flask.request_processing.req_logging [None req-2c2ac821-56d5-4788-90ae-5e21479aa87b None admin] PATH_INFO: `/v3/users/ca5f8fe514164c0c9dcd25d0a7cf5433` {{(pid=81340) log_request_info /opt/stack/keystone/keystone/server/flask/request_processing/req_logging.py:28}}
Jan 27 19:10:44 ubuntu devstack@keystone.service[81340]: DEBUG keystone.common.rbac_enforcer.enforcer [None req-2c2ac821-56d5-4788-90ae-5e21479aa87b None admin] RBAC: Authorizing `identity:get_user(user_id=ca5f8fe514164c0c9dcd25d0a7cf5433)` {{(pid=81340) enforce_call /opt/stack/keystone/keystone/common/rbac_enforcer/enforcer.py:494}}
Jan 27 19:10:44 ubuntu devstack@keystone.service[81340]: DEBUG keystone.common.rbac_enforcer.enforcer [None req-2c2ac821-56d5-4788-90ae-5e21479aa87b None admin] RBAC: Authorization granted {{(pid=81340) enforce_call /opt/stack/keystone/keystone/common/rbac_enforcer/enforcer.py:505}}
Jan 27 19:10:44 ubuntu devstack@keystone.service[81340]: [pid: 81340|app: 0|req: 16/33] 10.201.5.82 () {56 vars in 1213 bytes} [Tue Jan 27 19:10:44 2026] GET /identity/v3/users/ca5f8fe514164c0c9dcd25d0a7cf5433 => generated 247 bytes in 68 msecs (HTTP/1.1 200) 5 headers in 177 bytes (1 switches on core 0)
Jan 27 19:10:44 ubuntu devstack@keystone.service[81340]: DEBUG keystone.server.flask.request_processing.middleware.auth_context [None req-2c2ac821-56d5-4788-90ae-5e21479aa87b None admin] Authenticating user token {{(pid=81340) process_request /opt/stack/data/venv/lib/python3.10/site-packages/keystonemiddleware/auth_token/__init__.py:407}}
Jan 27 19:10:44 ubuntu devstack@keystone.service[81340]: DEBUG keystone.server.flask.request_processing.middleware.auth_context [None req-2c2ac821-56d5-4788-90ae-5e21479aa87b None admin] Validating token access rules against request {{(pid=81340) validate_allowed_request /opt/stack/data/venv/lib/python3.10/site-packages/keystonemiddleware/auth_token/__init__.py:545}}
Jan 27 19:10:44 ubuntu devstack@keystone.service[81340]: DEBUG keystone.server.flask.request_processing.middleware.auth_context [None req-5ba90647-7e65-4cf2-af46-ce94c8ed13a7 None admin] RBAC: auth_context: {'token': <TokenModel (audit_id=YOdoZk9-QPujvIkwuq8HTA, audit_chain_id=['YOdoZk9-QPujvIkwuq8HTA']) at 0x7ffa43b493f0>, 'domain_id': None, 'trust_id': None, 'trustor_id': None, 'trustee_id': None, 'domain_name': None, 'group_ids': [], 'user_id': 'ca5f8fe514164c0c9dcd25d0a7cf5433', 'user_domain_id': 'default', 'system_scope': 'all', 'project_id': None, 'project_domain_id': None, 'roles': ['admin', 'manager', 'member', 'reader'], 'is_admin_project': True, 'service_user_id': None, 'service_user_domain_id': None, 'service_project_id': None, 'service_project_domain_id': None, 'service_roles': []} {{(pid=81340) fill_context /opt/stack/keystone/keystone/server/flask/request_processing/middleware/auth_context.py:509}}
Jan 27 19:10:44 ubuntu devstack@keystone.service[81340]: DEBUG keystone.server.flask.request_processing.req_logging [None req-5ba90647-7e65-4cf2-af46-ce94c8ed13a7 None admin] REQUEST_METHOD: `POST` {{(pid=81340) log_request_info /opt/stack/keystone/keystone/server/flask/request_processing/req_logging.py:26}}
Jan 27 19:10:44 ubuntu devstack@keystone.service[81340]: DEBUG keystone.server.flask.request_processing.req_logging [None req-5ba90647-7e65-4cf2-af46-ce94c8ed13a7 None admin] SCRIPT_NAME: `/identity` {{(pid=81340) log_request_info /opt/stack/keystone/keystone/server/flask/request_processing/req_logging.py:27}}
Jan 27 19:10:44 ubuntu devstack@keystone.service[81340]: DEBUG keystone.server.flask.request_processing.req_logging [None req-5ba90647-7e65-4cf2-af46-ce94c8ed13a7 None admin] PATH_INFO: `/v3/projects` {{(pid=81340) log_request_info /opt/stack/keystone/keystone/server/flask/request_processing/req_logging.py:28}}
Jan 27 19:10:44 ubuntu devstack@keystone.service[81340]: DEBUG keystone.common.rbac_enforcer.enforcer [None req-5ba90647-7e65-4cf2-af46-ce94c8ed13a7 None admin] RBAC: Authorizing `identity:create_project()` {{(pid=81340) enforce_call /opt/stack/keystone/keystone/common/rbac_enforcer/enforcer.py:494}}
Jan 27 19:10:44 ubuntu devstack@keystone.service[81340]: DEBUG keystone.common.rbac_enforcer.enforcer [None req-5ba90647-7e65-4cf2-af46-ce94c8ed13a7 None admin] RBAC: Authorization granted {{(pid=81340) enforce_call /opt/stack/keystone/keystone/common/rbac_enforcer/enforcer.py:505}}
Jan 27 19:10:44 ubuntu devstack@keystone.service[81340]: [pid: 81340|app: 0|req: 17/34] 10.201.5.82 () {60 vars in 1133 bytes} [Tue Jan 27 19:10:44 2026] POST /identity/v3/projects => generated 301 bytes in 68 msecs (HTTP/1.1 201) 5 headers in 182 bytes (1 switches on core 0)
Jan 27 19:10:44 ubuntu devstack@keystone.service[81340]: DEBUG keystone.server.flask.request_processing.middleware.auth_context [None req-5ba90647-7e65-4cf2-af46-ce94c8ed13a7 None admin] Authenticating user token {{(pid=81340) process_request /opt/stack/data/venv/lib/python3.10/site-packages/keystonemiddleware/auth_token/__init__.py:407}}
Jan 27 19:10:44 ubuntu devstack@keystone.service[81341]: [pid: 81341|app: 0|req: 18/35] 10.201.5.82 () {58 vars in 1016 bytes} [Tue Jan 27 19:10:44 2026] POST /identity/v3/auth/tokens => generated 862 bytes in 129 msecs (HTTP/1.1 201) 6 headers in 363 bytes (1 switches on core 0)
Jan 27 19:10:44 ubuntu devstack@keystone.service[81341]: DEBUG keystone.server.flask.request_processing.middleware.auth_context [None req-07fdb539-b56d-41be-80d9-db219536e5ca None None] Authenticating user token {{(pid=81341) process_request /opt/stack/data/venv/lib/python3.10/site-packages/keystonemiddleware/auth_token/__init__.py:407}}
Jan 27 19:10:44 ubuntu devstack@keystone.service[81340]: DEBUG keystone.server.flask.request_processing.middleware.auth_context [None req-5ba90647-7e65-4cf2-af46-ce94c8ed13a7 None admin] Validating token access rules against request {{(pid=81340) validate_allowed_request /opt/stack/data/venv/lib/python3.10/site-packages/keystonemiddleware/auth_token/__init__.py:545}}
Jan 27 19:10:44 ubuntu devstack@keystone.service[81341]: DEBUG keystone.server.flask.request_processing.middleware.auth_context [None req-07fdb539-b56d-41be-80d9-db219536e5ca None None] Validating token access rules against request {{(pid=81341) validate_allowed_request /opt/stack/data/venv/lib/python3.10/site-packages/keystonemiddleware/auth_token/__init__.py:545}}
Jan 27 19:10:44 ubuntu devstack@keystone.service[81340]: DEBUG keystone.server.flask.request_processing.middleware.auth_context [None req-72e9d257-3044-43c8-a1d4-3ff5b2fcf2ce None admin] RBAC: auth_context: {'token': <TokenModel (audit_id=ttVB1zaATACPuCk-V_wK6A, audit_chain_id=['ttVB1zaATACPuCk-V_wK6A']) at 0x7ffa44b47370>, 'domain_id': None, 'trust_id': None, 'trustor_id': None, 'trustee_id': None, 'domain_name': None, 'group_ids': [], 'user_id': 'ca5f8fe514164c0c9dcd25d0a7cf5433', 'user_domain_id': 'default', 'system_scope': 'all', 'project_id': None, 'project_domain_id': None, 'roles': ['admin', 'manager', 'member', 'reader'], 'is_admin_project': True, 'service_user_id': None, 'service_user_domain_id': None, 'service_project_id': None, 'service_project_domain_id': None, 'service_roles': []} {{(pid=81340) fill_context /opt/stack/keystone/keystone/server/flask/request_processing/middleware/auth_context.py:509}}
Jan 27 19:10:44 ubuntu devstack@keystone.service[81340]: DEBUG keystone.server.flask.request_processing.req_logging [None req-72e9d257-3044-43c8-a1d4-3ff5b2fcf2ce None admin] REQUEST_METHOD: `GET` {{(pid=81340) log_request_info /opt/stack/keystone/keystone/server/flask/request_processing/req_logging.py:26}}
Jan 27 19:10:44 ubuntu devstack@keystone.service[81340]: DEBUG keystone.server.flask.request_processing.req_logging [None req-72e9d257-3044-43c8-a1d4-3ff5b2fcf2ce None admin] SCRIPT_NAME: `/identity` {{(pid=81340) log_request_info /opt/stack/keystone/keystone/server/flask/request_processing/req_logging.py:27}}
Jan 27 19:10:44 ubuntu devstack@keystone.service[81340]: DEBUG keystone.server.flask.request_processing.req_logging [None req-72e9d257-3044-43c8-a1d4-3ff5b2fcf2ce None admin] PATH_INFO: `/v3/domains/default` {{(pid=81340) log_request_info /opt/stack/keystone/keystone/server/flask/request_processing/req_logging.py:28}}
Jan 27 19:10:44 ubuntu devstack@keystone.service[81340]: DEBUG keystone.common.rbac_enforcer.enforcer [None req-72e9d257-3044-43c8-a1d4-3ff5b2fcf2ce None admin] RBAC: Authorizing `identity:get_domain(domain_id=default)` {{(pid=81340) enforce_call /opt/stack/keystone/keystone/common/rbac_enforcer/enforcer.py:494}}
Jan 27 19:10:44 ubuntu devstack@keystone.service[81341]: DEBUG keystone.server.flask.request_processing.middleware.auth_context [None req-35b398fb-49a4-452f-bd82-75b915914747 None admin] RBAC: auth_context: {'token': <TokenModel (audit_id=U58waXcCQlu4Y-5RxTfqtg, audit_chain_id=['U58waXcCQlu4Y-5RxTfqtg']) at 0x7ffa43db6500>, 'domain_id': None, 'trust_id': None, 'trustor_id': None, 'trustee_id': None, 'domain_name': None, 'group_ids': [], 'user_id': 'ca5f8fe514164c0c9dcd25d0a7cf5433', 'user_domain_id': 'default', 'system_scope': 'all', 'project_id': None, 'project_domain_id': None, 'roles': ['admin', 'manager', 'member', 'reader'], 'is_admin_project': True, 'service_user_id': None, 'service_user_domain_id': None, 'service_project_id': None, 'service_project_domain_id': None, 'service_roles': []} {{(pid=81341) fill_context /opt/stack/keystone/keystone/server/flask/request_processing/middleware/auth_context.py:509}}
Jan 27 19:10:44 ubuntu devstack@keystone.service[81341]: DEBUG keystone.server.flask.request_processing.req_logging [None req-35b398fb-49a4-452f-bd82-75b915914747 None admin] REQUEST_METHOD: `POST` {{(pid=81341) log_request_info /opt/stack/keystone/keystone/server/flask/request_processing/req_logging.py:26}}
Jan 27 19:10:44 ubuntu devstack@keystone.service[81341]: DEBUG keystone.server.flask.request_processing.req_logging [None req-35b398fb-49a4-452f-bd82-75b915914747 None admin] SCRIPT_NAME: `/identity` {{(pid=81341) log_request_info /opt/stack/keystone/keystone/server/flask/request_processing/req_logging.py:27}}
Jan 27 19:10:44 ubuntu devstack@keystone.service[81341]: DEBUG keystone.server.flask.request_processing.req_logging [None req-35b398fb-49a4-452f-bd82-75b915914747 None admin] PATH_INFO: `/v3/roles` {{(pid=81341) log_request_info /opt/stack/keystone/keystone/server/flask/request_processing/req_logging.py:28}}
Jan 27 19:10:44 ubuntu devstack@keystone.service[81340]: DEBUG keystone.common.rbac_enforcer.enforcer [None req-72e9d257-3044-43c8-a1d4-3ff5b2fcf2ce None admin] RBAC: Authorization granted {{(pid=81340) enforce_call /opt/stack/keystone/keystone/common/rbac_enforcer/enforcer.py:505}}
Jan 27 19:10:44 ubuntu devstack@keystone.service[81341]: DEBUG keystone.common.rbac_enforcer.enforcer [None req-35b398fb-49a4-452f-bd82-75b915914747 None admin] RBAC: Authorizing `identity:create_role()` {{(pid=81341) enforce_call /opt/stack/keystone/keystone/common/rbac_enforcer/enforcer.py:494}}
Jan 27 19:10:44 ubuntu devstack@keystone.service[81341]: DEBUG keystone.common.rbac_enforcer.enforcer [None req-35b398fb-49a4-452f-bd82-75b915914747 None admin] RBAC: Authorization granted {{(pid=81341) enforce_call /opt/stack/keystone/keystone/common/rbac_enforcer/enforcer.py:505}}
Jan 27 19:10:44 ubuntu devstack@keystone.service[81340]: [pid: 81340|app: 0|req: 18/36] 10.201.5.82 () {56 vars in 1144 bytes} [Tue Jan 27 19:10:44 2026] GET /identity/v3/domains/default => generated 199 bytes in 82 msecs (HTTP/1.1 200) 5 headers in 177 bytes (1 switches on core 0)
Jan 27 19:10:44 ubuntu devstack@keystone.service[81340]: DEBUG keystone.server.flask.request_processing.middleware.auth_context [None req-72e9d257-3044-43c8-a1d4-3ff5b2fcf2ce None admin] Authenticating user token {{(pid=81340) process_request /opt/stack/data/venv/lib/python3.10/site-packages/keystonemiddleware/auth_token/__init__.py:407}}
Jan 27 19:10:44 ubuntu devstack@keystone.service[81341]: DEBUG keystone.common.sql.core [None req-35b398fb-49a4-452f-bd82-75b915914747 None admin] Conflict role: (pymysql.err.IntegrityError) (1062, "Duplicate entry 'service-<<null>>' for key 'role.ixu_role_name_domain_id'")
Jan 27 19:10:44 ubuntu devstack@keystone.service[81341]: [SQL: INSERT INTO `role` (id, name, description, extra) VALUES (%(id)s, %(name)s, %(description)s, %(extra)s)]
Jan 27 19:10:44 ubuntu devstack@keystone.service[81341]: [parameters: {'id': '59b2507f3f1449639e25c03d53297526', 'name': 'service', 'description': None, 'extra': '{}'}]
Jan 27 19:10:44 ubuntu devstack@keystone.service[81341]: (Background on this error at: https://sqlalche.me/e/20/gkpj) {{(pid=81341) wrapper /opt/stack/keystone/keystone/common/sql/core.py:580}}
Jan 27 19:10:44 ubuntu devstack@keystone.service[81341]: ERROR keystone.server.flask.application [None req-35b398fb-49a4-452f-bd82-75b915914747 None admin] Conflict occurred attempting to store role - Duplicate entry found with name service.: keystone.exception.Conflict: Conflict occurred attempting to store role - Duplicate entry found with name service.
Jan 27 19:10:44 ubuntu devstack@keystone.service[81341]: ERROR keystone.server.flask.application Traceback (most recent call last):
Jan 27 19:10:44 ubuntu devstack@keystone.service[81341]: ERROR keystone.server.flask.application   File "/opt/stack/data/venv/lib/python3.10/site-packages/sqlalchemy/engine/base.py", line 1967, in _exec_single_context
Jan 27 19:10:44 ubuntu devstack@keystone.service[81341]: ERROR keystone.server.flask.application     self.dialect.do_execute(
Jan 27 19:10:44 ubuntu devstack@keystone.service[81341]: ERROR keystone.server.flask.application   File "/opt/stack/data/venv/lib/python3.10/site-packages/sqlalchemy/engine/default.py", line 951, in do_execute
Jan 27 19:10:44 ubuntu devstack@keystone.service[81341]: ERROR keystone.server.flask.application     cursor.execute(statement, parameters)
Jan 27 19:10:44 ubuntu devstack@keystone.service[81341]: ERROR keystone.server.flask.application   File "/opt/stack/data/venv/lib/python3.10/site-packages/pymysql/cursors.py", line 153, in execute
Jan 27 19:10:44 ubuntu devstack@keystone.service[81341]: ERROR keystone.server.flask.application     result = self._query(query)
Jan 27 19:10:44 ubuntu devstack@keystone.service[81341]: ERROR keystone.server.flask.application   File "/opt/stack/data/venv/lib/python3.10/site-packages/pymysql/cursors.py", line 322, in _query
Jan 27 19:10:44 ubuntu devstack@keystone.service[81341]: ERROR keystone.server.flask.application     conn.query(q)
Jan 27 19:10:44 ubuntu devstack@keystone.service[81341]: ERROR keystone.server.flask.application   File "/opt/stack/data/venv/lib/python3.10/site-packages/pymysql/connections.py", line 575, in query
Jan 27 19:10:44 ubuntu devstack@keystone.service[81341]: ERROR keystone.server.flask.application     self._affected_rows = self._read_query_result(unbuffered=unbuffered)
Jan 27 19:10:44 ubuntu devstack@keystone.service[81341]: ERROR keystone.server.flask.application   File "/opt/stack/data/venv/lib/python3.10/site-packages/pymysql/connections.py", line 826, in _read_query_result
Jan 27 19:10:44 ubuntu devstack@keystone.service[81341]: ERROR keystone.server.flask.application     result.read()
Jan 27 19:10:44 ubuntu devstack@keystone.service[81341]: ERROR keystone.server.flask.application   File "/opt/stack/data/venv/lib/python3.10/site-packages/pymysql/connections.py", line 1203, in read
Jan 27 19:10:44 ubuntu devstack@keystone.service[81341]: ERROR keystone.server.flask.application     first_packet = self.connection._read_packet()
Jan 27 19:10:44 ubuntu devstack@keystone.service[81341]: ERROR keystone.server.flask.application   File "/opt/stack/data/venv/lib/python3.10/site-packages/pymysql/connections.py", line 782, in _read_packet
Jan 27 19:10:44 ubuntu devstack@keystone.service[81341]: ERROR keystone.server.flask.application     packet.raise_for_error()
Jan 27 19:10:44 ubuntu devstack@keystone.service[81341]: ERROR keystone.server.flask.application   File "/opt/stack/data/venv/lib/python3.10/site-packages/pymysql/protocol.py", line 219, in raise_for_error
Jan 27 19:10:44 ubuntu devstack@keystone.service[81341]: ERROR keystone.server.flask.application     err.raise_mysql_exception(self._data)
Jan 27 19:10:44 ubuntu devstack@keystone.service[81341]: ERROR keystone.server.flask.application   File "/opt/stack/data/venv/lib/python3.10/site-packages/pymysql/err.py", line 150, in raise_mysql_exception
Jan 27 19:10:44 ubuntu devstack@keystone.service[81341]: ERROR keystone.server.flask.application     raise errorclass(errno, errval)
Jan 27 19:10:44 ubuntu devstack@keystone.service[81341]: ERROR keystone.server.flask.application pymysql.err.IntegrityError: (1062, "Duplicate entry 'service-<<null>>' for key 'role.ixu_role_name_domain_id'")
Jan 27 19:10:44 ubuntu devstack@keystone.service[81341]: ERROR keystone.server.flask.application 
Jan 27 19:10:44 ubuntu devstack@keystone.service[81341]: ERROR keystone.server.flask.application The above exception was the direct cause of the following exception:
Jan 27 19:10:44 ubuntu devstack@keystone.service[81341]: ERROR keystone.server.flask.application 
Jan 27 19:10:44 ubuntu devstack@keystone.service[81341]: ERROR keystone.server.flask.application Traceback (most recent call last):
Jan 27 19:10:44 ubuntu devstack@keystone.service[81341]: ERROR keystone.server.flask.application   File "/opt/stack/keystone/keystone/common/sql/core.py", line 575, in wrapper
Jan 27 19:10:44 ubuntu devstack@keystone.service[81341]: ERROR keystone.server.flask.application     return method(*args, **kwargs)
Jan 27 19:10:44 ubuntu devstack@keystone.service[81341]: ERROR keystone.server.flask.application   File "/opt/stack/keystone/keystone/assignment/role_backends/sql.py", line 25, in create_role
Jan 27 19:10:44 ubuntu devstack@keystone.service[81341]: ERROR keystone.server.flask.application     with sql.session_for_write() as session:
Jan 27 19:10:44 ubuntu devstack@keystone.service[81341]: ERROR keystone.server.flask.application   File "/usr/lib/python3.10/contextlib.py", line 142, in __exit__
Jan 27 19:10:44 ubuntu devstack@keystone.service[81341]: ERROR keystone.server.flask.application     next(self.gen)
Jan 27 19:10:44 ubuntu devstack@keystone.service[81341]: ERROR keystone.server.flask.application   File "/opt/stack/data/venv/lib/python3.10/site-packages/oslo_db/sqlalchemy/enginefacade.py", line 1175, in _transaction_scope
Jan 27 19:10:44 ubuntu devstack@keystone.service[81341]: ERROR keystone.server.flask.application     with current._produce_block(
Jan 27 19:10:44 ubuntu devstack@keystone.service[81341]: ERROR keystone.server.flask.application   File "/usr/lib/python3.10/contextlib.py", line 142, in __exit__
Jan 27 19:10:44 ubuntu devstack@keystone.service[81341]: ERROR keystone.server.flask.application     next(self.gen)
Jan 27 19:10:44 ubuntu devstack@keystone.service[81341]: ERROR keystone.server.flask.application   File "/opt/stack/data/venv/lib/python3.10/site-packages/oslo_db/sqlalchemy/enginefacade.py", line 837, in _session
Jan 27 19:10:44 ubuntu devstack@keystone.service[81341]: ERROR keystone.server.flask.application     with excutils.save_and_reraise_exception():
Jan 27 19:10:44 ubuntu devstack@keystone.service[81341]: ERROR keystone.server.flask.application   File "/opt/stack/data/venv/lib/python3.10/site-packages/oslo_utils/excutils.py", line 256, in __exit__
Jan 27 19:10:44 ubuntu devstack@keystone.service[81341]: ERROR keystone.server.flask.application     self.force_reraise()
Jan 27 19:10:44 ubuntu devstack@keystone.service[81341]: ERROR keystone.server.flask.application   File "/opt/stack/data/venv/lib/python3.10/site-packages/oslo_utils/excutils.py", line 222, in force_reraise
Jan 27 19:10:44 ubuntu devstack@keystone.service[81341]: ERROR keystone.server.flask.application     raise self.value
Jan 27 19:10:44 ubuntu devstack@keystone.service[81341]: ERROR keystone.server.flask.application   File "/opt/stack/data/venv/lib/python3.10/site-packages/oslo_db/sqlalchemy/enginefacade.py", line 835, in _session
Jan 27 19:10:44 ubuntu devstack@keystone.service[81341]: ERROR keystone.server.flask.application     self._end_session_transaction(self.session)
Jan 27 19:10:44 ubuntu devstack@keystone.service[81341]: ERROR keystone.server.flask.application   File "/opt/stack/data/venv/lib/python3.10/site-packages/oslo_db/sqlalchemy/enginefacade.py", line 748, in _end_session_transaction
Jan 27 19:10:44 ubuntu devstack@keystone.service[81341]: ERROR keystone.server.flask.application     session.commit()
Jan 27 19:10:44 ubuntu devstack@keystone.service[81341]: ERROR keystone.server.flask.application   File "/opt/stack/data/venv/lib/python3.10/site-packages/sqlalchemy/orm/session.py", line 2030, in commit
Jan 27 19:10:44 ubuntu devstack@keystone.service[81341]: ERROR keystone.server.flask.application     trans.commit(_to_root=True)
Jan 27 19:10:44 ubuntu devstack@keystone.service[81341]: ERROR keystone.server.flask.application   File "<string>", line 2, in commit
Jan 27 19:10:44 ubuntu devstack@keystone.service[81341]: ERROR keystone.server.flask.application   File "/opt/stack/data/venv/lib/python3.10/site-packages/sqlalchemy/orm/state_changes.py", line 137, in _go
Jan 27 19:10:44 ubuntu devstack@keystone.service[81341]: ERROR keystone.server.flask.application     ret_value = fn(self, *arg, **kw)
Jan 27 19:10:44 ubuntu devstack@keystone.service[81341]: ERROR keystone.server.flask.application   File "/opt/stack/data/venv/lib/python3.10/site-packages/sqlalchemy/orm/session.py", line 1311, in commit
Jan 27 19:10:44 ubuntu devstack@keystone.service[81341]: ERROR keystone.server.flask.application     self._prepare_impl()
Jan 27 19:10:44 ubuntu devstack@keystone.service[81341]: ERROR keystone.server.flask.application   File "<string>", line 2, in _prepare_impl
Jan 27 19:10:44 ubuntu devstack@keystone.service[81341]: ERROR keystone.server.flask.application   File "/opt/stack/data/venv/lib/python3.10/site-packages/sqlalchemy/orm/state_changes.py", line 137, in _go
Jan 27 19:10:44 ubuntu devstack@keystone.service[81341]: ERROR keystone.server.flask.application     ret_value = fn(self, *arg, **kw)
Jan 27 19:10:44 ubuntu devstack@keystone.service[81341]: ERROR keystone.server.flask.application   File "/opt/stack/data/venv/lib/python3.10/site-packages/sqlalchemy/orm/session.py", line 1286, in _prepare_impl
Jan 27 19:10:44 ubuntu devstack@keystone.service[81341]: ERROR keystone.server.flask.application     self.session.flush()
Jan 27 19:10:44 ubuntu devstack@keystone.service[81341]: ERROR keystone.server.flask.application   File "/opt/stack/data/venv/lib/python3.10/site-packages/sqlalchemy/orm/session.py", line 4331, in flush
Jan 27 19:10:44 ubuntu devstack@keystone.service[81341]: ERROR keystone.server.flask.application     self._flush(objects)
Jan 27 19:10:44 ubuntu devstack@keystone.service[81341]: ERROR keystone.server.flask.application   File "/opt/stack/data/venv/lib/python3.10/site-packages/sqlalchemy/orm/session.py", line 4466, in _flush
Jan 27 19:10:44 ubuntu devstack@keystone.service[81341]: ERROR keystone.server.flask.application     with util.safe_reraise():
Jan 27 19:10:44 ubuntu devstack@keystone.service[81341]: ERROR keystone.server.flask.application   File "/opt/stack/data/venv/lib/python3.10/site-packages/sqlalchemy/util/langhelpers.py", line 224, in __exit__
Jan 27 19:10:44 ubuntu devstack@keystone.service[81341]: ERROR keystone.server.flask.application     raise exc_value.with_traceback(exc_tb)
Jan 27 19:10:44 ubuntu devstack@keystone.service[81341]: ERROR keystone.server.flask.application   File "/opt/stack/data/venv/lib/python3.10/site-packages/sqlalchemy/orm/session.py", line 4427, in _flush
