Mar 12 13:25:03 ubuntu devstack@keystone.service[81757]: ERROR keystone.server.flask.application     raise newraise.with_traceback(exc_info[2]) from e
Mar 12 13:25:03 ubuntu devstack@keystone.service[81757]: ERROR keystone.server.flask.application   File "/opt/stack/data/venv/lib/python3.10/site-packages/sqlalchemy/engine/base.py", line 1967, in _exec_single_context
Mar 12 13:25:03 ubuntu devstack@keystone.service[81757]: ERROR keystone.server.flask.application     self.dialect.do_execute(
Mar 12 13:25:03 ubuntu devstack@keystone.service[81757]: ERROR keystone.server.flask.application   File "/opt/stack/data/venv/lib/python3.10/site-packages/sqlalchemy/engine/default.py", line 952, in do_execute
Mar 12 13:25:03 ubuntu devstack@keystone.service[81757]: ERROR keystone.server.flask.application     cursor.execute(statement, parameters)
Mar 12 13:25:03 ubuntu devstack@keystone.service[81757]: ERROR keystone.server.flask.application   File "/opt/stack/data/venv/lib/python3.10/site-packages/pymysql/cursors.py", line 153, in execute
Mar 12 13:25:03 ubuntu devstack@keystone.service[81757]: ERROR keystone.server.flask.application     result = self._query(query)
Mar 12 13:25:03 ubuntu devstack@keystone.service[81757]: ERROR keystone.server.flask.application   File "/opt/stack/data/venv/lib/python3.10/site-packages/pymysql/cursors.py", line 322, in _query
Mar 12 13:25:03 ubuntu devstack@keystone.service[81757]: ERROR keystone.server.flask.application     conn.query(q)
Mar 12 13:25:03 ubuntu devstack@keystone.service[81757]: ERROR keystone.server.flask.application   File "/opt/stack/data/venv/lib/python3.10/site-packages/pymysql/connections.py", line 575, in query
Mar 12 13:25:03 ubuntu devstack@keystone.service[81757]: ERROR keystone.server.flask.application     self._affected_rows = self._read_query_result(unbuffered=unbuffered)
Mar 12 13:25:03 ubuntu devstack@keystone.service[81757]: ERROR keystone.server.flask.application   File "/opt/stack/data/venv/lib/python3.10/site-packages/pymysql/connections.py", line 826, in _read_query_result
Mar 12 13:25:03 ubuntu devstack@keystone.service[81757]: ERROR keystone.server.flask.application     result.read()
Mar 12 13:25:03 ubuntu devstack@keystone.service[81757]: ERROR keystone.server.flask.application   File "/opt/stack/data/venv/lib/python3.10/site-packages/pymysql/connections.py", line 1203, in read
Mar 12 13:25:03 ubuntu devstack@keystone.service[81757]: ERROR keystone.server.flask.application     first_packet = self.connection._read_packet()
Mar 12 13:25:03 ubuntu devstack@keystone.service[81757]: ERROR keystone.server.flask.application   File "/opt/stack/data/venv/lib/python3.10/site-packages/pymysql/connections.py", line 782, in _read_packet
Mar 12 13:25:03 ubuntu devstack@keystone.service[81757]: ERROR keystone.server.flask.application     packet.raise_for_error()
Mar 12 13:25:03 ubuntu devstack@keystone.service[81757]: ERROR keystone.server.flask.application   File "/opt/stack/data/venv/lib/python3.10/site-packages/pymysql/protocol.py", line 219, in raise_for_error
Mar 12 13:25:03 ubuntu devstack@keystone.service[81757]: ERROR keystone.server.flask.application     err.raise_mysql_exception(self._data)
Mar 12 13:25:03 ubuntu devstack@keystone.service[81757]: ERROR keystone.server.flask.application   File "/opt/stack/data/venv/lib/python3.10/site-packages/pymysql/err.py", line 150, in raise_mysql_exception
Mar 12 13:25:03 ubuntu devstack@keystone.service[81757]: ERROR keystone.server.flask.application     raise errorclass(errno, errval)
Mar 12 13:25:03 ubuntu devstack@keystone.service[81757]: ERROR keystone.server.flask.application oslo_db.exception.DBDuplicateEntry: (pymysql.err.IntegrityError) (1062, "Duplicate entry 'service-<<null>>' for key 'role.ixu_role_name_domain_id'")
Mar 12 13:25:03 ubuntu devstack@keystone.service[81757]: ERROR keystone.server.flask.application [SQL: INSERT INTO `role` (id, name, description, extra) VALUES (%(id)s, %(name)s, %(description)s, %(extra)s)]
Mar 12 13:25:03 ubuntu devstack@keystone.service[81757]: ERROR keystone.server.flask.application [parameters: {'id': '2322ed5cbc8f44a09fdadb00d7c09c28', 'name': 'service', 'description': None, 'extra': '{}'}]
Mar 12 13:25:03 ubuntu devstack@keystone.service[81757]: ERROR keystone.server.flask.application (Background on this error at: https://sqlalche.me/e/20/gkpj)
Mar 12 13:25:03 ubuntu devstack@keystone.service[81757]: ERROR keystone.server.flask.application 
Mar 12 13:25:03 ubuntu devstack@keystone.service[81757]: ERROR keystone.server.flask.application During handling of the above exception, another exception occurred:
Mar 12 13:25:03 ubuntu devstack@keystone.service[81757]: ERROR keystone.server.flask.application 
Mar 12 13:25:03 ubuntu devstack@keystone.service[81757]: ERROR keystone.server.flask.application Traceback (most recent call last):
Mar 12 13:25:03 ubuntu devstack@keystone.service[81757]: ERROR keystone.server.flask.application   File "/opt/stack/data/venv/lib/python3.10/site-packages/flask/app.py", line 917, in full_dispatch_request
Mar 12 13:25:03 ubuntu devstack@keystone.service[81757]: ERROR keystone.server.flask.application     rv = self.dispatch_request()
Mar 12 13:25:03 ubuntu devstack@keystone.service[81757]: ERROR keystone.server.flask.application   File "/opt/stack/data/venv/lib/python3.10/site-packages/flask/app.py", line 902, in dispatch_request
Mar 12 13:25:03 ubuntu devstack@keystone.service[81757]: ERROR keystone.server.flask.application     return self.ensure_sync(self.view_functions[rule.endpoint])(**view_args)  # type: ignore[no-any-return]
Mar 12 13:25:03 ubuntu devstack@keystone.service[81757]: ERROR keystone.server.flask.application   File "/opt/stack/data/venv/lib/python3.10/site-packages/flask_restful/__init__.py", line 489, in wrapper
Mar 12 13:25:03 ubuntu devstack@keystone.service[81757]: ERROR keystone.server.flask.application     resp = resource(*args, **kwargs)
Mar 12 13:25:03 ubuntu devstack@keystone.service[81757]: ERROR keystone.server.flask.application   File "/opt/stack/data/venv/lib/python3.10/site-packages/flask/views.py", line 110, in view
Mar 12 13:25:03 ubuntu devstack@keystone.service[81757]: ERROR keystone.server.flask.application     return current_app.ensure_sync(self.dispatch_request)(**kwargs)  # type: ignore[no-any-return]
Mar 12 13:25:03 ubuntu devstack@keystone.service[81757]: ERROR keystone.server.flask.application   File "/opt/stack/data/venv/lib/python3.10/site-packages/flask_restful/__init__.py", line 604, in dispatch_request
Mar 12 13:25:03 ubuntu devstack@keystone.service[81757]: ERROR keystone.server.flask.application     resp = meth(*args, **kwargs)
Mar 12 13:25:03 ubuntu devstack@keystone.service[81757]: ERROR keystone.server.flask.application   File "/opt/stack/keystone/keystone/api/validation/__init__.py", line 86, in wrapper
Mar 12 13:25:03 ubuntu devstack@keystone.service[81757]: ERROR keystone.server.flask.application     return func(*args, **kwargs)
Mar 12 13:25:03 ubuntu devstack@keystone.service[81757]: ERROR keystone.server.flask.application   File "/opt/stack/keystone/keystone/api/validation/__init__.py", line 145, in wrapper
Mar 12 13:25:03 ubuntu devstack@keystone.service[81757]: ERROR keystone.server.flask.application     response = func(*args, **kwargs)
Mar 12 13:25:03 ubuntu devstack@keystone.service[81757]: ERROR keystone.server.flask.application   File "/opt/stack/keystone/keystone/api/roles.py", line 91, in post
Mar 12 13:25:03 ubuntu devstack@keystone.service[81757]: ERROR keystone.server.flask.application     ref = PROVIDERS.role_api.create_role(
Mar 12 13:25:03 ubuntu devstack@keystone.service[81757]: ERROR keystone.server.flask.application   File "/opt/stack/keystone/keystone/common/manager.py", line 114, in wrapped
Mar 12 13:25:03 ubuntu devstack@keystone.service[81757]: ERROR keystone.server.flask.application     __ret_val = __f(*args, **kwargs)
Mar 12 13:25:03 ubuntu devstack@keystone.service[81757]: ERROR keystone.server.flask.application   File "/opt/stack/keystone/keystone/assignment/core.py", line 1526, in create_role
Mar 12 13:25:03 ubuntu devstack@keystone.service[81757]: ERROR keystone.server.flask.application     ret = self.driver.create_role(role_id, role)
Mar 12 13:25:03 ubuntu devstack@keystone.service[81757]: ERROR keystone.server.flask.application   File "/opt/stack/keystone/keystone/common/sql/core.py", line 614, in wrapper
Mar 12 13:25:03 ubuntu devstack@keystone.service[81757]: ERROR keystone.server.flask.application     raise exception.Conflict(type=conflict_type, details=msg)
Mar 12 13:25:03 ubuntu devstack@keystone.service[81757]: ERROR keystone.server.flask.application keystone.exception.Conflict: Conflict occurred attempting to store role - Duplicate entry found with name service.
Mar 12 13:25:03 ubuntu devstack@keystone.service[81757]: ERROR keystone.server.flask.application 
Mar 12 13:25:03 ubuntu devstack@keystone.service[81757]: [pid: 81757|app: 0|req: 17/35] 10.201.5.82 () {60 vars in 1168 bytes} [Thu Mar 12 13:25:03 2026] POST /identity/v3/roles => generated 140 bytes in 86 msecs (HTTP/1.1 409) 5 headers in 183 bytes (1 switches on core 0)
Mar 12 13:25:03 ubuntu devstack@keystone.service[81757]: DEBUG keystone.server.flask.request_processing.req_logging [None req-1dfd6b9e-bed2-4d4d-810e-200b1771a9cf None None] REQUEST_METHOD: `GET` {{(pid=81757) log_request_info /opt/stack/keystone/keystone/server/flask/request_processing/req_logging.py:26}}
Mar 12 13:25:03 ubuntu devstack@keystone.service[81757]: DEBUG keystone.server.flask.request_processing.req_logging [None req-1dfd6b9e-bed2-4d4d-810e-200b1771a9cf None None] SCRIPT_NAME: `/identity` {{(pid=81757) log_request_info /opt/stack/keystone/keystone/server/flask/request_processing/req_logging.py:27}}
Mar 12 13:25:03 ubuntu devstack@keystone.service[81757]: DEBUG keystone.server.flask.request_processing.req_logging [None req-1dfd6b9e-bed2-4d4d-810e-200b1771a9cf None None] PATH_INFO: `/` {{(pid=81757) log_request_info /opt/stack/keystone/keystone/server/flask/request_processing/req_logging.py:28}}
Mar 12 13:25:03 ubuntu devstack@keystone.service[81757]: [pid: 81757|app: 0|req: 18/36] 10.201.5.82 () {54 vars in 920 bytes} [Thu Mar 12 13:25:03 2026] GET /identity => generated 270 bytes in 1 msecs (HTTP/1.1 300) 6 headers in 234 bytes (1 switches on core 0)
Mar 12 13:25:03 ubuntu devstack@keystone.service[81758]: DEBUG keystone.server.flask.request_processing.middleware.auth_context [None req-0977c2ba-f240-41ad-938b-c7428726468c None admin] RBAC: auth_context: {'token': <TokenModel (audit_id=AL-YoaCWSgq46b-O7yw2dw, audit_chain_id=['AL-YoaCWSgq46b-O7yw2dw']) at 0x7f4930c4a0e0>, 'domain_id': None, 'trust_id': None, 'trustor_id': None, 'trustee_id': None, 'domain_name': None, 'group_ids': [], 'user_id': 'abd59e0853d64655a207218248a62c37', 'user_domain_id': 'default', 'system_scope': 'all', 'project_id': None, 'project_domain_id': None, 'roles': ['admin', 'manager', 'member', 'reader'], 'is_admin_project': True, 'service_user_id': None, 'service_user_domain_id': None, 'service_project_id': None, 'service_project_domain_id': None, 'service_roles': []} {{(pid=81758) fill_context /opt/stack/keystone/keystone/server/flask/request_processing/middleware/auth_context.py:509}}
Mar 12 13:25:03 ubuntu devstack@keystone.service[81757]: DEBUG keystone.server.flask.request_processing.middleware.auth_context [None req-1dfd6b9e-bed2-4d4d-810e-200b1771a9cf None None] Authenticating user token {{(pid=81757) process_request /opt/stack/data/venv/lib/python3.10/site-packages/keystonemiddleware/auth_token/__init__.py:407}}
Mar 12 13:25:03 ubuntu devstack@keystone.service[81758]: DEBUG keystone.server.flask.request_processing.req_logging [None req-0977c2ba-f240-41ad-938b-c7428726468c None admin] REQUEST_METHOD: `GET` {{(pid=81758) log_request_info /opt/stack/keystone/keystone/server/flask/request_processing/req_logging.py:26}}
Mar 12 13:25:03 ubuntu devstack@keystone.service[81758]: DEBUG keystone.server.flask.request_processing.req_logging [None req-0977c2ba-f240-41ad-938b-c7428726468c None admin] SCRIPT_NAME: `/identity` {{(pid=81758) log_request_info /opt/stack/keystone/keystone/server/flask/request_processing/req_logging.py:27}}
Mar 12 13:25:03 ubuntu devstack@keystone.service[81758]: DEBUG keystone.server.flask.request_processing.req_logging [None req-0977c2ba-f240-41ad-938b-c7428726468c None admin] PATH_INFO: `/v3/domains/default` {{(pid=81758) log_request_info /opt/stack/keystone/keystone/server/flask/request_processing/req_logging.py:28}}
Mar 12 13:25:03 ubuntu devstack@keystone.service[81758]: DEBUG keystone.common.rbac_enforcer.enforcer [None req-0977c2ba-f240-41ad-938b-c7428726468c None admin] RBAC: Authorizing `identity:get_domain(domain_id=default)` {{(pid=81758) enforce_call /opt/stack/keystone/keystone/common/rbac_enforcer/enforcer.py:494}}
Mar 12 13:25:03 ubuntu devstack@keystone.service[81758]: DEBUG keystone.common.rbac_enforcer.enforcer [None req-0977c2ba-f240-41ad-938b-c7428726468c None admin] RBAC: Authorization granted {{(pid=81758) enforce_call /opt/stack/keystone/keystone/common/rbac_enforcer/enforcer.py:505}}
Mar 12 13:25:03 ubuntu devstack@keystone.service[81758]: [pid: 81758|app: 0|req: 19/37] 10.201.5.82 () {56 vars in 1145 bytes} [Thu Mar 12 13:25:03 2026] GET /identity/v3/domains/default => generated 199 bytes in 68 msecs (HTTP/1.1 200) 5 headers in 177 bytes (1 switches on core 0)
Mar 12 13:25:03 ubuntu devstack@keystone.service[81758]: DEBUG keystone.server.flask.request_processing.req_logging [None req-032a2549-1f81-4146-9c22-76730bd98f06 None None] REQUEST_METHOD: `POST` {{(pid=81758) log_request_info /opt/stack/keystone/keystone/server/flask/request_processing/req_logging.py:26}}
Mar 12 13:25:03 ubuntu devstack@keystone.service[81758]: DEBUG keystone.server.flask.request_processing.req_logging [None req-032a2549-1f81-4146-9c22-76730bd98f06 None None] SCRIPT_NAME: `/identity` {{(pid=81758) log_request_info /opt/stack/keystone/keystone/server/flask/request_processing/req_logging.py:27}}
Mar 12 13:25:03 ubuntu devstack@keystone.service[81758]: DEBUG keystone.server.flask.request_processing.req_logging [None req-032a2549-1f81-4146-9c22-76730bd98f06 None None] PATH_INFO: `/v3/auth/tokens` {{(pid=81758) log_request_info /opt/stack/keystone/keystone/server/flask/request_processing/req_logging.py:28}}
Mar 12 13:25:03 ubuntu devstack@keystone.service[81758]: WARNING keystone.common.password_hashing [None req-032a2549-1f81-4146-9c22-76730bd98f06 None None] Truncating password to algorithm specific maximum length 72 characters.
Mar 12 13:25:03 ubuntu devstack@keystone.service[81758]: DEBUG keystone.auth.core [None req-032a2549-1f81-4146-9c22-76730bd98f06 None None] MFA Rules not processed for user `abd59e0853d64655a207218248a62c37`. Rule list: `[]` (Enabled: `True`). {{(pid=81758) check_auth_methods_against_rules /opt/stack/keystone/keystone/auth/core.py:476}}
Mar 12 13:25:03 ubuntu devstack@keystone.service[81758]: DEBUG keystone.common.fernet_utils [None req-032a2549-1f81-4146-9c22-76730bd98f06 None None] Loaded 2 Fernet keys from /etc/keystone/fernet-keys/, but `[fernet_tokens] max_active_keys = 3`; perhaps there have not been enough key rotations to reach `max_active_keys` yet? {{(pid=81758) load_keys /opt/stack/keystone/keystone/common/fernet_utils.py:297}}
Mar 12 13:25:03 ubuntu devstack@keystone.service[81758]: [pid: 81758|app: 0|req: 20/38] 10.201.5.82 () {58 vars in 1017 bytes} [Thu Mar 12 13:25:03 2026] POST /identity/v3/auth/tokens => generated 862 bytes in 105 msecs (HTTP/1.1 201) 6 headers in 363 bytes (1 switches on core 0)
Mar 12 13:25:03 ubuntu devstack@keystone.service[81758]: DEBUG keystone.server.flask.request_processing.middleware.auth_context [None req-032a2549-1f81-4146-9c22-76730bd98f06 None None] Authenticating user token {{(pid=81758) process_request /opt/stack/data/venv/lib/python3.10/site-packages/keystonemiddleware/auth_token/__init__.py:407}}
Mar 12 13:25:03 ubuntu devstack@keystone.service[81757]: DEBUG keystone.server.flask.request_processing.middleware.auth_context [None req-1dfd6b9e-bed2-4d4d-810e-200b1771a9cf None None] Validating token access rules against request {{(pid=81757) validate_allowed_request /opt/stack/data/venv/lib/python3.10/site-packages/keystonemiddleware/auth_token/__init__.py:545}}
Mar 12 13:25:03 ubuntu devstack@keystone.service[81758]: DEBUG keystone.server.flask.request_processing.middleware.auth_context [None req-032a2549-1f81-4146-9c22-76730bd98f06 None None] Validating token access rules against request {{(pid=81758) validate_allowed_request /opt/stack/data/venv/lib/python3.10/site-packages/keystonemiddleware/auth_token/__init__.py:545}}
Mar 12 13:25:03 ubuntu devstack@keystone.service[81758]: DEBUG keystone.server.flask.request_processing.middleware.auth_context [None req-18569dda-5f45-47bd-8b42-055f1ed717ec None admin] RBAC: auth_context: {'token': <TokenModel (audit_id=AL-YoaCWSgq46b-O7yw2dw, audit_chain_id=['AL-YoaCWSgq46b-O7yw2dw']) at 0x7f4930bd0220>, 'domain_id': None, 'trust_id': None, 'trustor_id': None, 'trustee_id': None, 'domain_name': None, 'group_ids': [], 'user_id': 'abd59e0853d64655a207218248a62c37', 'user_domain_id': 'default', 'system_scope': 'all', 'project_id': None, 'project_domain_id': None, 'roles': ['admin', 'manager', 'member', 'reader'], 'is_admin_project': True, 'service_user_id': None, 'service_user_domain_id': None, 'service_project_id': None, 'service_project_domain_id': None, 'service_roles': []} {{(pid=81758) fill_context /opt/stack/keystone/keystone/server/flask/request_processing/middleware/auth_context.py:509}}
Mar 12 13:25:03 ubuntu devstack@keystone.service[81758]: DEBUG keystone.server.flask.request_processing.req_logging [None req-18569dda-5f45-47bd-8b42-055f1ed717ec None admin] REQUEST_METHOD: `GET` {{(pid=81758) log_request_info /opt/stack/keystone/keystone/server/flask/request_processing/req_logging.py:26}}
Mar 12 13:25:03 ubuntu devstack@keystone.service[81758]: DEBUG keystone.server.flask.request_processing.req_logging [None req-18569dda-5f45-47bd-8b42-055f1ed717ec None admin] SCRIPT_NAME: `/identity` {{(pid=81758) log_request_info /opt/stack/keystone/keystone/server/flask/request_processing/req_logging.py:27}}
Mar 12 13:25:03 ubuntu devstack@keystone.service[81758]: DEBUG keystone.server.flask.request_processing.req_logging [None req-18569dda-5f45-47bd-8b42-055f1ed717ec None admin] PATH_INFO: `/v3/role_assignments` {{(pid=81758) log_request_info /opt/stack/keystone/keystone/server/flask/request_processing/req_logging.py:28}}
Mar 12 13:25:03 ubuntu devstack@keystone.service[81758]: DEBUG keystone.common.rbac_enforcer.enforcer [None req-18569dda-5f45-47bd-8b42-055f1ed717ec None admin] RBAC: Adding query filter params (role.id=18b7f2f4b5e644e480fd7393b87eaf77, scope.domain.id=default, user.id=abd59e0853d64655a207218248a62c37) {{(pid=81758) _extract_filter_values /opt/stack/keystone/keystone/common/rbac_enforcer/enforcer.py:176}}
Mar 12 13:25:03 ubuntu devstack@keystone.service[81758]: DEBUG keystone.common.rbac_enforcer.enforcer [None req-18569dda-5f45-47bd-8b42-055f1ed717ec None admin] RBAC: Authorizing `identity:list_role_assignments()` {{(pid=81758) enforce_call /opt/stack/keystone/keystone/common/rbac_enforcer/enforcer.py:494}}
Mar 12 13:25:03 ubuntu devstack@keystone.service[81758]: DEBUG keystone.common.rbac_enforcer.enforcer [None req-18569dda-5f45-47bd-8b42-055f1ed717ec None admin] RBAC: Authorization granted {{(pid=81758) enforce_call /opt/stack/keystone/keystone/common/rbac_enforcer/enforcer.py:505}}
Mar 12 13:25:03 ubuntu devstack@keystone.service[81758]: [pid: 81758|app: 0|req: 21/39] 10.201.5.82 () {56 vars in 1372 bytes} [Thu Mar 12 13:25:03 2026] GET /identity/v3/role_assignments?role.id=18b7f2f4b5e644e480fd7393b87eaf77&scope.domain.id=default&user.id=abd59e0853d64655a207218248a62c37 => generated 530 bytes in 88 msecs (HTTP/1.1 200) 5 headers in 177 bytes (1 switches on core 0)
Mar 12 13:25:03 ubuntu devstack@keystone.service[81757]: DEBUG keystone.server.flask.request_processing.middleware.auth_context [None req-a73fa196-35a6-4985-91fb-818e16a8d2fc None admin] RBAC: auth_context: {'token': <TokenModel (audit_id=X6ejlX0FSwOFzFLTN4VDeA, audit_chain_id=['X6ejlX0FSwOFzFLTN4VDeA']) at 0x7f493026ca60>, 'domain_id': None, 'trust_id': None, 'trustor_id': None, 'trustee_id': None, 'domain_name': None, 'group_ids': [], 'user_id': 'abd59e0853d64655a207218248a62c37', 'user_domain_id': 'default', 'system_scope': 'all', 'project_id': None, 'project_domain_id': None, 'roles': ['admin', 'manager', 'member', 'reader'], 'is_admin_project': True, 'service_user_id': None, 'service_user_domain_id': None, 'service_project_id': None, 'service_project_domain_id': None, 'service_roles': []} {{(pid=81757) fill_context /opt/stack/keystone/keystone/server/flask/request_processing/middleware/auth_context.py:509}}
Mar 12 13:25:03 ubuntu devstack@keystone.service[81757]: DEBUG keystone.server.flask.request_processing.req_logging [None req-a73fa196-35a6-4985-91fb-818e16a8d2fc None admin] REQUEST_METHOD: `GET` {{(pid=81757) log_request_info /opt/stack/keystone/keystone/server/flask/request_processing/req_logging.py:26}}
Mar 12 13:25:03 ubuntu devstack@keystone.service[81757]: DEBUG keystone.server.flask.request_processing.req_logging [None req-a73fa196-35a6-4985-91fb-818e16a8d2fc None admin] SCRIPT_NAME: `/identity` {{(pid=81757) log_request_info /opt/stack/keystone/keystone/server/flask/request_processing/req_logging.py:27}}
Mar 12 13:25:03 ubuntu devstack@keystone.service[81757]: DEBUG keystone.server.flask.request_processing.req_logging [None req-a73fa196-35a6-4985-91fb-818e16a8d2fc None admin] PATH_INFO: `/v3/roles/service` {{(pid=81757) log_request_info /opt/stack/keystone/keystone/server/flask/request_processing/req_logging.py:28}}
Mar 12 13:25:03 ubuntu devstack@keystone.service[81757]: DEBUG keystone.common.rbac_enforcer.enforcer [None req-a73fa196-35a6-4985-91fb-818e16a8d2fc None admin] Extracting inferred target data resulted in "NOT FOUND (404)". {{(pid=81757) enforce_call /opt/stack/keystone/keystone/common/rbac_enforcer/enforcer.py:445}}
Mar 12 13:25:03 ubuntu devstack@keystone.service[81757]: DEBUG keystone.server.flask.application [None req-a73fa196-35a6-4985-91fb-818e16a8d2fc None admin] Could not find role: service. {{(pid=81757) _handle_keystone_exception /opt/stack/keystone/keystone/server/flask/application.py:146}}
Mar 12 13:25:03 ubuntu devstack@keystone.service[81757]: [pid: 81757|app: 0|req: 19/40] 10.201.5.82 () {56 vars in 1139 bytes} [Thu Mar 12 13:25:03 2026] GET /identity/v3/roles/service => generated 85 bytes in 236 msecs (HTTP/1.1 404) 5 headers in 183 bytes (1 switches on core 0)
Mar 12 13:25:03 ubuntu devstack@keystone.service[81758]: DEBUG keystone.server.flask.request_processing.middleware.auth_context [None req-18569dda-5f45-47bd-8b42-055f1ed717ec None admin] Authenticating user token {{(pid=81758) process_request /opt/stack/data/venv/lib/python3.10/site-packages/keystonemiddleware/auth_token/__init__.py:407}}
Mar 12 13:25:03 ubuntu devstack@keystone.service[81757]: DEBUG keystone.server.flask.request_processing.middleware.auth_context [None req-a73fa196-35a6-4985-91fb-818e16a8d2fc None admin] Authenticating user token {{(pid=81757) process_request /opt/stack/data/venv/lib/python3.10/site-packages/keystonemiddleware/auth_token/__init__.py:407}}
Mar 12 13:25:03 ubuntu devstack@keystone.service[81758]: DEBUG keystone.server.flask.request_processing.middleware.auth_context [None req-18569dda-5f45-47bd-8b42-055f1ed717ec None admin] Validating token access rules against request {{(pid=81758) validate_allowed_request /opt/stack/data/venv/lib/python3.10/site-packages/keystonemiddleware/auth_token/__init__.py:545}}
Mar 12 13:25:03 ubuntu devstack@keystone.service[81758]: DEBUG keystone.server.flask.request_processing.middleware.auth_context [None req-7bd7106e-2de7-43ec-b1bd-002d405a9b80 None admin] RBAC: auth_context: {'token': <TokenModel (audit_id=X6ejlX0FSwOFzFLTN4VDeA, audit_chain_id=['X6ejlX0FSwOFzFLTN4VDeA']) at 0x7f492be03580>, 'domain_id': None, 'trust_id': None, 'trustor_id': None, 'trustee_id': None, 'domain_name': None, 'group_ids': [], 'user_id': 'abd59e0853d64655a207218248a62c37', 'user_domain_id': 'default', 'system_scope': 'all', 'project_id': None, 'project_domain_id': None, 'roles': ['admin', 'manager', 'member', 'reader'], 'is_admin_project': True, 'service_user_id': None, 'service_user_domain_id': None, 'service_project_id': None, 'service_project_domain_id': None, 'service_roles': []} {{(pid=81758) fill_context /opt/stack/keystone/keystone/server/flask/request_processing/middleware/auth_context.py:509}}
Mar 12 13:25:03 ubuntu devstack@keystone.service[81758]: DEBUG keystone.server.flask.request_processing.req_logging [None req-7bd7106e-2de7-43ec-b1bd-002d405a9b80 None admin] REQUEST_METHOD: `GET` {{(pid=81758) log_request_info /opt/stack/keystone/keystone/server/flask/request_processing/req_logging.py:26}}
Mar 12 13:25:03 ubuntu devstack@keystone.service[81758]: DEBUG keystone.server.flask.request_processing.req_logging [None req-7bd7106e-2de7-43ec-b1bd-002d405a9b80 None admin] SCRIPT_NAME: `/identity` {{(pid=81758) log_request_info /opt/stack/keystone/keystone/server/flask/request_processing/req_logging.py:27}}
Mar 12 13:25:03 ubuntu devstack@keystone.service[81758]: DEBUG keystone.server.flask.request_processing.req_logging [None req-7bd7106e-2de7-43ec-b1bd-002d405a9b80 None admin] PATH_INFO: `/v3/roles` {{(pid=81758) log_request_info /opt/stack/keystone/keystone/server/flask/request_processing/req_logging.py:28}}
Mar 12 13:25:03 ubuntu devstack@keystone.service[81758]: DEBUG keystone.common.rbac_enforcer.enforcer [None req-7bd7106e-2de7-43ec-b1bd-002d405a9b80 None admin] RBAC: Adding query filter params (name=service) {{(pid=81758) _extract_filter_values /opt/stack/keystone/keystone/common/rbac_enforcer/enforcer.py:176}}
Mar 12 13:25:03 ubuntu devstack@keystone.service[81758]: DEBUG keystone.common.rbac_enforcer.enforcer [None req-7bd7106e-2de7-43ec-b1bd-002d405a9b80 None admin] RBAC: Authorizing `identity:list_roles()` {{(pid=81758) enforce_call /opt/stack/keystone/keystone/common/rbac_enforcer/enforcer.py:494}}
Mar 12 13:25:03 ubuntu devstack@keystone.service[81757]: DEBUG keystone.server.flask.request_processing.middleware.auth_context [None req-a73fa196-35a6-4985-91fb-818e16a8d2fc None admin] Validating token access rules against request {{(pid=81757) validate_allowed_request /opt/stack/data/venv/lib/python3.10/site-packages/keystonemiddleware/auth_token/__init__.py:545}}
Mar 12 13:25:03 ubuntu devstack@keystone.service[81758]: DEBUG keystone.common.rbac_enforcer.enforcer [None req-7bd7106e-2de7-43ec-b1bd-002d405a9b80 None admin] RBAC: Authorization granted {{(pid=81758) enforce_call /opt/stack/keystone/keystone/common/rbac_enforcer/enforcer.py:505}}
Mar 12 13:25:03 ubuntu devstack@keystone.service[81758]: [pid: 81758|app: 0|req: 22/41] 10.201.5.82 () {56 vars in 1153 bytes} [Thu Mar 12 13:25:03 2026] GET /identity/v3/roles?name=service => generated 343 bytes in 86 msecs (HTTP/1.1 200) 5 headers in 177 bytes (1 switches on core 0)
Mar 12 13:25:03 ubuntu devstack@keystone.service[81757]: DEBUG keystone.server.flask.request_processing.middleware.auth_context [None req-d0e63f31-2198-427e-b6f6-f3a0b45ced75 None admin] RBAC: auth_context: {'token': <TokenModel (audit_id=bP1VG05yRka6ogy1kYeAQw, audit_chain_id=['bP1VG05yRka6ogy1kYeAQw']) at 0x7f49301ea860>, 'domain_id': None, 'trust_id': None, 'trustor_id': None, 'trustee_id': None, 'domain_name': None, 'group_ids': [], 'user_id': 'abd59e0853d64655a207218248a62c37', 'user_domain_id': 'default', 'system_scope': 'all', 'project_id': None, 'project_domain_id': None, 'roles': ['admin', 'manager', 'member', 'reader'], 'is_admin_project': True, 'service_user_id': None, 'service_user_domain_id': None, 'service_project_id': None, 'service_project_domain_id': None, 'service_roles': []} {{(pid=81757) fill_context /opt/stack/keystone/keystone/server/flask/request_processing/middleware/auth_context.py:509}}
Mar 12 13:25:03 ubuntu devstack@keystone.service[81757]: DEBUG keystone.server.flask.request_processing.req_logging [None req-d0e63f31-2198-427e-b6f6-f3a0b45ced75 None admin] REQUEST_METHOD: `POST` {{(pid=81757) log_request_info /opt/stack/keystone/keystone/server/flask/request_processing/req_logging.py:26}}
Mar 12 13:25:03 ubuntu devstack@keystone.service[81757]: DEBUG keystone.server.flask.request_processing.req_logging [None req-d0e63f31-2198-427e-b6f6-f3a0b45ced75 None admin] SCRIPT_NAME: `/identity` {{(pid=81757) log_request_info /opt/stack/keystone/keystone/server/flask/request_processing/req_logging.py:27}}
Mar 12 13:25:03 ubuntu devstack@keystone.service[81757]: DEBUG keystone.server.flask.request_processing.req_logging [None req-d0e63f31-2198-427e-b6f6-f3a0b45ced75 None admin] PATH_INFO: `/v3/roles` {{(pid=81757) log_request_info /opt/stack/keystone/keystone/server/flask/request_processing/req_logging.py:28}}
Mar 12 13:25:03 ubuntu devstack@keystone.service[81757]: DEBUG keystone.common.rbac_enforcer.enforcer [None req-d0e63f31-2198-427e-b6f6-f3a0b45ced75 None admin] RBAC: Authorizing `identity:create_role()` {{(pid=81757) enforce_call /opt/stack/keystone/keystone/common/rbac_enforcer/enforcer.py:494}}
Mar 12 13:25:03 ubuntu devstack@keystone.service[81757]: DEBUG keystone.common.rbac_enforcer.enforcer [None req-d0e63f31-2198-427e-b6f6-f3a0b45ced75 None admin] RBAC: Authorization granted {{(pid=81757) enforce_call /opt/stack/keystone/keystone/common/rbac_enforcer/enforcer.py:505}}
Mar 12 13:25:03 ubuntu devstack@keystone.service[81757]: [pid: 81757|app: 0|req: 20/42] 10.201.5.82 () {60 vars in 1168 bytes} [Thu Mar 12 13:25:03 2026] POST /identity/v3/roles => generated 225 bytes in 279 msecs (HTTP/1.1 201) 5 headers in 182 bytes (1 switches on core 0)
Mar 12 13:25:04 ubuntu devstack@keystone.service[81758]: DEBUG keystone.server.flask.request_processing.req_logging [None req-34f7d237-7802-4874-8be7-cfc3bdb885ef None None] REQUEST_METHOD: `GET` {{(pid=81758) log_request_info /opt/stack/keystone/keystone/server/flask/request_processing/req_logging.py:26}}
Mar 12 13:25:04 ubuntu devstack@keystone.service[81758]: DEBUG keystone.server.flask.request_processing.req_logging [None req-34f7d237-7802-4874-8be7-cfc3bdb885ef None None] SCRIPT_NAME: `/identity` {{(pid=81758) log_request_info /opt/stack/keystone/keystone/server/flask/request_processing/req_logging.py:27}}
Mar 12 13:25:04 ubuntu devstack@keystone.service[81758]: DEBUG keystone.server.flask.request_processing.req_logging [None req-34f7d237-7802-4874-8be7-cfc3bdb885ef None None] PATH_INFO: `/` {{(pid=81758) log_request_info /opt/stack/keystone/keystone/server/flask/request_processing/req_logging.py:28}}
Mar 12 13:25:04 ubuntu devstack@keystone.service[81758]: [pid: 81758|app: 0|req: 23/43] 10.201.5.82 () {54 vars in 920 bytes} [Thu Mar 12 13:25:04 2026] GET /identity => generated 270 bytes in 2 msecs (HTTP/1.1 300) 6 headers in 234 bytes (1 switches on core 0)
Mar 12 13:25:04 ubuntu devstack@keystone.service[81757]: DEBUG keystone.server.flask.request_processing.req_logging [None req-55947b55-16a7-4ff1-ac70-68ee7a8b0941 None None] REQUEST_METHOD: `POST` {{(pid=81757) log_request_info /opt/stack/keystone/keystone/server/flask/request_processing/req_logging.py:26}}
Mar 12 13:25:04 ubuntu devstack@keystone.service[81757]: DEBUG keystone.server.flask.request_processing.req_logging [None req-55947b55-16a7-4ff1-ac70-68ee7a8b0941 None None] SCRIPT_NAME: `/identity` {{(pid=81757) log_request_info /opt/stack/keystone/keystone/server/flask/request_processing/req_logging.py:27}}
Mar 12 13:25:04 ubuntu devstack@keystone.service[81757]: DEBUG keystone.server.flask.request_processing.req_logging [None req-55947b55-16a7-4ff1-ac70-68ee7a8b0941 None None] PATH_INFO: `/v3/auth/tokens` {{(pid=81757) log_request_info /opt/stack/keystone/keystone/server/flask/request_processing/req_logging.py:28}}
Mar 12 13:25:04 ubuntu devstack@keystone.service[81758]: DEBUG keystone.server.flask.request_processing.req_logging [None req-00d18a22-caee-477d-b1db-b9069b9d833b None None] REQUEST_METHOD: `GET` {{(pid=81758) log_request_info /opt/stack/keystone/keystone/server/flask/request_processing/req_logging.py:26}}
Mar 12 13:25:04 ubuntu devstack@keystone.service[81758]: DEBUG keystone.server.flask.request_processing.req_logging [None req-00d18a22-caee-477d-b1db-b9069b9d833b None None] SCRIPT_NAME: `/identity` {{(pid=81758) log_request_info /opt/stack/keystone/keystone/server/flask/request_processing/req_logging.py:27}}
Mar 12 13:25:04 ubuntu devstack@keystone.service[81758]: DEBUG keystone.server.flask.request_processing.req_logging [None req-00d18a22-caee-477d-b1db-b9069b9d833b None None] PATH_INFO: `/` {{(pid=81758) log_request_info /opt/stack/keystone/keystone/server/flask/request_processing/req_logging.py:28}}
Mar 12 13:25:04 ubuntu devstack@keystone.service[81758]: [pid: 81758|app: 0|req: 24/44] 10.201.5.82 () {54 vars in 920 bytes} [Thu Mar 12 13:25:04 2026] GET /identity => generated 270 bytes in 1 msecs (HTTP/1.1 300) 6 headers in 234 bytes (1 switches on core 0)
Mar 12 13:25:04 ubuntu devstack@keystone.service[81758]: DEBUG keystone.server.flask.request_processing.req_logging [None req-482e1a50-2b5a-4c79-8d86-af0862720fa2 None None] REQUEST_METHOD: `POST` {{(pid=81758) log_request_info /opt/stack/keystone/keystone/server/flask/request_processing/req_logging.py:26}}
Mar 12 13:25:04 ubuntu devstack@keystone.service[81758]: DEBUG keystone.server.flask.request_processing.req_logging [None req-482e1a50-2b5a-4c79-8d86-af0862720fa2 None None] SCRIPT_NAME: `/identity` {{(pid=81758) log_request_info /opt/stack/keystone/keystone/server/flask/request_processing/req_logging.py:27}}
Mar 12 13:25:04 ubuntu devstack@keystone.service[81758]: DEBUG keystone.server.flask.request_processing.req_logging [None req-482e1a50-2b5a-4c79-8d86-af0862720fa2 None None] PATH_INFO: `/v3/auth/tokens` {{(pid=81758) log_request_info /opt/stack/keystone/keystone/server/flask/request_processing/req_logging.py:28}}
Mar 12 13:25:04 ubuntu devstack@keystone.service[81757]: WARNING keystone.common.password_hashing [None req-55947b55-16a7-4ff1-ac70-68ee7a8b0941 None None] Truncating password to algorithm specific maximum length 72 characters.
Mar 12 13:25:04 ubuntu devstack@keystone.service[81757]: DEBUG keystone.auth.core [None req-55947b55-16a7-4ff1-ac70-68ee7a8b0941 None None] MFA Rules not processed for user `abd59e0853d64655a207218248a62c37`. Rule list: `[]` (Enabled: `True`). {{(pid=81757) check_auth_methods_against_rules /opt/stack/keystone/keystone/auth/core.py:476}}
Mar 12 13:25:04 ubuntu devstack@keystone.service[81757]: DEBUG keystone.common.fernet_utils [None req-55947b55-16a7-4ff1-ac70-68ee7a8b0941 None None] Loaded 2 Fernet keys from /etc/keystone/fernet-keys/, but `[fernet_tokens] max_active_keys = 3`; perhaps there have not been enough key rotations to reach `max_active_keys` yet? {{(pid=81757) load_keys /opt/stack/keystone/keystone/common/fernet_utils.py:297}}
Mar 12 13:25:04 ubuntu devstack@keystone.service[81758]: WARNING keystone.common.password_hashing [None req-482e1a50-2b5a-4c79-8d86-af0862720fa2 None None] Truncating password to algorithm specific maximum length 72 characters.
Mar 12 13:25:04 ubuntu devstack@keystone.service[81758]: DEBUG keystone.auth.core [None req-482e1a50-2b5a-4c79-8d86-af0862720fa2 None None] MFA Rules not processed for user `abd59e0853d64655a207218248a62c37`. Rule list: `[]` (Enabled: `True`). {{(pid=81758) check_auth_methods_against_rules /opt/stack/keystone/keystone/auth/core.py:476}}
Mar 12 13:25:04 ubuntu devstack@keystone.service[81758]: DEBUG keystone.common.fernet_utils [None req-482e1a50-2b5a-4c79-8d86-af0862720fa2 None None] Loaded 2 Fernet keys from /etc/keystone/fernet-keys/, but `[fernet_tokens] max_active_keys = 3`; perhaps there have not been enough key rotations to reach `max_active_keys` yet? {{(pid=81758) load_keys /opt/stack/keystone/keystone/common/fernet_utils.py:297}}
Mar 12 13:25:04 ubuntu devstack@keystone.service[81758]: [pid: 81758|app: 0|req: 25/45] 10.201.5.82 () {58 vars in 1017 bytes} [Thu Mar 12 13:25:04 2026] POST /identity/v3/auth/tokens => generated 862 bytes in 58 msecs (HTTP/1.1 201) 6 headers in 363 bytes (1 switches on core 0)
Mar 12 13:25:04 ubuntu devstack@keystone.service[81757]: [pid: 81757|app: 0|req: 21/46] 10.201.5.82 () {58 vars in 1017 bytes} [Thu Mar 12 13:25:04 2026] POST /identity/v3/auth/tokens => generated 862 bytes in 72 msecs (HTTP/1.1 201) 6 headers in 363 bytes (1 switches on core 0)
Mar 12 13:25:04 ubuntu devstack@keystone.service[81758]: DEBUG keystone.server.flask.request_processing.middleware.auth_context [None req-482e1a50-2b5a-4c79-8d86-af0862720fa2 None None] Authenticating user token {{(pid=81758) process_request /opt/stack/data/venv/lib/python3.10/site-packages/keystonemiddleware/auth_token/__init__.py:407}}
Mar 12 13:25:04 ubuntu devstack@keystone.service[81757]: DEBUG keystone.server.flask.request_processing.middleware.auth_context [None req-55947b55-16a7-4ff1-ac70-68ee7a8b0941 None None] Authenticating user token {{(pid=81757) process_request /opt/stack/data/venv/lib/python3.10/site-packages/keystonemiddleware/auth_token/__init__.py:407}}
Mar 12 13:25:04 ubuntu devstack@keystone.service[81758]: DEBUG keystone.server.flask.request_processing.middleware.auth_context [None req-482e1a50-2b5a-4c79-8d86-af0862720fa2 None None] Validating token access rules against request {{(pid=81758) validate_allowed_request /opt/stack/data/venv/lib/python3.10/site-packages/keystonemiddleware/auth_token/__init__.py:545}}
Mar 12 13:25:04 ubuntu devstack@keystone.service[81757]: DEBUG keystone.server.flask.request_processing.middleware.auth_context [None req-55947b55-16a7-4ff1-ac70-68ee7a8b0941 None None] Validating token access rules against request {{(pid=81757) validate_allowed_request /opt/stack/data/venv/lib/python3.10/site-packages/keystonemiddleware/auth_token/__init__.py:545}}
Mar 12 13:25:04 ubuntu devstack@keystone.service[81758]: DEBUG keystone.server.flask.request_processing.middleware.auth_context [None req-21c9aa05-2c60-4145-a994-9f74a0e00cfb None admin] RBAC: auth_context: {'token': <TokenModel (audit_id=6EuaC9yjSCygKpOxZcAJbQ, audit_chain_id=['6EuaC9yjSCygKpOxZcAJbQ']) at 0x7f4930bd11e0>, 'domain_id': None, 'trust_id': None, 'trustor_id': None, 'trustee_id': None, 'domain_name': None, 'group_ids': [], 'user_id': 'abd59e0853d64655a207218248a62c37', 'user_domain_id': 'default', 'system_scope': 'all', 'project_id': None, 'project_domain_id': None, 'roles': ['admin', 'manager', 'member', 'reader'], 'is_admin_project': True, 'service_user_id': None, 'service_user_domain_id': None, 'service_project_id': None, 'service_project_domain_id': None, 'service_roles': []} {{(pid=81758) fill_context /opt/stack/keystone/keystone/server/flask/request_processing/middleware/auth_context.py:509}}
Mar 12 13:25:04 ubuntu devstack@keystone.service[81758]: DEBUG keystone.server.flask.request_processing.req_logging [None req-21c9aa05-2c60-4145-a994-9f74a0e00cfb None admin] REQUEST_METHOD: `GET` {{(pid=81758) log_request_info /opt/stack/keystone/keystone/server/flask/request_processing/req_logging.py:26}}
Mar 12 13:25:04 ubuntu devstack@keystone.service[81758]: DEBUG keystone.server.flask.request_processing.req_logging [None req-21c9aa05-2c60-4145-a994-9f74a0e00cfb None admin] SCRIPT_NAME: `/identity` {{(pid=81758) log_request_info /opt/stack/keystone/keystone/server/flask/request_processing/req_logging.py:27}}
Mar 12 13:25:04 ubuntu devstack@keystone.service[81758]: DEBUG keystone.server.flask.request_processing.req_logging [None req-21c9aa05-2c60-4145-a994-9f74a0e00cfb None admin] PATH_INFO: `/v3/domains/default` {{(pid=81758) log_request_info /opt/stack/keystone/keystone/server/flask/request_processing/req_logging.py:28}}
Mar 12 13:25:04 ubuntu devstack@keystone.service[81758]: DEBUG keystone.common.rbac_enforcer.enforcer [None req-21c9aa05-2c60-4145-a994-9f74a0e00cfb None admin] RBAC: Authorizing `identity:get_domain(domain_id=default)` {{(pid=81758) enforce_call /opt/stack/keystone/keystone/common/rbac_enforcer/enforcer.py:494}}
Mar 12 13:25:04 ubuntu devstack@keystone.service[81758]: DEBUG keystone.common.rbac_enforcer.enforcer [None req-21c9aa05-2c60-4145-a994-9f74a0e00cfb None admin] RBAC: Authorization granted {{(pid=81758) enforce_call /opt/stack/keystone/keystone/common/rbac_enforcer/enforcer.py:505}}
Mar 12 13:25:04 ubuntu devstack@keystone.service[81758]: [pid: 81758|app: 0|req: 26/47] 10.201.5.82 () {56 vars in 1145 bytes} [Thu Mar 12 13:25:04 2026] GET /identity/v3/domains/default => generated 199 bytes in 80 msecs (HTTP/1.1 200) 5 headers in 177 bytes (1 switches on core 0)
Mar 12 13:25:04 ubuntu devstack@keystone.service[81758]: DEBUG keystone.server.flask.request_processing.middleware.auth_context [None req-21c9aa05-2c60-4145-a994-9f74a0e00cfb None admin] Authenticating user token {{(pid=81758) process_request /opt/stack/data/venv/lib/python3.10/site-packages/keystonemiddleware/auth_token/__init__.py:407}}
Mar 12 13:25:04 ubuntu devstack@keystone.service[81757]: DEBUG keystone.server.flask.request_processing.middleware.auth_context [None req-88742749-3def-45fe-9bed-00be9c234e3f None admin] RBAC: auth_context: {'token': <TokenModel (audit_id=HXTvmqSrTDCZGMpsYM_4ug, audit_chain_id=['HXTvmqSrTDCZGMpsYM_4ug']) at 0x7f492bde8520>, 'domain_id': None, 'trust_id': None, 'trustor_id': None, 'trustee_id': None, 'domain_name': None, 'group_ids': [], 'user_id': 'abd59e0853d64655a207218248a62c37', 'user_domain_id': 'default', 'system_scope': 'all', 'project_id': None, 'project_domain_id': None, 'roles': ['admin', 'manager', 'member', 'reader'], 'is_admin_project': True, 'service_user_id': None, 'service_user_domain_id': None, 'service_project_id': None, 'service_project_domain_id': None, 'service_roles': []} {{(pid=81757) fill_context /opt/stack/keystone/keystone/server/flask/request_processing/middleware/auth_context.py:509}}
Mar 12 13:25:04 ubuntu devstack@keystone.service[81757]: DEBUG keystone.server.flask.request_processing.req_logging [None req-88742749-3def-45fe-9bed-00be9c234e3f None admin] REQUEST_METHOD: `POST` {{(pid=81757) log_request_info /opt/stack/keystone/keystone/server/flask/request_processing/req_logging.py:26}}
Mar 12 13:25:04 ubuntu devstack@keystone.service[81757]: DEBUG keystone.server.flask.request_processing.req_logging [None req-88742749-3def-45fe-9bed-00be9c234e3f None admin] SCRIPT_NAME: `/identity` {{(pid=81757) log_request_info /opt/stack/keystone/keystone/server/flask/request_processing/req_logging.py:27}}
Mar 12 13:25:04 ubuntu devstack@keystone.service[81757]: DEBUG keystone.server.flask.request_processing.req_logging [None req-88742749-3def-45fe-9bed-00be9c234e3f None admin] PATH_INFO: `/v3/roles` {{(pid=81757) log_request_info /opt/stack/keystone/keystone/server/flask/request_processing/req_logging.py:28}}
Mar 12 13:25:04 ubuntu devstack@keystone.service[81757]: DEBUG keystone.common.rbac_enforcer.enforcer [None req-88742749-3def-45fe-9bed-00be9c234e3f None admin] RBAC: Authorizing `identity:create_role()` {{(pid=81757) enforce_call /opt/stack/keystone/keystone/common/rbac_enforcer/enforcer.py:494}}
Mar 12 13:25:04 ubuntu devstack@keystone.service[81757]: DEBUG keystone.common.rbac_enforcer.enforcer [None req-88742749-3def-45fe-9bed-00be9c234e3f None admin] RBAC: Authorization granted {{(pid=81757) enforce_call /opt/stack/keystone/keystone/common/rbac_enforcer/enforcer.py:505}}
Mar 12 13:25:04 ubuntu devstack@keystone.service[81757]: [pid: 81757|app: 0|req: 22/48] 10.201.5.82 () {60 vars in 1168 bytes} [Thu Mar 12 13:25:04 2026] POST /identity/v3/roles => generated 223 bytes in 81 msecs (HTTP/1.1 201) 5 headers in 182 bytes (2 switches on core 0)
Mar 12 13:25:04 ubuntu devstack@keystone.service[81758]: DEBUG keystone.server.flask.request_processing.middleware.auth_context [None req-21c9aa05-2c60-4145-a994-9f74a0e00cfb None admin] Validating token access rules against request {{(pid=81758) validate_allowed_request /opt/stack/data/venv/lib/python3.10/site-packages/keystonemiddleware/auth_token/__init__.py:545}}
Mar 12 13:25:04 ubuntu devstack@keystone.service[81758]: DEBUG keystone.server.flask.request_processing.middleware.auth_context [None req-138e0a3c-e56d-40eb-b23d-2ba37d180552 None admin] RBAC: auth_context: {'token': <TokenModel (audit_id=6EuaC9yjSCygKpOxZcAJbQ, audit_chain_id=['6EuaC9yjSCygKpOxZcAJbQ']) at 0x7f4930bd0df0>, 'domain_id': None, 'trust_id': None, 'trustor_id': None, 'trustee_id': None, 'domain_name': None, 'group_ids': [], 'user_id': 'abd59e0853d64655a207218248a62c37', 'user_domain_id': 'default', 'system_scope': 'all', 'project_id': None, 'project_domain_id': None, 'roles': ['admin', 'manager', 'member', 'reader'], 'is_admin_project': True, 'service_user_id': None, 'service_user_domain_id': None, 'service_project_id': None, 'service_project_domain_id': None, 'service_roles': []} {{(pid=81758) fill_context /opt/stack/keystone/keystone/server/flask/request_processing/middleware/auth_context.py:509}}
Mar 12 13:25:04 ubuntu devstack@keystone.service[81758]: DEBUG keystone.server.flask.request_processing.req_logging [None req-138e0a3c-e56d-40eb-b23d-2ba37d180552 None admin] REQUEST_METHOD: `POST` {{(pid=81758) log_request_info /opt/stack/keystone/keystone/server/flask/request_processing/req_logging.py:26}}
Mar 12 13:25:04 ubuntu devstack@keystone.service[81758]: DEBUG keystone.server.flask.request_processing.req_logging [None req-138e0a3c-e56d-40eb-b23d-2ba37d180552 None admin] SCRIPT_NAME: `/identity` {{(pid=81758) log_request_info /opt/stack/keystone/keystone/server/flask/request_processing/req_logging.py:27}}
Mar 12 13:25:04 ubuntu devstack@keystone.service[81758]: DEBUG keystone.server.flask.request_processing.req_logging [None req-138e0a3c-e56d-40eb-b23d-2ba37d180552 None admin] PATH_INFO: `/v3/projects` {{(pid=81758) log_request_info /opt/stack/keystone/keystone/server/flask/request_processing/req_logging.py:28}}
Mar 12 13:25:04 ubuntu devstack@keystone.service[81758]: DEBUG keystone.common.rbac_enforcer.enforcer [None req-138e0a3c-e56d-40eb-b23d-2ba37d180552 None admin] RBAC: Authorizing `identity:create_project()` {{(pid=81758) enforce_call /opt/stack/keystone/keystone/common/rbac_enforcer/enforcer.py:494}}
Mar 12 13:25:04 ubuntu devstack@keystone.service[81758]: DEBUG keystone.common.rbac_enforcer.enforcer [None req-138e0a3c-e56d-40eb-b23d-2ba37d180552 None admin] RBAC: Authorization granted {{(pid=81758) enforce_call /opt/stack/keystone/keystone/common/rbac_enforcer/enforcer.py:505}}
Mar 12 13:25:04 ubuntu devstack@keystone.service[81758]: [pid: 81758|app: 0|req: 27/49] 10.201.5.82 () {60 vars in 1177 bytes} [Thu Mar 12 13:25:04 2026] POST /identity/v3/projects => generated 312 bytes in 73 msecs (HTTP/1.1 201) 5 headers in 182 bytes (1 switches on core 0)
Mar 12 13:25:05 ubuntu devstack@keystone.service[81757]: DEBUG keystone.server.flask.request_processing.req_logging [None req-5baf67e6-c28d-414b-9aa3-806e7705163d None None] REQUEST_METHOD: `GET` {{(pid=81757) log_request_info /opt/stack/keystone/keystone/server/flask/request_processing/req_logging.py:26}}
Mar 12 13:25:05 ubuntu devstack@keystone.service[81757]: DEBUG keystone.server.flask.request_processing.req_logging [None req-5baf67e6-c28d-414b-9aa3-806e7705163d None None] SCRIPT_NAME: `/identity` {{(pid=81757) log_request_info /opt/stack/keystone/keystone/server/flask/request_processing/req_logging.py:27}}
Mar 12 13:25:05 ubuntu devstack@keystone.service[81757]: DEBUG keystone.server.flask.request_processing.req_logging [None req-5baf67e6-c28d-414b-9aa3-806e7705163d None None] PATH_INFO: `/` {{(pid=81757) log_request_info /opt/stack/keystone/keystone/server/flask/request_processing/req_logging.py:28}}
Mar 12 13:25:05 ubuntu devstack@keystone.service[81757]: [pid: 81757|app: 0|req: 23/50] 10.201.5.82 () {54 vars in 920 bytes} [Thu Mar 12 13:25:05 2026] GET /identity => generated 270 bytes in 3 msecs (HTTP/1.1 300) 6 headers in 234 bytes (1 switches on core 0)
Mar 12 13:25:05 ubuntu devstack@keystone.service[81758]: DEBUG keystone.server.flask.request_processing.req_logging [None req-b05420bb-8db6-4dff-a4de-446ead2932a7 None None] REQUEST_METHOD: `POST` {{(pid=81758) log_request_info /opt/stack/keystone/keystone/server/flask/request_processing/req_logging.py:26}}
Mar 12 13:25:05 ubuntu devstack@keystone.service[81758]: DEBUG keystone.server.flask.request_processing.req_logging [None req-b05420bb-8db6-4dff-a4de-446ead2932a7 None None] SCRIPT_NAME: `/identity` {{(pid=81758) log_request_info /opt/stack/keystone/keystone/server/flask/request_processing/req_logging.py:27}}
Mar 12 13:25:05 ubuntu devstack@keystone.service[81758]: DEBUG keystone.server.flask.request_processing.req_logging [None req-b05420bb-8db6-4dff-a4de-446ead2932a7 None None] PATH_INFO: `/v3/auth/tokens` {{(pid=81758) log_request_info /opt/stack/keystone/keystone/server/flask/request_processing/req_logging.py:28}}
Mar 12 13:25:05 ubuntu devstack@keystone.service[81758]: WARNING keystone.common.password_hashing [None req-b05420bb-8db6-4dff-a4de-446ead2932a7 None None] Truncating password to algorithm specific maximum length 72 characters.
Mar 12 13:25:05 ubuntu devstack@keystone.service[81758]: DEBUG keystone.auth.core [None req-b05420bb-8db6-4dff-a4de-446ead2932a7 None None] MFA Rules not processed for user `abd59e0853d64655a207218248a62c37`. Rule list: `[]` (Enabled: `True`). {{(pid=81758) check_auth_methods_against_rules /opt/stack/keystone/keystone/auth/core.py:476}}
