Feb 23 19:40:25 ubuntu devstack@keystone.service[81921]: DEBUG keystone.server.flask.request_processing.req_logging [None req-f9aebd79-bd6d-475e-a44a-c97ef723c334 None None] SCRIPT_NAME: `/identity` {{(pid=81921) log_request_info /opt/stack/keystone/keystone/server/flask/request_processing/req_logging.py:27}}
Feb 23 19:40:25 ubuntu devstack@keystone.service[81921]: DEBUG keystone.server.flask.request_processing.req_logging [None req-f9aebd79-bd6d-475e-a44a-c97ef723c334 None None] PATH_INFO: `/` {{(pid=81921) log_request_info /opt/stack/keystone/keystone/server/flask/request_processing/req_logging.py:28}}
Feb 23 19:40:25 ubuntu devstack@keystone.service[81921]: [pid: 81921|app: 0|req: 11/23] 10.201.5.82 () {54 vars in 920 bytes} [Mon Feb 23 19:40:25 2026] GET /identity => generated 270 bytes in 1 msecs (HTTP/1.1 300) 6 headers in 234 bytes (1 switches on core 0)
Feb 23 19:40:25 ubuntu devstack@keystone.service[81922]: DEBUG keystone.server.flask.request_processing.req_logging [None req-f20e719a-fc9f-4eef-92f1-0acd077fcc45 None None] REQUEST_METHOD: `POST` {{(pid=81922) log_request_info /opt/stack/keystone/keystone/server/flask/request_processing/req_logging.py:26}}
Feb 23 19:40:25 ubuntu devstack@keystone.service[81922]: DEBUG keystone.server.flask.request_processing.req_logging [None req-f20e719a-fc9f-4eef-92f1-0acd077fcc45 None None] SCRIPT_NAME: `/identity` {{(pid=81922) log_request_info /opt/stack/keystone/keystone/server/flask/request_processing/req_logging.py:27}}
Feb 23 19:40:25 ubuntu devstack@keystone.service[81922]: DEBUG keystone.server.flask.request_processing.req_logging [None req-f20e719a-fc9f-4eef-92f1-0acd077fcc45 None None] PATH_INFO: `/v3/auth/tokens` {{(pid=81922) log_request_info /opt/stack/keystone/keystone/server/flask/request_processing/req_logging.py:28}}
Feb 23 19:40:25 ubuntu devstack@keystone.service[81922]: WARNING keystone.common.password_hashing [None req-f20e719a-fc9f-4eef-92f1-0acd077fcc45 None None] Truncating password to algorithm specific maximum length 72 characters.
Feb 23 19:40:25 ubuntu devstack@keystone.service[81922]: DEBUG keystone.auth.core [None req-f20e719a-fc9f-4eef-92f1-0acd077fcc45 None None] MFA Rules not processed for user `1db0fd23da464609885bffcfb08cb017`. Rule list: `[]` (Enabled: `True`). {{(pid=81922) check_auth_methods_against_rules /opt/stack/keystone/keystone/auth/core.py:476}}
Feb 23 19:40:25 ubuntu devstack@keystone.service[81922]: DEBUG keystone.common.fernet_utils [None req-f20e719a-fc9f-4eef-92f1-0acd077fcc45 None None] Loaded 2 Fernet keys from /etc/keystone/fernet-keys/, but `[fernet_tokens] max_active_keys = 3`; perhaps there have not been enough key rotations to reach `max_active_keys` yet? {{(pid=81922) load_keys /opt/stack/keystone/keystone/common/fernet_utils.py:297}}
Feb 23 19:40:25 ubuntu devstack@keystone.service[81921]: DEBUG keystone.server.flask.request_processing.req_logging [None req-6e3322b2-01af-4d3e-b391-3443fe5f7e09 None None] REQUEST_METHOD: `GET` {{(pid=81921) log_request_info /opt/stack/keystone/keystone/server/flask/request_processing/req_logging.py:26}}
Feb 23 19:40:25 ubuntu devstack@keystone.service[81921]: DEBUG keystone.server.flask.request_processing.req_logging [None req-6e3322b2-01af-4d3e-b391-3443fe5f7e09 None None] SCRIPT_NAME: `/identity` {{(pid=81921) log_request_info /opt/stack/keystone/keystone/server/flask/request_processing/req_logging.py:27}}
Feb 23 19:40:25 ubuntu devstack@keystone.service[81921]: DEBUG keystone.server.flask.request_processing.req_logging [None req-6e3322b2-01af-4d3e-b391-3443fe5f7e09 None None] PATH_INFO: `/` {{(pid=81921) log_request_info /opt/stack/keystone/keystone/server/flask/request_processing/req_logging.py:28}}
Feb 23 19:40:25 ubuntu devstack@keystone.service[81921]: [pid: 81921|app: 0|req: 12/24] 10.201.5.82 () {54 vars in 920 bytes} [Mon Feb 23 19:40:25 2026] GET /identity => generated 270 bytes in 1 msecs (HTTP/1.1 300) 6 headers in 234 bytes (1 switches on core 0)
Feb 23 19:40:25 ubuntu devstack@keystone.service[81921]: DEBUG keystone.server.flask.request_processing.req_logging [None req-322416c7-63a4-4144-a51e-01b913f560c7 None None] REQUEST_METHOD: `POST` {{(pid=81921) log_request_info /opt/stack/keystone/keystone/server/flask/request_processing/req_logging.py:26}}
Feb 23 19:40:25 ubuntu devstack@keystone.service[81921]: DEBUG keystone.server.flask.request_processing.req_logging [None req-322416c7-63a4-4144-a51e-01b913f560c7 None None] SCRIPT_NAME: `/identity` {{(pid=81921) log_request_info /opt/stack/keystone/keystone/server/flask/request_processing/req_logging.py:27}}
Feb 23 19:40:25 ubuntu devstack@keystone.service[81921]: DEBUG keystone.server.flask.request_processing.req_logging [None req-322416c7-63a4-4144-a51e-01b913f560c7 None None] PATH_INFO: `/v3/auth/tokens` {{(pid=81921) log_request_info /opt/stack/keystone/keystone/server/flask/request_processing/req_logging.py:28}}
Feb 23 19:40:25 ubuntu devstack@keystone.service[81921]: WARNING keystone.common.password_hashing [None req-322416c7-63a4-4144-a51e-01b913f560c7 None None] Truncating password to algorithm specific maximum length 72 characters.
Feb 23 19:40:25 ubuntu devstack@keystone.service[81922]: [pid: 81922|app: 0|req: 13/25] 10.201.5.82 () {58 vars in 1017 bytes} [Mon Feb 23 19:40:25 2026] POST /identity/v3/auth/tokens => generated 862 bytes in 200 msecs (HTTP/1.1 201) 6 headers in 363 bytes (1 switches on core 0)
Feb 23 19:40:25 ubuntu devstack@keystone.service[81921]: DEBUG keystone.auth.core [None req-322416c7-63a4-4144-a51e-01b913f560c7 None None] MFA Rules not processed for user `1db0fd23da464609885bffcfb08cb017`. Rule list: `[]` (Enabled: `True`). {{(pid=81921) check_auth_methods_against_rules /opt/stack/keystone/keystone/auth/core.py:476}}
Feb 23 19:40:25 ubuntu devstack@keystone.service[81921]: DEBUG keystone.common.fernet_utils [None req-322416c7-63a4-4144-a51e-01b913f560c7 None None] Loaded 2 Fernet keys from /etc/keystone/fernet-keys/, but `[fernet_tokens] max_active_keys = 3`; perhaps there have not been enough key rotations to reach `max_active_keys` yet? {{(pid=81921) load_keys /opt/stack/keystone/keystone/common/fernet_utils.py:297}}
Feb 23 19:40:25 ubuntu devstack@keystone.service[81921]: [pid: 81921|app: 0|req: 13/26] 10.201.5.82 () {58 vars in 1017 bytes} [Mon Feb 23 19:40:25 2026] POST /identity/v3/auth/tokens => generated 862 bytes in 80 msecs (HTTP/1.1 201) 6 headers in 363 bytes (1 switches on core 0)
Feb 23 19:40:25 ubuntu devstack@keystone.service[81922]: DEBUG keystone.server.flask.request_processing.middleware.auth_context [None req-f20e719a-fc9f-4eef-92f1-0acd077fcc45 None None] Authenticating user token {{(pid=81922) process_request /opt/stack/data/venv/lib/python3.10/site-packages/keystonemiddleware/auth_token/__init__.py:407}}
Feb 23 19:40:25 ubuntu devstack@keystone.service[81922]: DEBUG keystone.server.flask.request_processing.middleware.auth_context [None req-f20e719a-fc9f-4eef-92f1-0acd077fcc45 None None] Validating token access rules against request {{(pid=81922) validate_allowed_request /opt/stack/data/venv/lib/python3.10/site-packages/keystonemiddleware/auth_token/__init__.py:545}}
Feb 23 19:40:25 ubuntu devstack@keystone.service[81922]: DEBUG keystone.server.flask.request_processing.middleware.auth_context [None req-68db54a1-5147-4cf3-995e-0adc2f5e5aec None admin] RBAC: auth_context: {'token': <TokenModel (audit_id=p9JBQdpiTVq7UXoXzrgoiw, audit_chain_id=['p9JBQdpiTVq7UXoXzrgoiw']) at 0x7f39e8066740>, 'domain_id': None, 'trust_id': None, 'trustor_id': None, 'trustee_id': None, 'domain_name': None, 'group_ids': [], 'user_id': '1db0fd23da464609885bffcfb08cb017', 'user_domain_id': 'default', 'system_scope': 'all', 'project_id': None, 'project_domain_id': None, 'roles': ['admin', 'manager', 'member', 'reader'], 'is_admin_project': True, 'service_user_id': None, 'service_user_domain_id': None, 'service_project_id': None, 'service_project_domain_id': None, 'service_roles': []} {{(pid=81922) fill_context /opt/stack/keystone/keystone/server/flask/request_processing/middleware/auth_context.py:509}}
Feb 23 19:40:25 ubuntu devstack@keystone.service[81922]: DEBUG keystone.server.flask.request_processing.req_logging [None req-68db54a1-5147-4cf3-995e-0adc2f5e5aec None admin] REQUEST_METHOD: `GET` {{(pid=81922) log_request_info /opt/stack/keystone/keystone/server/flask/request_processing/req_logging.py:26}}
Feb 23 19:40:25 ubuntu devstack@keystone.service[81922]: DEBUG keystone.server.flask.request_processing.req_logging [None req-68db54a1-5147-4cf3-995e-0adc2f5e5aec None admin] SCRIPT_NAME: `/identity` {{(pid=81922) log_request_info /opt/stack/keystone/keystone/server/flask/request_processing/req_logging.py:27}}
Feb 23 19:40:25 ubuntu devstack@keystone.service[81922]: DEBUG keystone.server.flask.request_processing.req_logging [None req-68db54a1-5147-4cf3-995e-0adc2f5e5aec None admin] PATH_INFO: `/v3/roles/admin` {{(pid=81922) log_request_info /opt/stack/keystone/keystone/server/flask/request_processing/req_logging.py:28}}
Feb 23 19:40:25 ubuntu devstack@keystone.service[81922]: DEBUG keystone.common.rbac_enforcer.enforcer [None req-68db54a1-5147-4cf3-995e-0adc2f5e5aec None admin] Extracting inferred target data resulted in "NOT FOUND (404)". {{(pid=81922) enforce_call /opt/stack/keystone/keystone/common/rbac_enforcer/enforcer.py:445}}
Feb 23 19:40:25 ubuntu devstack@keystone.service[81922]: DEBUG keystone.server.flask.application [None req-68db54a1-5147-4cf3-995e-0adc2f5e5aec None admin] Could not find role: admin. {{(pid=81922) _handle_keystone_exception /opt/stack/keystone/keystone/server/flask/application.py:146}}
Feb 23 19:40:25 ubuntu devstack@keystone.service[81922]: [pid: 81922|app: 0|req: 14/27] 10.201.5.82 () {56 vars in 1133 bytes} [Mon Feb 23 19:40:25 2026] GET /identity/v3/roles/admin => generated 83 bytes in 75 msecs (HTTP/1.1 404) 5 headers in 183 bytes (1 switches on core 0)
Feb 23 19:40:25 ubuntu devstack@keystone.service[81921]: DEBUG keystone.server.flask.request_processing.middleware.auth_context [None req-322416c7-63a4-4144-a51e-01b913f560c7 None None] Authenticating user token {{(pid=81921) process_request /opt/stack/data/venv/lib/python3.10/site-packages/keystonemiddleware/auth_token/__init__.py:407}}
Feb 23 19:40:25 ubuntu devstack@keystone.service[81922]: DEBUG keystone.server.flask.request_processing.middleware.auth_context [None req-68db54a1-5147-4cf3-995e-0adc2f5e5aec None admin] Authenticating user token {{(pid=81922) process_request /opt/stack/data/venv/lib/python3.10/site-packages/keystonemiddleware/auth_token/__init__.py:407}}
Feb 23 19:40:25 ubuntu devstack@keystone.service[81921]: DEBUG keystone.server.flask.request_processing.middleware.auth_context [None req-322416c7-63a4-4144-a51e-01b913f560c7 None None] Validating token access rules against request {{(pid=81921) validate_allowed_request /opt/stack/data/venv/lib/python3.10/site-packages/keystonemiddleware/auth_token/__init__.py:545}}
Feb 23 19:40:25 ubuntu devstack@keystone.service[81921]: DEBUG keystone.server.flask.request_processing.middleware.auth_context [None req-1429dc15-fc7c-4e46-8159-4dfd985bf530 None admin] RBAC: auth_context: {'token': <TokenModel (audit_id=p9JBQdpiTVq7UXoXzrgoiw, audit_chain_id=['p9JBQdpiTVq7UXoXzrgoiw']) at 0x7f39e6fe8b20>, 'domain_id': None, 'trust_id': None, 'trustor_id': None, 'trustee_id': None, 'domain_name': None, 'group_ids': [], 'user_id': '1db0fd23da464609885bffcfb08cb017', 'user_domain_id': 'default', 'system_scope': 'all', 'project_id': None, 'project_domain_id': None, 'roles': ['admin', 'manager', 'member', 'reader'], 'is_admin_project': True, 'service_user_id': None, 'service_user_domain_id': None, 'service_project_id': None, 'service_project_domain_id': None, 'service_roles': []} {{(pid=81921) fill_context /opt/stack/keystone/keystone/server/flask/request_processing/middleware/auth_context.py:509}}
Feb 23 19:40:25 ubuntu devstack@keystone.service[81921]: DEBUG keystone.server.flask.request_processing.req_logging [None req-1429dc15-fc7c-4e46-8159-4dfd985bf530 None admin] REQUEST_METHOD: `GET` {{(pid=81921) log_request_info /opt/stack/keystone/keystone/server/flask/request_processing/req_logging.py:26}}
Feb 23 19:40:25 ubuntu devstack@keystone.service[81921]: DEBUG keystone.server.flask.request_processing.req_logging [None req-1429dc15-fc7c-4e46-8159-4dfd985bf530 None admin] SCRIPT_NAME: `/identity` {{(pid=81921) log_request_info /opt/stack/keystone/keystone/server/flask/request_processing/req_logging.py:27}}
Feb 23 19:40:25 ubuntu devstack@keystone.service[81921]: DEBUG keystone.server.flask.request_processing.req_logging [None req-1429dc15-fc7c-4e46-8159-4dfd985bf530 None admin] PATH_INFO: `/v3/roles` {{(pid=81921) log_request_info /opt/stack/keystone/keystone/server/flask/request_processing/req_logging.py:28}}
Feb 23 19:40:25 ubuntu devstack@keystone.service[81921]: DEBUG keystone.common.rbac_enforcer.enforcer [None req-1429dc15-fc7c-4e46-8159-4dfd985bf530 None admin] RBAC: Adding query filter params (name=admin) {{(pid=81921) _extract_filter_values /opt/stack/keystone/keystone/common/rbac_enforcer/enforcer.py:176}}
Feb 23 19:40:25 ubuntu devstack@keystone.service[81921]: DEBUG keystone.common.rbac_enforcer.enforcer [None req-1429dc15-fc7c-4e46-8159-4dfd985bf530 None admin] RBAC: Authorizing `identity:list_roles()` {{(pid=81921) enforce_call /opt/stack/keystone/keystone/common/rbac_enforcer/enforcer.py:494}}
Feb 23 19:40:25 ubuntu devstack@keystone.service[81922]: DEBUG keystone.server.flask.request_processing.middleware.auth_context [None req-68db54a1-5147-4cf3-995e-0adc2f5e5aec None admin] Validating token access rules against request {{(pid=81922) validate_allowed_request /opt/stack/data/venv/lib/python3.10/site-packages/keystonemiddleware/auth_token/__init__.py:545}}
Feb 23 19:40:25 ubuntu devstack@keystone.service[81921]: DEBUG keystone.common.rbac_enforcer.enforcer [None req-1429dc15-fc7c-4e46-8159-4dfd985bf530 None admin] RBAC: Authorization granted {{(pid=81921) enforce_call /opt/stack/keystone/keystone/common/rbac_enforcer/enforcer.py:505}}
Feb 23 19:40:25 ubuntu devstack@keystone.service[81921]: [pid: 81921|app: 0|req: 14/28] 10.201.5.82 () {56 vars in 1149 bytes} [Mon Feb 23 19:40:25 2026] GET /identity/v3/roles?name=admin => generated 339 bytes in 113 msecs (HTTP/1.1 200) 5 headers in 177 bytes (1 switches on core 0)
Feb 23 19:40:25 ubuntu devstack@keystone.service[81921]: DEBUG keystone.server.flask.request_processing.req_logging [None req-1fbff55b-4bef-4acd-8075-d7af95187168 None None] REQUEST_METHOD: `GET` {{(pid=81921) log_request_info /opt/stack/keystone/keystone/server/flask/request_processing/req_logging.py:26}}
Feb 23 19:40:25 ubuntu devstack@keystone.service[81921]: DEBUG keystone.server.flask.request_processing.req_logging [None req-1fbff55b-4bef-4acd-8075-d7af95187168 None None] SCRIPT_NAME: `/identity` {{(pid=81921) log_request_info /opt/stack/keystone/keystone/server/flask/request_processing/req_logging.py:27}}
Feb 23 19:40:25 ubuntu devstack@keystone.service[81921]: DEBUG keystone.server.flask.request_processing.req_logging [None req-1fbff55b-4bef-4acd-8075-d7af95187168 None None] PATH_INFO: `/` {{(pid=81921) log_request_info /opt/stack/keystone/keystone/server/flask/request_processing/req_logging.py:28}}
Feb 23 19:40:25 ubuntu devstack@keystone.service[81921]: [pid: 81921|app: 0|req: 15/29] 10.201.5.82 () {54 vars in 920 bytes} [Mon Feb 23 19:40:25 2026] GET /identity => generated 270 bytes in 1 msecs (HTTP/1.1 300) 6 headers in 234 bytes (1 switches on core 0)
Feb 23 19:40:25 ubuntu devstack@keystone.service[81922]: DEBUG keystone.server.flask.request_processing.middleware.auth_context [None req-58ec170e-6aa9-4360-8fdb-42d285e8d2c4 None admin] RBAC: auth_context: {'token': <TokenModel (audit_id=O17m_SVOQCO3ToLEU8DXoQ, audit_chain_id=['O17m_SVOQCO3ToLEU8DXoQ']) at 0x7f39e6e5f970>, 'domain_id': None, 'trust_id': None, 'trustor_id': None, 'trustee_id': None, 'domain_name': None, 'group_ids': [], 'user_id': '1db0fd23da464609885bffcfb08cb017', 'user_domain_id': 'default', 'system_scope': 'all', 'project_id': None, 'project_domain_id': None, 'roles': ['admin', 'manager', 'member', 'reader'], 'is_admin_project': True, 'service_user_id': None, 'service_user_domain_id': None, 'service_project_id': None, 'service_project_domain_id': None, 'service_roles': []} {{(pid=81922) fill_context /opt/stack/keystone/keystone/server/flask/request_processing/middleware/auth_context.py:509}}
Feb 23 19:40:25 ubuntu devstack@keystone.service[81921]: DEBUG keystone.server.flask.request_processing.req_logging [None req-4ce895ef-68cf-4578-b84e-64c49a4d226f None None] REQUEST_METHOD: `POST` {{(pid=81921) log_request_info /opt/stack/keystone/keystone/server/flask/request_processing/req_logging.py:26}}
Feb 23 19:40:25 ubuntu devstack@keystone.service[81921]: DEBUG keystone.server.flask.request_processing.req_logging [None req-4ce895ef-68cf-4578-b84e-64c49a4d226f None None] SCRIPT_NAME: `/identity` {{(pid=81921) log_request_info /opt/stack/keystone/keystone/server/flask/request_processing/req_logging.py:27}}
Feb 23 19:40:25 ubuntu devstack@keystone.service[81921]: DEBUG keystone.server.flask.request_processing.req_logging [None req-4ce895ef-68cf-4578-b84e-64c49a4d226f None None] PATH_INFO: `/v3/auth/tokens` {{(pid=81921) log_request_info /opt/stack/keystone/keystone/server/flask/request_processing/req_logging.py:28}}
Feb 23 19:40:25 ubuntu devstack@keystone.service[81922]: DEBUG keystone.server.flask.request_processing.req_logging [None req-58ec170e-6aa9-4360-8fdb-42d285e8d2c4 None admin] REQUEST_METHOD: `GET` {{(pid=81922) log_request_info /opt/stack/keystone/keystone/server/flask/request_processing/req_logging.py:26}}
Feb 23 19:40:25 ubuntu devstack@keystone.service[81922]: DEBUG keystone.server.flask.request_processing.req_logging [None req-58ec170e-6aa9-4360-8fdb-42d285e8d2c4 None admin] SCRIPT_NAME: `/identity` {{(pid=81922) log_request_info /opt/stack/keystone/keystone/server/flask/request_processing/req_logging.py:27}}
Feb 23 19:40:25 ubuntu devstack@keystone.service[81922]: DEBUG keystone.server.flask.request_processing.req_logging [None req-58ec170e-6aa9-4360-8fdb-42d285e8d2c4 None admin] PATH_INFO: `/v3/domains/Default` {{(pid=81922) log_request_info /opt/stack/keystone/keystone/server/flask/request_processing/req_logging.py:28}}
Feb 23 19:40:25 ubuntu devstack@keystone.service[81921]: WARNING keystone.common.password_hashing [None req-4ce895ef-68cf-4578-b84e-64c49a4d226f None None] Truncating password to algorithm specific maximum length 72 characters.
Feb 23 19:40:25 ubuntu devstack@keystone.service[81922]: DEBUG keystone.common.rbac_enforcer.enforcer [None req-58ec170e-6aa9-4360-8fdb-42d285e8d2c4 None admin] RBAC: Authorizing `identity:get_domain(domain_id=Default)` {{(pid=81922) enforce_call /opt/stack/keystone/keystone/common/rbac_enforcer/enforcer.py:494}}
Feb 23 19:40:25 ubuntu devstack@keystone.service[81922]: DEBUG keystone.common.rbac_enforcer.enforcer [None req-58ec170e-6aa9-4360-8fdb-42d285e8d2c4 None admin] RBAC: Authorization granted {{(pid=81922) enforce_call /opt/stack/keystone/keystone/common/rbac_enforcer/enforcer.py:505}}
Feb 23 19:40:25 ubuntu devstack@keystone.service[81921]: DEBUG keystone.auth.core [None req-4ce895ef-68cf-4578-b84e-64c49a4d226f None None] MFA Rules not processed for user `1db0fd23da464609885bffcfb08cb017`. Rule list: `[]` (Enabled: `True`). {{(pid=81921) check_auth_methods_against_rules /opt/stack/keystone/keystone/auth/core.py:476}}
Feb 23 19:40:25 ubuntu devstack@keystone.service[81921]: DEBUG keystone.common.fernet_utils [None req-4ce895ef-68cf-4578-b84e-64c49a4d226f None None] Loaded 2 Fernet keys from /etc/keystone/fernet-keys/, but `[fernet_tokens] max_active_keys = 3`; perhaps there have not been enough key rotations to reach `max_active_keys` yet? {{(pid=81921) load_keys /opt/stack/keystone/keystone/common/fernet_utils.py:297}}
Feb 23 19:40:25 ubuntu devstack@keystone.service[81922]: DEBUG keystone.server.flask.application [None req-58ec170e-6aa9-4360-8fdb-42d285e8d2c4 None admin] Could not find domain: Default. {{(pid=81922) _handle_keystone_exception /opt/stack/keystone/keystone/server/flask/application.py:146}}
Feb 23 19:40:25 ubuntu devstack@keystone.service[81922]: [pid: 81922|app: 0|req: 15/30] 10.201.5.82 () {56 vars in 1145 bytes} [Mon Feb 23 19:40:25 2026] GET /identity/v3/domains/Default => generated 87 bytes in 97 msecs (HTTP/1.1 404) 5 headers in 183 bytes (1 switches on core 0)
Feb 23 19:40:25 ubuntu devstack@keystone.service[81922]: DEBUG keystone.server.flask.request_processing.middleware.auth_context [None req-58ec170e-6aa9-4360-8fdb-42d285e8d2c4 None admin] Authenticating user token {{(pid=81922) process_request /opt/stack/data/venv/lib/python3.10/site-packages/keystonemiddleware/auth_token/__init__.py:407}}
Feb 23 19:40:25 ubuntu devstack@keystone.service[81921]: [pid: 81921|app: 0|req: 16/31] 10.201.5.82 () {58 vars in 1017 bytes} [Mon Feb 23 19:40:25 2026] POST /identity/v3/auth/tokens => generated 862 bytes in 56 msecs (HTTP/1.1 201) 6 headers in 363 bytes (1 switches on core 0)
Feb 23 19:40:25 ubuntu devstack@keystone.service[81922]: DEBUG keystone.server.flask.request_processing.middleware.auth_context [None req-58ec170e-6aa9-4360-8fdb-42d285e8d2c4 None admin] Validating token access rules against request {{(pid=81922) validate_allowed_request /opt/stack/data/venv/lib/python3.10/site-packages/keystonemiddleware/auth_token/__init__.py:545}}
Feb 23 19:40:25 ubuntu devstack@keystone.service[81921]: DEBUG keystone.server.flask.request_processing.middleware.auth_context [None req-4ce895ef-68cf-4578-b84e-64c49a4d226f None None] Authenticating user token {{(pid=81921) process_request /opt/stack/data/venv/lib/python3.10/site-packages/keystonemiddleware/auth_token/__init__.py:407}}
Feb 23 19:40:25 ubuntu devstack@keystone.service[81922]: DEBUG keystone.server.flask.request_processing.middleware.auth_context [None req-665156e3-6e53-45b4-8f7f-10980e69bdba None admin] RBAC: auth_context: {'token': <TokenModel (audit_id=p9JBQdpiTVq7UXoXzrgoiw, audit_chain_id=['p9JBQdpiTVq7UXoXzrgoiw']) at 0x7f39e6e5c7c0>, 'domain_id': None, 'trust_id': None, 'trustor_id': None, 'trustee_id': None, 'domain_name': None, 'group_ids': [], 'user_id': '1db0fd23da464609885bffcfb08cb017', 'user_domain_id': 'default', 'system_scope': 'all', 'project_id': None, 'project_domain_id': None, 'roles': ['admin', 'manager', 'member', 'reader'], 'is_admin_project': True, 'service_user_id': None, 'service_user_domain_id': None, 'service_project_id': None, 'service_project_domain_id': None, 'service_roles': []} {{(pid=81922) fill_context /opt/stack/keystone/keystone/server/flask/request_processing/middleware/auth_context.py:509}}
Feb 23 19:40:25 ubuntu devstack@keystone.service[81922]: DEBUG keystone.server.flask.request_processing.req_logging [None req-665156e3-6e53-45b4-8f7f-10980e69bdba None admin] REQUEST_METHOD: `GET` {{(pid=81922) log_request_info /opt/stack/keystone/keystone/server/flask/request_processing/req_logging.py:26}}
Feb 23 19:40:25 ubuntu devstack@keystone.service[81922]: DEBUG keystone.server.flask.request_processing.req_logging [None req-665156e3-6e53-45b4-8f7f-10980e69bdba None admin] SCRIPT_NAME: `/identity` {{(pid=81922) log_request_info /opt/stack/keystone/keystone/server/flask/request_processing/req_logging.py:27}}
Feb 23 19:40:25 ubuntu devstack@keystone.service[81922]: DEBUG keystone.server.flask.request_processing.req_logging [None req-665156e3-6e53-45b4-8f7f-10980e69bdba None admin] PATH_INFO: `/v3/users/1db0fd23da464609885bffcfb08cb017` {{(pid=81922) log_request_info /opt/stack/keystone/keystone/server/flask/request_processing/req_logging.py:28}}
Feb 23 19:40:25 ubuntu devstack@keystone.service[81922]: DEBUG keystone.common.rbac_enforcer.enforcer [None req-665156e3-6e53-45b4-8f7f-10980e69bdba None admin] RBAC: Authorizing `identity:get_user(user_id=1db0fd23da464609885bffcfb08cb017)` {{(pid=81922) enforce_call /opt/stack/keystone/keystone/common/rbac_enforcer/enforcer.py:494}}
Feb 23 19:40:25 ubuntu devstack@keystone.service[81922]: DEBUG keystone.common.rbac_enforcer.enforcer [None req-665156e3-6e53-45b4-8f7f-10980e69bdba None admin] RBAC: Authorization granted {{(pid=81922) enforce_call /opt/stack/keystone/keystone/common/rbac_enforcer/enforcer.py:505}}
Feb 23 19:40:25 ubuntu devstack@keystone.service[81921]: DEBUG keystone.server.flask.request_processing.middleware.auth_context [None req-4ce895ef-68cf-4578-b84e-64c49a4d226f None None] Validating token access rules against request {{(pid=81921) validate_allowed_request /opt/stack/data/venv/lib/python3.10/site-packages/keystonemiddleware/auth_token/__init__.py:545}}
Feb 23 19:40:25 ubuntu devstack@keystone.service[81922]: [pid: 81922|app: 0|req: 16/32] 10.201.5.82 () {56 vars in 1214 bytes} [Mon Feb 23 19:40:25 2026] GET /identity/v3/users/1db0fd23da464609885bffcfb08cb017 => generated 247 bytes in 86 msecs (HTTP/1.1 200) 5 headers in 177 bytes (1 switches on core 0)
Feb 23 19:40:25 ubuntu devstack@keystone.service[81922]: DEBUG keystone.server.flask.request_processing.req_logging [None req-7a97bde2-4ef4-4790-b941-f730baea0797 None None] REQUEST_METHOD: `GET` {{(pid=81922) log_request_info /opt/stack/keystone/keystone/server/flask/request_processing/req_logging.py:26}}
Feb 23 19:40:25 ubuntu devstack@keystone.service[81922]: DEBUG keystone.server.flask.request_processing.req_logging [None req-7a97bde2-4ef4-4790-b941-f730baea0797 None None] SCRIPT_NAME: `/identity` {{(pid=81922) log_request_info /opt/stack/keystone/keystone/server/flask/request_processing/req_logging.py:27}}
Feb 23 19:40:25 ubuntu devstack@keystone.service[81922]: DEBUG keystone.server.flask.request_processing.req_logging [None req-7a97bde2-4ef4-4790-b941-f730baea0797 None None] PATH_INFO: `/` {{(pid=81922) log_request_info /opt/stack/keystone/keystone/server/flask/request_processing/req_logging.py:28}}
Feb 23 19:40:25 ubuntu devstack@keystone.service[81922]: [pid: 81922|app: 0|req: 17/33] 10.201.5.82 () {54 vars in 920 bytes} [Mon Feb 23 19:40:25 2026] GET /identity => generated 270 bytes in 1 msecs (HTTP/1.1 300) 6 headers in 234 bytes (1 switches on core 0)
Feb 23 19:40:25 ubuntu devstack@keystone.service[81922]: DEBUG keystone.server.flask.request_processing.req_logging [None req-3a6ee320-e71c-46fc-b6b3-59faa3df0a91 None None] REQUEST_METHOD: `POST` {{(pid=81922) log_request_info /opt/stack/keystone/keystone/server/flask/request_processing/req_logging.py:26}}
Feb 23 19:40:25 ubuntu devstack@keystone.service[81922]: DEBUG keystone.server.flask.request_processing.req_logging [None req-3a6ee320-e71c-46fc-b6b3-59faa3df0a91 None None] SCRIPT_NAME: `/identity` {{(pid=81922) log_request_info /opt/stack/keystone/keystone/server/flask/request_processing/req_logging.py:27}}
Feb 23 19:40:25 ubuntu devstack@keystone.service[81922]: DEBUG keystone.server.flask.request_processing.req_logging [None req-3a6ee320-e71c-46fc-b6b3-59faa3df0a91 None None] PATH_INFO: `/v3/auth/tokens` {{(pid=81922) log_request_info /opt/stack/keystone/keystone/server/flask/request_processing/req_logging.py:28}}
Feb 23 19:40:25 ubuntu devstack@keystone.service[81921]: DEBUG keystone.server.flask.request_processing.middleware.auth_context [None req-28131498-671e-4a73-9a99-aec915231979 None admin] RBAC: auth_context: {'token': <TokenModel (audit_id=O17m_SVOQCO3ToLEU8DXoQ, audit_chain_id=['O17m_SVOQCO3ToLEU8DXoQ']) at 0x7f39e6fe8790>, 'domain_id': None, 'trust_id': None, 'trustor_id': None, 'trustee_id': None, 'domain_name': None, 'group_ids': [], 'user_id': '1db0fd23da464609885bffcfb08cb017', 'user_domain_id': 'default', 'system_scope': 'all', 'project_id': None, 'project_domain_id': None, 'roles': ['admin', 'manager', 'member', 'reader'], 'is_admin_project': True, 'service_user_id': None, 'service_user_domain_id': None, 'service_project_id': None, 'service_project_domain_id': None, 'service_roles': []} {{(pid=81921) fill_context /opt/stack/keystone/keystone/server/flask/request_processing/middleware/auth_context.py:509}}
Feb 23 19:40:25 ubuntu devstack@keystone.service[81921]: DEBUG keystone.server.flask.request_processing.req_logging [None req-28131498-671e-4a73-9a99-aec915231979 None admin] REQUEST_METHOD: `GET` {{(pid=81921) log_request_info /opt/stack/keystone/keystone/server/flask/request_processing/req_logging.py:26}}
Feb 23 19:40:25 ubuntu devstack@keystone.service[81921]: DEBUG keystone.server.flask.request_processing.req_logging [None req-28131498-671e-4a73-9a99-aec915231979 None admin] SCRIPT_NAME: `/identity` {{(pid=81921) log_request_info /opt/stack/keystone/keystone/server/flask/request_processing/req_logging.py:27}}
Feb 23 19:40:25 ubuntu devstack@keystone.service[81921]: DEBUG keystone.server.flask.request_processing.req_logging [None req-28131498-671e-4a73-9a99-aec915231979 None admin] PATH_INFO: `/v3/domains` {{(pid=81921) log_request_info /opt/stack/keystone/keystone/server/flask/request_processing/req_logging.py:28}}
Feb 23 19:40:25 ubuntu devstack@keystone.service[81921]: DEBUG keystone.common.rbac_enforcer.enforcer [None req-28131498-671e-4a73-9a99-aec915231979 None admin] RBAC: Adding query filter params (name=Default) {{(pid=81921) _extract_filter_values /opt/stack/keystone/keystone/common/rbac_enforcer/enforcer.py:176}}
Feb 23 19:40:25 ubuntu devstack@keystone.service[81921]: DEBUG keystone.common.rbac_enforcer.enforcer [None req-28131498-671e-4a73-9a99-aec915231979 None admin] RBAC: Authorizing `identity:list_domains()` {{(pid=81921) enforce_call /opt/stack/keystone/keystone/common/rbac_enforcer/enforcer.py:494}}
Feb 23 19:40:25 ubuntu devstack@keystone.service[81921]: DEBUG keystone.common.rbac_enforcer.enforcer [None req-28131498-671e-4a73-9a99-aec915231979 None admin] RBAC: Authorization granted {{(pid=81921) enforce_call /opt/stack/keystone/keystone/common/rbac_enforcer/enforcer.py:505}}
Feb 23 19:40:25 ubuntu devstack@keystone.service[81921]: [pid: 81921|app: 0|req: 17/34] 10.201.5.82 () {56 vars in 1159 bytes} [Mon Feb 23 19:40:25 2026] GET /identity/v3/domains?name=Default => generated 308 bytes in 69 msecs (HTTP/1.1 200) 5 headers in 177 bytes (1 switches on core 0)
Feb 23 19:40:25 ubuntu devstack@keystone.service[81921]: DEBUG keystone.server.flask.request_processing.middleware.auth_context [None req-28131498-671e-4a73-9a99-aec915231979 None admin] Authenticating user token {{(pid=81921) process_request /opt/stack/data/venv/lib/python3.10/site-packages/keystonemiddleware/auth_token/__init__.py:407}}
Feb 23 19:40:25 ubuntu devstack@keystone.service[81922]: WARNING keystone.common.password_hashing [None req-3a6ee320-e71c-46fc-b6b3-59faa3df0a91 None None] Truncating password to algorithm specific maximum length 72 characters.
Feb 23 19:40:25 ubuntu devstack@keystone.service[81922]: DEBUG keystone.auth.core [None req-3a6ee320-e71c-46fc-b6b3-59faa3df0a91 None None] MFA Rules not processed for user `1db0fd23da464609885bffcfb08cb017`. Rule list: `[]` (Enabled: `True`). {{(pid=81922) check_auth_methods_against_rules /opt/stack/keystone/keystone/auth/core.py:476}}
Feb 23 19:40:25 ubuntu devstack@keystone.service[81922]: DEBUG keystone.common.fernet_utils [None req-3a6ee320-e71c-46fc-b6b3-59faa3df0a91 None None] Loaded 2 Fernet keys from /etc/keystone/fernet-keys/, but `[fernet_tokens] max_active_keys = 3`; perhaps there have not been enough key rotations to reach `max_active_keys` yet? {{(pid=81922) load_keys /opt/stack/keystone/keystone/common/fernet_utils.py:297}}
Feb 23 19:40:25 ubuntu devstack@keystone.service[81921]: DEBUG keystone.server.flask.request_processing.middleware.auth_context [None req-28131498-671e-4a73-9a99-aec915231979 None admin] Validating token access rules against request {{(pid=81921) validate_allowed_request /opt/stack/data/venv/lib/python3.10/site-packages/keystonemiddleware/auth_token/__init__.py:545}}
Feb 23 19:40:25 ubuntu devstack@keystone.service[81921]: DEBUG keystone.server.flask.request_processing.middleware.auth_context [None req-74408d1d-acf6-4ecc-81ca-0eb421c6dd86 None admin] RBAC: auth_context: {'token': <TokenModel (audit_id=p9JBQdpiTVq7UXoXzrgoiw, audit_chain_id=['p9JBQdpiTVq7UXoXzrgoiw']) at 0x7f39e6d3a4d0>, 'domain_id': None, 'trust_id': None, 'trustor_id': None, 'trustee_id': None, 'domain_name': None, 'group_ids': [], 'user_id': '1db0fd23da464609885bffcfb08cb017', 'user_domain_id': 'default', 'system_scope': 'all', 'project_id': None, 'project_domain_id': None, 'roles': ['admin', 'manager', 'member', 'reader'], 'is_admin_project': True, 'service_user_id': None, 'service_user_domain_id': None, 'service_project_id': None, 'service_project_domain_id': None, 'service_roles': []} {{(pid=81921) fill_context /opt/stack/keystone/keystone/server/flask/request_processing/middleware/auth_context.py:509}}
Feb 23 19:40:25 ubuntu devstack@keystone.service[81921]: DEBUG keystone.server.flask.request_processing.req_logging [None req-74408d1d-acf6-4ecc-81ca-0eb421c6dd86 None admin] REQUEST_METHOD: `GET` {{(pid=81921) log_request_info /opt/stack/keystone/keystone/server/flask/request_processing/req_logging.py:26}}
Feb 23 19:40:25 ubuntu devstack@keystone.service[81921]: DEBUG keystone.server.flask.request_processing.req_logging [None req-74408d1d-acf6-4ecc-81ca-0eb421c6dd86 None admin] SCRIPT_NAME: `/identity` {{(pid=81921) log_request_info /opt/stack/keystone/keystone/server/flask/request_processing/req_logging.py:27}}
Feb 23 19:40:25 ubuntu devstack@keystone.service[81921]: DEBUG keystone.server.flask.request_processing.req_logging [None req-74408d1d-acf6-4ecc-81ca-0eb421c6dd86 None admin] PATH_INFO: `/v3/domains/default` {{(pid=81921) log_request_info /opt/stack/keystone/keystone/server/flask/request_processing/req_logging.py:28}}
Feb 23 19:40:25 ubuntu devstack@keystone.service[81921]: DEBUG keystone.common.rbac_enforcer.enforcer [None req-74408d1d-acf6-4ecc-81ca-0eb421c6dd86 None admin] RBAC: Authorizing `identity:get_domain(domain_id=default)` {{(pid=81921) enforce_call /opt/stack/keystone/keystone/common/rbac_enforcer/enforcer.py:494}}
Feb 23 19:40:25 ubuntu devstack@keystone.service[81921]: DEBUG keystone.common.rbac_enforcer.enforcer [None req-74408d1d-acf6-4ecc-81ca-0eb421c6dd86 None admin] RBAC: Authorization granted {{(pid=81921) enforce_call /opt/stack/keystone/keystone/common/rbac_enforcer/enforcer.py:505}}
Feb 23 19:40:25 ubuntu devstack@keystone.service[81921]: [pid: 81921|app: 0|req: 18/35] 10.201.5.82 () {56 vars in 1145 bytes} [Mon Feb 23 19:40:25 2026] GET /identity/v3/domains/default => generated 199 bytes in 55 msecs (HTTP/1.1 200) 5 headers in 177 bytes (1 switches on core 0)
Feb 23 19:40:25 ubuntu devstack@keystone.service[81921]: DEBUG keystone.server.flask.request_processing.middleware.auth_context [None req-74408d1d-acf6-4ecc-81ca-0eb421c6dd86 None admin] Authenticating user token {{(pid=81921) process_request /opt/stack/data/venv/lib/python3.10/site-packages/keystonemiddleware/auth_token/__init__.py:407}}
Feb 23 19:40:25 ubuntu devstack@keystone.service[81922]: [pid: 81922|app: 0|req: 18/36] 10.201.5.82 () {58 vars in 1017 bytes} [Mon Feb 23 19:40:25 2026] POST /identity/v3/auth/tokens => generated 862 bytes in 101 msecs (HTTP/1.1 201) 6 headers in 363 bytes (2 switches on core 0)
Feb 23 19:40:25 ubuntu devstack@keystone.service[81922]: DEBUG keystone.server.flask.request_processing.middleware.auth_context [None req-3a6ee320-e71c-46fc-b6b3-59faa3df0a91 None None] Authenticating user token {{(pid=81922) process_request /opt/stack/data/venv/lib/python3.10/site-packages/keystonemiddleware/auth_token/__init__.py:407}}
Feb 23 19:40:25 ubuntu devstack@keystone.service[81921]: DEBUG keystone.server.flask.request_processing.middleware.auth_context [None req-74408d1d-acf6-4ecc-81ca-0eb421c6dd86 None admin] Validating token access rules against request {{(pid=81921) validate_allowed_request /opt/stack/data/venv/lib/python3.10/site-packages/keystonemiddleware/auth_token/__init__.py:545}}
Feb 23 19:40:25 ubuntu devstack@keystone.service[81921]: DEBUG keystone.server.flask.request_processing.middleware.auth_context [None req-4e0b25d8-6fb1-4454-9607-3cfdd3083d30 None admin] RBAC: auth_context: {'token': <TokenModel (audit_id=O17m_SVOQCO3ToLEU8DXoQ, audit_chain_id=['O17m_SVOQCO3ToLEU8DXoQ']) at 0x7f39e6feb460>, 'domain_id': None, 'trust_id': None, 'trustor_id': None, 'trustee_id': None, 'domain_name': None, 'group_ids': [], 'user_id': '1db0fd23da464609885bffcfb08cb017', 'user_domain_id': 'default', 'system_scope': 'all', 'project_id': None, 'project_domain_id': None, 'roles': ['admin', 'manager', 'member', 'reader'], 'is_admin_project': True, 'service_user_id': None, 'service_user_domain_id': None, 'service_project_id': None, 'service_project_domain_id': None, 'service_roles': []} {{(pid=81921) fill_context /opt/stack/keystone/keystone/server/flask/request_processing/middleware/auth_context.py:509}}
Feb 23 19:40:25 ubuntu devstack@keystone.service[81921]: DEBUG keystone.server.flask.request_processing.req_logging [None req-4e0b25d8-6fb1-4454-9607-3cfdd3083d30 None admin] REQUEST_METHOD: `POST` {{(pid=81921) log_request_info /opt/stack/keystone/keystone/server/flask/request_processing/req_logging.py:26}}
Feb 23 19:40:25 ubuntu devstack@keystone.service[81921]: DEBUG keystone.server.flask.request_processing.req_logging [None req-4e0b25d8-6fb1-4454-9607-3cfdd3083d30 None admin] SCRIPT_NAME: `/identity` {{(pid=81921) log_request_info /opt/stack/keystone/keystone/server/flask/request_processing/req_logging.py:27}}
Feb 23 19:40:25 ubuntu devstack@keystone.service[81921]: DEBUG keystone.server.flask.request_processing.req_logging [None req-4e0b25d8-6fb1-4454-9607-3cfdd3083d30 None admin] PATH_INFO: `/v3/projects` {{(pid=81921) log_request_info /opt/stack/keystone/keystone/server/flask/request_processing/req_logging.py:28}}
Feb 23 19:40:25 ubuntu devstack@keystone.service[81921]: DEBUG keystone.common.rbac_enforcer.enforcer [None req-4e0b25d8-6fb1-4454-9607-3cfdd3083d30 None admin] RBAC: Authorizing `identity:create_project()` {{(pid=81921) enforce_call /opt/stack/keystone/keystone/common/rbac_enforcer/enforcer.py:494}}
Feb 23 19:40:25 ubuntu devstack@keystone.service[81921]: DEBUG keystone.common.rbac_enforcer.enforcer [None req-4e0b25d8-6fb1-4454-9607-3cfdd3083d30 None admin] RBAC: Authorization granted {{(pid=81921) enforce_call /opt/stack/keystone/keystone/common/rbac_enforcer/enforcer.py:505}}
Feb 23 19:40:25 ubuntu devstack@keystone.service[81922]: DEBUG keystone.server.flask.request_processing.middleware.auth_context [None req-3a6ee320-e71c-46fc-b6b3-59faa3df0a91 None None] Validating token access rules against request {{(pid=81922) validate_allowed_request /opt/stack/data/venv/lib/python3.10/site-packages/keystonemiddleware/auth_token/__init__.py:545}}
Feb 23 19:40:25 ubuntu devstack@keystone.service[81922]: DEBUG keystone.server.flask.request_processing.middleware.auth_context [None req-51823ecb-1bf7-4002-88c9-04c3dbbbad3e None admin] RBAC: auth_context: {'token': <TokenModel (audit_id=DfN7Li_bSbamwoANcC8F9g, audit_chain_id=['DfN7Li_bSbamwoANcC8F9g']) at 0x7f39e6e1d4e0>, 'domain_id': None, 'trust_id': None, 'trustor_id': None, 'trustee_id': None, 'domain_name': None, 'group_ids': [], 'user_id': '1db0fd23da464609885bffcfb08cb017', 'user_domain_id': 'default', 'system_scope': 'all', 'project_id': None, 'project_domain_id': None, 'roles': ['admin', 'manager', 'member', 'reader'], 'is_admin_project': True, 'service_user_id': None, 'service_user_domain_id': None, 'service_project_id': None, 'service_project_domain_id': None, 'service_roles': []} {{(pid=81922) fill_context /opt/stack/keystone/keystone/server/flask/request_processing/middleware/auth_context.py:509}}
Feb 23 19:40:25 ubuntu devstack@keystone.service[81922]: DEBUG keystone.server.flask.request_processing.req_logging [None req-51823ecb-1bf7-4002-88c9-04c3dbbbad3e None admin] REQUEST_METHOD: `POST` {{(pid=81922) log_request_info /opt/stack/keystone/keystone/server/flask/request_processing/req_logging.py:26}}
Feb 23 19:40:25 ubuntu devstack@keystone.service[81922]: DEBUG keystone.server.flask.request_processing.req_logging [None req-51823ecb-1bf7-4002-88c9-04c3dbbbad3e None admin] SCRIPT_NAME: `/identity` {{(pid=81922) log_request_info /opt/stack/keystone/keystone/server/flask/request_processing/req_logging.py:27}}
Feb 23 19:40:25 ubuntu devstack@keystone.service[81922]: DEBUG keystone.server.flask.request_processing.req_logging [None req-51823ecb-1bf7-4002-88c9-04c3dbbbad3e None admin] PATH_INFO: `/v3/roles` {{(pid=81922) log_request_info /opt/stack/keystone/keystone/server/flask/request_processing/req_logging.py:28}}
Feb 23 19:40:25 ubuntu devstack@keystone.service[81922]: DEBUG keystone.common.rbac_enforcer.enforcer [None req-51823ecb-1bf7-4002-88c9-04c3dbbbad3e None admin] RBAC: Authorizing `identity:create_role()` {{(pid=81922) enforce_call /opt/stack/keystone/keystone/common/rbac_enforcer/enforcer.py:494}}
Feb 23 19:40:25 ubuntu devstack@keystone.service[81922]: DEBUG keystone.common.rbac_enforcer.enforcer [None req-51823ecb-1bf7-4002-88c9-04c3dbbbad3e None admin] RBAC: Authorization granted {{(pid=81922) enforce_call /opt/stack/keystone/keystone/common/rbac_enforcer/enforcer.py:505}}
Feb 23 19:40:25 ubuntu devstack@keystone.service[81922]: DEBUG keystone.common.sql.core [None req-51823ecb-1bf7-4002-88c9-04c3dbbbad3e None admin] Conflict role: (pymysql.err.IntegrityError) (1062, "Duplicate entry 'service-<<null>>' for key 'role.ixu_role_name_domain_id'")
Feb 23 19:40:25 ubuntu devstack@keystone.service[81922]: [SQL: INSERT INTO `role` (id, name, description, extra) VALUES (%(id)s, %(name)s, %(description)s, %(extra)s)]
Feb 23 19:40:25 ubuntu devstack@keystone.service[81922]: [parameters: {'id': 'cec6a2c6e62c4f079de226cfe43f4f00', 'name': 'service', 'description': None, 'extra': '{}'}]
Feb 23 19:40:25 ubuntu devstack@keystone.service[81922]: (Background on this error at: https://sqlalche.me/e/20/gkpj) {{(pid=81922) wrapper /opt/stack/keystone/keystone/common/sql/core.py:580}}
Feb 23 19:40:25 ubuntu devstack@keystone.service[81922]: ERROR keystone.server.flask.application [None req-51823ecb-1bf7-4002-88c9-04c3dbbbad3e None admin] Conflict occurred attempting to store role - Duplicate entry found with name service.: keystone.exception.Conflict: Conflict occurred attempting to store role - Duplicate entry found with name service.
Feb 23 19:40:25 ubuntu devstack@keystone.service[81922]: ERROR keystone.server.flask.application Traceback (most recent call last):
Feb 23 19:40:25 ubuntu devstack@keystone.service[81922]: ERROR keystone.server.flask.application   File "/opt/stack/data/venv/lib/python3.10/site-packages/sqlalchemy/engine/base.py", line 1967, in _exec_single_context
Feb 23 19:40:25 ubuntu devstack@keystone.service[81922]: ERROR keystone.server.flask.application     self.dialect.do_execute(
Feb 23 19:40:25 ubuntu devstack@keystone.service[81922]: ERROR keystone.server.flask.application   File "/opt/stack/data/venv/lib/python3.10/site-packages/sqlalchemy/engine/default.py", line 952, in do_execute
Feb 23 19:40:25 ubuntu devstack@keystone.service[81922]: ERROR keystone.server.flask.application     cursor.execute(statement, parameters)
Feb 23 19:40:25 ubuntu devstack@keystone.service[81922]: ERROR keystone.server.flask.application   File "/opt/stack/data/venv/lib/python3.10/site-packages/pymysql/cursors.py", line 153, in execute
Feb 23 19:40:25 ubuntu devstack@keystone.service[81922]: ERROR keystone.server.flask.application     result = self._query(query)
Feb 23 19:40:25 ubuntu devstack@keystone.service[81922]: ERROR keystone.server.flask.application   File "/opt/stack/data/venv/lib/python3.10/site-packages/pymysql/cursors.py", line 322, in _query
Feb 23 19:40:25 ubuntu devstack@keystone.service[81922]: ERROR keystone.server.flask.application     conn.query(q)
Feb 23 19:40:25 ubuntu devstack@keystone.service[81922]: ERROR keystone.server.flask.application   File "/opt/stack/data/venv/lib/python3.10/site-packages/pymysql/connections.py", line 575, in query
Feb 23 19:40:25 ubuntu devstack@keystone.service[81922]: ERROR keystone.server.flask.application     self._affected_rows = self._read_query_result(unbuffered=unbuffered)
Feb 23 19:40:25 ubuntu devstack@keystone.service[81922]: ERROR keystone.server.flask.application   File "/opt/stack/data/venv/lib/python3.10/site-packages/pymysql/connections.py", line 826, in _read_query_result
Feb 23 19:40:25 ubuntu devstack@keystone.service[81922]: ERROR keystone.server.flask.application     result.read()
Feb 23 19:40:25 ubuntu devstack@keystone.service[81922]: ERROR keystone.server.flask.application   File "/opt/stack/data/venv/lib/python3.10/site-packages/pymysql/connections.py", line 1203, in read
Feb 23 19:40:25 ubuntu devstack@keystone.service[81922]: ERROR keystone.server.flask.application     first_packet = self.connection._read_packet()
Feb 23 19:40:25 ubuntu devstack@keystone.service[81922]: ERROR keystone.server.flask.application   File "/opt/stack/data/venv/lib/python3.10/site-packages/pymysql/connections.py", line 782, in _read_packet
Feb 23 19:40:25 ubuntu devstack@keystone.service[81922]: ERROR keystone.server.flask.application     packet.raise_for_error()
Feb 23 19:40:25 ubuntu devstack@keystone.service[81922]: ERROR keystone.server.flask.application   File "/opt/stack/data/venv/lib/python3.10/site-packages/pymysql/protocol.py", line 219, in raise_for_error
Feb 23 19:40:25 ubuntu devstack@keystone.service[81922]: ERROR keystone.server.flask.application     err.raise_mysql_exception(self._data)
Feb 23 19:40:25 ubuntu devstack@keystone.service[81922]: ERROR keystone.server.flask.application   File "/opt/stack/data/venv/lib/python3.10/site-packages/pymysql/err.py", line 150, in raise_mysql_exception
Feb 23 19:40:25 ubuntu devstack@keystone.service[81922]: ERROR keystone.server.flask.application     raise errorclass(errno, errval)
Feb 23 19:40:25 ubuntu devstack@keystone.service[81922]: ERROR keystone.server.flask.application pymysql.err.IntegrityError: (1062, "Duplicate entry 'service-<<null>>' for key 'role.ixu_role_name_domain_id'")
Feb 23 19:40:25 ubuntu devstack@keystone.service[81922]: ERROR keystone.server.flask.application 
Feb 23 19:40:25 ubuntu devstack@keystone.service[81922]: ERROR keystone.server.flask.application The above exception was the direct cause of the following exception:
Feb 23 19:40:25 ubuntu devstack@keystone.service[81922]: ERROR keystone.server.flask.application 
Feb 23 19:40:25 ubuntu devstack@keystone.service[81922]: ERROR keystone.server.flask.application Traceback (most recent call last):
Feb 23 19:40:25 ubuntu devstack@keystone.service[81922]: ERROR keystone.server.flask.application   File "/opt/stack/keystone/keystone/common/sql/core.py", line 575, in wrapper
Feb 23 19:40:25 ubuntu devstack@keystone.service[81922]: ERROR keystone.server.flask.application     return method(*args, **kwargs)
Feb 23 19:40:25 ubuntu devstack@keystone.service[81922]: ERROR keystone.server.flask.application   File "/opt/stack/keystone/keystone/assignment/role_backends/sql.py", line 25, in create_role
Feb 23 19:40:25 ubuntu devstack@keystone.service[81922]: ERROR keystone.server.flask.application     with sql.session_for_write() as session:
Feb 23 19:40:25 ubuntu devstack@keystone.service[81922]: ERROR keystone.server.flask.application   File "/usr/lib/python3.10/contextlib.py", line 142, in __exit__
Feb 23 19:40:25 ubuntu devstack@keystone.service[81922]: ERROR keystone.server.flask.application     next(self.gen)
Feb 23 19:40:25 ubuntu devstack@keystone.service[81922]: ERROR keystone.server.flask.application   File "/opt/stack/data/venv/lib/python3.10/site-packages/oslo_db/sqlalchemy/enginefacade.py", line 1175, in _transaction_scope
Feb 23 19:40:25 ubuntu devstack@keystone.service[81922]: ERROR keystone.server.flask.application     with current._produce_block(
Feb 23 19:40:25 ubuntu devstack@keystone.service[81922]: ERROR keystone.server.flask.application   File "/usr/lib/python3.10/contextlib.py", line 142, in __exit__
Feb 23 19:40:25 ubuntu devstack@keystone.service[81922]: ERROR keystone.server.flask.application     next(self.gen)
Feb 23 19:40:25 ubuntu devstack@keystone.service[81922]: ERROR keystone.server.flask.application   File "/opt/stack/data/venv/lib/python3.10/site-packages/oslo_db/sqlalchemy/enginefacade.py", line 837, in _session
Feb 23 19:40:25 ubuntu devstack@keystone.service[81922]: ERROR keystone.server.flask.application     with excutils.save_and_reraise_exception():
Feb 23 19:40:25 ubuntu devstack@keystone.service[81922]: ERROR keystone.server.flask.application   File "/opt/stack/data/venv/lib/python3.10/site-packages/oslo_utils/excutils.py", line 267, in __exit__
Feb 23 19:40:25 ubuntu devstack@keystone.service[81922]: ERROR keystone.server.flask.application     self.force_reraise()
Feb 23 19:40:25 ubuntu devstack@keystone.service[81922]: ERROR keystone.server.flask.application   File "/opt/stack/data/venv/lib/python3.10/site-packages/oslo_utils/excutils.py", line 233, in force_reraise
Feb 23 19:40:25 ubuntu devstack@keystone.service[81922]: ERROR keystone.server.flask.application     raise self.value
Feb 23 19:40:25 ubuntu devstack@keystone.service[81922]: ERROR keystone.server.flask.application   File "/opt/stack/data/venv/lib/python3.10/site-packages/oslo_db/sqlalchemy/enginefacade.py", line 835, in _session
Feb 23 19:40:25 ubuntu devstack@keystone.service[81922]: ERROR keystone.server.flask.application     self._end_session_transaction(self.session)
Feb 23 19:40:25 ubuntu devstack@keystone.service[81922]: ERROR keystone.server.flask.application   File "/opt/stack/data/venv/lib/python3.10/site-packages/oslo_db/sqlalchemy/enginefacade.py", line 748, in _end_session_transaction
Feb 23 19:40:25 ubuntu devstack@keystone.service[81922]: ERROR keystone.server.flask.application     session.commit()
