Mar 08 10:02:53 ubuntu neutron-server[104779]: DEBUG oslo_service.service [-] ironic.cafile                  = None {{(pid=104779) log_opt_values /opt/stack/data/venv/lib/python3.10/site-packages/oslo_config/cfg.py:2620}}
Mar 08 10:02:53 ubuntu neutron-server[104779]: DEBUG oslo_service.service [-] ironic.certfile                = None {{(pid=104779) log_opt_values /opt/stack/data/venv/lib/python3.10/site-packages/oslo_config/cfg.py:2620}}
Mar 08 10:02:53 ubuntu neutron-server[104779]: DEBUG oslo_service.service [-] ironic.collect_timing          = False {{(pid=104779) log_opt_values /opt/stack/data/venv/lib/python3.10/site-packages/oslo_config/cfg.py:2620}}
Mar 08 10:02:53 ubuntu neutron-server[104779]: DEBUG oslo_service.service [-] ironic.connect_retries         = None {{(pid=104779) log_opt_values /opt/stack/data/venv/lib/python3.10/site-packages/oslo_config/cfg.py:2620}}
Mar 08 10:02:53 ubuntu neutron-server[104779]: DEBUG oslo_service.service [-] ironic.connect_retry_delay     = None {{(pid=104779) log_opt_values /opt/stack/data/venv/lib/python3.10/site-packages/oslo_config/cfg.py:2620}}
Mar 08 10:02:53 ubuntu neutron-server[104779]: DEBUG oslo_service.service [-] ironic.enable_notifications    = False {{(pid=104779) log_opt_values /opt/stack/data/venv/lib/python3.10/site-packages/oslo_config/cfg.py:2620}}
Mar 08 10:02:53 ubuntu neutron-server[104779]: DEBUG oslo_service.service [-] ironic.endpoint_override       = None {{(pid=104779) log_opt_values /opt/stack/data/venv/lib/python3.10/site-packages/oslo_config/cfg.py:2620}}
Mar 08 10:02:53 ubuntu neutron-server[104779]: DEBUG oslo_service.service [-] ironic.insecure                = False {{(pid=104779) log_opt_values /opt/stack/data/venv/lib/python3.10/site-packages/oslo_config/cfg.py:2620}}
Mar 08 10:02:53 ubuntu neutron-server[104779]: DEBUG oslo_service.service [-] ironic.interface               = None {{(pid=104779) log_opt_values /opt/stack/data/venv/lib/python3.10/site-packages/oslo_config/cfg.py:2620}}
Mar 08 10:02:53 ubuntu neutron-server[104779]: DEBUG oslo_service.service [-] ironic.keyfile                 = None {{(pid=104779) log_opt_values /opt/stack/data/venv/lib/python3.10/site-packages/oslo_config/cfg.py:2620}}
Mar 08 10:02:53 ubuntu neutron-server[104779]: DEBUG oslo_service.service [-] ironic.max_version             = None {{(pid=104779) log_opt_values /opt/stack/data/venv/lib/python3.10/site-packages/oslo_config/cfg.py:2620}}
Mar 08 10:02:53 ubuntu neutron-server[104779]: DEBUG oslo_service.service [-] ironic.min_version             = None {{(pid=104779) log_opt_values /opt/stack/data/venv/lib/python3.10/site-packages/oslo_config/cfg.py:2620}}
Mar 08 10:02:53 ubuntu neutron-server[104779]: DEBUG oslo_service.service [-] ironic.region_name             = None {{(pid=104779) log_opt_values /opt/stack/data/venv/lib/python3.10/site-packages/oslo_config/cfg.py:2620}}
Mar 08 10:02:53 ubuntu neutron-server[104779]: DEBUG oslo_service.service [-] ironic.retriable_status_codes  = None {{(pid=104779) log_opt_values /opt/stack/data/venv/lib/python3.10/site-packages/oslo_config/cfg.py:2620}}
Mar 08 10:02:53 ubuntu neutron-server[104779]: DEBUG oslo_service.service [-] ironic.service_name            = None {{(pid=104779) log_opt_values /opt/stack/data/venv/lib/python3.10/site-packages/oslo_config/cfg.py:2620}}
Mar 08 10:02:53 ubuntu neutron-server[104779]: DEBUG oslo_service.service [-] ironic.service_type            = None {{(pid=104779) log_opt_values /opt/stack/data/venv/lib/python3.10/site-packages/oslo_config/cfg.py:2620}}
Mar 08 10:02:53 ubuntu neutron-server[104779]: DEBUG oslo_service.service [-] ironic.split_loggers           = False {{(pid=104779) log_opt_values /opt/stack/data/venv/lib/python3.10/site-packages/oslo_config/cfg.py:2620}}
Mar 08 10:02:53 ubuntu neutron-server[104779]: DEBUG oslo_service.service [-] ironic.status_code_retries     = None {{(pid=104779) log_opt_values /opt/stack/data/venv/lib/python3.10/site-packages/oslo_config/cfg.py:2620}}
Mar 08 10:02:53 ubuntu neutron-server[104779]: DEBUG oslo_service.service [-] ironic.status_code_retry_delay = None {{(pid=104779) log_opt_values /opt/stack/data/venv/lib/python3.10/site-packages/oslo_config/cfg.py:2620}}
Mar 08 10:02:53 ubuntu neutron-server[104779]: DEBUG oslo_service.service [-] ironic.timeout                 = None {{(pid=104779) log_opt_values /opt/stack/data/venv/lib/python3.10/site-packages/oslo_config/cfg.py:2620}}
Mar 08 10:02:53 ubuntu neutron-server[104779]: DEBUG oslo_service.service [-] ironic.valid_interfaces        = None {{(pid=104779) log_opt_values /opt/stack/data/venv/lib/python3.10/site-packages/oslo_config/cfg.py:2620}}
Mar 08 10:02:53 ubuntu neutron-server[104779]: DEBUG oslo_service.service [-] ironic.version                 = None {{(pid=104779) log_opt_values /opt/stack/data/venv/lib/python3.10/site-packages/oslo_config/cfg.py:2620}}
Mar 08 10:02:53 ubuntu neutron-server[104779]: DEBUG oslo_service.service [-] cli_script.dry_run             = False {{(pid=104779) log_opt_values /opt/stack/data/venv/lib/python3.10/site-packages/oslo_config/cfg.py:2620}}
Mar 08 10:02:53 ubuntu neutron-server[104779]: DEBUG oslo_service.service [-] oslo_messaging_rabbit.amqp_auto_delete = False {{(pid=104779) log_opt_values /opt/stack/data/venv/lib/python3.10/site-packages/oslo_config/cfg.py:2620}}
Mar 08 10:02:53 ubuntu neutron-server[104779]: DEBUG oslo_service.service [-] oslo_messaging_rabbit.amqp_durable_queues = False {{(pid=104779) log_opt_values /opt/stack/data/venv/lib/python3.10/site-packages/oslo_config/cfg.py:2620}}
Mar 08 10:02:53 ubuntu neutron-server[104779]: DEBUG oslo_service.service [-] oslo_messaging_rabbit.conn_pool_min_size = 2 {{(pid=104779) log_opt_values /opt/stack/data/venv/lib/python3.10/site-packages/oslo_config/cfg.py:2620}}
Mar 08 10:02:53 ubuntu neutron-server[104779]: DEBUG oslo_service.service [-] oslo_messaging_rabbit.conn_pool_ttl = 1200 {{(pid=104779) log_opt_values /opt/stack/data/venv/lib/python3.10/site-packages/oslo_config/cfg.py:2620}}
Mar 08 10:02:53 ubuntu neutron-server[104779]: DEBUG oslo_service.service [-] oslo_messaging_rabbit.direct_mandatory_flag = True {{(pid=104779) log_opt_values /opt/stack/data/venv/lib/python3.10/site-packages/oslo_config/cfg.py:2620}}
Mar 08 10:02:53 ubuntu neutron-server[104779]: DEBUG oslo_service.service [-] oslo_messaging_rabbit.enable_cancel_on_failover = False {{(pid=104779) log_opt_values /opt/stack/data/venv/lib/python3.10/site-packages/oslo_config/cfg.py:2620}}
Mar 08 10:02:53 ubuntu neutron-server[104779]: DEBUG oslo_service.service [-] oslo_messaging_rabbit.heartbeat_in_pthread = False {{(pid=104779) log_opt_values /opt/stack/data/venv/lib/python3.10/site-packages/oslo_config/cfg.py:2620}}
Mar 08 10:02:53 ubuntu neutron-server[104779]: DEBUG oslo_service.service [-] oslo_messaging_rabbit.heartbeat_rate = 3 {{(pid=104779) log_opt_values /opt/stack/data/venv/lib/python3.10/site-packages/oslo_config/cfg.py:2620}}
Mar 08 10:02:53 ubuntu neutron-server[104779]: DEBUG oslo_service.service [-] oslo_messaging_rabbit.heartbeat_timeout_threshold = 60 {{(pid=104779) log_opt_values /opt/stack/data/venv/lib/python3.10/site-packages/oslo_config/cfg.py:2620}}
Mar 08 10:02:53 ubuntu neutron-server[104779]: DEBUG oslo_service.service [-] oslo_messaging_rabbit.kombu_compression = None {{(pid=104779) log_opt_values /opt/stack/data/venv/lib/python3.10/site-packages/oslo_config/cfg.py:2620}}
Mar 08 10:02:53 ubuntu neutron-server[104779]: DEBUG oslo_service.service [-] oslo_messaging_rabbit.kombu_failover_strategy = round-robin {{(pid=104779) log_opt_values /opt/stack/data/venv/lib/python3.10/site-packages/oslo_config/cfg.py:2620}}
Mar 08 10:02:53 ubuntu neutron-server[104779]: DEBUG oslo_service.service [-] oslo_messaging_rabbit.kombu_missing_consumer_retry_timeout = 60 {{(pid=104779) log_opt_values /opt/stack/data/venv/lib/python3.10/site-packages/oslo_config/cfg.py:2620}}
Mar 08 10:02:53 ubuntu neutron-server[104779]: DEBUG oslo_service.service [-] oslo_messaging_rabbit.kombu_reconnect_delay = 1.0 {{(pid=104779) log_opt_values /opt/stack/data/venv/lib/python3.10/site-packages/oslo_config/cfg.py:2620}}
Mar 08 10:02:53 ubuntu neutron-server[104779]: DEBUG oslo_service.service [-] oslo_messaging_rabbit.rabbit_ha_queues = False {{(pid=104779) log_opt_values /opt/stack/data/venv/lib/python3.10/site-packages/oslo_config/cfg.py:2620}}
Mar 08 10:02:53 ubuntu neutron-server[104779]: DEBUG oslo_service.service [-] oslo_messaging_rabbit.rabbit_interval_max = 30 {{(pid=104779) log_opt_values /opt/stack/data/venv/lib/python3.10/site-packages/oslo_config/cfg.py:2620}}
Mar 08 10:02:53 ubuntu neutron-server[104779]: DEBUG oslo_service.service [-] oslo_messaging_rabbit.rabbit_login_method = AMQPLAIN {{(pid=104779) log_opt_values /opt/stack/data/venv/lib/python3.10/site-packages/oslo_config/cfg.py:2620}}
Mar 08 10:02:53 ubuntu neutron-server[104779]: DEBUG oslo_service.service [-] oslo_messaging_rabbit.rabbit_qos_prefetch_count = 0 {{(pid=104779) log_opt_values /opt/stack/data/venv/lib/python3.10/site-packages/oslo_config/cfg.py:2620}}
Mar 08 10:02:53 ubuntu neutron-server[104779]: DEBUG oslo_service.service [-] oslo_messaging_rabbit.rabbit_quorum_delivery_limit = 0 {{(pid=104779) log_opt_values /opt/stack/data/venv/lib/python3.10/site-packages/oslo_config/cfg.py:2620}}
Mar 08 10:02:53 ubuntu neutron-server[104779]: DEBUG oslo_service.service [-] oslo_messaging_rabbit.rabbit_quorum_max_memory_bytes = 0 {{(pid=104779) log_opt_values /opt/stack/data/venv/lib/python3.10/site-packages/oslo_config/cfg.py:2620}}
Mar 08 10:02:53 ubuntu neutron-server[104779]: DEBUG oslo_service.service [-] oslo_messaging_rabbit.rabbit_quorum_max_memory_length = 0 {{(pid=104779) log_opt_values /opt/stack/data/venv/lib/python3.10/site-packages/oslo_config/cfg.py:2620}}
Mar 08 10:02:53 ubuntu neutron-server[104779]: DEBUG oslo_service.service [-] oslo_messaging_rabbit.rabbit_quorum_queue = False {{(pid=104779) log_opt_values /opt/stack/data/venv/lib/python3.10/site-packages/oslo_config/cfg.py:2620}}
Mar 08 10:02:53 ubuntu neutron-server[104779]: DEBUG oslo_service.service [-] oslo_messaging_rabbit.rabbit_retry_backoff = 2 {{(pid=104779) log_opt_values /opt/stack/data/venv/lib/python3.10/site-packages/oslo_config/cfg.py:2620}}
Mar 08 10:02:53 ubuntu neutron-server[104779]: DEBUG oslo_service.service [-] oslo_messaging_rabbit.rabbit_retry_interval = 1 {{(pid=104779) log_opt_values /opt/stack/data/venv/lib/python3.10/site-packages/oslo_config/cfg.py:2620}}
Mar 08 10:02:53 ubuntu neutron-server[104779]: DEBUG oslo_service.service [-] oslo_messaging_rabbit.rabbit_transient_queues_ttl = 1800 {{(pid=104779) log_opt_values /opt/stack/data/venv/lib/python3.10/site-packages/oslo_config/cfg.py:2620}}
Mar 08 10:02:53 ubuntu neutron-server[104779]: DEBUG oslo_service.service [-] oslo_messaging_rabbit.rpc_conn_pool_size = 30 {{(pid=104779) log_opt_values /opt/stack/data/venv/lib/python3.10/site-packages/oslo_config/cfg.py:2620}}
Mar 08 10:02:53 ubuntu neutron-server[104779]: DEBUG oslo_service.service [-] oslo_messaging_rabbit.ssl      = False {{(pid=104779) log_opt_values /opt/stack/data/venv/lib/python3.10/site-packages/oslo_config/cfg.py:2620}}
Mar 08 10:02:53 ubuntu neutron-server[104779]: DEBUG oslo_service.service [-] oslo_messaging_rabbit.ssl_ca_file =  {{(pid=104779) log_opt_values /opt/stack/data/venv/lib/python3.10/site-packages/oslo_config/cfg.py:2620}}
Mar 08 10:02:53 ubuntu neutron-server[104779]: DEBUG oslo_service.service [-] oslo_messaging_rabbit.ssl_cert_file =  {{(pid=104779) log_opt_values /opt/stack/data/venv/lib/python3.10/site-packages/oslo_config/cfg.py:2620}}
Mar 08 10:02:53 ubuntu neutron-server[104779]: DEBUG oslo_service.service [-] oslo_messaging_rabbit.ssl_enforce_fips_mode = False {{(pid=104779) log_opt_values /opt/stack/data/venv/lib/python3.10/site-packages/oslo_config/cfg.py:2620}}
Mar 08 10:02:53 ubuntu neutron-server[104779]: DEBUG oslo_service.service [-] oslo_messaging_rabbit.ssl_key_file =  {{(pid=104779) log_opt_values /opt/stack/data/venv/lib/python3.10/site-packages/oslo_config/cfg.py:2620}}
Mar 08 10:02:53 ubuntu neutron-server[104779]: DEBUG oslo_service.service [-] oslo_messaging_rabbit.ssl_version =  {{(pid=104779) log_opt_values /opt/stack/data/venv/lib/python3.10/site-packages/oslo_config/cfg.py:2620}}
Mar 08 10:02:53 ubuntu neutron-server[104779]: DEBUG oslo_service.service [-] oslo_messaging_notifications.driver = [] {{(pid=104779) log_opt_values /opt/stack/data/venv/lib/python3.10/site-packages/oslo_config/cfg.py:2620}}
Mar 08 10:02:53 ubuntu neutron-server[104779]: DEBUG oslo_service.service [-] oslo_messaging_notifications.retry = -1 {{(pid=104779) log_opt_values /opt/stack/data/venv/lib/python3.10/site-packages/oslo_config/cfg.py:2620}}
Mar 08 10:02:53 ubuntu neutron-server[104779]: DEBUG oslo_service.service [-] oslo_messaging_notifications.topics = ['notifications'] {{(pid=104779) log_opt_values /opt/stack/data/venv/lib/python3.10/site-packages/oslo_config/cfg.py:2620}}
Mar 08 10:02:53 ubuntu neutron-server[104779]: DEBUG oslo_service.service [-] oslo_messaging_notifications.transport_url = **** {{(pid=104779) log_opt_values /opt/stack/data/venv/lib/python3.10/site-packages/oslo_config/cfg.py:2620}}
Mar 08 10:02:53 ubuntu neutron-server[104779]: DEBUG oslo_service.service [-] oslo_reports.file_event_handler = None {{(pid=104779) log_opt_values /opt/stack/data/venv/lib/python3.10/site-packages/oslo_config/cfg.py:2620}}
Mar 08 10:02:53 ubuntu neutron-server[104779]: DEBUG oslo_service.service [-] oslo_reports.file_event_handler_interval = 1 {{(pid=104779) log_opt_values /opt/stack/data/venv/lib/python3.10/site-packages/oslo_config/cfg.py:2620}}
Mar 08 10:02:53 ubuntu neutron-server[104779]: DEBUG oslo_service.service [-] oslo_reports.log_dir           = None {{(pid=104779) log_opt_values /opt/stack/data/venv/lib/python3.10/site-packages/oslo_config/cfg.py:2620}}
Mar 08 10:02:53 ubuntu neutron-server[104779]: DEBUG oslo_service.service [-] oslo_versionedobjects.fatal_exception_format_errors = False {{(pid=104779) log_opt_values /opt/stack/data/venv/lib/python3.10/site-packages/oslo_config/cfg.py:2620}}
Mar 08 10:02:53 ubuntu neutron-server[104779]: DEBUG oslo_service.service [-] QUOTAS.default_quota           = -1 {{(pid=104779) log_opt_values /opt/stack/data/venv/lib/python3.10/site-packages/oslo_config/cfg.py:2620}}
Mar 08 10:02:53 ubuntu neutron-server[104779]: DEBUG oslo_service.service [-] QUOTAS.quota_driver            = neutron.db.quota.driver_nolock.DbQuotaNoLockDriver {{(pid=104779) log_opt_values /opt/stack/data/venv/lib/python3.10/site-packages/oslo_config/cfg.py:2620}}
Mar 08 10:02:53 ubuntu neutron-server[104779]: DEBUG oslo_service.service [-] QUOTAS.quota_floatingip        = 50 {{(pid=104779) log_opt_values /opt/stack/data/venv/lib/python3.10/site-packages/oslo_config/cfg.py:2620}}
Mar 08 10:02:53 ubuntu neutron-server[104779]: DEBUG oslo_service.service [-] QUOTAS.quota_network           = 100 {{(pid=104779) log_opt_values /opt/stack/data/venv/lib/python3.10/site-packages/oslo_config/cfg.py:2620}}
Mar 08 10:02:53 ubuntu neutron-server[104779]: DEBUG oslo_service.service [-] QUOTAS.quota_port              = 500 {{(pid=104779) log_opt_values /opt/stack/data/venv/lib/python3.10/site-packages/oslo_config/cfg.py:2620}}
Mar 08 10:02:53 ubuntu neutron-server[104779]: DEBUG oslo_service.service [-] QUOTAS.quota_rbac_policy       = 10 {{(pid=104779) log_opt_values /opt/stack/data/venv/lib/python3.10/site-packages/oslo_config/cfg.py:2620}}
Mar 08 10:02:53 ubuntu neutron-server[104779]: DEBUG oslo_service.service [-] QUOTAS.quota_router            = 10 {{(pid=104779) log_opt_values /opt/stack/data/venv/lib/python3.10/site-packages/oslo_config/cfg.py:2620}}
Mar 08 10:02:53 ubuntu neutron-server[104779]: DEBUG oslo_service.service [-] QUOTAS.quota_security_group    = 10 {{(pid=104779) log_opt_values /opt/stack/data/venv/lib/python3.10/site-packages/oslo_config/cfg.py:2620}}
Mar 08 10:02:53 ubuntu neutron-server[104779]: DEBUG oslo_service.service [-] QUOTAS.quota_security_group_rule = 100 {{(pid=104779) log_opt_values /opt/stack/data/venv/lib/python3.10/site-packages/oslo_config/cfg.py:2620}}
Mar 08 10:02:53 ubuntu neutron-server[104779]: DEBUG oslo_service.service [-] QUOTAS.quota_subnet            = 100 {{(pid=104779) log_opt_values /opt/stack/data/venv/lib/python3.10/site-packages/oslo_config/cfg.py:2620}}
Mar 08 10:02:53 ubuntu neutron-server[104779]: DEBUG oslo_service.service [-] QUOTAS.track_quota_usage       = True {{(pid=104779) log_opt_values /opt/stack/data/venv/lib/python3.10/site-packages/oslo_config/cfg.py:2620}}
Mar 08 10:02:53 ubuntu neutron-server[104779]: DEBUG oslo_service.service [-] healthcheck.allowed_source_ranges = [] {{(pid=104779) log_opt_values /opt/stack/data/venv/lib/python3.10/site-packages/oslo_config/cfg.py:2620}}
Mar 08 10:02:53 ubuntu neutron-server[104779]: DEBUG oslo_service.service [-] healthcheck.backends           = ['disable_by_file'] {{(pid=104779) log_opt_values /opt/stack/data/venv/lib/python3.10/site-packages/oslo_config/cfg.py:2620}}
Mar 08 10:02:53 ubuntu neutron-server[104779]: DEBUG oslo_service.service [-] healthcheck.detailed           = False {{(pid=104779) log_opt_values /opt/stack/data/venv/lib/python3.10/site-packages/oslo_config/cfg.py:2620}}
Mar 08 10:02:53 ubuntu neutron-server[104779]: DEBUG oslo_service.service [-] healthcheck.disable_by_file_path = None {{(pid=104779) log_opt_values /opt/stack/data/venv/lib/python3.10/site-packages/oslo_config/cfg.py:2620}}
Mar 08 10:02:53 ubuntu neutron-server[104779]: DEBUG oslo_service.service [-] healthcheck.ignore_proxied_requests = False {{(pid=104779) log_opt_values /opt/stack/data/venv/lib/python3.10/site-packages/oslo_config/cfg.py:2620}}
Mar 08 10:02:53 ubuntu neutron-server[104779]: DEBUG oslo_service.service [-] healthcheck.path               = /healthcheck {{(pid=104779) log_opt_values /opt/stack/data/venv/lib/python3.10/site-packages/oslo_config/cfg.py:2620}}
Mar 08 10:02:53 ubuntu neutron-server[104779]: DEBUG oslo_service.service [-] keystone_authtoken.admin_password = **** {{(pid=104779) log_opt_values /opt/stack/data/venv/lib/python3.10/site-packages/oslo_config/cfg.py:2620}}
Mar 08 10:02:53 ubuntu neutron-server[104779]: DEBUG oslo_service.service [-] keystone_authtoken.admin_tenant_name = admin {{(pid=104779) log_opt_values /opt/stack/data/venv/lib/python3.10/site-packages/oslo_config/cfg.py:2620}}
Mar 08 10:02:53 ubuntu neutron-server[104779]: DEBUG oslo_service.service [-] keystone_authtoken.admin_token = **** {{(pid=104779) log_opt_values /opt/stack/data/venv/lib/python3.10/site-packages/oslo_config/cfg.py:2620}}
Mar 08 10:02:53 ubuntu neutron-server[104779]: DEBUG oslo_service.service [-] keystone_authtoken.admin_user  = None {{(pid=104779) log_opt_values /opt/stack/data/venv/lib/python3.10/site-packages/oslo_config/cfg.py:2620}}
Mar 08 10:02:53 ubuntu neutron-server[104779]: DEBUG oslo_service.service [-] keystone_authtoken.auth_admin_prefix =  {{(pid=104779) log_opt_values /opt/stack/data/venv/lib/python3.10/site-packages/oslo_config/cfg.py:2620}}
Mar 08 10:02:53 ubuntu neutron-server[104779]: DEBUG oslo_service.service [-] keystone_authtoken.auth_host   = 127.0.0.1 {{(pid=104779) log_opt_values /opt/stack/data/venv/lib/python3.10/site-packages/oslo_config/cfg.py:2620}}
Mar 08 10:02:53 ubuntu neutron-server[104779]: DEBUG oslo_service.service [-] keystone_authtoken.auth_port   = 35357 {{(pid=104779) log_opt_values /opt/stack/data/venv/lib/python3.10/site-packages/oslo_config/cfg.py:2620}}
Mar 08 10:02:53 ubuntu neutron-server[104779]: DEBUG oslo_service.service [-] keystone_authtoken.auth_protocol = https {{(pid=104779) log_opt_values /opt/stack/data/venv/lib/python3.10/site-packages/oslo_config/cfg.py:2620}}
Mar 08 10:02:53 ubuntu neutron-server[104779]: DEBUG oslo_service.service [-] keystone_authtoken.auth_section = None {{(pid=104779) log_opt_values /opt/stack/data/venv/lib/python3.10/site-packages/oslo_config/cfg.py:2620}}
Mar 08 10:02:53 ubuntu neutron-server[104779]: DEBUG oslo_service.service [-] keystone_authtoken.auth_type   = password {{(pid=104779) log_opt_values /opt/stack/data/venv/lib/python3.10/site-packages/oslo_config/cfg.py:2620}}
Mar 08 10:02:53 ubuntu neutron-server[104779]: DEBUG oslo_service.service [-] keystone_authtoken.auth_uri    = None {{(pid=104779) log_opt_values /opt/stack/data/venv/lib/python3.10/site-packages/oslo_config/cfg.py:2620}}
Mar 08 10:02:53 ubuntu neutron-server[104779]: DEBUG oslo_service.service [-] keystone_authtoken.auth_url    = http://10.201.5.82/identity {{(pid=104779) log_opt_values /opt/stack/data/venv/lib/python3.10/site-packages/oslo_config/cfg.py:2620}}
Mar 08 10:02:53 ubuntu neutron-server[104779]: DEBUG oslo_service.service [-] keystone_authtoken.auth_version = None {{(pid=104779) log_opt_values /opt/stack/data/venv/lib/python3.10/site-packages/oslo_config/cfg.py:2620}}
Mar 08 10:02:53 ubuntu neutron-server[104779]: DEBUG oslo_service.service [-] keystone_authtoken.cache       = None {{(pid=104779) log_opt_values /opt/stack/data/venv/lib/python3.10/site-packages/oslo_config/cfg.py:2620}}
Mar 08 10:02:53 ubuntu neutron-server[104779]: DEBUG oslo_service.service [-] keystone_authtoken.cafile      = /opt/stack/data/ca-bundle.pem {{(pid=104779) log_opt_values /opt/stack/data/venv/lib/python3.10/site-packages/oslo_config/cfg.py:2620}}
Mar 08 10:02:53 ubuntu neutron-server[104779]: DEBUG oslo_service.service [-] keystone_authtoken.certfile    = None {{(pid=104779) log_opt_values /opt/stack/data/venv/lib/python3.10/site-packages/oslo_config/cfg.py:2620}}
Mar 08 10:02:53 ubuntu neutron-server[104779]: DEBUG oslo_service.service [-] keystone_authtoken.default_domain_id = None {{(pid=104779) log_opt_values /opt/stack/data/venv/lib/python3.10/site-packages/oslo_config/cfg.py:2620}}
Mar 08 10:02:53 ubuntu neutron-server[104779]: DEBUG oslo_service.service [-] keystone_authtoken.default_domain_name = None {{(pid=104779) log_opt_values /opt/stack/data/venv/lib/python3.10/site-packages/oslo_config/cfg.py:2620}}
Mar 08 10:02:53 ubuntu neutron-server[104779]: DEBUG oslo_service.service [-] keystone_authtoken.delay_auth_decision = False {{(pid=104779) log_opt_values /opt/stack/data/venv/lib/python3.10/site-packages/oslo_config/cfg.py:2620}}
Mar 08 10:02:53 ubuntu neutron-server[104779]: DEBUG oslo_service.service [-] keystone_authtoken.domain_id   = None {{(pid=104779) log_opt_values /opt/stack/data/venv/lib/python3.10/site-packages/oslo_config/cfg.py:2620}}
Mar 08 10:02:53 ubuntu neutron-server[104779]: DEBUG oslo_service.service [-] keystone_authtoken.domain_name = None {{(pid=104779) log_opt_values /opt/stack/data/venv/lib/python3.10/site-packages/oslo_config/cfg.py:2620}}
Mar 08 10:02:53 ubuntu neutron-server[104779]: DEBUG oslo_service.service [-] keystone_authtoken.enforce_token_bind = permissive {{(pid=104779) log_opt_values /opt/stack/data/venv/lib/python3.10/site-packages/oslo_config/cfg.py:2620}}
Mar 08 10:02:53 ubuntu neutron-server[104779]: DEBUG oslo_service.service [-] keystone_authtoken.http_connect_timeout = None {{(pid=104779) log_opt_values /opt/stack/data/venv/lib/python3.10/site-packages/oslo_config/cfg.py:2620}}
Mar 08 10:02:53 ubuntu neutron-server[104779]: DEBUG oslo_service.service [-] keystone_authtoken.http_request_max_retries = 3 {{(pid=104779) log_opt_values /opt/stack/data/venv/lib/python3.10/site-packages/oslo_config/cfg.py:2620}}
Mar 08 10:02:53 ubuntu neutron-server[104779]: DEBUG oslo_service.service [-] keystone_authtoken.identity_uri = None {{(pid=104779) log_opt_values /opt/stack/data/venv/lib/python3.10/site-packages/oslo_config/cfg.py:2620}}
Mar 08 10:02:53 ubuntu neutron-server[104779]: DEBUG oslo_service.service [-] keystone_authtoken.include_service_catalog = True {{(pid=104779) log_opt_values /opt/stack/data/venv/lib/python3.10/site-packages/oslo_config/cfg.py:2620}}
Mar 08 10:02:53 ubuntu neutron-server[104779]: DEBUG oslo_service.service [-] keystone_authtoken.insecure    = False {{(pid=104779) log_opt_values /opt/stack/data/venv/lib/python3.10/site-packages/oslo_config/cfg.py:2620}}
Mar 08 10:02:53 ubuntu neutron-server[104779]: DEBUG oslo_service.service [-] keystone_authtoken.interface   = public {{(pid=104779) log_opt_values /opt/stack/data/venv/lib/python3.10/site-packages/oslo_config/cfg.py:2620}}
Mar 08 10:02:53 ubuntu neutron-server[104779]: DEBUG oslo_service.service [-] keystone_authtoken.keyfile     = None {{(pid=104779) log_opt_values /opt/stack/data/venv/lib/python3.10/site-packages/oslo_config/cfg.py:2620}}
Mar 08 10:02:53 ubuntu neutron-server[104779]: DEBUG oslo_service.service [-] keystone_authtoken.memcache_pool_conn_get_timeout = 10 {{(pid=104779) log_opt_values /opt/stack/data/venv/lib/python3.10/site-packages/oslo_config/cfg.py:2620}}
Mar 08 10:02:53 ubuntu neutron-server[104779]: DEBUG oslo_service.service [-] keystone_authtoken.memcache_pool_dead_retry = 300 {{(pid=104779) log_opt_values /opt/stack/data/venv/lib/python3.10/site-packages/oslo_config/cfg.py:2620}}
Mar 08 10:02:53 ubuntu neutron-server[104779]: DEBUG oslo_service.service [-] keystone_authtoken.memcache_pool_maxsize = 10 {{(pid=104779) log_opt_values /opt/stack/data/venv/lib/python3.10/site-packages/oslo_config/cfg.py:2620}}
Mar 08 10:02:53 ubuntu neutron-server[104779]: DEBUG oslo_service.service [-] keystone_authtoken.memcache_pool_socket_timeout = 3 {{(pid=104779) log_opt_values /opt/stack/data/venv/lib/python3.10/site-packages/oslo_config/cfg.py:2620}}
Mar 08 10:02:53 ubuntu neutron-server[104779]: DEBUG oslo_service.service [-] keystone_authtoken.memcache_pool_unused_timeout = 60 {{(pid=104779) log_opt_values /opt/stack/data/venv/lib/python3.10/site-packages/oslo_config/cfg.py:2620}}
Mar 08 10:02:53 ubuntu neutron-server[104779]: DEBUG oslo_service.service [-] keystone_authtoken.memcache_secret_key = **** {{(pid=104779) log_opt_values /opt/stack/data/venv/lib/python3.10/site-packages/oslo_config/cfg.py:2620}}
Mar 08 10:02:53 ubuntu neutron-server[104779]: DEBUG oslo_service.service [-] keystone_authtoken.memcache_security_strategy = None {{(pid=104779) log_opt_values /opt/stack/data/venv/lib/python3.10/site-packages/oslo_config/cfg.py:2620}}
Mar 08 10:02:53 ubuntu neutron-server[104965]: DEBUG ovsdbapp.backend.ovs_idl [None req-f89acc5b-eeef-4280-bfa9-59332f239e62 None None] Created lookup_table index Logical_Switch.name {{(pid=104965) autocreate_indices /opt/stack/data/venv/lib/python3.10/site-packages/ovsdbapp/backend/ovs_idl/__init__.py:87}}
Mar 08 10:02:53 ubuntu neutron-server[104779]: DEBUG oslo_service.service [-] keystone_authtoken.memcache_use_advanced_pool = True {{(pid=104779) log_opt_values /opt/stack/data/venv/lib/python3.10/site-packages/oslo_config/cfg.py:2620}}
Mar 08 10:02:53 ubuntu neutron-server[104965]: DEBUG ovsdbapp.backend.ovs_idl [None req-f89acc5b-eeef-4280-bfa9-59332f239e62 None None] Created lookup_table index Logical_Router.name {{(pid=104965) autocreate_indices /opt/stack/data/venv/lib/python3.10/site-packages/ovsdbapp/backend/ovs_idl/__init__.py:87}}
Mar 08 10:02:53 ubuntu neutron-server[104779]: DEBUG oslo_service.service [-] keystone_authtoken.memcached_servers = ['localhost:11211'] {{(pid=104779) log_opt_values /opt/stack/data/venv/lib/python3.10/site-packages/oslo_config/cfg.py:2620}}
Mar 08 10:02:53 ubuntu neutron-server[104779]: DEBUG oslo_service.service [-] keystone_authtoken.password    = **** {{(pid=104779) log_opt_values /opt/stack/data/venv/lib/python3.10/site-packages/oslo_config/cfg.py:2620}}
Mar 08 10:02:53 ubuntu neutron-server[104965]: DEBUG ovsdbapp.backend.ovs_idl [None req-f89acc5b-eeef-4280-bfa9-59332f239e62 None None] Created lookup_table index Load_Balancer.name {{(pid=104965) autocreate_indices /opt/stack/data/venv/lib/python3.10/site-packages/ovsdbapp/backend/ovs_idl/__init__.py:87}}
Mar 08 10:02:53 ubuntu neutron-server[104968]: DEBUG ovsdbapp.backend.ovs_idl [None req-0d9a7687-45be-45ea-85cb-7b9d4504109b None None] Created lookup_table index Logical_Switch.name {{(pid=104968) autocreate_indices /opt/stack/data/venv/lib/python3.10/site-packages/ovsdbapp/backend/ovs_idl/__init__.py:87}}
Mar 08 10:02:53 ubuntu neutron-server[104779]: DEBUG oslo_service.service [-] keystone_authtoken.project_domain_id = None {{(pid=104779) log_opt_values /opt/stack/data/venv/lib/python3.10/site-packages/oslo_config/cfg.py:2620}}
Mar 08 10:02:53 ubuntu neutron-server[104965]: DEBUG ovsdbapp.backend.ovs_idl [None req-f89acc5b-eeef-4280-bfa9-59332f239e62 None None] Created schema index Copp.name {{(pid=104965) autocreate_indices /opt/stack/data/venv/lib/python3.10/site-packages/ovsdbapp/backend/ovs_idl/__init__.py:106}}
Mar 08 10:02:53 ubuntu neutron-server[104779]: DEBUG oslo_service.service [-] keystone_authtoken.project_domain_name = Default {{(pid=104779) log_opt_values /opt/stack/data/venv/lib/python3.10/site-packages/oslo_config/cfg.py:2620}}
Mar 08 10:02:53 ubuntu neutron-server[104968]: DEBUG ovsdbapp.backend.ovs_idl [None req-0d9a7687-45be-45ea-85cb-7b9d4504109b None None] Created lookup_table index Logical_Router.name {{(pid=104968) autocreate_indices /opt/stack/data/venv/lib/python3.10/site-packages/ovsdbapp/backend/ovs_idl/__init__.py:87}}
Mar 08 10:02:53 ubuntu neutron-server[104965]: DEBUG ovsdbapp.backend.ovs_idl [None req-f89acc5b-eeef-4280-bfa9-59332f239e62 None None] Created schema index Meter.name {{(pid=104965) autocreate_indices /opt/stack/data/venv/lib/python3.10/site-packages/ovsdbapp/backend/ovs_idl/__init__.py:106}}
Mar 08 10:02:53 ubuntu neutron-server[104779]: DEBUG oslo_service.service [-] keystone_authtoken.project_id  = None {{(pid=104779) log_opt_values /opt/stack/data/venv/lib/python3.10/site-packages/oslo_config/cfg.py:2620}}
Mar 08 10:02:53 ubuntu neutron-server[104968]: DEBUG ovsdbapp.backend.ovs_idl [None req-0d9a7687-45be-45ea-85cb-7b9d4504109b None None] Created lookup_table index Load_Balancer.name {{(pid=104968) autocreate_indices /opt/stack/data/venv/lib/python3.10/site-packages/ovsdbapp/backend/ovs_idl/__init__.py:87}}
Mar 08 10:02:53 ubuntu neutron-server[104965]: DEBUG ovsdbapp.backend.ovs_idl [None req-f89acc5b-eeef-4280-bfa9-59332f239e62 None None] Created schema index Load_Balancer_Group.name {{(pid=104965) autocreate_indices /opt/stack/data/venv/lib/python3.10/site-packages/ovsdbapp/backend/ovs_idl/__init__.py:106}}
Mar 08 10:02:53 ubuntu neutron-server[104779]: DEBUG oslo_service.service [-] keystone_authtoken.project_name = service {{(pid=104779) log_opt_values /opt/stack/data/venv/lib/python3.10/site-packages/oslo_config/cfg.py:2620}}
Mar 08 10:02:53 ubuntu neutron-server[104965]: DEBUG ovsdbapp.backend.ovs_idl [None req-f89acc5b-eeef-4280-bfa9-59332f239e62 None None] Created schema index HA_Chassis_Group.name {{(pid=104965) autocreate_indices /opt/stack/data/venv/lib/python3.10/site-packages/ovsdbapp/backend/ovs_idl/__init__.py:106}}
Mar 08 10:02:53 ubuntu neutron-server[104968]: DEBUG ovsdbapp.backend.ovs_idl [None req-0d9a7687-45be-45ea-85cb-7b9d4504109b None None] Created schema index Copp.name {{(pid=104968) autocreate_indices /opt/stack/data/venv/lib/python3.10/site-packages/ovsdbapp/backend/ovs_idl/__init__.py:106}}
Mar 08 10:02:53 ubuntu neutron-server[104779]: DEBUG oslo_service.service [-] keystone_authtoken.region_name = None {{(pid=104779) log_opt_values /opt/stack/data/venv/lib/python3.10/site-packages/oslo_config/cfg.py:2620}}
Mar 08 10:02:53 ubuntu neutron-server[104779]: DEBUG oslo_service.service [-] keystone_authtoken.service_token_roles = ['service'] {{(pid=104779) log_opt_values /opt/stack/data/venv/lib/python3.10/site-packages/oslo_config/cfg.py:2620}}
Mar 08 10:02:53 ubuntu neutron-server[104965]: DEBUG ovsdbapp.backend.ovs_idl [None req-f89acc5b-eeef-4280-bfa9-59332f239e62 None None] Created schema index Address_Set.name {{(pid=104965) autocreate_indices /opt/stack/data/venv/lib/python3.10/site-packages/ovsdbapp/backend/ovs_idl/__init__.py:106}}
Mar 08 10:02:53 ubuntu neutron-server[104968]: DEBUG ovsdbapp.backend.ovs_idl [None req-0d9a7687-45be-45ea-85cb-7b9d4504109b None None] Created schema index Meter.name {{(pid=104968) autocreate_indices /opt/stack/data/venv/lib/python3.10/site-packages/ovsdbapp/backend/ovs_idl/__init__.py:106}}
Mar 08 10:02:53 ubuntu neutron-server[104779]: DEBUG oslo_service.service [-] keystone_authtoken.service_token_roles_required = False {{(pid=104779) log_opt_values /opt/stack/data/venv/lib/python3.10/site-packages/oslo_config/cfg.py:2620}}
Mar 08 10:02:53 ubuntu neutron-server[104965]: DEBUG ovsdbapp.backend.ovs_idl [None req-f89acc5b-eeef-4280-bfa9-59332f239e62 None None] Created schema index Connection.target {{(pid=104965) autocreate_indices /opt/stack/data/venv/lib/python3.10/site-packages/ovsdbapp/backend/ovs_idl/__init__.py:106}}
Mar 08 10:02:53 ubuntu neutron-server[104779]: DEBUG oslo_service.service [-] keystone_authtoken.service_type = None {{(pid=104779) log_opt_values /opt/stack/data/venv/lib/python3.10/site-packages/oslo_config/cfg.py:2620}}
Mar 08 10:02:53 ubuntu neutron-server[104968]: DEBUG ovsdbapp.backend.ovs_idl [None req-0d9a7687-45be-45ea-85cb-7b9d4504109b None None] Created schema index Load_Balancer_Group.name {{(pid=104968) autocreate_indices /opt/stack/data/venv/lib/python3.10/site-packages/ovsdbapp/backend/ovs_idl/__init__.py:106}}
Mar 08 10:02:53 ubuntu neutron-server[104779]: DEBUG oslo_service.service [-] keystone_authtoken.system_scope = None {{(pid=104779) log_opt_values /opt/stack/data/venv/lib/python3.10/site-packages/oslo_config/cfg.py:2620}}
Mar 08 10:02:53 ubuntu neutron-server[104965]: DEBUG ovsdbapp.backend.ovs_idl [None req-f89acc5b-eeef-4280-bfa9-59332f239e62 None None] Created schema index Gateway_Chassis.name {{(pid=104965) autocreate_indices /opt/stack/data/venv/lib/python3.10/site-packages/ovsdbapp/backend/ovs_idl/__init__.py:106}}
Mar 08 10:02:53 ubuntu neutron-server[104968]: DEBUG ovsdbapp.backend.ovs_idl [None req-0d9a7687-45be-45ea-85cb-7b9d4504109b None None] Created schema index HA_Chassis_Group.name {{(pid=104968) autocreate_indices /opt/stack/data/venv/lib/python3.10/site-packages/ovsdbapp/backend/ovs_idl/__init__.py:106}}
Mar 08 10:02:53 ubuntu neutron-server[104779]: DEBUG oslo_service.service [-] keystone_authtoken.token_cache_time = 300 {{(pid=104779) log_opt_values /opt/stack/data/venv/lib/python3.10/site-packages/oslo_config/cfg.py:2620}}
Mar 08 10:02:53 ubuntu neutron-server[104965]: DEBUG ovsdbapp.backend.ovs_idl [None req-f89acc5b-eeef-4280-bfa9-59332f239e62 None None] Created schema index Logical_Router_Port.name {{(pid=104965) autocreate_indices /opt/stack/data/venv/lib/python3.10/site-packages/ovsdbapp/backend/ovs_idl/__init__.py:106}}
Mar 08 10:02:53 ubuntu neutron-server[104968]: DEBUG ovsdbapp.backend.ovs_idl [None req-0d9a7687-45be-45ea-85cb-7b9d4504109b None None] Created schema index Address_Set.name {{(pid=104968) autocreate_indices /opt/stack/data/venv/lib/python3.10/site-packages/ovsdbapp/backend/ovs_idl/__init__.py:106}}
Mar 08 10:02:53 ubuntu neutron-server[104965]: DEBUG ovsdbapp.backend.ovs_idl [None req-f89acc5b-eeef-4280-bfa9-59332f239e62 None None] Created schema index Port_Group.name {{(pid=104965) autocreate_indices /opt/stack/data/venv/lib/python3.10/site-packages/ovsdbapp/backend/ovs_idl/__init__.py:106}}
Mar 08 10:02:53 ubuntu neutron-server[104779]: DEBUG oslo_service.service [-] keystone_authtoken.trust_id    = None {{(pid=104779) log_opt_values /opt/stack/data/venv/lib/python3.10/site-packages/oslo_config/cfg.py:2620}}
Mar 08 10:02:53 ubuntu neutron-server[104968]: DEBUG ovsdbapp.backend.ovs_idl [None req-0d9a7687-45be-45ea-85cb-7b9d4504109b None None] Created schema index Connection.target {{(pid=104968) autocreate_indices /opt/stack/data/venv/lib/python3.10/site-packages/ovsdbapp/backend/ovs_idl/__init__.py:106}}
Mar 08 10:02:53 ubuntu neutron-server[104779]: DEBUG oslo_service.service [-] keystone_authtoken.user_domain_id = None {{(pid=104779) log_opt_values /opt/stack/data/venv/lib/python3.10/site-packages/oslo_config/cfg.py:2620}}
Mar 08 10:02:53 ubuntu neutron-server[104965]: DEBUG ovsdbapp.backend.ovs_idl [None req-f89acc5b-eeef-4280-bfa9-59332f239e62 None None] Created schema index Logical_Switch_Port.name {{(pid=104965) autocreate_indices /opt/stack/data/venv/lib/python3.10/site-packages/ovsdbapp/backend/ovs_idl/__init__.py:106}}
Mar 08 10:02:53 ubuntu neutron-server[104968]: DEBUG ovsdbapp.backend.ovs_idl [None req-0d9a7687-45be-45ea-85cb-7b9d4504109b None None] Created schema index Gateway_Chassis.name {{(pid=104968) autocreate_indices /opt/stack/data/venv/lib/python3.10/site-packages/ovsdbapp/backend/ovs_idl/__init__.py:106}}
Mar 08 10:02:53 ubuntu neutron-server[104779]: DEBUG oslo_service.service [-] keystone_authtoken.user_domain_name = Default {{(pid=104779) log_opt_values /opt/stack/data/venv/lib/python3.10/site-packages/oslo_config/cfg.py:2620}}
Mar 08 10:02:53 ubuntu neutron-server[104779]: DEBUG oslo_service.service [-] keystone_authtoken.user_id     = None {{(pid=104779) log_opt_values /opt/stack/data/venv/lib/python3.10/site-packages/oslo_config/cfg.py:2620}}
Mar 08 10:02:53 ubuntu neutron-server[104968]: DEBUG ovsdbapp.backend.ovs_idl [None req-0d9a7687-45be-45ea-85cb-7b9d4504109b None None] Created schema index Logical_Router_Port.name {{(pid=104968) autocreate_indices /opt/stack/data/venv/lib/python3.10/site-packages/ovsdbapp/backend/ovs_idl/__init__.py:106}}
Mar 08 10:02:53 ubuntu neutron-server[104779]: DEBUG oslo_service.service [-] keystone_authtoken.username    = neutron {{(pid=104779) log_opt_values /opt/stack/data/venv/lib/python3.10/site-packages/oslo_config/cfg.py:2620}}
Mar 08 10:02:53 ubuntu neutron-server[104968]: DEBUG ovsdbapp.backend.ovs_idl [None req-0d9a7687-45be-45ea-85cb-7b9d4504109b None None] Created schema index Port_Group.name {{(pid=104968) autocreate_indices /opt/stack/data/venv/lib/python3.10/site-packages/ovsdbapp/backend/ovs_idl/__init__.py:106}}
Mar 08 10:02:53 ubuntu neutron-server[104779]: DEBUG oslo_service.service [-] keystone_authtoken.www_authenticate_uri = None {{(pid=104779) log_opt_values /opt/stack/data/venv/lib/python3.10/site-packages/oslo_config/cfg.py:2620}}
Mar 08 10:02:53 ubuntu neutron-server[104968]: DEBUG ovsdbapp.backend.ovs_idl [None req-0d9a7687-45be-45ea-85cb-7b9d4504109b None None] Created schema index Logical_Switch_Port.name {{(pid=104968) autocreate_indices /opt/stack/data/venv/lib/python3.10/site-packages/ovsdbapp/backend/ovs_idl/__init__.py:106}}
Mar 08 10:02:53 ubuntu neutron-server[104965]: INFO ovsdbapp.backend.ovs_idl.vlog [None req-f89acc5b-eeef-4280-bfa9-59332f239e62 None None] tcp:10.201.5.82:6641: connecting...
Mar 08 10:02:53 ubuntu neutron-server[104779]: DEBUG oslo_service.service [-] cache.backend                  = dogpile.cache.null {{(pid=104779) log_opt_values /opt/stack/data/venv/lib/python3.10/site-packages/oslo_config/cfg.py:2620}}
Mar 08 10:02:53 ubuntu neutron-server[104968]: INFO ovsdbapp.backend.ovs_idl.vlog [None req-0d9a7687-45be-45ea-85cb-7b9d4504109b None None] tcp:10.201.5.82:6641: connecting...
Mar 08 10:02:53 ubuntu neutron-server[104779]: DEBUG oslo_service.service [-] cache.backend_argument         = **** {{(pid=104779) log_opt_values /opt/stack/data/venv/lib/python3.10/site-packages/oslo_config/cfg.py:2620}}
Mar 08 10:02:53 ubuntu neutron-server[104965]: INFO ovsdbapp.backend.ovs_idl.vlog [None req-f89acc5b-eeef-4280-bfa9-59332f239e62 None None] tcp:10.201.5.82:6641: connected
Mar 08 10:02:53 ubuntu neutron-server[104779]: DEBUG oslo_service.service [-] cache.config_prefix            = cache.oslo {{(pid=104779) log_opt_values /opt/stack/data/venv/lib/python3.10/site-packages/oslo_config/cfg.py:2620}}
Mar 08 10:02:53 ubuntu neutron-server[104779]: DEBUG oslo_service.service [-] cache.dead_timeout             = 60.0 {{(pid=104779) log_opt_values /opt/stack/data/venv/lib/python3.10/site-packages/oslo_config/cfg.py:2620}}
Mar 08 10:02:53 ubuntu neutron-server[104779]: DEBUG oslo_service.service [-] cache.debug_cache_backend      = False {{(pid=104779) log_opt_values /opt/stack/data/venv/lib/python3.10/site-packages/oslo_config/cfg.py:2620}}
Mar 08 10:02:53 ubuntu neutron-server[104968]: INFO ovsdbapp.backend.ovs_idl.vlog [None req-0d9a7687-45be-45ea-85cb-7b9d4504109b None None] tcp:10.201.5.82:6641: connected
Mar 08 10:02:53 ubuntu neutron-server[104779]: DEBUG oslo_service.service [-] cache.enable_retry_client      = False {{(pid=104779) log_opt_values /opt/stack/data/venv/lib/python3.10/site-packages/oslo_config/cfg.py:2620}}
Mar 08 10:02:53 ubuntu neutron-server[104779]: DEBUG oslo_service.service [-] cache.enable_socket_keepalive  = False {{(pid=104779) log_opt_values /opt/stack/data/venv/lib/python3.10/site-packages/oslo_config/cfg.py:2620}}
Mar 08 10:02:53 ubuntu neutron-server[104779]: DEBUG oslo_service.service [-] cache.enabled                  = False {{(pid=104779) log_opt_values /opt/stack/data/venv/lib/python3.10/site-packages/oslo_config/cfg.py:2620}}
Mar 08 10:02:53 ubuntu neutron-server[104779]: DEBUG oslo_service.service [-] cache.enforce_fips_mode        = False {{(pid=104779) log_opt_values /opt/stack/data/venv/lib/python3.10/site-packages/oslo_config/cfg.py:2620}}
Mar 08 10:02:53 ubuntu neutron-server[104779]: DEBUG oslo_service.service [-] cache.expiration_time          = 600 {{(pid=104779) log_opt_values /opt/stack/data/venv/lib/python3.10/site-packages/oslo_config/cfg.py:2620}}
Mar 08 10:02:53 ubuntu neutron-server[104779]: DEBUG oslo_service.service [-] cache.hashclient_retry_attempts = 2 {{(pid=104779) log_opt_values /opt/stack/data/venv/lib/python3.10/site-packages/oslo_config/cfg.py:2620}}
Mar 08 10:02:53 ubuntu neutron-server[104779]: DEBUG oslo_service.service [-] cache.hashclient_retry_delay   = 1.0 {{(pid=104779) log_opt_values /opt/stack/data/venv/lib/python3.10/site-packages/oslo_config/cfg.py:2620}}
Mar 08 10:02:53 ubuntu neutron-server[104779]: DEBUG oslo_service.service [-] cache.memcache_dead_retry      = 300 {{(pid=104779) log_opt_values /opt/stack/data/venv/lib/python3.10/site-packages/oslo_config/cfg.py:2620}}
Mar 08 10:02:53 ubuntu neutron-server[104779]: DEBUG oslo_service.service [-] cache.memcache_password        = **** {{(pid=104779) log_opt_values /opt/stack/data/venv/lib/python3.10/site-packages/oslo_config/cfg.py:2620}}
Mar 08 10:02:53 ubuntu neutron-server[104779]: DEBUG oslo_service.service [-] cache.memcache_pool_connection_get_timeout = 10 {{(pid=104779) log_opt_values /opt/stack/data/venv/lib/python3.10/site-packages/oslo_config/cfg.py:2620}}
Mar 08 10:02:53 ubuntu neutron-server[104779]: DEBUG oslo_service.service [-] cache.memcache_pool_flush_on_reconnect = False {{(pid=104779) log_opt_values /opt/stack/data/venv/lib/python3.10/site-packages/oslo_config/cfg.py:2620}}
Mar 08 10:02:53 ubuntu neutron-server[104779]: DEBUG oslo_service.service [-] cache.memcache_pool_maxsize    = 10 {{(pid=104779) log_opt_values /opt/stack/data/venv/lib/python3.10/site-packages/oslo_config/cfg.py:2620}}
Mar 08 10:02:53 ubuntu neutron-server[104779]: DEBUG oslo_service.service [-] cache.memcache_pool_unused_timeout = 60 {{(pid=104779) log_opt_values /opt/stack/data/venv/lib/python3.10/site-packages/oslo_config/cfg.py:2620}}
Mar 08 10:02:53 ubuntu neutron-server[104779]: DEBUG oslo_service.service [-] cache.memcache_sasl_enabled    = False {{(pid=104779) log_opt_values /opt/stack/data/venv/lib/python3.10/site-packages/oslo_config/cfg.py:2620}}
Mar 08 10:02:53 ubuntu neutron-server[104779]: DEBUG oslo_service.service [-] cache.memcache_servers         = ['localhost:11211'] {{(pid=104779) log_opt_values /opt/stack/data/venv/lib/python3.10/site-packages/oslo_config/cfg.py:2620}}
Mar 08 10:02:53 ubuntu neutron-server[104779]: DEBUG oslo_service.service [-] cache.memcache_socket_timeout  = 1.0 {{(pid=104779) log_opt_values /opt/stack/data/venv/lib/python3.10/site-packages/oslo_config/cfg.py:2620}}
Mar 08 10:02:53 ubuntu neutron-server[104779]: DEBUG oslo_service.service [-] cache.memcache_username        = None {{(pid=104779) log_opt_values /opt/stack/data/venv/lib/python3.10/site-packages/oslo_config/cfg.py:2620}}
Mar 08 10:02:53 ubuntu neutron-server[104779]: DEBUG oslo_service.service [-] cache.proxies                  = [] {{(pid=104779) log_opt_values /opt/stack/data/venv/lib/python3.10/site-packages/oslo_config/cfg.py:2620}}
Mar 08 10:02:53 ubuntu neutron-server[104779]: DEBUG oslo_service.service [-] cache.redis_password           = **** {{(pid=104779) log_opt_values /opt/stack/data/venv/lib/python3.10/site-packages/oslo_config/cfg.py:2620}}
Mar 08 10:02:53 ubuntu neutron-server[104779]: DEBUG oslo_service.service [-] cache.redis_sentinel_service_name = mymaster {{(pid=104779) log_opt_values /opt/stack/data/venv/lib/python3.10/site-packages/oslo_config/cfg.py:2620}}
Mar 08 10:02:53 ubuntu neutron-server[104779]: DEBUG oslo_service.service [-] cache.redis_sentinels          = ['localhost:26379'] {{(pid=104779) log_opt_values /opt/stack/data/venv/lib/python3.10/site-packages/oslo_config/cfg.py:2620}}
Mar 08 10:02:53 ubuntu neutron-server[104779]: DEBUG oslo_service.service [-] cache.redis_server             = localhost:6379 {{(pid=104779) log_opt_values /opt/stack/data/venv/lib/python3.10/site-packages/oslo_config/cfg.py:2620}}
Mar 08 10:02:53 ubuntu neutron-server[104779]: DEBUG oslo_service.service [-] cache.redis_socket_timeout     = 1.0 {{(pid=104779) log_opt_values /opt/stack/data/venv/lib/python3.10/site-packages/oslo_config/cfg.py:2620}}
Mar 08 10:02:53 ubuntu neutron-server[104779]: DEBUG oslo_service.service [-] cache.redis_username           = None {{(pid=104779) log_opt_values /opt/stack/data/venv/lib/python3.10/site-packages/oslo_config/cfg.py:2620}}
Mar 08 10:02:53 ubuntu neutron-server[104779]: DEBUG oslo_service.service [-] cache.retry_attempts           = 2 {{(pid=104779) log_opt_values /opt/stack/data/venv/lib/python3.10/site-packages/oslo_config/cfg.py:2620}}
Mar 08 10:02:53 ubuntu neutron-server[104779]: DEBUG oslo_service.service [-] cache.retry_delay              = 0.0 {{(pid=104779) log_opt_values /opt/stack/data/venv/lib/python3.10/site-packages/oslo_config/cfg.py:2620}}
Mar 08 10:02:53 ubuntu neutron-server[104779]: DEBUG oslo_service.service [-] cache.socket_keepalive_count   = 1 {{(pid=104779) log_opt_values /opt/stack/data/venv/lib/python3.10/site-packages/oslo_config/cfg.py:2620}}
Mar 08 10:02:53 ubuntu neutron-server[104779]: DEBUG oslo_service.service [-] cache.socket_keepalive_idle    = 1 {{(pid=104779) log_opt_values /opt/stack/data/venv/lib/python3.10/site-packages/oslo_config/cfg.py:2620}}
Mar 08 10:02:53 ubuntu neutron-server[104779]: DEBUG oslo_service.service [-] cache.socket_keepalive_interval = 1 {{(pid=104779) log_opt_values /opt/stack/data/venv/lib/python3.10/site-packages/oslo_config/cfg.py:2620}}
Mar 08 10:02:53 ubuntu neutron-server[104779]: DEBUG oslo_service.service [-] cache.tls_allowed_ciphers      = None {{(pid=104779) log_opt_values /opt/stack/data/venv/lib/python3.10/site-packages/oslo_config/cfg.py:2620}}
Mar 08 10:02:53 ubuntu neutron-server[104779]: DEBUG oslo_service.service [-] cache.tls_cafile               = None {{(pid=104779) log_opt_values /opt/stack/data/venv/lib/python3.10/site-packages/oslo_config/cfg.py:2620}}
Mar 08 10:02:53 ubuntu neutron-server[104779]: DEBUG oslo_service.service [-] cache.tls_certfile             = None {{(pid=104779) log_opt_values /opt/stack/data/venv/lib/python3.10/site-packages/oslo_config/cfg.py:2620}}
Mar 08 10:02:53 ubuntu neutron-server[104779]: DEBUG oslo_service.service [-] cache.tls_enabled              = False {{(pid=104779) log_opt_values /opt/stack/data/venv/lib/python3.10/site-packages/oslo_config/cfg.py:2620}}
Mar 08 10:02:53 ubuntu neutron-server[104779]: DEBUG oslo_service.service [-] cache.tls_keyfile              = None {{(pid=104779) log_opt_values /opt/stack/data/venv/lib/python3.10/site-packages/oslo_config/cfg.py:2620}}
Mar 08 10:02:53 ubuntu neutron-server[104779]: DEBUG oslo_service.service [-] privsep.capabilities           = [21, 12, 1, 2, 19] {{(pid=104779) log_opt_values /opt/stack/data/venv/lib/python3.10/site-packages/oslo_config/cfg.py:2620}}
Mar 08 10:02:53 ubuntu neutron-server[104779]: DEBUG oslo_service.service [-] privsep.group                  = None {{(pid=104779) log_opt_values /opt/stack/data/venv/lib/python3.10/site-packages/oslo_config/cfg.py:2620}}
Mar 08 10:02:53 ubuntu neutron-server[104779]: DEBUG oslo_service.service [-] privsep.helper_command         = None {{(pid=104779) log_opt_values /opt/stack/data/venv/lib/python3.10/site-packages/oslo_config/cfg.py:2620}}
Mar 08 10:02:53 ubuntu neutron-server[104779]: DEBUG oslo_service.service [-] privsep.logger_name            = oslo_privsep.daemon {{(pid=104779) log_opt_values /opt/stack/data/venv/lib/python3.10/site-packages/oslo_config/cfg.py:2620}}
Mar 08 10:02:53 ubuntu neutron-server[104779]: DEBUG oslo_service.service [-] privsep.thread_pool_size       = 4 {{(pid=104779) log_opt_values /opt/stack/data/venv/lib/python3.10/site-packages/oslo_config/cfg.py:2620}}
Mar 08 10:02:53 ubuntu neutron-server[104779]: DEBUG oslo_service.service [-] privsep.user                   = None {{(pid=104779) log_opt_values /opt/stack/data/venv/lib/python3.10/site-packages/oslo_config/cfg.py:2620}}
Mar 08 10:02:53 ubuntu neutron-server[104779]: DEBUG oslo_service.service [-] privsep_dhcp_release.capabilities = [21, 12] {{(pid=104779) log_opt_values /opt/stack/data/venv/lib/python3.10/site-packages/oslo_config/cfg.py:2620}}
Mar 08 10:02:53 ubuntu neutron-server[104779]: DEBUG oslo_service.service [-] privsep_dhcp_release.group     = None {{(pid=104779) log_opt_values /opt/stack/data/venv/lib/python3.10/site-packages/oslo_config/cfg.py:2620}}
Mar 08 10:02:53 ubuntu neutron-server[104779]: DEBUG oslo_service.service [-] privsep_dhcp_release.helper_command = None {{(pid=104779) log_opt_values /opt/stack/data/venv/lib/python3.10/site-packages/oslo_config/cfg.py:2620}}
