Dec 15 06:53:04 ubuntu devstack@keystone.service[81375]: DEBUG keystone.server.flask.request_processing.req_logging [None req-347040df-5cd5-48de-b541-9e8de6e716cd None None] REQUEST_METHOD: `GET` {{(pid=81375) log_request_info /opt/stack/keystone/keystone/server/flask/request_processing/req_logging.py:26}}
Dec 15 06:53:04 ubuntu devstack@keystone.service[81375]: DEBUG keystone.server.flask.request_processing.req_logging [None req-347040df-5cd5-48de-b541-9e8de6e716cd None None] SCRIPT_NAME: `/identity` {{(pid=81375) log_request_info /opt/stack/keystone/keystone/server/flask/request_processing/req_logging.py:27}}
Dec 15 06:53:04 ubuntu devstack@keystone.service[81375]: DEBUG keystone.server.flask.request_processing.req_logging [None req-347040df-5cd5-48de-b541-9e8de6e716cd None None] PATH_INFO: `/` {{(pid=81375) log_request_info /opt/stack/keystone/keystone/server/flask/request_processing/req_logging.py:28}}
Dec 15 06:53:04 ubuntu devstack@keystone.service[81375]: [pid: 81375|app: 0|req: 11/24] 10.201.5.82 () {54 vars in 919 bytes} [Mon Dec 15 06:53:04 2025] GET /identity => generated 270 bytes in 2 msecs (HTTP/1.1 300) 6 headers in 234 bytes (1 switches on core 0)
Dec 15 06:53:04 ubuntu devstack@keystone.service[81374]: DEBUG keystone.server.flask.request_processing.req_logging [None req-d8dfb04e-ebf8-43a4-862f-ef1ac6ac9b20 None None] REQUEST_METHOD: `POST` {{(pid=81374) log_request_info /opt/stack/keystone/keystone/server/flask/request_processing/req_logging.py:26}}
Dec 15 06:53:04 ubuntu devstack@keystone.service[81374]: DEBUG keystone.server.flask.request_processing.req_logging [None req-d8dfb04e-ebf8-43a4-862f-ef1ac6ac9b20 None None] SCRIPT_NAME: `/identity` {{(pid=81374) log_request_info /opt/stack/keystone/keystone/server/flask/request_processing/req_logging.py:27}}
Dec 15 06:53:04 ubuntu devstack@keystone.service[81374]: DEBUG keystone.server.flask.request_processing.req_logging [None req-d8dfb04e-ebf8-43a4-862f-ef1ac6ac9b20 None None] PATH_INFO: `/v3/auth/tokens` {{(pid=81374) log_request_info /opt/stack/keystone/keystone/server/flask/request_processing/req_logging.py:28}}
Dec 15 06:53:04 ubuntu devstack@keystone.service[81374]: WARNING keystone.common.password_hashing [None req-d8dfb04e-ebf8-43a4-862f-ef1ac6ac9b20 None None] Truncating password to algorithm specific maximum length 72 characters.
Dec 15 06:53:04 ubuntu devstack@keystone.service[81374]: DEBUG keystone.auth.core [None req-d8dfb04e-ebf8-43a4-862f-ef1ac6ac9b20 None None] MFA Rules not processed for user `c811ac54574f4fb6920203d52006bc76`. Rule list: `[]` (Enabled: `True`). {{(pid=81374) check_auth_methods_against_rules /opt/stack/keystone/keystone/auth/core.py:476}}
Dec 15 06:53:04 ubuntu devstack@keystone.service[81374]: DEBUG keystone.common.fernet_utils [None req-d8dfb04e-ebf8-43a4-862f-ef1ac6ac9b20 None None] Loaded 2 Fernet keys from /etc/keystone/fernet-keys/, but `[fernet_tokens] max_active_keys = 3`; perhaps there have not been enough key rotations to reach `max_active_keys` yet? {{(pid=81374) load_keys /opt/stack/keystone/keystone/common/fernet_utils.py:297}}
Dec 15 06:53:04 ubuntu devstack@keystone.service[81374]: [pid: 81374|app: 0|req: 14/25] 10.201.5.82 () {58 vars in 1016 bytes} [Mon Dec 15 06:53:04 2025] POST /identity/v3/auth/tokens => generated 862 bytes in 53 msecs (HTTP/1.1 201) 6 headers in 363 bytes (1 switches on core 0)
Dec 15 06:53:04 ubuntu devstack@keystone.service[81375]: DEBUG keystone.server.flask.request_processing.middleware.auth_context [None req-347040df-5cd5-48de-b541-9e8de6e716cd None None] Authenticating user token {{(pid=81375) process_request /opt/stack/data/venv/lib/python3.10/site-packages/keystonemiddleware/auth_token/__init__.py:407}}
Dec 15 06:53:04 ubuntu devstack@keystone.service[81374]: DEBUG keystone.server.flask.request_processing.middleware.auth_context [None req-d8dfb04e-ebf8-43a4-862f-ef1ac6ac9b20 None None] Authenticating user token {{(pid=81374) process_request /opt/stack/data/venv/lib/python3.10/site-packages/keystonemiddleware/auth_token/__init__.py:407}}
Dec 15 06:53:04 ubuntu devstack@keystone.service[81375]: DEBUG keystone.server.flask.request_processing.middleware.auth_context [None req-347040df-5cd5-48de-b541-9e8de6e716cd None None] Validating token access rules against request {{(pid=81375) validate_allowed_request /opt/stack/data/venv/lib/python3.10/site-packages/keystonemiddleware/auth_token/__init__.py:545}}
Dec 15 06:53:04 ubuntu devstack@keystone.service[81374]: DEBUG keystone.server.flask.request_processing.middleware.auth_context [None req-d8dfb04e-ebf8-43a4-862f-ef1ac6ac9b20 None None] Validating token access rules against request {{(pid=81374) validate_allowed_request /opt/stack/data/venv/lib/python3.10/site-packages/keystonemiddleware/auth_token/__init__.py:545}}
Dec 15 06:53:04 ubuntu devstack@keystone.service[81375]: DEBUG keystone.server.flask.request_processing.middleware.auth_context [None req-5293eebc-304d-47d6-8a42-5daa8eb24978 None admin] RBAC: auth_context: {'token': <TokenModel (audit_id=mzklSTv-RCiScJfScsi3NA, audit_chain_id=['mzklSTv-RCiScJfScsi3NA']) at 0x7fae66b9e2c0>, 'domain_id': None, 'trust_id': None, 'trustor_id': None, 'trustee_id': None, 'domain_name': None, 'group_ids': [], 'user_id': 'c811ac54574f4fb6920203d52006bc76', 'user_domain_id': 'default', 'system_scope': 'all', 'project_id': None, 'project_domain_id': None, 'roles': ['admin', 'manager', 'member', 'reader'], 'is_admin_project': True, 'service_user_id': None, 'service_user_domain_id': None, 'service_project_id': None, 'service_project_domain_id': None, 'service_roles': []} {{(pid=81375) fill_context /opt/stack/keystone/keystone/server/flask/request_processing/middleware/auth_context.py:509}}
Dec 15 06:53:04 ubuntu devstack@keystone.service[81375]: DEBUG keystone.server.flask.request_processing.req_logging [None req-5293eebc-304d-47d6-8a42-5daa8eb24978 None admin] REQUEST_METHOD: `GET` {{(pid=81375) log_request_info /opt/stack/keystone/keystone/server/flask/request_processing/req_logging.py:26}}
Dec 15 06:53:04 ubuntu devstack@keystone.service[81375]: DEBUG keystone.server.flask.request_processing.req_logging [None req-5293eebc-304d-47d6-8a42-5daa8eb24978 None admin] SCRIPT_NAME: `/identity` {{(pid=81375) log_request_info /opt/stack/keystone/keystone/server/flask/request_processing/req_logging.py:27}}
Dec 15 06:53:04 ubuntu devstack@keystone.service[81375]: DEBUG keystone.server.flask.request_processing.req_logging [None req-5293eebc-304d-47d6-8a42-5daa8eb24978 None admin] PATH_INFO: `/v3/roles/admin` {{(pid=81375) log_request_info /opt/stack/keystone/keystone/server/flask/request_processing/req_logging.py:28}}
Dec 15 06:53:04 ubuntu devstack@keystone.service[81375]: DEBUG keystone.common.rbac_enforcer.enforcer [None req-5293eebc-304d-47d6-8a42-5daa8eb24978 None admin] Extracting inferred target data resulted in "NOT FOUND (404)". {{(pid=81375) enforce_call /opt/stack/keystone/keystone/common/rbac_enforcer/enforcer.py:445}}
Dec 15 06:53:04 ubuntu devstack@keystone.service[81375]: DEBUG keystone.server.flask.application [None req-5293eebc-304d-47d6-8a42-5daa8eb24978 None admin] Could not find role: admin. {{(pid=81375) _handle_keystone_exception /opt/stack/keystone/keystone/server/flask/application.py:146}}
Dec 15 06:53:04 ubuntu devstack@keystone.service[81375]: [pid: 81375|app: 0|req: 12/26] 10.201.5.82 () {56 vars in 1132 bytes} [Mon Dec 15 06:53:04 2025] GET /identity/v3/roles/admin => generated 83 bytes in 111 msecs (HTTP/1.1 404) 5 headers in 183 bytes (1 switches on core 0)
Dec 15 06:53:04 ubuntu devstack@keystone.service[81374]: DEBUG keystone.server.flask.request_processing.middleware.auth_context [None req-5804617f-2179-4de6-99d3-0878cf6ed32f None admin] RBAC: auth_context: {'token': <TokenModel (audit_id=7e1Pji16QHCmY5LgkLKVmw, audit_chain_id=['7e1Pji16QHCmY5LgkLKVmw']) at 0x7fae66d4c0d0>, 'domain_id': None, 'trust_id': None, 'trustor_id': None, 'trustee_id': None, 'domain_name': None, 'group_ids': [], 'user_id': 'c811ac54574f4fb6920203d52006bc76', 'user_domain_id': 'default', 'system_scope': 'all', 'project_id': None, 'project_domain_id': None, 'roles': ['admin', 'manager', 'member', 'reader'], 'is_admin_project': True, 'service_user_id': None, 'service_user_domain_id': None, 'service_project_id': None, 'service_project_domain_id': None, 'service_roles': []} {{(pid=81374) fill_context /opt/stack/keystone/keystone/server/flask/request_processing/middleware/auth_context.py:509}}
Dec 15 06:53:04 ubuntu devstack@keystone.service[81374]: DEBUG keystone.server.flask.request_processing.req_logging [None req-5804617f-2179-4de6-99d3-0878cf6ed32f None admin] REQUEST_METHOD: `GET` {{(pid=81374) log_request_info /opt/stack/keystone/keystone/server/flask/request_processing/req_logging.py:26}}
Dec 15 06:53:04 ubuntu devstack@keystone.service[81374]: DEBUG keystone.server.flask.request_processing.req_logging [None req-5804617f-2179-4de6-99d3-0878cf6ed32f None admin] SCRIPT_NAME: `/identity` {{(pid=81374) log_request_info /opt/stack/keystone/keystone/server/flask/request_processing/req_logging.py:27}}
Dec 15 06:53:04 ubuntu devstack@keystone.service[81374]: DEBUG keystone.server.flask.request_processing.req_logging [None req-5804617f-2179-4de6-99d3-0878cf6ed32f None admin] PATH_INFO: `/v3/domains/Default` {{(pid=81374) log_request_info /opt/stack/keystone/keystone/server/flask/request_processing/req_logging.py:28}}
Dec 15 06:53:04 ubuntu devstack@keystone.service[81374]: DEBUG keystone.common.rbac_enforcer.enforcer [None req-5804617f-2179-4de6-99d3-0878cf6ed32f None admin] RBAC: Authorizing `identity:get_domain(domain_id=Default)` {{(pid=81374) enforce_call /opt/stack/keystone/keystone/common/rbac_enforcer/enforcer.py:494}}
Dec 15 06:53:04 ubuntu devstack@keystone.service[81375]: DEBUG keystone.server.flask.request_processing.middleware.auth_context [None req-5293eebc-304d-47d6-8a42-5daa8eb24978 None admin] Authenticating user token {{(pid=81375) process_request /opt/stack/data/venv/lib/python3.10/site-packages/keystonemiddleware/auth_token/__init__.py:407}}
Dec 15 06:53:04 ubuntu devstack@keystone.service[81374]: DEBUG keystone.common.rbac_enforcer.enforcer [None req-5804617f-2179-4de6-99d3-0878cf6ed32f None admin] RBAC: Authorization granted {{(pid=81374) enforce_call /opt/stack/keystone/keystone/common/rbac_enforcer/enforcer.py:505}}
Dec 15 06:53:04 ubuntu devstack@keystone.service[81374]: DEBUG keystone.server.flask.application [None req-5804617f-2179-4de6-99d3-0878cf6ed32f None admin] Could not find domain: Default. {{(pid=81374) _handle_keystone_exception /opt/stack/keystone/keystone/server/flask/application.py:146}}
Dec 15 06:53:04 ubuntu devstack@keystone.service[81374]: [pid: 81374|app: 0|req: 15/27] 10.201.5.82 () {56 vars in 1100 bytes} [Mon Dec 15 06:53:04 2025] GET /identity/v3/domains/Default => generated 87 bytes in 104 msecs (HTTP/1.1 404) 5 headers in 183 bytes (1 switches on core 0)
Dec 15 06:53:04 ubuntu devstack@keystone.service[81374]: DEBUG keystone.server.flask.request_processing.middleware.auth_context [None req-5804617f-2179-4de6-99d3-0878cf6ed32f None admin] Authenticating user token {{(pid=81374) process_request /opt/stack/data/venv/lib/python3.10/site-packages/keystonemiddleware/auth_token/__init__.py:407}}
Dec 15 06:53:04 ubuntu devstack@keystone.service[81375]: DEBUG keystone.server.flask.request_processing.middleware.auth_context [None req-5293eebc-304d-47d6-8a42-5daa8eb24978 None admin] Validating token access rules against request {{(pid=81375) validate_allowed_request /opt/stack/data/venv/lib/python3.10/site-packages/keystonemiddleware/auth_token/__init__.py:545}}
Dec 15 06:53:04 ubuntu devstack@keystone.service[81374]: DEBUG keystone.server.flask.request_processing.middleware.auth_context [None req-5804617f-2179-4de6-99d3-0878cf6ed32f None admin] Validating token access rules against request {{(pid=81374) validate_allowed_request /opt/stack/data/venv/lib/python3.10/site-packages/keystonemiddleware/auth_token/__init__.py:545}}
Dec 15 06:53:04 ubuntu devstack@keystone.service[81374]: DEBUG keystone.server.flask.request_processing.middleware.auth_context [None req-0a1e0d2a-4309-468e-a972-670cfb4ea790 None admin] RBAC: auth_context: {'token': <TokenModel (audit_id=7e1Pji16QHCmY5LgkLKVmw, audit_chain_id=['7e1Pji16QHCmY5LgkLKVmw']) at 0x7fae66d7ddb0>, 'domain_id': None, 'trust_id': None, 'trustor_id': None, 'trustee_id': None, 'domain_name': None, 'group_ids': [], 'user_id': 'c811ac54574f4fb6920203d52006bc76', 'user_domain_id': 'default', 'system_scope': 'all', 'project_id': None, 'project_domain_id': None, 'roles': ['admin', 'manager', 'member', 'reader'], 'is_admin_project': True, 'service_user_id': None, 'service_user_domain_id': None, 'service_project_id': None, 'service_project_domain_id': None, 'service_roles': []} {{(pid=81374) fill_context /opt/stack/keystone/keystone/server/flask/request_processing/middleware/auth_context.py:509}}
Dec 15 06:53:04 ubuntu devstack@keystone.service[81374]: DEBUG keystone.server.flask.request_processing.req_logging [None req-0a1e0d2a-4309-468e-a972-670cfb4ea790 None admin] REQUEST_METHOD: `GET` {{(pid=81374) log_request_info /opt/stack/keystone/keystone/server/flask/request_processing/req_logging.py:26}}
Dec 15 06:53:04 ubuntu devstack@keystone.service[81374]: DEBUG keystone.server.flask.request_processing.req_logging [None req-0a1e0d2a-4309-468e-a972-670cfb4ea790 None admin] SCRIPT_NAME: `/identity` {{(pid=81374) log_request_info /opt/stack/keystone/keystone/server/flask/request_processing/req_logging.py:27}}
Dec 15 06:53:04 ubuntu devstack@keystone.service[81374]: DEBUG keystone.server.flask.request_processing.req_logging [None req-0a1e0d2a-4309-468e-a972-670cfb4ea790 None admin] PATH_INFO: `/v3/domains` {{(pid=81374) log_request_info /opt/stack/keystone/keystone/server/flask/request_processing/req_logging.py:28}}
Dec 15 06:53:04 ubuntu devstack@keystone.service[81374]: DEBUG keystone.common.rbac_enforcer.enforcer [None req-0a1e0d2a-4309-468e-a972-670cfb4ea790 None admin] RBAC: Adding query filter params (name=Default) {{(pid=81374) _extract_filter_values /opt/stack/keystone/keystone/common/rbac_enforcer/enforcer.py:176}}
Dec 15 06:53:04 ubuntu devstack@keystone.service[81374]: DEBUG keystone.common.rbac_enforcer.enforcer [None req-0a1e0d2a-4309-468e-a972-670cfb4ea790 None admin] RBAC: Authorizing `identity:list_domains()` {{(pid=81374) enforce_call /opt/stack/keystone/keystone/common/rbac_enforcer/enforcer.py:494}}
Dec 15 06:53:04 ubuntu devstack@keystone.service[81374]: DEBUG keystone.common.rbac_enforcer.enforcer [None req-0a1e0d2a-4309-468e-a972-670cfb4ea790 None admin] RBAC: Authorization granted {{(pid=81374) enforce_call /opt/stack/keystone/keystone/common/rbac_enforcer/enforcer.py:505}}
Dec 15 06:53:04 ubuntu devstack@keystone.service[81374]: [pid: 81374|app: 0|req: 16/28] 10.201.5.82 () {56 vars in 1101 bytes} [Mon Dec 15 06:53:04 2025] GET /identity/v3/domains?name=Default => generated 308 bytes in 72 msecs (HTTP/1.1 200) 5 headers in 177 bytes (1 switches on core 0)
Dec 15 06:53:04 ubuntu devstack@keystone.service[81374]: DEBUG keystone.server.flask.request_processing.req_logging [None req-5b2759a4-b461-4cb7-ac99-410702e7fc5d None None] REQUEST_METHOD: `GET` {{(pid=81374) log_request_info /opt/stack/keystone/keystone/server/flask/request_processing/req_logging.py:26}}
Dec 15 06:53:04 ubuntu devstack@keystone.service[81374]: DEBUG keystone.server.flask.request_processing.req_logging [None req-5b2759a4-b461-4cb7-ac99-410702e7fc5d None None] SCRIPT_NAME: `/identity` {{(pid=81374) log_request_info /opt/stack/keystone/keystone/server/flask/request_processing/req_logging.py:27}}
Dec 15 06:53:04 ubuntu devstack@keystone.service[81374]: DEBUG keystone.server.flask.request_processing.req_logging [None req-5b2759a4-b461-4cb7-ac99-410702e7fc5d None None] PATH_INFO: `/` {{(pid=81374) log_request_info /opt/stack/keystone/keystone/server/flask/request_processing/req_logging.py:28}}
Dec 15 06:53:04 ubuntu devstack@keystone.service[81374]: [pid: 81374|app: 0|req: 17/29] 10.201.5.82 () {54 vars in 919 bytes} [Mon Dec 15 06:53:04 2025] GET /identity => generated 270 bytes in 2 msecs (HTTP/1.1 300) 6 headers in 234 bytes (1 switches on core 0)
Dec 15 06:53:04 ubuntu devstack@keystone.service[81374]: DEBUG keystone.server.flask.request_processing.middleware.auth_context [None req-5b2759a4-b461-4cb7-ac99-410702e7fc5d None None] Authenticating user token {{(pid=81374) process_request /opt/stack/data/venv/lib/python3.10/site-packages/keystonemiddleware/auth_token/__init__.py:407}}
Dec 15 06:53:04 ubuntu devstack@keystone.service[81375]: DEBUG keystone.server.flask.request_processing.middleware.auth_context [None req-aaf37b2a-e65e-4a97-ac71-ff749cf073ef None admin] RBAC: auth_context: {'token': <TokenModel (audit_id=mzklSTv-RCiScJfScsi3NA, audit_chain_id=['mzklSTv-RCiScJfScsi3NA']) at 0x7fae66db28f0>, 'domain_id': None, 'trust_id': None, 'trustor_id': None, 'trustee_id': None, 'domain_name': None, 'group_ids': [], 'user_id': 'c811ac54574f4fb6920203d52006bc76', 'user_domain_id': 'default', 'system_scope': 'all', 'project_id': None, 'project_domain_id': None, 'roles': ['admin', 'manager', 'member', 'reader'], 'is_admin_project': True, 'service_user_id': None, 'service_user_domain_id': None, 'service_project_id': None, 'service_project_domain_id': None, 'service_roles': []} {{(pid=81375) fill_context /opt/stack/keystone/keystone/server/flask/request_processing/middleware/auth_context.py:509}}
Dec 15 06:53:04 ubuntu devstack@keystone.service[81375]: DEBUG keystone.server.flask.request_processing.req_logging [None req-aaf37b2a-e65e-4a97-ac71-ff749cf073ef None admin] REQUEST_METHOD: `GET` {{(pid=81375) log_request_info /opt/stack/keystone/keystone/server/flask/request_processing/req_logging.py:26}}
Dec 15 06:53:04 ubuntu devstack@keystone.service[81375]: DEBUG keystone.server.flask.request_processing.req_logging [None req-aaf37b2a-e65e-4a97-ac71-ff749cf073ef None admin] SCRIPT_NAME: `/identity` {{(pid=81375) log_request_info /opt/stack/keystone/keystone/server/flask/request_processing/req_logging.py:27}}
Dec 15 06:53:04 ubuntu devstack@keystone.service[81375]: DEBUG keystone.server.flask.request_processing.req_logging [None req-aaf37b2a-e65e-4a97-ac71-ff749cf073ef None admin] PATH_INFO: `/v3/roles` {{(pid=81375) log_request_info /opt/stack/keystone/keystone/server/flask/request_processing/req_logging.py:28}}
Dec 15 06:53:04 ubuntu devstack@keystone.service[81375]: DEBUG keystone.common.rbac_enforcer.enforcer [None req-aaf37b2a-e65e-4a97-ac71-ff749cf073ef None admin] RBAC: Adding query filter params (name=admin) {{(pid=81375) _extract_filter_values /opt/stack/keystone/keystone/common/rbac_enforcer/enforcer.py:176}}
Dec 15 06:53:04 ubuntu devstack@keystone.service[81375]: DEBUG keystone.common.rbac_enforcer.enforcer [None req-aaf37b2a-e65e-4a97-ac71-ff749cf073ef None admin] RBAC: Authorizing `identity:list_roles()` {{(pid=81375) enforce_call /opt/stack/keystone/keystone/common/rbac_enforcer/enforcer.py:494}}
Dec 15 06:53:04 ubuntu devstack@keystone.service[81375]: DEBUG keystone.common.rbac_enforcer.enforcer [None req-aaf37b2a-e65e-4a97-ac71-ff749cf073ef None admin] RBAC: Authorization granted {{(pid=81375) enforce_call /opt/stack/keystone/keystone/common/rbac_enforcer/enforcer.py:505}}
Dec 15 06:53:04 ubuntu devstack@keystone.service[81375]: [pid: 81375|app: 0|req: 13/30] 10.201.5.82 () {56 vars in 1148 bytes} [Mon Dec 15 06:53:04 2025] GET /identity/v3/roles?name=admin => generated 339 bytes in 129 msecs (HTTP/1.1 200) 5 headers in 177 bytes (1 switches on core 0)
Dec 15 06:53:04 ubuntu devstack@keystone.service[81375]: DEBUG keystone.server.flask.request_processing.req_logging [None req-0942b02c-8d84-4def-8b5d-16cec70fea38 None None] REQUEST_METHOD: `POST` {{(pid=81375) log_request_info /opt/stack/keystone/keystone/server/flask/request_processing/req_logging.py:26}}
Dec 15 06:53:04 ubuntu devstack@keystone.service[81375]: DEBUG keystone.server.flask.request_processing.req_logging [None req-0942b02c-8d84-4def-8b5d-16cec70fea38 None None] SCRIPT_NAME: `/identity` {{(pid=81375) log_request_info /opt/stack/keystone/keystone/server/flask/request_processing/req_logging.py:27}}
Dec 15 06:53:04 ubuntu devstack@keystone.service[81375]: DEBUG keystone.server.flask.request_processing.req_logging [None req-0942b02c-8d84-4def-8b5d-16cec70fea38 None None] PATH_INFO: `/v3/auth/tokens` {{(pid=81375) log_request_info /opt/stack/keystone/keystone/server/flask/request_processing/req_logging.py:28}}
Dec 15 06:53:04 ubuntu devstack@keystone.service[81374]: DEBUG keystone.server.flask.request_processing.middleware.auth_context [None req-5b2759a4-b461-4cb7-ac99-410702e7fc5d None None] Validating token access rules against request {{(pid=81374) validate_allowed_request /opt/stack/data/venv/lib/python3.10/site-packages/keystonemiddleware/auth_token/__init__.py:545}}
Dec 15 06:53:04 ubuntu devstack@keystone.service[81375]: WARNING keystone.common.password_hashing [None req-0942b02c-8d84-4def-8b5d-16cec70fea38 None None] Truncating password to algorithm specific maximum length 72 characters.
Dec 15 06:53:04 ubuntu devstack@keystone.service[81374]: DEBUG keystone.server.flask.request_processing.middleware.auth_context [None req-0f6187cb-bf47-45d2-9b1d-4a5c162cc72c None admin] RBAC: auth_context: {'token': <TokenModel (audit_id=7e1Pji16QHCmY5LgkLKVmw, audit_chain_id=['7e1Pji16QHCmY5LgkLKVmw']) at 0x7fae66ba76d0>, 'domain_id': None, 'trust_id': None, 'trustor_id': None, 'trustee_id': None, 'domain_name': None, 'group_ids': [], 'user_id': 'c811ac54574f4fb6920203d52006bc76', 'user_domain_id': 'default', 'system_scope': 'all', 'project_id': None, 'project_domain_id': None, 'roles': ['admin', 'manager', 'member', 'reader'], 'is_admin_project': True, 'service_user_id': None, 'service_user_domain_id': None, 'service_project_id': None, 'service_project_domain_id': None, 'service_roles': []} {{(pid=81374) fill_context /opt/stack/keystone/keystone/server/flask/request_processing/middleware/auth_context.py:509}}
Dec 15 06:53:04 ubuntu devstack@keystone.service[81374]: DEBUG keystone.server.flask.request_processing.req_logging [None req-0f6187cb-bf47-45d2-9b1d-4a5c162cc72c None admin] REQUEST_METHOD: `POST` {{(pid=81374) log_request_info /opt/stack/keystone/keystone/server/flask/request_processing/req_logging.py:26}}
Dec 15 06:53:04 ubuntu devstack@keystone.service[81374]: DEBUG keystone.server.flask.request_processing.req_logging [None req-0f6187cb-bf47-45d2-9b1d-4a5c162cc72c None admin] SCRIPT_NAME: `/identity` {{(pid=81374) log_request_info /opt/stack/keystone/keystone/server/flask/request_processing/req_logging.py:27}}
Dec 15 06:53:04 ubuntu devstack@keystone.service[81374]: DEBUG keystone.server.flask.request_processing.req_logging [None req-0f6187cb-bf47-45d2-9b1d-4a5c162cc72c None admin] PATH_INFO: `/v3/projects` {{(pid=81374) log_request_info /opt/stack/keystone/keystone/server/flask/request_processing/req_logging.py:28}}
Dec 15 06:53:04 ubuntu devstack@keystone.service[81374]: DEBUG keystone.common.rbac_enforcer.enforcer [None req-0f6187cb-bf47-45d2-9b1d-4a5c162cc72c None admin] RBAC: Authorizing `identity:create_project()` {{(pid=81374) enforce_call /opt/stack/keystone/keystone/common/rbac_enforcer/enforcer.py:494}}
Dec 15 06:53:04 ubuntu devstack@keystone.service[81374]: DEBUG keystone.common.rbac_enforcer.enforcer [None req-0f6187cb-bf47-45d2-9b1d-4a5c162cc72c None admin] RBAC: Authorization granted {{(pid=81374) enforce_call /opt/stack/keystone/keystone/common/rbac_enforcer/enforcer.py:505}}
Dec 15 06:53:04 ubuntu devstack@keystone.service[81375]: DEBUG keystone.auth.core [None req-0942b02c-8d84-4def-8b5d-16cec70fea38 None None] MFA Rules not processed for user `c811ac54574f4fb6920203d52006bc76`. Rule list: `[]` (Enabled: `True`). {{(pid=81375) check_auth_methods_against_rules /opt/stack/keystone/keystone/auth/core.py:476}}
Dec 15 06:53:04 ubuntu devstack@keystone.service[81375]: DEBUG keystone.common.fernet_utils [None req-0942b02c-8d84-4def-8b5d-16cec70fea38 None None] Loaded 2 Fernet keys from /etc/keystone/fernet-keys/, but `[fernet_tokens] max_active_keys = 3`; perhaps there have not been enough key rotations to reach `max_active_keys` yet? {{(pid=81375) load_keys /opt/stack/keystone/keystone/common/fernet_utils.py:297}}
Dec 15 06:53:04 ubuntu devstack@keystone.service[81375]: [pid: 81375|app: 0|req: 14/31] 10.201.5.82 () {58 vars in 1016 bytes} [Mon Dec 15 06:53:04 2025] POST /identity/v3/auth/tokens => generated 862 bytes in 67 msecs (HTTP/1.1 201) 6 headers in 363 bytes (1 switches on core 0)
Dec 15 06:53:04 ubuntu devstack@keystone.service[81375]: DEBUG keystone.server.flask.request_processing.req_logging [None req-6ad5d854-9b4f-4f61-abe5-dfc4b6046416 None None] REQUEST_METHOD: `GET` {{(pid=81375) log_request_info /opt/stack/keystone/keystone/server/flask/request_processing/req_logging.py:26}}
Dec 15 06:53:04 ubuntu devstack@keystone.service[81375]: DEBUG keystone.server.flask.request_processing.req_logging [None req-6ad5d854-9b4f-4f61-abe5-dfc4b6046416 None None] SCRIPT_NAME: `/identity` {{(pid=81375) log_request_info /opt/stack/keystone/keystone/server/flask/request_processing/req_logging.py:27}}
Dec 15 06:53:04 ubuntu devstack@keystone.service[81375]: DEBUG keystone.server.flask.request_processing.req_logging [None req-6ad5d854-9b4f-4f61-abe5-dfc4b6046416 None None] PATH_INFO: `/` {{(pid=81375) log_request_info /opt/stack/keystone/keystone/server/flask/request_processing/req_logging.py:28}}
Dec 15 06:53:04 ubuntu devstack@keystone.service[81375]: [pid: 81375|app: 0|req: 15/32] 10.201.5.82 () {54 vars in 919 bytes} [Mon Dec 15 06:53:04 2025] GET /identity => generated 270 bytes in 1 msecs (HTTP/1.1 300) 6 headers in 234 bytes (1 switches on core 0)
Dec 15 06:53:04 ubuntu devstack@keystone.service[81375]: DEBUG keystone.server.flask.request_processing.middleware.auth_context [None req-6ad5d854-9b4f-4f61-abe5-dfc4b6046416 None None] Authenticating user token {{(pid=81375) process_request /opt/stack/data/venv/lib/python3.10/site-packages/keystonemiddleware/auth_token/__init__.py:407}}
Dec 15 06:53:04 ubuntu devstack@keystone.service[81375]: DEBUG keystone.server.flask.request_processing.middleware.auth_context [None req-6ad5d854-9b4f-4f61-abe5-dfc4b6046416 None None] Validating token access rules against request {{(pid=81375) validate_allowed_request /opt/stack/data/venv/lib/python3.10/site-packages/keystonemiddleware/auth_token/__init__.py:545}}
Dec 15 06:53:04 ubuntu devstack@keystone.service[81375]: DEBUG keystone.server.flask.request_processing.middleware.auth_context [None req-f784a594-e301-45d0-8a28-03de8ad96c0b None admin] RBAC: auth_context: {'token': <TokenModel (audit_id=mzklSTv-RCiScJfScsi3NA, audit_chain_id=['mzklSTv-RCiScJfScsi3NA']) at 0x7fae66aa11e0>, 'domain_id': None, 'trust_id': None, 'trustor_id': None, 'trustee_id': None, 'domain_name': None, 'group_ids': [], 'user_id': 'c811ac54574f4fb6920203d52006bc76', 'user_domain_id': 'default', 'system_scope': 'all', 'project_id': None, 'project_domain_id': None, 'roles': ['admin', 'manager', 'member', 'reader'], 'is_admin_project': True, 'service_user_id': None, 'service_user_domain_id': None, 'service_project_id': None, 'service_project_domain_id': None, 'service_roles': []} {{(pid=81375) fill_context /opt/stack/keystone/keystone/server/flask/request_processing/middleware/auth_context.py:509}}
Dec 15 06:53:04 ubuntu devstack@keystone.service[81375]: DEBUG keystone.server.flask.request_processing.req_logging [None req-f784a594-e301-45d0-8a28-03de8ad96c0b None admin] REQUEST_METHOD: `GET` {{(pid=81375) log_request_info /opt/stack/keystone/keystone/server/flask/request_processing/req_logging.py:26}}
Dec 15 06:53:04 ubuntu devstack@keystone.service[81375]: DEBUG keystone.server.flask.request_processing.req_logging [None req-f784a594-e301-45d0-8a28-03de8ad96c0b None admin] SCRIPT_NAME: `/identity` {{(pid=81375) log_request_info /opt/stack/keystone/keystone/server/flask/request_processing/req_logging.py:27}}
Dec 15 06:53:04 ubuntu devstack@keystone.service[81375]: DEBUG keystone.server.flask.request_processing.req_logging [None req-f784a594-e301-45d0-8a28-03de8ad96c0b None admin] PATH_INFO: `/v3/users/c811ac54574f4fb6920203d52006bc76` {{(pid=81375) log_request_info /opt/stack/keystone/keystone/server/flask/request_processing/req_logging.py:28}}
Dec 15 06:53:04 ubuntu devstack@keystone.service[81375]: DEBUG keystone.common.rbac_enforcer.enforcer [None req-f784a594-e301-45d0-8a28-03de8ad96c0b None admin] RBAC: Authorizing `identity:get_user(user_id=c811ac54574f4fb6920203d52006bc76)` {{(pid=81375) enforce_call /opt/stack/keystone/keystone/common/rbac_enforcer/enforcer.py:494}}
Dec 15 06:53:04 ubuntu devstack@keystone.service[81375]: DEBUG keystone.common.rbac_enforcer.enforcer [None req-f784a594-e301-45d0-8a28-03de8ad96c0b None admin] RBAC: Authorization granted {{(pid=81375) enforce_call /opt/stack/keystone/keystone/common/rbac_enforcer/enforcer.py:505}}
Dec 15 06:53:04 ubuntu devstack@keystone.service[81375]: [pid: 81375|app: 0|req: 16/33] 10.201.5.82 () {56 vars in 1213 bytes} [Mon Dec 15 06:53:04 2025] GET /identity/v3/users/c811ac54574f4fb6920203d52006bc76 => generated 247 bytes in 56 msecs (HTTP/1.1 200) 5 headers in 177 bytes (1 switches on core 0)
Dec 15 06:53:04 ubuntu devstack@keystone.service[81375]: DEBUG keystone.server.flask.request_processing.req_logging [None req-adcd5e76-6135-41ba-81be-0e6311d27f4c None None] REQUEST_METHOD: `POST` {{(pid=81375) log_request_info /opt/stack/keystone/keystone/server/flask/request_processing/req_logging.py:26}}
Dec 15 06:53:04 ubuntu devstack@keystone.service[81375]: DEBUG keystone.server.flask.request_processing.req_logging [None req-adcd5e76-6135-41ba-81be-0e6311d27f4c None None] SCRIPT_NAME: `/identity` {{(pid=81375) log_request_info /opt/stack/keystone/keystone/server/flask/request_processing/req_logging.py:27}}
Dec 15 06:53:04 ubuntu devstack@keystone.service[81375]: DEBUG keystone.server.flask.request_processing.req_logging [None req-adcd5e76-6135-41ba-81be-0e6311d27f4c None None] PATH_INFO: `/v3/auth/tokens` {{(pid=81375) log_request_info /opt/stack/keystone/keystone/server/flask/request_processing/req_logging.py:28}}
Dec 15 06:53:04 ubuntu devstack@keystone.service[81375]: WARNING keystone.common.password_hashing [None req-adcd5e76-6135-41ba-81be-0e6311d27f4c None None] Truncating password to algorithm specific maximum length 72 characters.
Dec 15 06:53:04 ubuntu devstack@keystone.service[81375]: DEBUG keystone.auth.core [None req-adcd5e76-6135-41ba-81be-0e6311d27f4c None None] MFA Rules not processed for user `c811ac54574f4fb6920203d52006bc76`. Rule list: `[]` (Enabled: `True`). {{(pid=81375) check_auth_methods_against_rules /opt/stack/keystone/keystone/auth/core.py:476}}
Dec 15 06:53:04 ubuntu devstack@keystone.service[81375]: DEBUG keystone.common.fernet_utils [None req-adcd5e76-6135-41ba-81be-0e6311d27f4c None None] Loaded 2 Fernet keys from /etc/keystone/fernet-keys/, but `[fernet_tokens] max_active_keys = 3`; perhaps there have not been enough key rotations to reach `max_active_keys` yet? {{(pid=81375) load_keys /opt/stack/keystone/keystone/common/fernet_utils.py:297}}
Dec 15 06:53:04 ubuntu devstack@keystone.service[81375]: [pid: 81375|app: 0|req: 17/34] 10.201.5.82 () {58 vars in 1016 bytes} [Mon Dec 15 06:53:04 2025] POST /identity/v3/auth/tokens => generated 862 bytes in 46 msecs (HTTP/1.1 201) 6 headers in 363 bytes (1 switches on core 0)
Dec 15 06:53:04 ubuntu devstack@keystone.service[81375]: DEBUG keystone.server.flask.request_processing.middleware.auth_context [None req-adcd5e76-6135-41ba-81be-0e6311d27f4c None None] Authenticating user token {{(pid=81375) process_request /opt/stack/data/venv/lib/python3.10/site-packages/keystonemiddleware/auth_token/__init__.py:407}}
Dec 15 06:53:05 ubuntu devstack@keystone.service[81374]: [pid: 81374|app: 0|req: 18/35] 10.201.5.82 () {60 vars in 1133 bytes} [Mon Dec 15 06:53:04 2025] POST /identity/v3/projects => generated 301 bytes in 293 msecs (HTTP/1.1 201) 5 headers in 182 bytes (2 switches on core 0)
Dec 15 06:53:05 ubuntu devstack@keystone.service[81375]: DEBUG keystone.server.flask.request_processing.middleware.auth_context [None req-adcd5e76-6135-41ba-81be-0e6311d27f4c None None] Validating token access rules against request {{(pid=81375) validate_allowed_request /opt/stack/data/venv/lib/python3.10/site-packages/keystonemiddleware/auth_token/__init__.py:545}}
Dec 15 06:53:05 ubuntu devstack@keystone.service[81375]: DEBUG keystone.server.flask.request_processing.middleware.auth_context [None req-c45bafe4-48c4-4e67-a11b-501988bf2c24 None admin] RBAC: auth_context: {'token': <TokenModel (audit_id=mzklSTv-RCiScJfScsi3NA, audit_chain_id=['mzklSTv-RCiScJfScsi3NA']) at 0x7fae66b9cca0>, 'domain_id': None, 'trust_id': None, 'trustor_id': None, 'trustee_id': None, 'domain_name': None, 'group_ids': [], 'user_id': 'c811ac54574f4fb6920203d52006bc76', 'user_domain_id': 'default', 'system_scope': 'all', 'project_id': None, 'project_domain_id': None, 'roles': ['admin', 'manager', 'member', 'reader'], 'is_admin_project': True, 'service_user_id': None, 'service_user_domain_id': None, 'service_project_id': None, 'service_project_domain_id': None, 'service_roles': []} {{(pid=81375) fill_context /opt/stack/keystone/keystone/server/flask/request_processing/middleware/auth_context.py:509}}
Dec 15 06:53:05 ubuntu devstack@keystone.service[81375]: DEBUG keystone.server.flask.request_processing.req_logging [None req-c45bafe4-48c4-4e67-a11b-501988bf2c24 None admin] REQUEST_METHOD: `GET` {{(pid=81375) log_request_info /opt/stack/keystone/keystone/server/flask/request_processing/req_logging.py:26}}
Dec 15 06:53:05 ubuntu devstack@keystone.service[81375]: DEBUG keystone.server.flask.request_processing.req_logging [None req-c45bafe4-48c4-4e67-a11b-501988bf2c24 None admin] SCRIPT_NAME: `/identity` {{(pid=81375) log_request_info /opt/stack/keystone/keystone/server/flask/request_processing/req_logging.py:27}}
Dec 15 06:53:05 ubuntu devstack@keystone.service[81375]: DEBUG keystone.server.flask.request_processing.req_logging [None req-c45bafe4-48c4-4e67-a11b-501988bf2c24 None admin] PATH_INFO: `/v3/domains/default` {{(pid=81375) log_request_info /opt/stack/keystone/keystone/server/flask/request_processing/req_logging.py:28}}
Dec 15 06:53:05 ubuntu devstack@keystone.service[81375]: DEBUG keystone.common.rbac_enforcer.enforcer [None req-c45bafe4-48c4-4e67-a11b-501988bf2c24 None admin] RBAC: Authorizing `identity:get_domain(domain_id=default)` {{(pid=81375) enforce_call /opt/stack/keystone/keystone/common/rbac_enforcer/enforcer.py:494}}
Dec 15 06:53:05 ubuntu devstack@keystone.service[81375]: DEBUG keystone.common.rbac_enforcer.enforcer [None req-c45bafe4-48c4-4e67-a11b-501988bf2c24 None admin] RBAC: Authorization granted {{(pid=81375) enforce_call /opt/stack/keystone/keystone/common/rbac_enforcer/enforcer.py:505}}
Dec 15 06:53:05 ubuntu devstack@keystone.service[81375]: [pid: 81375|app: 0|req: 18/36] 10.201.5.82 () {56 vars in 1144 bytes} [Mon Dec 15 06:53:04 2025] GET /identity/v3/domains/default => generated 199 bytes in 128 msecs (HTTP/1.1 200) 5 headers in 177 bytes (1 switches on core 0)
Dec 15 06:53:05 ubuntu devstack@keystone.service[81374]: DEBUG keystone.server.flask.request_processing.middleware.auth_context [None req-0f6187cb-bf47-45d2-9b1d-4a5c162cc72c None admin] Authenticating user token {{(pid=81374) process_request /opt/stack/data/venv/lib/python3.10/site-packages/keystonemiddleware/auth_token/__init__.py:407}}
Dec 15 06:53:05 ubuntu devstack@keystone.service[81375]: DEBUG keystone.server.flask.request_processing.middleware.auth_context [None req-c45bafe4-48c4-4e67-a11b-501988bf2c24 None admin] Authenticating user token {{(pid=81375) process_request /opt/stack/data/venv/lib/python3.10/site-packages/keystonemiddleware/auth_token/__init__.py:407}}
Dec 15 06:53:05 ubuntu devstack@keystone.service[81374]: DEBUG keystone.server.flask.request_processing.middleware.auth_context [None req-0f6187cb-bf47-45d2-9b1d-4a5c162cc72c None admin] Validating token access rules against request {{(pid=81374) validate_allowed_request /opt/stack/data/venv/lib/python3.10/site-packages/keystonemiddleware/auth_token/__init__.py:545}}
Dec 15 06:53:05 ubuntu devstack@keystone.service[81375]: DEBUG keystone.server.flask.request_processing.middleware.auth_context [None req-c45bafe4-48c4-4e67-a11b-501988bf2c24 None admin] Validating token access rules against request {{(pid=81375) validate_allowed_request /opt/stack/data/venv/lib/python3.10/site-packages/keystonemiddleware/auth_token/__init__.py:545}}
Dec 15 06:53:05 ubuntu devstack@keystone.service[81374]: DEBUG keystone.server.flask.request_processing.middleware.auth_context [None req-bb6a425d-8bd1-4982-8338-af4e99c0b1e0 None admin] RBAC: auth_context: {'token': <TokenModel (audit_id=3OHpeN9ZS12WvQSgIsQyZg, audit_chain_id=['3OHpeN9ZS12WvQSgIsQyZg']) at 0x7fae666e2800>, 'domain_id': None, 'trust_id': None, 'trustor_id': None, 'trustee_id': None, 'domain_name': None, 'group_ids': [], 'user_id': 'c811ac54574f4fb6920203d52006bc76', 'user_domain_id': 'default', 'system_scope': 'all', 'project_id': None, 'project_domain_id': None, 'roles': ['admin', 'manager', 'member', 'reader'], 'is_admin_project': True, 'service_user_id': None, 'service_user_domain_id': None, 'service_project_id': None, 'service_project_domain_id': None, 'service_roles': []} {{(pid=81374) fill_context /opt/stack/keystone/keystone/server/flask/request_processing/middleware/auth_context.py:509}}
Dec 15 06:53:05 ubuntu devstack@keystone.service[81374]: DEBUG keystone.server.flask.request_processing.req_logging [None req-bb6a425d-8bd1-4982-8338-af4e99c0b1e0 None admin] REQUEST_METHOD: `POST` {{(pid=81374) log_request_info /opt/stack/keystone/keystone/server/flask/request_processing/req_logging.py:26}}
Dec 15 06:53:05 ubuntu devstack@keystone.service[81374]: DEBUG keystone.server.flask.request_processing.req_logging [None req-bb6a425d-8bd1-4982-8338-af4e99c0b1e0 None admin] SCRIPT_NAME: `/identity` {{(pid=81374) log_request_info /opt/stack/keystone/keystone/server/flask/request_processing/req_logging.py:27}}
Dec 15 06:53:05 ubuntu devstack@keystone.service[81374]: DEBUG keystone.server.flask.request_processing.req_logging [None req-bb6a425d-8bd1-4982-8338-af4e99c0b1e0 None admin] PATH_INFO: `/v3/roles` {{(pid=81374) log_request_info /opt/stack/keystone/keystone/server/flask/request_processing/req_logging.py:28}}
Dec 15 06:53:05 ubuntu devstack@keystone.service[81374]: DEBUG keystone.common.rbac_enforcer.enforcer [None req-bb6a425d-8bd1-4982-8338-af4e99c0b1e0 None admin] RBAC: Authorizing `identity:create_role()` {{(pid=81374) enforce_call /opt/stack/keystone/keystone/common/rbac_enforcer/enforcer.py:494}}
Dec 15 06:53:05 ubuntu devstack@keystone.service[81374]: DEBUG keystone.common.rbac_enforcer.enforcer [None req-bb6a425d-8bd1-4982-8338-af4e99c0b1e0 None admin] RBAC: Authorization granted {{(pid=81374) enforce_call /opt/stack/keystone/keystone/common/rbac_enforcer/enforcer.py:505}}
Dec 15 06:53:05 ubuntu devstack@keystone.service[81375]: DEBUG keystone.server.flask.request_processing.middleware.auth_context [None req-e8eca64b-c93f-43dc-8ff0-1b905ab44c25 None admin] RBAC: auth_context: {'token': <TokenModel (audit_id=mzklSTv-RCiScJfScsi3NA, audit_chain_id=['mzklSTv-RCiScJfScsi3NA']) at 0x7fae66b9cbe0>, 'domain_id': None, 'trust_id': None, 'trustor_id': None, 'trustee_id': None, 'domain_name': None, 'group_ids': [], 'user_id': 'c811ac54574f4fb6920203d52006bc76', 'user_domain_id': 'default', 'system_scope': 'all', 'project_id': None, 'project_domain_id': None, 'roles': ['admin', 'manager', 'member', 'reader'], 'is_admin_project': True, 'service_user_id': None, 'service_user_domain_id': None, 'service_project_id': None, 'service_project_domain_id': None, 'service_roles': []} {{(pid=81375) fill_context /opt/stack/keystone/keystone/server/flask/request_processing/middleware/auth_context.py:509}}
Dec 15 06:53:05 ubuntu devstack@keystone.service[81375]: DEBUG keystone.server.flask.request_processing.req_logging [None req-e8eca64b-c93f-43dc-8ff0-1b905ab44c25 None admin] REQUEST_METHOD: `GET` {{(pid=81375) log_request_info /opt/stack/keystone/keystone/server/flask/request_processing/req_logging.py:26}}
Dec 15 06:53:05 ubuntu devstack@keystone.service[81375]: DEBUG keystone.server.flask.request_processing.req_logging [None req-e8eca64b-c93f-43dc-8ff0-1b905ab44c25 None admin] SCRIPT_NAME: `/identity` {{(pid=81375) log_request_info /opt/stack/keystone/keystone/server/flask/request_processing/req_logging.py:27}}
Dec 15 06:53:05 ubuntu devstack@keystone.service[81375]: DEBUG keystone.server.flask.request_processing.req_logging [None req-e8eca64b-c93f-43dc-8ff0-1b905ab44c25 None admin] PATH_INFO: `/v3/role_assignments` {{(pid=81375) log_request_info /opt/stack/keystone/keystone/server/flask/request_processing/req_logging.py:28}}
Dec 15 06:53:05 ubuntu devstack@keystone.service[81374]: DEBUG keystone.common.sql.core [None req-bb6a425d-8bd1-4982-8338-af4e99c0b1e0 None admin] Conflict role: (pymysql.err.IntegrityError) (1062, "Duplicate entry 'service-<<null>>' for key 'role.ixu_role_name_domain_id'")
Dec 15 06:53:05 ubuntu devstack@keystone.service[81374]: [SQL: INSERT INTO `role` (id, name, description, extra) VALUES (%(id)s, %(name)s, %(description)s, %(extra)s)]
Dec 15 06:53:05 ubuntu devstack@keystone.service[81374]: [parameters: {'id': '9731dc233a574f2a81e1df376bda7c2c', 'name': 'service', 'description': None, 'extra': '{}'}]
Dec 15 06:53:05 ubuntu devstack@keystone.service[81374]: (Background on this error at: https://sqlalche.me/e/20/gkpj) {{(pid=81374) wrapper /opt/stack/keystone/keystone/common/sql/core.py:580}}
Dec 15 06:53:05 ubuntu devstack@keystone.service[81375]: DEBUG keystone.common.rbac_enforcer.enforcer [None req-e8eca64b-c93f-43dc-8ff0-1b905ab44c25 None admin] RBAC: Adding query filter params (role.id=f91bb1f9fdb24a1ca5b701f4998309d9, scope.domain.id=default, user.id=c811ac54574f4fb6920203d52006bc76) {{(pid=81375) _extract_filter_values /opt/stack/keystone/keystone/common/rbac_enforcer/enforcer.py:176}}
Dec 15 06:53:05 ubuntu devstack@keystone.service[81375]: DEBUG keystone.common.rbac_enforcer.enforcer [None req-e8eca64b-c93f-43dc-8ff0-1b905ab44c25 None admin] RBAC: Authorizing `identity:list_role_assignments()` {{(pid=81375) enforce_call /opt/stack/keystone/keystone/common/rbac_enforcer/enforcer.py:494}}
Dec 15 06:53:05 ubuntu devstack@keystone.service[81375]: DEBUG keystone.common.rbac_enforcer.enforcer [None req-e8eca64b-c93f-43dc-8ff0-1b905ab44c25 None admin] RBAC: Authorization granted {{(pid=81375) enforce_call /opt/stack/keystone/keystone/common/rbac_enforcer/enforcer.py:505}}
Dec 15 06:53:05 ubuntu devstack@keystone.service[81374]: ERROR keystone.server.flask.application [None req-bb6a425d-8bd1-4982-8338-af4e99c0b1e0 None admin] Conflict occurred attempting to store role - Duplicate entry found with name service.: keystone.exception.Conflict: Conflict occurred attempting to store role - Duplicate entry found with name service.
Dec 15 06:53:05 ubuntu devstack@keystone.service[81374]: ERROR keystone.server.flask.application Traceback (most recent call last):
Dec 15 06:53:05 ubuntu devstack@keystone.service[81374]: ERROR keystone.server.flask.application   File "/opt/stack/data/venv/lib/python3.10/site-packages/sqlalchemy/engine/base.py", line 1967, in _exec_single_context
Dec 15 06:53:05 ubuntu devstack@keystone.service[81374]: ERROR keystone.server.flask.application     self.dialect.do_execute(
Dec 15 06:53:05 ubuntu devstack@keystone.service[81374]: ERROR keystone.server.flask.application   File "/opt/stack/data/venv/lib/python3.10/site-packages/sqlalchemy/engine/default.py", line 951, in do_execute
Dec 15 06:53:05 ubuntu devstack@keystone.service[81374]: ERROR keystone.server.flask.application     cursor.execute(statement, parameters)
Dec 15 06:53:05 ubuntu devstack@keystone.service[81374]: ERROR keystone.server.flask.application   File "/opt/stack/data/venv/lib/python3.10/site-packages/pymysql/cursors.py", line 153, in execute
Dec 15 06:53:05 ubuntu devstack@keystone.service[81374]: ERROR keystone.server.flask.application     result = self._query(query)
Dec 15 06:53:05 ubuntu devstack@keystone.service[81374]: ERROR keystone.server.flask.application   File "/opt/stack/data/venv/lib/python3.10/site-packages/pymysql/cursors.py", line 322, in _query
Dec 15 06:53:05 ubuntu devstack@keystone.service[81374]: ERROR keystone.server.flask.application     conn.query(q)
Dec 15 06:53:05 ubuntu devstack@keystone.service[81374]: ERROR keystone.server.flask.application   File "/opt/stack/data/venv/lib/python3.10/site-packages/pymysql/connections.py", line 575, in query
Dec 15 06:53:05 ubuntu devstack@keystone.service[81374]: ERROR keystone.server.flask.application     self._affected_rows = self._read_query_result(unbuffered=unbuffered)
Dec 15 06:53:05 ubuntu devstack@keystone.service[81374]: ERROR keystone.server.flask.application   File "/opt/stack/data/venv/lib/python3.10/site-packages/pymysql/connections.py", line 826, in _read_query_result
Dec 15 06:53:05 ubuntu devstack@keystone.service[81374]: ERROR keystone.server.flask.application     result.read()
Dec 15 06:53:05 ubuntu devstack@keystone.service[81374]: ERROR keystone.server.flask.application   File "/opt/stack/data/venv/lib/python3.10/site-packages/pymysql/connections.py", line 1203, in read
Dec 15 06:53:05 ubuntu devstack@keystone.service[81374]: ERROR keystone.server.flask.application     first_packet = self.connection._read_packet()
Dec 15 06:53:05 ubuntu devstack@keystone.service[81374]: ERROR keystone.server.flask.application   File "/opt/stack/data/venv/lib/python3.10/site-packages/pymysql/connections.py", line 782, in _read_packet
Dec 15 06:53:05 ubuntu devstack@keystone.service[81374]: ERROR keystone.server.flask.application     packet.raise_for_error()
Dec 15 06:53:05 ubuntu devstack@keystone.service[81374]: ERROR keystone.server.flask.application   File "/opt/stack/data/venv/lib/python3.10/site-packages/pymysql/protocol.py", line 219, in raise_for_error
Dec 15 06:53:05 ubuntu devstack@keystone.service[81374]: ERROR keystone.server.flask.application     err.raise_mysql_exception(self._data)
Dec 15 06:53:05 ubuntu devstack@keystone.service[81374]: ERROR keystone.server.flask.application   File "/opt/stack/data/venv/lib/python3.10/site-packages/pymysql/err.py", line 150, in raise_mysql_exception
Dec 15 06:53:05 ubuntu devstack@keystone.service[81374]: ERROR keystone.server.flask.application     raise errorclass(errno, errval)
Dec 15 06:53:05 ubuntu devstack@keystone.service[81374]: ERROR keystone.server.flask.application pymysql.err.IntegrityError: (1062, "Duplicate entry 'service-<<null>>' for key 'role.ixu_role_name_domain_id'")
Dec 15 06:53:05 ubuntu devstack@keystone.service[81374]: ERROR keystone.server.flask.application 
Dec 15 06:53:05 ubuntu devstack@keystone.service[81374]: ERROR keystone.server.flask.application The above exception was the direct cause of the following exception:
Dec 15 06:53:05 ubuntu devstack@keystone.service[81374]: ERROR keystone.server.flask.application 
Dec 15 06:53:05 ubuntu devstack@keystone.service[81374]: ERROR keystone.server.flask.application Traceback (most recent call last):
Dec 15 06:53:05 ubuntu devstack@keystone.service[81374]: ERROR keystone.server.flask.application   File "/opt/stack/keystone/keystone/common/sql/core.py", line 575, in wrapper
Dec 15 06:53:05 ubuntu devstack@keystone.service[81374]: ERROR keystone.server.flask.application     return method(*args, **kwargs)
Dec 15 06:53:05 ubuntu devstack@keystone.service[81374]: ERROR keystone.server.flask.application   File "/opt/stack/keystone/keystone/assignment/role_backends/sql.py", line 25, in create_role
Dec 15 06:53:05 ubuntu devstack@keystone.service[81374]: ERROR keystone.server.flask.application     with sql.session_for_write() as session:
Dec 15 06:53:05 ubuntu devstack@keystone.service[81374]: ERROR keystone.server.flask.application   File "/usr/lib/python3.10/contextlib.py", line 142, in __exit__
Dec 15 06:53:05 ubuntu devstack@keystone.service[81374]: ERROR keystone.server.flask.application     next(self.gen)
Dec 15 06:53:05 ubuntu devstack@keystone.service[81374]: ERROR keystone.server.flask.application   File "/opt/stack/data/venv/lib/python3.10/site-packages/oslo_db/sqlalchemy/enginefacade.py", line 1199, in _transaction_scope
Dec 15 06:53:05 ubuntu devstack@keystone.service[81374]: ERROR keystone.server.flask.application     with current._produce_block(
Dec 15 06:53:05 ubuntu devstack@keystone.service[81374]: ERROR keystone.server.flask.application   File "/usr/lib/python3.10/contextlib.py", line 142, in __exit__
Dec 15 06:53:05 ubuntu devstack@keystone.service[81374]: ERROR keystone.server.flask.application     next(self.gen)
Dec 15 06:53:05 ubuntu devstack@keystone.service[81374]: ERROR keystone.server.flask.application   File "/opt/stack/data/venv/lib/python3.10/site-packages/oslo_db/sqlalchemy/enginefacade.py", line 850, in _session
Dec 15 06:53:05 ubuntu devstack@keystone.service[81374]: ERROR keystone.server.flask.application     with excutils.save_and_reraise_exception():
Dec 15 06:53:05 ubuntu devstack@keystone.service[81374]: ERROR keystone.server.flask.application   File "/opt/stack/data/venv/lib/python3.10/site-packages/oslo_utils/excutils.py", line 256, in __exit__
Dec 15 06:53:05 ubuntu devstack@keystone.service[81374]: ERROR keystone.server.flask.application     self.force_reraise()
Dec 15 06:53:05 ubuntu devstack@keystone.service[81374]: ERROR keystone.server.flask.application   File "/opt/stack/data/venv/lib/python3.10/site-packages/oslo_utils/excutils.py", line 222, in force_reraise
Dec 15 06:53:05 ubuntu devstack@keystone.service[81374]: ERROR keystone.server.flask.application     raise self.value
