Sep 18 02:49:06 ubuntu devstack@c-api.service[129442]: DEBUG cinder.api.extensions [-] Loading extension cinder.api.contrib.scheduler_hints.Scheduler_hints {{(pid=129442) load_extension /opt/stack/cinder/cinder/api/extensions.py:199}}
Sep 18 02:49:06 ubuntu devstack@c-api.service[129442]: DEBUG cinder.api.extensions [-] Calling extension factory cinder.api.contrib.scheduler_hints.Scheduler_hints {{(pid=129442) load_extension /opt/stack/cinder/cinder/api/extensions.py:205}}
Sep 18 02:49:06 ubuntu devstack@c-api.service[129442]: DEBUG cinder.api.extensions [-] Ext name: SchedulerHints {{(pid=129442) _check_extension /opt/stack/cinder/cinder/api/extensions.py:179}}
Sep 18 02:49:06 ubuntu devstack@c-api.service[129442]: DEBUG cinder.api.extensions [-] Ext alias: OS-SCH-HNT {{(pid=129442) _check_extension /opt/stack/cinder/cinder/api/extensions.py:180}}
Sep 18 02:49:06 ubuntu devstack@c-api.service[129442]: DEBUG cinder.api.extensions [-] Ext description: Pass arbitrary key/value pairs to the scheduler. {{(pid=129442) _check_extension /opt/stack/cinder/cinder/api/extensions.py:181}}
Sep 18 02:49:06 ubuntu devstack@c-api.service[129442]: DEBUG cinder.api.extensions [-] Ext updated: 2013-04-18T00:00:00+00:00 {{(pid=129442) _check_extension /opt/stack/cinder/cinder/api/extensions.py:183}}
Sep 18 02:49:06 ubuntu devstack@c-api.service[129442]: DEBUG cinder.api.extensions [-] Loaded extension: OS-SCH-HNT {{(pid=129442) register /opt/stack/cinder/cinder/api/extensions.py:140}}
Sep 18 02:49:06 ubuntu devstack@c-api.service[129442]: DEBUG cinder.api.extensions [-] Loading extension cinder.api.contrib.volume_host_attribute.Volume_host_attribute {{(pid=129442) load_extension /opt/stack/cinder/cinder/api/extensions.py:199}}
Sep 18 02:49:06 ubuntu devstack@c-api.service[129442]: DEBUG cinder.api.extensions [-] Calling extension factory cinder.api.contrib.volume_host_attribute.Volume_host_attribute {{(pid=129442) load_extension /opt/stack/cinder/cinder/api/extensions.py:205}}
Sep 18 02:49:06 ubuntu devstack@c-api.service[129442]: DEBUG cinder.api.extensions [-] Ext name: VolumeHostAttribute {{(pid=129442) _check_extension /opt/stack/cinder/cinder/api/extensions.py:179}}
Sep 18 02:49:06 ubuntu devstack@c-api.service[129442]: DEBUG cinder.api.extensions [-] Ext alias: os-vol-host-attr {{(pid=129442) _check_extension /opt/stack/cinder/cinder/api/extensions.py:180}}
Sep 18 02:49:06 ubuntu devstack@c-api.service[129442]: DEBUG cinder.api.extensions [-] Ext description: Expose host as an attribute of a volume. {{(pid=129442) _check_extension /opt/stack/cinder/cinder/api/extensions.py:181}}
Sep 18 02:49:06 ubuntu devstack@c-api.service[129442]: DEBUG cinder.api.extensions [-] Ext updated: 2011-11-03T00:00:00+00:00 {{(pid=129442) _check_extension /opt/stack/cinder/cinder/api/extensions.py:183}}
Sep 18 02:49:06 ubuntu devstack@c-api.service[129442]: DEBUG cinder.api.extensions [-] Loaded extension: os-vol-host-attr {{(pid=129442) register /opt/stack/cinder/cinder/api/extensions.py:140}}
Sep 18 02:49:06 ubuntu devstack@c-api.service[129443]: INFO dbcounter [None req-a3d7ad31-9a51-41b9-b27a-f9e1a0d8f0b5 None None] Registered counter for database cinder
Sep 18 02:49:06 ubuntu devstack@c-api.service[129443]: DEBUG oslo_db.sqlalchemy.engines [None req-a3d7ad31-9a51-41b9-b27a-f9e1a0d8f0b5 None None] MySQL server mode set to STRICT_TRANS_TABLES,STRICT_ALL_TABLES,NO_ZERO_IN_DATE,NO_ZERO_DATE,ERROR_FOR_DIVISION_BY_ZERO,TRADITIONAL,NO_ENGINE_SUBSTITUTION {{(pid=129443) _check_effective_sql_mode /opt/stack/data/venv/lib/python3.10/site-packages/oslo_db/sqlalchemy/engines.py:397}}
Sep 18 02:49:06 ubuntu devstack@c-api.service[129442]: INFO dbcounter [None req-db7c0222-8105-47e8-ba10-41596f0f7f1d None None] Registered counter for database cinder
Sep 18 02:49:06 ubuntu devstack@c-api.service[129442]: DEBUG oslo_db.sqlalchemy.engines [None req-db7c0222-8105-47e8-ba10-41596f0f7f1d None None] MySQL server mode set to STRICT_TRANS_TABLES,STRICT_ALL_TABLES,NO_ZERO_IN_DATE,NO_ZERO_DATE,ERROR_FOR_DIVISION_BY_ZERO,TRADITIONAL,NO_ENGINE_SUBSTITUTION {{(pid=129442) _check_effective_sql_mode /opt/stack/data/venv/lib/python3.10/site-packages/oslo_db/sqlalchemy/engines.py:397}}
Sep 18 02:49:06 ubuntu devstack@c-api.service[129443]: DEBUG dbcounter [-] [129443] Writer thread running {{(pid=129443) stat_writer /opt/stack/data/venv/lib/python3.10/site-packages/dbcounter.py:102}}
Sep 18 02:49:06 ubuntu devstack@c-api.service[129443]: INFO cinder.rpc [None req-a3d7ad31-9a51-41b9-b27a-f9e1a0d8f0b5 None None] Automatically selected cinder-scheduler objects version 1.39 as minimum service version.
Sep 18 02:49:06 ubuntu devstack@c-api.service[129443]: INFO cinder.rpc [None req-a3d7ad31-9a51-41b9-b27a-f9e1a0d8f0b5 None None] Automatically selected cinder-scheduler RPC version 3.12 as minimum service version.
Sep 18 02:49:06 ubuntu devstack@c-api.service[129443]: INFO cinder.rpc [None req-a3d7ad31-9a51-41b9-b27a-f9e1a0d8f0b5 None None] Automatically selected cinder-volume objects version 1.39 as minimum service version.
Sep 18 02:49:06 ubuntu devstack@c-api.service[129443]: INFO cinder.rpc [None req-a3d7ad31-9a51-41b9-b27a-f9e1a0d8f0b5 None None] Automatically selected cinder-volume RPC version 3.20 as minimum service version.
Sep 18 02:49:06 ubuntu devstack@c-api.service[129443]: WARNING stevedore.named [None req-a3d7ad31-9a51-41b9-b27a-f9e1a0d8f0b5 None None] Could not load cinder.keymgr.conf_key_mgr.ConfKeyManager
Sep 18 02:49:06 ubuntu devstack@c-api.service[129443]: WARNING castellan.key_manager [None req-a3d7ad31-9a51-41b9-b27a-f9e1a0d8f0b5 None None] Deprecation Warning : cinder.keymgr.conf_key_mgr.ConfKeyManager is not a stevedore based driver, trying to load it as a class: stevedore.exception.NoMatches: No 'castellan.drivers' driver found, looking for 'cinder.keymgr.conf_key_mgr.ConfKeyManager'
Sep 18 02:49:06 ubuntu devstack@c-api.service[129443]: WARNING cinder.keymgr.conf_key_mgr [None req-a3d7ad31-9a51-41b9-b27a-f9e1a0d8f0b5 None None] This key manager is insecure and is not recommended for production deployments: stevedore.exception.NoMatches: No 'castellan.drivers' driver found, looking for 'cinder.keymgr.conf_key_mgr.ConfKeyManager'
Sep 18 02:49:06 ubuntu devstack@c-api.service[129443]: DEBUG oslo_db.sqlalchemy.engines [None req-a3d7ad31-9a51-41b9-b27a-f9e1a0d8f0b5 None None] MySQL server mode set to STRICT_TRANS_TABLES,STRICT_ALL_TABLES,NO_ZERO_IN_DATE,NO_ZERO_DATE,ERROR_FOR_DIVISION_BY_ZERO,TRADITIONAL,NO_ENGINE_SUBSTITUTION {{(pid=129443) _check_effective_sql_mode /opt/stack/data/venv/lib/python3.10/site-packages/oslo_db/sqlalchemy/engines.py:397}}
Sep 18 02:49:06 ubuntu devstack@c-api.service[129443]: INFO cinder.rpc [None req-a3d7ad31-9a51-41b9-b27a-f9e1a0d8f0b5 None None] Automatically selected cinder-backup objects version 1.39 as minimum service version.
Sep 18 02:49:06 ubuntu devstack@c-api.service[129443]: INFO cinder.rpc [None req-a3d7ad31-9a51-41b9-b27a-f9e1a0d8f0b5 None None] Automatically selected cinder-backup RPC version 2.4 as minimum service version.
Sep 18 02:49:06 ubuntu devstack@c-api.service[129443]: WARNING stevedore.named [None req-a3d7ad31-9a51-41b9-b27a-f9e1a0d8f0b5 None None] Could not load cinder.keymgr.conf_key_mgr.ConfKeyManager
Sep 18 02:49:06 ubuntu devstack@c-api.service[129443]: WARNING castellan.key_manager [None req-a3d7ad31-9a51-41b9-b27a-f9e1a0d8f0b5 None None] Deprecation Warning : cinder.keymgr.conf_key_mgr.ConfKeyManager is not a stevedore based driver, trying to load it as a class: stevedore.exception.NoMatches: No 'castellan.drivers' driver found, looking for 'cinder.keymgr.conf_key_mgr.ConfKeyManager'
Sep 18 02:49:06 ubuntu devstack@c-api.service[129443]: WARNING stevedore.named [None req-a3d7ad31-9a51-41b9-b27a-f9e1a0d8f0b5 None None] Could not load cinder.keymgr.conf_key_mgr.ConfKeyManager
Sep 18 02:49:06 ubuntu devstack@c-api.service[129443]: WARNING castellan.key_manager [None req-a3d7ad31-9a51-41b9-b27a-f9e1a0d8f0b5 None None] Deprecation Warning : cinder.keymgr.conf_key_mgr.ConfKeyManager is not a stevedore based driver, trying to load it as a class: stevedore.exception.NoMatches: No 'castellan.drivers' driver found, looking for 'cinder.keymgr.conf_key_mgr.ConfKeyManager'
Sep 18 02:49:06 ubuntu devstack@c-api.service[129443]: WARNING stevedore.named [None req-a3d7ad31-9a51-41b9-b27a-f9e1a0d8f0b5 None None] Could not load cinder.keymgr.conf_key_mgr.ConfKeyManager
Sep 18 02:49:06 ubuntu devstack@c-api.service[129443]: WARNING castellan.key_manager [None req-a3d7ad31-9a51-41b9-b27a-f9e1a0d8f0b5 None None] Deprecation Warning : cinder.keymgr.conf_key_mgr.ConfKeyManager is not a stevedore based driver, trying to load it as a class: stevedore.exception.NoMatches: No 'castellan.drivers' driver found, looking for 'cinder.keymgr.conf_key_mgr.ConfKeyManager'
Sep 18 02:49:06 ubuntu devstack@c-api.service[129443]: WARNING stevedore.named [None req-a3d7ad31-9a51-41b9-b27a-f9e1a0d8f0b5 None None] Could not load cinder.keymgr.conf_key_mgr.ConfKeyManager
Sep 18 02:49:06 ubuntu devstack@c-api.service[129443]: WARNING castellan.key_manager [None req-a3d7ad31-9a51-41b9-b27a-f9e1a0d8f0b5 None None] Deprecation Warning : cinder.keymgr.conf_key_mgr.ConfKeyManager is not a stevedore based driver, trying to load it as a class: stevedore.exception.NoMatches: No 'castellan.drivers' driver found, looking for 'cinder.keymgr.conf_key_mgr.ConfKeyManager'
Sep 18 02:49:06 ubuntu devstack@c-api.service[129443]: WARNING stevedore.named [None req-a3d7ad31-9a51-41b9-b27a-f9e1a0d8f0b5 None None] Could not load cinder.keymgr.conf_key_mgr.ConfKeyManager
Sep 18 02:49:06 ubuntu devstack@c-api.service[129443]: WARNING castellan.key_manager [None req-a3d7ad31-9a51-41b9-b27a-f9e1a0d8f0b5 None None] Deprecation Warning : cinder.keymgr.conf_key_mgr.ConfKeyManager is not a stevedore based driver, trying to load it as a class: stevedore.exception.NoMatches: No 'castellan.drivers' driver found, looking for 'cinder.keymgr.conf_key_mgr.ConfKeyManager'
Sep 18 02:49:06 ubuntu devstack@c-api.service[129443]: WARNING stevedore.named [None req-a3d7ad31-9a51-41b9-b27a-f9e1a0d8f0b5 None None] Could not load cinder.keymgr.conf_key_mgr.ConfKeyManager
Sep 18 02:49:06 ubuntu devstack@c-api.service[129443]: WARNING castellan.key_manager [None req-a3d7ad31-9a51-41b9-b27a-f9e1a0d8f0b5 None None] Deprecation Warning : cinder.keymgr.conf_key_mgr.ConfKeyManager is not a stevedore based driver, trying to load it as a class: stevedore.exception.NoMatches: No 'castellan.drivers' driver found, looking for 'cinder.keymgr.conf_key_mgr.ConfKeyManager'
Sep 18 02:49:06 ubuntu devstack@c-api.service[129443]: WARNING stevedore.named [None req-a3d7ad31-9a51-41b9-b27a-f9e1a0d8f0b5 None None] Could not load cinder.keymgr.conf_key_mgr.ConfKeyManager
Sep 18 02:49:06 ubuntu devstack@c-api.service[129443]: WARNING castellan.key_manager [None req-a3d7ad31-9a51-41b9-b27a-f9e1a0d8f0b5 None None] Deprecation Warning : cinder.keymgr.conf_key_mgr.ConfKeyManager is not a stevedore based driver, trying to load it as a class: stevedore.exception.NoMatches: No 'castellan.drivers' driver found, looking for 'cinder.keymgr.conf_key_mgr.ConfKeyManager'
Sep 18 02:49:06 ubuntu devstack@c-api.service[129443]: WARNING stevedore.named [None req-a3d7ad31-9a51-41b9-b27a-f9e1a0d8f0b5 None None] Could not load cinder.keymgr.conf_key_mgr.ConfKeyManager
Sep 18 02:49:06 ubuntu devstack@c-api.service[129443]: WARNING castellan.key_manager [None req-a3d7ad31-9a51-41b9-b27a-f9e1a0d8f0b5 None None] Deprecation Warning : cinder.keymgr.conf_key_mgr.ConfKeyManager is not a stevedore based driver, trying to load it as a class: stevedore.exception.NoMatches: No 'castellan.drivers' driver found, looking for 'cinder.keymgr.conf_key_mgr.ConfKeyManager'
Sep 18 02:49:06 ubuntu devstack@c-api.service[129443]: WARNING stevedore.named [None req-a3d7ad31-9a51-41b9-b27a-f9e1a0d8f0b5 None None] Could not load cinder.keymgr.conf_key_mgr.ConfKeyManager
Sep 18 02:49:06 ubuntu devstack@c-api.service[129443]: WARNING castellan.key_manager [None req-a3d7ad31-9a51-41b9-b27a-f9e1a0d8f0b5 None None] Deprecation Warning : cinder.keymgr.conf_key_mgr.ConfKeyManager is not a stevedore based driver, trying to load it as a class: stevedore.exception.NoMatches: No 'castellan.drivers' driver found, looking for 'cinder.keymgr.conf_key_mgr.ConfKeyManager'
Sep 18 02:49:06 ubuntu devstack@c-api.service[129443]: WARNING stevedore.named [None req-a3d7ad31-9a51-41b9-b27a-f9e1a0d8f0b5 None None] Could not load cinder.keymgr.conf_key_mgr.ConfKeyManager
Sep 18 02:49:06 ubuntu devstack@c-api.service[129443]: WARNING castellan.key_manager [None req-a3d7ad31-9a51-41b9-b27a-f9e1a0d8f0b5 None None] Deprecation Warning : cinder.keymgr.conf_key_mgr.ConfKeyManager is not a stevedore based driver, trying to load it as a class: stevedore.exception.NoMatches: No 'castellan.drivers' driver found, looking for 'cinder.keymgr.conf_key_mgr.ConfKeyManager'
Sep 18 02:49:06 ubuntu devstack@c-api.service[129443]: WARNING stevedore.named [None req-a3d7ad31-9a51-41b9-b27a-f9e1a0d8f0b5 None None] Could not load cinder.keymgr.conf_key_mgr.ConfKeyManager
Sep 18 02:49:06 ubuntu devstack@c-api.service[129443]: WARNING castellan.key_manager [None req-a3d7ad31-9a51-41b9-b27a-f9e1a0d8f0b5 None None] Deprecation Warning : cinder.keymgr.conf_key_mgr.ConfKeyManager is not a stevedore based driver, trying to load it as a class: stevedore.exception.NoMatches: No 'castellan.drivers' driver found, looking for 'cinder.keymgr.conf_key_mgr.ConfKeyManager'
Sep 18 02:49:06 ubuntu devstack@c-api.service[129443]: WARNING stevedore.named [None req-a3d7ad31-9a51-41b9-b27a-f9e1a0d8f0b5 None None] Could not load cinder.keymgr.conf_key_mgr.ConfKeyManager
Sep 18 02:49:06 ubuntu devstack@c-api.service[129443]: WARNING castellan.key_manager [None req-a3d7ad31-9a51-41b9-b27a-f9e1a0d8f0b5 None None] Deprecation Warning : cinder.keymgr.conf_key_mgr.ConfKeyManager is not a stevedore based driver, trying to load it as a class: stevedore.exception.NoMatches: No 'castellan.drivers' driver found, looking for 'cinder.keymgr.conf_key_mgr.ConfKeyManager'
Sep 18 02:49:06 ubuntu devstack@c-api.service[129443]: WARNING stevedore.named [None req-a3d7ad31-9a51-41b9-b27a-f9e1a0d8f0b5 None None] Could not load cinder.keymgr.conf_key_mgr.ConfKeyManager
Sep 18 02:49:06 ubuntu devstack@c-api.service[129443]: WARNING castellan.key_manager [None req-a3d7ad31-9a51-41b9-b27a-f9e1a0d8f0b5 None None] Deprecation Warning : cinder.keymgr.conf_key_mgr.ConfKeyManager is not a stevedore based driver, trying to load it as a class: stevedore.exception.NoMatches: No 'castellan.drivers' driver found, looking for 'cinder.keymgr.conf_key_mgr.ConfKeyManager'
Sep 18 02:49:06 ubuntu devstack@c-api.service[129443]: WARNING stevedore.named [None req-a3d7ad31-9a51-41b9-b27a-f9e1a0d8f0b5 None None] Could not load cinder.keymgr.conf_key_mgr.ConfKeyManager
Sep 18 02:49:06 ubuntu devstack@c-api.service[129443]: WARNING castellan.key_manager [None req-a3d7ad31-9a51-41b9-b27a-f9e1a0d8f0b5 None None] Deprecation Warning : cinder.keymgr.conf_key_mgr.ConfKeyManager is not a stevedore based driver, trying to load it as a class: stevedore.exception.NoMatches: No 'castellan.drivers' driver found, looking for 'cinder.keymgr.conf_key_mgr.ConfKeyManager'
Sep 18 02:49:06 ubuntu devstack@c-api.service[129443]: WARNING stevedore.named [None req-a3d7ad31-9a51-41b9-b27a-f9e1a0d8f0b5 None None] Could not load cinder.keymgr.conf_key_mgr.ConfKeyManager
Sep 18 02:49:06 ubuntu devstack@c-api.service[129443]: WARNING castellan.key_manager [None req-a3d7ad31-9a51-41b9-b27a-f9e1a0d8f0b5 None None] Deprecation Warning : cinder.keymgr.conf_key_mgr.ConfKeyManager is not a stevedore based driver, trying to load it as a class: stevedore.exception.NoMatches: No 'castellan.drivers' driver found, looking for 'cinder.keymgr.conf_key_mgr.ConfKeyManager'
Sep 18 02:49:06 ubuntu devstack@c-api.service[129443]: WARNING stevedore.named [None req-a3d7ad31-9a51-41b9-b27a-f9e1a0d8f0b5 None None] Could not load cinder.keymgr.conf_key_mgr.ConfKeyManager
Sep 18 02:49:06 ubuntu devstack@c-api.service[129443]: WARNING castellan.key_manager [None req-a3d7ad31-9a51-41b9-b27a-f9e1a0d8f0b5 None None] Deprecation Warning : cinder.keymgr.conf_key_mgr.ConfKeyManager is not a stevedore based driver, trying to load it as a class: stevedore.exception.NoMatches: No 'castellan.drivers' driver found, looking for 'cinder.keymgr.conf_key_mgr.ConfKeyManager'
Sep 18 02:49:06 ubuntu devstack@c-api.service[129443]: WARNING stevedore.named [None req-a3d7ad31-9a51-41b9-b27a-f9e1a0d8f0b5 None None] Could not load cinder.keymgr.conf_key_mgr.ConfKeyManager
Sep 18 02:49:06 ubuntu devstack@c-api.service[129443]: WARNING castellan.key_manager [None req-a3d7ad31-9a51-41b9-b27a-f9e1a0d8f0b5 None None] Deprecation Warning : cinder.keymgr.conf_key_mgr.ConfKeyManager is not a stevedore based driver, trying to load it as a class: stevedore.exception.NoMatches: No 'castellan.drivers' driver found, looking for 'cinder.keymgr.conf_key_mgr.ConfKeyManager'
Sep 18 02:49:06 ubuntu devstack@c-api.service[129443]: WARNING stevedore.named [None req-a3d7ad31-9a51-41b9-b27a-f9e1a0d8f0b5 None None] Could not load cinder.keymgr.conf_key_mgr.ConfKeyManager
Sep 18 02:49:06 ubuntu devstack@c-api.service[129443]: WARNING castellan.key_manager [None req-a3d7ad31-9a51-41b9-b27a-f9e1a0d8f0b5 None None] Deprecation Warning : cinder.keymgr.conf_key_mgr.ConfKeyManager is not a stevedore based driver, trying to load it as a class: stevedore.exception.NoMatches: No 'castellan.drivers' driver found, looking for 'cinder.keymgr.conf_key_mgr.ConfKeyManager'
Sep 18 02:49:06 ubuntu devstack@c-api.service[129443]: WARNING stevedore.named [None req-a3d7ad31-9a51-41b9-b27a-f9e1a0d8f0b5 None None] Could not load cinder.keymgr.conf_key_mgr.ConfKeyManager
Sep 18 02:49:06 ubuntu devstack@c-api.service[129443]: WARNING castellan.key_manager [None req-a3d7ad31-9a51-41b9-b27a-f9e1a0d8f0b5 None None] Deprecation Warning : cinder.keymgr.conf_key_mgr.ConfKeyManager is not a stevedore based driver, trying to load it as a class: stevedore.exception.NoMatches: No 'castellan.drivers' driver found, looking for 'cinder.keymgr.conf_key_mgr.ConfKeyManager'
Sep 18 02:49:06 ubuntu devstack@c-api.service[129443]: WARNING stevedore.named [None req-a3d7ad31-9a51-41b9-b27a-f9e1a0d8f0b5 None None] Could not load cinder.keymgr.conf_key_mgr.ConfKeyManager
Sep 18 02:49:06 ubuntu devstack@c-api.service[129443]: WARNING castellan.key_manager [None req-a3d7ad31-9a51-41b9-b27a-f9e1a0d8f0b5 None None] Deprecation Warning : cinder.keymgr.conf_key_mgr.ConfKeyManager is not a stevedore based driver, trying to load it as a class: stevedore.exception.NoMatches: No 'castellan.drivers' driver found, looking for 'cinder.keymgr.conf_key_mgr.ConfKeyManager'
Sep 18 02:49:06 ubuntu devstack@c-api.service[129443]: WARNING stevedore.named [None req-a3d7ad31-9a51-41b9-b27a-f9e1a0d8f0b5 None None] Could not load cinder.keymgr.conf_key_mgr.ConfKeyManager
Sep 18 02:49:06 ubuntu devstack@c-api.service[129443]: WARNING castellan.key_manager [None req-a3d7ad31-9a51-41b9-b27a-f9e1a0d8f0b5 None None] Deprecation Warning : cinder.keymgr.conf_key_mgr.ConfKeyManager is not a stevedore based driver, trying to load it as a class: stevedore.exception.NoMatches: No 'castellan.drivers' driver found, looking for 'cinder.keymgr.conf_key_mgr.ConfKeyManager'
Sep 18 02:49:06 ubuntu devstack@c-api.service[129443]: WARNING stevedore.named [None req-a3d7ad31-9a51-41b9-b27a-f9e1a0d8f0b5 None None] Could not load cinder.keymgr.conf_key_mgr.ConfKeyManager
Sep 18 02:49:06 ubuntu devstack@c-api.service[129443]: WARNING castellan.key_manager [None req-a3d7ad31-9a51-41b9-b27a-f9e1a0d8f0b5 None None] Deprecation Warning : cinder.keymgr.conf_key_mgr.ConfKeyManager is not a stevedore based driver, trying to load it as a class: stevedore.exception.NoMatches: No 'castellan.drivers' driver found, looking for 'cinder.keymgr.conf_key_mgr.ConfKeyManager'
Sep 18 02:49:06 ubuntu devstack@c-api.service[129443]: WARNING cinder.api.contrib.hosts [None req-a3d7ad31-9a51-41b9-b27a-f9e1a0d8f0b5 None None] Deprecated: The Host API is deprecated and will be be removed in a future version.
Sep 18 02:49:06 ubuntu devstack@c-api.service[129443]: WARNING stevedore.named [None req-a3d7ad31-9a51-41b9-b27a-f9e1a0d8f0b5 None None] Could not load cinder.keymgr.conf_key_mgr.ConfKeyManager
Sep 18 02:49:06 ubuntu devstack@c-api.service[129443]: WARNING castellan.key_manager [None req-a3d7ad31-9a51-41b9-b27a-f9e1a0d8f0b5 None None] Deprecation Warning : cinder.keymgr.conf_key_mgr.ConfKeyManager is not a stevedore based driver, trying to load it as a class: stevedore.exception.NoMatches: No 'castellan.drivers' driver found, looking for 'cinder.keymgr.conf_key_mgr.ConfKeyManager'
Sep 18 02:49:06 ubuntu devstack@c-api.service[129443]: WARNING stevedore.named [None req-a3d7ad31-9a51-41b9-b27a-f9e1a0d8f0b5 None None] Could not load cinder.keymgr.conf_key_mgr.ConfKeyManager
Sep 18 02:49:06 ubuntu devstack@c-api.service[129443]: WARNING castellan.key_manager [None req-a3d7ad31-9a51-41b9-b27a-f9e1a0d8f0b5 None None] Deprecation Warning : cinder.keymgr.conf_key_mgr.ConfKeyManager is not a stevedore based driver, trying to load it as a class: stevedore.exception.NoMatches: No 'castellan.drivers' driver found, looking for 'cinder.keymgr.conf_key_mgr.ConfKeyManager'
Sep 18 02:49:06 ubuntu devstack@c-api.service[129443]: DEBUG cinder.api.openstack [None req-a3d7ad31-9a51-41b9-b27a-f9e1a0d8f0b5 None None] Extended resource: extensions {{(pid=129443) _setup_ext_routes /opt/stack/cinder/cinder/api/openstack/__init__.py:129}}
Sep 18 02:49:06 ubuntu devstack@c-api.service[129443]: DEBUG cinder.api.openstack [None req-a3d7ad31-9a51-41b9-b27a-f9e1a0d8f0b5 None None] Extended resource: extra_specs {{(pid=129443) _setup_ext_routes /opt/stack/cinder/cinder/api/openstack/__init__.py:129}}
Sep 18 02:49:06 ubuntu devstack@c-api.service[129443]: DEBUG cinder.api.openstack [None req-a3d7ad31-9a51-41b9-b27a-f9e1a0d8f0b5 None None] Extended resource: encryption {{(pid=129443) _setup_ext_routes /opt/stack/cinder/cinder/api/openstack/__init__.py:129}}
Sep 18 02:49:06 ubuntu devstack@c-api.service[129443]: DEBUG cinder.api.openstack [None req-a3d7ad31-9a51-41b9-b27a-f9e1a0d8f0b5 None None] Extended resource: cgsnapshots {{(pid=129443) _setup_ext_routes /opt/stack/cinder/cinder/api/openstack/__init__.py:129}}
Sep 18 02:49:06 ubuntu devstack@c-api.service[129443]: DEBUG cinder.api.openstack [None req-a3d7ad31-9a51-41b9-b27a-f9e1a0d8f0b5 None None] Extended resource: capabilities {{(pid=129443) _setup_ext_routes /opt/stack/cinder/cinder/api/openstack/__init__.py:129}}
Sep 18 02:49:06 ubuntu devstack@c-api.service[129443]: DEBUG cinder.api.openstack [None req-a3d7ad31-9a51-41b9-b27a-f9e1a0d8f0b5 None None] Extended resource: consistencygroups {{(pid=129443) _setup_ext_routes /opt/stack/cinder/cinder/api/openstack/__init__.py:129}}
Sep 18 02:49:06 ubuntu devstack@c-api.service[129443]: DEBUG cinder.api.openstack [None req-a3d7ad31-9a51-41b9-b27a-f9e1a0d8f0b5 None None] Extended resource: os-services {{(pid=129443) _setup_ext_routes /opt/stack/cinder/cinder/api/openstack/__init__.py:129}}
Sep 18 02:49:06 ubuntu devstack@c-api.service[129443]: DEBUG cinder.api.openstack [None req-a3d7ad31-9a51-41b9-b27a-f9e1a0d8f0b5 None None] Extended resource: encryption {{(pid=129443) _setup_ext_routes /opt/stack/cinder/cinder/api/openstack/__init__.py:129}}
Sep 18 02:49:06 ubuntu devstack@c-api.service[129443]: DEBUG cinder.api.openstack [None req-a3d7ad31-9a51-41b9-b27a-f9e1a0d8f0b5 None None] Extended resource: os-quota-sets {{(pid=129443) _setup_ext_routes /opt/stack/cinder/cinder/api/openstack/__init__.py:129}}
Sep 18 02:49:06 ubuntu devstack@c-api.service[129443]: DEBUG cinder.api.openstack [None req-a3d7ad31-9a51-41b9-b27a-f9e1a0d8f0b5 None None] Extended resource: qos-specs {{(pid=129443) _setup_ext_routes /opt/stack/cinder/cinder/api/openstack/__init__.py:129}}
Sep 18 02:49:06 ubuntu devstack@c-api.service[129442]: DEBUG dbcounter [-] [129442] Writer thread running {{(pid=129442) stat_writer /opt/stack/data/venv/lib/python3.10/site-packages/dbcounter.py:102}}
Sep 18 02:49:06 ubuntu devstack@c-api.service[129443]: DEBUG cinder.api.openstack [None req-a3d7ad31-9a51-41b9-b27a-f9e1a0d8f0b5 None None] Extended resource: os-volume-transfer {{(pid=129443) _setup_ext_routes /opt/stack/cinder/cinder/api/openstack/__init__.py:129}}
Sep 18 02:49:06 ubuntu devstack@c-api.service[129443]: DEBUG cinder.api.openstack [None req-a3d7ad31-9a51-41b9-b27a-f9e1a0d8f0b5 None None] Extended resource: os-snapshot-manage {{(pid=129443) _setup_ext_routes /opt/stack/cinder/cinder/api/openstack/__init__.py:129}}
Sep 18 02:49:06 ubuntu devstack@c-api.service[129443]: DEBUG cinder.api.openstack [None req-a3d7ad31-9a51-41b9-b27a-f9e1a0d8f0b5 None None] Extended resource: scheduler-stats {{(pid=129443) _setup_ext_routes /opt/stack/cinder/cinder/api/openstack/__init__.py:129}}
Sep 18 02:49:06 ubuntu devstack@c-api.service[129442]: INFO cinder.rpc [None req-db7c0222-8105-47e8-ba10-41596f0f7f1d None None] Automatically selected cinder-scheduler objects version 1.39 as minimum service version.
Sep 18 02:49:06 ubuntu devstack@c-api.service[129443]: DEBUG cinder.api.openstack [None req-a3d7ad31-9a51-41b9-b27a-f9e1a0d8f0b5 None None] Extended resource: backups {{(pid=129443) _setup_ext_routes /opt/stack/cinder/cinder/api/openstack/__init__.py:129}}
Sep 18 02:49:06 ubuntu devstack@c-api.service[129443]: DEBUG cinder.api.openstack [None req-a3d7ad31-9a51-41b9-b27a-f9e1a0d8f0b5 None None] Extended resource: os-volume-type-access {{(pid=129443) _setup_ext_routes /opt/stack/cinder/cinder/api/openstack/__init__.py:129}}
Sep 18 02:49:06 ubuntu devstack@c-api.service[129442]: INFO cinder.rpc [None req-db7c0222-8105-47e8-ba10-41596f0f7f1d None None] Automatically selected cinder-scheduler RPC version 3.12 as minimum service version.
Sep 18 02:49:06 ubuntu devstack@c-api.service[129443]: DEBUG cinder.api.openstack [None req-a3d7ad31-9a51-41b9-b27a-f9e1a0d8f0b5 None None] Extended resource: os-hosts {{(pid=129443) _setup_ext_routes /opt/stack/cinder/cinder/api/openstack/__init__.py:129}}
Sep 18 02:49:06 ubuntu devstack@c-api.service[129443]: DEBUG cinder.api.openstack [None req-a3d7ad31-9a51-41b9-b27a-f9e1a0d8f0b5 None None] Extended resource: os-quota-class-sets {{(pid=129443) _setup_ext_routes /opt/stack/cinder/cinder/api/openstack/__init__.py:129}}
Sep 18 02:49:06 ubuntu devstack@c-api.service[129442]: INFO cinder.rpc [None req-db7c0222-8105-47e8-ba10-41596f0f7f1d None None] Automatically selected cinder-volume objects version 1.39 as minimum service version.
Sep 18 02:49:06 ubuntu devstack@c-api.service[129443]: DEBUG cinder.api.openstack [None req-a3d7ad31-9a51-41b9-b27a-f9e1a0d8f0b5 None None] Extended resource: os-volume-manage {{(pid=129443) _setup_ext_routes /opt/stack/cinder/cinder/api/openstack/__init__.py:129}}
Sep 18 02:49:06 ubuntu devstack@c-api.service[129443]: DEBUG cinder.api.openstack [None req-a3d7ad31-9a51-41b9-b27a-f9e1a0d8f0b5 None None] Extended resource: os-availability-zone {{(pid=129443) _setup_ext_routes /opt/stack/cinder/cinder/api/openstack/__init__.py:129}}
Sep 18 02:49:06 ubuntu devstack@c-api.service[129442]: INFO cinder.rpc [None req-db7c0222-8105-47e8-ba10-41596f0f7f1d None None] Automatically selected cinder-volume RPC version 3.20 as minimum service version.
Sep 18 02:49:06 ubuntu devstack@c-api.service[129442]: WARNING stevedore.named [None req-db7c0222-8105-47e8-ba10-41596f0f7f1d None None] Could not load cinder.keymgr.conf_key_mgr.ConfKeyManager
Sep 18 02:49:06 ubuntu devstack@c-api.service[129443]: WARNING stevedore.named [None req-a3d7ad31-9a51-41b9-b27a-f9e1a0d8f0b5 None None] Could not load cinder.keymgr.conf_key_mgr.ConfKeyManager
Sep 18 02:49:06 ubuntu devstack@c-api.service[129443]: WARNING castellan.key_manager [None req-a3d7ad31-9a51-41b9-b27a-f9e1a0d8f0b5 None None] Deprecation Warning : cinder.keymgr.conf_key_mgr.ConfKeyManager is not a stevedore based driver, trying to load it as a class: stevedore.exception.NoMatches: No 'castellan.drivers' driver found, looking for 'cinder.keymgr.conf_key_mgr.ConfKeyManager'
Sep 18 02:49:06 ubuntu devstack@c-api.service[129442]: WARNING castellan.key_manager [None req-db7c0222-8105-47e8-ba10-41596f0f7f1d None None] Deprecation Warning : cinder.keymgr.conf_key_mgr.ConfKeyManager is not a stevedore based driver, trying to load it as a class: stevedore.exception.NoMatches: No 'castellan.drivers' driver found, looking for 'cinder.keymgr.conf_key_mgr.ConfKeyManager'
Sep 18 02:49:06 ubuntu devstack@c-api.service[129443]: WARNING stevedore.named [None req-a3d7ad31-9a51-41b9-b27a-f9e1a0d8f0b5 None None] Could not load cinder.keymgr.conf_key_mgr.ConfKeyManager
Sep 18 02:49:06 ubuntu devstack@c-api.service[129443]: WARNING castellan.key_manager [None req-a3d7ad31-9a51-41b9-b27a-f9e1a0d8f0b5 None None] Deprecation Warning : cinder.keymgr.conf_key_mgr.ConfKeyManager is not a stevedore based driver, trying to load it as a class: stevedore.exception.NoMatches: No 'castellan.drivers' driver found, looking for 'cinder.keymgr.conf_key_mgr.ConfKeyManager'
Sep 18 02:49:06 ubuntu devstack@c-api.service[129442]: WARNING cinder.keymgr.conf_key_mgr [None req-db7c0222-8105-47e8-ba10-41596f0f7f1d None None] This key manager is insecure and is not recommended for production deployments: stevedore.exception.NoMatches: No 'castellan.drivers' driver found, looking for 'cinder.keymgr.conf_key_mgr.ConfKeyManager'
Sep 18 02:49:06 ubuntu devstack@c-api.service[129443]: WARNING stevedore.named [None req-a3d7ad31-9a51-41b9-b27a-f9e1a0d8f0b5 None None] Could not load cinder.keymgr.conf_key_mgr.ConfKeyManager
Sep 18 02:49:06 ubuntu devstack@c-api.service[129443]: WARNING castellan.key_manager [None req-a3d7ad31-9a51-41b9-b27a-f9e1a0d8f0b5 None None] Deprecation Warning : cinder.keymgr.conf_key_mgr.ConfKeyManager is not a stevedore based driver, trying to load it as a class: stevedore.exception.NoMatches: No 'castellan.drivers' driver found, looking for 'cinder.keymgr.conf_key_mgr.ConfKeyManager'
Sep 18 02:49:06 ubuntu devstack@c-api.service[129443]: WARNING stevedore.named [None req-a3d7ad31-9a51-41b9-b27a-f9e1a0d8f0b5 None None] Could not load cinder.keymgr.conf_key_mgr.ConfKeyManager
Sep 18 02:49:06 ubuntu devstack@c-api.service[129443]: WARNING castellan.key_manager [None req-a3d7ad31-9a51-41b9-b27a-f9e1a0d8f0b5 None None] Deprecation Warning : cinder.keymgr.conf_key_mgr.ConfKeyManager is not a stevedore based driver, trying to load it as a class: stevedore.exception.NoMatches: No 'castellan.drivers' driver found, looking for 'cinder.keymgr.conf_key_mgr.ConfKeyManager'
Sep 18 02:49:06 ubuntu devstack@c-api.service[129443]: WARNING stevedore.named [None req-a3d7ad31-9a51-41b9-b27a-f9e1a0d8f0b5 None None] Could not load cinder.keymgr.conf_key_mgr.ConfKeyManager
Sep 18 02:49:06 ubuntu devstack@c-api.service[129443]: WARNING castellan.key_manager [None req-a3d7ad31-9a51-41b9-b27a-f9e1a0d8f0b5 None None] Deprecation Warning : cinder.keymgr.conf_key_mgr.ConfKeyManager is not a stevedore based driver, trying to load it as a class: stevedore.exception.NoMatches: No 'castellan.drivers' driver found, looking for 'cinder.keymgr.conf_key_mgr.ConfKeyManager'
Sep 18 02:49:06 ubuntu devstack@c-api.service[129443]: WARNING stevedore.named [None req-a3d7ad31-9a51-41b9-b27a-f9e1a0d8f0b5 None None] Could not load cinder.keymgr.conf_key_mgr.ConfKeyManager
Sep 18 02:49:06 ubuntu devstack@c-api.service[129443]: WARNING castellan.key_manager [None req-a3d7ad31-9a51-41b9-b27a-f9e1a0d8f0b5 None None] Deprecation Warning : cinder.keymgr.conf_key_mgr.ConfKeyManager is not a stevedore based driver, trying to load it as a class: stevedore.exception.NoMatches: No 'castellan.drivers' driver found, looking for 'cinder.keymgr.conf_key_mgr.ConfKeyManager'
Sep 18 02:49:06 ubuntu devstack@c-api.service[129443]: WARNING stevedore.named [None req-a3d7ad31-9a51-41b9-b27a-f9e1a0d8f0b5 None None] Could not load cinder.keymgr.conf_key_mgr.ConfKeyManager
Sep 18 02:49:06 ubuntu devstack@c-api.service[129443]: WARNING castellan.key_manager [None req-a3d7ad31-9a51-41b9-b27a-f9e1a0d8f0b5 None None] Deprecation Warning : cinder.keymgr.conf_key_mgr.ConfKeyManager is not a stevedore based driver, trying to load it as a class: stevedore.exception.NoMatches: No 'castellan.drivers' driver found, looking for 'cinder.keymgr.conf_key_mgr.ConfKeyManager'
Sep 18 02:49:06 ubuntu devstack@c-api.service[129443]: WARNING stevedore.named [None req-a3d7ad31-9a51-41b9-b27a-f9e1a0d8f0b5 None None] Could not load cinder.keymgr.conf_key_mgr.ConfKeyManager
Sep 18 02:49:06 ubuntu devstack@c-api.service[129443]: WARNING castellan.key_manager [None req-a3d7ad31-9a51-41b9-b27a-f9e1a0d8f0b5 None None] Deprecation Warning : cinder.keymgr.conf_key_mgr.ConfKeyManager is not a stevedore based driver, trying to load it as a class: stevedore.exception.NoMatches: No 'castellan.drivers' driver found, looking for 'cinder.keymgr.conf_key_mgr.ConfKeyManager'
Sep 18 02:49:06 ubuntu devstack@c-api.service[129442]: DEBUG oslo_db.sqlalchemy.engines [None req-db7c0222-8105-47e8-ba10-41596f0f7f1d None None] MySQL server mode set to STRICT_TRANS_TABLES,STRICT_ALL_TABLES,NO_ZERO_IN_DATE,NO_ZERO_DATE,ERROR_FOR_DIVISION_BY_ZERO,TRADITIONAL,NO_ENGINE_SUBSTITUTION {{(pid=129442) _check_effective_sql_mode /opt/stack/data/venv/lib/python3.10/site-packages/oslo_db/sqlalchemy/engines.py:397}}
Sep 18 02:49:06 ubuntu devstack@c-api.service[129443]: WARNING stevedore.named [None req-a3d7ad31-9a51-41b9-b27a-f9e1a0d8f0b5 None None] Could not load cinder.keymgr.conf_key_mgr.ConfKeyManager
Sep 18 02:49:06 ubuntu devstack@c-api.service[129443]: WARNING castellan.key_manager [None req-a3d7ad31-9a51-41b9-b27a-f9e1a0d8f0b5 None None] Deprecation Warning : cinder.keymgr.conf_key_mgr.ConfKeyManager is not a stevedore based driver, trying to load it as a class: stevedore.exception.NoMatches: No 'castellan.drivers' driver found, looking for 'cinder.keymgr.conf_key_mgr.ConfKeyManager'
Sep 18 02:49:06 ubuntu devstack@c-api.service[129443]: WARNING stevedore.named [None req-a3d7ad31-9a51-41b9-b27a-f9e1a0d8f0b5 None None] Could not load cinder.keymgr.conf_key_mgr.ConfKeyManager
Sep 18 02:49:06 ubuntu devstack@c-api.service[129443]: WARNING castellan.key_manager [None req-a3d7ad31-9a51-41b9-b27a-f9e1a0d8f0b5 None None] Deprecation Warning : cinder.keymgr.conf_key_mgr.ConfKeyManager is not a stevedore based driver, trying to load it as a class: stevedore.exception.NoMatches: No 'castellan.drivers' driver found, looking for 'cinder.keymgr.conf_key_mgr.ConfKeyManager'
Sep 18 02:49:06 ubuntu devstack@c-api.service[129443]: DEBUG cinder.api.contrib.snapshot_actions [None req-a3d7ad31-9a51-41b9-b27a-f9e1a0d8f0b5 None None] SnapshotActionsController initialized {{(pid=129443) __init__ /opt/stack/cinder/cinder/api/contrib/snapshot_actions.py:33}}
Sep 18 02:49:06 ubuntu devstack@c-api.service[129443]: DEBUG cinder.api.openstack [None req-a3d7ad31-9a51-41b9-b27a-f9e1a0d8f0b5 None None] Extension AdminActions extending resource: volumes {{(pid=129443) _setup_extensions /opt/stack/cinder/cinder/api/openstack/__init__.py:159}}
Sep 18 02:49:06 ubuntu devstack@c-api.service[129443]: DEBUG cinder.api.openstack [None req-a3d7ad31-9a51-41b9-b27a-f9e1a0d8f0b5 None None] Extension AdminActions extending resource: snapshots {{(pid=129443) _setup_extensions /opt/stack/cinder/cinder/api/openstack/__init__.py:159}}
Sep 18 02:49:06 ubuntu devstack@c-api.service[129443]: DEBUG cinder.api.openstack [None req-a3d7ad31-9a51-41b9-b27a-f9e1a0d8f0b5 None None] Extension AdminActions extending resource: backups {{(pid=129443) _setup_extensions /opt/stack/cinder/cinder/api/openstack/__init__.py:159}}
Sep 18 02:49:06 ubuntu devstack@c-api.service[129442]: INFO cinder.rpc [None req-db7c0222-8105-47e8-ba10-41596f0f7f1d None None] Automatically selected cinder-backup objects version 1.39 as minimum service version.
Sep 18 02:49:06 ubuntu devstack@c-api.service[129443]: DEBUG cinder.api.openstack [None req-a3d7ad31-9a51-41b9-b27a-f9e1a0d8f0b5 None None] Extension SnapshotUnmanage extending resource: snapshots {{(pid=129443) _setup_extensions /opt/stack/cinder/cinder/api/openstack/__init__.py:159}}
Sep 18 02:49:06 ubuntu devstack@c-api.service[129443]: DEBUG cinder.api.openstack [None req-a3d7ad31-9a51-41b9-b27a-f9e1a0d8f0b5 None None] Extension VolumeActions extending resource: volumes {{(pid=129443) _setup_extensions /opt/stack/cinder/cinder/api/openstack/__init__.py:159}}
Sep 18 02:49:06 ubuntu devstack@c-api.service[129443]: DEBUG cinder.api.openstack [None req-a3d7ad31-9a51-41b9-b27a-f9e1a0d8f0b5 None None] Extension VolumeTypeEncryption extending resource: types {{(pid=129443) _setup_extensions /opt/stack/cinder/cinder/api/openstack/__init__.py:159}}
Sep 18 02:49:06 ubuntu devstack@c-api.service[129443]: DEBUG cinder.api.openstack [None req-a3d7ad31-9a51-41b9-b27a-f9e1a0d8f0b5 None None] Extension VolumeMigStatusAttribute extending resource: volumes {{(pid=129443) _setup_extensions /opt/stack/cinder/cinder/api/openstack/__init__.py:159}}
Sep 18 02:49:06 ubuntu devstack@c-api.service[129443]: DEBUG cinder.api.openstack [None req-a3d7ad31-9a51-41b9-b27a-f9e1a0d8f0b5 None None] Extension VolumeUnmanage extending resource: volumes {{(pid=129443) _setup_extensions /opt/stack/cinder/cinder/api/openstack/__init__.py:159}}
Sep 18 02:49:06 ubuntu devstack@c-api.service[129443]: DEBUG cinder.api.openstack [None req-a3d7ad31-9a51-41b9-b27a-f9e1a0d8f0b5 None None] Extension TypesManage extending resource: types {{(pid=129443) _setup_extensions /opt/stack/cinder/cinder/api/openstack/__init__.py:159}}
Sep 18 02:49:06 ubuntu devstack@c-api.service[129443]: DEBUG cinder.api.openstack [None req-a3d7ad31-9a51-41b9-b27a-f9e1a0d8f0b5 None None] Extension VolumeImageMetadata extending resource: volumes {{(pid=129443) _setup_extensions /opt/stack/cinder/cinder/api/openstack/__init__.py:159}}
Sep 18 02:49:06 ubuntu devstack@c-api.service[129443]: DEBUG cinder.api.openstack [None req-a3d7ad31-9a51-41b9-b27a-f9e1a0d8f0b5 None None] Extension UsedLimits extending resource: limits {{(pid=129443) _setup_extensions /opt/stack/cinder/cinder/api/openstack/__init__.py:159}}
Sep 18 02:49:06 ubuntu devstack@c-api.service[129443]: DEBUG cinder.api.openstack [None req-a3d7ad31-9a51-41b9-b27a-f9e1a0d8f0b5 None None] Extension VolumeTypeAccess extending resource: types {{(pid=129443) _setup_extensions /opt/stack/cinder/cinder/api/openstack/__init__.py:159}}
Sep 18 02:49:06 ubuntu devstack@c-api.service[129443]: DEBUG cinder.api.openstack [None req-a3d7ad31-9a51-41b9-b27a-f9e1a0d8f0b5 None None] Extension VolumeTenantAttribute extending resource: volumes {{(pid=129443) _setup_extensions /opt/stack/cinder/cinder/api/openstack/__init__.py:159}}
Sep 18 02:49:06 ubuntu devstack@c-api.service[129443]: DEBUG cinder.api.openstack [None req-a3d7ad31-9a51-41b9-b27a-f9e1a0d8f0b5 None None] Extension SnapshotActions extending resource: snapshots {{(pid=129443) _setup_extensions /opt/stack/cinder/cinder/api/openstack/__init__.py:159}}
Sep 18 02:49:06 ubuntu devstack@c-api.service[129443]: DEBUG cinder.api.openstack [None req-a3d7ad31-9a51-41b9-b27a-f9e1a0d8f0b5 None None] Extension ExtendedSnapshotAttributes extending resource: snapshots {{(pid=129443) _setup_extensions /opt/stack/cinder/cinder/api/openstack/__init__.py:159}}
Sep 18 02:49:06 ubuntu devstack@c-api.service[129443]: DEBUG cinder.api.openstack [None req-a3d7ad31-9a51-41b9-b27a-f9e1a0d8f0b5 None None] Extension VolumeHostAttribute extending resource: volumes {{(pid=129443) _setup_extensions /opt/stack/cinder/cinder/api/openstack/__init__.py:159}}
Sep 18 02:49:06 ubuntu devstack@c-api.service[129442]: INFO cinder.rpc [None req-db7c0222-8105-47e8-ba10-41596f0f7f1d None None] Automatically selected cinder-backup RPC version 2.4 as minimum service version.
Sep 18 02:49:06 ubuntu devstack@c-api.service[129442]: WARNING stevedore.named [None req-db7c0222-8105-47e8-ba10-41596f0f7f1d None None] Could not load cinder.keymgr.conf_key_mgr.ConfKeyManager
Sep 18 02:49:06 ubuntu devstack@c-api.service[129442]: WARNING castellan.key_manager [None req-db7c0222-8105-47e8-ba10-41596f0f7f1d None None] Deprecation Warning : cinder.keymgr.conf_key_mgr.ConfKeyManager is not a stevedore based driver, trying to load it as a class: stevedore.exception.NoMatches: No 'castellan.drivers' driver found, looking for 'cinder.keymgr.conf_key_mgr.ConfKeyManager'
Sep 18 02:49:06 ubuntu devstack@c-api.service[129443]: WARNING keystonemiddleware.auth_token [None req-a3d7ad31-9a51-41b9-b27a-f9e1a0d8f0b5 None None] AuthToken middleware is set with keystone_authtoken.service_token_roles_required set to False. This is backwards compatible but deprecated behaviour. Please set this to True.
Sep 18 02:49:06 ubuntu devstack@c-api.service[129442]: WARNING stevedore.named [None req-db7c0222-8105-47e8-ba10-41596f0f7f1d None None] Could not load cinder.keymgr.conf_key_mgr.ConfKeyManager
Sep 18 02:49:06 ubuntu devstack@c-api.service[129442]: WARNING castellan.key_manager [None req-db7c0222-8105-47e8-ba10-41596f0f7f1d None None] Deprecation Warning : cinder.keymgr.conf_key_mgr.ConfKeyManager is not a stevedore based driver, trying to load it as a class: stevedore.exception.NoMatches: No 'castellan.drivers' driver found, looking for 'cinder.keymgr.conf_key_mgr.ConfKeyManager'
Sep 18 02:49:06 ubuntu devstack@c-api.service[129442]: WARNING stevedore.named [None req-db7c0222-8105-47e8-ba10-41596f0f7f1d None None] Could not load cinder.keymgr.conf_key_mgr.ConfKeyManager
Sep 18 02:49:06 ubuntu devstack@c-api.service[129442]: WARNING castellan.key_manager [None req-db7c0222-8105-47e8-ba10-41596f0f7f1d None None] Deprecation Warning : cinder.keymgr.conf_key_mgr.ConfKeyManager is not a stevedore based driver, trying to load it as a class: stevedore.exception.NoMatches: No 'castellan.drivers' driver found, looking for 'cinder.keymgr.conf_key_mgr.ConfKeyManager'
Sep 18 02:49:06 ubuntu devstack@c-api.service[129443]: WARNING keystonemiddleware.auth_token [None req-a3d7ad31-9a51-41b9-b27a-f9e1a0d8f0b5 None None] Configuring www_authenticate_uri to point to the public identity endpoint is required; clients may not be able to authenticate against an admin endpoint
Sep 18 02:49:06 ubuntu devstack@c-api.service[129443]: WSGI app 0 (mountpoint='') ready in 2 seconds on interpreter 0x555d76024d40 pid: 129443 (default app)
Sep 18 02:49:06 ubuntu devstack@c-api.service[129442]: WARNING stevedore.named [None req-db7c0222-8105-47e8-ba10-41596f0f7f1d None None] Could not load cinder.keymgr.conf_key_mgr.ConfKeyManager
Sep 18 02:49:06 ubuntu devstack@c-api.service[129442]: WARNING castellan.key_manager [None req-db7c0222-8105-47e8-ba10-41596f0f7f1d None None] Deprecation Warning : cinder.keymgr.conf_key_mgr.ConfKeyManager is not a stevedore based driver, trying to load it as a class: stevedore.exception.NoMatches: No 'castellan.drivers' driver found, looking for 'cinder.keymgr.conf_key_mgr.ConfKeyManager'
Sep 18 02:49:06 ubuntu devstack@c-api.service[129442]: WARNING stevedore.named [None req-db7c0222-8105-47e8-ba10-41596f0f7f1d None None] Could not load cinder.keymgr.conf_key_mgr.ConfKeyManager
Sep 18 02:49:06 ubuntu devstack@c-api.service[129443]: /opt/stack/data/venv/lib/python3.10/site-packages/oslo_policy/policy.py:813: UserWarning: Policy "volume:attachment_create":"" was deprecated in X in favor of "volume:attachment_create":"rule:xena_system_admin_or_project_member". Reason: Default policies now support the three Keystone default roles, namely 'admin', 'member', and 'reader' to implement three Cinder "personas".  See "Policy Personas and Permissions" in the "Cinder Service Configuration" documentation (Xena release) for details.. Either ensure your deployment is ready for the new default or copy/paste the deprecated policy into your policy file and maintain it manually.
Sep 18 02:49:06 ubuntu devstack@c-api.service[129443]:   warnings.warn(deprecated_msg)
Sep 18 02:49:06 ubuntu devstack@c-api.service[129443]: /opt/stack/data/venv/lib/python3.10/site-packages/oslo_policy/policy.py:813: UserWarning: Policy "volume:attachment_update":"rule:admin_or_owner" was deprecated in X in favor of "volume:attachment_update":"rule:xena_system_admin_or_project_member". Reason: Default policies now support the three Keystone default roles, namely 'admin', 'member', and 'reader' to implement three Cinder "personas".  See "Policy Personas and Permissions" in the "Cinder Service Configuration" documentation (Xena release) for details.. Either ensure your deployment is ready for the new default or copy/paste the deprecated policy into your policy file and maintain it manually.
Sep 18 02:49:06 ubuntu devstack@c-api.service[129443]:   warnings.warn(deprecated_msg)
Sep 18 02:49:06 ubuntu devstack@c-api.service[129443]: /opt/stack/data/venv/lib/python3.10/site-packages/oslo_policy/policy.py:813: UserWarning: Policy "volume:attachment_delete":"rule:admin_or_owner" was deprecated in X in favor of "volume:attachment_delete":"rule:xena_system_admin_or_project_member". Reason: Default policies now support the three Keystone default roles, namely 'admin', 'member', and 'reader' to implement three Cinder "personas".  See "Policy Personas and Permissions" in the "Cinder Service Configuration" documentation (Xena release) for details.. Either ensure your deployment is ready for the new default or copy/paste the deprecated policy into your policy file and maintain it manually.
Sep 18 02:49:06 ubuntu devstack@c-api.service[129443]:   warnings.warn(deprecated_msg)
Sep 18 02:49:06 ubuntu devstack@c-api.service[129443]: /opt/stack/data/venv/lib/python3.10/site-packages/oslo_policy/policy.py:813: UserWarning: Policy "volume:attachment_complete":"rule:admin_or_owner" was deprecated in X in favor of "volume:attachment_complete":"rule:xena_system_admin_or_project_member". Reason: Default policies now support the three Keystone default roles, namely 'admin', 'member', and 'reader' to implement three Cinder "personas".  See "Policy Personas and Permissions" in the "Cinder Service Configuration" documentation (Xena release) for details.. Either ensure your deployment is ready for the new default or copy/paste the deprecated policy into your policy file and maintain it manually.
Sep 18 02:49:06 ubuntu devstack@c-api.service[129443]:   warnings.warn(deprecated_msg)
Sep 18 02:49:06 ubuntu devstack@c-api.service[129443]: /opt/stack/data/venv/lib/python3.10/site-packages/oslo_policy/policy.py:813: UserWarning: Policy "volume:multiattach_bootable_volume":"rule:admin_or_owner" was deprecated in X in favor of "volume:multiattach_bootable_volume":"rule:xena_system_admin_or_project_member". Reason: Default policies now support the three Keystone default roles, namely 'admin', 'member', and 'reader' to implement three Cinder "personas".  See "Policy Personas and Permissions" in the "Cinder Service Configuration" documentation (Xena release) for details.. Either ensure your deployment is ready for the new default or copy/paste the deprecated policy into your policy file and maintain it manually.
Sep 18 02:49:06 ubuntu devstack@c-api.service[129443]:   warnings.warn(deprecated_msg)
Sep 18 02:49:06 ubuntu devstack@c-api.service[129443]: /opt/stack/data/venv/lib/python3.10/site-packages/oslo_policy/policy.py:813: UserWarning: Policy "message:get_all":"rule:admin_or_owner" was deprecated in X in favor of "message:get_all":"rule:xena_system_admin_or_project_reader". Reason: Default policies now support the three Keystone default roles, namely 'admin', 'member', and 'reader' to implement three Cinder "personas".  See "Policy Personas and Permissions" in the "Cinder Service Configuration" documentation (Xena release) for details.. Either ensure your deployment is ready for the new default or copy/paste the deprecated policy into your policy file and maintain it manually.
Sep 18 02:49:06 ubuntu devstack@c-api.service[129443]:   warnings.warn(deprecated_msg)
Sep 18 02:49:06 ubuntu devstack@c-api.service[129443]: /opt/stack/data/venv/lib/python3.10/site-packages/oslo_policy/policy.py:813: UserWarning: Policy "message:get":"rule:admin_or_owner" was deprecated in X in favor of "message:get":"rule:xena_system_admin_or_project_reader". Reason: Default policies now support the three Keystone default roles, namely 'admin', 'member', and 'reader' to implement three Cinder "personas".  See "Policy Personas and Permissions" in the "Cinder Service Configuration" documentation (Xena release) for details.. Either ensure your deployment is ready for the new default or copy/paste the deprecated policy into your policy file and maintain it manually.
Sep 18 02:49:06 ubuntu devstack@c-api.service[129443]:   warnings.warn(deprecated_msg)
Sep 18 02:49:06 ubuntu devstack@c-api.service[129443]: /opt/stack/data/venv/lib/python3.10/site-packages/oslo_policy/policy.py:813: UserWarning: Policy "message:delete":"rule:admin_or_owner" was deprecated in X in favor of "message:delete":"rule:xena_system_admin_or_project_member". Reason: Default policies now support the three Keystone default roles, namely 'admin', 'member', and 'reader' to implement three Cinder "personas".  See "Policy Personas and Permissions" in the "Cinder Service Configuration" documentation (Xena release) for details.. Either ensure your deployment is ready for the new default or copy/paste the deprecated policy into your policy file and maintain it manually.
Sep 18 02:49:06 ubuntu devstack@c-api.service[129443]:   warnings.warn(deprecated_msg)
