Mar 18 11:06:08 ubuntu devstack@keystone.service[81992]: DEBUG keystone.server.flask.request_processing.req_logging [None req-15857542-8deb-4aa8-b400-44621d926fc9 None None] SCRIPT_NAME: `/identity` {{(pid=81992) log_request_info /opt/stack/keystone/keystone/server/flask/request_processing/req_logging.py:27}}
Mar 18 11:06:08 ubuntu devstack@keystone.service[81992]: DEBUG keystone.server.flask.request_processing.req_logging [None req-15857542-8deb-4aa8-b400-44621d926fc9 None None] PATH_INFO: `/v3/auth/tokens` {{(pid=81992) log_request_info /opt/stack/keystone/keystone/server/flask/request_processing/req_logging.py:28}}
Mar 18 11:06:08 ubuntu devstack@keystone.service[81992]: WARNING keystone.common.password_hashing [None req-15857542-8deb-4aa8-b400-44621d926fc9 None None] Truncating password to algorithm specific maximum length 72 characters.
Mar 18 11:06:08 ubuntu devstack@keystone.service[81993]: DEBUG keystone.server.flask.request_processing.req_logging [None req-68980deb-7477-41a7-a54c-a875849f2803 None None] REQUEST_METHOD: `GET` {{(pid=81993) log_request_info /opt/stack/keystone/keystone/server/flask/request_processing/req_logging.py:26}}
Mar 18 11:06:08 ubuntu devstack@keystone.service[81993]: DEBUG keystone.server.flask.request_processing.req_logging [None req-68980deb-7477-41a7-a54c-a875849f2803 None None] SCRIPT_NAME: `/identity` {{(pid=81993) log_request_info /opt/stack/keystone/keystone/server/flask/request_processing/req_logging.py:27}}
Mar 18 11:06:08 ubuntu devstack@keystone.service[81993]: DEBUG keystone.server.flask.request_processing.req_logging [None req-68980deb-7477-41a7-a54c-a875849f2803 None None] PATH_INFO: `/` {{(pid=81993) log_request_info /opt/stack/keystone/keystone/server/flask/request_processing/req_logging.py:28}}
Mar 18 11:06:08 ubuntu devstack@keystone.service[81993]: [pid: 81993|app: 0|req: 13/24] 10.201.5.82 () {54 vars in 920 bytes} [Wed Mar 18 11:06:08 2026] GET /identity => generated 270 bytes in 2 msecs (HTTP/1.1 300) 6 headers in 234 bytes (1 switches on core 0)
Mar 18 11:06:08 ubuntu devstack@keystone.service[81992]: DEBUG keystone.auth.core [None req-15857542-8deb-4aa8-b400-44621d926fc9 None None] MFA Rules not processed for user `cbb16d2b9eb84a56a2ea1f70d3179259`. Rule list: `[]` (Enabled: `True`). {{(pid=81992) check_auth_methods_against_rules /opt/stack/keystone/keystone/auth/core.py:476}}
Mar 18 11:06:08 ubuntu devstack@keystone.service[81992]: DEBUG keystone.common.fernet_utils [None req-15857542-8deb-4aa8-b400-44621d926fc9 None None] Loaded 2 Fernet keys from /etc/keystone/fernet-keys/, but `[fernet_tokens] max_active_keys = 3`; perhaps there have not been enough key rotations to reach `max_active_keys` yet? {{(pid=81992) load_keys /opt/stack/keystone/keystone/common/fernet_utils.py:297}}
Mar 18 11:06:08 ubuntu devstack@keystone.service[81993]: DEBUG keystone.server.flask.request_processing.req_logging [None req-3e0895f1-c5c0-4664-8b19-466ba84f442e None None] REQUEST_METHOD: `POST` {{(pid=81993) log_request_info /opt/stack/keystone/keystone/server/flask/request_processing/req_logging.py:26}}
Mar 18 11:06:08 ubuntu devstack@keystone.service[81993]: DEBUG keystone.server.flask.request_processing.req_logging [None req-3e0895f1-c5c0-4664-8b19-466ba84f442e None None] SCRIPT_NAME: `/identity` {{(pid=81993) log_request_info /opt/stack/keystone/keystone/server/flask/request_processing/req_logging.py:27}}
Mar 18 11:06:08 ubuntu devstack@keystone.service[81993]: DEBUG keystone.server.flask.request_processing.req_logging [None req-3e0895f1-c5c0-4664-8b19-466ba84f442e None None] PATH_INFO: `/v3/auth/tokens` {{(pid=81993) log_request_info /opt/stack/keystone/keystone/server/flask/request_processing/req_logging.py:28}}
Mar 18 11:06:08 ubuntu devstack@keystone.service[81993]: WARNING keystone.common.password_hashing [None req-3e0895f1-c5c0-4664-8b19-466ba84f442e None None] Truncating password to algorithm specific maximum length 72 characters.
Mar 18 11:06:08 ubuntu devstack@keystone.service[81993]: DEBUG keystone.auth.core [None req-3e0895f1-c5c0-4664-8b19-466ba84f442e None None] MFA Rules not processed for user `cbb16d2b9eb84a56a2ea1f70d3179259`. Rule list: `[]` (Enabled: `True`). {{(pid=81993) check_auth_methods_against_rules /opt/stack/keystone/keystone/auth/core.py:476}}
Mar 18 11:06:08 ubuntu devstack@keystone.service[81993]: DEBUG keystone.common.fernet_utils [None req-3e0895f1-c5c0-4664-8b19-466ba84f442e None None] Loaded 2 Fernet keys from /etc/keystone/fernet-keys/, but `[fernet_tokens] max_active_keys = 3`; perhaps there have not been enough key rotations to reach `max_active_keys` yet? {{(pid=81993) load_keys /opt/stack/keystone/keystone/common/fernet_utils.py:297}}
Mar 18 11:06:08 ubuntu devstack@keystone.service[81992]: [pid: 81992|app: 0|req: 12/25] 10.201.5.82 () {58 vars in 1017 bytes} [Wed Mar 18 11:06:08 2026] POST /identity/v3/auth/tokens => generated 862 bytes in 190 msecs (HTTP/1.1 201) 6 headers in 363 bytes (1 switches on core 0)
Mar 18 11:06:09 ubuntu devstack@keystone.service[81993]: [pid: 81993|app: 0|req: 14/26] 10.201.5.82 () {58 vars in 1017 bytes} [Wed Mar 18 11:06:08 2026] POST /identity/v3/auth/tokens => generated 862 bytes in 87 msecs (HTTP/1.1 201) 6 headers in 363 bytes (1 switches on core 0)
Mar 18 11:06:09 ubuntu devstack@keystone.service[81992]: DEBUG keystone.server.flask.request_processing.middleware.auth_context [None req-15857542-8deb-4aa8-b400-44621d926fc9 None None] Authenticating user token {{(pid=81992) process_request /opt/stack/data/venv/lib/python3.10/site-packages/keystonemiddleware/auth_token/__init__.py:407}}
Mar 18 11:06:09 ubuntu devstack@keystone.service[81993]: DEBUG keystone.server.flask.request_processing.middleware.auth_context [None req-3e0895f1-c5c0-4664-8b19-466ba84f442e None None] Authenticating user token {{(pid=81993) process_request /opt/stack/data/venv/lib/python3.10/site-packages/keystonemiddleware/auth_token/__init__.py:407}}
Mar 18 11:06:09 ubuntu devstack@keystone.service[81992]: DEBUG keystone.server.flask.request_processing.middleware.auth_context [None req-15857542-8deb-4aa8-b400-44621d926fc9 None None] Validating token access rules against request {{(pid=81992) validate_allowed_request /opt/stack/data/venv/lib/python3.10/site-packages/keystonemiddleware/auth_token/__init__.py:545}}
Mar 18 11:06:09 ubuntu devstack@keystone.service[81992]: DEBUG keystone.server.flask.request_processing.middleware.auth_context [None req-c0763901-b12a-4149-9bdb-4a8e75eeff7f None admin] RBAC: auth_context: {'token': <TokenModel (audit_id=NVKpLYLtTAS2yMwkwweuTA, audit_chain_id=['NVKpLYLtTAS2yMwkwweuTA']) at 0x7f6718259900>, 'domain_id': None, 'trust_id': None, 'trustor_id': None, 'trustee_id': None, 'domain_name': None, 'group_ids': [], 'user_id': 'cbb16d2b9eb84a56a2ea1f70d3179259', 'user_domain_id': 'default', 'system_scope': 'all', 'project_id': None, 'project_domain_id': None, 'roles': ['admin', 'manager', 'member', 'reader'], 'is_admin_project': True, 'service_user_id': None, 'service_user_domain_id': None, 'service_project_id': None, 'service_project_domain_id': None, 'service_roles': []} {{(pid=81992) fill_context /opt/stack/keystone/keystone/server/flask/request_processing/middleware/auth_context.py:509}}
Mar 18 11:06:09 ubuntu devstack@keystone.service[81992]: DEBUG keystone.server.flask.request_processing.req_logging [None req-c0763901-b12a-4149-9bdb-4a8e75eeff7f None admin] REQUEST_METHOD: `GET` {{(pid=81992) log_request_info /opt/stack/keystone/keystone/server/flask/request_processing/req_logging.py:26}}
Mar 18 11:06:09 ubuntu devstack@keystone.service[81992]: DEBUG keystone.server.flask.request_processing.req_logging [None req-c0763901-b12a-4149-9bdb-4a8e75eeff7f None admin] SCRIPT_NAME: `/identity` {{(pid=81992) log_request_info /opt/stack/keystone/keystone/server/flask/request_processing/req_logging.py:27}}
Mar 18 11:06:09 ubuntu devstack@keystone.service[81992]: DEBUG keystone.server.flask.request_processing.req_logging [None req-c0763901-b12a-4149-9bdb-4a8e75eeff7f None admin] PATH_INFO: `/v3/domains/Default` {{(pid=81992) log_request_info /opt/stack/keystone/keystone/server/flask/request_processing/req_logging.py:28}}
Mar 18 11:06:09 ubuntu devstack@keystone.service[81992]: DEBUG keystone.common.rbac_enforcer.enforcer [None req-c0763901-b12a-4149-9bdb-4a8e75eeff7f None admin] RBAC: Authorizing `identity:get_domain(domain_id=Default)` {{(pid=81992) enforce_call /opt/stack/keystone/keystone/common/rbac_enforcer/enforcer.py:494}}
Mar 18 11:06:09 ubuntu devstack@keystone.service[81992]: DEBUG keystone.common.rbac_enforcer.enforcer [None req-c0763901-b12a-4149-9bdb-4a8e75eeff7f None admin] RBAC: Authorization granted {{(pid=81992) enforce_call /opt/stack/keystone/keystone/common/rbac_enforcer/enforcer.py:505}}
Mar 18 11:06:09 ubuntu devstack@keystone.service[81992]: DEBUG keystone.server.flask.application [None req-c0763901-b12a-4149-9bdb-4a8e75eeff7f None admin] Could not find domain: Default. {{(pid=81992) _handle_keystone_exception /opt/stack/keystone/keystone/server/flask/application.py:146}}
Mar 18 11:06:09 ubuntu devstack@keystone.service[81992]: [pid: 81992|app: 0|req: 13/27] 10.201.5.82 () {56 vars in 1145 bytes} [Wed Mar 18 11:06:09 2026] GET /identity/v3/domains/Default => generated 87 bytes in 92 msecs (HTTP/1.1 404) 5 headers in 183 bytes (1 switches on core 0)
Mar 18 11:06:09 ubuntu devstack@keystone.service[81992]: DEBUG keystone.server.flask.request_processing.req_logging [None req-78872b73-4ccc-4c5b-885e-b106144beb1e None None] REQUEST_METHOD: `GET` {{(pid=81992) log_request_info /opt/stack/keystone/keystone/server/flask/request_processing/req_logging.py:26}}
Mar 18 11:06:09 ubuntu devstack@keystone.service[81992]: DEBUG keystone.server.flask.request_processing.req_logging [None req-78872b73-4ccc-4c5b-885e-b106144beb1e None None] SCRIPT_NAME: `/identity` {{(pid=81992) log_request_info /opt/stack/keystone/keystone/server/flask/request_processing/req_logging.py:27}}
Mar 18 11:06:09 ubuntu devstack@keystone.service[81992]: DEBUG keystone.server.flask.request_processing.req_logging [None req-78872b73-4ccc-4c5b-885e-b106144beb1e None None] PATH_INFO: `/` {{(pid=81992) log_request_info /opt/stack/keystone/keystone/server/flask/request_processing/req_logging.py:28}}
Mar 18 11:06:09 ubuntu devstack@keystone.service[81992]: [pid: 81992|app: 0|req: 14/28] 10.201.5.82 () {54 vars in 920 bytes} [Wed Mar 18 11:06:09 2026] GET /identity => generated 270 bytes in 5 msecs (HTTP/1.1 300) 6 headers in 234 bytes (1 switches on core 0)
Mar 18 11:06:09 ubuntu devstack@keystone.service[81992]: DEBUG keystone.server.flask.request_processing.req_logging [None req-95e060d2-4388-4ae6-9226-7612b9ccf11e None None] REQUEST_METHOD: `GET` {{(pid=81992) log_request_info /opt/stack/keystone/keystone/server/flask/request_processing/req_logging.py:26}}
Mar 18 11:06:09 ubuntu devstack@keystone.service[81992]: DEBUG keystone.server.flask.request_processing.req_logging [None req-95e060d2-4388-4ae6-9226-7612b9ccf11e None None] SCRIPT_NAME: `/identity` {{(pid=81992) log_request_info /opt/stack/keystone/keystone/server/flask/request_processing/req_logging.py:27}}
Mar 18 11:06:09 ubuntu devstack@keystone.service[81992]: DEBUG keystone.server.flask.request_processing.req_logging [None req-95e060d2-4388-4ae6-9226-7612b9ccf11e None None] PATH_INFO: `/` {{(pid=81992) log_request_info /opt/stack/keystone/keystone/server/flask/request_processing/req_logging.py:28}}
Mar 18 11:06:09 ubuntu devstack@keystone.service[81993]: DEBUG keystone.server.flask.request_processing.middleware.auth_context [None req-3e0895f1-c5c0-4664-8b19-466ba84f442e None None] Validating token access rules against request {{(pid=81993) validate_allowed_request /opt/stack/data/venv/lib/python3.10/site-packages/keystonemiddleware/auth_token/__init__.py:545}}
Mar 18 11:06:09 ubuntu devstack@keystone.service[81992]: [pid: 81992|app: 0|req: 15/29] 10.201.5.82 () {54 vars in 920 bytes} [Wed Mar 18 11:06:09 2026] GET /identity => generated 270 bytes in 1 msecs (HTTP/1.1 300) 6 headers in 234 bytes (1 switches on core 0)
Mar 18 11:06:09 ubuntu devstack@keystone.service[81992]: DEBUG keystone.server.flask.request_processing.middleware.auth_context [None req-95e060d2-4388-4ae6-9226-7612b9ccf11e None None] Authenticating user token {{(pid=81992) process_request /opt/stack/data/venv/lib/python3.10/site-packages/keystonemiddleware/auth_token/__init__.py:407}}
Mar 18 11:06:09 ubuntu devstack@keystone.service[81993]: DEBUG keystone.server.flask.request_processing.middleware.auth_context [None req-8e706b9e-5323-46ac-ae7f-ea0ea6b782cf None admin] RBAC: auth_context: {'token': <TokenModel (audit_id=Et2fUkO4TbuCeCJdYYcJVQ, audit_chain_id=['Et2fUkO4TbuCeCJdYYcJVQ']) at 0x7f6717865ed0>, 'domain_id': None, 'trust_id': None, 'trustor_id': None, 'trustee_id': None, 'domain_name': None, 'group_ids': [], 'user_id': 'cbb16d2b9eb84a56a2ea1f70d3179259', 'user_domain_id': 'default', 'system_scope': 'all', 'project_id': None, 'project_domain_id': None, 'roles': ['admin', 'manager', 'member', 'reader'], 'is_admin_project': True, 'service_user_id': None, 'service_user_domain_id': None, 'service_project_id': None, 'service_project_domain_id': None, 'service_roles': []} {{(pid=81993) fill_context /opt/stack/keystone/keystone/server/flask/request_processing/middleware/auth_context.py:509}}
Mar 18 11:06:09 ubuntu devstack@keystone.service[81993]: DEBUG keystone.server.flask.request_processing.req_logging [None req-8e706b9e-5323-46ac-ae7f-ea0ea6b782cf None admin] REQUEST_METHOD: `GET` {{(pid=81993) log_request_info /opt/stack/keystone/keystone/server/flask/request_processing/req_logging.py:26}}
Mar 18 11:06:09 ubuntu devstack@keystone.service[81993]: DEBUG keystone.server.flask.request_processing.req_logging [None req-8e706b9e-5323-46ac-ae7f-ea0ea6b782cf None admin] SCRIPT_NAME: `/identity` {{(pid=81993) log_request_info /opt/stack/keystone/keystone/server/flask/request_processing/req_logging.py:27}}
Mar 18 11:06:09 ubuntu devstack@keystone.service[81993]: DEBUG keystone.server.flask.request_processing.req_logging [None req-8e706b9e-5323-46ac-ae7f-ea0ea6b782cf None admin] PATH_INFO: `/v3/roles/admin` {{(pid=81993) log_request_info /opt/stack/keystone/keystone/server/flask/request_processing/req_logging.py:28}}
Mar 18 11:06:09 ubuntu devstack@keystone.service[81993]: DEBUG keystone.common.rbac_enforcer.enforcer [None req-8e706b9e-5323-46ac-ae7f-ea0ea6b782cf None admin] Extracting inferred target data resulted in "NOT FOUND (404)". {{(pid=81993) enforce_call /opt/stack/keystone/keystone/common/rbac_enforcer/enforcer.py:445}}
Mar 18 11:06:09 ubuntu devstack@keystone.service[81993]: DEBUG keystone.server.flask.application [None req-8e706b9e-5323-46ac-ae7f-ea0ea6b782cf None admin] Could not find role: admin. {{(pid=81993) _handle_keystone_exception /opt/stack/keystone/keystone/server/flask/application.py:146}}
Mar 18 11:06:09 ubuntu devstack@keystone.service[81993]: [pid: 81993|app: 0|req: 15/30] 10.201.5.82 () {56 vars in 1133 bytes} [Wed Mar 18 11:06:09 2026] GET /identity/v3/roles/admin => generated 83 bytes in 87 msecs (HTTP/1.1 404) 5 headers in 183 bytes (1 switches on core 0)
Mar 18 11:06:09 ubuntu devstack@keystone.service[81993]: DEBUG keystone.server.flask.request_processing.req_logging [None req-6d6b7f68-dbdc-4ee0-b0b9-45251f7c5327 None None] REQUEST_METHOD: `POST` {{(pid=81993) log_request_info /opt/stack/keystone/keystone/server/flask/request_processing/req_logging.py:26}}
Mar 18 11:06:09 ubuntu devstack@keystone.service[81993]: DEBUG keystone.server.flask.request_processing.req_logging [None req-6d6b7f68-dbdc-4ee0-b0b9-45251f7c5327 None None] SCRIPT_NAME: `/identity` {{(pid=81993) log_request_info /opt/stack/keystone/keystone/server/flask/request_processing/req_logging.py:27}}
Mar 18 11:06:09 ubuntu devstack@keystone.service[81993]: DEBUG keystone.server.flask.request_processing.req_logging [None req-6d6b7f68-dbdc-4ee0-b0b9-45251f7c5327 None None] PATH_INFO: `/v3/auth/tokens` {{(pid=81993) log_request_info /opt/stack/keystone/keystone/server/flask/request_processing/req_logging.py:28}}
Mar 18 11:06:09 ubuntu devstack@keystone.service[81993]: WARNING keystone.common.password_hashing [None req-6d6b7f68-dbdc-4ee0-b0b9-45251f7c5327 None None] Truncating password to algorithm specific maximum length 72 characters.
Mar 18 11:06:09 ubuntu devstack@keystone.service[81992]: DEBUG keystone.server.flask.request_processing.middleware.auth_context [None req-95e060d2-4388-4ae6-9226-7612b9ccf11e None None] Validating token access rules against request {{(pid=81992) validate_allowed_request /opt/stack/data/venv/lib/python3.10/site-packages/keystonemiddleware/auth_token/__init__.py:545}}
Mar 18 11:06:09 ubuntu devstack@keystone.service[81993]: DEBUG keystone.auth.core [None req-6d6b7f68-dbdc-4ee0-b0b9-45251f7c5327 None None] MFA Rules not processed for user `cbb16d2b9eb84a56a2ea1f70d3179259`. Rule list: `[]` (Enabled: `True`). {{(pid=81993) check_auth_methods_against_rules /opt/stack/keystone/keystone/auth/core.py:476}}
Mar 18 11:06:09 ubuntu devstack@keystone.service[81993]: DEBUG keystone.common.fernet_utils [None req-6d6b7f68-dbdc-4ee0-b0b9-45251f7c5327 None None] Loaded 2 Fernet keys from /etc/keystone/fernet-keys/, but `[fernet_tokens] max_active_keys = 3`; perhaps there have not been enough key rotations to reach `max_active_keys` yet? {{(pid=81993) load_keys /opt/stack/keystone/keystone/common/fernet_utils.py:297}}
Mar 18 11:06:09 ubuntu devstack@keystone.service[81992]: DEBUG keystone.server.flask.request_processing.middleware.auth_context [None req-8a170185-c9be-4aa3-812a-8ac43169181c None admin] RBAC: auth_context: {'token': <TokenModel (audit_id=NVKpLYLtTAS2yMwkwweuTA, audit_chain_id=['NVKpLYLtTAS2yMwkwweuTA']) at 0x7f67176635e0>, 'domain_id': None, 'trust_id': None, 'trustor_id': None, 'trustee_id': None, 'domain_name': None, 'group_ids': [], 'user_id': 'cbb16d2b9eb84a56a2ea1f70d3179259', 'user_domain_id': 'default', 'system_scope': 'all', 'project_id': None, 'project_domain_id': None, 'roles': ['admin', 'manager', 'member', 'reader'], 'is_admin_project': True, 'service_user_id': None, 'service_user_domain_id': None, 'service_project_id': None, 'service_project_domain_id': None, 'service_roles': []} {{(pid=81992) fill_context /opt/stack/keystone/keystone/server/flask/request_processing/middleware/auth_context.py:509}}
Mar 18 11:06:09 ubuntu devstack@keystone.service[81992]: DEBUG keystone.server.flask.request_processing.req_logging [None req-8a170185-c9be-4aa3-812a-8ac43169181c None admin] REQUEST_METHOD: `GET` {{(pid=81992) log_request_info /opt/stack/keystone/keystone/server/flask/request_processing/req_logging.py:26}}
Mar 18 11:06:09 ubuntu devstack@keystone.service[81992]: DEBUG keystone.server.flask.request_processing.req_logging [None req-8a170185-c9be-4aa3-812a-8ac43169181c None admin] SCRIPT_NAME: `/identity` {{(pid=81992) log_request_info /opt/stack/keystone/keystone/server/flask/request_processing/req_logging.py:27}}
Mar 18 11:06:09 ubuntu devstack@keystone.service[81992]: DEBUG keystone.server.flask.request_processing.req_logging [None req-8a170185-c9be-4aa3-812a-8ac43169181c None admin] PATH_INFO: `/v3/domains` {{(pid=81992) log_request_info /opt/stack/keystone/keystone/server/flask/request_processing/req_logging.py:28}}
Mar 18 11:06:09 ubuntu devstack@keystone.service[81992]: DEBUG keystone.common.rbac_enforcer.enforcer [None req-8a170185-c9be-4aa3-812a-8ac43169181c None admin] RBAC: Adding query filter params (name=Default) {{(pid=81992) _extract_filter_values /opt/stack/keystone/keystone/common/rbac_enforcer/enforcer.py:176}}
Mar 18 11:06:09 ubuntu devstack@keystone.service[81992]: DEBUG keystone.common.rbac_enforcer.enforcer [None req-8a170185-c9be-4aa3-812a-8ac43169181c None admin] RBAC: Authorizing `identity:list_domains()` {{(pid=81992) enforce_call /opt/stack/keystone/keystone/common/rbac_enforcer/enforcer.py:494}}
Mar 18 11:06:09 ubuntu devstack@keystone.service[81992]: DEBUG keystone.common.rbac_enforcer.enforcer [None req-8a170185-c9be-4aa3-812a-8ac43169181c None admin] RBAC: Authorization granted {{(pid=81992) enforce_call /opt/stack/keystone/keystone/common/rbac_enforcer/enforcer.py:505}}
Mar 18 11:06:09 ubuntu devstack@keystone.service[81992]: [pid: 81992|app: 0|req: 16/31] 10.201.5.82 () {56 vars in 1159 bytes} [Wed Mar 18 11:06:09 2026] GET /identity/v3/domains?name=Default => generated 308 bytes in 73 msecs (HTTP/1.1 200) 5 headers in 177 bytes (1 switches on core 0)
Mar 18 11:06:09 ubuntu devstack@keystone.service[81992]: DEBUG keystone.server.flask.request_processing.req_logging [None req-9aac7195-4d43-4484-852d-3b8ff453b14a None None] REQUEST_METHOD: `POST` {{(pid=81992) log_request_info /opt/stack/keystone/keystone/server/flask/request_processing/req_logging.py:26}}
Mar 18 11:06:09 ubuntu devstack@keystone.service[81992]: DEBUG keystone.server.flask.request_processing.req_logging [None req-9aac7195-4d43-4484-852d-3b8ff453b14a None None] SCRIPT_NAME: `/identity` {{(pid=81992) log_request_info /opt/stack/keystone/keystone/server/flask/request_processing/req_logging.py:27}}
Mar 18 11:06:09 ubuntu devstack@keystone.service[81992]: DEBUG keystone.server.flask.request_processing.req_logging [None req-9aac7195-4d43-4484-852d-3b8ff453b14a None None] PATH_INFO: `/v3/auth/tokens` {{(pid=81992) log_request_info /opt/stack/keystone/keystone/server/flask/request_processing/req_logging.py:28}}
Mar 18 11:06:09 ubuntu devstack@keystone.service[81993]: [pid: 81993|app: 0|req: 16/32] 10.201.5.82 () {58 vars in 1017 bytes} [Wed Mar 18 11:06:09 2026] POST /identity/v3/auth/tokens => generated 862 bytes in 52 msecs (HTTP/1.1 201) 6 headers in 363 bytes (1 switches on core 0)
Mar 18 11:06:09 ubuntu devstack@keystone.service[81993]: DEBUG keystone.server.flask.request_processing.middleware.auth_context [None req-6d6b7f68-dbdc-4ee0-b0b9-45251f7c5327 None None] Authenticating user token {{(pid=81993) process_request /opt/stack/data/venv/lib/python3.10/site-packages/keystonemiddleware/auth_token/__init__.py:407}}
Mar 18 11:06:09 ubuntu devstack@keystone.service[81992]: WARNING keystone.common.password_hashing [None req-9aac7195-4d43-4484-852d-3b8ff453b14a None None] Truncating password to algorithm specific maximum length 72 characters.
Mar 18 11:06:09 ubuntu devstack@keystone.service[81992]: DEBUG keystone.auth.core [None req-9aac7195-4d43-4484-852d-3b8ff453b14a None None] MFA Rules not processed for user `cbb16d2b9eb84a56a2ea1f70d3179259`. Rule list: `[]` (Enabled: `True`). {{(pid=81992) check_auth_methods_against_rules /opt/stack/keystone/keystone/auth/core.py:476}}
Mar 18 11:06:09 ubuntu devstack@keystone.service[81992]: DEBUG keystone.common.fernet_utils [None req-9aac7195-4d43-4484-852d-3b8ff453b14a None None] Loaded 2 Fernet keys from /etc/keystone/fernet-keys/, but `[fernet_tokens] max_active_keys = 3`; perhaps there have not been enough key rotations to reach `max_active_keys` yet? {{(pid=81992) load_keys /opt/stack/keystone/keystone/common/fernet_utils.py:297}}
Mar 18 11:06:09 ubuntu devstack@keystone.service[81992]: [pid: 81992|app: 0|req: 17/33] 10.201.5.82 () {58 vars in 1017 bytes} [Wed Mar 18 11:06:09 2026] POST /identity/v3/auth/tokens => generated 862 bytes in 58 msecs (HTTP/1.1 201) 6 headers in 363 bytes (1 switches on core 0)
Mar 18 11:06:09 ubuntu devstack@keystone.service[81992]: DEBUG keystone.server.flask.request_processing.middleware.auth_context [None req-9aac7195-4d43-4484-852d-3b8ff453b14a None None] Authenticating user token {{(pid=81992) process_request /opt/stack/data/venv/lib/python3.10/site-packages/keystonemiddleware/auth_token/__init__.py:407}}
Mar 18 11:06:09 ubuntu devstack@keystone.service[81993]: DEBUG keystone.server.flask.request_processing.middleware.auth_context [None req-6d6b7f68-dbdc-4ee0-b0b9-45251f7c5327 None None] Validating token access rules against request {{(pid=81993) validate_allowed_request /opt/stack/data/venv/lib/python3.10/site-packages/keystonemiddleware/auth_token/__init__.py:545}}
Mar 18 11:06:09 ubuntu devstack@keystone.service[81993]: DEBUG keystone.server.flask.request_processing.middleware.auth_context [None req-12f5ce7d-56f2-4eec-a6ea-115fb4fbcf1d None admin] RBAC: auth_context: {'token': <TokenModel (audit_id=Et2fUkO4TbuCeCJdYYcJVQ, audit_chain_id=['Et2fUkO4TbuCeCJdYYcJVQ']) at 0x7f671788f700>, 'domain_id': None, 'trust_id': None, 'trustor_id': None, 'trustee_id': None, 'domain_name': None, 'group_ids': [], 'user_id': 'cbb16d2b9eb84a56a2ea1f70d3179259', 'user_domain_id': 'default', 'system_scope': 'all', 'project_id': None, 'project_domain_id': None, 'roles': ['admin', 'manager', 'member', 'reader'], 'is_admin_project': True, 'service_user_id': None, 'service_user_domain_id': None, 'service_project_id': None, 'service_project_domain_id': None, 'service_roles': []} {{(pid=81993) fill_context /opt/stack/keystone/keystone/server/flask/request_processing/middleware/auth_context.py:509}}
Mar 18 11:06:09 ubuntu devstack@keystone.service[81993]: DEBUG keystone.server.flask.request_processing.req_logging [None req-12f5ce7d-56f2-4eec-a6ea-115fb4fbcf1d None admin] REQUEST_METHOD: `GET` {{(pid=81993) log_request_info /opt/stack/keystone/keystone/server/flask/request_processing/req_logging.py:26}}
Mar 18 11:06:09 ubuntu devstack@keystone.service[81993]: DEBUG keystone.server.flask.request_processing.req_logging [None req-12f5ce7d-56f2-4eec-a6ea-115fb4fbcf1d None admin] SCRIPT_NAME: `/identity` {{(pid=81993) log_request_info /opt/stack/keystone/keystone/server/flask/request_processing/req_logging.py:27}}
Mar 18 11:06:09 ubuntu devstack@keystone.service[81993]: DEBUG keystone.server.flask.request_processing.req_logging [None req-12f5ce7d-56f2-4eec-a6ea-115fb4fbcf1d None admin] PATH_INFO: `/v3/roles` {{(pid=81993) log_request_info /opt/stack/keystone/keystone/server/flask/request_processing/req_logging.py:28}}
Mar 18 11:06:09 ubuntu devstack@keystone.service[81992]: DEBUG keystone.server.flask.request_processing.middleware.auth_context [None req-9aac7195-4d43-4484-852d-3b8ff453b14a None None] Validating token access rules against request {{(pid=81992) validate_allowed_request /opt/stack/data/venv/lib/python3.10/site-packages/keystonemiddleware/auth_token/__init__.py:545}}
Mar 18 11:06:09 ubuntu devstack@keystone.service[81993]: DEBUG keystone.common.rbac_enforcer.enforcer [None req-12f5ce7d-56f2-4eec-a6ea-115fb4fbcf1d None admin] RBAC: Adding query filter params (name=admin) {{(pid=81993) _extract_filter_values /opt/stack/keystone/keystone/common/rbac_enforcer/enforcer.py:176}}
Mar 18 11:06:09 ubuntu devstack@keystone.service[81993]: DEBUG keystone.common.rbac_enforcer.enforcer [None req-12f5ce7d-56f2-4eec-a6ea-115fb4fbcf1d None admin] RBAC: Authorizing `identity:list_roles()` {{(pid=81993) enforce_call /opt/stack/keystone/keystone/common/rbac_enforcer/enforcer.py:494}}
Mar 18 11:06:09 ubuntu devstack@keystone.service[81993]: DEBUG keystone.common.rbac_enforcer.enforcer [None req-12f5ce7d-56f2-4eec-a6ea-115fb4fbcf1d None admin] RBAC: Authorization granted {{(pid=81993) enforce_call /opt/stack/keystone/keystone/common/rbac_enforcer/enforcer.py:505}}
Mar 18 11:06:09 ubuntu devstack@keystone.service[81993]: [pid: 81993|app: 0|req: 17/34] 10.201.5.82 () {56 vars in 1149 bytes} [Wed Mar 18 11:06:09 2026] GET /identity/v3/roles?name=admin => generated 339 bytes in 95 msecs (HTTP/1.1 200) 5 headers in 177 bytes (1 switches on core 0)
Mar 18 11:06:09 ubuntu devstack@keystone.service[81993]: DEBUG keystone.server.flask.request_processing.middleware.auth_context [None req-12f5ce7d-56f2-4eec-a6ea-115fb4fbcf1d None admin] Authenticating user token {{(pid=81993) process_request /opt/stack/data/venv/lib/python3.10/site-packages/keystonemiddleware/auth_token/__init__.py:407}}
Mar 18 11:06:09 ubuntu devstack@keystone.service[81992]: DEBUG keystone.server.flask.request_processing.middleware.auth_context [None req-666aac42-dfa4-4979-904f-5492c572e3f7 None admin] RBAC: auth_context: {'token': <TokenModel (audit_id=NVKpLYLtTAS2yMwkwweuTA, audit_chain_id=['NVKpLYLtTAS2yMwkwweuTA']) at 0x7f67182d53c0>, 'domain_id': None, 'trust_id': None, 'trustor_id': None, 'trustee_id': None, 'domain_name': None, 'group_ids': [], 'user_id': 'cbb16d2b9eb84a56a2ea1f70d3179259', 'user_domain_id': 'default', 'system_scope': 'all', 'project_id': None, 'project_domain_id': None, 'roles': ['admin', 'manager', 'member', 'reader'], 'is_admin_project': True, 'service_user_id': None, 'service_user_domain_id': None, 'service_project_id': None, 'service_project_domain_id': None, 'service_roles': []} {{(pid=81992) fill_context /opt/stack/keystone/keystone/server/flask/request_processing/middleware/auth_context.py:509}}
Mar 18 11:06:09 ubuntu devstack@keystone.service[81992]: DEBUG keystone.server.flask.request_processing.req_logging [None req-666aac42-dfa4-4979-904f-5492c572e3f7 None admin] REQUEST_METHOD: `POST` {{(pid=81992) log_request_info /opt/stack/keystone/keystone/server/flask/request_processing/req_logging.py:26}}
Mar 18 11:06:09 ubuntu devstack@keystone.service[81992]: DEBUG keystone.server.flask.request_processing.req_logging [None req-666aac42-dfa4-4979-904f-5492c572e3f7 None admin] SCRIPT_NAME: `/identity` {{(pid=81992) log_request_info /opt/stack/keystone/keystone/server/flask/request_processing/req_logging.py:27}}
Mar 18 11:06:09 ubuntu devstack@keystone.service[81992]: DEBUG keystone.server.flask.request_processing.req_logging [None req-666aac42-dfa4-4979-904f-5492c572e3f7 None admin] PATH_INFO: `/v3/projects` {{(pid=81992) log_request_info /opt/stack/keystone/keystone/server/flask/request_processing/req_logging.py:28}}
Mar 18 11:06:09 ubuntu devstack@keystone.service[81992]: DEBUG keystone.common.rbac_enforcer.enforcer [None req-666aac42-dfa4-4979-904f-5492c572e3f7 None admin] RBAC: Authorizing `identity:create_project()` {{(pid=81992) enforce_call /opt/stack/keystone/keystone/common/rbac_enforcer/enforcer.py:494}}
Mar 18 11:06:09 ubuntu devstack@keystone.service[81992]: DEBUG keystone.common.rbac_enforcer.enforcer [None req-666aac42-dfa4-4979-904f-5492c572e3f7 None admin] RBAC: Authorization granted {{(pid=81992) enforce_call /opt/stack/keystone/keystone/common/rbac_enforcer/enforcer.py:505}}
Mar 18 11:06:09 ubuntu devstack@keystone.service[81992]: [pid: 81992|app: 0|req: 18/35] 10.201.5.82 () {60 vars in 1177 bytes} [Wed Mar 18 11:06:09 2026] POST /identity/v3/projects => generated 301 bytes in 70 msecs (HTTP/1.1 201) 5 headers in 182 bytes (1 switches on core 0)
Mar 18 11:06:09 ubuntu devstack@keystone.service[81993]: DEBUG keystone.server.flask.request_processing.middleware.auth_context [None req-12f5ce7d-56f2-4eec-a6ea-115fb4fbcf1d None admin] Validating token access rules against request {{(pid=81993) validate_allowed_request /opt/stack/data/venv/lib/python3.10/site-packages/keystonemiddleware/auth_token/__init__.py:545}}
Mar 18 11:06:09 ubuntu devstack@keystone.service[81993]: DEBUG keystone.server.flask.request_processing.middleware.auth_context [None req-528aaca9-ec5c-49f9-8f37-802244c1dd32 None admin] RBAC: auth_context: {'token': <TokenModel (audit_id=Et2fUkO4TbuCeCJdYYcJVQ, audit_chain_id=['Et2fUkO4TbuCeCJdYYcJVQ']) at 0x7f671788db40>, 'domain_id': None, 'trust_id': None, 'trustor_id': None, 'trustee_id': None, 'domain_name': None, 'group_ids': [], 'user_id': 'cbb16d2b9eb84a56a2ea1f70d3179259', 'user_domain_id': 'default', 'system_scope': 'all', 'project_id': None, 'project_domain_id': None, 'roles': ['admin', 'manager', 'member', 'reader'], 'is_admin_project': True, 'service_user_id': None, 'service_user_domain_id': None, 'service_project_id': None, 'service_project_domain_id': None, 'service_roles': []} {{(pid=81993) fill_context /opt/stack/keystone/keystone/server/flask/request_processing/middleware/auth_context.py:509}}
Mar 18 11:06:09 ubuntu devstack@keystone.service[81993]: DEBUG keystone.server.flask.request_processing.req_logging [None req-528aaca9-ec5c-49f9-8f37-802244c1dd32 None admin] REQUEST_METHOD: `GET` {{(pid=81993) log_request_info /opt/stack/keystone/keystone/server/flask/request_processing/req_logging.py:26}}
Mar 18 11:06:09 ubuntu devstack@keystone.service[81993]: DEBUG keystone.server.flask.request_processing.req_logging [None req-528aaca9-ec5c-49f9-8f37-802244c1dd32 None admin] SCRIPT_NAME: `/identity` {{(pid=81993) log_request_info /opt/stack/keystone/keystone/server/flask/request_processing/req_logging.py:27}}
Mar 18 11:06:09 ubuntu devstack@keystone.service[81993]: DEBUG keystone.server.flask.request_processing.req_logging [None req-528aaca9-ec5c-49f9-8f37-802244c1dd32 None admin] PATH_INFO: `/v3/users/cbb16d2b9eb84a56a2ea1f70d3179259` {{(pid=81993) log_request_info /opt/stack/keystone/keystone/server/flask/request_processing/req_logging.py:28}}
Mar 18 11:06:09 ubuntu devstack@keystone.service[81993]: DEBUG keystone.common.rbac_enforcer.enforcer [None req-528aaca9-ec5c-49f9-8f37-802244c1dd32 None admin] RBAC: Authorizing `identity:get_user(user_id=cbb16d2b9eb84a56a2ea1f70d3179259)` {{(pid=81993) enforce_call /opt/stack/keystone/keystone/common/rbac_enforcer/enforcer.py:494}}
Mar 18 11:06:09 ubuntu devstack@keystone.service[81993]: DEBUG keystone.common.rbac_enforcer.enforcer [None req-528aaca9-ec5c-49f9-8f37-802244c1dd32 None admin] RBAC: Authorization granted {{(pid=81993) enforce_call /opt/stack/keystone/keystone/common/rbac_enforcer/enforcer.py:505}}
Mar 18 11:06:09 ubuntu devstack@keystone.service[81993]: [pid: 81993|app: 0|req: 18/36] 10.201.5.82 () {56 vars in 1214 bytes} [Wed Mar 18 11:06:09 2026] GET /identity/v3/users/cbb16d2b9eb84a56a2ea1f70d3179259 => generated 247 bytes in 74 msecs (HTTP/1.1 200) 5 headers in 177 bytes (2 switches on core 0)
Mar 18 11:06:09 ubuntu devstack@keystone.service[81992]: DEBUG keystone.server.flask.request_processing.middleware.auth_context [None req-666aac42-dfa4-4979-904f-5492c572e3f7 None admin] Authenticating user token {{(pid=81992) process_request /opt/stack/data/venv/lib/python3.10/site-packages/keystonemiddleware/auth_token/__init__.py:407}}
Mar 18 11:06:09 ubuntu devstack@keystone.service[81992]: DEBUG keystone.server.flask.request_processing.middleware.auth_context [None req-666aac42-dfa4-4979-904f-5492c572e3f7 None admin] Validating token access rules against request {{(pid=81992) validate_allowed_request /opt/stack/data/venv/lib/python3.10/site-packages/keystonemiddleware/auth_token/__init__.py:545}}
Mar 18 11:06:09 ubuntu devstack@keystone.service[81993]: DEBUG keystone.server.flask.request_processing.middleware.auth_context [None req-528aaca9-ec5c-49f9-8f37-802244c1dd32 None admin] Authenticating user token {{(pid=81993) process_request /opt/stack/data/venv/lib/python3.10/site-packages/keystonemiddleware/auth_token/__init__.py:407}}
Mar 18 11:06:09 ubuntu devstack@keystone.service[81992]: DEBUG keystone.server.flask.request_processing.middleware.auth_context [None req-d7e3bfd9-d979-44ed-bc0a-6d288b5a0f36 None admin] RBAC: auth_context: {'token': <TokenModel (audit_id=Et2fUkO4TbuCeCJdYYcJVQ, audit_chain_id=['Et2fUkO4TbuCeCJdYYcJVQ']) at 0x7f67182d42b0>, 'domain_id': None, 'trust_id': None, 'trustor_id': None, 'trustee_id': None, 'domain_name': None, 'group_ids': [], 'user_id': 'cbb16d2b9eb84a56a2ea1f70d3179259', 'user_domain_id': 'default', 'system_scope': 'all', 'project_id': None, 'project_domain_id': None, 'roles': ['admin', 'manager', 'member', 'reader'], 'is_admin_project': True, 'service_user_id': None, 'service_user_domain_id': None, 'service_project_id': None, 'service_project_domain_id': None, 'service_roles': []} {{(pid=81992) fill_context /opt/stack/keystone/keystone/server/flask/request_processing/middleware/auth_context.py:509}}
Mar 18 11:06:09 ubuntu devstack@keystone.service[81992]: DEBUG keystone.server.flask.request_processing.req_logging [None req-d7e3bfd9-d979-44ed-bc0a-6d288b5a0f36 None admin] REQUEST_METHOD: `GET` {{(pid=81992) log_request_info /opt/stack/keystone/keystone/server/flask/request_processing/req_logging.py:26}}
Mar 18 11:06:09 ubuntu devstack@keystone.service[81992]: DEBUG keystone.server.flask.request_processing.req_logging [None req-d7e3bfd9-d979-44ed-bc0a-6d288b5a0f36 None admin] SCRIPT_NAME: `/identity` {{(pid=81992) log_request_info /opt/stack/keystone/keystone/server/flask/request_processing/req_logging.py:27}}
Mar 18 11:06:09 ubuntu devstack@keystone.service[81992]: DEBUG keystone.server.flask.request_processing.req_logging [None req-d7e3bfd9-d979-44ed-bc0a-6d288b5a0f36 None admin] PATH_INFO: `/v3/domains/default` {{(pid=81992) log_request_info /opt/stack/keystone/keystone/server/flask/request_processing/req_logging.py:28}}
Mar 18 11:06:09 ubuntu devstack@keystone.service[81992]: DEBUG keystone.common.rbac_enforcer.enforcer [None req-d7e3bfd9-d979-44ed-bc0a-6d288b5a0f36 None admin] RBAC: Authorizing `identity:get_domain(domain_id=default)` {{(pid=81992) enforce_call /opt/stack/keystone/keystone/common/rbac_enforcer/enforcer.py:494}}
Mar 18 11:06:09 ubuntu devstack@keystone.service[81992]: DEBUG keystone.common.rbac_enforcer.enforcer [None req-d7e3bfd9-d979-44ed-bc0a-6d288b5a0f36 None admin] RBAC: Authorization granted {{(pid=81992) enforce_call /opt/stack/keystone/keystone/common/rbac_enforcer/enforcer.py:505}}
Mar 18 11:06:09 ubuntu devstack@keystone.service[81992]: [pid: 81992|app: 0|req: 19/37] 10.201.5.82 () {56 vars in 1145 bytes} [Wed Mar 18 11:06:09 2026] GET /identity/v3/domains/default => generated 199 bytes in 100 msecs (HTTP/1.1 200) 5 headers in 177 bytes (1 switches on core 0)
Mar 18 11:06:09 ubuntu devstack@keystone.service[81992]: DEBUG keystone.server.flask.request_processing.middleware.auth_context [None req-d7e3bfd9-d979-44ed-bc0a-6d288b5a0f36 None admin] Authenticating user token {{(pid=81992) process_request /opt/stack/data/venv/lib/python3.10/site-packages/keystonemiddleware/auth_token/__init__.py:407}}
Mar 18 11:06:09 ubuntu devstack@keystone.service[81993]: DEBUG keystone.server.flask.request_processing.middleware.auth_context [None req-528aaca9-ec5c-49f9-8f37-802244c1dd32 None admin] Validating token access rules against request {{(pid=81993) validate_allowed_request /opt/stack/data/venv/lib/python3.10/site-packages/keystonemiddleware/auth_token/__init__.py:545}}
Mar 18 11:06:09 ubuntu devstack@keystone.service[81993]: DEBUG keystone.server.flask.request_processing.middleware.auth_context [None req-dc8232df-bddb-43b7-a96c-9c489adf279b None admin] RBAC: auth_context: {'token': <TokenModel (audit_id=h-aDh__HSy-26y7sfSN3wg, audit_chain_id=['h-aDh__HSy-26y7sfSN3wg']) at 0x7f6717866ec0>, 'domain_id': None, 'trust_id': None, 'trustor_id': None, 'trustee_id': None, 'domain_name': None, 'group_ids': [], 'user_id': 'cbb16d2b9eb84a56a2ea1f70d3179259', 'user_domain_id': 'default', 'system_scope': 'all', 'project_id': None, 'project_domain_id': None, 'roles': ['admin', 'manager', 'member', 'reader'], 'is_admin_project': True, 'service_user_id': None, 'service_user_domain_id': None, 'service_project_id': None, 'service_project_domain_id': None, 'service_roles': []} {{(pid=81993) fill_context /opt/stack/keystone/keystone/server/flask/request_processing/middleware/auth_context.py:509}}
Mar 18 11:06:09 ubuntu devstack@keystone.service[81993]: DEBUG keystone.server.flask.request_processing.req_logging [None req-dc8232df-bddb-43b7-a96c-9c489adf279b None admin] REQUEST_METHOD: `POST` {{(pid=81993) log_request_info /opt/stack/keystone/keystone/server/flask/request_processing/req_logging.py:26}}
Mar 18 11:06:09 ubuntu devstack@keystone.service[81993]: DEBUG keystone.server.flask.request_processing.req_logging [None req-dc8232df-bddb-43b7-a96c-9c489adf279b None admin] SCRIPT_NAME: `/identity` {{(pid=81993) log_request_info /opt/stack/keystone/keystone/server/flask/request_processing/req_logging.py:27}}
Mar 18 11:06:09 ubuntu devstack@keystone.service[81993]: DEBUG keystone.server.flask.request_processing.req_logging [None req-dc8232df-bddb-43b7-a96c-9c489adf279b None admin] PATH_INFO: `/v3/roles` {{(pid=81993) log_request_info /opt/stack/keystone/keystone/server/flask/request_processing/req_logging.py:28}}
Mar 18 11:06:09 ubuntu devstack@keystone.service[81993]: DEBUG keystone.common.rbac_enforcer.enforcer [None req-dc8232df-bddb-43b7-a96c-9c489adf279b None admin] RBAC: Authorizing `identity:create_role()` {{(pid=81993) enforce_call /opt/stack/keystone/keystone/common/rbac_enforcer/enforcer.py:494}}
Mar 18 11:06:09 ubuntu devstack@keystone.service[81993]: DEBUG keystone.common.rbac_enforcer.enforcer [None req-dc8232df-bddb-43b7-a96c-9c489adf279b None admin] RBAC: Authorization granted {{(pid=81993) enforce_call /opt/stack/keystone/keystone/common/rbac_enforcer/enforcer.py:505}}
Mar 18 11:06:09 ubuntu devstack@keystone.service[81992]: DEBUG keystone.server.flask.request_processing.middleware.auth_context [None req-d7e3bfd9-d979-44ed-bc0a-6d288b5a0f36 None admin] Validating token access rules against request {{(pid=81992) validate_allowed_request /opt/stack/data/venv/lib/python3.10/site-packages/keystonemiddleware/auth_token/__init__.py:545}}
Mar 18 11:06:09 ubuntu devstack@keystone.service[81993]: DEBUG keystone.common.sql.core [None req-dc8232df-bddb-43b7-a96c-9c489adf279b None admin] Conflict role: (pymysql.err.IntegrityError) (1062, "Duplicate entry 'service-<<null>>' for key 'role.ixu_role_name_domain_id'")
Mar 18 11:06:09 ubuntu devstack@keystone.service[81993]: [SQL: INSERT INTO `role` (id, name, description, extra) VALUES (%(id)s, %(name)s, %(description)s, %(extra)s)]
Mar 18 11:06:09 ubuntu devstack@keystone.service[81993]: [parameters: {'id': '8d4e132a9da64a9a9b39f1990d110841', 'name': 'service', 'description': None, 'extra': '{}'}]
Mar 18 11:06:09 ubuntu devstack@keystone.service[81993]: (Background on this error at: https://sqlalche.me/e/20/gkpj) {{(pid=81993) wrapper /opt/stack/keystone/keystone/common/sql/core.py:580}}
Mar 18 11:06:09 ubuntu devstack@keystone.service[81993]: ERROR keystone.server.flask.application [None req-dc8232df-bddb-43b7-a96c-9c489adf279b None admin] Conflict occurred attempting to store role - Duplicate entry found with name service.: keystone.exception.Conflict: Conflict occurred attempting to store role - Duplicate entry found with name service.
Mar 18 11:06:09 ubuntu devstack@keystone.service[81993]: ERROR keystone.server.flask.application Traceback (most recent call last):
Mar 18 11:06:09 ubuntu devstack@keystone.service[81993]: ERROR keystone.server.flask.application   File "/opt/stack/data/venv/lib/python3.10/site-packages/sqlalchemy/engine/base.py", line 1967, in _exec_single_context
Mar 18 11:06:09 ubuntu devstack@keystone.service[81993]: ERROR keystone.server.flask.application     self.dialect.do_execute(
Mar 18 11:06:09 ubuntu devstack@keystone.service[81993]: ERROR keystone.server.flask.application   File "/opt/stack/data/venv/lib/python3.10/site-packages/sqlalchemy/engine/default.py", line 952, in do_execute
Mar 18 11:06:09 ubuntu devstack@keystone.service[81993]: ERROR keystone.server.flask.application     cursor.execute(statement, parameters)
Mar 18 11:06:09 ubuntu devstack@keystone.service[81993]: ERROR keystone.server.flask.application   File "/opt/stack/data/venv/lib/python3.10/site-packages/pymysql/cursors.py", line 153, in execute
Mar 18 11:06:09 ubuntu devstack@keystone.service[81993]: ERROR keystone.server.flask.application     result = self._query(query)
Mar 18 11:06:09 ubuntu devstack@keystone.service[81993]: ERROR keystone.server.flask.application   File "/opt/stack/data/venv/lib/python3.10/site-packages/pymysql/cursors.py", line 322, in _query
Mar 18 11:06:09 ubuntu devstack@keystone.service[81993]: ERROR keystone.server.flask.application     conn.query(q)
Mar 18 11:06:09 ubuntu devstack@keystone.service[81993]: ERROR keystone.server.flask.application   File "/opt/stack/data/venv/lib/python3.10/site-packages/pymysql/connections.py", line 575, in query
Mar 18 11:06:09 ubuntu devstack@keystone.service[81993]: ERROR keystone.server.flask.application     self._affected_rows = self._read_query_result(unbuffered=unbuffered)
Mar 18 11:06:09 ubuntu devstack@keystone.service[81993]: ERROR keystone.server.flask.application   File "/opt/stack/data/venv/lib/python3.10/site-packages/pymysql/connections.py", line 826, in _read_query_result
Mar 18 11:06:09 ubuntu devstack@keystone.service[81993]: ERROR keystone.server.flask.application     result.read()
Mar 18 11:06:09 ubuntu devstack@keystone.service[81993]: ERROR keystone.server.flask.application   File "/opt/stack/data/venv/lib/python3.10/site-packages/pymysql/connections.py", line 1203, in read
Mar 18 11:06:09 ubuntu devstack@keystone.service[81993]: ERROR keystone.server.flask.application     first_packet = self.connection._read_packet()
Mar 18 11:06:09 ubuntu devstack@keystone.service[81993]: ERROR keystone.server.flask.application   File "/opt/stack/data/venv/lib/python3.10/site-packages/pymysql/connections.py", line 782, in _read_packet
Mar 18 11:06:09 ubuntu devstack@keystone.service[81993]: ERROR keystone.server.flask.application     packet.raise_for_error()
Mar 18 11:06:09 ubuntu devstack@keystone.service[81993]: ERROR keystone.server.flask.application   File "/opt/stack/data/venv/lib/python3.10/site-packages/pymysql/protocol.py", line 219, in raise_for_error
Mar 18 11:06:09 ubuntu devstack@keystone.service[81993]: ERROR keystone.server.flask.application     err.raise_mysql_exception(self._data)
Mar 18 11:06:09 ubuntu devstack@keystone.service[81993]: ERROR keystone.server.flask.application   File "/opt/stack/data/venv/lib/python3.10/site-packages/pymysql/err.py", line 150, in raise_mysql_exception
Mar 18 11:06:09 ubuntu devstack@keystone.service[81993]: ERROR keystone.server.flask.application     raise errorclass(errno, errval)
Mar 18 11:06:09 ubuntu devstack@keystone.service[81993]: ERROR keystone.server.flask.application pymysql.err.IntegrityError: (1062, "Duplicate entry 'service-<<null>>' for key 'role.ixu_role_name_domain_id'")
Mar 18 11:06:09 ubuntu devstack@keystone.service[81993]: ERROR keystone.server.flask.application 
Mar 18 11:06:09 ubuntu devstack@keystone.service[81993]: ERROR keystone.server.flask.application The above exception was the direct cause of the following exception:
Mar 18 11:06:09 ubuntu devstack@keystone.service[81993]: ERROR keystone.server.flask.application 
Mar 18 11:06:09 ubuntu devstack@keystone.service[81993]: ERROR keystone.server.flask.application Traceback (most recent call last):
Mar 18 11:06:09 ubuntu devstack@keystone.service[81993]: ERROR keystone.server.flask.application   File "/opt/stack/keystone/keystone/common/sql/core.py", line 575, in wrapper
Mar 18 11:06:09 ubuntu devstack@keystone.service[81993]: ERROR keystone.server.flask.application     return method(*args, **kwargs)
Mar 18 11:06:09 ubuntu devstack@keystone.service[81993]: ERROR keystone.server.flask.application   File "/opt/stack/keystone/keystone/assignment/role_backends/sql.py", line 25, in create_role
Mar 18 11:06:09 ubuntu devstack@keystone.service[81993]: ERROR keystone.server.flask.application     with sql.session_for_write() as session:
Mar 18 11:06:09 ubuntu devstack@keystone.service[81993]: ERROR keystone.server.flask.application   File "/usr/lib/python3.10/contextlib.py", line 142, in __exit__
Mar 18 11:06:09 ubuntu devstack@keystone.service[81993]: ERROR keystone.server.flask.application     next(self.gen)
Mar 18 11:06:09 ubuntu devstack@keystone.service[81993]: ERROR keystone.server.flask.application   File "/opt/stack/data/venv/lib/python3.10/site-packages/oslo_db/sqlalchemy/enginefacade.py", line 1175, in _transaction_scope
Mar 18 11:06:09 ubuntu devstack@keystone.service[81993]: ERROR keystone.server.flask.application     with current._produce_block(
Mar 18 11:06:09 ubuntu devstack@keystone.service[81993]: ERROR keystone.server.flask.application   File "/usr/lib/python3.10/contextlib.py", line 142, in __exit__
Mar 18 11:06:09 ubuntu devstack@keystone.service[81993]: ERROR keystone.server.flask.application     next(self.gen)
Mar 18 11:06:09 ubuntu devstack@keystone.service[81993]: ERROR keystone.server.flask.application   File "/opt/stack/data/venv/lib/python3.10/site-packages/oslo_db/sqlalchemy/enginefacade.py", line 837, in _session
Mar 18 11:06:09 ubuntu devstack@keystone.service[81993]: ERROR keystone.server.flask.application     with excutils.save_and_reraise_exception():
Mar 18 11:06:09 ubuntu devstack@keystone.service[81993]: ERROR keystone.server.flask.application   File "/opt/stack/data/venv/lib/python3.10/site-packages/oslo_utils/excutils.py", line 267, in __exit__
Mar 18 11:06:09 ubuntu devstack@keystone.service[81993]: ERROR keystone.server.flask.application     self.force_reraise()
Mar 18 11:06:09 ubuntu devstack@keystone.service[81993]: ERROR keystone.server.flask.application   File "/opt/stack/data/venv/lib/python3.10/site-packages/oslo_utils/excutils.py", line 233, in force_reraise
Mar 18 11:06:09 ubuntu devstack@keystone.service[81993]: ERROR keystone.server.flask.application     raise self.value
Mar 18 11:06:09 ubuntu devstack@keystone.service[81993]: ERROR keystone.server.flask.application   File "/opt/stack/data/venv/lib/python3.10/site-packages/oslo_db/sqlalchemy/enginefacade.py", line 835, in _session
Mar 18 11:06:09 ubuntu devstack@keystone.service[81993]: ERROR keystone.server.flask.application     self._end_session_transaction(self.session)
Mar 18 11:06:09 ubuntu devstack@keystone.service[81993]: ERROR keystone.server.flask.application   File "/opt/stack/data/venv/lib/python3.10/site-packages/oslo_db/sqlalchemy/enginefacade.py", line 748, in _end_session_transaction
Mar 18 11:06:09 ubuntu devstack@keystone.service[81993]: ERROR keystone.server.flask.application     session.commit()
Mar 18 11:06:09 ubuntu devstack@keystone.service[81993]: ERROR keystone.server.flask.application   File "/opt/stack/data/venv/lib/python3.10/site-packages/sqlalchemy/orm/session.py", line 2030, in commit
Mar 18 11:06:09 ubuntu devstack@keystone.service[81993]: ERROR keystone.server.flask.application     trans.commit(_to_root=True)
