Sep 16 11:13:21 ubuntu devstack@keystone.service[81266]: DEBUG keystone.server.flask.request_processing.req_logging [None req-cb828128-a508-4fd0-8b2f-8053d9377f5d None None] REQUEST_METHOD: `POST` {{(pid=81266) log_request_info /opt/stack/keystone/keystone/server/flask/request_processing/req_logging.py:26}}
Sep 16 11:13:21 ubuntu devstack@keystone.service[81266]: DEBUG keystone.server.flask.request_processing.req_logging [None req-cb828128-a508-4fd0-8b2f-8053d9377f5d None None] SCRIPT_NAME: `/identity` {{(pid=81266) log_request_info /opt/stack/keystone/keystone/server/flask/request_processing/req_logging.py:27}}
Sep 16 11:13:21 ubuntu devstack@keystone.service[81266]: DEBUG keystone.server.flask.request_processing.req_logging [None req-cb828128-a508-4fd0-8b2f-8053d9377f5d None None] PATH_INFO: `/v3/auth/tokens` {{(pid=81266) log_request_info /opt/stack/keystone/keystone/server/flask/request_processing/req_logging.py:28}}
Sep 16 11:13:21 ubuntu devstack@keystone.service[81265]: [pid: 81265|app: 0|req: 11/24] 10.201.5.82 () {58 vars in 1016 bytes} [Tue Sep 16 11:13:21 2025] POST /identity/v3/auth/tokens => generated 862 bytes in 68 msecs (HTTP/1.1 201) 6 headers in 363 bytes (1 switches on core 0)
Sep 16 11:13:21 ubuntu devstack@keystone.service[81266]: WARNING keystone.common.password_hashing [None req-cb828128-a508-4fd0-8b2f-8053d9377f5d None None] Truncating password to algorithm specific maximum length 72 characters.
Sep 16 11:13:21 ubuntu devstack@keystone.service[81266]: DEBUG keystone.auth.core [None req-cb828128-a508-4fd0-8b2f-8053d9377f5d None None] MFA Rules not processed for user `81f5c698574c43f69b7704c6d83c2220`. Rule list: `[]` (Enabled: `True`). {{(pid=81266) check_auth_methods_against_rules /opt/stack/keystone/keystone/auth/core.py:476}}
Sep 16 11:13:21 ubuntu devstack@keystone.service[81266]: DEBUG keystone.common.fernet_utils [None req-cb828128-a508-4fd0-8b2f-8053d9377f5d None None] Loaded 2 Fernet keys from /etc/keystone/fernet-keys/, but `[fernet_tokens] max_active_keys = 3`; perhaps there have not been enough key rotations to reach `max_active_keys` yet? {{(pid=81266) load_keys /opt/stack/keystone/keystone/common/fernet_utils.py:297}}
Sep 16 11:13:21 ubuntu devstack@keystone.service[81266]: [pid: 81266|app: 0|req: 14/25] 10.201.5.82 () {58 vars in 1016 bytes} [Tue Sep 16 11:13:21 2025] POST /identity/v3/auth/tokens => generated 862 bytes in 69 msecs (HTTP/1.1 201) 6 headers in 363 bytes (1 switches on core 0)
Sep 16 11:13:21 ubuntu devstack@keystone.service[81265]: DEBUG keystone.server.flask.request_processing.middleware.auth_context [None req-217a77bc-8592-4508-9d1f-02099fac46fb None None] Authenticating user token {{(pid=81265) process_request /opt/stack/data/venv/lib/python3.10/site-packages/keystonemiddleware/auth_token/__init__.py:407}}
Sep 16 11:13:21 ubuntu devstack@keystone.service[81265]: DEBUG keystone.server.flask.request_processing.middleware.auth_context [None req-217a77bc-8592-4508-9d1f-02099fac46fb None None] Validating token access rules against request {{(pid=81265) validate_allowed_request /opt/stack/data/venv/lib/python3.10/site-packages/keystonemiddleware/auth_token/__init__.py:545}}
Sep 16 11:13:21 ubuntu devstack@keystone.service[81266]: DEBUG keystone.server.flask.request_processing.middleware.auth_context [None req-cb828128-a508-4fd0-8b2f-8053d9377f5d None None] Authenticating user token {{(pid=81266) process_request /opt/stack/data/venv/lib/python3.10/site-packages/keystonemiddleware/auth_token/__init__.py:407}}
Sep 16 11:13:21 ubuntu devstack@keystone.service[81266]: DEBUG keystone.server.flask.request_processing.middleware.auth_context [None req-cb828128-a508-4fd0-8b2f-8053d9377f5d None None] Validating token access rules against request {{(pid=81266) validate_allowed_request /opt/stack/data/venv/lib/python3.10/site-packages/keystonemiddleware/auth_token/__init__.py:545}}
Sep 16 11:13:21 ubuntu devstack@keystone.service[81266]: DEBUG keystone.server.flask.request_processing.middleware.auth_context [None req-b64c46e8-8603-4f32-a9c7-9415cc0dc2a5 None admin] RBAC: auth_context: {'token': <TokenModel (audit_id=DTyIR0D6Qiq50kVeGM5N9g, audit_chain_id=['DTyIR0D6Qiq50kVeGM5N9g']) at 0x7f36642d36d0>, 'domain_id': None, 'trust_id': None, 'trustor_id': None, 'trustee_id': None, 'domain_name': None, 'group_ids': [], 'user_id': '81f5c698574c43f69b7704c6d83c2220', 'user_domain_id': 'default', 'system_scope': 'all', 'project_id': None, 'project_domain_id': None, 'roles': ['admin', 'manager', 'member', 'reader'], 'is_admin_project': True, 'service_user_id': None, 'service_user_domain_id': None, 'service_project_id': None, 'service_project_domain_id': None, 'service_roles': []} {{(pid=81266) fill_context /opt/stack/keystone/keystone/server/flask/request_processing/middleware/auth_context.py:509}}
Sep 16 11:13:21 ubuntu devstack@keystone.service[81266]: DEBUG keystone.server.flask.request_processing.req_logging [None req-b64c46e8-8603-4f32-a9c7-9415cc0dc2a5 None admin] REQUEST_METHOD: `GET` {{(pid=81266) log_request_info /opt/stack/keystone/keystone/server/flask/request_processing/req_logging.py:26}}
Sep 16 11:13:21 ubuntu devstack@keystone.service[81266]: DEBUG keystone.server.flask.request_processing.req_logging [None req-b64c46e8-8603-4f32-a9c7-9415cc0dc2a5 None admin] SCRIPT_NAME: `/identity` {{(pid=81266) log_request_info /opt/stack/keystone/keystone/server/flask/request_processing/req_logging.py:27}}
Sep 16 11:13:21 ubuntu devstack@keystone.service[81266]: DEBUG keystone.server.flask.request_processing.req_logging [None req-b64c46e8-8603-4f32-a9c7-9415cc0dc2a5 None admin] PATH_INFO: `/v3/domains/Default` {{(pid=81266) log_request_info /opt/stack/keystone/keystone/server/flask/request_processing/req_logging.py:28}}
Sep 16 11:13:21 ubuntu devstack@keystone.service[81266]: DEBUG keystone.common.rbac_enforcer.enforcer [None req-b64c46e8-8603-4f32-a9c7-9415cc0dc2a5 None admin] RBAC: Authorizing `identity:get_domain(domain_id=Default)` {{(pid=81266) enforce_call /opt/stack/keystone/keystone/common/rbac_enforcer/enforcer.py:494}}
Sep 16 11:13:21 ubuntu devstack@keystone.service[81266]: DEBUG keystone.common.rbac_enforcer.enforcer [None req-b64c46e8-8603-4f32-a9c7-9415cc0dc2a5 None admin] RBAC: Authorization granted {{(pid=81266) enforce_call /opt/stack/keystone/keystone/common/rbac_enforcer/enforcer.py:505}}
Sep 16 11:13:21 ubuntu devstack@keystone.service[81266]: DEBUG keystone.server.flask.application [None req-b64c46e8-8603-4f32-a9c7-9415cc0dc2a5 None admin] Could not find domain: Default. {{(pid=81266) _handle_keystone_exception /opt/stack/keystone/keystone/server/flask/application.py:146}}
Sep 16 11:13:21 ubuntu devstack@keystone.service[81266]: [pid: 81266|app: 0|req: 15/26] 10.201.5.82 () {56 vars in 1100 bytes} [Tue Sep 16 11:13:21 2025] GET /identity/v3/domains/Default => generated 87 bytes in 95 msecs (HTTP/1.1 404) 5 headers in 183 bytes (1 switches on core 0)
Sep 16 11:13:21 ubuntu devstack@keystone.service[81266]: DEBUG keystone.server.flask.request_processing.req_logging [None req-bcc2e0a4-a884-4e46-971d-955ff5716093 None None] REQUEST_METHOD: `GET` {{(pid=81266) log_request_info /opt/stack/keystone/keystone/server/flask/request_processing/req_logging.py:26}}
Sep 16 11:13:21 ubuntu devstack@keystone.service[81266]: DEBUG keystone.server.flask.request_processing.req_logging [None req-bcc2e0a4-a884-4e46-971d-955ff5716093 None None] SCRIPT_NAME: `/identity` {{(pid=81266) log_request_info /opt/stack/keystone/keystone/server/flask/request_processing/req_logging.py:27}}
Sep 16 11:13:21 ubuntu devstack@keystone.service[81266]: DEBUG keystone.server.flask.request_processing.req_logging [None req-bcc2e0a4-a884-4e46-971d-955ff5716093 None None] PATH_INFO: `/` {{(pid=81266) log_request_info /opt/stack/keystone/keystone/server/flask/request_processing/req_logging.py:28}}
Sep 16 11:13:21 ubuntu devstack@keystone.service[81266]: [pid: 81266|app: 0|req: 16/27] 10.201.5.82 () {54 vars in 919 bytes} [Tue Sep 16 11:13:21 2025] GET /identity => generated 270 bytes in 2 msecs (HTTP/1.1 300) 6 headers in 234 bytes (1 switches on core 0)
Sep 16 11:13:21 ubuntu devstack@keystone.service[81266]: DEBUG keystone.server.flask.request_processing.middleware.auth_context [None req-bcc2e0a4-a884-4e46-971d-955ff5716093 None None] Authenticating user token {{(pid=81266) process_request /opt/stack/data/venv/lib/python3.10/site-packages/keystonemiddleware/auth_token/__init__.py:407}}
Sep 16 11:13:21 ubuntu devstack@keystone.service[81265]: DEBUG keystone.server.flask.request_processing.middleware.auth_context [None req-87ff47f6-445e-4cb1-9fd3-1e48f117ff80 None admin] RBAC: auth_context: {'token': <TokenModel (audit_id=ZQ5-_ocDTeOKKW_qdsa8ow, audit_chain_id=['ZQ5-_ocDTeOKKW_qdsa8ow']) at 0x7f366502a500>, 'domain_id': None, 'trust_id': None, 'trustor_id': None, 'trustee_id': None, 'domain_name': None, 'group_ids': [], 'user_id': '81f5c698574c43f69b7704c6d83c2220', 'user_domain_id': 'default', 'system_scope': 'all', 'project_id': None, 'project_domain_id': None, 'roles': ['admin', 'manager', 'member', 'reader'], 'is_admin_project': True, 'service_user_id': None, 'service_user_domain_id': None, 'service_project_id': None, 'service_project_domain_id': None, 'service_roles': []} {{(pid=81265) fill_context /opt/stack/keystone/keystone/server/flask/request_processing/middleware/auth_context.py:509}}
Sep 16 11:13:21 ubuntu devstack@keystone.service[81265]: DEBUG keystone.server.flask.request_processing.req_logging [None req-87ff47f6-445e-4cb1-9fd3-1e48f117ff80 None admin] REQUEST_METHOD: `GET` {{(pid=81265) log_request_info /opt/stack/keystone/keystone/server/flask/request_processing/req_logging.py:26}}
Sep 16 11:13:21 ubuntu devstack@keystone.service[81265]: DEBUG keystone.server.flask.request_processing.req_logging [None req-87ff47f6-445e-4cb1-9fd3-1e48f117ff80 None admin] SCRIPT_NAME: `/identity` {{(pid=81265) log_request_info /opt/stack/keystone/keystone/server/flask/request_processing/req_logging.py:27}}
Sep 16 11:13:21 ubuntu devstack@keystone.service[81265]: DEBUG keystone.server.flask.request_processing.req_logging [None req-87ff47f6-445e-4cb1-9fd3-1e48f117ff80 None admin] PATH_INFO: `/v3/roles/admin` {{(pid=81265) log_request_info /opt/stack/keystone/keystone/server/flask/request_processing/req_logging.py:28}}
Sep 16 11:13:21 ubuntu devstack@keystone.service[81265]: DEBUG keystone.common.rbac_enforcer.enforcer [None req-87ff47f6-445e-4cb1-9fd3-1e48f117ff80 None admin] Extracting inferred target data resulted in "NOT FOUND (404)". {{(pid=81265) enforce_call /opt/stack/keystone/keystone/common/rbac_enforcer/enforcer.py:445}}
Sep 16 11:13:21 ubuntu devstack@keystone.service[81265]: DEBUG keystone.server.flask.application [None req-87ff47f6-445e-4cb1-9fd3-1e48f117ff80 None admin] Could not find role: admin. {{(pid=81265) _handle_keystone_exception /opt/stack/keystone/keystone/server/flask/application.py:146}}
Sep 16 11:13:21 ubuntu devstack@keystone.service[81265]: [pid: 81265|app: 0|req: 12/28] 10.201.5.82 () {56 vars in 1132 bytes} [Tue Sep 16 11:13:21 2025] GET /identity/v3/roles/admin => generated 83 bytes in 219 msecs (HTTP/1.1 404) 5 headers in 183 bytes (1 switches on core 0)
Sep 16 11:13:21 ubuntu devstack@keystone.service[81265]: DEBUG keystone.server.flask.request_processing.req_logging [None req-7106d958-16a8-4cbb-81da-276e5f93d40f None None] REQUEST_METHOD: `POST` {{(pid=81265) log_request_info /opt/stack/keystone/keystone/server/flask/request_processing/req_logging.py:26}}
Sep 16 11:13:21 ubuntu devstack@keystone.service[81265]: DEBUG keystone.server.flask.request_processing.req_logging [None req-7106d958-16a8-4cbb-81da-276e5f93d40f None None] SCRIPT_NAME: `/identity` {{(pid=81265) log_request_info /opt/stack/keystone/keystone/server/flask/request_processing/req_logging.py:27}}
Sep 16 11:13:21 ubuntu devstack@keystone.service[81265]: DEBUG keystone.server.flask.request_processing.req_logging [None req-7106d958-16a8-4cbb-81da-276e5f93d40f None None] PATH_INFO: `/v3/auth/tokens` {{(pid=81265) log_request_info /opt/stack/keystone/keystone/server/flask/request_processing/req_logging.py:28}}
Sep 16 11:13:21 ubuntu devstack@keystone.service[81266]: DEBUG keystone.server.flask.request_processing.middleware.auth_context [None req-bcc2e0a4-a884-4e46-971d-955ff5716093 None None] Validating token access rules against request {{(pid=81266) validate_allowed_request /opt/stack/data/venv/lib/python3.10/site-packages/keystonemiddleware/auth_token/__init__.py:545}}
Sep 16 11:13:21 ubuntu devstack@keystone.service[81265]: WARNING keystone.common.password_hashing [None req-7106d958-16a8-4cbb-81da-276e5f93d40f None None] Truncating password to algorithm specific maximum length 72 characters.
Sep 16 11:13:21 ubuntu devstack@keystone.service[81266]: DEBUG keystone.server.flask.request_processing.middleware.auth_context [None req-9b20bbae-31c7-4dda-9521-06bd7d5e5171 None admin] RBAC: auth_context: {'token': <TokenModel (audit_id=DTyIR0D6Qiq50kVeGM5N9g, audit_chain_id=['DTyIR0D6Qiq50kVeGM5N9g']) at 0x7f36642ea350>, 'domain_id': None, 'trust_id': None, 'trustor_id': None, 'trustee_id': None, 'domain_name': None, 'group_ids': [], 'user_id': '81f5c698574c43f69b7704c6d83c2220', 'user_domain_id': 'default', 'system_scope': 'all', 'project_id': None, 'project_domain_id': None, 'roles': ['admin', 'manager', 'member', 'reader'], 'is_admin_project': True, 'service_user_id': None, 'service_user_domain_id': None, 'service_project_id': None, 'service_project_domain_id': None, 'service_roles': []} {{(pid=81266) fill_context /opt/stack/keystone/keystone/server/flask/request_processing/middleware/auth_context.py:509}}
Sep 16 11:13:21 ubuntu devstack@keystone.service[81266]: DEBUG keystone.server.flask.request_processing.req_logging [None req-9b20bbae-31c7-4dda-9521-06bd7d5e5171 None admin] REQUEST_METHOD: `GET` {{(pid=81266) log_request_info /opt/stack/keystone/keystone/server/flask/request_processing/req_logging.py:26}}
Sep 16 11:13:21 ubuntu devstack@keystone.service[81266]: DEBUG keystone.server.flask.request_processing.req_logging [None req-9b20bbae-31c7-4dda-9521-06bd7d5e5171 None admin] SCRIPT_NAME: `/identity` {{(pid=81266) log_request_info /opt/stack/keystone/keystone/server/flask/request_processing/req_logging.py:27}}
Sep 16 11:13:21 ubuntu devstack@keystone.service[81266]: DEBUG keystone.server.flask.request_processing.req_logging [None req-9b20bbae-31c7-4dda-9521-06bd7d5e5171 None admin] PATH_INFO: `/v3/domains` {{(pid=81266) log_request_info /opt/stack/keystone/keystone/server/flask/request_processing/req_logging.py:28}}
Sep 16 11:13:21 ubuntu devstack@keystone.service[81265]: DEBUG keystone.auth.core [None req-7106d958-16a8-4cbb-81da-276e5f93d40f None None] MFA Rules not processed for user `81f5c698574c43f69b7704c6d83c2220`. Rule list: `[]` (Enabled: `True`). {{(pid=81265) check_auth_methods_against_rules /opt/stack/keystone/keystone/auth/core.py:476}}
Sep 16 11:13:21 ubuntu devstack@keystone.service[81266]: DEBUG keystone.common.rbac_enforcer.enforcer [None req-9b20bbae-31c7-4dda-9521-06bd7d5e5171 None admin] RBAC: Adding query filter params (name=Default) {{(pid=81266) _extract_filter_values /opt/stack/keystone/keystone/common/rbac_enforcer/enforcer.py:176}}
Sep 16 11:13:21 ubuntu devstack@keystone.service[81265]: DEBUG keystone.common.fernet_utils [None req-7106d958-16a8-4cbb-81da-276e5f93d40f None None] Loaded 2 Fernet keys from /etc/keystone/fernet-keys/, but `[fernet_tokens] max_active_keys = 3`; perhaps there have not been enough key rotations to reach `max_active_keys` yet? {{(pid=81265) load_keys /opt/stack/keystone/keystone/common/fernet_utils.py:297}}
Sep 16 11:13:21 ubuntu devstack@keystone.service[81266]: DEBUG keystone.common.rbac_enforcer.enforcer [None req-9b20bbae-31c7-4dda-9521-06bd7d5e5171 None admin] RBAC: Authorizing `identity:list_domains()` {{(pid=81266) enforce_call /opt/stack/keystone/keystone/common/rbac_enforcer/enforcer.py:494}}
Sep 16 11:13:21 ubuntu devstack@keystone.service[81266]: DEBUG keystone.common.rbac_enforcer.enforcer [None req-9b20bbae-31c7-4dda-9521-06bd7d5e5171 None admin] RBAC: Authorization granted {{(pid=81266) enforce_call /opt/stack/keystone/keystone/common/rbac_enforcer/enforcer.py:505}}
Sep 16 11:13:21 ubuntu devstack@keystone.service[81266]: [pid: 81266|app: 0|req: 17/29] 10.201.5.82 () {56 vars in 1101 bytes} [Tue Sep 16 11:13:21 2025] GET /identity/v3/domains?name=Default => generated 308 bytes in 95 msecs (HTTP/1.1 200) 5 headers in 177 bytes (1 switches on core 0)
Sep 16 11:13:21 ubuntu devstack@keystone.service[81266]: DEBUG keystone.server.flask.request_processing.req_logging [None req-ab97e7ec-fe3b-4a9c-8031-0dcd9c58abf0 None None] REQUEST_METHOD: `GET` {{(pid=81266) log_request_info /opt/stack/keystone/keystone/server/flask/request_processing/req_logging.py:26}}
Sep 16 11:13:21 ubuntu devstack@keystone.service[81266]: DEBUG keystone.server.flask.request_processing.req_logging [None req-ab97e7ec-fe3b-4a9c-8031-0dcd9c58abf0 None None] SCRIPT_NAME: `/identity` {{(pid=81266) log_request_info /opt/stack/keystone/keystone/server/flask/request_processing/req_logging.py:27}}
Sep 16 11:13:21 ubuntu devstack@keystone.service[81266]: DEBUG keystone.server.flask.request_processing.req_logging [None req-ab97e7ec-fe3b-4a9c-8031-0dcd9c58abf0 None None] PATH_INFO: `/` {{(pid=81266) log_request_info /opt/stack/keystone/keystone/server/flask/request_processing/req_logging.py:28}}
Sep 16 11:13:21 ubuntu devstack@keystone.service[81266]: [pid: 81266|app: 0|req: 18/30] 10.201.5.82 () {54 vars in 919 bytes} [Tue Sep 16 11:13:21 2025] GET /identity => generated 270 bytes in 3 msecs (HTTP/1.1 300) 6 headers in 234 bytes (1 switches on core 0)
Sep 16 11:13:21 ubuntu devstack@keystone.service[81266]: DEBUG keystone.server.flask.request_processing.middleware.auth_context [None req-ab97e7ec-fe3b-4a9c-8031-0dcd9c58abf0 None None] Authenticating user token {{(pid=81266) process_request /opt/stack/data/venv/lib/python3.10/site-packages/keystonemiddleware/auth_token/__init__.py:407}}
Sep 16 11:13:21 ubuntu devstack@keystone.service[81265]: [pid: 81265|app: 0|req: 13/31] 10.201.5.82 () {58 vars in 1016 bytes} [Tue Sep 16 11:13:21 2025] POST /identity/v3/auth/tokens => generated 862 bytes in 58 msecs (HTTP/1.1 201) 6 headers in 363 bytes (1 switches on core 0)
Sep 16 11:13:21 ubuntu devstack@keystone.service[81265]: DEBUG keystone.server.flask.request_processing.middleware.auth_context [None req-7106d958-16a8-4cbb-81da-276e5f93d40f None None] Authenticating user token {{(pid=81265) process_request /opt/stack/data/venv/lib/python3.10/site-packages/keystonemiddleware/auth_token/__init__.py:407}}
Sep 16 11:13:21 ubuntu devstack@keystone.service[81266]: DEBUG keystone.server.flask.request_processing.middleware.auth_context [None req-ab97e7ec-fe3b-4a9c-8031-0dcd9c58abf0 None None] Validating token access rules against request {{(pid=81266) validate_allowed_request /opt/stack/data/venv/lib/python3.10/site-packages/keystonemiddleware/auth_token/__init__.py:545}}
Sep 16 11:13:21 ubuntu devstack@keystone.service[81266]: DEBUG keystone.server.flask.request_processing.middleware.auth_context [None req-0a51e5c8-d07d-4891-85b3-50ee776c18f9 None admin] RBAC: auth_context: {'token': <TokenModel (audit_id=ZQ5-_ocDTeOKKW_qdsa8ow, audit_chain_id=['ZQ5-_ocDTeOKKW_qdsa8ow']) at 0x7f365ff1a920>, 'domain_id': None, 'trust_id': None, 'trustor_id': None, 'trustee_id': None, 'domain_name': None, 'group_ids': [], 'user_id': '81f5c698574c43f69b7704c6d83c2220', 'user_domain_id': 'default', 'system_scope': 'all', 'project_id': None, 'project_domain_id': None, 'roles': ['admin', 'manager', 'member', 'reader'], 'is_admin_project': True, 'service_user_id': None, 'service_user_domain_id': None, 'service_project_id': None, 'service_project_domain_id': None, 'service_roles': []} {{(pid=81266) fill_context /opt/stack/keystone/keystone/server/flask/request_processing/middleware/auth_context.py:509}}
Sep 16 11:13:21 ubuntu devstack@keystone.service[81266]: DEBUG keystone.server.flask.request_processing.req_logging [None req-0a51e5c8-d07d-4891-85b3-50ee776c18f9 None admin] REQUEST_METHOD: `GET` {{(pid=81266) log_request_info /opt/stack/keystone/keystone/server/flask/request_processing/req_logging.py:26}}
Sep 16 11:13:21 ubuntu devstack@keystone.service[81266]: DEBUG keystone.server.flask.request_processing.req_logging [None req-0a51e5c8-d07d-4891-85b3-50ee776c18f9 None admin] SCRIPT_NAME: `/identity` {{(pid=81266) log_request_info /opt/stack/keystone/keystone/server/flask/request_processing/req_logging.py:27}}
Sep 16 11:13:21 ubuntu devstack@keystone.service[81266]: DEBUG keystone.server.flask.request_processing.req_logging [None req-0a51e5c8-d07d-4891-85b3-50ee776c18f9 None admin] PATH_INFO: `/v3/roles` {{(pid=81266) log_request_info /opt/stack/keystone/keystone/server/flask/request_processing/req_logging.py:28}}
Sep 16 11:13:21 ubuntu devstack@keystone.service[81266]: DEBUG keystone.common.rbac_enforcer.enforcer [None req-0a51e5c8-d07d-4891-85b3-50ee776c18f9 None admin] RBAC: Adding query filter params (name=admin) {{(pid=81266) _extract_filter_values /opt/stack/keystone/keystone/common/rbac_enforcer/enforcer.py:176}}
Sep 16 11:13:21 ubuntu devstack@keystone.service[81266]: DEBUG keystone.common.rbac_enforcer.enforcer [None req-0a51e5c8-d07d-4891-85b3-50ee776c18f9 None admin] RBAC: Authorizing `identity:list_roles()` {{(pid=81266) enforce_call /opt/stack/keystone/keystone/common/rbac_enforcer/enforcer.py:494}}
Sep 16 11:13:21 ubuntu devstack@keystone.service[81266]: DEBUG keystone.common.rbac_enforcer.enforcer [None req-0a51e5c8-d07d-4891-85b3-50ee776c18f9 None admin] RBAC: Authorization granted {{(pid=81266) enforce_call /opt/stack/keystone/keystone/common/rbac_enforcer/enforcer.py:505}}
Sep 16 11:13:21 ubuntu devstack@keystone.service[81265]: DEBUG keystone.server.flask.request_processing.middleware.auth_context [None req-7106d958-16a8-4cbb-81da-276e5f93d40f None None] Validating token access rules against request {{(pid=81265) validate_allowed_request /opt/stack/data/venv/lib/python3.10/site-packages/keystonemiddleware/auth_token/__init__.py:545}}
Sep 16 11:13:21 ubuntu devstack@keystone.service[81266]: [pid: 81266|app: 0|req: 19/32] 10.201.5.82 () {56 vars in 1148 bytes} [Tue Sep 16 11:13:21 2025] GET /identity/v3/roles?name=admin => generated 339 bytes in 59 msecs (HTTP/1.1 200) 5 headers in 177 bytes (1 switches on core 0)
Sep 16 11:13:21 ubuntu devstack@keystone.service[81266]: DEBUG keystone.server.flask.request_processing.req_logging [None req-74f79169-e4a9-44b5-b7b6-7168871371c8 None None] REQUEST_METHOD: `POST` {{(pid=81266) log_request_info /opt/stack/keystone/keystone/server/flask/request_processing/req_logging.py:26}}
Sep 16 11:13:21 ubuntu devstack@keystone.service[81266]: DEBUG keystone.server.flask.request_processing.req_logging [None req-74f79169-e4a9-44b5-b7b6-7168871371c8 None None] SCRIPT_NAME: `/identity` {{(pid=81266) log_request_info /opt/stack/keystone/keystone/server/flask/request_processing/req_logging.py:27}}
Sep 16 11:13:21 ubuntu devstack@keystone.service[81266]: DEBUG keystone.server.flask.request_processing.req_logging [None req-74f79169-e4a9-44b5-b7b6-7168871371c8 None None] PATH_INFO: `/v3/auth/tokens` {{(pid=81266) log_request_info /opt/stack/keystone/keystone/server/flask/request_processing/req_logging.py:28}}
Sep 16 11:13:21 ubuntu devstack@keystone.service[81266]: WARNING keystone.common.password_hashing [None req-74f79169-e4a9-44b5-b7b6-7168871371c8 None None] Truncating password to algorithm specific maximum length 72 characters.
Sep 16 11:13:21 ubuntu devstack@keystone.service[81266]: DEBUG keystone.auth.core [None req-74f79169-e4a9-44b5-b7b6-7168871371c8 None None] MFA Rules not processed for user `81f5c698574c43f69b7704c6d83c2220`. Rule list: `[]` (Enabled: `True`). {{(pid=81266) check_auth_methods_against_rules /opt/stack/keystone/keystone/auth/core.py:476}}
Sep 16 11:13:21 ubuntu devstack@keystone.service[81266]: DEBUG keystone.common.fernet_utils [None req-74f79169-e4a9-44b5-b7b6-7168871371c8 None None] Loaded 2 Fernet keys from /etc/keystone/fernet-keys/, but `[fernet_tokens] max_active_keys = 3`; perhaps there have not been enough key rotations to reach `max_active_keys` yet? {{(pid=81266) load_keys /opt/stack/keystone/keystone/common/fernet_utils.py:297}}
Sep 16 11:13:21 ubuntu devstack@keystone.service[81265]: DEBUG keystone.server.flask.request_processing.middleware.auth_context [None req-4577da73-f5f4-4e16-8a5f-ea9745b382c0 None admin] RBAC: auth_context: {'token': <TokenModel (audit_id=DTyIR0D6Qiq50kVeGM5N9g, audit_chain_id=['DTyIR0D6Qiq50kVeGM5N9g']) at 0x7f36644b0e80>, 'domain_id': None, 'trust_id': None, 'trustor_id': None, 'trustee_id': None, 'domain_name': None, 'group_ids': [], 'user_id': '81f5c698574c43f69b7704c6d83c2220', 'user_domain_id': 'default', 'system_scope': 'all', 'project_id': None, 'project_domain_id': None, 'roles': ['admin', 'manager', 'member', 'reader'], 'is_admin_project': True, 'service_user_id': None, 'service_user_domain_id': None, 'service_project_id': None, 'service_project_domain_id': None, 'service_roles': []} {{(pid=81265) fill_context /opt/stack/keystone/keystone/server/flask/request_processing/middleware/auth_context.py:509}}
Sep 16 11:13:21 ubuntu devstack@keystone.service[81265]: DEBUG keystone.server.flask.request_processing.req_logging [None req-4577da73-f5f4-4e16-8a5f-ea9745b382c0 None admin] REQUEST_METHOD: `POST` {{(pid=81265) log_request_info /opt/stack/keystone/keystone/server/flask/request_processing/req_logging.py:26}}
Sep 16 11:13:21 ubuntu devstack@keystone.service[81265]: DEBUG keystone.server.flask.request_processing.req_logging [None req-4577da73-f5f4-4e16-8a5f-ea9745b382c0 None admin] SCRIPT_NAME: `/identity` {{(pid=81265) log_request_info /opt/stack/keystone/keystone/server/flask/request_processing/req_logging.py:27}}
Sep 16 11:13:21 ubuntu devstack@keystone.service[81265]: DEBUG keystone.server.flask.request_processing.req_logging [None req-4577da73-f5f4-4e16-8a5f-ea9745b382c0 None admin] PATH_INFO: `/v3/projects` {{(pid=81265) log_request_info /opt/stack/keystone/keystone/server/flask/request_processing/req_logging.py:28}}
Sep 16 11:13:21 ubuntu devstack@keystone.service[81265]: DEBUG keystone.common.rbac_enforcer.enforcer [None req-4577da73-f5f4-4e16-8a5f-ea9745b382c0 None admin] RBAC: Authorizing `identity:create_project()` {{(pid=81265) enforce_call /opt/stack/keystone/keystone/common/rbac_enforcer/enforcer.py:494}}
Sep 16 11:13:21 ubuntu devstack@keystone.service[81265]: DEBUG keystone.common.rbac_enforcer.enforcer [None req-4577da73-f5f4-4e16-8a5f-ea9745b382c0 None admin] RBAC: Authorization granted {{(pid=81265) enforce_call /opt/stack/keystone/keystone/common/rbac_enforcer/enforcer.py:505}}
Sep 16 11:13:21 ubuntu devstack@keystone.service[81265]: [pid: 81265|app: 0|req: 14/33] 10.201.5.82 () {60 vars in 1133 bytes} [Tue Sep 16 11:13:21 2025] POST /identity/v3/projects => generated 301 bytes in 80 msecs (HTTP/1.1 201) 5 headers in 182 bytes (1 switches on core 0)
Sep 16 11:13:21 ubuntu devstack@keystone.service[81265]: DEBUG keystone.server.flask.request_processing.middleware.auth_context [None req-4577da73-f5f4-4e16-8a5f-ea9745b382c0 None admin] Authenticating user token {{(pid=81265) process_request /opt/stack/data/venv/lib/python3.10/site-packages/keystonemiddleware/auth_token/__init__.py:407}}
Sep 16 11:13:21 ubuntu devstack@keystone.service[81266]: [pid: 81266|app: 0|req: 20/34] 10.201.5.82 () {58 vars in 1016 bytes} [Tue Sep 16 11:13:21 2025] POST /identity/v3/auth/tokens => generated 862 bytes in 62 msecs (HTTP/1.1 201) 6 headers in 363 bytes (1 switches on core 0)
Sep 16 11:13:21 ubuntu devstack@keystone.service[81265]: DEBUG keystone.server.flask.request_processing.middleware.auth_context [None req-4577da73-f5f4-4e16-8a5f-ea9745b382c0 None admin] Validating token access rules against request {{(pid=81265) validate_allowed_request /opt/stack/data/venv/lib/python3.10/site-packages/keystonemiddleware/auth_token/__init__.py:545}}
Sep 16 11:13:21 ubuntu devstack@keystone.service[81265]: DEBUG keystone.server.flask.request_processing.middleware.auth_context [None req-6da06106-e160-4ec4-a9ce-5412babb441f None admin] RBAC: auth_context: {'token': <TokenModel (audit_id=ZQ5-_ocDTeOKKW_qdsa8ow, audit_chain_id=['ZQ5-_ocDTeOKKW_qdsa8ow']) at 0x7f36642dd090>, 'domain_id': None, 'trust_id': None, 'trustor_id': None, 'trustee_id': None, 'domain_name': None, 'group_ids': [], 'user_id': '81f5c698574c43f69b7704c6d83c2220', 'user_domain_id': 'default', 'system_scope': 'all', 'project_id': None, 'project_domain_id': None, 'roles': ['admin', 'manager', 'member', 'reader'], 'is_admin_project': True, 'service_user_id': None, 'service_user_domain_id': None, 'service_project_id': None, 'service_project_domain_id': None, 'service_roles': []} {{(pid=81265) fill_context /opt/stack/keystone/keystone/server/flask/request_processing/middleware/auth_context.py:509}}
Sep 16 11:13:21 ubuntu devstack@keystone.service[81265]: DEBUG keystone.server.flask.request_processing.req_logging [None req-6da06106-e160-4ec4-a9ce-5412babb441f None admin] REQUEST_METHOD: `GET` {{(pid=81265) log_request_info /opt/stack/keystone/keystone/server/flask/request_processing/req_logging.py:26}}
Sep 16 11:13:21 ubuntu devstack@keystone.service[81265]: DEBUG keystone.server.flask.request_processing.req_logging [None req-6da06106-e160-4ec4-a9ce-5412babb441f None admin] SCRIPT_NAME: `/identity` {{(pid=81265) log_request_info /opt/stack/keystone/keystone/server/flask/request_processing/req_logging.py:27}}
Sep 16 11:13:21 ubuntu devstack@keystone.service[81265]: DEBUG keystone.server.flask.request_processing.req_logging [None req-6da06106-e160-4ec4-a9ce-5412babb441f None admin] PATH_INFO: `/v3/users/81f5c698574c43f69b7704c6d83c2220` {{(pid=81265) log_request_info /opt/stack/keystone/keystone/server/flask/request_processing/req_logging.py:28}}
Sep 16 11:13:21 ubuntu devstack@keystone.service[81265]: DEBUG keystone.common.rbac_enforcer.enforcer [None req-6da06106-e160-4ec4-a9ce-5412babb441f None admin] RBAC: Authorizing `identity:get_user(user_id=81f5c698574c43f69b7704c6d83c2220)` {{(pid=81265) enforce_call /opt/stack/keystone/keystone/common/rbac_enforcer/enforcer.py:494}}
Sep 16 11:13:21 ubuntu devstack@keystone.service[81265]: DEBUG keystone.common.rbac_enforcer.enforcer [None req-6da06106-e160-4ec4-a9ce-5412babb441f None admin] RBAC: Authorization granted {{(pid=81265) enforce_call /opt/stack/keystone/keystone/common/rbac_enforcer/enforcer.py:505}}
Sep 16 11:13:21 ubuntu devstack@keystone.service[81265]: [pid: 81265|app: 0|req: 15/35] 10.201.5.82 () {56 vars in 1213 bytes} [Tue Sep 16 11:13:21 2025] GET /identity/v3/users/81f5c698574c43f69b7704c6d83c2220 => generated 247 bytes in 57 msecs (HTTP/1.1 200) 5 headers in 177 bytes (1 switches on core 0)
Sep 16 11:13:21 ubuntu devstack@keystone.service[81266]: DEBUG keystone.server.flask.request_processing.middleware.auth_context [None req-74f79169-e4a9-44b5-b7b6-7168871371c8 None None] Authenticating user token {{(pid=81266) process_request /opt/stack/data/venv/lib/python3.10/site-packages/keystonemiddleware/auth_token/__init__.py:407}}
Sep 16 11:13:22 ubuntu devstack@keystone.service[81266]: DEBUG keystone.server.flask.request_processing.middleware.auth_context [None req-74f79169-e4a9-44b5-b7b6-7168871371c8 None None] Validating token access rules against request {{(pid=81266) validate_allowed_request /opt/stack/data/venv/lib/python3.10/site-packages/keystonemiddleware/auth_token/__init__.py:545}}
Sep 16 11:13:22 ubuntu devstack@keystone.service[81266]: DEBUG keystone.server.flask.request_processing.middleware.auth_context [None req-5b464a87-ba7c-41d0-971b-2d6f34b52c32 None admin] RBAC: auth_context: {'token': <TokenModel (audit_id=ZQ5-_ocDTeOKKW_qdsa8ow, audit_chain_id=['ZQ5-_ocDTeOKKW_qdsa8ow']) at 0x7f365ff18a90>, 'domain_id': None, 'trust_id': None, 'trustor_id': None, 'trustee_id': None, 'domain_name': None, 'group_ids': [], 'user_id': '81f5c698574c43f69b7704c6d83c2220', 'user_domain_id': 'default', 'system_scope': 'all', 'project_id': None, 'project_domain_id': None, 'roles': ['admin', 'manager', 'member', 'reader'], 'is_admin_project': True, 'service_user_id': None, 'service_user_domain_id': None, 'service_project_id': None, 'service_project_domain_id': None, 'service_roles': []} {{(pid=81266) fill_context /opt/stack/keystone/keystone/server/flask/request_processing/middleware/auth_context.py:509}}
Sep 16 11:13:22 ubuntu devstack@keystone.service[81266]: DEBUG keystone.server.flask.request_processing.req_logging [None req-5b464a87-ba7c-41d0-971b-2d6f34b52c32 None admin] REQUEST_METHOD: `GET` {{(pid=81266) log_request_info /opt/stack/keystone/keystone/server/flask/request_processing/req_logging.py:26}}
Sep 16 11:13:22 ubuntu devstack@keystone.service[81266]: DEBUG keystone.server.flask.request_processing.req_logging [None req-5b464a87-ba7c-41d0-971b-2d6f34b52c32 None admin] SCRIPT_NAME: `/identity` {{(pid=81266) log_request_info /opt/stack/keystone/keystone/server/flask/request_processing/req_logging.py:27}}
Sep 16 11:13:22 ubuntu devstack@keystone.service[81266]: DEBUG keystone.server.flask.request_processing.req_logging [None req-5b464a87-ba7c-41d0-971b-2d6f34b52c32 None admin] PATH_INFO: `/v3/domains/default` {{(pid=81266) log_request_info /opt/stack/keystone/keystone/server/flask/request_processing/req_logging.py:28}}
Sep 16 11:13:22 ubuntu devstack@keystone.service[81266]: DEBUG keystone.common.rbac_enforcer.enforcer [None req-5b464a87-ba7c-41d0-971b-2d6f34b52c32 None admin] RBAC: Authorizing `identity:get_domain(domain_id=default)` {{(pid=81266) enforce_call /opt/stack/keystone/keystone/common/rbac_enforcer/enforcer.py:494}}
Sep 16 11:13:22 ubuntu devstack@keystone.service[81266]: DEBUG keystone.common.rbac_enforcer.enforcer [None req-5b464a87-ba7c-41d0-971b-2d6f34b52c32 None admin] RBAC: Authorization granted {{(pid=81266) enforce_call /opt/stack/keystone/keystone/common/rbac_enforcer/enforcer.py:505}}
Sep 16 11:13:22 ubuntu devstack@keystone.service[81265]: DEBUG keystone.server.flask.request_processing.middleware.auth_context [None req-6da06106-e160-4ec4-a9ce-5412babb441f None admin] Authenticating user token {{(pid=81265) process_request /opt/stack/data/venv/lib/python3.10/site-packages/keystonemiddleware/auth_token/__init__.py:407}}
Sep 16 11:13:22 ubuntu devstack@keystone.service[81266]: [pid: 81266|app: 0|req: 21/36] 10.201.5.82 () {56 vars in 1144 bytes} [Tue Sep 16 11:13:21 2025] GET /identity/v3/domains/default => generated 199 bytes in 91 msecs (HTTP/1.1 200) 5 headers in 177 bytes (1 switches on core 0)
Sep 16 11:13:22 ubuntu devstack@keystone.service[81266]: DEBUG keystone.server.flask.request_processing.middleware.auth_context [None req-5b464a87-ba7c-41d0-971b-2d6f34b52c32 None admin] Authenticating user token {{(pid=81266) process_request /opt/stack/data/venv/lib/python3.10/site-packages/keystonemiddleware/auth_token/__init__.py:407}}
Sep 16 11:13:22 ubuntu devstack@keystone.service[81265]: DEBUG keystone.server.flask.request_processing.middleware.auth_context [None req-6da06106-e160-4ec4-a9ce-5412babb441f None admin] Validating token access rules against request {{(pid=81265) validate_allowed_request /opt/stack/data/venv/lib/python3.10/site-packages/keystonemiddleware/auth_token/__init__.py:545}}
Sep 16 11:13:22 ubuntu devstack@keystone.service[81266]: DEBUG keystone.server.flask.request_processing.middleware.auth_context [None req-5b464a87-ba7c-41d0-971b-2d6f34b52c32 None admin] Validating token access rules against request {{(pid=81266) validate_allowed_request /opt/stack/data/venv/lib/python3.10/site-packages/keystonemiddleware/auth_token/__init__.py:545}}
Sep 16 11:13:22 ubuntu devstack@keystone.service[81265]: DEBUG keystone.server.flask.request_processing.middleware.auth_context [None req-3b2dde86-cf6f-4c66-a2e6-a6a771aa737e None admin] RBAC: auth_context: {'token': <TokenModel (audit_id=yc7m7Jf4SciPZM_iro08Nw, audit_chain_id=['yc7m7Jf4SciPZM_iro08Nw']) at 0x7f36644b2ef0>, 'domain_id': None, 'trust_id': None, 'trustor_id': None, 'trustee_id': None, 'domain_name': None, 'group_ids': [], 'user_id': '81f5c698574c43f69b7704c6d83c2220', 'user_domain_id': 'default', 'system_scope': 'all', 'project_id': None, 'project_domain_id': None, 'roles': ['admin', 'manager', 'member', 'reader'], 'is_admin_project': True, 'service_user_id': None, 'service_user_domain_id': None, 'service_project_id': None, 'service_project_domain_id': None, 'service_roles': []} {{(pid=81265) fill_context /opt/stack/keystone/keystone/server/flask/request_processing/middleware/auth_context.py:509}}
Sep 16 11:13:22 ubuntu devstack@keystone.service[81265]: DEBUG keystone.server.flask.request_processing.req_logging [None req-3b2dde86-cf6f-4c66-a2e6-a6a771aa737e None admin] REQUEST_METHOD: `POST` {{(pid=81265) log_request_info /opt/stack/keystone/keystone/server/flask/request_processing/req_logging.py:26}}
Sep 16 11:13:22 ubuntu devstack@keystone.service[81265]: DEBUG keystone.server.flask.request_processing.req_logging [None req-3b2dde86-cf6f-4c66-a2e6-a6a771aa737e None admin] SCRIPT_NAME: `/identity` {{(pid=81265) log_request_info /opt/stack/keystone/keystone/server/flask/request_processing/req_logging.py:27}}
Sep 16 11:13:22 ubuntu devstack@keystone.service[81265]: DEBUG keystone.server.flask.request_processing.req_logging [None req-3b2dde86-cf6f-4c66-a2e6-a6a771aa737e None admin] PATH_INFO: `/v3/roles` {{(pid=81265) log_request_info /opt/stack/keystone/keystone/server/flask/request_processing/req_logging.py:28}}
Sep 16 11:13:22 ubuntu devstack@keystone.service[81266]: DEBUG keystone.server.flask.request_processing.middleware.auth_context [None req-535c7ffb-09c0-47f6-bceb-8078936a175a None admin] RBAC: auth_context: {'token': <TokenModel (audit_id=ZQ5-_ocDTeOKKW_qdsa8ow, audit_chain_id=['ZQ5-_ocDTeOKKW_qdsa8ow']) at 0x7f366447ec20>, 'domain_id': None, 'trust_id': None, 'trustor_id': None, 'trustee_id': None, 'domain_name': None, 'group_ids': [], 'user_id': '81f5c698574c43f69b7704c6d83c2220', 'user_domain_id': 'default', 'system_scope': 'all', 'project_id': None, 'project_domain_id': None, 'roles': ['admin', 'manager', 'member', 'reader'], 'is_admin_project': True, 'service_user_id': None, 'service_user_domain_id': None, 'service_project_id': None, 'service_project_domain_id': None, 'service_roles': []} {{(pid=81266) fill_context /opt/stack/keystone/keystone/server/flask/request_processing/middleware/auth_context.py:509}}
Sep 16 11:13:22 ubuntu devstack@keystone.service[81266]: DEBUG keystone.server.flask.request_processing.req_logging [None req-535c7ffb-09c0-47f6-bceb-8078936a175a None admin] REQUEST_METHOD: `GET` {{(pid=81266) log_request_info /opt/stack/keystone/keystone/server/flask/request_processing/req_logging.py:26}}
Sep 16 11:13:22 ubuntu devstack@keystone.service[81266]: DEBUG keystone.server.flask.request_processing.req_logging [None req-535c7ffb-09c0-47f6-bceb-8078936a175a None admin] SCRIPT_NAME: `/identity` {{(pid=81266) log_request_info /opt/stack/keystone/keystone/server/flask/request_processing/req_logging.py:27}}
Sep 16 11:13:22 ubuntu devstack@keystone.service[81266]: DEBUG keystone.server.flask.request_processing.req_logging [None req-535c7ffb-09c0-47f6-bceb-8078936a175a None admin] PATH_INFO: `/v3/role_assignments` {{(pid=81266) log_request_info /opt/stack/keystone/keystone/server/flask/request_processing/req_logging.py:28}}
Sep 16 11:13:22 ubuntu devstack@keystone.service[81265]: DEBUG keystone.common.rbac_enforcer.enforcer [None req-3b2dde86-cf6f-4c66-a2e6-a6a771aa737e None admin] RBAC: Authorizing `identity:create_role()` {{(pid=81265) enforce_call /opt/stack/keystone/keystone/common/rbac_enforcer/enforcer.py:494}}
Sep 16 11:13:22 ubuntu devstack@keystone.service[81266]: DEBUG keystone.common.rbac_enforcer.enforcer [None req-535c7ffb-09c0-47f6-bceb-8078936a175a None admin] RBAC: Adding query filter params (role.id=bca19749b10141a588744108eab95bf3, scope.domain.id=default, user.id=81f5c698574c43f69b7704c6d83c2220) {{(pid=81266) _extract_filter_values /opt/stack/keystone/keystone/common/rbac_enforcer/enforcer.py:176}}
Sep 16 11:13:22 ubuntu devstack@keystone.service[81265]: DEBUG keystone.common.rbac_enforcer.enforcer [None req-3b2dde86-cf6f-4c66-a2e6-a6a771aa737e None admin] RBAC: Authorization granted {{(pid=81265) enforce_call /opt/stack/keystone/keystone/common/rbac_enforcer/enforcer.py:505}}
Sep 16 11:13:22 ubuntu devstack@keystone.service[81266]: DEBUG keystone.common.rbac_enforcer.enforcer [None req-535c7ffb-09c0-47f6-bceb-8078936a175a None admin] RBAC: Authorizing `identity:list_role_assignments()` {{(pid=81266) enforce_call /opt/stack/keystone/keystone/common/rbac_enforcer/enforcer.py:494}}
Sep 16 11:13:22 ubuntu devstack@keystone.service[81266]: DEBUG keystone.common.rbac_enforcer.enforcer [None req-535c7ffb-09c0-47f6-bceb-8078936a175a None admin] RBAC: Authorization granted {{(pid=81266) enforce_call /opt/stack/keystone/keystone/common/rbac_enforcer/enforcer.py:505}}
Sep 16 11:13:22 ubuntu devstack@keystone.service[81265]: DEBUG keystone.common.sql.core [None req-3b2dde86-cf6f-4c66-a2e6-a6a771aa737e None admin] Conflict role: (pymysql.err.IntegrityError) (1062, "Duplicate entry 'service-<<null>>' for key 'role.ixu_role_name_domain_id'")
Sep 16 11:13:22 ubuntu devstack@keystone.service[81265]: [SQL: INSERT INTO `role` (id, name, description, extra) VALUES (%(id)s, %(name)s, %(description)s, %(extra)s)]
Sep 16 11:13:22 ubuntu devstack@keystone.service[81265]: [parameters: {'id': '87bc2010f1554eb3a34c002cb9072ec1', 'name': 'service', 'description': None, 'extra': '{}'}]
Sep 16 11:13:22 ubuntu devstack@keystone.service[81265]: (Background on this error at: https://sqlalche.me/e/20/gkpj) {{(pid=81265) wrapper /opt/stack/keystone/keystone/common/sql/core.py:580}}
Sep 16 11:13:22 ubuntu devstack@keystone.service[81266]: [pid: 81266|app: 0|req: 22/37] 10.201.5.82 () {56 vars in 1371 bytes} [Tue Sep 16 11:13:22 2025] GET /identity/v3/role_assignments?role.id=bca19749b10141a588744108eab95bf3&scope.domain.id=default&user.id=81f5c698574c43f69b7704c6d83c2220 => generated 530 bytes in 62 msecs (HTTP/1.1 200) 5 headers in 177 bytes (1 switches on core 0)
Sep 16 11:13:22 ubuntu devstack@keystone.service[81266]: DEBUG keystone.server.flask.request_processing.middleware.auth_context [None req-535c7ffb-09c0-47f6-bceb-8078936a175a None admin] Authenticating user token {{(pid=81266) process_request /opt/stack/data/venv/lib/python3.10/site-packages/keystonemiddleware/auth_token/__init__.py:407}}
Sep 16 11:13:22 ubuntu devstack@keystone.service[81265]: ERROR keystone.server.flask.application [None req-3b2dde86-cf6f-4c66-a2e6-a6a771aa737e None admin] Conflict occurred attempting to store role - Duplicate entry found with name service.: keystone.exception.Conflict: Conflict occurred attempting to store role - Duplicate entry found with name service.
Sep 16 11:13:22 ubuntu devstack@keystone.service[81265]: ERROR keystone.server.flask.application Traceback (most recent call last):
Sep 16 11:13:22 ubuntu devstack@keystone.service[81265]: ERROR keystone.server.flask.application   File "/opt/stack/data/venv/lib/python3.10/site-packages/sqlalchemy/engine/base.py", line 1961, in _exec_single_context
Sep 16 11:13:22 ubuntu devstack@keystone.service[81265]: ERROR keystone.server.flask.application     self.dialect.do_execute(
Sep 16 11:13:22 ubuntu devstack@keystone.service[81265]: ERROR keystone.server.flask.application   File "/opt/stack/data/venv/lib/python3.10/site-packages/sqlalchemy/engine/default.py", line 944, in do_execute
Sep 16 11:13:22 ubuntu devstack@keystone.service[81265]: ERROR keystone.server.flask.application     cursor.execute(statement, parameters)
Sep 16 11:13:22 ubuntu devstack@keystone.service[81265]: ERROR keystone.server.flask.application   File "/opt/stack/data/venv/lib/python3.10/site-packages/pymysql/cursors.py", line 153, in execute
Sep 16 11:13:22 ubuntu devstack@keystone.service[81265]: ERROR keystone.server.flask.application     result = self._query(query)
Sep 16 11:13:22 ubuntu devstack@keystone.service[81265]: ERROR keystone.server.flask.application   File "/opt/stack/data/venv/lib/python3.10/site-packages/pymysql/cursors.py", line 322, in _query
Sep 16 11:13:22 ubuntu devstack@keystone.service[81265]: ERROR keystone.server.flask.application     conn.query(q)
Sep 16 11:13:22 ubuntu devstack@keystone.service[81265]: ERROR keystone.server.flask.application   File "/opt/stack/data/venv/lib/python3.10/site-packages/pymysql/connections.py", line 563, in query
Sep 16 11:13:22 ubuntu devstack@keystone.service[81265]: ERROR keystone.server.flask.application     self._affected_rows = self._read_query_result(unbuffered=unbuffered)
Sep 16 11:13:22 ubuntu devstack@keystone.service[81265]: ERROR keystone.server.flask.application   File "/opt/stack/data/venv/lib/python3.10/site-packages/pymysql/connections.py", line 825, in _read_query_result
Sep 16 11:13:22 ubuntu devstack@keystone.service[81265]: ERROR keystone.server.flask.application     result.read()
Sep 16 11:13:22 ubuntu devstack@keystone.service[81265]: ERROR keystone.server.flask.application   File "/opt/stack/data/venv/lib/python3.10/site-packages/pymysql/connections.py", line 1199, in read
Sep 16 11:13:22 ubuntu devstack@keystone.service[81265]: ERROR keystone.server.flask.application     first_packet = self.connection._read_packet()
Sep 16 11:13:22 ubuntu devstack@keystone.service[81265]: ERROR keystone.server.flask.application   File "/opt/stack/data/venv/lib/python3.10/site-packages/pymysql/connections.py", line 775, in _read_packet
Sep 16 11:13:22 ubuntu devstack@keystone.service[81265]: ERROR keystone.server.flask.application     packet.raise_for_error()
Sep 16 11:13:22 ubuntu devstack@keystone.service[81265]: ERROR keystone.server.flask.application   File "/opt/stack/data/venv/lib/python3.10/site-packages/pymysql/protocol.py", line 219, in raise_for_error
Sep 16 11:13:22 ubuntu devstack@keystone.service[81265]: ERROR keystone.server.flask.application     err.raise_mysql_exception(self._data)
Sep 16 11:13:22 ubuntu devstack@keystone.service[81265]: ERROR keystone.server.flask.application   File "/opt/stack/data/venv/lib/python3.10/site-packages/pymysql/err.py", line 150, in raise_mysql_exception
Sep 16 11:13:22 ubuntu devstack@keystone.service[81265]: ERROR keystone.server.flask.application     raise errorclass(errno, errval)
Sep 16 11:13:22 ubuntu devstack@keystone.service[81265]: ERROR keystone.server.flask.application pymysql.err.IntegrityError: (1062, "Duplicate entry 'service-<<null>>' for key 'role.ixu_role_name_domain_id'")
Sep 16 11:13:22 ubuntu devstack@keystone.service[81265]: ERROR keystone.server.flask.application 
Sep 16 11:13:22 ubuntu devstack@keystone.service[81265]: ERROR keystone.server.flask.application The above exception was the direct cause of the following exception:
Sep 16 11:13:22 ubuntu devstack@keystone.service[81265]: ERROR keystone.server.flask.application 
Sep 16 11:13:22 ubuntu devstack@keystone.service[81265]: ERROR keystone.server.flask.application Traceback (most recent call last):
Sep 16 11:13:22 ubuntu devstack@keystone.service[81265]: ERROR keystone.server.flask.application   File "/opt/stack/keystone/keystone/common/sql/core.py", line 575, in wrapper
Sep 16 11:13:22 ubuntu devstack@keystone.service[81265]: ERROR keystone.server.flask.application     return method(*args, **kwargs)
Sep 16 11:13:22 ubuntu devstack@keystone.service[81265]: ERROR keystone.server.flask.application   File "/opt/stack/keystone/keystone/assignment/role_backends/sql.py", line 25, in create_role
Sep 16 11:13:22 ubuntu devstack@keystone.service[81265]: ERROR keystone.server.flask.application     with sql.session_for_write() as session:
Sep 16 11:13:22 ubuntu devstack@keystone.service[81265]: ERROR keystone.server.flask.application   File "/usr/lib/python3.10/contextlib.py", line 142, in __exit__
Sep 16 11:13:22 ubuntu devstack@keystone.service[81265]: ERROR keystone.server.flask.application     next(self.gen)
Sep 16 11:13:22 ubuntu devstack@keystone.service[81265]: ERROR keystone.server.flask.application   File "/opt/stack/data/venv/lib/python3.10/site-packages/oslo_db/sqlalchemy/enginefacade.py", line 1199, in _transaction_scope
Sep 16 11:13:22 ubuntu devstack@keystone.service[81265]: ERROR keystone.server.flask.application     with current._produce_block(
Sep 16 11:13:22 ubuntu devstack@keystone.service[81265]: ERROR keystone.server.flask.application   File "/usr/lib/python3.10/contextlib.py", line 142, in __exit__
Sep 16 11:13:22 ubuntu devstack@keystone.service[81265]: ERROR keystone.server.flask.application     next(self.gen)
Sep 16 11:13:22 ubuntu devstack@keystone.service[81265]: ERROR keystone.server.flask.application   File "/opt/stack/data/venv/lib/python3.10/site-packages/oslo_db/sqlalchemy/enginefacade.py", line 850, in _session
Sep 16 11:13:22 ubuntu devstack@keystone.service[81265]: ERROR keystone.server.flask.application     with excutils.save_and_reraise_exception():
Sep 16 11:13:22 ubuntu devstack@keystone.service[81265]: ERROR keystone.server.flask.application   File "/opt/stack/data/venv/lib/python3.10/site-packages/oslo_utils/excutils.py", line 227, in __exit__
Sep 16 11:13:22 ubuntu devstack@keystone.service[81265]: ERROR keystone.server.flask.application     self.force_reraise()
Sep 16 11:13:22 ubuntu devstack@keystone.service[81265]: ERROR keystone.server.flask.application   File "/opt/stack/data/venv/lib/python3.10/site-packages/oslo_utils/excutils.py", line 200, in force_reraise
Sep 16 11:13:22 ubuntu devstack@keystone.service[81265]: ERROR keystone.server.flask.application     raise self.value
Sep 16 11:13:22 ubuntu devstack@keystone.service[81265]: ERROR keystone.server.flask.application   File "/opt/stack/data/venv/lib/python3.10/site-packages/oslo_db/sqlalchemy/enginefacade.py", line 848, in _session
