Mar 30 16:24:49 ubuntu devstack@keystone.service[81585]: ERROR keystone.server.flask.application   File "/opt/stack/data/venv/lib/python3.10/site-packages/sqlalchemy/engine/default.py", line 952, in do_execute
Mar 30 16:24:49 ubuntu devstack@keystone.service[81585]: ERROR keystone.server.flask.application     cursor.execute(statement, parameters)
Mar 30 16:24:49 ubuntu devstack@keystone.service[81585]: ERROR keystone.server.flask.application   File "/opt/stack/data/venv/lib/python3.10/site-packages/pymysql/cursors.py", line 153, in execute
Mar 30 16:24:49 ubuntu devstack@keystone.service[81585]: ERROR keystone.server.flask.application     result = self._query(query)
Mar 30 16:24:49 ubuntu devstack@keystone.service[81585]: ERROR keystone.server.flask.application   File "/opt/stack/data/venv/lib/python3.10/site-packages/pymysql/cursors.py", line 322, in _query
Mar 30 16:24:49 ubuntu devstack@keystone.service[81585]: ERROR keystone.server.flask.application     conn.query(q)
Mar 30 16:24:49 ubuntu devstack@keystone.service[81585]: ERROR keystone.server.flask.application   File "/opt/stack/data/venv/lib/python3.10/site-packages/pymysql/connections.py", line 575, in query
Mar 30 16:24:49 ubuntu devstack@keystone.service[81585]: ERROR keystone.server.flask.application     self._affected_rows = self._read_query_result(unbuffered=unbuffered)
Mar 30 16:24:49 ubuntu devstack@keystone.service[81585]: ERROR keystone.server.flask.application   File "/opt/stack/data/venv/lib/python3.10/site-packages/pymysql/connections.py", line 826, in _read_query_result
Mar 30 16:24:49 ubuntu devstack@keystone.service[81585]: ERROR keystone.server.flask.application     result.read()
Mar 30 16:24:49 ubuntu devstack@keystone.service[81585]: ERROR keystone.server.flask.application   File "/opt/stack/data/venv/lib/python3.10/site-packages/pymysql/connections.py", line 1203, in read
Mar 30 16:24:49 ubuntu devstack@keystone.service[81585]: ERROR keystone.server.flask.application     first_packet = self.connection._read_packet()
Mar 30 16:24:49 ubuntu devstack@keystone.service[81585]: ERROR keystone.server.flask.application   File "/opt/stack/data/venv/lib/python3.10/site-packages/pymysql/connections.py", line 782, in _read_packet
Mar 30 16:24:49 ubuntu devstack@keystone.service[81585]: ERROR keystone.server.flask.application     packet.raise_for_error()
Mar 30 16:24:49 ubuntu devstack@keystone.service[81585]: ERROR keystone.server.flask.application   File "/opt/stack/data/venv/lib/python3.10/site-packages/pymysql/protocol.py", line 219, in raise_for_error
Mar 30 16:24:49 ubuntu devstack@keystone.service[81585]: ERROR keystone.server.flask.application     err.raise_mysql_exception(self._data)
Mar 30 16:24:49 ubuntu devstack@keystone.service[81585]: ERROR keystone.server.flask.application   File "/opt/stack/data/venv/lib/python3.10/site-packages/pymysql/err.py", line 150, in raise_mysql_exception
Mar 30 16:24:49 ubuntu devstack@keystone.service[81585]: ERROR keystone.server.flask.application     raise errorclass(errno, errval)
Mar 30 16:24:49 ubuntu devstack@keystone.service[81585]: ERROR keystone.server.flask.application oslo_db.exception.DBDuplicateEntry: (pymysql.err.IntegrityError) (1062, "Duplicate entry 'service-<<null>>' for key 'role.ixu_role_name_domain_id'")
Mar 30 16:24:49 ubuntu devstack@keystone.service[81585]: ERROR keystone.server.flask.application [SQL: INSERT INTO `role` (id, name, description, extra) VALUES (%(id)s, %(name)s, %(description)s, %(extra)s)]
Mar 30 16:24:49 ubuntu devstack@keystone.service[81585]: ERROR keystone.server.flask.application [parameters: {'id': '5f41b36d6a6e4bf9b1d50825531832e6', 'name': 'service', 'description': None, 'extra': '{}'}]
Mar 30 16:24:49 ubuntu devstack@keystone.service[81585]: ERROR keystone.server.flask.application (Background on this error at: https://sqlalche.me/e/20/gkpj)
Mar 30 16:24:49 ubuntu devstack@keystone.service[81585]: ERROR keystone.server.flask.application 
Mar 30 16:24:49 ubuntu devstack@keystone.service[81585]: ERROR keystone.server.flask.application During handling of the above exception, another exception occurred:
Mar 30 16:24:49 ubuntu devstack@keystone.service[81585]: ERROR keystone.server.flask.application 
Mar 30 16:24:49 ubuntu devstack@keystone.service[81585]: ERROR keystone.server.flask.application Traceback (most recent call last):
Mar 30 16:24:49 ubuntu devstack@keystone.service[81585]: ERROR keystone.server.flask.application   File "/opt/stack/data/venv/lib/python3.10/site-packages/flask/app.py", line 917, in full_dispatch_request
Mar 30 16:24:49 ubuntu devstack@keystone.service[81585]: ERROR keystone.server.flask.application     rv = self.dispatch_request()
Mar 30 16:24:49 ubuntu devstack@keystone.service[81585]: ERROR keystone.server.flask.application   File "/opt/stack/data/venv/lib/python3.10/site-packages/flask/app.py", line 902, in dispatch_request
Mar 30 16:24:49 ubuntu devstack@keystone.service[81585]: ERROR keystone.server.flask.application     return self.ensure_sync(self.view_functions[rule.endpoint])(**view_args)  # type: ignore[no-any-return]
Mar 30 16:24:49 ubuntu devstack@keystone.service[81585]: ERROR keystone.server.flask.application   File "/opt/stack/data/venv/lib/python3.10/site-packages/flask_restful/__init__.py", line 489, in wrapper
Mar 30 16:24:49 ubuntu devstack@keystone.service[81585]: ERROR keystone.server.flask.application     resp = resource(*args, **kwargs)
Mar 30 16:24:49 ubuntu devstack@keystone.service[81585]: ERROR keystone.server.flask.application   File "/opt/stack/data/venv/lib/python3.10/site-packages/flask/views.py", line 110, in view
Mar 30 16:24:49 ubuntu devstack@keystone.service[81585]: ERROR keystone.server.flask.application     return current_app.ensure_sync(self.dispatch_request)(**kwargs)  # type: ignore[no-any-return]
Mar 30 16:24:49 ubuntu devstack@keystone.service[81585]: ERROR keystone.server.flask.application   File "/opt/stack/data/venv/lib/python3.10/site-packages/flask_restful/__init__.py", line 604, in dispatch_request
Mar 30 16:24:49 ubuntu devstack@keystone.service[81585]: ERROR keystone.server.flask.application     resp = meth(*args, **kwargs)
Mar 30 16:24:49 ubuntu devstack@keystone.service[81585]: ERROR keystone.server.flask.application   File "/opt/stack/keystone/keystone/api/validation/__init__.py", line 86, in wrapper
Mar 30 16:24:49 ubuntu devstack@keystone.service[81585]: ERROR keystone.server.flask.application     return func(*args, **kwargs)
Mar 30 16:24:49 ubuntu devstack@keystone.service[81585]: ERROR keystone.server.flask.application   File "/opt/stack/keystone/keystone/api/validation/__init__.py", line 145, in wrapper
Mar 30 16:24:49 ubuntu devstack@keystone.service[81585]: ERROR keystone.server.flask.application     response = func(*args, **kwargs)
Mar 30 16:24:49 ubuntu devstack@keystone.service[81585]: ERROR keystone.server.flask.application   File "/opt/stack/keystone/keystone/api/roles.py", line 91, in post
Mar 30 16:24:49 ubuntu devstack@keystone.service[81585]: ERROR keystone.server.flask.application     ref = PROVIDERS.role_api.create_role(
Mar 30 16:24:49 ubuntu devstack@keystone.service[81585]: ERROR keystone.server.flask.application   File "/opt/stack/keystone/keystone/common/manager.py", line 114, in wrapped
Mar 30 16:24:49 ubuntu devstack@keystone.service[81585]: ERROR keystone.server.flask.application     __ret_val = __f(*args, **kwargs)
Mar 30 16:24:49 ubuntu devstack@keystone.service[81585]: ERROR keystone.server.flask.application   File "/opt/stack/keystone/keystone/assignment/core.py", line 1526, in create_role
Mar 30 16:24:49 ubuntu devstack@keystone.service[81585]: ERROR keystone.server.flask.application     ret = self.driver.create_role(role_id, role)
Mar 30 16:24:49 ubuntu devstack@keystone.service[81585]: ERROR keystone.server.flask.application   File "/opt/stack/keystone/keystone/common/sql/core.py", line 614, in wrapper
Mar 30 16:24:49 ubuntu devstack@keystone.service[81585]: ERROR keystone.server.flask.application     raise exception.Conflict(type=conflict_type, details=msg)
Mar 30 16:24:49 ubuntu devstack@keystone.service[81585]: ERROR keystone.server.flask.application keystone.exception.Conflict: Conflict occurred attempting to store role - Duplicate entry found with name service.
Mar 30 16:24:49 ubuntu devstack@keystone.service[81585]: ERROR keystone.server.flask.application 
Mar 30 16:24:49 ubuntu devstack@keystone.service[81585]: [pid: 81585|app: 0|req: 17/35] 10.201.5.82 () {60 vars in 1168 bytes} [Mon Mar 30 16:24:49 2026] POST /identity/v3/roles => generated 140 bytes in 104 msecs (HTTP/1.1 409) 5 headers in 183 bytes (1 switches on core 0)
Mar 30 16:24:49 ubuntu devstack@keystone.service[81585]: DEBUG keystone.server.flask.request_processing.middleware.auth_context [None req-bfcd16ea-f05c-4b9d-96be-56f093b8cabb None admin] Authenticating user token {{(pid=81585) process_request /opt/stack/data/venv/lib/python3.10/site-packages/keystonemiddleware/auth_token/__init__.py:407}}
Mar 30 16:24:49 ubuntu devstack@keystone.service[81586]: DEBUG keystone.server.flask.request_processing.middleware.auth_context [None req-08c7c36d-c56b-4f8f-a6a2-c52018653627 None admin] RBAC: auth_context: {'token': <TokenModel (audit_id=gZfZuJqGTC-acmfq7Fxd3g, audit_chain_id=['gZfZuJqGTC-acmfq7Fxd3g']) at 0x7fab27a1fd90>, 'domain_id': None, 'trust_id': None, 'trustor_id': None, 'trustee_id': None, 'domain_name': None, 'group_ids': [], 'user_id': 'faf9444d50be4ecf946ec24a3c5b027d', 'user_domain_id': 'default', 'system_scope': 'all', 'project_id': None, 'project_domain_id': None, 'roles': ['admin', 'manager', 'member', 'reader'], 'is_admin_project': True, 'service_user_id': None, 'service_user_domain_id': None, 'service_project_id': None, 'service_project_domain_id': None, 'service_roles': []} {{(pid=81586) fill_context /opt/stack/keystone/keystone/server/flask/request_processing/middleware/auth_context.py:509}}
Mar 30 16:24:49 ubuntu devstack@keystone.service[81586]: DEBUG keystone.server.flask.request_processing.req_logging [None req-08c7c36d-c56b-4f8f-a6a2-c52018653627 None admin] REQUEST_METHOD: `GET` {{(pid=81586) log_request_info /opt/stack/keystone/keystone/server/flask/request_processing/req_logging.py:26}}
Mar 30 16:24:49 ubuntu devstack@keystone.service[81586]: DEBUG keystone.server.flask.request_processing.req_logging [None req-08c7c36d-c56b-4f8f-a6a2-c52018653627 None admin] SCRIPT_NAME: `/identity` {{(pid=81586) log_request_info /opt/stack/keystone/keystone/server/flask/request_processing/req_logging.py:27}}
Mar 30 16:24:49 ubuntu devstack@keystone.service[81586]: DEBUG keystone.server.flask.request_processing.req_logging [None req-08c7c36d-c56b-4f8f-a6a2-c52018653627 None admin] PATH_INFO: `/v3/domains/default` {{(pid=81586) log_request_info /opt/stack/keystone/keystone/server/flask/request_processing/req_logging.py:28}}
Mar 30 16:24:49 ubuntu devstack@keystone.service[81586]: DEBUG keystone.common.rbac_enforcer.enforcer [None req-08c7c36d-c56b-4f8f-a6a2-c52018653627 None admin] RBAC: Authorizing `identity:get_domain(domain_id=default)` {{(pid=81586) enforce_call /opt/stack/keystone/keystone/common/rbac_enforcer/enforcer.py:494}}
Mar 30 16:24:49 ubuntu devstack@keystone.service[81586]: DEBUG keystone.common.rbac_enforcer.enforcer [None req-08c7c36d-c56b-4f8f-a6a2-c52018653627 None admin] RBAC: Authorization granted {{(pid=81586) enforce_call /opt/stack/keystone/keystone/common/rbac_enforcer/enforcer.py:505}}
Mar 30 16:24:49 ubuntu devstack@keystone.service[81586]: [pid: 81586|app: 0|req: 19/36] 10.201.5.82 () {56 vars in 1145 bytes} [Mon Mar 30 16:24:49 2026] GET /identity/v3/domains/default => generated 199 bytes in 101 msecs (HTTP/1.1 200) 5 headers in 177 bytes (1 switches on core 0)
Mar 30 16:24:49 ubuntu devstack@keystone.service[81586]: DEBUG keystone.server.flask.request_processing.middleware.auth_context [None req-08c7c36d-c56b-4f8f-a6a2-c52018653627 None admin] Authenticating user token {{(pid=81586) process_request /opt/stack/data/venv/lib/python3.10/site-packages/keystonemiddleware/auth_token/__init__.py:407}}
Mar 30 16:24:49 ubuntu devstack@keystone.service[81586]: DEBUG keystone.server.flask.request_processing.middleware.auth_context [None req-08c7c36d-c56b-4f8f-a6a2-c52018653627 None admin] Validating token access rules against request {{(pid=81586) validate_allowed_request /opt/stack/data/venv/lib/python3.10/site-packages/keystonemiddleware/auth_token/__init__.py:545}}
Mar 30 16:24:49 ubuntu devstack@keystone.service[81585]: DEBUG keystone.server.flask.request_processing.middleware.auth_context [None req-bfcd16ea-f05c-4b9d-96be-56f093b8cabb None admin] Validating token access rules against request {{(pid=81585) validate_allowed_request /opt/stack/data/venv/lib/python3.10/site-packages/keystonemiddleware/auth_token/__init__.py:545}}
Mar 30 16:24:49 ubuntu devstack@keystone.service[81586]: DEBUG keystone.server.flask.request_processing.middleware.auth_context [None req-bba98cd9-8942-4ad1-bb02-58a1993067e0 None admin] RBAC: auth_context: {'token': <TokenModel (audit_id=gZfZuJqGTC-acmfq7Fxd3g, audit_chain_id=['gZfZuJqGTC-acmfq7Fxd3g']) at 0x7fab27a90490>, 'domain_id': None, 'trust_id': None, 'trustor_id': None, 'trustee_id': None, 'domain_name': None, 'group_ids': [], 'user_id': 'faf9444d50be4ecf946ec24a3c5b027d', 'user_domain_id': 'default', 'system_scope': 'all', 'project_id': None, 'project_domain_id': None, 'roles': ['admin', 'manager', 'member', 'reader'], 'is_admin_project': True, 'service_user_id': None, 'service_user_domain_id': None, 'service_project_id': None, 'service_project_domain_id': None, 'service_roles': []} {{(pid=81586) fill_context /opt/stack/keystone/keystone/server/flask/request_processing/middleware/auth_context.py:509}}
Mar 30 16:24:49 ubuntu devstack@keystone.service[81586]: DEBUG keystone.server.flask.request_processing.req_logging [None req-bba98cd9-8942-4ad1-bb02-58a1993067e0 None admin] REQUEST_METHOD: `GET` {{(pid=81586) log_request_info /opt/stack/keystone/keystone/server/flask/request_processing/req_logging.py:26}}
Mar 30 16:24:49 ubuntu devstack@keystone.service[81586]: DEBUG keystone.server.flask.request_processing.req_logging [None req-bba98cd9-8942-4ad1-bb02-58a1993067e0 None admin] SCRIPT_NAME: `/identity` {{(pid=81586) log_request_info /opt/stack/keystone/keystone/server/flask/request_processing/req_logging.py:27}}
Mar 30 16:24:49 ubuntu devstack@keystone.service[81586]: DEBUG keystone.server.flask.request_processing.req_logging [None req-bba98cd9-8942-4ad1-bb02-58a1993067e0 None admin] PATH_INFO: `/v3/role_assignments` {{(pid=81586) log_request_info /opt/stack/keystone/keystone/server/flask/request_processing/req_logging.py:28}}
Mar 30 16:24:49 ubuntu devstack@keystone.service[81586]: DEBUG keystone.common.rbac_enforcer.enforcer [None req-bba98cd9-8942-4ad1-bb02-58a1993067e0 None admin] RBAC: Adding query filter params (role.id=7055c6976bb44e6fadabeac565135849, scope.domain.id=default, user.id=faf9444d50be4ecf946ec24a3c5b027d) {{(pid=81586) _extract_filter_values /opt/stack/keystone/keystone/common/rbac_enforcer/enforcer.py:176}}
Mar 30 16:24:49 ubuntu devstack@keystone.service[81586]: DEBUG keystone.common.rbac_enforcer.enforcer [None req-bba98cd9-8942-4ad1-bb02-58a1993067e0 None admin] RBAC: Authorizing `identity:list_role_assignments()` {{(pid=81586) enforce_call /opt/stack/keystone/keystone/common/rbac_enforcer/enforcer.py:494}}
Mar 30 16:24:49 ubuntu devstack@keystone.service[81586]: DEBUG keystone.common.rbac_enforcer.enforcer [None req-bba98cd9-8942-4ad1-bb02-58a1993067e0 None admin] RBAC: Authorization granted {{(pid=81586) enforce_call /opt/stack/keystone/keystone/common/rbac_enforcer/enforcer.py:505}}
Mar 30 16:24:49 ubuntu devstack@keystone.service[81586]: [pid: 81586|app: 0|req: 20/37] 10.201.5.82 () {56 vars in 1372 bytes} [Mon Mar 30 16:24:49 2026] GET /identity/v3/role_assignments?role.id=7055c6976bb44e6fadabeac565135849&scope.domain.id=default&user.id=faf9444d50be4ecf946ec24a3c5b027d => generated 530 bytes in 68 msecs (HTTP/1.1 200) 5 headers in 177 bytes (2 switches on core 0)
Mar 30 16:24:49 ubuntu devstack@keystone.service[81585]: DEBUG keystone.server.flask.request_processing.middleware.auth_context [None req-aee91d35-f184-4a93-ac39-983f3b27d7cc None admin] RBAC: auth_context: {'token': <TokenModel (audit_id=IzphQDfFQii7qiaHS45tSQ, audit_chain_id=['IzphQDfFQii7qiaHS45tSQ']) at 0x7fab270a5cc0>, 'domain_id': None, 'trust_id': None, 'trustor_id': None, 'trustee_id': None, 'domain_name': None, 'group_ids': [], 'user_id': 'faf9444d50be4ecf946ec24a3c5b027d', 'user_domain_id': 'default', 'system_scope': 'all', 'project_id': None, 'project_domain_id': None, 'roles': ['admin', 'manager', 'member', 'reader'], 'is_admin_project': True, 'service_user_id': None, 'service_user_domain_id': None, 'service_project_id': None, 'service_project_domain_id': None, 'service_roles': []} {{(pid=81585) fill_context /opt/stack/keystone/keystone/server/flask/request_processing/middleware/auth_context.py:509}}
Mar 30 16:24:49 ubuntu devstack@keystone.service[81585]: DEBUG keystone.server.flask.request_processing.req_logging [None req-aee91d35-f184-4a93-ac39-983f3b27d7cc None admin] REQUEST_METHOD: `GET` {{(pid=81585) log_request_info /opt/stack/keystone/keystone/server/flask/request_processing/req_logging.py:26}}
Mar 30 16:24:49 ubuntu devstack@keystone.service[81585]: DEBUG keystone.server.flask.request_processing.req_logging [None req-aee91d35-f184-4a93-ac39-983f3b27d7cc None admin] SCRIPT_NAME: `/identity` {{(pid=81585) log_request_info /opt/stack/keystone/keystone/server/flask/request_processing/req_logging.py:27}}
Mar 30 16:24:49 ubuntu devstack@keystone.service[81585]: DEBUG keystone.server.flask.request_processing.req_logging [None req-aee91d35-f184-4a93-ac39-983f3b27d7cc None admin] PATH_INFO: `/v3/roles/service` {{(pid=81585) log_request_info /opt/stack/keystone/keystone/server/flask/request_processing/req_logging.py:28}}
Mar 30 16:24:49 ubuntu devstack@keystone.service[81586]: DEBUG keystone.server.flask.request_processing.req_logging [None req-7d216b2d-4b7f-4cf8-bcf0-28caf8320dbe None None] REQUEST_METHOD: `GET` {{(pid=81586) log_request_info /opt/stack/keystone/keystone/server/flask/request_processing/req_logging.py:26}}
Mar 30 16:24:49 ubuntu devstack@keystone.service[81586]: DEBUG keystone.server.flask.request_processing.req_logging [None req-7d216b2d-4b7f-4cf8-bcf0-28caf8320dbe None None] SCRIPT_NAME: `/identity` {{(pid=81586) log_request_info /opt/stack/keystone/keystone/server/flask/request_processing/req_logging.py:27}}
Mar 30 16:24:49 ubuntu devstack@keystone.service[81586]: DEBUG keystone.server.flask.request_processing.req_logging [None req-7d216b2d-4b7f-4cf8-bcf0-28caf8320dbe None None] PATH_INFO: `/` {{(pid=81586) log_request_info /opt/stack/keystone/keystone/server/flask/request_processing/req_logging.py:28}}
Mar 30 16:24:49 ubuntu devstack@keystone.service[81586]: [pid: 81586|app: 0|req: 21/38] 10.201.5.82 () {54 vars in 920 bytes} [Mon Mar 30 16:24:49 2026] GET /identity => generated 270 bytes in 2 msecs (HTTP/1.1 300) 6 headers in 234 bytes (2 switches on core 0)
Mar 30 16:24:49 ubuntu devstack@keystone.service[81585]: DEBUG keystone.common.rbac_enforcer.enforcer [None req-aee91d35-f184-4a93-ac39-983f3b27d7cc None admin] Extracting inferred target data resulted in "NOT FOUND (404)". {{(pid=81585) enforce_call /opt/stack/keystone/keystone/common/rbac_enforcer/enforcer.py:445}}
Mar 30 16:24:49 ubuntu devstack@keystone.service[81585]: DEBUG keystone.server.flask.application [None req-aee91d35-f184-4a93-ac39-983f3b27d7cc None admin] Could not find role: service. {{(pid=81585) _handle_keystone_exception /opt/stack/keystone/keystone/server/flask/application.py:146}}
Mar 30 16:24:49 ubuntu devstack@keystone.service[81585]: [pid: 81585|app: 0|req: 18/39] 10.201.5.82 () {56 vars in 1139 bytes} [Mon Mar 30 16:24:49 2026] GET /identity/v3/roles/service => generated 85 bytes in 106 msecs (HTTP/1.1 404) 5 headers in 183 bytes (1 switches on core 0)
Mar 30 16:24:49 ubuntu devstack@keystone.service[81586]: DEBUG keystone.server.flask.request_processing.req_logging [None req-cb026a64-716e-4e13-8537-ab984d92c5ed None None] REQUEST_METHOD: `POST` {{(pid=81586) log_request_info /opt/stack/keystone/keystone/server/flask/request_processing/req_logging.py:26}}
Mar 30 16:24:49 ubuntu devstack@keystone.service[81586]: DEBUG keystone.server.flask.request_processing.req_logging [None req-cb026a64-716e-4e13-8537-ab984d92c5ed None None] SCRIPT_NAME: `/identity` {{(pid=81586) log_request_info /opt/stack/keystone/keystone/server/flask/request_processing/req_logging.py:27}}
Mar 30 16:24:49 ubuntu devstack@keystone.service[81585]: DEBUG keystone.server.flask.request_processing.middleware.auth_context [None req-aee91d35-f184-4a93-ac39-983f3b27d7cc None admin] Authenticating user token {{(pid=81585) process_request /opt/stack/data/venv/lib/python3.10/site-packages/keystonemiddleware/auth_token/__init__.py:407}}
Mar 30 16:24:49 ubuntu devstack@keystone.service[81586]: DEBUG keystone.server.flask.request_processing.req_logging [None req-cb026a64-716e-4e13-8537-ab984d92c5ed None None] PATH_INFO: `/v3/auth/tokens` {{(pid=81586) log_request_info /opt/stack/keystone/keystone/server/flask/request_processing/req_logging.py:28}}
Mar 30 16:24:49 ubuntu devstack@keystone.service[81586]: WARNING keystone.common.password_hashing [None req-cb026a64-716e-4e13-8537-ab984d92c5ed None None] Truncating password to algorithm specific maximum length 72 characters.
Mar 30 16:24:49 ubuntu devstack@keystone.service[81586]: DEBUG keystone.auth.core [None req-cb026a64-716e-4e13-8537-ab984d92c5ed None None] MFA Rules not processed for user `faf9444d50be4ecf946ec24a3c5b027d`. Rule list: `[]` (Enabled: `True`). {{(pid=81586) check_auth_methods_against_rules /opt/stack/keystone/keystone/auth/core.py:476}}
Mar 30 16:24:49 ubuntu devstack@keystone.service[81586]: DEBUG keystone.common.fernet_utils [None req-cb026a64-716e-4e13-8537-ab984d92c5ed None None] Loaded 2 Fernet keys from /etc/keystone/fernet-keys/, but `[fernet_tokens] max_active_keys = 3`; perhaps there have not been enough key rotations to reach `max_active_keys` yet? {{(pid=81586) load_keys /opt/stack/keystone/keystone/common/fernet_utils.py:297}}
Mar 30 16:24:49 ubuntu devstack@keystone.service[81585]: DEBUG keystone.server.flask.request_processing.middleware.auth_context [None req-aee91d35-f184-4a93-ac39-983f3b27d7cc None admin] Validating token access rules against request {{(pid=81585) validate_allowed_request /opt/stack/data/venv/lib/python3.10/site-packages/keystonemiddleware/auth_token/__init__.py:545}}
Mar 30 16:24:49 ubuntu devstack@keystone.service[81585]: DEBUG keystone.server.flask.request_processing.middleware.auth_context [None req-b5f955c3-9b52-4fd7-acdb-b78d1cfd3f58 None admin] RBAC: auth_context: {'token': <TokenModel (audit_id=IzphQDfFQii7qiaHS45tSQ, audit_chain_id=['IzphQDfFQii7qiaHS45tSQ']) at 0x7fab270a47f0>, 'domain_id': None, 'trust_id': None, 'trustor_id': None, 'trustee_id': None, 'domain_name': None, 'group_ids': [], 'user_id': 'faf9444d50be4ecf946ec24a3c5b027d', 'user_domain_id': 'default', 'system_scope': 'all', 'project_id': None, 'project_domain_id': None, 'roles': ['admin', 'manager', 'member', 'reader'], 'is_admin_project': True, 'service_user_id': None, 'service_user_domain_id': None, 'service_project_id': None, 'service_project_domain_id': None, 'service_roles': []} {{(pid=81585) fill_context /opt/stack/keystone/keystone/server/flask/request_processing/middleware/auth_context.py:509}}
Mar 30 16:24:49 ubuntu devstack@keystone.service[81585]: DEBUG keystone.server.flask.request_processing.req_logging [None req-b5f955c3-9b52-4fd7-acdb-b78d1cfd3f58 None admin] REQUEST_METHOD: `GET` {{(pid=81585) log_request_info /opt/stack/keystone/keystone/server/flask/request_processing/req_logging.py:26}}
Mar 30 16:24:49 ubuntu devstack@keystone.service[81585]: DEBUG keystone.server.flask.request_processing.req_logging [None req-b5f955c3-9b52-4fd7-acdb-b78d1cfd3f58 None admin] SCRIPT_NAME: `/identity` {{(pid=81585) log_request_info /opt/stack/keystone/keystone/server/flask/request_processing/req_logging.py:27}}
Mar 30 16:24:49 ubuntu devstack@keystone.service[81585]: DEBUG keystone.server.flask.request_processing.req_logging [None req-b5f955c3-9b52-4fd7-acdb-b78d1cfd3f58 None admin] PATH_INFO: `/v3/roles` {{(pid=81585) log_request_info /opt/stack/keystone/keystone/server/flask/request_processing/req_logging.py:28}}
Mar 30 16:24:49 ubuntu devstack@keystone.service[81585]: DEBUG keystone.common.rbac_enforcer.enforcer [None req-b5f955c3-9b52-4fd7-acdb-b78d1cfd3f58 None admin] RBAC: Adding query filter params (name=service) {{(pid=81585) _extract_filter_values /opt/stack/keystone/keystone/common/rbac_enforcer/enforcer.py:176}}
Mar 30 16:24:49 ubuntu devstack@keystone.service[81585]: DEBUG keystone.common.rbac_enforcer.enforcer [None req-b5f955c3-9b52-4fd7-acdb-b78d1cfd3f58 None admin] RBAC: Authorizing `identity:list_roles()` {{(pid=81585) enforce_call /opt/stack/keystone/keystone/common/rbac_enforcer/enforcer.py:494}}
Mar 30 16:24:49 ubuntu devstack@keystone.service[81585]: DEBUG keystone.common.rbac_enforcer.enforcer [None req-b5f955c3-9b52-4fd7-acdb-b78d1cfd3f58 None admin] RBAC: Authorization granted {{(pid=81585) enforce_call /opt/stack/keystone/keystone/common/rbac_enforcer/enforcer.py:505}}
Mar 30 16:24:49 ubuntu devstack@keystone.service[81586]: [pid: 81586|app: 0|req: 22/40] 10.201.5.82 () {58 vars in 1017 bytes} [Mon Mar 30 16:24:49 2026] POST /identity/v3/auth/tokens => generated 862 bytes in 53 msecs (HTTP/1.1 201) 6 headers in 363 bytes (1 switches on core 0)
Mar 30 16:24:49 ubuntu devstack@keystone.service[81585]: [pid: 81585|app: 0|req: 19/41] 10.201.5.82 () {56 vars in 1153 bytes} [Mon Mar 30 16:24:49 2026] GET /identity/v3/roles?name=service => generated 343 bytes in 64 msecs (HTTP/1.1 200) 5 headers in 177 bytes (2 switches on core 0)
Mar 30 16:24:49 ubuntu devstack@keystone.service[81586]: DEBUG keystone.server.flask.request_processing.middleware.auth_context [None req-cb026a64-716e-4e13-8537-ab984d92c5ed None None] Authenticating user token {{(pid=81586) process_request /opt/stack/data/venv/lib/python3.10/site-packages/keystonemiddleware/auth_token/__init__.py:407}}
Mar 30 16:24:49 ubuntu devstack@keystone.service[81586]: DEBUG keystone.server.flask.request_processing.middleware.auth_context [None req-cb026a64-716e-4e13-8537-ab984d92c5ed None None] Validating token access rules against request {{(pid=81586) validate_allowed_request /opt/stack/data/venv/lib/python3.10/site-packages/keystonemiddleware/auth_token/__init__.py:545}}
Mar 30 16:24:49 ubuntu devstack@keystone.service[81586]: DEBUG keystone.server.flask.request_processing.middleware.auth_context [None req-1aa25c98-cef7-41dd-9d57-4b7f50558318 None admin] RBAC: auth_context: {'token': <TokenModel (audit_id=9SAhK3MdTtqBNQGzApevKQ, audit_chain_id=['9SAhK3MdTtqBNQGzApevKQ']) at 0x7fab2707bd30>, 'domain_id': None, 'trust_id': None, 'trustor_id': None, 'trustee_id': None, 'domain_name': None, 'group_ids': [], 'user_id': 'faf9444d50be4ecf946ec24a3c5b027d', 'user_domain_id': 'default', 'system_scope': 'all', 'project_id': None, 'project_domain_id': None, 'roles': ['admin', 'manager', 'member', 'reader'], 'is_admin_project': True, 'service_user_id': None, 'service_user_domain_id': None, 'service_project_id': None, 'service_project_domain_id': None, 'service_roles': []} {{(pid=81586) fill_context /opt/stack/keystone/keystone/server/flask/request_processing/middleware/auth_context.py:509}}
Mar 30 16:24:49 ubuntu devstack@keystone.service[81586]: DEBUG keystone.server.flask.request_processing.req_logging [None req-1aa25c98-cef7-41dd-9d57-4b7f50558318 None admin] REQUEST_METHOD: `POST` {{(pid=81586) log_request_info /opt/stack/keystone/keystone/server/flask/request_processing/req_logging.py:26}}
Mar 30 16:24:49 ubuntu devstack@keystone.service[81586]: DEBUG keystone.server.flask.request_processing.req_logging [None req-1aa25c98-cef7-41dd-9d57-4b7f50558318 None admin] SCRIPT_NAME: `/identity` {{(pid=81586) log_request_info /opt/stack/keystone/keystone/server/flask/request_processing/req_logging.py:27}}
Mar 30 16:24:49 ubuntu devstack@keystone.service[81586]: DEBUG keystone.server.flask.request_processing.req_logging [None req-1aa25c98-cef7-41dd-9d57-4b7f50558318 None admin] PATH_INFO: `/v3/roles` {{(pid=81586) log_request_info /opt/stack/keystone/keystone/server/flask/request_processing/req_logging.py:28}}
Mar 30 16:24:49 ubuntu devstack@keystone.service[81586]: DEBUG keystone.common.rbac_enforcer.enforcer [None req-1aa25c98-cef7-41dd-9d57-4b7f50558318 None admin] RBAC: Authorizing `identity:create_role()` {{(pid=81586) enforce_call /opt/stack/keystone/keystone/common/rbac_enforcer/enforcer.py:494}}
Mar 30 16:24:49 ubuntu devstack@keystone.service[81586]: DEBUG keystone.common.rbac_enforcer.enforcer [None req-1aa25c98-cef7-41dd-9d57-4b7f50558318 None admin] RBAC: Authorization granted {{(pid=81586) enforce_call /opt/stack/keystone/keystone/common/rbac_enforcer/enforcer.py:505}}
Mar 30 16:24:49 ubuntu devstack@keystone.service[81586]: [pid: 81586|app: 0|req: 23/42] 10.201.5.82 () {60 vars in 1168 bytes} [Mon Mar 30 16:24:49 2026] POST /identity/v3/roles => generated 225 bytes in 77 msecs (HTTP/1.1 201) 5 headers in 182 bytes (1 switches on core 0)
Mar 30 16:24:50 ubuntu devstack@keystone.service[81585]: DEBUG keystone.server.flask.request_processing.req_logging [None req-5a70c146-7f5a-4a8c-819b-aada307128cb None None] REQUEST_METHOD: `GET` {{(pid=81585) log_request_info /opt/stack/keystone/keystone/server/flask/request_processing/req_logging.py:26}}
Mar 30 16:24:50 ubuntu devstack@keystone.service[81585]: DEBUG keystone.server.flask.request_processing.req_logging [None req-5a70c146-7f5a-4a8c-819b-aada307128cb None None] SCRIPT_NAME: `/identity` {{(pid=81585) log_request_info /opt/stack/keystone/keystone/server/flask/request_processing/req_logging.py:27}}
Mar 30 16:24:50 ubuntu devstack@keystone.service[81585]: DEBUG keystone.server.flask.request_processing.req_logging [None req-5a70c146-7f5a-4a8c-819b-aada307128cb None None] PATH_INFO: `/` {{(pid=81585) log_request_info /opt/stack/keystone/keystone/server/flask/request_processing/req_logging.py:28}}
Mar 30 16:24:50 ubuntu devstack@keystone.service[81585]: [pid: 81585|app: 0|req: 20/43] 10.201.5.82 () {54 vars in 920 bytes} [Mon Mar 30 16:24:50 2026] GET /identity => generated 270 bytes in 2 msecs (HTTP/1.1 300) 6 headers in 234 bytes (1 switches on core 0)
Mar 30 16:24:50 ubuntu devstack@keystone.service[81586]: DEBUG keystone.server.flask.request_processing.req_logging [None req-5439045f-b1f1-45e8-96aa-5be147ccc07d None None] REQUEST_METHOD: `POST` {{(pid=81586) log_request_info /opt/stack/keystone/keystone/server/flask/request_processing/req_logging.py:26}}
Mar 30 16:24:50 ubuntu devstack@keystone.service[81586]: DEBUG keystone.server.flask.request_processing.req_logging [None req-5439045f-b1f1-45e8-96aa-5be147ccc07d None None] SCRIPT_NAME: `/identity` {{(pid=81586) log_request_info /opt/stack/keystone/keystone/server/flask/request_processing/req_logging.py:27}}
Mar 30 16:24:50 ubuntu devstack@keystone.service[81586]: DEBUG keystone.server.flask.request_processing.req_logging [None req-5439045f-b1f1-45e8-96aa-5be147ccc07d None None] PATH_INFO: `/v3/auth/tokens` {{(pid=81586) log_request_info /opt/stack/keystone/keystone/server/flask/request_processing/req_logging.py:28}}
Mar 30 16:24:50 ubuntu devstack@keystone.service[81585]: DEBUG keystone.server.flask.request_processing.req_logging [None req-c26c4913-af8d-4b40-8fea-daa2c93a1716 None None] REQUEST_METHOD: `GET` {{(pid=81585) log_request_info /opt/stack/keystone/keystone/server/flask/request_processing/req_logging.py:26}}
Mar 30 16:24:50 ubuntu devstack@keystone.service[81585]: DEBUG keystone.server.flask.request_processing.req_logging [None req-c26c4913-af8d-4b40-8fea-daa2c93a1716 None None] SCRIPT_NAME: `/identity` {{(pid=81585) log_request_info /opt/stack/keystone/keystone/server/flask/request_processing/req_logging.py:27}}
Mar 30 16:24:50 ubuntu devstack@keystone.service[81585]: DEBUG keystone.server.flask.request_processing.req_logging [None req-c26c4913-af8d-4b40-8fea-daa2c93a1716 None None] PATH_INFO: `/` {{(pid=81585) log_request_info /opt/stack/keystone/keystone/server/flask/request_processing/req_logging.py:28}}
Mar 30 16:24:50 ubuntu devstack@keystone.service[81585]: [pid: 81585|app: 0|req: 21/44] 10.201.5.82 () {54 vars in 920 bytes} [Mon Mar 30 16:24:50 2026] GET /identity => generated 270 bytes in 1 msecs (HTTP/1.1 300) 6 headers in 234 bytes (1 switches on core 0)
Mar 30 16:24:50 ubuntu devstack@keystone.service[81585]: DEBUG keystone.server.flask.request_processing.req_logging [None req-549ecd07-6370-4218-8800-7b42125b9e85 None None] REQUEST_METHOD: `POST` {{(pid=81585) log_request_info /opt/stack/keystone/keystone/server/flask/request_processing/req_logging.py:26}}
Mar 30 16:24:50 ubuntu devstack@keystone.service[81585]: DEBUG keystone.server.flask.request_processing.req_logging [None req-549ecd07-6370-4218-8800-7b42125b9e85 None None] SCRIPT_NAME: `/identity` {{(pid=81585) log_request_info /opt/stack/keystone/keystone/server/flask/request_processing/req_logging.py:27}}
Mar 30 16:24:50 ubuntu devstack@keystone.service[81585]: DEBUG keystone.server.flask.request_processing.req_logging [None req-549ecd07-6370-4218-8800-7b42125b9e85 None None] PATH_INFO: `/v3/auth/tokens` {{(pid=81585) log_request_info /opt/stack/keystone/keystone/server/flask/request_processing/req_logging.py:28}}
Mar 30 16:24:50 ubuntu devstack@keystone.service[81586]: WARNING keystone.common.password_hashing [None req-5439045f-b1f1-45e8-96aa-5be147ccc07d None None] Truncating password to algorithm specific maximum length 72 characters.
Mar 30 16:24:50 ubuntu devstack@keystone.service[81585]: WARNING keystone.common.password_hashing [None req-549ecd07-6370-4218-8800-7b42125b9e85 None None] Truncating password to algorithm specific maximum length 72 characters.
Mar 30 16:24:50 ubuntu devstack@keystone.service[81586]: DEBUG keystone.auth.core [None req-5439045f-b1f1-45e8-96aa-5be147ccc07d None None] MFA Rules not processed for user `faf9444d50be4ecf946ec24a3c5b027d`. Rule list: `[]` (Enabled: `True`). {{(pid=81586) check_auth_methods_against_rules /opt/stack/keystone/keystone/auth/core.py:476}}
Mar 30 16:24:50 ubuntu devstack@keystone.service[81586]: DEBUG keystone.common.fernet_utils [None req-5439045f-b1f1-45e8-96aa-5be147ccc07d None None] Loaded 2 Fernet keys from /etc/keystone/fernet-keys/, but `[fernet_tokens] max_active_keys = 3`; perhaps there have not been enough key rotations to reach `max_active_keys` yet? {{(pid=81586) load_keys /opt/stack/keystone/keystone/common/fernet_utils.py:297}}
Mar 30 16:24:50 ubuntu devstack@keystone.service[81585]: DEBUG keystone.auth.core [None req-549ecd07-6370-4218-8800-7b42125b9e85 None None] MFA Rules not processed for user `faf9444d50be4ecf946ec24a3c5b027d`. Rule list: `[]` (Enabled: `True`). {{(pid=81585) check_auth_methods_against_rules /opt/stack/keystone/keystone/auth/core.py:476}}
Mar 30 16:24:50 ubuntu devstack@keystone.service[81585]: DEBUG keystone.common.fernet_utils [None req-549ecd07-6370-4218-8800-7b42125b9e85 None None] Loaded 2 Fernet keys from /etc/keystone/fernet-keys/, but `[fernet_tokens] max_active_keys = 3`; perhaps there have not been enough key rotations to reach `max_active_keys` yet? {{(pid=81585) load_keys /opt/stack/keystone/keystone/common/fernet_utils.py:297}}
Mar 30 16:24:50 ubuntu devstack@keystone.service[81586]: [pid: 81586|app: 0|req: 24/45] 10.201.5.82 () {58 vars in 1017 bytes} [Mon Mar 30 16:24:50 2026] POST /identity/v3/auth/tokens => generated 862 bytes in 77 msecs (HTTP/1.1 201) 6 headers in 363 bytes (1 switches on core 0)
Mar 30 16:24:50 ubuntu devstack@keystone.service[81586]: DEBUG keystone.server.flask.request_processing.middleware.auth_context [None req-5439045f-b1f1-45e8-96aa-5be147ccc07d None None] Authenticating user token {{(pid=81586) process_request /opt/stack/data/venv/lib/python3.10/site-packages/keystonemiddleware/auth_token/__init__.py:407}}
Mar 30 16:24:50 ubuntu devstack@keystone.service[81585]: [pid: 81585|app: 0|req: 22/46] 10.201.5.82 () {58 vars in 1017 bytes} [Mon Mar 30 16:24:50 2026] POST /identity/v3/auth/tokens => generated 862 bytes in 167 msecs (HTTP/1.1 201) 6 headers in 363 bytes (1 switches on core 0)
Mar 30 16:24:50 ubuntu devstack@keystone.service[81586]: DEBUG keystone.server.flask.request_processing.middleware.auth_context [None req-5439045f-b1f1-45e8-96aa-5be147ccc07d None None] Validating token access rules against request {{(pid=81586) validate_allowed_request /opt/stack/data/venv/lib/python3.10/site-packages/keystonemiddleware/auth_token/__init__.py:545}}
Mar 30 16:24:50 ubuntu devstack@keystone.service[81586]: DEBUG keystone.server.flask.request_processing.middleware.auth_context [None req-cda66df5-a675-43e1-a0e2-6ddaf6b4a432 None admin] RBAC: auth_context: {'token': <TokenModel (audit_id=m2Zobx40STinHWzJ0baqyg, audit_chain_id=['m2Zobx40STinHWzJ0baqyg']) at 0x7fab27a1fe20>, 'domain_id': None, 'trust_id': None, 'trustor_id': None, 'trustee_id': None, 'domain_name': None, 'group_ids': [], 'user_id': 'faf9444d50be4ecf946ec24a3c5b027d', 'user_domain_id': 'default', 'system_scope': 'all', 'project_id': None, 'project_domain_id': None, 'roles': ['admin', 'manager', 'member', 'reader'], 'is_admin_project': True, 'service_user_id': None, 'service_user_domain_id': None, 'service_project_id': None, 'service_project_domain_id': None, 'service_roles': []} {{(pid=81586) fill_context /opt/stack/keystone/keystone/server/flask/request_processing/middleware/auth_context.py:509}}
Mar 30 16:24:50 ubuntu devstack@keystone.service[81586]: DEBUG keystone.server.flask.request_processing.req_logging [None req-cda66df5-a675-43e1-a0e2-6ddaf6b4a432 None admin] REQUEST_METHOD: `POST` {{(pid=81586) log_request_info /opt/stack/keystone/keystone/server/flask/request_processing/req_logging.py:26}}
Mar 30 16:24:50 ubuntu devstack@keystone.service[81586]: DEBUG keystone.server.flask.request_processing.req_logging [None req-cda66df5-a675-43e1-a0e2-6ddaf6b4a432 None admin] SCRIPT_NAME: `/identity` {{(pid=81586) log_request_info /opt/stack/keystone/keystone/server/flask/request_processing/req_logging.py:27}}
Mar 30 16:24:50 ubuntu devstack@keystone.service[81586]: DEBUG keystone.server.flask.request_processing.req_logging [None req-cda66df5-a675-43e1-a0e2-6ddaf6b4a432 None admin] PATH_INFO: `/v3/roles` {{(pid=81586) log_request_info /opt/stack/keystone/keystone/server/flask/request_processing/req_logging.py:28}}
Mar 30 16:24:50 ubuntu devstack@keystone.service[81586]: DEBUG keystone.common.rbac_enforcer.enforcer [None req-cda66df5-a675-43e1-a0e2-6ddaf6b4a432 None admin] RBAC: Authorizing `identity:create_role()` {{(pid=81586) enforce_call /opt/stack/keystone/keystone/common/rbac_enforcer/enforcer.py:494}}
Mar 30 16:24:50 ubuntu devstack@keystone.service[81586]: DEBUG keystone.common.rbac_enforcer.enforcer [None req-cda66df5-a675-43e1-a0e2-6ddaf6b4a432 None admin] RBAC: Authorization granted {{(pid=81586) enforce_call /opt/stack/keystone/keystone/common/rbac_enforcer/enforcer.py:505}}
Mar 30 16:24:50 ubuntu devstack@keystone.service[81586]: [pid: 81586|app: 0|req: 25/47] 10.201.5.82 () {60 vars in 1168 bytes} [Mon Mar 30 16:24:50 2026] POST /identity/v3/roles => generated 223 bytes in 88 msecs (HTTP/1.1 201) 5 headers in 182 bytes (1 switches on core 0)
Mar 30 16:24:50 ubuntu devstack@keystone.service[81585]: DEBUG keystone.server.flask.request_processing.middleware.auth_context [None req-549ecd07-6370-4218-8800-7b42125b9e85 None None] Authenticating user token {{(pid=81585) process_request /opt/stack/data/venv/lib/python3.10/site-packages/keystonemiddleware/auth_token/__init__.py:407}}
Mar 30 16:24:50 ubuntu devstack@keystone.service[81585]: DEBUG keystone.server.flask.request_processing.middleware.auth_context [None req-549ecd07-6370-4218-8800-7b42125b9e85 None None] Validating token access rules against request {{(pid=81585) validate_allowed_request /opt/stack/data/venv/lib/python3.10/site-packages/keystonemiddleware/auth_token/__init__.py:545}}
Mar 30 16:24:50 ubuntu devstack@keystone.service[81585]: DEBUG keystone.server.flask.request_processing.middleware.auth_context [None req-8973f7d6-794e-46cd-8156-a4882cb5e83f None admin] RBAC: auth_context: {'token': <TokenModel (audit_id=LevTicYSSPautA_J9fcNjw, audit_chain_id=['LevTicYSSPautA_J9fcNjw']) at 0x7fab27191b40>, 'domain_id': None, 'trust_id': None, 'trustor_id': None, 'trustee_id': None, 'domain_name': None, 'group_ids': [], 'user_id': 'faf9444d50be4ecf946ec24a3c5b027d', 'user_domain_id': 'default', 'system_scope': 'all', 'project_id': None, 'project_domain_id': None, 'roles': ['admin', 'manager', 'member', 'reader'], 'is_admin_project': True, 'service_user_id': None, 'service_user_domain_id': None, 'service_project_id': None, 'service_project_domain_id': None, 'service_roles': []} {{(pid=81585) fill_context /opt/stack/keystone/keystone/server/flask/request_processing/middleware/auth_context.py:509}}
Mar 30 16:24:50 ubuntu devstack@keystone.service[81585]: DEBUG keystone.server.flask.request_processing.req_logging [None req-8973f7d6-794e-46cd-8156-a4882cb5e83f None admin] REQUEST_METHOD: `GET` {{(pid=81585) log_request_info /opt/stack/keystone/keystone/server/flask/request_processing/req_logging.py:26}}
Mar 30 16:24:50 ubuntu devstack@keystone.service[81585]: DEBUG keystone.server.flask.request_processing.req_logging [None req-8973f7d6-794e-46cd-8156-a4882cb5e83f None admin] SCRIPT_NAME: `/identity` {{(pid=81585) log_request_info /opt/stack/keystone/keystone/server/flask/request_processing/req_logging.py:27}}
Mar 30 16:24:50 ubuntu devstack@keystone.service[81585]: DEBUG keystone.server.flask.request_processing.req_logging [None req-8973f7d6-794e-46cd-8156-a4882cb5e83f None admin] PATH_INFO: `/v3/domains/default` {{(pid=81585) log_request_info /opt/stack/keystone/keystone/server/flask/request_processing/req_logging.py:28}}
Mar 30 16:24:50 ubuntu devstack@keystone.service[81585]: DEBUG keystone.common.rbac_enforcer.enforcer [None req-8973f7d6-794e-46cd-8156-a4882cb5e83f None admin] RBAC: Authorizing `identity:get_domain(domain_id=default)` {{(pid=81585) enforce_call /opt/stack/keystone/keystone/common/rbac_enforcer/enforcer.py:494}}
Mar 30 16:24:50 ubuntu devstack@keystone.service[81585]: DEBUG keystone.common.rbac_enforcer.enforcer [None req-8973f7d6-794e-46cd-8156-a4882cb5e83f None admin] RBAC: Authorization granted {{(pid=81585) enforce_call /opt/stack/keystone/keystone/common/rbac_enforcer/enforcer.py:505}}
Mar 30 16:24:50 ubuntu devstack@keystone.service[81585]: [pid: 81585|app: 0|req: 23/48] 10.201.5.82 () {56 vars in 1145 bytes} [Mon Mar 30 16:24:50 2026] GET /identity/v3/domains/default => generated 199 bytes in 83 msecs (HTTP/1.1 200) 5 headers in 177 bytes (1 switches on core 0)
Mar 30 16:24:50 ubuntu devstack@keystone.service[81586]: DEBUG keystone.server.flask.request_processing.middleware.auth_context [None req-cda66df5-a675-43e1-a0e2-6ddaf6b4a432 None admin] Authenticating user token {{(pid=81586) process_request /opt/stack/data/venv/lib/python3.10/site-packages/keystonemiddleware/auth_token/__init__.py:407}}
Mar 30 16:24:50 ubuntu devstack@keystone.service[81586]: DEBUG keystone.server.flask.request_processing.middleware.auth_context [None req-cda66df5-a675-43e1-a0e2-6ddaf6b4a432 None admin] Validating token access rules against request {{(pid=81586) validate_allowed_request /opt/stack/data/venv/lib/python3.10/site-packages/keystonemiddleware/auth_token/__init__.py:545}}
Mar 30 16:24:50 ubuntu devstack@keystone.service[81586]: DEBUG keystone.server.flask.request_processing.middleware.auth_context [None req-cc9342e0-0924-4dd5-b0eb-dbeeb85eb374 None admin] RBAC: auth_context: {'token': <TokenModel (audit_id=LevTicYSSPautA_J9fcNjw, audit_chain_id=['LevTicYSSPautA_J9fcNjw']) at 0x7fab26fc14e0>, 'domain_id': None, 'trust_id': None, 'trustor_id': None, 'trustee_id': None, 'domain_name': None, 'group_ids': [], 'user_id': 'faf9444d50be4ecf946ec24a3c5b027d', 'user_domain_id': 'default', 'system_scope': 'all', 'project_id': None, 'project_domain_id': None, 'roles': ['admin', 'manager', 'member', 'reader'], 'is_admin_project': True, 'service_user_id': None, 'service_user_domain_id': None, 'service_project_id': None, 'service_project_domain_id': None, 'service_roles': []} {{(pid=81586) fill_context /opt/stack/keystone/keystone/server/flask/request_processing/middleware/auth_context.py:509}}
Mar 30 16:24:50 ubuntu devstack@keystone.service[81586]: DEBUG keystone.server.flask.request_processing.req_logging [None req-cc9342e0-0924-4dd5-b0eb-dbeeb85eb374 None admin] REQUEST_METHOD: `POST` {{(pid=81586) log_request_info /opt/stack/keystone/keystone/server/flask/request_processing/req_logging.py:26}}
Mar 30 16:24:50 ubuntu devstack@keystone.service[81586]: DEBUG keystone.server.flask.request_processing.req_logging [None req-cc9342e0-0924-4dd5-b0eb-dbeeb85eb374 None admin] SCRIPT_NAME: `/identity` {{(pid=81586) log_request_info /opt/stack/keystone/keystone/server/flask/request_processing/req_logging.py:27}}
Mar 30 16:24:50 ubuntu devstack@keystone.service[81586]: DEBUG keystone.server.flask.request_processing.req_logging [None req-cc9342e0-0924-4dd5-b0eb-dbeeb85eb374 None admin] PATH_INFO: `/v3/projects` {{(pid=81586) log_request_info /opt/stack/keystone/keystone/server/flask/request_processing/req_logging.py:28}}
Mar 30 16:24:50 ubuntu devstack@keystone.service[81586]: DEBUG keystone.common.rbac_enforcer.enforcer [None req-cc9342e0-0924-4dd5-b0eb-dbeeb85eb374 None admin] RBAC: Authorizing `identity:create_project()` {{(pid=81586) enforce_call /opt/stack/keystone/keystone/common/rbac_enforcer/enforcer.py:494}}
Mar 30 16:24:50 ubuntu devstack@keystone.service[81586]: DEBUG keystone.common.rbac_enforcer.enforcer [None req-cc9342e0-0924-4dd5-b0eb-dbeeb85eb374 None admin] RBAC: Authorization granted {{(pid=81586) enforce_call /opt/stack/keystone/keystone/common/rbac_enforcer/enforcer.py:505}}
Mar 30 16:24:50 ubuntu devstack@keystone.service[81586]: [pid: 81586|app: 0|req: 26/49] 10.201.5.82 () {60 vars in 1177 bytes} [Mon Mar 30 16:24:50 2026] POST /identity/v3/projects => generated 312 bytes in 100 msecs (HTTP/1.1 201) 5 headers in 182 bytes (1 switches on core 0)
Mar 30 16:24:51 ubuntu devstack@keystone.service[81585]: DEBUG keystone.server.flask.request_processing.req_logging [None req-3fe40ae6-346d-4d06-a3fa-17891e521bec None None] REQUEST_METHOD: `GET` {{(pid=81585) log_request_info /opt/stack/keystone/keystone/server/flask/request_processing/req_logging.py:26}}
Mar 30 16:24:51 ubuntu devstack@keystone.service[81585]: DEBUG keystone.server.flask.request_processing.req_logging [None req-3fe40ae6-346d-4d06-a3fa-17891e521bec None None] SCRIPT_NAME: `/identity` {{(pid=81585) log_request_info /opt/stack/keystone/keystone/server/flask/request_processing/req_logging.py:27}}
Mar 30 16:24:51 ubuntu devstack@keystone.service[81585]: DEBUG keystone.server.flask.request_processing.req_logging [None req-3fe40ae6-346d-4d06-a3fa-17891e521bec None None] PATH_INFO: `/` {{(pid=81585) log_request_info /opt/stack/keystone/keystone/server/flask/request_processing/req_logging.py:28}}
Mar 30 16:24:51 ubuntu devstack@keystone.service[81585]: [pid: 81585|app: 0|req: 24/50] 10.201.5.82 () {54 vars in 920 bytes} [Mon Mar 30 16:24:51 2026] GET /identity => generated 270 bytes in 4 msecs (HTTP/1.1 300) 6 headers in 234 bytes (1 switches on core 0)
Mar 30 16:24:51 ubuntu devstack@keystone.service[81586]: DEBUG keystone.server.flask.request_processing.req_logging [None req-42586957-7f00-4fb4-87fb-fcf7d687c0a1 None None] REQUEST_METHOD: `POST` {{(pid=81586) log_request_info /opt/stack/keystone/keystone/server/flask/request_processing/req_logging.py:26}}
Mar 30 16:24:51 ubuntu devstack@keystone.service[81586]: DEBUG keystone.server.flask.request_processing.req_logging [None req-42586957-7f00-4fb4-87fb-fcf7d687c0a1 None None] SCRIPT_NAME: `/identity` {{(pid=81586) log_request_info /opt/stack/keystone/keystone/server/flask/request_processing/req_logging.py:27}}
Mar 30 16:24:51 ubuntu devstack@keystone.service[81586]: DEBUG keystone.server.flask.request_processing.req_logging [None req-42586957-7f00-4fb4-87fb-fcf7d687c0a1 None None] PATH_INFO: `/v3/auth/tokens` {{(pid=81586) log_request_info /opt/stack/keystone/keystone/server/flask/request_processing/req_logging.py:28}}
Mar 30 16:24:51 ubuntu devstack@keystone.service[81586]: WARNING keystone.common.password_hashing [None req-42586957-7f00-4fb4-87fb-fcf7d687c0a1 None None] Truncating password to algorithm specific maximum length 72 characters.
Mar 30 16:24:51 ubuntu devstack@keystone.service[81586]: DEBUG keystone.auth.core [None req-42586957-7f00-4fb4-87fb-fcf7d687c0a1 None None] MFA Rules not processed for user `faf9444d50be4ecf946ec24a3c5b027d`. Rule list: `[]` (Enabled: `True`). {{(pid=81586) check_auth_methods_against_rules /opt/stack/keystone/keystone/auth/core.py:476}}
Mar 30 16:24:51 ubuntu devstack@keystone.service[81586]: DEBUG keystone.common.fernet_utils [None req-42586957-7f00-4fb4-87fb-fcf7d687c0a1 None None] Loaded 2 Fernet keys from /etc/keystone/fernet-keys/, but `[fernet_tokens] max_active_keys = 3`; perhaps there have not been enough key rotations to reach `max_active_keys` yet? {{(pid=81586) load_keys /opt/stack/keystone/keystone/common/fernet_utils.py:297}}
Mar 30 16:24:52 ubuntu devstack@keystone.service[81586]: [pid: 81586|app: 0|req: 27/51] 10.201.5.82 () {58 vars in 1017 bytes} [Mon Mar 30 16:24:51 2026] POST /identity/v3/auth/tokens => generated 862 bytes in 60 msecs (HTTP/1.1 201) 6 headers in 363 bytes (1 switches on core 0)
