Mar 31 18:15:46 ubuntu devstack@keystone.service[81684]: [pid: 81684|app: 0|req: 12/23] 10.201.5.82 () {54 vars in 920 bytes} [Tue Mar 31 18:15:46 2026] GET /identity => generated 270 bytes in 2 msecs (HTTP/1.1 300) 6 headers in 234 bytes (1 switches on core 0)
Mar 31 18:15:46 ubuntu devstack@keystone.service[81685]: DEBUG keystone.server.flask.request_processing.req_logging [None req-7ba74145-3f44-4031-9b2f-73a8c0362504 None None] REQUEST_METHOD: `GET` {{(pid=81685) log_request_info /opt/stack/keystone/keystone/server/flask/request_processing/req_logging.py:26}}
Mar 31 18:15:46 ubuntu devstack@keystone.service[81685]: DEBUG keystone.server.flask.request_processing.req_logging [None req-7ba74145-3f44-4031-9b2f-73a8c0362504 None None] SCRIPT_NAME: `/identity` {{(pid=81685) log_request_info /opt/stack/keystone/keystone/server/flask/request_processing/req_logging.py:27}}
Mar 31 18:15:46 ubuntu devstack@keystone.service[81685]: DEBUG keystone.server.flask.request_processing.req_logging [None req-7ba74145-3f44-4031-9b2f-73a8c0362504 None None] PATH_INFO: `/` {{(pid=81685) log_request_info /opt/stack/keystone/keystone/server/flask/request_processing/req_logging.py:28}}
Mar 31 18:15:46 ubuntu devstack@keystone.service[81685]: [pid: 81685|app: 0|req: 12/24] 10.201.5.82 () {54 vars in 920 bytes} [Tue Mar 31 18:15:46 2026] GET /identity => generated 270 bytes in 2 msecs (HTTP/1.1 300) 6 headers in 234 bytes (1 switches on core 0)
Mar 31 18:15:46 ubuntu devstack@keystone.service[81684]: DEBUG keystone.server.flask.request_processing.req_logging [None req-129ca8fd-5cab-4e73-aa32-60524c74df63 None None] REQUEST_METHOD: `POST` {{(pid=81684) log_request_info /opt/stack/keystone/keystone/server/flask/request_processing/req_logging.py:26}}
Mar 31 18:15:46 ubuntu devstack@keystone.service[81684]: DEBUG keystone.server.flask.request_processing.req_logging [None req-129ca8fd-5cab-4e73-aa32-60524c74df63 None None] SCRIPT_NAME: `/identity` {{(pid=81684) log_request_info /opt/stack/keystone/keystone/server/flask/request_processing/req_logging.py:27}}
Mar 31 18:15:46 ubuntu devstack@keystone.service[81684]: DEBUG keystone.server.flask.request_processing.req_logging [None req-129ca8fd-5cab-4e73-aa32-60524c74df63 None None] PATH_INFO: `/v3/auth/tokens` {{(pid=81684) log_request_info /opt/stack/keystone/keystone/server/flask/request_processing/req_logging.py:28}}
Mar 31 18:15:46 ubuntu devstack@keystone.service[81685]: DEBUG keystone.server.flask.request_processing.req_logging [None req-90f18268-fb41-4f84-bf2a-b00d90b8b93d None None] REQUEST_METHOD: `POST` {{(pid=81685) log_request_info /opt/stack/keystone/keystone/server/flask/request_processing/req_logging.py:26}}
Mar 31 18:15:46 ubuntu devstack@keystone.service[81685]: DEBUG keystone.server.flask.request_processing.req_logging [None req-90f18268-fb41-4f84-bf2a-b00d90b8b93d None None] SCRIPT_NAME: `/identity` {{(pid=81685) log_request_info /opt/stack/keystone/keystone/server/flask/request_processing/req_logging.py:27}}
Mar 31 18:15:46 ubuntu devstack@keystone.service[81685]: DEBUG keystone.server.flask.request_processing.req_logging [None req-90f18268-fb41-4f84-bf2a-b00d90b8b93d None None] PATH_INFO: `/v3/auth/tokens` {{(pid=81685) log_request_info /opt/stack/keystone/keystone/server/flask/request_processing/req_logging.py:28}}
Mar 31 18:15:46 ubuntu devstack@keystone.service[81684]: WARNING keystone.common.password_hashing [None req-129ca8fd-5cab-4e73-aa32-60524c74df63 None None] Truncating password to algorithm specific maximum length 72 characters.
Mar 31 18:15:46 ubuntu devstack@keystone.service[81684]: DEBUG keystone.auth.core [None req-129ca8fd-5cab-4e73-aa32-60524c74df63 None None] MFA Rules not processed for user `d004665740cd445f8f96167794915b69`. Rule list: `[]` (Enabled: `True`). {{(pid=81684) check_auth_methods_against_rules /opt/stack/keystone/keystone/auth/core.py:476}}
Mar 31 18:15:46 ubuntu devstack@keystone.service[81684]: DEBUG keystone.common.fernet_utils [None req-129ca8fd-5cab-4e73-aa32-60524c74df63 None None] Loaded 2 Fernet keys from /etc/keystone/fernet-keys/, but `[fernet_tokens] max_active_keys = 3`; perhaps there have not been enough key rotations to reach `max_active_keys` yet? {{(pid=81684) load_keys /opt/stack/keystone/keystone/common/fernet_utils.py:297}}
Mar 31 18:15:46 ubuntu devstack@keystone.service[81684]: [pid: 81684|app: 0|req: 13/25] 10.201.5.82 () {58 vars in 1017 bytes} [Tue Mar 31 18:15:46 2026] POST /identity/v3/auth/tokens => generated 862 bytes in 52 msecs (HTTP/1.1 201) 6 headers in 363 bytes (1 switches on core 0)
Mar 31 18:15:46 ubuntu devstack@keystone.service[81684]: DEBUG keystone.server.flask.request_processing.middleware.auth_context [None req-129ca8fd-5cab-4e73-aa32-60524c74df63 None None] Authenticating user token {{(pid=81684) process_request /opt/stack/data/venv/lib/python3.10/site-packages/keystonemiddleware/auth_token/__init__.py:407}}
Mar 31 18:15:46 ubuntu devstack@keystone.service[81685]: WARNING keystone.common.password_hashing [None req-90f18268-fb41-4f84-bf2a-b00d90b8b93d None None] Truncating password to algorithm specific maximum length 72 characters.
Mar 31 18:15:46 ubuntu devstack@keystone.service[81685]: DEBUG keystone.auth.core [None req-90f18268-fb41-4f84-bf2a-b00d90b8b93d None None] MFA Rules not processed for user `d004665740cd445f8f96167794915b69`. Rule list: `[]` (Enabled: `True`). {{(pid=81685) check_auth_methods_against_rules /opt/stack/keystone/keystone/auth/core.py:476}}
Mar 31 18:15:46 ubuntu devstack@keystone.service[81685]: DEBUG keystone.common.fernet_utils [None req-90f18268-fb41-4f84-bf2a-b00d90b8b93d None None] Loaded 2 Fernet keys from /etc/keystone/fernet-keys/, but `[fernet_tokens] max_active_keys = 3`; perhaps there have not been enough key rotations to reach `max_active_keys` yet? {{(pid=81685) load_keys /opt/stack/keystone/keystone/common/fernet_utils.py:297}}
Mar 31 18:15:46 ubuntu devstack@keystone.service[81684]: DEBUG keystone.server.flask.request_processing.middleware.auth_context [None req-129ca8fd-5cab-4e73-aa32-60524c74df63 None None] Validating token access rules against request {{(pid=81684) validate_allowed_request /opt/stack/data/venv/lib/python3.10/site-packages/keystonemiddleware/auth_token/__init__.py:545}}
Mar 31 18:15:46 ubuntu devstack@keystone.service[81684]: DEBUG keystone.server.flask.request_processing.middleware.auth_context [None req-4e460aae-fc32-48e8-95f6-33727eb022af None admin] RBAC: auth_context: {'token': <TokenModel (audit_id=d0r7U3aDR_69pzjnRY_pVA, audit_chain_id=['d0r7U3aDR_69pzjnRY_pVA']) at 0x7f4be75073d0>, 'domain_id': None, 'trust_id': None, 'trustor_id': None, 'trustee_id': None, 'domain_name': None, 'group_ids': [], 'user_id': 'd004665740cd445f8f96167794915b69', 'user_domain_id': 'default', 'system_scope': 'all', 'project_id': None, 'project_domain_id': None, 'roles': ['admin', 'manager', 'member', 'reader'], 'is_admin_project': True, 'service_user_id': None, 'service_user_domain_id': None, 'service_project_id': None, 'service_project_domain_id': None, 'service_roles': []} {{(pid=81684) fill_context /opt/stack/keystone/keystone/server/flask/request_processing/middleware/auth_context.py:509}}
Mar 31 18:15:46 ubuntu devstack@keystone.service[81684]: DEBUG keystone.server.flask.request_processing.req_logging [None req-4e460aae-fc32-48e8-95f6-33727eb022af None admin] REQUEST_METHOD: `GET` {{(pid=81684) log_request_info /opt/stack/keystone/keystone/server/flask/request_processing/req_logging.py:26}}
Mar 31 18:15:46 ubuntu devstack@keystone.service[81684]: DEBUG keystone.server.flask.request_processing.req_logging [None req-4e460aae-fc32-48e8-95f6-33727eb022af None admin] SCRIPT_NAME: `/identity` {{(pid=81684) log_request_info /opt/stack/keystone/keystone/server/flask/request_processing/req_logging.py:27}}
Mar 31 18:15:46 ubuntu devstack@keystone.service[81684]: DEBUG keystone.server.flask.request_processing.req_logging [None req-4e460aae-fc32-48e8-95f6-33727eb022af None admin] PATH_INFO: `/v3/roles/admin` {{(pid=81684) log_request_info /opt/stack/keystone/keystone/server/flask/request_processing/req_logging.py:28}}
Mar 31 18:15:46 ubuntu devstack@keystone.service[81684]: DEBUG keystone.common.rbac_enforcer.enforcer [None req-4e460aae-fc32-48e8-95f6-33727eb022af None admin] Extracting inferred target data resulted in "NOT FOUND (404)". {{(pid=81684) enforce_call /opt/stack/keystone/keystone/common/rbac_enforcer/enforcer.py:445}}
Mar 31 18:15:46 ubuntu devstack@keystone.service[81685]: [pid: 81685|app: 0|req: 13/26] 10.201.5.82 () {58 vars in 1017 bytes} [Tue Mar 31 18:15:46 2026] POST /identity/v3/auth/tokens => generated 862 bytes in 229 msecs (HTTP/1.1 201) 6 headers in 363 bytes (1 switches on core 0)
Mar 31 18:15:46 ubuntu devstack@keystone.service[81684]: DEBUG keystone.server.flask.application [None req-4e460aae-fc32-48e8-95f6-33727eb022af None admin] Could not find role: admin. {{(pid=81684) _handle_keystone_exception /opt/stack/keystone/keystone/server/flask/application.py:146}}
Mar 31 18:15:46 ubuntu devstack@keystone.service[81685]: DEBUG keystone.server.flask.request_processing.req_logging [None req-2dd2e19e-23c2-458f-80e7-a2d15549f9ed None None] REQUEST_METHOD: `GET` {{(pid=81685) log_request_info /opt/stack/keystone/keystone/server/flask/request_processing/req_logging.py:26}}
Mar 31 18:15:46 ubuntu devstack@keystone.service[81685]: DEBUG keystone.server.flask.request_processing.req_logging [None req-2dd2e19e-23c2-458f-80e7-a2d15549f9ed None None] SCRIPT_NAME: `/identity` {{(pid=81685) log_request_info /opt/stack/keystone/keystone/server/flask/request_processing/req_logging.py:27}}
Mar 31 18:15:46 ubuntu devstack@keystone.service[81684]: [pid: 81684|app: 0|req: 14/27] 10.201.5.82 () {56 vars in 1133 bytes} [Tue Mar 31 18:15:46 2026] GET /identity/v3/roles/admin => generated 83 bytes in 87 msecs (HTTP/1.1 404) 5 headers in 183 bytes (1 switches on core 0)
Mar 31 18:15:46 ubuntu devstack@keystone.service[81685]: DEBUG keystone.server.flask.request_processing.req_logging [None req-2dd2e19e-23c2-458f-80e7-a2d15549f9ed None None] PATH_INFO: `/` {{(pid=81685) log_request_info /opt/stack/keystone/keystone/server/flask/request_processing/req_logging.py:28}}
Mar 31 18:15:46 ubuntu devstack@keystone.service[81685]: [pid: 81685|app: 0|req: 14/28] 10.201.5.82 () {54 vars in 920 bytes} [Tue Mar 31 18:15:46 2026] GET /identity => generated 270 bytes in 2 msecs (HTTP/1.1 300) 6 headers in 234 bytes (1 switches on core 0)
Mar 31 18:15:46 ubuntu devstack@keystone.service[81684]: DEBUG keystone.server.flask.request_processing.middleware.auth_context [None req-4e460aae-fc32-48e8-95f6-33727eb022af None admin] Authenticating user token {{(pid=81684) process_request /opt/stack/data/venv/lib/python3.10/site-packages/keystonemiddleware/auth_token/__init__.py:407}}
Mar 31 18:15:46 ubuntu devstack@keystone.service[81685]: DEBUG keystone.server.flask.request_processing.req_logging [None req-173af320-ee5c-4c05-8ab3-579a48cdbe43 None None] REQUEST_METHOD: `POST` {{(pid=81685) log_request_info /opt/stack/keystone/keystone/server/flask/request_processing/req_logging.py:26}}
Mar 31 18:15:46 ubuntu devstack@keystone.service[81685]: DEBUG keystone.server.flask.request_processing.req_logging [None req-173af320-ee5c-4c05-8ab3-579a48cdbe43 None None] SCRIPT_NAME: `/identity` {{(pid=81685) log_request_info /opt/stack/keystone/keystone/server/flask/request_processing/req_logging.py:27}}
Mar 31 18:15:46 ubuntu devstack@keystone.service[81685]: DEBUG keystone.server.flask.request_processing.req_logging [None req-173af320-ee5c-4c05-8ab3-579a48cdbe43 None None] PATH_INFO: `/v3/auth/tokens` {{(pid=81685) log_request_info /opt/stack/keystone/keystone/server/flask/request_processing/req_logging.py:28}}
Mar 31 18:15:46 ubuntu devstack@keystone.service[81685]: WARNING keystone.common.password_hashing [None req-173af320-ee5c-4c05-8ab3-579a48cdbe43 None None] Truncating password to algorithm specific maximum length 72 characters.
Mar 31 18:15:46 ubuntu devstack@keystone.service[81685]: DEBUG keystone.auth.core [None req-173af320-ee5c-4c05-8ab3-579a48cdbe43 None None] MFA Rules not processed for user `d004665740cd445f8f96167794915b69`. Rule list: `[]` (Enabled: `True`). {{(pid=81685) check_auth_methods_against_rules /opt/stack/keystone/keystone/auth/core.py:476}}
Mar 31 18:15:46 ubuntu devstack@keystone.service[81685]: DEBUG keystone.common.fernet_utils [None req-173af320-ee5c-4c05-8ab3-579a48cdbe43 None None] Loaded 2 Fernet keys from /etc/keystone/fernet-keys/, but `[fernet_tokens] max_active_keys = 3`; perhaps there have not been enough key rotations to reach `max_active_keys` yet? {{(pid=81685) load_keys /opt/stack/keystone/keystone/common/fernet_utils.py:297}}
Mar 31 18:15:46 ubuntu devstack@keystone.service[81684]: DEBUG keystone.server.flask.request_processing.middleware.auth_context [None req-4e460aae-fc32-48e8-95f6-33727eb022af None admin] Validating token access rules against request {{(pid=81684) validate_allowed_request /opt/stack/data/venv/lib/python3.10/site-packages/keystonemiddleware/auth_token/__init__.py:545}}
Mar 31 18:15:46 ubuntu devstack@keystone.service[81685]: [pid: 81685|app: 0|req: 15/29] 10.201.5.82 () {58 vars in 1017 bytes} [Tue Mar 31 18:15:46 2026] POST /identity/v3/auth/tokens => generated 862 bytes in 61 msecs (HTTP/1.1 201) 6 headers in 363 bytes (2 switches on core 0)
Mar 31 18:15:46 ubuntu devstack@keystone.service[81684]: DEBUG keystone.server.flask.request_processing.middleware.auth_context [None req-415046a9-3385-4bd3-a134-07ebfcb8c00a None admin] RBAC: auth_context: {'token': <TokenModel (audit_id=d0r7U3aDR_69pzjnRY_pVA, audit_chain_id=['d0r7U3aDR_69pzjnRY_pVA']) at 0x7f4be81d20e0>, 'domain_id': None, 'trust_id': None, 'trustor_id': None, 'trustee_id': None, 'domain_name': None, 'group_ids': [], 'user_id': 'd004665740cd445f8f96167794915b69', 'user_domain_id': 'default', 'system_scope': 'all', 'project_id': None, 'project_domain_id': None, 'roles': ['admin', 'manager', 'member', 'reader'], 'is_admin_project': True, 'service_user_id': None, 'service_user_domain_id': None, 'service_project_id': None, 'service_project_domain_id': None, 'service_roles': []} {{(pid=81684) fill_context /opt/stack/keystone/keystone/server/flask/request_processing/middleware/auth_context.py:509}}
Mar 31 18:15:46 ubuntu devstack@keystone.service[81684]: DEBUG keystone.server.flask.request_processing.req_logging [None req-415046a9-3385-4bd3-a134-07ebfcb8c00a None admin] REQUEST_METHOD: `GET` {{(pid=81684) log_request_info /opt/stack/keystone/keystone/server/flask/request_processing/req_logging.py:26}}
Mar 31 18:15:46 ubuntu devstack@keystone.service[81684]: DEBUG keystone.server.flask.request_processing.req_logging [None req-415046a9-3385-4bd3-a134-07ebfcb8c00a None admin] SCRIPT_NAME: `/identity` {{(pid=81684) log_request_info /opt/stack/keystone/keystone/server/flask/request_processing/req_logging.py:27}}
Mar 31 18:15:46 ubuntu devstack@keystone.service[81684]: DEBUG keystone.server.flask.request_processing.req_logging [None req-415046a9-3385-4bd3-a134-07ebfcb8c00a None admin] PATH_INFO: `/v3/roles` {{(pid=81684) log_request_info /opt/stack/keystone/keystone/server/flask/request_processing/req_logging.py:28}}
Mar 31 18:15:46 ubuntu devstack@keystone.service[81684]: DEBUG keystone.common.rbac_enforcer.enforcer [None req-415046a9-3385-4bd3-a134-07ebfcb8c00a None admin] RBAC: Adding query filter params (name=admin) {{(pid=81684) _extract_filter_values /opt/stack/keystone/keystone/common/rbac_enforcer/enforcer.py:176}}
Mar 31 18:15:46 ubuntu devstack@keystone.service[81684]: DEBUG keystone.common.rbac_enforcer.enforcer [None req-415046a9-3385-4bd3-a134-07ebfcb8c00a None admin] RBAC: Authorizing `identity:list_roles()` {{(pid=81684) enforce_call /opt/stack/keystone/keystone/common/rbac_enforcer/enforcer.py:494}}
Mar 31 18:15:46 ubuntu devstack@keystone.service[81684]: DEBUG keystone.common.rbac_enforcer.enforcer [None req-415046a9-3385-4bd3-a134-07ebfcb8c00a None admin] RBAC: Authorization granted {{(pid=81684) enforce_call /opt/stack/keystone/keystone/common/rbac_enforcer/enforcer.py:505}}
Mar 31 18:15:46 ubuntu devstack@keystone.service[81684]: [pid: 81684|app: 0|req: 15/30] 10.201.5.82 () {56 vars in 1149 bytes} [Tue Mar 31 18:15:46 2026] GET /identity/v3/roles?name=admin => generated 339 bytes in 86 msecs (HTTP/1.1 200) 5 headers in 177 bytes (1 switches on core 0)
Mar 31 18:15:46 ubuntu devstack@keystone.service[81685]: DEBUG keystone.server.flask.request_processing.middleware.auth_context [None req-173af320-ee5c-4c05-8ab3-579a48cdbe43 None None] Authenticating user token {{(pid=81685) process_request /opt/stack/data/venv/lib/python3.10/site-packages/keystonemiddleware/auth_token/__init__.py:407}}
Mar 31 18:15:47 ubuntu devstack@keystone.service[81685]: DEBUG keystone.server.flask.request_processing.middleware.auth_context [None req-173af320-ee5c-4c05-8ab3-579a48cdbe43 None None] Validating token access rules against request {{(pid=81685) validate_allowed_request /opt/stack/data/venv/lib/python3.10/site-packages/keystonemiddleware/auth_token/__init__.py:545}}
Mar 31 18:15:47 ubuntu devstack@keystone.service[81685]: DEBUG keystone.server.flask.request_processing.middleware.auth_context [None req-426fb947-002b-40fc-886c-65cda9f570b3 None admin] RBAC: auth_context: {'token': <TokenModel (audit_id=d0r7U3aDR_69pzjnRY_pVA, audit_chain_id=['d0r7U3aDR_69pzjnRY_pVA']) at 0x7f4be754b250>, 'domain_id': None, 'trust_id': None, 'trustor_id': None, 'trustee_id': None, 'domain_name': None, 'group_ids': [], 'user_id': 'd004665740cd445f8f96167794915b69', 'user_domain_id': 'default', 'system_scope': 'all', 'project_id': None, 'project_domain_id': None, 'roles': ['admin', 'manager', 'member', 'reader'], 'is_admin_project': True, 'service_user_id': None, 'service_user_domain_id': None, 'service_project_id': None, 'service_project_domain_id': None, 'service_roles': []} {{(pid=81685) fill_context /opt/stack/keystone/keystone/server/flask/request_processing/middleware/auth_context.py:509}}
Mar 31 18:15:47 ubuntu devstack@keystone.service[81685]: DEBUG keystone.server.flask.request_processing.req_logging [None req-426fb947-002b-40fc-886c-65cda9f570b3 None admin] REQUEST_METHOD: `GET` {{(pid=81685) log_request_info /opt/stack/keystone/keystone/server/flask/request_processing/req_logging.py:26}}
Mar 31 18:15:47 ubuntu devstack@keystone.service[81685]: DEBUG keystone.server.flask.request_processing.req_logging [None req-426fb947-002b-40fc-886c-65cda9f570b3 None admin] SCRIPT_NAME: `/identity` {{(pid=81685) log_request_info /opt/stack/keystone/keystone/server/flask/request_processing/req_logging.py:27}}
Mar 31 18:15:47 ubuntu devstack@keystone.service[81685]: DEBUG keystone.server.flask.request_processing.req_logging [None req-426fb947-002b-40fc-886c-65cda9f570b3 None admin] PATH_INFO: `/v3/users/d004665740cd445f8f96167794915b69` {{(pid=81685) log_request_info /opt/stack/keystone/keystone/server/flask/request_processing/req_logging.py:28}}
Mar 31 18:15:47 ubuntu devstack@keystone.service[81685]: DEBUG keystone.common.rbac_enforcer.enforcer [None req-426fb947-002b-40fc-886c-65cda9f570b3 None admin] RBAC: Authorizing `identity:get_user(user_id=d004665740cd445f8f96167794915b69)` {{(pid=81685) enforce_call /opt/stack/keystone/keystone/common/rbac_enforcer/enforcer.py:494}}
Mar 31 18:15:47 ubuntu devstack@keystone.service[81685]: DEBUG keystone.common.rbac_enforcer.enforcer [None req-426fb947-002b-40fc-886c-65cda9f570b3 None admin] RBAC: Authorization granted {{(pid=81685) enforce_call /opt/stack/keystone/keystone/common/rbac_enforcer/enforcer.py:505}}
Mar 31 18:15:47 ubuntu devstack@keystone.service[81685]: [pid: 81685|app: 0|req: 16/31] 10.201.5.82 () {56 vars in 1214 bytes} [Tue Mar 31 18:15:46 2026] GET /identity/v3/users/d004665740cd445f8f96167794915b69 => generated 247 bytes in 58 msecs (HTTP/1.1 200) 5 headers in 177 bytes (1 switches on core 0)
Mar 31 18:15:47 ubuntu devstack@keystone.service[81684]: DEBUG keystone.server.flask.request_processing.middleware.auth_context [None req-415046a9-3385-4bd3-a134-07ebfcb8c00a None admin] Authenticating user token {{(pid=81684) process_request /opt/stack/data/venv/lib/python3.10/site-packages/keystonemiddleware/auth_token/__init__.py:407}}
Mar 31 18:15:47 ubuntu devstack@keystone.service[81685]: DEBUG keystone.server.flask.request_processing.req_logging [None req-630555fd-2bc3-4268-b278-1e9ea22e7213 None None] REQUEST_METHOD: `GET` {{(pid=81685) log_request_info /opt/stack/keystone/keystone/server/flask/request_processing/req_logging.py:26}}
Mar 31 18:15:47 ubuntu devstack@keystone.service[81685]: DEBUG keystone.server.flask.request_processing.req_logging [None req-630555fd-2bc3-4268-b278-1e9ea22e7213 None None] SCRIPT_NAME: `/identity` {{(pid=81685) log_request_info /opt/stack/keystone/keystone/server/flask/request_processing/req_logging.py:27}}
Mar 31 18:15:47 ubuntu devstack@keystone.service[81685]: DEBUG keystone.server.flask.request_processing.req_logging [None req-630555fd-2bc3-4268-b278-1e9ea22e7213 None None] PATH_INFO: `/` {{(pid=81685) log_request_info /opt/stack/keystone/keystone/server/flask/request_processing/req_logging.py:28}}
Mar 31 18:15:47 ubuntu devstack@keystone.service[81685]: [pid: 81685|app: 0|req: 17/32] 10.201.5.82 () {54 vars in 920 bytes} [Tue Mar 31 18:15:47 2026] GET /identity => generated 270 bytes in 2 msecs (HTTP/1.1 300) 6 headers in 234 bytes (1 switches on core 0)
Mar 31 18:15:47 ubuntu devstack@keystone.service[81685]: DEBUG keystone.server.flask.request_processing.req_logging [None req-3ceb3af4-5c78-4b5b-84fd-ca81bc341958 None None] REQUEST_METHOD: `POST` {{(pid=81685) log_request_info /opt/stack/keystone/keystone/server/flask/request_processing/req_logging.py:26}}
Mar 31 18:15:47 ubuntu devstack@keystone.service[81685]: DEBUG keystone.server.flask.request_processing.req_logging [None req-3ceb3af4-5c78-4b5b-84fd-ca81bc341958 None None] SCRIPT_NAME: `/identity` {{(pid=81685) log_request_info /opt/stack/keystone/keystone/server/flask/request_processing/req_logging.py:27}}
Mar 31 18:15:47 ubuntu devstack@keystone.service[81685]: DEBUG keystone.server.flask.request_processing.req_logging [None req-3ceb3af4-5c78-4b5b-84fd-ca81bc341958 None None] PATH_INFO: `/v3/auth/tokens` {{(pid=81685) log_request_info /opt/stack/keystone/keystone/server/flask/request_processing/req_logging.py:28}}
Mar 31 18:15:47 ubuntu devstack@keystone.service[81685]: WARNING keystone.common.password_hashing [None req-3ceb3af4-5c78-4b5b-84fd-ca81bc341958 None None] Truncating password to algorithm specific maximum length 72 characters.
Mar 31 18:15:47 ubuntu devstack@keystone.service[81684]: DEBUG keystone.server.flask.request_processing.middleware.auth_context [None req-415046a9-3385-4bd3-a134-07ebfcb8c00a None admin] Validating token access rules against request {{(pid=81684) validate_allowed_request /opt/stack/data/venv/lib/python3.10/site-packages/keystonemiddleware/auth_token/__init__.py:545}}
Mar 31 18:15:47 ubuntu devstack@keystone.service[81685]: DEBUG keystone.auth.core [None req-3ceb3af4-5c78-4b5b-84fd-ca81bc341958 None None] MFA Rules not processed for user `d004665740cd445f8f96167794915b69`. Rule list: `[]` (Enabled: `True`). {{(pid=81685) check_auth_methods_against_rules /opt/stack/keystone/keystone/auth/core.py:476}}
Mar 31 18:15:47 ubuntu devstack@keystone.service[81685]: DEBUG keystone.common.fernet_utils [None req-3ceb3af4-5c78-4b5b-84fd-ca81bc341958 None None] Loaded 2 Fernet keys from /etc/keystone/fernet-keys/, but `[fernet_tokens] max_active_keys = 3`; perhaps there have not been enough key rotations to reach `max_active_keys` yet? {{(pid=81685) load_keys /opt/stack/keystone/keystone/common/fernet_utils.py:297}}
Mar 31 18:15:47 ubuntu devstack@keystone.service[81684]: DEBUG keystone.server.flask.request_processing.middleware.auth_context [None req-0c1171e9-0c6c-45b5-bae7-a28b623529e7 None admin] RBAC: auth_context: {'token': <TokenModel (audit_id=d0r7U3aDR_69pzjnRY_pVA, audit_chain_id=['d0r7U3aDR_69pzjnRY_pVA']) at 0x7f4be7564310>, 'domain_id': None, 'trust_id': None, 'trustor_id': None, 'trustee_id': None, 'domain_name': None, 'group_ids': [], 'user_id': 'd004665740cd445f8f96167794915b69', 'user_domain_id': 'default', 'system_scope': 'all', 'project_id': None, 'project_domain_id': None, 'roles': ['admin', 'manager', 'member', 'reader'], 'is_admin_project': True, 'service_user_id': None, 'service_user_domain_id': None, 'service_project_id': None, 'service_project_domain_id': None, 'service_roles': []} {{(pid=81684) fill_context /opt/stack/keystone/keystone/server/flask/request_processing/middleware/auth_context.py:509}}
Mar 31 18:15:47 ubuntu devstack@keystone.service[81684]: DEBUG keystone.server.flask.request_processing.req_logging [None req-0c1171e9-0c6c-45b5-bae7-a28b623529e7 None admin] REQUEST_METHOD: `GET` {{(pid=81684) log_request_info /opt/stack/keystone/keystone/server/flask/request_processing/req_logging.py:26}}
Mar 31 18:15:47 ubuntu devstack@keystone.service[81684]: DEBUG keystone.server.flask.request_processing.req_logging [None req-0c1171e9-0c6c-45b5-bae7-a28b623529e7 None admin] SCRIPT_NAME: `/identity` {{(pid=81684) log_request_info /opt/stack/keystone/keystone/server/flask/request_processing/req_logging.py:27}}
Mar 31 18:15:47 ubuntu devstack@keystone.service[81684]: DEBUG keystone.server.flask.request_processing.req_logging [None req-0c1171e9-0c6c-45b5-bae7-a28b623529e7 None admin] PATH_INFO: `/v3/domains/default` {{(pid=81684) log_request_info /opt/stack/keystone/keystone/server/flask/request_processing/req_logging.py:28}}
Mar 31 18:15:47 ubuntu devstack@keystone.service[81684]: DEBUG keystone.common.rbac_enforcer.enforcer [None req-0c1171e9-0c6c-45b5-bae7-a28b623529e7 None admin] RBAC: Authorizing `identity:get_domain(domain_id=default)` {{(pid=81684) enforce_call /opt/stack/keystone/keystone/common/rbac_enforcer/enforcer.py:494}}
Mar 31 18:15:47 ubuntu devstack@keystone.service[81684]: DEBUG keystone.common.rbac_enforcer.enforcer [None req-0c1171e9-0c6c-45b5-bae7-a28b623529e7 None admin] RBAC: Authorization granted {{(pid=81684) enforce_call /opt/stack/keystone/keystone/common/rbac_enforcer/enforcer.py:505}}
Mar 31 18:15:47 ubuntu devstack@keystone.service[81684]: [pid: 81684|app: 0|req: 16/33] 10.201.5.82 () {56 vars in 1145 bytes} [Tue Mar 31 18:15:47 2026] GET /identity/v3/domains/default => generated 199 bytes in 78 msecs (HTTP/1.1 200) 5 headers in 177 bytes (1 switches on core 0)
Mar 31 18:15:47 ubuntu devstack@keystone.service[81684]: DEBUG keystone.server.flask.request_processing.middleware.auth_context [None req-0c1171e9-0c6c-45b5-bae7-a28b623529e7 None admin] Authenticating user token {{(pid=81684) process_request /opt/stack/data/venv/lib/python3.10/site-packages/keystonemiddleware/auth_token/__init__.py:407}}
Mar 31 18:15:47 ubuntu devstack@keystone.service[81685]: [pid: 81685|app: 0|req: 18/34] 10.201.5.82 () {58 vars in 1017 bytes} [Tue Mar 31 18:15:47 2026] POST /identity/v3/auth/tokens => generated 862 bytes in 69 msecs (HTTP/1.1 201) 6 headers in 363 bytes (2 switches on core 0)
Mar 31 18:15:47 ubuntu devstack@keystone.service[81685]: DEBUG keystone.server.flask.request_processing.middleware.auth_context [None req-3ceb3af4-5c78-4b5b-84fd-ca81bc341958 None None] Authenticating user token {{(pid=81685) process_request /opt/stack/data/venv/lib/python3.10/site-packages/keystonemiddleware/auth_token/__init__.py:407}}
Mar 31 18:15:47 ubuntu devstack@keystone.service[81684]: DEBUG keystone.server.flask.request_processing.middleware.auth_context [None req-0c1171e9-0c6c-45b5-bae7-a28b623529e7 None admin] Validating token access rules against request {{(pid=81684) validate_allowed_request /opt/stack/data/venv/lib/python3.10/site-packages/keystonemiddleware/auth_token/__init__.py:545}}
Mar 31 18:15:47 ubuntu devstack@keystone.service[81685]: DEBUG keystone.server.flask.request_processing.middleware.auth_context [None req-3ceb3af4-5c78-4b5b-84fd-ca81bc341958 None None] Validating token access rules against request {{(pid=81685) validate_allowed_request /opt/stack/data/venv/lib/python3.10/site-packages/keystonemiddleware/auth_token/__init__.py:545}}
Mar 31 18:15:47 ubuntu devstack@keystone.service[81684]: DEBUG keystone.server.flask.request_processing.middleware.auth_context [None req-0f234a15-508c-4bf8-bca1-8559d2e61829 None admin] RBAC: auth_context: {'token': <TokenModel (audit_id=EkHmHmAYTruMDtI99-9-Bg, audit_chain_id=['EkHmHmAYTruMDtI99-9-Bg']) at 0x7f4be7505300>, 'domain_id': None, 'trust_id': None, 'trustor_id': None, 'trustee_id': None, 'domain_name': None, 'group_ids': [], 'user_id': 'd004665740cd445f8f96167794915b69', 'user_domain_id': 'default', 'system_scope': 'all', 'project_id': None, 'project_domain_id': None, 'roles': ['admin', 'manager', 'member', 'reader'], 'is_admin_project': True, 'service_user_id': None, 'service_user_domain_id': None, 'service_project_id': None, 'service_project_domain_id': None, 'service_roles': []} {{(pid=81684) fill_context /opt/stack/keystone/keystone/server/flask/request_processing/middleware/auth_context.py:509}}
Mar 31 18:15:47 ubuntu devstack@keystone.service[81684]: DEBUG keystone.server.flask.request_processing.req_logging [None req-0f234a15-508c-4bf8-bca1-8559d2e61829 None admin] REQUEST_METHOD: `GET` {{(pid=81684) log_request_info /opt/stack/keystone/keystone/server/flask/request_processing/req_logging.py:26}}
Mar 31 18:15:47 ubuntu devstack@keystone.service[81684]: DEBUG keystone.server.flask.request_processing.req_logging [None req-0f234a15-508c-4bf8-bca1-8559d2e61829 None admin] SCRIPT_NAME: `/identity` {{(pid=81684) log_request_info /opt/stack/keystone/keystone/server/flask/request_processing/req_logging.py:27}}
Mar 31 18:15:47 ubuntu devstack@keystone.service[81684]: DEBUG keystone.server.flask.request_processing.req_logging [None req-0f234a15-508c-4bf8-bca1-8559d2e61829 None admin] PATH_INFO: `/v3/domains/Default` {{(pid=81684) log_request_info /opt/stack/keystone/keystone/server/flask/request_processing/req_logging.py:28}}
Mar 31 18:15:47 ubuntu devstack@keystone.service[81684]: DEBUG keystone.common.rbac_enforcer.enforcer [None req-0f234a15-508c-4bf8-bca1-8559d2e61829 None admin] RBAC: Authorizing `identity:get_domain(domain_id=Default)` {{(pid=81684) enforce_call /opt/stack/keystone/keystone/common/rbac_enforcer/enforcer.py:494}}
Mar 31 18:15:47 ubuntu devstack@keystone.service[81684]: DEBUG keystone.common.rbac_enforcer.enforcer [None req-0f234a15-508c-4bf8-bca1-8559d2e61829 None admin] RBAC: Authorization granted {{(pid=81684) enforce_call /opt/stack/keystone/keystone/common/rbac_enforcer/enforcer.py:505}}
Mar 31 18:15:47 ubuntu devstack@keystone.service[81685]: DEBUG keystone.server.flask.request_processing.middleware.auth_context [None req-749600fe-57be-4556-b385-f804f47b9f0d None admin] RBAC: auth_context: {'token': <TokenModel (audit_id=d0r7U3aDR_69pzjnRY_pVA, audit_chain_id=['d0r7U3aDR_69pzjnRY_pVA']) at 0x7f4be7f4dd20>, 'domain_id': None, 'trust_id': None, 'trustor_id': None, 'trustee_id': None, 'domain_name': None, 'group_ids': [], 'user_id': 'd004665740cd445f8f96167794915b69', 'user_domain_id': 'default', 'system_scope': 'all', 'project_id': None, 'project_domain_id': None, 'roles': ['admin', 'manager', 'member', 'reader'], 'is_admin_project': True, 'service_user_id': None, 'service_user_domain_id': None, 'service_project_id': None, 'service_project_domain_id': None, 'service_roles': []} {{(pid=81685) fill_context /opt/stack/keystone/keystone/server/flask/request_processing/middleware/auth_context.py:509}}
Mar 31 18:15:47 ubuntu devstack@keystone.service[81685]: DEBUG keystone.server.flask.request_processing.req_logging [None req-749600fe-57be-4556-b385-f804f47b9f0d None admin] REQUEST_METHOD: `GET` {{(pid=81685) log_request_info /opt/stack/keystone/keystone/server/flask/request_processing/req_logging.py:26}}
Mar 31 18:15:47 ubuntu devstack@keystone.service[81685]: DEBUG keystone.server.flask.request_processing.req_logging [None req-749600fe-57be-4556-b385-f804f47b9f0d None admin] SCRIPT_NAME: `/identity` {{(pid=81685) log_request_info /opt/stack/keystone/keystone/server/flask/request_processing/req_logging.py:27}}
Mar 31 18:15:47 ubuntu devstack@keystone.service[81685]: DEBUG keystone.server.flask.request_processing.req_logging [None req-749600fe-57be-4556-b385-f804f47b9f0d None admin] PATH_INFO: `/v3/role_assignments` {{(pid=81685) log_request_info /opt/stack/keystone/keystone/server/flask/request_processing/req_logging.py:28}}
Mar 31 18:15:47 ubuntu devstack@keystone.service[81685]: DEBUG keystone.common.rbac_enforcer.enforcer [None req-749600fe-57be-4556-b385-f804f47b9f0d None admin] RBAC: Adding query filter params (role.id=3f570ded10d34558b205efc403415186, scope.domain.id=default, user.id=d004665740cd445f8f96167794915b69) {{(pid=81685) _extract_filter_values /opt/stack/keystone/keystone/common/rbac_enforcer/enforcer.py:176}}
Mar 31 18:15:47 ubuntu devstack@keystone.service[81685]: DEBUG keystone.common.rbac_enforcer.enforcer [None req-749600fe-57be-4556-b385-f804f47b9f0d None admin] RBAC: Authorizing `identity:list_role_assignments()` {{(pid=81685) enforce_call /opt/stack/keystone/keystone/common/rbac_enforcer/enforcer.py:494}}
Mar 31 18:15:47 ubuntu devstack@keystone.service[81685]: DEBUG keystone.common.rbac_enforcer.enforcer [None req-749600fe-57be-4556-b385-f804f47b9f0d None admin] RBAC: Authorization granted {{(pid=81685) enforce_call /opt/stack/keystone/keystone/common/rbac_enforcer/enforcer.py:505}}
Mar 31 18:15:47 ubuntu devstack@keystone.service[81684]: DEBUG keystone.server.flask.application [None req-0f234a15-508c-4bf8-bca1-8559d2e61829 None admin] Could not find domain: Default. {{(pid=81684) _handle_keystone_exception /opt/stack/keystone/keystone/server/flask/application.py:146}}
Mar 31 18:15:47 ubuntu devstack@keystone.service[81684]: [pid: 81684|app: 0|req: 17/35] 10.201.5.82 () {56 vars in 1145 bytes} [Tue Mar 31 18:15:47 2026] GET /identity/v3/domains/Default => generated 87 bytes in 94 msecs (HTTP/1.1 404) 5 headers in 183 bytes (1 switches on core 0)
Mar 31 18:15:47 ubuntu devstack@keystone.service[81684]: DEBUG keystone.server.flask.request_processing.middleware.auth_context [None req-0f234a15-508c-4bf8-bca1-8559d2e61829 None admin] Authenticating user token {{(pid=81684) process_request /opt/stack/data/venv/lib/python3.10/site-packages/keystonemiddleware/auth_token/__init__.py:407}}
Mar 31 18:15:47 ubuntu devstack@keystone.service[81685]: [pid: 81685|app: 0|req: 19/36] 10.201.5.82 () {56 vars in 1372 bytes} [Tue Mar 31 18:15:47 2026] GET /identity/v3/role_assignments?role.id=3f570ded10d34558b205efc403415186&scope.domain.id=default&user.id=d004665740cd445f8f96167794915b69 => generated 530 bytes in 69 msecs (HTTP/1.1 200) 5 headers in 177 bytes (1 switches on core 0)
Mar 31 18:15:47 ubuntu devstack@keystone.service[81685]: DEBUG keystone.server.flask.request_processing.middleware.auth_context [None req-749600fe-57be-4556-b385-f804f47b9f0d None admin] Authenticating user token {{(pid=81685) process_request /opt/stack/data/venv/lib/python3.10/site-packages/keystonemiddleware/auth_token/__init__.py:407}}
Mar 31 18:15:47 ubuntu devstack@keystone.service[81685]: DEBUG keystone.server.flask.request_processing.middleware.auth_context [None req-749600fe-57be-4556-b385-f804f47b9f0d None admin] Validating token access rules against request {{(pid=81685) validate_allowed_request /opt/stack/data/venv/lib/python3.10/site-packages/keystonemiddleware/auth_token/__init__.py:545}}
Mar 31 18:15:47 ubuntu devstack@keystone.service[81684]: DEBUG keystone.server.flask.request_processing.middleware.auth_context [None req-0f234a15-508c-4bf8-bca1-8559d2e61829 None admin] Validating token access rules against request {{(pid=81684) validate_allowed_request /opt/stack/data/venv/lib/python3.10/site-packages/keystonemiddleware/auth_token/__init__.py:545}}
Mar 31 18:15:47 ubuntu devstack@keystone.service[81685]: DEBUG keystone.server.flask.request_processing.middleware.auth_context [None req-4530ab57-b4f8-4c5c-9db8-96d96e932140 None admin] RBAC: auth_context: {'token': <TokenModel (audit_id=EkHmHmAYTruMDtI99-9-Bg, audit_chain_id=['EkHmHmAYTruMDtI99-9-Bg']) at 0x7f4be7ed54b0>, 'domain_id': None, 'trust_id': None, 'trustor_id': None, 'trustee_id': None, 'domain_name': None, 'group_ids': [], 'user_id': 'd004665740cd445f8f96167794915b69', 'user_domain_id': 'default', 'system_scope': 'all', 'project_id': None, 'project_domain_id': None, 'roles': ['admin', 'manager', 'member', 'reader'], 'is_admin_project': True, 'service_user_id': None, 'service_user_domain_id': None, 'service_project_id': None, 'service_project_domain_id': None, 'service_roles': []} {{(pid=81685) fill_context /opt/stack/keystone/keystone/server/flask/request_processing/middleware/auth_context.py:509}}
Mar 31 18:15:47 ubuntu devstack@keystone.service[81685]: DEBUG keystone.server.flask.request_processing.req_logging [None req-4530ab57-b4f8-4c5c-9db8-96d96e932140 None admin] REQUEST_METHOD: `GET` {{(pid=81685) log_request_info /opt/stack/keystone/keystone/server/flask/request_processing/req_logging.py:26}}
Mar 31 18:15:47 ubuntu devstack@keystone.service[81685]: DEBUG keystone.server.flask.request_processing.req_logging [None req-4530ab57-b4f8-4c5c-9db8-96d96e932140 None admin] SCRIPT_NAME: `/identity` {{(pid=81685) log_request_info /opt/stack/keystone/keystone/server/flask/request_processing/req_logging.py:27}}
Mar 31 18:15:47 ubuntu devstack@keystone.service[81685]: DEBUG keystone.server.flask.request_processing.req_logging [None req-4530ab57-b4f8-4c5c-9db8-96d96e932140 None admin] PATH_INFO: `/v3/domains` {{(pid=81685) log_request_info /opt/stack/keystone/keystone/server/flask/request_processing/req_logging.py:28}}
Mar 31 18:15:47 ubuntu devstack@keystone.service[81685]: DEBUG keystone.common.rbac_enforcer.enforcer [None req-4530ab57-b4f8-4c5c-9db8-96d96e932140 None admin] RBAC: Adding query filter params (name=Default) {{(pid=81685) _extract_filter_values /opt/stack/keystone/keystone/common/rbac_enforcer/enforcer.py:176}}
Mar 31 18:15:47 ubuntu devstack@keystone.service[81685]: DEBUG keystone.common.rbac_enforcer.enforcer [None req-4530ab57-b4f8-4c5c-9db8-96d96e932140 None admin] RBAC: Authorizing `identity:list_domains()` {{(pid=81685) enforce_call /opt/stack/keystone/keystone/common/rbac_enforcer/enforcer.py:494}}
Mar 31 18:15:47 ubuntu devstack@keystone.service[81685]: DEBUG keystone.common.rbac_enforcer.enforcer [None req-4530ab57-b4f8-4c5c-9db8-96d96e932140 None admin] RBAC: Authorization granted {{(pid=81685) enforce_call /opt/stack/keystone/keystone/common/rbac_enforcer/enforcer.py:505}}
Mar 31 18:15:47 ubuntu devstack@keystone.service[81685]: [pid: 81685|app: 0|req: 20/37] 10.201.5.82 () {56 vars in 1159 bytes} [Tue Mar 31 18:15:47 2026] GET /identity/v3/domains?name=Default => generated 308 bytes in 117 msecs (HTTP/1.1 200) 5 headers in 177 bytes (1 switches on core 0)
Mar 31 18:15:47 ubuntu devstack@keystone.service[81685]: DEBUG keystone.server.flask.request_processing.middleware.auth_context [None req-4530ab57-b4f8-4c5c-9db8-96d96e932140 None admin] Authenticating user token {{(pid=81685) process_request /opt/stack/data/venv/lib/python3.10/site-packages/keystonemiddleware/auth_token/__init__.py:407}}
Mar 31 18:15:47 ubuntu devstack@keystone.service[81684]: DEBUG keystone.server.flask.request_processing.middleware.auth_context [None req-1b7bc76e-a23f-4d0a-a637-a6f462b9468b None admin] RBAC: auth_context: {'token': <TokenModel (audit_id=92dxxIqkSp-QUDKunOx9HQ, audit_chain_id=['92dxxIqkSp-QUDKunOx9HQ']) at 0x7f4be7565270>, 'domain_id': None, 'trust_id': None, 'trustor_id': None, 'trustee_id': None, 'domain_name': None, 'group_ids': [], 'user_id': 'd004665740cd445f8f96167794915b69', 'user_domain_id': 'default', 'system_scope': 'all', 'project_id': None, 'project_domain_id': None, 'roles': ['admin', 'manager', 'member', 'reader'], 'is_admin_project': True, 'service_user_id': None, 'service_user_domain_id': None, 'service_project_id': None, 'service_project_domain_id': None, 'service_roles': []} {{(pid=81684) fill_context /opt/stack/keystone/keystone/server/flask/request_processing/middleware/auth_context.py:509}}
Mar 31 18:15:47 ubuntu devstack@keystone.service[81684]: DEBUG keystone.server.flask.request_processing.req_logging [None req-1b7bc76e-a23f-4d0a-a637-a6f462b9468b None admin] REQUEST_METHOD: `POST` {{(pid=81684) log_request_info /opt/stack/keystone/keystone/server/flask/request_processing/req_logging.py:26}}
Mar 31 18:15:47 ubuntu devstack@keystone.service[81684]: DEBUG keystone.server.flask.request_processing.req_logging [None req-1b7bc76e-a23f-4d0a-a637-a6f462b9468b None admin] SCRIPT_NAME: `/identity` {{(pid=81684) log_request_info /opt/stack/keystone/keystone/server/flask/request_processing/req_logging.py:27}}
Mar 31 18:15:47 ubuntu devstack@keystone.service[81684]: DEBUG keystone.server.flask.request_processing.req_logging [None req-1b7bc76e-a23f-4d0a-a637-a6f462b9468b None admin] PATH_INFO: `/v3/roles` {{(pid=81684) log_request_info /opt/stack/keystone/keystone/server/flask/request_processing/req_logging.py:28}}
Mar 31 18:15:47 ubuntu devstack@keystone.service[81684]: DEBUG keystone.common.rbac_enforcer.enforcer [None req-1b7bc76e-a23f-4d0a-a637-a6f462b9468b None admin] RBAC: Authorizing `identity:create_role()` {{(pid=81684) enforce_call /opt/stack/keystone/keystone/common/rbac_enforcer/enforcer.py:494}}
Mar 31 18:15:47 ubuntu devstack@keystone.service[81684]: DEBUG keystone.common.rbac_enforcer.enforcer [None req-1b7bc76e-a23f-4d0a-a637-a6f462b9468b None admin] RBAC: Authorization granted {{(pid=81684) enforce_call /opt/stack/keystone/keystone/common/rbac_enforcer/enforcer.py:505}}
Mar 31 18:15:47 ubuntu devstack@keystone.service[81684]: DEBUG keystone.common.sql.core [None req-1b7bc76e-a23f-4d0a-a637-a6f462b9468b None admin] Conflict role: (pymysql.err.IntegrityError) (1062, "Duplicate entry 'service-<<null>>' for key 'role.ixu_role_name_domain_id'")
Mar 31 18:15:47 ubuntu devstack@keystone.service[81684]: [SQL: INSERT INTO `role` (id, name, description, extra) VALUES (%(id)s, %(name)s, %(description)s, %(extra)s)]
Mar 31 18:15:47 ubuntu devstack@keystone.service[81684]: [parameters: {'id': 'bbf02cb50a4a4555a91055244ed56d1c', 'name': 'service', 'description': None, 'extra': '{}'}]
Mar 31 18:15:47 ubuntu devstack@keystone.service[81684]: (Background on this error at: https://sqlalche.me/e/20/gkpj) {{(pid=81684) wrapper /opt/stack/keystone/keystone/common/sql/core.py:580}}
Mar 31 18:15:47 ubuntu devstack@keystone.service[81684]: ERROR keystone.server.flask.application [None req-1b7bc76e-a23f-4d0a-a637-a6f462b9468b None admin] Conflict occurred attempting to store role - Duplicate entry found with name service.: keystone.exception.Conflict: Conflict occurred attempting to store role - Duplicate entry found with name service.
Mar 31 18:15:47 ubuntu devstack@keystone.service[81684]: ERROR keystone.server.flask.application Traceback (most recent call last):
Mar 31 18:15:47 ubuntu devstack@keystone.service[81684]: ERROR keystone.server.flask.application   File "/opt/stack/data/venv/lib/python3.10/site-packages/sqlalchemy/engine/base.py", line 1967, in _exec_single_context
Mar 31 18:15:47 ubuntu devstack@keystone.service[81684]: ERROR keystone.server.flask.application     self.dialect.do_execute(
Mar 31 18:15:47 ubuntu devstack@keystone.service[81684]: ERROR keystone.server.flask.application   File "/opt/stack/data/venv/lib/python3.10/site-packages/sqlalchemy/engine/default.py", line 952, in do_execute
Mar 31 18:15:47 ubuntu devstack@keystone.service[81684]: ERROR keystone.server.flask.application     cursor.execute(statement, parameters)
Mar 31 18:15:47 ubuntu devstack@keystone.service[81684]: ERROR keystone.server.flask.application   File "/opt/stack/data/venv/lib/python3.10/site-packages/pymysql/cursors.py", line 153, in execute
Mar 31 18:15:47 ubuntu devstack@keystone.service[81684]: ERROR keystone.server.flask.application     result = self._query(query)
Mar 31 18:15:47 ubuntu devstack@keystone.service[81684]: ERROR keystone.server.flask.application   File "/opt/stack/data/venv/lib/python3.10/site-packages/pymysql/cursors.py", line 322, in _query
Mar 31 18:15:47 ubuntu devstack@keystone.service[81684]: ERROR keystone.server.flask.application     conn.query(q)
Mar 31 18:15:47 ubuntu devstack@keystone.service[81684]: ERROR keystone.server.flask.application   File "/opt/stack/data/venv/lib/python3.10/site-packages/pymysql/connections.py", line 575, in query
Mar 31 18:15:47 ubuntu devstack@keystone.service[81684]: ERROR keystone.server.flask.application     self._affected_rows = self._read_query_result(unbuffered=unbuffered)
Mar 31 18:15:47 ubuntu devstack@keystone.service[81684]: ERROR keystone.server.flask.application   File "/opt/stack/data/venv/lib/python3.10/site-packages/pymysql/connections.py", line 826, in _read_query_result
Mar 31 18:15:47 ubuntu devstack@keystone.service[81684]: ERROR keystone.server.flask.application     result.read()
Mar 31 18:15:47 ubuntu devstack@keystone.service[81684]: ERROR keystone.server.flask.application   File "/opt/stack/data/venv/lib/python3.10/site-packages/pymysql/connections.py", line 1203, in read
Mar 31 18:15:47 ubuntu devstack@keystone.service[81684]: ERROR keystone.server.flask.application     first_packet = self.connection._read_packet()
Mar 31 18:15:47 ubuntu devstack@keystone.service[81684]: ERROR keystone.server.flask.application   File "/opt/stack/data/venv/lib/python3.10/site-packages/pymysql/connections.py", line 782, in _read_packet
Mar 31 18:15:47 ubuntu devstack@keystone.service[81684]: ERROR keystone.server.flask.application     packet.raise_for_error()
Mar 31 18:15:47 ubuntu devstack@keystone.service[81684]: ERROR keystone.server.flask.application   File "/opt/stack/data/venv/lib/python3.10/site-packages/pymysql/protocol.py", line 219, in raise_for_error
Mar 31 18:15:47 ubuntu devstack@keystone.service[81684]: ERROR keystone.server.flask.application     err.raise_mysql_exception(self._data)
Mar 31 18:15:47 ubuntu devstack@keystone.service[81684]: ERROR keystone.server.flask.application   File "/opt/stack/data/venv/lib/python3.10/site-packages/pymysql/err.py", line 150, in raise_mysql_exception
Mar 31 18:15:47 ubuntu devstack@keystone.service[81684]: ERROR keystone.server.flask.application     raise errorclass(errno, errval)
Mar 31 18:15:47 ubuntu devstack@keystone.service[81684]: ERROR keystone.server.flask.application pymysql.err.IntegrityError: (1062, "Duplicate entry 'service-<<null>>' for key 'role.ixu_role_name_domain_id'")
Mar 31 18:15:47 ubuntu devstack@keystone.service[81684]: ERROR keystone.server.flask.application 
Mar 31 18:15:47 ubuntu devstack@keystone.service[81684]: ERROR keystone.server.flask.application The above exception was the direct cause of the following exception:
Mar 31 18:15:47 ubuntu devstack@keystone.service[81684]: ERROR keystone.server.flask.application 
Mar 31 18:15:47 ubuntu devstack@keystone.service[81684]: ERROR keystone.server.flask.application Traceback (most recent call last):
Mar 31 18:15:47 ubuntu devstack@keystone.service[81684]: ERROR keystone.server.flask.application   File "/opt/stack/keystone/keystone/common/sql/core.py", line 575, in wrapper
Mar 31 18:15:47 ubuntu devstack@keystone.service[81684]: ERROR keystone.server.flask.application     return method(*args, **kwargs)
Mar 31 18:15:47 ubuntu devstack@keystone.service[81684]: ERROR keystone.server.flask.application   File "/opt/stack/keystone/keystone/assignment/role_backends/sql.py", line 25, in create_role
Mar 31 18:15:47 ubuntu devstack@keystone.service[81684]: ERROR keystone.server.flask.application     with sql.session_for_write() as session:
Mar 31 18:15:47 ubuntu devstack@keystone.service[81684]: ERROR keystone.server.flask.application   File "/usr/lib/python3.10/contextlib.py", line 142, in __exit__
Mar 31 18:15:47 ubuntu devstack@keystone.service[81684]: ERROR keystone.server.flask.application     next(self.gen)
Mar 31 18:15:47 ubuntu devstack@keystone.service[81684]: ERROR keystone.server.flask.application   File "/opt/stack/data/venv/lib/python3.10/site-packages/oslo_db/sqlalchemy/enginefacade.py", line 1175, in _transaction_scope
Mar 31 18:15:47 ubuntu devstack@keystone.service[81684]: ERROR keystone.server.flask.application     with current._produce_block(
Mar 31 18:15:47 ubuntu devstack@keystone.service[81684]: ERROR keystone.server.flask.application   File "/usr/lib/python3.10/contextlib.py", line 142, in __exit__
Mar 31 18:15:47 ubuntu devstack@keystone.service[81684]: ERROR keystone.server.flask.application     next(self.gen)
Mar 31 18:15:47 ubuntu devstack@keystone.service[81684]: ERROR keystone.server.flask.application   File "/opt/stack/data/venv/lib/python3.10/site-packages/oslo_db/sqlalchemy/enginefacade.py", line 837, in _session
Mar 31 18:15:47 ubuntu devstack@keystone.service[81684]: ERROR keystone.server.flask.application     with excutils.save_and_reraise_exception():
Mar 31 18:15:47 ubuntu devstack@keystone.service[81684]: ERROR keystone.server.flask.application   File "/opt/stack/data/venv/lib/python3.10/site-packages/oslo_utils/excutils.py", line 267, in __exit__
Mar 31 18:15:47 ubuntu devstack@keystone.service[81684]: ERROR keystone.server.flask.application     self.force_reraise()
Mar 31 18:15:47 ubuntu devstack@keystone.service[81684]: ERROR keystone.server.flask.application   File "/opt/stack/data/venv/lib/python3.10/site-packages/oslo_utils/excutils.py", line 233, in force_reraise
Mar 31 18:15:47 ubuntu devstack@keystone.service[81684]: ERROR keystone.server.flask.application     raise self.value
Mar 31 18:15:47 ubuntu devstack@keystone.service[81684]: ERROR keystone.server.flask.application   File "/opt/stack/data/venv/lib/python3.10/site-packages/oslo_db/sqlalchemy/enginefacade.py", line 835, in _session
