Feb 20 09:35:23 ubuntu devstack@c-api.service[130524]: DEBUG cinder.api.extensions [-] Calling extension factory cinder.api.contrib.volume_host_attribute.Volume_host_attribute {{(pid=130524) load_extension /opt/stack/cinder/cinder/api/extensions.py:200}}
Feb 20 09:35:23 ubuntu devstack@c-api.service[130523]: DEBUG cinder.api.extensions [-] Loaded extension: os-extended-snapshot-attributes {{(pid=130523) register /opt/stack/cinder/cinder/api/extensions.py:135}}
Feb 20 09:35:23 ubuntu devstack@c-api.service[130524]: DEBUG cinder.api.extensions [-] Ext name: VolumeHostAttribute {{(pid=130524) _check_extension /opt/stack/cinder/cinder/api/extensions.py:174}}
Feb 20 09:35:23 ubuntu devstack@c-api.service[130523]: DEBUG cinder.api.extensions [-] Loading extension cinder.api.contrib.availability_zones.Availability_zones {{(pid=130523) load_extension /opt/stack/cinder/cinder/api/extensions.py:194}}
Feb 20 09:35:23 ubuntu devstack@c-api.service[130524]: DEBUG cinder.api.extensions [-] Ext alias: os-vol-host-attr {{(pid=130524) _check_extension /opt/stack/cinder/cinder/api/extensions.py:175}}
Feb 20 09:35:23 ubuntu devstack@c-api.service[130524]: DEBUG cinder.api.extensions [-] Ext description: Expose host as an attribute of a volume. {{(pid=130524) _check_extension /opt/stack/cinder/cinder/api/extensions.py:176}}
Feb 20 09:35:23 ubuntu devstack@c-api.service[130524]: DEBUG cinder.api.extensions [-] Ext updated: 2011-11-03T00:00:00+00:00 {{(pid=130524) _check_extension /opt/stack/cinder/cinder/api/extensions.py:178}}
Feb 20 09:35:23 ubuntu devstack@c-api.service[130524]: DEBUG cinder.api.extensions [-] Loaded extension: os-vol-host-attr {{(pid=130524) register /opt/stack/cinder/cinder/api/extensions.py:135}}
Feb 20 09:35:23 ubuntu devstack@c-api.service[130523]: DEBUG cinder.api.extensions [-] Calling extension factory cinder.api.contrib.availability_zones.Availability_zones {{(pid=130523) load_extension /opt/stack/cinder/cinder/api/extensions.py:200}}
Feb 20 09:35:23 ubuntu devstack@c-api.service[130523]: DEBUG cinder.api.extensions [-] Ext name: AvailabilityZones {{(pid=130523) _check_extension /opt/stack/cinder/cinder/api/extensions.py:174}}
Feb 20 09:35:23 ubuntu devstack@c-api.service[130523]: DEBUG cinder.api.extensions [-] Ext alias: os-availability-zone {{(pid=130523) _check_extension /opt/stack/cinder/cinder/api/extensions.py:175}}
Feb 20 09:35:23 ubuntu devstack@c-api.service[130523]: DEBUG cinder.api.extensions [-] Ext description: Describe Availability Zones. {{(pid=130523) _check_extension /opt/stack/cinder/cinder/api/extensions.py:176}}
Feb 20 09:35:23 ubuntu devstack@c-api.service[130523]: DEBUG cinder.api.extensions [-] Ext updated: 2013-06-27T00:00:00+00:00 {{(pid=130523) _check_extension /opt/stack/cinder/cinder/api/extensions.py:178}}
Feb 20 09:35:23 ubuntu devstack@c-api.service[130523]: DEBUG cinder.api.extensions [-] Loaded extension: os-availability-zone {{(pid=130523) register /opt/stack/cinder/cinder/api/extensions.py:135}}
Feb 20 09:35:23 ubuntu devstack@c-api.service[130523]: DEBUG cinder.api.extensions [-] Loading extension cinder.api.contrib.scheduler_hints.Scheduler_hints {{(pid=130523) load_extension /opt/stack/cinder/cinder/api/extensions.py:194}}
Feb 20 09:35:23 ubuntu devstack@c-api.service[130523]: DEBUG cinder.api.extensions [-] Calling extension factory cinder.api.contrib.scheduler_hints.Scheduler_hints {{(pid=130523) load_extension /opt/stack/cinder/cinder/api/extensions.py:200}}
Feb 20 09:35:23 ubuntu devstack@c-api.service[130523]: DEBUG cinder.api.extensions [-] Ext name: SchedulerHints {{(pid=130523) _check_extension /opt/stack/cinder/cinder/api/extensions.py:174}}
Feb 20 09:35:23 ubuntu devstack@c-api.service[130523]: DEBUG cinder.api.extensions [-] Ext alias: OS-SCH-HNT {{(pid=130523) _check_extension /opt/stack/cinder/cinder/api/extensions.py:175}}
Feb 20 09:35:23 ubuntu devstack@c-api.service[130523]: DEBUG cinder.api.extensions [-] Ext description: Pass arbitrary key/value pairs to the scheduler. {{(pid=130523) _check_extension /opt/stack/cinder/cinder/api/extensions.py:176}}
Feb 20 09:35:23 ubuntu devstack@c-api.service[130523]: DEBUG cinder.api.extensions [-] Ext updated: 2013-04-18T00:00:00+00:00 {{(pid=130523) _check_extension /opt/stack/cinder/cinder/api/extensions.py:178}}
Feb 20 09:35:23 ubuntu devstack@c-api.service[130523]: DEBUG cinder.api.extensions [-] Loaded extension: OS-SCH-HNT {{(pid=130523) register /opt/stack/cinder/cinder/api/extensions.py:135}}
Feb 20 09:35:23 ubuntu devstack@c-api.service[130523]: DEBUG cinder.api.extensions [-] Loading extension cinder.api.contrib.volume_host_attribute.Volume_host_attribute {{(pid=130523) load_extension /opt/stack/cinder/cinder/api/extensions.py:194}}
Feb 20 09:35:23 ubuntu devstack@c-api.service[130523]: DEBUG cinder.api.extensions [-] Calling extension factory cinder.api.contrib.volume_host_attribute.Volume_host_attribute {{(pid=130523) load_extension /opt/stack/cinder/cinder/api/extensions.py:200}}
Feb 20 09:35:23 ubuntu devstack@c-api.service[130523]: DEBUG cinder.api.extensions [-] Ext name: VolumeHostAttribute {{(pid=130523) _check_extension /opt/stack/cinder/cinder/api/extensions.py:174}}
Feb 20 09:35:23 ubuntu devstack@c-api.service[130523]: DEBUG cinder.api.extensions [-] Ext alias: os-vol-host-attr {{(pid=130523) _check_extension /opt/stack/cinder/cinder/api/extensions.py:175}}
Feb 20 09:35:23 ubuntu devstack@c-api.service[130523]: DEBUG cinder.api.extensions [-] Ext description: Expose host as an attribute of a volume. {{(pid=130523) _check_extension /opt/stack/cinder/cinder/api/extensions.py:176}}
Feb 20 09:35:23 ubuntu devstack@c-api.service[130523]: DEBUG cinder.api.extensions [-] Ext updated: 2011-11-03T00:00:00+00:00 {{(pid=130523) _check_extension /opt/stack/cinder/cinder/api/extensions.py:178}}
Feb 20 09:35:23 ubuntu devstack@c-api.service[130523]: DEBUG cinder.api.extensions [-] Loaded extension: os-vol-host-attr {{(pid=130523) register /opt/stack/cinder/cinder/api/extensions.py:135}}
Feb 20 09:35:23 ubuntu devstack@c-api.service[130524]: INFO dbcounter [None req-ba1aac96-bbd4-4b5e-9e65-a1193961d9ca None None] Registered counter for database cinder
Feb 20 09:35:23 ubuntu devstack@c-api.service[130524]: DEBUG oslo_db.sqlalchemy.engines [None req-ba1aac96-bbd4-4b5e-9e65-a1193961d9ca None None] MySQL server mode set to STRICT_TRANS_TABLES,STRICT_ALL_TABLES,NO_ZERO_IN_DATE,NO_ZERO_DATE,ERROR_FOR_DIVISION_BY_ZERO,TRADITIONAL,NO_ENGINE_SUBSTITUTION {{(pid=130524) _check_effective_sql_mode /opt/stack/data/venv/lib/python3.10/site-packages/oslo_db/sqlalchemy/engines.py:325}}
Feb 20 09:35:23 ubuntu devstack@c-api.service[130523]: INFO dbcounter [None req-841beac3-809c-4be2-b600-1f7e3de4f8c5 None None] Registered counter for database cinder
Feb 20 09:35:23 ubuntu devstack@c-api.service[130523]: DEBUG oslo_db.sqlalchemy.engines [None req-841beac3-809c-4be2-b600-1f7e3de4f8c5 None None] MySQL server mode set to STRICT_TRANS_TABLES,STRICT_ALL_TABLES,NO_ZERO_IN_DATE,NO_ZERO_DATE,ERROR_FOR_DIVISION_BY_ZERO,TRADITIONAL,NO_ENGINE_SUBSTITUTION {{(pid=130523) _check_effective_sql_mode /opt/stack/data/venv/lib/python3.10/site-packages/oslo_db/sqlalchemy/engines.py:325}}
Feb 20 09:35:23 ubuntu devstack@c-api.service[130524]: DEBUG dbcounter [-] [130524] Writer thread running {{(pid=130524) stat_writer /opt/stack/data/venv/lib/python3.10/site-packages/dbcounter.py:102}}
Feb 20 09:35:23 ubuntu devstack@c-api.service[130524]: INFO cinder.rpc [None req-ba1aac96-bbd4-4b5e-9e65-a1193961d9ca None None] Automatically selected cinder-scheduler objects version 1.39 as minimum service version.
Feb 20 09:35:23 ubuntu devstack@c-api.service[130524]: INFO cinder.rpc [None req-ba1aac96-bbd4-4b5e-9e65-a1193961d9ca None None] Automatically selected cinder-scheduler RPC version 3.12 as minimum service version.
Feb 20 09:35:23 ubuntu devstack@c-api.service[130524]: INFO cinder.rpc [None req-ba1aac96-bbd4-4b5e-9e65-a1193961d9ca None None] Automatically selected cinder-volume objects version 1.39 as minimum service version.
Feb 20 09:35:23 ubuntu devstack@c-api.service[130524]: INFO cinder.rpc [None req-ba1aac96-bbd4-4b5e-9e65-a1193961d9ca None None] Automatically selected cinder-volume RPC version 3.20 as minimum service version.
Feb 20 09:35:23 ubuntu devstack@c-api.service[130524]: WARNING stevedore.named [None req-ba1aac96-bbd4-4b5e-9e65-a1193961d9ca None None] Could not load cinder.keymgr.conf_key_mgr.ConfKeyManager
Feb 20 09:35:23 ubuntu devstack@c-api.service[130524]: WARNING castellan.key_manager [None req-ba1aac96-bbd4-4b5e-9e65-a1193961d9ca None None] Deprecation Warning : cinder.keymgr.conf_key_mgr.ConfKeyManager is not a stevedore based driver, trying to load it as a class: stevedore.exception.NoMatches: No 'castellan.drivers' driver found, looking for 'cinder.keymgr.conf_key_mgr.ConfKeyManager'
Feb 20 09:35:23 ubuntu devstack@c-api.service[130524]: WARNING cinder.keymgr.conf_key_mgr [None req-ba1aac96-bbd4-4b5e-9e65-a1193961d9ca None None] This key manager is insecure and is not recommended for production deployments: stevedore.exception.NoMatches: No 'castellan.drivers' driver found, looking for 'cinder.keymgr.conf_key_mgr.ConfKeyManager'
Feb 20 09:35:23 ubuntu devstack@c-api.service[130524]: WARNING stevedore.named [None req-ba1aac96-bbd4-4b5e-9e65-a1193961d9ca None None] Could not load cinder.keymgr.conf_key_mgr.ConfKeyManager
Feb 20 09:35:23 ubuntu devstack@c-api.service[130524]: WARNING castellan.key_manager [None req-ba1aac96-bbd4-4b5e-9e65-a1193961d9ca None None] Deprecation Warning : cinder.keymgr.conf_key_mgr.ConfKeyManager is not a stevedore based driver, trying to load it as a class: stevedore.exception.NoMatches: No 'castellan.drivers' driver found, looking for 'cinder.keymgr.conf_key_mgr.ConfKeyManager'
Feb 20 09:35:23 ubuntu devstack@c-api.service[130524]: DEBUG oslo_db.sqlalchemy.engines [None req-ba1aac96-bbd4-4b5e-9e65-a1193961d9ca None None] MySQL server mode set to STRICT_TRANS_TABLES,STRICT_ALL_TABLES,NO_ZERO_IN_DATE,NO_ZERO_DATE,ERROR_FOR_DIVISION_BY_ZERO,TRADITIONAL,NO_ENGINE_SUBSTITUTION {{(pid=130524) _check_effective_sql_mode /opt/stack/data/venv/lib/python3.10/site-packages/oslo_db/sqlalchemy/engines.py:325}}
Feb 20 09:35:23 ubuntu devstack@c-api.service[130524]: INFO cinder.rpc [None req-ba1aac96-bbd4-4b5e-9e65-a1193961d9ca None None] Automatically selected cinder-backup objects version 1.39 as minimum service version.
Feb 20 09:35:23 ubuntu devstack@c-api.service[130524]: INFO cinder.rpc [None req-ba1aac96-bbd4-4b5e-9e65-a1193961d9ca None None] Automatically selected cinder-backup RPC version 2.4 as minimum service version.
Feb 20 09:35:23 ubuntu devstack@c-api.service[130524]: WARNING stevedore.named [None req-ba1aac96-bbd4-4b5e-9e65-a1193961d9ca None None] Could not load cinder.keymgr.conf_key_mgr.ConfKeyManager
Feb 20 09:35:23 ubuntu devstack@c-api.service[130524]: WARNING castellan.key_manager [None req-ba1aac96-bbd4-4b5e-9e65-a1193961d9ca None None] Deprecation Warning : cinder.keymgr.conf_key_mgr.ConfKeyManager is not a stevedore based driver, trying to load it as a class: stevedore.exception.NoMatches: No 'castellan.drivers' driver found, looking for 'cinder.keymgr.conf_key_mgr.ConfKeyManager'
Feb 20 09:35:23 ubuntu devstack@c-api.service[130524]: WARNING stevedore.named [None req-ba1aac96-bbd4-4b5e-9e65-a1193961d9ca None None] Could not load cinder.keymgr.conf_key_mgr.ConfKeyManager
Feb 20 09:35:23 ubuntu devstack@c-api.service[130524]: WARNING castellan.key_manager [None req-ba1aac96-bbd4-4b5e-9e65-a1193961d9ca None None] Deprecation Warning : cinder.keymgr.conf_key_mgr.ConfKeyManager is not a stevedore based driver, trying to load it as a class: stevedore.exception.NoMatches: No 'castellan.drivers' driver found, looking for 'cinder.keymgr.conf_key_mgr.ConfKeyManager'
Feb 20 09:35:23 ubuntu devstack@c-api.service[130524]: WARNING stevedore.named [None req-ba1aac96-bbd4-4b5e-9e65-a1193961d9ca None None] Could not load cinder.keymgr.conf_key_mgr.ConfKeyManager
Feb 20 09:35:23 ubuntu devstack@c-api.service[130524]: WARNING castellan.key_manager [None req-ba1aac96-bbd4-4b5e-9e65-a1193961d9ca None None] Deprecation Warning : cinder.keymgr.conf_key_mgr.ConfKeyManager is not a stevedore based driver, trying to load it as a class: stevedore.exception.NoMatches: No 'castellan.drivers' driver found, looking for 'cinder.keymgr.conf_key_mgr.ConfKeyManager'
Feb 20 09:35:23 ubuntu devstack@c-api.service[130524]: WARNING stevedore.named [None req-ba1aac96-bbd4-4b5e-9e65-a1193961d9ca None None] Could not load cinder.keymgr.conf_key_mgr.ConfKeyManager
Feb 20 09:35:23 ubuntu devstack@c-api.service[130524]: WARNING castellan.key_manager [None req-ba1aac96-bbd4-4b5e-9e65-a1193961d9ca None None] Deprecation Warning : cinder.keymgr.conf_key_mgr.ConfKeyManager is not a stevedore based driver, trying to load it as a class: stevedore.exception.NoMatches: No 'castellan.drivers' driver found, looking for 'cinder.keymgr.conf_key_mgr.ConfKeyManager'
Feb 20 09:35:23 ubuntu devstack@c-api.service[130524]: WARNING stevedore.named [None req-ba1aac96-bbd4-4b5e-9e65-a1193961d9ca None None] Could not load cinder.keymgr.conf_key_mgr.ConfKeyManager
Feb 20 09:35:23 ubuntu devstack@c-api.service[130524]: WARNING castellan.key_manager [None req-ba1aac96-bbd4-4b5e-9e65-a1193961d9ca None None] Deprecation Warning : cinder.keymgr.conf_key_mgr.ConfKeyManager is not a stevedore based driver, trying to load it as a class: stevedore.exception.NoMatches: No 'castellan.drivers' driver found, looking for 'cinder.keymgr.conf_key_mgr.ConfKeyManager'
Feb 20 09:35:23 ubuntu devstack@c-api.service[130524]: WARNING stevedore.named [None req-ba1aac96-bbd4-4b5e-9e65-a1193961d9ca None None] Could not load cinder.keymgr.conf_key_mgr.ConfKeyManager
Feb 20 09:35:23 ubuntu devstack@c-api.service[130524]: WARNING castellan.key_manager [None req-ba1aac96-bbd4-4b5e-9e65-a1193961d9ca None None] Deprecation Warning : cinder.keymgr.conf_key_mgr.ConfKeyManager is not a stevedore based driver, trying to load it as a class: stevedore.exception.NoMatches: No 'castellan.drivers' driver found, looking for 'cinder.keymgr.conf_key_mgr.ConfKeyManager'
Feb 20 09:35:23 ubuntu devstack@c-api.service[130524]: WARNING stevedore.named [None req-ba1aac96-bbd4-4b5e-9e65-a1193961d9ca None None] Could not load cinder.keymgr.conf_key_mgr.ConfKeyManager
Feb 20 09:35:23 ubuntu devstack@c-api.service[130524]: WARNING castellan.key_manager [None req-ba1aac96-bbd4-4b5e-9e65-a1193961d9ca None None] Deprecation Warning : cinder.keymgr.conf_key_mgr.ConfKeyManager is not a stevedore based driver, trying to load it as a class: stevedore.exception.NoMatches: No 'castellan.drivers' driver found, looking for 'cinder.keymgr.conf_key_mgr.ConfKeyManager'
Feb 20 09:35:23 ubuntu devstack@c-api.service[130524]: WARNING stevedore.named [None req-ba1aac96-bbd4-4b5e-9e65-a1193961d9ca None None] Could not load cinder.keymgr.conf_key_mgr.ConfKeyManager
Feb 20 09:35:23 ubuntu devstack@c-api.service[130524]: WARNING castellan.key_manager [None req-ba1aac96-bbd4-4b5e-9e65-a1193961d9ca None None] Deprecation Warning : cinder.keymgr.conf_key_mgr.ConfKeyManager is not a stevedore based driver, trying to load it as a class: stevedore.exception.NoMatches: No 'castellan.drivers' driver found, looking for 'cinder.keymgr.conf_key_mgr.ConfKeyManager'
Feb 20 09:35:23 ubuntu devstack@c-api.service[130524]: WARNING stevedore.named [None req-ba1aac96-bbd4-4b5e-9e65-a1193961d9ca None None] Could not load cinder.keymgr.conf_key_mgr.ConfKeyManager
Feb 20 09:35:23 ubuntu devstack@c-api.service[130524]: WARNING castellan.key_manager [None req-ba1aac96-bbd4-4b5e-9e65-a1193961d9ca None None] Deprecation Warning : cinder.keymgr.conf_key_mgr.ConfKeyManager is not a stevedore based driver, trying to load it as a class: stevedore.exception.NoMatches: No 'castellan.drivers' driver found, looking for 'cinder.keymgr.conf_key_mgr.ConfKeyManager'
Feb 20 09:35:23 ubuntu devstack@c-api.service[130524]: WARNING stevedore.named [None req-ba1aac96-bbd4-4b5e-9e65-a1193961d9ca None None] Could not load cinder.keymgr.conf_key_mgr.ConfKeyManager
Feb 20 09:35:23 ubuntu devstack@c-api.service[130524]: WARNING castellan.key_manager [None req-ba1aac96-bbd4-4b5e-9e65-a1193961d9ca None None] Deprecation Warning : cinder.keymgr.conf_key_mgr.ConfKeyManager is not a stevedore based driver, trying to load it as a class: stevedore.exception.NoMatches: No 'castellan.drivers' driver found, looking for 'cinder.keymgr.conf_key_mgr.ConfKeyManager'
Feb 20 09:35:23 ubuntu devstack@c-api.service[130524]: WARNING stevedore.named [None req-ba1aac96-bbd4-4b5e-9e65-a1193961d9ca None None] Could not load cinder.keymgr.conf_key_mgr.ConfKeyManager
Feb 20 09:35:23 ubuntu devstack@c-api.service[130524]: WARNING castellan.key_manager [None req-ba1aac96-bbd4-4b5e-9e65-a1193961d9ca None None] Deprecation Warning : cinder.keymgr.conf_key_mgr.ConfKeyManager is not a stevedore based driver, trying to load it as a class: stevedore.exception.NoMatches: No 'castellan.drivers' driver found, looking for 'cinder.keymgr.conf_key_mgr.ConfKeyManager'
Feb 20 09:35:23 ubuntu devstack@c-api.service[130524]: WARNING stevedore.named [None req-ba1aac96-bbd4-4b5e-9e65-a1193961d9ca None None] Could not load cinder.keymgr.conf_key_mgr.ConfKeyManager
Feb 20 09:35:23 ubuntu devstack@c-api.service[130524]: WARNING castellan.key_manager [None req-ba1aac96-bbd4-4b5e-9e65-a1193961d9ca None None] Deprecation Warning : cinder.keymgr.conf_key_mgr.ConfKeyManager is not a stevedore based driver, trying to load it as a class: stevedore.exception.NoMatches: No 'castellan.drivers' driver found, looking for 'cinder.keymgr.conf_key_mgr.ConfKeyManager'
Feb 20 09:35:23 ubuntu devstack@c-api.service[130524]: WARNING stevedore.named [None req-ba1aac96-bbd4-4b5e-9e65-a1193961d9ca None None] Could not load cinder.keymgr.conf_key_mgr.ConfKeyManager
Feb 20 09:35:23 ubuntu devstack@c-api.service[130524]: WARNING castellan.key_manager [None req-ba1aac96-bbd4-4b5e-9e65-a1193961d9ca None None] Deprecation Warning : cinder.keymgr.conf_key_mgr.ConfKeyManager is not a stevedore based driver, trying to load it as a class: stevedore.exception.NoMatches: No 'castellan.drivers' driver found, looking for 'cinder.keymgr.conf_key_mgr.ConfKeyManager'
Feb 20 09:35:23 ubuntu devstack@c-api.service[130524]: WARNING stevedore.named [None req-ba1aac96-bbd4-4b5e-9e65-a1193961d9ca None None] Could not load cinder.keymgr.conf_key_mgr.ConfKeyManager
Feb 20 09:35:23 ubuntu devstack@c-api.service[130524]: WARNING castellan.key_manager [None req-ba1aac96-bbd4-4b5e-9e65-a1193961d9ca None None] Deprecation Warning : cinder.keymgr.conf_key_mgr.ConfKeyManager is not a stevedore based driver, trying to load it as a class: stevedore.exception.NoMatches: No 'castellan.drivers' driver found, looking for 'cinder.keymgr.conf_key_mgr.ConfKeyManager'
Feb 20 09:35:23 ubuntu devstack@c-api.service[130524]: WARNING stevedore.named [None req-ba1aac96-bbd4-4b5e-9e65-a1193961d9ca None None] Could not load cinder.keymgr.conf_key_mgr.ConfKeyManager
Feb 20 09:35:23 ubuntu devstack@c-api.service[130524]: WARNING castellan.key_manager [None req-ba1aac96-bbd4-4b5e-9e65-a1193961d9ca None None] Deprecation Warning : cinder.keymgr.conf_key_mgr.ConfKeyManager is not a stevedore based driver, trying to load it as a class: stevedore.exception.NoMatches: No 'castellan.drivers' driver found, looking for 'cinder.keymgr.conf_key_mgr.ConfKeyManager'
Feb 20 09:35:23 ubuntu devstack@c-api.service[130524]: WARNING stevedore.named [None req-ba1aac96-bbd4-4b5e-9e65-a1193961d9ca None None] Could not load cinder.keymgr.conf_key_mgr.ConfKeyManager
Feb 20 09:35:23 ubuntu devstack@c-api.service[130524]: WARNING castellan.key_manager [None req-ba1aac96-bbd4-4b5e-9e65-a1193961d9ca None None] Deprecation Warning : cinder.keymgr.conf_key_mgr.ConfKeyManager is not a stevedore based driver, trying to load it as a class: stevedore.exception.NoMatches: No 'castellan.drivers' driver found, looking for 'cinder.keymgr.conf_key_mgr.ConfKeyManager'
Feb 20 09:35:23 ubuntu devstack@c-api.service[130524]: WARNING stevedore.named [None req-ba1aac96-bbd4-4b5e-9e65-a1193961d9ca None None] Could not load cinder.keymgr.conf_key_mgr.ConfKeyManager
Feb 20 09:35:23 ubuntu devstack@c-api.service[130524]: WARNING castellan.key_manager [None req-ba1aac96-bbd4-4b5e-9e65-a1193961d9ca None None] Deprecation Warning : cinder.keymgr.conf_key_mgr.ConfKeyManager is not a stevedore based driver, trying to load it as a class: stevedore.exception.NoMatches: No 'castellan.drivers' driver found, looking for 'cinder.keymgr.conf_key_mgr.ConfKeyManager'
Feb 20 09:35:23 ubuntu devstack@c-api.service[130524]: WARNING stevedore.named [None req-ba1aac96-bbd4-4b5e-9e65-a1193961d9ca None None] Could not load cinder.keymgr.conf_key_mgr.ConfKeyManager
Feb 20 09:35:23 ubuntu devstack@c-api.service[130524]: WARNING castellan.key_manager [None req-ba1aac96-bbd4-4b5e-9e65-a1193961d9ca None None] Deprecation Warning : cinder.keymgr.conf_key_mgr.ConfKeyManager is not a stevedore based driver, trying to load it as a class: stevedore.exception.NoMatches: No 'castellan.drivers' driver found, looking for 'cinder.keymgr.conf_key_mgr.ConfKeyManager'
Feb 20 09:35:23 ubuntu devstack@c-api.service[130524]: WARNING stevedore.named [None req-ba1aac96-bbd4-4b5e-9e65-a1193961d9ca None None] Could not load cinder.keymgr.conf_key_mgr.ConfKeyManager
Feb 20 09:35:23 ubuntu devstack@c-api.service[130524]: WARNING castellan.key_manager [None req-ba1aac96-bbd4-4b5e-9e65-a1193961d9ca None None] Deprecation Warning : cinder.keymgr.conf_key_mgr.ConfKeyManager is not a stevedore based driver, trying to load it as a class: stevedore.exception.NoMatches: No 'castellan.drivers' driver found, looking for 'cinder.keymgr.conf_key_mgr.ConfKeyManager'
Feb 20 09:35:23 ubuntu devstack@c-api.service[130524]: WARNING stevedore.named [None req-ba1aac96-bbd4-4b5e-9e65-a1193961d9ca None None] Could not load cinder.keymgr.conf_key_mgr.ConfKeyManager
Feb 20 09:35:23 ubuntu devstack@c-api.service[130524]: WARNING castellan.key_manager [None req-ba1aac96-bbd4-4b5e-9e65-a1193961d9ca None None] Deprecation Warning : cinder.keymgr.conf_key_mgr.ConfKeyManager is not a stevedore based driver, trying to load it as a class: stevedore.exception.NoMatches: No 'castellan.drivers' driver found, looking for 'cinder.keymgr.conf_key_mgr.ConfKeyManager'
Feb 20 09:35:23 ubuntu devstack@c-api.service[130524]: WARNING cinder.api.contrib.hosts [None req-ba1aac96-bbd4-4b5e-9e65-a1193961d9ca None None] Deprecated: The Host API is deprecated and will be be removed in a future version.
Feb 20 09:35:23 ubuntu devstack@c-api.service[130524]: WARNING stevedore.named [None req-ba1aac96-bbd4-4b5e-9e65-a1193961d9ca None None] Could not load cinder.keymgr.conf_key_mgr.ConfKeyManager
Feb 20 09:35:23 ubuntu devstack@c-api.service[130524]: WARNING castellan.key_manager [None req-ba1aac96-bbd4-4b5e-9e65-a1193961d9ca None None] Deprecation Warning : cinder.keymgr.conf_key_mgr.ConfKeyManager is not a stevedore based driver, trying to load it as a class: stevedore.exception.NoMatches: No 'castellan.drivers' driver found, looking for 'cinder.keymgr.conf_key_mgr.ConfKeyManager'
Feb 20 09:35:23 ubuntu devstack@c-api.service[130524]: WARNING stevedore.named [None req-ba1aac96-bbd4-4b5e-9e65-a1193961d9ca None None] Could not load cinder.keymgr.conf_key_mgr.ConfKeyManager
Feb 20 09:35:23 ubuntu devstack@c-api.service[130524]: WARNING castellan.key_manager [None req-ba1aac96-bbd4-4b5e-9e65-a1193961d9ca None None] Deprecation Warning : cinder.keymgr.conf_key_mgr.ConfKeyManager is not a stevedore based driver, trying to load it as a class: stevedore.exception.NoMatches: No 'castellan.drivers' driver found, looking for 'cinder.keymgr.conf_key_mgr.ConfKeyManager'
Feb 20 09:35:23 ubuntu devstack@c-api.service[130524]: DEBUG cinder.api.v3.router [None req-ba1aac96-bbd4-4b5e-9e65-a1193961d9ca None None] Extended resource: extensions {{(pid=130524) _setup_ext_routes /opt/stack/cinder/cinder/api/v3/router.py:122}}
Feb 20 09:35:23 ubuntu devstack@c-api.service[130524]: DEBUG cinder.api.v3.router [None req-ba1aac96-bbd4-4b5e-9e65-a1193961d9ca None None] Extended resource: extra_specs {{(pid=130524) _setup_ext_routes /opt/stack/cinder/cinder/api/v3/router.py:122}}
Feb 20 09:35:23 ubuntu devstack@c-api.service[130524]: DEBUG cinder.api.v3.router [None req-ba1aac96-bbd4-4b5e-9e65-a1193961d9ca None None] Extended resource: encryption {{(pid=130524) _setup_ext_routes /opt/stack/cinder/cinder/api/v3/router.py:122}}
Feb 20 09:35:23 ubuntu devstack@c-api.service[130524]: DEBUG cinder.api.v3.router [None req-ba1aac96-bbd4-4b5e-9e65-a1193961d9ca None None] Extended resource: cgsnapshots {{(pid=130524) _setup_ext_routes /opt/stack/cinder/cinder/api/v3/router.py:122}}
Feb 20 09:35:23 ubuntu devstack@c-api.service[130524]: DEBUG cinder.api.v3.router [None req-ba1aac96-bbd4-4b5e-9e65-a1193961d9ca None None] Extended resource: capabilities {{(pid=130524) _setup_ext_routes /opt/stack/cinder/cinder/api/v3/router.py:122}}
Feb 20 09:35:23 ubuntu devstack@c-api.service[130524]: DEBUG cinder.api.v3.router [None req-ba1aac96-bbd4-4b5e-9e65-a1193961d9ca None None] Extended resource: consistencygroups {{(pid=130524) _setup_ext_routes /opt/stack/cinder/cinder/api/v3/router.py:122}}
Feb 20 09:35:23 ubuntu devstack@c-api.service[130524]: DEBUG cinder.api.v3.router [None req-ba1aac96-bbd4-4b5e-9e65-a1193961d9ca None None] Extended resource: encryption {{(pid=130524) _setup_ext_routes /opt/stack/cinder/cinder/api/v3/router.py:122}}
Feb 20 09:35:23 ubuntu devstack@c-api.service[130524]: DEBUG cinder.api.v3.router [None req-ba1aac96-bbd4-4b5e-9e65-a1193961d9ca None None] Extended resource: os-quota-sets {{(pid=130524) _setup_ext_routes /opt/stack/cinder/cinder/api/v3/router.py:122}}
Feb 20 09:35:23 ubuntu devstack@c-api.service[130524]: DEBUG cinder.api.v3.router [None req-ba1aac96-bbd4-4b5e-9e65-a1193961d9ca None None] Extended resource: qos-specs {{(pid=130524) _setup_ext_routes /opt/stack/cinder/cinder/api/v3/router.py:122}}
Feb 20 09:35:23 ubuntu devstack@c-api.service[130524]: DEBUG cinder.api.v3.router [None req-ba1aac96-bbd4-4b5e-9e65-a1193961d9ca None None] Extended resource: os-volume-transfer {{(pid=130524) _setup_ext_routes /opt/stack/cinder/cinder/api/v3/router.py:122}}
Feb 20 09:35:23 ubuntu devstack@c-api.service[130524]: DEBUG cinder.api.v3.router [None req-ba1aac96-bbd4-4b5e-9e65-a1193961d9ca None None] Extended resource: os-snapshot-manage {{(pid=130524) _setup_ext_routes /opt/stack/cinder/cinder/api/v3/router.py:122}}
Feb 20 09:35:23 ubuntu devstack@c-api.service[130524]: DEBUG cinder.api.v3.router [None req-ba1aac96-bbd4-4b5e-9e65-a1193961d9ca None None] Extended resource: scheduler-stats {{(pid=130524) _setup_ext_routes /opt/stack/cinder/cinder/api/v3/router.py:122}}
Feb 20 09:35:23 ubuntu devstack@c-api.service[130524]: DEBUG cinder.api.v3.router [None req-ba1aac96-bbd4-4b5e-9e65-a1193961d9ca None None] Extended resource: backups {{(pid=130524) _setup_ext_routes /opt/stack/cinder/cinder/api/v3/router.py:122}}
Feb 20 09:35:23 ubuntu devstack@c-api.service[130524]: DEBUG cinder.api.v3.router [None req-ba1aac96-bbd4-4b5e-9e65-a1193961d9ca None None] Extended resource: os-volume-type-access {{(pid=130524) _setup_ext_routes /opt/stack/cinder/cinder/api/v3/router.py:122}}
Feb 20 09:35:23 ubuntu devstack@c-api.service[130524]: DEBUG cinder.api.v3.router [None req-ba1aac96-bbd4-4b5e-9e65-a1193961d9ca None None] Extended resource: os-hosts {{(pid=130524) _setup_ext_routes /opt/stack/cinder/cinder/api/v3/router.py:122}}
Feb 20 09:35:23 ubuntu devstack@c-api.service[130523]: DEBUG dbcounter [-] [130523] Writer thread running {{(pid=130523) stat_writer /opt/stack/data/venv/lib/python3.10/site-packages/dbcounter.py:102}}
Feb 20 09:35:23 ubuntu devstack@c-api.service[130524]: DEBUG cinder.api.v3.router [None req-ba1aac96-bbd4-4b5e-9e65-a1193961d9ca None None] Extended resource: os-quota-class-sets {{(pid=130524) _setup_ext_routes /opt/stack/cinder/cinder/api/v3/router.py:122}}
Feb 20 09:35:23 ubuntu devstack@c-api.service[130524]: DEBUG cinder.api.v3.router [None req-ba1aac96-bbd4-4b5e-9e65-a1193961d9ca None None] Extended resource: os-volume-manage {{(pid=130524) _setup_ext_routes /opt/stack/cinder/cinder/api/v3/router.py:122}}
Feb 20 09:35:23 ubuntu devstack@c-api.service[130524]: DEBUG cinder.api.v3.router [None req-ba1aac96-bbd4-4b5e-9e65-a1193961d9ca None None] Extended resource: os-availability-zone {{(pid=130524) _setup_ext_routes /opt/stack/cinder/cinder/api/v3/router.py:122}}
Feb 20 09:35:23 ubuntu devstack@c-api.service[130523]: INFO cinder.rpc [None req-841beac3-809c-4be2-b600-1f7e3de4f8c5 None None] Automatically selected cinder-scheduler objects version 1.39 as minimum service version.
Feb 20 09:35:23 ubuntu devstack@c-api.service[130524]: WARNING stevedore.named [None req-ba1aac96-bbd4-4b5e-9e65-a1193961d9ca None None] Could not load cinder.keymgr.conf_key_mgr.ConfKeyManager
Feb 20 09:35:23 ubuntu devstack@c-api.service[130524]: WARNING castellan.key_manager [None req-ba1aac96-bbd4-4b5e-9e65-a1193961d9ca None None] Deprecation Warning : cinder.keymgr.conf_key_mgr.ConfKeyManager is not a stevedore based driver, trying to load it as a class: stevedore.exception.NoMatches: No 'castellan.drivers' driver found, looking for 'cinder.keymgr.conf_key_mgr.ConfKeyManager'
Feb 20 09:35:23 ubuntu devstack@c-api.service[130524]: WARNING stevedore.named [None req-ba1aac96-bbd4-4b5e-9e65-a1193961d9ca None None] Could not load cinder.keymgr.conf_key_mgr.ConfKeyManager
Feb 20 09:35:23 ubuntu devstack@c-api.service[130524]: WARNING castellan.key_manager [None req-ba1aac96-bbd4-4b5e-9e65-a1193961d9ca None None] Deprecation Warning : cinder.keymgr.conf_key_mgr.ConfKeyManager is not a stevedore based driver, trying to load it as a class: stevedore.exception.NoMatches: No 'castellan.drivers' driver found, looking for 'cinder.keymgr.conf_key_mgr.ConfKeyManager'
Feb 20 09:35:23 ubuntu devstack@c-api.service[130524]: WARNING stevedore.named [None req-ba1aac96-bbd4-4b5e-9e65-a1193961d9ca None None] Could not load cinder.keymgr.conf_key_mgr.ConfKeyManager
Feb 20 09:35:23 ubuntu devstack@c-api.service[130524]: WARNING castellan.key_manager [None req-ba1aac96-bbd4-4b5e-9e65-a1193961d9ca None None] Deprecation Warning : cinder.keymgr.conf_key_mgr.ConfKeyManager is not a stevedore based driver, trying to load it as a class: stevedore.exception.NoMatches: No 'castellan.drivers' driver found, looking for 'cinder.keymgr.conf_key_mgr.ConfKeyManager'
Feb 20 09:35:23 ubuntu devstack@c-api.service[130523]: INFO cinder.rpc [None req-841beac3-809c-4be2-b600-1f7e3de4f8c5 None None] Automatically selected cinder-scheduler RPC version 3.12 as minimum service version.
Feb 20 09:35:23 ubuntu devstack@c-api.service[130524]: WARNING stevedore.named [None req-ba1aac96-bbd4-4b5e-9e65-a1193961d9ca None None] Could not load cinder.keymgr.conf_key_mgr.ConfKeyManager
Feb 20 09:35:23 ubuntu devstack@c-api.service[130524]: WARNING castellan.key_manager [None req-ba1aac96-bbd4-4b5e-9e65-a1193961d9ca None None] Deprecation Warning : cinder.keymgr.conf_key_mgr.ConfKeyManager is not a stevedore based driver, trying to load it as a class: stevedore.exception.NoMatches: No 'castellan.drivers' driver found, looking for 'cinder.keymgr.conf_key_mgr.ConfKeyManager'
Feb 20 09:35:23 ubuntu devstack@c-api.service[130524]: WARNING stevedore.named [None req-ba1aac96-bbd4-4b5e-9e65-a1193961d9ca None None] Could not load cinder.keymgr.conf_key_mgr.ConfKeyManager
Feb 20 09:35:23 ubuntu devstack@c-api.service[130524]: WARNING castellan.key_manager [None req-ba1aac96-bbd4-4b5e-9e65-a1193961d9ca None None] Deprecation Warning : cinder.keymgr.conf_key_mgr.ConfKeyManager is not a stevedore based driver, trying to load it as a class: stevedore.exception.NoMatches: No 'castellan.drivers' driver found, looking for 'cinder.keymgr.conf_key_mgr.ConfKeyManager'
Feb 20 09:35:23 ubuntu devstack@c-api.service[130523]: INFO cinder.rpc [None req-841beac3-809c-4be2-b600-1f7e3de4f8c5 None None] Automatically selected cinder-volume objects version 1.39 as minimum service version.
Feb 20 09:35:23 ubuntu devstack@c-api.service[130524]: WARNING stevedore.named [None req-ba1aac96-bbd4-4b5e-9e65-a1193961d9ca None None] Could not load cinder.keymgr.conf_key_mgr.ConfKeyManager
Feb 20 09:35:23 ubuntu devstack@c-api.service[130524]: WARNING castellan.key_manager [None req-ba1aac96-bbd4-4b5e-9e65-a1193961d9ca None None] Deprecation Warning : cinder.keymgr.conf_key_mgr.ConfKeyManager is not a stevedore based driver, trying to load it as a class: stevedore.exception.NoMatches: No 'castellan.drivers' driver found, looking for 'cinder.keymgr.conf_key_mgr.ConfKeyManager'
Feb 20 09:35:23 ubuntu devstack@c-api.service[130524]: WARNING stevedore.named [None req-ba1aac96-bbd4-4b5e-9e65-a1193961d9ca None None] Could not load cinder.keymgr.conf_key_mgr.ConfKeyManager
Feb 20 09:35:23 ubuntu devstack@c-api.service[130524]: WARNING castellan.key_manager [None req-ba1aac96-bbd4-4b5e-9e65-a1193961d9ca None None] Deprecation Warning : cinder.keymgr.conf_key_mgr.ConfKeyManager is not a stevedore based driver, trying to load it as a class: stevedore.exception.NoMatches: No 'castellan.drivers' driver found, looking for 'cinder.keymgr.conf_key_mgr.ConfKeyManager'
Feb 20 09:35:23 ubuntu devstack@c-api.service[130523]: INFO cinder.rpc [None req-841beac3-809c-4be2-b600-1f7e3de4f8c5 None None] Automatically selected cinder-volume RPC version 3.20 as minimum service version.
Feb 20 09:35:23 ubuntu devstack@c-api.service[130524]: DEBUG cinder.api.contrib.snapshot_actions [None req-ba1aac96-bbd4-4b5e-9e65-a1193961d9ca None None] SnapshotActionsController initialized {{(pid=130524) __init__ /opt/stack/cinder/cinder/api/contrib/snapshot_actions.py:33}}
Feb 20 09:35:23 ubuntu devstack@c-api.service[130524]: DEBUG cinder.api.v3.router [None req-ba1aac96-bbd4-4b5e-9e65-a1193961d9ca None None] Extension AdminActions extending resource: volumes {{(pid=130524) _setup_extensions /opt/stack/cinder/cinder/api/v3/router.py:155}}
Feb 20 09:35:23 ubuntu devstack@c-api.service[130523]: WARNING stevedore.named [None req-841beac3-809c-4be2-b600-1f7e3de4f8c5 None None] Could not load cinder.keymgr.conf_key_mgr.ConfKeyManager
Feb 20 09:35:23 ubuntu devstack@c-api.service[130524]: DEBUG cinder.api.v3.router [None req-ba1aac96-bbd4-4b5e-9e65-a1193961d9ca None None] Extension AdminActions extending resource: snapshots {{(pid=130524) _setup_extensions /opt/stack/cinder/cinder/api/v3/router.py:155}}
Feb 20 09:35:23 ubuntu devstack@c-api.service[130523]: WARNING castellan.key_manager [None req-841beac3-809c-4be2-b600-1f7e3de4f8c5 None None] Deprecation Warning : cinder.keymgr.conf_key_mgr.ConfKeyManager is not a stevedore based driver, trying to load it as a class: stevedore.exception.NoMatches: No 'castellan.drivers' driver found, looking for 'cinder.keymgr.conf_key_mgr.ConfKeyManager'
Feb 20 09:35:23 ubuntu devstack@c-api.service[130524]: DEBUG cinder.api.v3.router [None req-ba1aac96-bbd4-4b5e-9e65-a1193961d9ca None None] Extension AdminActions extending resource: backups {{(pid=130524) _setup_extensions /opt/stack/cinder/cinder/api/v3/router.py:155}}
Feb 20 09:35:23 ubuntu devstack@c-api.service[130524]: DEBUG cinder.api.v3.router [None req-ba1aac96-bbd4-4b5e-9e65-a1193961d9ca None None] Extension SnapshotUnmanage extending resource: snapshots {{(pid=130524) _setup_extensions /opt/stack/cinder/cinder/api/v3/router.py:155}}
Feb 20 09:35:23 ubuntu devstack@c-api.service[130523]: WARNING cinder.keymgr.conf_key_mgr [None req-841beac3-809c-4be2-b600-1f7e3de4f8c5 None None] This key manager is insecure and is not recommended for production deployments: stevedore.exception.NoMatches: No 'castellan.drivers' driver found, looking for 'cinder.keymgr.conf_key_mgr.ConfKeyManager'
Feb 20 09:35:23 ubuntu devstack@c-api.service[130524]: DEBUG cinder.api.v3.router [None req-ba1aac96-bbd4-4b5e-9e65-a1193961d9ca None None] Extension VolumeActions extending resource: volumes {{(pid=130524) _setup_extensions /opt/stack/cinder/cinder/api/v3/router.py:155}}
Feb 20 09:35:23 ubuntu devstack@c-api.service[130524]: DEBUG cinder.api.v3.router [None req-ba1aac96-bbd4-4b5e-9e65-a1193961d9ca None None] Extension VolumeTypeEncryption extending resource: types {{(pid=130524) _setup_extensions /opt/stack/cinder/cinder/api/v3/router.py:155}}
Feb 20 09:35:23 ubuntu devstack@c-api.service[130524]: DEBUG cinder.api.v3.router [None req-ba1aac96-bbd4-4b5e-9e65-a1193961d9ca None None] Extension VolumeMigStatusAttribute extending resource: volumes {{(pid=130524) _setup_extensions /opt/stack/cinder/cinder/api/v3/router.py:155}}
Feb 20 09:35:23 ubuntu devstack@c-api.service[130524]: DEBUG cinder.api.v3.router [None req-ba1aac96-bbd4-4b5e-9e65-a1193961d9ca None None] Extension VolumeUnmanage extending resource: volumes {{(pid=130524) _setup_extensions /opt/stack/cinder/cinder/api/v3/router.py:155}}
Feb 20 09:35:23 ubuntu devstack@c-api.service[130523]: WARNING stevedore.named [None req-841beac3-809c-4be2-b600-1f7e3de4f8c5 None None] Could not load cinder.keymgr.conf_key_mgr.ConfKeyManager
Feb 20 09:35:23 ubuntu devstack@c-api.service[130524]: DEBUG cinder.api.v3.router [None req-ba1aac96-bbd4-4b5e-9e65-a1193961d9ca None None] Extension TypesManage extending resource: types {{(pid=130524) _setup_extensions /opt/stack/cinder/cinder/api/v3/router.py:155}}
Feb 20 09:35:23 ubuntu devstack@c-api.service[130523]: WARNING castellan.key_manager [None req-841beac3-809c-4be2-b600-1f7e3de4f8c5 None None] Deprecation Warning : cinder.keymgr.conf_key_mgr.ConfKeyManager is not a stevedore based driver, trying to load it as a class: stevedore.exception.NoMatches: No 'castellan.drivers' driver found, looking for 'cinder.keymgr.conf_key_mgr.ConfKeyManager'
Feb 20 09:35:23 ubuntu devstack@c-api.service[130524]: DEBUG cinder.api.v3.router [None req-ba1aac96-bbd4-4b5e-9e65-a1193961d9ca None None] Extension VolumeImageMetadata extending resource: volumes {{(pid=130524) _setup_extensions /opt/stack/cinder/cinder/api/v3/router.py:155}}
Feb 20 09:35:23 ubuntu devstack@c-api.service[130524]: DEBUG cinder.api.v3.router [None req-ba1aac96-bbd4-4b5e-9e65-a1193961d9ca None None] Extension UsedLimits extending resource: limits {{(pid=130524) _setup_extensions /opt/stack/cinder/cinder/api/v3/router.py:155}}
Feb 20 09:35:23 ubuntu devstack@c-api.service[130524]: DEBUG cinder.api.v3.router [None req-ba1aac96-bbd4-4b5e-9e65-a1193961d9ca None None] Extension VolumeTypeAccess extending resource: types {{(pid=130524) _setup_extensions /opt/stack/cinder/cinder/api/v3/router.py:155}}
Feb 20 09:35:23 ubuntu devstack@c-api.service[130524]: DEBUG cinder.api.v3.router [None req-ba1aac96-bbd4-4b5e-9e65-a1193961d9ca None None] Extension VolumeTenantAttribute extending resource: volumes {{(pid=130524) _setup_extensions /opt/stack/cinder/cinder/api/v3/router.py:155}}
Feb 20 09:35:23 ubuntu devstack@c-api.service[130524]: DEBUG cinder.api.v3.router [None req-ba1aac96-bbd4-4b5e-9e65-a1193961d9ca None None] Extension SnapshotActions extending resource: snapshots {{(pid=130524) _setup_extensions /opt/stack/cinder/cinder/api/v3/router.py:155}}
Feb 20 09:35:23 ubuntu devstack@c-api.service[130524]: DEBUG cinder.api.v3.router [None req-ba1aac96-bbd4-4b5e-9e65-a1193961d9ca None None] Extension ExtendedSnapshotAttributes extending resource: snapshots {{(pid=130524) _setup_extensions /opt/stack/cinder/cinder/api/v3/router.py:155}}
Feb 20 09:35:23 ubuntu devstack@c-api.service[130524]: DEBUG cinder.api.v3.router [None req-ba1aac96-bbd4-4b5e-9e65-a1193961d9ca None None] Extension VolumeHostAttribute extending resource: volumes {{(pid=130524) _setup_extensions /opt/stack/cinder/cinder/api/v3/router.py:155}}
Feb 20 09:35:23 ubuntu devstack@c-api.service[130524]: WARNING keystonemiddleware.auth_token [None req-ba1aac96-bbd4-4b5e-9e65-a1193961d9ca None None] AuthToken middleware is set with keystone_authtoken.service_token_roles_required set to False. This is backwards compatible but deprecated behaviour. Please set this to True.
Feb 20 09:35:23 ubuntu devstack@c-api.service[130523]: DEBUG oslo_db.sqlalchemy.engines [None req-841beac3-809c-4be2-b600-1f7e3de4f8c5 None None] MySQL server mode set to STRICT_TRANS_TABLES,STRICT_ALL_TABLES,NO_ZERO_IN_DATE,NO_ZERO_DATE,ERROR_FOR_DIVISION_BY_ZERO,TRADITIONAL,NO_ENGINE_SUBSTITUTION {{(pid=130523) _check_effective_sql_mode /opt/stack/data/venv/lib/python3.10/site-packages/oslo_db/sqlalchemy/engines.py:325}}
Feb 20 09:35:23 ubuntu devstack@c-api.service[130523]: INFO cinder.rpc [None req-841beac3-809c-4be2-b600-1f7e3de4f8c5 None None] Automatically selected cinder-backup objects version 1.39 as minimum service version.
Feb 20 09:35:23 ubuntu devstack@c-api.service[130523]: INFO cinder.rpc [None req-841beac3-809c-4be2-b600-1f7e3de4f8c5 None None] Automatically selected cinder-backup RPC version 2.4 as minimum service version.
Feb 20 09:35:23 ubuntu devstack@c-api.service[130523]: WARNING stevedore.named [None req-841beac3-809c-4be2-b600-1f7e3de4f8c5 None None] Could not load cinder.keymgr.conf_key_mgr.ConfKeyManager
Feb 20 09:35:23 ubuntu devstack@c-api.service[130523]: WARNING castellan.key_manager [None req-841beac3-809c-4be2-b600-1f7e3de4f8c5 None None] Deprecation Warning : cinder.keymgr.conf_key_mgr.ConfKeyManager is not a stevedore based driver, trying to load it as a class: stevedore.exception.NoMatches: No 'castellan.drivers' driver found, looking for 'cinder.keymgr.conf_key_mgr.ConfKeyManager'
Feb 20 09:35:23 ubuntu devstack@c-api.service[130524]: WSGI app 0 (mountpoint='') ready in 2 seconds on interpreter 0x55ef72e76d40 pid: 130524 (default app)
Feb 20 09:35:23 ubuntu devstack@c-api.service[130524]: /opt/stack/data/venv/lib/python3.10/site-packages/oslo_policy/policy.py:505: DeprecationWarning: fallback_to_json_file is deprecated and has no effect.
Feb 20 09:35:23 ubuntu devstack@c-api.service[130524]:   warnings.warn(
Feb 20 09:35:23 ubuntu devstack@c-api.service[130523]: WARNING stevedore.named [None req-841beac3-809c-4be2-b600-1f7e3de4f8c5 None None] Could not load cinder.keymgr.conf_key_mgr.ConfKeyManager
Feb 20 09:35:23 ubuntu devstack@c-api.service[130523]: WARNING castellan.key_manager [None req-841beac3-809c-4be2-b600-1f7e3de4f8c5 None None] Deprecation Warning : cinder.keymgr.conf_key_mgr.ConfKeyManager is not a stevedore based driver, trying to load it as a class: stevedore.exception.NoMatches: No 'castellan.drivers' driver found, looking for 'cinder.keymgr.conf_key_mgr.ConfKeyManager'
Feb 20 09:35:23 ubuntu devstack@c-api.service[130524]: /opt/stack/data/venv/lib/python3.10/site-packages/oslo_policy/policy.py:806: UserWarning: Policy "volume:attachment_create":"" was deprecated in X in favor of "volume:attachment_create":"rule:xena_system_admin_or_project_member". Reason: Default policies now support the three Keystone default roles, namely 'admin', 'member', and 'reader' to implement three Cinder "personas".  See "Policy Personas and Permissions" in the "Cinder Service Configuration" documentation (Xena release) for details.. Either ensure your deployment is ready for the new default or copy/paste the deprecated policy into your policy file and maintain it manually.
Feb 20 09:35:23 ubuntu devstack@c-api.service[130524]:   warnings.warn(deprecated_msg)
Feb 20 09:35:23 ubuntu devstack@c-api.service[130524]: /opt/stack/data/venv/lib/python3.10/site-packages/oslo_policy/policy.py:806: UserWarning: Policy "volume:attachment_update":"rule:admin_or_owner" was deprecated in X in favor of "volume:attachment_update":"rule:xena_system_admin_or_project_member". Reason: Default policies now support the three Keystone default roles, namely 'admin', 'member', and 'reader' to implement three Cinder "personas".  See "Policy Personas and Permissions" in the "Cinder Service Configuration" documentation (Xena release) for details.. Either ensure your deployment is ready for the new default or copy/paste the deprecated policy into your policy file and maintain it manually.
Feb 20 09:35:23 ubuntu devstack@c-api.service[130524]:   warnings.warn(deprecated_msg)
Feb 20 09:35:23 ubuntu devstack@c-api.service[130524]: /opt/stack/data/venv/lib/python3.10/site-packages/oslo_policy/policy.py:806: UserWarning: Policy "volume:attachment_delete":"rule:admin_or_owner" was deprecated in X in favor of "volume:attachment_delete":"rule:xena_system_admin_or_project_member". Reason: Default policies now support the three Keystone default roles, namely 'admin', 'member', and 'reader' to implement three Cinder "personas".  See "Policy Personas and Permissions" in the "Cinder Service Configuration" documentation (Xena release) for details.. Either ensure your deployment is ready for the new default or copy/paste the deprecated policy into your policy file and maintain it manually.
Feb 20 09:35:23 ubuntu devstack@c-api.service[130524]:   warnings.warn(deprecated_msg)
Feb 20 09:35:23 ubuntu devstack@c-api.service[130524]: /opt/stack/data/venv/lib/python3.10/site-packages/oslo_policy/policy.py:806: UserWarning: Policy "volume:attachment_complete":"rule:admin_or_owner" was deprecated in X in favor of "volume:attachment_complete":"rule:xena_system_admin_or_project_member". Reason: Default policies now support the three Keystone default roles, namely 'admin', 'member', and 'reader' to implement three Cinder "personas".  See "Policy Personas and Permissions" in the "Cinder Service Configuration" documentation (Xena release) for details.. Either ensure your deployment is ready for the new default or copy/paste the deprecated policy into your policy file and maintain it manually.
Feb 20 09:35:23 ubuntu devstack@c-api.service[130524]:   warnings.warn(deprecated_msg)
Feb 20 09:35:23 ubuntu devstack@c-api.service[130524]: /opt/stack/data/venv/lib/python3.10/site-packages/oslo_policy/policy.py:806: UserWarning: Policy "volume:multiattach_bootable_volume":"rule:admin_or_owner" was deprecated in X in favor of "volume:multiattach_bootable_volume":"rule:xena_system_admin_or_project_member". Reason: Default policies now support the three Keystone default roles, namely 'admin', 'member', and 'reader' to implement three Cinder "personas".  See "Policy Personas and Permissions" in the "Cinder Service Configuration" documentation (Xena release) for details.. Either ensure your deployment is ready for the new default or copy/paste the deprecated policy into your policy file and maintain it manually.
Feb 20 09:35:23 ubuntu devstack@c-api.service[130524]:   warnings.warn(deprecated_msg)
Feb 20 09:35:23 ubuntu devstack@c-api.service[130523]: WARNING stevedore.named [None req-841beac3-809c-4be2-b600-1f7e3de4f8c5 None None] Could not load cinder.keymgr.conf_key_mgr.ConfKeyManager
Feb 20 09:35:23 ubuntu devstack@c-api.service[130524]: /opt/stack/data/venv/lib/python3.10/site-packages/oslo_policy/policy.py:806: UserWarning: Policy "message:get_all":"rule:admin_or_owner" was deprecated in X in favor of "message:get_all":"rule:xena_system_admin_or_project_reader". Reason: Default policies now support the three Keystone default roles, namely 'admin', 'member', and 'reader' to implement three Cinder "personas".  See "Policy Personas and Permissions" in the "Cinder Service Configuration" documentation (Xena release) for details.. Either ensure your deployment is ready for the new default or copy/paste the deprecated policy into your policy file and maintain it manually.
Feb 20 09:35:23 ubuntu devstack@c-api.service[130524]:   warnings.warn(deprecated_msg)
Feb 20 09:35:23 ubuntu devstack@c-api.service[130524]: /opt/stack/data/venv/lib/python3.10/site-packages/oslo_policy/policy.py:806: UserWarning: Policy "message:get":"rule:admin_or_owner" was deprecated in X in favor of "message:get":"rule:xena_system_admin_or_project_reader". Reason: Default policies now support the three Keystone default roles, namely 'admin', 'member', and 'reader' to implement three Cinder "personas".  See "Policy Personas and Permissions" in the "Cinder Service Configuration" documentation (Xena release) for details.. Either ensure your deployment is ready for the new default or copy/paste the deprecated policy into your policy file and maintain it manually.
Feb 20 09:35:23 ubuntu devstack@c-api.service[130524]:   warnings.warn(deprecated_msg)
Feb 20 09:35:23 ubuntu devstack@c-api.service[130524]: /opt/stack/data/venv/lib/python3.10/site-packages/oslo_policy/policy.py:806: UserWarning: Policy "message:delete":"rule:admin_or_owner" was deprecated in X in favor of "message:delete":"rule:xena_system_admin_or_project_member". Reason: Default policies now support the three Keystone default roles, namely 'admin', 'member', and 'reader' to implement three Cinder "personas".  See "Policy Personas and Permissions" in the "Cinder Service Configuration" documentation (Xena release) for details.. Either ensure your deployment is ready for the new default or copy/paste the deprecated policy into your policy file and maintain it manually.
Feb 20 09:35:23 ubuntu devstack@c-api.service[130524]:   warnings.warn(deprecated_msg)
Feb 20 09:35:23 ubuntu devstack@c-api.service[130524]: /opt/stack/data/venv/lib/python3.10/site-packages/oslo_policy/policy.py:806: UserWarning: Policy "volume:get_snapshot_metadata":"rule:admin_or_owner" was deprecated in X in favor of "volume:get_snapshot_metadata":"rule:xena_system_admin_or_project_reader". Reason: Default policies now support the three Keystone default roles, namely 'admin', 'member', and 'reader' to implement three Cinder "personas".  See "Policy Personas and Permissions" in the "Cinder Service Configuration" documentation (Xena release) for details.. Either ensure your deployment is ready for the new default or copy/paste the deprecated policy into your policy file and maintain it manually.
Feb 20 09:35:23 ubuntu devstack@c-api.service[130524]:   warnings.warn(deprecated_msg)
