Feb 24 11:38:14 ubuntu devstack@keystone.service[81990]: DEBUG keystone.server.flask.request_processing.req_logging [None req-f81d4948-ef3f-467c-aa7f-81f9cc774162 None None] SCRIPT_NAME: `/identity` {{(pid=81990) log_request_info /opt/stack/keystone/keystone/server/flask/request_processing/req_logging.py:27}}
Feb 24 11:38:14 ubuntu devstack@keystone.service[81990]: DEBUG keystone.server.flask.request_processing.req_logging [None req-f81d4948-ef3f-467c-aa7f-81f9cc774162 None None] PATH_INFO: `/` {{(pid=81990) log_request_info /opt/stack/keystone/keystone/server/flask/request_processing/req_logging.py:28}}
Feb 24 11:38:14 ubuntu devstack@keystone.service[81990]: [pid: 81990|app: 0|req: 12/23] 10.201.5.82 () {54 vars in 920 bytes} [Tue Feb 24 11:38:14 2026] GET /identity => generated 270 bytes in 3 msecs (HTTP/1.1 300) 6 headers in 234 bytes (1 switches on core 0)
Feb 24 11:38:14 ubuntu devstack@keystone.service[81991]: DEBUG keystone.server.flask.request_processing.req_logging [None req-c04247ba-dbbb-4732-9503-522066629433 None None] REQUEST_METHOD: `POST` {{(pid=81991) log_request_info /opt/stack/keystone/keystone/server/flask/request_processing/req_logging.py:26}}
Feb 24 11:38:14 ubuntu devstack@keystone.service[81991]: DEBUG keystone.server.flask.request_processing.req_logging [None req-c04247ba-dbbb-4732-9503-522066629433 None None] SCRIPT_NAME: `/identity` {{(pid=81991) log_request_info /opt/stack/keystone/keystone/server/flask/request_processing/req_logging.py:27}}
Feb 24 11:38:14 ubuntu devstack@keystone.service[81991]: DEBUG keystone.server.flask.request_processing.req_logging [None req-c04247ba-dbbb-4732-9503-522066629433 None None] PATH_INFO: `/v3/auth/tokens` {{(pid=81991) log_request_info /opt/stack/keystone/keystone/server/flask/request_processing/req_logging.py:28}}
Feb 24 11:38:14 ubuntu devstack@keystone.service[81991]: WARNING keystone.common.password_hashing [None req-c04247ba-dbbb-4732-9503-522066629433 None None] Truncating password to algorithm specific maximum length 72 characters.
Feb 24 11:38:14 ubuntu devstack@keystone.service[81991]: DEBUG keystone.auth.core [None req-c04247ba-dbbb-4732-9503-522066629433 None None] MFA Rules not processed for user `2ec25a21d0354f33b721d9cffdce9260`. Rule list: `[]` (Enabled: `True`). {{(pid=81991) check_auth_methods_against_rules /opt/stack/keystone/keystone/auth/core.py:476}}
Feb 24 11:38:14 ubuntu devstack@keystone.service[81991]: DEBUG keystone.common.fernet_utils [None req-c04247ba-dbbb-4732-9503-522066629433 None None] Loaded 2 Fernet keys from /etc/keystone/fernet-keys/, but `[fernet_tokens] max_active_keys = 3`; perhaps there have not been enough key rotations to reach `max_active_keys` yet? {{(pid=81991) load_keys /opt/stack/keystone/keystone/common/fernet_utils.py:297}}
Feb 24 11:38:14 ubuntu devstack@keystone.service[81991]: [pid: 81991|app: 0|req: 12/24] 10.201.5.82 () {58 vars in 1017 bytes} [Tue Feb 24 11:38:14 2026] POST /identity/v3/auth/tokens => generated 862 bytes in 67 msecs (HTTP/1.1 201) 6 headers in 363 bytes (1 switches on core 0)
Feb 24 11:38:14 ubuntu devstack@keystone.service[81990]: DEBUG keystone.server.flask.request_processing.middleware.auth_context [None req-f81d4948-ef3f-467c-aa7f-81f9cc774162 None None] Authenticating user token {{(pid=81990) process_request /opt/stack/data/venv/lib/python3.10/site-packages/keystonemiddleware/auth_token/__init__.py:407}}
Feb 24 11:38:14 ubuntu devstack@keystone.service[81991]: DEBUG keystone.server.flask.request_processing.req_logging [None req-29ee122c-26cc-4bb9-a54b-6bf1fde6563c None None] REQUEST_METHOD: `GET` {{(pid=81991) log_request_info /opt/stack/keystone/keystone/server/flask/request_processing/req_logging.py:26}}
Feb 24 11:38:14 ubuntu devstack@keystone.service[81991]: DEBUG keystone.server.flask.request_processing.req_logging [None req-29ee122c-26cc-4bb9-a54b-6bf1fde6563c None None] SCRIPT_NAME: `/identity` {{(pid=81991) log_request_info /opt/stack/keystone/keystone/server/flask/request_processing/req_logging.py:27}}
Feb 24 11:38:14 ubuntu devstack@keystone.service[81991]: DEBUG keystone.server.flask.request_processing.req_logging [None req-29ee122c-26cc-4bb9-a54b-6bf1fde6563c None None] PATH_INFO: `/` {{(pid=81991) log_request_info /opt/stack/keystone/keystone/server/flask/request_processing/req_logging.py:28}}
Feb 24 11:38:14 ubuntu devstack@keystone.service[81991]: [pid: 81991|app: 0|req: 13/25] 10.201.5.82 () {54 vars in 920 bytes} [Tue Feb 24 11:38:14 2026] GET /identity => generated 270 bytes in 2 msecs (HTTP/1.1 300) 6 headers in 234 bytes (1 switches on core 0)
Feb 24 11:38:14 ubuntu devstack@keystone.service[81991]: DEBUG keystone.server.flask.request_processing.req_logging [None req-48ec0960-c2f1-4544-9612-8ab8f71f215e None None] REQUEST_METHOD: `POST` {{(pid=81991) log_request_info /opt/stack/keystone/keystone/server/flask/request_processing/req_logging.py:26}}
Feb 24 11:38:14 ubuntu devstack@keystone.service[81991]: DEBUG keystone.server.flask.request_processing.req_logging [None req-48ec0960-c2f1-4544-9612-8ab8f71f215e None None] SCRIPT_NAME: `/identity` {{(pid=81991) log_request_info /opt/stack/keystone/keystone/server/flask/request_processing/req_logging.py:27}}
Feb 24 11:38:14 ubuntu devstack@keystone.service[81991]: DEBUG keystone.server.flask.request_processing.req_logging [None req-48ec0960-c2f1-4544-9612-8ab8f71f215e None None] PATH_INFO: `/v3/auth/tokens` {{(pid=81991) log_request_info /opt/stack/keystone/keystone/server/flask/request_processing/req_logging.py:28}}
Feb 24 11:38:14 ubuntu devstack@keystone.service[81991]: WARNING keystone.common.password_hashing [None req-48ec0960-c2f1-4544-9612-8ab8f71f215e None None] Truncating password to algorithm specific maximum length 72 characters.
Feb 24 11:38:14 ubuntu devstack@keystone.service[81991]: DEBUG keystone.auth.core [None req-48ec0960-c2f1-4544-9612-8ab8f71f215e None None] MFA Rules not processed for user `2ec25a21d0354f33b721d9cffdce9260`. Rule list: `[]` (Enabled: `True`). {{(pid=81991) check_auth_methods_against_rules /opt/stack/keystone/keystone/auth/core.py:476}}
Feb 24 11:38:14 ubuntu devstack@keystone.service[81991]: DEBUG keystone.common.fernet_utils [None req-48ec0960-c2f1-4544-9612-8ab8f71f215e None None] Loaded 2 Fernet keys from /etc/keystone/fernet-keys/, but `[fernet_tokens] max_active_keys = 3`; perhaps there have not been enough key rotations to reach `max_active_keys` yet? {{(pid=81991) load_keys /opt/stack/keystone/keystone/common/fernet_utils.py:297}}
Feb 24 11:38:14 ubuntu devstack@keystone.service[81990]: DEBUG keystone.server.flask.request_processing.middleware.auth_context [None req-f81d4948-ef3f-467c-aa7f-81f9cc774162 None None] Validating token access rules against request {{(pid=81990) validate_allowed_request /opt/stack/data/venv/lib/python3.10/site-packages/keystonemiddleware/auth_token/__init__.py:545}}
Feb 24 11:38:14 ubuntu devstack@keystone.service[81991]: [pid: 81991|app: 0|req: 14/26] 10.201.5.82 () {58 vars in 1017 bytes} [Tue Feb 24 11:38:14 2026] POST /identity/v3/auth/tokens => generated 862 bytes in 55 msecs (HTTP/1.1 201) 6 headers in 363 bytes (1 switches on core 0)
Feb 24 11:38:15 ubuntu devstack@keystone.service[81990]: DEBUG keystone.server.flask.request_processing.middleware.auth_context [None req-1a53a655-f3f3-47c2-8f5d-6eeadf6fc9b8 None admin] RBAC: auth_context: {'token': <TokenModel (audit_id=8mxCBKjDQ0C3DeIEL15pCw, audit_chain_id=['8mxCBKjDQ0C3DeIEL15pCw']) at 0x7f965bc7a2c0>, 'domain_id': None, 'trust_id': None, 'trustor_id': None, 'trustee_id': None, 'domain_name': None, 'group_ids': [], 'user_id': '2ec25a21d0354f33b721d9cffdce9260', 'user_domain_id': 'default', 'system_scope': 'all', 'project_id': None, 'project_domain_id': None, 'roles': ['admin', 'manager', 'member', 'reader'], 'is_admin_project': True, 'service_user_id': None, 'service_user_domain_id': None, 'service_project_id': None, 'service_project_domain_id': None, 'service_roles': []} {{(pid=81990) fill_context /opt/stack/keystone/keystone/server/flask/request_processing/middleware/auth_context.py:509}}
Feb 24 11:38:15 ubuntu devstack@keystone.service[81990]: DEBUG keystone.server.flask.request_processing.req_logging [None req-1a53a655-f3f3-47c2-8f5d-6eeadf6fc9b8 None admin] REQUEST_METHOD: `GET` {{(pid=81990) log_request_info /opt/stack/keystone/keystone/server/flask/request_processing/req_logging.py:26}}
Feb 24 11:38:15 ubuntu devstack@keystone.service[81990]: DEBUG keystone.server.flask.request_processing.req_logging [None req-1a53a655-f3f3-47c2-8f5d-6eeadf6fc9b8 None admin] SCRIPT_NAME: `/identity` {{(pid=81990) log_request_info /opt/stack/keystone/keystone/server/flask/request_processing/req_logging.py:27}}
Feb 24 11:38:15 ubuntu devstack@keystone.service[81990]: DEBUG keystone.server.flask.request_processing.req_logging [None req-1a53a655-f3f3-47c2-8f5d-6eeadf6fc9b8 None admin] PATH_INFO: `/v3/roles/admin` {{(pid=81990) log_request_info /opt/stack/keystone/keystone/server/flask/request_processing/req_logging.py:28}}
Feb 24 11:38:15 ubuntu devstack@keystone.service[81990]: DEBUG keystone.common.rbac_enforcer.enforcer [None req-1a53a655-f3f3-47c2-8f5d-6eeadf6fc9b8 None admin] Extracting inferred target data resulted in "NOT FOUND (404)". {{(pid=81990) enforce_call /opt/stack/keystone/keystone/common/rbac_enforcer/enforcer.py:445}}
Feb 24 11:38:15 ubuntu devstack@keystone.service[81990]: DEBUG keystone.server.flask.application [None req-1a53a655-f3f3-47c2-8f5d-6eeadf6fc9b8 None admin] Could not find role: admin. {{(pid=81990) _handle_keystone_exception /opt/stack/keystone/keystone/server/flask/application.py:146}}
Feb 24 11:38:15 ubuntu devstack@keystone.service[81990]: [pid: 81990|app: 0|req: 13/27] 10.201.5.82 () {56 vars in 1133 bytes} [Tue Feb 24 11:38:14 2026] GET /identity/v3/roles/admin => generated 83 bytes in 97 msecs (HTTP/1.1 404) 5 headers in 183 bytes (1 switches on core 0)
Feb 24 11:38:15 ubuntu devstack@keystone.service[81991]: DEBUG keystone.server.flask.request_processing.middleware.auth_context [None req-48ec0960-c2f1-4544-9612-8ab8f71f215e None None] Authenticating user token {{(pid=81991) process_request /opt/stack/data/venv/lib/python3.10/site-packages/keystonemiddleware/auth_token/__init__.py:407}}
Feb 24 11:38:15 ubuntu devstack@keystone.service[81991]: DEBUG keystone.server.flask.request_processing.middleware.auth_context [None req-48ec0960-c2f1-4544-9612-8ab8f71f215e None None] Validating token access rules against request {{(pid=81991) validate_allowed_request /opt/stack/data/venv/lib/python3.10/site-packages/keystonemiddleware/auth_token/__init__.py:545}}
Feb 24 11:38:15 ubuntu devstack@keystone.service[81991]: DEBUG keystone.server.flask.request_processing.middleware.auth_context [None req-618dbdda-2b27-40ca-89c7-d2251173d93e None admin] RBAC: auth_context: {'token': <TokenModel (audit_id=8mxCBKjDQ0C3DeIEL15pCw, audit_chain_id=['8mxCBKjDQ0C3DeIEL15pCw']) at 0x7f965bcc9ae0>, 'domain_id': None, 'trust_id': None, 'trustor_id': None, 'trustee_id': None, 'domain_name': None, 'group_ids': [], 'user_id': '2ec25a21d0354f33b721d9cffdce9260', 'user_domain_id': 'default', 'system_scope': 'all', 'project_id': None, 'project_domain_id': None, 'roles': ['admin', 'manager', 'member', 'reader'], 'is_admin_project': True, 'service_user_id': None, 'service_user_domain_id': None, 'service_project_id': None, 'service_project_domain_id': None, 'service_roles': []} {{(pid=81991) fill_context /opt/stack/keystone/keystone/server/flask/request_processing/middleware/auth_context.py:509}}
Feb 24 11:38:15 ubuntu devstack@keystone.service[81991]: DEBUG keystone.server.flask.request_processing.req_logging [None req-618dbdda-2b27-40ca-89c7-d2251173d93e None admin] REQUEST_METHOD: `GET` {{(pid=81991) log_request_info /opt/stack/keystone/keystone/server/flask/request_processing/req_logging.py:26}}
Feb 24 11:38:15 ubuntu devstack@keystone.service[81991]: DEBUG keystone.server.flask.request_processing.req_logging [None req-618dbdda-2b27-40ca-89c7-d2251173d93e None admin] SCRIPT_NAME: `/identity` {{(pid=81991) log_request_info /opt/stack/keystone/keystone/server/flask/request_processing/req_logging.py:27}}
Feb 24 11:38:15 ubuntu devstack@keystone.service[81991]: DEBUG keystone.server.flask.request_processing.req_logging [None req-618dbdda-2b27-40ca-89c7-d2251173d93e None admin] PATH_INFO: `/v3/roles` {{(pid=81991) log_request_info /opt/stack/keystone/keystone/server/flask/request_processing/req_logging.py:28}}
Feb 24 11:38:15 ubuntu devstack@keystone.service[81991]: DEBUG keystone.common.rbac_enforcer.enforcer [None req-618dbdda-2b27-40ca-89c7-d2251173d93e None admin] RBAC: Adding query filter params (name=admin) {{(pid=81991) _extract_filter_values /opt/stack/keystone/keystone/common/rbac_enforcer/enforcer.py:176}}
Feb 24 11:38:15 ubuntu devstack@keystone.service[81991]: DEBUG keystone.common.rbac_enforcer.enforcer [None req-618dbdda-2b27-40ca-89c7-d2251173d93e None admin] RBAC: Authorizing `identity:list_roles()` {{(pid=81991) enforce_call /opt/stack/keystone/keystone/common/rbac_enforcer/enforcer.py:494}}
Feb 24 11:38:15 ubuntu devstack@keystone.service[81991]: DEBUG keystone.common.rbac_enforcer.enforcer [None req-618dbdda-2b27-40ca-89c7-d2251173d93e None admin] RBAC: Authorization granted {{(pid=81991) enforce_call /opt/stack/keystone/keystone/common/rbac_enforcer/enforcer.py:505}}
Feb 24 11:38:15 ubuntu devstack@keystone.service[81991]: [pid: 81991|app: 0|req: 15/28] 10.201.5.82 () {56 vars in 1149 bytes} [Tue Feb 24 11:38:15 2026] GET /identity/v3/roles?name=admin => generated 339 bytes in 59 msecs (HTTP/1.1 200) 5 headers in 177 bytes (1 switches on core 0)
Feb 24 11:38:15 ubuntu devstack@keystone.service[81990]: DEBUG keystone.server.flask.request_processing.middleware.auth_context [None req-1a53a655-f3f3-47c2-8f5d-6eeadf6fc9b8 None admin] Authenticating user token {{(pid=81990) process_request /opt/stack/data/venv/lib/python3.10/site-packages/keystonemiddleware/auth_token/__init__.py:407}}
Feb 24 11:38:15 ubuntu devstack@keystone.service[81990]: DEBUG keystone.server.flask.request_processing.middleware.auth_context [None req-1a53a655-f3f3-47c2-8f5d-6eeadf6fc9b8 None admin] Validating token access rules against request {{(pid=81990) validate_allowed_request /opt/stack/data/venv/lib/python3.10/site-packages/keystonemiddleware/auth_token/__init__.py:545}}
Feb 24 11:38:15 ubuntu devstack@keystone.service[81990]: DEBUG keystone.server.flask.request_processing.middleware.auth_context [None req-20bd058b-36fd-4525-9cde-1844a7d7715a None admin] RBAC: auth_context: {'token': <TokenModel (audit_id=8mxCBKjDQ0C3DeIEL15pCw, audit_chain_id=['8mxCBKjDQ0C3DeIEL15pCw']) at 0x7f965bcc5c60>, 'domain_id': None, 'trust_id': None, 'trustor_id': None, 'trustee_id': None, 'domain_name': None, 'group_ids': [], 'user_id': '2ec25a21d0354f33b721d9cffdce9260', 'user_domain_id': 'default', 'system_scope': 'all', 'project_id': None, 'project_domain_id': None, 'roles': ['admin', 'manager', 'member', 'reader'], 'is_admin_project': True, 'service_user_id': None, 'service_user_domain_id': None, 'service_project_id': None, 'service_project_domain_id': None, 'service_roles': []} {{(pid=81990) fill_context /opt/stack/keystone/keystone/server/flask/request_processing/middleware/auth_context.py:509}}
Feb 24 11:38:15 ubuntu devstack@keystone.service[81990]: DEBUG keystone.server.flask.request_processing.req_logging [None req-20bd058b-36fd-4525-9cde-1844a7d7715a None admin] REQUEST_METHOD: `GET` {{(pid=81990) log_request_info /opt/stack/keystone/keystone/server/flask/request_processing/req_logging.py:26}}
Feb 24 11:38:15 ubuntu devstack@keystone.service[81990]: DEBUG keystone.server.flask.request_processing.req_logging [None req-20bd058b-36fd-4525-9cde-1844a7d7715a None admin] SCRIPT_NAME: `/identity` {{(pid=81990) log_request_info /opt/stack/keystone/keystone/server/flask/request_processing/req_logging.py:27}}
Feb 24 11:38:15 ubuntu devstack@keystone.service[81990]: DEBUG keystone.server.flask.request_processing.req_logging [None req-20bd058b-36fd-4525-9cde-1844a7d7715a None admin] PATH_INFO: `/v3/users/2ec25a21d0354f33b721d9cffdce9260` {{(pid=81990) log_request_info /opt/stack/keystone/keystone/server/flask/request_processing/req_logging.py:28}}
Feb 24 11:38:15 ubuntu devstack@keystone.service[81990]: DEBUG keystone.common.rbac_enforcer.enforcer [None req-20bd058b-36fd-4525-9cde-1844a7d7715a None admin] RBAC: Authorizing `identity:get_user(user_id=2ec25a21d0354f33b721d9cffdce9260)` {{(pid=81990) enforce_call /opt/stack/keystone/keystone/common/rbac_enforcer/enforcer.py:494}}
Feb 24 11:38:15 ubuntu devstack@keystone.service[81990]: DEBUG keystone.common.rbac_enforcer.enforcer [None req-20bd058b-36fd-4525-9cde-1844a7d7715a None admin] RBAC: Authorization granted {{(pid=81990) enforce_call /opt/stack/keystone/keystone/common/rbac_enforcer/enforcer.py:505}}
Feb 24 11:38:15 ubuntu devstack@keystone.service[81990]: [pid: 81990|app: 0|req: 14/29] 10.201.5.82 () {56 vars in 1214 bytes} [Tue Feb 24 11:38:15 2026] GET /identity/v3/users/2ec25a21d0354f33b721d9cffdce9260 => generated 247 bytes in 73 msecs (HTTP/1.1 200) 5 headers in 177 bytes (1 switches on core 0)
Feb 24 11:38:15 ubuntu devstack@keystone.service[81991]: DEBUG keystone.server.flask.request_processing.middleware.auth_context [None req-618dbdda-2b27-40ca-89c7-d2251173d93e None admin] Authenticating user token {{(pid=81991) process_request /opt/stack/data/venv/lib/python3.10/site-packages/keystonemiddleware/auth_token/__init__.py:407}}
Feb 24 11:38:15 ubuntu devstack@keystone.service[81990]: DEBUG keystone.server.flask.request_processing.middleware.auth_context [None req-20bd058b-36fd-4525-9cde-1844a7d7715a None admin] Authenticating user token {{(pid=81990) process_request /opt/stack/data/venv/lib/python3.10/site-packages/keystonemiddleware/auth_token/__init__.py:407}}
Feb 24 11:38:15 ubuntu devstack@keystone.service[81991]: DEBUG keystone.server.flask.request_processing.middleware.auth_context [None req-618dbdda-2b27-40ca-89c7-d2251173d93e None admin] Validating token access rules against request {{(pid=81991) validate_allowed_request /opt/stack/data/venv/lib/python3.10/site-packages/keystonemiddleware/auth_token/__init__.py:545}}
Feb 24 11:38:15 ubuntu devstack@keystone.service[81990]: DEBUG keystone.server.flask.request_processing.middleware.auth_context [None req-20bd058b-36fd-4525-9cde-1844a7d7715a None admin] Validating token access rules against request {{(pid=81990) validate_allowed_request /opt/stack/data/venv/lib/python3.10/site-packages/keystonemiddleware/auth_token/__init__.py:545}}
Feb 24 11:38:15 ubuntu devstack@keystone.service[81991]: DEBUG keystone.server.flask.request_processing.middleware.auth_context [None req-ccd288c0-37e4-4ac0-9b17-4ddaa1c82912 None admin] RBAC: auth_context: {'token': <TokenModel (audit_id=8mxCBKjDQ0C3DeIEL15pCw, audit_chain_id=['8mxCBKjDQ0C3DeIEL15pCw']) at 0x7f965c6c5330>, 'domain_id': None, 'trust_id': None, 'trustor_id': None, 'trustee_id': None, 'domain_name': None, 'group_ids': [], 'user_id': '2ec25a21d0354f33b721d9cffdce9260', 'user_domain_id': 'default', 'system_scope': 'all', 'project_id': None, 'project_domain_id': None, 'roles': ['admin', 'manager', 'member', 'reader'], 'is_admin_project': True, 'service_user_id': None, 'service_user_domain_id': None, 'service_project_id': None, 'service_project_domain_id': None, 'service_roles': []} {{(pid=81991) fill_context /opt/stack/keystone/keystone/server/flask/request_processing/middleware/auth_context.py:509}}
Feb 24 11:38:15 ubuntu devstack@keystone.service[81991]: DEBUG keystone.server.flask.request_processing.req_logging [None req-ccd288c0-37e4-4ac0-9b17-4ddaa1c82912 None admin] REQUEST_METHOD: `GET` {{(pid=81991) log_request_info /opt/stack/keystone/keystone/server/flask/request_processing/req_logging.py:26}}
Feb 24 11:38:15 ubuntu devstack@keystone.service[81991]: DEBUG keystone.server.flask.request_processing.req_logging [None req-ccd288c0-37e4-4ac0-9b17-4ddaa1c82912 None admin] SCRIPT_NAME: `/identity` {{(pid=81991) log_request_info /opt/stack/keystone/keystone/server/flask/request_processing/req_logging.py:27}}
Feb 24 11:38:15 ubuntu devstack@keystone.service[81991]: DEBUG keystone.server.flask.request_processing.req_logging [None req-ccd288c0-37e4-4ac0-9b17-4ddaa1c82912 None admin] PATH_INFO: `/v3/domains/default` {{(pid=81991) log_request_info /opt/stack/keystone/keystone/server/flask/request_processing/req_logging.py:28}}
Feb 24 11:38:15 ubuntu devstack@keystone.service[81991]: DEBUG keystone.common.rbac_enforcer.enforcer [None req-ccd288c0-37e4-4ac0-9b17-4ddaa1c82912 None admin] RBAC: Authorizing `identity:get_domain(domain_id=default)` {{(pid=81991) enforce_call /opt/stack/keystone/keystone/common/rbac_enforcer/enforcer.py:494}}
Feb 24 11:38:15 ubuntu devstack@keystone.service[81991]: DEBUG keystone.common.rbac_enforcer.enforcer [None req-ccd288c0-37e4-4ac0-9b17-4ddaa1c82912 None admin] RBAC: Authorization granted {{(pid=81991) enforce_call /opt/stack/keystone/keystone/common/rbac_enforcer/enforcer.py:505}}
Feb 24 11:38:15 ubuntu devstack@keystone.service[81991]: [pid: 81991|app: 0|req: 16/30] 10.201.5.82 () {56 vars in 1145 bytes} [Tue Feb 24 11:38:15 2026] GET /identity/v3/domains/default => generated 199 bytes in 94 msecs (HTTP/1.1 200) 5 headers in 177 bytes (1 switches on core 0)
Feb 24 11:38:15 ubuntu devstack@keystone.service[81991]: DEBUG keystone.server.flask.request_processing.middleware.auth_context [None req-ccd288c0-37e4-4ac0-9b17-4ddaa1c82912 None admin] Authenticating user token {{(pid=81991) process_request /opt/stack/data/venv/lib/python3.10/site-packages/keystonemiddleware/auth_token/__init__.py:407}}
Feb 24 11:38:15 ubuntu devstack@keystone.service[81991]: DEBUG keystone.server.flask.request_processing.middleware.auth_context [None req-ccd288c0-37e4-4ac0-9b17-4ddaa1c82912 None admin] Validating token access rules against request {{(pid=81991) validate_allowed_request /opt/stack/data/venv/lib/python3.10/site-packages/keystonemiddleware/auth_token/__init__.py:545}}
Feb 24 11:38:15 ubuntu devstack@keystone.service[81990]: DEBUG keystone.server.flask.request_processing.middleware.auth_context [None req-0a84bf02-447a-48d9-9730-dbc0ebb53d70 None admin] RBAC: auth_context: {'token': <TokenModel (audit_id=skwkbvuITDqUTgBALMj7-w, audit_chain_id=['skwkbvuITDqUTgBALMj7-w']) at 0x7f965bcc6800>, 'domain_id': None, 'trust_id': None, 'trustor_id': None, 'trustee_id': None, 'domain_name': None, 'group_ids': [], 'user_id': '2ec25a21d0354f33b721d9cffdce9260', 'user_domain_id': 'default', 'system_scope': 'all', 'project_id': None, 'project_domain_id': None, 'roles': ['admin', 'manager', 'member', 'reader'], 'is_admin_project': True, 'service_user_id': None, 'service_user_domain_id': None, 'service_project_id': None, 'service_project_domain_id': None, 'service_roles': []} {{(pid=81990) fill_context /opt/stack/keystone/keystone/server/flask/request_processing/middleware/auth_context.py:509}}
Feb 24 11:38:15 ubuntu devstack@keystone.service[81990]: DEBUG keystone.server.flask.request_processing.req_logging [None req-0a84bf02-447a-48d9-9730-dbc0ebb53d70 None admin] REQUEST_METHOD: `GET` {{(pid=81990) log_request_info /opt/stack/keystone/keystone/server/flask/request_processing/req_logging.py:26}}
Feb 24 11:38:15 ubuntu devstack@keystone.service[81990]: DEBUG keystone.server.flask.request_processing.req_logging [None req-0a84bf02-447a-48d9-9730-dbc0ebb53d70 None admin] SCRIPT_NAME: `/identity` {{(pid=81990) log_request_info /opt/stack/keystone/keystone/server/flask/request_processing/req_logging.py:27}}
Feb 24 11:38:15 ubuntu devstack@keystone.service[81990]: DEBUG keystone.server.flask.request_processing.req_logging [None req-0a84bf02-447a-48d9-9730-dbc0ebb53d70 None admin] PATH_INFO: `/v3/domains/Default` {{(pid=81990) log_request_info /opt/stack/keystone/keystone/server/flask/request_processing/req_logging.py:28}}
Feb 24 11:38:15 ubuntu devstack@keystone.service[81990]: DEBUG keystone.common.rbac_enforcer.enforcer [None req-0a84bf02-447a-48d9-9730-dbc0ebb53d70 None admin] RBAC: Authorizing `identity:get_domain(domain_id=Default)` {{(pid=81990) enforce_call /opt/stack/keystone/keystone/common/rbac_enforcer/enforcer.py:494}}
Feb 24 11:38:15 ubuntu devstack@keystone.service[81990]: DEBUG keystone.common.rbac_enforcer.enforcer [None req-0a84bf02-447a-48d9-9730-dbc0ebb53d70 None admin] RBAC: Authorization granted {{(pid=81990) enforce_call /opt/stack/keystone/keystone/common/rbac_enforcer/enforcer.py:505}}
Feb 24 11:38:15 ubuntu devstack@keystone.service[81991]: DEBUG keystone.server.flask.request_processing.middleware.auth_context [None req-cba24af9-53bf-4c40-bc37-bbad5603e647 None admin] RBAC: auth_context: {'token': <TokenModel (audit_id=8mxCBKjDQ0C3DeIEL15pCw, audit_chain_id=['8mxCBKjDQ0C3DeIEL15pCw']) at 0x7f965bc92830>, 'domain_id': None, 'trust_id': None, 'trustor_id': None, 'trustee_id': None, 'domain_name': None, 'group_ids': [], 'user_id': '2ec25a21d0354f33b721d9cffdce9260', 'user_domain_id': 'default', 'system_scope': 'all', 'project_id': None, 'project_domain_id': None, 'roles': ['admin', 'manager', 'member', 'reader'], 'is_admin_project': True, 'service_user_id': None, 'service_user_domain_id': None, 'service_project_id': None, 'service_project_domain_id': None, 'service_roles': []} {{(pid=81991) fill_context /opt/stack/keystone/keystone/server/flask/request_processing/middleware/auth_context.py:509}}
Feb 24 11:38:15 ubuntu devstack@keystone.service[81991]: DEBUG keystone.server.flask.request_processing.req_logging [None req-cba24af9-53bf-4c40-bc37-bbad5603e647 None admin] REQUEST_METHOD: `GET` {{(pid=81991) log_request_info /opt/stack/keystone/keystone/server/flask/request_processing/req_logging.py:26}}
Feb 24 11:38:15 ubuntu devstack@keystone.service[81991]: DEBUG keystone.server.flask.request_processing.req_logging [None req-cba24af9-53bf-4c40-bc37-bbad5603e647 None admin] SCRIPT_NAME: `/identity` {{(pid=81991) log_request_info /opt/stack/keystone/keystone/server/flask/request_processing/req_logging.py:27}}
Feb 24 11:38:15 ubuntu devstack@keystone.service[81991]: DEBUG keystone.server.flask.request_processing.req_logging [None req-cba24af9-53bf-4c40-bc37-bbad5603e647 None admin] PATH_INFO: `/v3/role_assignments` {{(pid=81991) log_request_info /opt/stack/keystone/keystone/server/flask/request_processing/req_logging.py:28}}
Feb 24 11:38:15 ubuntu devstack@keystone.service[81991]: DEBUG keystone.common.rbac_enforcer.enforcer [None req-cba24af9-53bf-4c40-bc37-bbad5603e647 None admin] RBAC: Adding query filter params (role.id=52514ce92d984edba298dd769dd615f7, scope.domain.id=default, user.id=2ec25a21d0354f33b721d9cffdce9260) {{(pid=81991) _extract_filter_values /opt/stack/keystone/keystone/common/rbac_enforcer/enforcer.py:176}}
Feb 24 11:38:15 ubuntu devstack@keystone.service[81991]: DEBUG keystone.common.rbac_enforcer.enforcer [None req-cba24af9-53bf-4c40-bc37-bbad5603e647 None admin] RBAC: Authorizing `identity:list_role_assignments()` {{(pid=81991) enforce_call /opt/stack/keystone/keystone/common/rbac_enforcer/enforcer.py:494}}
Feb 24 11:38:15 ubuntu devstack@keystone.service[81991]: DEBUG keystone.common.rbac_enforcer.enforcer [None req-cba24af9-53bf-4c40-bc37-bbad5603e647 None admin] RBAC: Authorization granted {{(pid=81991) enforce_call /opt/stack/keystone/keystone/common/rbac_enforcer/enforcer.py:505}}
Feb 24 11:38:15 ubuntu devstack@keystone.service[81991]: [pid: 81991|app: 0|req: 17/31] 10.201.5.82 () {56 vars in 1372 bytes} [Tue Feb 24 11:38:15 2026] GET /identity/v3/role_assignments?role.id=52514ce92d984edba298dd769dd615f7&scope.domain.id=default&user.id=2ec25a21d0354f33b721d9cffdce9260 => generated 530 bytes in 64 msecs (HTTP/1.1 200) 5 headers in 177 bytes (1 switches on core 0)
Feb 24 11:38:15 ubuntu devstack@keystone.service[81991]: DEBUG keystone.server.flask.request_processing.req_logging [None req-1864200f-9bae-4e6e-9285-c7ad6674ec06 None None] REQUEST_METHOD: `GET` {{(pid=81991) log_request_info /opt/stack/keystone/keystone/server/flask/request_processing/req_logging.py:26}}
Feb 24 11:38:15 ubuntu devstack@keystone.service[81991]: DEBUG keystone.server.flask.request_processing.req_logging [None req-1864200f-9bae-4e6e-9285-c7ad6674ec06 None None] SCRIPT_NAME: `/identity` {{(pid=81991) log_request_info /opt/stack/keystone/keystone/server/flask/request_processing/req_logging.py:27}}
Feb 24 11:38:15 ubuntu devstack@keystone.service[81991]: DEBUG keystone.server.flask.request_processing.req_logging [None req-1864200f-9bae-4e6e-9285-c7ad6674ec06 None None] PATH_INFO: `/` {{(pid=81991) log_request_info /opt/stack/keystone/keystone/server/flask/request_processing/req_logging.py:28}}
Feb 24 11:38:15 ubuntu devstack@keystone.service[81991]: [pid: 81991|app: 0|req: 18/32] 10.201.5.82 () {54 vars in 920 bytes} [Tue Feb 24 11:38:15 2026] GET /identity => generated 270 bytes in 2 msecs (HTTP/1.1 300) 6 headers in 234 bytes (1 switches on core 0)
Feb 24 11:38:15 ubuntu devstack@keystone.service[81990]: DEBUG keystone.server.flask.application [None req-0a84bf02-447a-48d9-9730-dbc0ebb53d70 None admin] Could not find domain: Default. {{(pid=81990) _handle_keystone_exception /opt/stack/keystone/keystone/server/flask/application.py:146}}
Feb 24 11:38:15 ubuntu devstack@keystone.service[81990]: [pid: 81990|app: 0|req: 15/33] 10.201.5.82 () {56 vars in 1145 bytes} [Tue Feb 24 11:38:15 2026] GET /identity/v3/domains/Default => generated 87 bytes in 140 msecs (HTTP/1.1 404) 5 headers in 183 bytes (1 switches on core 0)
Feb 24 11:38:15 ubuntu devstack@keystone.service[81991]: DEBUG keystone.server.flask.request_processing.req_logging [None req-397fb926-acfb-4fbb-8dbc-2032718a2b29 None None] REQUEST_METHOD: `POST` {{(pid=81991) log_request_info /opt/stack/keystone/keystone/server/flask/request_processing/req_logging.py:26}}
Feb 24 11:38:15 ubuntu devstack@keystone.service[81991]: DEBUG keystone.server.flask.request_processing.req_logging [None req-397fb926-acfb-4fbb-8dbc-2032718a2b29 None None] SCRIPT_NAME: `/identity` {{(pid=81991) log_request_info /opt/stack/keystone/keystone/server/flask/request_processing/req_logging.py:27}}
Feb 24 11:38:15 ubuntu devstack@keystone.service[81991]: DEBUG keystone.server.flask.request_processing.req_logging [None req-397fb926-acfb-4fbb-8dbc-2032718a2b29 None None] PATH_INFO: `/v3/auth/tokens` {{(pid=81991) log_request_info /opt/stack/keystone/keystone/server/flask/request_processing/req_logging.py:28}}
Feb 24 11:38:15 ubuntu devstack@keystone.service[81990]: DEBUG keystone.server.flask.request_processing.middleware.auth_context [None req-0a84bf02-447a-48d9-9730-dbc0ebb53d70 None admin] Authenticating user token {{(pid=81990) process_request /opt/stack/data/venv/lib/python3.10/site-packages/keystonemiddleware/auth_token/__init__.py:407}}
Feb 24 11:38:15 ubuntu devstack@keystone.service[81991]: WARNING keystone.common.password_hashing [None req-397fb926-acfb-4fbb-8dbc-2032718a2b29 None None] Truncating password to algorithm specific maximum length 72 characters.
Feb 24 11:38:15 ubuntu devstack@keystone.service[81991]: DEBUG keystone.auth.core [None req-397fb926-acfb-4fbb-8dbc-2032718a2b29 None None] MFA Rules not processed for user `2ec25a21d0354f33b721d9cffdce9260`. Rule list: `[]` (Enabled: `True`). {{(pid=81991) check_auth_methods_against_rules /opt/stack/keystone/keystone/auth/core.py:476}}
Feb 24 11:38:15 ubuntu devstack@keystone.service[81991]: DEBUG keystone.common.fernet_utils [None req-397fb926-acfb-4fbb-8dbc-2032718a2b29 None None] Loaded 2 Fernet keys from /etc/keystone/fernet-keys/, but `[fernet_tokens] max_active_keys = 3`; perhaps there have not been enough key rotations to reach `max_active_keys` yet? {{(pid=81991) load_keys /opt/stack/keystone/keystone/common/fernet_utils.py:297}}
Feb 24 11:38:15 ubuntu devstack@keystone.service[81991]: [pid: 81991|app: 0|req: 19/34] 10.201.5.82 () {58 vars in 1017 bytes} [Tue Feb 24 11:38:15 2026] POST /identity/v3/auth/tokens => generated 862 bytes in 58 msecs (HTTP/1.1 201) 6 headers in 363 bytes (1 switches on core 0)
Feb 24 11:38:15 ubuntu devstack@keystone.service[81990]: DEBUG keystone.server.flask.request_processing.middleware.auth_context [None req-0a84bf02-447a-48d9-9730-dbc0ebb53d70 None admin] Validating token access rules against request {{(pid=81990) validate_allowed_request /opt/stack/data/venv/lib/python3.10/site-packages/keystonemiddleware/auth_token/__init__.py:545}}
Feb 24 11:38:15 ubuntu devstack@keystone.service[81991]: DEBUG keystone.server.flask.request_processing.req_logging [None req-f185cdc5-a96e-4d78-8fc6-8e428b1abb3d None None] REQUEST_METHOD: `GET` {{(pid=81991) log_request_info /opt/stack/keystone/keystone/server/flask/request_processing/req_logging.py:26}}
Feb 24 11:38:15 ubuntu devstack@keystone.service[81991]: DEBUG keystone.server.flask.request_processing.req_logging [None req-f185cdc5-a96e-4d78-8fc6-8e428b1abb3d None None] SCRIPT_NAME: `/identity` {{(pid=81991) log_request_info /opt/stack/keystone/keystone/server/flask/request_processing/req_logging.py:27}}
Feb 24 11:38:15 ubuntu devstack@keystone.service[81991]: DEBUG keystone.server.flask.request_processing.req_logging [None req-f185cdc5-a96e-4d78-8fc6-8e428b1abb3d None None] PATH_INFO: `/` {{(pid=81991) log_request_info /opt/stack/keystone/keystone/server/flask/request_processing/req_logging.py:28}}
Feb 24 11:38:15 ubuntu devstack@keystone.service[81991]: [pid: 81991|app: 0|req: 20/35] 10.201.5.82 () {54 vars in 920 bytes} [Tue Feb 24 11:38:15 2026] GET /identity => generated 270 bytes in 1 msecs (HTTP/1.1 300) 6 headers in 234 bytes (2 switches on core 0)
Feb 24 11:38:15 ubuntu devstack@keystone.service[81991]: DEBUG keystone.server.flask.request_processing.req_logging [None req-b6a3101c-efce-4a58-9d38-f7b7c74d2f7b None None] REQUEST_METHOD: `POST` {{(pid=81991) log_request_info /opt/stack/keystone/keystone/server/flask/request_processing/req_logging.py:26}}
Feb 24 11:38:15 ubuntu devstack@keystone.service[81991]: DEBUG keystone.server.flask.request_processing.req_logging [None req-b6a3101c-efce-4a58-9d38-f7b7c74d2f7b None None] SCRIPT_NAME: `/identity` {{(pid=81991) log_request_info /opt/stack/keystone/keystone/server/flask/request_processing/req_logging.py:27}}
Feb 24 11:38:15 ubuntu devstack@keystone.service[81991]: DEBUG keystone.server.flask.request_processing.req_logging [None req-b6a3101c-efce-4a58-9d38-f7b7c74d2f7b None None] PATH_INFO: `/v3/auth/tokens` {{(pid=81991) log_request_info /opt/stack/keystone/keystone/server/flask/request_processing/req_logging.py:28}}
Feb 24 11:38:15 ubuntu devstack@keystone.service[81991]: WARNING keystone.common.password_hashing [None req-b6a3101c-efce-4a58-9d38-f7b7c74d2f7b None None] Truncating password to algorithm specific maximum length 72 characters.
Feb 24 11:38:15 ubuntu devstack@keystone.service[81991]: DEBUG keystone.auth.core [None req-b6a3101c-efce-4a58-9d38-f7b7c74d2f7b None None] MFA Rules not processed for user `2ec25a21d0354f33b721d9cffdce9260`. Rule list: `[]` (Enabled: `True`). {{(pid=81991) check_auth_methods_against_rules /opt/stack/keystone/keystone/auth/core.py:476}}
Feb 24 11:38:15 ubuntu devstack@keystone.service[81991]: DEBUG keystone.common.fernet_utils [None req-b6a3101c-efce-4a58-9d38-f7b7c74d2f7b None None] Loaded 2 Fernet keys from /etc/keystone/fernet-keys/, but `[fernet_tokens] max_active_keys = 3`; perhaps there have not been enough key rotations to reach `max_active_keys` yet? {{(pid=81991) load_keys /opt/stack/keystone/keystone/common/fernet_utils.py:297}}
Feb 24 11:38:15 ubuntu devstack@keystone.service[81990]: DEBUG keystone.server.flask.request_processing.middleware.auth_context [None req-09d12c5a-b1b8-41a6-9707-146d7d0391d3 None admin] RBAC: auth_context: {'token': <TokenModel (audit_id=skwkbvuITDqUTgBALMj7-w, audit_chain_id=['skwkbvuITDqUTgBALMj7-w']) at 0x7f965b99a0e0>, 'domain_id': None, 'trust_id': None, 'trustor_id': None, 'trustee_id': None, 'domain_name': None, 'group_ids': [], 'user_id': '2ec25a21d0354f33b721d9cffdce9260', 'user_domain_id': 'default', 'system_scope': 'all', 'project_id': None, 'project_domain_id': None, 'roles': ['admin', 'manager', 'member', 'reader'], 'is_admin_project': True, 'service_user_id': None, 'service_user_domain_id': None, 'service_project_id': None, 'service_project_domain_id': None, 'service_roles': []} {{(pid=81990) fill_context /opt/stack/keystone/keystone/server/flask/request_processing/middleware/auth_context.py:509}}
Feb 24 11:38:15 ubuntu devstack@keystone.service[81990]: DEBUG keystone.server.flask.request_processing.req_logging [None req-09d12c5a-b1b8-41a6-9707-146d7d0391d3 None admin] REQUEST_METHOD: `GET` {{(pid=81990) log_request_info /opt/stack/keystone/keystone/server/flask/request_processing/req_logging.py:26}}
Feb 24 11:38:15 ubuntu devstack@keystone.service[81990]: DEBUG keystone.server.flask.request_processing.req_logging [None req-09d12c5a-b1b8-41a6-9707-146d7d0391d3 None admin] SCRIPT_NAME: `/identity` {{(pid=81990) log_request_info /opt/stack/keystone/keystone/server/flask/request_processing/req_logging.py:27}}
Feb 24 11:38:15 ubuntu devstack@keystone.service[81990]: DEBUG keystone.server.flask.request_processing.req_logging [None req-09d12c5a-b1b8-41a6-9707-146d7d0391d3 None admin] PATH_INFO: `/v3/domains` {{(pid=81990) log_request_info /opt/stack/keystone/keystone/server/flask/request_processing/req_logging.py:28}}
Feb 24 11:38:15 ubuntu devstack@keystone.service[81990]: DEBUG keystone.common.rbac_enforcer.enforcer [None req-09d12c5a-b1b8-41a6-9707-146d7d0391d3 None admin] RBAC: Adding query filter params (name=Default) {{(pid=81990) _extract_filter_values /opt/stack/keystone/keystone/common/rbac_enforcer/enforcer.py:176}}
Feb 24 11:38:15 ubuntu devstack@keystone.service[81990]: DEBUG keystone.common.rbac_enforcer.enforcer [None req-09d12c5a-b1b8-41a6-9707-146d7d0391d3 None admin] RBAC: Authorizing `identity:list_domains()` {{(pid=81990) enforce_call /opt/stack/keystone/keystone/common/rbac_enforcer/enforcer.py:494}}
Feb 24 11:38:15 ubuntu devstack@keystone.service[81990]: DEBUG keystone.common.rbac_enforcer.enforcer [None req-09d12c5a-b1b8-41a6-9707-146d7d0391d3 None admin] RBAC: Authorization granted {{(pid=81990) enforce_call /opt/stack/keystone/keystone/common/rbac_enforcer/enforcer.py:505}}
Feb 24 11:38:15 ubuntu devstack@keystone.service[81990]: [pid: 81990|app: 0|req: 16/36] 10.201.5.82 () {56 vars in 1159 bytes} [Tue Feb 24 11:38:15 2026] GET /identity/v3/domains?name=Default => generated 308 bytes in 152 msecs (HTTP/1.1 200) 5 headers in 177 bytes (1 switches on core 0)
Feb 24 11:38:15 ubuntu devstack@keystone.service[81990]: DEBUG keystone.server.flask.request_processing.middleware.auth_context [None req-09d12c5a-b1b8-41a6-9707-146d7d0391d3 None admin] Authenticating user token {{(pid=81990) process_request /opt/stack/data/venv/lib/python3.10/site-packages/keystonemiddleware/auth_token/__init__.py:407}}
Feb 24 11:38:15 ubuntu devstack@keystone.service[81991]: [pid: 81991|app: 0|req: 21/37] 10.201.5.82 () {58 vars in 1017 bytes} [Tue Feb 24 11:38:15 2026] POST /identity/v3/auth/tokens => generated 862 bytes in 90 msecs (HTTP/1.1 201) 6 headers in 363 bytes (1 switches on core 0)
Feb 24 11:38:15 ubuntu devstack@keystone.service[81991]: DEBUG keystone.server.flask.request_processing.middleware.auth_context [None req-b6a3101c-efce-4a58-9d38-f7b7c74d2f7b None None] Authenticating user token {{(pid=81991) process_request /opt/stack/data/venv/lib/python3.10/site-packages/keystonemiddleware/auth_token/__init__.py:407}}
Feb 24 11:38:15 ubuntu devstack@keystone.service[81990]: DEBUG keystone.server.flask.request_processing.middleware.auth_context [None req-09d12c5a-b1b8-41a6-9707-146d7d0391d3 None admin] Validating token access rules against request {{(pid=81990) validate_allowed_request /opt/stack/data/venv/lib/python3.10/site-packages/keystonemiddleware/auth_token/__init__.py:545}}
Feb 24 11:38:15 ubuntu devstack@keystone.service[81991]: DEBUG keystone.server.flask.request_processing.middleware.auth_context [None req-b6a3101c-efce-4a58-9d38-f7b7c74d2f7b None None] Validating token access rules against request {{(pid=81991) validate_allowed_request /opt/stack/data/venv/lib/python3.10/site-packages/keystonemiddleware/auth_token/__init__.py:545}}
Feb 24 11:38:15 ubuntu devstack@keystone.service[81990]: DEBUG keystone.server.flask.request_processing.middleware.auth_context [None req-abdbff54-9458-4be3-a48c-a2ee55a61ad9 None admin] RBAC: auth_context: {'token': <TokenModel (audit_id=skwkbvuITDqUTgBALMj7-w, audit_chain_id=['skwkbvuITDqUTgBALMj7-w']) at 0x7f965bcc7040>, 'domain_id': None, 'trust_id': None, 'trustor_id': None, 'trustee_id': None, 'domain_name': None, 'group_ids': [], 'user_id': '2ec25a21d0354f33b721d9cffdce9260', 'user_domain_id': 'default', 'system_scope': 'all', 'project_id': None, 'project_domain_id': None, 'roles': ['admin', 'manager', 'member', 'reader'], 'is_admin_project': True, 'service_user_id': None, 'service_user_domain_id': None, 'service_project_id': None, 'service_project_domain_id': None, 'service_roles': []} {{(pid=81990) fill_context /opt/stack/keystone/keystone/server/flask/request_processing/middleware/auth_context.py:509}}
Feb 24 11:38:15 ubuntu devstack@keystone.service[81990]: DEBUG keystone.server.flask.request_processing.req_logging [None req-abdbff54-9458-4be3-a48c-a2ee55a61ad9 None admin] REQUEST_METHOD: `POST` {{(pid=81990) log_request_info /opt/stack/keystone/keystone/server/flask/request_processing/req_logging.py:26}}
Feb 24 11:38:15 ubuntu devstack@keystone.service[81990]: DEBUG keystone.server.flask.request_processing.req_logging [None req-abdbff54-9458-4be3-a48c-a2ee55a61ad9 None admin] SCRIPT_NAME: `/identity` {{(pid=81990) log_request_info /opt/stack/keystone/keystone/server/flask/request_processing/req_logging.py:27}}
Feb 24 11:38:15 ubuntu devstack@keystone.service[81990]: DEBUG keystone.server.flask.request_processing.req_logging [None req-abdbff54-9458-4be3-a48c-a2ee55a61ad9 None admin] PATH_INFO: `/v3/projects` {{(pid=81990) log_request_info /opt/stack/keystone/keystone/server/flask/request_processing/req_logging.py:28}}
Feb 24 11:38:15 ubuntu devstack@keystone.service[81990]: DEBUG keystone.common.rbac_enforcer.enforcer [None req-abdbff54-9458-4be3-a48c-a2ee55a61ad9 None admin] RBAC: Authorizing `identity:create_project()` {{(pid=81990) enforce_call /opt/stack/keystone/keystone/common/rbac_enforcer/enforcer.py:494}}
Feb 24 11:38:15 ubuntu devstack@keystone.service[81990]: DEBUG keystone.common.rbac_enforcer.enforcer [None req-abdbff54-9458-4be3-a48c-a2ee55a61ad9 None admin] RBAC: Authorization granted {{(pid=81990) enforce_call /opt/stack/keystone/keystone/common/rbac_enforcer/enforcer.py:505}}
Feb 24 11:38:15 ubuntu devstack@keystone.service[81991]: DEBUG keystone.server.flask.request_processing.middleware.auth_context [None req-757aafe5-d2ba-41f3-8eee-b74d2dcf6fdc None admin] RBAC: auth_context: {'token': <TokenModel (audit_id=5XN_X94rQh2HnMJtAqfpXw, audit_chain_id=['5XN_X94rQh2HnMJtAqfpXw']) at 0x7f965bd573a0>, 'domain_id': None, 'trust_id': None, 'trustor_id': None, 'trustee_id': None, 'domain_name': None, 'group_ids': [], 'user_id': '2ec25a21d0354f33b721d9cffdce9260', 'user_domain_id': 'default', 'system_scope': 'all', 'project_id': None, 'project_domain_id': None, 'roles': ['admin', 'manager', 'member', 'reader'], 'is_admin_project': True, 'service_user_id': None, 'service_user_domain_id': None, 'service_project_id': None, 'service_project_domain_id': None, 'service_roles': []} {{(pid=81991) fill_context /opt/stack/keystone/keystone/server/flask/request_processing/middleware/auth_context.py:509}}
Feb 24 11:38:15 ubuntu devstack@keystone.service[81991]: DEBUG keystone.server.flask.request_processing.req_logging [None req-757aafe5-d2ba-41f3-8eee-b74d2dcf6fdc None admin] REQUEST_METHOD: `POST` {{(pid=81991) log_request_info /opt/stack/keystone/keystone/server/flask/request_processing/req_logging.py:26}}
Feb 24 11:38:15 ubuntu devstack@keystone.service[81991]: DEBUG keystone.server.flask.request_processing.req_logging [None req-757aafe5-d2ba-41f3-8eee-b74d2dcf6fdc None admin] SCRIPT_NAME: `/identity` {{(pid=81991) log_request_info /opt/stack/keystone/keystone/server/flask/request_processing/req_logging.py:27}}
Feb 24 11:38:15 ubuntu devstack@keystone.service[81991]: DEBUG keystone.server.flask.request_processing.req_logging [None req-757aafe5-d2ba-41f3-8eee-b74d2dcf6fdc None admin] PATH_INFO: `/v3/roles` {{(pid=81991) log_request_info /opt/stack/keystone/keystone/server/flask/request_processing/req_logging.py:28}}
Feb 24 11:38:15 ubuntu devstack@keystone.service[81991]: DEBUG keystone.common.rbac_enforcer.enforcer [None req-757aafe5-d2ba-41f3-8eee-b74d2dcf6fdc None admin] RBAC: Authorizing `identity:create_role()` {{(pid=81991) enforce_call /opt/stack/keystone/keystone/common/rbac_enforcer/enforcer.py:494}}
Feb 24 11:38:15 ubuntu devstack@keystone.service[81991]: DEBUG keystone.common.rbac_enforcer.enforcer [None req-757aafe5-d2ba-41f3-8eee-b74d2dcf6fdc None admin] RBAC: Authorization granted {{(pid=81991) enforce_call /opt/stack/keystone/keystone/common/rbac_enforcer/enforcer.py:505}}
Feb 24 11:38:15 ubuntu devstack@keystone.service[81991]: DEBUG keystone.common.sql.core [None req-757aafe5-d2ba-41f3-8eee-b74d2dcf6fdc None admin] Conflict role: (pymysql.err.IntegrityError) (1062, "Duplicate entry 'service-<<null>>' for key 'role.ixu_role_name_domain_id'")
Feb 24 11:38:15 ubuntu devstack@keystone.service[81991]: [SQL: INSERT INTO `role` (id, name, description, extra) VALUES (%(id)s, %(name)s, %(description)s, %(extra)s)]
Feb 24 11:38:15 ubuntu devstack@keystone.service[81991]: [parameters: {'id': 'a08f34b47010416cb9f4b6e8d055255f', 'name': 'service', 'description': None, 'extra': '{}'}]
Feb 24 11:38:15 ubuntu devstack@keystone.service[81991]: (Background on this error at: https://sqlalche.me/e/20/gkpj) {{(pid=81991) wrapper /opt/stack/keystone/keystone/common/sql/core.py:580}}
Feb 24 11:38:15 ubuntu devstack@keystone.service[81991]: ERROR keystone.server.flask.application [None req-757aafe5-d2ba-41f3-8eee-b74d2dcf6fdc None admin] Conflict occurred attempting to store role - Duplicate entry found with name service.: keystone.exception.Conflict: Conflict occurred attempting to store role - Duplicate entry found with name service.
Feb 24 11:38:15 ubuntu devstack@keystone.service[81991]: ERROR keystone.server.flask.application Traceback (most recent call last):
Feb 24 11:38:15 ubuntu devstack@keystone.service[81991]: ERROR keystone.server.flask.application   File "/opt/stack/data/venv/lib/python3.10/site-packages/sqlalchemy/engine/base.py", line 1967, in _exec_single_context
Feb 24 11:38:15 ubuntu devstack@keystone.service[81991]: ERROR keystone.server.flask.application     self.dialect.do_execute(
Feb 24 11:38:15 ubuntu devstack@keystone.service[81991]: ERROR keystone.server.flask.application   File "/opt/stack/data/venv/lib/python3.10/site-packages/sqlalchemy/engine/default.py", line 952, in do_execute
Feb 24 11:38:15 ubuntu devstack@keystone.service[81991]: ERROR keystone.server.flask.application     cursor.execute(statement, parameters)
Feb 24 11:38:15 ubuntu devstack@keystone.service[81991]: ERROR keystone.server.flask.application   File "/opt/stack/data/venv/lib/python3.10/site-packages/pymysql/cursors.py", line 153, in execute
Feb 24 11:38:15 ubuntu devstack@keystone.service[81991]: ERROR keystone.server.flask.application     result = self._query(query)
Feb 24 11:38:15 ubuntu devstack@keystone.service[81991]: ERROR keystone.server.flask.application   File "/opt/stack/data/venv/lib/python3.10/site-packages/pymysql/cursors.py", line 322, in _query
Feb 24 11:38:15 ubuntu devstack@keystone.service[81991]: ERROR keystone.server.flask.application     conn.query(q)
Feb 24 11:38:15 ubuntu devstack@keystone.service[81991]: ERROR keystone.server.flask.application   File "/opt/stack/data/venv/lib/python3.10/site-packages/pymysql/connections.py", line 575, in query
Feb 24 11:38:15 ubuntu devstack@keystone.service[81991]: ERROR keystone.server.flask.application     self._affected_rows = self._read_query_result(unbuffered=unbuffered)
Feb 24 11:38:15 ubuntu devstack@keystone.service[81991]: ERROR keystone.server.flask.application   File "/opt/stack/data/venv/lib/python3.10/site-packages/pymysql/connections.py", line 826, in _read_query_result
Feb 24 11:38:15 ubuntu devstack@keystone.service[81991]: ERROR keystone.server.flask.application     result.read()
Feb 24 11:38:15 ubuntu devstack@keystone.service[81991]: ERROR keystone.server.flask.application   File "/opt/stack/data/venv/lib/python3.10/site-packages/pymysql/connections.py", line 1203, in read
Feb 24 11:38:15 ubuntu devstack@keystone.service[81991]: ERROR keystone.server.flask.application     first_packet = self.connection._read_packet()
Feb 24 11:38:15 ubuntu devstack@keystone.service[81991]: ERROR keystone.server.flask.application   File "/opt/stack/data/venv/lib/python3.10/site-packages/pymysql/connections.py", line 782, in _read_packet
Feb 24 11:38:15 ubuntu devstack@keystone.service[81991]: ERROR keystone.server.flask.application     packet.raise_for_error()
Feb 24 11:38:15 ubuntu devstack@keystone.service[81991]: ERROR keystone.server.flask.application   File "/opt/stack/data/venv/lib/python3.10/site-packages/pymysql/protocol.py", line 219, in raise_for_error
Feb 24 11:38:15 ubuntu devstack@keystone.service[81991]: ERROR keystone.server.flask.application     err.raise_mysql_exception(self._data)
Feb 24 11:38:15 ubuntu devstack@keystone.service[81991]: ERROR keystone.server.flask.application   File "/opt/stack/data/venv/lib/python3.10/site-packages/pymysql/err.py", line 150, in raise_mysql_exception
Feb 24 11:38:15 ubuntu devstack@keystone.service[81991]: ERROR keystone.server.flask.application     raise errorclass(errno, errval)
