Feb 19 11:59:31 ubuntu devstack@keystone.service[82324]: DEBUG keystone.server.flask.request_processing.req_logging [None req-3b955268-f34b-485a-bba0-8d4e407c097d None None] SCRIPT_NAME: `/identity` {{(pid=82324) log_request_info /opt/stack/keystone/keystone/server/flask/request_processing/req_logging.py:27}}
Feb 19 11:59:31 ubuntu devstack@keystone.service[82324]: DEBUG keystone.server.flask.request_processing.req_logging [None req-3b955268-f34b-485a-bba0-8d4e407c097d None None] PATH_INFO: `/` {{(pid=82324) log_request_info /opt/stack/keystone/keystone/server/flask/request_processing/req_logging.py:28}}
Feb 19 11:59:31 ubuntu devstack@keystone.service[82324]: [pid: 82324|app: 0|req: 13/23] 10.201.5.82 () {54 vars in 920 bytes} [Thu Feb 19 11:59:31 2026] GET /identity => generated 270 bytes in 2 msecs (HTTP/1.1 300) 6 headers in 234 bytes (1 switches on core 0)
Feb 19 11:59:31 ubuntu devstack@keystone.service[82325]: DEBUG keystone.server.flask.request_processing.req_logging [None req-4540b82b-0ced-45b7-8138-0588e4699f2e None None] REQUEST_METHOD: `POST` {{(pid=82325) log_request_info /opt/stack/keystone/keystone/server/flask/request_processing/req_logging.py:26}}
Feb 19 11:59:31 ubuntu devstack@keystone.service[82325]: DEBUG keystone.server.flask.request_processing.req_logging [None req-4540b82b-0ced-45b7-8138-0588e4699f2e None None] SCRIPT_NAME: `/identity` {{(pid=82325) log_request_info /opt/stack/keystone/keystone/server/flask/request_processing/req_logging.py:27}}
Feb 19 11:59:31 ubuntu devstack@keystone.service[82325]: DEBUG keystone.server.flask.request_processing.req_logging [None req-4540b82b-0ced-45b7-8138-0588e4699f2e None None] PATH_INFO: `/v3/auth/tokens` {{(pid=82325) log_request_info /opt/stack/keystone/keystone/server/flask/request_processing/req_logging.py:28}}
Feb 19 11:59:31 ubuntu devstack@keystone.service[82325]: WARNING keystone.common.password_hashing [None req-4540b82b-0ced-45b7-8138-0588e4699f2e None None] Truncating password to algorithm specific maximum length 72 characters.
Feb 19 11:59:31 ubuntu devstack@keystone.service[82325]: DEBUG keystone.auth.core [None req-4540b82b-0ced-45b7-8138-0588e4699f2e None None] MFA Rules not processed for user `fb2995b0243d44588964103692c09278`. Rule list: `[]` (Enabled: `True`). {{(pid=82325) check_auth_methods_against_rules /opt/stack/keystone/keystone/auth/core.py:476}}
Feb 19 11:59:31 ubuntu devstack@keystone.service[82325]: DEBUG keystone.common.fernet_utils [None req-4540b82b-0ced-45b7-8138-0588e4699f2e None None] Loaded 2 Fernet keys from /etc/keystone/fernet-keys/, but `[fernet_tokens] max_active_keys = 3`; perhaps there have not been enough key rotations to reach `max_active_keys` yet? {{(pid=82325) load_keys /opt/stack/keystone/keystone/common/fernet_utils.py:297}}
Feb 19 11:59:31 ubuntu devstack@keystone.service[82324]: DEBUG keystone.server.flask.request_processing.req_logging [None req-d14b985d-b083-4f06-86d6-687212a26747 None None] REQUEST_METHOD: `GET` {{(pid=82324) log_request_info /opt/stack/keystone/keystone/server/flask/request_processing/req_logging.py:26}}
Feb 19 11:59:31 ubuntu devstack@keystone.service[82324]: DEBUG keystone.server.flask.request_processing.req_logging [None req-d14b985d-b083-4f06-86d6-687212a26747 None None] SCRIPT_NAME: `/identity` {{(pid=82324) log_request_info /opt/stack/keystone/keystone/server/flask/request_processing/req_logging.py:27}}
Feb 19 11:59:31 ubuntu devstack@keystone.service[82324]: DEBUG keystone.server.flask.request_processing.req_logging [None req-d14b985d-b083-4f06-86d6-687212a26747 None None] PATH_INFO: `/` {{(pid=82324) log_request_info /opt/stack/keystone/keystone/server/flask/request_processing/req_logging.py:28}}
Feb 19 11:59:31 ubuntu devstack@keystone.service[82324]: [pid: 82324|app: 0|req: 14/24] 10.201.5.82 () {54 vars in 920 bytes} [Thu Feb 19 11:59:31 2026] GET /identity => generated 270 bytes in 1 msecs (HTTP/1.1 300) 6 headers in 234 bytes (1 switches on core 0)
Feb 19 11:59:31 ubuntu devstack@keystone.service[82324]: DEBUG keystone.server.flask.request_processing.req_logging [None req-45de58ab-5be7-4e0d-8f1d-e251cb6ca23f None None] REQUEST_METHOD: `POST` {{(pid=82324) log_request_info /opt/stack/keystone/keystone/server/flask/request_processing/req_logging.py:26}}
Feb 19 11:59:31 ubuntu devstack@keystone.service[82324]: DEBUG keystone.server.flask.request_processing.req_logging [None req-45de58ab-5be7-4e0d-8f1d-e251cb6ca23f None None] SCRIPT_NAME: `/identity` {{(pid=82324) log_request_info /opt/stack/keystone/keystone/server/flask/request_processing/req_logging.py:27}}
Feb 19 11:59:31 ubuntu devstack@keystone.service[82324]: DEBUG keystone.server.flask.request_processing.req_logging [None req-45de58ab-5be7-4e0d-8f1d-e251cb6ca23f None None] PATH_INFO: `/v3/auth/tokens` {{(pid=82324) log_request_info /opt/stack/keystone/keystone/server/flask/request_processing/req_logging.py:28}}
Feb 19 11:59:31 ubuntu devstack@keystone.service[82324]: WARNING keystone.common.password_hashing [None req-45de58ab-5be7-4e0d-8f1d-e251cb6ca23f None None] Truncating password to algorithm specific maximum length 72 characters.
Feb 19 11:59:31 ubuntu devstack@keystone.service[82324]: DEBUG keystone.auth.core [None req-45de58ab-5be7-4e0d-8f1d-e251cb6ca23f None None] MFA Rules not processed for user `fb2995b0243d44588964103692c09278`. Rule list: `[]` (Enabled: `True`). {{(pid=82324) check_auth_methods_against_rules /opt/stack/keystone/keystone/auth/core.py:476}}
Feb 19 11:59:31 ubuntu devstack@keystone.service[82324]: DEBUG keystone.common.fernet_utils [None req-45de58ab-5be7-4e0d-8f1d-e251cb6ca23f None None] Loaded 2 Fernet keys from /etc/keystone/fernet-keys/, but `[fernet_tokens] max_active_keys = 3`; perhaps there have not been enough key rotations to reach `max_active_keys` yet? {{(pid=82324) load_keys /opt/stack/keystone/keystone/common/fernet_utils.py:297}}
Feb 19 11:59:31 ubuntu devstack@keystone.service[82325]: [pid: 82325|app: 0|req: 11/25] 10.201.5.82 () {58 vars in 1017 bytes} [Thu Feb 19 11:59:31 2026] POST /identity/v3/auth/tokens => generated 862 bytes in 211 msecs (HTTP/1.1 201) 6 headers in 363 bytes (1 switches on core 0)
Feb 19 11:59:31 ubuntu devstack@keystone.service[82324]: [pid: 82324|app: 0|req: 15/26] 10.201.5.82 () {58 vars in 1017 bytes} [Thu Feb 19 11:59:31 2026] POST /identity/v3/auth/tokens => generated 862 bytes in 57 msecs (HTTP/1.1 201) 6 headers in 363 bytes (1 switches on core 0)
Feb 19 11:59:31 ubuntu devstack@keystone.service[82325]: DEBUG keystone.server.flask.request_processing.req_logging [None req-8841b587-8c00-49c0-8080-649a5701c3c8 None None] REQUEST_METHOD: `GET` {{(pid=82325) log_request_info /opt/stack/keystone/keystone/server/flask/request_processing/req_logging.py:26}}
Feb 19 11:59:31 ubuntu devstack@keystone.service[82325]: DEBUG keystone.server.flask.request_processing.req_logging [None req-8841b587-8c00-49c0-8080-649a5701c3c8 None None] SCRIPT_NAME: `/identity` {{(pid=82325) log_request_info /opt/stack/keystone/keystone/server/flask/request_processing/req_logging.py:27}}
Feb 19 11:59:31 ubuntu devstack@keystone.service[82325]: DEBUG keystone.server.flask.request_processing.req_logging [None req-8841b587-8c00-49c0-8080-649a5701c3c8 None None] PATH_INFO: `/` {{(pid=82325) log_request_info /opt/stack/keystone/keystone/server/flask/request_processing/req_logging.py:28}}
Feb 19 11:59:31 ubuntu devstack@keystone.service[82325]: [pid: 82325|app: 0|req: 12/27] 10.201.5.82 () {54 vars in 920 bytes} [Thu Feb 19 11:59:31 2026] GET /identity => generated 270 bytes in 2 msecs (HTTP/1.1 300) 6 headers in 234 bytes (1 switches on core 0)
Feb 19 11:59:31 ubuntu devstack@keystone.service[82324]: DEBUG keystone.server.flask.request_processing.req_logging [None req-0f28a7a9-83f0-4a90-87a4-d4e841953148 None None] REQUEST_METHOD: `POST` {{(pid=82324) log_request_info /opt/stack/keystone/keystone/server/flask/request_processing/req_logging.py:26}}
Feb 19 11:59:31 ubuntu devstack@keystone.service[82324]: DEBUG keystone.server.flask.request_processing.req_logging [None req-0f28a7a9-83f0-4a90-87a4-d4e841953148 None None] SCRIPT_NAME: `/identity` {{(pid=82324) log_request_info /opt/stack/keystone/keystone/server/flask/request_processing/req_logging.py:27}}
Feb 19 11:59:31 ubuntu devstack@keystone.service[82324]: DEBUG keystone.server.flask.request_processing.req_logging [None req-0f28a7a9-83f0-4a90-87a4-d4e841953148 None None] PATH_INFO: `/v3/auth/tokens` {{(pid=82324) log_request_info /opt/stack/keystone/keystone/server/flask/request_processing/req_logging.py:28}}
Feb 19 11:59:31 ubuntu devstack@keystone.service[82324]: WARNING keystone.common.password_hashing [None req-0f28a7a9-83f0-4a90-87a4-d4e841953148 None None] Truncating password to algorithm specific maximum length 72 characters.
Feb 19 11:59:31 ubuntu devstack@keystone.service[82324]: DEBUG keystone.auth.core [None req-0f28a7a9-83f0-4a90-87a4-d4e841953148 None None] MFA Rules not processed for user `fb2995b0243d44588964103692c09278`. Rule list: `[]` (Enabled: `True`). {{(pid=82324) check_auth_methods_against_rules /opt/stack/keystone/keystone/auth/core.py:476}}
Feb 19 11:59:31 ubuntu devstack@keystone.service[82324]: DEBUG keystone.common.fernet_utils [None req-0f28a7a9-83f0-4a90-87a4-d4e841953148 None None] Loaded 2 Fernet keys from /etc/keystone/fernet-keys/, but `[fernet_tokens] max_active_keys = 3`; perhaps there have not been enough key rotations to reach `max_active_keys` yet? {{(pid=82324) load_keys /opt/stack/keystone/keystone/common/fernet_utils.py:297}}
Feb 19 11:59:31 ubuntu devstack@keystone.service[82325]: DEBUG keystone.server.flask.request_processing.middleware.auth_context [None req-8841b587-8c00-49c0-8080-649a5701c3c8 None None] Authenticating user token {{(pid=82325) process_request /opt/stack/data/venv/lib/python3.10/site-packages/keystonemiddleware/auth_token/__init__.py:407}}
Feb 19 11:59:31 ubuntu devstack@keystone.service[82324]: [pid: 82324|app: 0|req: 16/28] 10.201.5.82 () {58 vars in 1017 bytes} [Thu Feb 19 11:59:31 2026] POST /identity/v3/auth/tokens => generated 862 bytes in 57 msecs (HTTP/1.1 201) 6 headers in 363 bytes (1 switches on core 0)
Feb 19 11:59:31 ubuntu devstack@keystone.service[82324]: DEBUG keystone.server.flask.request_processing.middleware.auth_context [None req-0f28a7a9-83f0-4a90-87a4-d4e841953148 None None] Authenticating user token {{(pid=82324) process_request /opt/stack/data/venv/lib/python3.10/site-packages/keystonemiddleware/auth_token/__init__.py:407}}
Feb 19 11:59:31 ubuntu devstack@keystone.service[82324]: DEBUG keystone.server.flask.request_processing.middleware.auth_context [None req-0f28a7a9-83f0-4a90-87a4-d4e841953148 None None] Validating token access rules against request {{(pid=82324) validate_allowed_request /opt/stack/data/venv/lib/python3.10/site-packages/keystonemiddleware/auth_token/__init__.py:545}}
Feb 19 11:59:31 ubuntu devstack@keystone.service[82325]: DEBUG keystone.server.flask.request_processing.middleware.auth_context [None req-8841b587-8c00-49c0-8080-649a5701c3c8 None None] Validating token access rules against request {{(pid=82325) validate_allowed_request /opt/stack/data/venv/lib/python3.10/site-packages/keystonemiddleware/auth_token/__init__.py:545}}
Feb 19 11:59:31 ubuntu devstack@keystone.service[82324]: DEBUG keystone.server.flask.request_processing.middleware.auth_context [None req-88425bce-7382-4b5a-852a-cd275e070990 None admin] RBAC: auth_context: {'token': <TokenModel (audit_id=mzwsoPn_T4yIoco51vAtxA, audit_chain_id=['mzwsoPn_T4yIoco51vAtxA']) at 0x7f281087d000>, 'domain_id': None, 'trust_id': None, 'trustor_id': None, 'trustee_id': None, 'domain_name': None, 'group_ids': [], 'user_id': 'fb2995b0243d44588964103692c09278', 'user_domain_id': 'default', 'system_scope': 'all', 'project_id': None, 'project_domain_id': None, 'roles': ['admin', 'manager', 'member', 'reader'], 'is_admin_project': True, 'service_user_id': None, 'service_user_domain_id': None, 'service_project_id': None, 'service_project_domain_id': None, 'service_roles': []} {{(pid=82324) fill_context /opt/stack/keystone/keystone/server/flask/request_processing/middleware/auth_context.py:509}}
Feb 19 11:59:31 ubuntu devstack@keystone.service[82324]: DEBUG keystone.server.flask.request_processing.req_logging [None req-88425bce-7382-4b5a-852a-cd275e070990 None admin] REQUEST_METHOD: `GET` {{(pid=82324) log_request_info /opt/stack/keystone/keystone/server/flask/request_processing/req_logging.py:26}}
Feb 19 11:59:31 ubuntu devstack@keystone.service[82324]: DEBUG keystone.server.flask.request_processing.req_logging [None req-88425bce-7382-4b5a-852a-cd275e070990 None admin] SCRIPT_NAME: `/identity` {{(pid=82324) log_request_info /opt/stack/keystone/keystone/server/flask/request_processing/req_logging.py:27}}
Feb 19 11:59:31 ubuntu devstack@keystone.service[82324]: DEBUG keystone.server.flask.request_processing.req_logging [None req-88425bce-7382-4b5a-852a-cd275e070990 None admin] PATH_INFO: `/v3/roles/admin` {{(pid=82324) log_request_info /opt/stack/keystone/keystone/server/flask/request_processing/req_logging.py:28}}
Feb 19 11:59:31 ubuntu devstack@keystone.service[82324]: DEBUG keystone.common.rbac_enforcer.enforcer [None req-88425bce-7382-4b5a-852a-cd275e070990 None admin] Extracting inferred target data resulted in "NOT FOUND (404)". {{(pid=82324) enforce_call /opt/stack/keystone/keystone/common/rbac_enforcer/enforcer.py:445}}
Feb 19 11:59:31 ubuntu devstack@keystone.service[82324]: DEBUG keystone.server.flask.application [None req-88425bce-7382-4b5a-852a-cd275e070990 None admin] Could not find role: admin. {{(pid=82324) _handle_keystone_exception /opt/stack/keystone/keystone/server/flask/application.py:146}}
Feb 19 11:59:31 ubuntu devstack@keystone.service[82324]: [pid: 82324|app: 0|req: 17/29] 10.201.5.82 () {56 vars in 1133 bytes} [Thu Feb 19 11:59:31 2026] GET /identity/v3/roles/admin => generated 83 bytes in 59 msecs (HTTP/1.1 404) 5 headers in 183 bytes (1 switches on core 0)
Feb 19 11:59:31 ubuntu devstack@keystone.service[82325]: DEBUG keystone.server.flask.request_processing.middleware.auth_context [None req-90eb1bc8-7edc-4259-ab88-4c7101838797 None admin] RBAC: auth_context: {'token': <TokenModel (audit_id=Orv3SztlQtuCkVRURNDF9w, audit_chain_id=['Orv3SztlQtuCkVRURNDF9w']) at 0x7f2811270400>, 'domain_id': None, 'trust_id': None, 'trustor_id': None, 'trustee_id': None, 'domain_name': None, 'group_ids': [], 'user_id': 'fb2995b0243d44588964103692c09278', 'user_domain_id': 'default', 'system_scope': 'all', 'project_id': None, 'project_domain_id': None, 'roles': ['admin', 'manager', 'member', 'reader'], 'is_admin_project': True, 'service_user_id': None, 'service_user_domain_id': None, 'service_project_id': None, 'service_project_domain_id': None, 'service_roles': []} {{(pid=82325) fill_context /opt/stack/keystone/keystone/server/flask/request_processing/middleware/auth_context.py:509}}
Feb 19 11:59:31 ubuntu devstack@keystone.service[82325]: DEBUG keystone.server.flask.request_processing.req_logging [None req-90eb1bc8-7edc-4259-ab88-4c7101838797 None admin] REQUEST_METHOD: `GET` {{(pid=82325) log_request_info /opt/stack/keystone/keystone/server/flask/request_processing/req_logging.py:26}}
Feb 19 11:59:31 ubuntu devstack@keystone.service[82325]: DEBUG keystone.server.flask.request_processing.req_logging [None req-90eb1bc8-7edc-4259-ab88-4c7101838797 None admin] SCRIPT_NAME: `/identity` {{(pid=82325) log_request_info /opt/stack/keystone/keystone/server/flask/request_processing/req_logging.py:27}}
Feb 19 11:59:31 ubuntu devstack@keystone.service[82325]: DEBUG keystone.server.flask.request_processing.req_logging [None req-90eb1bc8-7edc-4259-ab88-4c7101838797 None admin] PATH_INFO: `/v3/domains/Default` {{(pid=82325) log_request_info /opt/stack/keystone/keystone/server/flask/request_processing/req_logging.py:28}}
Feb 19 11:59:31 ubuntu devstack@keystone.service[82324]: DEBUG keystone.server.flask.request_processing.middleware.auth_context [None req-88425bce-7382-4b5a-852a-cd275e070990 None admin] Authenticating user token {{(pid=82324) process_request /opt/stack/data/venv/lib/python3.10/site-packages/keystonemiddleware/auth_token/__init__.py:407}}
Feb 19 11:59:31 ubuntu devstack@keystone.service[82325]: DEBUG keystone.common.rbac_enforcer.enforcer [None req-90eb1bc8-7edc-4259-ab88-4c7101838797 None admin] RBAC: Authorizing `identity:get_domain(domain_id=Default)` {{(pid=82325) enforce_call /opt/stack/keystone/keystone/common/rbac_enforcer/enforcer.py:494}}
Feb 19 11:59:31 ubuntu devstack@keystone.service[82325]: DEBUG keystone.common.rbac_enforcer.enforcer [None req-90eb1bc8-7edc-4259-ab88-4c7101838797 None admin] RBAC: Authorization granted {{(pid=82325) enforce_call /opt/stack/keystone/keystone/common/rbac_enforcer/enforcer.py:505}}
Feb 19 11:59:31 ubuntu devstack@keystone.service[82325]: DEBUG keystone.server.flask.application [None req-90eb1bc8-7edc-4259-ab88-4c7101838797 None admin] Could not find domain: Default. {{(pid=82325) _handle_keystone_exception /opt/stack/keystone/keystone/server/flask/application.py:146}}
Feb 19 11:59:31 ubuntu devstack@keystone.service[82325]: [pid: 82325|app: 0|req: 13/30] 10.201.5.82 () {56 vars in 1145 bytes} [Thu Feb 19 11:59:31 2026] GET /identity/v3/domains/Default => generated 87 bytes in 96 msecs (HTTP/1.1 404) 5 headers in 183 bytes (1 switches on core 0)
Feb 19 11:59:31 ubuntu devstack@keystone.service[82325]: DEBUG keystone.server.flask.request_processing.middleware.auth_context [None req-90eb1bc8-7edc-4259-ab88-4c7101838797 None admin] Authenticating user token {{(pid=82325) process_request /opt/stack/data/venv/lib/python3.10/site-packages/keystonemiddleware/auth_token/__init__.py:407}}
Feb 19 11:59:31 ubuntu devstack@keystone.service[82324]: DEBUG keystone.server.flask.request_processing.middleware.auth_context [None req-88425bce-7382-4b5a-852a-cd275e070990 None admin] Validating token access rules against request {{(pid=82324) validate_allowed_request /opt/stack/data/venv/lib/python3.10/site-packages/keystonemiddleware/auth_token/__init__.py:545}}
Feb 19 11:59:31 ubuntu devstack@keystone.service[82324]: DEBUG keystone.server.flask.request_processing.middleware.auth_context [None req-3961cd7a-2475-4539-87ae-871804ee1a31 None admin] RBAC: auth_context: {'token': <TokenModel (audit_id=mzwsoPn_T4yIoco51vAtxA, audit_chain_id=['mzwsoPn_T4yIoco51vAtxA']) at 0x7f28108df700>, 'domain_id': None, 'trust_id': None, 'trustor_id': None, 'trustee_id': None, 'domain_name': None, 'group_ids': [], 'user_id': 'fb2995b0243d44588964103692c09278', 'user_domain_id': 'default', 'system_scope': 'all', 'project_id': None, 'project_domain_id': None, 'roles': ['admin', 'manager', 'member', 'reader'], 'is_admin_project': True, 'service_user_id': None, 'service_user_domain_id': None, 'service_project_id': None, 'service_project_domain_id': None, 'service_roles': []} {{(pid=82324) fill_context /opt/stack/keystone/keystone/server/flask/request_processing/middleware/auth_context.py:509}}
Feb 19 11:59:31 ubuntu devstack@keystone.service[82324]: DEBUG keystone.server.flask.request_processing.req_logging [None req-3961cd7a-2475-4539-87ae-871804ee1a31 None admin] REQUEST_METHOD: `GET` {{(pid=82324) log_request_info /opt/stack/keystone/keystone/server/flask/request_processing/req_logging.py:26}}
Feb 19 11:59:31 ubuntu devstack@keystone.service[82324]: DEBUG keystone.server.flask.request_processing.req_logging [None req-3961cd7a-2475-4539-87ae-871804ee1a31 None admin] SCRIPT_NAME: `/identity` {{(pid=82324) log_request_info /opt/stack/keystone/keystone/server/flask/request_processing/req_logging.py:27}}
Feb 19 11:59:31 ubuntu devstack@keystone.service[82324]: DEBUG keystone.server.flask.request_processing.req_logging [None req-3961cd7a-2475-4539-87ae-871804ee1a31 None admin] PATH_INFO: `/v3/roles` {{(pid=82324) log_request_info /opt/stack/keystone/keystone/server/flask/request_processing/req_logging.py:28}}
Feb 19 11:59:31 ubuntu devstack@keystone.service[82324]: DEBUG keystone.common.rbac_enforcer.enforcer [None req-3961cd7a-2475-4539-87ae-871804ee1a31 None admin] RBAC: Adding query filter params (name=admin) {{(pid=82324) _extract_filter_values /opt/stack/keystone/keystone/common/rbac_enforcer/enforcer.py:176}}
Feb 19 11:59:31 ubuntu devstack@keystone.service[82324]: DEBUG keystone.common.rbac_enforcer.enforcer [None req-3961cd7a-2475-4539-87ae-871804ee1a31 None admin] RBAC: Authorizing `identity:list_roles()` {{(pid=82324) enforce_call /opt/stack/keystone/keystone/common/rbac_enforcer/enforcer.py:494}}
Feb 19 11:59:31 ubuntu devstack@keystone.service[82324]: DEBUG keystone.common.rbac_enforcer.enforcer [None req-3961cd7a-2475-4539-87ae-871804ee1a31 None admin] RBAC: Authorization granted {{(pid=82324) enforce_call /opt/stack/keystone/keystone/common/rbac_enforcer/enforcer.py:505}}
Feb 19 11:59:31 ubuntu devstack@keystone.service[82325]: DEBUG keystone.server.flask.request_processing.middleware.auth_context [None req-90eb1bc8-7edc-4259-ab88-4c7101838797 None admin] Validating token access rules against request {{(pid=82325) validate_allowed_request /opt/stack/data/venv/lib/python3.10/site-packages/keystonemiddleware/auth_token/__init__.py:545}}
Feb 19 11:59:31 ubuntu devstack@keystone.service[82324]: [pid: 82324|app: 0|req: 18/31] 10.201.5.82 () {56 vars in 1149 bytes} [Thu Feb 19 11:59:31 2026] GET /identity/v3/roles?name=admin => generated 339 bytes in 57 msecs (HTTP/1.1 200) 5 headers in 177 bytes (2 switches on core 0)
Feb 19 11:59:31 ubuntu devstack@keystone.service[82324]: DEBUG keystone.server.flask.request_processing.middleware.auth_context [None req-3961cd7a-2475-4539-87ae-871804ee1a31 None admin] Authenticating user token {{(pid=82324) process_request /opt/stack/data/venv/lib/python3.10/site-packages/keystonemiddleware/auth_token/__init__.py:407}}
Feb 19 11:59:31 ubuntu devstack@keystone.service[82325]: DEBUG keystone.server.flask.request_processing.middleware.auth_context [None req-6e604249-322e-49ac-b1ed-76d076b0a739 None admin] RBAC: auth_context: {'token': <TokenModel (audit_id=Orv3SztlQtuCkVRURNDF9w, audit_chain_id=['Orv3SztlQtuCkVRURNDF9w']) at 0x7f28108d8af0>, 'domain_id': None, 'trust_id': None, 'trustor_id': None, 'trustee_id': None, 'domain_name': None, 'group_ids': [], 'user_id': 'fb2995b0243d44588964103692c09278', 'user_domain_id': 'default', 'system_scope': 'all', 'project_id': None, 'project_domain_id': None, 'roles': ['admin', 'manager', 'member', 'reader'], 'is_admin_project': True, 'service_user_id': None, 'service_user_domain_id': None, 'service_project_id': None, 'service_project_domain_id': None, 'service_roles': []} {{(pid=82325) fill_context /opt/stack/keystone/keystone/server/flask/request_processing/middleware/auth_context.py:509}}
Feb 19 11:59:31 ubuntu devstack@keystone.service[82325]: DEBUG keystone.server.flask.request_processing.req_logging [None req-6e604249-322e-49ac-b1ed-76d076b0a739 None admin] REQUEST_METHOD: `GET` {{(pid=82325) log_request_info /opt/stack/keystone/keystone/server/flask/request_processing/req_logging.py:26}}
Feb 19 11:59:31 ubuntu devstack@keystone.service[82325]: DEBUG keystone.server.flask.request_processing.req_logging [None req-6e604249-322e-49ac-b1ed-76d076b0a739 None admin] SCRIPT_NAME: `/identity` {{(pid=82325) log_request_info /opt/stack/keystone/keystone/server/flask/request_processing/req_logging.py:27}}
Feb 19 11:59:31 ubuntu devstack@keystone.service[82325]: DEBUG keystone.server.flask.request_processing.req_logging [None req-6e604249-322e-49ac-b1ed-76d076b0a739 None admin] PATH_INFO: `/v3/domains` {{(pid=82325) log_request_info /opt/stack/keystone/keystone/server/flask/request_processing/req_logging.py:28}}
Feb 19 11:59:31 ubuntu devstack@keystone.service[82325]: DEBUG keystone.common.rbac_enforcer.enforcer [None req-6e604249-322e-49ac-b1ed-76d076b0a739 None admin] RBAC: Adding query filter params (name=Default) {{(pid=82325) _extract_filter_values /opt/stack/keystone/keystone/common/rbac_enforcer/enforcer.py:176}}
Feb 19 11:59:31 ubuntu devstack@keystone.service[82325]: DEBUG keystone.common.rbac_enforcer.enforcer [None req-6e604249-322e-49ac-b1ed-76d076b0a739 None admin] RBAC: Authorizing `identity:list_domains()` {{(pid=82325) enforce_call /opt/stack/keystone/keystone/common/rbac_enforcer/enforcer.py:494}}
Feb 19 11:59:31 ubuntu devstack@keystone.service[82325]: DEBUG keystone.common.rbac_enforcer.enforcer [None req-6e604249-322e-49ac-b1ed-76d076b0a739 None admin] RBAC: Authorization granted {{(pid=82325) enforce_call /opt/stack/keystone/keystone/common/rbac_enforcer/enforcer.py:505}}
Feb 19 11:59:31 ubuntu devstack@keystone.service[82325]: [pid: 82325|app: 0|req: 14/32] 10.201.5.82 () {56 vars in 1159 bytes} [Thu Feb 19 11:59:31 2026] GET /identity/v3/domains?name=Default => generated 308 bytes in 64 msecs (HTTP/1.1 200) 5 headers in 177 bytes (2 switches on core 0)
Feb 19 11:59:31 ubuntu devstack@keystone.service[82325]: DEBUG keystone.server.flask.request_processing.middleware.auth_context [None req-6e604249-322e-49ac-b1ed-76d076b0a739 None admin] Authenticating user token {{(pid=82325) process_request /opt/stack/data/venv/lib/python3.10/site-packages/keystonemiddleware/auth_token/__init__.py:407}}
Feb 19 11:59:31 ubuntu devstack@keystone.service[82324]: DEBUG keystone.server.flask.request_processing.middleware.auth_context [None req-3961cd7a-2475-4539-87ae-871804ee1a31 None admin] Validating token access rules against request {{(pid=82324) validate_allowed_request /opt/stack/data/venv/lib/python3.10/site-packages/keystonemiddleware/auth_token/__init__.py:545}}
Feb 19 11:59:31 ubuntu devstack@keystone.service[82324]: DEBUG keystone.server.flask.request_processing.middleware.auth_context [None req-143580c1-b8fe-4037-8e0f-1f309e643d11 None admin] RBAC: auth_context: {'token': <TokenModel (audit_id=mzwsoPn_T4yIoco51vAtxA, audit_chain_id=['mzwsoPn_T4yIoco51vAtxA']) at 0x7f281087f790>, 'domain_id': None, 'trust_id': None, 'trustor_id': None, 'trustee_id': None, 'domain_name': None, 'group_ids': [], 'user_id': 'fb2995b0243d44588964103692c09278', 'user_domain_id': 'default', 'system_scope': 'all', 'project_id': None, 'project_domain_id': None, 'roles': ['admin', 'manager', 'member', 'reader'], 'is_admin_project': True, 'service_user_id': None, 'service_user_domain_id': None, 'service_project_id': None, 'service_project_domain_id': None, 'service_roles': []} {{(pid=82324) fill_context /opt/stack/keystone/keystone/server/flask/request_processing/middleware/auth_context.py:509}}
Feb 19 11:59:31 ubuntu devstack@keystone.service[82324]: DEBUG keystone.server.flask.request_processing.req_logging [None req-143580c1-b8fe-4037-8e0f-1f309e643d11 None admin] REQUEST_METHOD: `GET` {{(pid=82324) log_request_info /opt/stack/keystone/keystone/server/flask/request_processing/req_logging.py:26}}
Feb 19 11:59:31 ubuntu devstack@keystone.service[82324]: DEBUG keystone.server.flask.request_processing.req_logging [None req-143580c1-b8fe-4037-8e0f-1f309e643d11 None admin] SCRIPT_NAME: `/identity` {{(pid=82324) log_request_info /opt/stack/keystone/keystone/server/flask/request_processing/req_logging.py:27}}
Feb 19 11:59:31 ubuntu devstack@keystone.service[82324]: DEBUG keystone.server.flask.request_processing.req_logging [None req-143580c1-b8fe-4037-8e0f-1f309e643d11 None admin] PATH_INFO: `/v3/users/fb2995b0243d44588964103692c09278` {{(pid=82324) log_request_info /opt/stack/keystone/keystone/server/flask/request_processing/req_logging.py:28}}
Feb 19 11:59:31 ubuntu devstack@keystone.service[82324]: DEBUG keystone.common.rbac_enforcer.enforcer [None req-143580c1-b8fe-4037-8e0f-1f309e643d11 None admin] RBAC: Authorizing `identity:get_user(user_id=fb2995b0243d44588964103692c09278)` {{(pid=82324) enforce_call /opt/stack/keystone/keystone/common/rbac_enforcer/enforcer.py:494}}
Feb 19 11:59:31 ubuntu devstack@keystone.service[82324]: DEBUG keystone.common.rbac_enforcer.enforcer [None req-143580c1-b8fe-4037-8e0f-1f309e643d11 None admin] RBAC: Authorization granted {{(pid=82324) enforce_call /opt/stack/keystone/keystone/common/rbac_enforcer/enforcer.py:505}}
Feb 19 11:59:31 ubuntu devstack@keystone.service[82324]: [pid: 82324|app: 0|req: 19/33] 10.201.5.82 () {56 vars in 1214 bytes} [Thu Feb 19 11:59:31 2026] GET /identity/v3/users/fb2995b0243d44588964103692c09278 => generated 247 bytes in 52 msecs (HTTP/1.1 200) 5 headers in 177 bytes (1 switches on core 0)
Feb 19 11:59:31 ubuntu devstack@keystone.service[82324]: DEBUG keystone.server.flask.request_processing.middleware.auth_context [None req-143580c1-b8fe-4037-8e0f-1f309e643d11 None admin] Authenticating user token {{(pid=82324) process_request /opt/stack/data/venv/lib/python3.10/site-packages/keystonemiddleware/auth_token/__init__.py:407}}
Feb 19 11:59:31 ubuntu devstack@keystone.service[82325]: DEBUG keystone.server.flask.request_processing.middleware.auth_context [None req-6e604249-322e-49ac-b1ed-76d076b0a739 None admin] Validating token access rules against request {{(pid=82325) validate_allowed_request /opt/stack/data/venv/lib/python3.10/site-packages/keystonemiddleware/auth_token/__init__.py:545}}
Feb 19 11:59:31 ubuntu devstack@keystone.service[82325]: DEBUG keystone.server.flask.request_processing.middleware.auth_context [None req-b3bf9179-5ff9-48ee-a263-cf127db1e89b None admin] RBAC: auth_context: {'token': <TokenModel (audit_id=Orv3SztlQtuCkVRURNDF9w, audit_chain_id=['Orv3SztlQtuCkVRURNDF9w']) at 0x7f2811271b10>, 'domain_id': None, 'trust_id': None, 'trustor_id': None, 'trustee_id': None, 'domain_name': None, 'group_ids': [], 'user_id': 'fb2995b0243d44588964103692c09278', 'user_domain_id': 'default', 'system_scope': 'all', 'project_id': None, 'project_domain_id': None, 'roles': ['admin', 'manager', 'member', 'reader'], 'is_admin_project': True, 'service_user_id': None, 'service_user_domain_id': None, 'service_project_id': None, 'service_project_domain_id': None, 'service_roles': []} {{(pid=82325) fill_context /opt/stack/keystone/keystone/server/flask/request_processing/middleware/auth_context.py:509}}
Feb 19 11:59:31 ubuntu devstack@keystone.service[82325]: DEBUG keystone.server.flask.request_processing.req_logging [None req-b3bf9179-5ff9-48ee-a263-cf127db1e89b None admin] REQUEST_METHOD: `POST` {{(pid=82325) log_request_info /opt/stack/keystone/keystone/server/flask/request_processing/req_logging.py:26}}
Feb 19 11:59:31 ubuntu devstack@keystone.service[82325]: DEBUG keystone.server.flask.request_processing.req_logging [None req-b3bf9179-5ff9-48ee-a263-cf127db1e89b None admin] SCRIPT_NAME: `/identity` {{(pid=82325) log_request_info /opt/stack/keystone/keystone/server/flask/request_processing/req_logging.py:27}}
Feb 19 11:59:31 ubuntu devstack@keystone.service[82325]: DEBUG keystone.server.flask.request_processing.req_logging [None req-b3bf9179-5ff9-48ee-a263-cf127db1e89b None admin] PATH_INFO: `/v3/projects` {{(pid=82325) log_request_info /opt/stack/keystone/keystone/server/flask/request_processing/req_logging.py:28}}
Feb 19 11:59:31 ubuntu devstack@keystone.service[82325]: DEBUG keystone.common.rbac_enforcer.enforcer [None req-b3bf9179-5ff9-48ee-a263-cf127db1e89b None admin] RBAC: Authorizing `identity:create_project()` {{(pid=82325) enforce_call /opt/stack/keystone/keystone/common/rbac_enforcer/enforcer.py:494}}
Feb 19 11:59:31 ubuntu devstack@keystone.service[82325]: DEBUG keystone.common.rbac_enforcer.enforcer [None req-b3bf9179-5ff9-48ee-a263-cf127db1e89b None admin] RBAC: Authorization granted {{(pid=82325) enforce_call /opt/stack/keystone/keystone/common/rbac_enforcer/enforcer.py:505}}
Feb 19 11:59:31 ubuntu devstack@keystone.service[82324]: DEBUG keystone.server.flask.request_processing.middleware.auth_context [None req-143580c1-b8fe-4037-8e0f-1f309e643d11 None admin] Validating token access rules against request {{(pid=82324) validate_allowed_request /opt/stack/data/venv/lib/python3.10/site-packages/keystonemiddleware/auth_token/__init__.py:545}}
Feb 19 11:59:31 ubuntu devstack@keystone.service[82325]: [pid: 82325|app: 0|req: 15/34] 10.201.5.82 () {60 vars in 1177 bytes} [Thu Feb 19 11:59:31 2026] POST /identity/v3/projects => generated 301 bytes in 72 msecs (HTTP/1.1 201) 5 headers in 182 bytes (2 switches on core 0)
Feb 19 11:59:31 ubuntu devstack@keystone.service[82324]: DEBUG keystone.server.flask.request_processing.middleware.auth_context [None req-ee2d38bd-fa71-40e0-b357-466d6e9798ec None admin] RBAC: auth_context: {'token': <TokenModel (audit_id=mzwsoPn_T4yIoco51vAtxA, audit_chain_id=['mzwsoPn_T4yIoco51vAtxA']) at 0x7f28108dc4c0>, 'domain_id': None, 'trust_id': None, 'trustor_id': None, 'trustee_id': None, 'domain_name': None, 'group_ids': [], 'user_id': 'fb2995b0243d44588964103692c09278', 'user_domain_id': 'default', 'system_scope': 'all', 'project_id': None, 'project_domain_id': None, 'roles': ['admin', 'manager', 'member', 'reader'], 'is_admin_project': True, 'service_user_id': None, 'service_user_domain_id': None, 'service_project_id': None, 'service_project_domain_id': None, 'service_roles': []} {{(pid=82324) fill_context /opt/stack/keystone/keystone/server/flask/request_processing/middleware/auth_context.py:509}}
Feb 19 11:59:31 ubuntu devstack@keystone.service[82324]: DEBUG keystone.server.flask.request_processing.req_logging [None req-ee2d38bd-fa71-40e0-b357-466d6e9798ec None admin] REQUEST_METHOD: `GET` {{(pid=82324) log_request_info /opt/stack/keystone/keystone/server/flask/request_processing/req_logging.py:26}}
Feb 19 11:59:31 ubuntu devstack@keystone.service[82324]: DEBUG keystone.server.flask.request_processing.req_logging [None req-ee2d38bd-fa71-40e0-b357-466d6e9798ec None admin] SCRIPT_NAME: `/identity` {{(pid=82324) log_request_info /opt/stack/keystone/keystone/server/flask/request_processing/req_logging.py:27}}
Feb 19 11:59:31 ubuntu devstack@keystone.service[82324]: DEBUG keystone.server.flask.request_processing.req_logging [None req-ee2d38bd-fa71-40e0-b357-466d6e9798ec None admin] PATH_INFO: `/v3/domains/default` {{(pid=82324) log_request_info /opt/stack/keystone/keystone/server/flask/request_processing/req_logging.py:28}}
Feb 19 11:59:31 ubuntu devstack@keystone.service[82324]: DEBUG keystone.common.rbac_enforcer.enforcer [None req-ee2d38bd-fa71-40e0-b357-466d6e9798ec None admin] RBAC: Authorizing `identity:get_domain(domain_id=default)` {{(pid=82324) enforce_call /opt/stack/keystone/keystone/common/rbac_enforcer/enforcer.py:494}}
Feb 19 11:59:31 ubuntu devstack@keystone.service[82324]: DEBUG keystone.common.rbac_enforcer.enforcer [None req-ee2d38bd-fa71-40e0-b357-466d6e9798ec None admin] RBAC: Authorization granted {{(pid=82324) enforce_call /opt/stack/keystone/keystone/common/rbac_enforcer/enforcer.py:505}}
Feb 19 11:59:31 ubuntu devstack@keystone.service[82324]: [pid: 82324|app: 0|req: 20/35] 10.201.5.82 () {56 vars in 1145 bytes} [Thu Feb 19 11:59:31 2026] GET /identity/v3/domains/default => generated 199 bytes in 55 msecs (HTTP/1.1 200) 5 headers in 177 bytes (1 switches on core 0)
Feb 19 11:59:31 ubuntu devstack@keystone.service[82325]: DEBUG keystone.server.flask.request_processing.middleware.auth_context [None req-b3bf9179-5ff9-48ee-a263-cf127db1e89b None admin] Authenticating user token {{(pid=82325) process_request /opt/stack/data/venv/lib/python3.10/site-packages/keystonemiddleware/auth_token/__init__.py:407}}
Feb 19 11:59:32 ubuntu devstack@keystone.service[82324]: DEBUG keystone.server.flask.request_processing.middleware.auth_context [None req-ee2d38bd-fa71-40e0-b357-466d6e9798ec None admin] Authenticating user token {{(pid=82324) process_request /opt/stack/data/venv/lib/python3.10/site-packages/keystonemiddleware/auth_token/__init__.py:407}}
Feb 19 11:59:32 ubuntu devstack@keystone.service[82325]: DEBUG keystone.server.flask.request_processing.middleware.auth_context [None req-b3bf9179-5ff9-48ee-a263-cf127db1e89b None admin] Validating token access rules against request {{(pid=82325) validate_allowed_request /opt/stack/data/venv/lib/python3.10/site-packages/keystonemiddleware/auth_token/__init__.py:545}}
Feb 19 11:59:32 ubuntu devstack@keystone.service[82325]: DEBUG keystone.server.flask.request_processing.middleware.auth_context [None req-21e7bbe2-4cdd-4fee-a123-7e343df12b0c None admin] RBAC: auth_context: {'token': <TokenModel (audit_id=mzwsoPn_T4yIoco51vAtxA, audit_chain_id=['mzwsoPn_T4yIoco51vAtxA']) at 0x7f2811273a90>, 'domain_id': None, 'trust_id': None, 'trustor_id': None, 'trustee_id': None, 'domain_name': None, 'group_ids': [], 'user_id': 'fb2995b0243d44588964103692c09278', 'user_domain_id': 'default', 'system_scope': 'all', 'project_id': None, 'project_domain_id': None, 'roles': ['admin', 'manager', 'member', 'reader'], 'is_admin_project': True, 'service_user_id': None, 'service_user_domain_id': None, 'service_project_id': None, 'service_project_domain_id': None, 'service_roles': []} {{(pid=82325) fill_context /opt/stack/keystone/keystone/server/flask/request_processing/middleware/auth_context.py:509}}
Feb 19 11:59:32 ubuntu devstack@keystone.service[82325]: DEBUG keystone.server.flask.request_processing.req_logging [None req-21e7bbe2-4cdd-4fee-a123-7e343df12b0c None admin] REQUEST_METHOD: `GET` {{(pid=82325) log_request_info /opt/stack/keystone/keystone/server/flask/request_processing/req_logging.py:26}}
Feb 19 11:59:32 ubuntu devstack@keystone.service[82325]: DEBUG keystone.server.flask.request_processing.req_logging [None req-21e7bbe2-4cdd-4fee-a123-7e343df12b0c None admin] SCRIPT_NAME: `/identity` {{(pid=82325) log_request_info /opt/stack/keystone/keystone/server/flask/request_processing/req_logging.py:27}}
Feb 19 11:59:32 ubuntu devstack@keystone.service[82325]: DEBUG keystone.server.flask.request_processing.req_logging [None req-21e7bbe2-4cdd-4fee-a123-7e343df12b0c None admin] PATH_INFO: `/v3/role_assignments` {{(pid=82325) log_request_info /opt/stack/keystone/keystone/server/flask/request_processing/req_logging.py:28}}
Feb 19 11:59:32 ubuntu devstack@keystone.service[82325]: DEBUG keystone.common.rbac_enforcer.enforcer [None req-21e7bbe2-4cdd-4fee-a123-7e343df12b0c None admin] RBAC: Adding query filter params (role.id=205685df9fdc4ed782131acfc3f5244a, scope.domain.id=default, user.id=fb2995b0243d44588964103692c09278) {{(pid=82325) _extract_filter_values /opt/stack/keystone/keystone/common/rbac_enforcer/enforcer.py:176}}
Feb 19 11:59:32 ubuntu devstack@keystone.service[82325]: DEBUG keystone.common.rbac_enforcer.enforcer [None req-21e7bbe2-4cdd-4fee-a123-7e343df12b0c None admin] RBAC: Authorizing `identity:list_role_assignments()` {{(pid=82325) enforce_call /opt/stack/keystone/keystone/common/rbac_enforcer/enforcer.py:494}}
Feb 19 11:59:32 ubuntu devstack@keystone.service[82325]: DEBUG keystone.common.rbac_enforcer.enforcer [None req-21e7bbe2-4cdd-4fee-a123-7e343df12b0c None admin] RBAC: Authorization granted {{(pid=82325) enforce_call /opt/stack/keystone/keystone/common/rbac_enforcer/enforcer.py:505}}
Feb 19 11:59:32 ubuntu devstack@keystone.service[82325]: [pid: 82325|app: 0|req: 16/36] 10.201.5.82 () {56 vars in 1372 bytes} [Thu Feb 19 11:59:31 2026] GET /identity/v3/role_assignments?role.id=205685df9fdc4ed782131acfc3f5244a&scope.domain.id=default&user.id=fb2995b0243d44588964103692c09278 => generated 530 bytes in 72 msecs (HTTP/1.1 200) 5 headers in 177 bytes (1 switches on core 0)
Feb 19 11:59:32 ubuntu devstack@keystone.service[82324]: DEBUG keystone.server.flask.request_processing.middleware.auth_context [None req-ee2d38bd-fa71-40e0-b357-466d6e9798ec None admin] Validating token access rules against request {{(pid=82324) validate_allowed_request /opt/stack/data/venv/lib/python3.10/site-packages/keystonemiddleware/auth_token/__init__.py:545}}
Feb 19 11:59:32 ubuntu devstack@keystone.service[82324]: DEBUG keystone.server.flask.request_processing.middleware.auth_context [None req-3e6640fe-b18b-455a-a3dc-5f8f612489fc None admin] RBAC: auth_context: {'token': <TokenModel (audit_id=MqnbcKUmQnSOUYyjRfeu_w, audit_chain_id=['MqnbcKUmQnSOUYyjRfeu_w']) at 0x7f28108dfca0>, 'domain_id': None, 'trust_id': None, 'trustor_id': None, 'trustee_id': None, 'domain_name': None, 'group_ids': [], 'user_id': 'fb2995b0243d44588964103692c09278', 'user_domain_id': 'default', 'system_scope': 'all', 'project_id': None, 'project_domain_id': None, 'roles': ['admin', 'manager', 'member', 'reader'], 'is_admin_project': True, 'service_user_id': None, 'service_user_domain_id': None, 'service_project_id': None, 'service_project_domain_id': None, 'service_roles': []} {{(pid=82324) fill_context /opt/stack/keystone/keystone/server/flask/request_processing/middleware/auth_context.py:509}}
Feb 19 11:59:32 ubuntu devstack@keystone.service[82324]: DEBUG keystone.server.flask.request_processing.req_logging [None req-3e6640fe-b18b-455a-a3dc-5f8f612489fc None admin] REQUEST_METHOD: `POST` {{(pid=82324) log_request_info /opt/stack/keystone/keystone/server/flask/request_processing/req_logging.py:26}}
Feb 19 11:59:32 ubuntu devstack@keystone.service[82324]: DEBUG keystone.server.flask.request_processing.req_logging [None req-3e6640fe-b18b-455a-a3dc-5f8f612489fc None admin] SCRIPT_NAME: `/identity` {{(pid=82324) log_request_info /opt/stack/keystone/keystone/server/flask/request_processing/req_logging.py:27}}
Feb 19 11:59:32 ubuntu devstack@keystone.service[82324]: DEBUG keystone.server.flask.request_processing.req_logging [None req-3e6640fe-b18b-455a-a3dc-5f8f612489fc None admin] PATH_INFO: `/v3/roles` {{(pid=82324) log_request_info /opt/stack/keystone/keystone/server/flask/request_processing/req_logging.py:28}}
Feb 19 11:59:32 ubuntu devstack@keystone.service[82324]: DEBUG keystone.common.rbac_enforcer.enforcer [None req-3e6640fe-b18b-455a-a3dc-5f8f612489fc None admin] RBAC: Authorizing `identity:create_role()` {{(pid=82324) enforce_call /opt/stack/keystone/keystone/common/rbac_enforcer/enforcer.py:494}}
Feb 19 11:59:32 ubuntu devstack@keystone.service[82324]: DEBUG keystone.common.rbac_enforcer.enforcer [None req-3e6640fe-b18b-455a-a3dc-5f8f612489fc None admin] RBAC: Authorization granted {{(pid=82324) enforce_call /opt/stack/keystone/keystone/common/rbac_enforcer/enforcer.py:505}}
Feb 19 11:59:32 ubuntu devstack@keystone.service[82324]: DEBUG keystone.common.sql.core [None req-3e6640fe-b18b-455a-a3dc-5f8f612489fc None admin] Conflict role: (pymysql.err.IntegrityError) (1062, "Duplicate entry 'service-<<null>>' for key 'role.ixu_role_name_domain_id'")
Feb 19 11:59:32 ubuntu devstack@keystone.service[82324]: [SQL: INSERT INTO `role` (id, name, description, extra) VALUES (%(id)s, %(name)s, %(description)s, %(extra)s)]
Feb 19 11:59:32 ubuntu devstack@keystone.service[82324]: [parameters: {'id': '7987e3eed076419d84fc11458621c356', 'name': 'service', 'description': None, 'extra': '{}'}]
Feb 19 11:59:32 ubuntu devstack@keystone.service[82324]: (Background on this error at: https://sqlalche.me/e/20/gkpj) {{(pid=82324) wrapper /opt/stack/keystone/keystone/common/sql/core.py:580}}
Feb 19 11:59:32 ubuntu devstack@keystone.service[82324]: ERROR keystone.server.flask.application [None req-3e6640fe-b18b-455a-a3dc-5f8f612489fc None admin] Conflict occurred attempting to store role - Duplicate entry found with name service.: keystone.exception.Conflict: Conflict occurred attempting to store role - Duplicate entry found with name service.
Feb 19 11:59:32 ubuntu devstack@keystone.service[82324]: ERROR keystone.server.flask.application Traceback (most recent call last):
Feb 19 11:59:32 ubuntu devstack@keystone.service[82324]: ERROR keystone.server.flask.application   File "/opt/stack/data/venv/lib/python3.10/site-packages/sqlalchemy/engine/base.py", line 1967, in _exec_single_context
Feb 19 11:59:32 ubuntu devstack@keystone.service[82324]: ERROR keystone.server.flask.application     self.dialect.do_execute(
Feb 19 11:59:32 ubuntu devstack@keystone.service[82324]: ERROR keystone.server.flask.application   File "/opt/stack/data/venv/lib/python3.10/site-packages/sqlalchemy/engine/default.py", line 951, in do_execute
Feb 19 11:59:32 ubuntu devstack@keystone.service[82324]: ERROR keystone.server.flask.application     cursor.execute(statement, parameters)
Feb 19 11:59:32 ubuntu devstack@keystone.service[82324]: ERROR keystone.server.flask.application   File "/opt/stack/data/venv/lib/python3.10/site-packages/pymysql/cursors.py", line 153, in execute
Feb 19 11:59:32 ubuntu devstack@keystone.service[82324]: ERROR keystone.server.flask.application     result = self._query(query)
Feb 19 11:59:32 ubuntu devstack@keystone.service[82324]: ERROR keystone.server.flask.application   File "/opt/stack/data/venv/lib/python3.10/site-packages/pymysql/cursors.py", line 322, in _query
Feb 19 11:59:32 ubuntu devstack@keystone.service[82324]: ERROR keystone.server.flask.application     conn.query(q)
Feb 19 11:59:32 ubuntu devstack@keystone.service[82324]: ERROR keystone.server.flask.application   File "/opt/stack/data/venv/lib/python3.10/site-packages/pymysql/connections.py", line 575, in query
Feb 19 11:59:32 ubuntu devstack@keystone.service[82324]: ERROR keystone.server.flask.application     self._affected_rows = self._read_query_result(unbuffered=unbuffered)
Feb 19 11:59:32 ubuntu devstack@keystone.service[82324]: ERROR keystone.server.flask.application   File "/opt/stack/data/venv/lib/python3.10/site-packages/pymysql/connections.py", line 826, in _read_query_result
Feb 19 11:59:32 ubuntu devstack@keystone.service[82324]: ERROR keystone.server.flask.application     result.read()
Feb 19 11:59:32 ubuntu devstack@keystone.service[82324]: ERROR keystone.server.flask.application   File "/opt/stack/data/venv/lib/python3.10/site-packages/pymysql/connections.py", line 1203, in read
Feb 19 11:59:32 ubuntu devstack@keystone.service[82324]: ERROR keystone.server.flask.application     first_packet = self.connection._read_packet()
Feb 19 11:59:32 ubuntu devstack@keystone.service[82324]: ERROR keystone.server.flask.application   File "/opt/stack/data/venv/lib/python3.10/site-packages/pymysql/connections.py", line 782, in _read_packet
Feb 19 11:59:32 ubuntu devstack@keystone.service[82324]: ERROR keystone.server.flask.application     packet.raise_for_error()
Feb 19 11:59:32 ubuntu devstack@keystone.service[82324]: ERROR keystone.server.flask.application   File "/opt/stack/data/venv/lib/python3.10/site-packages/pymysql/protocol.py", line 219, in raise_for_error
Feb 19 11:59:32 ubuntu devstack@keystone.service[82324]: ERROR keystone.server.flask.application     err.raise_mysql_exception(self._data)
Feb 19 11:59:32 ubuntu devstack@keystone.service[82324]: ERROR keystone.server.flask.application   File "/opt/stack/data/venv/lib/python3.10/site-packages/pymysql/err.py", line 150, in raise_mysql_exception
Feb 19 11:59:32 ubuntu devstack@keystone.service[82324]: ERROR keystone.server.flask.application     raise errorclass(errno, errval)
Feb 19 11:59:32 ubuntu devstack@keystone.service[82324]: ERROR keystone.server.flask.application pymysql.err.IntegrityError: (1062, "Duplicate entry 'service-<<null>>' for key 'role.ixu_role_name_domain_id'")
Feb 19 11:59:32 ubuntu devstack@keystone.service[82324]: ERROR keystone.server.flask.application 
Feb 19 11:59:32 ubuntu devstack@keystone.service[82324]: ERROR keystone.server.flask.application The above exception was the direct cause of the following exception:
Feb 19 11:59:32 ubuntu devstack@keystone.service[82324]: ERROR keystone.server.flask.application 
Feb 19 11:59:32 ubuntu devstack@keystone.service[82324]: ERROR keystone.server.flask.application Traceback (most recent call last):
Feb 19 11:59:32 ubuntu devstack@keystone.service[82324]: ERROR keystone.server.flask.application   File "/opt/stack/keystone/keystone/common/sql/core.py", line 575, in wrapper
Feb 19 11:59:32 ubuntu devstack@keystone.service[82324]: ERROR keystone.server.flask.application     return method(*args, **kwargs)
Feb 19 11:59:32 ubuntu devstack@keystone.service[82324]: ERROR keystone.server.flask.application   File "/opt/stack/keystone/keystone/assignment/role_backends/sql.py", line 25, in create_role
Feb 19 11:59:32 ubuntu devstack@keystone.service[82324]: ERROR keystone.server.flask.application     with sql.session_for_write() as session:
Feb 19 11:59:32 ubuntu devstack@keystone.service[82324]: ERROR keystone.server.flask.application   File "/usr/lib/python3.10/contextlib.py", line 142, in __exit__
Feb 19 11:59:32 ubuntu devstack@keystone.service[82324]: ERROR keystone.server.flask.application     next(self.gen)
Feb 19 11:59:32 ubuntu devstack@keystone.service[82324]: ERROR keystone.server.flask.application   File "/opt/stack/data/venv/lib/python3.10/site-packages/oslo_db/sqlalchemy/enginefacade.py", line 1175, in _transaction_scope
Feb 19 11:59:32 ubuntu devstack@keystone.service[82324]: ERROR keystone.server.flask.application     with current._produce_block(
Feb 19 11:59:32 ubuntu devstack@keystone.service[82324]: ERROR keystone.server.flask.application   File "/usr/lib/python3.10/contextlib.py", line 142, in __exit__
Feb 19 11:59:32 ubuntu devstack@keystone.service[82324]: ERROR keystone.server.flask.application     next(self.gen)
Feb 19 11:59:32 ubuntu devstack@keystone.service[82324]: ERROR keystone.server.flask.application   File "/opt/stack/data/venv/lib/python3.10/site-packages/oslo_db/sqlalchemy/enginefacade.py", line 837, in _session
Feb 19 11:59:32 ubuntu devstack@keystone.service[82324]: ERROR keystone.server.flask.application     with excutils.save_and_reraise_exception():
Feb 19 11:59:32 ubuntu devstack@keystone.service[82324]: ERROR keystone.server.flask.application   File "/opt/stack/data/venv/lib/python3.10/site-packages/oslo_utils/excutils.py", line 256, in __exit__
Feb 19 11:59:32 ubuntu devstack@keystone.service[82324]: ERROR keystone.server.flask.application     self.force_reraise()
Feb 19 11:59:32 ubuntu devstack@keystone.service[82324]: ERROR keystone.server.flask.application   File "/opt/stack/data/venv/lib/python3.10/site-packages/oslo_utils/excutils.py", line 222, in force_reraise
