Feb 12 11:39:20 ubuntu devstack@keystone.service[81750]: [pid: 81750|app: 0|req: 13/23] 10.201.5.82 () {54 vars in 919 bytes} [Thu Feb 12 11:39:20 2026] GET /identity => generated 270 bytes in 1 msecs (HTTP/1.1 300) 6 headers in 234 bytes (1 switches on core 0)
Feb 12 11:39:20 ubuntu devstack@keystone.service[81750]: DEBUG keystone.server.flask.request_processing.req_logging [None req-aeeb8ee3-8c03-4dbb-a2b7-9d899785a143 None None] REQUEST_METHOD: `POST` {{(pid=81750) log_request_info /opt/stack/keystone/keystone/server/flask/request_processing/req_logging.py:26}}
Feb 12 11:39:20 ubuntu devstack@keystone.service[81750]: DEBUG keystone.server.flask.request_processing.req_logging [None req-aeeb8ee3-8c03-4dbb-a2b7-9d899785a143 None None] SCRIPT_NAME: `/identity` {{(pid=81750) log_request_info /opt/stack/keystone/keystone/server/flask/request_processing/req_logging.py:27}}
Feb 12 11:39:20 ubuntu devstack@keystone.service[81750]: DEBUG keystone.server.flask.request_processing.req_logging [None req-aeeb8ee3-8c03-4dbb-a2b7-9d899785a143 None None] PATH_INFO: `/v3/auth/tokens` {{(pid=81750) log_request_info /opt/stack/keystone/keystone/server/flask/request_processing/req_logging.py:28}}
Feb 12 11:39:20 ubuntu devstack@keystone.service[81749]: [pid: 81749|app: 0|req: 11/24] 10.201.5.82 () {58 vars in 1016 bytes} [Thu Feb 12 11:39:20 2026] POST /identity/v3/auth/tokens => generated 862 bytes in 63 msecs (HTTP/1.1 201) 6 headers in 363 bytes (1 switches on core 0)
Feb 12 11:39:20 ubuntu devstack@keystone.service[81750]: WARNING keystone.common.password_hashing [None req-aeeb8ee3-8c03-4dbb-a2b7-9d899785a143 None None] Truncating password to algorithm specific maximum length 72 characters.
Feb 12 11:39:20 ubuntu devstack@keystone.service[81750]: DEBUG keystone.auth.core [None req-aeeb8ee3-8c03-4dbb-a2b7-9d899785a143 None None] MFA Rules not processed for user `9b16610190cf4939b39701f7866a3f80`. Rule list: `[]` (Enabled: `True`). {{(pid=81750) check_auth_methods_against_rules /opt/stack/keystone/keystone/auth/core.py:476}}
Feb 12 11:39:20 ubuntu devstack@keystone.service[81750]: DEBUG keystone.common.fernet_utils [None req-aeeb8ee3-8c03-4dbb-a2b7-9d899785a143 None None] Loaded 2 Fernet keys from /etc/keystone/fernet-keys/, but `[fernet_tokens] max_active_keys = 3`; perhaps there have not been enough key rotations to reach `max_active_keys` yet? {{(pid=81750) load_keys /opt/stack/keystone/keystone/common/fernet_utils.py:297}}
Feb 12 11:39:20 ubuntu devstack@keystone.service[81750]: [pid: 81750|app: 0|req: 14/25] 10.201.5.82 () {58 vars in 1016 bytes} [Thu Feb 12 11:39:20 2026] POST /identity/v3/auth/tokens => generated 862 bytes in 62 msecs (HTTP/1.1 201) 6 headers in 363 bytes (2 switches on core 0)
Feb 12 11:39:20 ubuntu devstack@keystone.service[81749]: DEBUG keystone.server.flask.request_processing.middleware.auth_context [None req-e215843f-c40b-4f7c-b956-d3a8ce92e83b None None] Authenticating user token {{(pid=81749) process_request /opt/stack/data/venv/lib/python3.10/site-packages/keystonemiddleware/auth_token/__init__.py:407}}
Feb 12 11:39:20 ubuntu devstack@keystone.service[81749]: DEBUG keystone.server.flask.request_processing.middleware.auth_context [None req-e215843f-c40b-4f7c-b956-d3a8ce92e83b None None] Validating token access rules against request {{(pid=81749) validate_allowed_request /opt/stack/data/venv/lib/python3.10/site-packages/keystonemiddleware/auth_token/__init__.py:545}}
Feb 12 11:39:20 ubuntu devstack@keystone.service[81749]: DEBUG keystone.server.flask.request_processing.middleware.auth_context [None req-13345304-b5dd-425f-8a10-820c2d9b9e57 None admin] RBAC: auth_context: {'token': <TokenModel (audit_id=Xx3RAriySZGutfVDIhRZEA, audit_chain_id=['Xx3RAriySZGutfVDIhRZEA']) at 0x7ff63971f790>, 'domain_id': None, 'trust_id': None, 'trustor_id': None, 'trustee_id': None, 'domain_name': None, 'group_ids': [], 'user_id': '9b16610190cf4939b39701f7866a3f80', 'user_domain_id': 'default', 'system_scope': 'all', 'project_id': None, 'project_domain_id': None, 'roles': ['admin', 'manager', 'member', 'reader'], 'is_admin_project': True, 'service_user_id': None, 'service_user_domain_id': None, 'service_project_id': None, 'service_project_domain_id': None, 'service_roles': []} {{(pid=81749) fill_context /opt/stack/keystone/keystone/server/flask/request_processing/middleware/auth_context.py:509}}
Feb 12 11:39:20 ubuntu devstack@keystone.service[81749]: DEBUG keystone.server.flask.request_processing.req_logging [None req-13345304-b5dd-425f-8a10-820c2d9b9e57 None admin] REQUEST_METHOD: `GET` {{(pid=81749) log_request_info /opt/stack/keystone/keystone/server/flask/request_processing/req_logging.py:26}}
Feb 12 11:39:20 ubuntu devstack@keystone.service[81749]: DEBUG keystone.server.flask.request_processing.req_logging [None req-13345304-b5dd-425f-8a10-820c2d9b9e57 None admin] SCRIPT_NAME: `/identity` {{(pid=81749) log_request_info /opt/stack/keystone/keystone/server/flask/request_processing/req_logging.py:27}}
Feb 12 11:39:20 ubuntu devstack@keystone.service[81749]: DEBUG keystone.server.flask.request_processing.req_logging [None req-13345304-b5dd-425f-8a10-820c2d9b9e57 None admin] PATH_INFO: `/v3/roles/admin` {{(pid=81749) log_request_info /opt/stack/keystone/keystone/server/flask/request_processing/req_logging.py:28}}
Feb 12 11:39:20 ubuntu devstack@keystone.service[81749]: DEBUG keystone.common.rbac_enforcer.enforcer [None req-13345304-b5dd-425f-8a10-820c2d9b9e57 None admin] Extracting inferred target data resulted in "NOT FOUND (404)". {{(pid=81749) enforce_call /opt/stack/keystone/keystone/common/rbac_enforcer/enforcer.py:445}}
Feb 12 11:39:20 ubuntu devstack@keystone.service[81749]: DEBUG keystone.server.flask.application [None req-13345304-b5dd-425f-8a10-820c2d9b9e57 None admin] Could not find role: admin. {{(pid=81749) _handle_keystone_exception /opt/stack/keystone/keystone/server/flask/application.py:146}}
Feb 12 11:39:20 ubuntu devstack@keystone.service[81749]: [pid: 81749|app: 0|req: 12/26] 10.201.5.82 () {56 vars in 1132 bytes} [Thu Feb 12 11:39:20 2026] GET /identity/v3/roles/admin => generated 83 bytes in 69 msecs (HTTP/1.1 404) 5 headers in 183 bytes (1 switches on core 0)
Feb 12 11:39:20 ubuntu devstack@keystone.service[81750]: DEBUG keystone.server.flask.request_processing.middleware.auth_context [None req-aeeb8ee3-8c03-4dbb-a2b7-9d899785a143 None None] Authenticating user token {{(pid=81750) process_request /opt/stack/data/venv/lib/python3.10/site-packages/keystonemiddleware/auth_token/__init__.py:407}}
Feb 12 11:39:20 ubuntu devstack@keystone.service[81750]: DEBUG keystone.server.flask.request_processing.middleware.auth_context [None req-aeeb8ee3-8c03-4dbb-a2b7-9d899785a143 None None] Validating token access rules against request {{(pid=81750) validate_allowed_request /opt/stack/data/venv/lib/python3.10/site-packages/keystonemiddleware/auth_token/__init__.py:545}}
Feb 12 11:39:20 ubuntu devstack@keystone.service[81750]: DEBUG keystone.server.flask.request_processing.middleware.auth_context [None req-91f2c08e-bb51-4f8d-a698-9b21233cad62 None admin] RBAC: auth_context: {'token': <TokenModel (audit_id=Xx3RAriySZGutfVDIhRZEA, audit_chain_id=['Xx3RAriySZGutfVDIhRZEA']) at 0x7ff6395139a0>, 'domain_id': None, 'trust_id': None, 'trustor_id': None, 'trustee_id': None, 'domain_name': None, 'group_ids': [], 'user_id': '9b16610190cf4939b39701f7866a3f80', 'user_domain_id': 'default', 'system_scope': 'all', 'project_id': None, 'project_domain_id': None, 'roles': ['admin', 'manager', 'member', 'reader'], 'is_admin_project': True, 'service_user_id': None, 'service_user_domain_id': None, 'service_project_id': None, 'service_project_domain_id': None, 'service_roles': []} {{(pid=81750) fill_context /opt/stack/keystone/keystone/server/flask/request_processing/middleware/auth_context.py:509}}
Feb 12 11:39:20 ubuntu devstack@keystone.service[81750]: DEBUG keystone.server.flask.request_processing.req_logging [None req-91f2c08e-bb51-4f8d-a698-9b21233cad62 None admin] REQUEST_METHOD: `GET` {{(pid=81750) log_request_info /opt/stack/keystone/keystone/server/flask/request_processing/req_logging.py:26}}
Feb 12 11:39:20 ubuntu devstack@keystone.service[81750]: DEBUG keystone.server.flask.request_processing.req_logging [None req-91f2c08e-bb51-4f8d-a698-9b21233cad62 None admin] SCRIPT_NAME: `/identity` {{(pid=81750) log_request_info /opt/stack/keystone/keystone/server/flask/request_processing/req_logging.py:27}}
Feb 12 11:39:20 ubuntu devstack@keystone.service[81750]: DEBUG keystone.server.flask.request_processing.req_logging [None req-91f2c08e-bb51-4f8d-a698-9b21233cad62 None admin] PATH_INFO: `/v3/roles` {{(pid=81750) log_request_info /opt/stack/keystone/keystone/server/flask/request_processing/req_logging.py:28}}
Feb 12 11:39:20 ubuntu devstack@keystone.service[81750]: DEBUG keystone.common.rbac_enforcer.enforcer [None req-91f2c08e-bb51-4f8d-a698-9b21233cad62 None admin] RBAC: Adding query filter params (name=admin) {{(pid=81750) _extract_filter_values /opt/stack/keystone/keystone/common/rbac_enforcer/enforcer.py:176}}
Feb 12 11:39:20 ubuntu devstack@keystone.service[81750]: DEBUG keystone.common.rbac_enforcer.enforcer [None req-91f2c08e-bb51-4f8d-a698-9b21233cad62 None admin] RBAC: Authorizing `identity:list_roles()` {{(pid=81750) enforce_call /opt/stack/keystone/keystone/common/rbac_enforcer/enforcer.py:494}}
Feb 12 11:39:20 ubuntu devstack@keystone.service[81750]: DEBUG keystone.common.rbac_enforcer.enforcer [None req-91f2c08e-bb51-4f8d-a698-9b21233cad62 None admin] RBAC: Authorization granted {{(pid=81750) enforce_call /opt/stack/keystone/keystone/common/rbac_enforcer/enforcer.py:505}}
Feb 12 11:39:20 ubuntu devstack@keystone.service[81750]: [pid: 81750|app: 0|req: 15/27] 10.201.5.82 () {56 vars in 1148 bytes} [Thu Feb 12 11:39:20 2026] GET /identity/v3/roles?name=admin => generated 339 bytes in 67 msecs (HTTP/1.1 200) 5 headers in 177 bytes (1 switches on core 0)
Feb 12 11:39:20 ubuntu devstack@keystone.service[81749]: DEBUG keystone.server.flask.request_processing.middleware.auth_context [None req-13345304-b5dd-425f-8a10-820c2d9b9e57 None admin] Authenticating user token {{(pid=81749) process_request /opt/stack/data/venv/lib/python3.10/site-packages/keystonemiddleware/auth_token/__init__.py:407}}
Feb 12 11:39:20 ubuntu devstack@keystone.service[81750]: DEBUG keystone.server.flask.request_processing.middleware.auth_context [None req-91f2c08e-bb51-4f8d-a698-9b21233cad62 None admin] Authenticating user token {{(pid=81750) process_request /opt/stack/data/venv/lib/python3.10/site-packages/keystonemiddleware/auth_token/__init__.py:407}}
Feb 12 11:39:20 ubuntu devstack@keystone.service[81749]: DEBUG keystone.server.flask.request_processing.middleware.auth_context [None req-13345304-b5dd-425f-8a10-820c2d9b9e57 None admin] Validating token access rules against request {{(pid=81749) validate_allowed_request /opt/stack/data/venv/lib/python3.10/site-packages/keystonemiddleware/auth_token/__init__.py:545}}
Feb 12 11:39:20 ubuntu devstack@keystone.service[81750]: DEBUG keystone.server.flask.request_processing.middleware.auth_context [None req-91f2c08e-bb51-4f8d-a698-9b21233cad62 None admin] Validating token access rules against request {{(pid=81750) validate_allowed_request /opt/stack/data/venv/lib/python3.10/site-packages/keystonemiddleware/auth_token/__init__.py:545}}
Feb 12 11:39:20 ubuntu devstack@keystone.service[81749]: DEBUG keystone.server.flask.request_processing.middleware.auth_context [None req-197447b6-b197-45a8-94f9-1524e0c01ff6 None admin] RBAC: auth_context: {'token': <TokenModel (audit_id=F70E9HPmSci89N6wrS1zEw, audit_chain_id=['F70E9HPmSci89N6wrS1zEw']) at 0x7ff63971d3f0>, 'domain_id': None, 'trust_id': None, 'trustor_id': None, 'trustee_id': None, 'domain_name': None, 'group_ids': [], 'user_id': '9b16610190cf4939b39701f7866a3f80', 'user_domain_id': 'default', 'system_scope': 'all', 'project_id': None, 'project_domain_id': None, 'roles': ['admin', 'manager', 'member', 'reader'], 'is_admin_project': True, 'service_user_id': None, 'service_user_domain_id': None, 'service_project_id': None, 'service_project_domain_id': None, 'service_roles': []} {{(pid=81749) fill_context /opt/stack/keystone/keystone/server/flask/request_processing/middleware/auth_context.py:509}}
Feb 12 11:39:20 ubuntu devstack@keystone.service[81749]: DEBUG keystone.server.flask.request_processing.req_logging [None req-197447b6-b197-45a8-94f9-1524e0c01ff6 None admin] REQUEST_METHOD: `GET` {{(pid=81749) log_request_info /opt/stack/keystone/keystone/server/flask/request_processing/req_logging.py:26}}
Feb 12 11:39:20 ubuntu devstack@keystone.service[81749]: DEBUG keystone.server.flask.request_processing.req_logging [None req-197447b6-b197-45a8-94f9-1524e0c01ff6 None admin] SCRIPT_NAME: `/identity` {{(pid=81749) log_request_info /opt/stack/keystone/keystone/server/flask/request_processing/req_logging.py:27}}
Feb 12 11:39:20 ubuntu devstack@keystone.service[81749]: DEBUG keystone.server.flask.request_processing.req_logging [None req-197447b6-b197-45a8-94f9-1524e0c01ff6 None admin] PATH_INFO: `/v3/domains/Default` {{(pid=81749) log_request_info /opt/stack/keystone/keystone/server/flask/request_processing/req_logging.py:28}}
Feb 12 11:39:20 ubuntu devstack@keystone.service[81749]: DEBUG keystone.common.rbac_enforcer.enforcer [None req-197447b6-b197-45a8-94f9-1524e0c01ff6 None admin] RBAC: Authorizing `identity:get_domain(domain_id=Default)` {{(pid=81749) enforce_call /opt/stack/keystone/keystone/common/rbac_enforcer/enforcer.py:494}}
Feb 12 11:39:20 ubuntu devstack@keystone.service[81749]: DEBUG keystone.common.rbac_enforcer.enforcer [None req-197447b6-b197-45a8-94f9-1524e0c01ff6 None admin] RBAC: Authorization granted {{(pid=81749) enforce_call /opt/stack/keystone/keystone/common/rbac_enforcer/enforcer.py:505}}
Feb 12 11:39:20 ubuntu devstack@keystone.service[81750]: DEBUG keystone.server.flask.request_processing.middleware.auth_context [None req-3730593f-c870-4d53-a3b6-198f2c53ae79 None admin] RBAC: auth_context: {'token': <TokenModel (audit_id=Xx3RAriySZGutfVDIhRZEA, audit_chain_id=['Xx3RAriySZGutfVDIhRZEA']) at 0x7ff639633130>, 'domain_id': None, 'trust_id': None, 'trustor_id': None, 'trustee_id': None, 'domain_name': None, 'group_ids': [], 'user_id': '9b16610190cf4939b39701f7866a3f80', 'user_domain_id': 'default', 'system_scope': 'all', 'project_id': None, 'project_domain_id': None, 'roles': ['admin', 'manager', 'member', 'reader'], 'is_admin_project': True, 'service_user_id': None, 'service_user_domain_id': None, 'service_project_id': None, 'service_project_domain_id': None, 'service_roles': []} {{(pid=81750) fill_context /opt/stack/keystone/keystone/server/flask/request_processing/middleware/auth_context.py:509}}
Feb 12 11:39:20 ubuntu devstack@keystone.service[81750]: DEBUG keystone.server.flask.request_processing.req_logging [None req-3730593f-c870-4d53-a3b6-198f2c53ae79 None admin] REQUEST_METHOD: `GET` {{(pid=81750) log_request_info /opt/stack/keystone/keystone/server/flask/request_processing/req_logging.py:26}}
Feb 12 11:39:20 ubuntu devstack@keystone.service[81750]: DEBUG keystone.server.flask.request_processing.req_logging [None req-3730593f-c870-4d53-a3b6-198f2c53ae79 None admin] SCRIPT_NAME: `/identity` {{(pid=81750) log_request_info /opt/stack/keystone/keystone/server/flask/request_processing/req_logging.py:27}}
Feb 12 11:39:20 ubuntu devstack@keystone.service[81750]: DEBUG keystone.server.flask.request_processing.req_logging [None req-3730593f-c870-4d53-a3b6-198f2c53ae79 None admin] PATH_INFO: `/v3/users/9b16610190cf4939b39701f7866a3f80` {{(pid=81750) log_request_info /opt/stack/keystone/keystone/server/flask/request_processing/req_logging.py:28}}
Feb 12 11:39:20 ubuntu devstack@keystone.service[81750]: DEBUG keystone.common.rbac_enforcer.enforcer [None req-3730593f-c870-4d53-a3b6-198f2c53ae79 None admin] RBAC: Authorizing `identity:get_user(user_id=9b16610190cf4939b39701f7866a3f80)` {{(pid=81750) enforce_call /opt/stack/keystone/keystone/common/rbac_enforcer/enforcer.py:494}}
Feb 12 11:39:20 ubuntu devstack@keystone.service[81750]: DEBUG keystone.common.rbac_enforcer.enforcer [None req-3730593f-c870-4d53-a3b6-198f2c53ae79 None admin] RBAC: Authorization granted {{(pid=81750) enforce_call /opt/stack/keystone/keystone/common/rbac_enforcer/enforcer.py:505}}
Feb 12 11:39:20 ubuntu devstack@keystone.service[81750]: [pid: 81750|app: 0|req: 16/28] 10.201.5.82 () {56 vars in 1213 bytes} [Thu Feb 12 11:39:20 2026] GET /identity/v3/users/9b16610190cf4939b39701f7866a3f80 => generated 247 bytes in 109 msecs (HTTP/1.1 200) 5 headers in 177 bytes (1 switches on core 0)
Feb 12 11:39:20 ubuntu devstack@keystone.service[81750]: DEBUG keystone.server.flask.request_processing.req_logging [None req-448fe041-88b7-4ac1-bfe5-73bae6403bac None None] REQUEST_METHOD: `GET` {{(pid=81750) log_request_info /opt/stack/keystone/keystone/server/flask/request_processing/req_logging.py:26}}
Feb 12 11:39:20 ubuntu devstack@keystone.service[81750]: DEBUG keystone.server.flask.request_processing.req_logging [None req-448fe041-88b7-4ac1-bfe5-73bae6403bac None None] SCRIPT_NAME: `/identity` {{(pid=81750) log_request_info /opt/stack/keystone/keystone/server/flask/request_processing/req_logging.py:27}}
Feb 12 11:39:20 ubuntu devstack@keystone.service[81749]: DEBUG keystone.server.flask.application [None req-197447b6-b197-45a8-94f9-1524e0c01ff6 None admin] Could not find domain: Default. {{(pid=81749) _handle_keystone_exception /opt/stack/keystone/keystone/server/flask/application.py:146}}
Feb 12 11:39:20 ubuntu devstack@keystone.service[81750]: DEBUG keystone.server.flask.request_processing.req_logging [None req-448fe041-88b7-4ac1-bfe5-73bae6403bac None None] PATH_INFO: `/` {{(pid=81750) log_request_info /opt/stack/keystone/keystone/server/flask/request_processing/req_logging.py:28}}
Feb 12 11:39:20 ubuntu devstack@keystone.service[81750]: [pid: 81750|app: 0|req: 17/29] 10.201.5.82 () {54 vars in 919 bytes} [Thu Feb 12 11:39:20 2026] GET /identity => generated 270 bytes in 3 msecs (HTTP/1.1 300) 6 headers in 234 bytes (1 switches on core 0)
Feb 12 11:39:20 ubuntu devstack@keystone.service[81749]: [pid: 81749|app: 0|req: 13/30] 10.201.5.82 () {56 vars in 1100 bytes} [Thu Feb 12 11:39:20 2026] GET /identity/v3/domains/Default => generated 87 bytes in 119 msecs (HTTP/1.1 404) 5 headers in 183 bytes (1 switches on core 0)
Feb 12 11:39:20 ubuntu devstack@keystone.service[81750]: DEBUG keystone.server.flask.request_processing.middleware.auth_context [None req-448fe041-88b7-4ac1-bfe5-73bae6403bac None None] Authenticating user token {{(pid=81750) process_request /opt/stack/data/venv/lib/python3.10/site-packages/keystonemiddleware/auth_token/__init__.py:407}}
Feb 12 11:39:20 ubuntu devstack@keystone.service[81749]: DEBUG keystone.server.flask.request_processing.req_logging [None req-06b3ac2a-1dc6-46c8-91ad-65d57a50685f None None] REQUEST_METHOD: `POST` {{(pid=81749) log_request_info /opt/stack/keystone/keystone/server/flask/request_processing/req_logging.py:26}}
Feb 12 11:39:20 ubuntu devstack@keystone.service[81749]: DEBUG keystone.server.flask.request_processing.req_logging [None req-06b3ac2a-1dc6-46c8-91ad-65d57a50685f None None] SCRIPT_NAME: `/identity` {{(pid=81749) log_request_info /opt/stack/keystone/keystone/server/flask/request_processing/req_logging.py:27}}
Feb 12 11:39:20 ubuntu devstack@keystone.service[81749]: DEBUG keystone.server.flask.request_processing.req_logging [None req-06b3ac2a-1dc6-46c8-91ad-65d57a50685f None None] PATH_INFO: `/v3/auth/tokens` {{(pid=81749) log_request_info /opt/stack/keystone/keystone/server/flask/request_processing/req_logging.py:28}}
Feb 12 11:39:20 ubuntu devstack@keystone.service[81749]: WARNING keystone.common.password_hashing [None req-06b3ac2a-1dc6-46c8-91ad-65d57a50685f None None] Truncating password to algorithm specific maximum length 72 characters.
Feb 12 11:39:20 ubuntu devstack@keystone.service[81749]: DEBUG keystone.auth.core [None req-06b3ac2a-1dc6-46c8-91ad-65d57a50685f None None] MFA Rules not processed for user `9b16610190cf4939b39701f7866a3f80`. Rule list: `[]` (Enabled: `True`). {{(pid=81749) check_auth_methods_against_rules /opt/stack/keystone/keystone/auth/core.py:476}}
Feb 12 11:39:20 ubuntu devstack@keystone.service[81749]: DEBUG keystone.common.fernet_utils [None req-06b3ac2a-1dc6-46c8-91ad-65d57a50685f None None] Loaded 2 Fernet keys from /etc/keystone/fernet-keys/, but `[fernet_tokens] max_active_keys = 3`; perhaps there have not been enough key rotations to reach `max_active_keys` yet? {{(pid=81749) load_keys /opt/stack/keystone/keystone/common/fernet_utils.py:297}}
Feb 12 11:39:20 ubuntu devstack@keystone.service[81750]: DEBUG keystone.server.flask.request_processing.middleware.auth_context [None req-448fe041-88b7-4ac1-bfe5-73bae6403bac None None] Validating token access rules against request {{(pid=81750) validate_allowed_request /opt/stack/data/venv/lib/python3.10/site-packages/keystonemiddleware/auth_token/__init__.py:545}}
Feb 12 11:39:20 ubuntu devstack@keystone.service[81749]: [pid: 81749|app: 0|req: 14/31] 10.201.5.82 () {58 vars in 1016 bytes} [Thu Feb 12 11:39:20 2026] POST /identity/v3/auth/tokens => generated 862 bytes in 93 msecs (HTTP/1.1 201) 6 headers in 363 bytes (1 switches on core 0)
Feb 12 11:39:20 ubuntu devstack@keystone.service[81749]: DEBUG keystone.server.flask.request_processing.middleware.auth_context [None req-06b3ac2a-1dc6-46c8-91ad-65d57a50685f None None] Authenticating user token {{(pid=81749) process_request /opt/stack/data/venv/lib/python3.10/site-packages/keystonemiddleware/auth_token/__init__.py:407}}
Feb 12 11:39:20 ubuntu devstack@keystone.service[81750]: DEBUG keystone.server.flask.request_processing.middleware.auth_context [None req-ea15d453-6209-4939-a3b0-b7c6680446be None admin] RBAC: auth_context: {'token': <TokenModel (audit_id=Xx3RAriySZGutfVDIhRZEA, audit_chain_id=['Xx3RAriySZGutfVDIhRZEA']) at 0x7ff6394beef0>, 'domain_id': None, 'trust_id': None, 'trustor_id': None, 'trustee_id': None, 'domain_name': None, 'group_ids': [], 'user_id': '9b16610190cf4939b39701f7866a3f80', 'user_domain_id': 'default', 'system_scope': 'all', 'project_id': None, 'project_domain_id': None, 'roles': ['admin', 'manager', 'member', 'reader'], 'is_admin_project': True, 'service_user_id': None, 'service_user_domain_id': None, 'service_project_id': None, 'service_project_domain_id': None, 'service_roles': []} {{(pid=81750) fill_context /opt/stack/keystone/keystone/server/flask/request_processing/middleware/auth_context.py:509}}
Feb 12 11:39:20 ubuntu devstack@keystone.service[81750]: DEBUG keystone.server.flask.request_processing.req_logging [None req-ea15d453-6209-4939-a3b0-b7c6680446be None admin] REQUEST_METHOD: `GET` {{(pid=81750) log_request_info /opt/stack/keystone/keystone/server/flask/request_processing/req_logging.py:26}}
Feb 12 11:39:20 ubuntu devstack@keystone.service[81750]: DEBUG keystone.server.flask.request_processing.req_logging [None req-ea15d453-6209-4939-a3b0-b7c6680446be None admin] SCRIPT_NAME: `/identity` {{(pid=81750) log_request_info /opt/stack/keystone/keystone/server/flask/request_processing/req_logging.py:27}}
Feb 12 11:39:20 ubuntu devstack@keystone.service[81750]: DEBUG keystone.server.flask.request_processing.req_logging [None req-ea15d453-6209-4939-a3b0-b7c6680446be None admin] PATH_INFO: `/v3/domains/default` {{(pid=81750) log_request_info /opt/stack/keystone/keystone/server/flask/request_processing/req_logging.py:28}}
Feb 12 11:39:20 ubuntu devstack@keystone.service[81750]: DEBUG keystone.common.rbac_enforcer.enforcer [None req-ea15d453-6209-4939-a3b0-b7c6680446be None admin] RBAC: Authorizing `identity:get_domain(domain_id=default)` {{(pid=81750) enforce_call /opt/stack/keystone/keystone/common/rbac_enforcer/enforcer.py:494}}
Feb 12 11:39:20 ubuntu devstack@keystone.service[81750]: DEBUG keystone.common.rbac_enforcer.enforcer [None req-ea15d453-6209-4939-a3b0-b7c6680446be None admin] RBAC: Authorization granted {{(pid=81750) enforce_call /opt/stack/keystone/keystone/common/rbac_enforcer/enforcer.py:505}}
Feb 12 11:39:20 ubuntu devstack@keystone.service[81750]: [pid: 81750|app: 0|req: 18/32] 10.201.5.82 () {56 vars in 1144 bytes} [Thu Feb 12 11:39:20 2026] GET /identity/v3/domains/default => generated 199 bytes in 110 msecs (HTTP/1.1 200) 5 headers in 177 bytes (1 switches on core 0)
Feb 12 11:39:20 ubuntu devstack@keystone.service[81750]: DEBUG keystone.server.flask.request_processing.middleware.auth_context [None req-ea15d453-6209-4939-a3b0-b7c6680446be None admin] Authenticating user token {{(pid=81750) process_request /opt/stack/data/venv/lib/python3.10/site-packages/keystonemiddleware/auth_token/__init__.py:407}}
Feb 12 11:39:20 ubuntu devstack@keystone.service[81750]: DEBUG keystone.server.flask.request_processing.middleware.auth_context [None req-ea15d453-6209-4939-a3b0-b7c6680446be None admin] Validating token access rules against request {{(pid=81750) validate_allowed_request /opt/stack/data/venv/lib/python3.10/site-packages/keystonemiddleware/auth_token/__init__.py:545}}
Feb 12 11:39:20 ubuntu devstack@keystone.service[81750]: DEBUG keystone.server.flask.request_processing.middleware.auth_context [None req-0c67c2fb-6b67-4a06-b1dd-08c5db79e77f None admin] RBAC: auth_context: {'token': <TokenModel (audit_id=Xx3RAriySZGutfVDIhRZEA, audit_chain_id=['Xx3RAriySZGutfVDIhRZEA']) at 0x7ff6394bd3c0>, 'domain_id': None, 'trust_id': None, 'trustor_id': None, 'trustee_id': None, 'domain_name': None, 'group_ids': [], 'user_id': '9b16610190cf4939b39701f7866a3f80', 'user_domain_id': 'default', 'system_scope': 'all', 'project_id': None, 'project_domain_id': None, 'roles': ['admin', 'manager', 'member', 'reader'], 'is_admin_project': True, 'service_user_id': None, 'service_user_domain_id': None, 'service_project_id': None, 'service_project_domain_id': None, 'service_roles': []} {{(pid=81750) fill_context /opt/stack/keystone/keystone/server/flask/request_processing/middleware/auth_context.py:509}}
Feb 12 11:39:20 ubuntu devstack@keystone.service[81750]: DEBUG keystone.server.flask.request_processing.req_logging [None req-0c67c2fb-6b67-4a06-b1dd-08c5db79e77f None admin] REQUEST_METHOD: `GET` {{(pid=81750) log_request_info /opt/stack/keystone/keystone/server/flask/request_processing/req_logging.py:26}}
Feb 12 11:39:20 ubuntu devstack@keystone.service[81750]: DEBUG keystone.server.flask.request_processing.req_logging [None req-0c67c2fb-6b67-4a06-b1dd-08c5db79e77f None admin] SCRIPT_NAME: `/identity` {{(pid=81750) log_request_info /opt/stack/keystone/keystone/server/flask/request_processing/req_logging.py:27}}
Feb 12 11:39:20 ubuntu devstack@keystone.service[81750]: DEBUG keystone.server.flask.request_processing.req_logging [None req-0c67c2fb-6b67-4a06-b1dd-08c5db79e77f None admin] PATH_INFO: `/v3/role_assignments` {{(pid=81750) log_request_info /opt/stack/keystone/keystone/server/flask/request_processing/req_logging.py:28}}
Feb 12 11:39:20 ubuntu devstack@keystone.service[81750]: DEBUG keystone.common.rbac_enforcer.enforcer [None req-0c67c2fb-6b67-4a06-b1dd-08c5db79e77f None admin] RBAC: Adding query filter params (role.id=df2c5eda8a3b4f50ac0e457faf0a7c9e, scope.domain.id=default, user.id=9b16610190cf4939b39701f7866a3f80) {{(pid=81750) _extract_filter_values /opt/stack/keystone/keystone/common/rbac_enforcer/enforcer.py:176}}
Feb 12 11:39:20 ubuntu devstack@keystone.service[81750]: DEBUG keystone.common.rbac_enforcer.enforcer [None req-0c67c2fb-6b67-4a06-b1dd-08c5db79e77f None admin] RBAC: Authorizing `identity:list_role_assignments()` {{(pid=81750) enforce_call /opt/stack/keystone/keystone/common/rbac_enforcer/enforcer.py:494}}
Feb 12 11:39:20 ubuntu devstack@keystone.service[81750]: DEBUG keystone.common.rbac_enforcer.enforcer [None req-0c67c2fb-6b67-4a06-b1dd-08c5db79e77f None admin] RBAC: Authorization granted {{(pid=81750) enforce_call /opt/stack/keystone/keystone/common/rbac_enforcer/enforcer.py:505}}
Feb 12 11:39:20 ubuntu devstack@keystone.service[81750]: [pid: 81750|app: 0|req: 19/33] 10.201.5.82 () {56 vars in 1371 bytes} [Thu Feb 12 11:39:20 2026] GET /identity/v3/role_assignments?role.id=df2c5eda8a3b4f50ac0e457faf0a7c9e&scope.domain.id=default&user.id=9b16610190cf4939b39701f7866a3f80 => generated 530 bytes in 98 msecs (HTTP/1.1 200) 5 headers in 177 bytes (2 switches on core 0)
Feb 12 11:39:20 ubuntu devstack@keystone.service[81750]: DEBUG keystone.server.flask.request_processing.req_logging [None req-37d60896-9ef1-48af-9f2d-d604cb4c54d7 None None] REQUEST_METHOD: `GET` {{(pid=81750) log_request_info /opt/stack/keystone/keystone/server/flask/request_processing/req_logging.py:26}}
Feb 12 11:39:20 ubuntu devstack@keystone.service[81750]: DEBUG keystone.server.flask.request_processing.req_logging [None req-37d60896-9ef1-48af-9f2d-d604cb4c54d7 None None] SCRIPT_NAME: `/identity` {{(pid=81750) log_request_info /opt/stack/keystone/keystone/server/flask/request_processing/req_logging.py:27}}
Feb 12 11:39:20 ubuntu devstack@keystone.service[81750]: DEBUG keystone.server.flask.request_processing.req_logging [None req-37d60896-9ef1-48af-9f2d-d604cb4c54d7 None None] PATH_INFO: `/` {{(pid=81750) log_request_info /opt/stack/keystone/keystone/server/flask/request_processing/req_logging.py:28}}
Feb 12 11:39:20 ubuntu devstack@keystone.service[81750]: [pid: 81750|app: 0|req: 20/34] 10.201.5.82 () {54 vars in 919 bytes} [Thu Feb 12 11:39:20 2026] GET /identity => generated 270 bytes in 8 msecs (HTTP/1.1 300) 6 headers in 234 bytes (1 switches on core 0)
Feb 12 11:39:20 ubuntu devstack@keystone.service[81750]: DEBUG keystone.server.flask.request_processing.req_logging [None req-427d6738-e472-4cb4-9002-75a30f9d0de4 None None] REQUEST_METHOD: `POST` {{(pid=81750) log_request_info /opt/stack/keystone/keystone/server/flask/request_processing/req_logging.py:26}}
Feb 12 11:39:20 ubuntu devstack@keystone.service[81750]: DEBUG keystone.server.flask.request_processing.req_logging [None req-427d6738-e472-4cb4-9002-75a30f9d0de4 None None] SCRIPT_NAME: `/identity` {{(pid=81750) log_request_info /opt/stack/keystone/keystone/server/flask/request_processing/req_logging.py:27}}
Feb 12 11:39:20 ubuntu devstack@keystone.service[81750]: DEBUG keystone.server.flask.request_processing.req_logging [None req-427d6738-e472-4cb4-9002-75a30f9d0de4 None None] PATH_INFO: `/v3/auth/tokens` {{(pid=81750) log_request_info /opt/stack/keystone/keystone/server/flask/request_processing/req_logging.py:28}}
Feb 12 11:39:20 ubuntu devstack@keystone.service[81749]: DEBUG keystone.server.flask.request_processing.middleware.auth_context [None req-06b3ac2a-1dc6-46c8-91ad-65d57a50685f None None] Validating token access rules against request {{(pid=81749) validate_allowed_request /opt/stack/data/venv/lib/python3.10/site-packages/keystonemiddleware/auth_token/__init__.py:545}}
Feb 12 11:39:20 ubuntu devstack@keystone.service[81750]: WARNING keystone.common.password_hashing [None req-427d6738-e472-4cb4-9002-75a30f9d0de4 None None] Truncating password to algorithm specific maximum length 72 characters.
Feb 12 11:39:20 ubuntu devstack@keystone.service[81749]: DEBUG keystone.server.flask.request_processing.middleware.auth_context [None req-490a66b3-602b-460f-b58a-963590c43e20 None admin] RBAC: auth_context: {'token': <TokenModel (audit_id=F70E9HPmSci89N6wrS1zEw, audit_chain_id=['F70E9HPmSci89N6wrS1zEw']) at 0x7ff6390be620>, 'domain_id': None, 'trust_id': None, 'trustor_id': None, 'trustee_id': None, 'domain_name': None, 'group_ids': [], 'user_id': '9b16610190cf4939b39701f7866a3f80', 'user_domain_id': 'default', 'system_scope': 'all', 'project_id': None, 'project_domain_id': None, 'roles': ['admin', 'manager', 'member', 'reader'], 'is_admin_project': True, 'service_user_id': None, 'service_user_domain_id': None, 'service_project_id': None, 'service_project_domain_id': None, 'service_roles': []} {{(pid=81749) fill_context /opt/stack/keystone/keystone/server/flask/request_processing/middleware/auth_context.py:509}}
Feb 12 11:39:20 ubuntu devstack@keystone.service[81749]: DEBUG keystone.server.flask.request_processing.req_logging [None req-490a66b3-602b-460f-b58a-963590c43e20 None admin] REQUEST_METHOD: `GET` {{(pid=81749) log_request_info /opt/stack/keystone/keystone/server/flask/request_processing/req_logging.py:26}}
Feb 12 11:39:20 ubuntu devstack@keystone.service[81749]: DEBUG keystone.server.flask.request_processing.req_logging [None req-490a66b3-602b-460f-b58a-963590c43e20 None admin] SCRIPT_NAME: `/identity` {{(pid=81749) log_request_info /opt/stack/keystone/keystone/server/flask/request_processing/req_logging.py:27}}
Feb 12 11:39:20 ubuntu devstack@keystone.service[81749]: DEBUG keystone.server.flask.request_processing.req_logging [None req-490a66b3-602b-460f-b58a-963590c43e20 None admin] PATH_INFO: `/v3/domains` {{(pid=81749) log_request_info /opt/stack/keystone/keystone/server/flask/request_processing/req_logging.py:28}}
Feb 12 11:39:20 ubuntu devstack@keystone.service[81749]: DEBUG keystone.common.rbac_enforcer.enforcer [None req-490a66b3-602b-460f-b58a-963590c43e20 None admin] RBAC: Adding query filter params (name=Default) {{(pid=81749) _extract_filter_values /opt/stack/keystone/keystone/common/rbac_enforcer/enforcer.py:176}}
Feb 12 11:39:20 ubuntu devstack@keystone.service[81749]: DEBUG keystone.common.rbac_enforcer.enforcer [None req-490a66b3-602b-460f-b58a-963590c43e20 None admin] RBAC: Authorizing `identity:list_domains()` {{(pid=81749) enforce_call /opt/stack/keystone/keystone/common/rbac_enforcer/enforcer.py:494}}
Feb 12 11:39:20 ubuntu devstack@keystone.service[81750]: DEBUG keystone.auth.core [None req-427d6738-e472-4cb4-9002-75a30f9d0de4 None None] MFA Rules not processed for user `9b16610190cf4939b39701f7866a3f80`. Rule list: `[]` (Enabled: `True`). {{(pid=81750) check_auth_methods_against_rules /opt/stack/keystone/keystone/auth/core.py:476}}
Feb 12 11:39:20 ubuntu devstack@keystone.service[81749]: DEBUG keystone.common.rbac_enforcer.enforcer [None req-490a66b3-602b-460f-b58a-963590c43e20 None admin] RBAC: Authorization granted {{(pid=81749) enforce_call /opt/stack/keystone/keystone/common/rbac_enforcer/enforcer.py:505}}
Feb 12 11:39:20 ubuntu devstack@keystone.service[81750]: DEBUG keystone.common.fernet_utils [None req-427d6738-e472-4cb4-9002-75a30f9d0de4 None None] Loaded 2 Fernet keys from /etc/keystone/fernet-keys/, but `[fernet_tokens] max_active_keys = 3`; perhaps there have not been enough key rotations to reach `max_active_keys` yet? {{(pid=81750) load_keys /opt/stack/keystone/keystone/common/fernet_utils.py:297}}
Feb 12 11:39:20 ubuntu devstack@keystone.service[81749]: [pid: 81749|app: 0|req: 15/35] 10.201.5.82 () {56 vars in 1101 bytes} [Thu Feb 12 11:39:20 2026] GET /identity/v3/domains?name=Default => generated 308 bytes in 180 msecs (HTTP/1.1 200) 5 headers in 177 bytes (1 switches on core 0)
Feb 12 11:39:20 ubuntu devstack@keystone.service[81749]: DEBUG keystone.server.flask.request_processing.middleware.auth_context [None req-490a66b3-602b-460f-b58a-963590c43e20 None admin] Authenticating user token {{(pid=81749) process_request /opt/stack/data/venv/lib/python3.10/site-packages/keystonemiddleware/auth_token/__init__.py:407}}
Feb 12 11:39:20 ubuntu devstack@keystone.service[81749]: DEBUG keystone.server.flask.request_processing.middleware.auth_context [None req-490a66b3-602b-460f-b58a-963590c43e20 None admin] Validating token access rules against request {{(pid=81749) validate_allowed_request /opt/stack/data/venv/lib/python3.10/site-packages/keystonemiddleware/auth_token/__init__.py:545}}
Feb 12 11:39:20 ubuntu devstack@keystone.service[81749]: DEBUG keystone.server.flask.request_processing.middleware.auth_context [None req-d466c7ab-604d-4c18-a588-c34343b21788 None admin] RBAC: auth_context: {'token': <TokenModel (audit_id=F70E9HPmSci89N6wrS1zEw, audit_chain_id=['F70E9HPmSci89N6wrS1zEw']) at 0x7ff6390be7a0>, 'domain_id': None, 'trust_id': None, 'trustor_id': None, 'trustee_id': None, 'domain_name': None, 'group_ids': [], 'user_id': '9b16610190cf4939b39701f7866a3f80', 'user_domain_id': 'default', 'system_scope': 'all', 'project_id': None, 'project_domain_id': None, 'roles': ['admin', 'manager', 'member', 'reader'], 'is_admin_project': True, 'service_user_id': None, 'service_user_domain_id': None, 'service_project_id': None, 'service_project_domain_id': None, 'service_roles': []} {{(pid=81749) fill_context /opt/stack/keystone/keystone/server/flask/request_processing/middleware/auth_context.py:509}}
Feb 12 11:39:20 ubuntu devstack@keystone.service[81749]: DEBUG keystone.server.flask.request_processing.req_logging [None req-d466c7ab-604d-4c18-a588-c34343b21788 None admin] REQUEST_METHOD: `POST` {{(pid=81749) log_request_info /opt/stack/keystone/keystone/server/flask/request_processing/req_logging.py:26}}
Feb 12 11:39:20 ubuntu devstack@keystone.service[81749]: DEBUG keystone.server.flask.request_processing.req_logging [None req-d466c7ab-604d-4c18-a588-c34343b21788 None admin] SCRIPT_NAME: `/identity` {{(pid=81749) log_request_info /opt/stack/keystone/keystone/server/flask/request_processing/req_logging.py:27}}
Feb 12 11:39:20 ubuntu devstack@keystone.service[81749]: DEBUG keystone.server.flask.request_processing.req_logging [None req-d466c7ab-604d-4c18-a588-c34343b21788 None admin] PATH_INFO: `/v3/projects` {{(pid=81749) log_request_info /opt/stack/keystone/keystone/server/flask/request_processing/req_logging.py:28}}
Feb 12 11:39:20 ubuntu devstack@keystone.service[81749]: DEBUG keystone.common.rbac_enforcer.enforcer [None req-d466c7ab-604d-4c18-a588-c34343b21788 None admin] RBAC: Authorizing `identity:create_project()` {{(pid=81749) enforce_call /opt/stack/keystone/keystone/common/rbac_enforcer/enforcer.py:494}}
Feb 12 11:39:20 ubuntu devstack@keystone.service[81749]: DEBUG keystone.common.rbac_enforcer.enforcer [None req-d466c7ab-604d-4c18-a588-c34343b21788 None admin] RBAC: Authorization granted {{(pid=81749) enforce_call /opt/stack/keystone/keystone/common/rbac_enforcer/enforcer.py:505}}
Feb 12 11:39:20 ubuntu devstack@keystone.service[81749]: [pid: 81749|app: 0|req: 16/36] 10.201.5.82 () {60 vars in 1133 bytes} [Thu Feb 12 11:39:20 2026] POST /identity/v3/projects => generated 301 bytes in 72 msecs (HTTP/1.1 201) 5 headers in 182 bytes (1 switches on core 0)
Feb 12 11:39:20 ubuntu devstack@keystone.service[81749]: DEBUG keystone.server.flask.request_processing.middleware.auth_context [None req-d466c7ab-604d-4c18-a588-c34343b21788 None admin] Authenticating user token {{(pid=81749) process_request /opt/stack/data/venv/lib/python3.10/site-packages/keystonemiddleware/auth_token/__init__.py:407}}
Feb 12 11:39:20 ubuntu devstack@keystone.service[81749]: DEBUG keystone.server.flask.request_processing.middleware.auth_context [None req-d466c7ab-604d-4c18-a588-c34343b21788 None admin] Validating token access rules against request {{(pid=81749) validate_allowed_request /opt/stack/data/venv/lib/python3.10/site-packages/keystonemiddleware/auth_token/__init__.py:545}}
Feb 12 11:39:20 ubuntu devstack@keystone.service[81750]: [pid: 81750|app: 0|req: 21/37] 10.201.5.82 () {58 vars in 1016 bytes} [Thu Feb 12 11:39:20 2026] POST /identity/v3/auth/tokens => generated 862 bytes in 162 msecs (HTTP/1.1 201) 6 headers in 363 bytes (2 switches on core 0)
Feb 12 11:39:20 ubuntu devstack@keystone.service[81749]: DEBUG keystone.server.flask.request_processing.middleware.auth_context [None req-70cb1b03-635c-4182-83f3-a75f07a19b1c None admin] RBAC: auth_context: {'token': <TokenModel (audit_id=aphVNYpRQ5e8SpZGWTyUsg, audit_chain_id=['aphVNYpRQ5e8SpZGWTyUsg']) at 0x7ff63971fe80>, 'domain_id': None, 'trust_id': None, 'trustor_id': None, 'trustee_id': None, 'domain_name': None, 'group_ids': [], 'user_id': '9b16610190cf4939b39701f7866a3f80', 'user_domain_id': 'default', 'system_scope': 'all', 'project_id': None, 'project_domain_id': None, 'roles': ['admin', 'manager', 'member', 'reader'], 'is_admin_project': True, 'service_user_id': None, 'service_user_domain_id': None, 'service_project_id': None, 'service_project_domain_id': None, 'service_roles': []} {{(pid=81749) fill_context /opt/stack/keystone/keystone/server/flask/request_processing/middleware/auth_context.py:509}}
Feb 12 11:39:20 ubuntu devstack@keystone.service[81749]: DEBUG keystone.server.flask.request_processing.req_logging [None req-70cb1b03-635c-4182-83f3-a75f07a19b1c None admin] REQUEST_METHOD: `POST` {{(pid=81749) log_request_info /opt/stack/keystone/keystone/server/flask/request_processing/req_logging.py:26}}
Feb 12 11:39:20 ubuntu devstack@keystone.service[81749]: DEBUG keystone.server.flask.request_processing.req_logging [None req-70cb1b03-635c-4182-83f3-a75f07a19b1c None admin] SCRIPT_NAME: `/identity` {{(pid=81749) log_request_info /opt/stack/keystone/keystone/server/flask/request_processing/req_logging.py:27}}
Feb 12 11:39:20 ubuntu devstack@keystone.service[81749]: DEBUG keystone.server.flask.request_processing.req_logging [None req-70cb1b03-635c-4182-83f3-a75f07a19b1c None admin] PATH_INFO: `/v3/roles` {{(pid=81749) log_request_info /opt/stack/keystone/keystone/server/flask/request_processing/req_logging.py:28}}
Feb 12 11:39:20 ubuntu devstack@keystone.service[81749]: DEBUG keystone.common.rbac_enforcer.enforcer [None req-70cb1b03-635c-4182-83f3-a75f07a19b1c None admin] RBAC: Authorizing `identity:create_role()` {{(pid=81749) enforce_call /opt/stack/keystone/keystone/common/rbac_enforcer/enforcer.py:494}}
Feb 12 11:39:20 ubuntu devstack@keystone.service[81749]: DEBUG keystone.common.rbac_enforcer.enforcer [None req-70cb1b03-635c-4182-83f3-a75f07a19b1c None admin] RBAC: Authorization granted {{(pid=81749) enforce_call /opt/stack/keystone/keystone/common/rbac_enforcer/enforcer.py:505}}
Feb 12 11:39:20 ubuntu devstack@keystone.service[81749]: DEBUG keystone.common.sql.core [None req-70cb1b03-635c-4182-83f3-a75f07a19b1c None admin] Conflict role: (pymysql.err.IntegrityError) (1062, "Duplicate entry 'service-<<null>>' for key 'role.ixu_role_name_domain_id'")
Feb 12 11:39:20 ubuntu devstack@keystone.service[81749]: [SQL: INSERT INTO `role` (id, name, description, extra) VALUES (%(id)s, %(name)s, %(description)s, %(extra)s)]
Feb 12 11:39:20 ubuntu devstack@keystone.service[81749]: [parameters: {'id': '28c7d1f2ad55442eafe587ba2d3db3a0', 'name': 'service', 'description': None, 'extra': '{}'}]
Feb 12 11:39:20 ubuntu devstack@keystone.service[81749]: (Background on this error at: https://sqlalche.me/e/20/gkpj) {{(pid=81749) wrapper /opt/stack/keystone/keystone/common/sql/core.py:580}}
Feb 12 11:39:20 ubuntu devstack@keystone.service[81749]: ERROR keystone.server.flask.application [None req-70cb1b03-635c-4182-83f3-a75f07a19b1c None admin] Conflict occurred attempting to store role - Duplicate entry found with name service.: keystone.exception.Conflict: Conflict occurred attempting to store role - Duplicate entry found with name service.
Feb 12 11:39:20 ubuntu devstack@keystone.service[81749]: ERROR keystone.server.flask.application Traceback (most recent call last):
Feb 12 11:39:20 ubuntu devstack@keystone.service[81749]: ERROR keystone.server.flask.application   File "/opt/stack/data/venv/lib/python3.10/site-packages/sqlalchemy/engine/base.py", line 1967, in _exec_single_context
Feb 12 11:39:20 ubuntu devstack@keystone.service[81749]: ERROR keystone.server.flask.application     self.dialect.do_execute(
Feb 12 11:39:20 ubuntu devstack@keystone.service[81749]: ERROR keystone.server.flask.application   File "/opt/stack/data/venv/lib/python3.10/site-packages/sqlalchemy/engine/default.py", line 951, in do_execute
Feb 12 11:39:20 ubuntu devstack@keystone.service[81749]: ERROR keystone.server.flask.application     cursor.execute(statement, parameters)
Feb 12 11:39:20 ubuntu devstack@keystone.service[81749]: ERROR keystone.server.flask.application   File "/opt/stack/data/venv/lib/python3.10/site-packages/pymysql/cursors.py", line 153, in execute
Feb 12 11:39:20 ubuntu devstack@keystone.service[81749]: ERROR keystone.server.flask.application     result = self._query(query)
Feb 12 11:39:20 ubuntu devstack@keystone.service[81749]: ERROR keystone.server.flask.application   File "/opt/stack/data/venv/lib/python3.10/site-packages/pymysql/cursors.py", line 322, in _query
Feb 12 11:39:20 ubuntu devstack@keystone.service[81749]: ERROR keystone.server.flask.application     conn.query(q)
Feb 12 11:39:20 ubuntu devstack@keystone.service[81749]: ERROR keystone.server.flask.application   File "/opt/stack/data/venv/lib/python3.10/site-packages/pymysql/connections.py", line 575, in query
Feb 12 11:39:20 ubuntu devstack@keystone.service[81749]: ERROR keystone.server.flask.application     self._affected_rows = self._read_query_result(unbuffered=unbuffered)
Feb 12 11:39:20 ubuntu devstack@keystone.service[81749]: ERROR keystone.server.flask.application   File "/opt/stack/data/venv/lib/python3.10/site-packages/pymysql/connections.py", line 826, in _read_query_result
Feb 12 11:39:20 ubuntu devstack@keystone.service[81749]: ERROR keystone.server.flask.application     result.read()
Feb 12 11:39:20 ubuntu devstack@keystone.service[81749]: ERROR keystone.server.flask.application   File "/opt/stack/data/venv/lib/python3.10/site-packages/pymysql/connections.py", line 1203, in read
Feb 12 11:39:20 ubuntu devstack@keystone.service[81749]: ERROR keystone.server.flask.application     first_packet = self.connection._read_packet()
Feb 12 11:39:20 ubuntu devstack@keystone.service[81749]: ERROR keystone.server.flask.application   File "/opt/stack/data/venv/lib/python3.10/site-packages/pymysql/connections.py", line 782, in _read_packet
Feb 12 11:39:20 ubuntu devstack@keystone.service[81749]: ERROR keystone.server.flask.application     packet.raise_for_error()
Feb 12 11:39:20 ubuntu devstack@keystone.service[81749]: ERROR keystone.server.flask.application   File "/opt/stack/data/venv/lib/python3.10/site-packages/pymysql/protocol.py", line 219, in raise_for_error
Feb 12 11:39:20 ubuntu devstack@keystone.service[81749]: ERROR keystone.server.flask.application     err.raise_mysql_exception(self._data)
Feb 12 11:39:20 ubuntu devstack@keystone.service[81749]: ERROR keystone.server.flask.application   File "/opt/stack/data/venv/lib/python3.10/site-packages/pymysql/err.py", line 150, in raise_mysql_exception
Feb 12 11:39:20 ubuntu devstack@keystone.service[81749]: ERROR keystone.server.flask.application     raise errorclass(errno, errval)
Feb 12 11:39:20 ubuntu devstack@keystone.service[81749]: ERROR keystone.server.flask.application pymysql.err.IntegrityError: (1062, "Duplicate entry 'service-<<null>>' for key 'role.ixu_role_name_domain_id'")
Feb 12 11:39:20 ubuntu devstack@keystone.service[81749]: ERROR keystone.server.flask.application 
Feb 12 11:39:20 ubuntu devstack@keystone.service[81749]: ERROR keystone.server.flask.application The above exception was the direct cause of the following exception:
Feb 12 11:39:20 ubuntu devstack@keystone.service[81749]: ERROR keystone.server.flask.application 
Feb 12 11:39:20 ubuntu devstack@keystone.service[81749]: ERROR keystone.server.flask.application Traceback (most recent call last):
Feb 12 11:39:20 ubuntu devstack@keystone.service[81749]: ERROR keystone.server.flask.application   File "/opt/stack/keystone/keystone/common/sql/core.py", line 575, in wrapper
Feb 12 11:39:20 ubuntu devstack@keystone.service[81749]: ERROR keystone.server.flask.application     return method(*args, **kwargs)
Feb 12 11:39:20 ubuntu devstack@keystone.service[81749]: ERROR keystone.server.flask.application   File "/opt/stack/keystone/keystone/assignment/role_backends/sql.py", line 25, in create_role
Feb 12 11:39:20 ubuntu devstack@keystone.service[81749]: ERROR keystone.server.flask.application     with sql.session_for_write() as session:
Feb 12 11:39:20 ubuntu devstack@keystone.service[81749]: ERROR keystone.server.flask.application   File "/usr/lib/python3.10/contextlib.py", line 142, in __exit__
Feb 12 11:39:20 ubuntu devstack@keystone.service[81749]: ERROR keystone.server.flask.application     next(self.gen)
Feb 12 11:39:20 ubuntu devstack@keystone.service[81749]: ERROR keystone.server.flask.application   File "/opt/stack/data/venv/lib/python3.10/site-packages/oslo_db/sqlalchemy/enginefacade.py", line 1175, in _transaction_scope
Feb 12 11:39:20 ubuntu devstack@keystone.service[81749]: ERROR keystone.server.flask.application     with current._produce_block(
Feb 12 11:39:20 ubuntu devstack@keystone.service[81749]: ERROR keystone.server.flask.application   File "/usr/lib/python3.10/contextlib.py", line 142, in __exit__
Feb 12 11:39:20 ubuntu devstack@keystone.service[81749]: ERROR keystone.server.flask.application     next(self.gen)
Feb 12 11:39:20 ubuntu devstack@keystone.service[81749]: ERROR keystone.server.flask.application   File "/opt/stack/data/venv/lib/python3.10/site-packages/oslo_db/sqlalchemy/enginefacade.py", line 837, in _session
Feb 12 11:39:20 ubuntu devstack@keystone.service[81749]: ERROR keystone.server.flask.application     with excutils.save_and_reraise_exception():
Feb 12 11:39:20 ubuntu devstack@keystone.service[81749]: ERROR keystone.server.flask.application   File "/opt/stack/data/venv/lib/python3.10/site-packages/oslo_utils/excutils.py", line 256, in __exit__
Feb 12 11:39:20 ubuntu devstack@keystone.service[81749]: ERROR keystone.server.flask.application     self.force_reraise()
Feb 12 11:39:20 ubuntu devstack@keystone.service[81749]: ERROR keystone.server.flask.application   File "/opt/stack/data/venv/lib/python3.10/site-packages/oslo_utils/excutils.py", line 222, in force_reraise
Feb 12 11:39:20 ubuntu devstack@keystone.service[81749]: ERROR keystone.server.flask.application     raise self.value
Feb 12 11:39:20 ubuntu devstack@keystone.service[81749]: ERROR keystone.server.flask.application   File "/opt/stack/data/venv/lib/python3.10/site-packages/oslo_db/sqlalchemy/enginefacade.py", line 835, in _session
