Apr 14 14:39:23 ubuntu devstack@keystone.service[81189]: DEBUG keystone.server.flask.common [-] Adding resource routes to API system: ['/system/groups/<string:group_id>/roles/<string:role_id>' {}] {{(pid=81189) _add_mapped_resources /opt/stack/keystone/keystone/server/flask/common.py:483}}
Apr 14 14:39:23 ubuntu devstack@keystone.service[81189]: DEBUG keystone.server.flask.common [-] Adding resource routes to API trusts: ['/trusts' {}] {{(pid=81189) _add_mapped_resources /opt/stack/keystone/keystone/server/flask/common.py:483}}
Apr 14 14:39:23 ubuntu devstack@keystone.service[81189]: DEBUG keystone.server.flask.common [-] Adding resource routes to API trusts: ['/trusts/<string:trust_id>' {}] {{(pid=81189) _add_mapped_resources /opt/stack/keystone/keystone/server/flask/common.py:483}}
Apr 14 14:39:23 ubuntu devstack@keystone.service[81189]: DEBUG keystone.server.flask.common [-] Adding resource routes to API trusts: ['/trusts/<string:trust_id>/roles' {}] {{(pid=81189) _add_mapped_resources /opt/stack/keystone/keystone/server/flask/common.py:483}}
Apr 14 14:39:23 ubuntu devstack@keystone.service[81189]: DEBUG keystone.server.flask.common [-] Adding resource routes to API trusts: ['/trusts/<string:trust_id>/roles/<string:role_id>' {}] {{(pid=81189) _add_mapped_resources /opt/stack/keystone/keystone/server/flask/common.py:483}}
Apr 14 14:39:23 ubuntu devstack@keystone.service[81189]: DEBUG keystone.server.flask.common [-] Adding resource routes to API users: ['/users' {}] {{(pid=81189) _add_mapped_resources /opt/stack/keystone/keystone/server/flask/common.py:483}}
Apr 14 14:39:23 ubuntu devstack@keystone.service[81189]: DEBUG keystone.server.flask.common [-] Adding resource routes to API users: ['/users/<string:user_id>' {}] {{(pid=81189) _add_mapped_resources /opt/stack/keystone/keystone/server/flask/common.py:483}}
Apr 14 14:39:23 ubuntu devstack@keystone.service[81189]: DEBUG keystone.server.flask.common [-] Adding resource routes to API users: ['/users/<string:user_id>/password' {}] {{(pid=81189) _add_mapped_resources /opt/stack/keystone/keystone/server/flask/common.py:483}}
Apr 14 14:39:23 ubuntu devstack@keystone.service[81189]: DEBUG keystone.server.flask.common [-] Adding resource routes to API users: ['/users/<string:user_id>/groups' {}] {{(pid=81189) _add_mapped_resources /opt/stack/keystone/keystone/server/flask/common.py:483}}
Apr 14 14:39:23 ubuntu devstack@keystone.service[81189]: DEBUG keystone.server.flask.common [-] Adding resource routes to API users: ['/users/<string:user_id>/projects' {}] {{(pid=81189) _add_mapped_resources /opt/stack/keystone/keystone/server/flask/common.py:483}}
Apr 14 14:39:23 ubuntu devstack@keystone.service[81189]: DEBUG keystone.server.flask.common [-] Adding resource routes to API users: ['/users/<string:user_id>/credentials/OS-EC2' {}] {{(pid=81189) _add_mapped_resources /opt/stack/keystone/keystone/server/flask/common.py:483}}
Apr 14 14:39:23 ubuntu devstack@keystone.service[81189]: DEBUG keystone.server.flask.common [-] Adding resource routes to API users: ['/users/<string:user_id>/credentials/OS-EC2/<string:credential_id>' {}] {{(pid=81189) _add_mapped_resources /opt/stack/keystone/keystone/server/flask/common.py:483}}
Apr 14 14:39:23 ubuntu devstack@keystone.service[81189]: DEBUG keystone.server.flask.common [-] Adding resource routes to API users: ['/users/<string:user_id>/OS-OAUTH1/access_tokens' {}] {{(pid=81189) _add_mapped_resources /opt/stack/keystone/keystone/server/flask/common.py:483}}
Apr 14 14:39:23 ubuntu devstack@keystone.service[81188]: WSGI app 0 (mountpoint='') ready in 2 seconds on interpreter 0x558904ee3d40 pid: 81188 (default app)
Apr 14 14:39:23 ubuntu devstack@keystone.service[81189]: DEBUG keystone.server.flask.common [-] Adding resource routes to API users: ['/users/<string:user_id>/OS-OAUTH1/access_tokens/<string:access_token_id>' {}] {{(pid=81189) _add_mapped_resources /opt/stack/keystone/keystone/server/flask/common.py:483}}
Apr 14 14:39:23 ubuntu devstack@keystone.service[81189]: DEBUG keystone.server.flask.common [-] Adding resource routes to API users: ['/users/<string:user_id>/OS-OAUTH1/access_tokens/<string:access_token_id>/roles' {}] {{(pid=81189) _add_mapped_resources /opt/stack/keystone/keystone/server/flask/common.py:483}}
Apr 14 14:39:23 ubuntu devstack@keystone.service[81189]: DEBUG keystone.server.flask.common [-] Adding resource routes to API users: ['/users/<string:user_id>/OS-OAUTH1/access_tokens/<string:access_token_id>/roles/<string:role_id>' {}] {{(pid=81189) _add_mapped_resources /opt/stack/keystone/keystone/server/flask/common.py:483}}
Apr 14 14:39:23 ubuntu devstack@keystone.service[81189]: DEBUG keystone.server.flask.common [-] Adding resource routes to API users: ['/users/<string:user_id>/application_credentials' {}] {{(pid=81189) _add_mapped_resources /opt/stack/keystone/keystone/server/flask/common.py:483}}
Apr 14 14:39:23 ubuntu devstack@keystone.service[81189]: DEBUG keystone.server.flask.common [-] Adding resource routes to API users: ['/users/<string:user_id>/application_credentials/<string:application_credential_id>' {}] {{(pid=81189) _add_mapped_resources /opt/stack/keystone/keystone/server/flask/common.py:483}}
Apr 14 14:39:23 ubuntu devstack@keystone.service[81189]: DEBUG keystone.server.flask.common [-] Adding resource routes to API users: ['/users/<string:user_id>/access_rules' {}] {{(pid=81189) _add_mapped_resources /opt/stack/keystone/keystone/server/flask/common.py:483}}
Apr 14 14:39:23 ubuntu devstack@keystone.service[81189]: DEBUG keystone.server.flask.common [-] Adding resource routes to API users: ['/users/<string:user_id>/access_rules/<string:access_rule_id>' {}] {{(pid=81189) _add_mapped_resources /opt/stack/keystone/keystone/server/flask/common.py:483}}
Apr 14 14:39:23 ubuntu devstack@keystone.service[81188]: DEBUG keystone.server.flask.request_processing.req_logging [None req-6a200c0a-4958-4f15-ac99-95975752e2aa None None] REQUEST_METHOD: `GET` {{(pid=81188) log_request_info /opt/stack/keystone/keystone/server/flask/request_processing/req_logging.py:26}}
Apr 14 14:39:23 ubuntu devstack@keystone.service[81188]: DEBUG keystone.server.flask.request_processing.req_logging [None req-6a200c0a-4958-4f15-ac99-95975752e2aa None None] SCRIPT_NAME: `/identity` {{(pid=81188) log_request_info /opt/stack/keystone/keystone/server/flask/request_processing/req_logging.py:27}}
Apr 14 14:39:23 ubuntu devstack@keystone.service[81188]: DEBUG keystone.server.flask.request_processing.req_logging [None req-6a200c0a-4958-4f15-ac99-95975752e2aa None None] PATH_INFO: `/v3` {{(pid=81188) log_request_info /opt/stack/keystone/keystone/server/flask/request_processing/req_logging.py:28}}
Apr 14 14:39:23 ubuntu devstack@keystone.service[81188]: [pid: 81188|app: 0|req: 1/1] 10.201.5.82 () {50 vars in 783 bytes} [Mon Apr 14 14:39:23 2025] GET /identity/v3/ => generated 255 bytes in 2 msecs (HTTP/1.1 200) 5 headers in 177 bytes (1 switches on core 0)
Apr 14 14:39:23 ubuntu devstack@keystone.service[81189]: WSGI app 0 (mountpoint='') ready in 2 seconds on interpreter 0x558904ee3d40 pid: 81189 (default app)
Apr 14 14:39:28 ubuntu devstack@keystone.service[81188]: DEBUG keystone.server.flask.request_processing.req_logging [None req-762d1e07-b664-490d-b692-3bfcf59ee5ba None None] REQUEST_METHOD: `GET` {{(pid=81188) log_request_info /opt/stack/keystone/keystone/server/flask/request_processing/req_logging.py:26}}
Apr 14 14:39:28 ubuntu devstack@keystone.service[81188]: DEBUG keystone.server.flask.request_processing.req_logging [None req-762d1e07-b664-490d-b692-3bfcf59ee5ba None None] SCRIPT_NAME: `/identity` {{(pid=81188) log_request_info /opt/stack/keystone/keystone/server/flask/request_processing/req_logging.py:27}}
Apr 14 14:39:28 ubuntu devstack@keystone.service[81188]: DEBUG keystone.server.flask.request_processing.req_logging [None req-762d1e07-b664-490d-b692-3bfcf59ee5ba None None] PATH_INFO: `/` {{(pid=81188) log_request_info /opt/stack/keystone/keystone/server/flask/request_processing/req_logging.py:28}}
Apr 14 14:39:28 ubuntu devstack@keystone.service[81188]: [pid: 81188|app: 0|req: 2/2] 10.201.5.82 () {54 vars in 919 bytes} [Mon Apr 14 14:39:28 2025] GET /identity => generated 270 bytes in 2 msecs (HTTP/1.1 300) 6 headers in 234 bytes (2 switches on core 0)
Apr 14 14:39:28 ubuntu devstack@keystone.service[81189]: DEBUG keystone.server.flask.request_processing.req_logging [None req-51906929-81b5-4443-8048-a5ebbaa6c74f None None] REQUEST_METHOD: `POST` {{(pid=81189) log_request_info /opt/stack/keystone/keystone/server/flask/request_processing/req_logging.py:26}}
Apr 14 14:39:28 ubuntu devstack@keystone.service[81189]: DEBUG keystone.server.flask.request_processing.req_logging [None req-51906929-81b5-4443-8048-a5ebbaa6c74f None None] SCRIPT_NAME: `/identity` {{(pid=81189) log_request_info /opt/stack/keystone/keystone/server/flask/request_processing/req_logging.py:27}}
Apr 14 14:39:28 ubuntu devstack@keystone.service[81189]: DEBUG keystone.server.flask.request_processing.req_logging [None req-51906929-81b5-4443-8048-a5ebbaa6c74f None None] PATH_INFO: `/v3/auth/tokens` {{(pid=81189) log_request_info /opt/stack/keystone/keystone/server/flask/request_processing/req_logging.py:28}}
Apr 14 14:39:28 ubuntu devstack@keystone.service[81189]: INFO dbcounter [None req-51906929-81b5-4443-8048-a5ebbaa6c74f None None] Registered counter for database keystone
Apr 14 14:39:28 ubuntu devstack@keystone.service[81189]: DEBUG oslo_db.sqlalchemy.engines [None req-51906929-81b5-4443-8048-a5ebbaa6c74f None None] MySQL server mode set to STRICT_TRANS_TABLES,STRICT_ALL_TABLES,NO_ZERO_IN_DATE,NO_ZERO_DATE,ERROR_FOR_DIVISION_BY_ZERO,TRADITIONAL,NO_ENGINE_SUBSTITUTION {{(pid=81189) _check_effective_sql_mode /opt/stack/data/venv/lib/python3.10/site-packages/oslo_db/sqlalchemy/engines.py:397}}
Apr 14 14:39:28 ubuntu devstack@keystone.service[81189]: DEBUG dbcounter [-] [81189] Writer thread running {{(pid=81189) stat_writer /opt/stack/data/venv/lib/python3.10/site-packages/dbcounter.py:102}}
Apr 14 14:39:28 ubuntu devstack@keystone.service[81189]: WARNING keystone.common.password_hashing [None req-51906929-81b5-4443-8048-a5ebbaa6c74f None None] Truncating password to algorithm specific maximum length 72 characters.
Apr 14 14:39:28 ubuntu devstack@keystone.service[81189]: DEBUG keystone.auth.core [None req-51906929-81b5-4443-8048-a5ebbaa6c74f None None] MFA Rules not processed for user `0d853c41d51b4dd48dbdb25f738beadf`. Rule list: `[]` (Enabled: `True`). {{(pid=81189) check_auth_methods_against_rules /opt/stack/keystone/keystone/auth/core.py:476}}
Apr 14 14:39:28 ubuntu devstack@keystone.service[81189]: DEBUG keystone.common.fernet_utils [None req-51906929-81b5-4443-8048-a5ebbaa6c74f None None] Loaded 2 Fernet keys from /etc/keystone/fernet-keys/, but `[fernet_tokens] max_active_keys = 3`; perhaps there have not been enough key rotations to reach `max_active_keys` yet? {{(pid=81189) load_keys /opt/stack/keystone/keystone/common/fernet_utils.py:297}}
Apr 14 14:39:28 ubuntu devstack@keystone.service[81189]: [pid: 81189|app: 0|req: 1/3] 10.201.5.82 () {58 vars in 1016 bytes} [Mon Apr 14 14:39:28 2025] POST /identity/v3/auth/tokens => generated 977 bytes in 285 msecs (HTTP/1.1 201) 6 headers in 384 bytes (1 switches on core 0)
Apr 14 14:39:28 ubuntu devstack@keystone.service[81188]: DEBUG keystone.server.flask.request_processing.middleware.auth_context [None req-762d1e07-b664-490d-b692-3bfcf59ee5ba None None] Authenticating user token {{(pid=81188) process_request /opt/stack/data/venv/lib/python3.10/site-packages/keystonemiddleware/auth_token/__init__.py:406}}
Apr 14 14:39:28 ubuntu devstack@keystone.service[81188]: INFO dbcounter [None req-762d1e07-b664-490d-b692-3bfcf59ee5ba None None] Registered counter for database keystone
Apr 14 14:39:28 ubuntu devstack@keystone.service[81188]: DEBUG oslo_db.sqlalchemy.engines [None req-762d1e07-b664-490d-b692-3bfcf59ee5ba None None] MySQL server mode set to STRICT_TRANS_TABLES,STRICT_ALL_TABLES,NO_ZERO_IN_DATE,NO_ZERO_DATE,ERROR_FOR_DIVISION_BY_ZERO,TRADITIONAL,NO_ENGINE_SUBSTITUTION {{(pid=81188) _check_effective_sql_mode /opt/stack/data/venv/lib/python3.10/site-packages/oslo_db/sqlalchemy/engines.py:397}}
Apr 14 14:39:28 ubuntu devstack@keystone.service[81188]: DEBUG dbcounter [-] [81188] Writer thread running {{(pid=81188) stat_writer /opt/stack/data/venv/lib/python3.10/site-packages/dbcounter.py:102}}
Apr 14 14:39:28 ubuntu devstack@keystone.service[81188]: DEBUG keystone.server.flask.request_processing.middleware.auth_context [None req-762d1e07-b664-490d-b692-3bfcf59ee5ba None None] Validating token access rules against request {{(pid=81188) validate_allowed_request /opt/stack/data/venv/lib/python3.10/site-packages/keystonemiddleware/auth_token/__init__.py:544}}
Apr 14 14:39:28 ubuntu devstack@keystone.service[81188]: DEBUG keystone.server.flask.request_processing.middleware.auth_context [None req-82f78fc4-1ce5-42d3-aae5-c4bcaa8d3f3b admin admin] RBAC: auth_context: {'token': <TokenModel (audit_id=vzSdFeruQ6u8nLBxJs_mCg, audit_chain_id=['vzSdFeruQ6u8nLBxJs_mCg']) at 0x7f1ca9b89240>, 'domain_id': None, 'trust_id': None, 'trustor_id': None, 'trustee_id': None, 'domain_name': None, 'group_ids': [], 'user_id': '0d853c41d51b4dd48dbdb25f738beadf', 'user_domain_id': 'default', 'system_scope': None, 'project_id': '4369ab38116f460fbbc692266b6d1d0b', 'project_domain_id': 'default', 'roles': ['manager', 'reader', 'member', 'admin'], 'is_admin_project': True, 'service_user_id': None, 'service_user_domain_id': None, 'service_project_id': None, 'service_project_domain_id': None, 'service_roles': []} {{(pid=81188) fill_context /opt/stack/keystone/keystone/server/flask/request_processing/middleware/auth_context.py:506}}
Apr 14 14:39:28 ubuntu devstack@keystone.service[81188]: DEBUG keystone.server.flask.request_processing.req_logging [None req-82f78fc4-1ce5-42d3-aae5-c4bcaa8d3f3b admin admin] REQUEST_METHOD: `GET` {{(pid=81188) log_request_info /opt/stack/keystone/keystone/server/flask/request_processing/req_logging.py:26}}
Apr 14 14:39:28 ubuntu devstack@keystone.service[81188]: DEBUG keystone.server.flask.request_processing.req_logging [None req-82f78fc4-1ce5-42d3-aae5-c4bcaa8d3f3b admin admin] SCRIPT_NAME: `/identity` {{(pid=81188) log_request_info /opt/stack/keystone/keystone/server/flask/request_processing/req_logging.py:27}}
Apr 14 14:39:28 ubuntu devstack@keystone.service[81188]: DEBUG keystone.server.flask.request_processing.req_logging [None req-82f78fc4-1ce5-42d3-aae5-c4bcaa8d3f3b admin admin] PATH_INFO: `/v3/auth/tokens` {{(pid=81188) log_request_info /opt/stack/keystone/keystone/server/flask/request_processing/req_logging.py:28}}
Apr 14 14:39:28 ubuntu devstack@keystone.service[81188]: DEBUG keystone.common.rbac_enforcer.enforcer [None req-82f78fc4-1ce5-42d3-aae5-c4bcaa8d3f3b admin admin] RBAC: Authorizing `identity:validate_token()` {{(pid=81188) enforce_call /opt/stack/keystone/keystone/common/rbac_enforcer/enforcer.py:495}}
Apr 14 14:39:28 ubuntu devstack@keystone.service[81188]: WARNING keystone.common.rbac_enforcer.enforcer [None req-82f78fc4-1ce5-42d3-aae5-c4bcaa8d3f3b admin admin] Deprecated policy rules found. Use oslopolicy-policy-generator and oslopolicy-policy-upgrade to detect and resolve deprecated policies in your configuration.
Apr 14 14:39:28 ubuntu devstack@keystone.service[81188]: DEBUG keystone.common.rbac_enforcer.enforcer [None req-82f78fc4-1ce5-42d3-aae5-c4bcaa8d3f3b admin admin] RBAC: Authorization granted {{(pid=81188) enforce_call /opt/stack/keystone/keystone/common/rbac_enforcer/enforcer.py:506}}
Apr 14 14:39:28 ubuntu devstack@keystone.service[81188]: [pid: 81188|app: 0|req: 3/4] 10.201.5.82 () {58 vars in 1316 bytes} [Mon Apr 14 14:39:28 2025] GET /identity/v3/auth/tokens => generated 977 bytes in 162 msecs (HTTP/1.1 200) 6 headers in 379 bytes (2 switches on core 0)
Apr 14 14:39:28 ubuntu devstack@keystone.service[81189]: DEBUG keystone.server.flask.request_processing.middleware.auth_context [None req-51906929-81b5-4443-8048-a5ebbaa6c74f None None] Authenticating user token {{(pid=81189) process_request /opt/stack/data/venv/lib/python3.10/site-packages/keystonemiddleware/auth_token/__init__.py:406}}
Apr 14 14:39:28 ubuntu devstack@keystone.service[81189]: DEBUG keystone.server.flask.request_processing.middleware.auth_context [None req-51906929-81b5-4443-8048-a5ebbaa6c74f None None] Validating token access rules against request {{(pid=81189) validate_allowed_request /opt/stack/data/venv/lib/python3.10/site-packages/keystonemiddleware/auth_token/__init__.py:544}}
Apr 14 14:39:28 ubuntu devstack@keystone.service[81189]: DEBUG keystone.server.flask.request_processing.middleware.auth_context [None req-1bdb5169-db25-4ea4-b92e-07be989c84a1 admin admin] RBAC: auth_context: {'token': <TokenModel (audit_id=vzSdFeruQ6u8nLBxJs_mCg, audit_chain_id=['vzSdFeruQ6u8nLBxJs_mCg']) at 0x7f1ca9be1ab0>, 'domain_id': None, 'trust_id': None, 'trustor_id': None, 'trustee_id': None, 'domain_name': None, 'group_ids': [], 'user_id': '0d853c41d51b4dd48dbdb25f738beadf', 'user_domain_id': 'default', 'system_scope': None, 'project_id': '4369ab38116f460fbbc692266b6d1d0b', 'project_domain_id': 'default', 'roles': ['manager', 'reader', 'member', 'admin'], 'is_admin_project': True, 'service_user_id': None, 'service_user_domain_id': None, 'service_project_id': None, 'service_project_domain_id': None, 'service_roles': []} {{(pid=81189) fill_context /opt/stack/keystone/keystone/server/flask/request_processing/middleware/auth_context.py:506}}
Apr 14 14:39:28 ubuntu devstack@keystone.service[81189]: DEBUG keystone.server.flask.request_processing.req_logging [None req-1bdb5169-db25-4ea4-b92e-07be989c84a1 admin admin] REQUEST_METHOD: `GET` {{(pid=81189) log_request_info /opt/stack/keystone/keystone/server/flask/request_processing/req_logging.py:26}}
Apr 14 14:39:28 ubuntu devstack@keystone.service[81189]: DEBUG keystone.server.flask.request_processing.req_logging [None req-1bdb5169-db25-4ea4-b92e-07be989c84a1 admin admin] SCRIPT_NAME: `/identity` {{(pid=81189) log_request_info /opt/stack/keystone/keystone/server/flask/request_processing/req_logging.py:27}}
Apr 14 14:39:28 ubuntu devstack@keystone.service[81189]: DEBUG keystone.server.flask.request_processing.req_logging [None req-1bdb5169-db25-4ea4-b92e-07be989c84a1 admin admin] PATH_INFO: `/v3/projects/4369ab38116f460fbbc692266b6d1d0b` {{(pid=81189) log_request_info /opt/stack/keystone/keystone/server/flask/request_processing/req_logging.py:28}}
Apr 14 14:39:28 ubuntu devstack@keystone.service[81189]: DEBUG keystone.common.rbac_enforcer.enforcer [None req-1bdb5169-db25-4ea4-b92e-07be989c84a1 admin admin] RBAC: Authorizing `identity:get_project(project_id=4369ab38116f460fbbc692266b6d1d0b)` {{(pid=81189) enforce_call /opt/stack/keystone/keystone/common/rbac_enforcer/enforcer.py:495}}
Apr 14 14:39:28 ubuntu devstack@keystone.service[81189]: WARNING keystone.common.rbac_enforcer.enforcer [None req-1bdb5169-db25-4ea4-b92e-07be989c84a1 admin admin] Deprecated policy rules found. Use oslopolicy-policy-generator and oslopolicy-policy-upgrade to detect and resolve deprecated policies in your configuration.
Apr 14 14:39:28 ubuntu devstack@keystone.service[81189]: DEBUG keystone.common.rbac_enforcer.enforcer [None req-1bdb5169-db25-4ea4-b92e-07be989c84a1 admin admin] RBAC: Authorization granted {{(pid=81189) enforce_call /opt/stack/keystone/keystone/common/rbac_enforcer/enforcer.py:506}}
Apr 14 14:39:28 ubuntu devstack@keystone.service[81189]: [pid: 81189|app: 0|req: 2/5] 10.201.5.82 () {56 vars in 1199 bytes} [Mon Apr 14 14:39:28 2025] GET /identity/v3/projects/4369ab38116f460fbbc692266b6d1d0b => generated 344 bytes in 36 msecs (HTTP/1.1 200) 5 headers in 177 bytes (1 switches on core 0)
Apr 14 14:39:29 ubuntu devstack@keystone.service[81188]: DEBUG keystone.server.flask.request_processing.req_logging [None req-7eed6ec5-237e-403a-b415-2a41e16cc5e2 None None] REQUEST_METHOD: `GET` {{(pid=81188) log_request_info /opt/stack/keystone/keystone/server/flask/request_processing/req_logging.py:26}}
Apr 14 14:39:29 ubuntu devstack@keystone.service[81188]: DEBUG keystone.server.flask.request_processing.req_logging [None req-7eed6ec5-237e-403a-b415-2a41e16cc5e2 None None] SCRIPT_NAME: `/identity` {{(pid=81188) log_request_info /opt/stack/keystone/keystone/server/flask/request_processing/req_logging.py:27}}
Apr 14 14:39:29 ubuntu devstack@keystone.service[81188]: DEBUG keystone.server.flask.request_processing.req_logging [None req-7eed6ec5-237e-403a-b415-2a41e16cc5e2 None None] PATH_INFO: `/` {{(pid=81188) log_request_info /opt/stack/keystone/keystone/server/flask/request_processing/req_logging.py:28}}
Apr 14 14:39:29 ubuntu devstack@keystone.service[81188]: [pid: 81188|app: 0|req: 4/6] 10.201.5.82 () {54 vars in 919 bytes} [Mon Apr 14 14:39:29 2025] GET /identity => generated 270 bytes in 2 msecs (HTTP/1.1 300) 6 headers in 234 bytes (2 switches on core 0)
Apr 14 14:39:29 ubuntu devstack@keystone.service[81189]: DEBUG keystone.server.flask.request_processing.req_logging [None req-a6e8f5da-a22a-4f92-b8b1-5f056780e572 None None] REQUEST_METHOD: `POST` {{(pid=81189) log_request_info /opt/stack/keystone/keystone/server/flask/request_processing/req_logging.py:26}}
Apr 14 14:39:29 ubuntu devstack@keystone.service[81189]: DEBUG keystone.server.flask.request_processing.req_logging [None req-a6e8f5da-a22a-4f92-b8b1-5f056780e572 None None] SCRIPT_NAME: `/identity` {{(pid=81189) log_request_info /opt/stack/keystone/keystone/server/flask/request_processing/req_logging.py:27}}
Apr 14 14:39:29 ubuntu devstack@keystone.service[81189]: DEBUG keystone.server.flask.request_processing.req_logging [None req-a6e8f5da-a22a-4f92-b8b1-5f056780e572 None None] PATH_INFO: `/v3/auth/tokens` {{(pid=81189) log_request_info /opt/stack/keystone/keystone/server/flask/request_processing/req_logging.py:28}}
Apr 14 14:39:29 ubuntu devstack@keystone.service[81189]: WARNING keystone.common.password_hashing [None req-a6e8f5da-a22a-4f92-b8b1-5f056780e572 None None] Truncating password to algorithm specific maximum length 72 characters.
Apr 14 14:39:29 ubuntu devstack@keystone.service[81189]: DEBUG keystone.auth.core [None req-a6e8f5da-a22a-4f92-b8b1-5f056780e572 None None] MFA Rules not processed for user `0d853c41d51b4dd48dbdb25f738beadf`. Rule list: `[]` (Enabled: `True`). {{(pid=81189) check_auth_methods_against_rules /opt/stack/keystone/keystone/auth/core.py:476}}
Apr 14 14:39:29 ubuntu devstack@keystone.service[81189]: DEBUG keystone.common.fernet_utils [None req-a6e8f5da-a22a-4f92-b8b1-5f056780e572 None None] Loaded 2 Fernet keys from /etc/keystone/fernet-keys/, but `[fernet_tokens] max_active_keys = 3`; perhaps there have not been enough key rotations to reach `max_active_keys` yet? {{(pid=81189) load_keys /opt/stack/keystone/keystone/common/fernet_utils.py:297}}
Apr 14 14:39:29 ubuntu devstack@keystone.service[81189]: [pid: 81189|app: 0|req: 3/7] 10.201.5.82 () {58 vars in 1016 bytes} [Mon Apr 14 14:39:29 2025] POST /identity/v3/auth/tokens => generated 977 bytes in 32 msecs (HTTP/1.1 201) 6 headers in 384 bytes (1 switches on core 0)
Apr 14 14:39:30 ubuntu devstack@keystone.service[81188]: DEBUG keystone.server.flask.request_processing.middleware.auth_context [None req-7eed6ec5-237e-403a-b415-2a41e16cc5e2 None None] Authenticating user token {{(pid=81188) process_request /opt/stack/data/venv/lib/python3.10/site-packages/keystonemiddleware/auth_token/__init__.py:406}}
Apr 14 14:39:30 ubuntu devstack@keystone.service[81188]: DEBUG keystone.server.flask.request_processing.middleware.auth_context [None req-7eed6ec5-237e-403a-b415-2a41e16cc5e2 None None] Validating token access rules against request {{(pid=81188) validate_allowed_request /opt/stack/data/venv/lib/python3.10/site-packages/keystonemiddleware/auth_token/__init__.py:544}}
Apr 14 14:39:30 ubuntu devstack@keystone.service[81188]: DEBUG keystone.server.flask.request_processing.middleware.auth_context [None req-aa678fd3-b2db-48e9-b629-3fdc4746e14a admin admin] RBAC: auth_context: {'token': <TokenModel (audit_id=OdzgU5roQZ6-vwQQiEd4DA, audit_chain_id=['OdzgU5roQZ6-vwQQiEd4DA']) at 0x7f1ca8f1e830>, 'domain_id': None, 'trust_id': None, 'trustor_id': None, 'trustee_id': None, 'domain_name': None, 'group_ids': [], 'user_id': '0d853c41d51b4dd48dbdb25f738beadf', 'user_domain_id': 'default', 'system_scope': None, 'project_id': '4369ab38116f460fbbc692266b6d1d0b', 'project_domain_id': 'default', 'roles': ['manager', 'reader', 'member', 'admin'], 'is_admin_project': True, 'service_user_id': None, 'service_user_domain_id': None, 'service_project_id': None, 'service_project_domain_id': None, 'service_roles': []} {{(pid=81188) fill_context /opt/stack/keystone/keystone/server/flask/request_processing/middleware/auth_context.py:506}}
Apr 14 14:39:30 ubuntu devstack@keystone.service[81188]: DEBUG keystone.server.flask.request_processing.req_logging [None req-aa678fd3-b2db-48e9-b629-3fdc4746e14a admin admin] REQUEST_METHOD: `GET` {{(pid=81188) log_request_info /opt/stack/keystone/keystone/server/flask/request_processing/req_logging.py:26}}
Apr 14 14:39:30 ubuntu devstack@keystone.service[81188]: DEBUG keystone.server.flask.request_processing.req_logging [None req-aa678fd3-b2db-48e9-b629-3fdc4746e14a admin admin] SCRIPT_NAME: `/identity` {{(pid=81188) log_request_info /opt/stack/keystone/keystone/server/flask/request_processing/req_logging.py:27}}
Apr 14 14:39:30 ubuntu devstack@keystone.service[81188]: DEBUG keystone.server.flask.request_processing.req_logging [None req-aa678fd3-b2db-48e9-b629-3fdc4746e14a admin admin] PATH_INFO: `/v3/users/admin` {{(pid=81188) log_request_info /opt/stack/keystone/keystone/server/flask/request_processing/req_logging.py:28}}
Apr 14 14:39:30 ubuntu devstack@keystone.service[81188]: DEBUG keystone.common.rbac_enforcer.enforcer [None req-aa678fd3-b2db-48e9-b629-3fdc4746e14a admin admin] RBAC: Authorizing `identity:get_user(user_id=admin)` {{(pid=81188) enforce_call /opt/stack/keystone/keystone/common/rbac_enforcer/enforcer.py:495}}
Apr 14 14:39:30 ubuntu devstack@keystone.service[81188]: DEBUG keystone.common.rbac_enforcer.enforcer [None req-aa678fd3-b2db-48e9-b629-3fdc4746e14a admin admin] RBAC: Authorization granted {{(pid=81188) enforce_call /opt/stack/keystone/keystone/common/rbac_enforcer/enforcer.py:506}}
Apr 14 14:39:30 ubuntu devstack@keystone.service[81188]: DEBUG keystone.server.flask.application [None req-aa678fd3-b2db-48e9-b629-3fdc4746e14a admin admin] Could not find user: admin. {{(pid=81188) _handle_keystone_exception /opt/stack/keystone/keystone/server/flask/application.py:146}}
Apr 14 14:39:30 ubuntu devstack@keystone.service[81188]: [pid: 81188|app: 0|req: 5/8] 10.201.5.82 () {56 vars in 1153 bytes} [Mon Apr 14 14:39:30 2025] GET /identity/v3/users/admin => generated 83 bytes in 38 msecs (HTTP/1.1 404) 5 headers in 183 bytes (2 switches on core 0)
Apr 14 14:39:30 ubuntu devstack@keystone.service[81189]: DEBUG keystone.server.flask.request_processing.middleware.auth_context [None req-a6e8f5da-a22a-4f92-b8b1-5f056780e572 None None] Authenticating user token {{(pid=81189) process_request /opt/stack/data/venv/lib/python3.10/site-packages/keystonemiddleware/auth_token/__init__.py:406}}
Apr 14 14:39:30 ubuntu devstack@keystone.service[81189]: DEBUG keystone.server.flask.request_processing.middleware.auth_context [None req-a6e8f5da-a22a-4f92-b8b1-5f056780e572 None None] Validating token access rules against request {{(pid=81189) validate_allowed_request /opt/stack/data/venv/lib/python3.10/site-packages/keystonemiddleware/auth_token/__init__.py:544}}
Apr 14 14:39:30 ubuntu devstack@keystone.service[81189]: DEBUG keystone.server.flask.request_processing.middleware.auth_context [None req-ca07fc10-c62f-4937-9cad-3caf0eed8eae admin admin] RBAC: auth_context: {'token': <TokenModel (audit_id=OdzgU5roQZ6-vwQQiEd4DA, audit_chain_id=['OdzgU5roQZ6-vwQQiEd4DA']) at 0x7f1ca9be1a50>, 'domain_id': None, 'trust_id': None, 'trustor_id': None, 'trustee_id': None, 'domain_name': None, 'group_ids': [], 'user_id': '0d853c41d51b4dd48dbdb25f738beadf', 'user_domain_id': 'default', 'system_scope': None, 'project_id': '4369ab38116f460fbbc692266b6d1d0b', 'project_domain_id': 'default', 'roles': ['manager', 'reader', 'member', 'admin'], 'is_admin_project': True, 'service_user_id': None, 'service_user_domain_id': None, 'service_project_id': None, 'service_project_domain_id': None, 'service_roles': []} {{(pid=81189) fill_context /opt/stack/keystone/keystone/server/flask/request_processing/middleware/auth_context.py:506}}
Apr 14 14:39:30 ubuntu devstack@keystone.service[81189]: DEBUG keystone.server.flask.request_processing.req_logging [None req-ca07fc10-c62f-4937-9cad-3caf0eed8eae admin admin] REQUEST_METHOD: `GET` {{(pid=81189) log_request_info /opt/stack/keystone/keystone/server/flask/request_processing/req_logging.py:26}}
Apr 14 14:39:30 ubuntu devstack@keystone.service[81189]: DEBUG keystone.server.flask.request_processing.req_logging [None req-ca07fc10-c62f-4937-9cad-3caf0eed8eae admin admin] SCRIPT_NAME: `/identity` {{(pid=81189) log_request_info /opt/stack/keystone/keystone/server/flask/request_processing/req_logging.py:27}}
Apr 14 14:39:30 ubuntu devstack@keystone.service[81189]: DEBUG keystone.server.flask.request_processing.req_logging [None req-ca07fc10-c62f-4937-9cad-3caf0eed8eae admin admin] PATH_INFO: `/v3/users` {{(pid=81189) log_request_info /opt/stack/keystone/keystone/server/flask/request_processing/req_logging.py:28}}
Apr 14 14:39:30 ubuntu devstack@keystone.service[81189]: DEBUG keystone.common.rbac_enforcer.enforcer [None req-ca07fc10-c62f-4937-9cad-3caf0eed8eae admin admin] RBAC: Adding query filter params (name=admin) {{(pid=81189) _extract_filter_values /opt/stack/keystone/keystone/common/rbac_enforcer/enforcer.py:176}}
Apr 14 14:39:30 ubuntu devstack@keystone.service[81189]: DEBUG keystone.common.rbac_enforcer.enforcer [None req-ca07fc10-c62f-4937-9cad-3caf0eed8eae admin admin] RBAC: Authorizing `identity:list_users()` {{(pid=81189) enforce_call /opt/stack/keystone/keystone/common/rbac_enforcer/enforcer.py:495}}
Apr 14 14:39:30 ubuntu devstack@keystone.service[81189]: DEBUG keystone.common.rbac_enforcer.enforcer [None req-ca07fc10-c62f-4937-9cad-3caf0eed8eae admin admin] RBAC: Authorization granted {{(pid=81189) enforce_call /opt/stack/keystone/keystone/common/rbac_enforcer/enforcer.py:506}}
Apr 14 14:39:30 ubuntu devstack@keystone.service[81189]: [pid: 81189|app: 0|req: 4/9] 10.201.5.82 () {56 vars in 1169 bytes} [Mon Apr 14 14:39:30 2025] GET /identity/v3/users?name=admin => generated 352 bytes in 45 msecs (HTTP/1.1 200) 5 headers in 177 bytes (1 switches on core 0)
Apr 14 14:39:31 ubuntu devstack@keystone.service[81188]: DEBUG keystone.server.flask.request_processing.req_logging [None req-63e546cf-fb4c-40fb-92de-42fe08d981c9 None None] REQUEST_METHOD: `GET` {{(pid=81188) log_request_info /opt/stack/keystone/keystone/server/flask/request_processing/req_logging.py:26}}
Apr 14 14:39:31 ubuntu devstack@keystone.service[81188]: DEBUG keystone.server.flask.request_processing.req_logging [None req-63e546cf-fb4c-40fb-92de-42fe08d981c9 None None] SCRIPT_NAME: `/identity` {{(pid=81188) log_request_info /opt/stack/keystone/keystone/server/flask/request_processing/req_logging.py:27}}
Apr 14 14:39:31 ubuntu devstack@keystone.service[81188]: DEBUG keystone.server.flask.request_processing.req_logging [None req-63e546cf-fb4c-40fb-92de-42fe08d981c9 None None] PATH_INFO: `/` {{(pid=81188) log_request_info /opt/stack/keystone/keystone/server/flask/request_processing/req_logging.py:28}}
Apr 14 14:39:31 ubuntu devstack@keystone.service[81188]: [pid: 81188|app: 0|req: 6/10] 10.201.5.82 () {54 vars in 919 bytes} [Mon Apr 14 14:39:31 2025] GET /identity => generated 270 bytes in 4 msecs (HTTP/1.1 300) 6 headers in 234 bytes (1 switches on core 0)
Apr 14 14:39:31 ubuntu devstack@keystone.service[81189]: DEBUG keystone.server.flask.request_processing.req_logging [None req-92d32aa4-3723-4f4f-b946-51e7738c62ba None None] REQUEST_METHOD: `POST` {{(pid=81189) log_request_info /opt/stack/keystone/keystone/server/flask/request_processing/req_logging.py:26}}
Apr 14 14:39:31 ubuntu devstack@keystone.service[81189]: DEBUG keystone.server.flask.request_processing.req_logging [None req-92d32aa4-3723-4f4f-b946-51e7738c62ba None None] SCRIPT_NAME: `/identity` {{(pid=81189) log_request_info /opt/stack/keystone/keystone/server/flask/request_processing/req_logging.py:27}}
Apr 14 14:39:31 ubuntu devstack@keystone.service[81189]: DEBUG keystone.server.flask.request_processing.req_logging [None req-92d32aa4-3723-4f4f-b946-51e7738c62ba None None] PATH_INFO: `/v3/auth/tokens` {{(pid=81189) log_request_info /opt/stack/keystone/keystone/server/flask/request_processing/req_logging.py:28}}
Apr 14 14:39:31 ubuntu devstack@keystone.service[81189]: WARNING keystone.common.password_hashing [None req-92d32aa4-3723-4f4f-b946-51e7738c62ba None None] Truncating password to algorithm specific maximum length 72 characters.
Apr 14 14:39:31 ubuntu devstack@keystone.service[81189]: DEBUG keystone.auth.core [None req-92d32aa4-3723-4f4f-b946-51e7738c62ba None None] MFA Rules not processed for user `0d853c41d51b4dd48dbdb25f738beadf`. Rule list: `[]` (Enabled: `True`). {{(pid=81189) check_auth_methods_against_rules /opt/stack/keystone/keystone/auth/core.py:476}}
Apr 14 14:39:31 ubuntu devstack@keystone.service[81189]: DEBUG keystone.common.fernet_utils [None req-92d32aa4-3723-4f4f-b946-51e7738c62ba None None] Loaded 2 Fernet keys from /etc/keystone/fernet-keys/, but `[fernet_tokens] max_active_keys = 3`; perhaps there have not been enough key rotations to reach `max_active_keys` yet? {{(pid=81189) load_keys /opt/stack/keystone/keystone/common/fernet_utils.py:297}}
Apr 14 14:39:31 ubuntu devstack@keystone.service[81189]: [pid: 81189|app: 0|req: 5/11] 10.201.5.82 () {58 vars in 1016 bytes} [Mon Apr 14 14:39:31 2025] POST /identity/v3/auth/tokens => generated 862 bytes in 65 msecs (HTTP/1.1 201) 6 headers in 363 bytes (1 switches on core 0)
Apr 14 14:39:31 ubuntu devstack@keystone.service[81188]: DEBUG keystone.server.flask.request_processing.req_logging [None req-67ff4c64-e565-4d9e-a629-1fe994ff1440 None None] REQUEST_METHOD: `GET` {{(pid=81188) log_request_info /opt/stack/keystone/keystone/server/flask/request_processing/req_logging.py:26}}
Apr 14 14:39:31 ubuntu devstack@keystone.service[81188]: DEBUG keystone.server.flask.request_processing.req_logging [None req-67ff4c64-e565-4d9e-a629-1fe994ff1440 None None] SCRIPT_NAME: `/identity` {{(pid=81188) log_request_info /opt/stack/keystone/keystone/server/flask/request_processing/req_logging.py:27}}
Apr 14 14:39:31 ubuntu devstack@keystone.service[81188]: DEBUG keystone.server.flask.request_processing.req_logging [None req-67ff4c64-e565-4d9e-a629-1fe994ff1440 None None] PATH_INFO: `/` {{(pid=81188) log_request_info /opt/stack/keystone/keystone/server/flask/request_processing/req_logging.py:28}}
Apr 14 14:39:31 ubuntu devstack@keystone.service[81188]: [pid: 81188|app: 0|req: 7/12] 10.201.5.82 () {54 vars in 919 bytes} [Mon Apr 14 14:39:31 2025] GET /identity => generated 270 bytes in 4 msecs (HTTP/1.1 300) 6 headers in 234 bytes (1 switches on core 0)
Apr 14 14:39:31 ubuntu devstack@keystone.service[81189]: DEBUG keystone.server.flask.request_processing.req_logging [None req-6853e395-9865-48f2-8404-c88a6c3f4369 None None] REQUEST_METHOD: `POST` {{(pid=81189) log_request_info /opt/stack/keystone/keystone/server/flask/request_processing/req_logging.py:26}}
Apr 14 14:39:31 ubuntu devstack@keystone.service[81189]: DEBUG keystone.server.flask.request_processing.req_logging [None req-6853e395-9865-48f2-8404-c88a6c3f4369 None None] SCRIPT_NAME: `/identity` {{(pid=81189) log_request_info /opt/stack/keystone/keystone/server/flask/request_processing/req_logging.py:27}}
Apr 14 14:39:31 ubuntu devstack@keystone.service[81189]: DEBUG keystone.server.flask.request_processing.req_logging [None req-6853e395-9865-48f2-8404-c88a6c3f4369 None None] PATH_INFO: `/v3/auth/tokens` {{(pid=81189) log_request_info /opt/stack/keystone/keystone/server/flask/request_processing/req_logging.py:28}}
Apr 14 14:39:31 ubuntu devstack@keystone.service[81188]: DEBUG keystone.server.flask.request_processing.middleware.auth_context [None req-67ff4c64-e565-4d9e-a629-1fe994ff1440 None None] Authenticating user token {{(pid=81188) process_request /opt/stack/data/venv/lib/python3.10/site-packages/keystonemiddleware/auth_token/__init__.py:406}}
Apr 14 14:39:31 ubuntu devstack@keystone.service[81189]: WARNING keystone.common.password_hashing [None req-6853e395-9865-48f2-8404-c88a6c3f4369 None None] Truncating password to algorithm specific maximum length 72 characters.
Apr 14 14:39:31 ubuntu devstack@keystone.service[81189]: DEBUG keystone.auth.core [None req-6853e395-9865-48f2-8404-c88a6c3f4369 None None] MFA Rules not processed for user `0d853c41d51b4dd48dbdb25f738beadf`. Rule list: `[]` (Enabled: `True`). {{(pid=81189) check_auth_methods_against_rules /opt/stack/keystone/keystone/auth/core.py:476}}
Apr 14 14:39:31 ubuntu devstack@keystone.service[81189]: DEBUG keystone.common.fernet_utils [None req-6853e395-9865-48f2-8404-c88a6c3f4369 None None] Loaded 2 Fernet keys from /etc/keystone/fernet-keys/, but `[fernet_tokens] max_active_keys = 3`; perhaps there have not been enough key rotations to reach `max_active_keys` yet? {{(pid=81189) load_keys /opt/stack/keystone/keystone/common/fernet_utils.py:297}}
Apr 14 14:39:31 ubuntu devstack@keystone.service[81189]: [pid: 81189|app: 0|req: 6/13] 10.201.5.82 () {58 vars in 1016 bytes} [Mon Apr 14 14:39:31 2025] POST /identity/v3/auth/tokens => generated 862 bytes in 63 msecs (HTTP/1.1 201) 6 headers in 363 bytes (1 switches on core 0)
Apr 14 14:39:31 ubuntu devstack@keystone.service[81188]: DEBUG keystone.server.flask.request_processing.middleware.auth_context [None req-67ff4c64-e565-4d9e-a629-1fe994ff1440 None None] Validating token access rules against request {{(pid=81188) validate_allowed_request /opt/stack/data/venv/lib/python3.10/site-packages/keystonemiddleware/auth_token/__init__.py:544}}
Apr 14 14:39:31 ubuntu devstack@keystone.service[81188]: DEBUG keystone.server.flask.request_processing.middleware.auth_context [None req-fdbfc73c-fe42-4582-9c11-93c3647e1a88 None admin] RBAC: auth_context: {'token': <TokenModel (audit_id=h4MG3JyVSMKnPnz3oCzLsQ, audit_chain_id=['h4MG3JyVSMKnPnz3oCzLsQ']) at 0x7f1ca8f7c0a0>, 'domain_id': None, 'trust_id': None, 'trustor_id': None, 'trustee_id': None, 'domain_name': None, 'group_ids': [], 'user_id': '0d853c41d51b4dd48dbdb25f738beadf', 'user_domain_id': 'default', 'system_scope': 'all', 'project_id': None, 'project_domain_id': None, 'roles': ['admin', 'manager', 'member', 'reader'], 'is_admin_project': True, 'service_user_id': None, 'service_user_domain_id': None, 'service_project_id': None, 'service_project_domain_id': None, 'service_roles': []} {{(pid=81188) fill_context /opt/stack/keystone/keystone/server/flask/request_processing/middleware/auth_context.py:506}}
Apr 14 14:39:31 ubuntu devstack@keystone.service[81188]: DEBUG keystone.server.flask.request_processing.req_logging [None req-fdbfc73c-fe42-4582-9c11-93c3647e1a88 None admin] REQUEST_METHOD: `GET` {{(pid=81188) log_request_info /opt/stack/keystone/keystone/server/flask/request_processing/req_logging.py:26}}
Apr 14 14:39:31 ubuntu devstack@keystone.service[81188]: DEBUG keystone.server.flask.request_processing.req_logging [None req-fdbfc73c-fe42-4582-9c11-93c3647e1a88 None admin] SCRIPT_NAME: `/identity` {{(pid=81188) log_request_info /opt/stack/keystone/keystone/server/flask/request_processing/req_logging.py:27}}
Apr 14 14:39:31 ubuntu devstack@keystone.service[81188]: DEBUG keystone.server.flask.request_processing.req_logging [None req-fdbfc73c-fe42-4582-9c11-93c3647e1a88 None admin] PATH_INFO: `/v3/roles/admin` {{(pid=81188) log_request_info /opt/stack/keystone/keystone/server/flask/request_processing/req_logging.py:28}}
Apr 14 14:39:31 ubuntu devstack@keystone.service[81188]: DEBUG keystone.common.rbac_enforcer.enforcer [None req-fdbfc73c-fe42-4582-9c11-93c3647e1a88 None admin] Extracting inferred target data resulted in "NOT FOUND (404)". {{(pid=81188) enforce_call /opt/stack/keystone/keystone/common/rbac_enforcer/enforcer.py:445}}
Apr 14 14:39:31 ubuntu devstack@keystone.service[81188]: DEBUG keystone.server.flask.application [None req-fdbfc73c-fe42-4582-9c11-93c3647e1a88 None admin] Could not find role: admin. {{(pid=81188) _handle_keystone_exception /opt/stack/keystone/keystone/server/flask/application.py:146}}
Apr 14 14:39:31 ubuntu devstack@keystone.service[81188]: [pid: 81188|app: 0|req: 8/14] 10.201.5.82 () {56 vars in 1132 bytes} [Mon Apr 14 14:39:31 2025] GET /identity/v3/roles/admin => generated 83 bytes in 86 msecs (HTTP/1.1 404) 5 headers in 183 bytes (1 switches on core 0)
Apr 14 14:39:31 ubuntu devstack@keystone.service[81189]: DEBUG keystone.server.flask.request_processing.middleware.auth_context [None req-6853e395-9865-48f2-8404-c88a6c3f4369 None None] Authenticating user token {{(pid=81189) process_request /opt/stack/data/venv/lib/python3.10/site-packages/keystonemiddleware/auth_token/__init__.py:406}}
Apr 14 14:39:31 ubuntu devstack@keystone.service[81189]: DEBUG keystone.server.flask.request_processing.middleware.auth_context [None req-6853e395-9865-48f2-8404-c88a6c3f4369 None None] Validating token access rules against request {{(pid=81189) validate_allowed_request /opt/stack/data/venv/lib/python3.10/site-packages/keystonemiddleware/auth_token/__init__.py:544}}
Apr 14 14:39:31 ubuntu devstack@keystone.service[81188]: DEBUG keystone.server.flask.request_processing.middleware.auth_context [None req-fdbfc73c-fe42-4582-9c11-93c3647e1a88 None admin] Authenticating user token {{(pid=81188) process_request /opt/stack/data/venv/lib/python3.10/site-packages/keystonemiddleware/auth_token/__init__.py:406}}
Apr 14 14:39:31 ubuntu devstack@keystone.service[81189]: DEBUG keystone.server.flask.request_processing.middleware.auth_context [None req-381ee0ed-305f-4322-b0f4-730c375c888a None admin] RBAC: auth_context: {'token': <TokenModel (audit_id=h4MG3JyVSMKnPnz3oCzLsQ, audit_chain_id=['h4MG3JyVSMKnPnz3oCzLsQ']) at 0x7f1ca8ee9c30>, 'domain_id': None, 'trust_id': None, 'trustor_id': None, 'trustee_id': None, 'domain_name': None, 'group_ids': [], 'user_id': '0d853c41d51b4dd48dbdb25f738beadf', 'user_domain_id': 'default', 'system_scope': 'all', 'project_id': None, 'project_domain_id': None, 'roles': ['admin', 'manager', 'member', 'reader'], 'is_admin_project': True, 'service_user_id': None, 'service_user_domain_id': None, 'service_project_id': None, 'service_project_domain_id': None, 'service_roles': []} {{(pid=81189) fill_context /opt/stack/keystone/keystone/server/flask/request_processing/middleware/auth_context.py:506}}
Apr 14 14:39:31 ubuntu devstack@keystone.service[81189]: DEBUG keystone.server.flask.request_processing.req_logging [None req-381ee0ed-305f-4322-b0f4-730c375c888a None admin] REQUEST_METHOD: `GET` {{(pid=81189) log_request_info /opt/stack/keystone/keystone/server/flask/request_processing/req_logging.py:26}}
Apr 14 14:39:31 ubuntu devstack@keystone.service[81189]: DEBUG keystone.server.flask.request_processing.req_logging [None req-381ee0ed-305f-4322-b0f4-730c375c888a None admin] SCRIPT_NAME: `/identity` {{(pid=81189) log_request_info /opt/stack/keystone/keystone/server/flask/request_processing/req_logging.py:27}}
Apr 14 14:39:31 ubuntu devstack@keystone.service[81189]: DEBUG keystone.server.flask.request_processing.req_logging [None req-381ee0ed-305f-4322-b0f4-730c375c888a None admin] PATH_INFO: `/v3/roles` {{(pid=81189) log_request_info /opt/stack/keystone/keystone/server/flask/request_processing/req_logging.py:28}}
Apr 14 14:39:31 ubuntu devstack@keystone.service[81189]: DEBUG keystone.common.rbac_enforcer.enforcer [None req-381ee0ed-305f-4322-b0f4-730c375c888a None admin] RBAC: Adding query filter params (name=admin) {{(pid=81189) _extract_filter_values /opt/stack/keystone/keystone/common/rbac_enforcer/enforcer.py:176}}
Apr 14 14:39:31 ubuntu devstack@keystone.service[81189]: DEBUG keystone.common.rbac_enforcer.enforcer [None req-381ee0ed-305f-4322-b0f4-730c375c888a None admin] RBAC: Authorizing `identity:list_roles()` {{(pid=81189) enforce_call /opt/stack/keystone/keystone/common/rbac_enforcer/enforcer.py:495}}
Apr 14 14:39:31 ubuntu devstack@keystone.service[81189]: DEBUG keystone.common.rbac_enforcer.enforcer [None req-381ee0ed-305f-4322-b0f4-730c375c888a None admin] RBAC: Authorization granted {{(pid=81189) enforce_call /opt/stack/keystone/keystone/common/rbac_enforcer/enforcer.py:506}}
Apr 14 14:39:31 ubuntu devstack@keystone.service[81189]: [pid: 81189|app: 0|req: 7/15] 10.201.5.82 () {56 vars in 1148 bytes} [Mon Apr 14 14:39:31 2025] GET /identity/v3/roles?name=admin => generated 339 bytes in 85 msecs (HTTP/1.1 200) 5 headers in 177 bytes (2 switches on core 0)
Apr 14 14:39:31 ubuntu devstack@keystone.service[81189]: DEBUG keystone.server.flask.request_processing.middleware.auth_context [None req-381ee0ed-305f-4322-b0f4-730c375c888a None admin] Authenticating user token {{(pid=81189) process_request /opt/stack/data/venv/lib/python3.10/site-packages/keystonemiddleware/auth_token/__init__.py:406}}
Apr 14 14:39:31 ubuntu devstack@keystone.service[81188]: DEBUG keystone.server.flask.request_processing.middleware.auth_context [None req-fdbfc73c-fe42-4582-9c11-93c3647e1a88 None admin] Validating token access rules against request {{(pid=81188) validate_allowed_request /opt/stack/data/venv/lib/python3.10/site-packages/keystonemiddleware/auth_token/__init__.py:544}}
Apr 14 14:39:31 ubuntu devstack@keystone.service[81188]: DEBUG keystone.server.flask.request_processing.middleware.auth_context [None req-76045d1e-57a8-418d-b168-c40dd1c568a7 None admin] RBAC: auth_context: {'token': <TokenModel (audit_id=0I7fAH9KTZK-J72ML9q7Sw, audit_chain_id=['0I7fAH9KTZK-J72ML9q7Sw']) at 0x7f1ca8f7d510>, 'domain_id': None, 'trust_id': None, 'trustor_id': None, 'trustee_id': None, 'domain_name': None, 'group_ids': [], 'user_id': '0d853c41d51b4dd48dbdb25f738beadf', 'user_domain_id': 'default', 'system_scope': 'all', 'project_id': None, 'project_domain_id': None, 'roles': ['admin', 'manager', 'member', 'reader'], 'is_admin_project': True, 'service_user_id': None, 'service_user_domain_id': None, 'service_project_id': None, 'service_project_domain_id': None, 'service_roles': []} {{(pid=81188) fill_context /opt/stack/keystone/keystone/server/flask/request_processing/middleware/auth_context.py:506}}
Apr 14 14:39:31 ubuntu devstack@keystone.service[81188]: DEBUG keystone.server.flask.request_processing.req_logging [None req-76045d1e-57a8-418d-b168-c40dd1c568a7 None admin] REQUEST_METHOD: `POST` {{(pid=81188) log_request_info /opt/stack/keystone/keystone/server/flask/request_processing/req_logging.py:26}}
Apr 14 14:39:31 ubuntu devstack@keystone.service[81188]: DEBUG keystone.server.flask.request_processing.req_logging [None req-76045d1e-57a8-418d-b168-c40dd1c568a7 None admin] SCRIPT_NAME: `/identity` {{(pid=81188) log_request_info /opt/stack/keystone/keystone/server/flask/request_processing/req_logging.py:27}}
Apr 14 14:39:31 ubuntu devstack@keystone.service[81188]: DEBUG keystone.server.flask.request_processing.req_logging [None req-76045d1e-57a8-418d-b168-c40dd1c568a7 None admin] PATH_INFO: `/v3/domains` {{(pid=81188) log_request_info /opt/stack/keystone/keystone/server/flask/request_processing/req_logging.py:28}}
Apr 14 14:39:31 ubuntu devstack@keystone.service[81188]: DEBUG keystone.common.rbac_enforcer.enforcer [None req-76045d1e-57a8-418d-b168-c40dd1c568a7 None admin] RBAC: Authorizing `identity:create_domain()` {{(pid=81188) enforce_call /opt/stack/keystone/keystone/common/rbac_enforcer/enforcer.py:495}}
Apr 14 14:39:31 ubuntu devstack@keystone.service[81188]: DEBUG keystone.common.rbac_enforcer.enforcer [None req-76045d1e-57a8-418d-b168-c40dd1c568a7 None admin] RBAC: Authorization granted {{(pid=81188) enforce_call /opt/stack/keystone/keystone/common/rbac_enforcer/enforcer.py:506}}
Apr 14 14:39:31 ubuntu devstack@keystone.service[81188]: DEBUG keystone.common.sql.core [None req-76045d1e-57a8-418d-b168-c40dd1c568a7 None admin] Conflict project: (pymysql.err.IntegrityError) (1062, "Duplicate entry '<<keystone.domain.root>>-Default' for key 'project.ixu_project_name_domain_id'")
Apr 14 14:39:31 ubuntu devstack@keystone.service[81188]: [SQL: INSERT INTO project (id, name, domain_id, description, enabled, extra, parent_id, is_domain) VALUES (%(id)s, %(name)s, %(domain_id)s, %(description)s, %(enabled)s, %(extra)s, %(parent_id)s, %(is_domain)s)]
Apr 14 14:39:31 ubuntu devstack@keystone.service[81188]: [parameters: {'id': '4bf2b17423444e6ba2c1f0bb78fb47ae', 'name': 'Default', 'domain_id': '<<keystone.domain.root>>', 'description': '', 'enabled': 1, 'extra': '{}', 'parent_id': None, 'is_domain': 1}]
Apr 14 14:39:31 ubuntu devstack@keystone.service[81188]: (Background on this error at: https://sqlalche.me/e/20/gkpj) {{(pid=81188) wrapper /opt/stack/keystone/keystone/common/sql/core.py:580}}
Apr 14 14:39:31 ubuntu devstack@keystone.service[81189]: DEBUG keystone.server.flask.request_processing.middleware.auth_context [None req-381ee0ed-305f-4322-b0f4-730c375c888a None admin] Validating token access rules against request {{(pid=81189) validate_allowed_request /opt/stack/data/venv/lib/python3.10/site-packages/keystonemiddleware/auth_token/__init__.py:544}}
Apr 14 14:39:31 ubuntu devstack@keystone.service[81188]: ERROR keystone.server.flask.application [None req-76045d1e-57a8-418d-b168-c40dd1c568a7 None admin] Conflict occurred attempting to store project - it is not permitted to have two projects acting as domains with the same name: Default.: keystone.exception.Conflict: Conflict occurred attempting to store project - it is not permitted to have two projects acting as domains with the same name: Default.
