Apr 14 09:59:01 ubuntu devstack@keystone.service[80801]: ERROR keystone.server.flask.application     raise newraise.with_traceback(exc_info[2]) from e
Apr 14 09:59:01 ubuntu devstack@keystone.service[80801]: ERROR keystone.server.flask.application   File "/opt/stack/data/venv/lib/python3.10/site-packages/sqlalchemy/engine/base.py", line 1964, in _exec_single_context
Apr 14 09:59:01 ubuntu devstack@keystone.service[80801]: ERROR keystone.server.flask.application     self.dialect.do_execute(
Apr 14 09:59:01 ubuntu devstack@keystone.service[80801]: ERROR keystone.server.flask.application   File "/opt/stack/data/venv/lib/python3.10/site-packages/sqlalchemy/engine/default.py", line 942, in do_execute
Apr 14 09:59:01 ubuntu devstack@keystone.service[80801]: ERROR keystone.server.flask.application     cursor.execute(statement, parameters)
Apr 14 09:59:01 ubuntu devstack@keystone.service[80801]: ERROR keystone.server.flask.application   File "/opt/stack/data/venv/lib/python3.10/site-packages/pymysql/cursors.py", line 153, in execute
Apr 14 09:59:01 ubuntu devstack@keystone.service[80801]: ERROR keystone.server.flask.application     result = self._query(query)
Apr 14 09:59:01 ubuntu devstack@keystone.service[80801]: ERROR keystone.server.flask.application   File "/opt/stack/data/venv/lib/python3.10/site-packages/pymysql/cursors.py", line 322, in _query
Apr 14 09:59:01 ubuntu devstack@keystone.service[80801]: ERROR keystone.server.flask.application     conn.query(q)
Apr 14 09:59:01 ubuntu devstack@keystone.service[80801]: ERROR keystone.server.flask.application   File "/opt/stack/data/venv/lib/python3.10/site-packages/pymysql/connections.py", line 563, in query
Apr 14 09:59:01 ubuntu devstack@keystone.service[80801]: ERROR keystone.server.flask.application     self._affected_rows = self._read_query_result(unbuffered=unbuffered)
Apr 14 09:59:01 ubuntu devstack@keystone.service[80801]: ERROR keystone.server.flask.application   File "/opt/stack/data/venv/lib/python3.10/site-packages/pymysql/connections.py", line 825, in _read_query_result
Apr 14 09:59:01 ubuntu devstack@keystone.service[80801]: ERROR keystone.server.flask.application     result.read()
Apr 14 09:59:01 ubuntu devstack@keystone.service[80801]: ERROR keystone.server.flask.application   File "/opt/stack/data/venv/lib/python3.10/site-packages/pymysql/connections.py", line 1199, in read
Apr 14 09:59:01 ubuntu devstack@keystone.service[80801]: ERROR keystone.server.flask.application     first_packet = self.connection._read_packet()
Apr 14 09:59:01 ubuntu devstack@keystone.service[80801]: ERROR keystone.server.flask.application   File "/opt/stack/data/venv/lib/python3.10/site-packages/pymysql/connections.py", line 775, in _read_packet
Apr 14 09:59:01 ubuntu devstack@keystone.service[80801]: ERROR keystone.server.flask.application     packet.raise_for_error()
Apr 14 09:59:01 ubuntu devstack@keystone.service[80801]: ERROR keystone.server.flask.application   File "/opt/stack/data/venv/lib/python3.10/site-packages/pymysql/protocol.py", line 219, in raise_for_error
Apr 14 09:59:01 ubuntu devstack@keystone.service[80801]: ERROR keystone.server.flask.application     err.raise_mysql_exception(self._data)
Apr 14 09:59:01 ubuntu devstack@keystone.service[80801]: ERROR keystone.server.flask.application   File "/opt/stack/data/venv/lib/python3.10/site-packages/pymysql/err.py", line 150, in raise_mysql_exception
Apr 14 09:59:01 ubuntu devstack@keystone.service[80801]: ERROR keystone.server.flask.application     raise errorclass(errno, errval)
Apr 14 09:59:01 ubuntu devstack@keystone.service[80801]: ERROR keystone.server.flask.application oslo_db.exception.DBDuplicateEntry: (pymysql.err.IntegrityError) (1062, "Duplicate entry 'service-<<null>>' for key 'role.ixu_role_name_domain_id'")
Apr 14 09:59:01 ubuntu devstack@keystone.service[80801]: ERROR keystone.server.flask.application [SQL: INSERT INTO `role` (id, name, description, extra) VALUES (%(id)s, %(name)s, %(description)s, %(extra)s)]
Apr 14 09:59:01 ubuntu devstack@keystone.service[80801]: ERROR keystone.server.flask.application [parameters: {'id': '03149d78cb5c4734bd4ae282687baa1c', 'name': 'service', 'description': None, 'extra': '{}'}]
Apr 14 09:59:01 ubuntu devstack@keystone.service[80801]: ERROR keystone.server.flask.application (Background on this error at: https://sqlalche.me/e/20/gkpj)
Apr 14 09:59:01 ubuntu devstack@keystone.service[80801]: ERROR keystone.server.flask.application 
Apr 14 09:59:01 ubuntu devstack@keystone.service[80801]: ERROR keystone.server.flask.application During handling of the above exception, another exception occurred:
Apr 14 09:59:01 ubuntu devstack@keystone.service[80801]: ERROR keystone.server.flask.application 
Apr 14 09:59:01 ubuntu devstack@keystone.service[80801]: ERROR keystone.server.flask.application Traceback (most recent call last):
Apr 14 09:59:01 ubuntu devstack@keystone.service[80801]: ERROR keystone.server.flask.application   File "/opt/stack/data/venv/lib/python3.10/site-packages/flask/app.py", line 917, in full_dispatch_request
Apr 14 09:59:01 ubuntu devstack@keystone.service[80801]: ERROR keystone.server.flask.application     rv = self.dispatch_request()
Apr 14 09:59:01 ubuntu devstack@keystone.service[80801]: ERROR keystone.server.flask.application   File "/opt/stack/data/venv/lib/python3.10/site-packages/flask/app.py", line 902, in dispatch_request
Apr 14 09:59:01 ubuntu devstack@keystone.service[80801]: ERROR keystone.server.flask.application     return self.ensure_sync(self.view_functions[rule.endpoint])(**view_args)  # type: ignore[no-any-return]
Apr 14 09:59:01 ubuntu devstack@keystone.service[80801]: ERROR keystone.server.flask.application   File "/opt/stack/data/venv/lib/python3.10/site-packages/flask_restful/__init__.py", line 489, in wrapper
Apr 14 09:59:01 ubuntu devstack@keystone.service[80801]: ERROR keystone.server.flask.application     resp = resource(*args, **kwargs)
Apr 14 09:59:01 ubuntu devstack@keystone.service[80801]: ERROR keystone.server.flask.application   File "/opt/stack/data/venv/lib/python3.10/site-packages/flask/views.py", line 110, in view
Apr 14 09:59:01 ubuntu devstack@keystone.service[80801]: ERROR keystone.server.flask.application     return current_app.ensure_sync(self.dispatch_request)(**kwargs)  # type: ignore[no-any-return]
Apr 14 09:59:01 ubuntu devstack@keystone.service[80801]: ERROR keystone.server.flask.application   File "/opt/stack/data/venv/lib/python3.10/site-packages/flask_restful/__init__.py", line 604, in dispatch_request
Apr 14 09:59:01 ubuntu devstack@keystone.service[80801]: ERROR keystone.server.flask.application     resp = meth(*args, **kwargs)
Apr 14 09:59:01 ubuntu devstack@keystone.service[80801]: ERROR keystone.server.flask.application   File "/opt/stack/keystone/keystone/api/validation/__init__.py", line 80, in wrapper
Apr 14 09:59:01 ubuntu devstack@keystone.service[80801]: ERROR keystone.server.flask.application     return func(*args, **kwargs)
Apr 14 09:59:01 ubuntu devstack@keystone.service[80801]: ERROR keystone.server.flask.application   File "/opt/stack/keystone/keystone/api/validation/__init__.py", line 139, in wrapper
Apr 14 09:59:01 ubuntu devstack@keystone.service[80801]: ERROR keystone.server.flask.application     response = func(*args, **kwargs)
Apr 14 09:59:01 ubuntu devstack@keystone.service[80801]: ERROR keystone.server.flask.application   File "/opt/stack/keystone/keystone/api/roles.py", line 91, in post
Apr 14 09:59:01 ubuntu devstack@keystone.service[80801]: ERROR keystone.server.flask.application     ref = PROVIDERS.role_api.create_role(
Apr 14 09:59:01 ubuntu devstack@keystone.service[80801]: ERROR keystone.server.flask.application   File "/opt/stack/keystone/keystone/common/manager.py", line 114, in wrapped
Apr 14 09:59:01 ubuntu devstack@keystone.service[80801]: ERROR keystone.server.flask.application     __ret_val = __f(*args, **kwargs)
Apr 14 09:59:01 ubuntu devstack@keystone.service[80801]: ERROR keystone.server.flask.application   File "/opt/stack/keystone/keystone/assignment/core.py", line 1496, in create_role
Apr 14 09:59:01 ubuntu devstack@keystone.service[80801]: ERROR keystone.server.flask.application     ret = self.driver.create_role(role_id, role)
Apr 14 09:59:01 ubuntu devstack@keystone.service[80801]: ERROR keystone.server.flask.application   File "/opt/stack/keystone/keystone/common/sql/core.py", line 614, in wrapper
Apr 14 09:59:01 ubuntu devstack@keystone.service[80801]: ERROR keystone.server.flask.application     raise exception.Conflict(type=conflict_type, details=msg)
Apr 14 09:59:01 ubuntu devstack@keystone.service[80801]: ERROR keystone.server.flask.application keystone.exception.Conflict: Conflict occurred attempting to store role - Duplicate entry found with name service.
Apr 14 09:59:01 ubuntu devstack@keystone.service[80801]: ERROR keystone.server.flask.application 
Apr 14 09:59:01 ubuntu devstack@keystone.service[80801]: [pid: 80801|app: 0|req: 18/37] 10.201.5.82 () {60 vars in 1167 bytes} [Mon Apr 14 09:59:01 2025] POST /identity/v3/roles => generated 140 bytes in 78 msecs (HTTP/1.1 409) 5 headers in 183 bytes (1 switches on core 0)
Apr 14 09:59:01 ubuntu devstack@keystone.service[80801]: DEBUG keystone.server.flask.request_processing.middleware.auth_context [None req-646ca64a-157a-4fee-a668-24c3c33c2bfb None admin] Authenticating user token {{(pid=80801) process_request /opt/stack/data/venv/lib/python3.10/site-packages/keystonemiddleware/auth_token/__init__.py:406}}
Apr 14 09:59:01 ubuntu devstack@keystone.service[80802]: DEBUG keystone.server.flask.request_processing.middleware.auth_context [None req-ed21cf63-9de3-4be7-8af6-08542e2b864e None None] Validating token access rules against request {{(pid=80802) validate_allowed_request /opt/stack/data/venv/lib/python3.10/site-packages/keystonemiddleware/auth_token/__init__.py:544}}
Apr 14 09:59:01 ubuntu devstack@keystone.service[80801]: DEBUG keystone.server.flask.request_processing.middleware.auth_context [None req-646ca64a-157a-4fee-a668-24c3c33c2bfb None admin] Validating token access rules against request {{(pid=80801) validate_allowed_request /opt/stack/data/venv/lib/python3.10/site-packages/keystonemiddleware/auth_token/__init__.py:544}}
Apr 14 09:59:01 ubuntu devstack@keystone.service[80801]: DEBUG keystone.server.flask.request_processing.middleware.auth_context [None req-f3a04b89-8884-434d-85ef-645ad93d32fe None admin] RBAC: auth_context: {'token': <TokenModel (audit_id=Mu6sVzGiTeurE7a82mLYUw, audit_chain_id=['Mu6sVzGiTeurE7a82mLYUw']) at 0x7f56ba75bd60>, 'domain_id': None, 'trust_id': None, 'trustor_id': None, 'trustee_id': None, 'domain_name': None, 'group_ids': [], 'user_id': '7f26fc8f9e2d4724b9df8bea9ed0f9d4', 'user_domain_id': 'default', 'system_scope': 'all', 'project_id': None, 'project_domain_id': None, 'roles': ['admin', 'manager', 'member', 'reader'], 'is_admin_project': True, 'service_user_id': None, 'service_user_domain_id': None, 'service_project_id': None, 'service_project_domain_id': None, 'service_roles': []} {{(pid=80801) fill_context /opt/stack/keystone/keystone/server/flask/request_processing/middleware/auth_context.py:506}}
Apr 14 09:59:01 ubuntu devstack@keystone.service[80801]: DEBUG keystone.server.flask.request_processing.req_logging [None req-f3a04b89-8884-434d-85ef-645ad93d32fe None admin] REQUEST_METHOD: `GET` {{(pid=80801) log_request_info /opt/stack/keystone/keystone/server/flask/request_processing/req_logging.py:26}}
Apr 14 09:59:01 ubuntu devstack@keystone.service[80801]: DEBUG keystone.server.flask.request_processing.req_logging [None req-f3a04b89-8884-434d-85ef-645ad93d32fe None admin] SCRIPT_NAME: `/identity` {{(pid=80801) log_request_info /opt/stack/keystone/keystone/server/flask/request_processing/req_logging.py:27}}
Apr 14 09:59:01 ubuntu devstack@keystone.service[80801]: DEBUG keystone.server.flask.request_processing.req_logging [None req-f3a04b89-8884-434d-85ef-645ad93d32fe None admin] PATH_INFO: `/v3/roles/service` {{(pid=80801) log_request_info /opt/stack/keystone/keystone/server/flask/request_processing/req_logging.py:28}}
Apr 14 09:59:01 ubuntu devstack@keystone.service[80801]: DEBUG keystone.common.rbac_enforcer.enforcer [None req-f3a04b89-8884-434d-85ef-645ad93d32fe None admin] Extracting inferred target data resulted in "NOT FOUND (404)". {{(pid=80801) enforce_call /opt/stack/keystone/keystone/common/rbac_enforcer/enforcer.py:445}}
Apr 14 09:59:01 ubuntu devstack@keystone.service[80802]: DEBUG keystone.server.flask.request_processing.middleware.auth_context [None req-0b3e446b-d282-451e-a9f3-00a583c1d001 None admin] RBAC: auth_context: {'token': <TokenModel (audit_id=dFUUn74oTkCYelPZvXpPEQ, audit_chain_id=['dFUUn74oTkCYelPZvXpPEQ']) at 0x7f56ba3bc7c0>, 'domain_id': None, 'trust_id': None, 'trustor_id': None, 'trustee_id': None, 'domain_name': None, 'group_ids': [], 'user_id': '7f26fc8f9e2d4724b9df8bea9ed0f9d4', 'user_domain_id': 'default', 'system_scope': 'all', 'project_id': None, 'project_domain_id': None, 'roles': ['admin', 'manager', 'member', 'reader'], 'is_admin_project': True, 'service_user_id': None, 'service_user_domain_id': None, 'service_project_id': None, 'service_project_domain_id': None, 'service_roles': []} {{(pid=80802) fill_context /opt/stack/keystone/keystone/server/flask/request_processing/middleware/auth_context.py:506}}
Apr 14 09:59:01 ubuntu devstack@keystone.service[80801]: DEBUG keystone.server.flask.application [None req-f3a04b89-8884-434d-85ef-645ad93d32fe None admin] Could not find role: service. {{(pid=80801) _handle_keystone_exception /opt/stack/keystone/keystone/server/flask/application.py:146}}
Apr 14 09:59:01 ubuntu devstack@keystone.service[80802]: DEBUG keystone.server.flask.request_processing.req_logging [None req-0b3e446b-d282-451e-a9f3-00a583c1d001 None admin] REQUEST_METHOD: `GET` {{(pid=80802) log_request_info /opt/stack/keystone/keystone/server/flask/request_processing/req_logging.py:26}}
Apr 14 09:59:01 ubuntu devstack@keystone.service[80802]: DEBUG keystone.server.flask.request_processing.req_logging [None req-0b3e446b-d282-451e-a9f3-00a583c1d001 None admin] SCRIPT_NAME: `/identity` {{(pid=80802) log_request_info /opt/stack/keystone/keystone/server/flask/request_processing/req_logging.py:27}}
Apr 14 09:59:01 ubuntu devstack@keystone.service[80802]: DEBUG keystone.server.flask.request_processing.req_logging [None req-0b3e446b-d282-451e-a9f3-00a583c1d001 None admin] PATH_INFO: `/v3/role_assignments` {{(pid=80802) log_request_info /opt/stack/keystone/keystone/server/flask/request_processing/req_logging.py:28}}
Apr 14 09:59:01 ubuntu devstack@keystone.service[80801]: [pid: 80801|app: 0|req: 19/38] 10.201.5.82 () {56 vars in 1138 bytes} [Mon Apr 14 09:59:01 2025] GET /identity/v3/roles/service => generated 85 bytes in 64 msecs (HTTP/1.1 404) 5 headers in 183 bytes (1 switches on core 0)
Apr 14 09:59:01 ubuntu devstack@keystone.service[80802]: DEBUG keystone.common.rbac_enforcer.enforcer [None req-0b3e446b-d282-451e-a9f3-00a583c1d001 None admin] RBAC: Adding query filter params (role.id=3ac74d5f0a8f4e37b4c5f1a6699e7243, scope.domain.id=default, user.id=7f26fc8f9e2d4724b9df8bea9ed0f9d4) {{(pid=80802) _extract_filter_values /opt/stack/keystone/keystone/common/rbac_enforcer/enforcer.py:176}}
Apr 14 09:59:01 ubuntu devstack@keystone.service[80802]: DEBUG keystone.common.rbac_enforcer.enforcer [None req-0b3e446b-d282-451e-a9f3-00a583c1d001 None admin] RBAC: Authorizing `identity:list_role_assignments()` {{(pid=80802) enforce_call /opt/stack/keystone/keystone/common/rbac_enforcer/enforcer.py:495}}
Apr 14 09:59:01 ubuntu devstack@keystone.service[80802]: DEBUG keystone.common.rbac_enforcer.enforcer [None req-0b3e446b-d282-451e-a9f3-00a583c1d001 None admin] RBAC: Authorization granted {{(pid=80802) enforce_call /opt/stack/keystone/keystone/common/rbac_enforcer/enforcer.py:506}}
Apr 14 09:59:01 ubuntu devstack@keystone.service[80801]: DEBUG keystone.server.flask.request_processing.middleware.auth_context [None req-f3a04b89-8884-434d-85ef-645ad93d32fe None admin] Authenticating user token {{(pid=80801) process_request /opt/stack/data/venv/lib/python3.10/site-packages/keystonemiddleware/auth_token/__init__.py:406}}
Apr 14 09:59:01 ubuntu devstack@keystone.service[80802]: [pid: 80802|app: 0|req: 20/39] 10.201.5.82 () {56 vars in 1371 bytes} [Mon Apr 14 09:59:01 2025] GET /identity/v3/role_assignments?role.id=3ac74d5f0a8f4e37b4c5f1a6699e7243&scope.domain.id=default&user.id=7f26fc8f9e2d4724b9df8bea9ed0f9d4 => generated 530 bytes in 165 msecs (HTTP/1.1 200) 5 headers in 177 bytes (1 switches on core 0)
Apr 14 09:59:01 ubuntu devstack@keystone.service[80801]: DEBUG keystone.server.flask.request_processing.middleware.auth_context [None req-f3a04b89-8884-434d-85ef-645ad93d32fe None admin] Validating token access rules against request {{(pid=80801) validate_allowed_request /opt/stack/data/venv/lib/python3.10/site-packages/keystonemiddleware/auth_token/__init__.py:544}}
Apr 14 09:59:01 ubuntu devstack@keystone.service[80802]: DEBUG keystone.server.flask.request_processing.middleware.auth_context [None req-0b3e446b-d282-451e-a9f3-00a583c1d001 None admin] Authenticating user token {{(pid=80802) process_request /opt/stack/data/venv/lib/python3.10/site-packages/keystonemiddleware/auth_token/__init__.py:406}}
Apr 14 09:59:01 ubuntu devstack@keystone.service[80801]: DEBUG keystone.server.flask.request_processing.middleware.auth_context [None req-ce8d0e55-974f-41c8-9053-85a45e76615a None admin] RBAC: auth_context: {'token': <TokenModel (audit_id=Mu6sVzGiTeurE7a82mLYUw, audit_chain_id=['Mu6sVzGiTeurE7a82mLYUw']) at 0x7f56ba3eece0>, 'domain_id': None, 'trust_id': None, 'trustor_id': None, 'trustee_id': None, 'domain_name': None, 'group_ids': [], 'user_id': '7f26fc8f9e2d4724b9df8bea9ed0f9d4', 'user_domain_id': 'default', 'system_scope': 'all', 'project_id': None, 'project_domain_id': None, 'roles': ['admin', 'manager', 'member', 'reader'], 'is_admin_project': True, 'service_user_id': None, 'service_user_domain_id': None, 'service_project_id': None, 'service_project_domain_id': None, 'service_roles': []} {{(pid=80801) fill_context /opt/stack/keystone/keystone/server/flask/request_processing/middleware/auth_context.py:506}}
Apr 14 09:59:01 ubuntu devstack@keystone.service[80801]: DEBUG keystone.server.flask.request_processing.req_logging [None req-ce8d0e55-974f-41c8-9053-85a45e76615a None admin] REQUEST_METHOD: `GET` {{(pid=80801) log_request_info /opt/stack/keystone/keystone/server/flask/request_processing/req_logging.py:26}}
Apr 14 09:59:01 ubuntu devstack@keystone.service[80801]: DEBUG keystone.server.flask.request_processing.req_logging [None req-ce8d0e55-974f-41c8-9053-85a45e76615a None admin] SCRIPT_NAME: `/identity` {{(pid=80801) log_request_info /opt/stack/keystone/keystone/server/flask/request_processing/req_logging.py:27}}
Apr 14 09:59:01 ubuntu devstack@keystone.service[80801]: DEBUG keystone.server.flask.request_processing.req_logging [None req-ce8d0e55-974f-41c8-9053-85a45e76615a None admin] PATH_INFO: `/v3/roles` {{(pid=80801) log_request_info /opt/stack/keystone/keystone/server/flask/request_processing/req_logging.py:28}}
Apr 14 09:59:01 ubuntu devstack@keystone.service[80801]: DEBUG keystone.common.rbac_enforcer.enforcer [None req-ce8d0e55-974f-41c8-9053-85a45e76615a None admin] RBAC: Adding query filter params (name=service) {{(pid=80801) _extract_filter_values /opt/stack/keystone/keystone/common/rbac_enforcer/enforcer.py:176}}
Apr 14 09:59:01 ubuntu devstack@keystone.service[80801]: DEBUG keystone.common.rbac_enforcer.enforcer [None req-ce8d0e55-974f-41c8-9053-85a45e76615a None admin] RBAC: Authorizing `identity:list_roles()` {{(pid=80801) enforce_call /opt/stack/keystone/keystone/common/rbac_enforcer/enforcer.py:495}}
Apr 14 09:59:01 ubuntu devstack@keystone.service[80801]: DEBUG keystone.common.rbac_enforcer.enforcer [None req-ce8d0e55-974f-41c8-9053-85a45e76615a None admin] RBAC: Authorization granted {{(pid=80801) enforce_call /opt/stack/keystone/keystone/common/rbac_enforcer/enforcer.py:506}}
Apr 14 09:59:01 ubuntu devstack@keystone.service[80801]: [pid: 80801|app: 0|req: 20/40] 10.201.5.82 () {56 vars in 1152 bytes} [Mon Apr 14 09:59:01 2025] GET /identity/v3/roles?name=service => generated 343 bytes in 66 msecs (HTTP/1.1 200) 5 headers in 177 bytes (1 switches on core 0)
Apr 14 09:59:01 ubuntu devstack@keystone.service[80802]: DEBUG keystone.server.flask.request_processing.middleware.auth_context [None req-0b3e446b-d282-451e-a9f3-00a583c1d001 None admin] Validating token access rules against request {{(pid=80802) validate_allowed_request /opt/stack/data/venv/lib/python3.10/site-packages/keystonemiddleware/auth_token/__init__.py:544}}
Apr 14 09:59:01 ubuntu devstack@keystone.service[80802]: DEBUG keystone.server.flask.request_processing.middleware.auth_context [None req-5ce606ab-9577-4cef-8b0d-f7e3a858f4e3 None admin] RBAC: auth_context: {'token': <TokenModel (audit_id=7q3IyAIaTbihjRHEqDgmmg, audit_chain_id=['7q3IyAIaTbihjRHEqDgmmg']) at 0x7f56ba3bd000>, 'domain_id': None, 'trust_id': None, 'trustor_id': None, 'trustee_id': None, 'domain_name': None, 'group_ids': [], 'user_id': '7f26fc8f9e2d4724b9df8bea9ed0f9d4', 'user_domain_id': 'default', 'system_scope': 'all', 'project_id': None, 'project_domain_id': None, 'roles': ['admin', 'manager', 'member', 'reader'], 'is_admin_project': True, 'service_user_id': None, 'service_user_domain_id': None, 'service_project_id': None, 'service_project_domain_id': None, 'service_roles': []} {{(pid=80802) fill_context /opt/stack/keystone/keystone/server/flask/request_processing/middleware/auth_context.py:506}}
Apr 14 09:59:01 ubuntu devstack@keystone.service[80802]: DEBUG keystone.server.flask.request_processing.req_logging [None req-5ce606ab-9577-4cef-8b0d-f7e3a858f4e3 None admin] REQUEST_METHOD: `POST` {{(pid=80802) log_request_info /opt/stack/keystone/keystone/server/flask/request_processing/req_logging.py:26}}
Apr 14 09:59:01 ubuntu devstack@keystone.service[80802]: DEBUG keystone.server.flask.request_processing.req_logging [None req-5ce606ab-9577-4cef-8b0d-f7e3a858f4e3 None admin] SCRIPT_NAME: `/identity` {{(pid=80802) log_request_info /opt/stack/keystone/keystone/server/flask/request_processing/req_logging.py:27}}
Apr 14 09:59:01 ubuntu devstack@keystone.service[80802]: DEBUG keystone.server.flask.request_processing.req_logging [None req-5ce606ab-9577-4cef-8b0d-f7e3a858f4e3 None admin] PATH_INFO: `/v3/roles` {{(pid=80802) log_request_info /opt/stack/keystone/keystone/server/flask/request_processing/req_logging.py:28}}
Apr 14 09:59:01 ubuntu devstack@keystone.service[80802]: DEBUG keystone.common.rbac_enforcer.enforcer [None req-5ce606ab-9577-4cef-8b0d-f7e3a858f4e3 None admin] RBAC: Authorizing `identity:create_role()` {{(pid=80802) enforce_call /opt/stack/keystone/keystone/common/rbac_enforcer/enforcer.py:495}}
Apr 14 09:59:01 ubuntu devstack@keystone.service[80802]: DEBUG keystone.common.rbac_enforcer.enforcer [None req-5ce606ab-9577-4cef-8b0d-f7e3a858f4e3 None admin] RBAC: Authorization granted {{(pid=80802) enforce_call /opt/stack/keystone/keystone/common/rbac_enforcer/enforcer.py:506}}
Apr 14 09:59:01 ubuntu devstack@keystone.service[80802]: [pid: 80802|app: 0|req: 21/41] 10.201.5.82 () {60 vars in 1167 bytes} [Mon Apr 14 09:59:01 2025] POST /identity/v3/roles => generated 225 bytes in 106 msecs (HTTP/1.1 201) 5 headers in 182 bytes (1 switches on core 0)
Apr 14 09:59:01 ubuntu devstack@keystone.service[80801]: DEBUG keystone.server.flask.request_processing.req_logging [None req-f639df3e-e4d2-4440-91a7-4b50ea0219a7 None None] REQUEST_METHOD: `GET` {{(pid=80801) log_request_info /opt/stack/keystone/keystone/server/flask/request_processing/req_logging.py:26}}
Apr 14 09:59:01 ubuntu devstack@keystone.service[80801]: DEBUG keystone.server.flask.request_processing.req_logging [None req-f639df3e-e4d2-4440-91a7-4b50ea0219a7 None None] SCRIPT_NAME: `/identity` {{(pid=80801) log_request_info /opt/stack/keystone/keystone/server/flask/request_processing/req_logging.py:27}}
Apr 14 09:59:01 ubuntu devstack@keystone.service[80801]: DEBUG keystone.server.flask.request_processing.req_logging [None req-f639df3e-e4d2-4440-91a7-4b50ea0219a7 None None] PATH_INFO: `/` {{(pid=80801) log_request_info /opt/stack/keystone/keystone/server/flask/request_processing/req_logging.py:28}}
Apr 14 09:59:01 ubuntu devstack@keystone.service[80801]: [pid: 80801|app: 0|req: 21/42] 10.201.5.82 () {54 vars in 919 bytes} [Mon Apr 14 09:59:01 2025] GET /identity => generated 270 bytes in 2 msecs (HTTP/1.1 300) 6 headers in 234 bytes (1 switches on core 0)
Apr 14 09:59:01 ubuntu devstack@keystone.service[80802]: DEBUG keystone.server.flask.request_processing.req_logging [None req-4643668a-4890-4aff-8d39-11553b071aee None None] REQUEST_METHOD: `POST` {{(pid=80802) log_request_info /opt/stack/keystone/keystone/server/flask/request_processing/req_logging.py:26}}
Apr 14 09:59:01 ubuntu devstack@keystone.service[80802]: DEBUG keystone.server.flask.request_processing.req_logging [None req-4643668a-4890-4aff-8d39-11553b071aee None None] SCRIPT_NAME: `/identity` {{(pid=80802) log_request_info /opt/stack/keystone/keystone/server/flask/request_processing/req_logging.py:27}}
Apr 14 09:59:01 ubuntu devstack@keystone.service[80802]: DEBUG keystone.server.flask.request_processing.req_logging [None req-4643668a-4890-4aff-8d39-11553b071aee None None] PATH_INFO: `/v3/auth/tokens` {{(pid=80802) log_request_info /opt/stack/keystone/keystone/server/flask/request_processing/req_logging.py:28}}
Apr 14 09:59:02 ubuntu devstack@keystone.service[80802]: WARNING keystone.common.password_hashing [None req-4643668a-4890-4aff-8d39-11553b071aee None None] Truncating password to algorithm specific maximum length 72 characters.
Apr 14 09:59:02 ubuntu devstack@keystone.service[80802]: DEBUG keystone.auth.core [None req-4643668a-4890-4aff-8d39-11553b071aee None None] MFA Rules not processed for user `7f26fc8f9e2d4724b9df8bea9ed0f9d4`. Rule list: `[]` (Enabled: `True`). {{(pid=80802) check_auth_methods_against_rules /opt/stack/keystone/keystone/auth/core.py:476}}
Apr 14 09:59:02 ubuntu devstack@keystone.service[80802]: DEBUG keystone.common.fernet_utils [None req-4643668a-4890-4aff-8d39-11553b071aee None None] Loaded 2 Fernet keys from /etc/keystone/fernet-keys/, but `[fernet_tokens] max_active_keys = 3`; perhaps there have not been enough key rotations to reach `max_active_keys` yet? {{(pid=80802) load_keys /opt/stack/keystone/keystone/common/fernet_utils.py:297}}
Apr 14 09:59:02 ubuntu devstack@keystone.service[80802]: [pid: 80802|app: 0|req: 22/43] 10.201.5.82 () {58 vars in 1016 bytes} [Mon Apr 14 09:59:01 2025] POST /identity/v3/auth/tokens => generated 862 bytes in 53 msecs (HTTP/1.1 201) 6 headers in 363 bytes (1 switches on core 0)
Apr 14 09:59:02 ubuntu devstack@keystone.service[80801]: DEBUG keystone.server.flask.request_processing.middleware.auth_context [None req-f639df3e-e4d2-4440-91a7-4b50ea0219a7 None None] Authenticating user token {{(pid=80801) process_request /opt/stack/data/venv/lib/python3.10/site-packages/keystonemiddleware/auth_token/__init__.py:406}}
Apr 14 09:59:02 ubuntu devstack@keystone.service[80802]: DEBUG keystone.server.flask.request_processing.req_logging [None req-45610527-e6a6-46e5-91ab-5b8077a5f55a None None] REQUEST_METHOD: `GET` {{(pid=80802) log_request_info /opt/stack/keystone/keystone/server/flask/request_processing/req_logging.py:26}}
Apr 14 09:59:02 ubuntu devstack@keystone.service[80802]: DEBUG keystone.server.flask.request_processing.req_logging [None req-45610527-e6a6-46e5-91ab-5b8077a5f55a None None] SCRIPT_NAME: `/identity` {{(pid=80802) log_request_info /opt/stack/keystone/keystone/server/flask/request_processing/req_logging.py:27}}
Apr 14 09:59:02 ubuntu devstack@keystone.service[80802]: DEBUG keystone.server.flask.request_processing.req_logging [None req-45610527-e6a6-46e5-91ab-5b8077a5f55a None None] PATH_INFO: `/` {{(pid=80802) log_request_info /opt/stack/keystone/keystone/server/flask/request_processing/req_logging.py:28}}
Apr 14 09:59:02 ubuntu devstack@keystone.service[80802]: [pid: 80802|app: 0|req: 23/44] 10.201.5.82 () {54 vars in 919 bytes} [Mon Apr 14 09:59:02 2025] GET /identity => generated 270 bytes in 6 msecs (HTTP/1.1 300) 6 headers in 234 bytes (1 switches on core 0)
Apr 14 09:59:02 ubuntu devstack@keystone.service[80802]: DEBUG keystone.server.flask.request_processing.req_logging [None req-35277d20-cba3-47a3-b8c5-84b0ed43f235 None None] REQUEST_METHOD: `POST` {{(pid=80802) log_request_info /opt/stack/keystone/keystone/server/flask/request_processing/req_logging.py:26}}
Apr 14 09:59:02 ubuntu devstack@keystone.service[80802]: DEBUG keystone.server.flask.request_processing.req_logging [None req-35277d20-cba3-47a3-b8c5-84b0ed43f235 None None] SCRIPT_NAME: `/identity` {{(pid=80802) log_request_info /opt/stack/keystone/keystone/server/flask/request_processing/req_logging.py:27}}
Apr 14 09:59:02 ubuntu devstack@keystone.service[80802]: DEBUG keystone.server.flask.request_processing.req_logging [None req-35277d20-cba3-47a3-b8c5-84b0ed43f235 None None] PATH_INFO: `/v3/auth/tokens` {{(pid=80802) log_request_info /opt/stack/keystone/keystone/server/flask/request_processing/req_logging.py:28}}
Apr 14 09:59:02 ubuntu devstack@keystone.service[80802]: WARNING keystone.common.password_hashing [None req-35277d20-cba3-47a3-b8c5-84b0ed43f235 None None] Truncating password to algorithm specific maximum length 72 characters.
Apr 14 09:59:02 ubuntu devstack@keystone.service[80801]: DEBUG keystone.server.flask.request_processing.middleware.auth_context [None req-f639df3e-e4d2-4440-91a7-4b50ea0219a7 None None] Validating token access rules against request {{(pid=80801) validate_allowed_request /opt/stack/data/venv/lib/python3.10/site-packages/keystonemiddleware/auth_token/__init__.py:544}}
Apr 14 09:59:02 ubuntu devstack@keystone.service[80802]: DEBUG keystone.auth.core [None req-35277d20-cba3-47a3-b8c5-84b0ed43f235 None None] MFA Rules not processed for user `7f26fc8f9e2d4724b9df8bea9ed0f9d4`. Rule list: `[]` (Enabled: `True`). {{(pid=80802) check_auth_methods_against_rules /opt/stack/keystone/keystone/auth/core.py:476}}
Apr 14 09:59:02 ubuntu devstack@keystone.service[80802]: DEBUG keystone.common.fernet_utils [None req-35277d20-cba3-47a3-b8c5-84b0ed43f235 None None] Loaded 2 Fernet keys from /etc/keystone/fernet-keys/, but `[fernet_tokens] max_active_keys = 3`; perhaps there have not been enough key rotations to reach `max_active_keys` yet? {{(pid=80802) load_keys /opt/stack/keystone/keystone/common/fernet_utils.py:297}}
Apr 14 09:59:02 ubuntu devstack@keystone.service[80801]: DEBUG keystone.server.flask.request_processing.middleware.auth_context [None req-36c47ce9-3c8f-43ed-93c5-11194e3b2186 None admin] RBAC: auth_context: {'token': <TokenModel (audit_id=VhJ7BKXDT227i-t81JsH_A, audit_chain_id=['VhJ7BKXDT227i-t81JsH_A']) at 0x7f56ba58fcd0>, 'domain_id': None, 'trust_id': None, 'trustor_id': None, 'trustee_id': None, 'domain_name': None, 'group_ids': [], 'user_id': '7f26fc8f9e2d4724b9df8bea9ed0f9d4', 'user_domain_id': 'default', 'system_scope': 'all', 'project_id': None, 'project_domain_id': None, 'roles': ['admin', 'manager', 'member', 'reader'], 'is_admin_project': True, 'service_user_id': None, 'service_user_domain_id': None, 'service_project_id': None, 'service_project_domain_id': None, 'service_roles': []} {{(pid=80801) fill_context /opt/stack/keystone/keystone/server/flask/request_processing/middleware/auth_context.py:506}}
Apr 14 09:59:02 ubuntu devstack@keystone.service[80801]: DEBUG keystone.server.flask.request_processing.req_logging [None req-36c47ce9-3c8f-43ed-93c5-11194e3b2186 None admin] REQUEST_METHOD: `POST` {{(pid=80801) log_request_info /opt/stack/keystone/keystone/server/flask/request_processing/req_logging.py:26}}
Apr 14 09:59:02 ubuntu devstack@keystone.service[80801]: DEBUG keystone.server.flask.request_processing.req_logging [None req-36c47ce9-3c8f-43ed-93c5-11194e3b2186 None admin] SCRIPT_NAME: `/identity` {{(pid=80801) log_request_info /opt/stack/keystone/keystone/server/flask/request_processing/req_logging.py:27}}
Apr 14 09:59:02 ubuntu devstack@keystone.service[80801]: DEBUG keystone.server.flask.request_processing.req_logging [None req-36c47ce9-3c8f-43ed-93c5-11194e3b2186 None admin] PATH_INFO: `/v3/roles` {{(pid=80801) log_request_info /opt/stack/keystone/keystone/server/flask/request_processing/req_logging.py:28}}
Apr 14 09:59:02 ubuntu devstack@keystone.service[80801]: DEBUG keystone.common.rbac_enforcer.enforcer [None req-36c47ce9-3c8f-43ed-93c5-11194e3b2186 None admin] RBAC: Authorizing `identity:create_role()` {{(pid=80801) enforce_call /opt/stack/keystone/keystone/common/rbac_enforcer/enforcer.py:495}}
Apr 14 09:59:02 ubuntu devstack@keystone.service[80801]: DEBUG keystone.common.rbac_enforcer.enforcer [None req-36c47ce9-3c8f-43ed-93c5-11194e3b2186 None admin] RBAC: Authorization granted {{(pid=80801) enforce_call /opt/stack/keystone/keystone/common/rbac_enforcer/enforcer.py:506}}
Apr 14 09:59:02 ubuntu devstack@keystone.service[80801]: [pid: 80801|app: 0|req: 22/45] 10.201.5.82 () {60 vars in 1167 bytes} [Mon Apr 14 09:59:02 2025] POST /identity/v3/roles => generated 223 bytes in 89 msecs (HTTP/1.1 201) 5 headers in 182 bytes (2 switches on core 0)
Apr 14 09:59:02 ubuntu devstack@keystone.service[80802]: [pid: 80802|app: 0|req: 24/46] 10.201.5.82 () {58 vars in 1016 bytes} [Mon Apr 14 09:59:02 2025] POST /identity/v3/auth/tokens => generated 862 bytes in 66 msecs (HTTP/1.1 201) 6 headers in 363 bytes (2 switches on core 0)
Apr 14 09:59:02 ubuntu devstack@keystone.service[80801]: DEBUG keystone.server.flask.request_processing.middleware.auth_context [None req-36c47ce9-3c8f-43ed-93c5-11194e3b2186 None admin] Authenticating user token {{(pid=80801) process_request /opt/stack/data/venv/lib/python3.10/site-packages/keystonemiddleware/auth_token/__init__.py:406}}
Apr 14 09:59:02 ubuntu devstack@keystone.service[80801]: DEBUG keystone.server.flask.request_processing.middleware.auth_context [None req-36c47ce9-3c8f-43ed-93c5-11194e3b2186 None admin] Validating token access rules against request {{(pid=80801) validate_allowed_request /opt/stack/data/venv/lib/python3.10/site-packages/keystonemiddleware/auth_token/__init__.py:544}}
Apr 14 09:59:02 ubuntu devstack@keystone.service[80801]: DEBUG keystone.server.flask.request_processing.middleware.auth_context [None req-c430b4a3-1c92-43c5-a0bc-cb6c8b2be630 None admin] RBAC: auth_context: {'token': <TokenModel (audit_id=Le97gT-sT72pingqLDvFwA, audit_chain_id=['Le97gT-sT72pingqLDvFwA']) at 0x7f56ba768460>, 'domain_id': None, 'trust_id': None, 'trustor_id': None, 'trustee_id': None, 'domain_name': None, 'group_ids': [], 'user_id': '7f26fc8f9e2d4724b9df8bea9ed0f9d4', 'user_domain_id': 'default', 'system_scope': 'all', 'project_id': None, 'project_domain_id': None, 'roles': ['admin', 'manager', 'member', 'reader'], 'is_admin_project': True, 'service_user_id': None, 'service_user_domain_id': None, 'service_project_id': None, 'service_project_domain_id': None, 'service_roles': []} {{(pid=80801) fill_context /opt/stack/keystone/keystone/server/flask/request_processing/middleware/auth_context.py:506}}
Apr 14 09:59:02 ubuntu devstack@keystone.service[80801]: DEBUG keystone.server.flask.request_processing.req_logging [None req-c430b4a3-1c92-43c5-a0bc-cb6c8b2be630 None admin] REQUEST_METHOD: `GET` {{(pid=80801) log_request_info /opt/stack/keystone/keystone/server/flask/request_processing/req_logging.py:26}}
Apr 14 09:59:02 ubuntu devstack@keystone.service[80801]: DEBUG keystone.server.flask.request_processing.req_logging [None req-c430b4a3-1c92-43c5-a0bc-cb6c8b2be630 None admin] SCRIPT_NAME: `/identity` {{(pid=80801) log_request_info /opt/stack/keystone/keystone/server/flask/request_processing/req_logging.py:27}}
Apr 14 09:59:02 ubuntu devstack@keystone.service[80801]: DEBUG keystone.server.flask.request_processing.req_logging [None req-c430b4a3-1c92-43c5-a0bc-cb6c8b2be630 None admin] PATH_INFO: `/v3/domains/default` {{(pid=80801) log_request_info /opt/stack/keystone/keystone/server/flask/request_processing/req_logging.py:28}}
Apr 14 09:59:02 ubuntu devstack@keystone.service[80801]: DEBUG keystone.common.rbac_enforcer.enforcer [None req-c430b4a3-1c92-43c5-a0bc-cb6c8b2be630 None admin] RBAC: Authorizing `identity:get_domain(domain_id=default)` {{(pid=80801) enforce_call /opt/stack/keystone/keystone/common/rbac_enforcer/enforcer.py:495}}
Apr 14 09:59:02 ubuntu devstack@keystone.service[80801]: DEBUG keystone.common.rbac_enforcer.enforcer [None req-c430b4a3-1c92-43c5-a0bc-cb6c8b2be630 None admin] RBAC: Authorization granted {{(pid=80801) enforce_call /opt/stack/keystone/keystone/common/rbac_enforcer/enforcer.py:506}}
Apr 14 09:59:02 ubuntu devstack@keystone.service[80801]: [pid: 80801|app: 0|req: 23/47] 10.201.5.82 () {56 vars in 1100 bytes} [Mon Apr 14 09:59:02 2025] GET /identity/v3/domains/default => generated 199 bytes in 65 msecs (HTTP/1.1 200) 5 headers in 177 bytes (1 switches on core 0)
Apr 14 09:59:02 ubuntu devstack@keystone.service[80802]: DEBUG keystone.server.flask.request_processing.middleware.auth_context [None req-35277d20-cba3-47a3-b8c5-84b0ed43f235 None None] Authenticating user token {{(pid=80802) process_request /opt/stack/data/venv/lib/python3.10/site-packages/keystonemiddleware/auth_token/__init__.py:406}}
Apr 14 09:59:02 ubuntu devstack@keystone.service[80802]: DEBUG keystone.server.flask.request_processing.middleware.auth_context [None req-35277d20-cba3-47a3-b8c5-84b0ed43f235 None None] Validating token access rules against request {{(pid=80802) validate_allowed_request /opt/stack/data/venv/lib/python3.10/site-packages/keystonemiddleware/auth_token/__init__.py:544}}
Apr 14 09:59:02 ubuntu devstack@keystone.service[80802]: DEBUG keystone.server.flask.request_processing.middleware.auth_context [None req-01b343c2-3f34-4073-a820-1bb829735e0a None admin] RBAC: auth_context: {'token': <TokenModel (audit_id=Le97gT-sT72pingqLDvFwA, audit_chain_id=['Le97gT-sT72pingqLDvFwA']) at 0x7f56ba6e6d40>, 'domain_id': None, 'trust_id': None, 'trustor_id': None, 'trustee_id': None, 'domain_name': None, 'group_ids': [], 'user_id': '7f26fc8f9e2d4724b9df8bea9ed0f9d4', 'user_domain_id': 'default', 'system_scope': 'all', 'project_id': None, 'project_domain_id': None, 'roles': ['admin', 'manager', 'member', 'reader'], 'is_admin_project': True, 'service_user_id': None, 'service_user_domain_id': None, 'service_project_id': None, 'service_project_domain_id': None, 'service_roles': []} {{(pid=80802) fill_context /opt/stack/keystone/keystone/server/flask/request_processing/middleware/auth_context.py:506}}
Apr 14 09:59:02 ubuntu devstack@keystone.service[80802]: DEBUG keystone.server.flask.request_processing.req_logging [None req-01b343c2-3f34-4073-a820-1bb829735e0a None admin] REQUEST_METHOD: `POST` {{(pid=80802) log_request_info /opt/stack/keystone/keystone/server/flask/request_processing/req_logging.py:26}}
Apr 14 09:59:02 ubuntu devstack@keystone.service[80802]: DEBUG keystone.server.flask.request_processing.req_logging [None req-01b343c2-3f34-4073-a820-1bb829735e0a None admin] SCRIPT_NAME: `/identity` {{(pid=80802) log_request_info /opt/stack/keystone/keystone/server/flask/request_processing/req_logging.py:27}}
Apr 14 09:59:02 ubuntu devstack@keystone.service[80802]: DEBUG keystone.server.flask.request_processing.req_logging [None req-01b343c2-3f34-4073-a820-1bb829735e0a None admin] PATH_INFO: `/v3/projects` {{(pid=80802) log_request_info /opt/stack/keystone/keystone/server/flask/request_processing/req_logging.py:28}}
Apr 14 09:59:02 ubuntu devstack@keystone.service[80802]: DEBUG keystone.common.rbac_enforcer.enforcer [None req-01b343c2-3f34-4073-a820-1bb829735e0a None admin] RBAC: Authorizing `identity:create_project()` {{(pid=80802) enforce_call /opt/stack/keystone/keystone/common/rbac_enforcer/enforcer.py:495}}
Apr 14 09:59:02 ubuntu devstack@keystone.service[80802]: DEBUG keystone.common.rbac_enforcer.enforcer [None req-01b343c2-3f34-4073-a820-1bb829735e0a None admin] RBAC: Authorization granted {{(pid=80802) enforce_call /opt/stack/keystone/keystone/common/rbac_enforcer/enforcer.py:506}}
Apr 14 09:59:02 ubuntu devstack@keystone.service[80802]: [pid: 80802|app: 0|req: 25/48] 10.201.5.82 () {60 vars in 1133 bytes} [Mon Apr 14 09:59:02 2025] POST /identity/v3/projects => generated 312 bytes in 75 msecs (HTTP/1.1 201) 5 headers in 182 bytes (1 switches on core 0)
Apr 14 09:59:03 ubuntu devstack@keystone.service[80801]: DEBUG keystone.server.flask.request_processing.req_logging [None req-6c7e75c5-cf34-4b90-91cb-dbfea7b34a78 None None] REQUEST_METHOD: `GET` {{(pid=80801) log_request_info /opt/stack/keystone/keystone/server/flask/request_processing/req_logging.py:26}}
Apr 14 09:59:03 ubuntu devstack@keystone.service[80801]: DEBUG keystone.server.flask.request_processing.req_logging [None req-6c7e75c5-cf34-4b90-91cb-dbfea7b34a78 None None] SCRIPT_NAME: `/identity` {{(pid=80801) log_request_info /opt/stack/keystone/keystone/server/flask/request_processing/req_logging.py:27}}
Apr 14 09:59:03 ubuntu devstack@keystone.service[80801]: DEBUG keystone.server.flask.request_processing.req_logging [None req-6c7e75c5-cf34-4b90-91cb-dbfea7b34a78 None None] PATH_INFO: `/` {{(pid=80801) log_request_info /opt/stack/keystone/keystone/server/flask/request_processing/req_logging.py:28}}
Apr 14 09:59:03 ubuntu devstack@keystone.service[80801]: [pid: 80801|app: 0|req: 24/49] 10.201.5.82 () {54 vars in 919 bytes} [Mon Apr 14 09:59:03 2025] GET /identity => generated 270 bytes in 4 msecs (HTTP/1.1 300) 6 headers in 234 bytes (1 switches on core 0)
Apr 14 09:59:03 ubuntu devstack@keystone.service[80802]: DEBUG keystone.server.flask.request_processing.req_logging [None req-6e5f111d-001f-40f8-aa33-3ceb2fda8dfc None None] REQUEST_METHOD: `POST` {{(pid=80802) log_request_info /opt/stack/keystone/keystone/server/flask/request_processing/req_logging.py:26}}
Apr 14 09:59:03 ubuntu devstack@keystone.service[80802]: DEBUG keystone.server.flask.request_processing.req_logging [None req-6e5f111d-001f-40f8-aa33-3ceb2fda8dfc None None] SCRIPT_NAME: `/identity` {{(pid=80802) log_request_info /opt/stack/keystone/keystone/server/flask/request_processing/req_logging.py:27}}
Apr 14 09:59:03 ubuntu devstack@keystone.service[80802]: DEBUG keystone.server.flask.request_processing.req_logging [None req-6e5f111d-001f-40f8-aa33-3ceb2fda8dfc None None] PATH_INFO: `/v3/auth/tokens` {{(pid=80802) log_request_info /opt/stack/keystone/keystone/server/flask/request_processing/req_logging.py:28}}
Apr 14 09:59:03 ubuntu devstack@keystone.service[80802]: WARNING keystone.common.password_hashing [None req-6e5f111d-001f-40f8-aa33-3ceb2fda8dfc None None] Truncating password to algorithm specific maximum length 72 characters.
Apr 14 09:59:03 ubuntu devstack@keystone.service[80802]: DEBUG keystone.auth.core [None req-6e5f111d-001f-40f8-aa33-3ceb2fda8dfc None None] MFA Rules not processed for user `7f26fc8f9e2d4724b9df8bea9ed0f9d4`. Rule list: `[]` (Enabled: `True`). {{(pid=80802) check_auth_methods_against_rules /opt/stack/keystone/keystone/auth/core.py:476}}
Apr 14 09:59:03 ubuntu devstack@keystone.service[80802]: DEBUG keystone.common.fernet_utils [None req-6e5f111d-001f-40f8-aa33-3ceb2fda8dfc None None] Loaded 2 Fernet keys from /etc/keystone/fernet-keys/, but `[fernet_tokens] max_active_keys = 3`; perhaps there have not been enough key rotations to reach `max_active_keys` yet? {{(pid=80802) load_keys /opt/stack/keystone/keystone/common/fernet_utils.py:297}}
Apr 14 09:59:03 ubuntu devstack@keystone.service[80802]: [pid: 80802|app: 0|req: 26/50] 10.201.5.82 () {58 vars in 1016 bytes} [Mon Apr 14 09:59:03 2025] POST /identity/v3/auth/tokens => generated 862 bytes in 59 msecs (HTTP/1.1 201) 6 headers in 363 bytes (1 switches on core 0)
Apr 14 09:59:03 ubuntu devstack@keystone.service[80801]: DEBUG keystone.server.flask.request_processing.middleware.auth_context [None req-6c7e75c5-cf34-4b90-91cb-dbfea7b34a78 None None] Authenticating user token {{(pid=80801) process_request /opt/stack/data/venv/lib/python3.10/site-packages/keystonemiddleware/auth_token/__init__.py:406}}
Apr 14 09:59:03 ubuntu devstack@keystone.service[80801]: DEBUG keystone.server.flask.request_processing.middleware.auth_context [None req-6c7e75c5-cf34-4b90-91cb-dbfea7b34a78 None None] Validating token access rules against request {{(pid=80801) validate_allowed_request /opt/stack/data/venv/lib/python3.10/site-packages/keystonemiddleware/auth_token/__init__.py:544}}
Apr 14 09:59:03 ubuntu devstack@keystone.service[80801]: DEBUG keystone.server.flask.request_processing.middleware.auth_context [None req-5ca6007d-8382-4405-923a-40b3e392e89d None admin] RBAC: auth_context: {'token': <TokenModel (audit_id=4lBEGNepRW2__xnb_m38FA, audit_chain_id=['4lBEGNepRW2__xnb_m38FA']) at 0x7f56bafe7c70>, 'domain_id': None, 'trust_id': None, 'trustor_id': None, 'trustee_id': None, 'domain_name': None, 'group_ids': [], 'user_id': '7f26fc8f9e2d4724b9df8bea9ed0f9d4', 'user_domain_id': 'default', 'system_scope': 'all', 'project_id': None, 'project_domain_id': None, 'roles': ['admin', 'manager', 'member', 'reader'], 'is_admin_project': True, 'service_user_id': None, 'service_user_domain_id': None, 'service_project_id': None, 'service_project_domain_id': None, 'service_roles': []} {{(pid=80801) fill_context /opt/stack/keystone/keystone/server/flask/request_processing/middleware/auth_context.py:506}}
Apr 14 09:59:03 ubuntu devstack@keystone.service[80801]: DEBUG keystone.server.flask.request_processing.req_logging [None req-5ca6007d-8382-4405-923a-40b3e392e89d None admin] REQUEST_METHOD: `GET` {{(pid=80801) log_request_info /opt/stack/keystone/keystone/server/flask/request_processing/req_logging.py:26}}
Apr 14 09:59:03 ubuntu devstack@keystone.service[80801]: DEBUG keystone.server.flask.request_processing.req_logging [None req-5ca6007d-8382-4405-923a-40b3e392e89d None admin] SCRIPT_NAME: `/identity` {{(pid=80801) log_request_info /opt/stack/keystone/keystone/server/flask/request_processing/req_logging.py:27}}
Apr 14 09:59:03 ubuntu devstack@keystone.service[80801]: DEBUG keystone.server.flask.request_processing.req_logging [None req-5ca6007d-8382-4405-923a-40b3e392e89d None admin] PATH_INFO: `/v3/domains/default` {{(pid=80801) log_request_info /opt/stack/keystone/keystone/server/flask/request_processing/req_logging.py:28}}
Apr 14 09:59:03 ubuntu devstack@keystone.service[80801]: DEBUG keystone.common.rbac_enforcer.enforcer [None req-5ca6007d-8382-4405-923a-40b3e392e89d None admin] RBAC: Authorizing `identity:get_domain(domain_id=default)` {{(pid=80801) enforce_call /opt/stack/keystone/keystone/common/rbac_enforcer/enforcer.py:495}}
Apr 14 09:59:03 ubuntu devstack@keystone.service[80801]: DEBUG keystone.common.rbac_enforcer.enforcer [None req-5ca6007d-8382-4405-923a-40b3e392e89d None admin] RBAC: Authorization granted {{(pid=80801) enforce_call /opt/stack/keystone/keystone/common/rbac_enforcer/enforcer.py:506}}
Apr 14 09:59:03 ubuntu devstack@keystone.service[80801]: [pid: 80801|app: 0|req: 25/51] 10.201.5.82 () {56 vars in 1100 bytes} [Mon Apr 14 09:59:03 2025] GET /identity/v3/domains/default => generated 199 bytes in 78 msecs (HTTP/1.1 200) 5 headers in 177 bytes (1 switches on core 0)
Apr 14 09:59:03 ubuntu devstack@keystone.service[80802]: DEBUG keystone.server.flask.request_processing.middleware.auth_context [None req-6e5f111d-001f-40f8-aa33-3ceb2fda8dfc None None] Authenticating user token {{(pid=80802) process_request /opt/stack/data/venv/lib/python3.10/site-packages/keystonemiddleware/auth_token/__init__.py:406}}
Apr 14 09:59:03 ubuntu devstack@keystone.service[80802]: DEBUG keystone.server.flask.request_processing.middleware.auth_context [None req-6e5f111d-001f-40f8-aa33-3ceb2fda8dfc None None] Validating token access rules against request {{(pid=80802) validate_allowed_request /opt/stack/data/venv/lib/python3.10/site-packages/keystonemiddleware/auth_token/__init__.py:544}}
Apr 14 09:59:04 ubuntu devstack@keystone.service[80802]: DEBUG keystone.server.flask.request_processing.middleware.auth_context [None req-2a5f30e4-23da-4094-9ada-a8b7467b417f None admin] RBAC: auth_context: {'token': <TokenModel (audit_id=4lBEGNepRW2__xnb_m38FA, audit_chain_id=['4lBEGNepRW2__xnb_m38FA']) at 0x7f56bb0b68c0>, 'domain_id': None, 'trust_id': None, 'trustor_id': None, 'trustee_id': None, 'domain_name': None, 'group_ids': [], 'user_id': '7f26fc8f9e2d4724b9df8bea9ed0f9d4', 'user_domain_id': 'default', 'system_scope': 'all', 'project_id': None, 'project_domain_id': None, 'roles': ['admin', 'manager', 'member', 'reader'], 'is_admin_project': True, 'service_user_id': None, 'service_user_domain_id': None, 'service_project_id': None, 'service_project_domain_id': None, 'service_roles': []} {{(pid=80802) fill_context /opt/stack/keystone/keystone/server/flask/request_processing/middleware/auth_context.py:506}}
Apr 14 09:59:04 ubuntu devstack@keystone.service[80802]: DEBUG keystone.server.flask.request_processing.req_logging [None req-2a5f30e4-23da-4094-9ada-a8b7467b417f None admin] REQUEST_METHOD: `POST` {{(pid=80802) log_request_info /opt/stack/keystone/keystone/server/flask/request_processing/req_logging.py:26}}
Apr 14 09:59:04 ubuntu devstack@keystone.service[80802]: DEBUG keystone.server.flask.request_processing.req_logging [None req-2a5f30e4-23da-4094-9ada-a8b7467b417f None admin] SCRIPT_NAME: `/identity` {{(pid=80802) log_request_info /opt/stack/keystone/keystone/server/flask/request_processing/req_logging.py:27}}
Apr 14 09:59:04 ubuntu devstack@keystone.service[80802]: DEBUG keystone.server.flask.request_processing.req_logging [None req-2a5f30e4-23da-4094-9ada-a8b7467b417f None admin] PATH_INFO: `/v3/projects` {{(pid=80802) log_request_info /opt/stack/keystone/keystone/server/flask/request_processing/req_logging.py:28}}
