Aug 13 05:12:16 ubuntu devstack@keystone.service[80602]: WARNING keystone.common.password_hashing [None req-3c47518b-21c0-4a1a-ba49-b606735523d7 None None] Truncating password to algorithm specific maximum length 72 characters.
Aug 13 05:12:16 ubuntu devstack@keystone.service[80603]: WARNING keystone.common.password_hashing [None req-c2f46d0b-214d-4c41-a3b7-6d56d05918f6 None None] Truncating password to algorithm specific maximum length 72 characters.
Aug 13 05:12:16 ubuntu devstack@keystone.service[80602]: DEBUG keystone.auth.core [None req-3c47518b-21c0-4a1a-ba49-b606735523d7 None None] MFA Rules not processed for user `c62087b97f9f466ea0be11506152926e`. Rule list: `[]` (Enabled: `True`). {{(pid=80602) check_auth_methods_against_rules /opt/stack/keystone/keystone/auth/core.py:476}}
Aug 13 05:12:16 ubuntu devstack@keystone.service[80602]: DEBUG keystone.common.fernet_utils [None req-3c47518b-21c0-4a1a-ba49-b606735523d7 None None] Loaded 2 Fernet keys from /etc/keystone/fernet-keys/, but `[fernet_tokens] max_active_keys = 3`; perhaps there have not been enough key rotations to reach `max_active_keys` yet? {{(pid=80602) load_keys /opt/stack/keystone/keystone/common/fernet_utils.py:297}}
Aug 13 05:12:16 ubuntu devstack@keystone.service[80603]: DEBUG keystone.auth.core [None req-c2f46d0b-214d-4c41-a3b7-6d56d05918f6 None None] MFA Rules not processed for user `c62087b97f9f466ea0be11506152926e`. Rule list: `[]` (Enabled: `True`). {{(pid=80603) check_auth_methods_against_rules /opt/stack/keystone/keystone/auth/core.py:476}}
Aug 13 05:12:16 ubuntu devstack@keystone.service[80603]: DEBUG keystone.common.fernet_utils [None req-c2f46d0b-214d-4c41-a3b7-6d56d05918f6 None None] Loaded 2 Fernet keys from /etc/keystone/fernet-keys/, but `[fernet_tokens] max_active_keys = 3`; perhaps there have not been enough key rotations to reach `max_active_keys` yet? {{(pid=80603) load_keys /opt/stack/keystone/keystone/common/fernet_utils.py:297}}
Aug 13 05:12:16 ubuntu devstack@keystone.service[80602]: [pid: 80602|app: 0|req: 12/24] 10.201.5.82 () {58 vars in 1016 bytes} [Wed Aug 13 05:12:16 2025] POST /identity/v3/auth/tokens => generated 862 bytes in 59 msecs (HTTP/1.1 201) 6 headers in 363 bytes (1 switches on core 0)
Aug 13 05:12:16 ubuntu devstack@keystone.service[80603]: [pid: 80603|app: 0|req: 13/25] 10.201.5.82 () {58 vars in 1016 bytes} [Wed Aug 13 05:12:16 2025] POST /identity/v3/auth/tokens => generated 862 bytes in 73 msecs (HTTP/1.1 201) 6 headers in 363 bytes (2 switches on core 0)
Aug 13 05:12:16 ubuntu devstack@keystone.service[80602]: DEBUG keystone.server.flask.request_processing.middleware.auth_context [None req-3c47518b-21c0-4a1a-ba49-b606735523d7 None None] Authenticating user token {{(pid=80602) process_request /opt/stack/data/venv/lib/python3.10/site-packages/keystonemiddleware/auth_token/__init__.py:407}}
Aug 13 05:12:16 ubuntu devstack@keystone.service[80603]: DEBUG keystone.server.flask.request_processing.middleware.auth_context [None req-c2f46d0b-214d-4c41-a3b7-6d56d05918f6 None None] Authenticating user token {{(pid=80603) process_request /opt/stack/data/venv/lib/python3.10/site-packages/keystonemiddleware/auth_token/__init__.py:407}}
Aug 13 05:12:16 ubuntu devstack@keystone.service[80602]: DEBUG keystone.server.flask.request_processing.middleware.auth_context [None req-3c47518b-21c0-4a1a-ba49-b606735523d7 None None] Validating token access rules against request {{(pid=80602) validate_allowed_request /opt/stack/data/venv/lib/python3.10/site-packages/keystonemiddleware/auth_token/__init__.py:545}}
Aug 13 05:12:16 ubuntu devstack@keystone.service[80602]: DEBUG keystone.server.flask.request_processing.middleware.auth_context [None req-af44c746-80e0-411d-b276-4dad3cf6fb87 None admin] RBAC: auth_context: {'token': <TokenModel (audit_id=k9exUzYLR6qk0JRM0PG8IQ, audit_chain_id=['k9exUzYLR6qk0JRM0PG8IQ']) at 0x7f9c14741810>, 'domain_id': None, 'trust_id': None, 'trustor_id': None, 'trustee_id': None, 'domain_name': None, 'group_ids': [], 'user_id': 'c62087b97f9f466ea0be11506152926e', 'user_domain_id': 'default', 'system_scope': 'all', 'project_id': None, 'project_domain_id': None, 'roles': ['admin', 'manager', 'member', 'reader'], 'is_admin_project': True, 'service_user_id': None, 'service_user_domain_id': None, 'service_project_id': None, 'service_project_domain_id': None, 'service_roles': []} {{(pid=80602) fill_context /opt/stack/keystone/keystone/server/flask/request_processing/middleware/auth_context.py:509}}
Aug 13 05:12:16 ubuntu devstack@keystone.service[80602]: DEBUG keystone.server.flask.request_processing.req_logging [None req-af44c746-80e0-411d-b276-4dad3cf6fb87 None admin] REQUEST_METHOD: `GET` {{(pid=80602) log_request_info /opt/stack/keystone/keystone/server/flask/request_processing/req_logging.py:26}}
Aug 13 05:12:16 ubuntu devstack@keystone.service[80602]: DEBUG keystone.server.flask.request_processing.req_logging [None req-af44c746-80e0-411d-b276-4dad3cf6fb87 None admin] SCRIPT_NAME: `/identity` {{(pid=80602) log_request_info /opt/stack/keystone/keystone/server/flask/request_processing/req_logging.py:27}}
Aug 13 05:12:16 ubuntu devstack@keystone.service[80602]: DEBUG keystone.server.flask.request_processing.req_logging [None req-af44c746-80e0-411d-b276-4dad3cf6fb87 None admin] PATH_INFO: `/v3/domains/Default` {{(pid=80602) log_request_info /opt/stack/keystone/keystone/server/flask/request_processing/req_logging.py:28}}
Aug 13 05:12:16 ubuntu devstack@keystone.service[80603]: DEBUG keystone.server.flask.request_processing.middleware.auth_context [None req-c2f46d0b-214d-4c41-a3b7-6d56d05918f6 None None] Validating token access rules against request {{(pid=80603) validate_allowed_request /opt/stack/data/venv/lib/python3.10/site-packages/keystonemiddleware/auth_token/__init__.py:545}}
Aug 13 05:12:16 ubuntu devstack@keystone.service[80602]: DEBUG keystone.common.rbac_enforcer.enforcer [None req-af44c746-80e0-411d-b276-4dad3cf6fb87 None admin] RBAC: Authorizing `identity:get_domain(domain_id=Default)` {{(pid=80602) enforce_call /opt/stack/keystone/keystone/common/rbac_enforcer/enforcer.py:494}}
Aug 13 05:12:16 ubuntu devstack@keystone.service[80602]: DEBUG keystone.common.rbac_enforcer.enforcer [None req-af44c746-80e0-411d-b276-4dad3cf6fb87 None admin] RBAC: Authorization granted {{(pid=80602) enforce_call /opt/stack/keystone/keystone/common/rbac_enforcer/enforcer.py:505}}
Aug 13 05:12:16 ubuntu devstack@keystone.service[80602]: DEBUG keystone.server.flask.application [None req-af44c746-80e0-411d-b276-4dad3cf6fb87 None admin] Could not find domain: Default. {{(pid=80602) _handle_keystone_exception /opt/stack/keystone/keystone/server/flask/application.py:146}}
Aug 13 05:12:16 ubuntu devstack@keystone.service[80602]: [pid: 80602|app: 0|req: 13/26] 10.201.5.82 () {56 vars in 1100 bytes} [Wed Aug 13 05:12:16 2025] GET /identity/v3/domains/Default => generated 87 bytes in 83 msecs (HTTP/1.1 404) 5 headers in 183 bytes (1 switches on core 0)
Aug 13 05:12:16 ubuntu devstack@keystone.service[80602]: DEBUG keystone.server.flask.request_processing.middleware.auth_context [None req-af44c746-80e0-411d-b276-4dad3cf6fb87 None admin] Authenticating user token {{(pid=80602) process_request /opt/stack/data/venv/lib/python3.10/site-packages/keystonemiddleware/auth_token/__init__.py:407}}
Aug 13 05:12:16 ubuntu devstack@keystone.service[80603]: DEBUG keystone.server.flask.request_processing.middleware.auth_context [None req-a83f21cf-eab2-48e0-a6fd-97392066c750 None admin] RBAC: auth_context: {'token': <TokenModel (audit_id=w6ZKgOW6TS2Ym4cLl4kN5g, audit_chain_id=['w6ZKgOW6TS2Ym4cLl4kN5g']) at 0x7f9c13871780>, 'domain_id': None, 'trust_id': None, 'trustor_id': None, 'trustee_id': None, 'domain_name': None, 'group_ids': [], 'user_id': 'c62087b97f9f466ea0be11506152926e', 'user_domain_id': 'default', 'system_scope': 'all', 'project_id': None, 'project_domain_id': None, 'roles': ['admin', 'manager', 'member', 'reader'], 'is_admin_project': True, 'service_user_id': None, 'service_user_domain_id': None, 'service_project_id': None, 'service_project_domain_id': None, 'service_roles': []} {{(pid=80603) fill_context /opt/stack/keystone/keystone/server/flask/request_processing/middleware/auth_context.py:509}}
Aug 13 05:12:16 ubuntu devstack@keystone.service[80603]: DEBUG keystone.server.flask.request_processing.req_logging [None req-a83f21cf-eab2-48e0-a6fd-97392066c750 None admin] REQUEST_METHOD: `GET` {{(pid=80603) log_request_info /opt/stack/keystone/keystone/server/flask/request_processing/req_logging.py:26}}
Aug 13 05:12:16 ubuntu devstack@keystone.service[80603]: DEBUG keystone.server.flask.request_processing.req_logging [None req-a83f21cf-eab2-48e0-a6fd-97392066c750 None admin] SCRIPT_NAME: `/identity` {{(pid=80603) log_request_info /opt/stack/keystone/keystone/server/flask/request_processing/req_logging.py:27}}
Aug 13 05:12:16 ubuntu devstack@keystone.service[80603]: DEBUG keystone.server.flask.request_processing.req_logging [None req-a83f21cf-eab2-48e0-a6fd-97392066c750 None admin] PATH_INFO: `/v3/roles/admin` {{(pid=80603) log_request_info /opt/stack/keystone/keystone/server/flask/request_processing/req_logging.py:28}}
Aug 13 05:12:16 ubuntu devstack@keystone.service[80603]: DEBUG keystone.common.rbac_enforcer.enforcer [None req-a83f21cf-eab2-48e0-a6fd-97392066c750 None admin] Extracting inferred target data resulted in "NOT FOUND (404)". {{(pid=80603) enforce_call /opt/stack/keystone/keystone/common/rbac_enforcer/enforcer.py:445}}
Aug 13 05:12:16 ubuntu devstack@keystone.service[80603]: DEBUG keystone.server.flask.application [None req-a83f21cf-eab2-48e0-a6fd-97392066c750 None admin] Could not find role: admin. {{(pid=80603) _handle_keystone_exception /opt/stack/keystone/keystone/server/flask/application.py:146}}
Aug 13 05:12:16 ubuntu devstack@keystone.service[80603]: [pid: 80603|app: 0|req: 14/27] 10.201.5.82 () {56 vars in 1132 bytes} [Wed Aug 13 05:12:16 2025] GET /identity/v3/roles/admin => generated 83 bytes in 96 msecs (HTTP/1.1 404) 5 headers in 183 bytes (1 switches on core 0)
Aug 13 05:12:16 ubuntu devstack@keystone.service[80603]: DEBUG keystone.server.flask.request_processing.req_logging [None req-fefc35cb-280d-4428-80d2-c6cb747b5b90 None None] REQUEST_METHOD: `GET` {{(pid=80603) log_request_info /opt/stack/keystone/keystone/server/flask/request_processing/req_logging.py:26}}
Aug 13 05:12:16 ubuntu devstack@keystone.service[80603]: DEBUG keystone.server.flask.request_processing.req_logging [None req-fefc35cb-280d-4428-80d2-c6cb747b5b90 None None] SCRIPT_NAME: `/identity` {{(pid=80603) log_request_info /opt/stack/keystone/keystone/server/flask/request_processing/req_logging.py:27}}
Aug 13 05:12:16 ubuntu devstack@keystone.service[80603]: DEBUG keystone.server.flask.request_processing.req_logging [None req-fefc35cb-280d-4428-80d2-c6cb747b5b90 None None] PATH_INFO: `/` {{(pid=80603) log_request_info /opt/stack/keystone/keystone/server/flask/request_processing/req_logging.py:28}}
Aug 13 05:12:16 ubuntu devstack@keystone.service[80603]: [pid: 80603|app: 0|req: 15/28] 10.201.5.82 () {54 vars in 919 bytes} [Wed Aug 13 05:12:16 2025] GET /identity => generated 270 bytes in 2 msecs (HTTP/1.1 300) 6 headers in 234 bytes (1 switches on core 0)
Aug 13 05:12:16 ubuntu devstack@keystone.service[80603]: DEBUG keystone.server.flask.request_processing.middleware.auth_context [None req-fefc35cb-280d-4428-80d2-c6cb747b5b90 None None] Authenticating user token {{(pid=80603) process_request /opt/stack/data/venv/lib/python3.10/site-packages/keystonemiddleware/auth_token/__init__.py:407}}
Aug 13 05:12:17 ubuntu devstack@keystone.service[80602]: DEBUG keystone.server.flask.request_processing.middleware.auth_context [None req-af44c746-80e0-411d-b276-4dad3cf6fb87 None admin] Validating token access rules against request {{(pid=80602) validate_allowed_request /opt/stack/data/venv/lib/python3.10/site-packages/keystonemiddleware/auth_token/__init__.py:545}}
Aug 13 05:12:17 ubuntu devstack@keystone.service[80603]: DEBUG keystone.server.flask.request_processing.middleware.auth_context [None req-fefc35cb-280d-4428-80d2-c6cb747b5b90 None None] Validating token access rules against request {{(pid=80603) validate_allowed_request /opt/stack/data/venv/lib/python3.10/site-packages/keystonemiddleware/auth_token/__init__.py:545}}
Aug 13 05:12:17 ubuntu devstack@keystone.service[80603]: DEBUG keystone.server.flask.request_processing.middleware.auth_context [None req-c559d655-2009-4eee-81fe-9ccdec1aa9c8 None admin] RBAC: auth_context: {'token': <TokenModel (audit_id=w6ZKgOW6TS2Ym4cLl4kN5g, audit_chain_id=['w6ZKgOW6TS2Ym4cLl4kN5g']) at 0x7f9c138709a0>, 'domain_id': None, 'trust_id': None, 'trustor_id': None, 'trustee_id': None, 'domain_name': None, 'group_ids': [], 'user_id': 'c62087b97f9f466ea0be11506152926e', 'user_domain_id': 'default', 'system_scope': 'all', 'project_id': None, 'project_domain_id': None, 'roles': ['admin', 'manager', 'member', 'reader'], 'is_admin_project': True, 'service_user_id': None, 'service_user_domain_id': None, 'service_project_id': None, 'service_project_domain_id': None, 'service_roles': []} {{(pid=80603) fill_context /opt/stack/keystone/keystone/server/flask/request_processing/middleware/auth_context.py:509}}
Aug 13 05:12:17 ubuntu devstack@keystone.service[80603]: DEBUG keystone.server.flask.request_processing.req_logging [None req-c559d655-2009-4eee-81fe-9ccdec1aa9c8 None admin] REQUEST_METHOD: `GET` {{(pid=80603) log_request_info /opt/stack/keystone/keystone/server/flask/request_processing/req_logging.py:26}}
Aug 13 05:12:17 ubuntu devstack@keystone.service[80603]: DEBUG keystone.server.flask.request_processing.req_logging [None req-c559d655-2009-4eee-81fe-9ccdec1aa9c8 None admin] SCRIPT_NAME: `/identity` {{(pid=80603) log_request_info /opt/stack/keystone/keystone/server/flask/request_processing/req_logging.py:27}}
Aug 13 05:12:17 ubuntu devstack@keystone.service[80603]: DEBUG keystone.server.flask.request_processing.req_logging [None req-c559d655-2009-4eee-81fe-9ccdec1aa9c8 None admin] PATH_INFO: `/v3/roles` {{(pid=80603) log_request_info /opt/stack/keystone/keystone/server/flask/request_processing/req_logging.py:28}}
Aug 13 05:12:17 ubuntu devstack@keystone.service[80602]: DEBUG keystone.server.flask.request_processing.middleware.auth_context [None req-3f518109-9e1c-483e-a788-5407f6e6f864 None admin] RBAC: auth_context: {'token': <TokenModel (audit_id=k9exUzYLR6qk0JRM0PG8IQ, audit_chain_id=['k9exUzYLR6qk0JRM0PG8IQ']) at 0x7f9c13aeee00>, 'domain_id': None, 'trust_id': None, 'trustor_id': None, 'trustee_id': None, 'domain_name': None, 'group_ids': [], 'user_id': 'c62087b97f9f466ea0be11506152926e', 'user_domain_id': 'default', 'system_scope': 'all', 'project_id': None, 'project_domain_id': None, 'roles': ['admin', 'manager', 'member', 'reader'], 'is_admin_project': True, 'service_user_id': None, 'service_user_domain_id': None, 'service_project_id': None, 'service_project_domain_id': None, 'service_roles': []} {{(pid=80602) fill_context /opt/stack/keystone/keystone/server/flask/request_processing/middleware/auth_context.py:509}}
Aug 13 05:12:17 ubuntu devstack@keystone.service[80602]: DEBUG keystone.server.flask.request_processing.req_logging [None req-3f518109-9e1c-483e-a788-5407f6e6f864 None admin] REQUEST_METHOD: `GET` {{(pid=80602) log_request_info /opt/stack/keystone/keystone/server/flask/request_processing/req_logging.py:26}}
Aug 13 05:12:17 ubuntu devstack@keystone.service[80602]: DEBUG keystone.server.flask.request_processing.req_logging [None req-3f518109-9e1c-483e-a788-5407f6e6f864 None admin] SCRIPT_NAME: `/identity` {{(pid=80602) log_request_info /opt/stack/keystone/keystone/server/flask/request_processing/req_logging.py:27}}
Aug 13 05:12:17 ubuntu devstack@keystone.service[80602]: DEBUG keystone.server.flask.request_processing.req_logging [None req-3f518109-9e1c-483e-a788-5407f6e6f864 None admin] PATH_INFO: `/v3/domains` {{(pid=80602) log_request_info /opt/stack/keystone/keystone/server/flask/request_processing/req_logging.py:28}}
Aug 13 05:12:17 ubuntu devstack@keystone.service[80603]: DEBUG keystone.common.rbac_enforcer.enforcer [None req-c559d655-2009-4eee-81fe-9ccdec1aa9c8 None admin] RBAC: Adding query filter params (name=admin) {{(pid=80603) _extract_filter_values /opt/stack/keystone/keystone/common/rbac_enforcer/enforcer.py:176}}
Aug 13 05:12:17 ubuntu devstack@keystone.service[80603]: DEBUG keystone.common.rbac_enforcer.enforcer [None req-c559d655-2009-4eee-81fe-9ccdec1aa9c8 None admin] RBAC: Authorizing `identity:list_roles()` {{(pid=80603) enforce_call /opt/stack/keystone/keystone/common/rbac_enforcer/enforcer.py:494}}
Aug 13 05:12:17 ubuntu devstack@keystone.service[80602]: DEBUG keystone.common.rbac_enforcer.enforcer [None req-3f518109-9e1c-483e-a788-5407f6e6f864 None admin] RBAC: Adding query filter params (name=Default) {{(pid=80602) _extract_filter_values /opt/stack/keystone/keystone/common/rbac_enforcer/enforcer.py:176}}
Aug 13 05:12:17 ubuntu devstack@keystone.service[80602]: DEBUG keystone.common.rbac_enforcer.enforcer [None req-3f518109-9e1c-483e-a788-5407f6e6f864 None admin] RBAC: Authorizing `identity:list_domains()` {{(pid=80602) enforce_call /opt/stack/keystone/keystone/common/rbac_enforcer/enforcer.py:494}}
Aug 13 05:12:17 ubuntu devstack@keystone.service[80603]: DEBUG keystone.common.rbac_enforcer.enforcer [None req-c559d655-2009-4eee-81fe-9ccdec1aa9c8 None admin] RBAC: Authorization granted {{(pid=80603) enforce_call /opt/stack/keystone/keystone/common/rbac_enforcer/enforcer.py:505}}
Aug 13 05:12:17 ubuntu devstack@keystone.service[80602]: DEBUG keystone.common.rbac_enforcer.enforcer [None req-3f518109-9e1c-483e-a788-5407f6e6f864 None admin] RBAC: Authorization granted {{(pid=80602) enforce_call /opt/stack/keystone/keystone/common/rbac_enforcer/enforcer.py:505}}
Aug 13 05:12:17 ubuntu devstack@keystone.service[80603]: [pid: 80603|app: 0|req: 16/29] 10.201.5.82 () {56 vars in 1148 bytes} [Wed Aug 13 05:12:16 2025] GET /identity/v3/roles?name=admin => generated 339 bytes in 61 msecs (HTTP/1.1 200) 5 headers in 177 bytes (2 switches on core 0)
Aug 13 05:12:17 ubuntu devstack@keystone.service[80603]: DEBUG keystone.server.flask.request_processing.req_logging [None req-c4033a31-a30f-4d41-a665-40d3b0736ff5 None None] REQUEST_METHOD: `POST` {{(pid=80603) log_request_info /opt/stack/keystone/keystone/server/flask/request_processing/req_logging.py:26}}
Aug 13 05:12:17 ubuntu devstack@keystone.service[80603]: DEBUG keystone.server.flask.request_processing.req_logging [None req-c4033a31-a30f-4d41-a665-40d3b0736ff5 None None] SCRIPT_NAME: `/identity` {{(pid=80603) log_request_info /opt/stack/keystone/keystone/server/flask/request_processing/req_logging.py:27}}
Aug 13 05:12:17 ubuntu devstack@keystone.service[80603]: DEBUG keystone.server.flask.request_processing.req_logging [None req-c4033a31-a30f-4d41-a665-40d3b0736ff5 None None] PATH_INFO: `/v3/auth/tokens` {{(pid=80603) log_request_info /opt/stack/keystone/keystone/server/flask/request_processing/req_logging.py:28}}
Aug 13 05:12:17 ubuntu devstack@keystone.service[80603]: WARNING keystone.common.password_hashing [None req-c4033a31-a30f-4d41-a665-40d3b0736ff5 None None] Truncating password to algorithm specific maximum length 72 characters.
Aug 13 05:12:17 ubuntu devstack@keystone.service[80602]: [pid: 80602|app: 0|req: 14/30] 10.201.5.82 () {56 vars in 1101 bytes} [Wed Aug 13 05:12:16 2025] GET /identity/v3/domains?name=Default => generated 308 bytes in 104 msecs (HTTP/1.1 200) 5 headers in 177 bytes (1 switches on core 0)
Aug 13 05:12:17 ubuntu devstack@keystone.service[80603]: DEBUG keystone.auth.core [None req-c4033a31-a30f-4d41-a665-40d3b0736ff5 None None] MFA Rules not processed for user `c62087b97f9f466ea0be11506152926e`. Rule list: `[]` (Enabled: `True`). {{(pid=80603) check_auth_methods_against_rules /opt/stack/keystone/keystone/auth/core.py:476}}
Aug 13 05:12:17 ubuntu devstack@keystone.service[80602]: DEBUG keystone.server.flask.request_processing.middleware.auth_context [None req-3f518109-9e1c-483e-a788-5407f6e6f864 None admin] Authenticating user token {{(pid=80602) process_request /opt/stack/data/venv/lib/python3.10/site-packages/keystonemiddleware/auth_token/__init__.py:407}}
Aug 13 05:12:17 ubuntu devstack@keystone.service[80603]: DEBUG keystone.common.fernet_utils [None req-c4033a31-a30f-4d41-a665-40d3b0736ff5 None None] Loaded 2 Fernet keys from /etc/keystone/fernet-keys/, but `[fernet_tokens] max_active_keys = 3`; perhaps there have not been enough key rotations to reach `max_active_keys` yet? {{(pid=80603) load_keys /opt/stack/keystone/keystone/common/fernet_utils.py:297}}
Aug 13 05:12:17 ubuntu devstack@keystone.service[80603]: [pid: 80603|app: 0|req: 17/31] 10.201.5.82 () {58 vars in 1016 bytes} [Wed Aug 13 05:12:17 2025] POST /identity/v3/auth/tokens => generated 862 bytes in 46 msecs (HTTP/1.1 201) 6 headers in 363 bytes (1 switches on core 0)
Aug 13 05:12:17 ubuntu devstack@keystone.service[80603]: DEBUG keystone.server.flask.request_processing.middleware.auth_context [None req-c4033a31-a30f-4d41-a665-40d3b0736ff5 None None] Authenticating user token {{(pid=80603) process_request /opt/stack/data/venv/lib/python3.10/site-packages/keystonemiddleware/auth_token/__init__.py:407}}
Aug 13 05:12:17 ubuntu devstack@keystone.service[80603]: DEBUG keystone.server.flask.request_processing.middleware.auth_context [None req-c4033a31-a30f-4d41-a665-40d3b0736ff5 None None] Validating token access rules against request {{(pid=80603) validate_allowed_request /opt/stack/data/venv/lib/python3.10/site-packages/keystonemiddleware/auth_token/__init__.py:545}}
Aug 13 05:12:17 ubuntu devstack@keystone.service[80602]: DEBUG keystone.server.flask.request_processing.middleware.auth_context [None req-3f518109-9e1c-483e-a788-5407f6e6f864 None admin] Validating token access rules against request {{(pid=80602) validate_allowed_request /opt/stack/data/venv/lib/python3.10/site-packages/keystonemiddleware/auth_token/__init__.py:545}}
Aug 13 05:12:17 ubuntu devstack@keystone.service[80602]: DEBUG keystone.server.flask.request_processing.middleware.auth_context [None req-d5a30911-b202-4eac-9735-fb26676cbc45 None admin] RBAC: auth_context: {'token': <TokenModel (audit_id=w6ZKgOW6TS2Ym4cLl4kN5g, audit_chain_id=['w6ZKgOW6TS2Ym4cLl4kN5g']) at 0x7f9c1392b340>, 'domain_id': None, 'trust_id': None, 'trustor_id': None, 'trustee_id': None, 'domain_name': None, 'group_ids': [], 'user_id': 'c62087b97f9f466ea0be11506152926e', 'user_domain_id': 'default', 'system_scope': 'all', 'project_id': None, 'project_domain_id': None, 'roles': ['admin', 'manager', 'member', 'reader'], 'is_admin_project': True, 'service_user_id': None, 'service_user_domain_id': None, 'service_project_id': None, 'service_project_domain_id': None, 'service_roles': []} {{(pid=80602) fill_context /opt/stack/keystone/keystone/server/flask/request_processing/middleware/auth_context.py:509}}
Aug 13 05:12:17 ubuntu devstack@keystone.service[80602]: DEBUG keystone.server.flask.request_processing.req_logging [None req-d5a30911-b202-4eac-9735-fb26676cbc45 None admin] REQUEST_METHOD: `GET` {{(pid=80602) log_request_info /opt/stack/keystone/keystone/server/flask/request_processing/req_logging.py:26}}
Aug 13 05:12:17 ubuntu devstack@keystone.service[80602]: DEBUG keystone.server.flask.request_processing.req_logging [None req-d5a30911-b202-4eac-9735-fb26676cbc45 None admin] SCRIPT_NAME: `/identity` {{(pid=80602) log_request_info /opt/stack/keystone/keystone/server/flask/request_processing/req_logging.py:27}}
Aug 13 05:12:17 ubuntu devstack@keystone.service[80602]: DEBUG keystone.server.flask.request_processing.req_logging [None req-d5a30911-b202-4eac-9735-fb26676cbc45 None admin] PATH_INFO: `/v3/users/c62087b97f9f466ea0be11506152926e` {{(pid=80602) log_request_info /opt/stack/keystone/keystone/server/flask/request_processing/req_logging.py:28}}
Aug 13 05:12:17 ubuntu devstack@keystone.service[80602]: DEBUG keystone.common.rbac_enforcer.enforcer [None req-d5a30911-b202-4eac-9735-fb26676cbc45 None admin] RBAC: Authorizing `identity:get_user(user_id=c62087b97f9f466ea0be11506152926e)` {{(pid=80602) enforce_call /opt/stack/keystone/keystone/common/rbac_enforcer/enforcer.py:494}}
Aug 13 05:12:17 ubuntu devstack@keystone.service[80602]: DEBUG keystone.common.rbac_enforcer.enforcer [None req-d5a30911-b202-4eac-9735-fb26676cbc45 None admin] RBAC: Authorization granted {{(pid=80602) enforce_call /opt/stack/keystone/keystone/common/rbac_enforcer/enforcer.py:505}}
Aug 13 05:12:17 ubuntu devstack@keystone.service[80603]: DEBUG keystone.server.flask.request_processing.middleware.auth_context [None req-f0172fce-99ca-423a-837e-8e35198ca29d None admin] RBAC: auth_context: {'token': <TokenModel (audit_id=k9exUzYLR6qk0JRM0PG8IQ, audit_chain_id=['k9exUzYLR6qk0JRM0PG8IQ']) at 0x7f9c13848dc0>, 'domain_id': None, 'trust_id': None, 'trustor_id': None, 'trustee_id': None, 'domain_name': None, 'group_ids': [], 'user_id': 'c62087b97f9f466ea0be11506152926e', 'user_domain_id': 'default', 'system_scope': 'all', 'project_id': None, 'project_domain_id': None, 'roles': ['admin', 'manager', 'member', 'reader'], 'is_admin_project': True, 'service_user_id': None, 'service_user_domain_id': None, 'service_project_id': None, 'service_project_domain_id': None, 'service_roles': []} {{(pid=80603) fill_context /opt/stack/keystone/keystone/server/flask/request_processing/middleware/auth_context.py:509}}
Aug 13 05:12:17 ubuntu devstack@keystone.service[80603]: DEBUG keystone.server.flask.request_processing.req_logging [None req-f0172fce-99ca-423a-837e-8e35198ca29d None admin] REQUEST_METHOD: `POST` {{(pid=80603) log_request_info /opt/stack/keystone/keystone/server/flask/request_processing/req_logging.py:26}}
Aug 13 05:12:17 ubuntu devstack@keystone.service[80603]: DEBUG keystone.server.flask.request_processing.req_logging [None req-f0172fce-99ca-423a-837e-8e35198ca29d None admin] SCRIPT_NAME: `/identity` {{(pid=80603) log_request_info /opt/stack/keystone/keystone/server/flask/request_processing/req_logging.py:27}}
Aug 13 05:12:17 ubuntu devstack@keystone.service[80603]: DEBUG keystone.server.flask.request_processing.req_logging [None req-f0172fce-99ca-423a-837e-8e35198ca29d None admin] PATH_INFO: `/v3/projects` {{(pid=80603) log_request_info /opt/stack/keystone/keystone/server/flask/request_processing/req_logging.py:28}}
Aug 13 05:12:17 ubuntu devstack@keystone.service[80602]: [pid: 80602|app: 0|req: 15/32] 10.201.5.82 () {56 vars in 1213 bytes} [Wed Aug 13 05:12:17 2025] GET /identity/v3/users/c62087b97f9f466ea0be11506152926e => generated 247 bytes in 116 msecs (HTTP/1.1 200) 5 headers in 177 bytes (1 switches on core 0)
Aug 13 05:12:17 ubuntu devstack@keystone.service[80603]: DEBUG keystone.common.rbac_enforcer.enforcer [None req-f0172fce-99ca-423a-837e-8e35198ca29d None admin] RBAC: Authorizing `identity:create_project()` {{(pid=80603) enforce_call /opt/stack/keystone/keystone/common/rbac_enforcer/enforcer.py:494}}
Aug 13 05:12:17 ubuntu devstack@keystone.service[80602]: DEBUG keystone.server.flask.request_processing.req_logging [None req-ac9e357a-ba1a-4b9b-a32c-242eec4b12a2 None None] REQUEST_METHOD: `GET` {{(pid=80602) log_request_info /opt/stack/keystone/keystone/server/flask/request_processing/req_logging.py:26}}
Aug 13 05:12:17 ubuntu devstack@keystone.service[80602]: DEBUG keystone.server.flask.request_processing.req_logging [None req-ac9e357a-ba1a-4b9b-a32c-242eec4b12a2 None None] SCRIPT_NAME: `/identity` {{(pid=80602) log_request_info /opt/stack/keystone/keystone/server/flask/request_processing/req_logging.py:27}}
Aug 13 05:12:17 ubuntu devstack@keystone.service[80602]: DEBUG keystone.server.flask.request_processing.req_logging [None req-ac9e357a-ba1a-4b9b-a32c-242eec4b12a2 None None] PATH_INFO: `/` {{(pid=80602) log_request_info /opt/stack/keystone/keystone/server/flask/request_processing/req_logging.py:28}}
Aug 13 05:12:17 ubuntu devstack@keystone.service[80603]: DEBUG keystone.common.rbac_enforcer.enforcer [None req-f0172fce-99ca-423a-837e-8e35198ca29d None admin] RBAC: Authorization granted {{(pid=80603) enforce_call /opt/stack/keystone/keystone/common/rbac_enforcer/enforcer.py:505}}
Aug 13 05:12:17 ubuntu devstack@keystone.service[80602]: [pid: 80602|app: 0|req: 16/33] 10.201.5.82 () {54 vars in 919 bytes} [Wed Aug 13 05:12:17 2025] GET /identity => generated 270 bytes in 5 msecs (HTTP/1.1 300) 6 headers in 234 bytes (1 switches on core 0)
Aug 13 05:12:17 ubuntu devstack@keystone.service[80602]: DEBUG keystone.server.flask.request_processing.middleware.auth_context [None req-ac9e357a-ba1a-4b9b-a32c-242eec4b12a2 None None] Authenticating user token {{(pid=80602) process_request /opt/stack/data/venv/lib/python3.10/site-packages/keystonemiddleware/auth_token/__init__.py:407}}
Aug 13 05:12:17 ubuntu devstack@keystone.service[80603]: [pid: 80603|app: 0|req: 18/34] 10.201.5.82 () {60 vars in 1133 bytes} [Wed Aug 13 05:12:17 2025] POST /identity/v3/projects => generated 301 bytes in 121 msecs (HTTP/1.1 201) 5 headers in 182 bytes (1 switches on core 0)
Aug 13 05:12:17 ubuntu devstack@keystone.service[80603]: DEBUG keystone.server.flask.request_processing.req_logging [None req-09aabed7-0412-4250-a8ed-3435e96577c0 None None] REQUEST_METHOD: `POST` {{(pid=80603) log_request_info /opt/stack/keystone/keystone/server/flask/request_processing/req_logging.py:26}}
Aug 13 05:12:17 ubuntu devstack@keystone.service[80603]: DEBUG keystone.server.flask.request_processing.req_logging [None req-09aabed7-0412-4250-a8ed-3435e96577c0 None None] SCRIPT_NAME: `/identity` {{(pid=80603) log_request_info /opt/stack/keystone/keystone/server/flask/request_processing/req_logging.py:27}}
Aug 13 05:12:17 ubuntu devstack@keystone.service[80603]: DEBUG keystone.server.flask.request_processing.req_logging [None req-09aabed7-0412-4250-a8ed-3435e96577c0 None None] PATH_INFO: `/v3/auth/tokens` {{(pid=80603) log_request_info /opt/stack/keystone/keystone/server/flask/request_processing/req_logging.py:28}}
Aug 13 05:12:17 ubuntu devstack@keystone.service[80602]: DEBUG keystone.server.flask.request_processing.middleware.auth_context [None req-ac9e357a-ba1a-4b9b-a32c-242eec4b12a2 None None] Validating token access rules against request {{(pid=80602) validate_allowed_request /opt/stack/data/venv/lib/python3.10/site-packages/keystonemiddleware/auth_token/__init__.py:545}}
Aug 13 05:12:17 ubuntu devstack@keystone.service[80602]: DEBUG keystone.server.flask.request_processing.middleware.auth_context [None req-0792d4e3-3854-4101-b3ce-af5f44737e23 None admin] RBAC: auth_context: {'token': <TokenModel (audit_id=w6ZKgOW6TS2Ym4cLl4kN5g, audit_chain_id=['w6ZKgOW6TS2Ym4cLl4kN5g']) at 0x7f9c139295d0>, 'domain_id': None, 'trust_id': None, 'trustor_id': None, 'trustee_id': None, 'domain_name': None, 'group_ids': [], 'user_id': 'c62087b97f9f466ea0be11506152926e', 'user_domain_id': 'default', 'system_scope': 'all', 'project_id': None, 'project_domain_id': None, 'roles': ['admin', 'manager', 'member', 'reader'], 'is_admin_project': True, 'service_user_id': None, 'service_user_domain_id': None, 'service_project_id': None, 'service_project_domain_id': None, 'service_roles': []} {{(pid=80602) fill_context /opt/stack/keystone/keystone/server/flask/request_processing/middleware/auth_context.py:509}}
Aug 13 05:12:17 ubuntu devstack@keystone.service[80602]: DEBUG keystone.server.flask.request_processing.req_logging [None req-0792d4e3-3854-4101-b3ce-af5f44737e23 None admin] REQUEST_METHOD: `GET` {{(pid=80602) log_request_info /opt/stack/keystone/keystone/server/flask/request_processing/req_logging.py:26}}
Aug 13 05:12:17 ubuntu devstack@keystone.service[80602]: DEBUG keystone.server.flask.request_processing.req_logging [None req-0792d4e3-3854-4101-b3ce-af5f44737e23 None admin] SCRIPT_NAME: `/identity` {{(pid=80602) log_request_info /opt/stack/keystone/keystone/server/flask/request_processing/req_logging.py:27}}
Aug 13 05:12:17 ubuntu devstack@keystone.service[80602]: DEBUG keystone.server.flask.request_processing.req_logging [None req-0792d4e3-3854-4101-b3ce-af5f44737e23 None admin] PATH_INFO: `/v3/domains/default` {{(pid=80602) log_request_info /opt/stack/keystone/keystone/server/flask/request_processing/req_logging.py:28}}
Aug 13 05:12:17 ubuntu devstack@keystone.service[80602]: DEBUG keystone.common.rbac_enforcer.enforcer [None req-0792d4e3-3854-4101-b3ce-af5f44737e23 None admin] RBAC: Authorizing `identity:get_domain(domain_id=default)` {{(pid=80602) enforce_call /opt/stack/keystone/keystone/common/rbac_enforcer/enforcer.py:494}}
Aug 13 05:12:17 ubuntu devstack@keystone.service[80603]: WARNING keystone.common.password_hashing [None req-09aabed7-0412-4250-a8ed-3435e96577c0 None None] Truncating password to algorithm specific maximum length 72 characters.
Aug 13 05:12:17 ubuntu devstack@keystone.service[80602]: DEBUG keystone.common.rbac_enforcer.enforcer [None req-0792d4e3-3854-4101-b3ce-af5f44737e23 None admin] RBAC: Authorization granted {{(pid=80602) enforce_call /opt/stack/keystone/keystone/common/rbac_enforcer/enforcer.py:505}}
Aug 13 05:12:17 ubuntu devstack@keystone.service[80602]: [pid: 80602|app: 0|req: 17/35] 10.201.5.82 () {56 vars in 1144 bytes} [Wed Aug 13 05:12:17 2025] GET /identity/v3/domains/default => generated 199 bytes in 61 msecs (HTTP/1.1 200) 5 headers in 177 bytes (1 switches on core 0)
Aug 13 05:12:17 ubuntu devstack@keystone.service[80602]: DEBUG keystone.server.flask.request_processing.middleware.auth_context [None req-0792d4e3-3854-4101-b3ce-af5f44737e23 None admin] Authenticating user token {{(pid=80602) process_request /opt/stack/data/venv/lib/python3.10/site-packages/keystonemiddleware/auth_token/__init__.py:407}}
Aug 13 05:12:17 ubuntu devstack@keystone.service[80603]: DEBUG keystone.auth.core [None req-09aabed7-0412-4250-a8ed-3435e96577c0 None None] MFA Rules not processed for user `c62087b97f9f466ea0be11506152926e`. Rule list: `[]` (Enabled: `True`). {{(pid=80603) check_auth_methods_against_rules /opt/stack/keystone/keystone/auth/core.py:476}}
Aug 13 05:12:17 ubuntu devstack@keystone.service[80603]: DEBUG keystone.common.fernet_utils [None req-09aabed7-0412-4250-a8ed-3435e96577c0 None None] Loaded 2 Fernet keys from /etc/keystone/fernet-keys/, but `[fernet_tokens] max_active_keys = 3`; perhaps there have not been enough key rotations to reach `max_active_keys` yet? {{(pid=80603) load_keys /opt/stack/keystone/keystone/common/fernet_utils.py:297}}
Aug 13 05:12:17 ubuntu devstack@keystone.service[80602]: DEBUG keystone.server.flask.request_processing.middleware.auth_context [None req-0792d4e3-3854-4101-b3ce-af5f44737e23 None admin] Validating token access rules against request {{(pid=80602) validate_allowed_request /opt/stack/data/venv/lib/python3.10/site-packages/keystonemiddleware/auth_token/__init__.py:545}}
Aug 13 05:12:17 ubuntu devstack@keystone.service[80602]: DEBUG keystone.server.flask.request_processing.middleware.auth_context [None req-6a246f6c-d9c0-4d72-80ec-fae301617281 None admin] RBAC: auth_context: {'token': <TokenModel (audit_id=w6ZKgOW6TS2Ym4cLl4kN5g, audit_chain_id=['w6ZKgOW6TS2Ym4cLl4kN5g']) at 0x7f9c14741960>, 'domain_id': None, 'trust_id': None, 'trustor_id': None, 'trustee_id': None, 'domain_name': None, 'group_ids': [], 'user_id': 'c62087b97f9f466ea0be11506152926e', 'user_domain_id': 'default', 'system_scope': 'all', 'project_id': None, 'project_domain_id': None, 'roles': ['admin', 'manager', 'member', 'reader'], 'is_admin_project': True, 'service_user_id': None, 'service_user_domain_id': None, 'service_project_id': None, 'service_project_domain_id': None, 'service_roles': []} {{(pid=80602) fill_context /opt/stack/keystone/keystone/server/flask/request_processing/middleware/auth_context.py:509}}
Aug 13 05:12:17 ubuntu devstack@keystone.service[80602]: DEBUG keystone.server.flask.request_processing.req_logging [None req-6a246f6c-d9c0-4d72-80ec-fae301617281 None admin] REQUEST_METHOD: `GET` {{(pid=80602) log_request_info /opt/stack/keystone/keystone/server/flask/request_processing/req_logging.py:26}}
Aug 13 05:12:17 ubuntu devstack@keystone.service[80602]: DEBUG keystone.server.flask.request_processing.req_logging [None req-6a246f6c-d9c0-4d72-80ec-fae301617281 None admin] SCRIPT_NAME: `/identity` {{(pid=80602) log_request_info /opt/stack/keystone/keystone/server/flask/request_processing/req_logging.py:27}}
Aug 13 05:12:17 ubuntu devstack@keystone.service[80602]: DEBUG keystone.server.flask.request_processing.req_logging [None req-6a246f6c-d9c0-4d72-80ec-fae301617281 None admin] PATH_INFO: `/v3/role_assignments` {{(pid=80602) log_request_info /opt/stack/keystone/keystone/server/flask/request_processing/req_logging.py:28}}
Aug 13 05:12:17 ubuntu devstack@keystone.service[80602]: DEBUG keystone.common.rbac_enforcer.enforcer [None req-6a246f6c-d9c0-4d72-80ec-fae301617281 None admin] RBAC: Adding query filter params (role.id=9195fddbce0a4981863332bf8ad30f2a, scope.domain.id=default, user.id=c62087b97f9f466ea0be11506152926e) {{(pid=80602) _extract_filter_values /opt/stack/keystone/keystone/common/rbac_enforcer/enforcer.py:176}}
Aug 13 05:12:17 ubuntu devstack@keystone.service[80602]: DEBUG keystone.common.rbac_enforcer.enforcer [None req-6a246f6c-d9c0-4d72-80ec-fae301617281 None admin] RBAC: Authorizing `identity:list_role_assignments()` {{(pid=80602) enforce_call /opt/stack/keystone/keystone/common/rbac_enforcer/enforcer.py:494}}
Aug 13 05:12:17 ubuntu devstack@keystone.service[80602]: DEBUG keystone.common.rbac_enforcer.enforcer [None req-6a246f6c-d9c0-4d72-80ec-fae301617281 None admin] RBAC: Authorization granted {{(pid=80602) enforce_call /opt/stack/keystone/keystone/common/rbac_enforcer/enforcer.py:505}}
Aug 13 05:12:17 ubuntu devstack@keystone.service[80603]: [pid: 80603|app: 0|req: 19/36] 10.201.5.82 () {58 vars in 1016 bytes} [Wed Aug 13 05:12:17 2025] POST /identity/v3/auth/tokens => generated 862 bytes in 89 msecs (HTTP/1.1 201) 6 headers in 363 bytes (1 switches on core 0)
Aug 13 05:12:17 ubuntu devstack@keystone.service[80603]: DEBUG keystone.server.flask.request_processing.middleware.auth_context [None req-09aabed7-0412-4250-a8ed-3435e96577c0 None None] Authenticating user token {{(pid=80603) process_request /opt/stack/data/venv/lib/python3.10/site-packages/keystonemiddleware/auth_token/__init__.py:407}}
Aug 13 05:12:17 ubuntu devstack@keystone.service[80602]: [pid: 80602|app: 0|req: 18/37] 10.201.5.82 () {56 vars in 1371 bytes} [Wed Aug 13 05:12:17 2025] GET /identity/v3/role_assignments?role.id=9195fddbce0a4981863332bf8ad30f2a&scope.domain.id=default&user.id=c62087b97f9f466ea0be11506152926e => generated 530 bytes in 58 msecs (HTTP/1.1 200) 5 headers in 177 bytes (1 switches on core 0)
Aug 13 05:12:17 ubuntu devstack@keystone.service[80603]: DEBUG keystone.server.flask.request_processing.middleware.auth_context [None req-09aabed7-0412-4250-a8ed-3435e96577c0 None None] Validating token access rules against request {{(pid=80603) validate_allowed_request /opt/stack/data/venv/lib/python3.10/site-packages/keystonemiddleware/auth_token/__init__.py:545}}
Aug 13 05:12:17 ubuntu devstack@keystone.service[80603]: DEBUG keystone.server.flask.request_processing.middleware.auth_context [None req-06484c10-39fe-4a74-b063-ef49e05e61a3 None admin] RBAC: auth_context: {'token': <TokenModel (audit_id=dEv58uybRKyTFRpWV6T0Aw, audit_chain_id=['dEv58uybRKyTFRpWV6T0Aw']) at 0x7f9c138492d0>, 'domain_id': None, 'trust_id': None, 'trustor_id': None, 'trustee_id': None, 'domain_name': None, 'group_ids': [], 'user_id': 'c62087b97f9f466ea0be11506152926e', 'user_domain_id': 'default', 'system_scope': 'all', 'project_id': None, 'project_domain_id': None, 'roles': ['admin', 'manager', 'member', 'reader'], 'is_admin_project': True, 'service_user_id': None, 'service_user_domain_id': None, 'service_project_id': None, 'service_project_domain_id': None, 'service_roles': []} {{(pid=80603) fill_context /opt/stack/keystone/keystone/server/flask/request_processing/middleware/auth_context.py:509}}
Aug 13 05:12:17 ubuntu devstack@keystone.service[80603]: DEBUG keystone.server.flask.request_processing.req_logging [None req-06484c10-39fe-4a74-b063-ef49e05e61a3 None admin] REQUEST_METHOD: `POST` {{(pid=80603) log_request_info /opt/stack/keystone/keystone/server/flask/request_processing/req_logging.py:26}}
Aug 13 05:12:17 ubuntu devstack@keystone.service[80603]: DEBUG keystone.server.flask.request_processing.req_logging [None req-06484c10-39fe-4a74-b063-ef49e05e61a3 None admin] SCRIPT_NAME: `/identity` {{(pid=80603) log_request_info /opt/stack/keystone/keystone/server/flask/request_processing/req_logging.py:27}}
Aug 13 05:12:17 ubuntu devstack@keystone.service[80603]: DEBUG keystone.server.flask.request_processing.req_logging [None req-06484c10-39fe-4a74-b063-ef49e05e61a3 None admin] PATH_INFO: `/v3/roles` {{(pid=80603) log_request_info /opt/stack/keystone/keystone/server/flask/request_processing/req_logging.py:28}}
Aug 13 05:12:17 ubuntu devstack@keystone.service[80603]: DEBUG keystone.common.rbac_enforcer.enforcer [None req-06484c10-39fe-4a74-b063-ef49e05e61a3 None admin] RBAC: Authorizing `identity:create_role()` {{(pid=80603) enforce_call /opt/stack/keystone/keystone/common/rbac_enforcer/enforcer.py:494}}
Aug 13 05:12:17 ubuntu devstack@keystone.service[80603]: DEBUG keystone.common.rbac_enforcer.enforcer [None req-06484c10-39fe-4a74-b063-ef49e05e61a3 None admin] RBAC: Authorization granted {{(pid=80603) enforce_call /opt/stack/keystone/keystone/common/rbac_enforcer/enforcer.py:505}}
Aug 13 05:12:17 ubuntu devstack@keystone.service[80603]: DEBUG keystone.common.sql.core [None req-06484c10-39fe-4a74-b063-ef49e05e61a3 None admin] Conflict role: (pymysql.err.IntegrityError) (1062, "Duplicate entry 'service-<<null>>' for key 'role.ixu_role_name_domain_id'")
Aug 13 05:12:17 ubuntu devstack@keystone.service[80603]: [SQL: INSERT INTO `role` (id, name, description, extra) VALUES (%(id)s, %(name)s, %(description)s, %(extra)s)]
Aug 13 05:12:17 ubuntu devstack@keystone.service[80603]: [parameters: {'id': '78dba75bd37d402988bc32af49b08f0a', 'name': 'service', 'description': None, 'extra': '{}'}]
Aug 13 05:12:17 ubuntu devstack@keystone.service[80603]: (Background on this error at: https://sqlalche.me/e/20/gkpj) {{(pid=80603) wrapper /opt/stack/keystone/keystone/common/sql/core.py:580}}
Aug 13 05:12:17 ubuntu devstack@keystone.service[80603]: ERROR keystone.server.flask.application [None req-06484c10-39fe-4a74-b063-ef49e05e61a3 None admin] Conflict occurred attempting to store role - Duplicate entry found with name service.: keystone.exception.Conflict: Conflict occurred attempting to store role - Duplicate entry found with name service.
Aug 13 05:12:17 ubuntu devstack@keystone.service[80603]: ERROR keystone.server.flask.application Traceback (most recent call last):
Aug 13 05:12:17 ubuntu devstack@keystone.service[80603]: ERROR keystone.server.flask.application   File "/opt/stack/data/venv/lib/python3.10/site-packages/sqlalchemy/engine/base.py", line 1961, in _exec_single_context
Aug 13 05:12:17 ubuntu devstack@keystone.service[80603]: ERROR keystone.server.flask.application     self.dialect.do_execute(
Aug 13 05:12:17 ubuntu devstack@keystone.service[80603]: ERROR keystone.server.flask.application   File "/opt/stack/data/venv/lib/python3.10/site-packages/sqlalchemy/engine/default.py", line 944, in do_execute
Aug 13 05:12:17 ubuntu devstack@keystone.service[80603]: ERROR keystone.server.flask.application     cursor.execute(statement, parameters)
Aug 13 05:12:17 ubuntu devstack@keystone.service[80603]: ERROR keystone.server.flask.application   File "/opt/stack/data/venv/lib/python3.10/site-packages/pymysql/cursors.py", line 153, in execute
Aug 13 05:12:17 ubuntu devstack@keystone.service[80603]: ERROR keystone.server.flask.application     result = self._query(query)
Aug 13 05:12:17 ubuntu devstack@keystone.service[80603]: ERROR keystone.server.flask.application   File "/opt/stack/data/venv/lib/python3.10/site-packages/pymysql/cursors.py", line 322, in _query
Aug 13 05:12:17 ubuntu devstack@keystone.service[80603]: ERROR keystone.server.flask.application     conn.query(q)
Aug 13 05:12:17 ubuntu devstack@keystone.service[80603]: ERROR keystone.server.flask.application   File "/opt/stack/data/venv/lib/python3.10/site-packages/pymysql/connections.py", line 563, in query
Aug 13 05:12:17 ubuntu devstack@keystone.service[80603]: ERROR keystone.server.flask.application     self._affected_rows = self._read_query_result(unbuffered=unbuffered)
Aug 13 05:12:17 ubuntu devstack@keystone.service[80603]: ERROR keystone.server.flask.application   File "/opt/stack/data/venv/lib/python3.10/site-packages/pymysql/connections.py", line 825, in _read_query_result
Aug 13 05:12:17 ubuntu devstack@keystone.service[80603]: ERROR keystone.server.flask.application     result.read()
Aug 13 05:12:17 ubuntu devstack@keystone.service[80603]: ERROR keystone.server.flask.application   File "/opt/stack/data/venv/lib/python3.10/site-packages/pymysql/connections.py", line 1199, in read
Aug 13 05:12:17 ubuntu devstack@keystone.service[80603]: ERROR keystone.server.flask.application     first_packet = self.connection._read_packet()
Aug 13 05:12:17 ubuntu devstack@keystone.service[80603]: ERROR keystone.server.flask.application   File "/opt/stack/data/venv/lib/python3.10/site-packages/pymysql/connections.py", line 775, in _read_packet
Aug 13 05:12:17 ubuntu devstack@keystone.service[80603]: ERROR keystone.server.flask.application     packet.raise_for_error()
Aug 13 05:12:17 ubuntu devstack@keystone.service[80603]: ERROR keystone.server.flask.application   File "/opt/stack/data/venv/lib/python3.10/site-packages/pymysql/protocol.py", line 219, in raise_for_error
Aug 13 05:12:17 ubuntu devstack@keystone.service[80603]: ERROR keystone.server.flask.application     err.raise_mysql_exception(self._data)
Aug 13 05:12:17 ubuntu devstack@keystone.service[80603]: ERROR keystone.server.flask.application   File "/opt/stack/data/venv/lib/python3.10/site-packages/pymysql/err.py", line 150, in raise_mysql_exception
Aug 13 05:12:17 ubuntu devstack@keystone.service[80603]: ERROR keystone.server.flask.application     raise errorclass(errno, errval)
Aug 13 05:12:17 ubuntu devstack@keystone.service[80603]: ERROR keystone.server.flask.application pymysql.err.IntegrityError: (1062, "Duplicate entry 'service-<<null>>' for key 'role.ixu_role_name_domain_id'")
Aug 13 05:12:17 ubuntu devstack@keystone.service[80603]: ERROR keystone.server.flask.application 
Aug 13 05:12:17 ubuntu devstack@keystone.service[80603]: ERROR keystone.server.flask.application The above exception was the direct cause of the following exception:
Aug 13 05:12:17 ubuntu devstack@keystone.service[80603]: ERROR keystone.server.flask.application 
Aug 13 05:12:17 ubuntu devstack@keystone.service[80603]: ERROR keystone.server.flask.application Traceback (most recent call last):
Aug 13 05:12:17 ubuntu devstack@keystone.service[80603]: ERROR keystone.server.flask.application   File "/opt/stack/keystone/keystone/common/sql/core.py", line 575, in wrapper
Aug 13 05:12:17 ubuntu devstack@keystone.service[80603]: ERROR keystone.server.flask.application     return method(*args, **kwargs)
Aug 13 05:12:17 ubuntu devstack@keystone.service[80603]: ERROR keystone.server.flask.application   File "/opt/stack/keystone/keystone/assignment/role_backends/sql.py", line 25, in create_role
Aug 13 05:12:17 ubuntu devstack@keystone.service[80603]: ERROR keystone.server.flask.application     with sql.session_for_write() as session:
Aug 13 05:12:17 ubuntu devstack@keystone.service[80603]: ERROR keystone.server.flask.application   File "/usr/lib/python3.10/contextlib.py", line 142, in __exit__
Aug 13 05:12:17 ubuntu devstack@keystone.service[80603]: ERROR keystone.server.flask.application     next(self.gen)
Aug 13 05:12:17 ubuntu devstack@keystone.service[80603]: ERROR keystone.server.flask.application   File "/opt/stack/data/venv/lib/python3.10/site-packages/oslo_db/sqlalchemy/enginefacade.py", line 1199, in _transaction_scope
Aug 13 05:12:17 ubuntu devstack@keystone.service[80603]: ERROR keystone.server.flask.application     with current._produce_block(
Aug 13 05:12:17 ubuntu devstack@keystone.service[80603]: ERROR keystone.server.flask.application   File "/usr/lib/python3.10/contextlib.py", line 142, in __exit__
Aug 13 05:12:17 ubuntu devstack@keystone.service[80603]: ERROR keystone.server.flask.application     next(self.gen)
Aug 13 05:12:17 ubuntu devstack@keystone.service[80603]: ERROR keystone.server.flask.application   File "/opt/stack/data/venv/lib/python3.10/site-packages/oslo_db/sqlalchemy/enginefacade.py", line 850, in _session
Aug 13 05:12:17 ubuntu devstack@keystone.service[80603]: ERROR keystone.server.flask.application     with excutils.save_and_reraise_exception():
Aug 13 05:12:17 ubuntu devstack@keystone.service[80603]: ERROR keystone.server.flask.application   File "/opt/stack/data/venv/lib/python3.10/site-packages/oslo_utils/excutils.py", line 227, in __exit__
Aug 13 05:12:17 ubuntu devstack@keystone.service[80603]: ERROR keystone.server.flask.application     self.force_reraise()
Aug 13 05:12:17 ubuntu devstack@keystone.service[80603]: ERROR keystone.server.flask.application   File "/opt/stack/data/venv/lib/python3.10/site-packages/oslo_utils/excutils.py", line 200, in force_reraise
Aug 13 05:12:17 ubuntu devstack@keystone.service[80603]: ERROR keystone.server.flask.application     raise self.value
Aug 13 05:12:17 ubuntu devstack@keystone.service[80603]: ERROR keystone.server.flask.application   File "/opt/stack/data/venv/lib/python3.10/site-packages/oslo_db/sqlalchemy/enginefacade.py", line 848, in _session
Aug 13 05:12:17 ubuntu devstack@keystone.service[80603]: ERROR keystone.server.flask.application     self._end_session_transaction(self.session)
