Dec 08 20:00:34 ubuntu devstack@keystone.service[81629]: WARNING keystone.common.password_hashing [None req-51797c4a-2ced-4bfa-a5f8-acc1ed20489a None None] Truncating password to algorithm specific maximum length 72 characters.
Dec 08 20:00:34 ubuntu devstack@keystone.service[81629]: DEBUG keystone.auth.core [None req-51797c4a-2ced-4bfa-a5f8-acc1ed20489a None None] MFA Rules not processed for user `6f4e5b8d2b8149a79b0f2979fa617554`. Rule list: `[]` (Enabled: `True`). {{(pid=81629) check_auth_methods_against_rules /opt/stack/keystone/keystone/auth/core.py:476}}
Dec 08 20:00:34 ubuntu devstack@keystone.service[81629]: DEBUG keystone.common.fernet_utils [None req-51797c4a-2ced-4bfa-a5f8-acc1ed20489a None None] Loaded 2 Fernet keys from /etc/keystone/fernet-keys/, but `[fernet_tokens] max_active_keys = 3`; perhaps there have not been enough key rotations to reach `max_active_keys` yet? {{(pid=81629) load_keys /opt/stack/keystone/keystone/common/fernet_utils.py:297}}
Dec 08 20:00:34 ubuntu devstack@keystone.service[81628]: WARNING keystone.common.password_hashing [None req-60a36011-cb94-4810-8b87-54b9fdb8f994 None None] Truncating password to algorithm specific maximum length 72 characters.
Dec 08 20:00:34 ubuntu devstack@keystone.service[81628]: DEBUG keystone.auth.core [None req-60a36011-cb94-4810-8b87-54b9fdb8f994 None None] MFA Rules not processed for user `6f4e5b8d2b8149a79b0f2979fa617554`. Rule list: `[]` (Enabled: `True`). {{(pid=81628) check_auth_methods_against_rules /opt/stack/keystone/keystone/auth/core.py:476}}
Dec 08 20:00:34 ubuntu devstack@keystone.service[81628]: DEBUG keystone.common.fernet_utils [None req-60a36011-cb94-4810-8b87-54b9fdb8f994 None None] Loaded 2 Fernet keys from /etc/keystone/fernet-keys/, but `[fernet_tokens] max_active_keys = 3`; perhaps there have not been enough key rotations to reach `max_active_keys` yet? {{(pid=81628) load_keys /opt/stack/keystone/keystone/common/fernet_utils.py:297}}
Dec 08 20:00:34 ubuntu devstack@keystone.service[81629]: [pid: 81629|app: 0|req: 11/24] 10.201.5.82 () {58 vars in 1016 bytes} [Mon Dec  8 20:00:34 2025] POST /identity/v3/auth/tokens => generated 862 bytes in 56 msecs (HTTP/1.1 201) 6 headers in 363 bytes (1 switches on core 0)
Dec 08 20:00:34 ubuntu devstack@keystone.service[81628]: [pid: 81628|app: 0|req: 14/25] 10.201.5.82 () {58 vars in 1016 bytes} [Mon Dec  8 20:00:34 2025] POST /identity/v3/auth/tokens => generated 862 bytes in 90 msecs (HTTP/1.1 201) 6 headers in 363 bytes (1 switches on core 0)
Dec 08 20:00:34 ubuntu devstack@keystone.service[81629]: DEBUG keystone.server.flask.request_processing.middleware.auth_context [None req-51797c4a-2ced-4bfa-a5f8-acc1ed20489a None None] Authenticating user token {{(pid=81629) process_request /opt/stack/data/venv/lib/python3.10/site-packages/keystonemiddleware/auth_token/__init__.py:407}}
Dec 08 20:00:34 ubuntu devstack@keystone.service[81629]: DEBUG keystone.server.flask.request_processing.middleware.auth_context [None req-51797c4a-2ced-4bfa-a5f8-acc1ed20489a None None] Validating token access rules against request {{(pid=81629) validate_allowed_request /opt/stack/data/venv/lib/python3.10/site-packages/keystonemiddleware/auth_token/__init__.py:545}}
Dec 08 20:00:34 ubuntu devstack@keystone.service[81629]: DEBUG keystone.server.flask.request_processing.middleware.auth_context [None req-ef57ba16-4817-42b4-a1ba-8006bf90050b None admin] RBAC: auth_context: {'token': <TokenModel (audit_id=L4dvWjDlRkmkduNRKtltmQ, audit_chain_id=['L4dvWjDlRkmkduNRKtltmQ']) at 0x7f1599226830>, 'domain_id': None, 'trust_id': None, 'trustor_id': None, 'trustee_id': None, 'domain_name': None, 'group_ids': [], 'user_id': '6f4e5b8d2b8149a79b0f2979fa617554', 'user_domain_id': 'default', 'system_scope': 'all', 'project_id': None, 'project_domain_id': None, 'roles': ['admin', 'manager', 'member', 'reader'], 'is_admin_project': True, 'service_user_id': None, 'service_user_domain_id': None, 'service_project_id': None, 'service_project_domain_id': None, 'service_roles': []} {{(pid=81629) fill_context /opt/stack/keystone/keystone/server/flask/request_processing/middleware/auth_context.py:509}}
Dec 08 20:00:34 ubuntu devstack@keystone.service[81629]: DEBUG keystone.server.flask.request_processing.req_logging [None req-ef57ba16-4817-42b4-a1ba-8006bf90050b None admin] REQUEST_METHOD: `GET` {{(pid=81629) log_request_info /opt/stack/keystone/keystone/server/flask/request_processing/req_logging.py:26}}
Dec 08 20:00:34 ubuntu devstack@keystone.service[81629]: DEBUG keystone.server.flask.request_processing.req_logging [None req-ef57ba16-4817-42b4-a1ba-8006bf90050b None admin] SCRIPT_NAME: `/identity` {{(pid=81629) log_request_info /opt/stack/keystone/keystone/server/flask/request_processing/req_logging.py:27}}
Dec 08 20:00:34 ubuntu devstack@keystone.service[81629]: DEBUG keystone.server.flask.request_processing.req_logging [None req-ef57ba16-4817-42b4-a1ba-8006bf90050b None admin] PATH_INFO: `/v3/roles/admin` {{(pid=81629) log_request_info /opt/stack/keystone/keystone/server/flask/request_processing/req_logging.py:28}}
Dec 08 20:00:34 ubuntu devstack@keystone.service[81629]: DEBUG keystone.common.rbac_enforcer.enforcer [None req-ef57ba16-4817-42b4-a1ba-8006bf90050b None admin] Extracting inferred target data resulted in "NOT FOUND (404)". {{(pid=81629) enforce_call /opt/stack/keystone/keystone/common/rbac_enforcer/enforcer.py:445}}
Dec 08 20:00:34 ubuntu devstack@keystone.service[81629]: DEBUG keystone.server.flask.application [None req-ef57ba16-4817-42b4-a1ba-8006bf90050b None admin] Could not find role: admin. {{(pid=81629) _handle_keystone_exception /opt/stack/keystone/keystone/server/flask/application.py:146}}
Dec 08 20:00:34 ubuntu devstack@keystone.service[81629]: [pid: 81629|app: 0|req: 12/26] 10.201.5.82 () {56 vars in 1132 bytes} [Mon Dec  8 20:00:34 2025] GET /identity/v3/roles/admin => generated 83 bytes in 68 msecs (HTTP/1.1 404) 5 headers in 183 bytes (1 switches on core 0)
Dec 08 20:00:34 ubuntu devstack@keystone.service[81628]: DEBUG keystone.server.flask.request_processing.middleware.auth_context [None req-60a36011-cb94-4810-8b87-54b9fdb8f994 None None] Authenticating user token {{(pid=81628) process_request /opt/stack/data/venv/lib/python3.10/site-packages/keystonemiddleware/auth_token/__init__.py:407}}
Dec 08 20:00:34 ubuntu devstack@keystone.service[81629]: DEBUG keystone.server.flask.request_processing.req_logging [None req-c4a9ebe8-a8ab-4c53-83b5-0240e3f9da5c None None] REQUEST_METHOD: `GET` {{(pid=81629) log_request_info /opt/stack/keystone/keystone/server/flask/request_processing/req_logging.py:26}}
Dec 08 20:00:34 ubuntu devstack@keystone.service[81629]: DEBUG keystone.server.flask.request_processing.req_logging [None req-c4a9ebe8-a8ab-4c53-83b5-0240e3f9da5c None None] SCRIPT_NAME: `/identity` {{(pid=81629) log_request_info /opt/stack/keystone/keystone/server/flask/request_processing/req_logging.py:27}}
Dec 08 20:00:34 ubuntu devstack@keystone.service[81629]: DEBUG keystone.server.flask.request_processing.req_logging [None req-c4a9ebe8-a8ab-4c53-83b5-0240e3f9da5c None None] PATH_INFO: `/` {{(pid=81629) log_request_info /opt/stack/keystone/keystone/server/flask/request_processing/req_logging.py:28}}
Dec 08 20:00:34 ubuntu devstack@keystone.service[81629]: [pid: 81629|app: 0|req: 13/27] 10.201.5.82 () {54 vars in 919 bytes} [Mon Dec  8 20:00:34 2025] GET /identity => generated 270 bytes in 2 msecs (HTTP/1.1 300) 6 headers in 234 bytes (1 switches on core 0)
Dec 08 20:00:34 ubuntu devstack@keystone.service[81628]: DEBUG keystone.server.flask.request_processing.middleware.auth_context [None req-60a36011-cb94-4810-8b87-54b9fdb8f994 None None] Validating token access rules against request {{(pid=81628) validate_allowed_request /opt/stack/data/venv/lib/python3.10/site-packages/keystonemiddleware/auth_token/__init__.py:545}}
Dec 08 20:00:34 ubuntu devstack@keystone.service[81629]: DEBUG keystone.server.flask.request_processing.req_logging [None req-513eb296-2bde-422d-a88d-5f1544f25bef None None] REQUEST_METHOD: `POST` {{(pid=81629) log_request_info /opt/stack/keystone/keystone/server/flask/request_processing/req_logging.py:26}}
Dec 08 20:00:34 ubuntu devstack@keystone.service[81629]: DEBUG keystone.server.flask.request_processing.req_logging [None req-513eb296-2bde-422d-a88d-5f1544f25bef None None] SCRIPT_NAME: `/identity` {{(pid=81629) log_request_info /opt/stack/keystone/keystone/server/flask/request_processing/req_logging.py:27}}
Dec 08 20:00:34 ubuntu devstack@keystone.service[81629]: DEBUG keystone.server.flask.request_processing.req_logging [None req-513eb296-2bde-422d-a88d-5f1544f25bef None None] PATH_INFO: `/v3/auth/tokens` {{(pid=81629) log_request_info /opt/stack/keystone/keystone/server/flask/request_processing/req_logging.py:28}}
Dec 08 20:00:34 ubuntu devstack@keystone.service[81629]: WARNING keystone.common.password_hashing [None req-513eb296-2bde-422d-a88d-5f1544f25bef None None] Truncating password to algorithm specific maximum length 72 characters.
Dec 08 20:00:34 ubuntu devstack@keystone.service[81629]: DEBUG keystone.auth.core [None req-513eb296-2bde-422d-a88d-5f1544f25bef None None] MFA Rules not processed for user `6f4e5b8d2b8149a79b0f2979fa617554`. Rule list: `[]` (Enabled: `True`). {{(pid=81629) check_auth_methods_against_rules /opt/stack/keystone/keystone/auth/core.py:476}}
Dec 08 20:00:34 ubuntu devstack@keystone.service[81629]: DEBUG keystone.common.fernet_utils [None req-513eb296-2bde-422d-a88d-5f1544f25bef None None] Loaded 2 Fernet keys from /etc/keystone/fernet-keys/, but `[fernet_tokens] max_active_keys = 3`; perhaps there have not been enough key rotations to reach `max_active_keys` yet? {{(pid=81629) load_keys /opt/stack/keystone/keystone/common/fernet_utils.py:297}}
Dec 08 20:00:34 ubuntu devstack@keystone.service[81628]: DEBUG keystone.server.flask.request_processing.middleware.auth_context [None req-7f9875c3-5627-4f53-887b-e064b8b5413d None admin] RBAC: auth_context: {'token': <TokenModel (audit_id=L4dvWjDlRkmkduNRKtltmQ, audit_chain_id=['L4dvWjDlRkmkduNRKtltmQ']) at 0x7f1599319990>, 'domain_id': None, 'trust_id': None, 'trustor_id': None, 'trustee_id': None, 'domain_name': None, 'group_ids': [], 'user_id': '6f4e5b8d2b8149a79b0f2979fa617554', 'user_domain_id': 'default', 'system_scope': 'all', 'project_id': None, 'project_domain_id': None, 'roles': ['admin', 'manager', 'member', 'reader'], 'is_admin_project': True, 'service_user_id': None, 'service_user_domain_id': None, 'service_project_id': None, 'service_project_domain_id': None, 'service_roles': []} {{(pid=81628) fill_context /opt/stack/keystone/keystone/server/flask/request_processing/middleware/auth_context.py:509}}
Dec 08 20:00:34 ubuntu devstack@keystone.service[81628]: DEBUG keystone.server.flask.request_processing.req_logging [None req-7f9875c3-5627-4f53-887b-e064b8b5413d None admin] REQUEST_METHOD: `GET` {{(pid=81628) log_request_info /opt/stack/keystone/keystone/server/flask/request_processing/req_logging.py:26}}
Dec 08 20:00:34 ubuntu devstack@keystone.service[81628]: DEBUG keystone.server.flask.request_processing.req_logging [None req-7f9875c3-5627-4f53-887b-e064b8b5413d None admin] SCRIPT_NAME: `/identity` {{(pid=81628) log_request_info /opt/stack/keystone/keystone/server/flask/request_processing/req_logging.py:27}}
Dec 08 20:00:34 ubuntu devstack@keystone.service[81628]: DEBUG keystone.server.flask.request_processing.req_logging [None req-7f9875c3-5627-4f53-887b-e064b8b5413d None admin] PATH_INFO: `/v3/roles` {{(pid=81628) log_request_info /opt/stack/keystone/keystone/server/flask/request_processing/req_logging.py:28}}
Dec 08 20:00:34 ubuntu devstack@keystone.service[81628]: DEBUG keystone.common.rbac_enforcer.enforcer [None req-7f9875c3-5627-4f53-887b-e064b8b5413d None admin] RBAC: Adding query filter params (name=admin) {{(pid=81628) _extract_filter_values /opt/stack/keystone/keystone/common/rbac_enforcer/enforcer.py:176}}
Dec 08 20:00:34 ubuntu devstack@keystone.service[81628]: DEBUG keystone.common.rbac_enforcer.enforcer [None req-7f9875c3-5627-4f53-887b-e064b8b5413d None admin] RBAC: Authorizing `identity:list_roles()` {{(pid=81628) enforce_call /opt/stack/keystone/keystone/common/rbac_enforcer/enforcer.py:494}}
Dec 08 20:00:34 ubuntu devstack@keystone.service[81628]: DEBUG keystone.common.rbac_enforcer.enforcer [None req-7f9875c3-5627-4f53-887b-e064b8b5413d None admin] RBAC: Authorization granted {{(pid=81628) enforce_call /opt/stack/keystone/keystone/common/rbac_enforcer/enforcer.py:505}}
Dec 08 20:00:34 ubuntu devstack@keystone.service[81628]: [pid: 81628|app: 0|req: 15/28] 10.201.5.82 () {56 vars in 1148 bytes} [Mon Dec  8 20:00:34 2025] GET /identity/v3/roles?name=admin => generated 339 bytes in 101 msecs (HTTP/1.1 200) 5 headers in 177 bytes (1 switches on core 0)
Dec 08 20:00:34 ubuntu devstack@keystone.service[81628]: DEBUG keystone.server.flask.request_processing.middleware.auth_context [None req-7f9875c3-5627-4f53-887b-e064b8b5413d None admin] Authenticating user token {{(pid=81628) process_request /opt/stack/data/venv/lib/python3.10/site-packages/keystonemiddleware/auth_token/__init__.py:407}}
Dec 08 20:00:34 ubuntu devstack@keystone.service[81629]: [pid: 81629|app: 0|req: 14/29] 10.201.5.82 () {58 vars in 1016 bytes} [Mon Dec  8 20:00:34 2025] POST /identity/v3/auth/tokens => generated 862 bytes in 79 msecs (HTTP/1.1 201) 6 headers in 363 bytes (1 switches on core 0)
Dec 08 20:00:34 ubuntu devstack@keystone.service[81629]: DEBUG keystone.server.flask.request_processing.middleware.auth_context [None req-513eb296-2bde-422d-a88d-5f1544f25bef None None] Authenticating user token {{(pid=81629) process_request /opt/stack/data/venv/lib/python3.10/site-packages/keystonemiddleware/auth_token/__init__.py:407}}
Dec 08 20:00:34 ubuntu devstack@keystone.service[81628]: DEBUG keystone.server.flask.request_processing.middleware.auth_context [None req-7f9875c3-5627-4f53-887b-e064b8b5413d None admin] Validating token access rules against request {{(pid=81628) validate_allowed_request /opt/stack/data/venv/lib/python3.10/site-packages/keystonemiddleware/auth_token/__init__.py:545}}
Dec 08 20:00:34 ubuntu devstack@keystone.service[81628]: DEBUG keystone.server.flask.request_processing.middleware.auth_context [None req-c7a9a177-0123-4120-8e9c-7ee4aad24a70 None admin] RBAC: auth_context: {'token': <TokenModel (audit_id=4f_eVOvYS1S9k68IBW9rGQ, audit_chain_id=['4f_eVOvYS1S9k68IBW9rGQ']) at 0x7f15993185b0>, 'domain_id': None, 'trust_id': None, 'trustor_id': None, 'trustee_id': None, 'domain_name': None, 'group_ids': [], 'user_id': '6f4e5b8d2b8149a79b0f2979fa617554', 'user_domain_id': 'default', 'system_scope': 'all', 'project_id': None, 'project_domain_id': None, 'roles': ['admin', 'manager', 'member', 'reader'], 'is_admin_project': True, 'service_user_id': None, 'service_user_domain_id': None, 'service_project_id': None, 'service_project_domain_id': None, 'service_roles': []} {{(pid=81628) fill_context /opt/stack/keystone/keystone/server/flask/request_processing/middleware/auth_context.py:509}}
Dec 08 20:00:34 ubuntu devstack@keystone.service[81629]: DEBUG keystone.server.flask.request_processing.middleware.auth_context [None req-513eb296-2bde-422d-a88d-5f1544f25bef None None] Validating token access rules against request {{(pid=81629) validate_allowed_request /opt/stack/data/venv/lib/python3.10/site-packages/keystonemiddleware/auth_token/__init__.py:545}}
Dec 08 20:00:34 ubuntu devstack@keystone.service[81628]: DEBUG keystone.server.flask.request_processing.req_logging [None req-c7a9a177-0123-4120-8e9c-7ee4aad24a70 None admin] REQUEST_METHOD: `GET` {{(pid=81628) log_request_info /opt/stack/keystone/keystone/server/flask/request_processing/req_logging.py:26}}
Dec 08 20:00:34 ubuntu devstack@keystone.service[81628]: DEBUG keystone.server.flask.request_processing.req_logging [None req-c7a9a177-0123-4120-8e9c-7ee4aad24a70 None admin] SCRIPT_NAME: `/identity` {{(pid=81628) log_request_info /opt/stack/keystone/keystone/server/flask/request_processing/req_logging.py:27}}
Dec 08 20:00:34 ubuntu devstack@keystone.service[81628]: DEBUG keystone.server.flask.request_processing.req_logging [None req-c7a9a177-0123-4120-8e9c-7ee4aad24a70 None admin] PATH_INFO: `/v3/domains/Default` {{(pid=81628) log_request_info /opt/stack/keystone/keystone/server/flask/request_processing/req_logging.py:28}}
Dec 08 20:00:34 ubuntu devstack@keystone.service[81628]: DEBUG keystone.common.rbac_enforcer.enforcer [None req-c7a9a177-0123-4120-8e9c-7ee4aad24a70 None admin] RBAC: Authorizing `identity:get_domain(domain_id=Default)` {{(pid=81628) enforce_call /opt/stack/keystone/keystone/common/rbac_enforcer/enforcer.py:494}}
Dec 08 20:00:34 ubuntu devstack@keystone.service[81628]: DEBUG keystone.common.rbac_enforcer.enforcer [None req-c7a9a177-0123-4120-8e9c-7ee4aad24a70 None admin] RBAC: Authorization granted {{(pid=81628) enforce_call /opt/stack/keystone/keystone/common/rbac_enforcer/enforcer.py:505}}
Dec 08 20:00:34 ubuntu devstack@keystone.service[81628]: DEBUG keystone.server.flask.application [None req-c7a9a177-0123-4120-8e9c-7ee4aad24a70 None admin] Could not find domain: Default. {{(pid=81628) _handle_keystone_exception /opt/stack/keystone/keystone/server/flask/application.py:146}}
Dec 08 20:00:34 ubuntu devstack@keystone.service[81628]: [pid: 81628|app: 0|req: 16/30] 10.201.5.82 () {56 vars in 1100 bytes} [Mon Dec  8 20:00:34 2025] GET /identity/v3/domains/Default => generated 87 bytes in 90 msecs (HTTP/1.1 404) 5 headers in 183 bytes (1 switches on core 0)
Dec 08 20:00:34 ubuntu devstack@keystone.service[81628]: DEBUG keystone.server.flask.request_processing.middleware.auth_context [None req-c7a9a177-0123-4120-8e9c-7ee4aad24a70 None admin] Authenticating user token {{(pid=81628) process_request /opt/stack/data/venv/lib/python3.10/site-packages/keystonemiddleware/auth_token/__init__.py:407}}
Dec 08 20:00:34 ubuntu devstack@keystone.service[81629]: DEBUG keystone.server.flask.request_processing.middleware.auth_context [None req-6c9253dd-f123-4a9e-ba67-ca3b012b9f41 None admin] RBAC: auth_context: {'token': <TokenModel (audit_id=L4dvWjDlRkmkduNRKtltmQ, audit_chain_id=['L4dvWjDlRkmkduNRKtltmQ']) at 0x7f1598ef0940>, 'domain_id': None, 'trust_id': None, 'trustor_id': None, 'trustee_id': None, 'domain_name': None, 'group_ids': [], 'user_id': '6f4e5b8d2b8149a79b0f2979fa617554', 'user_domain_id': 'default', 'system_scope': 'all', 'project_id': None, 'project_domain_id': None, 'roles': ['admin', 'manager', 'member', 'reader'], 'is_admin_project': True, 'service_user_id': None, 'service_user_domain_id': None, 'service_project_id': None, 'service_project_domain_id': None, 'service_roles': []} {{(pid=81629) fill_context /opt/stack/keystone/keystone/server/flask/request_processing/middleware/auth_context.py:509}}
Dec 08 20:00:34 ubuntu devstack@keystone.service[81629]: DEBUG keystone.server.flask.request_processing.req_logging [None req-6c9253dd-f123-4a9e-ba67-ca3b012b9f41 None admin] REQUEST_METHOD: `GET` {{(pid=81629) log_request_info /opt/stack/keystone/keystone/server/flask/request_processing/req_logging.py:26}}
Dec 08 20:00:34 ubuntu devstack@keystone.service[81629]: DEBUG keystone.server.flask.request_processing.req_logging [None req-6c9253dd-f123-4a9e-ba67-ca3b012b9f41 None admin] SCRIPT_NAME: `/identity` {{(pid=81629) log_request_info /opt/stack/keystone/keystone/server/flask/request_processing/req_logging.py:27}}
Dec 08 20:00:34 ubuntu devstack@keystone.service[81629]: DEBUG keystone.server.flask.request_processing.req_logging [None req-6c9253dd-f123-4a9e-ba67-ca3b012b9f41 None admin] PATH_INFO: `/v3/users/6f4e5b8d2b8149a79b0f2979fa617554` {{(pid=81629) log_request_info /opt/stack/keystone/keystone/server/flask/request_processing/req_logging.py:28}}
Dec 08 20:00:34 ubuntu devstack@keystone.service[81629]: DEBUG keystone.common.rbac_enforcer.enforcer [None req-6c9253dd-f123-4a9e-ba67-ca3b012b9f41 None admin] RBAC: Authorizing `identity:get_user(user_id=6f4e5b8d2b8149a79b0f2979fa617554)` {{(pid=81629) enforce_call /opt/stack/keystone/keystone/common/rbac_enforcer/enforcer.py:494}}
Dec 08 20:00:34 ubuntu devstack@keystone.service[81629]: DEBUG keystone.common.rbac_enforcer.enforcer [None req-6c9253dd-f123-4a9e-ba67-ca3b012b9f41 None admin] RBAC: Authorization granted {{(pid=81629) enforce_call /opt/stack/keystone/keystone/common/rbac_enforcer/enforcer.py:505}}
Dec 08 20:00:34 ubuntu devstack@keystone.service[81629]: [pid: 81629|app: 0|req: 15/31] 10.201.5.82 () {56 vars in 1213 bytes} [Mon Dec  8 20:00:34 2025] GET /identity/v3/users/6f4e5b8d2b8149a79b0f2979fa617554 => generated 247 bytes in 62 msecs (HTTP/1.1 200) 5 headers in 177 bytes (1 switches on core 0)
Dec 08 20:00:34 ubuntu devstack@keystone.service[81629]: DEBUG keystone.server.flask.request_processing.middleware.auth_context [None req-6c9253dd-f123-4a9e-ba67-ca3b012b9f41 None admin] Authenticating user token {{(pid=81629) process_request /opt/stack/data/venv/lib/python3.10/site-packages/keystonemiddleware/auth_token/__init__.py:407}}
Dec 08 20:00:34 ubuntu devstack@keystone.service[81628]: DEBUG keystone.server.flask.request_processing.middleware.auth_context [None req-c7a9a177-0123-4120-8e9c-7ee4aad24a70 None admin] Validating token access rules against request {{(pid=81628) validate_allowed_request /opt/stack/data/venv/lib/python3.10/site-packages/keystonemiddleware/auth_token/__init__.py:545}}
Dec 08 20:00:34 ubuntu devstack@keystone.service[81629]: DEBUG keystone.server.flask.request_processing.middleware.auth_context [None req-6c9253dd-f123-4a9e-ba67-ca3b012b9f41 None admin] Validating token access rules against request {{(pid=81629) validate_allowed_request /opt/stack/data/venv/lib/python3.10/site-packages/keystonemiddleware/auth_token/__init__.py:545}}
Dec 08 20:00:34 ubuntu devstack@keystone.service[81628]: DEBUG keystone.server.flask.request_processing.middleware.auth_context [None req-cb7aa855-3759-461d-9060-1c37c0062a18 None admin] RBAC: auth_context: {'token': <TokenModel (audit_id=4f_eVOvYS1S9k68IBW9rGQ, audit_chain_id=['4f_eVOvYS1S9k68IBW9rGQ']) at 0x7f1599035ea0>, 'domain_id': None, 'trust_id': None, 'trustor_id': None, 'trustee_id': None, 'domain_name': None, 'group_ids': [], 'user_id': '6f4e5b8d2b8149a79b0f2979fa617554', 'user_domain_id': 'default', 'system_scope': 'all', 'project_id': None, 'project_domain_id': None, 'roles': ['admin', 'manager', 'member', 'reader'], 'is_admin_project': True, 'service_user_id': None, 'service_user_domain_id': None, 'service_project_id': None, 'service_project_domain_id': None, 'service_roles': []} {{(pid=81628) fill_context /opt/stack/keystone/keystone/server/flask/request_processing/middleware/auth_context.py:509}}
Dec 08 20:00:34 ubuntu devstack@keystone.service[81628]: DEBUG keystone.server.flask.request_processing.req_logging [None req-cb7aa855-3759-461d-9060-1c37c0062a18 None admin] REQUEST_METHOD: `GET` {{(pid=81628) log_request_info /opt/stack/keystone/keystone/server/flask/request_processing/req_logging.py:26}}
Dec 08 20:00:34 ubuntu devstack@keystone.service[81628]: DEBUG keystone.server.flask.request_processing.req_logging [None req-cb7aa855-3759-461d-9060-1c37c0062a18 None admin] SCRIPT_NAME: `/identity` {{(pid=81628) log_request_info /opt/stack/keystone/keystone/server/flask/request_processing/req_logging.py:27}}
Dec 08 20:00:34 ubuntu devstack@keystone.service[81628]: DEBUG keystone.server.flask.request_processing.req_logging [None req-cb7aa855-3759-461d-9060-1c37c0062a18 None admin] PATH_INFO: `/v3/domains` {{(pid=81628) log_request_info /opt/stack/keystone/keystone/server/flask/request_processing/req_logging.py:28}}
Dec 08 20:00:34 ubuntu devstack@keystone.service[81628]: DEBUG keystone.common.rbac_enforcer.enforcer [None req-cb7aa855-3759-461d-9060-1c37c0062a18 None admin] RBAC: Adding query filter params (name=Default) {{(pid=81628) _extract_filter_values /opt/stack/keystone/keystone/common/rbac_enforcer/enforcer.py:176}}
Dec 08 20:00:34 ubuntu devstack@keystone.service[81628]: DEBUG keystone.common.rbac_enforcer.enforcer [None req-cb7aa855-3759-461d-9060-1c37c0062a18 None admin] RBAC: Authorizing `identity:list_domains()` {{(pid=81628) enforce_call /opt/stack/keystone/keystone/common/rbac_enforcer/enforcer.py:494}}
Dec 08 20:00:34 ubuntu devstack@keystone.service[81628]: DEBUG keystone.common.rbac_enforcer.enforcer [None req-cb7aa855-3759-461d-9060-1c37c0062a18 None admin] RBAC: Authorization granted {{(pid=81628) enforce_call /opt/stack/keystone/keystone/common/rbac_enforcer/enforcer.py:505}}
Dec 08 20:00:34 ubuntu devstack@keystone.service[81629]: DEBUG keystone.server.flask.request_processing.middleware.auth_context [None req-8fda51bc-955c-4d22-bb7a-900c5306bc06 None admin] RBAC: auth_context: {'token': <TokenModel (audit_id=L4dvWjDlRkmkduNRKtltmQ, audit_chain_id=['L4dvWjDlRkmkduNRKtltmQ']) at 0x7f1598ef0850>, 'domain_id': None, 'trust_id': None, 'trustor_id': None, 'trustee_id': None, 'domain_name': None, 'group_ids': [], 'user_id': '6f4e5b8d2b8149a79b0f2979fa617554', 'user_domain_id': 'default', 'system_scope': 'all', 'project_id': None, 'project_domain_id': None, 'roles': ['admin', 'manager', 'member', 'reader'], 'is_admin_project': True, 'service_user_id': None, 'service_user_domain_id': None, 'service_project_id': None, 'service_project_domain_id': None, 'service_roles': []} {{(pid=81629) fill_context /opt/stack/keystone/keystone/server/flask/request_processing/middleware/auth_context.py:509}}
Dec 08 20:00:34 ubuntu devstack@keystone.service[81629]: DEBUG keystone.server.flask.request_processing.req_logging [None req-8fda51bc-955c-4d22-bb7a-900c5306bc06 None admin] REQUEST_METHOD: `GET` {{(pid=81629) log_request_info /opt/stack/keystone/keystone/server/flask/request_processing/req_logging.py:26}}
Dec 08 20:00:34 ubuntu devstack@keystone.service[81629]: DEBUG keystone.server.flask.request_processing.req_logging [None req-8fda51bc-955c-4d22-bb7a-900c5306bc06 None admin] SCRIPT_NAME: `/identity` {{(pid=81629) log_request_info /opt/stack/keystone/keystone/server/flask/request_processing/req_logging.py:27}}
Dec 08 20:00:34 ubuntu devstack@keystone.service[81629]: DEBUG keystone.server.flask.request_processing.req_logging [None req-8fda51bc-955c-4d22-bb7a-900c5306bc06 None admin] PATH_INFO: `/v3/domains/default` {{(pid=81629) log_request_info /opt/stack/keystone/keystone/server/flask/request_processing/req_logging.py:28}}
Dec 08 20:00:34 ubuntu devstack@keystone.service[81629]: DEBUG keystone.common.rbac_enforcer.enforcer [None req-8fda51bc-955c-4d22-bb7a-900c5306bc06 None admin] RBAC: Authorizing `identity:get_domain(domain_id=default)` {{(pid=81629) enforce_call /opt/stack/keystone/keystone/common/rbac_enforcer/enforcer.py:494}}
Dec 08 20:00:34 ubuntu devstack@keystone.service[81628]: [pid: 81628|app: 0|req: 17/32] 10.201.5.82 () {56 vars in 1101 bytes} [Mon Dec  8 20:00:34 2025] GET /identity/v3/domains?name=Default => generated 308 bytes in 72 msecs (HTTP/1.1 200) 5 headers in 177 bytes (1 switches on core 0)
Dec 08 20:00:34 ubuntu devstack@keystone.service[81629]: DEBUG keystone.common.rbac_enforcer.enforcer [None req-8fda51bc-955c-4d22-bb7a-900c5306bc06 None admin] RBAC: Authorization granted {{(pid=81629) enforce_call /opt/stack/keystone/keystone/common/rbac_enforcer/enforcer.py:505}}
Dec 08 20:00:34 ubuntu devstack@keystone.service[81628]: DEBUG keystone.server.flask.request_processing.req_logging [None req-d8c28db6-d50f-4752-ab98-f3b13015f387 None None] REQUEST_METHOD: `GET` {{(pid=81628) log_request_info /opt/stack/keystone/keystone/server/flask/request_processing/req_logging.py:26}}
Dec 08 20:00:34 ubuntu devstack@keystone.service[81628]: DEBUG keystone.server.flask.request_processing.req_logging [None req-d8c28db6-d50f-4752-ab98-f3b13015f387 None None] SCRIPT_NAME: `/identity` {{(pid=81628) log_request_info /opt/stack/keystone/keystone/server/flask/request_processing/req_logging.py:27}}
Dec 08 20:00:34 ubuntu devstack@keystone.service[81628]: DEBUG keystone.server.flask.request_processing.req_logging [None req-d8c28db6-d50f-4752-ab98-f3b13015f387 None None] PATH_INFO: `/` {{(pid=81628) log_request_info /opt/stack/keystone/keystone/server/flask/request_processing/req_logging.py:28}}
Dec 08 20:00:34 ubuntu devstack@keystone.service[81629]: [pid: 81629|app: 0|req: 16/33] 10.201.5.82 () {56 vars in 1144 bytes} [Mon Dec  8 20:00:34 2025] GET /identity/v3/domains/default => generated 199 bytes in 63 msecs (HTTP/1.1 200) 5 headers in 177 bytes (1 switches on core 0)
Dec 08 20:00:34 ubuntu devstack@keystone.service[81628]: [pid: 81628|app: 0|req: 18/34] 10.201.5.82 () {54 vars in 919 bytes} [Mon Dec  8 20:00:34 2025] GET /identity => generated 270 bytes in 2 msecs (HTTP/1.1 300) 6 headers in 234 bytes (1 switches on core 0)
Dec 08 20:00:34 ubuntu devstack@keystone.service[81628]: DEBUG keystone.server.flask.request_processing.middleware.auth_context [None req-d8c28db6-d50f-4752-ab98-f3b13015f387 None None] Authenticating user token {{(pid=81628) process_request /opt/stack/data/venv/lib/python3.10/site-packages/keystonemiddleware/auth_token/__init__.py:407}}
Dec 08 20:00:34 ubuntu devstack@keystone.service[81629]: DEBUG keystone.server.flask.request_processing.req_logging [None req-5f9d7bad-10c7-4d9f-80a7-3bf6480a419e None None] REQUEST_METHOD: `POST` {{(pid=81629) log_request_info /opt/stack/keystone/keystone/server/flask/request_processing/req_logging.py:26}}
Dec 08 20:00:34 ubuntu devstack@keystone.service[81629]: DEBUG keystone.server.flask.request_processing.req_logging [None req-5f9d7bad-10c7-4d9f-80a7-3bf6480a419e None None] SCRIPT_NAME: `/identity` {{(pid=81629) log_request_info /opt/stack/keystone/keystone/server/flask/request_processing/req_logging.py:27}}
Dec 08 20:00:34 ubuntu devstack@keystone.service[81629]: DEBUG keystone.server.flask.request_processing.req_logging [None req-5f9d7bad-10c7-4d9f-80a7-3bf6480a419e None None] PATH_INFO: `/v3/auth/tokens` {{(pid=81629) log_request_info /opt/stack/keystone/keystone/server/flask/request_processing/req_logging.py:28}}
Dec 08 20:00:34 ubuntu devstack@keystone.service[81629]: WARNING keystone.common.password_hashing [None req-5f9d7bad-10c7-4d9f-80a7-3bf6480a419e None None] Truncating password to algorithm specific maximum length 72 characters.
Dec 08 20:00:34 ubuntu devstack@keystone.service[81629]: DEBUG keystone.auth.core [None req-5f9d7bad-10c7-4d9f-80a7-3bf6480a419e None None] MFA Rules not processed for user `6f4e5b8d2b8149a79b0f2979fa617554`. Rule list: `[]` (Enabled: `True`). {{(pid=81629) check_auth_methods_against_rules /opt/stack/keystone/keystone/auth/core.py:476}}
Dec 08 20:00:34 ubuntu devstack@keystone.service[81629]: DEBUG keystone.common.fernet_utils [None req-5f9d7bad-10c7-4d9f-80a7-3bf6480a419e None None] Loaded 2 Fernet keys from /etc/keystone/fernet-keys/, but `[fernet_tokens] max_active_keys = 3`; perhaps there have not been enough key rotations to reach `max_active_keys` yet? {{(pid=81629) load_keys /opt/stack/keystone/keystone/common/fernet_utils.py:297}}
Dec 08 20:00:34 ubuntu devstack@keystone.service[81628]: DEBUG keystone.server.flask.request_processing.middleware.auth_context [None req-d8c28db6-d50f-4752-ab98-f3b13015f387 None None] Validating token access rules against request {{(pid=81628) validate_allowed_request /opt/stack/data/venv/lib/python3.10/site-packages/keystonemiddleware/auth_token/__init__.py:545}}
Dec 08 20:00:34 ubuntu devstack@keystone.service[81628]: DEBUG keystone.server.flask.request_processing.middleware.auth_context [None req-6a750226-d694-4587-ba10-65d66dc555b8 None admin] RBAC: auth_context: {'token': <TokenModel (audit_id=L4dvWjDlRkmkduNRKtltmQ, audit_chain_id=['L4dvWjDlRkmkduNRKtltmQ']) at 0x7f159931a530>, 'domain_id': None, 'trust_id': None, 'trustor_id': None, 'trustee_id': None, 'domain_name': None, 'group_ids': [], 'user_id': '6f4e5b8d2b8149a79b0f2979fa617554', 'user_domain_id': 'default', 'system_scope': 'all', 'project_id': None, 'project_domain_id': None, 'roles': ['admin', 'manager', 'member', 'reader'], 'is_admin_project': True, 'service_user_id': None, 'service_user_domain_id': None, 'service_project_id': None, 'service_project_domain_id': None, 'service_roles': []} {{(pid=81628) fill_context /opt/stack/keystone/keystone/server/flask/request_processing/middleware/auth_context.py:509}}
Dec 08 20:00:34 ubuntu devstack@keystone.service[81628]: DEBUG keystone.server.flask.request_processing.req_logging [None req-6a750226-d694-4587-ba10-65d66dc555b8 None admin] REQUEST_METHOD: `GET` {{(pid=81628) log_request_info /opt/stack/keystone/keystone/server/flask/request_processing/req_logging.py:26}}
Dec 08 20:00:34 ubuntu devstack@keystone.service[81628]: DEBUG keystone.server.flask.request_processing.req_logging [None req-6a750226-d694-4587-ba10-65d66dc555b8 None admin] SCRIPT_NAME: `/identity` {{(pid=81628) log_request_info /opt/stack/keystone/keystone/server/flask/request_processing/req_logging.py:27}}
Dec 08 20:00:34 ubuntu devstack@keystone.service[81629]: [pid: 81629|app: 0|req: 17/35] 10.201.5.82 () {58 vars in 1016 bytes} [Mon Dec  8 20:00:34 2025] POST /identity/v3/auth/tokens => generated 862 bytes in 58 msecs (HTTP/1.1 201) 6 headers in 363 bytes (1 switches on core 0)
Dec 08 20:00:34 ubuntu devstack@keystone.service[81629]: DEBUG keystone.server.flask.request_processing.middleware.auth_context [None req-5f9d7bad-10c7-4d9f-80a7-3bf6480a419e None None] Authenticating user token {{(pid=81629) process_request /opt/stack/data/venv/lib/python3.10/site-packages/keystonemiddleware/auth_token/__init__.py:407}}
Dec 08 20:00:34 ubuntu devstack@keystone.service[81628]: DEBUG keystone.server.flask.request_processing.req_logging [None req-6a750226-d694-4587-ba10-65d66dc555b8 None admin] PATH_INFO: `/v3/role_assignments` {{(pid=81628) log_request_info /opt/stack/keystone/keystone/server/flask/request_processing/req_logging.py:28}}
Dec 08 20:00:34 ubuntu devstack@keystone.service[81628]: DEBUG keystone.common.rbac_enforcer.enforcer [None req-6a750226-d694-4587-ba10-65d66dc555b8 None admin] RBAC: Adding query filter params (role.id=6d0e454d33a8439882aff724994d07b2, scope.domain.id=default, user.id=6f4e5b8d2b8149a79b0f2979fa617554) {{(pid=81628) _extract_filter_values /opt/stack/keystone/keystone/common/rbac_enforcer/enforcer.py:176}}
Dec 08 20:00:34 ubuntu devstack@keystone.service[81628]: DEBUG keystone.common.rbac_enforcer.enforcer [None req-6a750226-d694-4587-ba10-65d66dc555b8 None admin] RBAC: Authorizing `identity:list_role_assignments()` {{(pid=81628) enforce_call /opt/stack/keystone/keystone/common/rbac_enforcer/enforcer.py:494}}
Dec 08 20:00:34 ubuntu devstack@keystone.service[81628]: DEBUG keystone.common.rbac_enforcer.enforcer [None req-6a750226-d694-4587-ba10-65d66dc555b8 None admin] RBAC: Authorization granted {{(pid=81628) enforce_call /opt/stack/keystone/keystone/common/rbac_enforcer/enforcer.py:505}}
Dec 08 20:00:34 ubuntu devstack@keystone.service[81628]: [pid: 81628|app: 0|req: 19/36] 10.201.5.82 () {56 vars in 1371 bytes} [Mon Dec  8 20:00:34 2025] GET /identity/v3/role_assignments?role.id=6d0e454d33a8439882aff724994d07b2&scope.domain.id=default&user.id=6f4e5b8d2b8149a79b0f2979fa617554 => generated 530 bytes in 75 msecs (HTTP/1.1 200) 5 headers in 177 bytes (1 switches on core 0)
Dec 08 20:00:34 ubuntu devstack@keystone.service[81628]: DEBUG keystone.server.flask.request_processing.middleware.auth_context [None req-6a750226-d694-4587-ba10-65d66dc555b8 None admin] Authenticating user token {{(pid=81628) process_request /opt/stack/data/venv/lib/python3.10/site-packages/keystonemiddleware/auth_token/__init__.py:407}}
Dec 08 20:00:34 ubuntu devstack@keystone.service[81628]: DEBUG keystone.server.flask.request_processing.middleware.auth_context [None req-6a750226-d694-4587-ba10-65d66dc555b8 None admin] Validating token access rules against request {{(pid=81628) validate_allowed_request /opt/stack/data/venv/lib/python3.10/site-packages/keystonemiddleware/auth_token/__init__.py:545}}
Dec 08 20:00:34 ubuntu devstack@keystone.service[81628]: DEBUG keystone.server.flask.request_processing.middleware.auth_context [None req-5af45eed-d89f-48e0-bdab-7f712fd83d99 None admin] RBAC: auth_context: {'token': <TokenModel (audit_id=Czt34JSdR6qfFdbD77oi1Q, audit_chain_id=['Czt34JSdR6qfFdbD77oi1Q']) at 0x7f1599347b80>, 'domain_id': None, 'trust_id': None, 'trustor_id': None, 'trustee_id': None, 'domain_name': None, 'group_ids': [], 'user_id': '6f4e5b8d2b8149a79b0f2979fa617554', 'user_domain_id': 'default', 'system_scope': 'all', 'project_id': None, 'project_domain_id': None, 'roles': ['admin', 'manager', 'member', 'reader'], 'is_admin_project': True, 'service_user_id': None, 'service_user_domain_id': None, 'service_project_id': None, 'service_project_domain_id': None, 'service_roles': []} {{(pid=81628) fill_context /opt/stack/keystone/keystone/server/flask/request_processing/middleware/auth_context.py:509}}
Dec 08 20:00:34 ubuntu devstack@keystone.service[81628]: DEBUG keystone.server.flask.request_processing.req_logging [None req-5af45eed-d89f-48e0-bdab-7f712fd83d99 None admin] REQUEST_METHOD: `POST` {{(pid=81628) log_request_info /opt/stack/keystone/keystone/server/flask/request_processing/req_logging.py:26}}
Dec 08 20:00:34 ubuntu devstack@keystone.service[81628]: DEBUG keystone.server.flask.request_processing.req_logging [None req-5af45eed-d89f-48e0-bdab-7f712fd83d99 None admin] SCRIPT_NAME: `/identity` {{(pid=81628) log_request_info /opt/stack/keystone/keystone/server/flask/request_processing/req_logging.py:27}}
Dec 08 20:00:34 ubuntu devstack@keystone.service[81628]: DEBUG keystone.server.flask.request_processing.req_logging [None req-5af45eed-d89f-48e0-bdab-7f712fd83d99 None admin] PATH_INFO: `/v3/roles` {{(pid=81628) log_request_info /opt/stack/keystone/keystone/server/flask/request_processing/req_logging.py:28}}
Dec 08 20:00:34 ubuntu devstack@keystone.service[81628]: DEBUG keystone.common.rbac_enforcer.enforcer [None req-5af45eed-d89f-48e0-bdab-7f712fd83d99 None admin] RBAC: Authorizing `identity:create_role()` {{(pid=81628) enforce_call /opt/stack/keystone/keystone/common/rbac_enforcer/enforcer.py:494}}
Dec 08 20:00:34 ubuntu devstack@keystone.service[81628]: DEBUG keystone.common.rbac_enforcer.enforcer [None req-5af45eed-d89f-48e0-bdab-7f712fd83d99 None admin] RBAC: Authorization granted {{(pid=81628) enforce_call /opt/stack/keystone/keystone/common/rbac_enforcer/enforcer.py:505}}
Dec 08 20:00:34 ubuntu devstack@keystone.service[81629]: DEBUG keystone.server.flask.request_processing.middleware.auth_context [None req-5f9d7bad-10c7-4d9f-80a7-3bf6480a419e None None] Validating token access rules against request {{(pid=81629) validate_allowed_request /opt/stack/data/venv/lib/python3.10/site-packages/keystonemiddleware/auth_token/__init__.py:545}}
Dec 08 20:00:34 ubuntu devstack@keystone.service[81628]: DEBUG keystone.common.sql.core [None req-5af45eed-d89f-48e0-bdab-7f712fd83d99 None admin] Conflict role: (pymysql.err.IntegrityError) (1062, "Duplicate entry 'service-<<null>>' for key 'role.ixu_role_name_domain_id'")
Dec 08 20:00:34 ubuntu devstack@keystone.service[81628]: [SQL: INSERT INTO `role` (id, name, description, extra) VALUES (%(id)s, %(name)s, %(description)s, %(extra)s)]
Dec 08 20:00:34 ubuntu devstack@keystone.service[81628]: [parameters: {'id': '040d305b295b4ab7b881a44afa7d2e84', 'name': 'service', 'description': None, 'extra': '{}'}]
Dec 08 20:00:34 ubuntu devstack@keystone.service[81628]: (Background on this error at: https://sqlalche.me/e/20/gkpj) {{(pid=81628) wrapper /opt/stack/keystone/keystone/common/sql/core.py:580}}
Dec 08 20:00:34 ubuntu devstack@keystone.service[81628]: ERROR keystone.server.flask.application [None req-5af45eed-d89f-48e0-bdab-7f712fd83d99 None admin] Conflict occurred attempting to store role - Duplicate entry found with name service.: keystone.exception.Conflict: Conflict occurred attempting to store role - Duplicate entry found with name service.
Dec 08 20:00:34 ubuntu devstack@keystone.service[81628]: ERROR keystone.server.flask.application Traceback (most recent call last):
Dec 08 20:00:34 ubuntu devstack@keystone.service[81628]: ERROR keystone.server.flask.application   File "/opt/stack/data/venv/lib/python3.10/site-packages/sqlalchemy/engine/base.py", line 1967, in _exec_single_context
Dec 08 20:00:34 ubuntu devstack@keystone.service[81628]: ERROR keystone.server.flask.application     self.dialect.do_execute(
Dec 08 20:00:34 ubuntu devstack@keystone.service[81628]: ERROR keystone.server.flask.application   File "/opt/stack/data/venv/lib/python3.10/site-packages/sqlalchemy/engine/default.py", line 951, in do_execute
Dec 08 20:00:34 ubuntu devstack@keystone.service[81628]: ERROR keystone.server.flask.application     cursor.execute(statement, parameters)
Dec 08 20:00:34 ubuntu devstack@keystone.service[81628]: ERROR keystone.server.flask.application   File "/opt/stack/data/venv/lib/python3.10/site-packages/pymysql/cursors.py", line 153, in execute
Dec 08 20:00:34 ubuntu devstack@keystone.service[81628]: ERROR keystone.server.flask.application     result = self._query(query)
Dec 08 20:00:34 ubuntu devstack@keystone.service[81628]: ERROR keystone.server.flask.application   File "/opt/stack/data/venv/lib/python3.10/site-packages/pymysql/cursors.py", line 322, in _query
Dec 08 20:00:34 ubuntu devstack@keystone.service[81628]: ERROR keystone.server.flask.application     conn.query(q)
Dec 08 20:00:34 ubuntu devstack@keystone.service[81628]: ERROR keystone.server.flask.application   File "/opt/stack/data/venv/lib/python3.10/site-packages/pymysql/connections.py", line 575, in query
Dec 08 20:00:34 ubuntu devstack@keystone.service[81628]: ERROR keystone.server.flask.application     self._affected_rows = self._read_query_result(unbuffered=unbuffered)
Dec 08 20:00:34 ubuntu devstack@keystone.service[81628]: ERROR keystone.server.flask.application   File "/opt/stack/data/venv/lib/python3.10/site-packages/pymysql/connections.py", line 826, in _read_query_result
Dec 08 20:00:34 ubuntu devstack@keystone.service[81628]: ERROR keystone.server.flask.application     result.read()
Dec 08 20:00:34 ubuntu devstack@keystone.service[81628]: ERROR keystone.server.flask.application   File "/opt/stack/data/venv/lib/python3.10/site-packages/pymysql/connections.py", line 1203, in read
Dec 08 20:00:34 ubuntu devstack@keystone.service[81628]: ERROR keystone.server.flask.application     first_packet = self.connection._read_packet()
Dec 08 20:00:34 ubuntu devstack@keystone.service[81628]: ERROR keystone.server.flask.application   File "/opt/stack/data/venv/lib/python3.10/site-packages/pymysql/connections.py", line 782, in _read_packet
Dec 08 20:00:34 ubuntu devstack@keystone.service[81628]: ERROR keystone.server.flask.application     packet.raise_for_error()
Dec 08 20:00:34 ubuntu devstack@keystone.service[81628]: ERROR keystone.server.flask.application   File "/opt/stack/data/venv/lib/python3.10/site-packages/pymysql/protocol.py", line 219, in raise_for_error
Dec 08 20:00:34 ubuntu devstack@keystone.service[81628]: ERROR keystone.server.flask.application     err.raise_mysql_exception(self._data)
Dec 08 20:00:34 ubuntu devstack@keystone.service[81628]: ERROR keystone.server.flask.application   File "/opt/stack/data/venv/lib/python3.10/site-packages/pymysql/err.py", line 150, in raise_mysql_exception
Dec 08 20:00:34 ubuntu devstack@keystone.service[81628]: ERROR keystone.server.flask.application     raise errorclass(errno, errval)
Dec 08 20:00:34 ubuntu devstack@keystone.service[81628]: ERROR keystone.server.flask.application pymysql.err.IntegrityError: (1062, "Duplicate entry 'service-<<null>>' for key 'role.ixu_role_name_domain_id'")
Dec 08 20:00:34 ubuntu devstack@keystone.service[81628]: ERROR keystone.server.flask.application 
Dec 08 20:00:34 ubuntu devstack@keystone.service[81628]: ERROR keystone.server.flask.application The above exception was the direct cause of the following exception:
Dec 08 20:00:34 ubuntu devstack@keystone.service[81628]: ERROR keystone.server.flask.application 
Dec 08 20:00:34 ubuntu devstack@keystone.service[81628]: ERROR keystone.server.flask.application Traceback (most recent call last):
Dec 08 20:00:34 ubuntu devstack@keystone.service[81628]: ERROR keystone.server.flask.application   File "/opt/stack/keystone/keystone/common/sql/core.py", line 575, in wrapper
Dec 08 20:00:34 ubuntu devstack@keystone.service[81628]: ERROR keystone.server.flask.application     return method(*args, **kwargs)
Dec 08 20:00:34 ubuntu devstack@keystone.service[81628]: ERROR keystone.server.flask.application   File "/opt/stack/keystone/keystone/assignment/role_backends/sql.py", line 25, in create_role
Dec 08 20:00:34 ubuntu devstack@keystone.service[81628]: ERROR keystone.server.flask.application     with sql.session_for_write() as session:
Dec 08 20:00:34 ubuntu devstack@keystone.service[81628]: ERROR keystone.server.flask.application   File "/usr/lib/python3.10/contextlib.py", line 142, in __exit__
Dec 08 20:00:34 ubuntu devstack@keystone.service[81628]: ERROR keystone.server.flask.application     next(self.gen)
Dec 08 20:00:34 ubuntu devstack@keystone.service[81628]: ERROR keystone.server.flask.application   File "/opt/stack/data/venv/lib/python3.10/site-packages/oslo_db/sqlalchemy/enginefacade.py", line 1199, in _transaction_scope
Dec 08 20:00:34 ubuntu devstack@keystone.service[81628]: ERROR keystone.server.flask.application     with current._produce_block(
Dec 08 20:00:34 ubuntu devstack@keystone.service[81628]: ERROR keystone.server.flask.application   File "/usr/lib/python3.10/contextlib.py", line 142, in __exit__
Dec 08 20:00:34 ubuntu devstack@keystone.service[81628]: ERROR keystone.server.flask.application     next(self.gen)
Dec 08 20:00:34 ubuntu devstack@keystone.service[81628]: ERROR keystone.server.flask.application   File "/opt/stack/data/venv/lib/python3.10/site-packages/oslo_db/sqlalchemy/enginefacade.py", line 850, in _session
Dec 08 20:00:34 ubuntu devstack@keystone.service[81628]: ERROR keystone.server.flask.application     with excutils.save_and_reraise_exception():
Dec 08 20:00:34 ubuntu devstack@keystone.service[81628]: ERROR keystone.server.flask.application   File "/opt/stack/data/venv/lib/python3.10/site-packages/oslo_utils/excutils.py", line 256, in __exit__
Dec 08 20:00:34 ubuntu devstack@keystone.service[81628]: ERROR keystone.server.flask.application     self.force_reraise()
Dec 08 20:00:34 ubuntu devstack@keystone.service[81628]: ERROR keystone.server.flask.application   File "/opt/stack/data/venv/lib/python3.10/site-packages/oslo_utils/excutils.py", line 222, in force_reraise
Dec 08 20:00:34 ubuntu devstack@keystone.service[81628]: ERROR keystone.server.flask.application     raise self.value
Dec 08 20:00:34 ubuntu devstack@keystone.service[81628]: ERROR keystone.server.flask.application   File "/opt/stack/data/venv/lib/python3.10/site-packages/oslo_db/sqlalchemy/enginefacade.py", line 848, in _session
Dec 08 20:00:34 ubuntu devstack@keystone.service[81628]: ERROR keystone.server.flask.application     self._end_session_transaction(self.session)
Dec 08 20:00:34 ubuntu devstack@keystone.service[81628]: ERROR keystone.server.flask.application   File "/opt/stack/data/venv/lib/python3.10/site-packages/oslo_db/sqlalchemy/enginefacade.py", line 761, in _end_session_transaction
Dec 08 20:00:34 ubuntu devstack@keystone.service[81628]: ERROR keystone.server.flask.application     session.commit()
Dec 08 20:00:34 ubuntu devstack@keystone.service[81628]: ERROR keystone.server.flask.application   File "/opt/stack/data/venv/lib/python3.10/site-packages/sqlalchemy/orm/session.py", line 2030, in commit
Dec 08 20:00:34 ubuntu devstack@keystone.service[81628]: ERROR keystone.server.flask.application     trans.commit(_to_root=True)
Dec 08 20:00:34 ubuntu devstack@keystone.service[81628]: ERROR keystone.server.flask.application   File "<string>", line 2, in commit
Dec 08 20:00:34 ubuntu devstack@keystone.service[81628]: ERROR keystone.server.flask.application   File "/opt/stack/data/venv/lib/python3.10/site-packages/sqlalchemy/orm/state_changes.py", line 137, in _go
Dec 08 20:00:34 ubuntu devstack@keystone.service[81628]: ERROR keystone.server.flask.application     ret_value = fn(self, *arg, **kw)
Dec 08 20:00:34 ubuntu devstack@keystone.service[81628]: ERROR keystone.server.flask.application   File "/opt/stack/data/venv/lib/python3.10/site-packages/sqlalchemy/orm/session.py", line 1311, in commit
Dec 08 20:00:34 ubuntu devstack@keystone.service[81628]: ERROR keystone.server.flask.application     self._prepare_impl()
Dec 08 20:00:34 ubuntu devstack@keystone.service[81628]: ERROR keystone.server.flask.application   File "<string>", line 2, in _prepare_impl
Dec 08 20:00:34 ubuntu devstack@keystone.service[81628]: ERROR keystone.server.flask.application   File "/opt/stack/data/venv/lib/python3.10/site-packages/sqlalchemy/orm/state_changes.py", line 137, in _go
Dec 08 20:00:34 ubuntu devstack@keystone.service[81628]: ERROR keystone.server.flask.application     ret_value = fn(self, *arg, **kw)
Dec 08 20:00:34 ubuntu devstack@keystone.service[81628]: ERROR keystone.server.flask.application   File "/opt/stack/data/venv/lib/python3.10/site-packages/sqlalchemy/orm/session.py", line 1286, in _prepare_impl
Dec 08 20:00:34 ubuntu devstack@keystone.service[81628]: ERROR keystone.server.flask.application     self.session.flush()
Dec 08 20:00:34 ubuntu devstack@keystone.service[81628]: ERROR keystone.server.flask.application   File "/opt/stack/data/venv/lib/python3.10/site-packages/sqlalchemy/orm/session.py", line 4331, in flush
Dec 08 20:00:34 ubuntu devstack@keystone.service[81628]: ERROR keystone.server.flask.application     self._flush(objects)
Dec 08 20:00:34 ubuntu devstack@keystone.service[81628]: ERROR keystone.server.flask.application   File "/opt/stack/data/venv/lib/python3.10/site-packages/sqlalchemy/orm/session.py", line 4466, in _flush
