Mar 19 20:12:50 ubuntu devstack@keystone.service[81712]: DEBUG keystone.server.flask.request_processing.req_logging [None req-1ec9048e-1415-4db2-973d-c181d2904612 None None] SCRIPT_NAME: `/identity` {{(pid=81712) log_request_info /opt/stack/keystone/keystone/server/flask/request_processing/req_logging.py:27}}
Mar 19 20:12:50 ubuntu devstack@keystone.service[81712]: DEBUG keystone.server.flask.request_processing.req_logging [None req-1ec9048e-1415-4db2-973d-c181d2904612 None None] PATH_INFO: `/v3/auth/tokens` {{(pid=81712) log_request_info /opt/stack/keystone/keystone/server/flask/request_processing/req_logging.py:28}}
Mar 19 20:12:50 ubuntu devstack@keystone.service[81712]: WARNING keystone.common.password_hashing [None req-1ec9048e-1415-4db2-973d-c181d2904612 None None] Truncating password to algorithm specific maximum length 72 characters.
Mar 19 20:12:50 ubuntu devstack@keystone.service[81712]: DEBUG keystone.auth.core [None req-1ec9048e-1415-4db2-973d-c181d2904612 None None] MFA Rules not processed for user `ee22784913e34d01929a49fa56e0cdd9`. Rule list: `[]` (Enabled: `True`). {{(pid=81712) check_auth_methods_against_rules /opt/stack/keystone/keystone/auth/core.py:476}}
Mar 19 20:12:50 ubuntu devstack@keystone.service[81712]: DEBUG keystone.common.fernet_utils [None req-1ec9048e-1415-4db2-973d-c181d2904612 None None] Loaded 2 Fernet keys from /etc/keystone/fernet-keys/, but `[fernet_tokens] max_active_keys = 3`; perhaps there have not been enough key rotations to reach `max_active_keys` yet? {{(pid=81712) load_keys /opt/stack/keystone/keystone/common/fernet_utils.py:297}}
Mar 19 20:12:50 ubuntu devstack@keystone.service[81713]: DEBUG keystone.server.flask.request_processing.req_logging [None req-de4f4cf9-6730-4951-a554-a981385ffb4b None None] REQUEST_METHOD: `GET` {{(pid=81713) log_request_info /opt/stack/keystone/keystone/server/flask/request_processing/req_logging.py:26}}
Mar 19 20:12:50 ubuntu devstack@keystone.service[81713]: DEBUG keystone.server.flask.request_processing.req_logging [None req-de4f4cf9-6730-4951-a554-a981385ffb4b None None] SCRIPT_NAME: `/identity` {{(pid=81713) log_request_info /opt/stack/keystone/keystone/server/flask/request_processing/req_logging.py:27}}
Mar 19 20:12:50 ubuntu devstack@keystone.service[81713]: DEBUG keystone.server.flask.request_processing.req_logging [None req-de4f4cf9-6730-4951-a554-a981385ffb4b None None] PATH_INFO: `/` {{(pid=81713) log_request_info /opt/stack/keystone/keystone/server/flask/request_processing/req_logging.py:28}}
Mar 19 20:12:50 ubuntu devstack@keystone.service[81713]: [pid: 81713|app: 0|req: 13/24] 10.201.5.82 () {54 vars in 920 bytes} [Thu Mar 19 20:12:50 2026] GET /identity => generated 270 bytes in 2 msecs (HTTP/1.1 300) 6 headers in 234 bytes (1 switches on core 0)
Mar 19 20:12:50 ubuntu devstack@keystone.service[81713]: DEBUG keystone.server.flask.request_processing.req_logging [None req-c42c4fb8-3066-4f2e-bce5-573a742aaf6d None None] REQUEST_METHOD: `POST` {{(pid=81713) log_request_info /opt/stack/keystone/keystone/server/flask/request_processing/req_logging.py:26}}
Mar 19 20:12:50 ubuntu devstack@keystone.service[81713]: DEBUG keystone.server.flask.request_processing.req_logging [None req-c42c4fb8-3066-4f2e-bce5-573a742aaf6d None None] SCRIPT_NAME: `/identity` {{(pid=81713) log_request_info /opt/stack/keystone/keystone/server/flask/request_processing/req_logging.py:27}}
Mar 19 20:12:50 ubuntu devstack@keystone.service[81713]: DEBUG keystone.server.flask.request_processing.req_logging [None req-c42c4fb8-3066-4f2e-bce5-573a742aaf6d None None] PATH_INFO: `/v3/auth/tokens` {{(pid=81713) log_request_info /opt/stack/keystone/keystone/server/flask/request_processing/req_logging.py:28}}
Mar 19 20:12:50 ubuntu devstack@keystone.service[81713]: WARNING keystone.common.password_hashing [None req-c42c4fb8-3066-4f2e-bce5-573a742aaf6d None None] Truncating password to algorithm specific maximum length 72 characters.
Mar 19 20:12:50 ubuntu devstack@keystone.service[81713]: DEBUG keystone.auth.core [None req-c42c4fb8-3066-4f2e-bce5-573a742aaf6d None None] MFA Rules not processed for user `ee22784913e34d01929a49fa56e0cdd9`. Rule list: `[]` (Enabled: `True`). {{(pid=81713) check_auth_methods_against_rules /opt/stack/keystone/keystone/auth/core.py:476}}
Mar 19 20:12:50 ubuntu devstack@keystone.service[81713]: DEBUG keystone.common.fernet_utils [None req-c42c4fb8-3066-4f2e-bce5-573a742aaf6d None None] Loaded 2 Fernet keys from /etc/keystone/fernet-keys/, but `[fernet_tokens] max_active_keys = 3`; perhaps there have not been enough key rotations to reach `max_active_keys` yet? {{(pid=81713) load_keys /opt/stack/keystone/keystone/common/fernet_utils.py:297}}
Mar 19 20:12:50 ubuntu devstack@keystone.service[81712]: [pid: 81712|app: 0|req: 12/25] 10.201.5.82 () {58 vars in 1017 bytes} [Thu Mar 19 20:12:50 2026] POST /identity/v3/auth/tokens => generated 862 bytes in 188 msecs (HTTP/1.1 201) 6 headers in 363 bytes (1 switches on core 0)
Mar 19 20:12:50 ubuntu devstack@keystone.service[81713]: [pid: 81713|app: 0|req: 14/26] 10.201.5.82 () {58 vars in 1017 bytes} [Thu Mar 19 20:12:50 2026] POST /identity/v3/auth/tokens => generated 862 bytes in 105 msecs (HTTP/1.1 201) 6 headers in 363 bytes (2 switches on core 0)
Mar 19 20:12:50 ubuntu devstack@keystone.service[81712]: DEBUG keystone.server.flask.request_processing.middleware.auth_context [None req-1ec9048e-1415-4db2-973d-c181d2904612 None None] Authenticating user token {{(pid=81712) process_request /opt/stack/data/venv/lib/python3.10/site-packages/keystonemiddleware/auth_token/__init__.py:407}}
Mar 19 20:12:50 ubuntu devstack@keystone.service[81713]: DEBUG keystone.server.flask.request_processing.req_logging [None req-a48981b7-cc15-404e-8de0-9790567135c8 None None] REQUEST_METHOD: `GET` {{(pid=81713) log_request_info /opt/stack/keystone/keystone/server/flask/request_processing/req_logging.py:26}}
Mar 19 20:12:50 ubuntu devstack@keystone.service[81713]: DEBUG keystone.server.flask.request_processing.req_logging [None req-a48981b7-cc15-404e-8de0-9790567135c8 None None] SCRIPT_NAME: `/identity` {{(pid=81713) log_request_info /opt/stack/keystone/keystone/server/flask/request_processing/req_logging.py:27}}
Mar 19 20:12:50 ubuntu devstack@keystone.service[81713]: DEBUG keystone.server.flask.request_processing.req_logging [None req-a48981b7-cc15-404e-8de0-9790567135c8 None None] PATH_INFO: `/` {{(pid=81713) log_request_info /opt/stack/keystone/keystone/server/flask/request_processing/req_logging.py:28}}
Mar 19 20:12:50 ubuntu devstack@keystone.service[81713]: [pid: 81713|app: 0|req: 15/27] 10.201.5.82 () {54 vars in 920 bytes} [Thu Mar 19 20:12:50 2026] GET /identity => generated 270 bytes in 2 msecs (HTTP/1.1 300) 6 headers in 234 bytes (1 switches on core 0)
Mar 19 20:12:50 ubuntu devstack@keystone.service[81713]: DEBUG keystone.server.flask.request_processing.req_logging [None req-69b5d43f-1740-4b57-909b-6a203ffbdcc2 None None] REQUEST_METHOD: `POST` {{(pid=81713) log_request_info /opt/stack/keystone/keystone/server/flask/request_processing/req_logging.py:26}}
Mar 19 20:12:50 ubuntu devstack@keystone.service[81713]: DEBUG keystone.server.flask.request_processing.req_logging [None req-69b5d43f-1740-4b57-909b-6a203ffbdcc2 None None] SCRIPT_NAME: `/identity` {{(pid=81713) log_request_info /opt/stack/keystone/keystone/server/flask/request_processing/req_logging.py:27}}
Mar 19 20:12:50 ubuntu devstack@keystone.service[81713]: DEBUG keystone.server.flask.request_processing.req_logging [None req-69b5d43f-1740-4b57-909b-6a203ffbdcc2 None None] PATH_INFO: `/v3/auth/tokens` {{(pid=81713) log_request_info /opt/stack/keystone/keystone/server/flask/request_processing/req_logging.py:28}}
Mar 19 20:12:50 ubuntu devstack@keystone.service[81712]: DEBUG keystone.server.flask.request_processing.middleware.auth_context [None req-1ec9048e-1415-4db2-973d-c181d2904612 None None] Validating token access rules against request {{(pid=81712) validate_allowed_request /opt/stack/data/venv/lib/python3.10/site-packages/keystonemiddleware/auth_token/__init__.py:545}}
Mar 19 20:12:50 ubuntu devstack@keystone.service[81713]: WARNING keystone.common.password_hashing [None req-69b5d43f-1740-4b57-909b-6a203ffbdcc2 None None] Truncating password to algorithm specific maximum length 72 characters.
Mar 19 20:12:50 ubuntu devstack@keystone.service[81712]: DEBUG keystone.server.flask.request_processing.middleware.auth_context [None req-c6157095-f1c5-4991-b963-4048be64c78d None admin] RBAC: auth_context: {'token': <TokenModel (audit_id=JW3Bm5s4TDGyZZlRSGNQhQ, audit_chain_id=['JW3Bm5s4TDGyZZlRSGNQhQ']) at 0x7fdd3b323070>, 'domain_id': None, 'trust_id': None, 'trustor_id': None, 'trustee_id': None, 'domain_name': None, 'group_ids': [], 'user_id': 'ee22784913e34d01929a49fa56e0cdd9', 'user_domain_id': 'default', 'system_scope': 'all', 'project_id': None, 'project_domain_id': None, 'roles': ['admin', 'manager', 'member', 'reader'], 'is_admin_project': True, 'service_user_id': None, 'service_user_domain_id': None, 'service_project_id': None, 'service_project_domain_id': None, 'service_roles': []} {{(pid=81712) fill_context /opt/stack/keystone/keystone/server/flask/request_processing/middleware/auth_context.py:509}}
Mar 19 20:12:50 ubuntu devstack@keystone.service[81713]: DEBUG keystone.auth.core [None req-69b5d43f-1740-4b57-909b-6a203ffbdcc2 None None] MFA Rules not processed for user `ee22784913e34d01929a49fa56e0cdd9`. Rule list: `[]` (Enabled: `True`). {{(pid=81713) check_auth_methods_against_rules /opt/stack/keystone/keystone/auth/core.py:476}}
Mar 19 20:12:50 ubuntu devstack@keystone.service[81712]: DEBUG keystone.server.flask.request_processing.req_logging [None req-c6157095-f1c5-4991-b963-4048be64c78d None admin] REQUEST_METHOD: `GET` {{(pid=81712) log_request_info /opt/stack/keystone/keystone/server/flask/request_processing/req_logging.py:26}}
Mar 19 20:12:50 ubuntu devstack@keystone.service[81713]: DEBUG keystone.common.fernet_utils [None req-69b5d43f-1740-4b57-909b-6a203ffbdcc2 None None] Loaded 2 Fernet keys from /etc/keystone/fernet-keys/, but `[fernet_tokens] max_active_keys = 3`; perhaps there have not been enough key rotations to reach `max_active_keys` yet? {{(pid=81713) load_keys /opt/stack/keystone/keystone/common/fernet_utils.py:297}}
Mar 19 20:12:50 ubuntu devstack@keystone.service[81712]: DEBUG keystone.server.flask.request_processing.req_logging [None req-c6157095-f1c5-4991-b963-4048be64c78d None admin] SCRIPT_NAME: `/identity` {{(pid=81712) log_request_info /opt/stack/keystone/keystone/server/flask/request_processing/req_logging.py:27}}
Mar 19 20:12:50 ubuntu devstack@keystone.service[81712]: DEBUG keystone.server.flask.request_processing.req_logging [None req-c6157095-f1c5-4991-b963-4048be64c78d None admin] PATH_INFO: `/v3/roles/admin` {{(pid=81712) log_request_info /opt/stack/keystone/keystone/server/flask/request_processing/req_logging.py:28}}
Mar 19 20:12:50 ubuntu devstack@keystone.service[81712]: DEBUG keystone.common.rbac_enforcer.enforcer [None req-c6157095-f1c5-4991-b963-4048be64c78d None admin] Extracting inferred target data resulted in "NOT FOUND (404)". {{(pid=81712) enforce_call /opt/stack/keystone/keystone/common/rbac_enforcer/enforcer.py:445}}
Mar 19 20:12:50 ubuntu devstack@keystone.service[81712]: DEBUG keystone.server.flask.application [None req-c6157095-f1c5-4991-b963-4048be64c78d None admin] Could not find role: admin. {{(pid=81712) _handle_keystone_exception /opt/stack/keystone/keystone/server/flask/application.py:146}}
Mar 19 20:12:50 ubuntu devstack@keystone.service[81712]: [pid: 81712|app: 0|req: 13/28] 10.201.5.82 () {56 vars in 1133 bytes} [Thu Mar 19 20:12:50 2026] GET /identity/v3/roles/admin => generated 83 bytes in 69 msecs (HTTP/1.1 404) 5 headers in 183 bytes (1 switches on core 0)
Mar 19 20:12:50 ubuntu devstack@keystone.service[81712]: DEBUG keystone.server.flask.request_processing.middleware.auth_context [None req-c6157095-f1c5-4991-b963-4048be64c78d None admin] Authenticating user token {{(pid=81712) process_request /opt/stack/data/venv/lib/python3.10/site-packages/keystonemiddleware/auth_token/__init__.py:407}}
Mar 19 20:12:50 ubuntu devstack@keystone.service[81713]: [pid: 81713|app: 0|req: 16/29] 10.201.5.82 () {58 vars in 1017 bytes} [Thu Mar 19 20:12:50 2026] POST /identity/v3/auth/tokens => generated 862 bytes in 62 msecs (HTTP/1.1 201) 6 headers in 363 bytes (2 switches on core 0)
Mar 19 20:12:50 ubuntu devstack@keystone.service[81713]: DEBUG keystone.server.flask.request_processing.middleware.auth_context [None req-69b5d43f-1740-4b57-909b-6a203ffbdcc2 None None] Authenticating user token {{(pid=81713) process_request /opt/stack/data/venv/lib/python3.10/site-packages/keystonemiddleware/auth_token/__init__.py:407}}
Mar 19 20:12:51 ubuntu devstack@keystone.service[81712]: DEBUG keystone.server.flask.request_processing.middleware.auth_context [None req-c6157095-f1c5-4991-b963-4048be64c78d None admin] Validating token access rules against request {{(pid=81712) validate_allowed_request /opt/stack/data/venv/lib/python3.10/site-packages/keystonemiddleware/auth_token/__init__.py:545}}
Mar 19 20:12:51 ubuntu devstack@keystone.service[81712]: DEBUG keystone.server.flask.request_processing.middleware.auth_context [None req-5040a638-d851-4bdc-9f09-1e2d488558c3 None admin] RBAC: auth_context: {'token': <TokenModel (audit_id=OgXxrutlRmSYPCExB1hhvw, audit_chain_id=['OgXxrutlRmSYPCExB1hhvw']) at 0x7fdd3a2b3610>, 'domain_id': None, 'trust_id': None, 'trustor_id': None, 'trustee_id': None, 'domain_name': None, 'group_ids': [], 'user_id': 'ee22784913e34d01929a49fa56e0cdd9', 'user_domain_id': 'default', 'system_scope': 'all', 'project_id': None, 'project_domain_id': None, 'roles': ['admin', 'manager', 'member', 'reader'], 'is_admin_project': True, 'service_user_id': None, 'service_user_domain_id': None, 'service_project_id': None, 'service_project_domain_id': None, 'service_roles': []} {{(pid=81712) fill_context /opt/stack/keystone/keystone/server/flask/request_processing/middleware/auth_context.py:509}}
Mar 19 20:12:51 ubuntu devstack@keystone.service[81712]: DEBUG keystone.server.flask.request_processing.req_logging [None req-5040a638-d851-4bdc-9f09-1e2d488558c3 None admin] REQUEST_METHOD: `GET` {{(pid=81712) log_request_info /opt/stack/keystone/keystone/server/flask/request_processing/req_logging.py:26}}
Mar 19 20:12:51 ubuntu devstack@keystone.service[81712]: DEBUG keystone.server.flask.request_processing.req_logging [None req-5040a638-d851-4bdc-9f09-1e2d488558c3 None admin] SCRIPT_NAME: `/identity` {{(pid=81712) log_request_info /opt/stack/keystone/keystone/server/flask/request_processing/req_logging.py:27}}
Mar 19 20:12:51 ubuntu devstack@keystone.service[81712]: DEBUG keystone.server.flask.request_processing.req_logging [None req-5040a638-d851-4bdc-9f09-1e2d488558c3 None admin] PATH_INFO: `/v3/domains/Default` {{(pid=81712) log_request_info /opt/stack/keystone/keystone/server/flask/request_processing/req_logging.py:28}}
Mar 19 20:12:51 ubuntu devstack@keystone.service[81712]: DEBUG keystone.common.rbac_enforcer.enforcer [None req-5040a638-d851-4bdc-9f09-1e2d488558c3 None admin] RBAC: Authorizing `identity:get_domain(domain_id=Default)` {{(pid=81712) enforce_call /opt/stack/keystone/keystone/common/rbac_enforcer/enforcer.py:494}}
Mar 19 20:12:51 ubuntu devstack@keystone.service[81712]: DEBUG keystone.common.rbac_enforcer.enforcer [None req-5040a638-d851-4bdc-9f09-1e2d488558c3 None admin] RBAC: Authorization granted {{(pid=81712) enforce_call /opt/stack/keystone/keystone/common/rbac_enforcer/enforcer.py:505}}
Mar 19 20:12:51 ubuntu devstack@keystone.service[81712]: DEBUG keystone.server.flask.application [None req-5040a638-d851-4bdc-9f09-1e2d488558c3 None admin] Could not find domain: Default. {{(pid=81712) _handle_keystone_exception /opt/stack/keystone/keystone/server/flask/application.py:146}}
Mar 19 20:12:51 ubuntu devstack@keystone.service[81712]: [pid: 81712|app: 0|req: 14/30] 10.201.5.82 () {56 vars in 1145 bytes} [Thu Mar 19 20:12:50 2026] GET /identity/v3/domains/Default => generated 87 bytes in 69 msecs (HTTP/1.1 404) 5 headers in 183 bytes (1 switches on core 0)
Mar 19 20:12:51 ubuntu devstack@keystone.service[81712]: DEBUG keystone.server.flask.request_processing.req_logging [None req-7a2d4b5c-44ae-40e1-bca1-8328be63d875 None None] REQUEST_METHOD: `GET` {{(pid=81712) log_request_info /opt/stack/keystone/keystone/server/flask/request_processing/req_logging.py:26}}
Mar 19 20:12:51 ubuntu devstack@keystone.service[81712]: DEBUG keystone.server.flask.request_processing.req_logging [None req-7a2d4b5c-44ae-40e1-bca1-8328be63d875 None None] SCRIPT_NAME: `/identity` {{(pid=81712) log_request_info /opt/stack/keystone/keystone/server/flask/request_processing/req_logging.py:27}}
Mar 19 20:12:51 ubuntu devstack@keystone.service[81712]: DEBUG keystone.server.flask.request_processing.req_logging [None req-7a2d4b5c-44ae-40e1-bca1-8328be63d875 None None] PATH_INFO: `/` {{(pid=81712) log_request_info /opt/stack/keystone/keystone/server/flask/request_processing/req_logging.py:28}}
Mar 19 20:12:51 ubuntu devstack@keystone.service[81712]: [pid: 81712|app: 0|req: 15/31] 10.201.5.82 () {54 vars in 920 bytes} [Thu Mar 19 20:12:51 2026] GET /identity => generated 270 bytes in 1 msecs (HTTP/1.1 300) 6 headers in 234 bytes (1 switches on core 0)
Mar 19 20:12:51 ubuntu devstack@keystone.service[81712]: DEBUG keystone.server.flask.request_processing.middleware.auth_context [None req-7a2d4b5c-44ae-40e1-bca1-8328be63d875 None None] Authenticating user token {{(pid=81712) process_request /opt/stack/data/venv/lib/python3.10/site-packages/keystonemiddleware/auth_token/__init__.py:407}}
Mar 19 20:12:51 ubuntu devstack@keystone.service[81713]: DEBUG keystone.server.flask.request_processing.middleware.auth_context [None req-69b5d43f-1740-4b57-909b-6a203ffbdcc2 None None] Validating token access rules against request {{(pid=81713) validate_allowed_request /opt/stack/data/venv/lib/python3.10/site-packages/keystonemiddleware/auth_token/__init__.py:545}}
Mar 19 20:12:51 ubuntu devstack@keystone.service[81712]: DEBUG keystone.server.flask.request_processing.middleware.auth_context [None req-7a2d4b5c-44ae-40e1-bca1-8328be63d875 None None] Validating token access rules against request {{(pid=81712) validate_allowed_request /opt/stack/data/venv/lib/python3.10/site-packages/keystonemiddleware/auth_token/__init__.py:545}}
Mar 19 20:12:51 ubuntu devstack@keystone.service[81713]: DEBUG keystone.server.flask.request_processing.middleware.auth_context [None req-21b9a8cf-91f4-40f6-a0ac-e3e6e762cceb None admin] RBAC: auth_context: {'token': <TokenModel (audit_id=JW3Bm5s4TDGyZZlRSGNQhQ, audit_chain_id=['JW3Bm5s4TDGyZZlRSGNQhQ']) at 0x7fdd3a96fc40>, 'domain_id': None, 'trust_id': None, 'trustor_id': None, 'trustee_id': None, 'domain_name': None, 'group_ids': [], 'user_id': 'ee22784913e34d01929a49fa56e0cdd9', 'user_domain_id': 'default', 'system_scope': 'all', 'project_id': None, 'project_domain_id': None, 'roles': ['admin', 'manager', 'member', 'reader'], 'is_admin_project': True, 'service_user_id': None, 'service_user_domain_id': None, 'service_project_id': None, 'service_project_domain_id': None, 'service_roles': []} {{(pid=81713) fill_context /opt/stack/keystone/keystone/server/flask/request_processing/middleware/auth_context.py:509}}
Mar 19 20:12:51 ubuntu devstack@keystone.service[81713]: DEBUG keystone.server.flask.request_processing.req_logging [None req-21b9a8cf-91f4-40f6-a0ac-e3e6e762cceb None admin] REQUEST_METHOD: `GET` {{(pid=81713) log_request_info /opt/stack/keystone/keystone/server/flask/request_processing/req_logging.py:26}}
Mar 19 20:12:51 ubuntu devstack@keystone.service[81713]: DEBUG keystone.server.flask.request_processing.req_logging [None req-21b9a8cf-91f4-40f6-a0ac-e3e6e762cceb None admin] SCRIPT_NAME: `/identity` {{(pid=81713) log_request_info /opt/stack/keystone/keystone/server/flask/request_processing/req_logging.py:27}}
Mar 19 20:12:51 ubuntu devstack@keystone.service[81713]: DEBUG keystone.server.flask.request_processing.req_logging [None req-21b9a8cf-91f4-40f6-a0ac-e3e6e762cceb None admin] PATH_INFO: `/v3/roles` {{(pid=81713) log_request_info /opt/stack/keystone/keystone/server/flask/request_processing/req_logging.py:28}}
Mar 19 20:12:51 ubuntu devstack@keystone.service[81712]: DEBUG keystone.server.flask.request_processing.middleware.auth_context [None req-ab06ab90-61bf-4c2e-966e-a5c179be7965 None admin] RBAC: auth_context: {'token': <TokenModel (audit_id=OgXxrutlRmSYPCExB1hhvw, audit_chain_id=['OgXxrutlRmSYPCExB1hhvw']) at 0x7fdd3a446050>, 'domain_id': None, 'trust_id': None, 'trustor_id': None, 'trustee_id': None, 'domain_name': None, 'group_ids': [], 'user_id': 'ee22784913e34d01929a49fa56e0cdd9', 'user_domain_id': 'default', 'system_scope': 'all', 'project_id': None, 'project_domain_id': None, 'roles': ['admin', 'manager', 'member', 'reader'], 'is_admin_project': True, 'service_user_id': None, 'service_user_domain_id': None, 'service_project_id': None, 'service_project_domain_id': None, 'service_roles': []} {{(pid=81712) fill_context /opt/stack/keystone/keystone/server/flask/request_processing/middleware/auth_context.py:509}}
Mar 19 20:12:51 ubuntu devstack@keystone.service[81712]: DEBUG keystone.server.flask.request_processing.req_logging [None req-ab06ab90-61bf-4c2e-966e-a5c179be7965 None admin] REQUEST_METHOD: `GET` {{(pid=81712) log_request_info /opt/stack/keystone/keystone/server/flask/request_processing/req_logging.py:26}}
Mar 19 20:12:51 ubuntu devstack@keystone.service[81713]: DEBUG keystone.common.rbac_enforcer.enforcer [None req-21b9a8cf-91f4-40f6-a0ac-e3e6e762cceb None admin] RBAC: Adding query filter params (name=admin) {{(pid=81713) _extract_filter_values /opt/stack/keystone/keystone/common/rbac_enforcer/enforcer.py:176}}
Mar 19 20:12:51 ubuntu devstack@keystone.service[81712]: DEBUG keystone.server.flask.request_processing.req_logging [None req-ab06ab90-61bf-4c2e-966e-a5c179be7965 None admin] SCRIPT_NAME: `/identity` {{(pid=81712) log_request_info /opt/stack/keystone/keystone/server/flask/request_processing/req_logging.py:27}}
Mar 19 20:12:51 ubuntu devstack@keystone.service[81713]: DEBUG keystone.common.rbac_enforcer.enforcer [None req-21b9a8cf-91f4-40f6-a0ac-e3e6e762cceb None admin] RBAC: Authorizing `identity:list_roles()` {{(pid=81713) enforce_call /opt/stack/keystone/keystone/common/rbac_enforcer/enforcer.py:494}}
Mar 19 20:12:51 ubuntu devstack@keystone.service[81712]: DEBUG keystone.server.flask.request_processing.req_logging [None req-ab06ab90-61bf-4c2e-966e-a5c179be7965 None admin] PATH_INFO: `/v3/domains` {{(pid=81712) log_request_info /opt/stack/keystone/keystone/server/flask/request_processing/req_logging.py:28}}
Mar 19 20:12:51 ubuntu devstack@keystone.service[81713]: DEBUG keystone.common.rbac_enforcer.enforcer [None req-21b9a8cf-91f4-40f6-a0ac-e3e6e762cceb None admin] RBAC: Authorization granted {{(pid=81713) enforce_call /opt/stack/keystone/keystone/common/rbac_enforcer/enforcer.py:505}}
Mar 19 20:12:51 ubuntu devstack@keystone.service[81712]: DEBUG keystone.common.rbac_enforcer.enforcer [None req-ab06ab90-61bf-4c2e-966e-a5c179be7965 None admin] RBAC: Adding query filter params (name=Default) {{(pid=81712) _extract_filter_values /opt/stack/keystone/keystone/common/rbac_enforcer/enforcer.py:176}}
Mar 19 20:12:51 ubuntu devstack@keystone.service[81712]: DEBUG keystone.common.rbac_enforcer.enforcer [None req-ab06ab90-61bf-4c2e-966e-a5c179be7965 None admin] RBAC: Authorizing `identity:list_domains()` {{(pid=81712) enforce_call /opt/stack/keystone/keystone/common/rbac_enforcer/enforcer.py:494}}
Mar 19 20:12:51 ubuntu devstack@keystone.service[81712]: DEBUG keystone.common.rbac_enforcer.enforcer [None req-ab06ab90-61bf-4c2e-966e-a5c179be7965 None admin] RBAC: Authorization granted {{(pid=81712) enforce_call /opt/stack/keystone/keystone/common/rbac_enforcer/enforcer.py:505}}
Mar 19 20:12:51 ubuntu devstack@keystone.service[81713]: [pid: 81713|app: 0|req: 17/32] 10.201.5.82 () {56 vars in 1149 bytes} [Thu Mar 19 20:12:50 2026] GET /identity/v3/roles?name=admin => generated 339 bytes in 102 msecs (HTTP/1.1 200) 5 headers in 177 bytes (1 switches on core 0)
Mar 19 20:12:51 ubuntu devstack@keystone.service[81713]: DEBUG keystone.server.flask.request_processing.req_logging [None req-6b053c6d-8620-4f97-99e1-eff608372666 None None] REQUEST_METHOD: `POST` {{(pid=81713) log_request_info /opt/stack/keystone/keystone/server/flask/request_processing/req_logging.py:26}}
Mar 19 20:12:51 ubuntu devstack@keystone.service[81713]: DEBUG keystone.server.flask.request_processing.req_logging [None req-6b053c6d-8620-4f97-99e1-eff608372666 None None] SCRIPT_NAME: `/identity` {{(pid=81713) log_request_info /opt/stack/keystone/keystone/server/flask/request_processing/req_logging.py:27}}
Mar 19 20:12:51 ubuntu devstack@keystone.service[81713]: DEBUG keystone.server.flask.request_processing.req_logging [None req-6b053c6d-8620-4f97-99e1-eff608372666 None None] PATH_INFO: `/v3/auth/tokens` {{(pid=81713) log_request_info /opt/stack/keystone/keystone/server/flask/request_processing/req_logging.py:28}}
Mar 19 20:12:51 ubuntu devstack@keystone.service[81713]: WARNING keystone.common.password_hashing [None req-6b053c6d-8620-4f97-99e1-eff608372666 None None] Truncating password to algorithm specific maximum length 72 characters.
Mar 19 20:12:51 ubuntu devstack@keystone.service[81712]: [pid: 81712|app: 0|req: 16/33] 10.201.5.82 () {56 vars in 1159 bytes} [Thu Mar 19 20:12:51 2026] GET /identity/v3/domains?name=Default => generated 308 bytes in 73 msecs (HTTP/1.1 200) 5 headers in 177 bytes (2 switches on core 0)
Mar 19 20:12:51 ubuntu devstack@keystone.service[81712]: DEBUG keystone.server.flask.request_processing.middleware.auth_context [None req-ab06ab90-61bf-4c2e-966e-a5c179be7965 None admin] Authenticating user token {{(pid=81712) process_request /opt/stack/data/venv/lib/python3.10/site-packages/keystonemiddleware/auth_token/__init__.py:407}}
Mar 19 20:12:51 ubuntu devstack@keystone.service[81713]: DEBUG keystone.auth.core [None req-6b053c6d-8620-4f97-99e1-eff608372666 None None] MFA Rules not processed for user `ee22784913e34d01929a49fa56e0cdd9`. Rule list: `[]` (Enabled: `True`). {{(pid=81713) check_auth_methods_against_rules /opt/stack/keystone/keystone/auth/core.py:476}}
Mar 19 20:12:51 ubuntu devstack@keystone.service[81713]: DEBUG keystone.common.fernet_utils [None req-6b053c6d-8620-4f97-99e1-eff608372666 None None] Loaded 2 Fernet keys from /etc/keystone/fernet-keys/, but `[fernet_tokens] max_active_keys = 3`; perhaps there have not been enough key rotations to reach `max_active_keys` yet? {{(pid=81713) load_keys /opt/stack/keystone/keystone/common/fernet_utils.py:297}}
Mar 19 20:12:51 ubuntu devstack@keystone.service[81712]: DEBUG keystone.server.flask.request_processing.middleware.auth_context [None req-ab06ab90-61bf-4c2e-966e-a5c179be7965 None admin] Validating token access rules against request {{(pid=81712) validate_allowed_request /opt/stack/data/venv/lib/python3.10/site-packages/keystonemiddleware/auth_token/__init__.py:545}}
Mar 19 20:12:51 ubuntu devstack@keystone.service[81713]: [pid: 81713|app: 0|req: 18/34] 10.201.5.82 () {58 vars in 1017 bytes} [Thu Mar 19 20:12:51 2026] POST /identity/v3/auth/tokens => generated 862 bytes in 51 msecs (HTTP/1.1 201) 6 headers in 363 bytes (1 switches on core 0)
Mar 19 20:12:51 ubuntu devstack@keystone.service[81713]: DEBUG keystone.server.flask.request_processing.middleware.auth_context [None req-6b053c6d-8620-4f97-99e1-eff608372666 None None] Authenticating user token {{(pid=81713) process_request /opt/stack/data/venv/lib/python3.10/site-packages/keystonemiddleware/auth_token/__init__.py:407}}
Mar 19 20:12:51 ubuntu devstack@keystone.service[81712]: DEBUG keystone.server.flask.request_processing.middleware.auth_context [None req-44965699-b23c-4b77-a6b5-529ba33f529f None admin] RBAC: auth_context: {'token': <TokenModel (audit_id=JW3Bm5s4TDGyZZlRSGNQhQ, audit_chain_id=['JW3Bm5s4TDGyZZlRSGNQhQ']) at 0x7fdd3a2b05b0>, 'domain_id': None, 'trust_id': None, 'trustor_id': None, 'trustee_id': None, 'domain_name': None, 'group_ids': [], 'user_id': 'ee22784913e34d01929a49fa56e0cdd9', 'user_domain_id': 'default', 'system_scope': 'all', 'project_id': None, 'project_domain_id': None, 'roles': ['admin', 'manager', 'member', 'reader'], 'is_admin_project': True, 'service_user_id': None, 'service_user_domain_id': None, 'service_project_id': None, 'service_project_domain_id': None, 'service_roles': []} {{(pid=81712) fill_context /opt/stack/keystone/keystone/server/flask/request_processing/middleware/auth_context.py:509}}
Mar 19 20:12:51 ubuntu devstack@keystone.service[81712]: DEBUG keystone.server.flask.request_processing.req_logging [None req-44965699-b23c-4b77-a6b5-529ba33f529f None admin] REQUEST_METHOD: `GET` {{(pid=81712) log_request_info /opt/stack/keystone/keystone/server/flask/request_processing/req_logging.py:26}}
Mar 19 20:12:51 ubuntu devstack@keystone.service[81712]: DEBUG keystone.server.flask.request_processing.req_logging [None req-44965699-b23c-4b77-a6b5-529ba33f529f None admin] SCRIPT_NAME: `/identity` {{(pid=81712) log_request_info /opt/stack/keystone/keystone/server/flask/request_processing/req_logging.py:27}}
Mar 19 20:12:51 ubuntu devstack@keystone.service[81712]: DEBUG keystone.server.flask.request_processing.req_logging [None req-44965699-b23c-4b77-a6b5-529ba33f529f None admin] PATH_INFO: `/v3/users/ee22784913e34d01929a49fa56e0cdd9` {{(pid=81712) log_request_info /opt/stack/keystone/keystone/server/flask/request_processing/req_logging.py:28}}
Mar 19 20:12:51 ubuntu devstack@keystone.service[81712]: DEBUG keystone.common.rbac_enforcer.enforcer [None req-44965699-b23c-4b77-a6b5-529ba33f529f None admin] RBAC: Authorizing `identity:get_user(user_id=ee22784913e34d01929a49fa56e0cdd9)` {{(pid=81712) enforce_call /opt/stack/keystone/keystone/common/rbac_enforcer/enforcer.py:494}}
Mar 19 20:12:51 ubuntu devstack@keystone.service[81712]: DEBUG keystone.common.rbac_enforcer.enforcer [None req-44965699-b23c-4b77-a6b5-529ba33f529f None admin] RBAC: Authorization granted {{(pid=81712) enforce_call /opt/stack/keystone/keystone/common/rbac_enforcer/enforcer.py:505}}
Mar 19 20:12:51 ubuntu devstack@keystone.service[81712]: [pid: 81712|app: 0|req: 17/35] 10.201.5.82 () {56 vars in 1214 bytes} [Thu Mar 19 20:12:51 2026] GET /identity/v3/users/ee22784913e34d01929a49fa56e0cdd9 => generated 247 bytes in 56 msecs (HTTP/1.1 200) 5 headers in 177 bytes (1 switches on core 0)
Mar 19 20:12:51 ubuntu devstack@keystone.service[81712]: DEBUG keystone.server.flask.request_processing.middleware.auth_context [None req-44965699-b23c-4b77-a6b5-529ba33f529f None admin] Authenticating user token {{(pid=81712) process_request /opt/stack/data/venv/lib/python3.10/site-packages/keystonemiddleware/auth_token/__init__.py:407}}
Mar 19 20:12:51 ubuntu devstack@keystone.service[81713]: DEBUG keystone.server.flask.request_processing.middleware.auth_context [None req-6b053c6d-8620-4f97-99e1-eff608372666 None None] Validating token access rules against request {{(pid=81713) validate_allowed_request /opt/stack/data/venv/lib/python3.10/site-packages/keystonemiddleware/auth_token/__init__.py:545}}
Mar 19 20:12:51 ubuntu devstack@keystone.service[81712]: DEBUG keystone.server.flask.request_processing.middleware.auth_context [None req-44965699-b23c-4b77-a6b5-529ba33f529f None admin] Validating token access rules against request {{(pid=81712) validate_allowed_request /opt/stack/data/venv/lib/python3.10/site-packages/keystonemiddleware/auth_token/__init__.py:545}}
Mar 19 20:12:51 ubuntu devstack@keystone.service[81713]: DEBUG keystone.server.flask.request_processing.middleware.auth_context [None req-d5bf498e-0b54-4f1f-a98c-86d01d8f1a06 None admin] RBAC: auth_context: {'token': <TokenModel (audit_id=OgXxrutlRmSYPCExB1hhvw, audit_chain_id=['OgXxrutlRmSYPCExB1hhvw']) at 0x7fdd3a96e980>, 'domain_id': None, 'trust_id': None, 'trustor_id': None, 'trustee_id': None, 'domain_name': None, 'group_ids': [], 'user_id': 'ee22784913e34d01929a49fa56e0cdd9', 'user_domain_id': 'default', 'system_scope': 'all', 'project_id': None, 'project_domain_id': None, 'roles': ['admin', 'manager', 'member', 'reader'], 'is_admin_project': True, 'service_user_id': None, 'service_user_domain_id': None, 'service_project_id': None, 'service_project_domain_id': None, 'service_roles': []} {{(pid=81713) fill_context /opt/stack/keystone/keystone/server/flask/request_processing/middleware/auth_context.py:509}}
Mar 19 20:12:51 ubuntu devstack@keystone.service[81713]: DEBUG keystone.server.flask.request_processing.req_logging [None req-d5bf498e-0b54-4f1f-a98c-86d01d8f1a06 None admin] REQUEST_METHOD: `POST` {{(pid=81713) log_request_info /opt/stack/keystone/keystone/server/flask/request_processing/req_logging.py:26}}
Mar 19 20:12:51 ubuntu devstack@keystone.service[81713]: DEBUG keystone.server.flask.request_processing.req_logging [None req-d5bf498e-0b54-4f1f-a98c-86d01d8f1a06 None admin] SCRIPT_NAME: `/identity` {{(pid=81713) log_request_info /opt/stack/keystone/keystone/server/flask/request_processing/req_logging.py:27}}
Mar 19 20:12:51 ubuntu devstack@keystone.service[81713]: DEBUG keystone.server.flask.request_processing.req_logging [None req-d5bf498e-0b54-4f1f-a98c-86d01d8f1a06 None admin] PATH_INFO: `/v3/projects` {{(pid=81713) log_request_info /opt/stack/keystone/keystone/server/flask/request_processing/req_logging.py:28}}
Mar 19 20:12:51 ubuntu devstack@keystone.service[81713]: DEBUG keystone.common.rbac_enforcer.enforcer [None req-d5bf498e-0b54-4f1f-a98c-86d01d8f1a06 None admin] RBAC: Authorizing `identity:create_project()` {{(pid=81713) enforce_call /opt/stack/keystone/keystone/common/rbac_enforcer/enforcer.py:494}}
Mar 19 20:12:51 ubuntu devstack@keystone.service[81713]: DEBUG keystone.common.rbac_enforcer.enforcer [None req-d5bf498e-0b54-4f1f-a98c-86d01d8f1a06 None admin] RBAC: Authorization granted {{(pid=81713) enforce_call /opt/stack/keystone/keystone/common/rbac_enforcer/enforcer.py:505}}
Mar 19 20:12:51 ubuntu devstack@keystone.service[81712]: DEBUG keystone.server.flask.request_processing.middleware.auth_context [None req-e98b0e24-fea8-4664-923b-29c4e090f463 None admin] RBAC: auth_context: {'token': <TokenModel (audit_id=j--Xq2AuSHOI5cQPz1smNA, audit_chain_id=['j--Xq2AuSHOI5cQPz1smNA']) at 0x7fdd3a2b0f10>, 'domain_id': None, 'trust_id': None, 'trustor_id': None, 'trustee_id': None, 'domain_name': None, 'group_ids': [], 'user_id': 'ee22784913e34d01929a49fa56e0cdd9', 'user_domain_id': 'default', 'system_scope': 'all', 'project_id': None, 'project_domain_id': None, 'roles': ['admin', 'manager', 'member', 'reader'], 'is_admin_project': True, 'service_user_id': None, 'service_user_domain_id': None, 'service_project_id': None, 'service_project_domain_id': None, 'service_roles': []} {{(pid=81712) fill_context /opt/stack/keystone/keystone/server/flask/request_processing/middleware/auth_context.py:509}}
Mar 19 20:12:51 ubuntu devstack@keystone.service[81712]: DEBUG keystone.server.flask.request_processing.req_logging [None req-e98b0e24-fea8-4664-923b-29c4e090f463 None admin] REQUEST_METHOD: `POST` {{(pid=81712) log_request_info /opt/stack/keystone/keystone/server/flask/request_processing/req_logging.py:26}}
Mar 19 20:12:51 ubuntu devstack@keystone.service[81712]: DEBUG keystone.server.flask.request_processing.req_logging [None req-e98b0e24-fea8-4664-923b-29c4e090f463 None admin] SCRIPT_NAME: `/identity` {{(pid=81712) log_request_info /opt/stack/keystone/keystone/server/flask/request_processing/req_logging.py:27}}
Mar 19 20:12:51 ubuntu devstack@keystone.service[81712]: DEBUG keystone.server.flask.request_processing.req_logging [None req-e98b0e24-fea8-4664-923b-29c4e090f463 None admin] PATH_INFO: `/v3/roles` {{(pid=81712) log_request_info /opt/stack/keystone/keystone/server/flask/request_processing/req_logging.py:28}}
Mar 19 20:12:51 ubuntu devstack@keystone.service[81712]: DEBUG keystone.common.rbac_enforcer.enforcer [None req-e98b0e24-fea8-4664-923b-29c4e090f463 None admin] RBAC: Authorizing `identity:create_role()` {{(pid=81712) enforce_call /opt/stack/keystone/keystone/common/rbac_enforcer/enforcer.py:494}}
Mar 19 20:12:51 ubuntu devstack@keystone.service[81712]: DEBUG keystone.common.rbac_enforcer.enforcer [None req-e98b0e24-fea8-4664-923b-29c4e090f463 None admin] RBAC: Authorization granted {{(pid=81712) enforce_call /opt/stack/keystone/keystone/common/rbac_enforcer/enforcer.py:505}}
Mar 19 20:12:51 ubuntu devstack@keystone.service[81712]: DEBUG keystone.common.sql.core [None req-e98b0e24-fea8-4664-923b-29c4e090f463 None admin] Conflict role: (pymysql.err.IntegrityError) (1062, "Duplicate entry 'service-<<null>>' for key 'role.ixu_role_name_domain_id'")
Mar 19 20:12:51 ubuntu devstack@keystone.service[81712]: [SQL: INSERT INTO `role` (id, name, description, extra) VALUES (%(id)s, %(name)s, %(description)s, %(extra)s)]
Mar 19 20:12:51 ubuntu devstack@keystone.service[81712]: [parameters: {'id': '8da9932cf4ab48fcad6cbcdc4b936066', 'name': 'service', 'description': None, 'extra': '{}'}]
Mar 19 20:12:51 ubuntu devstack@keystone.service[81712]: (Background on this error at: https://sqlalche.me/e/20/gkpj) {{(pid=81712) wrapper /opt/stack/keystone/keystone/common/sql/core.py:580}}
Mar 19 20:12:51 ubuntu devstack@keystone.service[81712]: ERROR keystone.server.flask.application [None req-e98b0e24-fea8-4664-923b-29c4e090f463 None admin] Conflict occurred attempting to store role - Duplicate entry found with name service.: keystone.exception.Conflict: Conflict occurred attempting to store role - Duplicate entry found with name service.
Mar 19 20:12:51 ubuntu devstack@keystone.service[81712]: ERROR keystone.server.flask.application Traceback (most recent call last):
Mar 19 20:12:51 ubuntu devstack@keystone.service[81712]: ERROR keystone.server.flask.application   File "/opt/stack/data/venv/lib/python3.10/site-packages/sqlalchemy/engine/base.py", line 1967, in _exec_single_context
Mar 19 20:12:51 ubuntu devstack@keystone.service[81712]: ERROR keystone.server.flask.application     self.dialect.do_execute(
Mar 19 20:12:51 ubuntu devstack@keystone.service[81712]: ERROR keystone.server.flask.application   File "/opt/stack/data/venv/lib/python3.10/site-packages/sqlalchemy/engine/default.py", line 952, in do_execute
Mar 19 20:12:51 ubuntu devstack@keystone.service[81712]: ERROR keystone.server.flask.application     cursor.execute(statement, parameters)
Mar 19 20:12:51 ubuntu devstack@keystone.service[81712]: ERROR keystone.server.flask.application   File "/opt/stack/data/venv/lib/python3.10/site-packages/pymysql/cursors.py", line 153, in execute
Mar 19 20:12:51 ubuntu devstack@keystone.service[81712]: ERROR keystone.server.flask.application     result = self._query(query)
Mar 19 20:12:51 ubuntu devstack@keystone.service[81712]: ERROR keystone.server.flask.application   File "/opt/stack/data/venv/lib/python3.10/site-packages/pymysql/cursors.py", line 322, in _query
Mar 19 20:12:51 ubuntu devstack@keystone.service[81712]: ERROR keystone.server.flask.application     conn.query(q)
Mar 19 20:12:51 ubuntu devstack@keystone.service[81712]: ERROR keystone.server.flask.application   File "/opt/stack/data/venv/lib/python3.10/site-packages/pymysql/connections.py", line 575, in query
Mar 19 20:12:51 ubuntu devstack@keystone.service[81712]: ERROR keystone.server.flask.application     self._affected_rows = self._read_query_result(unbuffered=unbuffered)
Mar 19 20:12:51 ubuntu devstack@keystone.service[81712]: ERROR keystone.server.flask.application   File "/opt/stack/data/venv/lib/python3.10/site-packages/pymysql/connections.py", line 826, in _read_query_result
Mar 19 20:12:51 ubuntu devstack@keystone.service[81712]: ERROR keystone.server.flask.application     result.read()
Mar 19 20:12:51 ubuntu devstack@keystone.service[81712]: ERROR keystone.server.flask.application   File "/opt/stack/data/venv/lib/python3.10/site-packages/pymysql/connections.py", line 1203, in read
Mar 19 20:12:51 ubuntu devstack@keystone.service[81712]: ERROR keystone.server.flask.application     first_packet = self.connection._read_packet()
Mar 19 20:12:51 ubuntu devstack@keystone.service[81712]: ERROR keystone.server.flask.application   File "/opt/stack/data/venv/lib/python3.10/site-packages/pymysql/connections.py", line 782, in _read_packet
Mar 19 20:12:51 ubuntu devstack@keystone.service[81712]: ERROR keystone.server.flask.application     packet.raise_for_error()
Mar 19 20:12:51 ubuntu devstack@keystone.service[81712]: ERROR keystone.server.flask.application   File "/opt/stack/data/venv/lib/python3.10/site-packages/pymysql/protocol.py", line 219, in raise_for_error
Mar 19 20:12:51 ubuntu devstack@keystone.service[81712]: ERROR keystone.server.flask.application     err.raise_mysql_exception(self._data)
Mar 19 20:12:51 ubuntu devstack@keystone.service[81712]: ERROR keystone.server.flask.application   File "/opt/stack/data/venv/lib/python3.10/site-packages/pymysql/err.py", line 150, in raise_mysql_exception
Mar 19 20:12:51 ubuntu devstack@keystone.service[81712]: ERROR keystone.server.flask.application     raise errorclass(errno, errval)
Mar 19 20:12:51 ubuntu devstack@keystone.service[81712]: ERROR keystone.server.flask.application pymysql.err.IntegrityError: (1062, "Duplicate entry 'service-<<null>>' for key 'role.ixu_role_name_domain_id'")
Mar 19 20:12:51 ubuntu devstack@keystone.service[81712]: ERROR keystone.server.flask.application 
Mar 19 20:12:51 ubuntu devstack@keystone.service[81712]: ERROR keystone.server.flask.application The above exception was the direct cause of the following exception:
Mar 19 20:12:51 ubuntu devstack@keystone.service[81712]: ERROR keystone.server.flask.application 
Mar 19 20:12:51 ubuntu devstack@keystone.service[81712]: ERROR keystone.server.flask.application Traceback (most recent call last):
Mar 19 20:12:51 ubuntu devstack@keystone.service[81712]: ERROR keystone.server.flask.application   File "/opt/stack/keystone/keystone/common/sql/core.py", line 575, in wrapper
Mar 19 20:12:51 ubuntu devstack@keystone.service[81712]: ERROR keystone.server.flask.application     return method(*args, **kwargs)
Mar 19 20:12:51 ubuntu devstack@keystone.service[81712]: ERROR keystone.server.flask.application   File "/opt/stack/keystone/keystone/assignment/role_backends/sql.py", line 25, in create_role
Mar 19 20:12:51 ubuntu devstack@keystone.service[81712]: ERROR keystone.server.flask.application     with sql.session_for_write() as session:
Mar 19 20:12:51 ubuntu devstack@keystone.service[81712]: ERROR keystone.server.flask.application   File "/usr/lib/python3.10/contextlib.py", line 142, in __exit__
Mar 19 20:12:51 ubuntu devstack@keystone.service[81712]: ERROR keystone.server.flask.application     next(self.gen)
Mar 19 20:12:51 ubuntu devstack@keystone.service[81712]: ERROR keystone.server.flask.application   File "/opt/stack/data/venv/lib/python3.10/site-packages/oslo_db/sqlalchemy/enginefacade.py", line 1175, in _transaction_scope
Mar 19 20:12:51 ubuntu devstack@keystone.service[81712]: ERROR keystone.server.flask.application     with current._produce_block(
Mar 19 20:12:51 ubuntu devstack@keystone.service[81712]: ERROR keystone.server.flask.application   File "/usr/lib/python3.10/contextlib.py", line 142, in __exit__
Mar 19 20:12:51 ubuntu devstack@keystone.service[81712]: ERROR keystone.server.flask.application     next(self.gen)
Mar 19 20:12:51 ubuntu devstack@keystone.service[81712]: ERROR keystone.server.flask.application   File "/opt/stack/data/venv/lib/python3.10/site-packages/oslo_db/sqlalchemy/enginefacade.py", line 837, in _session
Mar 19 20:12:51 ubuntu devstack@keystone.service[81712]: ERROR keystone.server.flask.application     with excutils.save_and_reraise_exception():
Mar 19 20:12:51 ubuntu devstack@keystone.service[81712]: ERROR keystone.server.flask.application   File "/opt/stack/data/venv/lib/python3.10/site-packages/oslo_utils/excutils.py", line 267, in __exit__
Mar 19 20:12:51 ubuntu devstack@keystone.service[81712]: ERROR keystone.server.flask.application     self.force_reraise()
Mar 19 20:12:51 ubuntu devstack@keystone.service[81712]: ERROR keystone.server.flask.application   File "/opt/stack/data/venv/lib/python3.10/site-packages/oslo_utils/excutils.py", line 233, in force_reraise
Mar 19 20:12:51 ubuntu devstack@keystone.service[81712]: ERROR keystone.server.flask.application     raise self.value
Mar 19 20:12:51 ubuntu devstack@keystone.service[81712]: ERROR keystone.server.flask.application   File "/opt/stack/data/venv/lib/python3.10/site-packages/oslo_db/sqlalchemy/enginefacade.py", line 835, in _session
Mar 19 20:12:51 ubuntu devstack@keystone.service[81712]: ERROR keystone.server.flask.application     self._end_session_transaction(self.session)
Mar 19 20:12:51 ubuntu devstack@keystone.service[81712]: ERROR keystone.server.flask.application   File "/opt/stack/data/venv/lib/python3.10/site-packages/oslo_db/sqlalchemy/enginefacade.py", line 748, in _end_session_transaction
Mar 19 20:12:51 ubuntu devstack@keystone.service[81712]: ERROR keystone.server.flask.application     session.commit()
Mar 19 20:12:51 ubuntu devstack@keystone.service[81712]: ERROR keystone.server.flask.application   File "/opt/stack/data/venv/lib/python3.10/site-packages/sqlalchemy/orm/session.py", line 2030, in commit
Mar 19 20:12:51 ubuntu devstack@keystone.service[81712]: ERROR keystone.server.flask.application     trans.commit(_to_root=True)
Mar 19 20:12:51 ubuntu devstack@keystone.service[81712]: ERROR keystone.server.flask.application   File "<string>", line 2, in commit
Mar 19 20:12:51 ubuntu devstack@keystone.service[81712]: ERROR keystone.server.flask.application   File "/opt/stack/data/venv/lib/python3.10/site-packages/sqlalchemy/orm/state_changes.py", line 137, in _go
Mar 19 20:12:51 ubuntu devstack@keystone.service[81712]: ERROR keystone.server.flask.application     ret_value = fn(self, *arg, **kw)
Mar 19 20:12:51 ubuntu devstack@keystone.service[81712]: ERROR keystone.server.flask.application   File "/opt/stack/data/venv/lib/python3.10/site-packages/sqlalchemy/orm/session.py", line 1311, in commit
Mar 19 20:12:51 ubuntu devstack@keystone.service[81712]: ERROR keystone.server.flask.application     self._prepare_impl()
Mar 19 20:12:51 ubuntu devstack@keystone.service[81712]: ERROR keystone.server.flask.application   File "<string>", line 2, in _prepare_impl
Mar 19 20:12:51 ubuntu devstack@keystone.service[81712]: ERROR keystone.server.flask.application   File "/opt/stack/data/venv/lib/python3.10/site-packages/sqlalchemy/orm/state_changes.py", line 137, in _go
Mar 19 20:12:51 ubuntu devstack@keystone.service[81712]: ERROR keystone.server.flask.application     ret_value = fn(self, *arg, **kw)
Mar 19 20:12:51 ubuntu devstack@keystone.service[81712]: ERROR keystone.server.flask.application   File "/opt/stack/data/venv/lib/python3.10/site-packages/sqlalchemy/orm/session.py", line 1286, in _prepare_impl
Mar 19 20:12:51 ubuntu devstack@keystone.service[81712]: ERROR keystone.server.flask.application     self.session.flush()
Mar 19 20:12:51 ubuntu devstack@keystone.service[81712]: ERROR keystone.server.flask.application   File "/opt/stack/data/venv/lib/python3.10/site-packages/sqlalchemy/orm/session.py", line 4331, in flush
Mar 19 20:12:51 ubuntu devstack@keystone.service[81712]: ERROR keystone.server.flask.application     self._flush(objects)
Mar 19 20:12:51 ubuntu devstack@keystone.service[81712]: ERROR keystone.server.flask.application   File "/opt/stack/data/venv/lib/python3.10/site-packages/sqlalchemy/orm/session.py", line 4466, in _flush
Mar 19 20:12:51 ubuntu devstack@keystone.service[81712]: ERROR keystone.server.flask.application     with util.safe_reraise():
Mar 19 20:12:51 ubuntu devstack@keystone.service[81712]: ERROR keystone.server.flask.application   File "/opt/stack/data/venv/lib/python3.10/site-packages/sqlalchemy/util/langhelpers.py", line 224, in __exit__
Mar 19 20:12:51 ubuntu devstack@keystone.service[81712]: ERROR keystone.server.flask.application     raise exc_value.with_traceback(exc_tb)
Mar 19 20:12:51 ubuntu devstack@keystone.service[81712]: ERROR keystone.server.flask.application   File "/opt/stack/data/venv/lib/python3.10/site-packages/sqlalchemy/orm/session.py", line 4427, in _flush
Mar 19 20:12:51 ubuntu devstack@keystone.service[81712]: ERROR keystone.server.flask.application     flush_context.execute()
Mar 19 20:12:51 ubuntu devstack@keystone.service[81712]: ERROR keystone.server.flask.application   File "/opt/stack/data/venv/lib/python3.10/site-packages/sqlalchemy/orm/unitofwork.py", line 466, in execute
Mar 19 20:12:51 ubuntu devstack@keystone.service[81712]: ERROR keystone.server.flask.application     rec.execute(self)
Mar 19 20:12:51 ubuntu devstack@keystone.service[81712]: ERROR keystone.server.flask.application   File "/opt/stack/data/venv/lib/python3.10/site-packages/sqlalchemy/orm/unitofwork.py", line 642, in execute
Mar 19 20:12:51 ubuntu devstack@keystone.service[81712]: ERROR keystone.server.flask.application     util.preloaded.orm_persistence.save_obj(
Mar 19 20:12:51 ubuntu devstack@keystone.service[81712]: ERROR keystone.server.flask.application   File "/opt/stack/data/venv/lib/python3.10/site-packages/sqlalchemy/orm/persistence.py", line 93, in save_obj
Mar 19 20:12:51 ubuntu devstack@keystone.service[81712]: ERROR keystone.server.flask.application     _emit_insert_statements(
Mar 19 20:12:51 ubuntu devstack@keystone.service[81712]: ERROR keystone.server.flask.application   File "/opt/stack/data/venv/lib/python3.10/site-packages/sqlalchemy/orm/persistence.py", line 1048, in _emit_insert_statements
Mar 19 20:12:51 ubuntu devstack@keystone.service[81712]: ERROR keystone.server.flask.application     result = connection.execute(
