Mar 06 03:16:56 ubuntu devstack@keystone.service[81780]: [pid: 81780|app: 0|req: 11/23] 10.201.5.82 () {54 vars in 920 bytes} [Fri Mar  6 03:16:56 2026] GET /identity => generated 270 bytes in 3 msecs (HTTP/1.1 300) 6 headers in 234 bytes (1 switches on core 0)
Mar 06 03:16:56 ubuntu devstack@keystone.service[81779]: DEBUG keystone.server.flask.request_processing.req_logging [None req-355e1318-4e10-4ee6-b997-dc2cd28755ef None None] REQUEST_METHOD: `POST` {{(pid=81779) log_request_info /opt/stack/keystone/keystone/server/flask/request_processing/req_logging.py:26}}
Mar 06 03:16:56 ubuntu devstack@keystone.service[81779]: DEBUG keystone.server.flask.request_processing.req_logging [None req-355e1318-4e10-4ee6-b997-dc2cd28755ef None None] SCRIPT_NAME: `/identity` {{(pid=81779) log_request_info /opt/stack/keystone/keystone/server/flask/request_processing/req_logging.py:27}}
Mar 06 03:16:56 ubuntu devstack@keystone.service[81779]: DEBUG keystone.server.flask.request_processing.req_logging [None req-355e1318-4e10-4ee6-b997-dc2cd28755ef None None] PATH_INFO: `/v3/auth/tokens` {{(pid=81779) log_request_info /opt/stack/keystone/keystone/server/flask/request_processing/req_logging.py:28}}
Mar 06 03:16:56 ubuntu devstack@keystone.service[81779]: WARNING keystone.common.password_hashing [None req-355e1318-4e10-4ee6-b997-dc2cd28755ef None None] Truncating password to algorithm specific maximum length 72 characters.
Mar 06 03:16:56 ubuntu devstack@keystone.service[81779]: DEBUG keystone.auth.core [None req-355e1318-4e10-4ee6-b997-dc2cd28755ef None None] MFA Rules not processed for user `8b1a7634f8054750b02ead04e0464183`. Rule list: `[]` (Enabled: `True`). {{(pid=81779) check_auth_methods_against_rules /opt/stack/keystone/keystone/auth/core.py:476}}
Mar 06 03:16:56 ubuntu devstack@keystone.service[81779]: DEBUG keystone.common.fernet_utils [None req-355e1318-4e10-4ee6-b997-dc2cd28755ef None None] Loaded 2 Fernet keys from /etc/keystone/fernet-keys/, but `[fernet_tokens] max_active_keys = 3`; perhaps there have not been enough key rotations to reach `max_active_keys` yet? {{(pid=81779) load_keys /opt/stack/keystone/keystone/common/fernet_utils.py:297}}
Mar 06 03:16:56 ubuntu devstack@keystone.service[81780]: DEBUG keystone.server.flask.request_processing.req_logging [None req-850de034-8fc4-4484-83f2-0b2652ed6b79 None None] REQUEST_METHOD: `GET` {{(pid=81780) log_request_info /opt/stack/keystone/keystone/server/flask/request_processing/req_logging.py:26}}
Mar 06 03:16:56 ubuntu devstack@keystone.service[81780]: DEBUG keystone.server.flask.request_processing.req_logging [None req-850de034-8fc4-4484-83f2-0b2652ed6b79 None None] SCRIPT_NAME: `/identity` {{(pid=81780) log_request_info /opt/stack/keystone/keystone/server/flask/request_processing/req_logging.py:27}}
Mar 06 03:16:56 ubuntu devstack@keystone.service[81780]: DEBUG keystone.server.flask.request_processing.req_logging [None req-850de034-8fc4-4484-83f2-0b2652ed6b79 None None] PATH_INFO: `/` {{(pid=81780) log_request_info /opt/stack/keystone/keystone/server/flask/request_processing/req_logging.py:28}}
Mar 06 03:16:56 ubuntu devstack@keystone.service[81780]: [pid: 81780|app: 0|req: 12/24] 10.201.5.82 () {54 vars in 920 bytes} [Fri Mar  6 03:16:56 2026] GET /identity => generated 270 bytes in 2 msecs (HTTP/1.1 300) 6 headers in 234 bytes (1 switches on core 0)
Mar 06 03:16:56 ubuntu devstack@keystone.service[81780]: DEBUG keystone.server.flask.request_processing.req_logging [None req-568dc8d5-c039-421c-8362-203700fa590e None None] REQUEST_METHOD: `POST` {{(pid=81780) log_request_info /opt/stack/keystone/keystone/server/flask/request_processing/req_logging.py:26}}
Mar 06 03:16:56 ubuntu devstack@keystone.service[81780]: DEBUG keystone.server.flask.request_processing.req_logging [None req-568dc8d5-c039-421c-8362-203700fa590e None None] SCRIPT_NAME: `/identity` {{(pid=81780) log_request_info /opt/stack/keystone/keystone/server/flask/request_processing/req_logging.py:27}}
Mar 06 03:16:56 ubuntu devstack@keystone.service[81780]: DEBUG keystone.server.flask.request_processing.req_logging [None req-568dc8d5-c039-421c-8362-203700fa590e None None] PATH_INFO: `/v3/auth/tokens` {{(pid=81780) log_request_info /opt/stack/keystone/keystone/server/flask/request_processing/req_logging.py:28}}
Mar 06 03:16:56 ubuntu devstack@keystone.service[81779]: [pid: 81779|app: 0|req: 13/25] 10.201.5.82 () {58 vars in 1017 bytes} [Fri Mar  6 03:16:56 2026] POST /identity/v3/auth/tokens => generated 862 bytes in 62 msecs (HTTP/1.1 201) 6 headers in 363 bytes (1 switches on core 0)
Mar 06 03:16:56 ubuntu devstack@keystone.service[81780]: WARNING keystone.common.password_hashing [None req-568dc8d5-c039-421c-8362-203700fa590e None None] Truncating password to algorithm specific maximum length 72 characters.
Mar 06 03:16:56 ubuntu devstack@keystone.service[81780]: DEBUG keystone.auth.core [None req-568dc8d5-c039-421c-8362-203700fa590e None None] MFA Rules not processed for user `8b1a7634f8054750b02ead04e0464183`. Rule list: `[]` (Enabled: `True`). {{(pid=81780) check_auth_methods_against_rules /opt/stack/keystone/keystone/auth/core.py:476}}
Mar 06 03:16:56 ubuntu devstack@keystone.service[81780]: DEBUG keystone.common.fernet_utils [None req-568dc8d5-c039-421c-8362-203700fa590e None None] Loaded 2 Fernet keys from /etc/keystone/fernet-keys/, but `[fernet_tokens] max_active_keys = 3`; perhaps there have not been enough key rotations to reach `max_active_keys` yet? {{(pid=81780) load_keys /opt/stack/keystone/keystone/common/fernet_utils.py:297}}
Mar 06 03:16:56 ubuntu devstack@keystone.service[81780]: [pid: 81780|app: 0|req: 13/26] 10.201.5.82 () {58 vars in 1017 bytes} [Fri Mar  6 03:16:56 2026] POST /identity/v3/auth/tokens => generated 862 bytes in 70 msecs (HTTP/1.1 201) 6 headers in 363 bytes (2 switches on core 0)
Mar 06 03:16:56 ubuntu devstack@keystone.service[81779]: DEBUG keystone.server.flask.request_processing.req_logging [None req-6c44da82-9eb3-4888-9901-815c20b0a8b8 None None] REQUEST_METHOD: `GET` {{(pid=81779) log_request_info /opt/stack/keystone/keystone/server/flask/request_processing/req_logging.py:26}}
Mar 06 03:16:56 ubuntu devstack@keystone.service[81779]: DEBUG keystone.server.flask.request_processing.req_logging [None req-6c44da82-9eb3-4888-9901-815c20b0a8b8 None None] SCRIPT_NAME: `/identity` {{(pid=81779) log_request_info /opt/stack/keystone/keystone/server/flask/request_processing/req_logging.py:27}}
Mar 06 03:16:56 ubuntu devstack@keystone.service[81779]: DEBUG keystone.server.flask.request_processing.req_logging [None req-6c44da82-9eb3-4888-9901-815c20b0a8b8 None None] PATH_INFO: `/` {{(pid=81779) log_request_info /opt/stack/keystone/keystone/server/flask/request_processing/req_logging.py:28}}
Mar 06 03:16:56 ubuntu devstack@keystone.service[81779]: [pid: 81779|app: 0|req: 14/27] 10.201.5.82 () {54 vars in 920 bytes} [Fri Mar  6 03:16:56 2026] GET /identity => generated 270 bytes in 2 msecs (HTTP/1.1 300) 6 headers in 234 bytes (1 switches on core 0)
Mar 06 03:16:56 ubuntu devstack@keystone.service[81780]: DEBUG keystone.server.flask.request_processing.req_logging [None req-a478e50c-5d78-4939-b282-075357ab76f8 None None] REQUEST_METHOD: `POST` {{(pid=81780) log_request_info /opt/stack/keystone/keystone/server/flask/request_processing/req_logging.py:26}}
Mar 06 03:16:56 ubuntu devstack@keystone.service[81780]: DEBUG keystone.server.flask.request_processing.req_logging [None req-a478e50c-5d78-4939-b282-075357ab76f8 None None] SCRIPT_NAME: `/identity` {{(pid=81780) log_request_info /opt/stack/keystone/keystone/server/flask/request_processing/req_logging.py:27}}
Mar 06 03:16:56 ubuntu devstack@keystone.service[81780]: DEBUG keystone.server.flask.request_processing.req_logging [None req-a478e50c-5d78-4939-b282-075357ab76f8 None None] PATH_INFO: `/v3/auth/tokens` {{(pid=81780) log_request_info /opt/stack/keystone/keystone/server/flask/request_processing/req_logging.py:28}}
Mar 06 03:16:56 ubuntu devstack@keystone.service[81780]: WARNING keystone.common.password_hashing [None req-a478e50c-5d78-4939-b282-075357ab76f8 None None] Truncating password to algorithm specific maximum length 72 characters.
Mar 06 03:16:56 ubuntu devstack@keystone.service[81780]: DEBUG keystone.auth.core [None req-a478e50c-5d78-4939-b282-075357ab76f8 None None] MFA Rules not processed for user `8b1a7634f8054750b02ead04e0464183`. Rule list: `[]` (Enabled: `True`). {{(pid=81780) check_auth_methods_against_rules /opt/stack/keystone/keystone/auth/core.py:476}}
Mar 06 03:16:56 ubuntu devstack@keystone.service[81780]: DEBUG keystone.common.fernet_utils [None req-a478e50c-5d78-4939-b282-075357ab76f8 None None] Loaded 2 Fernet keys from /etc/keystone/fernet-keys/, but `[fernet_tokens] max_active_keys = 3`; perhaps there have not been enough key rotations to reach `max_active_keys` yet? {{(pid=81780) load_keys /opt/stack/keystone/keystone/common/fernet_utils.py:297}}
Mar 06 03:16:56 ubuntu devstack@keystone.service[81780]: [pid: 81780|app: 0|req: 14/28] 10.201.5.82 () {58 vars in 1017 bytes} [Fri Mar  6 03:16:56 2026] POST /identity/v3/auth/tokens => generated 862 bytes in 52 msecs (HTTP/1.1 201) 6 headers in 363 bytes (1 switches on core 0)
Mar 06 03:16:56 ubuntu devstack@keystone.service[81779]: DEBUG keystone.server.flask.request_processing.middleware.auth_context [None req-6c44da82-9eb3-4888-9901-815c20b0a8b8 None None] Authenticating user token {{(pid=81779) process_request /opt/stack/data/venv/lib/python3.10/site-packages/keystonemiddleware/auth_token/__init__.py:407}}
Mar 06 03:16:56 ubuntu devstack@keystone.service[81780]: DEBUG keystone.server.flask.request_processing.middleware.auth_context [None req-a478e50c-5d78-4939-b282-075357ab76f8 None None] Authenticating user token {{(pid=81780) process_request /opt/stack/data/venv/lib/python3.10/site-packages/keystonemiddleware/auth_token/__init__.py:407}}
Mar 06 03:16:56 ubuntu devstack@keystone.service[81779]: DEBUG keystone.server.flask.request_processing.middleware.auth_context [None req-6c44da82-9eb3-4888-9901-815c20b0a8b8 None None] Validating token access rules against request {{(pid=81779) validate_allowed_request /opt/stack/data/venv/lib/python3.10/site-packages/keystonemiddleware/auth_token/__init__.py:545}}
Mar 06 03:16:56 ubuntu devstack@keystone.service[81780]: DEBUG keystone.server.flask.request_processing.middleware.auth_context [None req-a478e50c-5d78-4939-b282-075357ab76f8 None None] Validating token access rules against request {{(pid=81780) validate_allowed_request /opt/stack/data/venv/lib/python3.10/site-packages/keystonemiddleware/auth_token/__init__.py:545}}
Mar 06 03:16:56 ubuntu devstack@keystone.service[81779]: DEBUG keystone.server.flask.request_processing.middleware.auth_context [None req-61391d29-c3a0-4544-903a-d51dac4734a8 None admin] RBAC: auth_context: {'token': <TokenModel (audit_id=TBYTpGCnTnmdOKAD2B3URg, audit_chain_id=['TBYTpGCnTnmdOKAD2B3URg']) at 0x7fac23dfb460>, 'domain_id': None, 'trust_id': None, 'trustor_id': None, 'trustee_id': None, 'domain_name': None, 'group_ids': [], 'user_id': '8b1a7634f8054750b02ead04e0464183', 'user_domain_id': 'default', 'system_scope': 'all', 'project_id': None, 'project_domain_id': None, 'roles': ['admin', 'manager', 'member', 'reader'], 'is_admin_project': True, 'service_user_id': None, 'service_user_domain_id': None, 'service_project_id': None, 'service_project_domain_id': None, 'service_roles': []} {{(pid=81779) fill_context /opt/stack/keystone/keystone/server/flask/request_processing/middleware/auth_context.py:509}}
Mar 06 03:16:56 ubuntu devstack@keystone.service[81779]: DEBUG keystone.server.flask.request_processing.req_logging [None req-61391d29-c3a0-4544-903a-d51dac4734a8 None admin] REQUEST_METHOD: `GET` {{(pid=81779) log_request_info /opt/stack/keystone/keystone/server/flask/request_processing/req_logging.py:26}}
Mar 06 03:16:56 ubuntu devstack@keystone.service[81779]: DEBUG keystone.server.flask.request_processing.req_logging [None req-61391d29-c3a0-4544-903a-d51dac4734a8 None admin] SCRIPT_NAME: `/identity` {{(pid=81779) log_request_info /opt/stack/keystone/keystone/server/flask/request_processing/req_logging.py:27}}
Mar 06 03:16:56 ubuntu devstack@keystone.service[81779]: DEBUG keystone.server.flask.request_processing.req_logging [None req-61391d29-c3a0-4544-903a-d51dac4734a8 None admin] PATH_INFO: `/v3/roles/admin` {{(pid=81779) log_request_info /opt/stack/keystone/keystone/server/flask/request_processing/req_logging.py:28}}
Mar 06 03:16:56 ubuntu devstack@keystone.service[81780]: DEBUG keystone.server.flask.request_processing.middleware.auth_context [None req-3bd3ffd8-bd28-4d71-a7ec-3f99d1298f02 None admin] RBAC: auth_context: {'token': <TokenModel (audit_id=7yxSuprfSRe8aUrR2pF5ww, audit_chain_id=['7yxSuprfSRe8aUrR2pF5ww']) at 0x7fac23c80310>, 'domain_id': None, 'trust_id': None, 'trustor_id': None, 'trustee_id': None, 'domain_name': None, 'group_ids': [], 'user_id': '8b1a7634f8054750b02ead04e0464183', 'user_domain_id': 'default', 'system_scope': 'all', 'project_id': None, 'project_domain_id': None, 'roles': ['admin', 'manager', 'member', 'reader'], 'is_admin_project': True, 'service_user_id': None, 'service_user_domain_id': None, 'service_project_id': None, 'service_project_domain_id': None, 'service_roles': []} {{(pid=81780) fill_context /opt/stack/keystone/keystone/server/flask/request_processing/middleware/auth_context.py:509}}
Mar 06 03:16:56 ubuntu devstack@keystone.service[81780]: DEBUG keystone.server.flask.request_processing.req_logging [None req-3bd3ffd8-bd28-4d71-a7ec-3f99d1298f02 None admin] REQUEST_METHOD: `GET` {{(pid=81780) log_request_info /opt/stack/keystone/keystone/server/flask/request_processing/req_logging.py:26}}
Mar 06 03:16:56 ubuntu devstack@keystone.service[81780]: DEBUG keystone.server.flask.request_processing.req_logging [None req-3bd3ffd8-bd28-4d71-a7ec-3f99d1298f02 None admin] SCRIPT_NAME: `/identity` {{(pid=81780) log_request_info /opt/stack/keystone/keystone/server/flask/request_processing/req_logging.py:27}}
Mar 06 03:16:56 ubuntu devstack@keystone.service[81780]: DEBUG keystone.server.flask.request_processing.req_logging [None req-3bd3ffd8-bd28-4d71-a7ec-3f99d1298f02 None admin] PATH_INFO: `/v3/domains/Default` {{(pid=81780) log_request_info /opt/stack/keystone/keystone/server/flask/request_processing/req_logging.py:28}}
Mar 06 03:16:56 ubuntu devstack@keystone.service[81779]: DEBUG keystone.common.rbac_enforcer.enforcer [None req-61391d29-c3a0-4544-903a-d51dac4734a8 None admin] Extracting inferred target data resulted in "NOT FOUND (404)". {{(pid=81779) enforce_call /opt/stack/keystone/keystone/common/rbac_enforcer/enforcer.py:445}}
Mar 06 03:16:56 ubuntu devstack@keystone.service[81779]: DEBUG keystone.server.flask.application [None req-61391d29-c3a0-4544-903a-d51dac4734a8 None admin] Could not find role: admin. {{(pid=81779) _handle_keystone_exception /opt/stack/keystone/keystone/server/flask/application.py:146}}
Mar 06 03:16:56 ubuntu devstack@keystone.service[81779]: [pid: 81779|app: 0|req: 15/29] 10.201.5.82 () {56 vars in 1133 bytes} [Fri Mar  6 03:16:56 2026] GET /identity/v3/roles/admin => generated 83 bytes in 104 msecs (HTTP/1.1 404) 5 headers in 183 bytes (1 switches on core 0)
Mar 06 03:16:56 ubuntu devstack@keystone.service[81779]: DEBUG keystone.server.flask.request_processing.middleware.auth_context [None req-61391d29-c3a0-4544-903a-d51dac4734a8 None admin] Authenticating user token {{(pid=81779) process_request /opt/stack/data/venv/lib/python3.10/site-packages/keystonemiddleware/auth_token/__init__.py:407}}
Mar 06 03:16:56 ubuntu devstack@keystone.service[81780]: DEBUG keystone.common.rbac_enforcer.enforcer [None req-3bd3ffd8-bd28-4d71-a7ec-3f99d1298f02 None admin] RBAC: Authorizing `identity:get_domain(domain_id=Default)` {{(pid=81780) enforce_call /opt/stack/keystone/keystone/common/rbac_enforcer/enforcer.py:494}}
Mar 06 03:16:56 ubuntu devstack@keystone.service[81780]: DEBUG keystone.common.rbac_enforcer.enforcer [None req-3bd3ffd8-bd28-4d71-a7ec-3f99d1298f02 None admin] RBAC: Authorization granted {{(pid=81780) enforce_call /opt/stack/keystone/keystone/common/rbac_enforcer/enforcer.py:505}}
Mar 06 03:16:56 ubuntu devstack@keystone.service[81780]: DEBUG keystone.server.flask.application [None req-3bd3ffd8-bd28-4d71-a7ec-3f99d1298f02 None admin] Could not find domain: Default. {{(pid=81780) _handle_keystone_exception /opt/stack/keystone/keystone/server/flask/application.py:146}}
Mar 06 03:16:56 ubuntu devstack@keystone.service[81780]: [pid: 81780|app: 0|req: 15/30] 10.201.5.82 () {56 vars in 1145 bytes} [Fri Mar  6 03:16:56 2026] GET /identity/v3/domains/Default => generated 87 bytes in 117 msecs (HTTP/1.1 404) 5 headers in 183 bytes (2 switches on core 0)
Mar 06 03:16:56 ubuntu devstack@keystone.service[81780]: DEBUG keystone.server.flask.request_processing.middleware.auth_context [None req-3bd3ffd8-bd28-4d71-a7ec-3f99d1298f02 None admin] Authenticating user token {{(pid=81780) process_request /opt/stack/data/venv/lib/python3.10/site-packages/keystonemiddleware/auth_token/__init__.py:407}}
Mar 06 03:16:56 ubuntu devstack@keystone.service[81779]: DEBUG keystone.server.flask.request_processing.middleware.auth_context [None req-61391d29-c3a0-4544-903a-d51dac4734a8 None admin] Validating token access rules against request {{(pid=81779) validate_allowed_request /opt/stack/data/venv/lib/python3.10/site-packages/keystonemiddleware/auth_token/__init__.py:545}}
Mar 06 03:16:56 ubuntu devstack@keystone.service[81780]: DEBUG keystone.server.flask.request_processing.middleware.auth_context [None req-3bd3ffd8-bd28-4d71-a7ec-3f99d1298f02 None admin] Validating token access rules against request {{(pid=81780) validate_allowed_request /opt/stack/data/venv/lib/python3.10/site-packages/keystonemiddleware/auth_token/__init__.py:545}}
Mar 06 03:16:56 ubuntu devstack@keystone.service[81779]: DEBUG keystone.server.flask.request_processing.middleware.auth_context [None req-e2885699-3c72-4545-96e5-1e6c8251c6f4 None admin] RBAC: auth_context: {'token': <TokenModel (audit_id=TBYTpGCnTnmdOKAD2B3URg, audit_chain_id=['TBYTpGCnTnmdOKAD2B3URg']) at 0x7fac23dfb820>, 'domain_id': None, 'trust_id': None, 'trustor_id': None, 'trustee_id': None, 'domain_name': None, 'group_ids': [], 'user_id': '8b1a7634f8054750b02ead04e0464183', 'user_domain_id': 'default', 'system_scope': 'all', 'project_id': None, 'project_domain_id': None, 'roles': ['admin', 'manager', 'member', 'reader'], 'is_admin_project': True, 'service_user_id': None, 'service_user_domain_id': None, 'service_project_id': None, 'service_project_domain_id': None, 'service_roles': []} {{(pid=81779) fill_context /opt/stack/keystone/keystone/server/flask/request_processing/middleware/auth_context.py:509}}
Mar 06 03:16:56 ubuntu devstack@keystone.service[81779]: DEBUG keystone.server.flask.request_processing.req_logging [None req-e2885699-3c72-4545-96e5-1e6c8251c6f4 None admin] REQUEST_METHOD: `GET` {{(pid=81779) log_request_info /opt/stack/keystone/keystone/server/flask/request_processing/req_logging.py:26}}
Mar 06 03:16:56 ubuntu devstack@keystone.service[81779]: DEBUG keystone.server.flask.request_processing.req_logging [None req-e2885699-3c72-4545-96e5-1e6c8251c6f4 None admin] SCRIPT_NAME: `/identity` {{(pid=81779) log_request_info /opt/stack/keystone/keystone/server/flask/request_processing/req_logging.py:27}}
Mar 06 03:16:56 ubuntu devstack@keystone.service[81779]: DEBUG keystone.server.flask.request_processing.req_logging [None req-e2885699-3c72-4545-96e5-1e6c8251c6f4 None admin] PATH_INFO: `/v3/roles` {{(pid=81779) log_request_info /opt/stack/keystone/keystone/server/flask/request_processing/req_logging.py:28}}
Mar 06 03:16:56 ubuntu devstack@keystone.service[81779]: DEBUG keystone.common.rbac_enforcer.enforcer [None req-e2885699-3c72-4545-96e5-1e6c8251c6f4 None admin] RBAC: Adding query filter params (name=admin) {{(pid=81779) _extract_filter_values /opt/stack/keystone/keystone/common/rbac_enforcer/enforcer.py:176}}
Mar 06 03:16:56 ubuntu devstack@keystone.service[81779]: DEBUG keystone.common.rbac_enforcer.enforcer [None req-e2885699-3c72-4545-96e5-1e6c8251c6f4 None admin] RBAC: Authorizing `identity:list_roles()` {{(pid=81779) enforce_call /opt/stack/keystone/keystone/common/rbac_enforcer/enforcer.py:494}}
Mar 06 03:16:56 ubuntu devstack@keystone.service[81779]: DEBUG keystone.common.rbac_enforcer.enforcer [None req-e2885699-3c72-4545-96e5-1e6c8251c6f4 None admin] RBAC: Authorization granted {{(pid=81779) enforce_call /opt/stack/keystone/keystone/common/rbac_enforcer/enforcer.py:505}}
Mar 06 03:16:56 ubuntu devstack@keystone.service[81780]: DEBUG keystone.server.flask.request_processing.middleware.auth_context [None req-35a530bc-fd46-4cdb-b951-5e282afab9c5 None admin] RBAC: auth_context: {'token': <TokenModel (audit_id=7yxSuprfSRe8aUrR2pF5ww, audit_chain_id=['7yxSuprfSRe8aUrR2pF5ww']) at 0x7fac23cd2020>, 'domain_id': None, 'trust_id': None, 'trustor_id': None, 'trustee_id': None, 'domain_name': None, 'group_ids': [], 'user_id': '8b1a7634f8054750b02ead04e0464183', 'user_domain_id': 'default', 'system_scope': 'all', 'project_id': None, 'project_domain_id': None, 'roles': ['admin', 'manager', 'member', 'reader'], 'is_admin_project': True, 'service_user_id': None, 'service_user_domain_id': None, 'service_project_id': None, 'service_project_domain_id': None, 'service_roles': []} {{(pid=81780) fill_context /opt/stack/keystone/keystone/server/flask/request_processing/middleware/auth_context.py:509}}
Mar 06 03:16:56 ubuntu devstack@keystone.service[81779]: [pid: 81779|app: 0|req: 16/31] 10.201.5.82 () {56 vars in 1149 bytes} [Fri Mar  6 03:16:56 2026] GET /identity/v3/roles?name=admin => generated 339 bytes in 74 msecs (HTTP/1.1 200) 5 headers in 177 bytes (1 switches on core 0)
Mar 06 03:16:56 ubuntu devstack@keystone.service[81780]: DEBUG keystone.server.flask.request_processing.req_logging [None req-35a530bc-fd46-4cdb-b951-5e282afab9c5 None admin] REQUEST_METHOD: `GET` {{(pid=81780) log_request_info /opt/stack/keystone/keystone/server/flask/request_processing/req_logging.py:26}}
Mar 06 03:16:56 ubuntu devstack@keystone.service[81779]: DEBUG keystone.server.flask.request_processing.req_logging [None req-7b248eae-af48-4cd1-880b-4fce433159c1 None None] REQUEST_METHOD: `GET` {{(pid=81779) log_request_info /opt/stack/keystone/keystone/server/flask/request_processing/req_logging.py:26}}
Mar 06 03:16:56 ubuntu devstack@keystone.service[81779]: DEBUG keystone.server.flask.request_processing.req_logging [None req-7b248eae-af48-4cd1-880b-4fce433159c1 None None] SCRIPT_NAME: `/identity` {{(pid=81779) log_request_info /opt/stack/keystone/keystone/server/flask/request_processing/req_logging.py:27}}
Mar 06 03:16:56 ubuntu devstack@keystone.service[81779]: DEBUG keystone.server.flask.request_processing.req_logging [None req-7b248eae-af48-4cd1-880b-4fce433159c1 None None] PATH_INFO: `/` {{(pid=81779) log_request_info /opt/stack/keystone/keystone/server/flask/request_processing/req_logging.py:28}}
Mar 06 03:16:56 ubuntu devstack@keystone.service[81780]: DEBUG keystone.server.flask.request_processing.req_logging [None req-35a530bc-fd46-4cdb-b951-5e282afab9c5 None admin] SCRIPT_NAME: `/identity` {{(pid=81780) log_request_info /opt/stack/keystone/keystone/server/flask/request_processing/req_logging.py:27}}
Mar 06 03:16:56 ubuntu devstack@keystone.service[81779]: [pid: 81779|app: 0|req: 17/32] 10.201.5.82 () {54 vars in 920 bytes} [Fri Mar  6 03:16:56 2026] GET /identity => generated 270 bytes in 1 msecs (HTTP/1.1 300) 6 headers in 234 bytes (1 switches on core 0)
Mar 06 03:16:56 ubuntu devstack@keystone.service[81780]: DEBUG keystone.server.flask.request_processing.req_logging [None req-35a530bc-fd46-4cdb-b951-5e282afab9c5 None admin] PATH_INFO: `/v3/domains` {{(pid=81780) log_request_info /opt/stack/keystone/keystone/server/flask/request_processing/req_logging.py:28}}
Mar 06 03:16:56 ubuntu devstack@keystone.service[81780]: DEBUG keystone.common.rbac_enforcer.enforcer [None req-35a530bc-fd46-4cdb-b951-5e282afab9c5 None admin] RBAC: Adding query filter params (name=Default) {{(pid=81780) _extract_filter_values /opt/stack/keystone/keystone/common/rbac_enforcer/enforcer.py:176}}
Mar 06 03:16:56 ubuntu devstack@keystone.service[81780]: DEBUG keystone.common.rbac_enforcer.enforcer [None req-35a530bc-fd46-4cdb-b951-5e282afab9c5 None admin] RBAC: Authorizing `identity:list_domains()` {{(pid=81780) enforce_call /opt/stack/keystone/keystone/common/rbac_enforcer/enforcer.py:494}}
Mar 06 03:16:56 ubuntu devstack@keystone.service[81780]: DEBUG keystone.common.rbac_enforcer.enforcer [None req-35a530bc-fd46-4cdb-b951-5e282afab9c5 None admin] RBAC: Authorization granted {{(pid=81780) enforce_call /opt/stack/keystone/keystone/common/rbac_enforcer/enforcer.py:505}}
Mar 06 03:16:56 ubuntu devstack@keystone.service[81779]: DEBUG keystone.server.flask.request_processing.req_logging [None req-5236e6c7-d677-4fdb-a46d-209b99cc9ff6 None None] REQUEST_METHOD: `POST` {{(pid=81779) log_request_info /opt/stack/keystone/keystone/server/flask/request_processing/req_logging.py:26}}
Mar 06 03:16:56 ubuntu devstack@keystone.service[81779]: DEBUG keystone.server.flask.request_processing.req_logging [None req-5236e6c7-d677-4fdb-a46d-209b99cc9ff6 None None] SCRIPT_NAME: `/identity` {{(pid=81779) log_request_info /opt/stack/keystone/keystone/server/flask/request_processing/req_logging.py:27}}
Mar 06 03:16:56 ubuntu devstack@keystone.service[81779]: DEBUG keystone.server.flask.request_processing.req_logging [None req-5236e6c7-d677-4fdb-a46d-209b99cc9ff6 None None] PATH_INFO: `/v3/auth/tokens` {{(pid=81779) log_request_info /opt/stack/keystone/keystone/server/flask/request_processing/req_logging.py:28}}
Mar 06 03:16:56 ubuntu devstack@keystone.service[81780]: [pid: 81780|app: 0|req: 16/33] 10.201.5.82 () {56 vars in 1159 bytes} [Fri Mar  6 03:16:56 2026] GET /identity/v3/domains?name=Default => generated 308 bytes in 65 msecs (HTTP/1.1 200) 5 headers in 177 bytes (2 switches on core 0)
Mar 06 03:16:56 ubuntu devstack@keystone.service[81780]: DEBUG keystone.server.flask.request_processing.middleware.auth_context [None req-35a530bc-fd46-4cdb-b951-5e282afab9c5 None admin] Authenticating user token {{(pid=81780) process_request /opt/stack/data/venv/lib/python3.10/site-packages/keystonemiddleware/auth_token/__init__.py:407}}
Mar 06 03:16:56 ubuntu devstack@keystone.service[81779]: WARNING keystone.common.password_hashing [None req-5236e6c7-d677-4fdb-a46d-209b99cc9ff6 None None] Truncating password to algorithm specific maximum length 72 characters.
Mar 06 03:16:56 ubuntu devstack@keystone.service[81779]: DEBUG keystone.auth.core [None req-5236e6c7-d677-4fdb-a46d-209b99cc9ff6 None None] MFA Rules not processed for user `8b1a7634f8054750b02ead04e0464183`. Rule list: `[]` (Enabled: `True`). {{(pid=81779) check_auth_methods_against_rules /opt/stack/keystone/keystone/auth/core.py:476}}
Mar 06 03:16:56 ubuntu devstack@keystone.service[81779]: DEBUG keystone.common.fernet_utils [None req-5236e6c7-d677-4fdb-a46d-209b99cc9ff6 None None] Loaded 2 Fernet keys from /etc/keystone/fernet-keys/, but `[fernet_tokens] max_active_keys = 3`; perhaps there have not been enough key rotations to reach `max_active_keys` yet? {{(pid=81779) load_keys /opt/stack/keystone/keystone/common/fernet_utils.py:297}}
Mar 06 03:16:56 ubuntu devstack@keystone.service[81780]: DEBUG keystone.server.flask.request_processing.middleware.auth_context [None req-35a530bc-fd46-4cdb-b951-5e282afab9c5 None admin] Validating token access rules against request {{(pid=81780) validate_allowed_request /opt/stack/data/venv/lib/python3.10/site-packages/keystonemiddleware/auth_token/__init__.py:545}}
Mar 06 03:16:56 ubuntu devstack@keystone.service[81779]: [pid: 81779|app: 0|req: 18/34] 10.201.5.82 () {58 vars in 1017 bytes} [Fri Mar  6 03:16:56 2026] POST /identity/v3/auth/tokens => generated 862 bytes in 67 msecs (HTTP/1.1 201) 6 headers in 363 bytes (1 switches on core 0)
Mar 06 03:16:56 ubuntu devstack@keystone.service[81779]: DEBUG keystone.server.flask.request_processing.middleware.auth_context [None req-5236e6c7-d677-4fdb-a46d-209b99cc9ff6 None None] Authenticating user token {{(pid=81779) process_request /opt/stack/data/venv/lib/python3.10/site-packages/keystonemiddleware/auth_token/__init__.py:407}}
Mar 06 03:16:56 ubuntu devstack@keystone.service[81780]: DEBUG keystone.server.flask.request_processing.middleware.auth_context [None req-cef8e736-aefc-414f-b6e4-fd51d74ade1a None admin] RBAC: auth_context: {'token': <TokenModel (audit_id=TBYTpGCnTnmdOKAD2B3URg, audit_chain_id=['TBYTpGCnTnmdOKAD2B3URg']) at 0x7fac23c82a40>, 'domain_id': None, 'trust_id': None, 'trustor_id': None, 'trustee_id': None, 'domain_name': None, 'group_ids': [], 'user_id': '8b1a7634f8054750b02ead04e0464183', 'user_domain_id': 'default', 'system_scope': 'all', 'project_id': None, 'project_domain_id': None, 'roles': ['admin', 'manager', 'member', 'reader'], 'is_admin_project': True, 'service_user_id': None, 'service_user_domain_id': None, 'service_project_id': None, 'service_project_domain_id': None, 'service_roles': []} {{(pid=81780) fill_context /opt/stack/keystone/keystone/server/flask/request_processing/middleware/auth_context.py:509}}
Mar 06 03:16:56 ubuntu devstack@keystone.service[81780]: DEBUG keystone.server.flask.request_processing.req_logging [None req-cef8e736-aefc-414f-b6e4-fd51d74ade1a None admin] REQUEST_METHOD: `GET` {{(pid=81780) log_request_info /opt/stack/keystone/keystone/server/flask/request_processing/req_logging.py:26}}
Mar 06 03:16:56 ubuntu devstack@keystone.service[81780]: DEBUG keystone.server.flask.request_processing.req_logging [None req-cef8e736-aefc-414f-b6e4-fd51d74ade1a None admin] SCRIPT_NAME: `/identity` {{(pid=81780) log_request_info /opt/stack/keystone/keystone/server/flask/request_processing/req_logging.py:27}}
Mar 06 03:16:56 ubuntu devstack@keystone.service[81780]: DEBUG keystone.server.flask.request_processing.req_logging [None req-cef8e736-aefc-414f-b6e4-fd51d74ade1a None admin] PATH_INFO: `/v3/users/8b1a7634f8054750b02ead04e0464183` {{(pid=81780) log_request_info /opt/stack/keystone/keystone/server/flask/request_processing/req_logging.py:28}}
Mar 06 03:16:56 ubuntu devstack@keystone.service[81780]: DEBUG keystone.common.rbac_enforcer.enforcer [None req-cef8e736-aefc-414f-b6e4-fd51d74ade1a None admin] RBAC: Authorizing `identity:get_user(user_id=8b1a7634f8054750b02ead04e0464183)` {{(pid=81780) enforce_call /opt/stack/keystone/keystone/common/rbac_enforcer/enforcer.py:494}}
Mar 06 03:16:56 ubuntu devstack@keystone.service[81780]: DEBUG keystone.common.rbac_enforcer.enforcer [None req-cef8e736-aefc-414f-b6e4-fd51d74ade1a None admin] RBAC: Authorization granted {{(pid=81780) enforce_call /opt/stack/keystone/keystone/common/rbac_enforcer/enforcer.py:505}}
Mar 06 03:16:56 ubuntu devstack@keystone.service[81780]: [pid: 81780|app: 0|req: 17/35] 10.201.5.82 () {56 vars in 1214 bytes} [Fri Mar  6 03:16:56 2026] GET /identity/v3/users/8b1a7634f8054750b02ead04e0464183 => generated 247 bytes in 68 msecs (HTTP/1.1 200) 5 headers in 177 bytes (1 switches on core 0)
Mar 06 03:16:56 ubuntu devstack@keystone.service[81780]: DEBUG keystone.server.flask.request_processing.middleware.auth_context [None req-cef8e736-aefc-414f-b6e4-fd51d74ade1a None admin] Authenticating user token {{(pid=81780) process_request /opt/stack/data/venv/lib/python3.10/site-packages/keystonemiddleware/auth_token/__init__.py:407}}
Mar 06 03:16:56 ubuntu devstack@keystone.service[81779]: DEBUG keystone.server.flask.request_processing.middleware.auth_context [None req-5236e6c7-d677-4fdb-a46d-209b99cc9ff6 None None] Validating token access rules against request {{(pid=81779) validate_allowed_request /opt/stack/data/venv/lib/python3.10/site-packages/keystonemiddleware/auth_token/__init__.py:545}}
Mar 06 03:16:56 ubuntu devstack@keystone.service[81780]: DEBUG keystone.server.flask.request_processing.middleware.auth_context [None req-cef8e736-aefc-414f-b6e4-fd51d74ade1a None admin] Validating token access rules against request {{(pid=81780) validate_allowed_request /opt/stack/data/venv/lib/python3.10/site-packages/keystonemiddleware/auth_token/__init__.py:545}}
Mar 06 03:16:56 ubuntu devstack@keystone.service[81779]: DEBUG keystone.server.flask.request_processing.middleware.auth_context [None req-d2da7e74-be9e-4752-98d8-7f712bc6ebab None admin] RBAC: auth_context: {'token': <TokenModel (audit_id=7yxSuprfSRe8aUrR2pF5ww, audit_chain_id=['7yxSuprfSRe8aUrR2pF5ww']) at 0x7fac23da75b0>, 'domain_id': None, 'trust_id': None, 'trustor_id': None, 'trustee_id': None, 'domain_name': None, 'group_ids': [], 'user_id': '8b1a7634f8054750b02ead04e0464183', 'user_domain_id': 'default', 'system_scope': 'all', 'project_id': None, 'project_domain_id': None, 'roles': ['admin', 'manager', 'member', 'reader'], 'is_admin_project': True, 'service_user_id': None, 'service_user_domain_id': None, 'service_project_id': None, 'service_project_domain_id': None, 'service_roles': []} {{(pid=81779) fill_context /opt/stack/keystone/keystone/server/flask/request_processing/middleware/auth_context.py:509}}
Mar 06 03:16:56 ubuntu devstack@keystone.service[81779]: DEBUG keystone.server.flask.request_processing.req_logging [None req-d2da7e74-be9e-4752-98d8-7f712bc6ebab None admin] REQUEST_METHOD: `POST` {{(pid=81779) log_request_info /opt/stack/keystone/keystone/server/flask/request_processing/req_logging.py:26}}
Mar 06 03:16:56 ubuntu devstack@keystone.service[81779]: DEBUG keystone.server.flask.request_processing.req_logging [None req-d2da7e74-be9e-4752-98d8-7f712bc6ebab None admin] SCRIPT_NAME: `/identity` {{(pid=81779) log_request_info /opt/stack/keystone/keystone/server/flask/request_processing/req_logging.py:27}}
Mar 06 03:16:56 ubuntu devstack@keystone.service[81779]: DEBUG keystone.server.flask.request_processing.req_logging [None req-d2da7e74-be9e-4752-98d8-7f712bc6ebab None admin] PATH_INFO: `/v3/projects` {{(pid=81779) log_request_info /opt/stack/keystone/keystone/server/flask/request_processing/req_logging.py:28}}
Mar 06 03:16:56 ubuntu devstack@keystone.service[81779]: DEBUG keystone.common.rbac_enforcer.enforcer [None req-d2da7e74-be9e-4752-98d8-7f712bc6ebab None admin] RBAC: Authorizing `identity:create_project()` {{(pid=81779) enforce_call /opt/stack/keystone/keystone/common/rbac_enforcer/enforcer.py:494}}
Mar 06 03:16:56 ubuntu devstack@keystone.service[81779]: DEBUG keystone.common.rbac_enforcer.enforcer [None req-d2da7e74-be9e-4752-98d8-7f712bc6ebab None admin] RBAC: Authorization granted {{(pid=81779) enforce_call /opt/stack/keystone/keystone/common/rbac_enforcer/enforcer.py:505}}
Mar 06 03:16:56 ubuntu devstack@keystone.service[81780]: DEBUG keystone.server.flask.request_processing.middleware.auth_context [None req-929e4891-0166-4184-bd99-d584e24cb7e0 None admin] RBAC: auth_context: {'token': <TokenModel (audit_id=zgaxVEEWRGimc4k3QY17Yw, audit_chain_id=['zgaxVEEWRGimc4k3QY17Yw']) at 0x7fac23c83d90>, 'domain_id': None, 'trust_id': None, 'trustor_id': None, 'trustee_id': None, 'domain_name': None, 'group_ids': [], 'user_id': '8b1a7634f8054750b02ead04e0464183', 'user_domain_id': 'default', 'system_scope': 'all', 'project_id': None, 'project_domain_id': None, 'roles': ['admin', 'manager', 'member', 'reader'], 'is_admin_project': True, 'service_user_id': None, 'service_user_domain_id': None, 'service_project_id': None, 'service_project_domain_id': None, 'service_roles': []} {{(pid=81780) fill_context /opt/stack/keystone/keystone/server/flask/request_processing/middleware/auth_context.py:509}}
Mar 06 03:16:56 ubuntu devstack@keystone.service[81780]: DEBUG keystone.server.flask.request_processing.req_logging [None req-929e4891-0166-4184-bd99-d584e24cb7e0 None admin] REQUEST_METHOD: `POST` {{(pid=81780) log_request_info /opt/stack/keystone/keystone/server/flask/request_processing/req_logging.py:26}}
Mar 06 03:16:56 ubuntu devstack@keystone.service[81780]: DEBUG keystone.server.flask.request_processing.req_logging [None req-929e4891-0166-4184-bd99-d584e24cb7e0 None admin] SCRIPT_NAME: `/identity` {{(pid=81780) log_request_info /opt/stack/keystone/keystone/server/flask/request_processing/req_logging.py:27}}
Mar 06 03:16:56 ubuntu devstack@keystone.service[81780]: DEBUG keystone.server.flask.request_processing.req_logging [None req-929e4891-0166-4184-bd99-d584e24cb7e0 None admin] PATH_INFO: `/v3/roles` {{(pid=81780) log_request_info /opt/stack/keystone/keystone/server/flask/request_processing/req_logging.py:28}}
Mar 06 03:16:56 ubuntu devstack@keystone.service[81780]: DEBUG keystone.common.rbac_enforcer.enforcer [None req-929e4891-0166-4184-bd99-d584e24cb7e0 None admin] RBAC: Authorizing `identity:create_role()` {{(pid=81780) enforce_call /opt/stack/keystone/keystone/common/rbac_enforcer/enforcer.py:494}}
Mar 06 03:16:56 ubuntu devstack@keystone.service[81780]: DEBUG keystone.common.rbac_enforcer.enforcer [None req-929e4891-0166-4184-bd99-d584e24cb7e0 None admin] RBAC: Authorization granted {{(pid=81780) enforce_call /opt/stack/keystone/keystone/common/rbac_enforcer/enforcer.py:505}}
Mar 06 03:16:56 ubuntu devstack@keystone.service[81780]: DEBUG keystone.common.sql.core [None req-929e4891-0166-4184-bd99-d584e24cb7e0 None admin] Conflict role: (pymysql.err.IntegrityError) (1062, "Duplicate entry 'service-<<null>>' for key 'role.ixu_role_name_domain_id'")
Mar 06 03:16:56 ubuntu devstack@keystone.service[81780]: [SQL: INSERT INTO `role` (id, name, description, extra) VALUES (%(id)s, %(name)s, %(description)s, %(extra)s)]
Mar 06 03:16:56 ubuntu devstack@keystone.service[81780]: [parameters: {'id': 'c2665e2df0274d0eb4766084a827deac', 'name': 'service', 'description': None, 'extra': '{}'}]
Mar 06 03:16:56 ubuntu devstack@keystone.service[81780]: (Background on this error at: https://sqlalche.me/e/20/gkpj) {{(pid=81780) wrapper /opt/stack/keystone/keystone/common/sql/core.py:580}}
Mar 06 03:16:56 ubuntu devstack@keystone.service[81779]: [pid: 81779|app: 0|req: 19/36] 10.201.5.82 () {60 vars in 1177 bytes} [Fri Mar  6 03:16:56 2026] POST /identity/v3/projects => generated 301 bytes in 74 msecs (HTTP/1.1 201) 5 headers in 182 bytes (1 switches on core 0)
Mar 06 03:16:56 ubuntu devstack@keystone.service[81779]: DEBUG keystone.server.flask.request_processing.middleware.auth_context [None req-d2da7e74-be9e-4752-98d8-7f712bc6ebab None admin] Authenticating user token {{(pid=81779) process_request /opt/stack/data/venv/lib/python3.10/site-packages/keystonemiddleware/auth_token/__init__.py:407}}
Mar 06 03:16:56 ubuntu devstack@keystone.service[81780]: ERROR keystone.server.flask.application [None req-929e4891-0166-4184-bd99-d584e24cb7e0 None admin] Conflict occurred attempting to store role - Duplicate entry found with name service.: keystone.exception.Conflict: Conflict occurred attempting to store role - Duplicate entry found with name service.
Mar 06 03:16:56 ubuntu devstack@keystone.service[81780]: ERROR keystone.server.flask.application Traceback (most recent call last):
Mar 06 03:16:56 ubuntu devstack@keystone.service[81780]: ERROR keystone.server.flask.application   File "/opt/stack/data/venv/lib/python3.10/site-packages/sqlalchemy/engine/base.py", line 1967, in _exec_single_context
Mar 06 03:16:56 ubuntu devstack@keystone.service[81780]: ERROR keystone.server.flask.application     self.dialect.do_execute(
Mar 06 03:16:56 ubuntu devstack@keystone.service[81780]: ERROR keystone.server.flask.application   File "/opt/stack/data/venv/lib/python3.10/site-packages/sqlalchemy/engine/default.py", line 952, in do_execute
Mar 06 03:16:56 ubuntu devstack@keystone.service[81780]: ERROR keystone.server.flask.application     cursor.execute(statement, parameters)
Mar 06 03:16:56 ubuntu devstack@keystone.service[81780]: ERROR keystone.server.flask.application   File "/opt/stack/data/venv/lib/python3.10/site-packages/pymysql/cursors.py", line 153, in execute
Mar 06 03:16:56 ubuntu devstack@keystone.service[81780]: ERROR keystone.server.flask.application     result = self._query(query)
Mar 06 03:16:56 ubuntu devstack@keystone.service[81780]: ERROR keystone.server.flask.application   File "/opt/stack/data/venv/lib/python3.10/site-packages/pymysql/cursors.py", line 322, in _query
Mar 06 03:16:56 ubuntu devstack@keystone.service[81780]: ERROR keystone.server.flask.application     conn.query(q)
Mar 06 03:16:56 ubuntu devstack@keystone.service[81780]: ERROR keystone.server.flask.application   File "/opt/stack/data/venv/lib/python3.10/site-packages/pymysql/connections.py", line 575, in query
Mar 06 03:16:56 ubuntu devstack@keystone.service[81780]: ERROR keystone.server.flask.application     self._affected_rows = self._read_query_result(unbuffered=unbuffered)
Mar 06 03:16:56 ubuntu devstack@keystone.service[81780]: ERROR keystone.server.flask.application   File "/opt/stack/data/venv/lib/python3.10/site-packages/pymysql/connections.py", line 826, in _read_query_result
Mar 06 03:16:56 ubuntu devstack@keystone.service[81780]: ERROR keystone.server.flask.application     result.read()
Mar 06 03:16:56 ubuntu devstack@keystone.service[81780]: ERROR keystone.server.flask.application   File "/opt/stack/data/venv/lib/python3.10/site-packages/pymysql/connections.py", line 1203, in read
Mar 06 03:16:56 ubuntu devstack@keystone.service[81780]: ERROR keystone.server.flask.application     first_packet = self.connection._read_packet()
Mar 06 03:16:56 ubuntu devstack@keystone.service[81780]: ERROR keystone.server.flask.application   File "/opt/stack/data/venv/lib/python3.10/site-packages/pymysql/connections.py", line 782, in _read_packet
Mar 06 03:16:56 ubuntu devstack@keystone.service[81780]: ERROR keystone.server.flask.application     packet.raise_for_error()
Mar 06 03:16:56 ubuntu devstack@keystone.service[81780]: ERROR keystone.server.flask.application   File "/opt/stack/data/venv/lib/python3.10/site-packages/pymysql/protocol.py", line 219, in raise_for_error
Mar 06 03:16:56 ubuntu devstack@keystone.service[81780]: ERROR keystone.server.flask.application     err.raise_mysql_exception(self._data)
Mar 06 03:16:56 ubuntu devstack@keystone.service[81780]: ERROR keystone.server.flask.application   File "/opt/stack/data/venv/lib/python3.10/site-packages/pymysql/err.py", line 150, in raise_mysql_exception
Mar 06 03:16:56 ubuntu devstack@keystone.service[81780]: ERROR keystone.server.flask.application     raise errorclass(errno, errval)
Mar 06 03:16:56 ubuntu devstack@keystone.service[81780]: ERROR keystone.server.flask.application pymysql.err.IntegrityError: (1062, "Duplicate entry 'service-<<null>>' for key 'role.ixu_role_name_domain_id'")
Mar 06 03:16:56 ubuntu devstack@keystone.service[81780]: ERROR keystone.server.flask.application 
Mar 06 03:16:56 ubuntu devstack@keystone.service[81780]: ERROR keystone.server.flask.application The above exception was the direct cause of the following exception:
Mar 06 03:16:56 ubuntu devstack@keystone.service[81780]: ERROR keystone.server.flask.application 
Mar 06 03:16:56 ubuntu devstack@keystone.service[81780]: ERROR keystone.server.flask.application Traceback (most recent call last):
Mar 06 03:16:56 ubuntu devstack@keystone.service[81780]: ERROR keystone.server.flask.application   File "/opt/stack/keystone/keystone/common/sql/core.py", line 575, in wrapper
Mar 06 03:16:56 ubuntu devstack@keystone.service[81780]: ERROR keystone.server.flask.application     return method(*args, **kwargs)
Mar 06 03:16:56 ubuntu devstack@keystone.service[81780]: ERROR keystone.server.flask.application   File "/opt/stack/keystone/keystone/assignment/role_backends/sql.py", line 25, in create_role
Mar 06 03:16:56 ubuntu devstack@keystone.service[81780]: ERROR keystone.server.flask.application     with sql.session_for_write() as session:
Mar 06 03:16:56 ubuntu devstack@keystone.service[81780]: ERROR keystone.server.flask.application   File "/usr/lib/python3.10/contextlib.py", line 142, in __exit__
Mar 06 03:16:56 ubuntu devstack@keystone.service[81780]: ERROR keystone.server.flask.application     next(self.gen)
Mar 06 03:16:56 ubuntu devstack@keystone.service[81780]: ERROR keystone.server.flask.application   File "/opt/stack/data/venv/lib/python3.10/site-packages/oslo_db/sqlalchemy/enginefacade.py", line 1175, in _transaction_scope
Mar 06 03:16:56 ubuntu devstack@keystone.service[81780]: ERROR keystone.server.flask.application     with current._produce_block(
Mar 06 03:16:56 ubuntu devstack@keystone.service[81780]: ERROR keystone.server.flask.application   File "/usr/lib/python3.10/contextlib.py", line 142, in __exit__
Mar 06 03:16:56 ubuntu devstack@keystone.service[81780]: ERROR keystone.server.flask.application     next(self.gen)
Mar 06 03:16:56 ubuntu devstack@keystone.service[81780]: ERROR keystone.server.flask.application   File "/opt/stack/data/venv/lib/python3.10/site-packages/oslo_db/sqlalchemy/enginefacade.py", line 837, in _session
Mar 06 03:16:56 ubuntu devstack@keystone.service[81780]: ERROR keystone.server.flask.application     with excutils.save_and_reraise_exception():
Mar 06 03:16:56 ubuntu devstack@keystone.service[81780]: ERROR keystone.server.flask.application   File "/opt/stack/data/venv/lib/python3.10/site-packages/oslo_utils/excutils.py", line 267, in __exit__
Mar 06 03:16:56 ubuntu devstack@keystone.service[81780]: ERROR keystone.server.flask.application     self.force_reraise()
Mar 06 03:16:56 ubuntu devstack@keystone.service[81780]: ERROR keystone.server.flask.application   File "/opt/stack/data/venv/lib/python3.10/site-packages/oslo_utils/excutils.py", line 233, in force_reraise
Mar 06 03:16:56 ubuntu devstack@keystone.service[81780]: ERROR keystone.server.flask.application     raise self.value
Mar 06 03:16:56 ubuntu devstack@keystone.service[81780]: ERROR keystone.server.flask.application   File "/opt/stack/data/venv/lib/python3.10/site-packages/oslo_db/sqlalchemy/enginefacade.py", line 835, in _session
Mar 06 03:16:56 ubuntu devstack@keystone.service[81780]: ERROR keystone.server.flask.application     self._end_session_transaction(self.session)
Mar 06 03:16:56 ubuntu devstack@keystone.service[81780]: ERROR keystone.server.flask.application   File "/opt/stack/data/venv/lib/python3.10/site-packages/oslo_db/sqlalchemy/enginefacade.py", line 748, in _end_session_transaction
Mar 06 03:16:56 ubuntu devstack@keystone.service[81780]: ERROR keystone.server.flask.application     session.commit()
Mar 06 03:16:56 ubuntu devstack@keystone.service[81780]: ERROR keystone.server.flask.application   File "/opt/stack/data/venv/lib/python3.10/site-packages/sqlalchemy/orm/session.py", line 2030, in commit
Mar 06 03:16:56 ubuntu devstack@keystone.service[81780]: ERROR keystone.server.flask.application     trans.commit(_to_root=True)
Mar 06 03:16:56 ubuntu devstack@keystone.service[81780]: ERROR keystone.server.flask.application   File "<string>", line 2, in commit
Mar 06 03:16:56 ubuntu devstack@keystone.service[81780]: ERROR keystone.server.flask.application   File "/opt/stack/data/venv/lib/python3.10/site-packages/sqlalchemy/orm/state_changes.py", line 137, in _go
Mar 06 03:16:56 ubuntu devstack@keystone.service[81780]: ERROR keystone.server.flask.application     ret_value = fn(self, *arg, **kw)
Mar 06 03:16:56 ubuntu devstack@keystone.service[81780]: ERROR keystone.server.flask.application   File "/opt/stack/data/venv/lib/python3.10/site-packages/sqlalchemy/orm/session.py", line 1311, in commit
Mar 06 03:16:56 ubuntu devstack@keystone.service[81780]: ERROR keystone.server.flask.application     self._prepare_impl()
Mar 06 03:16:56 ubuntu devstack@keystone.service[81780]: ERROR keystone.server.flask.application   File "<string>", line 2, in _prepare_impl
Mar 06 03:16:56 ubuntu devstack@keystone.service[81780]: ERROR keystone.server.flask.application   File "/opt/stack/data/venv/lib/python3.10/site-packages/sqlalchemy/orm/state_changes.py", line 137, in _go
Mar 06 03:16:56 ubuntu devstack@keystone.service[81780]: ERROR keystone.server.flask.application     ret_value = fn(self, *arg, **kw)
Mar 06 03:16:56 ubuntu devstack@keystone.service[81780]: ERROR keystone.server.flask.application   File "/opt/stack/data/venv/lib/python3.10/site-packages/sqlalchemy/orm/session.py", line 1286, in _prepare_impl
Mar 06 03:16:56 ubuntu devstack@keystone.service[81780]: ERROR keystone.server.flask.application     self.session.flush()
Mar 06 03:16:56 ubuntu devstack@keystone.service[81780]: ERROR keystone.server.flask.application   File "/opt/stack/data/venv/lib/python3.10/site-packages/sqlalchemy/orm/session.py", line 4331, in flush
Mar 06 03:16:56 ubuntu devstack@keystone.service[81780]: ERROR keystone.server.flask.application     self._flush(objects)
Mar 06 03:16:56 ubuntu devstack@keystone.service[81780]: ERROR keystone.server.flask.application   File "/opt/stack/data/venv/lib/python3.10/site-packages/sqlalchemy/orm/session.py", line 4466, in _flush
Mar 06 03:16:56 ubuntu devstack@keystone.service[81780]: ERROR keystone.server.flask.application     with util.safe_reraise():
Mar 06 03:16:56 ubuntu devstack@keystone.service[81780]: ERROR keystone.server.flask.application   File "/opt/stack/data/venv/lib/python3.10/site-packages/sqlalchemy/util/langhelpers.py", line 224, in __exit__
Mar 06 03:16:56 ubuntu devstack@keystone.service[81780]: ERROR keystone.server.flask.application     raise exc_value.with_traceback(exc_tb)
Mar 06 03:16:56 ubuntu devstack@keystone.service[81780]: ERROR keystone.server.flask.application   File "/opt/stack/data/venv/lib/python3.10/site-packages/sqlalchemy/orm/session.py", line 4427, in _flush
Mar 06 03:16:56 ubuntu devstack@keystone.service[81780]: ERROR keystone.server.flask.application     flush_context.execute()
Mar 06 03:16:56 ubuntu devstack@keystone.service[81780]: ERROR keystone.server.flask.application   File "/opt/stack/data/venv/lib/python3.10/site-packages/sqlalchemy/orm/unitofwork.py", line 466, in execute
