Dec 04 18:42:11 ubuntu devstack@g-api.service[118317]: DEBUG glance.api.middleware.version_negotiation [None req-dad346ec-469b-4ea2-a0d1-32b8da2f730c tempest-ImageDependencyTests-578693836 tempest-ImageDependencyTests-578693836-project-member] Matched version: v2 {{(pid=118317) process_request /opt/stack/glance/glance/api/middleware/version_negotiation.py:69}}
Dec 04 18:42:11 ubuntu devstack@g-api.service[118317]: DEBUG glance.api.middleware.version_negotiation [None req-dad346ec-469b-4ea2-a0d1-32b8da2f730c tempest-ImageDependencyTests-578693836 tempest-ImageDependencyTests-578693836-project-member] new path /v2/images/08c62def-0ca0-4739-a204-b44fe8c94f6d {{(pid=118317) process_request /opt/stack/glance/glance/api/middleware/version_negotiation.py:70}}
Dec 04 18:42:11 ubuntu devstack@g-api.service[118316]: [pid: 118316|app: 0|req: 25/48] 127.0.0.1 () {42 vars in 1055 bytes} [Wed Dec  4 18:42:11 2024] GET /v2/images/08c62def-0ca0-4739-a204-b44fe8c94f6d/file => generated 1024 bytes in 33 msecs (HTTP/1.1 200) 5 headers in 213 bytes (1 switches on core 0)
Dec 04 18:42:11 ubuntu devstack@g-api.service[118317]: [pid: 118317|app: 0|req: 24/49] 127.0.0.1 () {42 vars in 1045 bytes} [Wed Dec  4 18:42:11 2024] GET /v2/images/08c62def-0ca0-4739-a204-b44fe8c94f6d => generated 808 bytes in 17 msecs (HTTP/1.1 200) 4 headers in 157 bytes (1 switches on core 0)
Dec 04 18:42:11 ubuntu devstack@g-api.service[118316]: DEBUG glance.api.middleware.version_negotiation [None req-dad346ec-469b-4ea2-a0d1-32b8da2f730c tempest-ImageDependencyTests-578693836 tempest-ImageDependencyTests-578693836-project-member] Determining version of request: GET /v2/schemas/image Accept: */* {{(pid=118316) process_request /opt/stack/glance/glance/api/middleware/version_negotiation.py:44}}
Dec 04 18:42:11 ubuntu devstack@g-api.service[118316]: DEBUG glance.api.middleware.version_negotiation [None req-dad346ec-469b-4ea2-a0d1-32b8da2f730c tempest-ImageDependencyTests-578693836 tempest-ImageDependencyTests-578693836-project-member] Using url versioning {{(pid=118316) process_request /opt/stack/glance/glance/api/middleware/version_negotiation.py:57}}
Dec 04 18:42:11 ubuntu devstack@g-api.service[118316]: DEBUG glance.api.middleware.version_negotiation [None req-dad346ec-469b-4ea2-a0d1-32b8da2f730c tempest-ImageDependencyTests-578693836 tempest-ImageDependencyTests-578693836-project-member] Matched version: v2 {{(pid=118316) process_request /opt/stack/glance/glance/api/middleware/version_negotiation.py:69}}
Dec 04 18:42:11 ubuntu devstack@g-api.service[118316]: DEBUG glance.api.middleware.version_negotiation [None req-dad346ec-469b-4ea2-a0d1-32b8da2f730c tempest-ImageDependencyTests-578693836 tempest-ImageDependencyTests-578693836-project-member] new path /v2/schemas/image {{(pid=118316) process_request /opt/stack/glance/glance/api/middleware/version_negotiation.py:70}}
Dec 04 18:42:11 ubuntu devstack@g-api.service[118316]: [pid: 118316|app: 0|req: 26/50] 127.0.0.1 () {42 vars in 985 bytes} [Wed Dec  4 18:42:11 2024] GET /v2/schemas/image => generated 6083 bytes in 3 msecs (HTTP/1.1 200) 4 headers in 158 bytes (1 switches on core 0)
Dec 04 18:42:12 ubuntu devstack@g-api.service[118317]: DEBUG glance.api.middleware.version_negotiation [None req-dad346ec-469b-4ea2-a0d1-32b8da2f730c tempest-ImageDependencyTests-578693836 tempest-ImageDependencyTests-578693836-project-member] Determining version of request: GET /v2/images/08c62def-0ca0-4739-a204-b44fe8c94f6d Accept: */* {{(pid=118317) process_request /opt/stack/glance/glance/api/middleware/version_negotiation.py:44}}
Dec 04 18:42:12 ubuntu devstack@g-api.service[118317]: DEBUG glance.api.middleware.version_negotiation [None req-dad346ec-469b-4ea2-a0d1-32b8da2f730c tempest-ImageDependencyTests-578693836 tempest-ImageDependencyTests-578693836-project-member] Using url versioning {{(pid=118317) process_request /opt/stack/glance/glance/api/middleware/version_negotiation.py:57}}
Dec 04 18:42:12 ubuntu devstack@g-api.service[118317]: DEBUG glance.api.middleware.version_negotiation [None req-dad346ec-469b-4ea2-a0d1-32b8da2f730c tempest-ImageDependencyTests-578693836 tempest-ImageDependencyTests-578693836-project-member] Matched version: v2 {{(pid=118317) process_request /opt/stack/glance/glance/api/middleware/version_negotiation.py:69}}
Dec 04 18:42:12 ubuntu devstack@g-api.service[118317]: DEBUG glance.api.middleware.version_negotiation [None req-dad346ec-469b-4ea2-a0d1-32b8da2f730c tempest-ImageDependencyTests-578693836 tempest-ImageDependencyTests-578693836-project-member] new path /v2/images/08c62def-0ca0-4739-a204-b44fe8c94f6d {{(pid=118317) process_request /opt/stack/glance/glance/api/middleware/version_negotiation.py:70}}
Dec 04 18:42:12 ubuntu devstack@g-api.service[118317]: [pid: 118317|app: 0|req: 25/51] 127.0.0.1 () {42 vars in 1045 bytes} [Wed Dec  4 18:42:12 2024] GET /v2/images/08c62def-0ca0-4739-a204-b44fe8c94f6d => generated 808 bytes in 19 msecs (HTTP/1.1 200) 4 headers in 157 bytes (1 switches on core 0)
Dec 04 18:42:12 ubuntu devstack@g-api.service[118316]: DEBUG glance.api.middleware.version_negotiation [None req-dad346ec-469b-4ea2-a0d1-32b8da2f730c tempest-ImageDependencyTests-578693836 tempest-ImageDependencyTests-578693836-project-member] Determining version of request: GET /v2/schemas/image Accept: */* {{(pid=118316) process_request /opt/stack/glance/glance/api/middleware/version_negotiation.py:44}}
Dec 04 18:42:12 ubuntu devstack@g-api.service[118316]: DEBUG glance.api.middleware.version_negotiation [None req-dad346ec-469b-4ea2-a0d1-32b8da2f730c tempest-ImageDependencyTests-578693836 tempest-ImageDependencyTests-578693836-project-member] Using url versioning {{(pid=118316) process_request /opt/stack/glance/glance/api/middleware/version_negotiation.py:57}}
Dec 04 18:42:12 ubuntu devstack@g-api.service[118316]: DEBUG glance.api.middleware.version_negotiation [None req-dad346ec-469b-4ea2-a0d1-32b8da2f730c tempest-ImageDependencyTests-578693836 tempest-ImageDependencyTests-578693836-project-member] Matched version: v2 {{(pid=118316) process_request /opt/stack/glance/glance/api/middleware/version_negotiation.py:69}}
Dec 04 18:42:12 ubuntu devstack@g-api.service[118316]: DEBUG glance.api.middleware.version_negotiation [None req-dad346ec-469b-4ea2-a0d1-32b8da2f730c tempest-ImageDependencyTests-578693836 tempest-ImageDependencyTests-578693836-project-member] new path /v2/schemas/image {{(pid=118316) process_request /opt/stack/glance/glance/api/middleware/version_negotiation.py:70}}
Dec 04 18:42:12 ubuntu devstack@g-api.service[118316]: [pid: 118316|app: 0|req: 27/52] 127.0.0.1 () {42 vars in 985 bytes} [Wed Dec  4 18:42:12 2024] GET /v2/schemas/image => generated 6083 bytes in 9 msecs (HTTP/1.1 200) 4 headers in 158 bytes (1 switches on core 0)
Dec 04 18:42:12 ubuntu devstack@g-api.service[118317]: DEBUG glance.api.middleware.version_negotiation [None req-dad346ec-469b-4ea2-a0d1-32b8da2f730c tempest-ImageDependencyTests-578693836 tempest-ImageDependencyTests-578693836-project-member] Determining version of request: GET /v2/images/08c62def-0ca0-4739-a204-b44fe8c94f6d Accept: */* {{(pid=118317) process_request /opt/stack/glance/glance/api/middleware/version_negotiation.py:44}}
Dec 04 18:42:12 ubuntu devstack@g-api.service[118317]: DEBUG glance.api.middleware.version_negotiation [None req-dad346ec-469b-4ea2-a0d1-32b8da2f730c tempest-ImageDependencyTests-578693836 tempest-ImageDependencyTests-578693836-project-member] Using url versioning {{(pid=118317) process_request /opt/stack/glance/glance/api/middleware/version_negotiation.py:57}}
Dec 04 18:42:12 ubuntu devstack@g-api.service[118317]: DEBUG glance.api.middleware.version_negotiation [None req-dad346ec-469b-4ea2-a0d1-32b8da2f730c tempest-ImageDependencyTests-578693836 tempest-ImageDependencyTests-578693836-project-member] Matched version: v2 {{(pid=118317) process_request /opt/stack/glance/glance/api/middleware/version_negotiation.py:69}}
Dec 04 18:42:12 ubuntu devstack@g-api.service[118317]: DEBUG glance.api.middleware.version_negotiation [None req-dad346ec-469b-4ea2-a0d1-32b8da2f730c tempest-ImageDependencyTests-578693836 tempest-ImageDependencyTests-578693836-project-member] new path /v2/images/08c62def-0ca0-4739-a204-b44fe8c94f6d {{(pid=118317) process_request /opt/stack/glance/glance/api/middleware/version_negotiation.py:70}}
Dec 04 18:42:12 ubuntu devstack@g-api.service[118317]: [pid: 118317|app: 0|req: 26/53] 127.0.0.1 () {42 vars in 1045 bytes} [Wed Dec  4 18:42:12 2024] GET /v2/images/08c62def-0ca0-4739-a204-b44fe8c94f6d => generated 808 bytes in 18 msecs (HTTP/1.1 200) 4 headers in 157 bytes (1 switches on core 0)
Dec 04 18:42:12 ubuntu devstack@g-api.service[118316]: DEBUG glance.api.middleware.version_negotiation [None req-dad346ec-469b-4ea2-a0d1-32b8da2f730c tempest-ImageDependencyTests-578693836 tempest-ImageDependencyTests-578693836-project-member] Determining version of request: GET /v2/schemas/image Accept: */* {{(pid=118316) process_request /opt/stack/glance/glance/api/middleware/version_negotiation.py:44}}
Dec 04 18:42:12 ubuntu devstack@g-api.service[118316]: DEBUG glance.api.middleware.version_negotiation [None req-dad346ec-469b-4ea2-a0d1-32b8da2f730c tempest-ImageDependencyTests-578693836 tempest-ImageDependencyTests-578693836-project-member] Using url versioning {{(pid=118316) process_request /opt/stack/glance/glance/api/middleware/version_negotiation.py:57}}
Dec 04 18:42:12 ubuntu devstack@g-api.service[118316]: DEBUG glance.api.middleware.version_negotiation [None req-dad346ec-469b-4ea2-a0d1-32b8da2f730c tempest-ImageDependencyTests-578693836 tempest-ImageDependencyTests-578693836-project-member] Matched version: v2 {{(pid=118316) process_request /opt/stack/glance/glance/api/middleware/version_negotiation.py:69}}
Dec 04 18:42:12 ubuntu devstack@g-api.service[118316]: DEBUG glance.api.middleware.version_negotiation [None req-dad346ec-469b-4ea2-a0d1-32b8da2f730c tempest-ImageDependencyTests-578693836 tempest-ImageDependencyTests-578693836-project-member] new path /v2/schemas/image {{(pid=118316) process_request /opt/stack/glance/glance/api/middleware/version_negotiation.py:70}}
Dec 04 18:42:12 ubuntu devstack@g-api.service[118316]: [pid: 118316|app: 0|req: 28/54] 127.0.0.1 () {42 vars in 985 bytes} [Wed Dec  4 18:42:12 2024] GET /v2/schemas/image => generated 6083 bytes in 4 msecs (HTTP/1.1 200) 4 headers in 158 bytes (1 switches on core 0)
Dec 04 18:42:12 ubuntu devstack@g-api.service[118317]: DEBUG glance.api.middleware.version_negotiation [None req-dad346ec-469b-4ea2-a0d1-32b8da2f730c tempest-ImageDependencyTests-578693836 tempest-ImageDependencyTests-578693836-project-member] Determining version of request: GET /v2/images/08c62def-0ca0-4739-a204-b44fe8c94f6d Accept: */* {{(pid=118317) process_request /opt/stack/glance/glance/api/middleware/version_negotiation.py:44}}
Dec 04 18:42:12 ubuntu devstack@g-api.service[118317]: DEBUG glance.api.middleware.version_negotiation [None req-dad346ec-469b-4ea2-a0d1-32b8da2f730c tempest-ImageDependencyTests-578693836 tempest-ImageDependencyTests-578693836-project-member] Using url versioning {{(pid=118317) process_request /opt/stack/glance/glance/api/middleware/version_negotiation.py:57}}
Dec 04 18:42:12 ubuntu devstack@g-api.service[118317]: DEBUG glance.api.middleware.version_negotiation [None req-dad346ec-469b-4ea2-a0d1-32b8da2f730c tempest-ImageDependencyTests-578693836 tempest-ImageDependencyTests-578693836-project-member] Matched version: v2 {{(pid=118317) process_request /opt/stack/glance/glance/api/middleware/version_negotiation.py:69}}
Dec 04 18:42:12 ubuntu devstack@g-api.service[118317]: DEBUG glance.api.middleware.version_negotiation [None req-dad346ec-469b-4ea2-a0d1-32b8da2f730c tempest-ImageDependencyTests-578693836 tempest-ImageDependencyTests-578693836-project-member] new path /v2/images/08c62def-0ca0-4739-a204-b44fe8c94f6d {{(pid=118317) process_request /opt/stack/glance/glance/api/middleware/version_negotiation.py:70}}
Dec 04 18:42:12 ubuntu devstack@g-api.service[118317]: [pid: 118317|app: 0|req: 27/55] 127.0.0.1 () {42 vars in 1045 bytes} [Wed Dec  4 18:42:12 2024] GET /v2/images/08c62def-0ca0-4739-a204-b44fe8c94f6d => generated 808 bytes in 7 msecs (HTTP/1.1 200) 4 headers in 157 bytes (1 switches on core 0)
Dec 04 18:42:12 ubuntu devstack@g-api.service[118316]: DEBUG glance.api.middleware.version_negotiation [None req-dad346ec-469b-4ea2-a0d1-32b8da2f730c tempest-ImageDependencyTests-578693836 tempest-ImageDependencyTests-578693836-project-member] Determining version of request: GET /v2/schemas/image Accept: */* {{(pid=118316) process_request /opt/stack/glance/glance/api/middleware/version_negotiation.py:44}}
Dec 04 18:42:12 ubuntu devstack@g-api.service[118316]: DEBUG glance.api.middleware.version_negotiation [None req-dad346ec-469b-4ea2-a0d1-32b8da2f730c tempest-ImageDependencyTests-578693836 tempest-ImageDependencyTests-578693836-project-member] Using url versioning {{(pid=118316) process_request /opt/stack/glance/glance/api/middleware/version_negotiation.py:57}}
Dec 04 18:42:12 ubuntu devstack@g-api.service[118316]: DEBUG glance.api.middleware.version_negotiation [None req-dad346ec-469b-4ea2-a0d1-32b8da2f730c tempest-ImageDependencyTests-578693836 tempest-ImageDependencyTests-578693836-project-member] Matched version: v2 {{(pid=118316) process_request /opt/stack/glance/glance/api/middleware/version_negotiation.py:69}}
Dec 04 18:42:12 ubuntu devstack@g-api.service[118316]: DEBUG glance.api.middleware.version_negotiation [None req-dad346ec-469b-4ea2-a0d1-32b8da2f730c tempest-ImageDependencyTests-578693836 tempest-ImageDependencyTests-578693836-project-member] new path /v2/schemas/image {{(pid=118316) process_request /opt/stack/glance/glance/api/middleware/version_negotiation.py:70}}
Dec 04 18:42:12 ubuntu devstack@g-api.service[118316]: [pid: 118316|app: 0|req: 29/56] 127.0.0.1 () {42 vars in 985 bytes} [Wed Dec  4 18:42:12 2024] GET /v2/schemas/image => generated 6083 bytes in 3 msecs (HTTP/1.1 200) 4 headers in 158 bytes (1 switches on core 0)
Dec 04 18:42:12 ubuntu devstack@g-api.service[118317]: DEBUG glance.api.middleware.version_negotiation [None req-dad346ec-469b-4ea2-a0d1-32b8da2f730c tempest-ImageDependencyTests-578693836 tempest-ImageDependencyTests-578693836-project-member] Determining version of request: GET /v2/schemas/image Accept: */* {{(pid=118317) process_request /opt/stack/glance/glance/api/middleware/version_negotiation.py:44}}
Dec 04 18:42:12 ubuntu devstack@g-api.service[118317]: DEBUG glance.api.middleware.version_negotiation [None req-dad346ec-469b-4ea2-a0d1-32b8da2f730c tempest-ImageDependencyTests-578693836 tempest-ImageDependencyTests-578693836-project-member] Using url versioning {{(pid=118317) process_request /opt/stack/glance/glance/api/middleware/version_negotiation.py:57}}
Dec 04 18:42:12 ubuntu devstack@g-api.service[118317]: DEBUG glance.api.middleware.version_negotiation [None req-dad346ec-469b-4ea2-a0d1-32b8da2f730c tempest-ImageDependencyTests-578693836 tempest-ImageDependencyTests-578693836-project-member] Matched version: v2 {{(pid=118317) process_request /opt/stack/glance/glance/api/middleware/version_negotiation.py:69}}
Dec 04 18:42:12 ubuntu devstack@g-api.service[118317]: DEBUG glance.api.middleware.version_negotiation [None req-dad346ec-469b-4ea2-a0d1-32b8da2f730c tempest-ImageDependencyTests-578693836 tempest-ImageDependencyTests-578693836-project-member] new path /v2/schemas/image {{(pid=118317) process_request /opt/stack/glance/glance/api/middleware/version_negotiation.py:70}}
Dec 04 18:42:12 ubuntu devstack@g-api.service[118317]: [pid: 118317|app: 0|req: 28/57] 127.0.0.1 () {42 vars in 985 bytes} [Wed Dec  4 18:42:12 2024] GET /v2/schemas/image => generated 6083 bytes in 2 msecs (HTTP/1.1 200) 4 headers in 158 bytes (1 switches on core 0)
Dec 04 18:42:12 ubuntu devstack@g-api.service[118316]: DEBUG glance.api.middleware.version_negotiation [None req-dad346ec-469b-4ea2-a0d1-32b8da2f730c tempest-ImageDependencyTests-578693836 tempest-ImageDependencyTests-578693836-project-member] Determining version of request: GET /v2/images/08c62def-0ca0-4739-a204-b44fe8c94f6d Accept: */* {{(pid=118316) process_request /opt/stack/glance/glance/api/middleware/version_negotiation.py:44}}
Dec 04 18:42:12 ubuntu devstack@g-api.service[118316]: DEBUG glance.api.middleware.version_negotiation [None req-dad346ec-469b-4ea2-a0d1-32b8da2f730c tempest-ImageDependencyTests-578693836 tempest-ImageDependencyTests-578693836-project-member] Using url versioning {{(pid=118316) process_request /opt/stack/glance/glance/api/middleware/version_negotiation.py:57}}
Dec 04 18:42:12 ubuntu devstack@g-api.service[118316]: DEBUG glance.api.middleware.version_negotiation [None req-dad346ec-469b-4ea2-a0d1-32b8da2f730c tempest-ImageDependencyTests-578693836 tempest-ImageDependencyTests-578693836-project-member] Matched version: v2 {{(pid=118316) process_request /opt/stack/glance/glance/api/middleware/version_negotiation.py:69}}
Dec 04 18:42:12 ubuntu devstack@g-api.service[118316]: DEBUG glance.api.middleware.version_negotiation [None req-dad346ec-469b-4ea2-a0d1-32b8da2f730c tempest-ImageDependencyTests-578693836 tempest-ImageDependencyTests-578693836-project-member] new path /v2/images/08c62def-0ca0-4739-a204-b44fe8c94f6d {{(pid=118316) process_request /opt/stack/glance/glance/api/middleware/version_negotiation.py:70}}
Dec 04 18:42:12 ubuntu devstack@g-api.service[118316]: [pid: 118316|app: 0|req: 30/58] 127.0.0.1 () {42 vars in 1045 bytes} [Wed Dec  4 18:42:12 2024] GET /v2/images/08c62def-0ca0-4739-a204-b44fe8c94f6d => generated 808 bytes in 17 msecs (HTTP/1.1 200) 4 headers in 157 bytes (1 switches on core 0)
Dec 04 18:42:12 ubuntu devstack@g-api.service[118317]: DEBUG glance.api.middleware.version_negotiation [None req-dad346ec-469b-4ea2-a0d1-32b8da2f730c tempest-ImageDependencyTests-578693836 tempest-ImageDependencyTests-578693836-project-member] Determining version of request: GET /v2/images/08c62def-0ca0-4739-a204-b44fe8c94f6d/file Accept: */* {{(pid=118317) process_request /opt/stack/glance/glance/api/middleware/version_negotiation.py:44}}
Dec 04 18:42:12 ubuntu devstack@g-api.service[118317]: DEBUG glance.api.middleware.version_negotiation [None req-dad346ec-469b-4ea2-a0d1-32b8da2f730c tempest-ImageDependencyTests-578693836 tempest-ImageDependencyTests-578693836-project-member] Using url versioning {{(pid=118317) process_request /opt/stack/glance/glance/api/middleware/version_negotiation.py:57}}
Dec 04 18:42:12 ubuntu devstack@g-api.service[118317]: DEBUG glance.api.middleware.version_negotiation [None req-dad346ec-469b-4ea2-a0d1-32b8da2f730c tempest-ImageDependencyTests-578693836 tempest-ImageDependencyTests-578693836-project-member] Matched version: v2 {{(pid=118317) process_request /opt/stack/glance/glance/api/middleware/version_negotiation.py:69}}
Dec 04 18:42:12 ubuntu devstack@g-api.service[118317]: DEBUG glance.api.middleware.version_negotiation [None req-dad346ec-469b-4ea2-a0d1-32b8da2f730c tempest-ImageDependencyTests-578693836 tempest-ImageDependencyTests-578693836-project-member] new path /v2/images/08c62def-0ca0-4739-a204-b44fe8c94f6d/file {{(pid=118317) process_request /opt/stack/glance/glance/api/middleware/version_negotiation.py:70}}
Dec 04 18:42:12 ubuntu devstack@g-api.service[118317]: DEBUG glance.api.middleware.cache [None req-dad346ec-469b-4ea2-a0d1-32b8da2f730c tempest-ImageDependencyTests-578693836 tempest-ImageDependencyTests-578693836-project-member] Cache hit for image '08c62def-0ca0-4739-a204-b44fe8c94f6d' {{(pid=118317) process_request /opt/stack/glance/glance/api/middleware/cache.py:160}}
Dec 04 18:42:12 ubuntu devstack@g-api.service[118316]: DEBUG glance.api.middleware.version_negotiation [None req-dad346ec-469b-4ea2-a0d1-32b8da2f730c tempest-ImageDependencyTests-578693836 tempest-ImageDependencyTests-578693836-project-member] Determining version of request: GET /v2/images/08c62def-0ca0-4739-a204-b44fe8c94f6d Accept: */* {{(pid=118316) process_request /opt/stack/glance/glance/api/middleware/version_negotiation.py:44}}
Dec 04 18:42:12 ubuntu devstack@g-api.service[118316]: DEBUG glance.api.middleware.version_negotiation [None req-dad346ec-469b-4ea2-a0d1-32b8da2f730c tempest-ImageDependencyTests-578693836 tempest-ImageDependencyTests-578693836-project-member] Using url versioning {{(pid=118316) process_request /opt/stack/glance/glance/api/middleware/version_negotiation.py:57}}
Dec 04 18:42:12 ubuntu devstack@g-api.service[118316]: DEBUG glance.api.middleware.version_negotiation [None req-dad346ec-469b-4ea2-a0d1-32b8da2f730c tempest-ImageDependencyTests-578693836 tempest-ImageDependencyTests-578693836-project-member] Matched version: v2 {{(pid=118316) process_request /opt/stack/glance/glance/api/middleware/version_negotiation.py:69}}
Dec 04 18:42:12 ubuntu devstack@g-api.service[118316]: DEBUG glance.api.middleware.version_negotiation [None req-dad346ec-469b-4ea2-a0d1-32b8da2f730c tempest-ImageDependencyTests-578693836 tempest-ImageDependencyTests-578693836-project-member] new path /v2/images/08c62def-0ca0-4739-a204-b44fe8c94f6d {{(pid=118316) process_request /opt/stack/glance/glance/api/middleware/version_negotiation.py:70}}
Dec 04 18:42:12 ubuntu devstack@g-api.service[118317]: [pid: 118317|app: 0|req: 29/59] 127.0.0.1 () {42 vars in 1055 bytes} [Wed Dec  4 18:42:12 2024] GET /v2/images/08c62def-0ca0-4739-a204-b44fe8c94f6d/file => generated 1024 bytes in 30 msecs (HTTP/1.1 200) 5 headers in 213 bytes (1 switches on core 0)
Dec 04 18:42:12 ubuntu devstack@g-api.service[118316]: [pid: 118316|app: 0|req: 31/60] 127.0.0.1 () {42 vars in 1045 bytes} [Wed Dec  4 18:42:12 2024] GET /v2/images/08c62def-0ca0-4739-a204-b44fe8c94f6d => generated 808 bytes in 15 msecs (HTTP/1.1 200) 4 headers in 157 bytes (1 switches on core 0)
Dec 04 18:42:12 ubuntu devstack@g-api.service[118317]: DEBUG glance.api.middleware.version_negotiation [None req-dad346ec-469b-4ea2-a0d1-32b8da2f730c tempest-ImageDependencyTests-578693836 tempest-ImageDependencyTests-578693836-project-member] Determining version of request: GET /v2/schemas/image Accept: */* {{(pid=118317) process_request /opt/stack/glance/glance/api/middleware/version_negotiation.py:44}}
Dec 04 18:42:12 ubuntu devstack@g-api.service[118317]: DEBUG glance.api.middleware.version_negotiation [None req-dad346ec-469b-4ea2-a0d1-32b8da2f730c tempest-ImageDependencyTests-578693836 tempest-ImageDependencyTests-578693836-project-member] Using url versioning {{(pid=118317) process_request /opt/stack/glance/glance/api/middleware/version_negotiation.py:57}}
Dec 04 18:42:12 ubuntu devstack@g-api.service[118317]: DEBUG glance.api.middleware.version_negotiation [None req-dad346ec-469b-4ea2-a0d1-32b8da2f730c tempest-ImageDependencyTests-578693836 tempest-ImageDependencyTests-578693836-project-member] Matched version: v2 {{(pid=118317) process_request /opt/stack/glance/glance/api/middleware/version_negotiation.py:69}}
Dec 04 18:42:12 ubuntu devstack@g-api.service[118317]: DEBUG glance.api.middleware.version_negotiation [None req-dad346ec-469b-4ea2-a0d1-32b8da2f730c tempest-ImageDependencyTests-578693836 tempest-ImageDependencyTests-578693836-project-member] new path /v2/schemas/image {{(pid=118317) process_request /opt/stack/glance/glance/api/middleware/version_negotiation.py:70}}
Dec 04 18:42:12 ubuntu devstack@g-api.service[118317]: [pid: 118317|app: 0|req: 30/61] 127.0.0.1 () {42 vars in 985 bytes} [Wed Dec  4 18:42:12 2024] GET /v2/schemas/image => generated 6083 bytes in 5 msecs (HTTP/1.1 200) 4 headers in 158 bytes (1 switches on core 0)
Dec 04 18:42:13 ubuntu devstack@g-api.service[118316]: DEBUG glance.api.middleware.version_negotiation [None req-dad346ec-469b-4ea2-a0d1-32b8da2f730c tempest-ImageDependencyTests-578693836 tempest-ImageDependencyTests-578693836-project-member] Determining version of request: GET /v2/images/08c62def-0ca0-4739-a204-b44fe8c94f6d Accept: */* {{(pid=118316) process_request /opt/stack/glance/glance/api/middleware/version_negotiation.py:44}}
Dec 04 18:42:13 ubuntu devstack@g-api.service[118316]: DEBUG glance.api.middleware.version_negotiation [None req-dad346ec-469b-4ea2-a0d1-32b8da2f730c tempest-ImageDependencyTests-578693836 tempest-ImageDependencyTests-578693836-project-member] Using url versioning {{(pid=118316) process_request /opt/stack/glance/glance/api/middleware/version_negotiation.py:57}}
Dec 04 18:42:13 ubuntu devstack@g-api.service[118316]: DEBUG glance.api.middleware.version_negotiation [None req-dad346ec-469b-4ea2-a0d1-32b8da2f730c tempest-ImageDependencyTests-578693836 tempest-ImageDependencyTests-578693836-project-member] Matched version: v2 {{(pid=118316) process_request /opt/stack/glance/glance/api/middleware/version_negotiation.py:69}}
Dec 04 18:42:13 ubuntu devstack@g-api.service[118316]: DEBUG glance.api.middleware.version_negotiation [None req-dad346ec-469b-4ea2-a0d1-32b8da2f730c tempest-ImageDependencyTests-578693836 tempest-ImageDependencyTests-578693836-project-member] new path /v2/images/08c62def-0ca0-4739-a204-b44fe8c94f6d {{(pid=118316) process_request /opt/stack/glance/glance/api/middleware/version_negotiation.py:70}}
Dec 04 18:42:13 ubuntu devstack@g-api.service[118316]: [pid: 118316|app: 0|req: 32/62] 127.0.0.1 () {42 vars in 1045 bytes} [Wed Dec  4 18:42:13 2024] GET /v2/images/08c62def-0ca0-4739-a204-b44fe8c94f6d => generated 808 bytes in 19 msecs (HTTP/1.1 200) 4 headers in 157 bytes (1 switches on core 0)
Dec 04 18:42:13 ubuntu devstack@g-api.service[118317]: DEBUG glance.api.middleware.version_negotiation [None req-dad346ec-469b-4ea2-a0d1-32b8da2f730c tempest-ImageDependencyTests-578693836 tempest-ImageDependencyTests-578693836-project-member] Determining version of request: GET /v2/schemas/image Accept: */* {{(pid=118317) process_request /opt/stack/glance/glance/api/middleware/version_negotiation.py:44}}
Dec 04 18:42:13 ubuntu devstack@g-api.service[118317]: DEBUG glance.api.middleware.version_negotiation [None req-dad346ec-469b-4ea2-a0d1-32b8da2f730c tempest-ImageDependencyTests-578693836 tempest-ImageDependencyTests-578693836-project-member] Using url versioning {{(pid=118317) process_request /opt/stack/glance/glance/api/middleware/version_negotiation.py:57}}
Dec 04 18:42:13 ubuntu devstack@g-api.service[118317]: DEBUG glance.api.middleware.version_negotiation [None req-dad346ec-469b-4ea2-a0d1-32b8da2f730c tempest-ImageDependencyTests-578693836 tempest-ImageDependencyTests-578693836-project-member] Matched version: v2 {{(pid=118317) process_request /opt/stack/glance/glance/api/middleware/version_negotiation.py:69}}
Dec 04 18:42:13 ubuntu devstack@g-api.service[118317]: DEBUG glance.api.middleware.version_negotiation [None req-dad346ec-469b-4ea2-a0d1-32b8da2f730c tempest-ImageDependencyTests-578693836 tempest-ImageDependencyTests-578693836-project-member] new path /v2/schemas/image {{(pid=118317) process_request /opt/stack/glance/glance/api/middleware/version_negotiation.py:70}}
Dec 04 18:42:13 ubuntu devstack@g-api.service[118317]: [pid: 118317|app: 0|req: 31/63] 127.0.0.1 () {42 vars in 985 bytes} [Wed Dec  4 18:42:13 2024] GET /v2/schemas/image => generated 6083 bytes in 5 msecs (HTTP/1.1 200) 4 headers in 158 bytes (1 switches on core 0)
Dec 04 18:42:13 ubuntu devstack@g-api.service[118316]: DEBUG glance.api.middleware.version_negotiation [None req-dad346ec-469b-4ea2-a0d1-32b8da2f730c tempest-ImageDependencyTests-578693836 tempest-ImageDependencyTests-578693836-project-member] Determining version of request: DELETE /v2/images/08c62def-0ca0-4739-a204-b44fe8c94f6d Accept: application/json {{(pid=118316) process_request /opt/stack/glance/glance/api/middleware/version_negotiation.py:44}}
Dec 04 18:42:13 ubuntu devstack@g-api.service[118316]: DEBUG glance.api.middleware.version_negotiation [None req-dad346ec-469b-4ea2-a0d1-32b8da2f730c tempest-ImageDependencyTests-578693836 tempest-ImageDependencyTests-578693836-project-member] Using url versioning {{(pid=118316) process_request /opt/stack/glance/glance/api/middleware/version_negotiation.py:57}}
Dec 04 18:42:13 ubuntu devstack@g-api.service[118316]: DEBUG glance.api.middleware.version_negotiation [None req-dad346ec-469b-4ea2-a0d1-32b8da2f730c tempest-ImageDependencyTests-578693836 tempest-ImageDependencyTests-578693836-project-member] Matched version: v2 {{(pid=118316) process_request /opt/stack/glance/glance/api/middleware/version_negotiation.py:69}}
Dec 04 18:42:13 ubuntu devstack@g-api.service[118316]: DEBUG glance.api.middleware.version_negotiation [None req-dad346ec-469b-4ea2-a0d1-32b8da2f730c tempest-ImageDependencyTests-578693836 tempest-ImageDependencyTests-578693836-project-member] new path /v2/images/08c62def-0ca0-4739-a204-b44fe8c94f6d {{(pid=118316) process_request /opt/stack/glance/glance/api/middleware/version_negotiation.py:70}}
Dec 04 18:42:13 ubuntu devstack@g-api.service[118316]: WARNING glance.api.v2.images [None req-583e1bdc-bab2-4aff-834a-f1934b5bad56 tempest-ImageDependencyTests-578693836 tempest-ImageDependencyTests-578693836-project-member] After upload to backend, deletion of staged image data has failed because it cannot be found at /tmp/staging//08c62def-0ca0-4739-a204-b44fe8c94f6d
Dec 04 18:42:13 ubuntu devstack@g-api.service[118316]: DEBUG glance_store.backend [None req-583e1bdc-bab2-4aff-834a-f1934b5bad56 tempest-ImageDependencyTests-578693836 tempest-ImageDependencyTests-578693836-project-member] Attempting to import store swift {{(pid=118316) _load_store /opt/stack/data/venv/lib/python3.10/site-packages/glance_store/backend.py:216}}
Dec 04 18:42:13 ubuntu devstack@g-api.service[118316]: DEBUG glance_store.capabilities [None req-583e1bdc-bab2-4aff-834a-f1934b5bad56 tempest-ImageDependencyTests-578693836 tempest-ImageDependencyTests-578693836-project-member] Store glance_store._drivers.swift.store.SingleTenantStore doesn't support updating dynamic storage capabilities. Please overwrite 'update_capabilities' method of the store to implement updating logics if needed. {{(pid=118316) update_capabilities /opt/stack/data/venv/lib/python3.10/site-packages/glance_store/capabilities.py:91}}
Dec 04 18:42:13 ubuntu devstack@g-api.service[118316]: DEBUG glance_store.driver [None req-583e1bdc-bab2-4aff-834a-f1934b5bad56 tempest-ImageDependencyTests-578693836 tempest-ImageDependencyTests-578693836-project-member] Late loading location class glance_store._drivers.swift.store.StoreLocation {{(pid=118316) get_store_location_class /opt/stack/data/venv/lib/python3.10/site-packages/glance_store/driver.py:133}}
Dec 04 18:42:13 ubuntu devstack@g-api.service[118316]: DEBUG glance_store.location [None req-583e1bdc-bab2-4aff-834a-f1934b5bad56 tempest-ImageDependencyTests-578693836 tempest-ImageDependencyTests-578693836-project-member] Registering scheme swift+https with {'store': <glance_store._drivers.swift.store.SingleTenantStore object at 0x7fb0b95dd9f0>, 'location_class': <class 'glance_store._drivers.swift.store.StoreLocation'>, 'store_entry': 'swift'} {{(pid=118316) register_scheme_map /opt/stack/data/venv/lib/python3.10/site-packages/glance_store/location.py:146}}
Dec 04 18:42:13 ubuntu devstack@g-api.service[118316]: DEBUG glance_store.location [None req-583e1bdc-bab2-4aff-834a-f1934b5bad56 tempest-ImageDependencyTests-578693836 tempest-ImageDependencyTests-578693836-project-member] Registering scheme swift+https with {'store': <glance_store._drivers.swift.store.SingleTenantStore object at 0x7fb0b95dd9f0>, 'location_class': <class 'glance_store._drivers.swift.store.StoreLocation'>, 'store_entry': 'swift'} {{(pid=118316) register_scheme_map /opt/stack/data/venv/lib/python3.10/site-packages/glance_store/location.py:146}}
Dec 04 18:42:13 ubuntu devstack@g-api.service[118316]: DEBUG glance_store.location [None req-583e1bdc-bab2-4aff-834a-f1934b5bad56 tempest-ImageDependencyTests-578693836 tempest-ImageDependencyTests-578693836-project-member] Registering scheme swift with {'store': <glance_store._drivers.swift.store.SingleTenantStore object at 0x7fb0b95dd9f0>, 'location_class': <class 'glance_store._drivers.swift.store.StoreLocation'>, 'store_entry': 'swift'} {{(pid=118316) register_scheme_map /opt/stack/data/venv/lib/python3.10/site-packages/glance_store/location.py:146}}
Dec 04 18:42:13 ubuntu devstack@g-api.service[118316]: DEBUG glance_store.location [None req-583e1bdc-bab2-4aff-834a-f1934b5bad56 tempest-ImageDependencyTests-578693836 tempest-ImageDependencyTests-578693836-project-member] Registering scheme swift+https with {'store': <glance_store._drivers.swift.store.SingleTenantStore object at 0x7fb0b95dd9f0>, 'location_class': <class 'glance_store._drivers.swift.store.StoreLocation'>, 'store_entry': 'swift'} {{(pid=118316) register_scheme_map /opt/stack/data/venv/lib/python3.10/site-packages/glance_store/location.py:146}}
Dec 04 18:42:13 ubuntu devstack@g-api.service[118316]: DEBUG glance_store.location [None req-583e1bdc-bab2-4aff-834a-f1934b5bad56 tempest-ImageDependencyTests-578693836 tempest-ImageDependencyTests-578693836-project-member] Registering scheme swift with {'store': <glance_store._drivers.swift.store.SingleTenantStore object at 0x7fb0b95dd9f0>, 'location_class': <class 'glance_store._drivers.swift.store.StoreLocation'>, 'store_entry': 'swift'} {{(pid=118316) register_scheme_map /opt/stack/data/venv/lib/python3.10/site-packages/glance_store/location.py:146}}
Dec 04 18:42:13 ubuntu devstack@g-api.service[118316]: DEBUG glance_store.location [None req-583e1bdc-bab2-4aff-834a-f1934b5bad56 tempest-ImageDependencyTests-578693836 tempest-ImageDependencyTests-578693836-project-member] Registering scheme swift+http with {'store': <glance_store._drivers.swift.store.SingleTenantStore object at 0x7fb0b95dd9f0>, 'location_class': <class 'glance_store._drivers.swift.store.StoreLocation'>, 'store_entry': 'swift'} {{(pid=118316) register_scheme_map /opt/stack/data/venv/lib/python3.10/site-packages/glance_store/location.py:146}}
Dec 04 18:42:13 ubuntu devstack@g-api.service[118316]: DEBUG glance_store.location [None req-583e1bdc-bab2-4aff-834a-f1934b5bad56 tempest-ImageDependencyTests-578693836 tempest-ImageDependencyTests-578693836-project-member] Registering scheme swift+https with {'store': <glance_store._drivers.swift.store.SingleTenantStore object at 0x7fb0b95dd9f0>, 'location_class': <class 'glance_store._drivers.swift.store.StoreLocation'>, 'store_entry': 'swift'} {{(pid=118316) register_scheme_map /opt/stack/data/venv/lib/python3.10/site-packages/glance_store/location.py:146}}
Dec 04 18:42:13 ubuntu devstack@g-api.service[118316]: DEBUG glance_store.location [None req-583e1bdc-bab2-4aff-834a-f1934b5bad56 tempest-ImageDependencyTests-578693836 tempest-ImageDependencyTests-578693836-project-member] Registering scheme swift with {'store': <glance_store._drivers.swift.store.SingleTenantStore object at 0x7fb0b95dd9f0>, 'location_class': <class 'glance_store._drivers.swift.store.StoreLocation'>, 'store_entry': 'swift'} {{(pid=118316) register_scheme_map /opt/stack/data/venv/lib/python3.10/site-packages/glance_store/location.py:146}}
Dec 04 18:42:13 ubuntu devstack@g-api.service[118316]: DEBUG glance_store.location [None req-583e1bdc-bab2-4aff-834a-f1934b5bad56 tempest-ImageDependencyTests-578693836 tempest-ImageDependencyTests-578693836-project-member] Registering scheme swift+http with {'store': <glance_store._drivers.swift.store.SingleTenantStore object at 0x7fb0b95dd9f0>, 'location_class': <class 'glance_store._drivers.swift.store.StoreLocation'>, 'store_entry': 'swift'} {{(pid=118316) register_scheme_map /opt/stack/data/venv/lib/python3.10/site-packages/glance_store/location.py:146}}
Dec 04 18:42:13 ubuntu devstack@g-api.service[118316]: DEBUG glance_store.location [None req-583e1bdc-bab2-4aff-834a-f1934b5bad56 tempest-ImageDependencyTests-578693836 tempest-ImageDependencyTests-578693836-project-member] Registering scheme swift+config with {'store': <glance_store._drivers.swift.store.SingleTenantStore object at 0x7fb0b95dd9f0>, 'location_class': <class 'glance_store._drivers.swift.store.StoreLocation'>, 'store_entry': 'swift'} {{(pid=118316) register_scheme_map /opt/stack/data/venv/lib/python3.10/site-packages/glance_store/location.py:146}}
Dec 04 18:42:13 ubuntu devstack@g-api.service[118316]: DEBUG keystoneclient.auth.identity.v3.base [None req-583e1bdc-bab2-4aff-834a-f1934b5bad56 tempest-ImageDependencyTests-578693836 tempest-ImageDependencyTests-578693836-project-member] Making authentication request to http://10.201.5.82/identity/v3/auth/tokens {{(pid=118316) get_auth_ref /opt/stack/data/venv/lib/python3.10/site-packages/keystoneclient/auth/identity/v3/base.py:185}}
Dec 04 18:42:13 ubuntu devstack@g-api.service[118316]: DEBUG keystoneclient.auth.identity.v3.base [None req-583e1bdc-bab2-4aff-834a-f1934b5bad56 tempest-ImageDependencyTests-578693836 tempest-ImageDependencyTests-578693836-project-member] {"token": {"methods": ["password"], "user": {"domain": {"id": "default", "name": "Default"}, "id": "679a0a62814f4c40b7a45c9be4b063c7", "name": "glance-swift", "password_expires_at": null}, "audit_ids": ["l-dCCuauSqSO_P6f-Y18HA"], "expires_at": "2024-12-04T19:42:13.000000Z", "issued_at": "2024-12-04T18:42:13.000000Z", "project": {"domain": {"id": "default", "name": "Default"}, "id": "17aee577f61d4c6ca745f1cf6be32684", "name": "service"}, "is_domain": false, "roles": [{"id": "d664c7d288a2426fbcae4a1c9a7ecc96", "name": "ResellerAdmin"}, {"id": "b634ded4e5fd4dda85212cbe972abc1a", "name": "service"}], "catalog": [{"endpoints": [{"id": "78f4ba0a350d4a51a8094ba5671212d3", "interface": "admin", "region_id": "RegionOne", "url": "http://10.201.5.82:8080", "region": "RegionOne"}, {"id": "9d277b8597084e6d9b3a431da3484c99", "interface": "public", "region_id": "RegionOne", "url": "http://10.201.5.82:8080/v1/AUTH_17aee577f61d4c6ca745f1cf6be32684", "region": "RegionOne"}], "id": "3543a8e6e29e4bd7b5bffa2908326e6a", "type": "object-store", "name": "swift"}, {"endpoints": [{"id": "b6fdfb29cc3c44febc947201ac8a4b2d", "interface": "public", "region_id": "RegionOne", "url": "http://10.201.5.82/identity", "region": "RegionOne"}], "id": "4373bc4e9e9447c58698c61ccf4f79f8", "type": "identity", "name": "keystone"}, {"endpoints": [{"id": "c46bacbbef9245b6a42c1e7c0a49fca0", "interface": "public", "region_id": "RegionOne", "url": "http://10.201.5.82/placement", "region": "RegionOne"}], "id": "8f80a46ba53f4a5db4a861c93ad1b942", "type": "placement", "name": "placement"}, {"endpoints": [{"id": "94cfd0d0a885484eb84c667206c40c4b", "interface": "public", "region_id": "RegionOne", "url": "http://10.201.5.82/volume/v3", "region": "RegionOne"}], "id": "999e6fed36de4920b5fee554c18c8e7e", "type": "block-storage", "name": "cinder"}, {"endpoints": [{"id": "cdeee30dc19949238480e6a893e1c7bb", "interface": "public", "region_id": "RegionOne", "url": "http://10.201.5.82/image", "region": "RegionOne"}], "id": "9ddb4e2903f64f86be4122d6278f6f16", "type": "image", "name": "glance"}, {"endpoints": [{"id": "8e8d01059bb540548daa971f253950b4", "interface": "public", "region_id": "RegionOne", "url": "http://10.201.5.82/compute/v2.1", "region": "RegionOne"}], "id": "c3bd896977f4495a8c9c13de62e00ae7", "type": "compute", "name": "nova"}, {"endpoints": [{"id": "ba9899ec199445dba3f52408f60e5189", "interface": "public", "region_id": "RegionOne", "url": "http://10.201.5.82:9696/networking", "region": "RegionOne"}], "id": "ef4b1b2f0f314700af65cef875f58511", "type": "network", "name": "neutron"}, {"endpoints": [{"id": "1f5136b6355a46ac9a9d944ae9a3609b", "interface": "public", "region_id": "RegionOne", "url": "http://10.201.5.82/compute/v2/17aee577f61d4c6ca745f1cf6be32684", "region": "RegionOne"}], "id": "f4ab2d75db2343bba43ca0a2e223e4d0", "type": "compute_legacy", "name": "nova_legacy"}]}} {{(pid=118316) get_auth_ref /opt/stack/data/venv/lib/python3.10/site-packages/keystoneclient/auth/identity/v3/base.py:190}}
Dec 04 18:42:13 ubuntu devstack@g-api.service[118316]: DEBUG keystoneclient.httpclient [None req-583e1bdc-bab2-4aff-834a-f1934b5bad56 tempest-ImageDependencyTests-578693836 tempest-ImageDependencyTests-578693836-project-member] Failed to find endpoint for management url admin endpoint for identity service not found {{(pid=118316) _process_management_url /opt/stack/data/venv/lib/python3.10/site-packages/keystoneclient/httpclient.py:670}}
Dec 04 18:42:13 ubuntu devstack@g-api.service[118316]: DEBUG swiftclient [None req-583e1bdc-bab2-4aff-834a-f1934b5bad56 tempest-ImageDependencyTests-578693836 tempest-ImageDependencyTests-578693836-project-member] REQ: curl -i http://10.201.5.82:8080/v1/AUTH_17aee577f61d4c6ca745f1cf6be32684/glance/08c62def-0ca0-4739-a204-b44fe8c94f6d -I -H "X-Auth-Token: gAAAAABnUKKFCkmk..." {{(pid=118316) http_log /opt/stack/data/venv/lib/python3.10/site-packages/swiftclient/client.py:160}}
Dec 04 18:42:13 ubuntu devstack@g-api.service[118316]: DEBUG swiftclient [None req-583e1bdc-bab2-4aff-834a-f1934b5bad56 tempest-ImageDependencyTests-578693836 tempest-ImageDependencyTests-578693836-project-member] RESP STATUS: 200 OK {{(pid=118316) http_log /opt/stack/data/venv/lib/python3.10/site-packages/swiftclient/client.py:161}}
Dec 04 18:42:13 ubuntu devstack@g-api.service[118316]: DEBUG swiftclient [None req-583e1bdc-bab2-4aff-834a-f1934b5bad56 tempest-ImageDependencyTests-578693836 tempest-ImageDependencyTests-578693836-project-member] RESP HEADERS: {'Content-Type': 'application/octet-stream', 'Content-Length': '1024', 'Etag': 'b93c5ba0e4255c5e9f530c5678e36fcd', 'Last-Modified': 'Wed, 04 Dec 2024 18:42:08 GMT', 'X-Timestamp': '1733337727.57687', 'Accept-Ranges': 'bytes', 'X-Trans-Id': 'tx42677f317b4c498cbb61f-006750a285', 'X-Openstack-Request-Id': 'tx42677f317b4c498cbb61f-006750a285', 'Date': 'Wed, 04 Dec 2024 18:42:13 GMT'} {{(pid=118316) http_log /opt/stack/data/venv/lib/python3.10/site-packages/swiftclient/client.py:162}}
Dec 04 18:42:13 ubuntu devstack@g-api.service[118316]: DEBUG swiftclient [None req-583e1bdc-bab2-4aff-834a-f1934b5bad56 tempest-ImageDependencyTests-578693836 tempest-ImageDependencyTests-578693836-project-member] REQ: curl -i http://10.201.5.82:8080/v1/AUTH_17aee577f61d4c6ca745f1cf6be32684/glance/08c62def-0ca0-4739-a204-b44fe8c94f6d DELETE -H "X-Auth-Token: gAAAAABnUKKFCkmk..." {{(pid=118316) http_log /opt/stack/data/venv/lib/python3.10/site-packages/swiftclient/client.py:160}}
Dec 04 18:42:13 ubuntu devstack@g-api.service[118316]: DEBUG swiftclient [None req-583e1bdc-bab2-4aff-834a-f1934b5bad56 tempest-ImageDependencyTests-578693836 tempest-ImageDependencyTests-578693836-project-member] RESP STATUS: 204 No Content {{(pid=118316) http_log /opt/stack/data/venv/lib/python3.10/site-packages/swiftclient/client.py:161}}
Dec 04 18:42:13 ubuntu devstack@g-api.service[118316]: DEBUG swiftclient [None req-583e1bdc-bab2-4aff-834a-f1934b5bad56 tempest-ImageDependencyTests-578693836 tempest-ImageDependencyTests-578693836-project-member] RESP HEADERS: {'Content-Type': 'text/html; charset=UTF-8', 'Content-Length': '0', 'X-Trans-Id': 'tx8537ab8d40274dbc980ca-006750a285', 'X-Openstack-Request-Id': 'tx8537ab8d40274dbc980ca-006750a285', 'Date': 'Wed, 04 Dec 2024 18:42:13 GMT'} {{(pid=118316) http_log /opt/stack/data/venv/lib/python3.10/site-packages/swiftclient/client.py:162}}
Dec 04 18:42:13 ubuntu devstack@g-api.service[118316]: DEBUG glance.api.middleware.cache [None req-583e1bdc-bab2-4aff-834a-f1934b5bad56 tempest-ImageDependencyTests-578693836 tempest-ImageDependencyTests-578693836-project-member] Removing image 08c62def-0ca0-4739-a204-b44fe8c94f6d from cache {{(pid=118316) _process_DELETE_response /opt/stack/glance/glance/api/middleware/cache.py:264}}
Dec 04 18:42:13 ubuntu devstack@g-api.service[118316]: DEBUG glance.image_cache.drivers.centralized_db [None req-583e1bdc-bab2-4aff-834a-f1934b5bad56 tempest-ImageDependencyTests-578693836 tempest-ImageDependencyTests-578693836-project-member] Deleting image cache file '/opt/stack/data/glance/cache/08c62def-0ca0-4739-a204-b44fe8c94f6d' {{(pid=118316) delete_cached_file /opt/stack/glance/glance/image_cache/drivers/centralized_db.py:387}}
Dec 04 18:42:13 ubuntu devstack@g-api.service[118316]: [pid: 118316|app: 0|req: 33/64] 127.0.0.1 () {38 vars in 773 bytes} [Wed Dec  4 18:42:13 2024] DELETE /v2/images/08c62def-0ca0-4739-a204-b44fe8c94f6d => generated 0 bytes in 173 msecs (HTTP/1.1 204) 4 headers in 171 bytes (1 switches on core 0)
Dec 04 18:42:13 ubuntu devstack@g-api.service[118317]: DEBUG glance.api.middleware.version_negotiation [None req-dad346ec-469b-4ea2-a0d1-32b8da2f730c tempest-ImageDependencyTests-578693836 tempest-ImageDependencyTests-578693836-project-member] Determining version of request: GET /v2/images/08c62def-0ca0-4739-a204-b44fe8c94f6d Accept: application/json {{(pid=118317) process_request /opt/stack/glance/glance/api/middleware/version_negotiation.py:44}}
Dec 04 18:42:13 ubuntu devstack@g-api.service[118317]: DEBUG glance.api.middleware.version_negotiation [None req-dad346ec-469b-4ea2-a0d1-32b8da2f730c tempest-ImageDependencyTests-578693836 tempest-ImageDependencyTests-578693836-project-member] Using url versioning {{(pid=118317) process_request /opt/stack/glance/glance/api/middleware/version_negotiation.py:57}}
Dec 04 18:42:13 ubuntu devstack@g-api.service[118317]: DEBUG glance.api.middleware.version_negotiation [None req-dad346ec-469b-4ea2-a0d1-32b8da2f730c tempest-ImageDependencyTests-578693836 tempest-ImageDependencyTests-578693836-project-member] Matched version: v2 {{(pid=118317) process_request /opt/stack/glance/glance/api/middleware/version_negotiation.py:69}}
Dec 04 18:42:13 ubuntu devstack@g-api.service[118317]: DEBUG glance.api.middleware.version_negotiation [None req-dad346ec-469b-4ea2-a0d1-32b8da2f730c tempest-ImageDependencyTests-578693836 tempest-ImageDependencyTests-578693836-project-member] new path /v2/images/08c62def-0ca0-4739-a204-b44fe8c94f6d {{(pid=118317) process_request /opt/stack/glance/glance/api/middleware/version_negotiation.py:70}}
Dec 04 18:42:13 ubuntu devstack@g-api.service[118317]: DEBUG glance.db.sqlalchemy.api [None req-a1a00cc6-17b7-42f7-9a5a-2f2f9ee81ab6 tempest-ImageDependencyTests-578693836 tempest-ImageDependencyTests-578693836-project-member] No image found with ID 08c62def-0ca0-4739-a204-b44fe8c94f6d {{(pid=118317) _image_get /opt/stack/glance/glance/db/sqlalchemy/api.py:309}}
Dec 04 18:42:13 ubuntu devstack@g-api.service[118317]: [pid: 118317|app: 0|req: 32/65] 127.0.0.1 () {38 vars in 770 bytes} [Wed Dec  4 18:42:13 2024] GET /v2/images/08c62def-0ca0-4739-a204-b44fe8c94f6d => generated 139 bytes in 13 msecs (HTTP/1.1 404) 4 headers in 164 bytes (1 switches on core 0)
Dec 04 18:42:23 ubuntu devstack@g-api.service[118316]: DEBUG dbcounter [-] [118316] Writing DB stats glance:SELECT=52,glance:UPDATE=9,glance:INSERT=1,glance:DELETE=1 {{(pid=118316) stat_writer /opt/stack/data/venv/lib/python3.10/site-packages/dbcounter.py:115}}
Dec 04 18:42:23 ubuntu devstack@g-api.service[118317]: DEBUG dbcounter [-] [118317] Writing DB stats glance:SELECT=32,glance:INSERT=2,glance:UPDATE=1 {{(pid=118317) stat_writer /opt/stack/data/venv/lib/python3.10/site-packages/dbcounter.py:115}}
