Feb 26 23:57:26 ubuntu devstack@keystone.service[82030]: ERROR keystone.server.flask.application     self.dialect.do_execute(
Feb 26 23:57:26 ubuntu devstack@keystone.service[82030]: ERROR keystone.server.flask.application   File "/opt/stack/data/venv/lib/python3.10/site-packages/sqlalchemy/engine/default.py", line 952, in do_execute
Feb 26 23:57:26 ubuntu devstack@keystone.service[82030]: ERROR keystone.server.flask.application     cursor.execute(statement, parameters)
Feb 26 23:57:26 ubuntu devstack@keystone.service[82030]: ERROR keystone.server.flask.application   File "/opt/stack/data/venv/lib/python3.10/site-packages/pymysql/cursors.py", line 153, in execute
Feb 26 23:57:26 ubuntu devstack@keystone.service[82030]: ERROR keystone.server.flask.application     result = self._query(query)
Feb 26 23:57:26 ubuntu devstack@keystone.service[82030]: ERROR keystone.server.flask.application   File "/opt/stack/data/venv/lib/python3.10/site-packages/pymysql/cursors.py", line 322, in _query
Feb 26 23:57:26 ubuntu devstack@keystone.service[82030]: ERROR keystone.server.flask.application     conn.query(q)
Feb 26 23:57:26 ubuntu devstack@keystone.service[82030]: ERROR keystone.server.flask.application   File "/opt/stack/data/venv/lib/python3.10/site-packages/pymysql/connections.py", line 575, in query
Feb 26 23:57:26 ubuntu devstack@keystone.service[82030]: ERROR keystone.server.flask.application     self._affected_rows = self._read_query_result(unbuffered=unbuffered)
Feb 26 23:57:26 ubuntu devstack@keystone.service[82030]: ERROR keystone.server.flask.application   File "/opt/stack/data/venv/lib/python3.10/site-packages/pymysql/connections.py", line 826, in _read_query_result
Feb 26 23:57:26 ubuntu devstack@keystone.service[82030]: ERROR keystone.server.flask.application     result.read()
Feb 26 23:57:26 ubuntu devstack@keystone.service[82030]: ERROR keystone.server.flask.application   File "/opt/stack/data/venv/lib/python3.10/site-packages/pymysql/connections.py", line 1203, in read
Feb 26 23:57:26 ubuntu devstack@keystone.service[82030]: ERROR keystone.server.flask.application     first_packet = self.connection._read_packet()
Feb 26 23:57:26 ubuntu devstack@keystone.service[82030]: ERROR keystone.server.flask.application   File "/opt/stack/data/venv/lib/python3.10/site-packages/pymysql/connections.py", line 782, in _read_packet
Feb 26 23:57:26 ubuntu devstack@keystone.service[82030]: ERROR keystone.server.flask.application     packet.raise_for_error()
Feb 26 23:57:26 ubuntu devstack@keystone.service[82030]: ERROR keystone.server.flask.application   File "/opt/stack/data/venv/lib/python3.10/site-packages/pymysql/protocol.py", line 219, in raise_for_error
Feb 26 23:57:26 ubuntu devstack@keystone.service[82030]: ERROR keystone.server.flask.application     err.raise_mysql_exception(self._data)
Feb 26 23:57:26 ubuntu devstack@keystone.service[82030]: ERROR keystone.server.flask.application   File "/opt/stack/data/venv/lib/python3.10/site-packages/pymysql/err.py", line 150, in raise_mysql_exception
Feb 26 23:57:26 ubuntu devstack@keystone.service[82030]: ERROR keystone.server.flask.application     raise errorclass(errno, errval)
Feb 26 23:57:26 ubuntu devstack@keystone.service[82030]: ERROR keystone.server.flask.application oslo_db.exception.DBDuplicateEntry: (pymysql.err.IntegrityError) (1062, "Duplicate entry 'service-<<null>>' for key 'role.ixu_role_name_domain_id'")
Feb 26 23:57:26 ubuntu devstack@keystone.service[82030]: ERROR keystone.server.flask.application [SQL: INSERT INTO `role` (id, name, description, extra) VALUES (%(id)s, %(name)s, %(description)s, %(extra)s)]
Feb 26 23:57:26 ubuntu devstack@keystone.service[82030]: ERROR keystone.server.flask.application [parameters: {'id': '4c45fbdfde274637968f5e48b0b3586b', 'name': 'service', 'description': None, 'extra': '{}'}]
Feb 26 23:57:26 ubuntu devstack@keystone.service[82030]: ERROR keystone.server.flask.application (Background on this error at: https://sqlalche.me/e/20/gkpj)
Feb 26 23:57:26 ubuntu devstack@keystone.service[82030]: ERROR keystone.server.flask.application 
Feb 26 23:57:26 ubuntu devstack@keystone.service[82030]: ERROR keystone.server.flask.application During handling of the above exception, another exception occurred:
Feb 26 23:57:26 ubuntu devstack@keystone.service[82030]: ERROR keystone.server.flask.application 
Feb 26 23:57:26 ubuntu devstack@keystone.service[82030]: ERROR keystone.server.flask.application Traceback (most recent call last):
Feb 26 23:57:26 ubuntu devstack@keystone.service[82030]: ERROR keystone.server.flask.application   File "/opt/stack/data/venv/lib/python3.10/site-packages/flask/app.py", line 917, in full_dispatch_request
Feb 26 23:57:26 ubuntu devstack@keystone.service[82030]: ERROR keystone.server.flask.application     rv = self.dispatch_request()
Feb 26 23:57:26 ubuntu devstack@keystone.service[82030]: ERROR keystone.server.flask.application   File "/opt/stack/data/venv/lib/python3.10/site-packages/flask/app.py", line 902, in dispatch_request
Feb 26 23:57:26 ubuntu devstack@keystone.service[82030]: ERROR keystone.server.flask.application     return self.ensure_sync(self.view_functions[rule.endpoint])(**view_args)  # type: ignore[no-any-return]
Feb 26 23:57:26 ubuntu devstack@keystone.service[82030]: ERROR keystone.server.flask.application   File "/opt/stack/data/venv/lib/python3.10/site-packages/flask_restful/__init__.py", line 489, in wrapper
Feb 26 23:57:26 ubuntu devstack@keystone.service[82030]: ERROR keystone.server.flask.application     resp = resource(*args, **kwargs)
Feb 26 23:57:26 ubuntu devstack@keystone.service[82030]: ERROR keystone.server.flask.application   File "/opt/stack/data/venv/lib/python3.10/site-packages/flask/views.py", line 110, in view
Feb 26 23:57:26 ubuntu devstack@keystone.service[82030]: ERROR keystone.server.flask.application     return current_app.ensure_sync(self.dispatch_request)(**kwargs)  # type: ignore[no-any-return]
Feb 26 23:57:26 ubuntu devstack@keystone.service[82030]: ERROR keystone.server.flask.application   File "/opt/stack/data/venv/lib/python3.10/site-packages/flask_restful/__init__.py", line 604, in dispatch_request
Feb 26 23:57:26 ubuntu devstack@keystone.service[82030]: ERROR keystone.server.flask.application     resp = meth(*args, **kwargs)
Feb 26 23:57:26 ubuntu devstack@keystone.service[82030]: ERROR keystone.server.flask.application   File "/opt/stack/keystone/keystone/api/validation/__init__.py", line 86, in wrapper
Feb 26 23:57:26 ubuntu devstack@keystone.service[82030]: ERROR keystone.server.flask.application     return func(*args, **kwargs)
Feb 26 23:57:26 ubuntu devstack@keystone.service[82030]: ERROR keystone.server.flask.application   File "/opt/stack/keystone/keystone/api/validation/__init__.py", line 145, in wrapper
Feb 26 23:57:26 ubuntu devstack@keystone.service[82030]: ERROR keystone.server.flask.application     response = func(*args, **kwargs)
Feb 26 23:57:26 ubuntu devstack@keystone.service[82030]: ERROR keystone.server.flask.application   File "/opt/stack/keystone/keystone/api/roles.py", line 91, in post
Feb 26 23:57:26 ubuntu devstack@keystone.service[82030]: ERROR keystone.server.flask.application     ref = PROVIDERS.role_api.create_role(
Feb 26 23:57:26 ubuntu devstack@keystone.service[82030]: ERROR keystone.server.flask.application   File "/opt/stack/keystone/keystone/common/manager.py", line 114, in wrapped
Feb 26 23:57:26 ubuntu devstack@keystone.service[82030]: ERROR keystone.server.flask.application     __ret_val = __f(*args, **kwargs)
Feb 26 23:57:26 ubuntu devstack@keystone.service[82030]: ERROR keystone.server.flask.application   File "/opt/stack/keystone/keystone/assignment/core.py", line 1526, in create_role
Feb 26 23:57:26 ubuntu devstack@keystone.service[82030]: ERROR keystone.server.flask.application     ret = self.driver.create_role(role_id, role)
Feb 26 23:57:26 ubuntu devstack@keystone.service[82030]: ERROR keystone.server.flask.application   File "/opt/stack/keystone/keystone/common/sql/core.py", line 614, in wrapper
Feb 26 23:57:26 ubuntu devstack@keystone.service[82030]: ERROR keystone.server.flask.application     raise exception.Conflict(type=conflict_type, details=msg)
Feb 26 23:57:26 ubuntu devstack@keystone.service[82030]: ERROR keystone.server.flask.application keystone.exception.Conflict: Conflict occurred attempting to store role - Duplicate entry found with name service.
Feb 26 23:57:26 ubuntu devstack@keystone.service[82030]: ERROR keystone.server.flask.application 
Feb 26 23:57:26 ubuntu devstack@keystone.service[82030]: [pid: 82030|app: 0|req: 19/36] 10.201.5.82 () {60 vars in 1168 bytes} [Thu Feb 26 23:57:26 2026] POST /identity/v3/roles => generated 140 bytes in 71 msecs (HTTP/1.1 409) 5 headers in 183 bytes (1 switches on core 0)
Feb 26 23:57:26 ubuntu devstack@keystone.service[82030]: DEBUG keystone.server.flask.request_processing.middleware.auth_context [None req-3b322af1-da92-46c9-b977-0f3e97a0adc2 None admin] Authenticating user token {{(pid=82030) process_request /opt/stack/data/venv/lib/python3.10/site-packages/keystonemiddleware/auth_token/__init__.py:407}}
Feb 26 23:57:26 ubuntu devstack@keystone.service[82031]: DEBUG keystone.server.flask.request_processing.middleware.auth_context [None req-99e28afa-9399-4846-99e3-ce0f90e62312 None admin] Validating token access rules against request {{(pid=82031) validate_allowed_request /opt/stack/data/venv/lib/python3.10/site-packages/keystonemiddleware/auth_token/__init__.py:545}}
Feb 26 23:57:26 ubuntu devstack@keystone.service[82031]: DEBUG keystone.server.flask.request_processing.middleware.auth_context [None req-63640fff-d1be-4a7a-b4fe-49955743bd2e None admin] RBAC: auth_context: {'token': <TokenModel (audit_id=yfXpzQ0gThCdHNbUSc1iDQ, audit_chain_id=['yfXpzQ0gThCdHNbUSc1iDQ']) at 0x7f8d450db940>, 'domain_id': None, 'trust_id': None, 'trustor_id': None, 'trustee_id': None, 'domain_name': None, 'group_ids': [], 'user_id': '154d2738e96c437c82195ad6daf49869', 'user_domain_id': 'default', 'system_scope': 'all', 'project_id': None, 'project_domain_id': None, 'roles': ['admin', 'manager', 'member', 'reader'], 'is_admin_project': True, 'service_user_id': None, 'service_user_domain_id': None, 'service_project_id': None, 'service_project_domain_id': None, 'service_roles': []} {{(pid=82031) fill_context /opt/stack/keystone/keystone/server/flask/request_processing/middleware/auth_context.py:509}}
Feb 26 23:57:26 ubuntu devstack@keystone.service[82031]: DEBUG keystone.server.flask.request_processing.req_logging [None req-63640fff-d1be-4a7a-b4fe-49955743bd2e None admin] REQUEST_METHOD: `POST` {{(pid=82031) log_request_info /opt/stack/keystone/keystone/server/flask/request_processing/req_logging.py:26}}
Feb 26 23:57:26 ubuntu devstack@keystone.service[82031]: DEBUG keystone.server.flask.request_processing.req_logging [None req-63640fff-d1be-4a7a-b4fe-49955743bd2e None admin] SCRIPT_NAME: `/identity` {{(pid=82031) log_request_info /opt/stack/keystone/keystone/server/flask/request_processing/req_logging.py:27}}
Feb 26 23:57:26 ubuntu devstack@keystone.service[82031]: DEBUG keystone.server.flask.request_processing.req_logging [None req-63640fff-d1be-4a7a-b4fe-49955743bd2e None admin] PATH_INFO: `/v3/projects` {{(pid=82031) log_request_info /opt/stack/keystone/keystone/server/flask/request_processing/req_logging.py:28}}
Feb 26 23:57:26 ubuntu devstack@keystone.service[82031]: DEBUG keystone.common.rbac_enforcer.enforcer [None req-63640fff-d1be-4a7a-b4fe-49955743bd2e None admin] RBAC: Authorizing `identity:create_project()` {{(pid=82031) enforce_call /opt/stack/keystone/keystone/common/rbac_enforcer/enforcer.py:494}}
Feb 26 23:57:26 ubuntu devstack@keystone.service[82031]: DEBUG keystone.common.rbac_enforcer.enforcer [None req-63640fff-d1be-4a7a-b4fe-49955743bd2e None admin] RBAC: Authorization granted {{(pid=82031) enforce_call /opt/stack/keystone/keystone/common/rbac_enforcer/enforcer.py:505}}
Feb 26 23:57:26 ubuntu devstack@keystone.service[82030]: DEBUG keystone.server.flask.request_processing.middleware.auth_context [None req-3b322af1-da92-46c9-b977-0f3e97a0adc2 None admin] Validating token access rules against request {{(pid=82030) validate_allowed_request /opt/stack/data/venv/lib/python3.10/site-packages/keystonemiddleware/auth_token/__init__.py:545}}
Feb 26 23:57:26 ubuntu devstack@keystone.service[82031]: [pid: 82031|app: 0|req: 18/37] 10.201.5.82 () {60 vars in 1177 bytes} [Thu Feb 26 23:57:26 2026] POST /identity/v3/projects => generated 301 bytes in 77 msecs (HTTP/1.1 201) 5 headers in 182 bytes (1 switches on core 0)
Feb 26 23:57:26 ubuntu devstack@keystone.service[82031]: DEBUG keystone.server.flask.request_processing.middleware.auth_context [None req-63640fff-d1be-4a7a-b4fe-49955743bd2e None admin] Authenticating user token {{(pid=82031) process_request /opt/stack/data/venv/lib/python3.10/site-packages/keystonemiddleware/auth_token/__init__.py:407}}
Feb 26 23:57:26 ubuntu devstack@keystone.service[82030]: DEBUG keystone.server.flask.request_processing.middleware.auth_context [None req-60753f54-a429-46ae-941b-17b32b35da52 None admin] RBAC: auth_context: {'token': <TokenModel (audit_id=2TKM7Ud_QbmVvcaY5aTbgg, audit_chain_id=['2TKM7Ud_QbmVvcaY5aTbgg']) at 0x7f8d45284df0>, 'domain_id': None, 'trust_id': None, 'trustor_id': None, 'trustee_id': None, 'domain_name': None, 'group_ids': [], 'user_id': '154d2738e96c437c82195ad6daf49869', 'user_domain_id': 'default', 'system_scope': 'all', 'project_id': None, 'project_domain_id': None, 'roles': ['admin', 'manager', 'member', 'reader'], 'is_admin_project': True, 'service_user_id': None, 'service_user_domain_id': None, 'service_project_id': None, 'service_project_domain_id': None, 'service_roles': []} {{(pid=82030) fill_context /opt/stack/keystone/keystone/server/flask/request_processing/middleware/auth_context.py:509}}
Feb 26 23:57:26 ubuntu devstack@keystone.service[82030]: DEBUG keystone.server.flask.request_processing.req_logging [None req-60753f54-a429-46ae-941b-17b32b35da52 None admin] REQUEST_METHOD: `GET` {{(pid=82030) log_request_info /opt/stack/keystone/keystone/server/flask/request_processing/req_logging.py:26}}
Feb 26 23:57:26 ubuntu devstack@keystone.service[82030]: DEBUG keystone.server.flask.request_processing.req_logging [None req-60753f54-a429-46ae-941b-17b32b35da52 None admin] SCRIPT_NAME: `/identity` {{(pid=82030) log_request_info /opt/stack/keystone/keystone/server/flask/request_processing/req_logging.py:27}}
Feb 26 23:57:26 ubuntu devstack@keystone.service[82030]: DEBUG keystone.server.flask.request_processing.req_logging [None req-60753f54-a429-46ae-941b-17b32b35da52 None admin] PATH_INFO: `/v3/domains/default` {{(pid=82030) log_request_info /opt/stack/keystone/keystone/server/flask/request_processing/req_logging.py:28}}
Feb 26 23:57:26 ubuntu devstack@keystone.service[82030]: DEBUG keystone.common.rbac_enforcer.enforcer [None req-60753f54-a429-46ae-941b-17b32b35da52 None admin] RBAC: Authorizing `identity:get_domain(domain_id=default)` {{(pid=82030) enforce_call /opt/stack/keystone/keystone/common/rbac_enforcer/enforcer.py:494}}
Feb 26 23:57:26 ubuntu devstack@keystone.service[82030]: DEBUG keystone.common.rbac_enforcer.enforcer [None req-60753f54-a429-46ae-941b-17b32b35da52 None admin] RBAC: Authorization granted {{(pid=82030) enforce_call /opt/stack/keystone/keystone/common/rbac_enforcer/enforcer.py:505}}
Feb 26 23:57:26 ubuntu devstack@keystone.service[82030]: [pid: 82030|app: 0|req: 20/38] 10.201.5.82 () {56 vars in 1145 bytes} [Thu Feb 26 23:57:26 2026] GET /identity/v3/domains/default => generated 199 bytes in 67 msecs (HTTP/1.1 200) 5 headers in 177 bytes (1 switches on core 0)
Feb 26 23:57:26 ubuntu devstack@keystone.service[82030]: DEBUG keystone.server.flask.request_processing.middleware.auth_context [None req-60753f54-a429-46ae-941b-17b32b35da52 None admin] Authenticating user token {{(pid=82030) process_request /opt/stack/data/venv/lib/python3.10/site-packages/keystonemiddleware/auth_token/__init__.py:407}}
Feb 26 23:57:26 ubuntu devstack@keystone.service[82031]: DEBUG keystone.server.flask.request_processing.middleware.auth_context [None req-63640fff-d1be-4a7a-b4fe-49955743bd2e None admin] Validating token access rules against request {{(pid=82031) validate_allowed_request /opt/stack/data/venv/lib/python3.10/site-packages/keystonemiddleware/auth_token/__init__.py:545}}
Feb 26 23:57:26 ubuntu devstack@keystone.service[82031]: DEBUG keystone.server.flask.request_processing.middleware.auth_context [None req-36f4f30e-8afa-4fb5-832b-501dc5db42c9 None admin] RBAC: auth_context: {'token': <TokenModel (audit_id=0_WkGDCAQw6ML4O3E0fs7g, audit_chain_id=['0_WkGDCAQw6ML4O3E0fs7g']) at 0x7f8d45468310>, 'domain_id': None, 'trust_id': None, 'trustor_id': None, 'trustee_id': None, 'domain_name': None, 'group_ids': [], 'user_id': '154d2738e96c437c82195ad6daf49869', 'user_domain_id': 'default', 'system_scope': 'all', 'project_id': None, 'project_domain_id': None, 'roles': ['admin', 'manager', 'member', 'reader'], 'is_admin_project': True, 'service_user_id': None, 'service_user_domain_id': None, 'service_project_id': None, 'service_project_domain_id': None, 'service_roles': []} {{(pid=82031) fill_context /opt/stack/keystone/keystone/server/flask/request_processing/middleware/auth_context.py:509}}
Feb 26 23:57:26 ubuntu devstack@keystone.service[82031]: DEBUG keystone.server.flask.request_processing.req_logging [None req-36f4f30e-8afa-4fb5-832b-501dc5db42c9 None admin] REQUEST_METHOD: `GET` {{(pid=82031) log_request_info /opt/stack/keystone/keystone/server/flask/request_processing/req_logging.py:26}}
Feb 26 23:57:26 ubuntu devstack@keystone.service[82031]: DEBUG keystone.server.flask.request_processing.req_logging [None req-36f4f30e-8afa-4fb5-832b-501dc5db42c9 None admin] SCRIPT_NAME: `/identity` {{(pid=82031) log_request_info /opt/stack/keystone/keystone/server/flask/request_processing/req_logging.py:27}}
Feb 26 23:57:26 ubuntu devstack@keystone.service[82031]: DEBUG keystone.server.flask.request_processing.req_logging [None req-36f4f30e-8afa-4fb5-832b-501dc5db42c9 None admin] PATH_INFO: `/v3/roles/service` {{(pid=82031) log_request_info /opt/stack/keystone/keystone/server/flask/request_processing/req_logging.py:28}}
Feb 26 23:57:26 ubuntu devstack@keystone.service[82031]: DEBUG keystone.common.rbac_enforcer.enforcer [None req-36f4f30e-8afa-4fb5-832b-501dc5db42c9 None admin] Extracting inferred target data resulted in "NOT FOUND (404)". {{(pid=82031) enforce_call /opt/stack/keystone/keystone/common/rbac_enforcer/enforcer.py:445}}
Feb 26 23:57:26 ubuntu devstack@keystone.service[82031]: DEBUG keystone.server.flask.application [None req-36f4f30e-8afa-4fb5-832b-501dc5db42c9 None admin] Could not find role: service. {{(pid=82031) _handle_keystone_exception /opt/stack/keystone/keystone/server/flask/application.py:146}}
Feb 26 23:57:26 ubuntu devstack@keystone.service[82030]: DEBUG keystone.server.flask.request_processing.middleware.auth_context [None req-60753f54-a429-46ae-941b-17b32b35da52 None admin] Validating token access rules against request {{(pid=82030) validate_allowed_request /opt/stack/data/venv/lib/python3.10/site-packages/keystonemiddleware/auth_token/__init__.py:545}}
Feb 26 23:57:26 ubuntu devstack@keystone.service[82031]: [pid: 82031|app: 0|req: 19/39] 10.201.5.82 () {56 vars in 1139 bytes} [Thu Feb 26 23:57:26 2026] GET /identity/v3/roles/service => generated 85 bytes in 72 msecs (HTTP/1.1 404) 5 headers in 183 bytes (1 switches on core 0)
Feb 26 23:57:26 ubuntu devstack@keystone.service[82031]: DEBUG keystone.server.flask.request_processing.middleware.auth_context [None req-36f4f30e-8afa-4fb5-832b-501dc5db42c9 None admin] Authenticating user token {{(pid=82031) process_request /opt/stack/data/venv/lib/python3.10/site-packages/keystonemiddleware/auth_token/__init__.py:407}}
Feb 26 23:57:26 ubuntu devstack@keystone.service[82031]: DEBUG keystone.server.flask.request_processing.middleware.auth_context [None req-36f4f30e-8afa-4fb5-832b-501dc5db42c9 None admin] Validating token access rules against request {{(pid=82031) validate_allowed_request /opt/stack/data/venv/lib/python3.10/site-packages/keystonemiddleware/auth_token/__init__.py:545}}
Feb 26 23:57:26 ubuntu devstack@keystone.service[82030]: DEBUG keystone.server.flask.request_processing.middleware.auth_context [None req-435175ff-090d-41c0-8913-eac7236f7ed0 None admin] RBAC: auth_context: {'token': <TokenModel (audit_id=2TKM7Ud_QbmVvcaY5aTbgg, audit_chain_id=['2TKM7Ud_QbmVvcaY5aTbgg']) at 0x7f8d44fa1cc0>, 'domain_id': None, 'trust_id': None, 'trustor_id': None, 'trustee_id': None, 'domain_name': None, 'group_ids': [], 'user_id': '154d2738e96c437c82195ad6daf49869', 'user_domain_id': 'default', 'system_scope': 'all', 'project_id': None, 'project_domain_id': None, 'roles': ['admin', 'manager', 'member', 'reader'], 'is_admin_project': True, 'service_user_id': None, 'service_user_domain_id': None, 'service_project_id': None, 'service_project_domain_id': None, 'service_roles': []} {{(pid=82030) fill_context /opt/stack/keystone/keystone/server/flask/request_processing/middleware/auth_context.py:509}}
Feb 26 23:57:26 ubuntu devstack@keystone.service[82030]: DEBUG keystone.server.flask.request_processing.req_logging [None req-435175ff-090d-41c0-8913-eac7236f7ed0 None admin] REQUEST_METHOD: `GET` {{(pid=82030) log_request_info /opt/stack/keystone/keystone/server/flask/request_processing/req_logging.py:26}}
Feb 26 23:57:26 ubuntu devstack@keystone.service[82030]: DEBUG keystone.server.flask.request_processing.req_logging [None req-435175ff-090d-41c0-8913-eac7236f7ed0 None admin] SCRIPT_NAME: `/identity` {{(pid=82030) log_request_info /opt/stack/keystone/keystone/server/flask/request_processing/req_logging.py:27}}
Feb 26 23:57:26 ubuntu devstack@keystone.service[82030]: DEBUG keystone.server.flask.request_processing.req_logging [None req-435175ff-090d-41c0-8913-eac7236f7ed0 None admin] PATH_INFO: `/v3/role_assignments` {{(pid=82030) log_request_info /opt/stack/keystone/keystone/server/flask/request_processing/req_logging.py:28}}
Feb 26 23:57:26 ubuntu devstack@keystone.service[82030]: DEBUG keystone.common.rbac_enforcer.enforcer [None req-435175ff-090d-41c0-8913-eac7236f7ed0 None admin] RBAC: Adding query filter params (role.id=065e97df1bf241b5b03e1214d45421af, scope.domain.id=default, user.id=154d2738e96c437c82195ad6daf49869) {{(pid=82030) _extract_filter_values /opt/stack/keystone/keystone/common/rbac_enforcer/enforcer.py:176}}
Feb 26 23:57:26 ubuntu devstack@keystone.service[82030]: DEBUG keystone.common.rbac_enforcer.enforcer [None req-435175ff-090d-41c0-8913-eac7236f7ed0 None admin] RBAC: Authorizing `identity:list_role_assignments()` {{(pid=82030) enforce_call /opt/stack/keystone/keystone/common/rbac_enforcer/enforcer.py:494}}
Feb 26 23:57:26 ubuntu devstack@keystone.service[82030]: DEBUG keystone.common.rbac_enforcer.enforcer [None req-435175ff-090d-41c0-8913-eac7236f7ed0 None admin] RBAC: Authorization granted {{(pid=82030) enforce_call /opt/stack/keystone/keystone/common/rbac_enforcer/enforcer.py:505}}
Feb 26 23:57:26 ubuntu devstack@keystone.service[82031]: DEBUG keystone.server.flask.request_processing.middleware.auth_context [None req-2e1098af-d686-492a-88aa-20e53c156ec6 None admin] RBAC: auth_context: {'token': <TokenModel (audit_id=02SCe3WjS7C3AKEqRGrKdw, audit_chain_id=['02SCe3WjS7C3AKEqRGrKdw']) at 0x7f8d454e9690>, 'domain_id': None, 'trust_id': None, 'trustor_id': None, 'trustee_id': None, 'domain_name': None, 'group_ids': [], 'user_id': '154d2738e96c437c82195ad6daf49869', 'user_domain_id': 'default', 'system_scope': 'all', 'project_id': None, 'project_domain_id': None, 'roles': ['admin', 'manager', 'member', 'reader'], 'is_admin_project': True, 'service_user_id': None, 'service_user_domain_id': None, 'service_project_id': None, 'service_project_domain_id': None, 'service_roles': []} {{(pid=82031) fill_context /opt/stack/keystone/keystone/server/flask/request_processing/middleware/auth_context.py:509}}
Feb 26 23:57:26 ubuntu devstack@keystone.service[82031]: DEBUG keystone.server.flask.request_processing.req_logging [None req-2e1098af-d686-492a-88aa-20e53c156ec6 None admin] REQUEST_METHOD: `POST` {{(pid=82031) log_request_info /opt/stack/keystone/keystone/server/flask/request_processing/req_logging.py:26}}
Feb 26 23:57:26 ubuntu devstack@keystone.service[82031]: DEBUG keystone.server.flask.request_processing.req_logging [None req-2e1098af-d686-492a-88aa-20e53c156ec6 None admin] SCRIPT_NAME: `/identity` {{(pid=82031) log_request_info /opt/stack/keystone/keystone/server/flask/request_processing/req_logging.py:27}}
Feb 26 23:57:26 ubuntu devstack@keystone.service[82030]: [pid: 82030|app: 0|req: 21/40] 10.201.5.82 () {56 vars in 1372 bytes} [Thu Feb 26 23:57:26 2026] GET /identity/v3/role_assignments?role.id=065e97df1bf241b5b03e1214d45421af&scope.domain.id=default&user.id=154d2738e96c437c82195ad6daf49869 => generated 530 bytes in 111 msecs (HTTP/1.1 200) 5 headers in 177 bytes (1 switches on core 0)
Feb 26 23:57:26 ubuntu devstack@keystone.service[82031]: DEBUG keystone.server.flask.request_processing.req_logging [None req-2e1098af-d686-492a-88aa-20e53c156ec6 None admin] PATH_INFO: `/v3/roles` {{(pid=82031) log_request_info /opt/stack/keystone/keystone/server/flask/request_processing/req_logging.py:28}}
Feb 26 23:57:26 ubuntu devstack@keystone.service[82030]: DEBUG keystone.server.flask.request_processing.middleware.auth_context [None req-435175ff-090d-41c0-8913-eac7236f7ed0 None admin] Authenticating user token {{(pid=82030) process_request /opt/stack/data/venv/lib/python3.10/site-packages/keystonemiddleware/auth_token/__init__.py:407}}
Feb 26 23:57:26 ubuntu devstack@keystone.service[82031]: DEBUG keystone.common.rbac_enforcer.enforcer [None req-2e1098af-d686-492a-88aa-20e53c156ec6 None admin] RBAC: Authorizing `identity:create_role()` {{(pid=82031) enforce_call /opt/stack/keystone/keystone/common/rbac_enforcer/enforcer.py:494}}
Feb 26 23:57:26 ubuntu devstack@keystone.service[82031]: DEBUG keystone.common.rbac_enforcer.enforcer [None req-2e1098af-d686-492a-88aa-20e53c156ec6 None admin] RBAC: Authorization granted {{(pid=82031) enforce_call /opt/stack/keystone/keystone/common/rbac_enforcer/enforcer.py:505}}
Feb 26 23:57:26 ubuntu devstack@keystone.service[82031]: [pid: 82031|app: 0|req: 20/41] 10.201.5.82 () {60 vars in 1168 bytes} [Thu Feb 26 23:57:26 2026] POST /identity/v3/roles => generated 225 bytes in 73 msecs (HTTP/1.1 201) 5 headers in 182 bytes (1 switches on core 0)
Feb 26 23:57:26 ubuntu devstack@keystone.service[82030]: DEBUG keystone.server.flask.request_processing.middleware.auth_context [None req-435175ff-090d-41c0-8913-eac7236f7ed0 None admin] Validating token access rules against request {{(pid=82030) validate_allowed_request /opt/stack/data/venv/lib/python3.10/site-packages/keystonemiddleware/auth_token/__init__.py:545}}
Feb 26 23:57:26 ubuntu devstack@keystone.service[82030]: DEBUG keystone.server.flask.request_processing.middleware.auth_context [None req-45a6bfcf-5cc1-4039-8842-010f56701d1e None admin] RBAC: auth_context: {'token': <TokenModel (audit_id=0_WkGDCAQw6ML4O3E0fs7g, audit_chain_id=['0_WkGDCAQw6ML4O3E0fs7g']) at 0x7f8d44fa3d60>, 'domain_id': None, 'trust_id': None, 'trustor_id': None, 'trustee_id': None, 'domain_name': None, 'group_ids': [], 'user_id': '154d2738e96c437c82195ad6daf49869', 'user_domain_id': 'default', 'system_scope': 'all', 'project_id': None, 'project_domain_id': None, 'roles': ['admin', 'manager', 'member', 'reader'], 'is_admin_project': True, 'service_user_id': None, 'service_user_domain_id': None, 'service_project_id': None, 'service_project_domain_id': None, 'service_roles': []} {{(pid=82030) fill_context /opt/stack/keystone/keystone/server/flask/request_processing/middleware/auth_context.py:509}}
Feb 26 23:57:26 ubuntu devstack@keystone.service[82030]: DEBUG keystone.server.flask.request_processing.req_logging [None req-45a6bfcf-5cc1-4039-8842-010f56701d1e None admin] REQUEST_METHOD: `GET` {{(pid=82030) log_request_info /opt/stack/keystone/keystone/server/flask/request_processing/req_logging.py:26}}
Feb 26 23:57:26 ubuntu devstack@keystone.service[82030]: DEBUG keystone.server.flask.request_processing.req_logging [None req-45a6bfcf-5cc1-4039-8842-010f56701d1e None admin] SCRIPT_NAME: `/identity` {{(pid=82030) log_request_info /opt/stack/keystone/keystone/server/flask/request_processing/req_logging.py:27}}
Feb 26 23:57:26 ubuntu devstack@keystone.service[82030]: DEBUG keystone.server.flask.request_processing.req_logging [None req-45a6bfcf-5cc1-4039-8842-010f56701d1e None admin] PATH_INFO: `/v3/roles` {{(pid=82030) log_request_info /opt/stack/keystone/keystone/server/flask/request_processing/req_logging.py:28}}
Feb 26 23:57:26 ubuntu devstack@keystone.service[82030]: DEBUG keystone.common.rbac_enforcer.enforcer [None req-45a6bfcf-5cc1-4039-8842-010f56701d1e None admin] RBAC: Adding query filter params (name=service) {{(pid=82030) _extract_filter_values /opt/stack/keystone/keystone/common/rbac_enforcer/enforcer.py:176}}
Feb 26 23:57:26 ubuntu devstack@keystone.service[82030]: DEBUG keystone.common.rbac_enforcer.enforcer [None req-45a6bfcf-5cc1-4039-8842-010f56701d1e None admin] RBAC: Authorizing `identity:list_roles()` {{(pid=82030) enforce_call /opt/stack/keystone/keystone/common/rbac_enforcer/enforcer.py:494}}
Feb 26 23:57:26 ubuntu devstack@keystone.service[82030]: DEBUG keystone.common.rbac_enforcer.enforcer [None req-45a6bfcf-5cc1-4039-8842-010f56701d1e None admin] RBAC: Authorization granted {{(pid=82030) enforce_call /opt/stack/keystone/keystone/common/rbac_enforcer/enforcer.py:505}}
Feb 26 23:57:27 ubuntu devstack@keystone.service[82030]: [pid: 82030|app: 0|req: 22/42] 10.201.5.82 () {56 vars in 1153 bytes} [Thu Feb 26 23:57:26 2026] GET /identity/v3/roles?name=service => generated 343 bytes in 258 msecs (HTTP/1.1 200) 5 headers in 177 bytes (1 switches on core 0)
Feb 26 23:57:27 ubuntu devstack@keystone.service[82031]: DEBUG keystone.server.flask.request_processing.req_logging [None req-78f62b49-de48-429a-a3e7-0adb002186f9 None None] REQUEST_METHOD: `GET` {{(pid=82031) log_request_info /opt/stack/keystone/keystone/server/flask/request_processing/req_logging.py:26}}
Feb 26 23:57:27 ubuntu devstack@keystone.service[82031]: DEBUG keystone.server.flask.request_processing.req_logging [None req-78f62b49-de48-429a-a3e7-0adb002186f9 None None] SCRIPT_NAME: `/identity` {{(pid=82031) log_request_info /opt/stack/keystone/keystone/server/flask/request_processing/req_logging.py:27}}
Feb 26 23:57:27 ubuntu devstack@keystone.service[82031]: DEBUG keystone.server.flask.request_processing.req_logging [None req-78f62b49-de48-429a-a3e7-0adb002186f9 None None] PATH_INFO: `/` {{(pid=82031) log_request_info /opt/stack/keystone/keystone/server/flask/request_processing/req_logging.py:28}}
Feb 26 23:57:27 ubuntu devstack@keystone.service[82031]: [pid: 82031|app: 0|req: 21/43] 10.201.5.82 () {54 vars in 920 bytes} [Thu Feb 26 23:57:27 2026] GET /identity => generated 270 bytes in 6 msecs (HTTP/1.1 300) 6 headers in 234 bytes (1 switches on core 0)
Feb 26 23:57:27 ubuntu devstack@keystone.service[82030]: DEBUG keystone.server.flask.request_processing.req_logging [None req-c6a7c30e-c6cc-4c7e-8777-26ed2163f96e None None] REQUEST_METHOD: `POST` {{(pid=82030) log_request_info /opt/stack/keystone/keystone/server/flask/request_processing/req_logging.py:26}}
Feb 26 23:57:27 ubuntu devstack@keystone.service[82030]: DEBUG keystone.server.flask.request_processing.req_logging [None req-c6a7c30e-c6cc-4c7e-8777-26ed2163f96e None None] SCRIPT_NAME: `/identity` {{(pid=82030) log_request_info /opt/stack/keystone/keystone/server/flask/request_processing/req_logging.py:27}}
Feb 26 23:57:27 ubuntu devstack@keystone.service[82030]: DEBUG keystone.server.flask.request_processing.req_logging [None req-c6a7c30e-c6cc-4c7e-8777-26ed2163f96e None None] PATH_INFO: `/v3/auth/tokens` {{(pid=82030) log_request_info /opt/stack/keystone/keystone/server/flask/request_processing/req_logging.py:28}}
Feb 26 23:57:27 ubuntu devstack@keystone.service[82030]: WARNING keystone.common.password_hashing [None req-c6a7c30e-c6cc-4c7e-8777-26ed2163f96e None None] Truncating password to algorithm specific maximum length 72 characters.
Feb 26 23:57:27 ubuntu devstack@keystone.service[82030]: DEBUG keystone.auth.core [None req-c6a7c30e-c6cc-4c7e-8777-26ed2163f96e None None] MFA Rules not processed for user `154d2738e96c437c82195ad6daf49869`. Rule list: `[]` (Enabled: `True`). {{(pid=82030) check_auth_methods_against_rules /opt/stack/keystone/keystone/auth/core.py:476}}
Feb 26 23:57:27 ubuntu devstack@keystone.service[82030]: DEBUG keystone.common.fernet_utils [None req-c6a7c30e-c6cc-4c7e-8777-26ed2163f96e None None] Loaded 2 Fernet keys from /etc/keystone/fernet-keys/, but `[fernet_tokens] max_active_keys = 3`; perhaps there have not been enough key rotations to reach `max_active_keys` yet? {{(pid=82030) load_keys /opt/stack/keystone/keystone/common/fernet_utils.py:297}}
Feb 26 23:57:27 ubuntu devstack@keystone.service[82030]: [pid: 82030|app: 0|req: 23/44] 10.201.5.82 () {58 vars in 1017 bytes} [Thu Feb 26 23:57:27 2026] POST /identity/v3/auth/tokens => generated 862 bytes in 74 msecs (HTTP/1.1 201) 6 headers in 363 bytes (1 switches on core 0)
Feb 26 23:57:27 ubuntu devstack@keystone.service[82031]: DEBUG keystone.server.flask.request_processing.req_logging [None req-86d2b1cf-8404-4a23-8d18-f165b00d387e None None] REQUEST_METHOD: `GET` {{(pid=82031) log_request_info /opt/stack/keystone/keystone/server/flask/request_processing/req_logging.py:26}}
Feb 26 23:57:27 ubuntu devstack@keystone.service[82031]: DEBUG keystone.server.flask.request_processing.req_logging [None req-86d2b1cf-8404-4a23-8d18-f165b00d387e None None] SCRIPT_NAME: `/identity` {{(pid=82031) log_request_info /opt/stack/keystone/keystone/server/flask/request_processing/req_logging.py:27}}
Feb 26 23:57:27 ubuntu devstack@keystone.service[82031]: DEBUG keystone.server.flask.request_processing.req_logging [None req-86d2b1cf-8404-4a23-8d18-f165b00d387e None None] PATH_INFO: `/` {{(pid=82031) log_request_info /opt/stack/keystone/keystone/server/flask/request_processing/req_logging.py:28}}
Feb 26 23:57:27 ubuntu devstack@keystone.service[82031]: [pid: 82031|app: 0|req: 22/45] 10.201.5.82 () {54 vars in 920 bytes} [Thu Feb 26 23:57:27 2026] GET /identity => generated 270 bytes in 7 msecs (HTTP/1.1 300) 6 headers in 234 bytes (1 switches on core 0)
Feb 26 23:57:27 ubuntu devstack@keystone.service[82030]: DEBUG keystone.server.flask.request_processing.middleware.auth_context [None req-c6a7c30e-c6cc-4c7e-8777-26ed2163f96e None None] Authenticating user token {{(pid=82030) process_request /opt/stack/data/venv/lib/python3.10/site-packages/keystonemiddleware/auth_token/__init__.py:407}}
Feb 26 23:57:27 ubuntu devstack@keystone.service[82031]: DEBUG keystone.server.flask.request_processing.req_logging [None req-08315858-c56d-4a28-bac5-b11a6a78d3f9 None None] REQUEST_METHOD: `POST` {{(pid=82031) log_request_info /opt/stack/keystone/keystone/server/flask/request_processing/req_logging.py:26}}
Feb 26 23:57:27 ubuntu devstack@keystone.service[82031]: DEBUG keystone.server.flask.request_processing.req_logging [None req-08315858-c56d-4a28-bac5-b11a6a78d3f9 None None] SCRIPT_NAME: `/identity` {{(pid=82031) log_request_info /opt/stack/keystone/keystone/server/flask/request_processing/req_logging.py:27}}
Feb 26 23:57:27 ubuntu devstack@keystone.service[82031]: DEBUG keystone.server.flask.request_processing.req_logging [None req-08315858-c56d-4a28-bac5-b11a6a78d3f9 None None] PATH_INFO: `/v3/auth/tokens` {{(pid=82031) log_request_info /opt/stack/keystone/keystone/server/flask/request_processing/req_logging.py:28}}
Feb 26 23:57:27 ubuntu devstack@keystone.service[82031]: WARNING keystone.common.password_hashing [None req-08315858-c56d-4a28-bac5-b11a6a78d3f9 None None] Truncating password to algorithm specific maximum length 72 characters.
Feb 26 23:57:27 ubuntu devstack@keystone.service[82031]: DEBUG keystone.auth.core [None req-08315858-c56d-4a28-bac5-b11a6a78d3f9 None None] MFA Rules not processed for user `154d2738e96c437c82195ad6daf49869`. Rule list: `[]` (Enabled: `True`). {{(pid=82031) check_auth_methods_against_rules /opt/stack/keystone/keystone/auth/core.py:476}}
Feb 26 23:57:27 ubuntu devstack@keystone.service[82031]: DEBUG keystone.common.fernet_utils [None req-08315858-c56d-4a28-bac5-b11a6a78d3f9 None None] Loaded 2 Fernet keys from /etc/keystone/fernet-keys/, but `[fernet_tokens] max_active_keys = 3`; perhaps there have not been enough key rotations to reach `max_active_keys` yet? {{(pid=82031) load_keys /opt/stack/keystone/keystone/common/fernet_utils.py:297}}
Feb 26 23:57:27 ubuntu devstack@keystone.service[82031]: [pid: 82031|app: 0|req: 23/46] 10.201.5.82 () {58 vars in 1017 bytes} [Thu Feb 26 23:57:27 2026] POST /identity/v3/auth/tokens => generated 862 bytes in 54 msecs (HTTP/1.1 201) 6 headers in 363 bytes (1 switches on core 0)
Feb 26 23:57:27 ubuntu devstack@keystone.service[82030]: DEBUG keystone.server.flask.request_processing.middleware.auth_context [None req-c6a7c30e-c6cc-4c7e-8777-26ed2163f96e None None] Validating token access rules against request {{(pid=82030) validate_allowed_request /opt/stack/data/venv/lib/python3.10/site-packages/keystonemiddleware/auth_token/__init__.py:545}}
Feb 26 23:57:27 ubuntu devstack@keystone.service[82030]: DEBUG keystone.server.flask.request_processing.middleware.auth_context [None req-6e6a7bb1-0619-42a1-82ec-af58cf7440bf None admin] RBAC: auth_context: {'token': <TokenModel (audit_id=dpO92xW8RU64eZSimq1MFw, audit_chain_id=['dpO92xW8RU64eZSimq1MFw']) at 0x7f8d45374af0>, 'domain_id': None, 'trust_id': None, 'trustor_id': None, 'trustee_id': None, 'domain_name': None, 'group_ids': [], 'user_id': '154d2738e96c437c82195ad6daf49869', 'user_domain_id': 'default', 'system_scope': 'all', 'project_id': None, 'project_domain_id': None, 'roles': ['admin', 'manager', 'member', 'reader'], 'is_admin_project': True, 'service_user_id': None, 'service_user_domain_id': None, 'service_project_id': None, 'service_project_domain_id': None, 'service_roles': []} {{(pid=82030) fill_context /opt/stack/keystone/keystone/server/flask/request_processing/middleware/auth_context.py:509}}
Feb 26 23:57:27 ubuntu devstack@keystone.service[82030]: DEBUG keystone.server.flask.request_processing.req_logging [None req-6e6a7bb1-0619-42a1-82ec-af58cf7440bf None admin] REQUEST_METHOD: `POST` {{(pid=82030) log_request_info /opt/stack/keystone/keystone/server/flask/request_processing/req_logging.py:26}}
Feb 26 23:57:27 ubuntu devstack@keystone.service[82030]: DEBUG keystone.server.flask.request_processing.req_logging [None req-6e6a7bb1-0619-42a1-82ec-af58cf7440bf None admin] SCRIPT_NAME: `/identity` {{(pid=82030) log_request_info /opt/stack/keystone/keystone/server/flask/request_processing/req_logging.py:27}}
Feb 26 23:57:27 ubuntu devstack@keystone.service[82030]: DEBUG keystone.server.flask.request_processing.req_logging [None req-6e6a7bb1-0619-42a1-82ec-af58cf7440bf None admin] PATH_INFO: `/v3/roles` {{(pid=82030) log_request_info /opt/stack/keystone/keystone/server/flask/request_processing/req_logging.py:28}}
Feb 26 23:57:27 ubuntu devstack@keystone.service[82030]: DEBUG keystone.common.rbac_enforcer.enforcer [None req-6e6a7bb1-0619-42a1-82ec-af58cf7440bf None admin] RBAC: Authorizing `identity:create_role()` {{(pid=82030) enforce_call /opt/stack/keystone/keystone/common/rbac_enforcer/enforcer.py:494}}
Feb 26 23:57:27 ubuntu devstack@keystone.service[82030]: DEBUG keystone.common.rbac_enforcer.enforcer [None req-6e6a7bb1-0619-42a1-82ec-af58cf7440bf None admin] RBAC: Authorization granted {{(pid=82030) enforce_call /opt/stack/keystone/keystone/common/rbac_enforcer/enforcer.py:505}}
Feb 26 23:57:27 ubuntu devstack@keystone.service[82031]: DEBUG keystone.server.flask.request_processing.middleware.auth_context [None req-08315858-c56d-4a28-bac5-b11a6a78d3f9 None None] Authenticating user token {{(pid=82031) process_request /opt/stack/data/venv/lib/python3.10/site-packages/keystonemiddleware/auth_token/__init__.py:407}}
Feb 26 23:57:27 ubuntu devstack@keystone.service[82030]: [pid: 82030|app: 0|req: 24/47] 10.201.5.82 () {60 vars in 1168 bytes} [Thu Feb 26 23:57:27 2026] POST /identity/v3/roles => generated 223 bytes in 156 msecs (HTTP/1.1 201) 5 headers in 182 bytes (1 switches on core 0)
Feb 26 23:57:27 ubuntu devstack@keystone.service[82031]: DEBUG keystone.server.flask.request_processing.middleware.auth_context [None req-08315858-c56d-4a28-bac5-b11a6a78d3f9 None None] Validating token access rules against request {{(pid=82031) validate_allowed_request /opt/stack/data/venv/lib/python3.10/site-packages/keystonemiddleware/auth_token/__init__.py:545}}
Feb 26 23:57:27 ubuntu devstack@keystone.service[82031]: DEBUG keystone.server.flask.request_processing.middleware.auth_context [None req-fe85af0c-2fab-4a5e-b617-e392284857c6 None admin] RBAC: auth_context: {'token': <TokenModel (audit_id=khlxCZjFQayJYYd-t5RKzw, audit_chain_id=['khlxCZjFQayJYYd-t5RKzw']) at 0x7f8d45dfc850>, 'domain_id': None, 'trust_id': None, 'trustor_id': None, 'trustee_id': None, 'domain_name': None, 'group_ids': [], 'user_id': '154d2738e96c437c82195ad6daf49869', 'user_domain_id': 'default', 'system_scope': 'all', 'project_id': None, 'project_domain_id': None, 'roles': ['admin', 'manager', 'member', 'reader'], 'is_admin_project': True, 'service_user_id': None, 'service_user_domain_id': None, 'service_project_id': None, 'service_project_domain_id': None, 'service_roles': []} {{(pid=82031) fill_context /opt/stack/keystone/keystone/server/flask/request_processing/middleware/auth_context.py:509}}
Feb 26 23:57:27 ubuntu devstack@keystone.service[82031]: DEBUG keystone.server.flask.request_processing.req_logging [None req-fe85af0c-2fab-4a5e-b617-e392284857c6 None admin] REQUEST_METHOD: `GET` {{(pid=82031) log_request_info /opt/stack/keystone/keystone/server/flask/request_processing/req_logging.py:26}}
Feb 26 23:57:27 ubuntu devstack@keystone.service[82031]: DEBUG keystone.server.flask.request_processing.req_logging [None req-fe85af0c-2fab-4a5e-b617-e392284857c6 None admin] SCRIPT_NAME: `/identity` {{(pid=82031) log_request_info /opt/stack/keystone/keystone/server/flask/request_processing/req_logging.py:27}}
Feb 26 23:57:27 ubuntu devstack@keystone.service[82031]: DEBUG keystone.server.flask.request_processing.req_logging [None req-fe85af0c-2fab-4a5e-b617-e392284857c6 None admin] PATH_INFO: `/v3/domains/default` {{(pid=82031) log_request_info /opt/stack/keystone/keystone/server/flask/request_processing/req_logging.py:28}}
Feb 26 23:57:27 ubuntu devstack@keystone.service[82031]: DEBUG keystone.common.rbac_enforcer.enforcer [None req-fe85af0c-2fab-4a5e-b617-e392284857c6 None admin] RBAC: Authorizing `identity:get_domain(domain_id=default)` {{(pid=82031) enforce_call /opt/stack/keystone/keystone/common/rbac_enforcer/enforcer.py:494}}
Feb 26 23:57:27 ubuntu devstack@keystone.service[82031]: DEBUG keystone.common.rbac_enforcer.enforcer [None req-fe85af0c-2fab-4a5e-b617-e392284857c6 None admin] RBAC: Authorization granted {{(pid=82031) enforce_call /opt/stack/keystone/keystone/common/rbac_enforcer/enforcer.py:505}}
Feb 26 23:57:27 ubuntu devstack@keystone.service[82031]: [pid: 82031|app: 0|req: 24/48] 10.201.5.82 () {56 vars in 1145 bytes} [Thu Feb 26 23:57:27 2026] GET /identity/v3/domains/default => generated 199 bytes in 65 msecs (HTTP/1.1 200) 5 headers in 177 bytes (1 switches on core 0)
Feb 26 23:57:27 ubuntu devstack@keystone.service[82030]: DEBUG keystone.server.flask.request_processing.middleware.auth_context [None req-6e6a7bb1-0619-42a1-82ec-af58cf7440bf None admin] Authenticating user token {{(pid=82030) process_request /opt/stack/data/venv/lib/python3.10/site-packages/keystonemiddleware/auth_token/__init__.py:407}}
Feb 26 23:57:27 ubuntu devstack@keystone.service[82030]: DEBUG keystone.server.flask.request_processing.middleware.auth_context [None req-6e6a7bb1-0619-42a1-82ec-af58cf7440bf None admin] Validating token access rules against request {{(pid=82030) validate_allowed_request /opt/stack/data/venv/lib/python3.10/site-packages/keystonemiddleware/auth_token/__init__.py:545}}
Feb 26 23:57:27 ubuntu devstack@keystone.service[82030]: DEBUG keystone.server.flask.request_processing.middleware.auth_context [None req-dd755715-864d-4b04-adcf-27885981a00d None admin] RBAC: auth_context: {'token': <TokenModel (audit_id=khlxCZjFQayJYYd-t5RKzw, audit_chain_id=['khlxCZjFQayJYYd-t5RKzw']) at 0x7f8d44d80e50>, 'domain_id': None, 'trust_id': None, 'trustor_id': None, 'trustee_id': None, 'domain_name': None, 'group_ids': [], 'user_id': '154d2738e96c437c82195ad6daf49869', 'user_domain_id': 'default', 'system_scope': 'all', 'project_id': None, 'project_domain_id': None, 'roles': ['admin', 'manager', 'member', 'reader'], 'is_admin_project': True, 'service_user_id': None, 'service_user_domain_id': None, 'service_project_id': None, 'service_project_domain_id': None, 'service_roles': []} {{(pid=82030) fill_context /opt/stack/keystone/keystone/server/flask/request_processing/middleware/auth_context.py:509}}
Feb 26 23:57:27 ubuntu devstack@keystone.service[82030]: DEBUG keystone.server.flask.request_processing.req_logging [None req-dd755715-864d-4b04-adcf-27885981a00d None admin] REQUEST_METHOD: `POST` {{(pid=82030) log_request_info /opt/stack/keystone/keystone/server/flask/request_processing/req_logging.py:26}}
Feb 26 23:57:27 ubuntu devstack@keystone.service[82030]: DEBUG keystone.server.flask.request_processing.req_logging [None req-dd755715-864d-4b04-adcf-27885981a00d None admin] SCRIPT_NAME: `/identity` {{(pid=82030) log_request_info /opt/stack/keystone/keystone/server/flask/request_processing/req_logging.py:27}}
Feb 26 23:57:27 ubuntu devstack@keystone.service[82030]: DEBUG keystone.server.flask.request_processing.req_logging [None req-dd755715-864d-4b04-adcf-27885981a00d None admin] PATH_INFO: `/v3/projects` {{(pid=82030) log_request_info /opt/stack/keystone/keystone/server/flask/request_processing/req_logging.py:28}}
Feb 26 23:57:27 ubuntu devstack@keystone.service[82030]: DEBUG keystone.common.rbac_enforcer.enforcer [None req-dd755715-864d-4b04-adcf-27885981a00d None admin] RBAC: Authorizing `identity:create_project()` {{(pid=82030) enforce_call /opt/stack/keystone/keystone/common/rbac_enforcer/enforcer.py:494}}
Feb 26 23:57:27 ubuntu devstack@keystone.service[82030]: DEBUG keystone.common.rbac_enforcer.enforcer [None req-dd755715-864d-4b04-adcf-27885981a00d None admin] RBAC: Authorization granted {{(pid=82030) enforce_call /opt/stack/keystone/keystone/common/rbac_enforcer/enforcer.py:505}}
Feb 26 23:57:27 ubuntu devstack@keystone.service[82030]: [pid: 82030|app: 0|req: 25/49] 10.201.5.82 () {60 vars in 1177 bytes} [Thu Feb 26 23:57:27 2026] POST /identity/v3/projects => generated 312 bytes in 93 msecs (HTTP/1.1 201) 5 headers in 182 bytes (1 switches on core 0)
Feb 26 23:57:29 ubuntu devstack@keystone.service[82031]: DEBUG keystone.server.flask.request_processing.req_logging [None req-04d4c857-1839-4f31-868a-e8110ffd44c6 None None] REQUEST_METHOD: `GET` {{(pid=82031) log_request_info /opt/stack/keystone/keystone/server/flask/request_processing/req_logging.py:26}}
Feb 26 23:57:29 ubuntu devstack@keystone.service[82031]: DEBUG keystone.server.flask.request_processing.req_logging [None req-04d4c857-1839-4f31-868a-e8110ffd44c6 None None] SCRIPT_NAME: `/identity` {{(pid=82031) log_request_info /opt/stack/keystone/keystone/server/flask/request_processing/req_logging.py:27}}
Feb 26 23:57:29 ubuntu devstack@keystone.service[82031]: DEBUG keystone.server.flask.request_processing.req_logging [None req-04d4c857-1839-4f31-868a-e8110ffd44c6 None None] PATH_INFO: `/` {{(pid=82031) log_request_info /opt/stack/keystone/keystone/server/flask/request_processing/req_logging.py:28}}
Feb 26 23:57:29 ubuntu devstack@keystone.service[82031]: [pid: 82031|app: 0|req: 25/50] 10.201.5.82 () {54 vars in 920 bytes} [Thu Feb 26 23:57:29 2026] GET /identity => generated 270 bytes in 6 msecs (HTTP/1.1 300) 6 headers in 234 bytes (1 switches on core 0)
Feb 26 23:57:29 ubuntu devstack@keystone.service[82030]: DEBUG keystone.server.flask.request_processing.req_logging [None req-29983788-1870-4278-827d-34127937fac3 None None] REQUEST_METHOD: `POST` {{(pid=82030) log_request_info /opt/stack/keystone/keystone/server/flask/request_processing/req_logging.py:26}}
Feb 26 23:57:29 ubuntu devstack@keystone.service[82030]: DEBUG keystone.server.flask.request_processing.req_logging [None req-29983788-1870-4278-827d-34127937fac3 None None] SCRIPT_NAME: `/identity` {{(pid=82030) log_request_info /opt/stack/keystone/keystone/server/flask/request_processing/req_logging.py:27}}
Feb 26 23:57:29 ubuntu devstack@keystone.service[82030]: DEBUG keystone.server.flask.request_processing.req_logging [None req-29983788-1870-4278-827d-34127937fac3 None None] PATH_INFO: `/v3/auth/tokens` {{(pid=82030) log_request_info /opt/stack/keystone/keystone/server/flask/request_processing/req_logging.py:28}}
Feb 26 23:57:29 ubuntu devstack@keystone.service[82030]: WARNING keystone.common.password_hashing [None req-29983788-1870-4278-827d-34127937fac3 None None] Truncating password to algorithm specific maximum length 72 characters.
Feb 26 23:57:29 ubuntu devstack@keystone.service[82030]: DEBUG keystone.auth.core [None req-29983788-1870-4278-827d-34127937fac3 None None] MFA Rules not processed for user `154d2738e96c437c82195ad6daf49869`. Rule list: `[]` (Enabled: `True`). {{(pid=82030) check_auth_methods_against_rules /opt/stack/keystone/keystone/auth/core.py:476}}
