Oct 17 12:07:11 ubuntu devstack@keystone.service[81642]: DEBUG keystone.server.flask.request_processing.middleware.auth_context [None req-54696bf1-9280-4f3d-97ed-227767f8c174 None None] Authenticating user token {{(pid=81642) process_request /opt/stack/data/venv/lib/python3.10/site-packages/keystonemiddleware/auth_token/__init__.py:407}}
Oct 17 12:07:11 ubuntu devstack@keystone.service[81643]: DEBUG keystone.server.flask.request_processing.req_logging [None req-f2598754-bf37-4c2d-96d9-a3396a690796 None None] REQUEST_METHOD: `POST` {{(pid=81643) log_request_info /opt/stack/keystone/keystone/server/flask/request_processing/req_logging.py:26}}
Oct 17 12:07:11 ubuntu devstack@keystone.service[81643]: DEBUG keystone.server.flask.request_processing.req_logging [None req-f2598754-bf37-4c2d-96d9-a3396a690796 None None] SCRIPT_NAME: `/identity` {{(pid=81643) log_request_info /opt/stack/keystone/keystone/server/flask/request_processing/req_logging.py:27}}
Oct 17 12:07:11 ubuntu devstack@keystone.service[81643]: DEBUG keystone.server.flask.request_processing.req_logging [None req-f2598754-bf37-4c2d-96d9-a3396a690796 None None] PATH_INFO: `/v3/auth/tokens` {{(pid=81643) log_request_info /opt/stack/keystone/keystone/server/flask/request_processing/req_logging.py:28}}
Oct 17 12:07:11 ubuntu devstack@keystone.service[81643]: WARNING keystone.common.password_hashing [None req-f2598754-bf37-4c2d-96d9-a3396a690796 None None] Truncating password to algorithm specific maximum length 72 characters.
Oct 17 12:07:11 ubuntu devstack@keystone.service[81643]: DEBUG keystone.auth.core [None req-f2598754-bf37-4c2d-96d9-a3396a690796 None None] MFA Rules not processed for user `277d9745b2fb406bb6db3e675077ca94`. Rule list: `[]` (Enabled: `True`). {{(pid=81643) check_auth_methods_against_rules /opt/stack/keystone/keystone/auth/core.py:476}}
Oct 17 12:07:11 ubuntu devstack@keystone.service[81643]: DEBUG keystone.common.fernet_utils [None req-f2598754-bf37-4c2d-96d9-a3396a690796 None None] Loaded 2 Fernet keys from /etc/keystone/fernet-keys/, but `[fernet_tokens] max_active_keys = 3`; perhaps there have not been enough key rotations to reach `max_active_keys` yet? {{(pid=81643) load_keys /opt/stack/keystone/keystone/common/fernet_utils.py:297}}
Oct 17 12:07:11 ubuntu devstack@keystone.service[81642]: DEBUG keystone.server.flask.request_processing.middleware.auth_context [None req-54696bf1-9280-4f3d-97ed-227767f8c174 None None] Validating token access rules against request {{(pid=81642) validate_allowed_request /opt/stack/data/venv/lib/python3.10/site-packages/keystonemiddleware/auth_token/__init__.py:545}}
Oct 17 12:07:11 ubuntu devstack@keystone.service[81642]: DEBUG keystone.server.flask.request_processing.middleware.auth_context [None req-ee3811b1-621a-4ff3-9b87-947e2c7ed366 None admin] RBAC: auth_context: {'token': <TokenModel (audit_id=FQxZ3_oJS2SxAwi8IzPjpg, audit_chain_id=['FQxZ3_oJS2SxAwi8IzPjpg']) at 0x7f3fd644bbb0>, 'domain_id': None, 'trust_id': None, 'trustor_id': None, 'trustee_id': None, 'domain_name': None, 'group_ids': [], 'user_id': '277d9745b2fb406bb6db3e675077ca94', 'user_domain_id': 'default', 'system_scope': 'all', 'project_id': None, 'project_domain_id': None, 'roles': ['admin', 'manager', 'member', 'reader'], 'is_admin_project': True, 'service_user_id': None, 'service_user_domain_id': None, 'service_project_id': None, 'service_project_domain_id': None, 'service_roles': []} {{(pid=81642) fill_context /opt/stack/keystone/keystone/server/flask/request_processing/middleware/auth_context.py:509}}
Oct 17 12:07:11 ubuntu devstack@keystone.service[81642]: DEBUG keystone.server.flask.request_processing.req_logging [None req-ee3811b1-621a-4ff3-9b87-947e2c7ed366 None admin] REQUEST_METHOD: `GET` {{(pid=81642) log_request_info /opt/stack/keystone/keystone/server/flask/request_processing/req_logging.py:26}}
Oct 17 12:07:11 ubuntu devstack@keystone.service[81642]: DEBUG keystone.server.flask.request_processing.req_logging [None req-ee3811b1-621a-4ff3-9b87-947e2c7ed366 None admin] SCRIPT_NAME: `/identity` {{(pid=81642) log_request_info /opt/stack/keystone/keystone/server/flask/request_processing/req_logging.py:27}}
Oct 17 12:07:11 ubuntu devstack@keystone.service[81642]: DEBUG keystone.server.flask.request_processing.req_logging [None req-ee3811b1-621a-4ff3-9b87-947e2c7ed366 None admin] PATH_INFO: `/v3/roles/admin` {{(pid=81642) log_request_info /opt/stack/keystone/keystone/server/flask/request_processing/req_logging.py:28}}
Oct 17 12:07:11 ubuntu devstack@keystone.service[81643]: [pid: 81643|app: 0|req: 13/25] 10.201.5.82 () {58 vars in 1016 bytes} [Fri Oct 17 12:07:11 2025] POST /identity/v3/auth/tokens => generated 862 bytes in 72 msecs (HTTP/1.1 201) 6 headers in 363 bytes (1 switches on core 0)
Oct 17 12:07:11 ubuntu devstack@keystone.service[81643]: DEBUG keystone.server.flask.request_processing.req_logging [None req-5a3be9ff-3f96-4c30-9f6a-078d530cdd22 None None] REQUEST_METHOD: `GET` {{(pid=81643) log_request_info /opt/stack/keystone/keystone/server/flask/request_processing/req_logging.py:26}}
Oct 17 12:07:11 ubuntu devstack@keystone.service[81643]: DEBUG keystone.server.flask.request_processing.req_logging [None req-5a3be9ff-3f96-4c30-9f6a-078d530cdd22 None None] SCRIPT_NAME: `/identity` {{(pid=81643) log_request_info /opt/stack/keystone/keystone/server/flask/request_processing/req_logging.py:27}}
Oct 17 12:07:11 ubuntu devstack@keystone.service[81643]: DEBUG keystone.server.flask.request_processing.req_logging [None req-5a3be9ff-3f96-4c30-9f6a-078d530cdd22 None None] PATH_INFO: `/` {{(pid=81643) log_request_info /opt/stack/keystone/keystone/server/flask/request_processing/req_logging.py:28}}
Oct 17 12:07:11 ubuntu devstack@keystone.service[81643]: [pid: 81643|app: 0|req: 14/26] 10.201.5.82 () {54 vars in 919 bytes} [Fri Oct 17 12:07:11 2025] GET /identity => generated 270 bytes in 2 msecs (HTTP/1.1 300) 6 headers in 234 bytes (1 switches on core 0)
Oct 17 12:07:11 ubuntu devstack@keystone.service[81642]: DEBUG keystone.common.rbac_enforcer.enforcer [None req-ee3811b1-621a-4ff3-9b87-947e2c7ed366 None admin] Extracting inferred target data resulted in "NOT FOUND (404)". {{(pid=81642) enforce_call /opt/stack/keystone/keystone/common/rbac_enforcer/enforcer.py:445}}
Oct 17 12:07:11 ubuntu devstack@keystone.service[81642]: DEBUG keystone.server.flask.application [None req-ee3811b1-621a-4ff3-9b87-947e2c7ed366 None admin] Could not find role: admin. {{(pid=81642) _handle_keystone_exception /opt/stack/keystone/keystone/server/flask/application.py:146}}
Oct 17 12:07:11 ubuntu devstack@keystone.service[81642]: [pid: 81642|app: 0|req: 13/27] 10.201.5.82 () {56 vars in 1132 bytes} [Fri Oct 17 12:07:11 2025] GET /identity/v3/roles/admin => generated 83 bytes in 87 msecs (HTTP/1.1 404) 5 headers in 183 bytes (1 switches on core 0)
Oct 17 12:07:11 ubuntu devstack@keystone.service[81643]: DEBUG keystone.server.flask.request_processing.middleware.auth_context [None req-5a3be9ff-3f96-4c30-9f6a-078d530cdd22 None None] Authenticating user token {{(pid=81643) process_request /opt/stack/data/venv/lib/python3.10/site-packages/keystonemiddleware/auth_token/__init__.py:407}}
Oct 17 12:07:11 ubuntu devstack@keystone.service[81642]: DEBUG keystone.server.flask.request_processing.req_logging [None req-f29570d9-da80-41b0-ae8b-b36e3ce05285 None None] REQUEST_METHOD: `POST` {{(pid=81642) log_request_info /opt/stack/keystone/keystone/server/flask/request_processing/req_logging.py:26}}
Oct 17 12:07:11 ubuntu devstack@keystone.service[81642]: DEBUG keystone.server.flask.request_processing.req_logging [None req-f29570d9-da80-41b0-ae8b-b36e3ce05285 None None] SCRIPT_NAME: `/identity` {{(pid=81642) log_request_info /opt/stack/keystone/keystone/server/flask/request_processing/req_logging.py:27}}
Oct 17 12:07:11 ubuntu devstack@keystone.service[81642]: DEBUG keystone.server.flask.request_processing.req_logging [None req-f29570d9-da80-41b0-ae8b-b36e3ce05285 None None] PATH_INFO: `/v3/auth/tokens` {{(pid=81642) log_request_info /opt/stack/keystone/keystone/server/flask/request_processing/req_logging.py:28}}
Oct 17 12:07:11 ubuntu devstack@keystone.service[81642]: WARNING keystone.common.password_hashing [None req-f29570d9-da80-41b0-ae8b-b36e3ce05285 None None] Truncating password to algorithm specific maximum length 72 characters.
Oct 17 12:07:11 ubuntu devstack@keystone.service[81642]: DEBUG keystone.auth.core [None req-f29570d9-da80-41b0-ae8b-b36e3ce05285 None None] MFA Rules not processed for user `277d9745b2fb406bb6db3e675077ca94`. Rule list: `[]` (Enabled: `True`). {{(pid=81642) check_auth_methods_against_rules /opt/stack/keystone/keystone/auth/core.py:476}}
Oct 17 12:07:11 ubuntu devstack@keystone.service[81642]: DEBUG keystone.common.fernet_utils [None req-f29570d9-da80-41b0-ae8b-b36e3ce05285 None None] Loaded 2 Fernet keys from /etc/keystone/fernet-keys/, but `[fernet_tokens] max_active_keys = 3`; perhaps there have not been enough key rotations to reach `max_active_keys` yet? {{(pid=81642) load_keys /opt/stack/keystone/keystone/common/fernet_utils.py:297}}
Oct 17 12:07:11 ubuntu devstack@keystone.service[81643]: DEBUG keystone.server.flask.request_processing.middleware.auth_context [None req-5a3be9ff-3f96-4c30-9f6a-078d530cdd22 None None] Validating token access rules against request {{(pid=81643) validate_allowed_request /opt/stack/data/venv/lib/python3.10/site-packages/keystonemiddleware/auth_token/__init__.py:545}}
Oct 17 12:07:11 ubuntu devstack@keystone.service[81643]: DEBUG keystone.server.flask.request_processing.middleware.auth_context [None req-d5d512b9-a2ce-47d9-975b-2cd49145b193 None admin] RBAC: auth_context: {'token': <TokenModel (audit_id=FQxZ3_oJS2SxAwi8IzPjpg, audit_chain_id=['FQxZ3_oJS2SxAwi8IzPjpg']) at 0x7f3fd64a5fc0>, 'domain_id': None, 'trust_id': None, 'trustor_id': None, 'trustee_id': None, 'domain_name': None, 'group_ids': [], 'user_id': '277d9745b2fb406bb6db3e675077ca94', 'user_domain_id': 'default', 'system_scope': 'all', 'project_id': None, 'project_domain_id': None, 'roles': ['admin', 'manager', 'member', 'reader'], 'is_admin_project': True, 'service_user_id': None, 'service_user_domain_id': None, 'service_project_id': None, 'service_project_domain_id': None, 'service_roles': []} {{(pid=81643) fill_context /opt/stack/keystone/keystone/server/flask/request_processing/middleware/auth_context.py:509}}
Oct 17 12:07:11 ubuntu devstack@keystone.service[81643]: DEBUG keystone.server.flask.request_processing.req_logging [None req-d5d512b9-a2ce-47d9-975b-2cd49145b193 None admin] REQUEST_METHOD: `GET` {{(pid=81643) log_request_info /opt/stack/keystone/keystone/server/flask/request_processing/req_logging.py:26}}
Oct 17 12:07:11 ubuntu devstack@keystone.service[81643]: DEBUG keystone.server.flask.request_processing.req_logging [None req-d5d512b9-a2ce-47d9-975b-2cd49145b193 None admin] SCRIPT_NAME: `/identity` {{(pid=81643) log_request_info /opt/stack/keystone/keystone/server/flask/request_processing/req_logging.py:27}}
Oct 17 12:07:11 ubuntu devstack@keystone.service[81643]: DEBUG keystone.server.flask.request_processing.req_logging [None req-d5d512b9-a2ce-47d9-975b-2cd49145b193 None admin] PATH_INFO: `/v3/roles` {{(pid=81643) log_request_info /opt/stack/keystone/keystone/server/flask/request_processing/req_logging.py:28}}
Oct 17 12:07:11 ubuntu devstack@keystone.service[81643]: DEBUG keystone.common.rbac_enforcer.enforcer [None req-d5d512b9-a2ce-47d9-975b-2cd49145b193 None admin] RBAC: Adding query filter params (name=admin) {{(pid=81643) _extract_filter_values /opt/stack/keystone/keystone/common/rbac_enforcer/enforcer.py:176}}
Oct 17 12:07:11 ubuntu devstack@keystone.service[81643]: DEBUG keystone.common.rbac_enforcer.enforcer [None req-d5d512b9-a2ce-47d9-975b-2cd49145b193 None admin] RBAC: Authorizing `identity:list_roles()` {{(pid=81643) enforce_call /opt/stack/keystone/keystone/common/rbac_enforcer/enforcer.py:494}}
Oct 17 12:07:11 ubuntu devstack@keystone.service[81643]: DEBUG keystone.common.rbac_enforcer.enforcer [None req-d5d512b9-a2ce-47d9-975b-2cd49145b193 None admin] RBAC: Authorization granted {{(pid=81643) enforce_call /opt/stack/keystone/keystone/common/rbac_enforcer/enforcer.py:505}}
Oct 17 12:07:11 ubuntu devstack@keystone.service[81643]: [pid: 81643|app: 0|req: 15/28] 10.201.5.82 () {56 vars in 1148 bytes} [Fri Oct 17 12:07:11 2025] GET /identity/v3/roles?name=admin => generated 339 bytes in 75 msecs (HTTP/1.1 200) 5 headers in 177 bytes (1 switches on core 0)
Oct 17 12:07:11 ubuntu devstack@keystone.service[81643]: DEBUG keystone.server.flask.request_processing.middleware.auth_context [None req-d5d512b9-a2ce-47d9-975b-2cd49145b193 None admin] Authenticating user token {{(pid=81643) process_request /opt/stack/data/venv/lib/python3.10/site-packages/keystonemiddleware/auth_token/__init__.py:407}}
Oct 17 12:07:11 ubuntu devstack@keystone.service[81643]: DEBUG keystone.server.flask.request_processing.middleware.auth_context [None req-d5d512b9-a2ce-47d9-975b-2cd49145b193 None admin] Validating token access rules against request {{(pid=81643) validate_allowed_request /opt/stack/data/venv/lib/python3.10/site-packages/keystonemiddleware/auth_token/__init__.py:545}}
Oct 17 12:07:11 ubuntu devstack@keystone.service[81643]: DEBUG keystone.server.flask.request_processing.middleware.auth_context [None req-fdd69b4b-fa52-4a72-8749-970578649331 None admin] RBAC: auth_context: {'token': <TokenModel (audit_id=FQxZ3_oJS2SxAwi8IzPjpg, audit_chain_id=['FQxZ3_oJS2SxAwi8IzPjpg']) at 0x7f3fd6464850>, 'domain_id': None, 'trust_id': None, 'trustor_id': None, 'trustee_id': None, 'domain_name': None, 'group_ids': [], 'user_id': '277d9745b2fb406bb6db3e675077ca94', 'user_domain_id': 'default', 'system_scope': 'all', 'project_id': None, 'project_domain_id': None, 'roles': ['admin', 'manager', 'member', 'reader'], 'is_admin_project': True, 'service_user_id': None, 'service_user_domain_id': None, 'service_project_id': None, 'service_project_domain_id': None, 'service_roles': []} {{(pid=81643) fill_context /opt/stack/keystone/keystone/server/flask/request_processing/middleware/auth_context.py:509}}
Oct 17 12:07:11 ubuntu devstack@keystone.service[81643]: DEBUG keystone.server.flask.request_processing.req_logging [None req-fdd69b4b-fa52-4a72-8749-970578649331 None admin] REQUEST_METHOD: `GET` {{(pid=81643) log_request_info /opt/stack/keystone/keystone/server/flask/request_processing/req_logging.py:26}}
Oct 17 12:07:11 ubuntu devstack@keystone.service[81643]: DEBUG keystone.server.flask.request_processing.req_logging [None req-fdd69b4b-fa52-4a72-8749-970578649331 None admin] SCRIPT_NAME: `/identity` {{(pid=81643) log_request_info /opt/stack/keystone/keystone/server/flask/request_processing/req_logging.py:27}}
Oct 17 12:07:11 ubuntu devstack@keystone.service[81643]: DEBUG keystone.server.flask.request_processing.req_logging [None req-fdd69b4b-fa52-4a72-8749-970578649331 None admin] PATH_INFO: `/v3/users/277d9745b2fb406bb6db3e675077ca94` {{(pid=81643) log_request_info /opt/stack/keystone/keystone/server/flask/request_processing/req_logging.py:28}}
Oct 17 12:07:11 ubuntu devstack@keystone.service[81643]: DEBUG keystone.common.rbac_enforcer.enforcer [None req-fdd69b4b-fa52-4a72-8749-970578649331 None admin] RBAC: Authorizing `identity:get_user(user_id=277d9745b2fb406bb6db3e675077ca94)` {{(pid=81643) enforce_call /opt/stack/keystone/keystone/common/rbac_enforcer/enforcer.py:494}}
Oct 17 12:07:11 ubuntu devstack@keystone.service[81643]: DEBUG keystone.common.rbac_enforcer.enforcer [None req-fdd69b4b-fa52-4a72-8749-970578649331 None admin] RBAC: Authorization granted {{(pid=81643) enforce_call /opt/stack/keystone/keystone/common/rbac_enforcer/enforcer.py:505}}
Oct 17 12:07:11 ubuntu devstack@keystone.service[81643]: [pid: 81643|app: 0|req: 16/29] 10.201.5.82 () {56 vars in 1213 bytes} [Fri Oct 17 12:07:11 2025] GET /identity/v3/users/277d9745b2fb406bb6db3e675077ca94 => generated 247 bytes in 59 msecs (HTTP/1.1 200) 5 headers in 177 bytes (2 switches on core 0)
Oct 17 12:07:11 ubuntu devstack@keystone.service[81643]: DEBUG keystone.server.flask.request_processing.req_logging [None req-e5c442be-aa7d-4d54-88bc-d2eeaeaf09f8 None None] REQUEST_METHOD: `GET` {{(pid=81643) log_request_info /opt/stack/keystone/keystone/server/flask/request_processing/req_logging.py:26}}
Oct 17 12:07:11 ubuntu devstack@keystone.service[81643]: DEBUG keystone.server.flask.request_processing.req_logging [None req-e5c442be-aa7d-4d54-88bc-d2eeaeaf09f8 None None] SCRIPT_NAME: `/identity` {{(pid=81643) log_request_info /opt/stack/keystone/keystone/server/flask/request_processing/req_logging.py:27}}
Oct 17 12:07:11 ubuntu devstack@keystone.service[81643]: DEBUG keystone.server.flask.request_processing.req_logging [None req-e5c442be-aa7d-4d54-88bc-d2eeaeaf09f8 None None] PATH_INFO: `/` {{(pid=81643) log_request_info /opt/stack/keystone/keystone/server/flask/request_processing/req_logging.py:28}}
Oct 17 12:07:11 ubuntu devstack@keystone.service[81643]: [pid: 81643|app: 0|req: 17/30] 10.201.5.82 () {54 vars in 919 bytes} [Fri Oct 17 12:07:11 2025] GET /identity => generated 270 bytes in 1 msecs (HTTP/1.1 300) 6 headers in 234 bytes (1 switches on core 0)
Oct 17 12:07:11 ubuntu devstack@keystone.service[81643]: DEBUG keystone.server.flask.request_processing.middleware.auth_context [None req-e5c442be-aa7d-4d54-88bc-d2eeaeaf09f8 None None] Authenticating user token {{(pid=81643) process_request /opt/stack/data/venv/lib/python3.10/site-packages/keystonemiddleware/auth_token/__init__.py:407}}
Oct 17 12:07:11 ubuntu devstack@keystone.service[81642]: [pid: 81642|app: 0|req: 14/31] 10.201.5.82 () {58 vars in 1016 bytes} [Fri Oct 17 12:07:11 2025] POST /identity/v3/auth/tokens => generated 862 bytes in 140 msecs (HTTP/1.1 201) 6 headers in 363 bytes (1 switches on core 0)
Oct 17 12:07:11 ubuntu devstack@keystone.service[81642]: DEBUG keystone.server.flask.request_processing.req_logging [None req-ba07ec71-c142-494f-ac4b-2fb6498a06e6 None None] REQUEST_METHOD: `POST` {{(pid=81642) log_request_info /opt/stack/keystone/keystone/server/flask/request_processing/req_logging.py:26}}
Oct 17 12:07:11 ubuntu devstack@keystone.service[81642]: DEBUG keystone.server.flask.request_processing.req_logging [None req-ba07ec71-c142-494f-ac4b-2fb6498a06e6 None None] SCRIPT_NAME: `/identity` {{(pid=81642) log_request_info /opt/stack/keystone/keystone/server/flask/request_processing/req_logging.py:27}}
Oct 17 12:07:11 ubuntu devstack@keystone.service[81642]: DEBUG keystone.server.flask.request_processing.req_logging [None req-ba07ec71-c142-494f-ac4b-2fb6498a06e6 None None] PATH_INFO: `/v3/auth/tokens` {{(pid=81642) log_request_info /opt/stack/keystone/keystone/server/flask/request_processing/req_logging.py:28}}
Oct 17 12:07:11 ubuntu devstack@keystone.service[81642]: WARNING keystone.common.password_hashing [None req-ba07ec71-c142-494f-ac4b-2fb6498a06e6 None None] Truncating password to algorithm specific maximum length 72 characters.
Oct 17 12:07:11 ubuntu devstack@keystone.service[81642]: DEBUG keystone.auth.core [None req-ba07ec71-c142-494f-ac4b-2fb6498a06e6 None None] MFA Rules not processed for user `277d9745b2fb406bb6db3e675077ca94`. Rule list: `[]` (Enabled: `True`). {{(pid=81642) check_auth_methods_against_rules /opt/stack/keystone/keystone/auth/core.py:476}}
Oct 17 12:07:11 ubuntu devstack@keystone.service[81642]: DEBUG keystone.common.fernet_utils [None req-ba07ec71-c142-494f-ac4b-2fb6498a06e6 None None] Loaded 2 Fernet keys from /etc/keystone/fernet-keys/, but `[fernet_tokens] max_active_keys = 3`; perhaps there have not been enough key rotations to reach `max_active_keys` yet? {{(pid=81642) load_keys /opt/stack/keystone/keystone/common/fernet_utils.py:297}}
Oct 17 12:07:11 ubuntu devstack@keystone.service[81643]: DEBUG keystone.server.flask.request_processing.middleware.auth_context [None req-e5c442be-aa7d-4d54-88bc-d2eeaeaf09f8 None None] Validating token access rules against request {{(pid=81643) validate_allowed_request /opt/stack/data/venv/lib/python3.10/site-packages/keystonemiddleware/auth_token/__init__.py:545}}
Oct 17 12:07:11 ubuntu devstack@keystone.service[81643]: DEBUG keystone.server.flask.request_processing.middleware.auth_context [None req-31d6ab68-e7b3-49b4-b59a-01b7f4a02e5c None admin] RBAC: auth_context: {'token': <TokenModel (audit_id=5NvI8Z_6R8K4b3OCmOBoZw, audit_chain_id=['5NvI8Z_6R8K4b3OCmOBoZw']) at 0x7f3fd6465930>, 'domain_id': None, 'trust_id': None, 'trustor_id': None, 'trustee_id': None, 'domain_name': None, 'group_ids': [], 'user_id': '277d9745b2fb406bb6db3e675077ca94', 'user_domain_id': 'default', 'system_scope': 'all', 'project_id': None, 'project_domain_id': None, 'roles': ['admin', 'manager', 'member', 'reader'], 'is_admin_project': True, 'service_user_id': None, 'service_user_domain_id': None, 'service_project_id': None, 'service_project_domain_id': None, 'service_roles': []} {{(pid=81643) fill_context /opt/stack/keystone/keystone/server/flask/request_processing/middleware/auth_context.py:509}}
Oct 17 12:07:11 ubuntu devstack@keystone.service[81643]: DEBUG keystone.server.flask.request_processing.req_logging [None req-31d6ab68-e7b3-49b4-b59a-01b7f4a02e5c None admin] REQUEST_METHOD: `GET` {{(pid=81643) log_request_info /opt/stack/keystone/keystone/server/flask/request_processing/req_logging.py:26}}
Oct 17 12:07:11 ubuntu devstack@keystone.service[81643]: DEBUG keystone.server.flask.request_processing.req_logging [None req-31d6ab68-e7b3-49b4-b59a-01b7f4a02e5c None admin] SCRIPT_NAME: `/identity` {{(pid=81643) log_request_info /opt/stack/keystone/keystone/server/flask/request_processing/req_logging.py:27}}
Oct 17 12:07:11 ubuntu devstack@keystone.service[81643]: DEBUG keystone.server.flask.request_processing.req_logging [None req-31d6ab68-e7b3-49b4-b59a-01b7f4a02e5c None admin] PATH_INFO: `/v3/domains/Default` {{(pid=81643) log_request_info /opt/stack/keystone/keystone/server/flask/request_processing/req_logging.py:28}}
Oct 17 12:07:11 ubuntu devstack@keystone.service[81643]: DEBUG keystone.common.rbac_enforcer.enforcer [None req-31d6ab68-e7b3-49b4-b59a-01b7f4a02e5c None admin] RBAC: Authorizing `identity:get_domain(domain_id=Default)` {{(pid=81643) enforce_call /opt/stack/keystone/keystone/common/rbac_enforcer/enforcer.py:494}}
Oct 17 12:07:11 ubuntu devstack@keystone.service[81642]: [pid: 81642|app: 0|req: 15/32] 10.201.5.82 () {58 vars in 1016 bytes} [Fri Oct 17 12:07:11 2025] POST /identity/v3/auth/tokens => generated 862 bytes in 60 msecs (HTTP/1.1 201) 6 headers in 363 bytes (1 switches on core 0)
Oct 17 12:07:11 ubuntu devstack@keystone.service[81642]: DEBUG keystone.server.flask.request_processing.middleware.auth_context [None req-ba07ec71-c142-494f-ac4b-2fb6498a06e6 None None] Authenticating user token {{(pid=81642) process_request /opt/stack/data/venv/lib/python3.10/site-packages/keystonemiddleware/auth_token/__init__.py:407}}
Oct 17 12:07:11 ubuntu devstack@keystone.service[81643]: DEBUG keystone.common.rbac_enforcer.enforcer [None req-31d6ab68-e7b3-49b4-b59a-01b7f4a02e5c None admin] RBAC: Authorization granted {{(pid=81643) enforce_call /opt/stack/keystone/keystone/common/rbac_enforcer/enforcer.py:505}}
Oct 17 12:07:11 ubuntu devstack@keystone.service[81643]: DEBUG keystone.server.flask.application [None req-31d6ab68-e7b3-49b4-b59a-01b7f4a02e5c None admin] Could not find domain: Default. {{(pid=81643) _handle_keystone_exception /opt/stack/keystone/keystone/server/flask/application.py:146}}
Oct 17 12:07:11 ubuntu devstack@keystone.service[81643]: [pid: 81643|app: 0|req: 18/33] 10.201.5.82 () {56 vars in 1100 bytes} [Fri Oct 17 12:07:11 2025] GET /identity/v3/domains/Default => generated 87 bytes in 74 msecs (HTTP/1.1 404) 5 headers in 183 bytes (1 switches on core 0)
Oct 17 12:07:11 ubuntu devstack@keystone.service[81643]: DEBUG keystone.server.flask.request_processing.middleware.auth_context [None req-31d6ab68-e7b3-49b4-b59a-01b7f4a02e5c None admin] Authenticating user token {{(pid=81643) process_request /opt/stack/data/venv/lib/python3.10/site-packages/keystonemiddleware/auth_token/__init__.py:407}}
Oct 17 12:07:11 ubuntu devstack@keystone.service[81642]: DEBUG keystone.server.flask.request_processing.middleware.auth_context [None req-ba07ec71-c142-494f-ac4b-2fb6498a06e6 None None] Validating token access rules against request {{(pid=81642) validate_allowed_request /opt/stack/data/venv/lib/python3.10/site-packages/keystonemiddleware/auth_token/__init__.py:545}}
Oct 17 12:07:11 ubuntu devstack@keystone.service[81643]: DEBUG keystone.server.flask.request_processing.middleware.auth_context [None req-31d6ab68-e7b3-49b4-b59a-01b7f4a02e5c None admin] Validating token access rules against request {{(pid=81643) validate_allowed_request /opt/stack/data/venv/lib/python3.10/site-packages/keystonemiddleware/auth_token/__init__.py:545}}
Oct 17 12:07:11 ubuntu devstack@keystone.service[81642]: DEBUG keystone.server.flask.request_processing.middleware.auth_context [None req-84d8ef7c-327e-4403-9d95-83afc462ad80 None admin] RBAC: auth_context: {'token': <TokenModel (audit_id=FQxZ3_oJS2SxAwi8IzPjpg, audit_chain_id=['FQxZ3_oJS2SxAwi8IzPjpg']) at 0x7f3fd61c7580>, 'domain_id': None, 'trust_id': None, 'trustor_id': None, 'trustee_id': None, 'domain_name': None, 'group_ids': [], 'user_id': '277d9745b2fb406bb6db3e675077ca94', 'user_domain_id': 'default', 'system_scope': 'all', 'project_id': None, 'project_domain_id': None, 'roles': ['admin', 'manager', 'member', 'reader'], 'is_admin_project': True, 'service_user_id': None, 'service_user_domain_id': None, 'service_project_id': None, 'service_project_domain_id': None, 'service_roles': []} {{(pid=81642) fill_context /opt/stack/keystone/keystone/server/flask/request_processing/middleware/auth_context.py:509}}
Oct 17 12:07:11 ubuntu devstack@keystone.service[81642]: DEBUG keystone.server.flask.request_processing.req_logging [None req-84d8ef7c-327e-4403-9d95-83afc462ad80 None admin] REQUEST_METHOD: `GET` {{(pid=81642) log_request_info /opt/stack/keystone/keystone/server/flask/request_processing/req_logging.py:26}}
Oct 17 12:07:11 ubuntu devstack@keystone.service[81642]: DEBUG keystone.server.flask.request_processing.req_logging [None req-84d8ef7c-327e-4403-9d95-83afc462ad80 None admin] SCRIPT_NAME: `/identity` {{(pid=81642) log_request_info /opt/stack/keystone/keystone/server/flask/request_processing/req_logging.py:27}}
Oct 17 12:07:11 ubuntu devstack@keystone.service[81642]: DEBUG keystone.server.flask.request_processing.req_logging [None req-84d8ef7c-327e-4403-9d95-83afc462ad80 None admin] PATH_INFO: `/v3/domains/default` {{(pid=81642) log_request_info /opt/stack/keystone/keystone/server/flask/request_processing/req_logging.py:28}}
Oct 17 12:07:11 ubuntu devstack@keystone.service[81642]: DEBUG keystone.common.rbac_enforcer.enforcer [None req-84d8ef7c-327e-4403-9d95-83afc462ad80 None admin] RBAC: Authorizing `identity:get_domain(domain_id=default)` {{(pid=81642) enforce_call /opt/stack/keystone/keystone/common/rbac_enforcer/enforcer.py:494}}
Oct 17 12:07:11 ubuntu devstack@keystone.service[81642]: DEBUG keystone.common.rbac_enforcer.enforcer [None req-84d8ef7c-327e-4403-9d95-83afc462ad80 None admin] RBAC: Authorization granted {{(pid=81642) enforce_call /opt/stack/keystone/keystone/common/rbac_enforcer/enforcer.py:505}}
Oct 17 12:07:11 ubuntu devstack@keystone.service[81643]: DEBUG keystone.server.flask.request_processing.middleware.auth_context [None req-6b5b6535-9816-451e-a6ce-ef1dd258b97e None admin] RBAC: auth_context: {'token': <TokenModel (audit_id=5NvI8Z_6R8K4b3OCmOBoZw, audit_chain_id=['5NvI8Z_6R8K4b3OCmOBoZw']) at 0x7f3fd616ae30>, 'domain_id': None, 'trust_id': None, 'trustor_id': None, 'trustee_id': None, 'domain_name': None, 'group_ids': [], 'user_id': '277d9745b2fb406bb6db3e675077ca94', 'user_domain_id': 'default', 'system_scope': 'all', 'project_id': None, 'project_domain_id': None, 'roles': ['admin', 'manager', 'member', 'reader'], 'is_admin_project': True, 'service_user_id': None, 'service_user_domain_id': None, 'service_project_id': None, 'service_project_domain_id': None, 'service_roles': []} {{(pid=81643) fill_context /opt/stack/keystone/keystone/server/flask/request_processing/middleware/auth_context.py:509}}
Oct 17 12:07:11 ubuntu devstack@keystone.service[81643]: DEBUG keystone.server.flask.request_processing.req_logging [None req-6b5b6535-9816-451e-a6ce-ef1dd258b97e None admin] REQUEST_METHOD: `GET` {{(pid=81643) log_request_info /opt/stack/keystone/keystone/server/flask/request_processing/req_logging.py:26}}
Oct 17 12:07:11 ubuntu devstack@keystone.service[81643]: DEBUG keystone.server.flask.request_processing.req_logging [None req-6b5b6535-9816-451e-a6ce-ef1dd258b97e None admin] SCRIPT_NAME: `/identity` {{(pid=81643) log_request_info /opt/stack/keystone/keystone/server/flask/request_processing/req_logging.py:27}}
Oct 17 12:07:11 ubuntu devstack@keystone.service[81643]: DEBUG keystone.server.flask.request_processing.req_logging [None req-6b5b6535-9816-451e-a6ce-ef1dd258b97e None admin] PATH_INFO: `/v3/domains` {{(pid=81643) log_request_info /opt/stack/keystone/keystone/server/flask/request_processing/req_logging.py:28}}
Oct 17 12:07:11 ubuntu devstack@keystone.service[81642]: [pid: 81642|app: 0|req: 16/34] 10.201.5.82 () {56 vars in 1144 bytes} [Fri Oct 17 12:07:11 2025] GET /identity/v3/domains/default => generated 199 bytes in 62 msecs (HTTP/1.1 200) 5 headers in 177 bytes (1 switches on core 0)
Oct 17 12:07:11 ubuntu devstack@keystone.service[81643]: DEBUG keystone.common.rbac_enforcer.enforcer [None req-6b5b6535-9816-451e-a6ce-ef1dd258b97e None admin] RBAC: Adding query filter params (name=Default) {{(pid=81643) _extract_filter_values /opt/stack/keystone/keystone/common/rbac_enforcer/enforcer.py:176}}
Oct 17 12:07:11 ubuntu devstack@keystone.service[81643]: DEBUG keystone.common.rbac_enforcer.enforcer [None req-6b5b6535-9816-451e-a6ce-ef1dd258b97e None admin] RBAC: Authorizing `identity:list_domains()` {{(pid=81643) enforce_call /opt/stack/keystone/keystone/common/rbac_enforcer/enforcer.py:494}}
Oct 17 12:07:11 ubuntu devstack@keystone.service[81643]: DEBUG keystone.common.rbac_enforcer.enforcer [None req-6b5b6535-9816-451e-a6ce-ef1dd258b97e None admin] RBAC: Authorization granted {{(pid=81643) enforce_call /opt/stack/keystone/keystone/common/rbac_enforcer/enforcer.py:505}}
Oct 17 12:07:11 ubuntu devstack@keystone.service[81642]: DEBUG keystone.server.flask.request_processing.middleware.auth_context [None req-84d8ef7c-327e-4403-9d95-83afc462ad80 None admin] Authenticating user token {{(pid=81642) process_request /opt/stack/data/venv/lib/python3.10/site-packages/keystonemiddleware/auth_token/__init__.py:407}}
Oct 17 12:07:11 ubuntu devstack@keystone.service[81643]: [pid: 81643|app: 0|req: 19/35] 10.201.5.82 () {56 vars in 1101 bytes} [Fri Oct 17 12:07:11 2025] GET /identity/v3/domains?name=Default => generated 308 bytes in 61 msecs (HTTP/1.1 200) 5 headers in 177 bytes (1 switches on core 0)
Oct 17 12:07:11 ubuntu devstack@keystone.service[81643]: DEBUG keystone.server.flask.request_processing.middleware.auth_context [None req-6b5b6535-9816-451e-a6ce-ef1dd258b97e None admin] Authenticating user token {{(pid=81643) process_request /opt/stack/data/venv/lib/python3.10/site-packages/keystonemiddleware/auth_token/__init__.py:407}}
Oct 17 12:07:11 ubuntu devstack@keystone.service[81642]: DEBUG keystone.server.flask.request_processing.middleware.auth_context [None req-84d8ef7c-327e-4403-9d95-83afc462ad80 None admin] Validating token access rules against request {{(pid=81642) validate_allowed_request /opt/stack/data/venv/lib/python3.10/site-packages/keystonemiddleware/auth_token/__init__.py:545}}
Oct 17 12:07:11 ubuntu devstack@keystone.service[81643]: DEBUG keystone.server.flask.request_processing.middleware.auth_context [None req-6b5b6535-9816-451e-a6ce-ef1dd258b97e None admin] Validating token access rules against request {{(pid=81643) validate_allowed_request /opt/stack/data/venv/lib/python3.10/site-packages/keystonemiddleware/auth_token/__init__.py:545}}
Oct 17 12:07:11 ubuntu devstack@keystone.service[81642]: DEBUG keystone.server.flask.request_processing.middleware.auth_context [None req-5e94fa88-b659-4d3c-a562-ad6334c14c55 None admin] RBAC: auth_context: {'token': <TokenModel (audit_id=FQxZ3_oJS2SxAwi8IzPjpg, audit_chain_id=['FQxZ3_oJS2SxAwi8IzPjpg']) at 0x7f3fd63a6020>, 'domain_id': None, 'trust_id': None, 'trustor_id': None, 'trustee_id': None, 'domain_name': None, 'group_ids': [], 'user_id': '277d9745b2fb406bb6db3e675077ca94', 'user_domain_id': 'default', 'system_scope': 'all', 'project_id': None, 'project_domain_id': None, 'roles': ['admin', 'manager', 'member', 'reader'], 'is_admin_project': True, 'service_user_id': None, 'service_user_domain_id': None, 'service_project_id': None, 'service_project_domain_id': None, 'service_roles': []} {{(pid=81642) fill_context /opt/stack/keystone/keystone/server/flask/request_processing/middleware/auth_context.py:509}}
Oct 17 12:07:11 ubuntu devstack@keystone.service[81642]: DEBUG keystone.server.flask.request_processing.req_logging [None req-5e94fa88-b659-4d3c-a562-ad6334c14c55 None admin] REQUEST_METHOD: `GET` {{(pid=81642) log_request_info /opt/stack/keystone/keystone/server/flask/request_processing/req_logging.py:26}}
Oct 17 12:07:11 ubuntu devstack@keystone.service[81642]: DEBUG keystone.server.flask.request_processing.req_logging [None req-5e94fa88-b659-4d3c-a562-ad6334c14c55 None admin] SCRIPT_NAME: `/identity` {{(pid=81642) log_request_info /opt/stack/keystone/keystone/server/flask/request_processing/req_logging.py:27}}
Oct 17 12:07:11 ubuntu devstack@keystone.service[81642]: DEBUG keystone.server.flask.request_processing.req_logging [None req-5e94fa88-b659-4d3c-a562-ad6334c14c55 None admin] PATH_INFO: `/v3/role_assignments` {{(pid=81642) log_request_info /opt/stack/keystone/keystone/server/flask/request_processing/req_logging.py:28}}
Oct 17 12:07:11 ubuntu devstack@keystone.service[81642]: DEBUG keystone.common.rbac_enforcer.enforcer [None req-5e94fa88-b659-4d3c-a562-ad6334c14c55 None admin] RBAC: Adding query filter params (role.id=f06f2f3a5f1643bb844ea7927c564b29, scope.domain.id=default, user.id=277d9745b2fb406bb6db3e675077ca94) {{(pid=81642) _extract_filter_values /opt/stack/keystone/keystone/common/rbac_enforcer/enforcer.py:176}}
Oct 17 12:07:11 ubuntu devstack@keystone.service[81642]: DEBUG keystone.common.rbac_enforcer.enforcer [None req-5e94fa88-b659-4d3c-a562-ad6334c14c55 None admin] RBAC: Authorizing `identity:list_role_assignments()` {{(pid=81642) enforce_call /opt/stack/keystone/keystone/common/rbac_enforcer/enforcer.py:494}}
Oct 17 12:07:11 ubuntu devstack@keystone.service[81642]: DEBUG keystone.common.rbac_enforcer.enforcer [None req-5e94fa88-b659-4d3c-a562-ad6334c14c55 None admin] RBAC: Authorization granted {{(pid=81642) enforce_call /opt/stack/keystone/keystone/common/rbac_enforcer/enforcer.py:505}}
Oct 17 12:07:11 ubuntu devstack@keystone.service[81643]: DEBUG keystone.server.flask.request_processing.middleware.auth_context [None req-757a2830-8d0a-4c22-a8ed-6640d3f2216e None admin] RBAC: auth_context: {'token': <TokenModel (audit_id=5NvI8Z_6R8K4b3OCmOBoZw, audit_chain_id=['5NvI8Z_6R8K4b3OCmOBoZw']) at 0x7f3fd63e2380>, 'domain_id': None, 'trust_id': None, 'trustor_id': None, 'trustee_id': None, 'domain_name': None, 'group_ids': [], 'user_id': '277d9745b2fb406bb6db3e675077ca94', 'user_domain_id': 'default', 'system_scope': 'all', 'project_id': None, 'project_domain_id': None, 'roles': ['admin', 'manager', 'member', 'reader'], 'is_admin_project': True, 'service_user_id': None, 'service_user_domain_id': None, 'service_project_id': None, 'service_project_domain_id': None, 'service_roles': []} {{(pid=81643) fill_context /opt/stack/keystone/keystone/server/flask/request_processing/middleware/auth_context.py:509}}
Oct 17 12:07:11 ubuntu devstack@keystone.service[81643]: DEBUG keystone.server.flask.request_processing.req_logging [None req-757a2830-8d0a-4c22-a8ed-6640d3f2216e None admin] REQUEST_METHOD: `POST` {{(pid=81643) log_request_info /opt/stack/keystone/keystone/server/flask/request_processing/req_logging.py:26}}
Oct 17 12:07:11 ubuntu devstack@keystone.service[81643]: DEBUG keystone.server.flask.request_processing.req_logging [None req-757a2830-8d0a-4c22-a8ed-6640d3f2216e None admin] SCRIPT_NAME: `/identity` {{(pid=81643) log_request_info /opt/stack/keystone/keystone/server/flask/request_processing/req_logging.py:27}}
Oct 17 12:07:11 ubuntu devstack@keystone.service[81643]: DEBUG keystone.server.flask.request_processing.req_logging [None req-757a2830-8d0a-4c22-a8ed-6640d3f2216e None admin] PATH_INFO: `/v3/projects` {{(pid=81643) log_request_info /opt/stack/keystone/keystone/server/flask/request_processing/req_logging.py:28}}
Oct 17 12:07:11 ubuntu devstack@keystone.service[81643]: DEBUG keystone.common.rbac_enforcer.enforcer [None req-757a2830-8d0a-4c22-a8ed-6640d3f2216e None admin] RBAC: Authorizing `identity:create_project()` {{(pid=81643) enforce_call /opt/stack/keystone/keystone/common/rbac_enforcer/enforcer.py:494}}
Oct 17 12:07:11 ubuntu devstack@keystone.service[81643]: DEBUG keystone.common.rbac_enforcer.enforcer [None req-757a2830-8d0a-4c22-a8ed-6640d3f2216e None admin] RBAC: Authorization granted {{(pid=81643) enforce_call /opt/stack/keystone/keystone/common/rbac_enforcer/enforcer.py:505}}
Oct 17 12:07:11 ubuntu devstack@keystone.service[81642]: [pid: 81642|app: 0|req: 17/36] 10.201.5.82 () {56 vars in 1371 bytes} [Fri Oct 17 12:07:11 2025] GET /identity/v3/role_assignments?role.id=f06f2f3a5f1643bb844ea7927c564b29&scope.domain.id=default&user.id=277d9745b2fb406bb6db3e675077ca94 => generated 530 bytes in 68 msecs (HTTP/1.1 200) 5 headers in 177 bytes (1 switches on core 0)
Oct 17 12:07:11 ubuntu devstack@keystone.service[81642]: DEBUG keystone.server.flask.request_processing.middleware.auth_context [None req-5e94fa88-b659-4d3c-a562-ad6334c14c55 None admin] Authenticating user token {{(pid=81642) process_request /opt/stack/data/venv/lib/python3.10/site-packages/keystonemiddleware/auth_token/__init__.py:407}}
Oct 17 12:07:11 ubuntu devstack@keystone.service[81643]: [pid: 81643|app: 0|req: 20/37] 10.201.5.82 () {60 vars in 1133 bytes} [Fri Oct 17 12:07:11 2025] POST /identity/v3/projects => generated 301 bytes in 149 msecs (HTTP/1.1 201) 5 headers in 182 bytes (1 switches on core 0)
Oct 17 12:07:11 ubuntu devstack@keystone.service[81643]: DEBUG keystone.server.flask.request_processing.middleware.auth_context [None req-757a2830-8d0a-4c22-a8ed-6640d3f2216e None admin] Authenticating user token {{(pid=81643) process_request /opt/stack/data/venv/lib/python3.10/site-packages/keystonemiddleware/auth_token/__init__.py:407}}
Oct 17 12:07:11 ubuntu devstack@keystone.service[81642]: DEBUG keystone.server.flask.request_processing.middleware.auth_context [None req-5e94fa88-b659-4d3c-a562-ad6334c14c55 None admin] Validating token access rules against request {{(pid=81642) validate_allowed_request /opt/stack/data/venv/lib/python3.10/site-packages/keystonemiddleware/auth_token/__init__.py:545}}
Oct 17 12:07:11 ubuntu devstack@keystone.service[81643]: DEBUG keystone.server.flask.request_processing.middleware.auth_context [None req-757a2830-8d0a-4c22-a8ed-6640d3f2216e None admin] Validating token access rules against request {{(pid=81643) validate_allowed_request /opt/stack/data/venv/lib/python3.10/site-packages/keystonemiddleware/auth_token/__init__.py:545}}
Oct 17 12:07:11 ubuntu devstack@keystone.service[81642]: DEBUG keystone.server.flask.request_processing.middleware.auth_context [None req-6af57121-cd47-44b1-ac65-68a91d80af4a None admin] RBAC: auth_context: {'token': <TokenModel (audit_id=__-JDCOkSAWOulDPymQb-g, audit_chain_id=['__-JDCOkSAWOulDPymQb-g']) at 0x7f3fd630ffd0>, 'domain_id': None, 'trust_id': None, 'trustor_id': None, 'trustee_id': None, 'domain_name': None, 'group_ids': [], 'user_id': '277d9745b2fb406bb6db3e675077ca94', 'user_domain_id': 'default', 'system_scope': 'all', 'project_id': None, 'project_domain_id': None, 'roles': ['admin', 'manager', 'member', 'reader'], 'is_admin_project': True, 'service_user_id': None, 'service_user_domain_id': None, 'service_project_id': None, 'service_project_domain_id': None, 'service_roles': []} {{(pid=81642) fill_context /opt/stack/keystone/keystone/server/flask/request_processing/middleware/auth_context.py:509}}
Oct 17 12:07:11 ubuntu devstack@keystone.service[81642]: DEBUG keystone.server.flask.request_processing.req_logging [None req-6af57121-cd47-44b1-ac65-68a91d80af4a None admin] REQUEST_METHOD: `POST` {{(pid=81642) log_request_info /opt/stack/keystone/keystone/server/flask/request_processing/req_logging.py:26}}
Oct 17 12:07:11 ubuntu devstack@keystone.service[81642]: DEBUG keystone.server.flask.request_processing.req_logging [None req-6af57121-cd47-44b1-ac65-68a91d80af4a None admin] SCRIPT_NAME: `/identity` {{(pid=81642) log_request_info /opt/stack/keystone/keystone/server/flask/request_processing/req_logging.py:27}}
Oct 17 12:07:11 ubuntu devstack@keystone.service[81642]: DEBUG keystone.server.flask.request_processing.req_logging [None req-6af57121-cd47-44b1-ac65-68a91d80af4a None admin] PATH_INFO: `/v3/roles` {{(pid=81642) log_request_info /opt/stack/keystone/keystone/server/flask/request_processing/req_logging.py:28}}
Oct 17 12:07:11 ubuntu devstack@keystone.service[81642]: DEBUG keystone.common.rbac_enforcer.enforcer [None req-6af57121-cd47-44b1-ac65-68a91d80af4a None admin] RBAC: Authorizing `identity:create_role()` {{(pid=81642) enforce_call /opt/stack/keystone/keystone/common/rbac_enforcer/enforcer.py:494}}
Oct 17 12:07:11 ubuntu devstack@keystone.service[81642]: DEBUG keystone.common.rbac_enforcer.enforcer [None req-6af57121-cd47-44b1-ac65-68a91d80af4a None admin] RBAC: Authorization granted {{(pid=81642) enforce_call /opt/stack/keystone/keystone/common/rbac_enforcer/enforcer.py:505}}
Oct 17 12:07:11 ubuntu devstack@keystone.service[81642]: DEBUG keystone.common.sql.core [None req-6af57121-cd47-44b1-ac65-68a91d80af4a None admin] Conflict role: (pymysql.err.IntegrityError) (1062, "Duplicate entry 'service-<<null>>' for key 'role.ixu_role_name_domain_id'")
Oct 17 12:07:11 ubuntu devstack@keystone.service[81642]: [SQL: INSERT INTO `role` (id, name, description, extra) VALUES (%(id)s, %(name)s, %(description)s, %(extra)s)]
Oct 17 12:07:11 ubuntu devstack@keystone.service[81642]: [parameters: {'id': '5835584d9f9643fe964d783481a44929', 'name': 'service', 'description': None, 'extra': '{}'}]
Oct 17 12:07:11 ubuntu devstack@keystone.service[81642]: (Background on this error at: https://sqlalche.me/e/20/gkpj) {{(pid=81642) wrapper /opt/stack/keystone/keystone/common/sql/core.py:580}}
Oct 17 12:07:11 ubuntu devstack@keystone.service[81642]: ERROR keystone.server.flask.application [None req-6af57121-cd47-44b1-ac65-68a91d80af4a None admin] Conflict occurred attempting to store role - Duplicate entry found with name service.: keystone.exception.Conflict: Conflict occurred attempting to store role - Duplicate entry found with name service.
Oct 17 12:07:11 ubuntu devstack@keystone.service[81642]: ERROR keystone.server.flask.application Traceback (most recent call last):
Oct 17 12:07:11 ubuntu devstack@keystone.service[81642]: ERROR keystone.server.flask.application   File "/opt/stack/data/venv/lib/python3.10/site-packages/sqlalchemy/engine/base.py", line 1961, in _exec_single_context
Oct 17 12:07:11 ubuntu devstack@keystone.service[81642]: ERROR keystone.server.flask.application     self.dialect.do_execute(
Oct 17 12:07:11 ubuntu devstack@keystone.service[81642]: ERROR keystone.server.flask.application   File "/opt/stack/data/venv/lib/python3.10/site-packages/sqlalchemy/engine/default.py", line 944, in do_execute
Oct 17 12:07:11 ubuntu devstack@keystone.service[81642]: ERROR keystone.server.flask.application     cursor.execute(statement, parameters)
Oct 17 12:07:11 ubuntu devstack@keystone.service[81642]: ERROR keystone.server.flask.application   File "/opt/stack/data/venv/lib/python3.10/site-packages/pymysql/cursors.py", line 153, in execute
Oct 17 12:07:11 ubuntu devstack@keystone.service[81642]: ERROR keystone.server.flask.application     result = self._query(query)
Oct 17 12:07:11 ubuntu devstack@keystone.service[81642]: ERROR keystone.server.flask.application   File "/opt/stack/data/venv/lib/python3.10/site-packages/pymysql/cursors.py", line 322, in _query
Oct 17 12:07:11 ubuntu devstack@keystone.service[81642]: ERROR keystone.server.flask.application     conn.query(q)
Oct 17 12:07:11 ubuntu devstack@keystone.service[81642]: ERROR keystone.server.flask.application   File "/opt/stack/data/venv/lib/python3.10/site-packages/pymysql/connections.py", line 563, in query
Oct 17 12:07:11 ubuntu devstack@keystone.service[81642]: ERROR keystone.server.flask.application     self._affected_rows = self._read_query_result(unbuffered=unbuffered)
Oct 17 12:07:11 ubuntu devstack@keystone.service[81642]: ERROR keystone.server.flask.application   File "/opt/stack/data/venv/lib/python3.10/site-packages/pymysql/connections.py", line 825, in _read_query_result
Oct 17 12:07:11 ubuntu devstack@keystone.service[81642]: ERROR keystone.server.flask.application     result.read()
Oct 17 12:07:11 ubuntu devstack@keystone.service[81642]: ERROR keystone.server.flask.application   File "/opt/stack/data/venv/lib/python3.10/site-packages/pymysql/connections.py", line 1199, in read
Oct 17 12:07:11 ubuntu devstack@keystone.service[81642]: ERROR keystone.server.flask.application     first_packet = self.connection._read_packet()
Oct 17 12:07:11 ubuntu devstack@keystone.service[81642]: ERROR keystone.server.flask.application   File "/opt/stack/data/venv/lib/python3.10/site-packages/pymysql/connections.py", line 775, in _read_packet
Oct 17 12:07:11 ubuntu devstack@keystone.service[81642]: ERROR keystone.server.flask.application     packet.raise_for_error()
Oct 17 12:07:11 ubuntu devstack@keystone.service[81642]: ERROR keystone.server.flask.application   File "/opt/stack/data/venv/lib/python3.10/site-packages/pymysql/protocol.py", line 219, in raise_for_error
Oct 17 12:07:11 ubuntu devstack@keystone.service[81642]: ERROR keystone.server.flask.application     err.raise_mysql_exception(self._data)
Oct 17 12:07:11 ubuntu devstack@keystone.service[81642]: ERROR keystone.server.flask.application   File "/opt/stack/data/venv/lib/python3.10/site-packages/pymysql/err.py", line 150, in raise_mysql_exception
Oct 17 12:07:11 ubuntu devstack@keystone.service[81642]: ERROR keystone.server.flask.application     raise errorclass(errno, errval)
Oct 17 12:07:11 ubuntu devstack@keystone.service[81642]: ERROR keystone.server.flask.application pymysql.err.IntegrityError: (1062, "Duplicate entry 'service-<<null>>' for key 'role.ixu_role_name_domain_id'")
Oct 17 12:07:11 ubuntu devstack@keystone.service[81642]: ERROR keystone.server.flask.application 
Oct 17 12:07:11 ubuntu devstack@keystone.service[81642]: ERROR keystone.server.flask.application The above exception was the direct cause of the following exception:
Oct 17 12:07:11 ubuntu devstack@keystone.service[81642]: ERROR keystone.server.flask.application 
Oct 17 12:07:11 ubuntu devstack@keystone.service[81642]: ERROR keystone.server.flask.application Traceback (most recent call last):
Oct 17 12:07:11 ubuntu devstack@keystone.service[81642]: ERROR keystone.server.flask.application   File "/opt/stack/keystone/keystone/common/sql/core.py", line 575, in wrapper
Oct 17 12:07:11 ubuntu devstack@keystone.service[81642]: ERROR keystone.server.flask.application     return method(*args, **kwargs)
Oct 17 12:07:11 ubuntu devstack@keystone.service[81642]: ERROR keystone.server.flask.application   File "/opt/stack/keystone/keystone/assignment/role_backends/sql.py", line 25, in create_role
Oct 17 12:07:11 ubuntu devstack@keystone.service[81642]: ERROR keystone.server.flask.application     with sql.session_for_write() as session:
Oct 17 12:07:11 ubuntu devstack@keystone.service[81642]: ERROR keystone.server.flask.application   File "/usr/lib/python3.10/contextlib.py", line 142, in __exit__
Oct 17 12:07:11 ubuntu devstack@keystone.service[81642]: ERROR keystone.server.flask.application     next(self.gen)
Oct 17 12:07:11 ubuntu devstack@keystone.service[81642]: ERROR keystone.server.flask.application   File "/opt/stack/data/venv/lib/python3.10/site-packages/oslo_db/sqlalchemy/enginefacade.py", line 1199, in _transaction_scope
Oct 17 12:07:11 ubuntu devstack@keystone.service[81642]: ERROR keystone.server.flask.application     with current._produce_block(
Oct 17 12:07:11 ubuntu devstack@keystone.service[81642]: ERROR keystone.server.flask.application   File "/usr/lib/python3.10/contextlib.py", line 142, in __exit__
Oct 17 12:07:11 ubuntu devstack@keystone.service[81642]: ERROR keystone.server.flask.application     next(self.gen)
Oct 17 12:07:11 ubuntu devstack@keystone.service[81642]: ERROR keystone.server.flask.application   File "/opt/stack/data/venv/lib/python3.10/site-packages/oslo_db/sqlalchemy/enginefacade.py", line 850, in _session
Oct 17 12:07:11 ubuntu devstack@keystone.service[81642]: ERROR keystone.server.flask.application     with excutils.save_and_reraise_exception():
Oct 17 12:07:11 ubuntu devstack@keystone.service[81642]: ERROR keystone.server.flask.application   File "/opt/stack/data/venv/lib/python3.10/site-packages/oslo_utils/excutils.py", line 227, in __exit__
Oct 17 12:07:11 ubuntu devstack@keystone.service[81642]: ERROR keystone.server.flask.application     self.force_reraise()
Oct 17 12:07:11 ubuntu devstack@keystone.service[81642]: ERROR keystone.server.flask.application   File "/opt/stack/data/venv/lib/python3.10/site-packages/oslo_utils/excutils.py", line 200, in force_reraise
Oct 17 12:07:11 ubuntu devstack@keystone.service[81642]: ERROR keystone.server.flask.application     raise self.value
