Oct 10 12:21:39 ubuntu devstack@keystone.service[81379]: ERROR keystone.server.flask.application     flush_context.execute()
Oct 10 12:21:39 ubuntu devstack@keystone.service[81379]: ERROR keystone.server.flask.application   File "/opt/stack/data/venv/lib/python3.10/site-packages/sqlalchemy/orm/unitofwork.py", line 466, in execute
Oct 10 12:21:39 ubuntu devstack@keystone.service[81379]: ERROR keystone.server.flask.application     rec.execute(self)
Oct 10 12:21:39 ubuntu devstack@keystone.service[81379]: ERROR keystone.server.flask.application   File "/opt/stack/data/venv/lib/python3.10/site-packages/sqlalchemy/orm/unitofwork.py", line 642, in execute
Oct 10 12:21:39 ubuntu devstack@keystone.service[81379]: ERROR keystone.server.flask.application     util.preloaded.orm_persistence.save_obj(
Oct 10 12:21:39 ubuntu devstack@keystone.service[81379]: ERROR keystone.server.flask.application   File "/opt/stack/data/venv/lib/python3.10/site-packages/sqlalchemy/orm/persistence.py", line 93, in save_obj
Oct 10 12:21:39 ubuntu devstack@keystone.service[81379]: ERROR keystone.server.flask.application     _emit_insert_statements(
Oct 10 12:21:39 ubuntu devstack@keystone.service[81379]: ERROR keystone.server.flask.application   File "/opt/stack/data/venv/lib/python3.10/site-packages/sqlalchemy/orm/persistence.py", line 1048, in _emit_insert_statements
Oct 10 12:21:39 ubuntu devstack@keystone.service[81379]: ERROR keystone.server.flask.application     result = connection.execute(
Oct 10 12:21:39 ubuntu devstack@keystone.service[81379]: ERROR keystone.server.flask.application   File "/opt/stack/data/venv/lib/python3.10/site-packages/sqlalchemy/engine/base.py", line 1413, in execute
Oct 10 12:21:39 ubuntu devstack@keystone.service[81379]: ERROR keystone.server.flask.application     return meth(
Oct 10 12:21:39 ubuntu devstack@keystone.service[81379]: ERROR keystone.server.flask.application   File "/opt/stack/data/venv/lib/python3.10/site-packages/sqlalchemy/sql/elements.py", line 526, in _execute_on_connection
Oct 10 12:21:39 ubuntu devstack@keystone.service[81379]: ERROR keystone.server.flask.application     return connection._execute_clauseelement(
Oct 10 12:21:39 ubuntu devstack@keystone.service[81379]: ERROR keystone.server.flask.application   File "/opt/stack/data/venv/lib/python3.10/site-packages/sqlalchemy/engine/base.py", line 1635, in _execute_clauseelement
Oct 10 12:21:39 ubuntu devstack@keystone.service[81379]: ERROR keystone.server.flask.application     ret = self._execute_context(
Oct 10 12:21:39 ubuntu devstack@keystone.service[81379]: ERROR keystone.server.flask.application   File "/opt/stack/data/venv/lib/python3.10/site-packages/sqlalchemy/engine/base.py", line 1840, in _execute_context
Oct 10 12:21:39 ubuntu devstack@keystone.service[81379]: ERROR keystone.server.flask.application     return self._exec_single_context(
Oct 10 12:21:39 ubuntu devstack@keystone.service[81379]: ERROR keystone.server.flask.application   File "/opt/stack/data/venv/lib/python3.10/site-packages/sqlalchemy/engine/base.py", line 1980, in _exec_single_context
Oct 10 12:21:39 ubuntu devstack@keystone.service[81379]: ERROR keystone.server.flask.application     self._handle_dbapi_exception(
Oct 10 12:21:39 ubuntu devstack@keystone.service[81379]: ERROR keystone.server.flask.application   File "/opt/stack/data/venv/lib/python3.10/site-packages/sqlalchemy/engine/base.py", line 2346, in _handle_dbapi_exception
Oct 10 12:21:39 ubuntu devstack@keystone.service[81379]: ERROR keystone.server.flask.application     raise newraise.with_traceback(exc_info[2]) from e
Oct 10 12:21:39 ubuntu devstack@keystone.service[81379]: ERROR keystone.server.flask.application   File "/opt/stack/data/venv/lib/python3.10/site-packages/sqlalchemy/engine/base.py", line 1961, in _exec_single_context
Oct 10 12:21:39 ubuntu devstack@keystone.service[81379]: ERROR keystone.server.flask.application     self.dialect.do_execute(
Oct 10 12:21:39 ubuntu devstack@keystone.service[81379]: ERROR keystone.server.flask.application   File "/opt/stack/data/venv/lib/python3.10/site-packages/sqlalchemy/engine/default.py", line 944, in do_execute
Oct 10 12:21:39 ubuntu devstack@keystone.service[81379]: ERROR keystone.server.flask.application     cursor.execute(statement, parameters)
Oct 10 12:21:39 ubuntu devstack@keystone.service[81379]: ERROR keystone.server.flask.application   File "/opt/stack/data/venv/lib/python3.10/site-packages/pymysql/cursors.py", line 153, in execute
Oct 10 12:21:39 ubuntu devstack@keystone.service[81379]: ERROR keystone.server.flask.application     result = self._query(query)
Oct 10 12:21:39 ubuntu devstack@keystone.service[81379]: ERROR keystone.server.flask.application   File "/opt/stack/data/venv/lib/python3.10/site-packages/pymysql/cursors.py", line 322, in _query
Oct 10 12:21:39 ubuntu devstack@keystone.service[81379]: ERROR keystone.server.flask.application     conn.query(q)
Oct 10 12:21:39 ubuntu devstack@keystone.service[81379]: ERROR keystone.server.flask.application   File "/opt/stack/data/venv/lib/python3.10/site-packages/pymysql/connections.py", line 563, in query
Oct 10 12:21:39 ubuntu devstack@keystone.service[81379]: ERROR keystone.server.flask.application     self._affected_rows = self._read_query_result(unbuffered=unbuffered)
Oct 10 12:21:39 ubuntu devstack@keystone.service[81379]: ERROR keystone.server.flask.application   File "/opt/stack/data/venv/lib/python3.10/site-packages/pymysql/connections.py", line 825, in _read_query_result
Oct 10 12:21:39 ubuntu devstack@keystone.service[81379]: ERROR keystone.server.flask.application     result.read()
Oct 10 12:21:39 ubuntu devstack@keystone.service[81379]: ERROR keystone.server.flask.application   File "/opt/stack/data/venv/lib/python3.10/site-packages/pymysql/connections.py", line 1199, in read
Oct 10 12:21:39 ubuntu devstack@keystone.service[81379]: ERROR keystone.server.flask.application     first_packet = self.connection._read_packet()
Oct 10 12:21:39 ubuntu devstack@keystone.service[81379]: ERROR keystone.server.flask.application   File "/opt/stack/data/venv/lib/python3.10/site-packages/pymysql/connections.py", line 775, in _read_packet
Oct 10 12:21:39 ubuntu devstack@keystone.service[81379]: ERROR keystone.server.flask.application     packet.raise_for_error()
Oct 10 12:21:39 ubuntu devstack@keystone.service[81379]: ERROR keystone.server.flask.application   File "/opt/stack/data/venv/lib/python3.10/site-packages/pymysql/protocol.py", line 219, in raise_for_error
Oct 10 12:21:39 ubuntu devstack@keystone.service[81379]: ERROR keystone.server.flask.application     err.raise_mysql_exception(self._data)
Oct 10 12:21:39 ubuntu devstack@keystone.service[81379]: ERROR keystone.server.flask.application   File "/opt/stack/data/venv/lib/python3.10/site-packages/pymysql/err.py", line 150, in raise_mysql_exception
Oct 10 12:21:39 ubuntu devstack@keystone.service[81379]: ERROR keystone.server.flask.application     raise errorclass(errno, errval)
Oct 10 12:21:39 ubuntu devstack@keystone.service[81379]: ERROR keystone.server.flask.application oslo_db.exception.DBDuplicateEntry: (pymysql.err.IntegrityError) (1062, "Duplicate entry 'service-<<null>>' for key 'role.ixu_role_name_domain_id'")
Oct 10 12:21:39 ubuntu devstack@keystone.service[81379]: ERROR keystone.server.flask.application [SQL: INSERT INTO `role` (id, name, description, extra) VALUES (%(id)s, %(name)s, %(description)s, %(extra)s)]
Oct 10 12:21:39 ubuntu devstack@keystone.service[81379]: ERROR keystone.server.flask.application [parameters: {'id': '1feaf28449d347008c52ae52a66d149c', 'name': 'service', 'description': None, 'extra': '{}'}]
Oct 10 12:21:39 ubuntu devstack@keystone.service[81379]: ERROR keystone.server.flask.application (Background on this error at: https://sqlalche.me/e/20/gkpj)
Oct 10 12:21:39 ubuntu devstack@keystone.service[81379]: ERROR keystone.server.flask.application 
Oct 10 12:21:39 ubuntu devstack@keystone.service[81379]: ERROR keystone.server.flask.application During handling of the above exception, another exception occurred:
Oct 10 12:21:39 ubuntu devstack@keystone.service[81379]: ERROR keystone.server.flask.application 
Oct 10 12:21:39 ubuntu devstack@keystone.service[81379]: ERROR keystone.server.flask.application Traceback (most recent call last):
Oct 10 12:21:39 ubuntu devstack@keystone.service[81379]: ERROR keystone.server.flask.application   File "/opt/stack/data/venv/lib/python3.10/site-packages/flask/app.py", line 917, in full_dispatch_request
Oct 10 12:21:39 ubuntu devstack@keystone.service[81379]: ERROR keystone.server.flask.application     rv = self.dispatch_request()
Oct 10 12:21:39 ubuntu devstack@keystone.service[81379]: ERROR keystone.server.flask.application   File "/opt/stack/data/venv/lib/python3.10/site-packages/flask/app.py", line 902, in dispatch_request
Oct 10 12:21:39 ubuntu devstack@keystone.service[81379]: ERROR keystone.server.flask.application     return self.ensure_sync(self.view_functions[rule.endpoint])(**view_args)  # type: ignore[no-any-return]
Oct 10 12:21:39 ubuntu devstack@keystone.service[81379]: ERROR keystone.server.flask.application   File "/opt/stack/data/venv/lib/python3.10/site-packages/flask_restful/__init__.py", line 489, in wrapper
Oct 10 12:21:39 ubuntu devstack@keystone.service[81379]: ERROR keystone.server.flask.application     resp = resource(*args, **kwargs)
Oct 10 12:21:39 ubuntu devstack@keystone.service[81379]: ERROR keystone.server.flask.application   File "/opt/stack/data/venv/lib/python3.10/site-packages/flask/views.py", line 110, in view
Oct 10 12:21:39 ubuntu devstack@keystone.service[81379]: ERROR keystone.server.flask.application     return current_app.ensure_sync(self.dispatch_request)(**kwargs)  # type: ignore[no-any-return]
Oct 10 12:21:39 ubuntu devstack@keystone.service[81379]: ERROR keystone.server.flask.application   File "/opt/stack/data/venv/lib/python3.10/site-packages/flask_restful/__init__.py", line 604, in dispatch_request
Oct 10 12:21:39 ubuntu devstack@keystone.service[81379]: ERROR keystone.server.flask.application     resp = meth(*args, **kwargs)
Oct 10 12:21:39 ubuntu devstack@keystone.service[81379]: ERROR keystone.server.flask.application   File "/opt/stack/keystone/keystone/api/validation/__init__.py", line 80, in wrapper
Oct 10 12:21:39 ubuntu devstack@keystone.service[81379]: ERROR keystone.server.flask.application     return func(*args, **kwargs)
Oct 10 12:21:39 ubuntu devstack@keystone.service[81379]: ERROR keystone.server.flask.application   File "/opt/stack/keystone/keystone/api/validation/__init__.py", line 139, in wrapper
Oct 10 12:21:39 ubuntu devstack@keystone.service[81379]: ERROR keystone.server.flask.application     response = func(*args, **kwargs)
Oct 10 12:21:39 ubuntu devstack@keystone.service[81379]: ERROR keystone.server.flask.application   File "/opt/stack/keystone/keystone/api/roles.py", line 91, in post
Oct 10 12:21:39 ubuntu devstack@keystone.service[81379]: ERROR keystone.server.flask.application     ref = PROVIDERS.role_api.create_role(
Oct 10 12:21:39 ubuntu devstack@keystone.service[81379]: ERROR keystone.server.flask.application   File "/opt/stack/keystone/keystone/common/manager.py", line 114, in wrapped
Oct 10 12:21:39 ubuntu devstack@keystone.service[81379]: ERROR keystone.server.flask.application     __ret_val = __f(*args, **kwargs)
Oct 10 12:21:39 ubuntu devstack@keystone.service[81379]: ERROR keystone.server.flask.application   File "/opt/stack/keystone/keystone/assignment/core.py", line 1496, in create_role
Oct 10 12:21:39 ubuntu devstack@keystone.service[81379]: ERROR keystone.server.flask.application     ret = self.driver.create_role(role_id, role)
Oct 10 12:21:39 ubuntu devstack@keystone.service[81379]: ERROR keystone.server.flask.application   File "/opt/stack/keystone/keystone/common/sql/core.py", line 614, in wrapper
Oct 10 12:21:39 ubuntu devstack@keystone.service[81379]: ERROR keystone.server.flask.application     raise exception.Conflict(type=conflict_type, details=msg)
Oct 10 12:21:39 ubuntu devstack@keystone.service[81379]: ERROR keystone.server.flask.application keystone.exception.Conflict: Conflict occurred attempting to store role - Duplicate entry found with name service.
Oct 10 12:21:39 ubuntu devstack@keystone.service[81379]: ERROR keystone.server.flask.application 
Oct 10 12:21:39 ubuntu devstack@keystone.service[81379]: [pid: 81379|app: 0|req: 18/36] 10.201.5.82 () {60 vars in 1167 bytes} [Fri Oct 10 12:21:39 2025] POST /identity/v3/roles => generated 140 bytes in 105 msecs (HTTP/1.1 409) 5 headers in 183 bytes (1 switches on core 0)
Oct 10 12:21:39 ubuntu devstack@keystone.service[81378]: DEBUG keystone.server.flask.request_processing.middleware.auth_context [None req-64d0aea9-4d37-4405-a807-33828ab66501 None admin] Authenticating user token {{(pid=81378) process_request /opt/stack/data/venv/lib/python3.10/site-packages/keystonemiddleware/auth_token/__init__.py:407}}
Oct 10 12:21:39 ubuntu devstack@keystone.service[81378]: DEBUG keystone.server.flask.request_processing.middleware.auth_context [None req-64d0aea9-4d37-4405-a807-33828ab66501 None admin] Validating token access rules against request {{(pid=81378) validate_allowed_request /opt/stack/data/venv/lib/python3.10/site-packages/keystonemiddleware/auth_token/__init__.py:545}}
Oct 10 12:21:39 ubuntu devstack@keystone.service[81379]: DEBUG keystone.server.flask.request_processing.req_logging [None req-9656db78-8f13-40bb-833a-1f8d60f22909 None None] REQUEST_METHOD: `GET` {{(pid=81379) log_request_info /opt/stack/keystone/keystone/server/flask/request_processing/req_logging.py:26}}
Oct 10 12:21:39 ubuntu devstack@keystone.service[81379]: DEBUG keystone.server.flask.request_processing.req_logging [None req-9656db78-8f13-40bb-833a-1f8d60f22909 None None] SCRIPT_NAME: `/identity` {{(pid=81379) log_request_info /opt/stack/keystone/keystone/server/flask/request_processing/req_logging.py:27}}
Oct 10 12:21:39 ubuntu devstack@keystone.service[81379]: DEBUG keystone.server.flask.request_processing.req_logging [None req-9656db78-8f13-40bb-833a-1f8d60f22909 None None] PATH_INFO: `/` {{(pid=81379) log_request_info /opt/stack/keystone/keystone/server/flask/request_processing/req_logging.py:28}}
Oct 10 12:21:39 ubuntu devstack@keystone.service[81379]: [pid: 81379|app: 0|req: 19/37] 10.201.5.82 () {54 vars in 919 bytes} [Fri Oct 10 12:21:39 2025] GET /identity => generated 270 bytes in 2 msecs (HTTP/1.1 300) 6 headers in 234 bytes (1 switches on core 0)
Oct 10 12:21:39 ubuntu devstack@keystone.service[81379]: DEBUG keystone.server.flask.request_processing.req_logging [None req-f2ea7038-5b6e-462b-9828-088997e22d76 None None] REQUEST_METHOD: `POST` {{(pid=81379) log_request_info /opt/stack/keystone/keystone/server/flask/request_processing/req_logging.py:26}}
Oct 10 12:21:39 ubuntu devstack@keystone.service[81379]: DEBUG keystone.server.flask.request_processing.req_logging [None req-f2ea7038-5b6e-462b-9828-088997e22d76 None None] SCRIPT_NAME: `/identity` {{(pid=81379) log_request_info /opt/stack/keystone/keystone/server/flask/request_processing/req_logging.py:27}}
Oct 10 12:21:39 ubuntu devstack@keystone.service[81379]: DEBUG keystone.server.flask.request_processing.req_logging [None req-f2ea7038-5b6e-462b-9828-088997e22d76 None None] PATH_INFO: `/v3/auth/tokens` {{(pid=81379) log_request_info /opt/stack/keystone/keystone/server/flask/request_processing/req_logging.py:28}}
Oct 10 12:21:39 ubuntu devstack@keystone.service[81378]: DEBUG keystone.server.flask.request_processing.middleware.auth_context [None req-ef45fe48-6dd7-4748-b28b-cb0301253a9a None admin] RBAC: auth_context: {'token': <TokenModel (audit_id=WVGsmzQ0R1SWzKSPz4LCmA, audit_chain_id=['WVGsmzQ0R1SWzKSPz4LCmA']) at 0x7f8c8e291180>, 'domain_id': None, 'trust_id': None, 'trustor_id': None, 'trustee_id': None, 'domain_name': None, 'group_ids': [], 'user_id': '3e2875af054d4a3db3a285491dfe4a59', 'user_domain_id': 'default', 'system_scope': 'all', 'project_id': None, 'project_domain_id': None, 'roles': ['admin', 'manager', 'member', 'reader'], 'is_admin_project': True, 'service_user_id': None, 'service_user_domain_id': None, 'service_project_id': None, 'service_project_domain_id': None, 'service_roles': []} {{(pid=81378) fill_context /opt/stack/keystone/keystone/server/flask/request_processing/middleware/auth_context.py:509}}
Oct 10 12:21:39 ubuntu devstack@keystone.service[81378]: DEBUG keystone.server.flask.request_processing.req_logging [None req-ef45fe48-6dd7-4748-b28b-cb0301253a9a None admin] REQUEST_METHOD: `GET` {{(pid=81378) log_request_info /opt/stack/keystone/keystone/server/flask/request_processing/req_logging.py:26}}
Oct 10 12:21:39 ubuntu devstack@keystone.service[81378]: DEBUG keystone.server.flask.request_processing.req_logging [None req-ef45fe48-6dd7-4748-b28b-cb0301253a9a None admin] SCRIPT_NAME: `/identity` {{(pid=81378) log_request_info /opt/stack/keystone/keystone/server/flask/request_processing/req_logging.py:27}}
Oct 10 12:21:39 ubuntu devstack@keystone.service[81378]: DEBUG keystone.server.flask.request_processing.req_logging [None req-ef45fe48-6dd7-4748-b28b-cb0301253a9a None admin] PATH_INFO: `/v3/roles/service` {{(pid=81378) log_request_info /opt/stack/keystone/keystone/server/flask/request_processing/req_logging.py:28}}
Oct 10 12:21:39 ubuntu devstack@keystone.service[81378]: DEBUG keystone.common.rbac_enforcer.enforcer [None req-ef45fe48-6dd7-4748-b28b-cb0301253a9a None admin] Extracting inferred target data resulted in "NOT FOUND (404)". {{(pid=81378) enforce_call /opt/stack/keystone/keystone/common/rbac_enforcer/enforcer.py:445}}
Oct 10 12:21:39 ubuntu devstack@keystone.service[81379]: WARNING keystone.common.password_hashing [None req-f2ea7038-5b6e-462b-9828-088997e22d76 None None] Truncating password to algorithm specific maximum length 72 characters.
Oct 10 12:21:39 ubuntu devstack@keystone.service[81378]: DEBUG keystone.server.flask.application [None req-ef45fe48-6dd7-4748-b28b-cb0301253a9a None admin] Could not find role: service. {{(pid=81378) _handle_keystone_exception /opt/stack/keystone/keystone/server/flask/application.py:146}}
Oct 10 12:21:39 ubuntu devstack@keystone.service[81378]: [pid: 81378|app: 0|req: 19/38] 10.201.5.82 () {56 vars in 1138 bytes} [Fri Oct 10 12:21:39 2025] GET /identity/v3/roles/service => generated 85 bytes in 91 msecs (HTTP/1.1 404) 5 headers in 183 bytes (1 switches on core 0)
Oct 10 12:21:39 ubuntu devstack@keystone.service[81378]: DEBUG keystone.server.flask.request_processing.middleware.auth_context [None req-ef45fe48-6dd7-4748-b28b-cb0301253a9a None admin] Authenticating user token {{(pid=81378) process_request /opt/stack/data/venv/lib/python3.10/site-packages/keystonemiddleware/auth_token/__init__.py:407}}
Oct 10 12:21:39 ubuntu devstack@keystone.service[81379]: DEBUG keystone.auth.core [None req-f2ea7038-5b6e-462b-9828-088997e22d76 None None] MFA Rules not processed for user `3e2875af054d4a3db3a285491dfe4a59`. Rule list: `[]` (Enabled: `True`). {{(pid=81379) check_auth_methods_against_rules /opt/stack/keystone/keystone/auth/core.py:476}}
Oct 10 12:21:39 ubuntu devstack@keystone.service[81379]: DEBUG keystone.common.fernet_utils [None req-f2ea7038-5b6e-462b-9828-088997e22d76 None None] Loaded 2 Fernet keys from /etc/keystone/fernet-keys/, but `[fernet_tokens] max_active_keys = 3`; perhaps there have not been enough key rotations to reach `max_active_keys` yet? {{(pid=81379) load_keys /opt/stack/keystone/keystone/common/fernet_utils.py:297}}
Oct 10 12:21:39 ubuntu devstack@keystone.service[81378]: DEBUG keystone.server.flask.request_processing.middleware.auth_context [None req-ef45fe48-6dd7-4748-b28b-cb0301253a9a None admin] Validating token access rules against request {{(pid=81378) validate_allowed_request /opt/stack/data/venv/lib/python3.10/site-packages/keystonemiddleware/auth_token/__init__.py:545}}
Oct 10 12:21:39 ubuntu devstack@keystone.service[81379]: [pid: 81379|app: 0|req: 20/39] 10.201.5.82 () {58 vars in 1016 bytes} [Fri Oct 10 12:21:39 2025] POST /identity/v3/auth/tokens => generated 862 bytes in 72 msecs (HTTP/1.1 201) 6 headers in 363 bytes (2 switches on core 0)
Oct 10 12:21:39 ubuntu devstack@keystone.service[81378]: DEBUG keystone.server.flask.request_processing.middleware.auth_context [None req-4afde0c2-519e-4729-a031-df3f57f80268 None admin] RBAC: auth_context: {'token': <TokenModel (audit_id=WVGsmzQ0R1SWzKSPz4LCmA, audit_chain_id=['WVGsmzQ0R1SWzKSPz4LCmA']) at 0x7f8c8f0c1c90>, 'domain_id': None, 'trust_id': None, 'trustor_id': None, 'trustee_id': None, 'domain_name': None, 'group_ids': [], 'user_id': '3e2875af054d4a3db3a285491dfe4a59', 'user_domain_id': 'default', 'system_scope': 'all', 'project_id': None, 'project_domain_id': None, 'roles': ['admin', 'manager', 'member', 'reader'], 'is_admin_project': True, 'service_user_id': None, 'service_user_domain_id': None, 'service_project_id': None, 'service_project_domain_id': None, 'service_roles': []} {{(pid=81378) fill_context /opt/stack/keystone/keystone/server/flask/request_processing/middleware/auth_context.py:509}}
Oct 10 12:21:39 ubuntu devstack@keystone.service[81378]: DEBUG keystone.server.flask.request_processing.req_logging [None req-4afde0c2-519e-4729-a031-df3f57f80268 None admin] REQUEST_METHOD: `GET` {{(pid=81378) log_request_info /opt/stack/keystone/keystone/server/flask/request_processing/req_logging.py:26}}
Oct 10 12:21:39 ubuntu devstack@keystone.service[81378]: DEBUG keystone.server.flask.request_processing.req_logging [None req-4afde0c2-519e-4729-a031-df3f57f80268 None admin] SCRIPT_NAME: `/identity` {{(pid=81378) log_request_info /opt/stack/keystone/keystone/server/flask/request_processing/req_logging.py:27}}
Oct 10 12:21:39 ubuntu devstack@keystone.service[81378]: DEBUG keystone.server.flask.request_processing.req_logging [None req-4afde0c2-519e-4729-a031-df3f57f80268 None admin] PATH_INFO: `/v3/roles` {{(pid=81378) log_request_info /opt/stack/keystone/keystone/server/flask/request_processing/req_logging.py:28}}
Oct 10 12:21:40 ubuntu devstack@keystone.service[81378]: DEBUG keystone.common.rbac_enforcer.enforcer [None req-4afde0c2-519e-4729-a031-df3f57f80268 None admin] RBAC: Adding query filter params (name=service) {{(pid=81378) _extract_filter_values /opt/stack/keystone/keystone/common/rbac_enforcer/enforcer.py:176}}
Oct 10 12:21:40 ubuntu devstack@keystone.service[81378]: DEBUG keystone.common.rbac_enforcer.enforcer [None req-4afde0c2-519e-4729-a031-df3f57f80268 None admin] RBAC: Authorizing `identity:list_roles()` {{(pid=81378) enforce_call /opt/stack/keystone/keystone/common/rbac_enforcer/enforcer.py:494}}
Oct 10 12:21:40 ubuntu devstack@keystone.service[81378]: DEBUG keystone.common.rbac_enforcer.enforcer [None req-4afde0c2-519e-4729-a031-df3f57f80268 None admin] RBAC: Authorization granted {{(pid=81378) enforce_call /opt/stack/keystone/keystone/common/rbac_enforcer/enforcer.py:505}}
Oct 10 12:21:40 ubuntu devstack@keystone.service[81378]: [pid: 81378|app: 0|req: 20/40] 10.201.5.82 () {56 vars in 1152 bytes} [Fri Oct 10 12:21:39 2025] GET /identity/v3/roles?name=service => generated 343 bytes in 76 msecs (HTTP/1.1 200) 5 headers in 177 bytes (2 switches on core 0)
Oct 10 12:21:40 ubuntu devstack@keystone.service[81379]: DEBUG keystone.server.flask.request_processing.middleware.auth_context [None req-f2ea7038-5b6e-462b-9828-088997e22d76 None None] Authenticating user token {{(pid=81379) process_request /opt/stack/data/venv/lib/python3.10/site-packages/keystonemiddleware/auth_token/__init__.py:407}}
Oct 10 12:21:40 ubuntu devstack@keystone.service[81379]: DEBUG keystone.server.flask.request_processing.middleware.auth_context [None req-f2ea7038-5b6e-462b-9828-088997e22d76 None None] Validating token access rules against request {{(pid=81379) validate_allowed_request /opt/stack/data/venv/lib/python3.10/site-packages/keystonemiddleware/auth_token/__init__.py:545}}
Oct 10 12:21:40 ubuntu devstack@keystone.service[81379]: DEBUG keystone.server.flask.request_processing.middleware.auth_context [None req-219eb6bb-8a17-45a2-8ef4-e66bbc4fa20e None admin] RBAC: auth_context: {'token': <TokenModel (audit_id=DgZuuxoGSU--OuM-a33QaQ, audit_chain_id=['DgZuuxoGSU--OuM-a33QaQ']) at 0x7f8c8e005b40>, 'domain_id': None, 'trust_id': None, 'trustor_id': None, 'trustee_id': None, 'domain_name': None, 'group_ids': [], 'user_id': '3e2875af054d4a3db3a285491dfe4a59', 'user_domain_id': 'default', 'system_scope': 'all', 'project_id': None, 'project_domain_id': None, 'roles': ['admin', 'manager', 'member', 'reader'], 'is_admin_project': True, 'service_user_id': None, 'service_user_domain_id': None, 'service_project_id': None, 'service_project_domain_id': None, 'service_roles': []} {{(pid=81379) fill_context /opt/stack/keystone/keystone/server/flask/request_processing/middleware/auth_context.py:509}}
Oct 10 12:21:40 ubuntu devstack@keystone.service[81379]: DEBUG keystone.server.flask.request_processing.req_logging [None req-219eb6bb-8a17-45a2-8ef4-e66bbc4fa20e None admin] REQUEST_METHOD: `POST` {{(pid=81379) log_request_info /opt/stack/keystone/keystone/server/flask/request_processing/req_logging.py:26}}
Oct 10 12:21:40 ubuntu devstack@keystone.service[81379]: DEBUG keystone.server.flask.request_processing.req_logging [None req-219eb6bb-8a17-45a2-8ef4-e66bbc4fa20e None admin] SCRIPT_NAME: `/identity` {{(pid=81379) log_request_info /opt/stack/keystone/keystone/server/flask/request_processing/req_logging.py:27}}
Oct 10 12:21:40 ubuntu devstack@keystone.service[81379]: DEBUG keystone.server.flask.request_processing.req_logging [None req-219eb6bb-8a17-45a2-8ef4-e66bbc4fa20e None admin] PATH_INFO: `/v3/roles` {{(pid=81379) log_request_info /opt/stack/keystone/keystone/server/flask/request_processing/req_logging.py:28}}
Oct 10 12:21:40 ubuntu devstack@keystone.service[81379]: DEBUG keystone.common.rbac_enforcer.enforcer [None req-219eb6bb-8a17-45a2-8ef4-e66bbc4fa20e None admin] RBAC: Authorizing `identity:create_role()` {{(pid=81379) enforce_call /opt/stack/keystone/keystone/common/rbac_enforcer/enforcer.py:494}}
Oct 10 12:21:40 ubuntu devstack@keystone.service[81379]: DEBUG keystone.common.rbac_enforcer.enforcer [None req-219eb6bb-8a17-45a2-8ef4-e66bbc4fa20e None admin] RBAC: Authorization granted {{(pid=81379) enforce_call /opt/stack/keystone/keystone/common/rbac_enforcer/enforcer.py:505}}
Oct 10 12:21:40 ubuntu devstack@keystone.service[81379]: [pid: 81379|app: 0|req: 21/41] 10.201.5.82 () {60 vars in 1167 bytes} [Fri Oct 10 12:21:40 2025] POST /identity/v3/roles => generated 225 bytes in 174 msecs (HTTP/1.1 201) 5 headers in 182 bytes (1 switches on core 0)
Oct 10 12:21:40 ubuntu devstack@keystone.service[81378]: DEBUG keystone.server.flask.request_processing.req_logging [None req-0b423bb5-ec00-4af6-a6e1-050d96796341 None None] REQUEST_METHOD: `GET` {{(pid=81378) log_request_info /opt/stack/keystone/keystone/server/flask/request_processing/req_logging.py:26}}
Oct 10 12:21:40 ubuntu devstack@keystone.service[81378]: DEBUG keystone.server.flask.request_processing.req_logging [None req-0b423bb5-ec00-4af6-a6e1-050d96796341 None None] SCRIPT_NAME: `/identity` {{(pid=81378) log_request_info /opt/stack/keystone/keystone/server/flask/request_processing/req_logging.py:27}}
Oct 10 12:21:40 ubuntu devstack@keystone.service[81378]: DEBUG keystone.server.flask.request_processing.req_logging [None req-0b423bb5-ec00-4af6-a6e1-050d96796341 None None] PATH_INFO: `/` {{(pid=81378) log_request_info /opt/stack/keystone/keystone/server/flask/request_processing/req_logging.py:28}}
Oct 10 12:21:40 ubuntu devstack@keystone.service[81378]: [pid: 81378|app: 0|req: 21/42] 10.201.5.82 () {54 vars in 919 bytes} [Fri Oct 10 12:21:40 2025] GET /identity => generated 270 bytes in 2 msecs (HTTP/1.1 300) 6 headers in 234 bytes (2 switches on core 0)
Oct 10 12:21:40 ubuntu devstack@keystone.service[81379]: DEBUG keystone.server.flask.request_processing.req_logging [None req-24b5a5eb-9ad3-4b97-91b9-6a492f543ab1 None None] REQUEST_METHOD: `POST` {{(pid=81379) log_request_info /opt/stack/keystone/keystone/server/flask/request_processing/req_logging.py:26}}
Oct 10 12:21:40 ubuntu devstack@keystone.service[81379]: DEBUG keystone.server.flask.request_processing.req_logging [None req-24b5a5eb-9ad3-4b97-91b9-6a492f543ab1 None None] SCRIPT_NAME: `/identity` {{(pid=81379) log_request_info /opt/stack/keystone/keystone/server/flask/request_processing/req_logging.py:27}}
Oct 10 12:21:40 ubuntu devstack@keystone.service[81379]: DEBUG keystone.server.flask.request_processing.req_logging [None req-24b5a5eb-9ad3-4b97-91b9-6a492f543ab1 None None] PATH_INFO: `/v3/auth/tokens` {{(pid=81379) log_request_info /opt/stack/keystone/keystone/server/flask/request_processing/req_logging.py:28}}
Oct 10 12:21:40 ubuntu devstack@keystone.service[81378]: DEBUG keystone.server.flask.request_processing.req_logging [None req-4a641cd9-c3e1-4cd7-9591-2055025eb10f None None] REQUEST_METHOD: `GET` {{(pid=81378) log_request_info /opt/stack/keystone/keystone/server/flask/request_processing/req_logging.py:26}}
Oct 10 12:21:40 ubuntu devstack@keystone.service[81378]: DEBUG keystone.server.flask.request_processing.req_logging [None req-4a641cd9-c3e1-4cd7-9591-2055025eb10f None None] SCRIPT_NAME: `/identity` {{(pid=81378) log_request_info /opt/stack/keystone/keystone/server/flask/request_processing/req_logging.py:27}}
Oct 10 12:21:40 ubuntu devstack@keystone.service[81378]: DEBUG keystone.server.flask.request_processing.req_logging [None req-4a641cd9-c3e1-4cd7-9591-2055025eb10f None None] PATH_INFO: `/` {{(pid=81378) log_request_info /opt/stack/keystone/keystone/server/flask/request_processing/req_logging.py:28}}
Oct 10 12:21:40 ubuntu devstack@keystone.service[81378]: [pid: 81378|app: 0|req: 22/43] 10.201.5.82 () {54 vars in 919 bytes} [Fri Oct 10 12:21:40 2025] GET /identity => generated 270 bytes in 2 msecs (HTTP/1.1 300) 6 headers in 234 bytes (1 switches on core 0)
Oct 10 12:21:40 ubuntu devstack@keystone.service[81378]: DEBUG keystone.server.flask.request_processing.req_logging [None req-819151c5-a518-4254-a1f7-e8a2816e3957 None None] REQUEST_METHOD: `POST` {{(pid=81378) log_request_info /opt/stack/keystone/keystone/server/flask/request_processing/req_logging.py:26}}
Oct 10 12:21:40 ubuntu devstack@keystone.service[81378]: DEBUG keystone.server.flask.request_processing.req_logging [None req-819151c5-a518-4254-a1f7-e8a2816e3957 None None] SCRIPT_NAME: `/identity` {{(pid=81378) log_request_info /opt/stack/keystone/keystone/server/flask/request_processing/req_logging.py:27}}
Oct 10 12:21:40 ubuntu devstack@keystone.service[81378]: DEBUG keystone.server.flask.request_processing.req_logging [None req-819151c5-a518-4254-a1f7-e8a2816e3957 None None] PATH_INFO: `/v3/auth/tokens` {{(pid=81378) log_request_info /opt/stack/keystone/keystone/server/flask/request_processing/req_logging.py:28}}
Oct 10 12:21:40 ubuntu devstack@keystone.service[81379]: WARNING keystone.common.password_hashing [None req-24b5a5eb-9ad3-4b97-91b9-6a492f543ab1 None None] Truncating password to algorithm specific maximum length 72 characters.
Oct 10 12:21:40 ubuntu devstack@keystone.service[81378]: WARNING keystone.common.password_hashing [None req-819151c5-a518-4254-a1f7-e8a2816e3957 None None] Truncating password to algorithm specific maximum length 72 characters.
Oct 10 12:21:40 ubuntu devstack@keystone.service[81379]: DEBUG keystone.auth.core [None req-24b5a5eb-9ad3-4b97-91b9-6a492f543ab1 None None] MFA Rules not processed for user `3e2875af054d4a3db3a285491dfe4a59`. Rule list: `[]` (Enabled: `True`). {{(pid=81379) check_auth_methods_against_rules /opt/stack/keystone/keystone/auth/core.py:476}}
Oct 10 12:21:40 ubuntu devstack@keystone.service[81379]: DEBUG keystone.common.fernet_utils [None req-24b5a5eb-9ad3-4b97-91b9-6a492f543ab1 None None] Loaded 2 Fernet keys from /etc/keystone/fernet-keys/, but `[fernet_tokens] max_active_keys = 3`; perhaps there have not been enough key rotations to reach `max_active_keys` yet? {{(pid=81379) load_keys /opt/stack/keystone/keystone/common/fernet_utils.py:297}}
Oct 10 12:21:40 ubuntu devstack@keystone.service[81378]: DEBUG keystone.auth.core [None req-819151c5-a518-4254-a1f7-e8a2816e3957 None None] MFA Rules not processed for user `3e2875af054d4a3db3a285491dfe4a59`. Rule list: `[]` (Enabled: `True`). {{(pid=81378) check_auth_methods_against_rules /opt/stack/keystone/keystone/auth/core.py:476}}
Oct 10 12:21:40 ubuntu devstack@keystone.service[81378]: DEBUG keystone.common.fernet_utils [None req-819151c5-a518-4254-a1f7-e8a2816e3957 None None] Loaded 2 Fernet keys from /etc/keystone/fernet-keys/, but `[fernet_tokens] max_active_keys = 3`; perhaps there have not been enough key rotations to reach `max_active_keys` yet? {{(pid=81378) load_keys /opt/stack/keystone/keystone/common/fernet_utils.py:297}}
Oct 10 12:21:40 ubuntu devstack@keystone.service[81379]: [pid: 81379|app: 0|req: 22/44] 10.201.5.82 () {58 vars in 1016 bytes} [Fri Oct 10 12:21:40 2025] POST /identity/v3/auth/tokens => generated 862 bytes in 58 msecs (HTTP/1.1 201) 6 headers in 363 bytes (1 switches on core 0)
Oct 10 12:21:40 ubuntu devstack@keystone.service[81378]: [pid: 81378|app: 0|req: 23/45] 10.201.5.82 () {58 vars in 1016 bytes} [Fri Oct 10 12:21:40 2025] POST /identity/v3/auth/tokens => generated 862 bytes in 62 msecs (HTTP/1.1 201) 6 headers in 363 bytes (1 switches on core 0)
Oct 10 12:21:40 ubuntu devstack@keystone.service[81379]: DEBUG keystone.server.flask.request_processing.middleware.auth_context [None req-24b5a5eb-9ad3-4b97-91b9-6a492f543ab1 None None] Authenticating user token {{(pid=81379) process_request /opt/stack/data/venv/lib/python3.10/site-packages/keystonemiddleware/auth_token/__init__.py:407}}
Oct 10 12:21:40 ubuntu devstack@keystone.service[81378]: DEBUG keystone.server.flask.request_processing.middleware.auth_context [None req-819151c5-a518-4254-a1f7-e8a2816e3957 None None] Authenticating user token {{(pid=81378) process_request /opt/stack/data/venv/lib/python3.10/site-packages/keystonemiddleware/auth_token/__init__.py:407}}
Oct 10 12:21:40 ubuntu devstack@keystone.service[81379]: DEBUG keystone.server.flask.request_processing.middleware.auth_context [None req-24b5a5eb-9ad3-4b97-91b9-6a492f543ab1 None None] Validating token access rules against request {{(pid=81379) validate_allowed_request /opt/stack/data/venv/lib/python3.10/site-packages/keystonemiddleware/auth_token/__init__.py:545}}
Oct 10 12:21:40 ubuntu devstack@keystone.service[81379]: DEBUG keystone.server.flask.request_processing.middleware.auth_context [None req-305f756a-e4cd-4b1e-bd12-0f3d69ab1e5b None admin] RBAC: auth_context: {'token': <TokenModel (audit_id=BIh1d2X9SJy5wUfRSJE4vQ, audit_chain_id=['BIh1d2X9SJy5wUfRSJE4vQ']) at 0x7f8c8e4a5d80>, 'domain_id': None, 'trust_id': None, 'trustor_id': None, 'trustee_id': None, 'domain_name': None, 'group_ids': [], 'user_id': '3e2875af054d4a3db3a285491dfe4a59', 'user_domain_id': 'default', 'system_scope': 'all', 'project_id': None, 'project_domain_id': None, 'roles': ['admin', 'manager', 'member', 'reader'], 'is_admin_project': True, 'service_user_id': None, 'service_user_domain_id': None, 'service_project_id': None, 'service_project_domain_id': None, 'service_roles': []} {{(pid=81379) fill_context /opt/stack/keystone/keystone/server/flask/request_processing/middleware/auth_context.py:509}}
Oct 10 12:21:40 ubuntu devstack@keystone.service[81379]: DEBUG keystone.server.flask.request_processing.req_logging [None req-305f756a-e4cd-4b1e-bd12-0f3d69ab1e5b None admin] REQUEST_METHOD: `POST` {{(pid=81379) log_request_info /opt/stack/keystone/keystone/server/flask/request_processing/req_logging.py:26}}
Oct 10 12:21:40 ubuntu devstack@keystone.service[81379]: DEBUG keystone.server.flask.request_processing.req_logging [None req-305f756a-e4cd-4b1e-bd12-0f3d69ab1e5b None admin] SCRIPT_NAME: `/identity` {{(pid=81379) log_request_info /opt/stack/keystone/keystone/server/flask/request_processing/req_logging.py:27}}
Oct 10 12:21:40 ubuntu devstack@keystone.service[81379]: DEBUG keystone.server.flask.request_processing.req_logging [None req-305f756a-e4cd-4b1e-bd12-0f3d69ab1e5b None admin] PATH_INFO: `/v3/roles` {{(pid=81379) log_request_info /opt/stack/keystone/keystone/server/flask/request_processing/req_logging.py:28}}
Oct 10 12:21:40 ubuntu devstack@keystone.service[81378]: DEBUG keystone.server.flask.request_processing.middleware.auth_context [None req-819151c5-a518-4254-a1f7-e8a2816e3957 None None] Validating token access rules against request {{(pid=81378) validate_allowed_request /opt/stack/data/venv/lib/python3.10/site-packages/keystonemiddleware/auth_token/__init__.py:545}}
Oct 10 12:21:40 ubuntu devstack@keystone.service[81379]: DEBUG keystone.common.rbac_enforcer.enforcer [None req-305f756a-e4cd-4b1e-bd12-0f3d69ab1e5b None admin] RBAC: Authorizing `identity:create_role()` {{(pid=81379) enforce_call /opt/stack/keystone/keystone/common/rbac_enforcer/enforcer.py:494}}
Oct 10 12:21:40 ubuntu devstack@keystone.service[81379]: DEBUG keystone.common.rbac_enforcer.enforcer [None req-305f756a-e4cd-4b1e-bd12-0f3d69ab1e5b None admin] RBAC: Authorization granted {{(pid=81379) enforce_call /opt/stack/keystone/keystone/common/rbac_enforcer/enforcer.py:505}}
Oct 10 12:21:40 ubuntu devstack@keystone.service[81379]: [pid: 81379|app: 0|req: 23/46] 10.201.5.82 () {60 vars in 1167 bytes} [Fri Oct 10 12:21:40 2025] POST /identity/v3/roles => generated 223 bytes in 78 msecs (HTTP/1.1 201) 5 headers in 182 bytes (1 switches on core 0)
Oct 10 12:21:40 ubuntu devstack@keystone.service[81378]: DEBUG keystone.server.flask.request_processing.middleware.auth_context [None req-f01540f6-a23a-40a0-bcbf-4438f11c541e None admin] RBAC: auth_context: {'token': <TokenModel (audit_id=d66r7rfMQbeEUtb8aKtHbw, audit_chain_id=['d66r7rfMQbeEUtb8aKtHbw']) at 0x7f8c8e4e2bf0>, 'domain_id': None, 'trust_id': None, 'trustor_id': None, 'trustee_id': None, 'domain_name': None, 'group_ids': [], 'user_id': '3e2875af054d4a3db3a285491dfe4a59', 'user_domain_id': 'default', 'system_scope': 'all', 'project_id': None, 'project_domain_id': None, 'roles': ['admin', 'manager', 'member', 'reader'], 'is_admin_project': True, 'service_user_id': None, 'service_user_domain_id': None, 'service_project_id': None, 'service_project_domain_id': None, 'service_roles': []} {{(pid=81378) fill_context /opt/stack/keystone/keystone/server/flask/request_processing/middleware/auth_context.py:509}}
Oct 10 12:21:40 ubuntu devstack@keystone.service[81378]: DEBUG keystone.server.flask.request_processing.req_logging [None req-f01540f6-a23a-40a0-bcbf-4438f11c541e None admin] REQUEST_METHOD: `GET` {{(pid=81378) log_request_info /opt/stack/keystone/keystone/server/flask/request_processing/req_logging.py:26}}
Oct 10 12:21:40 ubuntu devstack@keystone.service[81378]: DEBUG keystone.server.flask.request_processing.req_logging [None req-f01540f6-a23a-40a0-bcbf-4438f11c541e None admin] SCRIPT_NAME: `/identity` {{(pid=81378) log_request_info /opt/stack/keystone/keystone/server/flask/request_processing/req_logging.py:27}}
Oct 10 12:21:40 ubuntu devstack@keystone.service[81378]: DEBUG keystone.server.flask.request_processing.req_logging [None req-f01540f6-a23a-40a0-bcbf-4438f11c541e None admin] PATH_INFO: `/v3/domains/default` {{(pid=81378) log_request_info /opt/stack/keystone/keystone/server/flask/request_processing/req_logging.py:28}}
Oct 10 12:21:40 ubuntu devstack@keystone.service[81378]: DEBUG keystone.common.rbac_enforcer.enforcer [None req-f01540f6-a23a-40a0-bcbf-4438f11c541e None admin] RBAC: Authorizing `identity:get_domain(domain_id=default)` {{(pid=81378) enforce_call /opt/stack/keystone/keystone/common/rbac_enforcer/enforcer.py:494}}
Oct 10 12:21:40 ubuntu devstack@keystone.service[81378]: DEBUG keystone.common.rbac_enforcer.enforcer [None req-f01540f6-a23a-40a0-bcbf-4438f11c541e None admin] RBAC: Authorization granted {{(pid=81378) enforce_call /opt/stack/keystone/keystone/common/rbac_enforcer/enforcer.py:505}}
Oct 10 12:21:40 ubuntu devstack@keystone.service[81378]: [pid: 81378|app: 0|req: 24/47] 10.201.5.82 () {56 vars in 1100 bytes} [Fri Oct 10 12:21:40 2025] GET /identity/v3/domains/default => generated 199 bytes in 79 msecs (HTTP/1.1 200) 5 headers in 177 bytes (1 switches on core 0)
Oct 10 12:21:40 ubuntu devstack@keystone.service[81379]: DEBUG keystone.server.flask.request_processing.middleware.auth_context [None req-305f756a-e4cd-4b1e-bd12-0f3d69ab1e5b None admin] Authenticating user token {{(pid=81379) process_request /opt/stack/data/venv/lib/python3.10/site-packages/keystonemiddleware/auth_token/__init__.py:407}}
Oct 10 12:21:40 ubuntu devstack@keystone.service[81379]: DEBUG keystone.server.flask.request_processing.middleware.auth_context [None req-305f756a-e4cd-4b1e-bd12-0f3d69ab1e5b None admin] Validating token access rules against request {{(pid=81379) validate_allowed_request /opt/stack/data/venv/lib/python3.10/site-packages/keystonemiddleware/auth_token/__init__.py:545}}
Oct 10 12:21:40 ubuntu devstack@keystone.service[81379]: DEBUG keystone.server.flask.request_processing.middleware.auth_context [None req-088ce66e-9e27-45ae-936f-79870a83ee6d None admin] RBAC: auth_context: {'token': <TokenModel (audit_id=d66r7rfMQbeEUtb8aKtHbw, audit_chain_id=['d66r7rfMQbeEUtb8aKtHbw']) at 0x7f8c8e4a65c0>, 'domain_id': None, 'trust_id': None, 'trustor_id': None, 'trustee_id': None, 'domain_name': None, 'group_ids': [], 'user_id': '3e2875af054d4a3db3a285491dfe4a59', 'user_domain_id': 'default', 'system_scope': 'all', 'project_id': None, 'project_domain_id': None, 'roles': ['admin', 'manager', 'member', 'reader'], 'is_admin_project': True, 'service_user_id': None, 'service_user_domain_id': None, 'service_project_id': None, 'service_project_domain_id': None, 'service_roles': []} {{(pid=81379) fill_context /opt/stack/keystone/keystone/server/flask/request_processing/middleware/auth_context.py:509}}
Oct 10 12:21:40 ubuntu devstack@keystone.service[81379]: DEBUG keystone.server.flask.request_processing.req_logging [None req-088ce66e-9e27-45ae-936f-79870a83ee6d None admin] REQUEST_METHOD: `POST` {{(pid=81379) log_request_info /opt/stack/keystone/keystone/server/flask/request_processing/req_logging.py:26}}
Oct 10 12:21:40 ubuntu devstack@keystone.service[81379]: DEBUG keystone.server.flask.request_processing.req_logging [None req-088ce66e-9e27-45ae-936f-79870a83ee6d None admin] SCRIPT_NAME: `/identity` {{(pid=81379) log_request_info /opt/stack/keystone/keystone/server/flask/request_processing/req_logging.py:27}}
Oct 10 12:21:40 ubuntu devstack@keystone.service[81379]: DEBUG keystone.server.flask.request_processing.req_logging [None req-088ce66e-9e27-45ae-936f-79870a83ee6d None admin] PATH_INFO: `/v3/projects` {{(pid=81379) log_request_info /opt/stack/keystone/keystone/server/flask/request_processing/req_logging.py:28}}
Oct 10 12:21:40 ubuntu devstack@keystone.service[81379]: DEBUG keystone.common.rbac_enforcer.enforcer [None req-088ce66e-9e27-45ae-936f-79870a83ee6d None admin] RBAC: Authorizing `identity:create_project()` {{(pid=81379) enforce_call /opt/stack/keystone/keystone/common/rbac_enforcer/enforcer.py:494}}
Oct 10 12:21:40 ubuntu devstack@keystone.service[81379]: DEBUG keystone.common.rbac_enforcer.enforcer [None req-088ce66e-9e27-45ae-936f-79870a83ee6d None admin] RBAC: Authorization granted {{(pid=81379) enforce_call /opt/stack/keystone/keystone/common/rbac_enforcer/enforcer.py:505}}
Oct 10 12:21:40 ubuntu devstack@keystone.service[81379]: [pid: 81379|app: 0|req: 24/48] 10.201.5.82 () {60 vars in 1133 bytes} [Fri Oct 10 12:21:40 2025] POST /identity/v3/projects => generated 312 bytes in 75 msecs (HTTP/1.1 201) 5 headers in 182 bytes (2 switches on core 0)
Oct 10 12:21:42 ubuntu devstack@keystone.service[81378]: DEBUG keystone.server.flask.request_processing.req_logging [None req-36c532b7-1740-4747-ace9-06c44ef90afb None None] REQUEST_METHOD: `GET` {{(pid=81378) log_request_info /opt/stack/keystone/keystone/server/flask/request_processing/req_logging.py:26}}
Oct 10 12:21:42 ubuntu devstack@keystone.service[81378]: DEBUG keystone.server.flask.request_processing.req_logging [None req-36c532b7-1740-4747-ace9-06c44ef90afb None None] SCRIPT_NAME: `/identity` {{(pid=81378) log_request_info /opt/stack/keystone/keystone/server/flask/request_processing/req_logging.py:27}}
Oct 10 12:21:42 ubuntu devstack@keystone.service[81378]: DEBUG keystone.server.flask.request_processing.req_logging [None req-36c532b7-1740-4747-ace9-06c44ef90afb None None] PATH_INFO: `/` {{(pid=81378) log_request_info /opt/stack/keystone/keystone/server/flask/request_processing/req_logging.py:28}}
Oct 10 12:21:42 ubuntu devstack@keystone.service[81378]: [pid: 81378|app: 0|req: 25/49] 10.201.5.82 () {54 vars in 919 bytes} [Fri Oct 10 12:21:42 2025] GET /identity => generated 270 bytes in 2 msecs (HTTP/1.1 300) 6 headers in 234 bytes (1 switches on core 0)
Oct 10 12:21:42 ubuntu devstack@keystone.service[81379]: DEBUG keystone.server.flask.request_processing.req_logging [None req-9c34de04-9625-4385-803d-d2f31a3fdcc7 None None] REQUEST_METHOD: `POST` {{(pid=81379) log_request_info /opt/stack/keystone/keystone/server/flask/request_processing/req_logging.py:26}}
Oct 10 12:21:42 ubuntu devstack@keystone.service[81379]: DEBUG keystone.server.flask.request_processing.req_logging [None req-9c34de04-9625-4385-803d-d2f31a3fdcc7 None None] SCRIPT_NAME: `/identity` {{(pid=81379) log_request_info /opt/stack/keystone/keystone/server/flask/request_processing/req_logging.py:27}}
Oct 10 12:21:42 ubuntu devstack@keystone.service[81379]: DEBUG keystone.server.flask.request_processing.req_logging [None req-9c34de04-9625-4385-803d-d2f31a3fdcc7 None None] PATH_INFO: `/v3/auth/tokens` {{(pid=81379) log_request_info /opt/stack/keystone/keystone/server/flask/request_processing/req_logging.py:28}}
Oct 10 12:21:42 ubuntu devstack@keystone.service[81379]: WARNING keystone.common.password_hashing [None req-9c34de04-9625-4385-803d-d2f31a3fdcc7 None None] Truncating password to algorithm specific maximum length 72 characters.
Oct 10 12:21:42 ubuntu devstack@keystone.service[81379]: DEBUG keystone.auth.core [None req-9c34de04-9625-4385-803d-d2f31a3fdcc7 None None] MFA Rules not processed for user `3e2875af054d4a3db3a285491dfe4a59`. Rule list: `[]` (Enabled: `True`). {{(pid=81379) check_auth_methods_against_rules /opt/stack/keystone/keystone/auth/core.py:476}}
Oct 10 12:21:42 ubuntu devstack@keystone.service[81379]: DEBUG keystone.common.fernet_utils [None req-9c34de04-9625-4385-803d-d2f31a3fdcc7 None None] Loaded 2 Fernet keys from /etc/keystone/fernet-keys/, but `[fernet_tokens] max_active_keys = 3`; perhaps there have not been enough key rotations to reach `max_active_keys` yet? {{(pid=81379) load_keys /opt/stack/keystone/keystone/common/fernet_utils.py:297}}
Oct 10 12:21:42 ubuntu devstack@keystone.service[81379]: [pid: 81379|app: 0|req: 25/50] 10.201.5.82 () {58 vars in 1016 bytes} [Fri Oct 10 12:21:42 2025] POST /identity/v3/auth/tokens => generated 862 bytes in 71 msecs (HTTP/1.1 201) 6 headers in 363 bytes (1 switches on core 0)
Oct 10 12:21:42 ubuntu devstack@keystone.service[81378]: DEBUG keystone.server.flask.request_processing.middleware.auth_context [None req-36c532b7-1740-4747-ace9-06c44ef90afb None None] Authenticating user token {{(pid=81378) process_request /opt/stack/data/venv/lib/python3.10/site-packages/keystonemiddleware/auth_token/__init__.py:407}}
Oct 10 12:21:42 ubuntu devstack@keystone.service[81378]: DEBUG keystone.server.flask.request_processing.middleware.auth_context [None req-36c532b7-1740-4747-ace9-06c44ef90afb None None] Validating token access rules against request {{(pid=81378) validate_allowed_request /opt/stack/data/venv/lib/python3.10/site-packages/keystonemiddleware/auth_token/__init__.py:545}}
Oct 10 12:21:42 ubuntu devstack@keystone.service[81378]: DEBUG keystone.server.flask.request_processing.middleware.auth_context [None req-a6a1891a-dea9-4633-a294-fffded5a9976 None admin] RBAC: auth_context: {'token': <TokenModel (audit_id=76g-bo0zSiqi2_EiJWlHeQ, audit_chain_id=['76g-bo0zSiqi2_EiJWlHeQ']) at 0x7f8c8f114730>, 'domain_id': None, 'trust_id': None, 'trustor_id': None, 'trustee_id': None, 'domain_name': None, 'group_ids': [], 'user_id': '3e2875af054d4a3db3a285491dfe4a59', 'user_domain_id': 'default', 'system_scope': 'all', 'project_id': None, 'project_domain_id': None, 'roles': ['admin', 'manager', 'member', 'reader'], 'is_admin_project': True, 'service_user_id': None, 'service_user_domain_id': None, 'service_project_id': None, 'service_project_domain_id': None, 'service_roles': []} {{(pid=81378) fill_context /opt/stack/keystone/keystone/server/flask/request_processing/middleware/auth_context.py:509}}
Oct 10 12:21:42 ubuntu devstack@keystone.service[81378]: DEBUG keystone.server.flask.request_processing.req_logging [None req-a6a1891a-dea9-4633-a294-fffded5a9976 None admin] REQUEST_METHOD: `GET` {{(pid=81378) log_request_info /opt/stack/keystone/keystone/server/flask/request_processing/req_logging.py:26}}
Oct 10 12:21:42 ubuntu devstack@keystone.service[81378]: DEBUG keystone.server.flask.request_processing.req_logging [None req-a6a1891a-dea9-4633-a294-fffded5a9976 None admin] SCRIPT_NAME: `/identity` {{(pid=81378) log_request_info /opt/stack/keystone/keystone/server/flask/request_processing/req_logging.py:27}}
Oct 10 12:21:42 ubuntu devstack@keystone.service[81378]: DEBUG keystone.server.flask.request_processing.req_logging [None req-a6a1891a-dea9-4633-a294-fffded5a9976 None admin] PATH_INFO: `/v3/domains/default` {{(pid=81378) log_request_info /opt/stack/keystone/keystone/server/flask/request_processing/req_logging.py:28}}
Oct 10 12:21:42 ubuntu devstack@keystone.service[81378]: DEBUG keystone.common.rbac_enforcer.enforcer [None req-a6a1891a-dea9-4633-a294-fffded5a9976 None admin] RBAC: Authorizing `identity:get_domain(domain_id=default)` {{(pid=81378) enforce_call /opt/stack/keystone/keystone/common/rbac_enforcer/enforcer.py:494}}
