Nov 19 05:20:04 ubuntu devstack@keystone.service[69077]: DEBUG keystone.server.flask.common [-] Adding resource routes to API users: ['/users/<string:user_id>/application_credentials/<string:application_credential_id>' {}] {{(pid=69077) _add_mapped_resources /opt/stack/keystone/keystone/server/flask/common.py:483}}
Nov 19 05:20:04 ubuntu devstack@keystone.service[69076]: DEBUG keystone.server.flask.common [-] Adding resource routes to API users: ['/users/<string:user_id>/OS-OAUTH1/access_tokens/<string:access_token_id>/roles/<string:role_id>' {}] {{(pid=69076) _add_mapped_resources /opt/stack/keystone/keystone/server/flask/common.py:483}}
Nov 19 05:20:04 ubuntu devstack@keystone.service[69076]: DEBUG keystone.server.flask.common [-] Adding resource routes to API users: ['/users/<string:user_id>/application_credentials' {}] {{(pid=69076) _add_mapped_resources /opt/stack/keystone/keystone/server/flask/common.py:483}}
Nov 19 05:20:04 ubuntu devstack@keystone.service[69077]: DEBUG keystone.server.flask.common [-] Adding resource routes to API users: ['/users/<string:user_id>/access_rules' {}] {{(pid=69077) _add_mapped_resources /opt/stack/keystone/keystone/server/flask/common.py:483}}
Nov 19 05:20:04 ubuntu devstack@keystone.service[69077]: DEBUG keystone.server.flask.common [-] Adding resource routes to API users: ['/users/<string:user_id>/access_rules/<string:access_rule_id>' {}] {{(pid=69077) _add_mapped_resources /opt/stack/keystone/keystone/server/flask/common.py:483}}
Nov 19 05:20:04 ubuntu devstack@keystone.service[69076]: DEBUG keystone.server.flask.common [-] Adding resource routes to API users: ['/users/<string:user_id>/application_credentials/<string:application_credential_id>' {}] {{(pid=69076) _add_mapped_resources /opt/stack/keystone/keystone/server/flask/common.py:483}}
Nov 19 05:20:04 ubuntu devstack@keystone.service[69076]: DEBUG keystone.server.flask.common [-] Adding resource routes to API users: ['/users/<string:user_id>/access_rules' {}] {{(pid=69076) _add_mapped_resources /opt/stack/keystone/keystone/server/flask/common.py:483}}
Nov 19 05:20:04 ubuntu devstack@keystone.service[69076]: DEBUG keystone.server.flask.common [-] Adding resource routes to API users: ['/users/<string:user_id>/access_rules/<string:access_rule_id>' {}] {{(pid=69076) _add_mapped_resources /opt/stack/keystone/keystone/server/flask/common.py:483}}
Nov 19 05:20:04 ubuntu devstack@keystone.service[69077]: WSGI app 0 (mountpoint='') ready in 2 seconds on interpreter 0x55fe20701d70 pid: 69077 (default app)
Nov 19 05:20:04 ubuntu devstack@keystone.service[69076]: WSGI app 0 (mountpoint='') ready in 2 seconds on interpreter 0x55fe20701d70 pid: 69076 (default app)
Nov 19 05:20:04 ubuntu devstack@keystone.service[69077]: DEBUG keystone.server.flask.request_processing.req_logging [None req-95a137b4-4eba-4256-86c1-8abcddf2ff33 None None] REQUEST_METHOD: `GET` {{(pid=69077) log_request_info /opt/stack/keystone/keystone/server/flask/request_processing/req_logging.py:26}}
Nov 19 05:20:04 ubuntu devstack@keystone.service[69077]: DEBUG keystone.server.flask.request_processing.req_logging [None req-95a137b4-4eba-4256-86c1-8abcddf2ff33 None None] SCRIPT_NAME: `/identity` {{(pid=69077) log_request_info /opt/stack/keystone/keystone/server/flask/request_processing/req_logging.py:27}}
Nov 19 05:20:04 ubuntu devstack@keystone.service[69077]: DEBUG keystone.server.flask.request_processing.req_logging [None req-95a137b4-4eba-4256-86c1-8abcddf2ff33 None None] PATH_INFO: `/v3` {{(pid=69077) log_request_info /opt/stack/keystone/keystone/server/flask/request_processing/req_logging.py:28}}
Nov 19 05:20:04 ubuntu devstack@keystone.service[69077]: [pid: 69077|app: 0|req: 1/1] 10.201.5.82 () {50 vars in 791 bytes} [Tue Nov 19 05:20:04 2024] GET /identity/v3/ => generated 255 bytes in 2 msecs (HTTP/1.1 200) 5 headers in 177 bytes (1 switches on core 0)
Nov 19 05:20:09 ubuntu devstack@keystone.service[69076]: DEBUG keystone.server.flask.request_processing.req_logging [None req-1c221fd8-e979-45f7-b38d-2d247f36f96c None None] REQUEST_METHOD: `GET` {{(pid=69076) log_request_info /opt/stack/keystone/keystone/server/flask/request_processing/req_logging.py:26}}
Nov 19 05:20:09 ubuntu devstack@keystone.service[69076]: DEBUG keystone.server.flask.request_processing.req_logging [None req-1c221fd8-e979-45f7-b38d-2d247f36f96c None None] SCRIPT_NAME: `/identity` {{(pid=69076) log_request_info /opt/stack/keystone/keystone/server/flask/request_processing/req_logging.py:27}}
Nov 19 05:20:09 ubuntu devstack@keystone.service[69076]: DEBUG keystone.server.flask.request_processing.req_logging [None req-1c221fd8-e979-45f7-b38d-2d247f36f96c None None] PATH_INFO: `/` {{(pid=69076) log_request_info /opt/stack/keystone/keystone/server/flask/request_processing/req_logging.py:28}}
Nov 19 05:20:09 ubuntu devstack@keystone.service[69076]: [pid: 69076|app: 0|req: 1/2] 10.201.5.82 () {54 vars in 926 bytes} [Tue Nov 19 05:20:09 2024] GET /identity => generated 270 bytes in 3 msecs (HTTP/1.1 300) 6 headers in 234 bytes (1 switches on core 0)
Nov 19 05:20:09 ubuntu devstack@keystone.service[69077]: DEBUG keystone.server.flask.request_processing.req_logging [None req-19f15146-65a9-4239-8728-06b2b5769b0a None None] REQUEST_METHOD: `POST` {{(pid=69077) log_request_info /opt/stack/keystone/keystone/server/flask/request_processing/req_logging.py:26}}
Nov 19 05:20:09 ubuntu devstack@keystone.service[69077]: DEBUG keystone.server.flask.request_processing.req_logging [None req-19f15146-65a9-4239-8728-06b2b5769b0a None None] SCRIPT_NAME: `/identity` {{(pid=69077) log_request_info /opt/stack/keystone/keystone/server/flask/request_processing/req_logging.py:27}}
Nov 19 05:20:09 ubuntu devstack@keystone.service[69077]: DEBUG keystone.server.flask.request_processing.req_logging [None req-19f15146-65a9-4239-8728-06b2b5769b0a None None] PATH_INFO: `/v3/auth/tokens` {{(pid=69077) log_request_info /opt/stack/keystone/keystone/server/flask/request_processing/req_logging.py:28}}
Nov 19 05:20:09 ubuntu devstack@keystone.service[69077]: INFO dbcounter [None req-19f15146-65a9-4239-8728-06b2b5769b0a None None] Registered counter for database keystone
Nov 19 05:20:09 ubuntu devstack@keystone.service[69077]: DEBUG oslo_db.sqlalchemy.engines [None req-19f15146-65a9-4239-8728-06b2b5769b0a None None] MySQL server mode set to STRICT_TRANS_TABLES,STRICT_ALL_TABLES,NO_ZERO_IN_DATE,NO_ZERO_DATE,ERROR_FOR_DIVISION_BY_ZERO,TRADITIONAL,NO_ENGINE_SUBSTITUTION {{(pid=69077) _check_effective_sql_mode /opt/stack/data/venv/lib/python3.10/site-packages/oslo_db/sqlalchemy/engines.py:342}}
Nov 19 05:20:09 ubuntu devstack@keystone.service[69077]: DEBUG dbcounter [-] [69077] Writer thread running {{(pid=69077) stat_writer /opt/stack/data/venv/lib/python3.10/site-packages/dbcounter.py:102}}
Nov 19 05:20:09 ubuntu devstack@keystone.service[69077]: WARNING keystone.common.password_hashing [None req-19f15146-65a9-4239-8728-06b2b5769b0a None None] Truncating password to algorithm specific maximum length 72 characters.
Nov 19 05:20:09 ubuntu devstack@keystone.service[69077]: DEBUG keystone.auth.core [None req-19f15146-65a9-4239-8728-06b2b5769b0a None None] MFA Rules not processed for user `50b138eb86494ce1bc22f3a5c6135f69`. Rule list: `[]` (Enabled: `True`). {{(pid=69077) check_auth_methods_against_rules /opt/stack/keystone/keystone/auth/core.py:476}}
Nov 19 05:20:09 ubuntu devstack@keystone.service[69077]: DEBUG keystone.common.fernet_utils [None req-19f15146-65a9-4239-8728-06b2b5769b0a None None] Loaded 2 Fernet keys from /etc/keystone/fernet-keys/, but `[fernet_tokens] max_active_keys = 3`; perhaps there have not been enough key rotations to reach `max_active_keys` yet? {{(pid=69077) load_keys /opt/stack/keystone/keystone/common/fernet_utils.py:297}}
Nov 19 05:20:09 ubuntu devstack@keystone.service[69077]: [pid: 69077|app: 0|req: 2/3] 10.201.5.82 () {58 vars in 1023 bytes} [Tue Nov 19 05:20:09 2024] POST /identity/v3/auth/tokens => generated 977 bytes in 238 msecs (HTTP/1.1 201) 6 headers in 384 bytes (1 switches on core 0)
Nov 19 05:20:09 ubuntu devstack@keystone.service[69076]: DEBUG keystone.server.flask.request_processing.middleware.auth_context [None req-1c221fd8-e979-45f7-b38d-2d247f36f96c None None] Authenticating user token {{(pid=69076) process_request /opt/stack/data/venv/lib/python3.10/site-packages/keystonemiddleware/auth_token/__init__.py:406}}
Nov 19 05:20:09 ubuntu devstack@keystone.service[69076]: INFO dbcounter [None req-1c221fd8-e979-45f7-b38d-2d247f36f96c None None] Registered counter for database keystone
Nov 19 05:20:09 ubuntu devstack@keystone.service[69076]: DEBUG oslo_db.sqlalchemy.engines [None req-1c221fd8-e979-45f7-b38d-2d247f36f96c None None] MySQL server mode set to STRICT_TRANS_TABLES,STRICT_ALL_TABLES,NO_ZERO_IN_DATE,NO_ZERO_DATE,ERROR_FOR_DIVISION_BY_ZERO,TRADITIONAL,NO_ENGINE_SUBSTITUTION {{(pid=69076) _check_effective_sql_mode /opt/stack/data/venv/lib/python3.10/site-packages/oslo_db/sqlalchemy/engines.py:342}}
Nov 19 05:20:09 ubuntu devstack@keystone.service[69076]: DEBUG dbcounter [-] [69076] Writer thread running {{(pid=69076) stat_writer /opt/stack/data/venv/lib/python3.10/site-packages/dbcounter.py:102}}
Nov 19 05:20:09 ubuntu devstack@keystone.service[69076]: DEBUG keystone.server.flask.request_processing.middleware.auth_context [None req-1c221fd8-e979-45f7-b38d-2d247f36f96c None None] Validating token access rules against request {{(pid=69076) validate_allowed_request /opt/stack/data/venv/lib/python3.10/site-packages/keystonemiddleware/auth_token/__init__.py:544}}
Nov 19 05:20:09 ubuntu devstack@keystone.service[69076]: DEBUG keystone.server.flask.request_processing.middleware.auth_context [None req-e9696bbb-394b-480e-8ba7-7e88011586a7 admin admin] RBAC: auth_context: {'token': <TokenModel (audit_id=uOeA1NrATkGHAucCK4tROQ, audit_chain_id=['uOeA1NrATkGHAucCK4tROQ']) at 0x7fc94ce63400>, 'domain_id': None, 'trust_id': None, 'trustor_id': None, 'trustee_id': None, 'domain_name': None, 'group_ids': [], 'user_id': '50b138eb86494ce1bc22f3a5c6135f69', 'user_domain_id': 'default', 'system_scope': None, 'project_id': '2810c341fb59403c9b6439e61cc683d7', 'project_domain_id': 'default', 'roles': ['member', 'reader', 'admin', 'manager'], 'is_admin_project': True, 'service_user_id': None, 'service_user_domain_id': None, 'service_project_id': None, 'service_project_domain_id': None, 'service_roles': []} {{(pid=69076) fill_context /opt/stack/keystone/keystone/server/flask/request_processing/middleware/auth_context.py:506}}
Nov 19 05:20:09 ubuntu devstack@keystone.service[69076]: DEBUG keystone.server.flask.request_processing.req_logging [None req-e9696bbb-394b-480e-8ba7-7e88011586a7 admin admin] REQUEST_METHOD: `GET` {{(pid=69076) log_request_info /opt/stack/keystone/keystone/server/flask/request_processing/req_logging.py:26}}
Nov 19 05:20:09 ubuntu devstack@keystone.service[69076]: DEBUG keystone.server.flask.request_processing.req_logging [None req-e9696bbb-394b-480e-8ba7-7e88011586a7 admin admin] SCRIPT_NAME: `/identity` {{(pid=69076) log_request_info /opt/stack/keystone/keystone/server/flask/request_processing/req_logging.py:27}}
Nov 19 05:20:09 ubuntu devstack@keystone.service[69076]: DEBUG keystone.server.flask.request_processing.req_logging [None req-e9696bbb-394b-480e-8ba7-7e88011586a7 admin admin] PATH_INFO: `/v3/auth/tokens` {{(pid=69076) log_request_info /opt/stack/keystone/keystone/server/flask/request_processing/req_logging.py:28}}
Nov 19 05:20:09 ubuntu devstack@keystone.service[69076]: DEBUG keystone.common.rbac_enforcer.enforcer [None req-e9696bbb-394b-480e-8ba7-7e88011586a7 admin admin] RBAC: Authorizing `identity:validate_token()` {{(pid=69076) enforce_call /opt/stack/keystone/keystone/common/rbac_enforcer/enforcer.py:503}}
Nov 19 05:20:09 ubuntu devstack@keystone.service[69076]: WARNING keystone.common.rbac_enforcer.enforcer [None req-e9696bbb-394b-480e-8ba7-7e88011586a7 admin admin] Deprecated policy rules found. Use oslopolicy-policy-generator and oslopolicy-policy-upgrade to detect and resolve deprecated policies in your configuration.
Nov 19 05:20:09 ubuntu devstack@keystone.service[69076]: DEBUG keystone.common.rbac_enforcer.enforcer [None req-e9696bbb-394b-480e-8ba7-7e88011586a7 admin admin] RBAC: Authorization granted {{(pid=69076) enforce_call /opt/stack/keystone/keystone/common/rbac_enforcer/enforcer.py:514}}
Nov 19 05:20:09 ubuntu devstack@keystone.service[69076]: [pid: 69076|app: 0|req: 2/4] 10.201.5.82 () {58 vars in 1324 bytes} [Tue Nov 19 05:20:09 2024] GET /identity/v3/auth/tokens => generated 977 bytes in 148 msecs (HTTP/1.1 200) 6 headers in 379 bytes (1 switches on core 0)
Nov 19 05:20:09 ubuntu devstack@keystone.service[69077]: DEBUG keystone.server.flask.request_processing.middleware.auth_context [None req-19f15146-65a9-4239-8728-06b2b5769b0a None None] Authenticating user token {{(pid=69077) process_request /opt/stack/data/venv/lib/python3.10/site-packages/keystonemiddleware/auth_token/__init__.py:406}}
Nov 19 05:20:09 ubuntu devstack@keystone.service[69077]: DEBUG keystone.server.flask.request_processing.middleware.auth_context [None req-19f15146-65a9-4239-8728-06b2b5769b0a None None] Validating token access rules against request {{(pid=69077) validate_allowed_request /opt/stack/data/venv/lib/python3.10/site-packages/keystonemiddleware/auth_token/__init__.py:544}}
Nov 19 05:20:09 ubuntu devstack@keystone.service[69077]: DEBUG keystone.server.flask.request_processing.middleware.auth_context [None req-7fb98e22-e67b-4052-82ce-57bea56e4973 admin admin] RBAC: auth_context: {'token': <TokenModel (audit_id=uOeA1NrATkGHAucCK4tROQ, audit_chain_id=['uOeA1NrATkGHAucCK4tROQ']) at 0x7fc94ce5b1c0>, 'domain_id': None, 'trust_id': None, 'trustor_id': None, 'trustee_id': None, 'domain_name': None, 'group_ids': [], 'user_id': '50b138eb86494ce1bc22f3a5c6135f69', 'user_domain_id': 'default', 'system_scope': None, 'project_id': '2810c341fb59403c9b6439e61cc683d7', 'project_domain_id': 'default', 'roles': ['member', 'reader', 'admin', 'manager'], 'is_admin_project': True, 'service_user_id': None, 'service_user_domain_id': None, 'service_project_id': None, 'service_project_domain_id': None, 'service_roles': []} {{(pid=69077) fill_context /opt/stack/keystone/keystone/server/flask/request_processing/middleware/auth_context.py:506}}
Nov 19 05:20:09 ubuntu devstack@keystone.service[69077]: DEBUG keystone.server.flask.request_processing.req_logging [None req-7fb98e22-e67b-4052-82ce-57bea56e4973 admin admin] REQUEST_METHOD: `GET` {{(pid=69077) log_request_info /opt/stack/keystone/keystone/server/flask/request_processing/req_logging.py:26}}
Nov 19 05:20:09 ubuntu devstack@keystone.service[69077]: DEBUG keystone.server.flask.request_processing.req_logging [None req-7fb98e22-e67b-4052-82ce-57bea56e4973 admin admin] SCRIPT_NAME: `/identity` {{(pid=69077) log_request_info /opt/stack/keystone/keystone/server/flask/request_processing/req_logging.py:27}}
Nov 19 05:20:09 ubuntu devstack@keystone.service[69077]: DEBUG keystone.server.flask.request_processing.req_logging [None req-7fb98e22-e67b-4052-82ce-57bea56e4973 admin admin] PATH_INFO: `/v3/projects/2810c341fb59403c9b6439e61cc683d7` {{(pid=69077) log_request_info /opt/stack/keystone/keystone/server/flask/request_processing/req_logging.py:28}}
Nov 19 05:20:09 ubuntu devstack@keystone.service[69077]: DEBUG keystone.common.rbac_enforcer.enforcer [None req-7fb98e22-e67b-4052-82ce-57bea56e4973 admin admin] RBAC: Authorizing `identity:get_project(project_id=2810c341fb59403c9b6439e61cc683d7)` {{(pid=69077) enforce_call /opt/stack/keystone/keystone/common/rbac_enforcer/enforcer.py:503}}
Nov 19 05:20:09 ubuntu devstack@keystone.service[69077]: WARNING keystone.common.rbac_enforcer.enforcer [None req-7fb98e22-e67b-4052-82ce-57bea56e4973 admin admin] Deprecated policy rules found. Use oslopolicy-policy-generator and oslopolicy-policy-upgrade to detect and resolve deprecated policies in your configuration.
Nov 19 05:20:09 ubuntu devstack@keystone.service[69077]: DEBUG keystone.common.rbac_enforcer.enforcer [None req-7fb98e22-e67b-4052-82ce-57bea56e4973 admin admin] RBAC: Authorization granted {{(pid=69077) enforce_call /opt/stack/keystone/keystone/common/rbac_enforcer/enforcer.py:514}}
Nov 19 05:20:09 ubuntu devstack@keystone.service[69077]: [pid: 69077|app: 0|req: 3/5] 10.201.5.82 () {56 vars in 1207 bytes} [Tue Nov 19 05:20:09 2024] GET /identity/v3/projects/2810c341fb59403c9b6439e61cc683d7 => generated 344 bytes in 36 msecs (HTTP/1.1 200) 5 headers in 177 bytes (1 switches on core 0)
Nov 19 05:20:10 ubuntu devstack@keystone.service[69076]: DEBUG keystone.server.flask.request_processing.req_logging [None req-54a3535e-b7f7-4a88-aac0-14cee91d0b65 None None] REQUEST_METHOD: `GET` {{(pid=69076) log_request_info /opt/stack/keystone/keystone/server/flask/request_processing/req_logging.py:26}}
Nov 19 05:20:10 ubuntu devstack@keystone.service[69076]: DEBUG keystone.server.flask.request_processing.req_logging [None req-54a3535e-b7f7-4a88-aac0-14cee91d0b65 None None] SCRIPT_NAME: `/identity` {{(pid=69076) log_request_info /opt/stack/keystone/keystone/server/flask/request_processing/req_logging.py:27}}
Nov 19 05:20:10 ubuntu devstack@keystone.service[69076]: DEBUG keystone.server.flask.request_processing.req_logging [None req-54a3535e-b7f7-4a88-aac0-14cee91d0b65 None None] PATH_INFO: `/` {{(pid=69076) log_request_info /opt/stack/keystone/keystone/server/flask/request_processing/req_logging.py:28}}
Nov 19 05:20:10 ubuntu devstack@keystone.service[69076]: [pid: 69076|app: 0|req: 3/6] 10.201.5.82 () {54 vars in 926 bytes} [Tue Nov 19 05:20:10 2024] GET /identity => generated 270 bytes in 2 msecs (HTTP/1.1 300) 6 headers in 234 bytes (1 switches on core 0)
Nov 19 05:20:10 ubuntu devstack@keystone.service[69077]: DEBUG keystone.server.flask.request_processing.req_logging [None req-b5352bd3-8b6c-4f29-9e31-aa5c048e3cef None None] REQUEST_METHOD: `POST` {{(pid=69077) log_request_info /opt/stack/keystone/keystone/server/flask/request_processing/req_logging.py:26}}
Nov 19 05:20:10 ubuntu devstack@keystone.service[69077]: DEBUG keystone.server.flask.request_processing.req_logging [None req-b5352bd3-8b6c-4f29-9e31-aa5c048e3cef None None] SCRIPT_NAME: `/identity` {{(pid=69077) log_request_info /opt/stack/keystone/keystone/server/flask/request_processing/req_logging.py:27}}
Nov 19 05:20:10 ubuntu devstack@keystone.service[69077]: DEBUG keystone.server.flask.request_processing.req_logging [None req-b5352bd3-8b6c-4f29-9e31-aa5c048e3cef None None] PATH_INFO: `/v3/auth/tokens` {{(pid=69077) log_request_info /opt/stack/keystone/keystone/server/flask/request_processing/req_logging.py:28}}
Nov 19 05:20:10 ubuntu devstack@keystone.service[69077]: WARNING keystone.common.password_hashing [None req-b5352bd3-8b6c-4f29-9e31-aa5c048e3cef None None] Truncating password to algorithm specific maximum length 72 characters.
Nov 19 05:20:10 ubuntu devstack@keystone.service[69077]: DEBUG keystone.auth.core [None req-b5352bd3-8b6c-4f29-9e31-aa5c048e3cef None None] MFA Rules not processed for user `50b138eb86494ce1bc22f3a5c6135f69`. Rule list: `[]` (Enabled: `True`). {{(pid=69077) check_auth_methods_against_rules /opt/stack/keystone/keystone/auth/core.py:476}}
Nov 19 05:20:10 ubuntu devstack@keystone.service[69077]: DEBUG keystone.common.fernet_utils [None req-b5352bd3-8b6c-4f29-9e31-aa5c048e3cef None None] Loaded 2 Fernet keys from /etc/keystone/fernet-keys/, but `[fernet_tokens] max_active_keys = 3`; perhaps there have not been enough key rotations to reach `max_active_keys` yet? {{(pid=69077) load_keys /opt/stack/keystone/keystone/common/fernet_utils.py:297}}
Nov 19 05:20:10 ubuntu devstack@keystone.service[69077]: [pid: 69077|app: 0|req: 4/7] 10.201.5.82 () {58 vars in 1023 bytes} [Tue Nov 19 05:20:10 2024] POST /identity/v3/auth/tokens => generated 977 bytes in 37 msecs (HTTP/1.1 201) 6 headers in 384 bytes (1 switches on core 0)
Nov 19 05:20:10 ubuntu devstack@keystone.service[69076]: DEBUG keystone.server.flask.request_processing.middleware.auth_context [None req-54a3535e-b7f7-4a88-aac0-14cee91d0b65 None None] Authenticating user token {{(pid=69076) process_request /opt/stack/data/venv/lib/python3.10/site-packages/keystonemiddleware/auth_token/__init__.py:406}}
Nov 19 05:20:10 ubuntu devstack@keystone.service[69076]: DEBUG keystone.server.flask.request_processing.middleware.auth_context [None req-54a3535e-b7f7-4a88-aac0-14cee91d0b65 None None] Validating token access rules against request {{(pid=69076) validate_allowed_request /opt/stack/data/venv/lib/python3.10/site-packages/keystonemiddleware/auth_token/__init__.py:544}}
Nov 19 05:20:10 ubuntu devstack@keystone.service[69076]: DEBUG keystone.server.flask.request_processing.middleware.auth_context [None req-b44b831b-0996-466b-8b28-645819caa1e1 admin admin] RBAC: auth_context: {'token': <TokenModel (audit_id=3ChyanrOR3eG8Tm8YCTaTQ, audit_chain_id=['3ChyanrOR3eG8Tm8YCTaTQ']) at 0x7fc94c1d4a30>, 'domain_id': None, 'trust_id': None, 'trustor_id': None, 'trustee_id': None, 'domain_name': None, 'group_ids': [], 'user_id': '50b138eb86494ce1bc22f3a5c6135f69', 'user_domain_id': 'default', 'system_scope': None, 'project_id': '2810c341fb59403c9b6439e61cc683d7', 'project_domain_id': 'default', 'roles': ['member', 'reader', 'admin', 'manager'], 'is_admin_project': True, 'service_user_id': None, 'service_user_domain_id': None, 'service_project_id': None, 'service_project_domain_id': None, 'service_roles': []} {{(pid=69076) fill_context /opt/stack/keystone/keystone/server/flask/request_processing/middleware/auth_context.py:506}}
Nov 19 05:20:10 ubuntu devstack@keystone.service[69076]: DEBUG keystone.server.flask.request_processing.req_logging [None req-b44b831b-0996-466b-8b28-645819caa1e1 admin admin] REQUEST_METHOD: `GET` {{(pid=69076) log_request_info /opt/stack/keystone/keystone/server/flask/request_processing/req_logging.py:26}}
Nov 19 05:20:10 ubuntu devstack@keystone.service[69076]: DEBUG keystone.server.flask.request_processing.req_logging [None req-b44b831b-0996-466b-8b28-645819caa1e1 admin admin] SCRIPT_NAME: `/identity` {{(pid=69076) log_request_info /opt/stack/keystone/keystone/server/flask/request_processing/req_logging.py:27}}
Nov 19 05:20:10 ubuntu devstack@keystone.service[69076]: DEBUG keystone.server.flask.request_processing.req_logging [None req-b44b831b-0996-466b-8b28-645819caa1e1 admin admin] PATH_INFO: `/v3/users/admin` {{(pid=69076) log_request_info /opt/stack/keystone/keystone/server/flask/request_processing/req_logging.py:28}}
Nov 19 05:20:10 ubuntu devstack@keystone.service[69076]: DEBUG keystone.common.rbac_enforcer.enforcer [None req-b44b831b-0996-466b-8b28-645819caa1e1 admin admin] RBAC: Authorizing `identity:get_user(user_id=admin)` {{(pid=69076) enforce_call /opt/stack/keystone/keystone/common/rbac_enforcer/enforcer.py:503}}
Nov 19 05:20:10 ubuntu devstack@keystone.service[69076]: DEBUG keystone.common.rbac_enforcer.enforcer [None req-b44b831b-0996-466b-8b28-645819caa1e1 admin admin] RBAC: Authorization granted {{(pid=69076) enforce_call /opt/stack/keystone/keystone/common/rbac_enforcer/enforcer.py:514}}
Nov 19 05:20:10 ubuntu devstack@keystone.service[69076]: DEBUG keystone.server.flask.application [None req-b44b831b-0996-466b-8b28-645819caa1e1 admin admin] Could not find user: admin. {{(pid=69076) _handle_keystone_exception /opt/stack/keystone/keystone/server/flask/application.py:152}}
Nov 19 05:20:10 ubuntu devstack@keystone.service[69076]: [pid: 69076|app: 0|req: 4/8] 10.201.5.82 () {56 vars in 1160 bytes} [Tue Nov 19 05:20:10 2024] GET /identity/v3/users/admin => generated 83 bytes in 41 msecs (HTTP/1.1 404) 5 headers in 183 bytes (1 switches on core 0)
Nov 19 05:20:10 ubuntu devstack@keystone.service[69077]: DEBUG keystone.server.flask.request_processing.middleware.auth_context [None req-b5352bd3-8b6c-4f29-9e31-aa5c048e3cef None None] Authenticating user token {{(pid=69077) process_request /opt/stack/data/venv/lib/python3.10/site-packages/keystonemiddleware/auth_token/__init__.py:406}}
Nov 19 05:20:10 ubuntu devstack@keystone.service[69077]: DEBUG keystone.server.flask.request_processing.middleware.auth_context [None req-b5352bd3-8b6c-4f29-9e31-aa5c048e3cef None None] Validating token access rules against request {{(pid=69077) validate_allowed_request /opt/stack/data/venv/lib/python3.10/site-packages/keystonemiddleware/auth_token/__init__.py:544}}
Nov 19 05:20:10 ubuntu devstack@keystone.service[69077]: DEBUG keystone.server.flask.request_processing.middleware.auth_context [None req-2592e3a0-ca11-4805-a40e-e7e12e1e0ab7 admin admin] RBAC: auth_context: {'token': <TokenModel (audit_id=3ChyanrOR3eG8Tm8YCTaTQ, audit_chain_id=['3ChyanrOR3eG8Tm8YCTaTQ']) at 0x7fc94c15d000>, 'domain_id': None, 'trust_id': None, 'trustor_id': None, 'trustee_id': None, 'domain_name': None, 'group_ids': [], 'user_id': '50b138eb86494ce1bc22f3a5c6135f69', 'user_domain_id': 'default', 'system_scope': None, 'project_id': '2810c341fb59403c9b6439e61cc683d7', 'project_domain_id': 'default', 'roles': ['member', 'reader', 'admin', 'manager'], 'is_admin_project': True, 'service_user_id': None, 'service_user_domain_id': None, 'service_project_id': None, 'service_project_domain_id': None, 'service_roles': []} {{(pid=69077) fill_context /opt/stack/keystone/keystone/server/flask/request_processing/middleware/auth_context.py:506}}
Nov 19 05:20:10 ubuntu devstack@keystone.service[69077]: DEBUG keystone.server.flask.request_processing.req_logging [None req-2592e3a0-ca11-4805-a40e-e7e12e1e0ab7 admin admin] REQUEST_METHOD: `GET` {{(pid=69077) log_request_info /opt/stack/keystone/keystone/server/flask/request_processing/req_logging.py:26}}
Nov 19 05:20:10 ubuntu devstack@keystone.service[69077]: DEBUG keystone.server.flask.request_processing.req_logging [None req-2592e3a0-ca11-4805-a40e-e7e12e1e0ab7 admin admin] SCRIPT_NAME: `/identity` {{(pid=69077) log_request_info /opt/stack/keystone/keystone/server/flask/request_processing/req_logging.py:27}}
Nov 19 05:20:10 ubuntu devstack@keystone.service[69077]: DEBUG keystone.server.flask.request_processing.req_logging [None req-2592e3a0-ca11-4805-a40e-e7e12e1e0ab7 admin admin] PATH_INFO: `/v3/users` {{(pid=69077) log_request_info /opt/stack/keystone/keystone/server/flask/request_processing/req_logging.py:28}}
Nov 19 05:20:10 ubuntu devstack@keystone.service[69077]: DEBUG keystone.common.rbac_enforcer.enforcer [None req-2592e3a0-ca11-4805-a40e-e7e12e1e0ab7 admin admin] RBAC: Adding query filter params (name=admin) {{(pid=69077) _extract_filter_values /opt/stack/keystone/keystone/common/rbac_enforcer/enforcer.py:184}}
Nov 19 05:20:10 ubuntu devstack@keystone.service[69077]: DEBUG keystone.common.rbac_enforcer.enforcer [None req-2592e3a0-ca11-4805-a40e-e7e12e1e0ab7 admin admin] RBAC: Authorizing `identity:list_users()` {{(pid=69077) enforce_call /opt/stack/keystone/keystone/common/rbac_enforcer/enforcer.py:503}}
Nov 19 05:20:10 ubuntu devstack@keystone.service[69077]: DEBUG keystone.common.rbac_enforcer.enforcer [None req-2592e3a0-ca11-4805-a40e-e7e12e1e0ab7 admin admin] RBAC: Authorization granted {{(pid=69077) enforce_call /opt/stack/keystone/keystone/common/rbac_enforcer/enforcer.py:514}}
Nov 19 05:20:10 ubuntu devstack@keystone.service[69077]: [pid: 69077|app: 0|req: 5/9] 10.201.5.82 () {56 vars in 1176 bytes} [Tue Nov 19 05:20:10 2024] GET /identity/v3/users?name=admin => generated 352 bytes in 34 msecs (HTTP/1.1 200) 5 headers in 177 bytes (1 switches on core 0)
Nov 19 05:20:12 ubuntu devstack@keystone.service[69076]: DEBUG keystone.server.flask.request_processing.req_logging [None req-4319c515-b70b-4b00-896d-04b6132a89c9 None None] REQUEST_METHOD: `GET` {{(pid=69076) log_request_info /opt/stack/keystone/keystone/server/flask/request_processing/req_logging.py:26}}
Nov 19 05:20:12 ubuntu devstack@keystone.service[69076]: DEBUG keystone.server.flask.request_processing.req_logging [None req-4319c515-b70b-4b00-896d-04b6132a89c9 None None] SCRIPT_NAME: `/identity` {{(pid=69076) log_request_info /opt/stack/keystone/keystone/server/flask/request_processing/req_logging.py:27}}
Nov 19 05:20:12 ubuntu devstack@keystone.service[69076]: DEBUG keystone.server.flask.request_processing.req_logging [None req-4319c515-b70b-4b00-896d-04b6132a89c9 None None] PATH_INFO: `/` {{(pid=69076) log_request_info /opt/stack/keystone/keystone/server/flask/request_processing/req_logging.py:28}}
Nov 19 05:20:12 ubuntu devstack@keystone.service[69076]: [pid: 69076|app: 0|req: 5/10] 10.201.5.82 () {54 vars in 926 bytes} [Tue Nov 19 05:20:12 2024] GET /identity => generated 270 bytes in 1 msecs (HTTP/1.1 300) 6 headers in 234 bytes (1 switches on core 0)
Nov 19 05:20:12 ubuntu devstack@keystone.service[69077]: DEBUG keystone.server.flask.request_processing.req_logging [None req-a209fa99-cf54-4737-adf9-409955896185 None None] REQUEST_METHOD: `POST` {{(pid=69077) log_request_info /opt/stack/keystone/keystone/server/flask/request_processing/req_logging.py:26}}
Nov 19 05:20:12 ubuntu devstack@keystone.service[69077]: DEBUG keystone.server.flask.request_processing.req_logging [None req-a209fa99-cf54-4737-adf9-409955896185 None None] SCRIPT_NAME: `/identity` {{(pid=69077) log_request_info /opt/stack/keystone/keystone/server/flask/request_processing/req_logging.py:27}}
Nov 19 05:20:12 ubuntu devstack@keystone.service[69077]: DEBUG keystone.server.flask.request_processing.req_logging [None req-a209fa99-cf54-4737-adf9-409955896185 None None] PATH_INFO: `/v3/auth/tokens` {{(pid=69077) log_request_info /opt/stack/keystone/keystone/server/flask/request_processing/req_logging.py:28}}
Nov 19 05:20:12 ubuntu devstack@keystone.service[69077]: WARNING keystone.common.password_hashing [None req-a209fa99-cf54-4737-adf9-409955896185 None None] Truncating password to algorithm specific maximum length 72 characters.
Nov 19 05:20:12 ubuntu devstack@keystone.service[69077]: DEBUG keystone.auth.core [None req-a209fa99-cf54-4737-adf9-409955896185 None None] MFA Rules not processed for user `50b138eb86494ce1bc22f3a5c6135f69`. Rule list: `[]` (Enabled: `True`). {{(pid=69077) check_auth_methods_against_rules /opt/stack/keystone/keystone/auth/core.py:476}}
Nov 19 05:20:12 ubuntu devstack@keystone.service[69077]: DEBUG keystone.common.fernet_utils [None req-a209fa99-cf54-4737-adf9-409955896185 None None] Loaded 2 Fernet keys from /etc/keystone/fernet-keys/, but `[fernet_tokens] max_active_keys = 3`; perhaps there have not been enough key rotations to reach `max_active_keys` yet? {{(pid=69077) load_keys /opt/stack/keystone/keystone/common/fernet_utils.py:297}}
Nov 19 05:20:12 ubuntu devstack@keystone.service[69077]: [pid: 69077|app: 0|req: 6/11] 10.201.5.82 () {58 vars in 1023 bytes} [Tue Nov 19 05:20:12 2024] POST /identity/v3/auth/tokens => generated 862 bytes in 64 msecs (HTTP/1.1 201) 6 headers in 363 bytes (1 switches on core 0)
Nov 19 05:20:12 ubuntu devstack@keystone.service[69076]: DEBUG keystone.server.flask.request_processing.req_logging [None req-7487ef3f-4a59-4e70-af3e-b1629fce6453 None None] REQUEST_METHOD: `GET` {{(pid=69076) log_request_info /opt/stack/keystone/keystone/server/flask/request_processing/req_logging.py:26}}
Nov 19 05:20:12 ubuntu devstack@keystone.service[69076]: DEBUG keystone.server.flask.request_processing.req_logging [None req-7487ef3f-4a59-4e70-af3e-b1629fce6453 None None] SCRIPT_NAME: `/identity` {{(pid=69076) log_request_info /opt/stack/keystone/keystone/server/flask/request_processing/req_logging.py:27}}
Nov 19 05:20:12 ubuntu devstack@keystone.service[69076]: DEBUG keystone.server.flask.request_processing.req_logging [None req-7487ef3f-4a59-4e70-af3e-b1629fce6453 None None] PATH_INFO: `/` {{(pid=69076) log_request_info /opt/stack/keystone/keystone/server/flask/request_processing/req_logging.py:28}}
Nov 19 05:20:12 ubuntu devstack@keystone.service[69076]: [pid: 69076|app: 0|req: 6/12] 10.201.5.82 () {54 vars in 926 bytes} [Tue Nov 19 05:20:12 2024] GET /identity => generated 270 bytes in 4 msecs (HTTP/1.1 300) 6 headers in 234 bytes (1 switches on core 0)
Nov 19 05:20:12 ubuntu devstack@keystone.service[69077]: DEBUG keystone.server.flask.request_processing.req_logging [None req-4622cd03-e0bb-471b-876a-169ed45fa9ba None None] REQUEST_METHOD: `POST` {{(pid=69077) log_request_info /opt/stack/keystone/keystone/server/flask/request_processing/req_logging.py:26}}
Nov 19 05:20:12 ubuntu devstack@keystone.service[69077]: DEBUG keystone.server.flask.request_processing.req_logging [None req-4622cd03-e0bb-471b-876a-169ed45fa9ba None None] SCRIPT_NAME: `/identity` {{(pid=69077) log_request_info /opt/stack/keystone/keystone/server/flask/request_processing/req_logging.py:27}}
Nov 19 05:20:12 ubuntu devstack@keystone.service[69077]: DEBUG keystone.server.flask.request_processing.req_logging [None req-4622cd03-e0bb-471b-876a-169ed45fa9ba None None] PATH_INFO: `/v3/auth/tokens` {{(pid=69077) log_request_info /opt/stack/keystone/keystone/server/flask/request_processing/req_logging.py:28}}
Nov 19 05:20:12 ubuntu devstack@keystone.service[69077]: WARNING keystone.common.password_hashing [None req-4622cd03-e0bb-471b-876a-169ed45fa9ba None None] Truncating password to algorithm specific maximum length 72 characters.
Nov 19 05:20:12 ubuntu devstack@keystone.service[69077]: DEBUG keystone.auth.core [None req-4622cd03-e0bb-471b-876a-169ed45fa9ba None None] MFA Rules not processed for user `50b138eb86494ce1bc22f3a5c6135f69`. Rule list: `[]` (Enabled: `True`). {{(pid=69077) check_auth_methods_against_rules /opt/stack/keystone/keystone/auth/core.py:476}}
Nov 19 05:20:12 ubuntu devstack@keystone.service[69077]: DEBUG keystone.common.fernet_utils [None req-4622cd03-e0bb-471b-876a-169ed45fa9ba None None] Loaded 2 Fernet keys from /etc/keystone/fernet-keys/, but `[fernet_tokens] max_active_keys = 3`; perhaps there have not been enough key rotations to reach `max_active_keys` yet? {{(pid=69077) load_keys /opt/stack/keystone/keystone/common/fernet_utils.py:297}}
Nov 19 05:20:12 ubuntu devstack@keystone.service[69076]: DEBUG keystone.server.flask.request_processing.middleware.auth_context [None req-7487ef3f-4a59-4e70-af3e-b1629fce6453 None None] Authenticating user token {{(pid=69076) process_request /opt/stack/data/venv/lib/python3.10/site-packages/keystonemiddleware/auth_token/__init__.py:406}}
Nov 19 05:20:12 ubuntu devstack@keystone.service[69077]: [pid: 69077|app: 0|req: 7/13] 10.201.5.82 () {58 vars in 1023 bytes} [Tue Nov 19 05:20:12 2024] POST /identity/v3/auth/tokens => generated 862 bytes in 61 msecs (HTTP/1.1 201) 6 headers in 363 bytes (1 switches on core 0)
Nov 19 05:20:12 ubuntu devstack@keystone.service[69076]: DEBUG keystone.server.flask.request_processing.middleware.auth_context [None req-7487ef3f-4a59-4e70-af3e-b1629fce6453 None None] Validating token access rules against request {{(pid=69076) validate_allowed_request /opt/stack/data/venv/lib/python3.10/site-packages/keystonemiddleware/auth_token/__init__.py:544}}
Nov 19 05:20:12 ubuntu devstack@keystone.service[69076]: DEBUG keystone.server.flask.request_processing.middleware.auth_context [None req-efbbd066-a56f-4884-b2b3-de31cdd2f7ab None admin] RBAC: auth_context: {'token': <TokenModel (audit_id=KAqU1qIiT0CnQimotXaa-g, audit_chain_id=['KAqU1qIiT0CnQimotXaa-g']) at 0x7fc94c2199c0>, 'domain_id': None, 'trust_id': None, 'trustor_id': None, 'trustee_id': None, 'domain_name': None, 'group_ids': [], 'user_id': '50b138eb86494ce1bc22f3a5c6135f69', 'user_domain_id': 'default', 'system_scope': 'all', 'project_id': None, 'project_domain_id': None, 'roles': ['admin', 'manager', 'member', 'reader'], 'is_admin_project': True, 'service_user_id': None, 'service_user_domain_id': None, 'service_project_id': None, 'service_project_domain_id': None, 'service_roles': []} {{(pid=69076) fill_context /opt/stack/keystone/keystone/server/flask/request_processing/middleware/auth_context.py:506}}
Nov 19 05:20:12 ubuntu devstack@keystone.service[69076]: DEBUG keystone.server.flask.request_processing.req_logging [None req-efbbd066-a56f-4884-b2b3-de31cdd2f7ab None admin] REQUEST_METHOD: `GET` {{(pid=69076) log_request_info /opt/stack/keystone/keystone/server/flask/request_processing/req_logging.py:26}}
Nov 19 05:20:12 ubuntu devstack@keystone.service[69076]: DEBUG keystone.server.flask.request_processing.req_logging [None req-efbbd066-a56f-4884-b2b3-de31cdd2f7ab None admin] SCRIPT_NAME: `/identity` {{(pid=69076) log_request_info /opt/stack/keystone/keystone/server/flask/request_processing/req_logging.py:27}}
Nov 19 05:20:12 ubuntu devstack@keystone.service[69076]: DEBUG keystone.server.flask.request_processing.req_logging [None req-efbbd066-a56f-4884-b2b3-de31cdd2f7ab None admin] PATH_INFO: `/v3/roles/admin` {{(pid=69076) log_request_info /opt/stack/keystone/keystone/server/flask/request_processing/req_logging.py:28}}
Nov 19 05:20:12 ubuntu devstack@keystone.service[69076]: DEBUG keystone.common.rbac_enforcer.enforcer [None req-efbbd066-a56f-4884-b2b3-de31cdd2f7ab None admin] Extracting inferred target data resulted in "NOT FOUND (404)". {{(pid=69076) enforce_call /opt/stack/keystone/keystone/common/rbac_enforcer/enforcer.py:453}}
Nov 19 05:20:12 ubuntu devstack@keystone.service[69076]: DEBUG keystone.server.flask.application [None req-efbbd066-a56f-4884-b2b3-de31cdd2f7ab None admin] Could not find role: admin. {{(pid=69076) _handle_keystone_exception /opt/stack/keystone/keystone/server/flask/application.py:152}}
Nov 19 05:20:12 ubuntu devstack@keystone.service[69076]: [pid: 69076|app: 0|req: 7/14] 10.201.5.82 () {56 vars in 1096 bytes} [Tue Nov 19 05:20:12 2024] GET /identity/v3/roles/admin => generated 83 bytes in 81 msecs (HTTP/1.1 404) 5 headers in 183 bytes (1 switches on core 0)
Nov 19 05:20:12 ubuntu devstack@keystone.service[69077]: DEBUG keystone.server.flask.request_processing.middleware.auth_context [None req-4622cd03-e0bb-471b-876a-169ed45fa9ba None None] Authenticating user token {{(pid=69077) process_request /opt/stack/data/venv/lib/python3.10/site-packages/keystonemiddleware/auth_token/__init__.py:406}}
Nov 19 05:20:12 ubuntu devstack@keystone.service[69076]: DEBUG keystone.server.flask.request_processing.middleware.auth_context [None req-efbbd066-a56f-4884-b2b3-de31cdd2f7ab None admin] Authenticating user token {{(pid=69076) process_request /opt/stack/data/venv/lib/python3.10/site-packages/keystonemiddleware/auth_token/__init__.py:406}}
Nov 19 05:20:12 ubuntu devstack@keystone.service[69077]: DEBUG keystone.server.flask.request_processing.middleware.auth_context [None req-4622cd03-e0bb-471b-876a-169ed45fa9ba None None] Validating token access rules against request {{(pid=69077) validate_allowed_request /opt/stack/data/venv/lib/python3.10/site-packages/keystonemiddleware/auth_token/__init__.py:544}}
Nov 19 05:20:12 ubuntu devstack@keystone.service[69077]: DEBUG keystone.server.flask.request_processing.middleware.auth_context [None req-b469eaa7-3998-4e62-8da4-4fdb98074cc8 None admin] RBAC: auth_context: {'token': <TokenModel (audit_id=KAqU1qIiT0CnQimotXaa-g, audit_chain_id=['KAqU1qIiT0CnQimotXaa-g']) at 0x7fc947f4d5d0>, 'domain_id': None, 'trust_id': None, 'trustor_id': None, 'trustee_id': None, 'domain_name': None, 'group_ids': [], 'user_id': '50b138eb86494ce1bc22f3a5c6135f69', 'user_domain_id': 'default', 'system_scope': 'all', 'project_id': None, 'project_domain_id': None, 'roles': ['admin', 'manager', 'member', 'reader'], 'is_admin_project': True, 'service_user_id': None, 'service_user_domain_id': None, 'service_project_id': None, 'service_project_domain_id': None, 'service_roles': []} {{(pid=69077) fill_context /opt/stack/keystone/keystone/server/flask/request_processing/middleware/auth_context.py:506}}
Nov 19 05:20:12 ubuntu devstack@keystone.service[69077]: DEBUG keystone.server.flask.request_processing.req_logging [None req-b469eaa7-3998-4e62-8da4-4fdb98074cc8 None admin] REQUEST_METHOD: `GET` {{(pid=69077) log_request_info /opt/stack/keystone/keystone/server/flask/request_processing/req_logging.py:26}}
Nov 19 05:20:12 ubuntu devstack@keystone.service[69077]: DEBUG keystone.server.flask.request_processing.req_logging [None req-b469eaa7-3998-4e62-8da4-4fdb98074cc8 None admin] SCRIPT_NAME: `/identity` {{(pid=69077) log_request_info /opt/stack/keystone/keystone/server/flask/request_processing/req_logging.py:27}}
Nov 19 05:20:12 ubuntu devstack@keystone.service[69077]: DEBUG keystone.server.flask.request_processing.req_logging [None req-b469eaa7-3998-4e62-8da4-4fdb98074cc8 None admin] PATH_INFO: `/v3/roles` {{(pid=69077) log_request_info /opt/stack/keystone/keystone/server/flask/request_processing/req_logging.py:28}}
Nov 19 05:20:12 ubuntu devstack@keystone.service[69077]: DEBUG keystone.common.rbac_enforcer.enforcer [None req-b469eaa7-3998-4e62-8da4-4fdb98074cc8 None admin] RBAC: Adding query filter params (name=admin) {{(pid=69077) _extract_filter_values /opt/stack/keystone/keystone/common/rbac_enforcer/enforcer.py:184}}
Nov 19 05:20:12 ubuntu devstack@keystone.service[69077]: DEBUG keystone.common.rbac_enforcer.enforcer [None req-b469eaa7-3998-4e62-8da4-4fdb98074cc8 None admin] RBAC: Authorizing `identity:list_roles()` {{(pid=69077) enforce_call /opt/stack/keystone/keystone/common/rbac_enforcer/enforcer.py:503}}
Nov 19 05:20:12 ubuntu devstack@keystone.service[69077]: DEBUG keystone.common.rbac_enforcer.enforcer [None req-b469eaa7-3998-4e62-8da4-4fdb98074cc8 None admin] RBAC: Authorization granted {{(pid=69077) enforce_call /opt/stack/keystone/keystone/common/rbac_enforcer/enforcer.py:514}}
Nov 19 05:20:12 ubuntu devstack@keystone.service[69076]: DEBUG keystone.server.flask.request_processing.middleware.auth_context [None req-efbbd066-a56f-4884-b2b3-de31cdd2f7ab None admin] Validating token access rules against request {{(pid=69076) validate_allowed_request /opt/stack/data/venv/lib/python3.10/site-packages/keystonemiddleware/auth_token/__init__.py:544}}
Nov 19 05:20:12 ubuntu devstack@keystone.service[69077]: [pid: 69077|app: 0|req: 8/15] 10.201.5.82 () {56 vars in 1099 bytes} [Tue Nov 19 05:20:12 2024] GET /identity/v3/roles?name=admin => generated 339 bytes in 64 msecs (HTTP/1.1 200) 5 headers in 177 bytes (1 switches on core 0)
Nov 19 05:20:12 ubuntu devstack@keystone.service[69077]: DEBUG keystone.server.flask.request_processing.middleware.auth_context [None req-b469eaa7-3998-4e62-8da4-4fdb98074cc8 None admin] Authenticating user token {{(pid=69077) process_request /opt/stack/data/venv/lib/python3.10/site-packages/keystonemiddleware/auth_token/__init__.py:406}}
Nov 19 05:20:12 ubuntu devstack@keystone.service[69076]: DEBUG keystone.server.flask.request_processing.middleware.auth_context [None req-aea57697-3800-4c86-a24c-2177972e3ff3 None admin] RBAC: auth_context: {'token': <TokenModel (audit_id=EnF8ckKTSPGXgAFDWYzkfA, audit_chain_id=['EnF8ckKTSPGXgAFDWYzkfA']) at 0x7fc94c0c1090>, 'domain_id': None, 'trust_id': None, 'trustor_id': None, 'trustee_id': None, 'domain_name': None, 'group_ids': [], 'user_id': '50b138eb86494ce1bc22f3a5c6135f69', 'user_domain_id': 'default', 'system_scope': 'all', 'project_id': None, 'project_domain_id': None, 'roles': ['admin', 'manager', 'member', 'reader'], 'is_admin_project': True, 'service_user_id': None, 'service_user_domain_id': None, 'service_project_id': None, 'service_project_domain_id': None, 'service_roles': []} {{(pid=69076) fill_context /opt/stack/keystone/keystone/server/flask/request_processing/middleware/auth_context.py:506}}
Nov 19 05:20:12 ubuntu devstack@keystone.service[69076]: DEBUG keystone.server.flask.request_processing.req_logging [None req-aea57697-3800-4c86-a24c-2177972e3ff3 None admin] REQUEST_METHOD: `POST` {{(pid=69076) log_request_info /opt/stack/keystone/keystone/server/flask/request_processing/req_logging.py:26}}
Nov 19 05:20:12 ubuntu devstack@keystone.service[69076]: DEBUG keystone.server.flask.request_processing.req_logging [None req-aea57697-3800-4c86-a24c-2177972e3ff3 None admin] SCRIPT_NAME: `/identity` {{(pid=69076) log_request_info /opt/stack/keystone/keystone/server/flask/request_processing/req_logging.py:27}}
Nov 19 05:20:12 ubuntu devstack@keystone.service[69076]: DEBUG keystone.server.flask.request_processing.req_logging [None req-aea57697-3800-4c86-a24c-2177972e3ff3 None admin] PATH_INFO: `/v3/domains` {{(pid=69076) log_request_info /opt/stack/keystone/keystone/server/flask/request_processing/req_logging.py:28}}
Nov 19 05:20:12 ubuntu devstack@keystone.service[69076]: DEBUG keystone.common.rbac_enforcer.enforcer [None req-aea57697-3800-4c86-a24c-2177972e3ff3 None admin] RBAC: Authorizing `identity:create_domain()` {{(pid=69076) enforce_call /opt/stack/keystone/keystone/common/rbac_enforcer/enforcer.py:503}}
Nov 19 05:20:12 ubuntu devstack@keystone.service[69076]: DEBUG keystone.common.rbac_enforcer.enforcer [None req-aea57697-3800-4c86-a24c-2177972e3ff3 None admin] RBAC: Authorization granted {{(pid=69076) enforce_call /opt/stack/keystone/keystone/common/rbac_enforcer/enforcer.py:514}}
Nov 19 05:20:12 ubuntu devstack@keystone.service[69076]: DEBUG keystone.common.sql.core [None req-aea57697-3800-4c86-a24c-2177972e3ff3 None admin] Conflict project: (pymysql.err.IntegrityError) (1062, "Duplicate entry '<<keystone.domain.root>>-Default' for key 'project.ixu_project_name_domain_id'")
Nov 19 05:20:12 ubuntu devstack@keystone.service[69076]: [SQL: INSERT INTO project (id, name, domain_id, description, enabled, extra, parent_id, is_domain) VALUES (%(id)s, %(name)s, %(domain_id)s, %(description)s, %(enabled)s, %(extra)s, %(parent_id)s, %(is_domain)s)]
Nov 19 05:20:12 ubuntu devstack@keystone.service[69076]: [parameters: {'id': '607ab3aa10c84c47a60bc1e5b55b25b6', 'name': 'Default', 'domain_id': '<<keystone.domain.root>>', 'description': '', 'enabled': 1, 'extra': '{}', 'parent_id': None, 'is_domain': 1}]
Nov 19 05:20:12 ubuntu devstack@keystone.service[69076]: (Background on this error at: https://sqlalche.me/e/20/gkpj) {{(pid=69076) wrapper /opt/stack/keystone/keystone/common/sql/core.py:546}}
Nov 19 05:20:12 ubuntu devstack@keystone.service[69077]: DEBUG keystone.server.flask.request_processing.middleware.auth_context [None req-b469eaa7-3998-4e62-8da4-4fdb98074cc8 None admin] Validating token access rules against request {{(pid=69077) validate_allowed_request /opt/stack/data/venv/lib/python3.10/site-packages/keystonemiddleware/auth_token/__init__.py:544}}
Nov 19 05:20:12 ubuntu devstack@keystone.service[69076]: ERROR keystone.server.flask.application [None req-aea57697-3800-4c86-a24c-2177972e3ff3 None admin] Conflict occurred attempting to store project - it is not permitted to have two projects acting as domains with the same name: Default.: keystone.exception.Conflict: Conflict occurred attempting to store project - it is not permitted to have two projects acting as domains with the same name: Default.
Nov 19 05:20:12 ubuntu devstack@keystone.service[69076]: ERROR keystone.server.flask.application Traceback (most recent call last):
Nov 19 05:20:12 ubuntu devstack@keystone.service[69076]: ERROR keystone.server.flask.application   File "/opt/stack/data/venv/lib/python3.10/site-packages/sqlalchemy/engine/base.py", line 1967, in _exec_single_context
Nov 19 05:20:12 ubuntu devstack@keystone.service[69076]: ERROR keystone.server.flask.application     self.dialect.do_execute(
Nov 19 05:20:12 ubuntu devstack@keystone.service[69076]: ERROR keystone.server.flask.application   File "/opt/stack/data/venv/lib/python3.10/site-packages/sqlalchemy/engine/default.py", line 941, in do_execute
Nov 19 05:20:12 ubuntu devstack@keystone.service[69076]: ERROR keystone.server.flask.application     cursor.execute(statement, parameters)
Nov 19 05:20:12 ubuntu devstack@keystone.service[69076]: ERROR keystone.server.flask.application   File "/opt/stack/data/venv/lib/python3.10/site-packages/pymysql/cursors.py", line 153, in execute
Nov 19 05:20:12 ubuntu devstack@keystone.service[69076]: ERROR keystone.server.flask.application     result = self._query(query)
Nov 19 05:20:12 ubuntu devstack@keystone.service[69076]: ERROR keystone.server.flask.application   File "/opt/stack/data/venv/lib/python3.10/site-packages/pymysql/cursors.py", line 322, in _query
Nov 19 05:20:12 ubuntu devstack@keystone.service[69076]: ERROR keystone.server.flask.application     conn.query(q)
Nov 19 05:20:12 ubuntu devstack@keystone.service[69076]: ERROR keystone.server.flask.application   File "/opt/stack/data/venv/lib/python3.10/site-packages/pymysql/connections.py", line 563, in query
Nov 19 05:20:12 ubuntu devstack@keystone.service[69076]: ERROR keystone.server.flask.application     self._affected_rows = self._read_query_result(unbuffered=unbuffered)
Nov 19 05:20:12 ubuntu devstack@keystone.service[69076]: ERROR keystone.server.flask.application   File "/opt/stack/data/venv/lib/python3.10/site-packages/pymysql/connections.py", line 825, in _read_query_result
Nov 19 05:20:12 ubuntu devstack@keystone.service[69076]: ERROR keystone.server.flask.application     result.read()
Nov 19 05:20:12 ubuntu devstack@keystone.service[69076]: ERROR keystone.server.flask.application   File "/opt/stack/data/venv/lib/python3.10/site-packages/pymysql/connections.py", line 1199, in read
Nov 19 05:20:12 ubuntu devstack@keystone.service[69076]: ERROR keystone.server.flask.application     first_packet = self.connection._read_packet()
Nov 19 05:20:12 ubuntu devstack@keystone.service[69076]: ERROR keystone.server.flask.application   File "/opt/stack/data/venv/lib/python3.10/site-packages/pymysql/connections.py", line 775, in _read_packet
Nov 19 05:20:12 ubuntu devstack@keystone.service[69076]: ERROR keystone.server.flask.application     packet.raise_for_error()
Nov 19 05:20:12 ubuntu devstack@keystone.service[69076]: ERROR keystone.server.flask.application   File "/opt/stack/data/venv/lib/python3.10/site-packages/pymysql/protocol.py", line 219, in raise_for_error
Nov 19 05:20:12 ubuntu devstack@keystone.service[69076]: ERROR keystone.server.flask.application     err.raise_mysql_exception(self._data)
