Mar 01 17:40:06 ubuntu devstack@keystone.service[81775]: DEBUG keystone.server.flask.request_processing.req_logging [None req-fc7544c3-f6eb-47f8-ac0d-fb6424fe1c89 None None] SCRIPT_NAME: `/identity` {{(pid=81775) log_request_info /opt/stack/keystone/keystone/server/flask/request_processing/req_logging.py:27}}
Mar 01 17:40:06 ubuntu devstack@keystone.service[81775]: DEBUG keystone.server.flask.request_processing.req_logging [None req-fc7544c3-f6eb-47f8-ac0d-fb6424fe1c89 None None] PATH_INFO: `/v3/auth/tokens` {{(pid=81775) log_request_info /opt/stack/keystone/keystone/server/flask/request_processing/req_logging.py:28}}
Mar 01 17:40:06 ubuntu devstack@keystone.service[81774]: DEBUG keystone.server.flask.request_processing.req_logging [None req-c913aecd-8b87-43ba-a7ca-fc0e5d7b4f05 None None] REQUEST_METHOD: `GET` {{(pid=81774) log_request_info /opt/stack/keystone/keystone/server/flask/request_processing/req_logging.py:26}}
Mar 01 17:40:06 ubuntu devstack@keystone.service[81774]: DEBUG keystone.server.flask.request_processing.req_logging [None req-c913aecd-8b87-43ba-a7ca-fc0e5d7b4f05 None None] SCRIPT_NAME: `/identity` {{(pid=81774) log_request_info /opt/stack/keystone/keystone/server/flask/request_processing/req_logging.py:27}}
Mar 01 17:40:06 ubuntu devstack@keystone.service[81774]: DEBUG keystone.server.flask.request_processing.req_logging [None req-c913aecd-8b87-43ba-a7ca-fc0e5d7b4f05 None None] PATH_INFO: `/` {{(pid=81774) log_request_info /opt/stack/keystone/keystone/server/flask/request_processing/req_logging.py:28}}
Mar 01 17:40:06 ubuntu devstack@keystone.service[81774]: [pid: 81774|app: 0|req: 12/24] 10.201.5.82 () {54 vars in 920 bytes} [Sun Mar  1 17:40:06 2026] GET /identity => generated 270 bytes in 1 msecs (HTTP/1.1 300) 6 headers in 234 bytes (1 switches on core 0)
Mar 01 17:40:06 ubuntu devstack@keystone.service[81774]: DEBUG keystone.server.flask.request_processing.req_logging [None req-64be750d-9867-4939-b0af-95bd4fb16191 None None] REQUEST_METHOD: `POST` {{(pid=81774) log_request_info /opt/stack/keystone/keystone/server/flask/request_processing/req_logging.py:26}}
Mar 01 17:40:06 ubuntu devstack@keystone.service[81774]: DEBUG keystone.server.flask.request_processing.req_logging [None req-64be750d-9867-4939-b0af-95bd4fb16191 None None] SCRIPT_NAME: `/identity` {{(pid=81774) log_request_info /opt/stack/keystone/keystone/server/flask/request_processing/req_logging.py:27}}
Mar 01 17:40:06 ubuntu devstack@keystone.service[81774]: DEBUG keystone.server.flask.request_processing.req_logging [None req-64be750d-9867-4939-b0af-95bd4fb16191 None None] PATH_INFO: `/v3/auth/tokens` {{(pid=81774) log_request_info /opt/stack/keystone/keystone/server/flask/request_processing/req_logging.py:28}}
Mar 01 17:40:06 ubuntu devstack@keystone.service[81775]: WARNING keystone.common.password_hashing [None req-fc7544c3-f6eb-47f8-ac0d-fb6424fe1c89 None None] Truncating password to algorithm specific maximum length 72 characters.
Mar 01 17:40:06 ubuntu devstack@keystone.service[81774]: WARNING keystone.common.password_hashing [None req-64be750d-9867-4939-b0af-95bd4fb16191 None None] Truncating password to algorithm specific maximum length 72 characters.
Mar 01 17:40:06 ubuntu devstack@keystone.service[81775]: DEBUG keystone.auth.core [None req-fc7544c3-f6eb-47f8-ac0d-fb6424fe1c89 None None] MFA Rules not processed for user `c85c70c38eca4da088016389d5138363`. Rule list: `[]` (Enabled: `True`). {{(pid=81775) check_auth_methods_against_rules /opt/stack/keystone/keystone/auth/core.py:476}}
Mar 01 17:40:06 ubuntu devstack@keystone.service[81774]: DEBUG keystone.auth.core [None req-64be750d-9867-4939-b0af-95bd4fb16191 None None] MFA Rules not processed for user `c85c70c38eca4da088016389d5138363`. Rule list: `[]` (Enabled: `True`). {{(pid=81774) check_auth_methods_against_rules /opt/stack/keystone/keystone/auth/core.py:476}}
Mar 01 17:40:06 ubuntu devstack@keystone.service[81775]: DEBUG keystone.common.fernet_utils [None req-fc7544c3-f6eb-47f8-ac0d-fb6424fe1c89 None None] Loaded 2 Fernet keys from /etc/keystone/fernet-keys/, but `[fernet_tokens] max_active_keys = 3`; perhaps there have not been enough key rotations to reach `max_active_keys` yet? {{(pid=81775) load_keys /opt/stack/keystone/keystone/common/fernet_utils.py:297}}
Mar 01 17:40:06 ubuntu devstack@keystone.service[81774]: DEBUG keystone.common.fernet_utils [None req-64be750d-9867-4939-b0af-95bd4fb16191 None None] Loaded 2 Fernet keys from /etc/keystone/fernet-keys/, but `[fernet_tokens] max_active_keys = 3`; perhaps there have not been enough key rotations to reach `max_active_keys` yet? {{(pid=81774) load_keys /opt/stack/keystone/keystone/common/fernet_utils.py:297}}
Mar 01 17:40:06 ubuntu devstack@keystone.service[81774]: [pid: 81774|app: 0|req: 13/25] 10.201.5.82 () {58 vars in 1017 bytes} [Sun Mar  1 17:40:06 2026] POST /identity/v3/auth/tokens => generated 862 bytes in 56 msecs (HTTP/1.1 201) 6 headers in 363 bytes (1 switches on core 0)
Mar 01 17:40:06 ubuntu devstack@keystone.service[81775]: [pid: 81775|app: 0|req: 13/26] 10.201.5.82 () {58 vars in 1017 bytes} [Sun Mar  1 17:40:06 2026] POST /identity/v3/auth/tokens => generated 862 bytes in 75 msecs (HTTP/1.1 201) 6 headers in 363 bytes (1 switches on core 0)
Mar 01 17:40:06 ubuntu devstack@keystone.service[81774]: DEBUG keystone.server.flask.request_processing.req_logging [None req-2ac94ac3-b46a-4b62-bbca-e8cf0318f4b1 None None] REQUEST_METHOD: `GET` {{(pid=81774) log_request_info /opt/stack/keystone/keystone/server/flask/request_processing/req_logging.py:26}}
Mar 01 17:40:06 ubuntu devstack@keystone.service[81774]: DEBUG keystone.server.flask.request_processing.req_logging [None req-2ac94ac3-b46a-4b62-bbca-e8cf0318f4b1 None None] SCRIPT_NAME: `/identity` {{(pid=81774) log_request_info /opt/stack/keystone/keystone/server/flask/request_processing/req_logging.py:27}}
Mar 01 17:40:06 ubuntu devstack@keystone.service[81774]: DEBUG keystone.server.flask.request_processing.req_logging [None req-2ac94ac3-b46a-4b62-bbca-e8cf0318f4b1 None None] PATH_INFO: `/` {{(pid=81774) log_request_info /opt/stack/keystone/keystone/server/flask/request_processing/req_logging.py:28}}
Mar 01 17:40:06 ubuntu devstack@keystone.service[81774]: [pid: 81774|app: 0|req: 14/27] 10.201.5.82 () {54 vars in 920 bytes} [Sun Mar  1 17:40:06 2026] GET /identity => generated 270 bytes in 2 msecs (HTTP/1.1 300) 6 headers in 234 bytes (1 switches on core 0)
Mar 01 17:40:06 ubuntu devstack@keystone.service[81775]: DEBUG keystone.server.flask.request_processing.middleware.auth_context [None req-fc7544c3-f6eb-47f8-ac0d-fb6424fe1c89 None None] Authenticating user token {{(pid=81775) process_request /opt/stack/data/venv/lib/python3.10/site-packages/keystonemiddleware/auth_token/__init__.py:407}}
Mar 01 17:40:06 ubuntu devstack@keystone.service[81774]: DEBUG keystone.server.flask.request_processing.req_logging [None req-191fa805-4d0e-4e60-8f57-4cbfca96cee1 None None] REQUEST_METHOD: `POST` {{(pid=81774) log_request_info /opt/stack/keystone/keystone/server/flask/request_processing/req_logging.py:26}}
Mar 01 17:40:06 ubuntu devstack@keystone.service[81774]: DEBUG keystone.server.flask.request_processing.req_logging [None req-191fa805-4d0e-4e60-8f57-4cbfca96cee1 None None] SCRIPT_NAME: `/identity` {{(pid=81774) log_request_info /opt/stack/keystone/keystone/server/flask/request_processing/req_logging.py:27}}
Mar 01 17:40:06 ubuntu devstack@keystone.service[81774]: DEBUG keystone.server.flask.request_processing.req_logging [None req-191fa805-4d0e-4e60-8f57-4cbfca96cee1 None None] PATH_INFO: `/v3/auth/tokens` {{(pid=81774) log_request_info /opt/stack/keystone/keystone/server/flask/request_processing/req_logging.py:28}}
Mar 01 17:40:06 ubuntu devstack@keystone.service[81774]: WARNING keystone.common.password_hashing [None req-191fa805-4d0e-4e60-8f57-4cbfca96cee1 None None] Truncating password to algorithm specific maximum length 72 characters.
Mar 01 17:40:06 ubuntu devstack@keystone.service[81774]: DEBUG keystone.auth.core [None req-191fa805-4d0e-4e60-8f57-4cbfca96cee1 None None] MFA Rules not processed for user `c85c70c38eca4da088016389d5138363`. Rule list: `[]` (Enabled: `True`). {{(pid=81774) check_auth_methods_against_rules /opt/stack/keystone/keystone/auth/core.py:476}}
Mar 01 17:40:06 ubuntu devstack@keystone.service[81774]: DEBUG keystone.common.fernet_utils [None req-191fa805-4d0e-4e60-8f57-4cbfca96cee1 None None] Loaded 2 Fernet keys from /etc/keystone/fernet-keys/, but `[fernet_tokens] max_active_keys = 3`; perhaps there have not been enough key rotations to reach `max_active_keys` yet? {{(pid=81774) load_keys /opt/stack/keystone/keystone/common/fernet_utils.py:297}}
Mar 01 17:40:06 ubuntu devstack@keystone.service[81775]: DEBUG keystone.server.flask.request_processing.middleware.auth_context [None req-fc7544c3-f6eb-47f8-ac0d-fb6424fe1c89 None None] Validating token access rules against request {{(pid=81775) validate_allowed_request /opt/stack/data/venv/lib/python3.10/site-packages/keystonemiddleware/auth_token/__init__.py:545}}
Mar 01 17:40:06 ubuntu devstack@keystone.service[81775]: DEBUG keystone.server.flask.request_processing.middleware.auth_context [None req-85852cbb-5dc5-4958-85bc-a12a9505f231 None admin] RBAC: auth_context: {'token': <TokenModel (audit_id=BebaBL8hQgi7no8KzOmE-g, audit_chain_id=['BebaBL8hQgi7no8KzOmE-g']) at 0x7f6fe0650b80>, 'domain_id': None, 'trust_id': None, 'trustor_id': None, 'trustee_id': None, 'domain_name': None, 'group_ids': [], 'user_id': 'c85c70c38eca4da088016389d5138363', 'user_domain_id': 'default', 'system_scope': 'all', 'project_id': None, 'project_domain_id': None, 'roles': ['admin', 'manager', 'member', 'reader'], 'is_admin_project': True, 'service_user_id': None, 'service_user_domain_id': None, 'service_project_id': None, 'service_project_domain_id': None, 'service_roles': []} {{(pid=81775) fill_context /opt/stack/keystone/keystone/server/flask/request_processing/middleware/auth_context.py:509}}
Mar 01 17:40:06 ubuntu devstack@keystone.service[81775]: DEBUG keystone.server.flask.request_processing.req_logging [None req-85852cbb-5dc5-4958-85bc-a12a9505f231 None admin] REQUEST_METHOD: `GET` {{(pid=81775) log_request_info /opt/stack/keystone/keystone/server/flask/request_processing/req_logging.py:26}}
Mar 01 17:40:06 ubuntu devstack@keystone.service[81775]: DEBUG keystone.server.flask.request_processing.req_logging [None req-85852cbb-5dc5-4958-85bc-a12a9505f231 None admin] SCRIPT_NAME: `/identity` {{(pid=81775) log_request_info /opt/stack/keystone/keystone/server/flask/request_processing/req_logging.py:27}}
Mar 01 17:40:06 ubuntu devstack@keystone.service[81775]: DEBUG keystone.server.flask.request_processing.req_logging [None req-85852cbb-5dc5-4958-85bc-a12a9505f231 None admin] PATH_INFO: `/v3/roles/admin` {{(pid=81775) log_request_info /opt/stack/keystone/keystone/server/flask/request_processing/req_logging.py:28}}
Mar 01 17:40:06 ubuntu devstack@keystone.service[81775]: DEBUG keystone.common.rbac_enforcer.enforcer [None req-85852cbb-5dc5-4958-85bc-a12a9505f231 None admin] Extracting inferred target data resulted in "NOT FOUND (404)". {{(pid=81775) enforce_call /opt/stack/keystone/keystone/common/rbac_enforcer/enforcer.py:445}}
Mar 01 17:40:06 ubuntu devstack@keystone.service[81775]: DEBUG keystone.server.flask.application [None req-85852cbb-5dc5-4958-85bc-a12a9505f231 None admin] Could not find role: admin. {{(pid=81775) _handle_keystone_exception /opt/stack/keystone/keystone/server/flask/application.py:146}}
Mar 01 17:40:06 ubuntu devstack@keystone.service[81775]: [pid: 81775|app: 0|req: 14/28] 10.201.5.82 () {56 vars in 1133 bytes} [Sun Mar  1 17:40:06 2026] GET /identity/v3/roles/admin => generated 83 bytes in 76 msecs (HTTP/1.1 404) 5 headers in 183 bytes (1 switches on core 0)
Mar 01 17:40:06 ubuntu devstack@keystone.service[81775]: DEBUG keystone.server.flask.request_processing.middleware.auth_context [None req-85852cbb-5dc5-4958-85bc-a12a9505f231 None admin] Authenticating user token {{(pid=81775) process_request /opt/stack/data/venv/lib/python3.10/site-packages/keystonemiddleware/auth_token/__init__.py:407}}
Mar 01 17:40:06 ubuntu devstack@keystone.service[81774]: [pid: 81774|app: 0|req: 15/29] 10.201.5.82 () {58 vars in 1017 bytes} [Sun Mar  1 17:40:06 2026] POST /identity/v3/auth/tokens => generated 862 bytes in 76 msecs (HTTP/1.1 201) 6 headers in 363 bytes (2 switches on core 0)
Mar 01 17:40:06 ubuntu devstack@keystone.service[81774]: DEBUG keystone.server.flask.request_processing.middleware.auth_context [None req-191fa805-4d0e-4e60-8f57-4cbfca96cee1 None None] Authenticating user token {{(pid=81774) process_request /opt/stack/data/venv/lib/python3.10/site-packages/keystonemiddleware/auth_token/__init__.py:407}}
Mar 01 17:40:06 ubuntu devstack@keystone.service[81775]: DEBUG keystone.server.flask.request_processing.middleware.auth_context [None req-85852cbb-5dc5-4958-85bc-a12a9505f231 None admin] Validating token access rules against request {{(pid=81775) validate_allowed_request /opt/stack/data/venv/lib/python3.10/site-packages/keystonemiddleware/auth_token/__init__.py:545}}
Mar 01 17:40:06 ubuntu devstack@keystone.service[81775]: DEBUG keystone.server.flask.request_processing.middleware.auth_context [None req-a7b7cf12-1539-490a-a704-8c61ecf686fe None admin] RBAC: auth_context: {'token': <TokenModel (audit_id=BebaBL8hQgi7no8KzOmE-g, audit_chain_id=['BebaBL8hQgi7no8KzOmE-g']) at 0x7f6fdfd78100>, 'domain_id': None, 'trust_id': None, 'trustor_id': None, 'trustee_id': None, 'domain_name': None, 'group_ids': [], 'user_id': 'c85c70c38eca4da088016389d5138363', 'user_domain_id': 'default', 'system_scope': 'all', 'project_id': None, 'project_domain_id': None, 'roles': ['admin', 'manager', 'member', 'reader'], 'is_admin_project': True, 'service_user_id': None, 'service_user_domain_id': None, 'service_project_id': None, 'service_project_domain_id': None, 'service_roles': []} {{(pid=81775) fill_context /opt/stack/keystone/keystone/server/flask/request_processing/middleware/auth_context.py:509}}
Mar 01 17:40:06 ubuntu devstack@keystone.service[81775]: DEBUG keystone.server.flask.request_processing.req_logging [None req-a7b7cf12-1539-490a-a704-8c61ecf686fe None admin] REQUEST_METHOD: `GET` {{(pid=81775) log_request_info /opt/stack/keystone/keystone/server/flask/request_processing/req_logging.py:26}}
Mar 01 17:40:06 ubuntu devstack@keystone.service[81775]: DEBUG keystone.server.flask.request_processing.req_logging [None req-a7b7cf12-1539-490a-a704-8c61ecf686fe None admin] SCRIPT_NAME: `/identity` {{(pid=81775) log_request_info /opt/stack/keystone/keystone/server/flask/request_processing/req_logging.py:27}}
Mar 01 17:40:06 ubuntu devstack@keystone.service[81775]: DEBUG keystone.server.flask.request_processing.req_logging [None req-a7b7cf12-1539-490a-a704-8c61ecf686fe None admin] PATH_INFO: `/v3/roles` {{(pid=81775) log_request_info /opt/stack/keystone/keystone/server/flask/request_processing/req_logging.py:28}}
Mar 01 17:40:06 ubuntu devstack@keystone.service[81775]: DEBUG keystone.common.rbac_enforcer.enforcer [None req-a7b7cf12-1539-490a-a704-8c61ecf686fe None admin] RBAC: Adding query filter params (name=admin) {{(pid=81775) _extract_filter_values /opt/stack/keystone/keystone/common/rbac_enforcer/enforcer.py:176}}
Mar 01 17:40:06 ubuntu devstack@keystone.service[81775]: DEBUG keystone.common.rbac_enforcer.enforcer [None req-a7b7cf12-1539-490a-a704-8c61ecf686fe None admin] RBAC: Authorizing `identity:list_roles()` {{(pid=81775) enforce_call /opt/stack/keystone/keystone/common/rbac_enforcer/enforcer.py:494}}
Mar 01 17:40:06 ubuntu devstack@keystone.service[81775]: DEBUG keystone.common.rbac_enforcer.enforcer [None req-a7b7cf12-1539-490a-a704-8c61ecf686fe None admin] RBAC: Authorization granted {{(pid=81775) enforce_call /opt/stack/keystone/keystone/common/rbac_enforcer/enforcer.py:505}}
Mar 01 17:40:06 ubuntu devstack@keystone.service[81775]: [pid: 81775|app: 0|req: 15/30] 10.201.5.82 () {56 vars in 1149 bytes} [Sun Mar  1 17:40:06 2026] GET /identity/v3/roles?name=admin => generated 339 bytes in 63 msecs (HTTP/1.1 200) 5 headers in 177 bytes (2 switches on core 0)
Mar 01 17:40:06 ubuntu devstack@keystone.service[81775]: DEBUG keystone.server.flask.request_processing.middleware.auth_context [None req-a7b7cf12-1539-490a-a704-8c61ecf686fe None admin] Authenticating user token {{(pid=81775) process_request /opt/stack/data/venv/lib/python3.10/site-packages/keystonemiddleware/auth_token/__init__.py:407}}
Mar 01 17:40:06 ubuntu devstack@keystone.service[81774]: DEBUG keystone.server.flask.request_processing.middleware.auth_context [None req-191fa805-4d0e-4e60-8f57-4cbfca96cee1 None None] Validating token access rules against request {{(pid=81774) validate_allowed_request /opt/stack/data/venv/lib/python3.10/site-packages/keystonemiddleware/auth_token/__init__.py:545}}
Mar 01 17:40:06 ubuntu devstack@keystone.service[81775]: DEBUG keystone.server.flask.request_processing.middleware.auth_context [None req-a7b7cf12-1539-490a-a704-8c61ecf686fe None admin] Validating token access rules against request {{(pid=81775) validate_allowed_request /opt/stack/data/venv/lib/python3.10/site-packages/keystonemiddleware/auth_token/__init__.py:545}}
Mar 01 17:40:06 ubuntu devstack@keystone.service[81774]: DEBUG keystone.server.flask.request_processing.middleware.auth_context [None req-028079b8-70e3-45cc-9cc5-2dadd9344021 None admin] RBAC: auth_context: {'token': <TokenModel (audit_id=Q6ZaNcKGQeieA1LuAO643Q, audit_chain_id=['Q6ZaNcKGQeieA1LuAO643Q']) at 0x7f6fdfc695d0>, 'domain_id': None, 'trust_id': None, 'trustor_id': None, 'trustee_id': None, 'domain_name': None, 'group_ids': [], 'user_id': 'c85c70c38eca4da088016389d5138363', 'user_domain_id': 'default', 'system_scope': 'all', 'project_id': None, 'project_domain_id': None, 'roles': ['admin', 'manager', 'member', 'reader'], 'is_admin_project': True, 'service_user_id': None, 'service_user_domain_id': None, 'service_project_id': None, 'service_project_domain_id': None, 'service_roles': []} {{(pid=81774) fill_context /opt/stack/keystone/keystone/server/flask/request_processing/middleware/auth_context.py:509}}
Mar 01 17:40:06 ubuntu devstack@keystone.service[81774]: DEBUG keystone.server.flask.request_processing.req_logging [None req-028079b8-70e3-45cc-9cc5-2dadd9344021 None admin] REQUEST_METHOD: `GET` {{(pid=81774) log_request_info /opt/stack/keystone/keystone/server/flask/request_processing/req_logging.py:26}}
Mar 01 17:40:06 ubuntu devstack@keystone.service[81774]: DEBUG keystone.server.flask.request_processing.req_logging [None req-028079b8-70e3-45cc-9cc5-2dadd9344021 None admin] SCRIPT_NAME: `/identity` {{(pid=81774) log_request_info /opt/stack/keystone/keystone/server/flask/request_processing/req_logging.py:27}}
Mar 01 17:40:06 ubuntu devstack@keystone.service[81774]: DEBUG keystone.server.flask.request_processing.req_logging [None req-028079b8-70e3-45cc-9cc5-2dadd9344021 None admin] PATH_INFO: `/v3/domains/Default` {{(pid=81774) log_request_info /opt/stack/keystone/keystone/server/flask/request_processing/req_logging.py:28}}
Mar 01 17:40:06 ubuntu devstack@keystone.service[81775]: DEBUG keystone.server.flask.request_processing.middleware.auth_context [None req-a178aaee-37be-483f-bd49-a41c7bfc1d80 None admin] RBAC: auth_context: {'token': <TokenModel (audit_id=BebaBL8hQgi7no8KzOmE-g, audit_chain_id=['BebaBL8hQgi7no8KzOmE-g']) at 0x7f6fe0653760>, 'domain_id': None, 'trust_id': None, 'trustor_id': None, 'trustee_id': None, 'domain_name': None, 'group_ids': [], 'user_id': 'c85c70c38eca4da088016389d5138363', 'user_domain_id': 'default', 'system_scope': 'all', 'project_id': None, 'project_domain_id': None, 'roles': ['admin', 'manager', 'member', 'reader'], 'is_admin_project': True, 'service_user_id': None, 'service_user_domain_id': None, 'service_project_id': None, 'service_project_domain_id': None, 'service_roles': []} {{(pid=81775) fill_context /opt/stack/keystone/keystone/server/flask/request_processing/middleware/auth_context.py:509}}
Mar 01 17:40:06 ubuntu devstack@keystone.service[81775]: DEBUG keystone.server.flask.request_processing.req_logging [None req-a178aaee-37be-483f-bd49-a41c7bfc1d80 None admin] REQUEST_METHOD: `GET` {{(pid=81775) log_request_info /opt/stack/keystone/keystone/server/flask/request_processing/req_logging.py:26}}
Mar 01 17:40:06 ubuntu devstack@keystone.service[81775]: DEBUG keystone.server.flask.request_processing.req_logging [None req-a178aaee-37be-483f-bd49-a41c7bfc1d80 None admin] SCRIPT_NAME: `/identity` {{(pid=81775) log_request_info /opt/stack/keystone/keystone/server/flask/request_processing/req_logging.py:27}}
Mar 01 17:40:06 ubuntu devstack@keystone.service[81775]: DEBUG keystone.server.flask.request_processing.req_logging [None req-a178aaee-37be-483f-bd49-a41c7bfc1d80 None admin] PATH_INFO: `/v3/users/c85c70c38eca4da088016389d5138363` {{(pid=81775) log_request_info /opt/stack/keystone/keystone/server/flask/request_processing/req_logging.py:28}}
Mar 01 17:40:06 ubuntu devstack@keystone.service[81775]: DEBUG keystone.common.rbac_enforcer.enforcer [None req-a178aaee-37be-483f-bd49-a41c7bfc1d80 None admin] RBAC: Authorizing `identity:get_user(user_id=c85c70c38eca4da088016389d5138363)` {{(pid=81775) enforce_call /opt/stack/keystone/keystone/common/rbac_enforcer/enforcer.py:494}}
Mar 01 17:40:06 ubuntu devstack@keystone.service[81775]: DEBUG keystone.common.rbac_enforcer.enforcer [None req-a178aaee-37be-483f-bd49-a41c7bfc1d80 None admin] RBAC: Authorization granted {{(pid=81775) enforce_call /opt/stack/keystone/keystone/common/rbac_enforcer/enforcer.py:505}}
Mar 01 17:40:06 ubuntu devstack@keystone.service[81775]: [pid: 81775|app: 0|req: 16/31] 10.201.5.82 () {56 vars in 1214 bytes} [Sun Mar  1 17:40:06 2026] GET /identity/v3/users/c85c70c38eca4da088016389d5138363 => generated 247 bytes in 53 msecs (HTTP/1.1 200) 5 headers in 177 bytes (2 switches on core 0)
Mar 01 17:40:06 ubuntu devstack@keystone.service[81774]: DEBUG keystone.common.rbac_enforcer.enforcer [None req-028079b8-70e3-45cc-9cc5-2dadd9344021 None admin] RBAC: Authorizing `identity:get_domain(domain_id=Default)` {{(pid=81774) enforce_call /opt/stack/keystone/keystone/common/rbac_enforcer/enforcer.py:494}}
Mar 01 17:40:06 ubuntu devstack@keystone.service[81774]: DEBUG keystone.common.rbac_enforcer.enforcer [None req-028079b8-70e3-45cc-9cc5-2dadd9344021 None admin] RBAC: Authorization granted {{(pid=81774) enforce_call /opt/stack/keystone/keystone/common/rbac_enforcer/enforcer.py:505}}
Mar 01 17:40:06 ubuntu devstack@keystone.service[81775]: DEBUG keystone.server.flask.request_processing.middleware.auth_context [None req-a178aaee-37be-483f-bd49-a41c7bfc1d80 None admin] Authenticating user token {{(pid=81775) process_request /opt/stack/data/venv/lib/python3.10/site-packages/keystonemiddleware/auth_token/__init__.py:407}}
Mar 01 17:40:06 ubuntu devstack@keystone.service[81774]: DEBUG keystone.server.flask.application [None req-028079b8-70e3-45cc-9cc5-2dadd9344021 None admin] Could not find domain: Default. {{(pid=81774) _handle_keystone_exception /opt/stack/keystone/keystone/server/flask/application.py:146}}
Mar 01 17:40:06 ubuntu devstack@keystone.service[81774]: [pid: 81774|app: 0|req: 16/32] 10.201.5.82 () {56 vars in 1145 bytes} [Sun Mar  1 17:40:06 2026] GET /identity/v3/domains/Default => generated 87 bytes in 122 msecs (HTTP/1.1 404) 5 headers in 183 bytes (1 switches on core 0)
Mar 01 17:40:06 ubuntu devstack@keystone.service[81774]: DEBUG keystone.server.flask.request_processing.middleware.auth_context [None req-028079b8-70e3-45cc-9cc5-2dadd9344021 None admin] Authenticating user token {{(pid=81774) process_request /opt/stack/data/venv/lib/python3.10/site-packages/keystonemiddleware/auth_token/__init__.py:407}}
Mar 01 17:40:06 ubuntu devstack@keystone.service[81775]: DEBUG keystone.server.flask.request_processing.middleware.auth_context [None req-a178aaee-37be-483f-bd49-a41c7bfc1d80 None admin] Validating token access rules against request {{(pid=81775) validate_allowed_request /opt/stack/data/venv/lib/python3.10/site-packages/keystonemiddleware/auth_token/__init__.py:545}}
Mar 01 17:40:06 ubuntu devstack@keystone.service[81775]: DEBUG keystone.server.flask.request_processing.middleware.auth_context [None req-16d9fef2-55c9-40ff-8a8d-55ce0fb7587c None admin] RBAC: auth_context: {'token': <TokenModel (audit_id=BebaBL8hQgi7no8KzOmE-g, audit_chain_id=['BebaBL8hQgi7no8KzOmE-g']) at 0x7f6fe0652770>, 'domain_id': None, 'trust_id': None, 'trustor_id': None, 'trustee_id': None, 'domain_name': None, 'group_ids': [], 'user_id': 'c85c70c38eca4da088016389d5138363', 'user_domain_id': 'default', 'system_scope': 'all', 'project_id': None, 'project_domain_id': None, 'roles': ['admin', 'manager', 'member', 'reader'], 'is_admin_project': True, 'service_user_id': None, 'service_user_domain_id': None, 'service_project_id': None, 'service_project_domain_id': None, 'service_roles': []} {{(pid=81775) fill_context /opt/stack/keystone/keystone/server/flask/request_processing/middleware/auth_context.py:509}}
Mar 01 17:40:06 ubuntu devstack@keystone.service[81775]: DEBUG keystone.server.flask.request_processing.req_logging [None req-16d9fef2-55c9-40ff-8a8d-55ce0fb7587c None admin] REQUEST_METHOD: `GET` {{(pid=81775) log_request_info /opt/stack/keystone/keystone/server/flask/request_processing/req_logging.py:26}}
Mar 01 17:40:06 ubuntu devstack@keystone.service[81775]: DEBUG keystone.server.flask.request_processing.req_logging [None req-16d9fef2-55c9-40ff-8a8d-55ce0fb7587c None admin] SCRIPT_NAME: `/identity` {{(pid=81775) log_request_info /opt/stack/keystone/keystone/server/flask/request_processing/req_logging.py:27}}
Mar 01 17:40:06 ubuntu devstack@keystone.service[81775]: DEBUG keystone.server.flask.request_processing.req_logging [None req-16d9fef2-55c9-40ff-8a8d-55ce0fb7587c None admin] PATH_INFO: `/v3/domains/default` {{(pid=81775) log_request_info /opt/stack/keystone/keystone/server/flask/request_processing/req_logging.py:28}}
Mar 01 17:40:06 ubuntu devstack@keystone.service[81775]: DEBUG keystone.common.rbac_enforcer.enforcer [None req-16d9fef2-55c9-40ff-8a8d-55ce0fb7587c None admin] RBAC: Authorizing `identity:get_domain(domain_id=default)` {{(pid=81775) enforce_call /opt/stack/keystone/keystone/common/rbac_enforcer/enforcer.py:494}}
Mar 01 17:40:06 ubuntu devstack@keystone.service[81775]: DEBUG keystone.common.rbac_enforcer.enforcer [None req-16d9fef2-55c9-40ff-8a8d-55ce0fb7587c None admin] RBAC: Authorization granted {{(pid=81775) enforce_call /opt/stack/keystone/keystone/common/rbac_enforcer/enforcer.py:505}}
Mar 01 17:40:06 ubuntu devstack@keystone.service[81775]: [pid: 81775|app: 0|req: 17/33] 10.201.5.82 () {56 vars in 1145 bytes} [Sun Mar  1 17:40:06 2026] GET /identity/v3/domains/default => generated 199 bytes in 58 msecs (HTTP/1.1 200) 5 headers in 177 bytes (1 switches on core 0)
Mar 01 17:40:06 ubuntu devstack@keystone.service[81775]: DEBUG keystone.server.flask.request_processing.req_logging [None req-50e91fc8-00f7-4834-a992-cbbd1865bc72 None None] REQUEST_METHOD: `GET` {{(pid=81775) log_request_info /opt/stack/keystone/keystone/server/flask/request_processing/req_logging.py:26}}
Mar 01 17:40:06 ubuntu devstack@keystone.service[81775]: DEBUG keystone.server.flask.request_processing.req_logging [None req-50e91fc8-00f7-4834-a992-cbbd1865bc72 None None] SCRIPT_NAME: `/identity` {{(pid=81775) log_request_info /opt/stack/keystone/keystone/server/flask/request_processing/req_logging.py:27}}
Mar 01 17:40:06 ubuntu devstack@keystone.service[81775]: DEBUG keystone.server.flask.request_processing.req_logging [None req-50e91fc8-00f7-4834-a992-cbbd1865bc72 None None] PATH_INFO: `/` {{(pid=81775) log_request_info /opt/stack/keystone/keystone/server/flask/request_processing/req_logging.py:28}}
Mar 01 17:40:06 ubuntu devstack@keystone.service[81775]: [pid: 81775|app: 0|req: 18/34] 10.201.5.82 () {54 vars in 920 bytes} [Sun Mar  1 17:40:06 2026] GET /identity => generated 270 bytes in 1 msecs (HTTP/1.1 300) 6 headers in 234 bytes (1 switches on core 0)
Mar 01 17:40:06 ubuntu devstack@keystone.service[81775]: DEBUG keystone.server.flask.request_processing.middleware.auth_context [None req-50e91fc8-00f7-4834-a992-cbbd1865bc72 None None] Authenticating user token {{(pid=81775) process_request /opt/stack/data/venv/lib/python3.10/site-packages/keystonemiddleware/auth_token/__init__.py:407}}
Mar 01 17:40:06 ubuntu devstack@keystone.service[81774]: DEBUG keystone.server.flask.request_processing.middleware.auth_context [None req-028079b8-70e3-45cc-9cc5-2dadd9344021 None admin] Validating token access rules against request {{(pid=81774) validate_allowed_request /opt/stack/data/venv/lib/python3.10/site-packages/keystonemiddleware/auth_token/__init__.py:545}}
Mar 01 17:40:06 ubuntu devstack@keystone.service[81775]: DEBUG keystone.server.flask.request_processing.middleware.auth_context [None req-50e91fc8-00f7-4834-a992-cbbd1865bc72 None None] Validating token access rules against request {{(pid=81775) validate_allowed_request /opt/stack/data/venv/lib/python3.10/site-packages/keystonemiddleware/auth_token/__init__.py:545}}
Mar 01 17:40:06 ubuntu devstack@keystone.service[81774]: DEBUG keystone.server.flask.request_processing.middleware.auth_context [None req-2fa7ef24-b3f0-4431-8fab-2d88f0f6cb96 None admin] RBAC: auth_context: {'token': <TokenModel (audit_id=Q6ZaNcKGQeieA1LuAO643Q, audit_chain_id=['Q6ZaNcKGQeieA1LuAO643Q']) at 0x7f6fdfaf1e10>, 'domain_id': None, 'trust_id': None, 'trustor_id': None, 'trustee_id': None, 'domain_name': None, 'group_ids': [], 'user_id': 'c85c70c38eca4da088016389d5138363', 'user_domain_id': 'default', 'system_scope': 'all', 'project_id': None, 'project_domain_id': None, 'roles': ['admin', 'manager', 'member', 'reader'], 'is_admin_project': True, 'service_user_id': None, 'service_user_domain_id': None, 'service_project_id': None, 'service_project_domain_id': None, 'service_roles': []} {{(pid=81774) fill_context /opt/stack/keystone/keystone/server/flask/request_processing/middleware/auth_context.py:509}}
Mar 01 17:40:06 ubuntu devstack@keystone.service[81774]: DEBUG keystone.server.flask.request_processing.req_logging [None req-2fa7ef24-b3f0-4431-8fab-2d88f0f6cb96 None admin] REQUEST_METHOD: `GET` {{(pid=81774) log_request_info /opt/stack/keystone/keystone/server/flask/request_processing/req_logging.py:26}}
Mar 01 17:40:06 ubuntu devstack@keystone.service[81774]: DEBUG keystone.server.flask.request_processing.req_logging [None req-2fa7ef24-b3f0-4431-8fab-2d88f0f6cb96 None admin] SCRIPT_NAME: `/identity` {{(pid=81774) log_request_info /opt/stack/keystone/keystone/server/flask/request_processing/req_logging.py:27}}
Mar 01 17:40:06 ubuntu devstack@keystone.service[81774]: DEBUG keystone.server.flask.request_processing.req_logging [None req-2fa7ef24-b3f0-4431-8fab-2d88f0f6cb96 None admin] PATH_INFO: `/v3/domains` {{(pid=81774) log_request_info /opt/stack/keystone/keystone/server/flask/request_processing/req_logging.py:28}}
Mar 01 17:40:06 ubuntu devstack@keystone.service[81774]: DEBUG keystone.common.rbac_enforcer.enforcer [None req-2fa7ef24-b3f0-4431-8fab-2d88f0f6cb96 None admin] RBAC: Adding query filter params (name=Default) {{(pid=81774) _extract_filter_values /opt/stack/keystone/keystone/common/rbac_enforcer/enforcer.py:176}}
Mar 01 17:40:06 ubuntu devstack@keystone.service[81774]: DEBUG keystone.common.rbac_enforcer.enforcer [None req-2fa7ef24-b3f0-4431-8fab-2d88f0f6cb96 None admin] RBAC: Authorizing `identity:list_domains()` {{(pid=81774) enforce_call /opt/stack/keystone/keystone/common/rbac_enforcer/enforcer.py:494}}
Mar 01 17:40:06 ubuntu devstack@keystone.service[81774]: DEBUG keystone.common.rbac_enforcer.enforcer [None req-2fa7ef24-b3f0-4431-8fab-2d88f0f6cb96 None admin] RBAC: Authorization granted {{(pid=81774) enforce_call /opt/stack/keystone/keystone/common/rbac_enforcer/enforcer.py:505}}
Mar 01 17:40:06 ubuntu devstack@keystone.service[81774]: [pid: 81774|app: 0|req: 17/35] 10.201.5.82 () {56 vars in 1159 bytes} [Sun Mar  1 17:40:06 2026] GET /identity/v3/domains?name=Default => generated 308 bytes in 101 msecs (HTTP/1.1 200) 5 headers in 177 bytes (1 switches on core 0)
Mar 01 17:40:06 ubuntu devstack@keystone.service[81775]: DEBUG keystone.server.flask.request_processing.middleware.auth_context [None req-6f6c6689-89e0-47ea-a921-1a2a0126dc32 None admin] RBAC: auth_context: {'token': <TokenModel (audit_id=fz7AwoB_R4qSBIaDRRN2zg, audit_chain_id=['fz7AwoB_R4qSBIaDRRN2zg']) at 0x7f6fdfcd06a0>, 'domain_id': None, 'trust_id': None, 'trustor_id': None, 'trustee_id': None, 'domain_name': None, 'group_ids': [], 'user_id': 'c85c70c38eca4da088016389d5138363', 'user_domain_id': 'default', 'system_scope': 'all', 'project_id': None, 'project_domain_id': None, 'roles': ['admin', 'manager', 'member', 'reader'], 'is_admin_project': True, 'service_user_id': None, 'service_user_domain_id': None, 'service_project_id': None, 'service_project_domain_id': None, 'service_roles': []} {{(pid=81775) fill_context /opt/stack/keystone/keystone/server/flask/request_processing/middleware/auth_context.py:509}}
Mar 01 17:40:06 ubuntu devstack@keystone.service[81775]: DEBUG keystone.server.flask.request_processing.req_logging [None req-6f6c6689-89e0-47ea-a921-1a2a0126dc32 None admin] REQUEST_METHOD: `POST` {{(pid=81775) log_request_info /opt/stack/keystone/keystone/server/flask/request_processing/req_logging.py:26}}
Mar 01 17:40:06 ubuntu devstack@keystone.service[81775]: DEBUG keystone.server.flask.request_processing.req_logging [None req-6f6c6689-89e0-47ea-a921-1a2a0126dc32 None admin] SCRIPT_NAME: `/identity` {{(pid=81775) log_request_info /opt/stack/keystone/keystone/server/flask/request_processing/req_logging.py:27}}
Mar 01 17:40:06 ubuntu devstack@keystone.service[81775]: DEBUG keystone.server.flask.request_processing.req_logging [None req-6f6c6689-89e0-47ea-a921-1a2a0126dc32 None admin] PATH_INFO: `/v3/roles` {{(pid=81775) log_request_info /opt/stack/keystone/keystone/server/flask/request_processing/req_logging.py:28}}
Mar 01 17:40:06 ubuntu devstack@keystone.service[81774]: DEBUG keystone.server.flask.request_processing.req_logging [None req-03ae601a-1e8e-4070-86e9-8adbb19ec67b None None] REQUEST_METHOD: `POST` {{(pid=81774) log_request_info /opt/stack/keystone/keystone/server/flask/request_processing/req_logging.py:26}}
Mar 01 17:40:06 ubuntu devstack@keystone.service[81774]: DEBUG keystone.server.flask.request_processing.req_logging [None req-03ae601a-1e8e-4070-86e9-8adbb19ec67b None None] SCRIPT_NAME: `/identity` {{(pid=81774) log_request_info /opt/stack/keystone/keystone/server/flask/request_processing/req_logging.py:27}}
Mar 01 17:40:06 ubuntu devstack@keystone.service[81774]: DEBUG keystone.server.flask.request_processing.req_logging [None req-03ae601a-1e8e-4070-86e9-8adbb19ec67b None None] PATH_INFO: `/v3/auth/tokens` {{(pid=81774) log_request_info /opt/stack/keystone/keystone/server/flask/request_processing/req_logging.py:28}}
Mar 01 17:40:06 ubuntu devstack@keystone.service[81775]: DEBUG keystone.common.rbac_enforcer.enforcer [None req-6f6c6689-89e0-47ea-a921-1a2a0126dc32 None admin] RBAC: Authorizing `identity:create_role()` {{(pid=81775) enforce_call /opt/stack/keystone/keystone/common/rbac_enforcer/enforcer.py:494}}
Mar 01 17:40:06 ubuntu devstack@keystone.service[81775]: DEBUG keystone.common.rbac_enforcer.enforcer [None req-6f6c6689-89e0-47ea-a921-1a2a0126dc32 None admin] RBAC: Authorization granted {{(pid=81775) enforce_call /opt/stack/keystone/keystone/common/rbac_enforcer/enforcer.py:505}}
Mar 01 17:40:06 ubuntu devstack@keystone.service[81775]: DEBUG keystone.common.sql.core [None req-6f6c6689-89e0-47ea-a921-1a2a0126dc32 None admin] Conflict role: (pymysql.err.IntegrityError) (1062, "Duplicate entry 'service-<<null>>' for key 'role.ixu_role_name_domain_id'")
Mar 01 17:40:06 ubuntu devstack@keystone.service[81775]: [SQL: INSERT INTO `role` (id, name, description, extra) VALUES (%(id)s, %(name)s, %(description)s, %(extra)s)]
Mar 01 17:40:06 ubuntu devstack@keystone.service[81775]: [parameters: {'id': 'd7b154c9886040999fb1df92cf2c7934', 'name': 'service', 'description': None, 'extra': '{}'}]
Mar 01 17:40:06 ubuntu devstack@keystone.service[81775]: (Background on this error at: https://sqlalche.me/e/20/gkpj) {{(pid=81775) wrapper /opt/stack/keystone/keystone/common/sql/core.py:580}}
Mar 01 17:40:06 ubuntu devstack@keystone.service[81774]: WARNING keystone.common.password_hashing [None req-03ae601a-1e8e-4070-86e9-8adbb19ec67b None None] Truncating password to algorithm specific maximum length 72 characters.
Mar 01 17:40:06 ubuntu devstack@keystone.service[81774]: DEBUG keystone.auth.core [None req-03ae601a-1e8e-4070-86e9-8adbb19ec67b None None] MFA Rules not processed for user `c85c70c38eca4da088016389d5138363`. Rule list: `[]` (Enabled: `True`). {{(pid=81774) check_auth_methods_against_rules /opt/stack/keystone/keystone/auth/core.py:476}}
Mar 01 17:40:06 ubuntu devstack@keystone.service[81774]: DEBUG keystone.common.fernet_utils [None req-03ae601a-1e8e-4070-86e9-8adbb19ec67b None None] Loaded 2 Fernet keys from /etc/keystone/fernet-keys/, but `[fernet_tokens] max_active_keys = 3`; perhaps there have not been enough key rotations to reach `max_active_keys` yet? {{(pid=81774) load_keys /opt/stack/keystone/keystone/common/fernet_utils.py:297}}
Mar 01 17:40:06 ubuntu devstack@keystone.service[81775]: ERROR keystone.server.flask.application [None req-6f6c6689-89e0-47ea-a921-1a2a0126dc32 None admin] Conflict occurred attempting to store role - Duplicate entry found with name service.: keystone.exception.Conflict: Conflict occurred attempting to store role - Duplicate entry found with name service.
Mar 01 17:40:06 ubuntu devstack@keystone.service[81775]: ERROR keystone.server.flask.application Traceback (most recent call last):
Mar 01 17:40:06 ubuntu devstack@keystone.service[81775]: ERROR keystone.server.flask.application   File "/opt/stack/data/venv/lib/python3.10/site-packages/sqlalchemy/engine/base.py", line 1967, in _exec_single_context
Mar 01 17:40:06 ubuntu devstack@keystone.service[81775]: ERROR keystone.server.flask.application     self.dialect.do_execute(
Mar 01 17:40:06 ubuntu devstack@keystone.service[81775]: ERROR keystone.server.flask.application   File "/opt/stack/data/venv/lib/python3.10/site-packages/sqlalchemy/engine/default.py", line 952, in do_execute
Mar 01 17:40:06 ubuntu devstack@keystone.service[81775]: ERROR keystone.server.flask.application     cursor.execute(statement, parameters)
Mar 01 17:40:06 ubuntu devstack@keystone.service[81775]: ERROR keystone.server.flask.application   File "/opt/stack/data/venv/lib/python3.10/site-packages/pymysql/cursors.py", line 153, in execute
Mar 01 17:40:06 ubuntu devstack@keystone.service[81775]: ERROR keystone.server.flask.application     result = self._query(query)
Mar 01 17:40:06 ubuntu devstack@keystone.service[81775]: ERROR keystone.server.flask.application   File "/opt/stack/data/venv/lib/python3.10/site-packages/pymysql/cursors.py", line 322, in _query
Mar 01 17:40:06 ubuntu devstack@keystone.service[81775]: ERROR keystone.server.flask.application     conn.query(q)
Mar 01 17:40:06 ubuntu devstack@keystone.service[81775]: ERROR keystone.server.flask.application   File "/opt/stack/data/venv/lib/python3.10/site-packages/pymysql/connections.py", line 575, in query
Mar 01 17:40:06 ubuntu devstack@keystone.service[81775]: ERROR keystone.server.flask.application     self._affected_rows = self._read_query_result(unbuffered=unbuffered)
Mar 01 17:40:06 ubuntu devstack@keystone.service[81775]: ERROR keystone.server.flask.application   File "/opt/stack/data/venv/lib/python3.10/site-packages/pymysql/connections.py", line 826, in _read_query_result
Mar 01 17:40:06 ubuntu devstack@keystone.service[81775]: ERROR keystone.server.flask.application     result.read()
Mar 01 17:40:06 ubuntu devstack@keystone.service[81775]: ERROR keystone.server.flask.application   File "/opt/stack/data/venv/lib/python3.10/site-packages/pymysql/connections.py", line 1203, in read
Mar 01 17:40:06 ubuntu devstack@keystone.service[81775]: ERROR keystone.server.flask.application     first_packet = self.connection._read_packet()
Mar 01 17:40:06 ubuntu devstack@keystone.service[81775]: ERROR keystone.server.flask.application   File "/opt/stack/data/venv/lib/python3.10/site-packages/pymysql/connections.py", line 782, in _read_packet
Mar 01 17:40:06 ubuntu devstack@keystone.service[81775]: ERROR keystone.server.flask.application     packet.raise_for_error()
Mar 01 17:40:06 ubuntu devstack@keystone.service[81775]: ERROR keystone.server.flask.application   File "/opt/stack/data/venv/lib/python3.10/site-packages/pymysql/protocol.py", line 219, in raise_for_error
Mar 01 17:40:06 ubuntu devstack@keystone.service[81775]: ERROR keystone.server.flask.application     err.raise_mysql_exception(self._data)
Mar 01 17:40:06 ubuntu devstack@keystone.service[81775]: ERROR keystone.server.flask.application   File "/opt/stack/data/venv/lib/python3.10/site-packages/pymysql/err.py", line 150, in raise_mysql_exception
Mar 01 17:40:06 ubuntu devstack@keystone.service[81775]: ERROR keystone.server.flask.application     raise errorclass(errno, errval)
Mar 01 17:40:06 ubuntu devstack@keystone.service[81775]: ERROR keystone.server.flask.application pymysql.err.IntegrityError: (1062, "Duplicate entry 'service-<<null>>' for key 'role.ixu_role_name_domain_id'")
Mar 01 17:40:06 ubuntu devstack@keystone.service[81775]: ERROR keystone.server.flask.application 
Mar 01 17:40:06 ubuntu devstack@keystone.service[81775]: ERROR keystone.server.flask.application The above exception was the direct cause of the following exception:
Mar 01 17:40:06 ubuntu devstack@keystone.service[81775]: ERROR keystone.server.flask.application 
Mar 01 17:40:06 ubuntu devstack@keystone.service[81775]: ERROR keystone.server.flask.application Traceback (most recent call last):
Mar 01 17:40:06 ubuntu devstack@keystone.service[81775]: ERROR keystone.server.flask.application   File "/opt/stack/keystone/keystone/common/sql/core.py", line 575, in wrapper
Mar 01 17:40:06 ubuntu devstack@keystone.service[81775]: ERROR keystone.server.flask.application     return method(*args, **kwargs)
Mar 01 17:40:06 ubuntu devstack@keystone.service[81775]: ERROR keystone.server.flask.application   File "/opt/stack/keystone/keystone/assignment/role_backends/sql.py", line 25, in create_role
Mar 01 17:40:06 ubuntu devstack@keystone.service[81775]: ERROR keystone.server.flask.application     with sql.session_for_write() as session:
Mar 01 17:40:06 ubuntu devstack@keystone.service[81775]: ERROR keystone.server.flask.application   File "/usr/lib/python3.10/contextlib.py", line 142, in __exit__
Mar 01 17:40:06 ubuntu devstack@keystone.service[81775]: ERROR keystone.server.flask.application     next(self.gen)
Mar 01 17:40:06 ubuntu devstack@keystone.service[81775]: ERROR keystone.server.flask.application   File "/opt/stack/data/venv/lib/python3.10/site-packages/oslo_db/sqlalchemy/enginefacade.py", line 1175, in _transaction_scope
Mar 01 17:40:06 ubuntu devstack@keystone.service[81775]: ERROR keystone.server.flask.application     with current._produce_block(
Mar 01 17:40:06 ubuntu devstack@keystone.service[81775]: ERROR keystone.server.flask.application   File "/usr/lib/python3.10/contextlib.py", line 142, in __exit__
Mar 01 17:40:06 ubuntu devstack@keystone.service[81775]: ERROR keystone.server.flask.application     next(self.gen)
Mar 01 17:40:06 ubuntu devstack@keystone.service[81775]: ERROR keystone.server.flask.application   File "/opt/stack/data/venv/lib/python3.10/site-packages/oslo_db/sqlalchemy/enginefacade.py", line 837, in _session
Mar 01 17:40:06 ubuntu devstack@keystone.service[81775]: ERROR keystone.server.flask.application     with excutils.save_and_reraise_exception():
Mar 01 17:40:06 ubuntu devstack@keystone.service[81775]: ERROR keystone.server.flask.application   File "/opt/stack/data/venv/lib/python3.10/site-packages/oslo_utils/excutils.py", line 267, in __exit__
Mar 01 17:40:06 ubuntu devstack@keystone.service[81775]: ERROR keystone.server.flask.application     self.force_reraise()
Mar 01 17:40:06 ubuntu devstack@keystone.service[81775]: ERROR keystone.server.flask.application   File "/opt/stack/data/venv/lib/python3.10/site-packages/oslo_utils/excutils.py", line 233, in force_reraise
Mar 01 17:40:06 ubuntu devstack@keystone.service[81775]: ERROR keystone.server.flask.application     raise self.value
Mar 01 17:40:06 ubuntu devstack@keystone.service[81775]: ERROR keystone.server.flask.application   File "/opt/stack/data/venv/lib/python3.10/site-packages/oslo_db/sqlalchemy/enginefacade.py", line 835, in _session
Mar 01 17:40:06 ubuntu devstack@keystone.service[81775]: ERROR keystone.server.flask.application     self._end_session_transaction(self.session)
Mar 01 17:40:06 ubuntu devstack@keystone.service[81775]: ERROR keystone.server.flask.application   File "/opt/stack/data/venv/lib/python3.10/site-packages/oslo_db/sqlalchemy/enginefacade.py", line 748, in _end_session_transaction
Mar 01 17:40:06 ubuntu devstack@keystone.service[81775]: ERROR keystone.server.flask.application     session.commit()
Mar 01 17:40:06 ubuntu devstack@keystone.service[81775]: ERROR keystone.server.flask.application   File "/opt/stack/data/venv/lib/python3.10/site-packages/sqlalchemy/orm/session.py", line 2030, in commit
Mar 01 17:40:06 ubuntu devstack@keystone.service[81775]: ERROR keystone.server.flask.application     trans.commit(_to_root=True)
Mar 01 17:40:06 ubuntu devstack@keystone.service[81775]: ERROR keystone.server.flask.application   File "<string>", line 2, in commit
Mar 01 17:40:06 ubuntu devstack@keystone.service[81775]: ERROR keystone.server.flask.application   File "/opt/stack/data/venv/lib/python3.10/site-packages/sqlalchemy/orm/state_changes.py", line 137, in _go
Mar 01 17:40:06 ubuntu devstack@keystone.service[81775]: ERROR keystone.server.flask.application     ret_value = fn(self, *arg, **kw)
Mar 01 17:40:06 ubuntu devstack@keystone.service[81775]: ERROR keystone.server.flask.application   File "/opt/stack/data/venv/lib/python3.10/site-packages/sqlalchemy/orm/session.py", line 1311, in commit
Mar 01 17:40:06 ubuntu devstack@keystone.service[81775]: ERROR keystone.server.flask.application     self._prepare_impl()
Mar 01 17:40:06 ubuntu devstack@keystone.service[81775]: ERROR keystone.server.flask.application   File "<string>", line 2, in _prepare_impl
Mar 01 17:40:06 ubuntu devstack@keystone.service[81775]: ERROR keystone.server.flask.application   File "/opt/stack/data/venv/lib/python3.10/site-packages/sqlalchemy/orm/state_changes.py", line 137, in _go
Mar 01 17:40:06 ubuntu devstack@keystone.service[81775]: ERROR keystone.server.flask.application     ret_value = fn(self, *arg, **kw)
Mar 01 17:40:06 ubuntu devstack@keystone.service[81775]: ERROR keystone.server.flask.application   File "/opt/stack/data/venv/lib/python3.10/site-packages/sqlalchemy/orm/session.py", line 1286, in _prepare_impl
Mar 01 17:40:06 ubuntu devstack@keystone.service[81775]: ERROR keystone.server.flask.application     self.session.flush()
Mar 01 17:40:06 ubuntu devstack@keystone.service[81775]: ERROR keystone.server.flask.application   File "/opt/stack/data/venv/lib/python3.10/site-packages/sqlalchemy/orm/session.py", line 4331, in flush
Mar 01 17:40:06 ubuntu devstack@keystone.service[81775]: ERROR keystone.server.flask.application     self._flush(objects)
Mar 01 17:40:06 ubuntu devstack@keystone.service[81775]: ERROR keystone.server.flask.application   File "/opt/stack/data/venv/lib/python3.10/site-packages/sqlalchemy/orm/session.py", line 4466, in _flush
Mar 01 17:40:06 ubuntu devstack@keystone.service[81775]: ERROR keystone.server.flask.application     with util.safe_reraise():
Mar 01 17:40:06 ubuntu devstack@keystone.service[81775]: ERROR keystone.server.flask.application   File "/opt/stack/data/venv/lib/python3.10/site-packages/sqlalchemy/util/langhelpers.py", line 224, in __exit__
Mar 01 17:40:06 ubuntu devstack@keystone.service[81775]: ERROR keystone.server.flask.application     raise exc_value.with_traceback(exc_tb)
Mar 01 17:40:06 ubuntu devstack@keystone.service[81775]: ERROR keystone.server.flask.application   File "/opt/stack/data/venv/lib/python3.10/site-packages/sqlalchemy/orm/session.py", line 4427, in _flush
Mar 01 17:40:06 ubuntu devstack@keystone.service[81775]: ERROR keystone.server.flask.application     flush_context.execute()
Mar 01 17:40:06 ubuntu devstack@keystone.service[81775]: ERROR keystone.server.flask.application   File "/opt/stack/data/venv/lib/python3.10/site-packages/sqlalchemy/orm/unitofwork.py", line 466, in execute
Mar 01 17:40:06 ubuntu devstack@keystone.service[81775]: ERROR keystone.server.flask.application     rec.execute(self)
Mar 01 17:40:06 ubuntu devstack@keystone.service[81775]: ERROR keystone.server.flask.application   File "/opt/stack/data/venv/lib/python3.10/site-packages/sqlalchemy/orm/unitofwork.py", line 642, in execute
Mar 01 17:40:06 ubuntu devstack@keystone.service[81775]: ERROR keystone.server.flask.application     util.preloaded.orm_persistence.save_obj(
Mar 01 17:40:06 ubuntu devstack@keystone.service[81775]: ERROR keystone.server.flask.application   File "/opt/stack/data/venv/lib/python3.10/site-packages/sqlalchemy/orm/persistence.py", line 93, in save_obj
Mar 01 17:40:06 ubuntu devstack@keystone.service[81775]: ERROR keystone.server.flask.application     _emit_insert_statements(
Mar 01 17:40:06 ubuntu devstack@keystone.service[81775]: ERROR keystone.server.flask.application   File "/opt/stack/data/venv/lib/python3.10/site-packages/sqlalchemy/orm/persistence.py", line 1048, in _emit_insert_statements
Mar 01 17:40:06 ubuntu devstack@keystone.service[81775]: ERROR keystone.server.flask.application     result = connection.execute(
