Sep 30 05:46:44 ubuntu devstack@g-api.service[119715]: DEBUG glance.common.config [None req-dce11e60-f16b-4bb2-ad03-15a784dbd7e4 None None] database.max_retries           = 10 {{(pid=119715) log_opt_values /opt/stack/data/venv/lib/python3.10/site-packages/oslo_config/cfg.py:2826}}
Sep 30 05:46:44 ubuntu devstack@g-api.service[119716]: DEBUG glance.common.config [None req-6f43c991-0f4b-4795-a980-a55f7ed79722 None None] barbican.barbican_region_name  = None {{(pid=119716) log_opt_values /opt/stack/data/venv/lib/python3.10/site-packages/oslo_config/cfg.py:2826}}
Sep 30 05:46:44 ubuntu devstack@g-api.service[119715]: DEBUG glance.common.config [None req-dce11e60-f16b-4bb2-ad03-15a784dbd7e4 None None] database.mysql_sql_mode        = TRADITIONAL {{(pid=119715) log_opt_values /opt/stack/data/venv/lib/python3.10/site-packages/oslo_config/cfg.py:2826}}
Sep 30 05:46:44 ubuntu devstack@g-api.service[119716]: DEBUG glance.common.config [None req-6f43c991-0f4b-4795-a980-a55f7ed79722 None None] barbican.cafile                = None {{(pid=119716) log_opt_values /opt/stack/data/venv/lib/python3.10/site-packages/oslo_config/cfg.py:2826}}
Sep 30 05:46:44 ubuntu devstack@g-api.service[119715]: DEBUG glance.common.config [None req-dce11e60-f16b-4bb2-ad03-15a784dbd7e4 None None] database.mysql_wsrep_sync_wait = None {{(pid=119715) log_opt_values /opt/stack/data/venv/lib/python3.10/site-packages/oslo_config/cfg.py:2826}}
Sep 30 05:46:44 ubuntu devstack@g-api.service[119716]: DEBUG glance.common.config [None req-6f43c991-0f4b-4795-a980-a55f7ed79722 None None] barbican.certfile              = None {{(pid=119716) log_opt_values /opt/stack/data/venv/lib/python3.10/site-packages/oslo_config/cfg.py:2826}}
Sep 30 05:46:44 ubuntu devstack@g-api.service[119715]: DEBUG glance.common.config [None req-dce11e60-f16b-4bb2-ad03-15a784dbd7e4 None None] database.pool_timeout          = None {{(pid=119715) log_opt_values /opt/stack/data/venv/lib/python3.10/site-packages/oslo_config/cfg.py:2826}}
Sep 30 05:46:44 ubuntu devstack@g-api.service[119716]: DEBUG glance.common.config [None req-6f43c991-0f4b-4795-a980-a55f7ed79722 None None] barbican.collect_timing        = False {{(pid=119716) log_opt_values /opt/stack/data/venv/lib/python3.10/site-packages/oslo_config/cfg.py:2826}}
Sep 30 05:46:44 ubuntu devstack@g-api.service[119715]: DEBUG glance.common.config [None req-dce11e60-f16b-4bb2-ad03-15a784dbd7e4 None None] database.retry_interval        = 10 {{(pid=119715) log_opt_values /opt/stack/data/venv/lib/python3.10/site-packages/oslo_config/cfg.py:2826}}
Sep 30 05:46:44 ubuntu devstack@g-api.service[119716]: DEBUG glance.common.config [None req-6f43c991-0f4b-4795-a980-a55f7ed79722 None None] barbican.insecure              = False {{(pid=119716) log_opt_values /opt/stack/data/venv/lib/python3.10/site-packages/oslo_config/cfg.py:2826}}
Sep 30 05:46:44 ubuntu devstack@g-api.service[119715]: DEBUG glance.common.config [None req-dce11e60-f16b-4bb2-ad03-15a784dbd7e4 None None] database.slave_connection      = **** {{(pid=119715) log_opt_values /opt/stack/data/venv/lib/python3.10/site-packages/oslo_config/cfg.py:2826}}
Sep 30 05:46:44 ubuntu devstack@g-api.service[119716]: DEBUG glance.common.config [None req-6f43c991-0f4b-4795-a980-a55f7ed79722 None None] barbican.keyfile               = None {{(pid=119716) log_opt_values /opt/stack/data/venv/lib/python3.10/site-packages/oslo_config/cfg.py:2826}}
Sep 30 05:46:44 ubuntu devstack@g-api.service[119715]: DEBUG glance.common.config [None req-dce11e60-f16b-4bb2-ad03-15a784dbd7e4 None None] database.sqlite_synchronous    = True {{(pid=119715) log_opt_values /opt/stack/data/venv/lib/python3.10/site-packages/oslo_config/cfg.py:2826}}
Sep 30 05:46:44 ubuntu devstack@g-api.service[119716]: DEBUG glance.common.config [None req-6f43c991-0f4b-4795-a980-a55f7ed79722 None None] barbican.number_of_retries     = 60 {{(pid=119716) log_opt_values /opt/stack/data/venv/lib/python3.10/site-packages/oslo_config/cfg.py:2826}}
Sep 30 05:46:44 ubuntu devstack@g-api.service[119715]: DEBUG glance.common.config [None req-dce11e60-f16b-4bb2-ad03-15a784dbd7e4 None None] database.use_db_reconnect      = False {{(pid=119715) log_opt_values /opt/stack/data/venv/lib/python3.10/site-packages/oslo_config/cfg.py:2826}}
Sep 30 05:46:44 ubuntu devstack@g-api.service[119716]: DEBUG glance.common.config [None req-6f43c991-0f4b-4795-a980-a55f7ed79722 None None] barbican.retry_delay           = 1 {{(pid=119716) log_opt_values /opt/stack/data/venv/lib/python3.10/site-packages/oslo_config/cfg.py:2826}}
Sep 30 05:46:44 ubuntu devstack@g-api.service[119715]: DEBUG glance.common.config [None req-dce11e60-f16b-4bb2-ad03-15a784dbd7e4 None None] healthcheck.allowed_source_ranges = [] {{(pid=119715) log_opt_values /opt/stack/data/venv/lib/python3.10/site-packages/oslo_config/cfg.py:2826}}
Sep 30 05:46:44 ubuntu devstack@g-api.service[119716]: DEBUG glance.common.config [None req-6f43c991-0f4b-4795-a980-a55f7ed79722 None None] barbican.send_service_user_token = False {{(pid=119716) log_opt_values /opt/stack/data/venv/lib/python3.10/site-packages/oslo_config/cfg.py:2826}}
Sep 30 05:46:44 ubuntu devstack@g-api.service[119715]: DEBUG glance.common.config [None req-dce11e60-f16b-4bb2-ad03-15a784dbd7e4 None None] healthcheck.backends           = ['disable_by_file'] {{(pid=119715) log_opt_values /opt/stack/data/venv/lib/python3.10/site-packages/oslo_config/cfg.py:2826}}
Sep 30 05:46:44 ubuntu devstack@g-api.service[119716]: DEBUG glance.common.config [None req-6f43c991-0f4b-4795-a980-a55f7ed79722 None None] barbican.split_loggers         = False {{(pid=119716) log_opt_values /opt/stack/data/venv/lib/python3.10/site-packages/oslo_config/cfg.py:2826}}
Sep 30 05:46:44 ubuntu devstack@g-api.service[119715]: DEBUG glance.common.config [None req-dce11e60-f16b-4bb2-ad03-15a784dbd7e4 None None] healthcheck.detailed           = False {{(pid=119715) log_opt_values /opt/stack/data/venv/lib/python3.10/site-packages/oslo_config/cfg.py:2826}}
Sep 30 05:46:44 ubuntu devstack@g-api.service[119716]: DEBUG glance.common.config [None req-6f43c991-0f4b-4795-a980-a55f7ed79722 None None] barbican.timeout               = None {{(pid=119716) log_opt_values /opt/stack/data/venv/lib/python3.10/site-packages/oslo_config/cfg.py:2826}}
Sep 30 05:46:44 ubuntu devstack@g-api.service[119715]: DEBUG glance.common.config [None req-dce11e60-f16b-4bb2-ad03-15a784dbd7e4 None None] healthcheck.disable_by_file_path = None {{(pid=119715) log_opt_values /opt/stack/data/venv/lib/python3.10/site-packages/oslo_config/cfg.py:2826}}
Sep 30 05:46:44 ubuntu devstack@g-api.service[119716]: DEBUG glance.common.config [None req-6f43c991-0f4b-4795-a980-a55f7ed79722 None None] barbican.verify_ssl            = True {{(pid=119716) log_opt_values /opt/stack/data/venv/lib/python3.10/site-packages/oslo_config/cfg.py:2826}}
Sep 30 05:46:44 ubuntu devstack@g-api.service[119715]: DEBUG glance.common.config [None req-dce11e60-f16b-4bb2-ad03-15a784dbd7e4 None None] healthcheck.ignore_proxied_requests = False {{(pid=119715) log_opt_values /opt/stack/data/venv/lib/python3.10/site-packages/oslo_config/cfg.py:2826}}
Sep 30 05:46:44 ubuntu devstack@g-api.service[119716]: DEBUG glance.common.config [None req-6f43c991-0f4b-4795-a980-a55f7ed79722 None None] barbican.verify_ssl_path       = None {{(pid=119716) log_opt_values /opt/stack/data/venv/lib/python3.10/site-packages/oslo_config/cfg.py:2826}}
Sep 30 05:46:44 ubuntu devstack@g-api.service[119716]: DEBUG glance.common.config [None req-6f43c991-0f4b-4795-a980-a55f7ed79722 None None] barbican_service_user.auth_section = None {{(pid=119716) log_opt_values /opt/stack/data/venv/lib/python3.10/site-packages/oslo_config/cfg.py:2826}}
Sep 30 05:46:44 ubuntu devstack@g-api.service[119715]: DEBUG glance.common.config [None req-dce11e60-f16b-4bb2-ad03-15a784dbd7e4 None None] healthcheck.path               = /healthcheck {{(pid=119715) log_opt_values /opt/stack/data/venv/lib/python3.10/site-packages/oslo_config/cfg.py:2826}}
Sep 30 05:46:44 ubuntu devstack@g-api.service[119715]: DEBUG glance.common.config [None req-dce11e60-f16b-4bb2-ad03-15a784dbd7e4 None None] ******************************************************************************** {{(pid=119715) log_opt_values /opt/stack/data/venv/lib/python3.10/site-packages/oslo_config/cfg.py:2830}}
Sep 30 05:46:44 ubuntu devstack@g-api.service[119716]: DEBUG glance.common.config [None req-6f43c991-0f4b-4795-a980-a55f7ed79722 None None] barbican_service_user.auth_type = None {{(pid=119716) log_opt_values /opt/stack/data/venv/lib/python3.10/site-packages/oslo_config/cfg.py:2826}}
Sep 30 05:46:44 ubuntu devstack@g-api.service[119715]: WSGI app 0 (mountpoint='') ready in 3 seconds on interpreter 0x55fb823b7e00 pid: 119715 (default app)
Sep 30 05:46:44 ubuntu devstack@g-api.service[119716]: DEBUG glance.common.config [None req-6f43c991-0f4b-4795-a980-a55f7ed79722 None None] barbican_service_user.cafile   = None {{(pid=119716) log_opt_values /opt/stack/data/venv/lib/python3.10/site-packages/oslo_config/cfg.py:2826}}
Sep 30 05:46:44 ubuntu devstack@g-api.service[119716]: DEBUG glance.common.config [None req-6f43c991-0f4b-4795-a980-a55f7ed79722 None None] barbican_service_user.certfile = None {{(pid=119716) log_opt_values /opt/stack/data/venv/lib/python3.10/site-packages/oslo_config/cfg.py:2826}}
Sep 30 05:46:44 ubuntu devstack@g-api.service[119716]: DEBUG glance.common.config [None req-6f43c991-0f4b-4795-a980-a55f7ed79722 None None] barbican_service_user.collect_timing = False {{(pid=119716) log_opt_values /opt/stack/data/venv/lib/python3.10/site-packages/oslo_config/cfg.py:2826}}
Sep 30 05:46:44 ubuntu devstack@g-api.service[119716]: DEBUG glance.common.config [None req-6f43c991-0f4b-4795-a980-a55f7ed79722 None None] barbican_service_user.insecure = False {{(pid=119716) log_opt_values /opt/stack/data/venv/lib/python3.10/site-packages/oslo_config/cfg.py:2826}}
Sep 30 05:46:44 ubuntu devstack@g-api.service[119716]: DEBUG glance.common.config [None req-6f43c991-0f4b-4795-a980-a55f7ed79722 None None] barbican_service_user.keyfile  = None {{(pid=119716) log_opt_values /opt/stack/data/venv/lib/python3.10/site-packages/oslo_config/cfg.py:2826}}
Sep 30 05:46:44 ubuntu devstack@g-api.service[119715]: DEBUG glance.api.middleware.version_negotiation [None req-dce11e60-f16b-4bb2-ad03-15a784dbd7e4 None None] Determining version of request: GET / Accept: */* {{(pid=119715) process_request /opt/stack/glance/glance/api/middleware/version_negotiation.py:44}}
Sep 30 05:46:44 ubuntu devstack@g-api.service[119716]: DEBUG glance.common.config [None req-6f43c991-0f4b-4795-a980-a55f7ed79722 None None] barbican_service_user.split_loggers = False {{(pid=119716) log_opt_values /opt/stack/data/venv/lib/python3.10/site-packages/oslo_config/cfg.py:2826}}
Sep 30 05:46:44 ubuntu devstack@g-api.service[119715]: DEBUG glance.api.middleware.version_negotiation [None req-dce11e60-f16b-4bb2-ad03-15a784dbd7e4 None None] Using url versioning {{(pid=119715) process_request /opt/stack/glance/glance/api/middleware/version_negotiation.py:57}}
Sep 30 05:46:44 ubuntu devstack@g-api.service[119716]: DEBUG glance.common.config [None req-6f43c991-0f4b-4795-a980-a55f7ed79722 None None] barbican_service_user.timeout  = None {{(pid=119716) log_opt_values /opt/stack/data/venv/lib/python3.10/site-packages/oslo_config/cfg.py:2826}}
Sep 30 05:46:44 ubuntu devstack@g-api.service[119716]: DEBUG glance.common.config [None req-6f43c991-0f4b-4795-a980-a55f7ed79722 None None] database.backend               = sqlalchemy {{(pid=119716) log_opt_values /opt/stack/data/venv/lib/python3.10/site-packages/oslo_config/cfg.py:2826}}
Sep 30 05:46:44 ubuntu devstack@g-api.service[119715]: DEBUG glance.api.middleware.version_negotiation [None req-dce11e60-f16b-4bb2-ad03-15a784dbd7e4 None None] Unknown version. Returning version choices. {{(pid=119715) process_request /opt/stack/glance/glance/api/middleware/version_negotiation.py:64}}
Sep 30 05:46:44 ubuntu devstack@g-api.service[119716]: DEBUG glance.common.config [None req-6f43c991-0f4b-4795-a980-a55f7ed79722 None None] database.connection            = **** {{(pid=119716) log_opt_values /opt/stack/data/venv/lib/python3.10/site-packages/oslo_config/cfg.py:2826}}
Sep 30 05:46:44 ubuntu devstack@g-api.service[119716]: DEBUG glance.common.config [None req-6f43c991-0f4b-4795-a980-a55f7ed79722 None None] database.connection_debug      = 0 {{(pid=119716) log_opt_values /opt/stack/data/venv/lib/python3.10/site-packages/oslo_config/cfg.py:2826}}
Sep 30 05:46:44 ubuntu devstack@g-api.service[119716]: DEBUG glance.common.config [None req-6f43c991-0f4b-4795-a980-a55f7ed79722 None None] database.connection_parameters =  {{(pid=119716) log_opt_values /opt/stack/data/venv/lib/python3.10/site-packages/oslo_config/cfg.py:2826}}
Sep 30 05:46:44 ubuntu devstack@g-api.service[119716]: DEBUG glance.common.config [None req-6f43c991-0f4b-4795-a980-a55f7ed79722 None None] database.connection_recycle_time = 3600 {{(pid=119716) log_opt_values /opt/stack/data/venv/lib/python3.10/site-packages/oslo_config/cfg.py:2826}}
Sep 30 05:46:44 ubuntu devstack@g-api.service[119716]: DEBUG glance.common.config [None req-6f43c991-0f4b-4795-a980-a55f7ed79722 None None] database.connection_trace      = False {{(pid=119716) log_opt_values /opt/stack/data/venv/lib/python3.10/site-packages/oslo_config/cfg.py:2826}}
Sep 30 05:46:44 ubuntu devstack@g-api.service[119715]: [pid: 119715|app: 0|req: 1/1] 127.0.0.1 () {32 vars in 386 bytes} [Mon Sep 30 05:46:44 2024] GET / => generated 1407 bytes in 1 msecs (HTTP/1.1 300) 3 headers in 106 bytes (1 switches on core 0)
Sep 30 05:46:44 ubuntu devstack@g-api.service[119716]: DEBUG glance.common.config [None req-6f43c991-0f4b-4795-a980-a55f7ed79722 None None] database.db_inc_retry_interval = True {{(pid=119716) log_opt_values /opt/stack/data/venv/lib/python3.10/site-packages/oslo_config/cfg.py:2826}}
Sep 30 05:46:44 ubuntu devstack@g-api.service[119716]: DEBUG glance.common.config [None req-6f43c991-0f4b-4795-a980-a55f7ed79722 None None] database.db_max_retries        = 20 {{(pid=119716) log_opt_values /opt/stack/data/venv/lib/python3.10/site-packages/oslo_config/cfg.py:2826}}
Sep 30 05:46:44 ubuntu devstack@g-api.service[119716]: DEBUG glance.common.config [None req-6f43c991-0f4b-4795-a980-a55f7ed79722 None None] database.db_max_retry_interval = 10 {{(pid=119716) log_opt_values /opt/stack/data/venv/lib/python3.10/site-packages/oslo_config/cfg.py:2826}}
Sep 30 05:46:44 ubuntu devstack@g-api.service[119716]: DEBUG glance.common.config [None req-6f43c991-0f4b-4795-a980-a55f7ed79722 None None] database.db_retry_interval     = 1 {{(pid=119716) log_opt_values /opt/stack/data/venv/lib/python3.10/site-packages/oslo_config/cfg.py:2826}}
Sep 30 05:46:44 ubuntu devstack@g-api.service[119716]: DEBUG glance.common.config [None req-6f43c991-0f4b-4795-a980-a55f7ed79722 None None] database.max_overflow          = 50 {{(pid=119716) log_opt_values /opt/stack/data/venv/lib/python3.10/site-packages/oslo_config/cfg.py:2826}}
Sep 30 05:46:44 ubuntu devstack@g-api.service[119716]: DEBUG glance.common.config [None req-6f43c991-0f4b-4795-a980-a55f7ed79722 None None] database.max_pool_size         = 5 {{(pid=119716) log_opt_values /opt/stack/data/venv/lib/python3.10/site-packages/oslo_config/cfg.py:2826}}
Sep 30 05:46:44 ubuntu devstack@g-api.service[119716]: DEBUG glance.common.config [None req-6f43c991-0f4b-4795-a980-a55f7ed79722 None None] database.max_retries           = 10 {{(pid=119716) log_opt_values /opt/stack/data/venv/lib/python3.10/site-packages/oslo_config/cfg.py:2826}}
Sep 30 05:46:44 ubuntu devstack@g-api.service[119716]: DEBUG glance.common.config [None req-6f43c991-0f4b-4795-a980-a55f7ed79722 None None] database.mysql_sql_mode        = TRADITIONAL {{(pid=119716) log_opt_values /opt/stack/data/venv/lib/python3.10/site-packages/oslo_config/cfg.py:2826}}
Sep 30 05:46:44 ubuntu devstack@g-api.service[119716]: DEBUG glance.common.config [None req-6f43c991-0f4b-4795-a980-a55f7ed79722 None None] database.mysql_wsrep_sync_wait = None {{(pid=119716) log_opt_values /opt/stack/data/venv/lib/python3.10/site-packages/oslo_config/cfg.py:2826}}
Sep 30 05:46:44 ubuntu devstack@g-api.service[119716]: DEBUG glance.common.config [None req-6f43c991-0f4b-4795-a980-a55f7ed79722 None None] database.pool_timeout          = None {{(pid=119716) log_opt_values /opt/stack/data/venv/lib/python3.10/site-packages/oslo_config/cfg.py:2826}}
Sep 30 05:46:44 ubuntu devstack@g-api.service[119716]: DEBUG glance.common.config [None req-6f43c991-0f4b-4795-a980-a55f7ed79722 None None] database.retry_interval        = 10 {{(pid=119716) log_opt_values /opt/stack/data/venv/lib/python3.10/site-packages/oslo_config/cfg.py:2826}}
Sep 30 05:46:44 ubuntu devstack@g-api.service[119716]: DEBUG glance.common.config [None req-6f43c991-0f4b-4795-a980-a55f7ed79722 None None] database.slave_connection      = **** {{(pid=119716) log_opt_values /opt/stack/data/venv/lib/python3.10/site-packages/oslo_config/cfg.py:2826}}
Sep 30 05:46:44 ubuntu devstack@g-api.service[119716]: DEBUG glance.common.config [None req-6f43c991-0f4b-4795-a980-a55f7ed79722 None None] database.sqlite_synchronous    = True {{(pid=119716) log_opt_values /opt/stack/data/venv/lib/python3.10/site-packages/oslo_config/cfg.py:2826}}
Sep 30 05:46:44 ubuntu devstack@g-api.service[119716]: DEBUG glance.common.config [None req-6f43c991-0f4b-4795-a980-a55f7ed79722 None None] database.use_db_reconnect      = False {{(pid=119716) log_opt_values /opt/stack/data/venv/lib/python3.10/site-packages/oslo_config/cfg.py:2826}}
Sep 30 05:46:44 ubuntu devstack@g-api.service[119716]: DEBUG glance.common.config [None req-6f43c991-0f4b-4795-a980-a55f7ed79722 None None] healthcheck.allowed_source_ranges = [] {{(pid=119716) log_opt_values /opt/stack/data/venv/lib/python3.10/site-packages/oslo_config/cfg.py:2826}}
Sep 30 05:46:44 ubuntu devstack@g-api.service[119716]: DEBUG glance.common.config [None req-6f43c991-0f4b-4795-a980-a55f7ed79722 None None] healthcheck.backends           = ['disable_by_file'] {{(pid=119716) log_opt_values /opt/stack/data/venv/lib/python3.10/site-packages/oslo_config/cfg.py:2826}}
Sep 30 05:46:44 ubuntu devstack@g-api.service[119716]: DEBUG glance.common.config [None req-6f43c991-0f4b-4795-a980-a55f7ed79722 None None] healthcheck.detailed           = False {{(pid=119716) log_opt_values /opt/stack/data/venv/lib/python3.10/site-packages/oslo_config/cfg.py:2826}}
Sep 30 05:46:44 ubuntu devstack@g-api.service[119716]: DEBUG glance.common.config [None req-6f43c991-0f4b-4795-a980-a55f7ed79722 None None] healthcheck.disable_by_file_path = None {{(pid=119716) log_opt_values /opt/stack/data/venv/lib/python3.10/site-packages/oslo_config/cfg.py:2826}}
Sep 30 05:46:44 ubuntu devstack@g-api.service[119716]: DEBUG glance.common.config [None req-6f43c991-0f4b-4795-a980-a55f7ed79722 None None] healthcheck.ignore_proxied_requests = False {{(pid=119716) log_opt_values /opt/stack/data/venv/lib/python3.10/site-packages/oslo_config/cfg.py:2826}}
Sep 30 05:46:44 ubuntu devstack@g-api.service[119716]: DEBUG glance.common.config [None req-6f43c991-0f4b-4795-a980-a55f7ed79722 None None] healthcheck.path               = /healthcheck {{(pid=119716) log_opt_values /opt/stack/data/venv/lib/python3.10/site-packages/oslo_config/cfg.py:2826}}
Sep 30 05:46:44 ubuntu devstack@g-api.service[119716]: DEBUG glance.common.config [None req-6f43c991-0f4b-4795-a980-a55f7ed79722 None None] ******************************************************************************** {{(pid=119716) log_opt_values /opt/stack/data/venv/lib/python3.10/site-packages/oslo_config/cfg.py:2830}}
Sep 30 05:46:44 ubuntu devstack@g-api.service[119716]: WSGI app 0 (mountpoint='') ready in 3 seconds on interpreter 0x55fb823b7e00 pid: 119716 (default app)
Sep 30 05:46:50 ubuntu devstack@g-api.service[119715]: DEBUG glance.api.middleware.version_negotiation [None req-dce11e60-f16b-4bb2-ad03-15a784dbd7e4 None None] Determining version of request: GET / Accept: application/json {{(pid=119715) process_request /opt/stack/glance/glance/api/middleware/version_negotiation.py:44}}
Sep 30 05:46:50 ubuntu devstack@g-api.service[119715]: DEBUG glance.api.middleware.version_negotiation [None req-dce11e60-f16b-4bb2-ad03-15a784dbd7e4 None None] Using url versioning {{(pid=119715) process_request /opt/stack/glance/glance/api/middleware/version_negotiation.py:57}}
Sep 30 05:46:50 ubuntu devstack@g-api.service[119715]: DEBUG glance.api.middleware.version_negotiation [None req-dce11e60-f16b-4bb2-ad03-15a784dbd7e4 None None] Unknown version. Returning version choices. {{(pid=119715) process_request /opt/stack/glance/glance/api/middleware/version_negotiation.py:64}}
Sep 30 05:46:50 ubuntu devstack@g-api.service[119715]: [pid: 119715|app: 0|req: 2/2] 127.0.0.1 () {34 vars in 502 bytes} [Mon Sep 30 05:46:50 2024] GET / => generated 1407 bytes in 1 msecs (HTTP/1.1 300) 3 headers in 106 bytes (1 switches on core 0)
Sep 30 05:46:50 ubuntu devstack@g-api.service[119716]: DEBUG glance.api.middleware.version_negotiation [None req-6f43c991-0f4b-4795-a980-a55f7ed79722 None None] Determining version of request: POST /v2/images Accept: */* {{(pid=119716) process_request /opt/stack/glance/glance/api/middleware/version_negotiation.py:44}}
Sep 30 05:46:50 ubuntu devstack@g-api.service[119716]: DEBUG glance.api.middleware.version_negotiation [None req-6f43c991-0f4b-4795-a980-a55f7ed79722 None None] Using url versioning {{(pid=119716) process_request /opt/stack/glance/glance/api/middleware/version_negotiation.py:57}}
Sep 30 05:46:50 ubuntu devstack@g-api.service[119716]: DEBUG glance.api.middleware.version_negotiation [None req-6f43c991-0f4b-4795-a980-a55f7ed79722 None None] Matched version: v2 {{(pid=119716) process_request /opt/stack/glance/glance/api/middleware/version_negotiation.py:69}}
Sep 30 05:46:50 ubuntu devstack@g-api.service[119716]: DEBUG glance.api.middleware.version_negotiation [None req-6f43c991-0f4b-4795-a980-a55f7ed79722 None None] new path /v2/images {{(pid=119716) process_request /opt/stack/glance/glance/api/middleware/version_negotiation.py:70}}
Sep 30 05:46:51 ubuntu devstack@g-api.service[119716]: [pid: 119716|app: 0|req: 1/3] 127.0.0.1 () {40 vars in 765 bytes} [Mon Sep 30 05:46:50 2024] POST /v2/images => generated 807 bytes in 1280 msecs (HTTP/1.1 201) 6 headers in 314 bytes (1 switches on core 0)
Sep 30 05:46:51 ubuntu devstack@g-api.service[119715]: DEBUG glance.api.middleware.version_negotiation [None req-dce11e60-f16b-4bb2-ad03-15a784dbd7e4 None None] Determining version of request: PUT /v2/images/eb924e90-1a57-4b2e-aec4-bfd5ea217235/file Accept:  {{(pid=119715) process_request /opt/stack/glance/glance/api/middleware/version_negotiation.py:44}}
Sep 30 05:46:51 ubuntu devstack@g-api.service[119715]: DEBUG glance.api.middleware.version_negotiation [None req-dce11e60-f16b-4bb2-ad03-15a784dbd7e4 None None] Using url versioning {{(pid=119715) process_request /opt/stack/glance/glance/api/middleware/version_negotiation.py:57}}
Sep 30 05:46:51 ubuntu devstack@g-api.service[119715]: DEBUG glance.api.middleware.version_negotiation [None req-dce11e60-f16b-4bb2-ad03-15a784dbd7e4 None None] Matched version: v2 {{(pid=119715) process_request /opt/stack/glance/glance/api/middleware/version_negotiation.py:69}}
Sep 30 05:46:51 ubuntu devstack@g-api.service[119715]: DEBUG glance.api.middleware.version_negotiation [None req-dce11e60-f16b-4bb2-ad03-15a784dbd7e4 None None] new path /v2/images/eb924e90-1a57-4b2e-aec4-bfd5ea217235/file {{(pid=119715) process_request /opt/stack/glance/glance/api/middleware/version_negotiation.py:70}}
Sep 30 05:46:51 ubuntu devstack@g-api.service[119715]: INFO glance.api.v2.image_data [None req-1524adc3-025a-4eea-b256-2689a45187ee admin admin] Unable to create trust: no such option collect_timing in group [keystone_authtoken] Use the existing user token.
Sep 30 05:46:52 ubuntu devstack@g-api.service[119715]: DEBUG glance.location [None req-1524adc3-025a-4eea-b256-2689a45187ee admin admin] Enabling in-flight format inspection for qcow2 {{(pid=119715) set_data /opt/stack/glance/glance/location.py:588}}
Sep 30 05:46:52 ubuntu devstack@g-api.service[119715]: DEBUG glance_store.backend [None req-1524adc3-025a-4eea-b256-2689a45187ee admin admin] Attempting to import store swift {{(pid=119715) _load_store /opt/stack/data/venv/lib/python3.10/site-packages/glance_store/backend.py:216}}
Sep 30 05:46:52 ubuntu devstack@g-api.service[119715]: DEBUG glance_store.capabilities [None req-1524adc3-025a-4eea-b256-2689a45187ee admin admin] Store glance_store._drivers.swift.store.SingleTenantStore doesn't support updating dynamic storage capabilities. Please overwrite 'update_capabilities' method of the store to implement updating logics if needed. {{(pid=119715) update_capabilities /opt/stack/data/venv/lib/python3.10/site-packages/glance_store/capabilities.py:91}}
Sep 30 05:46:52 ubuntu devstack@g-api.service[119715]: DEBUG glance_store.driver [None req-1524adc3-025a-4eea-b256-2689a45187ee admin admin] Late loading location class glance_store._drivers.swift.store.StoreLocation {{(pid=119715) get_store_location_class /opt/stack/data/venv/lib/python3.10/site-packages/glance_store/driver.py:133}}
Sep 30 05:46:52 ubuntu devstack@g-api.service[119715]: DEBUG glance_store.location [None req-1524adc3-025a-4eea-b256-2689a45187ee admin admin] Registering scheme swift+https with {'store': <glance_store._drivers.swift.store.SingleTenantStore object at 0x7fc4790de1d0>, 'location_class': <class 'glance_store._drivers.swift.store.StoreLocation'>, 'store_entry': 'swift'} {{(pid=119715) register_scheme_map /opt/stack/data/venv/lib/python3.10/site-packages/glance_store/location.py:146}}
Sep 30 05:46:52 ubuntu devstack@g-api.service[119715]: DEBUG glance_store.location [None req-1524adc3-025a-4eea-b256-2689a45187ee admin admin] Registering scheme swift+https with {'store': <glance_store._drivers.swift.store.SingleTenantStore object at 0x7fc4790de1d0>, 'location_class': <class 'glance_store._drivers.swift.store.StoreLocation'>, 'store_entry': 'swift'} {{(pid=119715) register_scheme_map /opt/stack/data/venv/lib/python3.10/site-packages/glance_store/location.py:146}}
Sep 30 05:46:52 ubuntu devstack@g-api.service[119715]: DEBUG glance_store.location [None req-1524adc3-025a-4eea-b256-2689a45187ee admin admin] Registering scheme swift with {'store': <glance_store._drivers.swift.store.SingleTenantStore object at 0x7fc4790de1d0>, 'location_class': <class 'glance_store._drivers.swift.store.StoreLocation'>, 'store_entry': 'swift'} {{(pid=119715) register_scheme_map /opt/stack/data/venv/lib/python3.10/site-packages/glance_store/location.py:146}}
Sep 30 05:46:52 ubuntu devstack@g-api.service[119715]: DEBUG glance_store.location [None req-1524adc3-025a-4eea-b256-2689a45187ee admin admin] Registering scheme swift+https with {'store': <glance_store._drivers.swift.store.SingleTenantStore object at 0x7fc4790de1d0>, 'location_class': <class 'glance_store._drivers.swift.store.StoreLocation'>, 'store_entry': 'swift'} {{(pid=119715) register_scheme_map /opt/stack/data/venv/lib/python3.10/site-packages/glance_store/location.py:146}}
Sep 30 05:46:52 ubuntu devstack@g-api.service[119715]: DEBUG glance_store.location [None req-1524adc3-025a-4eea-b256-2689a45187ee admin admin] Registering scheme swift with {'store': <glance_store._drivers.swift.store.SingleTenantStore object at 0x7fc4790de1d0>, 'location_class': <class 'glance_store._drivers.swift.store.StoreLocation'>, 'store_entry': 'swift'} {{(pid=119715) register_scheme_map /opt/stack/data/venv/lib/python3.10/site-packages/glance_store/location.py:146}}
Sep 30 05:46:52 ubuntu devstack@g-api.service[119715]: DEBUG glance_store.location [None req-1524adc3-025a-4eea-b256-2689a45187ee admin admin] Registering scheme swift+http with {'store': <glance_store._drivers.swift.store.SingleTenantStore object at 0x7fc4790de1d0>, 'location_class': <class 'glance_store._drivers.swift.store.StoreLocation'>, 'store_entry': 'swift'} {{(pid=119715) register_scheme_map /opt/stack/data/venv/lib/python3.10/site-packages/glance_store/location.py:146}}
Sep 30 05:46:52 ubuntu devstack@g-api.service[119715]: DEBUG glance_store.location [None req-1524adc3-025a-4eea-b256-2689a45187ee admin admin] Registering scheme swift+https with {'store': <glance_store._drivers.swift.store.SingleTenantStore object at 0x7fc4790de1d0>, 'location_class': <class 'glance_store._drivers.swift.store.StoreLocation'>, 'store_entry': 'swift'} {{(pid=119715) register_scheme_map /opt/stack/data/venv/lib/python3.10/site-packages/glance_store/location.py:146}}
Sep 30 05:46:52 ubuntu devstack@g-api.service[119715]: DEBUG glance_store.location [None req-1524adc3-025a-4eea-b256-2689a45187ee admin admin] Registering scheme swift with {'store': <glance_store._drivers.swift.store.SingleTenantStore object at 0x7fc4790de1d0>, 'location_class': <class 'glance_store._drivers.swift.store.StoreLocation'>, 'store_entry': 'swift'} {{(pid=119715) register_scheme_map /opt/stack/data/venv/lib/python3.10/site-packages/glance_store/location.py:146}}
Sep 30 05:46:52 ubuntu devstack@g-api.service[119715]: DEBUG glance_store.location [None req-1524adc3-025a-4eea-b256-2689a45187ee admin admin] Registering scheme swift+http with {'store': <glance_store._drivers.swift.store.SingleTenantStore object at 0x7fc4790de1d0>, 'location_class': <class 'glance_store._drivers.swift.store.StoreLocation'>, 'store_entry': 'swift'} {{(pid=119715) register_scheme_map /opt/stack/data/venv/lib/python3.10/site-packages/glance_store/location.py:146}}
Sep 30 05:46:52 ubuntu devstack@g-api.service[119715]: DEBUG glance_store.location [None req-1524adc3-025a-4eea-b256-2689a45187ee admin admin] Registering scheme swift+config with {'store': <glance_store._drivers.swift.store.SingleTenantStore object at 0x7fc4790de1d0>, 'location_class': <class 'glance_store._drivers.swift.store.StoreLocation'>, 'store_entry': 'swift'} {{(pid=119715) register_scheme_map /opt/stack/data/venv/lib/python3.10/site-packages/glance_store/location.py:146}}
Sep 30 05:46:52 ubuntu devstack@g-api.service[119715]: INFO swiftclient [None req-1524adc3-025a-4eea-b256-2689a45187ee admin admin] REQ: curl -i http://10.201.5.82:8080/v1/AUTH_c3166a0e679f413d80ed33d086928089/glance -I -H "X-Auth-Token: gAAAAABm-jtMf0ej..."
Sep 30 05:46:52 ubuntu devstack@g-api.service[119715]: INFO swiftclient [None req-1524adc3-025a-4eea-b256-2689a45187ee admin admin] RESP STATUS: 404 Not Found
Sep 30 05:46:52 ubuntu devstack@g-api.service[119715]: INFO swiftclient [None req-1524adc3-025a-4eea-b256-2689a45187ee admin admin] RESP HEADERS: {'Content-Type': 'text/html; charset=UTF-8', 'Content-Length': '0', 'X-Container-Sharding': 'False', 'X-Trans-Id': 'txbd08ae474aea4911a4fa6-0066fa3b4c', 'X-Openstack-Request-Id': 'txbd08ae474aea4911a4fa6-0066fa3b4c', 'Date': 'Mon, 30 Sep 2024 05:46:52 GMT'}
Sep 30 05:46:52 ubuntu devstack@g-api.service[119715]: INFO glance_store._drivers.swift.store [None req-1524adc3-025a-4eea-b256-2689a45187ee admin admin] Creating swift container glance
Sep 30 05:46:52 ubuntu devstack@g-api.service[119715]: DEBUG swiftclient [None req-1524adc3-025a-4eea-b256-2689a45187ee admin admin] REQ: curl -i http://10.201.5.82:8080/v1/AUTH_c3166a0e679f413d80ed33d086928089/glance -X PUT -H "X-Auth-Token: gAAAAABm-jtMf0ej..." -H "Content-Length: 0" {{(pid=119715) http_log /opt/stack/data/venv/lib/python3.10/site-packages/swiftclient/client.py:160}}
Sep 30 05:46:52 ubuntu devstack@g-api.service[119715]: DEBUG swiftclient [None req-1524adc3-025a-4eea-b256-2689a45187ee admin admin] RESP STATUS: 201 Created {{(pid=119715) http_log /opt/stack/data/venv/lib/python3.10/site-packages/swiftclient/client.py:161}}
Sep 30 05:46:52 ubuntu devstack@g-api.service[119715]: DEBUG swiftclient [None req-1524adc3-025a-4eea-b256-2689a45187ee admin admin] RESP HEADERS: {'Content-Type': 'text/html; charset=UTF-8', 'Content-Length': '0', 'X-Trans-Id': 'tx2c3dd70ebf9247e6b8a87-0066fa3b4c', 'X-Openstack-Request-Id': 'tx2c3dd70ebf9247e6b8a87-0066fa3b4c', 'Date': 'Mon, 30 Sep 2024 05:46:52 GMT'} {{(pid=119715) http_log /opt/stack/data/venv/lib/python3.10/site-packages/swiftclient/client.py:162}}
Sep 30 05:46:52 ubuntu devstack@g-api.service[119715]: DEBUG glance_store._drivers.swift.store [None req-1524adc3-025a-4eea-b256-2689a45187ee admin admin] Adding image object 'eb924e90-1a57-4b2e-aec4-bfd5ea217235' to Swift {{(pid=119715) add /opt/stack/data/venv/lib/python3.10/site-packages/glance_store/_drivers/swift/store.py:941}}
Sep 30 05:46:52 ubuntu devstack@g-api.service[119715]: DEBUG oslo_utils.imageutils.format_inspector [None req-1524adc3-025a-4eea-b256-2689a45187ee admin admin] Format inspector failed, aborting: Signature KDMV not found: b'QFI\xfb' {{(pid=119715) _process_chunk /opt/stack/data/venv/lib/python3.10/site-packages/oslo_utils/imageutils/format_inspector.py:1302}}
Sep 30 05:46:52 ubuntu devstack@g-api.service[119715]: DEBUG oslo_utils.imageutils.format_inspector [None req-1524adc3-025a-4eea-b256-2689a45187ee admin admin] Format inspector failed, aborting: Region signature not found at 30000 {{(pid=119715) _process_chunk /opt/stack/data/venv/lib/python3.10/site-packages/oslo_utils/imageutils/format_inspector.py:1302}}
Sep 30 05:46:53 ubuntu devstack@g-api.service[119715]: DEBUG swiftclient [None req-1524adc3-025a-4eea-b256-2689a45187ee admin admin] REQ: curl -i http://10.201.5.82:8080/v1/AUTH_c3166a0e679f413d80ed33d086928089/glance/eb924e90-1a57-4b2e-aec4-bfd5ea217235 -X PUT -H "X-Auth-Token: gAAAAABm-jtMf0ej..." -H "Content-Length: 21430272" {{(pid=119715) http_log /opt/stack/data/venv/lib/python3.10/site-packages/swiftclient/client.py:160}}
Sep 30 05:46:53 ubuntu devstack@g-api.service[119715]: DEBUG swiftclient [None req-1524adc3-025a-4eea-b256-2689a45187ee admin admin] RESP STATUS: 201 Created {{(pid=119715) http_log /opt/stack/data/venv/lib/python3.10/site-packages/swiftclient/client.py:161}}
Sep 30 05:46:53 ubuntu devstack@g-api.service[119715]: DEBUG swiftclient [None req-1524adc3-025a-4eea-b256-2689a45187ee admin admin] RESP HEADERS: {'Content-Type': 'text/html; charset=UTF-8', 'Content-Length': '0', 'Etag': 'c8fc807773e5354afe61636071771906', 'Last-Modified': 'Mon, 30 Sep 2024 05:46:53 GMT', 'X-Trans-Id': 'tx4c69c25b52764955bf9f6-0066fa3b4c', 'X-Openstack-Request-Id': 'tx4c69c25b52764955bf9f6-0066fa3b4c', 'Date': 'Mon, 30 Sep 2024 05:46:53 GMT'} {{(pid=119715) http_log /opt/stack/data/venv/lib/python3.10/site-packages/swiftclient/client.py:162}}
Sep 30 05:46:53 ubuntu devstack@g-api.service[119715]: INFO glance.location [None req-1524adc3-025a-4eea-b256-2689a45187ee admin admin] Image format matched and virtual size computed: 117440512
Sep 30 05:46:53 ubuntu devstack@g-api.service[119715]: DEBUG glance_store.backend [None req-1524adc3-025a-4eea-b256-2689a45187ee admin admin] Attempting to import store swift {{(pid=119715) _load_store /opt/stack/data/venv/lib/python3.10/site-packages/glance_store/backend.py:216}}
Sep 30 05:46:53 ubuntu devstack@g-api.service[119715]: DEBUG glance_store.capabilities [None req-1524adc3-025a-4eea-b256-2689a45187ee admin admin] Store glance_store._drivers.swift.store.SingleTenantStore doesn't support updating dynamic storage capabilities. Please overwrite 'update_capabilities' method of the store to implement updating logics if needed. {{(pid=119715) update_capabilities /opt/stack/data/venv/lib/python3.10/site-packages/glance_store/capabilities.py:91}}
Sep 30 05:46:53 ubuntu devstack@g-api.service[119715]: DEBUG glance_store.driver [None req-1524adc3-025a-4eea-b256-2689a45187ee admin admin] Late loading location class glance_store._drivers.swift.store.StoreLocation {{(pid=119715) get_store_location_class /opt/stack/data/venv/lib/python3.10/site-packages/glance_store/driver.py:133}}
Sep 30 05:46:53 ubuntu devstack@g-api.service[119715]: DEBUG glance_store.location [None req-1524adc3-025a-4eea-b256-2689a45187ee admin admin] Registering scheme swift+https with {'store': <glance_store._drivers.swift.store.SingleTenantStore object at 0x7fc478e24b50>, 'location_class': <class 'glance_store._drivers.swift.store.StoreLocation'>, 'store_entry': 'swift'} {{(pid=119715) register_scheme_map /opt/stack/data/venv/lib/python3.10/site-packages/glance_store/location.py:146}}
Sep 30 05:46:53 ubuntu devstack@g-api.service[119715]: DEBUG glance_store.location [None req-1524adc3-025a-4eea-b256-2689a45187ee admin admin] Registering scheme swift+https with {'store': <glance_store._drivers.swift.store.SingleTenantStore object at 0x7fc478e24b50>, 'location_class': <class 'glance_store._drivers.swift.store.StoreLocation'>, 'store_entry': 'swift'} {{(pid=119715) register_scheme_map /opt/stack/data/venv/lib/python3.10/site-packages/glance_store/location.py:146}}
Sep 30 05:46:53 ubuntu devstack@g-api.service[119715]: DEBUG glance_store.location [None req-1524adc3-025a-4eea-b256-2689a45187ee admin admin] Registering scheme swift with {'store': <glance_store._drivers.swift.store.SingleTenantStore object at 0x7fc478e24b50>, 'location_class': <class 'glance_store._drivers.swift.store.StoreLocation'>, 'store_entry': 'swift'} {{(pid=119715) register_scheme_map /opt/stack/data/venv/lib/python3.10/site-packages/glance_store/location.py:146}}
Sep 30 05:46:53 ubuntu devstack@g-api.service[119715]: DEBUG glance_store.location [None req-1524adc3-025a-4eea-b256-2689a45187ee admin admin] Registering scheme swift+https with {'store': <glance_store._drivers.swift.store.SingleTenantStore object at 0x7fc478e24b50>, 'location_class': <class 'glance_store._drivers.swift.store.StoreLocation'>, 'store_entry': 'swift'} {{(pid=119715) register_scheme_map /opt/stack/data/venv/lib/python3.10/site-packages/glance_store/location.py:146}}
Sep 30 05:46:53 ubuntu devstack@g-api.service[119715]: DEBUG glance_store.location [None req-1524adc3-025a-4eea-b256-2689a45187ee admin admin] Registering scheme swift with {'store': <glance_store._drivers.swift.store.SingleTenantStore object at 0x7fc478e24b50>, 'location_class': <class 'glance_store._drivers.swift.store.StoreLocation'>, 'store_entry': 'swift'} {{(pid=119715) register_scheme_map /opt/stack/data/venv/lib/python3.10/site-packages/glance_store/location.py:146}}
Sep 30 05:46:53 ubuntu devstack@g-api.service[119715]: DEBUG glance_store.location [None req-1524adc3-025a-4eea-b256-2689a45187ee admin admin] Registering scheme swift+http with {'store': <glance_store._drivers.swift.store.SingleTenantStore object at 0x7fc478e24b50>, 'location_class': <class 'glance_store._drivers.swift.store.StoreLocation'>, 'store_entry': 'swift'} {{(pid=119715) register_scheme_map /opt/stack/data/venv/lib/python3.10/site-packages/glance_store/location.py:146}}
Sep 30 05:46:53 ubuntu devstack@g-api.service[119715]: DEBUG glance_store.location [None req-1524adc3-025a-4eea-b256-2689a45187ee admin admin] Registering scheme swift+https with {'store': <glance_store._drivers.swift.store.SingleTenantStore object at 0x7fc478e24b50>, 'location_class': <class 'glance_store._drivers.swift.store.StoreLocation'>, 'store_entry': 'swift'} {{(pid=119715) register_scheme_map /opt/stack/data/venv/lib/python3.10/site-packages/glance_store/location.py:146}}
Sep 30 05:46:53 ubuntu devstack@g-api.service[119715]: DEBUG glance_store.location [None req-1524adc3-025a-4eea-b256-2689a45187ee admin admin] Registering scheme swift with {'store': <glance_store._drivers.swift.store.SingleTenantStore object at 0x7fc478e24b50>, 'location_class': <class 'glance_store._drivers.swift.store.StoreLocation'>, 'store_entry': 'swift'} {{(pid=119715) register_scheme_map /opt/stack/data/venv/lib/python3.10/site-packages/glance_store/location.py:146}}
Sep 30 05:46:53 ubuntu devstack@g-api.service[119715]: DEBUG glance_store.location [None req-1524adc3-025a-4eea-b256-2689a45187ee admin admin] Registering scheme swift+http with {'store': <glance_store._drivers.swift.store.SingleTenantStore object at 0x7fc478e24b50>, 'location_class': <class 'glance_store._drivers.swift.store.StoreLocation'>, 'store_entry': 'swift'} {{(pid=119715) register_scheme_map /opt/stack/data/venv/lib/python3.10/site-packages/glance_store/location.py:146}}
Sep 30 05:46:53 ubuntu devstack@g-api.service[119715]: DEBUG glance_store.location [None req-1524adc3-025a-4eea-b256-2689a45187ee admin admin] Registering scheme swift+config with {'store': <glance_store._drivers.swift.store.SingleTenantStore object at 0x7fc478e24b50>, 'location_class': <class 'glance_store._drivers.swift.store.StoreLocation'>, 'store_entry': 'swift'} {{(pid=119715) register_scheme_map /opt/stack/data/venv/lib/python3.10/site-packages/glance_store/location.py:146}}
Sep 30 05:46:53 ubuntu devstack@g-api.service[119715]: DEBUG glance_store.backend [None req-1524adc3-025a-4eea-b256-2689a45187ee admin admin] Skipping store.set_acls... not implemented. {{(pid=119715) set_acls /opt/stack/data/venv/lib/python3.10/site-packages/glance_store/backend.py:508}}
Sep 30 05:46:53 ubuntu devstack@g-api.service[119715]: [pid: 119715|app: 0|req: 3/4] 127.0.0.1 () {40 vars in 858 bytes} [Mon Sep 30 05:46:51 2024] PUT /v2/images/eb924e90-1a57-4b2e-aec4-bfd5ea217235/file => generated 0 bytes in 1987 msecs (HTTP/1.1 204) 4 headers in 171 bytes (1 switches on core 0)
Sep 30 05:47:01 ubuntu devstack@g-api.service[119716]: DEBUG dbcounter [-] [119716] Writing DB stats glance:INSERT=9,glance:SELECT=5 {{(pid=119716) stat_writer /opt/stack/data/venv/lib/python3.10/site-packages/dbcounter.py:115}}
Sep 30 05:47:03 ubuntu devstack@g-api.service[119715]: DEBUG dbcounter [-] [119715] Writing DB stats glance:INSERT=5,glance:SELECT=18,glance:UPDATE=2 {{(pid=119715) stat_writer /opt/stack/data/venv/lib/python3.10/site-packages/dbcounter.py:115}}
Sep 30 05:47:29 ubuntu devstack@g-api.service[119716]: DEBUG glance.api.middleware.version_negotiation [None req-9f36e28d-a655-4c60-b17f-3bb6a5e51fac admin admin] Determining version of request: GET / Accept: application/json {{(pid=119716) process_request /opt/stack/glance/glance/api/middleware/version_negotiation.py:44}}
Sep 30 05:47:29 ubuntu devstack@g-api.service[119716]: DEBUG glance.api.middleware.version_negotiation [None req-9f36e28d-a655-4c60-b17f-3bb6a5e51fac admin admin] Using url versioning {{(pid=119716) process_request /opt/stack/glance/glance/api/middleware/version_negotiation.py:57}}
Sep 30 05:47:29 ubuntu devstack@g-api.service[119716]: DEBUG glance.api.middleware.version_negotiation [None req-9f36e28d-a655-4c60-b17f-3bb6a5e51fac admin admin] Unknown version. Returning version choices. {{(pid=119716) process_request /opt/stack/glance/glance/api/middleware/version_negotiation.py:64}}
Sep 30 05:47:29 ubuntu devstack@g-api.service[119716]: [pid: 119716|app: 0|req: 2/5] 127.0.0.1 () {34 vars in 502 bytes} [Mon Sep 30 05:47:29 2024] GET / => generated 1407 bytes in 4 msecs (HTTP/1.1 300) 3 headers in 106 bytes (1 switches on core 0)
Sep 30 05:47:29 ubuntu devstack@g-api.service[119715]: DEBUG glance.api.middleware.version_negotiation [None req-1524adc3-025a-4eea-b256-2689a45187ee admin admin] Determining version of request: GET /v2/images Accept: application/json {{(pid=119715) process_request /opt/stack/glance/glance/api/middleware/version_negotiation.py:44}}
Sep 30 05:47:29 ubuntu devstack@g-api.service[119715]: DEBUG glance.api.middleware.version_negotiation [None req-1524adc3-025a-4eea-b256-2689a45187ee admin admin] Using url versioning {{(pid=119715) process_request /opt/stack/glance/glance/api/middleware/version_negotiation.py:57}}
Sep 30 05:47:29 ubuntu devstack@g-api.service[119715]: DEBUG glance.api.middleware.version_negotiation [None req-1524adc3-025a-4eea-b256-2689a45187ee admin admin] Matched version: v2 {{(pid=119715) process_request /opt/stack/glance/glance/api/middleware/version_negotiation.py:69}}
Sep 30 05:47:29 ubuntu devstack@g-api.service[119715]: DEBUG glance.api.middleware.version_negotiation [None req-1524adc3-025a-4eea-b256-2689a45187ee admin admin] new path /v2/images {{(pid=119715) process_request /opt/stack/glance/glance/api/middleware/version_negotiation.py:70}}
Sep 30 05:47:30 ubuntu devstack@g-api.service[119715]: [pid: 119715|app: 0|req: 4/6] 127.0.0.1 () {36 vars in 724 bytes} [Mon Sep 30 05:47:29 2024] GET /v2/images => generated 1045 bytes in 328 msecs (HTTP/1.1 200) 4 headers in 158 bytes (1 switches on core 0)
Sep 30 05:47:34 ubuntu devstack@g-api.service[119716]: DEBUG glance.api.middleware.version_negotiation [None req-9f36e28d-a655-4c60-b17f-3bb6a5e51fac admin admin] Determining version of request: GET / Accept: application/json {{(pid=119716) process_request /opt/stack/glance/glance/api/middleware/version_negotiation.py:44}}
Sep 30 05:47:34 ubuntu devstack@g-api.service[119716]: DEBUG glance.api.middleware.version_negotiation [None req-9f36e28d-a655-4c60-b17f-3bb6a5e51fac admin admin] Using url versioning {{(pid=119716) process_request /opt/stack/glance/glance/api/middleware/version_negotiation.py:57}}
Sep 30 05:47:34 ubuntu devstack@g-api.service[119716]: DEBUG glance.api.middleware.version_negotiation [None req-9f36e28d-a655-4c60-b17f-3bb6a5e51fac admin admin] Unknown version. Returning version choices. {{(pid=119716) process_request /opt/stack/glance/glance/api/middleware/version_negotiation.py:64}}
Sep 30 05:47:34 ubuntu devstack@g-api.service[119716]: [pid: 119716|app: 0|req: 3/7] 127.0.0.1 () {34 vars in 502 bytes} [Mon Sep 30 05:47:34 2024] GET / => generated 1407 bytes in 3 msecs (HTTP/1.1 300) 3 headers in 106 bytes (1 switches on core 0)
Sep 30 05:47:34 ubuntu devstack@g-api.service[119715]: DEBUG glance.api.middleware.version_negotiation [None req-bdb73b05-e54a-4f43-93c0-6f09b0658b08 admin admin] Determining version of request: GET /v2/images/eb924e90-1a57-4b2e-aec4-bfd5ea217235 Accept: */* {{(pid=119715) process_request /opt/stack/glance/glance/api/middleware/version_negotiation.py:44}}
Sep 30 05:47:34 ubuntu devstack@g-api.service[119715]: DEBUG glance.api.middleware.version_negotiation [None req-bdb73b05-e54a-4f43-93c0-6f09b0658b08 admin admin] Using url versioning {{(pid=119715) process_request /opt/stack/glance/glance/api/middleware/version_negotiation.py:57}}
Sep 30 05:47:34 ubuntu devstack@g-api.service[119715]: DEBUG glance.api.middleware.version_negotiation [None req-bdb73b05-e54a-4f43-93c0-6f09b0658b08 admin admin] Matched version: v2 {{(pid=119715) process_request /opt/stack/glance/glance/api/middleware/version_negotiation.py:69}}
Sep 30 05:47:34 ubuntu devstack@g-api.service[119715]: DEBUG glance.api.middleware.version_negotiation [None req-bdb73b05-e54a-4f43-93c0-6f09b0658b08 admin admin] new path /v2/images/eb924e90-1a57-4b2e-aec4-bfd5ea217235 {{(pid=119715) process_request /opt/stack/glance/glance/api/middleware/version_negotiation.py:70}}
Sep 30 05:47:35 ubuntu devstack@g-api.service[119715]: [pid: 119715|app: 0|req: 5/8] 127.0.0.1 () {36 vars in 785 bytes} [Mon Sep 30 05:47:34 2024] GET /v2/images/eb924e90-1a57-4b2e-aec4-bfd5ea217235 => generated 976 bytes in 211 msecs (HTTP/1.1 200) 4 headers in 157 bytes (1 switches on core 0)
Sep 30 05:47:38 ubuntu devstack@g-api.service[119716]: DEBUG glance.api.middleware.version_negotiation [None req-9f36e28d-a655-4c60-b17f-3bb6a5e51fac admin admin] Determining version of request: GET / Accept: application/json {{(pid=119716) process_request /opt/stack/glance/glance/api/middleware/version_negotiation.py:44}}
Sep 30 05:47:38 ubuntu devstack@g-api.service[119716]: DEBUG glance.api.middleware.version_negotiation [None req-9f36e28d-a655-4c60-b17f-3bb6a5e51fac admin admin] Using url versioning {{(pid=119716) process_request /opt/stack/glance/glance/api/middleware/version_negotiation.py:57}}
Sep 30 05:47:38 ubuntu devstack@g-api.service[119716]: DEBUG glance.api.middleware.version_negotiation [None req-9f36e28d-a655-4c60-b17f-3bb6a5e51fac admin admin] Unknown version. Returning version choices. {{(pid=119716) process_request /opt/stack/glance/glance/api/middleware/version_negotiation.py:64}}
Sep 30 05:47:38 ubuntu devstack@g-api.service[119716]: [pid: 119716|app: 0|req: 4/9] 127.0.0.1 () {34 vars in 502 bytes} [Mon Sep 30 05:47:38 2024] GET / => generated 1407 bytes in 4 msecs (HTTP/1.1 300) 3 headers in 106 bytes (1 switches on core 0)
Sep 30 05:47:38 ubuntu devstack@g-api.service[119715]: DEBUG glance.api.middleware.version_negotiation [None req-7ca54179-1842-437b-b43d-500a91ba0be9 admin admin] Determining version of request: GET /v2/images/eb924e90-1a57-4b2e-aec4-bfd5ea217235 Accept: */* {{(pid=119715) process_request /opt/stack/glance/glance/api/middleware/version_negotiation.py:44}}
Sep 30 05:47:38 ubuntu devstack@g-api.service[119715]: DEBUG glance.api.middleware.version_negotiation [None req-7ca54179-1842-437b-b43d-500a91ba0be9 admin admin] Using url versioning {{(pid=119715) process_request /opt/stack/glance/glance/api/middleware/version_negotiation.py:57}}
Sep 30 05:47:38 ubuntu devstack@g-api.service[119715]: DEBUG glance.api.middleware.version_negotiation [None req-7ca54179-1842-437b-b43d-500a91ba0be9 admin admin] Matched version: v2 {{(pid=119715) process_request /opt/stack/glance/glance/api/middleware/version_negotiation.py:69}}
Sep 30 05:47:38 ubuntu devstack@g-api.service[119715]: DEBUG glance.api.middleware.version_negotiation [None req-7ca54179-1842-437b-b43d-500a91ba0be9 admin admin] new path /v2/images/eb924e90-1a57-4b2e-aec4-bfd5ea217235 {{(pid=119715) process_request /opt/stack/glance/glance/api/middleware/version_negotiation.py:70}}
Sep 30 05:47:38 ubuntu devstack@g-api.service[119715]: [pid: 119715|app: 0|req: 6/10] 127.0.0.1 () {36 vars in 785 bytes} [Mon Sep 30 05:47:38 2024] GET /v2/images/eb924e90-1a57-4b2e-aec4-bfd5ea217235 => generated 976 bytes in 201 msecs (HTTP/1.1 200) 4 headers in 157 bytes (1 switches on core 0)
Sep 30 05:47:48 ubuntu devstack@g-api.service[119715]: DEBUG dbcounter [-] [119715] Writing DB stats glance:SELECT=5 {{(pid=119715) stat_writer /opt/stack/data/venv/lib/python3.10/site-packages/dbcounter.py:115}}
