Nov 13 06:22:09 ubuntu devstack@keystone.service[81265]: DEBUG keystone.server.flask.request_processing.req_logging [None req-64383483-a7ff-4b93-a25a-0a4273db6115 None None] REQUEST_METHOD: `POST` {{(pid=81265) log_request_info /opt/stack/keystone/keystone/server/flask/request_processing/req_logging.py:26}}
Nov 13 06:22:09 ubuntu devstack@keystone.service[81265]: DEBUG keystone.server.flask.request_processing.req_logging [None req-64383483-a7ff-4b93-a25a-0a4273db6115 None None] SCRIPT_NAME: `/identity` {{(pid=81265) log_request_info /opt/stack/keystone/keystone/server/flask/request_processing/req_logging.py:27}}
Nov 13 06:22:09 ubuntu devstack@keystone.service[81265]: DEBUG keystone.server.flask.request_processing.req_logging [None req-64383483-a7ff-4b93-a25a-0a4273db6115 None None] PATH_INFO: `/v3/auth/tokens` {{(pid=81265) log_request_info /opt/stack/keystone/keystone/server/flask/request_processing/req_logging.py:28}}
Nov 13 06:22:09 ubuntu devstack@keystone.service[81265]: WARNING keystone.common.password_hashing [None req-64383483-a7ff-4b93-a25a-0a4273db6115 None None] Truncating password to algorithm specific maximum length 72 characters.
Nov 13 06:22:09 ubuntu devstack@keystone.service[81265]: DEBUG keystone.auth.core [None req-64383483-a7ff-4b93-a25a-0a4273db6115 None None] MFA Rules not processed for user `fafdd33eef9a4ce695f2a7a14b68386c`. Rule list: `[]` (Enabled: `True`). {{(pid=81265) check_auth_methods_against_rules /opt/stack/keystone/keystone/auth/core.py:476}}
Nov 13 06:22:09 ubuntu devstack@keystone.service[81265]: DEBUG keystone.common.fernet_utils [None req-64383483-a7ff-4b93-a25a-0a4273db6115 None None] Loaded 2 Fernet keys from /etc/keystone/fernet-keys/, but `[fernet_tokens] max_active_keys = 3`; perhaps there have not been enough key rotations to reach `max_active_keys` yet? {{(pid=81265) load_keys /opt/stack/keystone/keystone/common/fernet_utils.py:297}}
Nov 13 06:22:09 ubuntu devstack@keystone.service[81265]: [pid: 81265|app: 0|req: 12/25] 10.201.5.82 () {58 vars in 1016 bytes} [Thu Nov 13 06:22:09 2025] POST /identity/v3/auth/tokens => generated 862 bytes in 52 msecs (HTTP/1.1 201) 6 headers in 363 bytes (1 switches on core 0)
Nov 13 06:22:09 ubuntu devstack@keystone.service[81264]: DEBUG keystone.server.flask.request_processing.middleware.auth_context [None req-6375f87e-a87e-4909-a3a3-812a9cade60e None None] Authenticating user token {{(pid=81264) process_request /opt/stack/data/venv/lib/python3.10/site-packages/keystonemiddleware/auth_token/__init__.py:407}}
Nov 13 06:22:09 ubuntu devstack@keystone.service[81264]: DEBUG keystone.server.flask.request_processing.middleware.auth_context [None req-6375f87e-a87e-4909-a3a3-812a9cade60e None None] Validating token access rules against request {{(pid=81264) validate_allowed_request /opt/stack/data/venv/lib/python3.10/site-packages/keystonemiddleware/auth_token/__init__.py:545}}
Nov 13 06:22:09 ubuntu devstack@keystone.service[81264]: DEBUG keystone.server.flask.request_processing.middleware.auth_context [None req-147c1805-99df-4f94-b32c-043ace68bc08 None admin] RBAC: auth_context: {'token': <TokenModel (audit_id=U_qM8q_jRJ6zozkysdhh3w, audit_chain_id=['U_qM8q_jRJ6zozkysdhh3w']) at 0x7f895150b400>, 'domain_id': None, 'trust_id': None, 'trustor_id': None, 'trustee_id': None, 'domain_name': None, 'group_ids': [], 'user_id': 'fafdd33eef9a4ce695f2a7a14b68386c', 'user_domain_id': 'default', 'system_scope': 'all', 'project_id': None, 'project_domain_id': None, 'roles': ['admin', 'manager', 'member', 'reader'], 'is_admin_project': True, 'service_user_id': None, 'service_user_domain_id': None, 'service_project_id': None, 'service_project_domain_id': None, 'service_roles': []} {{(pid=81264) fill_context /opt/stack/keystone/keystone/server/flask/request_processing/middleware/auth_context.py:509}}
Nov 13 06:22:09 ubuntu devstack@keystone.service[81264]: DEBUG keystone.server.flask.request_processing.req_logging [None req-147c1805-99df-4f94-b32c-043ace68bc08 None admin] REQUEST_METHOD: `GET` {{(pid=81264) log_request_info /opt/stack/keystone/keystone/server/flask/request_processing/req_logging.py:26}}
Nov 13 06:22:09 ubuntu devstack@keystone.service[81264]: DEBUG keystone.server.flask.request_processing.req_logging [None req-147c1805-99df-4f94-b32c-043ace68bc08 None admin] SCRIPT_NAME: `/identity` {{(pid=81264) log_request_info /opt/stack/keystone/keystone/server/flask/request_processing/req_logging.py:27}}
Nov 13 06:22:09 ubuntu devstack@keystone.service[81264]: DEBUG keystone.server.flask.request_processing.req_logging [None req-147c1805-99df-4f94-b32c-043ace68bc08 None admin] PATH_INFO: `/v3/roles/admin` {{(pid=81264) log_request_info /opt/stack/keystone/keystone/server/flask/request_processing/req_logging.py:28}}
Nov 13 06:22:09 ubuntu devstack@keystone.service[81264]: DEBUG keystone.common.rbac_enforcer.enforcer [None req-147c1805-99df-4f94-b32c-043ace68bc08 None admin] Extracting inferred target data resulted in "NOT FOUND (404)". {{(pid=81264) enforce_call /opt/stack/keystone/keystone/common/rbac_enforcer/enforcer.py:445}}
Nov 13 06:22:09 ubuntu devstack@keystone.service[81264]: DEBUG keystone.server.flask.application [None req-147c1805-99df-4f94-b32c-043ace68bc08 None admin] Could not find role: admin. {{(pid=81264) _handle_keystone_exception /opt/stack/keystone/keystone/server/flask/application.py:146}}
Nov 13 06:22:09 ubuntu devstack@keystone.service[81264]: [pid: 81264|app: 0|req: 14/26] 10.201.5.82 () {56 vars in 1132 bytes} [Thu Nov 13 06:22:09 2025] GET /identity/v3/roles/admin => generated 83 bytes in 72 msecs (HTTP/1.1 404) 5 headers in 183 bytes (1 switches on core 0)
Nov 13 06:22:09 ubuntu devstack@keystone.service[81265]: DEBUG keystone.server.flask.request_processing.middleware.auth_context [None req-64383483-a7ff-4b93-a25a-0a4273db6115 None None] Authenticating user token {{(pid=81265) process_request /opt/stack/data/venv/lib/python3.10/site-packages/keystonemiddleware/auth_token/__init__.py:407}}
Nov 13 06:22:09 ubuntu devstack@keystone.service[81265]: DEBUG keystone.server.flask.request_processing.middleware.auth_context [None req-64383483-a7ff-4b93-a25a-0a4273db6115 None None] Validating token access rules against request {{(pid=81265) validate_allowed_request /opt/stack/data/venv/lib/python3.10/site-packages/keystonemiddleware/auth_token/__init__.py:545}}
Nov 13 06:22:09 ubuntu devstack@keystone.service[81265]: DEBUG keystone.server.flask.request_processing.middleware.auth_context [None req-ea0540d8-e45e-4c9a-976b-a773be8b4c50 None admin] RBAC: auth_context: {'token': <TokenModel (audit_id=U_qM8q_jRJ6zozkysdhh3w, audit_chain_id=['U_qM8q_jRJ6zozkysdhh3w']) at 0x7f8951563fd0>, 'domain_id': None, 'trust_id': None, 'trustor_id': None, 'trustee_id': None, 'domain_name': None, 'group_ids': [], 'user_id': 'fafdd33eef9a4ce695f2a7a14b68386c', 'user_domain_id': 'default', 'system_scope': 'all', 'project_id': None, 'project_domain_id': None, 'roles': ['admin', 'manager', 'member', 'reader'], 'is_admin_project': True, 'service_user_id': None, 'service_user_domain_id': None, 'service_project_id': None, 'service_project_domain_id': None, 'service_roles': []} {{(pid=81265) fill_context /opt/stack/keystone/keystone/server/flask/request_processing/middleware/auth_context.py:509}}
Nov 13 06:22:09 ubuntu devstack@keystone.service[81265]: DEBUG keystone.server.flask.request_processing.req_logging [None req-ea0540d8-e45e-4c9a-976b-a773be8b4c50 None admin] REQUEST_METHOD: `GET` {{(pid=81265) log_request_info /opt/stack/keystone/keystone/server/flask/request_processing/req_logging.py:26}}
Nov 13 06:22:09 ubuntu devstack@keystone.service[81265]: DEBUG keystone.server.flask.request_processing.req_logging [None req-ea0540d8-e45e-4c9a-976b-a773be8b4c50 None admin] SCRIPT_NAME: `/identity` {{(pid=81265) log_request_info /opt/stack/keystone/keystone/server/flask/request_processing/req_logging.py:27}}
Nov 13 06:22:09 ubuntu devstack@keystone.service[81265]: DEBUG keystone.server.flask.request_processing.req_logging [None req-ea0540d8-e45e-4c9a-976b-a773be8b4c50 None admin] PATH_INFO: `/v3/roles` {{(pid=81265) log_request_info /opt/stack/keystone/keystone/server/flask/request_processing/req_logging.py:28}}
Nov 13 06:22:09 ubuntu devstack@keystone.service[81265]: DEBUG keystone.common.rbac_enforcer.enforcer [None req-ea0540d8-e45e-4c9a-976b-a773be8b4c50 None admin] RBAC: Adding query filter params (name=admin) {{(pid=81265) _extract_filter_values /opt/stack/keystone/keystone/common/rbac_enforcer/enforcer.py:176}}
Nov 13 06:22:09 ubuntu devstack@keystone.service[81265]: DEBUG keystone.common.rbac_enforcer.enforcer [None req-ea0540d8-e45e-4c9a-976b-a773be8b4c50 None admin] RBAC: Authorizing `identity:list_roles()` {{(pid=81265) enforce_call /opt/stack/keystone/keystone/common/rbac_enforcer/enforcer.py:494}}
Nov 13 06:22:09 ubuntu devstack@keystone.service[81265]: DEBUG keystone.common.rbac_enforcer.enforcer [None req-ea0540d8-e45e-4c9a-976b-a773be8b4c50 None admin] RBAC: Authorization granted {{(pid=81265) enforce_call /opt/stack/keystone/keystone/common/rbac_enforcer/enforcer.py:505}}
Nov 13 06:22:09 ubuntu devstack@keystone.service[81265]: [pid: 81265|app: 0|req: 13/27] 10.201.5.82 () {56 vars in 1148 bytes} [Thu Nov 13 06:22:09 2025] GET /identity/v3/roles?name=admin => generated 339 bytes in 56 msecs (HTTP/1.1 200) 5 headers in 177 bytes (1 switches on core 0)
Nov 13 06:22:09 ubuntu devstack@keystone.service[81264]: DEBUG keystone.server.flask.request_processing.middleware.auth_context [None req-147c1805-99df-4f94-b32c-043ace68bc08 None admin] Authenticating user token {{(pid=81264) process_request /opt/stack/data/venv/lib/python3.10/site-packages/keystonemiddleware/auth_token/__init__.py:407}}
Nov 13 06:22:09 ubuntu devstack@keystone.service[81264]: DEBUG keystone.server.flask.request_processing.middleware.auth_context [None req-147c1805-99df-4f94-b32c-043ace68bc08 None admin] Validating token access rules against request {{(pid=81264) validate_allowed_request /opt/stack/data/venv/lib/python3.10/site-packages/keystonemiddleware/auth_token/__init__.py:545}}
Nov 13 06:22:09 ubuntu devstack@keystone.service[81265]: DEBUG keystone.server.flask.request_processing.middleware.auth_context [None req-ea0540d8-e45e-4c9a-976b-a773be8b4c50 None admin] Authenticating user token {{(pid=81265) process_request /opt/stack/data/venv/lib/python3.10/site-packages/keystonemiddleware/auth_token/__init__.py:407}}
Nov 13 06:22:09 ubuntu devstack@keystone.service[81264]: DEBUG keystone.server.flask.request_processing.middleware.auth_context [None req-8df6f27e-3a54-4923-9640-56e75f0879e9 None admin] RBAC: auth_context: {'token': <TokenModel (audit_id=U_qM8q_jRJ6zozkysdhh3w, audit_chain_id=['U_qM8q_jRJ6zozkysdhh3w']) at 0x7f89515ff2e0>, 'domain_id': None, 'trust_id': None, 'trustor_id': None, 'trustee_id': None, 'domain_name': None, 'group_ids': [], 'user_id': 'fafdd33eef9a4ce695f2a7a14b68386c', 'user_domain_id': 'default', 'system_scope': 'all', 'project_id': None, 'project_domain_id': None, 'roles': ['admin', 'manager', 'member', 'reader'], 'is_admin_project': True, 'service_user_id': None, 'service_user_domain_id': None, 'service_project_id': None, 'service_project_domain_id': None, 'service_roles': []} {{(pid=81264) fill_context /opt/stack/keystone/keystone/server/flask/request_processing/middleware/auth_context.py:509}}
Nov 13 06:22:09 ubuntu devstack@keystone.service[81264]: DEBUG keystone.server.flask.request_processing.req_logging [None req-8df6f27e-3a54-4923-9640-56e75f0879e9 None admin] REQUEST_METHOD: `GET` {{(pid=81264) log_request_info /opt/stack/keystone/keystone/server/flask/request_processing/req_logging.py:26}}
Nov 13 06:22:09 ubuntu devstack@keystone.service[81264]: DEBUG keystone.server.flask.request_processing.req_logging [None req-8df6f27e-3a54-4923-9640-56e75f0879e9 None admin] SCRIPT_NAME: `/identity` {{(pid=81264) log_request_info /opt/stack/keystone/keystone/server/flask/request_processing/req_logging.py:27}}
Nov 13 06:22:09 ubuntu devstack@keystone.service[81264]: DEBUG keystone.server.flask.request_processing.req_logging [None req-8df6f27e-3a54-4923-9640-56e75f0879e9 None admin] PATH_INFO: `/v3/users/fafdd33eef9a4ce695f2a7a14b68386c` {{(pid=81264) log_request_info /opt/stack/keystone/keystone/server/flask/request_processing/req_logging.py:28}}
Nov 13 06:22:09 ubuntu devstack@keystone.service[81264]: DEBUG keystone.common.rbac_enforcer.enforcer [None req-8df6f27e-3a54-4923-9640-56e75f0879e9 None admin] RBAC: Authorizing `identity:get_user(user_id=fafdd33eef9a4ce695f2a7a14b68386c)` {{(pid=81264) enforce_call /opt/stack/keystone/keystone/common/rbac_enforcer/enforcer.py:494}}
Nov 13 06:22:09 ubuntu devstack@keystone.service[81264]: DEBUG keystone.common.rbac_enforcer.enforcer [None req-8df6f27e-3a54-4923-9640-56e75f0879e9 None admin] RBAC: Authorization granted {{(pid=81264) enforce_call /opt/stack/keystone/keystone/common/rbac_enforcer/enforcer.py:505}}
Nov 13 06:22:09 ubuntu devstack@keystone.service[81264]: [pid: 81264|app: 0|req: 15/28] 10.201.5.82 () {56 vars in 1213 bytes} [Thu Nov 13 06:22:09 2025] GET /identity/v3/users/fafdd33eef9a4ce695f2a7a14b68386c => generated 247 bytes in 70 msecs (HTTP/1.1 200) 5 headers in 177 bytes (1 switches on core 0)
Nov 13 06:22:09 ubuntu devstack@keystone.service[81264]: DEBUG keystone.server.flask.request_processing.middleware.auth_context [None req-8df6f27e-3a54-4923-9640-56e75f0879e9 None admin] Authenticating user token {{(pid=81264) process_request /opt/stack/data/venv/lib/python3.10/site-packages/keystonemiddleware/auth_token/__init__.py:407}}
Nov 13 06:22:09 ubuntu devstack@keystone.service[81265]: DEBUG keystone.server.flask.request_processing.middleware.auth_context [None req-ea0540d8-e45e-4c9a-976b-a773be8b4c50 None admin] Validating token access rules against request {{(pid=81265) validate_allowed_request /opt/stack/data/venv/lib/python3.10/site-packages/keystonemiddleware/auth_token/__init__.py:545}}
Nov 13 06:22:09 ubuntu devstack@keystone.service[81264]: DEBUG keystone.server.flask.request_processing.middleware.auth_context [None req-8df6f27e-3a54-4923-9640-56e75f0879e9 None admin] Validating token access rules against request {{(pid=81264) validate_allowed_request /opt/stack/data/venv/lib/python3.10/site-packages/keystonemiddleware/auth_token/__init__.py:545}}
Nov 13 06:22:09 ubuntu devstack@keystone.service[81265]: DEBUG keystone.server.flask.request_processing.middleware.auth_context [None req-498e3264-baf4-4e2a-a8ad-7eee252eb718 None admin] RBAC: auth_context: {'token': <TokenModel (audit_id=33GgkdtLSy6YvEHGq-rFNA, audit_chain_id=['33GgkdtLSy6YvEHGq-rFNA']) at 0x7f89514e1b40>, 'domain_id': None, 'trust_id': None, 'trustor_id': None, 'trustee_id': None, 'domain_name': None, 'group_ids': [], 'user_id': 'fafdd33eef9a4ce695f2a7a14b68386c', 'user_domain_id': 'default', 'system_scope': 'all', 'project_id': None, 'project_domain_id': None, 'roles': ['admin', 'manager', 'member', 'reader'], 'is_admin_project': True, 'service_user_id': None, 'service_user_domain_id': None, 'service_project_id': None, 'service_project_domain_id': None, 'service_roles': []} {{(pid=81265) fill_context /opt/stack/keystone/keystone/server/flask/request_processing/middleware/auth_context.py:509}}
Nov 13 06:22:09 ubuntu devstack@keystone.service[81265]: DEBUG keystone.server.flask.request_processing.req_logging [None req-498e3264-baf4-4e2a-a8ad-7eee252eb718 None admin] REQUEST_METHOD: `GET` {{(pid=81265) log_request_info /opt/stack/keystone/keystone/server/flask/request_processing/req_logging.py:26}}
Nov 13 06:22:09 ubuntu devstack@keystone.service[81265]: DEBUG keystone.server.flask.request_processing.req_logging [None req-498e3264-baf4-4e2a-a8ad-7eee252eb718 None admin] SCRIPT_NAME: `/identity` {{(pid=81265) log_request_info /opt/stack/keystone/keystone/server/flask/request_processing/req_logging.py:27}}
Nov 13 06:22:09 ubuntu devstack@keystone.service[81265]: DEBUG keystone.server.flask.request_processing.req_logging [None req-498e3264-baf4-4e2a-a8ad-7eee252eb718 None admin] PATH_INFO: `/v3/domains/Default` {{(pid=81265) log_request_info /opt/stack/keystone/keystone/server/flask/request_processing/req_logging.py:28}}
Nov 13 06:22:09 ubuntu devstack@keystone.service[81265]: DEBUG keystone.common.rbac_enforcer.enforcer [None req-498e3264-baf4-4e2a-a8ad-7eee252eb718 None admin] RBAC: Authorizing `identity:get_domain(domain_id=Default)` {{(pid=81265) enforce_call /opt/stack/keystone/keystone/common/rbac_enforcer/enforcer.py:494}}
Nov 13 06:22:09 ubuntu devstack@keystone.service[81265]: DEBUG keystone.common.rbac_enforcer.enforcer [None req-498e3264-baf4-4e2a-a8ad-7eee252eb718 None admin] RBAC: Authorization granted {{(pid=81265) enforce_call /opt/stack/keystone/keystone/common/rbac_enforcer/enforcer.py:505}}
Nov 13 06:22:09 ubuntu devstack@keystone.service[81264]: DEBUG keystone.server.flask.request_processing.middleware.auth_context [None req-b221b511-4ab4-4d44-8651-73bf93b5fe4e None admin] RBAC: auth_context: {'token': <TokenModel (audit_id=U_qM8q_jRJ6zozkysdhh3w, audit_chain_id=['U_qM8q_jRJ6zozkysdhh3w']) at 0x7f89512002b0>, 'domain_id': None, 'trust_id': None, 'trustor_id': None, 'trustee_id': None, 'domain_name': None, 'group_ids': [], 'user_id': 'fafdd33eef9a4ce695f2a7a14b68386c', 'user_domain_id': 'default', 'system_scope': 'all', 'project_id': None, 'project_domain_id': None, 'roles': ['admin', 'manager', 'member', 'reader'], 'is_admin_project': True, 'service_user_id': None, 'service_user_domain_id': None, 'service_project_id': None, 'service_project_domain_id': None, 'service_roles': []} {{(pid=81264) fill_context /opt/stack/keystone/keystone/server/flask/request_processing/middleware/auth_context.py:509}}
Nov 13 06:22:09 ubuntu devstack@keystone.service[81264]: DEBUG keystone.server.flask.request_processing.req_logging [None req-b221b511-4ab4-4d44-8651-73bf93b5fe4e None admin] REQUEST_METHOD: `GET` {{(pid=81264) log_request_info /opt/stack/keystone/keystone/server/flask/request_processing/req_logging.py:26}}
Nov 13 06:22:09 ubuntu devstack@keystone.service[81264]: DEBUG keystone.server.flask.request_processing.req_logging [None req-b221b511-4ab4-4d44-8651-73bf93b5fe4e None admin] SCRIPT_NAME: `/identity` {{(pid=81264) log_request_info /opt/stack/keystone/keystone/server/flask/request_processing/req_logging.py:27}}
Nov 13 06:22:09 ubuntu devstack@keystone.service[81264]: DEBUG keystone.server.flask.request_processing.req_logging [None req-b221b511-4ab4-4d44-8651-73bf93b5fe4e None admin] PATH_INFO: `/v3/domains/default` {{(pid=81264) log_request_info /opt/stack/keystone/keystone/server/flask/request_processing/req_logging.py:28}}
Nov 13 06:22:09 ubuntu devstack@keystone.service[81264]: DEBUG keystone.common.rbac_enforcer.enforcer [None req-b221b511-4ab4-4d44-8651-73bf93b5fe4e None admin] RBAC: Authorizing `identity:get_domain(domain_id=default)` {{(pid=81264) enforce_call /opt/stack/keystone/keystone/common/rbac_enforcer/enforcer.py:494}}
Nov 13 06:22:09 ubuntu devstack@keystone.service[81265]: DEBUG keystone.server.flask.application [None req-498e3264-baf4-4e2a-a8ad-7eee252eb718 None admin] Could not find domain: Default. {{(pid=81265) _handle_keystone_exception /opt/stack/keystone/keystone/server/flask/application.py:146}}
Nov 13 06:22:09 ubuntu devstack@keystone.service[81264]: DEBUG keystone.common.rbac_enforcer.enforcer [None req-b221b511-4ab4-4d44-8651-73bf93b5fe4e None admin] RBAC: Authorization granted {{(pid=81264) enforce_call /opt/stack/keystone/keystone/common/rbac_enforcer/enforcer.py:505}}
Nov 13 06:22:09 ubuntu devstack@keystone.service[81265]: [pid: 81265|app: 0|req: 14/29] 10.201.5.82 () {56 vars in 1100 bytes} [Thu Nov 13 06:22:09 2025] GET /identity/v3/domains/Default => generated 87 bytes in 112 msecs (HTTP/1.1 404) 5 headers in 183 bytes (1 switches on core 0)
Nov 13 06:22:09 ubuntu devstack@keystone.service[81265]: DEBUG keystone.server.flask.request_processing.req_logging [None req-a39ddd16-95bc-4a7a-a3d4-db85ff1db513 None None] REQUEST_METHOD: `GET` {{(pid=81265) log_request_info /opt/stack/keystone/keystone/server/flask/request_processing/req_logging.py:26}}
Nov 13 06:22:09 ubuntu devstack@keystone.service[81265]: DEBUG keystone.server.flask.request_processing.req_logging [None req-a39ddd16-95bc-4a7a-a3d4-db85ff1db513 None None] SCRIPT_NAME: `/identity` {{(pid=81265) log_request_info /opt/stack/keystone/keystone/server/flask/request_processing/req_logging.py:27}}
Nov 13 06:22:09 ubuntu devstack@keystone.service[81265]: DEBUG keystone.server.flask.request_processing.req_logging [None req-a39ddd16-95bc-4a7a-a3d4-db85ff1db513 None None] PATH_INFO: `/` {{(pid=81265) log_request_info /opt/stack/keystone/keystone/server/flask/request_processing/req_logging.py:28}}
Nov 13 06:22:09 ubuntu devstack@keystone.service[81265]: [pid: 81265|app: 0|req: 15/30] 10.201.5.82 () {54 vars in 919 bytes} [Thu Nov 13 06:22:09 2025] GET /identity => generated 270 bytes in 1 msecs (HTTP/1.1 300) 6 headers in 234 bytes (1 switches on core 0)
Nov 13 06:22:09 ubuntu devstack@keystone.service[81264]: [pid: 81264|app: 0|req: 16/31] 10.201.5.82 () {56 vars in 1144 bytes} [Thu Nov 13 06:22:09 2025] GET /identity/v3/domains/default => generated 199 bytes in 84 msecs (HTTP/1.1 200) 5 headers in 177 bytes (1 switches on core 0)
Nov 13 06:22:09 ubuntu devstack@keystone.service[81265]: DEBUG keystone.server.flask.request_processing.middleware.auth_context [None req-a39ddd16-95bc-4a7a-a3d4-db85ff1db513 None None] Authenticating user token {{(pid=81265) process_request /opt/stack/data/venv/lib/python3.10/site-packages/keystonemiddleware/auth_token/__init__.py:407}}
Nov 13 06:22:09 ubuntu devstack@keystone.service[81264]: DEBUG keystone.server.flask.request_processing.middleware.auth_context [None req-b221b511-4ab4-4d44-8651-73bf93b5fe4e None admin] Authenticating user token {{(pid=81264) process_request /opt/stack/data/venv/lib/python3.10/site-packages/keystonemiddleware/auth_token/__init__.py:407}}
Nov 13 06:22:09 ubuntu devstack@keystone.service[81264]: DEBUG keystone.server.flask.request_processing.middleware.auth_context [None req-b221b511-4ab4-4d44-8651-73bf93b5fe4e None admin] Validating token access rules against request {{(pid=81264) validate_allowed_request /opt/stack/data/venv/lib/python3.10/site-packages/keystonemiddleware/auth_token/__init__.py:545}}
Nov 13 06:22:09 ubuntu devstack@keystone.service[81265]: DEBUG keystone.server.flask.request_processing.middleware.auth_context [None req-a39ddd16-95bc-4a7a-a3d4-db85ff1db513 None None] Validating token access rules against request {{(pid=81265) validate_allowed_request /opt/stack/data/venv/lib/python3.10/site-packages/keystonemiddleware/auth_token/__init__.py:545}}
Nov 13 06:22:10 ubuntu devstack@keystone.service[81264]: DEBUG keystone.server.flask.request_processing.middleware.auth_context [None req-44c30310-a254-4f3d-8a51-4d079dda79a8 None admin] RBAC: auth_context: {'token': <TokenModel (audit_id=U_qM8q_jRJ6zozkysdhh3w, audit_chain_id=['U_qM8q_jRJ6zozkysdhh3w']) at 0x7f89514e20b0>, 'domain_id': None, 'trust_id': None, 'trustor_id': None, 'trustee_id': None, 'domain_name': None, 'group_ids': [], 'user_id': 'fafdd33eef9a4ce695f2a7a14b68386c', 'user_domain_id': 'default', 'system_scope': 'all', 'project_id': None, 'project_domain_id': None, 'roles': ['admin', 'manager', 'member', 'reader'], 'is_admin_project': True, 'service_user_id': None, 'service_user_domain_id': None, 'service_project_id': None, 'service_project_domain_id': None, 'service_roles': []} {{(pid=81264) fill_context /opt/stack/keystone/keystone/server/flask/request_processing/middleware/auth_context.py:509}}
Nov 13 06:22:10 ubuntu devstack@keystone.service[81264]: DEBUG keystone.server.flask.request_processing.req_logging [None req-44c30310-a254-4f3d-8a51-4d079dda79a8 None admin] REQUEST_METHOD: `GET` {{(pid=81264) log_request_info /opt/stack/keystone/keystone/server/flask/request_processing/req_logging.py:26}}
Nov 13 06:22:10 ubuntu devstack@keystone.service[81264]: DEBUG keystone.server.flask.request_processing.req_logging [None req-44c30310-a254-4f3d-8a51-4d079dda79a8 None admin] SCRIPT_NAME: `/identity` {{(pid=81264) log_request_info /opt/stack/keystone/keystone/server/flask/request_processing/req_logging.py:27}}
Nov 13 06:22:10 ubuntu devstack@keystone.service[81264]: DEBUG keystone.server.flask.request_processing.req_logging [None req-44c30310-a254-4f3d-8a51-4d079dda79a8 None admin] PATH_INFO: `/v3/role_assignments` {{(pid=81264) log_request_info /opt/stack/keystone/keystone/server/flask/request_processing/req_logging.py:28}}
Nov 13 06:22:10 ubuntu devstack@keystone.service[81264]: DEBUG keystone.common.rbac_enforcer.enforcer [None req-44c30310-a254-4f3d-8a51-4d079dda79a8 None admin] RBAC: Adding query filter params (role.id=ea6ee85d6d3846938a32c28608ce4101, scope.domain.id=default, user.id=fafdd33eef9a4ce695f2a7a14b68386c) {{(pid=81264) _extract_filter_values /opt/stack/keystone/keystone/common/rbac_enforcer/enforcer.py:176}}
Nov 13 06:22:10 ubuntu devstack@keystone.service[81264]: DEBUG keystone.common.rbac_enforcer.enforcer [None req-44c30310-a254-4f3d-8a51-4d079dda79a8 None admin] RBAC: Authorizing `identity:list_role_assignments()` {{(pid=81264) enforce_call /opt/stack/keystone/keystone/common/rbac_enforcer/enforcer.py:494}}
Nov 13 06:22:10 ubuntu devstack@keystone.service[81264]: DEBUG keystone.common.rbac_enforcer.enforcer [None req-44c30310-a254-4f3d-8a51-4d079dda79a8 None admin] RBAC: Authorization granted {{(pid=81264) enforce_call /opt/stack/keystone/keystone/common/rbac_enforcer/enforcer.py:505}}
Nov 13 06:22:10 ubuntu devstack@keystone.service[81265]: DEBUG keystone.server.flask.request_processing.middleware.auth_context [None req-086b85f6-bb1e-4bf2-91bf-9faabb957a9d None admin] RBAC: auth_context: {'token': <TokenModel (audit_id=33GgkdtLSy6YvEHGq-rFNA, audit_chain_id=['33GgkdtLSy6YvEHGq-rFNA']) at 0x7f8951326020>, 'domain_id': None, 'trust_id': None, 'trustor_id': None, 'trustee_id': None, 'domain_name': None, 'group_ids': [], 'user_id': 'fafdd33eef9a4ce695f2a7a14b68386c', 'user_domain_id': 'default', 'system_scope': 'all', 'project_id': None, 'project_domain_id': None, 'roles': ['admin', 'manager', 'member', 'reader'], 'is_admin_project': True, 'service_user_id': None, 'service_user_domain_id': None, 'service_project_id': None, 'service_project_domain_id': None, 'service_roles': []} {{(pid=81265) fill_context /opt/stack/keystone/keystone/server/flask/request_processing/middleware/auth_context.py:509}}
Nov 13 06:22:10 ubuntu devstack@keystone.service[81265]: DEBUG keystone.server.flask.request_processing.req_logging [None req-086b85f6-bb1e-4bf2-91bf-9faabb957a9d None admin] REQUEST_METHOD: `GET` {{(pid=81265) log_request_info /opt/stack/keystone/keystone/server/flask/request_processing/req_logging.py:26}}
Nov 13 06:22:10 ubuntu devstack@keystone.service[81265]: DEBUG keystone.server.flask.request_processing.req_logging [None req-086b85f6-bb1e-4bf2-91bf-9faabb957a9d None admin] SCRIPT_NAME: `/identity` {{(pid=81265) log_request_info /opt/stack/keystone/keystone/server/flask/request_processing/req_logging.py:27}}
Nov 13 06:22:10 ubuntu devstack@keystone.service[81265]: DEBUG keystone.server.flask.request_processing.req_logging [None req-086b85f6-bb1e-4bf2-91bf-9faabb957a9d None admin] PATH_INFO: `/v3/domains` {{(pid=81265) log_request_info /opt/stack/keystone/keystone/server/flask/request_processing/req_logging.py:28}}
Nov 13 06:22:10 ubuntu devstack@keystone.service[81264]: [pid: 81264|app: 0|req: 17/32] 10.201.5.82 () {56 vars in 1371 bytes} [Thu Nov 13 06:22:09 2025] GET /identity/v3/role_assignments?role.id=ea6ee85d6d3846938a32c28608ce4101&scope.domain.id=default&user.id=fafdd33eef9a4ce695f2a7a14b68386c => generated 530 bytes in 61 msecs (HTTP/1.1 200) 5 headers in 177 bytes (1 switches on core 0)
Nov 13 06:22:10 ubuntu devstack@keystone.service[81265]: DEBUG keystone.common.rbac_enforcer.enforcer [None req-086b85f6-bb1e-4bf2-91bf-9faabb957a9d None admin] RBAC: Adding query filter params (name=Default) {{(pid=81265) _extract_filter_values /opt/stack/keystone/keystone/common/rbac_enforcer/enforcer.py:176}}
Nov 13 06:22:10 ubuntu devstack@keystone.service[81264]: DEBUG keystone.server.flask.request_processing.req_logging [None req-b742be0a-154c-4d7b-855e-bff05c5d0cb0 None None] REQUEST_METHOD: `POST` {{(pid=81264) log_request_info /opt/stack/keystone/keystone/server/flask/request_processing/req_logging.py:26}}
Nov 13 06:22:10 ubuntu devstack@keystone.service[81265]: DEBUG keystone.common.rbac_enforcer.enforcer [None req-086b85f6-bb1e-4bf2-91bf-9faabb957a9d None admin] RBAC: Authorizing `identity:list_domains()` {{(pid=81265) enforce_call /opt/stack/keystone/keystone/common/rbac_enforcer/enforcer.py:494}}
Nov 13 06:22:10 ubuntu devstack@keystone.service[81264]: DEBUG keystone.server.flask.request_processing.req_logging [None req-b742be0a-154c-4d7b-855e-bff05c5d0cb0 None None] SCRIPT_NAME: `/identity` {{(pid=81264) log_request_info /opt/stack/keystone/keystone/server/flask/request_processing/req_logging.py:27}}
Nov 13 06:22:10 ubuntu devstack@keystone.service[81264]: DEBUG keystone.server.flask.request_processing.req_logging [None req-b742be0a-154c-4d7b-855e-bff05c5d0cb0 None None] PATH_INFO: `/v3/auth/tokens` {{(pid=81264) log_request_info /opt/stack/keystone/keystone/server/flask/request_processing/req_logging.py:28}}
Nov 13 06:22:10 ubuntu devstack@keystone.service[81265]: DEBUG keystone.common.rbac_enforcer.enforcer [None req-086b85f6-bb1e-4bf2-91bf-9faabb957a9d None admin] RBAC: Authorization granted {{(pid=81265) enforce_call /opt/stack/keystone/keystone/common/rbac_enforcer/enforcer.py:505}}
Nov 13 06:22:10 ubuntu devstack@keystone.service[81264]: WARNING keystone.common.password_hashing [None req-b742be0a-154c-4d7b-855e-bff05c5d0cb0 None None] Truncating password to algorithm specific maximum length 72 characters.
Nov 13 06:22:10 ubuntu devstack@keystone.service[81264]: DEBUG keystone.auth.core [None req-b742be0a-154c-4d7b-855e-bff05c5d0cb0 None None] MFA Rules not processed for user `fafdd33eef9a4ce695f2a7a14b68386c`. Rule list: `[]` (Enabled: `True`). {{(pid=81264) check_auth_methods_against_rules /opt/stack/keystone/keystone/auth/core.py:476}}
Nov 13 06:22:10 ubuntu devstack@keystone.service[81265]: [pid: 81265|app: 0|req: 16/33] 10.201.5.82 () {56 vars in 1101 bytes} [Thu Nov 13 06:22:09 2025] GET /identity/v3/domains?name=Default => generated 308 bytes in 81 msecs (HTTP/1.1 200) 5 headers in 177 bytes (1 switches on core 0)
Nov 13 06:22:10 ubuntu devstack@keystone.service[81264]: DEBUG keystone.common.fernet_utils [None req-b742be0a-154c-4d7b-855e-bff05c5d0cb0 None None] Loaded 2 Fernet keys from /etc/keystone/fernet-keys/, but `[fernet_tokens] max_active_keys = 3`; perhaps there have not been enough key rotations to reach `max_active_keys` yet? {{(pid=81264) load_keys /opt/stack/keystone/keystone/common/fernet_utils.py:297}}
Nov 13 06:22:10 ubuntu devstack@keystone.service[81265]: DEBUG keystone.server.flask.request_processing.middleware.auth_context [None req-086b85f6-bb1e-4bf2-91bf-9faabb957a9d None admin] Authenticating user token {{(pid=81265) process_request /opt/stack/data/venv/lib/python3.10/site-packages/keystonemiddleware/auth_token/__init__.py:407}}
Nov 13 06:22:10 ubuntu devstack@keystone.service[81264]: [pid: 81264|app: 0|req: 18/34] 10.201.5.82 () {58 vars in 1016 bytes} [Thu Nov 13 06:22:10 2025] POST /identity/v3/auth/tokens => generated 862 bytes in 61 msecs (HTTP/1.1 201) 6 headers in 363 bytes (1 switches on core 0)
Nov 13 06:22:10 ubuntu devstack@keystone.service[81265]: DEBUG keystone.server.flask.request_processing.middleware.auth_context [None req-086b85f6-bb1e-4bf2-91bf-9faabb957a9d None admin] Validating token access rules against request {{(pid=81265) validate_allowed_request /opt/stack/data/venv/lib/python3.10/site-packages/keystonemiddleware/auth_token/__init__.py:545}}
Nov 13 06:22:10 ubuntu devstack@keystone.service[81265]: DEBUG keystone.server.flask.request_processing.middleware.auth_context [None req-31fa7d4f-f07c-49ba-9ff8-d64d129bffba None admin] RBAC: auth_context: {'token': <TokenModel (audit_id=33GgkdtLSy6YvEHGq-rFNA, audit_chain_id=['33GgkdtLSy6YvEHGq-rFNA']) at 0x7f89514f45e0>, 'domain_id': None, 'trust_id': None, 'trustor_id': None, 'trustee_id': None, 'domain_name': None, 'group_ids': [], 'user_id': 'fafdd33eef9a4ce695f2a7a14b68386c', 'user_domain_id': 'default', 'system_scope': 'all', 'project_id': None, 'project_domain_id': None, 'roles': ['admin', 'manager', 'member', 'reader'], 'is_admin_project': True, 'service_user_id': None, 'service_user_domain_id': None, 'service_project_id': None, 'service_project_domain_id': None, 'service_roles': []} {{(pid=81265) fill_context /opt/stack/keystone/keystone/server/flask/request_processing/middleware/auth_context.py:509}}
Nov 13 06:22:10 ubuntu devstack@keystone.service[81265]: DEBUG keystone.server.flask.request_processing.req_logging [None req-31fa7d4f-f07c-49ba-9ff8-d64d129bffba None admin] REQUEST_METHOD: `POST` {{(pid=81265) log_request_info /opt/stack/keystone/keystone/server/flask/request_processing/req_logging.py:26}}
Nov 13 06:22:10 ubuntu devstack@keystone.service[81265]: DEBUG keystone.server.flask.request_processing.req_logging [None req-31fa7d4f-f07c-49ba-9ff8-d64d129bffba None admin] SCRIPT_NAME: `/identity` {{(pid=81265) log_request_info /opt/stack/keystone/keystone/server/flask/request_processing/req_logging.py:27}}
Nov 13 06:22:10 ubuntu devstack@keystone.service[81265]: DEBUG keystone.server.flask.request_processing.req_logging [None req-31fa7d4f-f07c-49ba-9ff8-d64d129bffba None admin] PATH_INFO: `/v3/projects` {{(pid=81265) log_request_info /opt/stack/keystone/keystone/server/flask/request_processing/req_logging.py:28}}
Nov 13 06:22:10 ubuntu devstack@keystone.service[81265]: DEBUG keystone.common.rbac_enforcer.enforcer [None req-31fa7d4f-f07c-49ba-9ff8-d64d129bffba None admin] RBAC: Authorizing `identity:create_project()` {{(pid=81265) enforce_call /opt/stack/keystone/keystone/common/rbac_enforcer/enforcer.py:494}}
Nov 13 06:22:10 ubuntu devstack@keystone.service[81265]: DEBUG keystone.common.rbac_enforcer.enforcer [None req-31fa7d4f-f07c-49ba-9ff8-d64d129bffba None admin] RBAC: Authorization granted {{(pid=81265) enforce_call /opt/stack/keystone/keystone/common/rbac_enforcer/enforcer.py:505}}
Nov 13 06:22:10 ubuntu devstack@keystone.service[81265]: [pid: 81265|app: 0|req: 17/35] 10.201.5.82 () {60 vars in 1133 bytes} [Thu Nov 13 06:22:10 2025] POST /identity/v3/projects => generated 301 bytes in 107 msecs (HTTP/1.1 201) 5 headers in 182 bytes (1 switches on core 0)
Nov 13 06:22:10 ubuntu devstack@keystone.service[81264]: DEBUG keystone.server.flask.request_processing.middleware.auth_context [None req-b742be0a-154c-4d7b-855e-bff05c5d0cb0 None None] Authenticating user token {{(pid=81264) process_request /opt/stack/data/venv/lib/python3.10/site-packages/keystonemiddleware/auth_token/__init__.py:407}}
Nov 13 06:22:10 ubuntu devstack@keystone.service[81264]: DEBUG keystone.server.flask.request_processing.middleware.auth_context [None req-b742be0a-154c-4d7b-855e-bff05c5d0cb0 None None] Validating token access rules against request {{(pid=81264) validate_allowed_request /opt/stack/data/venv/lib/python3.10/site-packages/keystonemiddleware/auth_token/__init__.py:545}}
Nov 13 06:22:10 ubuntu devstack@keystone.service[81264]: DEBUG keystone.server.flask.request_processing.middleware.auth_context [None req-fff00c93-b2b2-4e5d-a872-876ffcd9ebc0 None admin] RBAC: auth_context: {'token': <TokenModel (audit_id=OfTkB6_9S6KCyxwbXe6e6A, audit_chain_id=['OfTkB6_9S6KCyxwbXe6e6A']) at 0x7f89512010f0>, 'domain_id': None, 'trust_id': None, 'trustor_id': None, 'trustee_id': None, 'domain_name': None, 'group_ids': [], 'user_id': 'fafdd33eef9a4ce695f2a7a14b68386c', 'user_domain_id': 'default', 'system_scope': 'all', 'project_id': None, 'project_domain_id': None, 'roles': ['admin', 'manager', 'member', 'reader'], 'is_admin_project': True, 'service_user_id': None, 'service_user_domain_id': None, 'service_project_id': None, 'service_project_domain_id': None, 'service_roles': []} {{(pid=81264) fill_context /opt/stack/keystone/keystone/server/flask/request_processing/middleware/auth_context.py:509}}
Nov 13 06:22:10 ubuntu devstack@keystone.service[81264]: DEBUG keystone.server.flask.request_processing.req_logging [None req-fff00c93-b2b2-4e5d-a872-876ffcd9ebc0 None admin] REQUEST_METHOD: `POST` {{(pid=81264) log_request_info /opt/stack/keystone/keystone/server/flask/request_processing/req_logging.py:26}}
Nov 13 06:22:10 ubuntu devstack@keystone.service[81264]: DEBUG keystone.server.flask.request_processing.req_logging [None req-fff00c93-b2b2-4e5d-a872-876ffcd9ebc0 None admin] SCRIPT_NAME: `/identity` {{(pid=81264) log_request_info /opt/stack/keystone/keystone/server/flask/request_processing/req_logging.py:27}}
Nov 13 06:22:10 ubuntu devstack@keystone.service[81264]: DEBUG keystone.server.flask.request_processing.req_logging [None req-fff00c93-b2b2-4e5d-a872-876ffcd9ebc0 None admin] PATH_INFO: `/v3/roles` {{(pid=81264) log_request_info /opt/stack/keystone/keystone/server/flask/request_processing/req_logging.py:28}}
Nov 13 06:22:10 ubuntu devstack@keystone.service[81264]: DEBUG keystone.common.rbac_enforcer.enforcer [None req-fff00c93-b2b2-4e5d-a872-876ffcd9ebc0 None admin] RBAC: Authorizing `identity:create_role()` {{(pid=81264) enforce_call /opt/stack/keystone/keystone/common/rbac_enforcer/enforcer.py:494}}
Nov 13 06:22:10 ubuntu devstack@keystone.service[81264]: DEBUG keystone.common.rbac_enforcer.enforcer [None req-fff00c93-b2b2-4e5d-a872-876ffcd9ebc0 None admin] RBAC: Authorization granted {{(pid=81264) enforce_call /opt/stack/keystone/keystone/common/rbac_enforcer/enforcer.py:505}}
Nov 13 06:22:10 ubuntu devstack@keystone.service[81264]: DEBUG keystone.common.sql.core [None req-fff00c93-b2b2-4e5d-a872-876ffcd9ebc0 None admin] Conflict role: (pymysql.err.IntegrityError) (1062, "Duplicate entry 'service-<<null>>' for key 'role.ixu_role_name_domain_id'")
Nov 13 06:22:10 ubuntu devstack@keystone.service[81264]: [SQL: INSERT INTO `role` (id, name, description, extra) VALUES (%(id)s, %(name)s, %(description)s, %(extra)s)]
Nov 13 06:22:10 ubuntu devstack@keystone.service[81264]: [parameters: {'id': '6d93720355ae4642a59ca1898b9dfe46', 'name': 'service', 'description': None, 'extra': '{}'}]
Nov 13 06:22:10 ubuntu devstack@keystone.service[81264]: (Background on this error at: https://sqlalche.me/e/20/gkpj) {{(pid=81264) wrapper /opt/stack/keystone/keystone/common/sql/core.py:580}}
Nov 13 06:22:10 ubuntu devstack@keystone.service[81264]: ERROR keystone.server.flask.application [None req-fff00c93-b2b2-4e5d-a872-876ffcd9ebc0 None admin] Conflict occurred attempting to store role - Duplicate entry found with name service.: keystone.exception.Conflict: Conflict occurred attempting to store role - Duplicate entry found with name service.
Nov 13 06:22:10 ubuntu devstack@keystone.service[81264]: ERROR keystone.server.flask.application Traceback (most recent call last):
Nov 13 06:22:10 ubuntu devstack@keystone.service[81264]: ERROR keystone.server.flask.application   File "/opt/stack/data/venv/lib/python3.10/site-packages/sqlalchemy/engine/base.py", line 1967, in _exec_single_context
Nov 13 06:22:10 ubuntu devstack@keystone.service[81264]: ERROR keystone.server.flask.application     self.dialect.do_execute(
Nov 13 06:22:10 ubuntu devstack@keystone.service[81264]: ERROR keystone.server.flask.application   File "/opt/stack/data/venv/lib/python3.10/site-packages/sqlalchemy/engine/default.py", line 951, in do_execute
Nov 13 06:22:10 ubuntu devstack@keystone.service[81264]: ERROR keystone.server.flask.application     cursor.execute(statement, parameters)
Nov 13 06:22:10 ubuntu devstack@keystone.service[81264]: ERROR keystone.server.flask.application   File "/opt/stack/data/venv/lib/python3.10/site-packages/pymysql/cursors.py", line 153, in execute
Nov 13 06:22:10 ubuntu devstack@keystone.service[81264]: ERROR keystone.server.flask.application     result = self._query(query)
Nov 13 06:22:10 ubuntu devstack@keystone.service[81264]: ERROR keystone.server.flask.application   File "/opt/stack/data/venv/lib/python3.10/site-packages/pymysql/cursors.py", line 322, in _query
Nov 13 06:22:10 ubuntu devstack@keystone.service[81264]: ERROR keystone.server.flask.application     conn.query(q)
Nov 13 06:22:10 ubuntu devstack@keystone.service[81264]: ERROR keystone.server.flask.application   File "/opt/stack/data/venv/lib/python3.10/site-packages/pymysql/connections.py", line 575, in query
Nov 13 06:22:10 ubuntu devstack@keystone.service[81264]: ERROR keystone.server.flask.application     self._affected_rows = self._read_query_result(unbuffered=unbuffered)
Nov 13 06:22:10 ubuntu devstack@keystone.service[81264]: ERROR keystone.server.flask.application   File "/opt/stack/data/venv/lib/python3.10/site-packages/pymysql/connections.py", line 826, in _read_query_result
Nov 13 06:22:10 ubuntu devstack@keystone.service[81264]: ERROR keystone.server.flask.application     result.read()
Nov 13 06:22:10 ubuntu devstack@keystone.service[81264]: ERROR keystone.server.flask.application   File "/opt/stack/data/venv/lib/python3.10/site-packages/pymysql/connections.py", line 1203, in read
Nov 13 06:22:10 ubuntu devstack@keystone.service[81264]: ERROR keystone.server.flask.application     first_packet = self.connection._read_packet()
Nov 13 06:22:10 ubuntu devstack@keystone.service[81264]: ERROR keystone.server.flask.application   File "/opt/stack/data/venv/lib/python3.10/site-packages/pymysql/connections.py", line 782, in _read_packet
Nov 13 06:22:10 ubuntu devstack@keystone.service[81264]: ERROR keystone.server.flask.application     packet.raise_for_error()
Nov 13 06:22:10 ubuntu devstack@keystone.service[81264]: ERROR keystone.server.flask.application   File "/opt/stack/data/venv/lib/python3.10/site-packages/pymysql/protocol.py", line 219, in raise_for_error
Nov 13 06:22:10 ubuntu devstack@keystone.service[81264]: ERROR keystone.server.flask.application     err.raise_mysql_exception(self._data)
Nov 13 06:22:10 ubuntu devstack@keystone.service[81264]: ERROR keystone.server.flask.application   File "/opt/stack/data/venv/lib/python3.10/site-packages/pymysql/err.py", line 150, in raise_mysql_exception
Nov 13 06:22:10 ubuntu devstack@keystone.service[81264]: ERROR keystone.server.flask.application     raise errorclass(errno, errval)
Nov 13 06:22:10 ubuntu devstack@keystone.service[81264]: ERROR keystone.server.flask.application pymysql.err.IntegrityError: (1062, "Duplicate entry 'service-<<null>>' for key 'role.ixu_role_name_domain_id'")
Nov 13 06:22:10 ubuntu devstack@keystone.service[81264]: ERROR keystone.server.flask.application 
Nov 13 06:22:10 ubuntu devstack@keystone.service[81264]: ERROR keystone.server.flask.application The above exception was the direct cause of the following exception:
Nov 13 06:22:10 ubuntu devstack@keystone.service[81264]: ERROR keystone.server.flask.application 
Nov 13 06:22:10 ubuntu devstack@keystone.service[81264]: ERROR keystone.server.flask.application Traceback (most recent call last):
Nov 13 06:22:10 ubuntu devstack@keystone.service[81264]: ERROR keystone.server.flask.application   File "/opt/stack/keystone/keystone/common/sql/core.py", line 575, in wrapper
Nov 13 06:22:10 ubuntu devstack@keystone.service[81264]: ERROR keystone.server.flask.application     return method(*args, **kwargs)
Nov 13 06:22:10 ubuntu devstack@keystone.service[81264]: ERROR keystone.server.flask.application   File "/opt/stack/keystone/keystone/assignment/role_backends/sql.py", line 25, in create_role
Nov 13 06:22:10 ubuntu devstack@keystone.service[81264]: ERROR keystone.server.flask.application     with sql.session_for_write() as session:
Nov 13 06:22:10 ubuntu devstack@keystone.service[81264]: ERROR keystone.server.flask.application   File "/usr/lib/python3.10/contextlib.py", line 142, in __exit__
Nov 13 06:22:10 ubuntu devstack@keystone.service[81264]: ERROR keystone.server.flask.application     next(self.gen)
Nov 13 06:22:10 ubuntu devstack@keystone.service[81264]: ERROR keystone.server.flask.application   File "/opt/stack/data/venv/lib/python3.10/site-packages/oslo_db/sqlalchemy/enginefacade.py", line 1199, in _transaction_scope
Nov 13 06:22:10 ubuntu devstack@keystone.service[81264]: ERROR keystone.server.flask.application     with current._produce_block(
Nov 13 06:22:10 ubuntu devstack@keystone.service[81264]: ERROR keystone.server.flask.application   File "/usr/lib/python3.10/contextlib.py", line 142, in __exit__
Nov 13 06:22:10 ubuntu devstack@keystone.service[81264]: ERROR keystone.server.flask.application     next(self.gen)
Nov 13 06:22:10 ubuntu devstack@keystone.service[81264]: ERROR keystone.server.flask.application   File "/opt/stack/data/venv/lib/python3.10/site-packages/oslo_db/sqlalchemy/enginefacade.py", line 850, in _session
Nov 13 06:22:10 ubuntu devstack@keystone.service[81264]: ERROR keystone.server.flask.application     with excutils.save_and_reraise_exception():
Nov 13 06:22:10 ubuntu devstack@keystone.service[81264]: ERROR keystone.server.flask.application   File "/opt/stack/data/venv/lib/python3.10/site-packages/oslo_utils/excutils.py", line 227, in __exit__
Nov 13 06:22:10 ubuntu devstack@keystone.service[81264]: ERROR keystone.server.flask.application     self.force_reraise()
Nov 13 06:22:10 ubuntu devstack@keystone.service[81264]: ERROR keystone.server.flask.application   File "/opt/stack/data/venv/lib/python3.10/site-packages/oslo_utils/excutils.py", line 200, in force_reraise
Nov 13 06:22:10 ubuntu devstack@keystone.service[81264]: ERROR keystone.server.flask.application     raise self.value
Nov 13 06:22:10 ubuntu devstack@keystone.service[81264]: ERROR keystone.server.flask.application   File "/opt/stack/data/venv/lib/python3.10/site-packages/oslo_db/sqlalchemy/enginefacade.py", line 848, in _session
Nov 13 06:22:10 ubuntu devstack@keystone.service[81264]: ERROR keystone.server.flask.application     self._end_session_transaction(self.session)
Nov 13 06:22:10 ubuntu devstack@keystone.service[81264]: ERROR keystone.server.flask.application   File "/opt/stack/data/venv/lib/python3.10/site-packages/oslo_db/sqlalchemy/enginefacade.py", line 761, in _end_session_transaction
Nov 13 06:22:10 ubuntu devstack@keystone.service[81264]: ERROR keystone.server.flask.application     session.commit()
Nov 13 06:22:10 ubuntu devstack@keystone.service[81264]: ERROR keystone.server.flask.application   File "/opt/stack/data/venv/lib/python3.10/site-packages/sqlalchemy/orm/session.py", line 2030, in commit
Nov 13 06:22:10 ubuntu devstack@keystone.service[81264]: ERROR keystone.server.flask.application     trans.commit(_to_root=True)
Nov 13 06:22:10 ubuntu devstack@keystone.service[81264]: ERROR keystone.server.flask.application   File "<string>", line 2, in commit
Nov 13 06:22:10 ubuntu devstack@keystone.service[81264]: ERROR keystone.server.flask.application   File "/opt/stack/data/venv/lib/python3.10/site-packages/sqlalchemy/orm/state_changes.py", line 137, in _go
Nov 13 06:22:10 ubuntu devstack@keystone.service[81264]: ERROR keystone.server.flask.application     ret_value = fn(self, *arg, **kw)
Nov 13 06:22:10 ubuntu devstack@keystone.service[81264]: ERROR keystone.server.flask.application   File "/opt/stack/data/venv/lib/python3.10/site-packages/sqlalchemy/orm/session.py", line 1311, in commit
Nov 13 06:22:10 ubuntu devstack@keystone.service[81264]: ERROR keystone.server.flask.application     self._prepare_impl()
Nov 13 06:22:10 ubuntu devstack@keystone.service[81264]: ERROR keystone.server.flask.application   File "<string>", line 2, in _prepare_impl
Nov 13 06:22:10 ubuntu devstack@keystone.service[81264]: ERROR keystone.server.flask.application   File "/opt/stack/data/venv/lib/python3.10/site-packages/sqlalchemy/orm/state_changes.py", line 137, in _go
Nov 13 06:22:10 ubuntu devstack@keystone.service[81264]: ERROR keystone.server.flask.application     ret_value = fn(self, *arg, **kw)
Nov 13 06:22:10 ubuntu devstack@keystone.service[81264]: ERROR keystone.server.flask.application   File "/opt/stack/data/venv/lib/python3.10/site-packages/sqlalchemy/orm/session.py", line 1286, in _prepare_impl
Nov 13 06:22:10 ubuntu devstack@keystone.service[81264]: ERROR keystone.server.flask.application     self.session.flush()
Nov 13 06:22:10 ubuntu devstack@keystone.service[81264]: ERROR keystone.server.flask.application   File "/opt/stack/data/venv/lib/python3.10/site-packages/sqlalchemy/orm/session.py", line 4331, in flush
Nov 13 06:22:10 ubuntu devstack@keystone.service[81264]: ERROR keystone.server.flask.application     self._flush(objects)
Nov 13 06:22:10 ubuntu devstack@keystone.service[81264]: ERROR keystone.server.flask.application   File "/opt/stack/data/venv/lib/python3.10/site-packages/sqlalchemy/orm/session.py", line 4466, in _flush
Nov 13 06:22:10 ubuntu devstack@keystone.service[81264]: ERROR keystone.server.flask.application     with util.safe_reraise():
Nov 13 06:22:10 ubuntu devstack@keystone.service[81264]: ERROR keystone.server.flask.application   File "/opt/stack/data/venv/lib/python3.10/site-packages/sqlalchemy/util/langhelpers.py", line 224, in __exit__
Nov 13 06:22:10 ubuntu devstack@keystone.service[81264]: ERROR keystone.server.flask.application     raise exc_value.with_traceback(exc_tb)
Nov 13 06:22:10 ubuntu devstack@keystone.service[81264]: ERROR keystone.server.flask.application   File "/opt/stack/data/venv/lib/python3.10/site-packages/sqlalchemy/orm/session.py", line 4427, in _flush
Nov 13 06:22:10 ubuntu devstack@keystone.service[81264]: ERROR keystone.server.flask.application     flush_context.execute()
Nov 13 06:22:10 ubuntu devstack@keystone.service[81264]: ERROR keystone.server.flask.application   File "/opt/stack/data/venv/lib/python3.10/site-packages/sqlalchemy/orm/unitofwork.py", line 466, in execute
