Dec 27 09:00:18 ubuntu devstack@g-api.service[119387]: DEBUG glance.api.middleware.version_negotiation [None req-0fcdb51a-4002-4c0e-99ca-facb95efccb9 tempest-ImageDependencyTests-962909952 tempest-ImageDependencyTests-962909952-project-member] new path /v2/images/fe24d167-9582-4ebe-a463-be74a28ff877/file {{(pid=119387) process_request /opt/stack/glance/glance/api/middleware/version_negotiation.py:70}}
Dec 27 09:00:18 ubuntu devstack@g-api.service[119387]: DEBUG glance.api.middleware.cache [None req-0fcdb51a-4002-4c0e-99ca-facb95efccb9 tempest-ImageDependencyTests-962909952 tempest-ImageDependencyTests-962909952-project-member] Cache hit for image 'fe24d167-9582-4ebe-a463-be74a28ff877' {{(pid=119387) process_request /opt/stack/glance/glance/api/middleware/cache.py:160}}
Dec 27 09:00:18 ubuntu devstack@g-api.service[119386]: DEBUG glance.api.middleware.version_negotiation [None req-0fcdb51a-4002-4c0e-99ca-facb95efccb9 tempest-ImageDependencyTests-962909952 tempest-ImageDependencyTests-962909952-project-member] Determining version of request: GET /v2/images/fe24d167-9582-4ebe-a463-be74a28ff877 Accept: */* {{(pid=119386) process_request /opt/stack/glance/glance/api/middleware/version_negotiation.py:44}}
Dec 27 09:00:18 ubuntu devstack@g-api.service[119386]: DEBUG glance.api.middleware.version_negotiation [None req-0fcdb51a-4002-4c0e-99ca-facb95efccb9 tempest-ImageDependencyTests-962909952 tempest-ImageDependencyTests-962909952-project-member] Using url versioning {{(pid=119386) process_request /opt/stack/glance/glance/api/middleware/version_negotiation.py:57}}
Dec 27 09:00:18 ubuntu devstack@g-api.service[119386]: DEBUG glance.api.middleware.version_negotiation [None req-0fcdb51a-4002-4c0e-99ca-facb95efccb9 tempest-ImageDependencyTests-962909952 tempest-ImageDependencyTests-962909952-project-member] Matched version: v2 {{(pid=119386) process_request /opt/stack/glance/glance/api/middleware/version_negotiation.py:69}}
Dec 27 09:00:18 ubuntu devstack@g-api.service[119386]: DEBUG glance.api.middleware.version_negotiation [None req-0fcdb51a-4002-4c0e-99ca-facb95efccb9 tempest-ImageDependencyTests-962909952 tempest-ImageDependencyTests-962909952-project-member] new path /v2/images/fe24d167-9582-4ebe-a463-be74a28ff877 {{(pid=119386) process_request /opt/stack/glance/glance/api/middleware/version_negotiation.py:70}}
Dec 27 09:00:18 ubuntu devstack@g-api.service[119386]: [pid: 119386|app: 0|req: 24/48] 127.0.0.1 () {42 vars in 1045 bytes} [Fri Dec 27 09:00:18 2024] GET /v2/images/fe24d167-9582-4ebe-a463-be74a28ff877 => generated 808 bytes in 10 msecs (HTTP/1.1 200) 4 headers in 157 bytes (1 switches on core 0)
Dec 27 09:00:18 ubuntu devstack@g-api.service[119386]: DEBUG glance.api.middleware.version_negotiation [None req-0fcdb51a-4002-4c0e-99ca-facb95efccb9 tempest-ImageDependencyTests-962909952 tempest-ImageDependencyTests-962909952-project-member] Determining version of request: GET /v2/schemas/image Accept: */* {{(pid=119386) process_request /opt/stack/glance/glance/api/middleware/version_negotiation.py:44}}
Dec 27 09:00:18 ubuntu devstack@g-api.service[119386]: DEBUG glance.api.middleware.version_negotiation [None req-0fcdb51a-4002-4c0e-99ca-facb95efccb9 tempest-ImageDependencyTests-962909952 tempest-ImageDependencyTests-962909952-project-member] Using url versioning {{(pid=119386) process_request /opt/stack/glance/glance/api/middleware/version_negotiation.py:57}}
Dec 27 09:00:18 ubuntu devstack@g-api.service[119386]: DEBUG glance.api.middleware.version_negotiation [None req-0fcdb51a-4002-4c0e-99ca-facb95efccb9 tempest-ImageDependencyTests-962909952 tempest-ImageDependencyTests-962909952-project-member] Matched version: v2 {{(pid=119386) process_request /opt/stack/glance/glance/api/middleware/version_negotiation.py:69}}
Dec 27 09:00:18 ubuntu devstack@g-api.service[119386]: DEBUG glance.api.middleware.version_negotiation [None req-0fcdb51a-4002-4c0e-99ca-facb95efccb9 tempest-ImageDependencyTests-962909952 tempest-ImageDependencyTests-962909952-project-member] new path /v2/schemas/image {{(pid=119386) process_request /opt/stack/glance/glance/api/middleware/version_negotiation.py:70}}
Dec 27 09:00:18 ubuntu devstack@g-api.service[119387]: [pid: 119387|app: 0|req: 25/49] 127.0.0.1 () {42 vars in 1055 bytes} [Fri Dec 27 09:00:18 2024] GET /v2/images/fe24d167-9582-4ebe-a463-be74a28ff877/file => generated 1024 bytes in 28 msecs (HTTP/1.1 200) 5 headers in 213 bytes (1 switches on core 0)
Dec 27 09:00:18 ubuntu devstack@g-api.service[119386]: [pid: 119386|app: 0|req: 25/50] 127.0.0.1 () {42 vars in 985 bytes} [Fri Dec 27 09:00:18 2024] GET /v2/schemas/image => generated 6083 bytes in 3 msecs (HTTP/1.1 200) 4 headers in 158 bytes (1 switches on core 0)
Dec 27 09:00:19 ubuntu devstack@g-api.service[119387]: DEBUG glance.api.middleware.version_negotiation [None req-0fcdb51a-4002-4c0e-99ca-facb95efccb9 tempest-ImageDependencyTests-962909952 tempest-ImageDependencyTests-962909952-project-member] Determining version of request: GET /v2/images/fe24d167-9582-4ebe-a463-be74a28ff877 Accept: */* {{(pid=119387) process_request /opt/stack/glance/glance/api/middleware/version_negotiation.py:44}}
Dec 27 09:00:19 ubuntu devstack@g-api.service[119387]: DEBUG glance.api.middleware.version_negotiation [None req-0fcdb51a-4002-4c0e-99ca-facb95efccb9 tempest-ImageDependencyTests-962909952 tempest-ImageDependencyTests-962909952-project-member] Using url versioning {{(pid=119387) process_request /opt/stack/glance/glance/api/middleware/version_negotiation.py:57}}
Dec 27 09:00:19 ubuntu devstack@g-api.service[119387]: DEBUG glance.api.middleware.version_negotiation [None req-0fcdb51a-4002-4c0e-99ca-facb95efccb9 tempest-ImageDependencyTests-962909952 tempest-ImageDependencyTests-962909952-project-member] Matched version: v2 {{(pid=119387) process_request /opt/stack/glance/glance/api/middleware/version_negotiation.py:69}}
Dec 27 09:00:19 ubuntu devstack@g-api.service[119387]: DEBUG glance.api.middleware.version_negotiation [None req-0fcdb51a-4002-4c0e-99ca-facb95efccb9 tempest-ImageDependencyTests-962909952 tempest-ImageDependencyTests-962909952-project-member] new path /v2/images/fe24d167-9582-4ebe-a463-be74a28ff877 {{(pid=119387) process_request /opt/stack/glance/glance/api/middleware/version_negotiation.py:70}}
Dec 27 09:00:19 ubuntu devstack@g-api.service[119387]: [pid: 119387|app: 0|req: 26/51] 127.0.0.1 () {42 vars in 1045 bytes} [Fri Dec 27 09:00:19 2024] GET /v2/images/fe24d167-9582-4ebe-a463-be74a28ff877 => generated 808 bytes in 19 msecs (HTTP/1.1 200) 4 headers in 157 bytes (1 switches on core 0)
Dec 27 09:00:19 ubuntu devstack@g-api.service[119386]: DEBUG glance.api.middleware.version_negotiation [None req-0fcdb51a-4002-4c0e-99ca-facb95efccb9 tempest-ImageDependencyTests-962909952 tempest-ImageDependencyTests-962909952-project-member] Determining version of request: GET /v2/schemas/image Accept: */* {{(pid=119386) process_request /opt/stack/glance/glance/api/middleware/version_negotiation.py:44}}
Dec 27 09:00:19 ubuntu devstack@g-api.service[119386]: DEBUG glance.api.middleware.version_negotiation [None req-0fcdb51a-4002-4c0e-99ca-facb95efccb9 tempest-ImageDependencyTests-962909952 tempest-ImageDependencyTests-962909952-project-member] Using url versioning {{(pid=119386) process_request /opt/stack/glance/glance/api/middleware/version_negotiation.py:57}}
Dec 27 09:00:19 ubuntu devstack@g-api.service[119386]: DEBUG glance.api.middleware.version_negotiation [None req-0fcdb51a-4002-4c0e-99ca-facb95efccb9 tempest-ImageDependencyTests-962909952 tempest-ImageDependencyTests-962909952-project-member] Matched version: v2 {{(pid=119386) process_request /opt/stack/glance/glance/api/middleware/version_negotiation.py:69}}
Dec 27 09:00:19 ubuntu devstack@g-api.service[119386]: DEBUG glance.api.middleware.version_negotiation [None req-0fcdb51a-4002-4c0e-99ca-facb95efccb9 tempest-ImageDependencyTests-962909952 tempest-ImageDependencyTests-962909952-project-member] new path /v2/schemas/image {{(pid=119386) process_request /opt/stack/glance/glance/api/middleware/version_negotiation.py:70}}
Dec 27 09:00:19 ubuntu devstack@g-api.service[119386]: [pid: 119386|app: 0|req: 26/52] 127.0.0.1 () {42 vars in 985 bytes} [Fri Dec 27 09:00:19 2024] GET /v2/schemas/image => generated 6083 bytes in 9 msecs (HTTP/1.1 200) 4 headers in 158 bytes (1 switches on core 0)
Dec 27 09:00:19 ubuntu devstack@g-api.service[119387]: DEBUG glance.api.middleware.version_negotiation [None req-0fcdb51a-4002-4c0e-99ca-facb95efccb9 tempest-ImageDependencyTests-962909952 tempest-ImageDependencyTests-962909952-project-member] Determining version of request: GET /v2/images/fe24d167-9582-4ebe-a463-be74a28ff877 Accept: */* {{(pid=119387) process_request /opt/stack/glance/glance/api/middleware/version_negotiation.py:44}}
Dec 27 09:00:19 ubuntu devstack@g-api.service[119387]: DEBUG glance.api.middleware.version_negotiation [None req-0fcdb51a-4002-4c0e-99ca-facb95efccb9 tempest-ImageDependencyTests-962909952 tempest-ImageDependencyTests-962909952-project-member] Using url versioning {{(pid=119387) process_request /opt/stack/glance/glance/api/middleware/version_negotiation.py:57}}
Dec 27 09:00:19 ubuntu devstack@g-api.service[119387]: DEBUG glance.api.middleware.version_negotiation [None req-0fcdb51a-4002-4c0e-99ca-facb95efccb9 tempest-ImageDependencyTests-962909952 tempest-ImageDependencyTests-962909952-project-member] Matched version: v2 {{(pid=119387) process_request /opt/stack/glance/glance/api/middleware/version_negotiation.py:69}}
Dec 27 09:00:19 ubuntu devstack@g-api.service[119387]: DEBUG glance.api.middleware.version_negotiation [None req-0fcdb51a-4002-4c0e-99ca-facb95efccb9 tempest-ImageDependencyTests-962909952 tempest-ImageDependencyTests-962909952-project-member] new path /v2/images/fe24d167-9582-4ebe-a463-be74a28ff877 {{(pid=119387) process_request /opt/stack/glance/glance/api/middleware/version_negotiation.py:70}}
Dec 27 09:00:19 ubuntu devstack@g-api.service[119387]: [pid: 119387|app: 0|req: 27/53] 127.0.0.1 () {42 vars in 1045 bytes} [Fri Dec 27 09:00:19 2024] GET /v2/images/fe24d167-9582-4ebe-a463-be74a28ff877 => generated 808 bytes in 11 msecs (HTTP/1.1 200) 4 headers in 157 bytes (1 switches on core 0)
Dec 27 09:00:19 ubuntu devstack@g-api.service[119386]: DEBUG glance.api.middleware.version_negotiation [None req-0fcdb51a-4002-4c0e-99ca-facb95efccb9 tempest-ImageDependencyTests-962909952 tempest-ImageDependencyTests-962909952-project-member] Determining version of request: GET /v2/schemas/image Accept: */* {{(pid=119386) process_request /opt/stack/glance/glance/api/middleware/version_negotiation.py:44}}
Dec 27 09:00:19 ubuntu devstack@g-api.service[119386]: DEBUG glance.api.middleware.version_negotiation [None req-0fcdb51a-4002-4c0e-99ca-facb95efccb9 tempest-ImageDependencyTests-962909952 tempest-ImageDependencyTests-962909952-project-member] Using url versioning {{(pid=119386) process_request /opt/stack/glance/glance/api/middleware/version_negotiation.py:57}}
Dec 27 09:00:19 ubuntu devstack@g-api.service[119386]: DEBUG glance.api.middleware.version_negotiation [None req-0fcdb51a-4002-4c0e-99ca-facb95efccb9 tempest-ImageDependencyTests-962909952 tempest-ImageDependencyTests-962909952-project-member] Matched version: v2 {{(pid=119386) process_request /opt/stack/glance/glance/api/middleware/version_negotiation.py:69}}
Dec 27 09:00:19 ubuntu devstack@g-api.service[119386]: DEBUG glance.api.middleware.version_negotiation [None req-0fcdb51a-4002-4c0e-99ca-facb95efccb9 tempest-ImageDependencyTests-962909952 tempest-ImageDependencyTests-962909952-project-member] new path /v2/schemas/image {{(pid=119386) process_request /opt/stack/glance/glance/api/middleware/version_negotiation.py:70}}
Dec 27 09:00:19 ubuntu devstack@g-api.service[119386]: [pid: 119386|app: 0|req: 27/54] 127.0.0.1 () {42 vars in 985 bytes} [Fri Dec 27 09:00:19 2024] GET /v2/schemas/image => generated 6083 bytes in 3 msecs (HTTP/1.1 200) 4 headers in 158 bytes (1 switches on core 0)
Dec 27 09:00:19 ubuntu devstack@g-api.service[119387]: DEBUG glance.api.middleware.version_negotiation [None req-0fcdb51a-4002-4c0e-99ca-facb95efccb9 tempest-ImageDependencyTests-962909952 tempest-ImageDependencyTests-962909952-project-member] Determining version of request: GET /v2/images/fe24d167-9582-4ebe-a463-be74a28ff877 Accept: */* {{(pid=119387) process_request /opt/stack/glance/glance/api/middleware/version_negotiation.py:44}}
Dec 27 09:00:19 ubuntu devstack@g-api.service[119387]: DEBUG glance.api.middleware.version_negotiation [None req-0fcdb51a-4002-4c0e-99ca-facb95efccb9 tempest-ImageDependencyTests-962909952 tempest-ImageDependencyTests-962909952-project-member] Using url versioning {{(pid=119387) process_request /opt/stack/glance/glance/api/middleware/version_negotiation.py:57}}
Dec 27 09:00:19 ubuntu devstack@g-api.service[119387]: DEBUG glance.api.middleware.version_negotiation [None req-0fcdb51a-4002-4c0e-99ca-facb95efccb9 tempest-ImageDependencyTests-962909952 tempest-ImageDependencyTests-962909952-project-member] Matched version: v2 {{(pid=119387) process_request /opt/stack/glance/glance/api/middleware/version_negotiation.py:69}}
Dec 27 09:00:19 ubuntu devstack@g-api.service[119387]: DEBUG glance.api.middleware.version_negotiation [None req-0fcdb51a-4002-4c0e-99ca-facb95efccb9 tempest-ImageDependencyTests-962909952 tempest-ImageDependencyTests-962909952-project-member] new path /v2/images/fe24d167-9582-4ebe-a463-be74a28ff877 {{(pid=119387) process_request /opt/stack/glance/glance/api/middleware/version_negotiation.py:70}}
Dec 27 09:00:19 ubuntu devstack@g-api.service[119387]: [pid: 119387|app: 0|req: 28/55] 127.0.0.1 () {42 vars in 1045 bytes} [Fri Dec 27 09:00:19 2024] GET /v2/images/fe24d167-9582-4ebe-a463-be74a28ff877 => generated 808 bytes in 7 msecs (HTTP/1.1 200) 4 headers in 157 bytes (1 switches on core 0)
Dec 27 09:00:19 ubuntu devstack@g-api.service[119386]: DEBUG glance.api.middleware.version_negotiation [None req-0fcdb51a-4002-4c0e-99ca-facb95efccb9 tempest-ImageDependencyTests-962909952 tempest-ImageDependencyTests-962909952-project-member] Determining version of request: GET /v2/schemas/image Accept: */* {{(pid=119386) process_request /opt/stack/glance/glance/api/middleware/version_negotiation.py:44}}
Dec 27 09:00:19 ubuntu devstack@g-api.service[119386]: DEBUG glance.api.middleware.version_negotiation [None req-0fcdb51a-4002-4c0e-99ca-facb95efccb9 tempest-ImageDependencyTests-962909952 tempest-ImageDependencyTests-962909952-project-member] Using url versioning {{(pid=119386) process_request /opt/stack/glance/glance/api/middleware/version_negotiation.py:57}}
Dec 27 09:00:19 ubuntu devstack@g-api.service[119386]: DEBUG glance.api.middleware.version_negotiation [None req-0fcdb51a-4002-4c0e-99ca-facb95efccb9 tempest-ImageDependencyTests-962909952 tempest-ImageDependencyTests-962909952-project-member] Matched version: v2 {{(pid=119386) process_request /opt/stack/glance/glance/api/middleware/version_negotiation.py:69}}
Dec 27 09:00:19 ubuntu devstack@g-api.service[119386]: DEBUG glance.api.middleware.version_negotiation [None req-0fcdb51a-4002-4c0e-99ca-facb95efccb9 tempest-ImageDependencyTests-962909952 tempest-ImageDependencyTests-962909952-project-member] new path /v2/schemas/image {{(pid=119386) process_request /opt/stack/glance/glance/api/middleware/version_negotiation.py:70}}
Dec 27 09:00:19 ubuntu devstack@g-api.service[119386]: [pid: 119386|app: 0|req: 28/56] 127.0.0.1 () {42 vars in 985 bytes} [Fri Dec 27 09:00:19 2024] GET /v2/schemas/image => generated 6083 bytes in 3 msecs (HTTP/1.1 200) 4 headers in 158 bytes (1 switches on core 0)
Dec 27 09:00:19 ubuntu devstack@g-api.service[119387]: DEBUG glance.api.middleware.version_negotiation [None req-0fcdb51a-4002-4c0e-99ca-facb95efccb9 tempest-ImageDependencyTests-962909952 tempest-ImageDependencyTests-962909952-project-member] Determining version of request: GET /v2/schemas/image Accept: */* {{(pid=119387) process_request /opt/stack/glance/glance/api/middleware/version_negotiation.py:44}}
Dec 27 09:00:19 ubuntu devstack@g-api.service[119387]: DEBUG glance.api.middleware.version_negotiation [None req-0fcdb51a-4002-4c0e-99ca-facb95efccb9 tempest-ImageDependencyTests-962909952 tempest-ImageDependencyTests-962909952-project-member] Using url versioning {{(pid=119387) process_request /opt/stack/glance/glance/api/middleware/version_negotiation.py:57}}
Dec 27 09:00:19 ubuntu devstack@g-api.service[119387]: DEBUG glance.api.middleware.version_negotiation [None req-0fcdb51a-4002-4c0e-99ca-facb95efccb9 tempest-ImageDependencyTests-962909952 tempest-ImageDependencyTests-962909952-project-member] Matched version: v2 {{(pid=119387) process_request /opt/stack/glance/glance/api/middleware/version_negotiation.py:69}}
Dec 27 09:00:19 ubuntu devstack@g-api.service[119387]: DEBUG glance.api.middleware.version_negotiation [None req-0fcdb51a-4002-4c0e-99ca-facb95efccb9 tempest-ImageDependencyTests-962909952 tempest-ImageDependencyTests-962909952-project-member] new path /v2/schemas/image {{(pid=119387) process_request /opt/stack/glance/glance/api/middleware/version_negotiation.py:70}}
Dec 27 09:00:19 ubuntu devstack@g-api.service[119387]: [pid: 119387|app: 0|req: 29/57] 127.0.0.1 () {42 vars in 985 bytes} [Fri Dec 27 09:00:19 2024] GET /v2/schemas/image => generated 6083 bytes in 2 msecs (HTTP/1.1 200) 4 headers in 158 bytes (1 switches on core 0)
Dec 27 09:00:19 ubuntu devstack@g-api.service[119386]: DEBUG glance.api.middleware.version_negotiation [None req-0fcdb51a-4002-4c0e-99ca-facb95efccb9 tempest-ImageDependencyTests-962909952 tempest-ImageDependencyTests-962909952-project-member] Determining version of request: GET /v2/images/fe24d167-9582-4ebe-a463-be74a28ff877 Accept: */* {{(pid=119386) process_request /opt/stack/glance/glance/api/middleware/version_negotiation.py:44}}
Dec 27 09:00:19 ubuntu devstack@g-api.service[119386]: DEBUG glance.api.middleware.version_negotiation [None req-0fcdb51a-4002-4c0e-99ca-facb95efccb9 tempest-ImageDependencyTests-962909952 tempest-ImageDependencyTests-962909952-project-member] Using url versioning {{(pid=119386) process_request /opt/stack/glance/glance/api/middleware/version_negotiation.py:57}}
Dec 27 09:00:19 ubuntu devstack@g-api.service[119386]: DEBUG glance.api.middleware.version_negotiation [None req-0fcdb51a-4002-4c0e-99ca-facb95efccb9 tempest-ImageDependencyTests-962909952 tempest-ImageDependencyTests-962909952-project-member] Matched version: v2 {{(pid=119386) process_request /opt/stack/glance/glance/api/middleware/version_negotiation.py:69}}
Dec 27 09:00:19 ubuntu devstack@g-api.service[119386]: DEBUG glance.api.middleware.version_negotiation [None req-0fcdb51a-4002-4c0e-99ca-facb95efccb9 tempest-ImageDependencyTests-962909952 tempest-ImageDependencyTests-962909952-project-member] new path /v2/images/fe24d167-9582-4ebe-a463-be74a28ff877 {{(pid=119386) process_request /opt/stack/glance/glance/api/middleware/version_negotiation.py:70}}
Dec 27 09:00:19 ubuntu devstack@g-api.service[119386]: [pid: 119386|app: 0|req: 29/58] 127.0.0.1 () {42 vars in 1045 bytes} [Fri Dec 27 09:00:19 2024] GET /v2/images/fe24d167-9582-4ebe-a463-be74a28ff877 => generated 808 bytes in 15 msecs (HTTP/1.1 200) 4 headers in 157 bytes (1 switches on core 0)
Dec 27 09:00:19 ubuntu devstack@g-api.service[119387]: DEBUG glance.api.middleware.version_negotiation [None req-0fcdb51a-4002-4c0e-99ca-facb95efccb9 tempest-ImageDependencyTests-962909952 tempest-ImageDependencyTests-962909952-project-member] Determining version of request: GET /v2/images/fe24d167-9582-4ebe-a463-be74a28ff877/file Accept: */* {{(pid=119387) process_request /opt/stack/glance/glance/api/middleware/version_negotiation.py:44}}
Dec 27 09:00:19 ubuntu devstack@g-api.service[119387]: DEBUG glance.api.middleware.version_negotiation [None req-0fcdb51a-4002-4c0e-99ca-facb95efccb9 tempest-ImageDependencyTests-962909952 tempest-ImageDependencyTests-962909952-project-member] Using url versioning {{(pid=119387) process_request /opt/stack/glance/glance/api/middleware/version_negotiation.py:57}}
Dec 27 09:00:19 ubuntu devstack@g-api.service[119387]: DEBUG glance.api.middleware.version_negotiation [None req-0fcdb51a-4002-4c0e-99ca-facb95efccb9 tempest-ImageDependencyTests-962909952 tempest-ImageDependencyTests-962909952-project-member] Matched version: v2 {{(pid=119387) process_request /opt/stack/glance/glance/api/middleware/version_negotiation.py:69}}
Dec 27 09:00:19 ubuntu devstack@g-api.service[119387]: DEBUG glance.api.middleware.version_negotiation [None req-0fcdb51a-4002-4c0e-99ca-facb95efccb9 tempest-ImageDependencyTests-962909952 tempest-ImageDependencyTests-962909952-project-member] new path /v2/images/fe24d167-9582-4ebe-a463-be74a28ff877/file {{(pid=119387) process_request /opt/stack/glance/glance/api/middleware/version_negotiation.py:70}}
Dec 27 09:00:19 ubuntu devstack@g-api.service[119387]: DEBUG glance.api.middleware.cache [None req-0fcdb51a-4002-4c0e-99ca-facb95efccb9 tempest-ImageDependencyTests-962909952 tempest-ImageDependencyTests-962909952-project-member] Cache hit for image 'fe24d167-9582-4ebe-a463-be74a28ff877' {{(pid=119387) process_request /opt/stack/glance/glance/api/middleware/cache.py:160}}
Dec 27 09:00:19 ubuntu devstack@g-api.service[119386]: DEBUG glance.api.middleware.version_negotiation [None req-0fcdb51a-4002-4c0e-99ca-facb95efccb9 tempest-ImageDependencyTests-962909952 tempest-ImageDependencyTests-962909952-project-member] Determining version of request: GET /v2/images/fe24d167-9582-4ebe-a463-be74a28ff877 Accept: */* {{(pid=119386) process_request /opt/stack/glance/glance/api/middleware/version_negotiation.py:44}}
Dec 27 09:00:19 ubuntu devstack@g-api.service[119386]: DEBUG glance.api.middleware.version_negotiation [None req-0fcdb51a-4002-4c0e-99ca-facb95efccb9 tempest-ImageDependencyTests-962909952 tempest-ImageDependencyTests-962909952-project-member] Using url versioning {{(pid=119386) process_request /opt/stack/glance/glance/api/middleware/version_negotiation.py:57}}
Dec 27 09:00:19 ubuntu devstack@g-api.service[119386]: DEBUG glance.api.middleware.version_negotiation [None req-0fcdb51a-4002-4c0e-99ca-facb95efccb9 tempest-ImageDependencyTests-962909952 tempest-ImageDependencyTests-962909952-project-member] Matched version: v2 {{(pid=119386) process_request /opt/stack/glance/glance/api/middleware/version_negotiation.py:69}}
Dec 27 09:00:19 ubuntu devstack@g-api.service[119386]: DEBUG glance.api.middleware.version_negotiation [None req-0fcdb51a-4002-4c0e-99ca-facb95efccb9 tempest-ImageDependencyTests-962909952 tempest-ImageDependencyTests-962909952-project-member] new path /v2/images/fe24d167-9582-4ebe-a463-be74a28ff877 {{(pid=119386) process_request /opt/stack/glance/glance/api/middleware/version_negotiation.py:70}}
Dec 27 09:00:19 ubuntu devstack@g-api.service[119387]: [pid: 119387|app: 0|req: 30/59] 127.0.0.1 () {42 vars in 1055 bytes} [Fri Dec 27 09:00:19 2024] GET /v2/images/fe24d167-9582-4ebe-a463-be74a28ff877/file => generated 1024 bytes in 26 msecs (HTTP/1.1 200) 5 headers in 213 bytes (1 switches on core 0)
Dec 27 09:00:19 ubuntu devstack@g-api.service[119386]: [pid: 119386|app: 0|req: 30/60] 127.0.0.1 () {42 vars in 1045 bytes} [Fri Dec 27 09:00:19 2024] GET /v2/images/fe24d167-9582-4ebe-a463-be74a28ff877 => generated 808 bytes in 10 msecs (HTTP/1.1 200) 4 headers in 157 bytes (1 switches on core 0)
Dec 27 09:00:19 ubuntu devstack@g-api.service[119387]: DEBUG glance.api.middleware.version_negotiation [None req-0fcdb51a-4002-4c0e-99ca-facb95efccb9 tempest-ImageDependencyTests-962909952 tempest-ImageDependencyTests-962909952-project-member] Determining version of request: GET /v2/schemas/image Accept: */* {{(pid=119387) process_request /opt/stack/glance/glance/api/middleware/version_negotiation.py:44}}
Dec 27 09:00:19 ubuntu devstack@g-api.service[119387]: DEBUG glance.api.middleware.version_negotiation [None req-0fcdb51a-4002-4c0e-99ca-facb95efccb9 tempest-ImageDependencyTests-962909952 tempest-ImageDependencyTests-962909952-project-member] Using url versioning {{(pid=119387) process_request /opt/stack/glance/glance/api/middleware/version_negotiation.py:57}}
Dec 27 09:00:19 ubuntu devstack@g-api.service[119387]: DEBUG glance.api.middleware.version_negotiation [None req-0fcdb51a-4002-4c0e-99ca-facb95efccb9 tempest-ImageDependencyTests-962909952 tempest-ImageDependencyTests-962909952-project-member] Matched version: v2 {{(pid=119387) process_request /opt/stack/glance/glance/api/middleware/version_negotiation.py:69}}
Dec 27 09:00:19 ubuntu devstack@g-api.service[119387]: DEBUG glance.api.middleware.version_negotiation [None req-0fcdb51a-4002-4c0e-99ca-facb95efccb9 tempest-ImageDependencyTests-962909952 tempest-ImageDependencyTests-962909952-project-member] new path /v2/schemas/image {{(pid=119387) process_request /opt/stack/glance/glance/api/middleware/version_negotiation.py:70}}
Dec 27 09:00:19 ubuntu devstack@g-api.service[119387]: [pid: 119387|app: 0|req: 31/61] 127.0.0.1 () {42 vars in 985 bytes} [Fri Dec 27 09:00:19 2024] GET /v2/schemas/image => generated 6083 bytes in 4 msecs (HTTP/1.1 200) 4 headers in 158 bytes (1 switches on core 0)
Dec 27 09:00:20 ubuntu devstack@g-api.service[119386]: DEBUG glance.api.middleware.version_negotiation [None req-0fcdb51a-4002-4c0e-99ca-facb95efccb9 tempest-ImageDependencyTests-962909952 tempest-ImageDependencyTests-962909952-project-member] Determining version of request: GET /v2/images/fe24d167-9582-4ebe-a463-be74a28ff877 Accept: */* {{(pid=119386) process_request /opt/stack/glance/glance/api/middleware/version_negotiation.py:44}}
Dec 27 09:00:20 ubuntu devstack@g-api.service[119386]: DEBUG glance.api.middleware.version_negotiation [None req-0fcdb51a-4002-4c0e-99ca-facb95efccb9 tempest-ImageDependencyTests-962909952 tempest-ImageDependencyTests-962909952-project-member] Using url versioning {{(pid=119386) process_request /opt/stack/glance/glance/api/middleware/version_negotiation.py:57}}
Dec 27 09:00:20 ubuntu devstack@g-api.service[119386]: DEBUG glance.api.middleware.version_negotiation [None req-0fcdb51a-4002-4c0e-99ca-facb95efccb9 tempest-ImageDependencyTests-962909952 tempest-ImageDependencyTests-962909952-project-member] Matched version: v2 {{(pid=119386) process_request /opt/stack/glance/glance/api/middleware/version_negotiation.py:69}}
Dec 27 09:00:20 ubuntu devstack@g-api.service[119386]: DEBUG glance.api.middleware.version_negotiation [None req-0fcdb51a-4002-4c0e-99ca-facb95efccb9 tempest-ImageDependencyTests-962909952 tempest-ImageDependencyTests-962909952-project-member] new path /v2/images/fe24d167-9582-4ebe-a463-be74a28ff877 {{(pid=119386) process_request /opt/stack/glance/glance/api/middleware/version_negotiation.py:70}}
Dec 27 09:00:20 ubuntu devstack@g-api.service[119386]: [pid: 119386|app: 0|req: 31/62] 127.0.0.1 () {42 vars in 1045 bytes} [Fri Dec 27 09:00:19 2024] GET /v2/images/fe24d167-9582-4ebe-a463-be74a28ff877 => generated 808 bytes in 10 msecs (HTTP/1.1 200) 4 headers in 157 bytes (1 switches on core 0)
Dec 27 09:00:20 ubuntu devstack@g-api.service[119387]: DEBUG glance.api.middleware.version_negotiation [None req-0fcdb51a-4002-4c0e-99ca-facb95efccb9 tempest-ImageDependencyTests-962909952 tempest-ImageDependencyTests-962909952-project-member] Determining version of request: GET /v2/schemas/image Accept: */* {{(pid=119387) process_request /opt/stack/glance/glance/api/middleware/version_negotiation.py:44}}
Dec 27 09:00:20 ubuntu devstack@g-api.service[119387]: DEBUG glance.api.middleware.version_negotiation [None req-0fcdb51a-4002-4c0e-99ca-facb95efccb9 tempest-ImageDependencyTests-962909952 tempest-ImageDependencyTests-962909952-project-member] Using url versioning {{(pid=119387) process_request /opt/stack/glance/glance/api/middleware/version_negotiation.py:57}}
Dec 27 09:00:20 ubuntu devstack@g-api.service[119387]: DEBUG glance.api.middleware.version_negotiation [None req-0fcdb51a-4002-4c0e-99ca-facb95efccb9 tempest-ImageDependencyTests-962909952 tempest-ImageDependencyTests-962909952-project-member] Matched version: v2 {{(pid=119387) process_request /opt/stack/glance/glance/api/middleware/version_negotiation.py:69}}
Dec 27 09:00:20 ubuntu devstack@g-api.service[119387]: DEBUG glance.api.middleware.version_negotiation [None req-0fcdb51a-4002-4c0e-99ca-facb95efccb9 tempest-ImageDependencyTests-962909952 tempest-ImageDependencyTests-962909952-project-member] new path /v2/schemas/image {{(pid=119387) process_request /opt/stack/glance/glance/api/middleware/version_negotiation.py:70}}
Dec 27 09:00:20 ubuntu devstack@g-api.service[119387]: [pid: 119387|app: 0|req: 32/63] 127.0.0.1 () {42 vars in 985 bytes} [Fri Dec 27 09:00:20 2024] GET /v2/schemas/image => generated 6083 bytes in 5 msecs (HTTP/1.1 200) 4 headers in 158 bytes (1 switches on core 0)
Dec 27 09:00:20 ubuntu devstack@g-api.service[119386]: DEBUG glance.api.middleware.version_negotiation [None req-0fcdb51a-4002-4c0e-99ca-facb95efccb9 tempest-ImageDependencyTests-962909952 tempest-ImageDependencyTests-962909952-project-member] Determining version of request: DELETE /v2/images/fe24d167-9582-4ebe-a463-be74a28ff877 Accept: application/json {{(pid=119386) process_request /opt/stack/glance/glance/api/middleware/version_negotiation.py:44}}
Dec 27 09:00:20 ubuntu devstack@g-api.service[119386]: DEBUG glance.api.middleware.version_negotiation [None req-0fcdb51a-4002-4c0e-99ca-facb95efccb9 tempest-ImageDependencyTests-962909952 tempest-ImageDependencyTests-962909952-project-member] Using url versioning {{(pid=119386) process_request /opt/stack/glance/glance/api/middleware/version_negotiation.py:57}}
Dec 27 09:00:20 ubuntu devstack@g-api.service[119386]: DEBUG glance.api.middleware.version_negotiation [None req-0fcdb51a-4002-4c0e-99ca-facb95efccb9 tempest-ImageDependencyTests-962909952 tempest-ImageDependencyTests-962909952-project-member] Matched version: v2 {{(pid=119386) process_request /opt/stack/glance/glance/api/middleware/version_negotiation.py:69}}
Dec 27 09:00:20 ubuntu devstack@g-api.service[119386]: DEBUG glance.api.middleware.version_negotiation [None req-0fcdb51a-4002-4c0e-99ca-facb95efccb9 tempest-ImageDependencyTests-962909952 tempest-ImageDependencyTests-962909952-project-member] new path /v2/images/fe24d167-9582-4ebe-a463-be74a28ff877 {{(pid=119386) process_request /opt/stack/glance/glance/api/middleware/version_negotiation.py:70}}
Dec 27 09:00:20 ubuntu devstack@g-api.service[119386]: WARNING glance.api.v2.images [None req-59265793-6e77-4dd1-bf20-da525ff51b9f tempest-ImageDependencyTests-962909952 tempest-ImageDependencyTests-962909952-project-member] After upload to backend, deletion of staged image data has failed because it cannot be found at /tmp/staging//fe24d167-9582-4ebe-a463-be74a28ff877
Dec 27 09:00:20 ubuntu devstack@g-api.service[119386]: DEBUG glance_store.backend [None req-59265793-6e77-4dd1-bf20-da525ff51b9f tempest-ImageDependencyTests-962909952 tempest-ImageDependencyTests-962909952-project-member] Attempting to import store swift {{(pid=119386) _load_store /opt/stack/data/venv/lib/python3.10/site-packages/glance_store/backend.py:216}}
Dec 27 09:00:20 ubuntu devstack@g-api.service[119386]: DEBUG glance_store.capabilities [None req-59265793-6e77-4dd1-bf20-da525ff51b9f tempest-ImageDependencyTests-962909952 tempest-ImageDependencyTests-962909952-project-member] Store glance_store._drivers.swift.store.SingleTenantStore doesn't support updating dynamic storage capabilities. Please overwrite 'update_capabilities' method of the store to implement updating logics if needed. {{(pid=119386) update_capabilities /opt/stack/data/venv/lib/python3.10/site-packages/glance_store/capabilities.py:91}}
Dec 27 09:00:20 ubuntu devstack@g-api.service[119386]: DEBUG glance_store.driver [None req-59265793-6e77-4dd1-bf20-da525ff51b9f tempest-ImageDependencyTests-962909952 tempest-ImageDependencyTests-962909952-project-member] Late loading location class glance_store._drivers.swift.store.StoreLocation {{(pid=119386) get_store_location_class /opt/stack/data/venv/lib/python3.10/site-packages/glance_store/driver.py:133}}
Dec 27 09:00:20 ubuntu devstack@g-api.service[119386]: DEBUG glance_store.location [None req-59265793-6e77-4dd1-bf20-da525ff51b9f tempest-ImageDependencyTests-962909952 tempest-ImageDependencyTests-962909952-project-member] Registering scheme swift+https with {'store': <glance_store._drivers.swift.store.SingleTenantStore object at 0x7f0f9c602ef0>, 'location_class': <class 'glance_store._drivers.swift.store.StoreLocation'>, 'store_entry': 'swift'} {{(pid=119386) register_scheme_map /opt/stack/data/venv/lib/python3.10/site-packages/glance_store/location.py:146}}
Dec 27 09:00:20 ubuntu devstack@g-api.service[119386]: DEBUG glance_store.location [None req-59265793-6e77-4dd1-bf20-da525ff51b9f tempest-ImageDependencyTests-962909952 tempest-ImageDependencyTests-962909952-project-member] Registering scheme swift+https with {'store': <glance_store._drivers.swift.store.SingleTenantStore object at 0x7f0f9c602ef0>, 'location_class': <class 'glance_store._drivers.swift.store.StoreLocation'>, 'store_entry': 'swift'} {{(pid=119386) register_scheme_map /opt/stack/data/venv/lib/python3.10/site-packages/glance_store/location.py:146}}
Dec 27 09:00:20 ubuntu devstack@g-api.service[119386]: DEBUG glance_store.location [None req-59265793-6e77-4dd1-bf20-da525ff51b9f tempest-ImageDependencyTests-962909952 tempest-ImageDependencyTests-962909952-project-member] Registering scheme swift with {'store': <glance_store._drivers.swift.store.SingleTenantStore object at 0x7f0f9c602ef0>, 'location_class': <class 'glance_store._drivers.swift.store.StoreLocation'>, 'store_entry': 'swift'} {{(pid=119386) register_scheme_map /opt/stack/data/venv/lib/python3.10/site-packages/glance_store/location.py:146}}
Dec 27 09:00:20 ubuntu devstack@g-api.service[119386]: DEBUG glance_store.location [None req-59265793-6e77-4dd1-bf20-da525ff51b9f tempest-ImageDependencyTests-962909952 tempest-ImageDependencyTests-962909952-project-member] Registering scheme swift+https with {'store': <glance_store._drivers.swift.store.SingleTenantStore object at 0x7f0f9c602ef0>, 'location_class': <class 'glance_store._drivers.swift.store.StoreLocation'>, 'store_entry': 'swift'} {{(pid=119386) register_scheme_map /opt/stack/data/venv/lib/python3.10/site-packages/glance_store/location.py:146}}
Dec 27 09:00:20 ubuntu devstack@g-api.service[119386]: DEBUG glance_store.location [None req-59265793-6e77-4dd1-bf20-da525ff51b9f tempest-ImageDependencyTests-962909952 tempest-ImageDependencyTests-962909952-project-member] Registering scheme swift with {'store': <glance_store._drivers.swift.store.SingleTenantStore object at 0x7f0f9c602ef0>, 'location_class': <class 'glance_store._drivers.swift.store.StoreLocation'>, 'store_entry': 'swift'} {{(pid=119386) register_scheme_map /opt/stack/data/venv/lib/python3.10/site-packages/glance_store/location.py:146}}
Dec 27 09:00:20 ubuntu devstack@g-api.service[119386]: DEBUG glance_store.location [None req-59265793-6e77-4dd1-bf20-da525ff51b9f tempest-ImageDependencyTests-962909952 tempest-ImageDependencyTests-962909952-project-member] Registering scheme swift+http with {'store': <glance_store._drivers.swift.store.SingleTenantStore object at 0x7f0f9c602ef0>, 'location_class': <class 'glance_store._drivers.swift.store.StoreLocation'>, 'store_entry': 'swift'} {{(pid=119386) register_scheme_map /opt/stack/data/venv/lib/python3.10/site-packages/glance_store/location.py:146}}
Dec 27 09:00:20 ubuntu devstack@g-api.service[119386]: DEBUG glance_store.location [None req-59265793-6e77-4dd1-bf20-da525ff51b9f tempest-ImageDependencyTests-962909952 tempest-ImageDependencyTests-962909952-project-member] Registering scheme swift+https with {'store': <glance_store._drivers.swift.store.SingleTenantStore object at 0x7f0f9c602ef0>, 'location_class': <class 'glance_store._drivers.swift.store.StoreLocation'>, 'store_entry': 'swift'} {{(pid=119386) register_scheme_map /opt/stack/data/venv/lib/python3.10/site-packages/glance_store/location.py:146}}
Dec 27 09:00:20 ubuntu devstack@g-api.service[119386]: DEBUG glance_store.location [None req-59265793-6e77-4dd1-bf20-da525ff51b9f tempest-ImageDependencyTests-962909952 tempest-ImageDependencyTests-962909952-project-member] Registering scheme swift with {'store': <glance_store._drivers.swift.store.SingleTenantStore object at 0x7f0f9c602ef0>, 'location_class': <class 'glance_store._drivers.swift.store.StoreLocation'>, 'store_entry': 'swift'} {{(pid=119386) register_scheme_map /opt/stack/data/venv/lib/python3.10/site-packages/glance_store/location.py:146}}
Dec 27 09:00:20 ubuntu devstack@g-api.service[119386]: DEBUG glance_store.location [None req-59265793-6e77-4dd1-bf20-da525ff51b9f tempest-ImageDependencyTests-962909952 tempest-ImageDependencyTests-962909952-project-member] Registering scheme swift+http with {'store': <glance_store._drivers.swift.store.SingleTenantStore object at 0x7f0f9c602ef0>, 'location_class': <class 'glance_store._drivers.swift.store.StoreLocation'>, 'store_entry': 'swift'} {{(pid=119386) register_scheme_map /opt/stack/data/venv/lib/python3.10/site-packages/glance_store/location.py:146}}
Dec 27 09:00:20 ubuntu devstack@g-api.service[119386]: DEBUG glance_store.location [None req-59265793-6e77-4dd1-bf20-da525ff51b9f tempest-ImageDependencyTests-962909952 tempest-ImageDependencyTests-962909952-project-member] Registering scheme swift+config with {'store': <glance_store._drivers.swift.store.SingleTenantStore object at 0x7f0f9c602ef0>, 'location_class': <class 'glance_store._drivers.swift.store.StoreLocation'>, 'store_entry': 'swift'} {{(pid=119386) register_scheme_map /opt/stack/data/venv/lib/python3.10/site-packages/glance_store/location.py:146}}
Dec 27 09:00:20 ubuntu devstack@g-api.service[119386]: DEBUG keystoneclient.auth.identity.v3.base [None req-59265793-6e77-4dd1-bf20-da525ff51b9f tempest-ImageDependencyTests-962909952 tempest-ImageDependencyTests-962909952-project-member] Making authentication request to http://10.201.5.82/identity/v3/auth/tokens {{(pid=119386) get_auth_ref /opt/stack/data/venv/lib/python3.10/site-packages/keystoneclient/auth/identity/v3/base.py:185}}
Dec 27 09:00:20 ubuntu devstack@g-api.service[119386]: DEBUG keystoneclient.auth.identity.v3.base [None req-59265793-6e77-4dd1-bf20-da525ff51b9f tempest-ImageDependencyTests-962909952 tempest-ImageDependencyTests-962909952-project-member] {"token": {"methods": ["password"], "user": {"domain": {"id": "default", "name": "Default"}, "id": "1b04ba225d72438d8fcc5e7c00466840", "name": "glance-swift", "password_expires_at": null}, "audit_ids": ["EbvC6bQCQEaAd-KyfMD7Dw"], "expires_at": "2024-12-27T10:00:20.000000Z", "issued_at": "2024-12-27T09:00:20.000000Z", "project": {"domain": {"id": "default", "name": "Default"}, "id": "d7139da06a4a4dcd869ff46331306ba6", "name": "service"}, "is_domain": false, "roles": [{"id": "b5213c74510546529a14d4d8d4bcb1e0", "name": "ResellerAdmin"}, {"id": "a656ec7c027b4f209806b382c312a556", "name": "service"}], "catalog": [{"endpoints": [{"id": "af43f65da2a74bab80083a15debf4c35", "interface": "admin", "region_id": "RegionOne", "url": "http://10.201.5.82:8080", "region": "RegionOne"}, {"id": "b61b6d3d224744fa9f73492f82088f70", "interface": "public", "region_id": "RegionOne", "url": "http://10.201.5.82:8080/v1/AUTH_d7139da06a4a4dcd869ff46331306ba6", "region": "RegionOne"}], "id": "1ea9c4ce2e68428480ad75d0e45ff91c", "type": "object-store", "name": "swift"}, {"endpoints": [{"id": "b7a844a5d6944c598167778f067d5811", "interface": "public", "region_id": "RegionOne", "url": "http://10.201.5.82/image", "region": "RegionOne"}], "id": "3c44ce26fb5c47599e1a998c460b6aa8", "type": "image", "name": "glance"}, {"endpoints": [{"id": "2702db811dd54a2baf382f3fdf4f30e5", "interface": "public", "region_id": "RegionOne", "url": "http://10.201.5.82/compute/v2.1", "region": "RegionOne"}], "id": "4cb4359b9dbf425c9dacbfad28b8278d", "type": "compute", "name": "nova"}, {"endpoints": [{"id": "f9f7d1b72fac42e88be7d309ff743277", "interface": "public", "region_id": "RegionOne", "url": "http://10.201.5.82:9696/networking", "region": "RegionOne"}], "id": "4f516ed1f99b44a0b955b783d825c872", "type": "network", "name": "neutron"}, {"endpoints": [{"id": "3fddbbb14a694f728e679f085c313f47", "interface": "public", "region_id": "RegionOne", "url": "http://10.201.5.82/identity", "region": "RegionOne"}], "id": "8b498cf0a429438b912cff2304bc20c2", "type": "identity", "name": "keystone"}, {"endpoints": [{"id": "e88c7cb57755422492da38d14f539e6d", "interface": "public", "region_id": "RegionOne", "url": "http://10.201.5.82/volume/v3", "region": "RegionOne"}], "id": "d4aba2b93a9b41e1ad33974663c58b6c", "type": "block-storage", "name": "cinder"}, {"endpoints": [{"id": "cda5886cf70742339b76bf31c8cf7921", "interface": "public", "region_id": "RegionOne", "url": "http://10.201.5.82/compute/v2/d7139da06a4a4dcd869ff46331306ba6", "region": "RegionOne"}], "id": "db809545079246e1b5d91326423e19e1", "type": "compute_legacy", "name": "nova_legacy"}, {"endpoints": [{"id": "848c90601cd74ea78b1486750da14d5c", "interface": "public", "region_id": "RegionOne", "url": "http://10.201.5.82/placement", "region": "RegionOne"}], "id": "df2b75417cb7476b9a4abda3935eb986", "type": "placement", "name": "placement"}]}} {{(pid=119386) get_auth_ref /opt/stack/data/venv/lib/python3.10/site-packages/keystoneclient/auth/identity/v3/base.py:190}}
Dec 27 09:00:20 ubuntu devstack@g-api.service[119386]: DEBUG keystoneclient.httpclient [None req-59265793-6e77-4dd1-bf20-da525ff51b9f tempest-ImageDependencyTests-962909952 tempest-ImageDependencyTests-962909952-project-member] Failed to find endpoint for management url admin endpoint for identity service not found {{(pid=119386) _process_management_url /opt/stack/data/venv/lib/python3.10/site-packages/keystoneclient/httpclient.py:670}}
Dec 27 09:00:20 ubuntu devstack@g-api.service[119386]: DEBUG swiftclient [None req-59265793-6e77-4dd1-bf20-da525ff51b9f tempest-ImageDependencyTests-962909952 tempest-ImageDependencyTests-962909952-project-member] REQ: curl -i http://10.201.5.82:8080/v1/AUTH_d7139da06a4a4dcd869ff46331306ba6/glance/fe24d167-9582-4ebe-a463-be74a28ff877 -I -H "X-Auth-Token: gAAAAABnbmyk0v6V..." {{(pid=119386) http_log /opt/stack/data/venv/lib/python3.10/site-packages/swiftclient/client.py:160}}
Dec 27 09:00:20 ubuntu devstack@g-api.service[119386]: DEBUG swiftclient [None req-59265793-6e77-4dd1-bf20-da525ff51b9f tempest-ImageDependencyTests-962909952 tempest-ImageDependencyTests-962909952-project-member] RESP STATUS: 200 OK {{(pid=119386) http_log /opt/stack/data/venv/lib/python3.10/site-packages/swiftclient/client.py:161}}
Dec 27 09:00:20 ubuntu devstack@g-api.service[119386]: DEBUG swiftclient [None req-59265793-6e77-4dd1-bf20-da525ff51b9f tempest-ImageDependencyTests-962909952 tempest-ImageDependencyTests-962909952-project-member] RESP HEADERS: {'Content-Type': 'application/octet-stream', 'Content-Length': '1024', 'Etag': 'cd0a0893b324ebd96fa242efa5e38059', 'Last-Modified': 'Fri, 27 Dec 2024 09:00:15 GMT', 'X-Timestamp': '1735290014.64247', 'Accept-Ranges': 'bytes', 'X-Trans-Id': 'tx32999835a85f40dc93f9d-00676e6ca4', 'X-Openstack-Request-Id': 'tx32999835a85f40dc93f9d-00676e6ca4', 'Date': 'Fri, 27 Dec 2024 09:00:20 GMT'} {{(pid=119386) http_log /opt/stack/data/venv/lib/python3.10/site-packages/swiftclient/client.py:162}}
Dec 27 09:00:20 ubuntu devstack@g-api.service[119386]: DEBUG swiftclient [None req-59265793-6e77-4dd1-bf20-da525ff51b9f tempest-ImageDependencyTests-962909952 tempest-ImageDependencyTests-962909952-project-member] REQ: curl -i http://10.201.5.82:8080/v1/AUTH_d7139da06a4a4dcd869ff46331306ba6/glance/fe24d167-9582-4ebe-a463-be74a28ff877 DELETE -H "X-Auth-Token: gAAAAABnbmyk0v6V..." {{(pid=119386) http_log /opt/stack/data/venv/lib/python3.10/site-packages/swiftclient/client.py:160}}
Dec 27 09:00:20 ubuntu devstack@g-api.service[119386]: DEBUG swiftclient [None req-59265793-6e77-4dd1-bf20-da525ff51b9f tempest-ImageDependencyTests-962909952 tempest-ImageDependencyTests-962909952-project-member] RESP STATUS: 204 No Content {{(pid=119386) http_log /opt/stack/data/venv/lib/python3.10/site-packages/swiftclient/client.py:161}}
Dec 27 09:00:20 ubuntu devstack@g-api.service[119386]: DEBUG swiftclient [None req-59265793-6e77-4dd1-bf20-da525ff51b9f tempest-ImageDependencyTests-962909952 tempest-ImageDependencyTests-962909952-project-member] RESP HEADERS: {'Content-Type': 'text/html; charset=UTF-8', 'Content-Length': '0', 'X-Trans-Id': 'txbb3e3cbb06664d9ba6ea4-00676e6ca4', 'X-Openstack-Request-Id': 'txbb3e3cbb06664d9ba6ea4-00676e6ca4', 'Date': 'Fri, 27 Dec 2024 09:00:20 GMT'} {{(pid=119386) http_log /opt/stack/data/venv/lib/python3.10/site-packages/swiftclient/client.py:162}}
Dec 27 09:00:20 ubuntu devstack@g-api.service[119386]: DEBUG glance.api.middleware.cache [None req-59265793-6e77-4dd1-bf20-da525ff51b9f tempest-ImageDependencyTests-962909952 tempest-ImageDependencyTests-962909952-project-member] Removing image fe24d167-9582-4ebe-a463-be74a28ff877 from cache {{(pid=119386) _process_DELETE_response /opt/stack/glance/glance/api/middleware/cache.py:264}}
Dec 27 09:00:20 ubuntu devstack@g-api.service[119386]: DEBUG glance.image_cache.drivers.centralized_db [None req-59265793-6e77-4dd1-bf20-da525ff51b9f tempest-ImageDependencyTests-962909952 tempest-ImageDependencyTests-962909952-project-member] Deleting image cache file '/opt/stack/data/glance/cache/fe24d167-9582-4ebe-a463-be74a28ff877' {{(pid=119386) delete_cached_file /opt/stack/glance/glance/image_cache/drivers/centralized_db.py:387}}
Dec 27 09:00:20 ubuntu devstack@g-api.service[119386]: [pid: 119386|app: 0|req: 32/64] 127.0.0.1 () {38 vars in 773 bytes} [Fri Dec 27 09:00:20 2024] DELETE /v2/images/fe24d167-9582-4ebe-a463-be74a28ff877 => generated 0 bytes in 227 msecs (HTTP/1.1 204) 4 headers in 171 bytes (1 switches on core 0)
Dec 27 09:00:20 ubuntu devstack@g-api.service[119387]: DEBUG glance.api.middleware.version_negotiation [None req-0fcdb51a-4002-4c0e-99ca-facb95efccb9 tempest-ImageDependencyTests-962909952 tempest-ImageDependencyTests-962909952-project-member] Determining version of request: GET /v2/images/fe24d167-9582-4ebe-a463-be74a28ff877 Accept: application/json {{(pid=119387) process_request /opt/stack/glance/glance/api/middleware/version_negotiation.py:44}}
Dec 27 09:00:20 ubuntu devstack@g-api.service[119387]: DEBUG glance.api.middleware.version_negotiation [None req-0fcdb51a-4002-4c0e-99ca-facb95efccb9 tempest-ImageDependencyTests-962909952 tempest-ImageDependencyTests-962909952-project-member] Using url versioning {{(pid=119387) process_request /opt/stack/glance/glance/api/middleware/version_negotiation.py:57}}
Dec 27 09:00:20 ubuntu devstack@g-api.service[119387]: DEBUG glance.api.middleware.version_negotiation [None req-0fcdb51a-4002-4c0e-99ca-facb95efccb9 tempest-ImageDependencyTests-962909952 tempest-ImageDependencyTests-962909952-project-member] Matched version: v2 {{(pid=119387) process_request /opt/stack/glance/glance/api/middleware/version_negotiation.py:69}}
Dec 27 09:00:20 ubuntu devstack@g-api.service[119387]: DEBUG glance.api.middleware.version_negotiation [None req-0fcdb51a-4002-4c0e-99ca-facb95efccb9 tempest-ImageDependencyTests-962909952 tempest-ImageDependencyTests-962909952-project-member] new path /v2/images/fe24d167-9582-4ebe-a463-be74a28ff877 {{(pid=119387) process_request /opt/stack/glance/glance/api/middleware/version_negotiation.py:70}}
Dec 27 09:00:20 ubuntu devstack@g-api.service[119387]: DEBUG glance.db.sqlalchemy.api [None req-3d341612-9c90-4ff9-a2ff-ecdb9d028fbb tempest-ImageDependencyTests-962909952 tempest-ImageDependencyTests-962909952-project-member] No image found with ID fe24d167-9582-4ebe-a463-be74a28ff877 {{(pid=119387) _image_get /opt/stack/glance/glance/db/sqlalchemy/api.py:309}}
Dec 27 09:00:20 ubuntu devstack@g-api.service[119387]: [pid: 119387|app: 0|req: 33/65] 127.0.0.1 () {38 vars in 770 bytes} [Fri Dec 27 09:00:20 2024] GET /v2/images/fe24d167-9582-4ebe-a463-be74a28ff877 => generated 139 bytes in 11 msecs (HTTP/1.1 404) 4 headers in 164 bytes (1 switches on core 0)
Dec 27 09:00:30 ubuntu devstack@g-api.service[119386]: DEBUG dbcounter [-] [119386] Writing DB stats glance:SELECT=38,glance:INSERT=2,glance:UPDATE=6,glance:DELETE=1 {{(pid=119386) stat_writer /opt/stack/data/venv/lib/python3.10/site-packages/dbcounter.py:115}}
Dec 27 09:00:30 ubuntu devstack@g-api.service[119387]: DEBUG dbcounter [-] [119387] Writing DB stats glance:SELECT=46,glance:UPDATE=4,glance:INSERT=1 {{(pid=119387) stat_writer /opt/stack/data/venv/lib/python3.10/site-packages/dbcounter.py:115}}
