Dec 30 07:36:32 ubuntu devstack@g-api.service[119365]: DEBUG glance.api.middleware.version_negotiation [None req-e25f00b2-42fd-4b0c-8e3b-4e1db9068dbb tempest-ImageDependencyTests-579990826 tempest-ImageDependencyTests-579990826-project-member] Determining version of request: GET /v2/images/5ff6507c-307c-412b-8e86-9a63d586dacd Accept: */* {{(pid=119365) process_request /opt/stack/glance/glance/api/middleware/version_negotiation.py:44}}
Dec 30 07:36:32 ubuntu devstack@g-api.service[119365]: DEBUG glance.api.middleware.version_negotiation [None req-e25f00b2-42fd-4b0c-8e3b-4e1db9068dbb tempest-ImageDependencyTests-579990826 tempest-ImageDependencyTests-579990826-project-member] Using url versioning {{(pid=119365) process_request /opt/stack/glance/glance/api/middleware/version_negotiation.py:57}}
Dec 30 07:36:32 ubuntu devstack@g-api.service[119365]: DEBUG glance.api.middleware.version_negotiation [None req-e25f00b2-42fd-4b0c-8e3b-4e1db9068dbb tempest-ImageDependencyTests-579990826 tempest-ImageDependencyTests-579990826-project-member] Matched version: v2 {{(pid=119365) process_request /opt/stack/glance/glance/api/middleware/version_negotiation.py:69}}
Dec 30 07:36:32 ubuntu devstack@g-api.service[119366]: [pid: 119366|app: 0|req: 25/48] 127.0.0.1 () {42 vars in 1055 bytes} [Mon Dec 30 07:36:32 2024] GET /v2/images/5ff6507c-307c-412b-8e86-9a63d586dacd/file => generated 1024 bytes in 19 msecs (HTTP/1.1 200) 5 headers in 213 bytes (1 switches on core 0)
Dec 30 07:36:32 ubuntu devstack@g-api.service[119365]: DEBUG glance.api.middleware.version_negotiation [None req-e25f00b2-42fd-4b0c-8e3b-4e1db9068dbb tempest-ImageDependencyTests-579990826 tempest-ImageDependencyTests-579990826-project-member] new path /v2/images/5ff6507c-307c-412b-8e86-9a63d586dacd {{(pid=119365) process_request /opt/stack/glance/glance/api/middleware/version_negotiation.py:70}}
Dec 30 07:36:32 ubuntu devstack@g-api.service[119365]: [pid: 119365|app: 0|req: 24/49] 127.0.0.1 () {42 vars in 1045 bytes} [Mon Dec 30 07:36:32 2024] GET /v2/images/5ff6507c-307c-412b-8e86-9a63d586dacd => generated 808 bytes in 21 msecs (HTTP/1.1 200) 4 headers in 157 bytes (1 switches on core 0)
Dec 30 07:36:32 ubuntu devstack@g-api.service[119366]: DEBUG glance.api.middleware.version_negotiation [None req-e25f00b2-42fd-4b0c-8e3b-4e1db9068dbb tempest-ImageDependencyTests-579990826 tempest-ImageDependencyTests-579990826-project-member] Determining version of request: GET /v2/schemas/image Accept: */* {{(pid=119366) process_request /opt/stack/glance/glance/api/middleware/version_negotiation.py:44}}
Dec 30 07:36:32 ubuntu devstack@g-api.service[119366]: DEBUG glance.api.middleware.version_negotiation [None req-e25f00b2-42fd-4b0c-8e3b-4e1db9068dbb tempest-ImageDependencyTests-579990826 tempest-ImageDependencyTests-579990826-project-member] Using url versioning {{(pid=119366) process_request /opt/stack/glance/glance/api/middleware/version_negotiation.py:57}}
Dec 30 07:36:32 ubuntu devstack@g-api.service[119366]: DEBUG glance.api.middleware.version_negotiation [None req-e25f00b2-42fd-4b0c-8e3b-4e1db9068dbb tempest-ImageDependencyTests-579990826 tempest-ImageDependencyTests-579990826-project-member] Matched version: v2 {{(pid=119366) process_request /opt/stack/glance/glance/api/middleware/version_negotiation.py:69}}
Dec 30 07:36:32 ubuntu devstack@g-api.service[119366]: DEBUG glance.api.middleware.version_negotiation [None req-e25f00b2-42fd-4b0c-8e3b-4e1db9068dbb tempest-ImageDependencyTests-579990826 tempest-ImageDependencyTests-579990826-project-member] new path /v2/schemas/image {{(pid=119366) process_request /opt/stack/glance/glance/api/middleware/version_negotiation.py:70}}
Dec 30 07:36:32 ubuntu devstack@g-api.service[119366]: [pid: 119366|app: 0|req: 26/50] 127.0.0.1 () {42 vars in 985 bytes} [Mon Dec 30 07:36:32 2024] GET /v2/schemas/image => generated 6083 bytes in 4 msecs (HTTP/1.1 200) 4 headers in 158 bytes (1 switches on core 0)
Dec 30 07:36:33 ubuntu devstack@g-api.service[119365]: DEBUG glance.api.middleware.version_negotiation [None req-e25f00b2-42fd-4b0c-8e3b-4e1db9068dbb tempest-ImageDependencyTests-579990826 tempest-ImageDependencyTests-579990826-project-member] Determining version of request: GET /v2/images/5ff6507c-307c-412b-8e86-9a63d586dacd Accept: */* {{(pid=119365) process_request /opt/stack/glance/glance/api/middleware/version_negotiation.py:44}}
Dec 30 07:36:33 ubuntu devstack@g-api.service[119365]: DEBUG glance.api.middleware.version_negotiation [None req-e25f00b2-42fd-4b0c-8e3b-4e1db9068dbb tempest-ImageDependencyTests-579990826 tempest-ImageDependencyTests-579990826-project-member] Using url versioning {{(pid=119365) process_request /opt/stack/glance/glance/api/middleware/version_negotiation.py:57}}
Dec 30 07:36:33 ubuntu devstack@g-api.service[119365]: DEBUG glance.api.middleware.version_negotiation [None req-e25f00b2-42fd-4b0c-8e3b-4e1db9068dbb tempest-ImageDependencyTests-579990826 tempest-ImageDependencyTests-579990826-project-member] Matched version: v2 {{(pid=119365) process_request /opt/stack/glance/glance/api/middleware/version_negotiation.py:69}}
Dec 30 07:36:33 ubuntu devstack@g-api.service[119365]: DEBUG glance.api.middleware.version_negotiation [None req-e25f00b2-42fd-4b0c-8e3b-4e1db9068dbb tempest-ImageDependencyTests-579990826 tempest-ImageDependencyTests-579990826-project-member] new path /v2/images/5ff6507c-307c-412b-8e86-9a63d586dacd {{(pid=119365) process_request /opt/stack/glance/glance/api/middleware/version_negotiation.py:70}}
Dec 30 07:36:33 ubuntu devstack@g-api.service[119365]: [pid: 119365|app: 0|req: 25/51] 127.0.0.1 () {42 vars in 1045 bytes} [Mon Dec 30 07:36:33 2024] GET /v2/images/5ff6507c-307c-412b-8e86-9a63d586dacd => generated 808 bytes in 19 msecs (HTTP/1.1 200) 4 headers in 157 bytes (1 switches on core 0)
Dec 30 07:36:33 ubuntu devstack@g-api.service[119366]: DEBUG glance.api.middleware.version_negotiation [None req-e25f00b2-42fd-4b0c-8e3b-4e1db9068dbb tempest-ImageDependencyTests-579990826 tempest-ImageDependencyTests-579990826-project-member] Determining version of request: GET /v2/schemas/image Accept: */* {{(pid=119366) process_request /opt/stack/glance/glance/api/middleware/version_negotiation.py:44}}
Dec 30 07:36:33 ubuntu devstack@g-api.service[119366]: DEBUG glance.api.middleware.version_negotiation [None req-e25f00b2-42fd-4b0c-8e3b-4e1db9068dbb tempest-ImageDependencyTests-579990826 tempest-ImageDependencyTests-579990826-project-member] Using url versioning {{(pid=119366) process_request /opt/stack/glance/glance/api/middleware/version_negotiation.py:57}}
Dec 30 07:36:33 ubuntu devstack@g-api.service[119366]: DEBUG glance.api.middleware.version_negotiation [None req-e25f00b2-42fd-4b0c-8e3b-4e1db9068dbb tempest-ImageDependencyTests-579990826 tempest-ImageDependencyTests-579990826-project-member] Matched version: v2 {{(pid=119366) process_request /opt/stack/glance/glance/api/middleware/version_negotiation.py:69}}
Dec 30 07:36:33 ubuntu devstack@g-api.service[119366]: DEBUG glance.api.middleware.version_negotiation [None req-e25f00b2-42fd-4b0c-8e3b-4e1db9068dbb tempest-ImageDependencyTests-579990826 tempest-ImageDependencyTests-579990826-project-member] new path /v2/schemas/image {{(pid=119366) process_request /opt/stack/glance/glance/api/middleware/version_negotiation.py:70}}
Dec 30 07:36:33 ubuntu devstack@g-api.service[119366]: [pid: 119366|app: 0|req: 27/52] 127.0.0.1 () {42 vars in 985 bytes} [Mon Dec 30 07:36:33 2024] GET /v2/schemas/image => generated 6083 bytes in 7 msecs (HTTP/1.1 200) 4 headers in 158 bytes (1 switches on core 0)
Dec 30 07:36:33 ubuntu devstack@g-api.service[119365]: DEBUG glance.api.middleware.version_negotiation [None req-e25f00b2-42fd-4b0c-8e3b-4e1db9068dbb tempest-ImageDependencyTests-579990826 tempest-ImageDependencyTests-579990826-project-member] Determining version of request: GET /v2/images/5ff6507c-307c-412b-8e86-9a63d586dacd Accept: */* {{(pid=119365) process_request /opt/stack/glance/glance/api/middleware/version_negotiation.py:44}}
Dec 30 07:36:33 ubuntu devstack@g-api.service[119365]: DEBUG glance.api.middleware.version_negotiation [None req-e25f00b2-42fd-4b0c-8e3b-4e1db9068dbb tempest-ImageDependencyTests-579990826 tempest-ImageDependencyTests-579990826-project-member] Using url versioning {{(pid=119365) process_request /opt/stack/glance/glance/api/middleware/version_negotiation.py:57}}
Dec 30 07:36:33 ubuntu devstack@g-api.service[119365]: DEBUG glance.api.middleware.version_negotiation [None req-e25f00b2-42fd-4b0c-8e3b-4e1db9068dbb tempest-ImageDependencyTests-579990826 tempest-ImageDependencyTests-579990826-project-member] Matched version: v2 {{(pid=119365) process_request /opt/stack/glance/glance/api/middleware/version_negotiation.py:69}}
Dec 30 07:36:33 ubuntu devstack@g-api.service[119365]: DEBUG glance.api.middleware.version_negotiation [None req-e25f00b2-42fd-4b0c-8e3b-4e1db9068dbb tempest-ImageDependencyTests-579990826 tempest-ImageDependencyTests-579990826-project-member] new path /v2/images/5ff6507c-307c-412b-8e86-9a63d586dacd {{(pid=119365) process_request /opt/stack/glance/glance/api/middleware/version_negotiation.py:70}}
Dec 30 07:36:33 ubuntu devstack@g-api.service[119365]: [pid: 119365|app: 0|req: 26/53] 127.0.0.1 () {42 vars in 1045 bytes} [Mon Dec 30 07:36:33 2024] GET /v2/images/5ff6507c-307c-412b-8e86-9a63d586dacd => generated 808 bytes in 12 msecs (HTTP/1.1 200) 4 headers in 157 bytes (1 switches on core 0)
Dec 30 07:36:33 ubuntu devstack@g-api.service[119366]: DEBUG glance.api.middleware.version_negotiation [None req-e25f00b2-42fd-4b0c-8e3b-4e1db9068dbb tempest-ImageDependencyTests-579990826 tempest-ImageDependencyTests-579990826-project-member] Determining version of request: GET /v2/schemas/image Accept: */* {{(pid=119366) process_request /opt/stack/glance/glance/api/middleware/version_negotiation.py:44}}
Dec 30 07:36:33 ubuntu devstack@g-api.service[119366]: DEBUG glance.api.middleware.version_negotiation [None req-e25f00b2-42fd-4b0c-8e3b-4e1db9068dbb tempest-ImageDependencyTests-579990826 tempest-ImageDependencyTests-579990826-project-member] Using url versioning {{(pid=119366) process_request /opt/stack/glance/glance/api/middleware/version_negotiation.py:57}}
Dec 30 07:36:33 ubuntu devstack@g-api.service[119366]: DEBUG glance.api.middleware.version_negotiation [None req-e25f00b2-42fd-4b0c-8e3b-4e1db9068dbb tempest-ImageDependencyTests-579990826 tempest-ImageDependencyTests-579990826-project-member] Matched version: v2 {{(pid=119366) process_request /opt/stack/glance/glance/api/middleware/version_negotiation.py:69}}
Dec 30 07:36:33 ubuntu devstack@g-api.service[119366]: DEBUG glance.api.middleware.version_negotiation [None req-e25f00b2-42fd-4b0c-8e3b-4e1db9068dbb tempest-ImageDependencyTests-579990826 tempest-ImageDependencyTests-579990826-project-member] new path /v2/schemas/image {{(pid=119366) process_request /opt/stack/glance/glance/api/middleware/version_negotiation.py:70}}
Dec 30 07:36:33 ubuntu devstack@g-api.service[119366]: [pid: 119366|app: 0|req: 28/54] 127.0.0.1 () {42 vars in 985 bytes} [Mon Dec 30 07:36:33 2024] GET /v2/schemas/image => generated 6083 bytes in 7 msecs (HTTP/1.1 200) 4 headers in 158 bytes (1 switches on core 0)
Dec 30 07:36:33 ubuntu devstack@g-api.service[119365]: DEBUG glance.api.middleware.version_negotiation [None req-e25f00b2-42fd-4b0c-8e3b-4e1db9068dbb tempest-ImageDependencyTests-579990826 tempest-ImageDependencyTests-579990826-project-member] Determining version of request: GET /v2/images/5ff6507c-307c-412b-8e86-9a63d586dacd Accept: */* {{(pid=119365) process_request /opt/stack/glance/glance/api/middleware/version_negotiation.py:44}}
Dec 30 07:36:33 ubuntu devstack@g-api.service[119365]: DEBUG glance.api.middleware.version_negotiation [None req-e25f00b2-42fd-4b0c-8e3b-4e1db9068dbb tempest-ImageDependencyTests-579990826 tempest-ImageDependencyTests-579990826-project-member] Using url versioning {{(pid=119365) process_request /opt/stack/glance/glance/api/middleware/version_negotiation.py:57}}
Dec 30 07:36:33 ubuntu devstack@g-api.service[119365]: DEBUG glance.api.middleware.version_negotiation [None req-e25f00b2-42fd-4b0c-8e3b-4e1db9068dbb tempest-ImageDependencyTests-579990826 tempest-ImageDependencyTests-579990826-project-member] Matched version: v2 {{(pid=119365) process_request /opt/stack/glance/glance/api/middleware/version_negotiation.py:69}}
Dec 30 07:36:33 ubuntu devstack@g-api.service[119365]: DEBUG glance.api.middleware.version_negotiation [None req-e25f00b2-42fd-4b0c-8e3b-4e1db9068dbb tempest-ImageDependencyTests-579990826 tempest-ImageDependencyTests-579990826-project-member] new path /v2/images/5ff6507c-307c-412b-8e86-9a63d586dacd {{(pid=119365) process_request /opt/stack/glance/glance/api/middleware/version_negotiation.py:70}}
Dec 30 07:36:33 ubuntu devstack@g-api.service[119365]: [pid: 119365|app: 0|req: 27/55] 127.0.0.1 () {42 vars in 1045 bytes} [Mon Dec 30 07:36:33 2024] GET /v2/images/5ff6507c-307c-412b-8e86-9a63d586dacd => generated 808 bytes in 23 msecs (HTTP/1.1 200) 4 headers in 157 bytes (1 switches on core 0)
Dec 30 07:36:33 ubuntu devstack@g-api.service[119366]: DEBUG glance.api.middleware.version_negotiation [None req-e25f00b2-42fd-4b0c-8e3b-4e1db9068dbb tempest-ImageDependencyTests-579990826 tempest-ImageDependencyTests-579990826-project-member] Determining version of request: GET /v2/schemas/image Accept: */* {{(pid=119366) process_request /opt/stack/glance/glance/api/middleware/version_negotiation.py:44}}
Dec 30 07:36:33 ubuntu devstack@g-api.service[119366]: DEBUG glance.api.middleware.version_negotiation [None req-e25f00b2-42fd-4b0c-8e3b-4e1db9068dbb tempest-ImageDependencyTests-579990826 tempest-ImageDependencyTests-579990826-project-member] Using url versioning {{(pid=119366) process_request /opt/stack/glance/glance/api/middleware/version_negotiation.py:57}}
Dec 30 07:36:33 ubuntu devstack@g-api.service[119366]: DEBUG glance.api.middleware.version_negotiation [None req-e25f00b2-42fd-4b0c-8e3b-4e1db9068dbb tempest-ImageDependencyTests-579990826 tempest-ImageDependencyTests-579990826-project-member] Matched version: v2 {{(pid=119366) process_request /opt/stack/glance/glance/api/middleware/version_negotiation.py:69}}
Dec 30 07:36:33 ubuntu devstack@g-api.service[119366]: DEBUG glance.api.middleware.version_negotiation [None req-e25f00b2-42fd-4b0c-8e3b-4e1db9068dbb tempest-ImageDependencyTests-579990826 tempest-ImageDependencyTests-579990826-project-member] new path /v2/schemas/image {{(pid=119366) process_request /opt/stack/glance/glance/api/middleware/version_negotiation.py:70}}
Dec 30 07:36:33 ubuntu devstack@g-api.service[119366]: [pid: 119366|app: 0|req: 29/56] 127.0.0.1 () {42 vars in 985 bytes} [Mon Dec 30 07:36:33 2024] GET /v2/schemas/image => generated 6083 bytes in 3 msecs (HTTP/1.1 200) 4 headers in 158 bytes (1 switches on core 0)
Dec 30 07:36:33 ubuntu devstack@g-api.service[119365]: DEBUG glance.api.middleware.version_negotiation [None req-e25f00b2-42fd-4b0c-8e3b-4e1db9068dbb tempest-ImageDependencyTests-579990826 tempest-ImageDependencyTests-579990826-project-member] Determining version of request: GET /v2/schemas/image Accept: */* {{(pid=119365) process_request /opt/stack/glance/glance/api/middleware/version_negotiation.py:44}}
Dec 30 07:36:33 ubuntu devstack@g-api.service[119365]: DEBUG glance.api.middleware.version_negotiation [None req-e25f00b2-42fd-4b0c-8e3b-4e1db9068dbb tempest-ImageDependencyTests-579990826 tempest-ImageDependencyTests-579990826-project-member] Using url versioning {{(pid=119365) process_request /opt/stack/glance/glance/api/middleware/version_negotiation.py:57}}
Dec 30 07:36:33 ubuntu devstack@g-api.service[119365]: DEBUG glance.api.middleware.version_negotiation [None req-e25f00b2-42fd-4b0c-8e3b-4e1db9068dbb tempest-ImageDependencyTests-579990826 tempest-ImageDependencyTests-579990826-project-member] Matched version: v2 {{(pid=119365) process_request /opt/stack/glance/glance/api/middleware/version_negotiation.py:69}}
Dec 30 07:36:33 ubuntu devstack@g-api.service[119365]: DEBUG glance.api.middleware.version_negotiation [None req-e25f00b2-42fd-4b0c-8e3b-4e1db9068dbb tempest-ImageDependencyTests-579990826 tempest-ImageDependencyTests-579990826-project-member] new path /v2/schemas/image {{(pid=119365) process_request /opt/stack/glance/glance/api/middleware/version_negotiation.py:70}}
Dec 30 07:36:33 ubuntu devstack@g-api.service[119365]: [pid: 119365|app: 0|req: 28/57] 127.0.0.1 () {42 vars in 985 bytes} [Mon Dec 30 07:36:33 2024] GET /v2/schemas/image => generated 6083 bytes in 8 msecs (HTTP/1.1 200) 4 headers in 158 bytes (1 switches on core 0)
Dec 30 07:36:33 ubuntu devstack@g-api.service[119366]: DEBUG glance.api.middleware.version_negotiation [None req-e25f00b2-42fd-4b0c-8e3b-4e1db9068dbb tempest-ImageDependencyTests-579990826 tempest-ImageDependencyTests-579990826-project-member] Determining version of request: GET /v2/images/5ff6507c-307c-412b-8e86-9a63d586dacd Accept: */* {{(pid=119366) process_request /opt/stack/glance/glance/api/middleware/version_negotiation.py:44}}
Dec 30 07:36:33 ubuntu devstack@g-api.service[119366]: DEBUG glance.api.middleware.version_negotiation [None req-e25f00b2-42fd-4b0c-8e3b-4e1db9068dbb tempest-ImageDependencyTests-579990826 tempest-ImageDependencyTests-579990826-project-member] Using url versioning {{(pid=119366) process_request /opt/stack/glance/glance/api/middleware/version_negotiation.py:57}}
Dec 30 07:36:33 ubuntu devstack@g-api.service[119366]: DEBUG glance.api.middleware.version_negotiation [None req-e25f00b2-42fd-4b0c-8e3b-4e1db9068dbb tempest-ImageDependencyTests-579990826 tempest-ImageDependencyTests-579990826-project-member] Matched version: v2 {{(pid=119366) process_request /opt/stack/glance/glance/api/middleware/version_negotiation.py:69}}
Dec 30 07:36:33 ubuntu devstack@g-api.service[119366]: DEBUG glance.api.middleware.version_negotiation [None req-e25f00b2-42fd-4b0c-8e3b-4e1db9068dbb tempest-ImageDependencyTests-579990826 tempest-ImageDependencyTests-579990826-project-member] new path /v2/images/5ff6507c-307c-412b-8e86-9a63d586dacd {{(pid=119366) process_request /opt/stack/glance/glance/api/middleware/version_negotiation.py:70}}
Dec 30 07:36:33 ubuntu devstack@g-api.service[119366]: [pid: 119366|app: 0|req: 30/58] 127.0.0.1 () {42 vars in 1045 bytes} [Mon Dec 30 07:36:33 2024] GET /v2/images/5ff6507c-307c-412b-8e86-9a63d586dacd => generated 808 bytes in 23 msecs (HTTP/1.1 200) 4 headers in 157 bytes (1 switches on core 0)
Dec 30 07:36:33 ubuntu devstack@g-api.service[119365]: DEBUG glance.api.middleware.version_negotiation [None req-e25f00b2-42fd-4b0c-8e3b-4e1db9068dbb tempest-ImageDependencyTests-579990826 tempest-ImageDependencyTests-579990826-project-member] Determining version of request: GET /v2/images/5ff6507c-307c-412b-8e86-9a63d586dacd/file Accept: */* {{(pid=119365) process_request /opt/stack/glance/glance/api/middleware/version_negotiation.py:44}}
Dec 30 07:36:33 ubuntu devstack@g-api.service[119365]: DEBUG glance.api.middleware.version_negotiation [None req-e25f00b2-42fd-4b0c-8e3b-4e1db9068dbb tempest-ImageDependencyTests-579990826 tempest-ImageDependencyTests-579990826-project-member] Using url versioning {{(pid=119365) process_request /opt/stack/glance/glance/api/middleware/version_negotiation.py:57}}
Dec 30 07:36:33 ubuntu devstack@g-api.service[119365]: DEBUG glance.api.middleware.version_negotiation [None req-e25f00b2-42fd-4b0c-8e3b-4e1db9068dbb tempest-ImageDependencyTests-579990826 tempest-ImageDependencyTests-579990826-project-member] Matched version: v2 {{(pid=119365) process_request /opt/stack/glance/glance/api/middleware/version_negotiation.py:69}}
Dec 30 07:36:33 ubuntu devstack@g-api.service[119365]: DEBUG glance.api.middleware.version_negotiation [None req-e25f00b2-42fd-4b0c-8e3b-4e1db9068dbb tempest-ImageDependencyTests-579990826 tempest-ImageDependencyTests-579990826-project-member] new path /v2/images/5ff6507c-307c-412b-8e86-9a63d586dacd/file {{(pid=119365) process_request /opt/stack/glance/glance/api/middleware/version_negotiation.py:70}}
Dec 30 07:36:33 ubuntu devstack@g-api.service[119365]: DEBUG glance.api.middleware.cache [None req-e25f00b2-42fd-4b0c-8e3b-4e1db9068dbb tempest-ImageDependencyTests-579990826 tempest-ImageDependencyTests-579990826-project-member] Cache hit for image '5ff6507c-307c-412b-8e86-9a63d586dacd' {{(pid=119365) process_request /opt/stack/glance/glance/api/middleware/cache.py:160}}
Dec 30 07:36:33 ubuntu devstack@g-api.service[119366]: DEBUG glance.api.middleware.version_negotiation [None req-e25f00b2-42fd-4b0c-8e3b-4e1db9068dbb tempest-ImageDependencyTests-579990826 tempest-ImageDependencyTests-579990826-project-member] Determining version of request: GET /v2/images/5ff6507c-307c-412b-8e86-9a63d586dacd Accept: */* {{(pid=119366) process_request /opt/stack/glance/glance/api/middleware/version_negotiation.py:44}}
Dec 30 07:36:33 ubuntu devstack@g-api.service[119365]: [pid: 119365|app: 0|req: 29/59] 127.0.0.1 () {42 vars in 1055 bytes} [Mon Dec 30 07:36:33 2024] GET /v2/images/5ff6507c-307c-412b-8e86-9a63d586dacd/file => generated 1024 bytes in 22 msecs (HTTP/1.1 200) 5 headers in 213 bytes (1 switches on core 0)
Dec 30 07:36:33 ubuntu devstack@g-api.service[119366]: DEBUG glance.api.middleware.version_negotiation [None req-e25f00b2-42fd-4b0c-8e3b-4e1db9068dbb tempest-ImageDependencyTests-579990826 tempest-ImageDependencyTests-579990826-project-member] Using url versioning {{(pid=119366) process_request /opt/stack/glance/glance/api/middleware/version_negotiation.py:57}}
Dec 30 07:36:33 ubuntu devstack@g-api.service[119366]: DEBUG glance.api.middleware.version_negotiation [None req-e25f00b2-42fd-4b0c-8e3b-4e1db9068dbb tempest-ImageDependencyTests-579990826 tempest-ImageDependencyTests-579990826-project-member] Matched version: v2 {{(pid=119366) process_request /opt/stack/glance/glance/api/middleware/version_negotiation.py:69}}
Dec 30 07:36:33 ubuntu devstack@g-api.service[119366]: DEBUG glance.api.middleware.version_negotiation [None req-e25f00b2-42fd-4b0c-8e3b-4e1db9068dbb tempest-ImageDependencyTests-579990826 tempest-ImageDependencyTests-579990826-project-member] new path /v2/images/5ff6507c-307c-412b-8e86-9a63d586dacd {{(pid=119366) process_request /opt/stack/glance/glance/api/middleware/version_negotiation.py:70}}
Dec 30 07:36:33 ubuntu devstack@g-api.service[119366]: [pid: 119366|app: 0|req: 31/60] 127.0.0.1 () {42 vars in 1045 bytes} [Mon Dec 30 07:36:33 2024] GET /v2/images/5ff6507c-307c-412b-8e86-9a63d586dacd => generated 808 bytes in 10 msecs (HTTP/1.1 200) 4 headers in 157 bytes (1 switches on core 0)
Dec 30 07:36:33 ubuntu devstack@g-api.service[119365]: DEBUG glance.api.middleware.version_negotiation [None req-e25f00b2-42fd-4b0c-8e3b-4e1db9068dbb tempest-ImageDependencyTests-579990826 tempest-ImageDependencyTests-579990826-project-member] Determining version of request: GET /v2/schemas/image Accept: */* {{(pid=119365) process_request /opt/stack/glance/glance/api/middleware/version_negotiation.py:44}}
Dec 30 07:36:33 ubuntu devstack@g-api.service[119365]: DEBUG glance.api.middleware.version_negotiation [None req-e25f00b2-42fd-4b0c-8e3b-4e1db9068dbb tempest-ImageDependencyTests-579990826 tempest-ImageDependencyTests-579990826-project-member] Using url versioning {{(pid=119365) process_request /opt/stack/glance/glance/api/middleware/version_negotiation.py:57}}
Dec 30 07:36:33 ubuntu devstack@g-api.service[119365]: DEBUG glance.api.middleware.version_negotiation [None req-e25f00b2-42fd-4b0c-8e3b-4e1db9068dbb tempest-ImageDependencyTests-579990826 tempest-ImageDependencyTests-579990826-project-member] Matched version: v2 {{(pid=119365) process_request /opt/stack/glance/glance/api/middleware/version_negotiation.py:69}}
Dec 30 07:36:33 ubuntu devstack@g-api.service[119365]: DEBUG glance.api.middleware.version_negotiation [None req-e25f00b2-42fd-4b0c-8e3b-4e1db9068dbb tempest-ImageDependencyTests-579990826 tempest-ImageDependencyTests-579990826-project-member] new path /v2/schemas/image {{(pid=119365) process_request /opt/stack/glance/glance/api/middleware/version_negotiation.py:70}}
Dec 30 07:36:33 ubuntu devstack@g-api.service[119365]: [pid: 119365|app: 0|req: 30/61] 127.0.0.1 () {42 vars in 985 bytes} [Mon Dec 30 07:36:33 2024] GET /v2/schemas/image => generated 6083 bytes in 8 msecs (HTTP/1.1 200) 4 headers in 158 bytes (1 switches on core 0)
Dec 30 07:36:34 ubuntu devstack@g-api.service[119366]: DEBUG glance.api.middleware.version_negotiation [None req-e25f00b2-42fd-4b0c-8e3b-4e1db9068dbb tempest-ImageDependencyTests-579990826 tempest-ImageDependencyTests-579990826-project-member] Determining version of request: GET /v2/images/5ff6507c-307c-412b-8e86-9a63d586dacd Accept: */* {{(pid=119366) process_request /opt/stack/glance/glance/api/middleware/version_negotiation.py:44}}
Dec 30 07:36:34 ubuntu devstack@g-api.service[119366]: DEBUG glance.api.middleware.version_negotiation [None req-e25f00b2-42fd-4b0c-8e3b-4e1db9068dbb tempest-ImageDependencyTests-579990826 tempest-ImageDependencyTests-579990826-project-member] Using url versioning {{(pid=119366) process_request /opt/stack/glance/glance/api/middleware/version_negotiation.py:57}}
Dec 30 07:36:34 ubuntu devstack@g-api.service[119366]: DEBUG glance.api.middleware.version_negotiation [None req-e25f00b2-42fd-4b0c-8e3b-4e1db9068dbb tempest-ImageDependencyTests-579990826 tempest-ImageDependencyTests-579990826-project-member] Matched version: v2 {{(pid=119366) process_request /opt/stack/glance/glance/api/middleware/version_negotiation.py:69}}
Dec 30 07:36:34 ubuntu devstack@g-api.service[119366]: DEBUG glance.api.middleware.version_negotiation [None req-e25f00b2-42fd-4b0c-8e3b-4e1db9068dbb tempest-ImageDependencyTests-579990826 tempest-ImageDependencyTests-579990826-project-member] new path /v2/images/5ff6507c-307c-412b-8e86-9a63d586dacd {{(pid=119366) process_request /opt/stack/glance/glance/api/middleware/version_negotiation.py:70}}
Dec 30 07:36:34 ubuntu devstack@g-api.service[119366]: [pid: 119366|app: 0|req: 32/62] 127.0.0.1 () {42 vars in 1045 bytes} [Mon Dec 30 07:36:34 2024] GET /v2/images/5ff6507c-307c-412b-8e86-9a63d586dacd => generated 808 bytes in 11 msecs (HTTP/1.1 200) 4 headers in 157 bytes (1 switches on core 0)
Dec 30 07:36:34 ubuntu devstack@g-api.service[119365]: DEBUG glance.api.middleware.version_negotiation [None req-e25f00b2-42fd-4b0c-8e3b-4e1db9068dbb tempest-ImageDependencyTests-579990826 tempest-ImageDependencyTests-579990826-project-member] Determining version of request: GET /v2/schemas/image Accept: */* {{(pid=119365) process_request /opt/stack/glance/glance/api/middleware/version_negotiation.py:44}}
Dec 30 07:36:34 ubuntu devstack@g-api.service[119365]: DEBUG glance.api.middleware.version_negotiation [None req-e25f00b2-42fd-4b0c-8e3b-4e1db9068dbb tempest-ImageDependencyTests-579990826 tempest-ImageDependencyTests-579990826-project-member] Using url versioning {{(pid=119365) process_request /opt/stack/glance/glance/api/middleware/version_negotiation.py:57}}
Dec 30 07:36:34 ubuntu devstack@g-api.service[119365]: DEBUG glance.api.middleware.version_negotiation [None req-e25f00b2-42fd-4b0c-8e3b-4e1db9068dbb tempest-ImageDependencyTests-579990826 tempest-ImageDependencyTests-579990826-project-member] Matched version: v2 {{(pid=119365) process_request /opt/stack/glance/glance/api/middleware/version_negotiation.py:69}}
Dec 30 07:36:34 ubuntu devstack@g-api.service[119365]: DEBUG glance.api.middleware.version_negotiation [None req-e25f00b2-42fd-4b0c-8e3b-4e1db9068dbb tempest-ImageDependencyTests-579990826 tempest-ImageDependencyTests-579990826-project-member] new path /v2/schemas/image {{(pid=119365) process_request /opt/stack/glance/glance/api/middleware/version_negotiation.py:70}}
Dec 30 07:36:34 ubuntu devstack@g-api.service[119365]: [pid: 119365|app: 0|req: 31/63] 127.0.0.1 () {42 vars in 985 bytes} [Mon Dec 30 07:36:34 2024] GET /v2/schemas/image => generated 6083 bytes in 8 msecs (HTTP/1.1 200) 4 headers in 158 bytes (1 switches on core 0)
Dec 30 07:36:34 ubuntu devstack@g-api.service[119366]: DEBUG glance.api.middleware.version_negotiation [None req-e25f00b2-42fd-4b0c-8e3b-4e1db9068dbb tempest-ImageDependencyTests-579990826 tempest-ImageDependencyTests-579990826-project-member] Determining version of request: DELETE /v2/images/5ff6507c-307c-412b-8e86-9a63d586dacd Accept: application/json {{(pid=119366) process_request /opt/stack/glance/glance/api/middleware/version_negotiation.py:44}}
Dec 30 07:36:34 ubuntu devstack@g-api.service[119366]: DEBUG glance.api.middleware.version_negotiation [None req-e25f00b2-42fd-4b0c-8e3b-4e1db9068dbb tempest-ImageDependencyTests-579990826 tempest-ImageDependencyTests-579990826-project-member] Using url versioning {{(pid=119366) process_request /opt/stack/glance/glance/api/middleware/version_negotiation.py:57}}
Dec 30 07:36:34 ubuntu devstack@g-api.service[119366]: DEBUG glance.api.middleware.version_negotiation [None req-e25f00b2-42fd-4b0c-8e3b-4e1db9068dbb tempest-ImageDependencyTests-579990826 tempest-ImageDependencyTests-579990826-project-member] Matched version: v2 {{(pid=119366) process_request /opt/stack/glance/glance/api/middleware/version_negotiation.py:69}}
Dec 30 07:36:34 ubuntu devstack@g-api.service[119366]: DEBUG glance.api.middleware.version_negotiation [None req-e25f00b2-42fd-4b0c-8e3b-4e1db9068dbb tempest-ImageDependencyTests-579990826 tempest-ImageDependencyTests-579990826-project-member] new path /v2/images/5ff6507c-307c-412b-8e86-9a63d586dacd {{(pid=119366) process_request /opt/stack/glance/glance/api/middleware/version_negotiation.py:70}}
Dec 30 07:36:34 ubuntu devstack@g-api.service[119366]: WARNING glance.api.v2.images [None req-d989c55f-26ab-4882-ab5b-2e7652dc96c1 tempest-ImageDependencyTests-579990826 tempest-ImageDependencyTests-579990826-project-member] After upload to backend, deletion of staged image data has failed because it cannot be found at /tmp/staging//5ff6507c-307c-412b-8e86-9a63d586dacd
Dec 30 07:36:34 ubuntu devstack@g-api.service[119366]: DEBUG glance_store.backend [None req-d989c55f-26ab-4882-ab5b-2e7652dc96c1 tempest-ImageDependencyTests-579990826 tempest-ImageDependencyTests-579990826-project-member] Attempting to import store swift {{(pid=119366) _load_store /opt/stack/data/venv/lib/python3.10/site-packages/glance_store/backend.py:216}}
Dec 30 07:36:34 ubuntu devstack@g-api.service[119366]: DEBUG glance_store.capabilities [None req-d989c55f-26ab-4882-ab5b-2e7652dc96c1 tempest-ImageDependencyTests-579990826 tempest-ImageDependencyTests-579990826-project-member] Store glance_store._drivers.swift.store.SingleTenantStore doesn't support updating dynamic storage capabilities. Please overwrite 'update_capabilities' method of the store to implement updating logics if needed. {{(pid=119366) update_capabilities /opt/stack/data/venv/lib/python3.10/site-packages/glance_store/capabilities.py:91}}
Dec 30 07:36:34 ubuntu devstack@g-api.service[119366]: DEBUG glance_store.driver [None req-d989c55f-26ab-4882-ab5b-2e7652dc96c1 tempest-ImageDependencyTests-579990826 tempest-ImageDependencyTests-579990826-project-member] Late loading location class glance_store._drivers.swift.store.StoreLocation {{(pid=119366) get_store_location_class /opt/stack/data/venv/lib/python3.10/site-packages/glance_store/driver.py:133}}
Dec 30 07:36:34 ubuntu devstack@g-api.service[119366]: DEBUG glance_store.location [None req-d989c55f-26ab-4882-ab5b-2e7652dc96c1 tempest-ImageDependencyTests-579990826 tempest-ImageDependencyTests-579990826-project-member] Registering scheme swift+https with {'store': <glance_store._drivers.swift.store.SingleTenantStore object at 0x7faa1fbcd240>, 'location_class': <class 'glance_store._drivers.swift.store.StoreLocation'>, 'store_entry': 'swift'} {{(pid=119366) register_scheme_map /opt/stack/data/venv/lib/python3.10/site-packages/glance_store/location.py:146}}
Dec 30 07:36:34 ubuntu devstack@g-api.service[119366]: DEBUG glance_store.location [None req-d989c55f-26ab-4882-ab5b-2e7652dc96c1 tempest-ImageDependencyTests-579990826 tempest-ImageDependencyTests-579990826-project-member] Registering scheme swift+https with {'store': <glance_store._drivers.swift.store.SingleTenantStore object at 0x7faa1fbcd240>, 'location_class': <class 'glance_store._drivers.swift.store.StoreLocation'>, 'store_entry': 'swift'} {{(pid=119366) register_scheme_map /opt/stack/data/venv/lib/python3.10/site-packages/glance_store/location.py:146}}
Dec 30 07:36:34 ubuntu devstack@g-api.service[119366]: DEBUG glance_store.location [None req-d989c55f-26ab-4882-ab5b-2e7652dc96c1 tempest-ImageDependencyTests-579990826 tempest-ImageDependencyTests-579990826-project-member] Registering scheme swift with {'store': <glance_store._drivers.swift.store.SingleTenantStore object at 0x7faa1fbcd240>, 'location_class': <class 'glance_store._drivers.swift.store.StoreLocation'>, 'store_entry': 'swift'} {{(pid=119366) register_scheme_map /opt/stack/data/venv/lib/python3.10/site-packages/glance_store/location.py:146}}
Dec 30 07:36:34 ubuntu devstack@g-api.service[119366]: DEBUG glance_store.location [None req-d989c55f-26ab-4882-ab5b-2e7652dc96c1 tempest-ImageDependencyTests-579990826 tempest-ImageDependencyTests-579990826-project-member] Registering scheme swift+https with {'store': <glance_store._drivers.swift.store.SingleTenantStore object at 0x7faa1fbcd240>, 'location_class': <class 'glance_store._drivers.swift.store.StoreLocation'>, 'store_entry': 'swift'} {{(pid=119366) register_scheme_map /opt/stack/data/venv/lib/python3.10/site-packages/glance_store/location.py:146}}
Dec 30 07:36:34 ubuntu devstack@g-api.service[119366]: DEBUG glance_store.location [None req-d989c55f-26ab-4882-ab5b-2e7652dc96c1 tempest-ImageDependencyTests-579990826 tempest-ImageDependencyTests-579990826-project-member] Registering scheme swift with {'store': <glance_store._drivers.swift.store.SingleTenantStore object at 0x7faa1fbcd240>, 'location_class': <class 'glance_store._drivers.swift.store.StoreLocation'>, 'store_entry': 'swift'} {{(pid=119366) register_scheme_map /opt/stack/data/venv/lib/python3.10/site-packages/glance_store/location.py:146}}
Dec 30 07:36:34 ubuntu devstack@g-api.service[119366]: DEBUG glance_store.location [None req-d989c55f-26ab-4882-ab5b-2e7652dc96c1 tempest-ImageDependencyTests-579990826 tempest-ImageDependencyTests-579990826-project-member] Registering scheme swift+http with {'store': <glance_store._drivers.swift.store.SingleTenantStore object at 0x7faa1fbcd240>, 'location_class': <class 'glance_store._drivers.swift.store.StoreLocation'>, 'store_entry': 'swift'} {{(pid=119366) register_scheme_map /opt/stack/data/venv/lib/python3.10/site-packages/glance_store/location.py:146}}
Dec 30 07:36:34 ubuntu devstack@g-api.service[119366]: DEBUG glance_store.location [None req-d989c55f-26ab-4882-ab5b-2e7652dc96c1 tempest-ImageDependencyTests-579990826 tempest-ImageDependencyTests-579990826-project-member] Registering scheme swift+https with {'store': <glance_store._drivers.swift.store.SingleTenantStore object at 0x7faa1fbcd240>, 'location_class': <class 'glance_store._drivers.swift.store.StoreLocation'>, 'store_entry': 'swift'} {{(pid=119366) register_scheme_map /opt/stack/data/venv/lib/python3.10/site-packages/glance_store/location.py:146}}
Dec 30 07:36:34 ubuntu devstack@g-api.service[119366]: DEBUG glance_store.location [None req-d989c55f-26ab-4882-ab5b-2e7652dc96c1 tempest-ImageDependencyTests-579990826 tempest-ImageDependencyTests-579990826-project-member] Registering scheme swift with {'store': <glance_store._drivers.swift.store.SingleTenantStore object at 0x7faa1fbcd240>, 'location_class': <class 'glance_store._drivers.swift.store.StoreLocation'>, 'store_entry': 'swift'} {{(pid=119366) register_scheme_map /opt/stack/data/venv/lib/python3.10/site-packages/glance_store/location.py:146}}
Dec 30 07:36:34 ubuntu devstack@g-api.service[119366]: DEBUG glance_store.location [None req-d989c55f-26ab-4882-ab5b-2e7652dc96c1 tempest-ImageDependencyTests-579990826 tempest-ImageDependencyTests-579990826-project-member] Registering scheme swift+http with {'store': <glance_store._drivers.swift.store.SingleTenantStore object at 0x7faa1fbcd240>, 'location_class': <class 'glance_store._drivers.swift.store.StoreLocation'>, 'store_entry': 'swift'} {{(pid=119366) register_scheme_map /opt/stack/data/venv/lib/python3.10/site-packages/glance_store/location.py:146}}
Dec 30 07:36:34 ubuntu devstack@g-api.service[119366]: DEBUG glance_store.location [None req-d989c55f-26ab-4882-ab5b-2e7652dc96c1 tempest-ImageDependencyTests-579990826 tempest-ImageDependencyTests-579990826-project-member] Registering scheme swift+config with {'store': <glance_store._drivers.swift.store.SingleTenantStore object at 0x7faa1fbcd240>, 'location_class': <class 'glance_store._drivers.swift.store.StoreLocation'>, 'store_entry': 'swift'} {{(pid=119366) register_scheme_map /opt/stack/data/venv/lib/python3.10/site-packages/glance_store/location.py:146}}
Dec 30 07:36:34 ubuntu devstack@g-api.service[119366]: DEBUG keystoneclient.auth.identity.v3.base [None req-d989c55f-26ab-4882-ab5b-2e7652dc96c1 tempest-ImageDependencyTests-579990826 tempest-ImageDependencyTests-579990826-project-member] Making authentication request to http://10.201.5.82/identity/v3/auth/tokens {{(pid=119366) get_auth_ref /opt/stack/data/venv/lib/python3.10/site-packages/keystoneclient/auth/identity/v3/base.py:185}}
Dec 30 07:36:34 ubuntu devstack@g-api.service[119366]: DEBUG keystoneclient.auth.identity.v3.base [None req-d989c55f-26ab-4882-ab5b-2e7652dc96c1 tempest-ImageDependencyTests-579990826 tempest-ImageDependencyTests-579990826-project-member] {"token": {"methods": ["password"], "user": {"domain": {"id": "default", "name": "Default"}, "id": "57a0fca9c72c464a9dfc78863f42b00d", "name": "glance-swift", "password_expires_at": null}, "audit_ids": ["t2wBbcepRVStURqy3T03Rg"], "expires_at": "2024-12-30T08:36:34.000000Z", "issued_at": "2024-12-30T07:36:34.000000Z", "project": {"domain": {"id": "default", "name": "Default"}, "id": "bf3d2e187e394bb3952e60cfe4bdd0e0", "name": "service"}, "is_domain": false, "roles": [{"id": "29353e06d01f4754a5a1fb3234803d9a", "name": "ResellerAdmin"}, {"id": "eebd206093b04ad391e469ba65aab7bb", "name": "service"}], "catalog": [{"endpoints": [{"id": "98d6399ee9bf4f37bd8304b58bd1fe77", "interface": "public", "region_id": "RegionOne", "url": "http://10.201.5.82/compute/v2/bf3d2e187e394bb3952e60cfe4bdd0e0", "region": "RegionOne"}], "id": "2a7f36288e454672b9f59c6c3c36dde6", "type": "compute_legacy", "name": "nova_legacy"}, {"endpoints": [{"id": "2a814b31cd0843c0b0c721bc7ea022e0", "interface": "public", "region_id": "RegionOne", "url": "http://10.201.5.82:8080/v1/AUTH_bf3d2e187e394bb3952e60cfe4bdd0e0", "region": "RegionOne"}, {"id": "77bf7be0aaa24cb49377eaf0ac3b3de0", "interface": "admin", "region_id": "RegionOne", "url": "http://10.201.5.82:8080", "region": "RegionOne"}], "id": "4502cfa3c1bf49d6b7c82899d44b80d9", "type": "object-store", "name": "swift"}, {"endpoints": [{"id": "c403f816de644cd28eeb4888a37105ed", "interface": "public", "region_id": "RegionOne", "url": "http://10.201.5.82/image", "region": "RegionOne"}], "id": "a297d783d1124dd88a58aa837c054ab7", "type": "image", "name": "glance"}, {"endpoints": [{"id": "508ba2a6a79c49dfbd2a1672b86843b0", "interface": "public", "region_id": "RegionOne", "url": "http://10.201.5.82/compute/v2.1", "region": "RegionOne"}], "id": "d10e2ebf948a452f985b259b85764f98", "type": "compute", "name": "nova"}, {"endpoints": [{"id": "1981aecf743b497db9cad8ddde02cd47", "interface": "public", "region_id": "RegionOne", "url": "http://10.201.5.82:9696/networking", "region": "RegionOne"}], "id": "e0e23cab355e476ab67bf3e98eb87799", "type": "network", "name": "neutron"}, {"endpoints": [{"id": "3953487d263b496fa9eac3c4991fe149", "interface": "public", "region_id": "RegionOne", "url": "http://10.201.5.82/volume/v3", "region": "RegionOne"}], "id": "f492d861c62e42b4bf6b57579a107435", "type": "block-storage", "name": "cinder"}, {"endpoints": [{"id": "2d2c7ffe467f48a9917e64ae1991bf73", "interface": "public", "region_id": "RegionOne", "url": "http://10.201.5.82/identity", "region": "RegionOne"}], "id": "fafcfdcbcc4d434a8e86153db531d8a7", "type": "identity", "name": "keystone"}, {"endpoints": [{"id": "ac212372d3b745ef8d4b86819c090783", "interface": "public", "region_id": "RegionOne", "url": "http://10.201.5.82/placement", "region": "RegionOne"}], "id": "fca2c9828dbe49119dc1d0db4b788074", "type": "placement", "name": "placement"}]}} {{(pid=119366) get_auth_ref /opt/stack/data/venv/lib/python3.10/site-packages/keystoneclient/auth/identity/v3/base.py:190}}
Dec 30 07:36:34 ubuntu devstack@g-api.service[119366]: DEBUG keystoneclient.httpclient [None req-d989c55f-26ab-4882-ab5b-2e7652dc96c1 tempest-ImageDependencyTests-579990826 tempest-ImageDependencyTests-579990826-project-member] Failed to find endpoint for management url admin endpoint for identity service not found {{(pid=119366) _process_management_url /opt/stack/data/venv/lib/python3.10/site-packages/keystoneclient/httpclient.py:670}}
Dec 30 07:36:34 ubuntu devstack@g-api.service[119366]: DEBUG swiftclient [None req-d989c55f-26ab-4882-ab5b-2e7652dc96c1 tempest-ImageDependencyTests-579990826 tempest-ImageDependencyTests-579990826-project-member] REQ: curl -i http://10.201.5.82:8080/v1/AUTH_bf3d2e187e394bb3952e60cfe4bdd0e0/glance/5ff6507c-307c-412b-8e86-9a63d586dacd -I -H "X-Auth-Token: gAAAAABnck2C0Kw_..." {{(pid=119366) http_log /opt/stack/data/venv/lib/python3.10/site-packages/swiftclient/client.py:160}}
Dec 30 07:36:34 ubuntu devstack@g-api.service[119366]: DEBUG swiftclient [None req-d989c55f-26ab-4882-ab5b-2e7652dc96c1 tempest-ImageDependencyTests-579990826 tempest-ImageDependencyTests-579990826-project-member] RESP STATUS: 200 OK {{(pid=119366) http_log /opt/stack/data/venv/lib/python3.10/site-packages/swiftclient/client.py:161}}
Dec 30 07:36:34 ubuntu devstack@g-api.service[119366]: DEBUG swiftclient [None req-d989c55f-26ab-4882-ab5b-2e7652dc96c1 tempest-ImageDependencyTests-579990826 tempest-ImageDependencyTests-579990826-project-member] RESP HEADERS: {'Content-Type': 'application/octet-stream', 'Content-Length': '1024', 'Etag': '6efb9a52e40dc51480e8495fcb5451f3', 'Last-Modified': 'Mon, 30 Dec 2024 07:36:29 GMT', 'X-Timestamp': '1735544188.92718', 'Accept-Ranges': 'bytes', 'X-Trans-Id': 'tx68f0b163281e4f89814a6-0067724d82', 'X-Openstack-Request-Id': 'tx68f0b163281e4f89814a6-0067724d82', 'Date': 'Mon, 30 Dec 2024 07:36:34 GMT'} {{(pid=119366) http_log /opt/stack/data/venv/lib/python3.10/site-packages/swiftclient/client.py:162}}
Dec 30 07:36:34 ubuntu devstack@g-api.service[119366]: DEBUG swiftclient [None req-d989c55f-26ab-4882-ab5b-2e7652dc96c1 tempest-ImageDependencyTests-579990826 tempest-ImageDependencyTests-579990826-project-member] REQ: curl -i http://10.201.5.82:8080/v1/AUTH_bf3d2e187e394bb3952e60cfe4bdd0e0/glance/5ff6507c-307c-412b-8e86-9a63d586dacd DELETE -H "X-Auth-Token: gAAAAABnck2C0Kw_..." {{(pid=119366) http_log /opt/stack/data/venv/lib/python3.10/site-packages/swiftclient/client.py:160}}
Dec 30 07:36:34 ubuntu devstack@g-api.service[119366]: DEBUG swiftclient [None req-d989c55f-26ab-4882-ab5b-2e7652dc96c1 tempest-ImageDependencyTests-579990826 tempest-ImageDependencyTests-579990826-project-member] RESP STATUS: 204 No Content {{(pid=119366) http_log /opt/stack/data/venv/lib/python3.10/site-packages/swiftclient/client.py:161}}
Dec 30 07:36:34 ubuntu devstack@g-api.service[119366]: DEBUG swiftclient [None req-d989c55f-26ab-4882-ab5b-2e7652dc96c1 tempest-ImageDependencyTests-579990826 tempest-ImageDependencyTests-579990826-project-member] RESP HEADERS: {'Content-Type': 'text/html; charset=UTF-8', 'Content-Length': '0', 'X-Trans-Id': 'tx1bea86df27af4794907a1-0067724d82', 'X-Openstack-Request-Id': 'tx1bea86df27af4794907a1-0067724d82', 'Date': 'Mon, 30 Dec 2024 07:36:34 GMT'} {{(pid=119366) http_log /opt/stack/data/venv/lib/python3.10/site-packages/swiftclient/client.py:162}}
Dec 30 07:36:35 ubuntu devstack@g-api.service[119366]: DEBUG glance.api.middleware.cache [None req-d989c55f-26ab-4882-ab5b-2e7652dc96c1 tempest-ImageDependencyTests-579990826 tempest-ImageDependencyTests-579990826-project-member] Removing image 5ff6507c-307c-412b-8e86-9a63d586dacd from cache {{(pid=119366) _process_DELETE_response /opt/stack/glance/glance/api/middleware/cache.py:264}}
Dec 30 07:36:35 ubuntu devstack@g-api.service[119366]: DEBUG glance.image_cache.drivers.centralized_db [None req-d989c55f-26ab-4882-ab5b-2e7652dc96c1 tempest-ImageDependencyTests-579990826 tempest-ImageDependencyTests-579990826-project-member] Deleting image cache file '/opt/stack/data/glance/cache/5ff6507c-307c-412b-8e86-9a63d586dacd' {{(pid=119366) delete_cached_file /opt/stack/glance/glance/image_cache/drivers/centralized_db.py:387}}
Dec 30 07:36:35 ubuntu devstack@g-api.service[119366]: [pid: 119366|app: 0|req: 33/64] 127.0.0.1 () {38 vars in 773 bytes} [Mon Dec 30 07:36:34 2024] DELETE /v2/images/5ff6507c-307c-412b-8e86-9a63d586dacd => generated 0 bytes in 217 msecs (HTTP/1.1 204) 4 headers in 171 bytes (1 switches on core 0)
Dec 30 07:36:35 ubuntu devstack@g-api.service[119365]: DEBUG glance.api.middleware.version_negotiation [None req-e25f00b2-42fd-4b0c-8e3b-4e1db9068dbb tempest-ImageDependencyTests-579990826 tempest-ImageDependencyTests-579990826-project-member] Determining version of request: GET /v2/images/5ff6507c-307c-412b-8e86-9a63d586dacd Accept: application/json {{(pid=119365) process_request /opt/stack/glance/glance/api/middleware/version_negotiation.py:44}}
Dec 30 07:36:35 ubuntu devstack@g-api.service[119365]: DEBUG glance.api.middleware.version_negotiation [None req-e25f00b2-42fd-4b0c-8e3b-4e1db9068dbb tempest-ImageDependencyTests-579990826 tempest-ImageDependencyTests-579990826-project-member] Using url versioning {{(pid=119365) process_request /opt/stack/glance/glance/api/middleware/version_negotiation.py:57}}
Dec 30 07:36:35 ubuntu devstack@g-api.service[119365]: DEBUG glance.api.middleware.version_negotiation [None req-e25f00b2-42fd-4b0c-8e3b-4e1db9068dbb tempest-ImageDependencyTests-579990826 tempest-ImageDependencyTests-579990826-project-member] Matched version: v2 {{(pid=119365) process_request /opt/stack/glance/glance/api/middleware/version_negotiation.py:69}}
Dec 30 07:36:35 ubuntu devstack@g-api.service[119365]: DEBUG glance.api.middleware.version_negotiation [None req-e25f00b2-42fd-4b0c-8e3b-4e1db9068dbb tempest-ImageDependencyTests-579990826 tempest-ImageDependencyTests-579990826-project-member] new path /v2/images/5ff6507c-307c-412b-8e86-9a63d586dacd {{(pid=119365) process_request /opt/stack/glance/glance/api/middleware/version_negotiation.py:70}}
Dec 30 07:36:35 ubuntu devstack@g-api.service[119365]: DEBUG glance.db.sqlalchemy.api [None req-ff1e2ac1-827f-4815-a53b-a5d1ff8fc031 tempest-ImageDependencyTests-579990826 tempest-ImageDependencyTests-579990826-project-member] No image found with ID 5ff6507c-307c-412b-8e86-9a63d586dacd {{(pid=119365) _image_get /opt/stack/glance/glance/db/sqlalchemy/api.py:309}}
Dec 30 07:36:35 ubuntu devstack@g-api.service[119365]: [pid: 119365|app: 0|req: 32/65] 127.0.0.1 () {38 vars in 770 bytes} [Mon Dec 30 07:36:35 2024] GET /v2/images/5ff6507c-307c-412b-8e86-9a63d586dacd => generated 139 bytes in 9 msecs (HTTP/1.1 404) 4 headers in 164 bytes (1 switches on core 0)
Dec 30 07:36:45 ubuntu devstack@g-api.service[119366]: DEBUG dbcounter [-] [119366] Writing DB stats glance:SELECT=52,glance:UPDATE=9,glance:INSERT=1,glance:DELETE=1 {{(pid=119366) stat_writer /opt/stack/data/venv/lib/python3.10/site-packages/dbcounter.py:115}}
Dec 30 07:36:45 ubuntu devstack@g-api.service[119365]: DEBUG dbcounter [-] [119365] Writing DB stats glance:SELECT=32,glance:INSERT=2,glance:UPDATE=1 {{(pid=119365) stat_writer /opt/stack/data/venv/lib/python3.10/site-packages/dbcounter.py:115}}
