Aug 21 20:00:16 ubuntu devstack@keystone.service[69408]: DEBUG keystone.common.rbac_enforcer.enforcer [None req-b828d878-ebb2-4808-b418-591902ffd3bd None admin] RBAC: Authorizing `identity:list_roles()` {{(pid=69408) enforce_call /opt/stack/keystone/keystone/common/rbac_enforcer/enforcer.py:504}}
Aug 21 20:00:16 ubuntu devstack@keystone.service[69408]: DEBUG keystone.common.rbac_enforcer.enforcer [None req-b828d878-ebb2-4808-b418-591902ffd3bd None admin] RBAC: Authorization granted {{(pid=69408) enforce_call /opt/stack/keystone/keystone/common/rbac_enforcer/enforcer.py:515}}
Aug 21 20:00:16 ubuntu devstack@keystone.service[69408]: [pid: 69408|app: 0|req: 13/27] 10.201.5.82 () {56 vars in 1099 bytes} [Wed Aug 21 20:00:16 2024] GET /identity/v3/roles?name=admin => generated 339 bytes in 72 msecs (HTTP/1.1 200) 5 headers in 177 bytes (1 switches on core 0)
Aug 21 20:00:16 ubuntu devstack@keystone.service[69409]: DEBUG keystone.server.flask.request_processing.middleware.auth_context [None req-3650cf2c-610c-4bee-9ecf-bdfdb24e2798 None None] Authenticating user token {{(pid=69409) process_request /opt/stack/data/venv/lib/python3.10/site-packages/keystonemiddleware/auth_token/__init__.py:406}}
Aug 21 20:00:16 ubuntu devstack@keystone.service[69409]: DEBUG keystone.server.flask.request_processing.middleware.auth_context [None req-3650cf2c-610c-4bee-9ecf-bdfdb24e2798 None None] Validating token access rules against request {{(pid=69409) validate_allowed_request /opt/stack/data/venv/lib/python3.10/site-packages/keystonemiddleware/auth_token/__init__.py:544}}
Aug 21 20:00:16 ubuntu devstack@keystone.service[69409]: DEBUG keystone.server.flask.request_processing.middleware.auth_context [None req-8dc1f199-e0fc-4983-95d8-406ee60335b4 None admin] RBAC: auth_context: {'token': <TokenModel (audit_id=cetmP4pEQfiJsXaUrWYhwg, audit_chain_id=['cetmP4pEQfiJsXaUrWYhwg']) at 0x7f80f8eb40a0>, 'domain_id': None, 'trust_id': None, 'trustor_id': None, 'trustee_id': None, 'domain_name': None, 'group_ids': [], 'user_id': '66b9a6af985345448c1bf30cbda0646c', 'user_domain_id': 'default', 'system_scope': 'all', 'project_id': None, 'project_domain_id': None, 'roles': ['admin', 'manager', 'member', 'reader'], 'is_admin_project': True, 'service_user_id': None, 'service_user_domain_id': None, 'service_project_id': None, 'service_project_domain_id': None, 'service_roles': []} {{(pid=69409) fill_context /opt/stack/keystone/keystone/server/flask/request_processing/middleware/auth_context.py:511}}
Aug 21 20:00:16 ubuntu devstack@keystone.service[69409]: DEBUG keystone.server.flask.request_processing.req_logging [None req-8dc1f199-e0fc-4983-95d8-406ee60335b4 None admin] REQUEST_METHOD: `GET` {{(pid=69409) log_request_info /opt/stack/keystone/keystone/server/flask/request_processing/req_logging.py:27}}
Aug 21 20:00:16 ubuntu devstack@keystone.service[69409]: DEBUG keystone.server.flask.request_processing.req_logging [None req-8dc1f199-e0fc-4983-95d8-406ee60335b4 None admin] SCRIPT_NAME: `/identity` {{(pid=69409) log_request_info /opt/stack/keystone/keystone/server/flask/request_processing/req_logging.py:28}}
Aug 21 20:00:16 ubuntu devstack@keystone.service[69409]: DEBUG keystone.server.flask.request_processing.req_logging [None req-8dc1f199-e0fc-4983-95d8-406ee60335b4 None admin] PATH_INFO: `/v3/users/66b9a6af985345448c1bf30cbda0646c` {{(pid=69409) log_request_info /opt/stack/keystone/keystone/server/flask/request_processing/req_logging.py:29}}
Aug 21 20:00:16 ubuntu devstack@keystone.service[69409]: DEBUG keystone.common.rbac_enforcer.enforcer [None req-8dc1f199-e0fc-4983-95d8-406ee60335b4 None admin] RBAC: Authorizing `identity:get_user(user_id=66b9a6af985345448c1bf30cbda0646c)` {{(pid=69409) enforce_call /opt/stack/keystone/keystone/common/rbac_enforcer/enforcer.py:504}}
Aug 21 20:00:16 ubuntu devstack@keystone.service[69409]: DEBUG keystone.common.rbac_enforcer.enforcer [None req-8dc1f199-e0fc-4983-95d8-406ee60335b4 None admin] RBAC: Authorization granted {{(pid=69409) enforce_call /opt/stack/keystone/keystone/common/rbac_enforcer/enforcer.py:515}}
Aug 21 20:00:16 ubuntu devstack@keystone.service[69409]: [pid: 69409|app: 0|req: 15/28] 10.201.5.82 () {56 vars in 1177 bytes} [Wed Aug 21 20:00:16 2024] GET /identity/v3/users/66b9a6af985345448c1bf30cbda0646c => generated 247 bytes in 77 msecs (HTTP/1.1 200) 5 headers in 177 bytes (1 switches on core 0)
Aug 21 20:00:16 ubuntu devstack@keystone.service[69408]: DEBUG keystone.server.flask.request_processing.middleware.auth_context [None req-b828d878-ebb2-4808-b418-591902ffd3bd None admin] Authenticating user token {{(pid=69408) process_request /opt/stack/data/venv/lib/python3.10/site-packages/keystonemiddleware/auth_token/__init__.py:406}}
Aug 21 20:00:16 ubuntu devstack@keystone.service[69408]: DEBUG keystone.server.flask.request_processing.middleware.auth_context [None req-b828d878-ebb2-4808-b418-591902ffd3bd None admin] Validating token access rules against request {{(pid=69408) validate_allowed_request /opt/stack/data/venv/lib/python3.10/site-packages/keystonemiddleware/auth_token/__init__.py:544}}
Aug 21 20:00:16 ubuntu devstack@keystone.service[69408]: DEBUG keystone.server.flask.request_processing.middleware.auth_context [None req-5eaf9f94-71b1-4937-8af6-d4807229f1e8 None admin] RBAC: auth_context: {'token': <TokenModel (audit_id=cetmP4pEQfiJsXaUrWYhwg, audit_chain_id=['cetmP4pEQfiJsXaUrWYhwg']) at 0x7f80f8fa0c10>, 'domain_id': None, 'trust_id': None, 'trustor_id': None, 'trustee_id': None, 'domain_name': None, 'group_ids': [], 'user_id': '66b9a6af985345448c1bf30cbda0646c', 'user_domain_id': 'default', 'system_scope': 'all', 'project_id': None, 'project_domain_id': None, 'roles': ['admin', 'manager', 'member', 'reader'], 'is_admin_project': True, 'service_user_id': None, 'service_user_domain_id': None, 'service_project_id': None, 'service_project_domain_id': None, 'service_roles': []} {{(pid=69408) fill_context /opt/stack/keystone/keystone/server/flask/request_processing/middleware/auth_context.py:511}}
Aug 21 20:00:16 ubuntu devstack@keystone.service[69408]: DEBUG keystone.server.flask.request_processing.req_logging [None req-5eaf9f94-71b1-4937-8af6-d4807229f1e8 None admin] REQUEST_METHOD: `GET` {{(pid=69408) log_request_info /opt/stack/keystone/keystone/server/flask/request_processing/req_logging.py:27}}
Aug 21 20:00:16 ubuntu devstack@keystone.service[69408]: DEBUG keystone.server.flask.request_processing.req_logging [None req-5eaf9f94-71b1-4937-8af6-d4807229f1e8 None admin] SCRIPT_NAME: `/identity` {{(pid=69408) log_request_info /opt/stack/keystone/keystone/server/flask/request_processing/req_logging.py:28}}
Aug 21 20:00:16 ubuntu devstack@keystone.service[69408]: DEBUG keystone.server.flask.request_processing.req_logging [None req-5eaf9f94-71b1-4937-8af6-d4807229f1e8 None admin] PATH_INFO: `/v3/domains/default` {{(pid=69408) log_request_info /opt/stack/keystone/keystone/server/flask/request_processing/req_logging.py:29}}
Aug 21 20:00:16 ubuntu devstack@keystone.service[69408]: DEBUG keystone.common.rbac_enforcer.enforcer [None req-5eaf9f94-71b1-4937-8af6-d4807229f1e8 None admin] RBAC: Authorizing `identity:get_domain(domain_id=default)` {{(pid=69408) enforce_call /opt/stack/keystone/keystone/common/rbac_enforcer/enforcer.py:504}}
Aug 21 20:00:16 ubuntu devstack@keystone.service[69408]: DEBUG keystone.common.rbac_enforcer.enforcer [None req-5eaf9f94-71b1-4937-8af6-d4807229f1e8 None admin] RBAC: Authorization granted {{(pid=69408) enforce_call /opt/stack/keystone/keystone/common/rbac_enforcer/enforcer.py:515}}
Aug 21 20:00:16 ubuntu devstack@keystone.service[69408]: [pid: 69408|app: 0|req: 14/29] 10.201.5.82 () {56 vars in 1108 bytes} [Wed Aug 21 20:00:16 2024] GET /identity/v3/domains/default => generated 199 bytes in 69 msecs (HTTP/1.1 200) 5 headers in 177 bytes (1 switches on core 0)
Aug 21 20:00:16 ubuntu devstack@keystone.service[69409]: DEBUG keystone.server.flask.request_processing.middleware.auth_context [None req-8dc1f199-e0fc-4983-95d8-406ee60335b4 None admin] Authenticating user token {{(pid=69409) process_request /opt/stack/data/venv/lib/python3.10/site-packages/keystonemiddleware/auth_token/__init__.py:406}}
Aug 21 20:00:16 ubuntu devstack@keystone.service[69408]: DEBUG keystone.server.flask.request_processing.middleware.auth_context [None req-5eaf9f94-71b1-4937-8af6-d4807229f1e8 None admin] Authenticating user token {{(pid=69408) process_request /opt/stack/data/venv/lib/python3.10/site-packages/keystonemiddleware/auth_token/__init__.py:406}}
Aug 21 20:00:17 ubuntu devstack@keystone.service[69408]: DEBUG keystone.server.flask.request_processing.middleware.auth_context [None req-5eaf9f94-71b1-4937-8af6-d4807229f1e8 None admin] Validating token access rules against request {{(pid=69408) validate_allowed_request /opt/stack/data/venv/lib/python3.10/site-packages/keystonemiddleware/auth_token/__init__.py:544}}
Aug 21 20:00:17 ubuntu devstack@keystone.service[69409]: DEBUG keystone.server.flask.request_processing.middleware.auth_context [None req-8dc1f199-e0fc-4983-95d8-406ee60335b4 None admin] Validating token access rules against request {{(pid=69409) validate_allowed_request /opt/stack/data/venv/lib/python3.10/site-packages/keystonemiddleware/auth_token/__init__.py:544}}
Aug 21 20:00:17 ubuntu devstack@keystone.service[69408]: DEBUG keystone.server.flask.request_processing.middleware.auth_context [None req-965fef4a-96e1-4b3e-8df0-6bfb0fe2f6af None admin] RBAC: auth_context: {'token': <TokenModel (audit_id=Uerl_me4QK2VZ_QeskXMRA, audit_chain_id=['Uerl_me4QK2VZ_QeskXMRA']) at 0x7f80f8f5f850>, 'domain_id': None, 'trust_id': None, 'trustor_id': None, 'trustee_id': None, 'domain_name': None, 'group_ids': [], 'user_id': '66b9a6af985345448c1bf30cbda0646c', 'user_domain_id': 'default', 'system_scope': 'all', 'project_id': None, 'project_domain_id': None, 'roles': ['admin', 'manager', 'member', 'reader'], 'is_admin_project': True, 'service_user_id': None, 'service_user_domain_id': None, 'service_project_id': None, 'service_project_domain_id': None, 'service_roles': []} {{(pid=69408) fill_context /opt/stack/keystone/keystone/server/flask/request_processing/middleware/auth_context.py:511}}
Aug 21 20:00:17 ubuntu devstack@keystone.service[69408]: DEBUG keystone.server.flask.request_processing.req_logging [None req-965fef4a-96e1-4b3e-8df0-6bfb0fe2f6af None admin] REQUEST_METHOD: `GET` {{(pid=69408) log_request_info /opt/stack/keystone/keystone/server/flask/request_processing/req_logging.py:27}}
Aug 21 20:00:17 ubuntu devstack@keystone.service[69408]: DEBUG keystone.server.flask.request_processing.req_logging [None req-965fef4a-96e1-4b3e-8df0-6bfb0fe2f6af None admin] SCRIPT_NAME: `/identity` {{(pid=69408) log_request_info /opt/stack/keystone/keystone/server/flask/request_processing/req_logging.py:28}}
Aug 21 20:00:17 ubuntu devstack@keystone.service[69408]: DEBUG keystone.server.flask.request_processing.req_logging [None req-965fef4a-96e1-4b3e-8df0-6bfb0fe2f6af None admin] PATH_INFO: `/v3/domains/Default` {{(pid=69408) log_request_info /opt/stack/keystone/keystone/server/flask/request_processing/req_logging.py:29}}
Aug 21 20:00:17 ubuntu devstack@keystone.service[69408]: DEBUG keystone.common.rbac_enforcer.enforcer [None req-965fef4a-96e1-4b3e-8df0-6bfb0fe2f6af None admin] RBAC: Authorizing `identity:get_domain(domain_id=Default)` {{(pid=69408) enforce_call /opt/stack/keystone/keystone/common/rbac_enforcer/enforcer.py:504}}
Aug 21 20:00:17 ubuntu devstack@keystone.service[69408]: DEBUG keystone.common.rbac_enforcer.enforcer [None req-965fef4a-96e1-4b3e-8df0-6bfb0fe2f6af None admin] RBAC: Authorization granted {{(pid=69408) enforce_call /opt/stack/keystone/keystone/common/rbac_enforcer/enforcer.py:515}}
Aug 21 20:00:17 ubuntu devstack@keystone.service[69408]: DEBUG keystone.server.flask.application [None req-965fef4a-96e1-4b3e-8df0-6bfb0fe2f6af None admin] Could not find domain: Default. {{(pid=69408) _handle_keystone_exception /opt/stack/keystone/keystone/server/flask/application.py:96}}
Aug 21 20:00:17 ubuntu devstack@keystone.service[69408]: [pid: 69408|app: 0|req: 15/30] 10.201.5.82 () {56 vars in 1108 bytes} [Wed Aug 21 20:00:16 2024] GET /identity/v3/domains/Default => generated 87 bytes in 71 msecs (HTTP/1.1 404) 5 headers in 183 bytes (1 switches on core 0)
Aug 21 20:00:17 ubuntu devstack@keystone.service[69409]: DEBUG keystone.server.flask.request_processing.middleware.auth_context [None req-86d847ef-f2d3-4856-8347-c2588e1ee0ca None admin] RBAC: auth_context: {'token': <TokenModel (audit_id=cetmP4pEQfiJsXaUrWYhwg, audit_chain_id=['cetmP4pEQfiJsXaUrWYhwg']) at 0x7f80f8eb7850>, 'domain_id': None, 'trust_id': None, 'trustor_id': None, 'trustee_id': None, 'domain_name': None, 'group_ids': [], 'user_id': '66b9a6af985345448c1bf30cbda0646c', 'user_domain_id': 'default', 'system_scope': 'all', 'project_id': None, 'project_domain_id': None, 'roles': ['admin', 'manager', 'member', 'reader'], 'is_admin_project': True, 'service_user_id': None, 'service_user_domain_id': None, 'service_project_id': None, 'service_project_domain_id': None, 'service_roles': []} {{(pid=69409) fill_context /opt/stack/keystone/keystone/server/flask/request_processing/middleware/auth_context.py:511}}
Aug 21 20:00:17 ubuntu devstack@keystone.service[69408]: DEBUG keystone.server.flask.request_processing.req_logging [None req-8efd7dfd-07ff-4c4c-9a42-8b03c182da49 None None] REQUEST_METHOD: `GET` {{(pid=69408) log_request_info /opt/stack/keystone/keystone/server/flask/request_processing/req_logging.py:27}}
Aug 21 20:00:17 ubuntu devstack@keystone.service[69408]: DEBUG keystone.server.flask.request_processing.req_logging [None req-8efd7dfd-07ff-4c4c-9a42-8b03c182da49 None None] SCRIPT_NAME: `/identity` {{(pid=69408) log_request_info /opt/stack/keystone/keystone/server/flask/request_processing/req_logging.py:28}}
Aug 21 20:00:17 ubuntu devstack@keystone.service[69408]: DEBUG keystone.server.flask.request_processing.req_logging [None req-8efd7dfd-07ff-4c4c-9a42-8b03c182da49 None None] PATH_INFO: `/` {{(pid=69408) log_request_info /opt/stack/keystone/keystone/server/flask/request_processing/req_logging.py:29}}
Aug 21 20:00:17 ubuntu devstack@keystone.service[69409]: DEBUG keystone.server.flask.request_processing.req_logging [None req-86d847ef-f2d3-4856-8347-c2588e1ee0ca None admin] REQUEST_METHOD: `GET` {{(pid=69409) log_request_info /opt/stack/keystone/keystone/server/flask/request_processing/req_logging.py:27}}
Aug 21 20:00:17 ubuntu devstack@keystone.service[69408]: [pid: 69408|app: 0|req: 16/31] 10.201.5.82 () {54 vars in 926 bytes} [Wed Aug 21 20:00:17 2024] GET /identity => generated 270 bytes in 1 msecs (HTTP/1.1 300) 6 headers in 234 bytes (1 switches on core 0)
Aug 21 20:00:17 ubuntu devstack@keystone.service[69409]: DEBUG keystone.server.flask.request_processing.req_logging [None req-86d847ef-f2d3-4856-8347-c2588e1ee0ca None admin] SCRIPT_NAME: `/identity` {{(pid=69409) log_request_info /opt/stack/keystone/keystone/server/flask/request_processing/req_logging.py:28}}
Aug 21 20:00:17 ubuntu devstack@keystone.service[69409]: DEBUG keystone.server.flask.request_processing.req_logging [None req-86d847ef-f2d3-4856-8347-c2588e1ee0ca None admin] PATH_INFO: `/v3/role_assignments` {{(pid=69409) log_request_info /opt/stack/keystone/keystone/server/flask/request_processing/req_logging.py:29}}
Aug 21 20:00:17 ubuntu devstack@keystone.service[69408]: DEBUG keystone.server.flask.request_processing.req_logging [None req-8e4f59a5-e14b-4073-9128-f5e09daeb7d6 None None] REQUEST_METHOD: `GET` {{(pid=69408) log_request_info /opt/stack/keystone/keystone/server/flask/request_processing/req_logging.py:27}}
Aug 21 20:00:17 ubuntu devstack@keystone.service[69408]: DEBUG keystone.server.flask.request_processing.req_logging [None req-8e4f59a5-e14b-4073-9128-f5e09daeb7d6 None None] SCRIPT_NAME: `/identity` {{(pid=69408) log_request_info /opt/stack/keystone/keystone/server/flask/request_processing/req_logging.py:28}}
Aug 21 20:00:17 ubuntu devstack@keystone.service[69408]: DEBUG keystone.server.flask.request_processing.req_logging [None req-8e4f59a5-e14b-4073-9128-f5e09daeb7d6 None None] PATH_INFO: `/` {{(pid=69408) log_request_info /opt/stack/keystone/keystone/server/flask/request_processing/req_logging.py:29}}
Aug 21 20:00:17 ubuntu devstack@keystone.service[69409]: DEBUG keystone.common.rbac_enforcer.enforcer [None req-86d847ef-f2d3-4856-8347-c2588e1ee0ca None admin] RBAC: Adding query filter params (role.id=0e326b8293744300aa85d49a9e40218d, scope.domain.id=default, user.id=66b9a6af985345448c1bf30cbda0646c) {{(pid=69409) _extract_filter_values /opt/stack/keystone/keystone/common/rbac_enforcer/enforcer.py:185}}
Aug 21 20:00:17 ubuntu devstack@keystone.service[69408]: [pid: 69408|app: 0|req: 17/32] 10.201.5.82 () {54 vars in 926 bytes} [Wed Aug 21 20:00:17 2024] GET /identity => generated 270 bytes in 1 msecs (HTTP/1.1 300) 6 headers in 234 bytes (1 switches on core 0)
Aug 21 20:00:17 ubuntu devstack@keystone.service[69408]: DEBUG keystone.server.flask.request_processing.middleware.auth_context [None req-8e4f59a5-e14b-4073-9128-f5e09daeb7d6 None None] Authenticating user token {{(pid=69408) process_request /opt/stack/data/venv/lib/python3.10/site-packages/keystonemiddleware/auth_token/__init__.py:406}}
Aug 21 20:00:17 ubuntu devstack@keystone.service[69409]: DEBUG keystone.common.rbac_enforcer.enforcer [None req-86d847ef-f2d3-4856-8347-c2588e1ee0ca None admin] RBAC: Authorizing `identity:list_role_assignments()` {{(pid=69409) enforce_call /opt/stack/keystone/keystone/common/rbac_enforcer/enforcer.py:504}}
Aug 21 20:00:17 ubuntu devstack@keystone.service[69409]: DEBUG keystone.common.rbac_enforcer.enforcer [None req-86d847ef-f2d3-4856-8347-c2588e1ee0ca None admin] RBAC: Authorization granted {{(pid=69409) enforce_call /opt/stack/keystone/keystone/common/rbac_enforcer/enforcer.py:515}}
Aug 21 20:00:17 ubuntu devstack@keystone.service[69409]: [pid: 69409|app: 0|req: 16/33] 10.201.5.82 () {56 vars in 1322 bytes} [Wed Aug 21 20:00:16 2024] GET /identity/v3/role_assignments?user.id=66b9a6af985345448c1bf30cbda0646c&scope.domain.id=default&role.id=0e326b8293744300aa85d49a9e40218d => generated 530 bytes in 93 msecs (HTTP/1.1 200) 5 headers in 177 bytes (1 switches on core 0)
Aug 21 20:00:17 ubuntu devstack@keystone.service[69409]: DEBUG keystone.server.flask.request_processing.req_logging [None req-cda14369-be4d-4344-9c43-18fd72bc944d None None] REQUEST_METHOD: `POST` {{(pid=69409) log_request_info /opt/stack/keystone/keystone/server/flask/request_processing/req_logging.py:27}}
Aug 21 20:00:17 ubuntu devstack@keystone.service[69409]: DEBUG keystone.server.flask.request_processing.req_logging [None req-cda14369-be4d-4344-9c43-18fd72bc944d None None] SCRIPT_NAME: `/identity` {{(pid=69409) log_request_info /opt/stack/keystone/keystone/server/flask/request_processing/req_logging.py:28}}
Aug 21 20:00:17 ubuntu devstack@keystone.service[69409]: DEBUG keystone.server.flask.request_processing.req_logging [None req-cda14369-be4d-4344-9c43-18fd72bc944d None None] PATH_INFO: `/v3/auth/tokens` {{(pid=69409) log_request_info /opt/stack/keystone/keystone/server/flask/request_processing/req_logging.py:29}}
Aug 21 20:00:17 ubuntu devstack@keystone.service[69409]: WARNING keystone.common.password_hashing [None req-cda14369-be4d-4344-9c43-18fd72bc944d None None] Truncating password to algorithm specific maximum length 72 characters.
Aug 21 20:00:17 ubuntu devstack@keystone.service[69409]: DEBUG keystone.auth.core [None req-cda14369-be4d-4344-9c43-18fd72bc944d None None] MFA Rules not processed for user `66b9a6af985345448c1bf30cbda0646c`. Rule list: `[]` (Enabled: `True`). {{(pid=69409) check_auth_methods_against_rules /opt/stack/keystone/keystone/auth/core.py:477}}
Aug 21 20:00:17 ubuntu devstack@keystone.service[69408]: DEBUG keystone.server.flask.request_processing.middleware.auth_context [None req-8e4f59a5-e14b-4073-9128-f5e09daeb7d6 None None] Validating token access rules against request {{(pid=69408) validate_allowed_request /opt/stack/data/venv/lib/python3.10/site-packages/keystonemiddleware/auth_token/__init__.py:544}}
Aug 21 20:00:17 ubuntu devstack@keystone.service[69409]: DEBUG keystone.common.fernet_utils [None req-cda14369-be4d-4344-9c43-18fd72bc944d None None] Loaded 2 Fernet keys from /etc/keystone/fernet-keys/, but `[fernet_tokens] max_active_keys = 3`; perhaps there have not been enough key rotations to reach `max_active_keys` yet? {{(pid=69409) load_keys /opt/stack/keystone/keystone/common/fernet_utils.py:299}}
Aug 21 20:00:17 ubuntu devstack@keystone.service[69408]: DEBUG keystone.server.flask.request_processing.middleware.auth_context [None req-e1aa59e0-919f-493d-aeb6-ba4828d3770e None admin] RBAC: auth_context: {'token': <TokenModel (audit_id=Uerl_me4QK2VZ_QeskXMRA, audit_chain_id=['Uerl_me4QK2VZ_QeskXMRA']) at 0x7f80f8c706d0>, 'domain_id': None, 'trust_id': None, 'trustor_id': None, 'trustee_id': None, 'domain_name': None, 'group_ids': [], 'user_id': '66b9a6af985345448c1bf30cbda0646c', 'user_domain_id': 'default', 'system_scope': 'all', 'project_id': None, 'project_domain_id': None, 'roles': ['admin', 'manager', 'member', 'reader'], 'is_admin_project': True, 'service_user_id': None, 'service_user_domain_id': None, 'service_project_id': None, 'service_project_domain_id': None, 'service_roles': []} {{(pid=69408) fill_context /opt/stack/keystone/keystone/server/flask/request_processing/middleware/auth_context.py:511}}
Aug 21 20:00:17 ubuntu devstack@keystone.service[69408]: DEBUG keystone.server.flask.request_processing.req_logging [None req-e1aa59e0-919f-493d-aeb6-ba4828d3770e None admin] REQUEST_METHOD: `GET` {{(pid=69408) log_request_info /opt/stack/keystone/keystone/server/flask/request_processing/req_logging.py:27}}
Aug 21 20:00:17 ubuntu devstack@keystone.service[69408]: DEBUG keystone.server.flask.request_processing.req_logging [None req-e1aa59e0-919f-493d-aeb6-ba4828d3770e None admin] SCRIPT_NAME: `/identity` {{(pid=69408) log_request_info /opt/stack/keystone/keystone/server/flask/request_processing/req_logging.py:28}}
Aug 21 20:00:17 ubuntu devstack@keystone.service[69408]: DEBUG keystone.server.flask.request_processing.req_logging [None req-e1aa59e0-919f-493d-aeb6-ba4828d3770e None admin] PATH_INFO: `/v3/domains` {{(pid=69408) log_request_info /opt/stack/keystone/keystone/server/flask/request_processing/req_logging.py:29}}
Aug 21 20:00:17 ubuntu devstack@keystone.service[69408]: DEBUG keystone.common.rbac_enforcer.enforcer [None req-e1aa59e0-919f-493d-aeb6-ba4828d3770e None admin] RBAC: Adding query filter params (name=Default) {{(pid=69408) _extract_filter_values /opt/stack/keystone/keystone/common/rbac_enforcer/enforcer.py:185}}
Aug 21 20:00:17 ubuntu devstack@keystone.service[69408]: DEBUG keystone.common.rbac_enforcer.enforcer [None req-e1aa59e0-919f-493d-aeb6-ba4828d3770e None admin] RBAC: Authorizing `identity:list_domains()` {{(pid=69408) enforce_call /opt/stack/keystone/keystone/common/rbac_enforcer/enforcer.py:504}}
Aug 21 20:00:17 ubuntu devstack@keystone.service[69408]: DEBUG keystone.common.rbac_enforcer.enforcer [None req-e1aa59e0-919f-493d-aeb6-ba4828d3770e None admin] RBAC: Authorization granted {{(pid=69408) enforce_call /opt/stack/keystone/keystone/common/rbac_enforcer/enforcer.py:515}}
Aug 21 20:00:17 ubuntu devstack@keystone.service[69408]: [pid: 69408|app: 0|req: 18/34] 10.201.5.82 () {56 vars in 1109 bytes} [Wed Aug 21 20:00:17 2024] GET /identity/v3/domains?name=Default => generated 308 bytes in 59 msecs (HTTP/1.1 200) 5 headers in 177 bytes (1 switches on core 0)
Aug 21 20:00:17 ubuntu devstack@keystone.service[69408]: DEBUG keystone.server.flask.request_processing.req_logging [None req-a4308c53-88e1-4928-aab4-19a3851fc227 None None] REQUEST_METHOD: `POST` {{(pid=69408) log_request_info /opt/stack/keystone/keystone/server/flask/request_processing/req_logging.py:27}}
Aug 21 20:00:17 ubuntu devstack@keystone.service[69408]: DEBUG keystone.server.flask.request_processing.req_logging [None req-a4308c53-88e1-4928-aab4-19a3851fc227 None None] SCRIPT_NAME: `/identity` {{(pid=69408) log_request_info /opt/stack/keystone/keystone/server/flask/request_processing/req_logging.py:28}}
Aug 21 20:00:17 ubuntu devstack@keystone.service[69408]: DEBUG keystone.server.flask.request_processing.req_logging [None req-a4308c53-88e1-4928-aab4-19a3851fc227 None None] PATH_INFO: `/v3/auth/tokens` {{(pid=69408) log_request_info /opt/stack/keystone/keystone/server/flask/request_processing/req_logging.py:29}}
Aug 21 20:00:17 ubuntu devstack@keystone.service[69408]: WARNING keystone.common.password_hashing [None req-a4308c53-88e1-4928-aab4-19a3851fc227 None None] Truncating password to algorithm specific maximum length 72 characters.
Aug 21 20:00:17 ubuntu devstack@keystone.service[69408]: DEBUG keystone.auth.core [None req-a4308c53-88e1-4928-aab4-19a3851fc227 None None] MFA Rules not processed for user `66b9a6af985345448c1bf30cbda0646c`. Rule list: `[]` (Enabled: `True`). {{(pid=69408) check_auth_methods_against_rules /opt/stack/keystone/keystone/auth/core.py:477}}
Aug 21 20:00:17 ubuntu devstack@keystone.service[69408]: DEBUG keystone.common.fernet_utils [None req-a4308c53-88e1-4928-aab4-19a3851fc227 None None] Loaded 2 Fernet keys from /etc/keystone/fernet-keys/, but `[fernet_tokens] max_active_keys = 3`; perhaps there have not been enough key rotations to reach `max_active_keys` yet? {{(pid=69408) load_keys /opt/stack/keystone/keystone/common/fernet_utils.py:299}}
Aug 21 20:00:17 ubuntu devstack@keystone.service[69409]: [pid: 69409|app: 0|req: 17/35] 10.201.5.82 () {58 vars in 1023 bytes} [Wed Aug 21 20:00:17 2024] POST /identity/v3/auth/tokens => generated 862 bytes in 86 msecs (HTTP/1.1 201) 6 headers in 363 bytes (1 switches on core 0)
Aug 21 20:00:17 ubuntu devstack@keystone.service[69409]: DEBUG keystone.server.flask.request_processing.middleware.auth_context [None req-cda14369-be4d-4344-9c43-18fd72bc944d None None] Authenticating user token {{(pid=69409) process_request /opt/stack/data/venv/lib/python3.10/site-packages/keystonemiddleware/auth_token/__init__.py:406}}
Aug 21 20:00:17 ubuntu devstack@keystone.service[69408]: [pid: 69408|app: 0|req: 19/36] 10.201.5.82 () {58 vars in 1023 bytes} [Wed Aug 21 20:00:17 2024] POST /identity/v3/auth/tokens => generated 862 bytes in 51 msecs (HTTP/1.1 201) 6 headers in 363 bytes (1 switches on core 0)
Aug 21 20:00:17 ubuntu devstack@keystone.service[69409]: DEBUG keystone.server.flask.request_processing.middleware.auth_context [None req-cda14369-be4d-4344-9c43-18fd72bc944d None None] Validating token access rules against request {{(pid=69409) validate_allowed_request /opt/stack/data/venv/lib/python3.10/site-packages/keystonemiddleware/auth_token/__init__.py:544}}
Aug 21 20:00:17 ubuntu devstack@keystone.service[69409]: DEBUG keystone.server.flask.request_processing.middleware.auth_context [None req-d69deac2-e29c-4600-a8ea-44564a2fb1e8 None admin] RBAC: auth_context: {'token': <TokenModel (audit_id=Uerl_me4QK2VZ_QeskXMRA, audit_chain_id=['Uerl_me4QK2VZ_QeskXMRA']) at 0x7f80f8eb7010>, 'domain_id': None, 'trust_id': None, 'trustor_id': None, 'trustee_id': None, 'domain_name': None, 'group_ids': [], 'user_id': '66b9a6af985345448c1bf30cbda0646c', 'user_domain_id': 'default', 'system_scope': 'all', 'project_id': None, 'project_domain_id': None, 'roles': ['admin', 'manager', 'member', 'reader'], 'is_admin_project': True, 'service_user_id': None, 'service_user_domain_id': None, 'service_project_id': None, 'service_project_domain_id': None, 'service_roles': []} {{(pid=69409) fill_context /opt/stack/keystone/keystone/server/flask/request_processing/middleware/auth_context.py:511}}
Aug 21 20:00:17 ubuntu devstack@keystone.service[69409]: DEBUG keystone.server.flask.request_processing.req_logging [None req-d69deac2-e29c-4600-a8ea-44564a2fb1e8 None admin] REQUEST_METHOD: `POST` {{(pid=69409) log_request_info /opt/stack/keystone/keystone/server/flask/request_processing/req_logging.py:27}}
Aug 21 20:00:17 ubuntu devstack@keystone.service[69409]: DEBUG keystone.server.flask.request_processing.req_logging [None req-d69deac2-e29c-4600-a8ea-44564a2fb1e8 None admin] SCRIPT_NAME: `/identity` {{(pid=69409) log_request_info /opt/stack/keystone/keystone/server/flask/request_processing/req_logging.py:28}}
Aug 21 20:00:17 ubuntu devstack@keystone.service[69409]: DEBUG keystone.server.flask.request_processing.req_logging [None req-d69deac2-e29c-4600-a8ea-44564a2fb1e8 None admin] PATH_INFO: `/v3/projects` {{(pid=69409) log_request_info /opt/stack/keystone/keystone/server/flask/request_processing/req_logging.py:29}}
Aug 21 20:00:17 ubuntu devstack@keystone.service[69409]: DEBUG keystone.common.rbac_enforcer.enforcer [None req-d69deac2-e29c-4600-a8ea-44564a2fb1e8 None admin] RBAC: Authorizing `identity:create_project()` {{(pid=69409) enforce_call /opt/stack/keystone/keystone/common/rbac_enforcer/enforcer.py:504}}
Aug 21 20:00:17 ubuntu devstack@keystone.service[69409]: DEBUG keystone.common.rbac_enforcer.enforcer [None req-d69deac2-e29c-4600-a8ea-44564a2fb1e8 None admin] RBAC: Authorization granted {{(pid=69409) enforce_call /opt/stack/keystone/keystone/common/rbac_enforcer/enforcer.py:515}}
Aug 21 20:00:17 ubuntu devstack@keystone.service[69409]: [pid: 69409|app: 0|req: 18/37] 10.201.5.82 () {60 vars in 1141 bytes} [Wed Aug 21 20:00:17 2024] POST /identity/v3/projects => generated 301 bytes in 88 msecs (HTTP/1.1 201) 5 headers in 182 bytes (1 switches on core 0)
Aug 21 20:00:17 ubuntu devstack@keystone.service[69408]: DEBUG keystone.server.flask.request_processing.middleware.auth_context [None req-a4308c53-88e1-4928-aab4-19a3851fc227 None None] Authenticating user token {{(pid=69408) process_request /opt/stack/data/venv/lib/python3.10/site-packages/keystonemiddleware/auth_token/__init__.py:406}}
Aug 21 20:00:17 ubuntu devstack@keystone.service[69409]: DEBUG keystone.server.flask.request_processing.middleware.auth_context [None req-d69deac2-e29c-4600-a8ea-44564a2fb1e8 None admin] Authenticating user token {{(pid=69409) process_request /opt/stack/data/venv/lib/python3.10/site-packages/keystonemiddleware/auth_token/__init__.py:406}}
Aug 21 20:00:17 ubuntu devstack@keystone.service[69408]: DEBUG keystone.server.flask.request_processing.middleware.auth_context [None req-a4308c53-88e1-4928-aab4-19a3851fc227 None None] Validating token access rules against request {{(pid=69408) validate_allowed_request /opt/stack/data/venv/lib/python3.10/site-packages/keystonemiddleware/auth_token/__init__.py:544}}
Aug 21 20:00:17 ubuntu devstack@keystone.service[69409]: DEBUG keystone.server.flask.request_processing.middleware.auth_context [None req-d69deac2-e29c-4600-a8ea-44564a2fb1e8 None admin] Validating token access rules against request {{(pid=69409) validate_allowed_request /opt/stack/data/venv/lib/python3.10/site-packages/keystonemiddleware/auth_token/__init__.py:544}}
Aug 21 20:00:17 ubuntu devstack@keystone.service[69408]: DEBUG keystone.server.flask.request_processing.middleware.auth_context [None req-30ab2b40-088d-47e9-b5c3-18afd3420e79 None admin] RBAC: auth_context: {'token': <TokenModel (audit_id=IIhPIARZQ9WRx8Va4_JpfA, audit_chain_id=['IIhPIARZQ9WRx8Va4_JpfA']) at 0x7f80f8f5c5e0>, 'domain_id': None, 'trust_id': None, 'trustor_id': None, 'trustee_id': None, 'domain_name': None, 'group_ids': [], 'user_id': '66b9a6af985345448c1bf30cbda0646c', 'user_domain_id': 'default', 'system_scope': 'all', 'project_id': None, 'project_domain_id': None, 'roles': ['admin', 'manager', 'member', 'reader'], 'is_admin_project': True, 'service_user_id': None, 'service_user_domain_id': None, 'service_project_id': None, 'service_project_domain_id': None, 'service_roles': []} {{(pid=69408) fill_context /opt/stack/keystone/keystone/server/flask/request_processing/middleware/auth_context.py:511}}
Aug 21 20:00:17 ubuntu devstack@keystone.service[69408]: DEBUG keystone.server.flask.request_processing.req_logging [None req-30ab2b40-088d-47e9-b5c3-18afd3420e79 None admin] REQUEST_METHOD: `POST` {{(pid=69408) log_request_info /opt/stack/keystone/keystone/server/flask/request_processing/req_logging.py:27}}
Aug 21 20:00:17 ubuntu devstack@keystone.service[69408]: DEBUG keystone.server.flask.request_processing.req_logging [None req-30ab2b40-088d-47e9-b5c3-18afd3420e79 None admin] SCRIPT_NAME: `/identity` {{(pid=69408) log_request_info /opt/stack/keystone/keystone/server/flask/request_processing/req_logging.py:28}}
Aug 21 20:00:17 ubuntu devstack@keystone.service[69408]: DEBUG keystone.server.flask.request_processing.req_logging [None req-30ab2b40-088d-47e9-b5c3-18afd3420e79 None admin] PATH_INFO: `/v3/roles` {{(pid=69408) log_request_info /opt/stack/keystone/keystone/server/flask/request_processing/req_logging.py:29}}
Aug 21 20:00:17 ubuntu devstack@keystone.service[69408]: DEBUG keystone.common.rbac_enforcer.enforcer [None req-30ab2b40-088d-47e9-b5c3-18afd3420e79 None admin] RBAC: Authorizing `identity:create_role()` {{(pid=69408) enforce_call /opt/stack/keystone/keystone/common/rbac_enforcer/enforcer.py:504}}
Aug 21 20:00:17 ubuntu devstack@keystone.service[69409]: DEBUG keystone.server.flask.request_processing.middleware.auth_context [None req-04e0f1bf-4e1a-48c4-b588-c4dfd14b6466 None admin] RBAC: auth_context: {'token': <TokenModel (audit_id=9AQlcCylRyW3vPhMsedaxA, audit_chain_id=['9AQlcCylRyW3vPhMsedaxA']) at 0x7f80f8ea16f0>, 'domain_id': None, 'trust_id': None, 'trustor_id': None, 'trustee_id': None, 'domain_name': None, 'group_ids': [], 'user_id': '66b9a6af985345448c1bf30cbda0646c', 'user_domain_id': 'default', 'system_scope': 'all', 'project_id': None, 'project_domain_id': None, 'roles': ['admin', 'manager', 'member', 'reader'], 'is_admin_project': True, 'service_user_id': None, 'service_user_domain_id': None, 'service_project_id': None, 'service_project_domain_id': None, 'service_roles': []} {{(pid=69409) fill_context /opt/stack/keystone/keystone/server/flask/request_processing/middleware/auth_context.py:511}}
Aug 21 20:00:17 ubuntu devstack@keystone.service[69408]: DEBUG keystone.common.rbac_enforcer.enforcer [None req-30ab2b40-088d-47e9-b5c3-18afd3420e79 None admin] RBAC: Authorization granted {{(pid=69408) enforce_call /opt/stack/keystone/keystone/common/rbac_enforcer/enforcer.py:515}}
Aug 21 20:00:17 ubuntu devstack@keystone.service[69409]: DEBUG keystone.server.flask.request_processing.req_logging [None req-04e0f1bf-4e1a-48c4-b588-c4dfd14b6466 None admin] REQUEST_METHOD: `POST` {{(pid=69409) log_request_info /opt/stack/keystone/keystone/server/flask/request_processing/req_logging.py:27}}
Aug 21 20:00:17 ubuntu devstack@keystone.service[69409]: DEBUG keystone.server.flask.request_processing.req_logging [None req-04e0f1bf-4e1a-48c4-b588-c4dfd14b6466 None admin] SCRIPT_NAME: `/identity` {{(pid=69409) log_request_info /opt/stack/keystone/keystone/server/flask/request_processing/req_logging.py:28}}
Aug 21 20:00:17 ubuntu devstack@keystone.service[69409]: DEBUG keystone.server.flask.request_processing.req_logging [None req-04e0f1bf-4e1a-48c4-b588-c4dfd14b6466 None admin] PATH_INFO: `/v3/roles` {{(pid=69409) log_request_info /opt/stack/keystone/keystone/server/flask/request_processing/req_logging.py:29}}
Aug 21 20:00:17 ubuntu devstack@keystone.service[69409]: DEBUG keystone.common.rbac_enforcer.enforcer [None req-04e0f1bf-4e1a-48c4-b588-c4dfd14b6466 None admin] RBAC: Authorizing `identity:create_role()` {{(pid=69409) enforce_call /opt/stack/keystone/keystone/common/rbac_enforcer/enforcer.py:504}}
Aug 21 20:00:17 ubuntu devstack@keystone.service[69409]: DEBUG keystone.common.rbac_enforcer.enforcer [None req-04e0f1bf-4e1a-48c4-b588-c4dfd14b6466 None admin] RBAC: Authorization granted {{(pid=69409) enforce_call /opt/stack/keystone/keystone/common/rbac_enforcer/enforcer.py:515}}
Aug 21 20:00:17 ubuntu devstack@keystone.service[69409]: DEBUG keystone.common.sql.core [None req-04e0f1bf-4e1a-48c4-b588-c4dfd14b6466 None admin] Conflict role: (pymysql.err.IntegrityError) (1062, "Duplicate entry 'service-<<null>>' for key 'role.ixu_role_name_domain_id'")
Aug 21 20:00:17 ubuntu devstack@keystone.service[69409]: [SQL: INSERT INTO `role` (id, name, description, extra) VALUES (%(id)s, %(name)s, %(description)s, %(extra)s)]
Aug 21 20:00:17 ubuntu devstack@keystone.service[69409]: [parameters: {'id': 'e4e7a64d2f0346678630bb67d08fbd1f', 'name': 'service', 'description': None, 'extra': '{}'}]
Aug 21 20:00:17 ubuntu devstack@keystone.service[69409]: (Background on this error at: https://sqlalche.me/e/20/gkpj) {{(pid=69409) wrapper /opt/stack/keystone/keystone/common/sql/core.py:547}}
Aug 21 20:00:17 ubuntu devstack@keystone.service[69409]: ERROR keystone.server.flask.application [None req-04e0f1bf-4e1a-48c4-b588-c4dfd14b6466 None admin] Conflict occurred attempting to store role - Duplicate entry found with name service.: keystone.exception.Conflict: Conflict occurred attempting to store role - Duplicate entry found with name service.
Aug 21 20:00:17 ubuntu devstack@keystone.service[69409]: ERROR keystone.server.flask.application Traceback (most recent call last):
Aug 21 20:00:17 ubuntu devstack@keystone.service[69409]: ERROR keystone.server.flask.application   File "/opt/stack/data/venv/lib/python3.10/site-packages/sqlalchemy/engine/base.py", line 1967, in _exec_single_context
Aug 21 20:00:17 ubuntu devstack@keystone.service[69409]: ERROR keystone.server.flask.application     self.dialect.do_execute(
Aug 21 20:00:17 ubuntu devstack@keystone.service[69409]: ERROR keystone.server.flask.application   File "/opt/stack/data/venv/lib/python3.10/site-packages/sqlalchemy/engine/default.py", line 924, in do_execute
Aug 21 20:00:17 ubuntu devstack@keystone.service[69409]: ERROR keystone.server.flask.application     cursor.execute(statement, parameters)
Aug 21 20:00:17 ubuntu devstack@keystone.service[69409]: ERROR keystone.server.flask.application   File "/opt/stack/data/venv/lib/python3.10/site-packages/pymysql/cursors.py", line 153, in execute
Aug 21 20:00:17 ubuntu devstack@keystone.service[69409]: ERROR keystone.server.flask.application     result = self._query(query)
Aug 21 20:00:17 ubuntu devstack@keystone.service[69409]: ERROR keystone.server.flask.application   File "/opt/stack/data/venv/lib/python3.10/site-packages/pymysql/cursors.py", line 322, in _query
Aug 21 20:00:17 ubuntu devstack@keystone.service[69409]: ERROR keystone.server.flask.application     conn.query(q)
Aug 21 20:00:17 ubuntu devstack@keystone.service[69409]: ERROR keystone.server.flask.application   File "/opt/stack/data/venv/lib/python3.10/site-packages/pymysql/connections.py", line 563, in query
Aug 21 20:00:17 ubuntu devstack@keystone.service[69409]: ERROR keystone.server.flask.application     self._affected_rows = self._read_query_result(unbuffered=unbuffered)
Aug 21 20:00:17 ubuntu devstack@keystone.service[69409]: ERROR keystone.server.flask.application   File "/opt/stack/data/venv/lib/python3.10/site-packages/pymysql/connections.py", line 825, in _read_query_result
Aug 21 20:00:17 ubuntu devstack@keystone.service[69409]: ERROR keystone.server.flask.application     result.read()
Aug 21 20:00:17 ubuntu devstack@keystone.service[69409]: ERROR keystone.server.flask.application   File "/opt/stack/data/venv/lib/python3.10/site-packages/pymysql/connections.py", line 1199, in read
Aug 21 20:00:17 ubuntu devstack@keystone.service[69409]: ERROR keystone.server.flask.application     first_packet = self.connection._read_packet()
Aug 21 20:00:17 ubuntu devstack@keystone.service[69409]: ERROR keystone.server.flask.application   File "/opt/stack/data/venv/lib/python3.10/site-packages/pymysql/connections.py", line 775, in _read_packet
Aug 21 20:00:17 ubuntu devstack@keystone.service[69409]: ERROR keystone.server.flask.application     packet.raise_for_error()
Aug 21 20:00:17 ubuntu devstack@keystone.service[69409]: ERROR keystone.server.flask.application   File "/opt/stack/data/venv/lib/python3.10/site-packages/pymysql/protocol.py", line 219, in raise_for_error
Aug 21 20:00:17 ubuntu devstack@keystone.service[69409]: ERROR keystone.server.flask.application     err.raise_mysql_exception(self._data)
Aug 21 20:00:17 ubuntu devstack@keystone.service[69409]: ERROR keystone.server.flask.application   File "/opt/stack/data/venv/lib/python3.10/site-packages/pymysql/err.py", line 150, in raise_mysql_exception
Aug 21 20:00:17 ubuntu devstack@keystone.service[69409]: ERROR keystone.server.flask.application     raise errorclass(errno, errval)
Aug 21 20:00:17 ubuntu devstack@keystone.service[69409]: ERROR keystone.server.flask.application pymysql.err.IntegrityError: (1062, "Duplicate entry 'service-<<null>>' for key 'role.ixu_role_name_domain_id'")
Aug 21 20:00:17 ubuntu devstack@keystone.service[69409]: ERROR keystone.server.flask.application 
Aug 21 20:00:17 ubuntu devstack@keystone.service[69409]: ERROR keystone.server.flask.application The above exception was the direct cause of the following exception:
Aug 21 20:00:17 ubuntu devstack@keystone.service[69409]: ERROR keystone.server.flask.application 
Aug 21 20:00:17 ubuntu devstack@keystone.service[69409]: ERROR keystone.server.flask.application Traceback (most recent call last):
Aug 21 20:00:17 ubuntu devstack@keystone.service[69409]: ERROR keystone.server.flask.application   File "/opt/stack/keystone/keystone/common/sql/core.py", line 542, in wrapper
Aug 21 20:00:17 ubuntu devstack@keystone.service[69409]: ERROR keystone.server.flask.application     return method(*args, **kwargs)
Aug 21 20:00:17 ubuntu devstack@keystone.service[69409]: ERROR keystone.server.flask.application   File "/opt/stack/keystone/keystone/assignment/role_backends/sql.py", line 26, in create_role
Aug 21 20:00:17 ubuntu devstack@keystone.service[69409]: ERROR keystone.server.flask.application     with sql.session_for_write() as session:
Aug 21 20:00:17 ubuntu devstack@keystone.service[69409]: ERROR keystone.server.flask.application   File "/usr/lib/python3.10/contextlib.py", line 142, in __exit__
Aug 21 20:00:17 ubuntu devstack@keystone.service[69409]: ERROR keystone.server.flask.application     next(self.gen)
Aug 21 20:00:17 ubuntu devstack@keystone.service[69409]: ERROR keystone.server.flask.application   File "/opt/stack/data/venv/lib/python3.10/site-packages/oslo_db/sqlalchemy/enginefacade.py", line 1042, in _transaction_scope
Aug 21 20:00:17 ubuntu devstack@keystone.service[69409]: ERROR keystone.server.flask.application     with current._produce_block(
Aug 21 20:00:17 ubuntu devstack@keystone.service[69409]: ERROR keystone.server.flask.application   File "/usr/lib/python3.10/contextlib.py", line 142, in __exit__
Aug 21 20:00:17 ubuntu devstack@keystone.service[69409]: ERROR keystone.server.flask.application     next(self.gen)
Aug 21 20:00:17 ubuntu devstack@keystone.service[69409]: ERROR keystone.server.flask.application   File "/opt/stack/data/venv/lib/python3.10/site-packages/oslo_db/sqlalchemy/enginefacade.py", line 649, in _session
Aug 21 20:00:17 ubuntu devstack@keystone.service[69409]: ERROR keystone.server.flask.application     with excutils.save_and_reraise_exception():
Aug 21 20:00:17 ubuntu devstack@keystone.service[69409]: ERROR keystone.server.flask.application   File "/opt/stack/data/venv/lib/python3.10/site-packages/oslo_utils/excutils.py", line 227, in __exit__
Aug 21 20:00:17 ubuntu devstack@keystone.service[69409]: ERROR keystone.server.flask.application     self.force_reraise()
Aug 21 20:00:17 ubuntu devstack@keystone.service[69409]: ERROR keystone.server.flask.application   File "/opt/stack/data/venv/lib/python3.10/site-packages/oslo_utils/excutils.py", line 200, in force_reraise
Aug 21 20:00:17 ubuntu devstack@keystone.service[69409]: ERROR keystone.server.flask.application     raise self.value
Aug 21 20:00:17 ubuntu devstack@keystone.service[69409]: ERROR keystone.server.flask.application   File "/opt/stack/data/venv/lib/python3.10/site-packages/oslo_db/sqlalchemy/enginefacade.py", line 647, in _session
Aug 21 20:00:17 ubuntu devstack@keystone.service[69409]: ERROR keystone.server.flask.application     self._end_session_transaction(self.session)
Aug 21 20:00:17 ubuntu devstack@keystone.service[69409]: ERROR keystone.server.flask.application   File "/opt/stack/data/venv/lib/python3.10/site-packages/oslo_db/sqlalchemy/enginefacade.py", line 675, in _end_session_transaction
Aug 21 20:00:17 ubuntu devstack@keystone.service[69409]: ERROR keystone.server.flask.application     session.commit()
Aug 21 20:00:17 ubuntu devstack@keystone.service[69409]: ERROR keystone.server.flask.application   File "/opt/stack/data/venv/lib/python3.10/site-packages/sqlalchemy/orm/session.py", line 2017, in commit
Aug 21 20:00:17 ubuntu devstack@keystone.service[69409]: ERROR keystone.server.flask.application     trans.commit(_to_root=True)
Aug 21 20:00:17 ubuntu devstack@keystone.service[69409]: ERROR keystone.server.flask.application   File "<string>", line 2, in commit
Aug 21 20:00:17 ubuntu devstack@keystone.service[69409]: ERROR keystone.server.flask.application   File "/opt/stack/data/venv/lib/python3.10/site-packages/sqlalchemy/orm/state_changes.py", line 139, in _go
Aug 21 20:00:17 ubuntu devstack@keystone.service[69409]: ERROR keystone.server.flask.application     ret_value = fn(self, *arg, **kw)
Aug 21 20:00:17 ubuntu devstack@keystone.service[69409]: ERROR keystone.server.flask.application   File "/opt/stack/data/venv/lib/python3.10/site-packages/sqlalchemy/orm/session.py", line 1302, in commit
Aug 21 20:00:17 ubuntu devstack@keystone.service[69409]: ERROR keystone.server.flask.application     self._prepare_impl()
Aug 21 20:00:17 ubuntu devstack@keystone.service[69409]: ERROR keystone.server.flask.application   File "<string>", line 2, in _prepare_impl
Aug 21 20:00:17 ubuntu devstack@keystone.service[69409]: ERROR keystone.server.flask.application   File "/opt/stack/data/venv/lib/python3.10/site-packages/sqlalchemy/orm/state_changes.py", line 139, in _go
Aug 21 20:00:17 ubuntu devstack@keystone.service[69409]: ERROR keystone.server.flask.application     ret_value = fn(self, *arg, **kw)
Aug 21 20:00:17 ubuntu devstack@keystone.service[69409]: ERROR keystone.server.flask.application   File "/opt/stack/data/venv/lib/python3.10/site-packages/sqlalchemy/orm/session.py", line 1277, in _prepare_impl
Aug 21 20:00:17 ubuntu devstack@keystone.service[69409]: ERROR keystone.server.flask.application     self.session.flush()
Aug 21 20:00:17 ubuntu devstack@keystone.service[69409]: ERROR keystone.server.flask.application   File "/opt/stack/data/venv/lib/python3.10/site-packages/sqlalchemy/orm/session.py", line 4341, in flush
Aug 21 20:00:17 ubuntu devstack@keystone.service[69409]: ERROR keystone.server.flask.application     self._flush(objects)
Aug 21 20:00:17 ubuntu devstack@keystone.service[69409]: ERROR keystone.server.flask.application   File "/opt/stack/data/venv/lib/python3.10/site-packages/sqlalchemy/orm/session.py", line 4476, in _flush
Aug 21 20:00:17 ubuntu devstack@keystone.service[69409]: ERROR keystone.server.flask.application     with util.safe_reraise():
Aug 21 20:00:17 ubuntu devstack@keystone.service[69409]: ERROR keystone.server.flask.application   File "/opt/stack/data/venv/lib/python3.10/site-packages/sqlalchemy/util/langhelpers.py", line 146, in __exit__
Aug 21 20:00:17 ubuntu devstack@keystone.service[69409]: ERROR keystone.server.flask.application     raise exc_value.with_traceback(exc_tb)
Aug 21 20:00:17 ubuntu devstack@keystone.service[69409]: ERROR keystone.server.flask.application   File "/opt/stack/data/venv/lib/python3.10/site-packages/sqlalchemy/orm/session.py", line 4437, in _flush
Aug 21 20:00:17 ubuntu devstack@keystone.service[69409]: ERROR keystone.server.flask.application     flush_context.execute()
Aug 21 20:00:17 ubuntu devstack@keystone.service[69409]: ERROR keystone.server.flask.application   File "/opt/stack/data/venv/lib/python3.10/site-packages/sqlalchemy/orm/unitofwork.py", line 466, in execute
Aug 21 20:00:17 ubuntu devstack@keystone.service[69409]: ERROR keystone.server.flask.application     rec.execute(self)
Aug 21 20:00:17 ubuntu devstack@keystone.service[69409]: ERROR keystone.server.flask.application   File "/opt/stack/data/venv/lib/python3.10/site-packages/sqlalchemy/orm/unitofwork.py", line 642, in execute
Aug 21 20:00:17 ubuntu devstack@keystone.service[69409]: ERROR keystone.server.flask.application     util.preloaded.orm_persistence.save_obj(
Aug 21 20:00:17 ubuntu devstack@keystone.service[69409]: ERROR keystone.server.flask.application   File "/opt/stack/data/venv/lib/python3.10/site-packages/sqlalchemy/orm/persistence.py", line 93, in save_obj
Aug 21 20:00:17 ubuntu devstack@keystone.service[69409]: ERROR keystone.server.flask.application     _emit_insert_statements(
Aug 21 20:00:17 ubuntu devstack@keystone.service[69409]: ERROR keystone.server.flask.application   File "/opt/stack/data/venv/lib/python3.10/site-packages/sqlalchemy/orm/persistence.py", line 1048, in _emit_insert_statements
Aug 21 20:00:17 ubuntu devstack@keystone.service[69409]: ERROR keystone.server.flask.application     result = connection.execute(
Aug 21 20:00:17 ubuntu devstack@keystone.service[69409]: ERROR keystone.server.flask.application   File "/opt/stack/data/venv/lib/python3.10/site-packages/sqlalchemy/engine/base.py", line 1418, in execute
Aug 21 20:00:17 ubuntu devstack@keystone.service[69409]: ERROR keystone.server.flask.application     return meth(
Aug 21 20:00:17 ubuntu devstack@keystone.service[69409]: ERROR keystone.server.flask.application   File "/opt/stack/data/venv/lib/python3.10/site-packages/sqlalchemy/sql/elements.py", line 515, in _execute_on_connection
Aug 21 20:00:17 ubuntu devstack@keystone.service[69409]: ERROR keystone.server.flask.application     return connection._execute_clauseelement(
