Apr 10 14:14:52 ubuntu devstack@keystone.service[81774]: DEBUG keystone.common.rbac_enforcer.enforcer [None req-2bcf9f20-c51e-4171-9c09-d59982685712 None admin] RBAC: Authorizing `identity:create_grant(domain_id=default, user_id=569dbce3124f4e30afda7e9a4bc3b530, role_id=629e5055b95340159fe72c0b7fbb608b)` {{(pid=81774) enforce_call /opt/stack/keystone/keystone/common/rbac_enforcer/enforcer.py:494}}
Apr 10 14:14:52 ubuntu devstack@keystone.service[81774]: DEBUG keystone.common.rbac_enforcer.enforcer [None req-2bcf9f20-c51e-4171-9c09-d59982685712 None admin] RBAC: Authorization granted {{(pid=81774) enforce_call /opt/stack/keystone/keystone/common/rbac_enforcer/enforcer.py:505}}
Apr 10 14:14:53 ubuntu devstack@keystone.service[81774]: [pid: 81774|app: 0|req: 12/22] 10.201.5.82 () {58 vars in 1398 bytes} [Fri Apr 10 14:14:52 2026] PUT /identity/v3/domains/default/users/569dbce3124f4e30afda7e9a4bc3b530/roles/629e5055b95340159fe72c0b7fbb608b => generated 0 bytes in 228 msecs (HTTP/1.1 204) 3 headers in 132 bytes (0 switches on core 0)
Apr 10 14:14:54 ubuntu devstack@keystone.service[81775]: DEBUG keystone.server.flask.request_processing.req_logging [None req-fc433e1d-c756-4641-9195-a0a08db5567e None None] REQUEST_METHOD: `GET` {{(pid=81775) log_request_info /opt/stack/keystone/keystone/server/flask/request_processing/req_logging.py:26}}
Apr 10 14:14:54 ubuntu devstack@keystone.service[81775]: DEBUG keystone.server.flask.request_processing.req_logging [None req-fc433e1d-c756-4641-9195-a0a08db5567e None None] SCRIPT_NAME: `/identity` {{(pid=81775) log_request_info /opt/stack/keystone/keystone/server/flask/request_processing/req_logging.py:27}}
Apr 10 14:14:54 ubuntu devstack@keystone.service[81775]: DEBUG keystone.server.flask.request_processing.req_logging [None req-fc433e1d-c756-4641-9195-a0a08db5567e None None] PATH_INFO: `/` {{(pid=81775) log_request_info /opt/stack/keystone/keystone/server/flask/request_processing/req_logging.py:28}}
Apr 10 14:14:54 ubuntu devstack@keystone.service[81775]: [pid: 81775|app: 0|req: 11/23] 10.201.5.82 () {54 vars in 920 bytes} [Fri Apr 10 14:14:54 2026] GET /identity => generated 270 bytes in 2 msecs (HTTP/1.1 300) 6 headers in 234 bytes (1 switches on core 0)
Apr 10 14:14:54 ubuntu devstack@keystone.service[81774]: DEBUG keystone.server.flask.request_processing.req_logging [None req-cccc5273-0e78-43ea-a60a-5fd519bf320f None None] REQUEST_METHOD: `POST` {{(pid=81774) log_request_info /opt/stack/keystone/keystone/server/flask/request_processing/req_logging.py:26}}
Apr 10 14:14:54 ubuntu devstack@keystone.service[81774]: DEBUG keystone.server.flask.request_processing.req_logging [None req-cccc5273-0e78-43ea-a60a-5fd519bf320f None None] SCRIPT_NAME: `/identity` {{(pid=81774) log_request_info /opt/stack/keystone/keystone/server/flask/request_processing/req_logging.py:27}}
Apr 10 14:14:54 ubuntu devstack@keystone.service[81774]: DEBUG keystone.server.flask.request_processing.req_logging [None req-cccc5273-0e78-43ea-a60a-5fd519bf320f None None] PATH_INFO: `/v3/auth/tokens` {{(pid=81774) log_request_info /opt/stack/keystone/keystone/server/flask/request_processing/req_logging.py:28}}
Apr 10 14:14:54 ubuntu devstack@keystone.service[81775]: DEBUG keystone.server.flask.request_processing.req_logging [None req-6a3a57c4-a220-4f4e-aa52-5c8144b3da23 None None] REQUEST_METHOD: `GET` {{(pid=81775) log_request_info /opt/stack/keystone/keystone/server/flask/request_processing/req_logging.py:26}}
Apr 10 14:14:54 ubuntu devstack@keystone.service[81775]: DEBUG keystone.server.flask.request_processing.req_logging [None req-6a3a57c4-a220-4f4e-aa52-5c8144b3da23 None None] SCRIPT_NAME: `/identity` {{(pid=81775) log_request_info /opt/stack/keystone/keystone/server/flask/request_processing/req_logging.py:27}}
Apr 10 14:14:54 ubuntu devstack@keystone.service[81775]: DEBUG keystone.server.flask.request_processing.req_logging [None req-6a3a57c4-a220-4f4e-aa52-5c8144b3da23 None None] PATH_INFO: `/` {{(pid=81775) log_request_info /opt/stack/keystone/keystone/server/flask/request_processing/req_logging.py:28}}
Apr 10 14:14:54 ubuntu devstack@keystone.service[81775]: [pid: 81775|app: 0|req: 12/24] 10.201.5.82 () {54 vars in 920 bytes} [Fri Apr 10 14:14:54 2026] GET /identity => generated 270 bytes in 1 msecs (HTTP/1.1 300) 6 headers in 234 bytes (1 switches on core 0)
Apr 10 14:14:54 ubuntu devstack@keystone.service[81774]: WARNING keystone.common.password_hashing [None req-cccc5273-0e78-43ea-a60a-5fd519bf320f None None] Truncating password to algorithm specific maximum length 72 characters.
Apr 10 14:14:54 ubuntu devstack@keystone.service[81775]: DEBUG keystone.server.flask.request_processing.req_logging [None req-f1ead882-f472-44da-886b-5f409064c19e None None] REQUEST_METHOD: `POST` {{(pid=81775) log_request_info /opt/stack/keystone/keystone/server/flask/request_processing/req_logging.py:26}}
Apr 10 14:14:54 ubuntu devstack@keystone.service[81775]: DEBUG keystone.server.flask.request_processing.req_logging [None req-f1ead882-f472-44da-886b-5f409064c19e None None] SCRIPT_NAME: `/identity` {{(pid=81775) log_request_info /opt/stack/keystone/keystone/server/flask/request_processing/req_logging.py:27}}
Apr 10 14:14:54 ubuntu devstack@keystone.service[81775]: DEBUG keystone.server.flask.request_processing.req_logging [None req-f1ead882-f472-44da-886b-5f409064c19e None None] PATH_INFO: `/v3/auth/tokens` {{(pid=81775) log_request_info /opt/stack/keystone/keystone/server/flask/request_processing/req_logging.py:28}}
Apr 10 14:14:54 ubuntu devstack@keystone.service[81774]: DEBUG keystone.auth.core [None req-cccc5273-0e78-43ea-a60a-5fd519bf320f None None] MFA Rules not processed for user `569dbce3124f4e30afda7e9a4bc3b530`. Rule list: `[]` (Enabled: `True`). {{(pid=81774) check_auth_methods_against_rules /opt/stack/keystone/keystone/auth/core.py:476}}
Apr 10 14:14:54 ubuntu devstack@keystone.service[81774]: DEBUG keystone.common.fernet_utils [None req-cccc5273-0e78-43ea-a60a-5fd519bf320f None None] Loaded 2 Fernet keys from /etc/keystone/fernet-keys/, but `[fernet_tokens] max_active_keys = 3`; perhaps there have not been enough key rotations to reach `max_active_keys` yet? {{(pid=81774) load_keys /opt/stack/keystone/keystone/common/fernet_utils.py:297}}
Apr 10 14:14:54 ubuntu devstack@keystone.service[81775]: WARNING keystone.common.password_hashing [None req-f1ead882-f472-44da-886b-5f409064c19e None None] Truncating password to algorithm specific maximum length 72 characters.
Apr 10 14:14:54 ubuntu devstack@keystone.service[81775]: DEBUG keystone.auth.core [None req-f1ead882-f472-44da-886b-5f409064c19e None None] MFA Rules not processed for user `569dbce3124f4e30afda7e9a4bc3b530`. Rule list: `[]` (Enabled: `True`). {{(pid=81775) check_auth_methods_against_rules /opt/stack/keystone/keystone/auth/core.py:476}}
Apr 10 14:14:54 ubuntu devstack@keystone.service[81775]: DEBUG keystone.common.fernet_utils [None req-f1ead882-f472-44da-886b-5f409064c19e None None] Loaded 2 Fernet keys from /etc/keystone/fernet-keys/, but `[fernet_tokens] max_active_keys = 3`; perhaps there have not been enough key rotations to reach `max_active_keys` yet? {{(pid=81775) load_keys /opt/stack/keystone/keystone/common/fernet_utils.py:297}}
Apr 10 14:14:54 ubuntu devstack@keystone.service[81774]: [pid: 81774|app: 0|req: 13/25] 10.201.5.82 () {58 vars in 1017 bytes} [Fri Apr 10 14:14:54 2026] POST /identity/v3/auth/tokens => generated 862 bytes in 68 msecs (HTTP/1.1 201) 6 headers in 363 bytes (1 switches on core 0)
Apr 10 14:14:54 ubuntu devstack@keystone.service[81775]: [pid: 81775|app: 0|req: 13/26] 10.201.5.82 () {58 vars in 1017 bytes} [Fri Apr 10 14:14:54 2026] POST /identity/v3/auth/tokens => generated 862 bytes in 67 msecs (HTTP/1.1 201) 6 headers in 363 bytes (1 switches on core 0)
Apr 10 14:14:54 ubuntu devstack@keystone.service[81774]: DEBUG keystone.server.flask.request_processing.req_logging [None req-94cc647d-d8bb-427a-aaf3-67fce6d9a196 None None] REQUEST_METHOD: `GET` {{(pid=81774) log_request_info /opt/stack/keystone/keystone/server/flask/request_processing/req_logging.py:26}}
Apr 10 14:14:54 ubuntu devstack@keystone.service[81774]: DEBUG keystone.server.flask.request_processing.req_logging [None req-94cc647d-d8bb-427a-aaf3-67fce6d9a196 None None] SCRIPT_NAME: `/identity` {{(pid=81774) log_request_info /opt/stack/keystone/keystone/server/flask/request_processing/req_logging.py:27}}
Apr 10 14:14:54 ubuntu devstack@keystone.service[81774]: DEBUG keystone.server.flask.request_processing.req_logging [None req-94cc647d-d8bb-427a-aaf3-67fce6d9a196 None None] PATH_INFO: `/` {{(pid=81774) log_request_info /opt/stack/keystone/keystone/server/flask/request_processing/req_logging.py:28}}
Apr 10 14:14:54 ubuntu devstack@keystone.service[81774]: [pid: 81774|app: 0|req: 14/27] 10.201.5.82 () {54 vars in 920 bytes} [Fri Apr 10 14:14:54 2026] GET /identity => generated 270 bytes in 2 msecs (HTTP/1.1 300) 6 headers in 234 bytes (1 switches on core 0)
Apr 10 14:14:54 ubuntu devstack@keystone.service[81775]: DEBUG keystone.server.flask.request_processing.req_logging [None req-660b518d-20a8-4954-8ca4-c158a58ac07c None None] REQUEST_METHOD: `POST` {{(pid=81775) log_request_info /opt/stack/keystone/keystone/server/flask/request_processing/req_logging.py:26}}
Apr 10 14:14:54 ubuntu devstack@keystone.service[81775]: DEBUG keystone.server.flask.request_processing.req_logging [None req-660b518d-20a8-4954-8ca4-c158a58ac07c None None] SCRIPT_NAME: `/identity` {{(pid=81775) log_request_info /opt/stack/keystone/keystone/server/flask/request_processing/req_logging.py:27}}
Apr 10 14:14:54 ubuntu devstack@keystone.service[81775]: DEBUG keystone.server.flask.request_processing.req_logging [None req-660b518d-20a8-4954-8ca4-c158a58ac07c None None] PATH_INFO: `/v3/auth/tokens` {{(pid=81775) log_request_info /opt/stack/keystone/keystone/server/flask/request_processing/req_logging.py:28}}
Apr 10 14:14:54 ubuntu devstack@keystone.service[81775]: WARNING keystone.common.password_hashing [None req-660b518d-20a8-4954-8ca4-c158a58ac07c None None] Truncating password to algorithm specific maximum length 72 characters.
Apr 10 14:14:54 ubuntu devstack@keystone.service[81775]: DEBUG keystone.auth.core [None req-660b518d-20a8-4954-8ca4-c158a58ac07c None None] MFA Rules not processed for user `569dbce3124f4e30afda7e9a4bc3b530`. Rule list: `[]` (Enabled: `True`). {{(pid=81775) check_auth_methods_against_rules /opt/stack/keystone/keystone/auth/core.py:476}}
Apr 10 14:14:54 ubuntu devstack@keystone.service[81775]: DEBUG keystone.common.fernet_utils [None req-660b518d-20a8-4954-8ca4-c158a58ac07c None None] Loaded 2 Fernet keys from /etc/keystone/fernet-keys/, but `[fernet_tokens] max_active_keys = 3`; perhaps there have not been enough key rotations to reach `max_active_keys` yet? {{(pid=81775) load_keys /opt/stack/keystone/keystone/common/fernet_utils.py:297}}
Apr 10 14:14:54 ubuntu devstack@keystone.service[81775]: [pid: 81775|app: 0|req: 14/28] 10.201.5.82 () {58 vars in 1017 bytes} [Fri Apr 10 14:14:54 2026] POST /identity/v3/auth/tokens => generated 862 bytes in 57 msecs (HTTP/1.1 201) 6 headers in 363 bytes (1 switches on core 0)
Apr 10 14:14:54 ubuntu devstack@keystone.service[81774]: DEBUG keystone.server.flask.request_processing.middleware.auth_context [None req-94cc647d-d8bb-427a-aaf3-67fce6d9a196 None None] Authenticating user token {{(pid=81774) process_request /opt/stack/data/venv/lib/python3.10/site-packages/keystonemiddleware/auth_token/__init__.py:407}}
Apr 10 14:14:54 ubuntu devstack@keystone.service[81775]: DEBUG keystone.server.flask.request_processing.middleware.auth_context [None req-660b518d-20a8-4954-8ca4-c158a58ac07c None None] Authenticating user token {{(pid=81775) process_request /opt/stack/data/venv/lib/python3.10/site-packages/keystonemiddleware/auth_token/__init__.py:407}}
Apr 10 14:14:54 ubuntu devstack@keystone.service[81774]: DEBUG keystone.server.flask.request_processing.middleware.auth_context [None req-94cc647d-d8bb-427a-aaf3-67fce6d9a196 None None] Validating token access rules against request {{(pid=81774) validate_allowed_request /opt/stack/data/venv/lib/python3.10/site-packages/keystonemiddleware/auth_token/__init__.py:545}}
Apr 10 14:14:54 ubuntu devstack@keystone.service[81775]: DEBUG keystone.server.flask.request_processing.middleware.auth_context [None req-660b518d-20a8-4954-8ca4-c158a58ac07c None None] Validating token access rules against request {{(pid=81775) validate_allowed_request /opt/stack/data/venv/lib/python3.10/site-packages/keystonemiddleware/auth_token/__init__.py:545}}
Apr 10 14:14:54 ubuntu devstack@keystone.service[81774]: DEBUG keystone.server.flask.request_processing.middleware.auth_context [None req-8ddb6e37-43ba-418c-b259-1c3d62fbe3c1 None admin] RBAC: auth_context: {'token': <TokenModel (audit_id=iUuY16vVSji5G9xWHPNeWg, audit_chain_id=['iUuY16vVSji5G9xWHPNeWg']) at 0x7fbf7e6d0220>, 'domain_id': None, 'trust_id': None, 'trustor_id': None, 'trustee_id': None, 'domain_name': None, 'group_ids': [], 'user_id': '569dbce3124f4e30afda7e9a4bc3b530', 'user_domain_id': 'default', 'system_scope': 'all', 'project_id': None, 'project_domain_id': None, 'roles': ['admin', 'manager', 'member', 'reader'], 'is_admin_project': True, 'service_user_id': None, 'service_user_domain_id': None, 'service_project_id': None, 'service_project_domain_id': None, 'service_roles': []} {{(pid=81774) fill_context /opt/stack/keystone/keystone/server/flask/request_processing/middleware/auth_context.py:509}}
Apr 10 14:14:54 ubuntu devstack@keystone.service[81774]: DEBUG keystone.server.flask.request_processing.req_logging [None req-8ddb6e37-43ba-418c-b259-1c3d62fbe3c1 None admin] REQUEST_METHOD: `GET` {{(pid=81774) log_request_info /opt/stack/keystone/keystone/server/flask/request_processing/req_logging.py:26}}
Apr 10 14:14:54 ubuntu devstack@keystone.service[81774]: DEBUG keystone.server.flask.request_processing.req_logging [None req-8ddb6e37-43ba-418c-b259-1c3d62fbe3c1 None admin] SCRIPT_NAME: `/identity` {{(pid=81774) log_request_info /opt/stack/keystone/keystone/server/flask/request_processing/req_logging.py:27}}
Apr 10 14:14:54 ubuntu devstack@keystone.service[81774]: DEBUG keystone.server.flask.request_processing.req_logging [None req-8ddb6e37-43ba-418c-b259-1c3d62fbe3c1 None admin] PATH_INFO: `/v3/domains/Default` {{(pid=81774) log_request_info /opt/stack/keystone/keystone/server/flask/request_processing/req_logging.py:28}}
Apr 10 14:14:54 ubuntu devstack@keystone.service[81774]: DEBUG keystone.common.rbac_enforcer.enforcer [None req-8ddb6e37-43ba-418c-b259-1c3d62fbe3c1 None admin] RBAC: Authorizing `identity:get_domain(domain_id=Default)` {{(pid=81774) enforce_call /opt/stack/keystone/keystone/common/rbac_enforcer/enforcer.py:494}}
Apr 10 14:14:54 ubuntu devstack@keystone.service[81774]: DEBUG keystone.common.rbac_enforcer.enforcer [None req-8ddb6e37-43ba-418c-b259-1c3d62fbe3c1 None admin] RBAC: Authorization granted {{(pid=81774) enforce_call /opt/stack/keystone/keystone/common/rbac_enforcer/enforcer.py:505}}
Apr 10 14:14:54 ubuntu devstack@keystone.service[81775]: DEBUG keystone.server.flask.request_processing.middleware.auth_context [None req-43653366-aaf5-49f9-b8ee-926585b72dbe None admin] RBAC: auth_context: {'token': <TokenModel (audit_id=u-0KTAvNQJqMzpu2CLyndg, audit_chain_id=['u-0KTAvNQJqMzpu2CLyndg']) at 0x7fbf7e8aa590>, 'domain_id': None, 'trust_id': None, 'trustor_id': None, 'trustee_id': None, 'domain_name': None, 'group_ids': [], 'user_id': '569dbce3124f4e30afda7e9a4bc3b530', 'user_domain_id': 'default', 'system_scope': 'all', 'project_id': None, 'project_domain_id': None, 'roles': ['admin', 'manager', 'member', 'reader'], 'is_admin_project': True, 'service_user_id': None, 'service_user_domain_id': None, 'service_project_id': None, 'service_project_domain_id': None, 'service_roles': []} {{(pid=81775) fill_context /opt/stack/keystone/keystone/server/flask/request_processing/middleware/auth_context.py:509}}
Apr 10 14:14:54 ubuntu devstack@keystone.service[81775]: DEBUG keystone.server.flask.request_processing.req_logging [None req-43653366-aaf5-49f9-b8ee-926585b72dbe None admin] REQUEST_METHOD: `GET` {{(pid=81775) log_request_info /opt/stack/keystone/keystone/server/flask/request_processing/req_logging.py:26}}
Apr 10 14:14:54 ubuntu devstack@keystone.service[81775]: DEBUG keystone.server.flask.request_processing.req_logging [None req-43653366-aaf5-49f9-b8ee-926585b72dbe None admin] SCRIPT_NAME: `/identity` {{(pid=81775) log_request_info /opt/stack/keystone/keystone/server/flask/request_processing/req_logging.py:27}}
Apr 10 14:14:54 ubuntu devstack@keystone.service[81775]: DEBUG keystone.server.flask.request_processing.req_logging [None req-43653366-aaf5-49f9-b8ee-926585b72dbe None admin] PATH_INFO: `/v3/roles/admin` {{(pid=81775) log_request_info /opt/stack/keystone/keystone/server/flask/request_processing/req_logging.py:28}}
Apr 10 14:14:54 ubuntu devstack@keystone.service[81774]: DEBUG keystone.server.flask.application [None req-8ddb6e37-43ba-418c-b259-1c3d62fbe3c1 None admin] Could not find domain: Default. {{(pid=81774) _handle_keystone_exception /opt/stack/keystone/keystone/server/flask/application.py:146}}
Apr 10 14:14:54 ubuntu devstack@keystone.service[81774]: [pid: 81774|app: 0|req: 15/29] 10.201.5.82 () {56 vars in 1145 bytes} [Fri Apr 10 14:14:54 2026] GET /identity/v3/domains/Default => generated 87 bytes in 132 msecs (HTTP/1.1 404) 5 headers in 183 bytes (1 switches on core 0)
Apr 10 14:14:54 ubuntu devstack@keystone.service[81774]: DEBUG keystone.server.flask.request_processing.middleware.auth_context [None req-8ddb6e37-43ba-418c-b259-1c3d62fbe3c1 None admin] Authenticating user token {{(pid=81774) process_request /opt/stack/data/venv/lib/python3.10/site-packages/keystonemiddleware/auth_token/__init__.py:407}}
Apr 10 14:14:54 ubuntu devstack@keystone.service[81775]: DEBUG keystone.common.rbac_enforcer.enforcer [None req-43653366-aaf5-49f9-b8ee-926585b72dbe None admin] Extracting inferred target data resulted in "NOT FOUND (404)". {{(pid=81775) enforce_call /opt/stack/keystone/keystone/common/rbac_enforcer/enforcer.py:445}}
Apr 10 14:14:54 ubuntu devstack@keystone.service[81775]: DEBUG keystone.server.flask.application [None req-43653366-aaf5-49f9-b8ee-926585b72dbe None admin] Could not find role: admin. {{(pid=81775) _handle_keystone_exception /opt/stack/keystone/keystone/server/flask/application.py:146}}
Apr 10 14:14:54 ubuntu devstack@keystone.service[81775]: [pid: 81775|app: 0|req: 15/30] 10.201.5.82 () {56 vars in 1133 bytes} [Fri Apr 10 14:14:54 2026] GET /identity/v3/roles/admin => generated 83 bytes in 119 msecs (HTTP/1.1 404) 5 headers in 183 bytes (1 switches on core 0)
Apr 10 14:14:54 ubuntu devstack@keystone.service[81775]: DEBUG keystone.server.flask.request_processing.middleware.auth_context [None req-43653366-aaf5-49f9-b8ee-926585b72dbe None admin] Authenticating user token {{(pid=81775) process_request /opt/stack/data/venv/lib/python3.10/site-packages/keystonemiddleware/auth_token/__init__.py:407}}
Apr 10 14:14:54 ubuntu devstack@keystone.service[81774]: DEBUG keystone.server.flask.request_processing.middleware.auth_context [None req-8ddb6e37-43ba-418c-b259-1c3d62fbe3c1 None admin] Validating token access rules against request {{(pid=81774) validate_allowed_request /opt/stack/data/venv/lib/python3.10/site-packages/keystonemiddleware/auth_token/__init__.py:545}}
Apr 10 14:14:54 ubuntu devstack@keystone.service[81775]: DEBUG keystone.server.flask.request_processing.middleware.auth_context [None req-43653366-aaf5-49f9-b8ee-926585b72dbe None admin] Validating token access rules against request {{(pid=81775) validate_allowed_request /opt/stack/data/venv/lib/python3.10/site-packages/keystonemiddleware/auth_token/__init__.py:545}}
Apr 10 14:14:54 ubuntu devstack@keystone.service[81774]: DEBUG keystone.server.flask.request_processing.middleware.auth_context [None req-600f429c-29a1-44ee-bf15-c3d1795ffb8a None admin] RBAC: auth_context: {'token': <TokenModel (audit_id=iUuY16vVSji5G9xWHPNeWg, audit_chain_id=['iUuY16vVSji5G9xWHPNeWg']) at 0x7fbf7e6d2f80>, 'domain_id': None, 'trust_id': None, 'trustor_id': None, 'trustee_id': None, 'domain_name': None, 'group_ids': [], 'user_id': '569dbce3124f4e30afda7e9a4bc3b530', 'user_domain_id': 'default', 'system_scope': 'all', 'project_id': None, 'project_domain_id': None, 'roles': ['admin', 'manager', 'member', 'reader'], 'is_admin_project': True, 'service_user_id': None, 'service_user_domain_id': None, 'service_project_id': None, 'service_project_domain_id': None, 'service_roles': []} {{(pid=81774) fill_context /opt/stack/keystone/keystone/server/flask/request_processing/middleware/auth_context.py:509}}
Apr 10 14:14:54 ubuntu devstack@keystone.service[81774]: DEBUG keystone.server.flask.request_processing.req_logging [None req-600f429c-29a1-44ee-bf15-c3d1795ffb8a None admin] REQUEST_METHOD: `GET` {{(pid=81774) log_request_info /opt/stack/keystone/keystone/server/flask/request_processing/req_logging.py:26}}
Apr 10 14:14:54 ubuntu devstack@keystone.service[81774]: DEBUG keystone.server.flask.request_processing.req_logging [None req-600f429c-29a1-44ee-bf15-c3d1795ffb8a None admin] SCRIPT_NAME: `/identity` {{(pid=81774) log_request_info /opt/stack/keystone/keystone/server/flask/request_processing/req_logging.py:27}}
Apr 10 14:14:54 ubuntu devstack@keystone.service[81774]: DEBUG keystone.server.flask.request_processing.req_logging [None req-600f429c-29a1-44ee-bf15-c3d1795ffb8a None admin] PATH_INFO: `/v3/domains` {{(pid=81774) log_request_info /opt/stack/keystone/keystone/server/flask/request_processing/req_logging.py:28}}
Apr 10 14:14:54 ubuntu devstack@keystone.service[81774]: DEBUG keystone.common.rbac_enforcer.enforcer [None req-600f429c-29a1-44ee-bf15-c3d1795ffb8a None admin] RBAC: Adding query filter params (name=Default) {{(pid=81774) _extract_filter_values /opt/stack/keystone/keystone/common/rbac_enforcer/enforcer.py:176}}
Apr 10 14:14:54 ubuntu devstack@keystone.service[81774]: DEBUG keystone.common.rbac_enforcer.enforcer [None req-600f429c-29a1-44ee-bf15-c3d1795ffb8a None admin] RBAC: Authorizing `identity:list_domains()` {{(pid=81774) enforce_call /opt/stack/keystone/keystone/common/rbac_enforcer/enforcer.py:494}}
Apr 10 14:14:54 ubuntu devstack@keystone.service[81774]: DEBUG keystone.common.rbac_enforcer.enforcer [None req-600f429c-29a1-44ee-bf15-c3d1795ffb8a None admin] RBAC: Authorization granted {{(pid=81774) enforce_call /opt/stack/keystone/keystone/common/rbac_enforcer/enforcer.py:505}}
Apr 10 14:14:54 ubuntu devstack@keystone.service[81775]: DEBUG keystone.server.flask.request_processing.middleware.auth_context [None req-1df0217f-bc42-4c91-8898-8335a5dc1955 None admin] RBAC: auth_context: {'token': <TokenModel (audit_id=u-0KTAvNQJqMzpu2CLyndg, audit_chain_id=['u-0KTAvNQJqMzpu2CLyndg']) at 0x7fbf7f794d00>, 'domain_id': None, 'trust_id': None, 'trustor_id': None, 'trustee_id': None, 'domain_name': None, 'group_ids': [], 'user_id': '569dbce3124f4e30afda7e9a4bc3b530', 'user_domain_id': 'default', 'system_scope': 'all', 'project_id': None, 'project_domain_id': None, 'roles': ['admin', 'manager', 'member', 'reader'], 'is_admin_project': True, 'service_user_id': None, 'service_user_domain_id': None, 'service_project_id': None, 'service_project_domain_id': None, 'service_roles': []} {{(pid=81775) fill_context /opt/stack/keystone/keystone/server/flask/request_processing/middleware/auth_context.py:509}}
Apr 10 14:14:54 ubuntu devstack@keystone.service[81775]: DEBUG keystone.server.flask.request_processing.req_logging [None req-1df0217f-bc42-4c91-8898-8335a5dc1955 None admin] REQUEST_METHOD: `GET` {{(pid=81775) log_request_info /opt/stack/keystone/keystone/server/flask/request_processing/req_logging.py:26}}
Apr 10 14:14:54 ubuntu devstack@keystone.service[81775]: DEBUG keystone.server.flask.request_processing.req_logging [None req-1df0217f-bc42-4c91-8898-8335a5dc1955 None admin] SCRIPT_NAME: `/identity` {{(pid=81775) log_request_info /opt/stack/keystone/keystone/server/flask/request_processing/req_logging.py:27}}
Apr 10 14:14:54 ubuntu devstack@keystone.service[81775]: DEBUG keystone.server.flask.request_processing.req_logging [None req-1df0217f-bc42-4c91-8898-8335a5dc1955 None admin] PATH_INFO: `/v3/roles` {{(pid=81775) log_request_info /opt/stack/keystone/keystone/server/flask/request_processing/req_logging.py:28}}
Apr 10 14:14:54 ubuntu devstack@keystone.service[81775]: DEBUG keystone.common.rbac_enforcer.enforcer [None req-1df0217f-bc42-4c91-8898-8335a5dc1955 None admin] RBAC: Adding query filter params (name=admin) {{(pid=81775) _extract_filter_values /opt/stack/keystone/keystone/common/rbac_enforcer/enforcer.py:176}}
Apr 10 14:14:54 ubuntu devstack@keystone.service[81775]: DEBUG keystone.common.rbac_enforcer.enforcer [None req-1df0217f-bc42-4c91-8898-8335a5dc1955 None admin] RBAC: Authorizing `identity:list_roles()` {{(pid=81775) enforce_call /opt/stack/keystone/keystone/common/rbac_enforcer/enforcer.py:494}}
Apr 10 14:14:54 ubuntu devstack@keystone.service[81775]: DEBUG keystone.common.rbac_enforcer.enforcer [None req-1df0217f-bc42-4c91-8898-8335a5dc1955 None admin] RBAC: Authorization granted {{(pid=81775) enforce_call /opt/stack/keystone/keystone/common/rbac_enforcer/enforcer.py:505}}
Apr 10 14:14:54 ubuntu devstack@keystone.service[81775]: [pid: 81775|app: 0|req: 16/31] 10.201.5.82 () {56 vars in 1149 bytes} [Fri Apr 10 14:14:54 2026] GET /identity/v3/roles?name=admin => generated 339 bytes in 110 msecs (HTTP/1.1 200) 5 headers in 177 bytes (1 switches on core 0)
Apr 10 14:14:54 ubuntu devstack@keystone.service[81775]: DEBUG keystone.server.flask.request_processing.middleware.auth_context [None req-1df0217f-bc42-4c91-8898-8335a5dc1955 None admin] Authenticating user token {{(pid=81775) process_request /opt/stack/data/venv/lib/python3.10/site-packages/keystonemiddleware/auth_token/__init__.py:407}}
Apr 10 14:14:54 ubuntu devstack@keystone.service[81774]: [pid: 81774|app: 0|req: 16/32] 10.201.5.82 () {56 vars in 1159 bytes} [Fri Apr 10 14:14:54 2026] GET /identity/v3/domains?name=Default => generated 308 bytes in 124 msecs (HTTP/1.1 200) 5 headers in 177 bytes (1 switches on core 0)
Apr 10 14:14:54 ubuntu devstack@keystone.service[81774]: DEBUG keystone.server.flask.request_processing.req_logging [None req-0b55d5aa-4138-4ff4-a296-069e90285a18 None None] REQUEST_METHOD: `GET` {{(pid=81774) log_request_info /opt/stack/keystone/keystone/server/flask/request_processing/req_logging.py:26}}
Apr 10 14:14:54 ubuntu devstack@keystone.service[81774]: DEBUG keystone.server.flask.request_processing.req_logging [None req-0b55d5aa-4138-4ff4-a296-069e90285a18 None None] SCRIPT_NAME: `/identity` {{(pid=81774) log_request_info /opt/stack/keystone/keystone/server/flask/request_processing/req_logging.py:27}}
Apr 10 14:14:54 ubuntu devstack@keystone.service[81774]: DEBUG keystone.server.flask.request_processing.req_logging [None req-0b55d5aa-4138-4ff4-a296-069e90285a18 None None] PATH_INFO: `/` {{(pid=81774) log_request_info /opt/stack/keystone/keystone/server/flask/request_processing/req_logging.py:28}}
Apr 10 14:14:54 ubuntu devstack@keystone.service[81774]: [pid: 81774|app: 0|req: 17/33] 10.201.5.82 () {54 vars in 920 bytes} [Fri Apr 10 14:14:54 2026] GET /identity => generated 270 bytes in 1 msecs (HTTP/1.1 300) 6 headers in 234 bytes (1 switches on core 0)
Apr 10 14:14:54 ubuntu devstack@keystone.service[81774]: DEBUG keystone.server.flask.request_processing.middleware.auth_context [None req-0b55d5aa-4138-4ff4-a296-069e90285a18 None None] Authenticating user token {{(pid=81774) process_request /opt/stack/data/venv/lib/python3.10/site-packages/keystonemiddleware/auth_token/__init__.py:407}}
Apr 10 14:14:54 ubuntu devstack@keystone.service[81774]: DEBUG keystone.server.flask.request_processing.middleware.auth_context [None req-0b55d5aa-4138-4ff4-a296-069e90285a18 None None] Validating token access rules against request {{(pid=81774) validate_allowed_request /opt/stack/data/venv/lib/python3.10/site-packages/keystonemiddleware/auth_token/__init__.py:545}}
Apr 10 14:14:54 ubuntu devstack@keystone.service[81775]: DEBUG keystone.server.flask.request_processing.middleware.auth_context [None req-1df0217f-bc42-4c91-8898-8335a5dc1955 None admin] Validating token access rules against request {{(pid=81775) validate_allowed_request /opt/stack/data/venv/lib/python3.10/site-packages/keystonemiddleware/auth_token/__init__.py:545}}
Apr 10 14:14:54 ubuntu devstack@keystone.service[81774]: DEBUG keystone.server.flask.request_processing.middleware.auth_context [None req-99235bba-9248-4014-9fff-07ed15ea85ed None admin] RBAC: auth_context: {'token': <TokenModel (audit_id=u-0KTAvNQJqMzpu2CLyndg, audit_chain_id=['u-0KTAvNQJqMzpu2CLyndg']) at 0x7fbf7e6d3280>, 'domain_id': None, 'trust_id': None, 'trustor_id': None, 'trustee_id': None, 'domain_name': None, 'group_ids': [], 'user_id': '569dbce3124f4e30afda7e9a4bc3b530', 'user_domain_id': 'default', 'system_scope': 'all', 'project_id': None, 'project_domain_id': None, 'roles': ['admin', 'manager', 'member', 'reader'], 'is_admin_project': True, 'service_user_id': None, 'service_user_domain_id': None, 'service_project_id': None, 'service_project_domain_id': None, 'service_roles': []} {{(pid=81774) fill_context /opt/stack/keystone/keystone/server/flask/request_processing/middleware/auth_context.py:509}}
Apr 10 14:14:54 ubuntu devstack@keystone.service[81774]: DEBUG keystone.server.flask.request_processing.req_logging [None req-99235bba-9248-4014-9fff-07ed15ea85ed None admin] REQUEST_METHOD: `GET` {{(pid=81774) log_request_info /opt/stack/keystone/keystone/server/flask/request_processing/req_logging.py:26}}
Apr 10 14:14:54 ubuntu devstack@keystone.service[81774]: DEBUG keystone.server.flask.request_processing.req_logging [None req-99235bba-9248-4014-9fff-07ed15ea85ed None admin] SCRIPT_NAME: `/identity` {{(pid=81774) log_request_info /opt/stack/keystone/keystone/server/flask/request_processing/req_logging.py:27}}
Apr 10 14:14:54 ubuntu devstack@keystone.service[81774]: DEBUG keystone.server.flask.request_processing.req_logging [None req-99235bba-9248-4014-9fff-07ed15ea85ed None admin] PATH_INFO: `/v3/users/569dbce3124f4e30afda7e9a4bc3b530` {{(pid=81774) log_request_info /opt/stack/keystone/keystone/server/flask/request_processing/req_logging.py:28}}
Apr 10 14:14:54 ubuntu devstack@keystone.service[81774]: DEBUG keystone.common.rbac_enforcer.enforcer [None req-99235bba-9248-4014-9fff-07ed15ea85ed None admin] RBAC: Authorizing `identity:get_user(user_id=569dbce3124f4e30afda7e9a4bc3b530)` {{(pid=81774) enforce_call /opt/stack/keystone/keystone/common/rbac_enforcer/enforcer.py:494}}
Apr 10 14:14:54 ubuntu devstack@keystone.service[81774]: DEBUG keystone.common.rbac_enforcer.enforcer [None req-99235bba-9248-4014-9fff-07ed15ea85ed None admin] RBAC: Authorization granted {{(pid=81774) enforce_call /opt/stack/keystone/keystone/common/rbac_enforcer/enforcer.py:505}}
Apr 10 14:14:54 ubuntu devstack@keystone.service[81774]: [pid: 81774|app: 0|req: 18/34] 10.201.5.82 () {56 vars in 1214 bytes} [Fri Apr 10 14:14:54 2026] GET /identity/v3/users/569dbce3124f4e30afda7e9a4bc3b530 => generated 247 bytes in 60 msecs (HTTP/1.1 200) 5 headers in 177 bytes (1 switches on core 0)
Apr 10 14:14:54 ubuntu devstack@keystone.service[81775]: DEBUG keystone.server.flask.request_processing.middleware.auth_context [None req-dcd9a2d5-31e0-401f-a91f-84f025077772 None admin] RBAC: auth_context: {'token': <TokenModel (audit_id=z9SXvHJmQ0SvPBpe3TFVng, audit_chain_id=['z9SXvHJmQ0SvPBpe3TFVng']) at 0x7fbf7e8f3a60>, 'domain_id': None, 'trust_id': None, 'trustor_id': None, 'trustee_id': None, 'domain_name': None, 'group_ids': [], 'user_id': '569dbce3124f4e30afda7e9a4bc3b530', 'user_domain_id': 'default', 'system_scope': 'all', 'project_id': None, 'project_domain_id': None, 'roles': ['admin', 'manager', 'member', 'reader'], 'is_admin_project': True, 'service_user_id': None, 'service_user_domain_id': None, 'service_project_id': None, 'service_project_domain_id': None, 'service_roles': []} {{(pid=81775) fill_context /opt/stack/keystone/keystone/server/flask/request_processing/middleware/auth_context.py:509}}
Apr 10 14:14:54 ubuntu devstack@keystone.service[81774]: DEBUG keystone.server.flask.request_processing.middleware.auth_context [None req-99235bba-9248-4014-9fff-07ed15ea85ed None admin] Authenticating user token {{(pid=81774) process_request /opt/stack/data/venv/lib/python3.10/site-packages/keystonemiddleware/auth_token/__init__.py:407}}
Apr 10 14:14:54 ubuntu devstack@keystone.service[81775]: DEBUG keystone.server.flask.request_processing.req_logging [None req-dcd9a2d5-31e0-401f-a91f-84f025077772 None admin] REQUEST_METHOD: `POST` {{(pid=81775) log_request_info /opt/stack/keystone/keystone/server/flask/request_processing/req_logging.py:26}}
Apr 10 14:14:54 ubuntu devstack@keystone.service[81775]: DEBUG keystone.server.flask.request_processing.req_logging [None req-dcd9a2d5-31e0-401f-a91f-84f025077772 None admin] SCRIPT_NAME: `/identity` {{(pid=81775) log_request_info /opt/stack/keystone/keystone/server/flask/request_processing/req_logging.py:27}}
Apr 10 14:14:54 ubuntu devstack@keystone.service[81775]: DEBUG keystone.server.flask.request_processing.req_logging [None req-dcd9a2d5-31e0-401f-a91f-84f025077772 None admin] PATH_INFO: `/v3/roles` {{(pid=81775) log_request_info /opt/stack/keystone/keystone/server/flask/request_processing/req_logging.py:28}}
Apr 10 14:14:54 ubuntu devstack@keystone.service[81775]: DEBUG keystone.common.rbac_enforcer.enforcer [None req-dcd9a2d5-31e0-401f-a91f-84f025077772 None admin] RBAC: Authorizing `identity:create_role()` {{(pid=81775) enforce_call /opt/stack/keystone/keystone/common/rbac_enforcer/enforcer.py:494}}
Apr 10 14:14:54 ubuntu devstack@keystone.service[81775]: DEBUG keystone.common.rbac_enforcer.enforcer [None req-dcd9a2d5-31e0-401f-a91f-84f025077772 None admin] RBAC: Authorization granted {{(pid=81775) enforce_call /opt/stack/keystone/keystone/common/rbac_enforcer/enforcer.py:505}}
Apr 10 14:14:54 ubuntu devstack@keystone.service[81775]: DEBUG keystone.common.sql.core [None req-dcd9a2d5-31e0-401f-a91f-84f025077772 None admin] Conflict role: (pymysql.err.IntegrityError) (1062, "Duplicate entry 'service-<<null>>' for key 'role.ixu_role_name_domain_id'")
Apr 10 14:14:54 ubuntu devstack@keystone.service[81775]: [SQL: INSERT INTO `role` (id, name, description, extra) VALUES (%(id)s, %(name)s, %(description)s, %(extra)s)]
Apr 10 14:14:54 ubuntu devstack@keystone.service[81775]: [parameters: {'id': '7629a0558e544c1faf15fa460a296202', 'name': 'service', 'description': None, 'extra': '{}'}]
Apr 10 14:14:54 ubuntu devstack@keystone.service[81775]: (Background on this error at: https://sqlalche.me/e/20/gkpj) {{(pid=81775) wrapper /opt/stack/keystone/keystone/common/sql/core.py:580}}
Apr 10 14:14:54 ubuntu devstack@keystone.service[81774]: DEBUG keystone.server.flask.request_processing.middleware.auth_context [None req-99235bba-9248-4014-9fff-07ed15ea85ed None admin] Validating token access rules against request {{(pid=81774) validate_allowed_request /opt/stack/data/venv/lib/python3.10/site-packages/keystonemiddleware/auth_token/__init__.py:545}}
Apr 10 14:14:54 ubuntu devstack@keystone.service[81774]: DEBUG keystone.server.flask.request_processing.middleware.auth_context [None req-f4e1e37b-6450-42c0-9d85-aebdeaabdd86 None admin] RBAC: auth_context: {'token': <TokenModel (audit_id=iUuY16vVSji5G9xWHPNeWg, audit_chain_id=['iUuY16vVSji5G9xWHPNeWg']) at 0x7fbf7e6d2aa0>, 'domain_id': None, 'trust_id': None, 'trustor_id': None, 'trustee_id': None, 'domain_name': None, 'group_ids': [], 'user_id': '569dbce3124f4e30afda7e9a4bc3b530', 'user_domain_id': 'default', 'system_scope': 'all', 'project_id': None, 'project_domain_id': None, 'roles': ['admin', 'manager', 'member', 'reader'], 'is_admin_project': True, 'service_user_id': None, 'service_user_domain_id': None, 'service_project_id': None, 'service_project_domain_id': None, 'service_roles': []} {{(pid=81774) fill_context /opt/stack/keystone/keystone/server/flask/request_processing/middleware/auth_context.py:509}}
Apr 10 14:14:54 ubuntu devstack@keystone.service[81774]: DEBUG keystone.server.flask.request_processing.req_logging [None req-f4e1e37b-6450-42c0-9d85-aebdeaabdd86 None admin] REQUEST_METHOD: `POST` {{(pid=81774) log_request_info /opt/stack/keystone/keystone/server/flask/request_processing/req_logging.py:26}}
Apr 10 14:14:54 ubuntu devstack@keystone.service[81774]: DEBUG keystone.server.flask.request_processing.req_logging [None req-f4e1e37b-6450-42c0-9d85-aebdeaabdd86 None admin] SCRIPT_NAME: `/identity` {{(pid=81774) log_request_info /opt/stack/keystone/keystone/server/flask/request_processing/req_logging.py:27}}
Apr 10 14:14:54 ubuntu devstack@keystone.service[81774]: DEBUG keystone.server.flask.request_processing.req_logging [None req-f4e1e37b-6450-42c0-9d85-aebdeaabdd86 None admin] PATH_INFO: `/v3/projects` {{(pid=81774) log_request_info /opt/stack/keystone/keystone/server/flask/request_processing/req_logging.py:28}}
Apr 10 14:14:54 ubuntu devstack@keystone.service[81774]: DEBUG keystone.common.rbac_enforcer.enforcer [None req-f4e1e37b-6450-42c0-9d85-aebdeaabdd86 None admin] RBAC: Authorizing `identity:create_project()` {{(pid=81774) enforce_call /opt/stack/keystone/keystone/common/rbac_enforcer/enforcer.py:494}}
Apr 10 14:14:54 ubuntu devstack@keystone.service[81774]: DEBUG keystone.common.rbac_enforcer.enforcer [None req-f4e1e37b-6450-42c0-9d85-aebdeaabdd86 None admin] RBAC: Authorization granted {{(pid=81774) enforce_call /opt/stack/keystone/keystone/common/rbac_enforcer/enforcer.py:505}}
Apr 10 14:14:54 ubuntu devstack@keystone.service[81774]: [pid: 81774|app: 0|req: 19/35] 10.201.5.82 () {60 vars in 1177 bytes} [Fri Apr 10 14:14:54 2026] POST /identity/v3/projects => generated 301 bytes in 72 msecs (HTTP/1.1 201) 5 headers in 182 bytes (1 switches on core 0)
Apr 10 14:14:54 ubuntu devstack@keystone.service[81774]: DEBUG keystone.server.flask.request_processing.req_logging [None req-f2b4fea7-d327-4b77-ba4e-33bbffdf22f0 None None] REQUEST_METHOD: `POST` {{(pid=81774) log_request_info /opt/stack/keystone/keystone/server/flask/request_processing/req_logging.py:26}}
Apr 10 14:14:54 ubuntu devstack@keystone.service[81774]: DEBUG keystone.server.flask.request_processing.req_logging [None req-f2b4fea7-d327-4b77-ba4e-33bbffdf22f0 None None] SCRIPT_NAME: `/identity` {{(pid=81774) log_request_info /opt/stack/keystone/keystone/server/flask/request_processing/req_logging.py:27}}
Apr 10 14:14:54 ubuntu devstack@keystone.service[81774]: DEBUG keystone.server.flask.request_processing.req_logging [None req-f2b4fea7-d327-4b77-ba4e-33bbffdf22f0 None None] PATH_INFO: `/v3/auth/tokens` {{(pid=81774) log_request_info /opt/stack/keystone/keystone/server/flask/request_processing/req_logging.py:28}}
Apr 10 14:14:54 ubuntu devstack@keystone.service[81774]: WARNING keystone.common.password_hashing [None req-f2b4fea7-d327-4b77-ba4e-33bbffdf22f0 None None] Truncating password to algorithm specific maximum length 72 characters.
Apr 10 14:14:55 ubuntu devstack@keystone.service[81774]: DEBUG keystone.auth.core [None req-f2b4fea7-d327-4b77-ba4e-33bbffdf22f0 None None] MFA Rules not processed for user `569dbce3124f4e30afda7e9a4bc3b530`. Rule list: `[]` (Enabled: `True`). {{(pid=81774) check_auth_methods_against_rules /opt/stack/keystone/keystone/auth/core.py:476}}
Apr 10 14:14:55 ubuntu devstack@keystone.service[81774]: DEBUG keystone.common.fernet_utils [None req-f2b4fea7-d327-4b77-ba4e-33bbffdf22f0 None None] Loaded 2 Fernet keys from /etc/keystone/fernet-keys/, but `[fernet_tokens] max_active_keys = 3`; perhaps there have not been enough key rotations to reach `max_active_keys` yet? {{(pid=81774) load_keys /opt/stack/keystone/keystone/common/fernet_utils.py:297}}
Apr 10 14:14:55 ubuntu devstack@keystone.service[81774]: [pid: 81774|app: 0|req: 20/36] 10.201.5.82 () {58 vars in 1017 bytes} [Fri Apr 10 14:14:54 2026] POST /identity/v3/auth/tokens => generated 862 bytes in 52 msecs (HTTP/1.1 201) 6 headers in 363 bytes (1 switches on core 0)
Apr 10 14:14:55 ubuntu devstack@keystone.service[81774]: DEBUG keystone.server.flask.request_processing.middleware.auth_context [None req-f2b4fea7-d327-4b77-ba4e-33bbffdf22f0 None None] Authenticating user token {{(pid=81774) process_request /opt/stack/data/venv/lib/python3.10/site-packages/keystonemiddleware/auth_token/__init__.py:407}}
Apr 10 14:14:55 ubuntu devstack@keystone.service[81774]: DEBUG keystone.server.flask.request_processing.middleware.auth_context [None req-f2b4fea7-d327-4b77-ba4e-33bbffdf22f0 None None] Validating token access rules against request {{(pid=81774) validate_allowed_request /opt/stack/data/venv/lib/python3.10/site-packages/keystonemiddleware/auth_token/__init__.py:545}}
Apr 10 14:14:55 ubuntu devstack@keystone.service[81775]: ERROR keystone.server.flask.application [None req-dcd9a2d5-31e0-401f-a91f-84f025077772 None admin] Conflict occurred attempting to store role - Duplicate entry found with name service.: keystone.exception.Conflict: Conflict occurred attempting to store role - Duplicate entry found with name service.
Apr 10 14:14:55 ubuntu devstack@keystone.service[81775]: ERROR keystone.server.flask.application Traceback (most recent call last):
Apr 10 14:14:55 ubuntu devstack@keystone.service[81775]: ERROR keystone.server.flask.application   File "/opt/stack/data/venv/lib/python3.10/site-packages/sqlalchemy/engine/base.py", line 1967, in _exec_single_context
Apr 10 14:14:55 ubuntu devstack@keystone.service[81775]: ERROR keystone.server.flask.application     self.dialect.do_execute(
Apr 10 14:14:55 ubuntu devstack@keystone.service[81775]: ERROR keystone.server.flask.application   File "/opt/stack/data/venv/lib/python3.10/site-packages/sqlalchemy/engine/default.py", line 952, in do_execute
Apr 10 14:14:55 ubuntu devstack@keystone.service[81775]: ERROR keystone.server.flask.application     cursor.execute(statement, parameters)
Apr 10 14:14:55 ubuntu devstack@keystone.service[81775]: ERROR keystone.server.flask.application   File "/opt/stack/data/venv/lib/python3.10/site-packages/pymysql/cursors.py", line 153, in execute
Apr 10 14:14:55 ubuntu devstack@keystone.service[81775]: ERROR keystone.server.flask.application     result = self._query(query)
Apr 10 14:14:55 ubuntu devstack@keystone.service[81775]: ERROR keystone.server.flask.application   File "/opt/stack/data/venv/lib/python3.10/site-packages/pymysql/cursors.py", line 322, in _query
Apr 10 14:14:55 ubuntu devstack@keystone.service[81775]: ERROR keystone.server.flask.application     conn.query(q)
Apr 10 14:14:55 ubuntu devstack@keystone.service[81775]: ERROR keystone.server.flask.application   File "/opt/stack/data/venv/lib/python3.10/site-packages/pymysql/connections.py", line 575, in query
Apr 10 14:14:55 ubuntu devstack@keystone.service[81775]: ERROR keystone.server.flask.application     self._affected_rows = self._read_query_result(unbuffered=unbuffered)
Apr 10 14:14:55 ubuntu devstack@keystone.service[81775]: ERROR keystone.server.flask.application   File "/opt/stack/data/venv/lib/python3.10/site-packages/pymysql/connections.py", line 826, in _read_query_result
Apr 10 14:14:55 ubuntu devstack@keystone.service[81775]: ERROR keystone.server.flask.application     result.read()
Apr 10 14:14:55 ubuntu devstack@keystone.service[81775]: ERROR keystone.server.flask.application   File "/opt/stack/data/venv/lib/python3.10/site-packages/pymysql/connections.py", line 1203, in read
Apr 10 14:14:55 ubuntu devstack@keystone.service[81775]: ERROR keystone.server.flask.application     first_packet = self.connection._read_packet()
Apr 10 14:14:55 ubuntu devstack@keystone.service[81775]: ERROR keystone.server.flask.application   File "/opt/stack/data/venv/lib/python3.10/site-packages/pymysql/connections.py", line 782, in _read_packet
Apr 10 14:14:55 ubuntu devstack@keystone.service[81775]: ERROR keystone.server.flask.application     packet.raise_for_error()
Apr 10 14:14:55 ubuntu devstack@keystone.service[81775]: ERROR keystone.server.flask.application   File "/opt/stack/data/venv/lib/python3.10/site-packages/pymysql/protocol.py", line 219, in raise_for_error
Apr 10 14:14:55 ubuntu devstack@keystone.service[81775]: ERROR keystone.server.flask.application     err.raise_mysql_exception(self._data)
Apr 10 14:14:55 ubuntu devstack@keystone.service[81775]: ERROR keystone.server.flask.application   File "/opt/stack/data/venv/lib/python3.10/site-packages/pymysql/err.py", line 150, in raise_mysql_exception
Apr 10 14:14:55 ubuntu devstack@keystone.service[81775]: ERROR keystone.server.flask.application     raise errorclass(errno, errval)
Apr 10 14:14:55 ubuntu devstack@keystone.service[81775]: ERROR keystone.server.flask.application pymysql.err.IntegrityError: (1062, "Duplicate entry 'service-<<null>>' for key 'role.ixu_role_name_domain_id'")
Apr 10 14:14:55 ubuntu devstack@keystone.service[81775]: ERROR keystone.server.flask.application 
Apr 10 14:14:55 ubuntu devstack@keystone.service[81775]: ERROR keystone.server.flask.application The above exception was the direct cause of the following exception:
Apr 10 14:14:55 ubuntu devstack@keystone.service[81775]: ERROR keystone.server.flask.application 
Apr 10 14:14:55 ubuntu devstack@keystone.service[81775]: ERROR keystone.server.flask.application Traceback (most recent call last):
Apr 10 14:14:55 ubuntu devstack@keystone.service[81775]: ERROR keystone.server.flask.application   File "/opt/stack/keystone/keystone/common/sql/core.py", line 575, in wrapper
Apr 10 14:14:55 ubuntu devstack@keystone.service[81775]: ERROR keystone.server.flask.application     return method(*args, **kwargs)
Apr 10 14:14:55 ubuntu devstack@keystone.service[81775]: ERROR keystone.server.flask.application   File "/opt/stack/keystone/keystone/assignment/role_backends/sql.py", line 25, in create_role
Apr 10 14:14:55 ubuntu devstack@keystone.service[81775]: ERROR keystone.server.flask.application     with sql.session_for_write() as session:
Apr 10 14:14:55 ubuntu devstack@keystone.service[81775]: ERROR keystone.server.flask.application   File "/usr/lib/python3.10/contextlib.py", line 142, in __exit__
Apr 10 14:14:55 ubuntu devstack@keystone.service[81775]: ERROR keystone.server.flask.application     next(self.gen)
Apr 10 14:14:55 ubuntu devstack@keystone.service[81775]: ERROR keystone.server.flask.application   File "/opt/stack/data/venv/lib/python3.10/site-packages/oslo_db/sqlalchemy/enginefacade.py", line 1175, in _transaction_scope
Apr 10 14:14:55 ubuntu devstack@keystone.service[81775]: ERROR keystone.server.flask.application     with current._produce_block(
Apr 10 14:14:55 ubuntu devstack@keystone.service[81775]: ERROR keystone.server.flask.application   File "/usr/lib/python3.10/contextlib.py", line 142, in __exit__
Apr 10 14:14:55 ubuntu devstack@keystone.service[81775]: ERROR keystone.server.flask.application     next(self.gen)
Apr 10 14:14:55 ubuntu devstack@keystone.service[81775]: ERROR keystone.server.flask.application   File "/opt/stack/data/venv/lib/python3.10/site-packages/oslo_db/sqlalchemy/enginefacade.py", line 837, in _session
Apr 10 14:14:55 ubuntu devstack@keystone.service[81775]: ERROR keystone.server.flask.application     with excutils.save_and_reraise_exception():
Apr 10 14:14:55 ubuntu devstack@keystone.service[81775]: ERROR keystone.server.flask.application   File "/opt/stack/data/venv/lib/python3.10/site-packages/oslo_utils/excutils.py", line 267, in __exit__
Apr 10 14:14:55 ubuntu devstack@keystone.service[81775]: ERROR keystone.server.flask.application     self.force_reraise()
Apr 10 14:14:55 ubuntu devstack@keystone.service[81775]: ERROR keystone.server.flask.application   File "/opt/stack/data/venv/lib/python3.10/site-packages/oslo_utils/excutils.py", line 233, in force_reraise
Apr 10 14:14:55 ubuntu devstack@keystone.service[81775]: ERROR keystone.server.flask.application     raise self.value
Apr 10 14:14:55 ubuntu devstack@keystone.service[81775]: ERROR keystone.server.flask.application   File "/opt/stack/data/venv/lib/python3.10/site-packages/oslo_db/sqlalchemy/enginefacade.py", line 835, in _session
Apr 10 14:14:55 ubuntu devstack@keystone.service[81775]: ERROR keystone.server.flask.application     self._end_session_transaction(self.session)
Apr 10 14:14:55 ubuntu devstack@keystone.service[81775]: ERROR keystone.server.flask.application   File "/opt/stack/data/venv/lib/python3.10/site-packages/oslo_db/sqlalchemy/enginefacade.py", line 748, in _end_session_transaction
Apr 10 14:14:55 ubuntu devstack@keystone.service[81775]: ERROR keystone.server.flask.application     session.commit()
Apr 10 14:14:55 ubuntu devstack@keystone.service[81775]: ERROR keystone.server.flask.application   File "/opt/stack/data/venv/lib/python3.10/site-packages/sqlalchemy/orm/session.py", line 2030, in commit
Apr 10 14:14:55 ubuntu devstack@keystone.service[81775]: ERROR keystone.server.flask.application     trans.commit(_to_root=True)
Apr 10 14:14:55 ubuntu devstack@keystone.service[81775]: ERROR keystone.server.flask.application   File "<string>", line 2, in commit
Apr 10 14:14:55 ubuntu devstack@keystone.service[81775]: ERROR keystone.server.flask.application   File "/opt/stack/data/venv/lib/python3.10/site-packages/sqlalchemy/orm/state_changes.py", line 137, in _go
Apr 10 14:14:55 ubuntu devstack@keystone.service[81775]: ERROR keystone.server.flask.application     ret_value = fn(self, *arg, **kw)
Apr 10 14:14:55 ubuntu devstack@keystone.service[81775]: ERROR keystone.server.flask.application   File "/opt/stack/data/venv/lib/python3.10/site-packages/sqlalchemy/orm/session.py", line 1311, in commit
Apr 10 14:14:55 ubuntu devstack@keystone.service[81775]: ERROR keystone.server.flask.application     self._prepare_impl()
