Feb 27 00:40:49 ubuntu devstack@keystone.service[81814]: DEBUG keystone.server.flask.request_processing.req_logging [None req-344a39de-037a-4382-8f20-fa3df4846790 None None] REQUEST_METHOD: `POST` {{(pid=81814) log_request_info /opt/stack/keystone/keystone/server/flask/request_processing/req_logging.py:26}}
Feb 27 00:40:49 ubuntu devstack@keystone.service[81814]: DEBUG keystone.server.flask.request_processing.req_logging [None req-344a39de-037a-4382-8f20-fa3df4846790 None None] SCRIPT_NAME: `/identity` {{(pid=81814) log_request_info /opt/stack/keystone/keystone/server/flask/request_processing/req_logging.py:27}}
Feb 27 00:40:49 ubuntu devstack@keystone.service[81814]: DEBUG keystone.server.flask.request_processing.req_logging [None req-344a39de-037a-4382-8f20-fa3df4846790 None None] PATH_INFO: `/v3/auth/tokens` {{(pid=81814) log_request_info /opt/stack/keystone/keystone/server/flask/request_processing/req_logging.py:28}}
Feb 27 00:40:49 ubuntu devstack@keystone.service[81814]: WARNING keystone.common.password_hashing [None req-344a39de-037a-4382-8f20-fa3df4846790 None None] Truncating password to algorithm specific maximum length 72 characters.
Feb 27 00:40:49 ubuntu devstack@keystone.service[81814]: DEBUG keystone.auth.core [None req-344a39de-037a-4382-8f20-fa3df4846790 None None] MFA Rules not processed for user `39c086d4d2e849e6a719315f1ca95230`. Rule list: `[]` (Enabled: `True`). {{(pid=81814) check_auth_methods_against_rules /opt/stack/keystone/keystone/auth/core.py:476}}
Feb 27 00:40:49 ubuntu devstack@keystone.service[81814]: DEBUG keystone.common.fernet_utils [None req-344a39de-037a-4382-8f20-fa3df4846790 None None] Loaded 2 Fernet keys from /etc/keystone/fernet-keys/, but `[fernet_tokens] max_active_keys = 3`; perhaps there have not been enough key rotations to reach `max_active_keys` yet? {{(pid=81814) load_keys /opt/stack/keystone/keystone/common/fernet_utils.py:297}}
Feb 27 00:40:49 ubuntu devstack@keystone.service[81814]: [pid: 81814|app: 0|req: 12/24] 10.201.5.82 () {58 vars in 1017 bytes} [Fri Feb 27 00:40:49 2026] POST /identity/v3/auth/tokens => generated 862 bytes in 181 msecs (HTTP/1.1 201) 6 headers in 363 bytes (1 switches on core 0)
Feb 27 00:40:49 ubuntu devstack@keystone.service[81813]: DEBUG keystone.server.flask.request_processing.req_logging [None req-16006217-b237-4660-bd91-f67dc86ddd0a None None] REQUEST_METHOD: `GET` {{(pid=81813) log_request_info /opt/stack/keystone/keystone/server/flask/request_processing/req_logging.py:26}}
Feb 27 00:40:49 ubuntu devstack@keystone.service[81813]: DEBUG keystone.server.flask.request_processing.req_logging [None req-16006217-b237-4660-bd91-f67dc86ddd0a None None] SCRIPT_NAME: `/identity` {{(pid=81813) log_request_info /opt/stack/keystone/keystone/server/flask/request_processing/req_logging.py:27}}
Feb 27 00:40:49 ubuntu devstack@keystone.service[81813]: DEBUG keystone.server.flask.request_processing.req_logging [None req-16006217-b237-4660-bd91-f67dc86ddd0a None None] PATH_INFO: `/` {{(pid=81813) log_request_info /opt/stack/keystone/keystone/server/flask/request_processing/req_logging.py:28}}
Feb 27 00:40:49 ubuntu devstack@keystone.service[81813]: [pid: 81813|app: 0|req: 13/25] 10.201.5.82 () {54 vars in 920 bytes} [Fri Feb 27 00:40:49 2026] GET /identity => generated 270 bytes in 2 msecs (HTTP/1.1 300) 6 headers in 234 bytes (1 switches on core 0)
Feb 27 00:40:49 ubuntu devstack@keystone.service[81814]: DEBUG keystone.server.flask.request_processing.req_logging [None req-f286c177-198b-4be3-8d8c-e0bb5eaf3e92 None None] REQUEST_METHOD: `POST` {{(pid=81814) log_request_info /opt/stack/keystone/keystone/server/flask/request_processing/req_logging.py:26}}
Feb 27 00:40:49 ubuntu devstack@keystone.service[81814]: DEBUG keystone.server.flask.request_processing.req_logging [None req-f286c177-198b-4be3-8d8c-e0bb5eaf3e92 None None] SCRIPT_NAME: `/identity` {{(pid=81814) log_request_info /opt/stack/keystone/keystone/server/flask/request_processing/req_logging.py:27}}
Feb 27 00:40:49 ubuntu devstack@keystone.service[81814]: DEBUG keystone.server.flask.request_processing.req_logging [None req-f286c177-198b-4be3-8d8c-e0bb5eaf3e92 None None] PATH_INFO: `/v3/auth/tokens` {{(pid=81814) log_request_info /opt/stack/keystone/keystone/server/flask/request_processing/req_logging.py:28}}
Feb 27 00:40:49 ubuntu devstack@keystone.service[81814]: WARNING keystone.common.password_hashing [None req-f286c177-198b-4be3-8d8c-e0bb5eaf3e92 None None] Truncating password to algorithm specific maximum length 72 characters.
Feb 27 00:40:49 ubuntu devstack@keystone.service[81814]: DEBUG keystone.auth.core [None req-f286c177-198b-4be3-8d8c-e0bb5eaf3e92 None None] MFA Rules not processed for user `39c086d4d2e849e6a719315f1ca95230`. Rule list: `[]` (Enabled: `True`). {{(pid=81814) check_auth_methods_against_rules /opt/stack/keystone/keystone/auth/core.py:476}}
Feb 27 00:40:49 ubuntu devstack@keystone.service[81814]: DEBUG keystone.common.fernet_utils [None req-f286c177-198b-4be3-8d8c-e0bb5eaf3e92 None None] Loaded 2 Fernet keys from /etc/keystone/fernet-keys/, but `[fernet_tokens] max_active_keys = 3`; perhaps there have not been enough key rotations to reach `max_active_keys` yet? {{(pid=81814) load_keys /opt/stack/keystone/keystone/common/fernet_utils.py:297}}
Feb 27 00:40:49 ubuntu devstack@keystone.service[81814]: [pid: 81814|app: 0|req: 13/26] 10.201.5.82 () {58 vars in 1017 bytes} [Fri Feb 27 00:40:49 2026] POST /identity/v3/auth/tokens => generated 862 bytes in 57 msecs (HTTP/1.1 201) 6 headers in 363 bytes (1 switches on core 0)
Feb 27 00:40:49 ubuntu devstack@keystone.service[81813]: DEBUG keystone.server.flask.request_processing.middleware.auth_context [None req-16006217-b237-4660-bd91-f67dc86ddd0a None None] Authenticating user token {{(pid=81813) process_request /opt/stack/data/venv/lib/python3.10/site-packages/keystonemiddleware/auth_token/__init__.py:407}}
Feb 27 00:40:49 ubuntu devstack@keystone.service[81814]: DEBUG keystone.server.flask.request_processing.req_logging [None req-8c238db8-96c9-4b19-9169-13da664895ad None None] REQUEST_METHOD: `GET` {{(pid=81814) log_request_info /opt/stack/keystone/keystone/server/flask/request_processing/req_logging.py:26}}
Feb 27 00:40:49 ubuntu devstack@keystone.service[81814]: DEBUG keystone.server.flask.request_processing.req_logging [None req-8c238db8-96c9-4b19-9169-13da664895ad None None] SCRIPT_NAME: `/identity` {{(pid=81814) log_request_info /opt/stack/keystone/keystone/server/flask/request_processing/req_logging.py:27}}
Feb 27 00:40:49 ubuntu devstack@keystone.service[81814]: DEBUG keystone.server.flask.request_processing.req_logging [None req-8c238db8-96c9-4b19-9169-13da664895ad None None] PATH_INFO: `/` {{(pid=81814) log_request_info /opt/stack/keystone/keystone/server/flask/request_processing/req_logging.py:28}}
Feb 27 00:40:49 ubuntu devstack@keystone.service[81814]: [pid: 81814|app: 0|req: 14/27] 10.201.5.82 () {54 vars in 920 bytes} [Fri Feb 27 00:40:49 2026] GET /identity => generated 270 bytes in 2 msecs (HTTP/1.1 300) 6 headers in 234 bytes (1 switches on core 0)
Feb 27 00:40:49 ubuntu devstack@keystone.service[81813]: DEBUG keystone.server.flask.request_processing.middleware.auth_context [None req-16006217-b237-4660-bd91-f67dc86ddd0a None None] Validating token access rules against request {{(pid=81813) validate_allowed_request /opt/stack/data/venv/lib/python3.10/site-packages/keystonemiddleware/auth_token/__init__.py:545}}
Feb 27 00:40:49 ubuntu devstack@keystone.service[81814]: DEBUG keystone.server.flask.request_processing.req_logging [None req-28269518-3ca3-4efb-b02a-2727b6ce286a None None] REQUEST_METHOD: `POST` {{(pid=81814) log_request_info /opt/stack/keystone/keystone/server/flask/request_processing/req_logging.py:26}}
Feb 27 00:40:49 ubuntu devstack@keystone.service[81814]: DEBUG keystone.server.flask.request_processing.req_logging [None req-28269518-3ca3-4efb-b02a-2727b6ce286a None None] SCRIPT_NAME: `/identity` {{(pid=81814) log_request_info /opt/stack/keystone/keystone/server/flask/request_processing/req_logging.py:27}}
Feb 27 00:40:49 ubuntu devstack@keystone.service[81814]: DEBUG keystone.server.flask.request_processing.req_logging [None req-28269518-3ca3-4efb-b02a-2727b6ce286a None None] PATH_INFO: `/v3/auth/tokens` {{(pid=81814) log_request_info /opt/stack/keystone/keystone/server/flask/request_processing/req_logging.py:28}}
Feb 27 00:40:49 ubuntu devstack@keystone.service[81814]: WARNING keystone.common.password_hashing [None req-28269518-3ca3-4efb-b02a-2727b6ce286a None None] Truncating password to algorithm specific maximum length 72 characters.
Feb 27 00:40:49 ubuntu devstack@keystone.service[81813]: DEBUG keystone.server.flask.request_processing.middleware.auth_context [None req-ae6de6f7-f10d-41ef-bae3-233fbe0e456a None admin] RBAC: auth_context: {'token': <TokenModel (audit_id=5wAejTlJS82KhzH0iLEliQ, audit_chain_id=['5wAejTlJS82KhzH0iLEliQ']) at 0x7fc129c20bb0>, 'domain_id': None, 'trust_id': None, 'trustor_id': None, 'trustee_id': None, 'domain_name': None, 'group_ids': [], 'user_id': '39c086d4d2e849e6a719315f1ca95230', 'user_domain_id': 'default', 'system_scope': 'all', 'project_id': None, 'project_domain_id': None, 'roles': ['admin', 'manager', 'member', 'reader'], 'is_admin_project': True, 'service_user_id': None, 'service_user_domain_id': None, 'service_project_id': None, 'service_project_domain_id': None, 'service_roles': []} {{(pid=81813) fill_context /opt/stack/keystone/keystone/server/flask/request_processing/middleware/auth_context.py:509}}
Feb 27 00:40:49 ubuntu devstack@keystone.service[81813]: DEBUG keystone.server.flask.request_processing.req_logging [None req-ae6de6f7-f10d-41ef-bae3-233fbe0e456a None admin] REQUEST_METHOD: `GET` {{(pid=81813) log_request_info /opt/stack/keystone/keystone/server/flask/request_processing/req_logging.py:26}}
Feb 27 00:40:49 ubuntu devstack@keystone.service[81813]: DEBUG keystone.server.flask.request_processing.req_logging [None req-ae6de6f7-f10d-41ef-bae3-233fbe0e456a None admin] SCRIPT_NAME: `/identity` {{(pid=81813) log_request_info /opt/stack/keystone/keystone/server/flask/request_processing/req_logging.py:27}}
Feb 27 00:40:49 ubuntu devstack@keystone.service[81813]: DEBUG keystone.server.flask.request_processing.req_logging [None req-ae6de6f7-f10d-41ef-bae3-233fbe0e456a None admin] PATH_INFO: `/v3/roles/admin` {{(pid=81813) log_request_info /opt/stack/keystone/keystone/server/flask/request_processing/req_logging.py:28}}
Feb 27 00:40:49 ubuntu devstack@keystone.service[81813]: DEBUG keystone.common.rbac_enforcer.enforcer [None req-ae6de6f7-f10d-41ef-bae3-233fbe0e456a None admin] Extracting inferred target data resulted in "NOT FOUND (404)". {{(pid=81813) enforce_call /opt/stack/keystone/keystone/common/rbac_enforcer/enforcer.py:445}}
Feb 27 00:40:49 ubuntu devstack@keystone.service[81813]: DEBUG keystone.server.flask.application [None req-ae6de6f7-f10d-41ef-bae3-233fbe0e456a None admin] Could not find role: admin. {{(pid=81813) _handle_keystone_exception /opt/stack/keystone/keystone/server/flask/application.py:146}}
Feb 27 00:40:49 ubuntu devstack@keystone.service[81813]: [pid: 81813|app: 0|req: 14/28] 10.201.5.82 () {56 vars in 1133 bytes} [Fri Feb 27 00:40:49 2026] GET /identity/v3/roles/admin => generated 83 bytes in 99 msecs (HTTP/1.1 404) 5 headers in 183 bytes (1 switches on core 0)
Feb 27 00:40:49 ubuntu devstack@keystone.service[81814]: DEBUG keystone.auth.core [None req-28269518-3ca3-4efb-b02a-2727b6ce286a None None] MFA Rules not processed for user `39c086d4d2e849e6a719315f1ca95230`. Rule list: `[]` (Enabled: `True`). {{(pid=81814) check_auth_methods_against_rules /opt/stack/keystone/keystone/auth/core.py:476}}
Feb 27 00:40:49 ubuntu devstack@keystone.service[81814]: DEBUG keystone.common.fernet_utils [None req-28269518-3ca3-4efb-b02a-2727b6ce286a None None] Loaded 2 Fernet keys from /etc/keystone/fernet-keys/, but `[fernet_tokens] max_active_keys = 3`; perhaps there have not been enough key rotations to reach `max_active_keys` yet? {{(pid=81814) load_keys /opt/stack/keystone/keystone/common/fernet_utils.py:297}}
Feb 27 00:40:49 ubuntu devstack@keystone.service[81813]: DEBUG keystone.server.flask.request_processing.middleware.auth_context [None req-ae6de6f7-f10d-41ef-bae3-233fbe0e456a None admin] Authenticating user token {{(pid=81813) process_request /opt/stack/data/venv/lib/python3.10/site-packages/keystonemiddleware/auth_token/__init__.py:407}}
Feb 27 00:40:49 ubuntu devstack@keystone.service[81813]: DEBUG keystone.server.flask.request_processing.middleware.auth_context [None req-ae6de6f7-f10d-41ef-bae3-233fbe0e456a None admin] Validating token access rules against request {{(pid=81813) validate_allowed_request /opt/stack/data/venv/lib/python3.10/site-packages/keystonemiddleware/auth_token/__init__.py:545}}
Feb 27 00:40:49 ubuntu devstack@keystone.service[81814]: [pid: 81814|app: 0|req: 15/29] 10.201.5.82 () {58 vars in 1017 bytes} [Fri Feb 27 00:40:49 2026] POST /identity/v3/auth/tokens => generated 862 bytes in 89 msecs (HTTP/1.1 201) 6 headers in 363 bytes (2 switches on core 0)
Feb 27 00:40:49 ubuntu devstack@keystone.service[81814]: DEBUG keystone.server.flask.request_processing.middleware.auth_context [None req-28269518-3ca3-4efb-b02a-2727b6ce286a None None] Authenticating user token {{(pid=81814) process_request /opt/stack/data/venv/lib/python3.10/site-packages/keystonemiddleware/auth_token/__init__.py:407}}
Feb 27 00:40:49 ubuntu devstack@keystone.service[81813]: DEBUG keystone.server.flask.request_processing.middleware.auth_context [None req-ecc9ff6b-d1ab-4295-b134-55bbc1e4e3d0 None admin] RBAC: auth_context: {'token': <TokenModel (audit_id=5wAejTlJS82KhzH0iLEliQ, audit_chain_id=['5wAejTlJS82KhzH0iLEliQ']) at 0x7fc12aaa7310>, 'domain_id': None, 'trust_id': None, 'trustor_id': None, 'trustee_id': None, 'domain_name': None, 'group_ids': [], 'user_id': '39c086d4d2e849e6a719315f1ca95230', 'user_domain_id': 'default', 'system_scope': 'all', 'project_id': None, 'project_domain_id': None, 'roles': ['admin', 'manager', 'member', 'reader'], 'is_admin_project': True, 'service_user_id': None, 'service_user_domain_id': None, 'service_project_id': None, 'service_project_domain_id': None, 'service_roles': []} {{(pid=81813) fill_context /opt/stack/keystone/keystone/server/flask/request_processing/middleware/auth_context.py:509}}
Feb 27 00:40:49 ubuntu devstack@keystone.service[81813]: DEBUG keystone.server.flask.request_processing.req_logging [None req-ecc9ff6b-d1ab-4295-b134-55bbc1e4e3d0 None admin] REQUEST_METHOD: `GET` {{(pid=81813) log_request_info /opt/stack/keystone/keystone/server/flask/request_processing/req_logging.py:26}}
Feb 27 00:40:49 ubuntu devstack@keystone.service[81813]: DEBUG keystone.server.flask.request_processing.req_logging [None req-ecc9ff6b-d1ab-4295-b134-55bbc1e4e3d0 None admin] SCRIPT_NAME: `/identity` {{(pid=81813) log_request_info /opt/stack/keystone/keystone/server/flask/request_processing/req_logging.py:27}}
Feb 27 00:40:49 ubuntu devstack@keystone.service[81813]: DEBUG keystone.server.flask.request_processing.req_logging [None req-ecc9ff6b-d1ab-4295-b134-55bbc1e4e3d0 None admin] PATH_INFO: `/v3/roles` {{(pid=81813) log_request_info /opt/stack/keystone/keystone/server/flask/request_processing/req_logging.py:28}}
Feb 27 00:40:49 ubuntu devstack@keystone.service[81813]: DEBUG keystone.common.rbac_enforcer.enforcer [None req-ecc9ff6b-d1ab-4295-b134-55bbc1e4e3d0 None admin] RBAC: Adding query filter params (name=admin) {{(pid=81813) _extract_filter_values /opt/stack/keystone/keystone/common/rbac_enforcer/enforcer.py:176}}
Feb 27 00:40:49 ubuntu devstack@keystone.service[81813]: DEBUG keystone.common.rbac_enforcer.enforcer [None req-ecc9ff6b-d1ab-4295-b134-55bbc1e4e3d0 None admin] RBAC: Authorizing `identity:list_roles()` {{(pid=81813) enforce_call /opt/stack/keystone/keystone/common/rbac_enforcer/enforcer.py:494}}
Feb 27 00:40:49 ubuntu devstack@keystone.service[81813]: DEBUG keystone.common.rbac_enforcer.enforcer [None req-ecc9ff6b-d1ab-4295-b134-55bbc1e4e3d0 None admin] RBAC: Authorization granted {{(pid=81813) enforce_call /opt/stack/keystone/keystone/common/rbac_enforcer/enforcer.py:505}}
Feb 27 00:40:49 ubuntu devstack@keystone.service[81813]: [pid: 81813|app: 0|req: 15/30] 10.201.5.82 () {56 vars in 1149 bytes} [Fri Feb 27 00:40:49 2026] GET /identity/v3/roles?name=admin => generated 339 bytes in 90 msecs (HTTP/1.1 200) 5 headers in 177 bytes (1 switches on core 0)
Feb 27 00:40:49 ubuntu devstack@keystone.service[81813]: DEBUG keystone.server.flask.request_processing.middleware.auth_context [None req-ecc9ff6b-d1ab-4295-b134-55bbc1e4e3d0 None admin] Authenticating user token {{(pid=81813) process_request /opt/stack/data/venv/lib/python3.10/site-packages/keystonemiddleware/auth_token/__init__.py:407}}
Feb 27 00:40:49 ubuntu devstack@keystone.service[81814]: DEBUG keystone.server.flask.request_processing.middleware.auth_context [None req-28269518-3ca3-4efb-b02a-2727b6ce286a None None] Validating token access rules against request {{(pid=81814) validate_allowed_request /opt/stack/data/venv/lib/python3.10/site-packages/keystonemiddleware/auth_token/__init__.py:545}}
Feb 27 00:40:49 ubuntu devstack@keystone.service[81814]: DEBUG keystone.server.flask.request_processing.middleware.auth_context [None req-d966ef3d-ff05-496c-a27a-a56e938f888e None admin] RBAC: auth_context: {'token': <TokenModel (audit_id=mu6hsk_cQvCprJlE7xerAQ, audit_chain_id=['mu6hsk_cQvCprJlE7xerAQ']) at 0x7fc129d28460>, 'domain_id': None, 'trust_id': None, 'trustor_id': None, 'trustee_id': None, 'domain_name': None, 'group_ids': [], 'user_id': '39c086d4d2e849e6a719315f1ca95230', 'user_domain_id': 'default', 'system_scope': 'all', 'project_id': None, 'project_domain_id': None, 'roles': ['admin', 'manager', 'member', 'reader'], 'is_admin_project': True, 'service_user_id': None, 'service_user_domain_id': None, 'service_project_id': None, 'service_project_domain_id': None, 'service_roles': []} {{(pid=81814) fill_context /opt/stack/keystone/keystone/server/flask/request_processing/middleware/auth_context.py:509}}
Feb 27 00:40:49 ubuntu devstack@keystone.service[81814]: DEBUG keystone.server.flask.request_processing.req_logging [None req-d966ef3d-ff05-496c-a27a-a56e938f888e None admin] REQUEST_METHOD: `GET` {{(pid=81814) log_request_info /opt/stack/keystone/keystone/server/flask/request_processing/req_logging.py:26}}
Feb 27 00:40:49 ubuntu devstack@keystone.service[81814]: DEBUG keystone.server.flask.request_processing.req_logging [None req-d966ef3d-ff05-496c-a27a-a56e938f888e None admin] SCRIPT_NAME: `/identity` {{(pid=81814) log_request_info /opt/stack/keystone/keystone/server/flask/request_processing/req_logging.py:27}}
Feb 27 00:40:49 ubuntu devstack@keystone.service[81814]: DEBUG keystone.server.flask.request_processing.req_logging [None req-d966ef3d-ff05-496c-a27a-a56e938f888e None admin] PATH_INFO: `/v3/domains/Default` {{(pid=81814) log_request_info /opt/stack/keystone/keystone/server/flask/request_processing/req_logging.py:28}}
Feb 27 00:40:49 ubuntu devstack@keystone.service[81814]: DEBUG keystone.common.rbac_enforcer.enforcer [None req-d966ef3d-ff05-496c-a27a-a56e938f888e None admin] RBAC: Authorizing `identity:get_domain(domain_id=Default)` {{(pid=81814) enforce_call /opt/stack/keystone/keystone/common/rbac_enforcer/enforcer.py:494}}
Feb 27 00:40:49 ubuntu devstack@keystone.service[81814]: DEBUG keystone.common.rbac_enforcer.enforcer [None req-d966ef3d-ff05-496c-a27a-a56e938f888e None admin] RBAC: Authorization granted {{(pid=81814) enforce_call /opt/stack/keystone/keystone/common/rbac_enforcer/enforcer.py:505}}
Feb 27 00:40:49 ubuntu devstack@keystone.service[81814]: DEBUG keystone.server.flask.application [None req-d966ef3d-ff05-496c-a27a-a56e938f888e None admin] Could not find domain: Default. {{(pid=81814) _handle_keystone_exception /opt/stack/keystone/keystone/server/flask/application.py:146}}
Feb 27 00:40:49 ubuntu devstack@keystone.service[81814]: [pid: 81814|app: 0|req: 16/31] 10.201.5.82 () {56 vars in 1145 bytes} [Fri Feb 27 00:40:49 2026] GET /identity/v3/domains/Default => generated 87 bytes in 75 msecs (HTTP/1.1 404) 5 headers in 183 bytes (1 switches on core 0)
Feb 27 00:40:49 ubuntu devstack@keystone.service[81814]: DEBUG keystone.server.flask.request_processing.middleware.auth_context [None req-d966ef3d-ff05-496c-a27a-a56e938f888e None admin] Authenticating user token {{(pid=81814) process_request /opt/stack/data/venv/lib/python3.10/site-packages/keystonemiddleware/auth_token/__init__.py:407}}
Feb 27 00:40:49 ubuntu devstack@keystone.service[81813]: DEBUG keystone.server.flask.request_processing.middleware.auth_context [None req-ecc9ff6b-d1ab-4295-b134-55bbc1e4e3d0 None admin] Validating token access rules against request {{(pid=81813) validate_allowed_request /opt/stack/data/venv/lib/python3.10/site-packages/keystonemiddleware/auth_token/__init__.py:545}}
Feb 27 00:40:49 ubuntu devstack@keystone.service[81814]: DEBUG keystone.server.flask.request_processing.middleware.auth_context [None req-d966ef3d-ff05-496c-a27a-a56e938f888e None admin] Validating token access rules against request {{(pid=81814) validate_allowed_request /opt/stack/data/venv/lib/python3.10/site-packages/keystonemiddleware/auth_token/__init__.py:545}}
Feb 27 00:40:49 ubuntu devstack@keystone.service[81813]: DEBUG keystone.server.flask.request_processing.middleware.auth_context [None req-e1bc141c-1499-4e42-89d3-cab61ec4a91b None admin] RBAC: auth_context: {'token': <TokenModel (audit_id=5wAejTlJS82KhzH0iLEliQ, audit_chain_id=['5wAejTlJS82KhzH0iLEliQ']) at 0x7fc129ed4a60>, 'domain_id': None, 'trust_id': None, 'trustor_id': None, 'trustee_id': None, 'domain_name': None, 'group_ids': [], 'user_id': '39c086d4d2e849e6a719315f1ca95230', 'user_domain_id': 'default', 'system_scope': 'all', 'project_id': None, 'project_domain_id': None, 'roles': ['admin', 'manager', 'member', 'reader'], 'is_admin_project': True, 'service_user_id': None, 'service_user_domain_id': None, 'service_project_id': None, 'service_project_domain_id': None, 'service_roles': []} {{(pid=81813) fill_context /opt/stack/keystone/keystone/server/flask/request_processing/middleware/auth_context.py:509}}
Feb 27 00:40:49 ubuntu devstack@keystone.service[81813]: DEBUG keystone.server.flask.request_processing.req_logging [None req-e1bc141c-1499-4e42-89d3-cab61ec4a91b None admin] REQUEST_METHOD: `GET` {{(pid=81813) log_request_info /opt/stack/keystone/keystone/server/flask/request_processing/req_logging.py:26}}
Feb 27 00:40:49 ubuntu devstack@keystone.service[81813]: DEBUG keystone.server.flask.request_processing.req_logging [None req-e1bc141c-1499-4e42-89d3-cab61ec4a91b None admin] SCRIPT_NAME: `/identity` {{(pid=81813) log_request_info /opt/stack/keystone/keystone/server/flask/request_processing/req_logging.py:27}}
Feb 27 00:40:49 ubuntu devstack@keystone.service[81813]: DEBUG keystone.server.flask.request_processing.req_logging [None req-e1bc141c-1499-4e42-89d3-cab61ec4a91b None admin] PATH_INFO: `/v3/users/39c086d4d2e849e6a719315f1ca95230` {{(pid=81813) log_request_info /opt/stack/keystone/keystone/server/flask/request_processing/req_logging.py:28}}
Feb 27 00:40:49 ubuntu devstack@keystone.service[81813]: DEBUG keystone.common.rbac_enforcer.enforcer [None req-e1bc141c-1499-4e42-89d3-cab61ec4a91b None admin] RBAC: Authorizing `identity:get_user(user_id=39c086d4d2e849e6a719315f1ca95230)` {{(pid=81813) enforce_call /opt/stack/keystone/keystone/common/rbac_enforcer/enforcer.py:494}}
Feb 27 00:40:49 ubuntu devstack@keystone.service[81813]: DEBUG keystone.common.rbac_enforcer.enforcer [None req-e1bc141c-1499-4e42-89d3-cab61ec4a91b None admin] RBAC: Authorization granted {{(pid=81813) enforce_call /opt/stack/keystone/keystone/common/rbac_enforcer/enforcer.py:505}}
Feb 27 00:40:49 ubuntu devstack@keystone.service[81813]: [pid: 81813|app: 0|req: 16/32] 10.201.5.82 () {56 vars in 1214 bytes} [Fri Feb 27 00:40:49 2026] GET /identity/v3/users/39c086d4d2e849e6a719315f1ca95230 => generated 247 bytes in 77 msecs (HTTP/1.1 200) 5 headers in 177 bytes (1 switches on core 0)
Feb 27 00:40:49 ubuntu devstack@keystone.service[81813]: DEBUG keystone.server.flask.request_processing.middleware.auth_context [None req-e1bc141c-1499-4e42-89d3-cab61ec4a91b None admin] Authenticating user token {{(pid=81813) process_request /opt/stack/data/venv/lib/python3.10/site-packages/keystonemiddleware/auth_token/__init__.py:407}}
Feb 27 00:40:49 ubuntu devstack@keystone.service[81814]: DEBUG keystone.server.flask.request_processing.middleware.auth_context [None req-1cf67769-2558-4767-b0c2-63b3d1a938e8 None admin] RBAC: auth_context: {'token': <TokenModel (audit_id=mu6hsk_cQvCprJlE7xerAQ, audit_chain_id=['mu6hsk_cQvCprJlE7xerAQ']) at 0x7fc129e625f0>, 'domain_id': None, 'trust_id': None, 'trustor_id': None, 'trustee_id': None, 'domain_name': None, 'group_ids': [], 'user_id': '39c086d4d2e849e6a719315f1ca95230', 'user_domain_id': 'default', 'system_scope': 'all', 'project_id': None, 'project_domain_id': None, 'roles': ['admin', 'manager', 'member', 'reader'], 'is_admin_project': True, 'service_user_id': None, 'service_user_domain_id': None, 'service_project_id': None, 'service_project_domain_id': None, 'service_roles': []} {{(pid=81814) fill_context /opt/stack/keystone/keystone/server/flask/request_processing/middleware/auth_context.py:509}}
Feb 27 00:40:49 ubuntu devstack@keystone.service[81814]: DEBUG keystone.server.flask.request_processing.req_logging [None req-1cf67769-2558-4767-b0c2-63b3d1a938e8 None admin] REQUEST_METHOD: `GET` {{(pid=81814) log_request_info /opt/stack/keystone/keystone/server/flask/request_processing/req_logging.py:26}}
Feb 27 00:40:49 ubuntu devstack@keystone.service[81814]: DEBUG keystone.server.flask.request_processing.req_logging [None req-1cf67769-2558-4767-b0c2-63b3d1a938e8 None admin] SCRIPT_NAME: `/identity` {{(pid=81814) log_request_info /opt/stack/keystone/keystone/server/flask/request_processing/req_logging.py:27}}
Feb 27 00:40:49 ubuntu devstack@keystone.service[81814]: DEBUG keystone.server.flask.request_processing.req_logging [None req-1cf67769-2558-4767-b0c2-63b3d1a938e8 None admin] PATH_INFO: `/v3/domains` {{(pid=81814) log_request_info /opt/stack/keystone/keystone/server/flask/request_processing/req_logging.py:28}}
Feb 27 00:40:49 ubuntu devstack@keystone.service[81814]: DEBUG keystone.common.rbac_enforcer.enforcer [None req-1cf67769-2558-4767-b0c2-63b3d1a938e8 None admin] RBAC: Adding query filter params (name=Default) {{(pid=81814) _extract_filter_values /opt/stack/keystone/keystone/common/rbac_enforcer/enforcer.py:176}}
Feb 27 00:40:49 ubuntu devstack@keystone.service[81814]: DEBUG keystone.common.rbac_enforcer.enforcer [None req-1cf67769-2558-4767-b0c2-63b3d1a938e8 None admin] RBAC: Authorizing `identity:list_domains()` {{(pid=81814) enforce_call /opt/stack/keystone/keystone/common/rbac_enforcer/enforcer.py:494}}
Feb 27 00:40:49 ubuntu devstack@keystone.service[81814]: DEBUG keystone.common.rbac_enforcer.enforcer [None req-1cf67769-2558-4767-b0c2-63b3d1a938e8 None admin] RBAC: Authorization granted {{(pid=81814) enforce_call /opt/stack/keystone/keystone/common/rbac_enforcer/enforcer.py:505}}
Feb 27 00:40:49 ubuntu devstack@keystone.service[81814]: [pid: 81814|app: 0|req: 17/33] 10.201.5.82 () {56 vars in 1159 bytes} [Fri Feb 27 00:40:49 2026] GET /identity/v3/domains?name=Default => generated 308 bytes in 67 msecs (HTTP/1.1 200) 5 headers in 177 bytes (2 switches on core 0)
Feb 27 00:40:49 ubuntu devstack@keystone.service[81814]: DEBUG keystone.server.flask.request_processing.middleware.auth_context [None req-1cf67769-2558-4767-b0c2-63b3d1a938e8 None admin] Authenticating user token {{(pid=81814) process_request /opt/stack/data/venv/lib/python3.10/site-packages/keystonemiddleware/auth_token/__init__.py:407}}
Feb 27 00:40:49 ubuntu devstack@keystone.service[81813]: DEBUG keystone.server.flask.request_processing.middleware.auth_context [None req-e1bc141c-1499-4e42-89d3-cab61ec4a91b None admin] Validating token access rules against request {{(pid=81813) validate_allowed_request /opt/stack/data/venv/lib/python3.10/site-packages/keystonemiddleware/auth_token/__init__.py:545}}
Feb 27 00:40:49 ubuntu devstack@keystone.service[81814]: DEBUG keystone.server.flask.request_processing.middleware.auth_context [None req-1cf67769-2558-4767-b0c2-63b3d1a938e8 None admin] Validating token access rules against request {{(pid=81814) validate_allowed_request /opt/stack/data/venv/lib/python3.10/site-packages/keystonemiddleware/auth_token/__init__.py:545}}
Feb 27 00:40:49 ubuntu devstack@keystone.service[81813]: DEBUG keystone.server.flask.request_processing.middleware.auth_context [None req-5040c450-1ad1-48ae-849b-7844685193f9 None admin] RBAC: auth_context: {'token': <TokenModel (audit_id=5wAejTlJS82KhzH0iLEliQ, audit_chain_id=['5wAejTlJS82KhzH0iLEliQ']) at 0x7fc129ed7c40>, 'domain_id': None, 'trust_id': None, 'trustor_id': None, 'trustee_id': None, 'domain_name': None, 'group_ids': [], 'user_id': '39c086d4d2e849e6a719315f1ca95230', 'user_domain_id': 'default', 'system_scope': 'all', 'project_id': None, 'project_domain_id': None, 'roles': ['admin', 'manager', 'member', 'reader'], 'is_admin_project': True, 'service_user_id': None, 'service_user_domain_id': None, 'service_project_id': None, 'service_project_domain_id': None, 'service_roles': []} {{(pid=81813) fill_context /opt/stack/keystone/keystone/server/flask/request_processing/middleware/auth_context.py:509}}
Feb 27 00:40:49 ubuntu devstack@keystone.service[81813]: DEBUG keystone.server.flask.request_processing.req_logging [None req-5040c450-1ad1-48ae-849b-7844685193f9 None admin] REQUEST_METHOD: `GET` {{(pid=81813) log_request_info /opt/stack/keystone/keystone/server/flask/request_processing/req_logging.py:26}}
Feb 27 00:40:49 ubuntu devstack@keystone.service[81813]: DEBUG keystone.server.flask.request_processing.req_logging [None req-5040c450-1ad1-48ae-849b-7844685193f9 None admin] SCRIPT_NAME: `/identity` {{(pid=81813) log_request_info /opt/stack/keystone/keystone/server/flask/request_processing/req_logging.py:27}}
Feb 27 00:40:49 ubuntu devstack@keystone.service[81813]: DEBUG keystone.server.flask.request_processing.req_logging [None req-5040c450-1ad1-48ae-849b-7844685193f9 None admin] PATH_INFO: `/v3/domains/default` {{(pid=81813) log_request_info /opt/stack/keystone/keystone/server/flask/request_processing/req_logging.py:28}}
Feb 27 00:40:49 ubuntu devstack@keystone.service[81813]: DEBUG keystone.common.rbac_enforcer.enforcer [None req-5040c450-1ad1-48ae-849b-7844685193f9 None admin] RBAC: Authorizing `identity:get_domain(domain_id=default)` {{(pid=81813) enforce_call /opt/stack/keystone/keystone/common/rbac_enforcer/enforcer.py:494}}
Feb 27 00:40:49 ubuntu devstack@keystone.service[81813]: DEBUG keystone.common.rbac_enforcer.enforcer [None req-5040c450-1ad1-48ae-849b-7844685193f9 None admin] RBAC: Authorization granted {{(pid=81813) enforce_call /opt/stack/keystone/keystone/common/rbac_enforcer/enforcer.py:505}}
Feb 27 00:40:49 ubuntu devstack@keystone.service[81813]: [pid: 81813|app: 0|req: 17/34] 10.201.5.82 () {56 vars in 1145 bytes} [Fri Feb 27 00:40:49 2026] GET /identity/v3/domains/default => generated 199 bytes in 73 msecs (HTTP/1.1 200) 5 headers in 177 bytes (1 switches on core 0)
Feb 27 00:40:49 ubuntu devstack@keystone.service[81813]: DEBUG keystone.server.flask.request_processing.middleware.auth_context [None req-5040c450-1ad1-48ae-849b-7844685193f9 None admin] Authenticating user token {{(pid=81813) process_request /opt/stack/data/venv/lib/python3.10/site-packages/keystonemiddleware/auth_token/__init__.py:407}}
Feb 27 00:40:49 ubuntu devstack@keystone.service[81814]: DEBUG keystone.server.flask.request_processing.middleware.auth_context [None req-12ef679f-fcf5-4c91-9a6b-e86ed81f8516 None admin] RBAC: auth_context: {'token': <TokenModel (audit_id=mu6hsk_cQvCprJlE7xerAQ, audit_chain_id=['mu6hsk_cQvCprJlE7xerAQ']) at 0x7fc129f38220>, 'domain_id': None, 'trust_id': None, 'trustor_id': None, 'trustee_id': None, 'domain_name': None, 'group_ids': [], 'user_id': '39c086d4d2e849e6a719315f1ca95230', 'user_domain_id': 'default', 'system_scope': 'all', 'project_id': None, 'project_domain_id': None, 'roles': ['admin', 'manager', 'member', 'reader'], 'is_admin_project': True, 'service_user_id': None, 'service_user_domain_id': None, 'service_project_id': None, 'service_project_domain_id': None, 'service_roles': []} {{(pid=81814) fill_context /opt/stack/keystone/keystone/server/flask/request_processing/middleware/auth_context.py:509}}
Feb 27 00:40:49 ubuntu devstack@keystone.service[81814]: DEBUG keystone.server.flask.request_processing.req_logging [None req-12ef679f-fcf5-4c91-9a6b-e86ed81f8516 None admin] REQUEST_METHOD: `POST` {{(pid=81814) log_request_info /opt/stack/keystone/keystone/server/flask/request_processing/req_logging.py:26}}
Feb 27 00:40:49 ubuntu devstack@keystone.service[81814]: DEBUG keystone.server.flask.request_processing.req_logging [None req-12ef679f-fcf5-4c91-9a6b-e86ed81f8516 None admin] SCRIPT_NAME: `/identity` {{(pid=81814) log_request_info /opt/stack/keystone/keystone/server/flask/request_processing/req_logging.py:27}}
Feb 27 00:40:49 ubuntu devstack@keystone.service[81814]: DEBUG keystone.server.flask.request_processing.req_logging [None req-12ef679f-fcf5-4c91-9a6b-e86ed81f8516 None admin] PATH_INFO: `/v3/projects` {{(pid=81814) log_request_info /opt/stack/keystone/keystone/server/flask/request_processing/req_logging.py:28}}
Feb 27 00:40:49 ubuntu devstack@keystone.service[81814]: DEBUG keystone.common.rbac_enforcer.enforcer [None req-12ef679f-fcf5-4c91-9a6b-e86ed81f8516 None admin] RBAC: Authorizing `identity:create_project()` {{(pid=81814) enforce_call /opt/stack/keystone/keystone/common/rbac_enforcer/enforcer.py:494}}
Feb 27 00:40:49 ubuntu devstack@keystone.service[81814]: DEBUG keystone.common.rbac_enforcer.enforcer [None req-12ef679f-fcf5-4c91-9a6b-e86ed81f8516 None admin] RBAC: Authorization granted {{(pid=81814) enforce_call /opt/stack/keystone/keystone/common/rbac_enforcer/enforcer.py:505}}
Feb 27 00:40:49 ubuntu devstack@keystone.service[81814]: [pid: 81814|app: 0|req: 18/35] 10.201.5.82 () {60 vars in 1177 bytes} [Fri Feb 27 00:40:49 2026] POST /identity/v3/projects => generated 301 bytes in 69 msecs (HTTP/1.1 201) 5 headers in 182 bytes (1 switches on core 0)
Feb 27 00:40:49 ubuntu devstack@keystone.service[81814]: DEBUG keystone.server.flask.request_processing.req_logging [None req-c2a88b9f-02a7-490d-ad58-a383fbf31ee1 None None] REQUEST_METHOD: `GET` {{(pid=81814) log_request_info /opt/stack/keystone/keystone/server/flask/request_processing/req_logging.py:26}}
Feb 27 00:40:49 ubuntu devstack@keystone.service[81814]: DEBUG keystone.server.flask.request_processing.req_logging [None req-c2a88b9f-02a7-490d-ad58-a383fbf31ee1 None None] SCRIPT_NAME: `/identity` {{(pid=81814) log_request_info /opt/stack/keystone/keystone/server/flask/request_processing/req_logging.py:27}}
Feb 27 00:40:49 ubuntu devstack@keystone.service[81814]: DEBUG keystone.server.flask.request_processing.req_logging [None req-c2a88b9f-02a7-490d-ad58-a383fbf31ee1 None None] PATH_INFO: `/` {{(pid=81814) log_request_info /opt/stack/keystone/keystone/server/flask/request_processing/req_logging.py:28}}
Feb 27 00:40:49 ubuntu devstack@keystone.service[81814]: [pid: 81814|app: 0|req: 19/36] 10.201.5.82 () {54 vars in 920 bytes} [Fri Feb 27 00:40:49 2026] GET /identity => generated 270 bytes in 1 msecs (HTTP/1.1 300) 6 headers in 234 bytes (1 switches on core 0)
Feb 27 00:40:49 ubuntu devstack@keystone.service[81814]: DEBUG keystone.server.flask.request_processing.middleware.auth_context [None req-c2a88b9f-02a7-490d-ad58-a383fbf31ee1 None None] Authenticating user token {{(pid=81814) process_request /opt/stack/data/venv/lib/python3.10/site-packages/keystonemiddleware/auth_token/__init__.py:407}}
Feb 27 00:40:49 ubuntu devstack@keystone.service[81814]: DEBUG keystone.server.flask.request_processing.middleware.auth_context [None req-c2a88b9f-02a7-490d-ad58-a383fbf31ee1 None None] Validating token access rules against request {{(pid=81814) validate_allowed_request /opt/stack/data/venv/lib/python3.10/site-packages/keystonemiddleware/auth_token/__init__.py:545}}
Feb 27 00:40:49 ubuntu devstack@keystone.service[81813]: DEBUG keystone.server.flask.request_processing.middleware.auth_context [None req-5040c450-1ad1-48ae-849b-7844685193f9 None admin] Validating token access rules against request {{(pid=81813) validate_allowed_request /opt/stack/data/venv/lib/python3.10/site-packages/keystonemiddleware/auth_token/__init__.py:545}}
Feb 27 00:40:49 ubuntu devstack@keystone.service[81814]: DEBUG keystone.server.flask.request_processing.middleware.auth_context [None req-d55746fe-4923-4385-ba11-7c278f34de3a None admin] RBAC: auth_context: {'token': <TokenModel (audit_id=karfoadOTxO9goic1p-JKw, audit_chain_id=['karfoadOTxO9goic1p-JKw']) at 0x7fc12abc31f0>, 'domain_id': None, 'trust_id': None, 'trustor_id': None, 'trustee_id': None, 'domain_name': None, 'group_ids': [], 'user_id': '39c086d4d2e849e6a719315f1ca95230', 'user_domain_id': 'default', 'system_scope': 'all', 'project_id': None, 'project_domain_id': None, 'roles': ['admin', 'manager', 'member', 'reader'], 'is_admin_project': True, 'service_user_id': None, 'service_user_domain_id': None, 'service_project_id': None, 'service_project_domain_id': None, 'service_roles': []} {{(pid=81814) fill_context /opt/stack/keystone/keystone/server/flask/request_processing/middleware/auth_context.py:509}}
Feb 27 00:40:49 ubuntu devstack@keystone.service[81814]: DEBUG keystone.server.flask.request_processing.req_logging [None req-d55746fe-4923-4385-ba11-7c278f34de3a None admin] REQUEST_METHOD: `POST` {{(pid=81814) log_request_info /opt/stack/keystone/keystone/server/flask/request_processing/req_logging.py:26}}
Feb 27 00:40:49 ubuntu devstack@keystone.service[81814]: DEBUG keystone.server.flask.request_processing.req_logging [None req-d55746fe-4923-4385-ba11-7c278f34de3a None admin] SCRIPT_NAME: `/identity` {{(pid=81814) log_request_info /opt/stack/keystone/keystone/server/flask/request_processing/req_logging.py:27}}
Feb 27 00:40:49 ubuntu devstack@keystone.service[81814]: DEBUG keystone.server.flask.request_processing.req_logging [None req-d55746fe-4923-4385-ba11-7c278f34de3a None admin] PATH_INFO: `/v3/roles` {{(pid=81814) log_request_info /opt/stack/keystone/keystone/server/flask/request_processing/req_logging.py:28}}
Feb 27 00:40:49 ubuntu devstack@keystone.service[81814]: DEBUG keystone.common.rbac_enforcer.enforcer [None req-d55746fe-4923-4385-ba11-7c278f34de3a None admin] RBAC: Authorizing `identity:create_role()` {{(pid=81814) enforce_call /opt/stack/keystone/keystone/common/rbac_enforcer/enforcer.py:494}}
Feb 27 00:40:49 ubuntu devstack@keystone.service[81814]: DEBUG keystone.common.rbac_enforcer.enforcer [None req-d55746fe-4923-4385-ba11-7c278f34de3a None admin] RBAC: Authorization granted {{(pid=81814) enforce_call /opt/stack/keystone/keystone/common/rbac_enforcer/enforcer.py:505}}
Feb 27 00:40:49 ubuntu devstack@keystone.service[81813]: DEBUG keystone.server.flask.request_processing.middleware.auth_context [None req-0d2a5848-1712-41a3-9ffd-9c3f55565a7d None admin] RBAC: auth_context: {'token': <TokenModel (audit_id=5wAejTlJS82KhzH0iLEliQ, audit_chain_id=['5wAejTlJS82KhzH0iLEliQ']) at 0x7fc129ed63b0>, 'domain_id': None, 'trust_id': None, 'trustor_id': None, 'trustee_id': None, 'domain_name': None, 'group_ids': [], 'user_id': '39c086d4d2e849e6a719315f1ca95230', 'user_domain_id': 'default', 'system_scope': 'all', 'project_id': None, 'project_domain_id': None, 'roles': ['admin', 'manager', 'member', 'reader'], 'is_admin_project': True, 'service_user_id': None, 'service_user_domain_id': None, 'service_project_id': None, 'service_project_domain_id': None, 'service_roles': []} {{(pid=81813) fill_context /opt/stack/keystone/keystone/server/flask/request_processing/middleware/auth_context.py:509}}
Feb 27 00:40:49 ubuntu devstack@keystone.service[81814]: DEBUG keystone.common.sql.core [None req-d55746fe-4923-4385-ba11-7c278f34de3a None admin] Conflict role: (pymysql.err.IntegrityError) (1062, "Duplicate entry 'service-<<null>>' for key 'role.ixu_role_name_domain_id'")
Feb 27 00:40:49 ubuntu devstack@keystone.service[81814]: [SQL: INSERT INTO `role` (id, name, description, extra) VALUES (%(id)s, %(name)s, %(description)s, %(extra)s)]
Feb 27 00:40:49 ubuntu devstack@keystone.service[81814]: [parameters: {'id': 'e4926e4ff68f467bb54b9e1231a359a6', 'name': 'service', 'description': None, 'extra': '{}'}]
Feb 27 00:40:49 ubuntu devstack@keystone.service[81814]: (Background on this error at: https://sqlalche.me/e/20/gkpj) {{(pid=81814) wrapper /opt/stack/keystone/keystone/common/sql/core.py:580}}
Feb 27 00:40:49 ubuntu devstack@keystone.service[81813]: DEBUG keystone.server.flask.request_processing.req_logging [None req-0d2a5848-1712-41a3-9ffd-9c3f55565a7d None admin] REQUEST_METHOD: `GET` {{(pid=81813) log_request_info /opt/stack/keystone/keystone/server/flask/request_processing/req_logging.py:26}}
Feb 27 00:40:49 ubuntu devstack@keystone.service[81813]: DEBUG keystone.server.flask.request_processing.req_logging [None req-0d2a5848-1712-41a3-9ffd-9c3f55565a7d None admin] SCRIPT_NAME: `/identity` {{(pid=81813) log_request_info /opt/stack/keystone/keystone/server/flask/request_processing/req_logging.py:27}}
Feb 27 00:40:49 ubuntu devstack@keystone.service[81813]: DEBUG keystone.server.flask.request_processing.req_logging [None req-0d2a5848-1712-41a3-9ffd-9c3f55565a7d None admin] PATH_INFO: `/v3/role_assignments` {{(pid=81813) log_request_info /opt/stack/keystone/keystone/server/flask/request_processing/req_logging.py:28}}
Feb 27 00:40:49 ubuntu devstack@keystone.service[81813]: DEBUG keystone.common.rbac_enforcer.enforcer [None req-0d2a5848-1712-41a3-9ffd-9c3f55565a7d None admin] RBAC: Adding query filter params (role.id=e95a962fb1844b41936642e0de68ea28, scope.domain.id=default, user.id=39c086d4d2e849e6a719315f1ca95230) {{(pid=81813) _extract_filter_values /opt/stack/keystone/keystone/common/rbac_enforcer/enforcer.py:176}}
Feb 27 00:40:49 ubuntu devstack@keystone.service[81813]: DEBUG keystone.common.rbac_enforcer.enforcer [None req-0d2a5848-1712-41a3-9ffd-9c3f55565a7d None admin] RBAC: Authorizing `identity:list_role_assignments()` {{(pid=81813) enforce_call /opt/stack/keystone/keystone/common/rbac_enforcer/enforcer.py:494}}
Feb 27 00:40:49 ubuntu devstack@keystone.service[81813]: DEBUG keystone.common.rbac_enforcer.enforcer [None req-0d2a5848-1712-41a3-9ffd-9c3f55565a7d None admin] RBAC: Authorization granted {{(pid=81813) enforce_call /opt/stack/keystone/keystone/common/rbac_enforcer/enforcer.py:505}}
Feb 27 00:40:49 ubuntu devstack@keystone.service[81813]: [pid: 81813|app: 0|req: 18/37] 10.201.5.82 () {56 vars in 1372 bytes} [Fri Feb 27 00:40:49 2026] GET /identity/v3/role_assignments?role.id=e95a962fb1844b41936642e0de68ea28&scope.domain.id=default&user.id=39c086d4d2e849e6a719315f1ca95230 => generated 530 bytes in 93 msecs (HTTP/1.1 200) 5 headers in 177 bytes (1 switches on core 0)
Feb 27 00:40:49 ubuntu devstack@keystone.service[81813]: DEBUG keystone.server.flask.request_processing.req_logging [None req-8e79d246-4170-4f25-a480-bc57f0731856 None None] REQUEST_METHOD: `POST` {{(pid=81813) log_request_info /opt/stack/keystone/keystone/server/flask/request_processing/req_logging.py:26}}
Feb 27 00:40:49 ubuntu devstack@keystone.service[81813]: DEBUG keystone.server.flask.request_processing.req_logging [None req-8e79d246-4170-4f25-a480-bc57f0731856 None None] SCRIPT_NAME: `/identity` {{(pid=81813) log_request_info /opt/stack/keystone/keystone/server/flask/request_processing/req_logging.py:27}}
Feb 27 00:40:49 ubuntu devstack@keystone.service[81813]: DEBUG keystone.server.flask.request_processing.req_logging [None req-8e79d246-4170-4f25-a480-bc57f0731856 None None] PATH_INFO: `/v3/auth/tokens` {{(pid=81813) log_request_info /opt/stack/keystone/keystone/server/flask/request_processing/req_logging.py:28}}
Feb 27 00:40:49 ubuntu devstack@keystone.service[81814]: ERROR keystone.server.flask.application [None req-d55746fe-4923-4385-ba11-7c278f34de3a None admin] Conflict occurred attempting to store role - Duplicate entry found with name service.: keystone.exception.Conflict: Conflict occurred attempting to store role - Duplicate entry found with name service.
Feb 27 00:40:49 ubuntu devstack@keystone.service[81814]: ERROR keystone.server.flask.application Traceback (most recent call last):
Feb 27 00:40:49 ubuntu devstack@keystone.service[81814]: ERROR keystone.server.flask.application   File "/opt/stack/data/venv/lib/python3.10/site-packages/sqlalchemy/engine/base.py", line 1967, in _exec_single_context
Feb 27 00:40:49 ubuntu devstack@keystone.service[81814]: ERROR keystone.server.flask.application     self.dialect.do_execute(
Feb 27 00:40:49 ubuntu devstack@keystone.service[81814]: ERROR keystone.server.flask.application   File "/opt/stack/data/venv/lib/python3.10/site-packages/sqlalchemy/engine/default.py", line 952, in do_execute
Feb 27 00:40:49 ubuntu devstack@keystone.service[81814]: ERROR keystone.server.flask.application     cursor.execute(statement, parameters)
Feb 27 00:40:49 ubuntu devstack@keystone.service[81814]: ERROR keystone.server.flask.application   File "/opt/stack/data/venv/lib/python3.10/site-packages/pymysql/cursors.py", line 153, in execute
Feb 27 00:40:49 ubuntu devstack@keystone.service[81814]: ERROR keystone.server.flask.application     result = self._query(query)
Feb 27 00:40:49 ubuntu devstack@keystone.service[81814]: ERROR keystone.server.flask.application   File "/opt/stack/data/venv/lib/python3.10/site-packages/pymysql/cursors.py", line 322, in _query
Feb 27 00:40:49 ubuntu devstack@keystone.service[81814]: ERROR keystone.server.flask.application     conn.query(q)
Feb 27 00:40:49 ubuntu devstack@keystone.service[81814]: ERROR keystone.server.flask.application   File "/opt/stack/data/venv/lib/python3.10/site-packages/pymysql/connections.py", line 575, in query
Feb 27 00:40:49 ubuntu devstack@keystone.service[81814]: ERROR keystone.server.flask.application     self._affected_rows = self._read_query_result(unbuffered=unbuffered)
Feb 27 00:40:49 ubuntu devstack@keystone.service[81814]: ERROR keystone.server.flask.application   File "/opt/stack/data/venv/lib/python3.10/site-packages/pymysql/connections.py", line 826, in _read_query_result
Feb 27 00:40:49 ubuntu devstack@keystone.service[81814]: ERROR keystone.server.flask.application     result.read()
Feb 27 00:40:49 ubuntu devstack@keystone.service[81814]: ERROR keystone.server.flask.application   File "/opt/stack/data/venv/lib/python3.10/site-packages/pymysql/connections.py", line 1203, in read
Feb 27 00:40:49 ubuntu devstack@keystone.service[81814]: ERROR keystone.server.flask.application     first_packet = self.connection._read_packet()
Feb 27 00:40:49 ubuntu devstack@keystone.service[81814]: ERROR keystone.server.flask.application   File "/opt/stack/data/venv/lib/python3.10/site-packages/pymysql/connections.py", line 782, in _read_packet
Feb 27 00:40:49 ubuntu devstack@keystone.service[81814]: ERROR keystone.server.flask.application     packet.raise_for_error()
Feb 27 00:40:49 ubuntu devstack@keystone.service[81814]: ERROR keystone.server.flask.application   File "/opt/stack/data/venv/lib/python3.10/site-packages/pymysql/protocol.py", line 219, in raise_for_error
Feb 27 00:40:49 ubuntu devstack@keystone.service[81814]: ERROR keystone.server.flask.application     err.raise_mysql_exception(self._data)
Feb 27 00:40:49 ubuntu devstack@keystone.service[81814]: ERROR keystone.server.flask.application   File "/opt/stack/data/venv/lib/python3.10/site-packages/pymysql/err.py", line 150, in raise_mysql_exception
Feb 27 00:40:49 ubuntu devstack@keystone.service[81814]: ERROR keystone.server.flask.application     raise errorclass(errno, errval)
Feb 27 00:40:49 ubuntu devstack@keystone.service[81814]: ERROR keystone.server.flask.application pymysql.err.IntegrityError: (1062, "Duplicate entry 'service-<<null>>' for key 'role.ixu_role_name_domain_id'")
Feb 27 00:40:49 ubuntu devstack@keystone.service[81814]: ERROR keystone.server.flask.application 
Feb 27 00:40:49 ubuntu devstack@keystone.service[81814]: ERROR keystone.server.flask.application The above exception was the direct cause of the following exception:
Feb 27 00:40:49 ubuntu devstack@keystone.service[81814]: ERROR keystone.server.flask.application 
Feb 27 00:40:49 ubuntu devstack@keystone.service[81814]: ERROR keystone.server.flask.application Traceback (most recent call last):
Feb 27 00:40:49 ubuntu devstack@keystone.service[81814]: ERROR keystone.server.flask.application   File "/opt/stack/keystone/keystone/common/sql/core.py", line 575, in wrapper
Feb 27 00:40:49 ubuntu devstack@keystone.service[81814]: ERROR keystone.server.flask.application     return method(*args, **kwargs)
Feb 27 00:40:49 ubuntu devstack@keystone.service[81814]: ERROR keystone.server.flask.application   File "/opt/stack/keystone/keystone/assignment/role_backends/sql.py", line 25, in create_role
Feb 27 00:40:49 ubuntu devstack@keystone.service[81814]: ERROR keystone.server.flask.application     with sql.session_for_write() as session:
Feb 27 00:40:49 ubuntu devstack@keystone.service[81814]: ERROR keystone.server.flask.application   File "/usr/lib/python3.10/contextlib.py", line 142, in __exit__
Feb 27 00:40:49 ubuntu devstack@keystone.service[81814]: ERROR keystone.server.flask.application     next(self.gen)
Feb 27 00:40:49 ubuntu devstack@keystone.service[81814]: ERROR keystone.server.flask.application   File "/opt/stack/data/venv/lib/python3.10/site-packages/oslo_db/sqlalchemy/enginefacade.py", line 1175, in _transaction_scope
Feb 27 00:40:49 ubuntu devstack@keystone.service[81814]: ERROR keystone.server.flask.application     with current._produce_block(
