Feb 21 08:56:49 ubuntu devstack@g-api.service[119529]: DEBUG glance.common.config [None req-3d264ecc-07a2-44d2-acb3-e995eeea67a5 None None] barbican.split_loggers         = False {{(pid=119529) log_opt_values /opt/stack/data/venv/lib/python3.10/site-packages/oslo_config/cfg.py:2609}}
Feb 21 08:56:49 ubuntu devstack@g-api.service[119528]: DEBUG glance.common.config [None req-9fe06203-2977-4a1c-96c8-0079eea4627f None None] ******************************************************************************** {{(pid=119528) log_opt_values /opt/stack/data/venv/lib/python3.10/site-packages/oslo_config/cfg.py:2613}}
Feb 21 08:56:49 ubuntu devstack@g-api.service[119528]: WSGI app 0 (mountpoint='') ready in 2 seconds on interpreter 0x5583e8137d70 pid: 119528 (default app)
Feb 21 08:56:49 ubuntu devstack@g-api.service[119529]: DEBUG glance.common.config [None req-3d264ecc-07a2-44d2-acb3-e995eeea67a5 None None] barbican.timeout               = None {{(pid=119529) log_opt_values /opt/stack/data/venv/lib/python3.10/site-packages/oslo_config/cfg.py:2609}}
Feb 21 08:56:49 ubuntu devstack@g-api.service[119529]: DEBUG glance.common.config [None req-3d264ecc-07a2-44d2-acb3-e995eeea67a5 None None] barbican.verify_ssl            = True {{(pid=119529) log_opt_values /opt/stack/data/venv/lib/python3.10/site-packages/oslo_config/cfg.py:2609}}
Feb 21 08:56:49 ubuntu devstack@g-api.service[119529]: DEBUG glance.common.config [None req-3d264ecc-07a2-44d2-acb3-e995eeea67a5 None None] barbican.verify_ssl_path       = None {{(pid=119529) log_opt_values /opt/stack/data/venv/lib/python3.10/site-packages/oslo_config/cfg.py:2609}}
Feb 21 08:56:49 ubuntu devstack@g-api.service[119529]: DEBUG glance.common.config [None req-3d264ecc-07a2-44d2-acb3-e995eeea67a5 None None] barbican_service_user.auth_section = None {{(pid=119529) log_opt_values /opt/stack/data/venv/lib/python3.10/site-packages/oslo_config/cfg.py:2609}}
Feb 21 08:56:49 ubuntu devstack@g-api.service[119528]: DEBUG glance.api.middleware.version_negotiation [None req-9fe06203-2977-4a1c-96c8-0079eea4627f None None] Determining version of request: GET / Accept: */* {{(pid=119528) process_request /opt/stack/glance/glance/api/middleware/version_negotiation.py:44}}
Feb 21 08:56:49 ubuntu devstack@g-api.service[119529]: DEBUG glance.common.config [None req-3d264ecc-07a2-44d2-acb3-e995eeea67a5 None None] barbican_service_user.auth_type = None {{(pid=119529) log_opt_values /opt/stack/data/venv/lib/python3.10/site-packages/oslo_config/cfg.py:2609}}
Feb 21 08:56:49 ubuntu devstack@g-api.service[119528]: DEBUG glance.api.middleware.version_negotiation [None req-9fe06203-2977-4a1c-96c8-0079eea4627f None None] Using url versioning {{(pid=119528) process_request /opt/stack/glance/glance/api/middleware/version_negotiation.py:57}}
Feb 21 08:56:49 ubuntu devstack@g-api.service[119529]: DEBUG glance.common.config [None req-3d264ecc-07a2-44d2-acb3-e995eeea67a5 None None] barbican_service_user.cafile   = None {{(pid=119529) log_opt_values /opt/stack/data/venv/lib/python3.10/site-packages/oslo_config/cfg.py:2609}}
Feb 21 08:56:49 ubuntu devstack@g-api.service[119529]: DEBUG glance.common.config [None req-3d264ecc-07a2-44d2-acb3-e995eeea67a5 None None] barbican_service_user.certfile = None {{(pid=119529) log_opt_values /opt/stack/data/venv/lib/python3.10/site-packages/oslo_config/cfg.py:2609}}
Feb 21 08:56:49 ubuntu devstack@g-api.service[119528]: DEBUG glance.api.middleware.version_negotiation [None req-9fe06203-2977-4a1c-96c8-0079eea4627f None None] Unknown version. Returning version choices. {{(pid=119528) process_request /opt/stack/glance/glance/api/middleware/version_negotiation.py:64}}
Feb 21 08:56:49 ubuntu devstack@g-api.service[119529]: DEBUG glance.common.config [None req-3d264ecc-07a2-44d2-acb3-e995eeea67a5 None None] barbican_service_user.collect_timing = False {{(pid=119529) log_opt_values /opt/stack/data/venv/lib/python3.10/site-packages/oslo_config/cfg.py:2609}}
Feb 21 08:56:49 ubuntu devstack@g-api.service[119529]: DEBUG glance.common.config [None req-3d264ecc-07a2-44d2-acb3-e995eeea67a5 None None] barbican_service_user.insecure = False {{(pid=119529) log_opt_values /opt/stack/data/venv/lib/python3.10/site-packages/oslo_config/cfg.py:2609}}
Feb 21 08:56:49 ubuntu devstack@g-api.service[119529]: DEBUG glance.common.config [None req-3d264ecc-07a2-44d2-acb3-e995eeea67a5 None None] barbican_service_user.keyfile  = None {{(pid=119529) log_opt_values /opt/stack/data/venv/lib/python3.10/site-packages/oslo_config/cfg.py:2609}}
Feb 21 08:56:49 ubuntu devstack@g-api.service[119529]: DEBUG glance.common.config [None req-3d264ecc-07a2-44d2-acb3-e995eeea67a5 None None] barbican_service_user.split_loggers = False {{(pid=119529) log_opt_values /opt/stack/data/venv/lib/python3.10/site-packages/oslo_config/cfg.py:2609}}
Feb 21 08:56:49 ubuntu devstack@g-api.service[119529]: DEBUG glance.common.config [None req-3d264ecc-07a2-44d2-acb3-e995eeea67a5 None None] barbican_service_user.timeout  = None {{(pid=119529) log_opt_values /opt/stack/data/venv/lib/python3.10/site-packages/oslo_config/cfg.py:2609}}
Feb 21 08:56:49 ubuntu devstack@g-api.service[119529]: DEBUG glance.common.config [None req-3d264ecc-07a2-44d2-acb3-e995eeea67a5 None None] healthcheck.allowed_source_ranges = [] {{(pid=119529) log_opt_values /opt/stack/data/venv/lib/python3.10/site-packages/oslo_config/cfg.py:2609}}
Feb 21 08:56:49 ubuntu devstack@g-api.service[119528]: [pid: 119528|app: 0|req: 1/1] 127.0.0.1 () {32 vars in 386 bytes} [Wed Feb 21 08:56:49 2024] GET / => generated 1299 bytes in 1 msecs (HTTP/1.1 300) 3 headers in 106 bytes (1 switches on core 0)
Feb 21 08:56:49 ubuntu devstack@g-api.service[119529]: DEBUG glance.common.config [None req-3d264ecc-07a2-44d2-acb3-e995eeea67a5 None None] healthcheck.backends           = ['disable_by_file'] {{(pid=119529) log_opt_values /opt/stack/data/venv/lib/python3.10/site-packages/oslo_config/cfg.py:2609}}
Feb 21 08:56:49 ubuntu devstack@g-api.service[119529]: DEBUG glance.common.config [None req-3d264ecc-07a2-44d2-acb3-e995eeea67a5 None None] healthcheck.detailed           = False {{(pid=119529) log_opt_values /opt/stack/data/venv/lib/python3.10/site-packages/oslo_config/cfg.py:2609}}
Feb 21 08:56:49 ubuntu devstack@g-api.service[119529]: DEBUG glance.common.config [None req-3d264ecc-07a2-44d2-acb3-e995eeea67a5 None None] healthcheck.disable_by_file_path = None {{(pid=119529) log_opt_values /opt/stack/data/venv/lib/python3.10/site-packages/oslo_config/cfg.py:2609}}
Feb 21 08:56:49 ubuntu devstack@g-api.service[119529]: DEBUG glance.common.config [None req-3d264ecc-07a2-44d2-acb3-e995eeea67a5 None None] healthcheck.path               = /healthcheck {{(pid=119529) log_opt_values /opt/stack/data/venv/lib/python3.10/site-packages/oslo_config/cfg.py:2609}}
Feb 21 08:56:49 ubuntu devstack@g-api.service[119529]: DEBUG glance.common.config [None req-3d264ecc-07a2-44d2-acb3-e995eeea67a5 None None] ******************************************************************************** {{(pid=119529) log_opt_values /opt/stack/data/venv/lib/python3.10/site-packages/oslo_config/cfg.py:2613}}
Feb 21 08:56:49 ubuntu devstack@g-api.service[119529]: WSGI app 0 (mountpoint='') ready in 2 seconds on interpreter 0x5583e8137d70 pid: 119529 (default app)
Feb 21 08:57:24 ubuntu devstack@g-api.service[119528]: DEBUG glance.api.middleware.version_negotiation [None req-9fe06203-2977-4a1c-96c8-0079eea4627f None None] Determining version of request: GET / Accept: application/json {{(pid=119528) process_request /opt/stack/glance/glance/api/middleware/version_negotiation.py:44}}
Feb 21 08:57:24 ubuntu devstack@g-api.service[119528]: DEBUG glance.api.middleware.version_negotiation [None req-9fe06203-2977-4a1c-96c8-0079eea4627f None None] Using url versioning {{(pid=119528) process_request /opt/stack/glance/glance/api/middleware/version_negotiation.py:57}}
Feb 21 08:57:24 ubuntu devstack@g-api.service[119528]: DEBUG glance.api.middleware.version_negotiation [None req-9fe06203-2977-4a1c-96c8-0079eea4627f None None] Unknown version. Returning version choices. {{(pid=119528) process_request /opt/stack/glance/glance/api/middleware/version_negotiation.py:64}}
Feb 21 08:57:24 ubuntu devstack@g-api.service[119528]: [pid: 119528|app: 0|req: 2/2] 127.0.0.1 () {34 vars in 502 bytes} [Wed Feb 21 08:57:24 2024] GET / => generated 1299 bytes in 2 msecs (HTTP/1.1 300) 3 headers in 106 bytes (1 switches on core 0)
Feb 21 08:57:24 ubuntu devstack@g-api.service[119529]: DEBUG glance.api.middleware.version_negotiation [None req-3d264ecc-07a2-44d2-acb3-e995eeea67a5 None None] Determining version of request: POST /v2/images Accept: */* {{(pid=119529) process_request /opt/stack/glance/glance/api/middleware/version_negotiation.py:44}}
Feb 21 08:57:24 ubuntu devstack@g-api.service[119529]: DEBUG glance.api.middleware.version_negotiation [None req-3d264ecc-07a2-44d2-acb3-e995eeea67a5 None None] Using url versioning {{(pid=119529) process_request /opt/stack/glance/glance/api/middleware/version_negotiation.py:57}}
Feb 21 08:57:24 ubuntu devstack@g-api.service[119529]: DEBUG glance.api.middleware.version_negotiation [None req-3d264ecc-07a2-44d2-acb3-e995eeea67a5 None None] Matched version: v2 {{(pid=119529) process_request /opt/stack/glance/glance/api/middleware/version_negotiation.py:69}}
Feb 21 08:57:24 ubuntu devstack@g-api.service[119529]: DEBUG glance.api.middleware.version_negotiation [None req-3d264ecc-07a2-44d2-acb3-e995eeea67a5 None None] new path /v2/images {{(pid=119529) process_request /opt/stack/glance/glance/api/middleware/version_negotiation.py:70}}
Feb 21 08:57:25 ubuntu devstack@g-api.service[119529]: INFO dbcounter [None req-6e7b9e3b-39bc-4145-9fdc-b003c9086bc2 admin admin] Registered counter for database glance
Feb 21 08:57:25 ubuntu devstack@g-api.service[119529]: DEBUG oslo_db.sqlalchemy.engines [None req-6e7b9e3b-39bc-4145-9fdc-b003c9086bc2 admin admin] MySQL server mode set to STRICT_TRANS_TABLES,STRICT_ALL_TABLES,NO_ZERO_IN_DATE,NO_ZERO_DATE,ERROR_FOR_DIVISION_BY_ZERO,TRADITIONAL,NO_ENGINE_SUBSTITUTION {{(pid=119529) _check_effective_sql_mode /opt/stack/data/venv/lib/python3.10/site-packages/oslo_db/sqlalchemy/engines.py:342}}
Feb 21 08:57:25 ubuntu devstack@g-api.service[119529]: DEBUG dbcounter [-] [119529] Writer thread running {{(pid=119529) stat_writer /opt/stack/data/venv/lib/python3.10/site-packages/dbcounter.py:102}}
Feb 21 08:57:25 ubuntu devstack@g-api.service[119529]: [pid: 119529|app: 0|req: 1/3] 127.0.0.1 () {40 vars in 765 bytes} [Wed Feb 21 08:57:24 2024] POST /v2/images => generated 807 bytes in 1034 msecs (HTTP/1.1 201) 6 headers in 314 bytes (1 switches on core 0)
Feb 21 08:57:25 ubuntu devstack@g-api.service[119528]: DEBUG glance.api.middleware.version_negotiation [None req-9fe06203-2977-4a1c-96c8-0079eea4627f None None] Determining version of request: PUT /v2/images/5275154a-8ffc-4c68-a027-af09429075da/file Accept:  {{(pid=119528) process_request /opt/stack/glance/glance/api/middleware/version_negotiation.py:44}}
Feb 21 08:57:25 ubuntu devstack@g-api.service[119528]: DEBUG glance.api.middleware.version_negotiation [None req-9fe06203-2977-4a1c-96c8-0079eea4627f None None] Using url versioning {{(pid=119528) process_request /opt/stack/glance/glance/api/middleware/version_negotiation.py:57}}
Feb 21 08:57:25 ubuntu devstack@g-api.service[119528]: DEBUG glance.api.middleware.version_negotiation [None req-9fe06203-2977-4a1c-96c8-0079eea4627f None None] Matched version: v2 {{(pid=119528) process_request /opt/stack/glance/glance/api/middleware/version_negotiation.py:69}}
Feb 21 08:57:25 ubuntu devstack@g-api.service[119528]: DEBUG glance.api.middleware.version_negotiation [None req-9fe06203-2977-4a1c-96c8-0079eea4627f None None] new path /v2/images/5275154a-8ffc-4c68-a027-af09429075da/file {{(pid=119528) process_request /opt/stack/glance/glance/api/middleware/version_negotiation.py:70}}
Feb 21 08:57:26 ubuntu devstack@g-api.service[119528]: INFO dbcounter [None req-f42ac0ec-d085-4a56-a651-0f18c0f8919b admin admin] Registered counter for database glance
Feb 21 08:57:26 ubuntu devstack@g-api.service[119528]: DEBUG oslo_db.sqlalchemy.engines [None req-f42ac0ec-d085-4a56-a651-0f18c0f8919b admin admin] MySQL server mode set to STRICT_TRANS_TABLES,STRICT_ALL_TABLES,NO_ZERO_IN_DATE,NO_ZERO_DATE,ERROR_FOR_DIVISION_BY_ZERO,TRADITIONAL,NO_ENGINE_SUBSTITUTION {{(pid=119528) _check_effective_sql_mode /opt/stack/data/venv/lib/python3.10/site-packages/oslo_db/sqlalchemy/engines.py:342}}
Feb 21 08:57:26 ubuntu devstack@g-api.service[119528]: DEBUG dbcounter [-] [119528] Writer thread running {{(pid=119528) stat_writer /opt/stack/data/venv/lib/python3.10/site-packages/dbcounter.py:102}}
Feb 21 08:57:26 ubuntu devstack@g-api.service[119528]: INFO glance.api.v2.image_data [None req-f42ac0ec-d085-4a56-a651-0f18c0f8919b admin admin] Unable to create trust: no such option collect_timing in group [keystone_authtoken] Use the existing user token.
Feb 21 08:57:26 ubuntu devstack@g-api.service[119528]: DEBUG glance.location [None req-f42ac0ec-d085-4a56-a651-0f18c0f8919b admin admin] Enabling in-flight format inspection for qcow2 {{(pid=119528) set_data /opt/stack/glance/glance/location.py:581}}
Feb 21 08:57:26 ubuntu devstack@g-api.service[119528]: DEBUG glance_store.backend [None req-f42ac0ec-d085-4a56-a651-0f18c0f8919b admin admin] Attempting to import store swift {{(pid=119528) _load_store /opt/stack/data/venv/lib/python3.10/site-packages/glance_store/backend.py:216}}
Feb 21 08:57:26 ubuntu devstack@g-api.service[119528]: DEBUG glance_store.capabilities [None req-f42ac0ec-d085-4a56-a651-0f18c0f8919b admin admin] Store glance_store._drivers.swift.store.SingleTenantStore doesn't support updating dynamic storage capabilities. Please overwrite 'update_capabilities' method of the store to implement updating logics if needed. {{(pid=119528) update_capabilities /opt/stack/data/venv/lib/python3.10/site-packages/glance_store/capabilities.py:91}}
Feb 21 08:57:26 ubuntu devstack@g-api.service[119528]: DEBUG glance_store.driver [None req-f42ac0ec-d085-4a56-a651-0f18c0f8919b admin admin] Late loading location class glance_store._drivers.swift.store.StoreLocation {{(pid=119528) get_store_location_class /opt/stack/data/venv/lib/python3.10/site-packages/glance_store/driver.py:133}}
Feb 21 08:57:26 ubuntu devstack@g-api.service[119528]: DEBUG glance_store.location [None req-f42ac0ec-d085-4a56-a651-0f18c0f8919b admin admin] Registering scheme swift+https with {'store': <glance_store._drivers.swift.store.SingleTenantStore object at 0x7f8a7f0058d0>, 'location_class': <class 'glance_store._drivers.swift.store.StoreLocation'>, 'store_entry': 'swift'} {{(pid=119528) register_scheme_map /opt/stack/data/venv/lib/python3.10/site-packages/glance_store/location.py:146}}
Feb 21 08:57:26 ubuntu devstack@g-api.service[119528]: DEBUG glance_store.location [None req-f42ac0ec-d085-4a56-a651-0f18c0f8919b admin admin] Registering scheme swift+https with {'store': <glance_store._drivers.swift.store.SingleTenantStore object at 0x7f8a7f0058d0>, 'location_class': <class 'glance_store._drivers.swift.store.StoreLocation'>, 'store_entry': 'swift'} {{(pid=119528) register_scheme_map /opt/stack/data/venv/lib/python3.10/site-packages/glance_store/location.py:146}}
Feb 21 08:57:26 ubuntu devstack@g-api.service[119528]: DEBUG glance_store.location [None req-f42ac0ec-d085-4a56-a651-0f18c0f8919b admin admin] Registering scheme swift with {'store': <glance_store._drivers.swift.store.SingleTenantStore object at 0x7f8a7f0058d0>, 'location_class': <class 'glance_store._drivers.swift.store.StoreLocation'>, 'store_entry': 'swift'} {{(pid=119528) register_scheme_map /opt/stack/data/venv/lib/python3.10/site-packages/glance_store/location.py:146}}
Feb 21 08:57:26 ubuntu devstack@g-api.service[119528]: DEBUG glance_store.location [None req-f42ac0ec-d085-4a56-a651-0f18c0f8919b admin admin] Registering scheme swift+https with {'store': <glance_store._drivers.swift.store.SingleTenantStore object at 0x7f8a7f0058d0>, 'location_class': <class 'glance_store._drivers.swift.store.StoreLocation'>, 'store_entry': 'swift'} {{(pid=119528) register_scheme_map /opt/stack/data/venv/lib/python3.10/site-packages/glance_store/location.py:146}}
Feb 21 08:57:26 ubuntu devstack@g-api.service[119528]: DEBUG glance_store.location [None req-f42ac0ec-d085-4a56-a651-0f18c0f8919b admin admin] Registering scheme swift with {'store': <glance_store._drivers.swift.store.SingleTenantStore object at 0x7f8a7f0058d0>, 'location_class': <class 'glance_store._drivers.swift.store.StoreLocation'>, 'store_entry': 'swift'} {{(pid=119528) register_scheme_map /opt/stack/data/venv/lib/python3.10/site-packages/glance_store/location.py:146}}
Feb 21 08:57:26 ubuntu devstack@g-api.service[119528]: DEBUG glance_store.location [None req-f42ac0ec-d085-4a56-a651-0f18c0f8919b admin admin] Registering scheme swift+http with {'store': <glance_store._drivers.swift.store.SingleTenantStore object at 0x7f8a7f0058d0>, 'location_class': <class 'glance_store._drivers.swift.store.StoreLocation'>, 'store_entry': 'swift'} {{(pid=119528) register_scheme_map /opt/stack/data/venv/lib/python3.10/site-packages/glance_store/location.py:146}}
Feb 21 08:57:26 ubuntu devstack@g-api.service[119528]: DEBUG glance_store.location [None req-f42ac0ec-d085-4a56-a651-0f18c0f8919b admin admin] Registering scheme swift+https with {'store': <glance_store._drivers.swift.store.SingleTenantStore object at 0x7f8a7f0058d0>, 'location_class': <class 'glance_store._drivers.swift.store.StoreLocation'>, 'store_entry': 'swift'} {{(pid=119528) register_scheme_map /opt/stack/data/venv/lib/python3.10/site-packages/glance_store/location.py:146}}
Feb 21 08:57:26 ubuntu devstack@g-api.service[119528]: DEBUG glance_store.location [None req-f42ac0ec-d085-4a56-a651-0f18c0f8919b admin admin] Registering scheme swift with {'store': <glance_store._drivers.swift.store.SingleTenantStore object at 0x7f8a7f0058d0>, 'location_class': <class 'glance_store._drivers.swift.store.StoreLocation'>, 'store_entry': 'swift'} {{(pid=119528) register_scheme_map /opt/stack/data/venv/lib/python3.10/site-packages/glance_store/location.py:146}}
Feb 21 08:57:26 ubuntu devstack@g-api.service[119528]: DEBUG glance_store.location [None req-f42ac0ec-d085-4a56-a651-0f18c0f8919b admin admin] Registering scheme swift+http with {'store': <glance_store._drivers.swift.store.SingleTenantStore object at 0x7f8a7f0058d0>, 'location_class': <class 'glance_store._drivers.swift.store.StoreLocation'>, 'store_entry': 'swift'} {{(pid=119528) register_scheme_map /opt/stack/data/venv/lib/python3.10/site-packages/glance_store/location.py:146}}
Feb 21 08:57:26 ubuntu devstack@g-api.service[119528]: DEBUG glance_store.location [None req-f42ac0ec-d085-4a56-a651-0f18c0f8919b admin admin] Registering scheme swift+config with {'store': <glance_store._drivers.swift.store.SingleTenantStore object at 0x7f8a7f0058d0>, 'location_class': <class 'glance_store._drivers.swift.store.StoreLocation'>, 'store_entry': 'swift'} {{(pid=119528) register_scheme_map /opt/stack/data/venv/lib/python3.10/site-packages/glance_store/location.py:146}}
Feb 21 08:57:27 ubuntu devstack@g-api.service[119528]: INFO swiftclient [None req-f42ac0ec-d085-4a56-a651-0f18c0f8919b admin admin] REQ: curl -i http://10.201.5.82:8080/v1/AUTH_65911f39d5544f05bb3eda881cc7d4c7/glance -I -H "X-Auth-Token: gAAAAABl1br2uIR7..."
Feb 21 08:57:27 ubuntu devstack@g-api.service[119528]: INFO swiftclient [None req-f42ac0ec-d085-4a56-a651-0f18c0f8919b admin admin] RESP STATUS: 404 Not Found
Feb 21 08:57:27 ubuntu devstack@g-api.service[119528]: INFO swiftclient [None req-f42ac0ec-d085-4a56-a651-0f18c0f8919b admin admin] RESP HEADERS: {'Content-Type': 'text/html; charset=UTF-8', 'Content-Length': '0', 'X-Container-Sharding': 'False', 'X-Trans-Id': 'tx8779842f89af4f249a398-0065d5baf6', 'X-Openstack-Request-Id': 'tx8779842f89af4f249a398-0065d5baf6', 'Date': 'Wed, 21 Feb 2024 08:57:27 GMT'}
Feb 21 08:57:27 ubuntu devstack@g-api.service[119528]: INFO glance_store._drivers.swift.store [None req-f42ac0ec-d085-4a56-a651-0f18c0f8919b admin admin] Creating swift container glance
Feb 21 08:57:27 ubuntu devstack@g-api.service[119528]: DEBUG swiftclient [None req-f42ac0ec-d085-4a56-a651-0f18c0f8919b admin admin] REQ: curl -i http://10.201.5.82:8080/v1/AUTH_65911f39d5544f05bb3eda881cc7d4c7/glance -X PUT -H "X-Auth-Token: gAAAAABl1br2uIR7..." -H "Content-Length: 0" {{(pid=119528) http_log /opt/stack/data/venv/lib/python3.10/site-packages/swiftclient/client.py:157}}
Feb 21 08:57:27 ubuntu devstack@g-api.service[119528]: DEBUG swiftclient [None req-f42ac0ec-d085-4a56-a651-0f18c0f8919b admin admin] RESP STATUS: 201 Created {{(pid=119528) http_log /opt/stack/data/venv/lib/python3.10/site-packages/swiftclient/client.py:158}}
Feb 21 08:57:27 ubuntu devstack@g-api.service[119528]: DEBUG swiftclient [None req-f42ac0ec-d085-4a56-a651-0f18c0f8919b admin admin] RESP HEADERS: {'Content-Type': 'text/html; charset=UTF-8', 'Content-Length': '0', 'X-Trans-Id': 'tx1e6dd513b78d49cd9129b-0065d5baf7', 'X-Openstack-Request-Id': 'tx1e6dd513b78d49cd9129b-0065d5baf7', 'Date': 'Wed, 21 Feb 2024 08:57:27 GMT'} {{(pid=119528) http_log /opt/stack/data/venv/lib/python3.10/site-packages/swiftclient/client.py:159}}
Feb 21 08:57:27 ubuntu devstack@g-api.service[119528]: DEBUG glance_store._drivers.swift.store [None req-f42ac0ec-d085-4a56-a651-0f18c0f8919b admin admin] Adding image object '5275154a-8ffc-4c68-a027-af09429075da' to Swift {{(pid=119528) add /opt/stack/data/venv/lib/python3.10/site-packages/glance_store/_drivers/swift/store.py:941}}
Feb 21 08:57:27 ubuntu devstack@g-api.service[119528]: DEBUG swiftclient [None req-f42ac0ec-d085-4a56-a651-0f18c0f8919b admin admin] REQ: curl -i http://10.201.5.82:8080/v1/AUTH_65911f39d5544f05bb3eda881cc7d4c7/glance/5275154a-8ffc-4c68-a027-af09429075da -X PUT -H "X-Auth-Token: gAAAAABl1br2uIR7..." -H "Content-Length: 21430272" {{(pid=119528) http_log /opt/stack/data/venv/lib/python3.10/site-packages/swiftclient/client.py:157}}
Feb 21 08:57:27 ubuntu devstack@g-api.service[119528]: DEBUG swiftclient [None req-f42ac0ec-d085-4a56-a651-0f18c0f8919b admin admin] RESP STATUS: 201 Created {{(pid=119528) http_log /opt/stack/data/venv/lib/python3.10/site-packages/swiftclient/client.py:158}}
Feb 21 08:57:27 ubuntu devstack@g-api.service[119528]: DEBUG swiftclient [None req-f42ac0ec-d085-4a56-a651-0f18c0f8919b admin admin] RESP HEADERS: {'Content-Type': 'text/html; charset=UTF-8', 'Content-Length': '0', 'Etag': 'c8fc807773e5354afe61636071771906', 'Last-Modified': 'Wed, 21 Feb 2024 08:57:28 GMT', 'X-Trans-Id': 'tx0ec97e2737594423acc40-0065d5baf7', 'X-Openstack-Request-Id': 'tx0ec97e2737594423acc40-0065d5baf7', 'Date': 'Wed, 21 Feb 2024 08:57:27 GMT'} {{(pid=119528) http_log /opt/stack/data/venv/lib/python3.10/site-packages/swiftclient/client.py:159}}
Feb 21 08:57:27 ubuntu devstack@g-api.service[119528]: INFO glance.location [None req-f42ac0ec-d085-4a56-a651-0f18c0f8919b admin admin] Image format matched and virtual size computed: 117440512
Feb 21 08:57:27 ubuntu devstack@g-api.service[119528]: DEBUG glance_store.backend [None req-f42ac0ec-d085-4a56-a651-0f18c0f8919b admin admin] Attempting to import store swift {{(pid=119528) _load_store /opt/stack/data/venv/lib/python3.10/site-packages/glance_store/backend.py:216}}
Feb 21 08:57:27 ubuntu devstack@g-api.service[119528]: DEBUG glance_store.capabilities [None req-f42ac0ec-d085-4a56-a651-0f18c0f8919b admin admin] Store glance_store._drivers.swift.store.SingleTenantStore doesn't support updating dynamic storage capabilities. Please overwrite 'update_capabilities' method of the store to implement updating logics if needed. {{(pid=119528) update_capabilities /opt/stack/data/venv/lib/python3.10/site-packages/glance_store/capabilities.py:91}}
Feb 21 08:57:27 ubuntu devstack@g-api.service[119528]: DEBUG glance_store.driver [None req-f42ac0ec-d085-4a56-a651-0f18c0f8919b admin admin] Late loading location class glance_store._drivers.swift.store.StoreLocation {{(pid=119528) get_store_location_class /opt/stack/data/venv/lib/python3.10/site-packages/glance_store/driver.py:133}}
Feb 21 08:57:27 ubuntu devstack@g-api.service[119528]: DEBUG glance_store.location [None req-f42ac0ec-d085-4a56-a651-0f18c0f8919b admin admin] Registering scheme swift+https with {'store': <glance_store._drivers.swift.store.SingleTenantStore object at 0x7f8a85189240>, 'location_class': <class 'glance_store._drivers.swift.store.StoreLocation'>, 'store_entry': 'swift'} {{(pid=119528) register_scheme_map /opt/stack/data/venv/lib/python3.10/site-packages/glance_store/location.py:146}}
Feb 21 08:57:27 ubuntu devstack@g-api.service[119528]: DEBUG glance_store.location [None req-f42ac0ec-d085-4a56-a651-0f18c0f8919b admin admin] Registering scheme swift+https with {'store': <glance_store._drivers.swift.store.SingleTenantStore object at 0x7f8a85189240>, 'location_class': <class 'glance_store._drivers.swift.store.StoreLocation'>, 'store_entry': 'swift'} {{(pid=119528) register_scheme_map /opt/stack/data/venv/lib/python3.10/site-packages/glance_store/location.py:146}}
Feb 21 08:57:27 ubuntu devstack@g-api.service[119528]: DEBUG glance_store.location [None req-f42ac0ec-d085-4a56-a651-0f18c0f8919b admin admin] Registering scheme swift with {'store': <glance_store._drivers.swift.store.SingleTenantStore object at 0x7f8a85189240>, 'location_class': <class 'glance_store._drivers.swift.store.StoreLocation'>, 'store_entry': 'swift'} {{(pid=119528) register_scheme_map /opt/stack/data/venv/lib/python3.10/site-packages/glance_store/location.py:146}}
Feb 21 08:57:27 ubuntu devstack@g-api.service[119528]: DEBUG glance_store.location [None req-f42ac0ec-d085-4a56-a651-0f18c0f8919b admin admin] Registering scheme swift+https with {'store': <glance_store._drivers.swift.store.SingleTenantStore object at 0x7f8a85189240>, 'location_class': <class 'glance_store._drivers.swift.store.StoreLocation'>, 'store_entry': 'swift'} {{(pid=119528) register_scheme_map /opt/stack/data/venv/lib/python3.10/site-packages/glance_store/location.py:146}}
Feb 21 08:57:27 ubuntu devstack@g-api.service[119528]: DEBUG glance_store.location [None req-f42ac0ec-d085-4a56-a651-0f18c0f8919b admin admin] Registering scheme swift with {'store': <glance_store._drivers.swift.store.SingleTenantStore object at 0x7f8a85189240>, 'location_class': <class 'glance_store._drivers.swift.store.StoreLocation'>, 'store_entry': 'swift'} {{(pid=119528) register_scheme_map /opt/stack/data/venv/lib/python3.10/site-packages/glance_store/location.py:146}}
Feb 21 08:57:27 ubuntu devstack@g-api.service[119528]: DEBUG glance_store.location [None req-f42ac0ec-d085-4a56-a651-0f18c0f8919b admin admin] Registering scheme swift+http with {'store': <glance_store._drivers.swift.store.SingleTenantStore object at 0x7f8a85189240>, 'location_class': <class 'glance_store._drivers.swift.store.StoreLocation'>, 'store_entry': 'swift'} {{(pid=119528) register_scheme_map /opt/stack/data/venv/lib/python3.10/site-packages/glance_store/location.py:146}}
Feb 21 08:57:27 ubuntu devstack@g-api.service[119528]: DEBUG glance_store.location [None req-f42ac0ec-d085-4a56-a651-0f18c0f8919b admin admin] Registering scheme swift+https with {'store': <glance_store._drivers.swift.store.SingleTenantStore object at 0x7f8a85189240>, 'location_class': <class 'glance_store._drivers.swift.store.StoreLocation'>, 'store_entry': 'swift'} {{(pid=119528) register_scheme_map /opt/stack/data/venv/lib/python3.10/site-packages/glance_store/location.py:146}}
Feb 21 08:57:27 ubuntu devstack@g-api.service[119528]: DEBUG glance_store.location [None req-f42ac0ec-d085-4a56-a651-0f18c0f8919b admin admin] Registering scheme swift with {'store': <glance_store._drivers.swift.store.SingleTenantStore object at 0x7f8a85189240>, 'location_class': <class 'glance_store._drivers.swift.store.StoreLocation'>, 'store_entry': 'swift'} {{(pid=119528) register_scheme_map /opt/stack/data/venv/lib/python3.10/site-packages/glance_store/location.py:146}}
Feb 21 08:57:27 ubuntu devstack@g-api.service[119528]: DEBUG glance_store.location [None req-f42ac0ec-d085-4a56-a651-0f18c0f8919b admin admin] Registering scheme swift+http with {'store': <glance_store._drivers.swift.store.SingleTenantStore object at 0x7f8a85189240>, 'location_class': <class 'glance_store._drivers.swift.store.StoreLocation'>, 'store_entry': 'swift'} {{(pid=119528) register_scheme_map /opt/stack/data/venv/lib/python3.10/site-packages/glance_store/location.py:146}}
Feb 21 08:57:27 ubuntu devstack@g-api.service[119528]: DEBUG glance_store.location [None req-f42ac0ec-d085-4a56-a651-0f18c0f8919b admin admin] Registering scheme swift+config with {'store': <glance_store._drivers.swift.store.SingleTenantStore object at 0x7f8a85189240>, 'location_class': <class 'glance_store._drivers.swift.store.StoreLocation'>, 'store_entry': 'swift'} {{(pid=119528) register_scheme_map /opt/stack/data/venv/lib/python3.10/site-packages/glance_store/location.py:146}}
Feb 21 08:57:27 ubuntu devstack@g-api.service[119528]: DEBUG glance_store.backend [None req-f42ac0ec-d085-4a56-a651-0f18c0f8919b admin admin] Skipping store.set_acls... not implemented. {{(pid=119528) set_acls /opt/stack/data/venv/lib/python3.10/site-packages/glance_store/backend.py:508}}
Feb 21 08:57:27 ubuntu devstack@g-api.service[119528]: [pid: 119528|app: 0|req: 3/4] 127.0.0.1 () {40 vars in 858 bytes} [Wed Feb 21 08:57:25 2024] PUT /v2/images/5275154a-8ffc-4c68-a027-af09429075da/file => generated 0 bytes in 2019 msecs (HTTP/1.1 204) 4 headers in 171 bytes (1 switches on core 0)
Feb 21 08:57:35 ubuntu devstack@g-api.service[119529]: DEBUG dbcounter [-] [119529] Writing DB stats glance:SELECT=10,glance:INSERT=5 {{(pid=119529) stat_writer /opt/stack/data/venv/lib/python3.10/site-packages/dbcounter.py:115}}
Feb 21 08:57:37 ubuntu devstack@g-api.service[119528]: DEBUG dbcounter [-] [119528] Writing DB stats glance:SELECT=29,glance:UPDATE=2,glance:INSERT=1 {{(pid=119528) stat_writer /opt/stack/data/venv/lib/python3.10/site-packages/dbcounter.py:115}}
Feb 21 08:58:05 ubuntu devstack@g-api.service[119529]: DEBUG glance.api.middleware.version_negotiation [None req-6e7b9e3b-39bc-4145-9fdc-b003c9086bc2 admin admin] Determining version of request: GET / Accept: application/json {{(pid=119529) process_request /opt/stack/glance/glance/api/middleware/version_negotiation.py:44}}
Feb 21 08:58:05 ubuntu devstack@g-api.service[119529]: DEBUG glance.api.middleware.version_negotiation [None req-6e7b9e3b-39bc-4145-9fdc-b003c9086bc2 admin admin] Using url versioning {{(pid=119529) process_request /opt/stack/glance/glance/api/middleware/version_negotiation.py:57}}
Feb 21 08:58:05 ubuntu devstack@g-api.service[119529]: DEBUG glance.api.middleware.version_negotiation [None req-6e7b9e3b-39bc-4145-9fdc-b003c9086bc2 admin admin] Unknown version. Returning version choices. {{(pid=119529) process_request /opt/stack/glance/glance/api/middleware/version_negotiation.py:64}}
Feb 21 08:58:05 ubuntu devstack@g-api.service[119529]: [pid: 119529|app: 0|req: 2/5] 127.0.0.1 () {34 vars in 502 bytes} [Wed Feb 21 08:58:05 2024] GET / => generated 1299 bytes in 11 msecs (HTTP/1.1 300) 3 headers in 106 bytes (1 switches on core 0)
Feb 21 08:58:05 ubuntu devstack@g-api.service[119528]: DEBUG glance.api.middleware.version_negotiation [None req-f42ac0ec-d085-4a56-a651-0f18c0f8919b admin admin] Determining version of request: GET /v2/images Accept: application/json {{(pid=119528) process_request /opt/stack/glance/glance/api/middleware/version_negotiation.py:44}}
Feb 21 08:58:05 ubuntu devstack@g-api.service[119528]: DEBUG glance.api.middleware.version_negotiation [None req-f42ac0ec-d085-4a56-a651-0f18c0f8919b admin admin] Using url versioning {{(pid=119528) process_request /opt/stack/glance/glance/api/middleware/version_negotiation.py:57}}
Feb 21 08:58:05 ubuntu devstack@g-api.service[119528]: DEBUG glance.api.middleware.version_negotiation [None req-f42ac0ec-d085-4a56-a651-0f18c0f8919b admin admin] Matched version: v2 {{(pid=119528) process_request /opt/stack/glance/glance/api/middleware/version_negotiation.py:69}}
Feb 21 08:58:05 ubuntu devstack@g-api.service[119528]: DEBUG glance.api.middleware.version_negotiation [None req-f42ac0ec-d085-4a56-a651-0f18c0f8919b admin admin] new path /v2/images {{(pid=119528) process_request /opt/stack/glance/glance/api/middleware/version_negotiation.py:70}}
Feb 21 08:58:05 ubuntu devstack@g-api.service[119528]: [pid: 119528|app: 0|req: 4/6] 127.0.0.1 () {36 vars in 724 bytes} [Wed Feb 21 08:58:05 2024] GET /v2/images => generated 1045 bytes in 340 msecs (HTTP/1.1 200) 4 headers in 158 bytes (1 switches on core 0)
Feb 21 08:58:10 ubuntu devstack@g-api.service[119529]: DEBUG glance.api.middleware.version_negotiation [None req-6e7b9e3b-39bc-4145-9fdc-b003c9086bc2 admin admin] Determining version of request: GET / Accept: application/json {{(pid=119529) process_request /opt/stack/glance/glance/api/middleware/version_negotiation.py:44}}
Feb 21 08:58:10 ubuntu devstack@g-api.service[119529]: DEBUG glance.api.middleware.version_negotiation [None req-6e7b9e3b-39bc-4145-9fdc-b003c9086bc2 admin admin] Using url versioning {{(pid=119529) process_request /opt/stack/glance/glance/api/middleware/version_negotiation.py:57}}
Feb 21 08:58:10 ubuntu devstack@g-api.service[119529]: DEBUG glance.api.middleware.version_negotiation [None req-6e7b9e3b-39bc-4145-9fdc-b003c9086bc2 admin admin] Unknown version. Returning version choices. {{(pid=119529) process_request /opt/stack/glance/glance/api/middleware/version_negotiation.py:64}}
Feb 21 08:58:10 ubuntu devstack@g-api.service[119529]: [pid: 119529|app: 0|req: 3/7] 127.0.0.1 () {34 vars in 502 bytes} [Wed Feb 21 08:58:10 2024] GET / => generated 1299 bytes in 4 msecs (HTTP/1.1 300) 3 headers in 106 bytes (1 switches on core 0)
Feb 21 08:58:10 ubuntu devstack@g-api.service[119528]: DEBUG glance.api.middleware.version_negotiation [None req-d95e9ac6-2e76-47cc-a93f-702f5cda3dbd admin admin] Determining version of request: GET /v2/images/5275154a-8ffc-4c68-a027-af09429075da Accept: */* {{(pid=119528) process_request /opt/stack/glance/glance/api/middleware/version_negotiation.py:44}}
Feb 21 08:58:10 ubuntu devstack@g-api.service[119528]: DEBUG glance.api.middleware.version_negotiation [None req-d95e9ac6-2e76-47cc-a93f-702f5cda3dbd admin admin] Using url versioning {{(pid=119528) process_request /opt/stack/glance/glance/api/middleware/version_negotiation.py:57}}
Feb 21 08:58:10 ubuntu devstack@g-api.service[119528]: DEBUG glance.api.middleware.version_negotiation [None req-d95e9ac6-2e76-47cc-a93f-702f5cda3dbd admin admin] Matched version: v2 {{(pid=119528) process_request /opt/stack/glance/glance/api/middleware/version_negotiation.py:69}}
Feb 21 08:58:10 ubuntu devstack@g-api.service[119528]: DEBUG glance.api.middleware.version_negotiation [None req-d95e9ac6-2e76-47cc-a93f-702f5cda3dbd admin admin] new path /v2/images/5275154a-8ffc-4c68-a027-af09429075da {{(pid=119528) process_request /opt/stack/glance/glance/api/middleware/version_negotiation.py:70}}
Feb 21 08:58:10 ubuntu devstack@g-api.service[119528]: [pid: 119528|app: 0|req: 5/8] 127.0.0.1 () {36 vars in 785 bytes} [Wed Feb 21 08:58:10 2024] GET /v2/images/5275154a-8ffc-4c68-a027-af09429075da => generated 976 bytes in 208 msecs (HTTP/1.1 200) 4 headers in 157 bytes (1 switches on core 0)
Feb 21 08:58:13 ubuntu devstack@g-api.service[119529]: DEBUG glance.api.middleware.version_negotiation [None req-6e7b9e3b-39bc-4145-9fdc-b003c9086bc2 admin admin] Determining version of request: GET / Accept: application/json {{(pid=119529) process_request /opt/stack/glance/glance/api/middleware/version_negotiation.py:44}}
Feb 21 08:58:13 ubuntu devstack@g-api.service[119529]: DEBUG glance.api.middleware.version_negotiation [None req-6e7b9e3b-39bc-4145-9fdc-b003c9086bc2 admin admin] Using url versioning {{(pid=119529) process_request /opt/stack/glance/glance/api/middleware/version_negotiation.py:57}}
Feb 21 08:58:13 ubuntu devstack@g-api.service[119529]: DEBUG glance.api.middleware.version_negotiation [None req-6e7b9e3b-39bc-4145-9fdc-b003c9086bc2 admin admin] Unknown version. Returning version choices. {{(pid=119529) process_request /opt/stack/glance/glance/api/middleware/version_negotiation.py:64}}
Feb 21 08:58:13 ubuntu devstack@g-api.service[119529]: [pid: 119529|app: 0|req: 4/9] 127.0.0.1 () {34 vars in 502 bytes} [Wed Feb 21 08:58:13 2024] GET / => generated 1299 bytes in 6 msecs (HTTP/1.1 300) 3 headers in 106 bytes (1 switches on core 0)
Feb 21 08:58:13 ubuntu devstack@g-api.service[119528]: DEBUG glance.api.middleware.version_negotiation [None req-c9356d09-d4d6-4887-98aa-3f49e507d0f7 admin admin] Determining version of request: GET /v2/images/5275154a-8ffc-4c68-a027-af09429075da Accept: */* {{(pid=119528) process_request /opt/stack/glance/glance/api/middleware/version_negotiation.py:44}}
Feb 21 08:58:13 ubuntu devstack@g-api.service[119528]: DEBUG glance.api.middleware.version_negotiation [None req-c9356d09-d4d6-4887-98aa-3f49e507d0f7 admin admin] Using url versioning {{(pid=119528) process_request /opt/stack/glance/glance/api/middleware/version_negotiation.py:57}}
Feb 21 08:58:13 ubuntu devstack@g-api.service[119528]: DEBUG glance.api.middleware.version_negotiation [None req-c9356d09-d4d6-4887-98aa-3f49e507d0f7 admin admin] Matched version: v2 {{(pid=119528) process_request /opt/stack/glance/glance/api/middleware/version_negotiation.py:69}}
Feb 21 08:58:13 ubuntu devstack@g-api.service[119528]: DEBUG glance.api.middleware.version_negotiation [None req-c9356d09-d4d6-4887-98aa-3f49e507d0f7 admin admin] new path /v2/images/5275154a-8ffc-4c68-a027-af09429075da {{(pid=119528) process_request /opt/stack/glance/glance/api/middleware/version_negotiation.py:70}}
Feb 21 08:58:13 ubuntu devstack@g-api.service[119528]: [pid: 119528|app: 0|req: 6/10] 127.0.0.1 () {36 vars in 785 bytes} [Wed Feb 21 08:58:13 2024] GET /v2/images/5275154a-8ffc-4c68-a027-af09429075da => generated 976 bytes in 253 msecs (HTTP/1.1 200) 4 headers in 157 bytes (1 switches on core 0)
Feb 21 08:58:23 ubuntu devstack@g-api.service[119528]: DEBUG dbcounter [-] [119528] Writing DB stats glance:SELECT=10 {{(pid=119528) stat_writer /opt/stack/data/venv/lib/python3.10/site-packages/dbcounter.py:115}}
Feb 21 08:59:57 ubuntu devstack@g-api.service[119529]: DEBUG glance.api.middleware.version_negotiation [None req-6e7b9e3b-39bc-4145-9fdc-b003c9086bc2 admin admin] Determining version of request: GET / Accept: application/json {{(pid=119529) process_request /opt/stack/glance/glance/api/middleware/version_negotiation.py:44}}
Feb 21 08:59:57 ubuntu devstack@g-api.service[119529]: DEBUG glance.api.middleware.version_negotiation [None req-6e7b9e3b-39bc-4145-9fdc-b003c9086bc2 admin admin] Using url versioning {{(pid=119529) process_request /opt/stack/glance/glance/api/middleware/version_negotiation.py:57}}
Feb 21 08:59:57 ubuntu devstack@g-api.service[119529]: DEBUG glance.api.middleware.version_negotiation [None req-6e7b9e3b-39bc-4145-9fdc-b003c9086bc2 admin admin] Unknown version. Returning version choices. {{(pid=119529) process_request /opt/stack/glance/glance/api/middleware/version_negotiation.py:64}}
Feb 21 08:59:57 ubuntu devstack@g-api.service[119529]: [pid: 119529|app: 0|req: 5/11] 127.0.0.1 () {36 vars in 474 bytes} [Wed Feb 21 08:59:57 2024] GET / => generated 1299 bytes in 1 msecs (HTTP/1.1 300) 3 headers in 106 bytes (1 switches on core 0)
Feb 21 09:04:16 ubuntu devstack@g-api.service[119528]: DEBUG glance.api.middleware.version_negotiation [None req-4b0ca8b2-d226-48bd-87b9-04b3b7dcc712 admin admin] Determining version of request: GET /versions Accept: */* {{(pid=119528) process_request /opt/stack/glance/glance/api/middleware/version_negotiation.py:44}}
Feb 21 09:04:16 ubuntu devstack@g-api.service[119528]: [pid: 119528|app: 0|req: 7/12] 127.0.0.1 () {38 vars in 691 bytes} [Wed Feb 21 09:04:16 2024] GET /versions => generated 1299 bytes in 5 msecs (HTTP/1.1 200) 3 headers in 92 bytes (1 switches on core 0)
Feb 21 09:04:16 ubuntu devstack@g-api.service[119529]: DEBUG glance.api.middleware.version_negotiation [None req-6e7b9e3b-39bc-4145-9fdc-b003c9086bc2 admin admin] Determining version of request: GET /v2/schemas/image Accept: */* {{(pid=119529) process_request /opt/stack/glance/glance/api/middleware/version_negotiation.py:44}}
Feb 21 09:04:16 ubuntu devstack@g-api.service[119529]: DEBUG glance.api.middleware.version_negotiation [None req-6e7b9e3b-39bc-4145-9fdc-b003c9086bc2 admin admin] Using url versioning {{(pid=119529) process_request /opt/stack/glance/glance/api/middleware/version_negotiation.py:57}}
Feb 21 09:04:16 ubuntu devstack@g-api.service[119529]: DEBUG glance.api.middleware.version_negotiation [None req-6e7b9e3b-39bc-4145-9fdc-b003c9086bc2 admin admin] Matched version: v2 {{(pid=119529) process_request /opt/stack/glance/glance/api/middleware/version_negotiation.py:69}}
Feb 21 09:04:16 ubuntu devstack@g-api.service[119529]: DEBUG glance.api.middleware.version_negotiation [None req-6e7b9e3b-39bc-4145-9fdc-b003c9086bc2 admin admin] new path /v2/schemas/image {{(pid=119529) process_request /opt/stack/glance/glance/api/middleware/version_negotiation.py:70}}
Feb 21 09:04:16 ubuntu devstack@g-api.service[119529]: [pid: 119529|app: 0|req: 6/13] 127.0.0.1 () {38 vars in 707 bytes} [Wed Feb 21 09:04:16 2024] GET /v2/schemas/image => generated 6083 bytes in 107 msecs (HTTP/1.1 200) 4 headers in 158 bytes (1 switches on core 0)
Feb 21 09:04:16 ubuntu devstack@g-api.service[119528]: DEBUG glance.api.middleware.version_negotiation [None req-4b0ca8b2-d226-48bd-87b9-04b3b7dcc712 admin admin] Determining version of request: GET /v2/schemas/metadefs/namespace Accept: */* {{(pid=119528) process_request /opt/stack/glance/glance/api/middleware/version_negotiation.py:44}}
Feb 21 09:04:16 ubuntu devstack@g-api.service[119528]: DEBUG glance.api.middleware.version_negotiation [None req-4b0ca8b2-d226-48bd-87b9-04b3b7dcc712 admin admin] Using url versioning {{(pid=119528) process_request /opt/stack/glance/glance/api/middleware/version_negotiation.py:57}}
Feb 21 09:04:16 ubuntu devstack@g-api.service[119528]: DEBUG glance.api.middleware.version_negotiation [None req-4b0ca8b2-d226-48bd-87b9-04b3b7dcc712 admin admin] Matched version: v2 {{(pid=119528) process_request /opt/stack/glance/glance/api/middleware/version_negotiation.py:69}}
Feb 21 09:04:16 ubuntu devstack@g-api.service[119528]: DEBUG glance.api.middleware.version_negotiation [None req-4b0ca8b2-d226-48bd-87b9-04b3b7dcc712 admin admin] new path /v2/schemas/metadefs/namespace {{(pid=119528) process_request /opt/stack/glance/glance/api/middleware/version_negotiation.py:70}}
Feb 21 09:04:16 ubuntu devstack@g-api.service[119528]: [pid: 119528|app: 0|req: 8/14] 127.0.0.1 () {38 vars in 733 bytes} [Wed Feb 21 09:04:16 2024] GET /v2/schemas/metadefs/namespace => generated 3100 bytes in 8 msecs (HTTP/1.1 200) 4 headers in 158 bytes (1 switches on core 0)
Feb 21 09:04:16 ubuntu devstack@g-api.service[119529]: DEBUG glance.api.middleware.version_negotiation [None req-5829308e-067a-43f3-b64a-c1b026519dea admin admin] Determining version of request: GET /v2/schemas/metadefs/resource_type Accept: */* {{(pid=119529) process_request /opt/stack/glance/glance/api/middleware/version_negotiation.py:44}}
Feb 21 09:04:16 ubuntu devstack@g-api.service[119529]: DEBUG glance.api.middleware.version_negotiation [None req-5829308e-067a-43f3-b64a-c1b026519dea admin admin] Using url versioning {{(pid=119529) process_request /opt/stack/glance/glance/api/middleware/version_negotiation.py:57}}
Feb 21 09:04:16 ubuntu devstack@g-api.service[119529]: DEBUG glance.api.middleware.version_negotiation [None req-5829308e-067a-43f3-b64a-c1b026519dea admin admin] Matched version: v2 {{(pid=119529) process_request /opt/stack/glance/glance/api/middleware/version_negotiation.py:69}}
Feb 21 09:04:16 ubuntu devstack@g-api.service[119529]: DEBUG glance.api.middleware.version_negotiation [None req-5829308e-067a-43f3-b64a-c1b026519dea admin admin] new path /v2/schemas/metadefs/resource_type {{(pid=119529) process_request /opt/stack/glance/glance/api/middleware/version_negotiation.py:70}}
Feb 21 09:04:16 ubuntu devstack@g-api.service[119529]: [pid: 119529|app: 0|req: 7/15] 127.0.0.1 () {38 vars in 741 bytes} [Wed Feb 21 09:04:16 2024] GET /v2/schemas/metadefs/resource_type => generated 1260 bytes in 9 msecs (HTTP/1.1 200) 4 headers in 158 bytes (1 switches on core 0)
Feb 21 09:04:17 ubuntu devstack@g-api.service[119528]: DEBUG glance.api.middleware.version_negotiation [None req-a5fa98fd-7c82-443a-b9e6-00fb400ede26 admin admin] Determining version of request: GET /v2/images Accept: */* {{(pid=119528) process_request /opt/stack/glance/glance/api/middleware/version_negotiation.py:44}}
Feb 21 09:04:17 ubuntu devstack@g-api.service[119528]: DEBUG glance.api.middleware.version_negotiation [None req-a5fa98fd-7c82-443a-b9e6-00fb400ede26 admin admin] Using url versioning {{(pid=119528) process_request /opt/stack/glance/glance/api/middleware/version_negotiation.py:57}}
Feb 21 09:04:17 ubuntu devstack@g-api.service[119528]: DEBUG glance.api.middleware.version_negotiation [None req-a5fa98fd-7c82-443a-b9e6-00fb400ede26 admin admin] Matched version: v2 {{(pid=119528) process_request /opt/stack/glance/glance/api/middleware/version_negotiation.py:69}}
Feb 21 09:04:17 ubuntu devstack@g-api.service[119528]: DEBUG glance.api.middleware.version_negotiation [None req-a5fa98fd-7c82-443a-b9e6-00fb400ede26 admin admin] new path /v2/images {{(pid=119528) process_request /opt/stack/glance/glance/api/middleware/version_negotiation.py:70}}
Feb 21 09:04:17 ubuntu devstack@g-api.service[119528]: [pid: 119528|app: 0|req: 9/16] 127.0.0.1 () {38 vars in 766 bytes} [Wed Feb 21 09:04:17 2024] GET /v2/images?limit=200&sort_key=name&sort_dir=asc => generated 1082 bytes in 74 msecs (HTTP/1.1 200) 4 headers in 158 bytes (1 switches on core 0)
Feb 21 09:04:17 ubuntu devstack@g-api.service[119529]: DEBUG glance.api.middleware.version_negotiation [None req-c0593ec6-d39f-488a-9295-fc1e4dbb6b95 admin admin] Determining version of request: GET /v2/schemas/image Accept: */* {{(pid=119529) process_request /opt/stack/glance/glance/api/middleware/version_negotiation.py:44}}
Feb 21 09:04:17 ubuntu devstack@g-api.service[119529]: DEBUG glance.api.middleware.version_negotiation [None req-c0593ec6-d39f-488a-9295-fc1e4dbb6b95 admin admin] Using url versioning {{(pid=119529) process_request /opt/stack/glance/glance/api/middleware/version_negotiation.py:57}}
Feb 21 09:04:17 ubuntu devstack@g-api.service[119529]: DEBUG glance.api.middleware.version_negotiation [None req-c0593ec6-d39f-488a-9295-fc1e4dbb6b95 admin admin] Matched version: v2 {{(pid=119529) process_request /opt/stack/glance/glance/api/middleware/version_negotiation.py:69}}
Feb 21 09:04:17 ubuntu devstack@g-api.service[119529]: DEBUG glance.api.middleware.version_negotiation [None req-c0593ec6-d39f-488a-9295-fc1e4dbb6b95 admin admin] new path /v2/schemas/image {{(pid=119529) process_request /opt/stack/glance/glance/api/middleware/version_negotiation.py:70}}
Feb 21 09:04:17 ubuntu devstack@g-api.service[119529]: [pid: 119529|app: 0|req: 8/17] 127.0.0.1 () {38 vars in 707 bytes} [Wed Feb 21 09:04:17 2024] GET /v2/schemas/image => generated 6083 bytes in 4 msecs (HTTP/1.1 200) 4 headers in 158 bytes (1 switches on core 0)
Feb 21 09:04:27 ubuntu devstack@g-api.service[119528]: DEBUG dbcounter [-] [119528] Writing DB stats glance:SELECT=2 {{(pid=119528) stat_writer /opt/stack/data/venv/lib/python3.10/site-packages/dbcounter.py:115}}
