Oct 25 11:53:48 ubuntu devstack@keystone.service[81303]: DEBUG keystone.server.flask.request_processing.req_logging [None req-78ea8f5a-f0bf-42a0-8b4d-83aed54affeb None None] REQUEST_METHOD: `POST` {{(pid=81303) log_request_info /opt/stack/keystone/keystone/server/flask/request_processing/req_logging.py:26}}
Oct 25 11:53:48 ubuntu devstack@keystone.service[81303]: DEBUG keystone.server.flask.request_processing.req_logging [None req-78ea8f5a-f0bf-42a0-8b4d-83aed54affeb None None] SCRIPT_NAME: `/identity` {{(pid=81303) log_request_info /opt/stack/keystone/keystone/server/flask/request_processing/req_logging.py:27}}
Oct 25 11:53:48 ubuntu devstack@keystone.service[81303]: DEBUG keystone.server.flask.request_processing.req_logging [None req-78ea8f5a-f0bf-42a0-8b4d-83aed54affeb None None] PATH_INFO: `/v3/auth/tokens` {{(pid=81303) log_request_info /opt/stack/keystone/keystone/server/flask/request_processing/req_logging.py:28}}
Oct 25 11:53:48 ubuntu devstack@keystone.service[81303]: WARNING keystone.common.password_hashing [None req-78ea8f5a-f0bf-42a0-8b4d-83aed54affeb None None] Truncating password to algorithm specific maximum length 72 characters.
Oct 25 11:53:48 ubuntu devstack@keystone.service[81303]: DEBUG keystone.auth.core [None req-78ea8f5a-f0bf-42a0-8b4d-83aed54affeb None None] MFA Rules not processed for user `08c00e725c2a4568b506b6ed7dd61094`. Rule list: `[]` (Enabled: `True`). {{(pid=81303) check_auth_methods_against_rules /opt/stack/keystone/keystone/auth/core.py:476}}
Oct 25 11:53:48 ubuntu devstack@keystone.service[81303]: DEBUG keystone.common.fernet_utils [None req-78ea8f5a-f0bf-42a0-8b4d-83aed54affeb None None] Loaded 2 Fernet keys from /etc/keystone/fernet-keys/, but `[fernet_tokens] max_active_keys = 3`; perhaps there have not been enough key rotations to reach `max_active_keys` yet? {{(pid=81303) load_keys /opt/stack/keystone/keystone/common/fernet_utils.py:297}}
Oct 25 11:53:48 ubuntu devstack@keystone.service[81303]: [pid: 81303|app: 0|req: 14/24] 10.201.5.82 () {58 vars in 1016 bytes} [Sat Oct 25 11:53:48 2025] POST /identity/v3/auth/tokens => generated 862 bytes in 102 msecs (HTTP/1.1 201) 6 headers in 363 bytes (1 switches on core 0)
Oct 25 11:53:48 ubuntu devstack@keystone.service[81304]: [pid: 81304|app: 0|req: 11/25] 10.201.5.82 () {58 vars in 1016 bytes} [Sat Oct 25 11:53:48 2025] POST /identity/v3/auth/tokens => generated 862 bytes in 242 msecs (HTTP/1.1 201) 6 headers in 363 bytes (1 switches on core 0)
Oct 25 11:53:49 ubuntu devstack@keystone.service[81303]: DEBUG keystone.server.flask.request_processing.req_logging [None req-aa752aea-aac5-4005-baeb-2eccc0987ca4 None None] REQUEST_METHOD: `GET` {{(pid=81303) log_request_info /opt/stack/keystone/keystone/server/flask/request_processing/req_logging.py:26}}
Oct 25 11:53:49 ubuntu devstack@keystone.service[81303]: DEBUG keystone.server.flask.request_processing.req_logging [None req-aa752aea-aac5-4005-baeb-2eccc0987ca4 None None] SCRIPT_NAME: `/identity` {{(pid=81303) log_request_info /opt/stack/keystone/keystone/server/flask/request_processing/req_logging.py:27}}
Oct 25 11:53:49 ubuntu devstack@keystone.service[81303]: DEBUG keystone.server.flask.request_processing.req_logging [None req-aa752aea-aac5-4005-baeb-2eccc0987ca4 None None] PATH_INFO: `/` {{(pid=81303) log_request_info /opt/stack/keystone/keystone/server/flask/request_processing/req_logging.py:28}}
Oct 25 11:53:49 ubuntu devstack@keystone.service[81303]: [pid: 81303|app: 0|req: 15/26] 10.201.5.82 () {54 vars in 919 bytes} [Sat Oct 25 11:53:49 2025] GET /identity => generated 270 bytes in 3 msecs (HTTP/1.1 300) 6 headers in 234 bytes (1 switches on core 0)
Oct 25 11:53:49 ubuntu devstack@keystone.service[81304]: DEBUG keystone.server.flask.request_processing.middleware.auth_context [None req-a8fd3404-7312-4dfb-a1d6-77abfecb9ee4 None None] Authenticating user token {{(pid=81304) process_request /opt/stack/data/venv/lib/python3.10/site-packages/keystonemiddleware/auth_token/__init__.py:407}}
Oct 25 11:53:49 ubuntu devstack@keystone.service[81303]: DEBUG keystone.server.flask.request_processing.req_logging [None req-9fcff3ff-3001-4311-be82-41a2fbfc2c61 None None] REQUEST_METHOD: `POST` {{(pid=81303) log_request_info /opt/stack/keystone/keystone/server/flask/request_processing/req_logging.py:26}}
Oct 25 11:53:49 ubuntu devstack@keystone.service[81303]: DEBUG keystone.server.flask.request_processing.req_logging [None req-9fcff3ff-3001-4311-be82-41a2fbfc2c61 None None] SCRIPT_NAME: `/identity` {{(pid=81303) log_request_info /opt/stack/keystone/keystone/server/flask/request_processing/req_logging.py:27}}
Oct 25 11:53:49 ubuntu devstack@keystone.service[81303]: DEBUG keystone.server.flask.request_processing.req_logging [None req-9fcff3ff-3001-4311-be82-41a2fbfc2c61 None None] PATH_INFO: `/v3/auth/tokens` {{(pid=81303) log_request_info /opt/stack/keystone/keystone/server/flask/request_processing/req_logging.py:28}}
Oct 25 11:53:49 ubuntu devstack@keystone.service[81303]: WARNING keystone.common.password_hashing [None req-9fcff3ff-3001-4311-be82-41a2fbfc2c61 None None] Truncating password to algorithm specific maximum length 72 characters.
Oct 25 11:53:49 ubuntu devstack@keystone.service[81303]: DEBUG keystone.auth.core [None req-9fcff3ff-3001-4311-be82-41a2fbfc2c61 None None] MFA Rules not processed for user `08c00e725c2a4568b506b6ed7dd61094`. Rule list: `[]` (Enabled: `True`). {{(pid=81303) check_auth_methods_against_rules /opt/stack/keystone/keystone/auth/core.py:476}}
Oct 25 11:53:49 ubuntu devstack@keystone.service[81303]: DEBUG keystone.common.fernet_utils [None req-9fcff3ff-3001-4311-be82-41a2fbfc2c61 None None] Loaded 2 Fernet keys from /etc/keystone/fernet-keys/, but `[fernet_tokens] max_active_keys = 3`; perhaps there have not been enough key rotations to reach `max_active_keys` yet? {{(pid=81303) load_keys /opt/stack/keystone/keystone/common/fernet_utils.py:297}}
Oct 25 11:53:49 ubuntu devstack@keystone.service[81303]: [pid: 81303|app: 0|req: 16/27] 10.201.5.82 () {58 vars in 1016 bytes} [Sat Oct 25 11:53:49 2025] POST /identity/v3/auth/tokens => generated 862 bytes in 60 msecs (HTTP/1.1 201) 6 headers in 363 bytes (1 switches on core 0)
Oct 25 11:53:49 ubuntu devstack@keystone.service[81303]: DEBUG keystone.server.flask.request_processing.middleware.auth_context [None req-9fcff3ff-3001-4311-be82-41a2fbfc2c61 None None] Authenticating user token {{(pid=81303) process_request /opt/stack/data/venv/lib/python3.10/site-packages/keystonemiddleware/auth_token/__init__.py:407}}
Oct 25 11:53:49 ubuntu devstack@keystone.service[81304]: DEBUG keystone.server.flask.request_processing.middleware.auth_context [None req-a8fd3404-7312-4dfb-a1d6-77abfecb9ee4 None None] Validating token access rules against request {{(pid=81304) validate_allowed_request /opt/stack/data/venv/lib/python3.10/site-packages/keystonemiddleware/auth_token/__init__.py:545}}
Oct 25 11:53:49 ubuntu devstack@keystone.service[81304]: DEBUG keystone.server.flask.request_processing.middleware.auth_context [None req-cddebf8c-b9bd-415f-a262-7a15c8b3b872 None admin] RBAC: auth_context: {'token': <TokenModel (audit_id=XcUvPBHNSbGV9V9KWD5qMQ, audit_chain_id=['XcUvPBHNSbGV9V9KWD5qMQ']) at 0x7fe9249f83d0>, 'domain_id': None, 'trust_id': None, 'trustor_id': None, 'trustee_id': None, 'domain_name': None, 'group_ids': [], 'user_id': '08c00e725c2a4568b506b6ed7dd61094', 'user_domain_id': 'default', 'system_scope': 'all', 'project_id': None, 'project_domain_id': None, 'roles': ['admin', 'manager', 'member', 'reader'], 'is_admin_project': True, 'service_user_id': None, 'service_user_domain_id': None, 'service_project_id': None, 'service_project_domain_id': None, 'service_roles': []} {{(pid=81304) fill_context /opt/stack/keystone/keystone/server/flask/request_processing/middleware/auth_context.py:509}}
Oct 25 11:53:49 ubuntu devstack@keystone.service[81304]: DEBUG keystone.server.flask.request_processing.req_logging [None req-cddebf8c-b9bd-415f-a262-7a15c8b3b872 None admin] REQUEST_METHOD: `GET` {{(pid=81304) log_request_info /opt/stack/keystone/keystone/server/flask/request_processing/req_logging.py:26}}
Oct 25 11:53:49 ubuntu devstack@keystone.service[81304]: DEBUG keystone.server.flask.request_processing.req_logging [None req-cddebf8c-b9bd-415f-a262-7a15c8b3b872 None admin] SCRIPT_NAME: `/identity` {{(pid=81304) log_request_info /opt/stack/keystone/keystone/server/flask/request_processing/req_logging.py:27}}
Oct 25 11:53:49 ubuntu devstack@keystone.service[81304]: DEBUG keystone.server.flask.request_processing.req_logging [None req-cddebf8c-b9bd-415f-a262-7a15c8b3b872 None admin] PATH_INFO: `/v3/roles/admin` {{(pid=81304) log_request_info /opt/stack/keystone/keystone/server/flask/request_processing/req_logging.py:28}}
Oct 25 11:53:49 ubuntu devstack@keystone.service[81304]: DEBUG keystone.common.rbac_enforcer.enforcer [None req-cddebf8c-b9bd-415f-a262-7a15c8b3b872 None admin] Extracting inferred target data resulted in "NOT FOUND (404)". {{(pid=81304) enforce_call /opt/stack/keystone/keystone/common/rbac_enforcer/enforcer.py:445}}
Oct 25 11:53:49 ubuntu devstack@keystone.service[81304]: DEBUG keystone.server.flask.application [None req-cddebf8c-b9bd-415f-a262-7a15c8b3b872 None admin] Could not find role: admin. {{(pid=81304) _handle_keystone_exception /opt/stack/keystone/keystone/server/flask/application.py:146}}
Oct 25 11:53:49 ubuntu devstack@keystone.service[81304]: [pid: 81304|app: 0|req: 12/28] 10.201.5.82 () {56 vars in 1132 bytes} [Sat Oct 25 11:53:49 2025] GET /identity/v3/roles/admin => generated 83 bytes in 90 msecs (HTTP/1.1 404) 5 headers in 183 bytes (1 switches on core 0)
Oct 25 11:53:49 ubuntu devstack@keystone.service[81304]: DEBUG keystone.server.flask.request_processing.req_logging [None req-55a89c9a-8e08-4011-a4be-0e24c19ef856 None None] REQUEST_METHOD: `GET` {{(pid=81304) log_request_info /opt/stack/keystone/keystone/server/flask/request_processing/req_logging.py:26}}
Oct 25 11:53:49 ubuntu devstack@keystone.service[81304]: DEBUG keystone.server.flask.request_processing.req_logging [None req-55a89c9a-8e08-4011-a4be-0e24c19ef856 None None] SCRIPT_NAME: `/identity` {{(pid=81304) log_request_info /opt/stack/keystone/keystone/server/flask/request_processing/req_logging.py:27}}
Oct 25 11:53:49 ubuntu devstack@keystone.service[81304]: DEBUG keystone.server.flask.request_processing.req_logging [None req-55a89c9a-8e08-4011-a4be-0e24c19ef856 None None] PATH_INFO: `/` {{(pid=81304) log_request_info /opt/stack/keystone/keystone/server/flask/request_processing/req_logging.py:28}}
Oct 25 11:53:49 ubuntu devstack@keystone.service[81304]: [pid: 81304|app: 0|req: 13/29] 10.201.5.82 () {54 vars in 919 bytes} [Sat Oct 25 11:53:49 2025] GET /identity => generated 270 bytes in 1 msecs (HTTP/1.1 300) 6 headers in 234 bytes (1 switches on core 0)
Oct 25 11:53:49 ubuntu devstack@keystone.service[81304]: DEBUG keystone.server.flask.request_processing.middleware.auth_context [None req-55a89c9a-8e08-4011-a4be-0e24c19ef856 None None] Authenticating user token {{(pid=81304) process_request /opt/stack/data/venv/lib/python3.10/site-packages/keystonemiddleware/auth_token/__init__.py:407}}
Oct 25 11:53:49 ubuntu devstack@keystone.service[81303]: DEBUG keystone.server.flask.request_processing.middleware.auth_context [None req-9fcff3ff-3001-4311-be82-41a2fbfc2c61 None None] Validating token access rules against request {{(pid=81303) validate_allowed_request /opt/stack/data/venv/lib/python3.10/site-packages/keystonemiddleware/auth_token/__init__.py:545}}
Oct 25 11:53:49 ubuntu devstack@keystone.service[81304]: DEBUG keystone.server.flask.request_processing.middleware.auth_context [None req-55a89c9a-8e08-4011-a4be-0e24c19ef856 None None] Validating token access rules against request {{(pid=81304) validate_allowed_request /opt/stack/data/venv/lib/python3.10/site-packages/keystonemiddleware/auth_token/__init__.py:545}}
Oct 25 11:53:49 ubuntu devstack@keystone.service[81303]: DEBUG keystone.server.flask.request_processing.middleware.auth_context [None req-2fb78dca-8fda-480a-8a89-c9fc22845074 None admin] RBAC: auth_context: {'token': <TokenModel (audit_id=V3ADjV1lS2iNrjBA68PadA, audit_chain_id=['V3ADjV1lS2iNrjBA68PadA']) at 0x7fe9249ce6e0>, 'domain_id': None, 'trust_id': None, 'trustor_id': None, 'trustee_id': None, 'domain_name': None, 'group_ids': [], 'user_id': '08c00e725c2a4568b506b6ed7dd61094', 'user_domain_id': 'default', 'system_scope': 'all', 'project_id': None, 'project_domain_id': None, 'roles': ['admin', 'manager', 'member', 'reader'], 'is_admin_project': True, 'service_user_id': None, 'service_user_domain_id': None, 'service_project_id': None, 'service_project_domain_id': None, 'service_roles': []} {{(pid=81303) fill_context /opt/stack/keystone/keystone/server/flask/request_processing/middleware/auth_context.py:509}}
Oct 25 11:53:49 ubuntu devstack@keystone.service[81303]: DEBUG keystone.server.flask.request_processing.req_logging [None req-2fb78dca-8fda-480a-8a89-c9fc22845074 None admin] REQUEST_METHOD: `GET` {{(pid=81303) log_request_info /opt/stack/keystone/keystone/server/flask/request_processing/req_logging.py:26}}
Oct 25 11:53:49 ubuntu devstack@keystone.service[81303]: DEBUG keystone.server.flask.request_processing.req_logging [None req-2fb78dca-8fda-480a-8a89-c9fc22845074 None admin] SCRIPT_NAME: `/identity` {{(pid=81303) log_request_info /opt/stack/keystone/keystone/server/flask/request_processing/req_logging.py:27}}
Oct 25 11:53:49 ubuntu devstack@keystone.service[81303]: DEBUG keystone.server.flask.request_processing.req_logging [None req-2fb78dca-8fda-480a-8a89-c9fc22845074 None admin] PATH_INFO: `/v3/domains/Default` {{(pid=81303) log_request_info /opt/stack/keystone/keystone/server/flask/request_processing/req_logging.py:28}}
Oct 25 11:53:49 ubuntu devstack@keystone.service[81303]: DEBUG keystone.common.rbac_enforcer.enforcer [None req-2fb78dca-8fda-480a-8a89-c9fc22845074 None admin] RBAC: Authorizing `identity:get_domain(domain_id=Default)` {{(pid=81303) enforce_call /opt/stack/keystone/keystone/common/rbac_enforcer/enforcer.py:494}}
Oct 25 11:53:49 ubuntu devstack@keystone.service[81303]: DEBUG keystone.common.rbac_enforcer.enforcer [None req-2fb78dca-8fda-480a-8a89-c9fc22845074 None admin] RBAC: Authorization granted {{(pid=81303) enforce_call /opt/stack/keystone/keystone/common/rbac_enforcer/enforcer.py:505}}
Oct 25 11:53:49 ubuntu devstack@keystone.service[81303]: DEBUG keystone.server.flask.application [None req-2fb78dca-8fda-480a-8a89-c9fc22845074 None admin] Could not find domain: Default. {{(pid=81303) _handle_keystone_exception /opt/stack/keystone/keystone/server/flask/application.py:146}}
Oct 25 11:53:49 ubuntu devstack@keystone.service[81303]: [pid: 81303|app: 0|req: 17/30] 10.201.5.82 () {56 vars in 1100 bytes} [Sat Oct 25 11:53:49 2025] GET /identity/v3/domains/Default => generated 87 bytes in 84 msecs (HTTP/1.1 404) 5 headers in 183 bytes (1 switches on core 0)
Oct 25 11:53:49 ubuntu devstack@keystone.service[81303]: DEBUG keystone.server.flask.request_processing.req_logging [None req-d6ed0f10-1cfe-4c86-b4a3-29c5dd0a7434 None None] REQUEST_METHOD: `POST` {{(pid=81303) log_request_info /opt/stack/keystone/keystone/server/flask/request_processing/req_logging.py:26}}
Oct 25 11:53:49 ubuntu devstack@keystone.service[81303]: DEBUG keystone.server.flask.request_processing.req_logging [None req-d6ed0f10-1cfe-4c86-b4a3-29c5dd0a7434 None None] SCRIPT_NAME: `/identity` {{(pid=81303) log_request_info /opt/stack/keystone/keystone/server/flask/request_processing/req_logging.py:27}}
Oct 25 11:53:49 ubuntu devstack@keystone.service[81303]: DEBUG keystone.server.flask.request_processing.req_logging [None req-d6ed0f10-1cfe-4c86-b4a3-29c5dd0a7434 None None] PATH_INFO: `/v3/auth/tokens` {{(pid=81303) log_request_info /opt/stack/keystone/keystone/server/flask/request_processing/req_logging.py:28}}
Oct 25 11:53:49 ubuntu devstack@keystone.service[81304]: DEBUG keystone.server.flask.request_processing.middleware.auth_context [None req-bcbda14d-4a10-4d16-8024-932890159702 None admin] RBAC: auth_context: {'token': <TokenModel (audit_id=XcUvPBHNSbGV9V9KWD5qMQ, audit_chain_id=['XcUvPBHNSbGV9V9KWD5qMQ']) at 0x7fe92498aec0>, 'domain_id': None, 'trust_id': None, 'trustor_id': None, 'trustee_id': None, 'domain_name': None, 'group_ids': [], 'user_id': '08c00e725c2a4568b506b6ed7dd61094', 'user_domain_id': 'default', 'system_scope': 'all', 'project_id': None, 'project_domain_id': None, 'roles': ['admin', 'manager', 'member', 'reader'], 'is_admin_project': True, 'service_user_id': None, 'service_user_domain_id': None, 'service_project_id': None, 'service_project_domain_id': None, 'service_roles': []} {{(pid=81304) fill_context /opt/stack/keystone/keystone/server/flask/request_processing/middleware/auth_context.py:509}}
Oct 25 11:53:49 ubuntu devstack@keystone.service[81304]: DEBUG keystone.server.flask.request_processing.req_logging [None req-bcbda14d-4a10-4d16-8024-932890159702 None admin] REQUEST_METHOD: `GET` {{(pid=81304) log_request_info /opt/stack/keystone/keystone/server/flask/request_processing/req_logging.py:26}}
Oct 25 11:53:49 ubuntu devstack@keystone.service[81304]: DEBUG keystone.server.flask.request_processing.req_logging [None req-bcbda14d-4a10-4d16-8024-932890159702 None admin] SCRIPT_NAME: `/identity` {{(pid=81304) log_request_info /opt/stack/keystone/keystone/server/flask/request_processing/req_logging.py:27}}
Oct 25 11:53:49 ubuntu devstack@keystone.service[81304]: DEBUG keystone.server.flask.request_processing.req_logging [None req-bcbda14d-4a10-4d16-8024-932890159702 None admin] PATH_INFO: `/v3/roles` {{(pid=81304) log_request_info /opt/stack/keystone/keystone/server/flask/request_processing/req_logging.py:28}}
Oct 25 11:53:49 ubuntu devstack@keystone.service[81303]: WARNING keystone.common.password_hashing [None req-d6ed0f10-1cfe-4c86-b4a3-29c5dd0a7434 None None] Truncating password to algorithm specific maximum length 72 characters.
Oct 25 11:53:49 ubuntu devstack@keystone.service[81304]: DEBUG keystone.common.rbac_enforcer.enforcer [None req-bcbda14d-4a10-4d16-8024-932890159702 None admin] RBAC: Adding query filter params (name=admin) {{(pid=81304) _extract_filter_values /opt/stack/keystone/keystone/common/rbac_enforcer/enforcer.py:176}}
Oct 25 11:53:49 ubuntu devstack@keystone.service[81304]: DEBUG keystone.common.rbac_enforcer.enforcer [None req-bcbda14d-4a10-4d16-8024-932890159702 None admin] RBAC: Authorizing `identity:list_roles()` {{(pid=81304) enforce_call /opt/stack/keystone/keystone/common/rbac_enforcer/enforcer.py:494}}
Oct 25 11:53:49 ubuntu devstack@keystone.service[81304]: DEBUG keystone.common.rbac_enforcer.enforcer [None req-bcbda14d-4a10-4d16-8024-932890159702 None admin] RBAC: Authorization granted {{(pid=81304) enforce_call /opt/stack/keystone/keystone/common/rbac_enforcer/enforcer.py:505}}
Oct 25 11:53:49 ubuntu devstack@keystone.service[81303]: DEBUG keystone.auth.core [None req-d6ed0f10-1cfe-4c86-b4a3-29c5dd0a7434 None None] MFA Rules not processed for user `08c00e725c2a4568b506b6ed7dd61094`. Rule list: `[]` (Enabled: `True`). {{(pid=81303) check_auth_methods_against_rules /opt/stack/keystone/keystone/auth/core.py:476}}
Oct 25 11:53:49 ubuntu devstack@keystone.service[81304]: [pid: 81304|app: 0|req: 14/31] 10.201.5.82 () {56 vars in 1148 bytes} [Sat Oct 25 11:53:49 2025] GET /identity/v3/roles?name=admin => generated 339 bytes in 66 msecs (HTTP/1.1 200) 5 headers in 177 bytes (2 switches on core 0)
Oct 25 11:53:49 ubuntu devstack@keystone.service[81303]: DEBUG keystone.common.fernet_utils [None req-d6ed0f10-1cfe-4c86-b4a3-29c5dd0a7434 None None] Loaded 2 Fernet keys from /etc/keystone/fernet-keys/, but `[fernet_tokens] max_active_keys = 3`; perhaps there have not been enough key rotations to reach `max_active_keys` yet? {{(pid=81303) load_keys /opt/stack/keystone/keystone/common/fernet_utils.py:297}}
Oct 25 11:53:49 ubuntu devstack@keystone.service[81304]: DEBUG keystone.server.flask.request_processing.middleware.auth_context [None req-bcbda14d-4a10-4d16-8024-932890159702 None admin] Authenticating user token {{(pid=81304) process_request /opt/stack/data/venv/lib/python3.10/site-packages/keystonemiddleware/auth_token/__init__.py:407}}
Oct 25 11:53:49 ubuntu devstack@keystone.service[81304]: DEBUG keystone.server.flask.request_processing.middleware.auth_context [None req-bcbda14d-4a10-4d16-8024-932890159702 None admin] Validating token access rules against request {{(pid=81304) validate_allowed_request /opt/stack/data/venv/lib/python3.10/site-packages/keystonemiddleware/auth_token/__init__.py:545}}
Oct 25 11:53:49 ubuntu devstack@keystone.service[81303]: [pid: 81303|app: 0|req: 18/32] 10.201.5.82 () {58 vars in 1016 bytes} [Sat Oct 25 11:53:49 2025] POST /identity/v3/auth/tokens => generated 862 bytes in 51 msecs (HTTP/1.1 201) 6 headers in 363 bytes (1 switches on core 0)
Oct 25 11:53:49 ubuntu devstack@keystone.service[81303]: DEBUG keystone.server.flask.request_processing.middleware.auth_context [None req-d6ed0f10-1cfe-4c86-b4a3-29c5dd0a7434 None None] Authenticating user token {{(pid=81303) process_request /opt/stack/data/venv/lib/python3.10/site-packages/keystonemiddleware/auth_token/__init__.py:407}}
Oct 25 11:53:49 ubuntu devstack@keystone.service[81303]: DEBUG keystone.server.flask.request_processing.middleware.auth_context [None req-d6ed0f10-1cfe-4c86-b4a3-29c5dd0a7434 None None] Validating token access rules against request {{(pid=81303) validate_allowed_request /opt/stack/data/venv/lib/python3.10/site-packages/keystonemiddleware/auth_token/__init__.py:545}}
Oct 25 11:53:49 ubuntu devstack@keystone.service[81304]: DEBUG keystone.server.flask.request_processing.middleware.auth_context [None req-33984c88-4e1c-44be-91ba-87beeef83775 None admin] RBAC: auth_context: {'token': <TokenModel (audit_id=V3ADjV1lS2iNrjBA68PadA, audit_chain_id=['V3ADjV1lS2iNrjBA68PadA']) at 0x7fe924a0aa40>, 'domain_id': None, 'trust_id': None, 'trustor_id': None, 'trustee_id': None, 'domain_name': None, 'group_ids': [], 'user_id': '08c00e725c2a4568b506b6ed7dd61094', 'user_domain_id': 'default', 'system_scope': 'all', 'project_id': None, 'project_domain_id': None, 'roles': ['admin', 'manager', 'member', 'reader'], 'is_admin_project': True, 'service_user_id': None, 'service_user_domain_id': None, 'service_project_id': None, 'service_project_domain_id': None, 'service_roles': []} {{(pid=81304) fill_context /opt/stack/keystone/keystone/server/flask/request_processing/middleware/auth_context.py:509}}
Oct 25 11:53:49 ubuntu devstack@keystone.service[81304]: DEBUG keystone.server.flask.request_processing.req_logging [None req-33984c88-4e1c-44be-91ba-87beeef83775 None admin] REQUEST_METHOD: `GET` {{(pid=81304) log_request_info /opt/stack/keystone/keystone/server/flask/request_processing/req_logging.py:26}}
Oct 25 11:53:49 ubuntu devstack@keystone.service[81304]: DEBUG keystone.server.flask.request_processing.req_logging [None req-33984c88-4e1c-44be-91ba-87beeef83775 None admin] SCRIPT_NAME: `/identity` {{(pid=81304) log_request_info /opt/stack/keystone/keystone/server/flask/request_processing/req_logging.py:27}}
Oct 25 11:53:49 ubuntu devstack@keystone.service[81304]: DEBUG keystone.server.flask.request_processing.req_logging [None req-33984c88-4e1c-44be-91ba-87beeef83775 None admin] PATH_INFO: `/v3/domains` {{(pid=81304) log_request_info /opt/stack/keystone/keystone/server/flask/request_processing/req_logging.py:28}}
Oct 25 11:53:49 ubuntu devstack@keystone.service[81304]: DEBUG keystone.common.rbac_enforcer.enforcer [None req-33984c88-4e1c-44be-91ba-87beeef83775 None admin] RBAC: Adding query filter params (name=Default) {{(pid=81304) _extract_filter_values /opt/stack/keystone/keystone/common/rbac_enforcer/enforcer.py:176}}
Oct 25 11:53:49 ubuntu devstack@keystone.service[81304]: DEBUG keystone.common.rbac_enforcer.enforcer [None req-33984c88-4e1c-44be-91ba-87beeef83775 None admin] RBAC: Authorizing `identity:list_domains()` {{(pid=81304) enforce_call /opt/stack/keystone/keystone/common/rbac_enforcer/enforcer.py:494}}
Oct 25 11:53:49 ubuntu devstack@keystone.service[81304]: DEBUG keystone.common.rbac_enforcer.enforcer [None req-33984c88-4e1c-44be-91ba-87beeef83775 None admin] RBAC: Authorization granted {{(pid=81304) enforce_call /opt/stack/keystone/keystone/common/rbac_enforcer/enforcer.py:505}}
Oct 25 11:53:49 ubuntu devstack@keystone.service[81303]: DEBUG keystone.server.flask.request_processing.middleware.auth_context [None req-1d59fce2-2cbc-4f16-b2df-82b3513eb01e None admin] RBAC: auth_context: {'token': <TokenModel (audit_id=XcUvPBHNSbGV9V9KWD5qMQ, audit_chain_id=['XcUvPBHNSbGV9V9KWD5qMQ']) at 0x7fe9249cfe80>, 'domain_id': None, 'trust_id': None, 'trustor_id': None, 'trustee_id': None, 'domain_name': None, 'group_ids': [], 'user_id': '08c00e725c2a4568b506b6ed7dd61094', 'user_domain_id': 'default', 'system_scope': 'all', 'project_id': None, 'project_domain_id': None, 'roles': ['admin', 'manager', 'member', 'reader'], 'is_admin_project': True, 'service_user_id': None, 'service_user_domain_id': None, 'service_project_id': None, 'service_project_domain_id': None, 'service_roles': []} {{(pid=81303) fill_context /opt/stack/keystone/keystone/server/flask/request_processing/middleware/auth_context.py:509}}
Oct 25 11:53:49 ubuntu devstack@keystone.service[81303]: DEBUG keystone.server.flask.request_processing.req_logging [None req-1d59fce2-2cbc-4f16-b2df-82b3513eb01e None admin] REQUEST_METHOD: `GET` {{(pid=81303) log_request_info /opt/stack/keystone/keystone/server/flask/request_processing/req_logging.py:26}}
Oct 25 11:53:49 ubuntu devstack@keystone.service[81303]: DEBUG keystone.server.flask.request_processing.req_logging [None req-1d59fce2-2cbc-4f16-b2df-82b3513eb01e None admin] SCRIPT_NAME: `/identity` {{(pid=81303) log_request_info /opt/stack/keystone/keystone/server/flask/request_processing/req_logging.py:27}}
Oct 25 11:53:49 ubuntu devstack@keystone.service[81303]: DEBUG keystone.server.flask.request_processing.req_logging [None req-1d59fce2-2cbc-4f16-b2df-82b3513eb01e None admin] PATH_INFO: `/v3/users/08c00e725c2a4568b506b6ed7dd61094` {{(pid=81303) log_request_info /opt/stack/keystone/keystone/server/flask/request_processing/req_logging.py:28}}
Oct 25 11:53:49 ubuntu devstack@keystone.service[81303]: DEBUG keystone.common.rbac_enforcer.enforcer [None req-1d59fce2-2cbc-4f16-b2df-82b3513eb01e None admin] RBAC: Authorizing `identity:get_user(user_id=08c00e725c2a4568b506b6ed7dd61094)` {{(pid=81303) enforce_call /opt/stack/keystone/keystone/common/rbac_enforcer/enforcer.py:494}}
Oct 25 11:53:49 ubuntu devstack@keystone.service[81303]: DEBUG keystone.common.rbac_enforcer.enforcer [None req-1d59fce2-2cbc-4f16-b2df-82b3513eb01e None admin] RBAC: Authorization granted {{(pid=81303) enforce_call /opt/stack/keystone/keystone/common/rbac_enforcer/enforcer.py:505}}
Oct 25 11:53:49 ubuntu devstack@keystone.service[81303]: [pid: 81303|app: 0|req: 19/33] 10.201.5.82 () {56 vars in 1213 bytes} [Sat Oct 25 11:53:49 2025] GET /identity/v3/users/08c00e725c2a4568b506b6ed7dd61094 => generated 247 bytes in 57 msecs (HTTP/1.1 200) 5 headers in 177 bytes (1 switches on core 0)
Oct 25 11:53:49 ubuntu devstack@keystone.service[81303]: DEBUG keystone.server.flask.request_processing.middleware.auth_context [None req-1d59fce2-2cbc-4f16-b2df-82b3513eb01e None admin] Authenticating user token {{(pid=81303) process_request /opt/stack/data/venv/lib/python3.10/site-packages/keystonemiddleware/auth_token/__init__.py:407}}
Oct 25 11:53:49 ubuntu devstack@keystone.service[81304]: [pid: 81304|app: 0|req: 15/34] 10.201.5.82 () {56 vars in 1101 bytes} [Sat Oct 25 11:53:49 2025] GET /identity/v3/domains?name=Default => generated 308 bytes in 116 msecs (HTTP/1.1 200) 5 headers in 177 bytes (1 switches on core 0)
Oct 25 11:53:49 ubuntu devstack@keystone.service[81304]: DEBUG keystone.server.flask.request_processing.middleware.auth_context [None req-33984c88-4e1c-44be-91ba-87beeef83775 None admin] Authenticating user token {{(pid=81304) process_request /opt/stack/data/venv/lib/python3.10/site-packages/keystonemiddleware/auth_token/__init__.py:407}}
Oct 25 11:53:49 ubuntu devstack@keystone.service[81303]: DEBUG keystone.server.flask.request_processing.middleware.auth_context [None req-1d59fce2-2cbc-4f16-b2df-82b3513eb01e None admin] Validating token access rules against request {{(pid=81303) validate_allowed_request /opt/stack/data/venv/lib/python3.10/site-packages/keystonemiddleware/auth_token/__init__.py:545}}
Oct 25 11:53:49 ubuntu devstack@keystone.service[81303]: DEBUG keystone.server.flask.request_processing.middleware.auth_context [None req-1a93bcd0-cd21-45e0-a037-763b92ee8ec3 None admin] RBAC: auth_context: {'token': <TokenModel (audit_id=XcUvPBHNSbGV9V9KWD5qMQ, audit_chain_id=['XcUvPBHNSbGV9V9KWD5qMQ']) at 0x7fe9249cfeb0>, 'domain_id': None, 'trust_id': None, 'trustor_id': None, 'trustee_id': None, 'domain_name': None, 'group_ids': [], 'user_id': '08c00e725c2a4568b506b6ed7dd61094', 'user_domain_id': 'default', 'system_scope': 'all', 'project_id': None, 'project_domain_id': None, 'roles': ['admin', 'manager', 'member', 'reader'], 'is_admin_project': True, 'service_user_id': None, 'service_user_domain_id': None, 'service_project_id': None, 'service_project_domain_id': None, 'service_roles': []} {{(pid=81303) fill_context /opt/stack/keystone/keystone/server/flask/request_processing/middleware/auth_context.py:509}}
Oct 25 11:53:49 ubuntu devstack@keystone.service[81303]: DEBUG keystone.server.flask.request_processing.req_logging [None req-1a93bcd0-cd21-45e0-a037-763b92ee8ec3 None admin] REQUEST_METHOD: `GET` {{(pid=81303) log_request_info /opt/stack/keystone/keystone/server/flask/request_processing/req_logging.py:26}}
Oct 25 11:53:49 ubuntu devstack@keystone.service[81303]: DEBUG keystone.server.flask.request_processing.req_logging [None req-1a93bcd0-cd21-45e0-a037-763b92ee8ec3 None admin] SCRIPT_NAME: `/identity` {{(pid=81303) log_request_info /opt/stack/keystone/keystone/server/flask/request_processing/req_logging.py:27}}
Oct 25 11:53:49 ubuntu devstack@keystone.service[81303]: DEBUG keystone.server.flask.request_processing.req_logging [None req-1a93bcd0-cd21-45e0-a037-763b92ee8ec3 None admin] PATH_INFO: `/v3/domains/default` {{(pid=81303) log_request_info /opt/stack/keystone/keystone/server/flask/request_processing/req_logging.py:28}}
Oct 25 11:53:49 ubuntu devstack@keystone.service[81303]: DEBUG keystone.common.rbac_enforcer.enforcer [None req-1a93bcd0-cd21-45e0-a037-763b92ee8ec3 None admin] RBAC: Authorizing `identity:get_domain(domain_id=default)` {{(pid=81303) enforce_call /opt/stack/keystone/keystone/common/rbac_enforcer/enforcer.py:494}}
Oct 25 11:53:49 ubuntu devstack@keystone.service[81303]: DEBUG keystone.common.rbac_enforcer.enforcer [None req-1a93bcd0-cd21-45e0-a037-763b92ee8ec3 None admin] RBAC: Authorization granted {{(pid=81303) enforce_call /opt/stack/keystone/keystone/common/rbac_enforcer/enforcer.py:505}}
Oct 25 11:53:49 ubuntu devstack@keystone.service[81303]: [pid: 81303|app: 0|req: 20/35] 10.201.5.82 () {56 vars in 1144 bytes} [Sat Oct 25 11:53:49 2025] GET /identity/v3/domains/default => generated 199 bytes in 57 msecs (HTTP/1.1 200) 5 headers in 177 bytes (2 switches on core 0)
Oct 25 11:53:49 ubuntu devstack@keystone.service[81303]: DEBUG keystone.server.flask.request_processing.middleware.auth_context [None req-1a93bcd0-cd21-45e0-a037-763b92ee8ec3 None admin] Authenticating user token {{(pid=81303) process_request /opt/stack/data/venv/lib/python3.10/site-packages/keystonemiddleware/auth_token/__init__.py:407}}
Oct 25 11:53:49 ubuntu devstack@keystone.service[81303]: DEBUG keystone.server.flask.request_processing.middleware.auth_context [None req-1a93bcd0-cd21-45e0-a037-763b92ee8ec3 None admin] Validating token access rules against request {{(pid=81303) validate_allowed_request /opt/stack/data/venv/lib/python3.10/site-packages/keystonemiddleware/auth_token/__init__.py:545}}
Oct 25 11:53:49 ubuntu devstack@keystone.service[81304]: DEBUG keystone.server.flask.request_processing.middleware.auth_context [None req-33984c88-4e1c-44be-91ba-87beeef83775 None admin] Validating token access rules against request {{(pid=81304) validate_allowed_request /opt/stack/data/venv/lib/python3.10/site-packages/keystonemiddleware/auth_token/__init__.py:545}}
Oct 25 11:53:49 ubuntu devstack@keystone.service[81303]: DEBUG keystone.server.flask.request_processing.middleware.auth_context [None req-17f6d248-4a9c-408c-b689-386ccbf6ad47 None admin] RBAC: auth_context: {'token': <TokenModel (audit_id=nm8TM8BBRquBJ4ncTUC0VQ, audit_chain_id=['nm8TM8BBRquBJ4ncTUC0VQ']) at 0x7fe9249cf3d0>, 'domain_id': None, 'trust_id': None, 'trustor_id': None, 'trustee_id': None, 'domain_name': None, 'group_ids': [], 'user_id': '08c00e725c2a4568b506b6ed7dd61094', 'user_domain_id': 'default', 'system_scope': 'all', 'project_id': None, 'project_domain_id': None, 'roles': ['admin', 'manager', 'member', 'reader'], 'is_admin_project': True, 'service_user_id': None, 'service_user_domain_id': None, 'service_project_id': None, 'service_project_domain_id': None, 'service_roles': []} {{(pid=81303) fill_context /opt/stack/keystone/keystone/server/flask/request_processing/middleware/auth_context.py:509}}
Oct 25 11:53:49 ubuntu devstack@keystone.service[81303]: DEBUG keystone.server.flask.request_processing.req_logging [None req-17f6d248-4a9c-408c-b689-386ccbf6ad47 None admin] REQUEST_METHOD: `POST` {{(pid=81303) log_request_info /opt/stack/keystone/keystone/server/flask/request_processing/req_logging.py:26}}
Oct 25 11:53:49 ubuntu devstack@keystone.service[81303]: DEBUG keystone.server.flask.request_processing.req_logging [None req-17f6d248-4a9c-408c-b689-386ccbf6ad47 None admin] SCRIPT_NAME: `/identity` {{(pid=81303) log_request_info /opt/stack/keystone/keystone/server/flask/request_processing/req_logging.py:27}}
Oct 25 11:53:49 ubuntu devstack@keystone.service[81303]: DEBUG keystone.server.flask.request_processing.req_logging [None req-17f6d248-4a9c-408c-b689-386ccbf6ad47 None admin] PATH_INFO: `/v3/roles` {{(pid=81303) log_request_info /opt/stack/keystone/keystone/server/flask/request_processing/req_logging.py:28}}
Oct 25 11:53:49 ubuntu devstack@keystone.service[81303]: DEBUG keystone.common.rbac_enforcer.enforcer [None req-17f6d248-4a9c-408c-b689-386ccbf6ad47 None admin] RBAC: Authorizing `identity:create_role()` {{(pid=81303) enforce_call /opt/stack/keystone/keystone/common/rbac_enforcer/enforcer.py:494}}
Oct 25 11:53:49 ubuntu devstack@keystone.service[81303]: DEBUG keystone.common.rbac_enforcer.enforcer [None req-17f6d248-4a9c-408c-b689-386ccbf6ad47 None admin] RBAC: Authorization granted {{(pid=81303) enforce_call /opt/stack/keystone/keystone/common/rbac_enforcer/enforcer.py:505}}
Oct 25 11:53:49 ubuntu devstack@keystone.service[81304]: DEBUG keystone.server.flask.request_processing.middleware.auth_context [None req-c50a1467-a2fc-4e34-9fc4-56fc09669a3e None admin] RBAC: auth_context: {'token': <TokenModel (audit_id=V3ADjV1lS2iNrjBA68PadA, audit_chain_id=['V3ADjV1lS2iNrjBA68PadA']) at 0x7fe92556e740>, 'domain_id': None, 'trust_id': None, 'trustor_id': None, 'trustee_id': None, 'domain_name': None, 'group_ids': [], 'user_id': '08c00e725c2a4568b506b6ed7dd61094', 'user_domain_id': 'default', 'system_scope': 'all', 'project_id': None, 'project_domain_id': None, 'roles': ['admin', 'manager', 'member', 'reader'], 'is_admin_project': True, 'service_user_id': None, 'service_user_domain_id': None, 'service_project_id': None, 'service_project_domain_id': None, 'service_roles': []} {{(pid=81304) fill_context /opt/stack/keystone/keystone/server/flask/request_processing/middleware/auth_context.py:509}}
Oct 25 11:53:49 ubuntu devstack@keystone.service[81304]: DEBUG keystone.server.flask.request_processing.req_logging [None req-c50a1467-a2fc-4e34-9fc4-56fc09669a3e None admin] REQUEST_METHOD: `POST` {{(pid=81304) log_request_info /opt/stack/keystone/keystone/server/flask/request_processing/req_logging.py:26}}
Oct 25 11:53:49 ubuntu devstack@keystone.service[81304]: DEBUG keystone.server.flask.request_processing.req_logging [None req-c50a1467-a2fc-4e34-9fc4-56fc09669a3e None admin] SCRIPT_NAME: `/identity` {{(pid=81304) log_request_info /opt/stack/keystone/keystone/server/flask/request_processing/req_logging.py:27}}
Oct 25 11:53:49 ubuntu devstack@keystone.service[81304]: DEBUG keystone.server.flask.request_processing.req_logging [None req-c50a1467-a2fc-4e34-9fc4-56fc09669a3e None admin] PATH_INFO: `/v3/projects` {{(pid=81304) log_request_info /opt/stack/keystone/keystone/server/flask/request_processing/req_logging.py:28}}
Oct 25 11:53:49 ubuntu devstack@keystone.service[81304]: DEBUG keystone.common.rbac_enforcer.enforcer [None req-c50a1467-a2fc-4e34-9fc4-56fc09669a3e None admin] RBAC: Authorizing `identity:create_project()` {{(pid=81304) enforce_call /opt/stack/keystone/keystone/common/rbac_enforcer/enforcer.py:494}}
Oct 25 11:53:49 ubuntu devstack@keystone.service[81304]: DEBUG keystone.common.rbac_enforcer.enforcer [None req-c50a1467-a2fc-4e34-9fc4-56fc09669a3e None admin] RBAC: Authorization granted {{(pid=81304) enforce_call /opt/stack/keystone/keystone/common/rbac_enforcer/enforcer.py:505}}
Oct 25 11:53:49 ubuntu devstack@keystone.service[81304]: [pid: 81304|app: 0|req: 16/36] 10.201.5.82 () {60 vars in 1133 bytes} [Sat Oct 25 11:53:49 2025] POST /identity/v3/projects => generated 301 bytes in 116 msecs (HTTP/1.1 201) 5 headers in 182 bytes (1 switches on core 0)
Oct 25 11:53:49 ubuntu devstack@keystone.service[81304]: DEBUG keystone.server.flask.request_processing.middleware.auth_context [None req-c50a1467-a2fc-4e34-9fc4-56fc09669a3e None admin] Authenticating user token {{(pid=81304) process_request /opt/stack/data/venv/lib/python3.10/site-packages/keystonemiddleware/auth_token/__init__.py:407}}
Oct 25 11:53:49 ubuntu devstack@keystone.service[81304]: DEBUG keystone.server.flask.request_processing.middleware.auth_context [None req-c50a1467-a2fc-4e34-9fc4-56fc09669a3e None admin] Validating token access rules against request {{(pid=81304) validate_allowed_request /opt/stack/data/venv/lib/python3.10/site-packages/keystonemiddleware/auth_token/__init__.py:545}}
Oct 25 11:53:49 ubuntu devstack@keystone.service[81303]: [pid: 81303|app: 0|req: 21/37] 10.201.5.82 () {60 vars in 1167 bytes} [Sat Oct 25 11:53:49 2025] POST /identity/v3/roles => generated 225 bytes in 128 msecs (HTTP/1.1 201) 5 headers in 182 bytes (1 switches on core 0)
Oct 25 11:53:49 ubuntu devstack@keystone.service[81303]: DEBUG keystone.server.flask.request_processing.middleware.auth_context [None req-17f6d248-4a9c-408c-b689-386ccbf6ad47 None admin] Authenticating user token {{(pid=81303) process_request /opt/stack/data/venv/lib/python3.10/site-packages/keystonemiddleware/auth_token/__init__.py:407}}
Oct 25 11:53:49 ubuntu devstack@keystone.service[81304]: DEBUG keystone.server.flask.request_processing.middleware.auth_context [None req-95abc858-7937-4b49-ae85-80f198248fd9 None admin] RBAC: auth_context: {'token': <TokenModel (audit_id=XcUvPBHNSbGV9V9KWD5qMQ, audit_chain_id=['XcUvPBHNSbGV9V9KWD5qMQ']) at 0x7fe92498ae00>, 'domain_id': None, 'trust_id': None, 'trustor_id': None, 'trustee_id': None, 'domain_name': None, 'group_ids': [], 'user_id': '08c00e725c2a4568b506b6ed7dd61094', 'user_domain_id': 'default', 'system_scope': 'all', 'project_id': None, 'project_domain_id': None, 'roles': ['admin', 'manager', 'member', 'reader'], 'is_admin_project': True, 'service_user_id': None, 'service_user_domain_id': None, 'service_project_id': None, 'service_project_domain_id': None, 'service_roles': []} {{(pid=81304) fill_context /opt/stack/keystone/keystone/server/flask/request_processing/middleware/auth_context.py:509}}
Oct 25 11:53:49 ubuntu devstack@keystone.service[81304]: DEBUG keystone.server.flask.request_processing.req_logging [None req-95abc858-7937-4b49-ae85-80f198248fd9 None admin] REQUEST_METHOD: `GET` {{(pid=81304) log_request_info /opt/stack/keystone/keystone/server/flask/request_processing/req_logging.py:26}}
Oct 25 11:53:49 ubuntu devstack@keystone.service[81304]: DEBUG keystone.server.flask.request_processing.req_logging [None req-95abc858-7937-4b49-ae85-80f198248fd9 None admin] SCRIPT_NAME: `/identity` {{(pid=81304) log_request_info /opt/stack/keystone/keystone/server/flask/request_processing/req_logging.py:27}}
Oct 25 11:53:49 ubuntu devstack@keystone.service[81304]: DEBUG keystone.server.flask.request_processing.req_logging [None req-95abc858-7937-4b49-ae85-80f198248fd9 None admin] PATH_INFO: `/v3/role_assignments` {{(pid=81304) log_request_info /opt/stack/keystone/keystone/server/flask/request_processing/req_logging.py:28}}
Oct 25 11:53:49 ubuntu devstack@keystone.service[81304]: DEBUG keystone.common.rbac_enforcer.enforcer [None req-95abc858-7937-4b49-ae85-80f198248fd9 None admin] RBAC: Adding query filter params (role.id=98eb048c70be49acb36310fa0d76a505, scope.domain.id=default, user.id=08c00e725c2a4568b506b6ed7dd61094) {{(pid=81304) _extract_filter_values /opt/stack/keystone/keystone/common/rbac_enforcer/enforcer.py:176}}
Oct 25 11:53:49 ubuntu devstack@keystone.service[81304]: DEBUG keystone.common.rbac_enforcer.enforcer [None req-95abc858-7937-4b49-ae85-80f198248fd9 None admin] RBAC: Authorizing `identity:list_role_assignments()` {{(pid=81304) enforce_call /opt/stack/keystone/keystone/common/rbac_enforcer/enforcer.py:494}}
Oct 25 11:53:49 ubuntu devstack@keystone.service[81304]: DEBUG keystone.common.rbac_enforcer.enforcer [None req-95abc858-7937-4b49-ae85-80f198248fd9 None admin] RBAC: Authorization granted {{(pid=81304) enforce_call /opt/stack/keystone/keystone/common/rbac_enforcer/enforcer.py:505}}
Oct 25 11:53:49 ubuntu devstack@keystone.service[81304]: [pid: 81304|app: 0|req: 17/38] 10.201.5.82 () {56 vars in 1371 bytes} [Sat Oct 25 11:53:49 2025] GET /identity/v3/role_assignments?role.id=98eb048c70be49acb36310fa0d76a505&scope.domain.id=default&user.id=08c00e725c2a4568b506b6ed7dd61094 => generated 530 bytes in 89 msecs (HTTP/1.1 200) 5 headers in 177 bytes (1 switches on core 0)
Oct 25 11:53:49 ubuntu devstack@keystone.service[81303]: DEBUG keystone.server.flask.request_processing.middleware.auth_context [None req-17f6d248-4a9c-408c-b689-386ccbf6ad47 None admin] Validating token access rules against request {{(pid=81303) validate_allowed_request /opt/stack/data/venv/lib/python3.10/site-packages/keystonemiddleware/auth_token/__init__.py:545}}
Oct 25 11:53:49 ubuntu devstack@keystone.service[81303]: DEBUG keystone.server.flask.request_processing.middleware.auth_context [None req-522c7d5d-7f06-4119-94ba-ddaedfce4610 None admin] RBAC: auth_context: {'token': <TokenModel (audit_id=tPTqINnZTXuSoDbfGPPzAw, audit_chain_id=['tPTqINnZTXuSoDbfGPPzAw']) at 0x7fe924a0afe0>, 'domain_id': None, 'trust_id': None, 'trustor_id': None, 'trustee_id': None, 'domain_name': None, 'group_ids': [], 'user_id': '08c00e725c2a4568b506b6ed7dd61094', 'user_domain_id': 'default', 'system_scope': 'all', 'project_id': None, 'project_domain_id': None, 'roles': ['admin', 'manager', 'member', 'reader'], 'is_admin_project': True, 'service_user_id': None, 'service_user_domain_id': None, 'service_project_id': None, 'service_project_domain_id': None, 'service_roles': []} {{(pid=81303) fill_context /opt/stack/keystone/keystone/server/flask/request_processing/middleware/auth_context.py:509}}
Oct 25 11:53:49 ubuntu devstack@keystone.service[81303]: DEBUG keystone.server.flask.request_processing.req_logging [None req-522c7d5d-7f06-4119-94ba-ddaedfce4610 None admin] REQUEST_METHOD: `POST` {{(pid=81303) log_request_info /opt/stack/keystone/keystone/server/flask/request_processing/req_logging.py:26}}
Oct 25 11:53:49 ubuntu devstack@keystone.service[81303]: DEBUG keystone.server.flask.request_processing.req_logging [None req-522c7d5d-7f06-4119-94ba-ddaedfce4610 None admin] SCRIPT_NAME: `/identity` {{(pid=81303) log_request_info /opt/stack/keystone/keystone/server/flask/request_processing/req_logging.py:27}}
Oct 25 11:53:49 ubuntu devstack@keystone.service[81303]: DEBUG keystone.server.flask.request_processing.req_logging [None req-522c7d5d-7f06-4119-94ba-ddaedfce4610 None admin] PATH_INFO: `/v3/roles` {{(pid=81303) log_request_info /opt/stack/keystone/keystone/server/flask/request_processing/req_logging.py:28}}
Oct 25 11:53:49 ubuntu devstack@keystone.service[81303]: DEBUG keystone.common.rbac_enforcer.enforcer [None req-522c7d5d-7f06-4119-94ba-ddaedfce4610 None admin] RBAC: Authorizing `identity:create_role()` {{(pid=81303) enforce_call /opt/stack/keystone/keystone/common/rbac_enforcer/enforcer.py:494}}
Oct 25 11:53:49 ubuntu devstack@keystone.service[81303]: DEBUG keystone.common.rbac_enforcer.enforcer [None req-522c7d5d-7f06-4119-94ba-ddaedfce4610 None admin] RBAC: Authorization granted {{(pid=81303) enforce_call /opt/stack/keystone/keystone/common/rbac_enforcer/enforcer.py:505}}
Oct 25 11:53:49 ubuntu devstack@keystone.service[81303]: DEBUG keystone.common.sql.core [None req-522c7d5d-7f06-4119-94ba-ddaedfce4610 None admin] Conflict role: (pymysql.err.IntegrityError) (1062, "Duplicate entry 'service-<<null>>' for key 'role.ixu_role_name_domain_id'")
Oct 25 11:53:49 ubuntu devstack@keystone.service[81303]: [SQL: INSERT INTO `role` (id, name, description, extra) VALUES (%(id)s, %(name)s, %(description)s, %(extra)s)]
Oct 25 11:53:49 ubuntu devstack@keystone.service[81303]: [parameters: {'id': 'be91034e69044565bc2387bb61a12aa2', 'name': 'service', 'description': None, 'extra': '{}'}]
Oct 25 11:53:49 ubuntu devstack@keystone.service[81303]: (Background on this error at: https://sqlalche.me/e/20/gkpj) {{(pid=81303) wrapper /opt/stack/keystone/keystone/common/sql/core.py:580}}
Oct 25 11:53:49 ubuntu devstack@keystone.service[81303]: ERROR keystone.server.flask.application [None req-522c7d5d-7f06-4119-94ba-ddaedfce4610 None admin] Conflict occurred attempting to store role - Duplicate entry found with name service.: keystone.exception.Conflict: Conflict occurred attempting to store role - Duplicate entry found with name service.
Oct 25 11:53:49 ubuntu devstack@keystone.service[81303]: ERROR keystone.server.flask.application Traceback (most recent call last):
Oct 25 11:53:49 ubuntu devstack@keystone.service[81303]: ERROR keystone.server.flask.application   File "/opt/stack/data/venv/lib/python3.10/site-packages/sqlalchemy/engine/base.py", line 1961, in _exec_single_context
Oct 25 11:53:49 ubuntu devstack@keystone.service[81303]: ERROR keystone.server.flask.application     self.dialect.do_execute(
Oct 25 11:53:49 ubuntu devstack@keystone.service[81303]: ERROR keystone.server.flask.application   File "/opt/stack/data/venv/lib/python3.10/site-packages/sqlalchemy/engine/default.py", line 944, in do_execute
Oct 25 11:53:49 ubuntu devstack@keystone.service[81303]: ERROR keystone.server.flask.application     cursor.execute(statement, parameters)
Oct 25 11:53:49 ubuntu devstack@keystone.service[81303]: ERROR keystone.server.flask.application   File "/opt/stack/data/venv/lib/python3.10/site-packages/pymysql/cursors.py", line 153, in execute
Oct 25 11:53:49 ubuntu devstack@keystone.service[81303]: ERROR keystone.server.flask.application     result = self._query(query)
Oct 25 11:53:49 ubuntu devstack@keystone.service[81303]: ERROR keystone.server.flask.application   File "/opt/stack/data/venv/lib/python3.10/site-packages/pymysql/cursors.py", line 322, in _query
Oct 25 11:53:49 ubuntu devstack@keystone.service[81303]: ERROR keystone.server.flask.application     conn.query(q)
Oct 25 11:53:49 ubuntu devstack@keystone.service[81303]: ERROR keystone.server.flask.application   File "/opt/stack/data/venv/lib/python3.10/site-packages/pymysql/connections.py", line 563, in query
Oct 25 11:53:49 ubuntu devstack@keystone.service[81303]: ERROR keystone.server.flask.application     self._affected_rows = self._read_query_result(unbuffered=unbuffered)
Oct 25 11:53:49 ubuntu devstack@keystone.service[81303]: ERROR keystone.server.flask.application   File "/opt/stack/data/venv/lib/python3.10/site-packages/pymysql/connections.py", line 825, in _read_query_result
Oct 25 11:53:49 ubuntu devstack@keystone.service[81303]: ERROR keystone.server.flask.application     result.read()
Oct 25 11:53:49 ubuntu devstack@keystone.service[81303]: ERROR keystone.server.flask.application   File "/opt/stack/data/venv/lib/python3.10/site-packages/pymysql/connections.py", line 1199, in read
Oct 25 11:53:49 ubuntu devstack@keystone.service[81303]: ERROR keystone.server.flask.application     first_packet = self.connection._read_packet()
Oct 25 11:53:49 ubuntu devstack@keystone.service[81303]: ERROR keystone.server.flask.application   File "/opt/stack/data/venv/lib/python3.10/site-packages/pymysql/connections.py", line 775, in _read_packet
Oct 25 11:53:49 ubuntu devstack@keystone.service[81303]: ERROR keystone.server.flask.application     packet.raise_for_error()
Oct 25 11:53:49 ubuntu devstack@keystone.service[81303]: ERROR keystone.server.flask.application   File "/opt/stack/data/venv/lib/python3.10/site-packages/pymysql/protocol.py", line 219, in raise_for_error
Oct 25 11:53:49 ubuntu devstack@keystone.service[81303]: ERROR keystone.server.flask.application     err.raise_mysql_exception(self._data)
Oct 25 11:53:49 ubuntu devstack@keystone.service[81303]: ERROR keystone.server.flask.application   File "/opt/stack/data/venv/lib/python3.10/site-packages/pymysql/err.py", line 150, in raise_mysql_exception
Oct 25 11:53:49 ubuntu devstack@keystone.service[81303]: ERROR keystone.server.flask.application     raise errorclass(errno, errval)
Oct 25 11:53:49 ubuntu devstack@keystone.service[81303]: ERROR keystone.server.flask.application pymysql.err.IntegrityError: (1062, "Duplicate entry 'service-<<null>>' for key 'role.ixu_role_name_domain_id'")
Oct 25 11:53:49 ubuntu devstack@keystone.service[81303]: ERROR keystone.server.flask.application 
