Sep 11 09:55:32 ubuntu devstack@keystone.service[81203]: DEBUG keystone.server.flask.common [-] Adding resource routes to API role_inferences: ['/role_inferences' {}] {{(pid=81203) _add_mapped_resources /opt/stack/keystone/keystone/server/flask/common.py:483}}
Sep 11 09:55:32 ubuntu devstack@keystone.service[81203]: DEBUG keystone.server.flask.common [-] Adding resource routes to API roles: ['/roles' {}] {{(pid=81203) _add_mapped_resources /opt/stack/keystone/keystone/server/flask/common.py:483}}
Sep 11 09:55:32 ubuntu devstack@keystone.service[81203]: DEBUG keystone.server.flask.common [-] Adding resource routes to API roles: ['/roles/<string:role_id>' {}] {{(pid=81203) _add_mapped_resources /opt/stack/keystone/keystone/server/flask/common.py:483}}
Sep 11 09:55:32 ubuntu devstack@keystone.service[81203]: DEBUG keystone.server.flask.common [-] Adding resource routes to API roles: ['/roles/<string:prior_role_id>/implies' {}] {{(pid=81203) _add_mapped_resources /opt/stack/keystone/keystone/server/flask/common.py:483}}
Sep 11 09:55:32 ubuntu devstack@keystone.service[81203]: DEBUG keystone.server.flask.common [-] Adding resource routes to API roles: ['/roles/<string:prior_role_id>/implies/<string:implied_role_id>' {}] {{(pid=81203) _add_mapped_resources /opt/stack/keystone/keystone/server/flask/common.py:483}}
Sep 11 09:55:32 ubuntu devstack@keystone.service[81203]: DEBUG keystone.server.flask.common [-] Adding resource routes to API s3tokens: ['/s3tokens' {}] {{(pid=81203) _add_mapped_resources /opt/stack/keystone/keystone/server/flask/common.py:483}}
Sep 11 09:55:32 ubuntu devstack@keystone.service[81203]: DEBUG keystone.server.flask.common [-] Adding resource routes to API services: ['/services' {}] {{(pid=81203) _add_mapped_resources /opt/stack/keystone/keystone/server/flask/common.py:483}}
Sep 11 09:55:32 ubuntu devstack@keystone.service[81203]: DEBUG keystone.server.flask.common [-] Adding resource routes to API services: ['/services/<string:service_id>' {}] {{(pid=81203) _add_mapped_resources /opt/stack/keystone/keystone/server/flask/common.py:483}}
Sep 11 09:55:32 ubuntu devstack@keystone.service[81202]: WSGI app 0 (mountpoint='') ready in 2 seconds on interpreter 0x564b59a66d40 pid: 81202 (default app)
Sep 11 09:55:32 ubuntu devstack@keystone.service[81203]: DEBUG keystone.server.flask.common [-] Adding resource routes to API system: ['/system/users/<string:user_id>/roles' {}] {{(pid=81203) _add_mapped_resources /opt/stack/keystone/keystone/server/flask/common.py:483}}
Sep 11 09:55:32 ubuntu devstack@keystone.service[81203]: DEBUG keystone.server.flask.common [-] Adding resource routes to API system: ['/system/users/<string:user_id>/roles/<string:role_id>' {}] {{(pid=81203) _add_mapped_resources /opt/stack/keystone/keystone/server/flask/common.py:483}}
Sep 11 09:55:32 ubuntu devstack@keystone.service[81203]: DEBUG keystone.server.flask.common [-] Adding resource routes to API system: ['/system/groups/<string:group_id>/roles' {}] {{(pid=81203) _add_mapped_resources /opt/stack/keystone/keystone/server/flask/common.py:483}}
Sep 11 09:55:32 ubuntu devstack@keystone.service[81203]: DEBUG keystone.server.flask.common [-] Adding resource routes to API system: ['/system/groups/<string:group_id>/roles/<string:role_id>' {}] {{(pid=81203) _add_mapped_resources /opt/stack/keystone/keystone/server/flask/common.py:483}}
Sep 11 09:55:32 ubuntu devstack@keystone.service[81202]: DEBUG keystone.server.flask.request_processing.req_logging [None req-138dbcbc-d2fe-4432-ab2e-3eee150bac94 None None] REQUEST_METHOD: `GET` {{(pid=81202) log_request_info /opt/stack/keystone/keystone/server/flask/request_processing/req_logging.py:26}}
Sep 11 09:55:32 ubuntu devstack@keystone.service[81202]: DEBUG keystone.server.flask.request_processing.req_logging [None req-138dbcbc-d2fe-4432-ab2e-3eee150bac94 None None] SCRIPT_NAME: `/identity` {{(pid=81202) log_request_info /opt/stack/keystone/keystone/server/flask/request_processing/req_logging.py:27}}
Sep 11 09:55:32 ubuntu devstack@keystone.service[81202]: DEBUG keystone.server.flask.request_processing.req_logging [None req-138dbcbc-d2fe-4432-ab2e-3eee150bac94 None None] PATH_INFO: `/v3` {{(pid=81202) log_request_info /opt/stack/keystone/keystone/server/flask/request_processing/req_logging.py:28}}
Sep 11 09:55:32 ubuntu devstack@keystone.service[81202]: [pid: 81202|app: 0|req: 1/1] 10.201.5.82 () {50 vars in 783 bytes} [Thu Sep 11 09:55:32 2025] GET /identity/v3/ => generated 255 bytes in 2 msecs (HTTP/1.1 200) 5 headers in 177 bytes (1 switches on core 0)
Sep 11 09:55:32 ubuntu devstack@keystone.service[81203]: DEBUG keystone.server.flask.common [-] Adding resource routes to API trusts: ['/trusts' {}] {{(pid=81203) _add_mapped_resources /opt/stack/keystone/keystone/server/flask/common.py:483}}
Sep 11 09:55:32 ubuntu devstack@keystone.service[81203]: DEBUG keystone.server.flask.common [-] Adding resource routes to API trusts: ['/trusts/<string:trust_id>' {}] {{(pid=81203) _add_mapped_resources /opt/stack/keystone/keystone/server/flask/common.py:483}}
Sep 11 09:55:32 ubuntu devstack@keystone.service[81203]: DEBUG keystone.server.flask.common [-] Adding resource routes to API trusts: ['/trusts/<string:trust_id>/roles' {}] {{(pid=81203) _add_mapped_resources /opt/stack/keystone/keystone/server/flask/common.py:483}}
Sep 11 09:55:32 ubuntu devstack@keystone.service[81203]: DEBUG keystone.server.flask.common [-] Adding resource routes to API trusts: ['/trusts/<string:trust_id>/roles/<string:role_id>' {}] {{(pid=81203) _add_mapped_resources /opt/stack/keystone/keystone/server/flask/common.py:483}}
Sep 11 09:55:32 ubuntu devstack@keystone.service[81203]: DEBUG keystone.server.flask.common [-] Adding resource routes to API users: ['/users' {}] {{(pid=81203) _add_mapped_resources /opt/stack/keystone/keystone/server/flask/common.py:483}}
Sep 11 09:55:32 ubuntu devstack@keystone.service[81203]: DEBUG keystone.server.flask.common [-] Adding resource routes to API users: ['/users/<string:user_id>' {}] {{(pid=81203) _add_mapped_resources /opt/stack/keystone/keystone/server/flask/common.py:483}}
Sep 11 09:55:32 ubuntu devstack@keystone.service[81203]: DEBUG keystone.server.flask.common [-] Adding resource routes to API users: ['/users/<string:user_id>/password' {}] {{(pid=81203) _add_mapped_resources /opt/stack/keystone/keystone/server/flask/common.py:483}}
Sep 11 09:55:32 ubuntu devstack@keystone.service[81203]: DEBUG keystone.server.flask.common [-] Adding resource routes to API users: ['/users/<string:user_id>/groups' {}] {{(pid=81203) _add_mapped_resources /opt/stack/keystone/keystone/server/flask/common.py:483}}
Sep 11 09:55:32 ubuntu devstack@keystone.service[81203]: DEBUG keystone.server.flask.common [-] Adding resource routes to API users: ['/users/<string:user_id>/projects' {}] {{(pid=81203) _add_mapped_resources /opt/stack/keystone/keystone/server/flask/common.py:483}}
Sep 11 09:55:32 ubuntu devstack@keystone.service[81203]: DEBUG keystone.server.flask.common [-] Adding resource routes to API users: ['/users/<string:user_id>/credentials/OS-EC2' {}] {{(pid=81203) _add_mapped_resources /opt/stack/keystone/keystone/server/flask/common.py:483}}
Sep 11 09:55:32 ubuntu devstack@keystone.service[81203]: DEBUG keystone.server.flask.common [-] Adding resource routes to API users: ['/users/<string:user_id>/credentials/OS-EC2/<string:credential_id>' {}] {{(pid=81203) _add_mapped_resources /opt/stack/keystone/keystone/server/flask/common.py:483}}
Sep 11 09:55:32 ubuntu devstack@keystone.service[81203]: DEBUG keystone.server.flask.common [-] Adding resource routes to API users: ['/users/<string:user_id>/OS-OAUTH1/access_tokens' {}] {{(pid=81203) _add_mapped_resources /opt/stack/keystone/keystone/server/flask/common.py:483}}
Sep 11 09:55:32 ubuntu devstack@keystone.service[81203]: DEBUG keystone.server.flask.common [-] Adding resource routes to API users: ['/users/<string:user_id>/OS-OAUTH1/access_tokens/<string:access_token_id>' {}] {{(pid=81203) _add_mapped_resources /opt/stack/keystone/keystone/server/flask/common.py:483}}
Sep 11 09:55:32 ubuntu devstack@keystone.service[81203]: DEBUG keystone.server.flask.common [-] Adding resource routes to API users: ['/users/<string:user_id>/OS-OAUTH1/access_tokens/<string:access_token_id>/roles' {}] {{(pid=81203) _add_mapped_resources /opt/stack/keystone/keystone/server/flask/common.py:483}}
Sep 11 09:55:32 ubuntu devstack@keystone.service[81203]: DEBUG keystone.server.flask.common [-] Adding resource routes to API users: ['/users/<string:user_id>/OS-OAUTH1/access_tokens/<string:access_token_id>/roles/<string:role_id>' {}] {{(pid=81203) _add_mapped_resources /opt/stack/keystone/keystone/server/flask/common.py:483}}
Sep 11 09:55:32 ubuntu devstack@keystone.service[81203]: DEBUG keystone.server.flask.common [-] Adding resource routes to API users: ['/users/<string:user_id>/application_credentials' {}] {{(pid=81203) _add_mapped_resources /opt/stack/keystone/keystone/server/flask/common.py:483}}
Sep 11 09:55:32 ubuntu devstack@keystone.service[81203]: DEBUG keystone.server.flask.common [-] Adding resource routes to API users: ['/users/<string:user_id>/application_credentials/<string:application_credential_id>' {}] {{(pid=81203) _add_mapped_resources /opt/stack/keystone/keystone/server/flask/common.py:483}}
Sep 11 09:55:32 ubuntu devstack@keystone.service[81203]: DEBUG keystone.server.flask.common [-] Adding resource routes to API users: ['/users/<string:user_id>/access_rules' {}] {{(pid=81203) _add_mapped_resources /opt/stack/keystone/keystone/server/flask/common.py:483}}
Sep 11 09:55:32 ubuntu devstack@keystone.service[81203]: DEBUG keystone.server.flask.common [-] Adding resource routes to API users: ['/users/<string:user_id>/access_rules/<string:access_rule_id>' {}] {{(pid=81203) _add_mapped_resources /opt/stack/keystone/keystone/server/flask/common.py:483}}
Sep 11 09:55:32 ubuntu devstack@keystone.service[81203]: WSGI app 0 (mountpoint='') ready in 2 seconds on interpreter 0x564b59a66d40 pid: 81203 (default app)
Sep 11 09:55:37 ubuntu devstack@keystone.service[81202]: DEBUG keystone.server.flask.request_processing.req_logging [None req-50464d98-ed16-4e06-b05f-15cd2b32bbce None None] REQUEST_METHOD: `GET` {{(pid=81202) log_request_info /opt/stack/keystone/keystone/server/flask/request_processing/req_logging.py:26}}
Sep 11 09:55:37 ubuntu devstack@keystone.service[81202]: DEBUG keystone.server.flask.request_processing.req_logging [None req-50464d98-ed16-4e06-b05f-15cd2b32bbce None None] SCRIPT_NAME: `/identity` {{(pid=81202) log_request_info /opt/stack/keystone/keystone/server/flask/request_processing/req_logging.py:27}}
Sep 11 09:55:37 ubuntu devstack@keystone.service[81202]: DEBUG keystone.server.flask.request_processing.req_logging [None req-50464d98-ed16-4e06-b05f-15cd2b32bbce None None] PATH_INFO: `/` {{(pid=81202) log_request_info /opt/stack/keystone/keystone/server/flask/request_processing/req_logging.py:28}}
Sep 11 09:55:37 ubuntu devstack@keystone.service[81202]: [pid: 81202|app: 0|req: 2/2] 10.201.5.82 () {54 vars in 919 bytes} [Thu Sep 11 09:55:37 2025] GET /identity => generated 270 bytes in 4 msecs (HTTP/1.1 300) 6 headers in 234 bytes (1 switches on core 0)
Sep 11 09:55:37 ubuntu devstack@keystone.service[81203]: DEBUG keystone.server.flask.request_processing.req_logging [None req-1e2eb809-3b26-4898-bde0-6a0adc0691b7 None None] REQUEST_METHOD: `POST` {{(pid=81203) log_request_info /opt/stack/keystone/keystone/server/flask/request_processing/req_logging.py:26}}
Sep 11 09:55:37 ubuntu devstack@keystone.service[81203]: DEBUG keystone.server.flask.request_processing.req_logging [None req-1e2eb809-3b26-4898-bde0-6a0adc0691b7 None None] SCRIPT_NAME: `/identity` {{(pid=81203) log_request_info /opt/stack/keystone/keystone/server/flask/request_processing/req_logging.py:27}}
Sep 11 09:55:37 ubuntu devstack@keystone.service[81203]: DEBUG keystone.server.flask.request_processing.req_logging [None req-1e2eb809-3b26-4898-bde0-6a0adc0691b7 None None] PATH_INFO: `/v3/auth/tokens` {{(pid=81203) log_request_info /opt/stack/keystone/keystone/server/flask/request_processing/req_logging.py:28}}
Sep 11 09:55:37 ubuntu devstack@keystone.service[81203]: INFO dbcounter [None req-1e2eb809-3b26-4898-bde0-6a0adc0691b7 None None] Registered counter for database keystone
Sep 11 09:55:37 ubuntu devstack@keystone.service[81203]: DEBUG oslo_db.sqlalchemy.engines [None req-1e2eb809-3b26-4898-bde0-6a0adc0691b7 None None] MySQL server mode set to STRICT_TRANS_TABLES,STRICT_ALL_TABLES,NO_ZERO_IN_DATE,NO_ZERO_DATE,ERROR_FOR_DIVISION_BY_ZERO,TRADITIONAL,NO_ENGINE_SUBSTITUTION {{(pid=81203) _check_effective_sql_mode /opt/stack/data/venv/lib/python3.10/site-packages/oslo_db/sqlalchemy/engines.py:397}}
Sep 11 09:55:38 ubuntu devstack@keystone.service[81203]: DEBUG dbcounter [-] [81203] Writer thread running {{(pid=81203) stat_writer /opt/stack/data/venv/lib/python3.10/site-packages/dbcounter.py:102}}
Sep 11 09:55:38 ubuntu devstack@keystone.service[81203]: WARNING keystone.common.password_hashing [None req-1e2eb809-3b26-4898-bde0-6a0adc0691b7 None None] Truncating password to algorithm specific maximum length 72 characters.
Sep 11 09:55:38 ubuntu devstack@keystone.service[81203]: DEBUG keystone.auth.core [None req-1e2eb809-3b26-4898-bde0-6a0adc0691b7 None None] MFA Rules not processed for user `2b1ba389aac14eefa350fd8dccdef7d2`. Rule list: `[]` (Enabled: `True`). {{(pid=81203) check_auth_methods_against_rules /opt/stack/keystone/keystone/auth/core.py:476}}
Sep 11 09:55:38 ubuntu devstack@keystone.service[81203]: DEBUG keystone.common.fernet_utils [None req-1e2eb809-3b26-4898-bde0-6a0adc0691b7 None None] Loaded 2 Fernet keys from /etc/keystone/fernet-keys/, but `[fernet_tokens] max_active_keys = 3`; perhaps there have not been enough key rotations to reach `max_active_keys` yet? {{(pid=81203) load_keys /opt/stack/keystone/keystone/common/fernet_utils.py:297}}
Sep 11 09:55:38 ubuntu devstack@keystone.service[81203]: [pid: 81203|app: 0|req: 1/3] 10.201.5.82 () {58 vars in 1016 bytes} [Thu Sep 11 09:55:37 2025] POST /identity/v3/auth/tokens => generated 977 bytes in 257 msecs (HTTP/1.1 201) 6 headers in 384 bytes (1 switches on core 0)
Sep 11 09:55:38 ubuntu devstack@keystone.service[81202]: DEBUG keystone.server.flask.request_processing.middleware.auth_context [None req-50464d98-ed16-4e06-b05f-15cd2b32bbce None None] Authenticating user token {{(pid=81202) process_request /opt/stack/data/venv/lib/python3.10/site-packages/keystonemiddleware/auth_token/__init__.py:407}}
Sep 11 09:55:38 ubuntu devstack@keystone.service[81202]: INFO dbcounter [None req-50464d98-ed16-4e06-b05f-15cd2b32bbce None None] Registered counter for database keystone
Sep 11 09:55:38 ubuntu devstack@keystone.service[81202]: DEBUG oslo_db.sqlalchemy.engines [None req-50464d98-ed16-4e06-b05f-15cd2b32bbce None None] MySQL server mode set to STRICT_TRANS_TABLES,STRICT_ALL_TABLES,NO_ZERO_IN_DATE,NO_ZERO_DATE,ERROR_FOR_DIVISION_BY_ZERO,TRADITIONAL,NO_ENGINE_SUBSTITUTION {{(pid=81202) _check_effective_sql_mode /opt/stack/data/venv/lib/python3.10/site-packages/oslo_db/sqlalchemy/engines.py:397}}
Sep 11 09:55:38 ubuntu devstack@keystone.service[81202]: DEBUG dbcounter [-] [81202] Writer thread running {{(pid=81202) stat_writer /opt/stack/data/venv/lib/python3.10/site-packages/dbcounter.py:102}}
Sep 11 09:55:38 ubuntu devstack@keystone.service[81202]: DEBUG keystone.server.flask.request_processing.middleware.auth_context [None req-50464d98-ed16-4e06-b05f-15cd2b32bbce None None] Validating token access rules against request {{(pid=81202) validate_allowed_request /opt/stack/data/venv/lib/python3.10/site-packages/keystonemiddleware/auth_token/__init__.py:545}}
Sep 11 09:55:38 ubuntu devstack@keystone.service[81202]: DEBUG keystone.server.flask.request_processing.middleware.auth_context [None req-c59f55a5-2ccb-4de8-9b14-6faf4a04cdb6 admin admin] RBAC: auth_context: {'token': <TokenModel (audit_id=9uwU4giuRByqwIWSJzsvfg, audit_chain_id=['9uwU4giuRByqwIWSJzsvfg']) at 0x7f2341329cf0>, 'domain_id': None, 'trust_id': None, 'trustor_id': None, 'trustee_id': None, 'domain_name': None, 'group_ids': [], 'user_id': '2b1ba389aac14eefa350fd8dccdef7d2', 'user_domain_id': 'default', 'system_scope': None, 'project_id': '46cf592cf30d4bc9b965aea907eb2f5e', 'project_domain_id': 'default', 'roles': ['admin', 'member', 'reader', 'manager'], 'is_admin_project': True, 'service_user_id': None, 'service_user_domain_id': None, 'service_project_id': None, 'service_project_domain_id': None, 'service_roles': []} {{(pid=81202) fill_context /opt/stack/keystone/keystone/server/flask/request_processing/middleware/auth_context.py:509}}
Sep 11 09:55:38 ubuntu devstack@keystone.service[81202]: DEBUG keystone.server.flask.request_processing.req_logging [None req-c59f55a5-2ccb-4de8-9b14-6faf4a04cdb6 admin admin] REQUEST_METHOD: `GET` {{(pid=81202) log_request_info /opt/stack/keystone/keystone/server/flask/request_processing/req_logging.py:26}}
Sep 11 09:55:38 ubuntu devstack@keystone.service[81202]: DEBUG keystone.server.flask.request_processing.req_logging [None req-c59f55a5-2ccb-4de8-9b14-6faf4a04cdb6 admin admin] SCRIPT_NAME: `/identity` {{(pid=81202) log_request_info /opt/stack/keystone/keystone/server/flask/request_processing/req_logging.py:27}}
Sep 11 09:55:38 ubuntu devstack@keystone.service[81202]: DEBUG keystone.server.flask.request_processing.req_logging [None req-c59f55a5-2ccb-4de8-9b14-6faf4a04cdb6 admin admin] PATH_INFO: `/v3/auth/tokens` {{(pid=81202) log_request_info /opt/stack/keystone/keystone/server/flask/request_processing/req_logging.py:28}}
Sep 11 09:55:38 ubuntu devstack@keystone.service[81202]: DEBUG keystone.common.rbac_enforcer.enforcer [None req-c59f55a5-2ccb-4de8-9b14-6faf4a04cdb6 admin admin] RBAC: Authorizing `identity:validate_token()` {{(pid=81202) enforce_call /opt/stack/keystone/keystone/common/rbac_enforcer/enforcer.py:494}}
Sep 11 09:55:38 ubuntu devstack@keystone.service[81202]: WARNING keystone.common.rbac_enforcer.enforcer [None req-c59f55a5-2ccb-4de8-9b14-6faf4a04cdb6 admin admin] Deprecated policy rules found. Use oslopolicy-policy-generator and oslopolicy-policy-upgrade to detect and resolve deprecated policies in your configuration.
Sep 11 09:55:38 ubuntu devstack@keystone.service[81202]: DEBUG keystone.common.rbac_enforcer.enforcer [None req-c59f55a5-2ccb-4de8-9b14-6faf4a04cdb6 admin admin] RBAC: Authorization granted {{(pid=81202) enforce_call /opt/stack/keystone/keystone/common/rbac_enforcer/enforcer.py:505}}
Sep 11 09:55:38 ubuntu devstack@keystone.service[81202]: [pid: 81202|app: 0|req: 3/4] 10.201.5.82 () {58 vars in 1316 bytes} [Thu Sep 11 09:55:38 2025] GET /identity/v3/auth/tokens => generated 977 bytes in 177 msecs (HTTP/1.1 200) 6 headers in 379 bytes (1 switches on core 0)
Sep 11 09:55:38 ubuntu devstack@keystone.service[81203]: DEBUG keystone.server.flask.request_processing.middleware.auth_context [None req-1e2eb809-3b26-4898-bde0-6a0adc0691b7 None None] Authenticating user token {{(pid=81203) process_request /opt/stack/data/venv/lib/python3.10/site-packages/keystonemiddleware/auth_token/__init__.py:407}}
Sep 11 09:55:38 ubuntu devstack@keystone.service[81203]: DEBUG keystone.server.flask.request_processing.middleware.auth_context [None req-1e2eb809-3b26-4898-bde0-6a0adc0691b7 None None] Validating token access rules against request {{(pid=81203) validate_allowed_request /opt/stack/data/venv/lib/python3.10/site-packages/keystonemiddleware/auth_token/__init__.py:545}}
Sep 11 09:55:38 ubuntu devstack@keystone.service[81203]: DEBUG keystone.server.flask.request_processing.middleware.auth_context [None req-ee4bab73-6e99-4c59-af62-0fb0a691dd17 admin admin] RBAC: auth_context: {'token': <TokenModel (audit_id=9uwU4giuRByqwIWSJzsvfg, audit_chain_id=['9uwU4giuRByqwIWSJzsvfg']) at 0x7f23413268f0>, 'domain_id': None, 'trust_id': None, 'trustor_id': None, 'trustee_id': None, 'domain_name': None, 'group_ids': [], 'user_id': '2b1ba389aac14eefa350fd8dccdef7d2', 'user_domain_id': 'default', 'system_scope': None, 'project_id': '46cf592cf30d4bc9b965aea907eb2f5e', 'project_domain_id': 'default', 'roles': ['admin', 'member', 'reader', 'manager'], 'is_admin_project': True, 'service_user_id': None, 'service_user_domain_id': None, 'service_project_id': None, 'service_project_domain_id': None, 'service_roles': []} {{(pid=81203) fill_context /opt/stack/keystone/keystone/server/flask/request_processing/middleware/auth_context.py:509}}
Sep 11 09:55:38 ubuntu devstack@keystone.service[81203]: DEBUG keystone.server.flask.request_processing.req_logging [None req-ee4bab73-6e99-4c59-af62-0fb0a691dd17 admin admin] REQUEST_METHOD: `GET` {{(pid=81203) log_request_info /opt/stack/keystone/keystone/server/flask/request_processing/req_logging.py:26}}
Sep 11 09:55:38 ubuntu devstack@keystone.service[81203]: DEBUG keystone.server.flask.request_processing.req_logging [None req-ee4bab73-6e99-4c59-af62-0fb0a691dd17 admin admin] SCRIPT_NAME: `/identity` {{(pid=81203) log_request_info /opt/stack/keystone/keystone/server/flask/request_processing/req_logging.py:27}}
Sep 11 09:55:38 ubuntu devstack@keystone.service[81203]: DEBUG keystone.server.flask.request_processing.req_logging [None req-ee4bab73-6e99-4c59-af62-0fb0a691dd17 admin admin] PATH_INFO: `/v3/projects/46cf592cf30d4bc9b965aea907eb2f5e` {{(pid=81203) log_request_info /opt/stack/keystone/keystone/server/flask/request_processing/req_logging.py:28}}
Sep 11 09:55:38 ubuntu devstack@keystone.service[81203]: DEBUG keystone.common.rbac_enforcer.enforcer [None req-ee4bab73-6e99-4c59-af62-0fb0a691dd17 admin admin] RBAC: Authorizing `identity:get_project(project_id=46cf592cf30d4bc9b965aea907eb2f5e)` {{(pid=81203) enforce_call /opt/stack/keystone/keystone/common/rbac_enforcer/enforcer.py:494}}
Sep 11 09:55:38 ubuntu devstack@keystone.service[81203]: WARNING keystone.common.rbac_enforcer.enforcer [None req-ee4bab73-6e99-4c59-af62-0fb0a691dd17 admin admin] Deprecated policy rules found. Use oslopolicy-policy-generator and oslopolicy-policy-upgrade to detect and resolve deprecated policies in your configuration.
Sep 11 09:55:38 ubuntu devstack@keystone.service[81203]: DEBUG keystone.common.rbac_enforcer.enforcer [None req-ee4bab73-6e99-4c59-af62-0fb0a691dd17 admin admin] RBAC: Authorization granted {{(pid=81203) enforce_call /opt/stack/keystone/keystone/common/rbac_enforcer/enforcer.py:505}}
Sep 11 09:55:38 ubuntu devstack@keystone.service[81203]: [pid: 81203|app: 0|req: 2/5] 10.201.5.82 () {56 vars in 1199 bytes} [Thu Sep 11 09:55:38 2025] GET /identity/v3/projects/46cf592cf30d4bc9b965aea907eb2f5e => generated 344 bytes in 29 msecs (HTTP/1.1 200) 5 headers in 177 bytes (2 switches on core 0)
Sep 11 09:55:39 ubuntu devstack@keystone.service[81202]: DEBUG keystone.server.flask.request_processing.req_logging [None req-9a48704b-f42f-44c7-843e-00afd5728696 None None] REQUEST_METHOD: `GET` {{(pid=81202) log_request_info /opt/stack/keystone/keystone/server/flask/request_processing/req_logging.py:26}}
Sep 11 09:55:39 ubuntu devstack@keystone.service[81202]: DEBUG keystone.server.flask.request_processing.req_logging [None req-9a48704b-f42f-44c7-843e-00afd5728696 None None] SCRIPT_NAME: `/identity` {{(pid=81202) log_request_info /opt/stack/keystone/keystone/server/flask/request_processing/req_logging.py:27}}
Sep 11 09:55:39 ubuntu devstack@keystone.service[81202]: DEBUG keystone.server.flask.request_processing.req_logging [None req-9a48704b-f42f-44c7-843e-00afd5728696 None None] PATH_INFO: `/` {{(pid=81202) log_request_info /opt/stack/keystone/keystone/server/flask/request_processing/req_logging.py:28}}
Sep 11 09:55:39 ubuntu devstack@keystone.service[81202]: [pid: 81202|app: 0|req: 4/6] 10.201.5.82 () {54 vars in 919 bytes} [Thu Sep 11 09:55:39 2025] GET /identity => generated 270 bytes in 5 msecs (HTTP/1.1 300) 6 headers in 234 bytes (1 switches on core 0)
Sep 11 09:55:39 ubuntu devstack@keystone.service[81203]: DEBUG keystone.server.flask.request_processing.req_logging [None req-acc5077b-df62-450f-b636-80f2c6ae8f9a None None] REQUEST_METHOD: `POST` {{(pid=81203) log_request_info /opt/stack/keystone/keystone/server/flask/request_processing/req_logging.py:26}}
Sep 11 09:55:39 ubuntu devstack@keystone.service[81203]: DEBUG keystone.server.flask.request_processing.req_logging [None req-acc5077b-df62-450f-b636-80f2c6ae8f9a None None] SCRIPT_NAME: `/identity` {{(pid=81203) log_request_info /opt/stack/keystone/keystone/server/flask/request_processing/req_logging.py:27}}
Sep 11 09:55:39 ubuntu devstack@keystone.service[81203]: DEBUG keystone.server.flask.request_processing.req_logging [None req-acc5077b-df62-450f-b636-80f2c6ae8f9a None None] PATH_INFO: `/v3/auth/tokens` {{(pid=81203) log_request_info /opt/stack/keystone/keystone/server/flask/request_processing/req_logging.py:28}}
Sep 11 09:55:39 ubuntu devstack@keystone.service[81203]: WARNING keystone.common.password_hashing [None req-acc5077b-df62-450f-b636-80f2c6ae8f9a None None] Truncating password to algorithm specific maximum length 72 characters.
Sep 11 09:55:39 ubuntu devstack@keystone.service[81203]: DEBUG keystone.auth.core [None req-acc5077b-df62-450f-b636-80f2c6ae8f9a None None] MFA Rules not processed for user `2b1ba389aac14eefa350fd8dccdef7d2`. Rule list: `[]` (Enabled: `True`). {{(pid=81203) check_auth_methods_against_rules /opt/stack/keystone/keystone/auth/core.py:476}}
Sep 11 09:55:39 ubuntu devstack@keystone.service[81203]: DEBUG keystone.common.fernet_utils [None req-acc5077b-df62-450f-b636-80f2c6ae8f9a None None] Loaded 2 Fernet keys from /etc/keystone/fernet-keys/, but `[fernet_tokens] max_active_keys = 3`; perhaps there have not been enough key rotations to reach `max_active_keys` yet? {{(pid=81203) load_keys /opt/stack/keystone/keystone/common/fernet_utils.py:297}}
Sep 11 09:55:39 ubuntu devstack@keystone.service[81203]: [pid: 81203|app: 0|req: 3/7] 10.201.5.82 () {58 vars in 1016 bytes} [Thu Sep 11 09:55:39 2025] POST /identity/v3/auth/tokens => generated 977 bytes in 27 msecs (HTTP/1.1 201) 6 headers in 384 bytes (1 switches on core 0)
Sep 11 09:55:39 ubuntu devstack@keystone.service[81202]: DEBUG keystone.server.flask.request_processing.middleware.auth_context [None req-9a48704b-f42f-44c7-843e-00afd5728696 None None] Authenticating user token {{(pid=81202) process_request /opt/stack/data/venv/lib/python3.10/site-packages/keystonemiddleware/auth_token/__init__.py:407}}
Sep 11 09:55:39 ubuntu devstack@keystone.service[81202]: DEBUG keystone.server.flask.request_processing.middleware.auth_context [None req-9a48704b-f42f-44c7-843e-00afd5728696 None None] Validating token access rules against request {{(pid=81202) validate_allowed_request /opt/stack/data/venv/lib/python3.10/site-packages/keystonemiddleware/auth_token/__init__.py:545}}
Sep 11 09:55:39 ubuntu devstack@keystone.service[81202]: DEBUG keystone.server.flask.request_processing.middleware.auth_context [None req-47d436cc-f4fd-49b3-aeba-491c0953f957 admin admin] RBAC: auth_context: {'token': <TokenModel (audit_id=A2CYiIC-TQ-5tN1uNbrf2A, audit_chain_id=['A2CYiIC-TQ-5tN1uNbrf2A']) at 0x7f23406ded40>, 'domain_id': None, 'trust_id': None, 'trustor_id': None, 'trustee_id': None, 'domain_name': None, 'group_ids': [], 'user_id': '2b1ba389aac14eefa350fd8dccdef7d2', 'user_domain_id': 'default', 'system_scope': None, 'project_id': '46cf592cf30d4bc9b965aea907eb2f5e', 'project_domain_id': 'default', 'roles': ['admin', 'member', 'reader', 'manager'], 'is_admin_project': True, 'service_user_id': None, 'service_user_domain_id': None, 'service_project_id': None, 'service_project_domain_id': None, 'service_roles': []} {{(pid=81202) fill_context /opt/stack/keystone/keystone/server/flask/request_processing/middleware/auth_context.py:509}}
Sep 11 09:55:39 ubuntu devstack@keystone.service[81202]: DEBUG keystone.server.flask.request_processing.req_logging [None req-47d436cc-f4fd-49b3-aeba-491c0953f957 admin admin] REQUEST_METHOD: `GET` {{(pid=81202) log_request_info /opt/stack/keystone/keystone/server/flask/request_processing/req_logging.py:26}}
Sep 11 09:55:39 ubuntu devstack@keystone.service[81202]: DEBUG keystone.server.flask.request_processing.req_logging [None req-47d436cc-f4fd-49b3-aeba-491c0953f957 admin admin] SCRIPT_NAME: `/identity` {{(pid=81202) log_request_info /opt/stack/keystone/keystone/server/flask/request_processing/req_logging.py:27}}
Sep 11 09:55:39 ubuntu devstack@keystone.service[81202]: DEBUG keystone.server.flask.request_processing.req_logging [None req-47d436cc-f4fd-49b3-aeba-491c0953f957 admin admin] PATH_INFO: `/v3/users/admin` {{(pid=81202) log_request_info /opt/stack/keystone/keystone/server/flask/request_processing/req_logging.py:28}}
Sep 11 09:55:39 ubuntu devstack@keystone.service[81202]: DEBUG keystone.common.rbac_enforcer.enforcer [None req-47d436cc-f4fd-49b3-aeba-491c0953f957 admin admin] RBAC: Authorizing `identity:get_user(user_id=admin)` {{(pid=81202) enforce_call /opt/stack/keystone/keystone/common/rbac_enforcer/enforcer.py:494}}
Sep 11 09:55:39 ubuntu devstack@keystone.service[81202]: DEBUG keystone.common.rbac_enforcer.enforcer [None req-47d436cc-f4fd-49b3-aeba-491c0953f957 admin admin] RBAC: Authorization granted {{(pid=81202) enforce_call /opt/stack/keystone/keystone/common/rbac_enforcer/enforcer.py:505}}
Sep 11 09:55:39 ubuntu devstack@keystone.service[81202]: DEBUG keystone.server.flask.application [None req-47d436cc-f4fd-49b3-aeba-491c0953f957 admin admin] Could not find user: admin. {{(pid=81202) _handle_keystone_exception /opt/stack/keystone/keystone/server/flask/application.py:146}}
Sep 11 09:55:39 ubuntu devstack@keystone.service[81202]: [pid: 81202|app: 0|req: 5/8] 10.201.5.82 () {56 vars in 1153 bytes} [Thu Sep 11 09:55:39 2025] GET /identity/v3/users/admin => generated 83 bytes in 45 msecs (HTTP/1.1 404) 5 headers in 183 bytes (1 switches on core 0)
Sep 11 09:55:39 ubuntu devstack@keystone.service[81203]: DEBUG keystone.server.flask.request_processing.middleware.auth_context [None req-acc5077b-df62-450f-b636-80f2c6ae8f9a None None] Authenticating user token {{(pid=81203) process_request /opt/stack/data/venv/lib/python3.10/site-packages/keystonemiddleware/auth_token/__init__.py:407}}
Sep 11 09:55:39 ubuntu devstack@keystone.service[81203]: DEBUG keystone.server.flask.request_processing.middleware.auth_context [None req-acc5077b-df62-450f-b636-80f2c6ae8f9a None None] Validating token access rules against request {{(pid=81203) validate_allowed_request /opt/stack/data/venv/lib/python3.10/site-packages/keystonemiddleware/auth_token/__init__.py:545}}
Sep 11 09:55:39 ubuntu devstack@keystone.service[81203]: DEBUG keystone.server.flask.request_processing.middleware.auth_context [None req-110847e6-aa90-488f-ba98-8097ef8ba8a8 admin admin] RBAC: auth_context: {'token': <TokenModel (audit_id=A2CYiIC-TQ-5tN1uNbrf2A, audit_chain_id=['A2CYiIC-TQ-5tN1uNbrf2A']) at 0x7f2341326680>, 'domain_id': None, 'trust_id': None, 'trustor_id': None, 'trustee_id': None, 'domain_name': None, 'group_ids': [], 'user_id': '2b1ba389aac14eefa350fd8dccdef7d2', 'user_domain_id': 'default', 'system_scope': None, 'project_id': '46cf592cf30d4bc9b965aea907eb2f5e', 'project_domain_id': 'default', 'roles': ['admin', 'member', 'reader', 'manager'], 'is_admin_project': True, 'service_user_id': None, 'service_user_domain_id': None, 'service_project_id': None, 'service_project_domain_id': None, 'service_roles': []} {{(pid=81203) fill_context /opt/stack/keystone/keystone/server/flask/request_processing/middleware/auth_context.py:509}}
Sep 11 09:55:39 ubuntu devstack@keystone.service[81203]: DEBUG keystone.server.flask.request_processing.req_logging [None req-110847e6-aa90-488f-ba98-8097ef8ba8a8 admin admin] REQUEST_METHOD: `GET` {{(pid=81203) log_request_info /opt/stack/keystone/keystone/server/flask/request_processing/req_logging.py:26}}
Sep 11 09:55:39 ubuntu devstack@keystone.service[81203]: DEBUG keystone.server.flask.request_processing.req_logging [None req-110847e6-aa90-488f-ba98-8097ef8ba8a8 admin admin] SCRIPT_NAME: `/identity` {{(pid=81203) log_request_info /opt/stack/keystone/keystone/server/flask/request_processing/req_logging.py:27}}
Sep 11 09:55:39 ubuntu devstack@keystone.service[81203]: DEBUG keystone.server.flask.request_processing.req_logging [None req-110847e6-aa90-488f-ba98-8097ef8ba8a8 admin admin] PATH_INFO: `/v3/users` {{(pid=81203) log_request_info /opt/stack/keystone/keystone/server/flask/request_processing/req_logging.py:28}}
Sep 11 09:55:39 ubuntu devstack@keystone.service[81203]: DEBUG keystone.common.rbac_enforcer.enforcer [None req-110847e6-aa90-488f-ba98-8097ef8ba8a8 admin admin] RBAC: Adding query filter params (name=admin) {{(pid=81203) _extract_filter_values /opt/stack/keystone/keystone/common/rbac_enforcer/enforcer.py:176}}
Sep 11 09:55:39 ubuntu devstack@keystone.service[81203]: DEBUG keystone.common.rbac_enforcer.enforcer [None req-110847e6-aa90-488f-ba98-8097ef8ba8a8 admin admin] RBAC: Authorizing `identity:list_users()` {{(pid=81203) enforce_call /opt/stack/keystone/keystone/common/rbac_enforcer/enforcer.py:494}}
Sep 11 09:55:39 ubuntu devstack@keystone.service[81203]: DEBUG keystone.common.rbac_enforcer.enforcer [None req-110847e6-aa90-488f-ba98-8097ef8ba8a8 admin admin] RBAC: Authorization granted {{(pid=81203) enforce_call /opt/stack/keystone/keystone/common/rbac_enforcer/enforcer.py:505}}
Sep 11 09:55:39 ubuntu devstack@keystone.service[81203]: [pid: 81203|app: 0|req: 4/9] 10.201.5.82 () {56 vars in 1169 bytes} [Thu Sep 11 09:55:39 2025] GET /identity/v3/users?name=admin => generated 352 bytes in 41 msecs (HTTP/1.1 200) 5 headers in 177 bytes (1 switches on core 0)
Sep 11 09:55:41 ubuntu devstack@keystone.service[81202]: DEBUG keystone.server.flask.request_processing.req_logging [None req-a8e42828-a3ac-49eb-a62a-8b5ac8f4e2b3 None None] REQUEST_METHOD: `GET` {{(pid=81202) log_request_info /opt/stack/keystone/keystone/server/flask/request_processing/req_logging.py:26}}
Sep 11 09:55:41 ubuntu devstack@keystone.service[81202]: DEBUG keystone.server.flask.request_processing.req_logging [None req-a8e42828-a3ac-49eb-a62a-8b5ac8f4e2b3 None None] SCRIPT_NAME: `/identity` {{(pid=81202) log_request_info /opt/stack/keystone/keystone/server/flask/request_processing/req_logging.py:27}}
Sep 11 09:55:41 ubuntu devstack@keystone.service[81202]: DEBUG keystone.server.flask.request_processing.req_logging [None req-a8e42828-a3ac-49eb-a62a-8b5ac8f4e2b3 None None] PATH_INFO: `/` {{(pid=81202) log_request_info /opt/stack/keystone/keystone/server/flask/request_processing/req_logging.py:28}}
Sep 11 09:55:41 ubuntu devstack@keystone.service[81202]: [pid: 81202|app: 0|req: 6/10] 10.201.5.82 () {54 vars in 919 bytes} [Thu Sep 11 09:55:41 2025] GET /identity => generated 270 bytes in 5 msecs (HTTP/1.1 300) 6 headers in 234 bytes (1 switches on core 0)
Sep 11 09:55:41 ubuntu devstack@keystone.service[81203]: DEBUG keystone.server.flask.request_processing.req_logging [None req-914e0ec7-8c08-44f6-8930-49e5f8a992b7 None None] REQUEST_METHOD: `POST` {{(pid=81203) log_request_info /opt/stack/keystone/keystone/server/flask/request_processing/req_logging.py:26}}
Sep 11 09:55:41 ubuntu devstack@keystone.service[81203]: DEBUG keystone.server.flask.request_processing.req_logging [None req-914e0ec7-8c08-44f6-8930-49e5f8a992b7 None None] SCRIPT_NAME: `/identity` {{(pid=81203) log_request_info /opt/stack/keystone/keystone/server/flask/request_processing/req_logging.py:27}}
Sep 11 09:55:41 ubuntu devstack@keystone.service[81203]: DEBUG keystone.server.flask.request_processing.req_logging [None req-914e0ec7-8c08-44f6-8930-49e5f8a992b7 None None] PATH_INFO: `/v3/auth/tokens` {{(pid=81203) log_request_info /opt/stack/keystone/keystone/server/flask/request_processing/req_logging.py:28}}
Sep 11 09:55:41 ubuntu devstack@keystone.service[81202]: DEBUG keystone.server.flask.request_processing.req_logging [None req-f86bf4a1-7fbc-48c3-9ace-8e63e8418a68 None None] REQUEST_METHOD: `GET` {{(pid=81202) log_request_info /opt/stack/keystone/keystone/server/flask/request_processing/req_logging.py:26}}
Sep 11 09:55:41 ubuntu devstack@keystone.service[81202]: DEBUG keystone.server.flask.request_processing.req_logging [None req-f86bf4a1-7fbc-48c3-9ace-8e63e8418a68 None None] SCRIPT_NAME: `/identity` {{(pid=81202) log_request_info /opt/stack/keystone/keystone/server/flask/request_processing/req_logging.py:27}}
Sep 11 09:55:41 ubuntu devstack@keystone.service[81202]: DEBUG keystone.server.flask.request_processing.req_logging [None req-f86bf4a1-7fbc-48c3-9ace-8e63e8418a68 None None] PATH_INFO: `/` {{(pid=81202) log_request_info /opt/stack/keystone/keystone/server/flask/request_processing/req_logging.py:28}}
Sep 11 09:55:41 ubuntu devstack@keystone.service[81202]: [pid: 81202|app: 0|req: 7/11] 10.201.5.82 () {54 vars in 919 bytes} [Thu Sep 11 09:55:41 2025] GET /identity => generated 270 bytes in 2 msecs (HTTP/1.1 300) 6 headers in 234 bytes (1 switches on core 0)
Sep 11 09:55:41 ubuntu devstack@keystone.service[81203]: WARNING keystone.common.password_hashing [None req-914e0ec7-8c08-44f6-8930-49e5f8a992b7 None None] Truncating password to algorithm specific maximum length 72 characters.
Sep 11 09:55:41 ubuntu devstack@keystone.service[81202]: DEBUG keystone.server.flask.request_processing.req_logging [None req-b5d334aa-e9fa-462a-8863-15179052dacb None None] REQUEST_METHOD: `POST` {{(pid=81202) log_request_info /opt/stack/keystone/keystone/server/flask/request_processing/req_logging.py:26}}
Sep 11 09:55:41 ubuntu devstack@keystone.service[81202]: DEBUG keystone.server.flask.request_processing.req_logging [None req-b5d334aa-e9fa-462a-8863-15179052dacb None None] SCRIPT_NAME: `/identity` {{(pid=81202) log_request_info /opt/stack/keystone/keystone/server/flask/request_processing/req_logging.py:27}}
Sep 11 09:55:41 ubuntu devstack@keystone.service[81202]: DEBUG keystone.server.flask.request_processing.req_logging [None req-b5d334aa-e9fa-462a-8863-15179052dacb None None] PATH_INFO: `/v3/auth/tokens` {{(pid=81202) log_request_info /opt/stack/keystone/keystone/server/flask/request_processing/req_logging.py:28}}
Sep 11 09:55:41 ubuntu devstack@keystone.service[81203]: DEBUG keystone.auth.core [None req-914e0ec7-8c08-44f6-8930-49e5f8a992b7 None None] MFA Rules not processed for user `2b1ba389aac14eefa350fd8dccdef7d2`. Rule list: `[]` (Enabled: `True`). {{(pid=81203) check_auth_methods_against_rules /opt/stack/keystone/keystone/auth/core.py:476}}
Sep 11 09:55:41 ubuntu devstack@keystone.service[81203]: DEBUG keystone.common.fernet_utils [None req-914e0ec7-8c08-44f6-8930-49e5f8a992b7 None None] Loaded 2 Fernet keys from /etc/keystone/fernet-keys/, but `[fernet_tokens] max_active_keys = 3`; perhaps there have not been enough key rotations to reach `max_active_keys` yet? {{(pid=81203) load_keys /opt/stack/keystone/keystone/common/fernet_utils.py:297}}
Sep 11 09:55:41 ubuntu devstack@keystone.service[81202]: WARNING keystone.common.password_hashing [None req-b5d334aa-e9fa-462a-8863-15179052dacb None None] Truncating password to algorithm specific maximum length 72 characters.
Sep 11 09:55:41 ubuntu devstack@keystone.service[81202]: DEBUG keystone.auth.core [None req-b5d334aa-e9fa-462a-8863-15179052dacb None None] MFA Rules not processed for user `2b1ba389aac14eefa350fd8dccdef7d2`. Rule list: `[]` (Enabled: `True`). {{(pid=81202) check_auth_methods_against_rules /opt/stack/keystone/keystone/auth/core.py:476}}
Sep 11 09:55:41 ubuntu devstack@keystone.service[81202]: DEBUG keystone.common.fernet_utils [None req-b5d334aa-e9fa-462a-8863-15179052dacb None None] Loaded 2 Fernet keys from /etc/keystone/fernet-keys/, but `[fernet_tokens] max_active_keys = 3`; perhaps there have not been enough key rotations to reach `max_active_keys` yet? {{(pid=81202) load_keys /opt/stack/keystone/keystone/common/fernet_utils.py:297}}
Sep 11 09:55:41 ubuntu devstack@keystone.service[81203]: [pid: 81203|app: 0|req: 5/12] 10.201.5.82 () {58 vars in 1016 bytes} [Thu Sep 11 09:55:41 2025] POST /identity/v3/auth/tokens => generated 862 bytes in 77 msecs (HTTP/1.1 201) 6 headers in 363 bytes (1 switches on core 0)
Sep 11 09:55:41 ubuntu devstack@keystone.service[81202]: [pid: 81202|app: 0|req: 8/13] 10.201.5.82 () {58 vars in 1016 bytes} [Thu Sep 11 09:55:41 2025] POST /identity/v3/auth/tokens => generated 862 bytes in 90 msecs (HTTP/1.1 201) 6 headers in 363 bytes (1 switches on core 0)
Sep 11 09:55:41 ubuntu devstack@keystone.service[81203]: DEBUG keystone.server.flask.request_processing.middleware.auth_context [None req-914e0ec7-8c08-44f6-8930-49e5f8a992b7 None None] Authenticating user token {{(pid=81203) process_request /opt/stack/data/venv/lib/python3.10/site-packages/keystonemiddleware/auth_token/__init__.py:407}}
Sep 11 09:55:41 ubuntu devstack@keystone.service[81202]: DEBUG keystone.server.flask.request_processing.middleware.auth_context [None req-b5d334aa-e9fa-462a-8863-15179052dacb None None] Authenticating user token {{(pid=81202) process_request /opt/stack/data/venv/lib/python3.10/site-packages/keystonemiddleware/auth_token/__init__.py:407}}
Sep 11 09:55:41 ubuntu devstack@keystone.service[81203]: DEBUG keystone.server.flask.request_processing.middleware.auth_context [None req-914e0ec7-8c08-44f6-8930-49e5f8a992b7 None None] Validating token access rules against request {{(pid=81203) validate_allowed_request /opt/stack/data/venv/lib/python3.10/site-packages/keystonemiddleware/auth_token/__init__.py:545}}
Sep 11 09:55:41 ubuntu devstack@keystone.service[81203]: DEBUG keystone.server.flask.request_processing.middleware.auth_context [None req-915d12ea-95d0-4e03-8c35-8b543f9ce683 None admin] RBAC: auth_context: {'token': <TokenModel (audit_id=MpAZohH7RImaXGF2o-XNoA, audit_chain_id=['MpAZohH7RImaXGF2o-XNoA']) at 0x7f23413262c0>, 'domain_id': None, 'trust_id': None, 'trustor_id': None, 'trustee_id': None, 'domain_name': None, 'group_ids': [], 'user_id': '2b1ba389aac14eefa350fd8dccdef7d2', 'user_domain_id': 'default', 'system_scope': 'all', 'project_id': None, 'project_domain_id': None, 'roles': ['admin', 'manager', 'member', 'reader'], 'is_admin_project': True, 'service_user_id': None, 'service_user_domain_id': None, 'service_project_id': None, 'service_project_domain_id': None, 'service_roles': []} {{(pid=81203) fill_context /opt/stack/keystone/keystone/server/flask/request_processing/middleware/auth_context.py:509}}
Sep 11 09:55:41 ubuntu devstack@keystone.service[81203]: DEBUG keystone.server.flask.request_processing.req_logging [None req-915d12ea-95d0-4e03-8c35-8b543f9ce683 None admin] REQUEST_METHOD: `GET` {{(pid=81203) log_request_info /opt/stack/keystone/keystone/server/flask/request_processing/req_logging.py:26}}
Sep 11 09:55:41 ubuntu devstack@keystone.service[81203]: DEBUG keystone.server.flask.request_processing.req_logging [None req-915d12ea-95d0-4e03-8c35-8b543f9ce683 None admin] SCRIPT_NAME: `/identity` {{(pid=81203) log_request_info /opt/stack/keystone/keystone/server/flask/request_processing/req_logging.py:27}}
Sep 11 09:55:41 ubuntu devstack@keystone.service[81203]: DEBUG keystone.server.flask.request_processing.req_logging [None req-915d12ea-95d0-4e03-8c35-8b543f9ce683 None admin] PATH_INFO: `/v3/roles/admin` {{(pid=81203) log_request_info /opt/stack/keystone/keystone/server/flask/request_processing/req_logging.py:28}}
Sep 11 09:55:41 ubuntu devstack@keystone.service[81203]: DEBUG keystone.common.rbac_enforcer.enforcer [None req-915d12ea-95d0-4e03-8c35-8b543f9ce683 None admin] Extracting inferred target data resulted in "NOT FOUND (404)". {{(pid=81203) enforce_call /opt/stack/keystone/keystone/common/rbac_enforcer/enforcer.py:445}}
Sep 11 09:55:41 ubuntu devstack@keystone.service[81203]: DEBUG keystone.server.flask.application [None req-915d12ea-95d0-4e03-8c35-8b543f9ce683 None admin] Could not find role: admin. {{(pid=81203) _handle_keystone_exception /opt/stack/keystone/keystone/server/flask/application.py:146}}
Sep 11 09:55:41 ubuntu devstack@keystone.service[81203]: [pid: 81203|app: 0|req: 6/14] 10.201.5.82 () {56 vars in 1132 bytes} [Thu Sep 11 09:55:41 2025] GET /identity/v3/roles/admin => generated 83 bytes in 72 msecs (HTTP/1.1 404) 5 headers in 183 bytes (1 switches on core 0)
Sep 11 09:55:41 ubuntu devstack@keystone.service[81203]: DEBUG keystone.server.flask.request_processing.middleware.auth_context [None req-915d12ea-95d0-4e03-8c35-8b543f9ce683 None admin] Authenticating user token {{(pid=81203) process_request /opt/stack/data/venv/lib/python3.10/site-packages/keystonemiddleware/auth_token/__init__.py:407}}
Sep 11 09:55:41 ubuntu devstack@keystone.service[81202]: DEBUG keystone.server.flask.request_processing.middleware.auth_context [None req-b5d334aa-e9fa-462a-8863-15179052dacb None None] Validating token access rules against request {{(pid=81202) validate_allowed_request /opt/stack/data/venv/lib/python3.10/site-packages/keystonemiddleware/auth_token/__init__.py:545}}
Sep 11 09:55:41 ubuntu devstack@keystone.service[81202]: DEBUG keystone.server.flask.request_processing.middleware.auth_context [None req-461299b4-3524-473a-8029-ab9206180e07 None admin] RBAC: auth_context: {'token': <TokenModel (audit_id=InexsTEQQ1qIBe9peMTzWA, audit_chain_id=['InexsTEQQ1qIBe9peMTzWA']) at 0x7f234073c4c0>, 'domain_id': None, 'trust_id': None, 'trustor_id': None, 'trustee_id': None, 'domain_name': None, 'group_ids': [], 'user_id': '2b1ba389aac14eefa350fd8dccdef7d2', 'user_domain_id': 'default', 'system_scope': 'all', 'project_id': None, 'project_domain_id': None, 'roles': ['admin', 'manager', 'member', 'reader'], 'is_admin_project': True, 'service_user_id': None, 'service_user_domain_id': None, 'service_project_id': None, 'service_project_domain_id': None, 'service_roles': []} {{(pid=81202) fill_context /opt/stack/keystone/keystone/server/flask/request_processing/middleware/auth_context.py:509}}
Sep 11 09:55:41 ubuntu devstack@keystone.service[81202]: DEBUG keystone.server.flask.request_processing.req_logging [None req-461299b4-3524-473a-8029-ab9206180e07 None admin] REQUEST_METHOD: `POST` {{(pid=81202) log_request_info /opt/stack/keystone/keystone/server/flask/request_processing/req_logging.py:26}}
Sep 11 09:55:41 ubuntu devstack@keystone.service[81202]: DEBUG keystone.server.flask.request_processing.req_logging [None req-461299b4-3524-473a-8029-ab9206180e07 None admin] SCRIPT_NAME: `/identity` {{(pid=81202) log_request_info /opt/stack/keystone/keystone/server/flask/request_processing/req_logging.py:27}}
Sep 11 09:55:41 ubuntu devstack@keystone.service[81202]: DEBUG keystone.server.flask.request_processing.req_logging [None req-461299b4-3524-473a-8029-ab9206180e07 None admin] PATH_INFO: `/v3/domains` {{(pid=81202) log_request_info /opt/stack/keystone/keystone/server/flask/request_processing/req_logging.py:28}}
Sep 11 09:55:41 ubuntu devstack@keystone.service[81202]: DEBUG keystone.common.rbac_enforcer.enforcer [None req-461299b4-3524-473a-8029-ab9206180e07 None admin] RBAC: Authorizing `identity:create_domain()` {{(pid=81202) enforce_call /opt/stack/keystone/keystone/common/rbac_enforcer/enforcer.py:494}}
Sep 11 09:55:41 ubuntu devstack@keystone.service[81202]: DEBUG keystone.common.rbac_enforcer.enforcer [None req-461299b4-3524-473a-8029-ab9206180e07 None admin] RBAC: Authorization granted {{(pid=81202) enforce_call /opt/stack/keystone/keystone/common/rbac_enforcer/enforcer.py:505}}
Sep 11 09:55:41 ubuntu devstack@keystone.service[81202]: DEBUG keystone.common.sql.core [None req-461299b4-3524-473a-8029-ab9206180e07 None admin] Conflict project: (pymysql.err.IntegrityError) (1062, "Duplicate entry '<<keystone.domain.root>>-Default' for key 'project.ixu_project_name_domain_id'")
Sep 11 09:55:41 ubuntu devstack@keystone.service[81202]: [SQL: INSERT INTO project (id, name, domain_id, description, enabled, extra, parent_id, is_domain) VALUES (%(id)s, %(name)s, %(domain_id)s, %(description)s, %(enabled)s, %(extra)s, %(parent_id)s, %(is_domain)s)]
Sep 11 09:55:41 ubuntu devstack@keystone.service[81202]: [parameters: {'id': '878dc21863c84332970a6236f637907c', 'name': 'Default', 'domain_id': '<<keystone.domain.root>>', 'description': '', 'enabled': 1, 'extra': '{}', 'parent_id': None, 'is_domain': 1}]
Sep 11 09:55:41 ubuntu devstack@keystone.service[81202]: (Background on this error at: https://sqlalche.me/e/20/gkpj) {{(pid=81202) wrapper /opt/stack/keystone/keystone/common/sql/core.py:580}}
Sep 11 09:55:41 ubuntu devstack@keystone.service[81203]: DEBUG keystone.server.flask.request_processing.middleware.auth_context [None req-915d12ea-95d0-4e03-8c35-8b543f9ce683 None admin] Validating token access rules against request {{(pid=81203) validate_allowed_request /opt/stack/data/venv/lib/python3.10/site-packages/keystonemiddleware/auth_token/__init__.py:545}}
Sep 11 09:55:41 ubuntu devstack@keystone.service[81202]: ERROR keystone.server.flask.application [None req-461299b4-3524-473a-8029-ab9206180e07 None admin] Conflict occurred attempting to store project - it is not permitted to have two projects acting as domains with the same name: Default.: keystone.exception.Conflict: Conflict occurred attempting to store project - it is not permitted to have two projects acting as domains with the same name: Default.
Sep 11 09:55:41 ubuntu devstack@keystone.service[81202]: ERROR keystone.server.flask.application Traceback (most recent call last):
Sep 11 09:55:41 ubuntu devstack@keystone.service[81202]: ERROR keystone.server.flask.application   File "/opt/stack/data/venv/lib/python3.10/site-packages/sqlalchemy/engine/base.py", line 1961, in _exec_single_context
Sep 11 09:55:41 ubuntu devstack@keystone.service[81202]: ERROR keystone.server.flask.application     self.dialect.do_execute(
Sep 11 09:55:41 ubuntu devstack@keystone.service[81202]: ERROR keystone.server.flask.application   File "/opt/stack/data/venv/lib/python3.10/site-packages/sqlalchemy/engine/default.py", line 944, in do_execute
