Dec 16 02:51:24 ubuntu devstack@keystone.service[68722]: DEBUG keystone.server.flask.request_processing.req_logging [None req-e8c52bdf-9489-4711-9855-589dc452e66f None None] REQUEST_METHOD: `GET` {{(pid=68722) log_request_info /opt/stack/keystone/keystone/server/flask/request_processing/req_logging.py:26}}
Dec 16 02:51:24 ubuntu devstack@keystone.service[68722]: DEBUG keystone.server.flask.request_processing.req_logging [None req-e8c52bdf-9489-4711-9855-589dc452e66f None None] SCRIPT_NAME: `/identity` {{(pid=68722) log_request_info /opt/stack/keystone/keystone/server/flask/request_processing/req_logging.py:27}}
Dec 16 02:51:24 ubuntu devstack@keystone.service[68723]: WSGI app 0 (mountpoint='') ready in 2 seconds on interpreter 0x55a9adadfd40 pid: 68723 (default app)
Dec 16 02:51:24 ubuntu devstack@keystone.service[68722]: DEBUG keystone.server.flask.request_processing.req_logging [None req-e8c52bdf-9489-4711-9855-589dc452e66f None None] PATH_INFO: `/v3` {{(pid=68722) log_request_info /opt/stack/keystone/keystone/server/flask/request_processing/req_logging.py:28}}
Dec 16 02:51:24 ubuntu devstack@keystone.service[68722]: [pid: 68722|app: 0|req: 1/1] 10.201.5.82 () {50 vars in 783 bytes} [Mon Dec 16 02:51:24 2024] GET /identity/v3/ => generated 255 bytes in 2 msecs (HTTP/1.1 200) 5 headers in 177 bytes (1 switches on core 0)
Dec 16 02:51:29 ubuntu devstack@keystone.service[68723]: DEBUG keystone.server.flask.request_processing.req_logging [None req-fb93f893-9cf2-4eb9-81bf-825c85ec3891 None None] REQUEST_METHOD: `GET` {{(pid=68723) log_request_info /opt/stack/keystone/keystone/server/flask/request_processing/req_logging.py:26}}
Dec 16 02:51:29 ubuntu devstack@keystone.service[68723]: DEBUG keystone.server.flask.request_processing.req_logging [None req-fb93f893-9cf2-4eb9-81bf-825c85ec3891 None None] SCRIPT_NAME: `/identity` {{(pid=68723) log_request_info /opt/stack/keystone/keystone/server/flask/request_processing/req_logging.py:27}}
Dec 16 02:51:29 ubuntu devstack@keystone.service[68723]: DEBUG keystone.server.flask.request_processing.req_logging [None req-fb93f893-9cf2-4eb9-81bf-825c85ec3891 None None] PATH_INFO: `/` {{(pid=68723) log_request_info /opt/stack/keystone/keystone/server/flask/request_processing/req_logging.py:28}}
Dec 16 02:51:29 ubuntu devstack@keystone.service[68723]: [pid: 68723|app: 0|req: 1/2] 10.201.5.82 () {54 vars in 918 bytes} [Mon Dec 16 02:51:29 2024] GET /identity => generated 270 bytes in 10 msecs (HTTP/1.1 300) 6 headers in 234 bytes (1 switches on core 0)
Dec 16 02:51:29 ubuntu devstack@keystone.service[68722]: DEBUG keystone.server.flask.request_processing.req_logging [None req-46801813-b530-470f-a4ca-e891bb14d3bc None None] REQUEST_METHOD: `POST` {{(pid=68722) log_request_info /opt/stack/keystone/keystone/server/flask/request_processing/req_logging.py:26}}
Dec 16 02:51:29 ubuntu devstack@keystone.service[68722]: DEBUG keystone.server.flask.request_processing.req_logging [None req-46801813-b530-470f-a4ca-e891bb14d3bc None None] SCRIPT_NAME: `/identity` {{(pid=68722) log_request_info /opt/stack/keystone/keystone/server/flask/request_processing/req_logging.py:27}}
Dec 16 02:51:29 ubuntu devstack@keystone.service[68722]: DEBUG keystone.server.flask.request_processing.req_logging [None req-46801813-b530-470f-a4ca-e891bb14d3bc None None] PATH_INFO: `/v3/auth/tokens` {{(pid=68722) log_request_info /opt/stack/keystone/keystone/server/flask/request_processing/req_logging.py:28}}
Dec 16 02:51:29 ubuntu devstack@keystone.service[68722]: INFO dbcounter [None req-46801813-b530-470f-a4ca-e891bb14d3bc None None] Registered counter for database keystone
Dec 16 02:51:29 ubuntu devstack@keystone.service[68722]: DEBUG oslo_db.sqlalchemy.engines [None req-46801813-b530-470f-a4ca-e891bb14d3bc None None] MySQL server mode set to STRICT_TRANS_TABLES,STRICT_ALL_TABLES,NO_ZERO_IN_DATE,NO_ZERO_DATE,ERROR_FOR_DIVISION_BY_ZERO,TRADITIONAL,NO_ENGINE_SUBSTITUTION {{(pid=68722) _check_effective_sql_mode /opt/stack/data/venv/lib/python3.10/site-packages/oslo_db/sqlalchemy/engines.py:395}}
Dec 16 02:51:29 ubuntu devstack@keystone.service[68722]: DEBUG dbcounter [-] [68722] Writer thread running {{(pid=68722) stat_writer /opt/stack/data/venv/lib/python3.10/site-packages/dbcounter.py:102}}
Dec 16 02:51:29 ubuntu devstack@keystone.service[68722]: WARNING keystone.common.password_hashing [None req-46801813-b530-470f-a4ca-e891bb14d3bc None None] Truncating password to algorithm specific maximum length 72 characters.
Dec 16 02:51:29 ubuntu devstack@keystone.service[68722]: DEBUG keystone.auth.core [None req-46801813-b530-470f-a4ca-e891bb14d3bc None None] MFA Rules not processed for user `064ee4118886439b8f85a2fdae718b60`. Rule list: `[]` (Enabled: `True`). {{(pid=68722) check_auth_methods_against_rules /opt/stack/keystone/keystone/auth/core.py:476}}
Dec 16 02:51:29 ubuntu devstack@keystone.service[68722]: DEBUG keystone.common.fernet_utils [None req-46801813-b530-470f-a4ca-e891bb14d3bc None None] Loaded 2 Fernet keys from /etc/keystone/fernet-keys/, but `[fernet_tokens] max_active_keys = 3`; perhaps there have not been enough key rotations to reach `max_active_keys` yet? {{(pid=68722) load_keys /opt/stack/keystone/keystone/common/fernet_utils.py:297}}
Dec 16 02:51:29 ubuntu devstack@keystone.service[68722]: [pid: 68722|app: 0|req: 2/3] 10.201.5.82 () {58 vars in 1015 bytes} [Mon Dec 16 02:51:29 2024] POST /identity/v3/auth/tokens => generated 977 bytes in 269 msecs (HTTP/1.1 201) 6 headers in 384 bytes (1 switches on core 0)
Dec 16 02:51:29 ubuntu devstack@keystone.service[68723]: DEBUG keystone.server.flask.request_processing.middleware.auth_context [None req-fb93f893-9cf2-4eb9-81bf-825c85ec3891 None None] Authenticating user token {{(pid=68723) process_request /opt/stack/data/venv/lib/python3.10/site-packages/keystonemiddleware/auth_token/__init__.py:406}}
Dec 16 02:51:29 ubuntu devstack@keystone.service[68723]: INFO dbcounter [None req-fb93f893-9cf2-4eb9-81bf-825c85ec3891 None None] Registered counter for database keystone
Dec 16 02:51:29 ubuntu devstack@keystone.service[68723]: DEBUG oslo_db.sqlalchemy.engines [None req-fb93f893-9cf2-4eb9-81bf-825c85ec3891 None None] MySQL server mode set to STRICT_TRANS_TABLES,STRICT_ALL_TABLES,NO_ZERO_IN_DATE,NO_ZERO_DATE,ERROR_FOR_DIVISION_BY_ZERO,TRADITIONAL,NO_ENGINE_SUBSTITUTION {{(pid=68723) _check_effective_sql_mode /opt/stack/data/venv/lib/python3.10/site-packages/oslo_db/sqlalchemy/engines.py:395}}
Dec 16 02:51:29 ubuntu devstack@keystone.service[68723]: DEBUG dbcounter [-] [68723] Writer thread running {{(pid=68723) stat_writer /opt/stack/data/venv/lib/python3.10/site-packages/dbcounter.py:102}}
Dec 16 02:51:29 ubuntu devstack@keystone.service[68723]: DEBUG keystone.server.flask.request_processing.middleware.auth_context [None req-fb93f893-9cf2-4eb9-81bf-825c85ec3891 None None] Validating token access rules against request {{(pid=68723) validate_allowed_request /opt/stack/data/venv/lib/python3.10/site-packages/keystonemiddleware/auth_token/__init__.py:544}}
Dec 16 02:51:29 ubuntu devstack@keystone.service[68723]: DEBUG keystone.server.flask.request_processing.middleware.auth_context [None req-e2db211d-f064-4d5c-bf74-2581a782e6cb admin admin] RBAC: auth_context: {'token': <TokenModel (audit_id=G9zohT-wTaGZRW_k8rST4A, audit_chain_id=['G9zohT-wTaGZRW_k8rST4A']) at 0x7f00aec9f340>, 'domain_id': None, 'trust_id': None, 'trustor_id': None, 'trustee_id': None, 'domain_name': None, 'group_ids': [], 'user_id': '064ee4118886439b8f85a2fdae718b60', 'user_domain_id': 'default', 'system_scope': None, 'project_id': 'c7c7d34eb7a8453fa787d54875eab5c9', 'project_domain_id': 'default', 'roles': ['reader', 'admin', 'member', 'manager'], 'is_admin_project': True, 'service_user_id': None, 'service_user_domain_id': None, 'service_project_id': None, 'service_project_domain_id': None, 'service_roles': []} {{(pid=68723) fill_context /opt/stack/keystone/keystone/server/flask/request_processing/middleware/auth_context.py:506}}
Dec 16 02:51:29 ubuntu devstack@keystone.service[68723]: DEBUG keystone.server.flask.request_processing.req_logging [None req-e2db211d-f064-4d5c-bf74-2581a782e6cb admin admin] REQUEST_METHOD: `GET` {{(pid=68723) log_request_info /opt/stack/keystone/keystone/server/flask/request_processing/req_logging.py:26}}
Dec 16 02:51:29 ubuntu devstack@keystone.service[68723]: DEBUG keystone.server.flask.request_processing.req_logging [None req-e2db211d-f064-4d5c-bf74-2581a782e6cb admin admin] SCRIPT_NAME: `/identity` {{(pid=68723) log_request_info /opt/stack/keystone/keystone/server/flask/request_processing/req_logging.py:27}}
Dec 16 02:51:29 ubuntu devstack@keystone.service[68723]: DEBUG keystone.server.flask.request_processing.req_logging [None req-e2db211d-f064-4d5c-bf74-2581a782e6cb admin admin] PATH_INFO: `/v3/auth/tokens` {{(pid=68723) log_request_info /opt/stack/keystone/keystone/server/flask/request_processing/req_logging.py:28}}
Dec 16 02:51:29 ubuntu devstack@keystone.service[68723]: DEBUG keystone.common.rbac_enforcer.enforcer [None req-e2db211d-f064-4d5c-bf74-2581a782e6cb admin admin] RBAC: Authorizing `identity:validate_token()` {{(pid=68723) enforce_call /opt/stack/keystone/keystone/common/rbac_enforcer/enforcer.py:495}}
Dec 16 02:51:29 ubuntu devstack@keystone.service[68723]: WARNING keystone.common.rbac_enforcer.enforcer [None req-e2db211d-f064-4d5c-bf74-2581a782e6cb admin admin] Deprecated policy rules found. Use oslopolicy-policy-generator and oslopolicy-policy-upgrade to detect and resolve deprecated policies in your configuration.
Dec 16 02:51:29 ubuntu devstack@keystone.service[68723]: DEBUG keystone.common.rbac_enforcer.enforcer [None req-e2db211d-f064-4d5c-bf74-2581a782e6cb admin admin] RBAC: Authorization granted {{(pid=68723) enforce_call /opt/stack/keystone/keystone/common/rbac_enforcer/enforcer.py:506}}
Dec 16 02:51:29 ubuntu devstack@keystone.service[68723]: [pid: 68723|app: 0|req: 2/4] 10.201.5.82 () {58 vars in 1316 bytes} [Mon Dec 16 02:51:29 2024] GET /identity/v3/auth/tokens => generated 977 bytes in 167 msecs (HTTP/1.1 200) 6 headers in 379 bytes (1 switches on core 0)
Dec 16 02:51:29 ubuntu devstack@keystone.service[68722]: DEBUG keystone.server.flask.request_processing.middleware.auth_context [None req-46801813-b530-470f-a4ca-e891bb14d3bc None None] Authenticating user token {{(pid=68722) process_request /opt/stack/data/venv/lib/python3.10/site-packages/keystonemiddleware/auth_token/__init__.py:406}}
Dec 16 02:51:29 ubuntu devstack@keystone.service[68722]: DEBUG keystone.server.flask.request_processing.middleware.auth_context [None req-46801813-b530-470f-a4ca-e891bb14d3bc None None] Validating token access rules against request {{(pid=68722) validate_allowed_request /opt/stack/data/venv/lib/python3.10/site-packages/keystonemiddleware/auth_token/__init__.py:544}}
Dec 16 02:51:29 ubuntu devstack@keystone.service[68722]: DEBUG keystone.server.flask.request_processing.middleware.auth_context [None req-525933cb-400b-4061-be52-da67b2752c70 admin admin] RBAC: auth_context: {'token': <TokenModel (audit_id=G9zohT-wTaGZRW_k8rST4A, audit_chain_id=['G9zohT-wTaGZRW_k8rST4A']) at 0x7f00aec9bb20>, 'domain_id': None, 'trust_id': None, 'trustor_id': None, 'trustee_id': None, 'domain_name': None, 'group_ids': [], 'user_id': '064ee4118886439b8f85a2fdae718b60', 'user_domain_id': 'default', 'system_scope': None, 'project_id': 'c7c7d34eb7a8453fa787d54875eab5c9', 'project_domain_id': 'default', 'roles': ['reader', 'admin', 'member', 'manager'], 'is_admin_project': True, 'service_user_id': None, 'service_user_domain_id': None, 'service_project_id': None, 'service_project_domain_id': None, 'service_roles': []} {{(pid=68722) fill_context /opt/stack/keystone/keystone/server/flask/request_processing/middleware/auth_context.py:506}}
Dec 16 02:51:29 ubuntu devstack@keystone.service[68722]: DEBUG keystone.server.flask.request_processing.req_logging [None req-525933cb-400b-4061-be52-da67b2752c70 admin admin] REQUEST_METHOD: `GET` {{(pid=68722) log_request_info /opt/stack/keystone/keystone/server/flask/request_processing/req_logging.py:26}}
Dec 16 02:51:29 ubuntu devstack@keystone.service[68722]: DEBUG keystone.server.flask.request_processing.req_logging [None req-525933cb-400b-4061-be52-da67b2752c70 admin admin] SCRIPT_NAME: `/identity` {{(pid=68722) log_request_info /opt/stack/keystone/keystone/server/flask/request_processing/req_logging.py:27}}
Dec 16 02:51:29 ubuntu devstack@keystone.service[68722]: DEBUG keystone.server.flask.request_processing.req_logging [None req-525933cb-400b-4061-be52-da67b2752c70 admin admin] PATH_INFO: `/v3/projects/c7c7d34eb7a8453fa787d54875eab5c9` {{(pid=68722) log_request_info /opt/stack/keystone/keystone/server/flask/request_processing/req_logging.py:28}}
Dec 16 02:51:29 ubuntu devstack@keystone.service[68722]: DEBUG keystone.common.rbac_enforcer.enforcer [None req-525933cb-400b-4061-be52-da67b2752c70 admin admin] RBAC: Authorizing `identity:get_project(project_id=c7c7d34eb7a8453fa787d54875eab5c9)` {{(pid=68722) enforce_call /opt/stack/keystone/keystone/common/rbac_enforcer/enforcer.py:495}}
Dec 16 02:51:29 ubuntu devstack@keystone.service[68722]: WARNING keystone.common.rbac_enforcer.enforcer [None req-525933cb-400b-4061-be52-da67b2752c70 admin admin] Deprecated policy rules found. Use oslopolicy-policy-generator and oslopolicy-policy-upgrade to detect and resolve deprecated policies in your configuration.
Dec 16 02:51:29 ubuntu devstack@keystone.service[68722]: DEBUG keystone.common.rbac_enforcer.enforcer [None req-525933cb-400b-4061-be52-da67b2752c70 admin admin] RBAC: Authorization granted {{(pid=68722) enforce_call /opt/stack/keystone/keystone/common/rbac_enforcer/enforcer.py:506}}
Dec 16 02:51:29 ubuntu devstack@keystone.service[68722]: [pid: 68722|app: 0|req: 3/5] 10.201.5.82 () {56 vars in 1199 bytes} [Mon Dec 16 02:51:29 2024] GET /identity/v3/projects/c7c7d34eb7a8453fa787d54875eab5c9 => generated 344 bytes in 36 msecs (HTTP/1.1 200) 5 headers in 177 bytes (1 switches on core 0)
Dec 16 02:51:30 ubuntu devstack@keystone.service[68723]: DEBUG keystone.server.flask.request_processing.req_logging [None req-9a876c99-4a59-49e8-a4ba-5daecf1bf6ff None None] REQUEST_METHOD: `GET` {{(pid=68723) log_request_info /opt/stack/keystone/keystone/server/flask/request_processing/req_logging.py:26}}
Dec 16 02:51:30 ubuntu devstack@keystone.service[68723]: DEBUG keystone.server.flask.request_processing.req_logging [None req-9a876c99-4a59-49e8-a4ba-5daecf1bf6ff None None] SCRIPT_NAME: `/identity` {{(pid=68723) log_request_info /opt/stack/keystone/keystone/server/flask/request_processing/req_logging.py:27}}
Dec 16 02:51:30 ubuntu devstack@keystone.service[68723]: DEBUG keystone.server.flask.request_processing.req_logging [None req-9a876c99-4a59-49e8-a4ba-5daecf1bf6ff None None] PATH_INFO: `/` {{(pid=68723) log_request_info /opt/stack/keystone/keystone/server/flask/request_processing/req_logging.py:28}}
Dec 16 02:51:30 ubuntu devstack@keystone.service[68723]: [pid: 68723|app: 0|req: 3/6] 10.201.5.82 () {54 vars in 918 bytes} [Mon Dec 16 02:51:30 2024] GET /identity => generated 270 bytes in 3 msecs (HTTP/1.1 300) 6 headers in 234 bytes (1 switches on core 0)
Dec 16 02:51:30 ubuntu devstack@keystone.service[68722]: DEBUG keystone.server.flask.request_processing.req_logging [None req-ecf266d1-7486-410e-95ff-f45a293037d0 None None] REQUEST_METHOD: `POST` {{(pid=68722) log_request_info /opt/stack/keystone/keystone/server/flask/request_processing/req_logging.py:26}}
Dec 16 02:51:30 ubuntu devstack@keystone.service[68722]: DEBUG keystone.server.flask.request_processing.req_logging [None req-ecf266d1-7486-410e-95ff-f45a293037d0 None None] SCRIPT_NAME: `/identity` {{(pid=68722) log_request_info /opt/stack/keystone/keystone/server/flask/request_processing/req_logging.py:27}}
Dec 16 02:51:30 ubuntu devstack@keystone.service[68722]: DEBUG keystone.server.flask.request_processing.req_logging [None req-ecf266d1-7486-410e-95ff-f45a293037d0 None None] PATH_INFO: `/v3/auth/tokens` {{(pid=68722) log_request_info /opt/stack/keystone/keystone/server/flask/request_processing/req_logging.py:28}}
Dec 16 02:51:30 ubuntu devstack@keystone.service[68722]: WARNING keystone.common.password_hashing [None req-ecf266d1-7486-410e-95ff-f45a293037d0 None None] Truncating password to algorithm specific maximum length 72 characters.
Dec 16 02:51:30 ubuntu devstack@keystone.service[68722]: DEBUG keystone.auth.core [None req-ecf266d1-7486-410e-95ff-f45a293037d0 None None] MFA Rules not processed for user `064ee4118886439b8f85a2fdae718b60`. Rule list: `[]` (Enabled: `True`). {{(pid=68722) check_auth_methods_against_rules /opt/stack/keystone/keystone/auth/core.py:476}}
Dec 16 02:51:30 ubuntu devstack@keystone.service[68722]: DEBUG keystone.common.fernet_utils [None req-ecf266d1-7486-410e-95ff-f45a293037d0 None None] Loaded 2 Fernet keys from /etc/keystone/fernet-keys/, but `[fernet_tokens] max_active_keys = 3`; perhaps there have not been enough key rotations to reach `max_active_keys` yet? {{(pid=68722) load_keys /opt/stack/keystone/keystone/common/fernet_utils.py:297}}
Dec 16 02:51:31 ubuntu devstack@keystone.service[68722]: [pid: 68722|app: 0|req: 4/7] 10.201.5.82 () {58 vars in 1015 bytes} [Mon Dec 16 02:51:30 2024] POST /identity/v3/auth/tokens => generated 977 bytes in 33 msecs (HTTP/1.1 201) 6 headers in 384 bytes (1 switches on core 0)
Dec 16 02:51:31 ubuntu devstack@keystone.service[68723]: DEBUG keystone.server.flask.request_processing.middleware.auth_context [None req-9a876c99-4a59-49e8-a4ba-5daecf1bf6ff None None] Authenticating user token {{(pid=68723) process_request /opt/stack/data/venv/lib/python3.10/site-packages/keystonemiddleware/auth_token/__init__.py:406}}
Dec 16 02:51:31 ubuntu devstack@keystone.service[68723]: DEBUG keystone.server.flask.request_processing.middleware.auth_context [None req-9a876c99-4a59-49e8-a4ba-5daecf1bf6ff None None] Validating token access rules against request {{(pid=68723) validate_allowed_request /opt/stack/data/venv/lib/python3.10/site-packages/keystonemiddleware/auth_token/__init__.py:544}}
Dec 16 02:51:31 ubuntu devstack@keystone.service[68723]: DEBUG keystone.server.flask.request_processing.middleware.auth_context [None req-8217443b-52e4-4d1b-9a75-cffb99028f2e admin admin] RBAC: auth_context: {'token': <TokenModel (audit_id=HhjCRLtaTHukumX4HuBYSg, audit_chain_id=['HhjCRLtaTHukumX4HuBYSg']) at 0x7f00ae067c70>, 'domain_id': None, 'trust_id': None, 'trustor_id': None, 'trustee_id': None, 'domain_name': None, 'group_ids': [], 'user_id': '064ee4118886439b8f85a2fdae718b60', 'user_domain_id': 'default', 'system_scope': None, 'project_id': 'c7c7d34eb7a8453fa787d54875eab5c9', 'project_domain_id': 'default', 'roles': ['reader', 'admin', 'member', 'manager'], 'is_admin_project': True, 'service_user_id': None, 'service_user_domain_id': None, 'service_project_id': None, 'service_project_domain_id': None, 'service_roles': []} {{(pid=68723) fill_context /opt/stack/keystone/keystone/server/flask/request_processing/middleware/auth_context.py:506}}
Dec 16 02:51:31 ubuntu devstack@keystone.service[68723]: DEBUG keystone.server.flask.request_processing.req_logging [None req-8217443b-52e4-4d1b-9a75-cffb99028f2e admin admin] REQUEST_METHOD: `GET` {{(pid=68723) log_request_info /opt/stack/keystone/keystone/server/flask/request_processing/req_logging.py:26}}
Dec 16 02:51:31 ubuntu devstack@keystone.service[68723]: DEBUG keystone.server.flask.request_processing.req_logging [None req-8217443b-52e4-4d1b-9a75-cffb99028f2e admin admin] SCRIPT_NAME: `/identity` {{(pid=68723) log_request_info /opt/stack/keystone/keystone/server/flask/request_processing/req_logging.py:27}}
Dec 16 02:51:31 ubuntu devstack@keystone.service[68723]: DEBUG keystone.server.flask.request_processing.req_logging [None req-8217443b-52e4-4d1b-9a75-cffb99028f2e admin admin] PATH_INFO: `/v3/users/admin` {{(pid=68723) log_request_info /opt/stack/keystone/keystone/server/flask/request_processing/req_logging.py:28}}
Dec 16 02:51:31 ubuntu devstack@keystone.service[68723]: DEBUG keystone.common.rbac_enforcer.enforcer [None req-8217443b-52e4-4d1b-9a75-cffb99028f2e admin admin] RBAC: Authorizing `identity:get_user(user_id=admin)` {{(pid=68723) enforce_call /opt/stack/keystone/keystone/common/rbac_enforcer/enforcer.py:495}}
Dec 16 02:51:31 ubuntu devstack@keystone.service[68723]: DEBUG keystone.common.rbac_enforcer.enforcer [None req-8217443b-52e4-4d1b-9a75-cffb99028f2e admin admin] RBAC: Authorization granted {{(pid=68723) enforce_call /opt/stack/keystone/keystone/common/rbac_enforcer/enforcer.py:506}}
Dec 16 02:51:31 ubuntu devstack@keystone.service[68723]: DEBUG keystone.server.flask.application [None req-8217443b-52e4-4d1b-9a75-cffb99028f2e admin admin] Could not find user: admin. {{(pid=68723) _handle_keystone_exception /opt/stack/keystone/keystone/server/flask/application.py:152}}
Dec 16 02:51:31 ubuntu devstack@keystone.service[68723]: [pid: 68723|app: 0|req: 4/8] 10.201.5.82 () {56 vars in 1152 bytes} [Mon Dec 16 02:51:31 2024] GET /identity/v3/users/admin => generated 83 bytes in 51 msecs (HTTP/1.1 404) 5 headers in 183 bytes (1 switches on core 0)
Dec 16 02:51:31 ubuntu devstack@keystone.service[68722]: DEBUG keystone.server.flask.request_processing.middleware.auth_context [None req-ecf266d1-7486-410e-95ff-f45a293037d0 None None] Authenticating user token {{(pid=68722) process_request /opt/stack/data/venv/lib/python3.10/site-packages/keystonemiddleware/auth_token/__init__.py:406}}
Dec 16 02:51:31 ubuntu devstack@keystone.service[68722]: DEBUG keystone.server.flask.request_processing.middleware.auth_context [None req-ecf266d1-7486-410e-95ff-f45a293037d0 None None] Validating token access rules against request {{(pid=68722) validate_allowed_request /opt/stack/data/venv/lib/python3.10/site-packages/keystonemiddleware/auth_token/__init__.py:544}}
Dec 16 02:51:31 ubuntu devstack@keystone.service[68722]: DEBUG keystone.server.flask.request_processing.middleware.auth_context [None req-6bc30c0d-44b4-478f-aab8-06627eca9b06 admin admin] RBAC: auth_context: {'token': <TokenModel (audit_id=HhjCRLtaTHukumX4HuBYSg, audit_chain_id=['HhjCRLtaTHukumX4HuBYSg']) at 0x7f00aec9a200>, 'domain_id': None, 'trust_id': None, 'trustor_id': None, 'trustee_id': None, 'domain_name': None, 'group_ids': [], 'user_id': '064ee4118886439b8f85a2fdae718b60', 'user_domain_id': 'default', 'system_scope': None, 'project_id': 'c7c7d34eb7a8453fa787d54875eab5c9', 'project_domain_id': 'default', 'roles': ['reader', 'admin', 'member', 'manager'], 'is_admin_project': True, 'service_user_id': None, 'service_user_domain_id': None, 'service_project_id': None, 'service_project_domain_id': None, 'service_roles': []} {{(pid=68722) fill_context /opt/stack/keystone/keystone/server/flask/request_processing/middleware/auth_context.py:506}}
Dec 16 02:51:31 ubuntu devstack@keystone.service[68722]: DEBUG keystone.server.flask.request_processing.req_logging [None req-6bc30c0d-44b4-478f-aab8-06627eca9b06 admin admin] REQUEST_METHOD: `GET` {{(pid=68722) log_request_info /opt/stack/keystone/keystone/server/flask/request_processing/req_logging.py:26}}
Dec 16 02:51:31 ubuntu devstack@keystone.service[68722]: DEBUG keystone.server.flask.request_processing.req_logging [None req-6bc30c0d-44b4-478f-aab8-06627eca9b06 admin admin] SCRIPT_NAME: `/identity` {{(pid=68722) log_request_info /opt/stack/keystone/keystone/server/flask/request_processing/req_logging.py:27}}
Dec 16 02:51:31 ubuntu devstack@keystone.service[68722]: DEBUG keystone.server.flask.request_processing.req_logging [None req-6bc30c0d-44b4-478f-aab8-06627eca9b06 admin admin] PATH_INFO: `/v3/users` {{(pid=68722) log_request_info /opt/stack/keystone/keystone/server/flask/request_processing/req_logging.py:28}}
Dec 16 02:51:31 ubuntu devstack@keystone.service[68722]: DEBUG keystone.common.rbac_enforcer.enforcer [None req-6bc30c0d-44b4-478f-aab8-06627eca9b06 admin admin] RBAC: Adding query filter params (name=admin) {{(pid=68722) _extract_filter_values /opt/stack/keystone/keystone/common/rbac_enforcer/enforcer.py:176}}
Dec 16 02:51:31 ubuntu devstack@keystone.service[68722]: DEBUG keystone.common.rbac_enforcer.enforcer [None req-6bc30c0d-44b4-478f-aab8-06627eca9b06 admin admin] RBAC: Authorizing `identity:list_users()` {{(pid=68722) enforce_call /opt/stack/keystone/keystone/common/rbac_enforcer/enforcer.py:495}}
Dec 16 02:51:31 ubuntu devstack@keystone.service[68722]: DEBUG keystone.common.rbac_enforcer.enforcer [None req-6bc30c0d-44b4-478f-aab8-06627eca9b06 admin admin] RBAC: Authorization granted {{(pid=68722) enforce_call /opt/stack/keystone/keystone/common/rbac_enforcer/enforcer.py:506}}
Dec 16 02:51:31 ubuntu devstack@keystone.service[68722]: [pid: 68722|app: 0|req: 5/9] 10.201.5.82 () {56 vars in 1168 bytes} [Mon Dec 16 02:51:31 2024] GET /identity/v3/users?name=admin => generated 352 bytes in 34 msecs (HTTP/1.1 200) 5 headers in 177 bytes (1 switches on core 0)
Dec 16 02:51:32 ubuntu devstack@keystone.service[68723]: DEBUG keystone.server.flask.request_processing.req_logging [None req-379a4489-896e-45ff-8def-20081be7d7f4 None None] REQUEST_METHOD: `GET` {{(pid=68723) log_request_info /opt/stack/keystone/keystone/server/flask/request_processing/req_logging.py:26}}
Dec 16 02:51:32 ubuntu devstack@keystone.service[68723]: DEBUG keystone.server.flask.request_processing.req_logging [None req-379a4489-896e-45ff-8def-20081be7d7f4 None None] SCRIPT_NAME: `/identity` {{(pid=68723) log_request_info /opt/stack/keystone/keystone/server/flask/request_processing/req_logging.py:27}}
Dec 16 02:51:32 ubuntu devstack@keystone.service[68723]: DEBUG keystone.server.flask.request_processing.req_logging [None req-379a4489-896e-45ff-8def-20081be7d7f4 None None] PATH_INFO: `/` {{(pid=68723) log_request_info /opt/stack/keystone/keystone/server/flask/request_processing/req_logging.py:28}}
Dec 16 02:51:32 ubuntu devstack@keystone.service[68723]: [pid: 68723|app: 0|req: 5/10] 10.201.5.82 () {54 vars in 918 bytes} [Mon Dec 16 02:51:32 2024] GET /identity => generated 270 bytes in 3 msecs (HTTP/1.1 300) 6 headers in 234 bytes (1 switches on core 0)
Dec 16 02:51:32 ubuntu devstack@keystone.service[68722]: DEBUG keystone.server.flask.request_processing.req_logging [None req-7fe87cb9-3965-4151-99e7-9a2ec209572d None None] REQUEST_METHOD: `POST` {{(pid=68722) log_request_info /opt/stack/keystone/keystone/server/flask/request_processing/req_logging.py:26}}
Dec 16 02:51:32 ubuntu devstack@keystone.service[68722]: DEBUG keystone.server.flask.request_processing.req_logging [None req-7fe87cb9-3965-4151-99e7-9a2ec209572d None None] SCRIPT_NAME: `/identity` {{(pid=68722) log_request_info /opt/stack/keystone/keystone/server/flask/request_processing/req_logging.py:27}}
Dec 16 02:51:32 ubuntu devstack@keystone.service[68722]: DEBUG keystone.server.flask.request_processing.req_logging [None req-7fe87cb9-3965-4151-99e7-9a2ec209572d None None] PATH_INFO: `/v3/auth/tokens` {{(pid=68722) log_request_info /opt/stack/keystone/keystone/server/flask/request_processing/req_logging.py:28}}
Dec 16 02:51:32 ubuntu devstack@keystone.service[68722]: WARNING keystone.common.password_hashing [None req-7fe87cb9-3965-4151-99e7-9a2ec209572d None None] Truncating password to algorithm specific maximum length 72 characters.
Dec 16 02:51:32 ubuntu devstack@keystone.service[68722]: DEBUG keystone.auth.core [None req-7fe87cb9-3965-4151-99e7-9a2ec209572d None None] MFA Rules not processed for user `064ee4118886439b8f85a2fdae718b60`. Rule list: `[]` (Enabled: `True`). {{(pid=68722) check_auth_methods_against_rules /opt/stack/keystone/keystone/auth/core.py:476}}
Dec 16 02:51:32 ubuntu devstack@keystone.service[68722]: DEBUG keystone.common.fernet_utils [None req-7fe87cb9-3965-4151-99e7-9a2ec209572d None None] Loaded 2 Fernet keys from /etc/keystone/fernet-keys/, but `[fernet_tokens] max_active_keys = 3`; perhaps there have not been enough key rotations to reach `max_active_keys` yet? {{(pid=68722) load_keys /opt/stack/keystone/keystone/common/fernet_utils.py:297}}
Dec 16 02:51:32 ubuntu devstack@keystone.service[68722]: [pid: 68722|app: 0|req: 6/11] 10.201.5.82 () {58 vars in 1015 bytes} [Mon Dec 16 02:51:32 2024] POST /identity/v3/auth/tokens => generated 862 bytes in 68 msecs (HTTP/1.1 201) 6 headers in 363 bytes (1 switches on core 0)
Dec 16 02:51:32 ubuntu devstack@keystone.service[68723]: DEBUG keystone.server.flask.request_processing.req_logging [None req-67fd753f-d4ee-4ff4-a3ad-f4528627562a None None] REQUEST_METHOD: `GET` {{(pid=68723) log_request_info /opt/stack/keystone/keystone/server/flask/request_processing/req_logging.py:26}}
Dec 16 02:51:32 ubuntu devstack@keystone.service[68723]: DEBUG keystone.server.flask.request_processing.req_logging [None req-67fd753f-d4ee-4ff4-a3ad-f4528627562a None None] SCRIPT_NAME: `/identity` {{(pid=68723) log_request_info /opt/stack/keystone/keystone/server/flask/request_processing/req_logging.py:27}}
Dec 16 02:51:32 ubuntu devstack@keystone.service[68723]: DEBUG keystone.server.flask.request_processing.req_logging [None req-67fd753f-d4ee-4ff4-a3ad-f4528627562a None None] PATH_INFO: `/` {{(pid=68723) log_request_info /opt/stack/keystone/keystone/server/flask/request_processing/req_logging.py:28}}
Dec 16 02:51:32 ubuntu devstack@keystone.service[68723]: [pid: 68723|app: 0|req: 6/12] 10.201.5.82 () {54 vars in 918 bytes} [Mon Dec 16 02:51:32 2024] GET /identity => generated 270 bytes in 2 msecs (HTTP/1.1 300) 6 headers in 234 bytes (1 switches on core 0)
Dec 16 02:51:32 ubuntu devstack@keystone.service[68722]: DEBUG keystone.server.flask.request_processing.req_logging [None req-844ff563-313a-443f-a114-5614970fbf5a None None] REQUEST_METHOD: `POST` {{(pid=68722) log_request_info /opt/stack/keystone/keystone/server/flask/request_processing/req_logging.py:26}}
Dec 16 02:51:32 ubuntu devstack@keystone.service[68722]: DEBUG keystone.server.flask.request_processing.req_logging [None req-844ff563-313a-443f-a114-5614970fbf5a None None] SCRIPT_NAME: `/identity` {{(pid=68722) log_request_info /opt/stack/keystone/keystone/server/flask/request_processing/req_logging.py:27}}
Dec 16 02:51:32 ubuntu devstack@keystone.service[68722]: DEBUG keystone.server.flask.request_processing.req_logging [None req-844ff563-313a-443f-a114-5614970fbf5a None None] PATH_INFO: `/v3/auth/tokens` {{(pid=68722) log_request_info /opt/stack/keystone/keystone/server/flask/request_processing/req_logging.py:28}}
Dec 16 02:51:32 ubuntu devstack@keystone.service[68722]: WARNING keystone.common.password_hashing [None req-844ff563-313a-443f-a114-5614970fbf5a None None] Truncating password to algorithm specific maximum length 72 characters.
Dec 16 02:51:32 ubuntu devstack@keystone.service[68722]: DEBUG keystone.auth.core [None req-844ff563-313a-443f-a114-5614970fbf5a None None] MFA Rules not processed for user `064ee4118886439b8f85a2fdae718b60`. Rule list: `[]` (Enabled: `True`). {{(pid=68722) check_auth_methods_against_rules /opt/stack/keystone/keystone/auth/core.py:476}}
Dec 16 02:51:32 ubuntu devstack@keystone.service[68722]: DEBUG keystone.common.fernet_utils [None req-844ff563-313a-443f-a114-5614970fbf5a None None] Loaded 2 Fernet keys from /etc/keystone/fernet-keys/, but `[fernet_tokens] max_active_keys = 3`; perhaps there have not been enough key rotations to reach `max_active_keys` yet? {{(pid=68722) load_keys /opt/stack/keystone/keystone/common/fernet_utils.py:297}}
Dec 16 02:51:32 ubuntu devstack@keystone.service[68723]: DEBUG keystone.server.flask.request_processing.middleware.auth_context [None req-67fd753f-d4ee-4ff4-a3ad-f4528627562a None None] Authenticating user token {{(pid=68723) process_request /opt/stack/data/venv/lib/python3.10/site-packages/keystonemiddleware/auth_token/__init__.py:406}}
Dec 16 02:51:32 ubuntu devstack@keystone.service[68722]: [pid: 68722|app: 0|req: 7/13] 10.201.5.82 () {58 vars in 1015 bytes} [Mon Dec 16 02:51:32 2024] POST /identity/v3/auth/tokens => generated 862 bytes in 55 msecs (HTTP/1.1 201) 6 headers in 363 bytes (1 switches on core 0)
Dec 16 02:51:32 ubuntu devstack@keystone.service[68723]: DEBUG keystone.server.flask.request_processing.middleware.auth_context [None req-67fd753f-d4ee-4ff4-a3ad-f4528627562a None None] Validating token access rules against request {{(pid=68723) validate_allowed_request /opt/stack/data/venv/lib/python3.10/site-packages/keystonemiddleware/auth_token/__init__.py:544}}
Dec 16 02:51:32 ubuntu devstack@keystone.service[68723]: DEBUG keystone.server.flask.request_processing.middleware.auth_context [None req-8c593c27-d840-422a-96a7-310eb823ae7b None admin] RBAC: auth_context: {'token': <TokenModel (audit_id=thNLIxWBTfi1kxV7F72CwA, audit_chain_id=['thNLIxWBTfi1kxV7F72CwA']) at 0x7f00ae0a9fc0>, 'domain_id': None, 'trust_id': None, 'trustor_id': None, 'trustee_id': None, 'domain_name': None, 'group_ids': [], 'user_id': '064ee4118886439b8f85a2fdae718b60', 'user_domain_id': 'default', 'system_scope': 'all', 'project_id': None, 'project_domain_id': None, 'roles': ['admin', 'manager', 'member', 'reader'], 'is_admin_project': True, 'service_user_id': None, 'service_user_domain_id': None, 'service_project_id': None, 'service_project_domain_id': None, 'service_roles': []} {{(pid=68723) fill_context /opt/stack/keystone/keystone/server/flask/request_processing/middleware/auth_context.py:506}}
Dec 16 02:51:32 ubuntu devstack@keystone.service[68723]: DEBUG keystone.server.flask.request_processing.req_logging [None req-8c593c27-d840-422a-96a7-310eb823ae7b None admin] REQUEST_METHOD: `GET` {{(pid=68723) log_request_info /opt/stack/keystone/keystone/server/flask/request_processing/req_logging.py:26}}
Dec 16 02:51:32 ubuntu devstack@keystone.service[68723]: DEBUG keystone.server.flask.request_processing.req_logging [None req-8c593c27-d840-422a-96a7-310eb823ae7b None admin] SCRIPT_NAME: `/identity` {{(pid=68723) log_request_info /opt/stack/keystone/keystone/server/flask/request_processing/req_logging.py:27}}
Dec 16 02:51:32 ubuntu devstack@keystone.service[68723]: DEBUG keystone.server.flask.request_processing.req_logging [None req-8c593c27-d840-422a-96a7-310eb823ae7b None admin] PATH_INFO: `/v3/roles/admin` {{(pid=68723) log_request_info /opt/stack/keystone/keystone/server/flask/request_processing/req_logging.py:28}}
Dec 16 02:51:32 ubuntu devstack@keystone.service[68723]: DEBUG keystone.common.rbac_enforcer.enforcer [None req-8c593c27-d840-422a-96a7-310eb823ae7b None admin] Extracting inferred target data resulted in "NOT FOUND (404)". {{(pid=68723) enforce_call /opt/stack/keystone/keystone/common/rbac_enforcer/enforcer.py:445}}
Dec 16 02:51:32 ubuntu devstack@keystone.service[68723]: DEBUG keystone.server.flask.application [None req-8c593c27-d840-422a-96a7-310eb823ae7b None admin] Could not find role: admin. {{(pid=68723) _handle_keystone_exception /opt/stack/keystone/keystone/server/flask/application.py:152}}
Dec 16 02:51:32 ubuntu devstack@keystone.service[68723]: [pid: 68723|app: 0|req: 7/14] 10.201.5.82 () {56 vars in 1088 bytes} [Mon Dec 16 02:51:32 2024] GET /identity/v3/roles/admin => generated 83 bytes in 89 msecs (HTTP/1.1 404) 5 headers in 183 bytes (1 switches on core 0)
Dec 16 02:51:32 ubuntu devstack@keystone.service[68722]: DEBUG keystone.server.flask.request_processing.middleware.auth_context [None req-844ff563-313a-443f-a114-5614970fbf5a None None] Authenticating user token {{(pid=68722) process_request /opt/stack/data/venv/lib/python3.10/site-packages/keystonemiddleware/auth_token/__init__.py:406}}
Dec 16 02:51:32 ubuntu devstack@keystone.service[68723]: DEBUG keystone.server.flask.request_processing.middleware.auth_context [None req-8c593c27-d840-422a-96a7-310eb823ae7b None admin] Authenticating user token {{(pid=68723) process_request /opt/stack/data/venv/lib/python3.10/site-packages/keystonemiddleware/auth_token/__init__.py:406}}
Dec 16 02:51:32 ubuntu devstack@keystone.service[68722]: DEBUG keystone.server.flask.request_processing.middleware.auth_context [None req-844ff563-313a-443f-a114-5614970fbf5a None None] Validating token access rules against request {{(pid=68722) validate_allowed_request /opt/stack/data/venv/lib/python3.10/site-packages/keystonemiddleware/auth_token/__init__.py:544}}
Dec 16 02:51:32 ubuntu devstack@keystone.service[68723]: DEBUG keystone.server.flask.request_processing.middleware.auth_context [None req-8c593c27-d840-422a-96a7-310eb823ae7b None admin] Validating token access rules against request {{(pid=68723) validate_allowed_request /opt/stack/data/venv/lib/python3.10/site-packages/keystonemiddleware/auth_token/__init__.py:544}}
Dec 16 02:51:32 ubuntu devstack@keystone.service[68722]: DEBUG keystone.server.flask.request_processing.middleware.auth_context [None req-616eba80-0e4b-4a14-a66b-213a6d311801 None admin] RBAC: auth_context: {'token': <TokenModel (audit_id=thNLIxWBTfi1kxV7F72CwA, audit_chain_id=['thNLIxWBTfi1kxV7F72CwA']) at 0x7f00adfbd930>, 'domain_id': None, 'trust_id': None, 'trustor_id': None, 'trustee_id': None, 'domain_name': None, 'group_ids': [], 'user_id': '064ee4118886439b8f85a2fdae718b60', 'user_domain_id': 'default', 'system_scope': 'all', 'project_id': None, 'project_domain_id': None, 'roles': ['admin', 'manager', 'member', 'reader'], 'is_admin_project': True, 'service_user_id': None, 'service_user_domain_id': None, 'service_project_id': None, 'service_project_domain_id': None, 'service_roles': []} {{(pid=68722) fill_context /opt/stack/keystone/keystone/server/flask/request_processing/middleware/auth_context.py:506}}
Dec 16 02:51:32 ubuntu devstack@keystone.service[68722]: DEBUG keystone.server.flask.request_processing.req_logging [None req-616eba80-0e4b-4a14-a66b-213a6d311801 None admin] REQUEST_METHOD: `GET` {{(pid=68722) log_request_info /opt/stack/keystone/keystone/server/flask/request_processing/req_logging.py:26}}
Dec 16 02:51:32 ubuntu devstack@keystone.service[68722]: DEBUG keystone.server.flask.request_processing.req_logging [None req-616eba80-0e4b-4a14-a66b-213a6d311801 None admin] SCRIPT_NAME: `/identity` {{(pid=68722) log_request_info /opt/stack/keystone/keystone/server/flask/request_processing/req_logging.py:27}}
Dec 16 02:51:32 ubuntu devstack@keystone.service[68722]: DEBUG keystone.server.flask.request_processing.req_logging [None req-616eba80-0e4b-4a14-a66b-213a6d311801 None admin] PATH_INFO: `/v3/roles` {{(pid=68722) log_request_info /opt/stack/keystone/keystone/server/flask/request_processing/req_logging.py:28}}
Dec 16 02:51:32 ubuntu devstack@keystone.service[68723]: DEBUG keystone.server.flask.request_processing.middleware.auth_context [None req-b49dae98-04f3-4ed2-a178-e1c99329e116 None admin] RBAC: auth_context: {'token': <TokenModel (audit_id=PYaYYKW6SUW3wCqOkHaF0g, audit_chain_id=['PYaYYKW6SUW3wCqOkHaF0g']) at 0x7f00adf44fa0>, 'domain_id': None, 'trust_id': None, 'trustor_id': None, 'trustee_id': None, 'domain_name': None, 'group_ids': [], 'user_id': '064ee4118886439b8f85a2fdae718b60', 'user_domain_id': 'default', 'system_scope': 'all', 'project_id': None, 'project_domain_id': None, 'roles': ['admin', 'manager', 'member', 'reader'], 'is_admin_project': True, 'service_user_id': None, 'service_user_domain_id': None, 'service_project_id': None, 'service_project_domain_id': None, 'service_roles': []} {{(pid=68723) fill_context /opt/stack/keystone/keystone/server/flask/request_processing/middleware/auth_context.py:506}}
Dec 16 02:51:32 ubuntu devstack@keystone.service[68723]: DEBUG keystone.server.flask.request_processing.req_logging [None req-b49dae98-04f3-4ed2-a178-e1c99329e116 None admin] REQUEST_METHOD: `POST` {{(pid=68723) log_request_info /opt/stack/keystone/keystone/server/flask/request_processing/req_logging.py:26}}
Dec 16 02:51:32 ubuntu devstack@keystone.service[68723]: DEBUG keystone.server.flask.request_processing.req_logging [None req-b49dae98-04f3-4ed2-a178-e1c99329e116 None admin] SCRIPT_NAME: `/identity` {{(pid=68723) log_request_info /opt/stack/keystone/keystone/server/flask/request_processing/req_logging.py:27}}
Dec 16 02:51:32 ubuntu devstack@keystone.service[68723]: DEBUG keystone.server.flask.request_processing.req_logging [None req-b49dae98-04f3-4ed2-a178-e1c99329e116 None admin] PATH_INFO: `/v3/domains` {{(pid=68723) log_request_info /opt/stack/keystone/keystone/server/flask/request_processing/req_logging.py:28}}
Dec 16 02:51:32 ubuntu devstack@keystone.service[68722]: DEBUG keystone.common.rbac_enforcer.enforcer [None req-616eba80-0e4b-4a14-a66b-213a6d311801 None admin] RBAC: Adding query filter params (name=admin) {{(pid=68722) _extract_filter_values /opt/stack/keystone/keystone/common/rbac_enforcer/enforcer.py:176}}
Dec 16 02:51:32 ubuntu devstack@keystone.service[68722]: DEBUG keystone.common.rbac_enforcer.enforcer [None req-616eba80-0e4b-4a14-a66b-213a6d311801 None admin] RBAC: Authorizing `identity:list_roles()` {{(pid=68722) enforce_call /opt/stack/keystone/keystone/common/rbac_enforcer/enforcer.py:495}}
Dec 16 02:51:32 ubuntu devstack@keystone.service[68723]: DEBUG keystone.common.rbac_enforcer.enforcer [None req-b49dae98-04f3-4ed2-a178-e1c99329e116 None admin] RBAC: Authorizing `identity:create_domain()` {{(pid=68723) enforce_call /opt/stack/keystone/keystone/common/rbac_enforcer/enforcer.py:495}}
Dec 16 02:51:32 ubuntu devstack@keystone.service[68722]: DEBUG keystone.common.rbac_enforcer.enforcer [None req-616eba80-0e4b-4a14-a66b-213a6d311801 None admin] RBAC: Authorization granted {{(pid=68722) enforce_call /opt/stack/keystone/keystone/common/rbac_enforcer/enforcer.py:506}}
Dec 16 02:51:32 ubuntu devstack@keystone.service[68723]: DEBUG keystone.common.rbac_enforcer.enforcer [None req-b49dae98-04f3-4ed2-a178-e1c99329e116 None admin] RBAC: Authorization granted {{(pid=68723) enforce_call /opt/stack/keystone/keystone/common/rbac_enforcer/enforcer.py:506}}
Dec 16 02:51:32 ubuntu devstack@keystone.service[68723]: DEBUG keystone.common.sql.core [None req-b49dae98-04f3-4ed2-a178-e1c99329e116 None admin] Conflict project: (pymysql.err.IntegrityError) (1062, "Duplicate entry '<<keystone.domain.root>>-Default' for key 'project.ixu_project_name_domain_id'")
Dec 16 02:51:32 ubuntu devstack@keystone.service[68723]: [SQL: INSERT INTO project (id, name, domain_id, description, enabled, extra, parent_id, is_domain) VALUES (%(id)s, %(name)s, %(domain_id)s, %(description)s, %(enabled)s, %(extra)s, %(parent_id)s, %(is_domain)s)]
Dec 16 02:51:32 ubuntu devstack@keystone.service[68723]: [parameters: {'id': '75894394fc514d13af1519a771c5c950', 'name': 'Default', 'domain_id': '<<keystone.domain.root>>', 'description': '', 'enabled': 1, 'extra': '{}', 'parent_id': None, 'is_domain': 1}]
Dec 16 02:51:32 ubuntu devstack@keystone.service[68723]: (Background on this error at: https://sqlalche.me/e/20/gkpj) {{(pid=68723) wrapper /opt/stack/keystone/keystone/common/sql/core.py:580}}
Dec 16 02:51:32 ubuntu devstack@keystone.service[68722]: [pid: 68722|app: 0|req: 8/15] 10.201.5.82 () {56 vars in 1091 bytes} [Mon Dec 16 02:51:32 2024] GET /identity/v3/roles?name=admin => generated 339 bytes in 84 msecs (HTTP/1.1 200) 5 headers in 177 bytes (1 switches on core 0)
Dec 16 02:51:32 ubuntu devstack@keystone.service[68722]: DEBUG keystone.server.flask.request_processing.middleware.auth_context [None req-616eba80-0e4b-4a14-a66b-213a6d311801 None admin] Authenticating user token {{(pid=68722) process_request /opt/stack/data/venv/lib/python3.10/site-packages/keystonemiddleware/auth_token/__init__.py:406}}
Dec 16 02:51:32 ubuntu devstack@keystone.service[68723]: ERROR keystone.server.flask.application [None req-b49dae98-04f3-4ed2-a178-e1c99329e116 None admin] Conflict occurred attempting to store project - it is not permitted to have two projects acting as domains with the same name: Default.: keystone.exception.Conflict: Conflict occurred attempting to store project - it is not permitted to have two projects acting as domains with the same name: Default.
Dec 16 02:51:32 ubuntu devstack@keystone.service[68723]: ERROR keystone.server.flask.application Traceback (most recent call last):
Dec 16 02:51:32 ubuntu devstack@keystone.service[68723]: ERROR keystone.server.flask.application   File "/opt/stack/data/venv/lib/python3.10/site-packages/sqlalchemy/engine/base.py", line 1967, in _exec_single_context
Dec 16 02:51:32 ubuntu devstack@keystone.service[68723]: ERROR keystone.server.flask.application     self.dialect.do_execute(
Dec 16 02:51:32 ubuntu devstack@keystone.service[68723]: ERROR keystone.server.flask.application   File "/opt/stack/data/venv/lib/python3.10/site-packages/sqlalchemy/engine/default.py", line 941, in do_execute
Dec 16 02:51:32 ubuntu devstack@keystone.service[68723]: ERROR keystone.server.flask.application     cursor.execute(statement, parameters)
Dec 16 02:51:32 ubuntu devstack@keystone.service[68723]: ERROR keystone.server.flask.application   File "/opt/stack/data/venv/lib/python3.10/site-packages/pymysql/cursors.py", line 153, in execute
Dec 16 02:51:32 ubuntu devstack@keystone.service[68723]: ERROR keystone.server.flask.application     result = self._query(query)
Dec 16 02:51:32 ubuntu devstack@keystone.service[68723]: ERROR keystone.server.flask.application   File "/opt/stack/data/venv/lib/python3.10/site-packages/pymysql/cursors.py", line 322, in _query
Dec 16 02:51:32 ubuntu devstack@keystone.service[68723]: ERROR keystone.server.flask.application     conn.query(q)
Dec 16 02:51:32 ubuntu devstack@keystone.service[68723]: ERROR keystone.server.flask.application   File "/opt/stack/data/venv/lib/python3.10/site-packages/pymysql/connections.py", line 563, in query
Dec 16 02:51:32 ubuntu devstack@keystone.service[68723]: ERROR keystone.server.flask.application     self._affected_rows = self._read_query_result(unbuffered=unbuffered)
Dec 16 02:51:32 ubuntu devstack@keystone.service[68723]: ERROR keystone.server.flask.application   File "/opt/stack/data/venv/lib/python3.10/site-packages/pymysql/connections.py", line 825, in _read_query_result
Dec 16 02:51:32 ubuntu devstack@keystone.service[68723]: ERROR keystone.server.flask.application     result.read()
Dec 16 02:51:32 ubuntu devstack@keystone.service[68723]: ERROR keystone.server.flask.application   File "/opt/stack/data/venv/lib/python3.10/site-packages/pymysql/connections.py", line 1199, in read
Dec 16 02:51:32 ubuntu devstack@keystone.service[68723]: ERROR keystone.server.flask.application     first_packet = self.connection._read_packet()
Dec 16 02:51:32 ubuntu devstack@keystone.service[68723]: ERROR keystone.server.flask.application   File "/opt/stack/data/venv/lib/python3.10/site-packages/pymysql/connections.py", line 775, in _read_packet
Dec 16 02:51:32 ubuntu devstack@keystone.service[68723]: ERROR keystone.server.flask.application     packet.raise_for_error()
Dec 16 02:51:32 ubuntu devstack@keystone.service[68723]: ERROR keystone.server.flask.application   File "/opt/stack/data/venv/lib/python3.10/site-packages/pymysql/protocol.py", line 219, in raise_for_error
Dec 16 02:51:32 ubuntu devstack@keystone.service[68723]: ERROR keystone.server.flask.application     err.raise_mysql_exception(self._data)
Dec 16 02:51:32 ubuntu devstack@keystone.service[68723]: ERROR keystone.server.flask.application   File "/opt/stack/data/venv/lib/python3.10/site-packages/pymysql/err.py", line 150, in raise_mysql_exception
Dec 16 02:51:32 ubuntu devstack@keystone.service[68723]: ERROR keystone.server.flask.application     raise errorclass(errno, errval)
Dec 16 02:51:32 ubuntu devstack@keystone.service[68723]: ERROR keystone.server.flask.application pymysql.err.IntegrityError: (1062, "Duplicate entry '<<keystone.domain.root>>-Default' for key 'project.ixu_project_name_domain_id'")
Dec 16 02:51:32 ubuntu devstack@keystone.service[68723]: ERROR keystone.server.flask.application 
Dec 16 02:51:32 ubuntu devstack@keystone.service[68723]: ERROR keystone.server.flask.application The above exception was the direct cause of the following exception:
Dec 16 02:51:32 ubuntu devstack@keystone.service[68723]: ERROR keystone.server.flask.application 
Dec 16 02:51:32 ubuntu devstack@keystone.service[68723]: ERROR keystone.server.flask.application Traceback (most recent call last):
Dec 16 02:51:32 ubuntu devstack@keystone.service[68723]: ERROR keystone.server.flask.application   File "/opt/stack/keystone/keystone/common/sql/core.py", line 575, in wrapper
Dec 16 02:51:32 ubuntu devstack@keystone.service[68723]: ERROR keystone.server.flask.application     return method(*args, **kwargs)
Dec 16 02:51:32 ubuntu devstack@keystone.service[68723]: ERROR keystone.server.flask.application   File "/opt/stack/keystone/keystone/resource/backends/sql.py", line 278, in create_project
Dec 16 02:51:32 ubuntu devstack@keystone.service[68723]: ERROR keystone.server.flask.application     with sql.session_for_write() as session:
Dec 16 02:51:32 ubuntu devstack@keystone.service[68723]: ERROR keystone.server.flask.application   File "/usr/lib/python3.10/contextlib.py", line 142, in __exit__
Dec 16 02:51:32 ubuntu devstack@keystone.service[68723]: ERROR keystone.server.flask.application     next(self.gen)
Dec 16 02:51:32 ubuntu devstack@keystone.service[68723]: ERROR keystone.server.flask.application   File "/opt/stack/data/venv/lib/python3.10/site-packages/oslo_db/sqlalchemy/enginefacade.py", line 1199, in _transaction_scope
Dec 16 02:51:32 ubuntu devstack@keystone.service[68723]: ERROR keystone.server.flask.application     with current._produce_block(
Dec 16 02:51:32 ubuntu devstack@keystone.service[68723]: ERROR keystone.server.flask.application   File "/usr/lib/python3.10/contextlib.py", line 142, in __exit__
Dec 16 02:51:32 ubuntu devstack@keystone.service[68723]: ERROR keystone.server.flask.application     next(self.gen)
Dec 16 02:51:32 ubuntu devstack@keystone.service[68723]: ERROR keystone.server.flask.application   File "/opt/stack/data/venv/lib/python3.10/site-packages/oslo_db/sqlalchemy/enginefacade.py", line 850, in _session
