Feb 19 05:40:06 ubuntu devstack@keystone.service[81916]: DEBUG keystone.server.flask.request_processing.req_logging [None req-92f38a95-72cd-46ce-8305-e6292035b61a None None] SCRIPT_NAME: `/identity` {{(pid=81916) log_request_info /opt/stack/keystone/keystone/server/flask/request_processing/req_logging.py:27}}
Feb 19 05:40:06 ubuntu devstack@keystone.service[81916]: DEBUG keystone.server.flask.request_processing.req_logging [None req-92f38a95-72cd-46ce-8305-e6292035b61a None None] PATH_INFO: `/` {{(pid=81916) log_request_info /opt/stack/keystone/keystone/server/flask/request_processing/req_logging.py:28}}
Feb 19 05:40:06 ubuntu devstack@keystone.service[81916]: [pid: 81916|app: 0|req: 11/23] 10.201.5.82 () {54 vars in 920 bytes} [Thu Feb 19 05:40:06 2026] GET /identity => generated 270 bytes in 2 msecs (HTTP/1.1 300) 6 headers in 234 bytes (1 switches on core 0)
Feb 19 05:40:06 ubuntu devstack@keystone.service[81915]: DEBUG keystone.server.flask.request_processing.req_logging [None req-b3848d5d-9ffe-4cca-a70c-76a854cef6c5 None None] REQUEST_METHOD: `POST` {{(pid=81915) log_request_info /opt/stack/keystone/keystone/server/flask/request_processing/req_logging.py:26}}
Feb 19 05:40:06 ubuntu devstack@keystone.service[81915]: DEBUG keystone.server.flask.request_processing.req_logging [None req-b3848d5d-9ffe-4cca-a70c-76a854cef6c5 None None] SCRIPT_NAME: `/identity` {{(pid=81915) log_request_info /opt/stack/keystone/keystone/server/flask/request_processing/req_logging.py:27}}
Feb 19 05:40:06 ubuntu devstack@keystone.service[81915]: DEBUG keystone.server.flask.request_processing.req_logging [None req-b3848d5d-9ffe-4cca-a70c-76a854cef6c5 None None] PATH_INFO: `/v3/auth/tokens` {{(pid=81915) log_request_info /opt/stack/keystone/keystone/server/flask/request_processing/req_logging.py:28}}
Feb 19 05:40:06 ubuntu devstack@keystone.service[81915]: WARNING keystone.common.password_hashing [None req-b3848d5d-9ffe-4cca-a70c-76a854cef6c5 None None] Truncating password to algorithm specific maximum length 72 characters.
Feb 19 05:40:06 ubuntu devstack@keystone.service[81915]: DEBUG keystone.auth.core [None req-b3848d5d-9ffe-4cca-a70c-76a854cef6c5 None None] MFA Rules not processed for user `559db95bc0d644339c8c4613374a7ee8`. Rule list: `[]` (Enabled: `True`). {{(pid=81915) check_auth_methods_against_rules /opt/stack/keystone/keystone/auth/core.py:476}}
Feb 19 05:40:06 ubuntu devstack@keystone.service[81916]: DEBUG keystone.server.flask.request_processing.req_logging [None req-5ead10ca-6b24-400d-aa6f-87e76104e5fb None None] REQUEST_METHOD: `GET` {{(pid=81916) log_request_info /opt/stack/keystone/keystone/server/flask/request_processing/req_logging.py:26}}
Feb 19 05:40:06 ubuntu devstack@keystone.service[81916]: DEBUG keystone.server.flask.request_processing.req_logging [None req-5ead10ca-6b24-400d-aa6f-87e76104e5fb None None] SCRIPT_NAME: `/identity` {{(pid=81916) log_request_info /opt/stack/keystone/keystone/server/flask/request_processing/req_logging.py:27}}
Feb 19 05:40:06 ubuntu devstack@keystone.service[81916]: DEBUG keystone.server.flask.request_processing.req_logging [None req-5ead10ca-6b24-400d-aa6f-87e76104e5fb None None] PATH_INFO: `/` {{(pid=81916) log_request_info /opt/stack/keystone/keystone/server/flask/request_processing/req_logging.py:28}}
Feb 19 05:40:06 ubuntu devstack@keystone.service[81915]: DEBUG keystone.common.fernet_utils [None req-b3848d5d-9ffe-4cca-a70c-76a854cef6c5 None None] Loaded 2 Fernet keys from /etc/keystone/fernet-keys/, but `[fernet_tokens] max_active_keys = 3`; perhaps there have not been enough key rotations to reach `max_active_keys` yet? {{(pid=81915) load_keys /opt/stack/keystone/keystone/common/fernet_utils.py:297}}
Feb 19 05:40:06 ubuntu devstack@keystone.service[81916]: [pid: 81916|app: 0|req: 12/24] 10.201.5.82 () {54 vars in 920 bytes} [Thu Feb 19 05:40:06 2026] GET /identity => generated 270 bytes in 2 msecs (HTTP/1.1 300) 6 headers in 234 bytes (1 switches on core 0)
Feb 19 05:40:06 ubuntu devstack@keystone.service[81916]: DEBUG keystone.server.flask.request_processing.req_logging [None req-7bb71c27-cabe-4405-8599-dc4505e112c7 None None] REQUEST_METHOD: `POST` {{(pid=81916) log_request_info /opt/stack/keystone/keystone/server/flask/request_processing/req_logging.py:26}}
Feb 19 05:40:06 ubuntu devstack@keystone.service[81916]: DEBUG keystone.server.flask.request_processing.req_logging [None req-7bb71c27-cabe-4405-8599-dc4505e112c7 None None] SCRIPT_NAME: `/identity` {{(pid=81916) log_request_info /opt/stack/keystone/keystone/server/flask/request_processing/req_logging.py:27}}
Feb 19 05:40:06 ubuntu devstack@keystone.service[81916]: DEBUG keystone.server.flask.request_processing.req_logging [None req-7bb71c27-cabe-4405-8599-dc4505e112c7 None None] PATH_INFO: `/v3/auth/tokens` {{(pid=81916) log_request_info /opt/stack/keystone/keystone/server/flask/request_processing/req_logging.py:28}}
Feb 19 05:40:06 ubuntu devstack@keystone.service[81916]: WARNING keystone.common.password_hashing [None req-7bb71c27-cabe-4405-8599-dc4505e112c7 None None] Truncating password to algorithm specific maximum length 72 characters.
Feb 19 05:40:06 ubuntu devstack@keystone.service[81916]: DEBUG keystone.auth.core [None req-7bb71c27-cabe-4405-8599-dc4505e112c7 None None] MFA Rules not processed for user `559db95bc0d644339c8c4613374a7ee8`. Rule list: `[]` (Enabled: `True`). {{(pid=81916) check_auth_methods_against_rules /opt/stack/keystone/keystone/auth/core.py:476}}
Feb 19 05:40:06 ubuntu devstack@keystone.service[81916]: DEBUG keystone.common.fernet_utils [None req-7bb71c27-cabe-4405-8599-dc4505e112c7 None None] Loaded 2 Fernet keys from /etc/keystone/fernet-keys/, but `[fernet_tokens] max_active_keys = 3`; perhaps there have not been enough key rotations to reach `max_active_keys` yet? {{(pid=81916) load_keys /opt/stack/keystone/keystone/common/fernet_utils.py:297}}
Feb 19 05:40:06 ubuntu devstack@keystone.service[81916]: [pid: 81916|app: 0|req: 13/25] 10.201.5.82 () {58 vars in 1017 bytes} [Thu Feb 19 05:40:06 2026] POST /identity/v3/auth/tokens => generated 862 bytes in 74 msecs (HTTP/1.1 201) 6 headers in 363 bytes (2 switches on core 0)
Feb 19 05:40:06 ubuntu devstack@keystone.service[81916]: DEBUG keystone.server.flask.request_processing.req_logging [None req-6f0c4fce-3c5b-479d-a4c5-7733b9f7623d None None] REQUEST_METHOD: `GET` {{(pid=81916) log_request_info /opt/stack/keystone/keystone/server/flask/request_processing/req_logging.py:26}}
Feb 19 05:40:06 ubuntu devstack@keystone.service[81916]: DEBUG keystone.server.flask.request_processing.req_logging [None req-6f0c4fce-3c5b-479d-a4c5-7733b9f7623d None None] SCRIPT_NAME: `/identity` {{(pid=81916) log_request_info /opt/stack/keystone/keystone/server/flask/request_processing/req_logging.py:27}}
Feb 19 05:40:06 ubuntu devstack@keystone.service[81916]: DEBUG keystone.server.flask.request_processing.req_logging [None req-6f0c4fce-3c5b-479d-a4c5-7733b9f7623d None None] PATH_INFO: `/` {{(pid=81916) log_request_info /opt/stack/keystone/keystone/server/flask/request_processing/req_logging.py:28}}
Feb 19 05:40:06 ubuntu devstack@keystone.service[81916]: [pid: 81916|app: 0|req: 14/26] 10.201.5.82 () {54 vars in 920 bytes} [Thu Feb 19 05:40:06 2026] GET /identity => generated 270 bytes in 2 msecs (HTTP/1.1 300) 6 headers in 234 bytes (1 switches on core 0)
Feb 19 05:40:06 ubuntu devstack@keystone.service[81916]: DEBUG keystone.server.flask.request_processing.req_logging [None req-bc4007e3-c0f4-4043-b1d8-7ca8f1f9a84f None None] REQUEST_METHOD: `POST` {{(pid=81916) log_request_info /opt/stack/keystone/keystone/server/flask/request_processing/req_logging.py:26}}
Feb 19 05:40:06 ubuntu devstack@keystone.service[81916]: DEBUG keystone.server.flask.request_processing.req_logging [None req-bc4007e3-c0f4-4043-b1d8-7ca8f1f9a84f None None] SCRIPT_NAME: `/identity` {{(pid=81916) log_request_info /opt/stack/keystone/keystone/server/flask/request_processing/req_logging.py:27}}
Feb 19 05:40:06 ubuntu devstack@keystone.service[81916]: DEBUG keystone.server.flask.request_processing.req_logging [None req-bc4007e3-c0f4-4043-b1d8-7ca8f1f9a84f None None] PATH_INFO: `/v3/auth/tokens` {{(pid=81916) log_request_info /opt/stack/keystone/keystone/server/flask/request_processing/req_logging.py:28}}
Feb 19 05:40:06 ubuntu devstack@keystone.service[81916]: WARNING keystone.common.password_hashing [None req-bc4007e3-c0f4-4043-b1d8-7ca8f1f9a84f None None] Truncating password to algorithm specific maximum length 72 characters.
Feb 19 05:40:06 ubuntu devstack@keystone.service[81916]: DEBUG keystone.auth.core [None req-bc4007e3-c0f4-4043-b1d8-7ca8f1f9a84f None None] MFA Rules not processed for user `559db95bc0d644339c8c4613374a7ee8`. Rule list: `[]` (Enabled: `True`). {{(pid=81916) check_auth_methods_against_rules /opt/stack/keystone/keystone/auth/core.py:476}}
Feb 19 05:40:06 ubuntu devstack@keystone.service[81916]: DEBUG keystone.common.fernet_utils [None req-bc4007e3-c0f4-4043-b1d8-7ca8f1f9a84f None None] Loaded 2 Fernet keys from /etc/keystone/fernet-keys/, but `[fernet_tokens] max_active_keys = 3`; perhaps there have not been enough key rotations to reach `max_active_keys` yet? {{(pid=81916) load_keys /opt/stack/keystone/keystone/common/fernet_utils.py:297}}
Feb 19 05:40:06 ubuntu devstack@keystone.service[81915]: [pid: 81915|app: 0|req: 13/27] 10.201.5.82 () {58 vars in 1017 bytes} [Thu Feb 19 05:40:06 2026] POST /identity/v3/auth/tokens => generated 862 bytes in 192 msecs (HTTP/1.1 201) 6 headers in 363 bytes (1 switches on core 0)
Feb 19 05:40:06 ubuntu devstack@keystone.service[81916]: [pid: 81916|app: 0|req: 15/28] 10.201.5.82 () {58 vars in 1017 bytes} [Thu Feb 19 05:40:06 2026] POST /identity/v3/auth/tokens => generated 862 bytes in 81 msecs (HTTP/1.1 201) 6 headers in 363 bytes (1 switches on core 0)
Feb 19 05:40:06 ubuntu devstack@keystone.service[81915]: DEBUG keystone.server.flask.request_processing.middleware.auth_context [None req-b3848d5d-9ffe-4cca-a70c-76a854cef6c5 None None] Authenticating user token {{(pid=81915) process_request /opt/stack/data/venv/lib/python3.10/site-packages/keystonemiddleware/auth_token/__init__.py:407}}
Feb 19 05:40:06 ubuntu devstack@keystone.service[81916]: DEBUG keystone.server.flask.request_processing.middleware.auth_context [None req-bc4007e3-c0f4-4043-b1d8-7ca8f1f9a84f None None] Authenticating user token {{(pid=81916) process_request /opt/stack/data/venv/lib/python3.10/site-packages/keystonemiddleware/auth_token/__init__.py:407}}
Feb 19 05:40:06 ubuntu devstack@keystone.service[81915]: DEBUG keystone.server.flask.request_processing.middleware.auth_context [None req-b3848d5d-9ffe-4cca-a70c-76a854cef6c5 None None] Validating token access rules against request {{(pid=81915) validate_allowed_request /opt/stack/data/venv/lib/python3.10/site-packages/keystonemiddleware/auth_token/__init__.py:545}}
Feb 19 05:40:06 ubuntu devstack@keystone.service[81916]: DEBUG keystone.server.flask.request_processing.middleware.auth_context [None req-bc4007e3-c0f4-4043-b1d8-7ca8f1f9a84f None None] Validating token access rules against request {{(pid=81916) validate_allowed_request /opt/stack/data/venv/lib/python3.10/site-packages/keystonemiddleware/auth_token/__init__.py:545}}
Feb 19 05:40:06 ubuntu devstack@keystone.service[81915]: DEBUG keystone.server.flask.request_processing.middleware.auth_context [None req-025a078e-f9f9-4e83-8015-9cc2ce88611b None admin] RBAC: auth_context: {'token': <TokenModel (audit_id=T3MSmI12QjipfKitptwvSA, audit_chain_id=['T3MSmI12QjipfKitptwvSA']) at 0x7f0673a2c790>, 'domain_id': None, 'trust_id': None, 'trustor_id': None, 'trustee_id': None, 'domain_name': None, 'group_ids': [], 'user_id': '559db95bc0d644339c8c4613374a7ee8', 'user_domain_id': 'default', 'system_scope': 'all', 'project_id': None, 'project_domain_id': None, 'roles': ['admin', 'manager', 'member', 'reader'], 'is_admin_project': True, 'service_user_id': None, 'service_user_domain_id': None, 'service_project_id': None, 'service_project_domain_id': None, 'service_roles': []} {{(pid=81915) fill_context /opt/stack/keystone/keystone/server/flask/request_processing/middleware/auth_context.py:509}}
Feb 19 05:40:06 ubuntu devstack@keystone.service[81915]: DEBUG keystone.server.flask.request_processing.req_logging [None req-025a078e-f9f9-4e83-8015-9cc2ce88611b None admin] REQUEST_METHOD: `GET` {{(pid=81915) log_request_info /opt/stack/keystone/keystone/server/flask/request_processing/req_logging.py:26}}
Feb 19 05:40:06 ubuntu devstack@keystone.service[81915]: DEBUG keystone.server.flask.request_processing.req_logging [None req-025a078e-f9f9-4e83-8015-9cc2ce88611b None admin] SCRIPT_NAME: `/identity` {{(pid=81915) log_request_info /opt/stack/keystone/keystone/server/flask/request_processing/req_logging.py:27}}
Feb 19 05:40:06 ubuntu devstack@keystone.service[81915]: DEBUG keystone.server.flask.request_processing.req_logging [None req-025a078e-f9f9-4e83-8015-9cc2ce88611b None admin] PATH_INFO: `/v3/roles/admin` {{(pid=81915) log_request_info /opt/stack/keystone/keystone/server/flask/request_processing/req_logging.py:28}}
Feb 19 05:40:06 ubuntu devstack@keystone.service[81915]: DEBUG keystone.common.rbac_enforcer.enforcer [None req-025a078e-f9f9-4e83-8015-9cc2ce88611b None admin] Extracting inferred target data resulted in "NOT FOUND (404)". {{(pid=81915) enforce_call /opt/stack/keystone/keystone/common/rbac_enforcer/enforcer.py:445}}
Feb 19 05:40:06 ubuntu devstack@keystone.service[81915]: DEBUG keystone.server.flask.application [None req-025a078e-f9f9-4e83-8015-9cc2ce88611b None admin] Could not find role: admin. {{(pid=81915) _handle_keystone_exception /opt/stack/keystone/keystone/server/flask/application.py:146}}
Feb 19 05:40:06 ubuntu devstack@keystone.service[81915]: [pid: 81915|app: 0|req: 14/29] 10.201.5.82 () {56 vars in 1133 bytes} [Thu Feb 19 05:40:06 2026] GET /identity/v3/roles/admin => generated 83 bytes in 69 msecs (HTTP/1.1 404) 5 headers in 183 bytes (1 switches on core 0)
Feb 19 05:40:06 ubuntu devstack@keystone.service[81915]: DEBUG keystone.server.flask.request_processing.middleware.auth_context [None req-025a078e-f9f9-4e83-8015-9cc2ce88611b None admin] Authenticating user token {{(pid=81915) process_request /opt/stack/data/venv/lib/python3.10/site-packages/keystonemiddleware/auth_token/__init__.py:407}}
Feb 19 05:40:06 ubuntu devstack@keystone.service[81916]: DEBUG keystone.server.flask.request_processing.middleware.auth_context [None req-140fcf1a-e350-4dea-a6d0-8032e8d0974c None admin] RBAC: auth_context: {'token': <TokenModel (audit_id=hEAhGnr7TteTrsWGV9zDxw, audit_chain_id=['hEAhGnr7TteTrsWGV9zDxw']) at 0x7f0672e4de10>, 'domain_id': None, 'trust_id': None, 'trustor_id': None, 'trustee_id': None, 'domain_name': None, 'group_ids': [], 'user_id': '559db95bc0d644339c8c4613374a7ee8', 'user_domain_id': 'default', 'system_scope': 'all', 'project_id': None, 'project_domain_id': None, 'roles': ['admin', 'manager', 'member', 'reader'], 'is_admin_project': True, 'service_user_id': None, 'service_user_domain_id': None, 'service_project_id': None, 'service_project_domain_id': None, 'service_roles': []} {{(pid=81916) fill_context /opt/stack/keystone/keystone/server/flask/request_processing/middleware/auth_context.py:509}}
Feb 19 05:40:06 ubuntu devstack@keystone.service[81916]: DEBUG keystone.server.flask.request_processing.req_logging [None req-140fcf1a-e350-4dea-a6d0-8032e8d0974c None admin] REQUEST_METHOD: `GET` {{(pid=81916) log_request_info /opt/stack/keystone/keystone/server/flask/request_processing/req_logging.py:26}}
Feb 19 05:40:06 ubuntu devstack@keystone.service[81916]: DEBUG keystone.server.flask.request_processing.req_logging [None req-140fcf1a-e350-4dea-a6d0-8032e8d0974c None admin] SCRIPT_NAME: `/identity` {{(pid=81916) log_request_info /opt/stack/keystone/keystone/server/flask/request_processing/req_logging.py:27}}
Feb 19 05:40:06 ubuntu devstack@keystone.service[81916]: DEBUG keystone.server.flask.request_processing.req_logging [None req-140fcf1a-e350-4dea-a6d0-8032e8d0974c None admin] PATH_INFO: `/v3/domains/Default` {{(pid=81916) log_request_info /opt/stack/keystone/keystone/server/flask/request_processing/req_logging.py:28}}
Feb 19 05:40:06 ubuntu devstack@keystone.service[81916]: DEBUG keystone.common.rbac_enforcer.enforcer [None req-140fcf1a-e350-4dea-a6d0-8032e8d0974c None admin] RBAC: Authorizing `identity:get_domain(domain_id=Default)` {{(pid=81916) enforce_call /opt/stack/keystone/keystone/common/rbac_enforcer/enforcer.py:494}}
Feb 19 05:40:06 ubuntu devstack@keystone.service[81916]: DEBUG keystone.common.rbac_enforcer.enforcer [None req-140fcf1a-e350-4dea-a6d0-8032e8d0974c None admin] RBAC: Authorization granted {{(pid=81916) enforce_call /opt/stack/keystone/keystone/common/rbac_enforcer/enforcer.py:505}}
Feb 19 05:40:06 ubuntu devstack@keystone.service[81915]: DEBUG keystone.server.flask.request_processing.middleware.auth_context [None req-025a078e-f9f9-4e83-8015-9cc2ce88611b None admin] Validating token access rules against request {{(pid=81915) validate_allowed_request /opt/stack/data/venv/lib/python3.10/site-packages/keystonemiddleware/auth_token/__init__.py:545}}
Feb 19 05:40:06 ubuntu devstack@keystone.service[81916]: DEBUG keystone.server.flask.application [None req-140fcf1a-e350-4dea-a6d0-8032e8d0974c None admin] Could not find domain: Default. {{(pid=81916) _handle_keystone_exception /opt/stack/keystone/keystone/server/flask/application.py:146}}
Feb 19 05:40:06 ubuntu devstack@keystone.service[81916]: [pid: 81916|app: 0|req: 16/30] 10.201.5.82 () {56 vars in 1145 bytes} [Thu Feb 19 05:40:06 2026] GET /identity/v3/domains/Default => generated 87 bytes in 108 msecs (HTTP/1.1 404) 5 headers in 183 bytes (2 switches on core 0)
Feb 19 05:40:06 ubuntu devstack@keystone.service[81916]: DEBUG keystone.server.flask.request_processing.middleware.auth_context [None req-140fcf1a-e350-4dea-a6d0-8032e8d0974c None admin] Authenticating user token {{(pid=81916) process_request /opt/stack/data/venv/lib/python3.10/site-packages/keystonemiddleware/auth_token/__init__.py:407}}
Feb 19 05:40:06 ubuntu devstack@keystone.service[81915]: DEBUG keystone.server.flask.request_processing.middleware.auth_context [None req-6f0b0722-fa7d-4b48-ae44-3ebbc188360d None admin] RBAC: auth_context: {'token': <TokenModel (audit_id=T3MSmI12QjipfKitptwvSA, audit_chain_id=['T3MSmI12QjipfKitptwvSA']) at 0x7f0672e32ce0>, 'domain_id': None, 'trust_id': None, 'trustor_id': None, 'trustee_id': None, 'domain_name': None, 'group_ids': [], 'user_id': '559db95bc0d644339c8c4613374a7ee8', 'user_domain_id': 'default', 'system_scope': 'all', 'project_id': None, 'project_domain_id': None, 'roles': ['admin', 'manager', 'member', 'reader'], 'is_admin_project': True, 'service_user_id': None, 'service_user_domain_id': None, 'service_project_id': None, 'service_project_domain_id': None, 'service_roles': []} {{(pid=81915) fill_context /opt/stack/keystone/keystone/server/flask/request_processing/middleware/auth_context.py:509}}
Feb 19 05:40:06 ubuntu devstack@keystone.service[81915]: DEBUG keystone.server.flask.request_processing.req_logging [None req-6f0b0722-fa7d-4b48-ae44-3ebbc188360d None admin] REQUEST_METHOD: `GET` {{(pid=81915) log_request_info /opt/stack/keystone/keystone/server/flask/request_processing/req_logging.py:26}}
Feb 19 05:40:06 ubuntu devstack@keystone.service[81915]: DEBUG keystone.server.flask.request_processing.req_logging [None req-6f0b0722-fa7d-4b48-ae44-3ebbc188360d None admin] SCRIPT_NAME: `/identity` {{(pid=81915) log_request_info /opt/stack/keystone/keystone/server/flask/request_processing/req_logging.py:27}}
Feb 19 05:40:06 ubuntu devstack@keystone.service[81915]: DEBUG keystone.server.flask.request_processing.req_logging [None req-6f0b0722-fa7d-4b48-ae44-3ebbc188360d None admin] PATH_INFO: `/v3/roles` {{(pid=81915) log_request_info /opt/stack/keystone/keystone/server/flask/request_processing/req_logging.py:28}}
Feb 19 05:40:06 ubuntu devstack@keystone.service[81915]: DEBUG keystone.common.rbac_enforcer.enforcer [None req-6f0b0722-fa7d-4b48-ae44-3ebbc188360d None admin] RBAC: Adding query filter params (name=admin) {{(pid=81915) _extract_filter_values /opt/stack/keystone/keystone/common/rbac_enforcer/enforcer.py:176}}
Feb 19 05:40:06 ubuntu devstack@keystone.service[81915]: DEBUG keystone.common.rbac_enforcer.enforcer [None req-6f0b0722-fa7d-4b48-ae44-3ebbc188360d None admin] RBAC: Authorizing `identity:list_roles()` {{(pid=81915) enforce_call /opt/stack/keystone/keystone/common/rbac_enforcer/enforcer.py:494}}
Feb 19 05:40:06 ubuntu devstack@keystone.service[81915]: DEBUG keystone.common.rbac_enforcer.enforcer [None req-6f0b0722-fa7d-4b48-ae44-3ebbc188360d None admin] RBAC: Authorization granted {{(pid=81915) enforce_call /opt/stack/keystone/keystone/common/rbac_enforcer/enforcer.py:505}}
Feb 19 05:40:06 ubuntu devstack@keystone.service[81915]: [pid: 81915|app: 0|req: 15/31] 10.201.5.82 () {56 vars in 1149 bytes} [Thu Feb 19 05:40:06 2026] GET /identity/v3/roles?name=admin => generated 339 bytes in 62 msecs (HTTP/1.1 200) 5 headers in 177 bytes (2 switches on core 0)
Feb 19 05:40:06 ubuntu devstack@keystone.service[81915]: DEBUG keystone.server.flask.request_processing.middleware.auth_context [None req-6f0b0722-fa7d-4b48-ae44-3ebbc188360d None admin] Authenticating user token {{(pid=81915) process_request /opt/stack/data/venv/lib/python3.10/site-packages/keystonemiddleware/auth_token/__init__.py:407}}
Feb 19 05:40:06 ubuntu devstack@keystone.service[81916]: DEBUG keystone.server.flask.request_processing.middleware.auth_context [None req-140fcf1a-e350-4dea-a6d0-8032e8d0974c None admin] Validating token access rules against request {{(pid=81916) validate_allowed_request /opt/stack/data/venv/lib/python3.10/site-packages/keystonemiddleware/auth_token/__init__.py:545}}
Feb 19 05:40:06 ubuntu devstack@keystone.service[81915]: DEBUG keystone.server.flask.request_processing.middleware.auth_context [None req-6f0b0722-fa7d-4b48-ae44-3ebbc188360d None admin] Validating token access rules against request {{(pid=81915) validate_allowed_request /opt/stack/data/venv/lib/python3.10/site-packages/keystonemiddleware/auth_token/__init__.py:545}}
Feb 19 05:40:06 ubuntu devstack@keystone.service[81915]: DEBUG keystone.server.flask.request_processing.middleware.auth_context [None req-1d5853f6-b49a-4024-b2d2-22691424ba73 None admin] RBAC: auth_context: {'token': <TokenModel (audit_id=T3MSmI12QjipfKitptwvSA, audit_chain_id=['T3MSmI12QjipfKitptwvSA']) at 0x7f0672e32050>, 'domain_id': None, 'trust_id': None, 'trustor_id': None, 'trustee_id': None, 'domain_name': None, 'group_ids': [], 'user_id': '559db95bc0d644339c8c4613374a7ee8', 'user_domain_id': 'default', 'system_scope': 'all', 'project_id': None, 'project_domain_id': None, 'roles': ['admin', 'manager', 'member', 'reader'], 'is_admin_project': True, 'service_user_id': None, 'service_user_domain_id': None, 'service_project_id': None, 'service_project_domain_id': None, 'service_roles': []} {{(pid=81915) fill_context /opt/stack/keystone/keystone/server/flask/request_processing/middleware/auth_context.py:509}}
Feb 19 05:40:06 ubuntu devstack@keystone.service[81915]: DEBUG keystone.server.flask.request_processing.req_logging [None req-1d5853f6-b49a-4024-b2d2-22691424ba73 None admin] REQUEST_METHOD: `GET` {{(pid=81915) log_request_info /opt/stack/keystone/keystone/server/flask/request_processing/req_logging.py:26}}
Feb 19 05:40:06 ubuntu devstack@keystone.service[81915]: DEBUG keystone.server.flask.request_processing.req_logging [None req-1d5853f6-b49a-4024-b2d2-22691424ba73 None admin] SCRIPT_NAME: `/identity` {{(pid=81915) log_request_info /opt/stack/keystone/keystone/server/flask/request_processing/req_logging.py:27}}
Feb 19 05:40:06 ubuntu devstack@keystone.service[81915]: DEBUG keystone.server.flask.request_processing.req_logging [None req-1d5853f6-b49a-4024-b2d2-22691424ba73 None admin] PATH_INFO: `/v3/users/559db95bc0d644339c8c4613374a7ee8` {{(pid=81915) log_request_info /opt/stack/keystone/keystone/server/flask/request_processing/req_logging.py:28}}
Feb 19 05:40:06 ubuntu devstack@keystone.service[81915]: DEBUG keystone.common.rbac_enforcer.enforcer [None req-1d5853f6-b49a-4024-b2d2-22691424ba73 None admin] RBAC: Authorizing `identity:get_user(user_id=559db95bc0d644339c8c4613374a7ee8)` {{(pid=81915) enforce_call /opt/stack/keystone/keystone/common/rbac_enforcer/enforcer.py:494}}
Feb 19 05:40:06 ubuntu devstack@keystone.service[81916]: DEBUG keystone.server.flask.request_processing.middleware.auth_context [None req-e97f7e23-614b-4d85-abbe-29769a3ebac9 None admin] RBAC: auth_context: {'token': <TokenModel (audit_id=hEAhGnr7TteTrsWGV9zDxw, audit_chain_id=['hEAhGnr7TteTrsWGV9zDxw']) at 0x7f0672d22dd0>, 'domain_id': None, 'trust_id': None, 'trustor_id': None, 'trustee_id': None, 'domain_name': None, 'group_ids': [], 'user_id': '559db95bc0d644339c8c4613374a7ee8', 'user_domain_id': 'default', 'system_scope': 'all', 'project_id': None, 'project_domain_id': None, 'roles': ['admin', 'manager', 'member', 'reader'], 'is_admin_project': True, 'service_user_id': None, 'service_user_domain_id': None, 'service_project_id': None, 'service_project_domain_id': None, 'service_roles': []} {{(pid=81916) fill_context /opt/stack/keystone/keystone/server/flask/request_processing/middleware/auth_context.py:509}}
Feb 19 05:40:06 ubuntu devstack@keystone.service[81916]: DEBUG keystone.server.flask.request_processing.req_logging [None req-e97f7e23-614b-4d85-abbe-29769a3ebac9 None admin] REQUEST_METHOD: `GET` {{(pid=81916) log_request_info /opt/stack/keystone/keystone/server/flask/request_processing/req_logging.py:26}}
Feb 19 05:40:06 ubuntu devstack@keystone.service[81916]: DEBUG keystone.server.flask.request_processing.req_logging [None req-e97f7e23-614b-4d85-abbe-29769a3ebac9 None admin] SCRIPT_NAME: `/identity` {{(pid=81916) log_request_info /opt/stack/keystone/keystone/server/flask/request_processing/req_logging.py:27}}
Feb 19 05:40:06 ubuntu devstack@keystone.service[81916]: DEBUG keystone.server.flask.request_processing.req_logging [None req-e97f7e23-614b-4d85-abbe-29769a3ebac9 None admin] PATH_INFO: `/v3/domains` {{(pid=81916) log_request_info /opt/stack/keystone/keystone/server/flask/request_processing/req_logging.py:28}}
Feb 19 05:40:06 ubuntu devstack@keystone.service[81915]: DEBUG keystone.common.rbac_enforcer.enforcer [None req-1d5853f6-b49a-4024-b2d2-22691424ba73 None admin] RBAC: Authorization granted {{(pid=81915) enforce_call /opt/stack/keystone/keystone/common/rbac_enforcer/enforcer.py:505}}
Feb 19 05:40:06 ubuntu devstack@keystone.service[81916]: DEBUG keystone.common.rbac_enforcer.enforcer [None req-e97f7e23-614b-4d85-abbe-29769a3ebac9 None admin] RBAC: Adding query filter params (name=Default) {{(pid=81916) _extract_filter_values /opt/stack/keystone/keystone/common/rbac_enforcer/enforcer.py:176}}
Feb 19 05:40:06 ubuntu devstack@keystone.service[81916]: DEBUG keystone.common.rbac_enforcer.enforcer [None req-e97f7e23-614b-4d85-abbe-29769a3ebac9 None admin] RBAC: Authorizing `identity:list_domains()` {{(pid=81916) enforce_call /opt/stack/keystone/keystone/common/rbac_enforcer/enforcer.py:494}}
Feb 19 05:40:06 ubuntu devstack@keystone.service[81915]: [pid: 81915|app: 0|req: 16/32] 10.201.5.82 () {56 vars in 1214 bytes} [Thu Feb 19 05:40:06 2026] GET /identity/v3/users/559db95bc0d644339c8c4613374a7ee8 => generated 247 bytes in 57 msecs (HTTP/1.1 200) 5 headers in 177 bytes (1 switches on core 0)
Feb 19 05:40:06 ubuntu devstack@keystone.service[81916]: DEBUG keystone.common.rbac_enforcer.enforcer [None req-e97f7e23-614b-4d85-abbe-29769a3ebac9 None admin] RBAC: Authorization granted {{(pid=81916) enforce_call /opt/stack/keystone/keystone/common/rbac_enforcer/enforcer.py:505}}
Feb 19 05:40:06 ubuntu devstack@keystone.service[81915]: DEBUG keystone.server.flask.request_processing.middleware.auth_context [None req-1d5853f6-b49a-4024-b2d2-22691424ba73 None admin] Authenticating user token {{(pid=81915) process_request /opt/stack/data/venv/lib/python3.10/site-packages/keystonemiddleware/auth_token/__init__.py:407}}
Feb 19 05:40:06 ubuntu devstack@keystone.service[81916]: [pid: 81916|app: 0|req: 17/33] 10.201.5.82 () {56 vars in 1159 bytes} [Thu Feb 19 05:40:06 2026] GET /identity/v3/domains?name=Default => generated 308 bytes in 96 msecs (HTTP/1.1 200) 5 headers in 177 bytes (2 switches on core 0)
Feb 19 05:40:06 ubuntu devstack@keystone.service[81916]: DEBUG keystone.server.flask.request_processing.middleware.auth_context [None req-e97f7e23-614b-4d85-abbe-29769a3ebac9 None admin] Authenticating user token {{(pid=81916) process_request /opt/stack/data/venv/lib/python3.10/site-packages/keystonemiddleware/auth_token/__init__.py:407}}
Feb 19 05:40:06 ubuntu devstack@keystone.service[81915]: DEBUG keystone.server.flask.request_processing.middleware.auth_context [None req-1d5853f6-b49a-4024-b2d2-22691424ba73 None admin] Validating token access rules against request {{(pid=81915) validate_allowed_request /opt/stack/data/venv/lib/python3.10/site-packages/keystonemiddleware/auth_token/__init__.py:545}}
Feb 19 05:40:06 ubuntu devstack@keystone.service[81916]: DEBUG keystone.server.flask.request_processing.middleware.auth_context [None req-e97f7e23-614b-4d85-abbe-29769a3ebac9 None admin] Validating token access rules against request {{(pid=81916) validate_allowed_request /opt/stack/data/venv/lib/python3.10/site-packages/keystonemiddleware/auth_token/__init__.py:545}}
Feb 19 05:40:06 ubuntu devstack@keystone.service[81915]: DEBUG keystone.server.flask.request_processing.middleware.auth_context [None req-9fe0670a-c570-4b96-b08e-c4640aea9006 None admin] RBAC: auth_context: {'token': <TokenModel (audit_id=qI0FTFz3QWqs_0iRfRxHxA, audit_chain_id=['qI0FTFz3QWqs_0iRfRxHxA']) at 0x7f06739b7400>, 'domain_id': None, 'trust_id': None, 'trustor_id': None, 'trustee_id': None, 'domain_name': None, 'group_ids': [], 'user_id': '559db95bc0d644339c8c4613374a7ee8', 'user_domain_id': 'default', 'system_scope': 'all', 'project_id': None, 'project_domain_id': None, 'roles': ['admin', 'manager', 'member', 'reader'], 'is_admin_project': True, 'service_user_id': None, 'service_user_domain_id': None, 'service_project_id': None, 'service_project_domain_id': None, 'service_roles': []} {{(pid=81915) fill_context /opt/stack/keystone/keystone/server/flask/request_processing/middleware/auth_context.py:509}}
Feb 19 05:40:06 ubuntu devstack@keystone.service[81915]: DEBUG keystone.server.flask.request_processing.req_logging [None req-9fe0670a-c570-4b96-b08e-c4640aea9006 None admin] REQUEST_METHOD: `POST` {{(pid=81915) log_request_info /opt/stack/keystone/keystone/server/flask/request_processing/req_logging.py:26}}
Feb 19 05:40:06 ubuntu devstack@keystone.service[81915]: DEBUG keystone.server.flask.request_processing.req_logging [None req-9fe0670a-c570-4b96-b08e-c4640aea9006 None admin] SCRIPT_NAME: `/identity` {{(pid=81915) log_request_info /opt/stack/keystone/keystone/server/flask/request_processing/req_logging.py:27}}
Feb 19 05:40:06 ubuntu devstack@keystone.service[81915]: DEBUG keystone.server.flask.request_processing.req_logging [None req-9fe0670a-c570-4b96-b08e-c4640aea9006 None admin] PATH_INFO: `/v3/roles` {{(pid=81915) log_request_info /opt/stack/keystone/keystone/server/flask/request_processing/req_logging.py:28}}
Feb 19 05:40:06 ubuntu devstack@keystone.service[81915]: DEBUG keystone.common.rbac_enforcer.enforcer [None req-9fe0670a-c570-4b96-b08e-c4640aea9006 None admin] RBAC: Authorizing `identity:create_role()` {{(pid=81915) enforce_call /opt/stack/keystone/keystone/common/rbac_enforcer/enforcer.py:494}}
Feb 19 05:40:06 ubuntu devstack@keystone.service[81915]: DEBUG keystone.common.rbac_enforcer.enforcer [None req-9fe0670a-c570-4b96-b08e-c4640aea9006 None admin] RBAC: Authorization granted {{(pid=81915) enforce_call /opt/stack/keystone/keystone/common/rbac_enforcer/enforcer.py:505}}
Feb 19 05:40:06 ubuntu devstack@keystone.service[81916]: DEBUG keystone.server.flask.request_processing.middleware.auth_context [None req-46df21fa-be2f-4cba-8f94-4da9e7221a45 None admin] RBAC: auth_context: {'token': <TokenModel (audit_id=T3MSmI12QjipfKitptwvSA, audit_chain_id=['T3MSmI12QjipfKitptwvSA']) at 0x7f0672ff45b0>, 'domain_id': None, 'trust_id': None, 'trustor_id': None, 'trustee_id': None, 'domain_name': None, 'group_ids': [], 'user_id': '559db95bc0d644339c8c4613374a7ee8', 'user_domain_id': 'default', 'system_scope': 'all', 'project_id': None, 'project_domain_id': None, 'roles': ['admin', 'manager', 'member', 'reader'], 'is_admin_project': True, 'service_user_id': None, 'service_user_domain_id': None, 'service_project_id': None, 'service_project_domain_id': None, 'service_roles': []} {{(pid=81916) fill_context /opt/stack/keystone/keystone/server/flask/request_processing/middleware/auth_context.py:509}}
Feb 19 05:40:06 ubuntu devstack@keystone.service[81916]: DEBUG keystone.server.flask.request_processing.req_logging [None req-46df21fa-be2f-4cba-8f94-4da9e7221a45 None admin] REQUEST_METHOD: `GET` {{(pid=81916) log_request_info /opt/stack/keystone/keystone/server/flask/request_processing/req_logging.py:26}}
Feb 19 05:40:06 ubuntu devstack@keystone.service[81916]: DEBUG keystone.server.flask.request_processing.req_logging [None req-46df21fa-be2f-4cba-8f94-4da9e7221a45 None admin] SCRIPT_NAME: `/identity` {{(pid=81916) log_request_info /opt/stack/keystone/keystone/server/flask/request_processing/req_logging.py:27}}
Feb 19 05:40:06 ubuntu devstack@keystone.service[81916]: DEBUG keystone.server.flask.request_processing.req_logging [None req-46df21fa-be2f-4cba-8f94-4da9e7221a45 None admin] PATH_INFO: `/v3/domains/default` {{(pid=81916) log_request_info /opt/stack/keystone/keystone/server/flask/request_processing/req_logging.py:28}}
Feb 19 05:40:06 ubuntu devstack@keystone.service[81916]: DEBUG keystone.common.rbac_enforcer.enforcer [None req-46df21fa-be2f-4cba-8f94-4da9e7221a45 None admin] RBAC: Authorizing `identity:get_domain(domain_id=default)` {{(pid=81916) enforce_call /opt/stack/keystone/keystone/common/rbac_enforcer/enforcer.py:494}}
Feb 19 05:40:06 ubuntu devstack@keystone.service[81916]: DEBUG keystone.common.rbac_enforcer.enforcer [None req-46df21fa-be2f-4cba-8f94-4da9e7221a45 None admin] RBAC: Authorization granted {{(pid=81916) enforce_call /opt/stack/keystone/keystone/common/rbac_enforcer/enforcer.py:505}}
Feb 19 05:40:06 ubuntu devstack@keystone.service[81916]: [pid: 81916|app: 0|req: 18/34] 10.201.5.82 () {56 vars in 1145 bytes} [Thu Feb 19 05:40:06 2026] GET /identity/v3/domains/default => generated 199 bytes in 56 msecs (HTTP/1.1 200) 5 headers in 177 bytes (1 switches on core 0)
Feb 19 05:40:06 ubuntu devstack@keystone.service[81916]: DEBUG keystone.server.flask.request_processing.middleware.auth_context [None req-46df21fa-be2f-4cba-8f94-4da9e7221a45 None admin] Authenticating user token {{(pid=81916) process_request /opt/stack/data/venv/lib/python3.10/site-packages/keystonemiddleware/auth_token/__init__.py:407}}
Feb 19 05:40:06 ubuntu devstack@keystone.service[81915]: DEBUG keystone.common.sql.core [None req-9fe0670a-c570-4b96-b08e-c4640aea9006 None admin] Conflict role: (pymysql.err.IntegrityError) (1062, "Duplicate entry 'service-<<null>>' for key 'role.ixu_role_name_domain_id'")
Feb 19 05:40:06 ubuntu devstack@keystone.service[81915]: [SQL: INSERT INTO `role` (id, name, description, extra) VALUES (%(id)s, %(name)s, %(description)s, %(extra)s)]
Feb 19 05:40:06 ubuntu devstack@keystone.service[81915]: [parameters: {'id': '44a3da1f59804fe8811ff5f6cfb4ad2b', 'name': 'service', 'description': None, 'extra': '{}'}]
Feb 19 05:40:06 ubuntu devstack@keystone.service[81915]: (Background on this error at: https://sqlalche.me/e/20/gkpj) {{(pid=81915) wrapper /opt/stack/keystone/keystone/common/sql/core.py:580}}
Feb 19 05:40:06 ubuntu devstack@keystone.service[81915]: ERROR keystone.server.flask.application [None req-9fe0670a-c570-4b96-b08e-c4640aea9006 None admin] Conflict occurred attempting to store role - Duplicate entry found with name service.: keystone.exception.Conflict: Conflict occurred attempting to store role - Duplicate entry found with name service.
Feb 19 05:40:06 ubuntu devstack@keystone.service[81915]: ERROR keystone.server.flask.application Traceback (most recent call last):
Feb 19 05:40:06 ubuntu devstack@keystone.service[81915]: ERROR keystone.server.flask.application   File "/opt/stack/data/venv/lib/python3.10/site-packages/sqlalchemy/engine/base.py", line 1967, in _exec_single_context
Feb 19 05:40:06 ubuntu devstack@keystone.service[81915]: ERROR keystone.server.flask.application     self.dialect.do_execute(
Feb 19 05:40:06 ubuntu devstack@keystone.service[81915]: ERROR keystone.server.flask.application   File "/opt/stack/data/venv/lib/python3.10/site-packages/sqlalchemy/engine/default.py", line 951, in do_execute
Feb 19 05:40:06 ubuntu devstack@keystone.service[81915]: ERROR keystone.server.flask.application     cursor.execute(statement, parameters)
Feb 19 05:40:06 ubuntu devstack@keystone.service[81915]: ERROR keystone.server.flask.application   File "/opt/stack/data/venv/lib/python3.10/site-packages/pymysql/cursors.py", line 153, in execute
Feb 19 05:40:06 ubuntu devstack@keystone.service[81915]: ERROR keystone.server.flask.application     result = self._query(query)
Feb 19 05:40:06 ubuntu devstack@keystone.service[81915]: ERROR keystone.server.flask.application   File "/opt/stack/data/venv/lib/python3.10/site-packages/pymysql/cursors.py", line 322, in _query
Feb 19 05:40:06 ubuntu devstack@keystone.service[81915]: ERROR keystone.server.flask.application     conn.query(q)
Feb 19 05:40:06 ubuntu devstack@keystone.service[81915]: ERROR keystone.server.flask.application   File "/opt/stack/data/venv/lib/python3.10/site-packages/pymysql/connections.py", line 575, in query
Feb 19 05:40:06 ubuntu devstack@keystone.service[81915]: ERROR keystone.server.flask.application     self._affected_rows = self._read_query_result(unbuffered=unbuffered)
Feb 19 05:40:06 ubuntu devstack@keystone.service[81915]: ERROR keystone.server.flask.application   File "/opt/stack/data/venv/lib/python3.10/site-packages/pymysql/connections.py", line 826, in _read_query_result
Feb 19 05:40:06 ubuntu devstack@keystone.service[81915]: ERROR keystone.server.flask.application     result.read()
Feb 19 05:40:06 ubuntu devstack@keystone.service[81915]: ERROR keystone.server.flask.application   File "/opt/stack/data/venv/lib/python3.10/site-packages/pymysql/connections.py", line 1203, in read
Feb 19 05:40:06 ubuntu devstack@keystone.service[81915]: ERROR keystone.server.flask.application     first_packet = self.connection._read_packet()
Feb 19 05:40:06 ubuntu devstack@keystone.service[81915]: ERROR keystone.server.flask.application   File "/opt/stack/data/venv/lib/python3.10/site-packages/pymysql/connections.py", line 782, in _read_packet
Feb 19 05:40:06 ubuntu devstack@keystone.service[81915]: ERROR keystone.server.flask.application     packet.raise_for_error()
Feb 19 05:40:06 ubuntu devstack@keystone.service[81915]: ERROR keystone.server.flask.application   File "/opt/stack/data/venv/lib/python3.10/site-packages/pymysql/protocol.py", line 219, in raise_for_error
Feb 19 05:40:06 ubuntu devstack@keystone.service[81915]: ERROR keystone.server.flask.application     err.raise_mysql_exception(self._data)
Feb 19 05:40:06 ubuntu devstack@keystone.service[81915]: ERROR keystone.server.flask.application   File "/opt/stack/data/venv/lib/python3.10/site-packages/pymysql/err.py", line 150, in raise_mysql_exception
Feb 19 05:40:06 ubuntu devstack@keystone.service[81915]: ERROR keystone.server.flask.application     raise errorclass(errno, errval)
Feb 19 05:40:06 ubuntu devstack@keystone.service[81915]: ERROR keystone.server.flask.application pymysql.err.IntegrityError: (1062, "Duplicate entry 'service-<<null>>' for key 'role.ixu_role_name_domain_id'")
Feb 19 05:40:06 ubuntu devstack@keystone.service[81915]: ERROR keystone.server.flask.application 
Feb 19 05:40:06 ubuntu devstack@keystone.service[81915]: ERROR keystone.server.flask.application The above exception was the direct cause of the following exception:
Feb 19 05:40:06 ubuntu devstack@keystone.service[81915]: ERROR keystone.server.flask.application 
Feb 19 05:40:06 ubuntu devstack@keystone.service[81915]: ERROR keystone.server.flask.application Traceback (most recent call last):
Feb 19 05:40:06 ubuntu devstack@keystone.service[81915]: ERROR keystone.server.flask.application   File "/opt/stack/keystone/keystone/common/sql/core.py", line 575, in wrapper
Feb 19 05:40:06 ubuntu devstack@keystone.service[81915]: ERROR keystone.server.flask.application     return method(*args, **kwargs)
Feb 19 05:40:06 ubuntu devstack@keystone.service[81915]: ERROR keystone.server.flask.application   File "/opt/stack/keystone/keystone/assignment/role_backends/sql.py", line 25, in create_role
Feb 19 05:40:06 ubuntu devstack@keystone.service[81915]: ERROR keystone.server.flask.application     with sql.session_for_write() as session:
Feb 19 05:40:06 ubuntu devstack@keystone.service[81915]: ERROR keystone.server.flask.application   File "/usr/lib/python3.10/contextlib.py", line 142, in __exit__
Feb 19 05:40:06 ubuntu devstack@keystone.service[81915]: ERROR keystone.server.flask.application     next(self.gen)
Feb 19 05:40:06 ubuntu devstack@keystone.service[81915]: ERROR keystone.server.flask.application   File "/opt/stack/data/venv/lib/python3.10/site-packages/oslo_db/sqlalchemy/enginefacade.py", line 1175, in _transaction_scope
Feb 19 05:40:06 ubuntu devstack@keystone.service[81915]: ERROR keystone.server.flask.application     with current._produce_block(
Feb 19 05:40:06 ubuntu devstack@keystone.service[81915]: ERROR keystone.server.flask.application   File "/usr/lib/python3.10/contextlib.py", line 142, in __exit__
Feb 19 05:40:06 ubuntu devstack@keystone.service[81915]: ERROR keystone.server.flask.application     next(self.gen)
Feb 19 05:40:06 ubuntu devstack@keystone.service[81915]: ERROR keystone.server.flask.application   File "/opt/stack/data/venv/lib/python3.10/site-packages/oslo_db/sqlalchemy/enginefacade.py", line 837, in _session
Feb 19 05:40:06 ubuntu devstack@keystone.service[81915]: ERROR keystone.server.flask.application     with excutils.save_and_reraise_exception():
Feb 19 05:40:06 ubuntu devstack@keystone.service[81915]: ERROR keystone.server.flask.application   File "/opt/stack/data/venv/lib/python3.10/site-packages/oslo_utils/excutils.py", line 256, in __exit__
Feb 19 05:40:06 ubuntu devstack@keystone.service[81915]: ERROR keystone.server.flask.application     self.force_reraise()
Feb 19 05:40:06 ubuntu devstack@keystone.service[81915]: ERROR keystone.server.flask.application   File "/opt/stack/data/venv/lib/python3.10/site-packages/oslo_utils/excutils.py", line 222, in force_reraise
Feb 19 05:40:06 ubuntu devstack@keystone.service[81915]: ERROR keystone.server.flask.application     raise self.value
Feb 19 05:40:06 ubuntu devstack@keystone.service[81915]: ERROR keystone.server.flask.application   File "/opt/stack/data/venv/lib/python3.10/site-packages/oslo_db/sqlalchemy/enginefacade.py", line 835, in _session
Feb 19 05:40:06 ubuntu devstack@keystone.service[81915]: ERROR keystone.server.flask.application     self._end_session_transaction(self.session)
Feb 19 05:40:06 ubuntu devstack@keystone.service[81915]: ERROR keystone.server.flask.application   File "/opt/stack/data/venv/lib/python3.10/site-packages/oslo_db/sqlalchemy/enginefacade.py", line 748, in _end_session_transaction
Feb 19 05:40:06 ubuntu devstack@keystone.service[81915]: ERROR keystone.server.flask.application     session.commit()
Feb 19 05:40:06 ubuntu devstack@keystone.service[81915]: ERROR keystone.server.flask.application   File "/opt/stack/data/venv/lib/python3.10/site-packages/sqlalchemy/orm/session.py", line 2030, in commit
Feb 19 05:40:06 ubuntu devstack@keystone.service[81915]: ERROR keystone.server.flask.application     trans.commit(_to_root=True)
Feb 19 05:40:06 ubuntu devstack@keystone.service[81915]: ERROR keystone.server.flask.application   File "<string>", line 2, in commit
Feb 19 05:40:06 ubuntu devstack@keystone.service[81915]: ERROR keystone.server.flask.application   File "/opt/stack/data/venv/lib/python3.10/site-packages/sqlalchemy/orm/state_changes.py", line 137, in _go
Feb 19 05:40:06 ubuntu devstack@keystone.service[81915]: ERROR keystone.server.flask.application     ret_value = fn(self, *arg, **kw)
Feb 19 05:40:06 ubuntu devstack@keystone.service[81915]: ERROR keystone.server.flask.application   File "/opt/stack/data/venv/lib/python3.10/site-packages/sqlalchemy/orm/session.py", line 1311, in commit
Feb 19 05:40:06 ubuntu devstack@keystone.service[81915]: ERROR keystone.server.flask.application     self._prepare_impl()
Feb 19 05:40:06 ubuntu devstack@keystone.service[81915]: ERROR keystone.server.flask.application   File "<string>", line 2, in _prepare_impl
Feb 19 05:40:06 ubuntu devstack@keystone.service[81915]: ERROR keystone.server.flask.application   File "/opt/stack/data/venv/lib/python3.10/site-packages/sqlalchemy/orm/state_changes.py", line 137, in _go
Feb 19 05:40:06 ubuntu devstack@keystone.service[81915]: ERROR keystone.server.flask.application     ret_value = fn(self, *arg, **kw)
Feb 19 05:40:06 ubuntu devstack@keystone.service[81915]: ERROR keystone.server.flask.application   File "/opt/stack/data/venv/lib/python3.10/site-packages/sqlalchemy/orm/session.py", line 1286, in _prepare_impl
Feb 19 05:40:06 ubuntu devstack@keystone.service[81915]: ERROR keystone.server.flask.application     self.session.flush()
Feb 19 05:40:06 ubuntu devstack@keystone.service[81915]: ERROR keystone.server.flask.application   File "/opt/stack/data/venv/lib/python3.10/site-packages/sqlalchemy/orm/session.py", line 4331, in flush
Feb 19 05:40:06 ubuntu devstack@keystone.service[81915]: ERROR keystone.server.flask.application     self._flush(objects)
Feb 19 05:40:06 ubuntu devstack@keystone.service[81915]: ERROR keystone.server.flask.application   File "/opt/stack/data/venv/lib/python3.10/site-packages/sqlalchemy/orm/session.py", line 4466, in _flush
Feb 19 05:40:06 ubuntu devstack@keystone.service[81915]: ERROR keystone.server.flask.application     with util.safe_reraise():
Feb 19 05:40:06 ubuntu devstack@keystone.service[81915]: ERROR keystone.server.flask.application   File "/opt/stack/data/venv/lib/python3.10/site-packages/sqlalchemy/util/langhelpers.py", line 224, in __exit__
Feb 19 05:40:06 ubuntu devstack@keystone.service[81915]: ERROR keystone.server.flask.application     raise exc_value.with_traceback(exc_tb)
Feb 19 05:40:06 ubuntu devstack@keystone.service[81915]: ERROR keystone.server.flask.application   File "/opt/stack/data/venv/lib/python3.10/site-packages/sqlalchemy/orm/session.py", line 4427, in _flush
Feb 19 05:40:06 ubuntu devstack@keystone.service[81915]: ERROR keystone.server.flask.application     flush_context.execute()
Feb 19 05:40:06 ubuntu devstack@keystone.service[81915]: ERROR keystone.server.flask.application   File "/opt/stack/data/venv/lib/python3.10/site-packages/sqlalchemy/orm/unitofwork.py", line 466, in execute
Feb 19 05:40:06 ubuntu devstack@keystone.service[81915]: ERROR keystone.server.flask.application     rec.execute(self)
Feb 19 05:40:06 ubuntu devstack@keystone.service[81915]: ERROR keystone.server.flask.application   File "/opt/stack/data/venv/lib/python3.10/site-packages/sqlalchemy/orm/unitofwork.py", line 642, in execute
Feb 19 05:40:06 ubuntu devstack@keystone.service[81915]: ERROR keystone.server.flask.application     util.preloaded.orm_persistence.save_obj(
Feb 19 05:40:06 ubuntu devstack@keystone.service[81915]: ERROR keystone.server.flask.application   File "/opt/stack/data/venv/lib/python3.10/site-packages/sqlalchemy/orm/persistence.py", line 93, in save_obj
Feb 19 05:40:06 ubuntu devstack@keystone.service[81915]: ERROR keystone.server.flask.application     _emit_insert_statements(
Feb 19 05:40:06 ubuntu devstack@keystone.service[81915]: ERROR keystone.server.flask.application   File "/opt/stack/data/venv/lib/python3.10/site-packages/sqlalchemy/orm/persistence.py", line 1048, in _emit_insert_statements
Feb 19 05:40:06 ubuntu devstack@keystone.service[81915]: ERROR keystone.server.flask.application     result = connection.execute(
Feb 19 05:40:06 ubuntu devstack@keystone.service[81915]: ERROR keystone.server.flask.application   File "/opt/stack/data/venv/lib/python3.10/site-packages/sqlalchemy/engine/base.py", line 1419, in execute
Feb 19 05:40:06 ubuntu devstack@keystone.service[81915]: ERROR keystone.server.flask.application     return meth(
Feb 19 05:40:06 ubuntu devstack@keystone.service[81915]: ERROR keystone.server.flask.application   File "/opt/stack/data/venv/lib/python3.10/site-packages/sqlalchemy/sql/elements.py", line 526, in _execute_on_connection
Feb 19 05:40:06 ubuntu devstack@keystone.service[81915]: ERROR keystone.server.flask.application     return connection._execute_clauseelement(
Feb 19 05:40:06 ubuntu devstack@keystone.service[81915]: ERROR keystone.server.flask.application   File "/opt/stack/data/venv/lib/python3.10/site-packages/sqlalchemy/engine/base.py", line 1641, in _execute_clauseelement
Feb 19 05:40:06 ubuntu devstack@keystone.service[81915]: ERROR keystone.server.flask.application     ret = self._execute_context(
Feb 19 05:40:06 ubuntu devstack@keystone.service[81915]: ERROR keystone.server.flask.application   File "/opt/stack/data/venv/lib/python3.10/site-packages/sqlalchemy/engine/base.py", line 1846, in _execute_context
Feb 19 05:40:06 ubuntu devstack@keystone.service[81915]: ERROR keystone.server.flask.application     return self._exec_single_context(
Feb 19 05:40:06 ubuntu devstack@keystone.service[81915]: ERROR keystone.server.flask.application   File "/opt/stack/data/venv/lib/python3.10/site-packages/sqlalchemy/engine/base.py", line 1986, in _exec_single_context
