Mar 09 13:09:26 ubuntu devstack@keystone.service[81711]: DEBUG keystone.server.flask.request_processing.req_logging [None req-ca05adaf-ef17-4952-882d-a83f98841516 None None] REQUEST_METHOD: `POST` {{(pid=81711) log_request_info /opt/stack/keystone/keystone/server/flask/request_processing/req_logging.py:26}}
Mar 09 13:09:26 ubuntu devstack@keystone.service[81711]: DEBUG keystone.server.flask.request_processing.req_logging [None req-ca05adaf-ef17-4952-882d-a83f98841516 None None] SCRIPT_NAME: `/identity` {{(pid=81711) log_request_info /opt/stack/keystone/keystone/server/flask/request_processing/req_logging.py:27}}
Mar 09 13:09:26 ubuntu devstack@keystone.service[81711]: DEBUG keystone.server.flask.request_processing.req_logging [None req-ca05adaf-ef17-4952-882d-a83f98841516 None None] PATH_INFO: `/v3/auth/tokens` {{(pid=81711) log_request_info /opt/stack/keystone/keystone/server/flask/request_processing/req_logging.py:28}}
Mar 09 13:09:26 ubuntu devstack@keystone.service[81711]: WARNING keystone.common.password_hashing [None req-ca05adaf-ef17-4952-882d-a83f98841516 None None] Truncating password to algorithm specific maximum length 72 characters.
Mar 09 13:09:26 ubuntu devstack@keystone.service[81711]: DEBUG keystone.auth.core [None req-ca05adaf-ef17-4952-882d-a83f98841516 None None] MFA Rules not processed for user `13adc722f00f4e78b6f40d70108aba9f`. Rule list: `[]` (Enabled: `True`). {{(pid=81711) check_auth_methods_against_rules /opt/stack/keystone/keystone/auth/core.py:476}}
Mar 09 13:09:26 ubuntu devstack@keystone.service[81711]: DEBUG keystone.common.fernet_utils [None req-ca05adaf-ef17-4952-882d-a83f98841516 None None] Loaded 2 Fernet keys from /etc/keystone/fernet-keys/, but `[fernet_tokens] max_active_keys = 3`; perhaps there have not been enough key rotations to reach `max_active_keys` yet? {{(pid=81711) load_keys /opt/stack/keystone/keystone/common/fernet_utils.py:297}}
Mar 09 13:09:26 ubuntu devstack@keystone.service[81711]: [pid: 81711|app: 0|req: 12/24] 10.201.5.82 () {58 vars in 1017 bytes} [Mon Mar  9 13:09:26 2026] POST /identity/v3/auth/tokens => generated 862 bytes in 56 msecs (HTTP/1.1 201) 6 headers in 363 bytes (2 switches on core 0)
Mar 09 13:09:26 ubuntu devstack@keystone.service[81710]: DEBUG keystone.server.flask.request_processing.middleware.auth_context [None req-2b4a730d-3c7e-4ac9-9a53-0c61867a8991 None None] Authenticating user token {{(pid=81710) process_request /opt/stack/data/venv/lib/python3.10/site-packages/keystonemiddleware/auth_token/__init__.py:407}}
Mar 09 13:09:26 ubuntu devstack@keystone.service[81710]: DEBUG keystone.server.flask.request_processing.middleware.auth_context [None req-2b4a730d-3c7e-4ac9-9a53-0c61867a8991 None None] Validating token access rules against request {{(pid=81710) validate_allowed_request /opt/stack/data/venv/lib/python3.10/site-packages/keystonemiddleware/auth_token/__init__.py:545}}
Mar 09 13:09:26 ubuntu devstack@keystone.service[81711]: DEBUG keystone.server.flask.request_processing.req_logging [None req-e0dabe86-79c5-4547-9763-0f1f9d14ac05 None None] REQUEST_METHOD: `GET` {{(pid=81711) log_request_info /opt/stack/keystone/keystone/server/flask/request_processing/req_logging.py:26}}
Mar 09 13:09:26 ubuntu devstack@keystone.service[81711]: DEBUG keystone.server.flask.request_processing.req_logging [None req-e0dabe86-79c5-4547-9763-0f1f9d14ac05 None None] SCRIPT_NAME: `/identity` {{(pid=81711) log_request_info /opt/stack/keystone/keystone/server/flask/request_processing/req_logging.py:27}}
Mar 09 13:09:26 ubuntu devstack@keystone.service[81711]: DEBUG keystone.server.flask.request_processing.req_logging [None req-e0dabe86-79c5-4547-9763-0f1f9d14ac05 None None] PATH_INFO: `/` {{(pid=81711) log_request_info /opt/stack/keystone/keystone/server/flask/request_processing/req_logging.py:28}}
Mar 09 13:09:26 ubuntu devstack@keystone.service[81711]: [pid: 81711|app: 0|req: 13/25] 10.201.5.82 () {54 vars in 920 bytes} [Mon Mar  9 13:09:26 2026] GET /identity => generated 270 bytes in 4 msecs (HTTP/1.1 300) 6 headers in 234 bytes (1 switches on core 0)
Mar 09 13:09:26 ubuntu devstack@keystone.service[81710]: DEBUG keystone.server.flask.request_processing.middleware.auth_context [None req-20c7b4c8-77de-4251-8ebc-e2a382f2d318 None admin] RBAC: auth_context: {'token': <TokenModel (audit_id=FtGx1Y1JSd6GKnd1c5MlNw, audit_chain_id=['FtGx1Y1JSd6GKnd1c5MlNw']) at 0x7f22cb31fc70>, 'domain_id': None, 'trust_id': None, 'trustor_id': None, 'trustee_id': None, 'domain_name': None, 'group_ids': [], 'user_id': '13adc722f00f4e78b6f40d70108aba9f', 'user_domain_id': 'default', 'system_scope': 'all', 'project_id': None, 'project_domain_id': None, 'roles': ['admin', 'manager', 'member', 'reader'], 'is_admin_project': True, 'service_user_id': None, 'service_user_domain_id': None, 'service_project_id': None, 'service_project_domain_id': None, 'service_roles': []} {{(pid=81710) fill_context /opt/stack/keystone/keystone/server/flask/request_processing/middleware/auth_context.py:509}}
Mar 09 13:09:26 ubuntu devstack@keystone.service[81710]: DEBUG keystone.server.flask.request_processing.req_logging [None req-20c7b4c8-77de-4251-8ebc-e2a382f2d318 None admin] REQUEST_METHOD: `GET` {{(pid=81710) log_request_info /opt/stack/keystone/keystone/server/flask/request_processing/req_logging.py:26}}
Mar 09 13:09:26 ubuntu devstack@keystone.service[81710]: DEBUG keystone.server.flask.request_processing.req_logging [None req-20c7b4c8-77de-4251-8ebc-e2a382f2d318 None admin] SCRIPT_NAME: `/identity` {{(pid=81710) log_request_info /opt/stack/keystone/keystone/server/flask/request_processing/req_logging.py:27}}
Mar 09 13:09:26 ubuntu devstack@keystone.service[81710]: DEBUG keystone.server.flask.request_processing.req_logging [None req-20c7b4c8-77de-4251-8ebc-e2a382f2d318 None admin] PATH_INFO: `/v3/domains/Default` {{(pid=81710) log_request_info /opt/stack/keystone/keystone/server/flask/request_processing/req_logging.py:28}}
Mar 09 13:09:26 ubuntu devstack@keystone.service[81711]: DEBUG keystone.server.flask.request_processing.req_logging [None req-62dffce0-9e3e-4e52-8e45-7ed40cc3080f None None] REQUEST_METHOD: `POST` {{(pid=81711) log_request_info /opt/stack/keystone/keystone/server/flask/request_processing/req_logging.py:26}}
Mar 09 13:09:26 ubuntu devstack@keystone.service[81711]: DEBUG keystone.server.flask.request_processing.req_logging [None req-62dffce0-9e3e-4e52-8e45-7ed40cc3080f None None] SCRIPT_NAME: `/identity` {{(pid=81711) log_request_info /opt/stack/keystone/keystone/server/flask/request_processing/req_logging.py:27}}
Mar 09 13:09:26 ubuntu devstack@keystone.service[81711]: DEBUG keystone.server.flask.request_processing.req_logging [None req-62dffce0-9e3e-4e52-8e45-7ed40cc3080f None None] PATH_INFO: `/v3/auth/tokens` {{(pid=81711) log_request_info /opt/stack/keystone/keystone/server/flask/request_processing/req_logging.py:28}}
Mar 09 13:09:26 ubuntu devstack@keystone.service[81710]: DEBUG keystone.common.rbac_enforcer.enforcer [None req-20c7b4c8-77de-4251-8ebc-e2a382f2d318 None admin] RBAC: Authorizing `identity:get_domain(domain_id=Default)` {{(pid=81710) enforce_call /opt/stack/keystone/keystone/common/rbac_enforcer/enforcer.py:494}}
Mar 09 13:09:26 ubuntu devstack@keystone.service[81710]: DEBUG keystone.common.rbac_enforcer.enforcer [None req-20c7b4c8-77de-4251-8ebc-e2a382f2d318 None admin] RBAC: Authorization granted {{(pid=81710) enforce_call /opt/stack/keystone/keystone/common/rbac_enforcer/enforcer.py:505}}
Mar 09 13:09:26 ubuntu devstack@keystone.service[81711]: WARNING keystone.common.password_hashing [None req-62dffce0-9e3e-4e52-8e45-7ed40cc3080f None None] Truncating password to algorithm specific maximum length 72 characters.
Mar 09 13:09:26 ubuntu devstack@keystone.service[81710]: DEBUG keystone.server.flask.application [None req-20c7b4c8-77de-4251-8ebc-e2a382f2d318 None admin] Could not find domain: Default. {{(pid=81710) _handle_keystone_exception /opt/stack/keystone/keystone/server/flask/application.py:146}}
Mar 09 13:09:26 ubuntu devstack@keystone.service[81710]: [pid: 81710|app: 0|req: 13/26] 10.201.5.82 () {56 vars in 1145 bytes} [Mon Mar  9 13:09:26 2026] GET /identity/v3/domains/Default => generated 87 bytes in 92 msecs (HTTP/1.1 404) 5 headers in 183 bytes (1 switches on core 0)
Mar 09 13:09:26 ubuntu devstack@keystone.service[81710]: DEBUG keystone.server.flask.request_processing.middleware.auth_context [None req-20c7b4c8-77de-4251-8ebc-e2a382f2d318 None admin] Authenticating user token {{(pid=81710) process_request /opt/stack/data/venv/lib/python3.10/site-packages/keystonemiddleware/auth_token/__init__.py:407}}
Mar 09 13:09:26 ubuntu devstack@keystone.service[81711]: DEBUG keystone.auth.core [None req-62dffce0-9e3e-4e52-8e45-7ed40cc3080f None None] MFA Rules not processed for user `13adc722f00f4e78b6f40d70108aba9f`. Rule list: `[]` (Enabled: `True`). {{(pid=81711) check_auth_methods_against_rules /opt/stack/keystone/keystone/auth/core.py:476}}
Mar 09 13:09:26 ubuntu devstack@keystone.service[81711]: DEBUG keystone.common.fernet_utils [None req-62dffce0-9e3e-4e52-8e45-7ed40cc3080f None None] Loaded 2 Fernet keys from /etc/keystone/fernet-keys/, but `[fernet_tokens] max_active_keys = 3`; perhaps there have not been enough key rotations to reach `max_active_keys` yet? {{(pid=81711) load_keys /opt/stack/keystone/keystone/common/fernet_utils.py:297}}
Mar 09 13:09:26 ubuntu devstack@keystone.service[81710]: DEBUG keystone.server.flask.request_processing.middleware.auth_context [None req-20c7b4c8-77de-4251-8ebc-e2a382f2d318 None admin] Validating token access rules against request {{(pid=81710) validate_allowed_request /opt/stack/data/venv/lib/python3.10/site-packages/keystonemiddleware/auth_token/__init__.py:545}}
Mar 09 13:09:26 ubuntu devstack@keystone.service[81711]: [pid: 81711|app: 0|req: 14/27] 10.201.5.82 () {58 vars in 1017 bytes} [Mon Mar  9 13:09:26 2026] POST /identity/v3/auth/tokens => generated 862 bytes in 79 msecs (HTTP/1.1 201) 6 headers in 363 bytes (2 switches on core 0)
Mar 09 13:09:26 ubuntu devstack@keystone.service[81711]: DEBUG keystone.server.flask.request_processing.req_logging [None req-94670780-ef86-49c5-83cc-fa0a8233295d None None] REQUEST_METHOD: `GET` {{(pid=81711) log_request_info /opt/stack/keystone/keystone/server/flask/request_processing/req_logging.py:26}}
Mar 09 13:09:26 ubuntu devstack@keystone.service[81711]: DEBUG keystone.server.flask.request_processing.req_logging [None req-94670780-ef86-49c5-83cc-fa0a8233295d None None] SCRIPT_NAME: `/identity` {{(pid=81711) log_request_info /opt/stack/keystone/keystone/server/flask/request_processing/req_logging.py:27}}
Mar 09 13:09:26 ubuntu devstack@keystone.service[81711]: DEBUG keystone.server.flask.request_processing.req_logging [None req-94670780-ef86-49c5-83cc-fa0a8233295d None None] PATH_INFO: `/` {{(pid=81711) log_request_info /opt/stack/keystone/keystone/server/flask/request_processing/req_logging.py:28}}
Mar 09 13:09:26 ubuntu devstack@keystone.service[81711]: [pid: 81711|app: 0|req: 15/28] 10.201.5.82 () {54 vars in 920 bytes} [Mon Mar  9 13:09:26 2026] GET /identity => generated 270 bytes in 1 msecs (HTTP/1.1 300) 6 headers in 234 bytes (1 switches on core 0)
Mar 09 13:09:26 ubuntu devstack@keystone.service[81711]: DEBUG keystone.server.flask.request_processing.req_logging [None req-ffacb750-8823-4929-a2b6-5d5f657a6d93 None None] REQUEST_METHOD: `POST` {{(pid=81711) log_request_info /opt/stack/keystone/keystone/server/flask/request_processing/req_logging.py:26}}
Mar 09 13:09:26 ubuntu devstack@keystone.service[81711]: DEBUG keystone.server.flask.request_processing.req_logging [None req-ffacb750-8823-4929-a2b6-5d5f657a6d93 None None] SCRIPT_NAME: `/identity` {{(pid=81711) log_request_info /opt/stack/keystone/keystone/server/flask/request_processing/req_logging.py:27}}
Mar 09 13:09:26 ubuntu devstack@keystone.service[81711]: DEBUG keystone.server.flask.request_processing.req_logging [None req-ffacb750-8823-4929-a2b6-5d5f657a6d93 None None] PATH_INFO: `/v3/auth/tokens` {{(pid=81711) log_request_info /opt/stack/keystone/keystone/server/flask/request_processing/req_logging.py:28}}
Mar 09 13:09:26 ubuntu devstack@keystone.service[81710]: DEBUG keystone.server.flask.request_processing.middleware.auth_context [None req-959d251f-de22-4bb8-b268-8fd99b94cf37 None admin] RBAC: auth_context: {'token': <TokenModel (audit_id=FtGx1Y1JSd6GKnd1c5MlNw, audit_chain_id=['FtGx1Y1JSd6GKnd1c5MlNw']) at 0x7f22cb18e2f0>, 'domain_id': None, 'trust_id': None, 'trustor_id': None, 'trustee_id': None, 'domain_name': None, 'group_ids': [], 'user_id': '13adc722f00f4e78b6f40d70108aba9f', 'user_domain_id': 'default', 'system_scope': 'all', 'project_id': None, 'project_domain_id': None, 'roles': ['admin', 'manager', 'member', 'reader'], 'is_admin_project': True, 'service_user_id': None, 'service_user_domain_id': None, 'service_project_id': None, 'service_project_domain_id': None, 'service_roles': []} {{(pid=81710) fill_context /opt/stack/keystone/keystone/server/flask/request_processing/middleware/auth_context.py:509}}
Mar 09 13:09:26 ubuntu devstack@keystone.service[81710]: DEBUG keystone.server.flask.request_processing.req_logging [None req-959d251f-de22-4bb8-b268-8fd99b94cf37 None admin] REQUEST_METHOD: `GET` {{(pid=81710) log_request_info /opt/stack/keystone/keystone/server/flask/request_processing/req_logging.py:26}}
Mar 09 13:09:26 ubuntu devstack@keystone.service[81710]: DEBUG keystone.server.flask.request_processing.req_logging [None req-959d251f-de22-4bb8-b268-8fd99b94cf37 None admin] SCRIPT_NAME: `/identity` {{(pid=81710) log_request_info /opt/stack/keystone/keystone/server/flask/request_processing/req_logging.py:27}}
Mar 09 13:09:26 ubuntu devstack@keystone.service[81710]: DEBUG keystone.server.flask.request_processing.req_logging [None req-959d251f-de22-4bb8-b268-8fd99b94cf37 None admin] PATH_INFO: `/v3/domains` {{(pid=81710) log_request_info /opt/stack/keystone/keystone/server/flask/request_processing/req_logging.py:28}}
Mar 09 13:09:26 ubuntu devstack@keystone.service[81710]: DEBUG keystone.common.rbac_enforcer.enforcer [None req-959d251f-de22-4bb8-b268-8fd99b94cf37 None admin] RBAC: Adding query filter params (name=Default) {{(pid=81710) _extract_filter_values /opt/stack/keystone/keystone/common/rbac_enforcer/enforcer.py:176}}
Mar 09 13:09:26 ubuntu devstack@keystone.service[81710]: DEBUG keystone.common.rbac_enforcer.enforcer [None req-959d251f-de22-4bb8-b268-8fd99b94cf37 None admin] RBAC: Authorizing `identity:list_domains()` {{(pid=81710) enforce_call /opt/stack/keystone/keystone/common/rbac_enforcer/enforcer.py:494}}
Mar 09 13:09:26 ubuntu devstack@keystone.service[81710]: DEBUG keystone.common.rbac_enforcer.enforcer [None req-959d251f-de22-4bb8-b268-8fd99b94cf37 None admin] RBAC: Authorization granted {{(pid=81710) enforce_call /opt/stack/keystone/keystone/common/rbac_enforcer/enforcer.py:505}}
Mar 09 13:09:26 ubuntu devstack@keystone.service[81711]: WARNING keystone.common.password_hashing [None req-ffacb750-8823-4929-a2b6-5d5f657a6d93 None None] Truncating password to algorithm specific maximum length 72 characters.
Mar 09 13:09:26 ubuntu devstack@keystone.service[81711]: DEBUG keystone.auth.core [None req-ffacb750-8823-4929-a2b6-5d5f657a6d93 None None] MFA Rules not processed for user `13adc722f00f4e78b6f40d70108aba9f`. Rule list: `[]` (Enabled: `True`). {{(pid=81711) check_auth_methods_against_rules /opt/stack/keystone/keystone/auth/core.py:476}}
Mar 09 13:09:26 ubuntu devstack@keystone.service[81711]: DEBUG keystone.common.fernet_utils [None req-ffacb750-8823-4929-a2b6-5d5f657a6d93 None None] Loaded 2 Fernet keys from /etc/keystone/fernet-keys/, but `[fernet_tokens] max_active_keys = 3`; perhaps there have not been enough key rotations to reach `max_active_keys` yet? {{(pid=81711) load_keys /opt/stack/keystone/keystone/common/fernet_utils.py:297}}
Mar 09 13:09:26 ubuntu devstack@keystone.service[81710]: [pid: 81710|app: 0|req: 14/29] 10.201.5.82 () {56 vars in 1159 bytes} [Mon Mar  9 13:09:26 2026] GET /identity/v3/domains?name=Default => generated 308 bytes in 94 msecs (HTTP/1.1 200) 5 headers in 177 bytes (1 switches on core 0)
Mar 09 13:09:26 ubuntu devstack@keystone.service[81710]: DEBUG keystone.server.flask.request_processing.req_logging [None req-a2853837-ac95-4086-8ac9-7ae6784304b9 None None] REQUEST_METHOD: `GET` {{(pid=81710) log_request_info /opt/stack/keystone/keystone/server/flask/request_processing/req_logging.py:26}}
Mar 09 13:09:26 ubuntu devstack@keystone.service[81710]: DEBUG keystone.server.flask.request_processing.req_logging [None req-a2853837-ac95-4086-8ac9-7ae6784304b9 None None] SCRIPT_NAME: `/identity` {{(pid=81710) log_request_info /opt/stack/keystone/keystone/server/flask/request_processing/req_logging.py:27}}
Mar 09 13:09:26 ubuntu devstack@keystone.service[81710]: DEBUG keystone.server.flask.request_processing.req_logging [None req-a2853837-ac95-4086-8ac9-7ae6784304b9 None None] PATH_INFO: `/` {{(pid=81710) log_request_info /opt/stack/keystone/keystone/server/flask/request_processing/req_logging.py:28}}
Mar 09 13:09:26 ubuntu devstack@keystone.service[81710]: [pid: 81710|app: 0|req: 15/30] 10.201.5.82 () {54 vars in 920 bytes} [Mon Mar  9 13:09:26 2026] GET /identity => generated 270 bytes in 8 msecs (HTTP/1.1 300) 6 headers in 234 bytes (1 switches on core 0)
Mar 09 13:09:26 ubuntu devstack@keystone.service[81710]: DEBUG keystone.server.flask.request_processing.req_logging [None req-a8430c67-c4f9-452f-a91d-13b12f5f0829 None None] REQUEST_METHOD: `POST` {{(pid=81710) log_request_info /opt/stack/keystone/keystone/server/flask/request_processing/req_logging.py:26}}
Mar 09 13:09:26 ubuntu devstack@keystone.service[81710]: DEBUG keystone.server.flask.request_processing.req_logging [None req-a8430c67-c4f9-452f-a91d-13b12f5f0829 None None] SCRIPT_NAME: `/identity` {{(pid=81710) log_request_info /opt/stack/keystone/keystone/server/flask/request_processing/req_logging.py:27}}
Mar 09 13:09:26 ubuntu devstack@keystone.service[81710]: DEBUG keystone.server.flask.request_processing.req_logging [None req-a8430c67-c4f9-452f-a91d-13b12f5f0829 None None] PATH_INFO: `/v3/auth/tokens` {{(pid=81710) log_request_info /opt/stack/keystone/keystone/server/flask/request_processing/req_logging.py:28}}
Mar 09 13:09:26 ubuntu devstack@keystone.service[81710]: WARNING keystone.common.password_hashing [None req-a8430c67-c4f9-452f-a91d-13b12f5f0829 None None] Truncating password to algorithm specific maximum length 72 characters.
Mar 09 13:09:26 ubuntu devstack@keystone.service[81710]: DEBUG keystone.auth.core [None req-a8430c67-c4f9-452f-a91d-13b12f5f0829 None None] MFA Rules not processed for user `13adc722f00f4e78b6f40d70108aba9f`. Rule list: `[]` (Enabled: `True`). {{(pid=81710) check_auth_methods_against_rules /opt/stack/keystone/keystone/auth/core.py:476}}
Mar 09 13:09:26 ubuntu devstack@keystone.service[81710]: DEBUG keystone.common.fernet_utils [None req-a8430c67-c4f9-452f-a91d-13b12f5f0829 None None] Loaded 2 Fernet keys from /etc/keystone/fernet-keys/, but `[fernet_tokens] max_active_keys = 3`; perhaps there have not been enough key rotations to reach `max_active_keys` yet? {{(pid=81710) load_keys /opt/stack/keystone/keystone/common/fernet_utils.py:297}}
Mar 09 13:09:26 ubuntu devstack@keystone.service[81711]: [pid: 81711|app: 0|req: 16/31] 10.201.5.82 () {58 vars in 1017 bytes} [Mon Mar  9 13:09:26 2026] POST /identity/v3/auth/tokens => generated 862 bytes in 89 msecs (HTTP/1.1 201) 6 headers in 363 bytes (1 switches on core 0)
Mar 09 13:09:26 ubuntu devstack@keystone.service[81711]: DEBUG keystone.server.flask.request_processing.middleware.auth_context [None req-ffacb750-8823-4929-a2b6-5d5f657a6d93 None None] Authenticating user token {{(pid=81711) process_request /opt/stack/data/venv/lib/python3.10/site-packages/keystonemiddleware/auth_token/__init__.py:407}}
Mar 09 13:09:26 ubuntu devstack@keystone.service[81710]: [pid: 81710|app: 0|req: 16/32] 10.201.5.82 () {58 vars in 1017 bytes} [Mon Mar  9 13:09:26 2026] POST /identity/v3/auth/tokens => generated 862 bytes in 67 msecs (HTTP/1.1 201) 6 headers in 363 bytes (1 switches on core 0)
Mar 09 13:09:26 ubuntu devstack@keystone.service[81710]: DEBUG keystone.server.flask.request_processing.middleware.auth_context [None req-a8430c67-c4f9-452f-a91d-13b12f5f0829 None None] Authenticating user token {{(pid=81710) process_request /opt/stack/data/venv/lib/python3.10/site-packages/keystonemiddleware/auth_token/__init__.py:407}}
Mar 09 13:09:27 ubuntu devstack@keystone.service[81711]: DEBUG keystone.server.flask.request_processing.middleware.auth_context [None req-ffacb750-8823-4929-a2b6-5d5f657a6d93 None None] Validating token access rules against request {{(pid=81711) validate_allowed_request /opt/stack/data/venv/lib/python3.10/site-packages/keystonemiddleware/auth_token/__init__.py:545}}
Mar 09 13:09:27 ubuntu devstack@keystone.service[81710]: DEBUG keystone.server.flask.request_processing.middleware.auth_context [None req-a8430c67-c4f9-452f-a91d-13b12f5f0829 None None] Validating token access rules against request {{(pid=81710) validate_allowed_request /opt/stack/data/venv/lib/python3.10/site-packages/keystonemiddleware/auth_token/__init__.py:545}}
Mar 09 13:09:27 ubuntu devstack@keystone.service[81711]: DEBUG keystone.server.flask.request_processing.middleware.auth_context [None req-525608b7-e828-430f-aded-3b897d22636c None admin] RBAC: auth_context: {'token': <TokenModel (audit_id=FtGx1Y1JSd6GKnd1c5MlNw, audit_chain_id=['FtGx1Y1JSd6GKnd1c5MlNw']) at 0x7f22cb3cf730>, 'domain_id': None, 'trust_id': None, 'trustor_id': None, 'trustee_id': None, 'domain_name': None, 'group_ids': [], 'user_id': '13adc722f00f4e78b6f40d70108aba9f', 'user_domain_id': 'default', 'system_scope': 'all', 'project_id': None, 'project_domain_id': None, 'roles': ['admin', 'manager', 'member', 'reader'], 'is_admin_project': True, 'service_user_id': None, 'service_user_domain_id': None, 'service_project_id': None, 'service_project_domain_id': None, 'service_roles': []} {{(pid=81711) fill_context /opt/stack/keystone/keystone/server/flask/request_processing/middleware/auth_context.py:509}}
Mar 09 13:09:27 ubuntu devstack@keystone.service[81711]: DEBUG keystone.server.flask.request_processing.req_logging [None req-525608b7-e828-430f-aded-3b897d22636c None admin] REQUEST_METHOD: `POST` {{(pid=81711) log_request_info /opt/stack/keystone/keystone/server/flask/request_processing/req_logging.py:26}}
Mar 09 13:09:27 ubuntu devstack@keystone.service[81711]: DEBUG keystone.server.flask.request_processing.req_logging [None req-525608b7-e828-430f-aded-3b897d22636c None admin] SCRIPT_NAME: `/identity` {{(pid=81711) log_request_info /opt/stack/keystone/keystone/server/flask/request_processing/req_logging.py:27}}
Mar 09 13:09:27 ubuntu devstack@keystone.service[81711]: DEBUG keystone.server.flask.request_processing.req_logging [None req-525608b7-e828-430f-aded-3b897d22636c None admin] PATH_INFO: `/v3/projects` {{(pid=81711) log_request_info /opt/stack/keystone/keystone/server/flask/request_processing/req_logging.py:28}}
Mar 09 13:09:27 ubuntu devstack@keystone.service[81711]: DEBUG keystone.common.rbac_enforcer.enforcer [None req-525608b7-e828-430f-aded-3b897d22636c None admin] RBAC: Authorizing `identity:create_project()` {{(pid=81711) enforce_call /opt/stack/keystone/keystone/common/rbac_enforcer/enforcer.py:494}}
Mar 09 13:09:27 ubuntu devstack@keystone.service[81711]: DEBUG keystone.common.rbac_enforcer.enforcer [None req-525608b7-e828-430f-aded-3b897d22636c None admin] RBAC: Authorization granted {{(pid=81711) enforce_call /opt/stack/keystone/keystone/common/rbac_enforcer/enforcer.py:505}}
Mar 09 13:09:27 ubuntu devstack@keystone.service[81710]: DEBUG keystone.server.flask.request_processing.middleware.auth_context [None req-b10e5bac-9e39-4186-840e-9f7a9b7d33f8 None admin] RBAC: auth_context: {'token': <TokenModel (audit_id=gjASOul2RGS-7Yg_U0nFQQ, audit_chain_id=['gjASOul2RGS-7Yg_U0nFQQ']) at 0x7f22cb31d5a0>, 'domain_id': None, 'trust_id': None, 'trustor_id': None, 'trustee_id': None, 'domain_name': None, 'group_ids': [], 'user_id': '13adc722f00f4e78b6f40d70108aba9f', 'user_domain_id': 'default', 'system_scope': 'all', 'project_id': None, 'project_domain_id': None, 'roles': ['admin', 'manager', 'member', 'reader'], 'is_admin_project': True, 'service_user_id': None, 'service_user_domain_id': None, 'service_project_id': None, 'service_project_domain_id': None, 'service_roles': []} {{(pid=81710) fill_context /opt/stack/keystone/keystone/server/flask/request_processing/middleware/auth_context.py:509}}
Mar 09 13:09:27 ubuntu devstack@keystone.service[81710]: DEBUG keystone.server.flask.request_processing.req_logging [None req-b10e5bac-9e39-4186-840e-9f7a9b7d33f8 None admin] REQUEST_METHOD: `GET` {{(pid=81710) log_request_info /opt/stack/keystone/keystone/server/flask/request_processing/req_logging.py:26}}
Mar 09 13:09:27 ubuntu devstack@keystone.service[81710]: DEBUG keystone.server.flask.request_processing.req_logging [None req-b10e5bac-9e39-4186-840e-9f7a9b7d33f8 None admin] SCRIPT_NAME: `/identity` {{(pid=81710) log_request_info /opt/stack/keystone/keystone/server/flask/request_processing/req_logging.py:27}}
Mar 09 13:09:27 ubuntu devstack@keystone.service[81710]: DEBUG keystone.server.flask.request_processing.req_logging [None req-b10e5bac-9e39-4186-840e-9f7a9b7d33f8 None admin] PATH_INFO: `/v3/roles/admin` {{(pid=81710) log_request_info /opt/stack/keystone/keystone/server/flask/request_processing/req_logging.py:28}}
Mar 09 13:09:27 ubuntu devstack@keystone.service[81710]: DEBUG keystone.common.rbac_enforcer.enforcer [None req-b10e5bac-9e39-4186-840e-9f7a9b7d33f8 None admin] Extracting inferred target data resulted in "NOT FOUND (404)". {{(pid=81710) enforce_call /opt/stack/keystone/keystone/common/rbac_enforcer/enforcer.py:445}}
Mar 09 13:09:27 ubuntu devstack@keystone.service[81710]: DEBUG keystone.server.flask.application [None req-b10e5bac-9e39-4186-840e-9f7a9b7d33f8 None admin] Could not find role: admin. {{(pid=81710) _handle_keystone_exception /opt/stack/keystone/keystone/server/flask/application.py:146}}
Mar 09 13:09:27 ubuntu devstack@keystone.service[81710]: [pid: 81710|app: 0|req: 17/33] 10.201.5.82 () {56 vars in 1133 bytes} [Mon Mar  9 13:09:26 2026] GET /identity/v3/roles/admin => generated 83 bytes in 66 msecs (HTTP/1.1 404) 5 headers in 183 bytes (1 switches on core 0)
Mar 09 13:09:27 ubuntu devstack@keystone.service[81710]: DEBUG keystone.server.flask.request_processing.middleware.auth_context [None req-b10e5bac-9e39-4186-840e-9f7a9b7d33f8 None admin] Authenticating user token {{(pid=81710) process_request /opt/stack/data/venv/lib/python3.10/site-packages/keystonemiddleware/auth_token/__init__.py:407}}
Mar 09 13:09:27 ubuntu devstack@keystone.service[81711]: [pid: 81711|app: 0|req: 17/34] 10.201.5.82 () {60 vars in 1177 bytes} [Mon Mar  9 13:09:26 2026] POST /identity/v3/projects => generated 301 bytes in 112 msecs (HTTP/1.1 201) 5 headers in 182 bytes (1 switches on core 0)
Mar 09 13:09:27 ubuntu devstack@keystone.service[81710]: DEBUG keystone.server.flask.request_processing.middleware.auth_context [None req-b10e5bac-9e39-4186-840e-9f7a9b7d33f8 None admin] Validating token access rules against request {{(pid=81710) validate_allowed_request /opt/stack/data/venv/lib/python3.10/site-packages/keystonemiddleware/auth_token/__init__.py:545}}
Mar 09 13:09:27 ubuntu devstack@keystone.service[81711]: DEBUG keystone.server.flask.request_processing.middleware.auth_context [None req-525608b7-e828-430f-aded-3b897d22636c None admin] Authenticating user token {{(pid=81711) process_request /opt/stack/data/venv/lib/python3.10/site-packages/keystonemiddleware/auth_token/__init__.py:407}}
Mar 09 13:09:27 ubuntu devstack@keystone.service[81710]: DEBUG keystone.server.flask.request_processing.middleware.auth_context [None req-38c32080-1088-4a37-84e8-a452209789eb None admin] RBAC: auth_context: {'token': <TokenModel (audit_id=gjASOul2RGS-7Yg_U0nFQQ, audit_chain_id=['gjASOul2RGS-7Yg_U0nFQQ']) at 0x7f22cb425ed0>, 'domain_id': None, 'trust_id': None, 'trustor_id': None, 'trustee_id': None, 'domain_name': None, 'group_ids': [], 'user_id': '13adc722f00f4e78b6f40d70108aba9f', 'user_domain_id': 'default', 'system_scope': 'all', 'project_id': None, 'project_domain_id': None, 'roles': ['admin', 'manager', 'member', 'reader'], 'is_admin_project': True, 'service_user_id': None, 'service_user_domain_id': None, 'service_project_id': None, 'service_project_domain_id': None, 'service_roles': []} {{(pid=81710) fill_context /opt/stack/keystone/keystone/server/flask/request_processing/middleware/auth_context.py:509}}
Mar 09 13:09:27 ubuntu devstack@keystone.service[81710]: DEBUG keystone.server.flask.request_processing.req_logging [None req-38c32080-1088-4a37-84e8-a452209789eb None admin] REQUEST_METHOD: `GET` {{(pid=81710) log_request_info /opt/stack/keystone/keystone/server/flask/request_processing/req_logging.py:26}}
Mar 09 13:09:27 ubuntu devstack@keystone.service[81710]: DEBUG keystone.server.flask.request_processing.req_logging [None req-38c32080-1088-4a37-84e8-a452209789eb None admin] SCRIPT_NAME: `/identity` {{(pid=81710) log_request_info /opt/stack/keystone/keystone/server/flask/request_processing/req_logging.py:27}}
Mar 09 13:09:27 ubuntu devstack@keystone.service[81710]: DEBUG keystone.server.flask.request_processing.req_logging [None req-38c32080-1088-4a37-84e8-a452209789eb None admin] PATH_INFO: `/v3/roles` {{(pid=81710) log_request_info /opt/stack/keystone/keystone/server/flask/request_processing/req_logging.py:28}}
Mar 09 13:09:27 ubuntu devstack@keystone.service[81710]: DEBUG keystone.common.rbac_enforcer.enforcer [None req-38c32080-1088-4a37-84e8-a452209789eb None admin] RBAC: Adding query filter params (name=admin) {{(pid=81710) _extract_filter_values /opt/stack/keystone/keystone/common/rbac_enforcer/enforcer.py:176}}
Mar 09 13:09:27 ubuntu devstack@keystone.service[81710]: DEBUG keystone.common.rbac_enforcer.enforcer [None req-38c32080-1088-4a37-84e8-a452209789eb None admin] RBAC: Authorizing `identity:list_roles()` {{(pid=81710) enforce_call /opt/stack/keystone/keystone/common/rbac_enforcer/enforcer.py:494}}
Mar 09 13:09:27 ubuntu devstack@keystone.service[81710]: DEBUG keystone.common.rbac_enforcer.enforcer [None req-38c32080-1088-4a37-84e8-a452209789eb None admin] RBAC: Authorization granted {{(pid=81710) enforce_call /opt/stack/keystone/keystone/common/rbac_enforcer/enforcer.py:505}}
Mar 09 13:09:27 ubuntu devstack@keystone.service[81710]: [pid: 81710|app: 0|req: 18/35] 10.201.5.82 () {56 vars in 1149 bytes} [Mon Mar  9 13:09:27 2026] GET /identity/v3/roles?name=admin => generated 339 bytes in 79 msecs (HTTP/1.1 200) 5 headers in 177 bytes (2 switches on core 0)
Mar 09 13:09:27 ubuntu devstack@keystone.service[81710]: DEBUG keystone.server.flask.request_processing.middleware.auth_context [None req-38c32080-1088-4a37-84e8-a452209789eb None admin] Authenticating user token {{(pid=81710) process_request /opt/stack/data/venv/lib/python3.10/site-packages/keystonemiddleware/auth_token/__init__.py:407}}
Mar 09 13:09:27 ubuntu devstack@keystone.service[81711]: DEBUG keystone.server.flask.request_processing.middleware.auth_context [None req-525608b7-e828-430f-aded-3b897d22636c None admin] Validating token access rules against request {{(pid=81711) validate_allowed_request /opt/stack/data/venv/lib/python3.10/site-packages/keystonemiddleware/auth_token/__init__.py:545}}
Mar 09 13:09:27 ubuntu devstack@keystone.service[81711]: DEBUG keystone.server.flask.request_processing.middleware.auth_context [None req-c207244f-8f4c-47fb-8f03-db3483377ca4 None admin] RBAC: auth_context: {'token': <TokenModel (audit_id=wakoGGkyTc2zz5toqmA0pg, audit_chain_id=['wakoGGkyTc2zz5toqmA0pg']) at 0x7f22cb44b160>, 'domain_id': None, 'trust_id': None, 'trustor_id': None, 'trustee_id': None, 'domain_name': None, 'group_ids': [], 'user_id': '13adc722f00f4e78b6f40d70108aba9f', 'user_domain_id': 'default', 'system_scope': 'all', 'project_id': None, 'project_domain_id': None, 'roles': ['admin', 'manager', 'member', 'reader'], 'is_admin_project': True, 'service_user_id': None, 'service_user_domain_id': None, 'service_project_id': None, 'service_project_domain_id': None, 'service_roles': []} {{(pid=81711) fill_context /opt/stack/keystone/keystone/server/flask/request_processing/middleware/auth_context.py:509}}
Mar 09 13:09:27 ubuntu devstack@keystone.service[81711]: DEBUG keystone.server.flask.request_processing.req_logging [None req-c207244f-8f4c-47fb-8f03-db3483377ca4 None admin] REQUEST_METHOD: `POST` {{(pid=81711) log_request_info /opt/stack/keystone/keystone/server/flask/request_processing/req_logging.py:26}}
Mar 09 13:09:27 ubuntu devstack@keystone.service[81711]: DEBUG keystone.server.flask.request_processing.req_logging [None req-c207244f-8f4c-47fb-8f03-db3483377ca4 None admin] SCRIPT_NAME: `/identity` {{(pid=81711) log_request_info /opt/stack/keystone/keystone/server/flask/request_processing/req_logging.py:27}}
Mar 09 13:09:27 ubuntu devstack@keystone.service[81711]: DEBUG keystone.server.flask.request_processing.req_logging [None req-c207244f-8f4c-47fb-8f03-db3483377ca4 None admin] PATH_INFO: `/v3/roles` {{(pid=81711) log_request_info /opt/stack/keystone/keystone/server/flask/request_processing/req_logging.py:28}}
Mar 09 13:09:27 ubuntu devstack@keystone.service[81711]: DEBUG keystone.common.rbac_enforcer.enforcer [None req-c207244f-8f4c-47fb-8f03-db3483377ca4 None admin] RBAC: Authorizing `identity:create_role()` {{(pid=81711) enforce_call /opt/stack/keystone/keystone/common/rbac_enforcer/enforcer.py:494}}
Mar 09 13:09:27 ubuntu devstack@keystone.service[81711]: DEBUG keystone.common.rbac_enforcer.enforcer [None req-c207244f-8f4c-47fb-8f03-db3483377ca4 None admin] RBAC: Authorization granted {{(pid=81711) enforce_call /opt/stack/keystone/keystone/common/rbac_enforcer/enforcer.py:505}}
Mar 09 13:09:27 ubuntu devstack@keystone.service[81711]: [pid: 81711|app: 0|req: 18/36] 10.201.5.82 () {60 vars in 1168 bytes} [Mon Mar  9 13:09:27 2026] POST /identity/v3/roles => generated 225 bytes in 72 msecs (HTTP/1.1 201) 5 headers in 182 bytes (1 switches on core 0)
Mar 09 13:09:27 ubuntu devstack@keystone.service[81711]: DEBUG keystone.server.flask.request_processing.middleware.auth_context [None req-c207244f-8f4c-47fb-8f03-db3483377ca4 None admin] Authenticating user token {{(pid=81711) process_request /opt/stack/data/venv/lib/python3.10/site-packages/keystonemiddleware/auth_token/__init__.py:407}}
Mar 09 13:09:27 ubuntu devstack@keystone.service[81710]: DEBUG keystone.server.flask.request_processing.middleware.auth_context [None req-38c32080-1088-4a37-84e8-a452209789eb None admin] Validating token access rules against request {{(pid=81710) validate_allowed_request /opt/stack/data/venv/lib/python3.10/site-packages/keystonemiddleware/auth_token/__init__.py:545}}
Mar 09 13:09:27 ubuntu devstack@keystone.service[81711]: DEBUG keystone.server.flask.request_processing.middleware.auth_context [None req-c207244f-8f4c-47fb-8f03-db3483377ca4 None admin] Validating token access rules against request {{(pid=81711) validate_allowed_request /opt/stack/data/venv/lib/python3.10/site-packages/keystonemiddleware/auth_token/__init__.py:545}}
Mar 09 13:09:27 ubuntu devstack@keystone.service[81711]: DEBUG keystone.server.flask.request_processing.middleware.auth_context [None req-31ad76fa-0e8d-4dd2-9b6a-516976fa36d7 None admin] RBAC: auth_context: {'token': <TokenModel (audit_id=r-6Tx5VPRDmlNZLi-3Mz1Q, audit_chain_id=['r-6Tx5VPRDmlNZLi-3Mz1Q']) at 0x7f22cb3ccbb0>, 'domain_id': None, 'trust_id': None, 'trustor_id': None, 'trustee_id': None, 'domain_name': None, 'group_ids': [], 'user_id': '13adc722f00f4e78b6f40d70108aba9f', 'user_domain_id': 'default', 'system_scope': 'all', 'project_id': None, 'project_domain_id': None, 'roles': ['admin', 'manager', 'member', 'reader'], 'is_admin_project': True, 'service_user_id': None, 'service_user_domain_id': None, 'service_project_id': None, 'service_project_domain_id': None, 'service_roles': []} {{(pid=81711) fill_context /opt/stack/keystone/keystone/server/flask/request_processing/middleware/auth_context.py:509}}
Mar 09 13:09:27 ubuntu devstack@keystone.service[81711]: DEBUG keystone.server.flask.request_processing.req_logging [None req-31ad76fa-0e8d-4dd2-9b6a-516976fa36d7 None admin] REQUEST_METHOD: `POST` {{(pid=81711) log_request_info /opt/stack/keystone/keystone/server/flask/request_processing/req_logging.py:26}}
Mar 09 13:09:27 ubuntu devstack@keystone.service[81711]: DEBUG keystone.server.flask.request_processing.req_logging [None req-31ad76fa-0e8d-4dd2-9b6a-516976fa36d7 None admin] SCRIPT_NAME: `/identity` {{(pid=81711) log_request_info /opt/stack/keystone/keystone/server/flask/request_processing/req_logging.py:27}}
Mar 09 13:09:27 ubuntu devstack@keystone.service[81711]: DEBUG keystone.server.flask.request_processing.req_logging [None req-31ad76fa-0e8d-4dd2-9b6a-516976fa36d7 None admin] PATH_INFO: `/v3/roles` {{(pid=81711) log_request_info /opt/stack/keystone/keystone/server/flask/request_processing/req_logging.py:28}}
Mar 09 13:09:27 ubuntu devstack@keystone.service[81711]: DEBUG keystone.common.rbac_enforcer.enforcer [None req-31ad76fa-0e8d-4dd2-9b6a-516976fa36d7 None admin] RBAC: Authorizing `identity:create_role()` {{(pid=81711) enforce_call /opt/stack/keystone/keystone/common/rbac_enforcer/enforcer.py:494}}
Mar 09 13:09:27 ubuntu devstack@keystone.service[81710]: DEBUG keystone.server.flask.request_processing.middleware.auth_context [None req-44ee0524-a0b8-413b-bdda-b0dc7e471475 None admin] RBAC: auth_context: {'token': <TokenModel (audit_id=gjASOul2RGS-7Yg_U0nFQQ, audit_chain_id=['gjASOul2RGS-7Yg_U0nFQQ']) at 0x7f22cb1d2980>, 'domain_id': None, 'trust_id': None, 'trustor_id': None, 'trustee_id': None, 'domain_name': None, 'group_ids': [], 'user_id': '13adc722f00f4e78b6f40d70108aba9f', 'user_domain_id': 'default', 'system_scope': 'all', 'project_id': None, 'project_domain_id': None, 'roles': ['admin', 'manager', 'member', 'reader'], 'is_admin_project': True, 'service_user_id': None, 'service_user_domain_id': None, 'service_project_id': None, 'service_project_domain_id': None, 'service_roles': []} {{(pid=81710) fill_context /opt/stack/keystone/keystone/server/flask/request_processing/middleware/auth_context.py:509}}
Mar 09 13:09:27 ubuntu devstack@keystone.service[81710]: DEBUG keystone.server.flask.request_processing.req_logging [None req-44ee0524-a0b8-413b-bdda-b0dc7e471475 None admin] REQUEST_METHOD: `GET` {{(pid=81710) log_request_info /opt/stack/keystone/keystone/server/flask/request_processing/req_logging.py:26}}
Mar 09 13:09:27 ubuntu devstack@keystone.service[81710]: DEBUG keystone.server.flask.request_processing.req_logging [None req-44ee0524-a0b8-413b-bdda-b0dc7e471475 None admin] SCRIPT_NAME: `/identity` {{(pid=81710) log_request_info /opt/stack/keystone/keystone/server/flask/request_processing/req_logging.py:27}}
Mar 09 13:09:27 ubuntu devstack@keystone.service[81710]: DEBUG keystone.server.flask.request_processing.req_logging [None req-44ee0524-a0b8-413b-bdda-b0dc7e471475 None admin] PATH_INFO: `/v3/users/13adc722f00f4e78b6f40d70108aba9f` {{(pid=81710) log_request_info /opt/stack/keystone/keystone/server/flask/request_processing/req_logging.py:28}}
Mar 09 13:09:27 ubuntu devstack@keystone.service[81711]: DEBUG keystone.common.rbac_enforcer.enforcer [None req-31ad76fa-0e8d-4dd2-9b6a-516976fa36d7 None admin] RBAC: Authorization granted {{(pid=81711) enforce_call /opt/stack/keystone/keystone/common/rbac_enforcer/enforcer.py:505}}
Mar 09 13:09:27 ubuntu devstack@keystone.service[81710]: DEBUG keystone.common.rbac_enforcer.enforcer [None req-44ee0524-a0b8-413b-bdda-b0dc7e471475 None admin] RBAC: Authorizing `identity:get_user(user_id=13adc722f00f4e78b6f40d70108aba9f)` {{(pid=81710) enforce_call /opt/stack/keystone/keystone/common/rbac_enforcer/enforcer.py:494}}
Mar 09 13:09:27 ubuntu devstack@keystone.service[81710]: DEBUG keystone.common.rbac_enforcer.enforcer [None req-44ee0524-a0b8-413b-bdda-b0dc7e471475 None admin] RBAC: Authorization granted {{(pid=81710) enforce_call /opt/stack/keystone/keystone/common/rbac_enforcer/enforcer.py:505}}
Mar 09 13:09:27 ubuntu devstack@keystone.service[81711]: DEBUG keystone.common.sql.core [None req-31ad76fa-0e8d-4dd2-9b6a-516976fa36d7 None admin] Conflict role: (pymysql.err.IntegrityError) (1062, "Duplicate entry 'service-<<null>>' for key 'role.ixu_role_name_domain_id'")
Mar 09 13:09:27 ubuntu devstack@keystone.service[81711]: [SQL: INSERT INTO `role` (id, name, description, extra) VALUES (%(id)s, %(name)s, %(description)s, %(extra)s)]
Mar 09 13:09:27 ubuntu devstack@keystone.service[81711]: [parameters: {'id': 'e90e20e52c464008b6e25d0d78e028a5', 'name': 'service', 'description': None, 'extra': '{}'}]
Mar 09 13:09:27 ubuntu devstack@keystone.service[81711]: (Background on this error at: https://sqlalche.me/e/20/gkpj) {{(pid=81711) wrapper /opt/stack/keystone/keystone/common/sql/core.py:580}}
Mar 09 13:09:27 ubuntu devstack@keystone.service[81710]: [pid: 81710|app: 0|req: 19/37] 10.201.5.82 () {56 vars in 1214 bytes} [Mon Mar  9 13:09:27 2026] GET /identity/v3/users/13adc722f00f4e78b6f40d70108aba9f => generated 247 bytes in 182 msecs (HTTP/1.1 200) 5 headers in 177 bytes (1 switches on core 0)
Mar 09 13:09:27 ubuntu devstack@keystone.service[81711]: ERROR keystone.server.flask.application [None req-31ad76fa-0e8d-4dd2-9b6a-516976fa36d7 None admin] Conflict occurred attempting to store role - Duplicate entry found with name service.: keystone.exception.Conflict: Conflict occurred attempting to store role - Duplicate entry found with name service.
Mar 09 13:09:27 ubuntu devstack@keystone.service[81711]: ERROR keystone.server.flask.application Traceback (most recent call last):
Mar 09 13:09:27 ubuntu devstack@keystone.service[81711]: ERROR keystone.server.flask.application   File "/opt/stack/data/venv/lib/python3.10/site-packages/sqlalchemy/engine/base.py", line 1967, in _exec_single_context
Mar 09 13:09:27 ubuntu devstack@keystone.service[81711]: ERROR keystone.server.flask.application     self.dialect.do_execute(
Mar 09 13:09:27 ubuntu devstack@keystone.service[81711]: ERROR keystone.server.flask.application   File "/opt/stack/data/venv/lib/python3.10/site-packages/sqlalchemy/engine/default.py", line 952, in do_execute
Mar 09 13:09:27 ubuntu devstack@keystone.service[81711]: ERROR keystone.server.flask.application     cursor.execute(statement, parameters)
Mar 09 13:09:27 ubuntu devstack@keystone.service[81711]: ERROR keystone.server.flask.application   File "/opt/stack/data/venv/lib/python3.10/site-packages/pymysql/cursors.py", line 153, in execute
Mar 09 13:09:27 ubuntu devstack@keystone.service[81711]: ERROR keystone.server.flask.application     result = self._query(query)
Mar 09 13:09:27 ubuntu devstack@keystone.service[81711]: ERROR keystone.server.flask.application   File "/opt/stack/data/venv/lib/python3.10/site-packages/pymysql/cursors.py", line 322, in _query
Mar 09 13:09:27 ubuntu devstack@keystone.service[81711]: ERROR keystone.server.flask.application     conn.query(q)
Mar 09 13:09:27 ubuntu devstack@keystone.service[81711]: ERROR keystone.server.flask.application   File "/opt/stack/data/venv/lib/python3.10/site-packages/pymysql/connections.py", line 575, in query
Mar 09 13:09:27 ubuntu devstack@keystone.service[81711]: ERROR keystone.server.flask.application     self._affected_rows = self._read_query_result(unbuffered=unbuffered)
Mar 09 13:09:27 ubuntu devstack@keystone.service[81711]: ERROR keystone.server.flask.application   File "/opt/stack/data/venv/lib/python3.10/site-packages/pymysql/connections.py", line 826, in _read_query_result
Mar 09 13:09:27 ubuntu devstack@keystone.service[81711]: ERROR keystone.server.flask.application     result.read()
Mar 09 13:09:27 ubuntu devstack@keystone.service[81711]: ERROR keystone.server.flask.application   File "/opt/stack/data/venv/lib/python3.10/site-packages/pymysql/connections.py", line 1203, in read
Mar 09 13:09:27 ubuntu devstack@keystone.service[81711]: ERROR keystone.server.flask.application     first_packet = self.connection._read_packet()
Mar 09 13:09:27 ubuntu devstack@keystone.service[81711]: ERROR keystone.server.flask.application   File "/opt/stack/data/venv/lib/python3.10/site-packages/pymysql/connections.py", line 782, in _read_packet
Mar 09 13:09:27 ubuntu devstack@keystone.service[81711]: ERROR keystone.server.flask.application     packet.raise_for_error()
Mar 09 13:09:27 ubuntu devstack@keystone.service[81711]: ERROR keystone.server.flask.application   File "/opt/stack/data/venv/lib/python3.10/site-packages/pymysql/protocol.py", line 219, in raise_for_error
Mar 09 13:09:27 ubuntu devstack@keystone.service[81711]: ERROR keystone.server.flask.application     err.raise_mysql_exception(self._data)
Mar 09 13:09:27 ubuntu devstack@keystone.service[81711]: ERROR keystone.server.flask.application   File "/opt/stack/data/venv/lib/python3.10/site-packages/pymysql/err.py", line 150, in raise_mysql_exception
Mar 09 13:09:27 ubuntu devstack@keystone.service[81711]: ERROR keystone.server.flask.application     raise errorclass(errno, errval)
Mar 09 13:09:27 ubuntu devstack@keystone.service[81711]: ERROR keystone.server.flask.application pymysql.err.IntegrityError: (1062, "Duplicate entry 'service-<<null>>' for key 'role.ixu_role_name_domain_id'")
Mar 09 13:09:27 ubuntu devstack@keystone.service[81711]: ERROR keystone.server.flask.application 
Mar 09 13:09:27 ubuntu devstack@keystone.service[81711]: ERROR keystone.server.flask.application The above exception was the direct cause of the following exception:
Mar 09 13:09:27 ubuntu devstack@keystone.service[81711]: ERROR keystone.server.flask.application 
Mar 09 13:09:27 ubuntu devstack@keystone.service[81711]: ERROR keystone.server.flask.application Traceback (most recent call last):
Mar 09 13:09:27 ubuntu devstack@keystone.service[81711]: ERROR keystone.server.flask.application   File "/opt/stack/keystone/keystone/common/sql/core.py", line 575, in wrapper
Mar 09 13:09:27 ubuntu devstack@keystone.service[81711]: ERROR keystone.server.flask.application     return method(*args, **kwargs)
Mar 09 13:09:27 ubuntu devstack@keystone.service[81711]: ERROR keystone.server.flask.application   File "/opt/stack/keystone/keystone/assignment/role_backends/sql.py", line 25, in create_role
Mar 09 13:09:27 ubuntu devstack@keystone.service[81711]: ERROR keystone.server.flask.application     with sql.session_for_write() as session:
Mar 09 13:09:27 ubuntu devstack@keystone.service[81711]: ERROR keystone.server.flask.application   File "/usr/lib/python3.10/contextlib.py", line 142, in __exit__
Mar 09 13:09:27 ubuntu devstack@keystone.service[81711]: ERROR keystone.server.flask.application     next(self.gen)
Mar 09 13:09:27 ubuntu devstack@keystone.service[81711]: ERROR keystone.server.flask.application   File "/opt/stack/data/venv/lib/python3.10/site-packages/oslo_db/sqlalchemy/enginefacade.py", line 1175, in _transaction_scope
Mar 09 13:09:27 ubuntu devstack@keystone.service[81711]: ERROR keystone.server.flask.application     with current._produce_block(
Mar 09 13:09:27 ubuntu devstack@keystone.service[81711]: ERROR keystone.server.flask.application   File "/usr/lib/python3.10/contextlib.py", line 142, in __exit__
Mar 09 13:09:27 ubuntu devstack@keystone.service[81711]: ERROR keystone.server.flask.application     next(self.gen)
Mar 09 13:09:27 ubuntu devstack@keystone.service[81711]: ERROR keystone.server.flask.application   File "/opt/stack/data/venv/lib/python3.10/site-packages/oslo_db/sqlalchemy/enginefacade.py", line 837, in _session
Mar 09 13:09:27 ubuntu devstack@keystone.service[81711]: ERROR keystone.server.flask.application     with excutils.save_and_reraise_exception():
Mar 09 13:09:27 ubuntu devstack@keystone.service[81711]: ERROR keystone.server.flask.application   File "/opt/stack/data/venv/lib/python3.10/site-packages/oslo_utils/excutils.py", line 267, in __exit__
Mar 09 13:09:27 ubuntu devstack@keystone.service[81711]: ERROR keystone.server.flask.application     self.force_reraise()
Mar 09 13:09:27 ubuntu devstack@keystone.service[81711]: ERROR keystone.server.flask.application   File "/opt/stack/data/venv/lib/python3.10/site-packages/oslo_utils/excutils.py", line 233, in force_reraise
Mar 09 13:09:27 ubuntu devstack@keystone.service[81711]: ERROR keystone.server.flask.application     raise self.value
Mar 09 13:09:27 ubuntu devstack@keystone.service[81711]: ERROR keystone.server.flask.application   File "/opt/stack/data/venv/lib/python3.10/site-packages/oslo_db/sqlalchemy/enginefacade.py", line 835, in _session
Mar 09 13:09:27 ubuntu devstack@keystone.service[81711]: ERROR keystone.server.flask.application     self._end_session_transaction(self.session)
Mar 09 13:09:27 ubuntu devstack@keystone.service[81711]: ERROR keystone.server.flask.application   File "/opt/stack/data/venv/lib/python3.10/site-packages/oslo_db/sqlalchemy/enginefacade.py", line 748, in _end_session_transaction
Mar 09 13:09:27 ubuntu devstack@keystone.service[81711]: ERROR keystone.server.flask.application     session.commit()
Mar 09 13:09:27 ubuntu devstack@keystone.service[81711]: ERROR keystone.server.flask.application   File "/opt/stack/data/venv/lib/python3.10/site-packages/sqlalchemy/orm/session.py", line 2030, in commit
Mar 09 13:09:27 ubuntu devstack@keystone.service[81711]: ERROR keystone.server.flask.application     trans.commit(_to_root=True)
Mar 09 13:09:27 ubuntu devstack@keystone.service[81711]: ERROR keystone.server.flask.application   File "<string>", line 2, in commit
Mar 09 13:09:27 ubuntu devstack@keystone.service[81711]: ERROR keystone.server.flask.application   File "/opt/stack/data/venv/lib/python3.10/site-packages/sqlalchemy/orm/state_changes.py", line 137, in _go
