Mar 11 18:09:47 ubuntu devstack@keystone.service[81605]: ERROR keystone.server.flask.application   File "/opt/stack/data/venv/lib/python3.10/site-packages/sqlalchemy/engine/default.py", line 952, in do_execute
Mar 11 18:09:47 ubuntu devstack@keystone.service[81605]: ERROR keystone.server.flask.application     cursor.execute(statement, parameters)
Mar 11 18:09:47 ubuntu devstack@keystone.service[81605]: ERROR keystone.server.flask.application   File "/opt/stack/data/venv/lib/python3.10/site-packages/pymysql/cursors.py", line 153, in execute
Mar 11 18:09:47 ubuntu devstack@keystone.service[81605]: ERROR keystone.server.flask.application     result = self._query(query)
Mar 11 18:09:47 ubuntu devstack@keystone.service[81605]: ERROR keystone.server.flask.application   File "/opt/stack/data/venv/lib/python3.10/site-packages/pymysql/cursors.py", line 322, in _query
Mar 11 18:09:47 ubuntu devstack@keystone.service[81605]: ERROR keystone.server.flask.application     conn.query(q)
Mar 11 18:09:47 ubuntu devstack@keystone.service[81605]: ERROR keystone.server.flask.application   File "/opt/stack/data/venv/lib/python3.10/site-packages/pymysql/connections.py", line 575, in query
Mar 11 18:09:47 ubuntu devstack@keystone.service[81605]: ERROR keystone.server.flask.application     self._affected_rows = self._read_query_result(unbuffered=unbuffered)
Mar 11 18:09:47 ubuntu devstack@keystone.service[81605]: ERROR keystone.server.flask.application   File "/opt/stack/data/venv/lib/python3.10/site-packages/pymysql/connections.py", line 826, in _read_query_result
Mar 11 18:09:47 ubuntu devstack@keystone.service[81605]: ERROR keystone.server.flask.application     result.read()
Mar 11 18:09:47 ubuntu devstack@keystone.service[81605]: ERROR keystone.server.flask.application   File "/opt/stack/data/venv/lib/python3.10/site-packages/pymysql/connections.py", line 1203, in read
Mar 11 18:09:47 ubuntu devstack@keystone.service[81605]: ERROR keystone.server.flask.application     first_packet = self.connection._read_packet()
Mar 11 18:09:47 ubuntu devstack@keystone.service[81605]: ERROR keystone.server.flask.application   File "/opt/stack/data/venv/lib/python3.10/site-packages/pymysql/connections.py", line 782, in _read_packet
Mar 11 18:09:47 ubuntu devstack@keystone.service[81605]: ERROR keystone.server.flask.application     packet.raise_for_error()
Mar 11 18:09:47 ubuntu devstack@keystone.service[81605]: ERROR keystone.server.flask.application   File "/opt/stack/data/venv/lib/python3.10/site-packages/pymysql/protocol.py", line 219, in raise_for_error
Mar 11 18:09:47 ubuntu devstack@keystone.service[81605]: ERROR keystone.server.flask.application     err.raise_mysql_exception(self._data)
Mar 11 18:09:47 ubuntu devstack@keystone.service[81605]: ERROR keystone.server.flask.application   File "/opt/stack/data/venv/lib/python3.10/site-packages/pymysql/err.py", line 150, in raise_mysql_exception
Mar 11 18:09:47 ubuntu devstack@keystone.service[81605]: ERROR keystone.server.flask.application     raise errorclass(errno, errval)
Mar 11 18:09:47 ubuntu devstack@keystone.service[81605]: ERROR keystone.server.flask.application oslo_db.exception.DBDuplicateEntry: (pymysql.err.IntegrityError) (1062, "Duplicate entry 'service-<<null>>' for key 'role.ixu_role_name_domain_id'")
Mar 11 18:09:47 ubuntu devstack@keystone.service[81605]: ERROR keystone.server.flask.application [SQL: INSERT INTO `role` (id, name, description, extra) VALUES (%(id)s, %(name)s, %(description)s, %(extra)s)]
Mar 11 18:09:47 ubuntu devstack@keystone.service[81605]: ERROR keystone.server.flask.application [parameters: {'id': 'dead5349aeb74d7bb4c489c0501e46f1', 'name': 'service', 'description': None, 'extra': '{}'}]
Mar 11 18:09:47 ubuntu devstack@keystone.service[81605]: ERROR keystone.server.flask.application (Background on this error at: https://sqlalche.me/e/20/gkpj)
Mar 11 18:09:47 ubuntu devstack@keystone.service[81605]: ERROR keystone.server.flask.application 
Mar 11 18:09:47 ubuntu devstack@keystone.service[81605]: ERROR keystone.server.flask.application During handling of the above exception, another exception occurred:
Mar 11 18:09:47 ubuntu devstack@keystone.service[81605]: ERROR keystone.server.flask.application 
Mar 11 18:09:47 ubuntu devstack@keystone.service[81605]: ERROR keystone.server.flask.application Traceback (most recent call last):
Mar 11 18:09:47 ubuntu devstack@keystone.service[81605]: ERROR keystone.server.flask.application   File "/opt/stack/data/venv/lib/python3.10/site-packages/flask/app.py", line 917, in full_dispatch_request
Mar 11 18:09:47 ubuntu devstack@keystone.service[81605]: ERROR keystone.server.flask.application     rv = self.dispatch_request()
Mar 11 18:09:47 ubuntu devstack@keystone.service[81605]: ERROR keystone.server.flask.application   File "/opt/stack/data/venv/lib/python3.10/site-packages/flask/app.py", line 902, in dispatch_request
Mar 11 18:09:47 ubuntu devstack@keystone.service[81605]: ERROR keystone.server.flask.application     return self.ensure_sync(self.view_functions[rule.endpoint])(**view_args)  # type: ignore[no-any-return]
Mar 11 18:09:47 ubuntu devstack@keystone.service[81605]: ERROR keystone.server.flask.application   File "/opt/stack/data/venv/lib/python3.10/site-packages/flask_restful/__init__.py", line 489, in wrapper
Mar 11 18:09:47 ubuntu devstack@keystone.service[81605]: ERROR keystone.server.flask.application     resp = resource(*args, **kwargs)
Mar 11 18:09:47 ubuntu devstack@keystone.service[81605]: ERROR keystone.server.flask.application   File "/opt/stack/data/venv/lib/python3.10/site-packages/flask/views.py", line 110, in view
Mar 11 18:09:47 ubuntu devstack@keystone.service[81605]: ERROR keystone.server.flask.application     return current_app.ensure_sync(self.dispatch_request)(**kwargs)  # type: ignore[no-any-return]
Mar 11 18:09:47 ubuntu devstack@keystone.service[81605]: ERROR keystone.server.flask.application   File "/opt/stack/data/venv/lib/python3.10/site-packages/flask_restful/__init__.py", line 604, in dispatch_request
Mar 11 18:09:47 ubuntu devstack@keystone.service[81605]: ERROR keystone.server.flask.application     resp = meth(*args, **kwargs)
Mar 11 18:09:47 ubuntu devstack@keystone.service[81605]: ERROR keystone.server.flask.application   File "/opt/stack/keystone/keystone/api/validation/__init__.py", line 86, in wrapper
Mar 11 18:09:47 ubuntu devstack@keystone.service[81605]: ERROR keystone.server.flask.application     return func(*args, **kwargs)
Mar 11 18:09:47 ubuntu devstack@keystone.service[81605]: ERROR keystone.server.flask.application   File "/opt/stack/keystone/keystone/api/validation/__init__.py", line 145, in wrapper
Mar 11 18:09:47 ubuntu devstack@keystone.service[81605]: ERROR keystone.server.flask.application     response = func(*args, **kwargs)
Mar 11 18:09:47 ubuntu devstack@keystone.service[81605]: ERROR keystone.server.flask.application   File "/opt/stack/keystone/keystone/api/roles.py", line 91, in post
Mar 11 18:09:47 ubuntu devstack@keystone.service[81605]: ERROR keystone.server.flask.application     ref = PROVIDERS.role_api.create_role(
Mar 11 18:09:47 ubuntu devstack@keystone.service[81605]: ERROR keystone.server.flask.application   File "/opt/stack/keystone/keystone/common/manager.py", line 114, in wrapped
Mar 11 18:09:47 ubuntu devstack@keystone.service[81605]: ERROR keystone.server.flask.application     __ret_val = __f(*args, **kwargs)
Mar 11 18:09:47 ubuntu devstack@keystone.service[81605]: ERROR keystone.server.flask.application   File "/opt/stack/keystone/keystone/assignment/core.py", line 1526, in create_role
Mar 11 18:09:47 ubuntu devstack@keystone.service[81605]: ERROR keystone.server.flask.application     ret = self.driver.create_role(role_id, role)
Mar 11 18:09:47 ubuntu devstack@keystone.service[81605]: ERROR keystone.server.flask.application   File "/opt/stack/keystone/keystone/common/sql/core.py", line 614, in wrapper
Mar 11 18:09:47 ubuntu devstack@keystone.service[81605]: ERROR keystone.server.flask.application     raise exception.Conflict(type=conflict_type, details=msg)
Mar 11 18:09:47 ubuntu devstack@keystone.service[81605]: ERROR keystone.server.flask.application keystone.exception.Conflict: Conflict occurred attempting to store role - Duplicate entry found with name service.
Mar 11 18:09:47 ubuntu devstack@keystone.service[81605]: ERROR keystone.server.flask.application 
Mar 11 18:09:47 ubuntu devstack@keystone.service[81605]: [pid: 81605|app: 0|req: 16/35] 10.201.5.82 () {60 vars in 1168 bytes} [Wed Mar 11 18:09:47 2026] POST /identity/v3/roles => generated 140 bytes in 197 msecs (HTTP/1.1 409) 5 headers in 183 bytes (1 switches on core 0)
Mar 11 18:09:47 ubuntu devstack@keystone.service[81605]: DEBUG keystone.server.flask.request_processing.middleware.auth_context [None req-ddf5204f-5dc9-4fff-b00b-2b261068b788 None admin] Authenticating user token {{(pid=81605) process_request /opt/stack/data/venv/lib/python3.10/site-packages/keystonemiddleware/auth_token/__init__.py:407}}
Mar 11 18:09:47 ubuntu devstack@keystone.service[81604]: DEBUG keystone.server.flask.request_processing.middleware.auth_context [None req-9d518a0d-a59b-4765-8cea-bfef929e7788 None admin] Validating token access rules against request {{(pid=81604) validate_allowed_request /opt/stack/data/venv/lib/python3.10/site-packages/keystonemiddleware/auth_token/__init__.py:545}}
Mar 11 18:09:47 ubuntu devstack@keystone.service[81605]: DEBUG keystone.server.flask.request_processing.middleware.auth_context [None req-ddf5204f-5dc9-4fff-b00b-2b261068b788 None admin] Validating token access rules against request {{(pid=81605) validate_allowed_request /opt/stack/data/venv/lib/python3.10/site-packages/keystonemiddleware/auth_token/__init__.py:545}}
Mar 11 18:09:47 ubuntu devstack@keystone.service[81605]: DEBUG keystone.server.flask.request_processing.middleware.auth_context [None req-6f302f18-cc3f-4b8f-8bbc-a2b9fdf80ff0 None admin] RBAC: auth_context: {'token': <TokenModel (audit_id=CD38XIffTKal4UtWzCZhug, audit_chain_id=['CD38XIffTKal4UtWzCZhug']) at 0x7f1e44a0a710>, 'domain_id': None, 'trust_id': None, 'trustor_id': None, 'trustee_id': None, 'domain_name': None, 'group_ids': [], 'user_id': '063b00781ef241acb02cc49773426810', 'user_domain_id': 'default', 'system_scope': 'all', 'project_id': None, 'project_domain_id': None, 'roles': ['admin', 'manager', 'member', 'reader'], 'is_admin_project': True, 'service_user_id': None, 'service_user_domain_id': None, 'service_project_id': None, 'service_project_domain_id': None, 'service_roles': []} {{(pid=81605) fill_context /opt/stack/keystone/keystone/server/flask/request_processing/middleware/auth_context.py:509}}
Mar 11 18:09:47 ubuntu devstack@keystone.service[81605]: DEBUG keystone.server.flask.request_processing.req_logging [None req-6f302f18-cc3f-4b8f-8bbc-a2b9fdf80ff0 None admin] REQUEST_METHOD: `GET` {{(pid=81605) log_request_info /opt/stack/keystone/keystone/server/flask/request_processing/req_logging.py:26}}
Mar 11 18:09:47 ubuntu devstack@keystone.service[81605]: DEBUG keystone.server.flask.request_processing.req_logging [None req-6f302f18-cc3f-4b8f-8bbc-a2b9fdf80ff0 None admin] SCRIPT_NAME: `/identity` {{(pid=81605) log_request_info /opt/stack/keystone/keystone/server/flask/request_processing/req_logging.py:27}}
Mar 11 18:09:47 ubuntu devstack@keystone.service[81605]: DEBUG keystone.server.flask.request_processing.req_logging [None req-6f302f18-cc3f-4b8f-8bbc-a2b9fdf80ff0 None admin] PATH_INFO: `/v3/roles/service` {{(pid=81605) log_request_info /opt/stack/keystone/keystone/server/flask/request_processing/req_logging.py:28}}
Mar 11 18:09:47 ubuntu devstack@keystone.service[81604]: DEBUG keystone.server.flask.request_processing.middleware.auth_context [None req-5d953c73-aec9-4386-9ff5-607d3dd5fda9 None admin] RBAC: auth_context: {'token': <TokenModel (audit_id=_K8wMMpoSF-uXSaDKCv0vA, audit_chain_id=['_K8wMMpoSF-uXSaDKCv0vA']) at 0x7f1e453cdf00>, 'domain_id': None, 'trust_id': None, 'trustor_id': None, 'trustee_id': None, 'domain_name': None, 'group_ids': [], 'user_id': '063b00781ef241acb02cc49773426810', 'user_domain_id': 'default', 'system_scope': 'all', 'project_id': None, 'project_domain_id': None, 'roles': ['admin', 'manager', 'member', 'reader'], 'is_admin_project': True, 'service_user_id': None, 'service_user_domain_id': None, 'service_project_id': None, 'service_project_domain_id': None, 'service_roles': []} {{(pid=81604) fill_context /opt/stack/keystone/keystone/server/flask/request_processing/middleware/auth_context.py:509}}
Mar 11 18:09:47 ubuntu devstack@keystone.service[81604]: DEBUG keystone.server.flask.request_processing.req_logging [None req-5d953c73-aec9-4386-9ff5-607d3dd5fda9 None admin] REQUEST_METHOD: `GET` {{(pid=81604) log_request_info /opt/stack/keystone/keystone/server/flask/request_processing/req_logging.py:26}}
Mar 11 18:09:47 ubuntu devstack@keystone.service[81604]: DEBUG keystone.server.flask.request_processing.req_logging [None req-5d953c73-aec9-4386-9ff5-607d3dd5fda9 None admin] SCRIPT_NAME: `/identity` {{(pid=81604) log_request_info /opt/stack/keystone/keystone/server/flask/request_processing/req_logging.py:27}}
Mar 11 18:09:47 ubuntu devstack@keystone.service[81604]: DEBUG keystone.server.flask.request_processing.req_logging [None req-5d953c73-aec9-4386-9ff5-607d3dd5fda9 None admin] PATH_INFO: `/v3/domains/default` {{(pid=81604) log_request_info /opt/stack/keystone/keystone/server/flask/request_processing/req_logging.py:28}}
Mar 11 18:09:47 ubuntu devstack@keystone.service[81604]: DEBUG keystone.common.rbac_enforcer.enforcer [None req-5d953c73-aec9-4386-9ff5-607d3dd5fda9 None admin] RBAC: Authorizing `identity:get_domain(domain_id=default)` {{(pid=81604) enforce_call /opt/stack/keystone/keystone/common/rbac_enforcer/enforcer.py:494}}
Mar 11 18:09:47 ubuntu devstack@keystone.service[81605]: DEBUG keystone.common.rbac_enforcer.enforcer [None req-6f302f18-cc3f-4b8f-8bbc-a2b9fdf80ff0 None admin] Extracting inferred target data resulted in "NOT FOUND (404)". {{(pid=81605) enforce_call /opt/stack/keystone/keystone/common/rbac_enforcer/enforcer.py:445}}
Mar 11 18:09:47 ubuntu devstack@keystone.service[81604]: DEBUG keystone.common.rbac_enforcer.enforcer [None req-5d953c73-aec9-4386-9ff5-607d3dd5fda9 None admin] RBAC: Authorization granted {{(pid=81604) enforce_call /opt/stack/keystone/keystone/common/rbac_enforcer/enforcer.py:505}}
Mar 11 18:09:47 ubuntu devstack@keystone.service[81605]: DEBUG keystone.server.flask.application [None req-6f302f18-cc3f-4b8f-8bbc-a2b9fdf80ff0 None admin] Could not find role: service. {{(pid=81605) _handle_keystone_exception /opt/stack/keystone/keystone/server/flask/application.py:146}}
Mar 11 18:09:47 ubuntu devstack@keystone.service[81605]: [pid: 81605|app: 0|req: 17/36] 10.201.5.82 () {56 vars in 1139 bytes} [Wed Mar 11 18:09:47 2026] GET /identity/v3/roles/service => generated 85 bytes in 61 msecs (HTTP/1.1 404) 5 headers in 183 bytes (2 switches on core 0)
Mar 11 18:09:47 ubuntu devstack@keystone.service[81604]: [pid: 81604|app: 0|req: 20/37] 10.201.5.82 () {56 vars in 1145 bytes} [Wed Mar 11 18:09:47 2026] GET /identity/v3/domains/default => generated 199 bytes in 91 msecs (HTTP/1.1 200) 5 headers in 177 bytes (1 switches on core 0)
Mar 11 18:09:47 ubuntu devstack@keystone.service[81605]: DEBUG keystone.server.flask.request_processing.middleware.auth_context [None req-6f302f18-cc3f-4b8f-8bbc-a2b9fdf80ff0 None admin] Authenticating user token {{(pid=81605) process_request /opt/stack/data/venv/lib/python3.10/site-packages/keystonemiddleware/auth_token/__init__.py:407}}
Mar 11 18:09:47 ubuntu devstack@keystone.service[81604]: DEBUG keystone.server.flask.request_processing.middleware.auth_context [None req-5d953c73-aec9-4386-9ff5-607d3dd5fda9 None admin] Authenticating user token {{(pid=81604) process_request /opt/stack/data/venv/lib/python3.10/site-packages/keystonemiddleware/auth_token/__init__.py:407}}
Mar 11 18:09:47 ubuntu devstack@keystone.service[81604]: DEBUG keystone.server.flask.request_processing.middleware.auth_context [None req-5d953c73-aec9-4386-9ff5-607d3dd5fda9 None admin] Validating token access rules against request {{(pid=81604) validate_allowed_request /opt/stack/data/venv/lib/python3.10/site-packages/keystonemiddleware/auth_token/__init__.py:545}}
Mar 11 18:09:47 ubuntu devstack@keystone.service[81605]: DEBUG keystone.server.flask.request_processing.middleware.auth_context [None req-6f302f18-cc3f-4b8f-8bbc-a2b9fdf80ff0 None admin] Validating token access rules against request {{(pid=81605) validate_allowed_request /opt/stack/data/venv/lib/python3.10/site-packages/keystonemiddleware/auth_token/__init__.py:545}}
Mar 11 18:09:47 ubuntu devstack@keystone.service[81605]: DEBUG keystone.server.flask.request_processing.middleware.auth_context [None req-10330f57-d082-4c29-bc2b-aa27c8a354f8 None admin] RBAC: auth_context: {'token': <TokenModel (audit_id=CD38XIffTKal4UtWzCZhug, audit_chain_id=['CD38XIffTKal4UtWzCZhug']) at 0x7f1e4499fc40>, 'domain_id': None, 'trust_id': None, 'trustor_id': None, 'trustee_id': None, 'domain_name': None, 'group_ids': [], 'user_id': '063b00781ef241acb02cc49773426810', 'user_domain_id': 'default', 'system_scope': 'all', 'project_id': None, 'project_domain_id': None, 'roles': ['admin', 'manager', 'member', 'reader'], 'is_admin_project': True, 'service_user_id': None, 'service_user_domain_id': None, 'service_project_id': None, 'service_project_domain_id': None, 'service_roles': []} {{(pid=81605) fill_context /opt/stack/keystone/keystone/server/flask/request_processing/middleware/auth_context.py:509}}
Mar 11 18:09:47 ubuntu devstack@keystone.service[81605]: DEBUG keystone.server.flask.request_processing.req_logging [None req-10330f57-d082-4c29-bc2b-aa27c8a354f8 None admin] REQUEST_METHOD: `GET` {{(pid=81605) log_request_info /opt/stack/keystone/keystone/server/flask/request_processing/req_logging.py:26}}
Mar 11 18:09:47 ubuntu devstack@keystone.service[81605]: DEBUG keystone.server.flask.request_processing.req_logging [None req-10330f57-d082-4c29-bc2b-aa27c8a354f8 None admin] SCRIPT_NAME: `/identity` {{(pid=81605) log_request_info /opt/stack/keystone/keystone/server/flask/request_processing/req_logging.py:27}}
Mar 11 18:09:47 ubuntu devstack@keystone.service[81605]: DEBUG keystone.server.flask.request_processing.req_logging [None req-10330f57-d082-4c29-bc2b-aa27c8a354f8 None admin] PATH_INFO: `/v3/roles` {{(pid=81605) log_request_info /opt/stack/keystone/keystone/server/flask/request_processing/req_logging.py:28}}
Mar 11 18:09:47 ubuntu devstack@keystone.service[81605]: DEBUG keystone.common.rbac_enforcer.enforcer [None req-10330f57-d082-4c29-bc2b-aa27c8a354f8 None admin] RBAC: Adding query filter params (name=service) {{(pid=81605) _extract_filter_values /opt/stack/keystone/keystone/common/rbac_enforcer/enforcer.py:176}}
Mar 11 18:09:47 ubuntu devstack@keystone.service[81605]: DEBUG keystone.common.rbac_enforcer.enforcer [None req-10330f57-d082-4c29-bc2b-aa27c8a354f8 None admin] RBAC: Authorizing `identity:list_roles()` {{(pid=81605) enforce_call /opt/stack/keystone/keystone/common/rbac_enforcer/enforcer.py:494}}
Mar 11 18:09:47 ubuntu devstack@keystone.service[81605]: DEBUG keystone.common.rbac_enforcer.enforcer [None req-10330f57-d082-4c29-bc2b-aa27c8a354f8 None admin] RBAC: Authorization granted {{(pid=81605) enforce_call /opt/stack/keystone/keystone/common/rbac_enforcer/enforcer.py:505}}
Mar 11 18:09:47 ubuntu devstack@keystone.service[81604]: DEBUG keystone.server.flask.request_processing.middleware.auth_context [None req-076618ea-2dc3-4981-8704-42b305582bd9 None admin] RBAC: auth_context: {'token': <TokenModel (audit_id=_K8wMMpoSF-uXSaDKCv0vA, audit_chain_id=['_K8wMMpoSF-uXSaDKCv0vA']) at 0x7f1e4535bb20>, 'domain_id': None, 'trust_id': None, 'trustor_id': None, 'trustee_id': None, 'domain_name': None, 'group_ids': [], 'user_id': '063b00781ef241acb02cc49773426810', 'user_domain_id': 'default', 'system_scope': 'all', 'project_id': None, 'project_domain_id': None, 'roles': ['admin', 'manager', 'member', 'reader'], 'is_admin_project': True, 'service_user_id': None, 'service_user_domain_id': None, 'service_project_id': None, 'service_project_domain_id': None, 'service_roles': []} {{(pid=81604) fill_context /opt/stack/keystone/keystone/server/flask/request_processing/middleware/auth_context.py:509}}
Mar 11 18:09:47 ubuntu devstack@keystone.service[81604]: DEBUG keystone.server.flask.request_processing.req_logging [None req-076618ea-2dc3-4981-8704-42b305582bd9 None admin] REQUEST_METHOD: `GET` {{(pid=81604) log_request_info /opt/stack/keystone/keystone/server/flask/request_processing/req_logging.py:26}}
Mar 11 18:09:47 ubuntu devstack@keystone.service[81604]: DEBUG keystone.server.flask.request_processing.req_logging [None req-076618ea-2dc3-4981-8704-42b305582bd9 None admin] SCRIPT_NAME: `/identity` {{(pid=81604) log_request_info /opt/stack/keystone/keystone/server/flask/request_processing/req_logging.py:27}}
Mar 11 18:09:47 ubuntu devstack@keystone.service[81604]: DEBUG keystone.server.flask.request_processing.req_logging [None req-076618ea-2dc3-4981-8704-42b305582bd9 None admin] PATH_INFO: `/v3/role_assignments` {{(pid=81604) log_request_info /opt/stack/keystone/keystone/server/flask/request_processing/req_logging.py:28}}
Mar 11 18:09:47 ubuntu devstack@keystone.service[81605]: [pid: 81605|app: 0|req: 18/38] 10.201.5.82 () {56 vars in 1153 bytes} [Wed Mar 11 18:09:47 2026] GET /identity/v3/roles?name=service => generated 343 bytes in 89 msecs (HTTP/1.1 200) 5 headers in 177 bytes (2 switches on core 0)
Mar 11 18:09:47 ubuntu devstack@keystone.service[81604]: DEBUG keystone.common.rbac_enforcer.enforcer [None req-076618ea-2dc3-4981-8704-42b305582bd9 None admin] RBAC: Adding query filter params (role.id=fc7a9531270e497a812a32266c5e1a55, scope.domain.id=default, user.id=063b00781ef241acb02cc49773426810) {{(pid=81604) _extract_filter_values /opt/stack/keystone/keystone/common/rbac_enforcer/enforcer.py:176}}
Mar 11 18:09:47 ubuntu devstack@keystone.service[81604]: DEBUG keystone.common.rbac_enforcer.enforcer [None req-076618ea-2dc3-4981-8704-42b305582bd9 None admin] RBAC: Authorizing `identity:list_role_assignments()` {{(pid=81604) enforce_call /opt/stack/keystone/keystone/common/rbac_enforcer/enforcer.py:494}}
Mar 11 18:09:47 ubuntu devstack@keystone.service[81604]: DEBUG keystone.common.rbac_enforcer.enforcer [None req-076618ea-2dc3-4981-8704-42b305582bd9 None admin] RBAC: Authorization granted {{(pid=81604) enforce_call /opt/stack/keystone/keystone/common/rbac_enforcer/enforcer.py:505}}
Mar 11 18:09:47 ubuntu devstack@keystone.service[81604]: [pid: 81604|app: 0|req: 21/39] 10.201.5.82 () {56 vars in 1372 bytes} [Wed Mar 11 18:09:47 2026] GET /identity/v3/role_assignments?role.id=fc7a9531270e497a812a32266c5e1a55&scope.domain.id=default&user.id=063b00781ef241acb02cc49773426810 => generated 530 bytes in 102 msecs (HTTP/1.1 200) 5 headers in 177 bytes (2 switches on core 0)
Mar 11 18:09:47 ubuntu devstack@keystone.service[81605]: DEBUG keystone.server.flask.request_processing.req_logging [None req-234c8f3d-1d01-4d61-82f6-458b266334b6 None None] REQUEST_METHOD: `GET` {{(pid=81605) log_request_info /opt/stack/keystone/keystone/server/flask/request_processing/req_logging.py:26}}
Mar 11 18:09:47 ubuntu devstack@keystone.service[81605]: DEBUG keystone.server.flask.request_processing.req_logging [None req-234c8f3d-1d01-4d61-82f6-458b266334b6 None None] SCRIPT_NAME: `/identity` {{(pid=81605) log_request_info /opt/stack/keystone/keystone/server/flask/request_processing/req_logging.py:27}}
Mar 11 18:09:47 ubuntu devstack@keystone.service[81605]: DEBUG keystone.server.flask.request_processing.req_logging [None req-234c8f3d-1d01-4d61-82f6-458b266334b6 None None] PATH_INFO: `/` {{(pid=81605) log_request_info /opt/stack/keystone/keystone/server/flask/request_processing/req_logging.py:28}}
Mar 11 18:09:47 ubuntu devstack@keystone.service[81605]: [pid: 81605|app: 0|req: 19/40] 10.201.5.82 () {54 vars in 920 bytes} [Wed Mar 11 18:09:47 2026] GET /identity => generated 270 bytes in 2 msecs (HTTP/1.1 300) 6 headers in 234 bytes (1 switches on core 0)
Mar 11 18:09:47 ubuntu devstack@keystone.service[81604]: DEBUG keystone.server.flask.request_processing.req_logging [None req-c5d7aed9-4aa8-46d7-8879-0ae651637777 None None] REQUEST_METHOD: `POST` {{(pid=81604) log_request_info /opt/stack/keystone/keystone/server/flask/request_processing/req_logging.py:26}}
Mar 11 18:09:47 ubuntu devstack@keystone.service[81604]: DEBUG keystone.server.flask.request_processing.req_logging [None req-c5d7aed9-4aa8-46d7-8879-0ae651637777 None None] SCRIPT_NAME: `/identity` {{(pid=81604) log_request_info /opt/stack/keystone/keystone/server/flask/request_processing/req_logging.py:27}}
Mar 11 18:09:47 ubuntu devstack@keystone.service[81604]: DEBUG keystone.server.flask.request_processing.req_logging [None req-c5d7aed9-4aa8-46d7-8879-0ae651637777 None None] PATH_INFO: `/v3/auth/tokens` {{(pid=81604) log_request_info /opt/stack/keystone/keystone/server/flask/request_processing/req_logging.py:28}}
Mar 11 18:09:47 ubuntu devstack@keystone.service[81604]: WARNING keystone.common.password_hashing [None req-c5d7aed9-4aa8-46d7-8879-0ae651637777 None None] Truncating password to algorithm specific maximum length 72 characters.
Mar 11 18:09:48 ubuntu devstack@keystone.service[81604]: DEBUG keystone.auth.core [None req-c5d7aed9-4aa8-46d7-8879-0ae651637777 None None] MFA Rules not processed for user `063b00781ef241acb02cc49773426810`. Rule list: `[]` (Enabled: `True`). {{(pid=81604) check_auth_methods_against_rules /opt/stack/keystone/keystone/auth/core.py:476}}
Mar 11 18:09:48 ubuntu devstack@keystone.service[81604]: DEBUG keystone.common.fernet_utils [None req-c5d7aed9-4aa8-46d7-8879-0ae651637777 None None] Loaded 2 Fernet keys from /etc/keystone/fernet-keys/, but `[fernet_tokens] max_active_keys = 3`; perhaps there have not been enough key rotations to reach `max_active_keys` yet? {{(pid=81604) load_keys /opt/stack/keystone/keystone/common/fernet_utils.py:297}}
Mar 11 18:09:48 ubuntu devstack@keystone.service[81604]: [pid: 81604|app: 0|req: 22/41] 10.201.5.82 () {58 vars in 1017 bytes} [Wed Mar 11 18:09:47 2026] POST /identity/v3/auth/tokens => generated 862 bytes in 61 msecs (HTTP/1.1 201) 6 headers in 363 bytes (1 switches on core 0)
Mar 11 18:09:48 ubuntu devstack@keystone.service[81605]: DEBUG keystone.server.flask.request_processing.middleware.auth_context [None req-234c8f3d-1d01-4d61-82f6-458b266334b6 None None] Authenticating user token {{(pid=81605) process_request /opt/stack/data/venv/lib/python3.10/site-packages/keystonemiddleware/auth_token/__init__.py:407}}
Mar 11 18:09:48 ubuntu devstack@keystone.service[81604]: DEBUG keystone.server.flask.request_processing.req_logging [None req-fc616638-ba39-4702-aca5-005a8924ffe3 None None] REQUEST_METHOD: `GET` {{(pid=81604) log_request_info /opt/stack/keystone/keystone/server/flask/request_processing/req_logging.py:26}}
Mar 11 18:09:48 ubuntu devstack@keystone.service[81604]: DEBUG keystone.server.flask.request_processing.req_logging [None req-fc616638-ba39-4702-aca5-005a8924ffe3 None None] SCRIPT_NAME: `/identity` {{(pid=81604) log_request_info /opt/stack/keystone/keystone/server/flask/request_processing/req_logging.py:27}}
Mar 11 18:09:48 ubuntu devstack@keystone.service[81604]: DEBUG keystone.server.flask.request_processing.req_logging [None req-fc616638-ba39-4702-aca5-005a8924ffe3 None None] PATH_INFO: `/` {{(pid=81604) log_request_info /opt/stack/keystone/keystone/server/flask/request_processing/req_logging.py:28}}
Mar 11 18:09:48 ubuntu devstack@keystone.service[81604]: [pid: 81604|app: 0|req: 23/42] 10.201.5.82 () {54 vars in 920 bytes} [Wed Mar 11 18:09:48 2026] GET /identity => generated 270 bytes in 2 msecs (HTTP/1.1 300) 6 headers in 234 bytes (1 switches on core 0)
Mar 11 18:09:48 ubuntu devstack@keystone.service[81604]: DEBUG keystone.server.flask.request_processing.req_logging [None req-569de3f1-16d8-4da2-ad4e-63355588f42d None None] REQUEST_METHOD: `POST` {{(pid=81604) log_request_info /opt/stack/keystone/keystone/server/flask/request_processing/req_logging.py:26}}
Mar 11 18:09:48 ubuntu devstack@keystone.service[81604]: DEBUG keystone.server.flask.request_processing.req_logging [None req-569de3f1-16d8-4da2-ad4e-63355588f42d None None] SCRIPT_NAME: `/identity` {{(pid=81604) log_request_info /opt/stack/keystone/keystone/server/flask/request_processing/req_logging.py:27}}
Mar 11 18:09:48 ubuntu devstack@keystone.service[81604]: DEBUG keystone.server.flask.request_processing.req_logging [None req-569de3f1-16d8-4da2-ad4e-63355588f42d None None] PATH_INFO: `/v3/auth/tokens` {{(pid=81604) log_request_info /opt/stack/keystone/keystone/server/flask/request_processing/req_logging.py:28}}
Mar 11 18:09:48 ubuntu devstack@keystone.service[81605]: DEBUG keystone.server.flask.request_processing.middleware.auth_context [None req-234c8f3d-1d01-4d61-82f6-458b266334b6 None None] Validating token access rules against request {{(pid=81605) validate_allowed_request /opt/stack/data/venv/lib/python3.10/site-packages/keystonemiddleware/auth_token/__init__.py:545}}
Mar 11 18:09:48 ubuntu devstack@keystone.service[81604]: WARNING keystone.common.password_hashing [None req-569de3f1-16d8-4da2-ad4e-63355588f42d None None] Truncating password to algorithm specific maximum length 72 characters.
Mar 11 18:09:48 ubuntu devstack@keystone.service[81604]: DEBUG keystone.auth.core [None req-569de3f1-16d8-4da2-ad4e-63355588f42d None None] MFA Rules not processed for user `063b00781ef241acb02cc49773426810`. Rule list: `[]` (Enabled: `True`). {{(pid=81604) check_auth_methods_against_rules /opt/stack/keystone/keystone/auth/core.py:476}}
Mar 11 18:09:48 ubuntu devstack@keystone.service[81604]: DEBUG keystone.common.fernet_utils [None req-569de3f1-16d8-4da2-ad4e-63355588f42d None None] Loaded 2 Fernet keys from /etc/keystone/fernet-keys/, but `[fernet_tokens] max_active_keys = 3`; perhaps there have not been enough key rotations to reach `max_active_keys` yet? {{(pid=81604) load_keys /opt/stack/keystone/keystone/common/fernet_utils.py:297}}
Mar 11 18:09:48 ubuntu devstack@keystone.service[81605]: DEBUG keystone.server.flask.request_processing.middleware.auth_context [None req-51c1778a-0f75-49a9-ab08-02d5ffed37c4 None admin] RBAC: auth_context: {'token': <TokenModel (audit_id=M9Zi967OQ8ev8NUiM_ENfA, audit_chain_id=['M9Zi967OQ8ev8NUiM_ENfA']) at 0x7f1e449f0130>, 'domain_id': None, 'trust_id': None, 'trustor_id': None, 'trustee_id': None, 'domain_name': None, 'group_ids': [], 'user_id': '063b00781ef241acb02cc49773426810', 'user_domain_id': 'default', 'system_scope': 'all', 'project_id': None, 'project_domain_id': None, 'roles': ['admin', 'manager', 'member', 'reader'], 'is_admin_project': True, 'service_user_id': None, 'service_user_domain_id': None, 'service_project_id': None, 'service_project_domain_id': None, 'service_roles': []} {{(pid=81605) fill_context /opt/stack/keystone/keystone/server/flask/request_processing/middleware/auth_context.py:509}}
Mar 11 18:09:48 ubuntu devstack@keystone.service[81605]: DEBUG keystone.server.flask.request_processing.req_logging [None req-51c1778a-0f75-49a9-ab08-02d5ffed37c4 None admin] REQUEST_METHOD: `POST` {{(pid=81605) log_request_info /opt/stack/keystone/keystone/server/flask/request_processing/req_logging.py:26}}
Mar 11 18:09:48 ubuntu devstack@keystone.service[81605]: DEBUG keystone.server.flask.request_processing.req_logging [None req-51c1778a-0f75-49a9-ab08-02d5ffed37c4 None admin] SCRIPT_NAME: `/identity` {{(pid=81605) log_request_info /opt/stack/keystone/keystone/server/flask/request_processing/req_logging.py:27}}
Mar 11 18:09:48 ubuntu devstack@keystone.service[81605]: DEBUG keystone.server.flask.request_processing.req_logging [None req-51c1778a-0f75-49a9-ab08-02d5ffed37c4 None admin] PATH_INFO: `/v3/roles` {{(pid=81605) log_request_info /opt/stack/keystone/keystone/server/flask/request_processing/req_logging.py:28}}
Mar 11 18:09:48 ubuntu devstack@keystone.service[81605]: DEBUG keystone.common.rbac_enforcer.enforcer [None req-51c1778a-0f75-49a9-ab08-02d5ffed37c4 None admin] RBAC: Authorizing `identity:create_role()` {{(pid=81605) enforce_call /opt/stack/keystone/keystone/common/rbac_enforcer/enforcer.py:494}}
Mar 11 18:09:48 ubuntu devstack@keystone.service[81605]: DEBUG keystone.common.rbac_enforcer.enforcer [None req-51c1778a-0f75-49a9-ab08-02d5ffed37c4 None admin] RBAC: Authorization granted {{(pid=81605) enforce_call /opt/stack/keystone/keystone/common/rbac_enforcer/enforcer.py:505}}
Mar 11 18:09:48 ubuntu devstack@keystone.service[81604]: [pid: 81604|app: 0|req: 24/43] 10.201.5.82 () {58 vars in 1017 bytes} [Wed Mar 11 18:09:48 2026] POST /identity/v3/auth/tokens => generated 862 bytes in 51 msecs (HTTP/1.1 201) 6 headers in 363 bytes (1 switches on core 0)
Mar 11 18:09:48 ubuntu devstack@keystone.service[81604]: DEBUG keystone.server.flask.request_processing.middleware.auth_context [None req-569de3f1-16d8-4da2-ad4e-63355588f42d None None] Authenticating user token {{(pid=81604) process_request /opt/stack/data/venv/lib/python3.10/site-packages/keystonemiddleware/auth_token/__init__.py:407}}
Mar 11 18:09:48 ubuntu devstack@keystone.service[81604]: DEBUG keystone.server.flask.request_processing.middleware.auth_context [None req-569de3f1-16d8-4da2-ad4e-63355588f42d None None] Validating token access rules against request {{(pid=81604) validate_allowed_request /opt/stack/data/venv/lib/python3.10/site-packages/keystonemiddleware/auth_token/__init__.py:545}}
Mar 11 18:09:48 ubuntu devstack@keystone.service[81604]: DEBUG keystone.server.flask.request_processing.middleware.auth_context [None req-a11f20e6-a736-4923-8b39-a834866b0cc3 None admin] RBAC: auth_context: {'token': <TokenModel (audit_id=4UjMnuN5SECMzBKltTrrAw, audit_chain_id=['4UjMnuN5SECMzBKltTrrAw']) at 0x7f1e453cdc90>, 'domain_id': None, 'trust_id': None, 'trustor_id': None, 'trustee_id': None, 'domain_name': None, 'group_ids': [], 'user_id': '063b00781ef241acb02cc49773426810', 'user_domain_id': 'default', 'system_scope': 'all', 'project_id': None, 'project_domain_id': None, 'roles': ['admin', 'manager', 'member', 'reader'], 'is_admin_project': True, 'service_user_id': None, 'service_user_domain_id': None, 'service_project_id': None, 'service_project_domain_id': None, 'service_roles': []} {{(pid=81604) fill_context /opt/stack/keystone/keystone/server/flask/request_processing/middleware/auth_context.py:509}}
Mar 11 18:09:48 ubuntu devstack@keystone.service[81604]: DEBUG keystone.server.flask.request_processing.req_logging [None req-a11f20e6-a736-4923-8b39-a834866b0cc3 None admin] REQUEST_METHOD: `POST` {{(pid=81604) log_request_info /opt/stack/keystone/keystone/server/flask/request_processing/req_logging.py:26}}
Mar 11 18:09:48 ubuntu devstack@keystone.service[81604]: DEBUG keystone.server.flask.request_processing.req_logging [None req-a11f20e6-a736-4923-8b39-a834866b0cc3 None admin] SCRIPT_NAME: `/identity` {{(pid=81604) log_request_info /opt/stack/keystone/keystone/server/flask/request_processing/req_logging.py:27}}
Mar 11 18:09:48 ubuntu devstack@keystone.service[81604]: DEBUG keystone.server.flask.request_processing.req_logging [None req-a11f20e6-a736-4923-8b39-a834866b0cc3 None admin] PATH_INFO: `/v3/roles` {{(pid=81604) log_request_info /opt/stack/keystone/keystone/server/flask/request_processing/req_logging.py:28}}
Mar 11 18:09:48 ubuntu devstack@keystone.service[81604]: DEBUG keystone.common.rbac_enforcer.enforcer [None req-a11f20e6-a736-4923-8b39-a834866b0cc3 None admin] RBAC: Authorizing `identity:create_role()` {{(pid=81604) enforce_call /opt/stack/keystone/keystone/common/rbac_enforcer/enforcer.py:494}}
Mar 11 18:09:48 ubuntu devstack@keystone.service[81604]: DEBUG keystone.common.rbac_enforcer.enforcer [None req-a11f20e6-a736-4923-8b39-a834866b0cc3 None admin] RBAC: Authorization granted {{(pid=81604) enforce_call /opt/stack/keystone/keystone/common/rbac_enforcer/enforcer.py:505}}
Mar 11 18:09:48 ubuntu devstack@keystone.service[81604]: [pid: 81604|app: 0|req: 25/44] 10.201.5.82 () {60 vars in 1168 bytes} [Wed Mar 11 18:09:48 2026] POST /identity/v3/roles => generated 223 bytes in 61 msecs (HTTP/1.1 201) 5 headers in 182 bytes (1 switches on core 0)
Mar 11 18:09:48 ubuntu devstack@keystone.service[81605]: [pid: 81605|app: 0|req: 20/45] 10.201.5.82 () {60 vars in 1168 bytes} [Wed Mar 11 18:09:48 2026] POST /identity/v3/roles => generated 225 bytes in 242 msecs (HTTP/1.1 201) 5 headers in 182 bytes (1 switches on core 0)
Mar 11 18:09:48 ubuntu devstack@keystone.service[81604]: DEBUG keystone.server.flask.request_processing.req_logging [None req-ea086b78-9f8b-47a1-bb73-ae5b1ec83119 None None] REQUEST_METHOD: `GET` {{(pid=81604) log_request_info /opt/stack/keystone/keystone/server/flask/request_processing/req_logging.py:26}}
Mar 11 18:09:48 ubuntu devstack@keystone.service[81604]: DEBUG keystone.server.flask.request_processing.req_logging [None req-ea086b78-9f8b-47a1-bb73-ae5b1ec83119 None None] SCRIPT_NAME: `/identity` {{(pid=81604) log_request_info /opt/stack/keystone/keystone/server/flask/request_processing/req_logging.py:27}}
Mar 11 18:09:48 ubuntu devstack@keystone.service[81604]: DEBUG keystone.server.flask.request_processing.req_logging [None req-ea086b78-9f8b-47a1-bb73-ae5b1ec83119 None None] PATH_INFO: `/` {{(pid=81604) log_request_info /opt/stack/keystone/keystone/server/flask/request_processing/req_logging.py:28}}
Mar 11 18:09:48 ubuntu devstack@keystone.service[81604]: [pid: 81604|app: 0|req: 26/46] 10.201.5.82 () {54 vars in 920 bytes} [Wed Mar 11 18:09:48 2026] GET /identity => generated 270 bytes in 5 msecs (HTTP/1.1 300) 6 headers in 234 bytes (1 switches on core 0)
Mar 11 18:09:48 ubuntu devstack@keystone.service[81605]: DEBUG keystone.server.flask.request_processing.req_logging [None req-1a3c0c4a-ed5d-47e5-b9ad-dfffc2b0ac2e None None] REQUEST_METHOD: `POST` {{(pid=81605) log_request_info /opt/stack/keystone/keystone/server/flask/request_processing/req_logging.py:26}}
Mar 11 18:09:48 ubuntu devstack@keystone.service[81605]: DEBUG keystone.server.flask.request_processing.req_logging [None req-1a3c0c4a-ed5d-47e5-b9ad-dfffc2b0ac2e None None] SCRIPT_NAME: `/identity` {{(pid=81605) log_request_info /opt/stack/keystone/keystone/server/flask/request_processing/req_logging.py:27}}
Mar 11 18:09:48 ubuntu devstack@keystone.service[81605]: DEBUG keystone.server.flask.request_processing.req_logging [None req-1a3c0c4a-ed5d-47e5-b9ad-dfffc2b0ac2e None None] PATH_INFO: `/v3/auth/tokens` {{(pid=81605) log_request_info /opt/stack/keystone/keystone/server/flask/request_processing/req_logging.py:28}}
Mar 11 18:09:48 ubuntu devstack@keystone.service[81605]: WARNING keystone.common.password_hashing [None req-1a3c0c4a-ed5d-47e5-b9ad-dfffc2b0ac2e None None] Truncating password to algorithm specific maximum length 72 characters.
Mar 11 18:09:48 ubuntu devstack@keystone.service[81605]: DEBUG keystone.auth.core [None req-1a3c0c4a-ed5d-47e5-b9ad-dfffc2b0ac2e None None] MFA Rules not processed for user `063b00781ef241acb02cc49773426810`. Rule list: `[]` (Enabled: `True`). {{(pid=81605) check_auth_methods_against_rules /opt/stack/keystone/keystone/auth/core.py:476}}
Mar 11 18:09:48 ubuntu devstack@keystone.service[81605]: DEBUG keystone.common.fernet_utils [None req-1a3c0c4a-ed5d-47e5-b9ad-dfffc2b0ac2e None None] Loaded 2 Fernet keys from /etc/keystone/fernet-keys/, but `[fernet_tokens] max_active_keys = 3`; perhaps there have not been enough key rotations to reach `max_active_keys` yet? {{(pid=81605) load_keys /opt/stack/keystone/keystone/common/fernet_utils.py:297}}
Mar 11 18:09:48 ubuntu devstack@keystone.service[81605]: [pid: 81605|app: 0|req: 21/47] 10.201.5.82 () {58 vars in 1017 bytes} [Wed Mar 11 18:09:48 2026] POST /identity/v3/auth/tokens => generated 862 bytes in 67 msecs (HTTP/1.1 201) 6 headers in 363 bytes (1 switches on core 0)
Mar 11 18:09:48 ubuntu devstack@keystone.service[81604]: DEBUG keystone.server.flask.request_processing.middleware.auth_context [None req-ea086b78-9f8b-47a1-bb73-ae5b1ec83119 None None] Authenticating user token {{(pid=81604) process_request /opt/stack/data/venv/lib/python3.10/site-packages/keystonemiddleware/auth_token/__init__.py:407}}
Mar 11 18:09:48 ubuntu devstack@keystone.service[81604]: DEBUG keystone.server.flask.request_processing.middleware.auth_context [None req-ea086b78-9f8b-47a1-bb73-ae5b1ec83119 None None] Validating token access rules against request {{(pid=81604) validate_allowed_request /opt/stack/data/venv/lib/python3.10/site-packages/keystonemiddleware/auth_token/__init__.py:545}}
Mar 11 18:09:48 ubuntu devstack@keystone.service[81604]: DEBUG keystone.server.flask.request_processing.middleware.auth_context [None req-d51eb64f-83dd-4f42-b172-7a23a834a3e6 None admin] RBAC: auth_context: {'token': <TokenModel (audit_id=CL48bTMCQVWtaeV9yJbN5Q, audit_chain_id=['CL48bTMCQVWtaeV9yJbN5Q']) at 0x7f1e44629540>, 'domain_id': None, 'trust_id': None, 'trustor_id': None, 'trustee_id': None, 'domain_name': None, 'group_ids': [], 'user_id': '063b00781ef241acb02cc49773426810', 'user_domain_id': 'default', 'system_scope': 'all', 'project_id': None, 'project_domain_id': None, 'roles': ['admin', 'manager', 'member', 'reader'], 'is_admin_project': True, 'service_user_id': None, 'service_user_domain_id': None, 'service_project_id': None, 'service_project_domain_id': None, 'service_roles': []} {{(pid=81604) fill_context /opt/stack/keystone/keystone/server/flask/request_processing/middleware/auth_context.py:509}}
Mar 11 18:09:48 ubuntu devstack@keystone.service[81604]: DEBUG keystone.server.flask.request_processing.req_logging [None req-d51eb64f-83dd-4f42-b172-7a23a834a3e6 None admin] REQUEST_METHOD: `GET` {{(pid=81604) log_request_info /opt/stack/keystone/keystone/server/flask/request_processing/req_logging.py:26}}
Mar 11 18:09:48 ubuntu devstack@keystone.service[81604]: DEBUG keystone.server.flask.request_processing.req_logging [None req-d51eb64f-83dd-4f42-b172-7a23a834a3e6 None admin] SCRIPT_NAME: `/identity` {{(pid=81604) log_request_info /opt/stack/keystone/keystone/server/flask/request_processing/req_logging.py:27}}
Mar 11 18:09:48 ubuntu devstack@keystone.service[81604]: DEBUG keystone.server.flask.request_processing.req_logging [None req-d51eb64f-83dd-4f42-b172-7a23a834a3e6 None admin] PATH_INFO: `/v3/domains/default` {{(pid=81604) log_request_info /opt/stack/keystone/keystone/server/flask/request_processing/req_logging.py:28}}
Mar 11 18:09:48 ubuntu devstack@keystone.service[81604]: DEBUG keystone.common.rbac_enforcer.enforcer [None req-d51eb64f-83dd-4f42-b172-7a23a834a3e6 None admin] RBAC: Authorizing `identity:get_domain(domain_id=default)` {{(pid=81604) enforce_call /opt/stack/keystone/keystone/common/rbac_enforcer/enforcer.py:494}}
Mar 11 18:09:48 ubuntu devstack@keystone.service[81604]: DEBUG keystone.common.rbac_enforcer.enforcer [None req-d51eb64f-83dd-4f42-b172-7a23a834a3e6 None admin] RBAC: Authorization granted {{(pid=81604) enforce_call /opt/stack/keystone/keystone/common/rbac_enforcer/enforcer.py:505}}
Mar 11 18:09:48 ubuntu devstack@keystone.service[81604]: [pid: 81604|app: 0|req: 27/48] 10.201.5.82 () {56 vars in 1145 bytes} [Wed Mar 11 18:09:48 2026] GET /identity/v3/domains/default => generated 199 bytes in 58 msecs (HTTP/1.1 200) 5 headers in 177 bytes (1 switches on core 0)
Mar 11 18:09:48 ubuntu devstack@keystone.service[81605]: DEBUG keystone.server.flask.request_processing.middleware.auth_context [None req-1a3c0c4a-ed5d-47e5-b9ad-dfffc2b0ac2e None None] Authenticating user token {{(pid=81605) process_request /opt/stack/data/venv/lib/python3.10/site-packages/keystonemiddleware/auth_token/__init__.py:407}}
Mar 11 18:09:48 ubuntu devstack@keystone.service[81605]: DEBUG keystone.server.flask.request_processing.middleware.auth_context [None req-1a3c0c4a-ed5d-47e5-b9ad-dfffc2b0ac2e None None] Validating token access rules against request {{(pid=81605) validate_allowed_request /opt/stack/data/venv/lib/python3.10/site-packages/keystonemiddleware/auth_token/__init__.py:545}}
Mar 11 18:09:48 ubuntu devstack@keystone.service[81605]: DEBUG keystone.server.flask.request_processing.middleware.auth_context [None req-243d11cd-fc0f-4bad-a4f8-679ea1574bf6 None admin] RBAC: auth_context: {'token': <TokenModel (audit_id=CL48bTMCQVWtaeV9yJbN5Q, audit_chain_id=['CL48bTMCQVWtaeV9yJbN5Q']) at 0x7f1e444b1690>, 'domain_id': None, 'trust_id': None, 'trustor_id': None, 'trustee_id': None, 'domain_name': None, 'group_ids': [], 'user_id': '063b00781ef241acb02cc49773426810', 'user_domain_id': 'default', 'system_scope': 'all', 'project_id': None, 'project_domain_id': None, 'roles': ['admin', 'manager', 'member', 'reader'], 'is_admin_project': True, 'service_user_id': None, 'service_user_domain_id': None, 'service_project_id': None, 'service_project_domain_id': None, 'service_roles': []} {{(pid=81605) fill_context /opt/stack/keystone/keystone/server/flask/request_processing/middleware/auth_context.py:509}}
Mar 11 18:09:48 ubuntu devstack@keystone.service[81605]: DEBUG keystone.server.flask.request_processing.req_logging [None req-243d11cd-fc0f-4bad-a4f8-679ea1574bf6 None admin] REQUEST_METHOD: `POST` {{(pid=81605) log_request_info /opt/stack/keystone/keystone/server/flask/request_processing/req_logging.py:26}}
Mar 11 18:09:48 ubuntu devstack@keystone.service[81605]: DEBUG keystone.server.flask.request_processing.req_logging [None req-243d11cd-fc0f-4bad-a4f8-679ea1574bf6 None admin] SCRIPT_NAME: `/identity` {{(pid=81605) log_request_info /opt/stack/keystone/keystone/server/flask/request_processing/req_logging.py:27}}
Mar 11 18:09:48 ubuntu devstack@keystone.service[81605]: DEBUG keystone.server.flask.request_processing.req_logging [None req-243d11cd-fc0f-4bad-a4f8-679ea1574bf6 None admin] PATH_INFO: `/v3/projects` {{(pid=81605) log_request_info /opt/stack/keystone/keystone/server/flask/request_processing/req_logging.py:28}}
Mar 11 18:09:48 ubuntu devstack@keystone.service[81605]: DEBUG keystone.common.rbac_enforcer.enforcer [None req-243d11cd-fc0f-4bad-a4f8-679ea1574bf6 None admin] RBAC: Authorizing `identity:create_project()` {{(pid=81605) enforce_call /opt/stack/keystone/keystone/common/rbac_enforcer/enforcer.py:494}}
Mar 11 18:09:48 ubuntu devstack@keystone.service[81605]: DEBUG keystone.common.rbac_enforcer.enforcer [None req-243d11cd-fc0f-4bad-a4f8-679ea1574bf6 None admin] RBAC: Authorization granted {{(pid=81605) enforce_call /opt/stack/keystone/keystone/common/rbac_enforcer/enforcer.py:505}}
Mar 11 18:09:48 ubuntu devstack@keystone.service[81605]: [pid: 81605|app: 0|req: 22/49] 10.201.5.82 () {60 vars in 1177 bytes} [Wed Mar 11 18:09:48 2026] POST /identity/v3/projects => generated 312 bytes in 70 msecs (HTTP/1.1 201) 5 headers in 182 bytes (1 switches on core 0)
Mar 11 18:09:49 ubuntu devstack@keystone.service[81604]: DEBUG keystone.server.flask.request_processing.req_logging [None req-9b82007e-1c91-4478-8e6b-c01f2007c029 None None] REQUEST_METHOD: `GET` {{(pid=81604) log_request_info /opt/stack/keystone/keystone/server/flask/request_processing/req_logging.py:26}}
Mar 11 18:09:49 ubuntu devstack@keystone.service[81604]: DEBUG keystone.server.flask.request_processing.req_logging [None req-9b82007e-1c91-4478-8e6b-c01f2007c029 None None] SCRIPT_NAME: `/identity` {{(pid=81604) log_request_info /opt/stack/keystone/keystone/server/flask/request_processing/req_logging.py:27}}
Mar 11 18:09:49 ubuntu devstack@keystone.service[81604]: DEBUG keystone.server.flask.request_processing.req_logging [None req-9b82007e-1c91-4478-8e6b-c01f2007c029 None None] PATH_INFO: `/` {{(pid=81604) log_request_info /opt/stack/keystone/keystone/server/flask/request_processing/req_logging.py:28}}
Mar 11 18:09:49 ubuntu devstack@keystone.service[81604]: [pid: 81604|app: 0|req: 28/50] 10.201.5.82 () {54 vars in 920 bytes} [Wed Mar 11 18:09:49 2026] GET /identity => generated 270 bytes in 2 msecs (HTTP/1.1 300) 6 headers in 234 bytes (2 switches on core 0)
Mar 11 18:09:49 ubuntu devstack@keystone.service[81605]: DEBUG keystone.server.flask.request_processing.req_logging [None req-29a330a8-f398-4707-9d52-56f3034e5450 None None] REQUEST_METHOD: `POST` {{(pid=81605) log_request_info /opt/stack/keystone/keystone/server/flask/request_processing/req_logging.py:26}}
Mar 11 18:09:49 ubuntu devstack@keystone.service[81605]: DEBUG keystone.server.flask.request_processing.req_logging [None req-29a330a8-f398-4707-9d52-56f3034e5450 None None] SCRIPT_NAME: `/identity` {{(pid=81605) log_request_info /opt/stack/keystone/keystone/server/flask/request_processing/req_logging.py:27}}
Mar 11 18:09:49 ubuntu devstack@keystone.service[81605]: DEBUG keystone.server.flask.request_processing.req_logging [None req-29a330a8-f398-4707-9d52-56f3034e5450 None None] PATH_INFO: `/v3/auth/tokens` {{(pid=81605) log_request_info /opt/stack/keystone/keystone/server/flask/request_processing/req_logging.py:28}}
Mar 11 18:09:49 ubuntu devstack@keystone.service[81605]: WARNING keystone.common.password_hashing [None req-29a330a8-f398-4707-9d52-56f3034e5450 None None] Truncating password to algorithm specific maximum length 72 characters.
Mar 11 18:09:49 ubuntu devstack@keystone.service[81605]: DEBUG keystone.auth.core [None req-29a330a8-f398-4707-9d52-56f3034e5450 None None] MFA Rules not processed for user `063b00781ef241acb02cc49773426810`. Rule list: `[]` (Enabled: `True`). {{(pid=81605) check_auth_methods_against_rules /opt/stack/keystone/keystone/auth/core.py:476}}
Mar 11 18:09:49 ubuntu devstack@keystone.service[81605]: DEBUG keystone.common.fernet_utils [None req-29a330a8-f398-4707-9d52-56f3034e5450 None None] Loaded 2 Fernet keys from /etc/keystone/fernet-keys/, but `[fernet_tokens] max_active_keys = 3`; perhaps there have not been enough key rotations to reach `max_active_keys` yet? {{(pid=81605) load_keys /opt/stack/keystone/keystone/common/fernet_utils.py:297}}
