Jul 03 08:49:07 ubuntu devstack@g-api.service[117758]: DEBUG glance.common.config [None req-0779d698-a726-471a-b4b6-293456d77ecd None None] database.connection_debug      = 0 {{(pid=117758) log_opt_values /opt/stack/data/venv/lib/python3.10/site-packages/oslo_config/cfg.py:2620}}
Jul 03 08:49:07 ubuntu devstack@g-api.service[117757]: DEBUG glance.common.config [None req-1bc030ad-2327-4577-a637-c5cb00501d0f None None] database.connection_debug      = 0 {{(pid=117757) log_opt_values /opt/stack/data/venv/lib/python3.10/site-packages/oslo_config/cfg.py:2620}}
Jul 03 08:49:07 ubuntu devstack@g-api.service[117758]: DEBUG glance.common.config [None req-0779d698-a726-471a-b4b6-293456d77ecd None None] database.connection_parameters =  {{(pid=117758) log_opt_values /opt/stack/data/venv/lib/python3.10/site-packages/oslo_config/cfg.py:2620}}
Jul 03 08:49:07 ubuntu devstack@g-api.service[117758]: DEBUG glance.common.config [None req-0779d698-a726-471a-b4b6-293456d77ecd None None] database.connection_recycle_time = 3600 {{(pid=117758) log_opt_values /opt/stack/data/venv/lib/python3.10/site-packages/oslo_config/cfg.py:2620}}
Jul 03 08:49:07 ubuntu devstack@g-api.service[117757]: DEBUG glance.common.config [None req-1bc030ad-2327-4577-a637-c5cb00501d0f None None] database.connection_parameters =  {{(pid=117757) log_opt_values /opt/stack/data/venv/lib/python3.10/site-packages/oslo_config/cfg.py:2620}}
Jul 03 08:49:07 ubuntu devstack@g-api.service[117758]: DEBUG glance.common.config [None req-0779d698-a726-471a-b4b6-293456d77ecd None None] database.connection_trace      = False {{(pid=117758) log_opt_values /opt/stack/data/venv/lib/python3.10/site-packages/oslo_config/cfg.py:2620}}
Jul 03 08:49:07 ubuntu devstack@g-api.service[117757]: DEBUG glance.common.config [None req-1bc030ad-2327-4577-a637-c5cb00501d0f None None] database.connection_recycle_time = 3600 {{(pid=117757) log_opt_values /opt/stack/data/venv/lib/python3.10/site-packages/oslo_config/cfg.py:2620}}
Jul 03 08:49:07 ubuntu devstack@g-api.service[117758]: DEBUG glance.common.config [None req-0779d698-a726-471a-b4b6-293456d77ecd None None] database.db_inc_retry_interval = True {{(pid=117758) log_opt_values /opt/stack/data/venv/lib/python3.10/site-packages/oslo_config/cfg.py:2620}}
Jul 03 08:49:07 ubuntu devstack@g-api.service[117757]: DEBUG glance.common.config [None req-1bc030ad-2327-4577-a637-c5cb00501d0f None None] database.connection_trace      = False {{(pid=117757) log_opt_values /opt/stack/data/venv/lib/python3.10/site-packages/oslo_config/cfg.py:2620}}
Jul 03 08:49:07 ubuntu devstack@g-api.service[117758]: DEBUG glance.common.config [None req-0779d698-a726-471a-b4b6-293456d77ecd None None] database.db_max_retries        = 20 {{(pid=117758) log_opt_values /opt/stack/data/venv/lib/python3.10/site-packages/oslo_config/cfg.py:2620}}
Jul 03 08:49:07 ubuntu devstack@g-api.service[117757]: DEBUG glance.common.config [None req-1bc030ad-2327-4577-a637-c5cb00501d0f None None] database.db_inc_retry_interval = True {{(pid=117757) log_opt_values /opt/stack/data/venv/lib/python3.10/site-packages/oslo_config/cfg.py:2620}}
Jul 03 08:49:07 ubuntu devstack@g-api.service[117758]: DEBUG glance.common.config [None req-0779d698-a726-471a-b4b6-293456d77ecd None None] database.db_max_retry_interval = 10 {{(pid=117758) log_opt_values /opt/stack/data/venv/lib/python3.10/site-packages/oslo_config/cfg.py:2620}}
Jul 03 08:49:07 ubuntu devstack@g-api.service[117757]: DEBUG glance.common.config [None req-1bc030ad-2327-4577-a637-c5cb00501d0f None None] database.db_max_retries        = 20 {{(pid=117757) log_opt_values /opt/stack/data/venv/lib/python3.10/site-packages/oslo_config/cfg.py:2620}}
Jul 03 08:49:07 ubuntu devstack@g-api.service[117758]: DEBUG glance.common.config [None req-0779d698-a726-471a-b4b6-293456d77ecd None None] database.db_retry_interval     = 1 {{(pid=117758) log_opt_values /opt/stack/data/venv/lib/python3.10/site-packages/oslo_config/cfg.py:2620}}
Jul 03 08:49:07 ubuntu devstack@g-api.service[117757]: DEBUG glance.common.config [None req-1bc030ad-2327-4577-a637-c5cb00501d0f None None] database.db_max_retry_interval = 10 {{(pid=117757) log_opt_values /opt/stack/data/venv/lib/python3.10/site-packages/oslo_config/cfg.py:2620}}
Jul 03 08:49:07 ubuntu devstack@g-api.service[117758]: DEBUG glance.common.config [None req-0779d698-a726-471a-b4b6-293456d77ecd None None] database.max_overflow          = 50 {{(pid=117758) log_opt_values /opt/stack/data/venv/lib/python3.10/site-packages/oslo_config/cfg.py:2620}}
Jul 03 08:49:07 ubuntu devstack@g-api.service[117757]: DEBUG glance.common.config [None req-1bc030ad-2327-4577-a637-c5cb00501d0f None None] database.db_retry_interval     = 1 {{(pid=117757) log_opt_values /opt/stack/data/venv/lib/python3.10/site-packages/oslo_config/cfg.py:2620}}
Jul 03 08:49:07 ubuntu devstack@g-api.service[117758]: DEBUG glance.common.config [None req-0779d698-a726-471a-b4b6-293456d77ecd None None] database.max_pool_size         = 5 {{(pid=117758) log_opt_values /opt/stack/data/venv/lib/python3.10/site-packages/oslo_config/cfg.py:2620}}
Jul 03 08:49:07 ubuntu devstack@g-api.service[117757]: DEBUG glance.common.config [None req-1bc030ad-2327-4577-a637-c5cb00501d0f None None] database.max_overflow          = 50 {{(pid=117757) log_opt_values /opt/stack/data/venv/lib/python3.10/site-packages/oslo_config/cfg.py:2620}}
Jul 03 08:49:07 ubuntu devstack@g-api.service[117758]: DEBUG glance.common.config [None req-0779d698-a726-471a-b4b6-293456d77ecd None None] database.max_retries           = 10 {{(pid=117758) log_opt_values /opt/stack/data/venv/lib/python3.10/site-packages/oslo_config/cfg.py:2620}}
Jul 03 08:49:07 ubuntu devstack@g-api.service[117757]: DEBUG glance.common.config [None req-1bc030ad-2327-4577-a637-c5cb00501d0f None None] database.max_pool_size         = 5 {{(pid=117757) log_opt_values /opt/stack/data/venv/lib/python3.10/site-packages/oslo_config/cfg.py:2620}}
Jul 03 08:49:07 ubuntu devstack@g-api.service[117757]: DEBUG glance.common.config [None req-1bc030ad-2327-4577-a637-c5cb00501d0f None None] database.max_retries           = 10 {{(pid=117757) log_opt_values /opt/stack/data/venv/lib/python3.10/site-packages/oslo_config/cfg.py:2620}}
Jul 03 08:49:07 ubuntu devstack@g-api.service[117758]: DEBUG glance.common.config [None req-0779d698-a726-471a-b4b6-293456d77ecd None None] database.mysql_sql_mode        = TRADITIONAL {{(pid=117758) log_opt_values /opt/stack/data/venv/lib/python3.10/site-packages/oslo_config/cfg.py:2620}}
Jul 03 08:49:07 ubuntu devstack@g-api.service[117757]: DEBUG glance.common.config [None req-1bc030ad-2327-4577-a637-c5cb00501d0f None None] database.mysql_sql_mode        = TRADITIONAL {{(pid=117757) log_opt_values /opt/stack/data/venv/lib/python3.10/site-packages/oslo_config/cfg.py:2620}}
Jul 03 08:49:07 ubuntu devstack@g-api.service[117758]: DEBUG glance.common.config [None req-0779d698-a726-471a-b4b6-293456d77ecd None None] database.mysql_wsrep_sync_wait = None {{(pid=117758) log_opt_values /opt/stack/data/venv/lib/python3.10/site-packages/oslo_config/cfg.py:2620}}
Jul 03 08:49:07 ubuntu devstack@g-api.service[117757]: DEBUG glance.common.config [None req-1bc030ad-2327-4577-a637-c5cb00501d0f None None] database.mysql_wsrep_sync_wait = None {{(pid=117757) log_opt_values /opt/stack/data/venv/lib/python3.10/site-packages/oslo_config/cfg.py:2620}}
Jul 03 08:49:07 ubuntu devstack@g-api.service[117758]: DEBUG glance.common.config [None req-0779d698-a726-471a-b4b6-293456d77ecd None None] database.pool_timeout          = None {{(pid=117758) log_opt_values /opt/stack/data/venv/lib/python3.10/site-packages/oslo_config/cfg.py:2620}}
Jul 03 08:49:07 ubuntu devstack@g-api.service[117757]: DEBUG glance.common.config [None req-1bc030ad-2327-4577-a637-c5cb00501d0f None None] database.pool_timeout          = None {{(pid=117757) log_opt_values /opt/stack/data/venv/lib/python3.10/site-packages/oslo_config/cfg.py:2620}}
Jul 03 08:49:07 ubuntu devstack@g-api.service[117758]: DEBUG glance.common.config [None req-0779d698-a726-471a-b4b6-293456d77ecd None None] database.retry_interval        = 10 {{(pid=117758) log_opt_values /opt/stack/data/venv/lib/python3.10/site-packages/oslo_config/cfg.py:2620}}
Jul 03 08:49:07 ubuntu devstack@g-api.service[117757]: DEBUG glance.common.config [None req-1bc030ad-2327-4577-a637-c5cb00501d0f None None] database.retry_interval        = 10 {{(pid=117757) log_opt_values /opt/stack/data/venv/lib/python3.10/site-packages/oslo_config/cfg.py:2620}}
Jul 03 08:49:07 ubuntu devstack@g-api.service[117758]: DEBUG glance.common.config [None req-0779d698-a726-471a-b4b6-293456d77ecd None None] database.slave_connection      = **** {{(pid=117758) log_opt_values /opt/stack/data/venv/lib/python3.10/site-packages/oslo_config/cfg.py:2620}}
Jul 03 08:49:07 ubuntu devstack@g-api.service[117757]: DEBUG glance.common.config [None req-1bc030ad-2327-4577-a637-c5cb00501d0f None None] database.slave_connection      = **** {{(pid=117757) log_opt_values /opt/stack/data/venv/lib/python3.10/site-packages/oslo_config/cfg.py:2620}}
Jul 03 08:49:07 ubuntu devstack@g-api.service[117757]: DEBUG glance.common.config [None req-1bc030ad-2327-4577-a637-c5cb00501d0f None None] database.sqlite_synchronous    = True {{(pid=117757) log_opt_values /opt/stack/data/venv/lib/python3.10/site-packages/oslo_config/cfg.py:2620}}
Jul 03 08:49:07 ubuntu devstack@g-api.service[117758]: DEBUG glance.common.config [None req-0779d698-a726-471a-b4b6-293456d77ecd None None] database.sqlite_synchronous    = True {{(pid=117758) log_opt_values /opt/stack/data/venv/lib/python3.10/site-packages/oslo_config/cfg.py:2620}}
Jul 03 08:49:07 ubuntu devstack@g-api.service[117757]: DEBUG glance.common.config [None req-1bc030ad-2327-4577-a637-c5cb00501d0f None None] database.use_db_reconnect      = False {{(pid=117757) log_opt_values /opt/stack/data/venv/lib/python3.10/site-packages/oslo_config/cfg.py:2620}}
Jul 03 08:49:07 ubuntu devstack@g-api.service[117758]: DEBUG glance.common.config [None req-0779d698-a726-471a-b4b6-293456d77ecd None None] database.use_db_reconnect      = False {{(pid=117758) log_opt_values /opt/stack/data/venv/lib/python3.10/site-packages/oslo_config/cfg.py:2620}}
Jul 03 08:49:07 ubuntu devstack@g-api.service[117757]: DEBUG glance.common.config [None req-1bc030ad-2327-4577-a637-c5cb00501d0f None None] healthcheck.allowed_source_ranges = [] {{(pid=117757) log_opt_values /opt/stack/data/venv/lib/python3.10/site-packages/oslo_config/cfg.py:2620}}
Jul 03 08:49:07 ubuntu devstack@g-api.service[117758]: DEBUG glance.common.config [None req-0779d698-a726-471a-b4b6-293456d77ecd None None] healthcheck.allowed_source_ranges = [] {{(pid=117758) log_opt_values /opt/stack/data/venv/lib/python3.10/site-packages/oslo_config/cfg.py:2620}}
Jul 03 08:49:07 ubuntu devstack@g-api.service[117757]: DEBUG glance.common.config [None req-1bc030ad-2327-4577-a637-c5cb00501d0f None None] healthcheck.backends           = ['disable_by_file'] {{(pid=117757) log_opt_values /opt/stack/data/venv/lib/python3.10/site-packages/oslo_config/cfg.py:2620}}
Jul 03 08:49:07 ubuntu devstack@g-api.service[117758]: DEBUG glance.common.config [None req-0779d698-a726-471a-b4b6-293456d77ecd None None] healthcheck.backends           = ['disable_by_file'] {{(pid=117758) log_opt_values /opt/stack/data/venv/lib/python3.10/site-packages/oslo_config/cfg.py:2620}}
Jul 03 08:49:07 ubuntu devstack@g-api.service[117757]: DEBUG glance.common.config [None req-1bc030ad-2327-4577-a637-c5cb00501d0f None None] healthcheck.detailed           = False {{(pid=117757) log_opt_values /opt/stack/data/venv/lib/python3.10/site-packages/oslo_config/cfg.py:2620}}
Jul 03 08:49:07 ubuntu devstack@g-api.service[117758]: DEBUG glance.common.config [None req-0779d698-a726-471a-b4b6-293456d77ecd None None] healthcheck.detailed           = False {{(pid=117758) log_opt_values /opt/stack/data/venv/lib/python3.10/site-packages/oslo_config/cfg.py:2620}}
Jul 03 08:49:07 ubuntu devstack@g-api.service[117757]: DEBUG glance.common.config [None req-1bc030ad-2327-4577-a637-c5cb00501d0f None None] healthcheck.disable_by_file_path = None {{(pid=117757) log_opt_values /opt/stack/data/venv/lib/python3.10/site-packages/oslo_config/cfg.py:2620}}
Jul 03 08:49:07 ubuntu devstack@g-api.service[117758]: DEBUG glance.common.config [None req-0779d698-a726-471a-b4b6-293456d77ecd None None] healthcheck.disable_by_file_path = None {{(pid=117758) log_opt_values /opt/stack/data/venv/lib/python3.10/site-packages/oslo_config/cfg.py:2620}}
Jul 03 08:49:07 ubuntu devstack@g-api.service[117757]: DEBUG glance.common.config [None req-1bc030ad-2327-4577-a637-c5cb00501d0f None None] healthcheck.ignore_proxied_requests = False {{(pid=117757) log_opt_values /opt/stack/data/venv/lib/python3.10/site-packages/oslo_config/cfg.py:2620}}
Jul 03 08:49:07 ubuntu devstack@g-api.service[117758]: DEBUG glance.common.config [None req-0779d698-a726-471a-b4b6-293456d77ecd None None] healthcheck.ignore_proxied_requests = False {{(pid=117758) log_opt_values /opt/stack/data/venv/lib/python3.10/site-packages/oslo_config/cfg.py:2620}}
Jul 03 08:49:07 ubuntu devstack@g-api.service[117757]: DEBUG glance.common.config [None req-1bc030ad-2327-4577-a637-c5cb00501d0f None None] healthcheck.path               = /healthcheck {{(pid=117757) log_opt_values /opt/stack/data/venv/lib/python3.10/site-packages/oslo_config/cfg.py:2620}}
Jul 03 08:49:07 ubuntu devstack@g-api.service[117758]: DEBUG glance.common.config [None req-0779d698-a726-471a-b4b6-293456d77ecd None None] healthcheck.path               = /healthcheck {{(pid=117758) log_opt_values /opt/stack/data/venv/lib/python3.10/site-packages/oslo_config/cfg.py:2620}}
Jul 03 08:49:07 ubuntu devstack@g-api.service[117757]: DEBUG glance.common.config [None req-1bc030ad-2327-4577-a637-c5cb00501d0f None None] ******************************************************************************** {{(pid=117757) log_opt_values /opt/stack/data/venv/lib/python3.10/site-packages/oslo_config/cfg.py:2624}}
Jul 03 08:49:07 ubuntu devstack@g-api.service[117758]: DEBUG glance.common.config [None req-0779d698-a726-471a-b4b6-293456d77ecd None None] ******************************************************************************** {{(pid=117758) log_opt_values /opt/stack/data/venv/lib/python3.10/site-packages/oslo_config/cfg.py:2624}}
Jul 03 08:49:07 ubuntu devstack@g-api.service[117757]: WSGI app 0 (mountpoint='') ready in 2 seconds on interpreter 0x558c613cae00 pid: 117757 (default app)
Jul 03 08:49:07 ubuntu devstack@g-api.service[117758]: WSGI app 0 (mountpoint='') ready in 2 seconds on interpreter 0x558c613cae00 pid: 117758 (default app)
Jul 03 08:49:07 ubuntu devstack@g-api.service[117757]: DEBUG glance.api.middleware.version_negotiation [None req-1bc030ad-2327-4577-a637-c5cb00501d0f None None] Determining version of request: GET / Accept: */* {{(pid=117757) process_request /opt/stack/glance/glance/api/middleware/version_negotiation.py:44}}
Jul 03 08:49:07 ubuntu devstack@g-api.service[117757]: DEBUG glance.api.middleware.version_negotiation [None req-1bc030ad-2327-4577-a637-c5cb00501d0f None None] Using url versioning {{(pid=117757) process_request /opt/stack/glance/glance/api/middleware/version_negotiation.py:57}}
Jul 03 08:49:07 ubuntu devstack@g-api.service[117757]: DEBUG glance.api.middleware.version_negotiation [None req-1bc030ad-2327-4577-a637-c5cb00501d0f None None] Unknown version. Returning version choices. {{(pid=117757) process_request /opt/stack/glance/glance/api/middleware/version_negotiation.py:64}}
Jul 03 08:49:07 ubuntu devstack@g-api.service[117757]: [pid: 117757|app: 0|req: 1/1] 127.0.0.1 () {32 vars in 386 bytes} [Wed Jul  3 08:49:07 2024] GET / => generated 1299 bytes in 3 msecs (HTTP/1.1 300) 3 headers in 106 bytes (1 switches on core 0)
Jul 03 08:49:13 ubuntu devstack@g-api.service[117758]: DEBUG glance.api.middleware.version_negotiation [None req-0779d698-a726-471a-b4b6-293456d77ecd None None] Determining version of request: GET / Accept: application/json {{(pid=117758) process_request /opt/stack/glance/glance/api/middleware/version_negotiation.py:44}}
Jul 03 08:49:13 ubuntu devstack@g-api.service[117758]: DEBUG glance.api.middleware.version_negotiation [None req-0779d698-a726-471a-b4b6-293456d77ecd None None] Using url versioning {{(pid=117758) process_request /opt/stack/glance/glance/api/middleware/version_negotiation.py:57}}
Jul 03 08:49:13 ubuntu devstack@g-api.service[117758]: DEBUG glance.api.middleware.version_negotiation [None req-0779d698-a726-471a-b4b6-293456d77ecd None None] Unknown version. Returning version choices. {{(pid=117758) process_request /opt/stack/glance/glance/api/middleware/version_negotiation.py:64}}
Jul 03 08:49:13 ubuntu devstack@g-api.service[117758]: [pid: 117758|app: 0|req: 1/2] 127.0.0.1 () {34 vars in 502 bytes} [Wed Jul  3 08:49:13 2024] GET / => generated 1299 bytes in 6 msecs (HTTP/1.1 300) 3 headers in 106 bytes (1 switches on core 0)
Jul 03 08:49:13 ubuntu devstack@g-api.service[117757]: DEBUG glance.api.middleware.version_negotiation [None req-1bc030ad-2327-4577-a637-c5cb00501d0f None None] Determining version of request: POST /v2/images Accept: */* {{(pid=117757) process_request /opt/stack/glance/glance/api/middleware/version_negotiation.py:44}}
Jul 03 08:49:13 ubuntu devstack@g-api.service[117757]: DEBUG glance.api.middleware.version_negotiation [None req-1bc030ad-2327-4577-a637-c5cb00501d0f None None] Using url versioning {{(pid=117757) process_request /opt/stack/glance/glance/api/middleware/version_negotiation.py:57}}
Jul 03 08:49:13 ubuntu devstack@g-api.service[117757]: DEBUG glance.api.middleware.version_negotiation [None req-1bc030ad-2327-4577-a637-c5cb00501d0f None None] Matched version: v2 {{(pid=117757) process_request /opt/stack/glance/glance/api/middleware/version_negotiation.py:69}}
Jul 03 08:49:13 ubuntu devstack@g-api.service[117757]: DEBUG glance.api.middleware.version_negotiation [None req-1bc030ad-2327-4577-a637-c5cb00501d0f None None] new path /v2/images {{(pid=117757) process_request /opt/stack/glance/glance/api/middleware/version_negotiation.py:70}}
Jul 03 08:49:14 ubuntu devstack@g-api.service[117757]: [pid: 117757|app: 0|req: 2/3] 127.0.0.1 () {40 vars in 765 bytes} [Wed Jul  3 08:49:13 2024] POST /v2/images => generated 807 bytes in 937 msecs (HTTP/1.1 201) 6 headers in 314 bytes (1 switches on core 0)
Jul 03 08:49:14 ubuntu devstack@g-api.service[117758]: DEBUG glance.api.middleware.version_negotiation [None req-0779d698-a726-471a-b4b6-293456d77ecd None None] Determining version of request: PUT /v2/images/7d283015-72af-4e63-abbc-cb372df48790/file Accept:  {{(pid=117758) process_request /opt/stack/glance/glance/api/middleware/version_negotiation.py:44}}
Jul 03 08:49:14 ubuntu devstack@g-api.service[117758]: DEBUG glance.api.middleware.version_negotiation [None req-0779d698-a726-471a-b4b6-293456d77ecd None None] Using url versioning {{(pid=117758) process_request /opt/stack/glance/glance/api/middleware/version_negotiation.py:57}}
Jul 03 08:49:14 ubuntu devstack@g-api.service[117758]: DEBUG glance.api.middleware.version_negotiation [None req-0779d698-a726-471a-b4b6-293456d77ecd None None] Matched version: v2 {{(pid=117758) process_request /opt/stack/glance/glance/api/middleware/version_negotiation.py:69}}
Jul 03 08:49:14 ubuntu devstack@g-api.service[117758]: DEBUG glance.api.middleware.version_negotiation [None req-0779d698-a726-471a-b4b6-293456d77ecd None None] new path /v2/images/7d283015-72af-4e63-abbc-cb372df48790/file {{(pid=117758) process_request /opt/stack/glance/glance/api/middleware/version_negotiation.py:70}}
Jul 03 08:49:14 ubuntu devstack@g-api.service[117758]: INFO glance.api.v2.image_data [None req-fc5044ed-acc0-46e3-b52d-43ca32a0be6c admin admin] Unable to create trust: no such option collect_timing in group [keystone_authtoken] Use the existing user token.
Jul 03 08:49:15 ubuntu devstack@g-api.service[117758]: DEBUG glance.location [None req-fc5044ed-acc0-46e3-b52d-43ca32a0be6c admin admin] Enabling in-flight format inspection for qcow2 {{(pid=117758) set_data /opt/stack/glance/glance/location.py:581}}
Jul 03 08:49:15 ubuntu devstack@g-api.service[117758]: DEBUG glance_store.backend [None req-fc5044ed-acc0-46e3-b52d-43ca32a0be6c admin admin] Attempting to import store swift {{(pid=117758) _load_store /opt/stack/data/venv/lib/python3.10/site-packages/glance_store/backend.py:216}}
Jul 03 08:49:15 ubuntu devstack@g-api.service[117758]: DEBUG glance_store.capabilities [None req-fc5044ed-acc0-46e3-b52d-43ca32a0be6c admin admin] Store glance_store._drivers.swift.store.SingleTenantStore doesn't support updating dynamic storage capabilities. Please overwrite 'update_capabilities' method of the store to implement updating logics if needed. {{(pid=117758) update_capabilities /opt/stack/data/venv/lib/python3.10/site-packages/glance_store/capabilities.py:91}}
Jul 03 08:49:15 ubuntu devstack@g-api.service[117758]: DEBUG glance_store.driver [None req-fc5044ed-acc0-46e3-b52d-43ca32a0be6c admin admin] Late loading location class glance_store._drivers.swift.store.StoreLocation {{(pid=117758) get_store_location_class /opt/stack/data/venv/lib/python3.10/site-packages/glance_store/driver.py:133}}
Jul 03 08:49:15 ubuntu devstack@g-api.service[117758]: DEBUG glance_store.location [None req-fc5044ed-acc0-46e3-b52d-43ca32a0be6c admin admin] Registering scheme swift+https with {'store': <glance_store._drivers.swift.store.SingleTenantStore object at 0x7fd2a4527ac0>, 'location_class': <class 'glance_store._drivers.swift.store.StoreLocation'>, 'store_entry': 'swift'} {{(pid=117758) register_scheme_map /opt/stack/data/venv/lib/python3.10/site-packages/glance_store/location.py:146}}
Jul 03 08:49:15 ubuntu devstack@g-api.service[117758]: DEBUG glance_store.location [None req-fc5044ed-acc0-46e3-b52d-43ca32a0be6c admin admin] Registering scheme swift+https with {'store': <glance_store._drivers.swift.store.SingleTenantStore object at 0x7fd2a4527ac0>, 'location_class': <class 'glance_store._drivers.swift.store.StoreLocation'>, 'store_entry': 'swift'} {{(pid=117758) register_scheme_map /opt/stack/data/venv/lib/python3.10/site-packages/glance_store/location.py:146}}
Jul 03 08:49:15 ubuntu devstack@g-api.service[117758]: DEBUG glance_store.location [None req-fc5044ed-acc0-46e3-b52d-43ca32a0be6c admin admin] Registering scheme swift with {'store': <glance_store._drivers.swift.store.SingleTenantStore object at 0x7fd2a4527ac0>, 'location_class': <class 'glance_store._drivers.swift.store.StoreLocation'>, 'store_entry': 'swift'} {{(pid=117758) register_scheme_map /opt/stack/data/venv/lib/python3.10/site-packages/glance_store/location.py:146}}
Jul 03 08:49:15 ubuntu devstack@g-api.service[117758]: DEBUG glance_store.location [None req-fc5044ed-acc0-46e3-b52d-43ca32a0be6c admin admin] Registering scheme swift+https with {'store': <glance_store._drivers.swift.store.SingleTenantStore object at 0x7fd2a4527ac0>, 'location_class': <class 'glance_store._drivers.swift.store.StoreLocation'>, 'store_entry': 'swift'} {{(pid=117758) register_scheme_map /opt/stack/data/venv/lib/python3.10/site-packages/glance_store/location.py:146}}
Jul 03 08:49:15 ubuntu devstack@g-api.service[117758]: DEBUG glance_store.location [None req-fc5044ed-acc0-46e3-b52d-43ca32a0be6c admin admin] Registering scheme swift with {'store': <glance_store._drivers.swift.store.SingleTenantStore object at 0x7fd2a4527ac0>, 'location_class': <class 'glance_store._drivers.swift.store.StoreLocation'>, 'store_entry': 'swift'} {{(pid=117758) register_scheme_map /opt/stack/data/venv/lib/python3.10/site-packages/glance_store/location.py:146}}
Jul 03 08:49:15 ubuntu devstack@g-api.service[117758]: DEBUG glance_store.location [None req-fc5044ed-acc0-46e3-b52d-43ca32a0be6c admin admin] Registering scheme swift+http with {'store': <glance_store._drivers.swift.store.SingleTenantStore object at 0x7fd2a4527ac0>, 'location_class': <class 'glance_store._drivers.swift.store.StoreLocation'>, 'store_entry': 'swift'} {{(pid=117758) register_scheme_map /opt/stack/data/venv/lib/python3.10/site-packages/glance_store/location.py:146}}
Jul 03 08:49:15 ubuntu devstack@g-api.service[117758]: DEBUG glance_store.location [None req-fc5044ed-acc0-46e3-b52d-43ca32a0be6c admin admin] Registering scheme swift+https with {'store': <glance_store._drivers.swift.store.SingleTenantStore object at 0x7fd2a4527ac0>, 'location_class': <class 'glance_store._drivers.swift.store.StoreLocation'>, 'store_entry': 'swift'} {{(pid=117758) register_scheme_map /opt/stack/data/venv/lib/python3.10/site-packages/glance_store/location.py:146}}
Jul 03 08:49:15 ubuntu devstack@g-api.service[117758]: DEBUG glance_store.location [None req-fc5044ed-acc0-46e3-b52d-43ca32a0be6c admin admin] Registering scheme swift with {'store': <glance_store._drivers.swift.store.SingleTenantStore object at 0x7fd2a4527ac0>, 'location_class': <class 'glance_store._drivers.swift.store.StoreLocation'>, 'store_entry': 'swift'} {{(pid=117758) register_scheme_map /opt/stack/data/venv/lib/python3.10/site-packages/glance_store/location.py:146}}
Jul 03 08:49:15 ubuntu devstack@g-api.service[117758]: DEBUG glance_store.location [None req-fc5044ed-acc0-46e3-b52d-43ca32a0be6c admin admin] Registering scheme swift+http with {'store': <glance_store._drivers.swift.store.SingleTenantStore object at 0x7fd2a4527ac0>, 'location_class': <class 'glance_store._drivers.swift.store.StoreLocation'>, 'store_entry': 'swift'} {{(pid=117758) register_scheme_map /opt/stack/data/venv/lib/python3.10/site-packages/glance_store/location.py:146}}
Jul 03 08:49:15 ubuntu devstack@g-api.service[117758]: DEBUG glance_store.location [None req-fc5044ed-acc0-46e3-b52d-43ca32a0be6c admin admin] Registering scheme swift+config with {'store': <glance_store._drivers.swift.store.SingleTenantStore object at 0x7fd2a4527ac0>, 'location_class': <class 'glance_store._drivers.swift.store.StoreLocation'>, 'store_entry': 'swift'} {{(pid=117758) register_scheme_map /opt/stack/data/venv/lib/python3.10/site-packages/glance_store/location.py:146}}
Jul 03 08:49:15 ubuntu devstack@g-api.service[117758]: INFO swiftclient [None req-fc5044ed-acc0-46e3-b52d-43ca32a0be6c admin admin] REQ: curl -i http://10.201.5.82:8080/v1/AUTH_63e24d163ce748b8a4bfc02288a0f930/glance -I -H "X-Auth-Token: gAAAAABmhRCLiICT..."
Jul 03 08:49:15 ubuntu devstack@g-api.service[117758]: INFO swiftclient [None req-fc5044ed-acc0-46e3-b52d-43ca32a0be6c admin admin] RESP STATUS: 404 Not Found
Jul 03 08:49:15 ubuntu devstack@g-api.service[117758]: INFO swiftclient [None req-fc5044ed-acc0-46e3-b52d-43ca32a0be6c admin admin] RESP HEADERS: {'Content-Type': 'text/html; charset=UTF-8', 'Content-Length': '0', 'X-Container-Sharding': 'False', 'X-Trans-Id': 'txb43544787e07496eb5c76-006685108b', 'X-Openstack-Request-Id': 'txb43544787e07496eb5c76-006685108b', 'Date': 'Wed, 03 Jul 2024 08:49:15 GMT'}
Jul 03 08:49:15 ubuntu devstack@g-api.service[117758]: INFO glance_store._drivers.swift.store [None req-fc5044ed-acc0-46e3-b52d-43ca32a0be6c admin admin] Creating swift container glance
Jul 03 08:49:15 ubuntu devstack@g-api.service[117758]: DEBUG swiftclient [None req-fc5044ed-acc0-46e3-b52d-43ca32a0be6c admin admin] REQ: curl -i http://10.201.5.82:8080/v1/AUTH_63e24d163ce748b8a4bfc02288a0f930/glance -X PUT -H "X-Auth-Token: gAAAAABmhRCLiICT..." -H "Content-Length: 0" {{(pid=117758) http_log /opt/stack/data/venv/lib/python3.10/site-packages/swiftclient/client.py:160}}
Jul 03 08:49:15 ubuntu devstack@g-api.service[117758]: DEBUG swiftclient [None req-fc5044ed-acc0-46e3-b52d-43ca32a0be6c admin admin] RESP STATUS: 201 Created {{(pid=117758) http_log /opt/stack/data/venv/lib/python3.10/site-packages/swiftclient/client.py:161}}
Jul 03 08:49:15 ubuntu devstack@g-api.service[117758]: DEBUG swiftclient [None req-fc5044ed-acc0-46e3-b52d-43ca32a0be6c admin admin] RESP HEADERS: {'Content-Type': 'text/html; charset=UTF-8', 'Content-Length': '0', 'X-Trans-Id': 'txd6b2aa24c9cd4272b330b-006685108b', 'X-Openstack-Request-Id': 'txd6b2aa24c9cd4272b330b-006685108b', 'Date': 'Wed, 03 Jul 2024 08:49:15 GMT'} {{(pid=117758) http_log /opt/stack/data/venv/lib/python3.10/site-packages/swiftclient/client.py:162}}
Jul 03 08:49:15 ubuntu devstack@g-api.service[117758]: DEBUG glance_store._drivers.swift.store [None req-fc5044ed-acc0-46e3-b52d-43ca32a0be6c admin admin] Adding image object '7d283015-72af-4e63-abbc-cb372df48790' to Swift {{(pid=117758) add /opt/stack/data/venv/lib/python3.10/site-packages/glance_store/_drivers/swift/store.py:941}}
Jul 03 08:49:15 ubuntu devstack@g-api.service[117758]: DEBUG swiftclient [None req-fc5044ed-acc0-46e3-b52d-43ca32a0be6c admin admin] REQ: curl -i http://10.201.5.82:8080/v1/AUTH_63e24d163ce748b8a4bfc02288a0f930/glance/7d283015-72af-4e63-abbc-cb372df48790 -X PUT -H "X-Auth-Token: gAAAAABmhRCLiICT..." -H "Content-Length: 21430272" {{(pid=117758) http_log /opt/stack/data/venv/lib/python3.10/site-packages/swiftclient/client.py:160}}
Jul 03 08:49:15 ubuntu devstack@g-api.service[117758]: DEBUG swiftclient [None req-fc5044ed-acc0-46e3-b52d-43ca32a0be6c admin admin] RESP STATUS: 201 Created {{(pid=117758) http_log /opt/stack/data/venv/lib/python3.10/site-packages/swiftclient/client.py:161}}
Jul 03 08:49:15 ubuntu devstack@g-api.service[117758]: DEBUG swiftclient [None req-fc5044ed-acc0-46e3-b52d-43ca32a0be6c admin admin] RESP HEADERS: {'Content-Type': 'text/html; charset=UTF-8', 'Content-Length': '0', 'Etag': 'c8fc807773e5354afe61636071771906', 'Last-Modified': 'Wed, 03 Jul 2024 08:49:16 GMT', 'X-Trans-Id': 'tx1702f768ce5f414d90ec2-006685108b', 'X-Openstack-Request-Id': 'tx1702f768ce5f414d90ec2-006685108b', 'Date': 'Wed, 03 Jul 2024 08:49:15 GMT'} {{(pid=117758) http_log /opt/stack/data/venv/lib/python3.10/site-packages/swiftclient/client.py:162}}
Jul 03 08:49:15 ubuntu devstack@g-api.service[117758]: INFO glance.location [None req-fc5044ed-acc0-46e3-b52d-43ca32a0be6c admin admin] Image format matched and virtual size computed: 117440512
Jul 03 08:49:16 ubuntu devstack@g-api.service[117758]: DEBUG glance_store.backend [None req-fc5044ed-acc0-46e3-b52d-43ca32a0be6c admin admin] Attempting to import store swift {{(pid=117758) _load_store /opt/stack/data/venv/lib/python3.10/site-packages/glance_store/backend.py:216}}
Jul 03 08:49:16 ubuntu devstack@g-api.service[117758]: DEBUG glance_store.capabilities [None req-fc5044ed-acc0-46e3-b52d-43ca32a0be6c admin admin] Store glance_store._drivers.swift.store.SingleTenantStore doesn't support updating dynamic storage capabilities. Please overwrite 'update_capabilities' method of the store to implement updating logics if needed. {{(pid=117758) update_capabilities /opt/stack/data/venv/lib/python3.10/site-packages/glance_store/capabilities.py:91}}
Jul 03 08:49:16 ubuntu devstack@g-api.service[117758]: DEBUG glance_store.driver [None req-fc5044ed-acc0-46e3-b52d-43ca32a0be6c admin admin] Late loading location class glance_store._drivers.swift.store.StoreLocation {{(pid=117758) get_store_location_class /opt/stack/data/venv/lib/python3.10/site-packages/glance_store/driver.py:133}}
Jul 03 08:49:16 ubuntu devstack@g-api.service[117758]: DEBUG glance_store.location [None req-fc5044ed-acc0-46e3-b52d-43ca32a0be6c admin admin] Registering scheme swift+https with {'store': <glance_store._drivers.swift.store.SingleTenantStore object at 0x7fd2a6435f00>, 'location_class': <class 'glance_store._drivers.swift.store.StoreLocation'>, 'store_entry': 'swift'} {{(pid=117758) register_scheme_map /opt/stack/data/venv/lib/python3.10/site-packages/glance_store/location.py:146}}
Jul 03 08:49:16 ubuntu devstack@g-api.service[117758]: DEBUG glance_store.location [None req-fc5044ed-acc0-46e3-b52d-43ca32a0be6c admin admin] Registering scheme swift+https with {'store': <glance_store._drivers.swift.store.SingleTenantStore object at 0x7fd2a6435f00>, 'location_class': <class 'glance_store._drivers.swift.store.StoreLocation'>, 'store_entry': 'swift'} {{(pid=117758) register_scheme_map /opt/stack/data/venv/lib/python3.10/site-packages/glance_store/location.py:146}}
Jul 03 08:49:16 ubuntu devstack@g-api.service[117758]: DEBUG glance_store.location [None req-fc5044ed-acc0-46e3-b52d-43ca32a0be6c admin admin] Registering scheme swift with {'store': <glance_store._drivers.swift.store.SingleTenantStore object at 0x7fd2a6435f00>, 'location_class': <class 'glance_store._drivers.swift.store.StoreLocation'>, 'store_entry': 'swift'} {{(pid=117758) register_scheme_map /opt/stack/data/venv/lib/python3.10/site-packages/glance_store/location.py:146}}
Jul 03 08:49:16 ubuntu devstack@g-api.service[117758]: DEBUG glance_store.location [None req-fc5044ed-acc0-46e3-b52d-43ca32a0be6c admin admin] Registering scheme swift+https with {'store': <glance_store._drivers.swift.store.SingleTenantStore object at 0x7fd2a6435f00>, 'location_class': <class 'glance_store._drivers.swift.store.StoreLocation'>, 'store_entry': 'swift'} {{(pid=117758) register_scheme_map /opt/stack/data/venv/lib/python3.10/site-packages/glance_store/location.py:146}}
Jul 03 08:49:16 ubuntu devstack@g-api.service[117758]: DEBUG glance_store.location [None req-fc5044ed-acc0-46e3-b52d-43ca32a0be6c admin admin] Registering scheme swift with {'store': <glance_store._drivers.swift.store.SingleTenantStore object at 0x7fd2a6435f00>, 'location_class': <class 'glance_store._drivers.swift.store.StoreLocation'>, 'store_entry': 'swift'} {{(pid=117758) register_scheme_map /opt/stack/data/venv/lib/python3.10/site-packages/glance_store/location.py:146}}
Jul 03 08:49:16 ubuntu devstack@g-api.service[117758]: DEBUG glance_store.location [None req-fc5044ed-acc0-46e3-b52d-43ca32a0be6c admin admin] Registering scheme swift+http with {'store': <glance_store._drivers.swift.store.SingleTenantStore object at 0x7fd2a6435f00>, 'location_class': <class 'glance_store._drivers.swift.store.StoreLocation'>, 'store_entry': 'swift'} {{(pid=117758) register_scheme_map /opt/stack/data/venv/lib/python3.10/site-packages/glance_store/location.py:146}}
Jul 03 08:49:16 ubuntu devstack@g-api.service[117758]: DEBUG glance_store.location [None req-fc5044ed-acc0-46e3-b52d-43ca32a0be6c admin admin] Registering scheme swift+https with {'store': <glance_store._drivers.swift.store.SingleTenantStore object at 0x7fd2a6435f00>, 'location_class': <class 'glance_store._drivers.swift.store.StoreLocation'>, 'store_entry': 'swift'} {{(pid=117758) register_scheme_map /opt/stack/data/venv/lib/python3.10/site-packages/glance_store/location.py:146}}
Jul 03 08:49:16 ubuntu devstack@g-api.service[117758]: DEBUG glance_store.location [None req-fc5044ed-acc0-46e3-b52d-43ca32a0be6c admin admin] Registering scheme swift with {'store': <glance_store._drivers.swift.store.SingleTenantStore object at 0x7fd2a6435f00>, 'location_class': <class 'glance_store._drivers.swift.store.StoreLocation'>, 'store_entry': 'swift'} {{(pid=117758) register_scheme_map /opt/stack/data/venv/lib/python3.10/site-packages/glance_store/location.py:146}}
Jul 03 08:49:16 ubuntu devstack@g-api.service[117758]: DEBUG glance_store.location [None req-fc5044ed-acc0-46e3-b52d-43ca32a0be6c admin admin] Registering scheme swift+http with {'store': <glance_store._drivers.swift.store.SingleTenantStore object at 0x7fd2a6435f00>, 'location_class': <class 'glance_store._drivers.swift.store.StoreLocation'>, 'store_entry': 'swift'} {{(pid=117758) register_scheme_map /opt/stack/data/venv/lib/python3.10/site-packages/glance_store/location.py:146}}
Jul 03 08:49:16 ubuntu devstack@g-api.service[117758]: DEBUG glance_store.location [None req-fc5044ed-acc0-46e3-b52d-43ca32a0be6c admin admin] Registering scheme swift+config with {'store': <glance_store._drivers.swift.store.SingleTenantStore object at 0x7fd2a6435f00>, 'location_class': <class 'glance_store._drivers.swift.store.StoreLocation'>, 'store_entry': 'swift'} {{(pid=117758) register_scheme_map /opt/stack/data/venv/lib/python3.10/site-packages/glance_store/location.py:146}}
Jul 03 08:49:16 ubuntu devstack@g-api.service[117758]: DEBUG glance_store.backend [None req-fc5044ed-acc0-46e3-b52d-43ca32a0be6c admin admin] Skipping store.set_acls... not implemented. {{(pid=117758) set_acls /opt/stack/data/venv/lib/python3.10/site-packages/glance_store/backend.py:508}}
Jul 03 08:49:16 ubuntu devstack@g-api.service[117758]: [pid: 117758|app: 0|req: 2/4] 127.0.0.1 () {40 vars in 858 bytes} [Wed Jul  3 08:49:14 2024] PUT /v2/images/7d283015-72af-4e63-abbc-cb372df48790/file => generated 0 bytes in 1780 msecs (HTTP/1.1 204) 4 headers in 171 bytes (1 switches on core 0)
Jul 03 08:49:24 ubuntu devstack@g-api.service[117757]: DEBUG dbcounter [-] [117757] Writing DB stats glance:INSERT=9,glance:SELECT=5 {{(pid=117757) stat_writer /opt/stack/data/venv/lib/python3.10/site-packages/dbcounter.py:115}}
Jul 03 08:49:26 ubuntu devstack@g-api.service[117758]: DEBUG dbcounter [-] [117758] Writing DB stats glance:INSERT=5,glance:SELECT=18,glance:UPDATE=2 {{(pid=117758) stat_writer /opt/stack/data/venv/lib/python3.10/site-packages/dbcounter.py:115}}
Jul 03 08:49:49 ubuntu devstack@g-api.service[117757]: DEBUG glance.api.middleware.version_negotiation [None req-8d9b0774-0238-4b5c-a8b7-9d9b7b500bc3 admin admin] Determining version of request: GET / Accept: application/json {{(pid=117757) process_request /opt/stack/glance/glance/api/middleware/version_negotiation.py:44}}
Jul 03 08:49:49 ubuntu devstack@g-api.service[117757]: DEBUG glance.api.middleware.version_negotiation [None req-8d9b0774-0238-4b5c-a8b7-9d9b7b500bc3 admin admin] Using url versioning {{(pid=117757) process_request /opt/stack/glance/glance/api/middleware/version_negotiation.py:57}}
Jul 03 08:49:49 ubuntu devstack@g-api.service[117757]: DEBUG glance.api.middleware.version_negotiation [None req-8d9b0774-0238-4b5c-a8b7-9d9b7b500bc3 admin admin] Unknown version. Returning version choices. {{(pid=117757) process_request /opt/stack/glance/glance/api/middleware/version_negotiation.py:64}}
Jul 03 08:49:49 ubuntu devstack@g-api.service[117757]: [pid: 117757|app: 0|req: 3/5] 127.0.0.1 () {34 vars in 502 bytes} [Wed Jul  3 08:49:49 2024] GET / => generated 1299 bytes in 8 msecs (HTTP/1.1 300) 3 headers in 106 bytes (1 switches on core 0)
Jul 03 08:49:49 ubuntu devstack@g-api.service[117758]: DEBUG glance.api.middleware.version_negotiation [None req-fc5044ed-acc0-46e3-b52d-43ca32a0be6c admin admin] Determining version of request: GET /v2/images Accept: application/json {{(pid=117758) process_request /opt/stack/glance/glance/api/middleware/version_negotiation.py:44}}
Jul 03 08:49:49 ubuntu devstack@g-api.service[117758]: DEBUG glance.api.middleware.version_negotiation [None req-fc5044ed-acc0-46e3-b52d-43ca32a0be6c admin admin] Using url versioning {{(pid=117758) process_request /opt/stack/glance/glance/api/middleware/version_negotiation.py:57}}
Jul 03 08:49:49 ubuntu devstack@g-api.service[117758]: DEBUG glance.api.middleware.version_negotiation [None req-fc5044ed-acc0-46e3-b52d-43ca32a0be6c admin admin] Matched version: v2 {{(pid=117758) process_request /opt/stack/glance/glance/api/middleware/version_negotiation.py:69}}
Jul 03 08:49:49 ubuntu devstack@g-api.service[117758]: DEBUG glance.api.middleware.version_negotiation [None req-fc5044ed-acc0-46e3-b52d-43ca32a0be6c admin admin] new path /v2/images {{(pid=117758) process_request /opt/stack/glance/glance/api/middleware/version_negotiation.py:70}}
Jul 03 08:49:49 ubuntu devstack@g-api.service[117758]: [pid: 117758|app: 0|req: 3/6] 127.0.0.1 () {36 vars in 724 bytes} [Wed Jul  3 08:49:49 2024] GET /v2/images => generated 1045 bytes in 385 msecs (HTTP/1.1 200) 4 headers in 158 bytes (1 switches on core 0)
Jul 03 08:49:54 ubuntu devstack@g-api.service[117757]: DEBUG glance.api.middleware.version_negotiation [None req-8d9b0774-0238-4b5c-a8b7-9d9b7b500bc3 admin admin] Determining version of request: GET / Accept: application/json {{(pid=117757) process_request /opt/stack/glance/glance/api/middleware/version_negotiation.py:44}}
Jul 03 08:49:54 ubuntu devstack@g-api.service[117757]: DEBUG glance.api.middleware.version_negotiation [None req-8d9b0774-0238-4b5c-a8b7-9d9b7b500bc3 admin admin] Using url versioning {{(pid=117757) process_request /opt/stack/glance/glance/api/middleware/version_negotiation.py:57}}
Jul 03 08:49:54 ubuntu devstack@g-api.service[117757]: DEBUG glance.api.middleware.version_negotiation [None req-8d9b0774-0238-4b5c-a8b7-9d9b7b500bc3 admin admin] Unknown version. Returning version choices. {{(pid=117757) process_request /opt/stack/glance/glance/api/middleware/version_negotiation.py:64}}
Jul 03 08:49:54 ubuntu devstack@g-api.service[117757]: [pid: 117757|app: 0|req: 4/7] 127.0.0.1 () {34 vars in 502 bytes} [Wed Jul  3 08:49:54 2024] GET / => generated 1299 bytes in 1 msecs (HTTP/1.1 300) 3 headers in 106 bytes (1 switches on core 0)
Jul 03 08:49:54 ubuntu devstack@g-api.service[117758]: DEBUG glance.api.middleware.version_negotiation [None req-6bf226c5-3243-4180-bf65-a66c3394b20e admin admin] Determining version of request: GET /v2/images/7d283015-72af-4e63-abbc-cb372df48790 Accept: */* {{(pid=117758) process_request /opt/stack/glance/glance/api/middleware/version_negotiation.py:44}}
Jul 03 08:49:54 ubuntu devstack@g-api.service[117758]: DEBUG glance.api.middleware.version_negotiation [None req-6bf226c5-3243-4180-bf65-a66c3394b20e admin admin] Using url versioning {{(pid=117758) process_request /opt/stack/glance/glance/api/middleware/version_negotiation.py:57}}
Jul 03 08:49:54 ubuntu devstack@g-api.service[117758]: DEBUG glance.api.middleware.version_negotiation [None req-6bf226c5-3243-4180-bf65-a66c3394b20e admin admin] Matched version: v2 {{(pid=117758) process_request /opt/stack/glance/glance/api/middleware/version_negotiation.py:69}}
Jul 03 08:49:54 ubuntu devstack@g-api.service[117758]: DEBUG glance.api.middleware.version_negotiation [None req-6bf226c5-3243-4180-bf65-a66c3394b20e admin admin] new path /v2/images/7d283015-72af-4e63-abbc-cb372df48790 {{(pid=117758) process_request /opt/stack/glance/glance/api/middleware/version_negotiation.py:70}}
Jul 03 08:49:54 ubuntu devstack@g-api.service[117758]: [pid: 117758|app: 0|req: 4/8] 127.0.0.1 () {36 vars in 785 bytes} [Wed Jul  3 08:49:54 2024] GET /v2/images/7d283015-72af-4e63-abbc-cb372df48790 => generated 976 bytes in 201 msecs (HTTP/1.1 200) 4 headers in 157 bytes (1 switches on core 0)
Jul 03 08:49:57 ubuntu devstack@g-api.service[117757]: DEBUG glance.api.middleware.version_negotiation [None req-8d9b0774-0238-4b5c-a8b7-9d9b7b500bc3 admin admin] Determining version of request: GET / Accept: application/json {{(pid=117757) process_request /opt/stack/glance/glance/api/middleware/version_negotiation.py:44}}
Jul 03 08:49:57 ubuntu devstack@g-api.service[117757]: DEBUG glance.api.middleware.version_negotiation [None req-8d9b0774-0238-4b5c-a8b7-9d9b7b500bc3 admin admin] Using url versioning {{(pid=117757) process_request /opt/stack/glance/glance/api/middleware/version_negotiation.py:57}}
Jul 03 08:49:57 ubuntu devstack@g-api.service[117757]: DEBUG glance.api.middleware.version_negotiation [None req-8d9b0774-0238-4b5c-a8b7-9d9b7b500bc3 admin admin] Unknown version. Returning version choices. {{(pid=117757) process_request /opt/stack/glance/glance/api/middleware/version_negotiation.py:64}}
Jul 03 08:49:57 ubuntu devstack@g-api.service[117757]: [pid: 117757|app: 0|req: 5/9] 127.0.0.1 () {34 vars in 502 bytes} [Wed Jul  3 08:49:57 2024] GET / => generated 1299 bytes in 4 msecs (HTTP/1.1 300) 3 headers in 106 bytes (1 switches on core 0)
Jul 03 08:49:57 ubuntu devstack@g-api.service[117758]: DEBUG glance.api.middleware.version_negotiation [None req-e6cc1741-2168-40f8-9139-7f003ed02cc0 admin admin] Determining version of request: GET /v2/images/7d283015-72af-4e63-abbc-cb372df48790 Accept: */* {{(pid=117758) process_request /opt/stack/glance/glance/api/middleware/version_negotiation.py:44}}
Jul 03 08:49:57 ubuntu devstack@g-api.service[117758]: DEBUG glance.api.middleware.version_negotiation [None req-e6cc1741-2168-40f8-9139-7f003ed02cc0 admin admin] Using url versioning {{(pid=117758) process_request /opt/stack/glance/glance/api/middleware/version_negotiation.py:57}}
Jul 03 08:49:57 ubuntu devstack@g-api.service[117758]: DEBUG glance.api.middleware.version_negotiation [None req-e6cc1741-2168-40f8-9139-7f003ed02cc0 admin admin] Matched version: v2 {{(pid=117758) process_request /opt/stack/glance/glance/api/middleware/version_negotiation.py:69}}
Jul 03 08:49:57 ubuntu devstack@g-api.service[117758]: DEBUG glance.api.middleware.version_negotiation [None req-e6cc1741-2168-40f8-9139-7f003ed02cc0 admin admin] new path /v2/images/7d283015-72af-4e63-abbc-cb372df48790 {{(pid=117758) process_request /opt/stack/glance/glance/api/middleware/version_negotiation.py:70}}
Jul 03 08:49:57 ubuntu devstack@g-api.service[117758]: [pid: 117758|app: 0|req: 5/10] 127.0.0.1 () {36 vars in 785 bytes} [Wed Jul  3 08:49:57 2024] GET /v2/images/7d283015-72af-4e63-abbc-cb372df48790 => generated 976 bytes in 207 msecs (HTTP/1.1 200) 4 headers in 157 bytes (1 switches on core 0)
Jul 03 08:50:07 ubuntu devstack@g-api.service[117758]: DEBUG dbcounter [-] [117758] Writing DB stats glance:SELECT=5 {{(pid=117758) stat_writer /opt/stack/data/venv/lib/python3.10/site-packages/dbcounter.py:115}}
Jul 03 08:50:45 ubuntu devstack@g-api.service[117757]: DEBUG glance.api.middleware.version_negotiation [None req-8d9b0774-0238-4b5c-a8b7-9d9b7b500bc3 admin admin] Determining version of request: GET / Accept: application/json {{(pid=117757) process_request /opt/stack/glance/glance/api/middleware/version_negotiation.py:44}}
Jul 03 08:50:45 ubuntu devstack@g-api.service[117757]: DEBUG glance.api.middleware.version_negotiation [None req-8d9b0774-0238-4b5c-a8b7-9d9b7b500bc3 admin admin] Using url versioning {{(pid=117757) process_request /opt/stack/glance/glance/api/middleware/version_negotiation.py:57}}
Jul 03 08:50:45 ubuntu devstack@g-api.service[117757]: DEBUG glance.api.middleware.version_negotiation [None req-8d9b0774-0238-4b5c-a8b7-9d9b7b500bc3 admin admin] Unknown version. Returning version choices. {{(pid=117757) process_request /opt/stack/glance/glance/api/middleware/version_negotiation.py:64}}
Jul 03 08:50:45 ubuntu devstack@g-api.service[117757]: [pid: 117757|app: 0|req: 6/11] 127.0.0.1 () {36 vars in 474 bytes} [Wed Jul  3 08:50:45 2024] GET / => generated 1299 bytes in 4 msecs (HTTP/1.1 300) 3 headers in 106 bytes (1 switches on core 0)
Jul 03 08:52:53 ubuntu devstack@g-api.service[117758]: DEBUG glance.api.middleware.version_negotiation [None req-2fc8ffad-5573-45ce-84e2-13afb35c7fb5 admin admin] Determining version of request: GET /versions Accept: */* {{(pid=117758) process_request /opt/stack/glance/glance/api/middleware/version_negotiation.py:44}}
Jul 03 08:52:53 ubuntu devstack@g-api.service[117758]: [pid: 117758|app: 0|req: 6/12] 127.0.0.1 () {38 vars in 691 bytes} [Wed Jul  3 08:52:53 2024] GET /versions => generated 1299 bytes in 7 msecs (HTTP/1.1 200) 3 headers in 92 bytes (1 switches on core 0)
Jul 03 08:52:53 ubuntu devstack@g-api.service[117757]: DEBUG glance.api.middleware.version_negotiation [None req-8d9b0774-0238-4b5c-a8b7-9d9b7b500bc3 admin admin] Determining version of request: GET /v2/schemas/image Accept: */* {{(pid=117757) process_request /opt/stack/glance/glance/api/middleware/version_negotiation.py:44}}
Jul 03 08:52:53 ubuntu devstack@g-api.service[117757]: DEBUG glance.api.middleware.version_negotiation [None req-8d9b0774-0238-4b5c-a8b7-9d9b7b500bc3 admin admin] Using url versioning {{(pid=117757) process_request /opt/stack/glance/glance/api/middleware/version_negotiation.py:57}}
Jul 03 08:52:53 ubuntu devstack@g-api.service[117757]: DEBUG glance.api.middleware.version_negotiation [None req-8d9b0774-0238-4b5c-a8b7-9d9b7b500bc3 admin admin] Matched version: v2 {{(pid=117757) process_request /opt/stack/glance/glance/api/middleware/version_negotiation.py:69}}
Jul 03 08:52:53 ubuntu devstack@g-api.service[117757]: DEBUG glance.api.middleware.version_negotiation [None req-8d9b0774-0238-4b5c-a8b7-9d9b7b500bc3 admin admin] new path /v2/schemas/image {{(pid=117757) process_request /opt/stack/glance/glance/api/middleware/version_negotiation.py:70}}
Jul 03 08:52:53 ubuntu devstack@g-api.service[117757]: [pid: 117757|app: 0|req: 7/13] 127.0.0.1 () {38 vars in 707 bytes} [Wed Jul  3 08:52:53 2024] GET /v2/schemas/image => generated 6083 bytes in 84 msecs (HTTP/1.1 200) 4 headers in 158 bytes (1 switches on core 0)
Jul 03 08:52:53 ubuntu devstack@g-api.service[117758]: DEBUG glance.api.middleware.version_negotiation [None req-2fc8ffad-5573-45ce-84e2-13afb35c7fb5 admin admin] Determining version of request: GET /v2/schemas/metadefs/namespace Accept: */* {{(pid=117758) process_request /opt/stack/glance/glance/api/middleware/version_negotiation.py:44}}
Jul 03 08:52:53 ubuntu devstack@g-api.service[117758]: DEBUG glance.api.middleware.version_negotiation [None req-2fc8ffad-5573-45ce-84e2-13afb35c7fb5 admin admin] Using url versioning {{(pid=117758) process_request /opt/stack/glance/glance/api/middleware/version_negotiation.py:57}}
Jul 03 08:52:53 ubuntu devstack@g-api.service[117758]: DEBUG glance.api.middleware.version_negotiation [None req-2fc8ffad-5573-45ce-84e2-13afb35c7fb5 admin admin] Matched version: v2 {{(pid=117758) process_request /opt/stack/glance/glance/api/middleware/version_negotiation.py:69}}
Jul 03 08:52:53 ubuntu devstack@g-api.service[117758]: DEBUG glance.api.middleware.version_negotiation [None req-2fc8ffad-5573-45ce-84e2-13afb35c7fb5 admin admin] new path /v2/schemas/metadefs/namespace {{(pid=117758) process_request /opt/stack/glance/glance/api/middleware/version_negotiation.py:70}}
Jul 03 08:52:53 ubuntu devstack@g-api.service[117758]: [pid: 117758|app: 0|req: 7/14] 127.0.0.1 () {38 vars in 733 bytes} [Wed Jul  3 08:52:53 2024] GET /v2/schemas/metadefs/namespace => generated 3100 bytes in 4 msecs (HTTP/1.1 200) 4 headers in 158 bytes (1 switches on core 0)
