Mar 20 06:36:06 ubuntu devstack@keystone.service[81973]: [pid: 81973|app: 0|req: 11/23] 10.201.5.82 () {54 vars in 920 bytes} [Fri Mar 20 06:36:06 2026] GET /identity => generated 270 bytes in 1 msecs (HTTP/1.1 300) 6 headers in 234 bytes (1 switches on core 0)
Mar 20 06:36:06 ubuntu devstack@keystone.service[81972]: DEBUG keystone.server.flask.request_processing.req_logging [None req-1cc61a84-35d5-4ec9-9f2a-0ae347d7f9b8 None None] REQUEST_METHOD: `POST` {{(pid=81972) log_request_info /opt/stack/keystone/keystone/server/flask/request_processing/req_logging.py:26}}
Mar 20 06:36:06 ubuntu devstack@keystone.service[81972]: DEBUG keystone.server.flask.request_processing.req_logging [None req-1cc61a84-35d5-4ec9-9f2a-0ae347d7f9b8 None None] SCRIPT_NAME: `/identity` {{(pid=81972) log_request_info /opt/stack/keystone/keystone/server/flask/request_processing/req_logging.py:27}}
Mar 20 06:36:06 ubuntu devstack@keystone.service[81972]: DEBUG keystone.server.flask.request_processing.req_logging [None req-1cc61a84-35d5-4ec9-9f2a-0ae347d7f9b8 None None] PATH_INFO: `/v3/auth/tokens` {{(pid=81972) log_request_info /opt/stack/keystone/keystone/server/flask/request_processing/req_logging.py:28}}
Mar 20 06:36:06 ubuntu devstack@keystone.service[81972]: WARNING keystone.common.password_hashing [None req-1cc61a84-35d5-4ec9-9f2a-0ae347d7f9b8 None None] Truncating password to algorithm specific maximum length 72 characters.
Mar 20 06:36:06 ubuntu devstack@keystone.service[81972]: DEBUG keystone.auth.core [None req-1cc61a84-35d5-4ec9-9f2a-0ae347d7f9b8 None None] MFA Rules not processed for user `adf955fab61d43029070050f6ca88d30`. Rule list: `[]` (Enabled: `True`). {{(pid=81972) check_auth_methods_against_rules /opt/stack/keystone/keystone/auth/core.py:476}}
Mar 20 06:36:06 ubuntu devstack@keystone.service[81972]: DEBUG keystone.common.fernet_utils [None req-1cc61a84-35d5-4ec9-9f2a-0ae347d7f9b8 None None] Loaded 2 Fernet keys from /etc/keystone/fernet-keys/, but `[fernet_tokens] max_active_keys = 3`; perhaps there have not been enough key rotations to reach `max_active_keys` yet? {{(pid=81972) load_keys /opt/stack/keystone/keystone/common/fernet_utils.py:297}}
Mar 20 06:36:06 ubuntu devstack@keystone.service[81972]: [pid: 81972|app: 0|req: 13/24] 10.201.5.82 () {58 vars in 1017 bytes} [Fri Mar 20 06:36:06 2026] POST /identity/v3/auth/tokens => generated 862 bytes in 70 msecs (HTTP/1.1 201) 6 headers in 363 bytes (1 switches on core 0)
Mar 20 06:36:06 ubuntu devstack@keystone.service[81973]: DEBUG keystone.server.flask.request_processing.middleware.auth_context [None req-048beef0-9b53-4c1a-aaed-f1b0a83d76aa None None] Authenticating user token {{(pid=81973) process_request /opt/stack/data/venv/lib/python3.10/site-packages/keystonemiddleware/auth_token/__init__.py:407}}
Mar 20 06:36:06 ubuntu devstack@keystone.service[81973]: DEBUG keystone.server.flask.request_processing.middleware.auth_context [None req-048beef0-9b53-4c1a-aaed-f1b0a83d76aa None None] Validating token access rules against request {{(pid=81973) validate_allowed_request /opt/stack/data/venv/lib/python3.10/site-packages/keystonemiddleware/auth_token/__init__.py:545}}
Mar 20 06:36:06 ubuntu devstack@keystone.service[81973]: DEBUG keystone.server.flask.request_processing.middleware.auth_context [None req-28ca956c-c883-4a18-b65c-a0f637fe2efa None admin] RBAC: auth_context: {'token': <TokenModel (audit_id=dvrRBOg7RC2xhjZ3YjtNUw, audit_chain_id=['dvrRBOg7RC2xhjZ3YjtNUw']) at 0x7fa753bca440>, 'domain_id': None, 'trust_id': None, 'trustor_id': None, 'trustee_id': None, 'domain_name': None, 'group_ids': [], 'user_id': 'adf955fab61d43029070050f6ca88d30', 'user_domain_id': 'default', 'system_scope': 'all', 'project_id': None, 'project_domain_id': None, 'roles': ['admin', 'manager', 'member', 'reader'], 'is_admin_project': True, 'service_user_id': None, 'service_user_domain_id': None, 'service_project_id': None, 'service_project_domain_id': None, 'service_roles': []} {{(pid=81973) fill_context /opt/stack/keystone/keystone/server/flask/request_processing/middleware/auth_context.py:509}}
Mar 20 06:36:06 ubuntu devstack@keystone.service[81973]: DEBUG keystone.server.flask.request_processing.req_logging [None req-28ca956c-c883-4a18-b65c-a0f637fe2efa None admin] REQUEST_METHOD: `GET` {{(pid=81973) log_request_info /opt/stack/keystone/keystone/server/flask/request_processing/req_logging.py:26}}
Mar 20 06:36:06 ubuntu devstack@keystone.service[81973]: DEBUG keystone.server.flask.request_processing.req_logging [None req-28ca956c-c883-4a18-b65c-a0f637fe2efa None admin] SCRIPT_NAME: `/identity` {{(pid=81973) log_request_info /opt/stack/keystone/keystone/server/flask/request_processing/req_logging.py:27}}
Mar 20 06:36:06 ubuntu devstack@keystone.service[81973]: DEBUG keystone.server.flask.request_processing.req_logging [None req-28ca956c-c883-4a18-b65c-a0f637fe2efa None admin] PATH_INFO: `/v3/domains/Default` {{(pid=81973) log_request_info /opt/stack/keystone/keystone/server/flask/request_processing/req_logging.py:28}}
Mar 20 06:36:06 ubuntu devstack@keystone.service[81973]: DEBUG keystone.common.rbac_enforcer.enforcer [None req-28ca956c-c883-4a18-b65c-a0f637fe2efa None admin] RBAC: Authorizing `identity:get_domain(domain_id=Default)` {{(pid=81973) enforce_call /opt/stack/keystone/keystone/common/rbac_enforcer/enforcer.py:494}}
Mar 20 06:36:06 ubuntu devstack@keystone.service[81973]: DEBUG keystone.common.rbac_enforcer.enforcer [None req-28ca956c-c883-4a18-b65c-a0f637fe2efa None admin] RBAC: Authorization granted {{(pid=81973) enforce_call /opt/stack/keystone/keystone/common/rbac_enforcer/enforcer.py:505}}
Mar 20 06:36:06 ubuntu devstack@keystone.service[81973]: DEBUG keystone.server.flask.application [None req-28ca956c-c883-4a18-b65c-a0f637fe2efa None admin] Could not find domain: Default. {{(pid=81973) _handle_keystone_exception /opt/stack/keystone/keystone/server/flask/application.py:146}}
Mar 20 06:36:06 ubuntu devstack@keystone.service[81973]: [pid: 81973|app: 0|req: 12/25] 10.201.5.82 () {56 vars in 1145 bytes} [Fri Mar 20 06:36:06 2026] GET /identity/v3/domains/Default => generated 87 bytes in 85 msecs (HTTP/1.1 404) 5 headers in 183 bytes (1 switches on core 0)
Mar 20 06:36:06 ubuntu devstack@keystone.service[81972]: DEBUG keystone.server.flask.request_processing.middleware.auth_context [None req-1cc61a84-35d5-4ec9-9f2a-0ae347d7f9b8 None None] Authenticating user token {{(pid=81972) process_request /opt/stack/data/venv/lib/python3.10/site-packages/keystonemiddleware/auth_token/__init__.py:407}}
Mar 20 06:36:06 ubuntu devstack@keystone.service[81972]: DEBUG keystone.server.flask.request_processing.middleware.auth_context [None req-1cc61a84-35d5-4ec9-9f2a-0ae347d7f9b8 None None] Validating token access rules against request {{(pid=81972) validate_allowed_request /opt/stack/data/venv/lib/python3.10/site-packages/keystonemiddleware/auth_token/__init__.py:545}}
Mar 20 06:36:06 ubuntu devstack@keystone.service[81973]: DEBUG keystone.server.flask.request_processing.req_logging [None req-5c2cdac9-0b0a-4d77-b0a4-f90657337821 None None] REQUEST_METHOD: `GET` {{(pid=81973) log_request_info /opt/stack/keystone/keystone/server/flask/request_processing/req_logging.py:26}}
Mar 20 06:36:06 ubuntu devstack@keystone.service[81973]: DEBUG keystone.server.flask.request_processing.req_logging [None req-5c2cdac9-0b0a-4d77-b0a4-f90657337821 None None] SCRIPT_NAME: `/identity` {{(pid=81973) log_request_info /opt/stack/keystone/keystone/server/flask/request_processing/req_logging.py:27}}
Mar 20 06:36:06 ubuntu devstack@keystone.service[81973]: DEBUG keystone.server.flask.request_processing.req_logging [None req-5c2cdac9-0b0a-4d77-b0a4-f90657337821 None None] PATH_INFO: `/` {{(pid=81973) log_request_info /opt/stack/keystone/keystone/server/flask/request_processing/req_logging.py:28}}
Mar 20 06:36:06 ubuntu devstack@keystone.service[81973]: [pid: 81973|app: 0|req: 13/26] 10.201.5.82 () {54 vars in 920 bytes} [Fri Mar 20 06:36:06 2026] GET /identity => generated 270 bytes in 1 msecs (HTTP/1.1 300) 6 headers in 234 bytes (1 switches on core 0)
Mar 20 06:36:06 ubuntu devstack@keystone.service[81973]: DEBUG keystone.server.flask.request_processing.req_logging [None req-2f7a2629-0ae6-4936-a9f0-c9471096d0b7 None None] REQUEST_METHOD: `GET` {{(pid=81973) log_request_info /opt/stack/keystone/keystone/server/flask/request_processing/req_logging.py:26}}
Mar 20 06:36:06 ubuntu devstack@keystone.service[81973]: DEBUG keystone.server.flask.request_processing.req_logging [None req-2f7a2629-0ae6-4936-a9f0-c9471096d0b7 None None] SCRIPT_NAME: `/identity` {{(pid=81973) log_request_info /opt/stack/keystone/keystone/server/flask/request_processing/req_logging.py:27}}
Mar 20 06:36:06 ubuntu devstack@keystone.service[81973]: DEBUG keystone.server.flask.request_processing.req_logging [None req-2f7a2629-0ae6-4936-a9f0-c9471096d0b7 None None] PATH_INFO: `/` {{(pid=81973) log_request_info /opt/stack/keystone/keystone/server/flask/request_processing/req_logging.py:28}}
Mar 20 06:36:06 ubuntu devstack@keystone.service[81973]: [pid: 81973|app: 0|req: 14/27] 10.201.5.82 () {54 vars in 920 bytes} [Fri Mar 20 06:36:06 2026] GET /identity => generated 270 bytes in 1 msecs (HTTP/1.1 300) 6 headers in 234 bytes (2 switches on core 0)
Mar 20 06:36:06 ubuntu devstack@keystone.service[81973]: DEBUG keystone.server.flask.request_processing.req_logging [None req-55ddcb4e-ff32-4742-ba19-c9097e29e550 None None] REQUEST_METHOD: `POST` {{(pid=81973) log_request_info /opt/stack/keystone/keystone/server/flask/request_processing/req_logging.py:26}}
Mar 20 06:36:06 ubuntu devstack@keystone.service[81973]: DEBUG keystone.server.flask.request_processing.req_logging [None req-55ddcb4e-ff32-4742-ba19-c9097e29e550 None None] SCRIPT_NAME: `/identity` {{(pid=81973) log_request_info /opt/stack/keystone/keystone/server/flask/request_processing/req_logging.py:27}}
Mar 20 06:36:06 ubuntu devstack@keystone.service[81973]: DEBUG keystone.server.flask.request_processing.req_logging [None req-55ddcb4e-ff32-4742-ba19-c9097e29e550 None None] PATH_INFO: `/v3/auth/tokens` {{(pid=81973) log_request_info /opt/stack/keystone/keystone/server/flask/request_processing/req_logging.py:28}}
Mar 20 06:36:06 ubuntu devstack@keystone.service[81972]: DEBUG keystone.server.flask.request_processing.middleware.auth_context [None req-410aa5a6-f544-4d3b-bc5a-90a3b9b867ec None admin] RBAC: auth_context: {'token': <TokenModel (audit_id=dvrRBOg7RC2xhjZ3YjtNUw, audit_chain_id=['dvrRBOg7RC2xhjZ3YjtNUw']) at 0x7fa75371fee0>, 'domain_id': None, 'trust_id': None, 'trustor_id': None, 'trustee_id': None, 'domain_name': None, 'group_ids': [], 'user_id': 'adf955fab61d43029070050f6ca88d30', 'user_domain_id': 'default', 'system_scope': 'all', 'project_id': None, 'project_domain_id': None, 'roles': ['admin', 'manager', 'member', 'reader'], 'is_admin_project': True, 'service_user_id': None, 'service_user_domain_id': None, 'service_project_id': None, 'service_project_domain_id': None, 'service_roles': []} {{(pid=81972) fill_context /opt/stack/keystone/keystone/server/flask/request_processing/middleware/auth_context.py:509}}
Mar 20 06:36:06 ubuntu devstack@keystone.service[81972]: DEBUG keystone.server.flask.request_processing.req_logging [None req-410aa5a6-f544-4d3b-bc5a-90a3b9b867ec None admin] REQUEST_METHOD: `GET` {{(pid=81972) log_request_info /opt/stack/keystone/keystone/server/flask/request_processing/req_logging.py:26}}
Mar 20 06:36:06 ubuntu devstack@keystone.service[81972]: DEBUG keystone.server.flask.request_processing.req_logging [None req-410aa5a6-f544-4d3b-bc5a-90a3b9b867ec None admin] SCRIPT_NAME: `/identity` {{(pid=81972) log_request_info /opt/stack/keystone/keystone/server/flask/request_processing/req_logging.py:27}}
Mar 20 06:36:06 ubuntu devstack@keystone.service[81972]: DEBUG keystone.server.flask.request_processing.req_logging [None req-410aa5a6-f544-4d3b-bc5a-90a3b9b867ec None admin] PATH_INFO: `/v3/domains` {{(pid=81972) log_request_info /opt/stack/keystone/keystone/server/flask/request_processing/req_logging.py:28}}
Mar 20 06:36:06 ubuntu devstack@keystone.service[81972]: DEBUG keystone.common.rbac_enforcer.enforcer [None req-410aa5a6-f544-4d3b-bc5a-90a3b9b867ec None admin] RBAC: Adding query filter params (name=Default) {{(pid=81972) _extract_filter_values /opt/stack/keystone/keystone/common/rbac_enforcer/enforcer.py:176}}
Mar 20 06:36:06 ubuntu devstack@keystone.service[81972]: DEBUG keystone.common.rbac_enforcer.enforcer [None req-410aa5a6-f544-4d3b-bc5a-90a3b9b867ec None admin] RBAC: Authorizing `identity:list_domains()` {{(pid=81972) enforce_call /opt/stack/keystone/keystone/common/rbac_enforcer/enforcer.py:494}}
Mar 20 06:36:06 ubuntu devstack@keystone.service[81972]: DEBUG keystone.common.rbac_enforcer.enforcer [None req-410aa5a6-f544-4d3b-bc5a-90a3b9b867ec None admin] RBAC: Authorization granted {{(pid=81972) enforce_call /opt/stack/keystone/keystone/common/rbac_enforcer/enforcer.py:505}}
Mar 20 06:36:06 ubuntu devstack@keystone.service[81973]: WARNING keystone.common.password_hashing [None req-55ddcb4e-ff32-4742-ba19-c9097e29e550 None None] Truncating password to algorithm specific maximum length 72 characters.
Mar 20 06:36:06 ubuntu devstack@keystone.service[81972]: [pid: 81972|app: 0|req: 14/28] 10.201.5.82 () {56 vars in 1159 bytes} [Fri Mar 20 06:36:06 2026] GET /identity/v3/domains?name=Default => generated 308 bytes in 82 msecs (HTTP/1.1 200) 5 headers in 177 bytes (1 switches on core 0)
Mar 20 06:36:06 ubuntu devstack@keystone.service[81972]: DEBUG keystone.server.flask.request_processing.req_logging [None req-44d33b96-94a1-4671-aa03-2df8da488f8b None None] REQUEST_METHOD: `POST` {{(pid=81972) log_request_info /opt/stack/keystone/keystone/server/flask/request_processing/req_logging.py:26}}
Mar 20 06:36:06 ubuntu devstack@keystone.service[81972]: DEBUG keystone.server.flask.request_processing.req_logging [None req-44d33b96-94a1-4671-aa03-2df8da488f8b None None] SCRIPT_NAME: `/identity` {{(pid=81972) log_request_info /opt/stack/keystone/keystone/server/flask/request_processing/req_logging.py:27}}
Mar 20 06:36:06 ubuntu devstack@keystone.service[81972]: DEBUG keystone.server.flask.request_processing.req_logging [None req-44d33b96-94a1-4671-aa03-2df8da488f8b None None] PATH_INFO: `/v3/auth/tokens` {{(pid=81972) log_request_info /opt/stack/keystone/keystone/server/flask/request_processing/req_logging.py:28}}
Mar 20 06:36:06 ubuntu devstack@keystone.service[81973]: DEBUG keystone.auth.core [None req-55ddcb4e-ff32-4742-ba19-c9097e29e550 None None] MFA Rules not processed for user `adf955fab61d43029070050f6ca88d30`. Rule list: `[]` (Enabled: `True`). {{(pid=81973) check_auth_methods_against_rules /opt/stack/keystone/keystone/auth/core.py:476}}
Mar 20 06:36:06 ubuntu devstack@keystone.service[81973]: DEBUG keystone.common.fernet_utils [None req-55ddcb4e-ff32-4742-ba19-c9097e29e550 None None] Loaded 2 Fernet keys from /etc/keystone/fernet-keys/, but `[fernet_tokens] max_active_keys = 3`; perhaps there have not been enough key rotations to reach `max_active_keys` yet? {{(pid=81973) load_keys /opt/stack/keystone/keystone/common/fernet_utils.py:297}}
Mar 20 06:36:06 ubuntu devstack@keystone.service[81972]: WARNING keystone.common.password_hashing [None req-44d33b96-94a1-4671-aa03-2df8da488f8b None None] Truncating password to algorithm specific maximum length 72 characters.
Mar 20 06:36:07 ubuntu devstack@keystone.service[81972]: DEBUG keystone.auth.core [None req-44d33b96-94a1-4671-aa03-2df8da488f8b None None] MFA Rules not processed for user `adf955fab61d43029070050f6ca88d30`. Rule list: `[]` (Enabled: `True`). {{(pid=81972) check_auth_methods_against_rules /opt/stack/keystone/keystone/auth/core.py:476}}
Mar 20 06:36:07 ubuntu devstack@keystone.service[81972]: DEBUG keystone.common.fernet_utils [None req-44d33b96-94a1-4671-aa03-2df8da488f8b None None] Loaded 2 Fernet keys from /etc/keystone/fernet-keys/, but `[fernet_tokens] max_active_keys = 3`; perhaps there have not been enough key rotations to reach `max_active_keys` yet? {{(pid=81972) load_keys /opt/stack/keystone/keystone/common/fernet_utils.py:297}}
Mar 20 06:36:07 ubuntu devstack@keystone.service[81973]: [pid: 81973|app: 0|req: 15/29] 10.201.5.82 () {58 vars in 1017 bytes} [Fri Mar 20 06:36:06 2026] POST /identity/v3/auth/tokens => generated 862 bytes in 69 msecs (HTTP/1.1 201) 6 headers in 363 bytes (2 switches on core 0)
Mar 20 06:36:07 ubuntu devstack@keystone.service[81973]: DEBUG keystone.server.flask.request_processing.middleware.auth_context [None req-55ddcb4e-ff32-4742-ba19-c9097e29e550 None None] Authenticating user token {{(pid=81973) process_request /opt/stack/data/venv/lib/python3.10/site-packages/keystonemiddleware/auth_token/__init__.py:407}}
Mar 20 06:36:07 ubuntu devstack@keystone.service[81972]: [pid: 81972|app: 0|req: 15/30] 10.201.5.82 () {58 vars in 1017 bytes} [Fri Mar 20 06:36:06 2026] POST /identity/v3/auth/tokens => generated 862 bytes in 55 msecs (HTTP/1.1 201) 6 headers in 363 bytes (1 switches on core 0)
Mar 20 06:36:07 ubuntu devstack@keystone.service[81972]: DEBUG keystone.server.flask.request_processing.req_logging [None req-17533271-184a-49a3-ac46-f1aa703e0a44 None None] REQUEST_METHOD: `GET` {{(pid=81972) log_request_info /opt/stack/keystone/keystone/server/flask/request_processing/req_logging.py:26}}
Mar 20 06:36:07 ubuntu devstack@keystone.service[81972]: DEBUG keystone.server.flask.request_processing.req_logging [None req-17533271-184a-49a3-ac46-f1aa703e0a44 None None] SCRIPT_NAME: `/identity` {{(pid=81972) log_request_info /opt/stack/keystone/keystone/server/flask/request_processing/req_logging.py:27}}
Mar 20 06:36:07 ubuntu devstack@keystone.service[81972]: DEBUG keystone.server.flask.request_processing.req_logging [None req-17533271-184a-49a3-ac46-f1aa703e0a44 None None] PATH_INFO: `/` {{(pid=81972) log_request_info /opt/stack/keystone/keystone/server/flask/request_processing/req_logging.py:28}}
Mar 20 06:36:07 ubuntu devstack@keystone.service[81972]: [pid: 81972|app: 0|req: 16/31] 10.201.5.82 () {54 vars in 920 bytes} [Fri Mar 20 06:36:07 2026] GET /identity => generated 270 bytes in 2 msecs (HTTP/1.1 300) 6 headers in 234 bytes (1 switches on core 0)
Mar 20 06:36:07 ubuntu devstack@keystone.service[81972]: DEBUG keystone.server.flask.request_processing.req_logging [None req-d162dd46-bee7-4d79-b10c-b2a5cde87f12 None None] REQUEST_METHOD: `POST` {{(pid=81972) log_request_info /opt/stack/keystone/keystone/server/flask/request_processing/req_logging.py:26}}
Mar 20 06:36:07 ubuntu devstack@keystone.service[81972]: DEBUG keystone.server.flask.request_processing.req_logging [None req-d162dd46-bee7-4d79-b10c-b2a5cde87f12 None None] SCRIPT_NAME: `/identity` {{(pid=81972) log_request_info /opt/stack/keystone/keystone/server/flask/request_processing/req_logging.py:27}}
Mar 20 06:36:07 ubuntu devstack@keystone.service[81972]: DEBUG keystone.server.flask.request_processing.req_logging [None req-d162dd46-bee7-4d79-b10c-b2a5cde87f12 None None] PATH_INFO: `/v3/auth/tokens` {{(pid=81972) log_request_info /opt/stack/keystone/keystone/server/flask/request_processing/req_logging.py:28}}
Mar 20 06:36:07 ubuntu devstack@keystone.service[81972]: WARNING keystone.common.password_hashing [None req-d162dd46-bee7-4d79-b10c-b2a5cde87f12 None None] Truncating password to algorithm specific maximum length 72 characters.
Mar 20 06:36:07 ubuntu devstack@keystone.service[81972]: DEBUG keystone.auth.core [None req-d162dd46-bee7-4d79-b10c-b2a5cde87f12 None None] MFA Rules not processed for user `adf955fab61d43029070050f6ca88d30`. Rule list: `[]` (Enabled: `True`). {{(pid=81972) check_auth_methods_against_rules /opt/stack/keystone/keystone/auth/core.py:476}}
Mar 20 06:36:07 ubuntu devstack@keystone.service[81972]: DEBUG keystone.common.fernet_utils [None req-d162dd46-bee7-4d79-b10c-b2a5cde87f12 None None] Loaded 2 Fernet keys from /etc/keystone/fernet-keys/, but `[fernet_tokens] max_active_keys = 3`; perhaps there have not been enough key rotations to reach `max_active_keys` yet? {{(pid=81972) load_keys /opt/stack/keystone/keystone/common/fernet_utils.py:297}}
Mar 20 06:36:07 ubuntu devstack@keystone.service[81973]: DEBUG keystone.server.flask.request_processing.middleware.auth_context [None req-55ddcb4e-ff32-4742-ba19-c9097e29e550 None None] Validating token access rules against request {{(pid=81973) validate_allowed_request /opt/stack/data/venv/lib/python3.10/site-packages/keystonemiddleware/auth_token/__init__.py:545}}
Mar 20 06:36:07 ubuntu devstack@keystone.service[81972]: [pid: 81972|app: 0|req: 17/32] 10.201.5.82 () {58 vars in 1017 bytes} [Fri Mar 20 06:36:07 2026] POST /identity/v3/auth/tokens => generated 862 bytes in 53 msecs (HTTP/1.1 201) 6 headers in 363 bytes (1 switches on core 0)
Mar 20 06:36:07 ubuntu devstack@keystone.service[81973]: DEBUG keystone.server.flask.request_processing.middleware.auth_context [None req-316454bd-0aa7-40fc-800e-c44593017def None admin] RBAC: auth_context: {'token': <TokenModel (audit_id=dvrRBOg7RC2xhjZ3YjtNUw, audit_chain_id=['dvrRBOg7RC2xhjZ3YjtNUw']) at 0x7fa753bc8580>, 'domain_id': None, 'trust_id': None, 'trustor_id': None, 'trustee_id': None, 'domain_name': None, 'group_ids': [], 'user_id': 'adf955fab61d43029070050f6ca88d30', 'user_domain_id': 'default', 'system_scope': 'all', 'project_id': None, 'project_domain_id': None, 'roles': ['admin', 'manager', 'member', 'reader'], 'is_admin_project': True, 'service_user_id': None, 'service_user_domain_id': None, 'service_project_id': None, 'service_project_domain_id': None, 'service_roles': []} {{(pid=81973) fill_context /opt/stack/keystone/keystone/server/flask/request_processing/middleware/auth_context.py:509}}
Mar 20 06:36:07 ubuntu devstack@keystone.service[81973]: DEBUG keystone.server.flask.request_processing.req_logging [None req-316454bd-0aa7-40fc-800e-c44593017def None admin] REQUEST_METHOD: `POST` {{(pid=81973) log_request_info /opt/stack/keystone/keystone/server/flask/request_processing/req_logging.py:26}}
Mar 20 06:36:07 ubuntu devstack@keystone.service[81973]: DEBUG keystone.server.flask.request_processing.req_logging [None req-316454bd-0aa7-40fc-800e-c44593017def None admin] SCRIPT_NAME: `/identity` {{(pid=81973) log_request_info /opt/stack/keystone/keystone/server/flask/request_processing/req_logging.py:27}}
Mar 20 06:36:07 ubuntu devstack@keystone.service[81973]: DEBUG keystone.server.flask.request_processing.req_logging [None req-316454bd-0aa7-40fc-800e-c44593017def None admin] PATH_INFO: `/v3/projects` {{(pid=81973) log_request_info /opt/stack/keystone/keystone/server/flask/request_processing/req_logging.py:28}}
Mar 20 06:36:07 ubuntu devstack@keystone.service[81973]: DEBUG keystone.common.rbac_enforcer.enforcer [None req-316454bd-0aa7-40fc-800e-c44593017def None admin] RBAC: Authorizing `identity:create_project()` {{(pid=81973) enforce_call /opt/stack/keystone/keystone/common/rbac_enforcer/enforcer.py:494}}
Mar 20 06:36:07 ubuntu devstack@keystone.service[81973]: DEBUG keystone.common.rbac_enforcer.enforcer [None req-316454bd-0aa7-40fc-800e-c44593017def None admin] RBAC: Authorization granted {{(pid=81973) enforce_call /opt/stack/keystone/keystone/common/rbac_enforcer/enforcer.py:505}}
Mar 20 06:36:07 ubuntu devstack@keystone.service[81972]: DEBUG keystone.server.flask.request_processing.middleware.auth_context [None req-d162dd46-bee7-4d79-b10c-b2a5cde87f12 None None] Authenticating user token {{(pid=81972) process_request /opt/stack/data/venv/lib/python3.10/site-packages/keystonemiddleware/auth_token/__init__.py:407}}
Mar 20 06:36:07 ubuntu devstack@keystone.service[81972]: DEBUG keystone.server.flask.request_processing.middleware.auth_context [None req-d162dd46-bee7-4d79-b10c-b2a5cde87f12 None None] Validating token access rules against request {{(pid=81972) validate_allowed_request /opt/stack/data/venv/lib/python3.10/site-packages/keystonemiddleware/auth_token/__init__.py:545}}
Mar 20 06:36:07 ubuntu devstack@keystone.service[81972]: DEBUG keystone.server.flask.request_processing.middleware.auth_context [None req-93b747f7-7831-49c4-b681-057161a1e9de None admin] RBAC: auth_context: {'token': <TokenModel (audit_id=PXrzA5IuSYmtg9Z6z9947Q, audit_chain_id=['PXrzA5IuSYmtg9Z6z9947Q']) at 0x7fa75371c250>, 'domain_id': None, 'trust_id': None, 'trustor_id': None, 'trustee_id': None, 'domain_name': None, 'group_ids': [], 'user_id': 'adf955fab61d43029070050f6ca88d30', 'user_domain_id': 'default', 'system_scope': 'all', 'project_id': None, 'project_domain_id': None, 'roles': ['admin', 'manager', 'member', 'reader'], 'is_admin_project': True, 'service_user_id': None, 'service_user_domain_id': None, 'service_project_id': None, 'service_project_domain_id': None, 'service_roles': []} {{(pid=81972) fill_context /opt/stack/keystone/keystone/server/flask/request_processing/middleware/auth_context.py:509}}
Mar 20 06:36:07 ubuntu devstack@keystone.service[81972]: DEBUG keystone.server.flask.request_processing.req_logging [None req-93b747f7-7831-49c4-b681-057161a1e9de None admin] REQUEST_METHOD: `GET` {{(pid=81972) log_request_info /opt/stack/keystone/keystone/server/flask/request_processing/req_logging.py:26}}
Mar 20 06:36:07 ubuntu devstack@keystone.service[81972]: DEBUG keystone.server.flask.request_processing.req_logging [None req-93b747f7-7831-49c4-b681-057161a1e9de None admin] SCRIPT_NAME: `/identity` {{(pid=81972) log_request_info /opt/stack/keystone/keystone/server/flask/request_processing/req_logging.py:27}}
Mar 20 06:36:07 ubuntu devstack@keystone.service[81972]: DEBUG keystone.server.flask.request_processing.req_logging [None req-93b747f7-7831-49c4-b681-057161a1e9de None admin] PATH_INFO: `/v3/roles/admin` {{(pid=81972) log_request_info /opt/stack/keystone/keystone/server/flask/request_processing/req_logging.py:28}}
Mar 20 06:36:07 ubuntu devstack@keystone.service[81972]: DEBUG keystone.common.rbac_enforcer.enforcer [None req-93b747f7-7831-49c4-b681-057161a1e9de None admin] Extracting inferred target data resulted in "NOT FOUND (404)". {{(pid=81972) enforce_call /opt/stack/keystone/keystone/common/rbac_enforcer/enforcer.py:445}}
Mar 20 06:36:07 ubuntu devstack@keystone.service[81972]: DEBUG keystone.server.flask.application [None req-93b747f7-7831-49c4-b681-057161a1e9de None admin] Could not find role: admin. {{(pid=81972) _handle_keystone_exception /opt/stack/keystone/keystone/server/flask/application.py:146}}
Mar 20 06:36:07 ubuntu devstack@keystone.service[81973]: [pid: 81973|app: 0|req: 16/34] 10.201.5.82 () {60 vars in 1177 bytes} [Fri Mar 20 06:36:07 2026] POST /identity/v3/projects => generated 301 bytes in 261 msecs (HTTP/1.1 201) 5 headers in 182 bytes (1 switches on core 0)
Mar 20 06:36:07 ubuntu devstack@keystone.service[81972]: [pid: 81972|app: 0|req: 18/34] 10.201.5.82 () {56 vars in 1133 bytes} [Fri Mar 20 06:36:07 2026] GET /identity/v3/roles/admin => generated 83 bytes in 71 msecs (HTTP/1.1 404) 5 headers in 183 bytes (1 switches on core 0)
Mar 20 06:36:07 ubuntu devstack@keystone.service[81973]: DEBUG keystone.server.flask.request_processing.middleware.auth_context [None req-316454bd-0aa7-40fc-800e-c44593017def None admin] Authenticating user token {{(pid=81973) process_request /opt/stack/data/venv/lib/python3.10/site-packages/keystonemiddleware/auth_token/__init__.py:407}}
Mar 20 06:36:07 ubuntu devstack@keystone.service[81972]: DEBUG keystone.server.flask.request_processing.middleware.auth_context [None req-93b747f7-7831-49c4-b681-057161a1e9de None admin] Authenticating user token {{(pid=81972) process_request /opt/stack/data/venv/lib/python3.10/site-packages/keystonemiddleware/auth_token/__init__.py:407}}
Mar 20 06:36:07 ubuntu devstack@keystone.service[81972]: DEBUG keystone.server.flask.request_processing.middleware.auth_context [None req-93b747f7-7831-49c4-b681-057161a1e9de None admin] Validating token access rules against request {{(pid=81972) validate_allowed_request /opt/stack/data/venv/lib/python3.10/site-packages/keystonemiddleware/auth_token/__init__.py:545}}
Mar 20 06:36:07 ubuntu devstack@keystone.service[81973]: DEBUG keystone.server.flask.request_processing.middleware.auth_context [None req-316454bd-0aa7-40fc-800e-c44593017def None admin] Validating token access rules against request {{(pid=81973) validate_allowed_request /opt/stack/data/venv/lib/python3.10/site-packages/keystonemiddleware/auth_token/__init__.py:545}}
Mar 20 06:36:07 ubuntu devstack@keystone.service[81972]: DEBUG keystone.server.flask.request_processing.middleware.auth_context [None req-8eaee1e2-cb95-454a-a803-df0f4b54ebd1 None admin] RBAC: auth_context: {'token': <TokenModel (audit_id=Yivhn8W4SP28A1NLUqp_fQ, audit_chain_id=['Yivhn8W4SP28A1NLUqp_fQ']) at 0x7fa75354d810>, 'domain_id': None, 'trust_id': None, 'trustor_id': None, 'trustee_id': None, 'domain_name': None, 'group_ids': [], 'user_id': 'adf955fab61d43029070050f6ca88d30', 'user_domain_id': 'default', 'system_scope': 'all', 'project_id': None, 'project_domain_id': None, 'roles': ['admin', 'manager', 'member', 'reader'], 'is_admin_project': True, 'service_user_id': None, 'service_user_domain_id': None, 'service_project_id': None, 'service_project_domain_id': None, 'service_roles': []} {{(pid=81972) fill_context /opt/stack/keystone/keystone/server/flask/request_processing/middleware/auth_context.py:509}}
Mar 20 06:36:07 ubuntu devstack@keystone.service[81972]: DEBUG keystone.server.flask.request_processing.req_logging [None req-8eaee1e2-cb95-454a-a803-df0f4b54ebd1 None admin] REQUEST_METHOD: `POST` {{(pid=81972) log_request_info /opt/stack/keystone/keystone/server/flask/request_processing/req_logging.py:26}}
Mar 20 06:36:07 ubuntu devstack@keystone.service[81973]: DEBUG keystone.server.flask.request_processing.middleware.auth_context [None req-1c7d89f0-ab66-4a4c-aa42-5f3f7f94012b None admin] RBAC: auth_context: {'token': <TokenModel (audit_id=R465Eh9uSiG0U64DF0SqQw, audit_chain_id=['R465Eh9uSiG0U64DF0SqQw']) at 0x7fa753c417e0>, 'domain_id': None, 'trust_id': None, 'trustor_id': None, 'trustee_id': None, 'domain_name': None, 'group_ids': [], 'user_id': 'adf955fab61d43029070050f6ca88d30', 'user_domain_id': 'default', 'system_scope': 'all', 'project_id': None, 'project_domain_id': None, 'roles': ['admin', 'manager', 'member', 'reader'], 'is_admin_project': True, 'service_user_id': None, 'service_user_domain_id': None, 'service_project_id': None, 'service_project_domain_id': None, 'service_roles': []} {{(pid=81973) fill_context /opt/stack/keystone/keystone/server/flask/request_processing/middleware/auth_context.py:509}}
Mar 20 06:36:07 ubuntu devstack@keystone.service[81972]: DEBUG keystone.server.flask.request_processing.req_logging [None req-8eaee1e2-cb95-454a-a803-df0f4b54ebd1 None admin] SCRIPT_NAME: `/identity` {{(pid=81972) log_request_info /opt/stack/keystone/keystone/server/flask/request_processing/req_logging.py:27}}
Mar 20 06:36:07 ubuntu devstack@keystone.service[81973]: DEBUG keystone.server.flask.request_processing.req_logging [None req-1c7d89f0-ab66-4a4c-aa42-5f3f7f94012b None admin] REQUEST_METHOD: `POST` {{(pid=81973) log_request_info /opt/stack/keystone/keystone/server/flask/request_processing/req_logging.py:26}}
Mar 20 06:36:07 ubuntu devstack@keystone.service[81972]: DEBUG keystone.server.flask.request_processing.req_logging [None req-8eaee1e2-cb95-454a-a803-df0f4b54ebd1 None admin] PATH_INFO: `/v3/roles` {{(pid=81972) log_request_info /opt/stack/keystone/keystone/server/flask/request_processing/req_logging.py:28}}
Mar 20 06:36:07 ubuntu devstack@keystone.service[81973]: DEBUG keystone.server.flask.request_processing.req_logging [None req-1c7d89f0-ab66-4a4c-aa42-5f3f7f94012b None admin] SCRIPT_NAME: `/identity` {{(pid=81973) log_request_info /opt/stack/keystone/keystone/server/flask/request_processing/req_logging.py:27}}
Mar 20 06:36:07 ubuntu devstack@keystone.service[81973]: DEBUG keystone.server.flask.request_processing.req_logging [None req-1c7d89f0-ab66-4a4c-aa42-5f3f7f94012b None admin] PATH_INFO: `/v3/roles` {{(pid=81973) log_request_info /opt/stack/keystone/keystone/server/flask/request_processing/req_logging.py:28}}
Mar 20 06:36:07 ubuntu devstack@keystone.service[81973]: DEBUG keystone.common.rbac_enforcer.enforcer [None req-1c7d89f0-ab66-4a4c-aa42-5f3f7f94012b None admin] RBAC: Authorizing `identity:create_role()` {{(pid=81973) enforce_call /opt/stack/keystone/keystone/common/rbac_enforcer/enforcer.py:494}}
Mar 20 06:36:07 ubuntu devstack@keystone.service[81972]: DEBUG keystone.common.rbac_enforcer.enforcer [None req-8eaee1e2-cb95-454a-a803-df0f4b54ebd1 None admin] RBAC: Authorizing `identity:create_role()` {{(pid=81972) enforce_call /opt/stack/keystone/keystone/common/rbac_enforcer/enforcer.py:494}}
Mar 20 06:36:07 ubuntu devstack@keystone.service[81973]: DEBUG keystone.common.rbac_enforcer.enforcer [None req-1c7d89f0-ab66-4a4c-aa42-5f3f7f94012b None admin] RBAC: Authorization granted {{(pid=81973) enforce_call /opt/stack/keystone/keystone/common/rbac_enforcer/enforcer.py:505}}
Mar 20 06:36:07 ubuntu devstack@keystone.service[81972]: DEBUG keystone.common.rbac_enforcer.enforcer [None req-8eaee1e2-cb95-454a-a803-df0f4b54ebd1 None admin] RBAC: Authorization granted {{(pid=81972) enforce_call /opt/stack/keystone/keystone/common/rbac_enforcer/enforcer.py:505}}
Mar 20 06:36:07 ubuntu devstack@keystone.service[81973]: DEBUG keystone.common.sql.core [None req-1c7d89f0-ab66-4a4c-aa42-5f3f7f94012b None admin] Conflict role: (pymysql.err.IntegrityError) (1062, "Duplicate entry 'service-<<null>>' for key 'role.ixu_role_name_domain_id'")
Mar 20 06:36:07 ubuntu devstack@keystone.service[81973]: [SQL: INSERT INTO `role` (id, name, description, extra) VALUES (%(id)s, %(name)s, %(description)s, %(extra)s)]
Mar 20 06:36:07 ubuntu devstack@keystone.service[81973]: [parameters: {'id': '0ba6d3667db64a2195990a3fdeaf52b1', 'name': 'service', 'description': None, 'extra': '{}'}]
Mar 20 06:36:07 ubuntu devstack@keystone.service[81973]: (Background on this error at: https://sqlalche.me/e/20/gkpj) {{(pid=81973) wrapper /opt/stack/keystone/keystone/common/sql/core.py:580}}
Mar 20 06:36:07 ubuntu devstack@keystone.service[81972]: [pid: 81972|app: 0|req: 19/35] 10.201.5.82 () {60 vars in 1168 bytes} [Fri Mar 20 06:36:07 2026] POST /identity/v3/roles => generated 225 bytes in 70 msecs (HTTP/1.1 201) 5 headers in 182 bytes (1 switches on core 0)
Mar 20 06:36:07 ubuntu devstack@keystone.service[81972]: DEBUG keystone.server.flask.request_processing.middleware.auth_context [None req-8eaee1e2-cb95-454a-a803-df0f4b54ebd1 None admin] Authenticating user token {{(pid=81972) process_request /opt/stack/data/venv/lib/python3.10/site-packages/keystonemiddleware/auth_token/__init__.py:407}}
Mar 20 06:36:07 ubuntu devstack@keystone.service[81973]: ERROR keystone.server.flask.application [None req-1c7d89f0-ab66-4a4c-aa42-5f3f7f94012b None admin] Conflict occurred attempting to store role - Duplicate entry found with name service.: keystone.exception.Conflict: Conflict occurred attempting to store role - Duplicate entry found with name service.
Mar 20 06:36:07 ubuntu devstack@keystone.service[81973]: ERROR keystone.server.flask.application Traceback (most recent call last):
Mar 20 06:36:07 ubuntu devstack@keystone.service[81973]: ERROR keystone.server.flask.application   File "/opt/stack/data/venv/lib/python3.10/site-packages/sqlalchemy/engine/base.py", line 1967, in _exec_single_context
Mar 20 06:36:07 ubuntu devstack@keystone.service[81973]: ERROR keystone.server.flask.application     self.dialect.do_execute(
Mar 20 06:36:07 ubuntu devstack@keystone.service[81973]: ERROR keystone.server.flask.application   File "/opt/stack/data/venv/lib/python3.10/site-packages/sqlalchemy/engine/default.py", line 952, in do_execute
Mar 20 06:36:07 ubuntu devstack@keystone.service[81973]: ERROR keystone.server.flask.application     cursor.execute(statement, parameters)
Mar 20 06:36:07 ubuntu devstack@keystone.service[81973]: ERROR keystone.server.flask.application   File "/opt/stack/data/venv/lib/python3.10/site-packages/pymysql/cursors.py", line 153, in execute
Mar 20 06:36:07 ubuntu devstack@keystone.service[81973]: ERROR keystone.server.flask.application     result = self._query(query)
Mar 20 06:36:07 ubuntu devstack@keystone.service[81973]: ERROR keystone.server.flask.application   File "/opt/stack/data/venv/lib/python3.10/site-packages/pymysql/cursors.py", line 322, in _query
Mar 20 06:36:07 ubuntu devstack@keystone.service[81973]: ERROR keystone.server.flask.application     conn.query(q)
Mar 20 06:36:07 ubuntu devstack@keystone.service[81973]: ERROR keystone.server.flask.application   File "/opt/stack/data/venv/lib/python3.10/site-packages/pymysql/connections.py", line 575, in query
Mar 20 06:36:07 ubuntu devstack@keystone.service[81973]: ERROR keystone.server.flask.application     self._affected_rows = self._read_query_result(unbuffered=unbuffered)
Mar 20 06:36:07 ubuntu devstack@keystone.service[81973]: ERROR keystone.server.flask.application   File "/opt/stack/data/venv/lib/python3.10/site-packages/pymysql/connections.py", line 826, in _read_query_result
Mar 20 06:36:07 ubuntu devstack@keystone.service[81973]: ERROR keystone.server.flask.application     result.read()
Mar 20 06:36:07 ubuntu devstack@keystone.service[81973]: ERROR keystone.server.flask.application   File "/opt/stack/data/venv/lib/python3.10/site-packages/pymysql/connections.py", line 1203, in read
Mar 20 06:36:07 ubuntu devstack@keystone.service[81973]: ERROR keystone.server.flask.application     first_packet = self.connection._read_packet()
Mar 20 06:36:07 ubuntu devstack@keystone.service[81973]: ERROR keystone.server.flask.application   File "/opt/stack/data/venv/lib/python3.10/site-packages/pymysql/connections.py", line 782, in _read_packet
Mar 20 06:36:07 ubuntu devstack@keystone.service[81973]: ERROR keystone.server.flask.application     packet.raise_for_error()
Mar 20 06:36:07 ubuntu devstack@keystone.service[81973]: ERROR keystone.server.flask.application   File "/opt/stack/data/venv/lib/python3.10/site-packages/pymysql/protocol.py", line 219, in raise_for_error
Mar 20 06:36:07 ubuntu devstack@keystone.service[81973]: ERROR keystone.server.flask.application     err.raise_mysql_exception(self._data)
Mar 20 06:36:07 ubuntu devstack@keystone.service[81973]: ERROR keystone.server.flask.application   File "/opt/stack/data/venv/lib/python3.10/site-packages/pymysql/err.py", line 150, in raise_mysql_exception
Mar 20 06:36:07 ubuntu devstack@keystone.service[81973]: ERROR keystone.server.flask.application     raise errorclass(errno, errval)
Mar 20 06:36:07 ubuntu devstack@keystone.service[81973]: ERROR keystone.server.flask.application pymysql.err.IntegrityError: (1062, "Duplicate entry 'service-<<null>>' for key 'role.ixu_role_name_domain_id'")
Mar 20 06:36:07 ubuntu devstack@keystone.service[81973]: ERROR keystone.server.flask.application 
Mar 20 06:36:07 ubuntu devstack@keystone.service[81973]: ERROR keystone.server.flask.application The above exception was the direct cause of the following exception:
Mar 20 06:36:07 ubuntu devstack@keystone.service[81973]: ERROR keystone.server.flask.application 
Mar 20 06:36:07 ubuntu devstack@keystone.service[81973]: ERROR keystone.server.flask.application Traceback (most recent call last):
Mar 20 06:36:07 ubuntu devstack@keystone.service[81973]: ERROR keystone.server.flask.application   File "/opt/stack/keystone/keystone/common/sql/core.py", line 575, in wrapper
Mar 20 06:36:07 ubuntu devstack@keystone.service[81973]: ERROR keystone.server.flask.application     return method(*args, **kwargs)
Mar 20 06:36:07 ubuntu devstack@keystone.service[81973]: ERROR keystone.server.flask.application   File "/opt/stack/keystone/keystone/assignment/role_backends/sql.py", line 25, in create_role
Mar 20 06:36:07 ubuntu devstack@keystone.service[81973]: ERROR keystone.server.flask.application     with sql.session_for_write() as session:
Mar 20 06:36:07 ubuntu devstack@keystone.service[81973]: ERROR keystone.server.flask.application   File "/usr/lib/python3.10/contextlib.py", line 142, in __exit__
Mar 20 06:36:07 ubuntu devstack@keystone.service[81973]: ERROR keystone.server.flask.application     next(self.gen)
Mar 20 06:36:07 ubuntu devstack@keystone.service[81973]: ERROR keystone.server.flask.application   File "/opt/stack/data/venv/lib/python3.10/site-packages/oslo_db/sqlalchemy/enginefacade.py", line 1175, in _transaction_scope
Mar 20 06:36:07 ubuntu devstack@keystone.service[81973]: ERROR keystone.server.flask.application     with current._produce_block(
Mar 20 06:36:07 ubuntu devstack@keystone.service[81973]: ERROR keystone.server.flask.application   File "/usr/lib/python3.10/contextlib.py", line 142, in __exit__
Mar 20 06:36:07 ubuntu devstack@keystone.service[81973]: ERROR keystone.server.flask.application     next(self.gen)
Mar 20 06:36:07 ubuntu devstack@keystone.service[81973]: ERROR keystone.server.flask.application   File "/opt/stack/data/venv/lib/python3.10/site-packages/oslo_db/sqlalchemy/enginefacade.py", line 837, in _session
Mar 20 06:36:07 ubuntu devstack@keystone.service[81973]: ERROR keystone.server.flask.application     with excutils.save_and_reraise_exception():
Mar 20 06:36:07 ubuntu devstack@keystone.service[81973]: ERROR keystone.server.flask.application   File "/opt/stack/data/venv/lib/python3.10/site-packages/oslo_utils/excutils.py", line 267, in __exit__
Mar 20 06:36:07 ubuntu devstack@keystone.service[81973]: ERROR keystone.server.flask.application     self.force_reraise()
Mar 20 06:36:07 ubuntu devstack@keystone.service[81973]: ERROR keystone.server.flask.application   File "/opt/stack/data/venv/lib/python3.10/site-packages/oslo_utils/excutils.py", line 233, in force_reraise
Mar 20 06:36:07 ubuntu devstack@keystone.service[81973]: ERROR keystone.server.flask.application     raise self.value
Mar 20 06:36:07 ubuntu devstack@keystone.service[81973]: ERROR keystone.server.flask.application   File "/opt/stack/data/venv/lib/python3.10/site-packages/oslo_db/sqlalchemy/enginefacade.py", line 835, in _session
Mar 20 06:36:07 ubuntu devstack@keystone.service[81973]: ERROR keystone.server.flask.application     self._end_session_transaction(self.session)
Mar 20 06:36:07 ubuntu devstack@keystone.service[81973]: ERROR keystone.server.flask.application   File "/opt/stack/data/venv/lib/python3.10/site-packages/oslo_db/sqlalchemy/enginefacade.py", line 748, in _end_session_transaction
Mar 20 06:36:07 ubuntu devstack@keystone.service[81973]: ERROR keystone.server.flask.application     session.commit()
Mar 20 06:36:07 ubuntu devstack@keystone.service[81973]: ERROR keystone.server.flask.application   File "/opt/stack/data/venv/lib/python3.10/site-packages/sqlalchemy/orm/session.py", line 2030, in commit
Mar 20 06:36:07 ubuntu devstack@keystone.service[81973]: ERROR keystone.server.flask.application     trans.commit(_to_root=True)
Mar 20 06:36:07 ubuntu devstack@keystone.service[81973]: ERROR keystone.server.flask.application   File "<string>", line 2, in commit
Mar 20 06:36:07 ubuntu devstack@keystone.service[81973]: ERROR keystone.server.flask.application   File "/opt/stack/data/venv/lib/python3.10/site-packages/sqlalchemy/orm/state_changes.py", line 137, in _go
Mar 20 06:36:07 ubuntu devstack@keystone.service[81973]: ERROR keystone.server.flask.application     ret_value = fn(self, *arg, **kw)
Mar 20 06:36:07 ubuntu devstack@keystone.service[81973]: ERROR keystone.server.flask.application   File "/opt/stack/data/venv/lib/python3.10/site-packages/sqlalchemy/orm/session.py", line 1311, in commit
Mar 20 06:36:07 ubuntu devstack@keystone.service[81973]: ERROR keystone.server.flask.application     self._prepare_impl()
Mar 20 06:36:07 ubuntu devstack@keystone.service[81973]: ERROR keystone.server.flask.application   File "<string>", line 2, in _prepare_impl
Mar 20 06:36:07 ubuntu devstack@keystone.service[81973]: ERROR keystone.server.flask.application   File "/opt/stack/data/venv/lib/python3.10/site-packages/sqlalchemy/orm/state_changes.py", line 137, in _go
Mar 20 06:36:07 ubuntu devstack@keystone.service[81973]: ERROR keystone.server.flask.application     ret_value = fn(self, *arg, **kw)
Mar 20 06:36:07 ubuntu devstack@keystone.service[81973]: ERROR keystone.server.flask.application   File "/opt/stack/data/venv/lib/python3.10/site-packages/sqlalchemy/orm/session.py", line 1286, in _prepare_impl
Mar 20 06:36:07 ubuntu devstack@keystone.service[81973]: ERROR keystone.server.flask.application     self.session.flush()
Mar 20 06:36:07 ubuntu devstack@keystone.service[81973]: ERROR keystone.server.flask.application   File "/opt/stack/data/venv/lib/python3.10/site-packages/sqlalchemy/orm/session.py", line 4331, in flush
Mar 20 06:36:07 ubuntu devstack@keystone.service[81973]: ERROR keystone.server.flask.application     self._flush(objects)
Mar 20 06:36:07 ubuntu devstack@keystone.service[81973]: ERROR keystone.server.flask.application   File "/opt/stack/data/venv/lib/python3.10/site-packages/sqlalchemy/orm/session.py", line 4466, in _flush
Mar 20 06:36:07 ubuntu devstack@keystone.service[81973]: ERROR keystone.server.flask.application     with util.safe_reraise():
Mar 20 06:36:07 ubuntu devstack@keystone.service[81973]: ERROR keystone.server.flask.application   File "/opt/stack/data/venv/lib/python3.10/site-packages/sqlalchemy/util/langhelpers.py", line 224, in __exit__
Mar 20 06:36:07 ubuntu devstack@keystone.service[81973]: ERROR keystone.server.flask.application     raise exc_value.with_traceback(exc_tb)
Mar 20 06:36:07 ubuntu devstack@keystone.service[81973]: ERROR keystone.server.flask.application   File "/opt/stack/data/venv/lib/python3.10/site-packages/sqlalchemy/orm/session.py", line 4427, in _flush
Mar 20 06:36:07 ubuntu devstack@keystone.service[81973]: ERROR keystone.server.flask.application     flush_context.execute()
Mar 20 06:36:07 ubuntu devstack@keystone.service[81973]: ERROR keystone.server.flask.application   File "/opt/stack/data/venv/lib/python3.10/site-packages/sqlalchemy/orm/unitofwork.py", line 466, in execute
Mar 20 06:36:07 ubuntu devstack@keystone.service[81973]: ERROR keystone.server.flask.application     rec.execute(self)
Mar 20 06:36:07 ubuntu devstack@keystone.service[81973]: ERROR keystone.server.flask.application   File "/opt/stack/data/venv/lib/python3.10/site-packages/sqlalchemy/orm/unitofwork.py", line 642, in execute
Mar 20 06:36:07 ubuntu devstack@keystone.service[81973]: ERROR keystone.server.flask.application     util.preloaded.orm_persistence.save_obj(
Mar 20 06:36:07 ubuntu devstack@keystone.service[81973]: ERROR keystone.server.flask.application   File "/opt/stack/data/venv/lib/python3.10/site-packages/sqlalchemy/orm/persistence.py", line 93, in save_obj
Mar 20 06:36:07 ubuntu devstack@keystone.service[81973]: ERROR keystone.server.flask.application     _emit_insert_statements(
Mar 20 06:36:07 ubuntu devstack@keystone.service[81973]: ERROR keystone.server.flask.application   File "/opt/stack/data/venv/lib/python3.10/site-packages/sqlalchemy/orm/persistence.py", line 1048, in _emit_insert_statements
Mar 20 06:36:07 ubuntu devstack@keystone.service[81973]: ERROR keystone.server.flask.application     result = connection.execute(
Mar 20 06:36:07 ubuntu devstack@keystone.service[81973]: ERROR keystone.server.flask.application   File "/opt/stack/data/venv/lib/python3.10/site-packages/sqlalchemy/engine/base.py", line 1419, in execute
Mar 20 06:36:07 ubuntu devstack@keystone.service[81973]: ERROR keystone.server.flask.application     return meth(
Mar 20 06:36:07 ubuntu devstack@keystone.service[81973]: ERROR keystone.server.flask.application   File "/opt/stack/data/venv/lib/python3.10/site-packages/sqlalchemy/sql/elements.py", line 527, in _execute_on_connection
Mar 20 06:36:07 ubuntu devstack@keystone.service[81973]: ERROR keystone.server.flask.application     return connection._execute_clauseelement(
Mar 20 06:36:07 ubuntu devstack@keystone.service[81973]: ERROR keystone.server.flask.application   File "/opt/stack/data/venv/lib/python3.10/site-packages/sqlalchemy/engine/base.py", line 1641, in _execute_clauseelement
Mar 20 06:36:07 ubuntu devstack@keystone.service[81973]: ERROR keystone.server.flask.application     ret = self._execute_context(
Mar 20 06:36:07 ubuntu devstack@keystone.service[81973]: ERROR keystone.server.flask.application   File "/opt/stack/data/venv/lib/python3.10/site-packages/sqlalchemy/engine/base.py", line 1846, in _execute_context
Mar 20 06:36:07 ubuntu devstack@keystone.service[81973]: ERROR keystone.server.flask.application     return self._exec_single_context(
Mar 20 06:36:07 ubuntu devstack@keystone.service[81973]: ERROR keystone.server.flask.application   File "/opt/stack/data/venv/lib/python3.10/site-packages/sqlalchemy/engine/base.py", line 1986, in _exec_single_context
Mar 20 06:36:07 ubuntu devstack@keystone.service[81973]: ERROR keystone.server.flask.application     self._handle_dbapi_exception(
Mar 20 06:36:07 ubuntu devstack@keystone.service[81973]: ERROR keystone.server.flask.application   File "/opt/stack/data/venv/lib/python3.10/site-packages/sqlalchemy/engine/base.py", line 2360, in _handle_dbapi_exception
Mar 20 06:36:07 ubuntu devstack@keystone.service[81973]: ERROR keystone.server.flask.application     raise newraise.with_traceback(exc_info[2]) from e
Mar 20 06:36:07 ubuntu devstack@keystone.service[81973]: ERROR keystone.server.flask.application   File "/opt/stack/data/venv/lib/python3.10/site-packages/sqlalchemy/engine/base.py", line 1967, in _exec_single_context
Mar 20 06:36:07 ubuntu devstack@keystone.service[81973]: ERROR keystone.server.flask.application     self.dialect.do_execute(
Mar 20 06:36:07 ubuntu devstack@keystone.service[81973]: ERROR keystone.server.flask.application   File "/opt/stack/data/venv/lib/python3.10/site-packages/sqlalchemy/engine/default.py", line 952, in do_execute
Mar 20 06:36:07 ubuntu devstack@keystone.service[81973]: ERROR keystone.server.flask.application     cursor.execute(statement, parameters)
