Jun 09 22:47:36 ubuntu devstack@keystone.service[80702]: ERROR keystone.server.flask.application   File "/opt/stack/data/venv/lib/python3.10/site-packages/sqlalchemy/engine/default.py", line 943, in do_execute
Jun 09 22:47:36 ubuntu devstack@keystone.service[80702]: ERROR keystone.server.flask.application     cursor.execute(statement, parameters)
Jun 09 22:47:36 ubuntu devstack@keystone.service[80702]: ERROR keystone.server.flask.application   File "/opt/stack/data/venv/lib/python3.10/site-packages/pymysql/cursors.py", line 153, in execute
Jun 09 22:47:36 ubuntu devstack@keystone.service[80702]: ERROR keystone.server.flask.application     result = self._query(query)
Jun 09 22:47:36 ubuntu devstack@keystone.service[80702]: ERROR keystone.server.flask.application   File "/opt/stack/data/venv/lib/python3.10/site-packages/pymysql/cursors.py", line 322, in _query
Jun 09 22:47:36 ubuntu devstack@keystone.service[80702]: ERROR keystone.server.flask.application     conn.query(q)
Jun 09 22:47:36 ubuntu devstack@keystone.service[80702]: ERROR keystone.server.flask.application   File "/opt/stack/data/venv/lib/python3.10/site-packages/pymysql/connections.py", line 563, in query
Jun 09 22:47:36 ubuntu devstack@keystone.service[80702]: ERROR keystone.server.flask.application     self._affected_rows = self._read_query_result(unbuffered=unbuffered)
Jun 09 22:47:36 ubuntu devstack@keystone.service[80702]: ERROR keystone.server.flask.application   File "/opt/stack/data/venv/lib/python3.10/site-packages/pymysql/connections.py", line 825, in _read_query_result
Jun 09 22:47:36 ubuntu devstack@keystone.service[80702]: ERROR keystone.server.flask.application     result.read()
Jun 09 22:47:36 ubuntu devstack@keystone.service[80702]: ERROR keystone.server.flask.application   File "/opt/stack/data/venv/lib/python3.10/site-packages/pymysql/connections.py", line 1199, in read
Jun 09 22:47:36 ubuntu devstack@keystone.service[80702]: ERROR keystone.server.flask.application     first_packet = self.connection._read_packet()
Jun 09 22:47:36 ubuntu devstack@keystone.service[80702]: ERROR keystone.server.flask.application   File "/opt/stack/data/venv/lib/python3.10/site-packages/pymysql/connections.py", line 775, in _read_packet
Jun 09 22:47:36 ubuntu devstack@keystone.service[80702]: ERROR keystone.server.flask.application     packet.raise_for_error()
Jun 09 22:47:36 ubuntu devstack@keystone.service[80702]: ERROR keystone.server.flask.application   File "/opt/stack/data/venv/lib/python3.10/site-packages/pymysql/protocol.py", line 219, in raise_for_error
Jun 09 22:47:36 ubuntu devstack@keystone.service[80702]: ERROR keystone.server.flask.application     err.raise_mysql_exception(self._data)
Jun 09 22:47:36 ubuntu devstack@keystone.service[80702]: ERROR keystone.server.flask.application   File "/opt/stack/data/venv/lib/python3.10/site-packages/pymysql/err.py", line 150, in raise_mysql_exception
Jun 09 22:47:36 ubuntu devstack@keystone.service[80702]: ERROR keystone.server.flask.application     raise errorclass(errno, errval)
Jun 09 22:47:36 ubuntu devstack@keystone.service[80702]: ERROR keystone.server.flask.application oslo_db.exception.DBDuplicateEntry: (pymysql.err.IntegrityError) (1062, "Duplicate entry 'service-<<null>>' for key 'role.ixu_role_name_domain_id'")
Jun 09 22:47:36 ubuntu devstack@keystone.service[80702]: ERROR keystone.server.flask.application [SQL: INSERT INTO `role` (id, name, description, extra) VALUES (%(id)s, %(name)s, %(description)s, %(extra)s)]
Jun 09 22:47:36 ubuntu devstack@keystone.service[80702]: ERROR keystone.server.flask.application [parameters: {'id': '1ba6bfce6acb44408dfa4d2cc6e252d5', 'name': 'service', 'description': None, 'extra': '{}'}]
Jun 09 22:47:36 ubuntu devstack@keystone.service[80702]: ERROR keystone.server.flask.application (Background on this error at: https://sqlalche.me/e/20/gkpj)
Jun 09 22:47:36 ubuntu devstack@keystone.service[80702]: ERROR keystone.server.flask.application 
Jun 09 22:47:36 ubuntu devstack@keystone.service[80702]: ERROR keystone.server.flask.application During handling of the above exception, another exception occurred:
Jun 09 22:47:36 ubuntu devstack@keystone.service[80702]: ERROR keystone.server.flask.application 
Jun 09 22:47:36 ubuntu devstack@keystone.service[80702]: ERROR keystone.server.flask.application Traceback (most recent call last):
Jun 09 22:47:36 ubuntu devstack@keystone.service[80702]: ERROR keystone.server.flask.application   File "/opt/stack/data/venv/lib/python3.10/site-packages/flask/app.py", line 917, in full_dispatch_request
Jun 09 22:47:36 ubuntu devstack@keystone.service[80702]: ERROR keystone.server.flask.application     rv = self.dispatch_request()
Jun 09 22:47:36 ubuntu devstack@keystone.service[80702]: ERROR keystone.server.flask.application   File "/opt/stack/data/venv/lib/python3.10/site-packages/flask/app.py", line 902, in dispatch_request
Jun 09 22:47:36 ubuntu devstack@keystone.service[80702]: ERROR keystone.server.flask.application     return self.ensure_sync(self.view_functions[rule.endpoint])(**view_args)  # type: ignore[no-any-return]
Jun 09 22:47:36 ubuntu devstack@keystone.service[80702]: ERROR keystone.server.flask.application   File "/opt/stack/data/venv/lib/python3.10/site-packages/flask_restful/__init__.py", line 489, in wrapper
Jun 09 22:47:36 ubuntu devstack@keystone.service[80702]: ERROR keystone.server.flask.application     resp = resource(*args, **kwargs)
Jun 09 22:47:36 ubuntu devstack@keystone.service[80702]: ERROR keystone.server.flask.application   File "/opt/stack/data/venv/lib/python3.10/site-packages/flask/views.py", line 110, in view
Jun 09 22:47:36 ubuntu devstack@keystone.service[80702]: ERROR keystone.server.flask.application     return current_app.ensure_sync(self.dispatch_request)(**kwargs)  # type: ignore[no-any-return]
Jun 09 22:47:36 ubuntu devstack@keystone.service[80702]: ERROR keystone.server.flask.application   File "/opt/stack/data/venv/lib/python3.10/site-packages/flask_restful/__init__.py", line 604, in dispatch_request
Jun 09 22:47:36 ubuntu devstack@keystone.service[80702]: ERROR keystone.server.flask.application     resp = meth(*args, **kwargs)
Jun 09 22:47:36 ubuntu devstack@keystone.service[80702]: ERROR keystone.server.flask.application   File "/opt/stack/keystone/keystone/api/validation/__init__.py", line 80, in wrapper
Jun 09 22:47:36 ubuntu devstack@keystone.service[80702]: ERROR keystone.server.flask.application     return func(*args, **kwargs)
Jun 09 22:47:36 ubuntu devstack@keystone.service[80702]: ERROR keystone.server.flask.application   File "/opt/stack/keystone/keystone/api/validation/__init__.py", line 139, in wrapper
Jun 09 22:47:36 ubuntu devstack@keystone.service[80702]: ERROR keystone.server.flask.application     response = func(*args, **kwargs)
Jun 09 22:47:36 ubuntu devstack@keystone.service[80702]: ERROR keystone.server.flask.application   File "/opt/stack/keystone/keystone/api/roles.py", line 91, in post
Jun 09 22:47:36 ubuntu devstack@keystone.service[80702]: ERROR keystone.server.flask.application     ref = PROVIDERS.role_api.create_role(
Jun 09 22:47:36 ubuntu devstack@keystone.service[80702]: ERROR keystone.server.flask.application   File "/opt/stack/keystone/keystone/common/manager.py", line 114, in wrapped
Jun 09 22:47:36 ubuntu devstack@keystone.service[80702]: ERROR keystone.server.flask.application     __ret_val = __f(*args, **kwargs)
Jun 09 22:47:36 ubuntu devstack@keystone.service[80702]: ERROR keystone.server.flask.application   File "/opt/stack/keystone/keystone/assignment/core.py", line 1496, in create_role
Jun 09 22:47:36 ubuntu devstack@keystone.service[80702]: ERROR keystone.server.flask.application     ret = self.driver.create_role(role_id, role)
Jun 09 22:47:36 ubuntu devstack@keystone.service[80702]: ERROR keystone.server.flask.application   File "/opt/stack/keystone/keystone/common/sql/core.py", line 614, in wrapper
Jun 09 22:47:36 ubuntu devstack@keystone.service[80702]: ERROR keystone.server.flask.application     raise exception.Conflict(type=conflict_type, details=msg)
Jun 09 22:47:36 ubuntu devstack@keystone.service[80702]: ERROR keystone.server.flask.application keystone.exception.Conflict: Conflict occurred attempting to store role - Duplicate entry found with name service.
Jun 09 22:47:36 ubuntu devstack@keystone.service[80702]: ERROR keystone.server.flask.application 
Jun 09 22:47:36 ubuntu devstack@keystone.service[80702]: [pid: 80702|app: 0|req: 20/36] 10.201.5.82 () {60 vars in 1167 bytes} [Mon Jun  9 22:47:36 2025] POST /identity/v3/roles => generated 140 bytes in 73 msecs (HTTP/1.1 409) 5 headers in 183 bytes (1 switches on core 0)
Jun 09 22:47:36 ubuntu devstack@keystone.service[80702]: DEBUG keystone.server.flask.request_processing.middleware.auth_context [None req-d2b259e4-26d8-4354-8042-6a29fd9c9096 None admin] Authenticating user token {{(pid=80702) process_request /opt/stack/data/venv/lib/python3.10/site-packages/keystonemiddleware/auth_token/__init__.py:407}}
Jun 09 22:47:36 ubuntu devstack@keystone.service[80703]: DEBUG keystone.server.flask.request_processing.middleware.auth_context [None req-a2604c90-b038-4ec2-8b01-b63295060a74 None None] Validating token access rules against request {{(pid=80703) validate_allowed_request /opt/stack/data/venv/lib/python3.10/site-packages/keystonemiddleware/auth_token/__init__.py:545}}
Jun 09 22:47:36 ubuntu devstack@keystone.service[80703]: DEBUG keystone.server.flask.request_processing.middleware.auth_context [None req-b931e50b-4910-4506-b3b1-5e492190996b None admin] RBAC: auth_context: {'token': <TokenModel (audit_id=wNoUxSUfTyKR6abmTZ9JVQ, audit_chain_id=['wNoUxSUfTyKR6abmTZ9JVQ']) at 0x7f0a2a696fb0>, 'domain_id': None, 'trust_id': None, 'trustor_id': None, 'trustee_id': None, 'domain_name': None, 'group_ids': [], 'user_id': 'b228db4258ad4cb589ee9ae95f7ac434', 'user_domain_id': 'default', 'system_scope': 'all', 'project_id': None, 'project_domain_id': None, 'roles': ['admin', 'manager', 'member', 'reader'], 'is_admin_project': True, 'service_user_id': None, 'service_user_domain_id': None, 'service_project_id': None, 'service_project_domain_id': None, 'service_roles': []} {{(pid=80703) fill_context /opt/stack/keystone/keystone/server/flask/request_processing/middleware/auth_context.py:509}}
Jun 09 22:47:36 ubuntu devstack@keystone.service[80703]: DEBUG keystone.server.flask.request_processing.req_logging [None req-b931e50b-4910-4506-b3b1-5e492190996b None admin] REQUEST_METHOD: `POST` {{(pid=80703) log_request_info /opt/stack/keystone/keystone/server/flask/request_processing/req_logging.py:26}}
Jun 09 22:47:36 ubuntu devstack@keystone.service[80703]: DEBUG keystone.server.flask.request_processing.req_logging [None req-b931e50b-4910-4506-b3b1-5e492190996b None admin] SCRIPT_NAME: `/identity` {{(pid=80703) log_request_info /opt/stack/keystone/keystone/server/flask/request_processing/req_logging.py:27}}
Jun 09 22:47:36 ubuntu devstack@keystone.service[80703]: DEBUG keystone.server.flask.request_processing.req_logging [None req-b931e50b-4910-4506-b3b1-5e492190996b None admin] PATH_INFO: `/v3/projects` {{(pid=80703) log_request_info /opt/stack/keystone/keystone/server/flask/request_processing/req_logging.py:28}}
Jun 09 22:47:36 ubuntu devstack@keystone.service[80703]: DEBUG keystone.common.rbac_enforcer.enforcer [None req-b931e50b-4910-4506-b3b1-5e492190996b None admin] RBAC: Authorizing `identity:create_project()` {{(pid=80703) enforce_call /opt/stack/keystone/keystone/common/rbac_enforcer/enforcer.py:494}}
Jun 09 22:47:36 ubuntu devstack@keystone.service[80703]: DEBUG keystone.common.rbac_enforcer.enforcer [None req-b931e50b-4910-4506-b3b1-5e492190996b None admin] RBAC: Authorization granted {{(pid=80703) enforce_call /opt/stack/keystone/keystone/common/rbac_enforcer/enforcer.py:505}}
Jun 09 22:47:36 ubuntu devstack@keystone.service[80702]: DEBUG keystone.server.flask.request_processing.middleware.auth_context [None req-d2b259e4-26d8-4354-8042-6a29fd9c9096 None admin] Validating token access rules against request {{(pid=80702) validate_allowed_request /opt/stack/data/venv/lib/python3.10/site-packages/keystonemiddleware/auth_token/__init__.py:545}}
Jun 09 22:47:36 ubuntu devstack@keystone.service[80702]: DEBUG keystone.server.flask.request_processing.middleware.auth_context [None req-6c0bd368-0afc-4a0c-8abc-ff04f648b95c None admin] RBAC: auth_context: {'token': <TokenModel (audit_id=FmyURfWcSbmIRutt3RW35A, audit_chain_id=['FmyURfWcSbmIRutt3RW35A']) at 0x7f0a2a654ca0>, 'domain_id': None, 'trust_id': None, 'trustor_id': None, 'trustee_id': None, 'domain_name': None, 'group_ids': [], 'user_id': 'b228db4258ad4cb589ee9ae95f7ac434', 'user_domain_id': 'default', 'system_scope': 'all', 'project_id': None, 'project_domain_id': None, 'roles': ['admin', 'manager', 'member', 'reader'], 'is_admin_project': True, 'service_user_id': None, 'service_user_domain_id': None, 'service_project_id': None, 'service_project_domain_id': None, 'service_roles': []} {{(pid=80702) fill_context /opt/stack/keystone/keystone/server/flask/request_processing/middleware/auth_context.py:509}}
Jun 09 22:47:36 ubuntu devstack@keystone.service[80702]: DEBUG keystone.server.flask.request_processing.req_logging [None req-6c0bd368-0afc-4a0c-8abc-ff04f648b95c None admin] REQUEST_METHOD: `GET` {{(pid=80702) log_request_info /opt/stack/keystone/keystone/server/flask/request_processing/req_logging.py:26}}
Jun 09 22:47:36 ubuntu devstack@keystone.service[80702]: DEBUG keystone.server.flask.request_processing.req_logging [None req-6c0bd368-0afc-4a0c-8abc-ff04f648b95c None admin] SCRIPT_NAME: `/identity` {{(pid=80702) log_request_info /opt/stack/keystone/keystone/server/flask/request_processing/req_logging.py:27}}
Jun 09 22:47:36 ubuntu devstack@keystone.service[80702]: DEBUG keystone.server.flask.request_processing.req_logging [None req-6c0bd368-0afc-4a0c-8abc-ff04f648b95c None admin] PATH_INFO: `/v3/role_assignments` {{(pid=80702) log_request_info /opt/stack/keystone/keystone/server/flask/request_processing/req_logging.py:28}}
Jun 09 22:47:36 ubuntu devstack@keystone.service[80702]: DEBUG keystone.common.rbac_enforcer.enforcer [None req-6c0bd368-0afc-4a0c-8abc-ff04f648b95c None admin] RBAC: Adding query filter params (role.id=9b59fc6d04e44b448c0ac40db35a6a03, scope.domain.id=default, user.id=b228db4258ad4cb589ee9ae95f7ac434) {{(pid=80702) _extract_filter_values /opt/stack/keystone/keystone/common/rbac_enforcer/enforcer.py:176}}
Jun 09 22:47:36 ubuntu devstack@keystone.service[80702]: DEBUG keystone.common.rbac_enforcer.enforcer [None req-6c0bd368-0afc-4a0c-8abc-ff04f648b95c None admin] RBAC: Authorizing `identity:list_role_assignments()` {{(pid=80702) enforce_call /opt/stack/keystone/keystone/common/rbac_enforcer/enforcer.py:494}}
Jun 09 22:47:36 ubuntu devstack@keystone.service[80702]: DEBUG keystone.common.rbac_enforcer.enforcer [None req-6c0bd368-0afc-4a0c-8abc-ff04f648b95c None admin] RBAC: Authorization granted {{(pid=80702) enforce_call /opt/stack/keystone/keystone/common/rbac_enforcer/enforcer.py:505}}
Jun 09 22:47:36 ubuntu devstack@keystone.service[80702]: [pid: 80702|app: 0|req: 21/37] 10.201.5.82 () {56 vars in 1371 bytes} [Mon Jun  9 22:47:36 2025] GET /identity/v3/role_assignments?role.id=9b59fc6d04e44b448c0ac40db35a6a03&scope.domain.id=default&user.id=b228db4258ad4cb589ee9ae95f7ac434 => generated 530 bytes in 66 msecs (HTTP/1.1 200) 5 headers in 177 bytes (1 switches on core 0)
Jun 09 22:47:36 ubuntu devstack@keystone.service[80702]: DEBUG keystone.server.flask.request_processing.middleware.auth_context [None req-6c0bd368-0afc-4a0c-8abc-ff04f648b95c None admin] Authenticating user token {{(pid=80702) process_request /opt/stack/data/venv/lib/python3.10/site-packages/keystonemiddleware/auth_token/__init__.py:407}}
Jun 09 22:47:36 ubuntu devstack@keystone.service[80703]: [pid: 80703|app: 0|req: 17/38] 10.201.5.82 () {60 vars in 1133 bytes} [Mon Jun  9 22:47:36 2025] POST /identity/v3/projects => generated 301 bytes in 133 msecs (HTTP/1.1 201) 5 headers in 182 bytes (1 switches on core 0)
Jun 09 22:47:36 ubuntu devstack@keystone.service[80702]: DEBUG keystone.server.flask.request_processing.middleware.auth_context [None req-6c0bd368-0afc-4a0c-8abc-ff04f648b95c None admin] Validating token access rules against request {{(pid=80702) validate_allowed_request /opt/stack/data/venv/lib/python3.10/site-packages/keystonemiddleware/auth_token/__init__.py:545}}
Jun 09 22:47:36 ubuntu devstack@keystone.service[80703]: DEBUG keystone.server.flask.request_processing.middleware.auth_context [None req-b931e50b-4910-4506-b3b1-5e492190996b None admin] Authenticating user token {{(pid=80703) process_request /opt/stack/data/venv/lib/python3.10/site-packages/keystonemiddleware/auth_token/__init__.py:407}}
Jun 09 22:47:37 ubuntu devstack@keystone.service[80702]: DEBUG keystone.server.flask.request_processing.middleware.auth_context [None req-00bb1005-3bf9-4ac3-837b-0cc71502099c None admin] RBAC: auth_context: {'token': <TokenModel (audit_id=w_Qk-okETjOQATv2R6KfAA, audit_chain_id=['w_Qk-okETjOQATv2R6KfAA']) at 0x7f0a2a76ed40>, 'domain_id': None, 'trust_id': None, 'trustor_id': None, 'trustee_id': None, 'domain_name': None, 'group_ids': [], 'user_id': 'b228db4258ad4cb589ee9ae95f7ac434', 'user_domain_id': 'default', 'system_scope': 'all', 'project_id': None, 'project_domain_id': None, 'roles': ['admin', 'manager', 'member', 'reader'], 'is_admin_project': True, 'service_user_id': None, 'service_user_domain_id': None, 'service_project_id': None, 'service_project_domain_id': None, 'service_roles': []} {{(pid=80702) fill_context /opt/stack/keystone/keystone/server/flask/request_processing/middleware/auth_context.py:509}}
Jun 09 22:47:37 ubuntu devstack@keystone.service[80702]: DEBUG keystone.server.flask.request_processing.req_logging [None req-00bb1005-3bf9-4ac3-837b-0cc71502099c None admin] REQUEST_METHOD: `GET` {{(pid=80702) log_request_info /opt/stack/keystone/keystone/server/flask/request_processing/req_logging.py:26}}
Jun 09 22:47:37 ubuntu devstack@keystone.service[80702]: DEBUG keystone.server.flask.request_processing.req_logging [None req-00bb1005-3bf9-4ac3-837b-0cc71502099c None admin] SCRIPT_NAME: `/identity` {{(pid=80702) log_request_info /opt/stack/keystone/keystone/server/flask/request_processing/req_logging.py:27}}
Jun 09 22:47:37 ubuntu devstack@keystone.service[80702]: DEBUG keystone.server.flask.request_processing.req_logging [None req-00bb1005-3bf9-4ac3-837b-0cc71502099c None admin] PATH_INFO: `/v3/roles/service` {{(pid=80702) log_request_info /opt/stack/keystone/keystone/server/flask/request_processing/req_logging.py:28}}
Jun 09 22:47:37 ubuntu devstack@keystone.service[80702]: DEBUG keystone.common.rbac_enforcer.enforcer [None req-00bb1005-3bf9-4ac3-837b-0cc71502099c None admin] Extracting inferred target data resulted in "NOT FOUND (404)". {{(pid=80702) enforce_call /opt/stack/keystone/keystone/common/rbac_enforcer/enforcer.py:445}}
Jun 09 22:47:37 ubuntu devstack@keystone.service[80702]: DEBUG keystone.server.flask.application [None req-00bb1005-3bf9-4ac3-837b-0cc71502099c None admin] Could not find role: service. {{(pid=80702) _handle_keystone_exception /opt/stack/keystone/keystone/server/flask/application.py:146}}
Jun 09 22:47:37 ubuntu devstack@keystone.service[80702]: [pid: 80702|app: 0|req: 22/39] 10.201.5.82 () {56 vars in 1138 bytes} [Mon Jun  9 22:47:36 2025] GET /identity/v3/roles/service => generated 85 bytes in 196 msecs (HTTP/1.1 404) 5 headers in 183 bytes (1 switches on core 0)
Jun 09 22:47:37 ubuntu devstack@keystone.service[80702]: DEBUG keystone.server.flask.request_processing.middleware.auth_context [None req-00bb1005-3bf9-4ac3-837b-0cc71502099c None admin] Authenticating user token {{(pid=80702) process_request /opt/stack/data/venv/lib/python3.10/site-packages/keystonemiddleware/auth_token/__init__.py:407}}
Jun 09 22:47:37 ubuntu devstack@keystone.service[80703]: DEBUG keystone.server.flask.request_processing.middleware.auth_context [None req-b931e50b-4910-4506-b3b1-5e492190996b None admin] Validating token access rules against request {{(pid=80703) validate_allowed_request /opt/stack/data/venv/lib/python3.10/site-packages/keystonemiddleware/auth_token/__init__.py:545}}
Jun 09 22:47:37 ubuntu devstack@keystone.service[80702]: DEBUG keystone.server.flask.request_processing.middleware.auth_context [None req-00bb1005-3bf9-4ac3-837b-0cc71502099c None admin] Validating token access rules against request {{(pid=80702) validate_allowed_request /opt/stack/data/venv/lib/python3.10/site-packages/keystonemiddleware/auth_token/__init__.py:545}}
Jun 09 22:47:37 ubuntu devstack@keystone.service[80702]: DEBUG keystone.server.flask.request_processing.middleware.auth_context [None req-f3c90113-9720-4021-bfbf-dc39828165b0 None admin] RBAC: auth_context: {'token': <TokenModel (audit_id=w_Qk-okETjOQATv2R6KfAA, audit_chain_id=['w_Qk-okETjOQATv2R6KfAA']) at 0x7f0a2a986b90>, 'domain_id': None, 'trust_id': None, 'trustor_id': None, 'trustee_id': None, 'domain_name': None, 'group_ids': [], 'user_id': 'b228db4258ad4cb589ee9ae95f7ac434', 'user_domain_id': 'default', 'system_scope': 'all', 'project_id': None, 'project_domain_id': None, 'roles': ['admin', 'manager', 'member', 'reader'], 'is_admin_project': True, 'service_user_id': None, 'service_user_domain_id': None, 'service_project_id': None, 'service_project_domain_id': None, 'service_roles': []} {{(pid=80702) fill_context /opt/stack/keystone/keystone/server/flask/request_processing/middleware/auth_context.py:509}}
Jun 09 22:47:37 ubuntu devstack@keystone.service[80702]: DEBUG keystone.server.flask.request_processing.req_logging [None req-f3c90113-9720-4021-bfbf-dc39828165b0 None admin] REQUEST_METHOD: `GET` {{(pid=80702) log_request_info /opt/stack/keystone/keystone/server/flask/request_processing/req_logging.py:26}}
Jun 09 22:47:37 ubuntu devstack@keystone.service[80702]: DEBUG keystone.server.flask.request_processing.req_logging [None req-f3c90113-9720-4021-bfbf-dc39828165b0 None admin] SCRIPT_NAME: `/identity` {{(pid=80702) log_request_info /opt/stack/keystone/keystone/server/flask/request_processing/req_logging.py:27}}
Jun 09 22:47:37 ubuntu devstack@keystone.service[80702]: DEBUG keystone.server.flask.request_processing.req_logging [None req-f3c90113-9720-4021-bfbf-dc39828165b0 None admin] PATH_INFO: `/v3/roles` {{(pid=80702) log_request_info /opt/stack/keystone/keystone/server/flask/request_processing/req_logging.py:28}}
Jun 09 22:47:37 ubuntu devstack@keystone.service[80703]: DEBUG keystone.server.flask.request_processing.middleware.auth_context [None req-15efd52a-1ecb-4b6f-8a30-88a60f78a8e6 None admin] RBAC: auth_context: {'token': <TokenModel (audit_id=YjnzlzZ2T92zLiWWPcQMhw, audit_chain_id=['YjnzlzZ2T92zLiWWPcQMhw']) at 0x7f0a2a4118d0>, 'domain_id': None, 'trust_id': None, 'trustor_id': None, 'trustee_id': None, 'domain_name': None, 'group_ids': [], 'user_id': 'b228db4258ad4cb589ee9ae95f7ac434', 'user_domain_id': 'default', 'system_scope': 'all', 'project_id': None, 'project_domain_id': None, 'roles': ['admin', 'manager', 'member', 'reader'], 'is_admin_project': True, 'service_user_id': None, 'service_user_domain_id': None, 'service_project_id': None, 'service_project_domain_id': None, 'service_roles': []} {{(pid=80703) fill_context /opt/stack/keystone/keystone/server/flask/request_processing/middleware/auth_context.py:509}}
Jun 09 22:47:37 ubuntu devstack@keystone.service[80703]: DEBUG keystone.server.flask.request_processing.req_logging [None req-15efd52a-1ecb-4b6f-8a30-88a60f78a8e6 None admin] REQUEST_METHOD: `POST` {{(pid=80703) log_request_info /opt/stack/keystone/keystone/server/flask/request_processing/req_logging.py:26}}
Jun 09 22:47:37 ubuntu devstack@keystone.service[80702]: DEBUG keystone.common.rbac_enforcer.enforcer [None req-f3c90113-9720-4021-bfbf-dc39828165b0 None admin] RBAC: Adding query filter params (name=service) {{(pid=80702) _extract_filter_values /opt/stack/keystone/keystone/common/rbac_enforcer/enforcer.py:176}}
Jun 09 22:47:37 ubuntu devstack@keystone.service[80702]: DEBUG keystone.common.rbac_enforcer.enforcer [None req-f3c90113-9720-4021-bfbf-dc39828165b0 None admin] RBAC: Authorizing `identity:list_roles()` {{(pid=80702) enforce_call /opt/stack/keystone/keystone/common/rbac_enforcer/enforcer.py:494}}
Jun 09 22:47:37 ubuntu devstack@keystone.service[80703]: DEBUG keystone.server.flask.request_processing.req_logging [None req-15efd52a-1ecb-4b6f-8a30-88a60f78a8e6 None admin] SCRIPT_NAME: `/identity` {{(pid=80703) log_request_info /opt/stack/keystone/keystone/server/flask/request_processing/req_logging.py:27}}
Jun 09 22:47:37 ubuntu devstack@keystone.service[80703]: DEBUG keystone.server.flask.request_processing.req_logging [None req-15efd52a-1ecb-4b6f-8a30-88a60f78a8e6 None admin] PATH_INFO: `/v3/roles` {{(pid=80703) log_request_info /opt/stack/keystone/keystone/server/flask/request_processing/req_logging.py:28}}
Jun 09 22:47:37 ubuntu devstack@keystone.service[80702]: DEBUG keystone.common.rbac_enforcer.enforcer [None req-f3c90113-9720-4021-bfbf-dc39828165b0 None admin] RBAC: Authorization granted {{(pid=80702) enforce_call /opt/stack/keystone/keystone/common/rbac_enforcer/enforcer.py:505}}
Jun 09 22:47:37 ubuntu devstack@keystone.service[80703]: DEBUG keystone.common.rbac_enforcer.enforcer [None req-15efd52a-1ecb-4b6f-8a30-88a60f78a8e6 None admin] RBAC: Authorizing `identity:create_role()` {{(pid=80703) enforce_call /opt/stack/keystone/keystone/common/rbac_enforcer/enforcer.py:494}}
Jun 09 22:47:37 ubuntu devstack@keystone.service[80703]: DEBUG keystone.common.rbac_enforcer.enforcer [None req-15efd52a-1ecb-4b6f-8a30-88a60f78a8e6 None admin] RBAC: Authorization granted {{(pid=80703) enforce_call /opt/stack/keystone/keystone/common/rbac_enforcer/enforcer.py:505}}
Jun 09 22:47:37 ubuntu devstack@keystone.service[80702]: [pid: 80702|app: 0|req: 23/40] 10.201.5.82 () {56 vars in 1152 bytes} [Mon Jun  9 22:47:37 2025] GET /identity/v3/roles?name=service => generated 343 bytes in 62 msecs (HTTP/1.1 200) 5 headers in 177 bytes (2 switches on core 0)
Jun 09 22:47:37 ubuntu devstack@keystone.service[80703]: [pid: 80703|app: 0|req: 18/41] 10.201.5.82 () {60 vars in 1167 bytes} [Mon Jun  9 22:47:36 2025] POST /identity/v3/roles => generated 225 bytes in 181 msecs (HTTP/1.1 201) 5 headers in 182 bytes (1 switches on core 0)
Jun 09 22:47:37 ubuntu devstack@keystone.service[80702]: DEBUG keystone.server.flask.request_processing.req_logging [None req-8d48615d-8035-4bcd-b822-e5cc5a846a1e None None] REQUEST_METHOD: `GET` {{(pid=80702) log_request_info /opt/stack/keystone/keystone/server/flask/request_processing/req_logging.py:26}}
Jun 09 22:47:37 ubuntu devstack@keystone.service[80702]: DEBUG keystone.server.flask.request_processing.req_logging [None req-8d48615d-8035-4bcd-b822-e5cc5a846a1e None None] SCRIPT_NAME: `/identity` {{(pid=80702) log_request_info /opt/stack/keystone/keystone/server/flask/request_processing/req_logging.py:27}}
Jun 09 22:47:37 ubuntu devstack@keystone.service[80702]: DEBUG keystone.server.flask.request_processing.req_logging [None req-8d48615d-8035-4bcd-b822-e5cc5a846a1e None None] PATH_INFO: `/` {{(pid=80702) log_request_info /opt/stack/keystone/keystone/server/flask/request_processing/req_logging.py:28}}
Jun 09 22:47:37 ubuntu devstack@keystone.service[80702]: [pid: 80702|app: 0|req: 24/42] 10.201.5.82 () {54 vars in 919 bytes} [Mon Jun  9 22:47:37 2025] GET /identity => generated 270 bytes in 2 msecs (HTTP/1.1 300) 6 headers in 234 bytes (2 switches on core 0)
Jun 09 22:47:37 ubuntu devstack@keystone.service[80703]: DEBUG keystone.server.flask.request_processing.req_logging [None req-fa6d6b9b-1cbd-4636-a153-1b13f6faa5a3 None None] REQUEST_METHOD: `POST` {{(pid=80703) log_request_info /opt/stack/keystone/keystone/server/flask/request_processing/req_logging.py:26}}
Jun 09 22:47:37 ubuntu devstack@keystone.service[80703]: DEBUG keystone.server.flask.request_processing.req_logging [None req-fa6d6b9b-1cbd-4636-a153-1b13f6faa5a3 None None] SCRIPT_NAME: `/identity` {{(pid=80703) log_request_info /opt/stack/keystone/keystone/server/flask/request_processing/req_logging.py:27}}
Jun 09 22:47:37 ubuntu devstack@keystone.service[80703]: DEBUG keystone.server.flask.request_processing.req_logging [None req-fa6d6b9b-1cbd-4636-a153-1b13f6faa5a3 None None] PATH_INFO: `/v3/auth/tokens` {{(pid=80703) log_request_info /opt/stack/keystone/keystone/server/flask/request_processing/req_logging.py:28}}
Jun 09 22:47:37 ubuntu devstack@keystone.service[80703]: WARNING keystone.common.password_hashing [None req-fa6d6b9b-1cbd-4636-a153-1b13f6faa5a3 None None] Truncating password to algorithm specific maximum length 72 characters.
Jun 09 22:47:37 ubuntu devstack@keystone.service[80703]: DEBUG keystone.auth.core [None req-fa6d6b9b-1cbd-4636-a153-1b13f6faa5a3 None None] MFA Rules not processed for user `b228db4258ad4cb589ee9ae95f7ac434`. Rule list: `[]` (Enabled: `True`). {{(pid=80703) check_auth_methods_against_rules /opt/stack/keystone/keystone/auth/core.py:476}}
Jun 09 22:47:37 ubuntu devstack@keystone.service[80703]: DEBUG keystone.common.fernet_utils [None req-fa6d6b9b-1cbd-4636-a153-1b13f6faa5a3 None None] Loaded 2 Fernet keys from /etc/keystone/fernet-keys/, but `[fernet_tokens] max_active_keys = 3`; perhaps there have not been enough key rotations to reach `max_active_keys` yet? {{(pid=80703) load_keys /opt/stack/keystone/keystone/common/fernet_utils.py:297}}
Jun 09 22:47:37 ubuntu devstack@keystone.service[80703]: [pid: 80703|app: 0|req: 19/43] 10.201.5.82 () {58 vars in 1016 bytes} [Mon Jun  9 22:47:37 2025] POST /identity/v3/auth/tokens => generated 862 bytes in 80 msecs (HTTP/1.1 201) 6 headers in 363 bytes (2 switches on core 0)
Jun 09 22:47:37 ubuntu devstack@keystone.service[80702]: DEBUG keystone.server.flask.request_processing.req_logging [None req-3531592b-3aca-4777-a32b-4b24fb5483e4 None None] REQUEST_METHOD: `GET` {{(pid=80702) log_request_info /opt/stack/keystone/keystone/server/flask/request_processing/req_logging.py:26}}
Jun 09 22:47:37 ubuntu devstack@keystone.service[80702]: DEBUG keystone.server.flask.request_processing.req_logging [None req-3531592b-3aca-4777-a32b-4b24fb5483e4 None None] SCRIPT_NAME: `/identity` {{(pid=80702) log_request_info /opt/stack/keystone/keystone/server/flask/request_processing/req_logging.py:27}}
Jun 09 22:47:37 ubuntu devstack@keystone.service[80702]: DEBUG keystone.server.flask.request_processing.req_logging [None req-3531592b-3aca-4777-a32b-4b24fb5483e4 None None] PATH_INFO: `/` {{(pid=80702) log_request_info /opt/stack/keystone/keystone/server/flask/request_processing/req_logging.py:28}}
Jun 09 22:47:37 ubuntu devstack@keystone.service[80702]: [pid: 80702|app: 0|req: 25/44] 10.201.5.82 () {54 vars in 919 bytes} [Mon Jun  9 22:47:37 2025] GET /identity => generated 270 bytes in 2 msecs (HTTP/1.1 300) 6 headers in 234 bytes (1 switches on core 0)
Jun 09 22:47:37 ubuntu devstack@keystone.service[80703]: DEBUG keystone.server.flask.request_processing.req_logging [None req-20505379-62c8-4ddb-97bf-5ffc57e3a1d2 None None] REQUEST_METHOD: `POST` {{(pid=80703) log_request_info /opt/stack/keystone/keystone/server/flask/request_processing/req_logging.py:26}}
Jun 09 22:47:37 ubuntu devstack@keystone.service[80703]: DEBUG keystone.server.flask.request_processing.req_logging [None req-20505379-62c8-4ddb-97bf-5ffc57e3a1d2 None None] SCRIPT_NAME: `/identity` {{(pid=80703) log_request_info /opt/stack/keystone/keystone/server/flask/request_processing/req_logging.py:27}}
Jun 09 22:47:37 ubuntu devstack@keystone.service[80703]: DEBUG keystone.server.flask.request_processing.req_logging [None req-20505379-62c8-4ddb-97bf-5ffc57e3a1d2 None None] PATH_INFO: `/v3/auth/tokens` {{(pid=80703) log_request_info /opt/stack/keystone/keystone/server/flask/request_processing/req_logging.py:28}}
Jun 09 22:47:37 ubuntu devstack@keystone.service[80702]: DEBUG keystone.server.flask.request_processing.middleware.auth_context [None req-3531592b-3aca-4777-a32b-4b24fb5483e4 None None] Authenticating user token {{(pid=80702) process_request /opt/stack/data/venv/lib/python3.10/site-packages/keystonemiddleware/auth_token/__init__.py:407}}
Jun 09 22:47:37 ubuntu devstack@keystone.service[80703]: WARNING keystone.common.password_hashing [None req-20505379-62c8-4ddb-97bf-5ffc57e3a1d2 None None] Truncating password to algorithm specific maximum length 72 characters.
Jun 09 22:47:37 ubuntu devstack@keystone.service[80703]: DEBUG keystone.auth.core [None req-20505379-62c8-4ddb-97bf-5ffc57e3a1d2 None None] MFA Rules not processed for user `b228db4258ad4cb589ee9ae95f7ac434`. Rule list: `[]` (Enabled: `True`). {{(pid=80703) check_auth_methods_against_rules /opt/stack/keystone/keystone/auth/core.py:476}}
Jun 09 22:47:37 ubuntu devstack@keystone.service[80703]: DEBUG keystone.common.fernet_utils [None req-20505379-62c8-4ddb-97bf-5ffc57e3a1d2 None None] Loaded 2 Fernet keys from /etc/keystone/fernet-keys/, but `[fernet_tokens] max_active_keys = 3`; perhaps there have not been enough key rotations to reach `max_active_keys` yet? {{(pid=80703) load_keys /opt/stack/keystone/keystone/common/fernet_utils.py:297}}
Jun 09 22:47:37 ubuntu devstack@keystone.service[80702]: DEBUG keystone.server.flask.request_processing.middleware.auth_context [None req-3531592b-3aca-4777-a32b-4b24fb5483e4 None None] Validating token access rules against request {{(pid=80702) validate_allowed_request /opt/stack/data/venv/lib/python3.10/site-packages/keystonemiddleware/auth_token/__init__.py:545}}
Jun 09 22:47:37 ubuntu devstack@keystone.service[80703]: [pid: 80703|app: 0|req: 20/45] 10.201.5.82 () {58 vars in 1016 bytes} [Mon Jun  9 22:47:37 2025] POST /identity/v3/auth/tokens => generated 862 bytes in 77 msecs (HTTP/1.1 201) 6 headers in 363 bytes (1 switches on core 0)
Jun 09 22:47:37 ubuntu devstack@keystone.service[80702]: DEBUG keystone.server.flask.request_processing.middleware.auth_context [None req-ff409918-b517-4df4-bf1f-6554ff61b41f None admin] RBAC: auth_context: {'token': <TokenModel (audit_id=gIXIewvuT_eGI7lKK5YtLA, audit_chain_id=['gIXIewvuT_eGI7lKK5YtLA']) at 0x7f0a2a8a9510>, 'domain_id': None, 'trust_id': None, 'trustor_id': None, 'trustee_id': None, 'domain_name': None, 'group_ids': [], 'user_id': 'b228db4258ad4cb589ee9ae95f7ac434', 'user_domain_id': 'default', 'system_scope': 'all', 'project_id': None, 'project_domain_id': None, 'roles': ['admin', 'manager', 'member', 'reader'], 'is_admin_project': True, 'service_user_id': None, 'service_user_domain_id': None, 'service_project_id': None, 'service_project_domain_id': None, 'service_roles': []} {{(pid=80702) fill_context /opt/stack/keystone/keystone/server/flask/request_processing/middleware/auth_context.py:509}}
Jun 09 22:47:37 ubuntu devstack@keystone.service[80702]: DEBUG keystone.server.flask.request_processing.req_logging [None req-ff409918-b517-4df4-bf1f-6554ff61b41f None admin] REQUEST_METHOD: `POST` {{(pid=80702) log_request_info /opt/stack/keystone/keystone/server/flask/request_processing/req_logging.py:26}}
Jun 09 22:47:37 ubuntu devstack@keystone.service[80702]: DEBUG keystone.server.flask.request_processing.req_logging [None req-ff409918-b517-4df4-bf1f-6554ff61b41f None admin] SCRIPT_NAME: `/identity` {{(pid=80702) log_request_info /opt/stack/keystone/keystone/server/flask/request_processing/req_logging.py:27}}
Jun 09 22:47:37 ubuntu devstack@keystone.service[80702]: DEBUG keystone.server.flask.request_processing.req_logging [None req-ff409918-b517-4df4-bf1f-6554ff61b41f None admin] PATH_INFO: `/v3/roles` {{(pid=80702) log_request_info /opt/stack/keystone/keystone/server/flask/request_processing/req_logging.py:28}}
Jun 09 22:47:37 ubuntu devstack@keystone.service[80702]: DEBUG keystone.common.rbac_enforcer.enforcer [None req-ff409918-b517-4df4-bf1f-6554ff61b41f None admin] RBAC: Authorizing `identity:create_role()` {{(pid=80702) enforce_call /opt/stack/keystone/keystone/common/rbac_enforcer/enforcer.py:494}}
Jun 09 22:47:37 ubuntu devstack@keystone.service[80702]: DEBUG keystone.common.rbac_enforcer.enforcer [None req-ff409918-b517-4df4-bf1f-6554ff61b41f None admin] RBAC: Authorization granted {{(pid=80702) enforce_call /opt/stack/keystone/keystone/common/rbac_enforcer/enforcer.py:505}}
Jun 09 22:47:37 ubuntu devstack@keystone.service[80702]: [pid: 80702|app: 0|req: 26/46] 10.201.5.82 () {60 vars in 1167 bytes} [Mon Jun  9 22:47:37 2025] POST /identity/v3/roles => generated 223 bytes in 87 msecs (HTTP/1.1 201) 5 headers in 182 bytes (1 switches on core 0)
Jun 09 22:47:37 ubuntu devstack@keystone.service[80703]: DEBUG keystone.server.flask.request_processing.middleware.auth_context [None req-20505379-62c8-4ddb-97bf-5ffc57e3a1d2 None None] Authenticating user token {{(pid=80703) process_request /opt/stack/data/venv/lib/python3.10/site-packages/keystonemiddleware/auth_token/__init__.py:407}}
Jun 09 22:47:37 ubuntu devstack@keystone.service[80703]: DEBUG keystone.server.flask.request_processing.middleware.auth_context [None req-20505379-62c8-4ddb-97bf-5ffc57e3a1d2 None None] Validating token access rules against request {{(pid=80703) validate_allowed_request /opt/stack/data/venv/lib/python3.10/site-packages/keystonemiddleware/auth_token/__init__.py:545}}
Jun 09 22:47:37 ubuntu devstack@keystone.service[80703]: DEBUG keystone.server.flask.request_processing.middleware.auth_context [None req-6ba3aa5b-50f8-43cc-9a9c-5c7c078b76c6 None admin] RBAC: auth_context: {'token': <TokenModel (audit_id=2dM116K8TJCZg2jc98319g, audit_chain_id=['2dM116K8TJCZg2jc98319g']) at 0x7f0a2a412d70>, 'domain_id': None, 'trust_id': None, 'trustor_id': None, 'trustee_id': None, 'domain_name': None, 'group_ids': [], 'user_id': 'b228db4258ad4cb589ee9ae95f7ac434', 'user_domain_id': 'default', 'system_scope': 'all', 'project_id': None, 'project_domain_id': None, 'roles': ['admin', 'manager', 'member', 'reader'], 'is_admin_project': True, 'service_user_id': None, 'service_user_domain_id': None, 'service_project_id': None, 'service_project_domain_id': None, 'service_roles': []} {{(pid=80703) fill_context /opt/stack/keystone/keystone/server/flask/request_processing/middleware/auth_context.py:509}}
Jun 09 22:47:37 ubuntu devstack@keystone.service[80703]: DEBUG keystone.server.flask.request_processing.req_logging [None req-6ba3aa5b-50f8-43cc-9a9c-5c7c078b76c6 None admin] REQUEST_METHOD: `GET` {{(pid=80703) log_request_info /opt/stack/keystone/keystone/server/flask/request_processing/req_logging.py:26}}
Jun 09 22:47:37 ubuntu devstack@keystone.service[80703]: DEBUG keystone.server.flask.request_processing.req_logging [None req-6ba3aa5b-50f8-43cc-9a9c-5c7c078b76c6 None admin] SCRIPT_NAME: `/identity` {{(pid=80703) log_request_info /opt/stack/keystone/keystone/server/flask/request_processing/req_logging.py:27}}
Jun 09 22:47:37 ubuntu devstack@keystone.service[80703]: DEBUG keystone.server.flask.request_processing.req_logging [None req-6ba3aa5b-50f8-43cc-9a9c-5c7c078b76c6 None admin] PATH_INFO: `/v3/domains/default` {{(pid=80703) log_request_info /opt/stack/keystone/keystone/server/flask/request_processing/req_logging.py:28}}
Jun 09 22:47:37 ubuntu devstack@keystone.service[80703]: DEBUG keystone.common.rbac_enforcer.enforcer [None req-6ba3aa5b-50f8-43cc-9a9c-5c7c078b76c6 None admin] RBAC: Authorizing `identity:get_domain(domain_id=default)` {{(pid=80703) enforce_call /opt/stack/keystone/keystone/common/rbac_enforcer/enforcer.py:494}}
Jun 09 22:47:37 ubuntu devstack@keystone.service[80703]: DEBUG keystone.common.rbac_enforcer.enforcer [None req-6ba3aa5b-50f8-43cc-9a9c-5c7c078b76c6 None admin] RBAC: Authorization granted {{(pid=80703) enforce_call /opt/stack/keystone/keystone/common/rbac_enforcer/enforcer.py:505}}
Jun 09 22:47:37 ubuntu devstack@keystone.service[80703]: [pid: 80703|app: 0|req: 21/47] 10.201.5.82 () {56 vars in 1100 bytes} [Mon Jun  9 22:47:37 2025] GET /identity/v3/domains/default => generated 199 bytes in 80 msecs (HTTP/1.1 200) 5 headers in 177 bytes (1 switches on core 0)
Jun 09 22:47:37 ubuntu devstack@keystone.service[80702]: DEBUG keystone.server.flask.request_processing.middleware.auth_context [None req-ff409918-b517-4df4-bf1f-6554ff61b41f None admin] Authenticating user token {{(pid=80702) process_request /opt/stack/data/venv/lib/python3.10/site-packages/keystonemiddleware/auth_token/__init__.py:407}}
Jun 09 22:47:38 ubuntu devstack@keystone.service[80702]: DEBUG keystone.server.flask.request_processing.middleware.auth_context [None req-ff409918-b517-4df4-bf1f-6554ff61b41f None admin] Validating token access rules against request {{(pid=80702) validate_allowed_request /opt/stack/data/venv/lib/python3.10/site-packages/keystonemiddleware/auth_token/__init__.py:545}}
Jun 09 22:47:38 ubuntu devstack@keystone.service[80702]: DEBUG keystone.server.flask.request_processing.middleware.auth_context [None req-c8df771a-98a8-4826-ab59-2a48a6d26654 None admin] RBAC: auth_context: {'token': <TokenModel (audit_id=2dM116K8TJCZg2jc98319g, audit_chain_id=['2dM116K8TJCZg2jc98319g']) at 0x7f0a2a838e20>, 'domain_id': None, 'trust_id': None, 'trustor_id': None, 'trustee_id': None, 'domain_name': None, 'group_ids': [], 'user_id': 'b228db4258ad4cb589ee9ae95f7ac434', 'user_domain_id': 'default', 'system_scope': 'all', 'project_id': None, 'project_domain_id': None, 'roles': ['admin', 'manager', 'member', 'reader'], 'is_admin_project': True, 'service_user_id': None, 'service_user_domain_id': None, 'service_project_id': None, 'service_project_domain_id': None, 'service_roles': []} {{(pid=80702) fill_context /opt/stack/keystone/keystone/server/flask/request_processing/middleware/auth_context.py:509}}
Jun 09 22:47:38 ubuntu devstack@keystone.service[80702]: DEBUG keystone.server.flask.request_processing.req_logging [None req-c8df771a-98a8-4826-ab59-2a48a6d26654 None admin] REQUEST_METHOD: `POST` {{(pid=80702) log_request_info /opt/stack/keystone/keystone/server/flask/request_processing/req_logging.py:26}}
Jun 09 22:47:38 ubuntu devstack@keystone.service[80702]: DEBUG keystone.server.flask.request_processing.req_logging [None req-c8df771a-98a8-4826-ab59-2a48a6d26654 None admin] SCRIPT_NAME: `/identity` {{(pid=80702) log_request_info /opt/stack/keystone/keystone/server/flask/request_processing/req_logging.py:27}}
Jun 09 22:47:38 ubuntu devstack@keystone.service[80702]: DEBUG keystone.server.flask.request_processing.req_logging [None req-c8df771a-98a8-4826-ab59-2a48a6d26654 None admin] PATH_INFO: `/v3/projects` {{(pid=80702) log_request_info /opt/stack/keystone/keystone/server/flask/request_processing/req_logging.py:28}}
Jun 09 22:47:38 ubuntu devstack@keystone.service[80702]: DEBUG keystone.common.rbac_enforcer.enforcer [None req-c8df771a-98a8-4826-ab59-2a48a6d26654 None admin] RBAC: Authorizing `identity:create_project()` {{(pid=80702) enforce_call /opt/stack/keystone/keystone/common/rbac_enforcer/enforcer.py:494}}
Jun 09 22:47:38 ubuntu devstack@keystone.service[80702]: DEBUG keystone.common.rbac_enforcer.enforcer [None req-c8df771a-98a8-4826-ab59-2a48a6d26654 None admin] RBAC: Authorization granted {{(pid=80702) enforce_call /opt/stack/keystone/keystone/common/rbac_enforcer/enforcer.py:505}}
Jun 09 22:47:38 ubuntu devstack@keystone.service[80702]: [pid: 80702|app: 0|req: 27/48] 10.201.5.82 () {60 vars in 1133 bytes} [Mon Jun  9 22:47:37 2025] POST /identity/v3/projects => generated 312 bytes in 86 msecs (HTTP/1.1 201) 5 headers in 182 bytes (1 switches on core 0)
Jun 09 22:47:39 ubuntu devstack@keystone.service[80703]: DEBUG keystone.server.flask.request_processing.req_logging [None req-d0c51f2d-4974-4c38-a688-1c616ea7edf7 None None] REQUEST_METHOD: `GET` {{(pid=80703) log_request_info /opt/stack/keystone/keystone/server/flask/request_processing/req_logging.py:26}}
Jun 09 22:47:39 ubuntu devstack@keystone.service[80703]: DEBUG keystone.server.flask.request_processing.req_logging [None req-d0c51f2d-4974-4c38-a688-1c616ea7edf7 None None] SCRIPT_NAME: `/identity` {{(pid=80703) log_request_info /opt/stack/keystone/keystone/server/flask/request_processing/req_logging.py:27}}
Jun 09 22:47:39 ubuntu devstack@keystone.service[80703]: DEBUG keystone.server.flask.request_processing.req_logging [None req-d0c51f2d-4974-4c38-a688-1c616ea7edf7 None None] PATH_INFO: `/` {{(pid=80703) log_request_info /opt/stack/keystone/keystone/server/flask/request_processing/req_logging.py:28}}
Jun 09 22:47:39 ubuntu devstack@keystone.service[80703]: [pid: 80703|app: 0|req: 22/49] 10.201.5.82 () {54 vars in 919 bytes} [Mon Jun  9 22:47:39 2025] GET /identity => generated 270 bytes in 4 msecs (HTTP/1.1 300) 6 headers in 234 bytes (1 switches on core 0)
Jun 09 22:47:39 ubuntu devstack@keystone.service[80702]: DEBUG keystone.server.flask.request_processing.req_logging [None req-a4486ad5-446c-418b-a096-a192d5795b26 None None] REQUEST_METHOD: `POST` {{(pid=80702) log_request_info /opt/stack/keystone/keystone/server/flask/request_processing/req_logging.py:26}}
Jun 09 22:47:39 ubuntu devstack@keystone.service[80702]: DEBUG keystone.server.flask.request_processing.req_logging [None req-a4486ad5-446c-418b-a096-a192d5795b26 None None] SCRIPT_NAME: `/identity` {{(pid=80702) log_request_info /opt/stack/keystone/keystone/server/flask/request_processing/req_logging.py:27}}
Jun 09 22:47:39 ubuntu devstack@keystone.service[80702]: DEBUG keystone.server.flask.request_processing.req_logging [None req-a4486ad5-446c-418b-a096-a192d5795b26 None None] PATH_INFO: `/v3/auth/tokens` {{(pid=80702) log_request_info /opt/stack/keystone/keystone/server/flask/request_processing/req_logging.py:28}}
Jun 09 22:47:39 ubuntu devstack@keystone.service[80702]: WARNING keystone.common.password_hashing [None req-a4486ad5-446c-418b-a096-a192d5795b26 None None] Truncating password to algorithm specific maximum length 72 characters.
Jun 09 22:47:39 ubuntu devstack@keystone.service[80702]: DEBUG keystone.auth.core [None req-a4486ad5-446c-418b-a096-a192d5795b26 None None] MFA Rules not processed for user `b228db4258ad4cb589ee9ae95f7ac434`. Rule list: `[]` (Enabled: `True`). {{(pid=80702) check_auth_methods_against_rules /opt/stack/keystone/keystone/auth/core.py:476}}
Jun 09 22:47:39 ubuntu devstack@keystone.service[80702]: DEBUG keystone.common.fernet_utils [None req-a4486ad5-446c-418b-a096-a192d5795b26 None None] Loaded 2 Fernet keys from /etc/keystone/fernet-keys/, but `[fernet_tokens] max_active_keys = 3`; perhaps there have not been enough key rotations to reach `max_active_keys` yet? {{(pid=80702) load_keys /opt/stack/keystone/keystone/common/fernet_utils.py:297}}
Jun 09 22:47:39 ubuntu devstack@keystone.service[80702]: [pid: 80702|app: 0|req: 28/50] 10.201.5.82 () {58 vars in 1016 bytes} [Mon Jun  9 22:47:39 2025] POST /identity/v3/auth/tokens => generated 862 bytes in 60 msecs (HTTP/1.1 201) 6 headers in 363 bytes (1 switches on core 0)
Jun 09 22:47:39 ubuntu devstack@keystone.service[80703]: DEBUG keystone.server.flask.request_processing.middleware.auth_context [None req-d0c51f2d-4974-4c38-a688-1c616ea7edf7 None None] Authenticating user token {{(pid=80703) process_request /opt/stack/data/venv/lib/python3.10/site-packages/keystonemiddleware/auth_token/__init__.py:407}}
Jun 09 22:47:39 ubuntu devstack@keystone.service[80703]: DEBUG keystone.server.flask.request_processing.middleware.auth_context [None req-d0c51f2d-4974-4c38-a688-1c616ea7edf7 None None] Validating token access rules against request {{(pid=80703) validate_allowed_request /opt/stack/data/venv/lib/python3.10/site-packages/keystonemiddleware/auth_token/__init__.py:545}}
Jun 09 22:47:39 ubuntu devstack@keystone.service[80703]: DEBUG keystone.server.flask.request_processing.middleware.auth_context [None req-1f0a5863-8d54-4e6a-abbc-a4adc249b5d2 None admin] RBAC: auth_context: {'token': <TokenModel (audit_id=vCcfdQb6TgGQXJxJI7qJaA, audit_chain_id=['vCcfdQb6TgGQXJxJI7qJaA']) at 0x7f0a2a97e710>, 'domain_id': None, 'trust_id': None, 'trustor_id': None, 'trustee_id': None, 'domain_name': None, 'group_ids': [], 'user_id': 'b228db4258ad4cb589ee9ae95f7ac434', 'user_domain_id': 'default', 'system_scope': 'all', 'project_id': None, 'project_domain_id': None, 'roles': ['admin', 'manager', 'member', 'reader'], 'is_admin_project': True, 'service_user_id': None, 'service_user_domain_id': None, 'service_project_id': None, 'service_project_domain_id': None, 'service_roles': []} {{(pid=80703) fill_context /opt/stack/keystone/keystone/server/flask/request_processing/middleware/auth_context.py:509}}
Jun 09 22:47:39 ubuntu devstack@keystone.service[80703]: DEBUG keystone.server.flask.request_processing.req_logging [None req-1f0a5863-8d54-4e6a-abbc-a4adc249b5d2 None admin] REQUEST_METHOD: `GET` {{(pid=80703) log_request_info /opt/stack/keystone/keystone/server/flask/request_processing/req_logging.py:26}}
Jun 09 22:47:39 ubuntu devstack@keystone.service[80703]: DEBUG keystone.server.flask.request_processing.req_logging [None req-1f0a5863-8d54-4e6a-abbc-a4adc249b5d2 None admin] SCRIPT_NAME: `/identity` {{(pid=80703) log_request_info /opt/stack/keystone/keystone/server/flask/request_processing/req_logging.py:27}}
Jun 09 22:47:39 ubuntu devstack@keystone.service[80703]: DEBUG keystone.server.flask.request_processing.req_logging [None req-1f0a5863-8d54-4e6a-abbc-a4adc249b5d2 None admin] PATH_INFO: `/v3/domains/default` {{(pid=80703) log_request_info /opt/stack/keystone/keystone/server/flask/request_processing/req_logging.py:28}}
Jun 09 22:47:39 ubuntu devstack@keystone.service[80703]: DEBUG keystone.common.rbac_enforcer.enforcer [None req-1f0a5863-8d54-4e6a-abbc-a4adc249b5d2 None admin] RBAC: Authorizing `identity:get_domain(domain_id=default)` {{(pid=80703) enforce_call /opt/stack/keystone/keystone/common/rbac_enforcer/enforcer.py:494}}
Jun 09 22:47:39 ubuntu devstack@keystone.service[80703]: DEBUG keystone.common.rbac_enforcer.enforcer [None req-1f0a5863-8d54-4e6a-abbc-a4adc249b5d2 None admin] RBAC: Authorization granted {{(pid=80703) enforce_call /opt/stack/keystone/keystone/common/rbac_enforcer/enforcer.py:505}}
