Jul 18 12:56:25 ubuntu devstack@keystone.service[80795]: DEBUG keystone.server.flask.request_processing.req_logging [None req-21af95d5-2703-4569-9074-33e156a61422 None None] REQUEST_METHOD: `POST` {{(pid=80795) log_request_info /opt/stack/keystone/keystone/server/flask/request_processing/req_logging.py:26}}
Jul 18 12:56:25 ubuntu devstack@keystone.service[80795]: DEBUG keystone.server.flask.request_processing.req_logging [None req-21af95d5-2703-4569-9074-33e156a61422 None None] SCRIPT_NAME: `/identity` {{(pid=80795) log_request_info /opt/stack/keystone/keystone/server/flask/request_processing/req_logging.py:27}}
Jul 18 12:56:25 ubuntu devstack@keystone.service[80795]: DEBUG keystone.server.flask.request_processing.req_logging [None req-21af95d5-2703-4569-9074-33e156a61422 None None] PATH_INFO: `/v3/auth/tokens` {{(pid=80795) log_request_info /opt/stack/keystone/keystone/server/flask/request_processing/req_logging.py:28}}
Jul 18 12:56:25 ubuntu devstack@keystone.service[80795]: WARNING keystone.common.password_hashing [None req-21af95d5-2703-4569-9074-33e156a61422 None None] Truncating password to algorithm specific maximum length 72 characters.
Jul 18 12:56:25 ubuntu devstack@keystone.service[80795]: DEBUG keystone.auth.core [None req-21af95d5-2703-4569-9074-33e156a61422 None None] MFA Rules not processed for user `999e2491a659452abb5f546f907fe6b3`. Rule list: `[]` (Enabled: `True`). {{(pid=80795) check_auth_methods_against_rules /opt/stack/keystone/keystone/auth/core.py:476}}
Jul 18 12:56:25 ubuntu devstack@keystone.service[80795]: DEBUG keystone.common.fernet_utils [None req-21af95d5-2703-4569-9074-33e156a61422 None None] Loaded 2 Fernet keys from /etc/keystone/fernet-keys/, but `[fernet_tokens] max_active_keys = 3`; perhaps there have not been enough key rotations to reach `max_active_keys` yet? {{(pid=80795) load_keys /opt/stack/keystone/keystone/common/fernet_utils.py:297}}
Jul 18 12:56:25 ubuntu devstack@keystone.service[80794]: [pid: 80794|app: 0|req: 13/24] 10.201.5.82 () {58 vars in 1016 bytes} [Fri Jul 18 12:56:25 2025] POST /identity/v3/auth/tokens => generated 862 bytes in 67 msecs (HTTP/1.1 201) 6 headers in 363 bytes (1 switches on core 0)
Jul 18 12:56:25 ubuntu devstack@keystone.service[80795]: [pid: 80795|app: 0|req: 12/25] 10.201.5.82 () {58 vars in 1016 bytes} [Fri Jul 18 12:56:25 2025] POST /identity/v3/auth/tokens => generated 862 bytes in 60 msecs (HTTP/1.1 201) 6 headers in 363 bytes (1 switches on core 0)
Jul 18 12:56:25 ubuntu devstack@keystone.service[80794]: DEBUG keystone.server.flask.request_processing.middleware.auth_context [None req-3bb0358d-cf3d-4ed1-b7a3-a04a5119f840 None None] Authenticating user token {{(pid=80794) process_request /opt/stack/data/venv/lib/python3.10/site-packages/keystonemiddleware/auth_token/__init__.py:407}}
Jul 18 12:56:25 ubuntu devstack@keystone.service[80794]: DEBUG keystone.server.flask.request_processing.middleware.auth_context [None req-3bb0358d-cf3d-4ed1-b7a3-a04a5119f840 None None] Validating token access rules against request {{(pid=80794) validate_allowed_request /opt/stack/data/venv/lib/python3.10/site-packages/keystonemiddleware/auth_token/__init__.py:545}}
Jul 18 12:56:25 ubuntu devstack@keystone.service[80794]: DEBUG keystone.server.flask.request_processing.middleware.auth_context [None req-13cb2c0d-f0a3-4f78-86b3-d43de27dae1f None admin] RBAC: auth_context: {'token': <TokenModel (audit_id=6kucOnyfQNOh2OihdW9KJg, audit_chain_id=['6kucOnyfQNOh2OihdW9KJg']) at 0x7fcd41a657e0>, 'domain_id': None, 'trust_id': None, 'trustor_id': None, 'trustee_id': None, 'domain_name': None, 'group_ids': [], 'user_id': '999e2491a659452abb5f546f907fe6b3', 'user_domain_id': 'default', 'system_scope': 'all', 'project_id': None, 'project_domain_id': None, 'roles': ['admin', 'manager', 'member', 'reader'], 'is_admin_project': True, 'service_user_id': None, 'service_user_domain_id': None, 'service_project_id': None, 'service_project_domain_id': None, 'service_roles': []} {{(pid=80794) fill_context /opt/stack/keystone/keystone/server/flask/request_processing/middleware/auth_context.py:509}}
Jul 18 12:56:25 ubuntu devstack@keystone.service[80794]: DEBUG keystone.server.flask.request_processing.req_logging [None req-13cb2c0d-f0a3-4f78-86b3-d43de27dae1f None admin] REQUEST_METHOD: `GET` {{(pid=80794) log_request_info /opt/stack/keystone/keystone/server/flask/request_processing/req_logging.py:26}}
Jul 18 12:56:25 ubuntu devstack@keystone.service[80794]: DEBUG keystone.server.flask.request_processing.req_logging [None req-13cb2c0d-f0a3-4f78-86b3-d43de27dae1f None admin] SCRIPT_NAME: `/identity` {{(pid=80794) log_request_info /opt/stack/keystone/keystone/server/flask/request_processing/req_logging.py:27}}
Jul 18 12:56:25 ubuntu devstack@keystone.service[80794]: DEBUG keystone.server.flask.request_processing.req_logging [None req-13cb2c0d-f0a3-4f78-86b3-d43de27dae1f None admin] PATH_INFO: `/v3/roles/admin` {{(pid=80794) log_request_info /opt/stack/keystone/keystone/server/flask/request_processing/req_logging.py:28}}
Jul 18 12:56:25 ubuntu devstack@keystone.service[80794]: DEBUG keystone.common.rbac_enforcer.enforcer [None req-13cb2c0d-f0a3-4f78-86b3-d43de27dae1f None admin] Extracting inferred target data resulted in "NOT FOUND (404)". {{(pid=80794) enforce_call /opt/stack/keystone/keystone/common/rbac_enforcer/enforcer.py:445}}
Jul 18 12:56:25 ubuntu devstack@keystone.service[80794]: DEBUG keystone.server.flask.application [None req-13cb2c0d-f0a3-4f78-86b3-d43de27dae1f None admin] Could not find role: admin. {{(pid=80794) _handle_keystone_exception /opt/stack/keystone/keystone/server/flask/application.py:146}}
Jul 18 12:56:25 ubuntu devstack@keystone.service[80794]: [pid: 80794|app: 0|req: 14/26] 10.201.5.82 () {56 vars in 1132 bytes} [Fri Jul 18 12:56:25 2025] GET /identity/v3/roles/admin => generated 83 bytes in 71 msecs (HTTP/1.1 404) 5 headers in 183 bytes (1 switches on core 0)
Jul 18 12:56:25 ubuntu devstack@keystone.service[80795]: DEBUG keystone.server.flask.request_processing.middleware.auth_context [None req-21af95d5-2703-4569-9074-33e156a61422 None None] Authenticating user token {{(pid=80795) process_request /opt/stack/data/venv/lib/python3.10/site-packages/keystonemiddleware/auth_token/__init__.py:407}}
Jul 18 12:56:25 ubuntu devstack@keystone.service[80794]: DEBUG keystone.server.flask.request_processing.middleware.auth_context [None req-13cb2c0d-f0a3-4f78-86b3-d43de27dae1f None admin] Authenticating user token {{(pid=80794) process_request /opt/stack/data/venv/lib/python3.10/site-packages/keystonemiddleware/auth_token/__init__.py:407}}
Jul 18 12:56:25 ubuntu devstack@keystone.service[80794]: DEBUG keystone.server.flask.request_processing.middleware.auth_context [None req-13cb2c0d-f0a3-4f78-86b3-d43de27dae1f None admin] Validating token access rules against request {{(pid=80794) validate_allowed_request /opt/stack/data/venv/lib/python3.10/site-packages/keystonemiddleware/auth_token/__init__.py:545}}
Jul 18 12:56:25 ubuntu devstack@keystone.service[80795]: DEBUG keystone.server.flask.request_processing.middleware.auth_context [None req-21af95d5-2703-4569-9074-33e156a61422 None None] Validating token access rules against request {{(pid=80795) validate_allowed_request /opt/stack/data/venv/lib/python3.10/site-packages/keystonemiddleware/auth_token/__init__.py:545}}
Jul 18 12:56:25 ubuntu devstack@keystone.service[80794]: DEBUG keystone.server.flask.request_processing.middleware.auth_context [None req-4e211cae-cd1f-49ab-a7ce-c8e3c5d25895 None admin] RBAC: auth_context: {'token': <TokenModel (audit_id=xwSwzETdSAmUUSwB2qiUbg, audit_chain_id=['xwSwzETdSAmUUSwB2qiUbg']) at 0x7fcd4274b3d0>, 'domain_id': None, 'trust_id': None, 'trustor_id': None, 'trustee_id': None, 'domain_name': None, 'group_ids': [], 'user_id': '999e2491a659452abb5f546f907fe6b3', 'user_domain_id': 'default', 'system_scope': 'all', 'project_id': None, 'project_domain_id': None, 'roles': ['admin', 'manager', 'member', 'reader'], 'is_admin_project': True, 'service_user_id': None, 'service_user_domain_id': None, 'service_project_id': None, 'service_project_domain_id': None, 'service_roles': []} {{(pid=80794) fill_context /opt/stack/keystone/keystone/server/flask/request_processing/middleware/auth_context.py:509}}
Jul 18 12:56:25 ubuntu devstack@keystone.service[80794]: DEBUG keystone.server.flask.request_processing.req_logging [None req-4e211cae-cd1f-49ab-a7ce-c8e3c5d25895 None admin] REQUEST_METHOD: `GET` {{(pid=80794) log_request_info /opt/stack/keystone/keystone/server/flask/request_processing/req_logging.py:26}}
Jul 18 12:56:25 ubuntu devstack@keystone.service[80794]: DEBUG keystone.server.flask.request_processing.req_logging [None req-4e211cae-cd1f-49ab-a7ce-c8e3c5d25895 None admin] SCRIPT_NAME: `/identity` {{(pid=80794) log_request_info /opt/stack/keystone/keystone/server/flask/request_processing/req_logging.py:27}}
Jul 18 12:56:25 ubuntu devstack@keystone.service[80794]: DEBUG keystone.server.flask.request_processing.req_logging [None req-4e211cae-cd1f-49ab-a7ce-c8e3c5d25895 None admin] PATH_INFO: `/v3/domains/Default` {{(pid=80794) log_request_info /opt/stack/keystone/keystone/server/flask/request_processing/req_logging.py:28}}
Jul 18 12:56:25 ubuntu devstack@keystone.service[80794]: DEBUG keystone.common.rbac_enforcer.enforcer [None req-4e211cae-cd1f-49ab-a7ce-c8e3c5d25895 None admin] RBAC: Authorizing `identity:get_domain(domain_id=Default)` {{(pid=80794) enforce_call /opt/stack/keystone/keystone/common/rbac_enforcer/enforcer.py:494}}
Jul 18 12:56:25 ubuntu devstack@keystone.service[80794]: DEBUG keystone.common.rbac_enforcer.enforcer [None req-4e211cae-cd1f-49ab-a7ce-c8e3c5d25895 None admin] RBAC: Authorization granted {{(pid=80794) enforce_call /opt/stack/keystone/keystone/common/rbac_enforcer/enforcer.py:505}}
Jul 18 12:56:25 ubuntu devstack@keystone.service[80795]: DEBUG keystone.server.flask.request_processing.middleware.auth_context [None req-564da51d-2046-421b-b6c0-13261724ca86 None admin] RBAC: auth_context: {'token': <TokenModel (audit_id=6kucOnyfQNOh2OihdW9KJg, audit_chain_id=['6kucOnyfQNOh2OihdW9KJg']) at 0x7fcd41c957e0>, 'domain_id': None, 'trust_id': None, 'trustor_id': None, 'trustee_id': None, 'domain_name': None, 'group_ids': [], 'user_id': '999e2491a659452abb5f546f907fe6b3', 'user_domain_id': 'default', 'system_scope': 'all', 'project_id': None, 'project_domain_id': None, 'roles': ['admin', 'manager', 'member', 'reader'], 'is_admin_project': True, 'service_user_id': None, 'service_user_domain_id': None, 'service_project_id': None, 'service_project_domain_id': None, 'service_roles': []} {{(pid=80795) fill_context /opt/stack/keystone/keystone/server/flask/request_processing/middleware/auth_context.py:509}}
Jul 18 12:56:25 ubuntu devstack@keystone.service[80795]: DEBUG keystone.server.flask.request_processing.req_logging [None req-564da51d-2046-421b-b6c0-13261724ca86 None admin] REQUEST_METHOD: `GET` {{(pid=80795) log_request_info /opt/stack/keystone/keystone/server/flask/request_processing/req_logging.py:26}}
Jul 18 12:56:25 ubuntu devstack@keystone.service[80795]: DEBUG keystone.server.flask.request_processing.req_logging [None req-564da51d-2046-421b-b6c0-13261724ca86 None admin] SCRIPT_NAME: `/identity` {{(pid=80795) log_request_info /opt/stack/keystone/keystone/server/flask/request_processing/req_logging.py:27}}
Jul 18 12:56:25 ubuntu devstack@keystone.service[80795]: DEBUG keystone.server.flask.request_processing.req_logging [None req-564da51d-2046-421b-b6c0-13261724ca86 None admin] PATH_INFO: `/v3/roles` {{(pid=80795) log_request_info /opt/stack/keystone/keystone/server/flask/request_processing/req_logging.py:28}}
Jul 18 12:56:25 ubuntu devstack@keystone.service[80794]: DEBUG keystone.server.flask.application [None req-4e211cae-cd1f-49ab-a7ce-c8e3c5d25895 None admin] Could not find domain: Default. {{(pid=80794) _handle_keystone_exception /opt/stack/keystone/keystone/server/flask/application.py:146}}
Jul 18 12:56:25 ubuntu devstack@keystone.service[80795]: DEBUG keystone.common.rbac_enforcer.enforcer [None req-564da51d-2046-421b-b6c0-13261724ca86 None admin] RBAC: Adding query filter params (name=admin) {{(pid=80795) _extract_filter_values /opt/stack/keystone/keystone/common/rbac_enforcer/enforcer.py:176}}
Jul 18 12:56:25 ubuntu devstack@keystone.service[80795]: DEBUG keystone.common.rbac_enforcer.enforcer [None req-564da51d-2046-421b-b6c0-13261724ca86 None admin] RBAC: Authorizing `identity:list_roles()` {{(pid=80795) enforce_call /opt/stack/keystone/keystone/common/rbac_enforcer/enforcer.py:494}}
Jul 18 12:56:25 ubuntu devstack@keystone.service[80794]: [pid: 80794|app: 0|req: 15/27] 10.201.5.82 () {56 vars in 1100 bytes} [Fri Jul 18 12:56:25 2025] GET /identity/v3/domains/Default => generated 87 bytes in 71 msecs (HTTP/1.1 404) 5 headers in 183 bytes (1 switches on core 0)
Jul 18 12:56:25 ubuntu devstack@keystone.service[80795]: DEBUG keystone.common.rbac_enforcer.enforcer [None req-564da51d-2046-421b-b6c0-13261724ca86 None admin] RBAC: Authorization granted {{(pid=80795) enforce_call /opt/stack/keystone/keystone/common/rbac_enforcer/enforcer.py:505}}
Jul 18 12:56:25 ubuntu devstack@keystone.service[80794]: DEBUG keystone.server.flask.request_processing.req_logging [None req-7ff35cff-9361-4444-a22a-376e797d200b None None] REQUEST_METHOD: `GET` {{(pid=80794) log_request_info /opt/stack/keystone/keystone/server/flask/request_processing/req_logging.py:26}}
Jul 18 12:56:25 ubuntu devstack@keystone.service[80794]: DEBUG keystone.server.flask.request_processing.req_logging [None req-7ff35cff-9361-4444-a22a-376e797d200b None None] SCRIPT_NAME: `/identity` {{(pid=80794) log_request_info /opt/stack/keystone/keystone/server/flask/request_processing/req_logging.py:27}}
Jul 18 12:56:25 ubuntu devstack@keystone.service[80794]: DEBUG keystone.server.flask.request_processing.req_logging [None req-7ff35cff-9361-4444-a22a-376e797d200b None None] PATH_INFO: `/` {{(pid=80794) log_request_info /opt/stack/keystone/keystone/server/flask/request_processing/req_logging.py:28}}
Jul 18 12:56:25 ubuntu devstack@keystone.service[80794]: [pid: 80794|app: 0|req: 16/28] 10.201.5.82 () {54 vars in 919 bytes} [Fri Jul 18 12:56:25 2025] GET /identity => generated 270 bytes in 1 msecs (HTTP/1.1 300) 6 headers in 234 bytes (1 switches on core 0)
Jul 18 12:56:25 ubuntu devstack@keystone.service[80794]: DEBUG keystone.server.flask.request_processing.req_logging [None req-8f1aed89-1d52-4907-9676-1c3b5f4d2071 None None] REQUEST_METHOD: `GET` {{(pid=80794) log_request_info /opt/stack/keystone/keystone/server/flask/request_processing/req_logging.py:26}}
Jul 18 12:56:25 ubuntu devstack@keystone.service[80794]: DEBUG keystone.server.flask.request_processing.req_logging [None req-8f1aed89-1d52-4907-9676-1c3b5f4d2071 None None] SCRIPT_NAME: `/identity` {{(pid=80794) log_request_info /opt/stack/keystone/keystone/server/flask/request_processing/req_logging.py:27}}
Jul 18 12:56:25 ubuntu devstack@keystone.service[80794]: DEBUG keystone.server.flask.request_processing.req_logging [None req-8f1aed89-1d52-4907-9676-1c3b5f4d2071 None None] PATH_INFO: `/` {{(pid=80794) log_request_info /opt/stack/keystone/keystone/server/flask/request_processing/req_logging.py:28}}
Jul 18 12:56:26 ubuntu devstack@keystone.service[80794]: [pid: 80794|app: 0|req: 17/29] 10.201.5.82 () {54 vars in 919 bytes} [Fri Jul 18 12:56:25 2025] GET /identity => generated 270 bytes in 4 msecs (HTTP/1.1 300) 6 headers in 234 bytes (1 switches on core 0)
Jul 18 12:56:26 ubuntu devstack@keystone.service[80794]: DEBUG keystone.server.flask.request_processing.req_logging [None req-13a8063c-f969-4fe8-b348-af5f50a41614 None None] REQUEST_METHOD: `POST` {{(pid=80794) log_request_info /opt/stack/keystone/keystone/server/flask/request_processing/req_logging.py:26}}
Jul 18 12:56:26 ubuntu devstack@keystone.service[80794]: DEBUG keystone.server.flask.request_processing.req_logging [None req-13a8063c-f969-4fe8-b348-af5f50a41614 None None] SCRIPT_NAME: `/identity` {{(pid=80794) log_request_info /opt/stack/keystone/keystone/server/flask/request_processing/req_logging.py:27}}
Jul 18 12:56:26 ubuntu devstack@keystone.service[80794]: DEBUG keystone.server.flask.request_processing.req_logging [None req-13a8063c-f969-4fe8-b348-af5f50a41614 None None] PATH_INFO: `/v3/auth/tokens` {{(pid=80794) log_request_info /opt/stack/keystone/keystone/server/flask/request_processing/req_logging.py:28}}
Jul 18 12:56:26 ubuntu devstack@keystone.service[80795]: [pid: 80795|app: 0|req: 13/30] 10.201.5.82 () {56 vars in 1148 bytes} [Fri Jul 18 12:56:25 2025] GET /identity/v3/roles?name=admin => generated 339 bytes in 85 msecs (HTTP/1.1 200) 5 headers in 177 bytes (1 switches on core 0)
Jul 18 12:56:26 ubuntu devstack@keystone.service[80794]: WARNING keystone.common.password_hashing [None req-13a8063c-f969-4fe8-b348-af5f50a41614 None None] Truncating password to algorithm specific maximum length 72 characters.
Jul 18 12:56:26 ubuntu devstack@keystone.service[80795]: DEBUG keystone.server.flask.request_processing.middleware.auth_context [None req-564da51d-2046-421b-b6c0-13261724ca86 None admin] Authenticating user token {{(pid=80795) process_request /opt/stack/data/venv/lib/python3.10/site-packages/keystonemiddleware/auth_token/__init__.py:407}}
Jul 18 12:56:26 ubuntu devstack@keystone.service[80794]: DEBUG keystone.auth.core [None req-13a8063c-f969-4fe8-b348-af5f50a41614 None None] MFA Rules not processed for user `999e2491a659452abb5f546f907fe6b3`. Rule list: `[]` (Enabled: `True`). {{(pid=80794) check_auth_methods_against_rules /opt/stack/keystone/keystone/auth/core.py:476}}
Jul 18 12:56:26 ubuntu devstack@keystone.service[80794]: DEBUG keystone.common.fernet_utils [None req-13a8063c-f969-4fe8-b348-af5f50a41614 None None] Loaded 2 Fernet keys from /etc/keystone/fernet-keys/, but `[fernet_tokens] max_active_keys = 3`; perhaps there have not been enough key rotations to reach `max_active_keys` yet? {{(pid=80794) load_keys /opt/stack/keystone/keystone/common/fernet_utils.py:297}}
Jul 18 12:56:26 ubuntu devstack@keystone.service[80794]: [pid: 80794|app: 0|req: 18/31] 10.201.5.82 () {58 vars in 1016 bytes} [Fri Jul 18 12:56:26 2025] POST /identity/v3/auth/tokens => generated 862 bytes in 49 msecs (HTTP/1.1 201) 6 headers in 363 bytes (1 switches on core 0)
Jul 18 12:56:26 ubuntu devstack@keystone.service[80794]: DEBUG keystone.server.flask.request_processing.req_logging [None req-32adf1ed-e332-4107-a883-9fb5b98eb641 None None] REQUEST_METHOD: `POST` {{(pid=80794) log_request_info /opt/stack/keystone/keystone/server/flask/request_processing/req_logging.py:26}}
Jul 18 12:56:26 ubuntu devstack@keystone.service[80794]: DEBUG keystone.server.flask.request_processing.req_logging [None req-32adf1ed-e332-4107-a883-9fb5b98eb641 None None] SCRIPT_NAME: `/identity` {{(pid=80794) log_request_info /opt/stack/keystone/keystone/server/flask/request_processing/req_logging.py:27}}
Jul 18 12:56:26 ubuntu devstack@keystone.service[80794]: DEBUG keystone.server.flask.request_processing.req_logging [None req-32adf1ed-e332-4107-a883-9fb5b98eb641 None None] PATH_INFO: `/v3/auth/tokens` {{(pid=80794) log_request_info /opt/stack/keystone/keystone/server/flask/request_processing/req_logging.py:28}}
Jul 18 12:56:26 ubuntu devstack@keystone.service[80794]: WARNING keystone.common.password_hashing [None req-32adf1ed-e332-4107-a883-9fb5b98eb641 None None] Truncating password to algorithm specific maximum length 72 characters.
Jul 18 12:56:26 ubuntu devstack@keystone.service[80794]: DEBUG keystone.auth.core [None req-32adf1ed-e332-4107-a883-9fb5b98eb641 None None] MFA Rules not processed for user `999e2491a659452abb5f546f907fe6b3`. Rule list: `[]` (Enabled: `True`). {{(pid=80794) check_auth_methods_against_rules /opt/stack/keystone/keystone/auth/core.py:476}}
Jul 18 12:56:26 ubuntu devstack@keystone.service[80794]: DEBUG keystone.common.fernet_utils [None req-32adf1ed-e332-4107-a883-9fb5b98eb641 None None] Loaded 2 Fernet keys from /etc/keystone/fernet-keys/, but `[fernet_tokens] max_active_keys = 3`; perhaps there have not been enough key rotations to reach `max_active_keys` yet? {{(pid=80794) load_keys /opt/stack/keystone/keystone/common/fernet_utils.py:297}}
Jul 18 12:56:26 ubuntu devstack@keystone.service[80795]: DEBUG keystone.server.flask.request_processing.middleware.auth_context [None req-564da51d-2046-421b-b6c0-13261724ca86 None admin] Validating token access rules against request {{(pid=80795) validate_allowed_request /opt/stack/data/venv/lib/python3.10/site-packages/keystonemiddleware/auth_token/__init__.py:545}}
Jul 18 12:56:26 ubuntu devstack@keystone.service[80794]: [pid: 80794|app: 0|req: 19/32] 10.201.5.82 () {58 vars in 1016 bytes} [Fri Jul 18 12:56:26 2025] POST /identity/v3/auth/tokens => generated 862 bytes in 49 msecs (HTTP/1.1 201) 6 headers in 363 bytes (1 switches on core 0)
Jul 18 12:56:26 ubuntu devstack@keystone.service[80794]: DEBUG keystone.server.flask.request_processing.middleware.auth_context [None req-32adf1ed-e332-4107-a883-9fb5b98eb641 None None] Authenticating user token {{(pid=80794) process_request /opt/stack/data/venv/lib/python3.10/site-packages/keystonemiddleware/auth_token/__init__.py:407}}
Jul 18 12:56:26 ubuntu devstack@keystone.service[80795]: DEBUG keystone.server.flask.request_processing.middleware.auth_context [None req-70d6608d-db26-4aa9-b07a-e099426f3b8b None admin] RBAC: auth_context: {'token': <TokenModel (audit_id=xwSwzETdSAmUUSwB2qiUbg, audit_chain_id=['xwSwzETdSAmUUSwB2qiUbg']) at 0x7fcd41d29c60>, 'domain_id': None, 'trust_id': None, 'trustor_id': None, 'trustee_id': None, 'domain_name': None, 'group_ids': [], 'user_id': '999e2491a659452abb5f546f907fe6b3', 'user_domain_id': 'default', 'system_scope': 'all', 'project_id': None, 'project_domain_id': None, 'roles': ['admin', 'manager', 'member', 'reader'], 'is_admin_project': True, 'service_user_id': None, 'service_user_domain_id': None, 'service_project_id': None, 'service_project_domain_id': None, 'service_roles': []} {{(pid=80795) fill_context /opt/stack/keystone/keystone/server/flask/request_processing/middleware/auth_context.py:509}}
Jul 18 12:56:26 ubuntu devstack@keystone.service[80795]: DEBUG keystone.server.flask.request_processing.req_logging [None req-70d6608d-db26-4aa9-b07a-e099426f3b8b None admin] REQUEST_METHOD: `GET` {{(pid=80795) log_request_info /opt/stack/keystone/keystone/server/flask/request_processing/req_logging.py:26}}
Jul 18 12:56:26 ubuntu devstack@keystone.service[80795]: DEBUG keystone.server.flask.request_processing.req_logging [None req-70d6608d-db26-4aa9-b07a-e099426f3b8b None admin] SCRIPT_NAME: `/identity` {{(pid=80795) log_request_info /opt/stack/keystone/keystone/server/flask/request_processing/req_logging.py:27}}
Jul 18 12:56:26 ubuntu devstack@keystone.service[80795]: DEBUG keystone.server.flask.request_processing.req_logging [None req-70d6608d-db26-4aa9-b07a-e099426f3b8b None admin] PATH_INFO: `/v3/domains` {{(pid=80795) log_request_info /opt/stack/keystone/keystone/server/flask/request_processing/req_logging.py:28}}
Jul 18 12:56:26 ubuntu devstack@keystone.service[80795]: DEBUG keystone.common.rbac_enforcer.enforcer [None req-70d6608d-db26-4aa9-b07a-e099426f3b8b None admin] RBAC: Adding query filter params (name=Default) {{(pid=80795) _extract_filter_values /opt/stack/keystone/keystone/common/rbac_enforcer/enforcer.py:176}}
Jul 18 12:56:26 ubuntu devstack@keystone.service[80795]: DEBUG keystone.common.rbac_enforcer.enforcer [None req-70d6608d-db26-4aa9-b07a-e099426f3b8b None admin] RBAC: Authorizing `identity:list_domains()` {{(pid=80795) enforce_call /opt/stack/keystone/keystone/common/rbac_enforcer/enforcer.py:494}}
Jul 18 12:56:26 ubuntu devstack@keystone.service[80795]: DEBUG keystone.common.rbac_enforcer.enforcer [None req-70d6608d-db26-4aa9-b07a-e099426f3b8b None admin] RBAC: Authorization granted {{(pid=80795) enforce_call /opt/stack/keystone/keystone/common/rbac_enforcer/enforcer.py:505}}
Jul 18 12:56:26 ubuntu devstack@keystone.service[80795]: [pid: 80795|app: 0|req: 14/33] 10.201.5.82 () {56 vars in 1101 bytes} [Fri Jul 18 12:56:26 2025] GET /identity/v3/domains?name=Default => generated 308 bytes in 128 msecs (HTTP/1.1 200) 5 headers in 177 bytes (1 switches on core 0)
Jul 18 12:56:26 ubuntu devstack@keystone.service[80794]: DEBUG keystone.server.flask.request_processing.middleware.auth_context [None req-32adf1ed-e332-4107-a883-9fb5b98eb641 None None] Validating token access rules against request {{(pid=80794) validate_allowed_request /opt/stack/data/venv/lib/python3.10/site-packages/keystonemiddleware/auth_token/__init__.py:545}}
Jul 18 12:56:26 ubuntu devstack@keystone.service[80795]: DEBUG keystone.server.flask.request_processing.middleware.auth_context [None req-70d6608d-db26-4aa9-b07a-e099426f3b8b None admin] Authenticating user token {{(pid=80795) process_request /opt/stack/data/venv/lib/python3.10/site-packages/keystonemiddleware/auth_token/__init__.py:407}}
Jul 18 12:56:26 ubuntu devstack@keystone.service[80794]: DEBUG keystone.server.flask.request_processing.middleware.auth_context [None req-9d1dff0c-0c9f-44f9-9e3f-fd0c66c7a0c8 None admin] RBAC: auth_context: {'token': <TokenModel (audit_id=6kucOnyfQNOh2OihdW9KJg, audit_chain_id=['6kucOnyfQNOh2OihdW9KJg']) at 0x7fcd41a65d20>, 'domain_id': None, 'trust_id': None, 'trustor_id': None, 'trustee_id': None, 'domain_name': None, 'group_ids': [], 'user_id': '999e2491a659452abb5f546f907fe6b3', 'user_domain_id': 'default', 'system_scope': 'all', 'project_id': None, 'project_domain_id': None, 'roles': ['admin', 'manager', 'member', 'reader'], 'is_admin_project': True, 'service_user_id': None, 'service_user_domain_id': None, 'service_project_id': None, 'service_project_domain_id': None, 'service_roles': []} {{(pid=80794) fill_context /opt/stack/keystone/keystone/server/flask/request_processing/middleware/auth_context.py:509}}
Jul 18 12:56:26 ubuntu devstack@keystone.service[80794]: DEBUG keystone.server.flask.request_processing.req_logging [None req-9d1dff0c-0c9f-44f9-9e3f-fd0c66c7a0c8 None admin] REQUEST_METHOD: `GET` {{(pid=80794) log_request_info /opt/stack/keystone/keystone/server/flask/request_processing/req_logging.py:26}}
Jul 18 12:56:26 ubuntu devstack@keystone.service[80794]: DEBUG keystone.server.flask.request_processing.req_logging [None req-9d1dff0c-0c9f-44f9-9e3f-fd0c66c7a0c8 None admin] SCRIPT_NAME: `/identity` {{(pid=80794) log_request_info /opt/stack/keystone/keystone/server/flask/request_processing/req_logging.py:27}}
Jul 18 12:56:26 ubuntu devstack@keystone.service[80794]: DEBUG keystone.server.flask.request_processing.req_logging [None req-9d1dff0c-0c9f-44f9-9e3f-fd0c66c7a0c8 None admin] PATH_INFO: `/v3/users/999e2491a659452abb5f546f907fe6b3` {{(pid=80794) log_request_info /opt/stack/keystone/keystone/server/flask/request_processing/req_logging.py:28}}
Jul 18 12:56:26 ubuntu devstack@keystone.service[80794]: DEBUG keystone.common.rbac_enforcer.enforcer [None req-9d1dff0c-0c9f-44f9-9e3f-fd0c66c7a0c8 None admin] RBAC: Authorizing `identity:get_user(user_id=999e2491a659452abb5f546f907fe6b3)` {{(pid=80794) enforce_call /opt/stack/keystone/keystone/common/rbac_enforcer/enforcer.py:494}}
Jul 18 12:56:26 ubuntu devstack@keystone.service[80794]: DEBUG keystone.common.rbac_enforcer.enforcer [None req-9d1dff0c-0c9f-44f9-9e3f-fd0c66c7a0c8 None admin] RBAC: Authorization granted {{(pid=80794) enforce_call /opt/stack/keystone/keystone/common/rbac_enforcer/enforcer.py:505}}
Jul 18 12:56:26 ubuntu devstack@keystone.service[80794]: [pid: 80794|app: 0|req: 20/34] 10.201.5.82 () {56 vars in 1213 bytes} [Fri Jul 18 12:56:26 2025] GET /identity/v3/users/999e2491a659452abb5f546f907fe6b3 => generated 247 bytes in 56 msecs (HTTP/1.1 200) 5 headers in 177 bytes (1 switches on core 0)
Jul 18 12:56:26 ubuntu devstack@keystone.service[80794]: DEBUG keystone.server.flask.request_processing.middleware.auth_context [None req-9d1dff0c-0c9f-44f9-9e3f-fd0c66c7a0c8 None admin] Authenticating user token {{(pid=80794) process_request /opt/stack/data/venv/lib/python3.10/site-packages/keystonemiddleware/auth_token/__init__.py:407}}
Jul 18 12:56:26 ubuntu devstack@keystone.service[80795]: DEBUG keystone.server.flask.request_processing.middleware.auth_context [None req-70d6608d-db26-4aa9-b07a-e099426f3b8b None admin] Validating token access rules against request {{(pid=80795) validate_allowed_request /opt/stack/data/venv/lib/python3.10/site-packages/keystonemiddleware/auth_token/__init__.py:545}}
Jul 18 12:56:26 ubuntu devstack@keystone.service[80794]: DEBUG keystone.server.flask.request_processing.middleware.auth_context [None req-9d1dff0c-0c9f-44f9-9e3f-fd0c66c7a0c8 None admin] Validating token access rules against request {{(pid=80794) validate_allowed_request /opt/stack/data/venv/lib/python3.10/site-packages/keystonemiddleware/auth_token/__init__.py:545}}
Jul 18 12:56:26 ubuntu devstack@keystone.service[80794]: DEBUG keystone.server.flask.request_processing.middleware.auth_context [None req-f53d8edc-4e7f-4737-b3e6-66f21528323d None admin] RBAC: auth_context: {'token': <TokenModel (audit_id=6kucOnyfQNOh2OihdW9KJg, audit_chain_id=['6kucOnyfQNOh2OihdW9KJg']) at 0x7fcd41a65c30>, 'domain_id': None, 'trust_id': None, 'trustor_id': None, 'trustee_id': None, 'domain_name': None, 'group_ids': [], 'user_id': '999e2491a659452abb5f546f907fe6b3', 'user_domain_id': 'default', 'system_scope': 'all', 'project_id': None, 'project_domain_id': None, 'roles': ['admin', 'manager', 'member', 'reader'], 'is_admin_project': True, 'service_user_id': None, 'service_user_domain_id': None, 'service_project_id': None, 'service_project_domain_id': None, 'service_roles': []} {{(pid=80794) fill_context /opt/stack/keystone/keystone/server/flask/request_processing/middleware/auth_context.py:509}}
Jul 18 12:56:26 ubuntu devstack@keystone.service[80794]: DEBUG keystone.server.flask.request_processing.req_logging [None req-f53d8edc-4e7f-4737-b3e6-66f21528323d None admin] REQUEST_METHOD: `GET` {{(pid=80794) log_request_info /opt/stack/keystone/keystone/server/flask/request_processing/req_logging.py:26}}
Jul 18 12:56:26 ubuntu devstack@keystone.service[80794]: DEBUG keystone.server.flask.request_processing.req_logging [None req-f53d8edc-4e7f-4737-b3e6-66f21528323d None admin] SCRIPT_NAME: `/identity` {{(pid=80794) log_request_info /opt/stack/keystone/keystone/server/flask/request_processing/req_logging.py:27}}
Jul 18 12:56:26 ubuntu devstack@keystone.service[80794]: DEBUG keystone.server.flask.request_processing.req_logging [None req-f53d8edc-4e7f-4737-b3e6-66f21528323d None admin] PATH_INFO: `/v3/domains/default` {{(pid=80794) log_request_info /opt/stack/keystone/keystone/server/flask/request_processing/req_logging.py:28}}
Jul 18 12:56:26 ubuntu devstack@keystone.service[80794]: DEBUG keystone.common.rbac_enforcer.enforcer [None req-f53d8edc-4e7f-4737-b3e6-66f21528323d None admin] RBAC: Authorizing `identity:get_domain(domain_id=default)` {{(pid=80794) enforce_call /opt/stack/keystone/keystone/common/rbac_enforcer/enforcer.py:494}}
Jul 18 12:56:26 ubuntu devstack@keystone.service[80794]: DEBUG keystone.common.rbac_enforcer.enforcer [None req-f53d8edc-4e7f-4737-b3e6-66f21528323d None admin] RBAC: Authorization granted {{(pid=80794) enforce_call /opt/stack/keystone/keystone/common/rbac_enforcer/enforcer.py:505}}
Jul 18 12:56:26 ubuntu devstack@keystone.service[80795]: DEBUG keystone.server.flask.request_processing.middleware.auth_context [None req-77ead66a-5594-402d-bff9-8b6779b1ef5b None admin] RBAC: auth_context: {'token': <TokenModel (audit_id=xwSwzETdSAmUUSwB2qiUbg, audit_chain_id=['xwSwzETdSAmUUSwB2qiUbg']) at 0x7fcd41c8cca0>, 'domain_id': None, 'trust_id': None, 'trustor_id': None, 'trustee_id': None, 'domain_name': None, 'group_ids': [], 'user_id': '999e2491a659452abb5f546f907fe6b3', 'user_domain_id': 'default', 'system_scope': 'all', 'project_id': None, 'project_domain_id': None, 'roles': ['admin', 'manager', 'member', 'reader'], 'is_admin_project': True, 'service_user_id': None, 'service_user_domain_id': None, 'service_project_id': None, 'service_project_domain_id': None, 'service_roles': []} {{(pid=80795) fill_context /opt/stack/keystone/keystone/server/flask/request_processing/middleware/auth_context.py:509}}
Jul 18 12:56:26 ubuntu devstack@keystone.service[80795]: DEBUG keystone.server.flask.request_processing.req_logging [None req-77ead66a-5594-402d-bff9-8b6779b1ef5b None admin] REQUEST_METHOD: `POST` {{(pid=80795) log_request_info /opt/stack/keystone/keystone/server/flask/request_processing/req_logging.py:26}}
Jul 18 12:56:26 ubuntu devstack@keystone.service[80795]: DEBUG keystone.server.flask.request_processing.req_logging [None req-77ead66a-5594-402d-bff9-8b6779b1ef5b None admin] SCRIPT_NAME: `/identity` {{(pid=80795) log_request_info /opt/stack/keystone/keystone/server/flask/request_processing/req_logging.py:27}}
Jul 18 12:56:26 ubuntu devstack@keystone.service[80795]: DEBUG keystone.server.flask.request_processing.req_logging [None req-77ead66a-5594-402d-bff9-8b6779b1ef5b None admin] PATH_INFO: `/v3/projects` {{(pid=80795) log_request_info /opt/stack/keystone/keystone/server/flask/request_processing/req_logging.py:28}}
Jul 18 12:56:26 ubuntu devstack@keystone.service[80794]: [pid: 80794|app: 0|req: 21/35] 10.201.5.82 () {56 vars in 1144 bytes} [Fri Jul 18 12:56:26 2025] GET /identity/v3/domains/default => generated 199 bytes in 53 msecs (HTTP/1.1 200) 5 headers in 177 bytes (1 switches on core 0)
Jul 18 12:56:26 ubuntu devstack@keystone.service[80795]: DEBUG keystone.common.rbac_enforcer.enforcer [None req-77ead66a-5594-402d-bff9-8b6779b1ef5b None admin] RBAC: Authorizing `identity:create_project()` {{(pid=80795) enforce_call /opt/stack/keystone/keystone/common/rbac_enforcer/enforcer.py:494}}
Jul 18 12:56:26 ubuntu devstack@keystone.service[80795]: DEBUG keystone.common.rbac_enforcer.enforcer [None req-77ead66a-5594-402d-bff9-8b6779b1ef5b None admin] RBAC: Authorization granted {{(pid=80795) enforce_call /opt/stack/keystone/keystone/common/rbac_enforcer/enforcer.py:505}}
Jul 18 12:56:26 ubuntu devstack@keystone.service[80794]: DEBUG keystone.server.flask.request_processing.middleware.auth_context [None req-f53d8edc-4e7f-4737-b3e6-66f21528323d None admin] Authenticating user token {{(pid=80794) process_request /opt/stack/data/venv/lib/python3.10/site-packages/keystonemiddleware/auth_token/__init__.py:407}}
Jul 18 12:56:26 ubuntu devstack@keystone.service[80794]: DEBUG keystone.server.flask.request_processing.middleware.auth_context [None req-f53d8edc-4e7f-4737-b3e6-66f21528323d None admin] Validating token access rules against request {{(pid=80794) validate_allowed_request /opt/stack/data/venv/lib/python3.10/site-packages/keystonemiddleware/auth_token/__init__.py:545}}
Jul 18 12:56:26 ubuntu devstack@keystone.service[80794]: DEBUG keystone.server.flask.request_processing.middleware.auth_context [None req-073678c9-cb3c-41a3-b7d0-c16fb8dc75a1 None admin] RBAC: auth_context: {'token': <TokenModel (audit_id=6kucOnyfQNOh2OihdW9KJg, audit_chain_id=['6kucOnyfQNOh2OihdW9KJg']) at 0x7fcd41a65d20>, 'domain_id': None, 'trust_id': None, 'trustor_id': None, 'trustee_id': None, 'domain_name': None, 'group_ids': [], 'user_id': '999e2491a659452abb5f546f907fe6b3', 'user_domain_id': 'default', 'system_scope': 'all', 'project_id': None, 'project_domain_id': None, 'roles': ['admin', 'manager', 'member', 'reader'], 'is_admin_project': True, 'service_user_id': None, 'service_user_domain_id': None, 'service_project_id': None, 'service_project_domain_id': None, 'service_roles': []} {{(pid=80794) fill_context /opt/stack/keystone/keystone/server/flask/request_processing/middleware/auth_context.py:509}}
Jul 18 12:56:26 ubuntu devstack@keystone.service[80794]: DEBUG keystone.server.flask.request_processing.req_logging [None req-073678c9-cb3c-41a3-b7d0-c16fb8dc75a1 None admin] REQUEST_METHOD: `GET` {{(pid=80794) log_request_info /opt/stack/keystone/keystone/server/flask/request_processing/req_logging.py:26}}
Jul 18 12:56:26 ubuntu devstack@keystone.service[80794]: DEBUG keystone.server.flask.request_processing.req_logging [None req-073678c9-cb3c-41a3-b7d0-c16fb8dc75a1 None admin] SCRIPT_NAME: `/identity` {{(pid=80794) log_request_info /opt/stack/keystone/keystone/server/flask/request_processing/req_logging.py:27}}
Jul 18 12:56:26 ubuntu devstack@keystone.service[80794]: DEBUG keystone.server.flask.request_processing.req_logging [None req-073678c9-cb3c-41a3-b7d0-c16fb8dc75a1 None admin] PATH_INFO: `/v3/role_assignments` {{(pid=80794) log_request_info /opt/stack/keystone/keystone/server/flask/request_processing/req_logging.py:28}}
Jul 18 12:56:26 ubuntu devstack@keystone.service[80794]: DEBUG keystone.common.rbac_enforcer.enforcer [None req-073678c9-cb3c-41a3-b7d0-c16fb8dc75a1 None admin] RBAC: Adding query filter params (role.id=eb33f2ab6bef4149994c3f4ecce0ff55, scope.domain.id=default, user.id=999e2491a659452abb5f546f907fe6b3) {{(pid=80794) _extract_filter_values /opt/stack/keystone/keystone/common/rbac_enforcer/enforcer.py:176}}
Jul 18 12:56:26 ubuntu devstack@keystone.service[80794]: DEBUG keystone.common.rbac_enforcer.enforcer [None req-073678c9-cb3c-41a3-b7d0-c16fb8dc75a1 None admin] RBAC: Authorizing `identity:list_role_assignments()` {{(pid=80794) enforce_call /opt/stack/keystone/keystone/common/rbac_enforcer/enforcer.py:494}}
Jul 18 12:56:26 ubuntu devstack@keystone.service[80794]: DEBUG keystone.common.rbac_enforcer.enforcer [None req-073678c9-cb3c-41a3-b7d0-c16fb8dc75a1 None admin] RBAC: Authorization granted {{(pid=80794) enforce_call /opt/stack/keystone/keystone/common/rbac_enforcer/enforcer.py:505}}
Jul 18 12:56:26 ubuntu devstack@keystone.service[80794]: [pid: 80794|app: 0|req: 22/36] 10.201.5.82 () {56 vars in 1371 bytes} [Fri Jul 18 12:56:26 2025] GET /identity/v3/role_assignments?role.id=eb33f2ab6bef4149994c3f4ecce0ff55&scope.domain.id=default&user.id=999e2491a659452abb5f546f907fe6b3 => generated 530 bytes in 64 msecs (HTTP/1.1 200) 5 headers in 177 bytes (1 switches on core 0)
Jul 18 12:56:26 ubuntu devstack@keystone.service[80794]: DEBUG keystone.server.flask.request_processing.middleware.auth_context [None req-073678c9-cb3c-41a3-b7d0-c16fb8dc75a1 None admin] Authenticating user token {{(pid=80794) process_request /opt/stack/data/venv/lib/python3.10/site-packages/keystonemiddleware/auth_token/__init__.py:407}}
Jul 18 12:56:26 ubuntu devstack@keystone.service[80794]: DEBUG keystone.server.flask.request_processing.middleware.auth_context [None req-073678c9-cb3c-41a3-b7d0-c16fb8dc75a1 None admin] Validating token access rules against request {{(pid=80794) validate_allowed_request /opt/stack/data/venv/lib/python3.10/site-packages/keystonemiddleware/auth_token/__init__.py:545}}
Jul 18 12:56:26 ubuntu devstack@keystone.service[80794]: DEBUG keystone.server.flask.request_processing.middleware.auth_context [None req-947cc47b-938c-4793-af53-c08629a87e23 None admin] RBAC: auth_context: {'token': <TokenModel (audit_id=mKMOjC70R0qxU_04PcoaIQ, audit_chain_id=['mKMOjC70R0qxU_04PcoaIQ']) at 0x7fcd41a64c40>, 'domain_id': None, 'trust_id': None, 'trustor_id': None, 'trustee_id': None, 'domain_name': None, 'group_ids': [], 'user_id': '999e2491a659452abb5f546f907fe6b3', 'user_domain_id': 'default', 'system_scope': 'all', 'project_id': None, 'project_domain_id': None, 'roles': ['admin', 'manager', 'member', 'reader'], 'is_admin_project': True, 'service_user_id': None, 'service_user_domain_id': None, 'service_project_id': None, 'service_project_domain_id': None, 'service_roles': []} {{(pid=80794) fill_context /opt/stack/keystone/keystone/server/flask/request_processing/middleware/auth_context.py:509}}
Jul 18 12:56:26 ubuntu devstack@keystone.service[80794]: DEBUG keystone.server.flask.request_processing.req_logging [None req-947cc47b-938c-4793-af53-c08629a87e23 None admin] REQUEST_METHOD: `POST` {{(pid=80794) log_request_info /opt/stack/keystone/keystone/server/flask/request_processing/req_logging.py:26}}
Jul 18 12:56:26 ubuntu devstack@keystone.service[80794]: DEBUG keystone.server.flask.request_processing.req_logging [None req-947cc47b-938c-4793-af53-c08629a87e23 None admin] SCRIPT_NAME: `/identity` {{(pid=80794) log_request_info /opt/stack/keystone/keystone/server/flask/request_processing/req_logging.py:27}}
Jul 18 12:56:26 ubuntu devstack@keystone.service[80794]: DEBUG keystone.server.flask.request_processing.req_logging [None req-947cc47b-938c-4793-af53-c08629a87e23 None admin] PATH_INFO: `/v3/roles` {{(pid=80794) log_request_info /opt/stack/keystone/keystone/server/flask/request_processing/req_logging.py:28}}
Jul 18 12:56:26 ubuntu devstack@keystone.service[80794]: DEBUG keystone.common.rbac_enforcer.enforcer [None req-947cc47b-938c-4793-af53-c08629a87e23 None admin] RBAC: Authorizing `identity:create_role()` {{(pid=80794) enforce_call /opt/stack/keystone/keystone/common/rbac_enforcer/enforcer.py:494}}
Jul 18 12:56:26 ubuntu devstack@keystone.service[80794]: DEBUG keystone.common.rbac_enforcer.enforcer [None req-947cc47b-938c-4793-af53-c08629a87e23 None admin] RBAC: Authorization granted {{(pid=80794) enforce_call /opt/stack/keystone/keystone/common/rbac_enforcer/enforcer.py:505}}
Jul 18 12:56:26 ubuntu devstack@keystone.service[80794]: DEBUG keystone.common.sql.core [None req-947cc47b-938c-4793-af53-c08629a87e23 None admin] Conflict role: (pymysql.err.IntegrityError) (1062, "Duplicate entry 'service-<<null>>' for key 'role.ixu_role_name_domain_id'")
Jul 18 12:56:26 ubuntu devstack@keystone.service[80794]: [SQL: INSERT INTO `role` (id, name, description, extra) VALUES (%(id)s, %(name)s, %(description)s, %(extra)s)]
Jul 18 12:56:26 ubuntu devstack@keystone.service[80794]: [parameters: {'id': 'a52ee7975538423cab1a0f3900d05022', 'name': 'service', 'description': None, 'extra': '{}'}]
Jul 18 12:56:26 ubuntu devstack@keystone.service[80794]: (Background on this error at: https://sqlalche.me/e/20/gkpj) {{(pid=80794) wrapper /opt/stack/keystone/keystone/common/sql/core.py:580}}
Jul 18 12:56:26 ubuntu devstack@keystone.service[80794]: ERROR keystone.server.flask.application [None req-947cc47b-938c-4793-af53-c08629a87e23 None admin] Conflict occurred attempting to store role - Duplicate entry found with name service.: keystone.exception.Conflict: Conflict occurred attempting to store role - Duplicate entry found with name service.
Jul 18 12:56:26 ubuntu devstack@keystone.service[80794]: ERROR keystone.server.flask.application Traceback (most recent call last):
Jul 18 12:56:26 ubuntu devstack@keystone.service[80794]: ERROR keystone.server.flask.application   File "/opt/stack/data/venv/lib/python3.10/site-packages/sqlalchemy/engine/base.py", line 1963, in _exec_single_context
Jul 18 12:56:26 ubuntu devstack@keystone.service[80794]: ERROR keystone.server.flask.application     self.dialect.do_execute(
Jul 18 12:56:26 ubuntu devstack@keystone.service[80794]: ERROR keystone.server.flask.application   File "/opt/stack/data/venv/lib/python3.10/site-packages/sqlalchemy/engine/default.py", line 943, in do_execute
Jul 18 12:56:26 ubuntu devstack@keystone.service[80794]: ERROR keystone.server.flask.application     cursor.execute(statement, parameters)
Jul 18 12:56:26 ubuntu devstack@keystone.service[80794]: ERROR keystone.server.flask.application   File "/opt/stack/data/venv/lib/python3.10/site-packages/pymysql/cursors.py", line 153, in execute
Jul 18 12:56:26 ubuntu devstack@keystone.service[80794]: ERROR keystone.server.flask.application     result = self._query(query)
Jul 18 12:56:26 ubuntu devstack@keystone.service[80794]: ERROR keystone.server.flask.application   File "/opt/stack/data/venv/lib/python3.10/site-packages/pymysql/cursors.py", line 322, in _query
Jul 18 12:56:26 ubuntu devstack@keystone.service[80794]: ERROR keystone.server.flask.application     conn.query(q)
Jul 18 12:56:26 ubuntu devstack@keystone.service[80794]: ERROR keystone.server.flask.application   File "/opt/stack/data/venv/lib/python3.10/site-packages/pymysql/connections.py", line 563, in query
Jul 18 12:56:26 ubuntu devstack@keystone.service[80794]: ERROR keystone.server.flask.application     self._affected_rows = self._read_query_result(unbuffered=unbuffered)
Jul 18 12:56:26 ubuntu devstack@keystone.service[80794]: ERROR keystone.server.flask.application   File "/opt/stack/data/venv/lib/python3.10/site-packages/pymysql/connections.py", line 825, in _read_query_result
Jul 18 12:56:26 ubuntu devstack@keystone.service[80794]: ERROR keystone.server.flask.application     result.read()
Jul 18 12:56:26 ubuntu devstack@keystone.service[80794]: ERROR keystone.server.flask.application   File "/opt/stack/data/venv/lib/python3.10/site-packages/pymysql/connections.py", line 1199, in read
Jul 18 12:56:26 ubuntu devstack@keystone.service[80794]: ERROR keystone.server.flask.application     first_packet = self.connection._read_packet()
Jul 18 12:56:26 ubuntu devstack@keystone.service[80794]: ERROR keystone.server.flask.application   File "/opt/stack/data/venv/lib/python3.10/site-packages/pymysql/connections.py", line 775, in _read_packet
Jul 18 12:56:26 ubuntu devstack@keystone.service[80794]: ERROR keystone.server.flask.application     packet.raise_for_error()
Jul 18 12:56:26 ubuntu devstack@keystone.service[80794]: ERROR keystone.server.flask.application   File "/opt/stack/data/venv/lib/python3.10/site-packages/pymysql/protocol.py", line 219, in raise_for_error
Jul 18 12:56:26 ubuntu devstack@keystone.service[80794]: ERROR keystone.server.flask.application     err.raise_mysql_exception(self._data)
Jul 18 12:56:26 ubuntu devstack@keystone.service[80794]: ERROR keystone.server.flask.application   File "/opt/stack/data/venv/lib/python3.10/site-packages/pymysql/err.py", line 150, in raise_mysql_exception
Jul 18 12:56:26 ubuntu devstack@keystone.service[80794]: ERROR keystone.server.flask.application     raise errorclass(errno, errval)
Jul 18 12:56:26 ubuntu devstack@keystone.service[80794]: ERROR keystone.server.flask.application pymysql.err.IntegrityError: (1062, "Duplicate entry 'service-<<null>>' for key 'role.ixu_role_name_domain_id'")
Jul 18 12:56:26 ubuntu devstack@keystone.service[80794]: ERROR keystone.server.flask.application 
Jul 18 12:56:26 ubuntu devstack@keystone.service[80794]: ERROR keystone.server.flask.application The above exception was the direct cause of the following exception:
Jul 18 12:56:26 ubuntu devstack@keystone.service[80794]: ERROR keystone.server.flask.application 
Jul 18 12:56:26 ubuntu devstack@keystone.service[80794]: ERROR keystone.server.flask.application Traceback (most recent call last):
Jul 18 12:56:26 ubuntu devstack@keystone.service[80794]: ERROR keystone.server.flask.application   File "/opt/stack/keystone/keystone/common/sql/core.py", line 575, in wrapper
Jul 18 12:56:26 ubuntu devstack@keystone.service[80794]: ERROR keystone.server.flask.application     return method(*args, **kwargs)
Jul 18 12:56:26 ubuntu devstack@keystone.service[80794]: ERROR keystone.server.flask.application   File "/opt/stack/keystone/keystone/assignment/role_backends/sql.py", line 25, in create_role
Jul 18 12:56:26 ubuntu devstack@keystone.service[80794]: ERROR keystone.server.flask.application     with sql.session_for_write() as session:
Jul 18 12:56:26 ubuntu devstack@keystone.service[80794]: ERROR keystone.server.flask.application   File "/usr/lib/python3.10/contextlib.py", line 142, in __exit__
Jul 18 12:56:26 ubuntu devstack@keystone.service[80794]: ERROR keystone.server.flask.application     next(self.gen)
Jul 18 12:56:26 ubuntu devstack@keystone.service[80794]: ERROR keystone.server.flask.application   File "/opt/stack/data/venv/lib/python3.10/site-packages/oslo_db/sqlalchemy/enginefacade.py", line 1199, in _transaction_scope
Jul 18 12:56:26 ubuntu devstack@keystone.service[80794]: ERROR keystone.server.flask.application     with current._produce_block(
Jul 18 12:56:26 ubuntu devstack@keystone.service[80794]: ERROR keystone.server.flask.application   File "/usr/lib/python3.10/contextlib.py", line 142, in __exit__
Jul 18 12:56:26 ubuntu devstack@keystone.service[80794]: ERROR keystone.server.flask.application     next(self.gen)
Jul 18 12:56:26 ubuntu devstack@keystone.service[80794]: ERROR keystone.server.flask.application   File "/opt/stack/data/venv/lib/python3.10/site-packages/oslo_db/sqlalchemy/enginefacade.py", line 850, in _session
Jul 18 12:56:26 ubuntu devstack@keystone.service[80794]: ERROR keystone.server.flask.application     with excutils.save_and_reraise_exception():
Jul 18 12:56:26 ubuntu devstack@keystone.service[80794]: ERROR keystone.server.flask.application   File "/opt/stack/data/venv/lib/python3.10/site-packages/oslo_utils/excutils.py", line 227, in __exit__
Jul 18 12:56:26 ubuntu devstack@keystone.service[80794]: ERROR keystone.server.flask.application     self.force_reraise()
Jul 18 12:56:26 ubuntu devstack@keystone.service[80794]: ERROR keystone.server.flask.application   File "/opt/stack/data/venv/lib/python3.10/site-packages/oslo_utils/excutils.py", line 200, in force_reraise
Jul 18 12:56:26 ubuntu devstack@keystone.service[80794]: ERROR keystone.server.flask.application     raise self.value
Jul 18 12:56:26 ubuntu devstack@keystone.service[80794]: ERROR keystone.server.flask.application   File "/opt/stack/data/venv/lib/python3.10/site-packages/oslo_db/sqlalchemy/enginefacade.py", line 848, in _session
Jul 18 12:56:26 ubuntu devstack@keystone.service[80794]: ERROR keystone.server.flask.application     self._end_session_transaction(self.session)
Jul 18 12:56:26 ubuntu devstack@keystone.service[80794]: ERROR keystone.server.flask.application   File "/opt/stack/data/venv/lib/python3.10/site-packages/oslo_db/sqlalchemy/enginefacade.py", line 761, in _end_session_transaction
Jul 18 12:56:26 ubuntu devstack@keystone.service[80794]: ERROR keystone.server.flask.application     session.commit()
