Dec 31 13:00:51 ubuntu devstack@g-api.service[119534]: [pid: 119534|app: 0|req: 25/48] 127.0.0.1 () {42 vars in 1055 bytes} [Tue Dec 31 13:00:51 2024] GET /v2/images/4617f380-a35f-4086-9e2a-87fe11a86b48/file => generated 1024 bytes in 27 msecs (HTTP/1.1 200) 5 headers in 213 bytes (1 switches on core 0)
Dec 31 13:00:51 ubuntu devstack@g-api.service[119533]: DEBUG glance.api.middleware.version_negotiation [None req-0463d08e-46e5-4f77-8482-eb882a3324ba tempest-ImageDependencyTests-954271781 tempest-ImageDependencyTests-954271781-project-member] Determining version of request: GET /v2/images/4617f380-a35f-4086-9e2a-87fe11a86b48 Accept: */* {{(pid=119533) process_request /opt/stack/glance/glance/api/middleware/version_negotiation.py:44}}
Dec 31 13:00:51 ubuntu devstack@g-api.service[119533]: DEBUG glance.api.middleware.version_negotiation [None req-0463d08e-46e5-4f77-8482-eb882a3324ba tempest-ImageDependencyTests-954271781 tempest-ImageDependencyTests-954271781-project-member] Using url versioning {{(pid=119533) process_request /opt/stack/glance/glance/api/middleware/version_negotiation.py:57}}
Dec 31 13:00:51 ubuntu devstack@g-api.service[119533]: DEBUG glance.api.middleware.version_negotiation [None req-0463d08e-46e5-4f77-8482-eb882a3324ba tempest-ImageDependencyTests-954271781 tempest-ImageDependencyTests-954271781-project-member] Matched version: v2 {{(pid=119533) process_request /opt/stack/glance/glance/api/middleware/version_negotiation.py:69}}
Dec 31 13:00:51 ubuntu devstack@g-api.service[119533]: DEBUG glance.api.middleware.version_negotiation [None req-0463d08e-46e5-4f77-8482-eb882a3324ba tempest-ImageDependencyTests-954271781 tempest-ImageDependencyTests-954271781-project-member] new path /v2/images/4617f380-a35f-4086-9e2a-87fe11a86b48 {{(pid=119533) process_request /opt/stack/glance/glance/api/middleware/version_negotiation.py:70}}
Dec 31 13:00:51 ubuntu devstack@g-api.service[119533]: [pid: 119533|app: 0|req: 24/49] 127.0.0.1 () {42 vars in 1045 bytes} [Tue Dec 31 13:00:51 2024] GET /v2/images/4617f380-a35f-4086-9e2a-87fe11a86b48 => generated 807 bytes in 13 msecs (HTTP/1.1 200) 4 headers in 157 bytes (1 switches on core 0)
Dec 31 13:00:51 ubuntu devstack@g-api.service[119534]: DEBUG glance.api.middleware.version_negotiation [None req-0463d08e-46e5-4f77-8482-eb882a3324ba tempest-ImageDependencyTests-954271781 tempest-ImageDependencyTests-954271781-project-member] Determining version of request: GET /v2/schemas/image Accept: */* {{(pid=119534) process_request /opt/stack/glance/glance/api/middleware/version_negotiation.py:44}}
Dec 31 13:00:51 ubuntu devstack@g-api.service[119534]: DEBUG glance.api.middleware.version_negotiation [None req-0463d08e-46e5-4f77-8482-eb882a3324ba tempest-ImageDependencyTests-954271781 tempest-ImageDependencyTests-954271781-project-member] Using url versioning {{(pid=119534) process_request /opt/stack/glance/glance/api/middleware/version_negotiation.py:57}}
Dec 31 13:00:51 ubuntu devstack@g-api.service[119534]: DEBUG glance.api.middleware.version_negotiation [None req-0463d08e-46e5-4f77-8482-eb882a3324ba tempest-ImageDependencyTests-954271781 tempest-ImageDependencyTests-954271781-project-member] Matched version: v2 {{(pid=119534) process_request /opt/stack/glance/glance/api/middleware/version_negotiation.py:69}}
Dec 31 13:00:51 ubuntu devstack@g-api.service[119534]: DEBUG glance.api.middleware.version_negotiation [None req-0463d08e-46e5-4f77-8482-eb882a3324ba tempest-ImageDependencyTests-954271781 tempest-ImageDependencyTests-954271781-project-member] new path /v2/schemas/image {{(pid=119534) process_request /opt/stack/glance/glance/api/middleware/version_negotiation.py:70}}
Dec 31 13:00:51 ubuntu devstack@g-api.service[119534]: [pid: 119534|app: 0|req: 26/50] 127.0.0.1 () {42 vars in 985 bytes} [Tue Dec 31 13:00:51 2024] GET /v2/schemas/image => generated 6083 bytes in 3 msecs (HTTP/1.1 200) 4 headers in 158 bytes (1 switches on core 0)
Dec 31 13:00:51 ubuntu devstack@g-api.service[119533]: DEBUG glance.api.middleware.version_negotiation [None req-0463d08e-46e5-4f77-8482-eb882a3324ba tempest-ImageDependencyTests-954271781 tempest-ImageDependencyTests-954271781-project-member] Determining version of request: GET /v2/images/4617f380-a35f-4086-9e2a-87fe11a86b48 Accept: */* {{(pid=119533) process_request /opt/stack/glance/glance/api/middleware/version_negotiation.py:44}}
Dec 31 13:00:51 ubuntu devstack@g-api.service[119533]: DEBUG glance.api.middleware.version_negotiation [None req-0463d08e-46e5-4f77-8482-eb882a3324ba tempest-ImageDependencyTests-954271781 tempest-ImageDependencyTests-954271781-project-member] Using url versioning {{(pid=119533) process_request /opt/stack/glance/glance/api/middleware/version_negotiation.py:57}}
Dec 31 13:00:51 ubuntu devstack@g-api.service[119533]: DEBUG glance.api.middleware.version_negotiation [None req-0463d08e-46e5-4f77-8482-eb882a3324ba tempest-ImageDependencyTests-954271781 tempest-ImageDependencyTests-954271781-project-member] Matched version: v2 {{(pid=119533) process_request /opt/stack/glance/glance/api/middleware/version_negotiation.py:69}}
Dec 31 13:00:51 ubuntu devstack@g-api.service[119533]: DEBUG glance.api.middleware.version_negotiation [None req-0463d08e-46e5-4f77-8482-eb882a3324ba tempest-ImageDependencyTests-954271781 tempest-ImageDependencyTests-954271781-project-member] new path /v2/images/4617f380-a35f-4086-9e2a-87fe11a86b48 {{(pid=119533) process_request /opt/stack/glance/glance/api/middleware/version_negotiation.py:70}}
Dec 31 13:00:51 ubuntu devstack@g-api.service[119533]: [pid: 119533|app: 0|req: 25/51] 127.0.0.1 () {42 vars in 1045 bytes} [Tue Dec 31 13:00:51 2024] GET /v2/images/4617f380-a35f-4086-9e2a-87fe11a86b48 => generated 807 bytes in 19 msecs (HTTP/1.1 200) 4 headers in 157 bytes (1 switches on core 0)
Dec 31 13:00:51 ubuntu devstack@g-api.service[119534]: DEBUG glance.api.middleware.version_negotiation [None req-0463d08e-46e5-4f77-8482-eb882a3324ba tempest-ImageDependencyTests-954271781 tempest-ImageDependencyTests-954271781-project-member] Determining version of request: GET /v2/schemas/image Accept: */* {{(pid=119534) process_request /opt/stack/glance/glance/api/middleware/version_negotiation.py:44}}
Dec 31 13:00:51 ubuntu devstack@g-api.service[119534]: DEBUG glance.api.middleware.version_negotiation [None req-0463d08e-46e5-4f77-8482-eb882a3324ba tempest-ImageDependencyTests-954271781 tempest-ImageDependencyTests-954271781-project-member] Using url versioning {{(pid=119534) process_request /opt/stack/glance/glance/api/middleware/version_negotiation.py:57}}
Dec 31 13:00:51 ubuntu devstack@g-api.service[119534]: DEBUG glance.api.middleware.version_negotiation [None req-0463d08e-46e5-4f77-8482-eb882a3324ba tempest-ImageDependencyTests-954271781 tempest-ImageDependencyTests-954271781-project-member] Matched version: v2 {{(pid=119534) process_request /opt/stack/glance/glance/api/middleware/version_negotiation.py:69}}
Dec 31 13:00:51 ubuntu devstack@g-api.service[119534]: DEBUG glance.api.middleware.version_negotiation [None req-0463d08e-46e5-4f77-8482-eb882a3324ba tempest-ImageDependencyTests-954271781 tempest-ImageDependencyTests-954271781-project-member] new path /v2/schemas/image {{(pid=119534) process_request /opt/stack/glance/glance/api/middleware/version_negotiation.py:70}}
Dec 31 13:00:51 ubuntu devstack@g-api.service[119534]: [pid: 119534|app: 0|req: 27/52] 127.0.0.1 () {42 vars in 985 bytes} [Tue Dec 31 13:00:51 2024] GET /v2/schemas/image => generated 6083 bytes in 4 msecs (HTTP/1.1 200) 4 headers in 158 bytes (1 switches on core 0)
Dec 31 13:00:52 ubuntu devstack@g-api.service[119533]: DEBUG glance.api.middleware.version_negotiation [None req-0463d08e-46e5-4f77-8482-eb882a3324ba tempest-ImageDependencyTests-954271781 tempest-ImageDependencyTests-954271781-project-member] Determining version of request: GET /v2/images/4617f380-a35f-4086-9e2a-87fe11a86b48 Accept: */* {{(pid=119533) process_request /opt/stack/glance/glance/api/middleware/version_negotiation.py:44}}
Dec 31 13:00:52 ubuntu devstack@g-api.service[119533]: DEBUG glance.api.middleware.version_negotiation [None req-0463d08e-46e5-4f77-8482-eb882a3324ba tempest-ImageDependencyTests-954271781 tempest-ImageDependencyTests-954271781-project-member] Using url versioning {{(pid=119533) process_request /opt/stack/glance/glance/api/middleware/version_negotiation.py:57}}
Dec 31 13:00:52 ubuntu devstack@g-api.service[119533]: DEBUG glance.api.middleware.version_negotiation [None req-0463d08e-46e5-4f77-8482-eb882a3324ba tempest-ImageDependencyTests-954271781 tempest-ImageDependencyTests-954271781-project-member] Matched version: v2 {{(pid=119533) process_request /opt/stack/glance/glance/api/middleware/version_negotiation.py:69}}
Dec 31 13:00:52 ubuntu devstack@g-api.service[119533]: DEBUG glance.api.middleware.version_negotiation [None req-0463d08e-46e5-4f77-8482-eb882a3324ba tempest-ImageDependencyTests-954271781 tempest-ImageDependencyTests-954271781-project-member] new path /v2/images/4617f380-a35f-4086-9e2a-87fe11a86b48 {{(pid=119533) process_request /opt/stack/glance/glance/api/middleware/version_negotiation.py:70}}
Dec 31 13:00:52 ubuntu devstack@g-api.service[119533]: [pid: 119533|app: 0|req: 26/53] 127.0.0.1 () {42 vars in 1045 bytes} [Tue Dec 31 13:00:52 2024] GET /v2/images/4617f380-a35f-4086-9e2a-87fe11a86b48 => generated 807 bytes in 18 msecs (HTTP/1.1 200) 4 headers in 157 bytes (1 switches on core 0)
Dec 31 13:00:52 ubuntu devstack@g-api.service[119534]: DEBUG glance.api.middleware.version_negotiation [None req-0463d08e-46e5-4f77-8482-eb882a3324ba tempest-ImageDependencyTests-954271781 tempest-ImageDependencyTests-954271781-project-member] Determining version of request: GET /v2/schemas/image Accept: */* {{(pid=119534) process_request /opt/stack/glance/glance/api/middleware/version_negotiation.py:44}}
Dec 31 13:00:52 ubuntu devstack@g-api.service[119534]: DEBUG glance.api.middleware.version_negotiation [None req-0463d08e-46e5-4f77-8482-eb882a3324ba tempest-ImageDependencyTests-954271781 tempest-ImageDependencyTests-954271781-project-member] Using url versioning {{(pid=119534) process_request /opt/stack/glance/glance/api/middleware/version_negotiation.py:57}}
Dec 31 13:00:52 ubuntu devstack@g-api.service[119534]: DEBUG glance.api.middleware.version_negotiation [None req-0463d08e-46e5-4f77-8482-eb882a3324ba tempest-ImageDependencyTests-954271781 tempest-ImageDependencyTests-954271781-project-member] Matched version: v2 {{(pid=119534) process_request /opt/stack/glance/glance/api/middleware/version_negotiation.py:69}}
Dec 31 13:00:52 ubuntu devstack@g-api.service[119534]: DEBUG glance.api.middleware.version_negotiation [None req-0463d08e-46e5-4f77-8482-eb882a3324ba tempest-ImageDependencyTests-954271781 tempest-ImageDependencyTests-954271781-project-member] new path /v2/schemas/image {{(pid=119534) process_request /opt/stack/glance/glance/api/middleware/version_negotiation.py:70}}
Dec 31 13:00:52 ubuntu devstack@g-api.service[119534]: [pid: 119534|app: 0|req: 28/54] 127.0.0.1 () {42 vars in 985 bytes} [Tue Dec 31 13:00:52 2024] GET /v2/schemas/image => generated 6083 bytes in 8 msecs (HTTP/1.1 200) 4 headers in 158 bytes (1 switches on core 0)
Dec 31 13:00:52 ubuntu devstack@g-api.service[119533]: DEBUG glance.api.middleware.version_negotiation [None req-0463d08e-46e5-4f77-8482-eb882a3324ba tempest-ImageDependencyTests-954271781 tempest-ImageDependencyTests-954271781-project-member] Determining version of request: GET /v2/images/4617f380-a35f-4086-9e2a-87fe11a86b48 Accept: */* {{(pid=119533) process_request /opt/stack/glance/glance/api/middleware/version_negotiation.py:44}}
Dec 31 13:00:52 ubuntu devstack@g-api.service[119533]: DEBUG glance.api.middleware.version_negotiation [None req-0463d08e-46e5-4f77-8482-eb882a3324ba tempest-ImageDependencyTests-954271781 tempest-ImageDependencyTests-954271781-project-member] Using url versioning {{(pid=119533) process_request /opt/stack/glance/glance/api/middleware/version_negotiation.py:57}}
Dec 31 13:00:52 ubuntu devstack@g-api.service[119533]: DEBUG glance.api.middleware.version_negotiation [None req-0463d08e-46e5-4f77-8482-eb882a3324ba tempest-ImageDependencyTests-954271781 tempest-ImageDependencyTests-954271781-project-member] Matched version: v2 {{(pid=119533) process_request /opt/stack/glance/glance/api/middleware/version_negotiation.py:69}}
Dec 31 13:00:52 ubuntu devstack@g-api.service[119533]: DEBUG glance.api.middleware.version_negotiation [None req-0463d08e-46e5-4f77-8482-eb882a3324ba tempest-ImageDependencyTests-954271781 tempest-ImageDependencyTests-954271781-project-member] new path /v2/images/4617f380-a35f-4086-9e2a-87fe11a86b48 {{(pid=119533) process_request /opt/stack/glance/glance/api/middleware/version_negotiation.py:70}}
Dec 31 13:00:52 ubuntu devstack@g-api.service[119533]: [pid: 119533|app: 0|req: 27/55] 127.0.0.1 () {42 vars in 1045 bytes} [Tue Dec 31 13:00:52 2024] GET /v2/images/4617f380-a35f-4086-9e2a-87fe11a86b48 => generated 807 bytes in 10 msecs (HTTP/1.1 200) 4 headers in 157 bytes (1 switches on core 0)
Dec 31 13:00:52 ubuntu devstack@g-api.service[119534]: DEBUG glance.api.middleware.version_negotiation [None req-0463d08e-46e5-4f77-8482-eb882a3324ba tempest-ImageDependencyTests-954271781 tempest-ImageDependencyTests-954271781-project-member] Determining version of request: GET /v2/schemas/image Accept: */* {{(pid=119534) process_request /opt/stack/glance/glance/api/middleware/version_negotiation.py:44}}
Dec 31 13:00:52 ubuntu devstack@g-api.service[119534]: DEBUG glance.api.middleware.version_negotiation [None req-0463d08e-46e5-4f77-8482-eb882a3324ba tempest-ImageDependencyTests-954271781 tempest-ImageDependencyTests-954271781-project-member] Using url versioning {{(pid=119534) process_request /opt/stack/glance/glance/api/middleware/version_negotiation.py:57}}
Dec 31 13:00:52 ubuntu devstack@g-api.service[119534]: DEBUG glance.api.middleware.version_negotiation [None req-0463d08e-46e5-4f77-8482-eb882a3324ba tempest-ImageDependencyTests-954271781 tempest-ImageDependencyTests-954271781-project-member] Matched version: v2 {{(pid=119534) process_request /opt/stack/glance/glance/api/middleware/version_negotiation.py:69}}
Dec 31 13:00:52 ubuntu devstack@g-api.service[119534]: DEBUG glance.api.middleware.version_negotiation [None req-0463d08e-46e5-4f77-8482-eb882a3324ba tempest-ImageDependencyTests-954271781 tempest-ImageDependencyTests-954271781-project-member] new path /v2/schemas/image {{(pid=119534) process_request /opt/stack/glance/glance/api/middleware/version_negotiation.py:70}}
Dec 31 13:00:52 ubuntu devstack@g-api.service[119534]: [pid: 119534|app: 0|req: 29/56] 127.0.0.1 () {42 vars in 985 bytes} [Tue Dec 31 13:00:52 2024] GET /v2/schemas/image => generated 6083 bytes in 5 msecs (HTTP/1.1 200) 4 headers in 158 bytes (1 switches on core 0)
Dec 31 13:00:52 ubuntu devstack@g-api.service[119533]: DEBUG glance.api.middleware.version_negotiation [None req-0463d08e-46e5-4f77-8482-eb882a3324ba tempest-ImageDependencyTests-954271781 tempest-ImageDependencyTests-954271781-project-member] Determining version of request: GET /v2/schemas/image Accept: */* {{(pid=119533) process_request /opt/stack/glance/glance/api/middleware/version_negotiation.py:44}}
Dec 31 13:00:52 ubuntu devstack@g-api.service[119533]: DEBUG glance.api.middleware.version_negotiation [None req-0463d08e-46e5-4f77-8482-eb882a3324ba tempest-ImageDependencyTests-954271781 tempest-ImageDependencyTests-954271781-project-member] Using url versioning {{(pid=119533) process_request /opt/stack/glance/glance/api/middleware/version_negotiation.py:57}}
Dec 31 13:00:52 ubuntu devstack@g-api.service[119533]: DEBUG glance.api.middleware.version_negotiation [None req-0463d08e-46e5-4f77-8482-eb882a3324ba tempest-ImageDependencyTests-954271781 tempest-ImageDependencyTests-954271781-project-member] Matched version: v2 {{(pid=119533) process_request /opt/stack/glance/glance/api/middleware/version_negotiation.py:69}}
Dec 31 13:00:52 ubuntu devstack@g-api.service[119533]: DEBUG glance.api.middleware.version_negotiation [None req-0463d08e-46e5-4f77-8482-eb882a3324ba tempest-ImageDependencyTests-954271781 tempest-ImageDependencyTests-954271781-project-member] new path /v2/schemas/image {{(pid=119533) process_request /opt/stack/glance/glance/api/middleware/version_negotiation.py:70}}
Dec 31 13:00:52 ubuntu devstack@g-api.service[119533]: [pid: 119533|app: 0|req: 28/57] 127.0.0.1 () {42 vars in 985 bytes} [Tue Dec 31 13:00:52 2024] GET /v2/schemas/image => generated 6083 bytes in 5 msecs (HTTP/1.1 200) 4 headers in 158 bytes (1 switches on core 0)
Dec 31 13:00:52 ubuntu devstack@g-api.service[119534]: DEBUG glance.api.middleware.version_negotiation [None req-0463d08e-46e5-4f77-8482-eb882a3324ba tempest-ImageDependencyTests-954271781 tempest-ImageDependencyTests-954271781-project-member] Determining version of request: GET /v2/images/4617f380-a35f-4086-9e2a-87fe11a86b48 Accept: */* {{(pid=119534) process_request /opt/stack/glance/glance/api/middleware/version_negotiation.py:44}}
Dec 31 13:00:52 ubuntu devstack@g-api.service[119534]: DEBUG glance.api.middleware.version_negotiation [None req-0463d08e-46e5-4f77-8482-eb882a3324ba tempest-ImageDependencyTests-954271781 tempest-ImageDependencyTests-954271781-project-member] Using url versioning {{(pid=119534) process_request /opt/stack/glance/glance/api/middleware/version_negotiation.py:57}}
Dec 31 13:00:52 ubuntu devstack@g-api.service[119534]: DEBUG glance.api.middleware.version_negotiation [None req-0463d08e-46e5-4f77-8482-eb882a3324ba tempest-ImageDependencyTests-954271781 tempest-ImageDependencyTests-954271781-project-member] Matched version: v2 {{(pid=119534) process_request /opt/stack/glance/glance/api/middleware/version_negotiation.py:69}}
Dec 31 13:00:52 ubuntu devstack@g-api.service[119534]: DEBUG glance.api.middleware.version_negotiation [None req-0463d08e-46e5-4f77-8482-eb882a3324ba tempest-ImageDependencyTests-954271781 tempest-ImageDependencyTests-954271781-project-member] new path /v2/images/4617f380-a35f-4086-9e2a-87fe11a86b48 {{(pid=119534) process_request /opt/stack/glance/glance/api/middleware/version_negotiation.py:70}}
Dec 31 13:00:52 ubuntu devstack@g-api.service[119534]: [pid: 119534|app: 0|req: 30/58] 127.0.0.1 () {42 vars in 1045 bytes} [Tue Dec 31 13:00:52 2024] GET /v2/images/4617f380-a35f-4086-9e2a-87fe11a86b48 => generated 807 bytes in 9 msecs (HTTP/1.1 200) 4 headers in 157 bytes (1 switches on core 0)
Dec 31 13:00:52 ubuntu devstack@g-api.service[119533]: DEBUG glance.api.middleware.version_negotiation [None req-0463d08e-46e5-4f77-8482-eb882a3324ba tempest-ImageDependencyTests-954271781 tempest-ImageDependencyTests-954271781-project-member] Determining version of request: GET /v2/images/4617f380-a35f-4086-9e2a-87fe11a86b48/file Accept: */* {{(pid=119533) process_request /opt/stack/glance/glance/api/middleware/version_negotiation.py:44}}
Dec 31 13:00:52 ubuntu devstack@g-api.service[119533]: DEBUG glance.api.middleware.version_negotiation [None req-0463d08e-46e5-4f77-8482-eb882a3324ba tempest-ImageDependencyTests-954271781 tempest-ImageDependencyTests-954271781-project-member] Using url versioning {{(pid=119533) process_request /opt/stack/glance/glance/api/middleware/version_negotiation.py:57}}
Dec 31 13:00:52 ubuntu devstack@g-api.service[119533]: DEBUG glance.api.middleware.version_negotiation [None req-0463d08e-46e5-4f77-8482-eb882a3324ba tempest-ImageDependencyTests-954271781 tempest-ImageDependencyTests-954271781-project-member] Matched version: v2 {{(pid=119533) process_request /opt/stack/glance/glance/api/middleware/version_negotiation.py:69}}
Dec 31 13:00:52 ubuntu devstack@g-api.service[119533]: DEBUG glance.api.middleware.version_negotiation [None req-0463d08e-46e5-4f77-8482-eb882a3324ba tempest-ImageDependencyTests-954271781 tempest-ImageDependencyTests-954271781-project-member] new path /v2/images/4617f380-a35f-4086-9e2a-87fe11a86b48/file {{(pid=119533) process_request /opt/stack/glance/glance/api/middleware/version_negotiation.py:70}}
Dec 31 13:00:52 ubuntu devstack@g-api.service[119533]: DEBUG glance.api.middleware.cache [None req-0463d08e-46e5-4f77-8482-eb882a3324ba tempest-ImageDependencyTests-954271781 tempest-ImageDependencyTests-954271781-project-member] Cache hit for image '4617f380-a35f-4086-9e2a-87fe11a86b48' {{(pid=119533) process_request /opt/stack/glance/glance/api/middleware/cache.py:160}}
Dec 31 13:00:52 ubuntu devstack@g-api.service[119534]: DEBUG glance.api.middleware.version_negotiation [None req-0463d08e-46e5-4f77-8482-eb882a3324ba tempest-ImageDependencyTests-954271781 tempest-ImageDependencyTests-954271781-project-member] Determining version of request: GET /v2/images/4617f380-a35f-4086-9e2a-87fe11a86b48 Accept: */* {{(pid=119534) process_request /opt/stack/glance/glance/api/middleware/version_negotiation.py:44}}
Dec 31 13:00:52 ubuntu devstack@g-api.service[119534]: DEBUG glance.api.middleware.version_negotiation [None req-0463d08e-46e5-4f77-8482-eb882a3324ba tempest-ImageDependencyTests-954271781 tempest-ImageDependencyTests-954271781-project-member] Using url versioning {{(pid=119534) process_request /opt/stack/glance/glance/api/middleware/version_negotiation.py:57}}
Dec 31 13:00:52 ubuntu devstack@g-api.service[119534]: DEBUG glance.api.middleware.version_negotiation [None req-0463d08e-46e5-4f77-8482-eb882a3324ba tempest-ImageDependencyTests-954271781 tempest-ImageDependencyTests-954271781-project-member] Matched version: v2 {{(pid=119534) process_request /opt/stack/glance/glance/api/middleware/version_negotiation.py:69}}
Dec 31 13:00:52 ubuntu devstack@g-api.service[119534]: DEBUG glance.api.middleware.version_negotiation [None req-0463d08e-46e5-4f77-8482-eb882a3324ba tempest-ImageDependencyTests-954271781 tempest-ImageDependencyTests-954271781-project-member] new path /v2/images/4617f380-a35f-4086-9e2a-87fe11a86b48 {{(pid=119534) process_request /opt/stack/glance/glance/api/middleware/version_negotiation.py:70}}
Dec 31 13:00:52 ubuntu devstack@g-api.service[119533]: [pid: 119533|app: 0|req: 29/59] 127.0.0.1 () {42 vars in 1055 bytes} [Tue Dec 31 13:00:52 2024] GET /v2/images/4617f380-a35f-4086-9e2a-87fe11a86b48/file => generated 1024 bytes in 26 msecs (HTTP/1.1 200) 5 headers in 213 bytes (1 switches on core 0)
Dec 31 13:00:52 ubuntu devstack@g-api.service[119534]: [pid: 119534|app: 0|req: 31/60] 127.0.0.1 () {42 vars in 1045 bytes} [Tue Dec 31 13:00:52 2024] GET /v2/images/4617f380-a35f-4086-9e2a-87fe11a86b48 => generated 807 bytes in 12 msecs (HTTP/1.1 200) 4 headers in 157 bytes (1 switches on core 0)
Dec 31 13:00:52 ubuntu devstack@g-api.service[119533]: DEBUG glance.api.middleware.version_negotiation [None req-0463d08e-46e5-4f77-8482-eb882a3324ba tempest-ImageDependencyTests-954271781 tempest-ImageDependencyTests-954271781-project-member] Determining version of request: GET /v2/schemas/image Accept: */* {{(pid=119533) process_request /opt/stack/glance/glance/api/middleware/version_negotiation.py:44}}
Dec 31 13:00:52 ubuntu devstack@g-api.service[119533]: DEBUG glance.api.middleware.version_negotiation [None req-0463d08e-46e5-4f77-8482-eb882a3324ba tempest-ImageDependencyTests-954271781 tempest-ImageDependencyTests-954271781-project-member] Using url versioning {{(pid=119533) process_request /opt/stack/glance/glance/api/middleware/version_negotiation.py:57}}
Dec 31 13:00:52 ubuntu devstack@g-api.service[119533]: DEBUG glance.api.middleware.version_negotiation [None req-0463d08e-46e5-4f77-8482-eb882a3324ba tempest-ImageDependencyTests-954271781 tempest-ImageDependencyTests-954271781-project-member] Matched version: v2 {{(pid=119533) process_request /opt/stack/glance/glance/api/middleware/version_negotiation.py:69}}
Dec 31 13:00:52 ubuntu devstack@g-api.service[119533]: DEBUG glance.api.middleware.version_negotiation [None req-0463d08e-46e5-4f77-8482-eb882a3324ba tempest-ImageDependencyTests-954271781 tempest-ImageDependencyTests-954271781-project-member] new path /v2/schemas/image {{(pid=119533) process_request /opt/stack/glance/glance/api/middleware/version_negotiation.py:70}}
Dec 31 13:00:52 ubuntu devstack@g-api.service[119533]: [pid: 119533|app: 0|req: 30/61] 127.0.0.1 () {42 vars in 985 bytes} [Tue Dec 31 13:00:52 2024] GET /v2/schemas/image => generated 6083 bytes in 3 msecs (HTTP/1.1 200) 4 headers in 158 bytes (1 switches on core 0)
Dec 31 13:00:52 ubuntu devstack@g-api.service[119534]: DEBUG glance.api.middleware.version_negotiation [None req-0463d08e-46e5-4f77-8482-eb882a3324ba tempest-ImageDependencyTests-954271781 tempest-ImageDependencyTests-954271781-project-member] Determining version of request: GET /v2/images/4617f380-a35f-4086-9e2a-87fe11a86b48 Accept: */* {{(pid=119534) process_request /opt/stack/glance/glance/api/middleware/version_negotiation.py:44}}
Dec 31 13:00:52 ubuntu devstack@g-api.service[119534]: DEBUG glance.api.middleware.version_negotiation [None req-0463d08e-46e5-4f77-8482-eb882a3324ba tempest-ImageDependencyTests-954271781 tempest-ImageDependencyTests-954271781-project-member] Using url versioning {{(pid=119534) process_request /opt/stack/glance/glance/api/middleware/version_negotiation.py:57}}
Dec 31 13:00:52 ubuntu devstack@g-api.service[119534]: DEBUG glance.api.middleware.version_negotiation [None req-0463d08e-46e5-4f77-8482-eb882a3324ba tempest-ImageDependencyTests-954271781 tempest-ImageDependencyTests-954271781-project-member] Matched version: v2 {{(pid=119534) process_request /opt/stack/glance/glance/api/middleware/version_negotiation.py:69}}
Dec 31 13:00:52 ubuntu devstack@g-api.service[119534]: DEBUG glance.api.middleware.version_negotiation [None req-0463d08e-46e5-4f77-8482-eb882a3324ba tempest-ImageDependencyTests-954271781 tempest-ImageDependencyTests-954271781-project-member] new path /v2/images/4617f380-a35f-4086-9e2a-87fe11a86b48 {{(pid=119534) process_request /opt/stack/glance/glance/api/middleware/version_negotiation.py:70}}
Dec 31 13:00:52 ubuntu devstack@g-api.service[119534]: [pid: 119534|app: 0|req: 32/62] 127.0.0.1 () {42 vars in 1045 bytes} [Tue Dec 31 13:00:52 2024] GET /v2/images/4617f380-a35f-4086-9e2a-87fe11a86b48 => generated 807 bytes in 21 msecs (HTTP/1.1 200) 4 headers in 157 bytes (1 switches on core 0)
Dec 31 13:00:52 ubuntu devstack@g-api.service[119533]: DEBUG glance.api.middleware.version_negotiation [None req-0463d08e-46e5-4f77-8482-eb882a3324ba tempest-ImageDependencyTests-954271781 tempest-ImageDependencyTests-954271781-project-member] Determining version of request: GET /v2/schemas/image Accept: */* {{(pid=119533) process_request /opt/stack/glance/glance/api/middleware/version_negotiation.py:44}}
Dec 31 13:00:52 ubuntu devstack@g-api.service[119533]: DEBUG glance.api.middleware.version_negotiation [None req-0463d08e-46e5-4f77-8482-eb882a3324ba tempest-ImageDependencyTests-954271781 tempest-ImageDependencyTests-954271781-project-member] Using url versioning {{(pid=119533) process_request /opt/stack/glance/glance/api/middleware/version_negotiation.py:57}}
Dec 31 13:00:52 ubuntu devstack@g-api.service[119533]: DEBUG glance.api.middleware.version_negotiation [None req-0463d08e-46e5-4f77-8482-eb882a3324ba tempest-ImageDependencyTests-954271781 tempest-ImageDependencyTests-954271781-project-member] Matched version: v2 {{(pid=119533) process_request /opt/stack/glance/glance/api/middleware/version_negotiation.py:69}}
Dec 31 13:00:52 ubuntu devstack@g-api.service[119533]: DEBUG glance.api.middleware.version_negotiation [None req-0463d08e-46e5-4f77-8482-eb882a3324ba tempest-ImageDependencyTests-954271781 tempest-ImageDependencyTests-954271781-project-member] new path /v2/schemas/image {{(pid=119533) process_request /opt/stack/glance/glance/api/middleware/version_negotiation.py:70}}
Dec 31 13:00:52 ubuntu devstack@g-api.service[119533]: [pid: 119533|app: 0|req: 31/63] 127.0.0.1 () {42 vars in 985 bytes} [Tue Dec 31 13:00:52 2024] GET /v2/schemas/image => generated 6083 bytes in 6 msecs (HTTP/1.1 200) 4 headers in 158 bytes (1 switches on core 0)
Dec 31 13:00:54 ubuntu devstack@g-api.service[119534]: DEBUG glance.api.middleware.version_negotiation [None req-0463d08e-46e5-4f77-8482-eb882a3324ba tempest-ImageDependencyTests-954271781 tempest-ImageDependencyTests-954271781-project-member] Determining version of request: DELETE /v2/images/4617f380-a35f-4086-9e2a-87fe11a86b48 Accept: application/json {{(pid=119534) process_request /opt/stack/glance/glance/api/middleware/version_negotiation.py:44}}
Dec 31 13:00:54 ubuntu devstack@g-api.service[119534]: DEBUG glance.api.middleware.version_negotiation [None req-0463d08e-46e5-4f77-8482-eb882a3324ba tempest-ImageDependencyTests-954271781 tempest-ImageDependencyTests-954271781-project-member] Using url versioning {{(pid=119534) process_request /opt/stack/glance/glance/api/middleware/version_negotiation.py:57}}
Dec 31 13:00:54 ubuntu devstack@g-api.service[119534]: DEBUG glance.api.middleware.version_negotiation [None req-0463d08e-46e5-4f77-8482-eb882a3324ba tempest-ImageDependencyTests-954271781 tempest-ImageDependencyTests-954271781-project-member] Matched version: v2 {{(pid=119534) process_request /opt/stack/glance/glance/api/middleware/version_negotiation.py:69}}
Dec 31 13:00:54 ubuntu devstack@g-api.service[119534]: DEBUG glance.api.middleware.version_negotiation [None req-0463d08e-46e5-4f77-8482-eb882a3324ba tempest-ImageDependencyTests-954271781 tempest-ImageDependencyTests-954271781-project-member] new path /v2/images/4617f380-a35f-4086-9e2a-87fe11a86b48 {{(pid=119534) process_request /opt/stack/glance/glance/api/middleware/version_negotiation.py:70}}
Dec 31 13:00:54 ubuntu devstack@g-api.service[119534]: WARNING glance.api.v2.images [None req-c645870a-0753-4a6d-8811-0844f79e2294 tempest-ImageDependencyTests-954271781 tempest-ImageDependencyTests-954271781-project-member] After upload to backend, deletion of staged image data has failed because it cannot be found at /tmp/staging//4617f380-a35f-4086-9e2a-87fe11a86b48
Dec 31 13:00:54 ubuntu devstack@g-api.service[119534]: DEBUG glance_store.backend [None req-c645870a-0753-4a6d-8811-0844f79e2294 tempest-ImageDependencyTests-954271781 tempest-ImageDependencyTests-954271781-project-member] Attempting to import store swift {{(pid=119534) _load_store /opt/stack/data/venv/lib/python3.10/site-packages/glance_store/backend.py:216}}
Dec 31 13:00:54 ubuntu devstack@g-api.service[119534]: DEBUG glance_store.capabilities [None req-c645870a-0753-4a6d-8811-0844f79e2294 tempest-ImageDependencyTests-954271781 tempest-ImageDependencyTests-954271781-project-member] Store glance_store._drivers.swift.store.SingleTenantStore doesn't support updating dynamic storage capabilities. Please overwrite 'update_capabilities' method of the store to implement updating logics if needed. {{(pid=119534) update_capabilities /opt/stack/data/venv/lib/python3.10/site-packages/glance_store/capabilities.py:91}}
Dec 31 13:00:54 ubuntu devstack@g-api.service[119534]: DEBUG glance_store.driver [None req-c645870a-0753-4a6d-8811-0844f79e2294 tempest-ImageDependencyTests-954271781 tempest-ImageDependencyTests-954271781-project-member] Late loading location class glance_store._drivers.swift.store.StoreLocation {{(pid=119534) get_store_location_class /opt/stack/data/venv/lib/python3.10/site-packages/glance_store/driver.py:133}}
Dec 31 13:00:54 ubuntu devstack@g-api.service[119534]: DEBUG glance_store.location [None req-c645870a-0753-4a6d-8811-0844f79e2294 tempest-ImageDependencyTests-954271781 tempest-ImageDependencyTests-954271781-project-member] Registering scheme swift+https with {'store': <glance_store._drivers.swift.store.SingleTenantStore object at 0x7f16d79e1690>, 'location_class': <class 'glance_store._drivers.swift.store.StoreLocation'>, 'store_entry': 'swift'} {{(pid=119534) register_scheme_map /opt/stack/data/venv/lib/python3.10/site-packages/glance_store/location.py:146}}
Dec 31 13:00:54 ubuntu devstack@g-api.service[119534]: DEBUG glance_store.location [None req-c645870a-0753-4a6d-8811-0844f79e2294 tempest-ImageDependencyTests-954271781 tempest-ImageDependencyTests-954271781-project-member] Registering scheme swift+https with {'store': <glance_store._drivers.swift.store.SingleTenantStore object at 0x7f16d79e1690>, 'location_class': <class 'glance_store._drivers.swift.store.StoreLocation'>, 'store_entry': 'swift'} {{(pid=119534) register_scheme_map /opt/stack/data/venv/lib/python3.10/site-packages/glance_store/location.py:146}}
Dec 31 13:00:54 ubuntu devstack@g-api.service[119534]: DEBUG glance_store.location [None req-c645870a-0753-4a6d-8811-0844f79e2294 tempest-ImageDependencyTests-954271781 tempest-ImageDependencyTests-954271781-project-member] Registering scheme swift with {'store': <glance_store._drivers.swift.store.SingleTenantStore object at 0x7f16d79e1690>, 'location_class': <class 'glance_store._drivers.swift.store.StoreLocation'>, 'store_entry': 'swift'} {{(pid=119534) register_scheme_map /opt/stack/data/venv/lib/python3.10/site-packages/glance_store/location.py:146}}
Dec 31 13:00:54 ubuntu devstack@g-api.service[119534]: DEBUG glance_store.location [None req-c645870a-0753-4a6d-8811-0844f79e2294 tempest-ImageDependencyTests-954271781 tempest-ImageDependencyTests-954271781-project-member] Registering scheme swift+https with {'store': <glance_store._drivers.swift.store.SingleTenantStore object at 0x7f16d79e1690>, 'location_class': <class 'glance_store._drivers.swift.store.StoreLocation'>, 'store_entry': 'swift'} {{(pid=119534) register_scheme_map /opt/stack/data/venv/lib/python3.10/site-packages/glance_store/location.py:146}}
Dec 31 13:00:54 ubuntu devstack@g-api.service[119534]: DEBUG glance_store.location [None req-c645870a-0753-4a6d-8811-0844f79e2294 tempest-ImageDependencyTests-954271781 tempest-ImageDependencyTests-954271781-project-member] Registering scheme swift with {'store': <glance_store._drivers.swift.store.SingleTenantStore object at 0x7f16d79e1690>, 'location_class': <class 'glance_store._drivers.swift.store.StoreLocation'>, 'store_entry': 'swift'} {{(pid=119534) register_scheme_map /opt/stack/data/venv/lib/python3.10/site-packages/glance_store/location.py:146}}
Dec 31 13:00:54 ubuntu devstack@g-api.service[119534]: DEBUG glance_store.location [None req-c645870a-0753-4a6d-8811-0844f79e2294 tempest-ImageDependencyTests-954271781 tempest-ImageDependencyTests-954271781-project-member] Registering scheme swift+http with {'store': <glance_store._drivers.swift.store.SingleTenantStore object at 0x7f16d79e1690>, 'location_class': <class 'glance_store._drivers.swift.store.StoreLocation'>, 'store_entry': 'swift'} {{(pid=119534) register_scheme_map /opt/stack/data/venv/lib/python3.10/site-packages/glance_store/location.py:146}}
Dec 31 13:00:54 ubuntu devstack@g-api.service[119534]: DEBUG glance_store.location [None req-c645870a-0753-4a6d-8811-0844f79e2294 tempest-ImageDependencyTests-954271781 tempest-ImageDependencyTests-954271781-project-member] Registering scheme swift+https with {'store': <glance_store._drivers.swift.store.SingleTenantStore object at 0x7f16d79e1690>, 'location_class': <class 'glance_store._drivers.swift.store.StoreLocation'>, 'store_entry': 'swift'} {{(pid=119534) register_scheme_map /opt/stack/data/venv/lib/python3.10/site-packages/glance_store/location.py:146}}
Dec 31 13:00:54 ubuntu devstack@g-api.service[119534]: DEBUG glance_store.location [None req-c645870a-0753-4a6d-8811-0844f79e2294 tempest-ImageDependencyTests-954271781 tempest-ImageDependencyTests-954271781-project-member] Registering scheme swift with {'store': <glance_store._drivers.swift.store.SingleTenantStore object at 0x7f16d79e1690>, 'location_class': <class 'glance_store._drivers.swift.store.StoreLocation'>, 'store_entry': 'swift'} {{(pid=119534) register_scheme_map /opt/stack/data/venv/lib/python3.10/site-packages/glance_store/location.py:146}}
Dec 31 13:00:54 ubuntu devstack@g-api.service[119534]: DEBUG glance_store.location [None req-c645870a-0753-4a6d-8811-0844f79e2294 tempest-ImageDependencyTests-954271781 tempest-ImageDependencyTests-954271781-project-member] Registering scheme swift+http with {'store': <glance_store._drivers.swift.store.SingleTenantStore object at 0x7f16d79e1690>, 'location_class': <class 'glance_store._drivers.swift.store.StoreLocation'>, 'store_entry': 'swift'} {{(pid=119534) register_scheme_map /opt/stack/data/venv/lib/python3.10/site-packages/glance_store/location.py:146}}
Dec 31 13:00:54 ubuntu devstack@g-api.service[119534]: DEBUG glance_store.location [None req-c645870a-0753-4a6d-8811-0844f79e2294 tempest-ImageDependencyTests-954271781 tempest-ImageDependencyTests-954271781-project-member] Registering scheme swift+config with {'store': <glance_store._drivers.swift.store.SingleTenantStore object at 0x7f16d79e1690>, 'location_class': <class 'glance_store._drivers.swift.store.StoreLocation'>, 'store_entry': 'swift'} {{(pid=119534) register_scheme_map /opt/stack/data/venv/lib/python3.10/site-packages/glance_store/location.py:146}}
Dec 31 13:00:54 ubuntu devstack@g-api.service[119534]: DEBUG keystoneclient.auth.identity.v3.base [None req-c645870a-0753-4a6d-8811-0844f79e2294 tempest-ImageDependencyTests-954271781 tempest-ImageDependencyTests-954271781-project-member] Making authentication request to http://10.201.5.82/identity/v3/auth/tokens {{(pid=119534) get_auth_ref /opt/stack/data/venv/lib/python3.10/site-packages/keystoneclient/auth/identity/v3/base.py:185}}
Dec 31 13:00:54 ubuntu devstack@g-api.service[119534]: DEBUG keystoneclient.auth.identity.v3.base [None req-c645870a-0753-4a6d-8811-0844f79e2294 tempest-ImageDependencyTests-954271781 tempest-ImageDependencyTests-954271781-project-member] {"token": {"methods": ["password"], "user": {"domain": {"id": "default", "name": "Default"}, "id": "97a96d8e97ca4cea94b54f5f7d083f54", "name": "glance-swift", "password_expires_at": null}, "audit_ids": ["pgBG0nBaR96xDxsc_177hg"], "expires_at": "2024-12-31T14:00:54.000000Z", "issued_at": "2024-12-31T13:00:54.000000Z", "project": {"domain": {"id": "default", "name": "Default"}, "id": "5e94c661762f4484a298758f47e7924c", "name": "service"}, "is_domain": false, "roles": [{"id": "2b2e565049894685b3d6717bbd17727d", "name": "ResellerAdmin"}, {"id": "6b05c5ed6eef4566a73f7f78987c51b9", "name": "service"}], "catalog": [{"endpoints": [{"id": "792942fbb5cf4886ad0a1408cda1e117", "interface": "public", "region_id": "RegionOne", "url": "http://10.201.5.82/volume/v3", "region": "RegionOne"}], "id": "31d23c2b9f8245a597fe575d704be9a7", "type": "block-storage", "name": "cinder"}, {"endpoints": [{"id": "ba7aa6cefaed4f4087a4b013424e766e", "interface": "public", "region_id": "RegionOne", "url": "http://10.201.5.82/identity", "region": "RegionOne"}], "id": "4f6c0e207e3244ef839f8605be3aa6fe", "type": "identity", "name": "keystone"}, {"endpoints": [{"id": "8983e247761f4ce88eb875a8419ed066", "interface": "public", "region_id": "RegionOne", "url": "http://10.201.5.82/placement", "region": "RegionOne"}], "id": "65d633b6cedc40d1b390a0b577c9cfa2", "type": "placement", "name": "placement"}, {"endpoints": [{"id": "83710f0551b648a292bb012c6dbbdd98", "interface": "public", "region_id": "RegionOne", "url": "http://10.201.5.82/compute/v2.1", "region": "RegionOne"}], "id": "6a9f7d21f1d74f5f8204234d0d485db5", "type": "compute", "name": "nova"}, {"endpoints": [{"id": "5aa95d9ec97844da94862846443dde14", "interface": "public", "region_id": "RegionOne", "url": "http://10.201.5.82/compute/v2/5e94c661762f4484a298758f47e7924c", "region": "RegionOne"}], "id": "7febd6053897483883154317f86e2eeb", "type": "compute_legacy", "name": "nova_legacy"}, {"endpoints": [{"id": "83b44e95fc784cd1a05e0f311260e48e", "interface": "public", "region_id": "RegionOne", "url": "http://10.201.5.82:9696/networking", "region": "RegionOne"}], "id": "831636c4e3234de4984269d71d218608", "type": "network", "name": "neutron"}, {"endpoints": [{"id": "5641fe8ab3bb4a3794241401d6b3049d", "interface": "admin", "region_id": "RegionOne", "url": "http://10.201.5.82:8080", "region": "RegionOne"}, {"id": "e1160a08fe4f4e7390e5540d8586a07a", "interface": "public", "region_id": "RegionOne", "url": "http://10.201.5.82:8080/v1/AUTH_5e94c661762f4484a298758f47e7924c", "region": "RegionOne"}], "id": "c6d04e6f359e4d98bb8184b74948d764", "type": "object-store", "name": "swift"}, {"endpoints": [{"id": "75affbbbe43b4882992ece77cdb343b6", "interface": "public", "region_id": "RegionOne", "url": "http://10.201.5.82/image", "region": "RegionOne"}], "id": "e99c9068be534046b06a00fb464ccff2", "type": "image", "name": "glance"}]}} {{(pid=119534) get_auth_ref /opt/stack/data/venv/lib/python3.10/site-packages/keystoneclient/auth/identity/v3/base.py:190}}
Dec 31 13:00:54 ubuntu devstack@g-api.service[119534]: DEBUG keystoneclient.httpclient [None req-c645870a-0753-4a6d-8811-0844f79e2294 tempest-ImageDependencyTests-954271781 tempest-ImageDependencyTests-954271781-project-member] Failed to find endpoint for management url admin endpoint for identity service not found {{(pid=119534) _process_management_url /opt/stack/data/venv/lib/python3.10/site-packages/keystoneclient/httpclient.py:670}}
Dec 31 13:00:54 ubuntu devstack@g-api.service[119534]: DEBUG swiftclient [None req-c645870a-0753-4a6d-8811-0844f79e2294 tempest-ImageDependencyTests-954271781 tempest-ImageDependencyTests-954271781-project-member] REQ: curl -i http://10.201.5.82:8080/v1/AUTH_5e94c661762f4484a298758f47e7924c/glance/4617f380-a35f-4086-9e2a-87fe11a86b48 -I -H "X-Auth-Token: gAAAAABnc-sGRAzX..." {{(pid=119534) http_log /opt/stack/data/venv/lib/python3.10/site-packages/swiftclient/client.py:160}}
Dec 31 13:00:54 ubuntu devstack@g-api.service[119534]: DEBUG swiftclient [None req-c645870a-0753-4a6d-8811-0844f79e2294 tempest-ImageDependencyTests-954271781 tempest-ImageDependencyTests-954271781-project-member] RESP STATUS: 200 OK {{(pid=119534) http_log /opt/stack/data/venv/lib/python3.10/site-packages/swiftclient/client.py:161}}
Dec 31 13:00:54 ubuntu devstack@g-api.service[119534]: DEBUG swiftclient [None req-c645870a-0753-4a6d-8811-0844f79e2294 tempest-ImageDependencyTests-954271781 tempest-ImageDependencyTests-954271781-project-member] RESP HEADERS: {'Content-Type': 'application/octet-stream', 'Content-Length': '1024', 'Etag': '25ebee56f3e0962d9dcf45d354eb5250', 'Last-Modified': 'Tue, 31 Dec 2024 13:00:48 GMT', 'X-Timestamp': '1735650047.13673', 'Accept-Ranges': 'bytes', 'X-Trans-Id': 'tx4b1b44c810a944f796f31-006773eb06', 'X-Openstack-Request-Id': 'tx4b1b44c810a944f796f31-006773eb06', 'Date': 'Tue, 31 Dec 2024 13:00:54 GMT'} {{(pid=119534) http_log /opt/stack/data/venv/lib/python3.10/site-packages/swiftclient/client.py:162}}
Dec 31 13:00:54 ubuntu devstack@g-api.service[119534]: DEBUG swiftclient [None req-c645870a-0753-4a6d-8811-0844f79e2294 tempest-ImageDependencyTests-954271781 tempest-ImageDependencyTests-954271781-project-member] REQ: curl -i http://10.201.5.82:8080/v1/AUTH_5e94c661762f4484a298758f47e7924c/glance/4617f380-a35f-4086-9e2a-87fe11a86b48 DELETE -H "X-Auth-Token: gAAAAABnc-sGRAzX..." {{(pid=119534) http_log /opt/stack/data/venv/lib/python3.10/site-packages/swiftclient/client.py:160}}
Dec 31 13:00:54 ubuntu devstack@g-api.service[119534]: DEBUG swiftclient [None req-c645870a-0753-4a6d-8811-0844f79e2294 tempest-ImageDependencyTests-954271781 tempest-ImageDependencyTests-954271781-project-member] RESP STATUS: 204 No Content {{(pid=119534) http_log /opt/stack/data/venv/lib/python3.10/site-packages/swiftclient/client.py:161}}
Dec 31 13:00:54 ubuntu devstack@g-api.service[119534]: DEBUG swiftclient [None req-c645870a-0753-4a6d-8811-0844f79e2294 tempest-ImageDependencyTests-954271781 tempest-ImageDependencyTests-954271781-project-member] RESP HEADERS: {'Content-Type': 'text/html; charset=UTF-8', 'Content-Length': '0', 'X-Trans-Id': 'txe6d4c536f9c14096b452c-006773eb06', 'X-Openstack-Request-Id': 'txe6d4c536f9c14096b452c-006773eb06', 'Date': 'Tue, 31 Dec 2024 13:00:54 GMT'} {{(pid=119534) http_log /opt/stack/data/venv/lib/python3.10/site-packages/swiftclient/client.py:162}}
Dec 31 13:00:54 ubuntu devstack@g-api.service[119534]: DEBUG glance.api.middleware.cache [None req-c645870a-0753-4a6d-8811-0844f79e2294 tempest-ImageDependencyTests-954271781 tempest-ImageDependencyTests-954271781-project-member] Removing image 4617f380-a35f-4086-9e2a-87fe11a86b48 from cache {{(pid=119534) _process_DELETE_response /opt/stack/glance/glance/api/middleware/cache.py:264}}
Dec 31 13:00:54 ubuntu devstack@g-api.service[119534]: DEBUG glance.image_cache.drivers.centralized_db [None req-c645870a-0753-4a6d-8811-0844f79e2294 tempest-ImageDependencyTests-954271781 tempest-ImageDependencyTests-954271781-project-member] Deleting image cache file '/opt/stack/data/glance/cache/4617f380-a35f-4086-9e2a-87fe11a86b48' {{(pid=119534) delete_cached_file /opt/stack/glance/glance/image_cache/drivers/centralized_db.py:387}}
Dec 31 13:00:54 ubuntu devstack@g-api.service[119534]: [pid: 119534|app: 0|req: 33/64] 127.0.0.1 () {38 vars in 773 bytes} [Tue Dec 31 13:00:54 2024] DELETE /v2/images/4617f380-a35f-4086-9e2a-87fe11a86b48 => generated 0 bytes in 155 msecs (HTTP/1.1 204) 4 headers in 171 bytes (1 switches on core 0)
Dec 31 13:00:54 ubuntu devstack@g-api.service[119533]: DEBUG glance.api.middleware.version_negotiation [None req-0463d08e-46e5-4f77-8482-eb882a3324ba tempest-ImageDependencyTests-954271781 tempest-ImageDependencyTests-954271781-project-member] Determining version of request: GET /v2/images/4617f380-a35f-4086-9e2a-87fe11a86b48 Accept: application/json {{(pid=119533) process_request /opt/stack/glance/glance/api/middleware/version_negotiation.py:44}}
Dec 31 13:00:54 ubuntu devstack@g-api.service[119533]: DEBUG glance.api.middleware.version_negotiation [None req-0463d08e-46e5-4f77-8482-eb882a3324ba tempest-ImageDependencyTests-954271781 tempest-ImageDependencyTests-954271781-project-member] Using url versioning {{(pid=119533) process_request /opt/stack/glance/glance/api/middleware/version_negotiation.py:57}}
Dec 31 13:00:54 ubuntu devstack@g-api.service[119533]: DEBUG glance.api.middleware.version_negotiation [None req-0463d08e-46e5-4f77-8482-eb882a3324ba tempest-ImageDependencyTests-954271781 tempest-ImageDependencyTests-954271781-project-member] Matched version: v2 {{(pid=119533) process_request /opt/stack/glance/glance/api/middleware/version_negotiation.py:69}}
Dec 31 13:00:54 ubuntu devstack@g-api.service[119533]: DEBUG glance.api.middleware.version_negotiation [None req-0463d08e-46e5-4f77-8482-eb882a3324ba tempest-ImageDependencyTests-954271781 tempest-ImageDependencyTests-954271781-project-member] new path /v2/images/4617f380-a35f-4086-9e2a-87fe11a86b48 {{(pid=119533) process_request /opt/stack/glance/glance/api/middleware/version_negotiation.py:70}}
Dec 31 13:00:54 ubuntu devstack@g-api.service[119533]: DEBUG glance.db.sqlalchemy.api [None req-a9d2ee2d-da10-4734-b19c-29b18d653fda tempest-ImageDependencyTests-954271781 tempest-ImageDependencyTests-954271781-project-member] No image found with ID 4617f380-a35f-4086-9e2a-87fe11a86b48 {{(pid=119533) _image_get /opt/stack/glance/glance/db/sqlalchemy/api.py:309}}
Dec 31 13:00:54 ubuntu devstack@g-api.service[119533]: [pid: 119533|app: 0|req: 32/65] 127.0.0.1 () {38 vars in 770 bytes} [Tue Dec 31 13:00:54 2024] GET /v2/images/4617f380-a35f-4086-9e2a-87fe11a86b48 => generated 139 bytes in 13 msecs (HTTP/1.1 404) 4 headers in 164 bytes (1 switches on core 0)
Dec 31 13:01:04 ubuntu devstack@g-api.service[119534]: DEBUG dbcounter [-] [119534] Writing DB stats glance:SELECT=52,glance:UPDATE=9,glance:INSERT=1,glance:DELETE=1 {{(pid=119534) stat_writer /opt/stack/data/venv/lib/python3.10/site-packages/dbcounter.py:115}}
Dec 31 13:01:04 ubuntu devstack@g-api.service[119533]: DEBUG dbcounter [-] [119533] Writing DB stats glance:SELECT=32,glance:INSERT=2,glance:UPDATE=1 {{(pid=119533) stat_writer /opt/stack/data/venv/lib/python3.10/site-packages/dbcounter.py:115}}
