Nov 25 13:32:29 ubuntu devstack@g-api.service[118454]: DEBUG glance.api.middleware.version_negotiation [None req-90a2e490-07c8-4a82-b6bf-4e50ddee535e tempest-ImageDependencyTests-527364817 tempest-ImageDependencyTests-527364817-project-member] Determining version of request: GET /v2/images/78117a8e-4268-4d6e-acc3-7c7d9c0ad93d Accept: */* {{(pid=118454) process_request /opt/stack/glance/glance/api/middleware/version_negotiation.py:44}}
Nov 25 13:32:29 ubuntu devstack@g-api.service[118454]: DEBUG glance.api.middleware.version_negotiation [None req-90a2e490-07c8-4a82-b6bf-4e50ddee535e tempest-ImageDependencyTests-527364817 tempest-ImageDependencyTests-527364817-project-member] Using url versioning {{(pid=118454) process_request /opt/stack/glance/glance/api/middleware/version_negotiation.py:57}}
Nov 25 13:32:29 ubuntu devstack@g-api.service[118454]: DEBUG glance.api.middleware.version_negotiation [None req-90a2e490-07c8-4a82-b6bf-4e50ddee535e tempest-ImageDependencyTests-527364817 tempest-ImageDependencyTests-527364817-project-member] Matched version: v2 {{(pid=118454) process_request /opt/stack/glance/glance/api/middleware/version_negotiation.py:69}}
Nov 25 13:32:29 ubuntu devstack@g-api.service[118454]: DEBUG glance.api.middleware.version_negotiation [None req-90a2e490-07c8-4a82-b6bf-4e50ddee535e tempest-ImageDependencyTests-527364817 tempest-ImageDependencyTests-527364817-project-member] new path /v2/images/78117a8e-4268-4d6e-acc3-7c7d9c0ad93d {{(pid=118454) process_request /opt/stack/glance/glance/api/middleware/version_negotiation.py:70}}
Nov 25 13:32:29 ubuntu devstack@g-api.service[118455]: [pid: 118455|app: 0|req: 25/48] 127.0.0.1 () {42 vars in 1055 bytes} [Mon Nov 25 13:32:29 2024] GET /v2/images/78117a8e-4268-4d6e-acc3-7c7d9c0ad93d/file => generated 1024 bytes in 34 msecs (HTTP/1.1 200) 5 headers in 213 bytes (1 switches on core 0)
Nov 25 13:32:29 ubuntu devstack@g-api.service[118454]: [pid: 118454|app: 0|req: 24/49] 127.0.0.1 () {42 vars in 1045 bytes} [Mon Nov 25 13:32:29 2024] GET /v2/images/78117a8e-4268-4d6e-acc3-7c7d9c0ad93d => generated 808 bytes in 16 msecs (HTTP/1.1 200) 4 headers in 157 bytes (1 switches on core 0)
Nov 25 13:32:29 ubuntu devstack@g-api.service[118455]: DEBUG glance.api.middleware.version_negotiation [None req-90a2e490-07c8-4a82-b6bf-4e50ddee535e tempest-ImageDependencyTests-527364817 tempest-ImageDependencyTests-527364817-project-member] Determining version of request: GET /v2/schemas/image Accept: */* {{(pid=118455) process_request /opt/stack/glance/glance/api/middleware/version_negotiation.py:44}}
Nov 25 13:32:29 ubuntu devstack@g-api.service[118455]: DEBUG glance.api.middleware.version_negotiation [None req-90a2e490-07c8-4a82-b6bf-4e50ddee535e tempest-ImageDependencyTests-527364817 tempest-ImageDependencyTests-527364817-project-member] Using url versioning {{(pid=118455) process_request /opt/stack/glance/glance/api/middleware/version_negotiation.py:57}}
Nov 25 13:32:29 ubuntu devstack@g-api.service[118455]: DEBUG glance.api.middleware.version_negotiation [None req-90a2e490-07c8-4a82-b6bf-4e50ddee535e tempest-ImageDependencyTests-527364817 tempest-ImageDependencyTests-527364817-project-member] Matched version: v2 {{(pid=118455) process_request /opt/stack/glance/glance/api/middleware/version_negotiation.py:69}}
Nov 25 13:32:29 ubuntu devstack@g-api.service[118455]: DEBUG glance.api.middleware.version_negotiation [None req-90a2e490-07c8-4a82-b6bf-4e50ddee535e tempest-ImageDependencyTests-527364817 tempest-ImageDependencyTests-527364817-project-member] new path /v2/schemas/image {{(pid=118455) process_request /opt/stack/glance/glance/api/middleware/version_negotiation.py:70}}
Nov 25 13:32:29 ubuntu devstack@g-api.service[118455]: [pid: 118455|app: 0|req: 26/50] 127.0.0.1 () {42 vars in 985 bytes} [Mon Nov 25 13:32:29 2024] GET /v2/schemas/image => generated 6083 bytes in 4 msecs (HTTP/1.1 200) 4 headers in 158 bytes (1 switches on core 0)
Nov 25 13:32:30 ubuntu devstack@g-api.service[118454]: DEBUG glance.api.middleware.version_negotiation [None req-90a2e490-07c8-4a82-b6bf-4e50ddee535e tempest-ImageDependencyTests-527364817 tempest-ImageDependencyTests-527364817-project-member] Determining version of request: GET /v2/images/78117a8e-4268-4d6e-acc3-7c7d9c0ad93d Accept: */* {{(pid=118454) process_request /opt/stack/glance/glance/api/middleware/version_negotiation.py:44}}
Nov 25 13:32:30 ubuntu devstack@g-api.service[118454]: DEBUG glance.api.middleware.version_negotiation [None req-90a2e490-07c8-4a82-b6bf-4e50ddee535e tempest-ImageDependencyTests-527364817 tempest-ImageDependencyTests-527364817-project-member] Using url versioning {{(pid=118454) process_request /opt/stack/glance/glance/api/middleware/version_negotiation.py:57}}
Nov 25 13:32:30 ubuntu devstack@g-api.service[118454]: DEBUG glance.api.middleware.version_negotiation [None req-90a2e490-07c8-4a82-b6bf-4e50ddee535e tempest-ImageDependencyTests-527364817 tempest-ImageDependencyTests-527364817-project-member] Matched version: v2 {{(pid=118454) process_request /opt/stack/glance/glance/api/middleware/version_negotiation.py:69}}
Nov 25 13:32:30 ubuntu devstack@g-api.service[118454]: DEBUG glance.api.middleware.version_negotiation [None req-90a2e490-07c8-4a82-b6bf-4e50ddee535e tempest-ImageDependencyTests-527364817 tempest-ImageDependencyTests-527364817-project-member] new path /v2/images/78117a8e-4268-4d6e-acc3-7c7d9c0ad93d {{(pid=118454) process_request /opt/stack/glance/glance/api/middleware/version_negotiation.py:70}}
Nov 25 13:32:30 ubuntu devstack@g-api.service[118454]: [pid: 118454|app: 0|req: 25/51] 127.0.0.1 () {42 vars in 1045 bytes} [Mon Nov 25 13:32:30 2024] GET /v2/images/78117a8e-4268-4d6e-acc3-7c7d9c0ad93d => generated 808 bytes in 17 msecs (HTTP/1.1 200) 4 headers in 157 bytes (1 switches on core 0)
Nov 25 13:32:30 ubuntu devstack@g-api.service[118455]: DEBUG glance.api.middleware.version_negotiation [None req-90a2e490-07c8-4a82-b6bf-4e50ddee535e tempest-ImageDependencyTests-527364817 tempest-ImageDependencyTests-527364817-project-member] Determining version of request: GET /v2/schemas/image Accept: */* {{(pid=118455) process_request /opt/stack/glance/glance/api/middleware/version_negotiation.py:44}}
Nov 25 13:32:30 ubuntu devstack@g-api.service[118455]: DEBUG glance.api.middleware.version_negotiation [None req-90a2e490-07c8-4a82-b6bf-4e50ddee535e tempest-ImageDependencyTests-527364817 tempest-ImageDependencyTests-527364817-project-member] Using url versioning {{(pid=118455) process_request /opt/stack/glance/glance/api/middleware/version_negotiation.py:57}}
Nov 25 13:32:30 ubuntu devstack@g-api.service[118455]: DEBUG glance.api.middleware.version_negotiation [None req-90a2e490-07c8-4a82-b6bf-4e50ddee535e tempest-ImageDependencyTests-527364817 tempest-ImageDependencyTests-527364817-project-member] Matched version: v2 {{(pid=118455) process_request /opt/stack/glance/glance/api/middleware/version_negotiation.py:69}}
Nov 25 13:32:30 ubuntu devstack@g-api.service[118455]: DEBUG glance.api.middleware.version_negotiation [None req-90a2e490-07c8-4a82-b6bf-4e50ddee535e tempest-ImageDependencyTests-527364817 tempest-ImageDependencyTests-527364817-project-member] new path /v2/schemas/image {{(pid=118455) process_request /opt/stack/glance/glance/api/middleware/version_negotiation.py:70}}
Nov 25 13:32:30 ubuntu devstack@g-api.service[118455]: [pid: 118455|app: 0|req: 27/52] 127.0.0.1 () {42 vars in 985 bytes} [Mon Nov 25 13:32:30 2024] GET /v2/schemas/image => generated 6083 bytes in 9 msecs (HTTP/1.1 200) 4 headers in 158 bytes (1 switches on core 0)
Nov 25 13:32:30 ubuntu devstack@g-api.service[118454]: DEBUG glance.api.middleware.version_negotiation [None req-90a2e490-07c8-4a82-b6bf-4e50ddee535e tempest-ImageDependencyTests-527364817 tempest-ImageDependencyTests-527364817-project-member] Determining version of request: GET /v2/images/78117a8e-4268-4d6e-acc3-7c7d9c0ad93d Accept: */* {{(pid=118454) process_request /opt/stack/glance/glance/api/middleware/version_negotiation.py:44}}
Nov 25 13:32:30 ubuntu devstack@g-api.service[118454]: DEBUG glance.api.middleware.version_negotiation [None req-90a2e490-07c8-4a82-b6bf-4e50ddee535e tempest-ImageDependencyTests-527364817 tempest-ImageDependencyTests-527364817-project-member] Using url versioning {{(pid=118454) process_request /opt/stack/glance/glance/api/middleware/version_negotiation.py:57}}
Nov 25 13:32:30 ubuntu devstack@g-api.service[118454]: DEBUG glance.api.middleware.version_negotiation [None req-90a2e490-07c8-4a82-b6bf-4e50ddee535e tempest-ImageDependencyTests-527364817 tempest-ImageDependencyTests-527364817-project-member] Matched version: v2 {{(pid=118454) process_request /opt/stack/glance/glance/api/middleware/version_negotiation.py:69}}
Nov 25 13:32:30 ubuntu devstack@g-api.service[118454]: DEBUG glance.api.middleware.version_negotiation [None req-90a2e490-07c8-4a82-b6bf-4e50ddee535e tempest-ImageDependencyTests-527364817 tempest-ImageDependencyTests-527364817-project-member] new path /v2/images/78117a8e-4268-4d6e-acc3-7c7d9c0ad93d {{(pid=118454) process_request /opt/stack/glance/glance/api/middleware/version_negotiation.py:70}}
Nov 25 13:32:30 ubuntu devstack@g-api.service[118454]: [pid: 118454|app: 0|req: 26/53] 127.0.0.1 () {42 vars in 1045 bytes} [Mon Nov 25 13:32:30 2024] GET /v2/images/78117a8e-4268-4d6e-acc3-7c7d9c0ad93d => generated 808 bytes in 17 msecs (HTTP/1.1 200) 4 headers in 157 bytes (1 switches on core 0)
Nov 25 13:32:30 ubuntu devstack@g-api.service[118455]: DEBUG glance.api.middleware.version_negotiation [None req-90a2e490-07c8-4a82-b6bf-4e50ddee535e tempest-ImageDependencyTests-527364817 tempest-ImageDependencyTests-527364817-project-member] Determining version of request: GET /v2/schemas/image Accept: */* {{(pid=118455) process_request /opt/stack/glance/glance/api/middleware/version_negotiation.py:44}}
Nov 25 13:32:30 ubuntu devstack@g-api.service[118455]: DEBUG glance.api.middleware.version_negotiation [None req-90a2e490-07c8-4a82-b6bf-4e50ddee535e tempest-ImageDependencyTests-527364817 tempest-ImageDependencyTests-527364817-project-member] Using url versioning {{(pid=118455) process_request /opt/stack/glance/glance/api/middleware/version_negotiation.py:57}}
Nov 25 13:32:30 ubuntu devstack@g-api.service[118455]: DEBUG glance.api.middleware.version_negotiation [None req-90a2e490-07c8-4a82-b6bf-4e50ddee535e tempest-ImageDependencyTests-527364817 tempest-ImageDependencyTests-527364817-project-member] Matched version: v2 {{(pid=118455) process_request /opt/stack/glance/glance/api/middleware/version_negotiation.py:69}}
Nov 25 13:32:30 ubuntu devstack@g-api.service[118455]: DEBUG glance.api.middleware.version_negotiation [None req-90a2e490-07c8-4a82-b6bf-4e50ddee535e tempest-ImageDependencyTests-527364817 tempest-ImageDependencyTests-527364817-project-member] new path /v2/schemas/image {{(pid=118455) process_request /opt/stack/glance/glance/api/middleware/version_negotiation.py:70}}
Nov 25 13:32:30 ubuntu devstack@g-api.service[118455]: [pid: 118455|app: 0|req: 28/54] 127.0.0.1 () {42 vars in 985 bytes} [Mon Nov 25 13:32:30 2024] GET /v2/schemas/image => generated 6083 bytes in 7 msecs (HTTP/1.1 200) 4 headers in 158 bytes (1 switches on core 0)
Nov 25 13:32:30 ubuntu devstack@g-api.service[118454]: DEBUG glance.api.middleware.version_negotiation [None req-90a2e490-07c8-4a82-b6bf-4e50ddee535e tempest-ImageDependencyTests-527364817 tempest-ImageDependencyTests-527364817-project-member] Determining version of request: GET /v2/images/78117a8e-4268-4d6e-acc3-7c7d9c0ad93d Accept: */* {{(pid=118454) process_request /opt/stack/glance/glance/api/middleware/version_negotiation.py:44}}
Nov 25 13:32:30 ubuntu devstack@g-api.service[118454]: DEBUG glance.api.middleware.version_negotiation [None req-90a2e490-07c8-4a82-b6bf-4e50ddee535e tempest-ImageDependencyTests-527364817 tempest-ImageDependencyTests-527364817-project-member] Using url versioning {{(pid=118454) process_request /opt/stack/glance/glance/api/middleware/version_negotiation.py:57}}
Nov 25 13:32:30 ubuntu devstack@g-api.service[118454]: DEBUG glance.api.middleware.version_negotiation [None req-90a2e490-07c8-4a82-b6bf-4e50ddee535e tempest-ImageDependencyTests-527364817 tempest-ImageDependencyTests-527364817-project-member] Matched version: v2 {{(pid=118454) process_request /opt/stack/glance/glance/api/middleware/version_negotiation.py:69}}
Nov 25 13:32:30 ubuntu devstack@g-api.service[118454]: DEBUG glance.api.middleware.version_negotiation [None req-90a2e490-07c8-4a82-b6bf-4e50ddee535e tempest-ImageDependencyTests-527364817 tempest-ImageDependencyTests-527364817-project-member] new path /v2/images/78117a8e-4268-4d6e-acc3-7c7d9c0ad93d {{(pid=118454) process_request /opt/stack/glance/glance/api/middleware/version_negotiation.py:70}}
Nov 25 13:32:30 ubuntu devstack@g-api.service[118454]: [pid: 118454|app: 0|req: 27/55] 127.0.0.1 () {42 vars in 1045 bytes} [Mon Nov 25 13:32:30 2024] GET /v2/images/78117a8e-4268-4d6e-acc3-7c7d9c0ad93d => generated 808 bytes in 16 msecs (HTTP/1.1 200) 4 headers in 157 bytes (1 switches on core 0)
Nov 25 13:32:30 ubuntu devstack@g-api.service[118455]: DEBUG glance.api.middleware.version_negotiation [None req-90a2e490-07c8-4a82-b6bf-4e50ddee535e tempest-ImageDependencyTests-527364817 tempest-ImageDependencyTests-527364817-project-member] Determining version of request: GET /v2/schemas/image Accept: */* {{(pid=118455) process_request /opt/stack/glance/glance/api/middleware/version_negotiation.py:44}}
Nov 25 13:32:30 ubuntu devstack@g-api.service[118455]: DEBUG glance.api.middleware.version_negotiation [None req-90a2e490-07c8-4a82-b6bf-4e50ddee535e tempest-ImageDependencyTests-527364817 tempest-ImageDependencyTests-527364817-project-member] Using url versioning {{(pid=118455) process_request /opt/stack/glance/glance/api/middleware/version_negotiation.py:57}}
Nov 25 13:32:30 ubuntu devstack@g-api.service[118455]: DEBUG glance.api.middleware.version_negotiation [None req-90a2e490-07c8-4a82-b6bf-4e50ddee535e tempest-ImageDependencyTests-527364817 tempest-ImageDependencyTests-527364817-project-member] Matched version: v2 {{(pid=118455) process_request /opt/stack/glance/glance/api/middleware/version_negotiation.py:69}}
Nov 25 13:32:30 ubuntu devstack@g-api.service[118455]: DEBUG glance.api.middleware.version_negotiation [None req-90a2e490-07c8-4a82-b6bf-4e50ddee535e tempest-ImageDependencyTests-527364817 tempest-ImageDependencyTests-527364817-project-member] new path /v2/schemas/image {{(pid=118455) process_request /opt/stack/glance/glance/api/middleware/version_negotiation.py:70}}
Nov 25 13:32:30 ubuntu devstack@g-api.service[118455]: [pid: 118455|app: 0|req: 29/56] 127.0.0.1 () {42 vars in 985 bytes} [Mon Nov 25 13:32:30 2024] GET /v2/schemas/image => generated 6083 bytes in 5 msecs (HTTP/1.1 200) 4 headers in 158 bytes (1 switches on core 0)
Nov 25 13:32:30 ubuntu devstack@g-api.service[118454]: DEBUG glance.api.middleware.version_negotiation [None req-90a2e490-07c8-4a82-b6bf-4e50ddee535e tempest-ImageDependencyTests-527364817 tempest-ImageDependencyTests-527364817-project-member] Determining version of request: GET /v2/schemas/image Accept: */* {{(pid=118454) process_request /opt/stack/glance/glance/api/middleware/version_negotiation.py:44}}
Nov 25 13:32:30 ubuntu devstack@g-api.service[118454]: DEBUG glance.api.middleware.version_negotiation [None req-90a2e490-07c8-4a82-b6bf-4e50ddee535e tempest-ImageDependencyTests-527364817 tempest-ImageDependencyTests-527364817-project-member] Using url versioning {{(pid=118454) process_request /opt/stack/glance/glance/api/middleware/version_negotiation.py:57}}
Nov 25 13:32:30 ubuntu devstack@g-api.service[118454]: DEBUG glance.api.middleware.version_negotiation [None req-90a2e490-07c8-4a82-b6bf-4e50ddee535e tempest-ImageDependencyTests-527364817 tempest-ImageDependencyTests-527364817-project-member] Matched version: v2 {{(pid=118454) process_request /opt/stack/glance/glance/api/middleware/version_negotiation.py:69}}
Nov 25 13:32:30 ubuntu devstack@g-api.service[118454]: DEBUG glance.api.middleware.version_negotiation [None req-90a2e490-07c8-4a82-b6bf-4e50ddee535e tempest-ImageDependencyTests-527364817 tempest-ImageDependencyTests-527364817-project-member] new path /v2/schemas/image {{(pid=118454) process_request /opt/stack/glance/glance/api/middleware/version_negotiation.py:70}}
Nov 25 13:32:30 ubuntu devstack@g-api.service[118454]: [pid: 118454|app: 0|req: 28/57] 127.0.0.1 () {42 vars in 985 bytes} [Mon Nov 25 13:32:30 2024] GET /v2/schemas/image => generated 6083 bytes in 7 msecs (HTTP/1.1 200) 4 headers in 158 bytes (1 switches on core 0)
Nov 25 13:32:30 ubuntu devstack@g-api.service[118455]: DEBUG glance.api.middleware.version_negotiation [None req-90a2e490-07c8-4a82-b6bf-4e50ddee535e tempest-ImageDependencyTests-527364817 tempest-ImageDependencyTests-527364817-project-member] Determining version of request: GET /v2/images/78117a8e-4268-4d6e-acc3-7c7d9c0ad93d Accept: */* {{(pid=118455) process_request /opt/stack/glance/glance/api/middleware/version_negotiation.py:44}}
Nov 25 13:32:30 ubuntu devstack@g-api.service[118455]: DEBUG glance.api.middleware.version_negotiation [None req-90a2e490-07c8-4a82-b6bf-4e50ddee535e tempest-ImageDependencyTests-527364817 tempest-ImageDependencyTests-527364817-project-member] Using url versioning {{(pid=118455) process_request /opt/stack/glance/glance/api/middleware/version_negotiation.py:57}}
Nov 25 13:32:30 ubuntu devstack@g-api.service[118455]: DEBUG glance.api.middleware.version_negotiation [None req-90a2e490-07c8-4a82-b6bf-4e50ddee535e tempest-ImageDependencyTests-527364817 tempest-ImageDependencyTests-527364817-project-member] Matched version: v2 {{(pid=118455) process_request /opt/stack/glance/glance/api/middleware/version_negotiation.py:69}}
Nov 25 13:32:30 ubuntu devstack@g-api.service[118455]: DEBUG glance.api.middleware.version_negotiation [None req-90a2e490-07c8-4a82-b6bf-4e50ddee535e tempest-ImageDependencyTests-527364817 tempest-ImageDependencyTests-527364817-project-member] new path /v2/images/78117a8e-4268-4d6e-acc3-7c7d9c0ad93d {{(pid=118455) process_request /opt/stack/glance/glance/api/middleware/version_negotiation.py:70}}
Nov 25 13:32:30 ubuntu devstack@g-api.service[118455]: [pid: 118455|app: 0|req: 30/58] 127.0.0.1 () {42 vars in 1045 bytes} [Mon Nov 25 13:32:30 2024] GET /v2/images/78117a8e-4268-4d6e-acc3-7c7d9c0ad93d => generated 808 bytes in 13 msecs (HTTP/1.1 200) 4 headers in 157 bytes (1 switches on core 0)
Nov 25 13:32:30 ubuntu devstack@g-api.service[118454]: DEBUG glance.api.middleware.version_negotiation [None req-90a2e490-07c8-4a82-b6bf-4e50ddee535e tempest-ImageDependencyTests-527364817 tempest-ImageDependencyTests-527364817-project-member] Determining version of request: GET /v2/images/78117a8e-4268-4d6e-acc3-7c7d9c0ad93d/file Accept: */* {{(pid=118454) process_request /opt/stack/glance/glance/api/middleware/version_negotiation.py:44}}
Nov 25 13:32:30 ubuntu devstack@g-api.service[118454]: DEBUG glance.api.middleware.version_negotiation [None req-90a2e490-07c8-4a82-b6bf-4e50ddee535e tempest-ImageDependencyTests-527364817 tempest-ImageDependencyTests-527364817-project-member] Using url versioning {{(pid=118454) process_request /opt/stack/glance/glance/api/middleware/version_negotiation.py:57}}
Nov 25 13:32:30 ubuntu devstack@g-api.service[118454]: DEBUG glance.api.middleware.version_negotiation [None req-90a2e490-07c8-4a82-b6bf-4e50ddee535e tempest-ImageDependencyTests-527364817 tempest-ImageDependencyTests-527364817-project-member] Matched version: v2 {{(pid=118454) process_request /opt/stack/glance/glance/api/middleware/version_negotiation.py:69}}
Nov 25 13:32:30 ubuntu devstack@g-api.service[118454]: DEBUG glance.api.middleware.version_negotiation [None req-90a2e490-07c8-4a82-b6bf-4e50ddee535e tempest-ImageDependencyTests-527364817 tempest-ImageDependencyTests-527364817-project-member] new path /v2/images/78117a8e-4268-4d6e-acc3-7c7d9c0ad93d/file {{(pid=118454) process_request /opt/stack/glance/glance/api/middleware/version_negotiation.py:70}}
Nov 25 13:32:30 ubuntu devstack@g-api.service[118454]: DEBUG glance.api.middleware.cache [None req-90a2e490-07c8-4a82-b6bf-4e50ddee535e tempest-ImageDependencyTests-527364817 tempest-ImageDependencyTests-527364817-project-member] Cache hit for image '78117a8e-4268-4d6e-acc3-7c7d9c0ad93d' {{(pid=118454) process_request /opt/stack/glance/glance/api/middleware/cache.py:160}}
Nov 25 13:32:30 ubuntu devstack@g-api.service[118454]: [pid: 118454|app: 0|req: 29/59] 127.0.0.1 () {42 vars in 1055 bytes} [Mon Nov 25 13:32:30 2024] GET /v2/images/78117a8e-4268-4d6e-acc3-7c7d9c0ad93d/file => generated 1024 bytes in 19 msecs (HTTP/1.1 200) 5 headers in 213 bytes (1 switches on core 0)
Nov 25 13:32:30 ubuntu devstack@g-api.service[118455]: DEBUG glance.api.middleware.version_negotiation [None req-90a2e490-07c8-4a82-b6bf-4e50ddee535e tempest-ImageDependencyTests-527364817 tempest-ImageDependencyTests-527364817-project-member] Determining version of request: GET /v2/images/78117a8e-4268-4d6e-acc3-7c7d9c0ad93d Accept: */* {{(pid=118455) process_request /opt/stack/glance/glance/api/middleware/version_negotiation.py:44}}
Nov 25 13:32:30 ubuntu devstack@g-api.service[118455]: DEBUG glance.api.middleware.version_negotiation [None req-90a2e490-07c8-4a82-b6bf-4e50ddee535e tempest-ImageDependencyTests-527364817 tempest-ImageDependencyTests-527364817-project-member] Using url versioning {{(pid=118455) process_request /opt/stack/glance/glance/api/middleware/version_negotiation.py:57}}
Nov 25 13:32:30 ubuntu devstack@g-api.service[118455]: DEBUG glance.api.middleware.version_negotiation [None req-90a2e490-07c8-4a82-b6bf-4e50ddee535e tempest-ImageDependencyTests-527364817 tempest-ImageDependencyTests-527364817-project-member] Matched version: v2 {{(pid=118455) process_request /opt/stack/glance/glance/api/middleware/version_negotiation.py:69}}
Nov 25 13:32:30 ubuntu devstack@g-api.service[118455]: DEBUG glance.api.middleware.version_negotiation [None req-90a2e490-07c8-4a82-b6bf-4e50ddee535e tempest-ImageDependencyTests-527364817 tempest-ImageDependencyTests-527364817-project-member] new path /v2/images/78117a8e-4268-4d6e-acc3-7c7d9c0ad93d {{(pid=118455) process_request /opt/stack/glance/glance/api/middleware/version_negotiation.py:70}}
Nov 25 13:32:30 ubuntu devstack@g-api.service[118455]: [pid: 118455|app: 0|req: 31/60] 127.0.0.1 () {42 vars in 1045 bytes} [Mon Nov 25 13:32:30 2024] GET /v2/images/78117a8e-4268-4d6e-acc3-7c7d9c0ad93d => generated 808 bytes in 10 msecs (HTTP/1.1 200) 4 headers in 157 bytes (1 switches on core 0)
Nov 25 13:32:30 ubuntu devstack@g-api.service[118454]: DEBUG glance.api.middleware.version_negotiation [None req-90a2e490-07c8-4a82-b6bf-4e50ddee535e tempest-ImageDependencyTests-527364817 tempest-ImageDependencyTests-527364817-project-member] Determining version of request: GET /v2/schemas/image Accept: */* {{(pid=118454) process_request /opt/stack/glance/glance/api/middleware/version_negotiation.py:44}}
Nov 25 13:32:30 ubuntu devstack@g-api.service[118454]: DEBUG glance.api.middleware.version_negotiation [None req-90a2e490-07c8-4a82-b6bf-4e50ddee535e tempest-ImageDependencyTests-527364817 tempest-ImageDependencyTests-527364817-project-member] Using url versioning {{(pid=118454) process_request /opt/stack/glance/glance/api/middleware/version_negotiation.py:57}}
Nov 25 13:32:30 ubuntu devstack@g-api.service[118454]: DEBUG glance.api.middleware.version_negotiation [None req-90a2e490-07c8-4a82-b6bf-4e50ddee535e tempest-ImageDependencyTests-527364817 tempest-ImageDependencyTests-527364817-project-member] Matched version: v2 {{(pid=118454) process_request /opt/stack/glance/glance/api/middleware/version_negotiation.py:69}}
Nov 25 13:32:30 ubuntu devstack@g-api.service[118454]: DEBUG glance.api.middleware.version_negotiation [None req-90a2e490-07c8-4a82-b6bf-4e50ddee535e tempest-ImageDependencyTests-527364817 tempest-ImageDependencyTests-527364817-project-member] new path /v2/schemas/image {{(pid=118454) process_request /opt/stack/glance/glance/api/middleware/version_negotiation.py:70}}
Nov 25 13:32:30 ubuntu devstack@g-api.service[118454]: [pid: 118454|app: 0|req: 30/61] 127.0.0.1 () {42 vars in 985 bytes} [Mon Nov 25 13:32:30 2024] GET /v2/schemas/image => generated 6083 bytes in 4 msecs (HTTP/1.1 200) 4 headers in 158 bytes (1 switches on core 0)
Nov 25 13:32:31 ubuntu devstack@g-api.service[118455]: DEBUG glance.api.middleware.version_negotiation [None req-90a2e490-07c8-4a82-b6bf-4e50ddee535e tempest-ImageDependencyTests-527364817 tempest-ImageDependencyTests-527364817-project-member] Determining version of request: GET /v2/images/78117a8e-4268-4d6e-acc3-7c7d9c0ad93d Accept: */* {{(pid=118455) process_request /opt/stack/glance/glance/api/middleware/version_negotiation.py:44}}
Nov 25 13:32:31 ubuntu devstack@g-api.service[118455]: DEBUG glance.api.middleware.version_negotiation [None req-90a2e490-07c8-4a82-b6bf-4e50ddee535e tempest-ImageDependencyTests-527364817 tempest-ImageDependencyTests-527364817-project-member] Using url versioning {{(pid=118455) process_request /opt/stack/glance/glance/api/middleware/version_negotiation.py:57}}
Nov 25 13:32:31 ubuntu devstack@g-api.service[118455]: DEBUG glance.api.middleware.version_negotiation [None req-90a2e490-07c8-4a82-b6bf-4e50ddee535e tempest-ImageDependencyTests-527364817 tempest-ImageDependencyTests-527364817-project-member] Matched version: v2 {{(pid=118455) process_request /opt/stack/glance/glance/api/middleware/version_negotiation.py:69}}
Nov 25 13:32:31 ubuntu devstack@g-api.service[118455]: DEBUG glance.api.middleware.version_negotiation [None req-90a2e490-07c8-4a82-b6bf-4e50ddee535e tempest-ImageDependencyTests-527364817 tempest-ImageDependencyTests-527364817-project-member] new path /v2/images/78117a8e-4268-4d6e-acc3-7c7d9c0ad93d {{(pid=118455) process_request /opt/stack/glance/glance/api/middleware/version_negotiation.py:70}}
Nov 25 13:32:31 ubuntu devstack@g-api.service[118455]: [pid: 118455|app: 0|req: 32/62] 127.0.0.1 () {42 vars in 1045 bytes} [Mon Nov 25 13:32:31 2024] GET /v2/images/78117a8e-4268-4d6e-acc3-7c7d9c0ad93d => generated 808 bytes in 18 msecs (HTTP/1.1 200) 4 headers in 157 bytes (1 switches on core 0)
Nov 25 13:32:31 ubuntu devstack@g-api.service[118454]: DEBUG glance.api.middleware.version_negotiation [None req-90a2e490-07c8-4a82-b6bf-4e50ddee535e tempest-ImageDependencyTests-527364817 tempest-ImageDependencyTests-527364817-project-member] Determining version of request: GET /v2/schemas/image Accept: */* {{(pid=118454) process_request /opt/stack/glance/glance/api/middleware/version_negotiation.py:44}}
Nov 25 13:32:31 ubuntu devstack@g-api.service[118454]: DEBUG glance.api.middleware.version_negotiation [None req-90a2e490-07c8-4a82-b6bf-4e50ddee535e tempest-ImageDependencyTests-527364817 tempest-ImageDependencyTests-527364817-project-member] Using url versioning {{(pid=118454) process_request /opt/stack/glance/glance/api/middleware/version_negotiation.py:57}}
Nov 25 13:32:31 ubuntu devstack@g-api.service[118454]: DEBUG glance.api.middleware.version_negotiation [None req-90a2e490-07c8-4a82-b6bf-4e50ddee535e tempest-ImageDependencyTests-527364817 tempest-ImageDependencyTests-527364817-project-member] Matched version: v2 {{(pid=118454) process_request /opt/stack/glance/glance/api/middleware/version_negotiation.py:69}}
Nov 25 13:32:31 ubuntu devstack@g-api.service[118454]: DEBUG glance.api.middleware.version_negotiation [None req-90a2e490-07c8-4a82-b6bf-4e50ddee535e tempest-ImageDependencyTests-527364817 tempest-ImageDependencyTests-527364817-project-member] new path /v2/schemas/image {{(pid=118454) process_request /opt/stack/glance/glance/api/middleware/version_negotiation.py:70}}
Nov 25 13:32:31 ubuntu devstack@g-api.service[118454]: [pid: 118454|app: 0|req: 31/63] 127.0.0.1 () {42 vars in 985 bytes} [Mon Nov 25 13:32:31 2024] GET /v2/schemas/image => generated 6083 bytes in 10 msecs (HTTP/1.1 200) 4 headers in 158 bytes (1 switches on core 0)
Nov 25 13:32:31 ubuntu devstack@g-api.service[118455]: DEBUG glance.api.middleware.version_negotiation [None req-90a2e490-07c8-4a82-b6bf-4e50ddee535e tempest-ImageDependencyTests-527364817 tempest-ImageDependencyTests-527364817-project-member] Determining version of request: DELETE /v2/images/78117a8e-4268-4d6e-acc3-7c7d9c0ad93d Accept: application/json {{(pid=118455) process_request /opt/stack/glance/glance/api/middleware/version_negotiation.py:44}}
Nov 25 13:32:31 ubuntu devstack@g-api.service[118455]: DEBUG glance.api.middleware.version_negotiation [None req-90a2e490-07c8-4a82-b6bf-4e50ddee535e tempest-ImageDependencyTests-527364817 tempest-ImageDependencyTests-527364817-project-member] Using url versioning {{(pid=118455) process_request /opt/stack/glance/glance/api/middleware/version_negotiation.py:57}}
Nov 25 13:32:31 ubuntu devstack@g-api.service[118455]: DEBUG glance.api.middleware.version_negotiation [None req-90a2e490-07c8-4a82-b6bf-4e50ddee535e tempest-ImageDependencyTests-527364817 tempest-ImageDependencyTests-527364817-project-member] Matched version: v2 {{(pid=118455) process_request /opt/stack/glance/glance/api/middleware/version_negotiation.py:69}}
Nov 25 13:32:31 ubuntu devstack@g-api.service[118455]: DEBUG glance.api.middleware.version_negotiation [None req-90a2e490-07c8-4a82-b6bf-4e50ddee535e tempest-ImageDependencyTests-527364817 tempest-ImageDependencyTests-527364817-project-member] new path /v2/images/78117a8e-4268-4d6e-acc3-7c7d9c0ad93d {{(pid=118455) process_request /opt/stack/glance/glance/api/middleware/version_negotiation.py:70}}
Nov 25 13:32:31 ubuntu devstack@g-api.service[118455]: WARNING glance.api.v2.images [None req-abb090cc-2af4-464b-921f-63c09d2d9b0b tempest-ImageDependencyTests-527364817 tempest-ImageDependencyTests-527364817-project-member] After upload to backend, deletion of staged image data has failed because it cannot be found at /tmp/staging//78117a8e-4268-4d6e-acc3-7c7d9c0ad93d
Nov 25 13:32:31 ubuntu devstack@g-api.service[118455]: DEBUG glance_store.backend [None req-abb090cc-2af4-464b-921f-63c09d2d9b0b tempest-ImageDependencyTests-527364817 tempest-ImageDependencyTests-527364817-project-member] Attempting to import store swift {{(pid=118455) _load_store /opt/stack/data/venv/lib/python3.10/site-packages/glance_store/backend.py:216}}
Nov 25 13:32:31 ubuntu devstack@g-api.service[118455]: DEBUG glance_store.capabilities [None req-abb090cc-2af4-464b-921f-63c09d2d9b0b tempest-ImageDependencyTests-527364817 tempest-ImageDependencyTests-527364817-project-member] Store glance_store._drivers.swift.store.SingleTenantStore doesn't support updating dynamic storage capabilities. Please overwrite 'update_capabilities' method of the store to implement updating logics if needed. {{(pid=118455) update_capabilities /opt/stack/data/venv/lib/python3.10/site-packages/glance_store/capabilities.py:91}}
Nov 25 13:32:31 ubuntu devstack@g-api.service[118455]: DEBUG glance_store.driver [None req-abb090cc-2af4-464b-921f-63c09d2d9b0b tempest-ImageDependencyTests-527364817 tempest-ImageDependencyTests-527364817-project-member] Late loading location class glance_store._drivers.swift.store.StoreLocation {{(pid=118455) get_store_location_class /opt/stack/data/venv/lib/python3.10/site-packages/glance_store/driver.py:133}}
Nov 25 13:32:31 ubuntu devstack@g-api.service[118455]: DEBUG glance_store.location [None req-abb090cc-2af4-464b-921f-63c09d2d9b0b tempest-ImageDependencyTests-527364817 tempest-ImageDependencyTests-527364817-project-member] Registering scheme swift+https with {'store': <glance_store._drivers.swift.store.SingleTenantStore object at 0x7fdaaa373e50>, 'location_class': <class 'glance_store._drivers.swift.store.StoreLocation'>, 'store_entry': 'swift'} {{(pid=118455) register_scheme_map /opt/stack/data/venv/lib/python3.10/site-packages/glance_store/location.py:146}}
Nov 25 13:32:31 ubuntu devstack@g-api.service[118455]: DEBUG glance_store.location [None req-abb090cc-2af4-464b-921f-63c09d2d9b0b tempest-ImageDependencyTests-527364817 tempest-ImageDependencyTests-527364817-project-member] Registering scheme swift+https with {'store': <glance_store._drivers.swift.store.SingleTenantStore object at 0x7fdaaa373e50>, 'location_class': <class 'glance_store._drivers.swift.store.StoreLocation'>, 'store_entry': 'swift'} {{(pid=118455) register_scheme_map /opt/stack/data/venv/lib/python3.10/site-packages/glance_store/location.py:146}}
Nov 25 13:32:31 ubuntu devstack@g-api.service[118455]: DEBUG glance_store.location [None req-abb090cc-2af4-464b-921f-63c09d2d9b0b tempest-ImageDependencyTests-527364817 tempest-ImageDependencyTests-527364817-project-member] Registering scheme swift with {'store': <glance_store._drivers.swift.store.SingleTenantStore object at 0x7fdaaa373e50>, 'location_class': <class 'glance_store._drivers.swift.store.StoreLocation'>, 'store_entry': 'swift'} {{(pid=118455) register_scheme_map /opt/stack/data/venv/lib/python3.10/site-packages/glance_store/location.py:146}}
Nov 25 13:32:31 ubuntu devstack@g-api.service[118455]: DEBUG glance_store.location [None req-abb090cc-2af4-464b-921f-63c09d2d9b0b tempest-ImageDependencyTests-527364817 tempest-ImageDependencyTests-527364817-project-member] Registering scheme swift+https with {'store': <glance_store._drivers.swift.store.SingleTenantStore object at 0x7fdaaa373e50>, 'location_class': <class 'glance_store._drivers.swift.store.StoreLocation'>, 'store_entry': 'swift'} {{(pid=118455) register_scheme_map /opt/stack/data/venv/lib/python3.10/site-packages/glance_store/location.py:146}}
Nov 25 13:32:31 ubuntu devstack@g-api.service[118455]: DEBUG glance_store.location [None req-abb090cc-2af4-464b-921f-63c09d2d9b0b tempest-ImageDependencyTests-527364817 tempest-ImageDependencyTests-527364817-project-member] Registering scheme swift with {'store': <glance_store._drivers.swift.store.SingleTenantStore object at 0x7fdaaa373e50>, 'location_class': <class 'glance_store._drivers.swift.store.StoreLocation'>, 'store_entry': 'swift'} {{(pid=118455) register_scheme_map /opt/stack/data/venv/lib/python3.10/site-packages/glance_store/location.py:146}}
Nov 25 13:32:31 ubuntu devstack@g-api.service[118455]: DEBUG glance_store.location [None req-abb090cc-2af4-464b-921f-63c09d2d9b0b tempest-ImageDependencyTests-527364817 tempest-ImageDependencyTests-527364817-project-member] Registering scheme swift+http with {'store': <glance_store._drivers.swift.store.SingleTenantStore object at 0x7fdaaa373e50>, 'location_class': <class 'glance_store._drivers.swift.store.StoreLocation'>, 'store_entry': 'swift'} {{(pid=118455) register_scheme_map /opt/stack/data/venv/lib/python3.10/site-packages/glance_store/location.py:146}}
Nov 25 13:32:31 ubuntu devstack@g-api.service[118455]: DEBUG glance_store.location [None req-abb090cc-2af4-464b-921f-63c09d2d9b0b tempest-ImageDependencyTests-527364817 tempest-ImageDependencyTests-527364817-project-member] Registering scheme swift+https with {'store': <glance_store._drivers.swift.store.SingleTenantStore object at 0x7fdaaa373e50>, 'location_class': <class 'glance_store._drivers.swift.store.StoreLocation'>, 'store_entry': 'swift'} {{(pid=118455) register_scheme_map /opt/stack/data/venv/lib/python3.10/site-packages/glance_store/location.py:146}}
Nov 25 13:32:31 ubuntu devstack@g-api.service[118455]: DEBUG glance_store.location [None req-abb090cc-2af4-464b-921f-63c09d2d9b0b tempest-ImageDependencyTests-527364817 tempest-ImageDependencyTests-527364817-project-member] Registering scheme swift with {'store': <glance_store._drivers.swift.store.SingleTenantStore object at 0x7fdaaa373e50>, 'location_class': <class 'glance_store._drivers.swift.store.StoreLocation'>, 'store_entry': 'swift'} {{(pid=118455) register_scheme_map /opt/stack/data/venv/lib/python3.10/site-packages/glance_store/location.py:146}}
Nov 25 13:32:31 ubuntu devstack@g-api.service[118455]: DEBUG glance_store.location [None req-abb090cc-2af4-464b-921f-63c09d2d9b0b tempest-ImageDependencyTests-527364817 tempest-ImageDependencyTests-527364817-project-member] Registering scheme swift+http with {'store': <glance_store._drivers.swift.store.SingleTenantStore object at 0x7fdaaa373e50>, 'location_class': <class 'glance_store._drivers.swift.store.StoreLocation'>, 'store_entry': 'swift'} {{(pid=118455) register_scheme_map /opt/stack/data/venv/lib/python3.10/site-packages/glance_store/location.py:146}}
Nov 25 13:32:31 ubuntu devstack@g-api.service[118455]: DEBUG glance_store.location [None req-abb090cc-2af4-464b-921f-63c09d2d9b0b tempest-ImageDependencyTests-527364817 tempest-ImageDependencyTests-527364817-project-member] Registering scheme swift+config with {'store': <glance_store._drivers.swift.store.SingleTenantStore object at 0x7fdaaa373e50>, 'location_class': <class 'glance_store._drivers.swift.store.StoreLocation'>, 'store_entry': 'swift'} {{(pid=118455) register_scheme_map /opt/stack/data/venv/lib/python3.10/site-packages/glance_store/location.py:146}}
Nov 25 13:32:31 ubuntu devstack@g-api.service[118455]: DEBUG keystoneclient.auth.identity.v3.base [None req-abb090cc-2af4-464b-921f-63c09d2d9b0b tempest-ImageDependencyTests-527364817 tempest-ImageDependencyTests-527364817-project-member] Making authentication request to http://10.201.5.82/identity/v3/auth/tokens {{(pid=118455) get_auth_ref /opt/stack/data/venv/lib/python3.10/site-packages/keystoneclient/auth/identity/v3/base.py:185}}
Nov 25 13:32:31 ubuntu devstack@g-api.service[118455]: DEBUG keystoneclient.auth.identity.v3.base [None req-abb090cc-2af4-464b-921f-63c09d2d9b0b tempest-ImageDependencyTests-527364817 tempest-ImageDependencyTests-527364817-project-member] {"token": {"methods": ["password"], "user": {"domain": {"id": "default", "name": "Default"}, "id": "1cc71090a24941bd847fbefadb165cbc", "name": "glance-swift", "password_expires_at": null}, "audit_ids": ["qMMnqtu-TSGOGSGcv73tEA"], "expires_at": "2024-11-25T14:32:31.000000Z", "issued_at": "2024-11-25T13:32:31.000000Z", "project": {"domain": {"id": "default", "name": "Default"}, "id": "77db9b4704ef44e79d40d891ff2cc453", "name": "service"}, "is_domain": false, "roles": [{"id": "d21adc96eb434a598a7d6829027820b0", "name": "ResellerAdmin"}, {"id": "714f50e4a0814494a02ed366cf2261f2", "name": "service"}], "catalog": [{"endpoints": [{"id": "33af4c1570bd40a0a69335f9207a32ec", "interface": "public", "region_id": "RegionOne", "url": "http://10.201.5.82:9696/networking", "region": "RegionOne"}], "id": "0446327b8e334a4d9ad24d3d81a330d0", "type": "network", "name": "neutron"}, {"endpoints": [{"id": "7567e85c784f446ab00a4899dd15aacb", "interface": "public", "region_id": "RegionOne", "url": "http://10.201.5.82/image", "region": "RegionOne"}], "id": "0c4ce5d3175847078fe44642ce6a40d8", "type": "image", "name": "glance"}, {"endpoints": [{"id": "3447b6e2d8ec47829dd6191e4f68affa", "interface": "public", "region_id": "RegionOne", "url": "http://10.201.5.82/placement", "region": "RegionOne"}], "id": "18dba7cd0857485f886c1860631ecc3e", "type": "placement", "name": "placement"}, {"endpoints": [{"id": "f0b8f7938b0343458d8ff2a4ca4bebca", "interface": "public", "region_id": "RegionOne", "url": "http://10.201.5.82/identity", "region": "RegionOne"}], "id": "241152f8798e461abcb25f66fca19e12", "type": "identity", "name": "keystone"}, {"endpoints": [{"id": "2d2e2e7aad8a4a3895668bbb5cb8cee6", "interface": "public", "region_id": "RegionOne", "url": "http://10.201.5.82/volume/v3", "region": "RegionOne"}], "id": "5485780c50994d878f45b32d0d658c59", "type": "block-storage", "name": "cinder"}, {"endpoints": [{"id": "5ad90f96cb8940ec8972c9b26a30648f", "interface": "public", "region_id": "RegionOne", "url": "http://10.201.5.82/compute/v2.1", "region": "RegionOne"}], "id": "7b15230c083d4af0a65ab6d755c9dbdb", "type": "compute", "name": "nova"}, {"endpoints": [{"id": "7dd8ae246c3746d9bd59025302314f90", "interface": "admin", "region_id": "RegionOne", "url": "http://10.201.5.82:8080", "region": "RegionOne"}, {"id": "f5dd36b9aecb431aa7cbe4db6a8d0841", "interface": "public", "region_id": "RegionOne", "url": "http://10.201.5.82:8080/v1/AUTH_77db9b4704ef44e79d40d891ff2cc453", "region": "RegionOne"}], "id": "97c41965582f40768d46cdc383c22c45", "type": "object-store", "name": "swift"}, {"endpoints": [{"id": "3fd9a0ed03814af8bb7e10010a0afa52", "interface": "public", "region_id": "RegionOne", "url": "http://10.201.5.82/compute/v2/77db9b4704ef44e79d40d891ff2cc453", "region": "RegionOne"}], "id": "b6f40f8ac8054177a59ec9dc45f30a7e", "type": "compute_legacy", "name": "nova_legacy"}]}} {{(pid=118455) get_auth_ref /opt/stack/data/venv/lib/python3.10/site-packages/keystoneclient/auth/identity/v3/base.py:190}}
Nov 25 13:32:31 ubuntu devstack@g-api.service[118455]: DEBUG keystoneclient.httpclient [None req-abb090cc-2af4-464b-921f-63c09d2d9b0b tempest-ImageDependencyTests-527364817 tempest-ImageDependencyTests-527364817-project-member] Failed to find endpoint for management url admin endpoint for identity service not found {{(pid=118455) _process_management_url /opt/stack/data/venv/lib/python3.10/site-packages/keystoneclient/httpclient.py:670}}
Nov 25 13:32:31 ubuntu devstack@g-api.service[118455]: DEBUG swiftclient [None req-abb090cc-2af4-464b-921f-63c09d2d9b0b tempest-ImageDependencyTests-527364817 tempest-ImageDependencyTests-527364817-project-member] REQ: curl -i http://10.201.5.82:8080/v1/AUTH_77db9b4704ef44e79d40d891ff2cc453/glance/78117a8e-4268-4d6e-acc3-7c7d9c0ad93d -I -H "X-Auth-Token: gAAAAABnRHxv7tiZ..." {{(pid=118455) http_log /opt/stack/data/venv/lib/python3.10/site-packages/swiftclient/client.py:160}}
Nov 25 13:32:31 ubuntu devstack@g-api.service[118455]: DEBUG swiftclient [None req-abb090cc-2af4-464b-921f-63c09d2d9b0b tempest-ImageDependencyTests-527364817 tempest-ImageDependencyTests-527364817-project-member] RESP STATUS: 200 OK {{(pid=118455) http_log /opt/stack/data/venv/lib/python3.10/site-packages/swiftclient/client.py:161}}
Nov 25 13:32:31 ubuntu devstack@g-api.service[118455]: DEBUG swiftclient [None req-abb090cc-2af4-464b-921f-63c09d2d9b0b tempest-ImageDependencyTests-527364817 tempest-ImageDependencyTests-527364817-project-member] RESP HEADERS: {'Content-Type': 'application/octet-stream', 'Content-Length': '1024', 'Etag': '610684a107085ab5535fdb8a43a21beb', 'Last-Modified': 'Mon, 25 Nov 2024 13:32:26 GMT', 'X-Timestamp': '1732541545.64473', 'Accept-Ranges': 'bytes', 'X-Trans-Id': 'tx7a7339c289f548afb453e-0067447c6f', 'X-Openstack-Request-Id': 'tx7a7339c289f548afb453e-0067447c6f', 'Date': 'Mon, 25 Nov 2024 13:32:31 GMT'} {{(pid=118455) http_log /opt/stack/data/venv/lib/python3.10/site-packages/swiftclient/client.py:162}}
Nov 25 13:32:31 ubuntu devstack@g-api.service[118455]: DEBUG swiftclient [None req-abb090cc-2af4-464b-921f-63c09d2d9b0b tempest-ImageDependencyTests-527364817 tempest-ImageDependencyTests-527364817-project-member] REQ: curl -i http://10.201.5.82:8080/v1/AUTH_77db9b4704ef44e79d40d891ff2cc453/glance/78117a8e-4268-4d6e-acc3-7c7d9c0ad93d DELETE -H "X-Auth-Token: gAAAAABnRHxv7tiZ..." {{(pid=118455) http_log /opt/stack/data/venv/lib/python3.10/site-packages/swiftclient/client.py:160}}
Nov 25 13:32:31 ubuntu devstack@g-api.service[118455]: DEBUG swiftclient [None req-abb090cc-2af4-464b-921f-63c09d2d9b0b tempest-ImageDependencyTests-527364817 tempest-ImageDependencyTests-527364817-project-member] RESP STATUS: 204 No Content {{(pid=118455) http_log /opt/stack/data/venv/lib/python3.10/site-packages/swiftclient/client.py:161}}
Nov 25 13:32:31 ubuntu devstack@g-api.service[118455]: DEBUG swiftclient [None req-abb090cc-2af4-464b-921f-63c09d2d9b0b tempest-ImageDependencyTests-527364817 tempest-ImageDependencyTests-527364817-project-member] RESP HEADERS: {'Content-Type': 'text/html; charset=UTF-8', 'Content-Length': '0', 'X-Trans-Id': 'txf810f9fce2bc46e0a73c7-0067447c6f', 'X-Openstack-Request-Id': 'txf810f9fce2bc46e0a73c7-0067447c6f', 'Date': 'Mon, 25 Nov 2024 13:32:31 GMT'} {{(pid=118455) http_log /opt/stack/data/venv/lib/python3.10/site-packages/swiftclient/client.py:162}}
Nov 25 13:32:31 ubuntu devstack@g-api.service[118455]: DEBUG glance.api.middleware.cache [None req-abb090cc-2af4-464b-921f-63c09d2d9b0b tempest-ImageDependencyTests-527364817 tempest-ImageDependencyTests-527364817-project-member] Removing image 78117a8e-4268-4d6e-acc3-7c7d9c0ad93d from cache {{(pid=118455) _process_DELETE_response /opt/stack/glance/glance/api/middleware/cache.py:264}}
Nov 25 13:32:31 ubuntu devstack@g-api.service[118455]: DEBUG glance.image_cache.drivers.centralized_db [None req-abb090cc-2af4-464b-921f-63c09d2d9b0b tempest-ImageDependencyTests-527364817 tempest-ImageDependencyTests-527364817-project-member] Deleting image cache file '/opt/stack/data/glance/cache/78117a8e-4268-4d6e-acc3-7c7d9c0ad93d' {{(pid=118455) delete_cached_file /opt/stack/glance/glance/image_cache/drivers/centralized_db.py:387}}
Nov 25 13:32:31 ubuntu devstack@g-api.service[118455]: [pid: 118455|app: 0|req: 33/64] 127.0.0.1 () {38 vars in 773 bytes} [Mon Nov 25 13:32:31 2024] DELETE /v2/images/78117a8e-4268-4d6e-acc3-7c7d9c0ad93d => generated 0 bytes in 201 msecs (HTTP/1.1 204) 4 headers in 171 bytes (1 switches on core 0)
Nov 25 13:32:31 ubuntu devstack@g-api.service[118454]: DEBUG glance.api.middleware.version_negotiation [None req-90a2e490-07c8-4a82-b6bf-4e50ddee535e tempest-ImageDependencyTests-527364817 tempest-ImageDependencyTests-527364817-project-member] Determining version of request: GET /v2/images/78117a8e-4268-4d6e-acc3-7c7d9c0ad93d Accept: application/json {{(pid=118454) process_request /opt/stack/glance/glance/api/middleware/version_negotiation.py:44}}
Nov 25 13:32:31 ubuntu devstack@g-api.service[118454]: DEBUG glance.api.middleware.version_negotiation [None req-90a2e490-07c8-4a82-b6bf-4e50ddee535e tempest-ImageDependencyTests-527364817 tempest-ImageDependencyTests-527364817-project-member] Using url versioning {{(pid=118454) process_request /opt/stack/glance/glance/api/middleware/version_negotiation.py:57}}
Nov 25 13:32:31 ubuntu devstack@g-api.service[118454]: DEBUG glance.api.middleware.version_negotiation [None req-90a2e490-07c8-4a82-b6bf-4e50ddee535e tempest-ImageDependencyTests-527364817 tempest-ImageDependencyTests-527364817-project-member] Matched version: v2 {{(pid=118454) process_request /opt/stack/glance/glance/api/middleware/version_negotiation.py:69}}
Nov 25 13:32:31 ubuntu devstack@g-api.service[118454]: DEBUG glance.api.middleware.version_negotiation [None req-90a2e490-07c8-4a82-b6bf-4e50ddee535e tempest-ImageDependencyTests-527364817 tempest-ImageDependencyTests-527364817-project-member] new path /v2/images/78117a8e-4268-4d6e-acc3-7c7d9c0ad93d {{(pid=118454) process_request /opt/stack/glance/glance/api/middleware/version_negotiation.py:70}}
Nov 25 13:32:31 ubuntu devstack@g-api.service[118454]: DEBUG glance.db.sqlalchemy.api [None req-8a9e59b1-d525-4e2d-b828-f4b92e466935 tempest-ImageDependencyTests-527364817 tempest-ImageDependencyTests-527364817-project-member] No image found with ID 78117a8e-4268-4d6e-acc3-7c7d9c0ad93d {{(pid=118454) _image_get /opt/stack/glance/glance/db/sqlalchemy/api.py:309}}
Nov 25 13:32:31 ubuntu devstack@g-api.service[118454]: [pid: 118454|app: 0|req: 32/65] 127.0.0.1 () {38 vars in 770 bytes} [Mon Nov 25 13:32:31 2024] GET /v2/images/78117a8e-4268-4d6e-acc3-7c7d9c0ad93d => generated 139 bytes in 10 msecs (HTTP/1.1 404) 4 headers in 164 bytes (1 switches on core 0)
Nov 25 13:32:41 ubuntu devstack@g-api.service[118455]: DEBUG dbcounter [-] [118455] Writing DB stats glance:SELECT=52,glance:UPDATE=9,glance:INSERT=1,glance:DELETE=1 {{(pid=118455) stat_writer /opt/stack/data/venv/lib/python3.10/site-packages/dbcounter.py:115}}
Nov 25 13:32:41 ubuntu devstack@g-api.service[118454]: DEBUG dbcounter [-] [118454] Writing DB stats glance:SELECT=32,glance:INSERT=2,glance:UPDATE=1 {{(pid=118454) stat_writer /opt/stack/data/venv/lib/python3.10/site-packages/dbcounter.py:115}}
