Mar 04 05:38:54 ubuntu devstack@g-api.service[119431]: DEBUG oslo_concurrency.lockutils [None req-f4028682-9055-4c70-b7f3-c1c976e4173a None None] Lock "image_cache_db_init" "released" by "glance.image_cache.drivers.sqlite.Driver.initialize_db.<locals>.create_db" :: held 0.000s {{(pid=119431) inner /opt/stack/data/venv/lib/python3.10/site-packages/oslo_concurrency/lockutils.py:421}}
Mar 04 05:38:54 ubuntu devstack@g-api.service[119431]: INFO glance.api.middleware.cache_manage [None req-f4028682-9055-4c70-b7f3-c1c976e4173a None None] Initialized image cache management middleware
Mar 04 05:38:54 ubuntu devstack@g-api.service[119431]: INFO glance.image_cache [None req-f4028682-9055-4c70-b7f3-c1c976e4173a None None] Image cache loaded driver 'sqlite'.
Mar 04 05:38:54 ubuntu devstack@g-api.service[119431]: WARNING glance.image_cache.drivers.sqlite [None req-f4028682-9055-4c70-b7f3-c1c976e4173a None None] 
Mar 04 05:38:54 ubuntu devstack@g-api.service[119431]: As centralized database will now be used for image cache management, the use
Mar 04 05:38:54 ubuntu devstack@g-api.service[119431]: of `sqlite` database and driver will be dropped from 'E' (2025.1)
Mar 04 05:38:54 ubuntu devstack@g-api.service[119431]: development cycle.
Mar 04 05:38:54 ubuntu devstack@g-api.service[119431]: 
Mar 04 05:38:54 ubuntu devstack@g-api.service[119431]: DEBUG oslo_concurrency.lockutils [None req-f4028682-9055-4c70-b7f3-c1c976e4173a None None] Acquiring lock "image_cache_db_init" by "glance.image_cache.drivers.sqlite.Driver.initialize_db.<locals>.create_db" {{(pid=119431) inner /opt/stack/data/venv/lib/python3.10/site-packages/oslo_concurrency/lockutils.py:402}}
Mar 04 05:38:54 ubuntu devstack@g-api.service[119431]: DEBUG oslo_concurrency.lockutils [None req-f4028682-9055-4c70-b7f3-c1c976e4173a None None] Lock "image_cache_db_init" acquired by "glance.image_cache.drivers.sqlite.Driver.initialize_db.<locals>.create_db" :: waited 0.000s {{(pid=119431) inner /opt/stack/data/venv/lib/python3.10/site-packages/oslo_concurrency/lockutils.py:407}}
Mar 04 05:38:54 ubuntu devstack@g-api.service[119431]: DEBUG oslo_concurrency.lockutils [None req-f4028682-9055-4c70-b7f3-c1c976e4173a None None] Lock "image_cache_db_init" "released" by "glance.image_cache.drivers.sqlite.Driver.initialize_db.<locals>.create_db" :: held 0.000s {{(pid=119431) inner /opt/stack/data/venv/lib/python3.10/site-packages/oslo_concurrency/lockutils.py:421}}
Mar 04 05:38:54 ubuntu devstack@g-api.service[119431]: INFO glance.api.middleware.cache [None req-f4028682-9055-4c70-b7f3-c1c976e4173a None None] Initialized image cache middleware
Mar 04 05:38:54 ubuntu devstack@g-api.service[119430]: DEBUG oslo_concurrency.lockutils [None req-530c3a92-c8e7-46a6-8203-02259542d5dd None None] Lock "image_cache_db_init" acquired by "glance.image_cache.drivers.sqlite.Driver.initialize_db.<locals>.create_db" :: waited 0.011s {{(pid=119430) inner /opt/stack/data/venv/lib/python3.10/site-packages/oslo_concurrency/lockutils.py:407}}
Mar 04 05:38:54 ubuntu devstack@g-api.service[119430]: DEBUG oslo_concurrency.lockutils [None req-530c3a92-c8e7-46a6-8203-02259542d5dd None None] Lock "image_cache_db_init" "released" by "glance.image_cache.drivers.sqlite.Driver.initialize_db.<locals>.create_db" :: held 0.000s {{(pid=119430) inner /opt/stack/data/venv/lib/python3.10/site-packages/oslo_concurrency/lockutils.py:421}}
Mar 04 05:38:54 ubuntu devstack@g-api.service[119431]: WARNING keystonemiddleware.auth_token [None req-f4028682-9055-4c70-b7f3-c1c976e4173a None None] AuthToken middleware is set with keystone_authtoken.service_token_roles_required set to False. This is backwards compatible but deprecated behaviour. Please set this to True.
Mar 04 05:38:54 ubuntu devstack@g-api.service[119430]: DEBUG glance.api.v2.cached_images [None req-530c3a92-c8e7-46a6-8203-02259542d5dd None None] Started cache worker thread {{(pid=119430) __init__ /opt/stack/glance/glance/api/v2/cached_images.py:69}}
Mar 04 05:38:54 ubuntu devstack@g-api.service[119430]: INFO glance.image_cache [None req-530c3a92-c8e7-46a6-8203-02259542d5dd None None] Image cache loaded driver 'sqlite'.
Mar 04 05:38:54 ubuntu devstack@g-api.service[119430]: WARNING glance.image_cache.drivers.sqlite [None req-530c3a92-c8e7-46a6-8203-02259542d5dd None None] 
Mar 04 05:38:54 ubuntu devstack@g-api.service[119430]: As centralized database will now be used for image cache management, the use
Mar 04 05:38:54 ubuntu devstack@g-api.service[119430]: of `sqlite` database and driver will be dropped from 'E' (2025.1)
Mar 04 05:38:54 ubuntu devstack@g-api.service[119430]: development cycle.
Mar 04 05:38:54 ubuntu devstack@g-api.service[119430]: 
Mar 04 05:38:54 ubuntu devstack@g-api.service[119430]: DEBUG oslo_concurrency.lockutils [None req-530c3a92-c8e7-46a6-8203-02259542d5dd None None] Acquiring lock "image_cache_db_init" by "glance.image_cache.drivers.sqlite.Driver.initialize_db.<locals>.create_db" {{(pid=119430) inner /opt/stack/data/venv/lib/python3.10/site-packages/oslo_concurrency/lockutils.py:402}}
Mar 04 05:38:54 ubuntu devstack@g-api.service[119430]: DEBUG oslo_concurrency.lockutils [None req-530c3a92-c8e7-46a6-8203-02259542d5dd None None] Lock "image_cache_db_init" acquired by "glance.image_cache.drivers.sqlite.Driver.initialize_db.<locals>.create_db" :: waited 0.000s {{(pid=119430) inner /opt/stack/data/venv/lib/python3.10/site-packages/oslo_concurrency/lockutils.py:407}}
Mar 04 05:38:54 ubuntu devstack@g-api.service[119430]: DEBUG oslo_concurrency.lockutils [None req-530c3a92-c8e7-46a6-8203-02259542d5dd None None] Lock "image_cache_db_init" "released" by "glance.image_cache.drivers.sqlite.Driver.initialize_db.<locals>.create_db" :: held 0.000s {{(pid=119430) inner /opt/stack/data/venv/lib/python3.10/site-packages/oslo_concurrency/lockutils.py:421}}
Mar 04 05:38:54 ubuntu devstack@g-api.service[119431]: WARNING keystonemiddleware.auth_token [None req-f4028682-9055-4c70-b7f3-c1c976e4173a None None] Configuring www_authenticate_uri to point to the public identity endpoint is required; clients may not be able to authenticate against an admin endpoint
Mar 04 05:38:54 ubuntu devstack@g-api.service[119431]: DEBUG glance.common.config [None req-f4028682-9055-4c70-b7f3-c1c976e4173a None None] ******************************************************************************** {{(pid=119431) log_opt_values /opt/stack/data/venv/lib/python3.10/site-packages/oslo_config/cfg.py:2600}}
Mar 04 05:38:54 ubuntu devstack@g-api.service[119431]: DEBUG glance.common.config [None req-f4028682-9055-4c70-b7f3-c1c976e4173a None None] Configuration options gathered from: {{(pid=119431) log_opt_values /opt/stack/data/venv/lib/python3.10/site-packages/oslo_config/cfg.py:2601}}
Mar 04 05:38:54 ubuntu devstack@g-api.service[119431]: DEBUG glance.common.config [None req-f4028682-9055-4c70-b7f3-c1c976e4173a None None] command line args: [] {{(pid=119431) log_opt_values /opt/stack/data/venv/lib/python3.10/site-packages/oslo_config/cfg.py:2602}}
Mar 04 05:38:54 ubuntu devstack@g-api.service[119431]: DEBUG glance.common.config [None req-f4028682-9055-4c70-b7f3-c1c976e4173a None None] config files: ['/etc/glance/glance-api-paste.ini', '/etc/glance/glance-image-import.conf', '/etc/glance/glance-api.conf'] {{(pid=119431) log_opt_values /opt/stack/data/venv/lib/python3.10/site-packages/oslo_config/cfg.py:2603}}
Mar 04 05:38:54 ubuntu devstack@g-api.service[119431]: DEBUG glance.common.config [None req-f4028682-9055-4c70-b7f3-c1c976e4173a None None] ================================================================================ {{(pid=119431) log_opt_values /opt/stack/data/venv/lib/python3.10/site-packages/oslo_config/cfg.py:2605}}
Mar 04 05:38:54 ubuntu devstack@g-api.service[119431]: DEBUG glance.common.config [None req-f4028682-9055-4c70-b7f3-c1c976e4173a None None] allow_additional_image_properties = True {{(pid=119431) log_opt_values /opt/stack/data/venv/lib/python3.10/site-packages/oslo_config/cfg.py:2613}}
Mar 04 05:38:54 ubuntu devstack@g-api.service[119431]: DEBUG glance.common.config [None req-f4028682-9055-4c70-b7f3-c1c976e4173a None None] allow_anonymous_access         = False {{(pid=119431) log_opt_values /opt/stack/data/venv/lib/python3.10/site-packages/oslo_config/cfg.py:2613}}
Mar 04 05:38:54 ubuntu devstack@g-api.service[119431]: DEBUG glance.common.config [None req-f4028682-9055-4c70-b7f3-c1c976e4173a None None] api_limit_max                  = 1000 {{(pid=119431) log_opt_values /opt/stack/data/venv/lib/python3.10/site-packages/oslo_config/cfg.py:2613}}
Mar 04 05:38:54 ubuntu devstack@g-api.service[119430]: INFO glance.api.middleware.cache_manage [None req-530c3a92-c8e7-46a6-8203-02259542d5dd None None] Initialized image cache management middleware
Mar 04 05:38:54 ubuntu devstack@g-api.service[119431]: DEBUG glance.common.config [None req-f4028682-9055-4c70-b7f3-c1c976e4173a None None] backlog                        = 4096 {{(pid=119431) log_opt_values /opt/stack/data/venv/lib/python3.10/site-packages/oslo_config/cfg.py:2613}}
Mar 04 05:38:54 ubuntu devstack@g-api.service[119431]: DEBUG glance.common.config [None req-f4028682-9055-4c70-b7f3-c1c976e4173a None None] bind_host                      = 0.0.0.0 {{(pid=119431) log_opt_values /opt/stack/data/venv/lib/python3.10/site-packages/oslo_config/cfg.py:2613}}
Mar 04 05:38:54 ubuntu devstack@g-api.service[119430]: INFO glance.image_cache [None req-530c3a92-c8e7-46a6-8203-02259542d5dd None None] Image cache loaded driver 'sqlite'.
Mar 04 05:38:54 ubuntu devstack@g-api.service[119431]: DEBUG glance.common.config [None req-f4028682-9055-4c70-b7f3-c1c976e4173a None None] bind_port                      = None {{(pid=119431) log_opt_values /opt/stack/data/venv/lib/python3.10/site-packages/oslo_config/cfg.py:2613}}
Mar 04 05:38:54 ubuntu devstack@g-api.service[119430]: WARNING glance.image_cache.drivers.sqlite [None req-530c3a92-c8e7-46a6-8203-02259542d5dd None None] 
Mar 04 05:38:54 ubuntu devstack@g-api.service[119430]: As centralized database will now be used for image cache management, the use
Mar 04 05:38:54 ubuntu devstack@g-api.service[119430]: of `sqlite` database and driver will be dropped from 'E' (2025.1)
Mar 04 05:38:54 ubuntu devstack@g-api.service[119430]: development cycle.
Mar 04 05:38:54 ubuntu devstack@g-api.service[119430]: 
Mar 04 05:38:54 ubuntu devstack@g-api.service[119431]: DEBUG glance.common.config [None req-f4028682-9055-4c70-b7f3-c1c976e4173a None None] client_socket_timeout          = 900 {{(pid=119431) log_opt_values /opt/stack/data/venv/lib/python3.10/site-packages/oslo_config/cfg.py:2613}}
Mar 04 05:38:54 ubuntu devstack@g-api.service[119431]: DEBUG glance.common.config [None req-f4028682-9055-4c70-b7f3-c1c976e4173a None None] config_dir                     = [] {{(pid=119431) log_opt_values /opt/stack/data/venv/lib/python3.10/site-packages/oslo_config/cfg.py:2613}}
Mar 04 05:38:54 ubuntu devstack@g-api.service[119430]: DEBUG oslo_concurrency.lockutils [None req-530c3a92-c8e7-46a6-8203-02259542d5dd None None] Acquiring lock "image_cache_db_init" by "glance.image_cache.drivers.sqlite.Driver.initialize_db.<locals>.create_db" {{(pid=119430) inner /opt/stack/data/venv/lib/python3.10/site-packages/oslo_concurrency/lockutils.py:402}}
Mar 04 05:38:54 ubuntu devstack@g-api.service[119431]: DEBUG glance.common.config [None req-f4028682-9055-4c70-b7f3-c1c976e4173a None None] config_file                    = ['/etc/glance/glance-api-paste.ini', '/etc/glance/glance-image-import.conf', '/etc/glance/glance-api.conf'] {{(pid=119431) log_opt_values /opt/stack/data/venv/lib/python3.10/site-packages/oslo_config/cfg.py:2613}}
Mar 04 05:38:54 ubuntu devstack@g-api.service[119431]: DEBUG glance.common.config [None req-f4028682-9055-4c70-b7f3-c1c976e4173a None None] config_source                  = [] {{(pid=119431) log_opt_values /opt/stack/data/venv/lib/python3.10/site-packages/oslo_config/cfg.py:2613}}
Mar 04 05:38:54 ubuntu devstack@g-api.service[119430]: DEBUG oslo_concurrency.lockutils [None req-530c3a92-c8e7-46a6-8203-02259542d5dd None None] Lock "image_cache_db_init" acquired by "glance.image_cache.drivers.sqlite.Driver.initialize_db.<locals>.create_db" :: waited 0.000s {{(pid=119430) inner /opt/stack/data/venv/lib/python3.10/site-packages/oslo_concurrency/lockutils.py:407}}
Mar 04 05:38:54 ubuntu devstack@g-api.service[119431]: DEBUG glance.common.config [None req-f4028682-9055-4c70-b7f3-c1c976e4173a None None] control_exchange               = glance {{(pid=119431) log_opt_values /opt/stack/data/venv/lib/python3.10/site-packages/oslo_config/cfg.py:2613}}
Mar 04 05:38:54 ubuntu devstack@g-api.service[119431]: DEBUG glance.common.config [None req-f4028682-9055-4c70-b7f3-c1c976e4173a None None] debug                          = True {{(pid=119431) log_opt_values /opt/stack/data/venv/lib/python3.10/site-packages/oslo_config/cfg.py:2613}}
Mar 04 05:38:54 ubuntu devstack@g-api.service[119431]: DEBUG glance.common.config [None req-f4028682-9055-4c70-b7f3-c1c976e4173a None None] default_log_levels             = ['amqp=WARN', 'amqplib=WARN', 'boto=WARN', 'qpid=WARN', 'sqlalchemy=WARN', 'suds=INFO', 'oslo.messaging=INFO', 'oslo_messaging=INFO', 'iso8601=WARN', 'requests.packages.urllib3.connectionpool=WARN', 'urllib3.connectionpool=WARN', 'websocket=WARN', 'requests.packages.urllib3.util.retry=WARN', 'urllib3.util.retry=WARN', 'keystonemiddleware=WARN', 'routes.middleware=WARN', 'stevedore=WARN', 'taskflow=WARN', 'keystoneauth=WARN', 'oslo.cache=INFO', 'oslo_policy=INFO', 'dogpile.core.dogpile=INFO'] {{(pid=119431) log_opt_values /opt/stack/data/venv/lib/python3.10/site-packages/oslo_config/cfg.py:2613}}
Mar 04 05:38:54 ubuntu devstack@g-api.service[119430]: DEBUG oslo_concurrency.lockutils [None req-530c3a92-c8e7-46a6-8203-02259542d5dd None None] Lock "image_cache_db_init" "released" by "glance.image_cache.drivers.sqlite.Driver.initialize_db.<locals>.create_db" :: held 0.000s {{(pid=119430) inner /opt/stack/data/venv/lib/python3.10/site-packages/oslo_concurrency/lockutils.py:421}}
Mar 04 05:38:54 ubuntu devstack@g-api.service[119431]: DEBUG glance.common.config [None req-f4028682-9055-4c70-b7f3-c1c976e4173a None None] default_publisher_id           = image.localhost {{(pid=119431) log_opt_values /opt/stack/data/venv/lib/python3.10/site-packages/oslo_config/cfg.py:2613}}
Mar 04 05:38:54 ubuntu devstack@g-api.service[119431]: DEBUG glance.common.config [None req-f4028682-9055-4c70-b7f3-c1c976e4173a None None] delayed_delete                 = False {{(pid=119431) log_opt_values /opt/stack/data/venv/lib/python3.10/site-packages/oslo_config/cfg.py:2613}}
Mar 04 05:38:54 ubuntu devstack@g-api.service[119431]: DEBUG glance.common.config [None req-f4028682-9055-4c70-b7f3-c1c976e4173a None None] digest_algorithm               = sha256 {{(pid=119431) log_opt_values /opt/stack/data/venv/lib/python3.10/site-packages/oslo_config/cfg.py:2613}}
Mar 04 05:38:54 ubuntu devstack@g-api.service[119431]: DEBUG glance.common.config [None req-f4028682-9055-4c70-b7f3-c1c976e4173a None None] disabled_notifications         = [] {{(pid=119431) log_opt_values /opt/stack/data/venv/lib/python3.10/site-packages/oslo_config/cfg.py:2613}}
Mar 04 05:38:54 ubuntu devstack@g-api.service[119431]: DEBUG glance.common.config [None req-f4028682-9055-4c70-b7f3-c1c976e4173a None None] enabled_backends               = None {{(pid=119431) log_opt_values /opt/stack/data/venv/lib/python3.10/site-packages/oslo_config/cfg.py:2613}}
Mar 04 05:38:54 ubuntu devstack@g-api.service[119431]: DEBUG glance.common.config [None req-f4028682-9055-4c70-b7f3-c1c976e4173a None None] enabled_import_methods         = ['glance-direct', 'web-download', 'copy-image'] {{(pid=119431) log_opt_values /opt/stack/data/venv/lib/python3.10/site-packages/oslo_config/cfg.py:2613}}
Mar 04 05:38:54 ubuntu devstack@g-api.service[119431]: DEBUG glance.common.config [None req-f4028682-9055-4c70-b7f3-c1c976e4173a None None] fatal_deprecations             = False {{(pid=119431) log_opt_values /opt/stack/data/venv/lib/python3.10/site-packages/oslo_config/cfg.py:2613}}
Mar 04 05:38:54 ubuntu devstack@g-api.service[119431]: DEBUG glance.common.config [None req-f4028682-9055-4c70-b7f3-c1c976e4173a None None] hashing_algorithm              = sha512 {{(pid=119431) log_opt_values /opt/stack/data/venv/lib/python3.10/site-packages/oslo_config/cfg.py:2613}}
Mar 04 05:38:54 ubuntu devstack@g-api.service[119431]: DEBUG glance.common.config [None req-f4028682-9055-4c70-b7f3-c1c976e4173a None None] http_keepalive                 = True {{(pid=119431) log_opt_values /opt/stack/data/venv/lib/python3.10/site-packages/oslo_config/cfg.py:2613}}
Mar 04 05:38:54 ubuntu devstack@g-api.service[119431]: DEBUG glance.common.config [None req-f4028682-9055-4c70-b7f3-c1c976e4173a None None] image_cache_dir                = /opt/stack/data/glance/cache/ {{(pid=119431) log_opt_values /opt/stack/data/venv/lib/python3.10/site-packages/oslo_config/cfg.py:2613}}
Mar 04 05:38:54 ubuntu devstack@g-api.service[119431]: DEBUG glance.common.config [None req-f4028682-9055-4c70-b7f3-c1c976e4173a None None] image_cache_driver             = sqlite {{(pid=119431) log_opt_values /opt/stack/data/venv/lib/python3.10/site-packages/oslo_config/cfg.py:2613}}
Mar 04 05:38:54 ubuntu devstack@g-api.service[119431]: DEBUG glance.common.config [None req-f4028682-9055-4c70-b7f3-c1c976e4173a None None] image_cache_max_size           = 10737418240 {{(pid=119431) log_opt_values /opt/stack/data/venv/lib/python3.10/site-packages/oslo_config/cfg.py:2613}}
Mar 04 05:38:54 ubuntu devstack@g-api.service[119431]: DEBUG glance.common.config [None req-f4028682-9055-4c70-b7f3-c1c976e4173a None None] image_cache_sqlite_db          = cache.db {{(pid=119431) log_opt_values /opt/stack/data/venv/lib/python3.10/site-packages/oslo_config/cfg.py:2613}}
Mar 04 05:38:54 ubuntu devstack@g-api.service[119431]: DEBUG glance.common.config [None req-f4028682-9055-4c70-b7f3-c1c976e4173a None None] image_cache_stall_time         = 86400 {{(pid=119431) log_opt_values /opt/stack/data/venv/lib/python3.10/site-packages/oslo_config/cfg.py:2613}}
Mar 04 05:38:54 ubuntu devstack@g-api.service[119431]: DEBUG glance.common.config [None req-f4028682-9055-4c70-b7f3-c1c976e4173a None None] image_location_quota           = 10 {{(pid=119431) log_opt_values /opt/stack/data/venv/lib/python3.10/site-packages/oslo_config/cfg.py:2613}}
Mar 04 05:38:54 ubuntu devstack@g-api.service[119431]: DEBUG glance.common.config [None req-f4028682-9055-4c70-b7f3-c1c976e4173a None None] image_member_quota             = 128 {{(pid=119431) log_opt_values /opt/stack/data/venv/lib/python3.10/site-packages/oslo_config/cfg.py:2613}}
Mar 04 05:38:54 ubuntu devstack@g-api.service[119431]: DEBUG glance.common.config [None req-f4028682-9055-4c70-b7f3-c1c976e4173a None None] image_property_quota           = 128 {{(pid=119431) log_opt_values /opt/stack/data/venv/lib/python3.10/site-packages/oslo_config/cfg.py:2613}}
Mar 04 05:38:54 ubuntu devstack@g-api.service[119431]: DEBUG glance.common.config [None req-f4028682-9055-4c70-b7f3-c1c976e4173a None None] image_size_cap                 = 1099511627776 {{(pid=119431) log_opt_values /opt/stack/data/venv/lib/python3.10/site-packages/oslo_config/cfg.py:2613}}
Mar 04 05:38:54 ubuntu devstack@g-api.service[119431]: DEBUG glance.common.config [None req-f4028682-9055-4c70-b7f3-c1c976e4173a None None] image_tag_quota                = 128 {{(pid=119431) log_opt_values /opt/stack/data/venv/lib/python3.10/site-packages/oslo_config/cfg.py:2613}}
Mar 04 05:38:54 ubuntu devstack@g-api.service[119431]: DEBUG glance.common.config [None req-f4028682-9055-4c70-b7f3-c1c976e4173a None None] instance_format                = [instance: %(uuid)s]  {{(pid=119431) log_opt_values /opt/stack/data/venv/lib/python3.10/site-packages/oslo_config/cfg.py:2613}}
Mar 04 05:38:54 ubuntu devstack@g-api.service[119431]: DEBUG glance.common.config [None req-f4028682-9055-4c70-b7f3-c1c976e4173a None None] instance_uuid_format           = [instance: %(uuid)s]  {{(pid=119431) log_opt_values /opt/stack/data/venv/lib/python3.10/site-packages/oslo_config/cfg.py:2613}}
Mar 04 05:38:54 ubuntu devstack@g-api.service[119431]: DEBUG glance.common.config [None req-f4028682-9055-4c70-b7f3-c1c976e4173a None None] limit_param_default            = 25 {{(pid=119431) log_opt_values /opt/stack/data/venv/lib/python3.10/site-packages/oslo_config/cfg.py:2613}}
Mar 04 05:38:54 ubuntu devstack@g-api.service[119431]: DEBUG glance.common.config [None req-f4028682-9055-4c70-b7f3-c1c976e4173a None None] location_strategy              = location_order {{(pid=119431) log_opt_values /opt/stack/data/venv/lib/python3.10/site-packages/oslo_config/cfg.py:2613}}
Mar 04 05:38:54 ubuntu devstack@g-api.service[119431]: DEBUG glance.common.config [None req-f4028682-9055-4c70-b7f3-c1c976e4173a None None] log_config_append              = None {{(pid=119431) log_opt_values /opt/stack/data/venv/lib/python3.10/site-packages/oslo_config/cfg.py:2613}}
Mar 04 05:38:54 ubuntu devstack@g-api.service[119431]: DEBUG glance.common.config [None req-f4028682-9055-4c70-b7f3-c1c976e4173a None None] log_date_format                = %Y-%m-%d %H:%M:%S {{(pid=119431) log_opt_values /opt/stack/data/venv/lib/python3.10/site-packages/oslo_config/cfg.py:2613}}
Mar 04 05:38:54 ubuntu devstack@g-api.service[119430]: INFO glance.api.middleware.cache [None req-530c3a92-c8e7-46a6-8203-02259542d5dd None None] Initialized image cache middleware
Mar 04 05:38:54 ubuntu devstack@g-api.service[119431]: DEBUG glance.common.config [None req-f4028682-9055-4c70-b7f3-c1c976e4173a None None] log_dir                        = None {{(pid=119431) log_opt_values /opt/stack/data/venv/lib/python3.10/site-packages/oslo_config/cfg.py:2613}}
Mar 04 05:38:54 ubuntu devstack@g-api.service[119431]: DEBUG glance.common.config [None req-f4028682-9055-4c70-b7f3-c1c976e4173a None None] log_file                       = None {{(pid=119431) log_opt_values /opt/stack/data/venv/lib/python3.10/site-packages/oslo_config/cfg.py:2613}}
Mar 04 05:38:54 ubuntu devstack@g-api.service[119431]: DEBUG glance.common.config [None req-f4028682-9055-4c70-b7f3-c1c976e4173a None None] log_rotate_interval            = 1 {{(pid=119431) log_opt_values /opt/stack/data/venv/lib/python3.10/site-packages/oslo_config/cfg.py:2613}}
Mar 04 05:38:54 ubuntu devstack@g-api.service[119431]: DEBUG glance.common.config [None req-f4028682-9055-4c70-b7f3-c1c976e4173a None None] log_rotate_interval_type       = days {{(pid=119431) log_opt_values /opt/stack/data/venv/lib/python3.10/site-packages/oslo_config/cfg.py:2613}}
Mar 04 05:38:54 ubuntu devstack@g-api.service[119431]: DEBUG glance.common.config [None req-f4028682-9055-4c70-b7f3-c1c976e4173a None None] log_rotation_type              = none {{(pid=119431) log_opt_values /opt/stack/data/venv/lib/python3.10/site-packages/oslo_config/cfg.py:2613}}
Mar 04 05:38:54 ubuntu devstack@g-api.service[119431]: DEBUG glance.common.config [None req-f4028682-9055-4c70-b7f3-c1c976e4173a None None] logging_context_format_string  = %(color)s%(levelname)s %(name)s [%(global_request_id)s %(request_id)s %(project_name)s %(user_name)s%(color)s] %(instance)s%(color)s%(message)s {{(pid=119431) log_opt_values /opt/stack/data/venv/lib/python3.10/site-packages/oslo_config/cfg.py:2613}}
Mar 04 05:38:54 ubuntu devstack@g-api.service[119431]: DEBUG glance.common.config [None req-f4028682-9055-4c70-b7f3-c1c976e4173a None None] logging_debug_format_suffix    = {{(pid=%(process)d) %(funcName)s %(pathname)s:%(lineno)d}} {{(pid=119431) log_opt_values /opt/stack/data/venv/lib/python3.10/site-packages/oslo_config/cfg.py:2613}}
Mar 04 05:38:54 ubuntu devstack@g-api.service[119431]: DEBUG glance.common.config [None req-f4028682-9055-4c70-b7f3-c1c976e4173a None None] logging_default_format_string  = %(color)s%(levelname)s %(name)s [-%(color)s] %(instance)s%(color)s%(message)s {{(pid=119431) log_opt_values /opt/stack/data/venv/lib/python3.10/site-packages/oslo_config/cfg.py:2613}}
Mar 04 05:38:54 ubuntu devstack@g-api.service[119431]: DEBUG glance.common.config [None req-f4028682-9055-4c70-b7f3-c1c976e4173a None None] logging_exception_prefix       = ERROR %(name)s %(instance)s {{(pid=119431) log_opt_values /opt/stack/data/venv/lib/python3.10/site-packages/oslo_config/cfg.py:2613}}
Mar 04 05:38:54 ubuntu devstack@g-api.service[119431]: DEBUG glance.common.config [None req-f4028682-9055-4c70-b7f3-c1c976e4173a None None] logging_user_identity_format   = %(user)s %(project)s %(domain)s %(system_scope)s %(user_domain)s %(project_domain)s {{(pid=119431) log_opt_values /opt/stack/data/venv/lib/python3.10/site-packages/oslo_config/cfg.py:2613}}
Mar 04 05:38:54 ubuntu devstack@g-api.service[119431]: DEBUG glance.common.config [None req-f4028682-9055-4c70-b7f3-c1c976e4173a None None] max_header_line                = 16384 {{(pid=119431) log_opt_values /opt/stack/data/venv/lib/python3.10/site-packages/oslo_config/cfg.py:2613}}
Mar 04 05:38:54 ubuntu devstack@g-api.service[119431]: DEBUG glance.common.config [None req-f4028682-9055-4c70-b7f3-c1c976e4173a None None] max_logfile_count              = 30 {{(pid=119431) log_opt_values /opt/stack/data/venv/lib/python3.10/site-packages/oslo_config/cfg.py:2613}}
Mar 04 05:38:54 ubuntu devstack@g-api.service[119431]: DEBUG glance.common.config [None req-f4028682-9055-4c70-b7f3-c1c976e4173a None None] max_logfile_size_mb            = 200 {{(pid=119431) log_opt_values /opt/stack/data/venv/lib/python3.10/site-packages/oslo_config/cfg.py:2613}}
Mar 04 05:38:54 ubuntu devstack@g-api.service[119431]: DEBUG glance.common.config [None req-f4028682-9055-4c70-b7f3-c1c976e4173a None None] max_request_id_length          = 64 {{(pid=119431) log_opt_values /opt/stack/data/venv/lib/python3.10/site-packages/oslo_config/cfg.py:2613}}
Mar 04 05:38:54 ubuntu devstack@g-api.service[119431]: DEBUG glance.common.config [None req-f4028682-9055-4c70-b7f3-c1c976e4173a None None] metadata_encryption_key        = **** {{(pid=119431) log_opt_values /opt/stack/data/venv/lib/python3.10/site-packages/oslo_config/cfg.py:2613}}
Mar 04 05:38:54 ubuntu devstack@g-api.service[119431]: DEBUG glance.common.config [None req-f4028682-9055-4c70-b7f3-c1c976e4173a None None] node_staging_uri               = file:///tmp/staging/ {{(pid=119431) log_opt_values /opt/stack/data/venv/lib/python3.10/site-packages/oslo_config/cfg.py:2613}}
Mar 04 05:38:54 ubuntu devstack@g-api.service[119431]: DEBUG glance.common.config [None req-f4028682-9055-4c70-b7f3-c1c976e4173a None None] property_protection_file       = None {{(pid=119431) log_opt_values /opt/stack/data/venv/lib/python3.10/site-packages/oslo_config/cfg.py:2613}}
Mar 04 05:38:54 ubuntu devstack@g-api.service[119431]: DEBUG glance.common.config [None req-f4028682-9055-4c70-b7f3-c1c976e4173a None None] property_protection_rule_format = roles {{(pid=119431) log_opt_values /opt/stack/data/venv/lib/python3.10/site-packages/oslo_config/cfg.py:2613}}
Mar 04 05:38:54 ubuntu devstack@g-api.service[119431]: DEBUG glance.common.config [None req-f4028682-9055-4c70-b7f3-c1c976e4173a None None] public_endpoint                = http://10.201.5.82/image {{(pid=119431) log_opt_values /opt/stack/data/venv/lib/python3.10/site-packages/oslo_config/cfg.py:2613}}
Mar 04 05:38:54 ubuntu devstack@g-api.service[119431]: DEBUG glance.common.config [None req-f4028682-9055-4c70-b7f3-c1c976e4173a None None] publish_errors                 = False {{(pid=119431) log_opt_values /opt/stack/data/venv/lib/python3.10/site-packages/oslo_config/cfg.py:2613}}
Mar 04 05:38:54 ubuntu devstack@g-api.service[119431]: DEBUG glance.common.config [None req-f4028682-9055-4c70-b7f3-c1c976e4173a None None] pydev_worker_debug_host        = None {{(pid=119431) log_opt_values /opt/stack/data/venv/lib/python3.10/site-packages/oslo_config/cfg.py:2613}}
Mar 04 05:38:54 ubuntu devstack@g-api.service[119431]: DEBUG glance.common.config [None req-f4028682-9055-4c70-b7f3-c1c976e4173a None None] pydev_worker_debug_port        = 5678 {{(pid=119431) log_opt_values /opt/stack/data/venv/lib/python3.10/site-packages/oslo_config/cfg.py:2613}}
Mar 04 05:38:54 ubuntu devstack@g-api.service[119431]: DEBUG glance.common.config [None req-f4028682-9055-4c70-b7f3-c1c976e4173a None None] rate_limit_burst               = 0 {{(pid=119431) log_opt_values /opt/stack/data/venv/lib/python3.10/site-packages/oslo_config/cfg.py:2613}}
Mar 04 05:38:54 ubuntu devstack@g-api.service[119431]: DEBUG glance.common.config [None req-f4028682-9055-4c70-b7f3-c1c976e4173a None None] rate_limit_except_level        = CRITICAL {{(pid=119431) log_opt_values /opt/stack/data/venv/lib/python3.10/site-packages/oslo_config/cfg.py:2613}}
Mar 04 05:38:54 ubuntu devstack@g-api.service[119431]: DEBUG glance.common.config [None req-f4028682-9055-4c70-b7f3-c1c976e4173a None None] rate_limit_interval            = 0 {{(pid=119431) log_opt_values /opt/stack/data/venv/lib/python3.10/site-packages/oslo_config/cfg.py:2613}}
Mar 04 05:38:54 ubuntu devstack@g-api.service[119431]: DEBUG glance.common.config [None req-f4028682-9055-4c70-b7f3-c1c976e4173a None None] scrub_pool_size                = 1 {{(pid=119431) log_opt_values /opt/stack/data/venv/lib/python3.10/site-packages/oslo_config/cfg.py:2613}}
Mar 04 05:38:54 ubuntu devstack@g-api.service[119431]: DEBUG glance.common.config [None req-f4028682-9055-4c70-b7f3-c1c976e4173a None None] scrub_time                     = 0 {{(pid=119431) log_opt_values /opt/stack/data/venv/lib/python3.10/site-packages/oslo_config/cfg.py:2613}}
Mar 04 05:38:54 ubuntu devstack@g-api.service[119431]: DEBUG glance.common.config [None req-f4028682-9055-4c70-b7f3-c1c976e4173a None None] show_image_direct_url          = False {{(pid=119431) log_opt_values /opt/stack/data/venv/lib/python3.10/site-packages/oslo_config/cfg.py:2613}}
Mar 04 05:38:54 ubuntu devstack@g-api.service[119431]: WARNING oslo_config.cfg [None req-f4028682-9055-4c70-b7f3-c1c976e4173a None None] Deprecated: Option "show_multiple_locations" from group "DEFAULT" is deprecated for removal (Use of this option, deprecated since Newton, is a security risk and will be removed once we figure out a way to satisfy those use cases that currently require it.  An earlier announcement that the same functionality can be achieved with greater granularity by using policies is incorrect.  You cannot work around this option via policy configuration at the present time, though that is the direction we believe the fix will take.  Please keep an eye on the Glance release notes to stay up to date on progress in addressing this issue.).  Its value may be silently ignored in the future.
Mar 04 05:38:54 ubuntu devstack@g-api.service[119431]: DEBUG glance.common.config [None req-f4028682-9055-4c70-b7f3-c1c976e4173a None None] show_multiple_locations        = False {{(pid=119431) log_opt_values /opt/stack/data/venv/lib/python3.10/site-packages/oslo_config/cfg.py:2613}}
Mar 04 05:38:54 ubuntu devstack@g-api.service[119431]: DEBUG glance.common.config [None req-f4028682-9055-4c70-b7f3-c1c976e4173a None None] syslog_log_facility            = LOG_USER {{(pid=119431) log_opt_values /opt/stack/data/venv/lib/python3.10/site-packages/oslo_config/cfg.py:2613}}
Mar 04 05:38:54 ubuntu devstack@g-api.service[119431]: DEBUG glance.common.config [None req-f4028682-9055-4c70-b7f3-c1c976e4173a None None] tcp_keepidle                   = 600 {{(pid=119431) log_opt_values /opt/stack/data/venv/lib/python3.10/site-packages/oslo_config/cfg.py:2613}}
Mar 04 05:38:54 ubuntu devstack@g-api.service[119431]: DEBUG glance.common.config [None req-f4028682-9055-4c70-b7f3-c1c976e4173a None None] transport_url                  = **** {{(pid=119431) log_opt_values /opt/stack/data/venv/lib/python3.10/site-packages/oslo_config/cfg.py:2613}}
Mar 04 05:38:54 ubuntu devstack@g-api.service[119431]: DEBUG glance.common.config [None req-f4028682-9055-4c70-b7f3-c1c976e4173a None None] use_eventlog                   = False {{(pid=119431) log_opt_values /opt/stack/data/venv/lib/python3.10/site-packages/oslo_config/cfg.py:2613}}
Mar 04 05:38:54 ubuntu devstack@g-api.service[119431]: DEBUG glance.common.config [None req-f4028682-9055-4c70-b7f3-c1c976e4173a None None] use_journal                    = False {{(pid=119431) log_opt_values /opt/stack/data/venv/lib/python3.10/site-packages/oslo_config/cfg.py:2613}}
Mar 04 05:38:54 ubuntu devstack@g-api.service[119431]: DEBUG glance.common.config [None req-f4028682-9055-4c70-b7f3-c1c976e4173a None None] use_json                       = False {{(pid=119431) log_opt_values /opt/stack/data/venv/lib/python3.10/site-packages/oslo_config/cfg.py:2613}}
Mar 04 05:38:54 ubuntu devstack@g-api.service[119431]: DEBUG glance.common.config [None req-f4028682-9055-4c70-b7f3-c1c976e4173a None None] use_keystone_limits            = True {{(pid=119431) log_opt_values /opt/stack/data/venv/lib/python3.10/site-packages/oslo_config/cfg.py:2613}}
Mar 04 05:38:54 ubuntu devstack@g-api.service[119431]: DEBUG glance.common.config [None req-f4028682-9055-4c70-b7f3-c1c976e4173a None None] use_stderr                     = False {{(pid=119431) log_opt_values /opt/stack/data/venv/lib/python3.10/site-packages/oslo_config/cfg.py:2613}}
Mar 04 05:38:54 ubuntu devstack@g-api.service[119431]: DEBUG glance.common.config [None req-f4028682-9055-4c70-b7f3-c1c976e4173a None None] use_syslog                     = False {{(pid=119431) log_opt_values /opt/stack/data/venv/lib/python3.10/site-packages/oslo_config/cfg.py:2613}}
Mar 04 05:38:54 ubuntu devstack@g-api.service[119431]: DEBUG glance.common.config [None req-f4028682-9055-4c70-b7f3-c1c976e4173a None None] user_storage_quota             = 0 {{(pid=119431) log_opt_values /opt/stack/data/venv/lib/python3.10/site-packages/oslo_config/cfg.py:2613}}
Mar 04 05:38:54 ubuntu devstack@g-api.service[119431]: DEBUG glance.common.config [None req-f4028682-9055-4c70-b7f3-c1c976e4173a None None] watch_log_file                 = False {{(pid=119431) log_opt_values /opt/stack/data/venv/lib/python3.10/site-packages/oslo_config/cfg.py:2613}}
Mar 04 05:38:54 ubuntu devstack@g-api.service[119431]: DEBUG glance.common.config [None req-f4028682-9055-4c70-b7f3-c1c976e4173a None None] worker_self_reference_url      = http://127.0.0.1:60999 {{(pid=119431) log_opt_values /opt/stack/data/venv/lib/python3.10/site-packages/oslo_config/cfg.py:2613}}
Mar 04 05:38:54 ubuntu devstack@g-api.service[119430]: WARNING keystonemiddleware.auth_token [None req-530c3a92-c8e7-46a6-8203-02259542d5dd None None] AuthToken middleware is set with keystone_authtoken.service_token_roles_required set to False. This is backwards compatible but deprecated behaviour. Please set this to True.
Mar 04 05:38:54 ubuntu devstack@g-api.service[119431]: DEBUG glance.common.config [None req-f4028682-9055-4c70-b7f3-c1c976e4173a None None] workers                        = None {{(pid=119431) log_opt_values /opt/stack/data/venv/lib/python3.10/site-packages/oslo_config/cfg.py:2613}}
Mar 04 05:38:54 ubuntu devstack@g-api.service[119431]: DEBUG glance.common.config [None req-f4028682-9055-4c70-b7f3-c1c976e4173a None None] oslo_concurrency.disable_process_locking = False {{(pid=119431) log_opt_values /opt/stack/data/venv/lib/python3.10/site-packages/oslo_config/cfg.py:2620}}
Mar 04 05:38:54 ubuntu devstack@g-api.service[119431]: DEBUG glance.common.config [None req-f4028682-9055-4c70-b7f3-c1c976e4173a None None] oslo_concurrency.lock_path     = /opt/stack/data/glance/locks {{(pid=119431) log_opt_values /opt/stack/data/venv/lib/python3.10/site-packages/oslo_config/cfg.py:2620}}
Mar 04 05:38:54 ubuntu devstack@g-api.service[119431]: DEBUG glance.common.config [None req-f4028682-9055-4c70-b7f3-c1c976e4173a None None] oslo_middleware.enable_proxy_headers_parsing = False {{(pid=119431) log_opt_values /opt/stack/data/venv/lib/python3.10/site-packages/oslo_config/cfg.py:2620}}
Mar 04 05:38:54 ubuntu devstack@g-api.service[119431]: DEBUG glance.common.config [None req-f4028682-9055-4c70-b7f3-c1c976e4173a None None] oslo_middleware.http_basic_auth_user_file = /etc/htpasswd {{(pid=119431) log_opt_values /opt/stack/data/venv/lib/python3.10/site-packages/oslo_config/cfg.py:2620}}
Mar 04 05:38:54 ubuntu devstack@g-api.service[119431]: DEBUG glance.common.config [None req-f4028682-9055-4c70-b7f3-c1c976e4173a None None] paste_deploy.config_file       = None {{(pid=119431) log_opt_values /opt/stack/data/venv/lib/python3.10/site-packages/oslo_config/cfg.py:2620}}
Mar 04 05:38:54 ubuntu devstack@g-api.service[119431]: DEBUG glance.common.config [None req-f4028682-9055-4c70-b7f3-c1c976e4173a None None] paste_deploy.flavor            = keystone+cachemanagement {{(pid=119431) log_opt_values /opt/stack/data/venv/lib/python3.10/site-packages/oslo_config/cfg.py:2620}}
Mar 04 05:38:54 ubuntu devstack@g-api.service[119431]: DEBUG glance.common.config [None req-f4028682-9055-4c70-b7f3-c1c976e4173a None None] image_format.container_formats = ['ami', 'ari', 'aki', 'bare', 'ovf', 'ova', 'docker', 'compressed'] {{(pid=119431) log_opt_values /opt/stack/data/venv/lib/python3.10/site-packages/oslo_config/cfg.py:2620}}
Mar 04 05:38:54 ubuntu devstack@g-api.service[119431]: DEBUG glance.common.config [None req-f4028682-9055-4c70-b7f3-c1c976e4173a None None] image_format.disk_formats      = ['ami', 'ari', 'aki', 'vhd', 'vhdx', 'vmdk', 'raw', 'qcow2', 'vdi', 'iso', 'ploop'] {{(pid=119431) log_opt_values /opt/stack/data/venv/lib/python3.10/site-packages/oslo_config/cfg.py:2620}}
Mar 04 05:38:54 ubuntu devstack@g-api.service[119431]: DEBUG glance.common.config [None req-f4028682-9055-4c70-b7f3-c1c976e4173a None None] image_format.vmdk_allowed_types = ['streamOptimized', 'monolithicSparse'] {{(pid=119431) log_opt_values /opt/stack/data/venv/lib/python3.10/site-packages/oslo_config/cfg.py:2620}}
Mar 04 05:38:54 ubuntu devstack@g-api.service[119431]: DEBUG glance.common.config [None req-f4028682-9055-4c70-b7f3-c1c976e4173a None None] task.task_executor             = taskflow {{(pid=119431) log_opt_values /opt/stack/data/venv/lib/python3.10/site-packages/oslo_config/cfg.py:2620}}
Mar 04 05:38:54 ubuntu devstack@g-api.service[119431]: DEBUG glance.common.config [None req-f4028682-9055-4c70-b7f3-c1c976e4173a None None] task.task_time_to_live         = 48 {{(pid=119431) log_opt_values /opt/stack/data/venv/lib/python3.10/site-packages/oslo_config/cfg.py:2620}}
Mar 04 05:38:54 ubuntu devstack@g-api.service[119431]: DEBUG glance.common.config [None req-f4028682-9055-4c70-b7f3-c1c976e4173a None None] task.work_dir                  = None {{(pid=119431) log_opt_values /opt/stack/data/venv/lib/python3.10/site-packages/oslo_config/cfg.py:2620}}
Mar 04 05:38:54 ubuntu devstack@g-api.service[119431]: DEBUG glance.common.config [None req-f4028682-9055-4c70-b7f3-c1c976e4173a None None] wsgi.python_interpreter        = None {{(pid=119431) log_opt_values /opt/stack/data/venv/lib/python3.10/site-packages/oslo_config/cfg.py:2620}}
Mar 04 05:38:54 ubuntu devstack@g-api.service[119431]: DEBUG glance.common.config [None req-f4028682-9055-4c70-b7f3-c1c976e4173a None None] wsgi.task_pool_threads         = 16 {{(pid=119431) log_opt_values /opt/stack/data/venv/lib/python3.10/site-packages/oslo_config/cfg.py:2620}}
Mar 04 05:38:54 ubuntu devstack@g-api.service[119431]: DEBUG glance.common.config [None req-f4028682-9055-4c70-b7f3-c1c976e4173a None None] oslo_policy.enforce_new_defaults = True {{(pid=119431) log_opt_values /opt/stack/data/venv/lib/python3.10/site-packages/oslo_config/cfg.py:2620}}
Mar 04 05:38:54 ubuntu devstack@g-api.service[119431]: DEBUG glance.common.config [None req-f4028682-9055-4c70-b7f3-c1c976e4173a None None] oslo_policy.enforce_scope      = True {{(pid=119431) log_opt_values /opt/stack/data/venv/lib/python3.10/site-packages/oslo_config/cfg.py:2620}}
Mar 04 05:38:54 ubuntu devstack@g-api.service[119431]: DEBUG glance.common.config [None req-f4028682-9055-4c70-b7f3-c1c976e4173a None None] oslo_policy.policy_default_rule = default {{(pid=119431) log_opt_values /opt/stack/data/venv/lib/python3.10/site-packages/oslo_config/cfg.py:2620}}
Mar 04 05:38:54 ubuntu devstack@g-api.service[119431]: DEBUG glance.common.config [None req-f4028682-9055-4c70-b7f3-c1c976e4173a None None] oslo_policy.policy_dirs        = ['policy.d'] {{(pid=119431) log_opt_values /opt/stack/data/venv/lib/python3.10/site-packages/oslo_config/cfg.py:2620}}
Mar 04 05:38:54 ubuntu devstack@g-api.service[119431]: DEBUG glance.common.config [None req-f4028682-9055-4c70-b7f3-c1c976e4173a None None] oslo_policy.policy_file        = policy.yaml {{(pid=119431) log_opt_values /opt/stack/data/venv/lib/python3.10/site-packages/oslo_config/cfg.py:2620}}
Mar 04 05:38:54 ubuntu devstack@g-api.service[119430]: WARNING keystonemiddleware.auth_token [None req-530c3a92-c8e7-46a6-8203-02259542d5dd None None] Configuring www_authenticate_uri to point to the public identity endpoint is required; clients may not be able to authenticate against an admin endpoint
Mar 04 05:38:54 ubuntu devstack@g-api.service[119431]: DEBUG glance.common.config [None req-f4028682-9055-4c70-b7f3-c1c976e4173a None None] oslo_policy.remote_content_type = application/x-www-form-urlencoded {{(pid=119431) log_opt_values /opt/stack/data/venv/lib/python3.10/site-packages/oslo_config/cfg.py:2620}}
Mar 04 05:38:54 ubuntu devstack@g-api.service[119431]: DEBUG glance.common.config [None req-f4028682-9055-4c70-b7f3-c1c976e4173a None None] oslo_policy.remote_ssl_ca_crt_file = None {{(pid=119431) log_opt_values /opt/stack/data/venv/lib/python3.10/site-packages/oslo_config/cfg.py:2620}}
Mar 04 05:38:54 ubuntu devstack@g-api.service[119431]: DEBUG glance.common.config [None req-f4028682-9055-4c70-b7f3-c1c976e4173a None None] oslo_policy.remote_ssl_client_crt_file = None {{(pid=119431) log_opt_values /opt/stack/data/venv/lib/python3.10/site-packages/oslo_config/cfg.py:2620}}
Mar 04 05:38:54 ubuntu devstack@g-api.service[119431]: DEBUG glance.common.config [None req-f4028682-9055-4c70-b7f3-c1c976e4173a None None] oslo_policy.remote_ssl_client_key_file = None {{(pid=119431) log_opt_values /opt/stack/data/venv/lib/python3.10/site-packages/oslo_config/cfg.py:2620}}
Mar 04 05:38:54 ubuntu devstack@g-api.service[119431]: DEBUG glance.common.config [None req-f4028682-9055-4c70-b7f3-c1c976e4173a None None] oslo_policy.remote_ssl_verify_server_crt = False {{(pid=119431) log_opt_values /opt/stack/data/venv/lib/python3.10/site-packages/oslo_config/cfg.py:2620}}
Mar 04 05:38:54 ubuntu devstack@g-api.service[119431]: DEBUG glance.common.config [None req-f4028682-9055-4c70-b7f3-c1c976e4173a None None] store_type_location_strategy.store_type_preference = [] {{(pid=119431) log_opt_values /opt/stack/data/venv/lib/python3.10/site-packages/oslo_config/cfg.py:2620}}
Mar 04 05:38:54 ubuntu devstack@g-api.service[119431]: DEBUG glance.common.config [None req-f4028682-9055-4c70-b7f3-c1c976e4173a None None] profiler.connection_string     = messaging:// {{(pid=119431) log_opt_values /opt/stack/data/venv/lib/python3.10/site-packages/oslo_config/cfg.py:2620}}
Mar 04 05:38:54 ubuntu devstack@g-api.service[119431]: DEBUG glance.common.config [None req-f4028682-9055-4c70-b7f3-c1c976e4173a None None] profiler.enabled               = False {{(pid=119431) log_opt_values /opt/stack/data/venv/lib/python3.10/site-packages/oslo_config/cfg.py:2620}}
Mar 04 05:38:54 ubuntu devstack@g-api.service[119431]: DEBUG glance.common.config [None req-f4028682-9055-4c70-b7f3-c1c976e4173a None None] profiler.es_doc_type           = notification {{(pid=119431) log_opt_values /opt/stack/data/venv/lib/python3.10/site-packages/oslo_config/cfg.py:2620}}
Mar 04 05:38:54 ubuntu devstack@g-api.service[119431]: DEBUG glance.common.config [None req-f4028682-9055-4c70-b7f3-c1c976e4173a None None] profiler.es_scroll_size        = 10000 {{(pid=119431) log_opt_values /opt/stack/data/venv/lib/python3.10/site-packages/oslo_config/cfg.py:2620}}
Mar 04 05:38:54 ubuntu devstack@g-api.service[119431]: DEBUG glance.common.config [None req-f4028682-9055-4c70-b7f3-c1c976e4173a None None] profiler.es_scroll_time        = 2m {{(pid=119431) log_opt_values /opt/stack/data/venv/lib/python3.10/site-packages/oslo_config/cfg.py:2620}}
Mar 04 05:38:54 ubuntu devstack@g-api.service[119431]: DEBUG glance.common.config [None req-f4028682-9055-4c70-b7f3-c1c976e4173a None None] profiler.filter_error_trace    = False {{(pid=119431) log_opt_values /opt/stack/data/venv/lib/python3.10/site-packages/oslo_config/cfg.py:2620}}
Mar 04 05:38:54 ubuntu devstack@g-api.service[119431]: DEBUG glance.common.config [None req-f4028682-9055-4c70-b7f3-c1c976e4173a None None] profiler.hmac_keys             = **** {{(pid=119431) log_opt_values /opt/stack/data/venv/lib/python3.10/site-packages/oslo_config/cfg.py:2620}}
Mar 04 05:38:54 ubuntu devstack@g-api.service[119431]: DEBUG glance.common.config [None req-f4028682-9055-4c70-b7f3-c1c976e4173a None None] profiler.sentinel_service_name = mymaster {{(pid=119431) log_opt_values /opt/stack/data/venv/lib/python3.10/site-packages/oslo_config/cfg.py:2620}}
Mar 04 05:38:54 ubuntu devstack@g-api.service[119431]: DEBUG glance.common.config [None req-f4028682-9055-4c70-b7f3-c1c976e4173a None None] profiler.socket_timeout        = 0.1 {{(pid=119431) log_opt_values /opt/stack/data/venv/lib/python3.10/site-packages/oslo_config/cfg.py:2620}}
Mar 04 05:38:54 ubuntu devstack@g-api.service[119431]: DEBUG glance.common.config [None req-f4028682-9055-4c70-b7f3-c1c976e4173a None None] profiler.trace_requests        = False {{(pid=119431) log_opt_values /opt/stack/data/venv/lib/python3.10/site-packages/oslo_config/cfg.py:2620}}
Mar 04 05:38:54 ubuntu devstack@g-api.service[119431]: DEBUG glance.common.config [None req-f4028682-9055-4c70-b7f3-c1c976e4173a None None] profiler.trace_sqlalchemy      = False {{(pid=119431) log_opt_values /opt/stack/data/venv/lib/python3.10/site-packages/oslo_config/cfg.py:2620}}
Mar 04 05:38:54 ubuntu devstack@g-api.service[119431]: DEBUG glance.common.config [None req-f4028682-9055-4c70-b7f3-c1c976e4173a None None] profiler_jaeger.process_tags   = {} {{(pid=119431) log_opt_values /opt/stack/data/venv/lib/python3.10/site-packages/oslo_config/cfg.py:2620}}
Mar 04 05:38:54 ubuntu devstack@g-api.service[119431]: DEBUG glance.common.config [None req-f4028682-9055-4c70-b7f3-c1c976e4173a None None] profiler_jaeger.service_name_prefix = None {{(pid=119431) log_opt_values /opt/stack/data/venv/lib/python3.10/site-packages/oslo_config/cfg.py:2620}}
Mar 04 05:38:54 ubuntu devstack@g-api.service[119431]: DEBUG glance.common.config [None req-f4028682-9055-4c70-b7f3-c1c976e4173a None None] profiler_otlp.service_name_prefix = None {{(pid=119431) log_opt_values /opt/stack/data/venv/lib/python3.10/site-packages/oslo_config/cfg.py:2620}}
Mar 04 05:38:54 ubuntu devstack@g-api.service[119431]: DEBUG glance.common.config [None req-f4028682-9055-4c70-b7f3-c1c976e4173a None None] import_filtering_opts.allowed_hosts = [] {{(pid=119431) log_opt_values /opt/stack/data/venv/lib/python3.10/site-packages/oslo_config/cfg.py:2620}}
Mar 04 05:38:54 ubuntu devstack@g-api.service[119431]: DEBUG glance.common.config [None req-f4028682-9055-4c70-b7f3-c1c976e4173a None None] import_filtering_opts.allowed_ports = [80, 443] {{(pid=119431) log_opt_values /opt/stack/data/venv/lib/python3.10/site-packages/oslo_config/cfg.py:2620}}
Mar 04 05:38:54 ubuntu devstack@g-api.service[119430]: DEBUG glance.common.config [None req-530c3a92-c8e7-46a6-8203-02259542d5dd None None] ******************************************************************************** {{(pid=119430) log_opt_values /opt/stack/data/venv/lib/python3.10/site-packages/oslo_config/cfg.py:2600}}
Mar 04 05:38:54 ubuntu devstack@g-api.service[119431]: DEBUG glance.common.config [None req-f4028682-9055-4c70-b7f3-c1c976e4173a None None] import_filtering_opts.allowed_schemes = ['http', 'https'] {{(pid=119431) log_opt_values /opt/stack/data/venv/lib/python3.10/site-packages/oslo_config/cfg.py:2620}}
Mar 04 05:38:54 ubuntu devstack@g-api.service[119430]: DEBUG glance.common.config [None req-530c3a92-c8e7-46a6-8203-02259542d5dd None None] Configuration options gathered from: {{(pid=119430) log_opt_values /opt/stack/data/venv/lib/python3.10/site-packages/oslo_config/cfg.py:2601}}
Mar 04 05:38:54 ubuntu devstack@g-api.service[119431]: DEBUG glance.common.config [None req-f4028682-9055-4c70-b7f3-c1c976e4173a None None] import_filtering_opts.disallowed_hosts = [] {{(pid=119431) log_opt_values /opt/stack/data/venv/lib/python3.10/site-packages/oslo_config/cfg.py:2620}}
Mar 04 05:38:54 ubuntu devstack@g-api.service[119431]: DEBUG glance.common.config [None req-f4028682-9055-4c70-b7f3-c1c976e4173a None None] import_filtering_opts.disallowed_ports = [] {{(pid=119431) log_opt_values /opt/stack/data/venv/lib/python3.10/site-packages/oslo_config/cfg.py:2620}}
Mar 04 05:38:54 ubuntu devstack@g-api.service[119431]: DEBUG glance.common.config [None req-f4028682-9055-4c70-b7f3-c1c976e4173a None None] import_filtering_opts.disallowed_schemes = [] {{(pid=119431) log_opt_values /opt/stack/data/venv/lib/python3.10/site-packages/oslo_config/cfg.py:2620}}
Mar 04 05:38:54 ubuntu devstack@g-api.service[119430]: DEBUG glance.common.config [None req-530c3a92-c8e7-46a6-8203-02259542d5dd None None] command line args: [] {{(pid=119430) log_opt_values /opt/stack/data/venv/lib/python3.10/site-packages/oslo_config/cfg.py:2602}}
Mar 04 05:38:54 ubuntu devstack@g-api.service[119431]: DEBUG glance.common.config [None req-f4028682-9055-4c70-b7f3-c1c976e4173a None None] oslo_messaging_metrics.metrics_buffer_size = 1000 {{(pid=119431) log_opt_values /opt/stack/data/venv/lib/python3.10/site-packages/oslo_config/cfg.py:2620}}
