Apr 16 13:18:52 ubuntu devstack@keystone.service[80484]: DEBUG keystone.server.flask.request_processing.middleware.auth_context [None req-efda8927-c106-4fbe-9ecc-19cbf4d49fc2 None None] Validating token access rules against request {{(pid=80484) validate_allowed_request /opt/stack/data/venv/lib/python3.10/site-packages/keystonemiddleware/auth_token/__init__.py:544}}
Apr 16 13:18:52 ubuntu devstack@keystone.service[80484]: DEBUG keystone.server.flask.request_processing.middleware.auth_context [None req-11159d87-156f-444a-a501-a6cee1e0b188 None admin] RBAC: auth_context: {'token': <TokenModel (audit_id=Rac-OLS2QI6FAw2A88yruw, audit_chain_id=['Rac-OLS2QI6FAw2A88yruw']) at 0x7f74c8d65930>, 'domain_id': None, 'trust_id': None, 'trustor_id': None, 'trustee_id': None, 'domain_name': None, 'group_ids': [], 'user_id': '3f260d1efff24666a88e254a26d2d862', 'user_domain_id': 'default', 'system_scope': 'all', 'project_id': None, 'project_domain_id': None, 'roles': ['admin', 'manager', 'member', 'reader'], 'is_admin_project': True, 'service_user_id': None, 'service_user_domain_id': None, 'service_project_id': None, 'service_project_domain_id': None, 'service_roles': []} {{(pid=80484) fill_context /opt/stack/keystone/keystone/server/flask/request_processing/middleware/auth_context.py:506}}
Apr 16 13:18:52 ubuntu devstack@keystone.service[80484]: DEBUG keystone.server.flask.request_processing.req_logging [None req-11159d87-156f-444a-a501-a6cee1e0b188 None admin] REQUEST_METHOD: `GET` {{(pid=80484) log_request_info /opt/stack/keystone/keystone/server/flask/request_processing/req_logging.py:26}}
Apr 16 13:18:52 ubuntu devstack@keystone.service[80484]: DEBUG keystone.server.flask.request_processing.req_logging [None req-11159d87-156f-444a-a501-a6cee1e0b188 None admin] SCRIPT_NAME: `/identity` {{(pid=80484) log_request_info /opt/stack/keystone/keystone/server/flask/request_processing/req_logging.py:27}}
Apr 16 13:18:52 ubuntu devstack@keystone.service[80484]: DEBUG keystone.server.flask.request_processing.req_logging [None req-11159d87-156f-444a-a501-a6cee1e0b188 None admin] PATH_INFO: `/v3/roles/admin` {{(pid=80484) log_request_info /opt/stack/keystone/keystone/server/flask/request_processing/req_logging.py:28}}
Apr 16 13:18:52 ubuntu devstack@keystone.service[80484]: DEBUG keystone.common.rbac_enforcer.enforcer [None req-11159d87-156f-444a-a501-a6cee1e0b188 None admin] Extracting inferred target data resulted in "NOT FOUND (404)". {{(pid=80484) enforce_call /opt/stack/keystone/keystone/common/rbac_enforcer/enforcer.py:445}}
Apr 16 13:18:52 ubuntu devstack@keystone.service[80484]: DEBUG keystone.server.flask.application [None req-11159d87-156f-444a-a501-a6cee1e0b188 None admin] Could not find role: admin. {{(pid=80484) _handle_keystone_exception /opt/stack/keystone/keystone/server/flask/application.py:146}}
Apr 16 13:18:52 ubuntu devstack@keystone.service[80484]: [pid: 80484|app: 0|req: 13/26] 10.201.5.82 () {56 vars in 1132 bytes} [Wed Apr 16 13:18:52 2025] GET /identity/v3/roles/admin => generated 83 bytes in 79 msecs (HTTP/1.1 404) 5 headers in 183 bytes (1 switches on core 0)
Apr 16 13:18:52 ubuntu devstack@keystone.service[80485]: DEBUG keystone.server.flask.request_processing.middleware.auth_context [None req-f3098a25-9f97-4f7d-b4ff-bc69945bfc8d None None] Authenticating user token {{(pid=80485) process_request /opt/stack/data/venv/lib/python3.10/site-packages/keystonemiddleware/auth_token/__init__.py:406}}
Apr 16 13:18:52 ubuntu devstack@keystone.service[80485]: DEBUG keystone.server.flask.request_processing.middleware.auth_context [None req-f3098a25-9f97-4f7d-b4ff-bc69945bfc8d None None] Validating token access rules against request {{(pid=80485) validate_allowed_request /opt/stack/data/venv/lib/python3.10/site-packages/keystonemiddleware/auth_token/__init__.py:544}}
Apr 16 13:18:52 ubuntu devstack@keystone.service[80484]: DEBUG keystone.server.flask.request_processing.middleware.auth_context [None req-11159d87-156f-444a-a501-a6cee1e0b188 None admin] Authenticating user token {{(pid=80484) process_request /opt/stack/data/venv/lib/python3.10/site-packages/keystonemiddleware/auth_token/__init__.py:406}}
Apr 16 13:18:52 ubuntu devstack@keystone.service[80485]: DEBUG keystone.server.flask.request_processing.middleware.auth_context [None req-98c43ace-7f26-4161-9533-a5ea3ea2d842 None admin] RBAC: auth_context: {'token': <TokenModel (audit_id=Rac-OLS2QI6FAw2A88yruw, audit_chain_id=['Rac-OLS2QI6FAw2A88yruw']) at 0x7f74c89d9420>, 'domain_id': None, 'trust_id': None, 'trustor_id': None, 'trustee_id': None, 'domain_name': None, 'group_ids': [], 'user_id': '3f260d1efff24666a88e254a26d2d862', 'user_domain_id': 'default', 'system_scope': 'all', 'project_id': None, 'project_domain_id': None, 'roles': ['admin', 'manager', 'member', 'reader'], 'is_admin_project': True, 'service_user_id': None, 'service_user_domain_id': None, 'service_project_id': None, 'service_project_domain_id': None, 'service_roles': []} {{(pid=80485) fill_context /opt/stack/keystone/keystone/server/flask/request_processing/middleware/auth_context.py:506}}
Apr 16 13:18:52 ubuntu devstack@keystone.service[80485]: DEBUG keystone.server.flask.request_processing.req_logging [None req-98c43ace-7f26-4161-9533-a5ea3ea2d842 None admin] REQUEST_METHOD: `GET` {{(pid=80485) log_request_info /opt/stack/keystone/keystone/server/flask/request_processing/req_logging.py:26}}
Apr 16 13:18:52 ubuntu devstack@keystone.service[80485]: DEBUG keystone.server.flask.request_processing.req_logging [None req-98c43ace-7f26-4161-9533-a5ea3ea2d842 None admin] SCRIPT_NAME: `/identity` {{(pid=80485) log_request_info /opt/stack/keystone/keystone/server/flask/request_processing/req_logging.py:27}}
Apr 16 13:18:52 ubuntu devstack@keystone.service[80485]: DEBUG keystone.server.flask.request_processing.req_logging [None req-98c43ace-7f26-4161-9533-a5ea3ea2d842 None admin] PATH_INFO: `/v3/roles` {{(pid=80485) log_request_info /opt/stack/keystone/keystone/server/flask/request_processing/req_logging.py:28}}
Apr 16 13:18:52 ubuntu devstack@keystone.service[80485]: DEBUG keystone.common.rbac_enforcer.enforcer [None req-98c43ace-7f26-4161-9533-a5ea3ea2d842 None admin] RBAC: Adding query filter params (name=admin) {{(pid=80485) _extract_filter_values /opt/stack/keystone/keystone/common/rbac_enforcer/enforcer.py:176}}
Apr 16 13:18:52 ubuntu devstack@keystone.service[80485]: DEBUG keystone.common.rbac_enforcer.enforcer [None req-98c43ace-7f26-4161-9533-a5ea3ea2d842 None admin] RBAC: Authorizing `identity:list_roles()` {{(pid=80485) enforce_call /opt/stack/keystone/keystone/common/rbac_enforcer/enforcer.py:495}}
Apr 16 13:18:52 ubuntu devstack@keystone.service[80485]: DEBUG keystone.common.rbac_enforcer.enforcer [None req-98c43ace-7f26-4161-9533-a5ea3ea2d842 None admin] RBAC: Authorization granted {{(pid=80485) enforce_call /opt/stack/keystone/keystone/common/rbac_enforcer/enforcer.py:506}}
Apr 16 13:18:52 ubuntu devstack@keystone.service[80485]: [pid: 80485|app: 0|req: 14/27] 10.201.5.82 () {56 vars in 1148 bytes} [Wed Apr 16 13:18:52 2025] GET /identity/v3/roles?name=admin => generated 339 bytes in 88 msecs (HTTP/1.1 200) 5 headers in 177 bytes (1 switches on core 0)
Apr 16 13:18:52 ubuntu devstack@keystone.service[80485]: DEBUG keystone.server.flask.request_processing.middleware.auth_context [None req-98c43ace-7f26-4161-9533-a5ea3ea2d842 None admin] Authenticating user token {{(pid=80485) process_request /opt/stack/data/venv/lib/python3.10/site-packages/keystonemiddleware/auth_token/__init__.py:406}}
Apr 16 13:18:52 ubuntu devstack@keystone.service[80484]: DEBUG keystone.server.flask.request_processing.middleware.auth_context [None req-11159d87-156f-444a-a501-a6cee1e0b188 None admin] Validating token access rules against request {{(pid=80484) validate_allowed_request /opt/stack/data/venv/lib/python3.10/site-packages/keystonemiddleware/auth_token/__init__.py:544}}
Apr 16 13:18:52 ubuntu devstack@keystone.service[80485]: DEBUG keystone.server.flask.request_processing.middleware.auth_context [None req-98c43ace-7f26-4161-9533-a5ea3ea2d842 None admin] Validating token access rules against request {{(pid=80485) validate_allowed_request /opt/stack/data/venv/lib/python3.10/site-packages/keystonemiddleware/auth_token/__init__.py:544}}
Apr 16 13:18:52 ubuntu devstack@keystone.service[80484]: DEBUG keystone.server.flask.request_processing.middleware.auth_context [None req-e740ee8d-ba66-4052-bf85-aca0d0de1e90 None admin] RBAC: auth_context: {'token': <TokenModel (audit_id=-yxSnfobSdOkavwTqFDoOg, audit_chain_id=['-yxSnfobSdOkavwTqFDoOg']) at 0x7f74c8cd4160>, 'domain_id': None, 'trust_id': None, 'trustor_id': None, 'trustee_id': None, 'domain_name': None, 'group_ids': [], 'user_id': '3f260d1efff24666a88e254a26d2d862', 'user_domain_id': 'default', 'system_scope': 'all', 'project_id': None, 'project_domain_id': None, 'roles': ['admin', 'manager', 'member', 'reader'], 'is_admin_project': True, 'service_user_id': None, 'service_user_domain_id': None, 'service_project_id': None, 'service_project_domain_id': None, 'service_roles': []} {{(pid=80484) fill_context /opt/stack/keystone/keystone/server/flask/request_processing/middleware/auth_context.py:506}}
Apr 16 13:18:52 ubuntu devstack@keystone.service[80484]: DEBUG keystone.server.flask.request_processing.req_logging [None req-e740ee8d-ba66-4052-bf85-aca0d0de1e90 None admin] REQUEST_METHOD: `GET` {{(pid=80484) log_request_info /opt/stack/keystone/keystone/server/flask/request_processing/req_logging.py:26}}
Apr 16 13:18:52 ubuntu devstack@keystone.service[80484]: DEBUG keystone.server.flask.request_processing.req_logging [None req-e740ee8d-ba66-4052-bf85-aca0d0de1e90 None admin] SCRIPT_NAME: `/identity` {{(pid=80484) log_request_info /opt/stack/keystone/keystone/server/flask/request_processing/req_logging.py:27}}
Apr 16 13:18:52 ubuntu devstack@keystone.service[80484]: DEBUG keystone.server.flask.request_processing.req_logging [None req-e740ee8d-ba66-4052-bf85-aca0d0de1e90 None admin] PATH_INFO: `/v3/domains/Default` {{(pid=80484) log_request_info /opt/stack/keystone/keystone/server/flask/request_processing/req_logging.py:28}}
Apr 16 13:18:52 ubuntu devstack@keystone.service[80484]: DEBUG keystone.common.rbac_enforcer.enforcer [None req-e740ee8d-ba66-4052-bf85-aca0d0de1e90 None admin] RBAC: Authorizing `identity:get_domain(domain_id=Default)` {{(pid=80484) enforce_call /opt/stack/keystone/keystone/common/rbac_enforcer/enforcer.py:495}}
Apr 16 13:18:52 ubuntu devstack@keystone.service[80484]: DEBUG keystone.common.rbac_enforcer.enforcer [None req-e740ee8d-ba66-4052-bf85-aca0d0de1e90 None admin] RBAC: Authorization granted {{(pid=80484) enforce_call /opt/stack/keystone/keystone/common/rbac_enforcer/enforcer.py:506}}
Apr 16 13:18:52 ubuntu devstack@keystone.service[80485]: DEBUG keystone.server.flask.request_processing.middleware.auth_context [None req-84779cb7-a7ba-402c-8c2b-ee9a4749c173 None admin] RBAC: auth_context: {'token': <TokenModel (audit_id=Rac-OLS2QI6FAw2A88yruw, audit_chain_id=['Rac-OLS2QI6FAw2A88yruw']) at 0x7f74c89d97b0>, 'domain_id': None, 'trust_id': None, 'trustor_id': None, 'trustee_id': None, 'domain_name': None, 'group_ids': [], 'user_id': '3f260d1efff24666a88e254a26d2d862', 'user_domain_id': 'default', 'system_scope': 'all', 'project_id': None, 'project_domain_id': None, 'roles': ['admin', 'manager', 'member', 'reader'], 'is_admin_project': True, 'service_user_id': None, 'service_user_domain_id': None, 'service_project_id': None, 'service_project_domain_id': None, 'service_roles': []} {{(pid=80485) fill_context /opt/stack/keystone/keystone/server/flask/request_processing/middleware/auth_context.py:506}}
Apr 16 13:18:52 ubuntu devstack@keystone.service[80485]: DEBUG keystone.server.flask.request_processing.req_logging [None req-84779cb7-a7ba-402c-8c2b-ee9a4749c173 None admin] REQUEST_METHOD: `GET` {{(pid=80485) log_request_info /opt/stack/keystone/keystone/server/flask/request_processing/req_logging.py:26}}
Apr 16 13:18:52 ubuntu devstack@keystone.service[80485]: DEBUG keystone.server.flask.request_processing.req_logging [None req-84779cb7-a7ba-402c-8c2b-ee9a4749c173 None admin] SCRIPT_NAME: `/identity` {{(pid=80485) log_request_info /opt/stack/keystone/keystone/server/flask/request_processing/req_logging.py:27}}
Apr 16 13:18:52 ubuntu devstack@keystone.service[80485]: DEBUG keystone.server.flask.request_processing.req_logging [None req-84779cb7-a7ba-402c-8c2b-ee9a4749c173 None admin] PATH_INFO: `/v3/users/3f260d1efff24666a88e254a26d2d862` {{(pid=80485) log_request_info /opt/stack/keystone/keystone/server/flask/request_processing/req_logging.py:28}}
Apr 16 13:18:52 ubuntu devstack@keystone.service[80485]: DEBUG keystone.common.rbac_enforcer.enforcer [None req-84779cb7-a7ba-402c-8c2b-ee9a4749c173 None admin] RBAC: Authorizing `identity:get_user(user_id=3f260d1efff24666a88e254a26d2d862)` {{(pid=80485) enforce_call /opt/stack/keystone/keystone/common/rbac_enforcer/enforcer.py:495}}
Apr 16 13:18:52 ubuntu devstack@keystone.service[80485]: DEBUG keystone.common.rbac_enforcer.enforcer [None req-84779cb7-a7ba-402c-8c2b-ee9a4749c173 None admin] RBAC: Authorization granted {{(pid=80485) enforce_call /opt/stack/keystone/keystone/common/rbac_enforcer/enforcer.py:506}}
Apr 16 13:18:52 ubuntu devstack@keystone.service[80484]: DEBUG keystone.server.flask.application [None req-e740ee8d-ba66-4052-bf85-aca0d0de1e90 None admin] Could not find domain: Default. {{(pid=80484) _handle_keystone_exception /opt/stack/keystone/keystone/server/flask/application.py:146}}
Apr 16 13:18:52 ubuntu devstack@keystone.service[80484]: [pid: 80484|app: 0|req: 14/28] 10.201.5.82 () {56 vars in 1100 bytes} [Wed Apr 16 13:18:52 2025] GET /identity/v3/domains/Default => generated 87 bytes in 125 msecs (HTTP/1.1 404) 5 headers in 183 bytes (2 switches on core 0)
Apr 16 13:18:52 ubuntu devstack@keystone.service[80484]: DEBUG keystone.server.flask.request_processing.req_logging [None req-85cbfcbb-38e5-48c6-b699-5961d9375e1b None None] REQUEST_METHOD: `GET` {{(pid=80484) log_request_info /opt/stack/keystone/keystone/server/flask/request_processing/req_logging.py:26}}
Apr 16 13:18:52 ubuntu devstack@keystone.service[80484]: DEBUG keystone.server.flask.request_processing.req_logging [None req-85cbfcbb-38e5-48c6-b699-5961d9375e1b None None] SCRIPT_NAME: `/identity` {{(pid=80484) log_request_info /opt/stack/keystone/keystone/server/flask/request_processing/req_logging.py:27}}
Apr 16 13:18:52 ubuntu devstack@keystone.service[80484]: DEBUG keystone.server.flask.request_processing.req_logging [None req-85cbfcbb-38e5-48c6-b699-5961d9375e1b None None] PATH_INFO: `/` {{(pid=80484) log_request_info /opt/stack/keystone/keystone/server/flask/request_processing/req_logging.py:28}}
Apr 16 13:18:52 ubuntu devstack@keystone.service[80484]: [pid: 80484|app: 0|req: 15/29] 10.201.5.82 () {54 vars in 919 bytes} [Wed Apr 16 13:18:52 2025] GET /identity => generated 270 bytes in 1 msecs (HTTP/1.1 300) 6 headers in 234 bytes (1 switches on core 0)
Apr 16 13:18:52 ubuntu devstack@keystone.service[80485]: [pid: 80485|app: 0|req: 15/30] 10.201.5.82 () {56 vars in 1213 bytes} [Wed Apr 16 13:18:52 2025] GET /identity/v3/users/3f260d1efff24666a88e254a26d2d862 => generated 247 bytes in 100 msecs (HTTP/1.1 200) 5 headers in 177 bytes (1 switches on core 0)
Apr 16 13:18:52 ubuntu devstack@keystone.service[80484]: DEBUG keystone.server.flask.request_processing.middleware.auth_context [None req-85cbfcbb-38e5-48c6-b699-5961d9375e1b None None] Authenticating user token {{(pid=80484) process_request /opt/stack/data/venv/lib/python3.10/site-packages/keystonemiddleware/auth_token/__init__.py:406}}
Apr 16 13:18:52 ubuntu devstack@keystone.service[80485]: DEBUG keystone.server.flask.request_processing.middleware.auth_context [None req-84779cb7-a7ba-402c-8c2b-ee9a4749c173 None admin] Authenticating user token {{(pid=80485) process_request /opt/stack/data/venv/lib/python3.10/site-packages/keystonemiddleware/auth_token/__init__.py:406}}
Apr 16 13:18:52 ubuntu devstack@keystone.service[80484]: DEBUG keystone.server.flask.request_processing.middleware.auth_context [None req-85cbfcbb-38e5-48c6-b699-5961d9375e1b None None] Validating token access rules against request {{(pid=80484) validate_allowed_request /opt/stack/data/venv/lib/python3.10/site-packages/keystonemiddleware/auth_token/__init__.py:544}}
Apr 16 13:18:52 ubuntu devstack@keystone.service[80485]: DEBUG keystone.server.flask.request_processing.middleware.auth_context [None req-84779cb7-a7ba-402c-8c2b-ee9a4749c173 None admin] Validating token access rules against request {{(pid=80485) validate_allowed_request /opt/stack/data/venv/lib/python3.10/site-packages/keystonemiddleware/auth_token/__init__.py:544}}
Apr 16 13:18:52 ubuntu devstack@keystone.service[80484]: DEBUG keystone.server.flask.request_processing.middleware.auth_context [None req-f40d094d-f9ac-4e45-a2b8-36693f673017 None admin] RBAC: auth_context: {'token': <TokenModel (audit_id=-yxSnfobSdOkavwTqFDoOg, audit_chain_id=['-yxSnfobSdOkavwTqFDoOg']) at 0x7f74c8a3e1d0>, 'domain_id': None, 'trust_id': None, 'trustor_id': None, 'trustee_id': None, 'domain_name': None, 'group_ids': [], 'user_id': '3f260d1efff24666a88e254a26d2d862', 'user_domain_id': 'default', 'system_scope': 'all', 'project_id': None, 'project_domain_id': None, 'roles': ['admin', 'manager', 'member', 'reader'], 'is_admin_project': True, 'service_user_id': None, 'service_user_domain_id': None, 'service_project_id': None, 'service_project_domain_id': None, 'service_roles': []} {{(pid=80484) fill_context /opt/stack/keystone/keystone/server/flask/request_processing/middleware/auth_context.py:506}}
Apr 16 13:18:52 ubuntu devstack@keystone.service[80484]: DEBUG keystone.server.flask.request_processing.req_logging [None req-f40d094d-f9ac-4e45-a2b8-36693f673017 None admin] REQUEST_METHOD: `GET` {{(pid=80484) log_request_info /opt/stack/keystone/keystone/server/flask/request_processing/req_logging.py:26}}
Apr 16 13:18:52 ubuntu devstack@keystone.service[80484]: DEBUG keystone.server.flask.request_processing.req_logging [None req-f40d094d-f9ac-4e45-a2b8-36693f673017 None admin] SCRIPT_NAME: `/identity` {{(pid=80484) log_request_info /opt/stack/keystone/keystone/server/flask/request_processing/req_logging.py:27}}
Apr 16 13:18:52 ubuntu devstack@keystone.service[80484]: DEBUG keystone.server.flask.request_processing.req_logging [None req-f40d094d-f9ac-4e45-a2b8-36693f673017 None admin] PATH_INFO: `/v3/domains` {{(pid=80484) log_request_info /opt/stack/keystone/keystone/server/flask/request_processing/req_logging.py:28}}
Apr 16 13:18:52 ubuntu devstack@keystone.service[80484]: DEBUG keystone.common.rbac_enforcer.enforcer [None req-f40d094d-f9ac-4e45-a2b8-36693f673017 None admin] RBAC: Adding query filter params (name=Default) {{(pid=80484) _extract_filter_values /opt/stack/keystone/keystone/common/rbac_enforcer/enforcer.py:176}}
Apr 16 13:18:52 ubuntu devstack@keystone.service[80484]: DEBUG keystone.common.rbac_enforcer.enforcer [None req-f40d094d-f9ac-4e45-a2b8-36693f673017 None admin] RBAC: Authorizing `identity:list_domains()` {{(pid=80484) enforce_call /opt/stack/keystone/keystone/common/rbac_enforcer/enforcer.py:495}}
Apr 16 13:18:52 ubuntu devstack@keystone.service[80485]: DEBUG keystone.server.flask.request_processing.middleware.auth_context [None req-c71f5bc2-8560-42cf-80d1-22135e5c3c32 None admin] RBAC: auth_context: {'token': <TokenModel (audit_id=Rac-OLS2QI6FAw2A88yruw, audit_chain_id=['Rac-OLS2QI6FAw2A88yruw']) at 0x7f74c89d9db0>, 'domain_id': None, 'trust_id': None, 'trustor_id': None, 'trustee_id': None, 'domain_name': None, 'group_ids': [], 'user_id': '3f260d1efff24666a88e254a26d2d862', 'user_domain_id': 'default', 'system_scope': 'all', 'project_id': None, 'project_domain_id': None, 'roles': ['admin', 'manager', 'member', 'reader'], 'is_admin_project': True, 'service_user_id': None, 'service_user_domain_id': None, 'service_project_id': None, 'service_project_domain_id': None, 'service_roles': []} {{(pid=80485) fill_context /opt/stack/keystone/keystone/server/flask/request_processing/middleware/auth_context.py:506}}
Apr 16 13:18:52 ubuntu devstack@keystone.service[80485]: DEBUG keystone.server.flask.request_processing.req_logging [None req-c71f5bc2-8560-42cf-80d1-22135e5c3c32 None admin] REQUEST_METHOD: `GET` {{(pid=80485) log_request_info /opt/stack/keystone/keystone/server/flask/request_processing/req_logging.py:26}}
Apr 16 13:18:52 ubuntu devstack@keystone.service[80484]: DEBUG keystone.common.rbac_enforcer.enforcer [None req-f40d094d-f9ac-4e45-a2b8-36693f673017 None admin] RBAC: Authorization granted {{(pid=80484) enforce_call /opt/stack/keystone/keystone/common/rbac_enforcer/enforcer.py:506}}
Apr 16 13:18:52 ubuntu devstack@keystone.service[80485]: DEBUG keystone.server.flask.request_processing.req_logging [None req-c71f5bc2-8560-42cf-80d1-22135e5c3c32 None admin] SCRIPT_NAME: `/identity` {{(pid=80485) log_request_info /opt/stack/keystone/keystone/server/flask/request_processing/req_logging.py:27}}
Apr 16 13:18:52 ubuntu devstack@keystone.service[80485]: DEBUG keystone.server.flask.request_processing.req_logging [None req-c71f5bc2-8560-42cf-80d1-22135e5c3c32 None admin] PATH_INFO: `/v3/domains/default` {{(pid=80485) log_request_info /opt/stack/keystone/keystone/server/flask/request_processing/req_logging.py:28}}
Apr 16 13:18:52 ubuntu devstack@keystone.service[80485]: DEBUG keystone.common.rbac_enforcer.enforcer [None req-c71f5bc2-8560-42cf-80d1-22135e5c3c32 None admin] RBAC: Authorizing `identity:get_domain(domain_id=default)` {{(pid=80485) enforce_call /opt/stack/keystone/keystone/common/rbac_enforcer/enforcer.py:495}}
Apr 16 13:18:52 ubuntu devstack@keystone.service[80485]: DEBUG keystone.common.rbac_enforcer.enforcer [None req-c71f5bc2-8560-42cf-80d1-22135e5c3c32 None admin] RBAC: Authorization granted {{(pid=80485) enforce_call /opt/stack/keystone/keystone/common/rbac_enforcer/enforcer.py:506}}
Apr 16 13:18:52 ubuntu devstack@keystone.service[80485]: [pid: 80485|app: 0|req: 16/31] 10.201.5.82 () {56 vars in 1144 bytes} [Wed Apr 16 13:18:52 2025] GET /identity/v3/domains/default => generated 199 bytes in 88 msecs (HTTP/1.1 200) 5 headers in 177 bytes (1 switches on core 0)
Apr 16 13:18:52 ubuntu devstack@keystone.service[80485]: DEBUG keystone.server.flask.request_processing.req_logging [None req-9dfaac08-2037-4589-b00a-03f1bdec894a None None] REQUEST_METHOD: `POST` {{(pid=80485) log_request_info /opt/stack/keystone/keystone/server/flask/request_processing/req_logging.py:26}}
Apr 16 13:18:52 ubuntu devstack@keystone.service[80485]: DEBUG keystone.server.flask.request_processing.req_logging [None req-9dfaac08-2037-4589-b00a-03f1bdec894a None None] SCRIPT_NAME: `/identity` {{(pid=80485) log_request_info /opt/stack/keystone/keystone/server/flask/request_processing/req_logging.py:27}}
Apr 16 13:18:52 ubuntu devstack@keystone.service[80485]: DEBUG keystone.server.flask.request_processing.req_logging [None req-9dfaac08-2037-4589-b00a-03f1bdec894a None None] PATH_INFO: `/v3/auth/tokens` {{(pid=80485) log_request_info /opt/stack/keystone/keystone/server/flask/request_processing/req_logging.py:28}}
Apr 16 13:18:52 ubuntu devstack@keystone.service[80484]: [pid: 80484|app: 0|req: 16/32] 10.201.5.82 () {56 vars in 1101 bytes} [Wed Apr 16 13:18:52 2025] GET /identity/v3/domains?name=Default => generated 308 bytes in 93 msecs (HTTP/1.1 200) 5 headers in 177 bytes (1 switches on core 0)
Apr 16 13:18:52 ubuntu devstack@keystone.service[80484]: DEBUG keystone.server.flask.request_processing.req_logging [None req-82d5909b-9819-4f59-a67e-48ed5de745b9 None None] REQUEST_METHOD: `GET` {{(pid=80484) log_request_info /opt/stack/keystone/keystone/server/flask/request_processing/req_logging.py:26}}
Apr 16 13:18:52 ubuntu devstack@keystone.service[80484]: DEBUG keystone.server.flask.request_processing.req_logging [None req-82d5909b-9819-4f59-a67e-48ed5de745b9 None None] SCRIPT_NAME: `/identity` {{(pid=80484) log_request_info /opt/stack/keystone/keystone/server/flask/request_processing/req_logging.py:27}}
Apr 16 13:18:52 ubuntu devstack@keystone.service[80484]: DEBUG keystone.server.flask.request_processing.req_logging [None req-82d5909b-9819-4f59-a67e-48ed5de745b9 None None] PATH_INFO: `/` {{(pid=80484) log_request_info /opt/stack/keystone/keystone/server/flask/request_processing/req_logging.py:28}}
Apr 16 13:18:52 ubuntu devstack@keystone.service[80484]: [pid: 80484|app: 0|req: 17/33] 10.201.5.82 () {54 vars in 919 bytes} [Wed Apr 16 13:18:52 2025] GET /identity => generated 270 bytes in 1 msecs (HTTP/1.1 300) 6 headers in 234 bytes (1 switches on core 0)
Apr 16 13:18:52 ubuntu devstack@keystone.service[80484]: DEBUG keystone.server.flask.request_processing.middleware.auth_context [None req-82d5909b-9819-4f59-a67e-48ed5de745b9 None None] Authenticating user token {{(pid=80484) process_request /opt/stack/data/venv/lib/python3.10/site-packages/keystonemiddleware/auth_token/__init__.py:406}}
Apr 16 13:18:52 ubuntu devstack@keystone.service[80485]: WARNING keystone.common.password_hashing [None req-9dfaac08-2037-4589-b00a-03f1bdec894a None None] Truncating password to algorithm specific maximum length 72 characters.
Apr 16 13:18:52 ubuntu devstack@keystone.service[80485]: DEBUG keystone.auth.core [None req-9dfaac08-2037-4589-b00a-03f1bdec894a None None] MFA Rules not processed for user `3f260d1efff24666a88e254a26d2d862`. Rule list: `[]` (Enabled: `True`). {{(pid=80485) check_auth_methods_against_rules /opt/stack/keystone/keystone/auth/core.py:476}}
Apr 16 13:18:52 ubuntu devstack@keystone.service[80485]: DEBUG keystone.common.fernet_utils [None req-9dfaac08-2037-4589-b00a-03f1bdec894a None None] Loaded 2 Fernet keys from /etc/keystone/fernet-keys/, but `[fernet_tokens] max_active_keys = 3`; perhaps there have not been enough key rotations to reach `max_active_keys` yet? {{(pid=80485) load_keys /opt/stack/keystone/keystone/common/fernet_utils.py:297}}
Apr 16 13:18:52 ubuntu devstack@keystone.service[80484]: DEBUG keystone.server.flask.request_processing.middleware.auth_context [None req-82d5909b-9819-4f59-a67e-48ed5de745b9 None None] Validating token access rules against request {{(pid=80484) validate_allowed_request /opt/stack/data/venv/lib/python3.10/site-packages/keystonemiddleware/auth_token/__init__.py:544}}
Apr 16 13:18:52 ubuntu devstack@keystone.service[80485]: [pid: 80485|app: 0|req: 17/34] 10.201.5.82 () {58 vars in 1016 bytes} [Wed Apr 16 13:18:52 2025] POST /identity/v3/auth/tokens => generated 862 bytes in 48 msecs (HTTP/1.1 201) 6 headers in 363 bytes (1 switches on core 0)
Apr 16 13:18:52 ubuntu devstack@keystone.service[80485]: DEBUG keystone.server.flask.request_processing.middleware.auth_context [None req-9dfaac08-2037-4589-b00a-03f1bdec894a None None] Authenticating user token {{(pid=80485) process_request /opt/stack/data/venv/lib/python3.10/site-packages/keystonemiddleware/auth_token/__init__.py:406}}
Apr 16 13:18:52 ubuntu devstack@keystone.service[80484]: DEBUG keystone.server.flask.request_processing.middleware.auth_context [None req-0ba8845d-d563-4b4d-b776-715b8efaf66b None admin] RBAC: auth_context: {'token': <TokenModel (audit_id=Rac-OLS2QI6FAw2A88yruw, audit_chain_id=['Rac-OLS2QI6FAw2A88yruw']) at 0x7f74c8cd4550>, 'domain_id': None, 'trust_id': None, 'trustor_id': None, 'trustee_id': None, 'domain_name': None, 'group_ids': [], 'user_id': '3f260d1efff24666a88e254a26d2d862', 'user_domain_id': 'default', 'system_scope': 'all', 'project_id': None, 'project_domain_id': None, 'roles': ['admin', 'manager', 'member', 'reader'], 'is_admin_project': True, 'service_user_id': None, 'service_user_domain_id': None, 'service_project_id': None, 'service_project_domain_id': None, 'service_roles': []} {{(pid=80484) fill_context /opt/stack/keystone/keystone/server/flask/request_processing/middleware/auth_context.py:506}}
Apr 16 13:18:52 ubuntu devstack@keystone.service[80484]: DEBUG keystone.server.flask.request_processing.req_logging [None req-0ba8845d-d563-4b4d-b776-715b8efaf66b None admin] REQUEST_METHOD: `GET` {{(pid=80484) log_request_info /opt/stack/keystone/keystone/server/flask/request_processing/req_logging.py:26}}
Apr 16 13:18:52 ubuntu devstack@keystone.service[80484]: DEBUG keystone.server.flask.request_processing.req_logging [None req-0ba8845d-d563-4b4d-b776-715b8efaf66b None admin] SCRIPT_NAME: `/identity` {{(pid=80484) log_request_info /opt/stack/keystone/keystone/server/flask/request_processing/req_logging.py:27}}
Apr 16 13:18:52 ubuntu devstack@keystone.service[80484]: DEBUG keystone.server.flask.request_processing.req_logging [None req-0ba8845d-d563-4b4d-b776-715b8efaf66b None admin] PATH_INFO: `/v3/role_assignments` {{(pid=80484) log_request_info /opt/stack/keystone/keystone/server/flask/request_processing/req_logging.py:28}}
Apr 16 13:18:52 ubuntu devstack@keystone.service[80484]: DEBUG keystone.common.rbac_enforcer.enforcer [None req-0ba8845d-d563-4b4d-b776-715b8efaf66b None admin] RBAC: Adding query filter params (role.id=f989696312ae4177849e2af94e3e9976, scope.domain.id=default, user.id=3f260d1efff24666a88e254a26d2d862) {{(pid=80484) _extract_filter_values /opt/stack/keystone/keystone/common/rbac_enforcer/enforcer.py:176}}
Apr 16 13:18:52 ubuntu devstack@keystone.service[80484]: DEBUG keystone.common.rbac_enforcer.enforcer [None req-0ba8845d-d563-4b4d-b776-715b8efaf66b None admin] RBAC: Authorizing `identity:list_role_assignments()` {{(pid=80484) enforce_call /opt/stack/keystone/keystone/common/rbac_enforcer/enforcer.py:495}}
Apr 16 13:18:52 ubuntu devstack@keystone.service[80484]: DEBUG keystone.common.rbac_enforcer.enforcer [None req-0ba8845d-d563-4b4d-b776-715b8efaf66b None admin] RBAC: Authorization granted {{(pid=80484) enforce_call /opt/stack/keystone/keystone/common/rbac_enforcer/enforcer.py:506}}
Apr 16 13:18:52 ubuntu devstack@keystone.service[80484]: [pid: 80484|app: 0|req: 18/35] 10.201.5.82 () {56 vars in 1371 bytes} [Wed Apr 16 13:18:52 2025] GET /identity/v3/role_assignments?role.id=f989696312ae4177849e2af94e3e9976&scope.domain.id=default&user.id=3f260d1efff24666a88e254a26d2d862 => generated 530 bytes in 58 msecs (HTTP/1.1 200) 5 headers in 177 bytes (1 switches on core 0)
Apr 16 13:18:52 ubuntu devstack@keystone.service[80484]: DEBUG keystone.server.flask.request_processing.req_logging [None req-66aef4b9-19c1-4bbd-b4fb-de4cf8434539 None None] REQUEST_METHOD: `POST` {{(pid=80484) log_request_info /opt/stack/keystone/keystone/server/flask/request_processing/req_logging.py:26}}
Apr 16 13:18:52 ubuntu devstack@keystone.service[80484]: DEBUG keystone.server.flask.request_processing.req_logging [None req-66aef4b9-19c1-4bbd-b4fb-de4cf8434539 None None] SCRIPT_NAME: `/identity` {{(pid=80484) log_request_info /opt/stack/keystone/keystone/server/flask/request_processing/req_logging.py:27}}
Apr 16 13:18:52 ubuntu devstack@keystone.service[80484]: DEBUG keystone.server.flask.request_processing.req_logging [None req-66aef4b9-19c1-4bbd-b4fb-de4cf8434539 None None] PATH_INFO: `/v3/auth/tokens` {{(pid=80484) log_request_info /opt/stack/keystone/keystone/server/flask/request_processing/req_logging.py:28}}
Apr 16 13:18:52 ubuntu devstack@keystone.service[80484]: WARNING keystone.common.password_hashing [None req-66aef4b9-19c1-4bbd-b4fb-de4cf8434539 None None] Truncating password to algorithm specific maximum length 72 characters.
Apr 16 13:18:52 ubuntu devstack@keystone.service[80485]: DEBUG keystone.server.flask.request_processing.middleware.auth_context [None req-9dfaac08-2037-4589-b00a-03f1bdec894a None None] Validating token access rules against request {{(pid=80485) validate_allowed_request /opt/stack/data/venv/lib/python3.10/site-packages/keystonemiddleware/auth_token/__init__.py:544}}
Apr 16 13:18:52 ubuntu devstack@keystone.service[80484]: DEBUG keystone.auth.core [None req-66aef4b9-19c1-4bbd-b4fb-de4cf8434539 None None] MFA Rules not processed for user `3f260d1efff24666a88e254a26d2d862`. Rule list: `[]` (Enabled: `True`). {{(pid=80484) check_auth_methods_against_rules /opt/stack/keystone/keystone/auth/core.py:476}}
Apr 16 13:18:52 ubuntu devstack@keystone.service[80484]: DEBUG keystone.common.fernet_utils [None req-66aef4b9-19c1-4bbd-b4fb-de4cf8434539 None None] Loaded 2 Fernet keys from /etc/keystone/fernet-keys/, but `[fernet_tokens] max_active_keys = 3`; perhaps there have not been enough key rotations to reach `max_active_keys` yet? {{(pid=80484) load_keys /opt/stack/keystone/keystone/common/fernet_utils.py:297}}
Apr 16 13:18:52 ubuntu devstack@keystone.service[80485]: DEBUG keystone.server.flask.request_processing.middleware.auth_context [None req-87e18c78-408a-4069-9371-673f2cc21eed None admin] RBAC: auth_context: {'token': <TokenModel (audit_id=-yxSnfobSdOkavwTqFDoOg, audit_chain_id=['-yxSnfobSdOkavwTqFDoOg']) at 0x7f74c89d9c00>, 'domain_id': None, 'trust_id': None, 'trustor_id': None, 'trustee_id': None, 'domain_name': None, 'group_ids': [], 'user_id': '3f260d1efff24666a88e254a26d2d862', 'user_domain_id': 'default', 'system_scope': 'all', 'project_id': None, 'project_domain_id': None, 'roles': ['admin', 'manager', 'member', 'reader'], 'is_admin_project': True, 'service_user_id': None, 'service_user_domain_id': None, 'service_project_id': None, 'service_project_domain_id': None, 'service_roles': []} {{(pid=80485) fill_context /opt/stack/keystone/keystone/server/flask/request_processing/middleware/auth_context.py:506}}
Apr 16 13:18:52 ubuntu devstack@keystone.service[80485]: DEBUG keystone.server.flask.request_processing.req_logging [None req-87e18c78-408a-4069-9371-673f2cc21eed None admin] REQUEST_METHOD: `POST` {{(pid=80485) log_request_info /opt/stack/keystone/keystone/server/flask/request_processing/req_logging.py:26}}
Apr 16 13:18:52 ubuntu devstack@keystone.service[80485]: DEBUG keystone.server.flask.request_processing.req_logging [None req-87e18c78-408a-4069-9371-673f2cc21eed None admin] SCRIPT_NAME: `/identity` {{(pid=80485) log_request_info /opt/stack/keystone/keystone/server/flask/request_processing/req_logging.py:27}}
Apr 16 13:18:52 ubuntu devstack@keystone.service[80485]: DEBUG keystone.server.flask.request_processing.req_logging [None req-87e18c78-408a-4069-9371-673f2cc21eed None admin] PATH_INFO: `/v3/projects` {{(pid=80485) log_request_info /opt/stack/keystone/keystone/server/flask/request_processing/req_logging.py:28}}
Apr 16 13:18:52 ubuntu devstack@keystone.service[80485]: DEBUG keystone.common.rbac_enforcer.enforcer [None req-87e18c78-408a-4069-9371-673f2cc21eed None admin] RBAC: Authorizing `identity:create_project()` {{(pid=80485) enforce_call /opt/stack/keystone/keystone/common/rbac_enforcer/enforcer.py:495}}
Apr 16 13:18:52 ubuntu devstack@keystone.service[80485]: DEBUG keystone.common.rbac_enforcer.enforcer [None req-87e18c78-408a-4069-9371-673f2cc21eed None admin] RBAC: Authorization granted {{(pid=80485) enforce_call /opt/stack/keystone/keystone/common/rbac_enforcer/enforcer.py:506}}
Apr 16 13:18:52 ubuntu devstack@keystone.service[80485]: [pid: 80485|app: 0|req: 18/36] 10.201.5.82 () {60 vars in 1133 bytes} [Wed Apr 16 13:18:52 2025] POST /identity/v3/projects => generated 301 bytes in 64 msecs (HTTP/1.1 201) 5 headers in 182 bytes (1 switches on core 0)
Apr 16 13:18:52 ubuntu devstack@keystone.service[80484]: [pid: 80484|app: 0|req: 19/37] 10.201.5.82 () {58 vars in 1016 bytes} [Wed Apr 16 13:18:52 2025] POST /identity/v3/auth/tokens => generated 862 bytes in 52 msecs (HTTP/1.1 201) 6 headers in 363 bytes (1 switches on core 0)
Apr 16 13:18:53 ubuntu devstack@keystone.service[80485]: DEBUG keystone.server.flask.request_processing.middleware.auth_context [None req-87e18c78-408a-4069-9371-673f2cc21eed None admin] Authenticating user token {{(pid=80485) process_request /opt/stack/data/venv/lib/python3.10/site-packages/keystonemiddleware/auth_token/__init__.py:406}}
Apr 16 13:18:53 ubuntu devstack@keystone.service[80484]: DEBUG keystone.server.flask.request_processing.middleware.auth_context [None req-66aef4b9-19c1-4bbd-b4fb-de4cf8434539 None None] Authenticating user token {{(pid=80484) process_request /opt/stack/data/venv/lib/python3.10/site-packages/keystonemiddleware/auth_token/__init__.py:406}}
Apr 16 13:18:53 ubuntu devstack@keystone.service[80484]: DEBUG keystone.server.flask.request_processing.middleware.auth_context [None req-66aef4b9-19c1-4bbd-b4fb-de4cf8434539 None None] Validating token access rules against request {{(pid=80484) validate_allowed_request /opt/stack/data/venv/lib/python3.10/site-packages/keystonemiddleware/auth_token/__init__.py:544}}
Apr 16 13:18:53 ubuntu devstack@keystone.service[80484]: DEBUG keystone.server.flask.request_processing.middleware.auth_context [None req-04e53d00-a2f9-4b7f-b201-43b3b5d3168c None admin] RBAC: auth_context: {'token': <TokenModel (audit_id=_Gpl8NJBRGeMCFc0pDaQkw, audit_chain_id=['_Gpl8NJBRGeMCFc0pDaQkw']) at 0x7f74c8d64490>, 'domain_id': None, 'trust_id': None, 'trustor_id': None, 'trustee_id': None, 'domain_name': None, 'group_ids': [], 'user_id': '3f260d1efff24666a88e254a26d2d862', 'user_domain_id': 'default', 'system_scope': 'all', 'project_id': None, 'project_domain_id': None, 'roles': ['admin', 'manager', 'member', 'reader'], 'is_admin_project': True, 'service_user_id': None, 'service_user_domain_id': None, 'service_project_id': None, 'service_project_domain_id': None, 'service_roles': []} {{(pid=80484) fill_context /opt/stack/keystone/keystone/server/flask/request_processing/middleware/auth_context.py:506}}
Apr 16 13:18:53 ubuntu devstack@keystone.service[80484]: DEBUG keystone.server.flask.request_processing.req_logging [None req-04e53d00-a2f9-4b7f-b201-43b3b5d3168c None admin] REQUEST_METHOD: `POST` {{(pid=80484) log_request_info /opt/stack/keystone/keystone/server/flask/request_processing/req_logging.py:26}}
Apr 16 13:18:53 ubuntu devstack@keystone.service[80484]: DEBUG keystone.server.flask.request_processing.req_logging [None req-04e53d00-a2f9-4b7f-b201-43b3b5d3168c None admin] SCRIPT_NAME: `/identity` {{(pid=80484) log_request_info /opt/stack/keystone/keystone/server/flask/request_processing/req_logging.py:27}}
Apr 16 13:18:53 ubuntu devstack@keystone.service[80484]: DEBUG keystone.server.flask.request_processing.req_logging [None req-04e53d00-a2f9-4b7f-b201-43b3b5d3168c None admin] PATH_INFO: `/v3/roles` {{(pid=80484) log_request_info /opt/stack/keystone/keystone/server/flask/request_processing/req_logging.py:28}}
Apr 16 13:18:53 ubuntu devstack@keystone.service[80484]: DEBUG keystone.common.rbac_enforcer.enforcer [None req-04e53d00-a2f9-4b7f-b201-43b3b5d3168c None admin] RBAC: Authorizing `identity:create_role()` {{(pid=80484) enforce_call /opt/stack/keystone/keystone/common/rbac_enforcer/enforcer.py:495}}
Apr 16 13:18:53 ubuntu devstack@keystone.service[80484]: DEBUG keystone.common.rbac_enforcer.enforcer [None req-04e53d00-a2f9-4b7f-b201-43b3b5d3168c None admin] RBAC: Authorization granted {{(pid=80484) enforce_call /opt/stack/keystone/keystone/common/rbac_enforcer/enforcer.py:506}}
Apr 16 13:18:53 ubuntu devstack@keystone.service[80484]: DEBUG keystone.common.sql.core [None req-04e53d00-a2f9-4b7f-b201-43b3b5d3168c None admin] Conflict role: (pymysql.err.IntegrityError) (1062, "Duplicate entry 'service-<<null>>' for key 'role.ixu_role_name_domain_id'")
Apr 16 13:18:53 ubuntu devstack@keystone.service[80484]: [SQL: INSERT INTO `role` (id, name, description, extra) VALUES (%(id)s, %(name)s, %(description)s, %(extra)s)]
Apr 16 13:18:53 ubuntu devstack@keystone.service[80484]: [parameters: {'id': '2e0ba6e0423440968b77ee1aba8dc234', 'name': 'service', 'description': None, 'extra': '{}'}]
Apr 16 13:18:53 ubuntu devstack@keystone.service[80484]: (Background on this error at: https://sqlalche.me/e/20/gkpj) {{(pid=80484) wrapper /opt/stack/keystone/keystone/common/sql/core.py:580}}
Apr 16 13:18:53 ubuntu devstack@keystone.service[80484]: ERROR keystone.server.flask.application [None req-04e53d00-a2f9-4b7f-b201-43b3b5d3168c None admin] Conflict occurred attempting to store role - Duplicate entry found with name service.: keystone.exception.Conflict: Conflict occurred attempting to store role - Duplicate entry found with name service.
Apr 16 13:18:53 ubuntu devstack@keystone.service[80484]: ERROR keystone.server.flask.application Traceback (most recent call last):
Apr 16 13:18:53 ubuntu devstack@keystone.service[80484]: ERROR keystone.server.flask.application   File "/opt/stack/data/venv/lib/python3.10/site-packages/sqlalchemy/engine/base.py", line 1964, in _exec_single_context
Apr 16 13:18:53 ubuntu devstack@keystone.service[80484]: ERROR keystone.server.flask.application     self.dialect.do_execute(
Apr 16 13:18:53 ubuntu devstack@keystone.service[80484]: ERROR keystone.server.flask.application   File "/opt/stack/data/venv/lib/python3.10/site-packages/sqlalchemy/engine/default.py", line 942, in do_execute
Apr 16 13:18:53 ubuntu devstack@keystone.service[80484]: ERROR keystone.server.flask.application     cursor.execute(statement, parameters)
Apr 16 13:18:53 ubuntu devstack@keystone.service[80484]: ERROR keystone.server.flask.application   File "/opt/stack/data/venv/lib/python3.10/site-packages/pymysql/cursors.py", line 153, in execute
Apr 16 13:18:53 ubuntu devstack@keystone.service[80484]: ERROR keystone.server.flask.application     result = self._query(query)
Apr 16 13:18:53 ubuntu devstack@keystone.service[80484]: ERROR keystone.server.flask.application   File "/opt/stack/data/venv/lib/python3.10/site-packages/pymysql/cursors.py", line 322, in _query
Apr 16 13:18:53 ubuntu devstack@keystone.service[80484]: ERROR keystone.server.flask.application     conn.query(q)
Apr 16 13:18:53 ubuntu devstack@keystone.service[80484]: ERROR keystone.server.flask.application   File "/opt/stack/data/venv/lib/python3.10/site-packages/pymysql/connections.py", line 563, in query
Apr 16 13:18:53 ubuntu devstack@keystone.service[80484]: ERROR keystone.server.flask.application     self._affected_rows = self._read_query_result(unbuffered=unbuffered)
Apr 16 13:18:53 ubuntu devstack@keystone.service[80484]: ERROR keystone.server.flask.application   File "/opt/stack/data/venv/lib/python3.10/site-packages/pymysql/connections.py", line 825, in _read_query_result
Apr 16 13:18:53 ubuntu devstack@keystone.service[80484]: ERROR keystone.server.flask.application     result.read()
Apr 16 13:18:53 ubuntu devstack@keystone.service[80484]: ERROR keystone.server.flask.application   File "/opt/stack/data/venv/lib/python3.10/site-packages/pymysql/connections.py", line 1199, in read
Apr 16 13:18:53 ubuntu devstack@keystone.service[80484]: ERROR keystone.server.flask.application     first_packet = self.connection._read_packet()
Apr 16 13:18:53 ubuntu devstack@keystone.service[80484]: ERROR keystone.server.flask.application   File "/opt/stack/data/venv/lib/python3.10/site-packages/pymysql/connections.py", line 775, in _read_packet
Apr 16 13:18:53 ubuntu devstack@keystone.service[80484]: ERROR keystone.server.flask.application     packet.raise_for_error()
Apr 16 13:18:53 ubuntu devstack@keystone.service[80484]: ERROR keystone.server.flask.application   File "/opt/stack/data/venv/lib/python3.10/site-packages/pymysql/protocol.py", line 219, in raise_for_error
Apr 16 13:18:53 ubuntu devstack@keystone.service[80484]: ERROR keystone.server.flask.application     err.raise_mysql_exception(self._data)
Apr 16 13:18:53 ubuntu devstack@keystone.service[80484]: ERROR keystone.server.flask.application   File "/opt/stack/data/venv/lib/python3.10/site-packages/pymysql/err.py", line 150, in raise_mysql_exception
Apr 16 13:18:53 ubuntu devstack@keystone.service[80484]: ERROR keystone.server.flask.application     raise errorclass(errno, errval)
Apr 16 13:18:53 ubuntu devstack@keystone.service[80484]: ERROR keystone.server.flask.application pymysql.err.IntegrityError: (1062, "Duplicate entry 'service-<<null>>' for key 'role.ixu_role_name_domain_id'")
Apr 16 13:18:53 ubuntu devstack@keystone.service[80484]: ERROR keystone.server.flask.application 
Apr 16 13:18:53 ubuntu devstack@keystone.service[80484]: ERROR keystone.server.flask.application The above exception was the direct cause of the following exception:
Apr 16 13:18:53 ubuntu devstack@keystone.service[80484]: ERROR keystone.server.flask.application 
Apr 16 13:18:53 ubuntu devstack@keystone.service[80484]: ERROR keystone.server.flask.application Traceback (most recent call last):
Apr 16 13:18:53 ubuntu devstack@keystone.service[80484]: ERROR keystone.server.flask.application   File "/opt/stack/keystone/keystone/common/sql/core.py", line 575, in wrapper
Apr 16 13:18:53 ubuntu devstack@keystone.service[80484]: ERROR keystone.server.flask.application     return method(*args, **kwargs)
Apr 16 13:18:53 ubuntu devstack@keystone.service[80484]: ERROR keystone.server.flask.application   File "/opt/stack/keystone/keystone/assignment/role_backends/sql.py", line 25, in create_role
Apr 16 13:18:53 ubuntu devstack@keystone.service[80484]: ERROR keystone.server.flask.application     with sql.session_for_write() as session:
Apr 16 13:18:53 ubuntu devstack@keystone.service[80484]: ERROR keystone.server.flask.application   File "/usr/lib/python3.10/contextlib.py", line 142, in __exit__
Apr 16 13:18:53 ubuntu devstack@keystone.service[80484]: ERROR keystone.server.flask.application     next(self.gen)
Apr 16 13:18:53 ubuntu devstack@keystone.service[80484]: ERROR keystone.server.flask.application   File "/opt/stack/data/venv/lib/python3.10/site-packages/oslo_db/sqlalchemy/enginefacade.py", line 1199, in _transaction_scope
Apr 16 13:18:53 ubuntu devstack@keystone.service[80484]: ERROR keystone.server.flask.application     with current._produce_block(
Apr 16 13:18:53 ubuntu devstack@keystone.service[80484]: ERROR keystone.server.flask.application   File "/usr/lib/python3.10/contextlib.py", line 142, in __exit__
Apr 16 13:18:53 ubuntu devstack@keystone.service[80484]: ERROR keystone.server.flask.application     next(self.gen)
Apr 16 13:18:53 ubuntu devstack@keystone.service[80484]: ERROR keystone.server.flask.application   File "/opt/stack/data/venv/lib/python3.10/site-packages/oslo_db/sqlalchemy/enginefacade.py", line 850, in _session
Apr 16 13:18:53 ubuntu devstack@keystone.service[80484]: ERROR keystone.server.flask.application     with excutils.save_and_reraise_exception():
Apr 16 13:18:53 ubuntu devstack@keystone.service[80484]: ERROR keystone.server.flask.application   File "/opt/stack/data/venv/lib/python3.10/site-packages/oslo_utils/excutils.py", line 227, in __exit__
Apr 16 13:18:53 ubuntu devstack@keystone.service[80484]: ERROR keystone.server.flask.application     self.force_reraise()
Apr 16 13:18:53 ubuntu devstack@keystone.service[80484]: ERROR keystone.server.flask.application   File "/opt/stack/data/venv/lib/python3.10/site-packages/oslo_utils/excutils.py", line 200, in force_reraise
Apr 16 13:18:53 ubuntu devstack@keystone.service[80484]: ERROR keystone.server.flask.application     raise self.value
Apr 16 13:18:53 ubuntu devstack@keystone.service[80484]: ERROR keystone.server.flask.application   File "/opt/stack/data/venv/lib/python3.10/site-packages/oslo_db/sqlalchemy/enginefacade.py", line 848, in _session
Apr 16 13:18:53 ubuntu devstack@keystone.service[80484]: ERROR keystone.server.flask.application     self._end_session_transaction(self.session)
Apr 16 13:18:53 ubuntu devstack@keystone.service[80484]: ERROR keystone.server.flask.application   File "/opt/stack/data/venv/lib/python3.10/site-packages/oslo_db/sqlalchemy/enginefacade.py", line 761, in _end_session_transaction
Apr 16 13:18:53 ubuntu devstack@keystone.service[80484]: ERROR keystone.server.flask.application     session.commit()
Apr 16 13:18:53 ubuntu devstack@keystone.service[80484]: ERROR keystone.server.flask.application   File "/opt/stack/data/venv/lib/python3.10/site-packages/sqlalchemy/orm/session.py", line 2032, in commit
Apr 16 13:18:53 ubuntu devstack@keystone.service[80484]: ERROR keystone.server.flask.application     trans.commit(_to_root=True)
Apr 16 13:18:53 ubuntu devstack@keystone.service[80484]: ERROR keystone.server.flask.application   File "<string>", line 2, in commit
Apr 16 13:18:53 ubuntu devstack@keystone.service[80484]: ERROR keystone.server.flask.application   File "/opt/stack/data/venv/lib/python3.10/site-packages/sqlalchemy/orm/state_changes.py", line 139, in _go
Apr 16 13:18:53 ubuntu devstack@keystone.service[80484]: ERROR keystone.server.flask.application     ret_value = fn(self, *arg, **kw)
Apr 16 13:18:53 ubuntu devstack@keystone.service[80484]: ERROR keystone.server.flask.application   File "/opt/stack/data/venv/lib/python3.10/site-packages/sqlalchemy/orm/session.py", line 1313, in commit
Apr 16 13:18:53 ubuntu devstack@keystone.service[80484]: ERROR keystone.server.flask.application     self._prepare_impl()
Apr 16 13:18:53 ubuntu devstack@keystone.service[80484]: ERROR keystone.server.flask.application   File "<string>", line 2, in _prepare_impl
Apr 16 13:18:53 ubuntu devstack@keystone.service[80484]: ERROR keystone.server.flask.application   File "/opt/stack/data/venv/lib/python3.10/site-packages/sqlalchemy/orm/state_changes.py", line 139, in _go
Apr 16 13:18:53 ubuntu devstack@keystone.service[80484]: ERROR keystone.server.flask.application     ret_value = fn(self, *arg, **kw)
Apr 16 13:18:53 ubuntu devstack@keystone.service[80484]: ERROR keystone.server.flask.application   File "/opt/stack/data/venv/lib/python3.10/site-packages/sqlalchemy/orm/session.py", line 1288, in _prepare_impl
Apr 16 13:18:53 ubuntu devstack@keystone.service[80484]: ERROR keystone.server.flask.application     self.session.flush()
Apr 16 13:18:53 ubuntu devstack@keystone.service[80484]: ERROR keystone.server.flask.application   File "/opt/stack/data/venv/lib/python3.10/site-packages/sqlalchemy/orm/session.py", line 4353, in flush
Apr 16 13:18:53 ubuntu devstack@keystone.service[80484]: ERROR keystone.server.flask.application     self._flush(objects)
