Apr 14 17:47:20 ubuntu devstack@keystone.service[81805]: DEBUG keystone.common.rbac_enforcer.enforcer [None req-85ba832b-b83a-4b93-80b8-fbfaf6d62daa None admin] RBAC: Authorization granted {{(pid=81805) enforce_call /opt/stack/keystone/keystone/common/rbac_enforcer/enforcer.py:505}}
Apr 14 17:47:20 ubuntu devstack@keystone.service[81805]: [pid: 81805|app: 0|req: 11/21] 10.201.5.82 () {56 vars in 1159 bytes} [Tue Apr 14 17:47:20 2026] GET /identity/v3/domains?name=Default => generated 308 bytes in 81 msecs (HTTP/1.1 200) 5 headers in 177 bytes (2 switches on core 0)
Apr 14 17:47:21 ubuntu devstack@keystone.service[81804]: [pid: 81804|app: 0|req: 11/22] 10.201.5.82 () {58 vars in 1398 bytes} [Tue Apr 14 17:47:20 2026] PUT /identity/v3/domains/default/users/2f6d8e7ce57f4a0da0f103459bb0bde6/roles/e5bed191dbd549d3807ac342ba082a60 => generated 0 bytes in 246 msecs (HTTP/1.1 204) 3 headers in 132 bytes (0 switches on core 0)
Apr 14 17:47:22 ubuntu devstack@keystone.service[81805]: DEBUG keystone.server.flask.request_processing.req_logging [None req-df9010b1-026b-4f0d-a500-1bf16f54a30e None None] REQUEST_METHOD: `GET` {{(pid=81805) log_request_info /opt/stack/keystone/keystone/server/flask/request_processing/req_logging.py:26}}
Apr 14 17:47:22 ubuntu devstack@keystone.service[81805]: DEBUG keystone.server.flask.request_processing.req_logging [None req-df9010b1-026b-4f0d-a500-1bf16f54a30e None None] SCRIPT_NAME: `/identity` {{(pid=81805) log_request_info /opt/stack/keystone/keystone/server/flask/request_processing/req_logging.py:27}}
Apr 14 17:47:22 ubuntu devstack@keystone.service[81805]: DEBUG keystone.server.flask.request_processing.req_logging [None req-df9010b1-026b-4f0d-a500-1bf16f54a30e None None] PATH_INFO: `/` {{(pid=81805) log_request_info /opt/stack/keystone/keystone/server/flask/request_processing/req_logging.py:28}}
Apr 14 17:47:22 ubuntu devstack@keystone.service[81805]: [pid: 81805|app: 0|req: 12/23] 10.201.5.82 () {54 vars in 920 bytes} [Tue Apr 14 17:47:22 2026] GET /identity => generated 270 bytes in 2 msecs (HTTP/1.1 300) 6 headers in 234 bytes (1 switches on core 0)
Apr 14 17:47:22 ubuntu devstack@keystone.service[81804]: DEBUG keystone.server.flask.request_processing.req_logging [None req-78e96f8c-0b75-45c5-9f4a-62d329acc03b None None] REQUEST_METHOD: `POST` {{(pid=81804) log_request_info /opt/stack/keystone/keystone/server/flask/request_processing/req_logging.py:26}}
Apr 14 17:47:22 ubuntu devstack@keystone.service[81804]: DEBUG keystone.server.flask.request_processing.req_logging [None req-78e96f8c-0b75-45c5-9f4a-62d329acc03b None None] SCRIPT_NAME: `/identity` {{(pid=81804) log_request_info /opt/stack/keystone/keystone/server/flask/request_processing/req_logging.py:27}}
Apr 14 17:47:22 ubuntu devstack@keystone.service[81804]: DEBUG keystone.server.flask.request_processing.req_logging [None req-78e96f8c-0b75-45c5-9f4a-62d329acc03b None None] PATH_INFO: `/v3/auth/tokens` {{(pid=81804) log_request_info /opt/stack/keystone/keystone/server/flask/request_processing/req_logging.py:28}}
Apr 14 17:47:22 ubuntu devstack@keystone.service[81804]: WARNING keystone.common.password_hashing [None req-78e96f8c-0b75-45c5-9f4a-62d329acc03b None None] Truncating password to algorithm specific maximum length 72 characters.
Apr 14 17:47:22 ubuntu devstack@keystone.service[81804]: DEBUG keystone.auth.core [None req-78e96f8c-0b75-45c5-9f4a-62d329acc03b None None] MFA Rules not processed for user `2f6d8e7ce57f4a0da0f103459bb0bde6`. Rule list: `[]` (Enabled: `True`). {{(pid=81804) check_auth_methods_against_rules /opt/stack/keystone/keystone/auth/core.py:476}}
Apr 14 17:47:22 ubuntu devstack@keystone.service[81804]: DEBUG keystone.common.fernet_utils [None req-78e96f8c-0b75-45c5-9f4a-62d329acc03b None None] Loaded 2 Fernet keys from /etc/keystone/fernet-keys/, but `[fernet_tokens] max_active_keys = 3`; perhaps there have not been enough key rotations to reach `max_active_keys` yet? {{(pid=81804) load_keys /opt/stack/keystone/keystone/common/fernet_utils.py:297}}
Apr 14 17:47:22 ubuntu devstack@keystone.service[81804]: [pid: 81804|app: 0|req: 12/24] 10.201.5.82 () {58 vars in 1017 bytes} [Tue Apr 14 17:47:22 2026] POST /identity/v3/auth/tokens => generated 862 bytes in 69 msecs (HTTP/1.1 201) 6 headers in 363 bytes (1 switches on core 0)
Apr 14 17:47:22 ubuntu devstack@keystone.service[81805]: DEBUG keystone.server.flask.request_processing.req_logging [None req-6afc7c86-2b09-4364-9a28-282d51f0bdb9 None None] REQUEST_METHOD: `GET` {{(pid=81805) log_request_info /opt/stack/keystone/keystone/server/flask/request_processing/req_logging.py:26}}
Apr 14 17:47:22 ubuntu devstack@keystone.service[81805]: DEBUG keystone.server.flask.request_processing.req_logging [None req-6afc7c86-2b09-4364-9a28-282d51f0bdb9 None None] SCRIPT_NAME: `/identity` {{(pid=81805) log_request_info /opt/stack/keystone/keystone/server/flask/request_processing/req_logging.py:27}}
Apr 14 17:47:22 ubuntu devstack@keystone.service[81805]: DEBUG keystone.server.flask.request_processing.req_logging [None req-6afc7c86-2b09-4364-9a28-282d51f0bdb9 None None] PATH_INFO: `/` {{(pid=81805) log_request_info /opt/stack/keystone/keystone/server/flask/request_processing/req_logging.py:28}}
Apr 14 17:47:22 ubuntu devstack@keystone.service[81805]: [pid: 81805|app: 0|req: 13/25] 10.201.5.82 () {54 vars in 920 bytes} [Tue Apr 14 17:47:22 2026] GET /identity => generated 270 bytes in 2 msecs (HTTP/1.1 300) 6 headers in 234 bytes (1 switches on core 0)
Apr 14 17:47:22 ubuntu devstack@keystone.service[81804]: DEBUG keystone.server.flask.request_processing.req_logging [None req-353ce4f9-ee6b-4e40-9598-e332062b18d5 None None] REQUEST_METHOD: `POST` {{(pid=81804) log_request_info /opt/stack/keystone/keystone/server/flask/request_processing/req_logging.py:26}}
Apr 14 17:47:22 ubuntu devstack@keystone.service[81804]: DEBUG keystone.server.flask.request_processing.req_logging [None req-353ce4f9-ee6b-4e40-9598-e332062b18d5 None None] SCRIPT_NAME: `/identity` {{(pid=81804) log_request_info /opt/stack/keystone/keystone/server/flask/request_processing/req_logging.py:27}}
Apr 14 17:47:22 ubuntu devstack@keystone.service[81804]: DEBUG keystone.server.flask.request_processing.req_logging [None req-353ce4f9-ee6b-4e40-9598-e332062b18d5 None None] PATH_INFO: `/v3/auth/tokens` {{(pid=81804) log_request_info /opt/stack/keystone/keystone/server/flask/request_processing/req_logging.py:28}}
Apr 14 17:47:22 ubuntu devstack@keystone.service[81804]: WARNING keystone.common.password_hashing [None req-353ce4f9-ee6b-4e40-9598-e332062b18d5 None None] Truncating password to algorithm specific maximum length 72 characters.
Apr 14 17:47:22 ubuntu devstack@keystone.service[81804]: DEBUG keystone.auth.core [None req-353ce4f9-ee6b-4e40-9598-e332062b18d5 None None] MFA Rules not processed for user `2f6d8e7ce57f4a0da0f103459bb0bde6`. Rule list: `[]` (Enabled: `True`). {{(pid=81804) check_auth_methods_against_rules /opt/stack/keystone/keystone/auth/core.py:476}}
Apr 14 17:47:22 ubuntu devstack@keystone.service[81804]: DEBUG keystone.common.fernet_utils [None req-353ce4f9-ee6b-4e40-9598-e332062b18d5 None None] Loaded 2 Fernet keys from /etc/keystone/fernet-keys/, but `[fernet_tokens] max_active_keys = 3`; perhaps there have not been enough key rotations to reach `max_active_keys` yet? {{(pid=81804) load_keys /opt/stack/keystone/keystone/common/fernet_utils.py:297}}
Apr 14 17:47:22 ubuntu devstack@keystone.service[81805]: DEBUG keystone.server.flask.request_processing.middleware.auth_context [None req-6afc7c86-2b09-4364-9a28-282d51f0bdb9 None None] Authenticating user token {{(pid=81805) process_request /opt/stack/data/venv/lib/python3.10/site-packages/keystonemiddleware/auth_token/__init__.py:407}}
Apr 14 17:47:22 ubuntu devstack@keystone.service[81804]: [pid: 81804|app: 0|req: 13/26] 10.201.5.82 () {58 vars in 1017 bytes} [Tue Apr 14 17:47:22 2026] POST /identity/v3/auth/tokens => generated 862 bytes in 55 msecs (HTTP/1.1 201) 6 headers in 363 bytes (1 switches on core 0)
Apr 14 17:47:22 ubuntu devstack@keystone.service[81805]: DEBUG keystone.server.flask.request_processing.middleware.auth_context [None req-6afc7c86-2b09-4364-9a28-282d51f0bdb9 None None] Validating token access rules against request {{(pid=81805) validate_allowed_request /opt/stack/data/venv/lib/python3.10/site-packages/keystonemiddleware/auth_token/__init__.py:545}}
Apr 14 17:47:22 ubuntu devstack@keystone.service[81805]: DEBUG keystone.server.flask.request_processing.middleware.auth_context [None req-542fdd88-bbbc-4827-80e8-76d8be29e0be None admin] RBAC: auth_context: {'token': <TokenModel (audit_id=bAy6K5iJSQqR6B3nzNJeoA, audit_chain_id=['bAy6K5iJSQqR6B3nzNJeoA']) at 0x7fa9f4665810>, 'domain_id': None, 'trust_id': None, 'trustor_id': None, 'trustee_id': None, 'domain_name': None, 'group_ids': [], 'user_id': '2f6d8e7ce57f4a0da0f103459bb0bde6', 'user_domain_id': 'default', 'system_scope': 'all', 'project_id': None, 'project_domain_id': None, 'roles': ['admin', 'manager', 'member', 'reader'], 'is_admin_project': True, 'service_user_id': None, 'service_user_domain_id': None, 'service_project_id': None, 'service_project_domain_id': None, 'service_roles': []} {{(pid=81805) fill_context /opt/stack/keystone/keystone/server/flask/request_processing/middleware/auth_context.py:509}}
Apr 14 17:47:22 ubuntu devstack@keystone.service[81805]: DEBUG keystone.server.flask.request_processing.req_logging [None req-542fdd88-bbbc-4827-80e8-76d8be29e0be None admin] REQUEST_METHOD: `GET` {{(pid=81805) log_request_info /opt/stack/keystone/keystone/server/flask/request_processing/req_logging.py:26}}
Apr 14 17:47:22 ubuntu devstack@keystone.service[81805]: DEBUG keystone.server.flask.request_processing.req_logging [None req-542fdd88-bbbc-4827-80e8-76d8be29e0be None admin] SCRIPT_NAME: `/identity` {{(pid=81805) log_request_info /opt/stack/keystone/keystone/server/flask/request_processing/req_logging.py:27}}
Apr 14 17:47:22 ubuntu devstack@keystone.service[81805]: DEBUG keystone.server.flask.request_processing.req_logging [None req-542fdd88-bbbc-4827-80e8-76d8be29e0be None admin] PATH_INFO: `/v3/domains/Default` {{(pid=81805) log_request_info /opt/stack/keystone/keystone/server/flask/request_processing/req_logging.py:28}}
Apr 14 17:47:22 ubuntu devstack@keystone.service[81805]: DEBUG keystone.common.rbac_enforcer.enforcer [None req-542fdd88-bbbc-4827-80e8-76d8be29e0be None admin] RBAC: Authorizing `identity:get_domain(domain_id=Default)` {{(pid=81805) enforce_call /opt/stack/keystone/keystone/common/rbac_enforcer/enforcer.py:494}}
Apr 14 17:47:22 ubuntu devstack@keystone.service[81805]: DEBUG keystone.common.rbac_enforcer.enforcer [None req-542fdd88-bbbc-4827-80e8-76d8be29e0be None admin] RBAC: Authorization granted {{(pid=81805) enforce_call /opt/stack/keystone/keystone/common/rbac_enforcer/enforcer.py:505}}
Apr 14 17:47:22 ubuntu devstack@keystone.service[81805]: DEBUG keystone.server.flask.application [None req-542fdd88-bbbc-4827-80e8-76d8be29e0be None admin] Could not find domain: Default. {{(pid=81805) _handle_keystone_exception /opt/stack/keystone/keystone/server/flask/application.py:146}}
Apr 14 17:47:22 ubuntu devstack@keystone.service[81805]: [pid: 81805|app: 0|req: 14/27] 10.201.5.82 () {56 vars in 1145 bytes} [Tue Apr 14 17:47:22 2026] GET /identity/v3/domains/Default => generated 87 bytes in 76 msecs (HTTP/1.1 404) 5 headers in 183 bytes (1 switches on core 0)
Apr 14 17:47:22 ubuntu devstack@keystone.service[81804]: DEBUG keystone.server.flask.request_processing.middleware.auth_context [None req-353ce4f9-ee6b-4e40-9598-e332062b18d5 None None] Authenticating user token {{(pid=81804) process_request /opt/stack/data/venv/lib/python3.10/site-packages/keystonemiddleware/auth_token/__init__.py:407}}
Apr 14 17:47:22 ubuntu devstack@keystone.service[81805]: DEBUG keystone.server.flask.request_processing.req_logging [None req-b1ea6d70-9829-497f-896d-f87d785ad7ce None None] REQUEST_METHOD: `GET` {{(pid=81805) log_request_info /opt/stack/keystone/keystone/server/flask/request_processing/req_logging.py:26}}
Apr 14 17:47:22 ubuntu devstack@keystone.service[81805]: DEBUG keystone.server.flask.request_processing.req_logging [None req-b1ea6d70-9829-497f-896d-f87d785ad7ce None None] SCRIPT_NAME: `/identity` {{(pid=81805) log_request_info /opt/stack/keystone/keystone/server/flask/request_processing/req_logging.py:27}}
Apr 14 17:47:22 ubuntu devstack@keystone.service[81805]: DEBUG keystone.server.flask.request_processing.req_logging [None req-b1ea6d70-9829-497f-896d-f87d785ad7ce None None] PATH_INFO: `/` {{(pid=81805) log_request_info /opt/stack/keystone/keystone/server/flask/request_processing/req_logging.py:28}}
Apr 14 17:47:22 ubuntu devstack@keystone.service[81805]: [pid: 81805|app: 0|req: 15/28] 10.201.5.82 () {54 vars in 920 bytes} [Tue Apr 14 17:47:22 2026] GET /identity => generated 270 bytes in 2 msecs (HTTP/1.1 300) 6 headers in 234 bytes (1 switches on core 0)
Apr 14 17:47:22 ubuntu devstack@keystone.service[81805]: DEBUG keystone.server.flask.request_processing.req_logging [None req-153f6e5c-846d-452b-b158-5be706a93823 None None] REQUEST_METHOD: `POST` {{(pid=81805) log_request_info /opt/stack/keystone/keystone/server/flask/request_processing/req_logging.py:26}}
Apr 14 17:47:22 ubuntu devstack@keystone.service[81805]: DEBUG keystone.server.flask.request_processing.req_logging [None req-153f6e5c-846d-452b-b158-5be706a93823 None None] SCRIPT_NAME: `/identity` {{(pid=81805) log_request_info /opt/stack/keystone/keystone/server/flask/request_processing/req_logging.py:27}}
Apr 14 17:47:22 ubuntu devstack@keystone.service[81805]: DEBUG keystone.server.flask.request_processing.req_logging [None req-153f6e5c-846d-452b-b158-5be706a93823 None None] PATH_INFO: `/v3/auth/tokens` {{(pid=81805) log_request_info /opt/stack/keystone/keystone/server/flask/request_processing/req_logging.py:28}}
Apr 14 17:47:22 ubuntu devstack@keystone.service[81805]: WARNING keystone.common.password_hashing [None req-153f6e5c-846d-452b-b158-5be706a93823 None None] Truncating password to algorithm specific maximum length 72 characters.
Apr 14 17:47:22 ubuntu devstack@keystone.service[81804]: DEBUG keystone.server.flask.request_processing.middleware.auth_context [None req-353ce4f9-ee6b-4e40-9598-e332062b18d5 None None] Validating token access rules against request {{(pid=81804) validate_allowed_request /opt/stack/data/venv/lib/python3.10/site-packages/keystonemiddleware/auth_token/__init__.py:545}}
Apr 14 17:47:22 ubuntu devstack@keystone.service[81805]: DEBUG keystone.auth.core [None req-153f6e5c-846d-452b-b158-5be706a93823 None None] MFA Rules not processed for user `2f6d8e7ce57f4a0da0f103459bb0bde6`. Rule list: `[]` (Enabled: `True`). {{(pid=81805) check_auth_methods_against_rules /opt/stack/keystone/keystone/auth/core.py:476}}
Apr 14 17:47:22 ubuntu devstack@keystone.service[81805]: DEBUG keystone.common.fernet_utils [None req-153f6e5c-846d-452b-b158-5be706a93823 None None] Loaded 2 Fernet keys from /etc/keystone/fernet-keys/, but `[fernet_tokens] max_active_keys = 3`; perhaps there have not been enough key rotations to reach `max_active_keys` yet? {{(pid=81805) load_keys /opt/stack/keystone/keystone/common/fernet_utils.py:297}}
Apr 14 17:47:22 ubuntu devstack@keystone.service[81804]: DEBUG keystone.server.flask.request_processing.middleware.auth_context [None req-df7ea767-a08b-46a3-8c60-b86f1ed5277d None admin] RBAC: auth_context: {'token': <TokenModel (audit_id=bAy6K5iJSQqR6B3nzNJeoA, audit_chain_id=['bAy6K5iJSQqR6B3nzNJeoA']) at 0x7fa9f4833670>, 'domain_id': None, 'trust_id': None, 'trustor_id': None, 'trustee_id': None, 'domain_name': None, 'group_ids': [], 'user_id': '2f6d8e7ce57f4a0da0f103459bb0bde6', 'user_domain_id': 'default', 'system_scope': 'all', 'project_id': None, 'project_domain_id': None, 'roles': ['admin', 'manager', 'member', 'reader'], 'is_admin_project': True, 'service_user_id': None, 'service_user_domain_id': None, 'service_project_id': None, 'service_project_domain_id': None, 'service_roles': []} {{(pid=81804) fill_context /opt/stack/keystone/keystone/server/flask/request_processing/middleware/auth_context.py:509}}
Apr 14 17:47:22 ubuntu devstack@keystone.service[81804]: DEBUG keystone.server.flask.request_processing.req_logging [None req-df7ea767-a08b-46a3-8c60-b86f1ed5277d None admin] REQUEST_METHOD: `GET` {{(pid=81804) log_request_info /opt/stack/keystone/keystone/server/flask/request_processing/req_logging.py:26}}
Apr 14 17:47:22 ubuntu devstack@keystone.service[81804]: DEBUG keystone.server.flask.request_processing.req_logging [None req-df7ea767-a08b-46a3-8c60-b86f1ed5277d None admin] SCRIPT_NAME: `/identity` {{(pid=81804) log_request_info /opt/stack/keystone/keystone/server/flask/request_processing/req_logging.py:27}}
Apr 14 17:47:22 ubuntu devstack@keystone.service[81804]: DEBUG keystone.server.flask.request_processing.req_logging [None req-df7ea767-a08b-46a3-8c60-b86f1ed5277d None admin] PATH_INFO: `/v3/domains` {{(pid=81804) log_request_info /opt/stack/keystone/keystone/server/flask/request_processing/req_logging.py:28}}
Apr 14 17:47:22 ubuntu devstack@keystone.service[81804]: DEBUG keystone.common.rbac_enforcer.enforcer [None req-df7ea767-a08b-46a3-8c60-b86f1ed5277d None admin] RBAC: Adding query filter params (name=Default) {{(pid=81804) _extract_filter_values /opt/stack/keystone/keystone/common/rbac_enforcer/enforcer.py:176}}
Apr 14 17:47:22 ubuntu devstack@keystone.service[81804]: DEBUG keystone.common.rbac_enforcer.enforcer [None req-df7ea767-a08b-46a3-8c60-b86f1ed5277d None admin] RBAC: Authorizing `identity:list_domains()` {{(pid=81804) enforce_call /opt/stack/keystone/keystone/common/rbac_enforcer/enforcer.py:494}}
Apr 14 17:47:22 ubuntu devstack@keystone.service[81804]: DEBUG keystone.common.rbac_enforcer.enforcer [None req-df7ea767-a08b-46a3-8c60-b86f1ed5277d None admin] RBAC: Authorization granted {{(pid=81804) enforce_call /opt/stack/keystone/keystone/common/rbac_enforcer/enforcer.py:505}}
Apr 14 17:47:22 ubuntu devstack@keystone.service[81805]: [pid: 81805|app: 0|req: 16/29] 10.201.5.82 () {58 vars in 1017 bytes} [Tue Apr 14 17:47:22 2026] POST /identity/v3/auth/tokens => generated 862 bytes in 62 msecs (HTTP/1.1 201) 6 headers in 363 bytes (1 switches on core 0)
Apr 14 17:47:22 ubuntu devstack@keystone.service[81805]: DEBUG keystone.server.flask.request_processing.middleware.auth_context [None req-153f6e5c-846d-452b-b158-5be706a93823 None None] Authenticating user token {{(pid=81805) process_request /opt/stack/data/venv/lib/python3.10/site-packages/keystonemiddleware/auth_token/__init__.py:407}}
Apr 14 17:47:22 ubuntu devstack@keystone.service[81804]: [pid: 81804|app: 0|req: 14/30] 10.201.5.82 () {56 vars in 1159 bytes} [Tue Apr 14 17:47:22 2026] GET /identity/v3/domains?name=Default => generated 308 bytes in 113 msecs (HTTP/1.1 200) 5 headers in 177 bytes (1 switches on core 0)
Apr 14 17:47:22 ubuntu devstack@keystone.service[81804]: DEBUG keystone.server.flask.request_processing.middleware.auth_context [None req-df7ea767-a08b-46a3-8c60-b86f1ed5277d None admin] Authenticating user token {{(pid=81804) process_request /opt/stack/data/venv/lib/python3.10/site-packages/keystonemiddleware/auth_token/__init__.py:407}}
Apr 14 17:47:22 ubuntu devstack@keystone.service[81805]: DEBUG keystone.server.flask.request_processing.middleware.auth_context [None req-153f6e5c-846d-452b-b158-5be706a93823 None None] Validating token access rules against request {{(pid=81805) validate_allowed_request /opt/stack/data/venv/lib/python3.10/site-packages/keystonemiddleware/auth_token/__init__.py:545}}
Apr 14 17:47:22 ubuntu devstack@keystone.service[81805]: DEBUG keystone.server.flask.request_processing.middleware.auth_context [None req-1515577f-2cb1-4250-8207-003a3ddc6150 None admin] RBAC: auth_context: {'token': <TokenModel (audit_id=9OC2r4xKRyuyIbM6BQNgyw, audit_chain_id=['9OC2r4xKRyuyIbM6BQNgyw']) at 0x7fa9f47cd690>, 'domain_id': None, 'trust_id': None, 'trustor_id': None, 'trustee_id': None, 'domain_name': None, 'group_ids': [], 'user_id': '2f6d8e7ce57f4a0da0f103459bb0bde6', 'user_domain_id': 'default', 'system_scope': 'all', 'project_id': None, 'project_domain_id': None, 'roles': ['admin', 'manager', 'member', 'reader'], 'is_admin_project': True, 'service_user_id': None, 'service_user_domain_id': None, 'service_project_id': None, 'service_project_domain_id': None, 'service_roles': []} {{(pid=81805) fill_context /opt/stack/keystone/keystone/server/flask/request_processing/middleware/auth_context.py:509}}
Apr 14 17:47:22 ubuntu devstack@keystone.service[81805]: DEBUG keystone.server.flask.request_processing.req_logging [None req-1515577f-2cb1-4250-8207-003a3ddc6150 None admin] REQUEST_METHOD: `GET` {{(pid=81805) log_request_info /opt/stack/keystone/keystone/server/flask/request_processing/req_logging.py:26}}
Apr 14 17:47:22 ubuntu devstack@keystone.service[81805]: DEBUG keystone.server.flask.request_processing.req_logging [None req-1515577f-2cb1-4250-8207-003a3ddc6150 None admin] SCRIPT_NAME: `/identity` {{(pid=81805) log_request_info /opt/stack/keystone/keystone/server/flask/request_processing/req_logging.py:27}}
Apr 14 17:47:22 ubuntu devstack@keystone.service[81805]: DEBUG keystone.server.flask.request_processing.req_logging [None req-1515577f-2cb1-4250-8207-003a3ddc6150 None admin] PATH_INFO: `/v3/roles/admin` {{(pid=81805) log_request_info /opt/stack/keystone/keystone/server/flask/request_processing/req_logging.py:28}}
Apr 14 17:47:22 ubuntu devstack@keystone.service[81804]: DEBUG keystone.server.flask.request_processing.middleware.auth_context [None req-df7ea767-a08b-46a3-8c60-b86f1ed5277d None admin] Validating token access rules against request {{(pid=81804) validate_allowed_request /opt/stack/data/venv/lib/python3.10/site-packages/keystonemiddleware/auth_token/__init__.py:545}}
Apr 14 17:47:22 ubuntu devstack@keystone.service[81805]: DEBUG keystone.common.rbac_enforcer.enforcer [None req-1515577f-2cb1-4250-8207-003a3ddc6150 None admin] Extracting inferred target data resulted in "NOT FOUND (404)". {{(pid=81805) enforce_call /opt/stack/keystone/keystone/common/rbac_enforcer/enforcer.py:445}}
Apr 14 17:47:22 ubuntu devstack@keystone.service[81805]: DEBUG keystone.server.flask.application [None req-1515577f-2cb1-4250-8207-003a3ddc6150 None admin] Could not find role: admin. {{(pid=81805) _handle_keystone_exception /opt/stack/keystone/keystone/server/flask/application.py:146}}
Apr 14 17:47:22 ubuntu devstack@keystone.service[81805]: [pid: 81805|app: 0|req: 17/31] 10.201.5.82 () {56 vars in 1133 bytes} [Tue Apr 14 17:47:22 2026] GET /identity/v3/roles/admin => generated 83 bytes in 66 msecs (HTTP/1.1 404) 5 headers in 183 bytes (1 switches on core 0)
Apr 14 17:47:22 ubuntu devstack@keystone.service[81805]: DEBUG keystone.server.flask.request_processing.middleware.auth_context [None req-1515577f-2cb1-4250-8207-003a3ddc6150 None admin] Authenticating user token {{(pid=81805) process_request /opt/stack/data/venv/lib/python3.10/site-packages/keystonemiddleware/auth_token/__init__.py:407}}
Apr 14 17:47:22 ubuntu devstack@keystone.service[81804]: DEBUG keystone.server.flask.request_processing.middleware.auth_context [None req-411b6777-47cc-4462-a6d2-1a4745ee26ba None admin] RBAC: auth_context: {'token': <TokenModel (audit_id=bAy6K5iJSQqR6B3nzNJeoA, audit_chain_id=['bAy6K5iJSQqR6B3nzNJeoA']) at 0x7fa9f54ba830>, 'domain_id': None, 'trust_id': None, 'trustor_id': None, 'trustee_id': None, 'domain_name': None, 'group_ids': [], 'user_id': '2f6d8e7ce57f4a0da0f103459bb0bde6', 'user_domain_id': 'default', 'system_scope': 'all', 'project_id': None, 'project_domain_id': None, 'roles': ['admin', 'manager', 'member', 'reader'], 'is_admin_project': True, 'service_user_id': None, 'service_user_domain_id': None, 'service_project_id': None, 'service_project_domain_id': None, 'service_roles': []} {{(pid=81804) fill_context /opt/stack/keystone/keystone/server/flask/request_processing/middleware/auth_context.py:509}}
Apr 14 17:47:22 ubuntu devstack@keystone.service[81804]: DEBUG keystone.server.flask.request_processing.req_logging [None req-411b6777-47cc-4462-a6d2-1a4745ee26ba None admin] REQUEST_METHOD: `POST` {{(pid=81804) log_request_info /opt/stack/keystone/keystone/server/flask/request_processing/req_logging.py:26}}
Apr 14 17:47:22 ubuntu devstack@keystone.service[81804]: DEBUG keystone.server.flask.request_processing.req_logging [None req-411b6777-47cc-4462-a6d2-1a4745ee26ba None admin] SCRIPT_NAME: `/identity` {{(pid=81804) log_request_info /opt/stack/keystone/keystone/server/flask/request_processing/req_logging.py:27}}
Apr 14 17:47:22 ubuntu devstack@keystone.service[81804]: DEBUG keystone.server.flask.request_processing.req_logging [None req-411b6777-47cc-4462-a6d2-1a4745ee26ba None admin] PATH_INFO: `/v3/projects` {{(pid=81804) log_request_info /opt/stack/keystone/keystone/server/flask/request_processing/req_logging.py:28}}
Apr 14 17:47:22 ubuntu devstack@keystone.service[81804]: DEBUG keystone.common.rbac_enforcer.enforcer [None req-411b6777-47cc-4462-a6d2-1a4745ee26ba None admin] RBAC: Authorizing `identity:create_project()` {{(pid=81804) enforce_call /opt/stack/keystone/keystone/common/rbac_enforcer/enforcer.py:494}}
Apr 14 17:47:22 ubuntu devstack@keystone.service[81804]: DEBUG keystone.common.rbac_enforcer.enforcer [None req-411b6777-47cc-4462-a6d2-1a4745ee26ba None admin] RBAC: Authorization granted {{(pid=81804) enforce_call /opt/stack/keystone/keystone/common/rbac_enforcer/enforcer.py:505}}
Apr 14 17:47:22 ubuntu devstack@keystone.service[81804]: [pid: 81804|app: 0|req: 15/32] 10.201.5.82 () {60 vars in 1177 bytes} [Tue Apr 14 17:47:22 2026] POST /identity/v3/projects => generated 301 bytes in 85 msecs (HTTP/1.1 201) 5 headers in 182 bytes (1 switches on core 0)
Apr 14 17:47:22 ubuntu devstack@keystone.service[81805]: DEBUG keystone.server.flask.request_processing.middleware.auth_context [None req-1515577f-2cb1-4250-8207-003a3ddc6150 None admin] Validating token access rules against request {{(pid=81805) validate_allowed_request /opt/stack/data/venv/lib/python3.10/site-packages/keystonemiddleware/auth_token/__init__.py:545}}
Apr 14 17:47:22 ubuntu devstack@keystone.service[81804]: DEBUG keystone.server.flask.request_processing.req_logging [None req-1392b8ef-ace9-4798-87b9-ebaff11030b5 None None] REQUEST_METHOD: `GET` {{(pid=81804) log_request_info /opt/stack/keystone/keystone/server/flask/request_processing/req_logging.py:26}}
Apr 14 17:47:22 ubuntu devstack@keystone.service[81804]: DEBUG keystone.server.flask.request_processing.req_logging [None req-1392b8ef-ace9-4798-87b9-ebaff11030b5 None None] SCRIPT_NAME: `/identity` {{(pid=81804) log_request_info /opt/stack/keystone/keystone/server/flask/request_processing/req_logging.py:27}}
Apr 14 17:47:22 ubuntu devstack@keystone.service[81804]: DEBUG keystone.server.flask.request_processing.req_logging [None req-1392b8ef-ace9-4798-87b9-ebaff11030b5 None None] PATH_INFO: `/` {{(pid=81804) log_request_info /opt/stack/keystone/keystone/server/flask/request_processing/req_logging.py:28}}
Apr 14 17:47:22 ubuntu devstack@keystone.service[81804]: [pid: 81804|app: 0|req: 16/33] 10.201.5.82 () {54 vars in 920 bytes} [Tue Apr 14 17:47:22 2026] GET /identity => generated 270 bytes in 2 msecs (HTTP/1.1 300) 6 headers in 234 bytes (1 switches on core 0)
Apr 14 17:47:22 ubuntu devstack@keystone.service[81804]: DEBUG keystone.server.flask.request_processing.req_logging [None req-70aa3f99-ab25-41be-aee9-ee8e1af462e1 None None] REQUEST_METHOD: `POST` {{(pid=81804) log_request_info /opt/stack/keystone/keystone/server/flask/request_processing/req_logging.py:26}}
Apr 14 17:47:22 ubuntu devstack@keystone.service[81804]: DEBUG keystone.server.flask.request_processing.req_logging [None req-70aa3f99-ab25-41be-aee9-ee8e1af462e1 None None] SCRIPT_NAME: `/identity` {{(pid=81804) log_request_info /opt/stack/keystone/keystone/server/flask/request_processing/req_logging.py:27}}
Apr 14 17:47:22 ubuntu devstack@keystone.service[81804]: DEBUG keystone.server.flask.request_processing.req_logging [None req-70aa3f99-ab25-41be-aee9-ee8e1af462e1 None None] PATH_INFO: `/v3/auth/tokens` {{(pid=81804) log_request_info /opt/stack/keystone/keystone/server/flask/request_processing/req_logging.py:28}}
Apr 14 17:47:22 ubuntu devstack@keystone.service[81804]: WARNING keystone.common.password_hashing [None req-70aa3f99-ab25-41be-aee9-ee8e1af462e1 None None] Truncating password to algorithm specific maximum length 72 characters.
Apr 14 17:47:22 ubuntu devstack@keystone.service[81805]: DEBUG keystone.server.flask.request_processing.middleware.auth_context [None req-c6a0df18-483c-4c44-b25a-916258d3c436 None admin] RBAC: auth_context: {'token': <TokenModel (audit_id=9OC2r4xKRyuyIbM6BQNgyw, audit_chain_id=['9OC2r4xKRyuyIbM6BQNgyw']) at 0x7fa9f58652a0>, 'domain_id': None, 'trust_id': None, 'trustor_id': None, 'trustee_id': None, 'domain_name': None, 'group_ids': [], 'user_id': '2f6d8e7ce57f4a0da0f103459bb0bde6', 'user_domain_id': 'default', 'system_scope': 'all', 'project_id': None, 'project_domain_id': None, 'roles': ['admin', 'manager', 'member', 'reader'], 'is_admin_project': True, 'service_user_id': None, 'service_user_domain_id': None, 'service_project_id': None, 'service_project_domain_id': None, 'service_roles': []} {{(pid=81805) fill_context /opt/stack/keystone/keystone/server/flask/request_processing/middleware/auth_context.py:509}}
Apr 14 17:47:22 ubuntu devstack@keystone.service[81805]: DEBUG keystone.server.flask.request_processing.req_logging [None req-c6a0df18-483c-4c44-b25a-916258d3c436 None admin] REQUEST_METHOD: `GET` {{(pid=81805) log_request_info /opt/stack/keystone/keystone/server/flask/request_processing/req_logging.py:26}}
Apr 14 17:47:22 ubuntu devstack@keystone.service[81805]: DEBUG keystone.server.flask.request_processing.req_logging [None req-c6a0df18-483c-4c44-b25a-916258d3c436 None admin] SCRIPT_NAME: `/identity` {{(pid=81805) log_request_info /opt/stack/keystone/keystone/server/flask/request_processing/req_logging.py:27}}
Apr 14 17:47:22 ubuntu devstack@keystone.service[81805]: DEBUG keystone.server.flask.request_processing.req_logging [None req-c6a0df18-483c-4c44-b25a-916258d3c436 None admin] PATH_INFO: `/v3/roles` {{(pid=81805) log_request_info /opt/stack/keystone/keystone/server/flask/request_processing/req_logging.py:28}}
Apr 14 17:47:22 ubuntu devstack@keystone.service[81805]: DEBUG keystone.common.rbac_enforcer.enforcer [None req-c6a0df18-483c-4c44-b25a-916258d3c436 None admin] RBAC: Adding query filter params (name=admin) {{(pid=81805) _extract_filter_values /opt/stack/keystone/keystone/common/rbac_enforcer/enforcer.py:176}}
Apr 14 17:47:22 ubuntu devstack@keystone.service[81805]: DEBUG keystone.common.rbac_enforcer.enforcer [None req-c6a0df18-483c-4c44-b25a-916258d3c436 None admin] RBAC: Authorizing `identity:list_roles()` {{(pid=81805) enforce_call /opt/stack/keystone/keystone/common/rbac_enforcer/enforcer.py:494}}
Apr 14 17:47:22 ubuntu devstack@keystone.service[81805]: DEBUG keystone.common.rbac_enforcer.enforcer [None req-c6a0df18-483c-4c44-b25a-916258d3c436 None admin] RBAC: Authorization granted {{(pid=81805) enforce_call /opt/stack/keystone/keystone/common/rbac_enforcer/enforcer.py:505}}
Apr 14 17:47:22 ubuntu devstack@keystone.service[81804]: DEBUG keystone.auth.core [None req-70aa3f99-ab25-41be-aee9-ee8e1af462e1 None None] MFA Rules not processed for user `2f6d8e7ce57f4a0da0f103459bb0bde6`. Rule list: `[]` (Enabled: `True`). {{(pid=81804) check_auth_methods_against_rules /opt/stack/keystone/keystone/auth/core.py:476}}
Apr 14 17:47:22 ubuntu devstack@keystone.service[81804]: DEBUG keystone.common.fernet_utils [None req-70aa3f99-ab25-41be-aee9-ee8e1af462e1 None None] Loaded 2 Fernet keys from /etc/keystone/fernet-keys/, but `[fernet_tokens] max_active_keys = 3`; perhaps there have not been enough key rotations to reach `max_active_keys` yet? {{(pid=81804) load_keys /opt/stack/keystone/keystone/common/fernet_utils.py:297}}
Apr 14 17:47:22 ubuntu devstack@keystone.service[81805]: [pid: 81805|app: 0|req: 18/34] 10.201.5.82 () {56 vars in 1149 bytes} [Tue Apr 14 17:47:22 2026] GET /identity/v3/roles?name=admin => generated 339 bytes in 62 msecs (HTTP/1.1 200) 5 headers in 177 bytes (2 switches on core 0)
Apr 14 17:47:22 ubuntu devstack@keystone.service[81805]: DEBUG keystone.server.flask.request_processing.middleware.auth_context [None req-c6a0df18-483c-4c44-b25a-916258d3c436 None admin] Authenticating user token {{(pid=81805) process_request /opt/stack/data/venv/lib/python3.10/site-packages/keystonemiddleware/auth_token/__init__.py:407}}
Apr 14 17:47:22 ubuntu devstack@keystone.service[81804]: [pid: 81804|app: 0|req: 17/35] 10.201.5.82 () {58 vars in 1017 bytes} [Tue Apr 14 17:47:22 2026] POST /identity/v3/auth/tokens => generated 862 bytes in 59 msecs (HTTP/1.1 201) 6 headers in 363 bytes (2 switches on core 0)
Apr 14 17:47:22 ubuntu devstack@keystone.service[81805]: DEBUG keystone.server.flask.request_processing.middleware.auth_context [None req-c6a0df18-483c-4c44-b25a-916258d3c436 None admin] Validating token access rules against request {{(pid=81805) validate_allowed_request /opt/stack/data/venv/lib/python3.10/site-packages/keystonemiddleware/auth_token/__init__.py:545}}
Apr 14 17:47:22 ubuntu devstack@keystone.service[81804]: DEBUG keystone.server.flask.request_processing.middleware.auth_context [None req-70aa3f99-ab25-41be-aee9-ee8e1af462e1 None None] Authenticating user token {{(pid=81804) process_request /opt/stack/data/venv/lib/python3.10/site-packages/keystonemiddleware/auth_token/__init__.py:407}}
Apr 14 17:47:23 ubuntu devstack@keystone.service[81804]: DEBUG keystone.server.flask.request_processing.middleware.auth_context [None req-70aa3f99-ab25-41be-aee9-ee8e1af462e1 None None] Validating token access rules against request {{(pid=81804) validate_allowed_request /opt/stack/data/venv/lib/python3.10/site-packages/keystonemiddleware/auth_token/__init__.py:545}}
Apr 14 17:47:23 ubuntu devstack@keystone.service[81804]: DEBUG keystone.server.flask.request_processing.middleware.auth_context [None req-931a89f5-347e-4f69-96f2-8fd6192d9762 None admin] RBAC: auth_context: {'token': <TokenModel (audit_id=bASYv5hNSCmTVZrbDQqCRg, audit_chain_id=['bASYv5hNSCmTVZrbDQqCRg']) at 0x7fa9f450e9b0>, 'domain_id': None, 'trust_id': None, 'trustor_id': None, 'trustee_id': None, 'domain_name': None, 'group_ids': [], 'user_id': '2f6d8e7ce57f4a0da0f103459bb0bde6', 'user_domain_id': 'default', 'system_scope': 'all', 'project_id': None, 'project_domain_id': None, 'roles': ['admin', 'manager', 'member', 'reader'], 'is_admin_project': True, 'service_user_id': None, 'service_user_domain_id': None, 'service_project_id': None, 'service_project_domain_id': None, 'service_roles': []} {{(pid=81804) fill_context /opt/stack/keystone/keystone/server/flask/request_processing/middleware/auth_context.py:509}}
Apr 14 17:47:23 ubuntu devstack@keystone.service[81804]: DEBUG keystone.server.flask.request_processing.req_logging [None req-931a89f5-347e-4f69-96f2-8fd6192d9762 None admin] REQUEST_METHOD: `POST` {{(pid=81804) log_request_info /opt/stack/keystone/keystone/server/flask/request_processing/req_logging.py:26}}
Apr 14 17:47:23 ubuntu devstack@keystone.service[81804]: DEBUG keystone.server.flask.request_processing.req_logging [None req-931a89f5-347e-4f69-96f2-8fd6192d9762 None admin] SCRIPT_NAME: `/identity` {{(pid=81804) log_request_info /opt/stack/keystone/keystone/server/flask/request_processing/req_logging.py:27}}
Apr 14 17:47:23 ubuntu devstack@keystone.service[81804]: DEBUG keystone.server.flask.request_processing.req_logging [None req-931a89f5-347e-4f69-96f2-8fd6192d9762 None admin] PATH_INFO: `/v3/roles` {{(pid=81804) log_request_info /opt/stack/keystone/keystone/server/flask/request_processing/req_logging.py:28}}
Apr 14 17:47:23 ubuntu devstack@keystone.service[81804]: DEBUG keystone.common.rbac_enforcer.enforcer [None req-931a89f5-347e-4f69-96f2-8fd6192d9762 None admin] RBAC: Authorizing `identity:create_role()` {{(pid=81804) enforce_call /opt/stack/keystone/keystone/common/rbac_enforcer/enforcer.py:494}}
Apr 14 17:47:23 ubuntu devstack@keystone.service[81804]: DEBUG keystone.common.rbac_enforcer.enforcer [None req-931a89f5-347e-4f69-96f2-8fd6192d9762 None admin] RBAC: Authorization granted {{(pid=81804) enforce_call /opt/stack/keystone/keystone/common/rbac_enforcer/enforcer.py:505}}
Apr 14 17:47:23 ubuntu devstack@keystone.service[81804]: DEBUG keystone.common.sql.core [None req-931a89f5-347e-4f69-96f2-8fd6192d9762 None admin] Conflict role: (pymysql.err.IntegrityError) (1062, "Duplicate entry 'service-<<null>>' for key 'role.ixu_role_name_domain_id'")
Apr 14 17:47:23 ubuntu devstack@keystone.service[81804]: [SQL: INSERT INTO `role` (id, name, description, extra) VALUES (%(id)s, %(name)s, %(description)s, %(extra)s)]
Apr 14 17:47:23 ubuntu devstack@keystone.service[81804]: [parameters: {'id': 'a18057501f384d1f9a9303bac5986592', 'name': 'service', 'description': None, 'extra': '{}'}]
Apr 14 17:47:23 ubuntu devstack@keystone.service[81804]: (Background on this error at: https://sqlalche.me/e/20/gkpj) {{(pid=81804) wrapper /opt/stack/keystone/keystone/common/sql/core.py:580}}
Apr 14 17:47:23 ubuntu devstack@keystone.service[81805]: DEBUG keystone.server.flask.request_processing.middleware.auth_context [None req-5f584d01-16c9-4d89-b89e-e22fb0c5c3fb None admin] RBAC: auth_context: {'token': <TokenModel (audit_id=9OC2r4xKRyuyIbM6BQNgyw, audit_chain_id=['9OC2r4xKRyuyIbM6BQNgyw']) at 0x7fa9f46663e0>, 'domain_id': None, 'trust_id': None, 'trustor_id': None, 'trustee_id': None, 'domain_name': None, 'group_ids': [], 'user_id': '2f6d8e7ce57f4a0da0f103459bb0bde6', 'user_domain_id': 'default', 'system_scope': 'all', 'project_id': None, 'project_domain_id': None, 'roles': ['admin', 'manager', 'member', 'reader'], 'is_admin_project': True, 'service_user_id': None, 'service_user_domain_id': None, 'service_project_id': None, 'service_project_domain_id': None, 'service_roles': []} {{(pid=81805) fill_context /opt/stack/keystone/keystone/server/flask/request_processing/middleware/auth_context.py:509}}
Apr 14 17:47:23 ubuntu devstack@keystone.service[81805]: DEBUG keystone.server.flask.request_processing.req_logging [None req-5f584d01-16c9-4d89-b89e-e22fb0c5c3fb None admin] REQUEST_METHOD: `GET` {{(pid=81805) log_request_info /opt/stack/keystone/keystone/server/flask/request_processing/req_logging.py:26}}
Apr 14 17:47:23 ubuntu devstack@keystone.service[81805]: DEBUG keystone.server.flask.request_processing.req_logging [None req-5f584d01-16c9-4d89-b89e-e22fb0c5c3fb None admin] SCRIPT_NAME: `/identity` {{(pid=81805) log_request_info /opt/stack/keystone/keystone/server/flask/request_processing/req_logging.py:27}}
Apr 14 17:47:23 ubuntu devstack@keystone.service[81805]: DEBUG keystone.server.flask.request_processing.req_logging [None req-5f584d01-16c9-4d89-b89e-e22fb0c5c3fb None admin] PATH_INFO: `/v3/users/2f6d8e7ce57f4a0da0f103459bb0bde6` {{(pid=81805) log_request_info /opt/stack/keystone/keystone/server/flask/request_processing/req_logging.py:28}}
Apr 14 17:47:23 ubuntu devstack@keystone.service[81804]: ERROR keystone.server.flask.application [None req-931a89f5-347e-4f69-96f2-8fd6192d9762 None admin] Conflict occurred attempting to store role - Duplicate entry found with name service.: keystone.exception.Conflict: Conflict occurred attempting to store role - Duplicate entry found with name service.
Apr 14 17:47:23 ubuntu devstack@keystone.service[81804]: ERROR keystone.server.flask.application Traceback (most recent call last):
Apr 14 17:47:23 ubuntu devstack@keystone.service[81804]: ERROR keystone.server.flask.application   File "/opt/stack/data/venv/lib/python3.10/site-packages/sqlalchemy/engine/base.py", line 1967, in _exec_single_context
Apr 14 17:47:23 ubuntu devstack@keystone.service[81804]: ERROR keystone.server.flask.application     self.dialect.do_execute(
Apr 14 17:47:23 ubuntu devstack@keystone.service[81804]: ERROR keystone.server.flask.application   File "/opt/stack/data/venv/lib/python3.10/site-packages/sqlalchemy/engine/default.py", line 952, in do_execute
Apr 14 17:47:23 ubuntu devstack@keystone.service[81804]: ERROR keystone.server.flask.application     cursor.execute(statement, parameters)
Apr 14 17:47:23 ubuntu devstack@keystone.service[81804]: ERROR keystone.server.flask.application   File "/opt/stack/data/venv/lib/python3.10/site-packages/pymysql/cursors.py", line 153, in execute
Apr 14 17:47:23 ubuntu devstack@keystone.service[81804]: ERROR keystone.server.flask.application     result = self._query(query)
Apr 14 17:47:23 ubuntu devstack@keystone.service[81804]: ERROR keystone.server.flask.application   File "/opt/stack/data/venv/lib/python3.10/site-packages/pymysql/cursors.py", line 322, in _query
Apr 14 17:47:23 ubuntu devstack@keystone.service[81804]: ERROR keystone.server.flask.application     conn.query(q)
Apr 14 17:47:23 ubuntu devstack@keystone.service[81804]: ERROR keystone.server.flask.application   File "/opt/stack/data/venv/lib/python3.10/site-packages/pymysql/connections.py", line 575, in query
Apr 14 17:47:23 ubuntu devstack@keystone.service[81804]: ERROR keystone.server.flask.application     self._affected_rows = self._read_query_result(unbuffered=unbuffered)
Apr 14 17:47:23 ubuntu devstack@keystone.service[81804]: ERROR keystone.server.flask.application   File "/opt/stack/data/venv/lib/python3.10/site-packages/pymysql/connections.py", line 826, in _read_query_result
Apr 14 17:47:23 ubuntu devstack@keystone.service[81804]: ERROR keystone.server.flask.application     result.read()
Apr 14 17:47:23 ubuntu devstack@keystone.service[81804]: ERROR keystone.server.flask.application   File "/opt/stack/data/venv/lib/python3.10/site-packages/pymysql/connections.py", line 1203, in read
Apr 14 17:47:23 ubuntu devstack@keystone.service[81804]: ERROR keystone.server.flask.application     first_packet = self.connection._read_packet()
Apr 14 17:47:23 ubuntu devstack@keystone.service[81804]: ERROR keystone.server.flask.application   File "/opt/stack/data/venv/lib/python3.10/site-packages/pymysql/connections.py", line 782, in _read_packet
Apr 14 17:47:23 ubuntu devstack@keystone.service[81804]: ERROR keystone.server.flask.application     packet.raise_for_error()
Apr 14 17:47:23 ubuntu devstack@keystone.service[81804]: ERROR keystone.server.flask.application   File "/opt/stack/data/venv/lib/python3.10/site-packages/pymysql/protocol.py", line 219, in raise_for_error
Apr 14 17:47:23 ubuntu devstack@keystone.service[81804]: ERROR keystone.server.flask.application     err.raise_mysql_exception(self._data)
Apr 14 17:47:23 ubuntu devstack@keystone.service[81804]: ERROR keystone.server.flask.application   File "/opt/stack/data/venv/lib/python3.10/site-packages/pymysql/err.py", line 150, in raise_mysql_exception
Apr 14 17:47:23 ubuntu devstack@keystone.service[81804]: ERROR keystone.server.flask.application     raise errorclass(errno, errval)
Apr 14 17:47:23 ubuntu devstack@keystone.service[81804]: ERROR keystone.server.flask.application pymysql.err.IntegrityError: (1062, "Duplicate entry 'service-<<null>>' for key 'role.ixu_role_name_domain_id'")
Apr 14 17:47:23 ubuntu devstack@keystone.service[81804]: ERROR keystone.server.flask.application 
Apr 14 17:47:23 ubuntu devstack@keystone.service[81804]: ERROR keystone.server.flask.application The above exception was the direct cause of the following exception:
Apr 14 17:47:23 ubuntu devstack@keystone.service[81804]: ERROR keystone.server.flask.application 
Apr 14 17:47:23 ubuntu devstack@keystone.service[81804]: ERROR keystone.server.flask.application Traceback (most recent call last):
Apr 14 17:47:23 ubuntu devstack@keystone.service[81804]: ERROR keystone.server.flask.application   File "/opt/stack/keystone/keystone/common/sql/core.py", line 575, in wrapper
Apr 14 17:47:23 ubuntu devstack@keystone.service[81804]: ERROR keystone.server.flask.application     return method(*args, **kwargs)
Apr 14 17:47:23 ubuntu devstack@keystone.service[81804]: ERROR keystone.server.flask.application   File "/opt/stack/keystone/keystone/assignment/role_backends/sql.py", line 25, in create_role
Apr 14 17:47:23 ubuntu devstack@keystone.service[81804]: ERROR keystone.server.flask.application     with sql.session_for_write() as session:
Apr 14 17:47:23 ubuntu devstack@keystone.service[81804]: ERROR keystone.server.flask.application   File "/usr/lib/python3.10/contextlib.py", line 142, in __exit__
Apr 14 17:47:23 ubuntu devstack@keystone.service[81804]: ERROR keystone.server.flask.application     next(self.gen)
Apr 14 17:47:23 ubuntu devstack@keystone.service[81804]: ERROR keystone.server.flask.application   File "/opt/stack/data/venv/lib/python3.10/site-packages/oslo_db/sqlalchemy/enginefacade.py", line 1175, in _transaction_scope
Apr 14 17:47:23 ubuntu devstack@keystone.service[81804]: ERROR keystone.server.flask.application     with current._produce_block(
Apr 14 17:47:23 ubuntu devstack@keystone.service[81804]: ERROR keystone.server.flask.application   File "/usr/lib/python3.10/contextlib.py", line 142, in __exit__
Apr 14 17:47:23 ubuntu devstack@keystone.service[81804]: ERROR keystone.server.flask.application     next(self.gen)
Apr 14 17:47:23 ubuntu devstack@keystone.service[81804]: ERROR keystone.server.flask.application   File "/opt/stack/data/venv/lib/python3.10/site-packages/oslo_db/sqlalchemy/enginefacade.py", line 837, in _session
Apr 14 17:47:23 ubuntu devstack@keystone.service[81804]: ERROR keystone.server.flask.application     with excutils.save_and_reraise_exception():
Apr 14 17:47:23 ubuntu devstack@keystone.service[81804]: ERROR keystone.server.flask.application   File "/opt/stack/data/venv/lib/python3.10/site-packages/oslo_utils/excutils.py", line 271, in __exit__
Apr 14 17:47:23 ubuntu devstack@keystone.service[81804]: ERROR keystone.server.flask.application     self.force_reraise()
Apr 14 17:47:23 ubuntu devstack@keystone.service[81804]: ERROR keystone.server.flask.application   File "/opt/stack/data/venv/lib/python3.10/site-packages/oslo_utils/excutils.py", line 233, in force_reraise
Apr 14 17:47:23 ubuntu devstack@keystone.service[81804]: ERROR keystone.server.flask.application     raise self.value
Apr 14 17:47:23 ubuntu devstack@keystone.service[81804]: ERROR keystone.server.flask.application   File "/opt/stack/data/venv/lib/python3.10/site-packages/oslo_db/sqlalchemy/enginefacade.py", line 835, in _session
Apr 14 17:47:23 ubuntu devstack@keystone.service[81804]: ERROR keystone.server.flask.application     self._end_session_transaction(self.session)
Apr 14 17:47:23 ubuntu devstack@keystone.service[81804]: ERROR keystone.server.flask.application   File "/opt/stack/data/venv/lib/python3.10/site-packages/oslo_db/sqlalchemy/enginefacade.py", line 748, in _end_session_transaction
Apr 14 17:47:23 ubuntu devstack@keystone.service[81804]: ERROR keystone.server.flask.application     session.commit()
Apr 14 17:47:23 ubuntu devstack@keystone.service[81804]: ERROR keystone.server.flask.application   File "/opt/stack/data/venv/lib/python3.10/site-packages/sqlalchemy/orm/session.py", line 2030, in commit
Apr 14 17:47:23 ubuntu devstack@keystone.service[81804]: ERROR keystone.server.flask.application     trans.commit(_to_root=True)
Apr 14 17:47:23 ubuntu devstack@keystone.service[81804]: ERROR keystone.server.flask.application   File "<string>", line 2, in commit
Apr 14 17:47:23 ubuntu devstack@keystone.service[81804]: ERROR keystone.server.flask.application   File "/opt/stack/data/venv/lib/python3.10/site-packages/sqlalchemy/orm/state_changes.py", line 137, in _go
Apr 14 17:47:23 ubuntu devstack@keystone.service[81804]: ERROR keystone.server.flask.application     ret_value = fn(self, *arg, **kw)
Apr 14 17:47:23 ubuntu devstack@keystone.service[81804]: ERROR keystone.server.flask.application   File "/opt/stack/data/venv/lib/python3.10/site-packages/sqlalchemy/orm/session.py", line 1311, in commit
Apr 14 17:47:23 ubuntu devstack@keystone.service[81804]: ERROR keystone.server.flask.application     self._prepare_impl()
Apr 14 17:47:23 ubuntu devstack@keystone.service[81804]: ERROR keystone.server.flask.application   File "<string>", line 2, in _prepare_impl
Apr 14 17:47:23 ubuntu devstack@keystone.service[81804]: ERROR keystone.server.flask.application   File "/opt/stack/data/venv/lib/python3.10/site-packages/sqlalchemy/orm/state_changes.py", line 137, in _go
Apr 14 17:47:23 ubuntu devstack@keystone.service[81804]: ERROR keystone.server.flask.application     ret_value = fn(self, *arg, **kw)
Apr 14 17:47:23 ubuntu devstack@keystone.service[81804]: ERROR keystone.server.flask.application   File "/opt/stack/data/venv/lib/python3.10/site-packages/sqlalchemy/orm/session.py", line 1286, in _prepare_impl
Apr 14 17:47:23 ubuntu devstack@keystone.service[81804]: ERROR keystone.server.flask.application     self.session.flush()
Apr 14 17:47:23 ubuntu devstack@keystone.service[81804]: ERROR keystone.server.flask.application   File "/opt/stack/data/venv/lib/python3.10/site-packages/sqlalchemy/orm/session.py", line 4331, in flush
Apr 14 17:47:23 ubuntu devstack@keystone.service[81804]: ERROR keystone.server.flask.application     self._flush(objects)
Apr 14 17:47:23 ubuntu devstack@keystone.service[81804]: ERROR keystone.server.flask.application   File "/opt/stack/data/venv/lib/python3.10/site-packages/sqlalchemy/orm/session.py", line 4466, in _flush
Apr 14 17:47:23 ubuntu devstack@keystone.service[81804]: ERROR keystone.server.flask.application     with util.safe_reraise():
Apr 14 17:47:23 ubuntu devstack@keystone.service[81804]: ERROR keystone.server.flask.application   File "/opt/stack/data/venv/lib/python3.10/site-packages/sqlalchemy/util/langhelpers.py", line 121, in __exit__
Apr 14 17:47:23 ubuntu devstack@keystone.service[81804]: ERROR keystone.server.flask.application     raise exc_value.with_traceback(exc_tb)
