Feb 17 10:20:39 ubuntu devstack@keystone.service[81879]: DEBUG keystone.server.flask.request_processing.req_logging [None req-2d770a65-2afb-4fc3-aa83-d5091cf1457b None None] PATH_INFO: `/` {{(pid=81879) log_request_info /opt/stack/keystone/keystone/server/flask/request_processing/req_logging.py:28}}
Feb 17 10:20:39 ubuntu devstack@keystone.service[81879]: [pid: 81879|app: 0|req: 13/23] 10.201.5.82 () {54 vars in 919 bytes} [Tue Feb 17 10:20:39 2026] GET /identity => generated 270 bytes in 1 msecs (HTTP/1.1 300) 6 headers in 234 bytes (1 switches on core 0)
Feb 17 10:20:40 ubuntu devstack@keystone.service[81879]: DEBUG keystone.server.flask.request_processing.req_logging [None req-954ad788-0c43-4dbc-9f15-34d4782e97d4 None None] REQUEST_METHOD: `POST` {{(pid=81879) log_request_info /opt/stack/keystone/keystone/server/flask/request_processing/req_logging.py:26}}
Feb 17 10:20:40 ubuntu devstack@keystone.service[81879]: DEBUG keystone.server.flask.request_processing.req_logging [None req-954ad788-0c43-4dbc-9f15-34d4782e97d4 None None] SCRIPT_NAME: `/identity` {{(pid=81879) log_request_info /opt/stack/keystone/keystone/server/flask/request_processing/req_logging.py:27}}
Feb 17 10:20:40 ubuntu devstack@keystone.service[81879]: DEBUG keystone.server.flask.request_processing.req_logging [None req-954ad788-0c43-4dbc-9f15-34d4782e97d4 None None] PATH_INFO: `/v3/auth/tokens` {{(pid=81879) log_request_info /opt/stack/keystone/keystone/server/flask/request_processing/req_logging.py:28}}
Feb 17 10:20:40 ubuntu devstack@keystone.service[81879]: WARNING keystone.common.password_hashing [None req-954ad788-0c43-4dbc-9f15-34d4782e97d4 None None] Truncating password to algorithm specific maximum length 72 characters.
Feb 17 10:20:40 ubuntu devstack@keystone.service[81879]: DEBUG keystone.auth.core [None req-954ad788-0c43-4dbc-9f15-34d4782e97d4 None None] MFA Rules not processed for user `8ded8a2c7634494fa909b5c6d7849dd3`. Rule list: `[]` (Enabled: `True`). {{(pid=81879) check_auth_methods_against_rules /opt/stack/keystone/keystone/auth/core.py:476}}
Feb 17 10:20:40 ubuntu devstack@keystone.service[81879]: DEBUG keystone.common.fernet_utils [None req-954ad788-0c43-4dbc-9f15-34d4782e97d4 None None] Loaded 2 Fernet keys from /etc/keystone/fernet-keys/, but `[fernet_tokens] max_active_keys = 3`; perhaps there have not been enough key rotations to reach `max_active_keys` yet? {{(pid=81879) load_keys /opt/stack/keystone/keystone/common/fernet_utils.py:297}}
Feb 17 10:20:40 ubuntu devstack@keystone.service[81880]: [pid: 81880|app: 0|req: 11/24] 10.201.5.82 () {58 vars in 1016 bytes} [Tue Feb 17 10:20:39 2026] POST /identity/v3/auth/tokens => generated 862 bytes in 58 msecs (HTTP/1.1 201) 6 headers in 363 bytes (1 switches on core 0)
Feb 17 10:20:40 ubuntu devstack@keystone.service[81879]: [pid: 81879|app: 0|req: 14/25] 10.201.5.82 () {58 vars in 1016 bytes} [Tue Feb 17 10:20:40 2026] POST /identity/v3/auth/tokens => generated 862 bytes in 79 msecs (HTTP/1.1 201) 6 headers in 363 bytes (1 switches on core 0)
Feb 17 10:20:40 ubuntu devstack@keystone.service[81880]: DEBUG keystone.server.flask.request_processing.middleware.auth_context [None req-63186f91-4033-4fb9-917c-c38ffb972f59 None None] Authenticating user token {{(pid=81880) process_request /opt/stack/data/venv/lib/python3.10/site-packages/keystonemiddleware/auth_token/__init__.py:407}}
Feb 17 10:20:40 ubuntu devstack@keystone.service[81880]: DEBUG keystone.server.flask.request_processing.middleware.auth_context [None req-63186f91-4033-4fb9-917c-c38ffb972f59 None None] Validating token access rules against request {{(pid=81880) validate_allowed_request /opt/stack/data/venv/lib/python3.10/site-packages/keystonemiddleware/auth_token/__init__.py:545}}
Feb 17 10:20:40 ubuntu devstack@keystone.service[81879]: DEBUG keystone.server.flask.request_processing.req_logging [None req-31157a2f-4f8a-4e2b-bec4-70fd80f09e43 None None] REQUEST_METHOD: `GET` {{(pid=81879) log_request_info /opt/stack/keystone/keystone/server/flask/request_processing/req_logging.py:26}}
Feb 17 10:20:40 ubuntu devstack@keystone.service[81879]: DEBUG keystone.server.flask.request_processing.req_logging [None req-31157a2f-4f8a-4e2b-bec4-70fd80f09e43 None None] SCRIPT_NAME: `/identity` {{(pid=81879) log_request_info /opt/stack/keystone/keystone/server/flask/request_processing/req_logging.py:27}}
Feb 17 10:20:40 ubuntu devstack@keystone.service[81879]: DEBUG keystone.server.flask.request_processing.req_logging [None req-31157a2f-4f8a-4e2b-bec4-70fd80f09e43 None None] PATH_INFO: `/` {{(pid=81879) log_request_info /opt/stack/keystone/keystone/server/flask/request_processing/req_logging.py:28}}
Feb 17 10:20:40 ubuntu devstack@keystone.service[81879]: [pid: 81879|app: 0|req: 15/26] 10.201.5.82 () {54 vars in 919 bytes} [Tue Feb 17 10:20:40 2026] GET /identity => generated 270 bytes in 2 msecs (HTTP/1.1 300) 6 headers in 234 bytes (1 switches on core 0)
Feb 17 10:20:40 ubuntu devstack@keystone.service[81880]: DEBUG keystone.server.flask.request_processing.middleware.auth_context [None req-ada30f5d-c760-4edb-a1b4-793954c86558 None admin] RBAC: auth_context: {'token': <TokenModel (audit_id=Ri8MZ89rRiSpHvYe241wWQ, audit_chain_id=['Ri8MZ89rRiSpHvYe241wWQ']) at 0x7fde140df1f0>, 'domain_id': None, 'trust_id': None, 'trustor_id': None, 'trustee_id': None, 'domain_name': None, 'group_ids': [], 'user_id': '8ded8a2c7634494fa909b5c6d7849dd3', 'user_domain_id': 'default', 'system_scope': 'all', 'project_id': None, 'project_domain_id': None, 'roles': ['admin', 'manager', 'member', 'reader'], 'is_admin_project': True, 'service_user_id': None, 'service_user_domain_id': None, 'service_project_id': None, 'service_project_domain_id': None, 'service_roles': []} {{(pid=81880) fill_context /opt/stack/keystone/keystone/server/flask/request_processing/middleware/auth_context.py:509}}
Feb 17 10:20:40 ubuntu devstack@keystone.service[81880]: DEBUG keystone.server.flask.request_processing.req_logging [None req-ada30f5d-c760-4edb-a1b4-793954c86558 None admin] REQUEST_METHOD: `GET` {{(pid=81880) log_request_info /opt/stack/keystone/keystone/server/flask/request_processing/req_logging.py:26}}
Feb 17 10:20:40 ubuntu devstack@keystone.service[81880]: DEBUG keystone.server.flask.request_processing.req_logging [None req-ada30f5d-c760-4edb-a1b4-793954c86558 None admin] SCRIPT_NAME: `/identity` {{(pid=81880) log_request_info /opt/stack/keystone/keystone/server/flask/request_processing/req_logging.py:27}}
Feb 17 10:20:40 ubuntu devstack@keystone.service[81880]: DEBUG keystone.server.flask.request_processing.req_logging [None req-ada30f5d-c760-4edb-a1b4-793954c86558 None admin] PATH_INFO: `/v3/roles/admin` {{(pid=81880) log_request_info /opt/stack/keystone/keystone/server/flask/request_processing/req_logging.py:28}}
Feb 17 10:20:40 ubuntu devstack@keystone.service[81879]: DEBUG keystone.server.flask.request_processing.req_logging [None req-1f5f1a79-c825-42ef-bc87-7c4a2826817d None None] REQUEST_METHOD: `POST` {{(pid=81879) log_request_info /opt/stack/keystone/keystone/server/flask/request_processing/req_logging.py:26}}
Feb 17 10:20:40 ubuntu devstack@keystone.service[81879]: DEBUG keystone.server.flask.request_processing.req_logging [None req-1f5f1a79-c825-42ef-bc87-7c4a2826817d None None] SCRIPT_NAME: `/identity` {{(pid=81879) log_request_info /opt/stack/keystone/keystone/server/flask/request_processing/req_logging.py:27}}
Feb 17 10:20:40 ubuntu devstack@keystone.service[81879]: DEBUG keystone.server.flask.request_processing.req_logging [None req-1f5f1a79-c825-42ef-bc87-7c4a2826817d None None] PATH_INFO: `/v3/auth/tokens` {{(pid=81879) log_request_info /opt/stack/keystone/keystone/server/flask/request_processing/req_logging.py:28}}
Feb 17 10:20:40 ubuntu devstack@keystone.service[81880]: DEBUG keystone.common.rbac_enforcer.enforcer [None req-ada30f5d-c760-4edb-a1b4-793954c86558 None admin] Extracting inferred target data resulted in "NOT FOUND (404)". {{(pid=81880) enforce_call /opt/stack/keystone/keystone/common/rbac_enforcer/enforcer.py:445}}
Feb 17 10:20:40 ubuntu devstack@keystone.service[81880]: DEBUG keystone.server.flask.application [None req-ada30f5d-c760-4edb-a1b4-793954c86558 None admin] Could not find role: admin. {{(pid=81880) _handle_keystone_exception /opt/stack/keystone/keystone/server/flask/application.py:146}}
Feb 17 10:20:40 ubuntu devstack@keystone.service[81880]: [pid: 81880|app: 0|req: 12/27] 10.201.5.82 () {56 vars in 1132 bytes} [Tue Feb 17 10:20:40 2026] GET /identity/v3/roles/admin => generated 83 bytes in 71 msecs (HTTP/1.1 404) 5 headers in 183 bytes (1 switches on core 0)
Feb 17 10:20:40 ubuntu devstack@keystone.service[81879]: WARNING keystone.common.password_hashing [None req-1f5f1a79-c825-42ef-bc87-7c4a2826817d None None] Truncating password to algorithm specific maximum length 72 characters.
Feb 17 10:20:40 ubuntu devstack@keystone.service[81880]: DEBUG keystone.server.flask.request_processing.middleware.auth_context [None req-ada30f5d-c760-4edb-a1b4-793954c86558 None admin] Authenticating user token {{(pid=81880) process_request /opt/stack/data/venv/lib/python3.10/site-packages/keystonemiddleware/auth_token/__init__.py:407}}
Feb 17 10:20:40 ubuntu devstack@keystone.service[81879]: DEBUG keystone.auth.core [None req-1f5f1a79-c825-42ef-bc87-7c4a2826817d None None] MFA Rules not processed for user `8ded8a2c7634494fa909b5c6d7849dd3`. Rule list: `[]` (Enabled: `True`). {{(pid=81879) check_auth_methods_against_rules /opt/stack/keystone/keystone/auth/core.py:476}}
Feb 17 10:20:40 ubuntu devstack@keystone.service[81879]: DEBUG keystone.common.fernet_utils [None req-1f5f1a79-c825-42ef-bc87-7c4a2826817d None None] Loaded 2 Fernet keys from /etc/keystone/fernet-keys/, but `[fernet_tokens] max_active_keys = 3`; perhaps there have not been enough key rotations to reach `max_active_keys` yet? {{(pid=81879) load_keys /opt/stack/keystone/keystone/common/fernet_utils.py:297}}
Feb 17 10:20:40 ubuntu devstack@keystone.service[81880]: DEBUG keystone.server.flask.request_processing.middleware.auth_context [None req-ada30f5d-c760-4edb-a1b4-793954c86558 None admin] Validating token access rules against request {{(pid=81880) validate_allowed_request /opt/stack/data/venv/lib/python3.10/site-packages/keystonemiddleware/auth_token/__init__.py:545}}
Feb 17 10:20:40 ubuntu devstack@keystone.service[81879]: [pid: 81879|app: 0|req: 16/28] 10.201.5.82 () {58 vars in 1016 bytes} [Tue Feb 17 10:20:40 2026] POST /identity/v3/auth/tokens => generated 862 bytes in 62 msecs (HTTP/1.1 201) 6 headers in 363 bytes (2 switches on core 0)
Feb 17 10:20:40 ubuntu devstack@keystone.service[81879]: DEBUG keystone.server.flask.request_processing.middleware.auth_context [None req-1f5f1a79-c825-42ef-bc87-7c4a2826817d None None] Authenticating user token {{(pid=81879) process_request /opt/stack/data/venv/lib/python3.10/site-packages/keystonemiddleware/auth_token/__init__.py:407}}
Feb 17 10:20:40 ubuntu devstack@keystone.service[81880]: DEBUG keystone.server.flask.request_processing.middleware.auth_context [None req-d6adad23-78fe-4550-a78e-2ddd6887f818 None admin] RBAC: auth_context: {'token': <TokenModel (audit_id=Ri8MZ89rRiSpHvYe241wWQ, audit_chain_id=['Ri8MZ89rRiSpHvYe241wWQ']) at 0x7fde141e5ba0>, 'domain_id': None, 'trust_id': None, 'trustor_id': None, 'trustee_id': None, 'domain_name': None, 'group_ids': [], 'user_id': '8ded8a2c7634494fa909b5c6d7849dd3', 'user_domain_id': 'default', 'system_scope': 'all', 'project_id': None, 'project_domain_id': None, 'roles': ['admin', 'manager', 'member', 'reader'], 'is_admin_project': True, 'service_user_id': None, 'service_user_domain_id': None, 'service_project_id': None, 'service_project_domain_id': None, 'service_roles': []} {{(pid=81880) fill_context /opt/stack/keystone/keystone/server/flask/request_processing/middleware/auth_context.py:509}}
Feb 17 10:20:40 ubuntu devstack@keystone.service[81880]: DEBUG keystone.server.flask.request_processing.req_logging [None req-d6adad23-78fe-4550-a78e-2ddd6887f818 None admin] REQUEST_METHOD: `GET` {{(pid=81880) log_request_info /opt/stack/keystone/keystone/server/flask/request_processing/req_logging.py:26}}
Feb 17 10:20:40 ubuntu devstack@keystone.service[81880]: DEBUG keystone.server.flask.request_processing.req_logging [None req-d6adad23-78fe-4550-a78e-2ddd6887f818 None admin] SCRIPT_NAME: `/identity` {{(pid=81880) log_request_info /opt/stack/keystone/keystone/server/flask/request_processing/req_logging.py:27}}
Feb 17 10:20:40 ubuntu devstack@keystone.service[81880]: DEBUG keystone.server.flask.request_processing.req_logging [None req-d6adad23-78fe-4550-a78e-2ddd6887f818 None admin] PATH_INFO: `/v3/roles` {{(pid=81880) log_request_info /opt/stack/keystone/keystone/server/flask/request_processing/req_logging.py:28}}
Feb 17 10:20:40 ubuntu devstack@keystone.service[81880]: DEBUG keystone.common.rbac_enforcer.enforcer [None req-d6adad23-78fe-4550-a78e-2ddd6887f818 None admin] RBAC: Adding query filter params (name=admin) {{(pid=81880) _extract_filter_values /opt/stack/keystone/keystone/common/rbac_enforcer/enforcer.py:176}}
Feb 17 10:20:40 ubuntu devstack@keystone.service[81880]: DEBUG keystone.common.rbac_enforcer.enforcer [None req-d6adad23-78fe-4550-a78e-2ddd6887f818 None admin] RBAC: Authorizing `identity:list_roles()` {{(pid=81880) enforce_call /opt/stack/keystone/keystone/common/rbac_enforcer/enforcer.py:494}}
Feb 17 10:20:40 ubuntu devstack@keystone.service[81880]: DEBUG keystone.common.rbac_enforcer.enforcer [None req-d6adad23-78fe-4550-a78e-2ddd6887f818 None admin] RBAC: Authorization granted {{(pid=81880) enforce_call /opt/stack/keystone/keystone/common/rbac_enforcer/enforcer.py:505}}
Feb 17 10:20:40 ubuntu devstack@keystone.service[81880]: [pid: 81880|app: 0|req: 13/29] 10.201.5.82 () {56 vars in 1148 bytes} [Tue Feb 17 10:20:40 2026] GET /identity/v3/roles?name=admin => generated 339 bytes in 66 msecs (HTTP/1.1 200) 5 headers in 177 bytes (1 switches on core 0)
Feb 17 10:20:40 ubuntu devstack@keystone.service[81880]: DEBUG keystone.server.flask.request_processing.middleware.auth_context [None req-d6adad23-78fe-4550-a78e-2ddd6887f818 None admin] Authenticating user token {{(pid=81880) process_request /opt/stack/data/venv/lib/python3.10/site-packages/keystonemiddleware/auth_token/__init__.py:407}}
Feb 17 10:20:40 ubuntu devstack@keystone.service[81880]: DEBUG keystone.server.flask.request_processing.middleware.auth_context [None req-d6adad23-78fe-4550-a78e-2ddd6887f818 None admin] Validating token access rules against request {{(pid=81880) validate_allowed_request /opt/stack/data/venv/lib/python3.10/site-packages/keystonemiddleware/auth_token/__init__.py:545}}
Feb 17 10:20:40 ubuntu devstack@keystone.service[81879]: DEBUG keystone.server.flask.request_processing.middleware.auth_context [None req-1f5f1a79-c825-42ef-bc87-7c4a2826817d None None] Validating token access rules against request {{(pid=81879) validate_allowed_request /opt/stack/data/venv/lib/python3.10/site-packages/keystonemiddleware/auth_token/__init__.py:545}}
Feb 17 10:20:40 ubuntu devstack@keystone.service[81880]: DEBUG keystone.server.flask.request_processing.middleware.auth_context [None req-7b1e3622-d68e-4357-8d42-7958ce7a3137 None admin] RBAC: auth_context: {'token': <TokenModel (audit_id=Ri8MZ89rRiSpHvYe241wWQ, audit_chain_id=['Ri8MZ89rRiSpHvYe241wWQ']) at 0x7fde141e5870>, 'domain_id': None, 'trust_id': None, 'trustor_id': None, 'trustee_id': None, 'domain_name': None, 'group_ids': [], 'user_id': '8ded8a2c7634494fa909b5c6d7849dd3', 'user_domain_id': 'default', 'system_scope': 'all', 'project_id': None, 'project_domain_id': None, 'roles': ['admin', 'manager', 'member', 'reader'], 'is_admin_project': True, 'service_user_id': None, 'service_user_domain_id': None, 'service_project_id': None, 'service_project_domain_id': None, 'service_roles': []} {{(pid=81880) fill_context /opt/stack/keystone/keystone/server/flask/request_processing/middleware/auth_context.py:509}}
Feb 17 10:20:40 ubuntu devstack@keystone.service[81880]: DEBUG keystone.server.flask.request_processing.req_logging [None req-7b1e3622-d68e-4357-8d42-7958ce7a3137 None admin] REQUEST_METHOD: `GET` {{(pid=81880) log_request_info /opt/stack/keystone/keystone/server/flask/request_processing/req_logging.py:26}}
Feb 17 10:20:40 ubuntu devstack@keystone.service[81880]: DEBUG keystone.server.flask.request_processing.req_logging [None req-7b1e3622-d68e-4357-8d42-7958ce7a3137 None admin] SCRIPT_NAME: `/identity` {{(pid=81880) log_request_info /opt/stack/keystone/keystone/server/flask/request_processing/req_logging.py:27}}
Feb 17 10:20:40 ubuntu devstack@keystone.service[81880]: DEBUG keystone.server.flask.request_processing.req_logging [None req-7b1e3622-d68e-4357-8d42-7958ce7a3137 None admin] PATH_INFO: `/v3/users/8ded8a2c7634494fa909b5c6d7849dd3` {{(pid=81880) log_request_info /opt/stack/keystone/keystone/server/flask/request_processing/req_logging.py:28}}
Feb 17 10:20:40 ubuntu devstack@keystone.service[81880]: DEBUG keystone.common.rbac_enforcer.enforcer [None req-7b1e3622-d68e-4357-8d42-7958ce7a3137 None admin] RBAC: Authorizing `identity:get_user(user_id=8ded8a2c7634494fa909b5c6d7849dd3)` {{(pid=81880) enforce_call /opt/stack/keystone/keystone/common/rbac_enforcer/enforcer.py:494}}
Feb 17 10:20:40 ubuntu devstack@keystone.service[81880]: DEBUG keystone.common.rbac_enforcer.enforcer [None req-7b1e3622-d68e-4357-8d42-7958ce7a3137 None admin] RBAC: Authorization granted {{(pid=81880) enforce_call /opt/stack/keystone/keystone/common/rbac_enforcer/enforcer.py:505}}
Feb 17 10:20:40 ubuntu devstack@keystone.service[81880]: [pid: 81880|app: 0|req: 14/30] 10.201.5.82 () {56 vars in 1213 bytes} [Tue Feb 17 10:20:40 2026] GET /identity/v3/users/8ded8a2c7634494fa909b5c6d7849dd3 => generated 247 bytes in 61 msecs (HTTP/1.1 200) 5 headers in 177 bytes (1 switches on core 0)
Feb 17 10:20:40 ubuntu devstack@keystone.service[81880]: DEBUG keystone.server.flask.request_processing.middleware.auth_context [None req-7b1e3622-d68e-4357-8d42-7958ce7a3137 None admin] Authenticating user token {{(pid=81880) process_request /opt/stack/data/venv/lib/python3.10/site-packages/keystonemiddleware/auth_token/__init__.py:407}}
Feb 17 10:20:40 ubuntu devstack@keystone.service[81879]: DEBUG keystone.server.flask.request_processing.middleware.auth_context [None req-bca9920e-9e54-4645-9ea8-631ca44d1ea8 None admin] RBAC: auth_context: {'token': <TokenModel (audit_id=SqVvqy5oQuSl95e7wV3vsA, audit_chain_id=['SqVvqy5oQuSl95e7wV3vsA']) at 0x7fde143691b0>, 'domain_id': None, 'trust_id': None, 'trustor_id': None, 'trustee_id': None, 'domain_name': None, 'group_ids': [], 'user_id': '8ded8a2c7634494fa909b5c6d7849dd3', 'user_domain_id': 'default', 'system_scope': 'all', 'project_id': None, 'project_domain_id': None, 'roles': ['admin', 'manager', 'member', 'reader'], 'is_admin_project': True, 'service_user_id': None, 'service_user_domain_id': None, 'service_project_id': None, 'service_project_domain_id': None, 'service_roles': []} {{(pid=81879) fill_context /opt/stack/keystone/keystone/server/flask/request_processing/middleware/auth_context.py:509}}
Feb 17 10:20:40 ubuntu devstack@keystone.service[81879]: DEBUG keystone.server.flask.request_processing.req_logging [None req-bca9920e-9e54-4645-9ea8-631ca44d1ea8 None admin] REQUEST_METHOD: `GET` {{(pid=81879) log_request_info /opt/stack/keystone/keystone/server/flask/request_processing/req_logging.py:26}}
Feb 17 10:20:40 ubuntu devstack@keystone.service[81879]: DEBUG keystone.server.flask.request_processing.req_logging [None req-bca9920e-9e54-4645-9ea8-631ca44d1ea8 None admin] SCRIPT_NAME: `/identity` {{(pid=81879) log_request_info /opt/stack/keystone/keystone/server/flask/request_processing/req_logging.py:27}}
Feb 17 10:20:40 ubuntu devstack@keystone.service[81879]: DEBUG keystone.server.flask.request_processing.req_logging [None req-bca9920e-9e54-4645-9ea8-631ca44d1ea8 None admin] PATH_INFO: `/v3/domains/Default` {{(pid=81879) log_request_info /opt/stack/keystone/keystone/server/flask/request_processing/req_logging.py:28}}
Feb 17 10:20:40 ubuntu devstack@keystone.service[81879]: DEBUG keystone.common.rbac_enforcer.enforcer [None req-bca9920e-9e54-4645-9ea8-631ca44d1ea8 None admin] RBAC: Authorizing `identity:get_domain(domain_id=Default)` {{(pid=81879) enforce_call /opt/stack/keystone/keystone/common/rbac_enforcer/enforcer.py:494}}
Feb 17 10:20:40 ubuntu devstack@keystone.service[81879]: DEBUG keystone.common.rbac_enforcer.enforcer [None req-bca9920e-9e54-4645-9ea8-631ca44d1ea8 None admin] RBAC: Authorization granted {{(pid=81879) enforce_call /opt/stack/keystone/keystone/common/rbac_enforcer/enforcer.py:505}}
Feb 17 10:20:40 ubuntu devstack@keystone.service[81880]: DEBUG keystone.server.flask.request_processing.middleware.auth_context [None req-7b1e3622-d68e-4357-8d42-7958ce7a3137 None admin] Validating token access rules against request {{(pid=81880) validate_allowed_request /opt/stack/data/venv/lib/python3.10/site-packages/keystonemiddleware/auth_token/__init__.py:545}}
Feb 17 10:20:40 ubuntu devstack@keystone.service[81879]: DEBUG keystone.server.flask.application [None req-bca9920e-9e54-4645-9ea8-631ca44d1ea8 None admin] Could not find domain: Default. {{(pid=81879) _handle_keystone_exception /opt/stack/keystone/keystone/server/flask/application.py:146}}
Feb 17 10:20:40 ubuntu devstack@keystone.service[81879]: [pid: 81879|app: 0|req: 17/31] 10.201.5.82 () {56 vars in 1100 bytes} [Tue Feb 17 10:20:40 2026] GET /identity/v3/domains/Default => generated 87 bytes in 123 msecs (HTTP/1.1 404) 5 headers in 183 bytes (2 switches on core 0)
Feb 17 10:20:40 ubuntu devstack@keystone.service[81879]: DEBUG keystone.server.flask.request_processing.req_logging [None req-eda894af-53cc-493a-a73f-e2abd44a0970 None None] REQUEST_METHOD: `GET` {{(pid=81879) log_request_info /opt/stack/keystone/keystone/server/flask/request_processing/req_logging.py:26}}
Feb 17 10:20:40 ubuntu devstack@keystone.service[81879]: DEBUG keystone.server.flask.request_processing.req_logging [None req-eda894af-53cc-493a-a73f-e2abd44a0970 None None] SCRIPT_NAME: `/identity` {{(pid=81879) log_request_info /opt/stack/keystone/keystone/server/flask/request_processing/req_logging.py:27}}
Feb 17 10:20:40 ubuntu devstack@keystone.service[81879]: DEBUG keystone.server.flask.request_processing.req_logging [None req-eda894af-53cc-493a-a73f-e2abd44a0970 None None] PATH_INFO: `/` {{(pid=81879) log_request_info /opt/stack/keystone/keystone/server/flask/request_processing/req_logging.py:28}}
Feb 17 10:20:40 ubuntu devstack@keystone.service[81879]: [pid: 81879|app: 0|req: 18/32] 10.201.5.82 () {54 vars in 919 bytes} [Tue Feb 17 10:20:40 2026] GET /identity => generated 270 bytes in 1 msecs (HTTP/1.1 300) 6 headers in 234 bytes (1 switches on core 0)
Feb 17 10:20:40 ubuntu devstack@keystone.service[81879]: DEBUG keystone.server.flask.request_processing.middleware.auth_context [None req-eda894af-53cc-493a-a73f-e2abd44a0970 None None] Authenticating user token {{(pid=81879) process_request /opt/stack/data/venv/lib/python3.10/site-packages/keystonemiddleware/auth_token/__init__.py:407}}
Feb 17 10:20:40 ubuntu devstack@keystone.service[81880]: DEBUG keystone.server.flask.request_processing.middleware.auth_context [None req-031619a0-a371-4a9d-8840-46bab4d7ee4f None admin] RBAC: auth_context: {'token': <TokenModel (audit_id=Ri8MZ89rRiSpHvYe241wWQ, audit_chain_id=['Ri8MZ89rRiSpHvYe241wWQ']) at 0x7fde141e5cc0>, 'domain_id': None, 'trust_id': None, 'trustor_id': None, 'trustee_id': None, 'domain_name': None, 'group_ids': [], 'user_id': '8ded8a2c7634494fa909b5c6d7849dd3', 'user_domain_id': 'default', 'system_scope': 'all', 'project_id': None, 'project_domain_id': None, 'roles': ['admin', 'manager', 'member', 'reader'], 'is_admin_project': True, 'service_user_id': None, 'service_user_domain_id': None, 'service_project_id': None, 'service_project_domain_id': None, 'service_roles': []} {{(pid=81880) fill_context /opt/stack/keystone/keystone/server/flask/request_processing/middleware/auth_context.py:509}}
Feb 17 10:20:40 ubuntu devstack@keystone.service[81880]: DEBUG keystone.server.flask.request_processing.req_logging [None req-031619a0-a371-4a9d-8840-46bab4d7ee4f None admin] REQUEST_METHOD: `GET` {{(pid=81880) log_request_info /opt/stack/keystone/keystone/server/flask/request_processing/req_logging.py:26}}
Feb 17 10:20:40 ubuntu devstack@keystone.service[81880]: DEBUG keystone.server.flask.request_processing.req_logging [None req-031619a0-a371-4a9d-8840-46bab4d7ee4f None admin] SCRIPT_NAME: `/identity` {{(pid=81880) log_request_info /opt/stack/keystone/keystone/server/flask/request_processing/req_logging.py:27}}
Feb 17 10:20:40 ubuntu devstack@keystone.service[81880]: DEBUG keystone.server.flask.request_processing.req_logging [None req-031619a0-a371-4a9d-8840-46bab4d7ee4f None admin] PATH_INFO: `/v3/domains/default` {{(pid=81880) log_request_info /opt/stack/keystone/keystone/server/flask/request_processing/req_logging.py:28}}
Feb 17 10:20:40 ubuntu devstack@keystone.service[81880]: DEBUG keystone.common.rbac_enforcer.enforcer [None req-031619a0-a371-4a9d-8840-46bab4d7ee4f None admin] RBAC: Authorizing `identity:get_domain(domain_id=default)` {{(pid=81880) enforce_call /opt/stack/keystone/keystone/common/rbac_enforcer/enforcer.py:494}}
Feb 17 10:20:40 ubuntu devstack@keystone.service[81880]: DEBUG keystone.common.rbac_enforcer.enforcer [None req-031619a0-a371-4a9d-8840-46bab4d7ee4f None admin] RBAC: Authorization granted {{(pid=81880) enforce_call /opt/stack/keystone/keystone/common/rbac_enforcer/enforcer.py:505}}
Feb 17 10:20:40 ubuntu devstack@keystone.service[81880]: [pid: 81880|app: 0|req: 15/33] 10.201.5.82 () {56 vars in 1144 bytes} [Tue Feb 17 10:20:40 2026] GET /identity/v3/domains/default => generated 199 bytes in 57 msecs (HTTP/1.1 200) 5 headers in 177 bytes (1 switches on core 0)
Feb 17 10:20:40 ubuntu devstack@keystone.service[81880]: DEBUG keystone.server.flask.request_processing.req_logging [None req-8fb235fd-5cfc-4bd5-9245-125509efa65f None None] REQUEST_METHOD: `POST` {{(pid=81880) log_request_info /opt/stack/keystone/keystone/server/flask/request_processing/req_logging.py:26}}
Feb 17 10:20:40 ubuntu devstack@keystone.service[81880]: DEBUG keystone.server.flask.request_processing.req_logging [None req-8fb235fd-5cfc-4bd5-9245-125509efa65f None None] SCRIPT_NAME: `/identity` {{(pid=81880) log_request_info /opt/stack/keystone/keystone/server/flask/request_processing/req_logging.py:27}}
Feb 17 10:20:40 ubuntu devstack@keystone.service[81880]: DEBUG keystone.server.flask.request_processing.req_logging [None req-8fb235fd-5cfc-4bd5-9245-125509efa65f None None] PATH_INFO: `/v3/auth/tokens` {{(pid=81880) log_request_info /opt/stack/keystone/keystone/server/flask/request_processing/req_logging.py:28}}
Feb 17 10:20:40 ubuntu devstack@keystone.service[81880]: WARNING keystone.common.password_hashing [None req-8fb235fd-5cfc-4bd5-9245-125509efa65f None None] Truncating password to algorithm specific maximum length 72 characters.
Feb 17 10:20:40 ubuntu devstack@keystone.service[81880]: DEBUG keystone.auth.core [None req-8fb235fd-5cfc-4bd5-9245-125509efa65f None None] MFA Rules not processed for user `8ded8a2c7634494fa909b5c6d7849dd3`. Rule list: `[]` (Enabled: `True`). {{(pid=81880) check_auth_methods_against_rules /opt/stack/keystone/keystone/auth/core.py:476}}
Feb 17 10:20:40 ubuntu devstack@keystone.service[81880]: DEBUG keystone.common.fernet_utils [None req-8fb235fd-5cfc-4bd5-9245-125509efa65f None None] Loaded 2 Fernet keys from /etc/keystone/fernet-keys/, but `[fernet_tokens] max_active_keys = 3`; perhaps there have not been enough key rotations to reach `max_active_keys` yet? {{(pid=81880) load_keys /opt/stack/keystone/keystone/common/fernet_utils.py:297}}
Feb 17 10:20:40 ubuntu devstack@keystone.service[81879]: DEBUG keystone.server.flask.request_processing.middleware.auth_context [None req-eda894af-53cc-493a-a73f-e2abd44a0970 None None] Validating token access rules against request {{(pid=81879) validate_allowed_request /opt/stack/data/venv/lib/python3.10/site-packages/keystonemiddleware/auth_token/__init__.py:545}}
Feb 17 10:20:40 ubuntu devstack@keystone.service[81880]: [pid: 81880|app: 0|req: 16/34] 10.201.5.82 () {58 vars in 1016 bytes} [Tue Feb 17 10:20:40 2026] POST /identity/v3/auth/tokens => generated 862 bytes in 68 msecs (HTTP/1.1 201) 6 headers in 363 bytes (1 switches on core 0)
Feb 17 10:20:40 ubuntu devstack@keystone.service[81880]: DEBUG keystone.server.flask.request_processing.middleware.auth_context [None req-8fb235fd-5cfc-4bd5-9245-125509efa65f None None] Authenticating user token {{(pid=81880) process_request /opt/stack/data/venv/lib/python3.10/site-packages/keystonemiddleware/auth_token/__init__.py:407}}
Feb 17 10:20:40 ubuntu devstack@keystone.service[81879]: DEBUG keystone.server.flask.request_processing.middleware.auth_context [None req-a38b3eab-2607-49ec-93a4-1e771005f5af None admin] RBAC: auth_context: {'token': <TokenModel (audit_id=SqVvqy5oQuSl95e7wV3vsA, audit_chain_id=['SqVvqy5oQuSl95e7wV3vsA']) at 0x7fde0fe4e9e0>, 'domain_id': None, 'trust_id': None, 'trustor_id': None, 'trustee_id': None, 'domain_name': None, 'group_ids': [], 'user_id': '8ded8a2c7634494fa909b5c6d7849dd3', 'user_domain_id': 'default', 'system_scope': 'all', 'project_id': None, 'project_domain_id': None, 'roles': ['admin', 'manager', 'member', 'reader'], 'is_admin_project': True, 'service_user_id': None, 'service_user_domain_id': None, 'service_project_id': None, 'service_project_domain_id': None, 'service_roles': []} {{(pid=81879) fill_context /opt/stack/keystone/keystone/server/flask/request_processing/middleware/auth_context.py:509}}
Feb 17 10:20:40 ubuntu devstack@keystone.service[81879]: DEBUG keystone.server.flask.request_processing.req_logging [None req-a38b3eab-2607-49ec-93a4-1e771005f5af None admin] REQUEST_METHOD: `GET` {{(pid=81879) log_request_info /opt/stack/keystone/keystone/server/flask/request_processing/req_logging.py:26}}
Feb 17 10:20:40 ubuntu devstack@keystone.service[81879]: DEBUG keystone.server.flask.request_processing.req_logging [None req-a38b3eab-2607-49ec-93a4-1e771005f5af None admin] SCRIPT_NAME: `/identity` {{(pid=81879) log_request_info /opt/stack/keystone/keystone/server/flask/request_processing/req_logging.py:27}}
Feb 17 10:20:40 ubuntu devstack@keystone.service[81879]: DEBUG keystone.server.flask.request_processing.req_logging [None req-a38b3eab-2607-49ec-93a4-1e771005f5af None admin] PATH_INFO: `/v3/domains` {{(pid=81879) log_request_info /opt/stack/keystone/keystone/server/flask/request_processing/req_logging.py:28}}
Feb 17 10:20:40 ubuntu devstack@keystone.service[81879]: DEBUG keystone.common.rbac_enforcer.enforcer [None req-a38b3eab-2607-49ec-93a4-1e771005f5af None admin] RBAC: Adding query filter params (name=Default) {{(pid=81879) _extract_filter_values /opt/stack/keystone/keystone/common/rbac_enforcer/enforcer.py:176}}
Feb 17 10:20:40 ubuntu devstack@keystone.service[81879]: DEBUG keystone.common.rbac_enforcer.enforcer [None req-a38b3eab-2607-49ec-93a4-1e771005f5af None admin] RBAC: Authorizing `identity:list_domains()` {{(pid=81879) enforce_call /opt/stack/keystone/keystone/common/rbac_enforcer/enforcer.py:494}}
Feb 17 10:20:40 ubuntu devstack@keystone.service[81879]: DEBUG keystone.common.rbac_enforcer.enforcer [None req-a38b3eab-2607-49ec-93a4-1e771005f5af None admin] RBAC: Authorization granted {{(pid=81879) enforce_call /opt/stack/keystone/keystone/common/rbac_enforcer/enforcer.py:505}}
Feb 17 10:20:40 ubuntu devstack@keystone.service[81879]: [pid: 81879|app: 0|req: 19/35] 10.201.5.82 () {56 vars in 1101 bytes} [Tue Feb 17 10:20:40 2026] GET /identity/v3/domains?name=Default => generated 308 bytes in 98 msecs (HTTP/1.1 200) 5 headers in 177 bytes (1 switches on core 0)
Feb 17 10:20:40 ubuntu devstack@keystone.service[81879]: DEBUG keystone.server.flask.request_processing.middleware.auth_context [None req-a38b3eab-2607-49ec-93a4-1e771005f5af None admin] Authenticating user token {{(pid=81879) process_request /opt/stack/data/venv/lib/python3.10/site-packages/keystonemiddleware/auth_token/__init__.py:407}}
Feb 17 10:20:40 ubuntu devstack@keystone.service[81880]: DEBUG keystone.server.flask.request_processing.middleware.auth_context [None req-8fb235fd-5cfc-4bd5-9245-125509efa65f None None] Validating token access rules against request {{(pid=81880) validate_allowed_request /opt/stack/data/venv/lib/python3.10/site-packages/keystonemiddleware/auth_token/__init__.py:545}}
Feb 17 10:20:40 ubuntu devstack@keystone.service[81879]: DEBUG keystone.server.flask.request_processing.middleware.auth_context [None req-a38b3eab-2607-49ec-93a4-1e771005f5af None admin] Validating token access rules against request {{(pid=81879) validate_allowed_request /opt/stack/data/venv/lib/python3.10/site-packages/keystonemiddleware/auth_token/__init__.py:545}}
Feb 17 10:20:40 ubuntu devstack@keystone.service[81880]: DEBUG keystone.server.flask.request_processing.middleware.auth_context [None req-c3f44a60-7876-48ee-9aa3-8042ed2a51e4 None admin] RBAC: auth_context: {'token': <TokenModel (audit_id=Ri8MZ89rRiSpHvYe241wWQ, audit_chain_id=['Ri8MZ89rRiSpHvYe241wWQ']) at 0x7fde141e6fe0>, 'domain_id': None, 'trust_id': None, 'trustor_id': None, 'trustee_id': None, 'domain_name': None, 'group_ids': [], 'user_id': '8ded8a2c7634494fa909b5c6d7849dd3', 'user_domain_id': 'default', 'system_scope': 'all', 'project_id': None, 'project_domain_id': None, 'roles': ['admin', 'manager', 'member', 'reader'], 'is_admin_project': True, 'service_user_id': None, 'service_user_domain_id': None, 'service_project_id': None, 'service_project_domain_id': None, 'service_roles': []} {{(pid=81880) fill_context /opt/stack/keystone/keystone/server/flask/request_processing/middleware/auth_context.py:509}}
Feb 17 10:20:40 ubuntu devstack@keystone.service[81880]: DEBUG keystone.server.flask.request_processing.req_logging [None req-c3f44a60-7876-48ee-9aa3-8042ed2a51e4 None admin] REQUEST_METHOD: `GET` {{(pid=81880) log_request_info /opt/stack/keystone/keystone/server/flask/request_processing/req_logging.py:26}}
Feb 17 10:20:40 ubuntu devstack@keystone.service[81880]: DEBUG keystone.server.flask.request_processing.req_logging [None req-c3f44a60-7876-48ee-9aa3-8042ed2a51e4 None admin] SCRIPT_NAME: `/identity` {{(pid=81880) log_request_info /opt/stack/keystone/keystone/server/flask/request_processing/req_logging.py:27}}
Feb 17 10:20:40 ubuntu devstack@keystone.service[81880]: DEBUG keystone.server.flask.request_processing.req_logging [None req-c3f44a60-7876-48ee-9aa3-8042ed2a51e4 None admin] PATH_INFO: `/v3/role_assignments` {{(pid=81880) log_request_info /opt/stack/keystone/keystone/server/flask/request_processing/req_logging.py:28}}
Feb 17 10:20:40 ubuntu devstack@keystone.service[81879]: DEBUG keystone.server.flask.request_processing.middleware.auth_context [None req-9339b88a-69f0-48ac-acd3-d1244dfd5a5a None admin] RBAC: auth_context: {'token': <TokenModel (audit_id=k7lld2KqQUuqSSL4XBlz0Q, audit_chain_id=['k7lld2KqQUuqSSL4XBlz0Q']) at 0x7fde0fe4ffd0>, 'domain_id': None, 'trust_id': None, 'trustor_id': None, 'trustee_id': None, 'domain_name': None, 'group_ids': [], 'user_id': '8ded8a2c7634494fa909b5c6d7849dd3', 'user_domain_id': 'default', 'system_scope': 'all', 'project_id': None, 'project_domain_id': None, 'roles': ['admin', 'manager', 'member', 'reader'], 'is_admin_project': True, 'service_user_id': None, 'service_user_domain_id': None, 'service_project_id': None, 'service_project_domain_id': None, 'service_roles': []} {{(pid=81879) fill_context /opt/stack/keystone/keystone/server/flask/request_processing/middleware/auth_context.py:509}}
Feb 17 10:20:40 ubuntu devstack@keystone.service[81879]: DEBUG keystone.server.flask.request_processing.req_logging [None req-9339b88a-69f0-48ac-acd3-d1244dfd5a5a None admin] REQUEST_METHOD: `POST` {{(pid=81879) log_request_info /opt/stack/keystone/keystone/server/flask/request_processing/req_logging.py:26}}
Feb 17 10:20:40 ubuntu devstack@keystone.service[81879]: DEBUG keystone.server.flask.request_processing.req_logging [None req-9339b88a-69f0-48ac-acd3-d1244dfd5a5a None admin] SCRIPT_NAME: `/identity` {{(pid=81879) log_request_info /opt/stack/keystone/keystone/server/flask/request_processing/req_logging.py:27}}
Feb 17 10:20:40 ubuntu devstack@keystone.service[81879]: DEBUG keystone.server.flask.request_processing.req_logging [None req-9339b88a-69f0-48ac-acd3-d1244dfd5a5a None admin] PATH_INFO: `/v3/roles` {{(pid=81879) log_request_info /opt/stack/keystone/keystone/server/flask/request_processing/req_logging.py:28}}
Feb 17 10:20:40 ubuntu devstack@keystone.service[81880]: DEBUG keystone.common.rbac_enforcer.enforcer [None req-c3f44a60-7876-48ee-9aa3-8042ed2a51e4 None admin] RBAC: Adding query filter params (role.id=8af77437f7ec4692b376225957479997, scope.domain.id=default, user.id=8ded8a2c7634494fa909b5c6d7849dd3) {{(pid=81880) _extract_filter_values /opt/stack/keystone/keystone/common/rbac_enforcer/enforcer.py:176}}
Feb 17 10:20:40 ubuntu devstack@keystone.service[81880]: DEBUG keystone.common.rbac_enforcer.enforcer [None req-c3f44a60-7876-48ee-9aa3-8042ed2a51e4 None admin] RBAC: Authorizing `identity:list_role_assignments()` {{(pid=81880) enforce_call /opt/stack/keystone/keystone/common/rbac_enforcer/enforcer.py:494}}
Feb 17 10:20:40 ubuntu devstack@keystone.service[81879]: DEBUG keystone.common.rbac_enforcer.enforcer [None req-9339b88a-69f0-48ac-acd3-d1244dfd5a5a None admin] RBAC: Authorizing `identity:create_role()` {{(pid=81879) enforce_call /opt/stack/keystone/keystone/common/rbac_enforcer/enforcer.py:494}}
Feb 17 10:20:40 ubuntu devstack@keystone.service[81880]: DEBUG keystone.common.rbac_enforcer.enforcer [None req-c3f44a60-7876-48ee-9aa3-8042ed2a51e4 None admin] RBAC: Authorization granted {{(pid=81880) enforce_call /opt/stack/keystone/keystone/common/rbac_enforcer/enforcer.py:505}}
Feb 17 10:20:40 ubuntu devstack@keystone.service[81879]: DEBUG keystone.common.rbac_enforcer.enforcer [None req-9339b88a-69f0-48ac-acd3-d1244dfd5a5a None admin] RBAC: Authorization granted {{(pid=81879) enforce_call /opt/stack/keystone/keystone/common/rbac_enforcer/enforcer.py:505}}
Feb 17 10:20:40 ubuntu devstack@keystone.service[81879]: DEBUG keystone.common.sql.core [None req-9339b88a-69f0-48ac-acd3-d1244dfd5a5a None admin] Conflict role: (pymysql.err.IntegrityError) (1062, "Duplicate entry 'service-<<null>>' for key 'role.ixu_role_name_domain_id'")
Feb 17 10:20:40 ubuntu devstack@keystone.service[81879]: [SQL: INSERT INTO `role` (id, name, description, extra) VALUES (%(id)s, %(name)s, %(description)s, %(extra)s)]
Feb 17 10:20:40 ubuntu devstack@keystone.service[81879]: [parameters: {'id': 'f5526fe53e7442068d571f789ef32721', 'name': 'service', 'description': None, 'extra': '{}'}]
Feb 17 10:20:40 ubuntu devstack@keystone.service[81879]: (Background on this error at: https://sqlalche.me/e/20/gkpj) {{(pid=81879) wrapper /opt/stack/keystone/keystone/common/sql/core.py:580}}
Feb 17 10:20:40 ubuntu devstack@keystone.service[81880]: [pid: 81880|app: 0|req: 17/36] 10.201.5.82 () {56 vars in 1371 bytes} [Tue Feb 17 10:20:40 2026] GET /identity/v3/role_assignments?role.id=8af77437f7ec4692b376225957479997&scope.domain.id=default&user.id=8ded8a2c7634494fa909b5c6d7849dd3 => generated 530 bytes in 77 msecs (HTTP/1.1 200) 5 headers in 177 bytes (1 switches on core 0)
Feb 17 10:20:40 ubuntu devstack@keystone.service[81880]: DEBUG keystone.server.flask.request_processing.middleware.auth_context [None req-c3f44a60-7876-48ee-9aa3-8042ed2a51e4 None admin] Authenticating user token {{(pid=81880) process_request /opt/stack/data/venv/lib/python3.10/site-packages/keystonemiddleware/auth_token/__init__.py:407}}
Feb 17 10:20:40 ubuntu devstack@keystone.service[81879]: ERROR keystone.server.flask.application [None req-9339b88a-69f0-48ac-acd3-d1244dfd5a5a None admin] Conflict occurred attempting to store role - Duplicate entry found with name service.: keystone.exception.Conflict: Conflict occurred attempting to store role - Duplicate entry found with name service.
Feb 17 10:20:40 ubuntu devstack@keystone.service[81879]: ERROR keystone.server.flask.application Traceback (most recent call last):
Feb 17 10:20:40 ubuntu devstack@keystone.service[81879]: ERROR keystone.server.flask.application   File "/opt/stack/data/venv/lib/python3.10/site-packages/sqlalchemy/engine/base.py", line 1967, in _exec_single_context
Feb 17 10:20:40 ubuntu devstack@keystone.service[81879]: ERROR keystone.server.flask.application     self.dialect.do_execute(
Feb 17 10:20:40 ubuntu devstack@keystone.service[81879]: ERROR keystone.server.flask.application   File "/opt/stack/data/venv/lib/python3.10/site-packages/sqlalchemy/engine/default.py", line 951, in do_execute
Feb 17 10:20:40 ubuntu devstack@keystone.service[81879]: ERROR keystone.server.flask.application     cursor.execute(statement, parameters)
Feb 17 10:20:40 ubuntu devstack@keystone.service[81879]: ERROR keystone.server.flask.application   File "/opt/stack/data/venv/lib/python3.10/site-packages/pymysql/cursors.py", line 153, in execute
Feb 17 10:20:40 ubuntu devstack@keystone.service[81879]: ERROR keystone.server.flask.application     result = self._query(query)
Feb 17 10:20:40 ubuntu devstack@keystone.service[81879]: ERROR keystone.server.flask.application   File "/opt/stack/data/venv/lib/python3.10/site-packages/pymysql/cursors.py", line 322, in _query
Feb 17 10:20:40 ubuntu devstack@keystone.service[81879]: ERROR keystone.server.flask.application     conn.query(q)
Feb 17 10:20:40 ubuntu devstack@keystone.service[81879]: ERROR keystone.server.flask.application   File "/opt/stack/data/venv/lib/python3.10/site-packages/pymysql/connections.py", line 575, in query
Feb 17 10:20:40 ubuntu devstack@keystone.service[81879]: ERROR keystone.server.flask.application     self._affected_rows = self._read_query_result(unbuffered=unbuffered)
Feb 17 10:20:40 ubuntu devstack@keystone.service[81879]: ERROR keystone.server.flask.application   File "/opt/stack/data/venv/lib/python3.10/site-packages/pymysql/connections.py", line 826, in _read_query_result
Feb 17 10:20:40 ubuntu devstack@keystone.service[81879]: ERROR keystone.server.flask.application     result.read()
Feb 17 10:20:40 ubuntu devstack@keystone.service[81879]: ERROR keystone.server.flask.application   File "/opt/stack/data/venv/lib/python3.10/site-packages/pymysql/connections.py", line 1203, in read
Feb 17 10:20:40 ubuntu devstack@keystone.service[81879]: ERROR keystone.server.flask.application     first_packet = self.connection._read_packet()
Feb 17 10:20:40 ubuntu devstack@keystone.service[81879]: ERROR keystone.server.flask.application   File "/opt/stack/data/venv/lib/python3.10/site-packages/pymysql/connections.py", line 782, in _read_packet
Feb 17 10:20:40 ubuntu devstack@keystone.service[81879]: ERROR keystone.server.flask.application     packet.raise_for_error()
Feb 17 10:20:40 ubuntu devstack@keystone.service[81879]: ERROR keystone.server.flask.application   File "/opt/stack/data/venv/lib/python3.10/site-packages/pymysql/protocol.py", line 219, in raise_for_error
Feb 17 10:20:40 ubuntu devstack@keystone.service[81879]: ERROR keystone.server.flask.application     err.raise_mysql_exception(self._data)
Feb 17 10:20:40 ubuntu devstack@keystone.service[81879]: ERROR keystone.server.flask.application   File "/opt/stack/data/venv/lib/python3.10/site-packages/pymysql/err.py", line 150, in raise_mysql_exception
Feb 17 10:20:40 ubuntu devstack@keystone.service[81879]: ERROR keystone.server.flask.application     raise errorclass(errno, errval)
Feb 17 10:20:40 ubuntu devstack@keystone.service[81879]: ERROR keystone.server.flask.application pymysql.err.IntegrityError: (1062, "Duplicate entry 'service-<<null>>' for key 'role.ixu_role_name_domain_id'")
Feb 17 10:20:40 ubuntu devstack@keystone.service[81879]: ERROR keystone.server.flask.application 
Feb 17 10:20:40 ubuntu devstack@keystone.service[81879]: ERROR keystone.server.flask.application The above exception was the direct cause of the following exception:
Feb 17 10:20:40 ubuntu devstack@keystone.service[81879]: ERROR keystone.server.flask.application 
Feb 17 10:20:40 ubuntu devstack@keystone.service[81879]: ERROR keystone.server.flask.application Traceback (most recent call last):
Feb 17 10:20:40 ubuntu devstack@keystone.service[81879]: ERROR keystone.server.flask.application   File "/opt/stack/keystone/keystone/common/sql/core.py", line 575, in wrapper
Feb 17 10:20:40 ubuntu devstack@keystone.service[81879]: ERROR keystone.server.flask.application     return method(*args, **kwargs)
Feb 17 10:20:40 ubuntu devstack@keystone.service[81879]: ERROR keystone.server.flask.application   File "/opt/stack/keystone/keystone/assignment/role_backends/sql.py", line 25, in create_role
Feb 17 10:20:40 ubuntu devstack@keystone.service[81879]: ERROR keystone.server.flask.application     with sql.session_for_write() as session:
Feb 17 10:20:40 ubuntu devstack@keystone.service[81879]: ERROR keystone.server.flask.application   File "/usr/lib/python3.10/contextlib.py", line 142, in __exit__
Feb 17 10:20:40 ubuntu devstack@keystone.service[81879]: ERROR keystone.server.flask.application     next(self.gen)
Feb 17 10:20:40 ubuntu devstack@keystone.service[81879]: ERROR keystone.server.flask.application   File "/opt/stack/data/venv/lib/python3.10/site-packages/oslo_db/sqlalchemy/enginefacade.py", line 1175, in _transaction_scope
Feb 17 10:20:40 ubuntu devstack@keystone.service[81879]: ERROR keystone.server.flask.application     with current._produce_block(
Feb 17 10:20:40 ubuntu devstack@keystone.service[81879]: ERROR keystone.server.flask.application   File "/usr/lib/python3.10/contextlib.py", line 142, in __exit__
Feb 17 10:20:40 ubuntu devstack@keystone.service[81879]: ERROR keystone.server.flask.application     next(self.gen)
Feb 17 10:20:40 ubuntu devstack@keystone.service[81879]: ERROR keystone.server.flask.application   File "/opt/stack/data/venv/lib/python3.10/site-packages/oslo_db/sqlalchemy/enginefacade.py", line 837, in _session
Feb 17 10:20:40 ubuntu devstack@keystone.service[81879]: ERROR keystone.server.flask.application     with excutils.save_and_reraise_exception():
Feb 17 10:20:40 ubuntu devstack@keystone.service[81879]: ERROR keystone.server.flask.application   File "/opt/stack/data/venv/lib/python3.10/site-packages/oslo_utils/excutils.py", line 256, in __exit__
Feb 17 10:20:40 ubuntu devstack@keystone.service[81879]: ERROR keystone.server.flask.application     self.force_reraise()
Feb 17 10:20:40 ubuntu devstack@keystone.service[81879]: ERROR keystone.server.flask.application   File "/opt/stack/data/venv/lib/python3.10/site-packages/oslo_utils/excutils.py", line 222, in force_reraise
Feb 17 10:20:40 ubuntu devstack@keystone.service[81879]: ERROR keystone.server.flask.application     raise self.value
Feb 17 10:20:40 ubuntu devstack@keystone.service[81879]: ERROR keystone.server.flask.application   File "/opt/stack/data/venv/lib/python3.10/site-packages/oslo_db/sqlalchemy/enginefacade.py", line 835, in _session
Feb 17 10:20:40 ubuntu devstack@keystone.service[81879]: ERROR keystone.server.flask.application     self._end_session_transaction(self.session)
Feb 17 10:20:40 ubuntu devstack@keystone.service[81879]: ERROR keystone.server.flask.application   File "/opt/stack/data/venv/lib/python3.10/site-packages/oslo_db/sqlalchemy/enginefacade.py", line 748, in _end_session_transaction
Feb 17 10:20:40 ubuntu devstack@keystone.service[81879]: ERROR keystone.server.flask.application     session.commit()
Feb 17 10:20:40 ubuntu devstack@keystone.service[81879]: ERROR keystone.server.flask.application   File "/opt/stack/data/venv/lib/python3.10/site-packages/sqlalchemy/orm/session.py", line 2030, in commit
Feb 17 10:20:40 ubuntu devstack@keystone.service[81879]: ERROR keystone.server.flask.application     trans.commit(_to_root=True)
Feb 17 10:20:40 ubuntu devstack@keystone.service[81879]: ERROR keystone.server.flask.application   File "<string>", line 2, in commit
Feb 17 10:20:40 ubuntu devstack@keystone.service[81879]: ERROR keystone.server.flask.application   File "/opt/stack/data/venv/lib/python3.10/site-packages/sqlalchemy/orm/state_changes.py", line 137, in _go
Feb 17 10:20:40 ubuntu devstack@keystone.service[81879]: ERROR keystone.server.flask.application     ret_value = fn(self, *arg, **kw)
Feb 17 10:20:40 ubuntu devstack@keystone.service[81879]: ERROR keystone.server.flask.application   File "/opt/stack/data/venv/lib/python3.10/site-packages/sqlalchemy/orm/session.py", line 1311, in commit
Feb 17 10:20:40 ubuntu devstack@keystone.service[81879]: ERROR keystone.server.flask.application     self._prepare_impl()
Feb 17 10:20:40 ubuntu devstack@keystone.service[81879]: ERROR keystone.server.flask.application   File "<string>", line 2, in _prepare_impl
Feb 17 10:20:40 ubuntu devstack@keystone.service[81879]: ERROR keystone.server.flask.application   File "/opt/stack/data/venv/lib/python3.10/site-packages/sqlalchemy/orm/state_changes.py", line 137, in _go
Feb 17 10:20:40 ubuntu devstack@keystone.service[81879]: ERROR keystone.server.flask.application     ret_value = fn(self, *arg, **kw)
Feb 17 10:20:40 ubuntu devstack@keystone.service[81879]: ERROR keystone.server.flask.application   File "/opt/stack/data/venv/lib/python3.10/site-packages/sqlalchemy/orm/session.py", line 1286, in _prepare_impl
Feb 17 10:20:40 ubuntu devstack@keystone.service[81879]: ERROR keystone.server.flask.application     self.session.flush()
Feb 17 10:20:40 ubuntu devstack@keystone.service[81879]: ERROR keystone.server.flask.application   File "/opt/stack/data/venv/lib/python3.10/site-packages/sqlalchemy/orm/session.py", line 4331, in flush
Feb 17 10:20:40 ubuntu devstack@keystone.service[81879]: ERROR keystone.server.flask.application     self._flush(objects)
