Jan 28 11:05:48 ubuntu devstack@keystone.service[81561]: ERROR keystone.server.flask.application     rec.execute(self)
Jan 28 11:05:48 ubuntu devstack@keystone.service[81561]: ERROR keystone.server.flask.application   File "/opt/stack/data/venv/lib/python3.10/site-packages/sqlalchemy/orm/unitofwork.py", line 642, in execute
Jan 28 11:05:48 ubuntu devstack@keystone.service[81561]: ERROR keystone.server.flask.application     util.preloaded.orm_persistence.save_obj(
Jan 28 11:05:48 ubuntu devstack@keystone.service[81561]: ERROR keystone.server.flask.application   File "/opt/stack/data/venv/lib/python3.10/site-packages/sqlalchemy/orm/persistence.py", line 93, in save_obj
Jan 28 11:05:48 ubuntu devstack@keystone.service[81561]: ERROR keystone.server.flask.application     _emit_insert_statements(
Jan 28 11:05:48 ubuntu devstack@keystone.service[81561]: ERROR keystone.server.flask.application   File "/opt/stack/data/venv/lib/python3.10/site-packages/sqlalchemy/orm/persistence.py", line 1048, in _emit_insert_statements
Jan 28 11:05:48 ubuntu devstack@keystone.service[81561]: ERROR keystone.server.flask.application     result = connection.execute(
Jan 28 11:05:48 ubuntu devstack@keystone.service[81561]: ERROR keystone.server.flask.application   File "/opt/stack/data/venv/lib/python3.10/site-packages/sqlalchemy/engine/base.py", line 1419, in execute
Jan 28 11:05:48 ubuntu devstack@keystone.service[81561]: ERROR keystone.server.flask.application     return meth(
Jan 28 11:05:48 ubuntu devstack@keystone.service[81561]: ERROR keystone.server.flask.application   File "/opt/stack/data/venv/lib/python3.10/site-packages/sqlalchemy/sql/elements.py", line 526, in _execute_on_connection
Jan 28 11:05:48 ubuntu devstack@keystone.service[81561]: ERROR keystone.server.flask.application     return connection._execute_clauseelement(
Jan 28 11:05:48 ubuntu devstack@keystone.service[81561]: ERROR keystone.server.flask.application   File "/opt/stack/data/venv/lib/python3.10/site-packages/sqlalchemy/engine/base.py", line 1641, in _execute_clauseelement
Jan 28 11:05:48 ubuntu devstack@keystone.service[81561]: ERROR keystone.server.flask.application     ret = self._execute_context(
Jan 28 11:05:48 ubuntu devstack@keystone.service[81561]: ERROR keystone.server.flask.application   File "/opt/stack/data/venv/lib/python3.10/site-packages/sqlalchemy/engine/base.py", line 1846, in _execute_context
Jan 28 11:05:48 ubuntu devstack@keystone.service[81561]: ERROR keystone.server.flask.application     return self._exec_single_context(
Jan 28 11:05:48 ubuntu devstack@keystone.service[81561]: ERROR keystone.server.flask.application   File "/opt/stack/data/venv/lib/python3.10/site-packages/sqlalchemy/engine/base.py", line 1986, in _exec_single_context
Jan 28 11:05:48 ubuntu devstack@keystone.service[81561]: ERROR keystone.server.flask.application     self._handle_dbapi_exception(
Jan 28 11:05:48 ubuntu devstack@keystone.service[81561]: ERROR keystone.server.flask.application   File "/opt/stack/data/venv/lib/python3.10/site-packages/sqlalchemy/engine/base.py", line 2352, in _handle_dbapi_exception
Jan 28 11:05:48 ubuntu devstack@keystone.service[81561]: ERROR keystone.server.flask.application     raise newraise.with_traceback(exc_info[2]) from e
Jan 28 11:05:48 ubuntu devstack@keystone.service[81561]: ERROR keystone.server.flask.application   File "/opt/stack/data/venv/lib/python3.10/site-packages/sqlalchemy/engine/base.py", line 1967, in _exec_single_context
Jan 28 11:05:48 ubuntu devstack@keystone.service[81561]: ERROR keystone.server.flask.application     self.dialect.do_execute(
Jan 28 11:05:48 ubuntu devstack@keystone.service[81561]: ERROR keystone.server.flask.application   File "/opt/stack/data/venv/lib/python3.10/site-packages/sqlalchemy/engine/default.py", line 951, in do_execute
Jan 28 11:05:48 ubuntu devstack@keystone.service[81561]: ERROR keystone.server.flask.application     cursor.execute(statement, parameters)
Jan 28 11:05:48 ubuntu devstack@keystone.service[81561]: ERROR keystone.server.flask.application   File "/opt/stack/data/venv/lib/python3.10/site-packages/pymysql/cursors.py", line 153, in execute
Jan 28 11:05:48 ubuntu devstack@keystone.service[81561]: ERROR keystone.server.flask.application     result = self._query(query)
Jan 28 11:05:48 ubuntu devstack@keystone.service[81561]: ERROR keystone.server.flask.application   File "/opt/stack/data/venv/lib/python3.10/site-packages/pymysql/cursors.py", line 322, in _query
Jan 28 11:05:48 ubuntu devstack@keystone.service[81561]: ERROR keystone.server.flask.application     conn.query(q)
Jan 28 11:05:48 ubuntu devstack@keystone.service[81561]: ERROR keystone.server.flask.application   File "/opt/stack/data/venv/lib/python3.10/site-packages/pymysql/connections.py", line 575, in query
Jan 28 11:05:48 ubuntu devstack@keystone.service[81561]: ERROR keystone.server.flask.application     self._affected_rows = self._read_query_result(unbuffered=unbuffered)
Jan 28 11:05:48 ubuntu devstack@keystone.service[81561]: ERROR keystone.server.flask.application   File "/opt/stack/data/venv/lib/python3.10/site-packages/pymysql/connections.py", line 826, in _read_query_result
Jan 28 11:05:48 ubuntu devstack@keystone.service[81561]: ERROR keystone.server.flask.application     result.read()
Jan 28 11:05:48 ubuntu devstack@keystone.service[81561]: ERROR keystone.server.flask.application   File "/opt/stack/data/venv/lib/python3.10/site-packages/pymysql/connections.py", line 1203, in read
Jan 28 11:05:48 ubuntu devstack@keystone.service[81561]: ERROR keystone.server.flask.application     first_packet = self.connection._read_packet()
Jan 28 11:05:48 ubuntu devstack@keystone.service[81561]: ERROR keystone.server.flask.application   File "/opt/stack/data/venv/lib/python3.10/site-packages/pymysql/connections.py", line 782, in _read_packet
Jan 28 11:05:48 ubuntu devstack@keystone.service[81561]: ERROR keystone.server.flask.application     packet.raise_for_error()
Jan 28 11:05:48 ubuntu devstack@keystone.service[81561]: ERROR keystone.server.flask.application   File "/opt/stack/data/venv/lib/python3.10/site-packages/pymysql/protocol.py", line 219, in raise_for_error
Jan 28 11:05:48 ubuntu devstack@keystone.service[81561]: ERROR keystone.server.flask.application     err.raise_mysql_exception(self._data)
Jan 28 11:05:48 ubuntu devstack@keystone.service[81561]: ERROR keystone.server.flask.application   File "/opt/stack/data/venv/lib/python3.10/site-packages/pymysql/err.py", line 150, in raise_mysql_exception
Jan 28 11:05:48 ubuntu devstack@keystone.service[81561]: ERROR keystone.server.flask.application     raise errorclass(errno, errval)
Jan 28 11:05:48 ubuntu devstack@keystone.service[81561]: ERROR keystone.server.flask.application oslo_db.exception.DBDuplicateEntry: (pymysql.err.IntegrityError) (1062, "Duplicate entry 'service-<<null>>' for key 'role.ixu_role_name_domain_id'")
Jan 28 11:05:48 ubuntu devstack@keystone.service[81561]: ERROR keystone.server.flask.application [SQL: INSERT INTO `role` (id, name, description, extra) VALUES (%(id)s, %(name)s, %(description)s, %(extra)s)]
Jan 28 11:05:48 ubuntu devstack@keystone.service[81561]: ERROR keystone.server.flask.application [parameters: {'id': 'b5cb94821eb245a8a912f74c0c17e860', 'name': 'service', 'description': None, 'extra': '{}'}]
Jan 28 11:05:48 ubuntu devstack@keystone.service[81561]: ERROR keystone.server.flask.application (Background on this error at: https://sqlalche.me/e/20/gkpj)
Jan 28 11:05:48 ubuntu devstack@keystone.service[81561]: ERROR keystone.server.flask.application 
Jan 28 11:05:48 ubuntu devstack@keystone.service[81561]: ERROR keystone.server.flask.application During handling of the above exception, another exception occurred:
Jan 28 11:05:48 ubuntu devstack@keystone.service[81561]: ERROR keystone.server.flask.application 
Jan 28 11:05:48 ubuntu devstack@keystone.service[81561]: ERROR keystone.server.flask.application Traceback (most recent call last):
Jan 28 11:05:48 ubuntu devstack@keystone.service[81561]: ERROR keystone.server.flask.application   File "/opt/stack/data/venv/lib/python3.10/site-packages/flask/app.py", line 917, in full_dispatch_request
Jan 28 11:05:48 ubuntu devstack@keystone.service[81561]: ERROR keystone.server.flask.application     rv = self.dispatch_request()
Jan 28 11:05:48 ubuntu devstack@keystone.service[81561]: ERROR keystone.server.flask.application   File "/opt/stack/data/venv/lib/python3.10/site-packages/flask/app.py", line 902, in dispatch_request
Jan 28 11:05:48 ubuntu devstack@keystone.service[81561]: ERROR keystone.server.flask.application     return self.ensure_sync(self.view_functions[rule.endpoint])(**view_args)  # type: ignore[no-any-return]
Jan 28 11:05:48 ubuntu devstack@keystone.service[81561]: ERROR keystone.server.flask.application   File "/opt/stack/data/venv/lib/python3.10/site-packages/flask_restful/__init__.py", line 489, in wrapper
Jan 28 11:05:48 ubuntu devstack@keystone.service[81561]: ERROR keystone.server.flask.application     resp = resource(*args, **kwargs)
Jan 28 11:05:48 ubuntu devstack@keystone.service[81561]: ERROR keystone.server.flask.application   File "/opt/stack/data/venv/lib/python3.10/site-packages/flask/views.py", line 110, in view
Jan 28 11:05:48 ubuntu devstack@keystone.service[81561]: ERROR keystone.server.flask.application     return current_app.ensure_sync(self.dispatch_request)(**kwargs)  # type: ignore[no-any-return]
Jan 28 11:05:48 ubuntu devstack@keystone.service[81561]: ERROR keystone.server.flask.application   File "/opt/stack/data/venv/lib/python3.10/site-packages/flask_restful/__init__.py", line 604, in dispatch_request
Jan 28 11:05:48 ubuntu devstack@keystone.service[81561]: ERROR keystone.server.flask.application     resp = meth(*args, **kwargs)
Jan 28 11:05:48 ubuntu devstack@keystone.service[81561]: ERROR keystone.server.flask.application   File "/opt/stack/keystone/keystone/api/validation/__init__.py", line 86, in wrapper
Jan 28 11:05:48 ubuntu devstack@keystone.service[81561]: ERROR keystone.server.flask.application     return func(*args, **kwargs)
Jan 28 11:05:48 ubuntu devstack@keystone.service[81561]: ERROR keystone.server.flask.application   File "/opt/stack/keystone/keystone/api/validation/__init__.py", line 145, in wrapper
Jan 28 11:05:48 ubuntu devstack@keystone.service[81561]: ERROR keystone.server.flask.application     response = func(*args, **kwargs)
Jan 28 11:05:48 ubuntu devstack@keystone.service[81561]: ERROR keystone.server.flask.application   File "/opt/stack/keystone/keystone/api/roles.py", line 91, in post
Jan 28 11:05:48 ubuntu devstack@keystone.service[81561]: ERROR keystone.server.flask.application     ref = PROVIDERS.role_api.create_role(
Jan 28 11:05:48 ubuntu devstack@keystone.service[81561]: ERROR keystone.server.flask.application   File "/opt/stack/keystone/keystone/common/manager.py", line 114, in wrapped
Jan 28 11:05:48 ubuntu devstack@keystone.service[81561]: ERROR keystone.server.flask.application     __ret_val = __f(*args, **kwargs)
Jan 28 11:05:48 ubuntu devstack@keystone.service[81561]: ERROR keystone.server.flask.application   File "/opt/stack/keystone/keystone/assignment/core.py", line 1526, in create_role
Jan 28 11:05:48 ubuntu devstack@keystone.service[81561]: ERROR keystone.server.flask.application     ret = self.driver.create_role(role_id, role)
Jan 28 11:05:48 ubuntu devstack@keystone.service[81561]: ERROR keystone.server.flask.application   File "/opt/stack/keystone/keystone/common/sql/core.py", line 614, in wrapper
Jan 28 11:05:48 ubuntu devstack@keystone.service[81561]: ERROR keystone.server.flask.application     raise exception.Conflict(type=conflict_type, details=msg)
Jan 28 11:05:48 ubuntu devstack@keystone.service[81561]: ERROR keystone.server.flask.application keystone.exception.Conflict: Conflict occurred attempting to store role - Duplicate entry found with name service.
Jan 28 11:05:48 ubuntu devstack@keystone.service[81561]: ERROR keystone.server.flask.application 
Jan 28 11:05:48 ubuntu devstack@keystone.service[81561]: [pid: 81561|app: 0|req: 17/36] 10.201.5.82 () {60 vars in 1167 bytes} [Wed Jan 28 11:05:48 2026] POST /identity/v3/roles => generated 140 bytes in 64 msecs (HTTP/1.1 409) 5 headers in 183 bytes (1 switches on core 0)
Jan 28 11:05:48 ubuntu devstack@keystone.service[81561]: DEBUG keystone.server.flask.request_processing.middleware.auth_context [None req-b4319ceb-ab06-43a5-bba3-8af2cfae38d4 None admin] Authenticating user token {{(pid=81561) process_request /opt/stack/data/venv/lib/python3.10/site-packages/keystonemiddleware/auth_token/__init__.py:407}}
Jan 28 11:05:48 ubuntu devstack@keystone.service[81560]: [pid: 81560|app: 0|req: 20/37] 10.201.5.82 () {60 vars in 1133 bytes} [Wed Jan 28 11:05:48 2026] POST /identity/v3/projects => generated 301 bytes in 260 msecs (HTTP/1.1 201) 5 headers in 182 bytes (1 switches on core 0)
Jan 28 11:05:48 ubuntu devstack@keystone.service[81561]: DEBUG keystone.server.flask.request_processing.middleware.auth_context [None req-b4319ceb-ab06-43a5-bba3-8af2cfae38d4 None admin] Validating token access rules against request {{(pid=81561) validate_allowed_request /opt/stack/data/venv/lib/python3.10/site-packages/keystonemiddleware/auth_token/__init__.py:545}}
Jan 28 11:05:48 ubuntu devstack@keystone.service[81560]: DEBUG keystone.server.flask.request_processing.middleware.auth_context [None req-32619188-2ff1-4c9d-914f-d1f272fb2fb5 None admin] Authenticating user token {{(pid=81560) process_request /opt/stack/data/venv/lib/python3.10/site-packages/keystonemiddleware/auth_token/__init__.py:407}}
Jan 28 11:05:48 ubuntu devstack@keystone.service[81561]: DEBUG keystone.server.flask.request_processing.middleware.auth_context [None req-5c97aa2a-56e5-4fea-944b-3957faafaf0a None admin] RBAC: auth_context: {'token': <TokenModel (audit_id=JrnLHEMPSxWuJzmRkSJA9w, audit_chain_id=['JrnLHEMPSxWuJzmRkSJA9w']) at 0x7f8836387a30>, 'domain_id': None, 'trust_id': None, 'trustor_id': None, 'trustee_id': None, 'domain_name': None, 'group_ids': [], 'user_id': 'fcbc26aa668c4287a686b9da34111e48', 'user_domain_id': 'default', 'system_scope': 'all', 'project_id': None, 'project_domain_id': None, 'roles': ['admin', 'manager', 'member', 'reader'], 'is_admin_project': True, 'service_user_id': None, 'service_user_domain_id': None, 'service_project_id': None, 'service_project_domain_id': None, 'service_roles': []} {{(pid=81561) fill_context /opt/stack/keystone/keystone/server/flask/request_processing/middleware/auth_context.py:509}}
Jan 28 11:05:48 ubuntu devstack@keystone.service[81561]: DEBUG keystone.server.flask.request_processing.req_logging [None req-5c97aa2a-56e5-4fea-944b-3957faafaf0a None admin] REQUEST_METHOD: `GET` {{(pid=81561) log_request_info /opt/stack/keystone/keystone/server/flask/request_processing/req_logging.py:26}}
Jan 28 11:05:48 ubuntu devstack@keystone.service[81561]: DEBUG keystone.server.flask.request_processing.req_logging [None req-5c97aa2a-56e5-4fea-944b-3957faafaf0a None admin] SCRIPT_NAME: `/identity` {{(pid=81561) log_request_info /opt/stack/keystone/keystone/server/flask/request_processing/req_logging.py:27}}
Jan 28 11:05:48 ubuntu devstack@keystone.service[81561]: DEBUG keystone.server.flask.request_processing.req_logging [None req-5c97aa2a-56e5-4fea-944b-3957faafaf0a None admin] PATH_INFO: `/v3/role_assignments` {{(pid=81561) log_request_info /opt/stack/keystone/keystone/server/flask/request_processing/req_logging.py:28}}
Jan 28 11:05:48 ubuntu devstack@keystone.service[81561]: DEBUG keystone.common.rbac_enforcer.enforcer [None req-5c97aa2a-56e5-4fea-944b-3957faafaf0a None admin] RBAC: Adding query filter params (role.id=233585b9cce44f1383575bb42fdd9847, scope.domain.id=default, user.id=fcbc26aa668c4287a686b9da34111e48) {{(pid=81561) _extract_filter_values /opt/stack/keystone/keystone/common/rbac_enforcer/enforcer.py:176}}
Jan 28 11:05:48 ubuntu devstack@keystone.service[81561]: DEBUG keystone.common.rbac_enforcer.enforcer [None req-5c97aa2a-56e5-4fea-944b-3957faafaf0a None admin] RBAC: Authorizing `identity:list_role_assignments()` {{(pid=81561) enforce_call /opt/stack/keystone/keystone/common/rbac_enforcer/enforcer.py:494}}
Jan 28 11:05:48 ubuntu devstack@keystone.service[81561]: DEBUG keystone.common.rbac_enforcer.enforcer [None req-5c97aa2a-56e5-4fea-944b-3957faafaf0a None admin] RBAC: Authorization granted {{(pid=81561) enforce_call /opt/stack/keystone/keystone/common/rbac_enforcer/enforcer.py:505}}
Jan 28 11:05:48 ubuntu devstack@keystone.service[81561]: [pid: 81561|app: 0|req: 18/38] 10.201.5.82 () {56 vars in 1371 bytes} [Wed Jan 28 11:05:48 2026] GET /identity/v3/role_assignments?role.id=233585b9cce44f1383575bb42fdd9847&scope.domain.id=default&user.id=fcbc26aa668c4287a686b9da34111e48 => generated 530 bytes in 187 msecs (HTTP/1.1 200) 5 headers in 177 bytes (1 switches on core 0)
Jan 28 11:05:48 ubuntu devstack@keystone.service[81561]: DEBUG keystone.server.flask.request_processing.middleware.auth_context [None req-5c97aa2a-56e5-4fea-944b-3957faafaf0a None admin] Authenticating user token {{(pid=81561) process_request /opt/stack/data/venv/lib/python3.10/site-packages/keystonemiddleware/auth_token/__init__.py:407}}
Jan 28 11:05:49 ubuntu devstack@keystone.service[81560]: DEBUG keystone.server.flask.request_processing.middleware.auth_context [None req-32619188-2ff1-4c9d-914f-d1f272fb2fb5 None admin] Validating token access rules against request {{(pid=81560) validate_allowed_request /opt/stack/data/venv/lib/python3.10/site-packages/keystonemiddleware/auth_token/__init__.py:545}}
Jan 28 11:05:49 ubuntu devstack@keystone.service[81561]: DEBUG keystone.server.flask.request_processing.middleware.auth_context [None req-5c97aa2a-56e5-4fea-944b-3957faafaf0a None admin] Validating token access rules against request {{(pid=81561) validate_allowed_request /opt/stack/data/venv/lib/python3.10/site-packages/keystonemiddleware/auth_token/__init__.py:545}}
Jan 28 11:05:49 ubuntu devstack@keystone.service[81560]: DEBUG keystone.server.flask.request_processing.middleware.auth_context [None req-33bd7d3f-bb0e-42cd-93b2-7d710c2a022c None admin] RBAC: auth_context: {'token': <TokenModel (audit_id=yHPG82qWQ-Sa_3nQ5nxpiw, audit_chain_id=['yHPG82qWQ-Sa_3nQ5nxpiw']) at 0x7f88371c4550>, 'domain_id': None, 'trust_id': None, 'trustor_id': None, 'trustee_id': None, 'domain_name': None, 'group_ids': [], 'user_id': 'fcbc26aa668c4287a686b9da34111e48', 'user_domain_id': 'default', 'system_scope': 'all', 'project_id': None, 'project_domain_id': None, 'roles': ['admin', 'manager', 'member', 'reader'], 'is_admin_project': True, 'service_user_id': None, 'service_user_domain_id': None, 'service_project_id': None, 'service_project_domain_id': None, 'service_roles': []} {{(pid=81560) fill_context /opt/stack/keystone/keystone/server/flask/request_processing/middleware/auth_context.py:509}}
Jan 28 11:05:49 ubuntu devstack@keystone.service[81560]: DEBUG keystone.server.flask.request_processing.req_logging [None req-33bd7d3f-bb0e-42cd-93b2-7d710c2a022c None admin] REQUEST_METHOD: `GET` {{(pid=81560) log_request_info /opt/stack/keystone/keystone/server/flask/request_processing/req_logging.py:26}}
Jan 28 11:05:49 ubuntu devstack@keystone.service[81560]: DEBUG keystone.server.flask.request_processing.req_logging [None req-33bd7d3f-bb0e-42cd-93b2-7d710c2a022c None admin] SCRIPT_NAME: `/identity` {{(pid=81560) log_request_info /opt/stack/keystone/keystone/server/flask/request_processing/req_logging.py:27}}
Jan 28 11:05:49 ubuntu devstack@keystone.service[81560]: DEBUG keystone.server.flask.request_processing.req_logging [None req-33bd7d3f-bb0e-42cd-93b2-7d710c2a022c None admin] PATH_INFO: `/v3/roles/service` {{(pid=81560) log_request_info /opt/stack/keystone/keystone/server/flask/request_processing/req_logging.py:28}}
Jan 28 11:05:49 ubuntu devstack@keystone.service[81560]: DEBUG keystone.common.rbac_enforcer.enforcer [None req-33bd7d3f-bb0e-42cd-93b2-7d710c2a022c None admin] Extracting inferred target data resulted in "NOT FOUND (404)". {{(pid=81560) enforce_call /opt/stack/keystone/keystone/common/rbac_enforcer/enforcer.py:445}}
Jan 28 11:05:49 ubuntu devstack@keystone.service[81560]: DEBUG keystone.server.flask.application [None req-33bd7d3f-bb0e-42cd-93b2-7d710c2a022c None admin] Could not find role: service. {{(pid=81560) _handle_keystone_exception /opt/stack/keystone/keystone/server/flask/application.py:146}}
Jan 28 11:05:49 ubuntu devstack@keystone.service[81560]: [pid: 81560|app: 0|req: 21/39] 10.201.5.82 () {56 vars in 1138 bytes} [Wed Jan 28 11:05:48 2026] GET /identity/v3/roles/service => generated 85 bytes in 81 msecs (HTTP/1.1 404) 5 headers in 183 bytes (1 switches on core 0)
Jan 28 11:05:49 ubuntu devstack@keystone.service[81560]: DEBUG keystone.server.flask.request_processing.middleware.auth_context [None req-33bd7d3f-bb0e-42cd-93b2-7d710c2a022c None admin] Authenticating user token {{(pid=81560) process_request /opt/stack/data/venv/lib/python3.10/site-packages/keystonemiddleware/auth_token/__init__.py:407}}
Jan 28 11:05:49 ubuntu devstack@keystone.service[81561]: DEBUG keystone.server.flask.request_processing.middleware.auth_context [None req-84e99d2a-c164-4500-a889-f94949b9defe None admin] RBAC: auth_context: {'token': <TokenModel (audit_id=YHM2RMl3TPChOm8N_rFgLg, audit_chain_id=['YHM2RMl3TPChOm8N_rFgLg']) at 0x7f883643df60>, 'domain_id': None, 'trust_id': None, 'trustor_id': None, 'trustee_id': None, 'domain_name': None, 'group_ids': [], 'user_id': 'fcbc26aa668c4287a686b9da34111e48', 'user_domain_id': 'default', 'system_scope': 'all', 'project_id': None, 'project_domain_id': None, 'roles': ['admin', 'manager', 'member', 'reader'], 'is_admin_project': True, 'service_user_id': None, 'service_user_domain_id': None, 'service_project_id': None, 'service_project_domain_id': None, 'service_roles': []} {{(pid=81561) fill_context /opt/stack/keystone/keystone/server/flask/request_processing/middleware/auth_context.py:509}}
Jan 28 11:05:49 ubuntu devstack@keystone.service[81561]: DEBUG keystone.server.flask.request_processing.req_logging [None req-84e99d2a-c164-4500-a889-f94949b9defe None admin] REQUEST_METHOD: `POST` {{(pid=81561) log_request_info /opt/stack/keystone/keystone/server/flask/request_processing/req_logging.py:26}}
Jan 28 11:05:49 ubuntu devstack@keystone.service[81561]: DEBUG keystone.server.flask.request_processing.req_logging [None req-84e99d2a-c164-4500-a889-f94949b9defe None admin] SCRIPT_NAME: `/identity` {{(pid=81561) log_request_info /opt/stack/keystone/keystone/server/flask/request_processing/req_logging.py:27}}
Jan 28 11:05:49 ubuntu devstack@keystone.service[81561]: DEBUG keystone.server.flask.request_processing.req_logging [None req-84e99d2a-c164-4500-a889-f94949b9defe None admin] PATH_INFO: `/v3/roles` {{(pid=81561) log_request_info /opt/stack/keystone/keystone/server/flask/request_processing/req_logging.py:28}}
Jan 28 11:05:49 ubuntu devstack@keystone.service[81561]: DEBUG keystone.common.rbac_enforcer.enforcer [None req-84e99d2a-c164-4500-a889-f94949b9defe None admin] RBAC: Authorizing `identity:create_role()` {{(pid=81561) enforce_call /opt/stack/keystone/keystone/common/rbac_enforcer/enforcer.py:494}}
Jan 28 11:05:49 ubuntu devstack@keystone.service[81561]: DEBUG keystone.common.rbac_enforcer.enforcer [None req-84e99d2a-c164-4500-a889-f94949b9defe None admin] RBAC: Authorization granted {{(pid=81561) enforce_call /opt/stack/keystone/keystone/common/rbac_enforcer/enforcer.py:505}}
Jan 28 11:05:49 ubuntu devstack@keystone.service[81560]: DEBUG keystone.server.flask.request_processing.middleware.auth_context [None req-33bd7d3f-bb0e-42cd-93b2-7d710c2a022c None admin] Validating token access rules against request {{(pid=81560) validate_allowed_request /opt/stack/data/venv/lib/python3.10/site-packages/keystonemiddleware/auth_token/__init__.py:545}}
Jan 28 11:05:49 ubuntu devstack@keystone.service[81560]: DEBUG keystone.server.flask.request_processing.middleware.auth_context [None req-9bfbecd5-f39c-4a75-85e8-83749601caa4 None admin] RBAC: auth_context: {'token': <TokenModel (audit_id=yHPG82qWQ-Sa_3nQ5nxpiw, audit_chain_id=['yHPG82qWQ-Sa_3nQ5nxpiw']) at 0x7f88365a91b0>, 'domain_id': None, 'trust_id': None, 'trustor_id': None, 'trustee_id': None, 'domain_name': None, 'group_ids': [], 'user_id': 'fcbc26aa668c4287a686b9da34111e48', 'user_domain_id': 'default', 'system_scope': 'all', 'project_id': None, 'project_domain_id': None, 'roles': ['admin', 'manager', 'member', 'reader'], 'is_admin_project': True, 'service_user_id': None, 'service_user_domain_id': None, 'service_project_id': None, 'service_project_domain_id': None, 'service_roles': []} {{(pid=81560) fill_context /opt/stack/keystone/keystone/server/flask/request_processing/middleware/auth_context.py:509}}
Jan 28 11:05:49 ubuntu devstack@keystone.service[81560]: DEBUG keystone.server.flask.request_processing.req_logging [None req-9bfbecd5-f39c-4a75-85e8-83749601caa4 None admin] REQUEST_METHOD: `GET` {{(pid=81560) log_request_info /opt/stack/keystone/keystone/server/flask/request_processing/req_logging.py:26}}
Jan 28 11:05:49 ubuntu devstack@keystone.service[81560]: DEBUG keystone.server.flask.request_processing.req_logging [None req-9bfbecd5-f39c-4a75-85e8-83749601caa4 None admin] SCRIPT_NAME: `/identity` {{(pid=81560) log_request_info /opt/stack/keystone/keystone/server/flask/request_processing/req_logging.py:27}}
Jan 28 11:05:49 ubuntu devstack@keystone.service[81560]: DEBUG keystone.server.flask.request_processing.req_logging [None req-9bfbecd5-f39c-4a75-85e8-83749601caa4 None admin] PATH_INFO: `/v3/roles` {{(pid=81560) log_request_info /opt/stack/keystone/keystone/server/flask/request_processing/req_logging.py:28}}
Jan 28 11:05:49 ubuntu devstack@keystone.service[81560]: DEBUG keystone.common.rbac_enforcer.enforcer [None req-9bfbecd5-f39c-4a75-85e8-83749601caa4 None admin] RBAC: Adding query filter params (name=service) {{(pid=81560) _extract_filter_values /opt/stack/keystone/keystone/common/rbac_enforcer/enforcer.py:176}}
Jan 28 11:05:49 ubuntu devstack@keystone.service[81560]: DEBUG keystone.common.rbac_enforcer.enforcer [None req-9bfbecd5-f39c-4a75-85e8-83749601caa4 None admin] RBAC: Authorizing `identity:list_roles()` {{(pid=81560) enforce_call /opt/stack/keystone/keystone/common/rbac_enforcer/enforcer.py:494}}
Jan 28 11:05:49 ubuntu devstack@keystone.service[81560]: DEBUG keystone.common.rbac_enforcer.enforcer [None req-9bfbecd5-f39c-4a75-85e8-83749601caa4 None admin] RBAC: Authorization granted {{(pid=81560) enforce_call /opt/stack/keystone/keystone/common/rbac_enforcer/enforcer.py:505}}
Jan 28 11:05:49 ubuntu devstack@keystone.service[81560]: [pid: 81560|app: 0|req: 22/40] 10.201.5.82 () {56 vars in 1152 bytes} [Wed Jan 28 11:05:49 2026] GET /identity/v3/roles?name=service => generated 343 bytes in 61 msecs (HTTP/1.1 200) 5 headers in 177 bytes (1 switches on core 0)
Jan 28 11:05:49 ubuntu devstack@keystone.service[81561]: [pid: 81561|app: 0|req: 19/41] 10.201.5.82 () {60 vars in 1167 bytes} [Wed Jan 28 11:05:48 2026] POST /identity/v3/roles => generated 225 bytes in 142 msecs (HTTP/1.1 201) 5 headers in 182 bytes (1 switches on core 0)
Jan 28 11:05:49 ubuntu devstack@keystone.service[81560]: DEBUG keystone.server.flask.request_processing.req_logging [None req-35967dbd-374d-4897-bb94-74f2ba4e18de None None] REQUEST_METHOD: `GET` {{(pid=81560) log_request_info /opt/stack/keystone/keystone/server/flask/request_processing/req_logging.py:26}}
Jan 28 11:05:49 ubuntu devstack@keystone.service[81560]: DEBUG keystone.server.flask.request_processing.req_logging [None req-35967dbd-374d-4897-bb94-74f2ba4e18de None None] SCRIPT_NAME: `/identity` {{(pid=81560) log_request_info /opt/stack/keystone/keystone/server/flask/request_processing/req_logging.py:27}}
Jan 28 11:05:49 ubuntu devstack@keystone.service[81560]: DEBUG keystone.server.flask.request_processing.req_logging [None req-35967dbd-374d-4897-bb94-74f2ba4e18de None None] PATH_INFO: `/` {{(pid=81560) log_request_info /opt/stack/keystone/keystone/server/flask/request_processing/req_logging.py:28}}
Jan 28 11:05:49 ubuntu devstack@keystone.service[81561]: DEBUG keystone.server.flask.request_processing.req_logging [None req-f76542ae-d548-4ff9-8d90-85c923b4e024 None None] REQUEST_METHOD: `GET` {{(pid=81561) log_request_info /opt/stack/keystone/keystone/server/flask/request_processing/req_logging.py:26}}
Jan 28 11:05:49 ubuntu devstack@keystone.service[81560]: [pid: 81560|app: 0|req: 23/42] 10.201.5.82 () {54 vars in 919 bytes} [Wed Jan 28 11:05:49 2026] GET /identity => generated 270 bytes in 4 msecs (HTTP/1.1 300) 6 headers in 234 bytes (1 switches on core 0)
Jan 28 11:05:49 ubuntu devstack@keystone.service[81561]: DEBUG keystone.server.flask.request_processing.req_logging [None req-f76542ae-d548-4ff9-8d90-85c923b4e024 None None] SCRIPT_NAME: `/identity` {{(pid=81561) log_request_info /opt/stack/keystone/keystone/server/flask/request_processing/req_logging.py:27}}
Jan 28 11:05:49 ubuntu devstack@keystone.service[81561]: DEBUG keystone.server.flask.request_processing.req_logging [None req-f76542ae-d548-4ff9-8d90-85c923b4e024 None None] PATH_INFO: `/` {{(pid=81561) log_request_info /opt/stack/keystone/keystone/server/flask/request_processing/req_logging.py:28}}
Jan 28 11:05:49 ubuntu devstack@keystone.service[81561]: [pid: 81561|app: 0|req: 20/43] 10.201.5.82 () {54 vars in 919 bytes} [Wed Jan 28 11:05:49 2026] GET /identity => generated 270 bytes in 2 msecs (HTTP/1.1 300) 6 headers in 234 bytes (1 switches on core 0)
Jan 28 11:05:49 ubuntu devstack@keystone.service[81560]: DEBUG keystone.server.flask.request_processing.req_logging [None req-083cfe36-8997-4939-b3c3-c34dc9177d4f None None] REQUEST_METHOD: `POST` {{(pid=81560) log_request_info /opt/stack/keystone/keystone/server/flask/request_processing/req_logging.py:26}}
Jan 28 11:05:49 ubuntu devstack@keystone.service[81561]: DEBUG keystone.server.flask.request_processing.req_logging [None req-db9756f2-3789-4b2e-8cb8-9dde630632cd None None] REQUEST_METHOD: `POST` {{(pid=81561) log_request_info /opt/stack/keystone/keystone/server/flask/request_processing/req_logging.py:26}}
Jan 28 11:05:49 ubuntu devstack@keystone.service[81561]: DEBUG keystone.server.flask.request_processing.req_logging [None req-db9756f2-3789-4b2e-8cb8-9dde630632cd None None] SCRIPT_NAME: `/identity` {{(pid=81561) log_request_info /opt/stack/keystone/keystone/server/flask/request_processing/req_logging.py:27}}
Jan 28 11:05:49 ubuntu devstack@keystone.service[81561]: DEBUG keystone.server.flask.request_processing.req_logging [None req-db9756f2-3789-4b2e-8cb8-9dde630632cd None None] PATH_INFO: `/v3/auth/tokens` {{(pid=81561) log_request_info /opt/stack/keystone/keystone/server/flask/request_processing/req_logging.py:28}}
Jan 28 11:05:49 ubuntu devstack@keystone.service[81560]: DEBUG keystone.server.flask.request_processing.req_logging [None req-083cfe36-8997-4939-b3c3-c34dc9177d4f None None] SCRIPT_NAME: `/identity` {{(pid=81560) log_request_info /opt/stack/keystone/keystone/server/flask/request_processing/req_logging.py:27}}
Jan 28 11:05:49 ubuntu devstack@keystone.service[81560]: DEBUG keystone.server.flask.request_processing.req_logging [None req-083cfe36-8997-4939-b3c3-c34dc9177d4f None None] PATH_INFO: `/v3/auth/tokens` {{(pid=81560) log_request_info /opt/stack/keystone/keystone/server/flask/request_processing/req_logging.py:28}}
Jan 28 11:05:49 ubuntu devstack@keystone.service[81561]: WARNING keystone.common.password_hashing [None req-db9756f2-3789-4b2e-8cb8-9dde630632cd None None] Truncating password to algorithm specific maximum length 72 characters.
Jan 28 11:05:49 ubuntu devstack@keystone.service[81560]: WARNING keystone.common.password_hashing [None req-083cfe36-8997-4939-b3c3-c34dc9177d4f None None] Truncating password to algorithm specific maximum length 72 characters.
Jan 28 11:05:49 ubuntu devstack@keystone.service[81561]: DEBUG keystone.auth.core [None req-db9756f2-3789-4b2e-8cb8-9dde630632cd None None] MFA Rules not processed for user `fcbc26aa668c4287a686b9da34111e48`. Rule list: `[]` (Enabled: `True`). {{(pid=81561) check_auth_methods_against_rules /opt/stack/keystone/keystone/auth/core.py:476}}
Jan 28 11:05:49 ubuntu devstack@keystone.service[81561]: DEBUG keystone.common.fernet_utils [None req-db9756f2-3789-4b2e-8cb8-9dde630632cd None None] Loaded 2 Fernet keys from /etc/keystone/fernet-keys/, but `[fernet_tokens] max_active_keys = 3`; perhaps there have not been enough key rotations to reach `max_active_keys` yet? {{(pid=81561) load_keys /opt/stack/keystone/keystone/common/fernet_utils.py:297}}
Jan 28 11:05:49 ubuntu devstack@keystone.service[81560]: DEBUG keystone.auth.core [None req-083cfe36-8997-4939-b3c3-c34dc9177d4f None None] MFA Rules not processed for user `fcbc26aa668c4287a686b9da34111e48`. Rule list: `[]` (Enabled: `True`). {{(pid=81560) check_auth_methods_against_rules /opt/stack/keystone/keystone/auth/core.py:476}}
Jan 28 11:05:49 ubuntu devstack@keystone.service[81560]: DEBUG keystone.common.fernet_utils [None req-083cfe36-8997-4939-b3c3-c34dc9177d4f None None] Loaded 2 Fernet keys from /etc/keystone/fernet-keys/, but `[fernet_tokens] max_active_keys = 3`; perhaps there have not been enough key rotations to reach `max_active_keys` yet? {{(pid=81560) load_keys /opt/stack/keystone/keystone/common/fernet_utils.py:297}}
Jan 28 11:05:49 ubuntu devstack@keystone.service[81561]: [pid: 81561|app: 0|req: 21/44] 10.201.5.82 () {58 vars in 1016 bytes} [Wed Jan 28 11:05:49 2026] POST /identity/v3/auth/tokens => generated 862 bytes in 61 msecs (HTTP/1.1 201) 6 headers in 363 bytes (1 switches on core 0)
Jan 28 11:05:49 ubuntu devstack@keystone.service[81560]: [pid: 81560|app: 0|req: 24/45] 10.201.5.82 () {58 vars in 1016 bytes} [Wed Jan 28 11:05:49 2026] POST /identity/v3/auth/tokens => generated 862 bytes in 84 msecs (HTTP/1.1 201) 6 headers in 363 bytes (1 switches on core 0)
Jan 28 11:05:49 ubuntu devstack@keystone.service[81561]: DEBUG keystone.server.flask.request_processing.middleware.auth_context [None req-db9756f2-3789-4b2e-8cb8-9dde630632cd None None] Authenticating user token {{(pid=81561) process_request /opt/stack/data/venv/lib/python3.10/site-packages/keystonemiddleware/auth_token/__init__.py:407}}
Jan 28 11:05:49 ubuntu devstack@keystone.service[81560]: DEBUG keystone.server.flask.request_processing.middleware.auth_context [None req-083cfe36-8997-4939-b3c3-c34dc9177d4f None None] Authenticating user token {{(pid=81560) process_request /opt/stack/data/venv/lib/python3.10/site-packages/keystonemiddleware/auth_token/__init__.py:407}}
Jan 28 11:05:49 ubuntu devstack@keystone.service[81561]: DEBUG keystone.server.flask.request_processing.middleware.auth_context [None req-db9756f2-3789-4b2e-8cb8-9dde630632cd None None] Validating token access rules against request {{(pid=81561) validate_allowed_request /opt/stack/data/venv/lib/python3.10/site-packages/keystonemiddleware/auth_token/__init__.py:545}}
Jan 28 11:05:49 ubuntu devstack@keystone.service[81561]: DEBUG keystone.server.flask.request_processing.middleware.auth_context [None req-1fe92f01-dce5-444d-af33-45a3b0fbd19e None admin] RBAC: auth_context: {'token': <TokenModel (audit_id=YBmtNxrRS5iBTjDF6sXVzw, audit_chain_id=['YBmtNxrRS5iBTjDF6sXVzw']) at 0x7f8836452da0>, 'domain_id': None, 'trust_id': None, 'trustor_id': None, 'trustee_id': None, 'domain_name': None, 'group_ids': [], 'user_id': 'fcbc26aa668c4287a686b9da34111e48', 'user_domain_id': 'default', 'system_scope': 'all', 'project_id': None, 'project_domain_id': None, 'roles': ['admin', 'manager', 'member', 'reader'], 'is_admin_project': True, 'service_user_id': None, 'service_user_domain_id': None, 'service_project_id': None, 'service_project_domain_id': None, 'service_roles': []} {{(pid=81561) fill_context /opt/stack/keystone/keystone/server/flask/request_processing/middleware/auth_context.py:509}}
Jan 28 11:05:49 ubuntu devstack@keystone.service[81561]: DEBUG keystone.server.flask.request_processing.req_logging [None req-1fe92f01-dce5-444d-af33-45a3b0fbd19e None admin] REQUEST_METHOD: `GET` {{(pid=81561) log_request_info /opt/stack/keystone/keystone/server/flask/request_processing/req_logging.py:26}}
Jan 28 11:05:49 ubuntu devstack@keystone.service[81561]: DEBUG keystone.server.flask.request_processing.req_logging [None req-1fe92f01-dce5-444d-af33-45a3b0fbd19e None admin] SCRIPT_NAME: `/identity` {{(pid=81561) log_request_info /opt/stack/keystone/keystone/server/flask/request_processing/req_logging.py:27}}
Jan 28 11:05:49 ubuntu devstack@keystone.service[81561]: DEBUG keystone.server.flask.request_processing.req_logging [None req-1fe92f01-dce5-444d-af33-45a3b0fbd19e None admin] PATH_INFO: `/v3/domains/default` {{(pid=81561) log_request_info /opt/stack/keystone/keystone/server/flask/request_processing/req_logging.py:28}}
Jan 28 11:05:49 ubuntu devstack@keystone.service[81561]: DEBUG keystone.common.rbac_enforcer.enforcer [None req-1fe92f01-dce5-444d-af33-45a3b0fbd19e None admin] RBAC: Authorizing `identity:get_domain(domain_id=default)` {{(pid=81561) enforce_call /opt/stack/keystone/keystone/common/rbac_enforcer/enforcer.py:494}}
Jan 28 11:05:49 ubuntu devstack@keystone.service[81561]: DEBUG keystone.common.rbac_enforcer.enforcer [None req-1fe92f01-dce5-444d-af33-45a3b0fbd19e None admin] RBAC: Authorization granted {{(pid=81561) enforce_call /opt/stack/keystone/keystone/common/rbac_enforcer/enforcer.py:505}}
Jan 28 11:05:49 ubuntu devstack@keystone.service[81561]: [pid: 81561|app: 0|req: 22/46] 10.201.5.82 () {56 vars in 1100 bytes} [Wed Jan 28 11:05:49 2026] GET /identity/v3/domains/default => generated 199 bytes in 75 msecs (HTTP/1.1 200) 5 headers in 177 bytes (1 switches on core 0)
Jan 28 11:05:49 ubuntu devstack@keystone.service[81561]: DEBUG keystone.server.flask.request_processing.middleware.auth_context [None req-1fe92f01-dce5-444d-af33-45a3b0fbd19e None admin] Authenticating user token {{(pid=81561) process_request /opt/stack/data/venv/lib/python3.10/site-packages/keystonemiddleware/auth_token/__init__.py:407}}
Jan 28 11:05:49 ubuntu devstack@keystone.service[81560]: DEBUG keystone.server.flask.request_processing.middleware.auth_context [None req-083cfe36-8997-4939-b3c3-c34dc9177d4f None None] Validating token access rules against request {{(pid=81560) validate_allowed_request /opt/stack/data/venv/lib/python3.10/site-packages/keystonemiddleware/auth_token/__init__.py:545}}
Jan 28 11:05:50 ubuntu devstack@keystone.service[81560]: DEBUG keystone.server.flask.request_processing.middleware.auth_context [None req-00faaf52-eea1-471e-ae69-cc90e58ca668 None admin] RBAC: auth_context: {'token': <TokenModel (audit_id=40cudmeiTy-kX2A94DXF0Q, audit_chain_id=['40cudmeiTy-kX2A94DXF0Q']) at 0x7f88365a81c0>, 'domain_id': None, 'trust_id': None, 'trustor_id': None, 'trustee_id': None, 'domain_name': None, 'group_ids': [], 'user_id': 'fcbc26aa668c4287a686b9da34111e48', 'user_domain_id': 'default', 'system_scope': 'all', 'project_id': None, 'project_domain_id': None, 'roles': ['admin', 'manager', 'member', 'reader'], 'is_admin_project': True, 'service_user_id': None, 'service_user_domain_id': None, 'service_project_id': None, 'service_project_domain_id': None, 'service_roles': []} {{(pid=81560) fill_context /opt/stack/keystone/keystone/server/flask/request_processing/middleware/auth_context.py:509}}
Jan 28 11:05:50 ubuntu devstack@keystone.service[81560]: DEBUG keystone.server.flask.request_processing.req_logging [None req-00faaf52-eea1-471e-ae69-cc90e58ca668 None admin] REQUEST_METHOD: `POST` {{(pid=81560) log_request_info /opt/stack/keystone/keystone/server/flask/request_processing/req_logging.py:26}}
Jan 28 11:05:50 ubuntu devstack@keystone.service[81560]: DEBUG keystone.server.flask.request_processing.req_logging [None req-00faaf52-eea1-471e-ae69-cc90e58ca668 None admin] SCRIPT_NAME: `/identity` {{(pid=81560) log_request_info /opt/stack/keystone/keystone/server/flask/request_processing/req_logging.py:27}}
Jan 28 11:05:50 ubuntu devstack@keystone.service[81560]: DEBUG keystone.server.flask.request_processing.req_logging [None req-00faaf52-eea1-471e-ae69-cc90e58ca668 None admin] PATH_INFO: `/v3/roles` {{(pid=81560) log_request_info /opt/stack/keystone/keystone/server/flask/request_processing/req_logging.py:28}}
Jan 28 11:05:50 ubuntu devstack@keystone.service[81560]: DEBUG keystone.common.rbac_enforcer.enforcer [None req-00faaf52-eea1-471e-ae69-cc90e58ca668 None admin] RBAC: Authorizing `identity:create_role()` {{(pid=81560) enforce_call /opt/stack/keystone/keystone/common/rbac_enforcer/enforcer.py:494}}
Jan 28 11:05:50 ubuntu devstack@keystone.service[81560]: DEBUG keystone.common.rbac_enforcer.enforcer [None req-00faaf52-eea1-471e-ae69-cc90e58ca668 None admin] RBAC: Authorization granted {{(pid=81560) enforce_call /opt/stack/keystone/keystone/common/rbac_enforcer/enforcer.py:505}}
Jan 28 11:05:50 ubuntu devstack@keystone.service[81561]: DEBUG keystone.server.flask.request_processing.middleware.auth_context [None req-1fe92f01-dce5-444d-af33-45a3b0fbd19e None admin] Validating token access rules against request {{(pid=81561) validate_allowed_request /opt/stack/data/venv/lib/python3.10/site-packages/keystonemiddleware/auth_token/__init__.py:545}}
Jan 28 11:05:50 ubuntu devstack@keystone.service[81560]: [pid: 81560|app: 0|req: 25/47] 10.201.5.82 () {60 vars in 1167 bytes} [Wed Jan 28 11:05:49 2026] POST /identity/v3/roles => generated 223 bytes in 97 msecs (HTTP/1.1 201) 5 headers in 182 bytes (1 switches on core 0)
Jan 28 11:05:50 ubuntu devstack@keystone.service[81561]: DEBUG keystone.server.flask.request_processing.middleware.auth_context [None req-93281ff4-7810-4285-a080-567b03850d66 None admin] RBAC: auth_context: {'token': <TokenModel (audit_id=YBmtNxrRS5iBTjDF6sXVzw, audit_chain_id=['YBmtNxrRS5iBTjDF6sXVzw']) at 0x7f8835e4abf0>, 'domain_id': None, 'trust_id': None, 'trustor_id': None, 'trustee_id': None, 'domain_name': None, 'group_ids': [], 'user_id': 'fcbc26aa668c4287a686b9da34111e48', 'user_domain_id': 'default', 'system_scope': 'all', 'project_id': None, 'project_domain_id': None, 'roles': ['admin', 'manager', 'member', 'reader'], 'is_admin_project': True, 'service_user_id': None, 'service_user_domain_id': None, 'service_project_id': None, 'service_project_domain_id': None, 'service_roles': []} {{(pid=81561) fill_context /opt/stack/keystone/keystone/server/flask/request_processing/middleware/auth_context.py:509}}
Jan 28 11:05:50 ubuntu devstack@keystone.service[81561]: DEBUG keystone.server.flask.request_processing.req_logging [None req-93281ff4-7810-4285-a080-567b03850d66 None admin] REQUEST_METHOD: `POST` {{(pid=81561) log_request_info /opt/stack/keystone/keystone/server/flask/request_processing/req_logging.py:26}}
Jan 28 11:05:50 ubuntu devstack@keystone.service[81561]: DEBUG keystone.server.flask.request_processing.req_logging [None req-93281ff4-7810-4285-a080-567b03850d66 None admin] SCRIPT_NAME: `/identity` {{(pid=81561) log_request_info /opt/stack/keystone/keystone/server/flask/request_processing/req_logging.py:27}}
Jan 28 11:05:50 ubuntu devstack@keystone.service[81561]: DEBUG keystone.server.flask.request_processing.req_logging [None req-93281ff4-7810-4285-a080-567b03850d66 None admin] PATH_INFO: `/v3/projects` {{(pid=81561) log_request_info /opt/stack/keystone/keystone/server/flask/request_processing/req_logging.py:28}}
Jan 28 11:05:50 ubuntu devstack@keystone.service[81561]: DEBUG keystone.common.rbac_enforcer.enforcer [None req-93281ff4-7810-4285-a080-567b03850d66 None admin] RBAC: Authorizing `identity:create_project()` {{(pid=81561) enforce_call /opt/stack/keystone/keystone/common/rbac_enforcer/enforcer.py:494}}
Jan 28 11:05:50 ubuntu devstack@keystone.service[81561]: DEBUG keystone.common.rbac_enforcer.enforcer [None req-93281ff4-7810-4285-a080-567b03850d66 None admin] RBAC: Authorization granted {{(pid=81561) enforce_call /opt/stack/keystone/keystone/common/rbac_enforcer/enforcer.py:505}}
Jan 28 11:05:50 ubuntu devstack@keystone.service[81561]: [pid: 81561|app: 0|req: 23/48] 10.201.5.82 () {60 vars in 1133 bytes} [Wed Jan 28 11:05:49 2026] POST /identity/v3/projects => generated 312 bytes in 98 msecs (HTTP/1.1 201) 5 headers in 182 bytes (1 switches on core 0)
Jan 28 11:05:51 ubuntu devstack@keystone.service[81560]: DEBUG keystone.server.flask.request_processing.req_logging [None req-f2b52c82-6229-4569-a13e-9e67a73d910e None None] REQUEST_METHOD: `GET` {{(pid=81560) log_request_info /opt/stack/keystone/keystone/server/flask/request_processing/req_logging.py:26}}
Jan 28 11:05:51 ubuntu devstack@keystone.service[81560]: DEBUG keystone.server.flask.request_processing.req_logging [None req-f2b52c82-6229-4569-a13e-9e67a73d910e None None] SCRIPT_NAME: `/identity` {{(pid=81560) log_request_info /opt/stack/keystone/keystone/server/flask/request_processing/req_logging.py:27}}
Jan 28 11:05:51 ubuntu devstack@keystone.service[81560]: DEBUG keystone.server.flask.request_processing.req_logging [None req-f2b52c82-6229-4569-a13e-9e67a73d910e None None] PATH_INFO: `/` {{(pid=81560) log_request_info /opt/stack/keystone/keystone/server/flask/request_processing/req_logging.py:28}}
Jan 28 11:05:51 ubuntu devstack@keystone.service[81560]: [pid: 81560|app: 0|req: 26/49] 10.201.5.82 () {54 vars in 919 bytes} [Wed Jan 28 11:05:51 2026] GET /identity => generated 270 bytes in 2 msecs (HTTP/1.1 300) 6 headers in 234 bytes (2 switches on core 0)
Jan 28 11:05:51 ubuntu devstack@keystone.service[81561]: DEBUG keystone.server.flask.request_processing.req_logging [None req-0e66c333-c767-4524-91f6-366f2e86d063 None None] REQUEST_METHOD: `POST` {{(pid=81561) log_request_info /opt/stack/keystone/keystone/server/flask/request_processing/req_logging.py:26}}
Jan 28 11:05:51 ubuntu devstack@keystone.service[81561]: DEBUG keystone.server.flask.request_processing.req_logging [None req-0e66c333-c767-4524-91f6-366f2e86d063 None None] SCRIPT_NAME: `/identity` {{(pid=81561) log_request_info /opt/stack/keystone/keystone/server/flask/request_processing/req_logging.py:27}}
Jan 28 11:05:51 ubuntu devstack@keystone.service[81561]: DEBUG keystone.server.flask.request_processing.req_logging [None req-0e66c333-c767-4524-91f6-366f2e86d063 None None] PATH_INFO: `/v3/auth/tokens` {{(pid=81561) log_request_info /opt/stack/keystone/keystone/server/flask/request_processing/req_logging.py:28}}
Jan 28 11:05:51 ubuntu devstack@keystone.service[81561]: WARNING keystone.common.password_hashing [None req-0e66c333-c767-4524-91f6-366f2e86d063 None None] Truncating password to algorithm specific maximum length 72 characters.
Jan 28 11:05:51 ubuntu devstack@keystone.service[81561]: DEBUG keystone.auth.core [None req-0e66c333-c767-4524-91f6-366f2e86d063 None None] MFA Rules not processed for user `fcbc26aa668c4287a686b9da34111e48`. Rule list: `[]` (Enabled: `True`). {{(pid=81561) check_auth_methods_against_rules /opt/stack/keystone/keystone/auth/core.py:476}}
Jan 28 11:05:51 ubuntu devstack@keystone.service[81561]: DEBUG keystone.common.fernet_utils [None req-0e66c333-c767-4524-91f6-366f2e86d063 None None] Loaded 2 Fernet keys from /etc/keystone/fernet-keys/, but `[fernet_tokens] max_active_keys = 3`; perhaps there have not been enough key rotations to reach `max_active_keys` yet? {{(pid=81561) load_keys /opt/stack/keystone/keystone/common/fernet_utils.py:297}}
Jan 28 11:05:51 ubuntu devstack@keystone.service[81561]: [pid: 81561|app: 0|req: 24/50] 10.201.5.82 () {58 vars in 1016 bytes} [Wed Jan 28 11:05:51 2026] POST /identity/v3/auth/tokens => generated 862 bytes in 64 msecs (HTTP/1.1 201) 6 headers in 363 bytes (1 switches on core 0)
Jan 28 11:05:51 ubuntu devstack@keystone.service[81560]: DEBUG keystone.server.flask.request_processing.middleware.auth_context [None req-f2b52c82-6229-4569-a13e-9e67a73d910e None None] Authenticating user token {{(pid=81560) process_request /opt/stack/data/venv/lib/python3.10/site-packages/keystonemiddleware/auth_token/__init__.py:407}}
Jan 28 11:05:51 ubuntu devstack@keystone.service[81560]: DEBUG keystone.server.flask.request_processing.middleware.auth_context [None req-f2b52c82-6229-4569-a13e-9e67a73d910e None None] Validating token access rules against request {{(pid=81560) validate_allowed_request /opt/stack/data/venv/lib/python3.10/site-packages/keystonemiddleware/auth_token/__init__.py:545}}
Jan 28 11:05:51 ubuntu devstack@keystone.service[81560]: DEBUG keystone.server.flask.request_processing.middleware.auth_context [None req-25719d34-4098-4c6c-9d6c-b719e659ba82 None admin] RBAC: auth_context: {'token': <TokenModel (audit_id=LRFeummVTP24EtWFUz5nBQ, audit_chain_id=['LRFeummVTP24EtWFUz5nBQ']) at 0x7f883627f040>, 'domain_id': None, 'trust_id': None, 'trustor_id': None, 'trustee_id': None, 'domain_name': None, 'group_ids': [], 'user_id': 'fcbc26aa668c4287a686b9da34111e48', 'user_domain_id': 'default', 'system_scope': 'all', 'project_id': None, 'project_domain_id': None, 'roles': ['admin', 'manager', 'member', 'reader'], 'is_admin_project': True, 'service_user_id': None, 'service_user_domain_id': None, 'service_project_id': None, 'service_project_domain_id': None, 'service_roles': []} {{(pid=81560) fill_context /opt/stack/keystone/keystone/server/flask/request_processing/middleware/auth_context.py:509}}
Jan 28 11:05:51 ubuntu devstack@keystone.service[81560]: DEBUG keystone.server.flask.request_processing.req_logging [None req-25719d34-4098-4c6c-9d6c-b719e659ba82 None admin] REQUEST_METHOD: `GET` {{(pid=81560) log_request_info /opt/stack/keystone/keystone/server/flask/request_processing/req_logging.py:26}}
Jan 28 11:05:51 ubuntu devstack@keystone.service[81560]: DEBUG keystone.server.flask.request_processing.req_logging [None req-25719d34-4098-4c6c-9d6c-b719e659ba82 None admin] SCRIPT_NAME: `/identity` {{(pid=81560) log_request_info /opt/stack/keystone/keystone/server/flask/request_processing/req_logging.py:27}}
