Jul 03 02:47:12 ubuntu devstack@g-api.service[117833]: DEBUG glance.common.config [None req-8ff82e19-1669-4d91-b85d-d8bf45dcd6ab None None] barbican_service_user.collect_timing = False {{(pid=117833) log_opt_values /opt/stack/data/venv/lib/python3.10/site-packages/oslo_config/cfg.py:2620}}
Jul 03 02:47:12 ubuntu devstack@g-api.service[117832]: DEBUG glance.common.config [None req-0f9fe603-1140-4e9c-83f5-6ca2e3be678e None None] database.db_max_retry_interval = 10 {{(pid=117832) log_opt_values /opt/stack/data/venv/lib/python3.10/site-packages/oslo_config/cfg.py:2620}}
Jul 03 02:47:12 ubuntu devstack@g-api.service[117833]: DEBUG glance.common.config [None req-8ff82e19-1669-4d91-b85d-d8bf45dcd6ab None None] barbican_service_user.insecure = False {{(pid=117833) log_opt_values /opt/stack/data/venv/lib/python3.10/site-packages/oslo_config/cfg.py:2620}}
Jul 03 02:47:12 ubuntu devstack@g-api.service[117832]: DEBUG glance.common.config [None req-0f9fe603-1140-4e9c-83f5-6ca2e3be678e None None] database.db_retry_interval     = 1 {{(pid=117832) log_opt_values /opt/stack/data/venv/lib/python3.10/site-packages/oslo_config/cfg.py:2620}}
Jul 03 02:47:12 ubuntu devstack@g-api.service[117833]: DEBUG glance.common.config [None req-8ff82e19-1669-4d91-b85d-d8bf45dcd6ab None None] barbican_service_user.keyfile  = None {{(pid=117833) log_opt_values /opt/stack/data/venv/lib/python3.10/site-packages/oslo_config/cfg.py:2620}}
Jul 03 02:47:12 ubuntu devstack@g-api.service[117832]: DEBUG glance.common.config [None req-0f9fe603-1140-4e9c-83f5-6ca2e3be678e None None] database.max_overflow          = 50 {{(pid=117832) log_opt_values /opt/stack/data/venv/lib/python3.10/site-packages/oslo_config/cfg.py:2620}}
Jul 03 02:47:12 ubuntu devstack@g-api.service[117833]: DEBUG glance.common.config [None req-8ff82e19-1669-4d91-b85d-d8bf45dcd6ab None None] barbican_service_user.split_loggers = False {{(pid=117833) log_opt_values /opt/stack/data/venv/lib/python3.10/site-packages/oslo_config/cfg.py:2620}}
Jul 03 02:47:12 ubuntu devstack@g-api.service[117832]: DEBUG glance.common.config [None req-0f9fe603-1140-4e9c-83f5-6ca2e3be678e None None] database.max_pool_size         = 5 {{(pid=117832) log_opt_values /opt/stack/data/venv/lib/python3.10/site-packages/oslo_config/cfg.py:2620}}
Jul 03 02:47:12 ubuntu devstack@g-api.service[117833]: DEBUG glance.common.config [None req-8ff82e19-1669-4d91-b85d-d8bf45dcd6ab None None] barbican_service_user.timeout  = None {{(pid=117833) log_opt_values /opt/stack/data/venv/lib/python3.10/site-packages/oslo_config/cfg.py:2620}}
Jul 03 02:47:12 ubuntu devstack@g-api.service[117832]: DEBUG glance.common.config [None req-0f9fe603-1140-4e9c-83f5-6ca2e3be678e None None] database.max_retries           = 10 {{(pid=117832) log_opt_values /opt/stack/data/venv/lib/python3.10/site-packages/oslo_config/cfg.py:2620}}
Jul 03 02:47:12 ubuntu devstack@g-api.service[117833]: DEBUG glance.common.config [None req-8ff82e19-1669-4d91-b85d-d8bf45dcd6ab None None] database.backend               = sqlalchemy {{(pid=117833) log_opt_values /opt/stack/data/venv/lib/python3.10/site-packages/oslo_config/cfg.py:2620}}
Jul 03 02:47:12 ubuntu devstack@g-api.service[117832]: DEBUG glance.common.config [None req-0f9fe603-1140-4e9c-83f5-6ca2e3be678e None None] database.mysql_sql_mode        = TRADITIONAL {{(pid=117832) log_opt_values /opt/stack/data/venv/lib/python3.10/site-packages/oslo_config/cfg.py:2620}}
Jul 03 02:47:12 ubuntu devstack@g-api.service[117832]: DEBUG glance.common.config [None req-0f9fe603-1140-4e9c-83f5-6ca2e3be678e None None] database.mysql_wsrep_sync_wait = None {{(pid=117832) log_opt_values /opt/stack/data/venv/lib/python3.10/site-packages/oslo_config/cfg.py:2620}}
Jul 03 02:47:12 ubuntu devstack@g-api.service[117833]: DEBUG glance.common.config [None req-8ff82e19-1669-4d91-b85d-d8bf45dcd6ab None None] database.connection            = **** {{(pid=117833) log_opt_values /opt/stack/data/venv/lib/python3.10/site-packages/oslo_config/cfg.py:2620}}
Jul 03 02:47:12 ubuntu devstack@g-api.service[117832]: DEBUG glance.common.config [None req-0f9fe603-1140-4e9c-83f5-6ca2e3be678e None None] database.pool_timeout          = None {{(pid=117832) log_opt_values /opt/stack/data/venv/lib/python3.10/site-packages/oslo_config/cfg.py:2620}}
Jul 03 02:47:12 ubuntu devstack@g-api.service[117833]: DEBUG glance.common.config [None req-8ff82e19-1669-4d91-b85d-d8bf45dcd6ab None None] database.connection_debug      = 0 {{(pid=117833) log_opt_values /opt/stack/data/venv/lib/python3.10/site-packages/oslo_config/cfg.py:2620}}
Jul 03 02:47:12 ubuntu devstack@g-api.service[117832]: DEBUG glance.common.config [None req-0f9fe603-1140-4e9c-83f5-6ca2e3be678e None None] database.retry_interval        = 10 {{(pid=117832) log_opt_values /opt/stack/data/venv/lib/python3.10/site-packages/oslo_config/cfg.py:2620}}
Jul 03 02:47:12 ubuntu devstack@g-api.service[117832]: DEBUG glance.common.config [None req-0f9fe603-1140-4e9c-83f5-6ca2e3be678e None None] database.slave_connection      = **** {{(pid=117832) log_opt_values /opt/stack/data/venv/lib/python3.10/site-packages/oslo_config/cfg.py:2620}}
Jul 03 02:47:12 ubuntu devstack@g-api.service[117833]: DEBUG glance.common.config [None req-8ff82e19-1669-4d91-b85d-d8bf45dcd6ab None None] database.connection_parameters =  {{(pid=117833) log_opt_values /opt/stack/data/venv/lib/python3.10/site-packages/oslo_config/cfg.py:2620}}
Jul 03 02:47:12 ubuntu devstack@g-api.service[117832]: DEBUG glance.common.config [None req-0f9fe603-1140-4e9c-83f5-6ca2e3be678e None None] database.sqlite_synchronous    = True {{(pid=117832) log_opt_values /opt/stack/data/venv/lib/python3.10/site-packages/oslo_config/cfg.py:2620}}
Jul 03 02:47:12 ubuntu devstack@g-api.service[117832]: DEBUG glance.common.config [None req-0f9fe603-1140-4e9c-83f5-6ca2e3be678e None None] database.use_db_reconnect      = False {{(pid=117832) log_opt_values /opt/stack/data/venv/lib/python3.10/site-packages/oslo_config/cfg.py:2620}}
Jul 03 02:47:12 ubuntu devstack@g-api.service[117833]: DEBUG glance.common.config [None req-8ff82e19-1669-4d91-b85d-d8bf45dcd6ab None None] database.connection_recycle_time = 3600 {{(pid=117833) log_opt_values /opt/stack/data/venv/lib/python3.10/site-packages/oslo_config/cfg.py:2620}}
Jul 03 02:47:12 ubuntu devstack@g-api.service[117832]: DEBUG glance.common.config [None req-0f9fe603-1140-4e9c-83f5-6ca2e3be678e None None] healthcheck.allowed_source_ranges = [] {{(pid=117832) log_opt_values /opt/stack/data/venv/lib/python3.10/site-packages/oslo_config/cfg.py:2620}}
Jul 03 02:47:12 ubuntu devstack@g-api.service[117833]: DEBUG glance.common.config [None req-8ff82e19-1669-4d91-b85d-d8bf45dcd6ab None None] database.connection_trace      = False {{(pid=117833) log_opt_values /opt/stack/data/venv/lib/python3.10/site-packages/oslo_config/cfg.py:2620}}
Jul 03 02:47:12 ubuntu devstack@g-api.service[117832]: DEBUG glance.common.config [None req-0f9fe603-1140-4e9c-83f5-6ca2e3be678e None None] healthcheck.backends           = ['disable_by_file'] {{(pid=117832) log_opt_values /opt/stack/data/venv/lib/python3.10/site-packages/oslo_config/cfg.py:2620}}
Jul 03 02:47:12 ubuntu devstack@g-api.service[117833]: DEBUG glance.common.config [None req-8ff82e19-1669-4d91-b85d-d8bf45dcd6ab None None] database.db_inc_retry_interval = True {{(pid=117833) log_opt_values /opt/stack/data/venv/lib/python3.10/site-packages/oslo_config/cfg.py:2620}}
Jul 03 02:47:12 ubuntu devstack@g-api.service[117832]: DEBUG glance.common.config [None req-0f9fe603-1140-4e9c-83f5-6ca2e3be678e None None] healthcheck.detailed           = False {{(pid=117832) log_opt_values /opt/stack/data/venv/lib/python3.10/site-packages/oslo_config/cfg.py:2620}}
Jul 03 02:47:12 ubuntu devstack@g-api.service[117833]: DEBUG glance.common.config [None req-8ff82e19-1669-4d91-b85d-d8bf45dcd6ab None None] database.db_max_retries        = 20 {{(pid=117833) log_opt_values /opt/stack/data/venv/lib/python3.10/site-packages/oslo_config/cfg.py:2620}}
Jul 03 02:47:12 ubuntu devstack@g-api.service[117832]: DEBUG glance.common.config [None req-0f9fe603-1140-4e9c-83f5-6ca2e3be678e None None] healthcheck.disable_by_file_path = None {{(pid=117832) log_opt_values /opt/stack/data/venv/lib/python3.10/site-packages/oslo_config/cfg.py:2620}}
Jul 03 02:47:12 ubuntu devstack@g-api.service[117833]: DEBUG glance.common.config [None req-8ff82e19-1669-4d91-b85d-d8bf45dcd6ab None None] database.db_max_retry_interval = 10 {{(pid=117833) log_opt_values /opt/stack/data/venv/lib/python3.10/site-packages/oslo_config/cfg.py:2620}}
Jul 03 02:47:12 ubuntu devstack@g-api.service[117832]: DEBUG glance.common.config [None req-0f9fe603-1140-4e9c-83f5-6ca2e3be678e None None] healthcheck.ignore_proxied_requests = False {{(pid=117832) log_opt_values /opt/stack/data/venv/lib/python3.10/site-packages/oslo_config/cfg.py:2620}}
Jul 03 02:47:12 ubuntu devstack@g-api.service[117832]: DEBUG glance.common.config [None req-0f9fe603-1140-4e9c-83f5-6ca2e3be678e None None] healthcheck.path               = /healthcheck {{(pid=117832) log_opt_values /opt/stack/data/venv/lib/python3.10/site-packages/oslo_config/cfg.py:2620}}
Jul 03 02:47:12 ubuntu devstack@g-api.service[117833]: DEBUG glance.common.config [None req-8ff82e19-1669-4d91-b85d-d8bf45dcd6ab None None] database.db_retry_interval     = 1 {{(pid=117833) log_opt_values /opt/stack/data/venv/lib/python3.10/site-packages/oslo_config/cfg.py:2620}}
Jul 03 02:47:12 ubuntu devstack@g-api.service[117832]: DEBUG glance.common.config [None req-0f9fe603-1140-4e9c-83f5-6ca2e3be678e None None] ******************************************************************************** {{(pid=117832) log_opt_values /opt/stack/data/venv/lib/python3.10/site-packages/oslo_config/cfg.py:2624}}
Jul 03 02:47:12 ubuntu devstack@g-api.service[117833]: DEBUG glance.common.config [None req-8ff82e19-1669-4d91-b85d-d8bf45dcd6ab None None] database.max_overflow          = 50 {{(pid=117833) log_opt_values /opt/stack/data/venv/lib/python3.10/site-packages/oslo_config/cfg.py:2620}}
Jul 03 02:47:12 ubuntu devstack@g-api.service[117832]: WSGI app 0 (mountpoint='') ready in 2 seconds on interpreter 0x55d42a199e00 pid: 117832 (default app)
Jul 03 02:47:12 ubuntu devstack@g-api.service[117833]: DEBUG glance.common.config [None req-8ff82e19-1669-4d91-b85d-d8bf45dcd6ab None None] database.max_pool_size         = 5 {{(pid=117833) log_opt_values /opt/stack/data/venv/lib/python3.10/site-packages/oslo_config/cfg.py:2620}}
Jul 03 02:47:12 ubuntu devstack@g-api.service[117833]: DEBUG glance.common.config [None req-8ff82e19-1669-4d91-b85d-d8bf45dcd6ab None None] database.max_retries           = 10 {{(pid=117833) log_opt_values /opt/stack/data/venv/lib/python3.10/site-packages/oslo_config/cfg.py:2620}}
Jul 03 02:47:12 ubuntu devstack@g-api.service[117833]: DEBUG glance.common.config [None req-8ff82e19-1669-4d91-b85d-d8bf45dcd6ab None None] database.mysql_sql_mode        = TRADITIONAL {{(pid=117833) log_opt_values /opt/stack/data/venv/lib/python3.10/site-packages/oslo_config/cfg.py:2620}}
Jul 03 02:47:12 ubuntu devstack@g-api.service[117833]: DEBUG glance.common.config [None req-8ff82e19-1669-4d91-b85d-d8bf45dcd6ab None None] database.mysql_wsrep_sync_wait = None {{(pid=117833) log_opt_values /opt/stack/data/venv/lib/python3.10/site-packages/oslo_config/cfg.py:2620}}
Jul 03 02:47:12 ubuntu devstack@g-api.service[117832]: DEBUG glance.api.middleware.version_negotiation [None req-0f9fe603-1140-4e9c-83f5-6ca2e3be678e None None] Determining version of request: GET / Accept: */* {{(pid=117832) process_request /opt/stack/glance/glance/api/middleware/version_negotiation.py:44}}
Jul 03 02:47:12 ubuntu devstack@g-api.service[117833]: DEBUG glance.common.config [None req-8ff82e19-1669-4d91-b85d-d8bf45dcd6ab None None] database.pool_timeout          = None {{(pid=117833) log_opt_values /opt/stack/data/venv/lib/python3.10/site-packages/oslo_config/cfg.py:2620}}
Jul 03 02:47:12 ubuntu devstack@g-api.service[117832]: DEBUG glance.api.middleware.version_negotiation [None req-0f9fe603-1140-4e9c-83f5-6ca2e3be678e None None] Using url versioning {{(pid=117832) process_request /opt/stack/glance/glance/api/middleware/version_negotiation.py:57}}
Jul 03 02:47:12 ubuntu devstack@g-api.service[117833]: DEBUG glance.common.config [None req-8ff82e19-1669-4d91-b85d-d8bf45dcd6ab None None] database.retry_interval        = 10 {{(pid=117833) log_opt_values /opt/stack/data/venv/lib/python3.10/site-packages/oslo_config/cfg.py:2620}}
Jul 03 02:47:12 ubuntu devstack@g-api.service[117833]: DEBUG glance.common.config [None req-8ff82e19-1669-4d91-b85d-d8bf45dcd6ab None None] database.slave_connection      = **** {{(pid=117833) log_opt_values /opt/stack/data/venv/lib/python3.10/site-packages/oslo_config/cfg.py:2620}}
Jul 03 02:47:12 ubuntu devstack@g-api.service[117832]: DEBUG glance.api.middleware.version_negotiation [None req-0f9fe603-1140-4e9c-83f5-6ca2e3be678e None None] Unknown version. Returning version choices. {{(pid=117832) process_request /opt/stack/glance/glance/api/middleware/version_negotiation.py:64}}
Jul 03 02:47:12 ubuntu devstack@g-api.service[117833]: DEBUG glance.common.config [None req-8ff82e19-1669-4d91-b85d-d8bf45dcd6ab None None] database.sqlite_synchronous    = True {{(pid=117833) log_opt_values /opt/stack/data/venv/lib/python3.10/site-packages/oslo_config/cfg.py:2620}}
Jul 03 02:47:12 ubuntu devstack@g-api.service[117833]: DEBUG glance.common.config [None req-8ff82e19-1669-4d91-b85d-d8bf45dcd6ab None None] database.use_db_reconnect      = False {{(pid=117833) log_opt_values /opt/stack/data/venv/lib/python3.10/site-packages/oslo_config/cfg.py:2620}}
Jul 03 02:47:12 ubuntu devstack@g-api.service[117833]: DEBUG glance.common.config [None req-8ff82e19-1669-4d91-b85d-d8bf45dcd6ab None None] healthcheck.allowed_source_ranges = [] {{(pid=117833) log_opt_values /opt/stack/data/venv/lib/python3.10/site-packages/oslo_config/cfg.py:2620}}
Jul 03 02:47:12 ubuntu devstack@g-api.service[117833]: DEBUG glance.common.config [None req-8ff82e19-1669-4d91-b85d-d8bf45dcd6ab None None] healthcheck.backends           = ['disable_by_file'] {{(pid=117833) log_opt_values /opt/stack/data/venv/lib/python3.10/site-packages/oslo_config/cfg.py:2620}}
Jul 03 02:47:12 ubuntu devstack@g-api.service[117833]: DEBUG glance.common.config [None req-8ff82e19-1669-4d91-b85d-d8bf45dcd6ab None None] healthcheck.detailed           = False {{(pid=117833) log_opt_values /opt/stack/data/venv/lib/python3.10/site-packages/oslo_config/cfg.py:2620}}
Jul 03 02:47:12 ubuntu devstack@g-api.service[117833]: DEBUG glance.common.config [None req-8ff82e19-1669-4d91-b85d-d8bf45dcd6ab None None] healthcheck.disable_by_file_path = None {{(pid=117833) log_opt_values /opt/stack/data/venv/lib/python3.10/site-packages/oslo_config/cfg.py:2620}}
Jul 03 02:47:12 ubuntu devstack@g-api.service[117833]: DEBUG glance.common.config [None req-8ff82e19-1669-4d91-b85d-d8bf45dcd6ab None None] healthcheck.ignore_proxied_requests = False {{(pid=117833) log_opt_values /opt/stack/data/venv/lib/python3.10/site-packages/oslo_config/cfg.py:2620}}
Jul 03 02:47:12 ubuntu devstack@g-api.service[117832]: [pid: 117832|app: 0|req: 1/1] 127.0.0.1 () {32 vars in 386 bytes} [Wed Jul  3 02:47:12 2024] GET / => generated 1299 bytes in 1 msecs (HTTP/1.1 300) 3 headers in 106 bytes (1 switches on core 0)
Jul 03 02:47:12 ubuntu devstack@g-api.service[117833]: DEBUG glance.common.config [None req-8ff82e19-1669-4d91-b85d-d8bf45dcd6ab None None] healthcheck.path               = /healthcheck {{(pid=117833) log_opt_values /opt/stack/data/venv/lib/python3.10/site-packages/oslo_config/cfg.py:2620}}
Jul 03 02:47:12 ubuntu devstack@g-api.service[117833]: DEBUG glance.common.config [None req-8ff82e19-1669-4d91-b85d-d8bf45dcd6ab None None] ******************************************************************************** {{(pid=117833) log_opt_values /opt/stack/data/venv/lib/python3.10/site-packages/oslo_config/cfg.py:2624}}
Jul 03 02:47:12 ubuntu devstack@g-api.service[117833]: WSGI app 0 (mountpoint='') ready in 2 seconds on interpreter 0x55d42a199e00 pid: 117833 (default app)
Jul 03 02:47:17 ubuntu devstack@g-api.service[117832]: DEBUG glance.api.middleware.version_negotiation [None req-0f9fe603-1140-4e9c-83f5-6ca2e3be678e None None] Determining version of request: GET / Accept: application/json {{(pid=117832) process_request /opt/stack/glance/glance/api/middleware/version_negotiation.py:44}}
Jul 03 02:47:17 ubuntu devstack@g-api.service[117832]: DEBUG glance.api.middleware.version_negotiation [None req-0f9fe603-1140-4e9c-83f5-6ca2e3be678e None None] Using url versioning {{(pid=117832) process_request /opt/stack/glance/glance/api/middleware/version_negotiation.py:57}}
Jul 03 02:47:17 ubuntu devstack@g-api.service[117832]: DEBUG glance.api.middleware.version_negotiation [None req-0f9fe603-1140-4e9c-83f5-6ca2e3be678e None None] Unknown version. Returning version choices. {{(pid=117832) process_request /opt/stack/glance/glance/api/middleware/version_negotiation.py:64}}
Jul 03 02:47:17 ubuntu devstack@g-api.service[117832]: [pid: 117832|app: 0|req: 2/2] 127.0.0.1 () {34 vars in 502 bytes} [Wed Jul  3 02:47:17 2024] GET / => generated 1299 bytes in 7 msecs (HTTP/1.1 300) 3 headers in 106 bytes (1 switches on core 0)
Jul 03 02:47:17 ubuntu devstack@g-api.service[117833]: DEBUG glance.api.middleware.version_negotiation [None req-8ff82e19-1669-4d91-b85d-d8bf45dcd6ab None None] Determining version of request: POST /v2/images Accept: */* {{(pid=117833) process_request /opt/stack/glance/glance/api/middleware/version_negotiation.py:44}}
Jul 03 02:47:17 ubuntu devstack@g-api.service[117833]: DEBUG glance.api.middleware.version_negotiation [None req-8ff82e19-1669-4d91-b85d-d8bf45dcd6ab None None] Using url versioning {{(pid=117833) process_request /opt/stack/glance/glance/api/middleware/version_negotiation.py:57}}
Jul 03 02:47:17 ubuntu devstack@g-api.service[117833]: DEBUG glance.api.middleware.version_negotiation [None req-8ff82e19-1669-4d91-b85d-d8bf45dcd6ab None None] Matched version: v2 {{(pid=117833) process_request /opt/stack/glance/glance/api/middleware/version_negotiation.py:69}}
Jul 03 02:47:17 ubuntu devstack@g-api.service[117833]: DEBUG glance.api.middleware.version_negotiation [None req-8ff82e19-1669-4d91-b85d-d8bf45dcd6ab None None] new path /v2/images {{(pid=117833) process_request /opt/stack/glance/glance/api/middleware/version_negotiation.py:70}}
Jul 03 02:47:18 ubuntu devstack@g-api.service[117833]: [pid: 117833|app: 0|req: 1/3] 127.0.0.1 () {40 vars in 765 bytes} [Wed Jul  3 02:47:17 2024] POST /v2/images => generated 807 bytes in 1117 msecs (HTTP/1.1 201) 6 headers in 314 bytes (1 switches on core 0)
Jul 03 02:47:18 ubuntu devstack@g-api.service[117832]: DEBUG glance.api.middleware.version_negotiation [None req-0f9fe603-1140-4e9c-83f5-6ca2e3be678e None None] Determining version of request: PUT /v2/images/c1c8eae2-d277-4cdf-8cbe-09cc3d0a4212/file Accept:  {{(pid=117832) process_request /opt/stack/glance/glance/api/middleware/version_negotiation.py:44}}
Jul 03 02:47:18 ubuntu devstack@g-api.service[117832]: DEBUG glance.api.middleware.version_negotiation [None req-0f9fe603-1140-4e9c-83f5-6ca2e3be678e None None] Using url versioning {{(pid=117832) process_request /opt/stack/glance/glance/api/middleware/version_negotiation.py:57}}
Jul 03 02:47:18 ubuntu devstack@g-api.service[117832]: DEBUG glance.api.middleware.version_negotiation [None req-0f9fe603-1140-4e9c-83f5-6ca2e3be678e None None] Matched version: v2 {{(pid=117832) process_request /opt/stack/glance/glance/api/middleware/version_negotiation.py:69}}
Jul 03 02:47:18 ubuntu devstack@g-api.service[117832]: DEBUG glance.api.middleware.version_negotiation [None req-0f9fe603-1140-4e9c-83f5-6ca2e3be678e None None] new path /v2/images/c1c8eae2-d277-4cdf-8cbe-09cc3d0a4212/file {{(pid=117832) process_request /opt/stack/glance/glance/api/middleware/version_negotiation.py:70}}
Jul 03 02:47:19 ubuntu devstack@g-api.service[117832]: INFO glance.api.v2.image_data [None req-33671f25-1452-42eb-bab7-dd7dac7dc16f admin admin] Unable to create trust: no such option collect_timing in group [keystone_authtoken] Use the existing user token.
Jul 03 02:47:20 ubuntu devstack@g-api.service[117832]: DEBUG glance.location [None req-33671f25-1452-42eb-bab7-dd7dac7dc16f admin admin] Enabling in-flight format inspection for qcow2 {{(pid=117832) set_data /opt/stack/glance/glance/location.py:581}}
Jul 03 02:47:20 ubuntu devstack@g-api.service[117832]: DEBUG glance_store.backend [None req-33671f25-1452-42eb-bab7-dd7dac7dc16f admin admin] Attempting to import store swift {{(pid=117832) _load_store /opt/stack/data/venv/lib/python3.10/site-packages/glance_store/backend.py:216}}
Jul 03 02:47:20 ubuntu devstack@g-api.service[117832]: DEBUG glance_store.capabilities [None req-33671f25-1452-42eb-bab7-dd7dac7dc16f admin admin] Store glance_store._drivers.swift.store.SingleTenantStore doesn't support updating dynamic storage capabilities. Please overwrite 'update_capabilities' method of the store to implement updating logics if needed. {{(pid=117832) update_capabilities /opt/stack/data/venv/lib/python3.10/site-packages/glance_store/capabilities.py:91}}
Jul 03 02:47:20 ubuntu devstack@g-api.service[117832]: DEBUG glance_store.driver [None req-33671f25-1452-42eb-bab7-dd7dac7dc16f admin admin] Late loading location class glance_store._drivers.swift.store.StoreLocation {{(pid=117832) get_store_location_class /opt/stack/data/venv/lib/python3.10/site-packages/glance_store/driver.py:133}}
Jul 03 02:47:20 ubuntu devstack@g-api.service[117832]: DEBUG glance_store.location [None req-33671f25-1452-42eb-bab7-dd7dac7dc16f admin admin] Registering scheme swift+https with {'store': <glance_store._drivers.swift.store.SingleTenantStore object at 0x7f466c6bd840>, 'location_class': <class 'glance_store._drivers.swift.store.StoreLocation'>, 'store_entry': 'swift'} {{(pid=117832) register_scheme_map /opt/stack/data/venv/lib/python3.10/site-packages/glance_store/location.py:146}}
Jul 03 02:47:20 ubuntu devstack@g-api.service[117832]: DEBUG glance_store.location [None req-33671f25-1452-42eb-bab7-dd7dac7dc16f admin admin] Registering scheme swift+https with {'store': <glance_store._drivers.swift.store.SingleTenantStore object at 0x7f466c6bd840>, 'location_class': <class 'glance_store._drivers.swift.store.StoreLocation'>, 'store_entry': 'swift'} {{(pid=117832) register_scheme_map /opt/stack/data/venv/lib/python3.10/site-packages/glance_store/location.py:146}}
Jul 03 02:47:20 ubuntu devstack@g-api.service[117832]: DEBUG glance_store.location [None req-33671f25-1452-42eb-bab7-dd7dac7dc16f admin admin] Registering scheme swift with {'store': <glance_store._drivers.swift.store.SingleTenantStore object at 0x7f466c6bd840>, 'location_class': <class 'glance_store._drivers.swift.store.StoreLocation'>, 'store_entry': 'swift'} {{(pid=117832) register_scheme_map /opt/stack/data/venv/lib/python3.10/site-packages/glance_store/location.py:146}}
Jul 03 02:47:20 ubuntu devstack@g-api.service[117832]: DEBUG glance_store.location [None req-33671f25-1452-42eb-bab7-dd7dac7dc16f admin admin] Registering scheme swift+https with {'store': <glance_store._drivers.swift.store.SingleTenantStore object at 0x7f466c6bd840>, 'location_class': <class 'glance_store._drivers.swift.store.StoreLocation'>, 'store_entry': 'swift'} {{(pid=117832) register_scheme_map /opt/stack/data/venv/lib/python3.10/site-packages/glance_store/location.py:146}}
Jul 03 02:47:20 ubuntu devstack@g-api.service[117832]: DEBUG glance_store.location [None req-33671f25-1452-42eb-bab7-dd7dac7dc16f admin admin] Registering scheme swift with {'store': <glance_store._drivers.swift.store.SingleTenantStore object at 0x7f466c6bd840>, 'location_class': <class 'glance_store._drivers.swift.store.StoreLocation'>, 'store_entry': 'swift'} {{(pid=117832) register_scheme_map /opt/stack/data/venv/lib/python3.10/site-packages/glance_store/location.py:146}}
Jul 03 02:47:20 ubuntu devstack@g-api.service[117832]: DEBUG glance_store.location [None req-33671f25-1452-42eb-bab7-dd7dac7dc16f admin admin] Registering scheme swift+http with {'store': <glance_store._drivers.swift.store.SingleTenantStore object at 0x7f466c6bd840>, 'location_class': <class 'glance_store._drivers.swift.store.StoreLocation'>, 'store_entry': 'swift'} {{(pid=117832) register_scheme_map /opt/stack/data/venv/lib/python3.10/site-packages/glance_store/location.py:146}}
Jul 03 02:47:20 ubuntu devstack@g-api.service[117832]: DEBUG glance_store.location [None req-33671f25-1452-42eb-bab7-dd7dac7dc16f admin admin] Registering scheme swift+https with {'store': <glance_store._drivers.swift.store.SingleTenantStore object at 0x7f466c6bd840>, 'location_class': <class 'glance_store._drivers.swift.store.StoreLocation'>, 'store_entry': 'swift'} {{(pid=117832) register_scheme_map /opt/stack/data/venv/lib/python3.10/site-packages/glance_store/location.py:146}}
Jul 03 02:47:20 ubuntu devstack@g-api.service[117832]: DEBUG glance_store.location [None req-33671f25-1452-42eb-bab7-dd7dac7dc16f admin admin] Registering scheme swift with {'store': <glance_store._drivers.swift.store.SingleTenantStore object at 0x7f466c6bd840>, 'location_class': <class 'glance_store._drivers.swift.store.StoreLocation'>, 'store_entry': 'swift'} {{(pid=117832) register_scheme_map /opt/stack/data/venv/lib/python3.10/site-packages/glance_store/location.py:146}}
Jul 03 02:47:20 ubuntu devstack@g-api.service[117832]: DEBUG glance_store.location [None req-33671f25-1452-42eb-bab7-dd7dac7dc16f admin admin] Registering scheme swift+http with {'store': <glance_store._drivers.swift.store.SingleTenantStore object at 0x7f466c6bd840>, 'location_class': <class 'glance_store._drivers.swift.store.StoreLocation'>, 'store_entry': 'swift'} {{(pid=117832) register_scheme_map /opt/stack/data/venv/lib/python3.10/site-packages/glance_store/location.py:146}}
Jul 03 02:47:20 ubuntu devstack@g-api.service[117832]: DEBUG glance_store.location [None req-33671f25-1452-42eb-bab7-dd7dac7dc16f admin admin] Registering scheme swift+config with {'store': <glance_store._drivers.swift.store.SingleTenantStore object at 0x7f466c6bd840>, 'location_class': <class 'glance_store._drivers.swift.store.StoreLocation'>, 'store_entry': 'swift'} {{(pid=117832) register_scheme_map /opt/stack/data/venv/lib/python3.10/site-packages/glance_store/location.py:146}}
Jul 03 02:47:20 ubuntu devstack@g-api.service[117832]: INFO swiftclient [None req-33671f25-1452-42eb-bab7-dd7dac7dc16f admin admin] REQ: curl -i http://10.201.5.82:8080/v1/AUTH_f56c03f967b54f879eab9e54a946b954/glance -I -H "X-Auth-Token: gAAAAABmhLu4EJu6..."
Jul 03 02:47:20 ubuntu devstack@g-api.service[117832]: INFO swiftclient [None req-33671f25-1452-42eb-bab7-dd7dac7dc16f admin admin] RESP STATUS: 404 Not Found
Jul 03 02:47:20 ubuntu devstack@g-api.service[117832]: INFO swiftclient [None req-33671f25-1452-42eb-bab7-dd7dac7dc16f admin admin] RESP HEADERS: {'Content-Type': 'text/html; charset=UTF-8', 'Content-Length': '0', 'X-Container-Sharding': 'False', 'X-Trans-Id': 'tx44d323640b5b47959097d-006684bbb8', 'X-Openstack-Request-Id': 'tx44d323640b5b47959097d-006684bbb8', 'Date': 'Wed, 03 Jul 2024 02:47:20 GMT'}
Jul 03 02:47:20 ubuntu devstack@g-api.service[117832]: INFO glance_store._drivers.swift.store [None req-33671f25-1452-42eb-bab7-dd7dac7dc16f admin admin] Creating swift container glance
Jul 03 02:47:20 ubuntu devstack@g-api.service[117832]: DEBUG swiftclient [None req-33671f25-1452-42eb-bab7-dd7dac7dc16f admin admin] REQ: curl -i http://10.201.5.82:8080/v1/AUTH_f56c03f967b54f879eab9e54a946b954/glance -X PUT -H "X-Auth-Token: gAAAAABmhLu4EJu6..." -H "Content-Length: 0" {{(pid=117832) http_log /opt/stack/data/venv/lib/python3.10/site-packages/swiftclient/client.py:160}}
Jul 03 02:47:20 ubuntu devstack@g-api.service[117832]: DEBUG swiftclient [None req-33671f25-1452-42eb-bab7-dd7dac7dc16f admin admin] RESP STATUS: 201 Created {{(pid=117832) http_log /opt/stack/data/venv/lib/python3.10/site-packages/swiftclient/client.py:161}}
Jul 03 02:47:20 ubuntu devstack@g-api.service[117832]: DEBUG swiftclient [None req-33671f25-1452-42eb-bab7-dd7dac7dc16f admin admin] RESP HEADERS: {'Content-Type': 'text/html; charset=UTF-8', 'Content-Length': '0', 'X-Trans-Id': 'txb22db471d50f4626a5870-006684bbb8', 'X-Openstack-Request-Id': 'txb22db471d50f4626a5870-006684bbb8', 'Date': 'Wed, 03 Jul 2024 02:47:20 GMT'} {{(pid=117832) http_log /opt/stack/data/venv/lib/python3.10/site-packages/swiftclient/client.py:162}}
Jul 03 02:47:20 ubuntu devstack@g-api.service[117832]: DEBUG glance_store._drivers.swift.store [None req-33671f25-1452-42eb-bab7-dd7dac7dc16f admin admin] Adding image object 'c1c8eae2-d277-4cdf-8cbe-09cc3d0a4212' to Swift {{(pid=117832) add /opt/stack/data/venv/lib/python3.10/site-packages/glance_store/_drivers/swift/store.py:941}}
Jul 03 02:47:20 ubuntu devstack@g-api.service[117832]: DEBUG swiftclient [None req-33671f25-1452-42eb-bab7-dd7dac7dc16f admin admin] REQ: curl -i http://10.201.5.82:8080/v1/AUTH_f56c03f967b54f879eab9e54a946b954/glance/c1c8eae2-d277-4cdf-8cbe-09cc3d0a4212 -X PUT -H "X-Auth-Token: gAAAAABmhLu4EJu6..." -H "Content-Length: 21430272" {{(pid=117832) http_log /opt/stack/data/venv/lib/python3.10/site-packages/swiftclient/client.py:160}}
Jul 03 02:47:20 ubuntu devstack@g-api.service[117832]: DEBUG swiftclient [None req-33671f25-1452-42eb-bab7-dd7dac7dc16f admin admin] RESP STATUS: 201 Created {{(pid=117832) http_log /opt/stack/data/venv/lib/python3.10/site-packages/swiftclient/client.py:161}}
Jul 03 02:47:20 ubuntu devstack@g-api.service[117832]: DEBUG swiftclient [None req-33671f25-1452-42eb-bab7-dd7dac7dc16f admin admin] RESP HEADERS: {'Content-Type': 'text/html; charset=UTF-8', 'Content-Length': '0', 'Etag': 'c8fc807773e5354afe61636071771906', 'Last-Modified': 'Wed, 03 Jul 2024 02:47:21 GMT', 'X-Trans-Id': 'txeea9d783b03c4dc694eb8-006684bbb8', 'X-Openstack-Request-Id': 'txeea9d783b03c4dc694eb8-006684bbb8', 'Date': 'Wed, 03 Jul 2024 02:47:20 GMT'} {{(pid=117832) http_log /opt/stack/data/venv/lib/python3.10/site-packages/swiftclient/client.py:162}}
Jul 03 02:47:20 ubuntu devstack@g-api.service[117832]: INFO glance.location [None req-33671f25-1452-42eb-bab7-dd7dac7dc16f admin admin] Image format matched and virtual size computed: 117440512
Jul 03 02:47:20 ubuntu devstack@g-api.service[117832]: DEBUG glance_store.backend [None req-33671f25-1452-42eb-bab7-dd7dac7dc16f admin admin] Attempting to import store swift {{(pid=117832) _load_store /opt/stack/data/venv/lib/python3.10/site-packages/glance_store/backend.py:216}}
Jul 03 02:47:20 ubuntu devstack@g-api.service[117832]: DEBUG glance_store.capabilities [None req-33671f25-1452-42eb-bab7-dd7dac7dc16f admin admin] Store glance_store._drivers.swift.store.SingleTenantStore doesn't support updating dynamic storage capabilities. Please overwrite 'update_capabilities' method of the store to implement updating logics if needed. {{(pid=117832) update_capabilities /opt/stack/data/venv/lib/python3.10/site-packages/glance_store/capabilities.py:91}}
Jul 03 02:47:20 ubuntu devstack@g-api.service[117832]: DEBUG glance_store.driver [None req-33671f25-1452-42eb-bab7-dd7dac7dc16f admin admin] Late loading location class glance_store._drivers.swift.store.StoreLocation {{(pid=117832) get_store_location_class /opt/stack/data/venv/lib/python3.10/site-packages/glance_store/driver.py:133}}
Jul 03 02:47:20 ubuntu devstack@g-api.service[117832]: DEBUG glance_store.location [None req-33671f25-1452-42eb-bab7-dd7dac7dc16f admin admin] Registering scheme swift+https with {'store': <glance_store._drivers.swift.store.SingleTenantStore object at 0x7f466e5cdf30>, 'location_class': <class 'glance_store._drivers.swift.store.StoreLocation'>, 'store_entry': 'swift'} {{(pid=117832) register_scheme_map /opt/stack/data/venv/lib/python3.10/site-packages/glance_store/location.py:146}}
Jul 03 02:47:20 ubuntu devstack@g-api.service[117832]: DEBUG glance_store.location [None req-33671f25-1452-42eb-bab7-dd7dac7dc16f admin admin] Registering scheme swift+https with {'store': <glance_store._drivers.swift.store.SingleTenantStore object at 0x7f466e5cdf30>, 'location_class': <class 'glance_store._drivers.swift.store.StoreLocation'>, 'store_entry': 'swift'} {{(pid=117832) register_scheme_map /opt/stack/data/venv/lib/python3.10/site-packages/glance_store/location.py:146}}
Jul 03 02:47:20 ubuntu devstack@g-api.service[117832]: DEBUG glance_store.location [None req-33671f25-1452-42eb-bab7-dd7dac7dc16f admin admin] Registering scheme swift with {'store': <glance_store._drivers.swift.store.SingleTenantStore object at 0x7f466e5cdf30>, 'location_class': <class 'glance_store._drivers.swift.store.StoreLocation'>, 'store_entry': 'swift'} {{(pid=117832) register_scheme_map /opt/stack/data/venv/lib/python3.10/site-packages/glance_store/location.py:146}}
Jul 03 02:47:20 ubuntu devstack@g-api.service[117832]: DEBUG glance_store.location [None req-33671f25-1452-42eb-bab7-dd7dac7dc16f admin admin] Registering scheme swift+https with {'store': <glance_store._drivers.swift.store.SingleTenantStore object at 0x7f466e5cdf30>, 'location_class': <class 'glance_store._drivers.swift.store.StoreLocation'>, 'store_entry': 'swift'} {{(pid=117832) register_scheme_map /opt/stack/data/venv/lib/python3.10/site-packages/glance_store/location.py:146}}
Jul 03 02:47:20 ubuntu devstack@g-api.service[117832]: DEBUG glance_store.location [None req-33671f25-1452-42eb-bab7-dd7dac7dc16f admin admin] Registering scheme swift with {'store': <glance_store._drivers.swift.store.SingleTenantStore object at 0x7f466e5cdf30>, 'location_class': <class 'glance_store._drivers.swift.store.StoreLocation'>, 'store_entry': 'swift'} {{(pid=117832) register_scheme_map /opt/stack/data/venv/lib/python3.10/site-packages/glance_store/location.py:146}}
Jul 03 02:47:20 ubuntu devstack@g-api.service[117832]: DEBUG glance_store.location [None req-33671f25-1452-42eb-bab7-dd7dac7dc16f admin admin] Registering scheme swift+http with {'store': <glance_store._drivers.swift.store.SingleTenantStore object at 0x7f466e5cdf30>, 'location_class': <class 'glance_store._drivers.swift.store.StoreLocation'>, 'store_entry': 'swift'} {{(pid=117832) register_scheme_map /opt/stack/data/venv/lib/python3.10/site-packages/glance_store/location.py:146}}
Jul 03 02:47:20 ubuntu devstack@g-api.service[117832]: DEBUG glance_store.location [None req-33671f25-1452-42eb-bab7-dd7dac7dc16f admin admin] Registering scheme swift+https with {'store': <glance_store._drivers.swift.store.SingleTenantStore object at 0x7f466e5cdf30>, 'location_class': <class 'glance_store._drivers.swift.store.StoreLocation'>, 'store_entry': 'swift'} {{(pid=117832) register_scheme_map /opt/stack/data/venv/lib/python3.10/site-packages/glance_store/location.py:146}}
Jul 03 02:47:20 ubuntu devstack@g-api.service[117832]: DEBUG glance_store.location [None req-33671f25-1452-42eb-bab7-dd7dac7dc16f admin admin] Registering scheme swift with {'store': <glance_store._drivers.swift.store.SingleTenantStore object at 0x7f466e5cdf30>, 'location_class': <class 'glance_store._drivers.swift.store.StoreLocation'>, 'store_entry': 'swift'} {{(pid=117832) register_scheme_map /opt/stack/data/venv/lib/python3.10/site-packages/glance_store/location.py:146}}
Jul 03 02:47:20 ubuntu devstack@g-api.service[117832]: DEBUG glance_store.location [None req-33671f25-1452-42eb-bab7-dd7dac7dc16f admin admin] Registering scheme swift+http with {'store': <glance_store._drivers.swift.store.SingleTenantStore object at 0x7f466e5cdf30>, 'location_class': <class 'glance_store._drivers.swift.store.StoreLocation'>, 'store_entry': 'swift'} {{(pid=117832) register_scheme_map /opt/stack/data/venv/lib/python3.10/site-packages/glance_store/location.py:146}}
Jul 03 02:47:20 ubuntu devstack@g-api.service[117832]: DEBUG glance_store.location [None req-33671f25-1452-42eb-bab7-dd7dac7dc16f admin admin] Registering scheme swift+config with {'store': <glance_store._drivers.swift.store.SingleTenantStore object at 0x7f466e5cdf30>, 'location_class': <class 'glance_store._drivers.swift.store.StoreLocation'>, 'store_entry': 'swift'} {{(pid=117832) register_scheme_map /opt/stack/data/venv/lib/python3.10/site-packages/glance_store/location.py:146}}
Jul 03 02:47:20 ubuntu devstack@g-api.service[117832]: DEBUG glance_store.backend [None req-33671f25-1452-42eb-bab7-dd7dac7dc16f admin admin] Skipping store.set_acls... not implemented. {{(pid=117832) set_acls /opt/stack/data/venv/lib/python3.10/site-packages/glance_store/backend.py:508}}
Jul 03 02:47:20 ubuntu devstack@g-api.service[117832]: [pid: 117832|app: 0|req: 3/4] 127.0.0.1 () {40 vars in 858 bytes} [Wed Jul  3 02:47:18 2024] PUT /v2/images/c1c8eae2-d277-4cdf-8cbe-09cc3d0a4212/file => generated 0 bytes in 1955 msecs (HTTP/1.1 204) 4 headers in 171 bytes (1 switches on core 0)
Jul 03 02:47:28 ubuntu devstack@g-api.service[117833]: DEBUG dbcounter [-] [117833] Writing DB stats glance:INSERT=9,glance:SELECT=5 {{(pid=117833) stat_writer /opt/stack/data/venv/lib/python3.10/site-packages/dbcounter.py:115}}
Jul 03 02:47:30 ubuntu devstack@g-api.service[117832]: DEBUG dbcounter [-] [117832] Writing DB stats glance:INSERT=5,glance:SELECT=18,glance:UPDATE=2 {{(pid=117832) stat_writer /opt/stack/data/venv/lib/python3.10/site-packages/dbcounter.py:115}}
Jul 03 02:47:56 ubuntu devstack@g-api.service[117833]: DEBUG glance.api.middleware.version_negotiation [None req-3833635c-53d8-4b05-a495-e38a687cc965 admin admin] Determining version of request: GET / Accept: application/json {{(pid=117833) process_request /opt/stack/glance/glance/api/middleware/version_negotiation.py:44}}
Jul 03 02:47:56 ubuntu devstack@g-api.service[117833]: DEBUG glance.api.middleware.version_negotiation [None req-3833635c-53d8-4b05-a495-e38a687cc965 admin admin] Using url versioning {{(pid=117833) process_request /opt/stack/glance/glance/api/middleware/version_negotiation.py:57}}
Jul 03 02:47:56 ubuntu devstack@g-api.service[117833]: DEBUG glance.api.middleware.version_negotiation [None req-3833635c-53d8-4b05-a495-e38a687cc965 admin admin] Unknown version. Returning version choices. {{(pid=117833) process_request /opt/stack/glance/glance/api/middleware/version_negotiation.py:64}}
Jul 03 02:47:56 ubuntu devstack@g-api.service[117833]: [pid: 117833|app: 0|req: 2/5] 127.0.0.1 () {34 vars in 502 bytes} [Wed Jul  3 02:47:56 2024] GET / => generated 1299 bytes in 5 msecs (HTTP/1.1 300) 3 headers in 106 bytes (1 switches on core 0)
Jul 03 02:47:56 ubuntu devstack@g-api.service[117832]: DEBUG glance.api.middleware.version_negotiation [None req-33671f25-1452-42eb-bab7-dd7dac7dc16f admin admin] Determining version of request: GET /v2/images Accept: application/json {{(pid=117832) process_request /opt/stack/glance/glance/api/middleware/version_negotiation.py:44}}
Jul 03 02:47:56 ubuntu devstack@g-api.service[117832]: DEBUG glance.api.middleware.version_negotiation [None req-33671f25-1452-42eb-bab7-dd7dac7dc16f admin admin] Using url versioning {{(pid=117832) process_request /opt/stack/glance/glance/api/middleware/version_negotiation.py:57}}
Jul 03 02:47:56 ubuntu devstack@g-api.service[117832]: DEBUG glance.api.middleware.version_negotiation [None req-33671f25-1452-42eb-bab7-dd7dac7dc16f admin admin] Matched version: v2 {{(pid=117832) process_request /opt/stack/glance/glance/api/middleware/version_negotiation.py:69}}
Jul 03 02:47:56 ubuntu devstack@g-api.service[117832]: DEBUG glance.api.middleware.version_negotiation [None req-33671f25-1452-42eb-bab7-dd7dac7dc16f admin admin] new path /v2/images {{(pid=117832) process_request /opt/stack/glance/glance/api/middleware/version_negotiation.py:70}}
Jul 03 02:47:57 ubuntu devstack@g-api.service[117832]: [pid: 117832|app: 0|req: 4/6] 127.0.0.1 () {36 vars in 724 bytes} [Wed Jul  3 02:47:56 2024] GET /v2/images => generated 1045 bytes in 395 msecs (HTTP/1.1 200) 4 headers in 158 bytes (1 switches on core 0)
Jul 03 02:48:02 ubuntu devstack@g-api.service[117833]: DEBUG glance.api.middleware.version_negotiation [None req-3833635c-53d8-4b05-a495-e38a687cc965 admin admin] Determining version of request: GET / Accept: application/json {{(pid=117833) process_request /opt/stack/glance/glance/api/middleware/version_negotiation.py:44}}
Jul 03 02:48:02 ubuntu devstack@g-api.service[117833]: DEBUG glance.api.middleware.version_negotiation [None req-3833635c-53d8-4b05-a495-e38a687cc965 admin admin] Using url versioning {{(pid=117833) process_request /opt/stack/glance/glance/api/middleware/version_negotiation.py:57}}
Jul 03 02:48:02 ubuntu devstack@g-api.service[117833]: DEBUG glance.api.middleware.version_negotiation [None req-3833635c-53d8-4b05-a495-e38a687cc965 admin admin] Unknown version. Returning version choices. {{(pid=117833) process_request /opt/stack/glance/glance/api/middleware/version_negotiation.py:64}}
Jul 03 02:48:02 ubuntu devstack@g-api.service[117833]: [pid: 117833|app: 0|req: 3/7] 127.0.0.1 () {34 vars in 502 bytes} [Wed Jul  3 02:48:02 2024] GET / => generated 1299 bytes in 2 msecs (HTTP/1.1 300) 3 headers in 106 bytes (1 switches on core 0)
Jul 03 02:48:02 ubuntu devstack@g-api.service[117832]: DEBUG glance.api.middleware.version_negotiation [None req-58d4e051-ebf9-498b-9008-31c88643810e admin admin] Determining version of request: GET /v2/images/c1c8eae2-d277-4cdf-8cbe-09cc3d0a4212 Accept: */* {{(pid=117832) process_request /opt/stack/glance/glance/api/middleware/version_negotiation.py:44}}
Jul 03 02:48:02 ubuntu devstack@g-api.service[117832]: DEBUG glance.api.middleware.version_negotiation [None req-58d4e051-ebf9-498b-9008-31c88643810e admin admin] Using url versioning {{(pid=117832) process_request /opt/stack/glance/glance/api/middleware/version_negotiation.py:57}}
Jul 03 02:48:02 ubuntu devstack@g-api.service[117832]: DEBUG glance.api.middleware.version_negotiation [None req-58d4e051-ebf9-498b-9008-31c88643810e admin admin] Matched version: v2 {{(pid=117832) process_request /opt/stack/glance/glance/api/middleware/version_negotiation.py:69}}
Jul 03 02:48:02 ubuntu devstack@g-api.service[117832]: DEBUG glance.api.middleware.version_negotiation [None req-58d4e051-ebf9-498b-9008-31c88643810e admin admin] new path /v2/images/c1c8eae2-d277-4cdf-8cbe-09cc3d0a4212 {{(pid=117832) process_request /opt/stack/glance/glance/api/middleware/version_negotiation.py:70}}
Jul 03 02:48:02 ubuntu devstack@g-api.service[117832]: [pid: 117832|app: 0|req: 5/8] 127.0.0.1 () {36 vars in 785 bytes} [Wed Jul  3 02:48:02 2024] GET /v2/images/c1c8eae2-d277-4cdf-8cbe-09cc3d0a4212 => generated 976 bytes in 239 msecs (HTTP/1.1 200) 4 headers in 157 bytes (1 switches on core 0)
Jul 03 02:48:05 ubuntu devstack@g-api.service[117833]: DEBUG glance.api.middleware.version_negotiation [None req-3833635c-53d8-4b05-a495-e38a687cc965 admin admin] Determining version of request: GET / Accept: application/json {{(pid=117833) process_request /opt/stack/glance/glance/api/middleware/version_negotiation.py:44}}
Jul 03 02:48:05 ubuntu devstack@g-api.service[117833]: DEBUG glance.api.middleware.version_negotiation [None req-3833635c-53d8-4b05-a495-e38a687cc965 admin admin] Using url versioning {{(pid=117833) process_request /opt/stack/glance/glance/api/middleware/version_negotiation.py:57}}
Jul 03 02:48:05 ubuntu devstack@g-api.service[117833]: DEBUG glance.api.middleware.version_negotiation [None req-3833635c-53d8-4b05-a495-e38a687cc965 admin admin] Unknown version. Returning version choices. {{(pid=117833) process_request /opt/stack/glance/glance/api/middleware/version_negotiation.py:64}}
Jul 03 02:48:05 ubuntu devstack@g-api.service[117833]: [pid: 117833|app: 0|req: 4/9] 127.0.0.1 () {34 vars in 502 bytes} [Wed Jul  3 02:48:05 2024] GET / => generated 1299 bytes in 4 msecs (HTTP/1.1 300) 3 headers in 106 bytes (1 switches on core 0)
Jul 03 02:48:05 ubuntu devstack@g-api.service[117832]: DEBUG glance.api.middleware.version_negotiation [None req-27552dfc-5b32-4e11-ab9d-4da83b3411c4 admin admin] Determining version of request: GET /v2/images/c1c8eae2-d277-4cdf-8cbe-09cc3d0a4212 Accept: */* {{(pid=117832) process_request /opt/stack/glance/glance/api/middleware/version_negotiation.py:44}}
Jul 03 02:48:05 ubuntu devstack@g-api.service[117832]: DEBUG glance.api.middleware.version_negotiation [None req-27552dfc-5b32-4e11-ab9d-4da83b3411c4 admin admin] Using url versioning {{(pid=117832) process_request /opt/stack/glance/glance/api/middleware/version_negotiation.py:57}}
Jul 03 02:48:05 ubuntu devstack@g-api.service[117832]: DEBUG glance.api.middleware.version_negotiation [None req-27552dfc-5b32-4e11-ab9d-4da83b3411c4 admin admin] Matched version: v2 {{(pid=117832) process_request /opt/stack/glance/glance/api/middleware/version_negotiation.py:69}}
Jul 03 02:48:05 ubuntu devstack@g-api.service[117832]: DEBUG glance.api.middleware.version_negotiation [None req-27552dfc-5b32-4e11-ab9d-4da83b3411c4 admin admin] new path /v2/images/c1c8eae2-d277-4cdf-8cbe-09cc3d0a4212 {{(pid=117832) process_request /opt/stack/glance/glance/api/middleware/version_negotiation.py:70}}
Jul 03 02:48:05 ubuntu devstack@g-api.service[117832]: [pid: 117832|app: 0|req: 6/10] 127.0.0.1 () {36 vars in 785 bytes} [Wed Jul  3 02:48:05 2024] GET /v2/images/c1c8eae2-d277-4cdf-8cbe-09cc3d0a4212 => generated 976 bytes in 246 msecs (HTTP/1.1 200) 4 headers in 157 bytes (1 switches on core 0)
Jul 03 02:48:15 ubuntu devstack@g-api.service[117832]: DEBUG dbcounter [-] [117832] Writing DB stats glance:SELECT=5 {{(pid=117832) stat_writer /opt/stack/data/venv/lib/python3.10/site-packages/dbcounter.py:115}}
Jul 03 02:48:59 ubuntu devstack@g-api.service[117833]: DEBUG glance.api.middleware.version_negotiation [None req-3833635c-53d8-4b05-a495-e38a687cc965 admin admin] Determining version of request: GET / Accept: application/json {{(pid=117833) process_request /opt/stack/glance/glance/api/middleware/version_negotiation.py:44}}
Jul 03 02:48:59 ubuntu devstack@g-api.service[117833]: DEBUG glance.api.middleware.version_negotiation [None req-3833635c-53d8-4b05-a495-e38a687cc965 admin admin] Using url versioning {{(pid=117833) process_request /opt/stack/glance/glance/api/middleware/version_negotiation.py:57}}
Jul 03 02:48:59 ubuntu devstack@g-api.service[117833]: DEBUG glance.api.middleware.version_negotiation [None req-3833635c-53d8-4b05-a495-e38a687cc965 admin admin] Unknown version. Returning version choices. {{(pid=117833) process_request /opt/stack/glance/glance/api/middleware/version_negotiation.py:64}}
Jul 03 02:48:59 ubuntu devstack@g-api.service[117833]: [pid: 117833|app: 0|req: 5/11] 127.0.0.1 () {36 vars in 474 bytes} [Wed Jul  3 02:48:59 2024] GET / => generated 1299 bytes in 3 msecs (HTTP/1.1 300) 3 headers in 106 bytes (1 switches on core 0)
Jul 03 02:51:06 ubuntu devstack@g-api.service[117832]: DEBUG glance.api.middleware.version_negotiation [None req-873a2f22-8f80-4e7e-8246-48f3d4011945 admin admin] Determining version of request: GET /versions Accept: */* {{(pid=117832) process_request /opt/stack/glance/glance/api/middleware/version_negotiation.py:44}}
Jul 03 02:51:06 ubuntu devstack@g-api.service[117832]: [pid: 117832|app: 0|req: 7/12] 127.0.0.1 () {38 vars in 691 bytes} [Wed Jul  3 02:51:06 2024] GET /versions => generated 1299 bytes in 6 msecs (HTTP/1.1 200) 3 headers in 92 bytes (1 switches on core 0)
Jul 03 02:51:06 ubuntu devstack@g-api.service[117833]: DEBUG glance.api.middleware.version_negotiation [None req-3833635c-53d8-4b05-a495-e38a687cc965 admin admin] Determining version of request: GET /v2/schemas/image Accept: */* {{(pid=117833) process_request /opt/stack/glance/glance/api/middleware/version_negotiation.py:44}}
Jul 03 02:51:06 ubuntu devstack@g-api.service[117833]: DEBUG glance.api.middleware.version_negotiation [None req-3833635c-53d8-4b05-a495-e38a687cc965 admin admin] Using url versioning {{(pid=117833) process_request /opt/stack/glance/glance/api/middleware/version_negotiation.py:57}}
Jul 03 02:51:06 ubuntu devstack@g-api.service[117833]: DEBUG glance.api.middleware.version_negotiation [None req-3833635c-53d8-4b05-a495-e38a687cc965 admin admin] Matched version: v2 {{(pid=117833) process_request /opt/stack/glance/glance/api/middleware/version_negotiation.py:69}}
Jul 03 02:51:06 ubuntu devstack@g-api.service[117833]: DEBUG glance.api.middleware.version_negotiation [None req-3833635c-53d8-4b05-a495-e38a687cc965 admin admin] new path /v2/schemas/image {{(pid=117833) process_request /opt/stack/glance/glance/api/middleware/version_negotiation.py:70}}
Jul 03 02:51:06 ubuntu devstack@g-api.service[117833]: [pid: 117833|app: 0|req: 6/13] 127.0.0.1 () {38 vars in 707 bytes} [Wed Jul  3 02:51:06 2024] GET /v2/schemas/image => generated 6083 bytes in 114 msecs (HTTP/1.1 200) 4 headers in 158 bytes (1 switches on core 0)
Jul 03 02:51:06 ubuntu devstack@g-api.service[117832]: DEBUG glance.api.middleware.version_negotiation [None req-873a2f22-8f80-4e7e-8246-48f3d4011945 admin admin] Determining version of request: GET /v2/schemas/metadefs/namespace Accept: */* {{(pid=117832) process_request /opt/stack/glance/glance/api/middleware/version_negotiation.py:44}}
Jul 03 02:51:06 ubuntu devstack@g-api.service[117832]: DEBUG glance.api.middleware.version_negotiation [None req-873a2f22-8f80-4e7e-8246-48f3d4011945 admin admin] Using url versioning {{(pid=117832) process_request /opt/stack/glance/glance/api/middleware/version_negotiation.py:57}}
Jul 03 02:51:06 ubuntu devstack@g-api.service[117832]: DEBUG glance.api.middleware.version_negotiation [None req-873a2f22-8f80-4e7e-8246-48f3d4011945 admin admin] Matched version: v2 {{(pid=117832) process_request /opt/stack/glance/glance/api/middleware/version_negotiation.py:69}}
Jul 03 02:51:06 ubuntu devstack@g-api.service[117832]: DEBUG glance.api.middleware.version_negotiation [None req-873a2f22-8f80-4e7e-8246-48f3d4011945 admin admin] new path /v2/schemas/metadefs/namespace {{(pid=117832) process_request /opt/stack/glance/glance/api/middleware/version_negotiation.py:70}}
