Apr 22 14:33:15 ubuntu devstack@keystone.service[80897]: DEBUG keystone.server.flask.common [-] Adding resource routes to API system: ['/system/groups/<string:group_id>/roles/<string:role_id>' {}] {{(pid=80897) _add_mapped_resources /opt/stack/keystone/keystone/server/flask/common.py:483}}
Apr 22 14:33:15 ubuntu devstack@keystone.service[80896]: DEBUG keystone.server.flask.request_processing.req_logging [None req-dca88e6e-dfa1-46eb-b45f-4dbfc1e127e0 None None] REQUEST_METHOD: `GET` {{(pid=80896) log_request_info /opt/stack/keystone/keystone/server/flask/request_processing/req_logging.py:26}}
Apr 22 14:33:15 ubuntu devstack@keystone.service[80896]: DEBUG keystone.server.flask.request_processing.req_logging [None req-dca88e6e-dfa1-46eb-b45f-4dbfc1e127e0 None None] SCRIPT_NAME: `/identity` {{(pid=80896) log_request_info /opt/stack/keystone/keystone/server/flask/request_processing/req_logging.py:27}}
Apr 22 14:33:15 ubuntu devstack@keystone.service[80896]: DEBUG keystone.server.flask.request_processing.req_logging [None req-dca88e6e-dfa1-46eb-b45f-4dbfc1e127e0 None None] PATH_INFO: `/v3` {{(pid=80896) log_request_info /opt/stack/keystone/keystone/server/flask/request_processing/req_logging.py:28}}
Apr 22 14:33:15 ubuntu devstack@keystone.service[80897]: DEBUG keystone.server.flask.common [-] Adding resource routes to API trusts: ['/trusts' {}] {{(pid=80897) _add_mapped_resources /opt/stack/keystone/keystone/server/flask/common.py:483}}
Apr 22 14:33:15 ubuntu devstack@keystone.service[80896]: [pid: 80896|app: 0|req: 1/1] 10.201.5.82 () {50 vars in 783 bytes} [Tue Apr 22 14:33:15 2025] GET /identity/v3/ => generated 255 bytes in 3 msecs (HTTP/1.1 200) 5 headers in 177 bytes (1 switches on core 0)
Apr 22 14:33:15 ubuntu devstack@keystone.service[80897]: DEBUG keystone.server.flask.common [-] Adding resource routes to API trusts: ['/trusts/<string:trust_id>' {}] {{(pid=80897) _add_mapped_resources /opt/stack/keystone/keystone/server/flask/common.py:483}}
Apr 22 14:33:15 ubuntu devstack@keystone.service[80897]: DEBUG keystone.server.flask.common [-] Adding resource routes to API trusts: ['/trusts/<string:trust_id>/roles' {}] {{(pid=80897) _add_mapped_resources /opt/stack/keystone/keystone/server/flask/common.py:483}}
Apr 22 14:33:15 ubuntu devstack@keystone.service[80897]: DEBUG keystone.server.flask.common [-] Adding resource routes to API trusts: ['/trusts/<string:trust_id>/roles/<string:role_id>' {}] {{(pid=80897) _add_mapped_resources /opt/stack/keystone/keystone/server/flask/common.py:483}}
Apr 22 14:33:15 ubuntu devstack@keystone.service[80897]: DEBUG keystone.server.flask.common [-] Adding resource routes to API users: ['/users' {}] {{(pid=80897) _add_mapped_resources /opt/stack/keystone/keystone/server/flask/common.py:483}}
Apr 22 14:33:15 ubuntu devstack@keystone.service[80897]: DEBUG keystone.server.flask.common [-] Adding resource routes to API users: ['/users/<string:user_id>' {}] {{(pid=80897) _add_mapped_resources /opt/stack/keystone/keystone/server/flask/common.py:483}}
Apr 22 14:33:15 ubuntu devstack@keystone.service[80897]: DEBUG keystone.server.flask.common [-] Adding resource routes to API users: ['/users/<string:user_id>/password' {}] {{(pid=80897) _add_mapped_resources /opt/stack/keystone/keystone/server/flask/common.py:483}}
Apr 22 14:33:15 ubuntu devstack@keystone.service[80897]: DEBUG keystone.server.flask.common [-] Adding resource routes to API users: ['/users/<string:user_id>/groups' {}] {{(pid=80897) _add_mapped_resources /opt/stack/keystone/keystone/server/flask/common.py:483}}
Apr 22 14:33:15 ubuntu devstack@keystone.service[80897]: DEBUG keystone.server.flask.common [-] Adding resource routes to API users: ['/users/<string:user_id>/projects' {}] {{(pid=80897) _add_mapped_resources /opt/stack/keystone/keystone/server/flask/common.py:483}}
Apr 22 14:33:15 ubuntu devstack@keystone.service[80897]: DEBUG keystone.server.flask.common [-] Adding resource routes to API users: ['/users/<string:user_id>/credentials/OS-EC2' {}] {{(pid=80897) _add_mapped_resources /opt/stack/keystone/keystone/server/flask/common.py:483}}
Apr 22 14:33:15 ubuntu devstack@keystone.service[80897]: DEBUG keystone.server.flask.common [-] Adding resource routes to API users: ['/users/<string:user_id>/credentials/OS-EC2/<string:credential_id>' {}] {{(pid=80897) _add_mapped_resources /opt/stack/keystone/keystone/server/flask/common.py:483}}
Apr 22 14:33:15 ubuntu devstack@keystone.service[80897]: DEBUG keystone.server.flask.common [-] Adding resource routes to API users: ['/users/<string:user_id>/OS-OAUTH1/access_tokens' {}] {{(pid=80897) _add_mapped_resources /opt/stack/keystone/keystone/server/flask/common.py:483}}
Apr 22 14:33:15 ubuntu devstack@keystone.service[80897]: DEBUG keystone.server.flask.common [-] Adding resource routes to API users: ['/users/<string:user_id>/OS-OAUTH1/access_tokens/<string:access_token_id>' {}] {{(pid=80897) _add_mapped_resources /opt/stack/keystone/keystone/server/flask/common.py:483}}
Apr 22 14:33:15 ubuntu devstack@keystone.service[80897]: DEBUG keystone.server.flask.common [-] Adding resource routes to API users: ['/users/<string:user_id>/OS-OAUTH1/access_tokens/<string:access_token_id>/roles' {}] {{(pid=80897) _add_mapped_resources /opt/stack/keystone/keystone/server/flask/common.py:483}}
Apr 22 14:33:15 ubuntu devstack@keystone.service[80897]: DEBUG keystone.server.flask.common [-] Adding resource routes to API users: ['/users/<string:user_id>/OS-OAUTH1/access_tokens/<string:access_token_id>/roles/<string:role_id>' {}] {{(pid=80897) _add_mapped_resources /opt/stack/keystone/keystone/server/flask/common.py:483}}
Apr 22 14:33:15 ubuntu devstack@keystone.service[80897]: DEBUG keystone.server.flask.common [-] Adding resource routes to API users: ['/users/<string:user_id>/application_credentials' {}] {{(pid=80897) _add_mapped_resources /opt/stack/keystone/keystone/server/flask/common.py:483}}
Apr 22 14:33:15 ubuntu devstack@keystone.service[80897]: DEBUG keystone.server.flask.common [-] Adding resource routes to API users: ['/users/<string:user_id>/application_credentials/<string:application_credential_id>' {}] {{(pid=80897) _add_mapped_resources /opt/stack/keystone/keystone/server/flask/common.py:483}}
Apr 22 14:33:15 ubuntu devstack@keystone.service[80897]: DEBUG keystone.server.flask.common [-] Adding resource routes to API users: ['/users/<string:user_id>/access_rules' {}] {{(pid=80897) _add_mapped_resources /opt/stack/keystone/keystone/server/flask/common.py:483}}
Apr 22 14:33:15 ubuntu devstack@keystone.service[80897]: DEBUG keystone.server.flask.common [-] Adding resource routes to API users: ['/users/<string:user_id>/access_rules/<string:access_rule_id>' {}] {{(pid=80897) _add_mapped_resources /opt/stack/keystone/keystone/server/flask/common.py:483}}
Apr 22 14:33:15 ubuntu devstack@keystone.service[80897]: WSGI app 0 (mountpoint='') ready in 2 seconds on interpreter 0x55a48f7d4d40 pid: 80897 (default app)
Apr 22 14:33:20 ubuntu devstack@keystone.service[80896]: DEBUG keystone.server.flask.request_processing.req_logging [None req-1b04c379-2a8e-49ed-8ec6-75135c57ec43 None None] REQUEST_METHOD: `GET` {{(pid=80896) log_request_info /opt/stack/keystone/keystone/server/flask/request_processing/req_logging.py:26}}
Apr 22 14:33:20 ubuntu devstack@keystone.service[80896]: DEBUG keystone.server.flask.request_processing.req_logging [None req-1b04c379-2a8e-49ed-8ec6-75135c57ec43 None None] SCRIPT_NAME: `/identity` {{(pid=80896) log_request_info /opt/stack/keystone/keystone/server/flask/request_processing/req_logging.py:27}}
Apr 22 14:33:20 ubuntu devstack@keystone.service[80896]: DEBUG keystone.server.flask.request_processing.req_logging [None req-1b04c379-2a8e-49ed-8ec6-75135c57ec43 None None] PATH_INFO: `/` {{(pid=80896) log_request_info /opt/stack/keystone/keystone/server/flask/request_processing/req_logging.py:28}}
Apr 22 14:33:20 ubuntu devstack@keystone.service[80896]: [pid: 80896|app: 0|req: 2/2] 10.201.5.82 () {54 vars in 919 bytes} [Tue Apr 22 14:33:20 2025] GET /identity => generated 270 bytes in 4 msecs (HTTP/1.1 300) 6 headers in 234 bytes (1 switches on core 0)
Apr 22 14:33:20 ubuntu devstack@keystone.service[80897]: DEBUG keystone.server.flask.request_processing.req_logging [None req-4812dd03-d60f-451e-8ea4-e76bafc62226 None None] REQUEST_METHOD: `POST` {{(pid=80897) log_request_info /opt/stack/keystone/keystone/server/flask/request_processing/req_logging.py:26}}
Apr 22 14:33:20 ubuntu devstack@keystone.service[80897]: DEBUG keystone.server.flask.request_processing.req_logging [None req-4812dd03-d60f-451e-8ea4-e76bafc62226 None None] SCRIPT_NAME: `/identity` {{(pid=80897) log_request_info /opt/stack/keystone/keystone/server/flask/request_processing/req_logging.py:27}}
Apr 22 14:33:20 ubuntu devstack@keystone.service[80897]: DEBUG keystone.server.flask.request_processing.req_logging [None req-4812dd03-d60f-451e-8ea4-e76bafc62226 None None] PATH_INFO: `/v3/auth/tokens` {{(pid=80897) log_request_info /opt/stack/keystone/keystone/server/flask/request_processing/req_logging.py:28}}
Apr 22 14:33:20 ubuntu devstack@keystone.service[80897]: INFO dbcounter [None req-4812dd03-d60f-451e-8ea4-e76bafc62226 None None] Registered counter for database keystone
Apr 22 14:33:20 ubuntu devstack@keystone.service[80897]: DEBUG oslo_db.sqlalchemy.engines [None req-4812dd03-d60f-451e-8ea4-e76bafc62226 None None] MySQL server mode set to STRICT_TRANS_TABLES,STRICT_ALL_TABLES,NO_ZERO_IN_DATE,NO_ZERO_DATE,ERROR_FOR_DIVISION_BY_ZERO,TRADITIONAL,NO_ENGINE_SUBSTITUTION {{(pid=80897) _check_effective_sql_mode /opt/stack/data/venv/lib/python3.10/site-packages/oslo_db/sqlalchemy/engines.py:397}}
Apr 22 14:33:20 ubuntu devstack@keystone.service[80897]: DEBUG dbcounter [-] [80897] Writer thread running {{(pid=80897) stat_writer /opt/stack/data/venv/lib/python3.10/site-packages/dbcounter.py:102}}
Apr 22 14:33:20 ubuntu devstack@keystone.service[80897]: WARNING keystone.common.password_hashing [None req-4812dd03-d60f-451e-8ea4-e76bafc62226 None None] Truncating password to algorithm specific maximum length 72 characters.
Apr 22 14:33:20 ubuntu devstack@keystone.service[80897]: DEBUG keystone.auth.core [None req-4812dd03-d60f-451e-8ea4-e76bafc62226 None None] MFA Rules not processed for user `66ca1f9dd6884d1f94fb2bd3fbc77a01`. Rule list: `[]` (Enabled: `True`). {{(pid=80897) check_auth_methods_against_rules /opt/stack/keystone/keystone/auth/core.py:476}}
Apr 22 14:33:20 ubuntu devstack@keystone.service[80897]: DEBUG keystone.common.fernet_utils [None req-4812dd03-d60f-451e-8ea4-e76bafc62226 None None] Loaded 2 Fernet keys from /etc/keystone/fernet-keys/, but `[fernet_tokens] max_active_keys = 3`; perhaps there have not been enough key rotations to reach `max_active_keys` yet? {{(pid=80897) load_keys /opt/stack/keystone/keystone/common/fernet_utils.py:297}}
Apr 22 14:33:20 ubuntu devstack@keystone.service[80897]: [pid: 80897|app: 0|req: 1/3] 10.201.5.82 () {58 vars in 1016 bytes} [Tue Apr 22 14:33:20 2025] POST /identity/v3/auth/tokens => generated 977 bytes in 257 msecs (HTTP/1.1 201) 6 headers in 384 bytes (2 switches on core 0)
Apr 22 14:33:21 ubuntu devstack@keystone.service[80896]: DEBUG keystone.server.flask.request_processing.middleware.auth_context [None req-1b04c379-2a8e-49ed-8ec6-75135c57ec43 None None] Authenticating user token {{(pid=80896) process_request /opt/stack/data/venv/lib/python3.10/site-packages/keystonemiddleware/auth_token/__init__.py:406}}
Apr 22 14:33:21 ubuntu devstack@keystone.service[80896]: INFO dbcounter [None req-1b04c379-2a8e-49ed-8ec6-75135c57ec43 None None] Registered counter for database keystone
Apr 22 14:33:21 ubuntu devstack@keystone.service[80896]: DEBUG oslo_db.sqlalchemy.engines [None req-1b04c379-2a8e-49ed-8ec6-75135c57ec43 None None] MySQL server mode set to STRICT_TRANS_TABLES,STRICT_ALL_TABLES,NO_ZERO_IN_DATE,NO_ZERO_DATE,ERROR_FOR_DIVISION_BY_ZERO,TRADITIONAL,NO_ENGINE_SUBSTITUTION {{(pid=80896) _check_effective_sql_mode /opt/stack/data/venv/lib/python3.10/site-packages/oslo_db/sqlalchemy/engines.py:397}}
Apr 22 14:33:21 ubuntu devstack@keystone.service[80896]: DEBUG dbcounter [-] [80896] Writer thread running {{(pid=80896) stat_writer /opt/stack/data/venv/lib/python3.10/site-packages/dbcounter.py:102}}
Apr 22 14:33:21 ubuntu devstack@keystone.service[80896]: DEBUG keystone.server.flask.request_processing.middleware.auth_context [None req-1b04c379-2a8e-49ed-8ec6-75135c57ec43 None None] Validating token access rules against request {{(pid=80896) validate_allowed_request /opt/stack/data/venv/lib/python3.10/site-packages/keystonemiddleware/auth_token/__init__.py:544}}
Apr 22 14:33:21 ubuntu devstack@keystone.service[80896]: DEBUG keystone.server.flask.request_processing.middleware.auth_context [None req-57202802-f944-4e7b-b0c3-a4a2da972b09 admin admin] RBAC: auth_context: {'token': <TokenModel (audit_id=-wGcPcWaTA-RUsSblXzoLg, audit_chain_id=['-wGcPcWaTA-RUsSblXzoLg']) at 0x7f2548101240>, 'domain_id': None, 'trust_id': None, 'trustor_id': None, 'trustee_id': None, 'domain_name': None, 'group_ids': [], 'user_id': '66ca1f9dd6884d1f94fb2bd3fbc77a01', 'user_domain_id': 'default', 'system_scope': None, 'project_id': '92f3d3fb0ef74ec194139fb0e7bc270f', 'project_domain_id': 'default', 'roles': ['reader', 'manager', 'member', 'admin'], 'is_admin_project': True, 'service_user_id': None, 'service_user_domain_id': None, 'service_project_id': None, 'service_project_domain_id': None, 'service_roles': []} {{(pid=80896) fill_context /opt/stack/keystone/keystone/server/flask/request_processing/middleware/auth_context.py:506}}
Apr 22 14:33:21 ubuntu devstack@keystone.service[80896]: DEBUG keystone.server.flask.request_processing.req_logging [None req-57202802-f944-4e7b-b0c3-a4a2da972b09 admin admin] REQUEST_METHOD: `GET` {{(pid=80896) log_request_info /opt/stack/keystone/keystone/server/flask/request_processing/req_logging.py:26}}
Apr 22 14:33:21 ubuntu devstack@keystone.service[80896]: DEBUG keystone.server.flask.request_processing.req_logging [None req-57202802-f944-4e7b-b0c3-a4a2da972b09 admin admin] SCRIPT_NAME: `/identity` {{(pid=80896) log_request_info /opt/stack/keystone/keystone/server/flask/request_processing/req_logging.py:27}}
Apr 22 14:33:21 ubuntu devstack@keystone.service[80896]: DEBUG keystone.server.flask.request_processing.req_logging [None req-57202802-f944-4e7b-b0c3-a4a2da972b09 admin admin] PATH_INFO: `/v3/auth/tokens` {{(pid=80896) log_request_info /opt/stack/keystone/keystone/server/flask/request_processing/req_logging.py:28}}
Apr 22 14:33:21 ubuntu devstack@keystone.service[80896]: DEBUG keystone.common.rbac_enforcer.enforcer [None req-57202802-f944-4e7b-b0c3-a4a2da972b09 admin admin] RBAC: Authorizing `identity:validate_token()` {{(pid=80896) enforce_call /opt/stack/keystone/keystone/common/rbac_enforcer/enforcer.py:495}}
Apr 22 14:33:21 ubuntu devstack@keystone.service[80896]: WARNING keystone.common.rbac_enforcer.enforcer [None req-57202802-f944-4e7b-b0c3-a4a2da972b09 admin admin] Deprecated policy rules found. Use oslopolicy-policy-generator and oslopolicy-policy-upgrade to detect and resolve deprecated policies in your configuration.
Apr 22 14:33:21 ubuntu devstack@keystone.service[80896]: DEBUG keystone.common.rbac_enforcer.enforcer [None req-57202802-f944-4e7b-b0c3-a4a2da972b09 admin admin] RBAC: Authorization granted {{(pid=80896) enforce_call /opt/stack/keystone/keystone/common/rbac_enforcer/enforcer.py:506}}
Apr 22 14:33:21 ubuntu devstack@keystone.service[80896]: [pid: 80896|app: 0|req: 3/4] 10.201.5.82 () {58 vars in 1316 bytes} [Tue Apr 22 14:33:21 2025] GET /identity/v3/auth/tokens => generated 977 bytes in 153 msecs (HTTP/1.1 200) 6 headers in 379 bytes (2 switches on core 0)
Apr 22 14:33:21 ubuntu devstack@keystone.service[80897]: DEBUG keystone.server.flask.request_processing.middleware.auth_context [None req-4812dd03-d60f-451e-8ea4-e76bafc62226 None None] Authenticating user token {{(pid=80897) process_request /opt/stack/data/venv/lib/python3.10/site-packages/keystonemiddleware/auth_token/__init__.py:406}}
Apr 22 14:33:21 ubuntu devstack@keystone.service[80897]: DEBUG keystone.server.flask.request_processing.middleware.auth_context [None req-4812dd03-d60f-451e-8ea4-e76bafc62226 None None] Validating token access rules against request {{(pid=80897) validate_allowed_request /opt/stack/data/venv/lib/python3.10/site-packages/keystonemiddleware/auth_token/__init__.py:544}}
Apr 22 14:33:21 ubuntu devstack@keystone.service[80897]: DEBUG keystone.server.flask.request_processing.middleware.auth_context [None req-bb46343e-ebb0-4acf-81fd-b9fa8dc10332 admin admin] RBAC: auth_context: {'token': <TokenModel (audit_id=-wGcPcWaTA-RUsSblXzoLg, audit_chain_id=['-wGcPcWaTA-RUsSblXzoLg']) at 0x7f25480ee6e0>, 'domain_id': None, 'trust_id': None, 'trustor_id': None, 'trustee_id': None, 'domain_name': None, 'group_ids': [], 'user_id': '66ca1f9dd6884d1f94fb2bd3fbc77a01', 'user_domain_id': 'default', 'system_scope': None, 'project_id': '92f3d3fb0ef74ec194139fb0e7bc270f', 'project_domain_id': 'default', 'roles': ['reader', 'manager', 'member', 'admin'], 'is_admin_project': True, 'service_user_id': None, 'service_user_domain_id': None, 'service_project_id': None, 'service_project_domain_id': None, 'service_roles': []} {{(pid=80897) fill_context /opt/stack/keystone/keystone/server/flask/request_processing/middleware/auth_context.py:506}}
Apr 22 14:33:21 ubuntu devstack@keystone.service[80897]: DEBUG keystone.server.flask.request_processing.req_logging [None req-bb46343e-ebb0-4acf-81fd-b9fa8dc10332 admin admin] REQUEST_METHOD: `GET` {{(pid=80897) log_request_info /opt/stack/keystone/keystone/server/flask/request_processing/req_logging.py:26}}
Apr 22 14:33:21 ubuntu devstack@keystone.service[80897]: DEBUG keystone.server.flask.request_processing.req_logging [None req-bb46343e-ebb0-4acf-81fd-b9fa8dc10332 admin admin] SCRIPT_NAME: `/identity` {{(pid=80897) log_request_info /opt/stack/keystone/keystone/server/flask/request_processing/req_logging.py:27}}
Apr 22 14:33:21 ubuntu devstack@keystone.service[80897]: DEBUG keystone.server.flask.request_processing.req_logging [None req-bb46343e-ebb0-4acf-81fd-b9fa8dc10332 admin admin] PATH_INFO: `/v3/projects/92f3d3fb0ef74ec194139fb0e7bc270f` {{(pid=80897) log_request_info /opt/stack/keystone/keystone/server/flask/request_processing/req_logging.py:28}}
Apr 22 14:33:21 ubuntu devstack@keystone.service[80897]: DEBUG keystone.common.rbac_enforcer.enforcer [None req-bb46343e-ebb0-4acf-81fd-b9fa8dc10332 admin admin] RBAC: Authorizing `identity:get_project(project_id=92f3d3fb0ef74ec194139fb0e7bc270f)` {{(pid=80897) enforce_call /opt/stack/keystone/keystone/common/rbac_enforcer/enforcer.py:495}}
Apr 22 14:33:21 ubuntu devstack@keystone.service[80897]: WARNING keystone.common.rbac_enforcer.enforcer [None req-bb46343e-ebb0-4acf-81fd-b9fa8dc10332 admin admin] Deprecated policy rules found. Use oslopolicy-policy-generator and oslopolicy-policy-upgrade to detect and resolve deprecated policies in your configuration.
Apr 22 14:33:21 ubuntu devstack@keystone.service[80897]: DEBUG keystone.common.rbac_enforcer.enforcer [None req-bb46343e-ebb0-4acf-81fd-b9fa8dc10332 admin admin] RBAC: Authorization granted {{(pid=80897) enforce_call /opt/stack/keystone/keystone/common/rbac_enforcer/enforcer.py:506}}
Apr 22 14:33:21 ubuntu devstack@keystone.service[80897]: [pid: 80897|app: 0|req: 2/5] 10.201.5.82 () {56 vars in 1199 bytes} [Tue Apr 22 14:33:21 2025] GET /identity/v3/projects/92f3d3fb0ef74ec194139fb0e7bc270f => generated 344 bytes in 38 msecs (HTTP/1.1 200) 5 headers in 177 bytes (1 switches on core 0)
Apr 22 14:33:22 ubuntu devstack@keystone.service[80896]: DEBUG keystone.server.flask.request_processing.req_logging [None req-2cfcedfd-e836-4c2f-ad1d-15bea01cb343 None None] REQUEST_METHOD: `GET` {{(pid=80896) log_request_info /opt/stack/keystone/keystone/server/flask/request_processing/req_logging.py:26}}
Apr 22 14:33:22 ubuntu devstack@keystone.service[80896]: DEBUG keystone.server.flask.request_processing.req_logging [None req-2cfcedfd-e836-4c2f-ad1d-15bea01cb343 None None] SCRIPT_NAME: `/identity` {{(pid=80896) log_request_info /opt/stack/keystone/keystone/server/flask/request_processing/req_logging.py:27}}
Apr 22 14:33:22 ubuntu devstack@keystone.service[80896]: DEBUG keystone.server.flask.request_processing.req_logging [None req-2cfcedfd-e836-4c2f-ad1d-15bea01cb343 None None] PATH_INFO: `/` {{(pid=80896) log_request_info /opt/stack/keystone/keystone/server/flask/request_processing/req_logging.py:28}}
Apr 22 14:33:22 ubuntu devstack@keystone.service[80896]: [pid: 80896|app: 0|req: 4/6] 10.201.5.82 () {54 vars in 919 bytes} [Tue Apr 22 14:33:22 2025] GET /identity => generated 270 bytes in 2 msecs (HTTP/1.1 300) 6 headers in 234 bytes (2 switches on core 0)
Apr 22 14:33:22 ubuntu devstack@keystone.service[80897]: DEBUG keystone.server.flask.request_processing.req_logging [None req-4f736108-43e4-4aac-aaca-0df758d760f1 None None] REQUEST_METHOD: `POST` {{(pid=80897) log_request_info /opt/stack/keystone/keystone/server/flask/request_processing/req_logging.py:26}}
Apr 22 14:33:22 ubuntu devstack@keystone.service[80897]: DEBUG keystone.server.flask.request_processing.req_logging [None req-4f736108-43e4-4aac-aaca-0df758d760f1 None None] SCRIPT_NAME: `/identity` {{(pid=80897) log_request_info /opt/stack/keystone/keystone/server/flask/request_processing/req_logging.py:27}}
Apr 22 14:33:22 ubuntu devstack@keystone.service[80897]: DEBUG keystone.server.flask.request_processing.req_logging [None req-4f736108-43e4-4aac-aaca-0df758d760f1 None None] PATH_INFO: `/v3/auth/tokens` {{(pid=80897) log_request_info /opt/stack/keystone/keystone/server/flask/request_processing/req_logging.py:28}}
Apr 22 14:33:22 ubuntu devstack@keystone.service[80897]: WARNING keystone.common.password_hashing [None req-4f736108-43e4-4aac-aaca-0df758d760f1 None None] Truncating password to algorithm specific maximum length 72 characters.
Apr 22 14:33:22 ubuntu devstack@keystone.service[80897]: DEBUG keystone.auth.core [None req-4f736108-43e4-4aac-aaca-0df758d760f1 None None] MFA Rules not processed for user `66ca1f9dd6884d1f94fb2bd3fbc77a01`. Rule list: `[]` (Enabled: `True`). {{(pid=80897) check_auth_methods_against_rules /opt/stack/keystone/keystone/auth/core.py:476}}
Apr 22 14:33:22 ubuntu devstack@keystone.service[80897]: DEBUG keystone.common.fernet_utils [None req-4f736108-43e4-4aac-aaca-0df758d760f1 None None] Loaded 2 Fernet keys from /etc/keystone/fernet-keys/, but `[fernet_tokens] max_active_keys = 3`; perhaps there have not been enough key rotations to reach `max_active_keys` yet? {{(pid=80897) load_keys /opt/stack/keystone/keystone/common/fernet_utils.py:297}}
Apr 22 14:33:22 ubuntu devstack@keystone.service[80897]: [pid: 80897|app: 0|req: 3/7] 10.201.5.82 () {58 vars in 1016 bytes} [Tue Apr 22 14:33:22 2025] POST /identity/v3/auth/tokens => generated 977 bytes in 34 msecs (HTTP/1.1 201) 6 headers in 384 bytes (1 switches on core 0)
Apr 22 14:33:22 ubuntu devstack@keystone.service[80896]: DEBUG keystone.server.flask.request_processing.middleware.auth_context [None req-2cfcedfd-e836-4c2f-ad1d-15bea01cb343 None None] Authenticating user token {{(pid=80896) process_request /opt/stack/data/venv/lib/python3.10/site-packages/keystonemiddleware/auth_token/__init__.py:406}}
Apr 22 14:33:22 ubuntu devstack@keystone.service[80896]: DEBUG keystone.server.flask.request_processing.middleware.auth_context [None req-2cfcedfd-e836-4c2f-ad1d-15bea01cb343 None None] Validating token access rules against request {{(pid=80896) validate_allowed_request /opt/stack/data/venv/lib/python3.10/site-packages/keystonemiddleware/auth_token/__init__.py:544}}
Apr 22 14:33:22 ubuntu devstack@keystone.service[80896]: DEBUG keystone.server.flask.request_processing.middleware.auth_context [None req-c8f5f01d-903c-4631-bef6-c314b0b1ce2d admin admin] RBAC: auth_context: {'token': <TokenModel (audit_id=vp7nl2F2T3O9V7iLb_7Rlg, audit_chain_id=['vp7nl2F2T3O9V7iLb_7Rlg']) at 0x7f25474ae860>, 'domain_id': None, 'trust_id': None, 'trustor_id': None, 'trustee_id': None, 'domain_name': None, 'group_ids': [], 'user_id': '66ca1f9dd6884d1f94fb2bd3fbc77a01', 'user_domain_id': 'default', 'system_scope': None, 'project_id': '92f3d3fb0ef74ec194139fb0e7bc270f', 'project_domain_id': 'default', 'roles': ['reader', 'manager', 'member', 'admin'], 'is_admin_project': True, 'service_user_id': None, 'service_user_domain_id': None, 'service_project_id': None, 'service_project_domain_id': None, 'service_roles': []} {{(pid=80896) fill_context /opt/stack/keystone/keystone/server/flask/request_processing/middleware/auth_context.py:506}}
Apr 22 14:33:22 ubuntu devstack@keystone.service[80896]: DEBUG keystone.server.flask.request_processing.req_logging [None req-c8f5f01d-903c-4631-bef6-c314b0b1ce2d admin admin] REQUEST_METHOD: `GET` {{(pid=80896) log_request_info /opt/stack/keystone/keystone/server/flask/request_processing/req_logging.py:26}}
Apr 22 14:33:22 ubuntu devstack@keystone.service[80896]: DEBUG keystone.server.flask.request_processing.req_logging [None req-c8f5f01d-903c-4631-bef6-c314b0b1ce2d admin admin] SCRIPT_NAME: `/identity` {{(pid=80896) log_request_info /opt/stack/keystone/keystone/server/flask/request_processing/req_logging.py:27}}
Apr 22 14:33:22 ubuntu devstack@keystone.service[80896]: DEBUG keystone.server.flask.request_processing.req_logging [None req-c8f5f01d-903c-4631-bef6-c314b0b1ce2d admin admin] PATH_INFO: `/v3/users/admin` {{(pid=80896) log_request_info /opt/stack/keystone/keystone/server/flask/request_processing/req_logging.py:28}}
Apr 22 14:33:22 ubuntu devstack@keystone.service[80896]: DEBUG keystone.common.rbac_enforcer.enforcer [None req-c8f5f01d-903c-4631-bef6-c314b0b1ce2d admin admin] RBAC: Authorizing `identity:get_user(user_id=admin)` {{(pid=80896) enforce_call /opt/stack/keystone/keystone/common/rbac_enforcer/enforcer.py:495}}
Apr 22 14:33:22 ubuntu devstack@keystone.service[80896]: DEBUG keystone.common.rbac_enforcer.enforcer [None req-c8f5f01d-903c-4631-bef6-c314b0b1ce2d admin admin] RBAC: Authorization granted {{(pid=80896) enforce_call /opt/stack/keystone/keystone/common/rbac_enforcer/enforcer.py:506}}
Apr 22 14:33:22 ubuntu devstack@keystone.service[80896]: DEBUG keystone.server.flask.application [None req-c8f5f01d-903c-4631-bef6-c314b0b1ce2d admin admin] Could not find user: admin. {{(pid=80896) _handle_keystone_exception /opt/stack/keystone/keystone/server/flask/application.py:146}}
Apr 22 14:33:22 ubuntu devstack@keystone.service[80896]: [pid: 80896|app: 0|req: 5/8] 10.201.5.82 () {56 vars in 1153 bytes} [Tue Apr 22 14:33:22 2025] GET /identity/v3/users/admin => generated 83 bytes in 34 msecs (HTTP/1.1 404) 5 headers in 183 bytes (2 switches on core 0)
Apr 22 14:33:22 ubuntu devstack@keystone.service[80897]: DEBUG keystone.server.flask.request_processing.middleware.auth_context [None req-4f736108-43e4-4aac-aaca-0df758d760f1 None None] Authenticating user token {{(pid=80897) process_request /opt/stack/data/venv/lib/python3.10/site-packages/keystonemiddleware/auth_token/__init__.py:406}}
Apr 22 14:33:22 ubuntu devstack@keystone.service[80897]: DEBUG keystone.server.flask.request_processing.middleware.auth_context [None req-4f736108-43e4-4aac-aaca-0df758d760f1 None None] Validating token access rules against request {{(pid=80897) validate_allowed_request /opt/stack/data/venv/lib/python3.10/site-packages/keystonemiddleware/auth_token/__init__.py:544}}
Apr 22 14:33:22 ubuntu devstack@keystone.service[80897]: DEBUG keystone.server.flask.request_processing.middleware.auth_context [None req-25ffe0fc-2a12-4704-8037-688e835c1e54 admin admin] RBAC: auth_context: {'token': <TokenModel (audit_id=vp7nl2F2T3O9V7iLb_7Rlg, audit_chain_id=['vp7nl2F2T3O9V7iLb_7Rlg']) at 0x7f25480ed510>, 'domain_id': None, 'trust_id': None, 'trustor_id': None, 'trustee_id': None, 'domain_name': None, 'group_ids': [], 'user_id': '66ca1f9dd6884d1f94fb2bd3fbc77a01', 'user_domain_id': 'default', 'system_scope': None, 'project_id': '92f3d3fb0ef74ec194139fb0e7bc270f', 'project_domain_id': 'default', 'roles': ['reader', 'manager', 'member', 'admin'], 'is_admin_project': True, 'service_user_id': None, 'service_user_domain_id': None, 'service_project_id': None, 'service_project_domain_id': None, 'service_roles': []} {{(pid=80897) fill_context /opt/stack/keystone/keystone/server/flask/request_processing/middleware/auth_context.py:506}}
Apr 22 14:33:22 ubuntu devstack@keystone.service[80897]: DEBUG keystone.server.flask.request_processing.req_logging [None req-25ffe0fc-2a12-4704-8037-688e835c1e54 admin admin] REQUEST_METHOD: `GET` {{(pid=80897) log_request_info /opt/stack/keystone/keystone/server/flask/request_processing/req_logging.py:26}}
Apr 22 14:33:22 ubuntu devstack@keystone.service[80897]: DEBUG keystone.server.flask.request_processing.req_logging [None req-25ffe0fc-2a12-4704-8037-688e835c1e54 admin admin] SCRIPT_NAME: `/identity` {{(pid=80897) log_request_info /opt/stack/keystone/keystone/server/flask/request_processing/req_logging.py:27}}
Apr 22 14:33:22 ubuntu devstack@keystone.service[80897]: DEBUG keystone.server.flask.request_processing.req_logging [None req-25ffe0fc-2a12-4704-8037-688e835c1e54 admin admin] PATH_INFO: `/v3/users` {{(pid=80897) log_request_info /opt/stack/keystone/keystone/server/flask/request_processing/req_logging.py:28}}
Apr 22 14:33:22 ubuntu devstack@keystone.service[80897]: DEBUG keystone.common.rbac_enforcer.enforcer [None req-25ffe0fc-2a12-4704-8037-688e835c1e54 admin admin] RBAC: Adding query filter params (name=admin) {{(pid=80897) _extract_filter_values /opt/stack/keystone/keystone/common/rbac_enforcer/enforcer.py:176}}
Apr 22 14:33:22 ubuntu devstack@keystone.service[80897]: DEBUG keystone.common.rbac_enforcer.enforcer [None req-25ffe0fc-2a12-4704-8037-688e835c1e54 admin admin] RBAC: Authorizing `identity:list_users()` {{(pid=80897) enforce_call /opt/stack/keystone/keystone/common/rbac_enforcer/enforcer.py:495}}
Apr 22 14:33:22 ubuntu devstack@keystone.service[80897]: DEBUG keystone.common.rbac_enforcer.enforcer [None req-25ffe0fc-2a12-4704-8037-688e835c1e54 admin admin] RBAC: Authorization granted {{(pid=80897) enforce_call /opt/stack/keystone/keystone/common/rbac_enforcer/enforcer.py:506}}
Apr 22 14:33:22 ubuntu devstack@keystone.service[80897]: [pid: 80897|app: 0|req: 4/9] 10.201.5.82 () {56 vars in 1169 bytes} [Tue Apr 22 14:33:22 2025] GET /identity/v3/users?name=admin => generated 352 bytes in 43 msecs (HTTP/1.1 200) 5 headers in 177 bytes (1 switches on core 0)
Apr 22 14:33:23 ubuntu devstack@keystone.service[80896]: DEBUG keystone.server.flask.request_processing.req_logging [None req-0b443789-dfb2-439c-bac5-5253fd90750b None None] REQUEST_METHOD: `GET` {{(pid=80896) log_request_info /opt/stack/keystone/keystone/server/flask/request_processing/req_logging.py:26}}
Apr 22 14:33:23 ubuntu devstack@keystone.service[80896]: DEBUG keystone.server.flask.request_processing.req_logging [None req-0b443789-dfb2-439c-bac5-5253fd90750b None None] SCRIPT_NAME: `/identity` {{(pid=80896) log_request_info /opt/stack/keystone/keystone/server/flask/request_processing/req_logging.py:27}}
Apr 22 14:33:23 ubuntu devstack@keystone.service[80896]: DEBUG keystone.server.flask.request_processing.req_logging [None req-0b443789-dfb2-439c-bac5-5253fd90750b None None] PATH_INFO: `/` {{(pid=80896) log_request_info /opt/stack/keystone/keystone/server/flask/request_processing/req_logging.py:28}}
Apr 22 14:33:23 ubuntu devstack@keystone.service[80896]: [pid: 80896|app: 0|req: 6/10] 10.201.5.82 () {54 vars in 919 bytes} [Tue Apr 22 14:33:23 2025] GET /identity => generated 270 bytes in 2 msecs (HTTP/1.1 300) 6 headers in 234 bytes (1 switches on core 0)
Apr 22 14:33:23 ubuntu devstack@keystone.service[80897]: DEBUG keystone.server.flask.request_processing.req_logging [None req-b1539ed3-db16-49a1-afcf-8299addc28b7 None None] REQUEST_METHOD: `POST` {{(pid=80897) log_request_info /opt/stack/keystone/keystone/server/flask/request_processing/req_logging.py:26}}
Apr 22 14:33:23 ubuntu devstack@keystone.service[80897]: DEBUG keystone.server.flask.request_processing.req_logging [None req-b1539ed3-db16-49a1-afcf-8299addc28b7 None None] SCRIPT_NAME: `/identity` {{(pid=80897) log_request_info /opt/stack/keystone/keystone/server/flask/request_processing/req_logging.py:27}}
Apr 22 14:33:23 ubuntu devstack@keystone.service[80897]: DEBUG keystone.server.flask.request_processing.req_logging [None req-b1539ed3-db16-49a1-afcf-8299addc28b7 None None] PATH_INFO: `/v3/auth/tokens` {{(pid=80897) log_request_info /opt/stack/keystone/keystone/server/flask/request_processing/req_logging.py:28}}
Apr 22 14:33:23 ubuntu devstack@keystone.service[80897]: WARNING keystone.common.password_hashing [None req-b1539ed3-db16-49a1-afcf-8299addc28b7 None None] Truncating password to algorithm specific maximum length 72 characters.
Apr 22 14:33:23 ubuntu devstack@keystone.service[80897]: DEBUG keystone.auth.core [None req-b1539ed3-db16-49a1-afcf-8299addc28b7 None None] MFA Rules not processed for user `66ca1f9dd6884d1f94fb2bd3fbc77a01`. Rule list: `[]` (Enabled: `True`). {{(pid=80897) check_auth_methods_against_rules /opt/stack/keystone/keystone/auth/core.py:476}}
Apr 22 14:33:23 ubuntu devstack@keystone.service[80897]: DEBUG keystone.common.fernet_utils [None req-b1539ed3-db16-49a1-afcf-8299addc28b7 None None] Loaded 2 Fernet keys from /etc/keystone/fernet-keys/, but `[fernet_tokens] max_active_keys = 3`; perhaps there have not been enough key rotations to reach `max_active_keys` yet? {{(pid=80897) load_keys /opt/stack/keystone/keystone/common/fernet_utils.py:297}}
Apr 22 14:33:23 ubuntu devstack@keystone.service[80897]: [pid: 80897|app: 0|req: 5/11] 10.201.5.82 () {58 vars in 1016 bytes} [Tue Apr 22 14:33:23 2025] POST /identity/v3/auth/tokens => generated 862 bytes in 73 msecs (HTTP/1.1 201) 6 headers in 363 bytes (1 switches on core 0)
Apr 22 14:33:23 ubuntu devstack@keystone.service[80896]: DEBUG keystone.server.flask.request_processing.req_logging [None req-133d5ae1-3d56-4b72-a74c-c31723b92c0d None None] REQUEST_METHOD: `GET` {{(pid=80896) log_request_info /opt/stack/keystone/keystone/server/flask/request_processing/req_logging.py:26}}
Apr 22 14:33:23 ubuntu devstack@keystone.service[80896]: DEBUG keystone.server.flask.request_processing.req_logging [None req-133d5ae1-3d56-4b72-a74c-c31723b92c0d None None] SCRIPT_NAME: `/identity` {{(pid=80896) log_request_info /opt/stack/keystone/keystone/server/flask/request_processing/req_logging.py:27}}
Apr 22 14:33:23 ubuntu devstack@keystone.service[80896]: DEBUG keystone.server.flask.request_processing.req_logging [None req-133d5ae1-3d56-4b72-a74c-c31723b92c0d None None] PATH_INFO: `/` {{(pid=80896) log_request_info /opt/stack/keystone/keystone/server/flask/request_processing/req_logging.py:28}}
Apr 22 14:33:23 ubuntu devstack@keystone.service[80896]: [pid: 80896|app: 0|req: 7/12] 10.201.5.82 () {54 vars in 919 bytes} [Tue Apr 22 14:33:23 2025] GET /identity => generated 270 bytes in 2 msecs (HTTP/1.1 300) 6 headers in 234 bytes (1 switches on core 0)
Apr 22 14:33:23 ubuntu devstack@keystone.service[80897]: DEBUG keystone.server.flask.request_processing.req_logging [None req-03730570-fda4-4885-a374-e453f54449b6 None None] REQUEST_METHOD: `POST` {{(pid=80897) log_request_info /opt/stack/keystone/keystone/server/flask/request_processing/req_logging.py:26}}
Apr 22 14:33:23 ubuntu devstack@keystone.service[80897]: DEBUG keystone.server.flask.request_processing.req_logging [None req-03730570-fda4-4885-a374-e453f54449b6 None None] SCRIPT_NAME: `/identity` {{(pid=80897) log_request_info /opt/stack/keystone/keystone/server/flask/request_processing/req_logging.py:27}}
Apr 22 14:33:23 ubuntu devstack@keystone.service[80897]: DEBUG keystone.server.flask.request_processing.req_logging [None req-03730570-fda4-4885-a374-e453f54449b6 None None] PATH_INFO: `/v3/auth/tokens` {{(pid=80897) log_request_info /opt/stack/keystone/keystone/server/flask/request_processing/req_logging.py:28}}
Apr 22 14:33:23 ubuntu devstack@keystone.service[80897]: WARNING keystone.common.password_hashing [None req-03730570-fda4-4885-a374-e453f54449b6 None None] Truncating password to algorithm specific maximum length 72 characters.
Apr 22 14:33:23 ubuntu devstack@keystone.service[80897]: DEBUG keystone.auth.core [None req-03730570-fda4-4885-a374-e453f54449b6 None None] MFA Rules not processed for user `66ca1f9dd6884d1f94fb2bd3fbc77a01`. Rule list: `[]` (Enabled: `True`). {{(pid=80897) check_auth_methods_against_rules /opt/stack/keystone/keystone/auth/core.py:476}}
Apr 22 14:33:23 ubuntu devstack@keystone.service[80897]: DEBUG keystone.common.fernet_utils [None req-03730570-fda4-4885-a374-e453f54449b6 None None] Loaded 2 Fernet keys from /etc/keystone/fernet-keys/, but `[fernet_tokens] max_active_keys = 3`; perhaps there have not been enough key rotations to reach `max_active_keys` yet? {{(pid=80897) load_keys /opt/stack/keystone/keystone/common/fernet_utils.py:297}}
Apr 22 14:33:24 ubuntu devstack@keystone.service[80896]: DEBUG keystone.server.flask.request_processing.middleware.auth_context [None req-133d5ae1-3d56-4b72-a74c-c31723b92c0d None None] Authenticating user token {{(pid=80896) process_request /opt/stack/data/venv/lib/python3.10/site-packages/keystonemiddleware/auth_token/__init__.py:406}}
Apr 22 14:33:24 ubuntu devstack@keystone.service[80897]: [pid: 80897|app: 0|req: 6/13] 10.201.5.82 () {58 vars in 1016 bytes} [Tue Apr 22 14:33:23 2025] POST /identity/v3/auth/tokens => generated 862 bytes in 73 msecs (HTTP/1.1 201) 6 headers in 363 bytes (1 switches on core 0)
Apr 22 14:33:24 ubuntu devstack@keystone.service[80896]: DEBUG keystone.server.flask.request_processing.middleware.auth_context [None req-133d5ae1-3d56-4b72-a74c-c31723b92c0d None None] Validating token access rules against request {{(pid=80896) validate_allowed_request /opt/stack/data/venv/lib/python3.10/site-packages/keystonemiddleware/auth_token/__init__.py:544}}
Apr 22 14:33:24 ubuntu devstack@keystone.service[80896]: DEBUG keystone.server.flask.request_processing.middleware.auth_context [None req-853d72f9-4405-42c3-88a6-5b8c51dbe0ab None admin] RBAC: auth_context: {'token': <TokenModel (audit_id=Z4ohbfRcSeu9QgKA8tvk1g, audit_chain_id=['Z4ohbfRcSeu9QgKA8tvk1g']) at 0x7f25473100d0>, 'domain_id': None, 'trust_id': None, 'trustor_id': None, 'trustee_id': None, 'domain_name': None, 'group_ids': [], 'user_id': '66ca1f9dd6884d1f94fb2bd3fbc77a01', 'user_domain_id': 'default', 'system_scope': 'all', 'project_id': None, 'project_domain_id': None, 'roles': ['admin', 'manager', 'member', 'reader'], 'is_admin_project': True, 'service_user_id': None, 'service_user_domain_id': None, 'service_project_id': None, 'service_project_domain_id': None, 'service_roles': []} {{(pid=80896) fill_context /opt/stack/keystone/keystone/server/flask/request_processing/middleware/auth_context.py:506}}
Apr 22 14:33:24 ubuntu devstack@keystone.service[80896]: DEBUG keystone.server.flask.request_processing.req_logging [None req-853d72f9-4405-42c3-88a6-5b8c51dbe0ab None admin] REQUEST_METHOD: `GET` {{(pid=80896) log_request_info /opt/stack/keystone/keystone/server/flask/request_processing/req_logging.py:26}}
Apr 22 14:33:24 ubuntu devstack@keystone.service[80896]: DEBUG keystone.server.flask.request_processing.req_logging [None req-853d72f9-4405-42c3-88a6-5b8c51dbe0ab None admin] SCRIPT_NAME: `/identity` {{(pid=80896) log_request_info /opt/stack/keystone/keystone/server/flask/request_processing/req_logging.py:27}}
Apr 22 14:33:24 ubuntu devstack@keystone.service[80896]: DEBUG keystone.server.flask.request_processing.req_logging [None req-853d72f9-4405-42c3-88a6-5b8c51dbe0ab None admin] PATH_INFO: `/v3/roles/admin` {{(pid=80896) log_request_info /opt/stack/keystone/keystone/server/flask/request_processing/req_logging.py:28}}
Apr 22 14:33:24 ubuntu devstack@keystone.service[80896]: DEBUG keystone.common.rbac_enforcer.enforcer [None req-853d72f9-4405-42c3-88a6-5b8c51dbe0ab None admin] Extracting inferred target data resulted in "NOT FOUND (404)". {{(pid=80896) enforce_call /opt/stack/keystone/keystone/common/rbac_enforcer/enforcer.py:445}}
Apr 22 14:33:24 ubuntu devstack@keystone.service[80896]: DEBUG keystone.server.flask.application [None req-853d72f9-4405-42c3-88a6-5b8c51dbe0ab None admin] Could not find role: admin. {{(pid=80896) _handle_keystone_exception /opt/stack/keystone/keystone/server/flask/application.py:146}}
Apr 22 14:33:24 ubuntu devstack@keystone.service[80896]: [pid: 80896|app: 0|req: 8/14] 10.201.5.82 () {56 vars in 1132 bytes} [Tue Apr 22 14:33:24 2025] GET /identity/v3/roles/admin => generated 83 bytes in 87 msecs (HTTP/1.1 404) 5 headers in 183 bytes (1 switches on core 0)
Apr 22 14:33:24 ubuntu devstack@keystone.service[80897]: DEBUG keystone.server.flask.request_processing.middleware.auth_context [None req-03730570-fda4-4885-a374-e453f54449b6 None None] Authenticating user token {{(pid=80897) process_request /opt/stack/data/venv/lib/python3.10/site-packages/keystonemiddleware/auth_token/__init__.py:406}}
Apr 22 14:33:24 ubuntu devstack@keystone.service[80896]: DEBUG keystone.server.flask.request_processing.middleware.auth_context [None req-853d72f9-4405-42c3-88a6-5b8c51dbe0ab None admin] Authenticating user token {{(pid=80896) process_request /opt/stack/data/venv/lib/python3.10/site-packages/keystonemiddleware/auth_token/__init__.py:406}}
Apr 22 14:33:24 ubuntu devstack@keystone.service[80897]: DEBUG keystone.server.flask.request_processing.middleware.auth_context [None req-03730570-fda4-4885-a374-e453f54449b6 None None] Validating token access rules against request {{(pid=80897) validate_allowed_request /opt/stack/data/venv/lib/python3.10/site-packages/keystonemiddleware/auth_token/__init__.py:544}}
Apr 22 14:33:24 ubuntu devstack@keystone.service[80896]: DEBUG keystone.server.flask.request_processing.middleware.auth_context [None req-853d72f9-4405-42c3-88a6-5b8c51dbe0ab None admin] Validating token access rules against request {{(pid=80896) validate_allowed_request /opt/stack/data/venv/lib/python3.10/site-packages/keystonemiddleware/auth_token/__init__.py:544}}
Apr 22 14:33:24 ubuntu devstack@keystone.service[80897]: DEBUG keystone.server.flask.request_processing.middleware.auth_context [None req-57456d98-1b87-48cb-a2a9-f509b9dd3221 None admin] RBAC: auth_context: {'token': <TokenModel (audit_id=Z4ohbfRcSeu9QgKA8tvk1g, audit_chain_id=['Z4ohbfRcSeu9QgKA8tvk1g']) at 0x7f25473e37c0>, 'domain_id': None, 'trust_id': None, 'trustor_id': None, 'trustee_id': None, 'domain_name': None, 'group_ids': [], 'user_id': '66ca1f9dd6884d1f94fb2bd3fbc77a01', 'user_domain_id': 'default', 'system_scope': 'all', 'project_id': None, 'project_domain_id': None, 'roles': ['admin', 'manager', 'member', 'reader'], 'is_admin_project': True, 'service_user_id': None, 'service_user_domain_id': None, 'service_project_id': None, 'service_project_domain_id': None, 'service_roles': []} {{(pid=80897) fill_context /opt/stack/keystone/keystone/server/flask/request_processing/middleware/auth_context.py:506}}
Apr 22 14:33:24 ubuntu devstack@keystone.service[80897]: DEBUG keystone.server.flask.request_processing.req_logging [None req-57456d98-1b87-48cb-a2a9-f509b9dd3221 None admin] REQUEST_METHOD: `GET` {{(pid=80897) log_request_info /opt/stack/keystone/keystone/server/flask/request_processing/req_logging.py:26}}
Apr 22 14:33:24 ubuntu devstack@keystone.service[80897]: DEBUG keystone.server.flask.request_processing.req_logging [None req-57456d98-1b87-48cb-a2a9-f509b9dd3221 None admin] SCRIPT_NAME: `/identity` {{(pid=80897) log_request_info /opt/stack/keystone/keystone/server/flask/request_processing/req_logging.py:27}}
Apr 22 14:33:24 ubuntu devstack@keystone.service[80897]: DEBUG keystone.server.flask.request_processing.req_logging [None req-57456d98-1b87-48cb-a2a9-f509b9dd3221 None admin] PATH_INFO: `/v3/roles` {{(pid=80897) log_request_info /opt/stack/keystone/keystone/server/flask/request_processing/req_logging.py:28}}
Apr 22 14:33:24 ubuntu devstack@keystone.service[80897]: DEBUG keystone.common.rbac_enforcer.enforcer [None req-57456d98-1b87-48cb-a2a9-f509b9dd3221 None admin] RBAC: Adding query filter params (name=admin) {{(pid=80897) _extract_filter_values /opt/stack/keystone/keystone/common/rbac_enforcer/enforcer.py:176}}
Apr 22 14:33:24 ubuntu devstack@keystone.service[80897]: DEBUG keystone.common.rbac_enforcer.enforcer [None req-57456d98-1b87-48cb-a2a9-f509b9dd3221 None admin] RBAC: Authorizing `identity:list_roles()` {{(pid=80897) enforce_call /opt/stack/keystone/keystone/common/rbac_enforcer/enforcer.py:495}}
Apr 22 14:33:24 ubuntu devstack@keystone.service[80897]: DEBUG keystone.common.rbac_enforcer.enforcer [None req-57456d98-1b87-48cb-a2a9-f509b9dd3221 None admin] RBAC: Authorization granted {{(pid=80897) enforce_call /opt/stack/keystone/keystone/common/rbac_enforcer/enforcer.py:506}}
Apr 22 14:33:24 ubuntu devstack@keystone.service[80896]: DEBUG keystone.server.flask.request_processing.middleware.auth_context [None req-d9e22767-6b87-430b-aa4f-34449b7df69a None admin] RBAC: auth_context: {'token': <TokenModel (audit_id=w8lLrMFZQdCGRR9slQjUUQ, audit_chain_id=['w8lLrMFZQdCGRR9slQjUUQ']) at 0x7f2547310b80>, 'domain_id': None, 'trust_id': None, 'trustor_id': None, 'trustee_id': None, 'domain_name': None, 'group_ids': [], 'user_id': '66ca1f9dd6884d1f94fb2bd3fbc77a01', 'user_domain_id': 'default', 'system_scope': 'all', 'project_id': None, 'project_domain_id': None, 'roles': ['admin', 'manager', 'member', 'reader'], 'is_admin_project': True, 'service_user_id': None, 'service_user_domain_id': None, 'service_project_id': None, 'service_project_domain_id': None, 'service_roles': []} {{(pid=80896) fill_context /opt/stack/keystone/keystone/server/flask/request_processing/middleware/auth_context.py:506}}
Apr 22 14:33:24 ubuntu devstack@keystone.service[80896]: DEBUG keystone.server.flask.request_processing.req_logging [None req-d9e22767-6b87-430b-aa4f-34449b7df69a None admin] REQUEST_METHOD: `POST` {{(pid=80896) log_request_info /opt/stack/keystone/keystone/server/flask/request_processing/req_logging.py:26}}
Apr 22 14:33:24 ubuntu devstack@keystone.service[80896]: DEBUG keystone.server.flask.request_processing.req_logging [None req-d9e22767-6b87-430b-aa4f-34449b7df69a None admin] SCRIPT_NAME: `/identity` {{(pid=80896) log_request_info /opt/stack/keystone/keystone/server/flask/request_processing/req_logging.py:27}}
Apr 22 14:33:24 ubuntu devstack@keystone.service[80896]: DEBUG keystone.server.flask.request_processing.req_logging [None req-d9e22767-6b87-430b-aa4f-34449b7df69a None admin] PATH_INFO: `/v3/domains` {{(pid=80896) log_request_info /opt/stack/keystone/keystone/server/flask/request_processing/req_logging.py:28}}
Apr 22 14:33:24 ubuntu devstack@keystone.service[80897]: [pid: 80897|app: 0|req: 7/15] 10.201.5.82 () {56 vars in 1148 bytes} [Tue Apr 22 14:33:24 2025] GET /identity/v3/roles?name=admin => generated 339 bytes in 88 msecs (HTTP/1.1 200) 5 headers in 177 bytes (1 switches on core 0)
Apr 22 14:33:24 ubuntu devstack@keystone.service[80896]: DEBUG keystone.common.rbac_enforcer.enforcer [None req-d9e22767-6b87-430b-aa4f-34449b7df69a None admin] RBAC: Authorizing `identity:create_domain()` {{(pid=80896) enforce_call /opt/stack/keystone/keystone/common/rbac_enforcer/enforcer.py:495}}
Apr 22 14:33:24 ubuntu devstack@keystone.service[80896]: DEBUG keystone.common.rbac_enforcer.enforcer [None req-d9e22767-6b87-430b-aa4f-34449b7df69a None admin] RBAC: Authorization granted {{(pid=80896) enforce_call /opt/stack/keystone/keystone/common/rbac_enforcer/enforcer.py:506}}
Apr 22 14:33:24 ubuntu devstack@keystone.service[80897]: DEBUG keystone.server.flask.request_processing.middleware.auth_context [None req-57456d98-1b87-48cb-a2a9-f509b9dd3221 None admin] Authenticating user token {{(pid=80897) process_request /opt/stack/data/venv/lib/python3.10/site-packages/keystonemiddleware/auth_token/__init__.py:406}}
Apr 22 14:33:24 ubuntu devstack@keystone.service[80896]: DEBUG keystone.common.sql.core [None req-d9e22767-6b87-430b-aa4f-34449b7df69a None admin] Conflict project: (pymysql.err.IntegrityError) (1062, "Duplicate entry '<<keystone.domain.root>>-Default' for key 'project.ixu_project_name_domain_id'")
Apr 22 14:33:24 ubuntu devstack@keystone.service[80896]: [SQL: INSERT INTO project (id, name, domain_id, description, enabled, extra, parent_id, is_domain) VALUES (%(id)s, %(name)s, %(domain_id)s, %(description)s, %(enabled)s, %(extra)s, %(parent_id)s, %(is_domain)s)]
Apr 22 14:33:24 ubuntu devstack@keystone.service[80896]: [parameters: {'id': '1090b6b7305f4afe9e5a368e05f97625', 'name': 'Default', 'domain_id': '<<keystone.domain.root>>', 'description': '', 'enabled': 1, 'extra': '{}', 'parent_id': None, 'is_domain': 1}]
Apr 22 14:33:24 ubuntu devstack@keystone.service[80896]: (Background on this error at: https://sqlalche.me/e/20/gkpj) {{(pid=80896) wrapper /opt/stack/keystone/keystone/common/sql/core.py:580}}
Apr 22 14:33:24 ubuntu devstack@keystone.service[80896]: ERROR keystone.server.flask.application [None req-d9e22767-6b87-430b-aa4f-34449b7df69a None admin] Conflict occurred attempting to store project - it is not permitted to have two projects acting as domains with the same name: Default.: keystone.exception.Conflict: Conflict occurred attempting to store project - it is not permitted to have two projects acting as domains with the same name: Default.
Apr 22 14:33:24 ubuntu devstack@keystone.service[80896]: ERROR keystone.server.flask.application Traceback (most recent call last):
Apr 22 14:33:24 ubuntu devstack@keystone.service[80896]: ERROR keystone.server.flask.application   File "/opt/stack/data/venv/lib/python3.10/site-packages/sqlalchemy/engine/base.py", line 1964, in _exec_single_context
Apr 22 14:33:24 ubuntu devstack@keystone.service[80896]: ERROR keystone.server.flask.application     self.dialect.do_execute(
