Nov 01 11:06:22 ubuntu devstack@keystone.service[81368]: DEBUG keystone.server.flask.common [-] Adding resource routes to API roles: ['/roles/<string:role_id>' {}] {{(pid=81368) _add_mapped_resources /opt/stack/keystone/keystone/server/flask/common.py:483}}
Nov 01 11:06:22 ubuntu devstack@keystone.service[81368]: DEBUG keystone.server.flask.common [-] Adding resource routes to API roles: ['/roles/<string:prior_role_id>/implies' {}] {{(pid=81368) _add_mapped_resources /opt/stack/keystone/keystone/server/flask/common.py:483}}
Nov 01 11:06:22 ubuntu devstack@keystone.service[81368]: DEBUG keystone.server.flask.common [-] Adding resource routes to API roles: ['/roles/<string:prior_role_id>/implies/<string:implied_role_id>' {}] {{(pid=81368) _add_mapped_resources /opt/stack/keystone/keystone/server/flask/common.py:483}}
Nov 01 11:06:22 ubuntu devstack@keystone.service[81368]: DEBUG keystone.server.flask.common [-] Adding resource routes to API s3tokens: ['/s3tokens' {}] {{(pid=81368) _add_mapped_resources /opt/stack/keystone/keystone/server/flask/common.py:483}}
Nov 01 11:06:22 ubuntu devstack@keystone.service[81368]: DEBUG keystone.server.flask.common [-] Adding resource routes to API services: ['/services' {}] {{(pid=81368) _add_mapped_resources /opt/stack/keystone/keystone/server/flask/common.py:483}}
Nov 01 11:06:22 ubuntu devstack@keystone.service[81368]: DEBUG keystone.server.flask.common [-] Adding resource routes to API services: ['/services/<string:service_id>' {}] {{(pid=81368) _add_mapped_resources /opt/stack/keystone/keystone/server/flask/common.py:483}}
Nov 01 11:06:22 ubuntu devstack@keystone.service[81368]: DEBUG keystone.server.flask.common [-] Adding resource routes to API system: ['/system/users/<string:user_id>/roles' {}] {{(pid=81368) _add_mapped_resources /opt/stack/keystone/keystone/server/flask/common.py:483}}
Nov 01 11:06:22 ubuntu devstack@keystone.service[81368]: DEBUG keystone.server.flask.common [-] Adding resource routes to API system: ['/system/users/<string:user_id>/roles/<string:role_id>' {}] {{(pid=81368) _add_mapped_resources /opt/stack/keystone/keystone/server/flask/common.py:483}}
Nov 01 11:06:22 ubuntu devstack@keystone.service[81368]: DEBUG keystone.server.flask.common [-] Adding resource routes to API system: ['/system/groups/<string:group_id>/roles' {}] {{(pid=81368) _add_mapped_resources /opt/stack/keystone/keystone/server/flask/common.py:483}}
Nov 01 11:06:22 ubuntu devstack@keystone.service[81368]: DEBUG keystone.server.flask.common [-] Adding resource routes to API system: ['/system/groups/<string:group_id>/roles/<string:role_id>' {}] {{(pid=81368) _add_mapped_resources /opt/stack/keystone/keystone/server/flask/common.py:483}}
Nov 01 11:06:22 ubuntu devstack@keystone.service[81368]: DEBUG keystone.server.flask.common [-] Adding resource routes to API trusts: ['/trusts' {}] {{(pid=81368) _add_mapped_resources /opt/stack/keystone/keystone/server/flask/common.py:483}}
Nov 01 11:06:22 ubuntu devstack@keystone.service[81368]: DEBUG keystone.server.flask.common [-] Adding resource routes to API trusts: ['/trusts/<string:trust_id>' {}] {{(pid=81368) _add_mapped_resources /opt/stack/keystone/keystone/server/flask/common.py:483}}
Nov 01 11:06:22 ubuntu devstack@keystone.service[81368]: DEBUG keystone.server.flask.common [-] Adding resource routes to API trusts: ['/trusts/<string:trust_id>/roles' {}] {{(pid=81368) _add_mapped_resources /opt/stack/keystone/keystone/server/flask/common.py:483}}
Nov 01 11:06:22 ubuntu devstack@keystone.service[81368]: DEBUG keystone.server.flask.common [-] Adding resource routes to API trusts: ['/trusts/<string:trust_id>/roles/<string:role_id>' {}] {{(pid=81368) _add_mapped_resources /opt/stack/keystone/keystone/server/flask/common.py:483}}
Nov 01 11:06:22 ubuntu devstack@keystone.service[81367]: WSGI app 0 (mountpoint='') ready in 2 seconds on interpreter 0x560f155ded40 pid: 81367 (default app)
Nov 01 11:06:22 ubuntu devstack@keystone.service[81368]: DEBUG keystone.server.flask.common [-] Adding resource routes to API users: ['/users' {}] {{(pid=81368) _add_mapped_resources /opt/stack/keystone/keystone/server/flask/common.py:483}}
Nov 01 11:06:22 ubuntu devstack@keystone.service[81368]: DEBUG keystone.server.flask.common [-] Adding resource routes to API users: ['/users/<string:user_id>' {}] {{(pid=81368) _add_mapped_resources /opt/stack/keystone/keystone/server/flask/common.py:483}}
Nov 01 11:06:22 ubuntu devstack@keystone.service[81368]: DEBUG keystone.server.flask.common [-] Adding resource routes to API users: ['/users/<string:user_id>/password' {}] {{(pid=81368) _add_mapped_resources /opt/stack/keystone/keystone/server/flask/common.py:483}}
Nov 01 11:06:22 ubuntu devstack@keystone.service[81368]: DEBUG keystone.server.flask.common [-] Adding resource routes to API users: ['/users/<string:user_id>/groups' {}] {{(pid=81368) _add_mapped_resources /opt/stack/keystone/keystone/server/flask/common.py:483}}
Nov 01 11:06:22 ubuntu devstack@keystone.service[81368]: DEBUG keystone.server.flask.common [-] Adding resource routes to API users: ['/users/<string:user_id>/projects' {}] {{(pid=81368) _add_mapped_resources /opt/stack/keystone/keystone/server/flask/common.py:483}}
Nov 01 11:06:22 ubuntu devstack@keystone.service[81368]: DEBUG keystone.server.flask.common [-] Adding resource routes to API users: ['/users/<string:user_id>/credentials/OS-EC2' {}] {{(pid=81368) _add_mapped_resources /opt/stack/keystone/keystone/server/flask/common.py:483}}
Nov 01 11:06:22 ubuntu devstack@keystone.service[81368]: DEBUG keystone.server.flask.common [-] Adding resource routes to API users: ['/users/<string:user_id>/credentials/OS-EC2/<string:credential_id>' {}] {{(pid=81368) _add_mapped_resources /opt/stack/keystone/keystone/server/flask/common.py:483}}
Nov 01 11:06:22 ubuntu devstack@keystone.service[81368]: DEBUG keystone.server.flask.common [-] Adding resource routes to API users: ['/users/<string:user_id>/OS-OAUTH1/access_tokens' {}] {{(pid=81368) _add_mapped_resources /opt/stack/keystone/keystone/server/flask/common.py:483}}
Nov 01 11:06:22 ubuntu devstack@keystone.service[81368]: DEBUG keystone.server.flask.common [-] Adding resource routes to API users: ['/users/<string:user_id>/OS-OAUTH1/access_tokens/<string:access_token_id>' {}] {{(pid=81368) _add_mapped_resources /opt/stack/keystone/keystone/server/flask/common.py:483}}
Nov 01 11:06:22 ubuntu devstack@keystone.service[81368]: DEBUG keystone.server.flask.common [-] Adding resource routes to API users: ['/users/<string:user_id>/OS-OAUTH1/access_tokens/<string:access_token_id>/roles' {}] {{(pid=81368) _add_mapped_resources /opt/stack/keystone/keystone/server/flask/common.py:483}}
Nov 01 11:06:22 ubuntu devstack@keystone.service[81367]: DEBUG keystone.server.flask.request_processing.req_logging [None req-0d64bb7b-b509-41fb-9fa2-034074837b20 None None] REQUEST_METHOD: `GET` {{(pid=81367) log_request_info /opt/stack/keystone/keystone/server/flask/request_processing/req_logging.py:26}}
Nov 01 11:06:22 ubuntu devstack@keystone.service[81367]: DEBUG keystone.server.flask.request_processing.req_logging [None req-0d64bb7b-b509-41fb-9fa2-034074837b20 None None] SCRIPT_NAME: `/identity` {{(pid=81367) log_request_info /opt/stack/keystone/keystone/server/flask/request_processing/req_logging.py:27}}
Nov 01 11:06:22 ubuntu devstack@keystone.service[81368]: DEBUG keystone.server.flask.common [-] Adding resource routes to API users: ['/users/<string:user_id>/OS-OAUTH1/access_tokens/<string:access_token_id>/roles/<string:role_id>' {}] {{(pid=81368) _add_mapped_resources /opt/stack/keystone/keystone/server/flask/common.py:483}}
Nov 01 11:06:22 ubuntu devstack@keystone.service[81367]: DEBUG keystone.server.flask.request_processing.req_logging [None req-0d64bb7b-b509-41fb-9fa2-034074837b20 None None] PATH_INFO: `/v3` {{(pid=81367) log_request_info /opt/stack/keystone/keystone/server/flask/request_processing/req_logging.py:28}}
Nov 01 11:06:22 ubuntu devstack@keystone.service[81368]: DEBUG keystone.server.flask.common [-] Adding resource routes to API users: ['/users/<string:user_id>/application_credentials' {}] {{(pid=81368) _add_mapped_resources /opt/stack/keystone/keystone/server/flask/common.py:483}}
Nov 01 11:06:22 ubuntu devstack@keystone.service[81368]: DEBUG keystone.server.flask.common [-] Adding resource routes to API users: ['/users/<string:user_id>/application_credentials/<string:application_credential_id>' {}] {{(pid=81368) _add_mapped_resources /opt/stack/keystone/keystone/server/flask/common.py:483}}
Nov 01 11:06:22 ubuntu devstack@keystone.service[81368]: DEBUG keystone.server.flask.common [-] Adding resource routes to API users: ['/users/<string:user_id>/access_rules' {}] {{(pid=81368) _add_mapped_resources /opt/stack/keystone/keystone/server/flask/common.py:483}}
Nov 01 11:06:22 ubuntu devstack@keystone.service[81368]: DEBUG keystone.server.flask.common [-] Adding resource routes to API users: ['/users/<string:user_id>/access_rules/<string:access_rule_id>' {}] {{(pid=81368) _add_mapped_resources /opt/stack/keystone/keystone/server/flask/common.py:483}}
Nov 01 11:06:22 ubuntu devstack@keystone.service[81367]: [pid: 81367|app: 0|req: 1/1] 10.201.5.82 () {50 vars in 783 bytes} [Sat Nov  1 11:06:22 2025] GET /identity/v3/ => generated 255 bytes in 2 msecs (HTTP/1.1 200) 5 headers in 177 bytes (1 switches on core 0)
Nov 01 11:06:22 ubuntu devstack@keystone.service[81368]: WSGI app 0 (mountpoint='') ready in 2 seconds on interpreter 0x560f155ded40 pid: 81368 (default app)
Nov 01 11:06:26 ubuntu devstack@keystone.service[81367]: DEBUG keystone.server.flask.request_processing.req_logging [None req-485df503-d01c-477a-ba29-39e8449dd111 None None] REQUEST_METHOD: `GET` {{(pid=81367) log_request_info /opt/stack/keystone/keystone/server/flask/request_processing/req_logging.py:26}}
Nov 01 11:06:26 ubuntu devstack@keystone.service[81367]: DEBUG keystone.server.flask.request_processing.req_logging [None req-485df503-d01c-477a-ba29-39e8449dd111 None None] SCRIPT_NAME: `/identity` {{(pid=81367) log_request_info /opt/stack/keystone/keystone/server/flask/request_processing/req_logging.py:27}}
Nov 01 11:06:26 ubuntu devstack@keystone.service[81367]: DEBUG keystone.server.flask.request_processing.req_logging [None req-485df503-d01c-477a-ba29-39e8449dd111 None None] PATH_INFO: `/` {{(pid=81367) log_request_info /opt/stack/keystone/keystone/server/flask/request_processing/req_logging.py:28}}
Nov 01 11:06:26 ubuntu devstack@keystone.service[81367]: [pid: 81367|app: 0|req: 2/2] 10.201.5.82 () {54 vars in 919 bytes} [Sat Nov  1 11:06:26 2025] GET /identity => generated 270 bytes in 5 msecs (HTTP/1.1 300) 6 headers in 234 bytes (1 switches on core 0)
Nov 01 11:06:26 ubuntu devstack@keystone.service[81368]: DEBUG keystone.server.flask.request_processing.req_logging [None req-f103b228-8898-4b4d-9706-f791900061e1 None None] REQUEST_METHOD: `POST` {{(pid=81368) log_request_info /opt/stack/keystone/keystone/server/flask/request_processing/req_logging.py:26}}
Nov 01 11:06:26 ubuntu devstack@keystone.service[81368]: DEBUG keystone.server.flask.request_processing.req_logging [None req-f103b228-8898-4b4d-9706-f791900061e1 None None] SCRIPT_NAME: `/identity` {{(pid=81368) log_request_info /opt/stack/keystone/keystone/server/flask/request_processing/req_logging.py:27}}
Nov 01 11:06:26 ubuntu devstack@keystone.service[81368]: DEBUG keystone.server.flask.request_processing.req_logging [None req-f103b228-8898-4b4d-9706-f791900061e1 None None] PATH_INFO: `/v3/auth/tokens` {{(pid=81368) log_request_info /opt/stack/keystone/keystone/server/flask/request_processing/req_logging.py:28}}
Nov 01 11:06:27 ubuntu devstack@keystone.service[81368]: INFO dbcounter [None req-f103b228-8898-4b4d-9706-f791900061e1 None None] Registered counter for database keystone
Nov 01 11:06:27 ubuntu devstack@keystone.service[81368]: DEBUG oslo_db.sqlalchemy.engines [None req-f103b228-8898-4b4d-9706-f791900061e1 None None] MySQL server mode set to STRICT_TRANS_TABLES,STRICT_ALL_TABLES,NO_ZERO_IN_DATE,NO_ZERO_DATE,ERROR_FOR_DIVISION_BY_ZERO,TRADITIONAL,NO_ENGINE_SUBSTITUTION {{(pid=81368) _check_effective_sql_mode /opt/stack/data/venv/lib/python3.10/site-packages/oslo_db/sqlalchemy/engines.py:397}}
Nov 01 11:06:27 ubuntu devstack@keystone.service[81368]: DEBUG dbcounter [-] [81368] Writer thread running {{(pid=81368) stat_writer /opt/stack/data/venv/lib/python3.10/site-packages/dbcounter.py:102}}
Nov 01 11:06:27 ubuntu devstack@keystone.service[81368]: WARNING keystone.common.password_hashing [None req-f103b228-8898-4b4d-9706-f791900061e1 None None] Truncating password to algorithm specific maximum length 72 characters.
Nov 01 11:06:27 ubuntu devstack@keystone.service[81368]: DEBUG keystone.auth.core [None req-f103b228-8898-4b4d-9706-f791900061e1 None None] MFA Rules not processed for user `2582108477e24c928db85d8c0c384422`. Rule list: `[]` (Enabled: `True`). {{(pid=81368) check_auth_methods_against_rules /opt/stack/keystone/keystone/auth/core.py:476}}
Nov 01 11:06:27 ubuntu devstack@keystone.service[81368]: DEBUG keystone.common.fernet_utils [None req-f103b228-8898-4b4d-9706-f791900061e1 None None] Loaded 2 Fernet keys from /etc/keystone/fernet-keys/, but `[fernet_tokens] max_active_keys = 3`; perhaps there have not been enough key rotations to reach `max_active_keys` yet? {{(pid=81368) load_keys /opt/stack/keystone/keystone/common/fernet_utils.py:297}}
Nov 01 11:06:27 ubuntu devstack@keystone.service[81368]: [pid: 81368|app: 0|req: 1/3] 10.201.5.82 () {58 vars in 1016 bytes} [Sat Nov  1 11:06:26 2025] POST /identity/v3/auth/tokens => generated 977 bytes in 305 msecs (HTTP/1.1 201) 6 headers in 384 bytes (2 switches on core 0)
Nov 01 11:06:27 ubuntu devstack@keystone.service[81367]: DEBUG keystone.server.flask.request_processing.middleware.auth_context [None req-485df503-d01c-477a-ba29-39e8449dd111 None None] Authenticating user token {{(pid=81367) process_request /opt/stack/data/venv/lib/python3.10/site-packages/keystonemiddleware/auth_token/__init__.py:407}}
Nov 01 11:06:27 ubuntu devstack@keystone.service[81367]: INFO dbcounter [None req-485df503-d01c-477a-ba29-39e8449dd111 None None] Registered counter for database keystone
Nov 01 11:06:27 ubuntu devstack@keystone.service[81367]: DEBUG oslo_db.sqlalchemy.engines [None req-485df503-d01c-477a-ba29-39e8449dd111 None None] MySQL server mode set to STRICT_TRANS_TABLES,STRICT_ALL_TABLES,NO_ZERO_IN_DATE,NO_ZERO_DATE,ERROR_FOR_DIVISION_BY_ZERO,TRADITIONAL,NO_ENGINE_SUBSTITUTION {{(pid=81367) _check_effective_sql_mode /opt/stack/data/venv/lib/python3.10/site-packages/oslo_db/sqlalchemy/engines.py:397}}
Nov 01 11:06:27 ubuntu devstack@keystone.service[81367]: DEBUG dbcounter [-] [81367] Writer thread running {{(pid=81367) stat_writer /opt/stack/data/venv/lib/python3.10/site-packages/dbcounter.py:102}}
Nov 01 11:06:27 ubuntu devstack@keystone.service[81367]: DEBUG keystone.server.flask.request_processing.middleware.auth_context [None req-485df503-d01c-477a-ba29-39e8449dd111 None None] Validating token access rules against request {{(pid=81367) validate_allowed_request /opt/stack/data/venv/lib/python3.10/site-packages/keystonemiddleware/auth_token/__init__.py:545}}
Nov 01 11:06:27 ubuntu devstack@keystone.service[81367]: DEBUG keystone.server.flask.request_processing.middleware.auth_context [None req-440b7bc3-0c89-49c1-984c-4def228cc53f admin admin] RBAC: auth_context: {'token': <TokenModel (audit_id=s1zIaEV5QTutZjuH2rY4ng, audit_chain_id=['s1zIaEV5QTutZjuH2rY4ng']) at 0x7f1540eb6a10>, 'domain_id': None, 'trust_id': None, 'trustor_id': None, 'trustee_id': None, 'domain_name': None, 'group_ids': [], 'user_id': '2582108477e24c928db85d8c0c384422', 'user_domain_id': 'default', 'system_scope': None, 'project_id': '3218016a876e430e9bc5e42d97481a04', 'project_domain_id': 'default', 'roles': ['reader', 'admin', 'member', 'manager'], 'is_admin_project': True, 'service_user_id': None, 'service_user_domain_id': None, 'service_project_id': None, 'service_project_domain_id': None, 'service_roles': []} {{(pid=81367) fill_context /opt/stack/keystone/keystone/server/flask/request_processing/middleware/auth_context.py:509}}
Nov 01 11:06:27 ubuntu devstack@keystone.service[81367]: DEBUG keystone.server.flask.request_processing.req_logging [None req-440b7bc3-0c89-49c1-984c-4def228cc53f admin admin] REQUEST_METHOD: `GET` {{(pid=81367) log_request_info /opt/stack/keystone/keystone/server/flask/request_processing/req_logging.py:26}}
Nov 01 11:06:27 ubuntu devstack@keystone.service[81367]: DEBUG keystone.server.flask.request_processing.req_logging [None req-440b7bc3-0c89-49c1-984c-4def228cc53f admin admin] SCRIPT_NAME: `/identity` {{(pid=81367) log_request_info /opt/stack/keystone/keystone/server/flask/request_processing/req_logging.py:27}}
Nov 01 11:06:27 ubuntu devstack@keystone.service[81367]: DEBUG keystone.server.flask.request_processing.req_logging [None req-440b7bc3-0c89-49c1-984c-4def228cc53f admin admin] PATH_INFO: `/v3/auth/tokens` {{(pid=81367) log_request_info /opt/stack/keystone/keystone/server/flask/request_processing/req_logging.py:28}}
Nov 01 11:06:27 ubuntu devstack@keystone.service[81367]: DEBUG keystone.common.rbac_enforcer.enforcer [None req-440b7bc3-0c89-49c1-984c-4def228cc53f admin admin] RBAC: Authorizing `identity:validate_token()` {{(pid=81367) enforce_call /opt/stack/keystone/keystone/common/rbac_enforcer/enforcer.py:494}}
Nov 01 11:06:27 ubuntu devstack@keystone.service[81367]: WARNING keystone.common.rbac_enforcer.enforcer [None req-440b7bc3-0c89-49c1-984c-4def228cc53f admin admin] Deprecated policy rules found. Use oslopolicy-policy-generator and oslopolicy-policy-upgrade to detect and resolve deprecated policies in your configuration.
Nov 01 11:06:27 ubuntu devstack@keystone.service[81367]: DEBUG keystone.common.rbac_enforcer.enforcer [None req-440b7bc3-0c89-49c1-984c-4def228cc53f admin admin] RBAC: Authorization granted {{(pid=81367) enforce_call /opt/stack/keystone/keystone/common/rbac_enforcer/enforcer.py:505}}
Nov 01 11:06:27 ubuntu devstack@keystone.service[81367]: [pid: 81367|app: 0|req: 3/4] 10.201.5.82 () {58 vars in 1316 bytes} [Sat Nov  1 11:06:27 2025] GET /identity/v3/auth/tokens => generated 977 bytes in 163 msecs (HTTP/1.1 200) 6 headers in 379 bytes (1 switches on core 0)
Nov 01 11:06:27 ubuntu devstack@keystone.service[81368]: DEBUG keystone.server.flask.request_processing.middleware.auth_context [None req-f103b228-8898-4b4d-9706-f791900061e1 None None] Authenticating user token {{(pid=81368) process_request /opt/stack/data/venv/lib/python3.10/site-packages/keystonemiddleware/auth_token/__init__.py:407}}
Nov 01 11:06:27 ubuntu devstack@keystone.service[81368]: DEBUG keystone.server.flask.request_processing.middleware.auth_context [None req-f103b228-8898-4b4d-9706-f791900061e1 None None] Validating token access rules against request {{(pid=81368) validate_allowed_request /opt/stack/data/venv/lib/python3.10/site-packages/keystonemiddleware/auth_token/__init__.py:545}}
Nov 01 11:06:27 ubuntu devstack@keystone.service[81368]: DEBUG keystone.server.flask.request_processing.middleware.auth_context [None req-b7d33fcd-b5cb-4e7a-b881-f23c4c5e4e10 admin admin] RBAC: auth_context: {'token': <TokenModel (audit_id=s1zIaEV5QTutZjuH2rY4ng, audit_chain_id=['s1zIaEV5QTutZjuH2rY4ng']) at 0x7f1540ceaa70>, 'domain_id': None, 'trust_id': None, 'trustor_id': None, 'trustee_id': None, 'domain_name': None, 'group_ids': [], 'user_id': '2582108477e24c928db85d8c0c384422', 'user_domain_id': 'default', 'system_scope': None, 'project_id': '3218016a876e430e9bc5e42d97481a04', 'project_domain_id': 'default', 'roles': ['reader', 'admin', 'member', 'manager'], 'is_admin_project': True, 'service_user_id': None, 'service_user_domain_id': None, 'service_project_id': None, 'service_project_domain_id': None, 'service_roles': []} {{(pid=81368) fill_context /opt/stack/keystone/keystone/server/flask/request_processing/middleware/auth_context.py:509}}
Nov 01 11:06:27 ubuntu devstack@keystone.service[81368]: DEBUG keystone.server.flask.request_processing.req_logging [None req-b7d33fcd-b5cb-4e7a-b881-f23c4c5e4e10 admin admin] REQUEST_METHOD: `GET` {{(pid=81368) log_request_info /opt/stack/keystone/keystone/server/flask/request_processing/req_logging.py:26}}
Nov 01 11:06:27 ubuntu devstack@keystone.service[81368]: DEBUG keystone.server.flask.request_processing.req_logging [None req-b7d33fcd-b5cb-4e7a-b881-f23c4c5e4e10 admin admin] SCRIPT_NAME: `/identity` {{(pid=81368) log_request_info /opt/stack/keystone/keystone/server/flask/request_processing/req_logging.py:27}}
Nov 01 11:06:27 ubuntu devstack@keystone.service[81368]: DEBUG keystone.server.flask.request_processing.req_logging [None req-b7d33fcd-b5cb-4e7a-b881-f23c4c5e4e10 admin admin] PATH_INFO: `/v3/projects/3218016a876e430e9bc5e42d97481a04` {{(pid=81368) log_request_info /opt/stack/keystone/keystone/server/flask/request_processing/req_logging.py:28}}
Nov 01 11:06:27 ubuntu devstack@keystone.service[81368]: DEBUG keystone.common.rbac_enforcer.enforcer [None req-b7d33fcd-b5cb-4e7a-b881-f23c4c5e4e10 admin admin] RBAC: Authorizing `identity:get_project(project_id=3218016a876e430e9bc5e42d97481a04)` {{(pid=81368) enforce_call /opt/stack/keystone/keystone/common/rbac_enforcer/enforcer.py:494}}
Nov 01 11:06:27 ubuntu devstack@keystone.service[81368]: WARNING keystone.common.rbac_enforcer.enforcer [None req-b7d33fcd-b5cb-4e7a-b881-f23c4c5e4e10 admin admin] Deprecated policy rules found. Use oslopolicy-policy-generator and oslopolicy-policy-upgrade to detect and resolve deprecated policies in your configuration.
Nov 01 11:06:27 ubuntu devstack@keystone.service[81368]: DEBUG keystone.common.rbac_enforcer.enforcer [None req-b7d33fcd-b5cb-4e7a-b881-f23c4c5e4e10 admin admin] RBAC: Authorization granted {{(pid=81368) enforce_call /opt/stack/keystone/keystone/common/rbac_enforcer/enforcer.py:505}}
Nov 01 11:06:27 ubuntu devstack@keystone.service[81368]: [pid: 81368|app: 0|req: 2/5] 10.201.5.82 () {56 vars in 1199 bytes} [Sat Nov  1 11:06:27 2025] GET /identity/v3/projects/3218016a876e430e9bc5e42d97481a04 => generated 344 bytes in 35 msecs (HTTP/1.1 200) 5 headers in 177 bytes (1 switches on core 0)
Nov 01 11:06:28 ubuntu devstack@keystone.service[81367]: DEBUG keystone.server.flask.request_processing.req_logging [None req-3e1aa50b-54a3-4821-8364-e1083f902c09 None None] REQUEST_METHOD: `GET` {{(pid=81367) log_request_info /opt/stack/keystone/keystone/server/flask/request_processing/req_logging.py:26}}
Nov 01 11:06:28 ubuntu devstack@keystone.service[81367]: DEBUG keystone.server.flask.request_processing.req_logging [None req-3e1aa50b-54a3-4821-8364-e1083f902c09 None None] SCRIPT_NAME: `/identity` {{(pid=81367) log_request_info /opt/stack/keystone/keystone/server/flask/request_processing/req_logging.py:27}}
Nov 01 11:06:28 ubuntu devstack@keystone.service[81367]: DEBUG keystone.server.flask.request_processing.req_logging [None req-3e1aa50b-54a3-4821-8364-e1083f902c09 None None] PATH_INFO: `/` {{(pid=81367) log_request_info /opt/stack/keystone/keystone/server/flask/request_processing/req_logging.py:28}}
Nov 01 11:06:28 ubuntu devstack@keystone.service[81367]: [pid: 81367|app: 0|req: 4/6] 10.201.5.82 () {54 vars in 919 bytes} [Sat Nov  1 11:06:28 2025] GET /identity => generated 270 bytes in 2 msecs (HTTP/1.1 300) 6 headers in 234 bytes (2 switches on core 0)
Nov 01 11:06:28 ubuntu devstack@keystone.service[81368]: DEBUG keystone.server.flask.request_processing.req_logging [None req-9b8fe678-a5ac-489a-9583-705ea076c349 None None] REQUEST_METHOD: `POST` {{(pid=81368) log_request_info /opt/stack/keystone/keystone/server/flask/request_processing/req_logging.py:26}}
Nov 01 11:06:28 ubuntu devstack@keystone.service[81368]: DEBUG keystone.server.flask.request_processing.req_logging [None req-9b8fe678-a5ac-489a-9583-705ea076c349 None None] SCRIPT_NAME: `/identity` {{(pid=81368) log_request_info /opt/stack/keystone/keystone/server/flask/request_processing/req_logging.py:27}}
Nov 01 11:06:28 ubuntu devstack@keystone.service[81368]: DEBUG keystone.server.flask.request_processing.req_logging [None req-9b8fe678-a5ac-489a-9583-705ea076c349 None None] PATH_INFO: `/v3/auth/tokens` {{(pid=81368) log_request_info /opt/stack/keystone/keystone/server/flask/request_processing/req_logging.py:28}}
Nov 01 11:06:28 ubuntu devstack@keystone.service[81368]: WARNING keystone.common.password_hashing [None req-9b8fe678-a5ac-489a-9583-705ea076c349 None None] Truncating password to algorithm specific maximum length 72 characters.
Nov 01 11:06:28 ubuntu devstack@keystone.service[81368]: DEBUG keystone.auth.core [None req-9b8fe678-a5ac-489a-9583-705ea076c349 None None] MFA Rules not processed for user `2582108477e24c928db85d8c0c384422`. Rule list: `[]` (Enabled: `True`). {{(pid=81368) check_auth_methods_against_rules /opt/stack/keystone/keystone/auth/core.py:476}}
Nov 01 11:06:28 ubuntu devstack@keystone.service[81368]: DEBUG keystone.common.fernet_utils [None req-9b8fe678-a5ac-489a-9583-705ea076c349 None None] Loaded 2 Fernet keys from /etc/keystone/fernet-keys/, but `[fernet_tokens] max_active_keys = 3`; perhaps there have not been enough key rotations to reach `max_active_keys` yet? {{(pid=81368) load_keys /opt/stack/keystone/keystone/common/fernet_utils.py:297}}
Nov 01 11:06:28 ubuntu devstack@keystone.service[81368]: [pid: 81368|app: 0|req: 3/7] 10.201.5.82 () {58 vars in 1016 bytes} [Sat Nov  1 11:06:28 2025] POST /identity/v3/auth/tokens => generated 977 bytes in 37 msecs (HTTP/1.1 201) 6 headers in 384 bytes (1 switches on core 0)
Nov 01 11:06:28 ubuntu devstack@keystone.service[81367]: DEBUG keystone.server.flask.request_processing.middleware.auth_context [None req-3e1aa50b-54a3-4821-8364-e1083f902c09 None None] Authenticating user token {{(pid=81367) process_request /opt/stack/data/venv/lib/python3.10/site-packages/keystonemiddleware/auth_token/__init__.py:407}}
Nov 01 11:06:28 ubuntu devstack@keystone.service[81367]: DEBUG keystone.server.flask.request_processing.middleware.auth_context [None req-3e1aa50b-54a3-4821-8364-e1083f902c09 None None] Validating token access rules against request {{(pid=81367) validate_allowed_request /opt/stack/data/venv/lib/python3.10/site-packages/keystonemiddleware/auth_token/__init__.py:545}}
Nov 01 11:06:28 ubuntu devstack@keystone.service[81367]: DEBUG keystone.server.flask.request_processing.middleware.auth_context [None req-0fa293c8-9054-4414-ac9f-4be7324b574f admin admin] RBAC: auth_context: {'token': <TokenModel (audit_id=xGP97XQOQleXDg-16joJwQ, audit_chain_id=['xGP97XQOQleXDg-16joJwQ']) at 0x7f1540a6ee30>, 'domain_id': None, 'trust_id': None, 'trustor_id': None, 'trustee_id': None, 'domain_name': None, 'group_ids': [], 'user_id': '2582108477e24c928db85d8c0c384422', 'user_domain_id': 'default', 'system_scope': None, 'project_id': '3218016a876e430e9bc5e42d97481a04', 'project_domain_id': 'default', 'roles': ['reader', 'admin', 'member', 'manager'], 'is_admin_project': True, 'service_user_id': None, 'service_user_domain_id': None, 'service_project_id': None, 'service_project_domain_id': None, 'service_roles': []} {{(pid=81367) fill_context /opt/stack/keystone/keystone/server/flask/request_processing/middleware/auth_context.py:509}}
Nov 01 11:06:28 ubuntu devstack@keystone.service[81367]: DEBUG keystone.server.flask.request_processing.req_logging [None req-0fa293c8-9054-4414-ac9f-4be7324b574f admin admin] REQUEST_METHOD: `GET` {{(pid=81367) log_request_info /opt/stack/keystone/keystone/server/flask/request_processing/req_logging.py:26}}
Nov 01 11:06:28 ubuntu devstack@keystone.service[81367]: DEBUG keystone.server.flask.request_processing.req_logging [None req-0fa293c8-9054-4414-ac9f-4be7324b574f admin admin] SCRIPT_NAME: `/identity` {{(pid=81367) log_request_info /opt/stack/keystone/keystone/server/flask/request_processing/req_logging.py:27}}
Nov 01 11:06:28 ubuntu devstack@keystone.service[81367]: DEBUG keystone.server.flask.request_processing.req_logging [None req-0fa293c8-9054-4414-ac9f-4be7324b574f admin admin] PATH_INFO: `/v3/users/admin` {{(pid=81367) log_request_info /opt/stack/keystone/keystone/server/flask/request_processing/req_logging.py:28}}
Nov 01 11:06:28 ubuntu devstack@keystone.service[81367]: DEBUG keystone.common.rbac_enforcer.enforcer [None req-0fa293c8-9054-4414-ac9f-4be7324b574f admin admin] RBAC: Authorizing `identity:get_user(user_id=admin)` {{(pid=81367) enforce_call /opt/stack/keystone/keystone/common/rbac_enforcer/enforcer.py:494}}
Nov 01 11:06:28 ubuntu devstack@keystone.service[81367]: DEBUG keystone.common.rbac_enforcer.enforcer [None req-0fa293c8-9054-4414-ac9f-4be7324b574f admin admin] RBAC: Authorization granted {{(pid=81367) enforce_call /opt/stack/keystone/keystone/common/rbac_enforcer/enforcer.py:505}}
Nov 01 11:06:28 ubuntu devstack@keystone.service[81367]: DEBUG keystone.server.flask.application [None req-0fa293c8-9054-4414-ac9f-4be7324b574f admin admin] Could not find user: admin. {{(pid=81367) _handle_keystone_exception /opt/stack/keystone/keystone/server/flask/application.py:146}}
Nov 01 11:06:28 ubuntu devstack@keystone.service[81367]: [pid: 81367|app: 0|req: 5/8] 10.201.5.82 () {56 vars in 1153 bytes} [Sat Nov  1 11:06:28 2025] GET /identity/v3/users/admin => generated 83 bytes in 33 msecs (HTTP/1.1 404) 5 headers in 183 bytes (2 switches on core 0)
Nov 01 11:06:28 ubuntu devstack@keystone.service[81368]: DEBUG keystone.server.flask.request_processing.middleware.auth_context [None req-9b8fe678-a5ac-489a-9583-705ea076c349 None None] Authenticating user token {{(pid=81368) process_request /opt/stack/data/venv/lib/python3.10/site-packages/keystonemiddleware/auth_token/__init__.py:407}}
Nov 01 11:06:28 ubuntu devstack@keystone.service[81368]: DEBUG keystone.server.flask.request_processing.middleware.auth_context [None req-9b8fe678-a5ac-489a-9583-705ea076c349 None None] Validating token access rules against request {{(pid=81368) validate_allowed_request /opt/stack/data/venv/lib/python3.10/site-packages/keystonemiddleware/auth_token/__init__.py:545}}
Nov 01 11:06:28 ubuntu devstack@keystone.service[81368]: DEBUG keystone.server.flask.request_processing.middleware.auth_context [None req-dd1102cb-726a-4604-9761-30037f8ac788 admin admin] RBAC: auth_context: {'token': <TokenModel (audit_id=xGP97XQOQleXDg-16joJwQ, audit_chain_id=['xGP97XQOQleXDg-16joJwQ']) at 0x7f1540cea530>, 'domain_id': None, 'trust_id': None, 'trustor_id': None, 'trustee_id': None, 'domain_name': None, 'group_ids': [], 'user_id': '2582108477e24c928db85d8c0c384422', 'user_domain_id': 'default', 'system_scope': None, 'project_id': '3218016a876e430e9bc5e42d97481a04', 'project_domain_id': 'default', 'roles': ['reader', 'admin', 'member', 'manager'], 'is_admin_project': True, 'service_user_id': None, 'service_user_domain_id': None, 'service_project_id': None, 'service_project_domain_id': None, 'service_roles': []} {{(pid=81368) fill_context /opt/stack/keystone/keystone/server/flask/request_processing/middleware/auth_context.py:509}}
Nov 01 11:06:28 ubuntu devstack@keystone.service[81368]: DEBUG keystone.server.flask.request_processing.req_logging [None req-dd1102cb-726a-4604-9761-30037f8ac788 admin admin] REQUEST_METHOD: `GET` {{(pid=81368) log_request_info /opt/stack/keystone/keystone/server/flask/request_processing/req_logging.py:26}}
Nov 01 11:06:28 ubuntu devstack@keystone.service[81368]: DEBUG keystone.server.flask.request_processing.req_logging [None req-dd1102cb-726a-4604-9761-30037f8ac788 admin admin] SCRIPT_NAME: `/identity` {{(pid=81368) log_request_info /opt/stack/keystone/keystone/server/flask/request_processing/req_logging.py:27}}
Nov 01 11:06:28 ubuntu devstack@keystone.service[81368]: DEBUG keystone.server.flask.request_processing.req_logging [None req-dd1102cb-726a-4604-9761-30037f8ac788 admin admin] PATH_INFO: `/v3/users` {{(pid=81368) log_request_info /opt/stack/keystone/keystone/server/flask/request_processing/req_logging.py:28}}
Nov 01 11:06:28 ubuntu devstack@keystone.service[81368]: DEBUG keystone.common.rbac_enforcer.enforcer [None req-dd1102cb-726a-4604-9761-30037f8ac788 admin admin] RBAC: Adding query filter params (name=admin) {{(pid=81368) _extract_filter_values /opt/stack/keystone/keystone/common/rbac_enforcer/enforcer.py:176}}
Nov 01 11:06:28 ubuntu devstack@keystone.service[81368]: DEBUG keystone.common.rbac_enforcer.enforcer [None req-dd1102cb-726a-4604-9761-30037f8ac788 admin admin] RBAC: Authorizing `identity:list_users()` {{(pid=81368) enforce_call /opt/stack/keystone/keystone/common/rbac_enforcer/enforcer.py:494}}
Nov 01 11:06:28 ubuntu devstack@keystone.service[81368]: DEBUG keystone.common.rbac_enforcer.enforcer [None req-dd1102cb-726a-4604-9761-30037f8ac788 admin admin] RBAC: Authorization granted {{(pid=81368) enforce_call /opt/stack/keystone/keystone/common/rbac_enforcer/enforcer.py:505}}
Nov 01 11:06:29 ubuntu devstack@keystone.service[81368]: [pid: 81368|app: 0|req: 4/9] 10.201.5.82 () {56 vars in 1169 bytes} [Sat Nov  1 11:06:28 2025] GET /identity/v3/users?name=admin => generated 352 bytes in 53 msecs (HTTP/1.1 200) 5 headers in 177 bytes (1 switches on core 0)
Nov 01 11:06:30 ubuntu devstack@keystone.service[81367]: DEBUG keystone.server.flask.request_processing.req_logging [None req-82faa6f4-6762-4518-9b08-dc57ea2f935e None None] REQUEST_METHOD: `GET` {{(pid=81367) log_request_info /opt/stack/keystone/keystone/server/flask/request_processing/req_logging.py:26}}
Nov 01 11:06:30 ubuntu devstack@keystone.service[81367]: DEBUG keystone.server.flask.request_processing.req_logging [None req-82faa6f4-6762-4518-9b08-dc57ea2f935e None None] SCRIPT_NAME: `/identity` {{(pid=81367) log_request_info /opt/stack/keystone/keystone/server/flask/request_processing/req_logging.py:27}}
Nov 01 11:06:30 ubuntu devstack@keystone.service[81367]: DEBUG keystone.server.flask.request_processing.req_logging [None req-82faa6f4-6762-4518-9b08-dc57ea2f935e None None] PATH_INFO: `/` {{(pid=81367) log_request_info /opt/stack/keystone/keystone/server/flask/request_processing/req_logging.py:28}}
Nov 01 11:06:30 ubuntu devstack@keystone.service[81367]: [pid: 81367|app: 0|req: 6/10] 10.201.5.82 () {54 vars in 919 bytes} [Sat Nov  1 11:06:30 2025] GET /identity => generated 270 bytes in 4 msecs (HTTP/1.1 300) 6 headers in 234 bytes (1 switches on core 0)
Nov 01 11:06:30 ubuntu devstack@keystone.service[81368]: DEBUG keystone.server.flask.request_processing.req_logging [None req-ed16bcc8-398d-42fd-9d4a-33f5f8ab9896 None None] REQUEST_METHOD: `POST` {{(pid=81368) log_request_info /opt/stack/keystone/keystone/server/flask/request_processing/req_logging.py:26}}
Nov 01 11:06:30 ubuntu devstack@keystone.service[81368]: DEBUG keystone.server.flask.request_processing.req_logging [None req-ed16bcc8-398d-42fd-9d4a-33f5f8ab9896 None None] SCRIPT_NAME: `/identity` {{(pid=81368) log_request_info /opt/stack/keystone/keystone/server/flask/request_processing/req_logging.py:27}}
Nov 01 11:06:30 ubuntu devstack@keystone.service[81368]: DEBUG keystone.server.flask.request_processing.req_logging [None req-ed16bcc8-398d-42fd-9d4a-33f5f8ab9896 None None] PATH_INFO: `/v3/auth/tokens` {{(pid=81368) log_request_info /opt/stack/keystone/keystone/server/flask/request_processing/req_logging.py:28}}
Nov 01 11:06:30 ubuntu devstack@keystone.service[81368]: WARNING keystone.common.password_hashing [None req-ed16bcc8-398d-42fd-9d4a-33f5f8ab9896 None None] Truncating password to algorithm specific maximum length 72 characters.
Nov 01 11:06:30 ubuntu devstack@keystone.service[81368]: DEBUG keystone.auth.core [None req-ed16bcc8-398d-42fd-9d4a-33f5f8ab9896 None None] MFA Rules not processed for user `2582108477e24c928db85d8c0c384422`. Rule list: `[]` (Enabled: `True`). {{(pid=81368) check_auth_methods_against_rules /opt/stack/keystone/keystone/auth/core.py:476}}
Nov 01 11:06:30 ubuntu devstack@keystone.service[81368]: DEBUG keystone.common.fernet_utils [None req-ed16bcc8-398d-42fd-9d4a-33f5f8ab9896 None None] Loaded 2 Fernet keys from /etc/keystone/fernet-keys/, but `[fernet_tokens] max_active_keys = 3`; perhaps there have not been enough key rotations to reach `max_active_keys` yet? {{(pid=81368) load_keys /opt/stack/keystone/keystone/common/fernet_utils.py:297}}
Nov 01 11:06:30 ubuntu devstack@keystone.service[81367]: DEBUG keystone.server.flask.request_processing.req_logging [None req-faf0e68a-09ca-436b-a610-c32aa4dd7480 None None] REQUEST_METHOD: `GET` {{(pid=81367) log_request_info /opt/stack/keystone/keystone/server/flask/request_processing/req_logging.py:26}}
Nov 01 11:06:30 ubuntu devstack@keystone.service[81367]: DEBUG keystone.server.flask.request_processing.req_logging [None req-faf0e68a-09ca-436b-a610-c32aa4dd7480 None None] SCRIPT_NAME: `/identity` {{(pid=81367) log_request_info /opt/stack/keystone/keystone/server/flask/request_processing/req_logging.py:27}}
Nov 01 11:06:30 ubuntu devstack@keystone.service[81367]: DEBUG keystone.server.flask.request_processing.req_logging [None req-faf0e68a-09ca-436b-a610-c32aa4dd7480 None None] PATH_INFO: `/` {{(pid=81367) log_request_info /opt/stack/keystone/keystone/server/flask/request_processing/req_logging.py:28}}
Nov 01 11:06:30 ubuntu devstack@keystone.service[81367]: [pid: 81367|app: 0|req: 7/11] 10.201.5.82 () {54 vars in 919 bytes} [Sat Nov  1 11:06:30 2025] GET /identity => generated 270 bytes in 4 msecs (HTTP/1.1 300) 6 headers in 234 bytes (1 switches on core 0)
Nov 01 11:06:30 ubuntu devstack@keystone.service[81367]: DEBUG keystone.server.flask.request_processing.req_logging [None req-392c89e7-3c31-4fd0-a789-d9fe0b34d17b None None] REQUEST_METHOD: `POST` {{(pid=81367) log_request_info /opt/stack/keystone/keystone/server/flask/request_processing/req_logging.py:26}}
Nov 01 11:06:30 ubuntu devstack@keystone.service[81367]: DEBUG keystone.server.flask.request_processing.req_logging [None req-392c89e7-3c31-4fd0-a789-d9fe0b34d17b None None] SCRIPT_NAME: `/identity` {{(pid=81367) log_request_info /opt/stack/keystone/keystone/server/flask/request_processing/req_logging.py:27}}
Nov 01 11:06:30 ubuntu devstack@keystone.service[81367]: DEBUG keystone.server.flask.request_processing.req_logging [None req-392c89e7-3c31-4fd0-a789-d9fe0b34d17b None None] PATH_INFO: `/v3/auth/tokens` {{(pid=81367) log_request_info /opt/stack/keystone/keystone/server/flask/request_processing/req_logging.py:28}}
Nov 01 11:06:30 ubuntu devstack@keystone.service[81367]: WARNING keystone.common.password_hashing [None req-392c89e7-3c31-4fd0-a789-d9fe0b34d17b None None] Truncating password to algorithm specific maximum length 72 characters.
Nov 01 11:06:30 ubuntu devstack@keystone.service[81367]: DEBUG keystone.auth.core [None req-392c89e7-3c31-4fd0-a789-d9fe0b34d17b None None] MFA Rules not processed for user `2582108477e24c928db85d8c0c384422`. Rule list: `[]` (Enabled: `True`). {{(pid=81367) check_auth_methods_against_rules /opt/stack/keystone/keystone/auth/core.py:476}}
Nov 01 11:06:30 ubuntu devstack@keystone.service[81367]: DEBUG keystone.common.fernet_utils [None req-392c89e7-3c31-4fd0-a789-d9fe0b34d17b None None] Loaded 2 Fernet keys from /etc/keystone/fernet-keys/, but `[fernet_tokens] max_active_keys = 3`; perhaps there have not been enough key rotations to reach `max_active_keys` yet? {{(pid=81367) load_keys /opt/stack/keystone/keystone/common/fernet_utils.py:297}}
Nov 01 11:06:30 ubuntu devstack@keystone.service[81368]: [pid: 81368|app: 0|req: 5/12] 10.201.5.82 () {58 vars in 1016 bytes} [Sat Nov  1 11:06:30 2025] POST /identity/v3/auth/tokens => generated 862 bytes in 84 msecs (HTTP/1.1 201) 6 headers in 363 bytes (1 switches on core 0)
Nov 01 11:06:30 ubuntu devstack@keystone.service[81367]: [pid: 81367|app: 0|req: 8/13] 10.201.5.82 () {58 vars in 1016 bytes} [Sat Nov  1 11:06:30 2025] POST /identity/v3/auth/tokens => generated 862 bytes in 71 msecs (HTTP/1.1 201) 6 headers in 363 bytes (1 switches on core 0)
Nov 01 11:06:30 ubuntu devstack@keystone.service[81368]: DEBUG keystone.server.flask.request_processing.middleware.auth_context [None req-ed16bcc8-398d-42fd-9d4a-33f5f8ab9896 None None] Authenticating user token {{(pid=81368) process_request /opt/stack/data/venv/lib/python3.10/site-packages/keystonemiddleware/auth_token/__init__.py:407}}
Nov 01 11:06:30 ubuntu devstack@keystone.service[81367]: DEBUG keystone.server.flask.request_processing.middleware.auth_context [None req-392c89e7-3c31-4fd0-a789-d9fe0b34d17b None None] Authenticating user token {{(pid=81367) process_request /opt/stack/data/venv/lib/python3.10/site-packages/keystonemiddleware/auth_token/__init__.py:407}}
Nov 01 11:06:30 ubuntu devstack@keystone.service[81368]: DEBUG keystone.server.flask.request_processing.middleware.auth_context [None req-ed16bcc8-398d-42fd-9d4a-33f5f8ab9896 None None] Validating token access rules against request {{(pid=81368) validate_allowed_request /opt/stack/data/venv/lib/python3.10/site-packages/keystonemiddleware/auth_token/__init__.py:545}}
Nov 01 11:06:30 ubuntu devstack@keystone.service[81367]: DEBUG keystone.server.flask.request_processing.middleware.auth_context [None req-392c89e7-3c31-4fd0-a789-d9fe0b34d17b None None] Validating token access rules against request {{(pid=81367) validate_allowed_request /opt/stack/data/venv/lib/python3.10/site-packages/keystonemiddleware/auth_token/__init__.py:545}}
Nov 01 11:06:30 ubuntu devstack@keystone.service[81368]: DEBUG keystone.server.flask.request_processing.middleware.auth_context [None req-da574dba-2b41-418b-9ed0-ac4ce17ac769 None admin] RBAC: auth_context: {'token': <TokenModel (audit_id=WhSLswlbRdG-3d4te_maQg, audit_chain_id=['WhSLswlbRdG-3d4te_maQg']) at 0x7f1540cea440>, 'domain_id': None, 'trust_id': None, 'trustor_id': None, 'trustee_id': None, 'domain_name': None, 'group_ids': [], 'user_id': '2582108477e24c928db85d8c0c384422', 'user_domain_id': 'default', 'system_scope': 'all', 'project_id': None, 'project_domain_id': None, 'roles': ['admin', 'manager', 'member', 'reader'], 'is_admin_project': True, 'service_user_id': None, 'service_user_domain_id': None, 'service_project_id': None, 'service_project_domain_id': None, 'service_roles': []} {{(pid=81368) fill_context /opt/stack/keystone/keystone/server/flask/request_processing/middleware/auth_context.py:509}}
Nov 01 11:06:30 ubuntu devstack@keystone.service[81368]: DEBUG keystone.server.flask.request_processing.req_logging [None req-da574dba-2b41-418b-9ed0-ac4ce17ac769 None admin] REQUEST_METHOD: `GET` {{(pid=81368) log_request_info /opt/stack/keystone/keystone/server/flask/request_processing/req_logging.py:26}}
Nov 01 11:06:30 ubuntu devstack@keystone.service[81368]: DEBUG keystone.server.flask.request_processing.req_logging [None req-da574dba-2b41-418b-9ed0-ac4ce17ac769 None admin] SCRIPT_NAME: `/identity` {{(pid=81368) log_request_info /opt/stack/keystone/keystone/server/flask/request_processing/req_logging.py:27}}
Nov 01 11:06:30 ubuntu devstack@keystone.service[81368]: DEBUG keystone.server.flask.request_processing.req_logging [None req-da574dba-2b41-418b-9ed0-ac4ce17ac769 None admin] PATH_INFO: `/v3/roles/admin` {{(pid=81368) log_request_info /opt/stack/keystone/keystone/server/flask/request_processing/req_logging.py:28}}
Nov 01 11:06:30 ubuntu devstack@keystone.service[81367]: DEBUG keystone.server.flask.request_processing.middleware.auth_context [None req-a81e023f-6cb0-4c59-b0d9-5804f5326821 None admin] RBAC: auth_context: {'token': <TokenModel (audit_id=IArWgJHmRDaSXr4fbfEEoA, audit_chain_id=['IArWgJHmRDaSXr4fbfEEoA']) at 0x7f1540108730>, 'domain_id': None, 'trust_id': None, 'trustor_id': None, 'trustee_id': None, 'domain_name': None, 'group_ids': [], 'user_id': '2582108477e24c928db85d8c0c384422', 'user_domain_id': 'default', 'system_scope': 'all', 'project_id': None, 'project_domain_id': None, 'roles': ['admin', 'manager', 'member', 'reader'], 'is_admin_project': True, 'service_user_id': None, 'service_user_domain_id': None, 'service_project_id': None, 'service_project_domain_id': None, 'service_roles': []} {{(pid=81367) fill_context /opt/stack/keystone/keystone/server/flask/request_processing/middleware/auth_context.py:509}}
Nov 01 11:06:30 ubuntu devstack@keystone.service[81368]: DEBUG keystone.common.rbac_enforcer.enforcer [None req-da574dba-2b41-418b-9ed0-ac4ce17ac769 None admin] Extracting inferred target data resulted in "NOT FOUND (404)". {{(pid=81368) enforce_call /opt/stack/keystone/keystone/common/rbac_enforcer/enforcer.py:445}}
Nov 01 11:06:30 ubuntu devstack@keystone.service[81367]: DEBUG keystone.server.flask.request_processing.req_logging [None req-a81e023f-6cb0-4c59-b0d9-5804f5326821 None admin] REQUEST_METHOD: `POST` {{(pid=81367) log_request_info /opt/stack/keystone/keystone/server/flask/request_processing/req_logging.py:26}}
Nov 01 11:06:30 ubuntu devstack@keystone.service[81367]: DEBUG keystone.server.flask.request_processing.req_logging [None req-a81e023f-6cb0-4c59-b0d9-5804f5326821 None admin] SCRIPT_NAME: `/identity` {{(pid=81367) log_request_info /opt/stack/keystone/keystone/server/flask/request_processing/req_logging.py:27}}
Nov 01 11:06:30 ubuntu devstack@keystone.service[81367]: DEBUG keystone.server.flask.request_processing.req_logging [None req-a81e023f-6cb0-4c59-b0d9-5804f5326821 None admin] PATH_INFO: `/v3/domains` {{(pid=81367) log_request_info /opt/stack/keystone/keystone/server/flask/request_processing/req_logging.py:28}}
Nov 01 11:06:30 ubuntu devstack@keystone.service[81368]: DEBUG keystone.server.flask.application [None req-da574dba-2b41-418b-9ed0-ac4ce17ac769 None admin] Could not find role: admin. {{(pid=81368) _handle_keystone_exception /opt/stack/keystone/keystone/server/flask/application.py:146}}
Nov 01 11:06:30 ubuntu devstack@keystone.service[81367]: DEBUG keystone.common.rbac_enforcer.enforcer [None req-a81e023f-6cb0-4c59-b0d9-5804f5326821 None admin] RBAC: Authorizing `identity:create_domain()` {{(pid=81367) enforce_call /opt/stack/keystone/keystone/common/rbac_enforcer/enforcer.py:494}}
Nov 01 11:06:30 ubuntu devstack@keystone.service[81367]: DEBUG keystone.common.rbac_enforcer.enforcer [None req-a81e023f-6cb0-4c59-b0d9-5804f5326821 None admin] RBAC: Authorization granted {{(pid=81367) enforce_call /opt/stack/keystone/keystone/common/rbac_enforcer/enforcer.py:505}}
Nov 01 11:06:30 ubuntu devstack@keystone.service[81368]: [pid: 81368|app: 0|req: 6/14] 10.201.5.82 () {56 vars in 1132 bytes} [Sat Nov  1 11:06:30 2025] GET /identity/v3/roles/admin => generated 83 bytes in 87 msecs (HTTP/1.1 404) 5 headers in 183 bytes (1 switches on core 0)
Nov 01 11:06:30 ubuntu devstack@keystone.service[81368]: DEBUG keystone.server.flask.request_processing.middleware.auth_context [None req-da574dba-2b41-418b-9ed0-ac4ce17ac769 None admin] Authenticating user token {{(pid=81368) process_request /opt/stack/data/venv/lib/python3.10/site-packages/keystonemiddleware/auth_token/__init__.py:407}}
Nov 01 11:06:30 ubuntu devstack@keystone.service[81367]: DEBUG keystone.common.sql.core [None req-a81e023f-6cb0-4c59-b0d9-5804f5326821 None admin] Conflict project: (pymysql.err.IntegrityError) (1062, "Duplicate entry '<<keystone.domain.root>>-Default' for key 'project.ixu_project_name_domain_id'")
Nov 01 11:06:30 ubuntu devstack@keystone.service[81367]: [SQL: INSERT INTO project (id, name, domain_id, description, enabled, extra, parent_id, is_domain) VALUES (%(id)s, %(name)s, %(domain_id)s, %(description)s, %(enabled)s, %(extra)s, %(parent_id)s, %(is_domain)s)]
Nov 01 11:06:30 ubuntu devstack@keystone.service[81367]: [parameters: {'id': '63776b4235d6474190a36c41b7bd5d3d', 'name': 'Default', 'domain_id': '<<keystone.domain.root>>', 'description': '', 'enabled': 1, 'extra': '{}', 'parent_id': None, 'is_domain': 1}]
Nov 01 11:06:30 ubuntu devstack@keystone.service[81367]: (Background on this error at: https://sqlalche.me/e/20/gkpj) {{(pid=81367) wrapper /opt/stack/keystone/keystone/common/sql/core.py:580}}
Nov 01 11:06:30 ubuntu devstack@keystone.service[81367]: ERROR keystone.server.flask.application [None req-a81e023f-6cb0-4c59-b0d9-5804f5326821 None admin] Conflict occurred attempting to store project - it is not permitted to have two projects acting as domains with the same name: Default.: keystone.exception.Conflict: Conflict occurred attempting to store project - it is not permitted to have two projects acting as domains with the same name: Default.
Nov 01 11:06:30 ubuntu devstack@keystone.service[81367]: ERROR keystone.server.flask.application Traceback (most recent call last):
Nov 01 11:06:30 ubuntu devstack@keystone.service[81367]: ERROR keystone.server.flask.application   File "/opt/stack/data/venv/lib/python3.10/site-packages/sqlalchemy/engine/base.py", line 1967, in _exec_single_context
Nov 01 11:06:30 ubuntu devstack@keystone.service[81367]: ERROR keystone.server.flask.application     self.dialect.do_execute(
Nov 01 11:06:30 ubuntu devstack@keystone.service[81367]: ERROR keystone.server.flask.application   File "/opt/stack/data/venv/lib/python3.10/site-packages/sqlalchemy/engine/default.py", line 951, in do_execute
Nov 01 11:06:30 ubuntu devstack@keystone.service[81367]: ERROR keystone.server.flask.application     cursor.execute(statement, parameters)
Nov 01 11:06:30 ubuntu devstack@keystone.service[81367]: ERROR keystone.server.flask.application   File "/opt/stack/data/venv/lib/python3.10/site-packages/pymysql/cursors.py", line 153, in execute
Nov 01 11:06:30 ubuntu devstack@keystone.service[81367]: ERROR keystone.server.flask.application     result = self._query(query)
Nov 01 11:06:30 ubuntu devstack@keystone.service[81367]: ERROR keystone.server.flask.application   File "/opt/stack/data/venv/lib/python3.10/site-packages/pymysql/cursors.py", line 322, in _query
Nov 01 11:06:30 ubuntu devstack@keystone.service[81367]: ERROR keystone.server.flask.application     conn.query(q)
Nov 01 11:06:30 ubuntu devstack@keystone.service[81367]: ERROR keystone.server.flask.application   File "/opt/stack/data/venv/lib/python3.10/site-packages/pymysql/connections.py", line 575, in query
