Feb 15 11:49:46 ubuntu devstack@keystone.service[81795]: DEBUG keystone.server.flask.common [-] Adding resource routes to API projects: ['/projects/<string:project_id>/groups/<string:group_id>/roles' {}] {{(pid=81795) _add_mapped_resources /opt/stack/keystone/keystone/server/flask/common.py:483}}
Feb 15 11:49:46 ubuntu devstack@keystone.service[81795]: DEBUG keystone.server.flask.common [-] Adding resource routes to API regions: ['/regions' {}] {{(pid=81795) _add_mapped_resources /opt/stack/keystone/keystone/server/flask/common.py:483}}
Feb 15 11:49:46 ubuntu devstack@keystone.service[81795]: DEBUG keystone.server.flask.common [-] Adding resource routes to API regions: ['/regions/<string:region_id>' {}] {{(pid=81795) _add_mapped_resources /opt/stack/keystone/keystone/server/flask/common.py:483}}
Feb 15 11:49:46 ubuntu devstack@keystone.service[81795]: DEBUG keystone.server.flask.common [-] Adding resource routes to API registered_limits: ['/registered_limits' {}] {{(pid=81795) _add_mapped_resources /opt/stack/keystone/keystone/server/flask/common.py:483}}
Feb 15 11:49:46 ubuntu devstack@keystone.service[81795]: DEBUG keystone.server.flask.common [-] Adding resource routes to API registered_limits: ['/registered_limits/<string:registered_limit_id>' {}] {{(pid=81795) _add_mapped_resources /opt/stack/keystone/keystone/server/flask/common.py:483}}
Feb 15 11:49:46 ubuntu devstack@keystone.service[81795]: DEBUG keystone.server.flask.common [-] Adding resource routes to API role_assignments: ['/role_assignments' {}] {{(pid=81795) _add_mapped_resources /opt/stack/keystone/keystone/server/flask/common.py:483}}
Feb 15 11:49:46 ubuntu devstack@keystone.service[81795]: DEBUG keystone.server.flask.common [-] Adding resource routes to API role_inferences: ['/role_inferences' {}] {{(pid=81795) _add_mapped_resources /opt/stack/keystone/keystone/server/flask/common.py:483}}
Feb 15 11:49:46 ubuntu devstack@keystone.service[81795]: DEBUG keystone.server.flask.common [-] Adding resource routes to API roles: ['/roles' {}] {{(pid=81795) _add_mapped_resources /opt/stack/keystone/keystone/server/flask/common.py:483}}
Feb 15 11:49:46 ubuntu devstack@keystone.service[81795]: DEBUG keystone.server.flask.common [-] Adding resource routes to API roles: ['/roles/<string:role_id>' {}] {{(pid=81795) _add_mapped_resources /opt/stack/keystone/keystone/server/flask/common.py:483}}
Feb 15 11:49:46 ubuntu devstack@keystone.service[81795]: DEBUG keystone.server.flask.common [-] Adding resource routes to API roles: ['/roles/<string:prior_role_id>/implies' {}] {{(pid=81795) _add_mapped_resources /opt/stack/keystone/keystone/server/flask/common.py:483}}
Feb 15 11:49:46 ubuntu devstack@keystone.service[81795]: DEBUG keystone.server.flask.common [-] Adding resource routes to API roles: ['/roles/<string:prior_role_id>/implies/<string:implied_role_id>' {}] {{(pid=81795) _add_mapped_resources /opt/stack/keystone/keystone/server/flask/common.py:483}}
Feb 15 11:49:46 ubuntu devstack@keystone.service[81795]: DEBUG keystone.server.flask.common [-] Adding resource routes to API s3tokens: ['/s3tokens' {}] {{(pid=81795) _add_mapped_resources /opt/stack/keystone/keystone/server/flask/common.py:483}}
Feb 15 11:49:46 ubuntu devstack@keystone.service[81795]: DEBUG keystone.server.flask.common [-] Adding resource routes to API services: ['/services' {}] {{(pid=81795) _add_mapped_resources /opt/stack/keystone/keystone/server/flask/common.py:483}}
Feb 15 11:49:46 ubuntu devstack@keystone.service[81795]: DEBUG keystone.server.flask.common [-] Adding resource routes to API services: ['/services/<string:service_id>' {}] {{(pid=81795) _add_mapped_resources /opt/stack/keystone/keystone/server/flask/common.py:483}}
Feb 15 11:49:46 ubuntu devstack@keystone.service[81795]: DEBUG keystone.server.flask.common [-] Adding resource routes to API system: ['/system/users/<string:user_id>/roles' {}] {{(pid=81795) _add_mapped_resources /opt/stack/keystone/keystone/server/flask/common.py:483}}
Feb 15 11:49:46 ubuntu devstack@keystone.service[81795]: DEBUG keystone.server.flask.common [-] Adding resource routes to API system: ['/system/users/<string:user_id>/roles/<string:role_id>' {}] {{(pid=81795) _add_mapped_resources /opt/stack/keystone/keystone/server/flask/common.py:483}}
Feb 15 11:49:46 ubuntu devstack@keystone.service[81795]: DEBUG keystone.server.flask.common [-] Adding resource routes to API system: ['/system/groups/<string:group_id>/roles' {}] {{(pid=81795) _add_mapped_resources /opt/stack/keystone/keystone/server/flask/common.py:483}}
Feb 15 11:49:46 ubuntu devstack@keystone.service[81795]: DEBUG keystone.server.flask.common [-] Adding resource routes to API system: ['/system/groups/<string:group_id>/roles/<string:role_id>' {}] {{(pid=81795) _add_mapped_resources /opt/stack/keystone/keystone/server/flask/common.py:483}}
Feb 15 11:49:46 ubuntu devstack@keystone.service[81795]: DEBUG keystone.server.flask.common [-] Adding resource routes to API trusts: ['/trusts' {}] {{(pid=81795) _add_mapped_resources /opt/stack/keystone/keystone/server/flask/common.py:483}}
Feb 15 11:49:46 ubuntu devstack@keystone.service[81795]: DEBUG keystone.server.flask.common [-] Adding resource routes to API trusts: ['/trusts/<string:trust_id>' {}] {{(pid=81795) _add_mapped_resources /opt/stack/keystone/keystone/server/flask/common.py:483}}
Feb 15 11:49:46 ubuntu devstack@keystone.service[81795]: DEBUG keystone.server.flask.common [-] Adding resource routes to API trusts: ['/trusts/<string:trust_id>/roles' {}] {{(pid=81795) _add_mapped_resources /opt/stack/keystone/keystone/server/flask/common.py:483}}
Feb 15 11:49:46 ubuntu devstack@keystone.service[81795]: DEBUG keystone.server.flask.common [-] Adding resource routes to API trusts: ['/trusts/<string:trust_id>/roles/<string:role_id>' {}] {{(pid=81795) _add_mapped_resources /opt/stack/keystone/keystone/server/flask/common.py:483}}
Feb 15 11:49:46 ubuntu devstack@keystone.service[81795]: DEBUG keystone.server.flask.common [-] Adding resource routes to API users: ['/users' {}] {{(pid=81795) _add_mapped_resources /opt/stack/keystone/keystone/server/flask/common.py:483}}
Feb 15 11:49:46 ubuntu devstack@keystone.service[81795]: DEBUG keystone.server.flask.common [-] Adding resource routes to API users: ['/users/<string:user_id>' {}] {{(pid=81795) _add_mapped_resources /opt/stack/keystone/keystone/server/flask/common.py:483}}
Feb 15 11:49:46 ubuntu devstack@keystone.service[81795]: DEBUG keystone.server.flask.common [-] Adding resource routes to API users: ['/users/<string:user_id>/password' {}] {{(pid=81795) _add_mapped_resources /opt/stack/keystone/keystone/server/flask/common.py:483}}
Feb 15 11:49:46 ubuntu devstack@keystone.service[81795]: DEBUG keystone.server.flask.common [-] Adding resource routes to API users: ['/users/<string:user_id>/groups' {}] {{(pid=81795) _add_mapped_resources /opt/stack/keystone/keystone/server/flask/common.py:483}}
Feb 15 11:49:46 ubuntu devstack@keystone.service[81795]: DEBUG keystone.server.flask.common [-] Adding resource routes to API users: ['/users/<string:user_id>/projects' {}] {{(pid=81795) _add_mapped_resources /opt/stack/keystone/keystone/server/flask/common.py:483}}
Feb 15 11:49:46 ubuntu devstack@keystone.service[81795]: DEBUG keystone.server.flask.common [-] Adding resource routes to API users: ['/users/<string:user_id>/credentials/OS-EC2' {}] {{(pid=81795) _add_mapped_resources /opt/stack/keystone/keystone/server/flask/common.py:483}}
Feb 15 11:49:46 ubuntu devstack@keystone.service[81795]: DEBUG keystone.server.flask.common [-] Adding resource routes to API users: ['/users/<string:user_id>/credentials/OS-EC2/<string:credential_id>' {}] {{(pid=81795) _add_mapped_resources /opt/stack/keystone/keystone/server/flask/common.py:483}}
Feb 15 11:49:46 ubuntu devstack@keystone.service[81795]: DEBUG keystone.server.flask.common [-] Adding resource routes to API users: ['/users/<string:user_id>/OS-OAUTH1/access_tokens' {}] {{(pid=81795) _add_mapped_resources /opt/stack/keystone/keystone/server/flask/common.py:483}}
Feb 15 11:49:46 ubuntu devstack@keystone.service[81795]: DEBUG keystone.server.flask.common [-] Adding resource routes to API users: ['/users/<string:user_id>/OS-OAUTH1/access_tokens/<string:access_token_id>' {}] {{(pid=81795) _add_mapped_resources /opt/stack/keystone/keystone/server/flask/common.py:483}}
Feb 15 11:49:46 ubuntu devstack@keystone.service[81795]: DEBUG keystone.server.flask.common [-] Adding resource routes to API users: ['/users/<string:user_id>/OS-OAUTH1/access_tokens/<string:access_token_id>/roles' {}] {{(pid=81795) _add_mapped_resources /opt/stack/keystone/keystone/server/flask/common.py:483}}
Feb 15 11:49:46 ubuntu devstack@keystone.service[81795]: DEBUG keystone.server.flask.common [-] Adding resource routes to API users: ['/users/<string:user_id>/OS-OAUTH1/access_tokens/<string:access_token_id>/roles/<string:role_id>' {}] {{(pid=81795) _add_mapped_resources /opt/stack/keystone/keystone/server/flask/common.py:483}}
Feb 15 11:49:46 ubuntu devstack@keystone.service[81795]: DEBUG keystone.server.flask.common [-] Adding resource routes to API users: ['/users/<string:user_id>/application_credentials' {}] {{(pid=81795) _add_mapped_resources /opt/stack/keystone/keystone/server/flask/common.py:483}}
Feb 15 11:49:46 ubuntu devstack@keystone.service[81795]: DEBUG keystone.server.flask.common [-] Adding resource routes to API users: ['/users/<string:user_id>/application_credentials/<string:application_credential_id>' {}] {{(pid=81795) _add_mapped_resources /opt/stack/keystone/keystone/server/flask/common.py:483}}
Feb 15 11:49:46 ubuntu devstack@keystone.service[81795]: DEBUG keystone.server.flask.common [-] Adding resource routes to API users: ['/users/<string:user_id>/access_rules' {}] {{(pid=81795) _add_mapped_resources /opt/stack/keystone/keystone/server/flask/common.py:483}}
Feb 15 11:49:46 ubuntu devstack@keystone.service[81795]: DEBUG keystone.server.flask.common [-] Adding resource routes to API users: ['/users/<string:user_id>/access_rules/<string:access_rule_id>' {}] {{(pid=81795) _add_mapped_resources /opt/stack/keystone/keystone/server/flask/common.py:483}}
Feb 15 11:49:46 ubuntu devstack@keystone.service[81795]: WSGI app 0 (mountpoint='') ready in 2 seconds on interpreter 0x5555caeb2d40 pid: 81795 (default app)
Feb 15 11:49:52 ubuntu devstack@keystone.service[81794]: DEBUG keystone.server.flask.request_processing.req_logging [None req-aec088fb-0a2e-4392-99d9-b184e57ddafd None None] REQUEST_METHOD: `GET` {{(pid=81794) log_request_info /opt/stack/keystone/keystone/server/flask/request_processing/req_logging.py:26}}
Feb 15 11:49:52 ubuntu devstack@keystone.service[81794]: DEBUG keystone.server.flask.request_processing.req_logging [None req-aec088fb-0a2e-4392-99d9-b184e57ddafd None None] SCRIPT_NAME: `/identity` {{(pid=81794) log_request_info /opt/stack/keystone/keystone/server/flask/request_processing/req_logging.py:27}}
Feb 15 11:49:52 ubuntu devstack@keystone.service[81794]: DEBUG keystone.server.flask.request_processing.req_logging [None req-aec088fb-0a2e-4392-99d9-b184e57ddafd None None] PATH_INFO: `/` {{(pid=81794) log_request_info /opt/stack/keystone/keystone/server/flask/request_processing/req_logging.py:28}}
Feb 15 11:49:52 ubuntu devstack@keystone.service[81794]: [pid: 81794|app: 0|req: 2/2] 10.201.5.82 () {54 vars in 919 bytes} [Sun Feb 15 11:49:52 2026] GET /identity => generated 270 bytes in 5 msecs (HTTP/1.1 300) 6 headers in 234 bytes (1 switches on core 0)
Feb 15 11:49:52 ubuntu devstack@keystone.service[81795]: DEBUG keystone.server.flask.request_processing.req_logging [None req-93dcdbab-bf3e-46d6-a94a-a489df6f7337 None None] REQUEST_METHOD: `POST` {{(pid=81795) log_request_info /opt/stack/keystone/keystone/server/flask/request_processing/req_logging.py:26}}
Feb 15 11:49:52 ubuntu devstack@keystone.service[81795]: DEBUG keystone.server.flask.request_processing.req_logging [None req-93dcdbab-bf3e-46d6-a94a-a489df6f7337 None None] SCRIPT_NAME: `/identity` {{(pid=81795) log_request_info /opt/stack/keystone/keystone/server/flask/request_processing/req_logging.py:27}}
Feb 15 11:49:52 ubuntu devstack@keystone.service[81795]: DEBUG keystone.server.flask.request_processing.req_logging [None req-93dcdbab-bf3e-46d6-a94a-a489df6f7337 None None] PATH_INFO: `/v3/auth/tokens` {{(pid=81795) log_request_info /opt/stack/keystone/keystone/server/flask/request_processing/req_logging.py:28}}
Feb 15 11:49:52 ubuntu devstack@keystone.service[81795]: INFO dbcounter [None req-93dcdbab-bf3e-46d6-a94a-a489df6f7337 None None] Registered counter for database keystone
Feb 15 11:49:52 ubuntu devstack@keystone.service[81795]: DEBUG oslo_db.sqlalchemy.engines [None req-93dcdbab-bf3e-46d6-a94a-a489df6f7337 None None] MySQL server mode set to STRICT_TRANS_TABLES,STRICT_ALL_TABLES,NO_ZERO_IN_DATE,NO_ZERO_DATE,ERROR_FOR_DIVISION_BY_ZERO,TRADITIONAL,NO_ENGINE_SUBSTITUTION {{(pid=81795) _check_effective_sql_mode /opt/stack/data/venv/lib/python3.10/site-packages/oslo_db/sqlalchemy/engines.py:325}}
Feb 15 11:49:52 ubuntu devstack@keystone.service[81795]: DEBUG dbcounter [-] [81795] Writer thread running {{(pid=81795) stat_writer /opt/stack/data/venv/lib/python3.10/site-packages/dbcounter.py:102}}
Feb 15 11:49:52 ubuntu devstack@keystone.service[81795]: WARNING keystone.common.password_hashing [None req-93dcdbab-bf3e-46d6-a94a-a489df6f7337 None None] Truncating password to algorithm specific maximum length 72 characters.
Feb 15 11:49:52 ubuntu devstack@keystone.service[81795]: DEBUG keystone.auth.core [None req-93dcdbab-bf3e-46d6-a94a-a489df6f7337 None None] MFA Rules not processed for user `00cfab227c1e4327afbdae450eb346f3`. Rule list: `[]` (Enabled: `True`). {{(pid=81795) check_auth_methods_against_rules /opt/stack/keystone/keystone/auth/core.py:476}}
Feb 15 11:49:52 ubuntu devstack@keystone.service[81795]: DEBUG keystone.common.fernet_utils [None req-93dcdbab-bf3e-46d6-a94a-a489df6f7337 None None] Loaded 2 Fernet keys from /etc/keystone/fernet-keys/, but `[fernet_tokens] max_active_keys = 3`; perhaps there have not been enough key rotations to reach `max_active_keys` yet? {{(pid=81795) load_keys /opt/stack/keystone/keystone/common/fernet_utils.py:297}}
Feb 15 11:49:53 ubuntu devstack@keystone.service[81795]: [pid: 81795|app: 0|req: 1/3] 10.201.5.82 () {58 vars in 1016 bytes} [Sun Feb 15 11:49:52 2026] POST /identity/v3/auth/tokens => generated 977 bytes in 269 msecs (HTTP/1.1 201) 6 headers in 384 bytes (2 switches on core 0)
Feb 15 11:49:53 ubuntu devstack@keystone.service[81794]: DEBUG keystone.server.flask.request_processing.middleware.auth_context [None req-aec088fb-0a2e-4392-99d9-b184e57ddafd None None] Authenticating user token {{(pid=81794) process_request /opt/stack/data/venv/lib/python3.10/site-packages/keystonemiddleware/auth_token/__init__.py:407}}
Feb 15 11:49:53 ubuntu devstack@keystone.service[81794]: INFO dbcounter [None req-aec088fb-0a2e-4392-99d9-b184e57ddafd None None] Registered counter for database keystone
Feb 15 11:49:53 ubuntu devstack@keystone.service[81794]: DEBUG oslo_db.sqlalchemy.engines [None req-aec088fb-0a2e-4392-99d9-b184e57ddafd None None] MySQL server mode set to STRICT_TRANS_TABLES,STRICT_ALL_TABLES,NO_ZERO_IN_DATE,NO_ZERO_DATE,ERROR_FOR_DIVISION_BY_ZERO,TRADITIONAL,NO_ENGINE_SUBSTITUTION {{(pid=81794) _check_effective_sql_mode /opt/stack/data/venv/lib/python3.10/site-packages/oslo_db/sqlalchemy/engines.py:325}}
Feb 15 11:49:53 ubuntu devstack@keystone.service[81794]: DEBUG dbcounter [-] [81794] Writer thread running {{(pid=81794) stat_writer /opt/stack/data/venv/lib/python3.10/site-packages/dbcounter.py:102}}
Feb 15 11:49:53 ubuntu devstack@keystone.service[81794]: DEBUG keystone.server.flask.request_processing.middleware.auth_context [None req-aec088fb-0a2e-4392-99d9-b184e57ddafd None None] Validating token access rules against request {{(pid=81794) validate_allowed_request /opt/stack/data/venv/lib/python3.10/site-packages/keystonemiddleware/auth_token/__init__.py:545}}
Feb 15 11:49:53 ubuntu devstack@keystone.service[81794]: DEBUG keystone.server.flask.request_processing.middleware.auth_context [None req-064f6f12-82e6-467a-98d1-188504f4e710 admin admin] RBAC: auth_context: {'token': <TokenModel (audit_id=I4QpyuYgQjSbUwzhldelFQ, audit_chain_id=['I4QpyuYgQjSbUwzhldelFQ']) at 0x7ff162b549a0>, 'domain_id': None, 'trust_id': None, 'trustor_id': None, 'trustee_id': None, 'domain_name': None, 'group_ids': [], 'user_id': '00cfab227c1e4327afbdae450eb346f3', 'user_domain_id': 'default', 'system_scope': None, 'project_id': 'fd49c74ee2f94eec9f893a0c1e17f6ac', 'project_domain_id': 'default', 'roles': ['reader', 'admin', 'manager', 'member'], 'is_admin_project': True, 'service_user_id': None, 'service_user_domain_id': None, 'service_project_id': None, 'service_project_domain_id': None, 'service_roles': []} {{(pid=81794) fill_context /opt/stack/keystone/keystone/server/flask/request_processing/middleware/auth_context.py:509}}
Feb 15 11:49:53 ubuntu devstack@keystone.service[81794]: DEBUG keystone.server.flask.request_processing.req_logging [None req-064f6f12-82e6-467a-98d1-188504f4e710 admin admin] REQUEST_METHOD: `GET` {{(pid=81794) log_request_info /opt/stack/keystone/keystone/server/flask/request_processing/req_logging.py:26}}
Feb 15 11:49:53 ubuntu devstack@keystone.service[81794]: DEBUG keystone.server.flask.request_processing.req_logging [None req-064f6f12-82e6-467a-98d1-188504f4e710 admin admin] SCRIPT_NAME: `/identity` {{(pid=81794) log_request_info /opt/stack/keystone/keystone/server/flask/request_processing/req_logging.py:27}}
Feb 15 11:49:53 ubuntu devstack@keystone.service[81794]: DEBUG keystone.server.flask.request_processing.req_logging [None req-064f6f12-82e6-467a-98d1-188504f4e710 admin admin] PATH_INFO: `/v3/auth/tokens` {{(pid=81794) log_request_info /opt/stack/keystone/keystone/server/flask/request_processing/req_logging.py:28}}
Feb 15 11:49:53 ubuntu devstack@keystone.service[81794]: DEBUG keystone.common.rbac_enforcer.enforcer [None req-064f6f12-82e6-467a-98d1-188504f4e710 admin admin] RBAC: Authorizing `identity:validate_token()` {{(pid=81794) enforce_call /opt/stack/keystone/keystone/common/rbac_enforcer/enforcer.py:494}}
Feb 15 11:49:53 ubuntu devstack@keystone.service[81794]: WARNING keystone.common.rbac_enforcer.enforcer [None req-064f6f12-82e6-467a-98d1-188504f4e710 admin admin] Deprecated policy rules found. Use oslopolicy-policy-generator and oslopolicy-policy-upgrade to detect and resolve deprecated policies in your configuration.
Feb 15 11:49:53 ubuntu devstack@keystone.service[81794]: DEBUG keystone.common.rbac_enforcer.enforcer [None req-064f6f12-82e6-467a-98d1-188504f4e710 admin admin] RBAC: Authorization granted {{(pid=81794) enforce_call /opt/stack/keystone/keystone/common/rbac_enforcer/enforcer.py:505}}
Feb 15 11:49:53 ubuntu devstack@keystone.service[81794]: [pid: 81794|app: 0|req: 3/4] 10.201.5.82 () {58 vars in 1316 bytes} [Sun Feb 15 11:49:53 2026] GET /identity/v3/auth/tokens => generated 977 bytes in 160 msecs (HTTP/1.1 200) 6 headers in 379 bytes (2 switches on core 0)
Feb 15 11:49:53 ubuntu devstack@keystone.service[81795]: DEBUG keystone.server.flask.request_processing.middleware.auth_context [None req-93dcdbab-bf3e-46d6-a94a-a489df6f7337 None None] Authenticating user token {{(pid=81795) process_request /opt/stack/data/venv/lib/python3.10/site-packages/keystonemiddleware/auth_token/__init__.py:407}}
Feb 15 11:49:53 ubuntu devstack@keystone.service[81795]: DEBUG keystone.server.flask.request_processing.middleware.auth_context [None req-93dcdbab-bf3e-46d6-a94a-a489df6f7337 None None] Validating token access rules against request {{(pid=81795) validate_allowed_request /opt/stack/data/venv/lib/python3.10/site-packages/keystonemiddleware/auth_token/__init__.py:545}}
Feb 15 11:49:53 ubuntu devstack@keystone.service[81795]: DEBUG keystone.server.flask.request_processing.middleware.auth_context [None req-13b7f035-3c3a-4b78-9533-e3dcf25787b3 admin admin] RBAC: auth_context: {'token': <TokenModel (audit_id=I4QpyuYgQjSbUwzhldelFQ, audit_chain_id=['I4QpyuYgQjSbUwzhldelFQ']) at 0x7ff162b1ca90>, 'domain_id': None, 'trust_id': None, 'trustor_id': None, 'trustee_id': None, 'domain_name': None, 'group_ids': [], 'user_id': '00cfab227c1e4327afbdae450eb346f3', 'user_domain_id': 'default', 'system_scope': None, 'project_id': 'fd49c74ee2f94eec9f893a0c1e17f6ac', 'project_domain_id': 'default', 'roles': ['reader', 'admin', 'manager', 'member'], 'is_admin_project': True, 'service_user_id': None, 'service_user_domain_id': None, 'service_project_id': None, 'service_project_domain_id': None, 'service_roles': []} {{(pid=81795) fill_context /opt/stack/keystone/keystone/server/flask/request_processing/middleware/auth_context.py:509}}
Feb 15 11:49:53 ubuntu devstack@keystone.service[81795]: DEBUG keystone.server.flask.request_processing.req_logging [None req-13b7f035-3c3a-4b78-9533-e3dcf25787b3 admin admin] REQUEST_METHOD: `GET` {{(pid=81795) log_request_info /opt/stack/keystone/keystone/server/flask/request_processing/req_logging.py:26}}
Feb 15 11:49:53 ubuntu devstack@keystone.service[81795]: DEBUG keystone.server.flask.request_processing.req_logging [None req-13b7f035-3c3a-4b78-9533-e3dcf25787b3 admin admin] SCRIPT_NAME: `/identity` {{(pid=81795) log_request_info /opt/stack/keystone/keystone/server/flask/request_processing/req_logging.py:27}}
Feb 15 11:49:53 ubuntu devstack@keystone.service[81795]: DEBUG keystone.server.flask.request_processing.req_logging [None req-13b7f035-3c3a-4b78-9533-e3dcf25787b3 admin admin] PATH_INFO: `/v3/projects/fd49c74ee2f94eec9f893a0c1e17f6ac` {{(pid=81795) log_request_info /opt/stack/keystone/keystone/server/flask/request_processing/req_logging.py:28}}
Feb 15 11:49:53 ubuntu devstack@keystone.service[81795]: DEBUG keystone.common.rbac_enforcer.enforcer [None req-13b7f035-3c3a-4b78-9533-e3dcf25787b3 admin admin] RBAC: Authorizing `identity:get_project(project_id=fd49c74ee2f94eec9f893a0c1e17f6ac)` {{(pid=81795) enforce_call /opt/stack/keystone/keystone/common/rbac_enforcer/enforcer.py:494}}
Feb 15 11:49:53 ubuntu devstack@keystone.service[81795]: WARNING keystone.common.rbac_enforcer.enforcer [None req-13b7f035-3c3a-4b78-9533-e3dcf25787b3 admin admin] Deprecated policy rules found. Use oslopolicy-policy-generator and oslopolicy-policy-upgrade to detect and resolve deprecated policies in your configuration.
Feb 15 11:49:53 ubuntu devstack@keystone.service[81795]: DEBUG keystone.common.rbac_enforcer.enforcer [None req-13b7f035-3c3a-4b78-9533-e3dcf25787b3 admin admin] RBAC: Authorization granted {{(pid=81795) enforce_call /opt/stack/keystone/keystone/common/rbac_enforcer/enforcer.py:505}}
Feb 15 11:49:53 ubuntu devstack@keystone.service[81795]: [pid: 81795|app: 0|req: 2/5] 10.201.5.82 () {56 vars in 1199 bytes} [Sun Feb 15 11:49:53 2026] GET /identity/v3/projects/fd49c74ee2f94eec9f893a0c1e17f6ac => generated 344 bytes in 37 msecs (HTTP/1.1 200) 5 headers in 177 bytes (1 switches on core 0)
Feb 15 11:49:54 ubuntu devstack@keystone.service[81794]: DEBUG keystone.server.flask.request_processing.req_logging [None req-cf17a8be-6876-4f61-84de-7db5fec08c02 None None] REQUEST_METHOD: `GET` {{(pid=81794) log_request_info /opt/stack/keystone/keystone/server/flask/request_processing/req_logging.py:26}}
Feb 15 11:49:54 ubuntu devstack@keystone.service[81794]: DEBUG keystone.server.flask.request_processing.req_logging [None req-cf17a8be-6876-4f61-84de-7db5fec08c02 None None] SCRIPT_NAME: `/identity` {{(pid=81794) log_request_info /opt/stack/keystone/keystone/server/flask/request_processing/req_logging.py:27}}
Feb 15 11:49:54 ubuntu devstack@keystone.service[81794]: DEBUG keystone.server.flask.request_processing.req_logging [None req-cf17a8be-6876-4f61-84de-7db5fec08c02 None None] PATH_INFO: `/` {{(pid=81794) log_request_info /opt/stack/keystone/keystone/server/flask/request_processing/req_logging.py:28}}
Feb 15 11:49:54 ubuntu devstack@keystone.service[81794]: [pid: 81794|app: 0|req: 4/6] 10.201.5.82 () {54 vars in 919 bytes} [Sun Feb 15 11:49:54 2026] GET /identity => generated 270 bytes in 2 msecs (HTTP/1.1 300) 6 headers in 234 bytes (2 switches on core 0)
Feb 15 11:49:54 ubuntu devstack@keystone.service[81795]: DEBUG keystone.server.flask.request_processing.req_logging [None req-c64b4e66-cc2d-4acc-933c-894a36238211 None None] REQUEST_METHOD: `POST` {{(pid=81795) log_request_info /opt/stack/keystone/keystone/server/flask/request_processing/req_logging.py:26}}
Feb 15 11:49:54 ubuntu devstack@keystone.service[81795]: DEBUG keystone.server.flask.request_processing.req_logging [None req-c64b4e66-cc2d-4acc-933c-894a36238211 None None] SCRIPT_NAME: `/identity` {{(pid=81795) log_request_info /opt/stack/keystone/keystone/server/flask/request_processing/req_logging.py:27}}
Feb 15 11:49:54 ubuntu devstack@keystone.service[81795]: DEBUG keystone.server.flask.request_processing.req_logging [None req-c64b4e66-cc2d-4acc-933c-894a36238211 None None] PATH_INFO: `/v3/auth/tokens` {{(pid=81795) log_request_info /opt/stack/keystone/keystone/server/flask/request_processing/req_logging.py:28}}
Feb 15 11:49:54 ubuntu devstack@keystone.service[81795]: WARNING keystone.common.password_hashing [None req-c64b4e66-cc2d-4acc-933c-894a36238211 None None] Truncating password to algorithm specific maximum length 72 characters.
Feb 15 11:49:54 ubuntu devstack@keystone.service[81795]: DEBUG keystone.auth.core [None req-c64b4e66-cc2d-4acc-933c-894a36238211 None None] MFA Rules not processed for user `00cfab227c1e4327afbdae450eb346f3`. Rule list: `[]` (Enabled: `True`). {{(pid=81795) check_auth_methods_against_rules /opt/stack/keystone/keystone/auth/core.py:476}}
Feb 15 11:49:54 ubuntu devstack@keystone.service[81795]: DEBUG keystone.common.fernet_utils [None req-c64b4e66-cc2d-4acc-933c-894a36238211 None None] Loaded 2 Fernet keys from /etc/keystone/fernet-keys/, but `[fernet_tokens] max_active_keys = 3`; perhaps there have not been enough key rotations to reach `max_active_keys` yet? {{(pid=81795) load_keys /opt/stack/keystone/keystone/common/fernet_utils.py:297}}
Feb 15 11:49:54 ubuntu devstack@keystone.service[81795]: [pid: 81795|app: 0|req: 3/7] 10.201.5.82 () {58 vars in 1016 bytes} [Sun Feb 15 11:49:54 2026] POST /identity/v3/auth/tokens => generated 977 bytes in 26 msecs (HTTP/1.1 201) 6 headers in 384 bytes (2 switches on core 0)
Feb 15 11:49:54 ubuntu devstack@keystone.service[81794]: DEBUG keystone.server.flask.request_processing.middleware.auth_context [None req-cf17a8be-6876-4f61-84de-7db5fec08c02 None None] Authenticating user token {{(pid=81794) process_request /opt/stack/data/venv/lib/python3.10/site-packages/keystonemiddleware/auth_token/__init__.py:407}}
Feb 15 11:49:54 ubuntu devstack@keystone.service[81794]: DEBUG keystone.server.flask.request_processing.middleware.auth_context [None req-cf17a8be-6876-4f61-84de-7db5fec08c02 None None] Validating token access rules against request {{(pid=81794) validate_allowed_request /opt/stack/data/venv/lib/python3.10/site-packages/keystonemiddleware/auth_token/__init__.py:545}}
Feb 15 11:49:54 ubuntu devstack@keystone.service[81794]: DEBUG keystone.server.flask.request_processing.middleware.auth_context [None req-de9908ea-5e72-4da2-a865-4a10bb7d56d4 admin admin] RBAC: auth_context: {'token': <TokenModel (audit_id=hx0gHh-PQOCNv0TaLLCmNA, audit_chain_id=['hx0gHh-PQOCNv0TaLLCmNA']) at 0x7ff161ef8fa0>, 'domain_id': None, 'trust_id': None, 'trustor_id': None, 'trustee_id': None, 'domain_name': None, 'group_ids': [], 'user_id': '00cfab227c1e4327afbdae450eb346f3', 'user_domain_id': 'default', 'system_scope': None, 'project_id': 'fd49c74ee2f94eec9f893a0c1e17f6ac', 'project_domain_id': 'default', 'roles': ['reader', 'admin', 'manager', 'member'], 'is_admin_project': True, 'service_user_id': None, 'service_user_domain_id': None, 'service_project_id': None, 'service_project_domain_id': None, 'service_roles': []} {{(pid=81794) fill_context /opt/stack/keystone/keystone/server/flask/request_processing/middleware/auth_context.py:509}}
Feb 15 11:49:54 ubuntu devstack@keystone.service[81794]: DEBUG keystone.server.flask.request_processing.req_logging [None req-de9908ea-5e72-4da2-a865-4a10bb7d56d4 admin admin] REQUEST_METHOD: `GET` {{(pid=81794) log_request_info /opt/stack/keystone/keystone/server/flask/request_processing/req_logging.py:26}}
Feb 15 11:49:54 ubuntu devstack@keystone.service[81794]: DEBUG keystone.server.flask.request_processing.req_logging [None req-de9908ea-5e72-4da2-a865-4a10bb7d56d4 admin admin] SCRIPT_NAME: `/identity` {{(pid=81794) log_request_info /opt/stack/keystone/keystone/server/flask/request_processing/req_logging.py:27}}
Feb 15 11:49:54 ubuntu devstack@keystone.service[81794]: DEBUG keystone.server.flask.request_processing.req_logging [None req-de9908ea-5e72-4da2-a865-4a10bb7d56d4 admin admin] PATH_INFO: `/v3/users/admin` {{(pid=81794) log_request_info /opt/stack/keystone/keystone/server/flask/request_processing/req_logging.py:28}}
Feb 15 11:49:54 ubuntu devstack@keystone.service[81794]: DEBUG keystone.common.rbac_enforcer.enforcer [None req-de9908ea-5e72-4da2-a865-4a10bb7d56d4 admin admin] RBAC: Authorizing `identity:get_user(user_id=admin)` {{(pid=81794) enforce_call /opt/stack/keystone/keystone/common/rbac_enforcer/enforcer.py:494}}
Feb 15 11:49:54 ubuntu devstack@keystone.service[81794]: DEBUG keystone.common.rbac_enforcer.enforcer [None req-de9908ea-5e72-4da2-a865-4a10bb7d56d4 admin admin] RBAC: Authorization granted {{(pid=81794) enforce_call /opt/stack/keystone/keystone/common/rbac_enforcer/enforcer.py:505}}
Feb 15 11:49:54 ubuntu devstack@keystone.service[81794]: DEBUG keystone.server.flask.application [None req-de9908ea-5e72-4da2-a865-4a10bb7d56d4 admin admin] Could not find user: admin. {{(pid=81794) _handle_keystone_exception /opt/stack/keystone/keystone/server/flask/application.py:146}}
Feb 15 11:49:54 ubuntu devstack@keystone.service[81794]: [pid: 81794|app: 0|req: 5/8] 10.201.5.82 () {56 vars in 1153 bytes} [Sun Feb 15 11:49:54 2026] GET /identity/v3/users/admin => generated 83 bytes in 35 msecs (HTTP/1.1 404) 5 headers in 183 bytes (2 switches on core 0)
Feb 15 11:49:54 ubuntu devstack@keystone.service[81795]: DEBUG keystone.server.flask.request_processing.middleware.auth_context [None req-c64b4e66-cc2d-4acc-933c-894a36238211 None None] Authenticating user token {{(pid=81795) process_request /opt/stack/data/venv/lib/python3.10/site-packages/keystonemiddleware/auth_token/__init__.py:407}}
Feb 15 11:49:54 ubuntu devstack@keystone.service[81795]: DEBUG keystone.server.flask.request_processing.middleware.auth_context [None req-c64b4e66-cc2d-4acc-933c-894a36238211 None None] Validating token access rules against request {{(pid=81795) validate_allowed_request /opt/stack/data/venv/lib/python3.10/site-packages/keystonemiddleware/auth_token/__init__.py:545}}
Feb 15 11:49:54 ubuntu devstack@keystone.service[81795]: DEBUG keystone.server.flask.request_processing.middleware.auth_context [None req-62436895-c8c5-49f6-8d87-6d9ca9f0f396 admin admin] RBAC: auth_context: {'token': <TokenModel (audit_id=hx0gHh-PQOCNv0TaLLCmNA, audit_chain_id=['hx0gHh-PQOCNv0TaLLCmNA']) at 0x7ff162b1cd60>, 'domain_id': None, 'trust_id': None, 'trustor_id': None, 'trustee_id': None, 'domain_name': None, 'group_ids': [], 'user_id': '00cfab227c1e4327afbdae450eb346f3', 'user_domain_id': 'default', 'system_scope': None, 'project_id': 'fd49c74ee2f94eec9f893a0c1e17f6ac', 'project_domain_id': 'default', 'roles': ['reader', 'admin', 'manager', 'member'], 'is_admin_project': True, 'service_user_id': None, 'service_user_domain_id': None, 'service_project_id': None, 'service_project_domain_id': None, 'service_roles': []} {{(pid=81795) fill_context /opt/stack/keystone/keystone/server/flask/request_processing/middleware/auth_context.py:509}}
Feb 15 11:49:54 ubuntu devstack@keystone.service[81795]: DEBUG keystone.server.flask.request_processing.req_logging [None req-62436895-c8c5-49f6-8d87-6d9ca9f0f396 admin admin] REQUEST_METHOD: `GET` {{(pid=81795) log_request_info /opt/stack/keystone/keystone/server/flask/request_processing/req_logging.py:26}}
Feb 15 11:49:54 ubuntu devstack@keystone.service[81795]: DEBUG keystone.server.flask.request_processing.req_logging [None req-62436895-c8c5-49f6-8d87-6d9ca9f0f396 admin admin] SCRIPT_NAME: `/identity` {{(pid=81795) log_request_info /opt/stack/keystone/keystone/server/flask/request_processing/req_logging.py:27}}
Feb 15 11:49:54 ubuntu devstack@keystone.service[81795]: DEBUG keystone.server.flask.request_processing.req_logging [None req-62436895-c8c5-49f6-8d87-6d9ca9f0f396 admin admin] PATH_INFO: `/v3/users` {{(pid=81795) log_request_info /opt/stack/keystone/keystone/server/flask/request_processing/req_logging.py:28}}
Feb 15 11:49:54 ubuntu devstack@keystone.service[81795]: DEBUG keystone.common.rbac_enforcer.enforcer [None req-62436895-c8c5-49f6-8d87-6d9ca9f0f396 admin admin] RBAC: Adding query filter params (name=admin) {{(pid=81795) _extract_filter_values /opt/stack/keystone/keystone/common/rbac_enforcer/enforcer.py:176}}
Feb 15 11:49:54 ubuntu devstack@keystone.service[81795]: DEBUG keystone.common.rbac_enforcer.enforcer [None req-62436895-c8c5-49f6-8d87-6d9ca9f0f396 admin admin] RBAC: Authorizing `identity:list_users()` {{(pid=81795) enforce_call /opt/stack/keystone/keystone/common/rbac_enforcer/enforcer.py:494}}
Feb 15 11:49:54 ubuntu devstack@keystone.service[81795]: DEBUG keystone.common.rbac_enforcer.enforcer [None req-62436895-c8c5-49f6-8d87-6d9ca9f0f396 admin admin] RBAC: Authorization granted {{(pid=81795) enforce_call /opt/stack/keystone/keystone/common/rbac_enforcer/enforcer.py:505}}
Feb 15 11:49:54 ubuntu devstack@keystone.service[81795]: [pid: 81795|app: 0|req: 4/9] 10.201.5.82 () {56 vars in 1169 bytes} [Sun Feb 15 11:49:54 2026] GET /identity/v3/users?name=admin => generated 352 bytes in 36 msecs (HTTP/1.1 200) 5 headers in 177 bytes (2 switches on core 0)
Feb 15 11:49:55 ubuntu devstack@keystone.service[81794]: DEBUG keystone.server.flask.request_processing.req_logging [None req-306b9ba7-1a7c-4d7d-befd-95b033788186 None None] REQUEST_METHOD: `GET` {{(pid=81794) log_request_info /opt/stack/keystone/keystone/server/flask/request_processing/req_logging.py:26}}
Feb 15 11:49:55 ubuntu devstack@keystone.service[81794]: DEBUG keystone.server.flask.request_processing.req_logging [None req-306b9ba7-1a7c-4d7d-befd-95b033788186 None None] SCRIPT_NAME: `/identity` {{(pid=81794) log_request_info /opt/stack/keystone/keystone/server/flask/request_processing/req_logging.py:27}}
Feb 15 11:49:55 ubuntu devstack@keystone.service[81794]: DEBUG keystone.server.flask.request_processing.req_logging [None req-306b9ba7-1a7c-4d7d-befd-95b033788186 None None] PATH_INFO: `/` {{(pid=81794) log_request_info /opt/stack/keystone/keystone/server/flask/request_processing/req_logging.py:28}}
Feb 15 11:49:55 ubuntu devstack@keystone.service[81794]: [pid: 81794|app: 0|req: 6/10] 10.201.5.82 () {54 vars in 919 bytes} [Sun Feb 15 11:49:55 2026] GET /identity => generated 270 bytes in 5 msecs (HTTP/1.1 300) 6 headers in 234 bytes (1 switches on core 0)
Feb 15 11:49:55 ubuntu devstack@keystone.service[81795]: DEBUG keystone.server.flask.request_processing.req_logging [None req-7851be16-3d5a-458b-8397-a8b0b7f408aa None None] REQUEST_METHOD: `POST` {{(pid=81795) log_request_info /opt/stack/keystone/keystone/server/flask/request_processing/req_logging.py:26}}
Feb 15 11:49:55 ubuntu devstack@keystone.service[81795]: DEBUG keystone.server.flask.request_processing.req_logging [None req-7851be16-3d5a-458b-8397-a8b0b7f408aa None None] SCRIPT_NAME: `/identity` {{(pid=81795) log_request_info /opt/stack/keystone/keystone/server/flask/request_processing/req_logging.py:27}}
Feb 15 11:49:55 ubuntu devstack@keystone.service[81795]: DEBUG keystone.server.flask.request_processing.req_logging [None req-7851be16-3d5a-458b-8397-a8b0b7f408aa None None] PATH_INFO: `/v3/auth/tokens` {{(pid=81795) log_request_info /opt/stack/keystone/keystone/server/flask/request_processing/req_logging.py:28}}
Feb 15 11:49:55 ubuntu devstack@keystone.service[81795]: WARNING keystone.common.password_hashing [None req-7851be16-3d5a-458b-8397-a8b0b7f408aa None None] Truncating password to algorithm specific maximum length 72 characters.
Feb 15 11:49:55 ubuntu devstack@keystone.service[81795]: DEBUG keystone.auth.core [None req-7851be16-3d5a-458b-8397-a8b0b7f408aa None None] MFA Rules not processed for user `00cfab227c1e4327afbdae450eb346f3`. Rule list: `[]` (Enabled: `True`). {{(pid=81795) check_auth_methods_against_rules /opt/stack/keystone/keystone/auth/core.py:476}}
Feb 15 11:49:55 ubuntu devstack@keystone.service[81795]: DEBUG keystone.common.fernet_utils [None req-7851be16-3d5a-458b-8397-a8b0b7f408aa None None] Loaded 2 Fernet keys from /etc/keystone/fernet-keys/, but `[fernet_tokens] max_active_keys = 3`; perhaps there have not been enough key rotations to reach `max_active_keys` yet? {{(pid=81795) load_keys /opt/stack/keystone/keystone/common/fernet_utils.py:297}}
Feb 15 11:49:56 ubuntu devstack@keystone.service[81794]: DEBUG keystone.server.flask.request_processing.req_logging [None req-8f050384-3ef5-48bd-b967-882c8a1f29d2 None None] REQUEST_METHOD: `GET` {{(pid=81794) log_request_info /opt/stack/keystone/keystone/server/flask/request_processing/req_logging.py:26}}
Feb 15 11:49:56 ubuntu devstack@keystone.service[81795]: [pid: 81795|app: 0|req: 5/11] 10.201.5.82 () {58 vars in 1016 bytes} [Sun Feb 15 11:49:55 2026] POST /identity/v3/auth/tokens => generated 862 bytes in 62 msecs (HTTP/1.1 201) 6 headers in 363 bytes (1 switches on core 0)
Feb 15 11:49:56 ubuntu devstack@keystone.service[81794]: DEBUG keystone.server.flask.request_processing.req_logging [None req-8f050384-3ef5-48bd-b967-882c8a1f29d2 None None] SCRIPT_NAME: `/identity` {{(pid=81794) log_request_info /opt/stack/keystone/keystone/server/flask/request_processing/req_logging.py:27}}
Feb 15 11:49:56 ubuntu devstack@keystone.service[81794]: DEBUG keystone.server.flask.request_processing.req_logging [None req-8f050384-3ef5-48bd-b967-882c8a1f29d2 None None] PATH_INFO: `/` {{(pid=81794) log_request_info /opt/stack/keystone/keystone/server/flask/request_processing/req_logging.py:28}}
Feb 15 11:49:56 ubuntu devstack@keystone.service[81794]: [pid: 81794|app: 0|req: 7/12] 10.201.5.82 () {54 vars in 919 bytes} [Sun Feb 15 11:49:55 2026] GET /identity => generated 270 bytes in 6 msecs (HTTP/1.1 300) 6 headers in 234 bytes (1 switches on core 0)
Feb 15 11:49:56 ubuntu devstack@keystone.service[81795]: DEBUG keystone.server.flask.request_processing.req_logging [None req-1c927b47-ea17-4396-aae9-c10e13e426e7 None None] REQUEST_METHOD: `POST` {{(pid=81795) log_request_info /opt/stack/keystone/keystone/server/flask/request_processing/req_logging.py:26}}
Feb 15 11:49:56 ubuntu devstack@keystone.service[81795]: DEBUG keystone.server.flask.request_processing.req_logging [None req-1c927b47-ea17-4396-aae9-c10e13e426e7 None None] SCRIPT_NAME: `/identity` {{(pid=81795) log_request_info /opt/stack/keystone/keystone/server/flask/request_processing/req_logging.py:27}}
Feb 15 11:49:56 ubuntu devstack@keystone.service[81795]: DEBUG keystone.server.flask.request_processing.req_logging [None req-1c927b47-ea17-4396-aae9-c10e13e426e7 None None] PATH_INFO: `/v3/auth/tokens` {{(pid=81795) log_request_info /opt/stack/keystone/keystone/server/flask/request_processing/req_logging.py:28}}
Feb 15 11:49:56 ubuntu devstack@keystone.service[81795]: WARNING keystone.common.password_hashing [None req-1c927b47-ea17-4396-aae9-c10e13e426e7 None None] Truncating password to algorithm specific maximum length 72 characters.
Feb 15 11:49:56 ubuntu devstack@keystone.service[81795]: DEBUG keystone.auth.core [None req-1c927b47-ea17-4396-aae9-c10e13e426e7 None None] MFA Rules not processed for user `00cfab227c1e4327afbdae450eb346f3`. Rule list: `[]` (Enabled: `True`). {{(pid=81795) check_auth_methods_against_rules /opt/stack/keystone/keystone/auth/core.py:476}}
Feb 15 11:49:56 ubuntu devstack@keystone.service[81795]: DEBUG keystone.common.fernet_utils [None req-1c927b47-ea17-4396-aae9-c10e13e426e7 None None] Loaded 2 Fernet keys from /etc/keystone/fernet-keys/, but `[fernet_tokens] max_active_keys = 3`; perhaps there have not been enough key rotations to reach `max_active_keys` yet? {{(pid=81795) load_keys /opt/stack/keystone/keystone/common/fernet_utils.py:297}}
Feb 15 11:49:56 ubuntu devstack@keystone.service[81795]: [pid: 81795|app: 0|req: 6/13] 10.201.5.82 () {58 vars in 1016 bytes} [Sun Feb 15 11:49:56 2026] POST /identity/v3/auth/tokens => generated 862 bytes in 49 msecs (HTTP/1.1 201) 6 headers in 363 bytes (1 switches on core 0)
Feb 15 11:49:56 ubuntu devstack@keystone.service[81794]: DEBUG keystone.server.flask.request_processing.middleware.auth_context [None req-8f050384-3ef5-48bd-b967-882c8a1f29d2 None None] Authenticating user token {{(pid=81794) process_request /opt/stack/data/venv/lib/python3.10/site-packages/keystonemiddleware/auth_token/__init__.py:407}}
Feb 15 11:49:56 ubuntu devstack@keystone.service[81795]: DEBUG keystone.server.flask.request_processing.middleware.auth_context [None req-1c927b47-ea17-4396-aae9-c10e13e426e7 None None] Authenticating user token {{(pid=81795) process_request /opt/stack/data/venv/lib/python3.10/site-packages/keystonemiddleware/auth_token/__init__.py:407}}
Feb 15 11:49:56 ubuntu devstack@keystone.service[81794]: DEBUG keystone.server.flask.request_processing.middleware.auth_context [None req-8f050384-3ef5-48bd-b967-882c8a1f29d2 None None] Validating token access rules against request {{(pid=81794) validate_allowed_request /opt/stack/data/venv/lib/python3.10/site-packages/keystonemiddleware/auth_token/__init__.py:545}}
Feb 15 11:49:56 ubuntu devstack@keystone.service[81795]: DEBUG keystone.server.flask.request_processing.middleware.auth_context [None req-1c927b47-ea17-4396-aae9-c10e13e426e7 None None] Validating token access rules against request {{(pid=81795) validate_allowed_request /opt/stack/data/venv/lib/python3.10/site-packages/keystonemiddleware/auth_token/__init__.py:545}}
Feb 15 11:49:56 ubuntu devstack@keystone.service[81794]: DEBUG keystone.server.flask.request_processing.middleware.auth_context [None req-183c6e86-4afa-4afb-8908-ad15972a0ab5 None admin] RBAC: auth_context: {'token': <TokenModel (audit_id=dYu2jP2vT0C3hkt1p7mrLg, audit_chain_id=['dYu2jP2vT0C3hkt1p7mrLg']) at 0x7ff161f43640>, 'domain_id': None, 'trust_id': None, 'trustor_id': None, 'trustee_id': None, 'domain_name': None, 'group_ids': [], 'user_id': '00cfab227c1e4327afbdae450eb346f3', 'user_domain_id': 'default', 'system_scope': 'all', 'project_id': None, 'project_domain_id': None, 'roles': ['admin', 'manager', 'member', 'reader'], 'is_admin_project': True, 'service_user_id': None, 'service_user_domain_id': None, 'service_project_id': None, 'service_project_domain_id': None, 'service_roles': []} {{(pid=81794) fill_context /opt/stack/keystone/keystone/server/flask/request_processing/middleware/auth_context.py:509}}
Feb 15 11:49:56 ubuntu devstack@keystone.service[81794]: DEBUG keystone.server.flask.request_processing.req_logging [None req-183c6e86-4afa-4afb-8908-ad15972a0ab5 None admin] REQUEST_METHOD: `GET` {{(pid=81794) log_request_info /opt/stack/keystone/keystone/server/flask/request_processing/req_logging.py:26}}
Feb 15 11:49:56 ubuntu devstack@keystone.service[81794]: DEBUG keystone.server.flask.request_processing.req_logging [None req-183c6e86-4afa-4afb-8908-ad15972a0ab5 None admin] SCRIPT_NAME: `/identity` {{(pid=81794) log_request_info /opt/stack/keystone/keystone/server/flask/request_processing/req_logging.py:27}}
Feb 15 11:49:56 ubuntu devstack@keystone.service[81794]: DEBUG keystone.server.flask.request_processing.req_logging [None req-183c6e86-4afa-4afb-8908-ad15972a0ab5 None admin] PATH_INFO: `/v3/roles/admin` {{(pid=81794) log_request_info /opt/stack/keystone/keystone/server/flask/request_processing/req_logging.py:28}}
Feb 15 11:49:56 ubuntu devstack@keystone.service[81795]: DEBUG keystone.server.flask.request_processing.middleware.auth_context [None req-a0f2bd9e-b951-4d78-ae63-a2d309bdbc07 None admin] RBAC: auth_context: {'token': <TokenModel (audit_id=b9Rf48sFQIuCDgt8OScEfQ, audit_chain_id=['b9Rf48sFQIuCDgt8OScEfQ']) at 0x7ff162b1c100>, 'domain_id': None, 'trust_id': None, 'trustor_id': None, 'trustee_id': None, 'domain_name': None, 'group_ids': [], 'user_id': '00cfab227c1e4327afbdae450eb346f3', 'user_domain_id': 'default', 'system_scope': 'all', 'project_id': None, 'project_domain_id': None, 'roles': ['admin', 'manager', 'member', 'reader'], 'is_admin_project': True, 'service_user_id': None, 'service_user_domain_id': None, 'service_project_id': None, 'service_project_domain_id': None, 'service_roles': []} {{(pid=81795) fill_context /opt/stack/keystone/keystone/server/flask/request_processing/middleware/auth_context.py:509}}
Feb 15 11:49:56 ubuntu devstack@keystone.service[81794]: DEBUG keystone.common.rbac_enforcer.enforcer [None req-183c6e86-4afa-4afb-8908-ad15972a0ab5 None admin] Extracting inferred target data resulted in "NOT FOUND (404)". {{(pid=81794) enforce_call /opt/stack/keystone/keystone/common/rbac_enforcer/enforcer.py:445}}
Feb 15 11:49:56 ubuntu devstack@keystone.service[81795]: DEBUG keystone.server.flask.request_processing.req_logging [None req-a0f2bd9e-b951-4d78-ae63-a2d309bdbc07 None admin] REQUEST_METHOD: `POST` {{(pid=81795) log_request_info /opt/stack/keystone/keystone/server/flask/request_processing/req_logging.py:26}}
Feb 15 11:49:56 ubuntu devstack@keystone.service[81795]: DEBUG keystone.server.flask.request_processing.req_logging [None req-a0f2bd9e-b951-4d78-ae63-a2d309bdbc07 None admin] SCRIPT_NAME: `/identity` {{(pid=81795) log_request_info /opt/stack/keystone/keystone/server/flask/request_processing/req_logging.py:27}}
Feb 15 11:49:56 ubuntu devstack@keystone.service[81795]: DEBUG keystone.server.flask.request_processing.req_logging [None req-a0f2bd9e-b951-4d78-ae63-a2d309bdbc07 None admin] PATH_INFO: `/v3/domains` {{(pid=81795) log_request_info /opt/stack/keystone/keystone/server/flask/request_processing/req_logging.py:28}}
Feb 15 11:49:56 ubuntu devstack@keystone.service[81794]: DEBUG keystone.server.flask.application [None req-183c6e86-4afa-4afb-8908-ad15972a0ab5 None admin] Could not find role: admin. {{(pid=81794) _handle_keystone_exception /opt/stack/keystone/keystone/server/flask/application.py:146}}
Feb 15 11:49:56 ubuntu devstack@keystone.service[81794]: [pid: 81794|app: 0|req: 8/14] 10.201.5.82 () {56 vars in 1132 bytes} [Sun Feb 15 11:49:56 2026] GET /identity/v3/roles/admin => generated 83 bytes in 114 msecs (HTTP/1.1 404) 5 headers in 183 bytes (1 switches on core 0)
Feb 15 11:49:56 ubuntu devstack@keystone.service[81795]: DEBUG keystone.common.rbac_enforcer.enforcer [None req-a0f2bd9e-b951-4d78-ae63-a2d309bdbc07 None admin] RBAC: Authorizing `identity:create_domain()` {{(pid=81795) enforce_call /opt/stack/keystone/keystone/common/rbac_enforcer/enforcer.py:494}}
Feb 15 11:49:56 ubuntu devstack@keystone.service[81795]: DEBUG keystone.common.rbac_enforcer.enforcer [None req-a0f2bd9e-b951-4d78-ae63-a2d309bdbc07 None admin] RBAC: Authorization granted {{(pid=81795) enforce_call /opt/stack/keystone/keystone/common/rbac_enforcer/enforcer.py:505}}
Feb 15 11:49:56 ubuntu devstack@keystone.service[81794]: DEBUG keystone.server.flask.request_processing.middleware.auth_context [None req-183c6e86-4afa-4afb-8908-ad15972a0ab5 None admin] Authenticating user token {{(pid=81794) process_request /opt/stack/data/venv/lib/python3.10/site-packages/keystonemiddleware/auth_token/__init__.py:407}}
Feb 15 11:49:56 ubuntu devstack@keystone.service[81795]: DEBUG keystone.common.sql.core [None req-a0f2bd9e-b951-4d78-ae63-a2d309bdbc07 None admin] Conflict project: (pymysql.err.IntegrityError) (1062, "Duplicate entry '<<keystone.domain.root>>-Default' for key 'project.ixu_project_name_domain_id'")
Feb 15 11:49:56 ubuntu devstack@keystone.service[81795]: [SQL: INSERT INTO project (id, name, domain_id, description, enabled, extra, parent_id, is_domain) VALUES (%(id)s, %(name)s, %(domain_id)s, %(description)s, %(enabled)s, %(extra)s, %(parent_id)s, %(is_domain)s)]
Feb 15 11:49:56 ubuntu devstack@keystone.service[81795]: [parameters: {'id': 'b63580c937b04f4184a5dce263be8431', 'name': 'Default', 'domain_id': '<<keystone.domain.root>>', 'description': '', 'enabled': 1, 'extra': '{}', 'parent_id': None, 'is_domain': 1}]
Feb 15 11:49:56 ubuntu devstack@keystone.service[81795]: (Background on this error at: https://sqlalche.me/e/20/gkpj) {{(pid=81795) wrapper /opt/stack/keystone/keystone/common/sql/core.py:580}}
Feb 15 11:49:56 ubuntu devstack@keystone.service[81795]: ERROR keystone.server.flask.application [None req-a0f2bd9e-b951-4d78-ae63-a2d309bdbc07 None admin] Conflict occurred attempting to store project - it is not permitted to have two projects acting as domains with the same name: Default.: keystone.exception.Conflict: Conflict occurred attempting to store project - it is not permitted to have two projects acting as domains with the same name: Default.
Feb 15 11:49:56 ubuntu devstack@keystone.service[81795]: ERROR keystone.server.flask.application Traceback (most recent call last):
Feb 15 11:49:56 ubuntu devstack@keystone.service[81795]: ERROR keystone.server.flask.application   File "/opt/stack/data/venv/lib/python3.10/site-packages/sqlalchemy/engine/base.py", line 1967, in _exec_single_context
Feb 15 11:49:56 ubuntu devstack@keystone.service[81795]: ERROR keystone.server.flask.application     self.dialect.do_execute(
Feb 15 11:49:56 ubuntu devstack@keystone.service[81795]: ERROR keystone.server.flask.application   File "/opt/stack/data/venv/lib/python3.10/site-packages/sqlalchemy/engine/default.py", line 951, in do_execute
Feb 15 11:49:56 ubuntu devstack@keystone.service[81795]: ERROR keystone.server.flask.application     cursor.execute(statement, parameters)
