Aug 22 04:51:19 ubuntu devstack@keystone.service[69018]: ERROR keystone.server.flask.application     result.read()
Aug 22 04:51:19 ubuntu devstack@keystone.service[69018]: ERROR keystone.server.flask.application   File "/opt/stack/data/venv/lib/python3.10/site-packages/pymysql/connections.py", line 1199, in read
Aug 22 04:51:19 ubuntu devstack@keystone.service[69018]: ERROR keystone.server.flask.application     first_packet = self.connection._read_packet()
Aug 22 04:51:19 ubuntu devstack@keystone.service[69018]: ERROR keystone.server.flask.application   File "/opt/stack/data/venv/lib/python3.10/site-packages/pymysql/connections.py", line 775, in _read_packet
Aug 22 04:51:19 ubuntu devstack@keystone.service[69018]: ERROR keystone.server.flask.application     packet.raise_for_error()
Aug 22 04:51:19 ubuntu devstack@keystone.service[69018]: ERROR keystone.server.flask.application   File "/opt/stack/data/venv/lib/python3.10/site-packages/pymysql/protocol.py", line 219, in raise_for_error
Aug 22 04:51:19 ubuntu devstack@keystone.service[69018]: ERROR keystone.server.flask.application     err.raise_mysql_exception(self._data)
Aug 22 04:51:19 ubuntu devstack@keystone.service[69018]: ERROR keystone.server.flask.application   File "/opt/stack/data/venv/lib/python3.10/site-packages/pymysql/err.py", line 150, in raise_mysql_exception
Aug 22 04:51:19 ubuntu devstack@keystone.service[69018]: ERROR keystone.server.flask.application     raise errorclass(errno, errval)
Aug 22 04:51:19 ubuntu devstack@keystone.service[69018]: ERROR keystone.server.flask.application oslo_db.exception.DBDuplicateEntry: (pymysql.err.IntegrityError) (1062, "Duplicate entry 'service-<<null>>' for key 'role.ixu_role_name_domain_id'")
Aug 22 04:51:19 ubuntu devstack@keystone.service[69018]: ERROR keystone.server.flask.application [SQL: INSERT INTO `role` (id, name, description, extra) VALUES (%(id)s, %(name)s, %(description)s, %(extra)s)]
Aug 22 04:51:19 ubuntu devstack@keystone.service[69018]: ERROR keystone.server.flask.application [parameters: {'id': '85a2e33bc4f04374a9136ba474d022a7', 'name': 'service', 'description': None, 'extra': '{}'}]
Aug 22 04:51:19 ubuntu devstack@keystone.service[69018]: ERROR keystone.server.flask.application (Background on this error at: https://sqlalche.me/e/20/gkpj)
Aug 22 04:51:19 ubuntu devstack@keystone.service[69018]: ERROR keystone.server.flask.application 
Aug 22 04:51:19 ubuntu devstack@keystone.service[69018]: ERROR keystone.server.flask.application During handling of the above exception, another exception occurred:
Aug 22 04:51:19 ubuntu devstack@keystone.service[69018]: ERROR keystone.server.flask.application 
Aug 22 04:51:19 ubuntu devstack@keystone.service[69018]: ERROR keystone.server.flask.application Traceback (most recent call last):
Aug 22 04:51:19 ubuntu devstack@keystone.service[69018]: ERROR keystone.server.flask.application   File "/opt/stack/data/venv/lib/python3.10/site-packages/flask/app.py", line 880, in full_dispatch_request
Aug 22 04:51:19 ubuntu devstack@keystone.service[69018]: ERROR keystone.server.flask.application     rv = self.dispatch_request()
Aug 22 04:51:19 ubuntu devstack@keystone.service[69018]: ERROR keystone.server.flask.application   File "/opt/stack/data/venv/lib/python3.10/site-packages/flask/app.py", line 865, in dispatch_request
Aug 22 04:51:19 ubuntu devstack@keystone.service[69018]: ERROR keystone.server.flask.application     return self.ensure_sync(self.view_functions[rule.endpoint])(**view_args)  # type: ignore[no-any-return]
Aug 22 04:51:19 ubuntu devstack@keystone.service[69018]: ERROR keystone.server.flask.application   File "/opt/stack/data/venv/lib/python3.10/site-packages/flask_restful/__init__.py", line 489, in wrapper
Aug 22 04:51:19 ubuntu devstack@keystone.service[69018]: ERROR keystone.server.flask.application     resp = resource(*args, **kwargs)
Aug 22 04:51:19 ubuntu devstack@keystone.service[69018]: ERROR keystone.server.flask.application   File "/opt/stack/data/venv/lib/python3.10/site-packages/flask/views.py", line 110, in view
Aug 22 04:51:19 ubuntu devstack@keystone.service[69018]: ERROR keystone.server.flask.application     return current_app.ensure_sync(self.dispatch_request)(**kwargs)  # type: ignore[no-any-return]
Aug 22 04:51:19 ubuntu devstack@keystone.service[69018]: ERROR keystone.server.flask.application   File "/opt/stack/data/venv/lib/python3.10/site-packages/flask_restful/__init__.py", line 604, in dispatch_request
Aug 22 04:51:19 ubuntu devstack@keystone.service[69018]: ERROR keystone.server.flask.application     resp = meth(*args, **kwargs)
Aug 22 04:51:19 ubuntu devstack@keystone.service[69018]: ERROR keystone.server.flask.application   File "/opt/stack/keystone/keystone/api/roles.py", line 120, in post
Aug 22 04:51:19 ubuntu devstack@keystone.service[69018]: ERROR keystone.server.flask.application     ref = PROVIDERS.role_api.create_role(
Aug 22 04:51:19 ubuntu devstack@keystone.service[69018]: ERROR keystone.server.flask.application   File "/opt/stack/keystone/keystone/common/manager.py", line 111, in wrapped
Aug 22 04:51:19 ubuntu devstack@keystone.service[69018]: ERROR keystone.server.flask.application     __ret_val = __f(*args, **kwargs)
Aug 22 04:51:19 ubuntu devstack@keystone.service[69018]: ERROR keystone.server.flask.application   File "/opt/stack/keystone/keystone/assignment/core.py", line 1509, in create_role
Aug 22 04:51:19 ubuntu devstack@keystone.service[69018]: ERROR keystone.server.flask.application     ret = self.driver.create_role(role_id, role)
Aug 22 04:51:19 ubuntu devstack@keystone.service[69018]: ERROR keystone.server.flask.application   File "/opt/stack/keystone/keystone/common/sql/core.py", line 581, in wrapper
Aug 22 04:51:19 ubuntu devstack@keystone.service[69018]: ERROR keystone.server.flask.application     raise exception.Conflict(type=conflict_type, details=msg)
Aug 22 04:51:19 ubuntu devstack@keystone.service[69018]: ERROR keystone.server.flask.application keystone.exception.Conflict: Conflict occurred attempting to store role - Duplicate entry found with name service.
Aug 22 04:51:19 ubuntu devstack@keystone.service[69018]: ERROR keystone.server.flask.application 
Aug 22 04:51:19 ubuntu devstack@keystone.service[69018]: [pid: 69018|app: 0|req: 23/38] 10.201.5.82 () {60 vars in 1131 bytes} [Thu Aug 22 04:51:19 2024] POST /identity/v3/roles => generated 140 bytes in 71 msecs (HTTP/1.1 409) 5 headers in 183 bytes (1 switches on core 0)
Aug 22 04:51:19 ubuntu devstack@keystone.service[69017]: DEBUG keystone.server.flask.request_processing.middleware.auth_context [None req-dec81588-c156-4d2c-9d27-aba1c3633eea None admin] Authenticating user token {{(pid=69017) process_request /opt/stack/data/venv/lib/python3.10/site-packages/keystonemiddleware/auth_token/__init__.py:406}}
Aug 22 04:51:19 ubuntu devstack@keystone.service[69018]: DEBUG keystone.server.flask.request_processing.middleware.auth_context [None req-e623a5b9-37ff-4954-ad3c-6baf59af0957 None admin] Authenticating user token {{(pid=69018) process_request /opt/stack/data/venv/lib/python3.10/site-packages/keystonemiddleware/auth_token/__init__.py:406}}
Aug 22 04:51:19 ubuntu devstack@keystone.service[69018]: DEBUG keystone.server.flask.request_processing.middleware.auth_context [None req-e623a5b9-37ff-4954-ad3c-6baf59af0957 None admin] Validating token access rules against request {{(pid=69018) validate_allowed_request /opt/stack/data/venv/lib/python3.10/site-packages/keystonemiddleware/auth_token/__init__.py:544}}
Aug 22 04:51:19 ubuntu devstack@keystone.service[69017]: DEBUG keystone.server.flask.request_processing.middleware.auth_context [None req-dec81588-c156-4d2c-9d27-aba1c3633eea None admin] Validating token access rules against request {{(pid=69017) validate_allowed_request /opt/stack/data/venv/lib/python3.10/site-packages/keystonemiddleware/auth_token/__init__.py:544}}
Aug 22 04:51:19 ubuntu devstack@keystone.service[69018]: DEBUG keystone.server.flask.request_processing.middleware.auth_context [None req-484a18c6-501e-432b-907c-b5c214b78043 None admin] RBAC: auth_context: {'token': <TokenModel (audit_id=rzrBrUsvSNqEJYVEJpWQPw, audit_chain_id=['rzrBrUsvSNqEJYVEJpWQPw']) at 0x7f28c94a87f0>, 'domain_id': None, 'trust_id': None, 'trustor_id': None, 'trustee_id': None, 'domain_name': None, 'group_ids': [], 'user_id': 'ea945fed9688430eb72a81a1fd61a653', 'user_domain_id': 'default', 'system_scope': 'all', 'project_id': None, 'project_domain_id': None, 'roles': ['admin', 'manager', 'member', 'reader'], 'is_admin_project': True, 'service_user_id': None, 'service_user_domain_id': None, 'service_project_id': None, 'service_project_domain_id': None, 'service_roles': []} {{(pid=69018) fill_context /opt/stack/keystone/keystone/server/flask/request_processing/middleware/auth_context.py:511}}
Aug 22 04:51:19 ubuntu devstack@keystone.service[69018]: DEBUG keystone.server.flask.request_processing.req_logging [None req-484a18c6-501e-432b-907c-b5c214b78043 None admin] REQUEST_METHOD: `POST` {{(pid=69018) log_request_info /opt/stack/keystone/keystone/server/flask/request_processing/req_logging.py:27}}
Aug 22 04:51:19 ubuntu devstack@keystone.service[69018]: DEBUG keystone.server.flask.request_processing.req_logging [None req-484a18c6-501e-432b-907c-b5c214b78043 None admin] SCRIPT_NAME: `/identity` {{(pid=69018) log_request_info /opt/stack/keystone/keystone/server/flask/request_processing/req_logging.py:28}}
Aug 22 04:51:19 ubuntu devstack@keystone.service[69018]: DEBUG keystone.server.flask.request_processing.req_logging [None req-484a18c6-501e-432b-907c-b5c214b78043 None admin] PATH_INFO: `/v3/roles` {{(pid=69018) log_request_info /opt/stack/keystone/keystone/server/flask/request_processing/req_logging.py:29}}
Aug 22 04:51:19 ubuntu devstack@keystone.service[69018]: DEBUG keystone.common.rbac_enforcer.enforcer [None req-484a18c6-501e-432b-907c-b5c214b78043 None admin] RBAC: Authorizing `identity:create_role()` {{(pid=69018) enforce_call /opt/stack/keystone/keystone/common/rbac_enforcer/enforcer.py:504}}
Aug 22 04:51:19 ubuntu devstack@keystone.service[69018]: DEBUG keystone.common.rbac_enforcer.enforcer [None req-484a18c6-501e-432b-907c-b5c214b78043 None admin] RBAC: Authorization granted {{(pid=69018) enforce_call /opt/stack/keystone/keystone/common/rbac_enforcer/enforcer.py:515}}
Aug 22 04:51:19 ubuntu devstack@keystone.service[69017]: DEBUG keystone.server.flask.request_processing.middleware.auth_context [None req-c4a731c2-9e26-495d-afb5-835aa4247d5d None admin] RBAC: auth_context: {'token': <TokenModel (audit_id=gDR4tDOKQYGm0flWPE3DhQ, audit_chain_id=['gDR4tDOKQYGm0flWPE3DhQ']) at 0x7f28ca27ebf0>, 'domain_id': None, 'trust_id': None, 'trustor_id': None, 'trustee_id': None, 'domain_name': None, 'group_ids': [], 'user_id': 'ea945fed9688430eb72a81a1fd61a653', 'user_domain_id': 'default', 'system_scope': 'all', 'project_id': None, 'project_domain_id': None, 'roles': ['admin', 'manager', 'member', 'reader'], 'is_admin_project': True, 'service_user_id': None, 'service_user_domain_id': None, 'service_project_id': None, 'service_project_domain_id': None, 'service_roles': []} {{(pid=69017) fill_context /opt/stack/keystone/keystone/server/flask/request_processing/middleware/auth_context.py:511}}
Aug 22 04:51:19 ubuntu devstack@keystone.service[69018]: [pid: 69018|app: 0|req: 24/39] 10.201.5.82 () {60 vars in 1131 bytes} [Thu Aug 22 04:51:19 2024] POST /identity/v3/roles => generated 225 bytes in 70 msecs (HTTP/1.1 201) 5 headers in 182 bytes (1 switches on core 0)
Aug 22 04:51:19 ubuntu devstack@keystone.service[69017]: DEBUG keystone.server.flask.request_processing.req_logging [None req-c4a731c2-9e26-495d-afb5-835aa4247d5d None admin] REQUEST_METHOD: `GET` {{(pid=69017) log_request_info /opt/stack/keystone/keystone/server/flask/request_processing/req_logging.py:27}}
Aug 22 04:51:19 ubuntu devstack@keystone.service[69017]: DEBUG keystone.server.flask.request_processing.req_logging [None req-c4a731c2-9e26-495d-afb5-835aa4247d5d None admin] SCRIPT_NAME: `/identity` {{(pid=69017) log_request_info /opt/stack/keystone/keystone/server/flask/request_processing/req_logging.py:28}}
Aug 22 04:51:19 ubuntu devstack@keystone.service[69017]: DEBUG keystone.server.flask.request_processing.req_logging [None req-c4a731c2-9e26-495d-afb5-835aa4247d5d None admin] PATH_INFO: `/v3/roles/service` {{(pid=69017) log_request_info /opt/stack/keystone/keystone/server/flask/request_processing/req_logging.py:29}}
Aug 22 04:51:19 ubuntu devstack@keystone.service[69017]: DEBUG keystone.common.rbac_enforcer.enforcer [None req-c4a731c2-9e26-495d-afb5-835aa4247d5d None admin] Extracting inferred target data resulted in "NOT FOUND (404)". {{(pid=69017) enforce_call /opt/stack/keystone/keystone/common/rbac_enforcer/enforcer.py:454}}
Aug 22 04:51:19 ubuntu devstack@keystone.service[69017]: DEBUG keystone.server.flask.application [None req-c4a731c2-9e26-495d-afb5-835aa4247d5d None admin] Could not find role: service. {{(pid=69017) _handle_keystone_exception /opt/stack/keystone/keystone/server/flask/application.py:96}}
Aug 22 04:51:19 ubuntu devstack@keystone.service[69017]: [pid: 69017|app: 0|req: 16/40] 10.201.5.82 () {56 vars in 1102 bytes} [Thu Aug 22 04:51:19 2024] GET /identity/v3/roles/service => generated 85 bytes in 86 msecs (HTTP/1.1 404) 5 headers in 183 bytes (1 switches on core 0)
Aug 22 04:51:19 ubuntu devstack@keystone.service[69018]: DEBUG keystone.server.flask.request_processing.middleware.auth_context [None req-484a18c6-501e-432b-907c-b5c214b78043 None admin] Authenticating user token {{(pid=69018) process_request /opt/stack/data/venv/lib/python3.10/site-packages/keystonemiddleware/auth_token/__init__.py:406}}
Aug 22 04:51:19 ubuntu devstack@keystone.service[69018]: DEBUG keystone.server.flask.request_processing.middleware.auth_context [None req-484a18c6-501e-432b-907c-b5c214b78043 None admin] Validating token access rules against request {{(pid=69018) validate_allowed_request /opt/stack/data/venv/lib/python3.10/site-packages/keystonemiddleware/auth_token/__init__.py:544}}
Aug 22 04:51:19 ubuntu devstack@keystone.service[69018]: DEBUG keystone.server.flask.request_processing.middleware.auth_context [None req-23215b43-728f-439d-8226-610aaed5ba4b None admin] RBAC: auth_context: {'token': <TokenModel (audit_id=gDR4tDOKQYGm0flWPE3DhQ, audit_chain_id=['gDR4tDOKQYGm0flWPE3DhQ']) at 0x7f28c943a710>, 'domain_id': None, 'trust_id': None, 'trustor_id': None, 'trustee_id': None, 'domain_name': None, 'group_ids': [], 'user_id': 'ea945fed9688430eb72a81a1fd61a653', 'user_domain_id': 'default', 'system_scope': 'all', 'project_id': None, 'project_domain_id': None, 'roles': ['admin', 'manager', 'member', 'reader'], 'is_admin_project': True, 'service_user_id': None, 'service_user_domain_id': None, 'service_project_id': None, 'service_project_domain_id': None, 'service_roles': []} {{(pid=69018) fill_context /opt/stack/keystone/keystone/server/flask/request_processing/middleware/auth_context.py:511}}
Aug 22 04:51:19 ubuntu devstack@keystone.service[69018]: DEBUG keystone.server.flask.request_processing.req_logging [None req-23215b43-728f-439d-8226-610aaed5ba4b None admin] REQUEST_METHOD: `GET` {{(pid=69018) log_request_info /opt/stack/keystone/keystone/server/flask/request_processing/req_logging.py:27}}
Aug 22 04:51:19 ubuntu devstack@keystone.service[69018]: DEBUG keystone.server.flask.request_processing.req_logging [None req-23215b43-728f-439d-8226-610aaed5ba4b None admin] SCRIPT_NAME: `/identity` {{(pid=69018) log_request_info /opt/stack/keystone/keystone/server/flask/request_processing/req_logging.py:28}}
Aug 22 04:51:19 ubuntu devstack@keystone.service[69018]: DEBUG keystone.server.flask.request_processing.req_logging [None req-23215b43-728f-439d-8226-610aaed5ba4b None admin] PATH_INFO: `/v3/roles` {{(pid=69018) log_request_info /opt/stack/keystone/keystone/server/flask/request_processing/req_logging.py:29}}
Aug 22 04:51:19 ubuntu devstack@keystone.service[69018]: DEBUG keystone.common.rbac_enforcer.enforcer [None req-23215b43-728f-439d-8226-610aaed5ba4b None admin] RBAC: Adding query filter params (name=service) {{(pid=69018) _extract_filter_values /opt/stack/keystone/keystone/common/rbac_enforcer/enforcer.py:185}}
Aug 22 04:51:19 ubuntu devstack@keystone.service[69018]: DEBUG keystone.common.rbac_enforcer.enforcer [None req-23215b43-728f-439d-8226-610aaed5ba4b None admin] RBAC: Authorizing `identity:list_roles()` {{(pid=69018) enforce_call /opt/stack/keystone/keystone/common/rbac_enforcer/enforcer.py:504}}
Aug 22 04:51:19 ubuntu devstack@keystone.service[69018]: DEBUG keystone.common.rbac_enforcer.enforcer [None req-23215b43-728f-439d-8226-610aaed5ba4b None admin] RBAC: Authorization granted {{(pid=69018) enforce_call /opt/stack/keystone/keystone/common/rbac_enforcer/enforcer.py:515}}
Aug 22 04:51:19 ubuntu devstack@keystone.service[69018]: [pid: 69018|app: 0|req: 25/41] 10.201.5.82 () {56 vars in 1103 bytes} [Thu Aug 22 04:51:19 2024] GET /identity/v3/roles?name=service => generated 343 bytes in 60 msecs (HTTP/1.1 200) 5 headers in 177 bytes (1 switches on core 0)
Aug 22 04:51:19 ubuntu devstack@keystone.service[69017]: DEBUG keystone.server.flask.request_processing.req_logging [None req-3fc876ad-de52-48b6-b2f3-e30ab022c274 None None] REQUEST_METHOD: `GET` {{(pid=69017) log_request_info /opt/stack/keystone/keystone/server/flask/request_processing/req_logging.py:27}}
Aug 22 04:51:19 ubuntu devstack@keystone.service[69017]: DEBUG keystone.server.flask.request_processing.req_logging [None req-3fc876ad-de52-48b6-b2f3-e30ab022c274 None None] SCRIPT_NAME: `/identity` {{(pid=69017) log_request_info /opt/stack/keystone/keystone/server/flask/request_processing/req_logging.py:28}}
Aug 22 04:51:19 ubuntu devstack@keystone.service[69017]: DEBUG keystone.server.flask.request_processing.req_logging [None req-3fc876ad-de52-48b6-b2f3-e30ab022c274 None None] PATH_INFO: `/` {{(pid=69017) log_request_info /opt/stack/keystone/keystone/server/flask/request_processing/req_logging.py:29}}
Aug 22 04:51:19 ubuntu devstack@keystone.service[69017]: [pid: 69017|app: 0|req: 17/42] 10.201.5.82 () {54 vars in 926 bytes} [Thu Aug 22 04:51:19 2024] GET /identity => generated 270 bytes in 7 msecs (HTTP/1.1 300) 6 headers in 234 bytes (1 switches on core 0)
Aug 22 04:51:19 ubuntu devstack@keystone.service[69018]: DEBUG keystone.server.flask.request_processing.req_logging [None req-f4f36ff6-f2f3-4399-89c4-451fa49cad73 None None] REQUEST_METHOD: `POST` {{(pid=69018) log_request_info /opt/stack/keystone/keystone/server/flask/request_processing/req_logging.py:27}}
Aug 22 04:51:19 ubuntu devstack@keystone.service[69018]: DEBUG keystone.server.flask.request_processing.req_logging [None req-f4f36ff6-f2f3-4399-89c4-451fa49cad73 None None] SCRIPT_NAME: `/identity` {{(pid=69018) log_request_info /opt/stack/keystone/keystone/server/flask/request_processing/req_logging.py:28}}
Aug 22 04:51:19 ubuntu devstack@keystone.service[69018]: DEBUG keystone.server.flask.request_processing.req_logging [None req-f4f36ff6-f2f3-4399-89c4-451fa49cad73 None None] PATH_INFO: `/v3/auth/tokens` {{(pid=69018) log_request_info /opt/stack/keystone/keystone/server/flask/request_processing/req_logging.py:29}}
Aug 22 04:51:19 ubuntu devstack@keystone.service[69017]: DEBUG keystone.server.flask.request_processing.req_logging [None req-2dae3b72-8866-453c-99db-bbd4d88df979 None None] REQUEST_METHOD: `GET` {{(pid=69017) log_request_info /opt/stack/keystone/keystone/server/flask/request_processing/req_logging.py:27}}
Aug 22 04:51:19 ubuntu devstack@keystone.service[69017]: DEBUG keystone.server.flask.request_processing.req_logging [None req-2dae3b72-8866-453c-99db-bbd4d88df979 None None] SCRIPT_NAME: `/identity` {{(pid=69017) log_request_info /opt/stack/keystone/keystone/server/flask/request_processing/req_logging.py:28}}
Aug 22 04:51:19 ubuntu devstack@keystone.service[69017]: DEBUG keystone.server.flask.request_processing.req_logging [None req-2dae3b72-8866-453c-99db-bbd4d88df979 None None] PATH_INFO: `/` {{(pid=69017) log_request_info /opt/stack/keystone/keystone/server/flask/request_processing/req_logging.py:29}}
Aug 22 04:51:19 ubuntu devstack@keystone.service[69018]: WARNING keystone.common.password_hashing [None req-f4f36ff6-f2f3-4399-89c4-451fa49cad73 None None] Truncating password to algorithm specific maximum length 72 characters.
Aug 22 04:51:19 ubuntu devstack@keystone.service[69017]: [pid: 69017|app: 0|req: 18/43] 10.201.5.82 () {54 vars in 926 bytes} [Thu Aug 22 04:51:19 2024] GET /identity => generated 270 bytes in 4 msecs (HTTP/1.1 300) 6 headers in 234 bytes (1 switches on core 0)
Aug 22 04:51:19 ubuntu devstack@keystone.service[69017]: DEBUG keystone.server.flask.request_processing.req_logging [None req-1cdcd9de-7fda-4cdb-a515-1fa2e31acea5 None None] REQUEST_METHOD: `POST` {{(pid=69017) log_request_info /opt/stack/keystone/keystone/server/flask/request_processing/req_logging.py:27}}
Aug 22 04:51:19 ubuntu devstack@keystone.service[69017]: DEBUG keystone.server.flask.request_processing.req_logging [None req-1cdcd9de-7fda-4cdb-a515-1fa2e31acea5 None None] SCRIPT_NAME: `/identity` {{(pid=69017) log_request_info /opt/stack/keystone/keystone/server/flask/request_processing/req_logging.py:28}}
Aug 22 04:51:19 ubuntu devstack@keystone.service[69018]: DEBUG keystone.auth.core [None req-f4f36ff6-f2f3-4399-89c4-451fa49cad73 None None] MFA Rules not processed for user `ea945fed9688430eb72a81a1fd61a653`. Rule list: `[]` (Enabled: `True`). {{(pid=69018) check_auth_methods_against_rules /opt/stack/keystone/keystone/auth/core.py:477}}
Aug 22 04:51:19 ubuntu devstack@keystone.service[69017]: DEBUG keystone.server.flask.request_processing.req_logging [None req-1cdcd9de-7fda-4cdb-a515-1fa2e31acea5 None None] PATH_INFO: `/v3/auth/tokens` {{(pid=69017) log_request_info /opt/stack/keystone/keystone/server/flask/request_processing/req_logging.py:29}}
Aug 22 04:51:19 ubuntu devstack@keystone.service[69018]: DEBUG keystone.common.fernet_utils [None req-f4f36ff6-f2f3-4399-89c4-451fa49cad73 None None] Loaded 2 Fernet keys from /etc/keystone/fernet-keys/, but `[fernet_tokens] max_active_keys = 3`; perhaps there have not been enough key rotations to reach `max_active_keys` yet? {{(pid=69018) load_keys /opt/stack/keystone/keystone/common/fernet_utils.py:299}}
Aug 22 04:51:19 ubuntu devstack@keystone.service[69017]: WARNING keystone.common.password_hashing [None req-1cdcd9de-7fda-4cdb-a515-1fa2e31acea5 None None] Truncating password to algorithm specific maximum length 72 characters.
Aug 22 04:51:19 ubuntu devstack@keystone.service[69017]: DEBUG keystone.auth.core [None req-1cdcd9de-7fda-4cdb-a515-1fa2e31acea5 None None] MFA Rules not processed for user `ea945fed9688430eb72a81a1fd61a653`. Rule list: `[]` (Enabled: `True`). {{(pid=69017) check_auth_methods_against_rules /opt/stack/keystone/keystone/auth/core.py:477}}
Aug 22 04:51:19 ubuntu devstack@keystone.service[69017]: DEBUG keystone.common.fernet_utils [None req-1cdcd9de-7fda-4cdb-a515-1fa2e31acea5 None None] Loaded 2 Fernet keys from /etc/keystone/fernet-keys/, but `[fernet_tokens] max_active_keys = 3`; perhaps there have not been enough key rotations to reach `max_active_keys` yet? {{(pid=69017) load_keys /opt/stack/keystone/keystone/common/fernet_utils.py:299}}
Aug 22 04:51:19 ubuntu devstack@keystone.service[69018]: [pid: 69018|app: 0|req: 26/44] 10.201.5.82 () {58 vars in 1023 bytes} [Thu Aug 22 04:51:19 2024] POST /identity/v3/auth/tokens => generated 862 bytes in 59 msecs (HTTP/1.1 201) 6 headers in 363 bytes (1 switches on core 0)
Aug 22 04:51:19 ubuntu devstack@keystone.service[69017]: [pid: 69017|app: 0|req: 19/45] 10.201.5.82 () {58 vars in 1023 bytes} [Thu Aug 22 04:51:19 2024] POST /identity/v3/auth/tokens => generated 862 bytes in 57 msecs (HTTP/1.1 201) 6 headers in 363 bytes (1 switches on core 0)
Aug 22 04:51:20 ubuntu devstack@keystone.service[69018]: DEBUG keystone.server.flask.request_processing.middleware.auth_context [None req-f4f36ff6-f2f3-4399-89c4-451fa49cad73 None None] Authenticating user token {{(pid=69018) process_request /opt/stack/data/venv/lib/python3.10/site-packages/keystonemiddleware/auth_token/__init__.py:406}}
Aug 22 04:51:20 ubuntu devstack@keystone.service[69017]: DEBUG keystone.server.flask.request_processing.middleware.auth_context [None req-1cdcd9de-7fda-4cdb-a515-1fa2e31acea5 None None] Authenticating user token {{(pid=69017) process_request /opt/stack/data/venv/lib/python3.10/site-packages/keystonemiddleware/auth_token/__init__.py:406}}
Aug 22 04:51:20 ubuntu devstack@keystone.service[69018]: DEBUG keystone.server.flask.request_processing.middleware.auth_context [None req-f4f36ff6-f2f3-4399-89c4-451fa49cad73 None None] Validating token access rules against request {{(pid=69018) validate_allowed_request /opt/stack/data/venv/lib/python3.10/site-packages/keystonemiddleware/auth_token/__init__.py:544}}
Aug 22 04:51:20 ubuntu devstack@keystone.service[69018]: DEBUG keystone.server.flask.request_processing.middleware.auth_context [None req-7a3ac69b-51f5-4964-a15f-0aedae501835 None admin] RBAC: auth_context: {'token': <TokenModel (audit_id=9a_9rbscTB6jegnKttj9tQ, audit_chain_id=['9a_9rbscTB6jegnKttj9tQ']) at 0x7f28c943b880>, 'domain_id': None, 'trust_id': None, 'trustor_id': None, 'trustee_id': None, 'domain_name': None, 'group_ids': [], 'user_id': 'ea945fed9688430eb72a81a1fd61a653', 'user_domain_id': 'default', 'system_scope': 'all', 'project_id': None, 'project_domain_id': None, 'roles': ['admin', 'manager', 'member', 'reader'], 'is_admin_project': True, 'service_user_id': None, 'service_user_domain_id': None, 'service_project_id': None, 'service_project_domain_id': None, 'service_roles': []} {{(pid=69018) fill_context /opt/stack/keystone/keystone/server/flask/request_processing/middleware/auth_context.py:511}}
Aug 22 04:51:20 ubuntu devstack@keystone.service[69018]: DEBUG keystone.server.flask.request_processing.req_logging [None req-7a3ac69b-51f5-4964-a15f-0aedae501835 None admin] REQUEST_METHOD: `POST` {{(pid=69018) log_request_info /opt/stack/keystone/keystone/server/flask/request_processing/req_logging.py:27}}
Aug 22 04:51:20 ubuntu devstack@keystone.service[69018]: DEBUG keystone.server.flask.request_processing.req_logging [None req-7a3ac69b-51f5-4964-a15f-0aedae501835 None admin] SCRIPT_NAME: `/identity` {{(pid=69018) log_request_info /opt/stack/keystone/keystone/server/flask/request_processing/req_logging.py:28}}
Aug 22 04:51:20 ubuntu devstack@keystone.service[69018]: DEBUG keystone.server.flask.request_processing.req_logging [None req-7a3ac69b-51f5-4964-a15f-0aedae501835 None admin] PATH_INFO: `/v3/roles` {{(pid=69018) log_request_info /opt/stack/keystone/keystone/server/flask/request_processing/req_logging.py:29}}
Aug 22 04:51:20 ubuntu devstack@keystone.service[69018]: DEBUG keystone.common.rbac_enforcer.enforcer [None req-7a3ac69b-51f5-4964-a15f-0aedae501835 None admin] RBAC: Authorizing `identity:create_role()` {{(pid=69018) enforce_call /opt/stack/keystone/keystone/common/rbac_enforcer/enforcer.py:504}}
Aug 22 04:51:20 ubuntu devstack@keystone.service[69018]: DEBUG keystone.common.rbac_enforcer.enforcer [None req-7a3ac69b-51f5-4964-a15f-0aedae501835 None admin] RBAC: Authorization granted {{(pid=69018) enforce_call /opt/stack/keystone/keystone/common/rbac_enforcer/enforcer.py:515}}
Aug 22 04:51:20 ubuntu devstack@keystone.service[69018]: [pid: 69018|app: 0|req: 27/46] 10.201.5.82 () {60 vars in 1131 bytes} [Thu Aug 22 04:51:20 2024] POST /identity/v3/roles => generated 223 bytes in 69 msecs (HTTP/1.1 201) 5 headers in 182 bytes (1 switches on core 0)
Aug 22 04:51:20 ubuntu devstack@keystone.service[69017]: DEBUG keystone.server.flask.request_processing.middleware.auth_context [None req-1cdcd9de-7fda-4cdb-a515-1fa2e31acea5 None None] Validating token access rules against request {{(pid=69017) validate_allowed_request /opt/stack/data/venv/lib/python3.10/site-packages/keystonemiddleware/auth_token/__init__.py:544}}
Aug 22 04:51:20 ubuntu devstack@keystone.service[69017]: DEBUG keystone.server.flask.request_processing.middleware.auth_context [None req-5eaf7c01-25f1-462b-bc5e-5269f5013391 None admin] RBAC: auth_context: {'token': <TokenModel (audit_id=WpbFO6SGSYiKRFYpRSYCQA, audit_chain_id=['WpbFO6SGSYiKRFYpRSYCQA']) at 0x7f28c9016260>, 'domain_id': None, 'trust_id': None, 'trustor_id': None, 'trustee_id': None, 'domain_name': None, 'group_ids': [], 'user_id': 'ea945fed9688430eb72a81a1fd61a653', 'user_domain_id': 'default', 'system_scope': 'all', 'project_id': None, 'project_domain_id': None, 'roles': ['admin', 'manager', 'member', 'reader'], 'is_admin_project': True, 'service_user_id': None, 'service_user_domain_id': None, 'service_project_id': None, 'service_project_domain_id': None, 'service_roles': []} {{(pid=69017) fill_context /opt/stack/keystone/keystone/server/flask/request_processing/middleware/auth_context.py:511}}
Aug 22 04:51:20 ubuntu devstack@keystone.service[69017]: DEBUG keystone.server.flask.request_processing.req_logging [None req-5eaf7c01-25f1-462b-bc5e-5269f5013391 None admin] REQUEST_METHOD: `GET` {{(pid=69017) log_request_info /opt/stack/keystone/keystone/server/flask/request_processing/req_logging.py:27}}
Aug 22 04:51:20 ubuntu devstack@keystone.service[69017]: DEBUG keystone.server.flask.request_processing.req_logging [None req-5eaf7c01-25f1-462b-bc5e-5269f5013391 None admin] SCRIPT_NAME: `/identity` {{(pid=69017) log_request_info /opt/stack/keystone/keystone/server/flask/request_processing/req_logging.py:28}}
Aug 22 04:51:20 ubuntu devstack@keystone.service[69017]: DEBUG keystone.server.flask.request_processing.req_logging [None req-5eaf7c01-25f1-462b-bc5e-5269f5013391 None admin] PATH_INFO: `/v3/domains/default` {{(pid=69017) log_request_info /opt/stack/keystone/keystone/server/flask/request_processing/req_logging.py:29}}
Aug 22 04:51:20 ubuntu devstack@keystone.service[69017]: DEBUG keystone.common.rbac_enforcer.enforcer [None req-5eaf7c01-25f1-462b-bc5e-5269f5013391 None admin] RBAC: Authorizing `identity:get_domain(domain_id=default)` {{(pid=69017) enforce_call /opt/stack/keystone/keystone/common/rbac_enforcer/enforcer.py:504}}
Aug 22 04:51:20 ubuntu devstack@keystone.service[69017]: DEBUG keystone.common.rbac_enforcer.enforcer [None req-5eaf7c01-25f1-462b-bc5e-5269f5013391 None admin] RBAC: Authorization granted {{(pid=69017) enforce_call /opt/stack/keystone/keystone/common/rbac_enforcer/enforcer.py:515}}
Aug 22 04:51:20 ubuntu devstack@keystone.service[69017]: [pid: 69017|app: 0|req: 20/47] 10.201.5.82 () {56 vars in 1108 bytes} [Thu Aug 22 04:51:20 2024] GET /identity/v3/domains/default => generated 199 bytes in 65 msecs (HTTP/1.1 200) 5 headers in 177 bytes (1 switches on core 0)
Aug 22 04:51:20 ubuntu devstack@keystone.service[69018]: DEBUG keystone.server.flask.request_processing.middleware.auth_context [None req-7a3ac69b-51f5-4964-a15f-0aedae501835 None admin] Authenticating user token {{(pid=69018) process_request /opt/stack/data/venv/lib/python3.10/site-packages/keystonemiddleware/auth_token/__init__.py:406}}
Aug 22 04:51:20 ubuntu devstack@keystone.service[69018]: DEBUG keystone.server.flask.request_processing.middleware.auth_context [None req-7a3ac69b-51f5-4964-a15f-0aedae501835 None admin] Validating token access rules against request {{(pid=69018) validate_allowed_request /opt/stack/data/venv/lib/python3.10/site-packages/keystonemiddleware/auth_token/__init__.py:544}}
Aug 22 04:51:20 ubuntu devstack@keystone.service[69018]: DEBUG keystone.server.flask.request_processing.middleware.auth_context [None req-454d01fb-1e11-4a60-82f5-5bf5759fdc86 None admin] RBAC: auth_context: {'token': <TokenModel (audit_id=WpbFO6SGSYiKRFYpRSYCQA, audit_chain_id=['WpbFO6SGSYiKRFYpRSYCQA']) at 0x7f28c9438c10>, 'domain_id': None, 'trust_id': None, 'trustor_id': None, 'trustee_id': None, 'domain_name': None, 'group_ids': [], 'user_id': 'ea945fed9688430eb72a81a1fd61a653', 'user_domain_id': 'default', 'system_scope': 'all', 'project_id': None, 'project_domain_id': None, 'roles': ['admin', 'manager', 'member', 'reader'], 'is_admin_project': True, 'service_user_id': None, 'service_user_domain_id': None, 'service_project_id': None, 'service_project_domain_id': None, 'service_roles': []} {{(pid=69018) fill_context /opt/stack/keystone/keystone/server/flask/request_processing/middleware/auth_context.py:511}}
Aug 22 04:51:20 ubuntu devstack@keystone.service[69018]: DEBUG keystone.server.flask.request_processing.req_logging [None req-454d01fb-1e11-4a60-82f5-5bf5759fdc86 None admin] REQUEST_METHOD: `POST` {{(pid=69018) log_request_info /opt/stack/keystone/keystone/server/flask/request_processing/req_logging.py:27}}
Aug 22 04:51:20 ubuntu devstack@keystone.service[69018]: DEBUG keystone.server.flask.request_processing.req_logging [None req-454d01fb-1e11-4a60-82f5-5bf5759fdc86 None admin] SCRIPT_NAME: `/identity` {{(pid=69018) log_request_info /opt/stack/keystone/keystone/server/flask/request_processing/req_logging.py:28}}
Aug 22 04:51:20 ubuntu devstack@keystone.service[69018]: DEBUG keystone.server.flask.request_processing.req_logging [None req-454d01fb-1e11-4a60-82f5-5bf5759fdc86 None admin] PATH_INFO: `/v3/projects` {{(pid=69018) log_request_info /opt/stack/keystone/keystone/server/flask/request_processing/req_logging.py:29}}
Aug 22 04:51:20 ubuntu devstack@keystone.service[69018]: DEBUG keystone.common.rbac_enforcer.enforcer [None req-454d01fb-1e11-4a60-82f5-5bf5759fdc86 None admin] RBAC: Authorizing `identity:create_project()` {{(pid=69018) enforce_call /opt/stack/keystone/keystone/common/rbac_enforcer/enforcer.py:504}}
Aug 22 04:51:20 ubuntu devstack@keystone.service[69018]: DEBUG keystone.common.rbac_enforcer.enforcer [None req-454d01fb-1e11-4a60-82f5-5bf5759fdc86 None admin] RBAC: Authorization granted {{(pid=69018) enforce_call /opt/stack/keystone/keystone/common/rbac_enforcer/enforcer.py:515}}
Aug 22 04:51:20 ubuntu devstack@keystone.service[69018]: [pid: 69018|app: 0|req: 28/48] 10.201.5.82 () {60 vars in 1141 bytes} [Thu Aug 22 04:51:20 2024] POST /identity/v3/projects => generated 312 bytes in 82 msecs (HTTP/1.1 201) 5 headers in 182 bytes (1 switches on core 0)
Aug 22 04:51:21 ubuntu devstack@keystone.service[69017]: DEBUG keystone.server.flask.request_processing.req_logging [None req-ae53b05c-82c5-428f-9ace-a3617575b9d3 None None] REQUEST_METHOD: `GET` {{(pid=69017) log_request_info /opt/stack/keystone/keystone/server/flask/request_processing/req_logging.py:27}}
Aug 22 04:51:21 ubuntu devstack@keystone.service[69017]: DEBUG keystone.server.flask.request_processing.req_logging [None req-ae53b05c-82c5-428f-9ace-a3617575b9d3 None None] SCRIPT_NAME: `/identity` {{(pid=69017) log_request_info /opt/stack/keystone/keystone/server/flask/request_processing/req_logging.py:28}}
Aug 22 04:51:21 ubuntu devstack@keystone.service[69017]: DEBUG keystone.server.flask.request_processing.req_logging [None req-ae53b05c-82c5-428f-9ace-a3617575b9d3 None None] PATH_INFO: `/` {{(pid=69017) log_request_info /opt/stack/keystone/keystone/server/flask/request_processing/req_logging.py:29}}
Aug 22 04:51:21 ubuntu devstack@keystone.service[69017]: [pid: 69017|app: 0|req: 21/49] 10.201.5.82 () {54 vars in 926 bytes} [Thu Aug 22 04:51:21 2024] GET /identity => generated 270 bytes in 4 msecs (HTTP/1.1 300) 6 headers in 234 bytes (1 switches on core 0)
Aug 22 04:51:21 ubuntu devstack@keystone.service[69018]: DEBUG keystone.server.flask.request_processing.req_logging [None req-c29c3fdb-52ac-4c6f-816f-4e2a90646ec8 None None] REQUEST_METHOD: `POST` {{(pid=69018) log_request_info /opt/stack/keystone/keystone/server/flask/request_processing/req_logging.py:27}}
Aug 22 04:51:21 ubuntu devstack@keystone.service[69018]: DEBUG keystone.server.flask.request_processing.req_logging [None req-c29c3fdb-52ac-4c6f-816f-4e2a90646ec8 None None] SCRIPT_NAME: `/identity` {{(pid=69018) log_request_info /opt/stack/keystone/keystone/server/flask/request_processing/req_logging.py:28}}
Aug 22 04:51:21 ubuntu devstack@keystone.service[69018]: DEBUG keystone.server.flask.request_processing.req_logging [None req-c29c3fdb-52ac-4c6f-816f-4e2a90646ec8 None None] PATH_INFO: `/v3/auth/tokens` {{(pid=69018) log_request_info /opt/stack/keystone/keystone/server/flask/request_processing/req_logging.py:29}}
Aug 22 04:51:21 ubuntu devstack@keystone.service[69018]: WARNING keystone.common.password_hashing [None req-c29c3fdb-52ac-4c6f-816f-4e2a90646ec8 None None] Truncating password to algorithm specific maximum length 72 characters.
Aug 22 04:51:21 ubuntu devstack@keystone.service[69018]: DEBUG keystone.auth.core [None req-c29c3fdb-52ac-4c6f-816f-4e2a90646ec8 None None] MFA Rules not processed for user `ea945fed9688430eb72a81a1fd61a653`. Rule list: `[]` (Enabled: `True`). {{(pid=69018) check_auth_methods_against_rules /opt/stack/keystone/keystone/auth/core.py:477}}
Aug 22 04:51:21 ubuntu devstack@keystone.service[69018]: DEBUG keystone.common.fernet_utils [None req-c29c3fdb-52ac-4c6f-816f-4e2a90646ec8 None None] Loaded 2 Fernet keys from /etc/keystone/fernet-keys/, but `[fernet_tokens] max_active_keys = 3`; perhaps there have not been enough key rotations to reach `max_active_keys` yet? {{(pid=69018) load_keys /opt/stack/keystone/keystone/common/fernet_utils.py:299}}
Aug 22 04:51:21 ubuntu devstack@keystone.service[69018]: [pid: 69018|app: 0|req: 29/50] 10.201.5.82 () {58 vars in 1023 bytes} [Thu Aug 22 04:51:21 2024] POST /identity/v3/auth/tokens => generated 862 bytes in 59 msecs (HTTP/1.1 201) 6 headers in 363 bytes (1 switches on core 0)
Aug 22 04:51:21 ubuntu devstack@keystone.service[69017]: DEBUG keystone.server.flask.request_processing.middleware.auth_context [None req-ae53b05c-82c5-428f-9ace-a3617575b9d3 None None] Authenticating user token {{(pid=69017) process_request /opt/stack/data/venv/lib/python3.10/site-packages/keystonemiddleware/auth_token/__init__.py:406}}
Aug 22 04:51:21 ubuntu devstack@keystone.service[69017]: DEBUG keystone.server.flask.request_processing.middleware.auth_context [None req-ae53b05c-82c5-428f-9ace-a3617575b9d3 None None] Validating token access rules against request {{(pid=69017) validate_allowed_request /opt/stack/data/venv/lib/python3.10/site-packages/keystonemiddleware/auth_token/__init__.py:544}}
Aug 22 04:51:21 ubuntu devstack@keystone.service[69017]: DEBUG keystone.server.flask.request_processing.middleware.auth_context [None req-345acd03-612a-47a2-b154-2165421ce20f None admin] RBAC: auth_context: {'token': <TokenModel (audit_id=RzlXbwwuQsqfAe1YNohwwg, audit_chain_id=['RzlXbwwuQsqfAe1YNohwwg']) at 0x7f28c9016230>, 'domain_id': None, 'trust_id': None, 'trustor_id': None, 'trustee_id': None, 'domain_name': None, 'group_ids': [], 'user_id': 'ea945fed9688430eb72a81a1fd61a653', 'user_domain_id': 'default', 'system_scope': 'all', 'project_id': None, 'project_domain_id': None, 'roles': ['admin', 'manager', 'member', 'reader'], 'is_admin_project': True, 'service_user_id': None, 'service_user_domain_id': None, 'service_project_id': None, 'service_project_domain_id': None, 'service_roles': []} {{(pid=69017) fill_context /opt/stack/keystone/keystone/server/flask/request_processing/middleware/auth_context.py:511}}
Aug 22 04:51:21 ubuntu devstack@keystone.service[69017]: DEBUG keystone.server.flask.request_processing.req_logging [None req-345acd03-612a-47a2-b154-2165421ce20f None admin] REQUEST_METHOD: `GET` {{(pid=69017) log_request_info /opt/stack/keystone/keystone/server/flask/request_processing/req_logging.py:27}}
Aug 22 04:51:21 ubuntu devstack@keystone.service[69017]: DEBUG keystone.server.flask.request_processing.req_logging [None req-345acd03-612a-47a2-b154-2165421ce20f None admin] SCRIPT_NAME: `/identity` {{(pid=69017) log_request_info /opt/stack/keystone/keystone/server/flask/request_processing/req_logging.py:28}}
Aug 22 04:51:21 ubuntu devstack@keystone.service[69017]: DEBUG keystone.server.flask.request_processing.req_logging [None req-345acd03-612a-47a2-b154-2165421ce20f None admin] PATH_INFO: `/v3/domains/default` {{(pid=69017) log_request_info /opt/stack/keystone/keystone/server/flask/request_processing/req_logging.py:29}}
Aug 22 04:51:21 ubuntu devstack@keystone.service[69017]: DEBUG keystone.common.rbac_enforcer.enforcer [None req-345acd03-612a-47a2-b154-2165421ce20f None admin] RBAC: Authorizing `identity:get_domain(domain_id=default)` {{(pid=69017) enforce_call /opt/stack/keystone/keystone/common/rbac_enforcer/enforcer.py:504}}
Aug 22 04:51:21 ubuntu devstack@keystone.service[69017]: DEBUG keystone.common.rbac_enforcer.enforcer [None req-345acd03-612a-47a2-b154-2165421ce20f None admin] RBAC: Authorization granted {{(pid=69017) enforce_call /opt/stack/keystone/keystone/common/rbac_enforcer/enforcer.py:515}}
Aug 22 04:51:21 ubuntu devstack@keystone.service[69017]: [pid: 69017|app: 0|req: 22/51] 10.201.5.82 () {56 vars in 1108 bytes} [Thu Aug 22 04:51:21 2024] GET /identity/v3/domains/default => generated 199 bytes in 191 msecs (HTTP/1.1 200) 5 headers in 177 bytes (1 switches on core 0)
Aug 22 04:51:21 ubuntu devstack@keystone.service[69018]: DEBUG keystone.server.flask.request_processing.middleware.auth_context [None req-c29c3fdb-52ac-4c6f-816f-4e2a90646ec8 None None] Authenticating user token {{(pid=69018) process_request /opt/stack/data/venv/lib/python3.10/site-packages/keystonemiddleware/auth_token/__init__.py:406}}
Aug 22 04:51:21 ubuntu devstack@keystone.service[69018]: DEBUG keystone.server.flask.request_processing.middleware.auth_context [None req-c29c3fdb-52ac-4c6f-816f-4e2a90646ec8 None None] Validating token access rules against request {{(pid=69018) validate_allowed_request /opt/stack/data/venv/lib/python3.10/site-packages/keystonemiddleware/auth_token/__init__.py:544}}
Aug 22 04:51:22 ubuntu devstack@keystone.service[69018]: DEBUG keystone.server.flask.request_processing.middleware.auth_context [None req-55853871-429d-4e39-a5c1-3c1b5448e6f0 None admin] RBAC: auth_context: {'token': <TokenModel (audit_id=RzlXbwwuQsqfAe1YNohwwg, audit_chain_id=['RzlXbwwuQsqfAe1YNohwwg']) at 0x7f28c945e980>, 'domain_id': None, 'trust_id': None, 'trustor_id': None, 'trustee_id': None, 'domain_name': None, 'group_ids': [], 'user_id': 'ea945fed9688430eb72a81a1fd61a653', 'user_domain_id': 'default', 'system_scope': 'all', 'project_id': None, 'project_domain_id': None, 'roles': ['admin', 'manager', 'member', 'reader'], 'is_admin_project': True, 'service_user_id': None, 'service_user_domain_id': None, 'service_project_id': None, 'service_project_domain_id': None, 'service_roles': []} {{(pid=69018) fill_context /opt/stack/keystone/keystone/server/flask/request_processing/middleware/auth_context.py:511}}
Aug 22 04:51:22 ubuntu devstack@keystone.service[69018]: DEBUG keystone.server.flask.request_processing.req_logging [None req-55853871-429d-4e39-a5c1-3c1b5448e6f0 None admin] REQUEST_METHOD: `POST` {{(pid=69018) log_request_info /opt/stack/keystone/keystone/server/flask/request_processing/req_logging.py:27}}
Aug 22 04:51:22 ubuntu devstack@keystone.service[69018]: DEBUG keystone.server.flask.request_processing.req_logging [None req-55853871-429d-4e39-a5c1-3c1b5448e6f0 None admin] SCRIPT_NAME: `/identity` {{(pid=69018) log_request_info /opt/stack/keystone/keystone/server/flask/request_processing/req_logging.py:28}}
Aug 22 04:51:22 ubuntu devstack@keystone.service[69018]: DEBUG keystone.server.flask.request_processing.req_logging [None req-55853871-429d-4e39-a5c1-3c1b5448e6f0 None admin] PATH_INFO: `/v3/projects` {{(pid=69018) log_request_info /opt/stack/keystone/keystone/server/flask/request_processing/req_logging.py:29}}
Aug 22 04:51:22 ubuntu devstack@keystone.service[69018]: DEBUG keystone.common.rbac_enforcer.enforcer [None req-55853871-429d-4e39-a5c1-3c1b5448e6f0 None admin] RBAC: Authorizing `identity:create_project()` {{(pid=69018) enforce_call /opt/stack/keystone/keystone/common/rbac_enforcer/enforcer.py:504}}
Aug 22 04:51:22 ubuntu devstack@keystone.service[69018]: DEBUG keystone.common.rbac_enforcer.enforcer [None req-55853871-429d-4e39-a5c1-3c1b5448e6f0 None admin] RBAC: Authorization granted {{(pid=69018) enforce_call /opt/stack/keystone/keystone/common/rbac_enforcer/enforcer.py:515}}
Aug 22 04:51:22 ubuntu devstack@keystone.service[69018]: [pid: 69018|app: 0|req: 30/52] 10.201.5.82 () {60 vars in 1140 bytes} [Thu Aug 22 04:51:21 2024] POST /identity/v3/projects => generated 298 bytes in 219 msecs (HTTP/1.1 201) 5 headers in 182 bytes (1 switches on core 0)
Aug 22 04:51:23 ubuntu devstack@keystone.service[69017]: DEBUG keystone.server.flask.request_processing.req_logging [None req-6865f578-c539-4739-a4fe-c0f347b65bb9 None None] REQUEST_METHOD: `GET` {{(pid=69017) log_request_info /opt/stack/keystone/keystone/server/flask/request_processing/req_logging.py:27}}
Aug 22 04:51:23 ubuntu devstack@keystone.service[69017]: DEBUG keystone.server.flask.request_processing.req_logging [None req-6865f578-c539-4739-a4fe-c0f347b65bb9 None None] SCRIPT_NAME: `/identity` {{(pid=69017) log_request_info /opt/stack/keystone/keystone/server/flask/request_processing/req_logging.py:28}}
Aug 22 04:51:23 ubuntu devstack@keystone.service[69017]: DEBUG keystone.server.flask.request_processing.req_logging [None req-6865f578-c539-4739-a4fe-c0f347b65bb9 None None] PATH_INFO: `/` {{(pid=69017) log_request_info /opt/stack/keystone/keystone/server/flask/request_processing/req_logging.py:29}}
Aug 22 04:51:23 ubuntu devstack@keystone.service[69017]: [pid: 69017|app: 0|req: 23/53] 10.201.5.82 () {54 vars in 926 bytes} [Thu Aug 22 04:51:23 2024] GET /identity => generated 270 bytes in 7 msecs (HTTP/1.1 300) 6 headers in 234 bytes (1 switches on core 0)
Aug 22 04:51:23 ubuntu devstack@keystone.service[69018]: DEBUG keystone.server.flask.request_processing.req_logging [None req-8d75c56f-6175-4d0f-808e-f5faa8d7e054 None None] REQUEST_METHOD: `POST` {{(pid=69018) log_request_info /opt/stack/keystone/keystone/server/flask/request_processing/req_logging.py:27}}
Aug 22 04:51:23 ubuntu devstack@keystone.service[69018]: DEBUG keystone.server.flask.request_processing.req_logging [None req-8d75c56f-6175-4d0f-808e-f5faa8d7e054 None None] SCRIPT_NAME: `/identity` {{(pid=69018) log_request_info /opt/stack/keystone/keystone/server/flask/request_processing/req_logging.py:28}}
Aug 22 04:51:23 ubuntu devstack@keystone.service[69018]: DEBUG keystone.server.flask.request_processing.req_logging [None req-8d75c56f-6175-4d0f-808e-f5faa8d7e054 None None] PATH_INFO: `/v3/auth/tokens` {{(pid=69018) log_request_info /opt/stack/keystone/keystone/server/flask/request_processing/req_logging.py:29}}
Aug 22 04:51:23 ubuntu devstack@keystone.service[69018]: WARNING keystone.common.password_hashing [None req-8d75c56f-6175-4d0f-808e-f5faa8d7e054 None None] Truncating password to algorithm specific maximum length 72 characters.
Aug 22 04:51:23 ubuntu devstack@keystone.service[69018]: DEBUG keystone.auth.core [None req-8d75c56f-6175-4d0f-808e-f5faa8d7e054 None None] MFA Rules not processed for user `ea945fed9688430eb72a81a1fd61a653`. Rule list: `[]` (Enabled: `True`). {{(pid=69018) check_auth_methods_against_rules /opt/stack/keystone/keystone/auth/core.py:477}}
Aug 22 04:51:23 ubuntu devstack@keystone.service[69018]: DEBUG keystone.common.fernet_utils [None req-8d75c56f-6175-4d0f-808e-f5faa8d7e054 None None] Loaded 2 Fernet keys from /etc/keystone/fernet-keys/, but `[fernet_tokens] max_active_keys = 3`; perhaps there have not been enough key rotations to reach `max_active_keys` yet? {{(pid=69018) load_keys /opt/stack/keystone/keystone/common/fernet_utils.py:299}}
Aug 22 04:51:23 ubuntu devstack@keystone.service[69018]: [pid: 69018|app: 0|req: 31/54] 10.201.5.82 () {58 vars in 1023 bytes} [Thu Aug 22 04:51:23 2024] POST /identity/v3/auth/tokens => generated 862 bytes in 82 msecs (HTTP/1.1 201) 6 headers in 363 bytes (1 switches on core 0)
Aug 22 04:51:23 ubuntu devstack@keystone.service[69017]: DEBUG keystone.server.flask.request_processing.middleware.auth_context [None req-6865f578-c539-4739-a4fe-c0f347b65bb9 None None] Authenticating user token {{(pid=69017) process_request /opt/stack/data/venv/lib/python3.10/site-packages/keystonemiddleware/auth_token/__init__.py:406}}
Aug 22 04:51:23 ubuntu devstack@keystone.service[69017]: DEBUG keystone.server.flask.request_processing.middleware.auth_context [None req-6865f578-c539-4739-a4fe-c0f347b65bb9 None None] Validating token access rules against request {{(pid=69017) validate_allowed_request /opt/stack/data/venv/lib/python3.10/site-packages/keystonemiddleware/auth_token/__init__.py:544}}
Aug 22 04:51:23 ubuntu devstack@keystone.service[69017]: DEBUG keystone.server.flask.request_processing.middleware.auth_context [None req-de5d7303-b3c3-47ac-9b97-2b42e93ebc83 None admin] RBAC: auth_context: {'token': <TokenModel (audit_id=Ayc8xLi8RuyrZ4TRL5wrnQ, audit_chain_id=['Ayc8xLi8RuyrZ4TRL5wrnQ']) at 0x7f28c968ad10>, 'domain_id': None, 'trust_id': None, 'trustor_id': None, 'trustee_id': None, 'domain_name': None, 'group_ids': [], 'user_id': 'ea945fed9688430eb72a81a1fd61a653', 'user_domain_id': 'default', 'system_scope': 'all', 'project_id': None, 'project_domain_id': None, 'roles': ['admin', 'manager', 'member', 'reader'], 'is_admin_project': True, 'service_user_id': None, 'service_user_domain_id': None, 'service_project_id': None, 'service_project_domain_id': None, 'service_roles': []} {{(pid=69017) fill_context /opt/stack/keystone/keystone/server/flask/request_processing/middleware/auth_context.py:511}}
Aug 22 04:51:23 ubuntu devstack@keystone.service[69017]: DEBUG keystone.server.flask.request_processing.req_logging [None req-de5d7303-b3c3-47ac-9b97-2b42e93ebc83 None admin] REQUEST_METHOD: `GET` {{(pid=69017) log_request_info /opt/stack/keystone/keystone/server/flask/request_processing/req_logging.py:27}}
