Feb 07 10:44:47 ubuntu devstack@keystone.service[81724]: DEBUG keystone.server.flask.request_processing.req_logging [None req-b01c96de-6d16-41e7-bcca-abcdea0fad35 None None] REQUEST_METHOD: `POST` {{(pid=81724) log_request_info /opt/stack/keystone/keystone/server/flask/request_processing/req_logging.py:26}}
Feb 07 10:44:47 ubuntu devstack@keystone.service[81724]: DEBUG keystone.server.flask.request_processing.req_logging [None req-b01c96de-6d16-41e7-bcca-abcdea0fad35 None None] SCRIPT_NAME: `/identity` {{(pid=81724) log_request_info /opt/stack/keystone/keystone/server/flask/request_processing/req_logging.py:27}}
Feb 07 10:44:47 ubuntu devstack@keystone.service[81724]: DEBUG keystone.server.flask.request_processing.req_logging [None req-b01c96de-6d16-41e7-bcca-abcdea0fad35 None None] PATH_INFO: `/v3/auth/tokens` {{(pid=81724) log_request_info /opt/stack/keystone/keystone/server/flask/request_processing/req_logging.py:28}}
Feb 07 10:44:47 ubuntu devstack@keystone.service[81723]: WARNING keystone.common.password_hashing [None req-7ec6c2da-ca5f-42e0-a246-646200071daf None None] Truncating password to algorithm specific maximum length 72 characters.
Feb 07 10:44:47 ubuntu devstack@keystone.service[81724]: WARNING keystone.common.password_hashing [None req-b01c96de-6d16-41e7-bcca-abcdea0fad35 None None] Truncating password to algorithm specific maximum length 72 characters.
Feb 07 10:44:47 ubuntu devstack@keystone.service[81723]: DEBUG keystone.auth.core [None req-7ec6c2da-ca5f-42e0-a246-646200071daf None None] MFA Rules not processed for user `e68e85b6a5ce411fa3e585c95a736737`. Rule list: `[]` (Enabled: `True`). {{(pid=81723) check_auth_methods_against_rules /opt/stack/keystone/keystone/auth/core.py:476}}
Feb 07 10:44:47 ubuntu devstack@keystone.service[81723]: DEBUG keystone.common.fernet_utils [None req-7ec6c2da-ca5f-42e0-a246-646200071daf None None] Loaded 2 Fernet keys from /etc/keystone/fernet-keys/, but `[fernet_tokens] max_active_keys = 3`; perhaps there have not been enough key rotations to reach `max_active_keys` yet? {{(pid=81723) load_keys /opt/stack/keystone/keystone/common/fernet_utils.py:297}}
Feb 07 10:44:47 ubuntu devstack@keystone.service[81724]: DEBUG keystone.auth.core [None req-b01c96de-6d16-41e7-bcca-abcdea0fad35 None None] MFA Rules not processed for user `e68e85b6a5ce411fa3e585c95a736737`. Rule list: `[]` (Enabled: `True`). {{(pid=81724) check_auth_methods_against_rules /opt/stack/keystone/keystone/auth/core.py:476}}
Feb 07 10:44:47 ubuntu devstack@keystone.service[81724]: DEBUG keystone.common.fernet_utils [None req-b01c96de-6d16-41e7-bcca-abcdea0fad35 None None] Loaded 2 Fernet keys from /etc/keystone/fernet-keys/, but `[fernet_tokens] max_active_keys = 3`; perhaps there have not been enough key rotations to reach `max_active_keys` yet? {{(pid=81724) load_keys /opt/stack/keystone/keystone/common/fernet_utils.py:297}}
Feb 07 10:44:47 ubuntu devstack@keystone.service[81723]: [pid: 81723|app: 0|req: 11/24] 10.201.5.82 () {58 vars in 1016 bytes} [Sat Feb  7 10:44:47 2026] POST /identity/v3/auth/tokens => generated 862 bytes in 66 msecs (HTTP/1.1 201) 6 headers in 363 bytes (1 switches on core 0)
Feb 07 10:44:47 ubuntu devstack@keystone.service[81724]: [pid: 81724|app: 0|req: 14/25] 10.201.5.82 () {58 vars in 1016 bytes} [Sat Feb  7 10:44:47 2026] POST /identity/v3/auth/tokens => generated 862 bytes in 86 msecs (HTTP/1.1 201) 6 headers in 363 bytes (1 switches on core 0)
Feb 07 10:44:47 ubuntu devstack@keystone.service[81723]: DEBUG keystone.server.flask.request_processing.middleware.auth_context [None req-7ec6c2da-ca5f-42e0-a246-646200071daf None None] Authenticating user token {{(pid=81723) process_request /opt/stack/data/venv/lib/python3.10/site-packages/keystonemiddleware/auth_token/__init__.py:407}}
Feb 07 10:44:47 ubuntu devstack@keystone.service[81724]: DEBUG keystone.server.flask.request_processing.middleware.auth_context [None req-b01c96de-6d16-41e7-bcca-abcdea0fad35 None None] Authenticating user token {{(pid=81724) process_request /opt/stack/data/venv/lib/python3.10/site-packages/keystonemiddleware/auth_token/__init__.py:407}}
Feb 07 10:44:47 ubuntu devstack@keystone.service[81723]: DEBUG keystone.server.flask.request_processing.middleware.auth_context [None req-7ec6c2da-ca5f-42e0-a246-646200071daf None None] Validating token access rules against request {{(pid=81723) validate_allowed_request /opt/stack/data/venv/lib/python3.10/site-packages/keystonemiddleware/auth_token/__init__.py:545}}
Feb 07 10:44:47 ubuntu devstack@keystone.service[81724]: DEBUG keystone.server.flask.request_processing.middleware.auth_context [None req-b01c96de-6d16-41e7-bcca-abcdea0fad35 None None] Validating token access rules against request {{(pid=81724) validate_allowed_request /opt/stack/data/venv/lib/python3.10/site-packages/keystonemiddleware/auth_token/__init__.py:545}}
Feb 07 10:44:47 ubuntu devstack@keystone.service[81723]: DEBUG keystone.server.flask.request_processing.middleware.auth_context [None req-7e95ade1-4c2d-4ca5-98cd-45447d7b3f17 None admin] RBAC: auth_context: {'token': <TokenModel (audit_id=azhAJcBsTSyMFzVrN9Gjbw, audit_chain_id=['azhAJcBsTSyMFzVrN9Gjbw']) at 0x7fb710c77ee0>, 'domain_id': None, 'trust_id': None, 'trustor_id': None, 'trustee_id': None, 'domain_name': None, 'group_ids': [], 'user_id': 'e68e85b6a5ce411fa3e585c95a736737', 'user_domain_id': 'default', 'system_scope': 'all', 'project_id': None, 'project_domain_id': None, 'roles': ['admin', 'manager', 'member', 'reader'], 'is_admin_project': True, 'service_user_id': None, 'service_user_domain_id': None, 'service_project_id': None, 'service_project_domain_id': None, 'service_roles': []} {{(pid=81723) fill_context /opt/stack/keystone/keystone/server/flask/request_processing/middleware/auth_context.py:509}}
Feb 07 10:44:47 ubuntu devstack@keystone.service[81723]: DEBUG keystone.server.flask.request_processing.req_logging [None req-7e95ade1-4c2d-4ca5-98cd-45447d7b3f17 None admin] REQUEST_METHOD: `GET` {{(pid=81723) log_request_info /opt/stack/keystone/keystone/server/flask/request_processing/req_logging.py:26}}
Feb 07 10:44:47 ubuntu devstack@keystone.service[81723]: DEBUG keystone.server.flask.request_processing.req_logging [None req-7e95ade1-4c2d-4ca5-98cd-45447d7b3f17 None admin] SCRIPT_NAME: `/identity` {{(pid=81723) log_request_info /opt/stack/keystone/keystone/server/flask/request_processing/req_logging.py:27}}
Feb 07 10:44:47 ubuntu devstack@keystone.service[81723]: DEBUG keystone.server.flask.request_processing.req_logging [None req-7e95ade1-4c2d-4ca5-98cd-45447d7b3f17 None admin] PATH_INFO: `/v3/roles/admin` {{(pid=81723) log_request_info /opt/stack/keystone/keystone/server/flask/request_processing/req_logging.py:28}}
Feb 07 10:44:47 ubuntu devstack@keystone.service[81723]: DEBUG keystone.common.rbac_enforcer.enforcer [None req-7e95ade1-4c2d-4ca5-98cd-45447d7b3f17 None admin] Extracting inferred target data resulted in "NOT FOUND (404)". {{(pid=81723) enforce_call /opt/stack/keystone/keystone/common/rbac_enforcer/enforcer.py:445}}
Feb 07 10:44:47 ubuntu devstack@keystone.service[81723]: DEBUG keystone.server.flask.application [None req-7e95ade1-4c2d-4ca5-98cd-45447d7b3f17 None admin] Could not find role: admin. {{(pid=81723) _handle_keystone_exception /opt/stack/keystone/keystone/server/flask/application.py:146}}
Feb 07 10:44:47 ubuntu devstack@keystone.service[81724]: DEBUG keystone.server.flask.request_processing.middleware.auth_context [None req-b096d4b5-ce11-46c4-85e4-4c82120fa795 None admin] RBAC: auth_context: {'token': <TokenModel (audit_id=sTZGC_EZRwCtS9n5uI9x5Q, audit_chain_id=['sTZGC_EZRwCtS9n5uI9x5Q']) at 0x7fb710c64bb0>, 'domain_id': None, 'trust_id': None, 'trustor_id': None, 'trustee_id': None, 'domain_name': None, 'group_ids': [], 'user_id': 'e68e85b6a5ce411fa3e585c95a736737', 'user_domain_id': 'default', 'system_scope': 'all', 'project_id': None, 'project_domain_id': None, 'roles': ['admin', 'manager', 'member', 'reader'], 'is_admin_project': True, 'service_user_id': None, 'service_user_domain_id': None, 'service_project_id': None, 'service_project_domain_id': None, 'service_roles': []} {{(pid=81724) fill_context /opt/stack/keystone/keystone/server/flask/request_processing/middleware/auth_context.py:509}}
Feb 07 10:44:47 ubuntu devstack@keystone.service[81723]: [pid: 81723|app: 0|req: 12/26] 10.201.5.82 () {56 vars in 1132 bytes} [Sat Feb  7 10:44:47 2026] GET /identity/v3/roles/admin => generated 83 bytes in 109 msecs (HTTP/1.1 404) 5 headers in 183 bytes (1 switches on core 0)
Feb 07 10:44:47 ubuntu devstack@keystone.service[81724]: DEBUG keystone.server.flask.request_processing.req_logging [None req-b096d4b5-ce11-46c4-85e4-4c82120fa795 None admin] REQUEST_METHOD: `GET` {{(pid=81724) log_request_info /opt/stack/keystone/keystone/server/flask/request_processing/req_logging.py:26}}
Feb 07 10:44:47 ubuntu devstack@keystone.service[81724]: DEBUG keystone.server.flask.request_processing.req_logging [None req-b096d4b5-ce11-46c4-85e4-4c82120fa795 None admin] SCRIPT_NAME: `/identity` {{(pid=81724) log_request_info /opt/stack/keystone/keystone/server/flask/request_processing/req_logging.py:27}}
Feb 07 10:44:47 ubuntu devstack@keystone.service[81724]: DEBUG keystone.server.flask.request_processing.req_logging [None req-b096d4b5-ce11-46c4-85e4-4c82120fa795 None admin] PATH_INFO: `/v3/domains/Default` {{(pid=81724) log_request_info /opt/stack/keystone/keystone/server/flask/request_processing/req_logging.py:28}}
Feb 07 10:44:47 ubuntu devstack@keystone.service[81723]: DEBUG keystone.server.flask.request_processing.middleware.auth_context [None req-7e95ade1-4c2d-4ca5-98cd-45447d7b3f17 None admin] Authenticating user token {{(pid=81723) process_request /opt/stack/data/venv/lib/python3.10/site-packages/keystonemiddleware/auth_token/__init__.py:407}}
Feb 07 10:44:47 ubuntu devstack@keystone.service[81724]: DEBUG keystone.common.rbac_enforcer.enforcer [None req-b096d4b5-ce11-46c4-85e4-4c82120fa795 None admin] RBAC: Authorizing `identity:get_domain(domain_id=Default)` {{(pid=81724) enforce_call /opt/stack/keystone/keystone/common/rbac_enforcer/enforcer.py:494}}
Feb 07 10:44:47 ubuntu devstack@keystone.service[81724]: DEBUG keystone.common.rbac_enforcer.enforcer [None req-b096d4b5-ce11-46c4-85e4-4c82120fa795 None admin] RBAC: Authorization granted {{(pid=81724) enforce_call /opt/stack/keystone/keystone/common/rbac_enforcer/enforcer.py:505}}
Feb 07 10:44:47 ubuntu devstack@keystone.service[81724]: DEBUG keystone.server.flask.application [None req-b096d4b5-ce11-46c4-85e4-4c82120fa795 None admin] Could not find domain: Default. {{(pid=81724) _handle_keystone_exception /opt/stack/keystone/keystone/server/flask/application.py:146}}
Feb 07 10:44:47 ubuntu devstack@keystone.service[81724]: [pid: 81724|app: 0|req: 15/27] 10.201.5.82 () {56 vars in 1100 bytes} [Sat Feb  7 10:44:47 2026] GET /identity/v3/domains/Default => generated 87 bytes in 100 msecs (HTTP/1.1 404) 5 headers in 183 bytes (1 switches on core 0)
Feb 07 10:44:47 ubuntu devstack@keystone.service[81724]: DEBUG keystone.server.flask.request_processing.middleware.auth_context [None req-b096d4b5-ce11-46c4-85e4-4c82120fa795 None admin] Authenticating user token {{(pid=81724) process_request /opt/stack/data/venv/lib/python3.10/site-packages/keystonemiddleware/auth_token/__init__.py:407}}
Feb 07 10:44:47 ubuntu devstack@keystone.service[81724]: DEBUG keystone.server.flask.request_processing.middleware.auth_context [None req-b096d4b5-ce11-46c4-85e4-4c82120fa795 None admin] Validating token access rules against request {{(pid=81724) validate_allowed_request /opt/stack/data/venv/lib/python3.10/site-packages/keystonemiddleware/auth_token/__init__.py:545}}
Feb 07 10:44:47 ubuntu devstack@keystone.service[81724]: DEBUG keystone.server.flask.request_processing.middleware.auth_context [None req-2284c0e8-a3d8-4ce7-9ef2-51faef32329d None admin] RBAC: auth_context: {'token': <TokenModel (audit_id=sTZGC_EZRwCtS9n5uI9x5Q, audit_chain_id=['sTZGC_EZRwCtS9n5uI9x5Q']) at 0x7fb710d72170>, 'domain_id': None, 'trust_id': None, 'trustor_id': None, 'trustee_id': None, 'domain_name': None, 'group_ids': [], 'user_id': 'e68e85b6a5ce411fa3e585c95a736737', 'user_domain_id': 'default', 'system_scope': 'all', 'project_id': None, 'project_domain_id': None, 'roles': ['admin', 'manager', 'member', 'reader'], 'is_admin_project': True, 'service_user_id': None, 'service_user_domain_id': None, 'service_project_id': None, 'service_project_domain_id': None, 'service_roles': []} {{(pid=81724) fill_context /opt/stack/keystone/keystone/server/flask/request_processing/middleware/auth_context.py:509}}
Feb 07 10:44:47 ubuntu devstack@keystone.service[81724]: DEBUG keystone.server.flask.request_processing.req_logging [None req-2284c0e8-a3d8-4ce7-9ef2-51faef32329d None admin] REQUEST_METHOD: `GET` {{(pid=81724) log_request_info /opt/stack/keystone/keystone/server/flask/request_processing/req_logging.py:26}}
Feb 07 10:44:47 ubuntu devstack@keystone.service[81724]: DEBUG keystone.server.flask.request_processing.req_logging [None req-2284c0e8-a3d8-4ce7-9ef2-51faef32329d None admin] SCRIPT_NAME: `/identity` {{(pid=81724) log_request_info /opt/stack/keystone/keystone/server/flask/request_processing/req_logging.py:27}}
Feb 07 10:44:47 ubuntu devstack@keystone.service[81724]: DEBUG keystone.server.flask.request_processing.req_logging [None req-2284c0e8-a3d8-4ce7-9ef2-51faef32329d None admin] PATH_INFO: `/v3/domains` {{(pid=81724) log_request_info /opt/stack/keystone/keystone/server/flask/request_processing/req_logging.py:28}}
Feb 07 10:44:47 ubuntu devstack@keystone.service[81723]: DEBUG keystone.server.flask.request_processing.middleware.auth_context [None req-7e95ade1-4c2d-4ca5-98cd-45447d7b3f17 None admin] Validating token access rules against request {{(pid=81723) validate_allowed_request /opt/stack/data/venv/lib/python3.10/site-packages/keystonemiddleware/auth_token/__init__.py:545}}
Feb 07 10:44:47 ubuntu devstack@keystone.service[81724]: DEBUG keystone.common.rbac_enforcer.enforcer [None req-2284c0e8-a3d8-4ce7-9ef2-51faef32329d None admin] RBAC: Adding query filter params (name=Default) {{(pid=81724) _extract_filter_values /opt/stack/keystone/keystone/common/rbac_enforcer/enforcer.py:176}}
Feb 07 10:44:47 ubuntu devstack@keystone.service[81724]: DEBUG keystone.common.rbac_enforcer.enforcer [None req-2284c0e8-a3d8-4ce7-9ef2-51faef32329d None admin] RBAC: Authorizing `identity:list_domains()` {{(pid=81724) enforce_call /opt/stack/keystone/keystone/common/rbac_enforcer/enforcer.py:494}}
Feb 07 10:44:47 ubuntu devstack@keystone.service[81724]: DEBUG keystone.common.rbac_enforcer.enforcer [None req-2284c0e8-a3d8-4ce7-9ef2-51faef32329d None admin] RBAC: Authorization granted {{(pid=81724) enforce_call /opt/stack/keystone/keystone/common/rbac_enforcer/enforcer.py:505}}
Feb 07 10:44:47 ubuntu devstack@keystone.service[81724]: [pid: 81724|app: 0|req: 16/28] 10.201.5.82 () {56 vars in 1101 bytes} [Sat Feb  7 10:44:47 2026] GET /identity/v3/domains?name=Default => generated 308 bytes in 73 msecs (HTTP/1.1 200) 5 headers in 177 bytes (2 switches on core 0)
Feb 07 10:44:47 ubuntu devstack@keystone.service[81724]: DEBUG keystone.server.flask.request_processing.middleware.auth_context [None req-2284c0e8-a3d8-4ce7-9ef2-51faef32329d None admin] Authenticating user token {{(pid=81724) process_request /opt/stack/data/venv/lib/python3.10/site-packages/keystonemiddleware/auth_token/__init__.py:407}}
Feb 07 10:44:47 ubuntu devstack@keystone.service[81723]: DEBUG keystone.server.flask.request_processing.middleware.auth_context [None req-6354c944-ffed-4156-8069-889fe78308bd None admin] RBAC: auth_context: {'token': <TokenModel (audit_id=azhAJcBsTSyMFzVrN9Gjbw, audit_chain_id=['azhAJcBsTSyMFzVrN9Gjbw']) at 0x7fb710f2d990>, 'domain_id': None, 'trust_id': None, 'trustor_id': None, 'trustee_id': None, 'domain_name': None, 'group_ids': [], 'user_id': 'e68e85b6a5ce411fa3e585c95a736737', 'user_domain_id': 'default', 'system_scope': 'all', 'project_id': None, 'project_domain_id': None, 'roles': ['admin', 'manager', 'member', 'reader'], 'is_admin_project': True, 'service_user_id': None, 'service_user_domain_id': None, 'service_project_id': None, 'service_project_domain_id': None, 'service_roles': []} {{(pid=81723) fill_context /opt/stack/keystone/keystone/server/flask/request_processing/middleware/auth_context.py:509}}
Feb 07 10:44:47 ubuntu devstack@keystone.service[81723]: DEBUG keystone.server.flask.request_processing.req_logging [None req-6354c944-ffed-4156-8069-889fe78308bd None admin] REQUEST_METHOD: `GET` {{(pid=81723) log_request_info /opt/stack/keystone/keystone/server/flask/request_processing/req_logging.py:26}}
Feb 07 10:44:47 ubuntu devstack@keystone.service[81723]: DEBUG keystone.server.flask.request_processing.req_logging [None req-6354c944-ffed-4156-8069-889fe78308bd None admin] SCRIPT_NAME: `/identity` {{(pid=81723) log_request_info /opt/stack/keystone/keystone/server/flask/request_processing/req_logging.py:27}}
Feb 07 10:44:47 ubuntu devstack@keystone.service[81723]: DEBUG keystone.server.flask.request_processing.req_logging [None req-6354c944-ffed-4156-8069-889fe78308bd None admin] PATH_INFO: `/v3/roles` {{(pid=81723) log_request_info /opt/stack/keystone/keystone/server/flask/request_processing/req_logging.py:28}}
Feb 07 10:44:47 ubuntu devstack@keystone.service[81723]: DEBUG keystone.common.rbac_enforcer.enforcer [None req-6354c944-ffed-4156-8069-889fe78308bd None admin] RBAC: Adding query filter params (name=admin) {{(pid=81723) _extract_filter_values /opt/stack/keystone/keystone/common/rbac_enforcer/enforcer.py:176}}
Feb 07 10:44:47 ubuntu devstack@keystone.service[81723]: DEBUG keystone.common.rbac_enforcer.enforcer [None req-6354c944-ffed-4156-8069-889fe78308bd None admin] RBAC: Authorizing `identity:list_roles()` {{(pid=81723) enforce_call /opt/stack/keystone/keystone/common/rbac_enforcer/enforcer.py:494}}
Feb 07 10:44:47 ubuntu devstack@keystone.service[81723]: DEBUG keystone.common.rbac_enforcer.enforcer [None req-6354c944-ffed-4156-8069-889fe78308bd None admin] RBAC: Authorization granted {{(pid=81723) enforce_call /opt/stack/keystone/keystone/common/rbac_enforcer/enforcer.py:505}}
Feb 07 10:44:47 ubuntu devstack@keystone.service[81724]: DEBUG keystone.server.flask.request_processing.middleware.auth_context [None req-2284c0e8-a3d8-4ce7-9ef2-51faef32329d None admin] Validating token access rules against request {{(pid=81724) validate_allowed_request /opt/stack/data/venv/lib/python3.10/site-packages/keystonemiddleware/auth_token/__init__.py:545}}
Feb 07 10:44:47 ubuntu devstack@keystone.service[81723]: [pid: 81723|app: 0|req: 13/29] 10.201.5.82 () {56 vars in 1148 bytes} [Sat Feb  7 10:44:47 2026] GET /identity/v3/roles?name=admin => generated 339 bytes in 130 msecs (HTTP/1.1 200) 5 headers in 177 bytes (2 switches on core 0)
Feb 07 10:44:47 ubuntu devstack@keystone.service[81723]: DEBUG keystone.server.flask.request_processing.req_logging [None req-dea85134-3873-41ba-8aa2-1cb919288306 None None] REQUEST_METHOD: `GET` {{(pid=81723) log_request_info /opt/stack/keystone/keystone/server/flask/request_processing/req_logging.py:26}}
Feb 07 10:44:47 ubuntu devstack@keystone.service[81723]: DEBUG keystone.server.flask.request_processing.req_logging [None req-dea85134-3873-41ba-8aa2-1cb919288306 None None] SCRIPT_NAME: `/identity` {{(pid=81723) log_request_info /opt/stack/keystone/keystone/server/flask/request_processing/req_logging.py:27}}
Feb 07 10:44:47 ubuntu devstack@keystone.service[81723]: DEBUG keystone.server.flask.request_processing.req_logging [None req-dea85134-3873-41ba-8aa2-1cb919288306 None None] PATH_INFO: `/` {{(pid=81723) log_request_info /opt/stack/keystone/keystone/server/flask/request_processing/req_logging.py:28}}
Feb 07 10:44:47 ubuntu devstack@keystone.service[81723]: [pid: 81723|app: 0|req: 14/30] 10.201.5.82 () {54 vars in 919 bytes} [Sat Feb  7 10:44:47 2026] GET /identity => generated 270 bytes in 1 msecs (HTTP/1.1 300) 6 headers in 234 bytes (1 switches on core 0)
Feb 07 10:44:47 ubuntu devstack@keystone.service[81723]: DEBUG keystone.server.flask.request_processing.middleware.auth_context [None req-dea85134-3873-41ba-8aa2-1cb919288306 None None] Authenticating user token {{(pid=81723) process_request /opt/stack/data/venv/lib/python3.10/site-packages/keystonemiddleware/auth_token/__init__.py:407}}
Feb 07 10:44:47 ubuntu devstack@keystone.service[81724]: DEBUG keystone.server.flask.request_processing.middleware.auth_context [None req-ed8d2873-1ea1-4600-ad8c-6ab92565a414 None admin] RBAC: auth_context: {'token': <TokenModel (audit_id=sTZGC_EZRwCtS9n5uI9x5Q, audit_chain_id=['sTZGC_EZRwCtS9n5uI9x5Q']) at 0x7fb710c67910>, 'domain_id': None, 'trust_id': None, 'trustor_id': None, 'trustee_id': None, 'domain_name': None, 'group_ids': [], 'user_id': 'e68e85b6a5ce411fa3e585c95a736737', 'user_domain_id': 'default', 'system_scope': 'all', 'project_id': None, 'project_domain_id': None, 'roles': ['admin', 'manager', 'member', 'reader'], 'is_admin_project': True, 'service_user_id': None, 'service_user_domain_id': None, 'service_project_id': None, 'service_project_domain_id': None, 'service_roles': []} {{(pid=81724) fill_context /opt/stack/keystone/keystone/server/flask/request_processing/middleware/auth_context.py:509}}
Feb 07 10:44:47 ubuntu devstack@keystone.service[81724]: DEBUG keystone.server.flask.request_processing.req_logging [None req-ed8d2873-1ea1-4600-ad8c-6ab92565a414 None admin] REQUEST_METHOD: `POST` {{(pid=81724) log_request_info /opt/stack/keystone/keystone/server/flask/request_processing/req_logging.py:26}}
Feb 07 10:44:47 ubuntu devstack@keystone.service[81724]: DEBUG keystone.server.flask.request_processing.req_logging [None req-ed8d2873-1ea1-4600-ad8c-6ab92565a414 None admin] SCRIPT_NAME: `/identity` {{(pid=81724) log_request_info /opt/stack/keystone/keystone/server/flask/request_processing/req_logging.py:27}}
Feb 07 10:44:47 ubuntu devstack@keystone.service[81724]: DEBUG keystone.server.flask.request_processing.req_logging [None req-ed8d2873-1ea1-4600-ad8c-6ab92565a414 None admin] PATH_INFO: `/v3/projects` {{(pid=81724) log_request_info /opt/stack/keystone/keystone/server/flask/request_processing/req_logging.py:28}}
Feb 07 10:44:47 ubuntu devstack@keystone.service[81724]: DEBUG keystone.common.rbac_enforcer.enforcer [None req-ed8d2873-1ea1-4600-ad8c-6ab92565a414 None admin] RBAC: Authorizing `identity:create_project()` {{(pid=81724) enforce_call /opt/stack/keystone/keystone/common/rbac_enforcer/enforcer.py:494}}
Feb 07 10:44:47 ubuntu devstack@keystone.service[81724]: DEBUG keystone.common.rbac_enforcer.enforcer [None req-ed8d2873-1ea1-4600-ad8c-6ab92565a414 None admin] RBAC: Authorization granted {{(pid=81724) enforce_call /opt/stack/keystone/keystone/common/rbac_enforcer/enforcer.py:505}}
Feb 07 10:44:47 ubuntu devstack@keystone.service[81723]: DEBUG keystone.server.flask.request_processing.middleware.auth_context [None req-dea85134-3873-41ba-8aa2-1cb919288306 None None] Validating token access rules against request {{(pid=81723) validate_allowed_request /opt/stack/data/venv/lib/python3.10/site-packages/keystonemiddleware/auth_token/__init__.py:545}}
Feb 07 10:44:47 ubuntu devstack@keystone.service[81723]: DEBUG keystone.server.flask.request_processing.middleware.auth_context [None req-5a6fc6cf-2dce-4791-8644-801d5de533ca None admin] RBAC: auth_context: {'token': <TokenModel (audit_id=azhAJcBsTSyMFzVrN9Gjbw, audit_chain_id=['azhAJcBsTSyMFzVrN9Gjbw']) at 0x7fb710f2d240>, 'domain_id': None, 'trust_id': None, 'trustor_id': None, 'trustee_id': None, 'domain_name': None, 'group_ids': [], 'user_id': 'e68e85b6a5ce411fa3e585c95a736737', 'user_domain_id': 'default', 'system_scope': 'all', 'project_id': None, 'project_domain_id': None, 'roles': ['admin', 'manager', 'member', 'reader'], 'is_admin_project': True, 'service_user_id': None, 'service_user_domain_id': None, 'service_project_id': None, 'service_project_domain_id': None, 'service_roles': []} {{(pid=81723) fill_context /opt/stack/keystone/keystone/server/flask/request_processing/middleware/auth_context.py:509}}
Feb 07 10:44:47 ubuntu devstack@keystone.service[81723]: DEBUG keystone.server.flask.request_processing.req_logging [None req-5a6fc6cf-2dce-4791-8644-801d5de533ca None admin] REQUEST_METHOD: `GET` {{(pid=81723) log_request_info /opt/stack/keystone/keystone/server/flask/request_processing/req_logging.py:26}}
Feb 07 10:44:47 ubuntu devstack@keystone.service[81723]: DEBUG keystone.server.flask.request_processing.req_logging [None req-5a6fc6cf-2dce-4791-8644-801d5de533ca None admin] SCRIPT_NAME: `/identity` {{(pid=81723) log_request_info /opt/stack/keystone/keystone/server/flask/request_processing/req_logging.py:27}}
Feb 07 10:44:47 ubuntu devstack@keystone.service[81723]: DEBUG keystone.server.flask.request_processing.req_logging [None req-5a6fc6cf-2dce-4791-8644-801d5de533ca None admin] PATH_INFO: `/v3/users/e68e85b6a5ce411fa3e585c95a736737` {{(pid=81723) log_request_info /opt/stack/keystone/keystone/server/flask/request_processing/req_logging.py:28}}
Feb 07 10:44:47 ubuntu devstack@keystone.service[81723]: DEBUG keystone.common.rbac_enforcer.enforcer [None req-5a6fc6cf-2dce-4791-8644-801d5de533ca None admin] RBAC: Authorizing `identity:get_user(user_id=e68e85b6a5ce411fa3e585c95a736737)` {{(pid=81723) enforce_call /opt/stack/keystone/keystone/common/rbac_enforcer/enforcer.py:494}}
Feb 07 10:44:47 ubuntu devstack@keystone.service[81723]: DEBUG keystone.common.rbac_enforcer.enforcer [None req-5a6fc6cf-2dce-4791-8644-801d5de533ca None admin] RBAC: Authorization granted {{(pid=81723) enforce_call /opt/stack/keystone/keystone/common/rbac_enforcer/enforcer.py:505}}
Feb 07 10:44:47 ubuntu devstack@keystone.service[81723]: [pid: 81723|app: 0|req: 15/31] 10.201.5.82 () {56 vars in 1213 bytes} [Sat Feb  7 10:44:47 2026] GET /identity/v3/users/e68e85b6a5ce411fa3e585c95a736737 => generated 247 bytes in 60 msecs (HTTP/1.1 200) 5 headers in 177 bytes (1 switches on core 0)
Feb 07 10:44:47 ubuntu devstack@keystone.service[81723]: DEBUG keystone.server.flask.request_processing.req_logging [None req-1f24fa11-579a-497a-96ec-994ae80e130f None None] REQUEST_METHOD: `POST` {{(pid=81723) log_request_info /opt/stack/keystone/keystone/server/flask/request_processing/req_logging.py:26}}
Feb 07 10:44:47 ubuntu devstack@keystone.service[81723]: DEBUG keystone.server.flask.request_processing.req_logging [None req-1f24fa11-579a-497a-96ec-994ae80e130f None None] SCRIPT_NAME: `/identity` {{(pid=81723) log_request_info /opt/stack/keystone/keystone/server/flask/request_processing/req_logging.py:27}}
Feb 07 10:44:47 ubuntu devstack@keystone.service[81723]: DEBUG keystone.server.flask.request_processing.req_logging [None req-1f24fa11-579a-497a-96ec-994ae80e130f None None] PATH_INFO: `/v3/auth/tokens` {{(pid=81723) log_request_info /opt/stack/keystone/keystone/server/flask/request_processing/req_logging.py:28}}
Feb 07 10:44:47 ubuntu devstack@keystone.service[81723]: WARNING keystone.common.password_hashing [None req-1f24fa11-579a-497a-96ec-994ae80e130f None None] Truncating password to algorithm specific maximum length 72 characters.
Feb 07 10:44:47 ubuntu devstack@keystone.service[81723]: DEBUG keystone.auth.core [None req-1f24fa11-579a-497a-96ec-994ae80e130f None None] MFA Rules not processed for user `e68e85b6a5ce411fa3e585c95a736737`. Rule list: `[]` (Enabled: `True`). {{(pid=81723) check_auth_methods_against_rules /opt/stack/keystone/keystone/auth/core.py:476}}
Feb 07 10:44:47 ubuntu devstack@keystone.service[81723]: DEBUG keystone.common.fernet_utils [None req-1f24fa11-579a-497a-96ec-994ae80e130f None None] Loaded 2 Fernet keys from /etc/keystone/fernet-keys/, but `[fernet_tokens] max_active_keys = 3`; perhaps there have not been enough key rotations to reach `max_active_keys` yet? {{(pid=81723) load_keys /opt/stack/keystone/keystone/common/fernet_utils.py:297}}
Feb 07 10:44:47 ubuntu devstack@keystone.service[81723]: [pid: 81723|app: 0|req: 16/32] 10.201.5.82 () {58 vars in 1016 bytes} [Sat Feb  7 10:44:47 2026] POST /identity/v3/auth/tokens => generated 862 bytes in 48 msecs (HTTP/1.1 201) 6 headers in 363 bytes (1 switches on core 0)
Feb 07 10:44:47 ubuntu devstack@keystone.service[81723]: DEBUG keystone.server.flask.request_processing.middleware.auth_context [None req-1f24fa11-579a-497a-96ec-994ae80e130f None None] Authenticating user token {{(pid=81723) process_request /opt/stack/data/venv/lib/python3.10/site-packages/keystonemiddleware/auth_token/__init__.py:407}}
Feb 07 10:44:47 ubuntu devstack@keystone.service[81723]: DEBUG keystone.server.flask.request_processing.middleware.auth_context [None req-1f24fa11-579a-497a-96ec-994ae80e130f None None] Validating token access rules against request {{(pid=81723) validate_allowed_request /opt/stack/data/venv/lib/python3.10/site-packages/keystonemiddleware/auth_token/__init__.py:545}}
Feb 07 10:44:47 ubuntu devstack@keystone.service[81723]: DEBUG keystone.server.flask.request_processing.middleware.auth_context [None req-32c10784-5245-40b6-825a-7de2f8417f95 None admin] RBAC: auth_context: {'token': <TokenModel (audit_id=azhAJcBsTSyMFzVrN9Gjbw, audit_chain_id=['azhAJcBsTSyMFzVrN9Gjbw']) at 0x7fb710afcb50>, 'domain_id': None, 'trust_id': None, 'trustor_id': None, 'trustee_id': None, 'domain_name': None, 'group_ids': [], 'user_id': 'e68e85b6a5ce411fa3e585c95a736737', 'user_domain_id': 'default', 'system_scope': 'all', 'project_id': None, 'project_domain_id': None, 'roles': ['admin', 'manager', 'member', 'reader'], 'is_admin_project': True, 'service_user_id': None, 'service_user_domain_id': None, 'service_project_id': None, 'service_project_domain_id': None, 'service_roles': []} {{(pid=81723) fill_context /opt/stack/keystone/keystone/server/flask/request_processing/middleware/auth_context.py:509}}
Feb 07 10:44:47 ubuntu devstack@keystone.service[81723]: DEBUG keystone.server.flask.request_processing.req_logging [None req-32c10784-5245-40b6-825a-7de2f8417f95 None admin] REQUEST_METHOD: `GET` {{(pid=81723) log_request_info /opt/stack/keystone/keystone/server/flask/request_processing/req_logging.py:26}}
Feb 07 10:44:47 ubuntu devstack@keystone.service[81723]: DEBUG keystone.server.flask.request_processing.req_logging [None req-32c10784-5245-40b6-825a-7de2f8417f95 None admin] SCRIPT_NAME: `/identity` {{(pid=81723) log_request_info /opt/stack/keystone/keystone/server/flask/request_processing/req_logging.py:27}}
Feb 07 10:44:47 ubuntu devstack@keystone.service[81723]: DEBUG keystone.server.flask.request_processing.req_logging [None req-32c10784-5245-40b6-825a-7de2f8417f95 None admin] PATH_INFO: `/v3/domains/default` {{(pid=81723) log_request_info /opt/stack/keystone/keystone/server/flask/request_processing/req_logging.py:28}}
Feb 07 10:44:47 ubuntu devstack@keystone.service[81723]: DEBUG keystone.common.rbac_enforcer.enforcer [None req-32c10784-5245-40b6-825a-7de2f8417f95 None admin] RBAC: Authorizing `identity:get_domain(domain_id=default)` {{(pid=81723) enforce_call /opt/stack/keystone/keystone/common/rbac_enforcer/enforcer.py:494}}
Feb 07 10:44:47 ubuntu devstack@keystone.service[81723]: DEBUG keystone.common.rbac_enforcer.enforcer [None req-32c10784-5245-40b6-825a-7de2f8417f95 None admin] RBAC: Authorization granted {{(pid=81723) enforce_call /opt/stack/keystone/keystone/common/rbac_enforcer/enforcer.py:505}}
Feb 07 10:44:47 ubuntu devstack@keystone.service[81723]: [pid: 81723|app: 0|req: 17/33] 10.201.5.82 () {56 vars in 1144 bytes} [Sat Feb  7 10:44:47 2026] GET /identity/v3/domains/default => generated 199 bytes in 118 msecs (HTTP/1.1 200) 5 headers in 177 bytes (1 switches on core 0)
Feb 07 10:44:47 ubuntu devstack@keystone.service[81723]: DEBUG keystone.server.flask.request_processing.req_logging [None req-66694885-b7f6-48f9-8c56-a4479d5fe63b None None] REQUEST_METHOD: `GET` {{(pid=81723) log_request_info /opt/stack/keystone/keystone/server/flask/request_processing/req_logging.py:26}}
Feb 07 10:44:47 ubuntu devstack@keystone.service[81723]: DEBUG keystone.server.flask.request_processing.req_logging [None req-66694885-b7f6-48f9-8c56-a4479d5fe63b None None] SCRIPT_NAME: `/identity` {{(pid=81723) log_request_info /opt/stack/keystone/keystone/server/flask/request_processing/req_logging.py:27}}
Feb 07 10:44:47 ubuntu devstack@keystone.service[81723]: DEBUG keystone.server.flask.request_processing.req_logging [None req-66694885-b7f6-48f9-8c56-a4479d5fe63b None None] PATH_INFO: `/` {{(pid=81723) log_request_info /opt/stack/keystone/keystone/server/flask/request_processing/req_logging.py:28}}
Feb 07 10:44:47 ubuntu devstack@keystone.service[81723]: [pid: 81723|app: 0|req: 18/34] 10.201.5.82 () {54 vars in 919 bytes} [Sat Feb  7 10:44:47 2026] GET /identity => generated 270 bytes in 1 msecs (HTTP/1.1 300) 6 headers in 234 bytes (1 switches on core 0)
Feb 07 10:44:47 ubuntu devstack@keystone.service[81723]: DEBUG keystone.server.flask.request_processing.middleware.auth_context [None req-66694885-b7f6-48f9-8c56-a4479d5fe63b None None] Authenticating user token {{(pid=81723) process_request /opt/stack/data/venv/lib/python3.10/site-packages/keystonemiddleware/auth_token/__init__.py:407}}
Feb 07 10:44:47 ubuntu devstack@keystone.service[81724]: [pid: 81724|app: 0|req: 17/35] 10.201.5.82 () {60 vars in 1133 bytes} [Sat Feb  7 10:44:47 2026] POST /identity/v3/projects => generated 301 bytes in 283 msecs (HTTP/1.1 201) 5 headers in 182 bytes (1 switches on core 0)
Feb 07 10:44:47 ubuntu devstack@keystone.service[81724]: DEBUG keystone.server.flask.request_processing.req_logging [None req-9a9b8875-f01a-4719-b7b1-d68c078e6315 None None] REQUEST_METHOD: `POST` {{(pid=81724) log_request_info /opt/stack/keystone/keystone/server/flask/request_processing/req_logging.py:26}}
Feb 07 10:44:47 ubuntu devstack@keystone.service[81724]: DEBUG keystone.server.flask.request_processing.req_logging [None req-9a9b8875-f01a-4719-b7b1-d68c078e6315 None None] SCRIPT_NAME: `/identity` {{(pid=81724) log_request_info /opt/stack/keystone/keystone/server/flask/request_processing/req_logging.py:27}}
Feb 07 10:44:47 ubuntu devstack@keystone.service[81724]: DEBUG keystone.server.flask.request_processing.req_logging [None req-9a9b8875-f01a-4719-b7b1-d68c078e6315 None None] PATH_INFO: `/v3/auth/tokens` {{(pid=81724) log_request_info /opt/stack/keystone/keystone/server/flask/request_processing/req_logging.py:28}}
Feb 07 10:44:47 ubuntu devstack@keystone.service[81724]: WARNING keystone.common.password_hashing [None req-9a9b8875-f01a-4719-b7b1-d68c078e6315 None None] Truncating password to algorithm specific maximum length 72 characters.
Feb 07 10:44:47 ubuntu devstack@keystone.service[81723]: DEBUG keystone.server.flask.request_processing.middleware.auth_context [None req-66694885-b7f6-48f9-8c56-a4479d5fe63b None None] Validating token access rules against request {{(pid=81723) validate_allowed_request /opt/stack/data/venv/lib/python3.10/site-packages/keystonemiddleware/auth_token/__init__.py:545}}
Feb 07 10:44:47 ubuntu devstack@keystone.service[81724]: DEBUG keystone.auth.core [None req-9a9b8875-f01a-4719-b7b1-d68c078e6315 None None] MFA Rules not processed for user `e68e85b6a5ce411fa3e585c95a736737`. Rule list: `[]` (Enabled: `True`). {{(pid=81724) check_auth_methods_against_rules /opt/stack/keystone/keystone/auth/core.py:476}}
Feb 07 10:44:47 ubuntu devstack@keystone.service[81724]: DEBUG keystone.common.fernet_utils [None req-9a9b8875-f01a-4719-b7b1-d68c078e6315 None None] Loaded 2 Fernet keys from /etc/keystone/fernet-keys/, but `[fernet_tokens] max_active_keys = 3`; perhaps there have not been enough key rotations to reach `max_active_keys` yet? {{(pid=81724) load_keys /opt/stack/keystone/keystone/common/fernet_utils.py:297}}
Feb 07 10:44:47 ubuntu devstack@keystone.service[81723]: DEBUG keystone.server.flask.request_processing.middleware.auth_context [None req-453ae213-5717-4e3d-8dac-028351b0cef2 None admin] RBAC: auth_context: {'token': <TokenModel (audit_id=azhAJcBsTSyMFzVrN9Gjbw, audit_chain_id=['azhAJcBsTSyMFzVrN9Gjbw']) at 0x7fb710f2e680>, 'domain_id': None, 'trust_id': None, 'trustor_id': None, 'trustee_id': None, 'domain_name': None, 'group_ids': [], 'user_id': 'e68e85b6a5ce411fa3e585c95a736737', 'user_domain_id': 'default', 'system_scope': 'all', 'project_id': None, 'project_domain_id': None, 'roles': ['admin', 'manager', 'member', 'reader'], 'is_admin_project': True, 'service_user_id': None, 'service_user_domain_id': None, 'service_project_id': None, 'service_project_domain_id': None, 'service_roles': []} {{(pid=81723) fill_context /opt/stack/keystone/keystone/server/flask/request_processing/middleware/auth_context.py:509}}
Feb 07 10:44:47 ubuntu devstack@keystone.service[81723]: DEBUG keystone.server.flask.request_processing.req_logging [None req-453ae213-5717-4e3d-8dac-028351b0cef2 None admin] REQUEST_METHOD: `GET` {{(pid=81723) log_request_info /opt/stack/keystone/keystone/server/flask/request_processing/req_logging.py:26}}
Feb 07 10:44:47 ubuntu devstack@keystone.service[81723]: DEBUG keystone.server.flask.request_processing.req_logging [None req-453ae213-5717-4e3d-8dac-028351b0cef2 None admin] SCRIPT_NAME: `/identity` {{(pid=81723) log_request_info /opt/stack/keystone/keystone/server/flask/request_processing/req_logging.py:27}}
Feb 07 10:44:47 ubuntu devstack@keystone.service[81723]: DEBUG keystone.server.flask.request_processing.req_logging [None req-453ae213-5717-4e3d-8dac-028351b0cef2 None admin] PATH_INFO: `/v3/role_assignments` {{(pid=81723) log_request_info /opt/stack/keystone/keystone/server/flask/request_processing/req_logging.py:28}}
Feb 07 10:44:47 ubuntu devstack@keystone.service[81723]: DEBUG keystone.common.rbac_enforcer.enforcer [None req-453ae213-5717-4e3d-8dac-028351b0cef2 None admin] RBAC: Adding query filter params (role.id=0f7bc8aab0c54d75a013f75399a5563a, scope.domain.id=default, user.id=e68e85b6a5ce411fa3e585c95a736737) {{(pid=81723) _extract_filter_values /opt/stack/keystone/keystone/common/rbac_enforcer/enforcer.py:176}}
Feb 07 10:44:47 ubuntu devstack@keystone.service[81723]: DEBUG keystone.common.rbac_enforcer.enforcer [None req-453ae213-5717-4e3d-8dac-028351b0cef2 None admin] RBAC: Authorizing `identity:list_role_assignments()` {{(pid=81723) enforce_call /opt/stack/keystone/keystone/common/rbac_enforcer/enforcer.py:494}}
Feb 07 10:44:47 ubuntu devstack@keystone.service[81723]: DEBUG keystone.common.rbac_enforcer.enforcer [None req-453ae213-5717-4e3d-8dac-028351b0cef2 None admin] RBAC: Authorization granted {{(pid=81723) enforce_call /opt/stack/keystone/keystone/common/rbac_enforcer/enforcer.py:505}}
Feb 07 10:44:47 ubuntu devstack@keystone.service[81723]: [pid: 81723|app: 0|req: 19/36] 10.201.5.82 () {56 vars in 1371 bytes} [Sat Feb  7 10:44:47 2026] GET /identity/v3/role_assignments?role.id=0f7bc8aab0c54d75a013f75399a5563a&scope.domain.id=default&user.id=e68e85b6a5ce411fa3e585c95a736737 => generated 530 bytes in 69 msecs (HTTP/1.1 200) 5 headers in 177 bytes (1 switches on core 0)
Feb 07 10:44:47 ubuntu devstack@keystone.service[81723]: DEBUG keystone.server.flask.request_processing.middleware.auth_context [None req-453ae213-5717-4e3d-8dac-028351b0cef2 None admin] Authenticating user token {{(pid=81723) process_request /opt/stack/data/venv/lib/python3.10/site-packages/keystonemiddleware/auth_token/__init__.py:407}}
Feb 07 10:44:47 ubuntu devstack@keystone.service[81724]: [pid: 81724|app: 0|req: 18/37] 10.201.5.82 () {58 vars in 1016 bytes} [Sat Feb  7 10:44:47 2026] POST /identity/v3/auth/tokens => generated 862 bytes in 95 msecs (HTTP/1.1 201) 6 headers in 363 bytes (1 switches on core 0)
Feb 07 10:44:47 ubuntu devstack@keystone.service[81723]: DEBUG keystone.server.flask.request_processing.middleware.auth_context [None req-453ae213-5717-4e3d-8dac-028351b0cef2 None admin] Validating token access rules against request {{(pid=81723) validate_allowed_request /opt/stack/data/venv/lib/python3.10/site-packages/keystonemiddleware/auth_token/__init__.py:545}}
Feb 07 10:44:47 ubuntu devstack@keystone.service[81723]: DEBUG keystone.server.flask.request_processing.middleware.auth_context [None req-9a7f9ba9-88c4-4112-aab7-ecd9ec4bd8bd None admin] RBAC: auth_context: {'token': <TokenModel (audit_id=JXf33MpzSf6rvL06PP0teg, audit_chain_id=['JXf33MpzSf6rvL06PP0teg']) at 0x7fb710b59cf0>, 'domain_id': None, 'trust_id': None, 'trustor_id': None, 'trustee_id': None, 'domain_name': None, 'group_ids': [], 'user_id': 'e68e85b6a5ce411fa3e585c95a736737', 'user_domain_id': 'default', 'system_scope': 'all', 'project_id': None, 'project_domain_id': None, 'roles': ['admin', 'manager', 'member', 'reader'], 'is_admin_project': True, 'service_user_id': None, 'service_user_domain_id': None, 'service_project_id': None, 'service_project_domain_id': None, 'service_roles': []} {{(pid=81723) fill_context /opt/stack/keystone/keystone/server/flask/request_processing/middleware/auth_context.py:509}}
Feb 07 10:44:47 ubuntu devstack@keystone.service[81723]: DEBUG keystone.server.flask.request_processing.req_logging [None req-9a7f9ba9-88c4-4112-aab7-ecd9ec4bd8bd None admin] REQUEST_METHOD: `POST` {{(pid=81723) log_request_info /opt/stack/keystone/keystone/server/flask/request_processing/req_logging.py:26}}
Feb 07 10:44:47 ubuntu devstack@keystone.service[81723]: DEBUG keystone.server.flask.request_processing.req_logging [None req-9a7f9ba9-88c4-4112-aab7-ecd9ec4bd8bd None admin] SCRIPT_NAME: `/identity` {{(pid=81723) log_request_info /opt/stack/keystone/keystone/server/flask/request_processing/req_logging.py:27}}
Feb 07 10:44:47 ubuntu devstack@keystone.service[81723]: DEBUG keystone.server.flask.request_processing.req_logging [None req-9a7f9ba9-88c4-4112-aab7-ecd9ec4bd8bd None admin] PATH_INFO: `/v3/roles` {{(pid=81723) log_request_info /opt/stack/keystone/keystone/server/flask/request_processing/req_logging.py:28}}
Feb 07 10:44:47 ubuntu devstack@keystone.service[81723]: DEBUG keystone.common.rbac_enforcer.enforcer [None req-9a7f9ba9-88c4-4112-aab7-ecd9ec4bd8bd None admin] RBAC: Authorizing `identity:create_role()` {{(pid=81723) enforce_call /opt/stack/keystone/keystone/common/rbac_enforcer/enforcer.py:494}}
Feb 07 10:44:47 ubuntu devstack@keystone.service[81723]: DEBUG keystone.common.rbac_enforcer.enforcer [None req-9a7f9ba9-88c4-4112-aab7-ecd9ec4bd8bd None admin] RBAC: Authorization granted {{(pid=81723) enforce_call /opt/stack/keystone/keystone/common/rbac_enforcer/enforcer.py:505}}
Feb 07 10:44:47 ubuntu devstack@keystone.service[81723]: DEBUG keystone.common.sql.core [None req-9a7f9ba9-88c4-4112-aab7-ecd9ec4bd8bd None admin] Conflict role: (pymysql.err.IntegrityError) (1062, "Duplicate entry 'service-<<null>>' for key 'role.ixu_role_name_domain_id'")
Feb 07 10:44:47 ubuntu devstack@keystone.service[81723]: [SQL: INSERT INTO `role` (id, name, description, extra) VALUES (%(id)s, %(name)s, %(description)s, %(extra)s)]
Feb 07 10:44:47 ubuntu devstack@keystone.service[81723]: [parameters: {'id': 'dc9cc951d3ef48f39f71ee1758fa5b1d', 'name': 'service', 'description': None, 'extra': '{}'}]
Feb 07 10:44:47 ubuntu devstack@keystone.service[81723]: (Background on this error at: https://sqlalche.me/e/20/gkpj) {{(pid=81723) wrapper /opt/stack/keystone/keystone/common/sql/core.py:580}}
Feb 07 10:44:47 ubuntu devstack@keystone.service[81723]: ERROR keystone.server.flask.application [None req-9a7f9ba9-88c4-4112-aab7-ecd9ec4bd8bd None admin] Conflict occurred attempting to store role - Duplicate entry found with name service.: keystone.exception.Conflict: Conflict occurred attempting to store role - Duplicate entry found with name service.
Feb 07 10:44:47 ubuntu devstack@keystone.service[81723]: ERROR keystone.server.flask.application Traceback (most recent call last):
Feb 07 10:44:47 ubuntu devstack@keystone.service[81723]: ERROR keystone.server.flask.application   File "/opt/stack/data/venv/lib/python3.10/site-packages/sqlalchemy/engine/base.py", line 1967, in _exec_single_context
Feb 07 10:44:47 ubuntu devstack@keystone.service[81723]: ERROR keystone.server.flask.application     self.dialect.do_execute(
Feb 07 10:44:47 ubuntu devstack@keystone.service[81723]: ERROR keystone.server.flask.application   File "/opt/stack/data/venv/lib/python3.10/site-packages/sqlalchemy/engine/default.py", line 951, in do_execute
Feb 07 10:44:47 ubuntu devstack@keystone.service[81723]: ERROR keystone.server.flask.application     cursor.execute(statement, parameters)
Feb 07 10:44:47 ubuntu devstack@keystone.service[81723]: ERROR keystone.server.flask.application   File "/opt/stack/data/venv/lib/python3.10/site-packages/pymysql/cursors.py", line 153, in execute
Feb 07 10:44:47 ubuntu devstack@keystone.service[81723]: ERROR keystone.server.flask.application     result = self._query(query)
Feb 07 10:44:47 ubuntu devstack@keystone.service[81723]: ERROR keystone.server.flask.application   File "/opt/stack/data/venv/lib/python3.10/site-packages/pymysql/cursors.py", line 322, in _query
Feb 07 10:44:47 ubuntu devstack@keystone.service[81723]: ERROR keystone.server.flask.application     conn.query(q)
Feb 07 10:44:47 ubuntu devstack@keystone.service[81723]: ERROR keystone.server.flask.application   File "/opt/stack/data/venv/lib/python3.10/site-packages/pymysql/connections.py", line 575, in query
Feb 07 10:44:47 ubuntu devstack@keystone.service[81723]: ERROR keystone.server.flask.application     self._affected_rows = self._read_query_result(unbuffered=unbuffered)
Feb 07 10:44:47 ubuntu devstack@keystone.service[81723]: ERROR keystone.server.flask.application   File "/opt/stack/data/venv/lib/python3.10/site-packages/pymysql/connections.py", line 826, in _read_query_result
Feb 07 10:44:47 ubuntu devstack@keystone.service[81723]: ERROR keystone.server.flask.application     result.read()
Feb 07 10:44:47 ubuntu devstack@keystone.service[81723]: ERROR keystone.server.flask.application   File "/opt/stack/data/venv/lib/python3.10/site-packages/pymysql/connections.py", line 1203, in read
Feb 07 10:44:47 ubuntu devstack@keystone.service[81723]: ERROR keystone.server.flask.application     first_packet = self.connection._read_packet()
Feb 07 10:44:47 ubuntu devstack@keystone.service[81723]: ERROR keystone.server.flask.application   File "/opt/stack/data/venv/lib/python3.10/site-packages/pymysql/connections.py", line 782, in _read_packet
Feb 07 10:44:47 ubuntu devstack@keystone.service[81723]: ERROR keystone.server.flask.application     packet.raise_for_error()
Feb 07 10:44:47 ubuntu devstack@keystone.service[81723]: ERROR keystone.server.flask.application   File "/opt/stack/data/venv/lib/python3.10/site-packages/pymysql/protocol.py", line 219, in raise_for_error
Feb 07 10:44:47 ubuntu devstack@keystone.service[81723]: ERROR keystone.server.flask.application     err.raise_mysql_exception(self._data)
Feb 07 10:44:47 ubuntu devstack@keystone.service[81723]: ERROR keystone.server.flask.application   File "/opt/stack/data/venv/lib/python3.10/site-packages/pymysql/err.py", line 150, in raise_mysql_exception
Feb 07 10:44:47 ubuntu devstack@keystone.service[81723]: ERROR keystone.server.flask.application     raise errorclass(errno, errval)
Feb 07 10:44:47 ubuntu devstack@keystone.service[81723]: ERROR keystone.server.flask.application pymysql.err.IntegrityError: (1062, "Duplicate entry 'service-<<null>>' for key 'role.ixu_role_name_domain_id'")
Feb 07 10:44:47 ubuntu devstack@keystone.service[81723]: ERROR keystone.server.flask.application 
Feb 07 10:44:47 ubuntu devstack@keystone.service[81723]: ERROR keystone.server.flask.application The above exception was the direct cause of the following exception:
Feb 07 10:44:47 ubuntu devstack@keystone.service[81723]: ERROR keystone.server.flask.application 
Feb 07 10:44:47 ubuntu devstack@keystone.service[81723]: ERROR keystone.server.flask.application Traceback (most recent call last):
Feb 07 10:44:47 ubuntu devstack@keystone.service[81723]: ERROR keystone.server.flask.application   File "/opt/stack/keystone/keystone/common/sql/core.py", line 575, in wrapper
Feb 07 10:44:47 ubuntu devstack@keystone.service[81723]: ERROR keystone.server.flask.application     return method(*args, **kwargs)
Feb 07 10:44:47 ubuntu devstack@keystone.service[81723]: ERROR keystone.server.flask.application   File "/opt/stack/keystone/keystone/assignment/role_backends/sql.py", line 25, in create_role
Feb 07 10:44:47 ubuntu devstack@keystone.service[81723]: ERROR keystone.server.flask.application     with sql.session_for_write() as session:
Feb 07 10:44:47 ubuntu devstack@keystone.service[81723]: ERROR keystone.server.flask.application   File "/usr/lib/python3.10/contextlib.py", line 142, in __exit__
Feb 07 10:44:47 ubuntu devstack@keystone.service[81723]: ERROR keystone.server.flask.application     next(self.gen)
Feb 07 10:44:47 ubuntu devstack@keystone.service[81723]: ERROR keystone.server.flask.application   File "/opt/stack/data/venv/lib/python3.10/site-packages/oslo_db/sqlalchemy/enginefacade.py", line 1175, in _transaction_scope
Feb 07 10:44:47 ubuntu devstack@keystone.service[81723]: ERROR keystone.server.flask.application     with current._produce_block(
Feb 07 10:44:47 ubuntu devstack@keystone.service[81723]: ERROR keystone.server.flask.application   File "/usr/lib/python3.10/contextlib.py", line 142, in __exit__
Feb 07 10:44:47 ubuntu devstack@keystone.service[81723]: ERROR keystone.server.flask.application     next(self.gen)
Feb 07 10:44:47 ubuntu devstack@keystone.service[81723]: ERROR keystone.server.flask.application   File "/opt/stack/data/venv/lib/python3.10/site-packages/oslo_db/sqlalchemy/enginefacade.py", line 837, in _session
Feb 07 10:44:47 ubuntu devstack@keystone.service[81723]: ERROR keystone.server.flask.application     with excutils.save_and_reraise_exception():
Feb 07 10:44:47 ubuntu devstack@keystone.service[81723]: ERROR keystone.server.flask.application   File "/opt/stack/data/venv/lib/python3.10/site-packages/oslo_utils/excutils.py", line 256, in __exit__
