Sep 17 20:14:20 ubuntu devstack@keystone.service[81313]: DEBUG keystone.server.flask.common [-] Adding resource routes to API regions: ['/regions' {}] {{(pid=81313) _add_mapped_resources /opt/stack/keystone/keystone/server/flask/common.py:483}}
Sep 17 20:14:20 ubuntu devstack@keystone.service[81313]: DEBUG keystone.server.flask.common [-] Adding resource routes to API regions: ['/regions/<string:region_id>' {}] {{(pid=81313) _add_mapped_resources /opt/stack/keystone/keystone/server/flask/common.py:483}}
Sep 17 20:14:20 ubuntu devstack@keystone.service[81313]: DEBUG keystone.server.flask.common [-] Adding resource routes to API registered_limits: ['/registered_limits' {}] {{(pid=81313) _add_mapped_resources /opt/stack/keystone/keystone/server/flask/common.py:483}}
Sep 17 20:14:20 ubuntu devstack@keystone.service[81313]: DEBUG keystone.server.flask.common [-] Adding resource routes to API registered_limits: ['/registered_limits/<string:registered_limit_id>' {}] {{(pid=81313) _add_mapped_resources /opt/stack/keystone/keystone/server/flask/common.py:483}}
Sep 17 20:14:20 ubuntu devstack@keystone.service[81313]: DEBUG keystone.server.flask.common [-] Adding resource routes to API role_assignments: ['/role_assignments' {}] {{(pid=81313) _add_mapped_resources /opt/stack/keystone/keystone/server/flask/common.py:483}}
Sep 17 20:14:20 ubuntu devstack@keystone.service[81313]: DEBUG keystone.server.flask.common [-] Adding resource routes to API role_inferences: ['/role_inferences' {}] {{(pid=81313) _add_mapped_resources /opt/stack/keystone/keystone/server/flask/common.py:483}}
Sep 17 20:14:20 ubuntu devstack@keystone.service[81313]: DEBUG keystone.server.flask.common [-] Adding resource routes to API roles: ['/roles' {}] {{(pid=81313) _add_mapped_resources /opt/stack/keystone/keystone/server/flask/common.py:483}}
Sep 17 20:14:20 ubuntu devstack@keystone.service[81313]: DEBUG keystone.server.flask.common [-] Adding resource routes to API roles: ['/roles/<string:role_id>' {}] {{(pid=81313) _add_mapped_resources /opt/stack/keystone/keystone/server/flask/common.py:483}}
Sep 17 20:14:20 ubuntu devstack@keystone.service[81313]: DEBUG keystone.server.flask.common [-] Adding resource routes to API roles: ['/roles/<string:prior_role_id>/implies' {}] {{(pid=81313) _add_mapped_resources /opt/stack/keystone/keystone/server/flask/common.py:483}}
Sep 17 20:14:20 ubuntu devstack@keystone.service[81313]: DEBUG keystone.server.flask.common [-] Adding resource routes to API roles: ['/roles/<string:prior_role_id>/implies/<string:implied_role_id>' {}] {{(pid=81313) _add_mapped_resources /opt/stack/keystone/keystone/server/flask/common.py:483}}
Sep 17 20:14:20 ubuntu devstack@keystone.service[81313]: DEBUG keystone.server.flask.common [-] Adding resource routes to API s3tokens: ['/s3tokens' {}] {{(pid=81313) _add_mapped_resources /opt/stack/keystone/keystone/server/flask/common.py:483}}
Sep 17 20:14:20 ubuntu devstack@keystone.service[81313]: DEBUG keystone.server.flask.common [-] Adding resource routes to API services: ['/services' {}] {{(pid=81313) _add_mapped_resources /opt/stack/keystone/keystone/server/flask/common.py:483}}
Sep 17 20:14:20 ubuntu devstack@keystone.service[81313]: DEBUG keystone.server.flask.common [-] Adding resource routes to API services: ['/services/<string:service_id>' {}] {{(pid=81313) _add_mapped_resources /opt/stack/keystone/keystone/server/flask/common.py:483}}
Sep 17 20:14:20 ubuntu devstack@keystone.service[81313]: DEBUG keystone.server.flask.common [-] Adding resource routes to API system: ['/system/users/<string:user_id>/roles' {}] {{(pid=81313) _add_mapped_resources /opt/stack/keystone/keystone/server/flask/common.py:483}}
Sep 17 20:14:20 ubuntu devstack@keystone.service[81313]: DEBUG keystone.server.flask.common [-] Adding resource routes to API system: ['/system/users/<string:user_id>/roles/<string:role_id>' {}] {{(pid=81313) _add_mapped_resources /opt/stack/keystone/keystone/server/flask/common.py:483}}
Sep 17 20:14:20 ubuntu devstack@keystone.service[81313]: DEBUG keystone.server.flask.common [-] Adding resource routes to API system: ['/system/groups/<string:group_id>/roles' {}] {{(pid=81313) _add_mapped_resources /opt/stack/keystone/keystone/server/flask/common.py:483}}
Sep 17 20:14:20 ubuntu devstack@keystone.service[81313]: DEBUG keystone.server.flask.common [-] Adding resource routes to API system: ['/system/groups/<string:group_id>/roles/<string:role_id>' {}] {{(pid=81313) _add_mapped_resources /opt/stack/keystone/keystone/server/flask/common.py:483}}
Sep 17 20:14:20 ubuntu devstack@keystone.service[81313]: DEBUG keystone.server.flask.common [-] Adding resource routes to API trusts: ['/trusts' {}] {{(pid=81313) _add_mapped_resources /opt/stack/keystone/keystone/server/flask/common.py:483}}
Sep 17 20:14:20 ubuntu devstack@keystone.service[81313]: DEBUG keystone.server.flask.common [-] Adding resource routes to API trusts: ['/trusts/<string:trust_id>' {}] {{(pid=81313) _add_mapped_resources /opt/stack/keystone/keystone/server/flask/common.py:483}}
Sep 17 20:14:20 ubuntu devstack@keystone.service[81313]: DEBUG keystone.server.flask.common [-] Adding resource routes to API trusts: ['/trusts/<string:trust_id>/roles' {}] {{(pid=81313) _add_mapped_resources /opt/stack/keystone/keystone/server/flask/common.py:483}}
Sep 17 20:14:20 ubuntu devstack@keystone.service[81313]: DEBUG keystone.server.flask.common [-] Adding resource routes to API trusts: ['/trusts/<string:trust_id>/roles/<string:role_id>' {}] {{(pid=81313) _add_mapped_resources /opt/stack/keystone/keystone/server/flask/common.py:483}}
Sep 17 20:14:20 ubuntu devstack@keystone.service[81313]: DEBUG keystone.server.flask.common [-] Adding resource routes to API users: ['/users' {}] {{(pid=81313) _add_mapped_resources /opt/stack/keystone/keystone/server/flask/common.py:483}}
Sep 17 20:14:20 ubuntu devstack@keystone.service[81313]: DEBUG keystone.server.flask.common [-] Adding resource routes to API users: ['/users/<string:user_id>' {}] {{(pid=81313) _add_mapped_resources /opt/stack/keystone/keystone/server/flask/common.py:483}}
Sep 17 20:14:20 ubuntu devstack@keystone.service[81313]: DEBUG keystone.server.flask.common [-] Adding resource routes to API users: ['/users/<string:user_id>/password' {}] {{(pid=81313) _add_mapped_resources /opt/stack/keystone/keystone/server/flask/common.py:483}}
Sep 17 20:14:20 ubuntu devstack@keystone.service[81313]: DEBUG keystone.server.flask.common [-] Adding resource routes to API users: ['/users/<string:user_id>/groups' {}] {{(pid=81313) _add_mapped_resources /opt/stack/keystone/keystone/server/flask/common.py:483}}
Sep 17 20:14:20 ubuntu devstack@keystone.service[81313]: DEBUG keystone.server.flask.common [-] Adding resource routes to API users: ['/users/<string:user_id>/projects' {}] {{(pid=81313) _add_mapped_resources /opt/stack/keystone/keystone/server/flask/common.py:483}}
Sep 17 20:14:20 ubuntu devstack@keystone.service[81313]: DEBUG keystone.server.flask.common [-] Adding resource routes to API users: ['/users/<string:user_id>/credentials/OS-EC2' {}] {{(pid=81313) _add_mapped_resources /opt/stack/keystone/keystone/server/flask/common.py:483}}
Sep 17 20:14:20 ubuntu devstack@keystone.service[81313]: DEBUG keystone.server.flask.common [-] Adding resource routes to API users: ['/users/<string:user_id>/credentials/OS-EC2/<string:credential_id>' {}] {{(pid=81313) _add_mapped_resources /opt/stack/keystone/keystone/server/flask/common.py:483}}
Sep 17 20:14:20 ubuntu devstack@keystone.service[81313]: DEBUG keystone.server.flask.common [-] Adding resource routes to API users: ['/users/<string:user_id>/OS-OAUTH1/access_tokens' {}] {{(pid=81313) _add_mapped_resources /opt/stack/keystone/keystone/server/flask/common.py:483}}
Sep 17 20:14:20 ubuntu devstack@keystone.service[81313]: DEBUG keystone.server.flask.common [-] Adding resource routes to API users: ['/users/<string:user_id>/OS-OAUTH1/access_tokens/<string:access_token_id>' {}] {{(pid=81313) _add_mapped_resources /opt/stack/keystone/keystone/server/flask/common.py:483}}
Sep 17 20:14:20 ubuntu devstack@keystone.service[81313]: DEBUG keystone.server.flask.common [-] Adding resource routes to API users: ['/users/<string:user_id>/OS-OAUTH1/access_tokens/<string:access_token_id>/roles' {}] {{(pid=81313) _add_mapped_resources /opt/stack/keystone/keystone/server/flask/common.py:483}}
Sep 17 20:14:20 ubuntu devstack@keystone.service[81313]: DEBUG keystone.server.flask.common [-] Adding resource routes to API users: ['/users/<string:user_id>/OS-OAUTH1/access_tokens/<string:access_token_id>/roles/<string:role_id>' {}] {{(pid=81313) _add_mapped_resources /opt/stack/keystone/keystone/server/flask/common.py:483}}
Sep 17 20:14:20 ubuntu devstack@keystone.service[81313]: DEBUG keystone.server.flask.common [-] Adding resource routes to API users: ['/users/<string:user_id>/application_credentials' {}] {{(pid=81313) _add_mapped_resources /opt/stack/keystone/keystone/server/flask/common.py:483}}
Sep 17 20:14:20 ubuntu devstack@keystone.service[81313]: DEBUG keystone.server.flask.common [-] Adding resource routes to API users: ['/users/<string:user_id>/application_credentials/<string:application_credential_id>' {}] {{(pid=81313) _add_mapped_resources /opt/stack/keystone/keystone/server/flask/common.py:483}}
Sep 17 20:14:20 ubuntu devstack@keystone.service[81313]: DEBUG keystone.server.flask.common [-] Adding resource routes to API users: ['/users/<string:user_id>/access_rules' {}] {{(pid=81313) _add_mapped_resources /opt/stack/keystone/keystone/server/flask/common.py:483}}
Sep 17 20:14:20 ubuntu devstack@keystone.service[81313]: DEBUG keystone.server.flask.common [-] Adding resource routes to API users: ['/users/<string:user_id>/access_rules/<string:access_rule_id>' {}] {{(pid=81313) _add_mapped_resources /opt/stack/keystone/keystone/server/flask/common.py:483}}
Sep 17 20:14:20 ubuntu devstack@keystone.service[81313]: WSGI app 0 (mountpoint='') ready in 2 seconds on interpreter 0x55d4fb9ead40 pid: 81313 (default app)
Sep 17 20:14:25 ubuntu devstack@keystone.service[81314]: DEBUG keystone.server.flask.request_processing.req_logging [None req-00ece2dc-0bb2-46f6-b510-2c0097986de2 None None] REQUEST_METHOD: `GET` {{(pid=81314) log_request_info /opt/stack/keystone/keystone/server/flask/request_processing/req_logging.py:26}}
Sep 17 20:14:25 ubuntu devstack@keystone.service[81314]: DEBUG keystone.server.flask.request_processing.req_logging [None req-00ece2dc-0bb2-46f6-b510-2c0097986de2 None None] SCRIPT_NAME: `/identity` {{(pid=81314) log_request_info /opt/stack/keystone/keystone/server/flask/request_processing/req_logging.py:27}}
Sep 17 20:14:25 ubuntu devstack@keystone.service[81314]: DEBUG keystone.server.flask.request_processing.req_logging [None req-00ece2dc-0bb2-46f6-b510-2c0097986de2 None None] PATH_INFO: `/` {{(pid=81314) log_request_info /opt/stack/keystone/keystone/server/flask/request_processing/req_logging.py:28}}
Sep 17 20:14:25 ubuntu devstack@keystone.service[81314]: [pid: 81314|app: 0|req: 2/2] 10.201.5.82 () {54 vars in 919 bytes} [Wed Sep 17 20:14:25 2025] GET /identity => generated 270 bytes in 4 msecs (HTTP/1.1 300) 6 headers in 234 bytes (1 switches on core 0)
Sep 17 20:14:25 ubuntu devstack@keystone.service[81313]: DEBUG keystone.server.flask.request_processing.req_logging [None req-ac81e15c-555e-4916-915d-d120cd37904b None None] REQUEST_METHOD: `POST` {{(pid=81313) log_request_info /opt/stack/keystone/keystone/server/flask/request_processing/req_logging.py:26}}
Sep 17 20:14:25 ubuntu devstack@keystone.service[81313]: DEBUG keystone.server.flask.request_processing.req_logging [None req-ac81e15c-555e-4916-915d-d120cd37904b None None] SCRIPT_NAME: `/identity` {{(pid=81313) log_request_info /opt/stack/keystone/keystone/server/flask/request_processing/req_logging.py:27}}
Sep 17 20:14:25 ubuntu devstack@keystone.service[81313]: DEBUG keystone.server.flask.request_processing.req_logging [None req-ac81e15c-555e-4916-915d-d120cd37904b None None] PATH_INFO: `/v3/auth/tokens` {{(pid=81313) log_request_info /opt/stack/keystone/keystone/server/flask/request_processing/req_logging.py:28}}
Sep 17 20:14:25 ubuntu devstack@keystone.service[81313]: INFO dbcounter [None req-ac81e15c-555e-4916-915d-d120cd37904b None None] Registered counter for database keystone
Sep 17 20:14:25 ubuntu devstack@keystone.service[81313]: DEBUG oslo_db.sqlalchemy.engines [None req-ac81e15c-555e-4916-915d-d120cd37904b None None] MySQL server mode set to STRICT_TRANS_TABLES,STRICT_ALL_TABLES,NO_ZERO_IN_DATE,NO_ZERO_DATE,ERROR_FOR_DIVISION_BY_ZERO,TRADITIONAL,NO_ENGINE_SUBSTITUTION {{(pid=81313) _check_effective_sql_mode /opt/stack/data/venv/lib/python3.10/site-packages/oslo_db/sqlalchemy/engines.py:397}}
Sep 17 20:14:26 ubuntu devstack@keystone.service[81313]: DEBUG dbcounter [-] [81313] Writer thread running {{(pid=81313) stat_writer /opt/stack/data/venv/lib/python3.10/site-packages/dbcounter.py:102}}
Sep 17 20:14:26 ubuntu devstack@keystone.service[81313]: WARNING keystone.common.password_hashing [None req-ac81e15c-555e-4916-915d-d120cd37904b None None] Truncating password to algorithm specific maximum length 72 characters.
Sep 17 20:14:26 ubuntu devstack@keystone.service[81313]: DEBUG keystone.auth.core [None req-ac81e15c-555e-4916-915d-d120cd37904b None None] MFA Rules not processed for user `fcdcee64ea174b128388963bf8c9c147`. Rule list: `[]` (Enabled: `True`). {{(pid=81313) check_auth_methods_against_rules /opt/stack/keystone/keystone/auth/core.py:476}}
Sep 17 20:14:26 ubuntu devstack@keystone.service[81313]: DEBUG keystone.common.fernet_utils [None req-ac81e15c-555e-4916-915d-d120cd37904b None None] Loaded 2 Fernet keys from /etc/keystone/fernet-keys/, but `[fernet_tokens] max_active_keys = 3`; perhaps there have not been enough key rotations to reach `max_active_keys` yet? {{(pid=81313) load_keys /opt/stack/keystone/keystone/common/fernet_utils.py:297}}
Sep 17 20:14:26 ubuntu devstack@keystone.service[81313]: [pid: 81313|app: 0|req: 1/3] 10.201.5.82 () {58 vars in 1016 bytes} [Wed Sep 17 20:14:25 2025] POST /identity/v3/auth/tokens => generated 977 bytes in 267 msecs (HTTP/1.1 201) 6 headers in 384 bytes (1 switches on core 0)
Sep 17 20:14:26 ubuntu devstack@keystone.service[81314]: DEBUG keystone.server.flask.request_processing.middleware.auth_context [None req-00ece2dc-0bb2-46f6-b510-2c0097986de2 None None] Authenticating user token {{(pid=81314) process_request /opt/stack/data/venv/lib/python3.10/site-packages/keystonemiddleware/auth_token/__init__.py:407}}
Sep 17 20:14:26 ubuntu devstack@keystone.service[81314]: INFO dbcounter [None req-00ece2dc-0bb2-46f6-b510-2c0097986de2 None None] Registered counter for database keystone
Sep 17 20:14:26 ubuntu devstack@keystone.service[81314]: DEBUG oslo_db.sqlalchemy.engines [None req-00ece2dc-0bb2-46f6-b510-2c0097986de2 None None] MySQL server mode set to STRICT_TRANS_TABLES,STRICT_ALL_TABLES,NO_ZERO_IN_DATE,NO_ZERO_DATE,ERROR_FOR_DIVISION_BY_ZERO,TRADITIONAL,NO_ENGINE_SUBSTITUTION {{(pid=81314) _check_effective_sql_mode /opt/stack/data/venv/lib/python3.10/site-packages/oslo_db/sqlalchemy/engines.py:397}}
Sep 17 20:14:26 ubuntu devstack@keystone.service[81314]: DEBUG dbcounter [-] [81314] Writer thread running {{(pid=81314) stat_writer /opt/stack/data/venv/lib/python3.10/site-packages/dbcounter.py:102}}
Sep 17 20:14:26 ubuntu devstack@keystone.service[81314]: DEBUG keystone.server.flask.request_processing.middleware.auth_context [None req-00ece2dc-0bb2-46f6-b510-2c0097986de2 None None] Validating token access rules against request {{(pid=81314) validate_allowed_request /opt/stack/data/venv/lib/python3.10/site-packages/keystonemiddleware/auth_token/__init__.py:545}}
Sep 17 20:14:26 ubuntu devstack@keystone.service[81314]: DEBUG keystone.server.flask.request_processing.middleware.auth_context [None req-a34f1e8a-793a-441c-9b55-ac620dd42b63 admin admin] RBAC: auth_context: {'token': <TokenModel (audit_id=r13jY375S-Kb0qLdNm2K-w, audit_chain_id=['r13jY375S-Kb0qLdNm2K-w']) at 0x7f53d28b5d50>, 'domain_id': None, 'trust_id': None, 'trustor_id': None, 'trustee_id': None, 'domain_name': None, 'group_ids': [], 'user_id': 'fcdcee64ea174b128388963bf8c9c147', 'user_domain_id': 'default', 'system_scope': None, 'project_id': 'd5277bd364ac4639a546f3b1319bc4d6', 'project_domain_id': 'default', 'roles': ['member', 'reader', 'admin', 'manager'], 'is_admin_project': True, 'service_user_id': None, 'service_user_domain_id': None, 'service_project_id': None, 'service_project_domain_id': None, 'service_roles': []} {{(pid=81314) fill_context /opt/stack/keystone/keystone/server/flask/request_processing/middleware/auth_context.py:509}}
Sep 17 20:14:26 ubuntu devstack@keystone.service[81314]: DEBUG keystone.server.flask.request_processing.req_logging [None req-a34f1e8a-793a-441c-9b55-ac620dd42b63 admin admin] REQUEST_METHOD: `GET` {{(pid=81314) log_request_info /opt/stack/keystone/keystone/server/flask/request_processing/req_logging.py:26}}
Sep 17 20:14:26 ubuntu devstack@keystone.service[81314]: DEBUG keystone.server.flask.request_processing.req_logging [None req-a34f1e8a-793a-441c-9b55-ac620dd42b63 admin admin] SCRIPT_NAME: `/identity` {{(pid=81314) log_request_info /opt/stack/keystone/keystone/server/flask/request_processing/req_logging.py:27}}
Sep 17 20:14:26 ubuntu devstack@keystone.service[81314]: DEBUG keystone.server.flask.request_processing.req_logging [None req-a34f1e8a-793a-441c-9b55-ac620dd42b63 admin admin] PATH_INFO: `/v3/auth/tokens` {{(pid=81314) log_request_info /opt/stack/keystone/keystone/server/flask/request_processing/req_logging.py:28}}
Sep 17 20:14:26 ubuntu devstack@keystone.service[81314]: DEBUG keystone.common.rbac_enforcer.enforcer [None req-a34f1e8a-793a-441c-9b55-ac620dd42b63 admin admin] RBAC: Authorizing `identity:validate_token()` {{(pid=81314) enforce_call /opt/stack/keystone/keystone/common/rbac_enforcer/enforcer.py:494}}
Sep 17 20:14:26 ubuntu devstack@keystone.service[81314]: WARNING keystone.common.rbac_enforcer.enforcer [None req-a34f1e8a-793a-441c-9b55-ac620dd42b63 admin admin] Deprecated policy rules found. Use oslopolicy-policy-generator and oslopolicy-policy-upgrade to detect and resolve deprecated policies in your configuration.
Sep 17 20:14:26 ubuntu devstack@keystone.service[81314]: DEBUG keystone.common.rbac_enforcer.enforcer [None req-a34f1e8a-793a-441c-9b55-ac620dd42b63 admin admin] RBAC: Authorization granted {{(pid=81314) enforce_call /opt/stack/keystone/keystone/common/rbac_enforcer/enforcer.py:505}}
Sep 17 20:14:26 ubuntu devstack@keystone.service[81314]: [pid: 81314|app: 0|req: 3/4] 10.201.5.82 () {58 vars in 1316 bytes} [Wed Sep 17 20:14:26 2025] GET /identity/v3/auth/tokens => generated 977 bytes in 176 msecs (HTTP/1.1 200) 6 headers in 379 bytes (1 switches on core 0)
Sep 17 20:14:26 ubuntu devstack@keystone.service[81313]: DEBUG keystone.server.flask.request_processing.middleware.auth_context [None req-ac81e15c-555e-4916-915d-d120cd37904b None None] Authenticating user token {{(pid=81313) process_request /opt/stack/data/venv/lib/python3.10/site-packages/keystonemiddleware/auth_token/__init__.py:407}}
Sep 17 20:14:26 ubuntu devstack@keystone.service[81313]: DEBUG keystone.server.flask.request_processing.middleware.auth_context [None req-ac81e15c-555e-4916-915d-d120cd37904b None None] Validating token access rules against request {{(pid=81313) validate_allowed_request /opt/stack/data/venv/lib/python3.10/site-packages/keystonemiddleware/auth_token/__init__.py:545}}
Sep 17 20:14:26 ubuntu devstack@keystone.service[81313]: DEBUG keystone.server.flask.request_processing.middleware.auth_context [None req-1df1da39-e545-489a-8e1c-4ac09754d359 admin admin] RBAC: auth_context: {'token': <TokenModel (audit_id=r13jY375S-Kb0qLdNm2K-w, audit_chain_id=['r13jY375S-Kb0qLdNm2K-w']) at 0x7f53d2ab3b50>, 'domain_id': None, 'trust_id': None, 'trustor_id': None, 'trustee_id': None, 'domain_name': None, 'group_ids': [], 'user_id': 'fcdcee64ea174b128388963bf8c9c147', 'user_domain_id': 'default', 'system_scope': None, 'project_id': 'd5277bd364ac4639a546f3b1319bc4d6', 'project_domain_id': 'default', 'roles': ['member', 'reader', 'admin', 'manager'], 'is_admin_project': True, 'service_user_id': None, 'service_user_domain_id': None, 'service_project_id': None, 'service_project_domain_id': None, 'service_roles': []} {{(pid=81313) fill_context /opt/stack/keystone/keystone/server/flask/request_processing/middleware/auth_context.py:509}}
Sep 17 20:14:26 ubuntu devstack@keystone.service[81313]: DEBUG keystone.server.flask.request_processing.req_logging [None req-1df1da39-e545-489a-8e1c-4ac09754d359 admin admin] REQUEST_METHOD: `GET` {{(pid=81313) log_request_info /opt/stack/keystone/keystone/server/flask/request_processing/req_logging.py:26}}
Sep 17 20:14:26 ubuntu devstack@keystone.service[81313]: DEBUG keystone.server.flask.request_processing.req_logging [None req-1df1da39-e545-489a-8e1c-4ac09754d359 admin admin] SCRIPT_NAME: `/identity` {{(pid=81313) log_request_info /opt/stack/keystone/keystone/server/flask/request_processing/req_logging.py:27}}
Sep 17 20:14:26 ubuntu devstack@keystone.service[81313]: DEBUG keystone.server.flask.request_processing.req_logging [None req-1df1da39-e545-489a-8e1c-4ac09754d359 admin admin] PATH_INFO: `/v3/projects/d5277bd364ac4639a546f3b1319bc4d6` {{(pid=81313) log_request_info /opt/stack/keystone/keystone/server/flask/request_processing/req_logging.py:28}}
Sep 17 20:14:26 ubuntu devstack@keystone.service[81313]: DEBUG keystone.common.rbac_enforcer.enforcer [None req-1df1da39-e545-489a-8e1c-4ac09754d359 admin admin] RBAC: Authorizing `identity:get_project(project_id=d5277bd364ac4639a546f3b1319bc4d6)` {{(pid=81313) enforce_call /opt/stack/keystone/keystone/common/rbac_enforcer/enforcer.py:494}}
Sep 17 20:14:26 ubuntu devstack@keystone.service[81313]: WARNING keystone.common.rbac_enforcer.enforcer [None req-1df1da39-e545-489a-8e1c-4ac09754d359 admin admin] Deprecated policy rules found. Use oslopolicy-policy-generator and oslopolicy-policy-upgrade to detect and resolve deprecated policies in your configuration.
Sep 17 20:14:26 ubuntu devstack@keystone.service[81313]: DEBUG keystone.common.rbac_enforcer.enforcer [None req-1df1da39-e545-489a-8e1c-4ac09754d359 admin admin] RBAC: Authorization granted {{(pid=81313) enforce_call /opt/stack/keystone/keystone/common/rbac_enforcer/enforcer.py:505}}
Sep 17 20:14:26 ubuntu devstack@keystone.service[81313]: [pid: 81313|app: 0|req: 2/5] 10.201.5.82 () {56 vars in 1199 bytes} [Wed Sep 17 20:14:26 2025] GET /identity/v3/projects/d5277bd364ac4639a546f3b1319bc4d6 => generated 344 bytes in 34 msecs (HTTP/1.1 200) 5 headers in 177 bytes (1 switches on core 0)
Sep 17 20:14:27 ubuntu devstack@keystone.service[81314]: DEBUG keystone.server.flask.request_processing.req_logging [None req-acbda702-d226-4087-a1cb-4b44a5bf4bfa None None] REQUEST_METHOD: `GET` {{(pid=81314) log_request_info /opt/stack/keystone/keystone/server/flask/request_processing/req_logging.py:26}}
Sep 17 20:14:27 ubuntu devstack@keystone.service[81314]: DEBUG keystone.server.flask.request_processing.req_logging [None req-acbda702-d226-4087-a1cb-4b44a5bf4bfa None None] SCRIPT_NAME: `/identity` {{(pid=81314) log_request_info /opt/stack/keystone/keystone/server/flask/request_processing/req_logging.py:27}}
Sep 17 20:14:27 ubuntu devstack@keystone.service[81314]: DEBUG keystone.server.flask.request_processing.req_logging [None req-acbda702-d226-4087-a1cb-4b44a5bf4bfa None None] PATH_INFO: `/` {{(pid=81314) log_request_info /opt/stack/keystone/keystone/server/flask/request_processing/req_logging.py:28}}
Sep 17 20:14:27 ubuntu devstack@keystone.service[81314]: [pid: 81314|app: 0|req: 4/6] 10.201.5.82 () {54 vars in 919 bytes} [Wed Sep 17 20:14:27 2025] GET /identity => generated 270 bytes in 5 msecs (HTTP/1.1 300) 6 headers in 234 bytes (1 switches on core 0)
Sep 17 20:14:27 ubuntu devstack@keystone.service[81313]: DEBUG keystone.server.flask.request_processing.req_logging [None req-0fbfb487-8fc6-4859-80e5-217d7255e577 None None] REQUEST_METHOD: `POST` {{(pid=81313) log_request_info /opt/stack/keystone/keystone/server/flask/request_processing/req_logging.py:26}}
Sep 17 20:14:27 ubuntu devstack@keystone.service[81313]: DEBUG keystone.server.flask.request_processing.req_logging [None req-0fbfb487-8fc6-4859-80e5-217d7255e577 None None] SCRIPT_NAME: `/identity` {{(pid=81313) log_request_info /opt/stack/keystone/keystone/server/flask/request_processing/req_logging.py:27}}
Sep 17 20:14:27 ubuntu devstack@keystone.service[81313]: DEBUG keystone.server.flask.request_processing.req_logging [None req-0fbfb487-8fc6-4859-80e5-217d7255e577 None None] PATH_INFO: `/v3/auth/tokens` {{(pid=81313) log_request_info /opt/stack/keystone/keystone/server/flask/request_processing/req_logging.py:28}}
Sep 17 20:14:27 ubuntu devstack@keystone.service[81313]: WARNING keystone.common.password_hashing [None req-0fbfb487-8fc6-4859-80e5-217d7255e577 None None] Truncating password to algorithm specific maximum length 72 characters.
Sep 17 20:14:27 ubuntu devstack@keystone.service[81313]: DEBUG keystone.auth.core [None req-0fbfb487-8fc6-4859-80e5-217d7255e577 None None] MFA Rules not processed for user `fcdcee64ea174b128388963bf8c9c147`. Rule list: `[]` (Enabled: `True`). {{(pid=81313) check_auth_methods_against_rules /opt/stack/keystone/keystone/auth/core.py:476}}
Sep 17 20:14:27 ubuntu devstack@keystone.service[81313]: DEBUG keystone.common.fernet_utils [None req-0fbfb487-8fc6-4859-80e5-217d7255e577 None None] Loaded 2 Fernet keys from /etc/keystone/fernet-keys/, but `[fernet_tokens] max_active_keys = 3`; perhaps there have not been enough key rotations to reach `max_active_keys` yet? {{(pid=81313) load_keys /opt/stack/keystone/keystone/common/fernet_utils.py:297}}
Sep 17 20:14:27 ubuntu devstack@keystone.service[81313]: [pid: 81313|app: 0|req: 3/7] 10.201.5.82 () {58 vars in 1016 bytes} [Wed Sep 17 20:14:27 2025] POST /identity/v3/auth/tokens => generated 977 bytes in 31 msecs (HTTP/1.1 201) 6 headers in 384 bytes (1 switches on core 0)
Sep 17 20:14:27 ubuntu devstack@keystone.service[81314]: DEBUG keystone.server.flask.request_processing.middleware.auth_context [None req-acbda702-d226-4087-a1cb-4b44a5bf4bfa None None] Authenticating user token {{(pid=81314) process_request /opt/stack/data/venv/lib/python3.10/site-packages/keystonemiddleware/auth_token/__init__.py:407}}
Sep 17 20:14:27 ubuntu devstack@keystone.service[81314]: DEBUG keystone.server.flask.request_processing.middleware.auth_context [None req-acbda702-d226-4087-a1cb-4b44a5bf4bfa None None] Validating token access rules against request {{(pid=81314) validate_allowed_request /opt/stack/data/venv/lib/python3.10/site-packages/keystonemiddleware/auth_token/__init__.py:545}}
Sep 17 20:14:27 ubuntu devstack@keystone.service[81314]: DEBUG keystone.server.flask.request_processing.middleware.auth_context [None req-ee7bd342-e278-4462-bbb2-61863c2a6f55 admin admin] RBAC: auth_context: {'token': <TokenModel (audit_id=bDyrFFzqR9agcE-yvIvn8A, audit_chain_id=['bDyrFFzqR9agcE-yvIvn8A']) at 0x7f53d1c72da0>, 'domain_id': None, 'trust_id': None, 'trustor_id': None, 'trustee_id': None, 'domain_name': None, 'group_ids': [], 'user_id': 'fcdcee64ea174b128388963bf8c9c147', 'user_domain_id': 'default', 'system_scope': None, 'project_id': 'd5277bd364ac4639a546f3b1319bc4d6', 'project_domain_id': 'default', 'roles': ['member', 'reader', 'admin', 'manager'], 'is_admin_project': True, 'service_user_id': None, 'service_user_domain_id': None, 'service_project_id': None, 'service_project_domain_id': None, 'service_roles': []} {{(pid=81314) fill_context /opt/stack/keystone/keystone/server/flask/request_processing/middleware/auth_context.py:509}}
Sep 17 20:14:27 ubuntu devstack@keystone.service[81314]: DEBUG keystone.server.flask.request_processing.req_logging [None req-ee7bd342-e278-4462-bbb2-61863c2a6f55 admin admin] REQUEST_METHOD: `GET` {{(pid=81314) log_request_info /opt/stack/keystone/keystone/server/flask/request_processing/req_logging.py:26}}
Sep 17 20:14:27 ubuntu devstack@keystone.service[81314]: DEBUG keystone.server.flask.request_processing.req_logging [None req-ee7bd342-e278-4462-bbb2-61863c2a6f55 admin admin] SCRIPT_NAME: `/identity` {{(pid=81314) log_request_info /opt/stack/keystone/keystone/server/flask/request_processing/req_logging.py:27}}
Sep 17 20:14:27 ubuntu devstack@keystone.service[81314]: DEBUG keystone.server.flask.request_processing.req_logging [None req-ee7bd342-e278-4462-bbb2-61863c2a6f55 admin admin] PATH_INFO: `/v3/users/admin` {{(pid=81314) log_request_info /opt/stack/keystone/keystone/server/flask/request_processing/req_logging.py:28}}
Sep 17 20:14:27 ubuntu devstack@keystone.service[81314]: DEBUG keystone.common.rbac_enforcer.enforcer [None req-ee7bd342-e278-4462-bbb2-61863c2a6f55 admin admin] RBAC: Authorizing `identity:get_user(user_id=admin)` {{(pid=81314) enforce_call /opt/stack/keystone/keystone/common/rbac_enforcer/enforcer.py:494}}
Sep 17 20:14:27 ubuntu devstack@keystone.service[81314]: DEBUG keystone.common.rbac_enforcer.enforcer [None req-ee7bd342-e278-4462-bbb2-61863c2a6f55 admin admin] RBAC: Authorization granted {{(pid=81314) enforce_call /opt/stack/keystone/keystone/common/rbac_enforcer/enforcer.py:505}}
Sep 17 20:14:27 ubuntu devstack@keystone.service[81314]: DEBUG keystone.server.flask.application [None req-ee7bd342-e278-4462-bbb2-61863c2a6f55 admin admin] Could not find user: admin. {{(pid=81314) _handle_keystone_exception /opt/stack/keystone/keystone/server/flask/application.py:146}}
Sep 17 20:14:27 ubuntu devstack@keystone.service[81314]: [pid: 81314|app: 0|req: 5/8] 10.201.5.82 () {56 vars in 1153 bytes} [Wed Sep 17 20:14:27 2025] GET /identity/v3/users/admin => generated 83 bytes in 42 msecs (HTTP/1.1 404) 5 headers in 183 bytes (1 switches on core 0)
Sep 17 20:14:27 ubuntu devstack@keystone.service[81313]: DEBUG keystone.server.flask.request_processing.middleware.auth_context [None req-0fbfb487-8fc6-4859-80e5-217d7255e577 None None] Authenticating user token {{(pid=81313) process_request /opt/stack/data/venv/lib/python3.10/site-packages/keystonemiddleware/auth_token/__init__.py:407}}
Sep 17 20:14:27 ubuntu devstack@keystone.service[81313]: DEBUG keystone.server.flask.request_processing.middleware.auth_context [None req-0fbfb487-8fc6-4859-80e5-217d7255e577 None None] Validating token access rules against request {{(pid=81313) validate_allowed_request /opt/stack/data/venv/lib/python3.10/site-packages/keystonemiddleware/auth_token/__init__.py:545}}
Sep 17 20:14:27 ubuntu devstack@keystone.service[81313]: DEBUG keystone.server.flask.request_processing.middleware.auth_context [None req-08271d0d-5123-494a-a61b-035fd2f92b47 admin admin] RBAC: auth_context: {'token': <TokenModel (audit_id=bDyrFFzqR9agcE-yvIvn8A, audit_chain_id=['bDyrFFzqR9agcE-yvIvn8A']) at 0x7f53d28da410>, 'domain_id': None, 'trust_id': None, 'trustor_id': None, 'trustee_id': None, 'domain_name': None, 'group_ids': [], 'user_id': 'fcdcee64ea174b128388963bf8c9c147', 'user_domain_id': 'default', 'system_scope': None, 'project_id': 'd5277bd364ac4639a546f3b1319bc4d6', 'project_domain_id': 'default', 'roles': ['member', 'reader', 'admin', 'manager'], 'is_admin_project': True, 'service_user_id': None, 'service_user_domain_id': None, 'service_project_id': None, 'service_project_domain_id': None, 'service_roles': []} {{(pid=81313) fill_context /opt/stack/keystone/keystone/server/flask/request_processing/middleware/auth_context.py:509}}
Sep 17 20:14:27 ubuntu devstack@keystone.service[81313]: DEBUG keystone.server.flask.request_processing.req_logging [None req-08271d0d-5123-494a-a61b-035fd2f92b47 admin admin] REQUEST_METHOD: `GET` {{(pid=81313) log_request_info /opt/stack/keystone/keystone/server/flask/request_processing/req_logging.py:26}}
Sep 17 20:14:27 ubuntu devstack@keystone.service[81313]: DEBUG keystone.server.flask.request_processing.req_logging [None req-08271d0d-5123-494a-a61b-035fd2f92b47 admin admin] SCRIPT_NAME: `/identity` {{(pid=81313) log_request_info /opt/stack/keystone/keystone/server/flask/request_processing/req_logging.py:27}}
Sep 17 20:14:27 ubuntu devstack@keystone.service[81313]: DEBUG keystone.server.flask.request_processing.req_logging [None req-08271d0d-5123-494a-a61b-035fd2f92b47 admin admin] PATH_INFO: `/v3/users` {{(pid=81313) log_request_info /opt/stack/keystone/keystone/server/flask/request_processing/req_logging.py:28}}
Sep 17 20:14:27 ubuntu devstack@keystone.service[81313]: DEBUG keystone.common.rbac_enforcer.enforcer [None req-08271d0d-5123-494a-a61b-035fd2f92b47 admin admin] RBAC: Adding query filter params (name=admin) {{(pid=81313) _extract_filter_values /opt/stack/keystone/keystone/common/rbac_enforcer/enforcer.py:176}}
Sep 17 20:14:27 ubuntu devstack@keystone.service[81313]: DEBUG keystone.common.rbac_enforcer.enforcer [None req-08271d0d-5123-494a-a61b-035fd2f92b47 admin admin] RBAC: Authorizing `identity:list_users()` {{(pid=81313) enforce_call /opt/stack/keystone/keystone/common/rbac_enforcer/enforcer.py:494}}
Sep 17 20:14:27 ubuntu devstack@keystone.service[81313]: DEBUG keystone.common.rbac_enforcer.enforcer [None req-08271d0d-5123-494a-a61b-035fd2f92b47 admin admin] RBAC: Authorization granted {{(pid=81313) enforce_call /opt/stack/keystone/keystone/common/rbac_enforcer/enforcer.py:505}}
Sep 17 20:14:28 ubuntu devstack@keystone.service[81313]: [pid: 81313|app: 0|req: 4/9] 10.201.5.82 () {56 vars in 1169 bytes} [Wed Sep 17 20:14:27 2025] GET /identity/v3/users?name=admin => generated 352 bytes in 50 msecs (HTTP/1.1 200) 5 headers in 177 bytes (1 switches on core 0)
Sep 17 20:14:29 ubuntu devstack@keystone.service[81314]: DEBUG keystone.server.flask.request_processing.req_logging [None req-242ea900-e1a5-450c-a9f6-f6faf7168210 None None] REQUEST_METHOD: `GET` {{(pid=81314) log_request_info /opt/stack/keystone/keystone/server/flask/request_processing/req_logging.py:26}}
Sep 17 20:14:29 ubuntu devstack@keystone.service[81314]: DEBUG keystone.server.flask.request_processing.req_logging [None req-242ea900-e1a5-450c-a9f6-f6faf7168210 None None] SCRIPT_NAME: `/identity` {{(pid=81314) log_request_info /opt/stack/keystone/keystone/server/flask/request_processing/req_logging.py:27}}
Sep 17 20:14:29 ubuntu devstack@keystone.service[81314]: DEBUG keystone.server.flask.request_processing.req_logging [None req-242ea900-e1a5-450c-a9f6-f6faf7168210 None None] PATH_INFO: `/` {{(pid=81314) log_request_info /opt/stack/keystone/keystone/server/flask/request_processing/req_logging.py:28}}
Sep 17 20:14:29 ubuntu devstack@keystone.service[81314]: [pid: 81314|app: 0|req: 6/10] 10.201.5.82 () {54 vars in 919 bytes} [Wed Sep 17 20:14:29 2025] GET /identity => generated 270 bytes in 2 msecs (HTTP/1.1 300) 6 headers in 234 bytes (1 switches on core 0)
Sep 17 20:14:29 ubuntu devstack@keystone.service[81313]: DEBUG keystone.server.flask.request_processing.req_logging [None req-92a67e32-d811-4855-a952-6803901cec16 None None] REQUEST_METHOD: `POST` {{(pid=81313) log_request_info /opt/stack/keystone/keystone/server/flask/request_processing/req_logging.py:26}}
Sep 17 20:14:29 ubuntu devstack@keystone.service[81313]: DEBUG keystone.server.flask.request_processing.req_logging [None req-92a67e32-d811-4855-a952-6803901cec16 None None] SCRIPT_NAME: `/identity` {{(pid=81313) log_request_info /opt/stack/keystone/keystone/server/flask/request_processing/req_logging.py:27}}
Sep 17 20:14:29 ubuntu devstack@keystone.service[81313]: DEBUG keystone.server.flask.request_processing.req_logging [None req-92a67e32-d811-4855-a952-6803901cec16 None None] PATH_INFO: `/v3/auth/tokens` {{(pid=81313) log_request_info /opt/stack/keystone/keystone/server/flask/request_processing/req_logging.py:28}}
Sep 17 20:14:29 ubuntu devstack@keystone.service[81313]: WARNING keystone.common.password_hashing [None req-92a67e32-d811-4855-a952-6803901cec16 None None] Truncating password to algorithm specific maximum length 72 characters.
Sep 17 20:14:29 ubuntu devstack@keystone.service[81313]: DEBUG keystone.auth.core [None req-92a67e32-d811-4855-a952-6803901cec16 None None] MFA Rules not processed for user `fcdcee64ea174b128388963bf8c9c147`. Rule list: `[]` (Enabled: `True`). {{(pid=81313) check_auth_methods_against_rules /opt/stack/keystone/keystone/auth/core.py:476}}
Sep 17 20:14:29 ubuntu devstack@keystone.service[81313]: DEBUG keystone.common.fernet_utils [None req-92a67e32-d811-4855-a952-6803901cec16 None None] Loaded 2 Fernet keys from /etc/keystone/fernet-keys/, but `[fernet_tokens] max_active_keys = 3`; perhaps there have not been enough key rotations to reach `max_active_keys` yet? {{(pid=81313) load_keys /opt/stack/keystone/keystone/common/fernet_utils.py:297}}
Sep 17 20:14:29 ubuntu devstack@keystone.service[81313]: [pid: 81313|app: 0|req: 5/11] 10.201.5.82 () {58 vars in 1016 bytes} [Wed Sep 17 20:14:29 2025] POST /identity/v3/auth/tokens => generated 862 bytes in 72 msecs (HTTP/1.1 201) 6 headers in 363 bytes (1 switches on core 0)
Sep 17 20:14:29 ubuntu devstack@keystone.service[81314]: DEBUG keystone.server.flask.request_processing.req_logging [None req-afded396-f229-4731-9af0-6e0f0ac39130 None None] REQUEST_METHOD: `GET` {{(pid=81314) log_request_info /opt/stack/keystone/keystone/server/flask/request_processing/req_logging.py:26}}
Sep 17 20:14:29 ubuntu devstack@keystone.service[81314]: DEBUG keystone.server.flask.request_processing.req_logging [None req-afded396-f229-4731-9af0-6e0f0ac39130 None None] SCRIPT_NAME: `/identity` {{(pid=81314) log_request_info /opt/stack/keystone/keystone/server/flask/request_processing/req_logging.py:27}}
Sep 17 20:14:29 ubuntu devstack@keystone.service[81314]: DEBUG keystone.server.flask.request_processing.req_logging [None req-afded396-f229-4731-9af0-6e0f0ac39130 None None] PATH_INFO: `/` {{(pid=81314) log_request_info /opt/stack/keystone/keystone/server/flask/request_processing/req_logging.py:28}}
Sep 17 20:14:29 ubuntu devstack@keystone.service[81314]: [pid: 81314|app: 0|req: 7/12] 10.201.5.82 () {54 vars in 919 bytes} [Wed Sep 17 20:14:29 2025] GET /identity => generated 270 bytes in 1 msecs (HTTP/1.1 300) 6 headers in 234 bytes (1 switches on core 0)
Sep 17 20:14:29 ubuntu devstack@keystone.service[81313]: DEBUG keystone.server.flask.request_processing.req_logging [None req-52065b41-c5a7-43d7-b7ab-5b0f817defc9 None None] REQUEST_METHOD: `POST` {{(pid=81313) log_request_info /opt/stack/keystone/keystone/server/flask/request_processing/req_logging.py:26}}
Sep 17 20:14:29 ubuntu devstack@keystone.service[81313]: DEBUG keystone.server.flask.request_processing.req_logging [None req-52065b41-c5a7-43d7-b7ab-5b0f817defc9 None None] SCRIPT_NAME: `/identity` {{(pid=81313) log_request_info /opt/stack/keystone/keystone/server/flask/request_processing/req_logging.py:27}}
Sep 17 20:14:29 ubuntu devstack@keystone.service[81313]: DEBUG keystone.server.flask.request_processing.req_logging [None req-52065b41-c5a7-43d7-b7ab-5b0f817defc9 None None] PATH_INFO: `/v3/auth/tokens` {{(pid=81313) log_request_info /opt/stack/keystone/keystone/server/flask/request_processing/req_logging.py:28}}
Sep 17 20:14:29 ubuntu devstack@keystone.service[81313]: WARNING keystone.common.password_hashing [None req-52065b41-c5a7-43d7-b7ab-5b0f817defc9 None None] Truncating password to algorithm specific maximum length 72 characters.
Sep 17 20:14:29 ubuntu devstack@keystone.service[81313]: DEBUG keystone.auth.core [None req-52065b41-c5a7-43d7-b7ab-5b0f817defc9 None None] MFA Rules not processed for user `fcdcee64ea174b128388963bf8c9c147`. Rule list: `[]` (Enabled: `True`). {{(pid=81313) check_auth_methods_against_rules /opt/stack/keystone/keystone/auth/core.py:476}}
Sep 17 20:14:29 ubuntu devstack@keystone.service[81313]: DEBUG keystone.common.fernet_utils [None req-52065b41-c5a7-43d7-b7ab-5b0f817defc9 None None] Loaded 2 Fernet keys from /etc/keystone/fernet-keys/, but `[fernet_tokens] max_active_keys = 3`; perhaps there have not been enough key rotations to reach `max_active_keys` yet? {{(pid=81313) load_keys /opt/stack/keystone/keystone/common/fernet_utils.py:297}}
Sep 17 20:14:29 ubuntu devstack@keystone.service[81314]: DEBUG keystone.server.flask.request_processing.middleware.auth_context [None req-afded396-f229-4731-9af0-6e0f0ac39130 None None] Authenticating user token {{(pid=81314) process_request /opt/stack/data/venv/lib/python3.10/site-packages/keystonemiddleware/auth_token/__init__.py:407}}
Sep 17 20:14:29 ubuntu devstack@keystone.service[81313]: [pid: 81313|app: 0|req: 6/13] 10.201.5.82 () {58 vars in 1016 bytes} [Wed Sep 17 20:14:29 2025] POST /identity/v3/auth/tokens => generated 862 bytes in 73 msecs (HTTP/1.1 201) 6 headers in 363 bytes (1 switches on core 0)
Sep 17 20:14:29 ubuntu devstack@keystone.service[81314]: DEBUG keystone.server.flask.request_processing.middleware.auth_context [None req-afded396-f229-4731-9af0-6e0f0ac39130 None None] Validating token access rules against request {{(pid=81314) validate_allowed_request /opt/stack/data/venv/lib/python3.10/site-packages/keystonemiddleware/auth_token/__init__.py:545}}
Sep 17 20:14:29 ubuntu devstack@keystone.service[81314]: DEBUG keystone.server.flask.request_processing.middleware.auth_context [None req-43af96b8-d872-4324-bfa6-3f82c66f9bdc None admin] RBAC: auth_context: {'token': <TokenModel (audit_id=02fIg7fFSqeGnR0l8OnQPw, audit_chain_id=['02fIg7fFSqeGnR0l8OnQPw']) at 0x7f53d1cd0850>, 'domain_id': None, 'trust_id': None, 'trustor_id': None, 'trustee_id': None, 'domain_name': None, 'group_ids': [], 'user_id': 'fcdcee64ea174b128388963bf8c9c147', 'user_domain_id': 'default', 'system_scope': 'all', 'project_id': None, 'project_domain_id': None, 'roles': ['admin', 'manager', 'member', 'reader'], 'is_admin_project': True, 'service_user_id': None, 'service_user_domain_id': None, 'service_project_id': None, 'service_project_domain_id': None, 'service_roles': []} {{(pid=81314) fill_context /opt/stack/keystone/keystone/server/flask/request_processing/middleware/auth_context.py:509}}
Sep 17 20:14:29 ubuntu devstack@keystone.service[81314]: DEBUG keystone.server.flask.request_processing.req_logging [None req-43af96b8-d872-4324-bfa6-3f82c66f9bdc None admin] REQUEST_METHOD: `GET` {{(pid=81314) log_request_info /opt/stack/keystone/keystone/server/flask/request_processing/req_logging.py:26}}
Sep 17 20:14:29 ubuntu devstack@keystone.service[81314]: DEBUG keystone.server.flask.request_processing.req_logging [None req-43af96b8-d872-4324-bfa6-3f82c66f9bdc None admin] SCRIPT_NAME: `/identity` {{(pid=81314) log_request_info /opt/stack/keystone/keystone/server/flask/request_processing/req_logging.py:27}}
Sep 17 20:14:29 ubuntu devstack@keystone.service[81314]: DEBUG keystone.server.flask.request_processing.req_logging [None req-43af96b8-d872-4324-bfa6-3f82c66f9bdc None admin] PATH_INFO: `/v3/roles/admin` {{(pid=81314) log_request_info /opt/stack/keystone/keystone/server/flask/request_processing/req_logging.py:28}}
Sep 17 20:14:29 ubuntu devstack@keystone.service[81314]: DEBUG keystone.common.rbac_enforcer.enforcer [None req-43af96b8-d872-4324-bfa6-3f82c66f9bdc None admin] Extracting inferred target data resulted in "NOT FOUND (404)". {{(pid=81314) enforce_call /opt/stack/keystone/keystone/common/rbac_enforcer/enforcer.py:445}}
Sep 17 20:14:29 ubuntu devstack@keystone.service[81314]: DEBUG keystone.server.flask.application [None req-43af96b8-d872-4324-bfa6-3f82c66f9bdc None admin] Could not find role: admin. {{(pid=81314) _handle_keystone_exception /opt/stack/keystone/keystone/server/flask/application.py:146}}
Sep 17 20:14:29 ubuntu devstack@keystone.service[81314]: [pid: 81314|app: 0|req: 8/14] 10.201.5.82 () {56 vars in 1132 bytes} [Wed Sep 17 20:14:29 2025] GET /identity/v3/roles/admin => generated 83 bytes in 94 msecs (HTTP/1.1 404) 5 headers in 183 bytes (1 switches on core 0)
Sep 17 20:14:29 ubuntu devstack@keystone.service[81313]: DEBUG keystone.server.flask.request_processing.middleware.auth_context [None req-52065b41-c5a7-43d7-b7ab-5b0f817defc9 None None] Authenticating user token {{(pid=81313) process_request /opt/stack/data/venv/lib/python3.10/site-packages/keystonemiddleware/auth_token/__init__.py:407}}
Sep 17 20:14:29 ubuntu devstack@keystone.service[81314]: DEBUG keystone.server.flask.request_processing.middleware.auth_context [None req-43af96b8-d872-4324-bfa6-3f82c66f9bdc None admin] Authenticating user token {{(pid=81314) process_request /opt/stack/data/venv/lib/python3.10/site-packages/keystonemiddleware/auth_token/__init__.py:407}}
Sep 17 20:14:29 ubuntu devstack@keystone.service[81314]: DEBUG keystone.server.flask.request_processing.middleware.auth_context [None req-43af96b8-d872-4324-bfa6-3f82c66f9bdc None admin] Validating token access rules against request {{(pid=81314) validate_allowed_request /opt/stack/data/venv/lib/python3.10/site-packages/keystonemiddleware/auth_token/__init__.py:545}}
Sep 17 20:14:29 ubuntu devstack@keystone.service[81313]: DEBUG keystone.server.flask.request_processing.middleware.auth_context [None req-52065b41-c5a7-43d7-b7ab-5b0f817defc9 None None] Validating token access rules against request {{(pid=81313) validate_allowed_request /opt/stack/data/venv/lib/python3.10/site-packages/keystonemiddleware/auth_token/__init__.py:545}}
Sep 17 20:14:29 ubuntu devstack@keystone.service[81314]: DEBUG keystone.server.flask.request_processing.middleware.auth_context [None req-5bdf3e56-a8f7-4d30-a486-32118c742aab None admin] RBAC: auth_context: {'token': <TokenModel (audit_id=Cy0RuhwyQWyWvgSaq0KeyA, audit_chain_id=['Cy0RuhwyQWyWvgSaq0KeyA']) at 0x7f53d1cd2380>, 'domain_id': None, 'trust_id': None, 'trustor_id': None, 'trustee_id': None, 'domain_name': None, 'group_ids': [], 'user_id': 'fcdcee64ea174b128388963bf8c9c147', 'user_domain_id': 'default', 'system_scope': 'all', 'project_id': None, 'project_domain_id': None, 'roles': ['admin', 'manager', 'member', 'reader'], 'is_admin_project': True, 'service_user_id': None, 'service_user_domain_id': None, 'service_project_id': None, 'service_project_domain_id': None, 'service_roles': []} {{(pid=81314) fill_context /opt/stack/keystone/keystone/server/flask/request_processing/middleware/auth_context.py:509}}
Sep 17 20:14:29 ubuntu devstack@keystone.service[81314]: DEBUG keystone.server.flask.request_processing.req_logging [None req-5bdf3e56-a8f7-4d30-a486-32118c742aab None admin] REQUEST_METHOD: `POST` {{(pid=81314) log_request_info /opt/stack/keystone/keystone/server/flask/request_processing/req_logging.py:26}}
Sep 17 20:14:29 ubuntu devstack@keystone.service[81314]: DEBUG keystone.server.flask.request_processing.req_logging [None req-5bdf3e56-a8f7-4d30-a486-32118c742aab None admin] SCRIPT_NAME: `/identity` {{(pid=81314) log_request_info /opt/stack/keystone/keystone/server/flask/request_processing/req_logging.py:27}}
Sep 17 20:14:29 ubuntu devstack@keystone.service[81314]: DEBUG keystone.server.flask.request_processing.req_logging [None req-5bdf3e56-a8f7-4d30-a486-32118c742aab None admin] PATH_INFO: `/v3/domains` {{(pid=81314) log_request_info /opt/stack/keystone/keystone/server/flask/request_processing/req_logging.py:28}}
Sep 17 20:14:29 ubuntu devstack@keystone.service[81313]: DEBUG keystone.server.flask.request_processing.middleware.auth_context [None req-75b460c1-86d8-41b5-bee4-0bf0790a0bc5 None admin] RBAC: auth_context: {'token': <TokenModel (audit_id=02fIg7fFSqeGnR0l8OnQPw, audit_chain_id=['02fIg7fFSqeGnR0l8OnQPw']) at 0x7f53d28da860>, 'domain_id': None, 'trust_id': None, 'trustor_id': None, 'trustee_id': None, 'domain_name': None, 'group_ids': [], 'user_id': 'fcdcee64ea174b128388963bf8c9c147', 'user_domain_id': 'default', 'system_scope': 'all', 'project_id': None, 'project_domain_id': None, 'roles': ['admin', 'manager', 'member', 'reader'], 'is_admin_project': True, 'service_user_id': None, 'service_user_domain_id': None, 'service_project_id': None, 'service_project_domain_id': None, 'service_roles': []} {{(pid=81313) fill_context /opt/stack/keystone/keystone/server/flask/request_processing/middleware/auth_context.py:509}}
Sep 17 20:14:29 ubuntu devstack@keystone.service[81313]: DEBUG keystone.server.flask.request_processing.req_logging [None req-75b460c1-86d8-41b5-bee4-0bf0790a0bc5 None admin] REQUEST_METHOD: `GET` {{(pid=81313) log_request_info /opt/stack/keystone/keystone/server/flask/request_processing/req_logging.py:26}}
Sep 17 20:14:29 ubuntu devstack@keystone.service[81314]: DEBUG keystone.common.rbac_enforcer.enforcer [None req-5bdf3e56-a8f7-4d30-a486-32118c742aab None admin] RBAC: Authorizing `identity:create_domain()` {{(pid=81314) enforce_call /opt/stack/keystone/keystone/common/rbac_enforcer/enforcer.py:494}}
Sep 17 20:14:29 ubuntu devstack@keystone.service[81313]: DEBUG keystone.server.flask.request_processing.req_logging [None req-75b460c1-86d8-41b5-bee4-0bf0790a0bc5 None admin] SCRIPT_NAME: `/identity` {{(pid=81313) log_request_info /opt/stack/keystone/keystone/server/flask/request_processing/req_logging.py:27}}
Sep 17 20:14:29 ubuntu devstack@keystone.service[81313]: DEBUG keystone.server.flask.request_processing.req_logging [None req-75b460c1-86d8-41b5-bee4-0bf0790a0bc5 None admin] PATH_INFO: `/v3/roles` {{(pid=81313) log_request_info /opt/stack/keystone/keystone/server/flask/request_processing/req_logging.py:28}}
Sep 17 20:14:29 ubuntu devstack@keystone.service[81314]: DEBUG keystone.common.rbac_enforcer.enforcer [None req-5bdf3e56-a8f7-4d30-a486-32118c742aab None admin] RBAC: Authorization granted {{(pid=81314) enforce_call /opt/stack/keystone/keystone/common/rbac_enforcer/enforcer.py:505}}
Sep 17 20:14:29 ubuntu devstack@keystone.service[81313]: DEBUG keystone.common.rbac_enforcer.enforcer [None req-75b460c1-86d8-41b5-bee4-0bf0790a0bc5 None admin] RBAC: Adding query filter params (name=admin) {{(pid=81313) _extract_filter_values /opt/stack/keystone/keystone/common/rbac_enforcer/enforcer.py:176}}
