Feb 13 10:14:15 ubuntu devstack@keystone.service[81744]: DEBUG keystone.server.flask.common [-] Adding resource routes to API role_assignments: ['/role_assignments' {}] {{(pid=81744) _add_mapped_resources /opt/stack/keystone/keystone/server/flask/common.py:483}}
Feb 13 10:14:15 ubuntu devstack@keystone.service[81744]: DEBUG keystone.server.flask.common [-] Adding resource routes to API role_inferences: ['/role_inferences' {}] {{(pid=81744) _add_mapped_resources /opt/stack/keystone/keystone/server/flask/common.py:483}}
Feb 13 10:14:15 ubuntu devstack@keystone.service[81744]: DEBUG keystone.server.flask.common [-] Adding resource routes to API roles: ['/roles' {}] {{(pid=81744) _add_mapped_resources /opt/stack/keystone/keystone/server/flask/common.py:483}}
Feb 13 10:14:15 ubuntu devstack@keystone.service[81744]: DEBUG keystone.server.flask.common [-] Adding resource routes to API roles: ['/roles/<string:role_id>' {}] {{(pid=81744) _add_mapped_resources /opt/stack/keystone/keystone/server/flask/common.py:483}}
Feb 13 10:14:15 ubuntu devstack@keystone.service[81744]: DEBUG keystone.server.flask.common [-] Adding resource routes to API roles: ['/roles/<string:prior_role_id>/implies' {}] {{(pid=81744) _add_mapped_resources /opt/stack/keystone/keystone/server/flask/common.py:483}}
Feb 13 10:14:15 ubuntu devstack@keystone.service[81744]: DEBUG keystone.server.flask.common [-] Adding resource routes to API roles: ['/roles/<string:prior_role_id>/implies/<string:implied_role_id>' {}] {{(pid=81744) _add_mapped_resources /opt/stack/keystone/keystone/server/flask/common.py:483}}
Feb 13 10:14:15 ubuntu devstack@keystone.service[81743]: WSGI app 0 (mountpoint='') ready in 3 seconds on interpreter 0x564c840d4d40 pid: 81743 (default app)
Feb 13 10:14:15 ubuntu devstack@keystone.service[81744]: DEBUG keystone.server.flask.common [-] Adding resource routes to API s3tokens: ['/s3tokens' {}] {{(pid=81744) _add_mapped_resources /opt/stack/keystone/keystone/server/flask/common.py:483}}
Feb 13 10:14:15 ubuntu devstack@keystone.service[81743]: DEBUG keystone.server.flask.request_processing.req_logging [None req-bf5af70c-fc4b-44b9-b50f-934f2ad2b653 None None] REQUEST_METHOD: `GET` {{(pid=81743) log_request_info /opt/stack/keystone/keystone/server/flask/request_processing/req_logging.py:26}}
Feb 13 10:14:15 ubuntu devstack@keystone.service[81743]: DEBUG keystone.server.flask.request_processing.req_logging [None req-bf5af70c-fc4b-44b9-b50f-934f2ad2b653 None None] SCRIPT_NAME: `/identity` {{(pid=81743) log_request_info /opt/stack/keystone/keystone/server/flask/request_processing/req_logging.py:27}}
Feb 13 10:14:15 ubuntu devstack@keystone.service[81743]: DEBUG keystone.server.flask.request_processing.req_logging [None req-bf5af70c-fc4b-44b9-b50f-934f2ad2b653 None None] PATH_INFO: `/v3` {{(pid=81743) log_request_info /opt/stack/keystone/keystone/server/flask/request_processing/req_logging.py:28}}
Feb 13 10:14:15 ubuntu devstack@keystone.service[81744]: DEBUG keystone.server.flask.common [-] Adding resource routes to API services: ['/services' {}] {{(pid=81744) _add_mapped_resources /opt/stack/keystone/keystone/server/flask/common.py:483}}
Feb 13 10:14:15 ubuntu devstack@keystone.service[81744]: DEBUG keystone.server.flask.common [-] Adding resource routes to API services: ['/services/<string:service_id>' {}] {{(pid=81744) _add_mapped_resources /opt/stack/keystone/keystone/server/flask/common.py:483}}
Feb 13 10:14:15 ubuntu devstack@keystone.service[81743]: [pid: 81743|app: 0|req: 1/1] 10.201.5.82 () {50 vars in 783 bytes} [Fri Feb 13 10:14:15 2026] GET /identity/v3/ => generated 255 bytes in 3 msecs (HTTP/1.1 200) 5 headers in 177 bytes (1 switches on core 0)
Feb 13 10:14:15 ubuntu devstack@keystone.service[81744]: DEBUG keystone.server.flask.common [-] Adding resource routes to API system: ['/system/users/<string:user_id>/roles' {}] {{(pid=81744) _add_mapped_resources /opt/stack/keystone/keystone/server/flask/common.py:483}}
Feb 13 10:14:15 ubuntu devstack@keystone.service[81744]: DEBUG keystone.server.flask.common [-] Adding resource routes to API system: ['/system/users/<string:user_id>/roles/<string:role_id>' {}] {{(pid=81744) _add_mapped_resources /opt/stack/keystone/keystone/server/flask/common.py:483}}
Feb 13 10:14:15 ubuntu devstack@keystone.service[81744]: DEBUG keystone.server.flask.common [-] Adding resource routes to API system: ['/system/groups/<string:group_id>/roles' {}] {{(pid=81744) _add_mapped_resources /opt/stack/keystone/keystone/server/flask/common.py:483}}
Feb 13 10:14:15 ubuntu devstack@keystone.service[81744]: DEBUG keystone.server.flask.common [-] Adding resource routes to API system: ['/system/groups/<string:group_id>/roles/<string:role_id>' {}] {{(pid=81744) _add_mapped_resources /opt/stack/keystone/keystone/server/flask/common.py:483}}
Feb 13 10:14:15 ubuntu devstack@keystone.service[81744]: DEBUG keystone.server.flask.common [-] Adding resource routes to API trusts: ['/trusts' {}] {{(pid=81744) _add_mapped_resources /opt/stack/keystone/keystone/server/flask/common.py:483}}
Feb 13 10:14:15 ubuntu devstack@keystone.service[81744]: DEBUG keystone.server.flask.common [-] Adding resource routes to API trusts: ['/trusts/<string:trust_id>' {}] {{(pid=81744) _add_mapped_resources /opt/stack/keystone/keystone/server/flask/common.py:483}}
Feb 13 10:14:15 ubuntu devstack@keystone.service[81744]: DEBUG keystone.server.flask.common [-] Adding resource routes to API trusts: ['/trusts/<string:trust_id>/roles' {}] {{(pid=81744) _add_mapped_resources /opt/stack/keystone/keystone/server/flask/common.py:483}}
Feb 13 10:14:15 ubuntu devstack@keystone.service[81744]: DEBUG keystone.server.flask.common [-] Adding resource routes to API trusts: ['/trusts/<string:trust_id>/roles/<string:role_id>' {}] {{(pid=81744) _add_mapped_resources /opt/stack/keystone/keystone/server/flask/common.py:483}}
Feb 13 10:14:15 ubuntu devstack@keystone.service[81744]: DEBUG keystone.server.flask.common [-] Adding resource routes to API users: ['/users' {}] {{(pid=81744) _add_mapped_resources /opt/stack/keystone/keystone/server/flask/common.py:483}}
Feb 13 10:14:15 ubuntu devstack@keystone.service[81744]: DEBUG keystone.server.flask.common [-] Adding resource routes to API users: ['/users/<string:user_id>' {}] {{(pid=81744) _add_mapped_resources /opt/stack/keystone/keystone/server/flask/common.py:483}}
Feb 13 10:14:15 ubuntu devstack@keystone.service[81744]: DEBUG keystone.server.flask.common [-] Adding resource routes to API users: ['/users/<string:user_id>/password' {}] {{(pid=81744) _add_mapped_resources /opt/stack/keystone/keystone/server/flask/common.py:483}}
Feb 13 10:14:15 ubuntu devstack@keystone.service[81744]: DEBUG keystone.server.flask.common [-] Adding resource routes to API users: ['/users/<string:user_id>/groups' {}] {{(pid=81744) _add_mapped_resources /opt/stack/keystone/keystone/server/flask/common.py:483}}
Feb 13 10:14:15 ubuntu devstack@keystone.service[81744]: DEBUG keystone.server.flask.common [-] Adding resource routes to API users: ['/users/<string:user_id>/projects' {}] {{(pid=81744) _add_mapped_resources /opt/stack/keystone/keystone/server/flask/common.py:483}}
Feb 13 10:14:15 ubuntu devstack@keystone.service[81744]: DEBUG keystone.server.flask.common [-] Adding resource routes to API users: ['/users/<string:user_id>/credentials/OS-EC2' {}] {{(pid=81744) _add_mapped_resources /opt/stack/keystone/keystone/server/flask/common.py:483}}
Feb 13 10:14:15 ubuntu devstack@keystone.service[81744]: DEBUG keystone.server.flask.common [-] Adding resource routes to API users: ['/users/<string:user_id>/credentials/OS-EC2/<string:credential_id>' {}] {{(pid=81744) _add_mapped_resources /opt/stack/keystone/keystone/server/flask/common.py:483}}
Feb 13 10:14:15 ubuntu devstack@keystone.service[81744]: DEBUG keystone.server.flask.common [-] Adding resource routes to API users: ['/users/<string:user_id>/OS-OAUTH1/access_tokens' {}] {{(pid=81744) _add_mapped_resources /opt/stack/keystone/keystone/server/flask/common.py:483}}
Feb 13 10:14:15 ubuntu devstack@keystone.service[81744]: DEBUG keystone.server.flask.common [-] Adding resource routes to API users: ['/users/<string:user_id>/OS-OAUTH1/access_tokens/<string:access_token_id>' {}] {{(pid=81744) _add_mapped_resources /opt/stack/keystone/keystone/server/flask/common.py:483}}
Feb 13 10:14:15 ubuntu devstack@keystone.service[81744]: DEBUG keystone.server.flask.common [-] Adding resource routes to API users: ['/users/<string:user_id>/OS-OAUTH1/access_tokens/<string:access_token_id>/roles' {}] {{(pid=81744) _add_mapped_resources /opt/stack/keystone/keystone/server/flask/common.py:483}}
Feb 13 10:14:15 ubuntu devstack@keystone.service[81744]: DEBUG keystone.server.flask.common [-] Adding resource routes to API users: ['/users/<string:user_id>/OS-OAUTH1/access_tokens/<string:access_token_id>/roles/<string:role_id>' {}] {{(pid=81744) _add_mapped_resources /opt/stack/keystone/keystone/server/flask/common.py:483}}
Feb 13 10:14:15 ubuntu devstack@keystone.service[81744]: DEBUG keystone.server.flask.common [-] Adding resource routes to API users: ['/users/<string:user_id>/application_credentials' {}] {{(pid=81744) _add_mapped_resources /opt/stack/keystone/keystone/server/flask/common.py:483}}
Feb 13 10:14:15 ubuntu devstack@keystone.service[81744]: DEBUG keystone.server.flask.common [-] Adding resource routes to API users: ['/users/<string:user_id>/application_credentials/<string:application_credential_id>' {}] {{(pid=81744) _add_mapped_resources /opt/stack/keystone/keystone/server/flask/common.py:483}}
Feb 13 10:14:15 ubuntu devstack@keystone.service[81744]: DEBUG keystone.server.flask.common [-] Adding resource routes to API users: ['/users/<string:user_id>/access_rules' {}] {{(pid=81744) _add_mapped_resources /opt/stack/keystone/keystone/server/flask/common.py:483}}
Feb 13 10:14:15 ubuntu devstack@keystone.service[81744]: DEBUG keystone.server.flask.common [-] Adding resource routes to API users: ['/users/<string:user_id>/access_rules/<string:access_rule_id>' {}] {{(pid=81744) _add_mapped_resources /opt/stack/keystone/keystone/server/flask/common.py:483}}
Feb 13 10:14:15 ubuntu devstack@keystone.service[81744]: WSGI app 0 (mountpoint='') ready in 3 seconds on interpreter 0x564c840d4d40 pid: 81744 (default app)
Feb 13 10:14:20 ubuntu devstack@keystone.service[81743]: DEBUG keystone.server.flask.request_processing.req_logging [None req-38748d04-7047-4e30-9172-44fda8510555 None None] REQUEST_METHOD: `GET` {{(pid=81743) log_request_info /opt/stack/keystone/keystone/server/flask/request_processing/req_logging.py:26}}
Feb 13 10:14:20 ubuntu devstack@keystone.service[81743]: DEBUG keystone.server.flask.request_processing.req_logging [None req-38748d04-7047-4e30-9172-44fda8510555 None None] SCRIPT_NAME: `/identity` {{(pid=81743) log_request_info /opt/stack/keystone/keystone/server/flask/request_processing/req_logging.py:27}}
Feb 13 10:14:20 ubuntu devstack@keystone.service[81743]: DEBUG keystone.server.flask.request_processing.req_logging [None req-38748d04-7047-4e30-9172-44fda8510555 None None] PATH_INFO: `/` {{(pid=81743) log_request_info /opt/stack/keystone/keystone/server/flask/request_processing/req_logging.py:28}}
Feb 13 10:14:20 ubuntu devstack@keystone.service[81743]: [pid: 81743|app: 0|req: 2/2] 10.201.5.82 () {54 vars in 919 bytes} [Fri Feb 13 10:14:20 2026] GET /identity => generated 270 bytes in 2 msecs (HTTP/1.1 300) 6 headers in 234 bytes (1 switches on core 0)
Feb 13 10:14:20 ubuntu devstack@keystone.service[81744]: DEBUG keystone.server.flask.request_processing.req_logging [None req-6231e703-6a32-4b73-80f9-bd31346f5176 None None] REQUEST_METHOD: `POST` {{(pid=81744) log_request_info /opt/stack/keystone/keystone/server/flask/request_processing/req_logging.py:26}}
Feb 13 10:14:20 ubuntu devstack@keystone.service[81744]: DEBUG keystone.server.flask.request_processing.req_logging [None req-6231e703-6a32-4b73-80f9-bd31346f5176 None None] SCRIPT_NAME: `/identity` {{(pid=81744) log_request_info /opt/stack/keystone/keystone/server/flask/request_processing/req_logging.py:27}}
Feb 13 10:14:20 ubuntu devstack@keystone.service[81744]: DEBUG keystone.server.flask.request_processing.req_logging [None req-6231e703-6a32-4b73-80f9-bd31346f5176 None None] PATH_INFO: `/v3/auth/tokens` {{(pid=81744) log_request_info /opt/stack/keystone/keystone/server/flask/request_processing/req_logging.py:28}}
Feb 13 10:14:20 ubuntu devstack@keystone.service[81744]: INFO dbcounter [None req-6231e703-6a32-4b73-80f9-bd31346f5176 None None] Registered counter for database keystone
Feb 13 10:14:20 ubuntu devstack@keystone.service[81744]: DEBUG oslo_db.sqlalchemy.engines [None req-6231e703-6a32-4b73-80f9-bd31346f5176 None None] MySQL server mode set to STRICT_TRANS_TABLES,STRICT_ALL_TABLES,NO_ZERO_IN_DATE,NO_ZERO_DATE,ERROR_FOR_DIVISION_BY_ZERO,TRADITIONAL,NO_ENGINE_SUBSTITUTION {{(pid=81744) _check_effective_sql_mode /opt/stack/data/venv/lib/python3.10/site-packages/oslo_db/sqlalchemy/engines.py:325}}
Feb 13 10:14:20 ubuntu devstack@keystone.service[81744]: DEBUG dbcounter [-] [81744] Writer thread running {{(pid=81744) stat_writer /opt/stack/data/venv/lib/python3.10/site-packages/dbcounter.py:102}}
Feb 13 10:14:20 ubuntu devstack@keystone.service[81744]: WARNING keystone.common.password_hashing [None req-6231e703-6a32-4b73-80f9-bd31346f5176 None None] Truncating password to algorithm specific maximum length 72 characters.
Feb 13 10:14:20 ubuntu devstack@keystone.service[81744]: DEBUG keystone.auth.core [None req-6231e703-6a32-4b73-80f9-bd31346f5176 None None] MFA Rules not processed for user `a1bbc864f58f45ed988565e0488789f3`. Rule list: `[]` (Enabled: `True`). {{(pid=81744) check_auth_methods_against_rules /opt/stack/keystone/keystone/auth/core.py:476}}
Feb 13 10:14:20 ubuntu devstack@keystone.service[81744]: DEBUG keystone.common.fernet_utils [None req-6231e703-6a32-4b73-80f9-bd31346f5176 None None] Loaded 2 Fernet keys from /etc/keystone/fernet-keys/, but `[fernet_tokens] max_active_keys = 3`; perhaps there have not been enough key rotations to reach `max_active_keys` yet? {{(pid=81744) load_keys /opt/stack/keystone/keystone/common/fernet_utils.py:297}}
Feb 13 10:14:20 ubuntu devstack@keystone.service[81744]: [pid: 81744|app: 0|req: 1/3] 10.201.5.82 () {58 vars in 1016 bytes} [Fri Feb 13 10:14:20 2026] POST /identity/v3/auth/tokens => generated 977 bytes in 285 msecs (HTTP/1.1 201) 6 headers in 384 bytes (1 switches on core 0)
Feb 13 10:14:20 ubuntu devstack@keystone.service[81743]: DEBUG keystone.server.flask.request_processing.middleware.auth_context [None req-38748d04-7047-4e30-9172-44fda8510555 None None] Authenticating user token {{(pid=81743) process_request /opt/stack/data/venv/lib/python3.10/site-packages/keystonemiddleware/auth_token/__init__.py:407}}
Feb 13 10:14:20 ubuntu devstack@keystone.service[81743]: INFO dbcounter [None req-38748d04-7047-4e30-9172-44fda8510555 None None] Registered counter for database keystone
Feb 13 10:14:20 ubuntu devstack@keystone.service[81743]: DEBUG oslo_db.sqlalchemy.engines [None req-38748d04-7047-4e30-9172-44fda8510555 None None] MySQL server mode set to STRICT_TRANS_TABLES,STRICT_ALL_TABLES,NO_ZERO_IN_DATE,NO_ZERO_DATE,ERROR_FOR_DIVISION_BY_ZERO,TRADITIONAL,NO_ENGINE_SUBSTITUTION {{(pid=81743) _check_effective_sql_mode /opt/stack/data/venv/lib/python3.10/site-packages/oslo_db/sqlalchemy/engines.py:325}}
Feb 13 10:14:20 ubuntu devstack@keystone.service[81743]: DEBUG dbcounter [-] [81743] Writer thread running {{(pid=81743) stat_writer /opt/stack/data/venv/lib/python3.10/site-packages/dbcounter.py:102}}
Feb 13 10:14:20 ubuntu devstack@keystone.service[81743]: DEBUG keystone.server.flask.request_processing.middleware.auth_context [None req-38748d04-7047-4e30-9172-44fda8510555 None None] Validating token access rules against request {{(pid=81743) validate_allowed_request /opt/stack/data/venv/lib/python3.10/site-packages/keystonemiddleware/auth_token/__init__.py:545}}
Feb 13 10:14:20 ubuntu devstack@keystone.service[81743]: DEBUG keystone.server.flask.request_processing.middleware.auth_context [None req-a4a533a9-cebb-43da-b665-2aa91e341c2c admin admin] RBAC: auth_context: {'token': <TokenModel (audit_id=Bk-3KWgHT1u7YGEqyengbg, audit_chain_id=['Bk-3KWgHT1u7YGEqyengbg']) at 0x7f9f4fcec9d0>, 'domain_id': None, 'trust_id': None, 'trustor_id': None, 'trustee_id': None, 'domain_name': None, 'group_ids': [], 'user_id': 'a1bbc864f58f45ed988565e0488789f3', 'user_domain_id': 'default', 'system_scope': None, 'project_id': '1a9c90b4a7cc4ffdab06aa28ac00b326', 'project_domain_id': 'default', 'roles': ['member', 'reader', 'admin', 'manager'], 'is_admin_project': True, 'service_user_id': None, 'service_user_domain_id': None, 'service_project_id': None, 'service_project_domain_id': None, 'service_roles': []} {{(pid=81743) fill_context /opt/stack/keystone/keystone/server/flask/request_processing/middleware/auth_context.py:509}}
Feb 13 10:14:20 ubuntu devstack@keystone.service[81743]: DEBUG keystone.server.flask.request_processing.req_logging [None req-a4a533a9-cebb-43da-b665-2aa91e341c2c admin admin] REQUEST_METHOD: `GET` {{(pid=81743) log_request_info /opt/stack/keystone/keystone/server/flask/request_processing/req_logging.py:26}}
Feb 13 10:14:20 ubuntu devstack@keystone.service[81743]: DEBUG keystone.server.flask.request_processing.req_logging [None req-a4a533a9-cebb-43da-b665-2aa91e341c2c admin admin] SCRIPT_NAME: `/identity` {{(pid=81743) log_request_info /opt/stack/keystone/keystone/server/flask/request_processing/req_logging.py:27}}
Feb 13 10:14:20 ubuntu devstack@keystone.service[81743]: DEBUG keystone.server.flask.request_processing.req_logging [None req-a4a533a9-cebb-43da-b665-2aa91e341c2c admin admin] PATH_INFO: `/v3/auth/tokens` {{(pid=81743) log_request_info /opt/stack/keystone/keystone/server/flask/request_processing/req_logging.py:28}}
Feb 13 10:14:20 ubuntu devstack@keystone.service[81743]: DEBUG keystone.common.rbac_enforcer.enforcer [None req-a4a533a9-cebb-43da-b665-2aa91e341c2c admin admin] RBAC: Authorizing `identity:validate_token()` {{(pid=81743) enforce_call /opt/stack/keystone/keystone/common/rbac_enforcer/enforcer.py:494}}
Feb 13 10:14:20 ubuntu devstack@keystone.service[81743]: WARNING keystone.common.rbac_enforcer.enforcer [None req-a4a533a9-cebb-43da-b665-2aa91e341c2c admin admin] Deprecated policy rules found. Use oslopolicy-policy-generator and oslopolicy-policy-upgrade to detect and resolve deprecated policies in your configuration.
Feb 13 10:14:20 ubuntu devstack@keystone.service[81743]: DEBUG keystone.common.rbac_enforcer.enforcer [None req-a4a533a9-cebb-43da-b665-2aa91e341c2c admin admin] RBAC: Authorization granted {{(pid=81743) enforce_call /opt/stack/keystone/keystone/common/rbac_enforcer/enforcer.py:505}}
Feb 13 10:14:20 ubuntu devstack@keystone.service[81743]: [pid: 81743|app: 0|req: 3/4] 10.201.5.82 () {58 vars in 1316 bytes} [Fri Feb 13 10:14:20 2026] GET /identity/v3/auth/tokens => generated 977 bytes in 170 msecs (HTTP/1.1 200) 6 headers in 379 bytes (2 switches on core 0)
Feb 13 10:14:20 ubuntu devstack@keystone.service[81744]: DEBUG keystone.server.flask.request_processing.middleware.auth_context [None req-6231e703-6a32-4b73-80f9-bd31346f5176 None None] Authenticating user token {{(pid=81744) process_request /opt/stack/data/venv/lib/python3.10/site-packages/keystonemiddleware/auth_token/__init__.py:407}}
Feb 13 10:14:20 ubuntu devstack@keystone.service[81744]: DEBUG keystone.server.flask.request_processing.middleware.auth_context [None req-6231e703-6a32-4b73-80f9-bd31346f5176 None None] Validating token access rules against request {{(pid=81744) validate_allowed_request /opt/stack/data/venv/lib/python3.10/site-packages/keystonemiddleware/auth_token/__init__.py:545}}
Feb 13 10:14:20 ubuntu devstack@keystone.service[81744]: DEBUG keystone.server.flask.request_processing.middleware.auth_context [None req-c031e01f-88e2-4995-be91-985cb13a2d79 admin admin] RBAC: auth_context: {'token': <TokenModel (audit_id=Bk-3KWgHT1u7YGEqyengbg, audit_chain_id=['Bk-3KWgHT1u7YGEqyengbg']) at 0x7f9f4fcd49a0>, 'domain_id': None, 'trust_id': None, 'trustor_id': None, 'trustee_id': None, 'domain_name': None, 'group_ids': [], 'user_id': 'a1bbc864f58f45ed988565e0488789f3', 'user_domain_id': 'default', 'system_scope': None, 'project_id': '1a9c90b4a7cc4ffdab06aa28ac00b326', 'project_domain_id': 'default', 'roles': ['member', 'reader', 'admin', 'manager'], 'is_admin_project': True, 'service_user_id': None, 'service_user_domain_id': None, 'service_project_id': None, 'service_project_domain_id': None, 'service_roles': []} {{(pid=81744) fill_context /opt/stack/keystone/keystone/server/flask/request_processing/middleware/auth_context.py:509}}
Feb 13 10:14:20 ubuntu devstack@keystone.service[81744]: DEBUG keystone.server.flask.request_processing.req_logging [None req-c031e01f-88e2-4995-be91-985cb13a2d79 admin admin] REQUEST_METHOD: `GET` {{(pid=81744) log_request_info /opt/stack/keystone/keystone/server/flask/request_processing/req_logging.py:26}}
Feb 13 10:14:20 ubuntu devstack@keystone.service[81744]: DEBUG keystone.server.flask.request_processing.req_logging [None req-c031e01f-88e2-4995-be91-985cb13a2d79 admin admin] SCRIPT_NAME: `/identity` {{(pid=81744) log_request_info /opt/stack/keystone/keystone/server/flask/request_processing/req_logging.py:27}}
Feb 13 10:14:20 ubuntu devstack@keystone.service[81744]: DEBUG keystone.server.flask.request_processing.req_logging [None req-c031e01f-88e2-4995-be91-985cb13a2d79 admin admin] PATH_INFO: `/v3/projects/1a9c90b4a7cc4ffdab06aa28ac00b326` {{(pid=81744) log_request_info /opt/stack/keystone/keystone/server/flask/request_processing/req_logging.py:28}}
Feb 13 10:14:20 ubuntu devstack@keystone.service[81744]: DEBUG keystone.common.rbac_enforcer.enforcer [None req-c031e01f-88e2-4995-be91-985cb13a2d79 admin admin] RBAC: Authorizing `identity:get_project(project_id=1a9c90b4a7cc4ffdab06aa28ac00b326)` {{(pid=81744) enforce_call /opt/stack/keystone/keystone/common/rbac_enforcer/enforcer.py:494}}
Feb 13 10:14:20 ubuntu devstack@keystone.service[81744]: WARNING keystone.common.rbac_enforcer.enforcer [None req-c031e01f-88e2-4995-be91-985cb13a2d79 admin admin] Deprecated policy rules found. Use oslopolicy-policy-generator and oslopolicy-policy-upgrade to detect and resolve deprecated policies in your configuration.
Feb 13 10:14:20 ubuntu devstack@keystone.service[81744]: DEBUG keystone.common.rbac_enforcer.enforcer [None req-c031e01f-88e2-4995-be91-985cb13a2d79 admin admin] RBAC: Authorization granted {{(pid=81744) enforce_call /opt/stack/keystone/keystone/common/rbac_enforcer/enforcer.py:505}}
Feb 13 10:14:20 ubuntu devstack@keystone.service[81744]: [pid: 81744|app: 0|req: 2/5] 10.201.5.82 () {56 vars in 1199 bytes} [Fri Feb 13 10:14:20 2026] GET /identity/v3/projects/1a9c90b4a7cc4ffdab06aa28ac00b326 => generated 344 bytes in 36 msecs (HTTP/1.1 200) 5 headers in 177 bytes (1 switches on core 0)
Feb 13 10:14:22 ubuntu devstack@keystone.service[81743]: DEBUG keystone.server.flask.request_processing.req_logging [None req-324428ae-db55-47f6-b91e-7357cb539e85 None None] REQUEST_METHOD: `GET` {{(pid=81743) log_request_info /opt/stack/keystone/keystone/server/flask/request_processing/req_logging.py:26}}
Feb 13 10:14:22 ubuntu devstack@keystone.service[81743]: DEBUG keystone.server.flask.request_processing.req_logging [None req-324428ae-db55-47f6-b91e-7357cb539e85 None None] SCRIPT_NAME: `/identity` {{(pid=81743) log_request_info /opt/stack/keystone/keystone/server/flask/request_processing/req_logging.py:27}}
Feb 13 10:14:22 ubuntu devstack@keystone.service[81743]: DEBUG keystone.server.flask.request_processing.req_logging [None req-324428ae-db55-47f6-b91e-7357cb539e85 None None] PATH_INFO: `/` {{(pid=81743) log_request_info /opt/stack/keystone/keystone/server/flask/request_processing/req_logging.py:28}}
Feb 13 10:14:22 ubuntu devstack@keystone.service[81743]: [pid: 81743|app: 0|req: 4/6] 10.201.5.82 () {54 vars in 919 bytes} [Fri Feb 13 10:14:22 2026] GET /identity => generated 270 bytes in 5 msecs (HTTP/1.1 300) 6 headers in 234 bytes (1 switches on core 0)
Feb 13 10:14:22 ubuntu devstack@keystone.service[81744]: DEBUG keystone.server.flask.request_processing.req_logging [None req-450afd17-89d5-4e1f-8305-d5b535200f7c None None] REQUEST_METHOD: `POST` {{(pid=81744) log_request_info /opt/stack/keystone/keystone/server/flask/request_processing/req_logging.py:26}}
Feb 13 10:14:22 ubuntu devstack@keystone.service[81744]: DEBUG keystone.server.flask.request_processing.req_logging [None req-450afd17-89d5-4e1f-8305-d5b535200f7c None None] SCRIPT_NAME: `/identity` {{(pid=81744) log_request_info /opt/stack/keystone/keystone/server/flask/request_processing/req_logging.py:27}}
Feb 13 10:14:22 ubuntu devstack@keystone.service[81744]: DEBUG keystone.server.flask.request_processing.req_logging [None req-450afd17-89d5-4e1f-8305-d5b535200f7c None None] PATH_INFO: `/v3/auth/tokens` {{(pid=81744) log_request_info /opt/stack/keystone/keystone/server/flask/request_processing/req_logging.py:28}}
Feb 13 10:14:22 ubuntu devstack@keystone.service[81744]: WARNING keystone.common.password_hashing [None req-450afd17-89d5-4e1f-8305-d5b535200f7c None None] Truncating password to algorithm specific maximum length 72 characters.
Feb 13 10:14:22 ubuntu devstack@keystone.service[81744]: DEBUG keystone.auth.core [None req-450afd17-89d5-4e1f-8305-d5b535200f7c None None] MFA Rules not processed for user `a1bbc864f58f45ed988565e0488789f3`. Rule list: `[]` (Enabled: `True`). {{(pid=81744) check_auth_methods_against_rules /opt/stack/keystone/keystone/auth/core.py:476}}
Feb 13 10:14:22 ubuntu devstack@keystone.service[81744]: DEBUG keystone.common.fernet_utils [None req-450afd17-89d5-4e1f-8305-d5b535200f7c None None] Loaded 2 Fernet keys from /etc/keystone/fernet-keys/, but `[fernet_tokens] max_active_keys = 3`; perhaps there have not been enough key rotations to reach `max_active_keys` yet? {{(pid=81744) load_keys /opt/stack/keystone/keystone/common/fernet_utils.py:297}}
Feb 13 10:14:22 ubuntu devstack@keystone.service[81744]: [pid: 81744|app: 0|req: 3/7] 10.201.5.82 () {58 vars in 1016 bytes} [Fri Feb 13 10:14:22 2026] POST /identity/v3/auth/tokens => generated 977 bytes in 39 msecs (HTTP/1.1 201) 6 headers in 384 bytes (1 switches on core 0)
Feb 13 10:14:22 ubuntu devstack@keystone.service[81743]: DEBUG keystone.server.flask.request_processing.middleware.auth_context [None req-324428ae-db55-47f6-b91e-7357cb539e85 None None] Authenticating user token {{(pid=81743) process_request /opt/stack/data/venv/lib/python3.10/site-packages/keystonemiddleware/auth_token/__init__.py:407}}
Feb 13 10:14:22 ubuntu devstack@keystone.service[81743]: DEBUG keystone.server.flask.request_processing.middleware.auth_context [None req-324428ae-db55-47f6-b91e-7357cb539e85 None None] Validating token access rules against request {{(pid=81743) validate_allowed_request /opt/stack/data/venv/lib/python3.10/site-packages/keystonemiddleware/auth_token/__init__.py:545}}
Feb 13 10:14:22 ubuntu devstack@keystone.service[81743]: DEBUG keystone.server.flask.request_processing.middleware.auth_context [None req-ae55158c-ae45-4a31-ae5f-adbbffd8ae1b admin admin] RBAC: auth_context: {'token': <TokenModel (audit_id=vZIsl6_gRIiVirAxXXQzsA, audit_chain_id=['vZIsl6_gRIiVirAxXXQzsA']) at 0x7f9f4fa84fd0>, 'domain_id': None, 'trust_id': None, 'trustor_id': None, 'trustee_id': None, 'domain_name': None, 'group_ids': [], 'user_id': 'a1bbc864f58f45ed988565e0488789f3', 'user_domain_id': 'default', 'system_scope': None, 'project_id': '1a9c90b4a7cc4ffdab06aa28ac00b326', 'project_domain_id': 'default', 'roles': ['member', 'reader', 'admin', 'manager'], 'is_admin_project': True, 'service_user_id': None, 'service_user_domain_id': None, 'service_project_id': None, 'service_project_domain_id': None, 'service_roles': []} {{(pid=81743) fill_context /opt/stack/keystone/keystone/server/flask/request_processing/middleware/auth_context.py:509}}
Feb 13 10:14:22 ubuntu devstack@keystone.service[81743]: DEBUG keystone.server.flask.request_processing.req_logging [None req-ae55158c-ae45-4a31-ae5f-adbbffd8ae1b admin admin] REQUEST_METHOD: `GET` {{(pid=81743) log_request_info /opt/stack/keystone/keystone/server/flask/request_processing/req_logging.py:26}}
Feb 13 10:14:22 ubuntu devstack@keystone.service[81743]: DEBUG keystone.server.flask.request_processing.req_logging [None req-ae55158c-ae45-4a31-ae5f-adbbffd8ae1b admin admin] SCRIPT_NAME: `/identity` {{(pid=81743) log_request_info /opt/stack/keystone/keystone/server/flask/request_processing/req_logging.py:27}}
Feb 13 10:14:22 ubuntu devstack@keystone.service[81743]: DEBUG keystone.server.flask.request_processing.req_logging [None req-ae55158c-ae45-4a31-ae5f-adbbffd8ae1b admin admin] PATH_INFO: `/v3/users/admin` {{(pid=81743) log_request_info /opt/stack/keystone/keystone/server/flask/request_processing/req_logging.py:28}}
Feb 13 10:14:22 ubuntu devstack@keystone.service[81743]: DEBUG keystone.common.rbac_enforcer.enforcer [None req-ae55158c-ae45-4a31-ae5f-adbbffd8ae1b admin admin] RBAC: Authorizing `identity:get_user(user_id=admin)` {{(pid=81743) enforce_call /opt/stack/keystone/keystone/common/rbac_enforcer/enforcer.py:494}}
Feb 13 10:14:22 ubuntu devstack@keystone.service[81743]: DEBUG keystone.common.rbac_enforcer.enforcer [None req-ae55158c-ae45-4a31-ae5f-adbbffd8ae1b admin admin] RBAC: Authorization granted {{(pid=81743) enforce_call /opt/stack/keystone/keystone/common/rbac_enforcer/enforcer.py:505}}
Feb 13 10:14:22 ubuntu devstack@keystone.service[81743]: DEBUG keystone.server.flask.application [None req-ae55158c-ae45-4a31-ae5f-adbbffd8ae1b admin admin] Could not find user: admin. {{(pid=81743) _handle_keystone_exception /opt/stack/keystone/keystone/server/flask/application.py:146}}
Feb 13 10:14:22 ubuntu devstack@keystone.service[81743]: [pid: 81743|app: 0|req: 5/8] 10.201.5.82 () {56 vars in 1153 bytes} [Fri Feb 13 10:14:22 2026] GET /identity/v3/users/admin => generated 83 bytes in 45 msecs (HTTP/1.1 404) 5 headers in 183 bytes (1 switches on core 0)
Feb 13 10:14:22 ubuntu devstack@keystone.service[81744]: DEBUG keystone.server.flask.request_processing.middleware.auth_context [None req-450afd17-89d5-4e1f-8305-d5b535200f7c None None] Authenticating user token {{(pid=81744) process_request /opt/stack/data/venv/lib/python3.10/site-packages/keystonemiddleware/auth_token/__init__.py:407}}
Feb 13 10:14:22 ubuntu devstack@keystone.service[81744]: DEBUG keystone.server.flask.request_processing.middleware.auth_context [None req-450afd17-89d5-4e1f-8305-d5b535200f7c None None] Validating token access rules against request {{(pid=81744) validate_allowed_request /opt/stack/data/venv/lib/python3.10/site-packages/keystonemiddleware/auth_token/__init__.py:545}}
Feb 13 10:14:22 ubuntu devstack@keystone.service[81744]: DEBUG keystone.server.flask.request_processing.middleware.auth_context [None req-1ec4f366-8572-4005-99df-f66adf2b1c3f admin admin] RBAC: auth_context: {'token': <TokenModel (audit_id=vZIsl6_gRIiVirAxXXQzsA, audit_chain_id=['vZIsl6_gRIiVirAxXXQzsA']) at 0x7f9f4fcd47c0>, 'domain_id': None, 'trust_id': None, 'trustor_id': None, 'trustee_id': None, 'domain_name': None, 'group_ids': [], 'user_id': 'a1bbc864f58f45ed988565e0488789f3', 'user_domain_id': 'default', 'system_scope': None, 'project_id': '1a9c90b4a7cc4ffdab06aa28ac00b326', 'project_domain_id': 'default', 'roles': ['member', 'reader', 'admin', 'manager'], 'is_admin_project': True, 'service_user_id': None, 'service_user_domain_id': None, 'service_project_id': None, 'service_project_domain_id': None, 'service_roles': []} {{(pid=81744) fill_context /opt/stack/keystone/keystone/server/flask/request_processing/middleware/auth_context.py:509}}
Feb 13 10:14:22 ubuntu devstack@keystone.service[81744]: DEBUG keystone.server.flask.request_processing.req_logging [None req-1ec4f366-8572-4005-99df-f66adf2b1c3f admin admin] REQUEST_METHOD: `GET` {{(pid=81744) log_request_info /opt/stack/keystone/keystone/server/flask/request_processing/req_logging.py:26}}
Feb 13 10:14:22 ubuntu devstack@keystone.service[81744]: DEBUG keystone.server.flask.request_processing.req_logging [None req-1ec4f366-8572-4005-99df-f66adf2b1c3f admin admin] SCRIPT_NAME: `/identity` {{(pid=81744) log_request_info /opt/stack/keystone/keystone/server/flask/request_processing/req_logging.py:27}}
Feb 13 10:14:22 ubuntu devstack@keystone.service[81744]: DEBUG keystone.server.flask.request_processing.req_logging [None req-1ec4f366-8572-4005-99df-f66adf2b1c3f admin admin] PATH_INFO: `/v3/users` {{(pid=81744) log_request_info /opt/stack/keystone/keystone/server/flask/request_processing/req_logging.py:28}}
Feb 13 10:14:22 ubuntu devstack@keystone.service[81744]: DEBUG keystone.common.rbac_enforcer.enforcer [None req-1ec4f366-8572-4005-99df-f66adf2b1c3f admin admin] RBAC: Adding query filter params (name=admin) {{(pid=81744) _extract_filter_values /opt/stack/keystone/keystone/common/rbac_enforcer/enforcer.py:176}}
Feb 13 10:14:22 ubuntu devstack@keystone.service[81744]: DEBUG keystone.common.rbac_enforcer.enforcer [None req-1ec4f366-8572-4005-99df-f66adf2b1c3f admin admin] RBAC: Authorizing `identity:list_users()` {{(pid=81744) enforce_call /opt/stack/keystone/keystone/common/rbac_enforcer/enforcer.py:494}}
Feb 13 10:14:22 ubuntu devstack@keystone.service[81744]: DEBUG keystone.common.rbac_enforcer.enforcer [None req-1ec4f366-8572-4005-99df-f66adf2b1c3f admin admin] RBAC: Authorization granted {{(pid=81744) enforce_call /opt/stack/keystone/keystone/common/rbac_enforcer/enforcer.py:505}}
Feb 13 10:14:22 ubuntu devstack@keystone.service[81744]: [pid: 81744|app: 0|req: 4/9] 10.201.5.82 () {56 vars in 1169 bytes} [Fri Feb 13 10:14:22 2026] GET /identity/v3/users?name=admin => generated 352 bytes in 47 msecs (HTTP/1.1 200) 5 headers in 177 bytes (1 switches on core 0)
Feb 13 10:14:23 ubuntu devstack@keystone.service[81743]: DEBUG keystone.server.flask.request_processing.req_logging [None req-5127580e-7650-413e-8186-7889f535442f None None] REQUEST_METHOD: `GET` {{(pid=81743) log_request_info /opt/stack/keystone/keystone/server/flask/request_processing/req_logging.py:26}}
Feb 13 10:14:23 ubuntu devstack@keystone.service[81743]: DEBUG keystone.server.flask.request_processing.req_logging [None req-5127580e-7650-413e-8186-7889f535442f None None] SCRIPT_NAME: `/identity` {{(pid=81743) log_request_info /opt/stack/keystone/keystone/server/flask/request_processing/req_logging.py:27}}
Feb 13 10:14:23 ubuntu devstack@keystone.service[81743]: DEBUG keystone.server.flask.request_processing.req_logging [None req-5127580e-7650-413e-8186-7889f535442f None None] PATH_INFO: `/` {{(pid=81743) log_request_info /opt/stack/keystone/keystone/server/flask/request_processing/req_logging.py:28}}
Feb 13 10:14:23 ubuntu devstack@keystone.service[81743]: [pid: 81743|app: 0|req: 6/10] 10.201.5.82 () {54 vars in 919 bytes} [Fri Feb 13 10:14:23 2026] GET /identity => generated 270 bytes in 9 msecs (HTTP/1.1 300) 6 headers in 234 bytes (1 switches on core 0)
Feb 13 10:14:23 ubuntu devstack@keystone.service[81744]: DEBUG keystone.server.flask.request_processing.req_logging [None req-0bcd9753-5490-426f-8790-3074829e1a20 None None] REQUEST_METHOD: `POST` {{(pid=81744) log_request_info /opt/stack/keystone/keystone/server/flask/request_processing/req_logging.py:26}}
Feb 13 10:14:23 ubuntu devstack@keystone.service[81744]: DEBUG keystone.server.flask.request_processing.req_logging [None req-0bcd9753-5490-426f-8790-3074829e1a20 None None] SCRIPT_NAME: `/identity` {{(pid=81744) log_request_info /opt/stack/keystone/keystone/server/flask/request_processing/req_logging.py:27}}
Feb 13 10:14:23 ubuntu devstack@keystone.service[81744]: DEBUG keystone.server.flask.request_processing.req_logging [None req-0bcd9753-5490-426f-8790-3074829e1a20 None None] PATH_INFO: `/v3/auth/tokens` {{(pid=81744) log_request_info /opt/stack/keystone/keystone/server/flask/request_processing/req_logging.py:28}}
Feb 13 10:14:23 ubuntu devstack@keystone.service[81744]: WARNING keystone.common.password_hashing [None req-0bcd9753-5490-426f-8790-3074829e1a20 None None] Truncating password to algorithm specific maximum length 72 characters.
Feb 13 10:14:23 ubuntu devstack@keystone.service[81744]: DEBUG keystone.auth.core [None req-0bcd9753-5490-426f-8790-3074829e1a20 None None] MFA Rules not processed for user `a1bbc864f58f45ed988565e0488789f3`. Rule list: `[]` (Enabled: `True`). {{(pid=81744) check_auth_methods_against_rules /opt/stack/keystone/keystone/auth/core.py:476}}
Feb 13 10:14:23 ubuntu devstack@keystone.service[81744]: DEBUG keystone.common.fernet_utils [None req-0bcd9753-5490-426f-8790-3074829e1a20 None None] Loaded 2 Fernet keys from /etc/keystone/fernet-keys/, but `[fernet_tokens] max_active_keys = 3`; perhaps there have not been enough key rotations to reach `max_active_keys` yet? {{(pid=81744) load_keys /opt/stack/keystone/keystone/common/fernet_utils.py:297}}
Feb 13 10:14:23 ubuntu devstack@keystone.service[81744]: [pid: 81744|app: 0|req: 5/11] 10.201.5.82 () {58 vars in 1016 bytes} [Fri Feb 13 10:14:23 2026] POST /identity/v3/auth/tokens => generated 862 bytes in 85 msecs (HTTP/1.1 201) 6 headers in 363 bytes (1 switches on core 0)
Feb 13 10:14:23 ubuntu devstack@keystone.service[81743]: DEBUG keystone.server.flask.request_processing.req_logging [None req-4e8f8179-56fe-420d-94b5-7a5334d2b457 None None] REQUEST_METHOD: `GET` {{(pid=81743) log_request_info /opt/stack/keystone/keystone/server/flask/request_processing/req_logging.py:26}}
Feb 13 10:14:23 ubuntu devstack@keystone.service[81743]: DEBUG keystone.server.flask.request_processing.req_logging [None req-4e8f8179-56fe-420d-94b5-7a5334d2b457 None None] SCRIPT_NAME: `/identity` {{(pid=81743) log_request_info /opt/stack/keystone/keystone/server/flask/request_processing/req_logging.py:27}}
Feb 13 10:14:23 ubuntu devstack@keystone.service[81743]: DEBUG keystone.server.flask.request_processing.req_logging [None req-4e8f8179-56fe-420d-94b5-7a5334d2b457 None None] PATH_INFO: `/` {{(pid=81743) log_request_info /opt/stack/keystone/keystone/server/flask/request_processing/req_logging.py:28}}
Feb 13 10:14:23 ubuntu devstack@keystone.service[81743]: [pid: 81743|app: 0|req: 7/12] 10.201.5.82 () {54 vars in 919 bytes} [Fri Feb 13 10:14:23 2026] GET /identity => generated 270 bytes in 6 msecs (HTTP/1.1 300) 6 headers in 234 bytes (1 switches on core 0)
Feb 13 10:14:23 ubuntu devstack@keystone.service[81744]: DEBUG keystone.server.flask.request_processing.req_logging [None req-cb283a6c-06b6-4648-8ead-7762ea334962 None None] REQUEST_METHOD: `POST` {{(pid=81744) log_request_info /opt/stack/keystone/keystone/server/flask/request_processing/req_logging.py:26}}
Feb 13 10:14:23 ubuntu devstack@keystone.service[81744]: DEBUG keystone.server.flask.request_processing.req_logging [None req-cb283a6c-06b6-4648-8ead-7762ea334962 None None] SCRIPT_NAME: `/identity` {{(pid=81744) log_request_info /opt/stack/keystone/keystone/server/flask/request_processing/req_logging.py:27}}
Feb 13 10:14:23 ubuntu devstack@keystone.service[81744]: DEBUG keystone.server.flask.request_processing.req_logging [None req-cb283a6c-06b6-4648-8ead-7762ea334962 None None] PATH_INFO: `/v3/auth/tokens` {{(pid=81744) log_request_info /opt/stack/keystone/keystone/server/flask/request_processing/req_logging.py:28}}
Feb 13 10:14:23 ubuntu devstack@keystone.service[81744]: WARNING keystone.common.password_hashing [None req-cb283a6c-06b6-4648-8ead-7762ea334962 None None] Truncating password to algorithm specific maximum length 72 characters.
Feb 13 10:14:23 ubuntu devstack@keystone.service[81743]: DEBUG keystone.server.flask.request_processing.middleware.auth_context [None req-4e8f8179-56fe-420d-94b5-7a5334d2b457 None None] Authenticating user token {{(pid=81743) process_request /opt/stack/data/venv/lib/python3.10/site-packages/keystonemiddleware/auth_token/__init__.py:407}}
Feb 13 10:14:23 ubuntu devstack@keystone.service[81744]: DEBUG keystone.auth.core [None req-cb283a6c-06b6-4648-8ead-7762ea334962 None None] MFA Rules not processed for user `a1bbc864f58f45ed988565e0488789f3`. Rule list: `[]` (Enabled: `True`). {{(pid=81744) check_auth_methods_against_rules /opt/stack/keystone/keystone/auth/core.py:476}}
Feb 13 10:14:23 ubuntu devstack@keystone.service[81744]: DEBUG keystone.common.fernet_utils [None req-cb283a6c-06b6-4648-8ead-7762ea334962 None None] Loaded 2 Fernet keys from /etc/keystone/fernet-keys/, but `[fernet_tokens] max_active_keys = 3`; perhaps there have not been enough key rotations to reach `max_active_keys` yet? {{(pid=81744) load_keys /opt/stack/keystone/keystone/common/fernet_utils.py:297}}
Feb 13 10:14:23 ubuntu devstack@keystone.service[81744]: [pid: 81744|app: 0|req: 6/13] 10.201.5.82 () {58 vars in 1016 bytes} [Fri Feb 13 10:14:23 2026] POST /identity/v3/auth/tokens => generated 862 bytes in 59 msecs (HTTP/1.1 201) 6 headers in 363 bytes (1 switches on core 0)
Feb 13 10:14:23 ubuntu devstack@keystone.service[81743]: DEBUG keystone.server.flask.request_processing.middleware.auth_context [None req-4e8f8179-56fe-420d-94b5-7a5334d2b457 None None] Validating token access rules against request {{(pid=81743) validate_allowed_request /opt/stack/data/venv/lib/python3.10/site-packages/keystonemiddleware/auth_token/__init__.py:545}}
Feb 13 10:14:23 ubuntu devstack@keystone.service[81743]: DEBUG keystone.server.flask.request_processing.middleware.auth_context [None req-d5cf6baf-adf8-47e2-a5dd-39d11da1de49 None admin] RBAC: auth_context: {'token': <TokenModel (audit_id=LPYH_OHMS5SWnIufJC8_Fg, audit_chain_id=['LPYH_OHMS5SWnIufJC8_Fg']) at 0x7f9f4f0cf670>, 'domain_id': None, 'trust_id': None, 'trustor_id': None, 'trustee_id': None, 'domain_name': None, 'group_ids': [], 'user_id': 'a1bbc864f58f45ed988565e0488789f3', 'user_domain_id': 'default', 'system_scope': 'all', 'project_id': None, 'project_domain_id': None, 'roles': ['admin', 'manager', 'member', 'reader'], 'is_admin_project': True, 'service_user_id': None, 'service_user_domain_id': None, 'service_project_id': None, 'service_project_domain_id': None, 'service_roles': []} {{(pid=81743) fill_context /opt/stack/keystone/keystone/server/flask/request_processing/middleware/auth_context.py:509}}
Feb 13 10:14:23 ubuntu devstack@keystone.service[81743]: DEBUG keystone.server.flask.request_processing.req_logging [None req-d5cf6baf-adf8-47e2-a5dd-39d11da1de49 None admin] REQUEST_METHOD: `GET` {{(pid=81743) log_request_info /opt/stack/keystone/keystone/server/flask/request_processing/req_logging.py:26}}
Feb 13 10:14:23 ubuntu devstack@keystone.service[81743]: DEBUG keystone.server.flask.request_processing.req_logging [None req-d5cf6baf-adf8-47e2-a5dd-39d11da1de49 None admin] SCRIPT_NAME: `/identity` {{(pid=81743) log_request_info /opt/stack/keystone/keystone/server/flask/request_processing/req_logging.py:27}}
Feb 13 10:14:23 ubuntu devstack@keystone.service[81743]: DEBUG keystone.server.flask.request_processing.req_logging [None req-d5cf6baf-adf8-47e2-a5dd-39d11da1de49 None admin] PATH_INFO: `/v3/roles/admin` {{(pid=81743) log_request_info /opt/stack/keystone/keystone/server/flask/request_processing/req_logging.py:28}}
Feb 13 10:14:23 ubuntu devstack@keystone.service[81743]: DEBUG keystone.common.rbac_enforcer.enforcer [None req-d5cf6baf-adf8-47e2-a5dd-39d11da1de49 None admin] Extracting inferred target data resulted in "NOT FOUND (404)". {{(pid=81743) enforce_call /opt/stack/keystone/keystone/common/rbac_enforcer/enforcer.py:445}}
Feb 13 10:14:23 ubuntu devstack@keystone.service[81743]: DEBUG keystone.server.flask.application [None req-d5cf6baf-adf8-47e2-a5dd-39d11da1de49 None admin] Could not find role: admin. {{(pid=81743) _handle_keystone_exception /opt/stack/keystone/keystone/server/flask/application.py:146}}
Feb 13 10:14:23 ubuntu devstack@keystone.service[81743]: [pid: 81743|app: 0|req: 8/14] 10.201.5.82 () {56 vars in 1132 bytes} [Fri Feb 13 10:14:23 2026] GET /identity/v3/roles/admin => generated 83 bytes in 101 msecs (HTTP/1.1 404) 5 headers in 183 bytes (1 switches on core 0)
Feb 13 10:14:23 ubuntu devstack@keystone.service[81744]: DEBUG keystone.server.flask.request_processing.middleware.auth_context [None req-cb283a6c-06b6-4648-8ead-7762ea334962 None None] Authenticating user token {{(pid=81744) process_request /opt/stack/data/venv/lib/python3.10/site-packages/keystonemiddleware/auth_token/__init__.py:407}}
Feb 13 10:14:23 ubuntu devstack@keystone.service[81743]: DEBUG keystone.server.flask.request_processing.middleware.auth_context [None req-d5cf6baf-adf8-47e2-a5dd-39d11da1de49 None admin] Authenticating user token {{(pid=81743) process_request /opt/stack/data/venv/lib/python3.10/site-packages/keystonemiddleware/auth_token/__init__.py:407}}
Feb 13 10:14:23 ubuntu devstack@keystone.service[81744]: DEBUG keystone.server.flask.request_processing.middleware.auth_context [None req-cb283a6c-06b6-4648-8ead-7762ea334962 None None] Validating token access rules against request {{(pid=81744) validate_allowed_request /opt/stack/data/venv/lib/python3.10/site-packages/keystonemiddleware/auth_token/__init__.py:545}}
Feb 13 10:14:23 ubuntu devstack@keystone.service[81744]: DEBUG keystone.server.flask.request_processing.middleware.auth_context [None req-bb554d42-b3c2-4f7d-9ffe-9bced2d12d0b None admin] RBAC: auth_context: {'token': <TokenModel (audit_id=LPYH_OHMS5SWnIufJC8_Fg, audit_chain_id=['LPYH_OHMS5SWnIufJC8_Fg']) at 0x7f9f4efec040>, 'domain_id': None, 'trust_id': None, 'trustor_id': None, 'trustee_id': None, 'domain_name': None, 'group_ids': [], 'user_id': 'a1bbc864f58f45ed988565e0488789f3', 'user_domain_id': 'default', 'system_scope': 'all', 'project_id': None, 'project_domain_id': None, 'roles': ['admin', 'manager', 'member', 'reader'], 'is_admin_project': True, 'service_user_id': None, 'service_user_domain_id': None, 'service_project_id': None, 'service_project_domain_id': None, 'service_roles': []} {{(pid=81744) fill_context /opt/stack/keystone/keystone/server/flask/request_processing/middleware/auth_context.py:509}}
Feb 13 10:14:23 ubuntu devstack@keystone.service[81744]: DEBUG keystone.server.flask.request_processing.req_logging [None req-bb554d42-b3c2-4f7d-9ffe-9bced2d12d0b None admin] REQUEST_METHOD: `GET` {{(pid=81744) log_request_info /opt/stack/keystone/keystone/server/flask/request_processing/req_logging.py:26}}
Feb 13 10:14:23 ubuntu devstack@keystone.service[81744]: DEBUG keystone.server.flask.request_processing.req_logging [None req-bb554d42-b3c2-4f7d-9ffe-9bced2d12d0b None admin] SCRIPT_NAME: `/identity` {{(pid=81744) log_request_info /opt/stack/keystone/keystone/server/flask/request_processing/req_logging.py:27}}
Feb 13 10:14:23 ubuntu devstack@keystone.service[81744]: DEBUG keystone.server.flask.request_processing.req_logging [None req-bb554d42-b3c2-4f7d-9ffe-9bced2d12d0b None admin] PATH_INFO: `/v3/roles` {{(pid=81744) log_request_info /opt/stack/keystone/keystone/server/flask/request_processing/req_logging.py:28}}
Feb 13 10:14:23 ubuntu devstack@keystone.service[81744]: DEBUG keystone.common.rbac_enforcer.enforcer [None req-bb554d42-b3c2-4f7d-9ffe-9bced2d12d0b None admin] RBAC: Adding query filter params (name=admin) {{(pid=81744) _extract_filter_values /opt/stack/keystone/keystone/common/rbac_enforcer/enforcer.py:176}}
Feb 13 10:14:23 ubuntu devstack@keystone.service[81744]: DEBUG keystone.common.rbac_enforcer.enforcer [None req-bb554d42-b3c2-4f7d-9ffe-9bced2d12d0b None admin] RBAC: Authorizing `identity:list_roles()` {{(pid=81744) enforce_call /opt/stack/keystone/keystone/common/rbac_enforcer/enforcer.py:494}}
Feb 13 10:14:23 ubuntu devstack@keystone.service[81744]: DEBUG keystone.common.rbac_enforcer.enforcer [None req-bb554d42-b3c2-4f7d-9ffe-9bced2d12d0b None admin] RBAC: Authorization granted {{(pid=81744) enforce_call /opt/stack/keystone/keystone/common/rbac_enforcer/enforcer.py:505}}
Feb 13 10:14:23 ubuntu devstack@keystone.service[81744]: [pid: 81744|app: 0|req: 7/15] 10.201.5.82 () {56 vars in 1148 bytes} [Fri Feb 13 10:14:23 2026] GET /identity/v3/roles?name=admin => generated 339 bytes in 70 msecs (HTTP/1.1 200) 5 headers in 177 bytes (1 switches on core 0)
Feb 13 10:14:23 ubuntu devstack@keystone.service[81744]: DEBUG keystone.server.flask.request_processing.middleware.auth_context [None req-bb554d42-b3c2-4f7d-9ffe-9bced2d12d0b None admin] Authenticating user token {{(pid=81744) process_request /opt/stack/data/venv/lib/python3.10/site-packages/keystonemiddleware/auth_token/__init__.py:407}}
Feb 13 10:14:23 ubuntu devstack@keystone.service[81743]: DEBUG keystone.server.flask.request_processing.middleware.auth_context [None req-d5cf6baf-adf8-47e2-a5dd-39d11da1de49 None admin] Validating token access rules against request {{(pid=81743) validate_allowed_request /opt/stack/data/venv/lib/python3.10/site-packages/keystonemiddleware/auth_token/__init__.py:545}}
Feb 13 10:14:23 ubuntu devstack@keystone.service[81743]: DEBUG keystone.server.flask.request_processing.middleware.auth_context [None req-102e7ad9-95f9-431f-88a3-a8be8ebfe1dd None admin] RBAC: auth_context: {'token': <TokenModel (audit_id=lKFH-45eS9S_MKm9wnrUcQ, audit_chain_id=['lKFH-45eS9S_MKm9wnrUcQ']) at 0x7f9f4f15b160>, 'domain_id': None, 'trust_id': None, 'trustor_id': None, 'trustee_id': None, 'domain_name': None, 'group_ids': [], 'user_id': 'a1bbc864f58f45ed988565e0488789f3', 'user_domain_id': 'default', 'system_scope': 'all', 'project_id': None, 'project_domain_id': None, 'roles': ['admin', 'manager', 'member', 'reader'], 'is_admin_project': True, 'service_user_id': None, 'service_user_domain_id': None, 'service_project_id': None, 'service_project_domain_id': None, 'service_roles': []} {{(pid=81743) fill_context /opt/stack/keystone/keystone/server/flask/request_processing/middleware/auth_context.py:509}}
