Jan 07 10:44:29 ubuntu devstack@keystone.service[68828]: ERROR keystone.server.flask.application   File "/opt/stack/data/venv/lib/python3.10/site-packages/sqlalchemy/orm/session.py", line 4352, in flush
Jan 07 10:44:29 ubuntu devstack@keystone.service[68828]: ERROR keystone.server.flask.application     self._flush(objects)
Jan 07 10:44:29 ubuntu devstack@keystone.service[68828]: ERROR keystone.server.flask.application   File "/opt/stack/data/venv/lib/python3.10/site-packages/sqlalchemy/orm/session.py", line 4487, in _flush
Jan 07 10:44:29 ubuntu devstack@keystone.service[68828]: ERROR keystone.server.flask.application     with util.safe_reraise():
Jan 07 10:44:29 ubuntu devstack@keystone.service[68828]: ERROR keystone.server.flask.application   File "/opt/stack/data/venv/lib/python3.10/site-packages/sqlalchemy/util/langhelpers.py", line 146, in __exit__
Jan 07 10:44:29 ubuntu devstack@keystone.service[68828]: ERROR keystone.server.flask.application     raise exc_value.with_traceback(exc_tb)
Jan 07 10:44:29 ubuntu devstack@keystone.service[68828]: ERROR keystone.server.flask.application   File "/opt/stack/data/venv/lib/python3.10/site-packages/sqlalchemy/orm/session.py", line 4448, in _flush
Jan 07 10:44:29 ubuntu devstack@keystone.service[68828]: ERROR keystone.server.flask.application     flush_context.execute()
Jan 07 10:44:29 ubuntu devstack@keystone.service[68828]: ERROR keystone.server.flask.application   File "/opt/stack/data/venv/lib/python3.10/site-packages/sqlalchemy/orm/unitofwork.py", line 466, in execute
Jan 07 10:44:29 ubuntu devstack@keystone.service[68828]: ERROR keystone.server.flask.application     rec.execute(self)
Jan 07 10:44:29 ubuntu devstack@keystone.service[68828]: ERROR keystone.server.flask.application   File "/opt/stack/data/venv/lib/python3.10/site-packages/sqlalchemy/orm/unitofwork.py", line 642, in execute
Jan 07 10:44:29 ubuntu devstack@keystone.service[68828]: ERROR keystone.server.flask.application     util.preloaded.orm_persistence.save_obj(
Jan 07 10:44:29 ubuntu devstack@keystone.service[68828]: ERROR keystone.server.flask.application   File "/opt/stack/data/venv/lib/python3.10/site-packages/sqlalchemy/orm/persistence.py", line 93, in save_obj
Jan 07 10:44:29 ubuntu devstack@keystone.service[68828]: ERROR keystone.server.flask.application     _emit_insert_statements(
Jan 07 10:44:29 ubuntu devstack@keystone.service[68828]: ERROR keystone.server.flask.application   File "/opt/stack/data/venv/lib/python3.10/site-packages/sqlalchemy/orm/persistence.py", line 1048, in _emit_insert_statements
Jan 07 10:44:29 ubuntu devstack@keystone.service[68828]: ERROR keystone.server.flask.application     result = connection.execute(
Jan 07 10:44:29 ubuntu devstack@keystone.service[68828]: ERROR keystone.server.flask.application   File "/opt/stack/data/venv/lib/python3.10/site-packages/sqlalchemy/engine/base.py", line 1418, in execute
Jan 07 10:44:29 ubuntu devstack@keystone.service[68828]: ERROR keystone.server.flask.application     return meth(
Jan 07 10:44:29 ubuntu devstack@keystone.service[68828]: ERROR keystone.server.flask.application   File "/opt/stack/data/venv/lib/python3.10/site-packages/sqlalchemy/sql/elements.py", line 515, in _execute_on_connection
Jan 07 10:44:29 ubuntu devstack@keystone.service[68828]: ERROR keystone.server.flask.application     return connection._execute_clauseelement(
Jan 07 10:44:29 ubuntu devstack@keystone.service[68828]: ERROR keystone.server.flask.application   File "/opt/stack/data/venv/lib/python3.10/site-packages/sqlalchemy/engine/base.py", line 1640, in _execute_clauseelement
Jan 07 10:44:29 ubuntu devstack@keystone.service[68828]: ERROR keystone.server.flask.application     ret = self._execute_context(
Jan 07 10:44:29 ubuntu devstack@keystone.service[68828]: ERROR keystone.server.flask.application   File "/opt/stack/data/venv/lib/python3.10/site-packages/sqlalchemy/engine/base.py", line 1846, in _execute_context
Jan 07 10:44:29 ubuntu devstack@keystone.service[68828]: ERROR keystone.server.flask.application     return self._exec_single_context(
Jan 07 10:44:29 ubuntu devstack@keystone.service[68828]: ERROR keystone.server.flask.application   File "/opt/stack/data/venv/lib/python3.10/site-packages/sqlalchemy/engine/base.py", line 1986, in _exec_single_context
Jan 07 10:44:29 ubuntu devstack@keystone.service[68828]: ERROR keystone.server.flask.application     self._handle_dbapi_exception(
Jan 07 10:44:29 ubuntu devstack@keystone.service[68828]: ERROR keystone.server.flask.application   File "/opt/stack/data/venv/lib/python3.10/site-packages/sqlalchemy/engine/base.py", line 2352, in _handle_dbapi_exception
Jan 07 10:44:29 ubuntu devstack@keystone.service[68828]: ERROR keystone.server.flask.application     raise newraise.with_traceback(exc_info[2]) from e
Jan 07 10:44:29 ubuntu devstack@keystone.service[68828]: ERROR keystone.server.flask.application   File "/opt/stack/data/venv/lib/python3.10/site-packages/sqlalchemy/engine/base.py", line 1967, in _exec_single_context
Jan 07 10:44:29 ubuntu devstack@keystone.service[68828]: ERROR keystone.server.flask.application     self.dialect.do_execute(
Jan 07 10:44:29 ubuntu devstack@keystone.service[68828]: ERROR keystone.server.flask.application   File "/opt/stack/data/venv/lib/python3.10/site-packages/sqlalchemy/engine/default.py", line 941, in do_execute
Jan 07 10:44:29 ubuntu devstack@keystone.service[68828]: ERROR keystone.server.flask.application     cursor.execute(statement, parameters)
Jan 07 10:44:29 ubuntu devstack@keystone.service[68828]: ERROR keystone.server.flask.application   File "/opt/stack/data/venv/lib/python3.10/site-packages/pymysql/cursors.py", line 153, in execute
Jan 07 10:44:29 ubuntu devstack@keystone.service[68828]: ERROR keystone.server.flask.application     result = self._query(query)
Jan 07 10:44:29 ubuntu devstack@keystone.service[68828]: ERROR keystone.server.flask.application   File "/opt/stack/data/venv/lib/python3.10/site-packages/pymysql/cursors.py", line 322, in _query
Jan 07 10:44:29 ubuntu devstack@keystone.service[68828]: ERROR keystone.server.flask.application     conn.query(q)
Jan 07 10:44:29 ubuntu devstack@keystone.service[68828]: ERROR keystone.server.flask.application   File "/opt/stack/data/venv/lib/python3.10/site-packages/pymysql/connections.py", line 563, in query
Jan 07 10:44:29 ubuntu devstack@keystone.service[68828]: ERROR keystone.server.flask.application     self._affected_rows = self._read_query_result(unbuffered=unbuffered)
Jan 07 10:44:29 ubuntu devstack@keystone.service[68828]: ERROR keystone.server.flask.application   File "/opt/stack/data/venv/lib/python3.10/site-packages/pymysql/connections.py", line 825, in _read_query_result
Jan 07 10:44:29 ubuntu devstack@keystone.service[68828]: ERROR keystone.server.flask.application     result.read()
Jan 07 10:44:29 ubuntu devstack@keystone.service[68828]: ERROR keystone.server.flask.application   File "/opt/stack/data/venv/lib/python3.10/site-packages/pymysql/connections.py", line 1199, in read
Jan 07 10:44:29 ubuntu devstack@keystone.service[68828]: ERROR keystone.server.flask.application     first_packet = self.connection._read_packet()
Jan 07 10:44:29 ubuntu devstack@keystone.service[68828]: ERROR keystone.server.flask.application   File "/opt/stack/data/venv/lib/python3.10/site-packages/pymysql/connections.py", line 775, in _read_packet
Jan 07 10:44:29 ubuntu devstack@keystone.service[68828]: ERROR keystone.server.flask.application     packet.raise_for_error()
Jan 07 10:44:29 ubuntu devstack@keystone.service[68828]: ERROR keystone.server.flask.application   File "/opt/stack/data/venv/lib/python3.10/site-packages/pymysql/protocol.py", line 219, in raise_for_error
Jan 07 10:44:29 ubuntu devstack@keystone.service[68828]: ERROR keystone.server.flask.application     err.raise_mysql_exception(self._data)
Jan 07 10:44:29 ubuntu devstack@keystone.service[68828]: ERROR keystone.server.flask.application   File "/opt/stack/data/venv/lib/python3.10/site-packages/pymysql/err.py", line 150, in raise_mysql_exception
Jan 07 10:44:29 ubuntu devstack@keystone.service[68828]: ERROR keystone.server.flask.application     raise errorclass(errno, errval)
Jan 07 10:44:29 ubuntu devstack@keystone.service[68828]: ERROR keystone.server.flask.application oslo_db.exception.DBDuplicateEntry: (pymysql.err.IntegrityError) (1062, "Duplicate entry '<<keystone.domain.root>>-Default' for key 'project.ixu_project_name_domain_id'")
Jan 07 10:44:29 ubuntu devstack@keystone.service[68828]: ERROR keystone.server.flask.application [SQL: INSERT INTO project (id, name, domain_id, description, enabled, extra, parent_id, is_domain) VALUES (%(id)s, %(name)s, %(domain_id)s, %(description)s, %(enabled)s, %(extra)s, %(parent_id)s, %(is_domain)s)]
Jan 07 10:44:29 ubuntu devstack@keystone.service[68828]: ERROR keystone.server.flask.application [parameters: {'id': '0c5c656204124830af914907c6257cfc', 'name': 'Default', 'domain_id': '<<keystone.domain.root>>', 'description': '', 'enabled': 1, 'extra': '{}', 'parent_id': None, 'is_domain': 1}]
Jan 07 10:44:29 ubuntu devstack@keystone.service[68828]: ERROR keystone.server.flask.application (Background on this error at: https://sqlalche.me/e/20/gkpj)
Jan 07 10:44:29 ubuntu devstack@keystone.service[68828]: ERROR keystone.server.flask.application 
Jan 07 10:44:29 ubuntu devstack@keystone.service[68828]: ERROR keystone.server.flask.application During handling of the above exception, another exception occurred:
Jan 07 10:44:29 ubuntu devstack@keystone.service[68828]: ERROR keystone.server.flask.application 
Jan 07 10:44:29 ubuntu devstack@keystone.service[68828]: ERROR keystone.server.flask.application Traceback (most recent call last):
Jan 07 10:44:29 ubuntu devstack@keystone.service[68828]: ERROR keystone.server.flask.application   File "/opt/stack/keystone/keystone/resource/core.py", line 250, in create_project
Jan 07 10:44:29 ubuntu devstack@keystone.service[68828]: ERROR keystone.server.flask.application     ret = self.driver.create_project(project_id, project)
Jan 07 10:44:29 ubuntu devstack@keystone.service[68828]: ERROR keystone.server.flask.application   File "/opt/stack/keystone/keystone/common/sql/core.py", line 614, in wrapper
Jan 07 10:44:29 ubuntu devstack@keystone.service[68828]: ERROR keystone.server.flask.application     raise exception.Conflict(type=conflict_type, details=msg)
Jan 07 10:44:29 ubuntu devstack@keystone.service[68828]: ERROR keystone.server.flask.application keystone.exception.Conflict: Conflict occurred attempting to store project - Duplicate entry found with name Default.
Jan 07 10:44:29 ubuntu devstack@keystone.service[68828]: ERROR keystone.server.flask.application 
Jan 07 10:44:29 ubuntu devstack@keystone.service[68828]: ERROR keystone.server.flask.application During handling of the above exception, another exception occurred:
Jan 07 10:44:29 ubuntu devstack@keystone.service[68828]: ERROR keystone.server.flask.application 
Jan 07 10:44:29 ubuntu devstack@keystone.service[68828]: ERROR keystone.server.flask.application Traceback (most recent call last):
Jan 07 10:44:29 ubuntu devstack@keystone.service[68828]: ERROR keystone.server.flask.application   File "/opt/stack/data/venv/lib/python3.10/site-packages/flask/app.py", line 917, in full_dispatch_request
Jan 07 10:44:29 ubuntu devstack@keystone.service[68828]: ERROR keystone.server.flask.application     rv = self.dispatch_request()
Jan 07 10:44:29 ubuntu devstack@keystone.service[68828]: ERROR keystone.server.flask.application   File "/opt/stack/data/venv/lib/python3.10/site-packages/flask/app.py", line 902, in dispatch_request
Jan 07 10:44:29 ubuntu devstack@keystone.service[68828]: ERROR keystone.server.flask.application     return self.ensure_sync(self.view_functions[rule.endpoint])(**view_args)  # type: ignore[no-any-return]
Jan 07 10:44:29 ubuntu devstack@keystone.service[68828]: ERROR keystone.server.flask.application   File "/opt/stack/data/venv/lib/python3.10/site-packages/flask_restful/__init__.py", line 489, in wrapper
Jan 07 10:44:29 ubuntu devstack@keystone.service[68828]: ERROR keystone.server.flask.application     resp = resource(*args, **kwargs)
Jan 07 10:44:29 ubuntu devstack@keystone.service[68828]: ERROR keystone.server.flask.application   File "/opt/stack/data/venv/lib/python3.10/site-packages/flask/views.py", line 110, in view
Jan 07 10:44:29 ubuntu devstack@keystone.service[68828]: ERROR keystone.server.flask.application     return current_app.ensure_sync(self.dispatch_request)(**kwargs)  # type: ignore[no-any-return]
Jan 07 10:44:29 ubuntu devstack@keystone.service[68828]: ERROR keystone.server.flask.application   File "/opt/stack/data/venv/lib/python3.10/site-packages/flask_restful/__init__.py", line 604, in dispatch_request
Jan 07 10:44:29 ubuntu devstack@keystone.service[68828]: ERROR keystone.server.flask.application     resp = meth(*args, **kwargs)
Jan 07 10:44:29 ubuntu devstack@keystone.service[68828]: ERROR keystone.server.flask.application   File "/opt/stack/keystone/keystone/api/validation/__init__.py", line 80, in wrapper
Jan 07 10:44:29 ubuntu devstack@keystone.service[68828]: ERROR keystone.server.flask.application     return func(*args, **kwargs)
Jan 07 10:44:29 ubuntu devstack@keystone.service[68828]: ERROR keystone.server.flask.application   File "/opt/stack/keystone/keystone/api/validation/__init__.py", line 139, in wrapper
Jan 07 10:44:29 ubuntu devstack@keystone.service[68828]: ERROR keystone.server.flask.application     response = func(*args, **kwargs)
Jan 07 10:44:29 ubuntu devstack@keystone.service[68828]: ERROR keystone.server.flask.application   File "/opt/stack/keystone/keystone/api/domains.py", line 181, in post
Jan 07 10:44:29 ubuntu devstack@keystone.service[68828]: ERROR keystone.server.flask.application     ref = PROVIDERS.resource_api.create_domain(
Jan 07 10:44:29 ubuntu devstack@keystone.service[68828]: ERROR keystone.server.flask.application   File "/opt/stack/keystone/keystone/common/manager.py", line 114, in wrapped
Jan 07 10:44:29 ubuntu devstack@keystone.service[68828]: ERROR keystone.server.flask.application     __ret_val = __f(*args, **kwargs)
Jan 07 10:44:29 ubuntu devstack@keystone.service[68828]: ERROR keystone.server.flask.application   File "/opt/stack/keystone/keystone/resource/core.py", line 867, in create_domain
Jan 07 10:44:29 ubuntu devstack@keystone.service[68828]: ERROR keystone.server.flask.application     is_domain_project = self.create_project(
Jan 07 10:44:29 ubuntu devstack@keystone.service[68828]: ERROR keystone.server.flask.application   File "/opt/stack/keystone/keystone/common/manager.py", line 114, in wrapped
Jan 07 10:44:29 ubuntu devstack@keystone.service[68828]: ERROR keystone.server.flask.application     __ret_val = __f(*args, **kwargs)
Jan 07 10:44:29 ubuntu devstack@keystone.service[68828]: ERROR keystone.server.flask.application   File "/opt/stack/keystone/keystone/resource/core.py", line 252, in create_project
Jan 07 10:44:29 ubuntu devstack@keystone.service[68828]: ERROR keystone.server.flask.application     raise exception.Conflict(
Jan 07 10:44:29 ubuntu devstack@keystone.service[68828]: ERROR keystone.server.flask.application keystone.exception.Conflict: Conflict occurred attempting to store project - it is not permitted to have two projects acting as domains with the same name: Default.
Jan 07 10:44:29 ubuntu devstack@keystone.service[68828]: ERROR keystone.server.flask.application 
Jan 07 10:44:29 ubuntu devstack@keystone.service[68828]: [pid: 68828|app: 0|req: 9/15] 10.201.5.82 () {60 vars in 1129 bytes} [Tue Jan  7 10:44:29 2025] POST /identity/v3/domains => generated 190 bytes in 71 msecs (HTTP/1.1 409) 5 headers in 183 bytes (2 switches on core 0)
Jan 07 10:44:29 ubuntu devstack@keystone.service[68828]: DEBUG keystone.server.flask.request_processing.middleware.auth_context [None req-e5452575-9273-47c6-b68c-d93147b0dfb2 None admin] Authenticating user token {{(pid=68828) process_request /opt/stack/data/venv/lib/python3.10/site-packages/keystonemiddleware/auth_token/__init__.py:406}}
Jan 07 10:44:29 ubuntu devstack@keystone.service[68829]: DEBUG keystone.server.flask.request_processing.middleware.auth_context [None req-6f4e7e84-8775-431d-9d8d-7c2d954b536e None admin] RBAC: auth_context: {'token': <TokenModel (audit_id=EOrAkV1zTnSIMVkRxuw6Jw, audit_chain_id=['EOrAkV1zTnSIMVkRxuw6Jw']) at 0x7f424ea64250>, 'domain_id': None, 'trust_id': None, 'trustor_id': None, 'trustee_id': None, 'domain_name': None, 'group_ids': [], 'user_id': '65d6a5bb15044ce5b9e661057c18e8c3', 'user_domain_id': 'default', 'system_scope': 'all', 'project_id': None, 'project_domain_id': None, 'roles': ['admin', 'manager', 'member', 'reader'], 'is_admin_project': True, 'service_user_id': None, 'service_user_domain_id': None, 'service_project_id': None, 'service_project_domain_id': None, 'service_roles': []} {{(pid=68829) fill_context /opt/stack/keystone/keystone/server/flask/request_processing/middleware/auth_context.py:506}}
Jan 07 10:44:29 ubuntu devstack@keystone.service[68829]: DEBUG keystone.server.flask.request_processing.req_logging [None req-6f4e7e84-8775-431d-9d8d-7c2d954b536e None admin] REQUEST_METHOD: `GET` {{(pid=68829) log_request_info /opt/stack/keystone/keystone/server/flask/request_processing/req_logging.py:26}}
Jan 07 10:44:29 ubuntu devstack@keystone.service[68829]: DEBUG keystone.server.flask.request_processing.req_logging [None req-6f4e7e84-8775-431d-9d8d-7c2d954b536e None admin] SCRIPT_NAME: `/identity` {{(pid=68829) log_request_info /opt/stack/keystone/keystone/server/flask/request_processing/req_logging.py:27}}
Jan 07 10:44:29 ubuntu devstack@keystone.service[68829]: DEBUG keystone.server.flask.request_processing.req_logging [None req-6f4e7e84-8775-431d-9d8d-7c2d954b536e None admin] PATH_INFO: `/v3/roles` {{(pid=68829) log_request_info /opt/stack/keystone/keystone/server/flask/request_processing/req_logging.py:28}}
Jan 07 10:44:29 ubuntu devstack@keystone.service[68829]: DEBUG keystone.common.rbac_enforcer.enforcer [None req-6f4e7e84-8775-431d-9d8d-7c2d954b536e None admin] RBAC: Adding query filter params (name=admin) {{(pid=68829) _extract_filter_values /opt/stack/keystone/keystone/common/rbac_enforcer/enforcer.py:176}}
Jan 07 10:44:29 ubuntu devstack@keystone.service[68829]: DEBUG keystone.common.rbac_enforcer.enforcer [None req-6f4e7e84-8775-431d-9d8d-7c2d954b536e None admin] RBAC: Authorizing `identity:list_roles()` {{(pid=68829) enforce_call /opt/stack/keystone/keystone/common/rbac_enforcer/enforcer.py:495}}
Jan 07 10:44:29 ubuntu devstack@keystone.service[68829]: DEBUG keystone.common.rbac_enforcer.enforcer [None req-6f4e7e84-8775-431d-9d8d-7c2d954b536e None admin] RBAC: Authorization granted {{(pid=68829) enforce_call /opt/stack/keystone/keystone/common/rbac_enforcer/enforcer.py:506}}
Jan 07 10:44:29 ubuntu devstack@keystone.service[68829]: [pid: 68829|app: 0|req: 7/16] 10.201.5.82 () {56 vars in 1091 bytes} [Tue Jan  7 10:44:29 2025] GET /identity/v3/roles?name=admin => generated 339 bytes in 57 msecs (HTTP/1.1 200) 5 headers in 177 bytes (2 switches on core 0)
Jan 07 10:44:29 ubuntu devstack@keystone.service[68829]: DEBUG keystone.server.flask.request_processing.middleware.auth_context [None req-6f4e7e84-8775-431d-9d8d-7c2d954b536e None admin] Authenticating user token {{(pid=68829) process_request /opt/stack/data/venv/lib/python3.10/site-packages/keystonemiddleware/auth_token/__init__.py:406}}
Jan 07 10:44:29 ubuntu devstack@keystone.service[68828]: DEBUG keystone.server.flask.request_processing.middleware.auth_context [None req-e5452575-9273-47c6-b68c-d93147b0dfb2 None admin] Validating token access rules against request {{(pid=68828) validate_allowed_request /opt/stack/data/venv/lib/python3.10/site-packages/keystonemiddleware/auth_token/__init__.py:544}}
Jan 07 10:44:29 ubuntu devstack@keystone.service[68829]: DEBUG keystone.server.flask.request_processing.middleware.auth_context [None req-6f4e7e84-8775-431d-9d8d-7c2d954b536e None admin] Validating token access rules against request {{(pid=68829) validate_allowed_request /opt/stack/data/venv/lib/python3.10/site-packages/keystonemiddleware/auth_token/__init__.py:544}}
Jan 07 10:44:29 ubuntu devstack@keystone.service[68828]: DEBUG keystone.server.flask.request_processing.middleware.auth_context [None req-0ced13cb-d506-4285-8718-c6fd2d0b5e34 None admin] RBAC: auth_context: {'token': <TokenModel (audit_id=eqvVbk5LSHm8MjgbNIvNSw, audit_chain_id=['eqvVbk5LSHm8MjgbNIvNSw']) at 0x7f424ed1fdc0>, 'domain_id': None, 'trust_id': None, 'trustor_id': None, 'trustee_id': None, 'domain_name': None, 'group_ids': [], 'user_id': '65d6a5bb15044ce5b9e661057c18e8c3', 'user_domain_id': 'default', 'system_scope': 'all', 'project_id': None, 'project_domain_id': None, 'roles': ['admin', 'manager', 'member', 'reader'], 'is_admin_project': True, 'service_user_id': None, 'service_user_domain_id': None, 'service_project_id': None, 'service_project_domain_id': None, 'service_roles': []} {{(pid=68828) fill_context /opt/stack/keystone/keystone/server/flask/request_processing/middleware/auth_context.py:506}}
Jan 07 10:44:29 ubuntu devstack@keystone.service[68828]: DEBUG keystone.server.flask.request_processing.req_logging [None req-0ced13cb-d506-4285-8718-c6fd2d0b5e34 None admin] REQUEST_METHOD: `GET` {{(pid=68828) log_request_info /opt/stack/keystone/keystone/server/flask/request_processing/req_logging.py:26}}
Jan 07 10:44:29 ubuntu devstack@keystone.service[68828]: DEBUG keystone.server.flask.request_processing.req_logging [None req-0ced13cb-d506-4285-8718-c6fd2d0b5e34 None admin] SCRIPT_NAME: `/identity` {{(pid=68828) log_request_info /opt/stack/keystone/keystone/server/flask/request_processing/req_logging.py:27}}
Jan 07 10:44:29 ubuntu devstack@keystone.service[68828]: DEBUG keystone.server.flask.request_processing.req_logging [None req-0ced13cb-d506-4285-8718-c6fd2d0b5e34 None admin] PATH_INFO: `/v3/domains/Default` {{(pid=68828) log_request_info /opt/stack/keystone/keystone/server/flask/request_processing/req_logging.py:28}}
Jan 07 10:44:29 ubuntu devstack@keystone.service[68828]: DEBUG keystone.common.rbac_enforcer.enforcer [None req-0ced13cb-d506-4285-8718-c6fd2d0b5e34 None admin] RBAC: Authorizing `identity:get_domain(domain_id=Default)` {{(pid=68828) enforce_call /opt/stack/keystone/keystone/common/rbac_enforcer/enforcer.py:495}}
Jan 07 10:44:29 ubuntu devstack@keystone.service[68828]: DEBUG keystone.common.rbac_enforcer.enforcer [None req-0ced13cb-d506-4285-8718-c6fd2d0b5e34 None admin] RBAC: Authorization granted {{(pid=68828) enforce_call /opt/stack/keystone/keystone/common/rbac_enforcer/enforcer.py:506}}
Jan 07 10:44:29 ubuntu devstack@keystone.service[68829]: DEBUG keystone.server.flask.request_processing.middleware.auth_context [None req-8e02780b-25a3-422c-9095-d0bf7fad52b9 None admin] RBAC: auth_context: {'token': <TokenModel (audit_id=EOrAkV1zTnSIMVkRxuw6Jw, audit_chain_id=['EOrAkV1zTnSIMVkRxuw6Jw']) at 0x7f424ea662c0>, 'domain_id': None, 'trust_id': None, 'trustor_id': None, 'trustee_id': None, 'domain_name': None, 'group_ids': [], 'user_id': '65d6a5bb15044ce5b9e661057c18e8c3', 'user_domain_id': 'default', 'system_scope': 'all', 'project_id': None, 'project_domain_id': None, 'roles': ['admin', 'manager', 'member', 'reader'], 'is_admin_project': True, 'service_user_id': None, 'service_user_domain_id': None, 'service_project_id': None, 'service_project_domain_id': None, 'service_roles': []} {{(pid=68829) fill_context /opt/stack/keystone/keystone/server/flask/request_processing/middleware/auth_context.py:506}}
Jan 07 10:44:29 ubuntu devstack@keystone.service[68829]: DEBUG keystone.server.flask.request_processing.req_logging [None req-8e02780b-25a3-422c-9095-d0bf7fad52b9 None admin] REQUEST_METHOD: `GET` {{(pid=68829) log_request_info /opt/stack/keystone/keystone/server/flask/request_processing/req_logging.py:26}}
Jan 07 10:44:29 ubuntu devstack@keystone.service[68829]: DEBUG keystone.server.flask.request_processing.req_logging [None req-8e02780b-25a3-422c-9095-d0bf7fad52b9 None admin] SCRIPT_NAME: `/identity` {{(pid=68829) log_request_info /opt/stack/keystone/keystone/server/flask/request_processing/req_logging.py:27}}
Jan 07 10:44:29 ubuntu devstack@keystone.service[68829]: DEBUG keystone.server.flask.request_processing.req_logging [None req-8e02780b-25a3-422c-9095-d0bf7fad52b9 None admin] PATH_INFO: `/v3/users/65d6a5bb15044ce5b9e661057c18e8c3` {{(pid=68829) log_request_info /opt/stack/keystone/keystone/server/flask/request_processing/req_logging.py:28}}
Jan 07 10:44:29 ubuntu devstack@keystone.service[68828]: DEBUG keystone.server.flask.application [None req-0ced13cb-d506-4285-8718-c6fd2d0b5e34 None admin] Could not find domain: Default. {{(pid=68828) _handle_keystone_exception /opt/stack/keystone/keystone/server/flask/application.py:152}}
Jan 07 10:44:29 ubuntu devstack@keystone.service[68829]: DEBUG keystone.common.rbac_enforcer.enforcer [None req-8e02780b-25a3-422c-9095-d0bf7fad52b9 None admin] RBAC: Authorizing `identity:get_user(user_id=65d6a5bb15044ce5b9e661057c18e8c3)` {{(pid=68829) enforce_call /opt/stack/keystone/keystone/common/rbac_enforcer/enforcer.py:495}}
Jan 07 10:44:29 ubuntu devstack@keystone.service[68828]: [pid: 68828|app: 0|req: 10/17] 10.201.5.82 () {56 vars in 1100 bytes} [Tue Jan  7 10:44:29 2025] GET /identity/v3/domains/Default => generated 87 bytes in 64 msecs (HTTP/1.1 404) 5 headers in 183 bytes (1 switches on core 0)
Jan 07 10:44:29 ubuntu devstack@keystone.service[68829]: DEBUG keystone.common.rbac_enforcer.enforcer [None req-8e02780b-25a3-422c-9095-d0bf7fad52b9 None admin] RBAC: Authorization granted {{(pid=68829) enforce_call /opt/stack/keystone/keystone/common/rbac_enforcer/enforcer.py:506}}
Jan 07 10:44:29 ubuntu devstack@keystone.service[68829]: [pid: 68829|app: 0|req: 8/18] 10.201.5.82 () {56 vars in 1169 bytes} [Tue Jan  7 10:44:29 2025] GET /identity/v3/users/65d6a5bb15044ce5b9e661057c18e8c3 => generated 247 bytes in 48 msecs (HTTP/1.1 200) 5 headers in 177 bytes (2 switches on core 0)
Jan 07 10:44:29 ubuntu devstack@keystone.service[68828]: DEBUG keystone.server.flask.request_processing.middleware.auth_context [None req-0ced13cb-d506-4285-8718-c6fd2d0b5e34 None admin] Authenticating user token {{(pid=68828) process_request /opt/stack/data/venv/lib/python3.10/site-packages/keystonemiddleware/auth_token/__init__.py:406}}
Jan 07 10:44:29 ubuntu devstack@keystone.service[68829]: DEBUG keystone.server.flask.request_processing.middleware.auth_context [None req-8e02780b-25a3-422c-9095-d0bf7fad52b9 None admin] Authenticating user token {{(pid=68829) process_request /opt/stack/data/venv/lib/python3.10/site-packages/keystonemiddleware/auth_token/__init__.py:406}}
Jan 07 10:44:29 ubuntu devstack@keystone.service[68829]: DEBUG keystone.server.flask.request_processing.middleware.auth_context [None req-8e02780b-25a3-422c-9095-d0bf7fad52b9 None admin] Validating token access rules against request {{(pid=68829) validate_allowed_request /opt/stack/data/venv/lib/python3.10/site-packages/keystonemiddleware/auth_token/__init__.py:544}}
Jan 07 10:44:29 ubuntu devstack@keystone.service[68828]: DEBUG keystone.server.flask.request_processing.middleware.auth_context [None req-0ced13cb-d506-4285-8718-c6fd2d0b5e34 None admin] Validating token access rules against request {{(pid=68828) validate_allowed_request /opt/stack/data/venv/lib/python3.10/site-packages/keystonemiddleware/auth_token/__init__.py:544}}
Jan 07 10:44:29 ubuntu devstack@keystone.service[68829]: DEBUG keystone.server.flask.request_processing.middleware.auth_context [None req-8f4e4d19-f6be-480a-98d0-58134980fd91 None admin] RBAC: auth_context: {'token': <TokenModel (audit_id=EOrAkV1zTnSIMVkRxuw6Jw, audit_chain_id=['EOrAkV1zTnSIMVkRxuw6Jw']) at 0x7f424ea66500>, 'domain_id': None, 'trust_id': None, 'trustor_id': None, 'trustee_id': None, 'domain_name': None, 'group_ids': [], 'user_id': '65d6a5bb15044ce5b9e661057c18e8c3', 'user_domain_id': 'default', 'system_scope': 'all', 'project_id': None, 'project_domain_id': None, 'roles': ['admin', 'manager', 'member', 'reader'], 'is_admin_project': True, 'service_user_id': None, 'service_user_domain_id': None, 'service_project_id': None, 'service_project_domain_id': None, 'service_roles': []} {{(pid=68829) fill_context /opt/stack/keystone/keystone/server/flask/request_processing/middleware/auth_context.py:506}}
Jan 07 10:44:29 ubuntu devstack@keystone.service[68829]: DEBUG keystone.server.flask.request_processing.req_logging [None req-8f4e4d19-f6be-480a-98d0-58134980fd91 None admin] REQUEST_METHOD: `GET` {{(pid=68829) log_request_info /opt/stack/keystone/keystone/server/flask/request_processing/req_logging.py:26}}
Jan 07 10:44:29 ubuntu devstack@keystone.service[68829]: DEBUG keystone.server.flask.request_processing.req_logging [None req-8f4e4d19-f6be-480a-98d0-58134980fd91 None admin] SCRIPT_NAME: `/identity` {{(pid=68829) log_request_info /opt/stack/keystone/keystone/server/flask/request_processing/req_logging.py:27}}
Jan 07 10:44:29 ubuntu devstack@keystone.service[68829]: DEBUG keystone.server.flask.request_processing.req_logging [None req-8f4e4d19-f6be-480a-98d0-58134980fd91 None admin] PATH_INFO: `/v3/domains/default` {{(pid=68829) log_request_info /opt/stack/keystone/keystone/server/flask/request_processing/req_logging.py:28}}
Jan 07 10:44:29 ubuntu devstack@keystone.service[68829]: DEBUG keystone.common.rbac_enforcer.enforcer [None req-8f4e4d19-f6be-480a-98d0-58134980fd91 None admin] RBAC: Authorizing `identity:get_domain(domain_id=default)` {{(pid=68829) enforce_call /opt/stack/keystone/keystone/common/rbac_enforcer/enforcer.py:495}}
Jan 07 10:44:29 ubuntu devstack@keystone.service[68829]: DEBUG keystone.common.rbac_enforcer.enforcer [None req-8f4e4d19-f6be-480a-98d0-58134980fd91 None admin] RBAC: Authorization granted {{(pid=68829) enforce_call /opt/stack/keystone/keystone/common/rbac_enforcer/enforcer.py:506}}
Jan 07 10:44:29 ubuntu devstack@keystone.service[68829]: [pid: 68829|app: 0|req: 9/19] 10.201.5.82 () {56 vars in 1100 bytes} [Tue Jan  7 10:44:29 2025] GET /identity/v3/domains/default => generated 199 bytes in 49 msecs (HTTP/1.1 200) 5 headers in 177 bytes (2 switches on core 0)
Jan 07 10:44:29 ubuntu devstack@keystone.service[68828]: DEBUG keystone.server.flask.request_processing.middleware.auth_context [None req-8cb2bc81-228b-4e4d-9dab-41a16c3c79b1 None admin] RBAC: auth_context: {'token': <TokenModel (audit_id=eqvVbk5LSHm8MjgbNIvNSw, audit_chain_id=['eqvVbk5LSHm8MjgbNIvNSw']) at 0x7f424e84c0a0>, 'domain_id': None, 'trust_id': None, 'trustor_id': None, 'trustee_id': None, 'domain_name': None, 'group_ids': [], 'user_id': '65d6a5bb15044ce5b9e661057c18e8c3', 'user_domain_id': 'default', 'system_scope': 'all', 'project_id': None, 'project_domain_id': None, 'roles': ['admin', 'manager', 'member', 'reader'], 'is_admin_project': True, 'service_user_id': None, 'service_user_domain_id': None, 'service_project_id': None, 'service_project_domain_id': None, 'service_roles': []} {{(pid=68828) fill_context /opt/stack/keystone/keystone/server/flask/request_processing/middleware/auth_context.py:506}}
Jan 07 10:44:29 ubuntu devstack@keystone.service[68828]: DEBUG keystone.server.flask.request_processing.req_logging [None req-8cb2bc81-228b-4e4d-9dab-41a16c3c79b1 None admin] REQUEST_METHOD: `GET` {{(pid=68828) log_request_info /opt/stack/keystone/keystone/server/flask/request_processing/req_logging.py:26}}
Jan 07 10:44:29 ubuntu devstack@keystone.service[68828]: DEBUG keystone.server.flask.request_processing.req_logging [None req-8cb2bc81-228b-4e4d-9dab-41a16c3c79b1 None admin] SCRIPT_NAME: `/identity` {{(pid=68828) log_request_info /opt/stack/keystone/keystone/server/flask/request_processing/req_logging.py:27}}
Jan 07 10:44:29 ubuntu devstack@keystone.service[68828]: DEBUG keystone.server.flask.request_processing.req_logging [None req-8cb2bc81-228b-4e4d-9dab-41a16c3c79b1 None admin] PATH_INFO: `/v3/domains` {{(pid=68828) log_request_info /opt/stack/keystone/keystone/server/flask/request_processing/req_logging.py:28}}
Jan 07 10:44:29 ubuntu devstack@keystone.service[68828]: DEBUG keystone.common.rbac_enforcer.enforcer [None req-8cb2bc81-228b-4e4d-9dab-41a16c3c79b1 None admin] RBAC: Adding query filter params (name=Default) {{(pid=68828) _extract_filter_values /opt/stack/keystone/keystone/common/rbac_enforcer/enforcer.py:176}}
Jan 07 10:44:29 ubuntu devstack@keystone.service[68828]: DEBUG keystone.common.rbac_enforcer.enforcer [None req-8cb2bc81-228b-4e4d-9dab-41a16c3c79b1 None admin] RBAC: Authorizing `identity:list_domains()` {{(pid=68828) enforce_call /opt/stack/keystone/keystone/common/rbac_enforcer/enforcer.py:495}}
Jan 07 10:44:29 ubuntu devstack@keystone.service[68829]: DEBUG keystone.server.flask.request_processing.middleware.auth_context [None req-8f4e4d19-f6be-480a-98d0-58134980fd91 None admin] Authenticating user token {{(pid=68829) process_request /opt/stack/data/venv/lib/python3.10/site-packages/keystonemiddleware/auth_token/__init__.py:406}}
Jan 07 10:44:29 ubuntu devstack@keystone.service[68828]: DEBUG keystone.common.rbac_enforcer.enforcer [None req-8cb2bc81-228b-4e4d-9dab-41a16c3c79b1 None admin] RBAC: Authorization granted {{(pid=68828) enforce_call /opt/stack/keystone/keystone/common/rbac_enforcer/enforcer.py:506}}
Jan 07 10:44:29 ubuntu devstack@keystone.service[68828]: [pid: 68828|app: 0|req: 11/20] 10.201.5.82 () {56 vars in 1101 bytes} [Tue Jan  7 10:44:29 2025] GET /identity/v3/domains?name=Default => generated 308 bytes in 62 msecs (HTTP/1.1 200) 5 headers in 177 bytes (1 switches on core 0)
Jan 07 10:44:29 ubuntu devstack@keystone.service[68829]: DEBUG keystone.server.flask.request_processing.middleware.auth_context [None req-8f4e4d19-f6be-480a-98d0-58134980fd91 None admin] Validating token access rules against request {{(pid=68829) validate_allowed_request /opt/stack/data/venv/lib/python3.10/site-packages/keystonemiddleware/auth_token/__init__.py:544}}
Jan 07 10:44:29 ubuntu devstack@keystone.service[68829]: DEBUG keystone.server.flask.request_processing.middleware.auth_context [None req-308685c2-8751-4240-834a-ed78df849fed None admin] RBAC: auth_context: {'token': <TokenModel (audit_id=EOrAkV1zTnSIMVkRxuw6Jw, audit_chain_id=['EOrAkV1zTnSIMVkRxuw6Jw']) at 0x7f424eaa05b0>, 'domain_id': None, 'trust_id': None, 'trustor_id': None, 'trustee_id': None, 'domain_name': None, 'group_ids': [], 'user_id': '65d6a5bb15044ce5b9e661057c18e8c3', 'user_domain_id': 'default', 'system_scope': 'all', 'project_id': None, 'project_domain_id': None, 'roles': ['admin', 'manager', 'member', 'reader'], 'is_admin_project': True, 'service_user_id': None, 'service_user_domain_id': None, 'service_project_id': None, 'service_project_domain_id': None, 'service_roles': []} {{(pid=68829) fill_context /opt/stack/keystone/keystone/server/flask/request_processing/middleware/auth_context.py:506}}
Jan 07 10:44:29 ubuntu devstack@keystone.service[68829]: DEBUG keystone.server.flask.request_processing.req_logging [None req-308685c2-8751-4240-834a-ed78df849fed None admin] REQUEST_METHOD: `PUT` {{(pid=68829) log_request_info /opt/stack/keystone/keystone/server/flask/request_processing/req_logging.py:26}}
Jan 07 10:44:29 ubuntu devstack@keystone.service[68829]: DEBUG keystone.server.flask.request_processing.req_logging [None req-308685c2-8751-4240-834a-ed78df849fed None admin] SCRIPT_NAME: `/identity` {{(pid=68829) log_request_info /opt/stack/keystone/keystone/server/flask/request_processing/req_logging.py:27}}
Jan 07 10:44:29 ubuntu devstack@keystone.service[68829]: DEBUG keystone.server.flask.request_processing.req_logging [None req-308685c2-8751-4240-834a-ed78df849fed None admin] PATH_INFO: `/v3/domains/default/users/65d6a5bb15044ce5b9e661057c18e8c3/roles/d1b3895e13b743ef96be2e8f881bf749` {{(pid=68829) log_request_info /opt/stack/keystone/keystone/server/flask/request_processing/req_logging.py:28}}
Jan 07 10:44:29 ubuntu devstack@keystone.service[68829]: DEBUG keystone.common.rbac_enforcer.enforcer [None req-308685c2-8751-4240-834a-ed78df849fed None admin] RBAC: Authorizing `identity:create_grant(domain_id=default, user_id=65d6a5bb15044ce5b9e661057c18e8c3, role_id=d1b3895e13b743ef96be2e8f881bf749)` {{(pid=68829) enforce_call /opt/stack/keystone/keystone/common/rbac_enforcer/enforcer.py:495}}
Jan 07 10:44:29 ubuntu devstack@keystone.service[68829]: DEBUG keystone.common.rbac_enforcer.enforcer [None req-308685c2-8751-4240-834a-ed78df849fed None admin] RBAC: Authorization granted {{(pid=68829) enforce_call /opt/stack/keystone/keystone/common/rbac_enforcer/enforcer.py:506}}
Jan 07 10:44:29 ubuntu devstack@keystone.service[68829]: [pid: 68829|app: 0|req: 10/21] 10.201.5.82 () {58 vars in 1353 bytes} [Tue Jan  7 10:44:29 2025] PUT /identity/v3/domains/default/users/65d6a5bb15044ce5b9e661057c18e8c3/roles/d1b3895e13b743ef96be2e8f881bf749 => generated 0 bytes in 103 msecs (HTTP/1.1 204) 3 headers in 132 bytes (1 switches on core 0)
Jan 07 10:44:30 ubuntu devstack@keystone.service[68828]: DEBUG keystone.server.flask.request_processing.req_logging [None req-7b81dc56-c649-4981-bd2b-42f61b54fdf9 None None] REQUEST_METHOD: `GET` {{(pid=68828) log_request_info /opt/stack/keystone/keystone/server/flask/request_processing/req_logging.py:26}}
Jan 07 10:44:30 ubuntu devstack@keystone.service[68828]: DEBUG keystone.server.flask.request_processing.req_logging [None req-7b81dc56-c649-4981-bd2b-42f61b54fdf9 None None] SCRIPT_NAME: `/identity` {{(pid=68828) log_request_info /opt/stack/keystone/keystone/server/flask/request_processing/req_logging.py:27}}
Jan 07 10:44:30 ubuntu devstack@keystone.service[68828]: DEBUG keystone.server.flask.request_processing.req_logging [None req-7b81dc56-c649-4981-bd2b-42f61b54fdf9 None None] PATH_INFO: `/` {{(pid=68828) log_request_info /opt/stack/keystone/keystone/server/flask/request_processing/req_logging.py:28}}
Jan 07 10:44:30 ubuntu devstack@keystone.service[68828]: [pid: 68828|app: 0|req: 12/22] 10.201.5.82 () {54 vars in 918 bytes} [Tue Jan  7 10:44:30 2025] GET /identity => generated 270 bytes in 2 msecs (HTTP/1.1 300) 6 headers in 234 bytes (1 switches on core 0)
Jan 07 10:44:30 ubuntu devstack@keystone.service[68828]: DEBUG keystone.server.flask.request_processing.req_logging [None req-577ee64d-647d-4d5a-afa3-4e458df981c7 None None] REQUEST_METHOD: `POST` {{(pid=68828) log_request_info /opt/stack/keystone/keystone/server/flask/request_processing/req_logging.py:26}}
Jan 07 10:44:30 ubuntu devstack@keystone.service[68828]: DEBUG keystone.server.flask.request_processing.req_logging [None req-577ee64d-647d-4d5a-afa3-4e458df981c7 None None] SCRIPT_NAME: `/identity` {{(pid=68828) log_request_info /opt/stack/keystone/keystone/server/flask/request_processing/req_logging.py:27}}
Jan 07 10:44:30 ubuntu devstack@keystone.service[68829]: DEBUG keystone.server.flask.request_processing.req_logging [None req-5e18ac98-7a5b-4cc3-a8ad-73cb22537d25 None None] REQUEST_METHOD: `GET` {{(pid=68829) log_request_info /opt/stack/keystone/keystone/server/flask/request_processing/req_logging.py:26}}
Jan 07 10:44:30 ubuntu devstack@keystone.service[68828]: DEBUG keystone.server.flask.request_processing.req_logging [None req-577ee64d-647d-4d5a-afa3-4e458df981c7 None None] PATH_INFO: `/v3/auth/tokens` {{(pid=68828) log_request_info /opt/stack/keystone/keystone/server/flask/request_processing/req_logging.py:28}}
Jan 07 10:44:30 ubuntu devstack@keystone.service[68829]: DEBUG keystone.server.flask.request_processing.req_logging [None req-5e18ac98-7a5b-4cc3-a8ad-73cb22537d25 None None] SCRIPT_NAME: `/identity` {{(pid=68829) log_request_info /opt/stack/keystone/keystone/server/flask/request_processing/req_logging.py:27}}
Jan 07 10:44:30 ubuntu devstack@keystone.service[68829]: DEBUG keystone.server.flask.request_processing.req_logging [None req-5e18ac98-7a5b-4cc3-a8ad-73cb22537d25 None None] PATH_INFO: `/` {{(pid=68829) log_request_info /opt/stack/keystone/keystone/server/flask/request_processing/req_logging.py:28}}
Jan 07 10:44:30 ubuntu devstack@keystone.service[68829]: [pid: 68829|app: 0|req: 11/23] 10.201.5.82 () {54 vars in 918 bytes} [Tue Jan  7 10:44:30 2025] GET /identity => generated 270 bytes in 2 msecs (HTTP/1.1 300) 6 headers in 234 bytes (1 switches on core 0)
Jan 07 10:44:30 ubuntu devstack@keystone.service[68829]: DEBUG keystone.server.flask.request_processing.req_logging [None req-50cea017-eb5c-4701-803d-969ab01a6150 None None] REQUEST_METHOD: `POST` {{(pid=68829) log_request_info /opt/stack/keystone/keystone/server/flask/request_processing/req_logging.py:26}}
Jan 07 10:44:30 ubuntu devstack@keystone.service[68829]: DEBUG keystone.server.flask.request_processing.req_logging [None req-50cea017-eb5c-4701-803d-969ab01a6150 None None] SCRIPT_NAME: `/identity` {{(pid=68829) log_request_info /opt/stack/keystone/keystone/server/flask/request_processing/req_logging.py:27}}
Jan 07 10:44:30 ubuntu devstack@keystone.service[68829]: DEBUG keystone.server.flask.request_processing.req_logging [None req-50cea017-eb5c-4701-803d-969ab01a6150 None None] PATH_INFO: `/v3/auth/tokens` {{(pid=68829) log_request_info /opt/stack/keystone/keystone/server/flask/request_processing/req_logging.py:28}}
Jan 07 10:44:30 ubuntu devstack@keystone.service[68828]: WARNING keystone.common.password_hashing [None req-577ee64d-647d-4d5a-afa3-4e458df981c7 None None] Truncating password to algorithm specific maximum length 72 characters.
Jan 07 10:44:30 ubuntu devstack@keystone.service[68829]: WARNING keystone.common.password_hashing [None req-50cea017-eb5c-4701-803d-969ab01a6150 None None] Truncating password to algorithm specific maximum length 72 characters.
Jan 07 10:44:30 ubuntu devstack@keystone.service[68828]: DEBUG keystone.auth.core [None req-577ee64d-647d-4d5a-afa3-4e458df981c7 None None] MFA Rules not processed for user `65d6a5bb15044ce5b9e661057c18e8c3`. Rule list: `[]` (Enabled: `True`). {{(pid=68828) check_auth_methods_against_rules /opt/stack/keystone/keystone/auth/core.py:476}}
Jan 07 10:44:30 ubuntu devstack@keystone.service[68828]: DEBUG keystone.common.fernet_utils [None req-577ee64d-647d-4d5a-afa3-4e458df981c7 None None] Loaded 2 Fernet keys from /etc/keystone/fernet-keys/, but `[fernet_tokens] max_active_keys = 3`; perhaps there have not been enough key rotations to reach `max_active_keys` yet? {{(pid=68828) load_keys /opt/stack/keystone/keystone/common/fernet_utils.py:297}}
Jan 07 10:44:30 ubuntu devstack@keystone.service[68829]: DEBUG keystone.auth.core [None req-50cea017-eb5c-4701-803d-969ab01a6150 None None] MFA Rules not processed for user `65d6a5bb15044ce5b9e661057c18e8c3`. Rule list: `[]` (Enabled: `True`). {{(pid=68829) check_auth_methods_against_rules /opt/stack/keystone/keystone/auth/core.py:476}}
Jan 07 10:44:30 ubuntu devstack@keystone.service[68829]: DEBUG keystone.common.fernet_utils [None req-50cea017-eb5c-4701-803d-969ab01a6150 None None] Loaded 2 Fernet keys from /etc/keystone/fernet-keys/, but `[fernet_tokens] max_active_keys = 3`; perhaps there have not been enough key rotations to reach `max_active_keys` yet? {{(pid=68829) load_keys /opt/stack/keystone/keystone/common/fernet_utils.py:297}}
Jan 07 10:44:30 ubuntu devstack@keystone.service[68828]: [pid: 68828|app: 0|req: 13/24] 10.201.5.82 () {58 vars in 1015 bytes} [Tue Jan  7 10:44:30 2025] POST /identity/v3/auth/tokens => generated 862 bytes in 53 msecs (HTTP/1.1 201) 6 headers in 363 bytes (1 switches on core 0)
Jan 07 10:44:30 ubuntu devstack@keystone.service[68829]: [pid: 68829|app: 0|req: 12/25] 10.201.5.82 () {58 vars in 1015 bytes} [Tue Jan  7 10:44:30 2025] POST /identity/v3/auth/tokens => generated 862 bytes in 68 msecs (HTTP/1.1 201) 6 headers in 363 bytes (1 switches on core 0)
Jan 07 10:44:30 ubuntu devstack@keystone.service[68828]: DEBUG keystone.server.flask.request_processing.req_logging [None req-001a6a90-e6b5-4587-98db-f58f52e9c7a1 None None] REQUEST_METHOD: `GET` {{(pid=68828) log_request_info /opt/stack/keystone/keystone/server/flask/request_processing/req_logging.py:26}}
Jan 07 10:44:30 ubuntu devstack@keystone.service[68828]: DEBUG keystone.server.flask.request_processing.req_logging [None req-001a6a90-e6b5-4587-98db-f58f52e9c7a1 None None] SCRIPT_NAME: `/identity` {{(pid=68828) log_request_info /opt/stack/keystone/keystone/server/flask/request_processing/req_logging.py:27}}
Jan 07 10:44:30 ubuntu devstack@keystone.service[68828]: DEBUG keystone.server.flask.request_processing.req_logging [None req-001a6a90-e6b5-4587-98db-f58f52e9c7a1 None None] PATH_INFO: `/` {{(pid=68828) log_request_info /opt/stack/keystone/keystone/server/flask/request_processing/req_logging.py:28}}
Jan 07 10:44:30 ubuntu devstack@keystone.service[68828]: [pid: 68828|app: 0|req: 14/26] 10.201.5.82 () {54 vars in 918 bytes} [Tue Jan  7 10:44:30 2025] GET /identity => generated 270 bytes in 2 msecs (HTTP/1.1 300) 6 headers in 234 bytes (1 switches on core 0)
Jan 07 10:44:30 ubuntu devstack@keystone.service[68829]: DEBUG keystone.server.flask.request_processing.middleware.auth_context [None req-50cea017-eb5c-4701-803d-969ab01a6150 None None] Authenticating user token {{(pid=68829) process_request /opt/stack/data/venv/lib/python3.10/site-packages/keystonemiddleware/auth_token/__init__.py:406}}
Jan 07 10:44:30 ubuntu devstack@keystone.service[68828]: DEBUG keystone.server.flask.request_processing.req_logging [None req-7e91cac9-9330-434b-95e9-de22d2887201 None None] REQUEST_METHOD: `POST` {{(pid=68828) log_request_info /opt/stack/keystone/keystone/server/flask/request_processing/req_logging.py:26}}
Jan 07 10:44:30 ubuntu devstack@keystone.service[68828]: DEBUG keystone.server.flask.request_processing.req_logging [None req-7e91cac9-9330-434b-95e9-de22d2887201 None None] SCRIPT_NAME: `/identity` {{(pid=68828) log_request_info /opt/stack/keystone/keystone/server/flask/request_processing/req_logging.py:27}}
Jan 07 10:44:30 ubuntu devstack@keystone.service[68828]: DEBUG keystone.server.flask.request_processing.req_logging [None req-7e91cac9-9330-434b-95e9-de22d2887201 None None] PATH_INFO: `/v3/auth/tokens` {{(pid=68828) log_request_info /opt/stack/keystone/keystone/server/flask/request_processing/req_logging.py:28}}
Jan 07 10:44:30 ubuntu devstack@keystone.service[68828]: WARNING keystone.common.password_hashing [None req-7e91cac9-9330-434b-95e9-de22d2887201 None None] Truncating password to algorithm specific maximum length 72 characters.
Jan 07 10:44:30 ubuntu devstack@keystone.service[68828]: DEBUG keystone.auth.core [None req-7e91cac9-9330-434b-95e9-de22d2887201 None None] MFA Rules not processed for user `65d6a5bb15044ce5b9e661057c18e8c3`. Rule list: `[]` (Enabled: `True`). {{(pid=68828) check_auth_methods_against_rules /opt/stack/keystone/keystone/auth/core.py:476}}
Jan 07 10:44:30 ubuntu devstack@keystone.service[68828]: DEBUG keystone.common.fernet_utils [None req-7e91cac9-9330-434b-95e9-de22d2887201 None None] Loaded 2 Fernet keys from /etc/keystone/fernet-keys/, but `[fernet_tokens] max_active_keys = 3`; perhaps there have not been enough key rotations to reach `max_active_keys` yet? {{(pid=68828) load_keys /opt/stack/keystone/keystone/common/fernet_utils.py:297}}
Jan 07 10:44:31 ubuntu devstack@keystone.service[68829]: DEBUG keystone.server.flask.request_processing.middleware.auth_context [None req-50cea017-eb5c-4701-803d-969ab01a6150 None None] Validating token access rules against request {{(pid=68829) validate_allowed_request /opt/stack/data/venv/lib/python3.10/site-packages/keystonemiddleware/auth_token/__init__.py:544}}
Jan 07 10:44:31 ubuntu devstack@keystone.service[68829]: DEBUG keystone.server.flask.request_processing.middleware.auth_context [None req-403fac3b-a417-49c5-9ae9-14c73b3c0931 None admin] RBAC: auth_context: {'token': <TokenModel (audit_id=iLMV_VIQRZO5f1HwTW1HlA, audit_chain_id=['iLMV_VIQRZO5f1HwTW1HlA']) at 0x7f424ea09030>, 'domain_id': None, 'trust_id': None, 'trustor_id': None, 'trustee_id': None, 'domain_name': None, 'group_ids': [], 'user_id': '65d6a5bb15044ce5b9e661057c18e8c3', 'user_domain_id': 'default', 'system_scope': 'all', 'project_id': None, 'project_domain_id': None, 'roles': ['admin', 'manager', 'member', 'reader'], 'is_admin_project': True, 'service_user_id': None, 'service_user_domain_id': None, 'service_project_id': None, 'service_project_domain_id': None, 'service_roles': []} {{(pid=68829) fill_context /opt/stack/keystone/keystone/server/flask/request_processing/middleware/auth_context.py:506}}
Jan 07 10:44:31 ubuntu devstack@keystone.service[68829]: DEBUG keystone.server.flask.request_processing.req_logging [None req-403fac3b-a417-49c5-9ae9-14c73b3c0931 None admin] REQUEST_METHOD: `GET` {{(pid=68829) log_request_info /opt/stack/keystone/keystone/server/flask/request_processing/req_logging.py:26}}
Jan 07 10:44:31 ubuntu devstack@keystone.service[68829]: DEBUG keystone.server.flask.request_processing.req_logging [None req-403fac3b-a417-49c5-9ae9-14c73b3c0931 None admin] SCRIPT_NAME: `/identity` {{(pid=68829) log_request_info /opt/stack/keystone/keystone/server/flask/request_processing/req_logging.py:27}}
Jan 07 10:44:31 ubuntu devstack@keystone.service[68829]: DEBUG keystone.server.flask.request_processing.req_logging [None req-403fac3b-a417-49c5-9ae9-14c73b3c0931 None admin] PATH_INFO: `/v3/roles/admin` {{(pid=68829) log_request_info /opt/stack/keystone/keystone/server/flask/request_processing/req_logging.py:28}}
Jan 07 10:44:31 ubuntu devstack@keystone.service[68828]: [pid: 68828|app: 0|req: 15/27] 10.201.5.82 () {58 vars in 1015 bytes} [Tue Jan  7 10:44:30 2025] POST /identity/v3/auth/tokens => generated 862 bytes in 90 msecs (HTTP/1.1 201) 6 headers in 363 bytes (1 switches on core 0)
Jan 07 10:44:31 ubuntu devstack@keystone.service[68828]: DEBUG keystone.server.flask.request_processing.middleware.auth_context [None req-7e91cac9-9330-434b-95e9-de22d2887201 None None] Authenticating user token {{(pid=68828) process_request /opt/stack/data/venv/lib/python3.10/site-packages/keystonemiddleware/auth_token/__init__.py:406}}
