Mar 21 15:46:21 ubuntu devstack@keystone.service[80433]: ERROR keystone.server.flask.application   File "/opt/stack/data/venv/lib/python3.10/site-packages/pymysql/connections.py", line 825, in _read_query_result
Mar 21 15:46:21 ubuntu devstack@keystone.service[80433]: ERROR keystone.server.flask.application     result.read()
Mar 21 15:46:21 ubuntu devstack@keystone.service[80433]: ERROR keystone.server.flask.application   File "/opt/stack/data/venv/lib/python3.10/site-packages/pymysql/connections.py", line 1199, in read
Mar 21 15:46:21 ubuntu devstack@keystone.service[80433]: ERROR keystone.server.flask.application     first_packet = self.connection._read_packet()
Mar 21 15:46:21 ubuntu devstack@keystone.service[80433]: ERROR keystone.server.flask.application   File "/opt/stack/data/venv/lib/python3.10/site-packages/pymysql/connections.py", line 775, in _read_packet
Mar 21 15:46:21 ubuntu devstack@keystone.service[80433]: ERROR keystone.server.flask.application     packet.raise_for_error()
Mar 21 15:46:21 ubuntu devstack@keystone.service[80433]: ERROR keystone.server.flask.application   File "/opt/stack/data/venv/lib/python3.10/site-packages/pymysql/protocol.py", line 219, in raise_for_error
Mar 21 15:46:21 ubuntu devstack@keystone.service[80433]: ERROR keystone.server.flask.application     err.raise_mysql_exception(self._data)
Mar 21 15:46:21 ubuntu devstack@keystone.service[80433]: ERROR keystone.server.flask.application   File "/opt/stack/data/venv/lib/python3.10/site-packages/pymysql/err.py", line 150, in raise_mysql_exception
Mar 21 15:46:21 ubuntu devstack@keystone.service[80433]: ERROR keystone.server.flask.application     raise errorclass(errno, errval)
Mar 21 15:46:21 ubuntu devstack@keystone.service[80433]: ERROR keystone.server.flask.application oslo_db.exception.DBDuplicateEntry: (pymysql.err.IntegrityError) (1062, "Duplicate entry 'service-<<null>>' for key 'role.ixu_role_name_domain_id'")
Mar 21 15:46:21 ubuntu devstack@keystone.service[80433]: ERROR keystone.server.flask.application [SQL: INSERT INTO `role` (id, name, description, extra) VALUES (%(id)s, %(name)s, %(description)s, %(extra)s)]
Mar 21 15:46:21 ubuntu devstack@keystone.service[80433]: ERROR keystone.server.flask.application [parameters: {'id': '0f2211afe40c4027bf3421cc893f685f', 'name': 'service', 'description': None, 'extra': '{}'}]
Mar 21 15:46:21 ubuntu devstack@keystone.service[80433]: ERROR keystone.server.flask.application (Background on this error at: https://sqlalche.me/e/20/gkpj)
Mar 21 15:46:21 ubuntu devstack@keystone.service[80433]: ERROR keystone.server.flask.application 
Mar 21 15:46:21 ubuntu devstack@keystone.service[80433]: ERROR keystone.server.flask.application During handling of the above exception, another exception occurred:
Mar 21 15:46:21 ubuntu devstack@keystone.service[80433]: ERROR keystone.server.flask.application 
Mar 21 15:46:21 ubuntu devstack@keystone.service[80433]: ERROR keystone.server.flask.application Traceback (most recent call last):
Mar 21 15:46:21 ubuntu devstack@keystone.service[80433]: ERROR keystone.server.flask.application   File "/opt/stack/data/venv/lib/python3.10/site-packages/flask/app.py", line 917, in full_dispatch_request
Mar 21 15:46:21 ubuntu devstack@keystone.service[80433]: ERROR keystone.server.flask.application     rv = self.dispatch_request()
Mar 21 15:46:21 ubuntu devstack@keystone.service[80433]: ERROR keystone.server.flask.application   File "/opt/stack/data/venv/lib/python3.10/site-packages/flask/app.py", line 902, in dispatch_request
Mar 21 15:46:21 ubuntu devstack@keystone.service[80433]: ERROR keystone.server.flask.application     return self.ensure_sync(self.view_functions[rule.endpoint])(**view_args)  # type: ignore[no-any-return]
Mar 21 15:46:21 ubuntu devstack@keystone.service[80433]: ERROR keystone.server.flask.application   File "/opt/stack/data/venv/lib/python3.10/site-packages/flask_restful/__init__.py", line 489, in wrapper
Mar 21 15:46:21 ubuntu devstack@keystone.service[80433]: ERROR keystone.server.flask.application     resp = resource(*args, **kwargs)
Mar 21 15:46:21 ubuntu devstack@keystone.service[80433]: ERROR keystone.server.flask.application   File "/opt/stack/data/venv/lib/python3.10/site-packages/flask/views.py", line 110, in view
Mar 21 15:46:21 ubuntu devstack@keystone.service[80433]: ERROR keystone.server.flask.application     return current_app.ensure_sync(self.dispatch_request)(**kwargs)  # type: ignore[no-any-return]
Mar 21 15:46:21 ubuntu devstack@keystone.service[80433]: ERROR keystone.server.flask.application   File "/opt/stack/data/venv/lib/python3.10/site-packages/flask_restful/__init__.py", line 604, in dispatch_request
Mar 21 15:46:21 ubuntu devstack@keystone.service[80433]: ERROR keystone.server.flask.application     resp = meth(*args, **kwargs)
Mar 21 15:46:21 ubuntu devstack@keystone.service[80433]: ERROR keystone.server.flask.application   File "/opt/stack/keystone/keystone/api/validation/__init__.py", line 80, in wrapper
Mar 21 15:46:21 ubuntu devstack@keystone.service[80433]: ERROR keystone.server.flask.application     return func(*args, **kwargs)
Mar 21 15:46:21 ubuntu devstack@keystone.service[80433]: ERROR keystone.server.flask.application   File "/opt/stack/keystone/keystone/api/validation/__init__.py", line 139, in wrapper
Mar 21 15:46:21 ubuntu devstack@keystone.service[80433]: ERROR keystone.server.flask.application     response = func(*args, **kwargs)
Mar 21 15:46:21 ubuntu devstack@keystone.service[80433]: ERROR keystone.server.flask.application   File "/opt/stack/keystone/keystone/api/roles.py", line 91, in post
Mar 21 15:46:21 ubuntu devstack@keystone.service[80433]: ERROR keystone.server.flask.application     ref = PROVIDERS.role_api.create_role(
Mar 21 15:46:21 ubuntu devstack@keystone.service[80433]: ERROR keystone.server.flask.application   File "/opt/stack/keystone/keystone/common/manager.py", line 114, in wrapped
Mar 21 15:46:21 ubuntu devstack@keystone.service[80433]: ERROR keystone.server.flask.application     __ret_val = __f(*args, **kwargs)
Mar 21 15:46:21 ubuntu devstack@keystone.service[80433]: ERROR keystone.server.flask.application   File "/opt/stack/keystone/keystone/assignment/core.py", line 1496, in create_role
Mar 21 15:46:21 ubuntu devstack@keystone.service[80433]: ERROR keystone.server.flask.application     ret = self.driver.create_role(role_id, role)
Mar 21 15:46:21 ubuntu devstack@keystone.service[80433]: ERROR keystone.server.flask.application   File "/opt/stack/keystone/keystone/common/sql/core.py", line 614, in wrapper
Mar 21 15:46:21 ubuntu devstack@keystone.service[80433]: ERROR keystone.server.flask.application     raise exception.Conflict(type=conflict_type, details=msg)
Mar 21 15:46:21 ubuntu devstack@keystone.service[80433]: ERROR keystone.server.flask.application keystone.exception.Conflict: Conflict occurred attempting to store role - Duplicate entry found with name service.
Mar 21 15:46:21 ubuntu devstack@keystone.service[80433]: ERROR keystone.server.flask.application 
Mar 21 15:46:21 ubuntu devstack@keystone.service[80433]: [pid: 80433|app: 0|req: 18/35] 10.201.5.82 () {60 vars in 1167 bytes} [Fri Mar 21 15:46:21 2025] POST /identity/v3/roles => generated 140 bytes in 75 msecs (HTTP/1.1 409) 5 headers in 183 bytes (1 switches on core 0)
Mar 21 15:46:21 ubuntu devstack@keystone.service[80434]: DEBUG keystone.common.rbac_enforcer.enforcer [None req-07856ff3-f5d2-45d6-a2d3-60890622b9a9 None admin] RBAC: Authorization granted {{(pid=80434) enforce_call /opt/stack/keystone/keystone/common/rbac_enforcer/enforcer.py:506}}
Mar 21 15:46:21 ubuntu devstack@keystone.service[80433]: DEBUG keystone.server.flask.request_processing.middleware.auth_context [None req-1bea9e19-5e35-424d-873e-4d328d1e7bc9 None admin] Authenticating user token {{(pid=80433) process_request /opt/stack/data/venv/lib/python3.10/site-packages/keystonemiddleware/auth_token/__init__.py:406}}
Mar 21 15:46:21 ubuntu devstack@keystone.service[80434]: [pid: 80434|app: 0|req: 18/36] 10.201.5.82 () {56 vars in 1371 bytes} [Fri Mar 21 15:46:21 2025] GET /identity/v3/role_assignments?role.id=bc3c7bf809884d11801c7d2f582226a5&scope.domain.id=default&user.id=4645568090a24916aabfc1f6f110510e => generated 530 bytes in 84 msecs (HTTP/1.1 200) 5 headers in 177 bytes (1 switches on core 0)
Mar 21 15:46:21 ubuntu devstack@keystone.service[80433]: DEBUG keystone.server.flask.request_processing.middleware.auth_context [None req-1bea9e19-5e35-424d-873e-4d328d1e7bc9 None admin] Validating token access rules against request {{(pid=80433) validate_allowed_request /opt/stack/data/venv/lib/python3.10/site-packages/keystonemiddleware/auth_token/__init__.py:544}}
Mar 21 15:46:21 ubuntu devstack@keystone.service[80434]: DEBUG keystone.server.flask.request_processing.req_logging [None req-b4be55c6-06e7-48a2-94f1-51e4484b25ae None None] REQUEST_METHOD: `GET` {{(pid=80434) log_request_info /opt/stack/keystone/keystone/server/flask/request_processing/req_logging.py:26}}
Mar 21 15:46:21 ubuntu devstack@keystone.service[80434]: DEBUG keystone.server.flask.request_processing.req_logging [None req-b4be55c6-06e7-48a2-94f1-51e4484b25ae None None] SCRIPT_NAME: `/identity` {{(pid=80434) log_request_info /opt/stack/keystone/keystone/server/flask/request_processing/req_logging.py:27}}
Mar 21 15:46:21 ubuntu devstack@keystone.service[80434]: DEBUG keystone.server.flask.request_processing.req_logging [None req-b4be55c6-06e7-48a2-94f1-51e4484b25ae None None] PATH_INFO: `/` {{(pid=80434) log_request_info /opt/stack/keystone/keystone/server/flask/request_processing/req_logging.py:28}}
Mar 21 15:46:21 ubuntu devstack@keystone.service[80434]: [pid: 80434|app: 0|req: 19/37] 10.201.5.82 () {54 vars in 919 bytes} [Fri Mar 21 15:46:21 2025] GET /identity => generated 270 bytes in 2 msecs (HTTP/1.1 300) 6 headers in 234 bytes (1 switches on core 0)
Mar 21 15:46:21 ubuntu devstack@keystone.service[80434]: DEBUG keystone.server.flask.request_processing.req_logging [None req-a6a303c0-3187-4500-b1ba-e4e8e010e3f0 None None] REQUEST_METHOD: `POST` {{(pid=80434) log_request_info /opt/stack/keystone/keystone/server/flask/request_processing/req_logging.py:26}}
Mar 21 15:46:21 ubuntu devstack@keystone.service[80434]: DEBUG keystone.server.flask.request_processing.req_logging [None req-a6a303c0-3187-4500-b1ba-e4e8e010e3f0 None None] SCRIPT_NAME: `/identity` {{(pid=80434) log_request_info /opt/stack/keystone/keystone/server/flask/request_processing/req_logging.py:27}}
Mar 21 15:46:21 ubuntu devstack@keystone.service[80434]: DEBUG keystone.server.flask.request_processing.req_logging [None req-a6a303c0-3187-4500-b1ba-e4e8e010e3f0 None None] PATH_INFO: `/v3/auth/tokens` {{(pid=80434) log_request_info /opt/stack/keystone/keystone/server/flask/request_processing/req_logging.py:28}}
Mar 21 15:46:21 ubuntu devstack@keystone.service[80433]: DEBUG keystone.server.flask.request_processing.middleware.auth_context [None req-9ef75452-8ea8-4997-bbf2-0a57ee651bc8 None admin] RBAC: auth_context: {'token': <TokenModel (audit_id=Nj6MfyNTSi6-FGN-zjPiyQ, audit_chain_id=['Nj6MfyNTSi6-FGN-zjPiyQ']) at 0x7f3958621bd0>, 'domain_id': None, 'trust_id': None, 'trustor_id': None, 'trustee_id': None, 'domain_name': None, 'group_ids': [], 'user_id': '4645568090a24916aabfc1f6f110510e', 'user_domain_id': 'default', 'system_scope': 'all', 'project_id': None, 'project_domain_id': None, 'roles': ['admin', 'manager', 'member', 'reader'], 'is_admin_project': True, 'service_user_id': None, 'service_user_domain_id': None, 'service_project_id': None, 'service_project_domain_id': None, 'service_roles': []} {{(pid=80433) fill_context /opt/stack/keystone/keystone/server/flask/request_processing/middleware/auth_context.py:506}}
Mar 21 15:46:21 ubuntu devstack@keystone.service[80433]: DEBUG keystone.server.flask.request_processing.req_logging [None req-9ef75452-8ea8-4997-bbf2-0a57ee651bc8 None admin] REQUEST_METHOD: `GET` {{(pid=80433) log_request_info /opt/stack/keystone/keystone/server/flask/request_processing/req_logging.py:26}}
Mar 21 15:46:21 ubuntu devstack@keystone.service[80433]: DEBUG keystone.server.flask.request_processing.req_logging [None req-9ef75452-8ea8-4997-bbf2-0a57ee651bc8 None admin] SCRIPT_NAME: `/identity` {{(pid=80433) log_request_info /opt/stack/keystone/keystone/server/flask/request_processing/req_logging.py:27}}
Mar 21 15:46:21 ubuntu devstack@keystone.service[80433]: DEBUG keystone.server.flask.request_processing.req_logging [None req-9ef75452-8ea8-4997-bbf2-0a57ee651bc8 None admin] PATH_INFO: `/v3/roles/service` {{(pid=80433) log_request_info /opt/stack/keystone/keystone/server/flask/request_processing/req_logging.py:28}}
Mar 21 15:46:21 ubuntu devstack@keystone.service[80433]: DEBUG keystone.common.rbac_enforcer.enforcer [None req-9ef75452-8ea8-4997-bbf2-0a57ee651bc8 None admin] Extracting inferred target data resulted in "NOT FOUND (404)". {{(pid=80433) enforce_call /opt/stack/keystone/keystone/common/rbac_enforcer/enforcer.py:445}}
Mar 21 15:46:21 ubuntu devstack@keystone.service[80433]: DEBUG keystone.server.flask.application [None req-9ef75452-8ea8-4997-bbf2-0a57ee651bc8 None admin] Could not find role: service. {{(pid=80433) _handle_keystone_exception /opt/stack/keystone/keystone/server/flask/application.py:152}}
Mar 21 15:46:21 ubuntu devstack@keystone.service[80433]: [pid: 80433|app: 0|req: 19/38] 10.201.5.82 () {56 vars in 1138 bytes} [Fri Mar 21 15:46:21 2025] GET /identity/v3/roles/service => generated 85 bytes in 66 msecs (HTTP/1.1 404) 5 headers in 183 bytes (1 switches on core 0)
Mar 21 15:46:21 ubuntu devstack@keystone.service[80433]: DEBUG keystone.server.flask.request_processing.middleware.auth_context [None req-9ef75452-8ea8-4997-bbf2-0a57ee651bc8 None admin] Authenticating user token {{(pid=80433) process_request /opt/stack/data/venv/lib/python3.10/site-packages/keystonemiddleware/auth_token/__init__.py:406}}
Mar 21 15:46:21 ubuntu devstack@keystone.service[80433]: DEBUG keystone.server.flask.request_processing.middleware.auth_context [None req-9ef75452-8ea8-4997-bbf2-0a57ee651bc8 None admin] Validating token access rules against request {{(pid=80433) validate_allowed_request /opt/stack/data/venv/lib/python3.10/site-packages/keystonemiddleware/auth_token/__init__.py:544}}
Mar 21 15:46:21 ubuntu devstack@keystone.service[80433]: DEBUG keystone.server.flask.request_processing.middleware.auth_context [None req-0d5e0b21-26f4-409c-8851-1782d649329f None admin] RBAC: auth_context: {'token': <TokenModel (audit_id=Nj6MfyNTSi6-FGN-zjPiyQ, audit_chain_id=['Nj6MfyNTSi6-FGN-zjPiyQ']) at 0x7f39597216f0>, 'domain_id': None, 'trust_id': None, 'trustor_id': None, 'trustee_id': None, 'domain_name': None, 'group_ids': [], 'user_id': '4645568090a24916aabfc1f6f110510e', 'user_domain_id': 'default', 'system_scope': 'all', 'project_id': None, 'project_domain_id': None, 'roles': ['admin', 'manager', 'member', 'reader'], 'is_admin_project': True, 'service_user_id': None, 'service_user_domain_id': None, 'service_project_id': None, 'service_project_domain_id': None, 'service_roles': []} {{(pid=80433) fill_context /opt/stack/keystone/keystone/server/flask/request_processing/middleware/auth_context.py:506}}
Mar 21 15:46:21 ubuntu devstack@keystone.service[80433]: DEBUG keystone.server.flask.request_processing.req_logging [None req-0d5e0b21-26f4-409c-8851-1782d649329f None admin] REQUEST_METHOD: `GET` {{(pid=80433) log_request_info /opt/stack/keystone/keystone/server/flask/request_processing/req_logging.py:26}}
Mar 21 15:46:21 ubuntu devstack@keystone.service[80433]: DEBUG keystone.server.flask.request_processing.req_logging [None req-0d5e0b21-26f4-409c-8851-1782d649329f None admin] SCRIPT_NAME: `/identity` {{(pid=80433) log_request_info /opt/stack/keystone/keystone/server/flask/request_processing/req_logging.py:27}}
Mar 21 15:46:21 ubuntu devstack@keystone.service[80433]: DEBUG keystone.server.flask.request_processing.req_logging [None req-0d5e0b21-26f4-409c-8851-1782d649329f None admin] PATH_INFO: `/v3/roles` {{(pid=80433) log_request_info /opt/stack/keystone/keystone/server/flask/request_processing/req_logging.py:28}}
Mar 21 15:46:21 ubuntu devstack@keystone.service[80433]: DEBUG keystone.common.rbac_enforcer.enforcer [None req-0d5e0b21-26f4-409c-8851-1782d649329f None admin] RBAC: Adding query filter params (name=service) {{(pid=80433) _extract_filter_values /opt/stack/keystone/keystone/common/rbac_enforcer/enforcer.py:176}}
Mar 21 15:46:21 ubuntu devstack@keystone.service[80433]: DEBUG keystone.common.rbac_enforcer.enforcer [None req-0d5e0b21-26f4-409c-8851-1782d649329f None admin] RBAC: Authorizing `identity:list_roles()` {{(pid=80433) enforce_call /opt/stack/keystone/keystone/common/rbac_enforcer/enforcer.py:495}}
Mar 21 15:46:21 ubuntu devstack@keystone.service[80433]: DEBUG keystone.common.rbac_enforcer.enforcer [None req-0d5e0b21-26f4-409c-8851-1782d649329f None admin] RBAC: Authorization granted {{(pid=80433) enforce_call /opt/stack/keystone/keystone/common/rbac_enforcer/enforcer.py:506}}
Mar 21 15:46:21 ubuntu devstack@keystone.service[80433]: [pid: 80433|app: 0|req: 20/39] 10.201.5.82 () {56 vars in 1152 bytes} [Fri Mar 21 15:46:21 2025] GET /identity/v3/roles?name=service => generated 343 bytes in 64 msecs (HTTP/1.1 200) 5 headers in 177 bytes (1 switches on core 0)
Mar 21 15:46:21 ubuntu devstack@keystone.service[80434]: WARNING keystone.common.password_hashing [None req-a6a303c0-3187-4500-b1ba-e4e8e010e3f0 None None] Truncating password to algorithm specific maximum length 72 characters.
Mar 21 15:46:21 ubuntu devstack@keystone.service[80434]: DEBUG keystone.auth.core [None req-a6a303c0-3187-4500-b1ba-e4e8e010e3f0 None None] MFA Rules not processed for user `4645568090a24916aabfc1f6f110510e`. Rule list: `[]` (Enabled: `True`). {{(pid=80434) check_auth_methods_against_rules /opt/stack/keystone/keystone/auth/core.py:476}}
Mar 21 15:46:21 ubuntu devstack@keystone.service[80434]: DEBUG keystone.common.fernet_utils [None req-a6a303c0-3187-4500-b1ba-e4e8e010e3f0 None None] Loaded 2 Fernet keys from /etc/keystone/fernet-keys/, but `[fernet_tokens] max_active_keys = 3`; perhaps there have not been enough key rotations to reach `max_active_keys` yet? {{(pid=80434) load_keys /opt/stack/keystone/keystone/common/fernet_utils.py:297}}
Mar 21 15:46:21 ubuntu devstack@keystone.service[80434]: [pid: 80434|app: 0|req: 20/40] 10.201.5.82 () {58 vars in 1016 bytes} [Fri Mar 21 15:46:21 2025] POST /identity/v3/auth/tokens => generated 862 bytes in 266 msecs (HTTP/1.1 201) 6 headers in 363 bytes (1 switches on core 0)
Mar 21 15:46:22 ubuntu devstack@keystone.service[80433]: DEBUG keystone.server.flask.request_processing.middleware.auth_context [None req-0d5e0b21-26f4-409c-8851-1782d649329f None admin] Authenticating user token {{(pid=80433) process_request /opt/stack/data/venv/lib/python3.10/site-packages/keystonemiddleware/auth_token/__init__.py:406}}
Mar 21 15:46:22 ubuntu devstack@keystone.service[80433]: DEBUG keystone.server.flask.request_processing.middleware.auth_context [None req-0d5e0b21-26f4-409c-8851-1782d649329f None admin] Validating token access rules against request {{(pid=80433) validate_allowed_request /opt/stack/data/venv/lib/python3.10/site-packages/keystonemiddleware/auth_token/__init__.py:544}}
Mar 21 15:46:22 ubuntu devstack@keystone.service[80433]: DEBUG keystone.server.flask.request_processing.middleware.auth_context [None req-70382c85-4c11-47b8-afc1-3c0d58d2e779 None admin] RBAC: auth_context: {'token': <TokenModel (audit_id=Tn4yc_z7RUyCFn1KDVC4qg, audit_chain_id=['Tn4yc_z7RUyCFn1KDVC4qg']) at 0x7f39586213c0>, 'domain_id': None, 'trust_id': None, 'trustor_id': None, 'trustee_id': None, 'domain_name': None, 'group_ids': [], 'user_id': '4645568090a24916aabfc1f6f110510e', 'user_domain_id': 'default', 'system_scope': 'all', 'project_id': None, 'project_domain_id': None, 'roles': ['admin', 'manager', 'member', 'reader'], 'is_admin_project': True, 'service_user_id': None, 'service_user_domain_id': None, 'service_project_id': None, 'service_project_domain_id': None, 'service_roles': []} {{(pid=80433) fill_context /opt/stack/keystone/keystone/server/flask/request_processing/middleware/auth_context.py:506}}
Mar 21 15:46:22 ubuntu devstack@keystone.service[80433]: DEBUG keystone.server.flask.request_processing.req_logging [None req-70382c85-4c11-47b8-afc1-3c0d58d2e779 None admin] REQUEST_METHOD: `POST` {{(pid=80433) log_request_info /opt/stack/keystone/keystone/server/flask/request_processing/req_logging.py:26}}
Mar 21 15:46:22 ubuntu devstack@keystone.service[80433]: DEBUG keystone.server.flask.request_processing.req_logging [None req-70382c85-4c11-47b8-afc1-3c0d58d2e779 None admin] SCRIPT_NAME: `/identity` {{(pid=80433) log_request_info /opt/stack/keystone/keystone/server/flask/request_processing/req_logging.py:27}}
Mar 21 15:46:22 ubuntu devstack@keystone.service[80433]: DEBUG keystone.server.flask.request_processing.req_logging [None req-70382c85-4c11-47b8-afc1-3c0d58d2e779 None admin] PATH_INFO: `/v3/roles` {{(pid=80433) log_request_info /opt/stack/keystone/keystone/server/flask/request_processing/req_logging.py:28}}
Mar 21 15:46:22 ubuntu devstack@keystone.service[80433]: DEBUG keystone.common.rbac_enforcer.enforcer [None req-70382c85-4c11-47b8-afc1-3c0d58d2e779 None admin] RBAC: Authorizing `identity:create_role()` {{(pid=80433) enforce_call /opt/stack/keystone/keystone/common/rbac_enforcer/enforcer.py:495}}
Mar 21 15:46:22 ubuntu devstack@keystone.service[80433]: DEBUG keystone.common.rbac_enforcer.enforcer [None req-70382c85-4c11-47b8-afc1-3c0d58d2e779 None admin] RBAC: Authorization granted {{(pid=80433) enforce_call /opt/stack/keystone/keystone/common/rbac_enforcer/enforcer.py:506}}
Mar 21 15:46:22 ubuntu devstack@keystone.service[80433]: [pid: 80433|app: 0|req: 21/41] 10.201.5.82 () {60 vars in 1167 bytes} [Fri Mar 21 15:46:22 2025] POST /identity/v3/roles => generated 225 bytes in 67 msecs (HTTP/1.1 201) 5 headers in 182 bytes (1 switches on core 0)
Mar 21 15:46:22 ubuntu devstack@keystone.service[80434]: DEBUG keystone.server.flask.request_processing.req_logging [None req-306ad2f4-e474-4737-8253-6a9d9fdfd113 None None] REQUEST_METHOD: `GET` {{(pid=80434) log_request_info /opt/stack/keystone/keystone/server/flask/request_processing/req_logging.py:26}}
Mar 21 15:46:22 ubuntu devstack@keystone.service[80434]: DEBUG keystone.server.flask.request_processing.req_logging [None req-306ad2f4-e474-4737-8253-6a9d9fdfd113 None None] SCRIPT_NAME: `/identity` {{(pid=80434) log_request_info /opt/stack/keystone/keystone/server/flask/request_processing/req_logging.py:27}}
Mar 21 15:46:22 ubuntu devstack@keystone.service[80434]: DEBUG keystone.server.flask.request_processing.req_logging [None req-306ad2f4-e474-4737-8253-6a9d9fdfd113 None None] PATH_INFO: `/` {{(pid=80434) log_request_info /opt/stack/keystone/keystone/server/flask/request_processing/req_logging.py:28}}
Mar 21 15:46:22 ubuntu devstack@keystone.service[80434]: [pid: 80434|app: 0|req: 21/42] 10.201.5.82 () {54 vars in 919 bytes} [Fri Mar 21 15:46:22 2025] GET /identity => generated 270 bytes in 2 msecs (HTTP/1.1 300) 6 headers in 234 bytes (1 switches on core 0)
Mar 21 15:46:22 ubuntu devstack@keystone.service[80433]: DEBUG keystone.server.flask.request_processing.req_logging [None req-26b2b55c-5f0a-4b61-81cf-844763bdec98 None None] REQUEST_METHOD: `POST` {{(pid=80433) log_request_info /opt/stack/keystone/keystone/server/flask/request_processing/req_logging.py:26}}
Mar 21 15:46:22 ubuntu devstack@keystone.service[80433]: DEBUG keystone.server.flask.request_processing.req_logging [None req-26b2b55c-5f0a-4b61-81cf-844763bdec98 None None] SCRIPT_NAME: `/identity` {{(pid=80433) log_request_info /opt/stack/keystone/keystone/server/flask/request_processing/req_logging.py:27}}
Mar 21 15:46:22 ubuntu devstack@keystone.service[80433]: DEBUG keystone.server.flask.request_processing.req_logging [None req-26b2b55c-5f0a-4b61-81cf-844763bdec98 None None] PATH_INFO: `/v3/auth/tokens` {{(pid=80433) log_request_info /opt/stack/keystone/keystone/server/flask/request_processing/req_logging.py:28}}
Mar 21 15:46:22 ubuntu devstack@keystone.service[80433]: WARNING keystone.common.password_hashing [None req-26b2b55c-5f0a-4b61-81cf-844763bdec98 None None] Truncating password to algorithm specific maximum length 72 characters.
Mar 21 15:46:22 ubuntu devstack@keystone.service[80434]: DEBUG keystone.server.flask.request_processing.req_logging [None req-b2d905af-ce4f-4017-87d1-b6b1e4d712b6 None None] REQUEST_METHOD: `GET` {{(pid=80434) log_request_info /opt/stack/keystone/keystone/server/flask/request_processing/req_logging.py:26}}
Mar 21 15:46:22 ubuntu devstack@keystone.service[80434]: DEBUG keystone.server.flask.request_processing.req_logging [None req-b2d905af-ce4f-4017-87d1-b6b1e4d712b6 None None] SCRIPT_NAME: `/identity` {{(pid=80434) log_request_info /opt/stack/keystone/keystone/server/flask/request_processing/req_logging.py:27}}
Mar 21 15:46:22 ubuntu devstack@keystone.service[80434]: DEBUG keystone.server.flask.request_processing.req_logging [None req-b2d905af-ce4f-4017-87d1-b6b1e4d712b6 None None] PATH_INFO: `/` {{(pid=80434) log_request_info /opt/stack/keystone/keystone/server/flask/request_processing/req_logging.py:28}}
Mar 21 15:46:22 ubuntu devstack@keystone.service[80434]: [pid: 80434|app: 0|req: 22/43] 10.201.5.82 () {54 vars in 919 bytes} [Fri Mar 21 15:46:22 2025] GET /identity => generated 270 bytes in 1 msecs (HTTP/1.1 300) 6 headers in 234 bytes (2 switches on core 0)
Mar 21 15:46:22 ubuntu devstack@keystone.service[80434]: DEBUG keystone.server.flask.request_processing.req_logging [None req-4bb83c66-109a-4be1-935c-b08dfb7d05be None None] REQUEST_METHOD: `POST` {{(pid=80434) log_request_info /opt/stack/keystone/keystone/server/flask/request_processing/req_logging.py:26}}
Mar 21 15:46:22 ubuntu devstack@keystone.service[80433]: DEBUG keystone.auth.core [None req-26b2b55c-5f0a-4b61-81cf-844763bdec98 None None] MFA Rules not processed for user `4645568090a24916aabfc1f6f110510e`. Rule list: `[]` (Enabled: `True`). {{(pid=80433) check_auth_methods_against_rules /opt/stack/keystone/keystone/auth/core.py:476}}
Mar 21 15:46:22 ubuntu devstack@keystone.service[80434]: DEBUG keystone.server.flask.request_processing.req_logging [None req-4bb83c66-109a-4be1-935c-b08dfb7d05be None None] SCRIPT_NAME: `/identity` {{(pid=80434) log_request_info /opt/stack/keystone/keystone/server/flask/request_processing/req_logging.py:27}}
Mar 21 15:46:22 ubuntu devstack@keystone.service[80434]: DEBUG keystone.server.flask.request_processing.req_logging [None req-4bb83c66-109a-4be1-935c-b08dfb7d05be None None] PATH_INFO: `/v3/auth/tokens` {{(pid=80434) log_request_info /opt/stack/keystone/keystone/server/flask/request_processing/req_logging.py:28}}
Mar 21 15:46:22 ubuntu devstack@keystone.service[80433]: DEBUG keystone.common.fernet_utils [None req-26b2b55c-5f0a-4b61-81cf-844763bdec98 None None] Loaded 2 Fernet keys from /etc/keystone/fernet-keys/, but `[fernet_tokens] max_active_keys = 3`; perhaps there have not been enough key rotations to reach `max_active_keys` yet? {{(pid=80433) load_keys /opt/stack/keystone/keystone/common/fernet_utils.py:297}}
Mar 21 15:46:22 ubuntu devstack@keystone.service[80434]: WARNING keystone.common.password_hashing [None req-4bb83c66-109a-4be1-935c-b08dfb7d05be None None] Truncating password to algorithm specific maximum length 72 characters.
Mar 21 15:46:22 ubuntu devstack@keystone.service[80434]: DEBUG keystone.auth.core [None req-4bb83c66-109a-4be1-935c-b08dfb7d05be None None] MFA Rules not processed for user `4645568090a24916aabfc1f6f110510e`. Rule list: `[]` (Enabled: `True`). {{(pid=80434) check_auth_methods_against_rules /opt/stack/keystone/keystone/auth/core.py:476}}
Mar 21 15:46:22 ubuntu devstack@keystone.service[80434]: DEBUG keystone.common.fernet_utils [None req-4bb83c66-109a-4be1-935c-b08dfb7d05be None None] Loaded 2 Fernet keys from /etc/keystone/fernet-keys/, but `[fernet_tokens] max_active_keys = 3`; perhaps there have not been enough key rotations to reach `max_active_keys` yet? {{(pid=80434) load_keys /opt/stack/keystone/keystone/common/fernet_utils.py:297}}
Mar 21 15:46:22 ubuntu devstack@keystone.service[80433]: [pid: 80433|app: 0|req: 22/44] 10.201.5.82 () {58 vars in 1016 bytes} [Fri Mar 21 15:46:22 2025] POST /identity/v3/auth/tokens => generated 862 bytes in 60 msecs (HTTP/1.1 201) 6 headers in 363 bytes (1 switches on core 0)
Mar 21 15:46:22 ubuntu devstack@keystone.service[80434]: [pid: 80434|app: 0|req: 23/45] 10.201.5.82 () {58 vars in 1016 bytes} [Fri Mar 21 15:46:22 2025] POST /identity/v3/auth/tokens => generated 862 bytes in 62 msecs (HTTP/1.1 201) 6 headers in 363 bytes (1 switches on core 0)
Mar 21 15:46:22 ubuntu devstack@keystone.service[80433]: DEBUG keystone.server.flask.request_processing.middleware.auth_context [None req-26b2b55c-5f0a-4b61-81cf-844763bdec98 None None] Authenticating user token {{(pid=80433) process_request /opt/stack/data/venv/lib/python3.10/site-packages/keystonemiddleware/auth_token/__init__.py:406}}
Mar 21 15:46:22 ubuntu devstack@keystone.service[80434]: DEBUG keystone.server.flask.request_processing.middleware.auth_context [None req-4bb83c66-109a-4be1-935c-b08dfb7d05be None None] Authenticating user token {{(pid=80434) process_request /opt/stack/data/venv/lib/python3.10/site-packages/keystonemiddleware/auth_token/__init__.py:406}}
Mar 21 15:46:22 ubuntu devstack@keystone.service[80433]: DEBUG keystone.server.flask.request_processing.middleware.auth_context [None req-26b2b55c-5f0a-4b61-81cf-844763bdec98 None None] Validating token access rules against request {{(pid=80433) validate_allowed_request /opt/stack/data/venv/lib/python3.10/site-packages/keystonemiddleware/auth_token/__init__.py:544}}
Mar 21 15:46:22 ubuntu devstack@keystone.service[80433]: DEBUG keystone.server.flask.request_processing.middleware.auth_context [None req-67072fcb-d7b9-40ab-9b9b-0494693a0803 None admin] RBAC: auth_context: {'token': <TokenModel (audit_id=3B6b_lRJT26nP7FBVl1y4g, audit_chain_id=['3B6b_lRJT26nP7FBVl1y4g']) at 0x7f3958620340>, 'domain_id': None, 'trust_id': None, 'trustor_id': None, 'trustee_id': None, 'domain_name': None, 'group_ids': [], 'user_id': '4645568090a24916aabfc1f6f110510e', 'user_domain_id': 'default', 'system_scope': 'all', 'project_id': None, 'project_domain_id': None, 'roles': ['admin', 'manager', 'member', 'reader'], 'is_admin_project': True, 'service_user_id': None, 'service_user_domain_id': None, 'service_project_id': None, 'service_project_domain_id': None, 'service_roles': []} {{(pid=80433) fill_context /opt/stack/keystone/keystone/server/flask/request_processing/middleware/auth_context.py:506}}
Mar 21 15:46:22 ubuntu devstack@keystone.service[80433]: DEBUG keystone.server.flask.request_processing.req_logging [None req-67072fcb-d7b9-40ab-9b9b-0494693a0803 None admin] REQUEST_METHOD: `POST` {{(pid=80433) log_request_info /opt/stack/keystone/keystone/server/flask/request_processing/req_logging.py:26}}
Mar 21 15:46:22 ubuntu devstack@keystone.service[80433]: DEBUG keystone.server.flask.request_processing.req_logging [None req-67072fcb-d7b9-40ab-9b9b-0494693a0803 None admin] SCRIPT_NAME: `/identity` {{(pid=80433) log_request_info /opt/stack/keystone/keystone/server/flask/request_processing/req_logging.py:27}}
Mar 21 15:46:22 ubuntu devstack@keystone.service[80433]: DEBUG keystone.server.flask.request_processing.req_logging [None req-67072fcb-d7b9-40ab-9b9b-0494693a0803 None admin] PATH_INFO: `/v3/roles` {{(pid=80433) log_request_info /opt/stack/keystone/keystone/server/flask/request_processing/req_logging.py:28}}
Mar 21 15:46:22 ubuntu devstack@keystone.service[80433]: DEBUG keystone.common.rbac_enforcer.enforcer [None req-67072fcb-d7b9-40ab-9b9b-0494693a0803 None admin] RBAC: Authorizing `identity:create_role()` {{(pid=80433) enforce_call /opt/stack/keystone/keystone/common/rbac_enforcer/enforcer.py:495}}
Mar 21 15:46:22 ubuntu devstack@keystone.service[80433]: DEBUG keystone.common.rbac_enforcer.enforcer [None req-67072fcb-d7b9-40ab-9b9b-0494693a0803 None admin] RBAC: Authorization granted {{(pid=80433) enforce_call /opt/stack/keystone/keystone/common/rbac_enforcer/enforcer.py:506}}
Mar 21 15:46:22 ubuntu devstack@keystone.service[80434]: DEBUG keystone.server.flask.request_processing.middleware.auth_context [None req-4bb83c66-109a-4be1-935c-b08dfb7d05be None None] Validating token access rules against request {{(pid=80434) validate_allowed_request /opt/stack/data/venv/lib/python3.10/site-packages/keystonemiddleware/auth_token/__init__.py:544}}
Mar 21 15:46:22 ubuntu devstack@keystone.service[80433]: [pid: 80433|app: 0|req: 23/46] 10.201.5.82 () {60 vars in 1167 bytes} [Fri Mar 21 15:46:22 2025] POST /identity/v3/roles => generated 223 bytes in 79 msecs (HTTP/1.1 201) 5 headers in 182 bytes (1 switches on core 0)
Mar 21 15:46:22 ubuntu devstack@keystone.service[80434]: DEBUG keystone.server.flask.request_processing.middleware.auth_context [None req-948aef00-fb99-45e0-a1f6-ae55011b2d0a None admin] RBAC: auth_context: {'token': <TokenModel (audit_id=KN5OSuakRj6cqlyvS_BvdA, audit_chain_id=['KN5OSuakRj6cqlyvS_BvdA']) at 0x7f39594d08b0>, 'domain_id': None, 'trust_id': None, 'trustor_id': None, 'trustee_id': None, 'domain_name': None, 'group_ids': [], 'user_id': '4645568090a24916aabfc1f6f110510e', 'user_domain_id': 'default', 'system_scope': 'all', 'project_id': None, 'project_domain_id': None, 'roles': ['admin', 'manager', 'member', 'reader'], 'is_admin_project': True, 'service_user_id': None, 'service_user_domain_id': None, 'service_project_id': None, 'service_project_domain_id': None, 'service_roles': []} {{(pid=80434) fill_context /opt/stack/keystone/keystone/server/flask/request_processing/middleware/auth_context.py:506}}
Mar 21 15:46:22 ubuntu devstack@keystone.service[80434]: DEBUG keystone.server.flask.request_processing.req_logging [None req-948aef00-fb99-45e0-a1f6-ae55011b2d0a None admin] REQUEST_METHOD: `GET` {{(pid=80434) log_request_info /opt/stack/keystone/keystone/server/flask/request_processing/req_logging.py:26}}
Mar 21 15:46:22 ubuntu devstack@keystone.service[80434]: DEBUG keystone.server.flask.request_processing.req_logging [None req-948aef00-fb99-45e0-a1f6-ae55011b2d0a None admin] SCRIPT_NAME: `/identity` {{(pid=80434) log_request_info /opt/stack/keystone/keystone/server/flask/request_processing/req_logging.py:27}}
Mar 21 15:46:22 ubuntu devstack@keystone.service[80434]: DEBUG keystone.server.flask.request_processing.req_logging [None req-948aef00-fb99-45e0-a1f6-ae55011b2d0a None admin] PATH_INFO: `/v3/domains/default` {{(pid=80434) log_request_info /opt/stack/keystone/keystone/server/flask/request_processing/req_logging.py:28}}
Mar 21 15:46:22 ubuntu devstack@keystone.service[80434]: DEBUG keystone.common.rbac_enforcer.enforcer [None req-948aef00-fb99-45e0-a1f6-ae55011b2d0a None admin] RBAC: Authorizing `identity:get_domain(domain_id=default)` {{(pid=80434) enforce_call /opt/stack/keystone/keystone/common/rbac_enforcer/enforcer.py:495}}
Mar 21 15:46:22 ubuntu devstack@keystone.service[80434]: DEBUG keystone.common.rbac_enforcer.enforcer [None req-948aef00-fb99-45e0-a1f6-ae55011b2d0a None admin] RBAC: Authorization granted {{(pid=80434) enforce_call /opt/stack/keystone/keystone/common/rbac_enforcer/enforcer.py:506}}
Mar 21 15:46:22 ubuntu devstack@keystone.service[80434]: [pid: 80434|app: 0|req: 24/47] 10.201.5.82 () {56 vars in 1100 bytes} [Fri Mar 21 15:46:22 2025] GET /identity/v3/domains/default => generated 199 bytes in 85 msecs (HTTP/1.1 200) 5 headers in 177 bytes (1 switches on core 0)
Mar 21 15:46:22 ubuntu devstack@keystone.service[80433]: DEBUG keystone.server.flask.request_processing.middleware.auth_context [None req-67072fcb-d7b9-40ab-9b9b-0494693a0803 None admin] Authenticating user token {{(pid=80433) process_request /opt/stack/data/venv/lib/python3.10/site-packages/keystonemiddleware/auth_token/__init__.py:406}}
Mar 21 15:46:22 ubuntu devstack@keystone.service[80433]: DEBUG keystone.server.flask.request_processing.middleware.auth_context [None req-67072fcb-d7b9-40ab-9b9b-0494693a0803 None admin] Validating token access rules against request {{(pid=80433) validate_allowed_request /opt/stack/data/venv/lib/python3.10/site-packages/keystonemiddleware/auth_token/__init__.py:544}}
Mar 21 15:46:22 ubuntu devstack@keystone.service[80433]: DEBUG keystone.server.flask.request_processing.middleware.auth_context [None req-2850a7ee-0e36-4a84-ab63-6ae97e65599f None admin] RBAC: auth_context: {'token': <TokenModel (audit_id=KN5OSuakRj6cqlyvS_BvdA, audit_chain_id=['KN5OSuakRj6cqlyvS_BvdA']) at 0x7f3958621ea0>, 'domain_id': None, 'trust_id': None, 'trustor_id': None, 'trustee_id': None, 'domain_name': None, 'group_ids': [], 'user_id': '4645568090a24916aabfc1f6f110510e', 'user_domain_id': 'default', 'system_scope': 'all', 'project_id': None, 'project_domain_id': None, 'roles': ['admin', 'manager', 'member', 'reader'], 'is_admin_project': True, 'service_user_id': None, 'service_user_domain_id': None, 'service_project_id': None, 'service_project_domain_id': None, 'service_roles': []} {{(pid=80433) fill_context /opt/stack/keystone/keystone/server/flask/request_processing/middleware/auth_context.py:506}}
Mar 21 15:46:22 ubuntu devstack@keystone.service[80433]: DEBUG keystone.server.flask.request_processing.req_logging [None req-2850a7ee-0e36-4a84-ab63-6ae97e65599f None admin] REQUEST_METHOD: `POST` {{(pid=80433) log_request_info /opt/stack/keystone/keystone/server/flask/request_processing/req_logging.py:26}}
Mar 21 15:46:22 ubuntu devstack@keystone.service[80433]: DEBUG keystone.server.flask.request_processing.req_logging [None req-2850a7ee-0e36-4a84-ab63-6ae97e65599f None admin] SCRIPT_NAME: `/identity` {{(pid=80433) log_request_info /opt/stack/keystone/keystone/server/flask/request_processing/req_logging.py:27}}
Mar 21 15:46:22 ubuntu devstack@keystone.service[80433]: DEBUG keystone.server.flask.request_processing.req_logging [None req-2850a7ee-0e36-4a84-ab63-6ae97e65599f None admin] PATH_INFO: `/v3/projects` {{(pid=80433) log_request_info /opt/stack/keystone/keystone/server/flask/request_processing/req_logging.py:28}}
Mar 21 15:46:22 ubuntu devstack@keystone.service[80433]: DEBUG keystone.common.rbac_enforcer.enforcer [None req-2850a7ee-0e36-4a84-ab63-6ae97e65599f None admin] RBAC: Authorizing `identity:create_project()` {{(pid=80433) enforce_call /opt/stack/keystone/keystone/common/rbac_enforcer/enforcer.py:495}}
Mar 21 15:46:22 ubuntu devstack@keystone.service[80433]: DEBUG keystone.common.rbac_enforcer.enforcer [None req-2850a7ee-0e36-4a84-ab63-6ae97e65599f None admin] RBAC: Authorization granted {{(pid=80433) enforce_call /opt/stack/keystone/keystone/common/rbac_enforcer/enforcer.py:506}}
Mar 21 15:46:22 ubuntu devstack@keystone.service[80433]: [pid: 80433|app: 0|req: 24/48] 10.201.5.82 () {60 vars in 1133 bytes} [Fri Mar 21 15:46:22 2025] POST /identity/v3/projects => generated 312 bytes in 172 msecs (HTTP/1.1 201) 5 headers in 182 bytes (1 switches on core 0)
Mar 21 15:46:23 ubuntu devstack@keystone.service[80434]: DEBUG keystone.server.flask.request_processing.req_logging [None req-1c5d3f30-1de1-46e9-836a-1d92837dc341 None None] REQUEST_METHOD: `GET` {{(pid=80434) log_request_info /opt/stack/keystone/keystone/server/flask/request_processing/req_logging.py:26}}
Mar 21 15:46:23 ubuntu devstack@keystone.service[80434]: DEBUG keystone.server.flask.request_processing.req_logging [None req-1c5d3f30-1de1-46e9-836a-1d92837dc341 None None] SCRIPT_NAME: `/identity` {{(pid=80434) log_request_info /opt/stack/keystone/keystone/server/flask/request_processing/req_logging.py:27}}
Mar 21 15:46:23 ubuntu devstack@keystone.service[80434]: DEBUG keystone.server.flask.request_processing.req_logging [None req-1c5d3f30-1de1-46e9-836a-1d92837dc341 None None] PATH_INFO: `/` {{(pid=80434) log_request_info /opt/stack/keystone/keystone/server/flask/request_processing/req_logging.py:28}}
Mar 21 15:46:23 ubuntu devstack@keystone.service[80434]: [pid: 80434|app: 0|req: 25/49] 10.201.5.82 () {54 vars in 919 bytes} [Fri Mar 21 15:46:23 2025] GET /identity => generated 270 bytes in 6 msecs (HTTP/1.1 300) 6 headers in 234 bytes (1 switches on core 0)
Mar 21 15:46:23 ubuntu devstack@keystone.service[80433]: DEBUG keystone.server.flask.request_processing.req_logging [None req-b3972b1c-ea06-4a0c-bc90-88f77b86a6db None None] REQUEST_METHOD: `POST` {{(pid=80433) log_request_info /opt/stack/keystone/keystone/server/flask/request_processing/req_logging.py:26}}
Mar 21 15:46:23 ubuntu devstack@keystone.service[80433]: DEBUG keystone.server.flask.request_processing.req_logging [None req-b3972b1c-ea06-4a0c-bc90-88f77b86a6db None None] SCRIPT_NAME: `/identity` {{(pid=80433) log_request_info /opt/stack/keystone/keystone/server/flask/request_processing/req_logging.py:27}}
Mar 21 15:46:23 ubuntu devstack@keystone.service[80433]: DEBUG keystone.server.flask.request_processing.req_logging [None req-b3972b1c-ea06-4a0c-bc90-88f77b86a6db None None] PATH_INFO: `/v3/auth/tokens` {{(pid=80433) log_request_info /opt/stack/keystone/keystone/server/flask/request_processing/req_logging.py:28}}
Mar 21 15:46:24 ubuntu devstack@keystone.service[80433]: WARNING keystone.common.password_hashing [None req-b3972b1c-ea06-4a0c-bc90-88f77b86a6db None None] Truncating password to algorithm specific maximum length 72 characters.
Mar 21 15:46:24 ubuntu devstack@keystone.service[80433]: DEBUG keystone.auth.core [None req-b3972b1c-ea06-4a0c-bc90-88f77b86a6db None None] MFA Rules not processed for user `4645568090a24916aabfc1f6f110510e`. Rule list: `[]` (Enabled: `True`). {{(pid=80433) check_auth_methods_against_rules /opt/stack/keystone/keystone/auth/core.py:476}}
Mar 21 15:46:24 ubuntu devstack@keystone.service[80433]: DEBUG keystone.common.fernet_utils [None req-b3972b1c-ea06-4a0c-bc90-88f77b86a6db None None] Loaded 2 Fernet keys from /etc/keystone/fernet-keys/, but `[fernet_tokens] max_active_keys = 3`; perhaps there have not been enough key rotations to reach `max_active_keys` yet? {{(pid=80433) load_keys /opt/stack/keystone/keystone/common/fernet_utils.py:297}}
Mar 21 15:46:24 ubuntu devstack@keystone.service[80433]: [pid: 80433|app: 0|req: 25/50] 10.201.5.82 () {58 vars in 1016 bytes} [Fri Mar 21 15:46:23 2025] POST /identity/v3/auth/tokens => generated 862 bytes in 62 msecs (HTTP/1.1 201) 6 headers in 363 bytes (1 switches on core 0)
Mar 21 15:46:24 ubuntu devstack@keystone.service[80434]: DEBUG keystone.server.flask.request_processing.middleware.auth_context [None req-1c5d3f30-1de1-46e9-836a-1d92837dc341 None None] Authenticating user token {{(pid=80434) process_request /opt/stack/data/venv/lib/python3.10/site-packages/keystonemiddleware/auth_token/__init__.py:406}}
Mar 21 15:46:24 ubuntu devstack@keystone.service[80434]: DEBUG keystone.server.flask.request_processing.middleware.auth_context [None req-1c5d3f30-1de1-46e9-836a-1d92837dc341 None None] Validating token access rules against request {{(pid=80434) validate_allowed_request /opt/stack/data/venv/lib/python3.10/site-packages/keystonemiddleware/auth_token/__init__.py:544}}
Mar 21 15:46:24 ubuntu devstack@keystone.service[80434]: DEBUG keystone.server.flask.request_processing.middleware.auth_context [None req-6b9f31a7-6f37-4855-8933-918a8e6878ee None admin] RBAC: auth_context: {'token': <TokenModel (audit_id=3BA4wCQpRr-yWmZpsCgvww, audit_chain_id=['3BA4wCQpRr-yWmZpsCgvww']) at 0x7f3958accbb0>, 'domain_id': None, 'trust_id': None, 'trustor_id': None, 'trustee_id': None, 'domain_name': None, 'group_ids': [], 'user_id': '4645568090a24916aabfc1f6f110510e', 'user_domain_id': 'default', 'system_scope': 'all', 'project_id': None, 'project_domain_id': None, 'roles': ['admin', 'manager', 'member', 'reader'], 'is_admin_project': True, 'service_user_id': None, 'service_user_domain_id': None, 'service_project_id': None, 'service_project_domain_id': None, 'service_roles': []} {{(pid=80434) fill_context /opt/stack/keystone/keystone/server/flask/request_processing/middleware/auth_context.py:506}}
Mar 21 15:46:24 ubuntu devstack@keystone.service[80434]: DEBUG keystone.server.flask.request_processing.req_logging [None req-6b9f31a7-6f37-4855-8933-918a8e6878ee None admin] REQUEST_METHOD: `GET` {{(pid=80434) log_request_info /opt/stack/keystone/keystone/server/flask/request_processing/req_logging.py:26}}
Mar 21 15:46:24 ubuntu devstack@keystone.service[80434]: DEBUG keystone.server.flask.request_processing.req_logging [None req-6b9f31a7-6f37-4855-8933-918a8e6878ee None admin] SCRIPT_NAME: `/identity` {{(pid=80434) log_request_info /opt/stack/keystone/keystone/server/flask/request_processing/req_logging.py:27}}
Mar 21 15:46:24 ubuntu devstack@keystone.service[80434]: DEBUG keystone.server.flask.request_processing.req_logging [None req-6b9f31a7-6f37-4855-8933-918a8e6878ee None admin] PATH_INFO: `/v3/domains/default` {{(pid=80434) log_request_info /opt/stack/keystone/keystone/server/flask/request_processing/req_logging.py:28}}
Mar 21 15:46:24 ubuntu devstack@keystone.service[80434]: DEBUG keystone.common.rbac_enforcer.enforcer [None req-6b9f31a7-6f37-4855-8933-918a8e6878ee None admin] RBAC: Authorizing `identity:get_domain(domain_id=default)` {{(pid=80434) enforce_call /opt/stack/keystone/keystone/common/rbac_enforcer/enforcer.py:495}}
Mar 21 15:46:24 ubuntu devstack@keystone.service[80434]: DEBUG keystone.common.rbac_enforcer.enforcer [None req-6b9f31a7-6f37-4855-8933-918a8e6878ee None admin] RBAC: Authorization granted {{(pid=80434) enforce_call /opt/stack/keystone/keystone/common/rbac_enforcer/enforcer.py:506}}
Mar 21 15:46:24 ubuntu devstack@keystone.service[80434]: [pid: 80434|app: 0|req: 26/51] 10.201.5.82 () {56 vars in 1100 bytes} [Fri Mar 21 15:46:24 2025] GET /identity/v3/domains/default => generated 199 bytes in 68 msecs (HTTP/1.1 200) 5 headers in 177 bytes (1 switches on core 0)
Mar 21 15:46:24 ubuntu devstack@keystone.service[80433]: DEBUG keystone.server.flask.request_processing.middleware.auth_context [None req-b3972b1c-ea06-4a0c-bc90-88f77b86a6db None None] Authenticating user token {{(pid=80433) process_request /opt/stack/data/venv/lib/python3.10/site-packages/keystonemiddleware/auth_token/__init__.py:406}}
Mar 21 15:46:24 ubuntu devstack@keystone.service[80433]: DEBUG keystone.server.flask.request_processing.middleware.auth_context [None req-b3972b1c-ea06-4a0c-bc90-88f77b86a6db None None] Validating token access rules against request {{(pid=80433) validate_allowed_request /opt/stack/data/venv/lib/python3.10/site-packages/keystonemiddleware/auth_token/__init__.py:544}}
Mar 21 15:46:24 ubuntu devstack@keystone.service[80433]: DEBUG keystone.server.flask.request_processing.middleware.auth_context [None req-849f6dac-68ee-4770-af4f-adfc483673d3 None admin] RBAC: auth_context: {'token': <TokenModel (audit_id=3BA4wCQpRr-yWmZpsCgvww, audit_chain_id=['3BA4wCQpRr-yWmZpsCgvww']) at 0x7f395941ee00>, 'domain_id': None, 'trust_id': None, 'trustor_id': None, 'trustee_id': None, 'domain_name': None, 'group_ids': [], 'user_id': '4645568090a24916aabfc1f6f110510e', 'user_domain_id': 'default', 'system_scope': 'all', 'project_id': None, 'project_domain_id': None, 'roles': ['admin', 'manager', 'member', 'reader'], 'is_admin_project': True, 'service_user_id': None, 'service_user_domain_id': None, 'service_project_id': None, 'service_project_domain_id': None, 'service_roles': []} {{(pid=80433) fill_context /opt/stack/keystone/keystone/server/flask/request_processing/middleware/auth_context.py:506}}
Mar 21 15:46:24 ubuntu devstack@keystone.service[80433]: DEBUG keystone.server.flask.request_processing.req_logging [None req-849f6dac-68ee-4770-af4f-adfc483673d3 None admin] REQUEST_METHOD: `POST` {{(pid=80433) log_request_info /opt/stack/keystone/keystone/server/flask/request_processing/req_logging.py:26}}
Mar 21 15:46:24 ubuntu devstack@keystone.service[80433]: DEBUG keystone.server.flask.request_processing.req_logging [None req-849f6dac-68ee-4770-af4f-adfc483673d3 None admin] SCRIPT_NAME: `/identity` {{(pid=80433) log_request_info /opt/stack/keystone/keystone/server/flask/request_processing/req_logging.py:27}}
Mar 21 15:46:24 ubuntu devstack@keystone.service[80433]: DEBUG keystone.server.flask.request_processing.req_logging [None req-849f6dac-68ee-4770-af4f-adfc483673d3 None admin] PATH_INFO: `/v3/projects` {{(pid=80433) log_request_info /opt/stack/keystone/keystone/server/flask/request_processing/req_logging.py:28}}
Mar 21 15:46:24 ubuntu devstack@keystone.service[80433]: DEBUG keystone.common.rbac_enforcer.enforcer [None req-849f6dac-68ee-4770-af4f-adfc483673d3 None admin] RBAC: Authorizing `identity:create_project()` {{(pid=80433) enforce_call /opt/stack/keystone/keystone/common/rbac_enforcer/enforcer.py:495}}
Mar 21 15:46:24 ubuntu devstack@keystone.service[80433]: DEBUG keystone.common.rbac_enforcer.enforcer [None req-849f6dac-68ee-4770-af4f-adfc483673d3 None admin] RBAC: Authorization granted {{(pid=80433) enforce_call /opt/stack/keystone/keystone/common/rbac_enforcer/enforcer.py:506}}
Mar 21 15:46:24 ubuntu devstack@keystone.service[80433]: [pid: 80433|app: 0|req: 26/52] 10.201.5.82 () {60 vars in 1132 bytes} [Fri Mar 21 15:46:24 2025] POST /identity/v3/projects => generated 298 bytes in 75 msecs (HTTP/1.1 201) 5 headers in 182 bytes (1 switches on core 0)
Mar 21 15:46:25 ubuntu devstack@keystone.service[80434]: DEBUG keystone.server.flask.request_processing.req_logging [None req-2c036ada-fe19-48f7-839d-b180cdb0ff5e None None] REQUEST_METHOD: `GET` {{(pid=80434) log_request_info /opt/stack/keystone/keystone/server/flask/request_processing/req_logging.py:26}}
Mar 21 15:46:25 ubuntu devstack@keystone.service[80434]: DEBUG keystone.server.flask.request_processing.req_logging [None req-2c036ada-fe19-48f7-839d-b180cdb0ff5e None None] SCRIPT_NAME: `/identity` {{(pid=80434) log_request_info /opt/stack/keystone/keystone/server/flask/request_processing/req_logging.py:27}}
