Jan 07 03:38:16 ubuntu devstack@keystone.service[81371]: DEBUG keystone.server.flask.common [-] Adding resource routes to API role_assignments: ['/role_assignments' {}] {{(pid=81371) _add_mapped_resources /opt/stack/keystone/keystone/server/flask/common.py:483}}
Jan 07 03:38:16 ubuntu devstack@keystone.service[81371]: DEBUG keystone.server.flask.common [-] Adding resource routes to API role_inferences: ['/role_inferences' {}] {{(pid=81371) _add_mapped_resources /opt/stack/keystone/keystone/server/flask/common.py:483}}
Jan 07 03:38:16 ubuntu devstack@keystone.service[81371]: DEBUG keystone.server.flask.common [-] Adding resource routes to API roles: ['/roles' {}] {{(pid=81371) _add_mapped_resources /opt/stack/keystone/keystone/server/flask/common.py:483}}
Jan 07 03:38:16 ubuntu devstack@keystone.service[81371]: DEBUG keystone.server.flask.common [-] Adding resource routes to API roles: ['/roles/<string:role_id>' {}] {{(pid=81371) _add_mapped_resources /opt/stack/keystone/keystone/server/flask/common.py:483}}
Jan 07 03:38:16 ubuntu devstack@keystone.service[81371]: DEBUG keystone.server.flask.common [-] Adding resource routes to API roles: ['/roles/<string:prior_role_id>/implies' {}] {{(pid=81371) _add_mapped_resources /opt/stack/keystone/keystone/server/flask/common.py:483}}
Jan 07 03:38:16 ubuntu devstack@keystone.service[81371]: DEBUG keystone.server.flask.common [-] Adding resource routes to API roles: ['/roles/<string:prior_role_id>/implies/<string:implied_role_id>' {}] {{(pid=81371) _add_mapped_resources /opt/stack/keystone/keystone/server/flask/common.py:483}}
Jan 07 03:38:16 ubuntu devstack@keystone.service[81372]: WSGI app 0 (mountpoint='') ready in 2 seconds on interpreter 0x55dc4d5dad40 pid: 81372 (default app)
Jan 07 03:38:16 ubuntu devstack@keystone.service[81372]: DEBUG keystone.server.flask.request_processing.req_logging [None req-fdc8a770-e126-47c3-9fa2-47455eb81b1b None None] REQUEST_METHOD: `GET` {{(pid=81372) log_request_info /opt/stack/keystone/keystone/server/flask/request_processing/req_logging.py:26}}
Jan 07 03:38:16 ubuntu devstack@keystone.service[81372]: DEBUG keystone.server.flask.request_processing.req_logging [None req-fdc8a770-e126-47c3-9fa2-47455eb81b1b None None] SCRIPT_NAME: `/identity` {{(pid=81372) log_request_info /opt/stack/keystone/keystone/server/flask/request_processing/req_logging.py:27}}
Jan 07 03:38:16 ubuntu devstack@keystone.service[81372]: DEBUG keystone.server.flask.request_processing.req_logging [None req-fdc8a770-e126-47c3-9fa2-47455eb81b1b None None] PATH_INFO: `/v3` {{(pid=81372) log_request_info /opt/stack/keystone/keystone/server/flask/request_processing/req_logging.py:28}}
Jan 07 03:38:16 ubuntu devstack@keystone.service[81371]: DEBUG keystone.server.flask.common [-] Adding resource routes to API s3tokens: ['/s3tokens' {}] {{(pid=81371) _add_mapped_resources /opt/stack/keystone/keystone/server/flask/common.py:483}}
Jan 07 03:38:16 ubuntu devstack@keystone.service[81372]: [pid: 81372|app: 0|req: 1/1] 10.201.5.82 () {50 vars in 783 bytes} [Wed Jan  7 03:38:16 2026] GET /identity/v3/ => generated 255 bytes in 2 msecs (HTTP/1.1 200) 5 headers in 177 bytes (1 switches on core 0)
Jan 07 03:38:16 ubuntu devstack@keystone.service[81371]: DEBUG keystone.server.flask.common [-] Adding resource routes to API services: ['/services' {}] {{(pid=81371) _add_mapped_resources /opt/stack/keystone/keystone/server/flask/common.py:483}}
Jan 07 03:38:16 ubuntu devstack@keystone.service[81371]: DEBUG keystone.server.flask.common [-] Adding resource routes to API services: ['/services/<string:service_id>' {}] {{(pid=81371) _add_mapped_resources /opt/stack/keystone/keystone/server/flask/common.py:483}}
Jan 07 03:38:16 ubuntu devstack@keystone.service[81371]: DEBUG keystone.server.flask.common [-] Adding resource routes to API system: ['/system/users/<string:user_id>/roles' {}] {{(pid=81371) _add_mapped_resources /opt/stack/keystone/keystone/server/flask/common.py:483}}
Jan 07 03:38:16 ubuntu devstack@keystone.service[81371]: DEBUG keystone.server.flask.common [-] Adding resource routes to API system: ['/system/users/<string:user_id>/roles/<string:role_id>' {}] {{(pid=81371) _add_mapped_resources /opt/stack/keystone/keystone/server/flask/common.py:483}}
Jan 07 03:38:16 ubuntu devstack@keystone.service[81371]: DEBUG keystone.server.flask.common [-] Adding resource routes to API system: ['/system/groups/<string:group_id>/roles' {}] {{(pid=81371) _add_mapped_resources /opt/stack/keystone/keystone/server/flask/common.py:483}}
Jan 07 03:38:16 ubuntu devstack@keystone.service[81371]: DEBUG keystone.server.flask.common [-] Adding resource routes to API system: ['/system/groups/<string:group_id>/roles/<string:role_id>' {}] {{(pid=81371) _add_mapped_resources /opt/stack/keystone/keystone/server/flask/common.py:483}}
Jan 07 03:38:16 ubuntu devstack@keystone.service[81371]: DEBUG keystone.server.flask.common [-] Adding resource routes to API trusts: ['/trusts' {}] {{(pid=81371) _add_mapped_resources /opt/stack/keystone/keystone/server/flask/common.py:483}}
Jan 07 03:38:16 ubuntu devstack@keystone.service[81371]: DEBUG keystone.server.flask.common [-] Adding resource routes to API trusts: ['/trusts/<string:trust_id>' {}] {{(pid=81371) _add_mapped_resources /opt/stack/keystone/keystone/server/flask/common.py:483}}
Jan 07 03:38:16 ubuntu devstack@keystone.service[81371]: DEBUG keystone.server.flask.common [-] Adding resource routes to API trusts: ['/trusts/<string:trust_id>/roles' {}] {{(pid=81371) _add_mapped_resources /opt/stack/keystone/keystone/server/flask/common.py:483}}
Jan 07 03:38:16 ubuntu devstack@keystone.service[81371]: DEBUG keystone.server.flask.common [-] Adding resource routes to API trusts: ['/trusts/<string:trust_id>/roles/<string:role_id>' {}] {{(pid=81371) _add_mapped_resources /opt/stack/keystone/keystone/server/flask/common.py:483}}
Jan 07 03:38:16 ubuntu devstack@keystone.service[81371]: DEBUG keystone.server.flask.common [-] Adding resource routes to API users: ['/users' {}] {{(pid=81371) _add_mapped_resources /opt/stack/keystone/keystone/server/flask/common.py:483}}
Jan 07 03:38:16 ubuntu devstack@keystone.service[81371]: DEBUG keystone.server.flask.common [-] Adding resource routes to API users: ['/users/<string:user_id>' {}] {{(pid=81371) _add_mapped_resources /opt/stack/keystone/keystone/server/flask/common.py:483}}
Jan 07 03:38:16 ubuntu devstack@keystone.service[81371]: DEBUG keystone.server.flask.common [-] Adding resource routes to API users: ['/users/<string:user_id>/password' {}] {{(pid=81371) _add_mapped_resources /opt/stack/keystone/keystone/server/flask/common.py:483}}
Jan 07 03:38:16 ubuntu devstack@keystone.service[81371]: DEBUG keystone.server.flask.common [-] Adding resource routes to API users: ['/users/<string:user_id>/groups' {}] {{(pid=81371) _add_mapped_resources /opt/stack/keystone/keystone/server/flask/common.py:483}}
Jan 07 03:38:16 ubuntu devstack@keystone.service[81371]: DEBUG keystone.server.flask.common [-] Adding resource routes to API users: ['/users/<string:user_id>/projects' {}] {{(pid=81371) _add_mapped_resources /opt/stack/keystone/keystone/server/flask/common.py:483}}
Jan 07 03:38:16 ubuntu devstack@keystone.service[81371]: DEBUG keystone.server.flask.common [-] Adding resource routes to API users: ['/users/<string:user_id>/credentials/OS-EC2' {}] {{(pid=81371) _add_mapped_resources /opt/stack/keystone/keystone/server/flask/common.py:483}}
Jan 07 03:38:16 ubuntu devstack@keystone.service[81371]: DEBUG keystone.server.flask.common [-] Adding resource routes to API users: ['/users/<string:user_id>/credentials/OS-EC2/<string:credential_id>' {}] {{(pid=81371) _add_mapped_resources /opt/stack/keystone/keystone/server/flask/common.py:483}}
Jan 07 03:38:16 ubuntu devstack@keystone.service[81371]: DEBUG keystone.server.flask.common [-] Adding resource routes to API users: ['/users/<string:user_id>/OS-OAUTH1/access_tokens' {}] {{(pid=81371) _add_mapped_resources /opt/stack/keystone/keystone/server/flask/common.py:483}}
Jan 07 03:38:16 ubuntu devstack@keystone.service[81371]: DEBUG keystone.server.flask.common [-] Adding resource routes to API users: ['/users/<string:user_id>/OS-OAUTH1/access_tokens/<string:access_token_id>' {}] {{(pid=81371) _add_mapped_resources /opt/stack/keystone/keystone/server/flask/common.py:483}}
Jan 07 03:38:16 ubuntu devstack@keystone.service[81371]: DEBUG keystone.server.flask.common [-] Adding resource routes to API users: ['/users/<string:user_id>/OS-OAUTH1/access_tokens/<string:access_token_id>/roles' {}] {{(pid=81371) _add_mapped_resources /opt/stack/keystone/keystone/server/flask/common.py:483}}
Jan 07 03:38:16 ubuntu devstack@keystone.service[81371]: DEBUG keystone.server.flask.common [-] Adding resource routes to API users: ['/users/<string:user_id>/OS-OAUTH1/access_tokens/<string:access_token_id>/roles/<string:role_id>' {}] {{(pid=81371) _add_mapped_resources /opt/stack/keystone/keystone/server/flask/common.py:483}}
Jan 07 03:38:16 ubuntu devstack@keystone.service[81371]: DEBUG keystone.server.flask.common [-] Adding resource routes to API users: ['/users/<string:user_id>/application_credentials' {}] {{(pid=81371) _add_mapped_resources /opt/stack/keystone/keystone/server/flask/common.py:483}}
Jan 07 03:38:16 ubuntu devstack@keystone.service[81371]: DEBUG keystone.server.flask.common [-] Adding resource routes to API users: ['/users/<string:user_id>/application_credentials/<string:application_credential_id>' {}] {{(pid=81371) _add_mapped_resources /opt/stack/keystone/keystone/server/flask/common.py:483}}
Jan 07 03:38:16 ubuntu devstack@keystone.service[81371]: DEBUG keystone.server.flask.common [-] Adding resource routes to API users: ['/users/<string:user_id>/access_rules' {}] {{(pid=81371) _add_mapped_resources /opt/stack/keystone/keystone/server/flask/common.py:483}}
Jan 07 03:38:16 ubuntu devstack@keystone.service[81371]: DEBUG keystone.server.flask.common [-] Adding resource routes to API users: ['/users/<string:user_id>/access_rules/<string:access_rule_id>' {}] {{(pid=81371) _add_mapped_resources /opt/stack/keystone/keystone/server/flask/common.py:483}}
Jan 07 03:38:16 ubuntu devstack@keystone.service[81371]: WSGI app 0 (mountpoint='') ready in 2 seconds on interpreter 0x55dc4d5dad40 pid: 81371 (default app)
Jan 07 03:38:22 ubuntu devstack@keystone.service[81372]: DEBUG keystone.server.flask.request_processing.req_logging [None req-530b6cd1-be33-4795-9919-769bb8a5a902 None None] REQUEST_METHOD: `GET` {{(pid=81372) log_request_info /opt/stack/keystone/keystone/server/flask/request_processing/req_logging.py:26}}
Jan 07 03:38:22 ubuntu devstack@keystone.service[81372]: DEBUG keystone.server.flask.request_processing.req_logging [None req-530b6cd1-be33-4795-9919-769bb8a5a902 None None] SCRIPT_NAME: `/identity` {{(pid=81372) log_request_info /opt/stack/keystone/keystone/server/flask/request_processing/req_logging.py:27}}
Jan 07 03:38:22 ubuntu devstack@keystone.service[81372]: DEBUG keystone.server.flask.request_processing.req_logging [None req-530b6cd1-be33-4795-9919-769bb8a5a902 None None] PATH_INFO: `/` {{(pid=81372) log_request_info /opt/stack/keystone/keystone/server/flask/request_processing/req_logging.py:28}}
Jan 07 03:38:22 ubuntu devstack@keystone.service[81372]: [pid: 81372|app: 0|req: 2/2] 10.201.5.82 () {54 vars in 919 bytes} [Wed Jan  7 03:38:22 2026] GET /identity => generated 270 bytes in 4 msecs (HTTP/1.1 300) 6 headers in 234 bytes (1 switches on core 0)
Jan 07 03:38:22 ubuntu devstack@keystone.service[81371]: DEBUG keystone.server.flask.request_processing.req_logging [None req-99e1dcaa-2624-4701-a2e1-b5b3c4f70a41 None None] REQUEST_METHOD: `POST` {{(pid=81371) log_request_info /opt/stack/keystone/keystone/server/flask/request_processing/req_logging.py:26}}
Jan 07 03:38:22 ubuntu devstack@keystone.service[81371]: DEBUG keystone.server.flask.request_processing.req_logging [None req-99e1dcaa-2624-4701-a2e1-b5b3c4f70a41 None None] SCRIPT_NAME: `/identity` {{(pid=81371) log_request_info /opt/stack/keystone/keystone/server/flask/request_processing/req_logging.py:27}}
Jan 07 03:38:22 ubuntu devstack@keystone.service[81371]: DEBUG keystone.server.flask.request_processing.req_logging [None req-99e1dcaa-2624-4701-a2e1-b5b3c4f70a41 None None] PATH_INFO: `/v3/auth/tokens` {{(pid=81371) log_request_info /opt/stack/keystone/keystone/server/flask/request_processing/req_logging.py:28}}
Jan 07 03:38:22 ubuntu devstack@keystone.service[81371]: INFO dbcounter [None req-99e1dcaa-2624-4701-a2e1-b5b3c4f70a41 None None] Registered counter for database keystone
Jan 07 03:38:22 ubuntu devstack@keystone.service[81371]: DEBUG oslo_db.sqlalchemy.engines [None req-99e1dcaa-2624-4701-a2e1-b5b3c4f70a41 None None] MySQL server mode set to STRICT_TRANS_TABLES,STRICT_ALL_TABLES,NO_ZERO_IN_DATE,NO_ZERO_DATE,ERROR_FOR_DIVISION_BY_ZERO,TRADITIONAL,NO_ENGINE_SUBSTITUTION {{(pid=81371) _check_effective_sql_mode /opt/stack/data/venv/lib/python3.10/site-packages/oslo_db/sqlalchemy/engines.py:397}}
Jan 07 03:38:22 ubuntu devstack@keystone.service[81371]: DEBUG dbcounter [-] [81371] Writer thread running {{(pid=81371) stat_writer /opt/stack/data/venv/lib/python3.10/site-packages/dbcounter.py:102}}
Jan 07 03:38:22 ubuntu devstack@keystone.service[81371]: WARNING keystone.common.password_hashing [None req-99e1dcaa-2624-4701-a2e1-b5b3c4f70a41 None None] Truncating password to algorithm specific maximum length 72 characters.
Jan 07 03:38:22 ubuntu devstack@keystone.service[81371]: DEBUG keystone.auth.core [None req-99e1dcaa-2624-4701-a2e1-b5b3c4f70a41 None None] MFA Rules not processed for user `d1a3051f95d543b68a16d01227b48049`. Rule list: `[]` (Enabled: `True`). {{(pid=81371) check_auth_methods_against_rules /opt/stack/keystone/keystone/auth/core.py:476}}
Jan 07 03:38:22 ubuntu devstack@keystone.service[81371]: DEBUG keystone.common.fernet_utils [None req-99e1dcaa-2624-4701-a2e1-b5b3c4f70a41 None None] Loaded 2 Fernet keys from /etc/keystone/fernet-keys/, but `[fernet_tokens] max_active_keys = 3`; perhaps there have not been enough key rotations to reach `max_active_keys` yet? {{(pid=81371) load_keys /opt/stack/keystone/keystone/common/fernet_utils.py:297}}
Jan 07 03:38:22 ubuntu devstack@keystone.service[81371]: [pid: 81371|app: 0|req: 1/3] 10.201.5.82 () {58 vars in 1016 bytes} [Wed Jan  7 03:38:22 2026] POST /identity/v3/auth/tokens => generated 977 bytes in 300 msecs (HTTP/1.1 201) 6 headers in 384 bytes (2 switches on core 0)
Jan 07 03:38:22 ubuntu devstack@keystone.service[81372]: DEBUG keystone.server.flask.request_processing.middleware.auth_context [None req-530b6cd1-be33-4795-9919-769bb8a5a902 None None] Authenticating user token {{(pid=81372) process_request /opt/stack/data/venv/lib/python3.10/site-packages/keystonemiddleware/auth_token/__init__.py:407}}
Jan 07 03:38:22 ubuntu devstack@keystone.service[81372]: INFO dbcounter [None req-530b6cd1-be33-4795-9919-769bb8a5a902 None None] Registered counter for database keystone
Jan 07 03:38:22 ubuntu devstack@keystone.service[81372]: DEBUG oslo_db.sqlalchemy.engines [None req-530b6cd1-be33-4795-9919-769bb8a5a902 None None] MySQL server mode set to STRICT_TRANS_TABLES,STRICT_ALL_TABLES,NO_ZERO_IN_DATE,NO_ZERO_DATE,ERROR_FOR_DIVISION_BY_ZERO,TRADITIONAL,NO_ENGINE_SUBSTITUTION {{(pid=81372) _check_effective_sql_mode /opt/stack/data/venv/lib/python3.10/site-packages/oslo_db/sqlalchemy/engines.py:397}}
Jan 07 03:38:22 ubuntu devstack@keystone.service[81372]: DEBUG dbcounter [-] [81372] Writer thread running {{(pid=81372) stat_writer /opt/stack/data/venv/lib/python3.10/site-packages/dbcounter.py:102}}
Jan 07 03:38:22 ubuntu devstack@keystone.service[81372]: DEBUG keystone.server.flask.request_processing.middleware.auth_context [None req-530b6cd1-be33-4795-9919-769bb8a5a902 None None] Validating token access rules against request {{(pid=81372) validate_allowed_request /opt/stack/data/venv/lib/python3.10/site-packages/keystonemiddleware/auth_token/__init__.py:545}}
Jan 07 03:38:22 ubuntu devstack@keystone.service[81372]: DEBUG keystone.server.flask.request_processing.middleware.auth_context [None req-48486c44-e14c-41b0-8a26-6c82aeb9832f admin admin] RBAC: auth_context: {'token': <TokenModel (audit_id=cJhIcQV-TQGMcUwyR109VA, audit_chain_id=['cJhIcQV-TQGMcUwyR109VA']) at 0x7f51eba1f760>, 'domain_id': None, 'trust_id': None, 'trustor_id': None, 'trustee_id': None, 'domain_name': None, 'group_ids': [], 'user_id': 'd1a3051f95d543b68a16d01227b48049', 'user_domain_id': 'default', 'system_scope': None, 'project_id': '4ffc963474494a1f96708d15b10f41df', 'project_domain_id': 'default', 'roles': ['member', 'manager', 'admin', 'reader'], 'is_admin_project': True, 'service_user_id': None, 'service_user_domain_id': None, 'service_project_id': None, 'service_project_domain_id': None, 'service_roles': []} {{(pid=81372) fill_context /opt/stack/keystone/keystone/server/flask/request_processing/middleware/auth_context.py:509}}
Jan 07 03:38:22 ubuntu devstack@keystone.service[81372]: DEBUG keystone.server.flask.request_processing.req_logging [None req-48486c44-e14c-41b0-8a26-6c82aeb9832f admin admin] REQUEST_METHOD: `GET` {{(pid=81372) log_request_info /opt/stack/keystone/keystone/server/flask/request_processing/req_logging.py:26}}
Jan 07 03:38:22 ubuntu devstack@keystone.service[81372]: DEBUG keystone.server.flask.request_processing.req_logging [None req-48486c44-e14c-41b0-8a26-6c82aeb9832f admin admin] SCRIPT_NAME: `/identity` {{(pid=81372) log_request_info /opt/stack/keystone/keystone/server/flask/request_processing/req_logging.py:27}}
Jan 07 03:38:22 ubuntu devstack@keystone.service[81372]: DEBUG keystone.server.flask.request_processing.req_logging [None req-48486c44-e14c-41b0-8a26-6c82aeb9832f admin admin] PATH_INFO: `/v3/auth/tokens` {{(pid=81372) log_request_info /opt/stack/keystone/keystone/server/flask/request_processing/req_logging.py:28}}
Jan 07 03:38:22 ubuntu devstack@keystone.service[81372]: DEBUG keystone.common.rbac_enforcer.enforcer [None req-48486c44-e14c-41b0-8a26-6c82aeb9832f admin admin] RBAC: Authorizing `identity:validate_token()` {{(pid=81372) enforce_call /opt/stack/keystone/keystone/common/rbac_enforcer/enforcer.py:494}}
Jan 07 03:38:22 ubuntu devstack@keystone.service[81372]: WARNING keystone.common.rbac_enforcer.enforcer [None req-48486c44-e14c-41b0-8a26-6c82aeb9832f admin admin] Deprecated policy rules found. Use oslopolicy-policy-generator and oslopolicy-policy-upgrade to detect and resolve deprecated policies in your configuration.
Jan 07 03:38:22 ubuntu devstack@keystone.service[81372]: DEBUG keystone.common.rbac_enforcer.enforcer [None req-48486c44-e14c-41b0-8a26-6c82aeb9832f admin admin] RBAC: Authorization granted {{(pid=81372) enforce_call /opt/stack/keystone/keystone/common/rbac_enforcer/enforcer.py:505}}
Jan 07 03:38:22 ubuntu devstack@keystone.service[81372]: [pid: 81372|app: 0|req: 3/4] 10.201.5.82 () {58 vars in 1316 bytes} [Wed Jan  7 03:38:22 2026] GET /identity/v3/auth/tokens => generated 977 bytes in 187 msecs (HTTP/1.1 200) 6 headers in 379 bytes (1 switches on core 0)
Jan 07 03:38:22 ubuntu devstack@keystone.service[81371]: DEBUG keystone.server.flask.request_processing.middleware.auth_context [None req-99e1dcaa-2624-4701-a2e1-b5b3c4f70a41 None None] Authenticating user token {{(pid=81371) process_request /opt/stack/data/venv/lib/python3.10/site-packages/keystonemiddleware/auth_token/__init__.py:407}}
Jan 07 03:38:22 ubuntu devstack@keystone.service[81371]: DEBUG keystone.server.flask.request_processing.middleware.auth_context [None req-99e1dcaa-2624-4701-a2e1-b5b3c4f70a41 None None] Validating token access rules against request {{(pid=81371) validate_allowed_request /opt/stack/data/venv/lib/python3.10/site-packages/keystonemiddleware/auth_token/__init__.py:545}}
Jan 07 03:38:22 ubuntu devstack@keystone.service[81371]: DEBUG keystone.server.flask.request_processing.middleware.auth_context [None req-7296b4ed-5c2e-43e3-a2be-d970c1c82c8c admin admin] RBAC: auth_context: {'token': <TokenModel (audit_id=cJhIcQV-TQGMcUwyR109VA, audit_chain_id=['cJhIcQV-TQGMcUwyR109VA']) at 0x7f51eba1f100>, 'domain_id': None, 'trust_id': None, 'trustor_id': None, 'trustee_id': None, 'domain_name': None, 'group_ids': [], 'user_id': 'd1a3051f95d543b68a16d01227b48049', 'user_domain_id': 'default', 'system_scope': None, 'project_id': '4ffc963474494a1f96708d15b10f41df', 'project_domain_id': 'default', 'roles': ['member', 'manager', 'admin', 'reader'], 'is_admin_project': True, 'service_user_id': None, 'service_user_domain_id': None, 'service_project_id': None, 'service_project_domain_id': None, 'service_roles': []} {{(pid=81371) fill_context /opt/stack/keystone/keystone/server/flask/request_processing/middleware/auth_context.py:509}}
Jan 07 03:38:22 ubuntu devstack@keystone.service[81371]: DEBUG keystone.server.flask.request_processing.req_logging [None req-7296b4ed-5c2e-43e3-a2be-d970c1c82c8c admin admin] REQUEST_METHOD: `GET` {{(pid=81371) log_request_info /opt/stack/keystone/keystone/server/flask/request_processing/req_logging.py:26}}
Jan 07 03:38:22 ubuntu devstack@keystone.service[81371]: DEBUG keystone.server.flask.request_processing.req_logging [None req-7296b4ed-5c2e-43e3-a2be-d970c1c82c8c admin admin] SCRIPT_NAME: `/identity` {{(pid=81371) log_request_info /opt/stack/keystone/keystone/server/flask/request_processing/req_logging.py:27}}
Jan 07 03:38:22 ubuntu devstack@keystone.service[81371]: DEBUG keystone.server.flask.request_processing.req_logging [None req-7296b4ed-5c2e-43e3-a2be-d970c1c82c8c admin admin] PATH_INFO: `/v3/projects/4ffc963474494a1f96708d15b10f41df` {{(pid=81371) log_request_info /opt/stack/keystone/keystone/server/flask/request_processing/req_logging.py:28}}
Jan 07 03:38:22 ubuntu devstack@keystone.service[81371]: DEBUG keystone.common.rbac_enforcer.enforcer [None req-7296b4ed-5c2e-43e3-a2be-d970c1c82c8c admin admin] RBAC: Authorizing `identity:get_project(project_id=4ffc963474494a1f96708d15b10f41df)` {{(pid=81371) enforce_call /opt/stack/keystone/keystone/common/rbac_enforcer/enforcer.py:494}}
Jan 07 03:38:22 ubuntu devstack@keystone.service[81371]: WARNING keystone.common.rbac_enforcer.enforcer [None req-7296b4ed-5c2e-43e3-a2be-d970c1c82c8c admin admin] Deprecated policy rules found. Use oslopolicy-policy-generator and oslopolicy-policy-upgrade to detect and resolve deprecated policies in your configuration.
Jan 07 03:38:22 ubuntu devstack@keystone.service[81371]: DEBUG keystone.common.rbac_enforcer.enforcer [None req-7296b4ed-5c2e-43e3-a2be-d970c1c82c8c admin admin] RBAC: Authorization granted {{(pid=81371) enforce_call /opt/stack/keystone/keystone/common/rbac_enforcer/enforcer.py:505}}
Jan 07 03:38:22 ubuntu devstack@keystone.service[81371]: [pid: 81371|app: 0|req: 2/5] 10.201.5.82 () {56 vars in 1199 bytes} [Wed Jan  7 03:38:22 2026] GET /identity/v3/projects/4ffc963474494a1f96708d15b10f41df => generated 344 bytes in 39 msecs (HTTP/1.1 200) 5 headers in 177 bytes (1 switches on core 0)
Jan 07 03:38:23 ubuntu devstack@keystone.service[81372]: DEBUG keystone.server.flask.request_processing.req_logging [None req-71814b80-a3a6-4634-83c5-cee58c995ec6 None None] REQUEST_METHOD: `GET` {{(pid=81372) log_request_info /opt/stack/keystone/keystone/server/flask/request_processing/req_logging.py:26}}
Jan 07 03:38:23 ubuntu devstack@keystone.service[81372]: DEBUG keystone.server.flask.request_processing.req_logging [None req-71814b80-a3a6-4634-83c5-cee58c995ec6 None None] SCRIPT_NAME: `/identity` {{(pid=81372) log_request_info /opt/stack/keystone/keystone/server/flask/request_processing/req_logging.py:27}}
Jan 07 03:38:23 ubuntu devstack@keystone.service[81372]: DEBUG keystone.server.flask.request_processing.req_logging [None req-71814b80-a3a6-4634-83c5-cee58c995ec6 None None] PATH_INFO: `/` {{(pid=81372) log_request_info /opt/stack/keystone/keystone/server/flask/request_processing/req_logging.py:28}}
Jan 07 03:38:23 ubuntu devstack@keystone.service[81372]: [pid: 81372|app: 0|req: 4/6] 10.201.5.82 () {54 vars in 919 bytes} [Wed Jan  7 03:38:23 2026] GET /identity => generated 270 bytes in 3 msecs (HTTP/1.1 300) 6 headers in 234 bytes (1 switches on core 0)
Jan 07 03:38:23 ubuntu devstack@keystone.service[81371]: DEBUG keystone.server.flask.request_processing.req_logging [None req-f48e0376-993b-4076-8065-183c7ba4c70e None None] REQUEST_METHOD: `POST` {{(pid=81371) log_request_info /opt/stack/keystone/keystone/server/flask/request_processing/req_logging.py:26}}
Jan 07 03:38:23 ubuntu devstack@keystone.service[81371]: DEBUG keystone.server.flask.request_processing.req_logging [None req-f48e0376-993b-4076-8065-183c7ba4c70e None None] SCRIPT_NAME: `/identity` {{(pid=81371) log_request_info /opt/stack/keystone/keystone/server/flask/request_processing/req_logging.py:27}}
Jan 07 03:38:23 ubuntu devstack@keystone.service[81371]: DEBUG keystone.server.flask.request_processing.req_logging [None req-f48e0376-993b-4076-8065-183c7ba4c70e None None] PATH_INFO: `/v3/auth/tokens` {{(pid=81371) log_request_info /opt/stack/keystone/keystone/server/flask/request_processing/req_logging.py:28}}
Jan 07 03:38:23 ubuntu devstack@keystone.service[81371]: WARNING keystone.common.password_hashing [None req-f48e0376-993b-4076-8065-183c7ba4c70e None None] Truncating password to algorithm specific maximum length 72 characters.
Jan 07 03:38:23 ubuntu devstack@keystone.service[81371]: DEBUG keystone.auth.core [None req-f48e0376-993b-4076-8065-183c7ba4c70e None None] MFA Rules not processed for user `d1a3051f95d543b68a16d01227b48049`. Rule list: `[]` (Enabled: `True`). {{(pid=81371) check_auth_methods_against_rules /opt/stack/keystone/keystone/auth/core.py:476}}
Jan 07 03:38:23 ubuntu devstack@keystone.service[81371]: DEBUG keystone.common.fernet_utils [None req-f48e0376-993b-4076-8065-183c7ba4c70e None None] Loaded 2 Fernet keys from /etc/keystone/fernet-keys/, but `[fernet_tokens] max_active_keys = 3`; perhaps there have not been enough key rotations to reach `max_active_keys` yet? {{(pid=81371) load_keys /opt/stack/keystone/keystone/common/fernet_utils.py:297}}
Jan 07 03:38:23 ubuntu devstack@keystone.service[81371]: [pid: 81371|app: 0|req: 3/7] 10.201.5.82 () {58 vars in 1016 bytes} [Wed Jan  7 03:38:23 2026] POST /identity/v3/auth/tokens => generated 977 bytes in 34 msecs (HTTP/1.1 201) 6 headers in 384 bytes (1 switches on core 0)
Jan 07 03:38:24 ubuntu devstack@keystone.service[81372]: DEBUG keystone.server.flask.request_processing.middleware.auth_context [None req-71814b80-a3a6-4634-83c5-cee58c995ec6 None None] Authenticating user token {{(pid=81372) process_request /opt/stack/data/venv/lib/python3.10/site-packages/keystonemiddleware/auth_token/__init__.py:407}}
Jan 07 03:38:24 ubuntu devstack@keystone.service[81372]: DEBUG keystone.server.flask.request_processing.middleware.auth_context [None req-71814b80-a3a6-4634-83c5-cee58c995ec6 None None] Validating token access rules against request {{(pid=81372) validate_allowed_request /opt/stack/data/venv/lib/python3.10/site-packages/keystonemiddleware/auth_token/__init__.py:545}}
Jan 07 03:38:24 ubuntu devstack@keystone.service[81372]: DEBUG keystone.server.flask.request_processing.middleware.auth_context [None req-dff1a413-e368-470f-b75d-adc1d923611d admin admin] RBAC: auth_context: {'token': <TokenModel (audit_id=e_ZfMS0qSnOMzEtzpFAVrA, audit_chain_id=['e_ZfMS0qSnOMzEtzpFAVrA']) at 0x7f51eade37c0>, 'domain_id': None, 'trust_id': None, 'trustor_id': None, 'trustee_id': None, 'domain_name': None, 'group_ids': [], 'user_id': 'd1a3051f95d543b68a16d01227b48049', 'user_domain_id': 'default', 'system_scope': None, 'project_id': '4ffc963474494a1f96708d15b10f41df', 'project_domain_id': 'default', 'roles': ['member', 'manager', 'admin', 'reader'], 'is_admin_project': True, 'service_user_id': None, 'service_user_domain_id': None, 'service_project_id': None, 'service_project_domain_id': None, 'service_roles': []} {{(pid=81372) fill_context /opt/stack/keystone/keystone/server/flask/request_processing/middleware/auth_context.py:509}}
Jan 07 03:38:24 ubuntu devstack@keystone.service[81372]: DEBUG keystone.server.flask.request_processing.req_logging [None req-dff1a413-e368-470f-b75d-adc1d923611d admin admin] REQUEST_METHOD: `GET` {{(pid=81372) log_request_info /opt/stack/keystone/keystone/server/flask/request_processing/req_logging.py:26}}
Jan 07 03:38:24 ubuntu devstack@keystone.service[81372]: DEBUG keystone.server.flask.request_processing.req_logging [None req-dff1a413-e368-470f-b75d-adc1d923611d admin admin] SCRIPT_NAME: `/identity` {{(pid=81372) log_request_info /opt/stack/keystone/keystone/server/flask/request_processing/req_logging.py:27}}
Jan 07 03:38:24 ubuntu devstack@keystone.service[81372]: DEBUG keystone.server.flask.request_processing.req_logging [None req-dff1a413-e368-470f-b75d-adc1d923611d admin admin] PATH_INFO: `/v3/users/admin` {{(pid=81372) log_request_info /opt/stack/keystone/keystone/server/flask/request_processing/req_logging.py:28}}
Jan 07 03:38:24 ubuntu devstack@keystone.service[81372]: DEBUG keystone.common.rbac_enforcer.enforcer [None req-dff1a413-e368-470f-b75d-adc1d923611d admin admin] RBAC: Authorizing `identity:get_user(user_id=admin)` {{(pid=81372) enforce_call /opt/stack/keystone/keystone/common/rbac_enforcer/enforcer.py:494}}
Jan 07 03:38:24 ubuntu devstack@keystone.service[81372]: DEBUG keystone.common.rbac_enforcer.enforcer [None req-dff1a413-e368-470f-b75d-adc1d923611d admin admin] RBAC: Authorization granted {{(pid=81372) enforce_call /opt/stack/keystone/keystone/common/rbac_enforcer/enforcer.py:505}}
Jan 07 03:38:24 ubuntu devstack@keystone.service[81372]: DEBUG keystone.server.flask.application [None req-dff1a413-e368-470f-b75d-adc1d923611d admin admin] Could not find user: admin. {{(pid=81372) _handle_keystone_exception /opt/stack/keystone/keystone/server/flask/application.py:146}}
Jan 07 03:38:24 ubuntu devstack@keystone.service[81372]: [pid: 81372|app: 0|req: 5/8] 10.201.5.82 () {56 vars in 1153 bytes} [Wed Jan  7 03:38:24 2026] GET /identity/v3/users/admin => generated 83 bytes in 31 msecs (HTTP/1.1 404) 5 headers in 183 bytes (1 switches on core 0)
Jan 07 03:38:24 ubuntu devstack@keystone.service[81371]: DEBUG keystone.server.flask.request_processing.middleware.auth_context [None req-f48e0376-993b-4076-8065-183c7ba4c70e None None] Authenticating user token {{(pid=81371) process_request /opt/stack/data/venv/lib/python3.10/site-packages/keystonemiddleware/auth_token/__init__.py:407}}
Jan 07 03:38:24 ubuntu devstack@keystone.service[81371]: DEBUG keystone.server.flask.request_processing.middleware.auth_context [None req-f48e0376-993b-4076-8065-183c7ba4c70e None None] Validating token access rules against request {{(pid=81371) validate_allowed_request /opt/stack/data/venv/lib/python3.10/site-packages/keystonemiddleware/auth_token/__init__.py:545}}
Jan 07 03:38:24 ubuntu devstack@keystone.service[81371]: DEBUG keystone.server.flask.request_processing.middleware.auth_context [None req-3997e8c9-252b-4108-bb14-552692f36867 admin admin] RBAC: auth_context: {'token': <TokenModel (audit_id=e_ZfMS0qSnOMzEtzpFAVrA, audit_chain_id=['e_ZfMS0qSnOMzEtzpFAVrA']) at 0x7f51ead4a110>, 'domain_id': None, 'trust_id': None, 'trustor_id': None, 'trustee_id': None, 'domain_name': None, 'group_ids': [], 'user_id': 'd1a3051f95d543b68a16d01227b48049', 'user_domain_id': 'default', 'system_scope': None, 'project_id': '4ffc963474494a1f96708d15b10f41df', 'project_domain_id': 'default', 'roles': ['member', 'manager', 'admin', 'reader'], 'is_admin_project': True, 'service_user_id': None, 'service_user_domain_id': None, 'service_project_id': None, 'service_project_domain_id': None, 'service_roles': []} {{(pid=81371) fill_context /opt/stack/keystone/keystone/server/flask/request_processing/middleware/auth_context.py:509}}
Jan 07 03:38:24 ubuntu devstack@keystone.service[81371]: DEBUG keystone.server.flask.request_processing.req_logging [None req-3997e8c9-252b-4108-bb14-552692f36867 admin admin] REQUEST_METHOD: `GET` {{(pid=81371) log_request_info /opt/stack/keystone/keystone/server/flask/request_processing/req_logging.py:26}}
Jan 07 03:38:24 ubuntu devstack@keystone.service[81371]: DEBUG keystone.server.flask.request_processing.req_logging [None req-3997e8c9-252b-4108-bb14-552692f36867 admin admin] SCRIPT_NAME: `/identity` {{(pid=81371) log_request_info /opt/stack/keystone/keystone/server/flask/request_processing/req_logging.py:27}}
Jan 07 03:38:24 ubuntu devstack@keystone.service[81371]: DEBUG keystone.server.flask.request_processing.req_logging [None req-3997e8c9-252b-4108-bb14-552692f36867 admin admin] PATH_INFO: `/v3/users` {{(pid=81371) log_request_info /opt/stack/keystone/keystone/server/flask/request_processing/req_logging.py:28}}
Jan 07 03:38:24 ubuntu devstack@keystone.service[81371]: DEBUG keystone.common.rbac_enforcer.enforcer [None req-3997e8c9-252b-4108-bb14-552692f36867 admin admin] RBAC: Adding query filter params (name=admin) {{(pid=81371) _extract_filter_values /opt/stack/keystone/keystone/common/rbac_enforcer/enforcer.py:176}}
Jan 07 03:38:24 ubuntu devstack@keystone.service[81371]: DEBUG keystone.common.rbac_enforcer.enforcer [None req-3997e8c9-252b-4108-bb14-552692f36867 admin admin] RBAC: Authorizing `identity:list_users()` {{(pid=81371) enforce_call /opt/stack/keystone/keystone/common/rbac_enforcer/enforcer.py:494}}
Jan 07 03:38:24 ubuntu devstack@keystone.service[81371]: DEBUG keystone.common.rbac_enforcer.enforcer [None req-3997e8c9-252b-4108-bb14-552692f36867 admin admin] RBAC: Authorization granted {{(pid=81371) enforce_call /opt/stack/keystone/keystone/common/rbac_enforcer/enforcer.py:505}}
Jan 07 03:38:24 ubuntu devstack@keystone.service[81371]: [pid: 81371|app: 0|req: 4/9] 10.201.5.82 () {56 vars in 1169 bytes} [Wed Jan  7 03:38:24 2026] GET /identity/v3/users?name=admin => generated 352 bytes in 45 msecs (HTTP/1.1 200) 5 headers in 177 bytes (1 switches on core 0)
Jan 07 03:38:25 ubuntu devstack@keystone.service[81372]: DEBUG keystone.server.flask.request_processing.req_logging [None req-26a57eef-20ff-4459-993c-f6c6a89663a5 None None] REQUEST_METHOD: `GET` {{(pid=81372) log_request_info /opt/stack/keystone/keystone/server/flask/request_processing/req_logging.py:26}}
Jan 07 03:38:25 ubuntu devstack@keystone.service[81372]: DEBUG keystone.server.flask.request_processing.req_logging [None req-26a57eef-20ff-4459-993c-f6c6a89663a5 None None] SCRIPT_NAME: `/identity` {{(pid=81372) log_request_info /opt/stack/keystone/keystone/server/flask/request_processing/req_logging.py:27}}
Jan 07 03:38:25 ubuntu devstack@keystone.service[81372]: DEBUG keystone.server.flask.request_processing.req_logging [None req-26a57eef-20ff-4459-993c-f6c6a89663a5 None None] PATH_INFO: `/` {{(pid=81372) log_request_info /opt/stack/keystone/keystone/server/flask/request_processing/req_logging.py:28}}
Jan 07 03:38:25 ubuntu devstack@keystone.service[81372]: [pid: 81372|app: 0|req: 6/10] 10.201.5.82 () {54 vars in 919 bytes} [Wed Jan  7 03:38:25 2026] GET /identity => generated 270 bytes in 2 msecs (HTTP/1.1 300) 6 headers in 234 bytes (2 switches on core 0)
Jan 07 03:38:25 ubuntu devstack@keystone.service[81371]: DEBUG keystone.server.flask.request_processing.req_logging [None req-c2d01ace-fd1c-4605-8bdd-9713c22216a4 None None] REQUEST_METHOD: `POST` {{(pid=81371) log_request_info /opt/stack/keystone/keystone/server/flask/request_processing/req_logging.py:26}}
Jan 07 03:38:25 ubuntu devstack@keystone.service[81371]: DEBUG keystone.server.flask.request_processing.req_logging [None req-c2d01ace-fd1c-4605-8bdd-9713c22216a4 None None] SCRIPT_NAME: `/identity` {{(pid=81371) log_request_info /opt/stack/keystone/keystone/server/flask/request_processing/req_logging.py:27}}
Jan 07 03:38:25 ubuntu devstack@keystone.service[81371]: DEBUG keystone.server.flask.request_processing.req_logging [None req-c2d01ace-fd1c-4605-8bdd-9713c22216a4 None None] PATH_INFO: `/v3/auth/tokens` {{(pid=81371) log_request_info /opt/stack/keystone/keystone/server/flask/request_processing/req_logging.py:28}}
Jan 07 03:38:25 ubuntu devstack@keystone.service[81371]: WARNING keystone.common.password_hashing [None req-c2d01ace-fd1c-4605-8bdd-9713c22216a4 None None] Truncating password to algorithm specific maximum length 72 characters.
Jan 07 03:38:25 ubuntu devstack@keystone.service[81371]: DEBUG keystone.auth.core [None req-c2d01ace-fd1c-4605-8bdd-9713c22216a4 None None] MFA Rules not processed for user `d1a3051f95d543b68a16d01227b48049`. Rule list: `[]` (Enabled: `True`). {{(pid=81371) check_auth_methods_against_rules /opt/stack/keystone/keystone/auth/core.py:476}}
Jan 07 03:38:25 ubuntu devstack@keystone.service[81371]: DEBUG keystone.common.fernet_utils [None req-c2d01ace-fd1c-4605-8bdd-9713c22216a4 None None] Loaded 2 Fernet keys from /etc/keystone/fernet-keys/, but `[fernet_tokens] max_active_keys = 3`; perhaps there have not been enough key rotations to reach `max_active_keys` yet? {{(pid=81371) load_keys /opt/stack/keystone/keystone/common/fernet_utils.py:297}}
Jan 07 03:38:25 ubuntu devstack@keystone.service[81372]: DEBUG keystone.server.flask.request_processing.req_logging [None req-c44146fa-7b8d-4306-bd5a-f81e9da5486a None None] REQUEST_METHOD: `GET` {{(pid=81372) log_request_info /opt/stack/keystone/keystone/server/flask/request_processing/req_logging.py:26}}
Jan 07 03:38:25 ubuntu devstack@keystone.service[81372]: DEBUG keystone.server.flask.request_processing.req_logging [None req-c44146fa-7b8d-4306-bd5a-f81e9da5486a None None] SCRIPT_NAME: `/identity` {{(pid=81372) log_request_info /opt/stack/keystone/keystone/server/flask/request_processing/req_logging.py:27}}
Jan 07 03:38:25 ubuntu devstack@keystone.service[81372]: DEBUG keystone.server.flask.request_processing.req_logging [None req-c44146fa-7b8d-4306-bd5a-f81e9da5486a None None] PATH_INFO: `/` {{(pid=81372) log_request_info /opt/stack/keystone/keystone/server/flask/request_processing/req_logging.py:28}}
Jan 07 03:38:25 ubuntu devstack@keystone.service[81372]: [pid: 81372|app: 0|req: 7/11] 10.201.5.82 () {54 vars in 919 bytes} [Wed Jan  7 03:38:25 2026] GET /identity => generated 270 bytes in 2 msecs (HTTP/1.1 300) 6 headers in 234 bytes (1 switches on core 0)
Jan 07 03:38:25 ubuntu devstack@keystone.service[81372]: DEBUG keystone.server.flask.request_processing.req_logging [None req-00348b56-a7a2-42a6-8fa7-d6c78f82103f None None] REQUEST_METHOD: `POST` {{(pid=81372) log_request_info /opt/stack/keystone/keystone/server/flask/request_processing/req_logging.py:26}}
Jan 07 03:38:25 ubuntu devstack@keystone.service[81372]: DEBUG keystone.server.flask.request_processing.req_logging [None req-00348b56-a7a2-42a6-8fa7-d6c78f82103f None None] SCRIPT_NAME: `/identity` {{(pid=81372) log_request_info /opt/stack/keystone/keystone/server/flask/request_processing/req_logging.py:27}}
Jan 07 03:38:25 ubuntu devstack@keystone.service[81372]: DEBUG keystone.server.flask.request_processing.req_logging [None req-00348b56-a7a2-42a6-8fa7-d6c78f82103f None None] PATH_INFO: `/v3/auth/tokens` {{(pid=81372) log_request_info /opt/stack/keystone/keystone/server/flask/request_processing/req_logging.py:28}}
Jan 07 03:38:25 ubuntu devstack@keystone.service[81372]: WARNING keystone.common.password_hashing [None req-00348b56-a7a2-42a6-8fa7-d6c78f82103f None None] Truncating password to algorithm specific maximum length 72 characters.
Jan 07 03:38:25 ubuntu devstack@keystone.service[81372]: DEBUG keystone.auth.core [None req-00348b56-a7a2-42a6-8fa7-d6c78f82103f None None] MFA Rules not processed for user `d1a3051f95d543b68a16d01227b48049`. Rule list: `[]` (Enabled: `True`). {{(pid=81372) check_auth_methods_against_rules /opt/stack/keystone/keystone/auth/core.py:476}}
Jan 07 03:38:25 ubuntu devstack@keystone.service[81372]: DEBUG keystone.common.fernet_utils [None req-00348b56-a7a2-42a6-8fa7-d6c78f82103f None None] Loaded 2 Fernet keys from /etc/keystone/fernet-keys/, but `[fernet_tokens] max_active_keys = 3`; perhaps there have not been enough key rotations to reach `max_active_keys` yet? {{(pid=81372) load_keys /opt/stack/keystone/keystone/common/fernet_utils.py:297}}
Jan 07 03:38:25 ubuntu devstack@keystone.service[81371]: [pid: 81371|app: 0|req: 5/12] 10.201.5.82 () {58 vars in 1016 bytes} [Wed Jan  7 03:38:25 2026] POST /identity/v3/auth/tokens => generated 862 bytes in 77 msecs (HTTP/1.1 201) 6 headers in 363 bytes (1 switches on core 0)
Jan 07 03:38:25 ubuntu devstack@keystone.service[81372]: [pid: 81372|app: 0|req: 8/13] 10.201.5.82 () {58 vars in 1016 bytes} [Wed Jan  7 03:38:25 2026] POST /identity/v3/auth/tokens => generated 862 bytes in 64 msecs (HTTP/1.1 201) 6 headers in 363 bytes (1 switches on core 0)
Jan 07 03:38:25 ubuntu devstack@keystone.service[81371]: DEBUG keystone.server.flask.request_processing.middleware.auth_context [None req-c2d01ace-fd1c-4605-8bdd-9713c22216a4 None None] Authenticating user token {{(pid=81371) process_request /opt/stack/data/venv/lib/python3.10/site-packages/keystonemiddleware/auth_token/__init__.py:407}}
Jan 07 03:38:25 ubuntu devstack@keystone.service[81372]: DEBUG keystone.server.flask.request_processing.middleware.auth_context [None req-00348b56-a7a2-42a6-8fa7-d6c78f82103f None None] Authenticating user token {{(pid=81372) process_request /opt/stack/data/venv/lib/python3.10/site-packages/keystonemiddleware/auth_token/__init__.py:407}}
Jan 07 03:38:25 ubuntu devstack@keystone.service[81371]: DEBUG keystone.server.flask.request_processing.middleware.auth_context [None req-c2d01ace-fd1c-4605-8bdd-9713c22216a4 None None] Validating token access rules against request {{(pid=81371) validate_allowed_request /opt/stack/data/venv/lib/python3.10/site-packages/keystonemiddleware/auth_token/__init__.py:545}}
Jan 07 03:38:25 ubuntu devstack@keystone.service[81372]: DEBUG keystone.server.flask.request_processing.middleware.auth_context [None req-00348b56-a7a2-42a6-8fa7-d6c78f82103f None None] Validating token access rules against request {{(pid=81372) validate_allowed_request /opt/stack/data/venv/lib/python3.10/site-packages/keystonemiddleware/auth_token/__init__.py:545}}
Jan 07 03:38:25 ubuntu devstack@keystone.service[81371]: DEBUG keystone.server.flask.request_processing.middleware.auth_context [None req-472ae9da-b02a-48f6-91fa-e559c1f093ca None admin] RBAC: auth_context: {'token': <TokenModel (audit_id=80odvr1eQGmA1oZXnYuUtw, audit_chain_id=['80odvr1eQGmA1oZXnYuUtw']) at 0x7f51eadc1bd0>, 'domain_id': None, 'trust_id': None, 'trustor_id': None, 'trustee_id': None, 'domain_name': None, 'group_ids': [], 'user_id': 'd1a3051f95d543b68a16d01227b48049', 'user_domain_id': 'default', 'system_scope': 'all', 'project_id': None, 'project_domain_id': None, 'roles': ['admin', 'manager', 'member', 'reader'], 'is_admin_project': True, 'service_user_id': None, 'service_user_domain_id': None, 'service_project_id': None, 'service_project_domain_id': None, 'service_roles': []} {{(pid=81371) fill_context /opt/stack/keystone/keystone/server/flask/request_processing/middleware/auth_context.py:509}}
Jan 07 03:38:25 ubuntu devstack@keystone.service[81371]: DEBUG keystone.server.flask.request_processing.req_logging [None req-472ae9da-b02a-48f6-91fa-e559c1f093ca None admin] REQUEST_METHOD: `GET` {{(pid=81371) log_request_info /opt/stack/keystone/keystone/server/flask/request_processing/req_logging.py:26}}
Jan 07 03:38:25 ubuntu devstack@keystone.service[81371]: DEBUG keystone.server.flask.request_processing.req_logging [None req-472ae9da-b02a-48f6-91fa-e559c1f093ca None admin] SCRIPT_NAME: `/identity` {{(pid=81371) log_request_info /opt/stack/keystone/keystone/server/flask/request_processing/req_logging.py:27}}
Jan 07 03:38:25 ubuntu devstack@keystone.service[81371]: DEBUG keystone.server.flask.request_processing.req_logging [None req-472ae9da-b02a-48f6-91fa-e559c1f093ca None admin] PATH_INFO: `/v3/roles/admin` {{(pid=81371) log_request_info /opt/stack/keystone/keystone/server/flask/request_processing/req_logging.py:28}}
Jan 07 03:38:25 ubuntu devstack@keystone.service[81371]: DEBUG keystone.common.rbac_enforcer.enforcer [None req-472ae9da-b02a-48f6-91fa-e559c1f093ca None admin] Extracting inferred target data resulted in "NOT FOUND (404)". {{(pid=81371) enforce_call /opt/stack/keystone/keystone/common/rbac_enforcer/enforcer.py:445}}
Jan 07 03:38:25 ubuntu devstack@keystone.service[81372]: DEBUG keystone.server.flask.request_processing.middleware.auth_context [None req-011f8877-2fe5-461a-bdba-834e534e0813 None admin] RBAC: auth_context: {'token': <TokenModel (audit_id=t8FUMHM-RpanG8vaq4ym7A, audit_chain_id=['t8FUMHM-RpanG8vaq4ym7A']) at 0x7f51eae40850>, 'domain_id': None, 'trust_id': None, 'trustor_id': None, 'trustee_id': None, 'domain_name': None, 'group_ids': [], 'user_id': 'd1a3051f95d543b68a16d01227b48049', 'user_domain_id': 'default', 'system_scope': 'all', 'project_id': None, 'project_domain_id': None, 'roles': ['admin', 'manager', 'member', 'reader'], 'is_admin_project': True, 'service_user_id': None, 'service_user_domain_id': None, 'service_project_id': None, 'service_project_domain_id': None, 'service_roles': []} {{(pid=81372) fill_context /opt/stack/keystone/keystone/server/flask/request_processing/middleware/auth_context.py:509}}
Jan 07 03:38:25 ubuntu devstack@keystone.service[81371]: DEBUG keystone.server.flask.application [None req-472ae9da-b02a-48f6-91fa-e559c1f093ca None admin] Could not find role: admin. {{(pid=81371) _handle_keystone_exception /opt/stack/keystone/keystone/server/flask/application.py:146}}
Jan 07 03:38:25 ubuntu devstack@keystone.service[81372]: DEBUG keystone.server.flask.request_processing.req_logging [None req-011f8877-2fe5-461a-bdba-834e534e0813 None admin] REQUEST_METHOD: `POST` {{(pid=81372) log_request_info /opt/stack/keystone/keystone/server/flask/request_processing/req_logging.py:26}}
Jan 07 03:38:25 ubuntu devstack@keystone.service[81372]: DEBUG keystone.server.flask.request_processing.req_logging [None req-011f8877-2fe5-461a-bdba-834e534e0813 None admin] SCRIPT_NAME: `/identity` {{(pid=81372) log_request_info /opt/stack/keystone/keystone/server/flask/request_processing/req_logging.py:27}}
Jan 07 03:38:25 ubuntu devstack@keystone.service[81372]: DEBUG keystone.server.flask.request_processing.req_logging [None req-011f8877-2fe5-461a-bdba-834e534e0813 None admin] PATH_INFO: `/v3/domains` {{(pid=81372) log_request_info /opt/stack/keystone/keystone/server/flask/request_processing/req_logging.py:28}}
Jan 07 03:38:25 ubuntu devstack@keystone.service[81371]: [pid: 81371|app: 0|req: 6/14] 10.201.5.82 () {56 vars in 1132 bytes} [Wed Jan  7 03:38:25 2026] GET /identity/v3/roles/admin => generated 83 bytes in 82 msecs (HTTP/1.1 404) 5 headers in 183 bytes (1 switches on core 0)
Jan 07 03:38:25 ubuntu devstack@keystone.service[81372]: DEBUG keystone.common.rbac_enforcer.enforcer [None req-011f8877-2fe5-461a-bdba-834e534e0813 None admin] RBAC: Authorizing `identity:create_domain()` {{(pid=81372) enforce_call /opt/stack/keystone/keystone/common/rbac_enforcer/enforcer.py:494}}
Jan 07 03:38:25 ubuntu devstack@keystone.service[81372]: DEBUG keystone.common.rbac_enforcer.enforcer [None req-011f8877-2fe5-461a-bdba-834e534e0813 None admin] RBAC: Authorization granted {{(pid=81372) enforce_call /opt/stack/keystone/keystone/common/rbac_enforcer/enforcer.py:505}}
Jan 07 03:38:25 ubuntu devstack@keystone.service[81371]: DEBUG keystone.server.flask.request_processing.middleware.auth_context [None req-472ae9da-b02a-48f6-91fa-e559c1f093ca None admin] Authenticating user token {{(pid=81371) process_request /opt/stack/data/venv/lib/python3.10/site-packages/keystonemiddleware/auth_token/__init__.py:407}}
Jan 07 03:38:25 ubuntu devstack@keystone.service[81372]: DEBUG keystone.common.sql.core [None req-011f8877-2fe5-461a-bdba-834e534e0813 None admin] Conflict project: (pymysql.err.IntegrityError) (1062, "Duplicate entry '<<keystone.domain.root>>-Default' for key 'project.ixu_project_name_domain_id'")
Jan 07 03:38:25 ubuntu devstack@keystone.service[81372]: [SQL: INSERT INTO project (id, name, domain_id, description, enabled, extra, parent_id, is_domain) VALUES (%(id)s, %(name)s, %(domain_id)s, %(description)s, %(enabled)s, %(extra)s, %(parent_id)s, %(is_domain)s)]
Jan 07 03:38:25 ubuntu devstack@keystone.service[81372]: [parameters: {'id': 'db738e1e867d48968df910f4eca55bb9', 'name': 'Default', 'domain_id': '<<keystone.domain.root>>', 'description': '', 'enabled': 1, 'extra': '{}', 'parent_id': None, 'is_domain': 1}]
Jan 07 03:38:25 ubuntu devstack@keystone.service[81372]: (Background on this error at: https://sqlalche.me/e/20/gkpj) {{(pid=81372) wrapper /opt/stack/keystone/keystone/common/sql/core.py:580}}
Jan 07 03:38:25 ubuntu devstack@keystone.service[81372]: ERROR keystone.server.flask.application [None req-011f8877-2fe5-461a-bdba-834e534e0813 None admin] Conflict occurred attempting to store project - it is not permitted to have two projects acting as domains with the same name: Default.: keystone.exception.Conflict: Conflict occurred attempting to store project - it is not permitted to have two projects acting as domains with the same name: Default.
Jan 07 03:38:25 ubuntu devstack@keystone.service[81372]: ERROR keystone.server.flask.application Traceback (most recent call last):
Jan 07 03:38:25 ubuntu devstack@keystone.service[81372]: ERROR keystone.server.flask.application   File "/opt/stack/data/venv/lib/python3.10/site-packages/sqlalchemy/engine/base.py", line 1967, in _exec_single_context
Jan 07 03:38:25 ubuntu devstack@keystone.service[81372]: ERROR keystone.server.flask.application     self.dialect.do_execute(
Jan 07 03:38:25 ubuntu devstack@keystone.service[81372]: ERROR keystone.server.flask.application   File "/opt/stack/data/venv/lib/python3.10/site-packages/sqlalchemy/engine/default.py", line 951, in do_execute
Jan 07 03:38:25 ubuntu devstack@keystone.service[81372]: ERROR keystone.server.flask.application     cursor.execute(statement, parameters)
