Nov 06 08:33:23 ubuntu devstack@keystone.service[81495]: DEBUG keystone.server.flask.common [-] Adding resource routes to API roles: ['/roles/<string:role_id>' {}] {{(pid=81495) _add_mapped_resources /opt/stack/keystone/keystone/server/flask/common.py:483}}
Nov 06 08:33:23 ubuntu devstack@keystone.service[81495]: DEBUG keystone.server.flask.common [-] Adding resource routes to API roles: ['/roles/<string:prior_role_id>/implies' {}] {{(pid=81495) _add_mapped_resources /opt/stack/keystone/keystone/server/flask/common.py:483}}
Nov 06 08:33:23 ubuntu devstack@keystone.service[81495]: DEBUG keystone.server.flask.common [-] Adding resource routes to API roles: ['/roles/<string:prior_role_id>/implies/<string:implied_role_id>' {}] {{(pid=81495) _add_mapped_resources /opt/stack/keystone/keystone/server/flask/common.py:483}}
Nov 06 08:33:23 ubuntu devstack@keystone.service[81495]: DEBUG keystone.server.flask.common [-] Adding resource routes to API s3tokens: ['/s3tokens' {}] {{(pid=81495) _add_mapped_resources /opt/stack/keystone/keystone/server/flask/common.py:483}}
Nov 06 08:33:23 ubuntu devstack@keystone.service[81496]: WSGI app 0 (mountpoint='') ready in 2 seconds on interpreter 0x55c36852cd40 pid: 81496 (default app)
Nov 06 08:33:23 ubuntu devstack@keystone.service[81495]: DEBUG keystone.server.flask.common [-] Adding resource routes to API services: ['/services' {}] {{(pid=81495) _add_mapped_resources /opt/stack/keystone/keystone/server/flask/common.py:483}}
Nov 06 08:33:23 ubuntu devstack@keystone.service[81495]: DEBUG keystone.server.flask.common [-] Adding resource routes to API services: ['/services/<string:service_id>' {}] {{(pid=81495) _add_mapped_resources /opt/stack/keystone/keystone/server/flask/common.py:483}}
Nov 06 08:33:23 ubuntu devstack@keystone.service[81495]: DEBUG keystone.server.flask.common [-] Adding resource routes to API system: ['/system/users/<string:user_id>/roles' {}] {{(pid=81495) _add_mapped_resources /opt/stack/keystone/keystone/server/flask/common.py:483}}
Nov 06 08:33:23 ubuntu devstack@keystone.service[81496]: DEBUG keystone.server.flask.request_processing.req_logging [None req-f5fd6219-6eb7-4391-bc00-a40456643383 None None] REQUEST_METHOD: `GET` {{(pid=81496) log_request_info /opt/stack/keystone/keystone/server/flask/request_processing/req_logging.py:26}}
Nov 06 08:33:23 ubuntu devstack@keystone.service[81495]: DEBUG keystone.server.flask.common [-] Adding resource routes to API system: ['/system/users/<string:user_id>/roles/<string:role_id>' {}] {{(pid=81495) _add_mapped_resources /opt/stack/keystone/keystone/server/flask/common.py:483}}
Nov 06 08:33:23 ubuntu devstack@keystone.service[81496]: DEBUG keystone.server.flask.request_processing.req_logging [None req-f5fd6219-6eb7-4391-bc00-a40456643383 None None] SCRIPT_NAME: `/identity` {{(pid=81496) log_request_info /opt/stack/keystone/keystone/server/flask/request_processing/req_logging.py:27}}
Nov 06 08:33:23 ubuntu devstack@keystone.service[81496]: DEBUG keystone.server.flask.request_processing.req_logging [None req-f5fd6219-6eb7-4391-bc00-a40456643383 None None] PATH_INFO: `/v3` {{(pid=81496) log_request_info /opt/stack/keystone/keystone/server/flask/request_processing/req_logging.py:28}}
Nov 06 08:33:23 ubuntu devstack@keystone.service[81495]: DEBUG keystone.server.flask.common [-] Adding resource routes to API system: ['/system/groups/<string:group_id>/roles' {}] {{(pid=81495) _add_mapped_resources /opt/stack/keystone/keystone/server/flask/common.py:483}}
Nov 06 08:33:23 ubuntu devstack@keystone.service[81495]: DEBUG keystone.server.flask.common [-] Adding resource routes to API system: ['/system/groups/<string:group_id>/roles/<string:role_id>' {}] {{(pid=81495) _add_mapped_resources /opt/stack/keystone/keystone/server/flask/common.py:483}}
Nov 06 08:33:23 ubuntu devstack@keystone.service[81496]: [pid: 81496|app: 0|req: 1/1] 10.201.5.82 () {50 vars in 783 bytes} [Thu Nov  6 08:33:23 2025] GET /identity/v3/ => generated 255 bytes in 2 msecs (HTTP/1.1 200) 5 headers in 177 bytes (1 switches on core 0)
Nov 06 08:33:23 ubuntu devstack@keystone.service[81495]: DEBUG keystone.server.flask.common [-] Adding resource routes to API trusts: ['/trusts' {}] {{(pid=81495) _add_mapped_resources /opt/stack/keystone/keystone/server/flask/common.py:483}}
Nov 06 08:33:23 ubuntu devstack@keystone.service[81495]: DEBUG keystone.server.flask.common [-] Adding resource routes to API trusts: ['/trusts/<string:trust_id>' {}] {{(pid=81495) _add_mapped_resources /opt/stack/keystone/keystone/server/flask/common.py:483}}
Nov 06 08:33:23 ubuntu devstack@keystone.service[81495]: DEBUG keystone.server.flask.common [-] Adding resource routes to API trusts: ['/trusts/<string:trust_id>/roles' {}] {{(pid=81495) _add_mapped_resources /opt/stack/keystone/keystone/server/flask/common.py:483}}
Nov 06 08:33:23 ubuntu devstack@keystone.service[81495]: DEBUG keystone.server.flask.common [-] Adding resource routes to API trusts: ['/trusts/<string:trust_id>/roles/<string:role_id>' {}] {{(pid=81495) _add_mapped_resources /opt/stack/keystone/keystone/server/flask/common.py:483}}
Nov 06 08:33:23 ubuntu devstack@keystone.service[81495]: DEBUG keystone.server.flask.common [-] Adding resource routes to API users: ['/users' {}] {{(pid=81495) _add_mapped_resources /opt/stack/keystone/keystone/server/flask/common.py:483}}
Nov 06 08:33:23 ubuntu devstack@keystone.service[81495]: DEBUG keystone.server.flask.common [-] Adding resource routes to API users: ['/users/<string:user_id>' {}] {{(pid=81495) _add_mapped_resources /opt/stack/keystone/keystone/server/flask/common.py:483}}
Nov 06 08:33:23 ubuntu devstack@keystone.service[81495]: DEBUG keystone.server.flask.common [-] Adding resource routes to API users: ['/users/<string:user_id>/password' {}] {{(pid=81495) _add_mapped_resources /opt/stack/keystone/keystone/server/flask/common.py:483}}
Nov 06 08:33:23 ubuntu devstack@keystone.service[81495]: DEBUG keystone.server.flask.common [-] Adding resource routes to API users: ['/users/<string:user_id>/groups' {}] {{(pid=81495) _add_mapped_resources /opt/stack/keystone/keystone/server/flask/common.py:483}}
Nov 06 08:33:23 ubuntu devstack@keystone.service[81495]: DEBUG keystone.server.flask.common [-] Adding resource routes to API users: ['/users/<string:user_id>/projects' {}] {{(pid=81495) _add_mapped_resources /opt/stack/keystone/keystone/server/flask/common.py:483}}
Nov 06 08:33:23 ubuntu devstack@keystone.service[81495]: DEBUG keystone.server.flask.common [-] Adding resource routes to API users: ['/users/<string:user_id>/credentials/OS-EC2' {}] {{(pid=81495) _add_mapped_resources /opt/stack/keystone/keystone/server/flask/common.py:483}}
Nov 06 08:33:23 ubuntu devstack@keystone.service[81495]: DEBUG keystone.server.flask.common [-] Adding resource routes to API users: ['/users/<string:user_id>/credentials/OS-EC2/<string:credential_id>' {}] {{(pid=81495) _add_mapped_resources /opt/stack/keystone/keystone/server/flask/common.py:483}}
Nov 06 08:33:23 ubuntu devstack@keystone.service[81495]: DEBUG keystone.server.flask.common [-] Adding resource routes to API users: ['/users/<string:user_id>/OS-OAUTH1/access_tokens' {}] {{(pid=81495) _add_mapped_resources /opt/stack/keystone/keystone/server/flask/common.py:483}}
Nov 06 08:33:23 ubuntu devstack@keystone.service[81495]: DEBUG keystone.server.flask.common [-] Adding resource routes to API users: ['/users/<string:user_id>/OS-OAUTH1/access_tokens/<string:access_token_id>' {}] {{(pid=81495) _add_mapped_resources /opt/stack/keystone/keystone/server/flask/common.py:483}}
Nov 06 08:33:23 ubuntu devstack@keystone.service[81495]: DEBUG keystone.server.flask.common [-] Adding resource routes to API users: ['/users/<string:user_id>/OS-OAUTH1/access_tokens/<string:access_token_id>/roles' {}] {{(pid=81495) _add_mapped_resources /opt/stack/keystone/keystone/server/flask/common.py:483}}
Nov 06 08:33:23 ubuntu devstack@keystone.service[81495]: DEBUG keystone.server.flask.common [-] Adding resource routes to API users: ['/users/<string:user_id>/OS-OAUTH1/access_tokens/<string:access_token_id>/roles/<string:role_id>' {}] {{(pid=81495) _add_mapped_resources /opt/stack/keystone/keystone/server/flask/common.py:483}}
Nov 06 08:33:23 ubuntu devstack@keystone.service[81495]: DEBUG keystone.server.flask.common [-] Adding resource routes to API users: ['/users/<string:user_id>/application_credentials' {}] {{(pid=81495) _add_mapped_resources /opt/stack/keystone/keystone/server/flask/common.py:483}}
Nov 06 08:33:23 ubuntu devstack@keystone.service[81495]: DEBUG keystone.server.flask.common [-] Adding resource routes to API users: ['/users/<string:user_id>/application_credentials/<string:application_credential_id>' {}] {{(pid=81495) _add_mapped_resources /opt/stack/keystone/keystone/server/flask/common.py:483}}
Nov 06 08:33:23 ubuntu devstack@keystone.service[81495]: DEBUG keystone.server.flask.common [-] Adding resource routes to API users: ['/users/<string:user_id>/access_rules' {}] {{(pid=81495) _add_mapped_resources /opt/stack/keystone/keystone/server/flask/common.py:483}}
Nov 06 08:33:23 ubuntu devstack@keystone.service[81495]: DEBUG keystone.server.flask.common [-] Adding resource routes to API users: ['/users/<string:user_id>/access_rules/<string:access_rule_id>' {}] {{(pid=81495) _add_mapped_resources /opt/stack/keystone/keystone/server/flask/common.py:483}}
Nov 06 08:33:23 ubuntu devstack@keystone.service[81495]: WSGI app 0 (mountpoint='') ready in 2 seconds on interpreter 0x55c36852cd40 pid: 81495 (default app)
Nov 06 08:33:28 ubuntu devstack@keystone.service[81496]: DEBUG keystone.server.flask.request_processing.req_logging [None req-1b2b5e6a-cb63-41c1-b705-a6b3806841e2 None None] REQUEST_METHOD: `GET` {{(pid=81496) log_request_info /opt/stack/keystone/keystone/server/flask/request_processing/req_logging.py:26}}
Nov 06 08:33:28 ubuntu devstack@keystone.service[81496]: DEBUG keystone.server.flask.request_processing.req_logging [None req-1b2b5e6a-cb63-41c1-b705-a6b3806841e2 None None] SCRIPT_NAME: `/identity` {{(pid=81496) log_request_info /opt/stack/keystone/keystone/server/flask/request_processing/req_logging.py:27}}
Nov 06 08:33:28 ubuntu devstack@keystone.service[81496]: DEBUG keystone.server.flask.request_processing.req_logging [None req-1b2b5e6a-cb63-41c1-b705-a6b3806841e2 None None] PATH_INFO: `/` {{(pid=81496) log_request_info /opt/stack/keystone/keystone/server/flask/request_processing/req_logging.py:28}}
Nov 06 08:33:28 ubuntu devstack@keystone.service[81496]: [pid: 81496|app: 0|req: 2/2] 10.201.5.82 () {54 vars in 919 bytes} [Thu Nov  6 08:33:28 2025] GET /identity => generated 270 bytes in 2 msecs (HTTP/1.1 300) 6 headers in 234 bytes (1 switches on core 0)
Nov 06 08:33:28 ubuntu devstack@keystone.service[81495]: DEBUG keystone.server.flask.request_processing.req_logging [None req-d87b30ef-e607-4990-8ab2-1222be23d7ba None None] REQUEST_METHOD: `POST` {{(pid=81495) log_request_info /opt/stack/keystone/keystone/server/flask/request_processing/req_logging.py:26}}
Nov 06 08:33:28 ubuntu devstack@keystone.service[81495]: DEBUG keystone.server.flask.request_processing.req_logging [None req-d87b30ef-e607-4990-8ab2-1222be23d7ba None None] SCRIPT_NAME: `/identity` {{(pid=81495) log_request_info /opt/stack/keystone/keystone/server/flask/request_processing/req_logging.py:27}}
Nov 06 08:33:28 ubuntu devstack@keystone.service[81495]: DEBUG keystone.server.flask.request_processing.req_logging [None req-d87b30ef-e607-4990-8ab2-1222be23d7ba None None] PATH_INFO: `/v3/auth/tokens` {{(pid=81495) log_request_info /opt/stack/keystone/keystone/server/flask/request_processing/req_logging.py:28}}
Nov 06 08:33:28 ubuntu devstack@keystone.service[81495]: INFO dbcounter [None req-d87b30ef-e607-4990-8ab2-1222be23d7ba None None] Registered counter for database keystone
Nov 06 08:33:28 ubuntu devstack@keystone.service[81495]: DEBUG oslo_db.sqlalchemy.engines [None req-d87b30ef-e607-4990-8ab2-1222be23d7ba None None] MySQL server mode set to STRICT_TRANS_TABLES,STRICT_ALL_TABLES,NO_ZERO_IN_DATE,NO_ZERO_DATE,ERROR_FOR_DIVISION_BY_ZERO,TRADITIONAL,NO_ENGINE_SUBSTITUTION {{(pid=81495) _check_effective_sql_mode /opt/stack/data/venv/lib/python3.10/site-packages/oslo_db/sqlalchemy/engines.py:397}}
Nov 06 08:33:28 ubuntu devstack@keystone.service[81495]: DEBUG dbcounter [-] [81495] Writer thread running {{(pid=81495) stat_writer /opt/stack/data/venv/lib/python3.10/site-packages/dbcounter.py:102}}
Nov 06 08:33:28 ubuntu devstack@keystone.service[81495]: WARNING keystone.common.password_hashing [None req-d87b30ef-e607-4990-8ab2-1222be23d7ba None None] Truncating password to algorithm specific maximum length 72 characters.
Nov 06 08:33:28 ubuntu devstack@keystone.service[81495]: DEBUG keystone.auth.core [None req-d87b30ef-e607-4990-8ab2-1222be23d7ba None None] MFA Rules not processed for user `f14b2e623dee4a6abc08711034cf11dd`. Rule list: `[]` (Enabled: `True`). {{(pid=81495) check_auth_methods_against_rules /opt/stack/keystone/keystone/auth/core.py:476}}
Nov 06 08:33:28 ubuntu devstack@keystone.service[81495]: DEBUG keystone.common.fernet_utils [None req-d87b30ef-e607-4990-8ab2-1222be23d7ba None None] Loaded 2 Fernet keys from /etc/keystone/fernet-keys/, but `[fernet_tokens] max_active_keys = 3`; perhaps there have not been enough key rotations to reach `max_active_keys` yet? {{(pid=81495) load_keys /opt/stack/keystone/keystone/common/fernet_utils.py:297}}
Nov 06 08:33:28 ubuntu devstack@keystone.service[81495]: [pid: 81495|app: 0|req: 1/3] 10.201.5.82 () {58 vars in 1016 bytes} [Thu Nov  6 08:33:28 2025] POST /identity/v3/auth/tokens => generated 977 bytes in 271 msecs (HTTP/1.1 201) 6 headers in 384 bytes (1 switches on core 0)
Nov 06 08:33:28 ubuntu devstack@keystone.service[81496]: DEBUG keystone.server.flask.request_processing.middleware.auth_context [None req-1b2b5e6a-cb63-41c1-b705-a6b3806841e2 None None] Authenticating user token {{(pid=81496) process_request /opt/stack/data/venv/lib/python3.10/site-packages/keystonemiddleware/auth_token/__init__.py:407}}
Nov 06 08:33:28 ubuntu devstack@keystone.service[81496]: INFO dbcounter [None req-1b2b5e6a-cb63-41c1-b705-a6b3806841e2 None None] Registered counter for database keystone
Nov 06 08:33:28 ubuntu devstack@keystone.service[81496]: DEBUG oslo_db.sqlalchemy.engines [None req-1b2b5e6a-cb63-41c1-b705-a6b3806841e2 None None] MySQL server mode set to STRICT_TRANS_TABLES,STRICT_ALL_TABLES,NO_ZERO_IN_DATE,NO_ZERO_DATE,ERROR_FOR_DIVISION_BY_ZERO,TRADITIONAL,NO_ENGINE_SUBSTITUTION {{(pid=81496) _check_effective_sql_mode /opt/stack/data/venv/lib/python3.10/site-packages/oslo_db/sqlalchemy/engines.py:397}}
Nov 06 08:33:28 ubuntu devstack@keystone.service[81496]: DEBUG dbcounter [-] [81496] Writer thread running {{(pid=81496) stat_writer /opt/stack/data/venv/lib/python3.10/site-packages/dbcounter.py:102}}
Nov 06 08:33:28 ubuntu devstack@keystone.service[81496]: DEBUG keystone.server.flask.request_processing.middleware.auth_context [None req-1b2b5e6a-cb63-41c1-b705-a6b3806841e2 None None] Validating token access rules against request {{(pid=81496) validate_allowed_request /opt/stack/data/venv/lib/python3.10/site-packages/keystonemiddleware/auth_token/__init__.py:545}}
Nov 06 08:33:28 ubuntu devstack@keystone.service[81496]: DEBUG keystone.server.flask.request_processing.middleware.auth_context [None req-b6454243-5735-4349-a81d-79a5b60ffc40 admin admin] RBAC: auth_context: {'token': <TokenModel (audit_id=efyEfjVATyy7819dh6Pq1Q, audit_chain_id=['efyEfjVATyy7819dh6Pq1Q']) at 0x7f4289422d10>, 'domain_id': None, 'trust_id': None, 'trustor_id': None, 'trustee_id': None, 'domain_name': None, 'group_ids': [], 'user_id': 'f14b2e623dee4a6abc08711034cf11dd', 'user_domain_id': 'default', 'system_scope': None, 'project_id': '83dfb9a1d30e49e49c7b5cde91cdad60', 'project_domain_id': 'default', 'roles': ['member', 'admin', 'reader', 'manager'], 'is_admin_project': True, 'service_user_id': None, 'service_user_domain_id': None, 'service_project_id': None, 'service_project_domain_id': None, 'service_roles': []} {{(pid=81496) fill_context /opt/stack/keystone/keystone/server/flask/request_processing/middleware/auth_context.py:509}}
Nov 06 08:33:28 ubuntu devstack@keystone.service[81496]: DEBUG keystone.server.flask.request_processing.req_logging [None req-b6454243-5735-4349-a81d-79a5b60ffc40 admin admin] REQUEST_METHOD: `GET` {{(pid=81496) log_request_info /opt/stack/keystone/keystone/server/flask/request_processing/req_logging.py:26}}
Nov 06 08:33:28 ubuntu devstack@keystone.service[81496]: DEBUG keystone.server.flask.request_processing.req_logging [None req-b6454243-5735-4349-a81d-79a5b60ffc40 admin admin] SCRIPT_NAME: `/identity` {{(pid=81496) log_request_info /opt/stack/keystone/keystone/server/flask/request_processing/req_logging.py:27}}
Nov 06 08:33:28 ubuntu devstack@keystone.service[81496]: DEBUG keystone.server.flask.request_processing.req_logging [None req-b6454243-5735-4349-a81d-79a5b60ffc40 admin admin] PATH_INFO: `/v3/auth/tokens` {{(pid=81496) log_request_info /opt/stack/keystone/keystone/server/flask/request_processing/req_logging.py:28}}
Nov 06 08:33:28 ubuntu devstack@keystone.service[81496]: DEBUG keystone.common.rbac_enforcer.enforcer [None req-b6454243-5735-4349-a81d-79a5b60ffc40 admin admin] RBAC: Authorizing `identity:validate_token()` {{(pid=81496) enforce_call /opt/stack/keystone/keystone/common/rbac_enforcer/enforcer.py:494}}
Nov 06 08:33:28 ubuntu devstack@keystone.service[81496]: WARNING keystone.common.rbac_enforcer.enforcer [None req-b6454243-5735-4349-a81d-79a5b60ffc40 admin admin] Deprecated policy rules found. Use oslopolicy-policy-generator and oslopolicy-policy-upgrade to detect and resolve deprecated policies in your configuration.
Nov 06 08:33:28 ubuntu devstack@keystone.service[81496]: DEBUG keystone.common.rbac_enforcer.enforcer [None req-b6454243-5735-4349-a81d-79a5b60ffc40 admin admin] RBAC: Authorization granted {{(pid=81496) enforce_call /opt/stack/keystone/keystone/common/rbac_enforcer/enforcer.py:505}}
Nov 06 08:33:28 ubuntu devstack@keystone.service[81496]: [pid: 81496|app: 0|req: 3/4] 10.201.5.82 () {58 vars in 1316 bytes} [Thu Nov  6 08:33:28 2025] GET /identity/v3/auth/tokens => generated 977 bytes in 145 msecs (HTTP/1.1 200) 6 headers in 379 bytes (2 switches on core 0)
Nov 06 08:33:28 ubuntu devstack@keystone.service[81495]: DEBUG keystone.server.flask.request_processing.middleware.auth_context [None req-d87b30ef-e607-4990-8ab2-1222be23d7ba None None] Authenticating user token {{(pid=81495) process_request /opt/stack/data/venv/lib/python3.10/site-packages/keystonemiddleware/auth_token/__init__.py:407}}
Nov 06 08:33:28 ubuntu devstack@keystone.service[81495]: DEBUG keystone.server.flask.request_processing.middleware.auth_context [None req-d87b30ef-e607-4990-8ab2-1222be23d7ba None None] Validating token access rules against request {{(pid=81495) validate_allowed_request /opt/stack/data/venv/lib/python3.10/site-packages/keystonemiddleware/auth_token/__init__.py:545}}
Nov 06 08:33:28 ubuntu devstack@keystone.service[81495]: DEBUG keystone.server.flask.request_processing.middleware.auth_context [None req-0411eff8-e630-4dbf-a6f0-a34b9e1a87cf admin admin] RBAC: auth_context: {'token': <TokenModel (audit_id=efyEfjVATyy7819dh6Pq1Q, audit_chain_id=['efyEfjVATyy7819dh6Pq1Q']) at 0x7f428941a9b0>, 'domain_id': None, 'trust_id': None, 'trustor_id': None, 'trustee_id': None, 'domain_name': None, 'group_ids': [], 'user_id': 'f14b2e623dee4a6abc08711034cf11dd', 'user_domain_id': 'default', 'system_scope': None, 'project_id': '83dfb9a1d30e49e49c7b5cde91cdad60', 'project_domain_id': 'default', 'roles': ['member', 'admin', 'reader', 'manager'], 'is_admin_project': True, 'service_user_id': None, 'service_user_domain_id': None, 'service_project_id': None, 'service_project_domain_id': None, 'service_roles': []} {{(pid=81495) fill_context /opt/stack/keystone/keystone/server/flask/request_processing/middleware/auth_context.py:509}}
Nov 06 08:33:28 ubuntu devstack@keystone.service[81495]: DEBUG keystone.server.flask.request_processing.req_logging [None req-0411eff8-e630-4dbf-a6f0-a34b9e1a87cf admin admin] REQUEST_METHOD: `GET` {{(pid=81495) log_request_info /opt/stack/keystone/keystone/server/flask/request_processing/req_logging.py:26}}
Nov 06 08:33:28 ubuntu devstack@keystone.service[81495]: DEBUG keystone.server.flask.request_processing.req_logging [None req-0411eff8-e630-4dbf-a6f0-a34b9e1a87cf admin admin] SCRIPT_NAME: `/identity` {{(pid=81495) log_request_info /opt/stack/keystone/keystone/server/flask/request_processing/req_logging.py:27}}
Nov 06 08:33:28 ubuntu devstack@keystone.service[81495]: DEBUG keystone.server.flask.request_processing.req_logging [None req-0411eff8-e630-4dbf-a6f0-a34b9e1a87cf admin admin] PATH_INFO: `/v3/projects/83dfb9a1d30e49e49c7b5cde91cdad60` {{(pid=81495) log_request_info /opt/stack/keystone/keystone/server/flask/request_processing/req_logging.py:28}}
Nov 06 08:33:28 ubuntu devstack@keystone.service[81495]: DEBUG keystone.common.rbac_enforcer.enforcer [None req-0411eff8-e630-4dbf-a6f0-a34b9e1a87cf admin admin] RBAC: Authorizing `identity:get_project(project_id=83dfb9a1d30e49e49c7b5cde91cdad60)` {{(pid=81495) enforce_call /opt/stack/keystone/keystone/common/rbac_enforcer/enforcer.py:494}}
Nov 06 08:33:29 ubuntu devstack@keystone.service[81495]: WARNING keystone.common.rbac_enforcer.enforcer [None req-0411eff8-e630-4dbf-a6f0-a34b9e1a87cf admin admin] Deprecated policy rules found. Use oslopolicy-policy-generator and oslopolicy-policy-upgrade to detect and resolve deprecated policies in your configuration.
Nov 06 08:33:29 ubuntu devstack@keystone.service[81495]: DEBUG keystone.common.rbac_enforcer.enforcer [None req-0411eff8-e630-4dbf-a6f0-a34b9e1a87cf admin admin] RBAC: Authorization granted {{(pid=81495) enforce_call /opt/stack/keystone/keystone/common/rbac_enforcer/enforcer.py:505}}
Nov 06 08:33:29 ubuntu devstack@keystone.service[81495]: [pid: 81495|app: 0|req: 2/5] 10.201.5.82 () {56 vars in 1199 bytes} [Thu Nov  6 08:33:28 2025] GET /identity/v3/projects/83dfb9a1d30e49e49c7b5cde91cdad60 => generated 344 bytes in 30 msecs (HTTP/1.1 200) 5 headers in 177 bytes (1 switches on core 0)
Nov 06 08:33:30 ubuntu devstack@keystone.service[81496]: DEBUG keystone.server.flask.request_processing.req_logging [None req-6e81e442-d8b7-4ac0-a2ff-6dd093fcd71e None None] REQUEST_METHOD: `GET` {{(pid=81496) log_request_info /opt/stack/keystone/keystone/server/flask/request_processing/req_logging.py:26}}
Nov 06 08:33:30 ubuntu devstack@keystone.service[81496]: DEBUG keystone.server.flask.request_processing.req_logging [None req-6e81e442-d8b7-4ac0-a2ff-6dd093fcd71e None None] SCRIPT_NAME: `/identity` {{(pid=81496) log_request_info /opt/stack/keystone/keystone/server/flask/request_processing/req_logging.py:27}}
Nov 06 08:33:30 ubuntu devstack@keystone.service[81496]: DEBUG keystone.server.flask.request_processing.req_logging [None req-6e81e442-d8b7-4ac0-a2ff-6dd093fcd71e None None] PATH_INFO: `/` {{(pid=81496) log_request_info /opt/stack/keystone/keystone/server/flask/request_processing/req_logging.py:28}}
Nov 06 08:33:30 ubuntu devstack@keystone.service[81496]: [pid: 81496|app: 0|req: 4/6] 10.201.5.82 () {54 vars in 919 bytes} [Thu Nov  6 08:33:30 2025] GET /identity => generated 270 bytes in 2 msecs (HTTP/1.1 300) 6 headers in 234 bytes (1 switches on core 0)
Nov 06 08:33:30 ubuntu devstack@keystone.service[81495]: DEBUG keystone.server.flask.request_processing.req_logging [None req-1e2501f0-ad6a-4056-abff-e1a080530bb3 None None] REQUEST_METHOD: `POST` {{(pid=81495) log_request_info /opt/stack/keystone/keystone/server/flask/request_processing/req_logging.py:26}}
Nov 06 08:33:30 ubuntu devstack@keystone.service[81495]: DEBUG keystone.server.flask.request_processing.req_logging [None req-1e2501f0-ad6a-4056-abff-e1a080530bb3 None None] SCRIPT_NAME: `/identity` {{(pid=81495) log_request_info /opt/stack/keystone/keystone/server/flask/request_processing/req_logging.py:27}}
Nov 06 08:33:30 ubuntu devstack@keystone.service[81495]: DEBUG keystone.server.flask.request_processing.req_logging [None req-1e2501f0-ad6a-4056-abff-e1a080530bb3 None None] PATH_INFO: `/v3/auth/tokens` {{(pid=81495) log_request_info /opt/stack/keystone/keystone/server/flask/request_processing/req_logging.py:28}}
Nov 06 08:33:30 ubuntu devstack@keystone.service[81495]: WARNING keystone.common.password_hashing [None req-1e2501f0-ad6a-4056-abff-e1a080530bb3 None None] Truncating password to algorithm specific maximum length 72 characters.
Nov 06 08:33:30 ubuntu devstack@keystone.service[81495]: DEBUG keystone.auth.core [None req-1e2501f0-ad6a-4056-abff-e1a080530bb3 None None] MFA Rules not processed for user `f14b2e623dee4a6abc08711034cf11dd`. Rule list: `[]` (Enabled: `True`). {{(pid=81495) check_auth_methods_against_rules /opt/stack/keystone/keystone/auth/core.py:476}}
Nov 06 08:33:30 ubuntu devstack@keystone.service[81495]: DEBUG keystone.common.fernet_utils [None req-1e2501f0-ad6a-4056-abff-e1a080530bb3 None None] Loaded 2 Fernet keys from /etc/keystone/fernet-keys/, but `[fernet_tokens] max_active_keys = 3`; perhaps there have not been enough key rotations to reach `max_active_keys` yet? {{(pid=81495) load_keys /opt/stack/keystone/keystone/common/fernet_utils.py:297}}
Nov 06 08:33:30 ubuntu devstack@keystone.service[81495]: [pid: 81495|app: 0|req: 3/7] 10.201.5.82 () {58 vars in 1016 bytes} [Thu Nov  6 08:33:30 2025] POST /identity/v3/auth/tokens => generated 977 bytes in 23 msecs (HTTP/1.1 201) 6 headers in 384 bytes (1 switches on core 0)
Nov 06 08:33:30 ubuntu devstack@keystone.service[81496]: DEBUG keystone.server.flask.request_processing.middleware.auth_context [None req-6e81e442-d8b7-4ac0-a2ff-6dd093fcd71e None None] Authenticating user token {{(pid=81496) process_request /opt/stack/data/venv/lib/python3.10/site-packages/keystonemiddleware/auth_token/__init__.py:407}}
Nov 06 08:33:30 ubuntu devstack@keystone.service[81496]: DEBUG keystone.server.flask.request_processing.middleware.auth_context [None req-6e81e442-d8b7-4ac0-a2ff-6dd093fcd71e None None] Validating token access rules against request {{(pid=81496) validate_allowed_request /opt/stack/data/venv/lib/python3.10/site-packages/keystonemiddleware/auth_token/__init__.py:545}}
Nov 06 08:33:30 ubuntu devstack@keystone.service[81496]: DEBUG keystone.server.flask.request_processing.middleware.auth_context [None req-4474f213-583e-4d09-beef-a9803ef00503 admin admin] RBAC: auth_context: {'token': <TokenModel (audit_id=i2bRnzV9S0mtWmZTnfxvMg, audit_chain_id=['i2bRnzV9S0mtWmZTnfxvMg']) at 0x7f4288fdb2b0>, 'domain_id': None, 'trust_id': None, 'trustor_id': None, 'trustee_id': None, 'domain_name': None, 'group_ids': [], 'user_id': 'f14b2e623dee4a6abc08711034cf11dd', 'user_domain_id': 'default', 'system_scope': None, 'project_id': '83dfb9a1d30e49e49c7b5cde91cdad60', 'project_domain_id': 'default', 'roles': ['member', 'admin', 'reader', 'manager'], 'is_admin_project': True, 'service_user_id': None, 'service_user_domain_id': None, 'service_project_id': None, 'service_project_domain_id': None, 'service_roles': []} {{(pid=81496) fill_context /opt/stack/keystone/keystone/server/flask/request_processing/middleware/auth_context.py:509}}
Nov 06 08:33:30 ubuntu devstack@keystone.service[81496]: DEBUG keystone.server.flask.request_processing.req_logging [None req-4474f213-583e-4d09-beef-a9803ef00503 admin admin] REQUEST_METHOD: `GET` {{(pid=81496) log_request_info /opt/stack/keystone/keystone/server/flask/request_processing/req_logging.py:26}}
Nov 06 08:33:30 ubuntu devstack@keystone.service[81496]: DEBUG keystone.server.flask.request_processing.req_logging [None req-4474f213-583e-4d09-beef-a9803ef00503 admin admin] SCRIPT_NAME: `/identity` {{(pid=81496) log_request_info /opt/stack/keystone/keystone/server/flask/request_processing/req_logging.py:27}}
Nov 06 08:33:30 ubuntu devstack@keystone.service[81496]: DEBUG keystone.server.flask.request_processing.req_logging [None req-4474f213-583e-4d09-beef-a9803ef00503 admin admin] PATH_INFO: `/v3/users/admin` {{(pid=81496) log_request_info /opt/stack/keystone/keystone/server/flask/request_processing/req_logging.py:28}}
Nov 06 08:33:30 ubuntu devstack@keystone.service[81496]: DEBUG keystone.common.rbac_enforcer.enforcer [None req-4474f213-583e-4d09-beef-a9803ef00503 admin admin] RBAC: Authorizing `identity:get_user(user_id=admin)` {{(pid=81496) enforce_call /opt/stack/keystone/keystone/common/rbac_enforcer/enforcer.py:494}}
Nov 06 08:33:30 ubuntu devstack@keystone.service[81496]: DEBUG keystone.common.rbac_enforcer.enforcer [None req-4474f213-583e-4d09-beef-a9803ef00503 admin admin] RBAC: Authorization granted {{(pid=81496) enforce_call /opt/stack/keystone/keystone/common/rbac_enforcer/enforcer.py:505}}
Nov 06 08:33:30 ubuntu devstack@keystone.service[81496]: DEBUG keystone.server.flask.application [None req-4474f213-583e-4d09-beef-a9803ef00503 admin admin] Could not find user: admin. {{(pid=81496) _handle_keystone_exception /opt/stack/keystone/keystone/server/flask/application.py:146}}
Nov 06 08:33:30 ubuntu devstack@keystone.service[81496]: [pid: 81496|app: 0|req: 5/8] 10.201.5.82 () {56 vars in 1153 bytes} [Thu Nov  6 08:33:30 2025] GET /identity/v3/users/admin => generated 83 bytes in 32 msecs (HTTP/1.1 404) 5 headers in 183 bytes (1 switches on core 0)
Nov 06 08:33:30 ubuntu devstack@keystone.service[81495]: DEBUG keystone.server.flask.request_processing.middleware.auth_context [None req-1e2501f0-ad6a-4056-abff-e1a080530bb3 None None] Authenticating user token {{(pid=81495) process_request /opt/stack/data/venv/lib/python3.10/site-packages/keystonemiddleware/auth_token/__init__.py:407}}
Nov 06 08:33:30 ubuntu devstack@keystone.service[81495]: DEBUG keystone.server.flask.request_processing.middleware.auth_context [None req-1e2501f0-ad6a-4056-abff-e1a080530bb3 None None] Validating token access rules against request {{(pid=81495) validate_allowed_request /opt/stack/data/venv/lib/python3.10/site-packages/keystonemiddleware/auth_token/__init__.py:545}}
Nov 06 08:33:30 ubuntu devstack@keystone.service[81495]: DEBUG keystone.server.flask.request_processing.middleware.auth_context [None req-a5b12b0b-ebf1-4f7b-b4e2-36445e5584b8 admin admin] RBAC: auth_context: {'token': <TokenModel (audit_id=i2bRnzV9S0mtWmZTnfxvMg, audit_chain_id=['i2bRnzV9S0mtWmZTnfxvMg']) at 0x7f428941aaa0>, 'domain_id': None, 'trust_id': None, 'trustor_id': None, 'trustee_id': None, 'domain_name': None, 'group_ids': [], 'user_id': 'f14b2e623dee4a6abc08711034cf11dd', 'user_domain_id': 'default', 'system_scope': None, 'project_id': '83dfb9a1d30e49e49c7b5cde91cdad60', 'project_domain_id': 'default', 'roles': ['member', 'admin', 'reader', 'manager'], 'is_admin_project': True, 'service_user_id': None, 'service_user_domain_id': None, 'service_project_id': None, 'service_project_domain_id': None, 'service_roles': []} {{(pid=81495) fill_context /opt/stack/keystone/keystone/server/flask/request_processing/middleware/auth_context.py:509}}
Nov 06 08:33:30 ubuntu devstack@keystone.service[81495]: DEBUG keystone.server.flask.request_processing.req_logging [None req-a5b12b0b-ebf1-4f7b-b4e2-36445e5584b8 admin admin] REQUEST_METHOD: `GET` {{(pid=81495) log_request_info /opt/stack/keystone/keystone/server/flask/request_processing/req_logging.py:26}}
Nov 06 08:33:30 ubuntu devstack@keystone.service[81495]: DEBUG keystone.server.flask.request_processing.req_logging [None req-a5b12b0b-ebf1-4f7b-b4e2-36445e5584b8 admin admin] SCRIPT_NAME: `/identity` {{(pid=81495) log_request_info /opt/stack/keystone/keystone/server/flask/request_processing/req_logging.py:27}}
Nov 06 08:33:30 ubuntu devstack@keystone.service[81495]: DEBUG keystone.server.flask.request_processing.req_logging [None req-a5b12b0b-ebf1-4f7b-b4e2-36445e5584b8 admin admin] PATH_INFO: `/v3/users` {{(pid=81495) log_request_info /opt/stack/keystone/keystone/server/flask/request_processing/req_logging.py:28}}
Nov 06 08:33:30 ubuntu devstack@keystone.service[81495]: DEBUG keystone.common.rbac_enforcer.enforcer [None req-a5b12b0b-ebf1-4f7b-b4e2-36445e5584b8 admin admin] RBAC: Adding query filter params (name=admin) {{(pid=81495) _extract_filter_values /opt/stack/keystone/keystone/common/rbac_enforcer/enforcer.py:176}}
Nov 06 08:33:30 ubuntu devstack@keystone.service[81495]: DEBUG keystone.common.rbac_enforcer.enforcer [None req-a5b12b0b-ebf1-4f7b-b4e2-36445e5584b8 admin admin] RBAC: Authorizing `identity:list_users()` {{(pid=81495) enforce_call /opt/stack/keystone/keystone/common/rbac_enforcer/enforcer.py:494}}
Nov 06 08:33:30 ubuntu devstack@keystone.service[81495]: DEBUG keystone.common.rbac_enforcer.enforcer [None req-a5b12b0b-ebf1-4f7b-b4e2-36445e5584b8 admin admin] RBAC: Authorization granted {{(pid=81495) enforce_call /opt/stack/keystone/keystone/common/rbac_enforcer/enforcer.py:505}}
Nov 06 08:33:30 ubuntu devstack@keystone.service[81495]: [pid: 81495|app: 0|req: 4/9] 10.201.5.82 () {56 vars in 1169 bytes} [Thu Nov  6 08:33:30 2025] GET /identity/v3/users?name=admin => generated 352 bytes in 35 msecs (HTTP/1.1 200) 5 headers in 177 bytes (1 switches on core 0)
Nov 06 08:33:31 ubuntu devstack@keystone.service[81496]: DEBUG keystone.server.flask.request_processing.req_logging [None req-397be168-d05f-4199-adb3-6717851a0d96 None None] REQUEST_METHOD: `GET` {{(pid=81496) log_request_info /opt/stack/keystone/keystone/server/flask/request_processing/req_logging.py:26}}
Nov 06 08:33:31 ubuntu devstack@keystone.service[81496]: DEBUG keystone.server.flask.request_processing.req_logging [None req-397be168-d05f-4199-adb3-6717851a0d96 None None] SCRIPT_NAME: `/identity` {{(pid=81496) log_request_info /opt/stack/keystone/keystone/server/flask/request_processing/req_logging.py:27}}
Nov 06 08:33:31 ubuntu devstack@keystone.service[81496]: DEBUG keystone.server.flask.request_processing.req_logging [None req-397be168-d05f-4199-adb3-6717851a0d96 None None] PATH_INFO: `/` {{(pid=81496) log_request_info /opt/stack/keystone/keystone/server/flask/request_processing/req_logging.py:28}}
Nov 06 08:33:31 ubuntu devstack@keystone.service[81496]: [pid: 81496|app: 0|req: 6/10] 10.201.5.82 () {54 vars in 919 bytes} [Thu Nov  6 08:33:31 2025] GET /identity => generated 270 bytes in 2 msecs (HTTP/1.1 300) 6 headers in 234 bytes (1 switches on core 0)
Nov 06 08:33:31 ubuntu devstack@keystone.service[81495]: DEBUG keystone.server.flask.request_processing.req_logging [None req-a530ce3d-0616-4b86-a916-dcb6a429bc5d None None] REQUEST_METHOD: `POST` {{(pid=81495) log_request_info /opt/stack/keystone/keystone/server/flask/request_processing/req_logging.py:26}}
Nov 06 08:33:31 ubuntu devstack@keystone.service[81495]: DEBUG keystone.server.flask.request_processing.req_logging [None req-a530ce3d-0616-4b86-a916-dcb6a429bc5d None None] SCRIPT_NAME: `/identity` {{(pid=81495) log_request_info /opt/stack/keystone/keystone/server/flask/request_processing/req_logging.py:27}}
Nov 06 08:33:31 ubuntu devstack@keystone.service[81495]: DEBUG keystone.server.flask.request_processing.req_logging [None req-a530ce3d-0616-4b86-a916-dcb6a429bc5d None None] PATH_INFO: `/v3/auth/tokens` {{(pid=81495) log_request_info /opt/stack/keystone/keystone/server/flask/request_processing/req_logging.py:28}}
Nov 06 08:33:31 ubuntu devstack@keystone.service[81495]: WARNING keystone.common.password_hashing [None req-a530ce3d-0616-4b86-a916-dcb6a429bc5d None None] Truncating password to algorithm specific maximum length 72 characters.
Nov 06 08:33:31 ubuntu devstack@keystone.service[81495]: DEBUG keystone.auth.core [None req-a530ce3d-0616-4b86-a916-dcb6a429bc5d None None] MFA Rules not processed for user `f14b2e623dee4a6abc08711034cf11dd`. Rule list: `[]` (Enabled: `True`). {{(pid=81495) check_auth_methods_against_rules /opt/stack/keystone/keystone/auth/core.py:476}}
Nov 06 08:33:31 ubuntu devstack@keystone.service[81495]: DEBUG keystone.common.fernet_utils [None req-a530ce3d-0616-4b86-a916-dcb6a429bc5d None None] Loaded 2 Fernet keys from /etc/keystone/fernet-keys/, but `[fernet_tokens] max_active_keys = 3`; perhaps there have not been enough key rotations to reach `max_active_keys` yet? {{(pid=81495) load_keys /opt/stack/keystone/keystone/common/fernet_utils.py:297}}
Nov 06 08:33:31 ubuntu devstack@keystone.service[81495]: [pid: 81495|app: 0|req: 5/11] 10.201.5.82 () {58 vars in 1016 bytes} [Thu Nov  6 08:33:31 2025] POST /identity/v3/auth/tokens => generated 862 bytes in 69 msecs (HTTP/1.1 201) 6 headers in 363 bytes (1 switches on core 0)
Nov 06 08:33:31 ubuntu devstack@keystone.service[81496]: DEBUG keystone.server.flask.request_processing.req_logging [None req-fd6282c6-3eed-436d-a0a9-63fd016f7035 None None] REQUEST_METHOD: `GET` {{(pid=81496) log_request_info /opt/stack/keystone/keystone/server/flask/request_processing/req_logging.py:26}}
Nov 06 08:33:31 ubuntu devstack@keystone.service[81496]: DEBUG keystone.server.flask.request_processing.req_logging [None req-fd6282c6-3eed-436d-a0a9-63fd016f7035 None None] SCRIPT_NAME: `/identity` {{(pid=81496) log_request_info /opt/stack/keystone/keystone/server/flask/request_processing/req_logging.py:27}}
Nov 06 08:33:31 ubuntu devstack@keystone.service[81496]: DEBUG keystone.server.flask.request_processing.req_logging [None req-fd6282c6-3eed-436d-a0a9-63fd016f7035 None None] PATH_INFO: `/` {{(pid=81496) log_request_info /opt/stack/keystone/keystone/server/flask/request_processing/req_logging.py:28}}
Nov 06 08:33:31 ubuntu devstack@keystone.service[81496]: [pid: 81496|app: 0|req: 7/12] 10.201.5.82 () {54 vars in 919 bytes} [Thu Nov  6 08:33:31 2025] GET /identity => generated 270 bytes in 2 msecs (HTTP/1.1 300) 6 headers in 234 bytes (1 switches on core 0)
Nov 06 08:33:31 ubuntu devstack@keystone.service[81495]: DEBUG keystone.server.flask.request_processing.req_logging [None req-98bc9dfb-767b-45f6-aa85-1455ab7eff34 None None] REQUEST_METHOD: `POST` {{(pid=81495) log_request_info /opt/stack/keystone/keystone/server/flask/request_processing/req_logging.py:26}}
Nov 06 08:33:31 ubuntu devstack@keystone.service[81495]: DEBUG keystone.server.flask.request_processing.req_logging [None req-98bc9dfb-767b-45f6-aa85-1455ab7eff34 None None] SCRIPT_NAME: `/identity` {{(pid=81495) log_request_info /opt/stack/keystone/keystone/server/flask/request_processing/req_logging.py:27}}
Nov 06 08:33:31 ubuntu devstack@keystone.service[81495]: DEBUG keystone.server.flask.request_processing.req_logging [None req-98bc9dfb-767b-45f6-aa85-1455ab7eff34 None None] PATH_INFO: `/v3/auth/tokens` {{(pid=81495) log_request_info /opt/stack/keystone/keystone/server/flask/request_processing/req_logging.py:28}}
Nov 06 08:33:31 ubuntu devstack@keystone.service[81495]: WARNING keystone.common.password_hashing [None req-98bc9dfb-767b-45f6-aa85-1455ab7eff34 None None] Truncating password to algorithm specific maximum length 72 characters.
Nov 06 08:33:31 ubuntu devstack@keystone.service[81495]: DEBUG keystone.auth.core [None req-98bc9dfb-767b-45f6-aa85-1455ab7eff34 None None] MFA Rules not processed for user `f14b2e623dee4a6abc08711034cf11dd`. Rule list: `[]` (Enabled: `True`). {{(pid=81495) check_auth_methods_against_rules /opt/stack/keystone/keystone/auth/core.py:476}}
Nov 06 08:33:31 ubuntu devstack@keystone.service[81495]: DEBUG keystone.common.fernet_utils [None req-98bc9dfb-767b-45f6-aa85-1455ab7eff34 None None] Loaded 2 Fernet keys from /etc/keystone/fernet-keys/, but `[fernet_tokens] max_active_keys = 3`; perhaps there have not been enough key rotations to reach `max_active_keys` yet? {{(pid=81495) load_keys /opt/stack/keystone/keystone/common/fernet_utils.py:297}}
Nov 06 08:33:31 ubuntu devstack@keystone.service[81496]: DEBUG keystone.server.flask.request_processing.middleware.auth_context [None req-fd6282c6-3eed-436d-a0a9-63fd016f7035 None None] Authenticating user token {{(pid=81496) process_request /opt/stack/data/venv/lib/python3.10/site-packages/keystonemiddleware/auth_token/__init__.py:407}}
Nov 06 08:33:31 ubuntu devstack@keystone.service[81495]: [pid: 81495|app: 0|req: 6/13] 10.201.5.82 () {58 vars in 1016 bytes} [Thu Nov  6 08:33:31 2025] POST /identity/v3/auth/tokens => generated 862 bytes in 66 msecs (HTTP/1.1 201) 6 headers in 363 bytes (1 switches on core 0)
Nov 06 08:33:31 ubuntu devstack@keystone.service[81496]: DEBUG keystone.server.flask.request_processing.middleware.auth_context [None req-fd6282c6-3eed-436d-a0a9-63fd016f7035 None None] Validating token access rules against request {{(pid=81496) validate_allowed_request /opt/stack/data/venv/lib/python3.10/site-packages/keystonemiddleware/auth_token/__init__.py:545}}
Nov 06 08:33:31 ubuntu devstack@keystone.service[81496]: DEBUG keystone.server.flask.request_processing.middleware.auth_context [None req-a199ceb6-d872-4397-aed5-083aa4ba1f69 None admin] RBAC: auth_context: {'token': <TokenModel (audit_id=N4y78CdbSneAnwE0UIeS2A, audit_chain_id=['N4y78CdbSneAnwE0UIeS2A']) at 0x7f42886714b0>, 'domain_id': None, 'trust_id': None, 'trustor_id': None, 'trustee_id': None, 'domain_name': None, 'group_ids': [], 'user_id': 'f14b2e623dee4a6abc08711034cf11dd', 'user_domain_id': 'default', 'system_scope': 'all', 'project_id': None, 'project_domain_id': None, 'roles': ['admin', 'manager', 'member', 'reader'], 'is_admin_project': True, 'service_user_id': None, 'service_user_domain_id': None, 'service_project_id': None, 'service_project_domain_id': None, 'service_roles': []} {{(pid=81496) fill_context /opt/stack/keystone/keystone/server/flask/request_processing/middleware/auth_context.py:509}}
Nov 06 08:33:31 ubuntu devstack@keystone.service[81496]: DEBUG keystone.server.flask.request_processing.req_logging [None req-a199ceb6-d872-4397-aed5-083aa4ba1f69 None admin] REQUEST_METHOD: `GET` {{(pid=81496) log_request_info /opt/stack/keystone/keystone/server/flask/request_processing/req_logging.py:26}}
Nov 06 08:33:31 ubuntu devstack@keystone.service[81496]: DEBUG keystone.server.flask.request_processing.req_logging [None req-a199ceb6-d872-4397-aed5-083aa4ba1f69 None admin] SCRIPT_NAME: `/identity` {{(pid=81496) log_request_info /opt/stack/keystone/keystone/server/flask/request_processing/req_logging.py:27}}
Nov 06 08:33:31 ubuntu devstack@keystone.service[81496]: DEBUG keystone.server.flask.request_processing.req_logging [None req-a199ceb6-d872-4397-aed5-083aa4ba1f69 None admin] PATH_INFO: `/v3/roles/admin` {{(pid=81496) log_request_info /opt/stack/keystone/keystone/server/flask/request_processing/req_logging.py:28}}
Nov 06 08:33:31 ubuntu devstack@keystone.service[81496]: DEBUG keystone.common.rbac_enforcer.enforcer [None req-a199ceb6-d872-4397-aed5-083aa4ba1f69 None admin] Extracting inferred target data resulted in "NOT FOUND (404)". {{(pid=81496) enforce_call /opt/stack/keystone/keystone/common/rbac_enforcer/enforcer.py:445}}
Nov 06 08:33:31 ubuntu devstack@keystone.service[81496]: DEBUG keystone.server.flask.application [None req-a199ceb6-d872-4397-aed5-083aa4ba1f69 None admin] Could not find role: admin. {{(pid=81496) _handle_keystone_exception /opt/stack/keystone/keystone/server/flask/application.py:146}}
Nov 06 08:33:31 ubuntu devstack@keystone.service[81496]: [pid: 81496|app: 0|req: 8/14] 10.201.5.82 () {56 vars in 1132 bytes} [Thu Nov  6 08:33:31 2025] GET /identity/v3/roles/admin => generated 83 bytes in 88 msecs (HTTP/1.1 404) 5 headers in 183 bytes (1 switches on core 0)
Nov 06 08:33:31 ubuntu devstack@keystone.service[81495]: DEBUG keystone.server.flask.request_processing.middleware.auth_context [None req-98bc9dfb-767b-45f6-aa85-1455ab7eff34 None None] Authenticating user token {{(pid=81495) process_request /opt/stack/data/venv/lib/python3.10/site-packages/keystonemiddleware/auth_token/__init__.py:407}}
Nov 06 08:33:31 ubuntu devstack@keystone.service[81496]: DEBUG keystone.server.flask.request_processing.middleware.auth_context [None req-a199ceb6-d872-4397-aed5-083aa4ba1f69 None admin] Authenticating user token {{(pid=81496) process_request /opt/stack/data/venv/lib/python3.10/site-packages/keystonemiddleware/auth_token/__init__.py:407}}
Nov 06 08:33:31 ubuntu devstack@keystone.service[81495]: DEBUG keystone.server.flask.request_processing.middleware.auth_context [None req-98bc9dfb-767b-45f6-aa85-1455ab7eff34 None None] Validating token access rules against request {{(pid=81495) validate_allowed_request /opt/stack/data/venv/lib/python3.10/site-packages/keystonemiddleware/auth_token/__init__.py:545}}
Nov 06 08:33:31 ubuntu devstack@keystone.service[81496]: DEBUG keystone.server.flask.request_processing.middleware.auth_context [None req-a199ceb6-d872-4397-aed5-083aa4ba1f69 None admin] Validating token access rules against request {{(pid=81496) validate_allowed_request /opt/stack/data/venv/lib/python3.10/site-packages/keystonemiddleware/auth_token/__init__.py:545}}
Nov 06 08:33:31 ubuntu devstack@keystone.service[81495]: DEBUG keystone.server.flask.request_processing.middleware.auth_context [None req-7885f969-f913-436b-be12-09bd230e5188 None admin] RBAC: auth_context: {'token': <TokenModel (audit_id=N4y78CdbSneAnwE0UIeS2A, audit_chain_id=['N4y78CdbSneAnwE0UIeS2A']) at 0x7f42886c9060>, 'domain_id': None, 'trust_id': None, 'trustor_id': None, 'trustee_id': None, 'domain_name': None, 'group_ids': [], 'user_id': 'f14b2e623dee4a6abc08711034cf11dd', 'user_domain_id': 'default', 'system_scope': 'all', 'project_id': None, 'project_domain_id': None, 'roles': ['admin', 'manager', 'member', 'reader'], 'is_admin_project': True, 'service_user_id': None, 'service_user_domain_id': None, 'service_project_id': None, 'service_project_domain_id': None, 'service_roles': []} {{(pid=81495) fill_context /opt/stack/keystone/keystone/server/flask/request_processing/middleware/auth_context.py:509}}
Nov 06 08:33:31 ubuntu devstack@keystone.service[81495]: DEBUG keystone.server.flask.request_processing.req_logging [None req-7885f969-f913-436b-be12-09bd230e5188 None admin] REQUEST_METHOD: `GET` {{(pid=81495) log_request_info /opt/stack/keystone/keystone/server/flask/request_processing/req_logging.py:26}}
Nov 06 08:33:31 ubuntu devstack@keystone.service[81495]: DEBUG keystone.server.flask.request_processing.req_logging [None req-7885f969-f913-436b-be12-09bd230e5188 None admin] SCRIPT_NAME: `/identity` {{(pid=81495) log_request_info /opt/stack/keystone/keystone/server/flask/request_processing/req_logging.py:27}}
Nov 06 08:33:31 ubuntu devstack@keystone.service[81495]: DEBUG keystone.server.flask.request_processing.req_logging [None req-7885f969-f913-436b-be12-09bd230e5188 None admin] PATH_INFO: `/v3/roles` {{(pid=81495) log_request_info /opt/stack/keystone/keystone/server/flask/request_processing/req_logging.py:28}}
Nov 06 08:33:31 ubuntu devstack@keystone.service[81496]: DEBUG keystone.server.flask.request_processing.middleware.auth_context [None req-ea284fcc-c32f-4de6-9f62-6d851b61c099 None admin] RBAC: auth_context: {'token': <TokenModel (audit_id=Eo8m7Nh3Rxq1kitcdrYBeA, audit_chain_id=['Eo8m7Nh3Rxq1kitcdrYBeA']) at 0x7f4288672a10>, 'domain_id': None, 'trust_id': None, 'trustor_id': None, 'trustee_id': None, 'domain_name': None, 'group_ids': [], 'user_id': 'f14b2e623dee4a6abc08711034cf11dd', 'user_domain_id': 'default', 'system_scope': 'all', 'project_id': None, 'project_domain_id': None, 'roles': ['admin', 'manager', 'member', 'reader'], 'is_admin_project': True, 'service_user_id': None, 'service_user_domain_id': None, 'service_project_id': None, 'service_project_domain_id': None, 'service_roles': []} {{(pid=81496) fill_context /opt/stack/keystone/keystone/server/flask/request_processing/middleware/auth_context.py:509}}
Nov 06 08:33:31 ubuntu devstack@keystone.service[81496]: DEBUG keystone.server.flask.request_processing.req_logging [None req-ea284fcc-c32f-4de6-9f62-6d851b61c099 None admin] REQUEST_METHOD: `POST` {{(pid=81496) log_request_info /opt/stack/keystone/keystone/server/flask/request_processing/req_logging.py:26}}
Nov 06 08:33:31 ubuntu devstack@keystone.service[81496]: DEBUG keystone.server.flask.request_processing.req_logging [None req-ea284fcc-c32f-4de6-9f62-6d851b61c099 None admin] SCRIPT_NAME: `/identity` {{(pid=81496) log_request_info /opt/stack/keystone/keystone/server/flask/request_processing/req_logging.py:27}}
Nov 06 08:33:31 ubuntu devstack@keystone.service[81496]: DEBUG keystone.server.flask.request_processing.req_logging [None req-ea284fcc-c32f-4de6-9f62-6d851b61c099 None admin] PATH_INFO: `/v3/domains` {{(pid=81496) log_request_info /opt/stack/keystone/keystone/server/flask/request_processing/req_logging.py:28}}
Nov 06 08:33:31 ubuntu devstack@keystone.service[81495]: DEBUG keystone.common.rbac_enforcer.enforcer [None req-7885f969-f913-436b-be12-09bd230e5188 None admin] RBAC: Adding query filter params (name=admin) {{(pid=81495) _extract_filter_values /opt/stack/keystone/keystone/common/rbac_enforcer/enforcer.py:176}}
Nov 06 08:33:31 ubuntu devstack@keystone.service[81495]: DEBUG keystone.common.rbac_enforcer.enforcer [None req-7885f969-f913-436b-be12-09bd230e5188 None admin] RBAC: Authorizing `identity:list_roles()` {{(pid=81495) enforce_call /opt/stack/keystone/keystone/common/rbac_enforcer/enforcer.py:494}}
Nov 06 08:33:31 ubuntu devstack@keystone.service[81496]: DEBUG keystone.common.rbac_enforcer.enforcer [None req-ea284fcc-c32f-4de6-9f62-6d851b61c099 None admin] RBAC: Authorizing `identity:create_domain()` {{(pid=81496) enforce_call /opt/stack/keystone/keystone/common/rbac_enforcer/enforcer.py:494}}
Nov 06 08:33:31 ubuntu devstack@keystone.service[81495]: DEBUG keystone.common.rbac_enforcer.enforcer [None req-7885f969-f913-436b-be12-09bd230e5188 None admin] RBAC: Authorization granted {{(pid=81495) enforce_call /opt/stack/keystone/keystone/common/rbac_enforcer/enforcer.py:505}}
Nov 06 08:33:31 ubuntu devstack@keystone.service[81496]: DEBUG keystone.common.rbac_enforcer.enforcer [None req-ea284fcc-c32f-4de6-9f62-6d851b61c099 None admin] RBAC: Authorization granted {{(pid=81496) enforce_call /opt/stack/keystone/keystone/common/rbac_enforcer/enforcer.py:505}}
