Jan 29 17:15:41 ubuntu devstack@keystone.service[81328]: WARNING keystone.common.password_hashing [None req-bc738d9d-9c9d-419b-ad2b-e425d3837fdb None None] Truncating password to algorithm specific maximum length 72 characters.
Jan 29 17:15:41 ubuntu devstack@keystone.service[81327]: DEBUG keystone.server.flask.request_processing.req_logging [None req-61ef8382-7ea6-4621-b364-65f06c7bfbb9 None None] REQUEST_METHOD: `POST` {{(pid=81327) log_request_info /opt/stack/keystone/keystone/server/flask/request_processing/req_logging.py:26}}
Jan 29 17:15:41 ubuntu devstack@keystone.service[81327]: DEBUG keystone.server.flask.request_processing.req_logging [None req-61ef8382-7ea6-4621-b364-65f06c7bfbb9 None None] SCRIPT_NAME: `/identity` {{(pid=81327) log_request_info /opt/stack/keystone/keystone/server/flask/request_processing/req_logging.py:27}}
Jan 29 17:15:41 ubuntu devstack@keystone.service[81327]: DEBUG keystone.server.flask.request_processing.req_logging [None req-61ef8382-7ea6-4621-b364-65f06c7bfbb9 None None] PATH_INFO: `/v3/auth/tokens` {{(pid=81327) log_request_info /opt/stack/keystone/keystone/server/flask/request_processing/req_logging.py:28}}
Jan 29 17:15:41 ubuntu devstack@keystone.service[81328]: DEBUG keystone.auth.core [None req-bc738d9d-9c9d-419b-ad2b-e425d3837fdb None None] MFA Rules not processed for user `a38bb50895204fb39ba359208635d3ad`. Rule list: `[]` (Enabled: `True`). {{(pid=81328) check_auth_methods_against_rules /opt/stack/keystone/keystone/auth/core.py:476}}
Jan 29 17:15:41 ubuntu devstack@keystone.service[81328]: DEBUG keystone.common.fernet_utils [None req-bc738d9d-9c9d-419b-ad2b-e425d3837fdb None None] Loaded 2 Fernet keys from /etc/keystone/fernet-keys/, but `[fernet_tokens] max_active_keys = 3`; perhaps there have not been enough key rotations to reach `max_active_keys` yet? {{(pid=81328) load_keys /opt/stack/keystone/keystone/common/fernet_utils.py:297}}
Jan 29 17:15:41 ubuntu devstack@keystone.service[81327]: WARNING keystone.common.password_hashing [None req-61ef8382-7ea6-4621-b364-65f06c7bfbb9 None None] Truncating password to algorithm specific maximum length 72 characters.
Jan 29 17:15:41 ubuntu devstack@keystone.service[81327]: DEBUG keystone.auth.core [None req-61ef8382-7ea6-4621-b364-65f06c7bfbb9 None None] MFA Rules not processed for user `a38bb50895204fb39ba359208635d3ad`. Rule list: `[]` (Enabled: `True`). {{(pid=81327) check_auth_methods_against_rules /opt/stack/keystone/keystone/auth/core.py:476}}
Jan 29 17:15:41 ubuntu devstack@keystone.service[81327]: DEBUG keystone.common.fernet_utils [None req-61ef8382-7ea6-4621-b364-65f06c7bfbb9 None None] Loaded 2 Fernet keys from /etc/keystone/fernet-keys/, but `[fernet_tokens] max_active_keys = 3`; perhaps there have not been enough key rotations to reach `max_active_keys` yet? {{(pid=81327) load_keys /opt/stack/keystone/keystone/common/fernet_utils.py:297}}
Jan 29 17:15:41 ubuntu devstack@keystone.service[81328]: [pid: 81328|app: 0|req: 12/24] 10.201.5.82 () {58 vars in 1016 bytes} [Thu Jan 29 17:15:41 2026] POST /identity/v3/auth/tokens => generated 862 bytes in 63 msecs (HTTP/1.1 201) 6 headers in 363 bytes (1 switches on core 0)
Jan 29 17:15:41 ubuntu devstack@keystone.service[81327]: [pid: 81327|app: 0|req: 13/25] 10.201.5.82 () {58 vars in 1016 bytes} [Thu Jan 29 17:15:41 2026] POST /identity/v3/auth/tokens => generated 862 bytes in 70 msecs (HTTP/1.1 201) 6 headers in 363 bytes (1 switches on core 0)
Jan 29 17:15:41 ubuntu devstack@keystone.service[81328]: DEBUG keystone.server.flask.request_processing.middleware.auth_context [None req-bc738d9d-9c9d-419b-ad2b-e425d3837fdb None None] Authenticating user token {{(pid=81328) process_request /opt/stack/data/venv/lib/python3.10/site-packages/keystonemiddleware/auth_token/__init__.py:407}}
Jan 29 17:15:41 ubuntu devstack@keystone.service[81328]: DEBUG keystone.server.flask.request_processing.middleware.auth_context [None req-bc738d9d-9c9d-419b-ad2b-e425d3837fdb None None] Validating token access rules against request {{(pid=81328) validate_allowed_request /opt/stack/data/venv/lib/python3.10/site-packages/keystonemiddleware/auth_token/__init__.py:545}}
Jan 29 17:15:41 ubuntu devstack@keystone.service[81328]: DEBUG keystone.server.flask.request_processing.middleware.auth_context [None req-32728803-e286-4260-84a9-b6f47da031ab None admin] RBAC: auth_context: {'token': <TokenModel (audit_id=ZRJ0k-8cRYSs85Ypc3p-Ow, audit_chain_id=['ZRJ0k-8cRYSs85Ypc3p-Ow']) at 0x7fcba48a0580>, 'domain_id': None, 'trust_id': None, 'trustor_id': None, 'trustee_id': None, 'domain_name': None, 'group_ids': [], 'user_id': 'a38bb50895204fb39ba359208635d3ad', 'user_domain_id': 'default', 'system_scope': 'all', 'project_id': None, 'project_domain_id': None, 'roles': ['admin', 'manager', 'member', 'reader'], 'is_admin_project': True, 'service_user_id': None, 'service_user_domain_id': None, 'service_project_id': None, 'service_project_domain_id': None, 'service_roles': []} {{(pid=81328) fill_context /opt/stack/keystone/keystone/server/flask/request_processing/middleware/auth_context.py:509}}
Jan 29 17:15:41 ubuntu devstack@keystone.service[81328]: DEBUG keystone.server.flask.request_processing.req_logging [None req-32728803-e286-4260-84a9-b6f47da031ab None admin] REQUEST_METHOD: `GET` {{(pid=81328) log_request_info /opt/stack/keystone/keystone/server/flask/request_processing/req_logging.py:26}}
Jan 29 17:15:41 ubuntu devstack@keystone.service[81328]: DEBUG keystone.server.flask.request_processing.req_logging [None req-32728803-e286-4260-84a9-b6f47da031ab None admin] SCRIPT_NAME: `/identity` {{(pid=81328) log_request_info /opt/stack/keystone/keystone/server/flask/request_processing/req_logging.py:27}}
Jan 29 17:15:41 ubuntu devstack@keystone.service[81328]: DEBUG keystone.server.flask.request_processing.req_logging [None req-32728803-e286-4260-84a9-b6f47da031ab None admin] PATH_INFO: `/v3/roles/admin` {{(pid=81328) log_request_info /opt/stack/keystone/keystone/server/flask/request_processing/req_logging.py:28}}
Jan 29 17:15:41 ubuntu devstack@keystone.service[81328]: DEBUG keystone.common.rbac_enforcer.enforcer [None req-32728803-e286-4260-84a9-b6f47da031ab None admin] Extracting inferred target data resulted in "NOT FOUND (404)". {{(pid=81328) enforce_call /opt/stack/keystone/keystone/common/rbac_enforcer/enforcer.py:445}}
Jan 29 17:15:41 ubuntu devstack@keystone.service[81328]: DEBUG keystone.server.flask.application [None req-32728803-e286-4260-84a9-b6f47da031ab None admin] Could not find role: admin. {{(pid=81328) _handle_keystone_exception /opt/stack/keystone/keystone/server/flask/application.py:146}}
Jan 29 17:15:41 ubuntu devstack@keystone.service[81328]: [pid: 81328|app: 0|req: 13/26] 10.201.5.82 () {56 vars in 1132 bytes} [Thu Jan 29 17:15:41 2026] GET /identity/v3/roles/admin => generated 83 bytes in 73 msecs (HTTP/1.1 404) 5 headers in 183 bytes (1 switches on core 0)
Jan 29 17:15:41 ubuntu devstack@keystone.service[81327]: DEBUG keystone.server.flask.request_processing.middleware.auth_context [None req-61ef8382-7ea6-4621-b364-65f06c7bfbb9 None None] Authenticating user token {{(pid=81327) process_request /opt/stack/data/venv/lib/python3.10/site-packages/keystonemiddleware/auth_token/__init__.py:407}}
Jan 29 17:15:41 ubuntu devstack@keystone.service[81328]: DEBUG keystone.server.flask.request_processing.req_logging [None req-fe7dd961-be82-40d8-bf4e-909a902e1014 None None] REQUEST_METHOD: `GET` {{(pid=81328) log_request_info /opt/stack/keystone/keystone/server/flask/request_processing/req_logging.py:26}}
Jan 29 17:15:41 ubuntu devstack@keystone.service[81328]: DEBUG keystone.server.flask.request_processing.req_logging [None req-fe7dd961-be82-40d8-bf4e-909a902e1014 None None] SCRIPT_NAME: `/identity` {{(pid=81328) log_request_info /opt/stack/keystone/keystone/server/flask/request_processing/req_logging.py:27}}
Jan 29 17:15:41 ubuntu devstack@keystone.service[81328]: DEBUG keystone.server.flask.request_processing.req_logging [None req-fe7dd961-be82-40d8-bf4e-909a902e1014 None None] PATH_INFO: `/` {{(pid=81328) log_request_info /opt/stack/keystone/keystone/server/flask/request_processing/req_logging.py:28}}
Jan 29 17:15:41 ubuntu devstack@keystone.service[81328]: [pid: 81328|app: 0|req: 14/27] 10.201.5.82 () {54 vars in 919 bytes} [Thu Jan 29 17:15:41 2026] GET /identity => generated 270 bytes in 1 msecs (HTTP/1.1 300) 6 headers in 234 bytes (1 switches on core 0)
Jan 29 17:15:41 ubuntu devstack@keystone.service[81328]: DEBUG keystone.server.flask.request_processing.req_logging [None req-e99e1107-9445-498a-b8e6-d9701281d40b None None] REQUEST_METHOD: `POST` {{(pid=81328) log_request_info /opt/stack/keystone/keystone/server/flask/request_processing/req_logging.py:26}}
Jan 29 17:15:41 ubuntu devstack@keystone.service[81328]: DEBUG keystone.server.flask.request_processing.req_logging [None req-e99e1107-9445-498a-b8e6-d9701281d40b None None] SCRIPT_NAME: `/identity` {{(pid=81328) log_request_info /opt/stack/keystone/keystone/server/flask/request_processing/req_logging.py:27}}
Jan 29 17:15:41 ubuntu devstack@keystone.service[81328]: DEBUG keystone.server.flask.request_processing.req_logging [None req-e99e1107-9445-498a-b8e6-d9701281d40b None None] PATH_INFO: `/v3/auth/tokens` {{(pid=81328) log_request_info /opt/stack/keystone/keystone/server/flask/request_processing/req_logging.py:28}}
Jan 29 17:15:41 ubuntu devstack@keystone.service[81328]: WARNING keystone.common.password_hashing [None req-e99e1107-9445-498a-b8e6-d9701281d40b None None] Truncating password to algorithm specific maximum length 72 characters.
Jan 29 17:15:41 ubuntu devstack@keystone.service[81328]: DEBUG keystone.auth.core [None req-e99e1107-9445-498a-b8e6-d9701281d40b None None] MFA Rules not processed for user `a38bb50895204fb39ba359208635d3ad`. Rule list: `[]` (Enabled: `True`). {{(pid=81328) check_auth_methods_against_rules /opt/stack/keystone/keystone/auth/core.py:476}}
Jan 29 17:15:41 ubuntu devstack@keystone.service[81328]: DEBUG keystone.common.fernet_utils [None req-e99e1107-9445-498a-b8e6-d9701281d40b None None] Loaded 2 Fernet keys from /etc/keystone/fernet-keys/, but `[fernet_tokens] max_active_keys = 3`; perhaps there have not been enough key rotations to reach `max_active_keys` yet? {{(pid=81328) load_keys /opt/stack/keystone/keystone/common/fernet_utils.py:297}}
Jan 29 17:15:41 ubuntu devstack@keystone.service[81327]: DEBUG keystone.server.flask.request_processing.middleware.auth_context [None req-61ef8382-7ea6-4621-b364-65f06c7bfbb9 None None] Validating token access rules against request {{(pid=81327) validate_allowed_request /opt/stack/data/venv/lib/python3.10/site-packages/keystonemiddleware/auth_token/__init__.py:545}}
Jan 29 17:15:41 ubuntu devstack@keystone.service[81327]: DEBUG keystone.server.flask.request_processing.middleware.auth_context [None req-17ab470a-5e67-462f-9c04-7e1ff6eeaf6a None admin] RBAC: auth_context: {'token': <TokenModel (audit_id=ZRJ0k-8cRYSs85Ypc3p-Ow, audit_chain_id=['ZRJ0k-8cRYSs85Ypc3p-Ow']) at 0x7fcba3b5ada0>, 'domain_id': None, 'trust_id': None, 'trustor_id': None, 'trustee_id': None, 'domain_name': None, 'group_ids': [], 'user_id': 'a38bb50895204fb39ba359208635d3ad', 'user_domain_id': 'default', 'system_scope': 'all', 'project_id': None, 'project_domain_id': None, 'roles': ['admin', 'manager', 'member', 'reader'], 'is_admin_project': True, 'service_user_id': None, 'service_user_domain_id': None, 'service_project_id': None, 'service_project_domain_id': None, 'service_roles': []} {{(pid=81327) fill_context /opt/stack/keystone/keystone/server/flask/request_processing/middleware/auth_context.py:509}}
Jan 29 17:15:41 ubuntu devstack@keystone.service[81327]: DEBUG keystone.server.flask.request_processing.req_logging [None req-17ab470a-5e67-462f-9c04-7e1ff6eeaf6a None admin] REQUEST_METHOD: `GET` {{(pid=81327) log_request_info /opt/stack/keystone/keystone/server/flask/request_processing/req_logging.py:26}}
Jan 29 17:15:41 ubuntu devstack@keystone.service[81327]: DEBUG keystone.server.flask.request_processing.req_logging [None req-17ab470a-5e67-462f-9c04-7e1ff6eeaf6a None admin] SCRIPT_NAME: `/identity` {{(pid=81327) log_request_info /opt/stack/keystone/keystone/server/flask/request_processing/req_logging.py:27}}
Jan 29 17:15:41 ubuntu devstack@keystone.service[81327]: DEBUG keystone.server.flask.request_processing.req_logging [None req-17ab470a-5e67-462f-9c04-7e1ff6eeaf6a None admin] PATH_INFO: `/v3/roles` {{(pid=81327) log_request_info /opt/stack/keystone/keystone/server/flask/request_processing/req_logging.py:28}}
Jan 29 17:15:41 ubuntu devstack@keystone.service[81327]: DEBUG keystone.common.rbac_enforcer.enforcer [None req-17ab470a-5e67-462f-9c04-7e1ff6eeaf6a None admin] RBAC: Adding query filter params (name=admin) {{(pid=81327) _extract_filter_values /opt/stack/keystone/keystone/common/rbac_enforcer/enforcer.py:176}}
Jan 29 17:15:41 ubuntu devstack@keystone.service[81327]: DEBUG keystone.common.rbac_enforcer.enforcer [None req-17ab470a-5e67-462f-9c04-7e1ff6eeaf6a None admin] RBAC: Authorizing `identity:list_roles()` {{(pid=81327) enforce_call /opt/stack/keystone/keystone/common/rbac_enforcer/enforcer.py:494}}
Jan 29 17:15:41 ubuntu devstack@keystone.service[81327]: DEBUG keystone.common.rbac_enforcer.enforcer [None req-17ab470a-5e67-462f-9c04-7e1ff6eeaf6a None admin] RBAC: Authorization granted {{(pid=81327) enforce_call /opt/stack/keystone/keystone/common/rbac_enforcer/enforcer.py:505}}
Jan 29 17:15:41 ubuntu devstack@keystone.service[81327]: [pid: 81327|app: 0|req: 14/28] 10.201.5.82 () {56 vars in 1148 bytes} [Thu Jan 29 17:15:41 2026] GET /identity/v3/roles?name=admin => generated 339 bytes in 81 msecs (HTTP/1.1 200) 5 headers in 177 bytes (1 switches on core 0)
Jan 29 17:15:41 ubuntu devstack@keystone.service[81327]: DEBUG keystone.server.flask.request_processing.middleware.auth_context [None req-17ab470a-5e67-462f-9c04-7e1ff6eeaf6a None admin] Authenticating user token {{(pid=81327) process_request /opt/stack/data/venv/lib/python3.10/site-packages/keystonemiddleware/auth_token/__init__.py:407}}
Jan 29 17:15:41 ubuntu devstack@keystone.service[81328]: [pid: 81328|app: 0|req: 15/29] 10.201.5.82 () {58 vars in 1016 bytes} [Thu Jan 29 17:15:41 2026] POST /identity/v3/auth/tokens => generated 862 bytes in 70 msecs (HTTP/1.1 201) 6 headers in 363 bytes (2 switches on core 0)
Jan 29 17:15:41 ubuntu devstack@keystone.service[81328]: DEBUG keystone.server.flask.request_processing.middleware.auth_context [None req-e99e1107-9445-498a-b8e6-d9701281d40b None None] Authenticating user token {{(pid=81328) process_request /opt/stack/data/venv/lib/python3.10/site-packages/keystonemiddleware/auth_token/__init__.py:407}}
Jan 29 17:15:41 ubuntu devstack@keystone.service[81327]: DEBUG keystone.server.flask.request_processing.middleware.auth_context [None req-17ab470a-5e67-462f-9c04-7e1ff6eeaf6a None admin] Validating token access rules against request {{(pid=81327) validate_allowed_request /opt/stack/data/venv/lib/python3.10/site-packages/keystonemiddleware/auth_token/__init__.py:545}}
Jan 29 17:15:41 ubuntu devstack@keystone.service[81328]: DEBUG keystone.server.flask.request_processing.middleware.auth_context [None req-e99e1107-9445-498a-b8e6-d9701281d40b None None] Validating token access rules against request {{(pid=81328) validate_allowed_request /opt/stack/data/venv/lib/python3.10/site-packages/keystonemiddleware/auth_token/__init__.py:545}}
Jan 29 17:15:41 ubuntu devstack@keystone.service[81327]: DEBUG keystone.server.flask.request_processing.middleware.auth_context [None req-4e72b4b3-f5eb-4981-9ab5-0fc752a4ebc5 None admin] RBAC: auth_context: {'token': <TokenModel (audit_id=tfY1NyYZTj-vPtYODIl1Hg, audit_chain_id=['tfY1NyYZTj-vPtYODIl1Hg']) at 0x7fcba3b30820>, 'domain_id': None, 'trust_id': None, 'trustor_id': None, 'trustee_id': None, 'domain_name': None, 'group_ids': [], 'user_id': 'a38bb50895204fb39ba359208635d3ad', 'user_domain_id': 'default', 'system_scope': 'all', 'project_id': None, 'project_domain_id': None, 'roles': ['admin', 'manager', 'member', 'reader'], 'is_admin_project': True, 'service_user_id': None, 'service_user_domain_id': None, 'service_project_id': None, 'service_project_domain_id': None, 'service_roles': []} {{(pid=81327) fill_context /opt/stack/keystone/keystone/server/flask/request_processing/middleware/auth_context.py:509}}
Jan 29 17:15:41 ubuntu devstack@keystone.service[81327]: DEBUG keystone.server.flask.request_processing.req_logging [None req-4e72b4b3-f5eb-4981-9ab5-0fc752a4ebc5 None admin] REQUEST_METHOD: `GET` {{(pid=81327) log_request_info /opt/stack/keystone/keystone/server/flask/request_processing/req_logging.py:26}}
Jan 29 17:15:41 ubuntu devstack@keystone.service[81327]: DEBUG keystone.server.flask.request_processing.req_logging [None req-4e72b4b3-f5eb-4981-9ab5-0fc752a4ebc5 None admin] SCRIPT_NAME: `/identity` {{(pid=81327) log_request_info /opt/stack/keystone/keystone/server/flask/request_processing/req_logging.py:27}}
Jan 29 17:15:41 ubuntu devstack@keystone.service[81327]: DEBUG keystone.server.flask.request_processing.req_logging [None req-4e72b4b3-f5eb-4981-9ab5-0fc752a4ebc5 None admin] PATH_INFO: `/v3/domains/Default` {{(pid=81327) log_request_info /opt/stack/keystone/keystone/server/flask/request_processing/req_logging.py:28}}
Jan 29 17:15:41 ubuntu devstack@keystone.service[81327]: DEBUG keystone.common.rbac_enforcer.enforcer [None req-4e72b4b3-f5eb-4981-9ab5-0fc752a4ebc5 None admin] RBAC: Authorizing `identity:get_domain(domain_id=Default)` {{(pid=81327) enforce_call /opt/stack/keystone/keystone/common/rbac_enforcer/enforcer.py:494}}
Jan 29 17:15:41 ubuntu devstack@keystone.service[81327]: DEBUG keystone.common.rbac_enforcer.enforcer [None req-4e72b4b3-f5eb-4981-9ab5-0fc752a4ebc5 None admin] RBAC: Authorization granted {{(pid=81327) enforce_call /opt/stack/keystone/keystone/common/rbac_enforcer/enforcer.py:505}}
Jan 29 17:15:41 ubuntu devstack@keystone.service[81328]: DEBUG keystone.server.flask.request_processing.middleware.auth_context [None req-ce921c02-dea0-476e-a132-8654aba62cfa None admin] RBAC: auth_context: {'token': <TokenModel (audit_id=ZRJ0k-8cRYSs85Ypc3p-Ow, audit_chain_id=['ZRJ0k-8cRYSs85Ypc3p-Ow']) at 0x7fcba38c15d0>, 'domain_id': None, 'trust_id': None, 'trustor_id': None, 'trustee_id': None, 'domain_name': None, 'group_ids': [], 'user_id': 'a38bb50895204fb39ba359208635d3ad', 'user_domain_id': 'default', 'system_scope': 'all', 'project_id': None, 'project_domain_id': None, 'roles': ['admin', 'manager', 'member', 'reader'], 'is_admin_project': True, 'service_user_id': None, 'service_user_domain_id': None, 'service_project_id': None, 'service_project_domain_id': None, 'service_roles': []} {{(pid=81328) fill_context /opt/stack/keystone/keystone/server/flask/request_processing/middleware/auth_context.py:509}}
Jan 29 17:15:41 ubuntu devstack@keystone.service[81328]: DEBUG keystone.server.flask.request_processing.req_logging [None req-ce921c02-dea0-476e-a132-8654aba62cfa None admin] REQUEST_METHOD: `GET` {{(pid=81328) log_request_info /opt/stack/keystone/keystone/server/flask/request_processing/req_logging.py:26}}
Jan 29 17:15:41 ubuntu devstack@keystone.service[81328]: DEBUG keystone.server.flask.request_processing.req_logging [None req-ce921c02-dea0-476e-a132-8654aba62cfa None admin] SCRIPT_NAME: `/identity` {{(pid=81328) log_request_info /opt/stack/keystone/keystone/server/flask/request_processing/req_logging.py:27}}
Jan 29 17:15:41 ubuntu devstack@keystone.service[81328]: DEBUG keystone.server.flask.request_processing.req_logging [None req-ce921c02-dea0-476e-a132-8654aba62cfa None admin] PATH_INFO: `/v3/users/a38bb50895204fb39ba359208635d3ad` {{(pid=81328) log_request_info /opt/stack/keystone/keystone/server/flask/request_processing/req_logging.py:28}}
Jan 29 17:15:41 ubuntu devstack@keystone.service[81328]: DEBUG keystone.common.rbac_enforcer.enforcer [None req-ce921c02-dea0-476e-a132-8654aba62cfa None admin] RBAC: Authorizing `identity:get_user(user_id=a38bb50895204fb39ba359208635d3ad)` {{(pid=81328) enforce_call /opt/stack/keystone/keystone/common/rbac_enforcer/enforcer.py:494}}
Jan 29 17:15:41 ubuntu devstack@keystone.service[81328]: DEBUG keystone.common.rbac_enforcer.enforcer [None req-ce921c02-dea0-476e-a132-8654aba62cfa None admin] RBAC: Authorization granted {{(pid=81328) enforce_call /opt/stack/keystone/keystone/common/rbac_enforcer/enforcer.py:505}}
Jan 29 17:15:41 ubuntu devstack@keystone.service[81328]: [pid: 81328|app: 0|req: 16/30] 10.201.5.82 () {56 vars in 1213 bytes} [Thu Jan 29 17:15:41 2026] GET /identity/v3/users/a38bb50895204fb39ba359208635d3ad => generated 247 bytes in 79 msecs (HTTP/1.1 200) 5 headers in 177 bytes (1 switches on core 0)
Jan 29 17:15:41 ubuntu devstack@keystone.service[81328]: DEBUG keystone.server.flask.request_processing.req_logging [None req-293621da-8c52-4d3b-9cf0-051daf6b0dce None None] REQUEST_METHOD: `GET` {{(pid=81328) log_request_info /opt/stack/keystone/keystone/server/flask/request_processing/req_logging.py:26}}
Jan 29 17:15:41 ubuntu devstack@keystone.service[81328]: DEBUG keystone.server.flask.request_processing.req_logging [None req-293621da-8c52-4d3b-9cf0-051daf6b0dce None None] SCRIPT_NAME: `/identity` {{(pid=81328) log_request_info /opt/stack/keystone/keystone/server/flask/request_processing/req_logging.py:27}}
Jan 29 17:15:41 ubuntu devstack@keystone.service[81328]: DEBUG keystone.server.flask.request_processing.req_logging [None req-293621da-8c52-4d3b-9cf0-051daf6b0dce None None] PATH_INFO: `/` {{(pid=81328) log_request_info /opt/stack/keystone/keystone/server/flask/request_processing/req_logging.py:28}}
Jan 29 17:15:41 ubuntu devstack@keystone.service[81328]: [pid: 81328|app: 0|req: 17/31] 10.201.5.82 () {54 vars in 919 bytes} [Thu Jan 29 17:15:41 2026] GET /identity => generated 270 bytes in 1 msecs (HTTP/1.1 300) 6 headers in 234 bytes (1 switches on core 0)
Jan 29 17:15:41 ubuntu devstack@keystone.service[81327]: DEBUG keystone.server.flask.application [None req-4e72b4b3-f5eb-4981-9ab5-0fc752a4ebc5 None admin] Could not find domain: Default. {{(pid=81327) _handle_keystone_exception /opt/stack/keystone/keystone/server/flask/application.py:146}}
Jan 29 17:15:41 ubuntu devstack@keystone.service[81327]: [pid: 81327|app: 0|req: 15/32] 10.201.5.82 () {56 vars in 1100 bytes} [Thu Jan 29 17:15:41 2026] GET /identity/v3/domains/Default => generated 87 bytes in 91 msecs (HTTP/1.1 404) 5 headers in 183 bytes (1 switches on core 0)
Jan 29 17:15:41 ubuntu devstack@keystone.service[81328]: DEBUG keystone.server.flask.request_processing.req_logging [None req-1cbaec47-7629-439c-b41c-139cdf18f9cb None None] REQUEST_METHOD: `POST` {{(pid=81328) log_request_info /opt/stack/keystone/keystone/server/flask/request_processing/req_logging.py:26}}
Jan 29 17:15:41 ubuntu devstack@keystone.service[81328]: DEBUG keystone.server.flask.request_processing.req_logging [None req-1cbaec47-7629-439c-b41c-139cdf18f9cb None None] SCRIPT_NAME: `/identity` {{(pid=81328) log_request_info /opt/stack/keystone/keystone/server/flask/request_processing/req_logging.py:27}}
Jan 29 17:15:41 ubuntu devstack@keystone.service[81328]: DEBUG keystone.server.flask.request_processing.req_logging [None req-1cbaec47-7629-439c-b41c-139cdf18f9cb None None] PATH_INFO: `/v3/auth/tokens` {{(pid=81328) log_request_info /opt/stack/keystone/keystone/server/flask/request_processing/req_logging.py:28}}
Jan 29 17:15:41 ubuntu devstack@keystone.service[81327]: DEBUG keystone.server.flask.request_processing.middleware.auth_context [None req-4e72b4b3-f5eb-4981-9ab5-0fc752a4ebc5 None admin] Authenticating user token {{(pid=81327) process_request /opt/stack/data/venv/lib/python3.10/site-packages/keystonemiddleware/auth_token/__init__.py:407}}
Jan 29 17:15:41 ubuntu devstack@keystone.service[81328]: WARNING keystone.common.password_hashing [None req-1cbaec47-7629-439c-b41c-139cdf18f9cb None None] Truncating password to algorithm specific maximum length 72 characters.
Jan 29 17:15:41 ubuntu devstack@keystone.service[81328]: DEBUG keystone.auth.core [None req-1cbaec47-7629-439c-b41c-139cdf18f9cb None None] MFA Rules not processed for user `a38bb50895204fb39ba359208635d3ad`. Rule list: `[]` (Enabled: `True`). {{(pid=81328) check_auth_methods_against_rules /opt/stack/keystone/keystone/auth/core.py:476}}
Jan 29 17:15:41 ubuntu devstack@keystone.service[81328]: DEBUG keystone.common.fernet_utils [None req-1cbaec47-7629-439c-b41c-139cdf18f9cb None None] Loaded 2 Fernet keys from /etc/keystone/fernet-keys/, but `[fernet_tokens] max_active_keys = 3`; perhaps there have not been enough key rotations to reach `max_active_keys` yet? {{(pid=81328) load_keys /opt/stack/keystone/keystone/common/fernet_utils.py:297}}
Jan 29 17:15:41 ubuntu devstack@keystone.service[81327]: DEBUG keystone.server.flask.request_processing.middleware.auth_context [None req-4e72b4b3-f5eb-4981-9ab5-0fc752a4ebc5 None admin] Validating token access rules against request {{(pid=81327) validate_allowed_request /opt/stack/data/venv/lib/python3.10/site-packages/keystonemiddleware/auth_token/__init__.py:545}}
Jan 29 17:15:41 ubuntu devstack@keystone.service[81328]: [pid: 81328|app: 0|req: 18/33] 10.201.5.82 () {58 vars in 1016 bytes} [Thu Jan 29 17:15:41 2026] POST /identity/v3/auth/tokens => generated 862 bytes in 59 msecs (HTTP/1.1 201) 6 headers in 363 bytes (1 switches on core 0)
Jan 29 17:15:41 ubuntu devstack@keystone.service[81328]: DEBUG keystone.server.flask.request_processing.middleware.auth_context [None req-1cbaec47-7629-439c-b41c-139cdf18f9cb None None] Authenticating user token {{(pid=81328) process_request /opt/stack/data/venv/lib/python3.10/site-packages/keystonemiddleware/auth_token/__init__.py:407}}
Jan 29 17:15:41 ubuntu devstack@keystone.service[81327]: DEBUG keystone.server.flask.request_processing.middleware.auth_context [None req-66ea7dbe-6671-4191-a55d-4c78264c938d None admin] RBAC: auth_context: {'token': <TokenModel (audit_id=tfY1NyYZTj-vPtYODIl1Hg, audit_chain_id=['tfY1NyYZTj-vPtYODIl1Hg']) at 0x7fcba383b3d0>, 'domain_id': None, 'trust_id': None, 'trustor_id': None, 'trustee_id': None, 'domain_name': None, 'group_ids': [], 'user_id': 'a38bb50895204fb39ba359208635d3ad', 'user_domain_id': 'default', 'system_scope': 'all', 'project_id': None, 'project_domain_id': None, 'roles': ['admin', 'manager', 'member', 'reader'], 'is_admin_project': True, 'service_user_id': None, 'service_user_domain_id': None, 'service_project_id': None, 'service_project_domain_id': None, 'service_roles': []} {{(pid=81327) fill_context /opt/stack/keystone/keystone/server/flask/request_processing/middleware/auth_context.py:509}}
Jan 29 17:15:41 ubuntu devstack@keystone.service[81327]: DEBUG keystone.server.flask.request_processing.req_logging [None req-66ea7dbe-6671-4191-a55d-4c78264c938d None admin] REQUEST_METHOD: `GET` {{(pid=81327) log_request_info /opt/stack/keystone/keystone/server/flask/request_processing/req_logging.py:26}}
Jan 29 17:15:41 ubuntu devstack@keystone.service[81327]: DEBUG keystone.server.flask.request_processing.req_logging [None req-66ea7dbe-6671-4191-a55d-4c78264c938d None admin] SCRIPT_NAME: `/identity` {{(pid=81327) log_request_info /opt/stack/keystone/keystone/server/flask/request_processing/req_logging.py:27}}
Jan 29 17:15:41 ubuntu devstack@keystone.service[81327]: DEBUG keystone.server.flask.request_processing.req_logging [None req-66ea7dbe-6671-4191-a55d-4c78264c938d None admin] PATH_INFO: `/v3/domains` {{(pid=81327) log_request_info /opt/stack/keystone/keystone/server/flask/request_processing/req_logging.py:28}}
Jan 29 17:15:41 ubuntu devstack@keystone.service[81327]: DEBUG keystone.common.rbac_enforcer.enforcer [None req-66ea7dbe-6671-4191-a55d-4c78264c938d None admin] RBAC: Adding query filter params (name=Default) {{(pid=81327) _extract_filter_values /opt/stack/keystone/keystone/common/rbac_enforcer/enforcer.py:176}}
Jan 29 17:15:41 ubuntu devstack@keystone.service[81327]: DEBUG keystone.common.rbac_enforcer.enforcer [None req-66ea7dbe-6671-4191-a55d-4c78264c938d None admin] RBAC: Authorizing `identity:list_domains()` {{(pid=81327) enforce_call /opt/stack/keystone/keystone/common/rbac_enforcer/enforcer.py:494}}
Jan 29 17:15:41 ubuntu devstack@keystone.service[81327]: DEBUG keystone.common.rbac_enforcer.enforcer [None req-66ea7dbe-6671-4191-a55d-4c78264c938d None admin] RBAC: Authorization granted {{(pid=81327) enforce_call /opt/stack/keystone/keystone/common/rbac_enforcer/enforcer.py:505}}
Jan 29 17:15:41 ubuntu devstack@keystone.service[81327]: [pid: 81327|app: 0|req: 16/34] 10.201.5.82 () {56 vars in 1101 bytes} [Thu Jan 29 17:15:41 2026] GET /identity/v3/domains?name=Default => generated 308 bytes in 78 msecs (HTTP/1.1 200) 5 headers in 177 bytes (1 switches on core 0)
Jan 29 17:15:41 ubuntu devstack@keystone.service[81327]: DEBUG keystone.server.flask.request_processing.middleware.auth_context [None req-66ea7dbe-6671-4191-a55d-4c78264c938d None admin] Authenticating user token {{(pid=81327) process_request /opt/stack/data/venv/lib/python3.10/site-packages/keystonemiddleware/auth_token/__init__.py:407}}
Jan 29 17:15:41 ubuntu devstack@keystone.service[81328]: DEBUG keystone.server.flask.request_processing.middleware.auth_context [None req-1cbaec47-7629-439c-b41c-139cdf18f9cb None None] Validating token access rules against request {{(pid=81328) validate_allowed_request /opt/stack/data/venv/lib/python3.10/site-packages/keystonemiddleware/auth_token/__init__.py:545}}
Jan 29 17:15:41 ubuntu devstack@keystone.service[81327]: DEBUG keystone.server.flask.request_processing.middleware.auth_context [None req-66ea7dbe-6671-4191-a55d-4c78264c938d None admin] Validating token access rules against request {{(pid=81327) validate_allowed_request /opt/stack/data/venv/lib/python3.10/site-packages/keystonemiddleware/auth_token/__init__.py:545}}
Jan 29 17:15:41 ubuntu devstack@keystone.service[81327]: DEBUG keystone.server.flask.request_processing.middleware.auth_context [None req-511e2cc2-b3b5-43a8-b3d6-f2d668a426c5 None admin] RBAC: auth_context: {'token': <TokenModel (audit_id=tfY1NyYZTj-vPtYODIl1Hg, audit_chain_id=['tfY1NyYZTj-vPtYODIl1Hg']) at 0x7fcba383aa10>, 'domain_id': None, 'trust_id': None, 'trustor_id': None, 'trustee_id': None, 'domain_name': None, 'group_ids': [], 'user_id': 'a38bb50895204fb39ba359208635d3ad', 'user_domain_id': 'default', 'system_scope': 'all', 'project_id': None, 'project_domain_id': None, 'roles': ['admin', 'manager', 'member', 'reader'], 'is_admin_project': True, 'service_user_id': None, 'service_user_domain_id': None, 'service_project_id': None, 'service_project_domain_id': None, 'service_roles': []} {{(pid=81327) fill_context /opt/stack/keystone/keystone/server/flask/request_processing/middleware/auth_context.py:509}}
Jan 29 17:15:41 ubuntu devstack@keystone.service[81327]: DEBUG keystone.server.flask.request_processing.req_logging [None req-511e2cc2-b3b5-43a8-b3d6-f2d668a426c5 None admin] REQUEST_METHOD: `POST` {{(pid=81327) log_request_info /opt/stack/keystone/keystone/server/flask/request_processing/req_logging.py:26}}
Jan 29 17:15:41 ubuntu devstack@keystone.service[81327]: DEBUG keystone.server.flask.request_processing.req_logging [None req-511e2cc2-b3b5-43a8-b3d6-f2d668a426c5 None admin] SCRIPT_NAME: `/identity` {{(pid=81327) log_request_info /opt/stack/keystone/keystone/server/flask/request_processing/req_logging.py:27}}
Jan 29 17:15:41 ubuntu devstack@keystone.service[81327]: DEBUG keystone.server.flask.request_processing.req_logging [None req-511e2cc2-b3b5-43a8-b3d6-f2d668a426c5 None admin] PATH_INFO: `/v3/projects` {{(pid=81327) log_request_info /opt/stack/keystone/keystone/server/flask/request_processing/req_logging.py:28}}
Jan 29 17:15:41 ubuntu devstack@keystone.service[81328]: DEBUG keystone.server.flask.request_processing.middleware.auth_context [None req-2d7c9675-5e26-47b1-a65f-c11bbd7ea8d7 None admin] RBAC: auth_context: {'token': <TokenModel (audit_id=ZRJ0k-8cRYSs85Ypc3p-Ow, audit_chain_id=['ZRJ0k-8cRYSs85Ypc3p-Ow']) at 0x7fcba48ddb40>, 'domain_id': None, 'trust_id': None, 'trustor_id': None, 'trustee_id': None, 'domain_name': None, 'group_ids': [], 'user_id': 'a38bb50895204fb39ba359208635d3ad', 'user_domain_id': 'default', 'system_scope': 'all', 'project_id': None, 'project_domain_id': None, 'roles': ['admin', 'manager', 'member', 'reader'], 'is_admin_project': True, 'service_user_id': None, 'service_user_domain_id': None, 'service_project_id': None, 'service_project_domain_id': None, 'service_roles': []} {{(pid=81328) fill_context /opt/stack/keystone/keystone/server/flask/request_processing/middleware/auth_context.py:509}}
Jan 29 17:15:41 ubuntu devstack@keystone.service[81328]: DEBUG keystone.server.flask.request_processing.req_logging [None req-2d7c9675-5e26-47b1-a65f-c11bbd7ea8d7 None admin] REQUEST_METHOD: `GET` {{(pid=81328) log_request_info /opt/stack/keystone/keystone/server/flask/request_processing/req_logging.py:26}}
Jan 29 17:15:41 ubuntu devstack@keystone.service[81327]: DEBUG keystone.common.rbac_enforcer.enforcer [None req-511e2cc2-b3b5-43a8-b3d6-f2d668a426c5 None admin] RBAC: Authorizing `identity:create_project()` {{(pid=81327) enforce_call /opt/stack/keystone/keystone/common/rbac_enforcer/enforcer.py:494}}
Jan 29 17:15:41 ubuntu devstack@keystone.service[81328]: DEBUG keystone.server.flask.request_processing.req_logging [None req-2d7c9675-5e26-47b1-a65f-c11bbd7ea8d7 None admin] SCRIPT_NAME: `/identity` {{(pid=81328) log_request_info /opt/stack/keystone/keystone/server/flask/request_processing/req_logging.py:27}}
Jan 29 17:15:41 ubuntu devstack@keystone.service[81328]: DEBUG keystone.server.flask.request_processing.req_logging [None req-2d7c9675-5e26-47b1-a65f-c11bbd7ea8d7 None admin] PATH_INFO: `/v3/domains/default` {{(pid=81328) log_request_info /opt/stack/keystone/keystone/server/flask/request_processing/req_logging.py:28}}
Jan 29 17:15:41 ubuntu devstack@keystone.service[81327]: DEBUG keystone.common.rbac_enforcer.enforcer [None req-511e2cc2-b3b5-43a8-b3d6-f2d668a426c5 None admin] RBAC: Authorization granted {{(pid=81327) enforce_call /opt/stack/keystone/keystone/common/rbac_enforcer/enforcer.py:505}}
Jan 29 17:15:41 ubuntu devstack@keystone.service[81328]: DEBUG keystone.common.rbac_enforcer.enforcer [None req-2d7c9675-5e26-47b1-a65f-c11bbd7ea8d7 None admin] RBAC: Authorizing `identity:get_domain(domain_id=default)` {{(pid=81328) enforce_call /opt/stack/keystone/keystone/common/rbac_enforcer/enforcer.py:494}}
Jan 29 17:15:41 ubuntu devstack@keystone.service[81328]: DEBUG keystone.common.rbac_enforcer.enforcer [None req-2d7c9675-5e26-47b1-a65f-c11bbd7ea8d7 None admin] RBAC: Authorization granted {{(pid=81328) enforce_call /opt/stack/keystone/keystone/common/rbac_enforcer/enforcer.py:505}}
Jan 29 17:15:41 ubuntu devstack@keystone.service[81328]: [pid: 81328|app: 0|req: 19/35] 10.201.5.82 () {56 vars in 1144 bytes} [Thu Jan 29 17:15:41 2026] GET /identity/v3/domains/default => generated 199 bytes in 97 msecs (HTTP/1.1 200) 5 headers in 177 bytes (1 switches on core 0)
Jan 29 17:15:41 ubuntu devstack@keystone.service[81328]: DEBUG keystone.server.flask.request_processing.middleware.auth_context [None req-2d7c9675-5e26-47b1-a65f-c11bbd7ea8d7 None admin] Authenticating user token {{(pid=81328) process_request /opt/stack/data/venv/lib/python3.10/site-packages/keystonemiddleware/auth_token/__init__.py:407}}
Jan 29 17:15:41 ubuntu devstack@keystone.service[81328]: DEBUG keystone.server.flask.request_processing.middleware.auth_context [None req-2d7c9675-5e26-47b1-a65f-c11bbd7ea8d7 None admin] Validating token access rules against request {{(pid=81328) validate_allowed_request /opt/stack/data/venv/lib/python3.10/site-packages/keystonemiddleware/auth_token/__init__.py:545}}
Jan 29 17:15:41 ubuntu devstack@keystone.service[81328]: DEBUG keystone.server.flask.request_processing.middleware.auth_context [None req-6bb85e95-fc33-4ff8-ad01-6188914a5f3c None admin] RBAC: auth_context: {'token': <TokenModel (audit_id=N2eWCCOwTXylrcnodFmJoQ, audit_chain_id=['N2eWCCOwTXylrcnodFmJoQ']) at 0x7fcba39dc550>, 'domain_id': None, 'trust_id': None, 'trustor_id': None, 'trustee_id': None, 'domain_name': None, 'group_ids': [], 'user_id': 'a38bb50895204fb39ba359208635d3ad', 'user_domain_id': 'default', 'system_scope': 'all', 'project_id': None, 'project_domain_id': None, 'roles': ['admin', 'manager', 'member', 'reader'], 'is_admin_project': True, 'service_user_id': None, 'service_user_domain_id': None, 'service_project_id': None, 'service_project_domain_id': None, 'service_roles': []} {{(pid=81328) fill_context /opt/stack/keystone/keystone/server/flask/request_processing/middleware/auth_context.py:509}}
Jan 29 17:15:41 ubuntu devstack@keystone.service[81328]: DEBUG keystone.server.flask.request_processing.req_logging [None req-6bb85e95-fc33-4ff8-ad01-6188914a5f3c None admin] REQUEST_METHOD: `POST` {{(pid=81328) log_request_info /opt/stack/keystone/keystone/server/flask/request_processing/req_logging.py:26}}
Jan 29 17:15:41 ubuntu devstack@keystone.service[81328]: DEBUG keystone.server.flask.request_processing.req_logging [None req-6bb85e95-fc33-4ff8-ad01-6188914a5f3c None admin] SCRIPT_NAME: `/identity` {{(pid=81328) log_request_info /opt/stack/keystone/keystone/server/flask/request_processing/req_logging.py:27}}
Jan 29 17:15:41 ubuntu devstack@keystone.service[81328]: DEBUG keystone.server.flask.request_processing.req_logging [None req-6bb85e95-fc33-4ff8-ad01-6188914a5f3c None admin] PATH_INFO: `/v3/roles` {{(pid=81328) log_request_info /opt/stack/keystone/keystone/server/flask/request_processing/req_logging.py:28}}
Jan 29 17:15:41 ubuntu devstack@keystone.service[81328]: DEBUG keystone.common.rbac_enforcer.enforcer [None req-6bb85e95-fc33-4ff8-ad01-6188914a5f3c None admin] RBAC: Authorizing `identity:create_role()` {{(pid=81328) enforce_call /opt/stack/keystone/keystone/common/rbac_enforcer/enforcer.py:494}}
Jan 29 17:15:41 ubuntu devstack@keystone.service[81328]: DEBUG keystone.common.rbac_enforcer.enforcer [None req-6bb85e95-fc33-4ff8-ad01-6188914a5f3c None admin] RBAC: Authorization granted {{(pid=81328) enforce_call /opt/stack/keystone/keystone/common/rbac_enforcer/enforcer.py:505}}
Jan 29 17:15:41 ubuntu devstack@keystone.service[81328]: DEBUG keystone.common.sql.core [None req-6bb85e95-fc33-4ff8-ad01-6188914a5f3c None admin] Conflict role: (pymysql.err.IntegrityError) (1062, "Duplicate entry 'service-<<null>>' for key 'role.ixu_role_name_domain_id'")
Jan 29 17:15:41 ubuntu devstack@keystone.service[81328]: [SQL: INSERT INTO `role` (id, name, description, extra) VALUES (%(id)s, %(name)s, %(description)s, %(extra)s)]
Jan 29 17:15:41 ubuntu devstack@keystone.service[81328]: [parameters: {'id': 'd020d0e91d354e758795376b2919d9df', 'name': 'service', 'description': None, 'extra': '{}'}]
Jan 29 17:15:41 ubuntu devstack@keystone.service[81328]: (Background on this error at: https://sqlalche.me/e/20/gkpj) {{(pid=81328) wrapper /opt/stack/keystone/keystone/common/sql/core.py:580}}
Jan 29 17:15:41 ubuntu devstack@keystone.service[81328]: ERROR keystone.server.flask.application [None req-6bb85e95-fc33-4ff8-ad01-6188914a5f3c None admin] Conflict occurred attempting to store role - Duplicate entry found with name service.: keystone.exception.Conflict: Conflict occurred attempting to store role - Duplicate entry found with name service.
Jan 29 17:15:41 ubuntu devstack@keystone.service[81328]: ERROR keystone.server.flask.application Traceback (most recent call last):
Jan 29 17:15:41 ubuntu devstack@keystone.service[81328]: ERROR keystone.server.flask.application   File "/opt/stack/data/venv/lib/python3.10/site-packages/sqlalchemy/engine/base.py", line 1967, in _exec_single_context
Jan 29 17:15:41 ubuntu devstack@keystone.service[81328]: ERROR keystone.server.flask.application     self.dialect.do_execute(
Jan 29 17:15:41 ubuntu devstack@keystone.service[81328]: ERROR keystone.server.flask.application   File "/opt/stack/data/venv/lib/python3.10/site-packages/sqlalchemy/engine/default.py", line 951, in do_execute
Jan 29 17:15:41 ubuntu devstack@keystone.service[81328]: ERROR keystone.server.flask.application     cursor.execute(statement, parameters)
Jan 29 17:15:41 ubuntu devstack@keystone.service[81328]: ERROR keystone.server.flask.application   File "/opt/stack/data/venv/lib/python3.10/site-packages/pymysql/cursors.py", line 153, in execute
Jan 29 17:15:41 ubuntu devstack@keystone.service[81328]: ERROR keystone.server.flask.application     result = self._query(query)
Jan 29 17:15:41 ubuntu devstack@keystone.service[81328]: ERROR keystone.server.flask.application   File "/opt/stack/data/venv/lib/python3.10/site-packages/pymysql/cursors.py", line 322, in _query
Jan 29 17:15:41 ubuntu devstack@keystone.service[81328]: ERROR keystone.server.flask.application     conn.query(q)
Jan 29 17:15:41 ubuntu devstack@keystone.service[81328]: ERROR keystone.server.flask.application   File "/opt/stack/data/venv/lib/python3.10/site-packages/pymysql/connections.py", line 575, in query
Jan 29 17:15:41 ubuntu devstack@keystone.service[81328]: ERROR keystone.server.flask.application     self._affected_rows = self._read_query_result(unbuffered=unbuffered)
Jan 29 17:15:41 ubuntu devstack@keystone.service[81328]: ERROR keystone.server.flask.application   File "/opt/stack/data/venv/lib/python3.10/site-packages/pymysql/connections.py", line 826, in _read_query_result
Jan 29 17:15:41 ubuntu devstack@keystone.service[81328]: ERROR keystone.server.flask.application     result.read()
Jan 29 17:15:41 ubuntu devstack@keystone.service[81328]: ERROR keystone.server.flask.application   File "/opt/stack/data/venv/lib/python3.10/site-packages/pymysql/connections.py", line 1203, in read
Jan 29 17:15:41 ubuntu devstack@keystone.service[81328]: ERROR keystone.server.flask.application     first_packet = self.connection._read_packet()
Jan 29 17:15:41 ubuntu devstack@keystone.service[81328]: ERROR keystone.server.flask.application   File "/opt/stack/data/venv/lib/python3.10/site-packages/pymysql/connections.py", line 782, in _read_packet
Jan 29 17:15:41 ubuntu devstack@keystone.service[81328]: ERROR keystone.server.flask.application     packet.raise_for_error()
Jan 29 17:15:41 ubuntu devstack@keystone.service[81328]: ERROR keystone.server.flask.application   File "/opt/stack/data/venv/lib/python3.10/site-packages/pymysql/protocol.py", line 219, in raise_for_error
Jan 29 17:15:41 ubuntu devstack@keystone.service[81328]: ERROR keystone.server.flask.application     err.raise_mysql_exception(self._data)
Jan 29 17:15:41 ubuntu devstack@keystone.service[81328]: ERROR keystone.server.flask.application   File "/opt/stack/data/venv/lib/python3.10/site-packages/pymysql/err.py", line 150, in raise_mysql_exception
Jan 29 17:15:41 ubuntu devstack@keystone.service[81328]: ERROR keystone.server.flask.application     raise errorclass(errno, errval)
Jan 29 17:15:41 ubuntu devstack@keystone.service[81328]: ERROR keystone.server.flask.application pymysql.err.IntegrityError: (1062, "Duplicate entry 'service-<<null>>' for key 'role.ixu_role_name_domain_id'")
Jan 29 17:15:41 ubuntu devstack@keystone.service[81328]: ERROR keystone.server.flask.application 
Jan 29 17:15:41 ubuntu devstack@keystone.service[81328]: ERROR keystone.server.flask.application The above exception was the direct cause of the following exception:
Jan 29 17:15:41 ubuntu devstack@keystone.service[81328]: ERROR keystone.server.flask.application 
Jan 29 17:15:41 ubuntu devstack@keystone.service[81328]: ERROR keystone.server.flask.application Traceback (most recent call last):
Jan 29 17:15:41 ubuntu devstack@keystone.service[81328]: ERROR keystone.server.flask.application   File "/opt/stack/keystone/keystone/common/sql/core.py", line 575, in wrapper
Jan 29 17:15:41 ubuntu devstack@keystone.service[81328]: ERROR keystone.server.flask.application     return method(*args, **kwargs)
Jan 29 17:15:41 ubuntu devstack@keystone.service[81328]: ERROR keystone.server.flask.application   File "/opt/stack/keystone/keystone/assignment/role_backends/sql.py", line 25, in create_role
Jan 29 17:15:41 ubuntu devstack@keystone.service[81328]: ERROR keystone.server.flask.application     with sql.session_for_write() as session:
Jan 29 17:15:41 ubuntu devstack@keystone.service[81328]: ERROR keystone.server.flask.application   File "/usr/lib/python3.10/contextlib.py", line 142, in __exit__
Jan 29 17:15:41 ubuntu devstack@keystone.service[81328]: ERROR keystone.server.flask.application     next(self.gen)
Jan 29 17:15:41 ubuntu devstack@keystone.service[81328]: ERROR keystone.server.flask.application   File "/opt/stack/data/venv/lib/python3.10/site-packages/oslo_db/sqlalchemy/enginefacade.py", line 1175, in _transaction_scope
Jan 29 17:15:41 ubuntu devstack@keystone.service[81328]: ERROR keystone.server.flask.application     with current._produce_block(
Jan 29 17:15:41 ubuntu devstack@keystone.service[81328]: ERROR keystone.server.flask.application   File "/usr/lib/python3.10/contextlib.py", line 142, in __exit__
Jan 29 17:15:41 ubuntu devstack@keystone.service[81328]: ERROR keystone.server.flask.application     next(self.gen)
Jan 29 17:15:41 ubuntu devstack@keystone.service[81328]: ERROR keystone.server.flask.application   File "/opt/stack/data/venv/lib/python3.10/site-packages/oslo_db/sqlalchemy/enginefacade.py", line 837, in _session
Jan 29 17:15:41 ubuntu devstack@keystone.service[81328]: ERROR keystone.server.flask.application     with excutils.save_and_reraise_exception():
Jan 29 17:15:41 ubuntu devstack@keystone.service[81328]: ERROR keystone.server.flask.application   File "/opt/stack/data/venv/lib/python3.10/site-packages/oslo_utils/excutils.py", line 256, in __exit__
Jan 29 17:15:41 ubuntu devstack@keystone.service[81328]: ERROR keystone.server.flask.application     self.force_reraise()
Jan 29 17:15:41 ubuntu devstack@keystone.service[81328]: ERROR keystone.server.flask.application   File "/opt/stack/data/venv/lib/python3.10/site-packages/oslo_utils/excutils.py", line 222, in force_reraise
Jan 29 17:15:41 ubuntu devstack@keystone.service[81328]: ERROR keystone.server.flask.application     raise self.value
Jan 29 17:15:41 ubuntu devstack@keystone.service[81328]: ERROR keystone.server.flask.application   File "/opt/stack/data/venv/lib/python3.10/site-packages/oslo_db/sqlalchemy/enginefacade.py", line 835, in _session
Jan 29 17:15:41 ubuntu devstack@keystone.service[81328]: ERROR keystone.server.flask.application     self._end_session_transaction(self.session)
Jan 29 17:15:41 ubuntu devstack@keystone.service[81328]: ERROR keystone.server.flask.application   File "/opt/stack/data/venv/lib/python3.10/site-packages/oslo_db/sqlalchemy/enginefacade.py", line 748, in _end_session_transaction
Jan 29 17:15:41 ubuntu devstack@keystone.service[81328]: ERROR keystone.server.flask.application     session.commit()
Jan 29 17:15:41 ubuntu devstack@keystone.service[81328]: ERROR keystone.server.flask.application   File "/opt/stack/data/venv/lib/python3.10/site-packages/sqlalchemy/orm/session.py", line 2030, in commit
Jan 29 17:15:41 ubuntu devstack@keystone.service[81328]: ERROR keystone.server.flask.application     trans.commit(_to_root=True)
Jan 29 17:15:41 ubuntu devstack@keystone.service[81328]: ERROR keystone.server.flask.application   File "<string>", line 2, in commit
Jan 29 17:15:41 ubuntu devstack@keystone.service[81328]: ERROR keystone.server.flask.application   File "/opt/stack/data/venv/lib/python3.10/site-packages/sqlalchemy/orm/state_changes.py", line 137, in _go
Jan 29 17:15:41 ubuntu devstack@keystone.service[81328]: ERROR keystone.server.flask.application     ret_value = fn(self, *arg, **kw)
Jan 29 17:15:41 ubuntu devstack@keystone.service[81328]: ERROR keystone.server.flask.application   File "/opt/stack/data/venv/lib/python3.10/site-packages/sqlalchemy/orm/session.py", line 1311, in commit
Jan 29 17:15:41 ubuntu devstack@keystone.service[81328]: ERROR keystone.server.flask.application     self._prepare_impl()
Jan 29 17:15:41 ubuntu devstack@keystone.service[81328]: ERROR keystone.server.flask.application   File "<string>", line 2, in _prepare_impl
Jan 29 17:15:41 ubuntu devstack@keystone.service[81328]: ERROR keystone.server.flask.application   File "/opt/stack/data/venv/lib/python3.10/site-packages/sqlalchemy/orm/state_changes.py", line 137, in _go
Jan 29 17:15:41 ubuntu devstack@keystone.service[81328]: ERROR keystone.server.flask.application     ret_value = fn(self, *arg, **kw)
Jan 29 17:15:41 ubuntu devstack@keystone.service[81328]: ERROR keystone.server.flask.application   File "/opt/stack/data/venv/lib/python3.10/site-packages/sqlalchemy/orm/session.py", line 1286, in _prepare_impl
Jan 29 17:15:41 ubuntu devstack@keystone.service[81328]: ERROR keystone.server.flask.application     self.session.flush()
Jan 29 17:15:41 ubuntu devstack@keystone.service[81328]: ERROR keystone.server.flask.application   File "/opt/stack/data/venv/lib/python3.10/site-packages/sqlalchemy/orm/session.py", line 4331, in flush
Jan 29 17:15:41 ubuntu devstack@keystone.service[81328]: ERROR keystone.server.flask.application     self._flush(objects)
Jan 29 17:15:41 ubuntu devstack@keystone.service[81328]: ERROR keystone.server.flask.application   File "/opt/stack/data/venv/lib/python3.10/site-packages/sqlalchemy/orm/session.py", line 4466, in _flush
Jan 29 17:15:41 ubuntu devstack@keystone.service[81328]: ERROR keystone.server.flask.application     with util.safe_reraise():
Jan 29 17:15:41 ubuntu devstack@keystone.service[81328]: ERROR keystone.server.flask.application   File "/opt/stack/data/venv/lib/python3.10/site-packages/sqlalchemy/util/langhelpers.py", line 224, in __exit__
Jan 29 17:15:41 ubuntu devstack@keystone.service[81328]: ERROR keystone.server.flask.application     raise exc_value.with_traceback(exc_tb)
