Mar 15 21:32:47 ubuntu devstack@g-api.service[118832]: DEBUG glance.common.config [None req-e7c6e4c7-7118-4eb9-8ec3-1bbf7e84f532 None None] barbican_service_user.keyfile  = None {{(pid=118832) log_opt_values /opt/stack/data/venv/lib/python3.10/site-packages/oslo_config/cfg.py:2620}}
Mar 15 21:32:47 ubuntu devstack@g-api.service[118831]: DEBUG glance.common.config [None req-4437e31d-9a08-45aa-a207-5885c0c9c94c None None] database.mysql_sql_mode        = TRADITIONAL {{(pid=118831) log_opt_values /opt/stack/data/venv/lib/python3.10/site-packages/oslo_config/cfg.py:2620}}
Mar 15 21:32:47 ubuntu devstack@g-api.service[118832]: DEBUG glance.common.config [None req-e7c6e4c7-7118-4eb9-8ec3-1bbf7e84f532 None None] barbican_service_user.split_loggers = False {{(pid=118832) log_opt_values /opt/stack/data/venv/lib/python3.10/site-packages/oslo_config/cfg.py:2620}}
Mar 15 21:32:47 ubuntu devstack@g-api.service[118831]: DEBUG glance.common.config [None req-4437e31d-9a08-45aa-a207-5885c0c9c94c None None] database.mysql_wsrep_sync_wait = None {{(pid=118831) log_opt_values /opt/stack/data/venv/lib/python3.10/site-packages/oslo_config/cfg.py:2620}}
Mar 15 21:32:47 ubuntu devstack@g-api.service[118832]: DEBUG glance.common.config [None req-e7c6e4c7-7118-4eb9-8ec3-1bbf7e84f532 None None] barbican_service_user.timeout  = None {{(pid=118832) log_opt_values /opt/stack/data/venv/lib/python3.10/site-packages/oslo_config/cfg.py:2620}}
Mar 15 21:32:47 ubuntu devstack@g-api.service[118831]: DEBUG glance.common.config [None req-4437e31d-9a08-45aa-a207-5885c0c9c94c None None] database.pool_timeout          = None {{(pid=118831) log_opt_values /opt/stack/data/venv/lib/python3.10/site-packages/oslo_config/cfg.py:2620}}
Mar 15 21:32:47 ubuntu devstack@g-api.service[118832]: DEBUG glance.common.config [None req-e7c6e4c7-7118-4eb9-8ec3-1bbf7e84f532 None None] database.backend               = sqlalchemy {{(pid=118832) log_opt_values /opt/stack/data/venv/lib/python3.10/site-packages/oslo_config/cfg.py:2620}}
Mar 15 21:32:47 ubuntu devstack@g-api.service[118831]: DEBUG glance.common.config [None req-4437e31d-9a08-45aa-a207-5885c0c9c94c None None] database.retry_interval        = 10 {{(pid=118831) log_opt_values /opt/stack/data/venv/lib/python3.10/site-packages/oslo_config/cfg.py:2620}}
Mar 15 21:32:47 ubuntu devstack@g-api.service[118832]: DEBUG glance.common.config [None req-e7c6e4c7-7118-4eb9-8ec3-1bbf7e84f532 None None] database.connection            = **** {{(pid=118832) log_opt_values /opt/stack/data/venv/lib/python3.10/site-packages/oslo_config/cfg.py:2620}}
Mar 15 21:32:47 ubuntu devstack@g-api.service[118831]: DEBUG glance.common.config [None req-4437e31d-9a08-45aa-a207-5885c0c9c94c None None] database.slave_connection      = **** {{(pid=118831) log_opt_values /opt/stack/data/venv/lib/python3.10/site-packages/oslo_config/cfg.py:2620}}
Mar 15 21:32:47 ubuntu devstack@g-api.service[118832]: DEBUG glance.common.config [None req-e7c6e4c7-7118-4eb9-8ec3-1bbf7e84f532 None None] database.connection_debug      = 0 {{(pid=118832) log_opt_values /opt/stack/data/venv/lib/python3.10/site-packages/oslo_config/cfg.py:2620}}
Mar 15 21:32:47 ubuntu devstack@g-api.service[118831]: DEBUG glance.common.config [None req-4437e31d-9a08-45aa-a207-5885c0c9c94c None None] database.sqlite_synchronous    = True {{(pid=118831) log_opt_values /opt/stack/data/venv/lib/python3.10/site-packages/oslo_config/cfg.py:2620}}
Mar 15 21:32:47 ubuntu devstack@g-api.service[118832]: DEBUG glance.common.config [None req-e7c6e4c7-7118-4eb9-8ec3-1bbf7e84f532 None None] database.connection_parameters =  {{(pid=118832) log_opt_values /opt/stack/data/venv/lib/python3.10/site-packages/oslo_config/cfg.py:2620}}
Mar 15 21:32:47 ubuntu devstack@g-api.service[118831]: DEBUG glance.common.config [None req-4437e31d-9a08-45aa-a207-5885c0c9c94c None None] database.use_db_reconnect      = False {{(pid=118831) log_opt_values /opt/stack/data/venv/lib/python3.10/site-packages/oslo_config/cfg.py:2620}}
Mar 15 21:32:47 ubuntu devstack@g-api.service[118832]: DEBUG glance.common.config [None req-e7c6e4c7-7118-4eb9-8ec3-1bbf7e84f532 None None] database.connection_recycle_time = 3600 {{(pid=118832) log_opt_values /opt/stack/data/venv/lib/python3.10/site-packages/oslo_config/cfg.py:2620}}
Mar 15 21:32:47 ubuntu devstack@g-api.service[118831]: DEBUG glance.common.config [None req-4437e31d-9a08-45aa-a207-5885c0c9c94c None None] healthcheck.allowed_source_ranges = [] {{(pid=118831) log_opt_values /opt/stack/data/venv/lib/python3.10/site-packages/oslo_config/cfg.py:2620}}
Mar 15 21:32:47 ubuntu devstack@g-api.service[118832]: DEBUG glance.common.config [None req-e7c6e4c7-7118-4eb9-8ec3-1bbf7e84f532 None None] database.connection_trace      = False {{(pid=118832) log_opt_values /opt/stack/data/venv/lib/python3.10/site-packages/oslo_config/cfg.py:2620}}
Mar 15 21:32:47 ubuntu devstack@g-api.service[118831]: DEBUG glance.common.config [None req-4437e31d-9a08-45aa-a207-5885c0c9c94c None None] healthcheck.backends           = ['disable_by_file'] {{(pid=118831) log_opt_values /opt/stack/data/venv/lib/python3.10/site-packages/oslo_config/cfg.py:2620}}
Mar 15 21:32:47 ubuntu devstack@g-api.service[118832]: DEBUG glance.common.config [None req-e7c6e4c7-7118-4eb9-8ec3-1bbf7e84f532 None None] database.db_inc_retry_interval = True {{(pid=118832) log_opt_values /opt/stack/data/venv/lib/python3.10/site-packages/oslo_config/cfg.py:2620}}
Mar 15 21:32:47 ubuntu devstack@g-api.service[118831]: DEBUG glance.common.config [None req-4437e31d-9a08-45aa-a207-5885c0c9c94c None None] healthcheck.detailed           = False {{(pid=118831) log_opt_values /opt/stack/data/venv/lib/python3.10/site-packages/oslo_config/cfg.py:2620}}
Mar 15 21:32:47 ubuntu devstack@g-api.service[118832]: DEBUG glance.common.config [None req-e7c6e4c7-7118-4eb9-8ec3-1bbf7e84f532 None None] database.db_max_retries        = 20 {{(pid=118832) log_opt_values /opt/stack/data/venv/lib/python3.10/site-packages/oslo_config/cfg.py:2620}}
Mar 15 21:32:47 ubuntu devstack@g-api.service[118831]: DEBUG glance.common.config [None req-4437e31d-9a08-45aa-a207-5885c0c9c94c None None] healthcheck.disable_by_file_path = None {{(pid=118831) log_opt_values /opt/stack/data/venv/lib/python3.10/site-packages/oslo_config/cfg.py:2620}}
Mar 15 21:32:47 ubuntu devstack@g-api.service[118832]: DEBUG glance.common.config [None req-e7c6e4c7-7118-4eb9-8ec3-1bbf7e84f532 None None] database.db_max_retry_interval = 10 {{(pid=118832) log_opt_values /opt/stack/data/venv/lib/python3.10/site-packages/oslo_config/cfg.py:2620}}
Mar 15 21:32:47 ubuntu devstack@g-api.service[118831]: DEBUG glance.common.config [None req-4437e31d-9a08-45aa-a207-5885c0c9c94c None None] healthcheck.ignore_proxied_requests = False {{(pid=118831) log_opt_values /opt/stack/data/venv/lib/python3.10/site-packages/oslo_config/cfg.py:2620}}
Mar 15 21:32:47 ubuntu devstack@g-api.service[118832]: DEBUG glance.common.config [None req-e7c6e4c7-7118-4eb9-8ec3-1bbf7e84f532 None None] database.db_retry_interval     = 1 {{(pid=118832) log_opt_values /opt/stack/data/venv/lib/python3.10/site-packages/oslo_config/cfg.py:2620}}
Mar 15 21:32:47 ubuntu devstack@g-api.service[118831]: DEBUG glance.common.config [None req-4437e31d-9a08-45aa-a207-5885c0c9c94c None None] healthcheck.path               = /healthcheck {{(pid=118831) log_opt_values /opt/stack/data/venv/lib/python3.10/site-packages/oslo_config/cfg.py:2620}}
Mar 15 21:32:47 ubuntu devstack@g-api.service[118832]: DEBUG glance.common.config [None req-e7c6e4c7-7118-4eb9-8ec3-1bbf7e84f532 None None] database.max_overflow          = 50 {{(pid=118832) log_opt_values /opt/stack/data/venv/lib/python3.10/site-packages/oslo_config/cfg.py:2620}}
Mar 15 21:32:47 ubuntu devstack@g-api.service[118831]: DEBUG glance.common.config [None req-4437e31d-9a08-45aa-a207-5885c0c9c94c None None] ******************************************************************************** {{(pid=118831) log_opt_values /opt/stack/data/venv/lib/python3.10/site-packages/oslo_config/cfg.py:2624}}
Mar 15 21:32:47 ubuntu devstack@g-api.service[118831]: WSGI app 0 (mountpoint='') ready in 2 seconds on interpreter 0x56211197bd70 pid: 118831 (default app)
Mar 15 21:32:47 ubuntu devstack@g-api.service[118832]: DEBUG glance.common.config [None req-e7c6e4c7-7118-4eb9-8ec3-1bbf7e84f532 None None] database.max_pool_size         = 5 {{(pid=118832) log_opt_values /opt/stack/data/venv/lib/python3.10/site-packages/oslo_config/cfg.py:2620}}
Mar 15 21:32:47 ubuntu devstack@g-api.service[118832]: DEBUG glance.common.config [None req-e7c6e4c7-7118-4eb9-8ec3-1bbf7e84f532 None None] database.max_retries           = 10 {{(pid=118832) log_opt_values /opt/stack/data/venv/lib/python3.10/site-packages/oslo_config/cfg.py:2620}}
Mar 15 21:32:47 ubuntu devstack@g-api.service[118832]: DEBUG glance.common.config [None req-e7c6e4c7-7118-4eb9-8ec3-1bbf7e84f532 None None] database.mysql_sql_mode        = TRADITIONAL {{(pid=118832) log_opt_values /opt/stack/data/venv/lib/python3.10/site-packages/oslo_config/cfg.py:2620}}
Mar 15 21:32:47 ubuntu devstack@g-api.service[118831]: DEBUG glance.api.middleware.version_negotiation [None req-4437e31d-9a08-45aa-a207-5885c0c9c94c None None] Determining version of request: GET / Accept: */* {{(pid=118831) process_request /opt/stack/glance/glance/api/middleware/version_negotiation.py:44}}
Mar 15 21:32:47 ubuntu devstack@g-api.service[118832]: DEBUG glance.common.config [None req-e7c6e4c7-7118-4eb9-8ec3-1bbf7e84f532 None None] database.mysql_wsrep_sync_wait = None {{(pid=118832) log_opt_values /opt/stack/data/venv/lib/python3.10/site-packages/oslo_config/cfg.py:2620}}
Mar 15 21:32:47 ubuntu devstack@g-api.service[118832]: DEBUG glance.common.config [None req-e7c6e4c7-7118-4eb9-8ec3-1bbf7e84f532 None None] database.pool_timeout          = None {{(pid=118832) log_opt_values /opt/stack/data/venv/lib/python3.10/site-packages/oslo_config/cfg.py:2620}}
Mar 15 21:32:47 ubuntu devstack@g-api.service[118831]: DEBUG glance.api.middleware.version_negotiation [None req-4437e31d-9a08-45aa-a207-5885c0c9c94c None None] Using url versioning {{(pid=118831) process_request /opt/stack/glance/glance/api/middleware/version_negotiation.py:57}}
Mar 15 21:32:47 ubuntu devstack@g-api.service[118832]: DEBUG glance.common.config [None req-e7c6e4c7-7118-4eb9-8ec3-1bbf7e84f532 None None] database.retry_interval        = 10 {{(pid=118832) log_opt_values /opt/stack/data/venv/lib/python3.10/site-packages/oslo_config/cfg.py:2620}}
Mar 15 21:32:47 ubuntu devstack@g-api.service[118831]: DEBUG glance.api.middleware.version_negotiation [None req-4437e31d-9a08-45aa-a207-5885c0c9c94c None None] Unknown version. Returning version choices. {{(pid=118831) process_request /opt/stack/glance/glance/api/middleware/version_negotiation.py:64}}
Mar 15 21:32:47 ubuntu devstack@g-api.service[118832]: DEBUG glance.common.config [None req-e7c6e4c7-7118-4eb9-8ec3-1bbf7e84f532 None None] database.slave_connection      = **** {{(pid=118832) log_opt_values /opt/stack/data/venv/lib/python3.10/site-packages/oslo_config/cfg.py:2620}}
Mar 15 21:32:47 ubuntu devstack@g-api.service[118832]: DEBUG glance.common.config [None req-e7c6e4c7-7118-4eb9-8ec3-1bbf7e84f532 None None] database.sqlite_synchronous    = True {{(pid=118832) log_opt_values /opt/stack/data/venv/lib/python3.10/site-packages/oslo_config/cfg.py:2620}}
Mar 15 21:32:47 ubuntu devstack@g-api.service[118832]: DEBUG glance.common.config [None req-e7c6e4c7-7118-4eb9-8ec3-1bbf7e84f532 None None] database.use_db_reconnect      = False {{(pid=118832) log_opt_values /opt/stack/data/venv/lib/python3.10/site-packages/oslo_config/cfg.py:2620}}
Mar 15 21:32:47 ubuntu devstack@g-api.service[118832]: DEBUG glance.common.config [None req-e7c6e4c7-7118-4eb9-8ec3-1bbf7e84f532 None None] healthcheck.allowed_source_ranges = [] {{(pid=118832) log_opt_values /opt/stack/data/venv/lib/python3.10/site-packages/oslo_config/cfg.py:2620}}
Mar 15 21:32:47 ubuntu devstack@g-api.service[118832]: DEBUG glance.common.config [None req-e7c6e4c7-7118-4eb9-8ec3-1bbf7e84f532 None None] healthcheck.backends           = ['disable_by_file'] {{(pid=118832) log_opt_values /opt/stack/data/venv/lib/python3.10/site-packages/oslo_config/cfg.py:2620}}
Mar 15 21:32:47 ubuntu devstack@g-api.service[118831]: [pid: 118831|app: 0|req: 1/1] 127.0.0.1 () {32 vars in 386 bytes} [Fri Mar 15 21:32:47 2024] GET / => generated 1299 bytes in 1 msecs (HTTP/1.1 300) 3 headers in 106 bytes (1 switches on core 0)
Mar 15 21:32:47 ubuntu devstack@g-api.service[118832]: DEBUG glance.common.config [None req-e7c6e4c7-7118-4eb9-8ec3-1bbf7e84f532 None None] healthcheck.detailed           = False {{(pid=118832) log_opt_values /opt/stack/data/venv/lib/python3.10/site-packages/oslo_config/cfg.py:2620}}
Mar 15 21:32:47 ubuntu devstack@g-api.service[118832]: DEBUG glance.common.config [None req-e7c6e4c7-7118-4eb9-8ec3-1bbf7e84f532 None None] healthcheck.disable_by_file_path = None {{(pid=118832) log_opt_values /opt/stack/data/venv/lib/python3.10/site-packages/oslo_config/cfg.py:2620}}
Mar 15 21:32:47 ubuntu devstack@g-api.service[118832]: DEBUG glance.common.config [None req-e7c6e4c7-7118-4eb9-8ec3-1bbf7e84f532 None None] healthcheck.ignore_proxied_requests = False {{(pid=118832) log_opt_values /opt/stack/data/venv/lib/python3.10/site-packages/oslo_config/cfg.py:2620}}
Mar 15 21:32:47 ubuntu devstack@g-api.service[118832]: DEBUG glance.common.config [None req-e7c6e4c7-7118-4eb9-8ec3-1bbf7e84f532 None None] healthcheck.path               = /healthcheck {{(pid=118832) log_opt_values /opt/stack/data/venv/lib/python3.10/site-packages/oslo_config/cfg.py:2620}}
Mar 15 21:32:47 ubuntu devstack@g-api.service[118832]: DEBUG glance.common.config [None req-e7c6e4c7-7118-4eb9-8ec3-1bbf7e84f532 None None] ******************************************************************************** {{(pid=118832) log_opt_values /opt/stack/data/venv/lib/python3.10/site-packages/oslo_config/cfg.py:2624}}
Mar 15 21:32:47 ubuntu devstack@g-api.service[118832]: WSGI app 0 (mountpoint='') ready in 2 seconds on interpreter 0x56211197bd70 pid: 118832 (default app)
Mar 15 21:32:57 ubuntu devstack@g-api.service[118831]: DEBUG dbcounter [-] [118831] Writing DB stats glance:SELECT=5,glance:INSERT=4 {{(pid=118831) stat_writer /opt/stack/data/venv/lib/python3.10/site-packages/dbcounter.py:115}}
Mar 15 21:32:57 ubuntu devstack@g-api.service[118832]: DEBUG dbcounter [-] [118832] Writing DB stats glance:SELECT=5,glance:INSERT=4 {{(pid=118832) stat_writer /opt/stack/data/venv/lib/python3.10/site-packages/dbcounter.py:115}}
Mar 15 21:33:05 ubuntu devstack@g-api.service[118831]: DEBUG glance.api.middleware.version_negotiation [None req-4437e31d-9a08-45aa-a207-5885c0c9c94c None None] Determining version of request: GET / Accept: application/json {{(pid=118831) process_request /opt/stack/glance/glance/api/middleware/version_negotiation.py:44}}
Mar 15 21:33:05 ubuntu devstack@g-api.service[118831]: DEBUG glance.api.middleware.version_negotiation [None req-4437e31d-9a08-45aa-a207-5885c0c9c94c None None] Using url versioning {{(pid=118831) process_request /opt/stack/glance/glance/api/middleware/version_negotiation.py:57}}
Mar 15 21:33:05 ubuntu devstack@g-api.service[118831]: DEBUG glance.api.middleware.version_negotiation [None req-4437e31d-9a08-45aa-a207-5885c0c9c94c None None] Unknown version. Returning version choices. {{(pid=118831) process_request /opt/stack/glance/glance/api/middleware/version_negotiation.py:64}}
Mar 15 21:33:05 ubuntu devstack@g-api.service[118831]: [pid: 118831|app: 0|req: 2/2] 127.0.0.1 () {34 vars in 502 bytes} [Fri Mar 15 21:33:05 2024] GET / => generated 1299 bytes in 7 msecs (HTTP/1.1 300) 3 headers in 106 bytes (1 switches on core 0)
Mar 15 21:33:05 ubuntu devstack@g-api.service[118832]: DEBUG glance.api.middleware.version_negotiation [None req-e7c6e4c7-7118-4eb9-8ec3-1bbf7e84f532 None None] Determining version of request: POST /v2/images Accept: */* {{(pid=118832) process_request /opt/stack/glance/glance/api/middleware/version_negotiation.py:44}}
Mar 15 21:33:05 ubuntu devstack@g-api.service[118832]: DEBUG glance.api.middleware.version_negotiation [None req-e7c6e4c7-7118-4eb9-8ec3-1bbf7e84f532 None None] Using url versioning {{(pid=118832) process_request /opt/stack/glance/glance/api/middleware/version_negotiation.py:57}}
Mar 15 21:33:05 ubuntu devstack@g-api.service[118832]: DEBUG glance.api.middleware.version_negotiation [None req-e7c6e4c7-7118-4eb9-8ec3-1bbf7e84f532 None None] Matched version: v2 {{(pid=118832) process_request /opt/stack/glance/glance/api/middleware/version_negotiation.py:69}}
Mar 15 21:33:05 ubuntu devstack@g-api.service[118832]: DEBUG glance.api.middleware.version_negotiation [None req-e7c6e4c7-7118-4eb9-8ec3-1bbf7e84f532 None None] new path /v2/images {{(pid=118832) process_request /opt/stack/glance/glance/api/middleware/version_negotiation.py:70}}
Mar 15 21:33:06 ubuntu devstack@g-api.service[118832]: [pid: 118832|app: 0|req: 1/3] 127.0.0.1 () {40 vars in 765 bytes} [Fri Mar 15 21:33:05 2024] POST /v2/images => generated 807 bytes in 928 msecs (HTTP/1.1 201) 6 headers in 314 bytes (1 switches on core 0)
Mar 15 21:33:06 ubuntu devstack@g-api.service[118831]: DEBUG glance.api.middleware.version_negotiation [None req-4437e31d-9a08-45aa-a207-5885c0c9c94c None None] Determining version of request: PUT /v2/images/81eb5aef-b0f6-4ac8-85c6-b779f164b38a/file Accept:  {{(pid=118831) process_request /opt/stack/glance/glance/api/middleware/version_negotiation.py:44}}
Mar 15 21:33:06 ubuntu devstack@g-api.service[118831]: DEBUG glance.api.middleware.version_negotiation [None req-4437e31d-9a08-45aa-a207-5885c0c9c94c None None] Using url versioning {{(pid=118831) process_request /opt/stack/glance/glance/api/middleware/version_negotiation.py:57}}
Mar 15 21:33:06 ubuntu devstack@g-api.service[118831]: DEBUG glance.api.middleware.version_negotiation [None req-4437e31d-9a08-45aa-a207-5885c0c9c94c None None] Matched version: v2 {{(pid=118831) process_request /opt/stack/glance/glance/api/middleware/version_negotiation.py:69}}
Mar 15 21:33:06 ubuntu devstack@g-api.service[118831]: DEBUG glance.api.middleware.version_negotiation [None req-4437e31d-9a08-45aa-a207-5885c0c9c94c None None] new path /v2/images/81eb5aef-b0f6-4ac8-85c6-b779f164b38a/file {{(pid=118831) process_request /opt/stack/glance/glance/api/middleware/version_negotiation.py:70}}
Mar 15 21:33:07 ubuntu devstack@g-api.service[118831]: INFO glance.api.v2.image_data [None req-6fda7a55-9e72-4261-989a-e3e859854841 admin admin] Unable to create trust: no such option collect_timing in group [keystone_authtoken] Use the existing user token.
Mar 15 21:33:07 ubuntu devstack@g-api.service[118831]: DEBUG glance.location [None req-6fda7a55-9e72-4261-989a-e3e859854841 admin admin] Enabling in-flight format inspection for qcow2 {{(pid=118831) set_data /opt/stack/glance/glance/location.py:581}}
Mar 15 21:33:07 ubuntu devstack@g-api.service[118831]: DEBUG glance_store.backend [None req-6fda7a55-9e72-4261-989a-e3e859854841 admin admin] Attempting to import store swift {{(pid=118831) _load_store /opt/stack/data/venv/lib/python3.10/site-packages/glance_store/backend.py:216}}
Mar 15 21:33:07 ubuntu devstack@g-api.service[118831]: DEBUG glance_store.capabilities [None req-6fda7a55-9e72-4261-989a-e3e859854841 admin admin] Store glance_store._drivers.swift.store.SingleTenantStore doesn't support updating dynamic storage capabilities. Please overwrite 'update_capabilities' method of the store to implement updating logics if needed. {{(pid=118831) update_capabilities /opt/stack/data/venv/lib/python3.10/site-packages/glance_store/capabilities.py:91}}
Mar 15 21:33:07 ubuntu devstack@g-api.service[118831]: DEBUG glance_store.driver [None req-6fda7a55-9e72-4261-989a-e3e859854841 admin admin] Late loading location class glance_store._drivers.swift.store.StoreLocation {{(pid=118831) get_store_location_class /opt/stack/data/venv/lib/python3.10/site-packages/glance_store/driver.py:133}}
Mar 15 21:33:07 ubuntu devstack@g-api.service[118831]: DEBUG glance_store.location [None req-6fda7a55-9e72-4261-989a-e3e859854841 admin admin] Registering scheme swift+https with {'store': <glance_store._drivers.swift.store.SingleTenantStore object at 0x7f141649a6b0>, 'location_class': <class 'glance_store._drivers.swift.store.StoreLocation'>, 'store_entry': 'swift'} {{(pid=118831) register_scheme_map /opt/stack/data/venv/lib/python3.10/site-packages/glance_store/location.py:146}}
Mar 15 21:33:07 ubuntu devstack@g-api.service[118831]: DEBUG glance_store.location [None req-6fda7a55-9e72-4261-989a-e3e859854841 admin admin] Registering scheme swift+https with {'store': <glance_store._drivers.swift.store.SingleTenantStore object at 0x7f141649a6b0>, 'location_class': <class 'glance_store._drivers.swift.store.StoreLocation'>, 'store_entry': 'swift'} {{(pid=118831) register_scheme_map /opt/stack/data/venv/lib/python3.10/site-packages/glance_store/location.py:146}}
Mar 15 21:33:07 ubuntu devstack@g-api.service[118831]: DEBUG glance_store.location [None req-6fda7a55-9e72-4261-989a-e3e859854841 admin admin] Registering scheme swift with {'store': <glance_store._drivers.swift.store.SingleTenantStore object at 0x7f141649a6b0>, 'location_class': <class 'glance_store._drivers.swift.store.StoreLocation'>, 'store_entry': 'swift'} {{(pid=118831) register_scheme_map /opt/stack/data/venv/lib/python3.10/site-packages/glance_store/location.py:146}}
Mar 15 21:33:07 ubuntu devstack@g-api.service[118831]: DEBUG glance_store.location [None req-6fda7a55-9e72-4261-989a-e3e859854841 admin admin] Registering scheme swift+https with {'store': <glance_store._drivers.swift.store.SingleTenantStore object at 0x7f141649a6b0>, 'location_class': <class 'glance_store._drivers.swift.store.StoreLocation'>, 'store_entry': 'swift'} {{(pid=118831) register_scheme_map /opt/stack/data/venv/lib/python3.10/site-packages/glance_store/location.py:146}}
Mar 15 21:33:07 ubuntu devstack@g-api.service[118831]: DEBUG glance_store.location [None req-6fda7a55-9e72-4261-989a-e3e859854841 admin admin] Registering scheme swift with {'store': <glance_store._drivers.swift.store.SingleTenantStore object at 0x7f141649a6b0>, 'location_class': <class 'glance_store._drivers.swift.store.StoreLocation'>, 'store_entry': 'swift'} {{(pid=118831) register_scheme_map /opt/stack/data/venv/lib/python3.10/site-packages/glance_store/location.py:146}}
Mar 15 21:33:07 ubuntu devstack@g-api.service[118831]: DEBUG glance_store.location [None req-6fda7a55-9e72-4261-989a-e3e859854841 admin admin] Registering scheme swift+http with {'store': <glance_store._drivers.swift.store.SingleTenantStore object at 0x7f141649a6b0>, 'location_class': <class 'glance_store._drivers.swift.store.StoreLocation'>, 'store_entry': 'swift'} {{(pid=118831) register_scheme_map /opt/stack/data/venv/lib/python3.10/site-packages/glance_store/location.py:146}}
Mar 15 21:33:07 ubuntu devstack@g-api.service[118831]: DEBUG glance_store.location [None req-6fda7a55-9e72-4261-989a-e3e859854841 admin admin] Registering scheme swift+https with {'store': <glance_store._drivers.swift.store.SingleTenantStore object at 0x7f141649a6b0>, 'location_class': <class 'glance_store._drivers.swift.store.StoreLocation'>, 'store_entry': 'swift'} {{(pid=118831) register_scheme_map /opt/stack/data/venv/lib/python3.10/site-packages/glance_store/location.py:146}}
Mar 15 21:33:07 ubuntu devstack@g-api.service[118831]: DEBUG glance_store.location [None req-6fda7a55-9e72-4261-989a-e3e859854841 admin admin] Registering scheme swift with {'store': <glance_store._drivers.swift.store.SingleTenantStore object at 0x7f141649a6b0>, 'location_class': <class 'glance_store._drivers.swift.store.StoreLocation'>, 'store_entry': 'swift'} {{(pid=118831) register_scheme_map /opt/stack/data/venv/lib/python3.10/site-packages/glance_store/location.py:146}}
Mar 15 21:33:07 ubuntu devstack@g-api.service[118831]: DEBUG glance_store.location [None req-6fda7a55-9e72-4261-989a-e3e859854841 admin admin] Registering scheme swift+http with {'store': <glance_store._drivers.swift.store.SingleTenantStore object at 0x7f141649a6b0>, 'location_class': <class 'glance_store._drivers.swift.store.StoreLocation'>, 'store_entry': 'swift'} {{(pid=118831) register_scheme_map /opt/stack/data/venv/lib/python3.10/site-packages/glance_store/location.py:146}}
Mar 15 21:33:07 ubuntu devstack@g-api.service[118831]: DEBUG glance_store.location [None req-6fda7a55-9e72-4261-989a-e3e859854841 admin admin] Registering scheme swift+config with {'store': <glance_store._drivers.swift.store.SingleTenantStore object at 0x7f141649a6b0>, 'location_class': <class 'glance_store._drivers.swift.store.StoreLocation'>, 'store_entry': 'swift'} {{(pid=118831) register_scheme_map /opt/stack/data/venv/lib/python3.10/site-packages/glance_store/location.py:146}}
Mar 15 21:33:07 ubuntu devstack@g-api.service[118831]: INFO swiftclient [None req-6fda7a55-9e72-4261-989a-e3e859854841 admin admin] REQ: curl -i http://10.201.5.82:8080/v1/AUTH_855deea130d4476c8e12fc19ce94f665/glance -I -H "X-Auth-Token: gAAAAABl9L6TUX1a..."
Mar 15 21:33:07 ubuntu devstack@g-api.service[118831]: INFO swiftclient [None req-6fda7a55-9e72-4261-989a-e3e859854841 admin admin] RESP STATUS: 404 Not Found
Mar 15 21:33:07 ubuntu devstack@g-api.service[118831]: INFO swiftclient [None req-6fda7a55-9e72-4261-989a-e3e859854841 admin admin] RESP HEADERS: {'Content-Type': 'text/html; charset=UTF-8', 'Content-Length': '0', 'X-Container-Sharding': 'False', 'X-Trans-Id': 'tx0935f3945f154c85841fa-0065f4be93', 'X-Openstack-Request-Id': 'tx0935f3945f154c85841fa-0065f4be93', 'Date': 'Fri, 15 Mar 2024 21:33:07 GMT'}
Mar 15 21:33:07 ubuntu devstack@g-api.service[118831]: INFO glance_store._drivers.swift.store [None req-6fda7a55-9e72-4261-989a-e3e859854841 admin admin] Creating swift container glance
Mar 15 21:33:07 ubuntu devstack@g-api.service[118831]: DEBUG swiftclient [None req-6fda7a55-9e72-4261-989a-e3e859854841 admin admin] REQ: curl -i http://10.201.5.82:8080/v1/AUTH_855deea130d4476c8e12fc19ce94f665/glance -X PUT -H "X-Auth-Token: gAAAAABl9L6TUX1a..." -H "Content-Length: 0" {{(pid=118831) http_log /opt/stack/data/venv/lib/python3.10/site-packages/swiftclient/client.py:157}}
Mar 15 21:33:07 ubuntu devstack@g-api.service[118831]: DEBUG swiftclient [None req-6fda7a55-9e72-4261-989a-e3e859854841 admin admin] RESP STATUS: 201 Created {{(pid=118831) http_log /opt/stack/data/venv/lib/python3.10/site-packages/swiftclient/client.py:158}}
Mar 15 21:33:07 ubuntu devstack@g-api.service[118831]: DEBUG swiftclient [None req-6fda7a55-9e72-4261-989a-e3e859854841 admin admin] RESP HEADERS: {'Content-Type': 'text/html; charset=UTF-8', 'Content-Length': '0', 'X-Trans-Id': 'txb8af6f7c38e74ebe95664-0065f4be93', 'X-Openstack-Request-Id': 'txb8af6f7c38e74ebe95664-0065f4be93', 'Date': 'Fri, 15 Mar 2024 21:33:07 GMT'} {{(pid=118831) http_log /opt/stack/data/venv/lib/python3.10/site-packages/swiftclient/client.py:159}}
Mar 15 21:33:07 ubuntu devstack@g-api.service[118831]: DEBUG glance_store._drivers.swift.store [None req-6fda7a55-9e72-4261-989a-e3e859854841 admin admin] Adding image object '81eb5aef-b0f6-4ac8-85c6-b779f164b38a' to Swift {{(pid=118831) add /opt/stack/data/venv/lib/python3.10/site-packages/glance_store/_drivers/swift/store.py:941}}
Mar 15 21:33:08 ubuntu devstack@g-api.service[118831]: DEBUG swiftclient [None req-6fda7a55-9e72-4261-989a-e3e859854841 admin admin] REQ: curl -i http://10.201.5.82:8080/v1/AUTH_855deea130d4476c8e12fc19ce94f665/glance/81eb5aef-b0f6-4ac8-85c6-b779f164b38a -X PUT -H "X-Auth-Token: gAAAAABl9L6TUX1a..." -H "Content-Length: 21430272" {{(pid=118831) http_log /opt/stack/data/venv/lib/python3.10/site-packages/swiftclient/client.py:157}}
Mar 15 21:33:08 ubuntu devstack@g-api.service[118831]: DEBUG swiftclient [None req-6fda7a55-9e72-4261-989a-e3e859854841 admin admin] RESP STATUS: 201 Created {{(pid=118831) http_log /opt/stack/data/venv/lib/python3.10/site-packages/swiftclient/client.py:158}}
Mar 15 21:33:08 ubuntu devstack@g-api.service[118831]: DEBUG swiftclient [None req-6fda7a55-9e72-4261-989a-e3e859854841 admin admin] RESP HEADERS: {'Content-Type': 'text/html; charset=UTF-8', 'Content-Length': '0', 'Etag': 'c8fc807773e5354afe61636071771906', 'Last-Modified': 'Fri, 15 Mar 2024 21:33:08 GMT', 'X-Trans-Id': 'tx1331327fc8474773ad8b7-0065f4be93', 'X-Openstack-Request-Id': 'tx1331327fc8474773ad8b7-0065f4be93', 'Date': 'Fri, 15 Mar 2024 21:33:08 GMT'} {{(pid=118831) http_log /opt/stack/data/venv/lib/python3.10/site-packages/swiftclient/client.py:159}}
Mar 15 21:33:08 ubuntu devstack@g-api.service[118831]: INFO glance.location [None req-6fda7a55-9e72-4261-989a-e3e859854841 admin admin] Image format matched and virtual size computed: 117440512
Mar 15 21:33:08 ubuntu devstack@g-api.service[118831]: DEBUG glance_store.backend [None req-6fda7a55-9e72-4261-989a-e3e859854841 admin admin] Attempting to import store swift {{(pid=118831) _load_store /opt/stack/data/venv/lib/python3.10/site-packages/glance_store/backend.py:216}}
Mar 15 21:33:08 ubuntu devstack@g-api.service[118831]: DEBUG glance_store.capabilities [None req-6fda7a55-9e72-4261-989a-e3e859854841 admin admin] Store glance_store._drivers.swift.store.SingleTenantStore doesn't support updating dynamic storage capabilities. Please overwrite 'update_capabilities' method of the store to implement updating logics if needed. {{(pid=118831) update_capabilities /opt/stack/data/venv/lib/python3.10/site-packages/glance_store/capabilities.py:91}}
Mar 15 21:33:08 ubuntu devstack@g-api.service[118831]: DEBUG glance_store.driver [None req-6fda7a55-9e72-4261-989a-e3e859854841 admin admin] Late loading location class glance_store._drivers.swift.store.StoreLocation {{(pid=118831) get_store_location_class /opt/stack/data/venv/lib/python3.10/site-packages/glance_store/driver.py:133}}
Mar 15 21:33:08 ubuntu devstack@g-api.service[118831]: DEBUG glance_store.location [None req-6fda7a55-9e72-4261-989a-e3e859854841 admin admin] Registering scheme swift+https with {'store': <glance_store._drivers.swift.store.SingleTenantStore object at 0x7f14164d8b20>, 'location_class': <class 'glance_store._drivers.swift.store.StoreLocation'>, 'store_entry': 'swift'} {{(pid=118831) register_scheme_map /opt/stack/data/venv/lib/python3.10/site-packages/glance_store/location.py:146}}
Mar 15 21:33:08 ubuntu devstack@g-api.service[118831]: DEBUG glance_store.location [None req-6fda7a55-9e72-4261-989a-e3e859854841 admin admin] Registering scheme swift+https with {'store': <glance_store._drivers.swift.store.SingleTenantStore object at 0x7f14164d8b20>, 'location_class': <class 'glance_store._drivers.swift.store.StoreLocation'>, 'store_entry': 'swift'} {{(pid=118831) register_scheme_map /opt/stack/data/venv/lib/python3.10/site-packages/glance_store/location.py:146}}
Mar 15 21:33:08 ubuntu devstack@g-api.service[118831]: DEBUG glance_store.location [None req-6fda7a55-9e72-4261-989a-e3e859854841 admin admin] Registering scheme swift with {'store': <glance_store._drivers.swift.store.SingleTenantStore object at 0x7f14164d8b20>, 'location_class': <class 'glance_store._drivers.swift.store.StoreLocation'>, 'store_entry': 'swift'} {{(pid=118831) register_scheme_map /opt/stack/data/venv/lib/python3.10/site-packages/glance_store/location.py:146}}
Mar 15 21:33:08 ubuntu devstack@g-api.service[118831]: DEBUG glance_store.location [None req-6fda7a55-9e72-4261-989a-e3e859854841 admin admin] Registering scheme swift+https with {'store': <glance_store._drivers.swift.store.SingleTenantStore object at 0x7f14164d8b20>, 'location_class': <class 'glance_store._drivers.swift.store.StoreLocation'>, 'store_entry': 'swift'} {{(pid=118831) register_scheme_map /opt/stack/data/venv/lib/python3.10/site-packages/glance_store/location.py:146}}
Mar 15 21:33:08 ubuntu devstack@g-api.service[118831]: DEBUG glance_store.location [None req-6fda7a55-9e72-4261-989a-e3e859854841 admin admin] Registering scheme swift with {'store': <glance_store._drivers.swift.store.SingleTenantStore object at 0x7f14164d8b20>, 'location_class': <class 'glance_store._drivers.swift.store.StoreLocation'>, 'store_entry': 'swift'} {{(pid=118831) register_scheme_map /opt/stack/data/venv/lib/python3.10/site-packages/glance_store/location.py:146}}
Mar 15 21:33:08 ubuntu devstack@g-api.service[118831]: DEBUG glance_store.location [None req-6fda7a55-9e72-4261-989a-e3e859854841 admin admin] Registering scheme swift+http with {'store': <glance_store._drivers.swift.store.SingleTenantStore object at 0x7f14164d8b20>, 'location_class': <class 'glance_store._drivers.swift.store.StoreLocation'>, 'store_entry': 'swift'} {{(pid=118831) register_scheme_map /opt/stack/data/venv/lib/python3.10/site-packages/glance_store/location.py:146}}
Mar 15 21:33:08 ubuntu devstack@g-api.service[118831]: DEBUG glance_store.location [None req-6fda7a55-9e72-4261-989a-e3e859854841 admin admin] Registering scheme swift+https with {'store': <glance_store._drivers.swift.store.SingleTenantStore object at 0x7f14164d8b20>, 'location_class': <class 'glance_store._drivers.swift.store.StoreLocation'>, 'store_entry': 'swift'} {{(pid=118831) register_scheme_map /opt/stack/data/venv/lib/python3.10/site-packages/glance_store/location.py:146}}
Mar 15 21:33:08 ubuntu devstack@g-api.service[118831]: DEBUG glance_store.location [None req-6fda7a55-9e72-4261-989a-e3e859854841 admin admin] Registering scheme swift with {'store': <glance_store._drivers.swift.store.SingleTenantStore object at 0x7f14164d8b20>, 'location_class': <class 'glance_store._drivers.swift.store.StoreLocation'>, 'store_entry': 'swift'} {{(pid=118831) register_scheme_map /opt/stack/data/venv/lib/python3.10/site-packages/glance_store/location.py:146}}
Mar 15 21:33:08 ubuntu devstack@g-api.service[118831]: DEBUG glance_store.location [None req-6fda7a55-9e72-4261-989a-e3e859854841 admin admin] Registering scheme swift+http with {'store': <glance_store._drivers.swift.store.SingleTenantStore object at 0x7f14164d8b20>, 'location_class': <class 'glance_store._drivers.swift.store.StoreLocation'>, 'store_entry': 'swift'} {{(pid=118831) register_scheme_map /opt/stack/data/venv/lib/python3.10/site-packages/glance_store/location.py:146}}
Mar 15 21:33:08 ubuntu devstack@g-api.service[118831]: DEBUG glance_store.location [None req-6fda7a55-9e72-4261-989a-e3e859854841 admin admin] Registering scheme swift+config with {'store': <glance_store._drivers.swift.store.SingleTenantStore object at 0x7f14164d8b20>, 'location_class': <class 'glance_store._drivers.swift.store.StoreLocation'>, 'store_entry': 'swift'} {{(pid=118831) register_scheme_map /opt/stack/data/venv/lib/python3.10/site-packages/glance_store/location.py:146}}
Mar 15 21:33:08 ubuntu devstack@g-api.service[118831]: DEBUG glance_store.backend [None req-6fda7a55-9e72-4261-989a-e3e859854841 admin admin] Skipping store.set_acls... not implemented. {{(pid=118831) set_acls /opt/stack/data/venv/lib/python3.10/site-packages/glance_store/backend.py:508}}
Mar 15 21:33:08 ubuntu devstack@g-api.service[118831]: [pid: 118831|app: 0|req: 3/4] 127.0.0.1 () {40 vars in 858 bytes} [Fri Mar 15 21:33:06 2024] PUT /v2/images/81eb5aef-b0f6-4ac8-85c6-b779f164b38a/file => generated 0 bytes in 1803 msecs (HTTP/1.1 204) 4 headers in 171 bytes (1 switches on core 0)
Mar 15 21:33:16 ubuntu devstack@g-api.service[118832]: DEBUG dbcounter [-] [118832] Writing DB stats glance:SELECT=9,glance:INSERT=5 {{(pid=118832) stat_writer /opt/stack/data/venv/lib/python3.10/site-packages/dbcounter.py:115}}
Mar 15 21:33:18 ubuntu devstack@g-api.service[118831]: DEBUG dbcounter [-] [118831] Writing DB stats glance:SELECT=28,glance:UPDATE=2,glance:INSERT=1 {{(pid=118831) stat_writer /opt/stack/data/venv/lib/python3.10/site-packages/dbcounter.py:115}}
Mar 15 21:33:44 ubuntu devstack@g-api.service[118832]: DEBUG glance.api.middleware.version_negotiation [None req-df167fcc-4f39-4dc7-841e-ebefe3f8cd5e admin admin] Determining version of request: GET / Accept: application/json {{(pid=118832) process_request /opt/stack/glance/glance/api/middleware/version_negotiation.py:44}}
Mar 15 21:33:44 ubuntu devstack@g-api.service[118832]: DEBUG glance.api.middleware.version_negotiation [None req-df167fcc-4f39-4dc7-841e-ebefe3f8cd5e admin admin] Using url versioning {{(pid=118832) process_request /opt/stack/glance/glance/api/middleware/version_negotiation.py:57}}
Mar 15 21:33:44 ubuntu devstack@g-api.service[118832]: DEBUG glance.api.middleware.version_negotiation [None req-df167fcc-4f39-4dc7-841e-ebefe3f8cd5e admin admin] Unknown version. Returning version choices. {{(pid=118832) process_request /opt/stack/glance/glance/api/middleware/version_negotiation.py:64}}
Mar 15 21:33:44 ubuntu devstack@g-api.service[118832]: [pid: 118832|app: 0|req: 2/5] 127.0.0.1 () {34 vars in 502 bytes} [Fri Mar 15 21:33:44 2024] GET / => generated 1299 bytes in 2 msecs (HTTP/1.1 300) 3 headers in 106 bytes (1 switches on core 0)
Mar 15 21:33:44 ubuntu devstack@g-api.service[118831]: DEBUG glance.api.middleware.version_negotiation [None req-6fda7a55-9e72-4261-989a-e3e859854841 admin admin] Determining version of request: GET /v2/images Accept: application/json {{(pid=118831) process_request /opt/stack/glance/glance/api/middleware/version_negotiation.py:44}}
Mar 15 21:33:44 ubuntu devstack@g-api.service[118831]: DEBUG glance.api.middleware.version_negotiation [None req-6fda7a55-9e72-4261-989a-e3e859854841 admin admin] Using url versioning {{(pid=118831) process_request /opt/stack/glance/glance/api/middleware/version_negotiation.py:57}}
Mar 15 21:33:44 ubuntu devstack@g-api.service[118831]: DEBUG glance.api.middleware.version_negotiation [None req-6fda7a55-9e72-4261-989a-e3e859854841 admin admin] Matched version: v2 {{(pid=118831) process_request /opt/stack/glance/glance/api/middleware/version_negotiation.py:69}}
Mar 15 21:33:44 ubuntu devstack@g-api.service[118831]: DEBUG glance.api.middleware.version_negotiation [None req-6fda7a55-9e72-4261-989a-e3e859854841 admin admin] new path /v2/images {{(pid=118831) process_request /opt/stack/glance/glance/api/middleware/version_negotiation.py:70}}
Mar 15 21:33:44 ubuntu devstack@g-api.service[118831]: [pid: 118831|app: 0|req: 4/6] 127.0.0.1 () {36 vars in 724 bytes} [Fri Mar 15 21:33:44 2024] GET /v2/images => generated 1045 bytes in 334 msecs (HTTP/1.1 200) 4 headers in 158 bytes (1 switches on core 0)
Mar 15 21:33:49 ubuntu devstack@g-api.service[118832]: DEBUG glance.api.middleware.version_negotiation [None req-df167fcc-4f39-4dc7-841e-ebefe3f8cd5e admin admin] Determining version of request: GET / Accept: application/json {{(pid=118832) process_request /opt/stack/glance/glance/api/middleware/version_negotiation.py:44}}
Mar 15 21:33:49 ubuntu devstack@g-api.service[118832]: DEBUG glance.api.middleware.version_negotiation [None req-df167fcc-4f39-4dc7-841e-ebefe3f8cd5e admin admin] Using url versioning {{(pid=118832) process_request /opt/stack/glance/glance/api/middleware/version_negotiation.py:57}}
Mar 15 21:33:49 ubuntu devstack@g-api.service[118832]: DEBUG glance.api.middleware.version_negotiation [None req-df167fcc-4f39-4dc7-841e-ebefe3f8cd5e admin admin] Unknown version. Returning version choices. {{(pid=118832) process_request /opt/stack/glance/glance/api/middleware/version_negotiation.py:64}}
Mar 15 21:33:49 ubuntu devstack@g-api.service[118832]: [pid: 118832|app: 0|req: 3/7] 127.0.0.1 () {34 vars in 502 bytes} [Fri Mar 15 21:33:49 2024] GET / => generated 1299 bytes in 1 msecs (HTTP/1.1 300) 3 headers in 106 bytes (1 switches on core 0)
Mar 15 21:33:49 ubuntu devstack@g-api.service[118831]: DEBUG glance.api.middleware.version_negotiation [None req-f3e427bd-88f1-4aa6-ba31-c5b726dd8b92 admin admin] Determining version of request: GET /v2/images/81eb5aef-b0f6-4ac8-85c6-b779f164b38a Accept: */* {{(pid=118831) process_request /opt/stack/glance/glance/api/middleware/version_negotiation.py:44}}
Mar 15 21:33:49 ubuntu devstack@g-api.service[118831]: DEBUG glance.api.middleware.version_negotiation [None req-f3e427bd-88f1-4aa6-ba31-c5b726dd8b92 admin admin] Using url versioning {{(pid=118831) process_request /opt/stack/glance/glance/api/middleware/version_negotiation.py:57}}
Mar 15 21:33:49 ubuntu devstack@g-api.service[118831]: DEBUG glance.api.middleware.version_negotiation [None req-f3e427bd-88f1-4aa6-ba31-c5b726dd8b92 admin admin] Matched version: v2 {{(pid=118831) process_request /opt/stack/glance/glance/api/middleware/version_negotiation.py:69}}
Mar 15 21:33:49 ubuntu devstack@g-api.service[118831]: DEBUG glance.api.middleware.version_negotiation [None req-f3e427bd-88f1-4aa6-ba31-c5b726dd8b92 admin admin] new path /v2/images/81eb5aef-b0f6-4ac8-85c6-b779f164b38a {{(pid=118831) process_request /opt/stack/glance/glance/api/middleware/version_negotiation.py:70}}
Mar 15 21:33:49 ubuntu devstack@g-api.service[118831]: [pid: 118831|app: 0|req: 5/8] 127.0.0.1 () {36 vars in 785 bytes} [Fri Mar 15 21:33:49 2024] GET /v2/images/81eb5aef-b0f6-4ac8-85c6-b779f164b38a => generated 976 bytes in 202 msecs (HTTP/1.1 200) 4 headers in 157 bytes (1 switches on core 0)
Mar 15 21:33:52 ubuntu devstack@g-api.service[118832]: DEBUG glance.api.middleware.version_negotiation [None req-df167fcc-4f39-4dc7-841e-ebefe3f8cd5e admin admin] Determining version of request: GET / Accept: application/json {{(pid=118832) process_request /opt/stack/glance/glance/api/middleware/version_negotiation.py:44}}
Mar 15 21:33:52 ubuntu devstack@g-api.service[118832]: DEBUG glance.api.middleware.version_negotiation [None req-df167fcc-4f39-4dc7-841e-ebefe3f8cd5e admin admin] Using url versioning {{(pid=118832) process_request /opt/stack/glance/glance/api/middleware/version_negotiation.py:57}}
Mar 15 21:33:52 ubuntu devstack@g-api.service[118832]: DEBUG glance.api.middleware.version_negotiation [None req-df167fcc-4f39-4dc7-841e-ebefe3f8cd5e admin admin] Unknown version. Returning version choices. {{(pid=118832) process_request /opt/stack/glance/glance/api/middleware/version_negotiation.py:64}}
Mar 15 21:33:52 ubuntu devstack@g-api.service[118832]: [pid: 118832|app: 0|req: 4/9] 127.0.0.1 () {34 vars in 502 bytes} [Fri Mar 15 21:33:52 2024] GET / => generated 1299 bytes in 4 msecs (HTTP/1.1 300) 3 headers in 106 bytes (1 switches on core 0)
Mar 15 21:33:52 ubuntu devstack@g-api.service[118831]: DEBUG glance.api.middleware.version_negotiation [None req-226a4c55-c6a5-4582-9af5-f9d678ffdb61 admin admin] Determining version of request: GET /v2/images/81eb5aef-b0f6-4ac8-85c6-b779f164b38a Accept: */* {{(pid=118831) process_request /opt/stack/glance/glance/api/middleware/version_negotiation.py:44}}
Mar 15 21:33:52 ubuntu devstack@g-api.service[118831]: DEBUG glance.api.middleware.version_negotiation [None req-226a4c55-c6a5-4582-9af5-f9d678ffdb61 admin admin] Using url versioning {{(pid=118831) process_request /opt/stack/glance/glance/api/middleware/version_negotiation.py:57}}
Mar 15 21:33:52 ubuntu devstack@g-api.service[118831]: DEBUG glance.api.middleware.version_negotiation [None req-226a4c55-c6a5-4582-9af5-f9d678ffdb61 admin admin] Matched version: v2 {{(pid=118831) process_request /opt/stack/glance/glance/api/middleware/version_negotiation.py:69}}
Mar 15 21:33:52 ubuntu devstack@g-api.service[118831]: DEBUG glance.api.middleware.version_negotiation [None req-226a4c55-c6a5-4582-9af5-f9d678ffdb61 admin admin] new path /v2/images/81eb5aef-b0f6-4ac8-85c6-b779f164b38a {{(pid=118831) process_request /opt/stack/glance/glance/api/middleware/version_negotiation.py:70}}
Mar 15 21:33:52 ubuntu devstack@g-api.service[118831]: [pid: 118831|app: 0|req: 6/10] 127.0.0.1 () {36 vars in 785 bytes} [Fri Mar 15 21:33:52 2024] GET /v2/images/81eb5aef-b0f6-4ac8-85c6-b779f164b38a => generated 976 bytes in 228 msecs (HTTP/1.1 200) 4 headers in 157 bytes (1 switches on core 0)
Mar 15 21:34:02 ubuntu devstack@g-api.service[118831]: DEBUG dbcounter [-] [118831] Writing DB stats glance:SELECT=10 {{(pid=118831) stat_writer /opt/stack/data/venv/lib/python3.10/site-packages/dbcounter.py:115}}
Mar 15 21:35:39 ubuntu devstack@g-api.service[118832]: DEBUG glance.api.middleware.version_negotiation [None req-df167fcc-4f39-4dc7-841e-ebefe3f8cd5e admin admin] Determining version of request: GET / Accept: application/json {{(pid=118832) process_request /opt/stack/glance/glance/api/middleware/version_negotiation.py:44}}
Mar 15 21:35:39 ubuntu devstack@g-api.service[118832]: DEBUG glance.api.middleware.version_negotiation [None req-df167fcc-4f39-4dc7-841e-ebefe3f8cd5e admin admin] Using url versioning {{(pid=118832) process_request /opt/stack/glance/glance/api/middleware/version_negotiation.py:57}}
Mar 15 21:35:39 ubuntu devstack@g-api.service[118832]: DEBUG glance.api.middleware.version_negotiation [None req-df167fcc-4f39-4dc7-841e-ebefe3f8cd5e admin admin] Unknown version. Returning version choices. {{(pid=118832) process_request /opt/stack/glance/glance/api/middleware/version_negotiation.py:64}}
Mar 15 21:35:39 ubuntu devstack@g-api.service[118832]: [pid: 118832|app: 0|req: 5/11] 127.0.0.1 () {36 vars in 474 bytes} [Fri Mar 15 21:35:39 2024] GET / => generated 1299 bytes in 4 msecs (HTTP/1.1 300) 3 headers in 106 bytes (1 switches on core 0)
Mar 15 21:40:18 ubuntu devstack@g-api.service[118831]: DEBUG glance.api.middleware.version_negotiation [None req-912f3b86-493e-427c-816b-4a14bdbc96bf admin admin] Determining version of request: GET /versions Accept: */* {{(pid=118831) process_request /opt/stack/glance/glance/api/middleware/version_negotiation.py:44}}
Mar 15 21:40:18 ubuntu devstack@g-api.service[118831]: [pid: 118831|app: 0|req: 7/12] 127.0.0.1 () {38 vars in 691 bytes} [Fri Mar 15 21:40:18 2024] GET /versions => generated 1299 bytes in 10 msecs (HTTP/1.1 200) 3 headers in 92 bytes (1 switches on core 0)
Mar 15 21:40:18 ubuntu devstack@g-api.service[118832]: DEBUG glance.api.middleware.version_negotiation [None req-df167fcc-4f39-4dc7-841e-ebefe3f8cd5e admin admin] Determining version of request: GET /v2/schemas/image Accept: */* {{(pid=118832) process_request /opt/stack/glance/glance/api/middleware/version_negotiation.py:44}}
Mar 15 21:40:18 ubuntu devstack@g-api.service[118832]: DEBUG glance.api.middleware.version_negotiation [None req-df167fcc-4f39-4dc7-841e-ebefe3f8cd5e admin admin] Using url versioning {{(pid=118832) process_request /opt/stack/glance/glance/api/middleware/version_negotiation.py:57}}
Mar 15 21:40:18 ubuntu devstack@g-api.service[118832]: DEBUG glance.api.middleware.version_negotiation [None req-df167fcc-4f39-4dc7-841e-ebefe3f8cd5e admin admin] Matched version: v2 {{(pid=118832) process_request /opt/stack/glance/glance/api/middleware/version_negotiation.py:69}}
Mar 15 21:40:18 ubuntu devstack@g-api.service[118832]: DEBUG glance.api.middleware.version_negotiation [None req-df167fcc-4f39-4dc7-841e-ebefe3f8cd5e admin admin] new path /v2/schemas/image {{(pid=118832) process_request /opt/stack/glance/glance/api/middleware/version_negotiation.py:70}}
Mar 15 21:40:18 ubuntu devstack@g-api.service[118832]: [pid: 118832|app: 0|req: 6/13] 127.0.0.1 () {38 vars in 707 bytes} [Fri Mar 15 21:40:18 2024] GET /v2/schemas/image => generated 6083 bytes in 92 msecs (HTTP/1.1 200) 4 headers in 158 bytes (1 switches on core 0)
Mar 15 21:40:18 ubuntu devstack@g-api.service[118831]: DEBUG glance.api.middleware.version_negotiation [None req-912f3b86-493e-427c-816b-4a14bdbc96bf admin admin] Determining version of request: GET /v2/schemas/metadefs/namespace Accept: */* {{(pid=118831) process_request /opt/stack/glance/glance/api/middleware/version_negotiation.py:44}}
Mar 15 21:40:18 ubuntu devstack@g-api.service[118831]: DEBUG glance.api.middleware.version_negotiation [None req-912f3b86-493e-427c-816b-4a14bdbc96bf admin admin] Using url versioning {{(pid=118831) process_request /opt/stack/glance/glance/api/middleware/version_negotiation.py:57}}
Mar 15 21:40:18 ubuntu devstack@g-api.service[118831]: DEBUG glance.api.middleware.version_negotiation [None req-912f3b86-493e-427c-816b-4a14bdbc96bf admin admin] Matched version: v2 {{(pid=118831) process_request /opt/stack/glance/glance/api/middleware/version_negotiation.py:69}}
Mar 15 21:40:18 ubuntu devstack@g-api.service[118831]: DEBUG glance.api.middleware.version_negotiation [None req-912f3b86-493e-427c-816b-4a14bdbc96bf admin admin] new path /v2/schemas/metadefs/namespace {{(pid=118831) process_request /opt/stack/glance/glance/api/middleware/version_negotiation.py:70}}
Mar 15 21:40:18 ubuntu devstack@g-api.service[118831]: [pid: 118831|app: 0|req: 8/14] 127.0.0.1 () {38 vars in 733 bytes} [Fri Mar 15 21:40:18 2024] GET /v2/schemas/metadefs/namespace => generated 3100 bytes in 10 msecs (HTTP/1.1 200) 4 headers in 158 bytes (1 switches on core 0)
Mar 15 21:40:18 ubuntu devstack@g-api.service[118832]: DEBUG glance.api.middleware.version_negotiation [None req-a62abf0a-366b-4362-abde-ffcac5b19e2d admin admin] Determining version of request: GET /v2/schemas/metadefs/resource_type Accept: */* {{(pid=118832) process_request /opt/stack/glance/glance/api/middleware/version_negotiation.py:44}}
Mar 15 21:40:18 ubuntu devstack@g-api.service[118832]: DEBUG glance.api.middleware.version_negotiation [None req-a62abf0a-366b-4362-abde-ffcac5b19e2d admin admin] Using url versioning {{(pid=118832) process_request /opt/stack/glance/glance/api/middleware/version_negotiation.py:57}}
Mar 15 21:40:18 ubuntu devstack@g-api.service[118832]: DEBUG glance.api.middleware.version_negotiation [None req-a62abf0a-366b-4362-abde-ffcac5b19e2d admin admin] Matched version: v2 {{(pid=118832) process_request /opt/stack/glance/glance/api/middleware/version_negotiation.py:69}}
Mar 15 21:40:18 ubuntu devstack@g-api.service[118832]: DEBUG glance.api.middleware.version_negotiation [None req-a62abf0a-366b-4362-abde-ffcac5b19e2d admin admin] new path /v2/schemas/metadefs/resource_type {{(pid=118832) process_request /opt/stack/glance/glance/api/middleware/version_negotiation.py:70}}
