Mar 19 10:05:47 ubuntu devstack@g-api.service[119018]: DEBUG glance.common.config [None req-8744b95d-de0b-4878-9fb8-ea8ec8476ff1 None None] database.connection_trace      = False {{(pid=119018) log_opt_values /opt/stack/data/venv/lib/python3.10/site-packages/oslo_config/cfg.py:2620}}
Mar 19 10:05:47 ubuntu devstack@g-api.service[119019]: DEBUG glance.common.config [None req-b21a23b3-0cc5-475e-b2cd-067ab6895616 None None] database.db_inc_retry_interval = True {{(pid=119019) log_opt_values /opt/stack/data/venv/lib/python3.10/site-packages/oslo_config/cfg.py:2620}}
Mar 19 10:05:47 ubuntu devstack@g-api.service[119018]: DEBUG glance.common.config [None req-8744b95d-de0b-4878-9fb8-ea8ec8476ff1 None None] database.db_inc_retry_interval = True {{(pid=119018) log_opt_values /opt/stack/data/venv/lib/python3.10/site-packages/oslo_config/cfg.py:2620}}
Mar 19 10:05:47 ubuntu devstack@g-api.service[119019]: DEBUG glance.common.config [None req-b21a23b3-0cc5-475e-b2cd-067ab6895616 None None] database.db_max_retries        = 20 {{(pid=119019) log_opt_values /opt/stack/data/venv/lib/python3.10/site-packages/oslo_config/cfg.py:2620}}
Mar 19 10:05:47 ubuntu devstack@g-api.service[119018]: DEBUG glance.common.config [None req-8744b95d-de0b-4878-9fb8-ea8ec8476ff1 None None] database.db_max_retries        = 20 {{(pid=119018) log_opt_values /opt/stack/data/venv/lib/python3.10/site-packages/oslo_config/cfg.py:2620}}
Mar 19 10:05:47 ubuntu devstack@g-api.service[119019]: DEBUG glance.common.config [None req-b21a23b3-0cc5-475e-b2cd-067ab6895616 None None] database.db_max_retry_interval = 10 {{(pid=119019) log_opt_values /opt/stack/data/venv/lib/python3.10/site-packages/oslo_config/cfg.py:2620}}
Mar 19 10:05:47 ubuntu devstack@g-api.service[119018]: DEBUG glance.common.config [None req-8744b95d-de0b-4878-9fb8-ea8ec8476ff1 None None] database.db_max_retry_interval = 10 {{(pid=119018) log_opt_values /opt/stack/data/venv/lib/python3.10/site-packages/oslo_config/cfg.py:2620}}
Mar 19 10:05:47 ubuntu devstack@g-api.service[119019]: DEBUG glance.common.config [None req-b21a23b3-0cc5-475e-b2cd-067ab6895616 None None] database.db_retry_interval     = 1 {{(pid=119019) log_opt_values /opt/stack/data/venv/lib/python3.10/site-packages/oslo_config/cfg.py:2620}}
Mar 19 10:05:47 ubuntu devstack@g-api.service[119018]: DEBUG glance.common.config [None req-8744b95d-de0b-4878-9fb8-ea8ec8476ff1 None None] database.db_retry_interval     = 1 {{(pid=119018) log_opt_values /opt/stack/data/venv/lib/python3.10/site-packages/oslo_config/cfg.py:2620}}
Mar 19 10:05:47 ubuntu devstack@g-api.service[119019]: DEBUG glance.common.config [None req-b21a23b3-0cc5-475e-b2cd-067ab6895616 None None] database.max_overflow          = 50 {{(pid=119019) log_opt_values /opt/stack/data/venv/lib/python3.10/site-packages/oslo_config/cfg.py:2620}}
Mar 19 10:05:47 ubuntu devstack@g-api.service[119018]: DEBUG glance.common.config [None req-8744b95d-de0b-4878-9fb8-ea8ec8476ff1 None None] database.max_overflow          = 50 {{(pid=119018) log_opt_values /opt/stack/data/venv/lib/python3.10/site-packages/oslo_config/cfg.py:2620}}
Mar 19 10:05:47 ubuntu devstack@g-api.service[119019]: DEBUG glance.common.config [None req-b21a23b3-0cc5-475e-b2cd-067ab6895616 None None] database.max_pool_size         = 5 {{(pid=119019) log_opt_values /opt/stack/data/venv/lib/python3.10/site-packages/oslo_config/cfg.py:2620}}
Mar 19 10:05:47 ubuntu devstack@g-api.service[119018]: DEBUG glance.common.config [None req-8744b95d-de0b-4878-9fb8-ea8ec8476ff1 None None] database.max_pool_size         = 5 {{(pid=119018) log_opt_values /opt/stack/data/venv/lib/python3.10/site-packages/oslo_config/cfg.py:2620}}
Mar 19 10:05:47 ubuntu devstack@g-api.service[119019]: DEBUG glance.common.config [None req-b21a23b3-0cc5-475e-b2cd-067ab6895616 None None] database.max_retries           = 10 {{(pid=119019) log_opt_values /opt/stack/data/venv/lib/python3.10/site-packages/oslo_config/cfg.py:2620}}
Mar 19 10:05:47 ubuntu devstack@g-api.service[119018]: DEBUG glance.common.config [None req-8744b95d-de0b-4878-9fb8-ea8ec8476ff1 None None] database.max_retries           = 10 {{(pid=119018) log_opt_values /opt/stack/data/venv/lib/python3.10/site-packages/oslo_config/cfg.py:2620}}
Mar 19 10:05:47 ubuntu devstack@g-api.service[119019]: DEBUG glance.common.config [None req-b21a23b3-0cc5-475e-b2cd-067ab6895616 None None] database.mysql_sql_mode        = TRADITIONAL {{(pid=119019) log_opt_values /opt/stack/data/venv/lib/python3.10/site-packages/oslo_config/cfg.py:2620}}
Mar 19 10:05:47 ubuntu devstack@g-api.service[119018]: DEBUG glance.common.config [None req-8744b95d-de0b-4878-9fb8-ea8ec8476ff1 None None] database.mysql_sql_mode        = TRADITIONAL {{(pid=119018) log_opt_values /opt/stack/data/venv/lib/python3.10/site-packages/oslo_config/cfg.py:2620}}
Mar 19 10:05:47 ubuntu devstack@g-api.service[119019]: DEBUG glance.common.config [None req-b21a23b3-0cc5-475e-b2cd-067ab6895616 None None] database.mysql_wsrep_sync_wait = None {{(pid=119019) log_opt_values /opt/stack/data/venv/lib/python3.10/site-packages/oslo_config/cfg.py:2620}}
Mar 19 10:05:47 ubuntu devstack@g-api.service[119018]: DEBUG glance.common.config [None req-8744b95d-de0b-4878-9fb8-ea8ec8476ff1 None None] database.mysql_wsrep_sync_wait = None {{(pid=119018) log_opt_values /opt/stack/data/venv/lib/python3.10/site-packages/oslo_config/cfg.py:2620}}
Mar 19 10:05:47 ubuntu devstack@g-api.service[119019]: DEBUG glance.common.config [None req-b21a23b3-0cc5-475e-b2cd-067ab6895616 None None] database.pool_timeout          = None {{(pid=119019) log_opt_values /opt/stack/data/venv/lib/python3.10/site-packages/oslo_config/cfg.py:2620}}
Mar 19 10:05:47 ubuntu devstack@g-api.service[119018]: DEBUG glance.common.config [None req-8744b95d-de0b-4878-9fb8-ea8ec8476ff1 None None] database.pool_timeout          = None {{(pid=119018) log_opt_values /opt/stack/data/venv/lib/python3.10/site-packages/oslo_config/cfg.py:2620}}
Mar 19 10:05:47 ubuntu devstack@g-api.service[119019]: DEBUG glance.common.config [None req-b21a23b3-0cc5-475e-b2cd-067ab6895616 None None] database.retry_interval        = 10 {{(pid=119019) log_opt_values /opt/stack/data/venv/lib/python3.10/site-packages/oslo_config/cfg.py:2620}}
Mar 19 10:05:47 ubuntu devstack@g-api.service[119018]: DEBUG glance.common.config [None req-8744b95d-de0b-4878-9fb8-ea8ec8476ff1 None None] database.retry_interval        = 10 {{(pid=119018) log_opt_values /opt/stack/data/venv/lib/python3.10/site-packages/oslo_config/cfg.py:2620}}
Mar 19 10:05:47 ubuntu devstack@g-api.service[119019]: DEBUG glance.common.config [None req-b21a23b3-0cc5-475e-b2cd-067ab6895616 None None] database.slave_connection      = **** {{(pid=119019) log_opt_values /opt/stack/data/venv/lib/python3.10/site-packages/oslo_config/cfg.py:2620}}
Mar 19 10:05:47 ubuntu devstack@g-api.service[119018]: DEBUG glance.common.config [None req-8744b95d-de0b-4878-9fb8-ea8ec8476ff1 None None] database.slave_connection      = **** {{(pid=119018) log_opt_values /opt/stack/data/venv/lib/python3.10/site-packages/oslo_config/cfg.py:2620}}
Mar 19 10:05:47 ubuntu devstack@g-api.service[119019]: DEBUG glance.common.config [None req-b21a23b3-0cc5-475e-b2cd-067ab6895616 None None] database.sqlite_synchronous    = True {{(pid=119019) log_opt_values /opt/stack/data/venv/lib/python3.10/site-packages/oslo_config/cfg.py:2620}}
Mar 19 10:05:47 ubuntu devstack@g-api.service[119018]: DEBUG glance.common.config [None req-8744b95d-de0b-4878-9fb8-ea8ec8476ff1 None None] database.sqlite_synchronous    = True {{(pid=119018) log_opt_values /opt/stack/data/venv/lib/python3.10/site-packages/oslo_config/cfg.py:2620}}
Mar 19 10:05:47 ubuntu devstack@g-api.service[119019]: DEBUG glance.common.config [None req-b21a23b3-0cc5-475e-b2cd-067ab6895616 None None] database.use_db_reconnect      = False {{(pid=119019) log_opt_values /opt/stack/data/venv/lib/python3.10/site-packages/oslo_config/cfg.py:2620}}
Mar 19 10:05:47 ubuntu devstack@g-api.service[119018]: DEBUG glance.common.config [None req-8744b95d-de0b-4878-9fb8-ea8ec8476ff1 None None] database.use_db_reconnect      = False {{(pid=119018) log_opt_values /opt/stack/data/venv/lib/python3.10/site-packages/oslo_config/cfg.py:2620}}
Mar 19 10:05:47 ubuntu devstack@g-api.service[119019]: DEBUG glance.common.config [None req-b21a23b3-0cc5-475e-b2cd-067ab6895616 None None] healthcheck.allowed_source_ranges = [] {{(pid=119019) log_opt_values /opt/stack/data/venv/lib/python3.10/site-packages/oslo_config/cfg.py:2620}}
Mar 19 10:05:47 ubuntu devstack@g-api.service[119018]: DEBUG glance.common.config [None req-8744b95d-de0b-4878-9fb8-ea8ec8476ff1 None None] healthcheck.allowed_source_ranges = [] {{(pid=119018) log_opt_values /opt/stack/data/venv/lib/python3.10/site-packages/oslo_config/cfg.py:2620}}
Mar 19 10:05:47 ubuntu devstack@g-api.service[119019]: DEBUG glance.common.config [None req-b21a23b3-0cc5-475e-b2cd-067ab6895616 None None] healthcheck.backends           = ['disable_by_file'] {{(pid=119019) log_opt_values /opt/stack/data/venv/lib/python3.10/site-packages/oslo_config/cfg.py:2620}}
Mar 19 10:05:47 ubuntu devstack@g-api.service[119018]: DEBUG glance.common.config [None req-8744b95d-de0b-4878-9fb8-ea8ec8476ff1 None None] healthcheck.backends           = ['disable_by_file'] {{(pid=119018) log_opt_values /opt/stack/data/venv/lib/python3.10/site-packages/oslo_config/cfg.py:2620}}
Mar 19 10:05:47 ubuntu devstack@g-api.service[119019]: DEBUG glance.common.config [None req-b21a23b3-0cc5-475e-b2cd-067ab6895616 None None] healthcheck.detailed           = False {{(pid=119019) log_opt_values /opt/stack/data/venv/lib/python3.10/site-packages/oslo_config/cfg.py:2620}}
Mar 19 10:05:47 ubuntu devstack@g-api.service[119018]: DEBUG glance.common.config [None req-8744b95d-de0b-4878-9fb8-ea8ec8476ff1 None None] healthcheck.detailed           = False {{(pid=119018) log_opt_values /opt/stack/data/venv/lib/python3.10/site-packages/oslo_config/cfg.py:2620}}
Mar 19 10:05:47 ubuntu devstack@g-api.service[119019]: DEBUG glance.common.config [None req-b21a23b3-0cc5-475e-b2cd-067ab6895616 None None] healthcheck.disable_by_file_path = None {{(pid=119019) log_opt_values /opt/stack/data/venv/lib/python3.10/site-packages/oslo_config/cfg.py:2620}}
Mar 19 10:05:47 ubuntu devstack@g-api.service[119018]: DEBUG glance.common.config [None req-8744b95d-de0b-4878-9fb8-ea8ec8476ff1 None None] healthcheck.disable_by_file_path = None {{(pid=119018) log_opt_values /opt/stack/data/venv/lib/python3.10/site-packages/oslo_config/cfg.py:2620}}
Mar 19 10:05:47 ubuntu devstack@g-api.service[119019]: DEBUG glance.common.config [None req-b21a23b3-0cc5-475e-b2cd-067ab6895616 None None] healthcheck.ignore_proxied_requests = False {{(pid=119019) log_opt_values /opt/stack/data/venv/lib/python3.10/site-packages/oslo_config/cfg.py:2620}}
Mar 19 10:05:47 ubuntu devstack@g-api.service[119018]: DEBUG glance.common.config [None req-8744b95d-de0b-4878-9fb8-ea8ec8476ff1 None None] healthcheck.ignore_proxied_requests = False {{(pid=119018) log_opt_values /opt/stack/data/venv/lib/python3.10/site-packages/oslo_config/cfg.py:2620}}
Mar 19 10:05:47 ubuntu devstack@g-api.service[119019]: DEBUG glance.common.config [None req-b21a23b3-0cc5-475e-b2cd-067ab6895616 None None] healthcheck.path               = /healthcheck {{(pid=119019) log_opt_values /opt/stack/data/venv/lib/python3.10/site-packages/oslo_config/cfg.py:2620}}
Mar 19 10:05:47 ubuntu devstack@g-api.service[119018]: DEBUG glance.common.config [None req-8744b95d-de0b-4878-9fb8-ea8ec8476ff1 None None] healthcheck.path               = /healthcheck {{(pid=119018) log_opt_values /opt/stack/data/venv/lib/python3.10/site-packages/oslo_config/cfg.py:2620}}
Mar 19 10:05:47 ubuntu devstack@g-api.service[119019]: DEBUG glance.common.config [None req-b21a23b3-0cc5-475e-b2cd-067ab6895616 None None] ******************************************************************************** {{(pid=119019) log_opt_values /opt/stack/data/venv/lib/python3.10/site-packages/oslo_config/cfg.py:2624}}
Mar 19 10:05:47 ubuntu devstack@g-api.service[119018]: DEBUG glance.common.config [None req-8744b95d-de0b-4878-9fb8-ea8ec8476ff1 None None] ******************************************************************************** {{(pid=119018) log_opt_values /opt/stack/data/venv/lib/python3.10/site-packages/oslo_config/cfg.py:2624}}
Mar 19 10:05:47 ubuntu devstack@g-api.service[119019]: WSGI app 0 (mountpoint='') ready in 2 seconds on interpreter 0x55d8ae0e5d70 pid: 119019 (default app)
Mar 19 10:05:47 ubuntu devstack@g-api.service[119018]: WSGI app 0 (mountpoint='') ready in 2 seconds on interpreter 0x55d8ae0e5d70 pid: 119018 (default app)
Mar 19 10:05:47 ubuntu devstack@g-api.service[119019]: DEBUG glance.api.middleware.version_negotiation [None req-b21a23b3-0cc5-475e-b2cd-067ab6895616 None None] Determining version of request: GET / Accept: */* {{(pid=119019) process_request /opt/stack/glance/glance/api/middleware/version_negotiation.py:44}}
Mar 19 10:05:47 ubuntu devstack@g-api.service[119019]: DEBUG glance.api.middleware.version_negotiation [None req-b21a23b3-0cc5-475e-b2cd-067ab6895616 None None] Using url versioning {{(pid=119019) process_request /opt/stack/glance/glance/api/middleware/version_negotiation.py:57}}
Mar 19 10:05:47 ubuntu devstack@g-api.service[119019]: DEBUG glance.api.middleware.version_negotiation [None req-b21a23b3-0cc5-475e-b2cd-067ab6895616 None None] Unknown version. Returning version choices. {{(pid=119019) process_request /opt/stack/glance/glance/api/middleware/version_negotiation.py:64}}
Mar 19 10:05:47 ubuntu devstack@g-api.service[119019]: [pid: 119019|app: 0|req: 1/1] 127.0.0.1 () {32 vars in 386 bytes} [Tue Mar 19 10:05:47 2024] GET / => generated 1299 bytes in 1 msecs (HTTP/1.1 300) 3 headers in 106 bytes (1 switches on core 0)
Mar 19 10:05:57 ubuntu devstack@g-api.service[119018]: DEBUG dbcounter [-] [119018] Writing DB stats glance:SELECT=5,glance:INSERT=4 {{(pid=119018) stat_writer /opt/stack/data/venv/lib/python3.10/site-packages/dbcounter.py:115}}
Mar 19 10:05:57 ubuntu devstack@g-api.service[119019]: DEBUG dbcounter [-] [119019] Writing DB stats glance:SELECT=5,glance:INSERT=4 {{(pid=119019) stat_writer /opt/stack/data/venv/lib/python3.10/site-packages/dbcounter.py:115}}
Mar 19 10:06:05 ubuntu devstack@g-api.service[119018]: DEBUG glance.api.middleware.version_negotiation [None req-8744b95d-de0b-4878-9fb8-ea8ec8476ff1 None None] Determining version of request: GET / Accept: application/json {{(pid=119018) process_request /opt/stack/glance/glance/api/middleware/version_negotiation.py:44}}
Mar 19 10:06:05 ubuntu devstack@g-api.service[119018]: DEBUG glance.api.middleware.version_negotiation [None req-8744b95d-de0b-4878-9fb8-ea8ec8476ff1 None None] Using url versioning {{(pid=119018) process_request /opt/stack/glance/glance/api/middleware/version_negotiation.py:57}}
Mar 19 10:06:05 ubuntu devstack@g-api.service[119018]: DEBUG glance.api.middleware.version_negotiation [None req-8744b95d-de0b-4878-9fb8-ea8ec8476ff1 None None] Unknown version. Returning version choices. {{(pid=119018) process_request /opt/stack/glance/glance/api/middleware/version_negotiation.py:64}}
Mar 19 10:06:05 ubuntu devstack@g-api.service[119018]: [pid: 119018|app: 0|req: 1/2] 127.0.0.1 () {34 vars in 502 bytes} [Tue Mar 19 10:06:05 2024] GET / => generated 1299 bytes in 6 msecs (HTTP/1.1 300) 3 headers in 106 bytes (1 switches on core 0)
Mar 19 10:06:05 ubuntu devstack@g-api.service[119019]: DEBUG glance.api.middleware.version_negotiation [None req-b21a23b3-0cc5-475e-b2cd-067ab6895616 None None] Determining version of request: POST /v2/images Accept: */* {{(pid=119019) process_request /opt/stack/glance/glance/api/middleware/version_negotiation.py:44}}
Mar 19 10:06:05 ubuntu devstack@g-api.service[119019]: DEBUG glance.api.middleware.version_negotiation [None req-b21a23b3-0cc5-475e-b2cd-067ab6895616 None None] Using url versioning {{(pid=119019) process_request /opt/stack/glance/glance/api/middleware/version_negotiation.py:57}}
Mar 19 10:06:05 ubuntu devstack@g-api.service[119019]: DEBUG glance.api.middleware.version_negotiation [None req-b21a23b3-0cc5-475e-b2cd-067ab6895616 None None] Matched version: v2 {{(pid=119019) process_request /opt/stack/glance/glance/api/middleware/version_negotiation.py:69}}
Mar 19 10:06:05 ubuntu devstack@g-api.service[119019]: DEBUG glance.api.middleware.version_negotiation [None req-b21a23b3-0cc5-475e-b2cd-067ab6895616 None None] new path /v2/images {{(pid=119019) process_request /opt/stack/glance/glance/api/middleware/version_negotiation.py:70}}
Mar 19 10:06:06 ubuntu devstack@g-api.service[119019]: [pid: 119019|app: 0|req: 2/3] 127.0.0.1 () {40 vars in 765 bytes} [Tue Mar 19 10:06:05 2024] POST /v2/images => generated 807 bytes in 1108 msecs (HTTP/1.1 201) 6 headers in 314 bytes (1 switches on core 0)
Mar 19 10:06:06 ubuntu devstack@g-api.service[119018]: DEBUG glance.api.middleware.version_negotiation [None req-8744b95d-de0b-4878-9fb8-ea8ec8476ff1 None None] Determining version of request: PUT /v2/images/8394a3e3-9c5e-4860-8924-e05856930bc5/file Accept:  {{(pid=119018) process_request /opt/stack/glance/glance/api/middleware/version_negotiation.py:44}}
Mar 19 10:06:06 ubuntu devstack@g-api.service[119018]: DEBUG glance.api.middleware.version_negotiation [None req-8744b95d-de0b-4878-9fb8-ea8ec8476ff1 None None] Using url versioning {{(pid=119018) process_request /opt/stack/glance/glance/api/middleware/version_negotiation.py:57}}
Mar 19 10:06:06 ubuntu devstack@g-api.service[119018]: DEBUG glance.api.middleware.version_negotiation [None req-8744b95d-de0b-4878-9fb8-ea8ec8476ff1 None None] Matched version: v2 {{(pid=119018) process_request /opt/stack/glance/glance/api/middleware/version_negotiation.py:69}}
Mar 19 10:06:06 ubuntu devstack@g-api.service[119018]: DEBUG glance.api.middleware.version_negotiation [None req-8744b95d-de0b-4878-9fb8-ea8ec8476ff1 None None] new path /v2/images/8394a3e3-9c5e-4860-8924-e05856930bc5/file {{(pid=119018) process_request /opt/stack/glance/glance/api/middleware/version_negotiation.py:70}}
Mar 19 10:06:06 ubuntu devstack@g-api.service[119018]: INFO glance.api.v2.image_data [None req-1f99283f-705c-4de9-87e0-e1e94d96edc7 admin admin] Unable to create trust: no such option collect_timing in group [keystone_authtoken] Use the existing user token.
Mar 19 10:06:07 ubuntu devstack@g-api.service[119018]: DEBUG glance.location [None req-1f99283f-705c-4de9-87e0-e1e94d96edc7 admin admin] Enabling in-flight format inspection for qcow2 {{(pid=119018) set_data /opt/stack/glance/glance/location.py:581}}
Mar 19 10:06:07 ubuntu devstack@g-api.service[119018]: DEBUG glance_store.backend [None req-1f99283f-705c-4de9-87e0-e1e94d96edc7 admin admin] Attempting to import store swift {{(pid=119018) _load_store /opt/stack/data/venv/lib/python3.10/site-packages/glance_store/backend.py:216}}
Mar 19 10:06:07 ubuntu devstack@g-api.service[119018]: DEBUG glance_store.capabilities [None req-1f99283f-705c-4de9-87e0-e1e94d96edc7 admin admin] Store glance_store._drivers.swift.store.SingleTenantStore doesn't support updating dynamic storage capabilities. Please overwrite 'update_capabilities' method of the store to implement updating logics if needed. {{(pid=119018) update_capabilities /opt/stack/data/venv/lib/python3.10/site-packages/glance_store/capabilities.py:91}}
Mar 19 10:06:07 ubuntu devstack@g-api.service[119018]: DEBUG glance_store.driver [None req-1f99283f-705c-4de9-87e0-e1e94d96edc7 admin admin] Late loading location class glance_store._drivers.swift.store.StoreLocation {{(pid=119018) get_store_location_class /opt/stack/data/venv/lib/python3.10/site-packages/glance_store/driver.py:133}}
Mar 19 10:06:07 ubuntu devstack@g-api.service[119018]: DEBUG glance_store.location [None req-1f99283f-705c-4de9-87e0-e1e94d96edc7 admin admin] Registering scheme swift+https with {'store': <glance_store._drivers.swift.store.SingleTenantStore object at 0x7f7796994cd0>, 'location_class': <class 'glance_store._drivers.swift.store.StoreLocation'>, 'store_entry': 'swift'} {{(pid=119018) register_scheme_map /opt/stack/data/venv/lib/python3.10/site-packages/glance_store/location.py:146}}
Mar 19 10:06:07 ubuntu devstack@g-api.service[119018]: DEBUG glance_store.location [None req-1f99283f-705c-4de9-87e0-e1e94d96edc7 admin admin] Registering scheme swift+https with {'store': <glance_store._drivers.swift.store.SingleTenantStore object at 0x7f7796994cd0>, 'location_class': <class 'glance_store._drivers.swift.store.StoreLocation'>, 'store_entry': 'swift'} {{(pid=119018) register_scheme_map /opt/stack/data/venv/lib/python3.10/site-packages/glance_store/location.py:146}}
Mar 19 10:06:07 ubuntu devstack@g-api.service[119018]: DEBUG glance_store.location [None req-1f99283f-705c-4de9-87e0-e1e94d96edc7 admin admin] Registering scheme swift with {'store': <glance_store._drivers.swift.store.SingleTenantStore object at 0x7f7796994cd0>, 'location_class': <class 'glance_store._drivers.swift.store.StoreLocation'>, 'store_entry': 'swift'} {{(pid=119018) register_scheme_map /opt/stack/data/venv/lib/python3.10/site-packages/glance_store/location.py:146}}
Mar 19 10:06:07 ubuntu devstack@g-api.service[119018]: DEBUG glance_store.location [None req-1f99283f-705c-4de9-87e0-e1e94d96edc7 admin admin] Registering scheme swift+https with {'store': <glance_store._drivers.swift.store.SingleTenantStore object at 0x7f7796994cd0>, 'location_class': <class 'glance_store._drivers.swift.store.StoreLocation'>, 'store_entry': 'swift'} {{(pid=119018) register_scheme_map /opt/stack/data/venv/lib/python3.10/site-packages/glance_store/location.py:146}}
Mar 19 10:06:07 ubuntu devstack@g-api.service[119018]: DEBUG glance_store.location [None req-1f99283f-705c-4de9-87e0-e1e94d96edc7 admin admin] Registering scheme swift with {'store': <glance_store._drivers.swift.store.SingleTenantStore object at 0x7f7796994cd0>, 'location_class': <class 'glance_store._drivers.swift.store.StoreLocation'>, 'store_entry': 'swift'} {{(pid=119018) register_scheme_map /opt/stack/data/venv/lib/python3.10/site-packages/glance_store/location.py:146}}
Mar 19 10:06:07 ubuntu devstack@g-api.service[119018]: DEBUG glance_store.location [None req-1f99283f-705c-4de9-87e0-e1e94d96edc7 admin admin] Registering scheme swift+http with {'store': <glance_store._drivers.swift.store.SingleTenantStore object at 0x7f7796994cd0>, 'location_class': <class 'glance_store._drivers.swift.store.StoreLocation'>, 'store_entry': 'swift'} {{(pid=119018) register_scheme_map /opt/stack/data/venv/lib/python3.10/site-packages/glance_store/location.py:146}}
Mar 19 10:06:07 ubuntu devstack@g-api.service[119018]: DEBUG glance_store.location [None req-1f99283f-705c-4de9-87e0-e1e94d96edc7 admin admin] Registering scheme swift+https with {'store': <glance_store._drivers.swift.store.SingleTenantStore object at 0x7f7796994cd0>, 'location_class': <class 'glance_store._drivers.swift.store.StoreLocation'>, 'store_entry': 'swift'} {{(pid=119018) register_scheme_map /opt/stack/data/venv/lib/python3.10/site-packages/glance_store/location.py:146}}
Mar 19 10:06:07 ubuntu devstack@g-api.service[119018]: DEBUG glance_store.location [None req-1f99283f-705c-4de9-87e0-e1e94d96edc7 admin admin] Registering scheme swift with {'store': <glance_store._drivers.swift.store.SingleTenantStore object at 0x7f7796994cd0>, 'location_class': <class 'glance_store._drivers.swift.store.StoreLocation'>, 'store_entry': 'swift'} {{(pid=119018) register_scheme_map /opt/stack/data/venv/lib/python3.10/site-packages/glance_store/location.py:146}}
Mar 19 10:06:07 ubuntu devstack@g-api.service[119018]: DEBUG glance_store.location [None req-1f99283f-705c-4de9-87e0-e1e94d96edc7 admin admin] Registering scheme swift+http with {'store': <glance_store._drivers.swift.store.SingleTenantStore object at 0x7f7796994cd0>, 'location_class': <class 'glance_store._drivers.swift.store.StoreLocation'>, 'store_entry': 'swift'} {{(pid=119018) register_scheme_map /opt/stack/data/venv/lib/python3.10/site-packages/glance_store/location.py:146}}
Mar 19 10:06:07 ubuntu devstack@g-api.service[119018]: DEBUG glance_store.location [None req-1f99283f-705c-4de9-87e0-e1e94d96edc7 admin admin] Registering scheme swift+config with {'store': <glance_store._drivers.swift.store.SingleTenantStore object at 0x7f7796994cd0>, 'location_class': <class 'glance_store._drivers.swift.store.StoreLocation'>, 'store_entry': 'swift'} {{(pid=119018) register_scheme_map /opt/stack/data/venv/lib/python3.10/site-packages/glance_store/location.py:146}}
Mar 19 10:06:07 ubuntu devstack@g-api.service[119018]: INFO swiftclient [None req-1f99283f-705c-4de9-87e0-e1e94d96edc7 admin admin] REQ: curl -i http://10.201.5.82:8080/v1/AUTH_91c723d990a9476cbe7061b2261a074d/glance -I -H "X-Auth-Token: gAAAAABl-WOPq3SS..."
Mar 19 10:06:07 ubuntu devstack@g-api.service[119018]: INFO swiftclient [None req-1f99283f-705c-4de9-87e0-e1e94d96edc7 admin admin] RESP STATUS: 404 Not Found
Mar 19 10:06:07 ubuntu devstack@g-api.service[119018]: INFO swiftclient [None req-1f99283f-705c-4de9-87e0-e1e94d96edc7 admin admin] RESP HEADERS: {'Content-Type': 'text/html; charset=UTF-8', 'Content-Length': '0', 'X-Container-Sharding': 'False', 'X-Trans-Id': 'txf3d4845927ae4dcabfd17-0065f9638f', 'X-Openstack-Request-Id': 'txf3d4845927ae4dcabfd17-0065f9638f', 'Date': 'Tue, 19 Mar 2024 10:06:07 GMT'}
Mar 19 10:06:07 ubuntu devstack@g-api.service[119018]: INFO glance_store._drivers.swift.store [None req-1f99283f-705c-4de9-87e0-e1e94d96edc7 admin admin] Creating swift container glance
Mar 19 10:06:07 ubuntu devstack@g-api.service[119018]: DEBUG swiftclient [None req-1f99283f-705c-4de9-87e0-e1e94d96edc7 admin admin] REQ: curl -i http://10.201.5.82:8080/v1/AUTH_91c723d990a9476cbe7061b2261a074d/glance -X PUT -H "X-Auth-Token: gAAAAABl-WOPq3SS..." -H "Content-Length: 0" {{(pid=119018) http_log /opt/stack/data/venv/lib/python3.10/site-packages/swiftclient/client.py:157}}
Mar 19 10:06:07 ubuntu devstack@g-api.service[119018]: DEBUG swiftclient [None req-1f99283f-705c-4de9-87e0-e1e94d96edc7 admin admin] RESP STATUS: 201 Created {{(pid=119018) http_log /opt/stack/data/venv/lib/python3.10/site-packages/swiftclient/client.py:158}}
Mar 19 10:06:07 ubuntu devstack@g-api.service[119018]: DEBUG swiftclient [None req-1f99283f-705c-4de9-87e0-e1e94d96edc7 admin admin] RESP HEADERS: {'Content-Type': 'text/html; charset=UTF-8', 'Content-Length': '0', 'X-Trans-Id': 'tx6f9653f900d1400c9ab80-0065f9638f', 'X-Openstack-Request-Id': 'tx6f9653f900d1400c9ab80-0065f9638f', 'Date': 'Tue, 19 Mar 2024 10:06:07 GMT'} {{(pid=119018) http_log /opt/stack/data/venv/lib/python3.10/site-packages/swiftclient/client.py:159}}
Mar 19 10:06:07 ubuntu devstack@g-api.service[119018]: DEBUG glance_store._drivers.swift.store [None req-1f99283f-705c-4de9-87e0-e1e94d96edc7 admin admin] Adding image object '8394a3e3-9c5e-4860-8924-e05856930bc5' to Swift {{(pid=119018) add /opt/stack/data/venv/lib/python3.10/site-packages/glance_store/_drivers/swift/store.py:941}}
Mar 19 10:06:08 ubuntu devstack@g-api.service[119018]: DEBUG swiftclient [None req-1f99283f-705c-4de9-87e0-e1e94d96edc7 admin admin] REQ: curl -i http://10.201.5.82:8080/v1/AUTH_91c723d990a9476cbe7061b2261a074d/glance/8394a3e3-9c5e-4860-8924-e05856930bc5 -X PUT -H "X-Auth-Token: gAAAAABl-WOPq3SS..." -H "Content-Length: 21430272" {{(pid=119018) http_log /opt/stack/data/venv/lib/python3.10/site-packages/swiftclient/client.py:157}}
Mar 19 10:06:08 ubuntu devstack@g-api.service[119018]: DEBUG swiftclient [None req-1f99283f-705c-4de9-87e0-e1e94d96edc7 admin admin] RESP STATUS: 201 Created {{(pid=119018) http_log /opt/stack/data/venv/lib/python3.10/site-packages/swiftclient/client.py:158}}
Mar 19 10:06:08 ubuntu devstack@g-api.service[119018]: DEBUG swiftclient [None req-1f99283f-705c-4de9-87e0-e1e94d96edc7 admin admin] RESP HEADERS: {'Content-Type': 'text/html; charset=UTF-8', 'Content-Length': '0', 'Etag': 'c8fc807773e5354afe61636071771906', 'Last-Modified': 'Tue, 19 Mar 2024 10:06:08 GMT', 'X-Trans-Id': 'tx444615f33a0d437592e2e-0065f9638f', 'X-Openstack-Request-Id': 'tx444615f33a0d437592e2e-0065f9638f', 'Date': 'Tue, 19 Mar 2024 10:06:08 GMT'} {{(pid=119018) http_log /opt/stack/data/venv/lib/python3.10/site-packages/swiftclient/client.py:159}}
Mar 19 10:06:08 ubuntu devstack@g-api.service[119018]: INFO glance.location [None req-1f99283f-705c-4de9-87e0-e1e94d96edc7 admin admin] Image format matched and virtual size computed: 117440512
Mar 19 10:06:08 ubuntu devstack@g-api.service[119018]: DEBUG glance_store.backend [None req-1f99283f-705c-4de9-87e0-e1e94d96edc7 admin admin] Attempting to import store swift {{(pid=119018) _load_store /opt/stack/data/venv/lib/python3.10/site-packages/glance_store/backend.py:216}}
Mar 19 10:06:08 ubuntu devstack@g-api.service[119018]: DEBUG glance_store.capabilities [None req-1f99283f-705c-4de9-87e0-e1e94d96edc7 admin admin] Store glance_store._drivers.swift.store.SingleTenantStore doesn't support updating dynamic storage capabilities. Please overwrite 'update_capabilities' method of the store to implement updating logics if needed. {{(pid=119018) update_capabilities /opt/stack/data/venv/lib/python3.10/site-packages/glance_store/capabilities.py:91}}
Mar 19 10:06:08 ubuntu devstack@g-api.service[119018]: DEBUG glance_store.driver [None req-1f99283f-705c-4de9-87e0-e1e94d96edc7 admin admin] Late loading location class glance_store._drivers.swift.store.StoreLocation {{(pid=119018) get_store_location_class /opt/stack/data/venv/lib/python3.10/site-packages/glance_store/driver.py:133}}
Mar 19 10:06:08 ubuntu devstack@g-api.service[119018]: DEBUG glance_store.location [None req-1f99283f-705c-4de9-87e0-e1e94d96edc7 admin admin] Registering scheme swift+https with {'store': <glance_store._drivers.swift.store.SingleTenantStore object at 0x7f779c95e020>, 'location_class': <class 'glance_store._drivers.swift.store.StoreLocation'>, 'store_entry': 'swift'} {{(pid=119018) register_scheme_map /opt/stack/data/venv/lib/python3.10/site-packages/glance_store/location.py:146}}
Mar 19 10:06:08 ubuntu devstack@g-api.service[119018]: DEBUG glance_store.location [None req-1f99283f-705c-4de9-87e0-e1e94d96edc7 admin admin] Registering scheme swift+https with {'store': <glance_store._drivers.swift.store.SingleTenantStore object at 0x7f779c95e020>, 'location_class': <class 'glance_store._drivers.swift.store.StoreLocation'>, 'store_entry': 'swift'} {{(pid=119018) register_scheme_map /opt/stack/data/venv/lib/python3.10/site-packages/glance_store/location.py:146}}
Mar 19 10:06:08 ubuntu devstack@g-api.service[119018]: DEBUG glance_store.location [None req-1f99283f-705c-4de9-87e0-e1e94d96edc7 admin admin] Registering scheme swift with {'store': <glance_store._drivers.swift.store.SingleTenantStore object at 0x7f779c95e020>, 'location_class': <class 'glance_store._drivers.swift.store.StoreLocation'>, 'store_entry': 'swift'} {{(pid=119018) register_scheme_map /opt/stack/data/venv/lib/python3.10/site-packages/glance_store/location.py:146}}
Mar 19 10:06:08 ubuntu devstack@g-api.service[119018]: DEBUG glance_store.location [None req-1f99283f-705c-4de9-87e0-e1e94d96edc7 admin admin] Registering scheme swift+https with {'store': <glance_store._drivers.swift.store.SingleTenantStore object at 0x7f779c95e020>, 'location_class': <class 'glance_store._drivers.swift.store.StoreLocation'>, 'store_entry': 'swift'} {{(pid=119018) register_scheme_map /opt/stack/data/venv/lib/python3.10/site-packages/glance_store/location.py:146}}
Mar 19 10:06:08 ubuntu devstack@g-api.service[119018]: DEBUG glance_store.location [None req-1f99283f-705c-4de9-87e0-e1e94d96edc7 admin admin] Registering scheme swift with {'store': <glance_store._drivers.swift.store.SingleTenantStore object at 0x7f779c95e020>, 'location_class': <class 'glance_store._drivers.swift.store.StoreLocation'>, 'store_entry': 'swift'} {{(pid=119018) register_scheme_map /opt/stack/data/venv/lib/python3.10/site-packages/glance_store/location.py:146}}
Mar 19 10:06:08 ubuntu devstack@g-api.service[119018]: DEBUG glance_store.location [None req-1f99283f-705c-4de9-87e0-e1e94d96edc7 admin admin] Registering scheme swift+http with {'store': <glance_store._drivers.swift.store.SingleTenantStore object at 0x7f779c95e020>, 'location_class': <class 'glance_store._drivers.swift.store.StoreLocation'>, 'store_entry': 'swift'} {{(pid=119018) register_scheme_map /opt/stack/data/venv/lib/python3.10/site-packages/glance_store/location.py:146}}
Mar 19 10:06:08 ubuntu devstack@g-api.service[119018]: DEBUG glance_store.location [None req-1f99283f-705c-4de9-87e0-e1e94d96edc7 admin admin] Registering scheme swift+https with {'store': <glance_store._drivers.swift.store.SingleTenantStore object at 0x7f779c95e020>, 'location_class': <class 'glance_store._drivers.swift.store.StoreLocation'>, 'store_entry': 'swift'} {{(pid=119018) register_scheme_map /opt/stack/data/venv/lib/python3.10/site-packages/glance_store/location.py:146}}
Mar 19 10:06:08 ubuntu devstack@g-api.service[119018]: DEBUG glance_store.location [None req-1f99283f-705c-4de9-87e0-e1e94d96edc7 admin admin] Registering scheme swift with {'store': <glance_store._drivers.swift.store.SingleTenantStore object at 0x7f779c95e020>, 'location_class': <class 'glance_store._drivers.swift.store.StoreLocation'>, 'store_entry': 'swift'} {{(pid=119018) register_scheme_map /opt/stack/data/venv/lib/python3.10/site-packages/glance_store/location.py:146}}
Mar 19 10:06:08 ubuntu devstack@g-api.service[119018]: DEBUG glance_store.location [None req-1f99283f-705c-4de9-87e0-e1e94d96edc7 admin admin] Registering scheme swift+http with {'store': <glance_store._drivers.swift.store.SingleTenantStore object at 0x7f779c95e020>, 'location_class': <class 'glance_store._drivers.swift.store.StoreLocation'>, 'store_entry': 'swift'} {{(pid=119018) register_scheme_map /opt/stack/data/venv/lib/python3.10/site-packages/glance_store/location.py:146}}
Mar 19 10:06:08 ubuntu devstack@g-api.service[119018]: DEBUG glance_store.location [None req-1f99283f-705c-4de9-87e0-e1e94d96edc7 admin admin] Registering scheme swift+config with {'store': <glance_store._drivers.swift.store.SingleTenantStore object at 0x7f779c95e020>, 'location_class': <class 'glance_store._drivers.swift.store.StoreLocation'>, 'store_entry': 'swift'} {{(pid=119018) register_scheme_map /opt/stack/data/venv/lib/python3.10/site-packages/glance_store/location.py:146}}
Mar 19 10:06:08 ubuntu devstack@g-api.service[119018]: DEBUG glance_store.backend [None req-1f99283f-705c-4de9-87e0-e1e94d96edc7 admin admin] Skipping store.set_acls... not implemented. {{(pid=119018) set_acls /opt/stack/data/venv/lib/python3.10/site-packages/glance_store/backend.py:508}}
Mar 19 10:06:08 ubuntu devstack@g-api.service[119018]: [pid: 119018|app: 0|req: 2/4] 127.0.0.1 () {40 vars in 858 bytes} [Tue Mar 19 10:06:06 2024] PUT /v2/images/8394a3e3-9c5e-4860-8924-e05856930bc5/file => generated 0 bytes in 1841 msecs (HTTP/1.1 204) 4 headers in 171 bytes (1 switches on core 0)
Mar 19 10:06:16 ubuntu devstack@g-api.service[119019]: DEBUG dbcounter [-] [119019] Writing DB stats glance:SELECT=9,glance:INSERT=5 {{(pid=119019) stat_writer /opt/stack/data/venv/lib/python3.10/site-packages/dbcounter.py:115}}
Mar 19 10:06:18 ubuntu devstack@g-api.service[119018]: DEBUG dbcounter [-] [119018] Writing DB stats glance:SELECT=28,glance:UPDATE=2,glance:INSERT=1 {{(pid=119018) stat_writer /opt/stack/data/venv/lib/python3.10/site-packages/dbcounter.py:115}}
Mar 19 10:06:45 ubuntu devstack@g-api.service[119019]: DEBUG glance.api.middleware.version_negotiation [None req-0ff613a2-de04-4d5f-90d5-ffecca8d7e96 admin admin] Determining version of request: GET / Accept: application/json {{(pid=119019) process_request /opt/stack/glance/glance/api/middleware/version_negotiation.py:44}}
Mar 19 10:06:45 ubuntu devstack@g-api.service[119019]: DEBUG glance.api.middleware.version_negotiation [None req-0ff613a2-de04-4d5f-90d5-ffecca8d7e96 admin admin] Using url versioning {{(pid=119019) process_request /opt/stack/glance/glance/api/middleware/version_negotiation.py:57}}
Mar 19 10:06:45 ubuntu devstack@g-api.service[119019]: DEBUG glance.api.middleware.version_negotiation [None req-0ff613a2-de04-4d5f-90d5-ffecca8d7e96 admin admin] Unknown version. Returning version choices. {{(pid=119019) process_request /opt/stack/glance/glance/api/middleware/version_negotiation.py:64}}
Mar 19 10:06:45 ubuntu devstack@g-api.service[119019]: [pid: 119019|app: 0|req: 3/5] 127.0.0.1 () {34 vars in 502 bytes} [Tue Mar 19 10:06:45 2024] GET / => generated 1299 bytes in 7 msecs (HTTP/1.1 300) 3 headers in 106 bytes (1 switches on core 0)
Mar 19 10:06:45 ubuntu devstack@g-api.service[119018]: DEBUG glance.api.middleware.version_negotiation [None req-1f99283f-705c-4de9-87e0-e1e94d96edc7 admin admin] Determining version of request: GET /v2/images Accept: application/json {{(pid=119018) process_request /opt/stack/glance/glance/api/middleware/version_negotiation.py:44}}
Mar 19 10:06:45 ubuntu devstack@g-api.service[119018]: DEBUG glance.api.middleware.version_negotiation [None req-1f99283f-705c-4de9-87e0-e1e94d96edc7 admin admin] Using url versioning {{(pid=119018) process_request /opt/stack/glance/glance/api/middleware/version_negotiation.py:57}}
Mar 19 10:06:45 ubuntu devstack@g-api.service[119018]: DEBUG glance.api.middleware.version_negotiation [None req-1f99283f-705c-4de9-87e0-e1e94d96edc7 admin admin] Matched version: v2 {{(pid=119018) process_request /opt/stack/glance/glance/api/middleware/version_negotiation.py:69}}
Mar 19 10:06:45 ubuntu devstack@g-api.service[119018]: DEBUG glance.api.middleware.version_negotiation [None req-1f99283f-705c-4de9-87e0-e1e94d96edc7 admin admin] new path /v2/images {{(pid=119018) process_request /opt/stack/glance/glance/api/middleware/version_negotiation.py:70}}
Mar 19 10:06:46 ubuntu devstack@g-api.service[119018]: [pid: 119018|app: 0|req: 3/6] 127.0.0.1 () {36 vars in 724 bytes} [Tue Mar 19 10:06:45 2024] GET /v2/images => generated 1045 bytes in 354 msecs (HTTP/1.1 200) 4 headers in 158 bytes (1 switches on core 0)
Mar 19 10:06:51 ubuntu devstack@g-api.service[119019]: DEBUG glance.api.middleware.version_negotiation [None req-0ff613a2-de04-4d5f-90d5-ffecca8d7e96 admin admin] Determining version of request: GET / Accept: application/json {{(pid=119019) process_request /opt/stack/glance/glance/api/middleware/version_negotiation.py:44}}
Mar 19 10:06:51 ubuntu devstack@g-api.service[119019]: DEBUG glance.api.middleware.version_negotiation [None req-0ff613a2-de04-4d5f-90d5-ffecca8d7e96 admin admin] Using url versioning {{(pid=119019) process_request /opt/stack/glance/glance/api/middleware/version_negotiation.py:57}}
Mar 19 10:06:51 ubuntu devstack@g-api.service[119019]: DEBUG glance.api.middleware.version_negotiation [None req-0ff613a2-de04-4d5f-90d5-ffecca8d7e96 admin admin] Unknown version. Returning version choices. {{(pid=119019) process_request /opt/stack/glance/glance/api/middleware/version_negotiation.py:64}}
Mar 19 10:06:51 ubuntu devstack@g-api.service[119019]: [pid: 119019|app: 0|req: 4/7] 127.0.0.1 () {34 vars in 502 bytes} [Tue Mar 19 10:06:51 2024] GET / => generated 1299 bytes in 1 msecs (HTTP/1.1 300) 3 headers in 106 bytes (1 switches on core 0)
Mar 19 10:06:51 ubuntu devstack@g-api.service[119018]: DEBUG glance.api.middleware.version_negotiation [None req-3d11ff08-721a-48fe-9df5-e70532b5c5f7 admin admin] Determining version of request: GET /v2/images/8394a3e3-9c5e-4860-8924-e05856930bc5 Accept: */* {{(pid=119018) process_request /opt/stack/glance/glance/api/middleware/version_negotiation.py:44}}
Mar 19 10:06:51 ubuntu devstack@g-api.service[119018]: DEBUG glance.api.middleware.version_negotiation [None req-3d11ff08-721a-48fe-9df5-e70532b5c5f7 admin admin] Using url versioning {{(pid=119018) process_request /opt/stack/glance/glance/api/middleware/version_negotiation.py:57}}
Mar 19 10:06:51 ubuntu devstack@g-api.service[119018]: DEBUG glance.api.middleware.version_negotiation [None req-3d11ff08-721a-48fe-9df5-e70532b5c5f7 admin admin] Matched version: v2 {{(pid=119018) process_request /opt/stack/glance/glance/api/middleware/version_negotiation.py:69}}
Mar 19 10:06:51 ubuntu devstack@g-api.service[119018]: DEBUG glance.api.middleware.version_negotiation [None req-3d11ff08-721a-48fe-9df5-e70532b5c5f7 admin admin] new path /v2/images/8394a3e3-9c5e-4860-8924-e05856930bc5 {{(pid=119018) process_request /opt/stack/glance/glance/api/middleware/version_negotiation.py:70}}
Mar 19 10:06:51 ubuntu devstack@g-api.service[119018]: [pid: 119018|app: 0|req: 4/8] 127.0.0.1 () {36 vars in 785 bytes} [Tue Mar 19 10:06:51 2024] GET /v2/images/8394a3e3-9c5e-4860-8924-e05856930bc5 => generated 976 bytes in 186 msecs (HTTP/1.1 200) 4 headers in 157 bytes (1 switches on core 0)
Mar 19 10:06:54 ubuntu devstack@g-api.service[119019]: DEBUG glance.api.middleware.version_negotiation [None req-0ff613a2-de04-4d5f-90d5-ffecca8d7e96 admin admin] Determining version of request: GET / Accept: application/json {{(pid=119019) process_request /opt/stack/glance/glance/api/middleware/version_negotiation.py:44}}
Mar 19 10:06:54 ubuntu devstack@g-api.service[119019]: DEBUG glance.api.middleware.version_negotiation [None req-0ff613a2-de04-4d5f-90d5-ffecca8d7e96 admin admin] Using url versioning {{(pid=119019) process_request /opt/stack/glance/glance/api/middleware/version_negotiation.py:57}}
Mar 19 10:06:54 ubuntu devstack@g-api.service[119019]: DEBUG glance.api.middleware.version_negotiation [None req-0ff613a2-de04-4d5f-90d5-ffecca8d7e96 admin admin] Unknown version. Returning version choices. {{(pid=119019) process_request /opt/stack/glance/glance/api/middleware/version_negotiation.py:64}}
Mar 19 10:06:54 ubuntu devstack@g-api.service[119019]: [pid: 119019|app: 0|req: 5/9] 127.0.0.1 () {34 vars in 502 bytes} [Tue Mar 19 10:06:54 2024] GET / => generated 1299 bytes in 1 msecs (HTTP/1.1 300) 3 headers in 106 bytes (1 switches on core 0)
Mar 19 10:06:54 ubuntu devstack@g-api.service[119018]: DEBUG glance.api.middleware.version_negotiation [None req-39e9fe2a-a34f-43a9-9405-57715e652480 admin admin] Determining version of request: GET /v2/images/8394a3e3-9c5e-4860-8924-e05856930bc5 Accept: */* {{(pid=119018) process_request /opt/stack/glance/glance/api/middleware/version_negotiation.py:44}}
Mar 19 10:06:54 ubuntu devstack@g-api.service[119018]: DEBUG glance.api.middleware.version_negotiation [None req-39e9fe2a-a34f-43a9-9405-57715e652480 admin admin] Using url versioning {{(pid=119018) process_request /opt/stack/glance/glance/api/middleware/version_negotiation.py:57}}
Mar 19 10:06:54 ubuntu devstack@g-api.service[119018]: DEBUG glance.api.middleware.version_negotiation [None req-39e9fe2a-a34f-43a9-9405-57715e652480 admin admin] Matched version: v2 {{(pid=119018) process_request /opt/stack/glance/glance/api/middleware/version_negotiation.py:69}}
Mar 19 10:06:54 ubuntu devstack@g-api.service[119018]: DEBUG glance.api.middleware.version_negotiation [None req-39e9fe2a-a34f-43a9-9405-57715e652480 admin admin] new path /v2/images/8394a3e3-9c5e-4860-8924-e05856930bc5 {{(pid=119018) process_request /opt/stack/glance/glance/api/middleware/version_negotiation.py:70}}
Mar 19 10:06:54 ubuntu devstack@g-api.service[119018]: [pid: 119018|app: 0|req: 5/10] 127.0.0.1 () {36 vars in 785 bytes} [Tue Mar 19 10:06:54 2024] GET /v2/images/8394a3e3-9c5e-4860-8924-e05856930bc5 => generated 976 bytes in 179 msecs (HTTP/1.1 200) 4 headers in 157 bytes (1 switches on core 0)
Mar 19 10:07:04 ubuntu devstack@g-api.service[119018]: DEBUG dbcounter [-] [119018] Writing DB stats glance:SELECT=10 {{(pid=119018) stat_writer /opt/stack/data/venv/lib/python3.10/site-packages/dbcounter.py:115}}
Mar 19 10:08:45 ubuntu devstack@g-api.service[119019]: DEBUG glance.api.middleware.version_negotiation [None req-0ff613a2-de04-4d5f-90d5-ffecca8d7e96 admin admin] Determining version of request: GET / Accept: application/json {{(pid=119019) process_request /opt/stack/glance/glance/api/middleware/version_negotiation.py:44}}
Mar 19 10:08:45 ubuntu devstack@g-api.service[119019]: DEBUG glance.api.middleware.version_negotiation [None req-0ff613a2-de04-4d5f-90d5-ffecca8d7e96 admin admin] Using url versioning {{(pid=119019) process_request /opt/stack/glance/glance/api/middleware/version_negotiation.py:57}}
Mar 19 10:08:45 ubuntu devstack@g-api.service[119019]: DEBUG glance.api.middleware.version_negotiation [None req-0ff613a2-de04-4d5f-90d5-ffecca8d7e96 admin admin] Unknown version. Returning version choices. {{(pid=119019) process_request /opt/stack/glance/glance/api/middleware/version_negotiation.py:64}}
Mar 19 10:08:45 ubuntu devstack@g-api.service[119019]: [pid: 119019|app: 0|req: 6/11] 127.0.0.1 () {36 vars in 474 bytes} [Tue Mar 19 10:08:45 2024] GET / => generated 1299 bytes in 3 msecs (HTTP/1.1 300) 3 headers in 106 bytes (1 switches on core 0)
