Feb 10 11:18:47 ubuntu devstack@keystone.service[81901]: DEBUG keystone.server.flask.request_processing.req_logging [None req-439c513d-1094-4825-811a-6f9385e04d61 None None] PATH_INFO: `/` {{(pid=81901) log_request_info /opt/stack/keystone/keystone/server/flask/request_processing/req_logging.py:28}}
Feb 10 11:18:47 ubuntu devstack@keystone.service[81901]: [pid: 81901|app: 0|req: 13/23] 10.201.5.82 () {54 vars in 919 bytes} [Tue Feb 10 11:18:47 2026] GET /identity => generated 270 bytes in 1 msecs (HTTP/1.1 300) 6 headers in 234 bytes (1 switches on core 0)
Feb 10 11:18:47 ubuntu devstack@keystone.service[81901]: DEBUG keystone.server.flask.request_processing.req_logging [None req-e94d48d6-db69-4c02-a21a-9ca50031ee21 None None] REQUEST_METHOD: `POST` {{(pid=81901) log_request_info /opt/stack/keystone/keystone/server/flask/request_processing/req_logging.py:26}}
Feb 10 11:18:47 ubuntu devstack@keystone.service[81901]: DEBUG keystone.server.flask.request_processing.req_logging [None req-e94d48d6-db69-4c02-a21a-9ca50031ee21 None None] SCRIPT_NAME: `/identity` {{(pid=81901) log_request_info /opt/stack/keystone/keystone/server/flask/request_processing/req_logging.py:27}}
Feb 10 11:18:47 ubuntu devstack@keystone.service[81901]: DEBUG keystone.server.flask.request_processing.req_logging [None req-e94d48d6-db69-4c02-a21a-9ca50031ee21 None None] PATH_INFO: `/v3/auth/tokens` {{(pid=81901) log_request_info /opt/stack/keystone/keystone/server/flask/request_processing/req_logging.py:28}}
Feb 10 11:18:47 ubuntu devstack@keystone.service[81901]: WARNING keystone.common.password_hashing [None req-e94d48d6-db69-4c02-a21a-9ca50031ee21 None None] Truncating password to algorithm specific maximum length 72 characters.
Feb 10 11:18:47 ubuntu devstack@keystone.service[81901]: DEBUG keystone.auth.core [None req-e94d48d6-db69-4c02-a21a-9ca50031ee21 None None] MFA Rules not processed for user `0556a8e2e86946c3a1ce6f6ef2e1a846`. Rule list: `[]` (Enabled: `True`). {{(pid=81901) check_auth_methods_against_rules /opt/stack/keystone/keystone/auth/core.py:476}}
Feb 10 11:18:47 ubuntu devstack@keystone.service[81901]: DEBUG keystone.common.fernet_utils [None req-e94d48d6-db69-4c02-a21a-9ca50031ee21 None None] Loaded 2 Fernet keys from /etc/keystone/fernet-keys/, but `[fernet_tokens] max_active_keys = 3`; perhaps there have not been enough key rotations to reach `max_active_keys` yet? {{(pid=81901) load_keys /opt/stack/keystone/keystone/common/fernet_utils.py:297}}
Feb 10 11:18:47 ubuntu devstack@keystone.service[81902]: [pid: 81902|app: 0|req: 11/24] 10.201.5.82 () {58 vars in 1016 bytes} [Tue Feb 10 11:18:47 2026] POST /identity/v3/auth/tokens => generated 862 bytes in 67 msecs (HTTP/1.1 201) 6 headers in 363 bytes (1 switches on core 0)
Feb 10 11:18:47 ubuntu devstack@keystone.service[81901]: [pid: 81901|app: 0|req: 14/25] 10.201.5.82 () {58 vars in 1016 bytes} [Tue Feb 10 11:18:47 2026] POST /identity/v3/auth/tokens => generated 862 bytes in 68 msecs (HTTP/1.1 201) 6 headers in 363 bytes (1 switches on core 0)
Feb 10 11:18:47 ubuntu devstack@keystone.service[81902]: DEBUG keystone.server.flask.request_processing.middleware.auth_context [None req-4c86cfc5-e076-480d-928c-b280b552c4e0 None None] Authenticating user token {{(pid=81902) process_request /opt/stack/data/venv/lib/python3.10/site-packages/keystonemiddleware/auth_token/__init__.py:407}}
Feb 10 11:18:47 ubuntu devstack@keystone.service[81901]: DEBUG keystone.server.flask.request_processing.middleware.auth_context [None req-e94d48d6-db69-4c02-a21a-9ca50031ee21 None None] Authenticating user token {{(pid=81901) process_request /opt/stack/data/venv/lib/python3.10/site-packages/keystonemiddleware/auth_token/__init__.py:407}}
Feb 10 11:18:47 ubuntu devstack@keystone.service[81902]: DEBUG keystone.server.flask.request_processing.middleware.auth_context [None req-4c86cfc5-e076-480d-928c-b280b552c4e0 None None] Validating token access rules against request {{(pid=81902) validate_allowed_request /opt/stack/data/venv/lib/python3.10/site-packages/keystonemiddleware/auth_token/__init__.py:545}}
Feb 10 11:18:47 ubuntu devstack@keystone.service[81901]: DEBUG keystone.server.flask.request_processing.middleware.auth_context [None req-e94d48d6-db69-4c02-a21a-9ca50031ee21 None None] Validating token access rules against request {{(pid=81901) validate_allowed_request /opt/stack/data/venv/lib/python3.10/site-packages/keystonemiddleware/auth_token/__init__.py:545}}
Feb 10 11:18:47 ubuntu devstack@keystone.service[81902]: DEBUG keystone.server.flask.request_processing.middleware.auth_context [None req-7fb8be92-3d11-4d95-9d2c-c737f9c4df07 None admin] RBAC: auth_context: {'token': <TokenModel (audit_id=HPSpehIQS1q6p9YnYRmz4A, audit_chain_id=['HPSpehIQS1q6p9YnYRmz4A']) at 0x7f77f94f80a0>, 'domain_id': None, 'trust_id': None, 'trustor_id': None, 'trustee_id': None, 'domain_name': None, 'group_ids': [], 'user_id': '0556a8e2e86946c3a1ce6f6ef2e1a846', 'user_domain_id': 'default', 'system_scope': 'all', 'project_id': None, 'project_domain_id': None, 'roles': ['admin', 'manager', 'member', 'reader'], 'is_admin_project': True, 'service_user_id': None, 'service_user_domain_id': None, 'service_project_id': None, 'service_project_domain_id': None, 'service_roles': []} {{(pid=81902) fill_context /opt/stack/keystone/keystone/server/flask/request_processing/middleware/auth_context.py:509}}
Feb 10 11:18:47 ubuntu devstack@keystone.service[81902]: DEBUG keystone.server.flask.request_processing.req_logging [None req-7fb8be92-3d11-4d95-9d2c-c737f9c4df07 None admin] REQUEST_METHOD: `GET` {{(pid=81902) log_request_info /opt/stack/keystone/keystone/server/flask/request_processing/req_logging.py:26}}
Feb 10 11:18:47 ubuntu devstack@keystone.service[81902]: DEBUG keystone.server.flask.request_processing.req_logging [None req-7fb8be92-3d11-4d95-9d2c-c737f9c4df07 None admin] SCRIPT_NAME: `/identity` {{(pid=81902) log_request_info /opt/stack/keystone/keystone/server/flask/request_processing/req_logging.py:27}}
Feb 10 11:18:47 ubuntu devstack@keystone.service[81902]: DEBUG keystone.server.flask.request_processing.req_logging [None req-7fb8be92-3d11-4d95-9d2c-c737f9c4df07 None admin] PATH_INFO: `/v3/domains/Default` {{(pid=81902) log_request_info /opt/stack/keystone/keystone/server/flask/request_processing/req_logging.py:28}}
Feb 10 11:18:47 ubuntu devstack@keystone.service[81902]: DEBUG keystone.common.rbac_enforcer.enforcer [None req-7fb8be92-3d11-4d95-9d2c-c737f9c4df07 None admin] RBAC: Authorizing `identity:get_domain(domain_id=Default)` {{(pid=81902) enforce_call /opt/stack/keystone/keystone/common/rbac_enforcer/enforcer.py:494}}
Feb 10 11:18:47 ubuntu devstack@keystone.service[81902]: DEBUG keystone.common.rbac_enforcer.enforcer [None req-7fb8be92-3d11-4d95-9d2c-c737f9c4df07 None admin] RBAC: Authorization granted {{(pid=81902) enforce_call /opt/stack/keystone/keystone/common/rbac_enforcer/enforcer.py:505}}
Feb 10 11:18:47 ubuntu devstack@keystone.service[81901]: DEBUG keystone.server.flask.request_processing.middleware.auth_context [None req-e730b2b7-4976-4595-9f2b-7e71cb1d4026 None admin] RBAC: auth_context: {'token': <TokenModel (audit_id=dX-qy8Y7QeWtTLPqvcd0Qg, audit_chain_id=['dX-qy8Y7QeWtTLPqvcd0Qg']) at 0x7f77f960d6f0>, 'domain_id': None, 'trust_id': None, 'trustor_id': None, 'trustee_id': None, 'domain_name': None, 'group_ids': [], 'user_id': '0556a8e2e86946c3a1ce6f6ef2e1a846', 'user_domain_id': 'default', 'system_scope': 'all', 'project_id': None, 'project_domain_id': None, 'roles': ['admin', 'manager', 'member', 'reader'], 'is_admin_project': True, 'service_user_id': None, 'service_user_domain_id': None, 'service_project_id': None, 'service_project_domain_id': None, 'service_roles': []} {{(pid=81901) fill_context /opt/stack/keystone/keystone/server/flask/request_processing/middleware/auth_context.py:509}}
Feb 10 11:18:47 ubuntu devstack@keystone.service[81901]: DEBUG keystone.server.flask.request_processing.req_logging [None req-e730b2b7-4976-4595-9f2b-7e71cb1d4026 None admin] REQUEST_METHOD: `GET` {{(pid=81901) log_request_info /opt/stack/keystone/keystone/server/flask/request_processing/req_logging.py:26}}
Feb 10 11:18:47 ubuntu devstack@keystone.service[81901]: DEBUG keystone.server.flask.request_processing.req_logging [None req-e730b2b7-4976-4595-9f2b-7e71cb1d4026 None admin] SCRIPT_NAME: `/identity` {{(pid=81901) log_request_info /opt/stack/keystone/keystone/server/flask/request_processing/req_logging.py:27}}
Feb 10 11:18:47 ubuntu devstack@keystone.service[81901]: DEBUG keystone.server.flask.request_processing.req_logging [None req-e730b2b7-4976-4595-9f2b-7e71cb1d4026 None admin] PATH_INFO: `/v3/roles/admin` {{(pid=81901) log_request_info /opt/stack/keystone/keystone/server/flask/request_processing/req_logging.py:28}}
Feb 10 11:18:47 ubuntu devstack@keystone.service[81901]: DEBUG keystone.common.rbac_enforcer.enforcer [None req-e730b2b7-4976-4595-9f2b-7e71cb1d4026 None admin] Extracting inferred target data resulted in "NOT FOUND (404)". {{(pid=81901) enforce_call /opt/stack/keystone/keystone/common/rbac_enforcer/enforcer.py:445}}
Feb 10 11:18:47 ubuntu devstack@keystone.service[81902]: DEBUG keystone.server.flask.application [None req-7fb8be92-3d11-4d95-9d2c-c737f9c4df07 None admin] Could not find domain: Default. {{(pid=81902) _handle_keystone_exception /opt/stack/keystone/keystone/server/flask/application.py:146}}
Feb 10 11:18:47 ubuntu devstack@keystone.service[81901]: DEBUG keystone.server.flask.application [None req-e730b2b7-4976-4595-9f2b-7e71cb1d4026 None admin] Could not find role: admin. {{(pid=81901) _handle_keystone_exception /opt/stack/keystone/keystone/server/flask/application.py:146}}
Feb 10 11:18:47 ubuntu devstack@keystone.service[81901]: [pid: 81901|app: 0|req: 15/27] 10.201.5.82 () {56 vars in 1132 bytes} [Tue Feb 10 11:18:47 2026] GET /identity/v3/roles/admin => generated 83 bytes in 71 msecs (HTTP/1.1 404) 5 headers in 183 bytes (1 switches on core 0)
Feb 10 11:18:47 ubuntu devstack@keystone.service[81902]: [pid: 81902|app: 0|req: 12/27] 10.201.5.82 () {56 vars in 1100 bytes} [Tue Feb 10 11:18:47 2026] GET /identity/v3/domains/Default => generated 87 bytes in 101 msecs (HTTP/1.1 404) 5 headers in 183 bytes (1 switches on core 0)
Feb 10 11:18:47 ubuntu devstack@keystone.service[81901]: DEBUG keystone.server.flask.request_processing.middleware.auth_context [None req-e730b2b7-4976-4595-9f2b-7e71cb1d4026 None admin] Authenticating user token {{(pid=81901) process_request /opt/stack/data/venv/lib/python3.10/site-packages/keystonemiddleware/auth_token/__init__.py:407}}
Feb 10 11:18:47 ubuntu devstack@keystone.service[81902]: DEBUG keystone.server.flask.request_processing.middleware.auth_context [None req-7fb8be92-3d11-4d95-9d2c-c737f9c4df07 None admin] Authenticating user token {{(pid=81902) process_request /opt/stack/data/venv/lib/python3.10/site-packages/keystonemiddleware/auth_token/__init__.py:407}}
Feb 10 11:18:47 ubuntu devstack@keystone.service[81901]: DEBUG keystone.server.flask.request_processing.middleware.auth_context [None req-e730b2b7-4976-4595-9f2b-7e71cb1d4026 None admin] Validating token access rules against request {{(pid=81901) validate_allowed_request /opt/stack/data/venv/lib/python3.10/site-packages/keystonemiddleware/auth_token/__init__.py:545}}
Feb 10 11:18:47 ubuntu devstack@keystone.service[81902]: DEBUG keystone.server.flask.request_processing.middleware.auth_context [None req-7fb8be92-3d11-4d95-9d2c-c737f9c4df07 None admin] Validating token access rules against request {{(pid=81902) validate_allowed_request /opt/stack/data/venv/lib/python3.10/site-packages/keystonemiddleware/auth_token/__init__.py:545}}
Feb 10 11:18:47 ubuntu devstack@keystone.service[81901]: DEBUG keystone.server.flask.request_processing.middleware.auth_context [None req-07b3bd49-abc9-4fd6-a50a-d911d2f0e3ab None admin] RBAC: auth_context: {'token': <TokenModel (audit_id=dX-qy8Y7QeWtTLPqvcd0Qg, audit_chain_id=['dX-qy8Y7QeWtTLPqvcd0Qg']) at 0x7f77f960f460>, 'domain_id': None, 'trust_id': None, 'trustor_id': None, 'trustee_id': None, 'domain_name': None, 'group_ids': [], 'user_id': '0556a8e2e86946c3a1ce6f6ef2e1a846', 'user_domain_id': 'default', 'system_scope': 'all', 'project_id': None, 'project_domain_id': None, 'roles': ['admin', 'manager', 'member', 'reader'], 'is_admin_project': True, 'service_user_id': None, 'service_user_domain_id': None, 'service_project_id': None, 'service_project_domain_id': None, 'service_roles': []} {{(pid=81901) fill_context /opt/stack/keystone/keystone/server/flask/request_processing/middleware/auth_context.py:509}}
Feb 10 11:18:47 ubuntu devstack@keystone.service[81902]: DEBUG keystone.server.flask.request_processing.middleware.auth_context [None req-0c9d8c00-aa78-4ec9-8abc-b204b9a08f24 None admin] RBAC: auth_context: {'token': <TokenModel (audit_id=HPSpehIQS1q6p9YnYRmz4A, audit_chain_id=['HPSpehIQS1q6p9YnYRmz4A']) at 0x7f77f926e9b0>, 'domain_id': None, 'trust_id': None, 'trustor_id': None, 'trustee_id': None, 'domain_name': None, 'group_ids': [], 'user_id': '0556a8e2e86946c3a1ce6f6ef2e1a846', 'user_domain_id': 'default', 'system_scope': 'all', 'project_id': None, 'project_domain_id': None, 'roles': ['admin', 'manager', 'member', 'reader'], 'is_admin_project': True, 'service_user_id': None, 'service_user_domain_id': None, 'service_project_id': None, 'service_project_domain_id': None, 'service_roles': []} {{(pid=81902) fill_context /opt/stack/keystone/keystone/server/flask/request_processing/middleware/auth_context.py:509}}
Feb 10 11:18:47 ubuntu devstack@keystone.service[81901]: DEBUG keystone.server.flask.request_processing.req_logging [None req-07b3bd49-abc9-4fd6-a50a-d911d2f0e3ab None admin] REQUEST_METHOD: `GET` {{(pid=81901) log_request_info /opt/stack/keystone/keystone/server/flask/request_processing/req_logging.py:26}}
Feb 10 11:18:47 ubuntu devstack@keystone.service[81901]: DEBUG keystone.server.flask.request_processing.req_logging [None req-07b3bd49-abc9-4fd6-a50a-d911d2f0e3ab None admin] SCRIPT_NAME: `/identity` {{(pid=81901) log_request_info /opt/stack/keystone/keystone/server/flask/request_processing/req_logging.py:27}}
Feb 10 11:18:47 ubuntu devstack@keystone.service[81901]: DEBUG keystone.server.flask.request_processing.req_logging [None req-07b3bd49-abc9-4fd6-a50a-d911d2f0e3ab None admin] PATH_INFO: `/v3/roles` {{(pid=81901) log_request_info /opt/stack/keystone/keystone/server/flask/request_processing/req_logging.py:28}}
Feb 10 11:18:47 ubuntu devstack@keystone.service[81902]: DEBUG keystone.server.flask.request_processing.req_logging [None req-0c9d8c00-aa78-4ec9-8abc-b204b9a08f24 None admin] REQUEST_METHOD: `GET` {{(pid=81902) log_request_info /opt/stack/keystone/keystone/server/flask/request_processing/req_logging.py:26}}
Feb 10 11:18:47 ubuntu devstack@keystone.service[81902]: DEBUG keystone.server.flask.request_processing.req_logging [None req-0c9d8c00-aa78-4ec9-8abc-b204b9a08f24 None admin] SCRIPT_NAME: `/identity` {{(pid=81902) log_request_info /opt/stack/keystone/keystone/server/flask/request_processing/req_logging.py:27}}
Feb 10 11:18:47 ubuntu devstack@keystone.service[81902]: DEBUG keystone.server.flask.request_processing.req_logging [None req-0c9d8c00-aa78-4ec9-8abc-b204b9a08f24 None admin] PATH_INFO: `/v3/domains` {{(pid=81902) log_request_info /opt/stack/keystone/keystone/server/flask/request_processing/req_logging.py:28}}
Feb 10 11:18:47 ubuntu devstack@keystone.service[81901]: DEBUG keystone.common.rbac_enforcer.enforcer [None req-07b3bd49-abc9-4fd6-a50a-d911d2f0e3ab None admin] RBAC: Adding query filter params (name=admin) {{(pid=81901) _extract_filter_values /opt/stack/keystone/keystone/common/rbac_enforcer/enforcer.py:176}}
Feb 10 11:18:47 ubuntu devstack@keystone.service[81901]: DEBUG keystone.common.rbac_enforcer.enforcer [None req-07b3bd49-abc9-4fd6-a50a-d911d2f0e3ab None admin] RBAC: Authorizing `identity:list_roles()` {{(pid=81901) enforce_call /opt/stack/keystone/keystone/common/rbac_enforcer/enforcer.py:494}}
Feb 10 11:18:47 ubuntu devstack@keystone.service[81902]: DEBUG keystone.common.rbac_enforcer.enforcer [None req-0c9d8c00-aa78-4ec9-8abc-b204b9a08f24 None admin] RBAC: Adding query filter params (name=Default) {{(pid=81902) _extract_filter_values /opt/stack/keystone/keystone/common/rbac_enforcer/enforcer.py:176}}
Feb 10 11:18:47 ubuntu devstack@keystone.service[81902]: DEBUG keystone.common.rbac_enforcer.enforcer [None req-0c9d8c00-aa78-4ec9-8abc-b204b9a08f24 None admin] RBAC: Authorizing `identity:list_domains()` {{(pid=81902) enforce_call /opt/stack/keystone/keystone/common/rbac_enforcer/enforcer.py:494}}
Feb 10 11:18:47 ubuntu devstack@keystone.service[81902]: DEBUG keystone.common.rbac_enforcer.enforcer [None req-0c9d8c00-aa78-4ec9-8abc-b204b9a08f24 None admin] RBAC: Authorization granted {{(pid=81902) enforce_call /opt/stack/keystone/keystone/common/rbac_enforcer/enforcer.py:505}}
Feb 10 11:18:47 ubuntu devstack@keystone.service[81901]: DEBUG keystone.common.rbac_enforcer.enforcer [None req-07b3bd49-abc9-4fd6-a50a-d911d2f0e3ab None admin] RBAC: Authorization granted {{(pid=81901) enforce_call /opt/stack/keystone/keystone/common/rbac_enforcer/enforcer.py:505}}
Feb 10 11:18:47 ubuntu devstack@keystone.service[81901]: [pid: 81901|app: 0|req: 16/28] 10.201.5.82 () {56 vars in 1148 bytes} [Tue Feb 10 11:18:47 2026] GET /identity/v3/roles?name=admin => generated 339 bytes in 79 msecs (HTTP/1.1 200) 5 headers in 177 bytes (2 switches on core 0)
Feb 10 11:18:47 ubuntu devstack@keystone.service[81902]: [pid: 81902|app: 0|req: 13/29] 10.201.5.82 () {56 vars in 1101 bytes} [Tue Feb 10 11:18:47 2026] GET /identity/v3/domains?name=Default => generated 308 bytes in 82 msecs (HTTP/1.1 200) 5 headers in 177 bytes (1 switches on core 0)
Feb 10 11:18:47 ubuntu devstack@keystone.service[81902]: DEBUG keystone.server.flask.request_processing.middleware.auth_context [None req-0c9d8c00-aa78-4ec9-8abc-b204b9a08f24 None admin] Authenticating user token {{(pid=81902) process_request /opt/stack/data/venv/lib/python3.10/site-packages/keystonemiddleware/auth_token/__init__.py:407}}
Feb 10 11:18:47 ubuntu devstack@keystone.service[81901]: DEBUG keystone.server.flask.request_processing.req_logging [None req-9f2e9b18-fbe2-48d7-859f-fb99e87e66e7 None None] REQUEST_METHOD: `GET` {{(pid=81901) log_request_info /opt/stack/keystone/keystone/server/flask/request_processing/req_logging.py:26}}
Feb 10 11:18:47 ubuntu devstack@keystone.service[81901]: DEBUG keystone.server.flask.request_processing.req_logging [None req-9f2e9b18-fbe2-48d7-859f-fb99e87e66e7 None None] SCRIPT_NAME: `/identity` {{(pid=81901) log_request_info /opt/stack/keystone/keystone/server/flask/request_processing/req_logging.py:27}}
Feb 10 11:18:47 ubuntu devstack@keystone.service[81901]: DEBUG keystone.server.flask.request_processing.req_logging [None req-9f2e9b18-fbe2-48d7-859f-fb99e87e66e7 None None] PATH_INFO: `/` {{(pid=81901) log_request_info /opt/stack/keystone/keystone/server/flask/request_processing/req_logging.py:28}}
Feb 10 11:18:47 ubuntu devstack@keystone.service[81901]: [pid: 81901|app: 0|req: 17/30] 10.201.5.82 () {54 vars in 919 bytes} [Tue Feb 10 11:18:47 2026] GET /identity => generated 270 bytes in 6 msecs (HTTP/1.1 300) 6 headers in 234 bytes (1 switches on core 0)
Feb 10 11:18:47 ubuntu devstack@keystone.service[81901]: DEBUG keystone.server.flask.request_processing.middleware.auth_context [None req-9f2e9b18-fbe2-48d7-859f-fb99e87e66e7 None None] Authenticating user token {{(pid=81901) process_request /opt/stack/data/venv/lib/python3.10/site-packages/keystonemiddleware/auth_token/__init__.py:407}}
Feb 10 11:18:47 ubuntu devstack@keystone.service[81901]: DEBUG keystone.server.flask.request_processing.middleware.auth_context [None req-9f2e9b18-fbe2-48d7-859f-fb99e87e66e7 None None] Validating token access rules against request {{(pid=81901) validate_allowed_request /opt/stack/data/venv/lib/python3.10/site-packages/keystonemiddleware/auth_token/__init__.py:545}}
Feb 10 11:18:47 ubuntu devstack@keystone.service[81901]: DEBUG keystone.server.flask.request_processing.middleware.auth_context [None req-88589991-5491-4f92-a803-56d93393e71f None admin] RBAC: auth_context: {'token': <TokenModel (audit_id=HPSpehIQS1q6p9YnYRmz4A, audit_chain_id=['HPSpehIQS1q6p9YnYRmz4A']) at 0x7f77f94bd2d0>, 'domain_id': None, 'trust_id': None, 'trustor_id': None, 'trustee_id': None, 'domain_name': None, 'group_ids': [], 'user_id': '0556a8e2e86946c3a1ce6f6ef2e1a846', 'user_domain_id': 'default', 'system_scope': 'all', 'project_id': None, 'project_domain_id': None, 'roles': ['admin', 'manager', 'member', 'reader'], 'is_admin_project': True, 'service_user_id': None, 'service_user_domain_id': None, 'service_project_id': None, 'service_project_domain_id': None, 'service_roles': []} {{(pid=81901) fill_context /opt/stack/keystone/keystone/server/flask/request_processing/middleware/auth_context.py:509}}
Feb 10 11:18:47 ubuntu devstack@keystone.service[81901]: DEBUG keystone.server.flask.request_processing.req_logging [None req-88589991-5491-4f92-a803-56d93393e71f None admin] REQUEST_METHOD: `POST` {{(pid=81901) log_request_info /opt/stack/keystone/keystone/server/flask/request_processing/req_logging.py:26}}
Feb 10 11:18:47 ubuntu devstack@keystone.service[81901]: DEBUG keystone.server.flask.request_processing.req_logging [None req-88589991-5491-4f92-a803-56d93393e71f None admin] SCRIPT_NAME: `/identity` {{(pid=81901) log_request_info /opt/stack/keystone/keystone/server/flask/request_processing/req_logging.py:27}}
Feb 10 11:18:47 ubuntu devstack@keystone.service[81901]: DEBUG keystone.server.flask.request_processing.req_logging [None req-88589991-5491-4f92-a803-56d93393e71f None admin] PATH_INFO: `/v3/projects` {{(pid=81901) log_request_info /opt/stack/keystone/keystone/server/flask/request_processing/req_logging.py:28}}
Feb 10 11:18:47 ubuntu devstack@keystone.service[81901]: DEBUG keystone.common.rbac_enforcer.enforcer [None req-88589991-5491-4f92-a803-56d93393e71f None admin] RBAC: Authorizing `identity:create_project()` {{(pid=81901) enforce_call /opt/stack/keystone/keystone/common/rbac_enforcer/enforcer.py:494}}
Feb 10 11:18:47 ubuntu devstack@keystone.service[81901]: DEBUG keystone.common.rbac_enforcer.enforcer [None req-88589991-5491-4f92-a803-56d93393e71f None admin] RBAC: Authorization granted {{(pid=81901) enforce_call /opt/stack/keystone/keystone/common/rbac_enforcer/enforcer.py:505}}
Feb 10 11:18:47 ubuntu devstack@keystone.service[81902]: DEBUG keystone.server.flask.request_processing.middleware.auth_context [None req-0c9d8c00-aa78-4ec9-8abc-b204b9a08f24 None admin] Validating token access rules against request {{(pid=81902) validate_allowed_request /opt/stack/data/venv/lib/python3.10/site-packages/keystonemiddleware/auth_token/__init__.py:545}}
Feb 10 11:18:48 ubuntu devstack@keystone.service[81902]: DEBUG keystone.server.flask.request_processing.middleware.auth_context [None req-3c9b6738-cf50-4df8-8d00-9a0b9e4e2523 None admin] RBAC: auth_context: {'token': <TokenModel (audit_id=dX-qy8Y7QeWtTLPqvcd0Qg, audit_chain_id=['dX-qy8Y7QeWtTLPqvcd0Qg']) at 0x7f77f92f4be0>, 'domain_id': None, 'trust_id': None, 'trustor_id': None, 'trustee_id': None, 'domain_name': None, 'group_ids': [], 'user_id': '0556a8e2e86946c3a1ce6f6ef2e1a846', 'user_domain_id': 'default', 'system_scope': 'all', 'project_id': None, 'project_domain_id': None, 'roles': ['admin', 'manager', 'member', 'reader'], 'is_admin_project': True, 'service_user_id': None, 'service_user_domain_id': None, 'service_project_id': None, 'service_project_domain_id': None, 'service_roles': []} {{(pid=81902) fill_context /opt/stack/keystone/keystone/server/flask/request_processing/middleware/auth_context.py:509}}
Feb 10 11:18:48 ubuntu devstack@keystone.service[81902]: DEBUG keystone.server.flask.request_processing.req_logging [None req-3c9b6738-cf50-4df8-8d00-9a0b9e4e2523 None admin] REQUEST_METHOD: `GET` {{(pid=81902) log_request_info /opt/stack/keystone/keystone/server/flask/request_processing/req_logging.py:26}}
Feb 10 11:18:48 ubuntu devstack@keystone.service[81902]: DEBUG keystone.server.flask.request_processing.req_logging [None req-3c9b6738-cf50-4df8-8d00-9a0b9e4e2523 None admin] SCRIPT_NAME: `/identity` {{(pid=81902) log_request_info /opt/stack/keystone/keystone/server/flask/request_processing/req_logging.py:27}}
Feb 10 11:18:48 ubuntu devstack@keystone.service[81902]: DEBUG keystone.server.flask.request_processing.req_logging [None req-3c9b6738-cf50-4df8-8d00-9a0b9e4e2523 None admin] PATH_INFO: `/v3/users/0556a8e2e86946c3a1ce6f6ef2e1a846` {{(pid=81902) log_request_info /opt/stack/keystone/keystone/server/flask/request_processing/req_logging.py:28}}
Feb 10 11:18:48 ubuntu devstack@keystone.service[81902]: DEBUG keystone.common.rbac_enforcer.enforcer [None req-3c9b6738-cf50-4df8-8d00-9a0b9e4e2523 None admin] RBAC: Authorizing `identity:get_user(user_id=0556a8e2e86946c3a1ce6f6ef2e1a846)` {{(pid=81902) enforce_call /opt/stack/keystone/keystone/common/rbac_enforcer/enforcer.py:494}}
Feb 10 11:18:48 ubuntu devstack@keystone.service[81902]: DEBUG keystone.common.rbac_enforcer.enforcer [None req-3c9b6738-cf50-4df8-8d00-9a0b9e4e2523 None admin] RBAC: Authorization granted {{(pid=81902) enforce_call /opt/stack/keystone/keystone/common/rbac_enforcer/enforcer.py:505}}
Feb 10 11:18:48 ubuntu devstack@keystone.service[81902]: [pid: 81902|app: 0|req: 14/31] 10.201.5.82 () {56 vars in 1213 bytes} [Tue Feb 10 11:18:47 2026] GET /identity/v3/users/0556a8e2e86946c3a1ce6f6ef2e1a846 => generated 247 bytes in 123 msecs (HTTP/1.1 200) 5 headers in 177 bytes (1 switches on core 0)
Feb 10 11:18:48 ubuntu devstack@keystone.service[81902]: DEBUG keystone.server.flask.request_processing.req_logging [None req-ecb2c2da-dba8-4d05-aed1-80d30ba607e4 None None] REQUEST_METHOD: `POST` {{(pid=81902) log_request_info /opt/stack/keystone/keystone/server/flask/request_processing/req_logging.py:26}}
Feb 10 11:18:48 ubuntu devstack@keystone.service[81902]: DEBUG keystone.server.flask.request_processing.req_logging [None req-ecb2c2da-dba8-4d05-aed1-80d30ba607e4 None None] SCRIPT_NAME: `/identity` {{(pid=81902) log_request_info /opt/stack/keystone/keystone/server/flask/request_processing/req_logging.py:27}}
Feb 10 11:18:48 ubuntu devstack@keystone.service[81902]: DEBUG keystone.server.flask.request_processing.req_logging [None req-ecb2c2da-dba8-4d05-aed1-80d30ba607e4 None None] PATH_INFO: `/v3/auth/tokens` {{(pid=81902) log_request_info /opt/stack/keystone/keystone/server/flask/request_processing/req_logging.py:28}}
Feb 10 11:18:48 ubuntu devstack@keystone.service[81901]: [pid: 81901|app: 0|req: 18/32] 10.201.5.82 () {60 vars in 1133 bytes} [Tue Feb 10 11:18:47 2026] POST /identity/v3/projects => generated 301 bytes in 153 msecs (HTTP/1.1 201) 5 headers in 182 bytes (2 switches on core 0)
Feb 10 11:18:48 ubuntu devstack@keystone.service[81901]: DEBUG keystone.server.flask.request_processing.req_logging [None req-b84c4666-25a1-435d-aad0-5c0d033e55e8 None None] REQUEST_METHOD: `GET` {{(pid=81901) log_request_info /opt/stack/keystone/keystone/server/flask/request_processing/req_logging.py:26}}
Feb 10 11:18:48 ubuntu devstack@keystone.service[81901]: DEBUG keystone.server.flask.request_processing.req_logging [None req-b84c4666-25a1-435d-aad0-5c0d033e55e8 None None] SCRIPT_NAME: `/identity` {{(pid=81901) log_request_info /opt/stack/keystone/keystone/server/flask/request_processing/req_logging.py:27}}
Feb 10 11:18:48 ubuntu devstack@keystone.service[81901]: DEBUG keystone.server.flask.request_processing.req_logging [None req-b84c4666-25a1-435d-aad0-5c0d033e55e8 None None] PATH_INFO: `/` {{(pid=81901) log_request_info /opt/stack/keystone/keystone/server/flask/request_processing/req_logging.py:28}}
Feb 10 11:18:48 ubuntu devstack@keystone.service[81901]: [pid: 81901|app: 0|req: 19/33] 10.201.5.82 () {54 vars in 919 bytes} [Tue Feb 10 11:18:48 2026] GET /identity => generated 270 bytes in 1 msecs (HTTP/1.1 300) 6 headers in 234 bytes (1 switches on core 0)
Feb 10 11:18:48 ubuntu devstack@keystone.service[81901]: DEBUG keystone.server.flask.request_processing.middleware.auth_context [None req-b84c4666-25a1-435d-aad0-5c0d033e55e8 None None] Authenticating user token {{(pid=81901) process_request /opt/stack/data/venv/lib/python3.10/site-packages/keystonemiddleware/auth_token/__init__.py:407}}
Feb 10 11:18:48 ubuntu devstack@keystone.service[81902]: WARNING keystone.common.password_hashing [None req-ecb2c2da-dba8-4d05-aed1-80d30ba607e4 None None] Truncating password to algorithm specific maximum length 72 characters.
Feb 10 11:18:48 ubuntu devstack@keystone.service[81902]: DEBUG keystone.auth.core [None req-ecb2c2da-dba8-4d05-aed1-80d30ba607e4 None None] MFA Rules not processed for user `0556a8e2e86946c3a1ce6f6ef2e1a846`. Rule list: `[]` (Enabled: `True`). {{(pid=81902) check_auth_methods_against_rules /opt/stack/keystone/keystone/auth/core.py:476}}
Feb 10 11:18:48 ubuntu devstack@keystone.service[81902]: DEBUG keystone.common.fernet_utils [None req-ecb2c2da-dba8-4d05-aed1-80d30ba607e4 None None] Loaded 2 Fernet keys from /etc/keystone/fernet-keys/, but `[fernet_tokens] max_active_keys = 3`; perhaps there have not been enough key rotations to reach `max_active_keys` yet? {{(pid=81902) load_keys /opt/stack/keystone/keystone/common/fernet_utils.py:297}}
Feb 10 11:18:48 ubuntu devstack@keystone.service[81901]: DEBUG keystone.server.flask.request_processing.middleware.auth_context [None req-b84c4666-25a1-435d-aad0-5c0d033e55e8 None None] Validating token access rules against request {{(pid=81901) validate_allowed_request /opt/stack/data/venv/lib/python3.10/site-packages/keystonemiddleware/auth_token/__init__.py:545}}
Feb 10 11:18:48 ubuntu devstack@keystone.service[81902]: [pid: 81902|app: 0|req: 15/34] 10.201.5.82 () {58 vars in 1016 bytes} [Tue Feb 10 11:18:48 2026] POST /identity/v3/auth/tokens => generated 862 bytes in 97 msecs (HTTP/1.1 201) 6 headers in 363 bytes (1 switches on core 0)
Feb 10 11:18:48 ubuntu devstack@keystone.service[81902]: DEBUG keystone.server.flask.request_processing.req_logging [None req-1008746a-adb2-4e70-9cd8-d36c664bf6ed None None] REQUEST_METHOD: `POST` {{(pid=81902) log_request_info /opt/stack/keystone/keystone/server/flask/request_processing/req_logging.py:26}}
Feb 10 11:18:48 ubuntu devstack@keystone.service[81902]: DEBUG keystone.server.flask.request_processing.req_logging [None req-1008746a-adb2-4e70-9cd8-d36c664bf6ed None None] SCRIPT_NAME: `/identity` {{(pid=81902) log_request_info /opt/stack/keystone/keystone/server/flask/request_processing/req_logging.py:27}}
Feb 10 11:18:48 ubuntu devstack@keystone.service[81902]: DEBUG keystone.server.flask.request_processing.req_logging [None req-1008746a-adb2-4e70-9cd8-d36c664bf6ed None None] PATH_INFO: `/v3/auth/tokens` {{(pid=81902) log_request_info /opt/stack/keystone/keystone/server/flask/request_processing/req_logging.py:28}}
Feb 10 11:18:48 ubuntu devstack@keystone.service[81902]: WARNING keystone.common.password_hashing [None req-1008746a-adb2-4e70-9cd8-d36c664bf6ed None None] Truncating password to algorithm specific maximum length 72 characters.
Feb 10 11:18:48 ubuntu devstack@keystone.service[81902]: DEBUG keystone.auth.core [None req-1008746a-adb2-4e70-9cd8-d36c664bf6ed None None] MFA Rules not processed for user `0556a8e2e86946c3a1ce6f6ef2e1a846`. Rule list: `[]` (Enabled: `True`). {{(pid=81902) check_auth_methods_against_rules /opt/stack/keystone/keystone/auth/core.py:476}}
Feb 10 11:18:48 ubuntu devstack@keystone.service[81902]: DEBUG keystone.common.fernet_utils [None req-1008746a-adb2-4e70-9cd8-d36c664bf6ed None None] Loaded 2 Fernet keys from /etc/keystone/fernet-keys/, but `[fernet_tokens] max_active_keys = 3`; perhaps there have not been enough key rotations to reach `max_active_keys` yet? {{(pid=81902) load_keys /opt/stack/keystone/keystone/common/fernet_utils.py:297}}
Feb 10 11:18:48 ubuntu devstack@keystone.service[81902]: [pid: 81902|app: 0|req: 16/35] 10.201.5.82 () {58 vars in 1016 bytes} [Tue Feb 10 11:18:48 2026] POST /identity/v3/auth/tokens => generated 862 bytes in 95 msecs (HTTP/1.1 201) 6 headers in 363 bytes (1 switches on core 0)
Feb 10 11:18:48 ubuntu devstack@keystone.service[81901]: DEBUG keystone.server.flask.request_processing.middleware.auth_context [None req-c9d59e40-d9c4-433b-8a0a-47ae2fc258d8 None admin] RBAC: auth_context: {'token': <TokenModel (audit_id=dX-qy8Y7QeWtTLPqvcd0Qg, audit_chain_id=['dX-qy8Y7QeWtTLPqvcd0Qg']) at 0x7f77f9005630>, 'domain_id': None, 'trust_id': None, 'trustor_id': None, 'trustee_id': None, 'domain_name': None, 'group_ids': [], 'user_id': '0556a8e2e86946c3a1ce6f6ef2e1a846', 'user_domain_id': 'default', 'system_scope': 'all', 'project_id': None, 'project_domain_id': None, 'roles': ['admin', 'manager', 'member', 'reader'], 'is_admin_project': True, 'service_user_id': None, 'service_user_domain_id': None, 'service_project_id': None, 'service_project_domain_id': None, 'service_roles': []} {{(pid=81901) fill_context /opt/stack/keystone/keystone/server/flask/request_processing/middleware/auth_context.py:509}}
Feb 10 11:18:48 ubuntu devstack@keystone.service[81901]: DEBUG keystone.server.flask.request_processing.req_logging [None req-c9d59e40-d9c4-433b-8a0a-47ae2fc258d8 None admin] REQUEST_METHOD: `GET` {{(pid=81901) log_request_info /opt/stack/keystone/keystone/server/flask/request_processing/req_logging.py:26}}
Feb 10 11:18:48 ubuntu devstack@keystone.service[81901]: DEBUG keystone.server.flask.request_processing.req_logging [None req-c9d59e40-d9c4-433b-8a0a-47ae2fc258d8 None admin] SCRIPT_NAME: `/identity` {{(pid=81901) log_request_info /opt/stack/keystone/keystone/server/flask/request_processing/req_logging.py:27}}
Feb 10 11:18:48 ubuntu devstack@keystone.service[81901]: DEBUG keystone.server.flask.request_processing.req_logging [None req-c9d59e40-d9c4-433b-8a0a-47ae2fc258d8 None admin] PATH_INFO: `/v3/domains/default` {{(pid=81901) log_request_info /opt/stack/keystone/keystone/server/flask/request_processing/req_logging.py:28}}
Feb 10 11:18:48 ubuntu devstack@keystone.service[81901]: DEBUG keystone.common.rbac_enforcer.enforcer [None req-c9d59e40-d9c4-433b-8a0a-47ae2fc258d8 None admin] RBAC: Authorizing `identity:get_domain(domain_id=default)` {{(pid=81901) enforce_call /opt/stack/keystone/keystone/common/rbac_enforcer/enforcer.py:494}}
Feb 10 11:18:48 ubuntu devstack@keystone.service[81901]: DEBUG keystone.common.rbac_enforcer.enforcer [None req-c9d59e40-d9c4-433b-8a0a-47ae2fc258d8 None admin] RBAC: Authorization granted {{(pid=81901) enforce_call /opt/stack/keystone/keystone/common/rbac_enforcer/enforcer.py:505}}
Feb 10 11:18:48 ubuntu devstack@keystone.service[81901]: [pid: 81901|app: 0|req: 20/36] 10.201.5.82 () {56 vars in 1144 bytes} [Tue Feb 10 11:18:48 2026] GET /identity/v3/domains/default => generated 199 bytes in 170 msecs (HTTP/1.1 200) 5 headers in 177 bytes (1 switches on core 0)
Feb 10 11:18:48 ubuntu devstack@keystone.service[81902]: DEBUG keystone.server.flask.request_processing.middleware.auth_context [None req-1008746a-adb2-4e70-9cd8-d36c664bf6ed None None] Authenticating user token {{(pid=81902) process_request /opt/stack/data/venv/lib/python3.10/site-packages/keystonemiddleware/auth_token/__init__.py:407}}
Feb 10 11:18:48 ubuntu devstack@keystone.service[81902]: DEBUG keystone.server.flask.request_processing.middleware.auth_context [None req-1008746a-adb2-4e70-9cd8-d36c664bf6ed None None] Validating token access rules against request {{(pid=81902) validate_allowed_request /opt/stack/data/venv/lib/python3.10/site-packages/keystonemiddleware/auth_token/__init__.py:545}}
Feb 10 11:18:48 ubuntu devstack@keystone.service[81901]: DEBUG keystone.server.flask.request_processing.middleware.auth_context [None req-c9d59e40-d9c4-433b-8a0a-47ae2fc258d8 None admin] Authenticating user token {{(pid=81901) process_request /opt/stack/data/venv/lib/python3.10/site-packages/keystonemiddleware/auth_token/__init__.py:407}}
Feb 10 11:18:48 ubuntu devstack@keystone.service[81902]: DEBUG keystone.server.flask.request_processing.middleware.auth_context [None req-e63a2808-95b2-4bcf-989c-00017f0c5f87 None admin] RBAC: auth_context: {'token': <TokenModel (audit_id=dX-qy8Y7QeWtTLPqvcd0Qg, audit_chain_id=['dX-qy8Y7QeWtTLPqvcd0Qg']) at 0x7f77f94e3100>, 'domain_id': None, 'trust_id': None, 'trustor_id': None, 'trustee_id': None, 'domain_name': None, 'group_ids': [], 'user_id': '0556a8e2e86946c3a1ce6f6ef2e1a846', 'user_domain_id': 'default', 'system_scope': 'all', 'project_id': None, 'project_domain_id': None, 'roles': ['admin', 'manager', 'member', 'reader'], 'is_admin_project': True, 'service_user_id': None, 'service_user_domain_id': None, 'service_project_id': None, 'service_project_domain_id': None, 'service_roles': []} {{(pid=81902) fill_context /opt/stack/keystone/keystone/server/flask/request_processing/middleware/auth_context.py:509}}
Feb 10 11:18:48 ubuntu devstack@keystone.service[81902]: DEBUG keystone.server.flask.request_processing.req_logging [None req-e63a2808-95b2-4bcf-989c-00017f0c5f87 None admin] REQUEST_METHOD: `GET` {{(pid=81902) log_request_info /opt/stack/keystone/keystone/server/flask/request_processing/req_logging.py:26}}
Feb 10 11:18:48 ubuntu devstack@keystone.service[81902]: DEBUG keystone.server.flask.request_processing.req_logging [None req-e63a2808-95b2-4bcf-989c-00017f0c5f87 None admin] SCRIPT_NAME: `/identity` {{(pid=81902) log_request_info /opt/stack/keystone/keystone/server/flask/request_processing/req_logging.py:27}}
Feb 10 11:18:48 ubuntu devstack@keystone.service[81902]: DEBUG keystone.server.flask.request_processing.req_logging [None req-e63a2808-95b2-4bcf-989c-00017f0c5f87 None admin] PATH_INFO: `/v3/role_assignments` {{(pid=81902) log_request_info /opt/stack/keystone/keystone/server/flask/request_processing/req_logging.py:28}}
Feb 10 11:18:48 ubuntu devstack@keystone.service[81902]: DEBUG keystone.common.rbac_enforcer.enforcer [None req-e63a2808-95b2-4bcf-989c-00017f0c5f87 None admin] RBAC: Adding query filter params (role.id=3045506157224e7cb3f112ee2c2ba6d7, scope.domain.id=default, user.id=0556a8e2e86946c3a1ce6f6ef2e1a846) {{(pid=81902) _extract_filter_values /opt/stack/keystone/keystone/common/rbac_enforcer/enforcer.py:176}}
Feb 10 11:18:48 ubuntu devstack@keystone.service[81902]: DEBUG keystone.common.rbac_enforcer.enforcer [None req-e63a2808-95b2-4bcf-989c-00017f0c5f87 None admin] RBAC: Authorizing `identity:list_role_assignments()` {{(pid=81902) enforce_call /opt/stack/keystone/keystone/common/rbac_enforcer/enforcer.py:494}}
Feb 10 11:18:48 ubuntu devstack@keystone.service[81902]: DEBUG keystone.common.rbac_enforcer.enforcer [None req-e63a2808-95b2-4bcf-989c-00017f0c5f87 None admin] RBAC: Authorization granted {{(pid=81902) enforce_call /opt/stack/keystone/keystone/common/rbac_enforcer/enforcer.py:505}}
Feb 10 11:18:48 ubuntu devstack@keystone.service[81902]: [pid: 81902|app: 0|req: 17/37] 10.201.5.82 () {56 vars in 1371 bytes} [Tue Feb 10 11:18:48 2026] GET /identity/v3/role_assignments?role.id=3045506157224e7cb3f112ee2c2ba6d7&scope.domain.id=default&user.id=0556a8e2e86946c3a1ce6f6ef2e1a846 => generated 530 bytes in 94 msecs (HTTP/1.1 200) 5 headers in 177 bytes (1 switches on core 0)
Feb 10 11:18:48 ubuntu devstack@keystone.service[81901]: DEBUG keystone.server.flask.request_processing.middleware.auth_context [None req-c9d59e40-d9c4-433b-8a0a-47ae2fc258d8 None admin] Validating token access rules against request {{(pid=81901) validate_allowed_request /opt/stack/data/venv/lib/python3.10/site-packages/keystonemiddleware/auth_token/__init__.py:545}}
Feb 10 11:18:48 ubuntu devstack@keystone.service[81901]: DEBUG keystone.server.flask.request_processing.middleware.auth_context [None req-1b7387e3-0ff9-4ac5-b4b5-c61813dd1cce None admin] RBAC: auth_context: {'token': <TokenModel (audit_id=TrpKEHbiSxCrxM6jNSM-UA, audit_chain_id=['TrpKEHbiSxCrxM6jNSM-UA']) at 0x7f77f9ee7280>, 'domain_id': None, 'trust_id': None, 'trustor_id': None, 'trustee_id': None, 'domain_name': None, 'group_ids': [], 'user_id': '0556a8e2e86946c3a1ce6f6ef2e1a846', 'user_domain_id': 'default', 'system_scope': 'all', 'project_id': None, 'project_domain_id': None, 'roles': ['admin', 'manager', 'member', 'reader'], 'is_admin_project': True, 'service_user_id': None, 'service_user_domain_id': None, 'service_project_id': None, 'service_project_domain_id': None, 'service_roles': []} {{(pid=81901) fill_context /opt/stack/keystone/keystone/server/flask/request_processing/middleware/auth_context.py:509}}
Feb 10 11:18:48 ubuntu devstack@keystone.service[81901]: DEBUG keystone.server.flask.request_processing.req_logging [None req-1b7387e3-0ff9-4ac5-b4b5-c61813dd1cce None admin] REQUEST_METHOD: `POST` {{(pid=81901) log_request_info /opt/stack/keystone/keystone/server/flask/request_processing/req_logging.py:26}}
Feb 10 11:18:48 ubuntu devstack@keystone.service[81901]: DEBUG keystone.server.flask.request_processing.req_logging [None req-1b7387e3-0ff9-4ac5-b4b5-c61813dd1cce None admin] SCRIPT_NAME: `/identity` {{(pid=81901) log_request_info /opt/stack/keystone/keystone/server/flask/request_processing/req_logging.py:27}}
Feb 10 11:18:48 ubuntu devstack@keystone.service[81901]: DEBUG keystone.server.flask.request_processing.req_logging [None req-1b7387e3-0ff9-4ac5-b4b5-c61813dd1cce None admin] PATH_INFO: `/v3/roles` {{(pid=81901) log_request_info /opt/stack/keystone/keystone/server/flask/request_processing/req_logging.py:28}}
Feb 10 11:18:48 ubuntu devstack@keystone.service[81901]: DEBUG keystone.common.rbac_enforcer.enforcer [None req-1b7387e3-0ff9-4ac5-b4b5-c61813dd1cce None admin] RBAC: Authorizing `identity:create_role()` {{(pid=81901) enforce_call /opt/stack/keystone/keystone/common/rbac_enforcer/enforcer.py:494}}
Feb 10 11:18:48 ubuntu devstack@keystone.service[81901]: DEBUG keystone.common.rbac_enforcer.enforcer [None req-1b7387e3-0ff9-4ac5-b4b5-c61813dd1cce None admin] RBAC: Authorization granted {{(pid=81901) enforce_call /opt/stack/keystone/keystone/common/rbac_enforcer/enforcer.py:505}}
Feb 10 11:18:48 ubuntu devstack@keystone.service[81901]: DEBUG keystone.common.sql.core [None req-1b7387e3-0ff9-4ac5-b4b5-c61813dd1cce None admin] Conflict role: (pymysql.err.IntegrityError) (1062, "Duplicate entry 'service-<<null>>' for key 'role.ixu_role_name_domain_id'")
Feb 10 11:18:48 ubuntu devstack@keystone.service[81901]: [SQL: INSERT INTO `role` (id, name, description, extra) VALUES (%(id)s, %(name)s, %(description)s, %(extra)s)]
Feb 10 11:18:48 ubuntu devstack@keystone.service[81901]: [parameters: {'id': '4f1b22f4466e41b195c7077fbb4d09d9', 'name': 'service', 'description': None, 'extra': '{}'}]
Feb 10 11:18:48 ubuntu devstack@keystone.service[81901]: (Background on this error at: https://sqlalche.me/e/20/gkpj) {{(pid=81901) wrapper /opt/stack/keystone/keystone/common/sql/core.py:580}}
Feb 10 11:18:48 ubuntu devstack@keystone.service[81901]: ERROR keystone.server.flask.application [None req-1b7387e3-0ff9-4ac5-b4b5-c61813dd1cce None admin] Conflict occurred attempting to store role - Duplicate entry found with name service.: keystone.exception.Conflict: Conflict occurred attempting to store role - Duplicate entry found with name service.
Feb 10 11:18:48 ubuntu devstack@keystone.service[81901]: ERROR keystone.server.flask.application Traceback (most recent call last):
Feb 10 11:18:48 ubuntu devstack@keystone.service[81901]: ERROR keystone.server.flask.application   File "/opt/stack/data/venv/lib/python3.10/site-packages/sqlalchemy/engine/base.py", line 1967, in _exec_single_context
Feb 10 11:18:48 ubuntu devstack@keystone.service[81901]: ERROR keystone.server.flask.application     self.dialect.do_execute(
Feb 10 11:18:48 ubuntu devstack@keystone.service[81901]: ERROR keystone.server.flask.application   File "/opt/stack/data/venv/lib/python3.10/site-packages/sqlalchemy/engine/default.py", line 951, in do_execute
Feb 10 11:18:48 ubuntu devstack@keystone.service[81901]: ERROR keystone.server.flask.application     cursor.execute(statement, parameters)
Feb 10 11:18:48 ubuntu devstack@keystone.service[81901]: ERROR keystone.server.flask.application   File "/opt/stack/data/venv/lib/python3.10/site-packages/pymysql/cursors.py", line 153, in execute
Feb 10 11:18:48 ubuntu devstack@keystone.service[81901]: ERROR keystone.server.flask.application     result = self._query(query)
Feb 10 11:18:48 ubuntu devstack@keystone.service[81901]: ERROR keystone.server.flask.application   File "/opt/stack/data/venv/lib/python3.10/site-packages/pymysql/cursors.py", line 322, in _query
Feb 10 11:18:48 ubuntu devstack@keystone.service[81901]: ERROR keystone.server.flask.application     conn.query(q)
Feb 10 11:18:48 ubuntu devstack@keystone.service[81901]: ERROR keystone.server.flask.application   File "/opt/stack/data/venv/lib/python3.10/site-packages/pymysql/connections.py", line 575, in query
Feb 10 11:18:48 ubuntu devstack@keystone.service[81901]: ERROR keystone.server.flask.application     self._affected_rows = self._read_query_result(unbuffered=unbuffered)
Feb 10 11:18:48 ubuntu devstack@keystone.service[81901]: ERROR keystone.server.flask.application   File "/opt/stack/data/venv/lib/python3.10/site-packages/pymysql/connections.py", line 826, in _read_query_result
Feb 10 11:18:48 ubuntu devstack@keystone.service[81901]: ERROR keystone.server.flask.application     result.read()
Feb 10 11:18:48 ubuntu devstack@keystone.service[81901]: ERROR keystone.server.flask.application   File "/opt/stack/data/venv/lib/python3.10/site-packages/pymysql/connections.py", line 1203, in read
Feb 10 11:18:48 ubuntu devstack@keystone.service[81901]: ERROR keystone.server.flask.application     first_packet = self.connection._read_packet()
Feb 10 11:18:48 ubuntu devstack@keystone.service[81901]: ERROR keystone.server.flask.application   File "/opt/stack/data/venv/lib/python3.10/site-packages/pymysql/connections.py", line 782, in _read_packet
Feb 10 11:18:48 ubuntu devstack@keystone.service[81901]: ERROR keystone.server.flask.application     packet.raise_for_error()
Feb 10 11:18:48 ubuntu devstack@keystone.service[81901]: ERROR keystone.server.flask.application   File "/opt/stack/data/venv/lib/python3.10/site-packages/pymysql/protocol.py", line 219, in raise_for_error
Feb 10 11:18:48 ubuntu devstack@keystone.service[81901]: ERROR keystone.server.flask.application     err.raise_mysql_exception(self._data)
Feb 10 11:18:48 ubuntu devstack@keystone.service[81901]: ERROR keystone.server.flask.application   File "/opt/stack/data/venv/lib/python3.10/site-packages/pymysql/err.py", line 150, in raise_mysql_exception
Feb 10 11:18:48 ubuntu devstack@keystone.service[81901]: ERROR keystone.server.flask.application     raise errorclass(errno, errval)
Feb 10 11:18:48 ubuntu devstack@keystone.service[81901]: ERROR keystone.server.flask.application pymysql.err.IntegrityError: (1062, "Duplicate entry 'service-<<null>>' for key 'role.ixu_role_name_domain_id'")
Feb 10 11:18:48 ubuntu devstack@keystone.service[81901]: ERROR keystone.server.flask.application 
Feb 10 11:18:48 ubuntu devstack@keystone.service[81901]: ERROR keystone.server.flask.application The above exception was the direct cause of the following exception:
Feb 10 11:18:48 ubuntu devstack@keystone.service[81901]: ERROR keystone.server.flask.application 
Feb 10 11:18:48 ubuntu devstack@keystone.service[81901]: ERROR keystone.server.flask.application Traceback (most recent call last):
Feb 10 11:18:48 ubuntu devstack@keystone.service[81901]: ERROR keystone.server.flask.application   File "/opt/stack/keystone/keystone/common/sql/core.py", line 575, in wrapper
Feb 10 11:18:48 ubuntu devstack@keystone.service[81901]: ERROR keystone.server.flask.application     return method(*args, **kwargs)
Feb 10 11:18:48 ubuntu devstack@keystone.service[81901]: ERROR keystone.server.flask.application   File "/opt/stack/keystone/keystone/assignment/role_backends/sql.py", line 25, in create_role
Feb 10 11:18:48 ubuntu devstack@keystone.service[81901]: ERROR keystone.server.flask.application     with sql.session_for_write() as session:
Feb 10 11:18:48 ubuntu devstack@keystone.service[81901]: ERROR keystone.server.flask.application   File "/usr/lib/python3.10/contextlib.py", line 142, in __exit__
Feb 10 11:18:48 ubuntu devstack@keystone.service[81901]: ERROR keystone.server.flask.application     next(self.gen)
Feb 10 11:18:48 ubuntu devstack@keystone.service[81901]: ERROR keystone.server.flask.application   File "/opt/stack/data/venv/lib/python3.10/site-packages/oslo_db/sqlalchemy/enginefacade.py", line 1175, in _transaction_scope
Feb 10 11:18:48 ubuntu devstack@keystone.service[81901]: ERROR keystone.server.flask.application     with current._produce_block(
Feb 10 11:18:48 ubuntu devstack@keystone.service[81901]: ERROR keystone.server.flask.application   File "/usr/lib/python3.10/contextlib.py", line 142, in __exit__
Feb 10 11:18:48 ubuntu devstack@keystone.service[81901]: ERROR keystone.server.flask.application     next(self.gen)
Feb 10 11:18:48 ubuntu devstack@keystone.service[81901]: ERROR keystone.server.flask.application   File "/opt/stack/data/venv/lib/python3.10/site-packages/oslo_db/sqlalchemy/enginefacade.py", line 837, in _session
Feb 10 11:18:48 ubuntu devstack@keystone.service[81901]: ERROR keystone.server.flask.application     with excutils.save_and_reraise_exception():
Feb 10 11:18:48 ubuntu devstack@keystone.service[81901]: ERROR keystone.server.flask.application   File "/opt/stack/data/venv/lib/python3.10/site-packages/oslo_utils/excutils.py", line 256, in __exit__
Feb 10 11:18:48 ubuntu devstack@keystone.service[81901]: ERROR keystone.server.flask.application     self.force_reraise()
Feb 10 11:18:48 ubuntu devstack@keystone.service[81901]: ERROR keystone.server.flask.application   File "/opt/stack/data/venv/lib/python3.10/site-packages/oslo_utils/excutils.py", line 222, in force_reraise
Feb 10 11:18:48 ubuntu devstack@keystone.service[81901]: ERROR keystone.server.flask.application     raise self.value
