Mar 21 13:21:01 ubuntu devstack@keystone.service[80444]: DEBUG keystone.server.flask.request_processing.req_logging [None req-ff453025-c97d-4887-a342-7619c0000b83 None admin] PATH_INFO: `/v3/roles/admin` {{(pid=80444) log_request_info /opt/stack/keystone/keystone/server/flask/request_processing/req_logging.py:28}}
Mar 21 13:21:01 ubuntu devstack@keystone.service[80444]: DEBUG keystone.common.rbac_enforcer.enforcer [None req-ff453025-c97d-4887-a342-7619c0000b83 None admin] Extracting inferred target data resulted in "NOT FOUND (404)". {{(pid=80444) enforce_call /opt/stack/keystone/keystone/common/rbac_enforcer/enforcer.py:445}}
Mar 21 13:21:01 ubuntu devstack@keystone.service[80444]: DEBUG keystone.server.flask.application [None req-ff453025-c97d-4887-a342-7619c0000b83 None admin] Could not find role: admin. {{(pid=80444) _handle_keystone_exception /opt/stack/keystone/keystone/server/flask/application.py:152}}
Mar 21 13:21:01 ubuntu devstack@keystone.service[80444]: [pid: 80444|app: 0|req: 12/26] 10.201.5.82 () {56 vars in 1132 bytes} [Fri Mar 21 13:21:01 2025] GET /identity/v3/roles/admin => generated 83 bytes in 66 msecs (HTTP/1.1 404) 5 headers in 183 bytes (1 switches on core 0)
Mar 21 13:21:01 ubuntu devstack@keystone.service[80443]: DEBUG keystone.server.flask.request_processing.middleware.auth_context [None req-76e5aac3-845e-4c86-844f-588a2e947155 None None] Authenticating user token {{(pid=80443) process_request /opt/stack/data/venv/lib/python3.10/site-packages/keystonemiddleware/auth_token/__init__.py:406}}
Mar 21 13:21:01 ubuntu devstack@keystone.service[80444]: DEBUG keystone.server.flask.request_processing.req_logging [None req-f63ed6fd-e347-4d78-ad83-91cc64ca87ec None None] REQUEST_METHOD: `GET` {{(pid=80444) log_request_info /opt/stack/keystone/keystone/server/flask/request_processing/req_logging.py:26}}
Mar 21 13:21:01 ubuntu devstack@keystone.service[80444]: DEBUG keystone.server.flask.request_processing.req_logging [None req-f63ed6fd-e347-4d78-ad83-91cc64ca87ec None None] SCRIPT_NAME: `/identity` {{(pid=80444) log_request_info /opt/stack/keystone/keystone/server/flask/request_processing/req_logging.py:27}}
Mar 21 13:21:01 ubuntu devstack@keystone.service[80444]: DEBUG keystone.server.flask.request_processing.req_logging [None req-f63ed6fd-e347-4d78-ad83-91cc64ca87ec None None] PATH_INFO: `/` {{(pid=80444) log_request_info /opt/stack/keystone/keystone/server/flask/request_processing/req_logging.py:28}}
Mar 21 13:21:01 ubuntu devstack@keystone.service[80444]: [pid: 80444|app: 0|req: 13/27] 10.201.5.82 () {54 vars in 919 bytes} [Fri Mar 21 13:21:01 2025] GET /identity => generated 270 bytes in 2 msecs (HTTP/1.1 300) 6 headers in 234 bytes (1 switches on core 0)
Mar 21 13:21:01 ubuntu devstack@keystone.service[80444]: DEBUG keystone.server.flask.request_processing.req_logging [None req-6ad3e610-d76b-4fb6-8666-a0e63b8a50d0 None None] REQUEST_METHOD: `POST` {{(pid=80444) log_request_info /opt/stack/keystone/keystone/server/flask/request_processing/req_logging.py:26}}
Mar 21 13:21:01 ubuntu devstack@keystone.service[80444]: DEBUG keystone.server.flask.request_processing.req_logging [None req-6ad3e610-d76b-4fb6-8666-a0e63b8a50d0 None None] SCRIPT_NAME: `/identity` {{(pid=80444) log_request_info /opt/stack/keystone/keystone/server/flask/request_processing/req_logging.py:27}}
Mar 21 13:21:01 ubuntu devstack@keystone.service[80444]: DEBUG keystone.server.flask.request_processing.req_logging [None req-6ad3e610-d76b-4fb6-8666-a0e63b8a50d0 None None] PATH_INFO: `/v3/auth/tokens` {{(pid=80444) log_request_info /opt/stack/keystone/keystone/server/flask/request_processing/req_logging.py:28}}
Mar 21 13:21:01 ubuntu devstack@keystone.service[80444]: WARNING keystone.common.password_hashing [None req-6ad3e610-d76b-4fb6-8666-a0e63b8a50d0 None None] Truncating password to algorithm specific maximum length 72 characters.
Mar 21 13:21:01 ubuntu devstack@keystone.service[80444]: DEBUG keystone.auth.core [None req-6ad3e610-d76b-4fb6-8666-a0e63b8a50d0 None None] MFA Rules not processed for user `50f952d42fbf496eac15fd5ec11bd1e3`. Rule list: `[]` (Enabled: `True`). {{(pid=80444) check_auth_methods_against_rules /opt/stack/keystone/keystone/auth/core.py:476}}
Mar 21 13:21:01 ubuntu devstack@keystone.service[80444]: DEBUG keystone.common.fernet_utils [None req-6ad3e610-d76b-4fb6-8666-a0e63b8a50d0 None None] Loaded 2 Fernet keys from /etc/keystone/fernet-keys/, but `[fernet_tokens] max_active_keys = 3`; perhaps there have not been enough key rotations to reach `max_active_keys` yet? {{(pid=80444) load_keys /opt/stack/keystone/keystone/common/fernet_utils.py:297}}
Mar 21 13:21:01 ubuntu devstack@keystone.service[80443]: DEBUG keystone.server.flask.request_processing.middleware.auth_context [None req-76e5aac3-845e-4c86-844f-588a2e947155 None None] Validating token access rules against request {{(pid=80443) validate_allowed_request /opt/stack/data/venv/lib/python3.10/site-packages/keystonemiddleware/auth_token/__init__.py:544}}
Mar 21 13:21:01 ubuntu devstack@keystone.service[80443]: DEBUG keystone.server.flask.request_processing.middleware.auth_context [None req-fa758fdd-c8a7-40df-a47e-3e72b4ae0146 None admin] RBAC: auth_context: {'token': <TokenModel (audit_id=s5ppEQ5kQKyoPoRa9rlLzQ, audit_chain_id=['s5ppEQ5kQKyoPoRa9rlLzQ']) at 0x7f7fbead0970>, 'domain_id': None, 'trust_id': None, 'trustor_id': None, 'trustee_id': None, 'domain_name': None, 'group_ids': [], 'user_id': '50f952d42fbf496eac15fd5ec11bd1e3', 'user_domain_id': 'default', 'system_scope': 'all', 'project_id': None, 'project_domain_id': None, 'roles': ['admin', 'manager', 'member', 'reader'], 'is_admin_project': True, 'service_user_id': None, 'service_user_domain_id': None, 'service_project_id': None, 'service_project_domain_id': None, 'service_roles': []} {{(pid=80443) fill_context /opt/stack/keystone/keystone/server/flask/request_processing/middleware/auth_context.py:506}}
Mar 21 13:21:01 ubuntu devstack@keystone.service[80443]: DEBUG keystone.server.flask.request_processing.req_logging [None req-fa758fdd-c8a7-40df-a47e-3e72b4ae0146 None admin] REQUEST_METHOD: `GET` {{(pid=80443) log_request_info /opt/stack/keystone/keystone/server/flask/request_processing/req_logging.py:26}}
Mar 21 13:21:01 ubuntu devstack@keystone.service[80443]: DEBUG keystone.server.flask.request_processing.req_logging [None req-fa758fdd-c8a7-40df-a47e-3e72b4ae0146 None admin] SCRIPT_NAME: `/identity` {{(pid=80443) log_request_info /opt/stack/keystone/keystone/server/flask/request_processing/req_logging.py:27}}
Mar 21 13:21:01 ubuntu devstack@keystone.service[80443]: DEBUG keystone.server.flask.request_processing.req_logging [None req-fa758fdd-c8a7-40df-a47e-3e72b4ae0146 None admin] PATH_INFO: `/v3/roles` {{(pid=80443) log_request_info /opt/stack/keystone/keystone/server/flask/request_processing/req_logging.py:28}}
Mar 21 13:21:01 ubuntu devstack@keystone.service[80443]: DEBUG keystone.common.rbac_enforcer.enforcer [None req-fa758fdd-c8a7-40df-a47e-3e72b4ae0146 None admin] RBAC: Adding query filter params (name=admin) {{(pid=80443) _extract_filter_values /opt/stack/keystone/keystone/common/rbac_enforcer/enforcer.py:176}}
Mar 21 13:21:01 ubuntu devstack@keystone.service[80443]: DEBUG keystone.common.rbac_enforcer.enforcer [None req-fa758fdd-c8a7-40df-a47e-3e72b4ae0146 None admin] RBAC: Authorizing `identity:list_roles()` {{(pid=80443) enforce_call /opt/stack/keystone/keystone/common/rbac_enforcer/enforcer.py:495}}
Mar 21 13:21:01 ubuntu devstack@keystone.service[80443]: DEBUG keystone.common.rbac_enforcer.enforcer [None req-fa758fdd-c8a7-40df-a47e-3e72b4ae0146 None admin] RBAC: Authorization granted {{(pid=80443) enforce_call /opt/stack/keystone/keystone/common/rbac_enforcer/enforcer.py:506}}
Mar 21 13:21:01 ubuntu devstack@keystone.service[80443]: [pid: 80443|app: 0|req: 15/28] 10.201.5.82 () {56 vars in 1148 bytes} [Fri Mar 21 13:21:01 2025] GET /identity/v3/roles?name=admin => generated 339 bytes in 119 msecs (HTTP/1.1 200) 5 headers in 177 bytes (1 switches on core 0)
Mar 21 13:21:01 ubuntu devstack@keystone.service[80443]: DEBUG keystone.server.flask.request_processing.middleware.auth_context [None req-fa758fdd-c8a7-40df-a47e-3e72b4ae0146 None admin] Authenticating user token {{(pid=80443) process_request /opt/stack/data/venv/lib/python3.10/site-packages/keystonemiddleware/auth_token/__init__.py:406}}
Mar 21 13:21:01 ubuntu devstack@keystone.service[80444]: [pid: 80444|app: 0|req: 14/29] 10.201.5.82 () {58 vars in 1016 bytes} [Fri Mar 21 13:21:01 2025] POST /identity/v3/auth/tokens => generated 862 bytes in 92 msecs (HTTP/1.1 201) 6 headers in 363 bytes (2 switches on core 0)
Mar 21 13:21:01 ubuntu devstack@keystone.service[80444]: DEBUG keystone.server.flask.request_processing.middleware.auth_context [None req-6ad3e610-d76b-4fb6-8666-a0e63b8a50d0 None None] Authenticating user token {{(pid=80444) process_request /opt/stack/data/venv/lib/python3.10/site-packages/keystonemiddleware/auth_token/__init__.py:406}}
Mar 21 13:21:01 ubuntu devstack@keystone.service[80443]: DEBUG keystone.server.flask.request_processing.middleware.auth_context [None req-fa758fdd-c8a7-40df-a47e-3e72b4ae0146 None admin] Validating token access rules against request {{(pid=80443) validate_allowed_request /opt/stack/data/venv/lib/python3.10/site-packages/keystonemiddleware/auth_token/__init__.py:544}}
Mar 21 13:21:01 ubuntu devstack@keystone.service[80444]: DEBUG keystone.server.flask.request_processing.middleware.auth_context [None req-6ad3e610-d76b-4fb6-8666-a0e63b8a50d0 None None] Validating token access rules against request {{(pid=80444) validate_allowed_request /opt/stack/data/venv/lib/python3.10/site-packages/keystonemiddleware/auth_token/__init__.py:544}}
Mar 21 13:21:01 ubuntu devstack@keystone.service[80444]: DEBUG keystone.server.flask.request_processing.middleware.auth_context [None req-a148875e-a9e1-41be-a37f-def0c1708c49 None admin] RBAC: auth_context: {'token': <TokenModel (audit_id=O9j5B8dYR5GIaE4YuSqaHw, audit_chain_id=['O9j5B8dYR5GIaE4YuSqaHw']) at 0x7f7fbe91cdc0>, 'domain_id': None, 'trust_id': None, 'trustor_id': None, 'trustee_id': None, 'domain_name': None, 'group_ids': [], 'user_id': '50f952d42fbf496eac15fd5ec11bd1e3', 'user_domain_id': 'default', 'system_scope': 'all', 'project_id': None, 'project_domain_id': None, 'roles': ['admin', 'manager', 'member', 'reader'], 'is_admin_project': True, 'service_user_id': None, 'service_user_domain_id': None, 'service_project_id': None, 'service_project_domain_id': None, 'service_roles': []} {{(pid=80444) fill_context /opt/stack/keystone/keystone/server/flask/request_processing/middleware/auth_context.py:506}}
Mar 21 13:21:01 ubuntu devstack@keystone.service[80443]: DEBUG keystone.server.flask.request_processing.middleware.auth_context [None req-56631cd8-5aee-4e32-84ff-90de1e2cd725 None admin] RBAC: auth_context: {'token': <TokenModel (audit_id=s5ppEQ5kQKyoPoRa9rlLzQ, audit_chain_id=['s5ppEQ5kQKyoPoRa9rlLzQ']) at 0x7f7fbead3610>, 'domain_id': None, 'trust_id': None, 'trustor_id': None, 'trustee_id': None, 'domain_name': None, 'group_ids': [], 'user_id': '50f952d42fbf496eac15fd5ec11bd1e3', 'user_domain_id': 'default', 'system_scope': 'all', 'project_id': None, 'project_domain_id': None, 'roles': ['admin', 'manager', 'member', 'reader'], 'is_admin_project': True, 'service_user_id': None, 'service_user_domain_id': None, 'service_project_id': None, 'service_project_domain_id': None, 'service_roles': []} {{(pid=80443) fill_context /opt/stack/keystone/keystone/server/flask/request_processing/middleware/auth_context.py:506}}
Mar 21 13:21:01 ubuntu devstack@keystone.service[80444]: DEBUG keystone.server.flask.request_processing.req_logging [None req-a148875e-a9e1-41be-a37f-def0c1708c49 None admin] REQUEST_METHOD: `GET` {{(pid=80444) log_request_info /opt/stack/keystone/keystone/server/flask/request_processing/req_logging.py:26}}
Mar 21 13:21:01 ubuntu devstack@keystone.service[80443]: DEBUG keystone.server.flask.request_processing.req_logging [None req-56631cd8-5aee-4e32-84ff-90de1e2cd725 None admin] REQUEST_METHOD: `GET` {{(pid=80443) log_request_info /opt/stack/keystone/keystone/server/flask/request_processing/req_logging.py:26}}
Mar 21 13:21:01 ubuntu devstack@keystone.service[80443]: DEBUG keystone.server.flask.request_processing.req_logging [None req-56631cd8-5aee-4e32-84ff-90de1e2cd725 None admin] SCRIPT_NAME: `/identity` {{(pid=80443) log_request_info /opt/stack/keystone/keystone/server/flask/request_processing/req_logging.py:27}}
Mar 21 13:21:01 ubuntu devstack@keystone.service[80443]: DEBUG keystone.server.flask.request_processing.req_logging [None req-56631cd8-5aee-4e32-84ff-90de1e2cd725 None admin] PATH_INFO: `/v3/users/50f952d42fbf496eac15fd5ec11bd1e3` {{(pid=80443) log_request_info /opt/stack/keystone/keystone/server/flask/request_processing/req_logging.py:28}}
Mar 21 13:21:01 ubuntu devstack@keystone.service[80444]: DEBUG keystone.server.flask.request_processing.req_logging [None req-a148875e-a9e1-41be-a37f-def0c1708c49 None admin] SCRIPT_NAME: `/identity` {{(pid=80444) log_request_info /opt/stack/keystone/keystone/server/flask/request_processing/req_logging.py:27}}
Mar 21 13:21:01 ubuntu devstack@keystone.service[80444]: DEBUG keystone.server.flask.request_processing.req_logging [None req-a148875e-a9e1-41be-a37f-def0c1708c49 None admin] PATH_INFO: `/v3/domains/Default` {{(pid=80444) log_request_info /opt/stack/keystone/keystone/server/flask/request_processing/req_logging.py:28}}
Mar 21 13:21:01 ubuntu devstack@keystone.service[80443]: DEBUG keystone.common.rbac_enforcer.enforcer [None req-56631cd8-5aee-4e32-84ff-90de1e2cd725 None admin] RBAC: Authorizing `identity:get_user(user_id=50f952d42fbf496eac15fd5ec11bd1e3)` {{(pid=80443) enforce_call /opt/stack/keystone/keystone/common/rbac_enforcer/enforcer.py:495}}
Mar 21 13:21:01 ubuntu devstack@keystone.service[80443]: DEBUG keystone.common.rbac_enforcer.enforcer [None req-56631cd8-5aee-4e32-84ff-90de1e2cd725 None admin] RBAC: Authorization granted {{(pid=80443) enforce_call /opt/stack/keystone/keystone/common/rbac_enforcer/enforcer.py:506}}
Mar 21 13:21:01 ubuntu devstack@keystone.service[80443]: [pid: 80443|app: 0|req: 16/30] 10.201.5.82 () {56 vars in 1213 bytes} [Fri Mar 21 13:21:01 2025] GET /identity/v3/users/50f952d42fbf496eac15fd5ec11bd1e3 => generated 247 bytes in 97 msecs (HTTP/1.1 200) 5 headers in 177 bytes (1 switches on core 0)
Mar 21 13:21:01 ubuntu devstack@keystone.service[80443]: DEBUG keystone.server.flask.request_processing.middleware.auth_context [None req-56631cd8-5aee-4e32-84ff-90de1e2cd725 None admin] Authenticating user token {{(pid=80443) process_request /opt/stack/data/venv/lib/python3.10/site-packages/keystonemiddleware/auth_token/__init__.py:406}}
Mar 21 13:21:01 ubuntu devstack@keystone.service[80444]: DEBUG keystone.common.rbac_enforcer.enforcer [None req-a148875e-a9e1-41be-a37f-def0c1708c49 None admin] RBAC: Authorizing `identity:get_domain(domain_id=Default)` {{(pid=80444) enforce_call /opt/stack/keystone/keystone/common/rbac_enforcer/enforcer.py:495}}
Mar 21 13:21:01 ubuntu devstack@keystone.service[80444]: DEBUG keystone.common.rbac_enforcer.enforcer [None req-a148875e-a9e1-41be-a37f-def0c1708c49 None admin] RBAC: Authorization granted {{(pid=80444) enforce_call /opt/stack/keystone/keystone/common/rbac_enforcer/enforcer.py:506}}
Mar 21 13:21:01 ubuntu devstack@keystone.service[80444]: DEBUG keystone.server.flask.application [None req-a148875e-a9e1-41be-a37f-def0c1708c49 None admin] Could not find domain: Default. {{(pid=80444) _handle_keystone_exception /opt/stack/keystone/keystone/server/flask/application.py:152}}
Mar 21 13:21:01 ubuntu devstack@keystone.service[80444]: [pid: 80444|app: 0|req: 15/31] 10.201.5.82 () {56 vars in 1100 bytes} [Fri Mar 21 13:21:01 2025] GET /identity/v3/domains/Default => generated 87 bytes in 99 msecs (HTTP/1.1 404) 5 headers in 183 bytes (1 switches on core 0)
Mar 21 13:21:01 ubuntu devstack@keystone.service[80444]: DEBUG keystone.server.flask.request_processing.req_logging [None req-fdeb1069-4a3e-4a67-b815-2adbc0d733a0 None None] REQUEST_METHOD: `GET` {{(pid=80444) log_request_info /opt/stack/keystone/keystone/server/flask/request_processing/req_logging.py:26}}
Mar 21 13:21:01 ubuntu devstack@keystone.service[80444]: DEBUG keystone.server.flask.request_processing.req_logging [None req-fdeb1069-4a3e-4a67-b815-2adbc0d733a0 None None] SCRIPT_NAME: `/identity` {{(pid=80444) log_request_info /opt/stack/keystone/keystone/server/flask/request_processing/req_logging.py:27}}
Mar 21 13:21:01 ubuntu devstack@keystone.service[80444]: DEBUG keystone.server.flask.request_processing.req_logging [None req-fdeb1069-4a3e-4a67-b815-2adbc0d733a0 None None] PATH_INFO: `/` {{(pid=80444) log_request_info /opt/stack/keystone/keystone/server/flask/request_processing/req_logging.py:28}}
Mar 21 13:21:01 ubuntu devstack@keystone.service[80444]: [pid: 80444|app: 0|req: 16/32] 10.201.5.82 () {54 vars in 919 bytes} [Fri Mar 21 13:21:01 2025] GET /identity => generated 270 bytes in 1 msecs (HTTP/1.1 300) 6 headers in 234 bytes (1 switches on core 0)
Mar 21 13:21:01 ubuntu devstack@keystone.service[80444]: DEBUG keystone.server.flask.request_processing.middleware.auth_context [None req-fdeb1069-4a3e-4a67-b815-2adbc0d733a0 None None] Authenticating user token {{(pid=80444) process_request /opt/stack/data/venv/lib/python3.10/site-packages/keystonemiddleware/auth_token/__init__.py:406}}
Mar 21 13:21:01 ubuntu devstack@keystone.service[80443]: DEBUG keystone.server.flask.request_processing.middleware.auth_context [None req-56631cd8-5aee-4e32-84ff-90de1e2cd725 None admin] Validating token access rules against request {{(pid=80443) validate_allowed_request /opt/stack/data/venv/lib/python3.10/site-packages/keystonemiddleware/auth_token/__init__.py:544}}
Mar 21 13:21:01 ubuntu devstack@keystone.service[80444]: DEBUG keystone.server.flask.request_processing.middleware.auth_context [None req-fdeb1069-4a3e-4a67-b815-2adbc0d733a0 None None] Validating token access rules against request {{(pid=80444) validate_allowed_request /opt/stack/data/venv/lib/python3.10/site-packages/keystonemiddleware/auth_token/__init__.py:544}}
Mar 21 13:21:01 ubuntu devstack@keystone.service[80443]: DEBUG keystone.server.flask.request_processing.middleware.auth_context [None req-489e6b0d-6fb9-40c5-8a1d-42251e998d72 None admin] RBAC: auth_context: {'token': <TokenModel (audit_id=s5ppEQ5kQKyoPoRa9rlLzQ, audit_chain_id=['s5ppEQ5kQKyoPoRa9rlLzQ']) at 0x7f7fbead3520>, 'domain_id': None, 'trust_id': None, 'trustor_id': None, 'trustee_id': None, 'domain_name': None, 'group_ids': [], 'user_id': '50f952d42fbf496eac15fd5ec11bd1e3', 'user_domain_id': 'default', 'system_scope': 'all', 'project_id': None, 'project_domain_id': None, 'roles': ['admin', 'manager', 'member', 'reader'], 'is_admin_project': True, 'service_user_id': None, 'service_user_domain_id': None, 'service_project_id': None, 'service_project_domain_id': None, 'service_roles': []} {{(pid=80443) fill_context /opt/stack/keystone/keystone/server/flask/request_processing/middleware/auth_context.py:506}}
Mar 21 13:21:01 ubuntu devstack@keystone.service[80443]: DEBUG keystone.server.flask.request_processing.req_logging [None req-489e6b0d-6fb9-40c5-8a1d-42251e998d72 None admin] REQUEST_METHOD: `GET` {{(pid=80443) log_request_info /opt/stack/keystone/keystone/server/flask/request_processing/req_logging.py:26}}
Mar 21 13:21:01 ubuntu devstack@keystone.service[80443]: DEBUG keystone.server.flask.request_processing.req_logging [None req-489e6b0d-6fb9-40c5-8a1d-42251e998d72 None admin] SCRIPT_NAME: `/identity` {{(pid=80443) log_request_info /opt/stack/keystone/keystone/server/flask/request_processing/req_logging.py:27}}
Mar 21 13:21:01 ubuntu devstack@keystone.service[80443]: DEBUG keystone.server.flask.request_processing.req_logging [None req-489e6b0d-6fb9-40c5-8a1d-42251e998d72 None admin] PATH_INFO: `/v3/domains/default` {{(pid=80443) log_request_info /opt/stack/keystone/keystone/server/flask/request_processing/req_logging.py:28}}
Mar 21 13:21:01 ubuntu devstack@keystone.service[80443]: DEBUG keystone.common.rbac_enforcer.enforcer [None req-489e6b0d-6fb9-40c5-8a1d-42251e998d72 None admin] RBAC: Authorizing `identity:get_domain(domain_id=default)` {{(pid=80443) enforce_call /opt/stack/keystone/keystone/common/rbac_enforcer/enforcer.py:495}}
Mar 21 13:21:01 ubuntu devstack@keystone.service[80443]: DEBUG keystone.common.rbac_enforcer.enforcer [None req-489e6b0d-6fb9-40c5-8a1d-42251e998d72 None admin] RBAC: Authorization granted {{(pid=80443) enforce_call /opt/stack/keystone/keystone/common/rbac_enforcer/enforcer.py:506}}
Mar 21 13:21:01 ubuntu devstack@keystone.service[80443]: [pid: 80443|app: 0|req: 17/33] 10.201.5.82 () {56 vars in 1144 bytes} [Fri Mar 21 13:21:01 2025] GET /identity/v3/domains/default => generated 199 bytes in 56 msecs (HTTP/1.1 200) 5 headers in 177 bytes (1 switches on core 0)
Mar 21 13:21:01 ubuntu devstack@keystone.service[80443]: DEBUG keystone.server.flask.request_processing.req_logging [None req-af29cba7-9da3-4c5b-a3cf-d29bc293acfc None None] REQUEST_METHOD: `POST` {{(pid=80443) log_request_info /opt/stack/keystone/keystone/server/flask/request_processing/req_logging.py:26}}
Mar 21 13:21:01 ubuntu devstack@keystone.service[80443]: DEBUG keystone.server.flask.request_processing.req_logging [None req-af29cba7-9da3-4c5b-a3cf-d29bc293acfc None None] SCRIPT_NAME: `/identity` {{(pid=80443) log_request_info /opt/stack/keystone/keystone/server/flask/request_processing/req_logging.py:27}}
Mar 21 13:21:01 ubuntu devstack@keystone.service[80443]: DEBUG keystone.server.flask.request_processing.req_logging [None req-af29cba7-9da3-4c5b-a3cf-d29bc293acfc None None] PATH_INFO: `/v3/auth/tokens` {{(pid=80443) log_request_info /opt/stack/keystone/keystone/server/flask/request_processing/req_logging.py:28}}
Mar 21 13:21:01 ubuntu devstack@keystone.service[80444]: DEBUG keystone.server.flask.request_processing.middleware.auth_context [None req-2788d1f4-0e30-4a5f-a74f-47cb16112006 None admin] RBAC: auth_context: {'token': <TokenModel (audit_id=O9j5B8dYR5GIaE4YuSqaHw, audit_chain_id=['O9j5B8dYR5GIaE4YuSqaHw']) at 0x7f7fbec41660>, 'domain_id': None, 'trust_id': None, 'trustor_id': None, 'trustee_id': None, 'domain_name': None, 'group_ids': [], 'user_id': '50f952d42fbf496eac15fd5ec11bd1e3', 'user_domain_id': 'default', 'system_scope': 'all', 'project_id': None, 'project_domain_id': None, 'roles': ['admin', 'manager', 'member', 'reader'], 'is_admin_project': True, 'service_user_id': None, 'service_user_domain_id': None, 'service_project_id': None, 'service_project_domain_id': None, 'service_roles': []} {{(pid=80444) fill_context /opt/stack/keystone/keystone/server/flask/request_processing/middleware/auth_context.py:506}}
Mar 21 13:21:01 ubuntu devstack@keystone.service[80444]: DEBUG keystone.server.flask.request_processing.req_logging [None req-2788d1f4-0e30-4a5f-a74f-47cb16112006 None admin] REQUEST_METHOD: `GET` {{(pid=80444) log_request_info /opt/stack/keystone/keystone/server/flask/request_processing/req_logging.py:26}}
Mar 21 13:21:01 ubuntu devstack@keystone.service[80444]: DEBUG keystone.server.flask.request_processing.req_logging [None req-2788d1f4-0e30-4a5f-a74f-47cb16112006 None admin] SCRIPT_NAME: `/identity` {{(pid=80444) log_request_info /opt/stack/keystone/keystone/server/flask/request_processing/req_logging.py:27}}
Mar 21 13:21:01 ubuntu devstack@keystone.service[80444]: DEBUG keystone.server.flask.request_processing.req_logging [None req-2788d1f4-0e30-4a5f-a74f-47cb16112006 None admin] PATH_INFO: `/v3/domains` {{(pid=80444) log_request_info /opt/stack/keystone/keystone/server/flask/request_processing/req_logging.py:28}}
Mar 21 13:21:01 ubuntu devstack@keystone.service[80443]: WARNING keystone.common.password_hashing [None req-af29cba7-9da3-4c5b-a3cf-d29bc293acfc None None] Truncating password to algorithm specific maximum length 72 characters.
Mar 21 13:21:01 ubuntu devstack@keystone.service[80444]: DEBUG keystone.common.rbac_enforcer.enforcer [None req-2788d1f4-0e30-4a5f-a74f-47cb16112006 None admin] RBAC: Adding query filter params (name=Default) {{(pid=80444) _extract_filter_values /opt/stack/keystone/keystone/common/rbac_enforcer/enforcer.py:176}}
Mar 21 13:21:01 ubuntu devstack@keystone.service[80444]: DEBUG keystone.common.rbac_enforcer.enforcer [None req-2788d1f4-0e30-4a5f-a74f-47cb16112006 None admin] RBAC: Authorizing `identity:list_domains()` {{(pid=80444) enforce_call /opt/stack/keystone/keystone/common/rbac_enforcer/enforcer.py:495}}
Mar 21 13:21:01 ubuntu devstack@keystone.service[80444]: DEBUG keystone.common.rbac_enforcer.enforcer [None req-2788d1f4-0e30-4a5f-a74f-47cb16112006 None admin] RBAC: Authorization granted {{(pid=80444) enforce_call /opt/stack/keystone/keystone/common/rbac_enforcer/enforcer.py:506}}
Mar 21 13:21:01 ubuntu devstack@keystone.service[80443]: DEBUG keystone.auth.core [None req-af29cba7-9da3-4c5b-a3cf-d29bc293acfc None None] MFA Rules not processed for user `50f952d42fbf496eac15fd5ec11bd1e3`. Rule list: `[]` (Enabled: `True`). {{(pid=80443) check_auth_methods_against_rules /opt/stack/keystone/keystone/auth/core.py:476}}
Mar 21 13:21:01 ubuntu devstack@keystone.service[80443]: DEBUG keystone.common.fernet_utils [None req-af29cba7-9da3-4c5b-a3cf-d29bc293acfc None None] Loaded 2 Fernet keys from /etc/keystone/fernet-keys/, but `[fernet_tokens] max_active_keys = 3`; perhaps there have not been enough key rotations to reach `max_active_keys` yet? {{(pid=80443) load_keys /opt/stack/keystone/keystone/common/fernet_utils.py:297}}
Mar 21 13:21:01 ubuntu devstack@keystone.service[80444]: [pid: 80444|app: 0|req: 17/34] 10.201.5.82 () {56 vars in 1101 bytes} [Fri Mar 21 13:21:01 2025] GET /identity/v3/domains?name=Default => generated 308 bytes in 70 msecs (HTTP/1.1 200) 5 headers in 177 bytes (2 switches on core 0)
Mar 21 13:21:01 ubuntu devstack@keystone.service[80444]: DEBUG keystone.server.flask.request_processing.middleware.auth_context [None req-2788d1f4-0e30-4a5f-a74f-47cb16112006 None admin] Authenticating user token {{(pid=80444) process_request /opt/stack/data/venv/lib/python3.10/site-packages/keystonemiddleware/auth_token/__init__.py:406}}
Mar 21 13:21:01 ubuntu devstack@keystone.service[80443]: [pid: 80443|app: 0|req: 18/35] 10.201.5.82 () {58 vars in 1016 bytes} [Fri Mar 21 13:21:01 2025] POST /identity/v3/auth/tokens => generated 862 bytes in 50 msecs (HTTP/1.1 201) 6 headers in 363 bytes (1 switches on core 0)
Mar 21 13:21:01 ubuntu devstack@keystone.service[80443]: DEBUG keystone.server.flask.request_processing.middleware.auth_context [None req-af29cba7-9da3-4c5b-a3cf-d29bc293acfc None None] Authenticating user token {{(pid=80443) process_request /opt/stack/data/venv/lib/python3.10/site-packages/keystonemiddleware/auth_token/__init__.py:406}}
Mar 21 13:21:01 ubuntu devstack@keystone.service[80444]: DEBUG keystone.server.flask.request_processing.middleware.auth_context [None req-2788d1f4-0e30-4a5f-a74f-47cb16112006 None admin] Validating token access rules against request {{(pid=80444) validate_allowed_request /opt/stack/data/venv/lib/python3.10/site-packages/keystonemiddleware/auth_token/__init__.py:544}}
Mar 21 13:21:01 ubuntu devstack@keystone.service[80443]: DEBUG keystone.server.flask.request_processing.middleware.auth_context [None req-af29cba7-9da3-4c5b-a3cf-d29bc293acfc None None] Validating token access rules against request {{(pid=80443) validate_allowed_request /opt/stack/data/venv/lib/python3.10/site-packages/keystonemiddleware/auth_token/__init__.py:544}}
Mar 21 13:21:01 ubuntu devstack@keystone.service[80444]: DEBUG keystone.server.flask.request_processing.middleware.auth_context [None req-0c9155eb-0803-4f5c-9d62-0d3a571f3413 None admin] RBAC: auth_context: {'token': <TokenModel (audit_id=s5ppEQ5kQKyoPoRa9rlLzQ, audit_chain_id=['s5ppEQ5kQKyoPoRa9rlLzQ']) at 0x7f7fbec42b60>, 'domain_id': None, 'trust_id': None, 'trustor_id': None, 'trustee_id': None, 'domain_name': None, 'group_ids': [], 'user_id': '50f952d42fbf496eac15fd5ec11bd1e3', 'user_domain_id': 'default', 'system_scope': 'all', 'project_id': None, 'project_domain_id': None, 'roles': ['admin', 'manager', 'member', 'reader'], 'is_admin_project': True, 'service_user_id': None, 'service_user_domain_id': None, 'service_project_id': None, 'service_project_domain_id': None, 'service_roles': []} {{(pid=80444) fill_context /opt/stack/keystone/keystone/server/flask/request_processing/middleware/auth_context.py:506}}
Mar 21 13:21:01 ubuntu devstack@keystone.service[80444]: DEBUG keystone.server.flask.request_processing.req_logging [None req-0c9155eb-0803-4f5c-9d62-0d3a571f3413 None admin] REQUEST_METHOD: `GET` {{(pid=80444) log_request_info /opt/stack/keystone/keystone/server/flask/request_processing/req_logging.py:26}}
Mar 21 13:21:01 ubuntu devstack@keystone.service[80444]: DEBUG keystone.server.flask.request_processing.req_logging [None req-0c9155eb-0803-4f5c-9d62-0d3a571f3413 None admin] SCRIPT_NAME: `/identity` {{(pid=80444) log_request_info /opt/stack/keystone/keystone/server/flask/request_processing/req_logging.py:27}}
Mar 21 13:21:01 ubuntu devstack@keystone.service[80444]: DEBUG keystone.server.flask.request_processing.req_logging [None req-0c9155eb-0803-4f5c-9d62-0d3a571f3413 None admin] PATH_INFO: `/v3/role_assignments` {{(pid=80444) log_request_info /opt/stack/keystone/keystone/server/flask/request_processing/req_logging.py:28}}
Mar 21 13:21:01 ubuntu devstack@keystone.service[80444]: DEBUG keystone.common.rbac_enforcer.enforcer [None req-0c9155eb-0803-4f5c-9d62-0d3a571f3413 None admin] RBAC: Adding query filter params (role.id=0e59ea457c584a39b71152d0c602e450, scope.domain.id=default, user.id=50f952d42fbf496eac15fd5ec11bd1e3) {{(pid=80444) _extract_filter_values /opt/stack/keystone/keystone/common/rbac_enforcer/enforcer.py:176}}
Mar 21 13:21:01 ubuntu devstack@keystone.service[80444]: DEBUG keystone.common.rbac_enforcer.enforcer [None req-0c9155eb-0803-4f5c-9d62-0d3a571f3413 None admin] RBAC: Authorizing `identity:list_role_assignments()` {{(pid=80444) enforce_call /opt/stack/keystone/keystone/common/rbac_enforcer/enforcer.py:495}}
Mar 21 13:21:01 ubuntu devstack@keystone.service[80444]: DEBUG keystone.common.rbac_enforcer.enforcer [None req-0c9155eb-0803-4f5c-9d62-0d3a571f3413 None admin] RBAC: Authorization granted {{(pid=80444) enforce_call /opt/stack/keystone/keystone/common/rbac_enforcer/enforcer.py:506}}
Mar 21 13:21:01 ubuntu devstack@keystone.service[80443]: DEBUG keystone.server.flask.request_processing.middleware.auth_context [None req-16239303-f3ac-47df-ba48-65ef8de2bd1d None admin] RBAC: auth_context: {'token': <TokenModel (audit_id=O9j5B8dYR5GIaE4YuSqaHw, audit_chain_id=['O9j5B8dYR5GIaE4YuSqaHw']) at 0x7f7fbead2890>, 'domain_id': None, 'trust_id': None, 'trustor_id': None, 'trustee_id': None, 'domain_name': None, 'group_ids': [], 'user_id': '50f952d42fbf496eac15fd5ec11bd1e3', 'user_domain_id': 'default', 'system_scope': 'all', 'project_id': None, 'project_domain_id': None, 'roles': ['admin', 'manager', 'member', 'reader'], 'is_admin_project': True, 'service_user_id': None, 'service_user_domain_id': None, 'service_project_id': None, 'service_project_domain_id': None, 'service_roles': []} {{(pid=80443) fill_context /opt/stack/keystone/keystone/server/flask/request_processing/middleware/auth_context.py:506}}
Mar 21 13:21:01 ubuntu devstack@keystone.service[80443]: DEBUG keystone.server.flask.request_processing.req_logging [None req-16239303-f3ac-47df-ba48-65ef8de2bd1d None admin] REQUEST_METHOD: `POST` {{(pid=80443) log_request_info /opt/stack/keystone/keystone/server/flask/request_processing/req_logging.py:26}}
Mar 21 13:21:01 ubuntu devstack@keystone.service[80443]: DEBUG keystone.server.flask.request_processing.req_logging [None req-16239303-f3ac-47df-ba48-65ef8de2bd1d None admin] SCRIPT_NAME: `/identity` {{(pid=80443) log_request_info /opt/stack/keystone/keystone/server/flask/request_processing/req_logging.py:27}}
Mar 21 13:21:01 ubuntu devstack@keystone.service[80443]: DEBUG keystone.server.flask.request_processing.req_logging [None req-16239303-f3ac-47df-ba48-65ef8de2bd1d None admin] PATH_INFO: `/v3/projects` {{(pid=80443) log_request_info /opt/stack/keystone/keystone/server/flask/request_processing/req_logging.py:28}}
Mar 21 13:21:01 ubuntu devstack@keystone.service[80444]: [pid: 80444|app: 0|req: 18/36] 10.201.5.82 () {56 vars in 1371 bytes} [Fri Mar 21 13:21:01 2025] GET /identity/v3/role_assignments?role.id=0e59ea457c584a39b71152d0c602e450&scope.domain.id=default&user.id=50f952d42fbf496eac15fd5ec11bd1e3 => generated 530 bytes in 78 msecs (HTTP/1.1 200) 5 headers in 177 bytes (1 switches on core 0)
Mar 21 13:21:01 ubuntu devstack@keystone.service[80443]: DEBUG keystone.common.rbac_enforcer.enforcer [None req-16239303-f3ac-47df-ba48-65ef8de2bd1d None admin] RBAC: Authorizing `identity:create_project()` {{(pid=80443) enforce_call /opt/stack/keystone/keystone/common/rbac_enforcer/enforcer.py:495}}
Mar 21 13:21:01 ubuntu devstack@keystone.service[80444]: DEBUG keystone.server.flask.request_processing.middleware.auth_context [None req-0c9155eb-0803-4f5c-9d62-0d3a571f3413 None admin] Authenticating user token {{(pid=80444) process_request /opt/stack/data/venv/lib/python3.10/site-packages/keystonemiddleware/auth_token/__init__.py:406}}
Mar 21 13:21:01 ubuntu devstack@keystone.service[80443]: DEBUG keystone.common.rbac_enforcer.enforcer [None req-16239303-f3ac-47df-ba48-65ef8de2bd1d None admin] RBAC: Authorization granted {{(pid=80443) enforce_call /opt/stack/keystone/keystone/common/rbac_enforcer/enforcer.py:506}}
Mar 21 13:21:01 ubuntu devstack@keystone.service[80443]: [pid: 80443|app: 0|req: 19/37] 10.201.5.82 () {60 vars in 1133 bytes} [Fri Mar 21 13:21:01 2025] POST /identity/v3/projects => generated 301 bytes in 73 msecs (HTTP/1.1 201) 5 headers in 182 bytes (1 switches on core 0)
Mar 21 13:21:01 ubuntu devstack@keystone.service[80444]: DEBUG keystone.server.flask.request_processing.middleware.auth_context [None req-0c9155eb-0803-4f5c-9d62-0d3a571f3413 None admin] Validating token access rules against request {{(pid=80444) validate_allowed_request /opt/stack/data/venv/lib/python3.10/site-packages/keystonemiddleware/auth_token/__init__.py:544}}
Mar 21 13:21:01 ubuntu devstack@keystone.service[80444]: DEBUG keystone.server.flask.request_processing.middleware.auth_context [None req-9fcb49d3-5b06-41b5-8e66-381eb27ed275 None admin] RBAC: auth_context: {'token': <TokenModel (audit_id=WOEw9RJiSz6fOTHnI9WL6Q, audit_chain_id=['WOEw9RJiSz6fOTHnI9WL6Q']) at 0x7f7fbec41750>, 'domain_id': None, 'trust_id': None, 'trustor_id': None, 'trustee_id': None, 'domain_name': None, 'group_ids': [], 'user_id': '50f952d42fbf496eac15fd5ec11bd1e3', 'user_domain_id': 'default', 'system_scope': 'all', 'project_id': None, 'project_domain_id': None, 'roles': ['admin', 'manager', 'member', 'reader'], 'is_admin_project': True, 'service_user_id': None, 'service_user_domain_id': None, 'service_project_id': None, 'service_project_domain_id': None, 'service_roles': []} {{(pid=80444) fill_context /opt/stack/keystone/keystone/server/flask/request_processing/middleware/auth_context.py:506}}
Mar 21 13:21:01 ubuntu devstack@keystone.service[80444]: DEBUG keystone.server.flask.request_processing.req_logging [None req-9fcb49d3-5b06-41b5-8e66-381eb27ed275 None admin] REQUEST_METHOD: `POST` {{(pid=80444) log_request_info /opt/stack/keystone/keystone/server/flask/request_processing/req_logging.py:26}}
Mar 21 13:21:01 ubuntu devstack@keystone.service[80444]: DEBUG keystone.server.flask.request_processing.req_logging [None req-9fcb49d3-5b06-41b5-8e66-381eb27ed275 None admin] SCRIPT_NAME: `/identity` {{(pid=80444) log_request_info /opt/stack/keystone/keystone/server/flask/request_processing/req_logging.py:27}}
Mar 21 13:21:01 ubuntu devstack@keystone.service[80444]: DEBUG keystone.server.flask.request_processing.req_logging [None req-9fcb49d3-5b06-41b5-8e66-381eb27ed275 None admin] PATH_INFO: `/v3/roles` {{(pid=80444) log_request_info /opt/stack/keystone/keystone/server/flask/request_processing/req_logging.py:28}}
Mar 21 13:21:01 ubuntu devstack@keystone.service[80444]: DEBUG keystone.common.rbac_enforcer.enforcer [None req-9fcb49d3-5b06-41b5-8e66-381eb27ed275 None admin] RBAC: Authorizing `identity:create_role()` {{(pid=80444) enforce_call /opt/stack/keystone/keystone/common/rbac_enforcer/enforcer.py:495}}
Mar 21 13:21:01 ubuntu devstack@keystone.service[80444]: DEBUG keystone.common.rbac_enforcer.enforcer [None req-9fcb49d3-5b06-41b5-8e66-381eb27ed275 None admin] RBAC: Authorization granted {{(pid=80444) enforce_call /opt/stack/keystone/keystone/common/rbac_enforcer/enforcer.py:506}}
Mar 21 13:21:01 ubuntu devstack@keystone.service[80444]: DEBUG keystone.common.sql.core [None req-9fcb49d3-5b06-41b5-8e66-381eb27ed275 None admin] Conflict role: (pymysql.err.IntegrityError) (1062, "Duplicate entry 'service-<<null>>' for key 'role.ixu_role_name_domain_id'")
Mar 21 13:21:01 ubuntu devstack@keystone.service[80444]: [SQL: INSERT INTO `role` (id, name, description, extra) VALUES (%(id)s, %(name)s, %(description)s, %(extra)s)]
Mar 21 13:21:01 ubuntu devstack@keystone.service[80444]: [parameters: {'id': 'b65d08f755d2415081a3586b9d985a3a', 'name': 'service', 'description': None, 'extra': '{}'}]
Mar 21 13:21:01 ubuntu devstack@keystone.service[80444]: (Background on this error at: https://sqlalche.me/e/20/gkpj) {{(pid=80444) wrapper /opt/stack/keystone/keystone/common/sql/core.py:580}}
Mar 21 13:21:01 ubuntu devstack@keystone.service[80444]: ERROR keystone.server.flask.application [None req-9fcb49d3-5b06-41b5-8e66-381eb27ed275 None admin] Conflict occurred attempting to store role - Duplicate entry found with name service.: keystone.exception.Conflict: Conflict occurred attempting to store role - Duplicate entry found with name service.
Mar 21 13:21:01 ubuntu devstack@keystone.service[80444]: ERROR keystone.server.flask.application Traceback (most recent call last):
Mar 21 13:21:01 ubuntu devstack@keystone.service[80444]: ERROR keystone.server.flask.application   File "/opt/stack/data/venv/lib/python3.10/site-packages/sqlalchemy/engine/base.py", line 1964, in _exec_single_context
Mar 21 13:21:01 ubuntu devstack@keystone.service[80444]: ERROR keystone.server.flask.application     self.dialect.do_execute(
Mar 21 13:21:01 ubuntu devstack@keystone.service[80444]: ERROR keystone.server.flask.application   File "/opt/stack/data/venv/lib/python3.10/site-packages/sqlalchemy/engine/default.py", line 942, in do_execute
Mar 21 13:21:01 ubuntu devstack@keystone.service[80444]: ERROR keystone.server.flask.application     cursor.execute(statement, parameters)
Mar 21 13:21:01 ubuntu devstack@keystone.service[80444]: ERROR keystone.server.flask.application   File "/opt/stack/data/venv/lib/python3.10/site-packages/pymysql/cursors.py", line 153, in execute
Mar 21 13:21:01 ubuntu devstack@keystone.service[80444]: ERROR keystone.server.flask.application     result = self._query(query)
Mar 21 13:21:01 ubuntu devstack@keystone.service[80444]: ERROR keystone.server.flask.application   File "/opt/stack/data/venv/lib/python3.10/site-packages/pymysql/cursors.py", line 322, in _query
Mar 21 13:21:01 ubuntu devstack@keystone.service[80444]: ERROR keystone.server.flask.application     conn.query(q)
Mar 21 13:21:01 ubuntu devstack@keystone.service[80444]: ERROR keystone.server.flask.application   File "/opt/stack/data/venv/lib/python3.10/site-packages/pymysql/connections.py", line 563, in query
Mar 21 13:21:01 ubuntu devstack@keystone.service[80444]: ERROR keystone.server.flask.application     self._affected_rows = self._read_query_result(unbuffered=unbuffered)
Mar 21 13:21:01 ubuntu devstack@keystone.service[80444]: ERROR keystone.server.flask.application   File "/opt/stack/data/venv/lib/python3.10/site-packages/pymysql/connections.py", line 825, in _read_query_result
Mar 21 13:21:01 ubuntu devstack@keystone.service[80444]: ERROR keystone.server.flask.application     result.read()
Mar 21 13:21:01 ubuntu devstack@keystone.service[80444]: ERROR keystone.server.flask.application   File "/opt/stack/data/venv/lib/python3.10/site-packages/pymysql/connections.py", line 1199, in read
Mar 21 13:21:01 ubuntu devstack@keystone.service[80444]: ERROR keystone.server.flask.application     first_packet = self.connection._read_packet()
Mar 21 13:21:01 ubuntu devstack@keystone.service[80444]: ERROR keystone.server.flask.application   File "/opt/stack/data/venv/lib/python3.10/site-packages/pymysql/connections.py", line 775, in _read_packet
Mar 21 13:21:01 ubuntu devstack@keystone.service[80444]: ERROR keystone.server.flask.application     packet.raise_for_error()
Mar 21 13:21:01 ubuntu devstack@keystone.service[80444]: ERROR keystone.server.flask.application   File "/opt/stack/data/venv/lib/python3.10/site-packages/pymysql/protocol.py", line 219, in raise_for_error
Mar 21 13:21:01 ubuntu devstack@keystone.service[80444]: ERROR keystone.server.flask.application     err.raise_mysql_exception(self._data)
Mar 21 13:21:01 ubuntu devstack@keystone.service[80444]: ERROR keystone.server.flask.application   File "/opt/stack/data/venv/lib/python3.10/site-packages/pymysql/err.py", line 150, in raise_mysql_exception
Mar 21 13:21:01 ubuntu devstack@keystone.service[80444]: ERROR keystone.server.flask.application     raise errorclass(errno, errval)
Mar 21 13:21:01 ubuntu devstack@keystone.service[80444]: ERROR keystone.server.flask.application pymysql.err.IntegrityError: (1062, "Duplicate entry 'service-<<null>>' for key 'role.ixu_role_name_domain_id'")
Mar 21 13:21:01 ubuntu devstack@keystone.service[80444]: ERROR keystone.server.flask.application 
Mar 21 13:21:01 ubuntu devstack@keystone.service[80444]: ERROR keystone.server.flask.application The above exception was the direct cause of the following exception:
Mar 21 13:21:01 ubuntu devstack@keystone.service[80444]: ERROR keystone.server.flask.application 
Mar 21 13:21:01 ubuntu devstack@keystone.service[80444]: ERROR keystone.server.flask.application Traceback (most recent call last):
Mar 21 13:21:01 ubuntu devstack@keystone.service[80444]: ERROR keystone.server.flask.application   File "/opt/stack/keystone/keystone/common/sql/core.py", line 575, in wrapper
Mar 21 13:21:01 ubuntu devstack@keystone.service[80444]: ERROR keystone.server.flask.application     return method(*args, **kwargs)
Mar 21 13:21:01 ubuntu devstack@keystone.service[80444]: ERROR keystone.server.flask.application   File "/opt/stack/keystone/keystone/assignment/role_backends/sql.py", line 25, in create_role
Mar 21 13:21:01 ubuntu devstack@keystone.service[80444]: ERROR keystone.server.flask.application     with sql.session_for_write() as session:
Mar 21 13:21:01 ubuntu devstack@keystone.service[80444]: ERROR keystone.server.flask.application   File "/usr/lib/python3.10/contextlib.py", line 142, in __exit__
Mar 21 13:21:01 ubuntu devstack@keystone.service[80444]: ERROR keystone.server.flask.application     next(self.gen)
Mar 21 13:21:01 ubuntu devstack@keystone.service[80444]: ERROR keystone.server.flask.application   File "/opt/stack/data/venv/lib/python3.10/site-packages/oslo_db/sqlalchemy/enginefacade.py", line 1199, in _transaction_scope
Mar 21 13:21:01 ubuntu devstack@keystone.service[80444]: ERROR keystone.server.flask.application     with current._produce_block(
Mar 21 13:21:01 ubuntu devstack@keystone.service[80444]: ERROR keystone.server.flask.application   File "/usr/lib/python3.10/contextlib.py", line 142, in __exit__
Mar 21 13:21:01 ubuntu devstack@keystone.service[80444]: ERROR keystone.server.flask.application     next(self.gen)
Mar 21 13:21:01 ubuntu devstack@keystone.service[80444]: ERROR keystone.server.flask.application   File "/opt/stack/data/venv/lib/python3.10/site-packages/oslo_db/sqlalchemy/enginefacade.py", line 850, in _session
Mar 21 13:21:01 ubuntu devstack@keystone.service[80444]: ERROR keystone.server.flask.application     with excutils.save_and_reraise_exception():
Mar 21 13:21:01 ubuntu devstack@keystone.service[80444]: ERROR keystone.server.flask.application   File "/opt/stack/data/venv/lib/python3.10/site-packages/oslo_utils/excutils.py", line 227, in __exit__
Mar 21 13:21:01 ubuntu devstack@keystone.service[80444]: ERROR keystone.server.flask.application     self.force_reraise()
Mar 21 13:21:01 ubuntu devstack@keystone.service[80444]: ERROR keystone.server.flask.application   File "/opt/stack/data/venv/lib/python3.10/site-packages/oslo_utils/excutils.py", line 200, in force_reraise
Mar 21 13:21:01 ubuntu devstack@keystone.service[80444]: ERROR keystone.server.flask.application     raise self.value
Mar 21 13:21:01 ubuntu devstack@keystone.service[80444]: ERROR keystone.server.flask.application   File "/opt/stack/data/venv/lib/python3.10/site-packages/oslo_db/sqlalchemy/enginefacade.py", line 848, in _session
Mar 21 13:21:01 ubuntu devstack@keystone.service[80444]: ERROR keystone.server.flask.application     self._end_session_transaction(self.session)
Mar 21 13:21:01 ubuntu devstack@keystone.service[80444]: ERROR keystone.server.flask.application   File "/opt/stack/data/venv/lib/python3.10/site-packages/oslo_db/sqlalchemy/enginefacade.py", line 761, in _end_session_transaction
Mar 21 13:21:01 ubuntu devstack@keystone.service[80444]: ERROR keystone.server.flask.application     session.commit()
Mar 21 13:21:01 ubuntu devstack@keystone.service[80444]: ERROR keystone.server.flask.application   File "/opt/stack/data/venv/lib/python3.10/site-packages/sqlalchemy/orm/session.py", line 2032, in commit
Mar 21 13:21:01 ubuntu devstack@keystone.service[80444]: ERROR keystone.server.flask.application     trans.commit(_to_root=True)
Mar 21 13:21:01 ubuntu devstack@keystone.service[80444]: ERROR keystone.server.flask.application   File "<string>", line 2, in commit
Mar 21 13:21:01 ubuntu devstack@keystone.service[80444]: ERROR keystone.server.flask.application   File "/opt/stack/data/venv/lib/python3.10/site-packages/sqlalchemy/orm/state_changes.py", line 139, in _go
Mar 21 13:21:01 ubuntu devstack@keystone.service[80444]: ERROR keystone.server.flask.application     ret_value = fn(self, *arg, **kw)
Mar 21 13:21:01 ubuntu devstack@keystone.service[80444]: ERROR keystone.server.flask.application   File "/opt/stack/data/venv/lib/python3.10/site-packages/sqlalchemy/orm/session.py", line 1313, in commit
Mar 21 13:21:01 ubuntu devstack@keystone.service[80444]: ERROR keystone.server.flask.application     self._prepare_impl()
Mar 21 13:21:01 ubuntu devstack@keystone.service[80444]: ERROR keystone.server.flask.application   File "<string>", line 2, in _prepare_impl
Mar 21 13:21:01 ubuntu devstack@keystone.service[80444]: ERROR keystone.server.flask.application   File "/opt/stack/data/venv/lib/python3.10/site-packages/sqlalchemy/orm/state_changes.py", line 139, in _go
Mar 21 13:21:01 ubuntu devstack@keystone.service[80444]: ERROR keystone.server.flask.application     ret_value = fn(self, *arg, **kw)
Mar 21 13:21:01 ubuntu devstack@keystone.service[80444]: ERROR keystone.server.flask.application   File "/opt/stack/data/venv/lib/python3.10/site-packages/sqlalchemy/orm/session.py", line 1288, in _prepare_impl
Mar 21 13:21:01 ubuntu devstack@keystone.service[80444]: ERROR keystone.server.flask.application     self.session.flush()
Mar 21 13:21:01 ubuntu devstack@keystone.service[80444]: ERROR keystone.server.flask.application   File "/opt/stack/data/venv/lib/python3.10/site-packages/sqlalchemy/orm/session.py", line 4353, in flush
Mar 21 13:21:01 ubuntu devstack@keystone.service[80444]: ERROR keystone.server.flask.application     self._flush(objects)
Mar 21 13:21:01 ubuntu devstack@keystone.service[80444]: ERROR keystone.server.flask.application   File "/opt/stack/data/venv/lib/python3.10/site-packages/sqlalchemy/orm/session.py", line 4488, in _flush
Mar 21 13:21:01 ubuntu devstack@keystone.service[80444]: ERROR keystone.server.flask.application     with util.safe_reraise():
Mar 21 13:21:01 ubuntu devstack@keystone.service[80444]: ERROR keystone.server.flask.application   File "/opt/stack/data/venv/lib/python3.10/site-packages/sqlalchemy/util/langhelpers.py", line 146, in __exit__
Mar 21 13:21:01 ubuntu devstack@keystone.service[80444]: ERROR keystone.server.flask.application     raise exc_value.with_traceback(exc_tb)
Mar 21 13:21:01 ubuntu devstack@keystone.service[80444]: ERROR keystone.server.flask.application   File "/opt/stack/data/venv/lib/python3.10/site-packages/sqlalchemy/orm/session.py", line 4449, in _flush
Mar 21 13:21:01 ubuntu devstack@keystone.service[80444]: ERROR keystone.server.flask.application     flush_context.execute()
Mar 21 13:21:01 ubuntu devstack@keystone.service[80444]: ERROR keystone.server.flask.application   File "/opt/stack/data/venv/lib/python3.10/site-packages/sqlalchemy/orm/unitofwork.py", line 466, in execute
Mar 21 13:21:01 ubuntu devstack@keystone.service[80444]: ERROR keystone.server.flask.application     rec.execute(self)
Mar 21 13:21:01 ubuntu devstack@keystone.service[80444]: ERROR keystone.server.flask.application   File "/opt/stack/data/venv/lib/python3.10/site-packages/sqlalchemy/orm/unitofwork.py", line 642, in execute
Mar 21 13:21:01 ubuntu devstack@keystone.service[80444]: ERROR keystone.server.flask.application     util.preloaded.orm_persistence.save_obj(
Mar 21 13:21:01 ubuntu devstack@keystone.service[80444]: ERROR keystone.server.flask.application   File "/opt/stack/data/venv/lib/python3.10/site-packages/sqlalchemy/orm/persistence.py", line 93, in save_obj
Mar 21 13:21:01 ubuntu devstack@keystone.service[80444]: ERROR keystone.server.flask.application     _emit_insert_statements(
Mar 21 13:21:01 ubuntu devstack@keystone.service[80444]: ERROR keystone.server.flask.application   File "/opt/stack/data/venv/lib/python3.10/site-packages/sqlalchemy/orm/persistence.py", line 1048, in _emit_insert_statements
