Aug 06 07:50:49 ubuntu devstack@keystone.service[68356]: ERROR keystone.server.flask.application   File "/opt/stack/data/venv/lib/python3.10/site-packages/sqlalchemy/orm/session.py", line 4476, in _flush
Aug 06 07:50:49 ubuntu devstack@keystone.service[68356]: ERROR keystone.server.flask.application     with util.safe_reraise():
Aug 06 07:50:49 ubuntu devstack@keystone.service[68356]: ERROR keystone.server.flask.application   File "/opt/stack/data/venv/lib/python3.10/site-packages/sqlalchemy/util/langhelpers.py", line 146, in __exit__
Aug 06 07:50:49 ubuntu devstack@keystone.service[68356]: ERROR keystone.server.flask.application     raise exc_value.with_traceback(exc_tb)
Aug 06 07:50:49 ubuntu devstack@keystone.service[68356]: ERROR keystone.server.flask.application   File "/opt/stack/data/venv/lib/python3.10/site-packages/sqlalchemy/orm/session.py", line 4437, in _flush
Aug 06 07:50:49 ubuntu devstack@keystone.service[68356]: ERROR keystone.server.flask.application     flush_context.execute()
Aug 06 07:50:49 ubuntu devstack@keystone.service[68356]: ERROR keystone.server.flask.application   File "/opt/stack/data/venv/lib/python3.10/site-packages/sqlalchemy/orm/unitofwork.py", line 466, in execute
Aug 06 07:50:49 ubuntu devstack@keystone.service[68356]: ERROR keystone.server.flask.application     rec.execute(self)
Aug 06 07:50:49 ubuntu devstack@keystone.service[68356]: ERROR keystone.server.flask.application   File "/opt/stack/data/venv/lib/python3.10/site-packages/sqlalchemy/orm/unitofwork.py", line 642, in execute
Aug 06 07:50:49 ubuntu devstack@keystone.service[68356]: ERROR keystone.server.flask.application     util.preloaded.orm_persistence.save_obj(
Aug 06 07:50:49 ubuntu devstack@keystone.service[68356]: ERROR keystone.server.flask.application   File "/opt/stack/data/venv/lib/python3.10/site-packages/sqlalchemy/orm/persistence.py", line 93, in save_obj
Aug 06 07:50:49 ubuntu devstack@keystone.service[68356]: ERROR keystone.server.flask.application     _emit_insert_statements(
Aug 06 07:50:49 ubuntu devstack@keystone.service[68356]: ERROR keystone.server.flask.application   File "/opt/stack/data/venv/lib/python3.10/site-packages/sqlalchemy/orm/persistence.py", line 1048, in _emit_insert_statements
Aug 06 07:50:49 ubuntu devstack@keystone.service[68356]: ERROR keystone.server.flask.application     result = connection.execute(
Aug 06 07:50:49 ubuntu devstack@keystone.service[68356]: ERROR keystone.server.flask.application   File "/opt/stack/data/venv/lib/python3.10/site-packages/sqlalchemy/engine/base.py", line 1418, in execute
Aug 06 07:50:49 ubuntu devstack@keystone.service[68356]: ERROR keystone.server.flask.application     return meth(
Aug 06 07:50:49 ubuntu devstack@keystone.service[68356]: ERROR keystone.server.flask.application   File "/opt/stack/data/venv/lib/python3.10/site-packages/sqlalchemy/sql/elements.py", line 515, in _execute_on_connection
Aug 06 07:50:49 ubuntu devstack@keystone.service[68356]: ERROR keystone.server.flask.application     return connection._execute_clauseelement(
Aug 06 07:50:49 ubuntu devstack@keystone.service[68356]: ERROR keystone.server.flask.application   File "/opt/stack/data/venv/lib/python3.10/site-packages/sqlalchemy/engine/base.py", line 1640, in _execute_clauseelement
Aug 06 07:50:49 ubuntu devstack@keystone.service[68356]: ERROR keystone.server.flask.application     ret = self._execute_context(
Aug 06 07:50:49 ubuntu devstack@keystone.service[68356]: ERROR keystone.server.flask.application   File "/opt/stack/data/venv/lib/python3.10/site-packages/sqlalchemy/engine/base.py", line 1846, in _execute_context
Aug 06 07:50:49 ubuntu devstack@keystone.service[68356]: ERROR keystone.server.flask.application     return self._exec_single_context(
Aug 06 07:50:49 ubuntu devstack@keystone.service[68356]: ERROR keystone.server.flask.application   File "/opt/stack/data/venv/lib/python3.10/site-packages/sqlalchemy/engine/base.py", line 1986, in _exec_single_context
Aug 06 07:50:49 ubuntu devstack@keystone.service[68356]: ERROR keystone.server.flask.application     self._handle_dbapi_exception(
Aug 06 07:50:49 ubuntu devstack@keystone.service[68356]: ERROR keystone.server.flask.application   File "/opt/stack/data/venv/lib/python3.10/site-packages/sqlalchemy/engine/base.py", line 2350, in _handle_dbapi_exception
Aug 06 07:50:49 ubuntu devstack@keystone.service[68356]: ERROR keystone.server.flask.application     raise newraise.with_traceback(exc_info[2]) from e
Aug 06 07:50:49 ubuntu devstack@keystone.service[68356]: ERROR keystone.server.flask.application   File "/opt/stack/data/venv/lib/python3.10/site-packages/sqlalchemy/engine/base.py", line 1967, in _exec_single_context
Aug 06 07:50:49 ubuntu devstack@keystone.service[68356]: ERROR keystone.server.flask.application     self.dialect.do_execute(
Aug 06 07:50:49 ubuntu devstack@keystone.service[68356]: ERROR keystone.server.flask.application   File "/opt/stack/data/venv/lib/python3.10/site-packages/sqlalchemy/engine/default.py", line 924, in do_execute
Aug 06 07:50:49 ubuntu devstack@keystone.service[68356]: ERROR keystone.server.flask.application     cursor.execute(statement, parameters)
Aug 06 07:50:49 ubuntu devstack@keystone.service[68356]: ERROR keystone.server.flask.application   File "/opt/stack/data/venv/lib/python3.10/site-packages/pymysql/cursors.py", line 153, in execute
Aug 06 07:50:49 ubuntu devstack@keystone.service[68356]: ERROR keystone.server.flask.application     result = self._query(query)
Aug 06 07:50:49 ubuntu devstack@keystone.service[68356]: ERROR keystone.server.flask.application   File "/opt/stack/data/venv/lib/python3.10/site-packages/pymysql/cursors.py", line 322, in _query
Aug 06 07:50:49 ubuntu devstack@keystone.service[68356]: ERROR keystone.server.flask.application     conn.query(q)
Aug 06 07:50:49 ubuntu devstack@keystone.service[68356]: ERROR keystone.server.flask.application   File "/opt/stack/data/venv/lib/python3.10/site-packages/pymysql/connections.py", line 563, in query
Aug 06 07:50:49 ubuntu devstack@keystone.service[68356]: ERROR keystone.server.flask.application     self._affected_rows = self._read_query_result(unbuffered=unbuffered)
Aug 06 07:50:49 ubuntu devstack@keystone.service[68356]: ERROR keystone.server.flask.application   File "/opt/stack/data/venv/lib/python3.10/site-packages/pymysql/connections.py", line 825, in _read_query_result
Aug 06 07:50:49 ubuntu devstack@keystone.service[68356]: ERROR keystone.server.flask.application     result.read()
Aug 06 07:50:49 ubuntu devstack@keystone.service[68356]: ERROR keystone.server.flask.application   File "/opt/stack/data/venv/lib/python3.10/site-packages/pymysql/connections.py", line 1199, in read
Aug 06 07:50:49 ubuntu devstack@keystone.service[68356]: ERROR keystone.server.flask.application     first_packet = self.connection._read_packet()
Aug 06 07:50:49 ubuntu devstack@keystone.service[68356]: ERROR keystone.server.flask.application   File "/opt/stack/data/venv/lib/python3.10/site-packages/pymysql/connections.py", line 775, in _read_packet
Aug 06 07:50:49 ubuntu devstack@keystone.service[68356]: ERROR keystone.server.flask.application     packet.raise_for_error()
Aug 06 07:50:49 ubuntu devstack@keystone.service[68356]: ERROR keystone.server.flask.application   File "/opt/stack/data/venv/lib/python3.10/site-packages/pymysql/protocol.py", line 219, in raise_for_error
Aug 06 07:50:49 ubuntu devstack@keystone.service[68356]: ERROR keystone.server.flask.application     err.raise_mysql_exception(self._data)
Aug 06 07:50:49 ubuntu devstack@keystone.service[68356]: ERROR keystone.server.flask.application   File "/opt/stack/data/venv/lib/python3.10/site-packages/pymysql/err.py", line 150, in raise_mysql_exception
Aug 06 07:50:49 ubuntu devstack@keystone.service[68356]: ERROR keystone.server.flask.application     raise errorclass(errno, errval)
Aug 06 07:50:49 ubuntu devstack@keystone.service[68356]: ERROR keystone.server.flask.application oslo_db.exception.DBDuplicateEntry: (pymysql.err.IntegrityError) (1062, "Duplicate entry '<<keystone.domain.root>>-Default' for key 'project.ixu_project_name_domain_id'")
Aug 06 07:50:49 ubuntu devstack@keystone.service[68356]: ERROR keystone.server.flask.application [SQL: INSERT INTO project (id, name, domain_id, description, enabled, extra, parent_id, is_domain) VALUES (%(id)s, %(name)s, %(domain_id)s, %(description)s, %(enabled)s, %(extra)s, %(parent_id)s, %(is_domain)s)]
Aug 06 07:50:49 ubuntu devstack@keystone.service[68356]: ERROR keystone.server.flask.application [parameters: {'id': '83308da828324e418720ad32468b5f12', 'name': 'Default', 'domain_id': '<<keystone.domain.root>>', 'description': '', 'enabled': 1, 'extra': '{}', 'parent_id': None, 'is_domain': 1}]
Aug 06 07:50:49 ubuntu devstack@keystone.service[68356]: ERROR keystone.server.flask.application (Background on this error at: https://sqlalche.me/e/20/gkpj)
Aug 06 07:50:49 ubuntu devstack@keystone.service[68356]: ERROR keystone.server.flask.application 
Aug 06 07:50:49 ubuntu devstack@keystone.service[68356]: ERROR keystone.server.flask.application During handling of the above exception, another exception occurred:
Aug 06 07:50:49 ubuntu devstack@keystone.service[68356]: ERROR keystone.server.flask.application 
Aug 06 07:50:49 ubuntu devstack@keystone.service[68356]: ERROR keystone.server.flask.application Traceback (most recent call last):
Aug 06 07:50:49 ubuntu devstack@keystone.service[68356]: ERROR keystone.server.flask.application   File "/opt/stack/keystone/keystone/resource/core.py", line 250, in create_project
Aug 06 07:50:49 ubuntu devstack@keystone.service[68356]: ERROR keystone.server.flask.application     ret = self.driver.create_project(project_id, project)
Aug 06 07:50:49 ubuntu devstack@keystone.service[68356]: ERROR keystone.server.flask.application   File "/opt/stack/keystone/keystone/common/sql/core.py", line 581, in wrapper
Aug 06 07:50:49 ubuntu devstack@keystone.service[68356]: ERROR keystone.server.flask.application     raise exception.Conflict(type=conflict_type, details=msg)
Aug 06 07:50:49 ubuntu devstack@keystone.service[68356]: ERROR keystone.server.flask.application keystone.exception.Conflict: Conflict occurred attempting to store project - Duplicate entry found with name Default.
Aug 06 07:50:49 ubuntu devstack@keystone.service[68356]: ERROR keystone.server.flask.application 
Aug 06 07:50:49 ubuntu devstack@keystone.service[68356]: ERROR keystone.server.flask.application During handling of the above exception, another exception occurred:
Aug 06 07:50:49 ubuntu devstack@keystone.service[68356]: ERROR keystone.server.flask.application 
Aug 06 07:50:49 ubuntu devstack@keystone.service[68356]: ERROR keystone.server.flask.application Traceback (most recent call last):
Aug 06 07:50:49 ubuntu devstack@keystone.service[68356]: ERROR keystone.server.flask.application   File "/opt/stack/data/venv/lib/python3.10/site-packages/flask/app.py", line 880, in full_dispatch_request
Aug 06 07:50:49 ubuntu devstack@keystone.service[68356]: ERROR keystone.server.flask.application     rv = self.dispatch_request()
Aug 06 07:50:49 ubuntu devstack@keystone.service[68356]: ERROR keystone.server.flask.application   File "/opt/stack/data/venv/lib/python3.10/site-packages/flask/app.py", line 865, in dispatch_request
Aug 06 07:50:49 ubuntu devstack@keystone.service[68356]: ERROR keystone.server.flask.application     return self.ensure_sync(self.view_functions[rule.endpoint])(**view_args)  # type: ignore[no-any-return]
Aug 06 07:50:49 ubuntu devstack@keystone.service[68356]: ERROR keystone.server.flask.application   File "/opt/stack/data/venv/lib/python3.10/site-packages/flask_restful/__init__.py", line 489, in wrapper
Aug 06 07:50:49 ubuntu devstack@keystone.service[68356]: ERROR keystone.server.flask.application     resp = resource(*args, **kwargs)
Aug 06 07:50:49 ubuntu devstack@keystone.service[68356]: ERROR keystone.server.flask.application   File "/opt/stack/data/venv/lib/python3.10/site-packages/flask/views.py", line 110, in view
Aug 06 07:50:49 ubuntu devstack@keystone.service[68356]: ERROR keystone.server.flask.application     return current_app.ensure_sync(self.dispatch_request)(**kwargs)  # type: ignore[no-any-return]
Aug 06 07:50:49 ubuntu devstack@keystone.service[68356]: ERROR keystone.server.flask.application   File "/opt/stack/data/venv/lib/python3.10/site-packages/flask_restful/__init__.py", line 604, in dispatch_request
Aug 06 07:50:49 ubuntu devstack@keystone.service[68356]: ERROR keystone.server.flask.application     resp = meth(*args, **kwargs)
Aug 06 07:50:49 ubuntu devstack@keystone.service[68356]: ERROR keystone.server.flask.application   File "/opt/stack/keystone/keystone/api/domains.py", line 140, in post
Aug 06 07:50:49 ubuntu devstack@keystone.service[68356]: ERROR keystone.server.flask.application     ref = PROVIDERS.resource_api.create_domain(
Aug 06 07:50:49 ubuntu devstack@keystone.service[68356]: ERROR keystone.server.flask.application   File "/opt/stack/keystone/keystone/common/manager.py", line 111, in wrapped
Aug 06 07:50:49 ubuntu devstack@keystone.service[68356]: ERROR keystone.server.flask.application     __ret_val = __f(*args, **kwargs)
Aug 06 07:50:49 ubuntu devstack@keystone.service[68356]: ERROR keystone.server.flask.application   File "/opt/stack/keystone/keystone/resource/core.py", line 867, in create_domain
Aug 06 07:50:49 ubuntu devstack@keystone.service[68356]: ERROR keystone.server.flask.application     is_domain_project = self.create_project(
Aug 06 07:50:49 ubuntu devstack@keystone.service[68356]: ERROR keystone.server.flask.application   File "/opt/stack/keystone/keystone/common/manager.py", line 111, in wrapped
Aug 06 07:50:49 ubuntu devstack@keystone.service[68356]: ERROR keystone.server.flask.application     __ret_val = __f(*args, **kwargs)
Aug 06 07:50:49 ubuntu devstack@keystone.service[68356]: ERROR keystone.server.flask.application   File "/opt/stack/keystone/keystone/resource/core.py", line 252, in create_project
Aug 06 07:50:49 ubuntu devstack@keystone.service[68356]: ERROR keystone.server.flask.application     raise exception.Conflict(
Aug 06 07:50:49 ubuntu devstack@keystone.service[68356]: ERROR keystone.server.flask.application keystone.exception.Conflict: Conflict occurred attempting to store project - it is not permitted to have two projects acting as domains with the same name: Default.
Aug 06 07:50:49 ubuntu devstack@keystone.service[68356]: ERROR keystone.server.flask.application 
Aug 06 07:50:49 ubuntu devstack@keystone.service[68356]: [pid: 68356|app: 0|req: 8/15] 10.201.5.82 () {60 vars in 1137 bytes} [Tue Aug  6 07:50:49 2024] POST /identity/v3/domains => generated 190 bytes in 95 msecs (HTTP/1.1 409) 5 headers in 183 bytes (1 switches on core 0)
Aug 06 07:50:49 ubuntu devstack@keystone.service[68357]: DEBUG keystone.server.flask.request_processing.middleware.auth_context [None req-5fbc0107-4305-45ab-9f11-ed5c0797cb02 None admin] RBAC: auth_context: {'token': <TokenModel (audit_id=hB_7vglpS5m0LdoRMGVAMg, audit_chain_id=['hB_7vglpS5m0LdoRMGVAMg']) at 0x7fbc63e20310>, 'domain_id': None, 'trust_id': None, 'trustor_id': None, 'trustee_id': None, 'domain_name': None, 'group_ids': [], 'user_id': 'f6cf3eabf01b412e9c92ecca7799b488', 'user_domain_id': 'default', 'system_scope': 'all', 'project_id': None, 'project_domain_id': None, 'roles': ['admin', 'manager', 'member', 'reader'], 'is_admin_project': True, 'service_user_id': None, 'service_user_domain_id': None, 'service_project_id': None, 'service_project_domain_id': None, 'service_roles': []} {{(pid=68357) fill_context /opt/stack/keystone/keystone/server/flask/request_processing/middleware/auth_context.py:511}}
Aug 06 07:50:49 ubuntu devstack@keystone.service[68357]: DEBUG keystone.server.flask.request_processing.req_logging [None req-5fbc0107-4305-45ab-9f11-ed5c0797cb02 None admin] REQUEST_METHOD: `GET` {{(pid=68357) log_request_info /opt/stack/keystone/keystone/server/flask/request_processing/req_logging.py:27}}
Aug 06 07:50:49 ubuntu devstack@keystone.service[68357]: DEBUG keystone.server.flask.request_processing.req_logging [None req-5fbc0107-4305-45ab-9f11-ed5c0797cb02 None admin] SCRIPT_NAME: `/identity` {{(pid=68357) log_request_info /opt/stack/keystone/keystone/server/flask/request_processing/req_logging.py:28}}
Aug 06 07:50:49 ubuntu devstack@keystone.service[68357]: DEBUG keystone.server.flask.request_processing.req_logging [None req-5fbc0107-4305-45ab-9f11-ed5c0797cb02 None admin] PATH_INFO: `/v3/roles` {{(pid=68357) log_request_info /opt/stack/keystone/keystone/server/flask/request_processing/req_logging.py:29}}
Aug 06 07:50:49 ubuntu devstack@keystone.service[68357]: DEBUG keystone.common.rbac_enforcer.enforcer [None req-5fbc0107-4305-45ab-9f11-ed5c0797cb02 None admin] RBAC: Adding query filter params (name=admin) {{(pid=68357) _extract_filter_values /opt/stack/keystone/keystone/common/rbac_enforcer/enforcer.py:185}}
Aug 06 07:50:49 ubuntu devstack@keystone.service[68357]: DEBUG keystone.common.rbac_enforcer.enforcer [None req-5fbc0107-4305-45ab-9f11-ed5c0797cb02 None admin] RBAC: Authorizing `identity:list_roles()` {{(pid=68357) enforce_call /opt/stack/keystone/keystone/common/rbac_enforcer/enforcer.py:504}}
Aug 06 07:50:49 ubuntu devstack@keystone.service[68357]: DEBUG keystone.common.rbac_enforcer.enforcer [None req-5fbc0107-4305-45ab-9f11-ed5c0797cb02 None admin] RBAC: Authorization granted {{(pid=68357) enforce_call /opt/stack/keystone/keystone/common/rbac_enforcer/enforcer.py:515}}
Aug 06 07:50:49 ubuntu devstack@keystone.service[68356]: DEBUG keystone.server.flask.request_processing.middleware.auth_context [None req-b6465f76-a58b-4fed-9836-8586f4dd9f0d None admin] Authenticating user token {{(pid=68356) process_request /opt/stack/data/venv/lib/python3.10/site-packages/keystonemiddleware/auth_token/__init__.py:406}}
Aug 06 07:50:49 ubuntu devstack@keystone.service[68357]: [pid: 68357|app: 0|req: 8/16] 10.201.5.82 () {56 vars in 1099 bytes} [Tue Aug  6 07:50:49 2024] GET /identity/v3/roles?name=admin => generated 339 bytes in 72 msecs (HTTP/1.1 200) 5 headers in 177 bytes (1 switches on core 0)
Aug 06 07:50:49 ubuntu devstack@keystone.service[68357]: DEBUG keystone.server.flask.request_processing.middleware.auth_context [None req-5fbc0107-4305-45ab-9f11-ed5c0797cb02 None admin] Authenticating user token {{(pid=68357) process_request /opt/stack/data/venv/lib/python3.10/site-packages/keystonemiddleware/auth_token/__init__.py:406}}
Aug 06 07:50:49 ubuntu devstack@keystone.service[68356]: DEBUG keystone.server.flask.request_processing.middleware.auth_context [None req-b6465f76-a58b-4fed-9836-8586f4dd9f0d None admin] Validating token access rules against request {{(pid=68356) validate_allowed_request /opt/stack/data/venv/lib/python3.10/site-packages/keystonemiddleware/auth_token/__init__.py:544}}
Aug 06 07:50:49 ubuntu devstack@keystone.service[68357]: DEBUG keystone.server.flask.request_processing.middleware.auth_context [None req-5fbc0107-4305-45ab-9f11-ed5c0797cb02 None admin] Validating token access rules against request {{(pid=68357) validate_allowed_request /opt/stack/data/venv/lib/python3.10/site-packages/keystonemiddleware/auth_token/__init__.py:544}}
Aug 06 07:50:49 ubuntu devstack@keystone.service[68356]: DEBUG keystone.server.flask.request_processing.middleware.auth_context [None req-0f538abb-696d-4a52-bdaf-30bce29bf911 None admin] RBAC: auth_context: {'token': <TokenModel (audit_id=UbREhR-nQJC6ixxBEXFq7w, audit_chain_id=['UbREhR-nQJC6ixxBEXFq7w']) at 0x7fbc63ee1660>, 'domain_id': None, 'trust_id': None, 'trustor_id': None, 'trustee_id': None, 'domain_name': None, 'group_ids': [], 'user_id': 'f6cf3eabf01b412e9c92ecca7799b488', 'user_domain_id': 'default', 'system_scope': 'all', 'project_id': None, 'project_domain_id': None, 'roles': ['admin', 'manager', 'member', 'reader'], 'is_admin_project': True, 'service_user_id': None, 'service_user_domain_id': None, 'service_project_id': None, 'service_project_domain_id': None, 'service_roles': []} {{(pid=68356) fill_context /opt/stack/keystone/keystone/server/flask/request_processing/middleware/auth_context.py:511}}
Aug 06 07:50:49 ubuntu devstack@keystone.service[68356]: DEBUG keystone.server.flask.request_processing.req_logging [None req-0f538abb-696d-4a52-bdaf-30bce29bf911 None admin] REQUEST_METHOD: `GET` {{(pid=68356) log_request_info /opt/stack/keystone/keystone/server/flask/request_processing/req_logging.py:27}}
Aug 06 07:50:49 ubuntu devstack@keystone.service[68356]: DEBUG keystone.server.flask.request_processing.req_logging [None req-0f538abb-696d-4a52-bdaf-30bce29bf911 None admin] SCRIPT_NAME: `/identity` {{(pid=68356) log_request_info /opt/stack/keystone/keystone/server/flask/request_processing/req_logging.py:28}}
Aug 06 07:50:49 ubuntu devstack@keystone.service[68356]: DEBUG keystone.server.flask.request_processing.req_logging [None req-0f538abb-696d-4a52-bdaf-30bce29bf911 None admin] PATH_INFO: `/v3/domains/Default` {{(pid=68356) log_request_info /opt/stack/keystone/keystone/server/flask/request_processing/req_logging.py:29}}
Aug 06 07:50:49 ubuntu devstack@keystone.service[68356]: DEBUG keystone.common.rbac_enforcer.enforcer [None req-0f538abb-696d-4a52-bdaf-30bce29bf911 None admin] RBAC: Authorizing `identity:get_domain(domain_id=Default)` {{(pid=68356) enforce_call /opt/stack/keystone/keystone/common/rbac_enforcer/enforcer.py:504}}
Aug 06 07:50:49 ubuntu devstack@keystone.service[68356]: DEBUG keystone.common.rbac_enforcer.enforcer [None req-0f538abb-696d-4a52-bdaf-30bce29bf911 None admin] RBAC: Authorization granted {{(pid=68356) enforce_call /opt/stack/keystone/keystone/common/rbac_enforcer/enforcer.py:515}}
Aug 06 07:50:49 ubuntu devstack@keystone.service[68357]: DEBUG keystone.server.flask.request_processing.middleware.auth_context [None req-280c3b64-d33c-44b8-9540-b463a4fd42e8 None admin] RBAC: auth_context: {'token': <TokenModel (audit_id=hB_7vglpS5m0LdoRMGVAMg, audit_chain_id=['hB_7vglpS5m0LdoRMGVAMg']) at 0x7fbc63e200d0>, 'domain_id': None, 'trust_id': None, 'trustor_id': None, 'trustee_id': None, 'domain_name': None, 'group_ids': [], 'user_id': 'f6cf3eabf01b412e9c92ecca7799b488', 'user_domain_id': 'default', 'system_scope': 'all', 'project_id': None, 'project_domain_id': None, 'roles': ['admin', 'manager', 'member', 'reader'], 'is_admin_project': True, 'service_user_id': None, 'service_user_domain_id': None, 'service_project_id': None, 'service_project_domain_id': None, 'service_roles': []} {{(pid=68357) fill_context /opt/stack/keystone/keystone/server/flask/request_processing/middleware/auth_context.py:511}}
Aug 06 07:50:49 ubuntu devstack@keystone.service[68357]: DEBUG keystone.server.flask.request_processing.req_logging [None req-280c3b64-d33c-44b8-9540-b463a4fd42e8 None admin] REQUEST_METHOD: `GET` {{(pid=68357) log_request_info /opt/stack/keystone/keystone/server/flask/request_processing/req_logging.py:27}}
Aug 06 07:50:49 ubuntu devstack@keystone.service[68357]: DEBUG keystone.server.flask.request_processing.req_logging [None req-280c3b64-d33c-44b8-9540-b463a4fd42e8 None admin] SCRIPT_NAME: `/identity` {{(pid=68357) log_request_info /opt/stack/keystone/keystone/server/flask/request_processing/req_logging.py:28}}
Aug 06 07:50:49 ubuntu devstack@keystone.service[68356]: DEBUG keystone.server.flask.application [None req-0f538abb-696d-4a52-bdaf-30bce29bf911 None admin] Could not find domain: Default. {{(pid=68356) _handle_keystone_exception /opt/stack/keystone/keystone/server/flask/application.py:96}}
Aug 06 07:50:49 ubuntu devstack@keystone.service[68357]: DEBUG keystone.server.flask.request_processing.req_logging [None req-280c3b64-d33c-44b8-9540-b463a4fd42e8 None admin] PATH_INFO: `/v3/users/f6cf3eabf01b412e9c92ecca7799b488` {{(pid=68357) log_request_info /opt/stack/keystone/keystone/server/flask/request_processing/req_logging.py:29}}
Aug 06 07:50:49 ubuntu devstack@keystone.service[68356]: [pid: 68356|app: 0|req: 9/17] 10.201.5.82 () {56 vars in 1108 bytes} [Tue Aug  6 07:50:49 2024] GET /identity/v3/domains/Default => generated 87 bytes in 67 msecs (HTTP/1.1 404) 5 headers in 183 bytes (1 switches on core 0)
Aug 06 07:50:49 ubuntu devstack@keystone.service[68357]: DEBUG keystone.common.rbac_enforcer.enforcer [None req-280c3b64-d33c-44b8-9540-b463a4fd42e8 None admin] RBAC: Authorizing `identity:get_user(user_id=f6cf3eabf01b412e9c92ecca7799b488)` {{(pid=68357) enforce_call /opt/stack/keystone/keystone/common/rbac_enforcer/enforcer.py:504}}
Aug 06 07:50:49 ubuntu devstack@keystone.service[68357]: DEBUG keystone.common.rbac_enforcer.enforcer [None req-280c3b64-d33c-44b8-9540-b463a4fd42e8 None admin] RBAC: Authorization granted {{(pid=68357) enforce_call /opt/stack/keystone/keystone/common/rbac_enforcer/enforcer.py:515}}
Aug 06 07:50:49 ubuntu devstack@keystone.service[68357]: [pid: 68357|app: 0|req: 9/18] 10.201.5.82 () {56 vars in 1177 bytes} [Tue Aug  6 07:50:49 2024] GET /identity/v3/users/f6cf3eabf01b412e9c92ecca7799b488 => generated 247 bytes in 62 msecs (HTTP/1.1 200) 5 headers in 177 bytes (2 switches on core 0)
Aug 06 07:50:49 ubuntu devstack@keystone.service[68356]: DEBUG keystone.server.flask.request_processing.middleware.auth_context [None req-0f538abb-696d-4a52-bdaf-30bce29bf911 None admin] Authenticating user token {{(pid=68356) process_request /opt/stack/data/venv/lib/python3.10/site-packages/keystonemiddleware/auth_token/__init__.py:406}}
Aug 06 07:50:49 ubuntu devstack@keystone.service[68357]: DEBUG keystone.server.flask.request_processing.middleware.auth_context [None req-280c3b64-d33c-44b8-9540-b463a4fd42e8 None admin] Authenticating user token {{(pid=68357) process_request /opt/stack/data/venv/lib/python3.10/site-packages/keystonemiddleware/auth_token/__init__.py:406}}
Aug 06 07:50:49 ubuntu devstack@keystone.service[68356]: DEBUG keystone.server.flask.request_processing.middleware.auth_context [None req-0f538abb-696d-4a52-bdaf-30bce29bf911 None admin] Validating token access rules against request {{(pid=68356) validate_allowed_request /opt/stack/data/venv/lib/python3.10/site-packages/keystonemiddleware/auth_token/__init__.py:544}}
Aug 06 07:50:49 ubuntu devstack@keystone.service[68357]: DEBUG keystone.server.flask.request_processing.middleware.auth_context [None req-280c3b64-d33c-44b8-9540-b463a4fd42e8 None admin] Validating token access rules against request {{(pid=68357) validate_allowed_request /opt/stack/data/venv/lib/python3.10/site-packages/keystonemiddleware/auth_token/__init__.py:544}}
Aug 06 07:50:49 ubuntu devstack@keystone.service[68356]: DEBUG keystone.server.flask.request_processing.middleware.auth_context [None req-74ba145c-680d-43f9-a587-06056ce14e57 None admin] RBAC: auth_context: {'token': <TokenModel (audit_id=UbREhR-nQJC6ixxBEXFq7w, audit_chain_id=['UbREhR-nQJC6ixxBEXFq7w']) at 0x7fbc63d085e0>, 'domain_id': None, 'trust_id': None, 'trustor_id': None, 'trustee_id': None, 'domain_name': None, 'group_ids': [], 'user_id': 'f6cf3eabf01b412e9c92ecca7799b488', 'user_domain_id': 'default', 'system_scope': 'all', 'project_id': None, 'project_domain_id': None, 'roles': ['admin', 'manager', 'member', 'reader'], 'is_admin_project': True, 'service_user_id': None, 'service_user_domain_id': None, 'service_project_id': None, 'service_project_domain_id': None, 'service_roles': []} {{(pid=68356) fill_context /opt/stack/keystone/keystone/server/flask/request_processing/middleware/auth_context.py:511}}
Aug 06 07:50:49 ubuntu devstack@keystone.service[68356]: DEBUG keystone.server.flask.request_processing.req_logging [None req-74ba145c-680d-43f9-a587-06056ce14e57 None admin] REQUEST_METHOD: `GET` {{(pid=68356) log_request_info /opt/stack/keystone/keystone/server/flask/request_processing/req_logging.py:27}}
Aug 06 07:50:49 ubuntu devstack@keystone.service[68356]: DEBUG keystone.server.flask.request_processing.req_logging [None req-74ba145c-680d-43f9-a587-06056ce14e57 None admin] SCRIPT_NAME: `/identity` {{(pid=68356) log_request_info /opt/stack/keystone/keystone/server/flask/request_processing/req_logging.py:28}}
Aug 06 07:50:49 ubuntu devstack@keystone.service[68356]: DEBUG keystone.server.flask.request_processing.req_logging [None req-74ba145c-680d-43f9-a587-06056ce14e57 None admin] PATH_INFO: `/v3/domains` {{(pid=68356) log_request_info /opt/stack/keystone/keystone/server/flask/request_processing/req_logging.py:29}}
Aug 06 07:50:49 ubuntu devstack@keystone.service[68356]: DEBUG keystone.common.rbac_enforcer.enforcer [None req-74ba145c-680d-43f9-a587-06056ce14e57 None admin] RBAC: Adding query filter params (name=Default) {{(pid=68356) _extract_filter_values /opt/stack/keystone/keystone/common/rbac_enforcer/enforcer.py:185}}
Aug 06 07:50:49 ubuntu devstack@keystone.service[68356]: DEBUG keystone.common.rbac_enforcer.enforcer [None req-74ba145c-680d-43f9-a587-06056ce14e57 None admin] RBAC: Authorizing `identity:list_domains()` {{(pid=68356) enforce_call /opt/stack/keystone/keystone/common/rbac_enforcer/enforcer.py:504}}
Aug 06 07:50:49 ubuntu devstack@keystone.service[68356]: DEBUG keystone.common.rbac_enforcer.enforcer [None req-74ba145c-680d-43f9-a587-06056ce14e57 None admin] RBAC: Authorization granted {{(pid=68356) enforce_call /opt/stack/keystone/keystone/common/rbac_enforcer/enforcer.py:515}}
Aug 06 07:50:49 ubuntu devstack@keystone.service[68356]: [pid: 68356|app: 0|req: 10/19] 10.201.5.82 () {56 vars in 1109 bytes} [Tue Aug  6 07:50:49 2024] GET /identity/v3/domains?name=Default => generated 308 bytes in 57 msecs (HTTP/1.1 200) 5 headers in 177 bytes (2 switches on core 0)
Aug 06 07:50:49 ubuntu devstack@keystone.service[68357]: DEBUG keystone.server.flask.request_processing.middleware.auth_context [None req-514307d2-38e9-4533-8aec-029491556a3d None admin] RBAC: auth_context: {'token': <TokenModel (audit_id=hB_7vglpS5m0LdoRMGVAMg, audit_chain_id=['hB_7vglpS5m0LdoRMGVAMg']) at 0x7fbc63f83e80>, 'domain_id': None, 'trust_id': None, 'trustor_id': None, 'trustee_id': None, 'domain_name': None, 'group_ids': [], 'user_id': 'f6cf3eabf01b412e9c92ecca7799b488', 'user_domain_id': 'default', 'system_scope': 'all', 'project_id': None, 'project_domain_id': None, 'roles': ['admin', 'manager', 'member', 'reader'], 'is_admin_project': True, 'service_user_id': None, 'service_user_domain_id': None, 'service_project_id': None, 'service_project_domain_id': None, 'service_roles': []} {{(pid=68357) fill_context /opt/stack/keystone/keystone/server/flask/request_processing/middleware/auth_context.py:511}}
Aug 06 07:50:49 ubuntu devstack@keystone.service[68357]: DEBUG keystone.server.flask.request_processing.req_logging [None req-514307d2-38e9-4533-8aec-029491556a3d None admin] REQUEST_METHOD: `GET` {{(pid=68357) log_request_info /opt/stack/keystone/keystone/server/flask/request_processing/req_logging.py:27}}
Aug 06 07:50:49 ubuntu devstack@keystone.service[68357]: DEBUG keystone.server.flask.request_processing.req_logging [None req-514307d2-38e9-4533-8aec-029491556a3d None admin] SCRIPT_NAME: `/identity` {{(pid=68357) log_request_info /opt/stack/keystone/keystone/server/flask/request_processing/req_logging.py:28}}
Aug 06 07:50:49 ubuntu devstack@keystone.service[68357]: DEBUG keystone.server.flask.request_processing.req_logging [None req-514307d2-38e9-4533-8aec-029491556a3d None admin] PATH_INFO: `/v3/domains/default` {{(pid=68357) log_request_info /opt/stack/keystone/keystone/server/flask/request_processing/req_logging.py:29}}
Aug 06 07:50:49 ubuntu devstack@keystone.service[68357]: DEBUG keystone.common.rbac_enforcer.enforcer [None req-514307d2-38e9-4533-8aec-029491556a3d None admin] RBAC: Authorizing `identity:get_domain(domain_id=default)` {{(pid=68357) enforce_call /opt/stack/keystone/keystone/common/rbac_enforcer/enforcer.py:504}}
Aug 06 07:50:49 ubuntu devstack@keystone.service[68357]: DEBUG keystone.common.rbac_enforcer.enforcer [None req-514307d2-38e9-4533-8aec-029491556a3d None admin] RBAC: Authorization granted {{(pid=68357) enforce_call /opt/stack/keystone/keystone/common/rbac_enforcer/enforcer.py:515}}
Aug 06 07:50:49 ubuntu devstack@keystone.service[68357]: [pid: 68357|app: 0|req: 10/20] 10.201.5.82 () {56 vars in 1108 bytes} [Tue Aug  6 07:50:49 2024] GET /identity/v3/domains/default => generated 199 bytes in 61 msecs (HTTP/1.1 200) 5 headers in 177 bytes (2 switches on core 0)
Aug 06 07:50:49 ubuntu devstack@keystone.service[68356]: DEBUG keystone.server.flask.request_processing.middleware.auth_context [None req-74ba145c-680d-43f9-a587-06056ce14e57 None admin] Authenticating user token {{(pid=68356) process_request /opt/stack/data/venv/lib/python3.10/site-packages/keystonemiddleware/auth_token/__init__.py:406}}
Aug 06 07:50:49 ubuntu devstack@keystone.service[68356]: DEBUG keystone.server.flask.request_processing.middleware.auth_context [None req-74ba145c-680d-43f9-a587-06056ce14e57 None admin] Validating token access rules against request {{(pid=68356) validate_allowed_request /opt/stack/data/venv/lib/python3.10/site-packages/keystonemiddleware/auth_token/__init__.py:544}}
Aug 06 07:50:49 ubuntu devstack@keystone.service[68356]: DEBUG keystone.server.flask.request_processing.middleware.auth_context [None req-172f1989-fe6f-4a6d-bbbc-d1f45db26439 None admin] RBAC: auth_context: {'token': <TokenModel (audit_id=hB_7vglpS5m0LdoRMGVAMg, audit_chain_id=['hB_7vglpS5m0LdoRMGVAMg']) at 0x7fbc63ee0a60>, 'domain_id': None, 'trust_id': None, 'trustor_id': None, 'trustee_id': None, 'domain_name': None, 'group_ids': [], 'user_id': 'f6cf3eabf01b412e9c92ecca7799b488', 'user_domain_id': 'default', 'system_scope': 'all', 'project_id': None, 'project_domain_id': None, 'roles': ['admin', 'manager', 'member', 'reader'], 'is_admin_project': True, 'service_user_id': None, 'service_user_domain_id': None, 'service_project_id': None, 'service_project_domain_id': None, 'service_roles': []} {{(pid=68356) fill_context /opt/stack/keystone/keystone/server/flask/request_processing/middleware/auth_context.py:511}}
Aug 06 07:50:49 ubuntu devstack@keystone.service[68356]: DEBUG keystone.server.flask.request_processing.req_logging [None req-172f1989-fe6f-4a6d-bbbc-d1f45db26439 None admin] REQUEST_METHOD: `PUT` {{(pid=68356) log_request_info /opt/stack/keystone/keystone/server/flask/request_processing/req_logging.py:27}}
Aug 06 07:50:49 ubuntu devstack@keystone.service[68356]: DEBUG keystone.server.flask.request_processing.req_logging [None req-172f1989-fe6f-4a6d-bbbc-d1f45db26439 None admin] SCRIPT_NAME: `/identity` {{(pid=68356) log_request_info /opt/stack/keystone/keystone/server/flask/request_processing/req_logging.py:28}}
Aug 06 07:50:49 ubuntu devstack@keystone.service[68356]: DEBUG keystone.server.flask.request_processing.req_logging [None req-172f1989-fe6f-4a6d-bbbc-d1f45db26439 None admin] PATH_INFO: `/v3/domains/default/users/f6cf3eabf01b412e9c92ecca7799b488/roles/e51039462dcb41b2aa2814858511c7cf` {{(pid=68356) log_request_info /opt/stack/keystone/keystone/server/flask/request_processing/req_logging.py:29}}
Aug 06 07:50:49 ubuntu devstack@keystone.service[68356]: DEBUG keystone.common.rbac_enforcer.enforcer [None req-172f1989-fe6f-4a6d-bbbc-d1f45db26439 None admin] RBAC: Authorizing `identity:create_grant(domain_id=default, user_id=f6cf3eabf01b412e9c92ecca7799b488, role_id=e51039462dcb41b2aa2814858511c7cf)` {{(pid=68356) enforce_call /opt/stack/keystone/keystone/common/rbac_enforcer/enforcer.py:504}}
Aug 06 07:50:49 ubuntu devstack@keystone.service[68356]: DEBUG keystone.common.rbac_enforcer.enforcer [None req-172f1989-fe6f-4a6d-bbbc-d1f45db26439 None admin] RBAC: Authorization granted {{(pid=68356) enforce_call /opt/stack/keystone/keystone/common/rbac_enforcer/enforcer.py:515}}
Aug 06 07:50:49 ubuntu devstack@keystone.service[68356]: [pid: 68356|app: 0|req: 11/21] 10.201.5.82 () {58 vars in 1361 bytes} [Tue Aug  6 07:50:49 2024] PUT /identity/v3/domains/default/users/f6cf3eabf01b412e9c92ecca7799b488/roles/e51039462dcb41b2aa2814858511c7cf => generated 0 bytes in 168 msecs (HTTP/1.1 204) 3 headers in 132 bytes (0 switches on core 0)
Aug 06 07:50:50 ubuntu devstack@keystone.service[68357]: DEBUG keystone.server.flask.request_processing.req_logging [None req-133a0e81-c27e-4d28-935b-8b29da76ed36 None None] REQUEST_METHOD: `GET` {{(pid=68357) log_request_info /opt/stack/keystone/keystone/server/flask/request_processing/req_logging.py:27}}
Aug 06 07:50:50 ubuntu devstack@keystone.service[68357]: DEBUG keystone.server.flask.request_processing.req_logging [None req-133a0e81-c27e-4d28-935b-8b29da76ed36 None None] SCRIPT_NAME: `/identity` {{(pid=68357) log_request_info /opt/stack/keystone/keystone/server/flask/request_processing/req_logging.py:28}}
Aug 06 07:50:50 ubuntu devstack@keystone.service[68357]: DEBUG keystone.server.flask.request_processing.req_logging [None req-133a0e81-c27e-4d28-935b-8b29da76ed36 None None] PATH_INFO: `/` {{(pid=68357) log_request_info /opt/stack/keystone/keystone/server/flask/request_processing/req_logging.py:29}}
Aug 06 07:50:50 ubuntu devstack@keystone.service[68357]: [pid: 68357|app: 0|req: 11/22] 10.201.5.82 () {54 vars in 926 bytes} [Tue Aug  6 07:50:50 2024] GET /identity => generated 270 bytes in 2 msecs (HTTP/1.1 300) 6 headers in 234 bytes (1 switches on core 0)
Aug 06 07:50:50 ubuntu devstack@keystone.service[68356]: DEBUG keystone.server.flask.request_processing.req_logging [None req-b53ee958-13ce-49e0-8f31-e565aef15030 None None] REQUEST_METHOD: `GET` {{(pid=68356) log_request_info /opt/stack/keystone/keystone/server/flask/request_processing/req_logging.py:27}}
Aug 06 07:50:50 ubuntu devstack@keystone.service[68356]: DEBUG keystone.server.flask.request_processing.req_logging [None req-b53ee958-13ce-49e0-8f31-e565aef15030 None None] SCRIPT_NAME: `/identity` {{(pid=68356) log_request_info /opt/stack/keystone/keystone/server/flask/request_processing/req_logging.py:28}}
Aug 06 07:50:50 ubuntu devstack@keystone.service[68356]: DEBUG keystone.server.flask.request_processing.req_logging [None req-b53ee958-13ce-49e0-8f31-e565aef15030 None None] PATH_INFO: `/` {{(pid=68356) log_request_info /opt/stack/keystone/keystone/server/flask/request_processing/req_logging.py:29}}
Aug 06 07:50:50 ubuntu devstack@keystone.service[68356]: [pid: 68356|app: 0|req: 12/23] 10.201.5.82 () {54 vars in 926 bytes} [Tue Aug  6 07:50:50 2024] GET /identity => generated 270 bytes in 2 msecs (HTTP/1.1 300) 6 headers in 234 bytes (1 switches on core 0)
Aug 06 07:50:50 ubuntu devstack@keystone.service[68357]: DEBUG keystone.server.flask.request_processing.req_logging [None req-0e03361a-bee5-4d0f-be0b-7be16d69d00a None None] REQUEST_METHOD: `POST` {{(pid=68357) log_request_info /opt/stack/keystone/keystone/server/flask/request_processing/req_logging.py:27}}
Aug 06 07:50:50 ubuntu devstack@keystone.service[68357]: DEBUG keystone.server.flask.request_processing.req_logging [None req-0e03361a-bee5-4d0f-be0b-7be16d69d00a None None] SCRIPT_NAME: `/identity` {{(pid=68357) log_request_info /opt/stack/keystone/keystone/server/flask/request_processing/req_logging.py:28}}
Aug 06 07:50:50 ubuntu devstack@keystone.service[68357]: DEBUG keystone.server.flask.request_processing.req_logging [None req-0e03361a-bee5-4d0f-be0b-7be16d69d00a None None] PATH_INFO: `/v3/auth/tokens` {{(pid=68357) log_request_info /opt/stack/keystone/keystone/server/flask/request_processing/req_logging.py:29}}
Aug 06 07:50:50 ubuntu devstack@keystone.service[68356]: DEBUG keystone.server.flask.request_processing.req_logging [None req-e22246c8-fc5f-41c3-81ce-f20dec4acab6 None None] REQUEST_METHOD: `POST` {{(pid=68356) log_request_info /opt/stack/keystone/keystone/server/flask/request_processing/req_logging.py:27}}
Aug 06 07:50:50 ubuntu devstack@keystone.service[68356]: DEBUG keystone.server.flask.request_processing.req_logging [None req-e22246c8-fc5f-41c3-81ce-f20dec4acab6 None None] SCRIPT_NAME: `/identity` {{(pid=68356) log_request_info /opt/stack/keystone/keystone/server/flask/request_processing/req_logging.py:28}}
Aug 06 07:50:50 ubuntu devstack@keystone.service[68356]: DEBUG keystone.server.flask.request_processing.req_logging [None req-e22246c8-fc5f-41c3-81ce-f20dec4acab6 None None] PATH_INFO: `/v3/auth/tokens` {{(pid=68356) log_request_info /opt/stack/keystone/keystone/server/flask/request_processing/req_logging.py:29}}
Aug 06 07:50:50 ubuntu devstack@keystone.service[68357]: WARNING keystone.common.password_hashing [None req-0e03361a-bee5-4d0f-be0b-7be16d69d00a None None] Truncating password to algorithm specific maximum length 72 characters.
Aug 06 07:50:50 ubuntu devstack@keystone.service[68357]: DEBUG passlib.handlers.bcrypt [None req-0e03361a-bee5-4d0f-be0b-7be16d69d00a None None] detected 'bcrypt' backend, version '4.0.1' {{(pid=68357) _load_backend_mixin /opt/stack/data/venv/lib/python3.10/site-packages/passlib/handlers/bcrypt.py:625}}
Aug 06 07:50:50 ubuntu devstack@keystone.service[68357]: DEBUG passlib.handlers.bcrypt [None req-0e03361a-bee5-4d0f-be0b-7be16d69d00a None None] 'bcrypt' backend lacks $2$ support, enabling workaround {{(pid=68357) _finalize_backend_mixin /opt/stack/data/venv/lib/python3.10/site-packages/passlib/handlers/bcrypt.py:406}}
Aug 06 07:50:50 ubuntu devstack@keystone.service[68356]: WARNING keystone.common.password_hashing [None req-e22246c8-fc5f-41c3-81ce-f20dec4acab6 None None] Truncating password to algorithm specific maximum length 72 characters.
Aug 06 07:50:50 ubuntu devstack@keystone.service[68356]: DEBUG keystone.auth.core [None req-e22246c8-fc5f-41c3-81ce-f20dec4acab6 None None] MFA Rules not processed for user `f6cf3eabf01b412e9c92ecca7799b488`. Rule list: `[]` (Enabled: `True`). {{(pid=68356) check_auth_methods_against_rules /opt/stack/keystone/keystone/auth/core.py:477}}
Aug 06 07:50:50 ubuntu devstack@keystone.service[68356]: DEBUG keystone.common.fernet_utils [None req-e22246c8-fc5f-41c3-81ce-f20dec4acab6 None None] Loaded 2 Fernet keys from /etc/keystone/fernet-keys/, but `[fernet_tokens] max_active_keys = 3`; perhaps there have not been enough key rotations to reach `max_active_keys` yet? {{(pid=68356) load_keys /opt/stack/keystone/keystone/common/fernet_utils.py:299}}
Aug 06 07:50:50 ubuntu devstack@keystone.service[68357]: DEBUG keystone.auth.core [None req-0e03361a-bee5-4d0f-be0b-7be16d69d00a None None] MFA Rules not processed for user `f6cf3eabf01b412e9c92ecca7799b488`. Rule list: `[]` (Enabled: `True`). {{(pid=68357) check_auth_methods_against_rules /opt/stack/keystone/keystone/auth/core.py:477}}
Aug 06 07:50:50 ubuntu devstack@keystone.service[68357]: DEBUG keystone.common.fernet_utils [None req-0e03361a-bee5-4d0f-be0b-7be16d69d00a None None] Loaded 2 Fernet keys from /etc/keystone/fernet-keys/, but `[fernet_tokens] max_active_keys = 3`; perhaps there have not been enough key rotations to reach `max_active_keys` yet? {{(pid=68357) load_keys /opt/stack/keystone/keystone/common/fernet_utils.py:299}}
Aug 06 07:50:50 ubuntu devstack@keystone.service[68356]: [pid: 68356|app: 0|req: 13/24] 10.201.5.82 () {58 vars in 1023 bytes} [Tue Aug  6 07:50:50 2024] POST /identity/v3/auth/tokens => generated 862 bytes in 73 msecs (HTTP/1.1 201) 6 headers in 363 bytes (1 switches on core 0)
Aug 06 07:50:50 ubuntu devstack@keystone.service[68357]: [pid: 68357|app: 0|req: 12/25] 10.201.5.82 () {58 vars in 1023 bytes} [Tue Aug  6 07:50:50 2024] POST /identity/v3/auth/tokens => generated 862 bytes in 102 msecs (HTTP/1.1 201) 6 headers in 363 bytes (1 switches on core 0)
Aug 06 07:50:50 ubuntu devstack@keystone.service[68356]: DEBUG keystone.server.flask.request_processing.req_logging [None req-91e1e517-0446-4ada-a229-d5ff2974a11c None None] REQUEST_METHOD: `GET` {{(pid=68356) log_request_info /opt/stack/keystone/keystone/server/flask/request_processing/req_logging.py:27}}
Aug 06 07:50:50 ubuntu devstack@keystone.service[68356]: DEBUG keystone.server.flask.request_processing.req_logging [None req-91e1e517-0446-4ada-a229-d5ff2974a11c None None] SCRIPT_NAME: `/identity` {{(pid=68356) log_request_info /opt/stack/keystone/keystone/server/flask/request_processing/req_logging.py:28}}
Aug 06 07:50:50 ubuntu devstack@keystone.service[68356]: DEBUG keystone.server.flask.request_processing.req_logging [None req-91e1e517-0446-4ada-a229-d5ff2974a11c None None] PATH_INFO: `/` {{(pid=68356) log_request_info /opt/stack/keystone/keystone/server/flask/request_processing/req_logging.py:29}}
Aug 06 07:50:50 ubuntu devstack@keystone.service[68356]: [pid: 68356|app: 0|req: 14/26] 10.201.5.82 () {54 vars in 926 bytes} [Tue Aug  6 07:50:50 2024] GET /identity => generated 270 bytes in 2 msecs (HTTP/1.1 300) 6 headers in 234 bytes (1 switches on core 0)
Aug 06 07:50:50 ubuntu devstack@keystone.service[68357]: DEBUG keystone.server.flask.request_processing.req_logging [None req-06363986-301d-4d2c-83cb-f6500c3a5505 None None] REQUEST_METHOD: `POST` {{(pid=68357) log_request_info /opt/stack/keystone/keystone/server/flask/request_processing/req_logging.py:27}}
Aug 06 07:50:50 ubuntu devstack@keystone.service[68357]: DEBUG keystone.server.flask.request_processing.req_logging [None req-06363986-301d-4d2c-83cb-f6500c3a5505 None None] SCRIPT_NAME: `/identity` {{(pid=68357) log_request_info /opt/stack/keystone/keystone/server/flask/request_processing/req_logging.py:28}}
Aug 06 07:50:50 ubuntu devstack@keystone.service[68357]: DEBUG keystone.server.flask.request_processing.req_logging [None req-06363986-301d-4d2c-83cb-f6500c3a5505 None None] PATH_INFO: `/v3/auth/tokens` {{(pid=68357) log_request_info /opt/stack/keystone/keystone/server/flask/request_processing/req_logging.py:29}}
Aug 06 07:50:50 ubuntu devstack@keystone.service[68357]: WARNING keystone.common.password_hashing [None req-06363986-301d-4d2c-83cb-f6500c3a5505 None None] Truncating password to algorithm specific maximum length 72 characters.
Aug 06 07:50:50 ubuntu devstack@keystone.service[68357]: DEBUG keystone.auth.core [None req-06363986-301d-4d2c-83cb-f6500c3a5505 None None] MFA Rules not processed for user `f6cf3eabf01b412e9c92ecca7799b488`. Rule list: `[]` (Enabled: `True`). {{(pid=68357) check_auth_methods_against_rules /opt/stack/keystone/keystone/auth/core.py:477}}
Aug 06 07:50:50 ubuntu devstack@keystone.service[68357]: DEBUG keystone.common.fernet_utils [None req-06363986-301d-4d2c-83cb-f6500c3a5505 None None] Loaded 2 Fernet keys from /etc/keystone/fernet-keys/, but `[fernet_tokens] max_active_keys = 3`; perhaps there have not been enough key rotations to reach `max_active_keys` yet? {{(pid=68357) load_keys /opt/stack/keystone/keystone/common/fernet_utils.py:299}}
Aug 06 07:50:50 ubuntu devstack@keystone.service[68356]: DEBUG keystone.server.flask.request_processing.middleware.auth_context [None req-91e1e517-0446-4ada-a229-d5ff2974a11c None None] Authenticating user token {{(pid=68356) process_request /opt/stack/data/venv/lib/python3.10/site-packages/keystonemiddleware/auth_token/__init__.py:406}}
Aug 06 07:50:50 ubuntu devstack@keystone.service[68356]: DEBUG keystone.server.flask.request_processing.middleware.auth_context [None req-91e1e517-0446-4ada-a229-d5ff2974a11c None None] Validating token access rules against request {{(pid=68356) validate_allowed_request /opt/stack/data/venv/lib/python3.10/site-packages/keystonemiddleware/auth_token/__init__.py:544}}
Aug 06 07:50:50 ubuntu devstack@keystone.service[68357]: [pid: 68357|app: 0|req: 13/27] 10.201.5.82 () {58 vars in 1023 bytes} [Tue Aug  6 07:50:50 2024] POST /identity/v3/auth/tokens => generated 862 bytes in 79 msecs (HTTP/1.1 201) 6 headers in 363 bytes (1 switches on core 0)
Aug 06 07:50:50 ubuntu devstack@keystone.service[68357]: DEBUG keystone.server.flask.request_processing.middleware.auth_context [None req-06363986-301d-4d2c-83cb-f6500c3a5505 None None] Authenticating user token {{(pid=68357) process_request /opt/stack/data/venv/lib/python3.10/site-packages/keystonemiddleware/auth_token/__init__.py:406}}
Aug 06 07:50:50 ubuntu devstack@keystone.service[68356]: DEBUG keystone.server.flask.request_processing.middleware.auth_context [None req-256d3534-3515-4d76-a2fc-d6cce7037d33 None admin] RBAC: auth_context: {'token': <TokenModel (audit_id=G1nwHb1HQre5ccCiVmo0bQ, audit_chain_id=['G1nwHb1HQre5ccCiVmo0bQ']) at 0x7fbc6396dba0>, 'domain_id': None, 'trust_id': None, 'trustor_id': None, 'trustee_id': None, 'domain_name': None, 'group_ids': [], 'user_id': 'f6cf3eabf01b412e9c92ecca7799b488', 'user_domain_id': 'default', 'system_scope': 'all', 'project_id': None, 'project_domain_id': None, 'roles': ['admin', 'manager', 'member', 'reader'], 'is_admin_project': True, 'service_user_id': None, 'service_user_domain_id': None, 'service_project_id': None, 'service_project_domain_id': None, 'service_roles': []} {{(pid=68356) fill_context /opt/stack/keystone/keystone/server/flask/request_processing/middleware/auth_context.py:511}}
Aug 06 07:50:50 ubuntu devstack@keystone.service[68356]: DEBUG keystone.server.flask.request_processing.req_logging [None req-256d3534-3515-4d76-a2fc-d6cce7037d33 None admin] REQUEST_METHOD: `GET` {{(pid=68356) log_request_info /opt/stack/keystone/keystone/server/flask/request_processing/req_logging.py:27}}
Aug 06 07:50:50 ubuntu devstack@keystone.service[68356]: DEBUG keystone.server.flask.request_processing.req_logging [None req-256d3534-3515-4d76-a2fc-d6cce7037d33 None admin] SCRIPT_NAME: `/identity` {{(pid=68356) log_request_info /opt/stack/keystone/keystone/server/flask/request_processing/req_logging.py:28}}
Aug 06 07:50:50 ubuntu devstack@keystone.service[68356]: DEBUG keystone.server.flask.request_processing.req_logging [None req-256d3534-3515-4d76-a2fc-d6cce7037d33 None admin] PATH_INFO: `/v3/roles/admin` {{(pid=68356) log_request_info /opt/stack/keystone/keystone/server/flask/request_processing/req_logging.py:29}}
Aug 06 07:50:50 ubuntu devstack@keystone.service[68356]: DEBUG keystone.common.rbac_enforcer.enforcer [None req-256d3534-3515-4d76-a2fc-d6cce7037d33 None admin] Extracting inferred target data resulted in "NOT FOUND (404)". {{(pid=68356) enforce_call /opt/stack/keystone/keystone/common/rbac_enforcer/enforcer.py:454}}
