Mar 20 06:59:03 ubuntu neutron-server[104464]: DEBUG oslo_service.service [-] l3_ha                          = False {{(pid=104464) log_opt_values /opt/stack/data/venv/lib/python3.10/site-packages/oslo_config/cfg.py:2613}}
Mar 20 06:59:03 ubuntu neutron-server[104464]: DEBUG oslo_service.service [-] l3_ha_net_cidr                 = 169.254.192.0/18 {{(pid=104464) log_opt_values /opt/stack/data/venv/lib/python3.10/site-packages/oslo_config/cfg.py:2613}}
Mar 20 06:59:03 ubuntu neutron-server[104464]: DEBUG oslo_service.service [-] l3_ha_network_physical_name    =  {{(pid=104464) log_opt_values /opt/stack/data/venv/lib/python3.10/site-packages/oslo_config/cfg.py:2613}}
Mar 20 06:59:03 ubuntu neutron-server[104464]: DEBUG oslo_service.service [-] l3_ha_network_type             =  {{(pid=104464) log_opt_values /opt/stack/data/venv/lib/python3.10/site-packages/oslo_config/cfg.py:2613}}
Mar 20 06:59:03 ubuntu neutron-server[104464]: DEBUG oslo_service.service [-] log_config_append              = None {{(pid=104464) log_opt_values /opt/stack/data/venv/lib/python3.10/site-packages/oslo_config/cfg.py:2613}}
Mar 20 06:59:03 ubuntu neutron-server[104464]: DEBUG oslo_service.service [-] log_date_format                = %Y-%m-%d %H:%M:%S {{(pid=104464) log_opt_values /opt/stack/data/venv/lib/python3.10/site-packages/oslo_config/cfg.py:2613}}
Mar 20 06:59:03 ubuntu neutron-server[104464]: DEBUG oslo_service.service [-] log_dir                        = None {{(pid=104464) log_opt_values /opt/stack/data/venv/lib/python3.10/site-packages/oslo_config/cfg.py:2613}}
Mar 20 06:59:03 ubuntu neutron-server[104464]: DEBUG oslo_service.service [-] log_file                       = None {{(pid=104464) log_opt_values /opt/stack/data/venv/lib/python3.10/site-packages/oslo_config/cfg.py:2613}}
Mar 20 06:59:03 ubuntu neutron-server[104464]: DEBUG oslo_service.service [-] log_options                    = True {{(pid=104464) log_opt_values /opt/stack/data/venv/lib/python3.10/site-packages/oslo_config/cfg.py:2613}}
Mar 20 06:59:03 ubuntu neutron-server[104464]: DEBUG oslo_service.service [-] log_rotate_interval            = 1 {{(pid=104464) log_opt_values /opt/stack/data/venv/lib/python3.10/site-packages/oslo_config/cfg.py:2613}}
Mar 20 06:59:03 ubuntu neutron-server[104464]: DEBUG oslo_service.service [-] log_rotate_interval_type       = days {{(pid=104464) log_opt_values /opt/stack/data/venv/lib/python3.10/site-packages/oslo_config/cfg.py:2613}}
Mar 20 06:59:03 ubuntu neutron-server[104464]: DEBUG oslo_service.service [-] log_rotation_type              = none {{(pid=104464) log_opt_values /opt/stack/data/venv/lib/python3.10/site-packages/oslo_config/cfg.py:2613}}
Mar 20 06:59:03 ubuntu neutron-server[104464]: DEBUG oslo_service.service [-] logging_context_format_string  = %(color)s%(levelname)s %(name)s [%(global_request_id)s %(request_id)s %(project_name)s %(user_name)s%(color)s] %(instance)s%(color)s%(message)s {{(pid=104464) log_opt_values /opt/stack/data/venv/lib/python3.10/site-packages/oslo_config/cfg.py:2613}}
Mar 20 06:59:03 ubuntu neutron-server[104464]: DEBUG oslo_service.service [-] logging_debug_format_suffix    = {{(pid=%(process)d) %(funcName)s %(pathname)s:%(lineno)d}} {{(pid=104464) log_opt_values /opt/stack/data/venv/lib/python3.10/site-packages/oslo_config/cfg.py:2613}}
Mar 20 06:59:03 ubuntu neutron-server[104464]: DEBUG oslo_service.service [-] logging_default_format_string  = %(color)s%(levelname)s %(name)s [-%(color)s] %(instance)s%(color)s%(message)s {{(pid=104464) log_opt_values /opt/stack/data/venv/lib/python3.10/site-packages/oslo_config/cfg.py:2613}}
Mar 20 06:59:03 ubuntu neutron-server[104464]: DEBUG oslo_service.service [-] logging_exception_prefix       = ERROR %(name)s %(instance)s {{(pid=104464) log_opt_values /opt/stack/data/venv/lib/python3.10/site-packages/oslo_config/cfg.py:2613}}
Mar 20 06:59:03 ubuntu neutron-server[104464]: DEBUG oslo_service.service [-] logging_user_identity_format   = %(user)s %(project)s %(domain)s %(system_scope)s %(user_domain)s %(project_domain)s {{(pid=104464) log_opt_values /opt/stack/data/venv/lib/python3.10/site-packages/oslo_config/cfg.py:2613}}
Mar 20 06:59:03 ubuntu neutron-server[104464]: DEBUG oslo_service.service [-] max_allowed_address_pair       = 10 {{(pid=104464) log_opt_values /opt/stack/data/venv/lib/python3.10/site-packages/oslo_config/cfg.py:2613}}
Mar 20 06:59:03 ubuntu neutron-server[104464]: DEBUG oslo_service.service [-] max_dns_nameservers            = 5 {{(pid=104464) log_opt_values /opt/stack/data/venv/lib/python3.10/site-packages/oslo_config/cfg.py:2613}}
Mar 20 06:59:03 ubuntu neutron-server[104464]: DEBUG oslo_service.service [-] max_header_line                = 16384 {{(pid=104464) log_opt_values /opt/stack/data/venv/lib/python3.10/site-packages/oslo_config/cfg.py:2613}}
Mar 20 06:59:03 ubuntu neutron-server[104464]: DEBUG oslo_service.service [-] max_l3_agents_per_router       = 3 {{(pid=104464) log_opt_values /opt/stack/data/venv/lib/python3.10/site-packages/oslo_config/cfg.py:2613}}
Mar 20 06:59:03 ubuntu neutron-server[104464]: DEBUG oslo_service.service [-] max_logfile_count              = 30 {{(pid=104464) log_opt_values /opt/stack/data/venv/lib/python3.10/site-packages/oslo_config/cfg.py:2613}}
Mar 20 06:59:03 ubuntu neutron-server[104464]: DEBUG oslo_service.service [-] max_logfile_size_mb            = 200 {{(pid=104464) log_opt_values /opt/stack/data/venv/lib/python3.10/site-packages/oslo_config/cfg.py:2613}}
Mar 20 06:59:03 ubuntu neutron-server[104464]: DEBUG oslo_service.service [-] max_routes                     = 30 {{(pid=104464) log_opt_values /opt/stack/data/venv/lib/python3.10/site-packages/oslo_config/cfg.py:2613}}
Mar 20 06:59:03 ubuntu neutron-server[104464]: DEBUG oslo_service.service [-] max_subnet_host_routes         = 20 {{(pid=104464) log_opt_values /opt/stack/data/venv/lib/python3.10/site-packages/oslo_config/cfg.py:2613}}
Mar 20 06:59:03 ubuntu neutron-server[104464]: DEBUG oslo_service.service [-] my_ip                          = 10.201.5.82 {{(pid=104464) log_opt_values /opt/stack/data/venv/lib/python3.10/site-packages/oslo_config/cfg.py:2613}}
Mar 20 06:59:03 ubuntu neutron-server[104464]: DEBUG oslo_service.service [-] my_ipv6                        = ::1 {{(pid=104464) log_opt_values /opt/stack/data/venv/lib/python3.10/site-packages/oslo_config/cfg.py:2613}}
Mar 20 06:59:03 ubuntu neutron-server[104464]: DEBUG oslo_service.service [-] network_auto_schedule          = True {{(pid=104464) log_opt_values /opt/stack/data/venv/lib/python3.10/site-packages/oslo_config/cfg.py:2613}}
Mar 20 06:59:03 ubuntu neutron-server[104464]: DEBUG oslo_service.service [-] network_link_prefix            = None {{(pid=104464) log_opt_values /opt/stack/data/venv/lib/python3.10/site-packages/oslo_config/cfg.py:2613}}
Mar 20 06:59:03 ubuntu neutron-server[104464]: DEBUG oslo_service.service [-] network_scheduler_driver       = neutron.scheduler.dhcp_agent_scheduler.WeightScheduler {{(pid=104464) log_opt_values /opt/stack/data/venv/lib/python3.10/site-packages/oslo_config/cfg.py:2613}}
Mar 20 06:59:03 ubuntu neutron-server[104464]: DEBUG oslo_service.service [-] notify_nova_on_port_data_changes = True {{(pid=104464) log_opt_values /opt/stack/data/venv/lib/python3.10/site-packages/oslo_config/cfg.py:2613}}
Mar 20 06:59:03 ubuntu neutron-server[104464]: DEBUG oslo_service.service [-] notify_nova_on_port_status_changes = True {{(pid=104464) log_opt_values /opt/stack/data/venv/lib/python3.10/site-packages/oslo_config/cfg.py:2613}}
Mar 20 06:59:03 ubuntu neutron-server[104464]: DEBUG oslo_service.service [-] pagination_max_limit           = -1 {{(pid=104464) log_opt_values /opt/stack/data/venv/lib/python3.10/site-packages/oslo_config/cfg.py:2613}}
Mar 20 06:59:03 ubuntu neutron-server[104464]: DEBUG oslo_service.service [-] periodic_fuzzy_delay           = 5 {{(pid=104464) log_opt_values /opt/stack/data/venv/lib/python3.10/site-packages/oslo_config/cfg.py:2613}}
Mar 20 06:59:03 ubuntu neutron-server[104464]: DEBUG oslo_service.service [-] periodic_interval              = 40 {{(pid=104464) log_opt_values /opt/stack/data/venv/lib/python3.10/site-packages/oslo_config/cfg.py:2613}}
Mar 20 06:59:03 ubuntu neutron-server[104464]: DEBUG oslo_service.service [-] publish_errors                 = False {{(pid=104464) log_opt_values /opt/stack/data/venv/lib/python3.10/site-packages/oslo_config/cfg.py:2613}}
Mar 20 06:59:03 ubuntu neutron-server[104464]: DEBUG oslo_service.service [-] rate_limit_burst               = 0 {{(pid=104464) log_opt_values /opt/stack/data/venv/lib/python3.10/site-packages/oslo_config/cfg.py:2613}}
Mar 20 06:59:03 ubuntu neutron-server[104464]: DEBUG oslo_service.service [-] rate_limit_except_level        = CRITICAL {{(pid=104464) log_opt_values /opt/stack/data/venv/lib/python3.10/site-packages/oslo_config/cfg.py:2613}}
Mar 20 06:59:03 ubuntu neutron-server[104464]: DEBUG oslo_service.service [-] rate_limit_interval            = 0 {{(pid=104464) log_opt_values /opt/stack/data/venv/lib/python3.10/site-packages/oslo_config/cfg.py:2613}}
Mar 20 06:59:03 ubuntu neutron-server[104464]: DEBUG oslo_service.service [-] retry_until_window             = 30 {{(pid=104464) log_opt_values /opt/stack/data/venv/lib/python3.10/site-packages/oslo_config/cfg.py:2613}}
Mar 20 06:59:03 ubuntu neutron-server[104464]: DEBUG oslo_service.service [-] router_distributed             = False {{(pid=104464) log_opt_values /opt/stack/data/venv/lib/python3.10/site-packages/oslo_config/cfg.py:2613}}
Mar 20 06:59:03 ubuntu neutron-server[104464]: DEBUG oslo_service.service [-] rpc_resources_processing_step  = 20 {{(pid=104464) log_opt_values /opt/stack/data/venv/lib/python3.10/site-packages/oslo_config/cfg.py:2613}}
Mar 20 06:59:03 ubuntu neutron-server[104464]: DEBUG oslo_service.service [-] rpc_response_max_timeout       = 600 {{(pid=104464) log_opt_values /opt/stack/data/venv/lib/python3.10/site-packages/oslo_config/cfg.py:2613}}
Mar 20 06:59:03 ubuntu neutron-server[104464]: DEBUG oslo_service.service [-] rpc_response_timeout           = 60 {{(pid=104464) log_opt_values /opt/stack/data/venv/lib/python3.10/site-packages/oslo_config/cfg.py:2613}}
Mar 20 06:59:03 ubuntu neutron-server[104464]: DEBUG oslo_service.service [-] rpc_state_report_workers       = 0 {{(pid=104464) log_opt_values /opt/stack/data/venv/lib/python3.10/site-packages/oslo_config/cfg.py:2613}}
Mar 20 06:59:03 ubuntu neutron-server[104464]: DEBUG oslo_service.service [-] rpc_workers                    = None {{(pid=104464) log_opt_values /opt/stack/data/venv/lib/python3.10/site-packages/oslo_config/cfg.py:2613}}
Mar 20 06:59:03 ubuntu neutron-server[104464]: DEBUG oslo_service.service [-] send_events_interval           = 2 {{(pid=104464) log_opt_values /opt/stack/data/venv/lib/python3.10/site-packages/oslo_config/cfg.py:2613}}
Mar 20 06:59:03 ubuntu neutron-server[104464]: DEBUG oslo_service.service [-] service_plugins                = ['ovn-router'] {{(pid=104464) log_opt_values /opt/stack/data/venv/lib/python3.10/site-packages/oslo_config/cfg.py:2613}}
Mar 20 06:59:03 ubuntu neutron-server[104650]: DEBUG neutron.common.ovn.hash_ring_manager [None req-a171e686-f137-4205-90d5-578763997db8 None None] Allow caching, nodes 2>=2 {{(pid=104650) _wait_startup_before_caching /opt/stack/neutron/neutron/common/ovn/hash_ring_manager.py:64}}
Mar 20 06:59:03 ubuntu neutron-server[104464]: DEBUG oslo_service.service [-] setproctitle                   = on {{(pid=104464) log_opt_values /opt/stack/data/venv/lib/python3.10/site-packages/oslo_config/cfg.py:2613}}
Mar 20 06:59:03 ubuntu neutron-server[104464]: DEBUG oslo_service.service [-] state_path                     = /opt/stack/data/neutron {{(pid=104464) log_opt_values /opt/stack/data/venv/lib/python3.10/site-packages/oslo_config/cfg.py:2613}}
Mar 20 06:59:03 ubuntu neutron-server[104464]: DEBUG oslo_service.service [-] syslog_log_facility            = LOG_USER {{(pid=104464) log_opt_values /opt/stack/data/venv/lib/python3.10/site-packages/oslo_config/cfg.py:2613}}
Mar 20 06:59:03 ubuntu neutron-server[104654]: DEBUG neutron_lib.callbacks.manager [-] Subscribe: <bound method PortForwardingPlugin._check_floatingip_request of <neutron.services.portforwarding.pf_plugin.PortForwardingPlugin object at 0x7fd83bc30b20>> floatingip precommit_update 55550000, False {{(pid=104654) subscribe /opt/stack/data/venv/lib/python3.10/site-packages/neutron_lib/callbacks/manager.py:52}}
Mar 20 06:59:03 ubuntu neutron-server[104464]: DEBUG oslo_service.service [-] tcp_keepidle                   = 600 {{(pid=104464) log_opt_values /opt/stack/data/venv/lib/python3.10/site-packages/oslo_config/cfg.py:2613}}
Mar 20 06:59:03 ubuntu neutron-server[104464]: DEBUG oslo_service.service [-] transport_url                  = **** {{(pid=104464) log_opt_values /opt/stack/data/venv/lib/python3.10/site-packages/oslo_config/cfg.py:2613}}
Mar 20 06:59:03 ubuntu neutron-server[104651]: DEBUG ovsdbapp.backend.ovs_idl [None req-42798926-fdca-4d94-854c-c947700adcc8 None None] Created lookup_table index Logical_Switch.name {{(pid=104651) autocreate_indices /opt/stack/data/venv/lib/python3.10/site-packages/ovsdbapp/backend/ovs_idl/__init__.py:87}}
Mar 20 06:59:03 ubuntu neutron-server[104654]: DEBUG neutron_lib.callbacks.manager [-] Subscribe: <bound method PortForwardingPlugin._check_floatingip_request of <neutron.services.portforwarding.pf_plugin.PortForwardingPlugin object at 0x7fd83bc30b20>> floatingip precommit_delete 55550000, False {{(pid=104654) subscribe /opt/stack/data/venv/lib/python3.10/site-packages/neutron_lib/callbacks/manager.py:52}}
Mar 20 06:59:03 ubuntu neutron-server[104464]: DEBUG oslo_service.service [-] use_eventlog                   = False {{(pid=104464) log_opt_values /opt/stack/data/venv/lib/python3.10/site-packages/oslo_config/cfg.py:2613}}
Mar 20 06:59:03 ubuntu neutron-server[104464]: DEBUG oslo_service.service [-] use_journal                    = False {{(pid=104464) log_opt_values /opt/stack/data/venv/lib/python3.10/site-packages/oslo_config/cfg.py:2613}}
Mar 20 06:59:03 ubuntu neutron-server[104654]: DEBUG neutron_lib.callbacks.manager [-] Subscribe: <bound method PortForwardingPlugin._check_port_has_port_forwarding of <neutron.services.portforwarding.pf_plugin.PortForwardingPlugin object at 0x7fd83bc30b20>> floatingip before_create 55550000, False {{(pid=104654) subscribe /opt/stack/data/venv/lib/python3.10/site-packages/neutron_lib/callbacks/manager.py:52}}
Mar 20 06:59:03 ubuntu neutron-server[104651]: DEBUG ovsdbapp.backend.ovs_idl [None req-42798926-fdca-4d94-854c-c947700adcc8 None None] Created lookup_table index Logical_Router.name {{(pid=104651) autocreate_indices /opt/stack/data/venv/lib/python3.10/site-packages/ovsdbapp/backend/ovs_idl/__init__.py:87}}
Mar 20 06:59:03 ubuntu neutron-server[104654]: DEBUG neutron_lib.callbacks.manager [-] Subscribe: <bound method PortForwardingPlugin._check_port_has_port_forwarding of <neutron.services.portforwarding.pf_plugin.PortForwardingPlugin object at 0x7fd83bc30b20>> floatingip before_update 55550000, False {{(pid=104654) subscribe /opt/stack/data/venv/lib/python3.10/site-packages/neutron_lib/callbacks/manager.py:52}}
Mar 20 06:59:03 ubuntu neutron-server[104654]: DEBUG neutron_lib.callbacks.manager [-] Subscribe: <bound method PortForwardingPlugin._process_port_request_handler of <neutron.services.portforwarding.pf_plugin.PortForwardingPlugin object at 0x7fd83bc30b20>> port after_update 55550000, False {{(pid=104654) subscribe /opt/stack/data/venv/lib/python3.10/site-packages/neutron_lib/callbacks/manager.py:52}}
Mar 20 06:59:03 ubuntu neutron-server[104464]: DEBUG oslo_service.service [-] use_json                       = False {{(pid=104464) log_opt_values /opt/stack/data/venv/lib/python3.10/site-packages/oslo_config/cfg.py:2613}}
Mar 20 06:59:03 ubuntu neutron-server[104651]: DEBUG ovsdbapp.backend.ovs_idl [None req-42798926-fdca-4d94-854c-c947700adcc8 None None] Created lookup_table index Load_Balancer.name {{(pid=104651) autocreate_indices /opt/stack/data/venv/lib/python3.10/site-packages/ovsdbapp/backend/ovs_idl/__init__.py:87}}
Mar 20 06:59:03 ubuntu neutron-server[104654]: DEBUG neutron_lib.callbacks.manager [-] Subscribe: <bound method PortForwardingPlugin._process_port_request_handler of <neutron.services.portforwarding.pf_plugin.PortForwardingPlugin object at 0x7fd83bc30b20>> port precommit_delete 55550000, False {{(pid=104654) subscribe /opt/stack/data/venv/lib/python3.10/site-packages/neutron_lib/callbacks/manager.py:52}}
Mar 20 06:59:03 ubuntu neutron-server[104464]: DEBUG oslo_service.service [-] use_ssl                        = False {{(pid=104464) log_opt_values /opt/stack/data/venv/lib/python3.10/site-packages/oslo_config/cfg.py:2613}}
Mar 20 06:59:03 ubuntu neutron-server[104464]: DEBUG oslo_service.service [-] use_stderr                     = False {{(pid=104464) log_opt_values /opt/stack/data/venv/lib/python3.10/site-packages/oslo_config/cfg.py:2613}}
Mar 20 06:59:03 ubuntu neutron-server[104654]: DEBUG neutron_lib.callbacks.manager [-] Publish callbacks ['neutron.services.portforwarding.drivers.ovn.driver.OVNPortForwarding.register-26225'] for port_forwarding_plugin (None), after_init {{(pid=104654) _notify_loop /opt/stack/data/venv/lib/python3.10/site-packages/neutron_lib/callbacks/manager.py:184}}
Mar 20 06:59:03 ubuntu neutron-server[104464]: DEBUG oslo_service.service [-] use_syslog                     = False {{(pid=104464) log_opt_values /opt/stack/data/venv/lib/python3.10/site-packages/oslo_config/cfg.py:2613}}
Mar 20 06:59:03 ubuntu neutron-server[104651]: DEBUG ovsdbapp.backend.ovs_idl [None req-42798926-fdca-4d94-854c-c947700adcc8 None None] Created schema index Copp.name {{(pid=104651) autocreate_indices /opt/stack/data/venv/lib/python3.10/site-packages/ovsdbapp/backend/ovs_idl/__init__.py:106}}
Mar 20 06:59:03 ubuntu neutron-server[104654]: DEBUG neutron_lib.callbacks.manager [-] Subscribe: <bound method OVNPortForwarding._handle_notification of <neutron.services.portforwarding.drivers.ovn.driver.OVNPortForwarding object at 0x7fd83c227a90>> port_forwarding after_create 55550000, False {{(pid=104654) subscribe /opt/stack/data/venv/lib/python3.10/site-packages/neutron_lib/callbacks/manager.py:52}}
Mar 20 06:59:03 ubuntu neutron-server[104464]: DEBUG oslo_service.service [-] vlan_transparent               = False {{(pid=104464) log_opt_values /opt/stack/data/venv/lib/python3.10/site-packages/oslo_config/cfg.py:2613}}
Mar 20 06:59:03 ubuntu neutron-server[104654]: DEBUG neutron_lib.callbacks.manager [-] Subscribe: <bound method OVNPortForwarding._handle_lb_on_ls of <neutron.services.portforwarding.drivers.ovn.driver.OVNPortForwarding object at 0x7fd83c227a90>> router_interface after_create 55550000, False {{(pid=104654) subscribe /opt/stack/data/venv/lib/python3.10/site-packages/neutron_lib/callbacks/manager.py:52}}
Mar 20 06:59:03 ubuntu neutron-server[104464]: DEBUG oslo_service.service [-] watch_log_file                 = False {{(pid=104464) log_opt_values /opt/stack/data/venv/lib/python3.10/site-packages/oslo_config/cfg.py:2613}}
Mar 20 06:59:03 ubuntu neutron-server[104654]: DEBUG neutron_lib.callbacks.manager [-] Subscribe: <bound method OVNPortForwarding._handle_notification of <neutron.services.portforwarding.drivers.ovn.driver.OVNPortForwarding object at 0x7fd83c227a90>> port_forwarding after_update 55550000, False {{(pid=104654) subscribe /opt/stack/data/venv/lib/python3.10/site-packages/neutron_lib/callbacks/manager.py:52}}
Mar 20 06:59:03 ubuntu neutron-server[104651]: DEBUG ovsdbapp.backend.ovs_idl [None req-42798926-fdca-4d94-854c-c947700adcc8 None None] Created schema index Meter.name {{(pid=104651) autocreate_indices /opt/stack/data/venv/lib/python3.10/site-packages/ovsdbapp/backend/ovs_idl/__init__.py:106}}
Mar 20 06:59:03 ubuntu neutron-server[104464]: DEBUG oslo_service.service [-] wsgi_default_pool_size         = 100 {{(pid=104464) log_opt_values /opt/stack/data/venv/lib/python3.10/site-packages/oslo_config/cfg.py:2613}}
Mar 20 06:59:03 ubuntu neutron-server[104654]: DEBUG neutron_lib.callbacks.manager [-] Subscribe: <bound method OVNPortForwarding._handle_notification of <neutron.services.portforwarding.drivers.ovn.driver.OVNPortForwarding object at 0x7fd83c227a90>> port_forwarding after_delete 55550000, False {{(pid=104654) subscribe /opt/stack/data/venv/lib/python3.10/site-packages/neutron_lib/callbacks/manager.py:52}}
Mar 20 06:59:03 ubuntu neutron-server[104654]: DEBUG neutron_lib.callbacks.manager [-] Subscribe: <bound method OVNPortForwarding._handle_lb_on_ls of <neutron.services.portforwarding.drivers.ovn.driver.OVNPortForwarding object at 0x7fd83c227a90>> router_interface after_delete 55550000, False {{(pid=104654) subscribe /opt/stack/data/venv/lib/python3.10/site-packages/neutron_lib/callbacks/manager.py:52}}
Mar 20 06:59:03 ubuntu neutron-server[104464]: DEBUG oslo_service.service [-] wsgi_keep_alive                = True {{(pid=104464) log_opt_values /opt/stack/data/venv/lib/python3.10/site-packages/oslo_config/cfg.py:2613}}
Mar 20 06:59:03 ubuntu neutron-server[104651]: DEBUG ovsdbapp.backend.ovs_idl [None req-42798926-fdca-4d94-854c-c947700adcc8 None None] Created schema index Load_Balancer_Group.name {{(pid=104651) autocreate_indices /opt/stack/data/venv/lib/python3.10/site-packages/ovsdbapp/backend/ovs_idl/__init__.py:106}}
Mar 20 06:59:03 ubuntu neutron-server[104464]: DEBUG oslo_service.service [-] wsgi_log_format                = %(client_ip)s "%(request_line)s" status: %(status_code)s  len: %(body_length)s time: %(wall_seconds).7f {{(pid=104464) log_opt_values /opt/stack/data/venv/lib/python3.10/site-packages/oslo_config/cfg.py:2613}}
Mar 20 06:59:03 ubuntu neutron-server[104464]: DEBUG oslo_service.service [-] wsgi_server_debug              = False {{(pid=104464) log_opt_values /opt/stack/data/venv/lib/python3.10/site-packages/oslo_config/cfg.py:2613}}
Mar 20 06:59:03 ubuntu neutron-server[104654]: INFO neutron.plugins.ml2.drivers.ovn.mech_driver.ovsdb.extensions.qos [-] Starting OVNClientQosExtension
Mar 20 06:59:03 ubuntu neutron-server[104651]: DEBUG ovsdbapp.backend.ovs_idl [None req-42798926-fdca-4d94-854c-c947700adcc8 None None] Created schema index HA_Chassis_Group.name {{(pid=104651) autocreate_indices /opt/stack/data/venv/lib/python3.10/site-packages/ovsdbapp/backend/ovs_idl/__init__.py:106}}
Mar 20 06:59:03 ubuntu neutron-server[104464]: DEBUG oslo_service.service [-] oslo_concurrency.disable_process_locking = False {{(pid=104464) log_opt_values /opt/stack/data/venv/lib/python3.10/site-packages/oslo_config/cfg.py:2620}}
Mar 20 06:59:03 ubuntu neutron-server[104464]: DEBUG oslo_service.service [-] oslo_concurrency.lock_path     = /opt/stack/data/neutron/lock {{(pid=104464) log_opt_values /opt/stack/data/venv/lib/python3.10/site-packages/oslo_config/cfg.py:2620}}
Mar 20 06:59:03 ubuntu neutron-server[104654]: INFO neutron.plugins.ml2.drivers.ovn.mech_driver.ovsdb.extensions.placement [-] Starting OVNClientPlacementExtension
Mar 20 06:59:03 ubuntu neutron-server[104464]: DEBUG oslo_service.service [-] profiler.connection_string     = messaging:// {{(pid=104464) log_opt_values /opt/stack/data/venv/lib/python3.10/site-packages/oslo_config/cfg.py:2620}}
Mar 20 06:59:03 ubuntu neutron-server[104650]: DEBUG neutron.common.ovn.hash_ring_manager [None req-a171e686-f137-4205-90d5-578763997db8 None None] Hash Ring loaded. 2 active nodes. 0 offline nodes {{(pid=104650) _load_hash_ring /opt/stack/neutron/neutron/common/ovn/hash_ring_manager.py:99}}
Mar 20 06:59:03 ubuntu neutron-server[104651]: DEBUG ovsdbapp.backend.ovs_idl [None req-42798926-fdca-4d94-854c-c947700adcc8 None None] Created schema index Address_Set.name {{(pid=104651) autocreate_indices /opt/stack/data/venv/lib/python3.10/site-packages/ovsdbapp/backend/ovs_idl/__init__.py:106}}
Mar 20 06:59:03 ubuntu neutron-server[104464]: DEBUG oslo_service.service [-] profiler.enabled               = False {{(pid=104464) log_opt_values /opt/stack/data/venv/lib/python3.10/site-packages/oslo_config/cfg.py:2620}}
Mar 20 06:59:03 ubuntu neutron-server[104464]: DEBUG oslo_service.service [-] profiler.es_doc_type           = notification {{(pid=104464) log_opt_values /opt/stack/data/venv/lib/python3.10/site-packages/oslo_config/cfg.py:2620}}
Mar 20 06:59:03 ubuntu neutron-server[104651]: DEBUG ovsdbapp.backend.ovs_idl [None req-42798926-fdca-4d94-854c-c947700adcc8 None None] Created schema index Connection.target {{(pid=104651) autocreate_indices /opt/stack/data/venv/lib/python3.10/site-packages/ovsdbapp/backend/ovs_idl/__init__.py:106}}
Mar 20 06:59:03 ubuntu neutron-server[104464]: DEBUG oslo_service.service [-] profiler.es_scroll_size        = 10000 {{(pid=104464) log_opt_values /opt/stack/data/venv/lib/python3.10/site-packages/oslo_config/cfg.py:2620}}
Mar 20 06:59:03 ubuntu neutron-server[104654]: DEBUG neutron_lib.callbacks.manager [-] Subscribe: <bound method Plugin._prevent_segment_delete_with_subnet_associated of <neutron.services.segments.plugin.Plugin object at 0x7fd83bc31300>> segment before_delete 55550000, False {{(pid=104654) subscribe /opt/stack/data/venv/lib/python3.10/site-packages/neutron_lib/callbacks/manager.py:52}}
Mar 20 06:59:03 ubuntu neutron-server[104464]: DEBUG oslo_service.service [-] profiler.es_scroll_time        = 2m {{(pid=104464) log_opt_values /opt/stack/data/venv/lib/python3.10/site-packages/oslo_config/cfg.py:2620}}
Mar 20 06:59:03 ubuntu neutron-server[104654]: DEBUG neutron_lib.callbacks.manager [-] Subscribe: <bound method Plugin._validate_auto_address_subnet_delete of <neutron.services.segments.plugin.Plugin object at 0x7fd83bc31300>> subnet precommit_delete_associations 55550000, False {{(pid=104654) subscribe /opt/stack/data/venv/lib/python3.10/site-packages/neutron_lib/callbacks/manager.py:52}}
Mar 20 06:59:03 ubuntu neutron-server[104464]: DEBUG oslo_service.service [-] profiler.filter_error_trace    = False {{(pid=104464) log_opt_values /opt/stack/data/venv/lib/python3.10/site-packages/oslo_config/cfg.py:2620}}
Mar 20 06:59:03 ubuntu neutron-server[104651]: DEBUG ovsdbapp.backend.ovs_idl [None req-42798926-fdca-4d94-854c-c947700adcc8 None None] Created schema index Gateway_Chassis.name {{(pid=104651) autocreate_indices /opt/stack/data/venv/lib/python3.10/site-packages/ovsdbapp/backend/ovs_idl/__init__.py:106}}
Mar 20 06:59:03 ubuntu neutron-server[104464]: DEBUG oslo_service.service [-] profiler.hmac_keys             = **** {{(pid=104464) log_opt_values /opt/stack/data/venv/lib/python3.10/site-packages/oslo_config/cfg.py:2620}}
Mar 20 06:59:03 ubuntu neutron-server[104464]: DEBUG oslo_service.service [-] profiler.sentinel_service_name = mymaster {{(pid=104464) log_opt_values /opt/stack/data/venv/lib/python3.10/site-packages/oslo_config/cfg.py:2620}}
Mar 20 06:59:03 ubuntu neutron-server[104651]: DEBUG ovsdbapp.backend.ovs_idl [None req-42798926-fdca-4d94-854c-c947700adcc8 None None] Created schema index Logical_Router_Port.name {{(pid=104651) autocreate_indices /opt/stack/data/venv/lib/python3.10/site-packages/ovsdbapp/backend/ovs_idl/__init__.py:106}}
Mar 20 06:59:03 ubuntu neutron-server[104654]: DEBUG neutron_lib.callbacks.manager [-] Subscribe: <bound method NovaSegmentNotifier._notify_host_addition_to_aggregate of <neutron.services.segments.plugin.NovaSegmentNotifier object at 0x7fd83bc33fa0>> segment_host_mapping after_create 55550000, False {{(pid=104654) subscribe /opt/stack/data/venv/lib/python3.10/site-packages/neutron_lib/callbacks/manager.py:52}}
Mar 20 06:59:03 ubuntu neutron-server[104464]: DEBUG oslo_service.service [-] profiler.socket_timeout        = 0.1 {{(pid=104464) log_opt_values /opt/stack/data/venv/lib/python3.10/site-packages/oslo_config/cfg.py:2620}}
Mar 20 06:59:03 ubuntu neutron-server[104651]: DEBUG ovsdbapp.backend.ovs_idl [None req-42798926-fdca-4d94-854c-c947700adcc8 None None] Created schema index Port_Group.name {{(pid=104651) autocreate_indices /opt/stack/data/venv/lib/python3.10/site-packages/ovsdbapp/backend/ovs_idl/__init__.py:106}}
Mar 20 06:59:03 ubuntu neutron-server[104464]: DEBUG oslo_service.service [-] profiler.trace_requests        = False {{(pid=104464) log_opt_values /opt/stack/data/venv/lib/python3.10/site-packages/oslo_config/cfg.py:2620}}
Mar 20 06:59:03 ubuntu neutron-server[104654]: DEBUG neutron_lib.callbacks.manager [-] Subscribe: <bound method NovaSegmentNotifier._notify_port_created_or_deleted of <neutron.services.segments.plugin.NovaSegmentNotifier object at 0x7fd83bc33fa0>> port after_create 55550000, False {{(pid=104654) subscribe /opt/stack/data/venv/lib/python3.10/site-packages/neutron_lib/callbacks/manager.py:52}}
Mar 20 06:59:03 ubuntu neutron-server[104464]: DEBUG oslo_service.service [-] profiler.trace_sqlalchemy      = False {{(pid=104464) log_opt_values /opt/stack/data/venv/lib/python3.10/site-packages/oslo_config/cfg.py:2620}}
Mar 20 06:59:03 ubuntu neutron-server[104464]: DEBUG oslo_service.service [-] profiler_jaeger.process_tags   = {} {{(pid=104464) log_opt_values /opt/stack/data/venv/lib/python3.10/site-packages/oslo_config/cfg.py:2620}}
Mar 20 06:59:03 ubuntu neutron-server[104654]: DEBUG neutron_lib.callbacks.manager [-] Subscribe: <bound method NovaSegmentNotifier._notify_port_created_or_deleted of <neutron.services.segments.plugin.NovaSegmentNotifier object at 0x7fd83bc33fa0>> port after_delete 55550000, False {{(pid=104654) subscribe /opt/stack/data/venv/lib/python3.10/site-packages/neutron_lib/callbacks/manager.py:52}}
Mar 20 06:59:03 ubuntu neutron-server[104651]: DEBUG ovsdbapp.backend.ovs_idl [None req-42798926-fdca-4d94-854c-c947700adcc8 None None] Created schema index Logical_Switch_Port.name {{(pid=104651) autocreate_indices /opt/stack/data/venv/lib/python3.10/site-packages/ovsdbapp/backend/ovs_idl/__init__.py:106}}
Mar 20 06:59:03 ubuntu neutron-server[104654]: DEBUG neutron_lib.callbacks.manager [-] Subscribe: <bound method NovaSegmentNotifier._notify_port_updated of <neutron.services.segments.plugin.NovaSegmentNotifier object at 0x7fd83bc33fa0>> port after_update 55550000, False {{(pid=104654) subscribe /opt/stack/data/venv/lib/python3.10/site-packages/neutron_lib/callbacks/manager.py:52}}
Mar 20 06:59:03 ubuntu neutron-server[104650]: DEBUG neutron.plugins.ml2.drivers.ovn.mech_driver.ovsdb.ovsdb_monitor [None req-a171e686-f137-4205-90d5-578763997db8 None None] Hash Ring: Node 0e70626d-2e1f-48e4-9c34-ca143eb7afa8 (host: ubuntu) handling event "create" for row 0ecdf4b5-d2d5-4abc-bc30-ad0d78678170 (table: Database) {{(pid=104650) notify /opt/stack/neutron/neutron/plugins/ml2/drivers/ovn/mech_driver/ovsdb/ovsdb_monitor.py:793}}
Mar 20 06:59:03 ubuntu neutron-server[104654]: DEBUG neutron_lib.callbacks.manager [-] Subscribe: <bound method NovaSegmentNotifier._notify_segment_deleted of <neutron.services.segments.plugin.NovaSegmentNotifier object at 0x7fd83bc33fa0>> segment after_delete 55550000, False {{(pid=104654) subscribe /opt/stack/data/venv/lib/python3.10/site-packages/neutron_lib/callbacks/manager.py:52}}
Mar 20 06:59:03 ubuntu neutron-server[104654]: DEBUG neutron_lib.callbacks.manager [-] Subscribe: <bound method NovaSegmentNotifier._notify_subnet_created of <neutron.services.segments.plugin.NovaSegmentNotifier object at 0x7fd83bc33fa0>> subnet after_create 55550000, False {{(pid=104654) subscribe /opt/stack/data/venv/lib/python3.10/site-packages/neutron_lib/callbacks/manager.py:52}}
Mar 20 06:59:03 ubuntu neutron-server[104464]: DEBUG oslo_service.service [-] profiler_jaeger.service_name_prefix = None {{(pid=104464) log_opt_values /opt/stack/data/venv/lib/python3.10/site-packages/oslo_config/cfg.py:2620}}
Mar 20 06:59:03 ubuntu neutron-server[104654]: DEBUG neutron_lib.callbacks.manager [-] Subscribe: <bound method NovaSegmentNotifier._notify_subnet_deleted of <neutron.services.segments.plugin.NovaSegmentNotifier object at 0x7fd83bc33fa0>> subnet after_delete 55550000, False {{(pid=104654) subscribe /opt/stack/data/venv/lib/python3.10/site-packages/neutron_lib/callbacks/manager.py:52}}
Mar 20 06:59:03 ubuntu neutron-server[104650]: DEBUG neutron.plugins.ml2.drivers.ovn.mech_driver.ovsdb.ovsdb_monitor [None req-a171e686-f137-4205-90d5-578763997db8 None None] Hash Ring: Node 0e70626d-2e1f-48e4-9c34-ca143eb7afa8 (host: ubuntu) handling event "create" for row fe2c4052-cf3a-40df-8775-e577ff827168 (table: Database) {{(pid=104650) notify /opt/stack/neutron/neutron/plugins/ml2/drivers/ovn/mech_driver/ovsdb/ovsdb_monitor.py:793}}
Mar 20 06:59:03 ubuntu neutron-server[104654]: DEBUG neutron_lib.callbacks.manager [-] Subscribe: <bound method NovaSegmentNotifier._notify_subnet_updated of <neutron.services.segments.plugin.NovaSegmentNotifier object at 0x7fd83bc33fa0>> subnet after_update 55550000, False {{(pid=104654) subscribe /opt/stack/data/venv/lib/python3.10/site-packages/neutron_lib/callbacks/manager.py:52}}
Mar 20 06:59:03 ubuntu neutron-server[104464]: DEBUG oslo_service.service [-] profiler_otlp.service_name_prefix = None {{(pid=104464) log_opt_values /opt/stack/data/venv/lib/python3.10/site-packages/oslo_config/cfg.py:2620}}
Mar 20 06:59:03 ubuntu neutron-server[104464]: DEBUG oslo_service.service [-] oslo_policy.enforce_new_defaults = True {{(pid=104464) log_opt_values /opt/stack/data/venv/lib/python3.10/site-packages/oslo_config/cfg.py:2620}}
Mar 20 06:59:03 ubuntu neutron-server[104464]: DEBUG oslo_service.service [-] oslo_policy.enforce_scope      = True {{(pid=104464) log_opt_values /opt/stack/data/venv/lib/python3.10/site-packages/oslo_config/cfg.py:2620}}
Mar 20 06:59:03 ubuntu neutron-server[104464]: DEBUG oslo_service.service [-] oslo_policy.policy_default_rule = default {{(pid=104464) log_opt_values /opt/stack/data/venv/lib/python3.10/site-packages/oslo_config/cfg.py:2620}}
Mar 20 06:59:03 ubuntu neutron-server[104464]: DEBUG oslo_service.service [-] oslo_policy.policy_dirs        = ['policy.d'] {{(pid=104464) log_opt_values /opt/stack/data/venv/lib/python3.10/site-packages/oslo_config/cfg.py:2620}}
Mar 20 06:59:03 ubuntu neutron-server[104464]: DEBUG oslo_service.service [-] oslo_policy.policy_file        = /etc/neutron/policy.json {{(pid=104464) log_opt_values /opt/stack/data/venv/lib/python3.10/site-packages/oslo_config/cfg.py:2620}}
Mar 20 06:59:03 ubuntu neutron-server[104464]: DEBUG oslo_service.service [-] oslo_policy.remote_content_type = application/x-www-form-urlencoded {{(pid=104464) log_opt_values /opt/stack/data/venv/lib/python3.10/site-packages/oslo_config/cfg.py:2620}}
Mar 20 06:59:03 ubuntu neutron-server[104651]: INFO ovsdbapp.backend.ovs_idl.vlog [None req-42798926-fdca-4d94-854c-c947700adcc8 None None] tcp:10.201.5.82:6641: connecting...
Mar 20 06:59:03 ubuntu neutron-server[104464]: DEBUG oslo_service.service [-] oslo_policy.remote_ssl_ca_crt_file = None {{(pid=104464) log_opt_values /opt/stack/data/venv/lib/python3.10/site-packages/oslo_config/cfg.py:2620}}
Mar 20 06:59:03 ubuntu neutron-server[104464]: DEBUG oslo_service.service [-] oslo_policy.remote_ssl_client_crt_file = None {{(pid=104464) log_opt_values /opt/stack/data/venv/lib/python3.10/site-packages/oslo_config/cfg.py:2620}}
Mar 20 06:59:03 ubuntu neutron-server[104464]: DEBUG oslo_service.service [-] oslo_policy.remote_ssl_client_key_file = None {{(pid=104464) log_opt_values /opt/stack/data/venv/lib/python3.10/site-packages/oslo_config/cfg.py:2620}}
Mar 20 06:59:03 ubuntu neutron-server[104464]: DEBUG oslo_service.service [-] oslo_policy.remote_ssl_verify_server_crt = False {{(pid=104464) log_opt_values /opt/stack/data/venv/lib/python3.10/site-packages/oslo_config/cfg.py:2620}}
Mar 20 06:59:03 ubuntu neutron-server[104464]: DEBUG oslo_service.service [-] oslo_messaging_metrics.metrics_buffer_size = 1000 {{(pid=104464) log_opt_values /opt/stack/data/venv/lib/python3.10/site-packages/oslo_config/cfg.py:2620}}
Mar 20 06:59:03 ubuntu neutron-server[104651]: INFO ovsdbapp.backend.ovs_idl.vlog [None req-42798926-fdca-4d94-854c-c947700adcc8 None None] tcp:10.201.5.82:6641: connected
Mar 20 06:59:03 ubuntu neutron-server[104464]: DEBUG oslo_service.service [-] oslo_messaging_metrics.metrics_enabled = False {{(pid=104464) log_opt_values /opt/stack/data/venv/lib/python3.10/site-packages/oslo_config/cfg.py:2620}}
Mar 20 06:59:03 ubuntu neutron-server[104464]: DEBUG oslo_service.service [-] oslo_messaging_metrics.metrics_process_name =  {{(pid=104464) log_opt_values /opt/stack/data/venv/lib/python3.10/site-packages/oslo_config/cfg.py:2620}}
Mar 20 06:59:03 ubuntu neutron-server[104464]: DEBUG oslo_service.service [-] oslo_messaging_metrics.metrics_socket_file = /var/tmp/metrics_collector.sock {{(pid=104464) log_opt_values /opt/stack/data/venv/lib/python3.10/site-packages/oslo_config/cfg.py:2620}}
Mar 20 06:59:03 ubuntu neutron-server[104464]: DEBUG oslo_service.service [-] oslo_messaging_metrics.metrics_thread_stop_timeout = 10 {{(pid=104464) log_opt_values /opt/stack/data/venv/lib/python3.10/site-packages/oslo_config/cfg.py:2620}}
Mar 20 06:59:03 ubuntu neutron-server[104464]: DEBUG oslo_service.service [-] oslo_middleware.enable_proxy_headers_parsing = False {{(pid=104464) log_opt_values /opt/stack/data/venv/lib/python3.10/site-packages/oslo_config/cfg.py:2620}}
Mar 20 06:59:03 ubuntu neutron-server[104464]: DEBUG oslo_service.service [-] oslo_middleware.http_basic_auth_user_file = /etc/htpasswd {{(pid=104464) log_opt_values /opt/stack/data/venv/lib/python3.10/site-packages/oslo_config/cfg.py:2620}}
Mar 20 06:59:03 ubuntu neutron-server[104464]: DEBUG oslo_service.service [-] service_providers.service_provider = [] {{(pid=104464) log_opt_values /opt/stack/data/venv/lib/python3.10/site-packages/oslo_config/cfg.py:2620}}
Mar 20 06:59:03 ubuntu neutron-server[104464]: DEBUG oslo_service.service [-] nova.auth_section              = None {{(pid=104464) log_opt_values /opt/stack/data/venv/lib/python3.10/site-packages/oslo_config/cfg.py:2620}}
Mar 20 06:59:03 ubuntu neutron-server[104464]: DEBUG oslo_service.service [-] nova.auth_type                 = password {{(pid=104464) log_opt_values /opt/stack/data/venv/lib/python3.10/site-packages/oslo_config/cfg.py:2620}}
Mar 20 06:59:03 ubuntu neutron-server[104464]: DEBUG oslo_service.service [-] nova.auth_url                  = http://10.201.5.82/identity {{(pid=104464) log_opt_values /opt/stack/data/venv/lib/python3.10/site-packages/oslo_config/cfg.py:2620}}
Mar 20 06:59:03 ubuntu neutron-server[104650]: DEBUG neutron.plugins.ml2.drivers.ovn.mech_driver.ovsdb.ovsdb_monitor [None req-a171e686-f137-4205-90d5-578763997db8 None None] Hash Ring: Node 0e70626d-2e1f-48e4-9c34-ca143eb7afa8 (host: ubuntu) handling event "create" for row a98e84ed-73b9-4b9f-b4eb-3623a54f88b8 (table: Chassis) {{(pid=104650) notify /opt/stack/neutron/neutron/plugins/ml2/drivers/ovn/mech_driver/ovsdb/ovsdb_monitor.py:793}}
Mar 20 06:59:03 ubuntu neutron-server[104464]: DEBUG oslo_service.service [-] nova.cafile                    = /opt/stack/data/ca-bundle.pem {{(pid=104464) log_opt_values /opt/stack/data/venv/lib/python3.10/site-packages/oslo_config/cfg.py:2620}}
Mar 20 06:59:03 ubuntu neutron-server[104650]: DEBUG neutron.plugins.ml2.drivers.ovn.mech_driver.ovsdb.ovsdb_monitor [None req-a171e686-f137-4205-90d5-578763997db8 None None] ChassisAgentWriteEvent : Matched Chassis_Private, create, None None {{(pid=104650) matches /opt/stack/neutron/neutron/plugins/ml2/drivers/ovn/mech_driver/ovsdb/ovsdb_monitor.py:65}}
Mar 20 06:59:03 ubuntu neutron-server[104464]: DEBUG oslo_service.service [-] nova.certfile                  = None {{(pid=104464) log_opt_values /opt/stack/data/venv/lib/python3.10/site-packages/oslo_config/cfg.py:2620}}
Mar 20 06:59:03 ubuntu neutron-server[104650]: DEBUG neutron.plugins.ml2.drivers.ovn.mech_driver.ovsdb.ovsdb_monitor [None req-a171e686-f137-4205-90d5-578763997db8 None None] ChassisMetadataAgentWriteEvent : Matched Chassis_Private, create, None None {{(pid=104650) matches /opt/stack/neutron/neutron/plugins/ml2/drivers/ovn/mech_driver/ovsdb/ovsdb_monitor.py:65}}
Mar 20 06:59:03 ubuntu neutron-server[104464]: DEBUG oslo_service.service [-] nova.collect_timing            = False {{(pid=104464) log_opt_values /opt/stack/data/venv/lib/python3.10/site-packages/oslo_config/cfg.py:2620}}
Mar 20 06:59:03 ubuntu neutron-server[104464]: DEBUG oslo_service.service [-] nova.default_domain_id         = None {{(pid=104464) log_opt_values /opt/stack/data/venv/lib/python3.10/site-packages/oslo_config/cfg.py:2620}}
Mar 20 06:59:03 ubuntu neutron-server[104650]: DEBUG neutron.plugins.ml2.drivers.ovn.mech_driver.ovsdb.ovsdb_monitor [None req-a171e686-f137-4205-90d5-578763997db8 None None] Hash Ring: Node 0e70626d-2e1f-48e4-9c34-ca143eb7afa8 (host: ubuntu) handling event "create" for row 1ad9cc3a-9f64-4cd0-85d9-ddd1f7419e62 (table: Encap) {{(pid=104650) notify /opt/stack/neutron/neutron/plugins/ml2/drivers/ovn/mech_driver/ovsdb/ovsdb_monitor.py:793}}
Mar 20 06:59:03 ubuntu neutron-server[104464]: DEBUG oslo_service.service [-] nova.default_domain_name       = None {{(pid=104464) log_opt_values /opt/stack/data/venv/lib/python3.10/site-packages/oslo_config/cfg.py:2620}}
Mar 20 06:59:03 ubuntu neutron-server[104464]: DEBUG oslo_service.service [-] nova.domain_id                 = None {{(pid=104464) log_opt_values /opt/stack/data/venv/lib/python3.10/site-packages/oslo_config/cfg.py:2620}}
Mar 20 06:59:03 ubuntu neutron-server[104464]: DEBUG oslo_service.service [-] nova.domain_name               = None {{(pid=104464) log_opt_values /opt/stack/data/venv/lib/python3.10/site-packages/oslo_config/cfg.py:2620}}
Mar 20 06:59:03 ubuntu neutron-server[104464]: DEBUG oslo_service.service [-] nova.endpoint_type             = public {{(pid=104464) log_opt_values /opt/stack/data/venv/lib/python3.10/site-packages/oslo_config/cfg.py:2620}}
Mar 20 06:59:03 ubuntu neutron-server[104464]: DEBUG oslo_service.service [-] nova.insecure                  = False {{(pid=104464) log_opt_values /opt/stack/data/venv/lib/python3.10/site-packages/oslo_config/cfg.py:2620}}
Mar 20 06:59:03 ubuntu neutron-server[104464]: DEBUG oslo_service.service [-] nova.keyfile                   = None {{(pid=104464) log_opt_values /opt/stack/data/venv/lib/python3.10/site-packages/oslo_config/cfg.py:2620}}
Mar 20 06:59:03 ubuntu neutron-server[104464]: DEBUG oslo_service.service [-] nova.password                  = **** {{(pid=104464) log_opt_values /opt/stack/data/venv/lib/python3.10/site-packages/oslo_config/cfg.py:2620}}
Mar 20 06:59:03 ubuntu neutron-server[104464]: DEBUG oslo_service.service [-] nova.project_domain_id         = None {{(pid=104464) log_opt_values /opt/stack/data/venv/lib/python3.10/site-packages/oslo_config/cfg.py:2620}}
Mar 20 06:59:03 ubuntu neutron-server[104464]: DEBUG oslo_service.service [-] nova.project_domain_name       = Default {{(pid=104464) log_opt_values /opt/stack/data/venv/lib/python3.10/site-packages/oslo_config/cfg.py:2620}}
Mar 20 06:59:03 ubuntu neutron-server[104650]: INFO neutron.plugins.ml2.drivers.ovn.mech_driver.mech_driver [None req-a171e686-f137-4205-90d5-578763997db8 None None] WorkerService process has finished the post initialization
Mar 20 06:59:03 ubuntu neutron-server[104464]: DEBUG oslo_service.service [-] nova.project_id                = None {{(pid=104464) log_opt_values /opt/stack/data/venv/lib/python3.10/site-packages/oslo_config/cfg.py:2620}}
Mar 20 06:59:03 ubuntu neutron-server[104464]: DEBUG oslo_service.service [-] nova.project_name              = service {{(pid=104464) log_opt_values /opt/stack/data/venv/lib/python3.10/site-packages/oslo_config/cfg.py:2620}}
Mar 20 06:59:03 ubuntu neutron-server[104464]: DEBUG oslo_service.service [-] nova.region_name               = RegionOne {{(pid=104464) log_opt_values /opt/stack/data/venv/lib/python3.10/site-packages/oslo_config/cfg.py:2620}}
Mar 20 06:59:03 ubuntu neutron-server[104464]: DEBUG oslo_service.service [-] nova.split_loggers             = False {{(pid=104464) log_opt_values /opt/stack/data/venv/lib/python3.10/site-packages/oslo_config/cfg.py:2620}}
Mar 20 06:59:03 ubuntu neutron-server[104650]: INFO neutron.wsgi [-] (104650) wsgi starting up on http://0.0.0.0:9696
Mar 20 06:59:03 ubuntu neutron-server[104464]: DEBUG oslo_service.service [-] nova.system_scope              = None {{(pid=104464) log_opt_values /opt/stack/data/venv/lib/python3.10/site-packages/oslo_config/cfg.py:2620}}
Mar 20 06:59:03 ubuntu neutron-server[104650]: DEBUG neutron.wsgi [-] (104650) accepted ('10.201.5.82', 57200) {{(pid=104650) server /opt/stack/data/venv/lib/python3.10/site-packages/eventlet/wsgi.py:1029}}
Mar 20 06:59:03 ubuntu neutron-server[104464]: DEBUG oslo_service.service [-] nova.timeout                   = None {{(pid=104464) log_opt_values /opt/stack/data/venv/lib/python3.10/site-packages/oslo_config/cfg.py:2620}}
Mar 20 06:59:03 ubuntu neutron-server[104464]: DEBUG oslo_service.service [-] nova.trust_id                  = None {{(pid=104464) log_opt_values /opt/stack/data/venv/lib/python3.10/site-packages/oslo_config/cfg.py:2620}}
Mar 20 06:59:03 ubuntu neutron-server[104464]: DEBUG oslo_service.service [-] nova.user_domain_id            = None {{(pid=104464) log_opt_values /opt/stack/data/venv/lib/python3.10/site-packages/oslo_config/cfg.py:2620}}
Mar 20 06:59:03 ubuntu neutron-server[104464]: DEBUG oslo_service.service [-] nova.user_domain_name          = Default {{(pid=104464) log_opt_values /opt/stack/data/venv/lib/python3.10/site-packages/oslo_config/cfg.py:2620}}
Mar 20 06:59:03 ubuntu neutron-server[104464]: DEBUG oslo_service.service [-] nova.user_id                   = None {{(pid=104464) log_opt_values /opt/stack/data/venv/lib/python3.10/site-packages/oslo_config/cfg.py:2620}}
Mar 20 06:59:03 ubuntu neutron-server[104464]: DEBUG oslo_service.service [-] nova.username                  = nova {{(pid=104464) log_opt_values /opt/stack/data/venv/lib/python3.10/site-packages/oslo_config/cfg.py:2620}}
Mar 20 06:59:03 ubuntu neutron-server[104464]: DEBUG oslo_service.service [-] placement.auth_section         = None {{(pid=104464) log_opt_values /opt/stack/data/venv/lib/python3.10/site-packages/oslo_config/cfg.py:2620}}
Mar 20 06:59:03 ubuntu neutron-server[104464]: DEBUG oslo_service.service [-] placement.auth_type            = password {{(pid=104464) log_opt_values /opt/stack/data/venv/lib/python3.10/site-packages/oslo_config/cfg.py:2620}}
Mar 20 06:59:03 ubuntu neutron-server[104464]: DEBUG oslo_service.service [-] placement.cafile               = /opt/stack/data/ca-bundle.pem {{(pid=104464) log_opt_values /opt/stack/data/venv/lib/python3.10/site-packages/oslo_config/cfg.py:2620}}
Mar 20 06:59:03 ubuntu neutron-server[104464]: DEBUG oslo_service.service [-] placement.certfile             = None {{(pid=104464) log_opt_values /opt/stack/data/venv/lib/python3.10/site-packages/oslo_config/cfg.py:2620}}
Mar 20 06:59:03 ubuntu neutron-server[104464]: DEBUG oslo_service.service [-] placement.collect_timing       = False {{(pid=104464) log_opt_values /opt/stack/data/venv/lib/python3.10/site-packages/oslo_config/cfg.py:2620}}
Mar 20 06:59:03 ubuntu neutron-server[104464]: DEBUG oslo_service.service [-] placement.endpoint_type        = public {{(pid=104464) log_opt_values /opt/stack/data/venv/lib/python3.10/site-packages/oslo_config/cfg.py:2620}}
Mar 20 06:59:03 ubuntu neutron-server[104464]: DEBUG oslo_service.service [-] placement.insecure             = False {{(pid=104464) log_opt_values /opt/stack/data/venv/lib/python3.10/site-packages/oslo_config/cfg.py:2620}}
Mar 20 06:59:03 ubuntu neutron-server[104464]: DEBUG oslo_service.service [-] placement.keyfile              = None {{(pid=104464) log_opt_values /opt/stack/data/venv/lib/python3.10/site-packages/oslo_config/cfg.py:2620}}
Mar 20 06:59:03 ubuntu neutron-server[104464]: DEBUG oslo_service.service [-] placement.region_name          = None {{(pid=104464) log_opt_values /opt/stack/data/venv/lib/python3.10/site-packages/oslo_config/cfg.py:2620}}
Mar 20 06:59:03 ubuntu neutron-server[104464]: DEBUG oslo_service.service [-] placement.split_loggers        = False {{(pid=104464) log_opt_values /opt/stack/data/venv/lib/python3.10/site-packages/oslo_config/cfg.py:2620}}
Mar 20 06:59:03 ubuntu neutron-server[104464]: DEBUG oslo_service.service [-] placement.timeout              = None {{(pid=104464) log_opt_values /opt/stack/data/venv/lib/python3.10/site-packages/oslo_config/cfg.py:2620}}
Mar 20 06:59:03 ubuntu neutron-server[104464]: DEBUG oslo_service.service [-] ironic.auth_section            = None {{(pid=104464) log_opt_values /opt/stack/data/venv/lib/python3.10/site-packages/oslo_config/cfg.py:2620}}
Mar 20 06:59:03 ubuntu neutron-server[104464]: DEBUG oslo_service.service [-] ironic.auth_type               = None {{(pid=104464) log_opt_values /opt/stack/data/venv/lib/python3.10/site-packages/oslo_config/cfg.py:2620}}
Mar 20 06:59:03 ubuntu neutron-server[104464]: DEBUG oslo_service.service [-] ironic.cafile                  = None {{(pid=104464) log_opt_values /opt/stack/data/venv/lib/python3.10/site-packages/oslo_config/cfg.py:2620}}
Mar 20 06:59:03 ubuntu neutron-server[104464]: DEBUG oslo_service.service [-] ironic.certfile                = None {{(pid=104464) log_opt_values /opt/stack/data/venv/lib/python3.10/site-packages/oslo_config/cfg.py:2620}}
Mar 20 06:59:03 ubuntu neutron-server[104464]: DEBUG oslo_service.service [-] ironic.collect_timing          = False {{(pid=104464) log_opt_values /opt/stack/data/venv/lib/python3.10/site-packages/oslo_config/cfg.py:2620}}
Mar 20 06:59:03 ubuntu neutron-server[104464]: DEBUG oslo_service.service [-] ironic.connect_retries         = None {{(pid=104464) log_opt_values /opt/stack/data/venv/lib/python3.10/site-packages/oslo_config/cfg.py:2620}}
Mar 20 06:59:03 ubuntu neutron-server[104464]: DEBUG oslo_service.service [-] ironic.connect_retry_delay     = None {{(pid=104464) log_opt_values /opt/stack/data/venv/lib/python3.10/site-packages/oslo_config/cfg.py:2620}}
