Aug 29 11:16:02 ubuntu devstack@keystone.service[80848]: DEBUG keystone.server.flask.common [-] Adding resource routes to API regions: ['/regions' {}] {{(pid=80848) _add_mapped_resources /opt/stack/keystone/keystone/server/flask/common.py:483}}
Aug 29 11:16:02 ubuntu devstack@keystone.service[80848]: DEBUG keystone.server.flask.common [-] Adding resource routes to API regions: ['/regions/<string:region_id>' {}] {{(pid=80848) _add_mapped_resources /opt/stack/keystone/keystone/server/flask/common.py:483}}
Aug 29 11:16:02 ubuntu devstack@keystone.service[80848]: DEBUG keystone.server.flask.common [-] Adding resource routes to API registered_limits: ['/registered_limits' {}] {{(pid=80848) _add_mapped_resources /opt/stack/keystone/keystone/server/flask/common.py:483}}
Aug 29 11:16:02 ubuntu devstack@keystone.service[80848]: DEBUG keystone.server.flask.common [-] Adding resource routes to API registered_limits: ['/registered_limits/<string:registered_limit_id>' {}] {{(pid=80848) _add_mapped_resources /opt/stack/keystone/keystone/server/flask/common.py:483}}
Aug 29 11:16:02 ubuntu devstack@keystone.service[80848]: DEBUG keystone.server.flask.common [-] Adding resource routes to API role_assignments: ['/role_assignments' {}] {{(pid=80848) _add_mapped_resources /opt/stack/keystone/keystone/server/flask/common.py:483}}
Aug 29 11:16:02 ubuntu devstack@keystone.service[80848]: DEBUG keystone.server.flask.common [-] Adding resource routes to API role_inferences: ['/role_inferences' {}] {{(pid=80848) _add_mapped_resources /opt/stack/keystone/keystone/server/flask/common.py:483}}
Aug 29 11:16:02 ubuntu devstack@keystone.service[80848]: DEBUG keystone.server.flask.common [-] Adding resource routes to API roles: ['/roles' {}] {{(pid=80848) _add_mapped_resources /opt/stack/keystone/keystone/server/flask/common.py:483}}
Aug 29 11:16:02 ubuntu devstack@keystone.service[80848]: DEBUG keystone.server.flask.common [-] Adding resource routes to API roles: ['/roles/<string:role_id>' {}] {{(pid=80848) _add_mapped_resources /opt/stack/keystone/keystone/server/flask/common.py:483}}
Aug 29 11:16:02 ubuntu devstack@keystone.service[80848]: DEBUG keystone.server.flask.common [-] Adding resource routes to API roles: ['/roles/<string:prior_role_id>/implies' {}] {{(pid=80848) _add_mapped_resources /opt/stack/keystone/keystone/server/flask/common.py:483}}
Aug 29 11:16:02 ubuntu devstack@keystone.service[80848]: DEBUG keystone.server.flask.common [-] Adding resource routes to API roles: ['/roles/<string:prior_role_id>/implies/<string:implied_role_id>' {}] {{(pid=80848) _add_mapped_resources /opt/stack/keystone/keystone/server/flask/common.py:483}}
Aug 29 11:16:02 ubuntu devstack@keystone.service[80848]: DEBUG keystone.server.flask.common [-] Adding resource routes to API s3tokens: ['/s3tokens' {}] {{(pid=80848) _add_mapped_resources /opt/stack/keystone/keystone/server/flask/common.py:483}}
Aug 29 11:16:02 ubuntu devstack@keystone.service[80848]: DEBUG keystone.server.flask.common [-] Adding resource routes to API services: ['/services' {}] {{(pid=80848) _add_mapped_resources /opt/stack/keystone/keystone/server/flask/common.py:483}}
Aug 29 11:16:02 ubuntu devstack@keystone.service[80848]: DEBUG keystone.server.flask.common [-] Adding resource routes to API services: ['/services/<string:service_id>' {}] {{(pid=80848) _add_mapped_resources /opt/stack/keystone/keystone/server/flask/common.py:483}}
Aug 29 11:16:02 ubuntu devstack@keystone.service[80848]: DEBUG keystone.server.flask.common [-] Adding resource routes to API system: ['/system/users/<string:user_id>/roles' {}] {{(pid=80848) _add_mapped_resources /opt/stack/keystone/keystone/server/flask/common.py:483}}
Aug 29 11:16:02 ubuntu devstack@keystone.service[80848]: DEBUG keystone.server.flask.common [-] Adding resource routes to API system: ['/system/users/<string:user_id>/roles/<string:role_id>' {}] {{(pid=80848) _add_mapped_resources /opt/stack/keystone/keystone/server/flask/common.py:483}}
Aug 29 11:16:02 ubuntu devstack@keystone.service[80848]: DEBUG keystone.server.flask.common [-] Adding resource routes to API system: ['/system/groups/<string:group_id>/roles' {}] {{(pid=80848) _add_mapped_resources /opt/stack/keystone/keystone/server/flask/common.py:483}}
Aug 29 11:16:02 ubuntu devstack@keystone.service[80848]: DEBUG keystone.server.flask.common [-] Adding resource routes to API system: ['/system/groups/<string:group_id>/roles/<string:role_id>' {}] {{(pid=80848) _add_mapped_resources /opt/stack/keystone/keystone/server/flask/common.py:483}}
Aug 29 11:16:02 ubuntu devstack@keystone.service[80848]: DEBUG keystone.server.flask.common [-] Adding resource routes to API trusts: ['/trusts' {}] {{(pid=80848) _add_mapped_resources /opt/stack/keystone/keystone/server/flask/common.py:483}}
Aug 29 11:16:02 ubuntu devstack@keystone.service[80848]: DEBUG keystone.server.flask.common [-] Adding resource routes to API trusts: ['/trusts/<string:trust_id>' {}] {{(pid=80848) _add_mapped_resources /opt/stack/keystone/keystone/server/flask/common.py:483}}
Aug 29 11:16:02 ubuntu devstack@keystone.service[80848]: DEBUG keystone.server.flask.common [-] Adding resource routes to API trusts: ['/trusts/<string:trust_id>/roles' {}] {{(pid=80848) _add_mapped_resources /opt/stack/keystone/keystone/server/flask/common.py:483}}
Aug 29 11:16:02 ubuntu devstack@keystone.service[80848]: DEBUG keystone.server.flask.common [-] Adding resource routes to API trusts: ['/trusts/<string:trust_id>/roles/<string:role_id>' {}] {{(pid=80848) _add_mapped_resources /opt/stack/keystone/keystone/server/flask/common.py:483}}
Aug 29 11:16:02 ubuntu devstack@keystone.service[80848]: DEBUG keystone.server.flask.common [-] Adding resource routes to API users: ['/users' {}] {{(pid=80848) _add_mapped_resources /opt/stack/keystone/keystone/server/flask/common.py:483}}
Aug 29 11:16:02 ubuntu devstack@keystone.service[80848]: DEBUG keystone.server.flask.common [-] Adding resource routes to API users: ['/users/<string:user_id>' {}] {{(pid=80848) _add_mapped_resources /opt/stack/keystone/keystone/server/flask/common.py:483}}
Aug 29 11:16:02 ubuntu devstack@keystone.service[80848]: DEBUG keystone.server.flask.common [-] Adding resource routes to API users: ['/users/<string:user_id>/password' {}] {{(pid=80848) _add_mapped_resources /opt/stack/keystone/keystone/server/flask/common.py:483}}
Aug 29 11:16:02 ubuntu devstack@keystone.service[80848]: DEBUG keystone.server.flask.common [-] Adding resource routes to API users: ['/users/<string:user_id>/groups' {}] {{(pid=80848) _add_mapped_resources /opt/stack/keystone/keystone/server/flask/common.py:483}}
Aug 29 11:16:02 ubuntu devstack@keystone.service[80848]: DEBUG keystone.server.flask.common [-] Adding resource routes to API users: ['/users/<string:user_id>/projects' {}] {{(pid=80848) _add_mapped_resources /opt/stack/keystone/keystone/server/flask/common.py:483}}
Aug 29 11:16:02 ubuntu devstack@keystone.service[80848]: DEBUG keystone.server.flask.common [-] Adding resource routes to API users: ['/users/<string:user_id>/credentials/OS-EC2' {}] {{(pid=80848) _add_mapped_resources /opt/stack/keystone/keystone/server/flask/common.py:483}}
Aug 29 11:16:02 ubuntu devstack@keystone.service[80848]: DEBUG keystone.server.flask.common [-] Adding resource routes to API users: ['/users/<string:user_id>/credentials/OS-EC2/<string:credential_id>' {}] {{(pid=80848) _add_mapped_resources /opt/stack/keystone/keystone/server/flask/common.py:483}}
Aug 29 11:16:02 ubuntu devstack@keystone.service[80848]: DEBUG keystone.server.flask.common [-] Adding resource routes to API users: ['/users/<string:user_id>/OS-OAUTH1/access_tokens' {}] {{(pid=80848) _add_mapped_resources /opt/stack/keystone/keystone/server/flask/common.py:483}}
Aug 29 11:16:02 ubuntu devstack@keystone.service[80848]: DEBUG keystone.server.flask.common [-] Adding resource routes to API users: ['/users/<string:user_id>/OS-OAUTH1/access_tokens/<string:access_token_id>' {}] {{(pid=80848) _add_mapped_resources /opt/stack/keystone/keystone/server/flask/common.py:483}}
Aug 29 11:16:02 ubuntu devstack@keystone.service[80848]: DEBUG keystone.server.flask.common [-] Adding resource routes to API users: ['/users/<string:user_id>/OS-OAUTH1/access_tokens/<string:access_token_id>/roles' {}] {{(pid=80848) _add_mapped_resources /opt/stack/keystone/keystone/server/flask/common.py:483}}
Aug 29 11:16:02 ubuntu devstack@keystone.service[80848]: DEBUG keystone.server.flask.common [-] Adding resource routes to API users: ['/users/<string:user_id>/OS-OAUTH1/access_tokens/<string:access_token_id>/roles/<string:role_id>' {}] {{(pid=80848) _add_mapped_resources /opt/stack/keystone/keystone/server/flask/common.py:483}}
Aug 29 11:16:02 ubuntu devstack@keystone.service[80848]: DEBUG keystone.server.flask.common [-] Adding resource routes to API users: ['/users/<string:user_id>/application_credentials' {}] {{(pid=80848) _add_mapped_resources /opt/stack/keystone/keystone/server/flask/common.py:483}}
Aug 29 11:16:02 ubuntu devstack@keystone.service[80848]: DEBUG keystone.server.flask.common [-] Adding resource routes to API users: ['/users/<string:user_id>/application_credentials/<string:application_credential_id>' {}] {{(pid=80848) _add_mapped_resources /opt/stack/keystone/keystone/server/flask/common.py:483}}
Aug 29 11:16:02 ubuntu devstack@keystone.service[80848]: DEBUG keystone.server.flask.common [-] Adding resource routes to API users: ['/users/<string:user_id>/access_rules' {}] {{(pid=80848) _add_mapped_resources /opt/stack/keystone/keystone/server/flask/common.py:483}}
Aug 29 11:16:02 ubuntu devstack@keystone.service[80848]: DEBUG keystone.server.flask.common [-] Adding resource routes to API users: ['/users/<string:user_id>/access_rules/<string:access_rule_id>' {}] {{(pid=80848) _add_mapped_resources /opt/stack/keystone/keystone/server/flask/common.py:483}}
Aug 29 11:16:02 ubuntu devstack@keystone.service[80848]: WSGI app 0 (mountpoint='') ready in 2 seconds on interpreter 0x556028aa2d40 pid: 80848 (default app)
Aug 29 11:16:08 ubuntu devstack@keystone.service[80847]: DEBUG keystone.server.flask.request_processing.req_logging [None req-3db80c5e-ab4a-48a4-bbae-d25c0d88585e None None] REQUEST_METHOD: `GET` {{(pid=80847) log_request_info /opt/stack/keystone/keystone/server/flask/request_processing/req_logging.py:26}}
Aug 29 11:16:08 ubuntu devstack@keystone.service[80847]: DEBUG keystone.server.flask.request_processing.req_logging [None req-3db80c5e-ab4a-48a4-bbae-d25c0d88585e None None] SCRIPT_NAME: `/identity` {{(pid=80847) log_request_info /opt/stack/keystone/keystone/server/flask/request_processing/req_logging.py:27}}
Aug 29 11:16:08 ubuntu devstack@keystone.service[80847]: DEBUG keystone.server.flask.request_processing.req_logging [None req-3db80c5e-ab4a-48a4-bbae-d25c0d88585e None None] PATH_INFO: `/` {{(pid=80847) log_request_info /opt/stack/keystone/keystone/server/flask/request_processing/req_logging.py:28}}
Aug 29 11:16:08 ubuntu devstack@keystone.service[80847]: [pid: 80847|app: 0|req: 2/2] 10.201.5.82 () {54 vars in 919 bytes} [Fri Aug 29 11:16:08 2025] GET /identity => generated 270 bytes in 2 msecs (HTTP/1.1 300) 6 headers in 234 bytes (1 switches on core 0)
Aug 29 11:16:08 ubuntu devstack@keystone.service[80848]: DEBUG keystone.server.flask.request_processing.req_logging [None req-1b828827-92ee-459e-a2ee-de43333c0f0f None None] REQUEST_METHOD: `POST` {{(pid=80848) log_request_info /opt/stack/keystone/keystone/server/flask/request_processing/req_logging.py:26}}
Aug 29 11:16:08 ubuntu devstack@keystone.service[80848]: DEBUG keystone.server.flask.request_processing.req_logging [None req-1b828827-92ee-459e-a2ee-de43333c0f0f None None] SCRIPT_NAME: `/identity` {{(pid=80848) log_request_info /opt/stack/keystone/keystone/server/flask/request_processing/req_logging.py:27}}
Aug 29 11:16:08 ubuntu devstack@keystone.service[80848]: DEBUG keystone.server.flask.request_processing.req_logging [None req-1b828827-92ee-459e-a2ee-de43333c0f0f None None] PATH_INFO: `/v3/auth/tokens` {{(pid=80848) log_request_info /opt/stack/keystone/keystone/server/flask/request_processing/req_logging.py:28}}
Aug 29 11:16:08 ubuntu devstack@keystone.service[80848]: INFO dbcounter [None req-1b828827-92ee-459e-a2ee-de43333c0f0f None None] Registered counter for database keystone
Aug 29 11:16:08 ubuntu devstack@keystone.service[80848]: DEBUG oslo_db.sqlalchemy.engines [None req-1b828827-92ee-459e-a2ee-de43333c0f0f None None] MySQL server mode set to STRICT_TRANS_TABLES,STRICT_ALL_TABLES,NO_ZERO_IN_DATE,NO_ZERO_DATE,ERROR_FOR_DIVISION_BY_ZERO,TRADITIONAL,NO_ENGINE_SUBSTITUTION {{(pid=80848) _check_effective_sql_mode /opt/stack/data/venv/lib/python3.10/site-packages/oslo_db/sqlalchemy/engines.py:397}}
Aug 29 11:16:08 ubuntu devstack@keystone.service[80848]: DEBUG dbcounter [-] [80848] Writer thread running {{(pid=80848) stat_writer /opt/stack/data/venv/lib/python3.10/site-packages/dbcounter.py:102}}
Aug 29 11:16:08 ubuntu devstack@keystone.service[80848]: WARNING keystone.common.password_hashing [None req-1b828827-92ee-459e-a2ee-de43333c0f0f None None] Truncating password to algorithm specific maximum length 72 characters.
Aug 29 11:16:08 ubuntu devstack@keystone.service[80848]: DEBUG keystone.auth.core [None req-1b828827-92ee-459e-a2ee-de43333c0f0f None None] MFA Rules not processed for user `cc11b1e9ce904d24baa45dd201a11095`. Rule list: `[]` (Enabled: `True`). {{(pid=80848) check_auth_methods_against_rules /opt/stack/keystone/keystone/auth/core.py:476}}
Aug 29 11:16:08 ubuntu devstack@keystone.service[80848]: DEBUG keystone.common.fernet_utils [None req-1b828827-92ee-459e-a2ee-de43333c0f0f None None] Loaded 2 Fernet keys from /etc/keystone/fernet-keys/, but `[fernet_tokens] max_active_keys = 3`; perhaps there have not been enough key rotations to reach `max_active_keys` yet? {{(pid=80848) load_keys /opt/stack/keystone/keystone/common/fernet_utils.py:297}}
Aug 29 11:16:08 ubuntu devstack@keystone.service[80848]: [pid: 80848|app: 0|req: 1/3] 10.201.5.82 () {58 vars in 1016 bytes} [Fri Aug 29 11:16:08 2025] POST /identity/v3/auth/tokens => generated 977 bytes in 317 msecs (HTTP/1.1 201) 6 headers in 384 bytes (1 switches on core 0)
Aug 29 11:16:08 ubuntu devstack@keystone.service[80847]: DEBUG keystone.server.flask.request_processing.middleware.auth_context [None req-3db80c5e-ab4a-48a4-bbae-d25c0d88585e None None] Authenticating user token {{(pid=80847) process_request /opt/stack/data/venv/lib/python3.10/site-packages/keystonemiddleware/auth_token/__init__.py:407}}
Aug 29 11:16:08 ubuntu devstack@keystone.service[80847]: INFO dbcounter [None req-3db80c5e-ab4a-48a4-bbae-d25c0d88585e None None] Registered counter for database keystone
Aug 29 11:16:08 ubuntu devstack@keystone.service[80847]: DEBUG oslo_db.sqlalchemy.engines [None req-3db80c5e-ab4a-48a4-bbae-d25c0d88585e None None] MySQL server mode set to STRICT_TRANS_TABLES,STRICT_ALL_TABLES,NO_ZERO_IN_DATE,NO_ZERO_DATE,ERROR_FOR_DIVISION_BY_ZERO,TRADITIONAL,NO_ENGINE_SUBSTITUTION {{(pid=80847) _check_effective_sql_mode /opt/stack/data/venv/lib/python3.10/site-packages/oslo_db/sqlalchemy/engines.py:397}}
Aug 29 11:16:08 ubuntu devstack@keystone.service[80847]: DEBUG dbcounter [-] [80847] Writer thread running {{(pid=80847) stat_writer /opt/stack/data/venv/lib/python3.10/site-packages/dbcounter.py:102}}
Aug 29 11:16:08 ubuntu devstack@keystone.service[80847]: DEBUG keystone.server.flask.request_processing.middleware.auth_context [None req-3db80c5e-ab4a-48a4-bbae-d25c0d88585e None None] Validating token access rules against request {{(pid=80847) validate_allowed_request /opt/stack/data/venv/lib/python3.10/site-packages/keystonemiddleware/auth_token/__init__.py:545}}
Aug 29 11:16:08 ubuntu devstack@keystone.service[80847]: DEBUG keystone.server.flask.request_processing.middleware.auth_context [None req-db244803-8240-4ffd-8287-a33c989edeac admin admin] RBAC: auth_context: {'token': <TokenModel (audit_id=cEWspWpNQ3yuFVkwouqkdw, audit_chain_id=['cEWspWpNQ3yuFVkwouqkdw']) at 0x7fe1327c9ff0>, 'domain_id': None, 'trust_id': None, 'trustor_id': None, 'trustee_id': None, 'domain_name': None, 'group_ids': [], 'user_id': 'cc11b1e9ce904d24baa45dd201a11095', 'user_domain_id': 'default', 'system_scope': None, 'project_id': 'a4e3c7298e9342a1adf91eaad5eed351', 'project_domain_id': 'default', 'roles': ['reader', 'manager', 'member', 'admin'], 'is_admin_project': True, 'service_user_id': None, 'service_user_domain_id': None, 'service_project_id': None, 'service_project_domain_id': None, 'service_roles': []} {{(pid=80847) fill_context /opt/stack/keystone/keystone/server/flask/request_processing/middleware/auth_context.py:509}}
Aug 29 11:16:08 ubuntu devstack@keystone.service[80847]: DEBUG keystone.server.flask.request_processing.req_logging [None req-db244803-8240-4ffd-8287-a33c989edeac admin admin] REQUEST_METHOD: `GET` {{(pid=80847) log_request_info /opt/stack/keystone/keystone/server/flask/request_processing/req_logging.py:26}}
Aug 29 11:16:08 ubuntu devstack@keystone.service[80847]: DEBUG keystone.server.flask.request_processing.req_logging [None req-db244803-8240-4ffd-8287-a33c989edeac admin admin] SCRIPT_NAME: `/identity` {{(pid=80847) log_request_info /opt/stack/keystone/keystone/server/flask/request_processing/req_logging.py:27}}
Aug 29 11:16:08 ubuntu devstack@keystone.service[80847]: DEBUG keystone.server.flask.request_processing.req_logging [None req-db244803-8240-4ffd-8287-a33c989edeac admin admin] PATH_INFO: `/v3/auth/tokens` {{(pid=80847) log_request_info /opt/stack/keystone/keystone/server/flask/request_processing/req_logging.py:28}}
Aug 29 11:16:08 ubuntu devstack@keystone.service[80847]: DEBUG keystone.common.rbac_enforcer.enforcer [None req-db244803-8240-4ffd-8287-a33c989edeac admin admin] RBAC: Authorizing `identity:validate_token()` {{(pid=80847) enforce_call /opt/stack/keystone/keystone/common/rbac_enforcer/enforcer.py:494}}
Aug 29 11:16:08 ubuntu devstack@keystone.service[80847]: WARNING keystone.common.rbac_enforcer.enforcer [None req-db244803-8240-4ffd-8287-a33c989edeac admin admin] Deprecated policy rules found. Use oslopolicy-policy-generator and oslopolicy-policy-upgrade to detect and resolve deprecated policies in your configuration.
Aug 29 11:16:08 ubuntu devstack@keystone.service[80847]: DEBUG keystone.common.rbac_enforcer.enforcer [None req-db244803-8240-4ffd-8287-a33c989edeac admin admin] RBAC: Authorization granted {{(pid=80847) enforce_call /opt/stack/keystone/keystone/common/rbac_enforcer/enforcer.py:505}}
Aug 29 11:16:08 ubuntu devstack@keystone.service[80847]: [pid: 80847|app: 0|req: 3/4] 10.201.5.82 () {58 vars in 1316 bytes} [Fri Aug 29 11:16:08 2025] GET /identity/v3/auth/tokens => generated 977 bytes in 157 msecs (HTTP/1.1 200) 6 headers in 379 bytes (2 switches on core 0)
Aug 29 11:16:08 ubuntu devstack@keystone.service[80848]: DEBUG keystone.server.flask.request_processing.middleware.auth_context [None req-1b828827-92ee-459e-a2ee-de43333c0f0f None None] Authenticating user token {{(pid=80848) process_request /opt/stack/data/venv/lib/python3.10/site-packages/keystonemiddleware/auth_token/__init__.py:407}}
Aug 29 11:16:08 ubuntu devstack@keystone.service[80848]: DEBUG keystone.server.flask.request_processing.middleware.auth_context [None req-1b828827-92ee-459e-a2ee-de43333c0f0f None None] Validating token access rules against request {{(pid=80848) validate_allowed_request /opt/stack/data/venv/lib/python3.10/site-packages/keystonemiddleware/auth_token/__init__.py:545}}
Aug 29 11:16:08 ubuntu devstack@keystone.service[80848]: DEBUG keystone.server.flask.request_processing.middleware.auth_context [None req-2334d18e-de6f-49d9-a5f7-0ca490e5b371 admin admin] RBAC: auth_context: {'token': <TokenModel (audit_id=cEWspWpNQ3yuFVkwouqkdw, audit_chain_id=['cEWspWpNQ3yuFVkwouqkdw']) at 0x7fe1327eab30>, 'domain_id': None, 'trust_id': None, 'trustor_id': None, 'trustee_id': None, 'domain_name': None, 'group_ids': [], 'user_id': 'cc11b1e9ce904d24baa45dd201a11095', 'user_domain_id': 'default', 'system_scope': None, 'project_id': 'a4e3c7298e9342a1adf91eaad5eed351', 'project_domain_id': 'default', 'roles': ['reader', 'manager', 'member', 'admin'], 'is_admin_project': True, 'service_user_id': None, 'service_user_domain_id': None, 'service_project_id': None, 'service_project_domain_id': None, 'service_roles': []} {{(pid=80848) fill_context /opt/stack/keystone/keystone/server/flask/request_processing/middleware/auth_context.py:509}}
Aug 29 11:16:08 ubuntu devstack@keystone.service[80848]: DEBUG keystone.server.flask.request_processing.req_logging [None req-2334d18e-de6f-49d9-a5f7-0ca490e5b371 admin admin] REQUEST_METHOD: `GET` {{(pid=80848) log_request_info /opt/stack/keystone/keystone/server/flask/request_processing/req_logging.py:26}}
Aug 29 11:16:08 ubuntu devstack@keystone.service[80848]: DEBUG keystone.server.flask.request_processing.req_logging [None req-2334d18e-de6f-49d9-a5f7-0ca490e5b371 admin admin] SCRIPT_NAME: `/identity` {{(pid=80848) log_request_info /opt/stack/keystone/keystone/server/flask/request_processing/req_logging.py:27}}
Aug 29 11:16:08 ubuntu devstack@keystone.service[80848]: DEBUG keystone.server.flask.request_processing.req_logging [None req-2334d18e-de6f-49d9-a5f7-0ca490e5b371 admin admin] PATH_INFO: `/v3/projects/a4e3c7298e9342a1adf91eaad5eed351` {{(pid=80848) log_request_info /opt/stack/keystone/keystone/server/flask/request_processing/req_logging.py:28}}
Aug 29 11:16:08 ubuntu devstack@keystone.service[80848]: DEBUG keystone.common.rbac_enforcer.enforcer [None req-2334d18e-de6f-49d9-a5f7-0ca490e5b371 admin admin] RBAC: Authorizing `identity:get_project(project_id=a4e3c7298e9342a1adf91eaad5eed351)` {{(pid=80848) enforce_call /opt/stack/keystone/keystone/common/rbac_enforcer/enforcer.py:494}}
Aug 29 11:16:08 ubuntu devstack@keystone.service[80848]: WARNING keystone.common.rbac_enforcer.enforcer [None req-2334d18e-de6f-49d9-a5f7-0ca490e5b371 admin admin] Deprecated policy rules found. Use oslopolicy-policy-generator and oslopolicy-policy-upgrade to detect and resolve deprecated policies in your configuration.
Aug 29 11:16:08 ubuntu devstack@keystone.service[80848]: DEBUG keystone.common.rbac_enforcer.enforcer [None req-2334d18e-de6f-49d9-a5f7-0ca490e5b371 admin admin] RBAC: Authorization granted {{(pid=80848) enforce_call /opt/stack/keystone/keystone/common/rbac_enforcer/enforcer.py:505}}
Aug 29 11:16:08 ubuntu devstack@keystone.service[80848]: [pid: 80848|app: 0|req: 2/5] 10.201.5.82 () {56 vars in 1199 bytes} [Fri Aug 29 11:16:08 2025] GET /identity/v3/projects/a4e3c7298e9342a1adf91eaad5eed351 => generated 344 bytes in 37 msecs (HTTP/1.1 200) 5 headers in 177 bytes (1 switches on core 0)
Aug 29 11:16:10 ubuntu devstack@keystone.service[80847]: DEBUG keystone.server.flask.request_processing.req_logging [None req-bd22eb1b-f845-4156-9b4a-4099f193dd78 None None] REQUEST_METHOD: `GET` {{(pid=80847) log_request_info /opt/stack/keystone/keystone/server/flask/request_processing/req_logging.py:26}}
Aug 29 11:16:10 ubuntu devstack@keystone.service[80847]: DEBUG keystone.server.flask.request_processing.req_logging [None req-bd22eb1b-f845-4156-9b4a-4099f193dd78 None None] SCRIPT_NAME: `/identity` {{(pid=80847) log_request_info /opt/stack/keystone/keystone/server/flask/request_processing/req_logging.py:27}}
Aug 29 11:16:10 ubuntu devstack@keystone.service[80847]: DEBUG keystone.server.flask.request_processing.req_logging [None req-bd22eb1b-f845-4156-9b4a-4099f193dd78 None None] PATH_INFO: `/` {{(pid=80847) log_request_info /opt/stack/keystone/keystone/server/flask/request_processing/req_logging.py:28}}
Aug 29 11:16:10 ubuntu devstack@keystone.service[80847]: [pid: 80847|app: 0|req: 4/6] 10.201.5.82 () {54 vars in 919 bytes} [Fri Aug 29 11:16:10 2025] GET /identity => generated 270 bytes in 5 msecs (HTTP/1.1 300) 6 headers in 234 bytes (1 switches on core 0)
Aug 29 11:16:10 ubuntu devstack@keystone.service[80848]: DEBUG keystone.server.flask.request_processing.req_logging [None req-f903b16b-8d6f-4165-ab03-05770ed85fd7 None None] REQUEST_METHOD: `POST` {{(pid=80848) log_request_info /opt/stack/keystone/keystone/server/flask/request_processing/req_logging.py:26}}
Aug 29 11:16:10 ubuntu devstack@keystone.service[80848]: DEBUG keystone.server.flask.request_processing.req_logging [None req-f903b16b-8d6f-4165-ab03-05770ed85fd7 None None] SCRIPT_NAME: `/identity` {{(pid=80848) log_request_info /opt/stack/keystone/keystone/server/flask/request_processing/req_logging.py:27}}
Aug 29 11:16:10 ubuntu devstack@keystone.service[80848]: DEBUG keystone.server.flask.request_processing.req_logging [None req-f903b16b-8d6f-4165-ab03-05770ed85fd7 None None] PATH_INFO: `/v3/auth/tokens` {{(pid=80848) log_request_info /opt/stack/keystone/keystone/server/flask/request_processing/req_logging.py:28}}
Aug 29 11:16:10 ubuntu devstack@keystone.service[80848]: WARNING keystone.common.password_hashing [None req-f903b16b-8d6f-4165-ab03-05770ed85fd7 None None] Truncating password to algorithm specific maximum length 72 characters.
Aug 29 11:16:10 ubuntu devstack@keystone.service[80848]: DEBUG keystone.auth.core [None req-f903b16b-8d6f-4165-ab03-05770ed85fd7 None None] MFA Rules not processed for user `cc11b1e9ce904d24baa45dd201a11095`. Rule list: `[]` (Enabled: `True`). {{(pid=80848) check_auth_methods_against_rules /opt/stack/keystone/keystone/auth/core.py:476}}
Aug 29 11:16:10 ubuntu devstack@keystone.service[80848]: DEBUG keystone.common.fernet_utils [None req-f903b16b-8d6f-4165-ab03-05770ed85fd7 None None] Loaded 2 Fernet keys from /etc/keystone/fernet-keys/, but `[fernet_tokens] max_active_keys = 3`; perhaps there have not been enough key rotations to reach `max_active_keys` yet? {{(pid=80848) load_keys /opt/stack/keystone/keystone/common/fernet_utils.py:297}}
Aug 29 11:16:10 ubuntu devstack@keystone.service[80848]: [pid: 80848|app: 0|req: 3/7] 10.201.5.82 () {58 vars in 1016 bytes} [Fri Aug 29 11:16:10 2025] POST /identity/v3/auth/tokens => generated 977 bytes in 33 msecs (HTTP/1.1 201) 6 headers in 384 bytes (1 switches on core 0)
Aug 29 11:16:10 ubuntu devstack@keystone.service[80847]: DEBUG keystone.server.flask.request_processing.middleware.auth_context [None req-bd22eb1b-f845-4156-9b4a-4099f193dd78 None None] Authenticating user token {{(pid=80847) process_request /opt/stack/data/venv/lib/python3.10/site-packages/keystonemiddleware/auth_token/__init__.py:407}}
Aug 29 11:16:10 ubuntu devstack@keystone.service[80847]: DEBUG keystone.server.flask.request_processing.middleware.auth_context [None req-bd22eb1b-f845-4156-9b4a-4099f193dd78 None None] Validating token access rules against request {{(pid=80847) validate_allowed_request /opt/stack/data/venv/lib/python3.10/site-packages/keystonemiddleware/auth_token/__init__.py:545}}
Aug 29 11:16:10 ubuntu devstack@keystone.service[80847]: DEBUG keystone.server.flask.request_processing.middleware.auth_context [None req-18c9d70e-f9ef-4818-bb14-1337d35176e8 admin admin] RBAC: auth_context: {'token': <TokenModel (audit_id=2UAEN-ukTYyPsKOz2BWabg, audit_chain_id=['2UAEN-ukTYyPsKOz2BWabg']) at 0x7fe13257b040>, 'domain_id': None, 'trust_id': None, 'trustor_id': None, 'trustee_id': None, 'domain_name': None, 'group_ids': [], 'user_id': 'cc11b1e9ce904d24baa45dd201a11095', 'user_domain_id': 'default', 'system_scope': None, 'project_id': 'a4e3c7298e9342a1adf91eaad5eed351', 'project_domain_id': 'default', 'roles': ['reader', 'manager', 'member', 'admin'], 'is_admin_project': True, 'service_user_id': None, 'service_user_domain_id': None, 'service_project_id': None, 'service_project_domain_id': None, 'service_roles': []} {{(pid=80847) fill_context /opt/stack/keystone/keystone/server/flask/request_processing/middleware/auth_context.py:509}}
Aug 29 11:16:10 ubuntu devstack@keystone.service[80847]: DEBUG keystone.server.flask.request_processing.req_logging [None req-18c9d70e-f9ef-4818-bb14-1337d35176e8 admin admin] REQUEST_METHOD: `GET` {{(pid=80847) log_request_info /opt/stack/keystone/keystone/server/flask/request_processing/req_logging.py:26}}
Aug 29 11:16:10 ubuntu devstack@keystone.service[80847]: DEBUG keystone.server.flask.request_processing.req_logging [None req-18c9d70e-f9ef-4818-bb14-1337d35176e8 admin admin] SCRIPT_NAME: `/identity` {{(pid=80847) log_request_info /opt/stack/keystone/keystone/server/flask/request_processing/req_logging.py:27}}
Aug 29 11:16:10 ubuntu devstack@keystone.service[80847]: DEBUG keystone.server.flask.request_processing.req_logging [None req-18c9d70e-f9ef-4818-bb14-1337d35176e8 admin admin] PATH_INFO: `/v3/users/admin` {{(pid=80847) log_request_info /opt/stack/keystone/keystone/server/flask/request_processing/req_logging.py:28}}
Aug 29 11:16:10 ubuntu devstack@keystone.service[80847]: DEBUG keystone.common.rbac_enforcer.enforcer [None req-18c9d70e-f9ef-4818-bb14-1337d35176e8 admin admin] RBAC: Authorizing `identity:get_user(user_id=admin)` {{(pid=80847) enforce_call /opt/stack/keystone/keystone/common/rbac_enforcer/enforcer.py:494}}
Aug 29 11:16:10 ubuntu devstack@keystone.service[80847]: DEBUG keystone.common.rbac_enforcer.enforcer [None req-18c9d70e-f9ef-4818-bb14-1337d35176e8 admin admin] RBAC: Authorization granted {{(pid=80847) enforce_call /opt/stack/keystone/keystone/common/rbac_enforcer/enforcer.py:505}}
Aug 29 11:16:10 ubuntu devstack@keystone.service[80847]: DEBUG keystone.server.flask.application [None req-18c9d70e-f9ef-4818-bb14-1337d35176e8 admin admin] Could not find user: admin. {{(pid=80847) _handle_keystone_exception /opt/stack/keystone/keystone/server/flask/application.py:146}}
Aug 29 11:16:10 ubuntu devstack@keystone.service[80847]: [pid: 80847|app: 0|req: 5/8] 10.201.5.82 () {56 vars in 1153 bytes} [Fri Aug 29 11:16:10 2025] GET /identity/v3/users/admin => generated 83 bytes in 38 msecs (HTTP/1.1 404) 5 headers in 183 bytes (1 switches on core 0)
Aug 29 11:16:10 ubuntu devstack@keystone.service[80848]: DEBUG keystone.server.flask.request_processing.middleware.auth_context [None req-f903b16b-8d6f-4165-ab03-05770ed85fd7 None None] Authenticating user token {{(pid=80848) process_request /opt/stack/data/venv/lib/python3.10/site-packages/keystonemiddleware/auth_token/__init__.py:407}}
Aug 29 11:16:10 ubuntu devstack@keystone.service[80848]: DEBUG keystone.server.flask.request_processing.middleware.auth_context [None req-f903b16b-8d6f-4165-ab03-05770ed85fd7 None None] Validating token access rules against request {{(pid=80848) validate_allowed_request /opt/stack/data/venv/lib/python3.10/site-packages/keystonemiddleware/auth_token/__init__.py:545}}
Aug 29 11:16:10 ubuntu devstack@keystone.service[80848]: DEBUG keystone.server.flask.request_processing.middleware.auth_context [None req-0640bb0d-52d1-41cf-bd7c-f492a2468ee9 admin admin] RBAC: auth_context: {'token': <TokenModel (audit_id=2UAEN-ukTYyPsKOz2BWabg, audit_chain_id=['2UAEN-ukTYyPsKOz2BWabg']) at 0x7fe1325a59f0>, 'domain_id': None, 'trust_id': None, 'trustor_id': None, 'trustee_id': None, 'domain_name': None, 'group_ids': [], 'user_id': 'cc11b1e9ce904d24baa45dd201a11095', 'user_domain_id': 'default', 'system_scope': None, 'project_id': 'a4e3c7298e9342a1adf91eaad5eed351', 'project_domain_id': 'default', 'roles': ['reader', 'manager', 'member', 'admin'], 'is_admin_project': True, 'service_user_id': None, 'service_user_domain_id': None, 'service_project_id': None, 'service_project_domain_id': None, 'service_roles': []} {{(pid=80848) fill_context /opt/stack/keystone/keystone/server/flask/request_processing/middleware/auth_context.py:509}}
Aug 29 11:16:10 ubuntu devstack@keystone.service[80848]: DEBUG keystone.server.flask.request_processing.req_logging [None req-0640bb0d-52d1-41cf-bd7c-f492a2468ee9 admin admin] REQUEST_METHOD: `GET` {{(pid=80848) log_request_info /opt/stack/keystone/keystone/server/flask/request_processing/req_logging.py:26}}
Aug 29 11:16:10 ubuntu devstack@keystone.service[80848]: DEBUG keystone.server.flask.request_processing.req_logging [None req-0640bb0d-52d1-41cf-bd7c-f492a2468ee9 admin admin] SCRIPT_NAME: `/identity` {{(pid=80848) log_request_info /opt/stack/keystone/keystone/server/flask/request_processing/req_logging.py:27}}
Aug 29 11:16:10 ubuntu devstack@keystone.service[80848]: DEBUG keystone.server.flask.request_processing.req_logging [None req-0640bb0d-52d1-41cf-bd7c-f492a2468ee9 admin admin] PATH_INFO: `/v3/users` {{(pid=80848) log_request_info /opt/stack/keystone/keystone/server/flask/request_processing/req_logging.py:28}}
Aug 29 11:16:10 ubuntu devstack@keystone.service[80848]: DEBUG keystone.common.rbac_enforcer.enforcer [None req-0640bb0d-52d1-41cf-bd7c-f492a2468ee9 admin admin] RBAC: Adding query filter params (name=admin) {{(pid=80848) _extract_filter_values /opt/stack/keystone/keystone/common/rbac_enforcer/enforcer.py:176}}
Aug 29 11:16:10 ubuntu devstack@keystone.service[80848]: DEBUG keystone.common.rbac_enforcer.enforcer [None req-0640bb0d-52d1-41cf-bd7c-f492a2468ee9 admin admin] RBAC: Authorizing `identity:list_users()` {{(pid=80848) enforce_call /opt/stack/keystone/keystone/common/rbac_enforcer/enforcer.py:494}}
Aug 29 11:16:10 ubuntu devstack@keystone.service[80848]: DEBUG keystone.common.rbac_enforcer.enforcer [None req-0640bb0d-52d1-41cf-bd7c-f492a2468ee9 admin admin] RBAC: Authorization granted {{(pid=80848) enforce_call /opt/stack/keystone/keystone/common/rbac_enforcer/enforcer.py:505}}
Aug 29 11:16:10 ubuntu devstack@keystone.service[80848]: [pid: 80848|app: 0|req: 4/9] 10.201.5.82 () {56 vars in 1169 bytes} [Fri Aug 29 11:16:10 2025] GET /identity/v3/users?name=admin => generated 352 bytes in 54 msecs (HTTP/1.1 200) 5 headers in 177 bytes (1 switches on core 0)
Aug 29 11:16:11 ubuntu devstack@keystone.service[80847]: DEBUG keystone.server.flask.request_processing.req_logging [None req-669ad26a-6854-4060-8845-7353e882b1c6 None None] REQUEST_METHOD: `GET` {{(pid=80847) log_request_info /opt/stack/keystone/keystone/server/flask/request_processing/req_logging.py:26}}
Aug 29 11:16:11 ubuntu devstack@keystone.service[80847]: DEBUG keystone.server.flask.request_processing.req_logging [None req-669ad26a-6854-4060-8845-7353e882b1c6 None None] SCRIPT_NAME: `/identity` {{(pid=80847) log_request_info /opt/stack/keystone/keystone/server/flask/request_processing/req_logging.py:27}}
Aug 29 11:16:11 ubuntu devstack@keystone.service[80847]: DEBUG keystone.server.flask.request_processing.req_logging [None req-669ad26a-6854-4060-8845-7353e882b1c6 None None] PATH_INFO: `/` {{(pid=80847) log_request_info /opt/stack/keystone/keystone/server/flask/request_processing/req_logging.py:28}}
Aug 29 11:16:11 ubuntu devstack@keystone.service[80847]: [pid: 80847|app: 0|req: 6/10] 10.201.5.82 () {54 vars in 919 bytes} [Fri Aug 29 11:16:11 2025] GET /identity => generated 270 bytes in 1 msecs (HTTP/1.1 300) 6 headers in 234 bytes (2 switches on core 0)
Aug 29 11:16:11 ubuntu devstack@keystone.service[80848]: DEBUG keystone.server.flask.request_processing.req_logging [None req-3fdd1e51-8b3e-4f86-88b6-4c48435c4821 None None] REQUEST_METHOD: `POST` {{(pid=80848) log_request_info /opt/stack/keystone/keystone/server/flask/request_processing/req_logging.py:26}}
Aug 29 11:16:11 ubuntu devstack@keystone.service[80848]: DEBUG keystone.server.flask.request_processing.req_logging [None req-3fdd1e51-8b3e-4f86-88b6-4c48435c4821 None None] SCRIPT_NAME: `/identity` {{(pid=80848) log_request_info /opt/stack/keystone/keystone/server/flask/request_processing/req_logging.py:27}}
Aug 29 11:16:11 ubuntu devstack@keystone.service[80848]: DEBUG keystone.server.flask.request_processing.req_logging [None req-3fdd1e51-8b3e-4f86-88b6-4c48435c4821 None None] PATH_INFO: `/v3/auth/tokens` {{(pid=80848) log_request_info /opt/stack/keystone/keystone/server/flask/request_processing/req_logging.py:28}}
Aug 29 11:16:11 ubuntu devstack@keystone.service[80848]: WARNING keystone.common.password_hashing [None req-3fdd1e51-8b3e-4f86-88b6-4c48435c4821 None None] Truncating password to algorithm specific maximum length 72 characters.
Aug 29 11:16:11 ubuntu devstack@keystone.service[80847]: DEBUG keystone.server.flask.request_processing.req_logging [None req-4b5c39c3-1aa3-43e4-972c-257f15c43457 None None] REQUEST_METHOD: `GET` {{(pid=80847) log_request_info /opt/stack/keystone/keystone/server/flask/request_processing/req_logging.py:26}}
Aug 29 11:16:11 ubuntu devstack@keystone.service[80847]: DEBUG keystone.server.flask.request_processing.req_logging [None req-4b5c39c3-1aa3-43e4-972c-257f15c43457 None None] SCRIPT_NAME: `/identity` {{(pid=80847) log_request_info /opt/stack/keystone/keystone/server/flask/request_processing/req_logging.py:27}}
Aug 29 11:16:11 ubuntu devstack@keystone.service[80847]: DEBUG keystone.server.flask.request_processing.req_logging [None req-4b5c39c3-1aa3-43e4-972c-257f15c43457 None None] PATH_INFO: `/` {{(pid=80847) log_request_info /opt/stack/keystone/keystone/server/flask/request_processing/req_logging.py:28}}
Aug 29 11:16:11 ubuntu devstack@keystone.service[80848]: DEBUG keystone.auth.core [None req-3fdd1e51-8b3e-4f86-88b6-4c48435c4821 None None] MFA Rules not processed for user `cc11b1e9ce904d24baa45dd201a11095`. Rule list: `[]` (Enabled: `True`). {{(pid=80848) check_auth_methods_against_rules /opt/stack/keystone/keystone/auth/core.py:476}}
Aug 29 11:16:11 ubuntu devstack@keystone.service[80847]: [pid: 80847|app: 0|req: 7/11] 10.201.5.82 () {54 vars in 919 bytes} [Fri Aug 29 11:16:11 2025] GET /identity => generated 270 bytes in 1 msecs (HTTP/1.1 300) 6 headers in 234 bytes (2 switches on core 0)
Aug 29 11:16:11 ubuntu devstack@keystone.service[80848]: DEBUG keystone.common.fernet_utils [None req-3fdd1e51-8b3e-4f86-88b6-4c48435c4821 None None] Loaded 2 Fernet keys from /etc/keystone/fernet-keys/, but `[fernet_tokens] max_active_keys = 3`; perhaps there have not been enough key rotations to reach `max_active_keys` yet? {{(pid=80848) load_keys /opt/stack/keystone/keystone/common/fernet_utils.py:297}}
Aug 29 11:16:11 ubuntu devstack@keystone.service[80847]: DEBUG keystone.server.flask.request_processing.req_logging [None req-3694f2c0-a0f5-4d94-9714-41810f755f75 None None] REQUEST_METHOD: `POST` {{(pid=80847) log_request_info /opt/stack/keystone/keystone/server/flask/request_processing/req_logging.py:26}}
Aug 29 11:16:11 ubuntu devstack@keystone.service[80847]: DEBUG keystone.server.flask.request_processing.req_logging [None req-3694f2c0-a0f5-4d94-9714-41810f755f75 None None] SCRIPT_NAME: `/identity` {{(pid=80847) log_request_info /opt/stack/keystone/keystone/server/flask/request_processing/req_logging.py:27}}
Aug 29 11:16:11 ubuntu devstack@keystone.service[80847]: DEBUG keystone.server.flask.request_processing.req_logging [None req-3694f2c0-a0f5-4d94-9714-41810f755f75 None None] PATH_INFO: `/v3/auth/tokens` {{(pid=80847) log_request_info /opt/stack/keystone/keystone/server/flask/request_processing/req_logging.py:28}}
Aug 29 11:16:11 ubuntu devstack@keystone.service[80847]: WARNING keystone.common.password_hashing [None req-3694f2c0-a0f5-4d94-9714-41810f755f75 None None] Truncating password to algorithm specific maximum length 72 characters.
Aug 29 11:16:11 ubuntu devstack@keystone.service[80847]: DEBUG keystone.auth.core [None req-3694f2c0-a0f5-4d94-9714-41810f755f75 None None] MFA Rules not processed for user `cc11b1e9ce904d24baa45dd201a11095`. Rule list: `[]` (Enabled: `True`). {{(pid=80847) check_auth_methods_against_rules /opt/stack/keystone/keystone/auth/core.py:476}}
Aug 29 11:16:11 ubuntu devstack@keystone.service[80847]: DEBUG keystone.common.fernet_utils [None req-3694f2c0-a0f5-4d94-9714-41810f755f75 None None] Loaded 2 Fernet keys from /etc/keystone/fernet-keys/, but `[fernet_tokens] max_active_keys = 3`; perhaps there have not been enough key rotations to reach `max_active_keys` yet? {{(pid=80847) load_keys /opt/stack/keystone/keystone/common/fernet_utils.py:297}}
Aug 29 11:16:11 ubuntu devstack@keystone.service[80848]: [pid: 80848|app: 0|req: 5/12] 10.201.5.82 () {58 vars in 1016 bytes} [Fri Aug 29 11:16:11 2025] POST /identity/v3/auth/tokens => generated 862 bytes in 84 msecs (HTTP/1.1 201) 6 headers in 363 bytes (1 switches on core 0)
Aug 29 11:16:11 ubuntu devstack@keystone.service[80847]: [pid: 80847|app: 0|req: 8/13] 10.201.5.82 () {58 vars in 1016 bytes} [Fri Aug 29 11:16:11 2025] POST /identity/v3/auth/tokens => generated 862 bytes in 69 msecs (HTTP/1.1 201) 6 headers in 363 bytes (2 switches on core 0)
Aug 29 11:16:11 ubuntu devstack@keystone.service[80848]: DEBUG keystone.server.flask.request_processing.middleware.auth_context [None req-3fdd1e51-8b3e-4f86-88b6-4c48435c4821 None None] Authenticating user token {{(pid=80848) process_request /opt/stack/data/venv/lib/python3.10/site-packages/keystonemiddleware/auth_token/__init__.py:407}}
Aug 29 11:16:11 ubuntu devstack@keystone.service[80847]: DEBUG keystone.server.flask.request_processing.middleware.auth_context [None req-3694f2c0-a0f5-4d94-9714-41810f755f75 None None] Authenticating user token {{(pid=80847) process_request /opt/stack/data/venv/lib/python3.10/site-packages/keystonemiddleware/auth_token/__init__.py:407}}
Aug 29 11:16:11 ubuntu devstack@keystone.service[80848]: DEBUG keystone.server.flask.request_processing.middleware.auth_context [None req-3fdd1e51-8b3e-4f86-88b6-4c48435c4821 None None] Validating token access rules against request {{(pid=80848) validate_allowed_request /opt/stack/data/venv/lib/python3.10/site-packages/keystonemiddleware/auth_token/__init__.py:545}}
Aug 29 11:16:11 ubuntu devstack@keystone.service[80847]: DEBUG keystone.server.flask.request_processing.middleware.auth_context [None req-3694f2c0-a0f5-4d94-9714-41810f755f75 None None] Validating token access rules against request {{(pid=80847) validate_allowed_request /opt/stack/data/venv/lib/python3.10/site-packages/keystonemiddleware/auth_token/__init__.py:545}}
Aug 29 11:16:11 ubuntu devstack@keystone.service[80848]: DEBUG keystone.server.flask.request_processing.middleware.auth_context [None req-a715e2bc-5c2d-4d96-ba11-7cbda61de286 None admin] RBAC: auth_context: {'token': <TokenModel (audit_id=-k2q7cIHS1qD-CLLobAs3Q, audit_chain_id=['-k2q7cIHS1qD-CLLobAs3Q']) at 0x7fe1325a6290>, 'domain_id': None, 'trust_id': None, 'trustor_id': None, 'trustee_id': None, 'domain_name': None, 'group_ids': [], 'user_id': 'cc11b1e9ce904d24baa45dd201a11095', 'user_domain_id': 'default', 'system_scope': 'all', 'project_id': None, 'project_domain_id': None, 'roles': ['admin', 'manager', 'member', 'reader'], 'is_admin_project': True, 'service_user_id': None, 'service_user_domain_id': None, 'service_project_id': None, 'service_project_domain_id': None, 'service_roles': []} {{(pid=80848) fill_context /opt/stack/keystone/keystone/server/flask/request_processing/middleware/auth_context.py:509}}
Aug 29 11:16:11 ubuntu devstack@keystone.service[80848]: DEBUG keystone.server.flask.request_processing.req_logging [None req-a715e2bc-5c2d-4d96-ba11-7cbda61de286 None admin] REQUEST_METHOD: `GET` {{(pid=80848) log_request_info /opt/stack/keystone/keystone/server/flask/request_processing/req_logging.py:26}}
Aug 29 11:16:11 ubuntu devstack@keystone.service[80848]: DEBUG keystone.server.flask.request_processing.req_logging [None req-a715e2bc-5c2d-4d96-ba11-7cbda61de286 None admin] SCRIPT_NAME: `/identity` {{(pid=80848) log_request_info /opt/stack/keystone/keystone/server/flask/request_processing/req_logging.py:27}}
Aug 29 11:16:11 ubuntu devstack@keystone.service[80848]: DEBUG keystone.server.flask.request_processing.req_logging [None req-a715e2bc-5c2d-4d96-ba11-7cbda61de286 None admin] PATH_INFO: `/v3/roles/admin` {{(pid=80848) log_request_info /opt/stack/keystone/keystone/server/flask/request_processing/req_logging.py:28}}
Aug 29 11:16:11 ubuntu devstack@keystone.service[80848]: DEBUG keystone.common.rbac_enforcer.enforcer [None req-a715e2bc-5c2d-4d96-ba11-7cbda61de286 None admin] Extracting inferred target data resulted in "NOT FOUND (404)". {{(pid=80848) enforce_call /opt/stack/keystone/keystone/common/rbac_enforcer/enforcer.py:445}}
Aug 29 11:16:11 ubuntu devstack@keystone.service[80848]: DEBUG keystone.server.flask.application [None req-a715e2bc-5c2d-4d96-ba11-7cbda61de286 None admin] Could not find role: admin. {{(pid=80848) _handle_keystone_exception /opt/stack/keystone/keystone/server/flask/application.py:146}}
Aug 29 11:16:11 ubuntu devstack@keystone.service[80847]: DEBUG keystone.server.flask.request_processing.middleware.auth_context [None req-21b01816-f350-4279-baf3-b3b822666c15 None admin] RBAC: auth_context: {'token': <TokenModel (audit_id=Q97iO4O6QXq69dWpamgXnQ, audit_chain_id=['Q97iO4O6QXq69dWpamgXnQ']) at 0x7fe131c20940>, 'domain_id': None, 'trust_id': None, 'trustor_id': None, 'trustee_id': None, 'domain_name': None, 'group_ids': [], 'user_id': 'cc11b1e9ce904d24baa45dd201a11095', 'user_domain_id': 'default', 'system_scope': 'all', 'project_id': None, 'project_domain_id': None, 'roles': ['admin', 'manager', 'member', 'reader'], 'is_admin_project': True, 'service_user_id': None, 'service_user_domain_id': None, 'service_project_id': None, 'service_project_domain_id': None, 'service_roles': []} {{(pid=80847) fill_context /opt/stack/keystone/keystone/server/flask/request_processing/middleware/auth_context.py:509}}
Aug 29 11:16:11 ubuntu devstack@keystone.service[80848]: [pid: 80848|app: 0|req: 6/14] 10.201.5.82 () {56 vars in 1132 bytes} [Fri Aug 29 11:16:11 2025] GET /identity/v3/roles/admin => generated 83 bytes in 64 msecs (HTTP/1.1 404) 5 headers in 183 bytes (2 switches on core 0)
Aug 29 11:16:11 ubuntu devstack@keystone.service[80847]: DEBUG keystone.server.flask.request_processing.req_logging [None req-21b01816-f350-4279-baf3-b3b822666c15 None admin] REQUEST_METHOD: `POST` {{(pid=80847) log_request_info /opt/stack/keystone/keystone/server/flask/request_processing/req_logging.py:26}}
Aug 29 11:16:11 ubuntu devstack@keystone.service[80847]: DEBUG keystone.server.flask.request_processing.req_logging [None req-21b01816-f350-4279-baf3-b3b822666c15 None admin] SCRIPT_NAME: `/identity` {{(pid=80847) log_request_info /opt/stack/keystone/keystone/server/flask/request_processing/req_logging.py:27}}
Aug 29 11:16:11 ubuntu devstack@keystone.service[80847]: DEBUG keystone.server.flask.request_processing.req_logging [None req-21b01816-f350-4279-baf3-b3b822666c15 None admin] PATH_INFO: `/v3/domains` {{(pid=80847) log_request_info /opt/stack/keystone/keystone/server/flask/request_processing/req_logging.py:28}}
Aug 29 11:16:11 ubuntu devstack@keystone.service[80847]: DEBUG keystone.common.rbac_enforcer.enforcer [None req-21b01816-f350-4279-baf3-b3b822666c15 None admin] RBAC: Authorizing `identity:create_domain()` {{(pid=80847) enforce_call /opt/stack/keystone/keystone/common/rbac_enforcer/enforcer.py:494}}
Aug 29 11:16:11 ubuntu devstack@keystone.service[80847]: DEBUG keystone.common.rbac_enforcer.enforcer [None req-21b01816-f350-4279-baf3-b3b822666c15 None admin] RBAC: Authorization granted {{(pid=80847) enforce_call /opt/stack/keystone/keystone/common/rbac_enforcer/enforcer.py:505}}
Aug 29 11:16:11 ubuntu devstack@keystone.service[80848]: DEBUG keystone.server.flask.request_processing.middleware.auth_context [None req-a715e2bc-5c2d-4d96-ba11-7cbda61de286 None admin] Authenticating user token {{(pid=80848) process_request /opt/stack/data/venv/lib/python3.10/site-packages/keystonemiddleware/auth_token/__init__.py:407}}
Aug 29 11:16:11 ubuntu devstack@keystone.service[80847]: DEBUG keystone.common.sql.core [None req-21b01816-f350-4279-baf3-b3b822666c15 None admin] Conflict project: (pymysql.err.IntegrityError) (1062, "Duplicate entry '<<keystone.domain.root>>-Default' for key 'project.ixu_project_name_domain_id'")
Aug 29 11:16:11 ubuntu devstack@keystone.service[80847]: [SQL: INSERT INTO project (id, name, domain_id, description, enabled, extra, parent_id, is_domain) VALUES (%(id)s, %(name)s, %(domain_id)s, %(description)s, %(enabled)s, %(extra)s, %(parent_id)s, %(is_domain)s)]
Aug 29 11:16:11 ubuntu devstack@keystone.service[80847]: [parameters: {'id': '45e316703ffe427bb1be38271a9822f9', 'name': 'Default', 'domain_id': '<<keystone.domain.root>>', 'description': '', 'enabled': 1, 'extra': '{}', 'parent_id': None, 'is_domain': 1}]
Aug 29 11:16:11 ubuntu devstack@keystone.service[80847]: (Background on this error at: https://sqlalche.me/e/20/gkpj) {{(pid=80847) wrapper /opt/stack/keystone/keystone/common/sql/core.py:580}}
Aug 29 11:16:12 ubuntu devstack@keystone.service[80847]: ERROR keystone.server.flask.application [None req-21b01816-f350-4279-baf3-b3b822666c15 None admin] Conflict occurred attempting to store project - it is not permitted to have two projects acting as domains with the same name: Default.: keystone.exception.Conflict: Conflict occurred attempting to store project - it is not permitted to have two projects acting as domains with the same name: Default.
Aug 29 11:16:12 ubuntu devstack@keystone.service[80847]: ERROR keystone.server.flask.application Traceback (most recent call last):
Aug 29 11:16:12 ubuntu devstack@keystone.service[80847]: ERROR keystone.server.flask.application   File "/opt/stack/data/venv/lib/python3.10/site-packages/sqlalchemy/engine/base.py", line 1961, in _exec_single_context
Aug 29 11:16:12 ubuntu devstack@keystone.service[80847]: ERROR keystone.server.flask.application     self.dialect.do_execute(
Aug 29 11:16:12 ubuntu devstack@keystone.service[80847]: ERROR keystone.server.flask.application   File "/opt/stack/data/venv/lib/python3.10/site-packages/sqlalchemy/engine/default.py", line 944, in do_execute
Aug 29 11:16:12 ubuntu devstack@keystone.service[80847]: ERROR keystone.server.flask.application     cursor.execute(statement, parameters)
Aug 29 11:16:12 ubuntu devstack@keystone.service[80847]: ERROR keystone.server.flask.application   File "/opt/stack/data/venv/lib/python3.10/site-packages/pymysql/cursors.py", line 153, in execute
Aug 29 11:16:12 ubuntu devstack@keystone.service[80847]: ERROR keystone.server.flask.application     result = self._query(query)
