Aug 08 12:13:59 ubuntu devstack@g-api.service[118289]: DEBUG glance.common.config [None req-999442c7-15d4-4d84-b5bd-f03832430167 None None] barbican.split_loggers         = False {{(pid=118289) log_opt_values /opt/stack/data/venv/lib/python3.10/site-packages/oslo_config/cfg.py:2620}}
Aug 08 12:13:59 ubuntu devstack@g-api.service[118288]: DEBUG glance.common.config [None req-ccefe76f-e64d-4008-b0b4-9641301c333a None None] database.mysql_sql_mode        = TRADITIONAL {{(pid=118288) log_opt_values /opt/stack/data/venv/lib/python3.10/site-packages/oslo_config/cfg.py:2620}}
Aug 08 12:13:59 ubuntu devstack@g-api.service[118289]: DEBUG glance.common.config [None req-999442c7-15d4-4d84-b5bd-f03832430167 None None] barbican.timeout               = None {{(pid=118289) log_opt_values /opt/stack/data/venv/lib/python3.10/site-packages/oslo_config/cfg.py:2620}}
Aug 08 12:13:59 ubuntu devstack@g-api.service[118288]: DEBUG glance.common.config [None req-ccefe76f-e64d-4008-b0b4-9641301c333a None None] database.mysql_wsrep_sync_wait = None {{(pid=118288) log_opt_values /opt/stack/data/venv/lib/python3.10/site-packages/oslo_config/cfg.py:2620}}
Aug 08 12:13:59 ubuntu devstack@g-api.service[118289]: DEBUG glance.common.config [None req-999442c7-15d4-4d84-b5bd-f03832430167 None None] barbican.verify_ssl            = True {{(pid=118289) log_opt_values /opt/stack/data/venv/lib/python3.10/site-packages/oslo_config/cfg.py:2620}}
Aug 08 12:13:59 ubuntu devstack@g-api.service[118288]: DEBUG glance.common.config [None req-ccefe76f-e64d-4008-b0b4-9641301c333a None None] database.pool_timeout          = None {{(pid=118288) log_opt_values /opt/stack/data/venv/lib/python3.10/site-packages/oslo_config/cfg.py:2620}}
Aug 08 12:13:59 ubuntu devstack@g-api.service[118289]: DEBUG glance.common.config [None req-999442c7-15d4-4d84-b5bd-f03832430167 None None] barbican.verify_ssl_path       = None {{(pid=118289) log_opt_values /opt/stack/data/venv/lib/python3.10/site-packages/oslo_config/cfg.py:2620}}
Aug 08 12:13:59 ubuntu devstack@g-api.service[118288]: DEBUG glance.common.config [None req-ccefe76f-e64d-4008-b0b4-9641301c333a None None] database.retry_interval        = 10 {{(pid=118288) log_opt_values /opt/stack/data/venv/lib/python3.10/site-packages/oslo_config/cfg.py:2620}}
Aug 08 12:13:59 ubuntu devstack@g-api.service[118289]: DEBUG glance.common.config [None req-999442c7-15d4-4d84-b5bd-f03832430167 None None] barbican_service_user.auth_section = None {{(pid=118289) log_opt_values /opt/stack/data/venv/lib/python3.10/site-packages/oslo_config/cfg.py:2620}}
Aug 08 12:13:59 ubuntu devstack@g-api.service[118288]: DEBUG glance.common.config [None req-ccefe76f-e64d-4008-b0b4-9641301c333a None None] database.slave_connection      = **** {{(pid=118288) log_opt_values /opt/stack/data/venv/lib/python3.10/site-packages/oslo_config/cfg.py:2620}}
Aug 08 12:13:59 ubuntu devstack@g-api.service[118289]: DEBUG glance.common.config [None req-999442c7-15d4-4d84-b5bd-f03832430167 None None] barbican_service_user.auth_type = None {{(pid=118289) log_opt_values /opt/stack/data/venv/lib/python3.10/site-packages/oslo_config/cfg.py:2620}}
Aug 08 12:13:59 ubuntu devstack@g-api.service[118288]: DEBUG glance.common.config [None req-ccefe76f-e64d-4008-b0b4-9641301c333a None None] database.sqlite_synchronous    = True {{(pid=118288) log_opt_values /opt/stack/data/venv/lib/python3.10/site-packages/oslo_config/cfg.py:2620}}
Aug 08 12:13:59 ubuntu devstack@g-api.service[118289]: DEBUG glance.common.config [None req-999442c7-15d4-4d84-b5bd-f03832430167 None None] barbican_service_user.cafile   = None {{(pid=118289) log_opt_values /opt/stack/data/venv/lib/python3.10/site-packages/oslo_config/cfg.py:2620}}
Aug 08 12:13:59 ubuntu devstack@g-api.service[118288]: DEBUG glance.common.config [None req-ccefe76f-e64d-4008-b0b4-9641301c333a None None] database.use_db_reconnect      = False {{(pid=118288) log_opt_values /opt/stack/data/venv/lib/python3.10/site-packages/oslo_config/cfg.py:2620}}
Aug 08 12:13:59 ubuntu devstack@g-api.service[118289]: DEBUG glance.common.config [None req-999442c7-15d4-4d84-b5bd-f03832430167 None None] barbican_service_user.certfile = None {{(pid=118289) log_opt_values /opt/stack/data/venv/lib/python3.10/site-packages/oslo_config/cfg.py:2620}}
Aug 08 12:13:59 ubuntu devstack@g-api.service[118288]: DEBUG glance.common.config [None req-ccefe76f-e64d-4008-b0b4-9641301c333a None None] healthcheck.allowed_source_ranges = [] {{(pid=118288) log_opt_values /opt/stack/data/venv/lib/python3.10/site-packages/oslo_config/cfg.py:2620}}
Aug 08 12:13:59 ubuntu devstack@g-api.service[118289]: DEBUG glance.common.config [None req-999442c7-15d4-4d84-b5bd-f03832430167 None None] barbican_service_user.collect_timing = False {{(pid=118289) log_opt_values /opt/stack/data/venv/lib/python3.10/site-packages/oslo_config/cfg.py:2620}}
Aug 08 12:13:59 ubuntu devstack@g-api.service[118288]: DEBUG glance.common.config [None req-ccefe76f-e64d-4008-b0b4-9641301c333a None None] healthcheck.backends           = ['disable_by_file'] {{(pid=118288) log_opt_values /opt/stack/data/venv/lib/python3.10/site-packages/oslo_config/cfg.py:2620}}
Aug 08 12:13:59 ubuntu devstack@g-api.service[118289]: DEBUG glance.common.config [None req-999442c7-15d4-4d84-b5bd-f03832430167 None None] barbican_service_user.insecure = False {{(pid=118289) log_opt_values /opt/stack/data/venv/lib/python3.10/site-packages/oslo_config/cfg.py:2620}}
Aug 08 12:13:59 ubuntu devstack@g-api.service[118288]: DEBUG glance.common.config [None req-ccefe76f-e64d-4008-b0b4-9641301c333a None None] healthcheck.detailed           = False {{(pid=118288) log_opt_values /opt/stack/data/venv/lib/python3.10/site-packages/oslo_config/cfg.py:2620}}
Aug 08 12:13:59 ubuntu devstack@g-api.service[118289]: DEBUG glance.common.config [None req-999442c7-15d4-4d84-b5bd-f03832430167 None None] barbican_service_user.keyfile  = None {{(pid=118289) log_opt_values /opt/stack/data/venv/lib/python3.10/site-packages/oslo_config/cfg.py:2620}}
Aug 08 12:13:59 ubuntu devstack@g-api.service[118288]: DEBUG glance.common.config [None req-ccefe76f-e64d-4008-b0b4-9641301c333a None None] healthcheck.disable_by_file_path = None {{(pid=118288) log_opt_values /opt/stack/data/venv/lib/python3.10/site-packages/oslo_config/cfg.py:2620}}
Aug 08 12:13:59 ubuntu devstack@g-api.service[118289]: DEBUG glance.common.config [None req-999442c7-15d4-4d84-b5bd-f03832430167 None None] barbican_service_user.split_loggers = False {{(pid=118289) log_opt_values /opt/stack/data/venv/lib/python3.10/site-packages/oslo_config/cfg.py:2620}}
Aug 08 12:13:59 ubuntu devstack@g-api.service[118288]: DEBUG glance.common.config [None req-ccefe76f-e64d-4008-b0b4-9641301c333a None None] healthcheck.ignore_proxied_requests = False {{(pid=118288) log_opt_values /opt/stack/data/venv/lib/python3.10/site-packages/oslo_config/cfg.py:2620}}
Aug 08 12:13:59 ubuntu devstack@g-api.service[118289]: DEBUG glance.common.config [None req-999442c7-15d4-4d84-b5bd-f03832430167 None None] barbican_service_user.timeout  = None {{(pid=118289) log_opt_values /opt/stack/data/venv/lib/python3.10/site-packages/oslo_config/cfg.py:2620}}
Aug 08 12:13:59 ubuntu devstack@g-api.service[118288]: DEBUG glance.common.config [None req-ccefe76f-e64d-4008-b0b4-9641301c333a None None] healthcheck.path               = /healthcheck {{(pid=118288) log_opt_values /opt/stack/data/venv/lib/python3.10/site-packages/oslo_config/cfg.py:2620}}
Aug 08 12:13:59 ubuntu devstack@g-api.service[118288]: DEBUG glance.common.config [None req-ccefe76f-e64d-4008-b0b4-9641301c333a None None] ******************************************************************************** {{(pid=118288) log_opt_values /opt/stack/data/venv/lib/python3.10/site-packages/oslo_config/cfg.py:2624}}
Aug 08 12:13:59 ubuntu devstack@g-api.service[118289]: DEBUG glance.common.config [None req-999442c7-15d4-4d84-b5bd-f03832430167 None None] database.backend               = sqlalchemy {{(pid=118289) log_opt_values /opt/stack/data/venv/lib/python3.10/site-packages/oslo_config/cfg.py:2620}}
Aug 08 12:13:59 ubuntu devstack@g-api.service[118288]: WSGI app 0 (mountpoint='') ready in 2 seconds on interpreter 0x55c78d45be00 pid: 118288 (default app)
Aug 08 12:13:59 ubuntu devstack@g-api.service[118289]: DEBUG glance.common.config [None req-999442c7-15d4-4d84-b5bd-f03832430167 None None] database.connection            = **** {{(pid=118289) log_opt_values /opt/stack/data/venv/lib/python3.10/site-packages/oslo_config/cfg.py:2620}}
Aug 08 12:13:59 ubuntu devstack@g-api.service[118289]: DEBUG glance.common.config [None req-999442c7-15d4-4d84-b5bd-f03832430167 None None] database.connection_debug      = 0 {{(pid=118289) log_opt_values /opt/stack/data/venv/lib/python3.10/site-packages/oslo_config/cfg.py:2620}}
Aug 08 12:13:59 ubuntu devstack@g-api.service[118289]: DEBUG glance.common.config [None req-999442c7-15d4-4d84-b5bd-f03832430167 None None] database.connection_parameters =  {{(pid=118289) log_opt_values /opt/stack/data/venv/lib/python3.10/site-packages/oslo_config/cfg.py:2620}}
Aug 08 12:13:59 ubuntu devstack@g-api.service[118289]: DEBUG glance.common.config [None req-999442c7-15d4-4d84-b5bd-f03832430167 None None] database.connection_recycle_time = 3600 {{(pid=118289) log_opt_values /opt/stack/data/venv/lib/python3.10/site-packages/oslo_config/cfg.py:2620}}
Aug 08 12:13:59 ubuntu devstack@g-api.service[118288]: DEBUG glance.api.middleware.version_negotiation [None req-ccefe76f-e64d-4008-b0b4-9641301c333a None None] Determining version of request: GET / Accept: */* {{(pid=118288) process_request /opt/stack/glance/glance/api/middleware/version_negotiation.py:44}}
Aug 08 12:13:59 ubuntu devstack@g-api.service[118289]: DEBUG glance.common.config [None req-999442c7-15d4-4d84-b5bd-f03832430167 None None] database.connection_trace      = False {{(pid=118289) log_opt_values /opt/stack/data/venv/lib/python3.10/site-packages/oslo_config/cfg.py:2620}}
Aug 08 12:13:59 ubuntu devstack@g-api.service[118288]: DEBUG glance.api.middleware.version_negotiation [None req-ccefe76f-e64d-4008-b0b4-9641301c333a None None] Using url versioning {{(pid=118288) process_request /opt/stack/glance/glance/api/middleware/version_negotiation.py:57}}
Aug 08 12:13:59 ubuntu devstack@g-api.service[118289]: DEBUG glance.common.config [None req-999442c7-15d4-4d84-b5bd-f03832430167 None None] database.db_inc_retry_interval = True {{(pid=118289) log_opt_values /opt/stack/data/venv/lib/python3.10/site-packages/oslo_config/cfg.py:2620}}
Aug 08 12:13:59 ubuntu devstack@g-api.service[118289]: DEBUG glance.common.config [None req-999442c7-15d4-4d84-b5bd-f03832430167 None None] database.db_max_retries        = 20 {{(pid=118289) log_opt_values /opt/stack/data/venv/lib/python3.10/site-packages/oslo_config/cfg.py:2620}}
Aug 08 12:13:59 ubuntu devstack@g-api.service[118288]: DEBUG glance.api.middleware.version_negotiation [None req-ccefe76f-e64d-4008-b0b4-9641301c333a None None] Unknown version. Returning version choices. {{(pid=118288) process_request /opt/stack/glance/glance/api/middleware/version_negotiation.py:64}}
Aug 08 12:13:59 ubuntu devstack@g-api.service[118289]: DEBUG glance.common.config [None req-999442c7-15d4-4d84-b5bd-f03832430167 None None] database.db_max_retry_interval = 10 {{(pid=118289) log_opt_values /opt/stack/data/venv/lib/python3.10/site-packages/oslo_config/cfg.py:2620}}
Aug 08 12:13:59 ubuntu devstack@g-api.service[118289]: DEBUG glance.common.config [None req-999442c7-15d4-4d84-b5bd-f03832430167 None None] database.db_retry_interval     = 1 {{(pid=118289) log_opt_values /opt/stack/data/venv/lib/python3.10/site-packages/oslo_config/cfg.py:2620}}
Aug 08 12:13:59 ubuntu devstack@g-api.service[118289]: DEBUG glance.common.config [None req-999442c7-15d4-4d84-b5bd-f03832430167 None None] database.max_overflow          = 50 {{(pid=118289) log_opt_values /opt/stack/data/venv/lib/python3.10/site-packages/oslo_config/cfg.py:2620}}
Aug 08 12:13:59 ubuntu devstack@g-api.service[118289]: DEBUG glance.common.config [None req-999442c7-15d4-4d84-b5bd-f03832430167 None None] database.max_pool_size         = 5 {{(pid=118289) log_opt_values /opt/stack/data/venv/lib/python3.10/site-packages/oslo_config/cfg.py:2620}}
Aug 08 12:13:59 ubuntu devstack@g-api.service[118289]: DEBUG glance.common.config [None req-999442c7-15d4-4d84-b5bd-f03832430167 None None] database.max_retries           = 10 {{(pid=118289) log_opt_values /opt/stack/data/venv/lib/python3.10/site-packages/oslo_config/cfg.py:2620}}
Aug 08 12:13:59 ubuntu devstack@g-api.service[118289]: DEBUG glance.common.config [None req-999442c7-15d4-4d84-b5bd-f03832430167 None None] database.mysql_sql_mode        = TRADITIONAL {{(pid=118289) log_opt_values /opt/stack/data/venv/lib/python3.10/site-packages/oslo_config/cfg.py:2620}}
Aug 08 12:13:59 ubuntu devstack@g-api.service[118289]: DEBUG glance.common.config [None req-999442c7-15d4-4d84-b5bd-f03832430167 None None] database.mysql_wsrep_sync_wait = None {{(pid=118289) log_opt_values /opt/stack/data/venv/lib/python3.10/site-packages/oslo_config/cfg.py:2620}}
Aug 08 12:13:59 ubuntu devstack@g-api.service[118288]: [pid: 118288|app: 0|req: 1/1] 127.0.0.1 () {32 vars in 386 bytes} [Thu Aug  8 12:13:59 2024] GET / => generated 1407 bytes in 1 msecs (HTTP/1.1 300) 3 headers in 106 bytes (1 switches on core 0)
Aug 08 12:13:59 ubuntu devstack@g-api.service[118289]: DEBUG glance.common.config [None req-999442c7-15d4-4d84-b5bd-f03832430167 None None] database.pool_timeout          = None {{(pid=118289) log_opt_values /opt/stack/data/venv/lib/python3.10/site-packages/oslo_config/cfg.py:2620}}
Aug 08 12:13:59 ubuntu devstack@g-api.service[118289]: DEBUG glance.common.config [None req-999442c7-15d4-4d84-b5bd-f03832430167 None None] database.retry_interval        = 10 {{(pid=118289) log_opt_values /opt/stack/data/venv/lib/python3.10/site-packages/oslo_config/cfg.py:2620}}
Aug 08 12:13:59 ubuntu devstack@g-api.service[118289]: DEBUG glance.common.config [None req-999442c7-15d4-4d84-b5bd-f03832430167 None None] database.slave_connection      = **** {{(pid=118289) log_opt_values /opt/stack/data/venv/lib/python3.10/site-packages/oslo_config/cfg.py:2620}}
Aug 08 12:13:59 ubuntu devstack@g-api.service[118289]: DEBUG glance.common.config [None req-999442c7-15d4-4d84-b5bd-f03832430167 None None] database.sqlite_synchronous    = True {{(pid=118289) log_opt_values /opt/stack/data/venv/lib/python3.10/site-packages/oslo_config/cfg.py:2620}}
Aug 08 12:13:59 ubuntu devstack@g-api.service[118289]: DEBUG glance.common.config [None req-999442c7-15d4-4d84-b5bd-f03832430167 None None] database.use_db_reconnect      = False {{(pid=118289) log_opt_values /opt/stack/data/venv/lib/python3.10/site-packages/oslo_config/cfg.py:2620}}
Aug 08 12:13:59 ubuntu devstack@g-api.service[118289]: DEBUG glance.common.config [None req-999442c7-15d4-4d84-b5bd-f03832430167 None None] healthcheck.allowed_source_ranges = [] {{(pid=118289) log_opt_values /opt/stack/data/venv/lib/python3.10/site-packages/oslo_config/cfg.py:2620}}
Aug 08 12:13:59 ubuntu devstack@g-api.service[118289]: DEBUG glance.common.config [None req-999442c7-15d4-4d84-b5bd-f03832430167 None None] healthcheck.backends           = ['disable_by_file'] {{(pid=118289) log_opt_values /opt/stack/data/venv/lib/python3.10/site-packages/oslo_config/cfg.py:2620}}
Aug 08 12:13:59 ubuntu devstack@g-api.service[118289]: DEBUG glance.common.config [None req-999442c7-15d4-4d84-b5bd-f03832430167 None None] healthcheck.detailed           = False {{(pid=118289) log_opt_values /opt/stack/data/venv/lib/python3.10/site-packages/oslo_config/cfg.py:2620}}
Aug 08 12:13:59 ubuntu devstack@g-api.service[118289]: DEBUG glance.common.config [None req-999442c7-15d4-4d84-b5bd-f03832430167 None None] healthcheck.disable_by_file_path = None {{(pid=118289) log_opt_values /opt/stack/data/venv/lib/python3.10/site-packages/oslo_config/cfg.py:2620}}
Aug 08 12:13:59 ubuntu devstack@g-api.service[118289]: DEBUG glance.common.config [None req-999442c7-15d4-4d84-b5bd-f03832430167 None None] healthcheck.ignore_proxied_requests = False {{(pid=118289) log_opt_values /opt/stack/data/venv/lib/python3.10/site-packages/oslo_config/cfg.py:2620}}
Aug 08 12:13:59 ubuntu devstack@g-api.service[118289]: DEBUG glance.common.config [None req-999442c7-15d4-4d84-b5bd-f03832430167 None None] healthcheck.path               = /healthcheck {{(pid=118289) log_opt_values /opt/stack/data/venv/lib/python3.10/site-packages/oslo_config/cfg.py:2620}}
Aug 08 12:13:59 ubuntu devstack@g-api.service[118289]: DEBUG glance.common.config [None req-999442c7-15d4-4d84-b5bd-f03832430167 None None] ******************************************************************************** {{(pid=118289) log_opt_values /opt/stack/data/venv/lib/python3.10/site-packages/oslo_config/cfg.py:2624}}
Aug 08 12:13:59 ubuntu devstack@g-api.service[118289]: WSGI app 0 (mountpoint='') ready in 2 seconds on interpreter 0x55c78d45be00 pid: 118289 (default app)
Aug 08 12:14:05 ubuntu devstack@g-api.service[118288]: DEBUG glance.api.middleware.version_negotiation [None req-ccefe76f-e64d-4008-b0b4-9641301c333a None None] Determining version of request: GET / Accept: application/json {{(pid=118288) process_request /opt/stack/glance/glance/api/middleware/version_negotiation.py:44}}
Aug 08 12:14:05 ubuntu devstack@g-api.service[118288]: DEBUG glance.api.middleware.version_negotiation [None req-ccefe76f-e64d-4008-b0b4-9641301c333a None None] Using url versioning {{(pid=118288) process_request /opt/stack/glance/glance/api/middleware/version_negotiation.py:57}}
Aug 08 12:14:05 ubuntu devstack@g-api.service[118288]: DEBUG glance.api.middleware.version_negotiation [None req-ccefe76f-e64d-4008-b0b4-9641301c333a None None] Unknown version. Returning version choices. {{(pid=118288) process_request /opt/stack/glance/glance/api/middleware/version_negotiation.py:64}}
Aug 08 12:14:05 ubuntu devstack@g-api.service[118288]: [pid: 118288|app: 0|req: 2/2] 127.0.0.1 () {34 vars in 502 bytes} [Thu Aug  8 12:14:05 2024] GET / => generated 1407 bytes in 1 msecs (HTTP/1.1 300) 3 headers in 106 bytes (1 switches on core 0)
Aug 08 12:14:05 ubuntu devstack@g-api.service[118289]: DEBUG glance.api.middleware.version_negotiation [None req-999442c7-15d4-4d84-b5bd-f03832430167 None None] Determining version of request: POST /v2/images Accept: */* {{(pid=118289) process_request /opt/stack/glance/glance/api/middleware/version_negotiation.py:44}}
Aug 08 12:14:05 ubuntu devstack@g-api.service[118289]: DEBUG glance.api.middleware.version_negotiation [None req-999442c7-15d4-4d84-b5bd-f03832430167 None None] Using url versioning {{(pid=118289) process_request /opt/stack/glance/glance/api/middleware/version_negotiation.py:57}}
Aug 08 12:14:05 ubuntu devstack@g-api.service[118289]: DEBUG glance.api.middleware.version_negotiation [None req-999442c7-15d4-4d84-b5bd-f03832430167 None None] Matched version: v2 {{(pid=118289) process_request /opt/stack/glance/glance/api/middleware/version_negotiation.py:69}}
Aug 08 12:14:05 ubuntu devstack@g-api.service[118289]: DEBUG glance.api.middleware.version_negotiation [None req-999442c7-15d4-4d84-b5bd-f03832430167 None None] new path /v2/images {{(pid=118289) process_request /opt/stack/glance/glance/api/middleware/version_negotiation.py:70}}
Aug 08 12:14:06 ubuntu devstack@g-api.service[118289]: [pid: 118289|app: 0|req: 1/3] 127.0.0.1 () {40 vars in 765 bytes} [Thu Aug  8 12:14:05 2024] POST /v2/images => generated 807 bytes in 951 msecs (HTTP/1.1 201) 6 headers in 314 bytes (1 switches on core 0)
Aug 08 12:14:06 ubuntu devstack@g-api.service[118288]: DEBUG glance.api.middleware.version_negotiation [None req-ccefe76f-e64d-4008-b0b4-9641301c333a None None] Determining version of request: PUT /v2/images/9ee0582b-ce56-4071-b1ad-82e32d1358d2/file Accept:  {{(pid=118288) process_request /opt/stack/glance/glance/api/middleware/version_negotiation.py:44}}
Aug 08 12:14:06 ubuntu devstack@g-api.service[118288]: DEBUG glance.api.middleware.version_negotiation [None req-ccefe76f-e64d-4008-b0b4-9641301c333a None None] Using url versioning {{(pid=118288) process_request /opt/stack/glance/glance/api/middleware/version_negotiation.py:57}}
Aug 08 12:14:06 ubuntu devstack@g-api.service[118288]: DEBUG glance.api.middleware.version_negotiation [None req-ccefe76f-e64d-4008-b0b4-9641301c333a None None] Matched version: v2 {{(pid=118288) process_request /opt/stack/glance/glance/api/middleware/version_negotiation.py:69}}
Aug 08 12:14:06 ubuntu devstack@g-api.service[118288]: DEBUG glance.api.middleware.version_negotiation [None req-ccefe76f-e64d-4008-b0b4-9641301c333a None None] new path /v2/images/9ee0582b-ce56-4071-b1ad-82e32d1358d2/file {{(pid=118288) process_request /opt/stack/glance/glance/api/middleware/version_negotiation.py:70}}
Aug 08 12:14:06 ubuntu devstack@g-api.service[118288]: INFO glance.api.v2.image_data [None req-50684d4a-1cf5-49a6-af9c-7b4ed2a62c6b admin admin] Unable to create trust: no such option collect_timing in group [keystone_authtoken] Use the existing user token.
Aug 08 12:14:07 ubuntu devstack@g-api.service[118288]: DEBUG glance.location [None req-50684d4a-1cf5-49a6-af9c-7b4ed2a62c6b admin admin] Enabling in-flight format inspection for qcow2 {{(pid=118288) set_data /opt/stack/glance/glance/location.py:592}}
Aug 08 12:14:07 ubuntu devstack@g-api.service[118288]: DEBUG glance_store.backend [None req-50684d4a-1cf5-49a6-af9c-7b4ed2a62c6b admin admin] Attempting to import store swift {{(pid=118288) _load_store /opt/stack/data/venv/lib/python3.10/site-packages/glance_store/backend.py:216}}
Aug 08 12:14:07 ubuntu devstack@g-api.service[118288]: DEBUG glance_store.capabilities [None req-50684d4a-1cf5-49a6-af9c-7b4ed2a62c6b admin admin] Store glance_store._drivers.swift.store.SingleTenantStore doesn't support updating dynamic storage capabilities. Please overwrite 'update_capabilities' method of the store to implement updating logics if needed. {{(pid=118288) update_capabilities /opt/stack/data/venv/lib/python3.10/site-packages/glance_store/capabilities.py:91}}
Aug 08 12:14:07 ubuntu devstack@g-api.service[118288]: DEBUG glance_store.driver [None req-50684d4a-1cf5-49a6-af9c-7b4ed2a62c6b admin admin] Late loading location class glance_store._drivers.swift.store.StoreLocation {{(pid=118288) get_store_location_class /opt/stack/data/venv/lib/python3.10/site-packages/glance_store/driver.py:133}}
Aug 08 12:14:07 ubuntu devstack@g-api.service[118288]: DEBUG glance_store.location [None req-50684d4a-1cf5-49a6-af9c-7b4ed2a62c6b admin admin] Registering scheme swift+https with {'store': <glance_store._drivers.swift.store.SingleTenantStore object at 0x7efe74b43fa0>, 'location_class': <class 'glance_store._drivers.swift.store.StoreLocation'>, 'store_entry': 'swift'} {{(pid=118288) register_scheme_map /opt/stack/data/venv/lib/python3.10/site-packages/glance_store/location.py:146}}
Aug 08 12:14:07 ubuntu devstack@g-api.service[118288]: DEBUG glance_store.location [None req-50684d4a-1cf5-49a6-af9c-7b4ed2a62c6b admin admin] Registering scheme swift+https with {'store': <glance_store._drivers.swift.store.SingleTenantStore object at 0x7efe74b43fa0>, 'location_class': <class 'glance_store._drivers.swift.store.StoreLocation'>, 'store_entry': 'swift'} {{(pid=118288) register_scheme_map /opt/stack/data/venv/lib/python3.10/site-packages/glance_store/location.py:146}}
Aug 08 12:14:07 ubuntu devstack@g-api.service[118288]: DEBUG glance_store.location [None req-50684d4a-1cf5-49a6-af9c-7b4ed2a62c6b admin admin] Registering scheme swift with {'store': <glance_store._drivers.swift.store.SingleTenantStore object at 0x7efe74b43fa0>, 'location_class': <class 'glance_store._drivers.swift.store.StoreLocation'>, 'store_entry': 'swift'} {{(pid=118288) register_scheme_map /opt/stack/data/venv/lib/python3.10/site-packages/glance_store/location.py:146}}
Aug 08 12:14:07 ubuntu devstack@g-api.service[118288]: DEBUG glance_store.location [None req-50684d4a-1cf5-49a6-af9c-7b4ed2a62c6b admin admin] Registering scheme swift+https with {'store': <glance_store._drivers.swift.store.SingleTenantStore object at 0x7efe74b43fa0>, 'location_class': <class 'glance_store._drivers.swift.store.StoreLocation'>, 'store_entry': 'swift'} {{(pid=118288) register_scheme_map /opt/stack/data/venv/lib/python3.10/site-packages/glance_store/location.py:146}}
Aug 08 12:14:07 ubuntu devstack@g-api.service[118288]: DEBUG glance_store.location [None req-50684d4a-1cf5-49a6-af9c-7b4ed2a62c6b admin admin] Registering scheme swift with {'store': <glance_store._drivers.swift.store.SingleTenantStore object at 0x7efe74b43fa0>, 'location_class': <class 'glance_store._drivers.swift.store.StoreLocation'>, 'store_entry': 'swift'} {{(pid=118288) register_scheme_map /opt/stack/data/venv/lib/python3.10/site-packages/glance_store/location.py:146}}
Aug 08 12:14:07 ubuntu devstack@g-api.service[118288]: DEBUG glance_store.location [None req-50684d4a-1cf5-49a6-af9c-7b4ed2a62c6b admin admin] Registering scheme swift+http with {'store': <glance_store._drivers.swift.store.SingleTenantStore object at 0x7efe74b43fa0>, 'location_class': <class 'glance_store._drivers.swift.store.StoreLocation'>, 'store_entry': 'swift'} {{(pid=118288) register_scheme_map /opt/stack/data/venv/lib/python3.10/site-packages/glance_store/location.py:146}}
Aug 08 12:14:07 ubuntu devstack@g-api.service[118288]: DEBUG glance_store.location [None req-50684d4a-1cf5-49a6-af9c-7b4ed2a62c6b admin admin] Registering scheme swift+https with {'store': <glance_store._drivers.swift.store.SingleTenantStore object at 0x7efe74b43fa0>, 'location_class': <class 'glance_store._drivers.swift.store.StoreLocation'>, 'store_entry': 'swift'} {{(pid=118288) register_scheme_map /opt/stack/data/venv/lib/python3.10/site-packages/glance_store/location.py:146}}
Aug 08 12:14:07 ubuntu devstack@g-api.service[118288]: DEBUG glance_store.location [None req-50684d4a-1cf5-49a6-af9c-7b4ed2a62c6b admin admin] Registering scheme swift with {'store': <glance_store._drivers.swift.store.SingleTenantStore object at 0x7efe74b43fa0>, 'location_class': <class 'glance_store._drivers.swift.store.StoreLocation'>, 'store_entry': 'swift'} {{(pid=118288) register_scheme_map /opt/stack/data/venv/lib/python3.10/site-packages/glance_store/location.py:146}}
Aug 08 12:14:07 ubuntu devstack@g-api.service[118288]: DEBUG glance_store.location [None req-50684d4a-1cf5-49a6-af9c-7b4ed2a62c6b admin admin] Registering scheme swift+http with {'store': <glance_store._drivers.swift.store.SingleTenantStore object at 0x7efe74b43fa0>, 'location_class': <class 'glance_store._drivers.swift.store.StoreLocation'>, 'store_entry': 'swift'} {{(pid=118288) register_scheme_map /opt/stack/data/venv/lib/python3.10/site-packages/glance_store/location.py:146}}
Aug 08 12:14:07 ubuntu devstack@g-api.service[118288]: DEBUG glance_store.location [None req-50684d4a-1cf5-49a6-af9c-7b4ed2a62c6b admin admin] Registering scheme swift+config with {'store': <glance_store._drivers.swift.store.SingleTenantStore object at 0x7efe74b43fa0>, 'location_class': <class 'glance_store._drivers.swift.store.StoreLocation'>, 'store_entry': 'swift'} {{(pid=118288) register_scheme_map /opt/stack/data/venv/lib/python3.10/site-packages/glance_store/location.py:146}}
Aug 08 12:14:07 ubuntu devstack@g-api.service[118288]: INFO swiftclient [None req-50684d4a-1cf5-49a6-af9c-7b4ed2a62c6b admin admin] REQ: curl -i http://10.201.5.82:8080/v1/AUTH_a70152dd73004fad9f23c4b4cf24b113/glance -I -H "X-Auth-Token: gAAAAABmtLaPBrYL..."
Aug 08 12:14:07 ubuntu devstack@g-api.service[118288]: INFO swiftclient [None req-50684d4a-1cf5-49a6-af9c-7b4ed2a62c6b admin admin] RESP STATUS: 404 Not Found
Aug 08 12:14:07 ubuntu devstack@g-api.service[118288]: INFO swiftclient [None req-50684d4a-1cf5-49a6-af9c-7b4ed2a62c6b admin admin] RESP HEADERS: {'Content-Type': 'text/html; charset=UTF-8', 'Content-Length': '0', 'X-Container-Sharding': 'False', 'X-Trans-Id': 'txf25c6cc0b4904852b3d32-0066b4b68f', 'X-Openstack-Request-Id': 'txf25c6cc0b4904852b3d32-0066b4b68f', 'Date': 'Thu, 08 Aug 2024 12:14:07 GMT'}
Aug 08 12:14:07 ubuntu devstack@g-api.service[118288]: INFO glance_store._drivers.swift.store [None req-50684d4a-1cf5-49a6-af9c-7b4ed2a62c6b admin admin] Creating swift container glance
Aug 08 12:14:07 ubuntu devstack@g-api.service[118288]: DEBUG swiftclient [None req-50684d4a-1cf5-49a6-af9c-7b4ed2a62c6b admin admin] REQ: curl -i http://10.201.5.82:8080/v1/AUTH_a70152dd73004fad9f23c4b4cf24b113/glance -X PUT -H "X-Auth-Token: gAAAAABmtLaPBrYL..." -H "Content-Length: 0" {{(pid=118288) http_log /opt/stack/data/venv/lib/python3.10/site-packages/swiftclient/client.py:160}}
Aug 08 12:14:07 ubuntu devstack@g-api.service[118288]: DEBUG swiftclient [None req-50684d4a-1cf5-49a6-af9c-7b4ed2a62c6b admin admin] RESP STATUS: 201 Created {{(pid=118288) http_log /opt/stack/data/venv/lib/python3.10/site-packages/swiftclient/client.py:161}}
Aug 08 12:14:07 ubuntu devstack@g-api.service[118288]: DEBUG swiftclient [None req-50684d4a-1cf5-49a6-af9c-7b4ed2a62c6b admin admin] RESP HEADERS: {'Content-Type': 'text/html; charset=UTF-8', 'Content-Length': '0', 'X-Trans-Id': 'txc4b7daf97e664e8ea05e5-0066b4b68f', 'X-Openstack-Request-Id': 'txc4b7daf97e664e8ea05e5-0066b4b68f', 'Date': 'Thu, 08 Aug 2024 12:14:07 GMT'} {{(pid=118288) http_log /opt/stack/data/venv/lib/python3.10/site-packages/swiftclient/client.py:162}}
Aug 08 12:14:07 ubuntu devstack@g-api.service[118288]: DEBUG glance_store._drivers.swift.store [None req-50684d4a-1cf5-49a6-af9c-7b4ed2a62c6b admin admin] Adding image object '9ee0582b-ce56-4071-b1ad-82e32d1358d2' to Swift {{(pid=118288) add /opt/stack/data/venv/lib/python3.10/site-packages/glance_store/_drivers/swift/store.py:941}}
Aug 08 12:14:08 ubuntu devstack@g-api.service[118288]: DEBUG swiftclient [None req-50684d4a-1cf5-49a6-af9c-7b4ed2a62c6b admin admin] REQ: curl -i http://10.201.5.82:8080/v1/AUTH_a70152dd73004fad9f23c4b4cf24b113/glance/9ee0582b-ce56-4071-b1ad-82e32d1358d2 -X PUT -H "X-Auth-Token: gAAAAABmtLaPBrYL..." -H "Content-Length: 21430272" {{(pid=118288) http_log /opt/stack/data/venv/lib/python3.10/site-packages/swiftclient/client.py:160}}
Aug 08 12:14:08 ubuntu devstack@g-api.service[118288]: DEBUG swiftclient [None req-50684d4a-1cf5-49a6-af9c-7b4ed2a62c6b admin admin] RESP STATUS: 201 Created {{(pid=118288) http_log /opt/stack/data/venv/lib/python3.10/site-packages/swiftclient/client.py:161}}
Aug 08 12:14:08 ubuntu devstack@g-api.service[118288]: DEBUG swiftclient [None req-50684d4a-1cf5-49a6-af9c-7b4ed2a62c6b admin admin] RESP HEADERS: {'Content-Type': 'text/html; charset=UTF-8', 'Content-Length': '0', 'Etag': 'c8fc807773e5354afe61636071771906', 'Last-Modified': 'Thu, 08 Aug 2024 12:14:08 GMT', 'X-Trans-Id': 'tx4de2cbdffe43417fbdef8-0066b4b68f', 'X-Openstack-Request-Id': 'tx4de2cbdffe43417fbdef8-0066b4b68f', 'Date': 'Thu, 08 Aug 2024 12:14:08 GMT'} {{(pid=118288) http_log /opt/stack/data/venv/lib/python3.10/site-packages/swiftclient/client.py:162}}
Aug 08 12:14:08 ubuntu devstack@g-api.service[118288]: INFO glance.location [None req-50684d4a-1cf5-49a6-af9c-7b4ed2a62c6b admin admin] Image format matched and virtual size computed: 117440512
Aug 08 12:14:08 ubuntu devstack@g-api.service[118288]: DEBUG glance_store.backend [None req-50684d4a-1cf5-49a6-af9c-7b4ed2a62c6b admin admin] Attempting to import store swift {{(pid=118288) _load_store /opt/stack/data/venv/lib/python3.10/site-packages/glance_store/backend.py:216}}
Aug 08 12:14:08 ubuntu devstack@g-api.service[118288]: DEBUG glance_store.capabilities [None req-50684d4a-1cf5-49a6-af9c-7b4ed2a62c6b admin admin] Store glance_store._drivers.swift.store.SingleTenantStore doesn't support updating dynamic storage capabilities. Please overwrite 'update_capabilities' method of the store to implement updating logics if needed. {{(pid=118288) update_capabilities /opt/stack/data/venv/lib/python3.10/site-packages/glance_store/capabilities.py:91}}
Aug 08 12:14:08 ubuntu devstack@g-api.service[118288]: DEBUG glance_store.driver [None req-50684d4a-1cf5-49a6-af9c-7b4ed2a62c6b admin admin] Late loading location class glance_store._drivers.swift.store.StoreLocation {{(pid=118288) get_store_location_class /opt/stack/data/venv/lib/python3.10/site-packages/glance_store/driver.py:133}}
Aug 08 12:14:08 ubuntu devstack@g-api.service[118288]: DEBUG glance_store.location [None req-50684d4a-1cf5-49a6-af9c-7b4ed2a62c6b admin admin] Registering scheme swift+https with {'store': <glance_store._drivers.swift.store.SingleTenantStore object at 0x7efe74c4ebf0>, 'location_class': <class 'glance_store._drivers.swift.store.StoreLocation'>, 'store_entry': 'swift'} {{(pid=118288) register_scheme_map /opt/stack/data/venv/lib/python3.10/site-packages/glance_store/location.py:146}}
Aug 08 12:14:08 ubuntu devstack@g-api.service[118288]: DEBUG glance_store.location [None req-50684d4a-1cf5-49a6-af9c-7b4ed2a62c6b admin admin] Registering scheme swift+https with {'store': <glance_store._drivers.swift.store.SingleTenantStore object at 0x7efe74c4ebf0>, 'location_class': <class 'glance_store._drivers.swift.store.StoreLocation'>, 'store_entry': 'swift'} {{(pid=118288) register_scheme_map /opt/stack/data/venv/lib/python3.10/site-packages/glance_store/location.py:146}}
Aug 08 12:14:08 ubuntu devstack@g-api.service[118288]: DEBUG glance_store.location [None req-50684d4a-1cf5-49a6-af9c-7b4ed2a62c6b admin admin] Registering scheme swift with {'store': <glance_store._drivers.swift.store.SingleTenantStore object at 0x7efe74c4ebf0>, 'location_class': <class 'glance_store._drivers.swift.store.StoreLocation'>, 'store_entry': 'swift'} {{(pid=118288) register_scheme_map /opt/stack/data/venv/lib/python3.10/site-packages/glance_store/location.py:146}}
Aug 08 12:14:08 ubuntu devstack@g-api.service[118288]: DEBUG glance_store.location [None req-50684d4a-1cf5-49a6-af9c-7b4ed2a62c6b admin admin] Registering scheme swift+https with {'store': <glance_store._drivers.swift.store.SingleTenantStore object at 0x7efe74c4ebf0>, 'location_class': <class 'glance_store._drivers.swift.store.StoreLocation'>, 'store_entry': 'swift'} {{(pid=118288) register_scheme_map /opt/stack/data/venv/lib/python3.10/site-packages/glance_store/location.py:146}}
Aug 08 12:14:08 ubuntu devstack@g-api.service[118288]: DEBUG glance_store.location [None req-50684d4a-1cf5-49a6-af9c-7b4ed2a62c6b admin admin] Registering scheme swift with {'store': <glance_store._drivers.swift.store.SingleTenantStore object at 0x7efe74c4ebf0>, 'location_class': <class 'glance_store._drivers.swift.store.StoreLocation'>, 'store_entry': 'swift'} {{(pid=118288) register_scheme_map /opt/stack/data/venv/lib/python3.10/site-packages/glance_store/location.py:146}}
Aug 08 12:14:08 ubuntu devstack@g-api.service[118288]: DEBUG glance_store.location [None req-50684d4a-1cf5-49a6-af9c-7b4ed2a62c6b admin admin] Registering scheme swift+http with {'store': <glance_store._drivers.swift.store.SingleTenantStore object at 0x7efe74c4ebf0>, 'location_class': <class 'glance_store._drivers.swift.store.StoreLocation'>, 'store_entry': 'swift'} {{(pid=118288) register_scheme_map /opt/stack/data/venv/lib/python3.10/site-packages/glance_store/location.py:146}}
Aug 08 12:14:08 ubuntu devstack@g-api.service[118288]: DEBUG glance_store.location [None req-50684d4a-1cf5-49a6-af9c-7b4ed2a62c6b admin admin] Registering scheme swift+https with {'store': <glance_store._drivers.swift.store.SingleTenantStore object at 0x7efe74c4ebf0>, 'location_class': <class 'glance_store._drivers.swift.store.StoreLocation'>, 'store_entry': 'swift'} {{(pid=118288) register_scheme_map /opt/stack/data/venv/lib/python3.10/site-packages/glance_store/location.py:146}}
Aug 08 12:14:08 ubuntu devstack@g-api.service[118288]: DEBUG glance_store.location [None req-50684d4a-1cf5-49a6-af9c-7b4ed2a62c6b admin admin] Registering scheme swift with {'store': <glance_store._drivers.swift.store.SingleTenantStore object at 0x7efe74c4ebf0>, 'location_class': <class 'glance_store._drivers.swift.store.StoreLocation'>, 'store_entry': 'swift'} {{(pid=118288) register_scheme_map /opt/stack/data/venv/lib/python3.10/site-packages/glance_store/location.py:146}}
Aug 08 12:14:08 ubuntu devstack@g-api.service[118288]: DEBUG glance_store.location [None req-50684d4a-1cf5-49a6-af9c-7b4ed2a62c6b admin admin] Registering scheme swift+http with {'store': <glance_store._drivers.swift.store.SingleTenantStore object at 0x7efe74c4ebf0>, 'location_class': <class 'glance_store._drivers.swift.store.StoreLocation'>, 'store_entry': 'swift'} {{(pid=118288) register_scheme_map /opt/stack/data/venv/lib/python3.10/site-packages/glance_store/location.py:146}}
Aug 08 12:14:08 ubuntu devstack@g-api.service[118288]: DEBUG glance_store.location [None req-50684d4a-1cf5-49a6-af9c-7b4ed2a62c6b admin admin] Registering scheme swift+config with {'store': <glance_store._drivers.swift.store.SingleTenantStore object at 0x7efe74c4ebf0>, 'location_class': <class 'glance_store._drivers.swift.store.StoreLocation'>, 'store_entry': 'swift'} {{(pid=118288) register_scheme_map /opt/stack/data/venv/lib/python3.10/site-packages/glance_store/location.py:146}}
Aug 08 12:14:08 ubuntu devstack@g-api.service[118288]: DEBUG glance_store.backend [None req-50684d4a-1cf5-49a6-af9c-7b4ed2a62c6b admin admin] Skipping store.set_acls... not implemented. {{(pid=118288) set_acls /opt/stack/data/venv/lib/python3.10/site-packages/glance_store/backend.py:508}}
Aug 08 12:14:08 ubuntu devstack@g-api.service[118288]: [pid: 118288|app: 0|req: 3/4] 127.0.0.1 () {40 vars in 858 bytes} [Thu Aug  8 12:14:06 2024] PUT /v2/images/9ee0582b-ce56-4071-b1ad-82e32d1358d2/file => generated 0 bytes in 2027 msecs (HTTP/1.1 204) 4 headers in 171 bytes (1 switches on core 0)
Aug 08 12:14:16 ubuntu devstack@g-api.service[118289]: DEBUG dbcounter [-] [118289] Writing DB stats glance:INSERT=9,glance:SELECT=5 {{(pid=118289) stat_writer /opt/stack/data/venv/lib/python3.10/site-packages/dbcounter.py:115}}
Aug 08 12:14:18 ubuntu devstack@g-api.service[118288]: DEBUG dbcounter [-] [118288] Writing DB stats glance:INSERT=5,glance:SELECT=18,glance:UPDATE=2 {{(pid=118288) stat_writer /opt/stack/data/venv/lib/python3.10/site-packages/dbcounter.py:115}}
Aug 08 12:14:45 ubuntu devstack@g-api.service[118289]: DEBUG glance.api.middleware.version_negotiation [None req-da45b635-37a4-46f5-9af0-a809c9a52f5a admin admin] Determining version of request: GET / Accept: application/json {{(pid=118289) process_request /opt/stack/glance/glance/api/middleware/version_negotiation.py:44}}
Aug 08 12:14:45 ubuntu devstack@g-api.service[118289]: DEBUG glance.api.middleware.version_negotiation [None req-da45b635-37a4-46f5-9af0-a809c9a52f5a admin admin] Using url versioning {{(pid=118289) process_request /opt/stack/glance/glance/api/middleware/version_negotiation.py:57}}
Aug 08 12:14:45 ubuntu devstack@g-api.service[118289]: DEBUG glance.api.middleware.version_negotiation [None req-da45b635-37a4-46f5-9af0-a809c9a52f5a admin admin] Unknown version. Returning version choices. {{(pid=118289) process_request /opt/stack/glance/glance/api/middleware/version_negotiation.py:64}}
Aug 08 12:14:45 ubuntu devstack@g-api.service[118289]: [pid: 118289|app: 0|req: 2/5] 127.0.0.1 () {34 vars in 502 bytes} [Thu Aug  8 12:14:45 2024] GET / => generated 1407 bytes in 5 msecs (HTTP/1.1 300) 3 headers in 106 bytes (1 switches on core 0)
Aug 08 12:14:45 ubuntu devstack@g-api.service[118288]: DEBUG glance.api.middleware.version_negotiation [None req-50684d4a-1cf5-49a6-af9c-7b4ed2a62c6b admin admin] Determining version of request: GET /v2/images Accept: application/json {{(pid=118288) process_request /opt/stack/glance/glance/api/middleware/version_negotiation.py:44}}
Aug 08 12:14:45 ubuntu devstack@g-api.service[118288]: DEBUG glance.api.middleware.version_negotiation [None req-50684d4a-1cf5-49a6-af9c-7b4ed2a62c6b admin admin] Using url versioning {{(pid=118288) process_request /opt/stack/glance/glance/api/middleware/version_negotiation.py:57}}
Aug 08 12:14:45 ubuntu devstack@g-api.service[118288]: DEBUG glance.api.middleware.version_negotiation [None req-50684d4a-1cf5-49a6-af9c-7b4ed2a62c6b admin admin] Matched version: v2 {{(pid=118288) process_request /opt/stack/glance/glance/api/middleware/version_negotiation.py:69}}
Aug 08 12:14:45 ubuntu devstack@g-api.service[118288]: DEBUG glance.api.middleware.version_negotiation [None req-50684d4a-1cf5-49a6-af9c-7b4ed2a62c6b admin admin] new path /v2/images {{(pid=118288) process_request /opt/stack/glance/glance/api/middleware/version_negotiation.py:70}}
Aug 08 12:14:46 ubuntu devstack@g-api.service[118288]: [pid: 118288|app: 0|req: 4/6] 127.0.0.1 () {36 vars in 724 bytes} [Thu Aug  8 12:14:45 2024] GET /v2/images => generated 1045 bytes in 313 msecs (HTTP/1.1 200) 4 headers in 158 bytes (1 switches on core 0)
Aug 08 12:14:51 ubuntu devstack@g-api.service[118289]: DEBUG glance.api.middleware.version_negotiation [None req-da45b635-37a4-46f5-9af0-a809c9a52f5a admin admin] Determining version of request: GET / Accept: application/json {{(pid=118289) process_request /opt/stack/glance/glance/api/middleware/version_negotiation.py:44}}
Aug 08 12:14:51 ubuntu devstack@g-api.service[118289]: DEBUG glance.api.middleware.version_negotiation [None req-da45b635-37a4-46f5-9af0-a809c9a52f5a admin admin] Using url versioning {{(pid=118289) process_request /opt/stack/glance/glance/api/middleware/version_negotiation.py:57}}
Aug 08 12:14:51 ubuntu devstack@g-api.service[118289]: DEBUG glance.api.middleware.version_negotiation [None req-da45b635-37a4-46f5-9af0-a809c9a52f5a admin admin] Unknown version. Returning version choices. {{(pid=118289) process_request /opt/stack/glance/glance/api/middleware/version_negotiation.py:64}}
Aug 08 12:14:51 ubuntu devstack@g-api.service[118289]: [pid: 118289|app: 0|req: 3/7] 127.0.0.1 () {34 vars in 502 bytes} [Thu Aug  8 12:14:51 2024] GET / => generated 1407 bytes in 5 msecs (HTTP/1.1 300) 3 headers in 106 bytes (1 switches on core 0)
Aug 08 12:14:51 ubuntu devstack@g-api.service[118288]: DEBUG glance.api.middleware.version_negotiation [None req-9984567c-224a-4976-b0a5-f2ec6eff6863 admin admin] Determining version of request: GET /v2/images/9ee0582b-ce56-4071-b1ad-82e32d1358d2 Accept: */* {{(pid=118288) process_request /opt/stack/glance/glance/api/middleware/version_negotiation.py:44}}
Aug 08 12:14:51 ubuntu devstack@g-api.service[118288]: DEBUG glance.api.middleware.version_negotiation [None req-9984567c-224a-4976-b0a5-f2ec6eff6863 admin admin] Using url versioning {{(pid=118288) process_request /opt/stack/glance/glance/api/middleware/version_negotiation.py:57}}
Aug 08 12:14:51 ubuntu devstack@g-api.service[118288]: DEBUG glance.api.middleware.version_negotiation [None req-9984567c-224a-4976-b0a5-f2ec6eff6863 admin admin] Matched version: v2 {{(pid=118288) process_request /opt/stack/glance/glance/api/middleware/version_negotiation.py:69}}
Aug 08 12:14:51 ubuntu devstack@g-api.service[118288]: DEBUG glance.api.middleware.version_negotiation [None req-9984567c-224a-4976-b0a5-f2ec6eff6863 admin admin] new path /v2/images/9ee0582b-ce56-4071-b1ad-82e32d1358d2 {{(pid=118288) process_request /opt/stack/glance/glance/api/middleware/version_negotiation.py:70}}
Aug 08 12:14:51 ubuntu devstack@g-api.service[118288]: [pid: 118288|app: 0|req: 5/8] 127.0.0.1 () {36 vars in 785 bytes} [Thu Aug  8 12:14:51 2024] GET /v2/images/9ee0582b-ce56-4071-b1ad-82e32d1358d2 => generated 976 bytes in 219 msecs (HTTP/1.1 200) 4 headers in 157 bytes (1 switches on core 0)
Aug 08 12:14:54 ubuntu devstack@g-api.service[118289]: DEBUG glance.api.middleware.version_negotiation [None req-da45b635-37a4-46f5-9af0-a809c9a52f5a admin admin] Determining version of request: GET / Accept: application/json {{(pid=118289) process_request /opt/stack/glance/glance/api/middleware/version_negotiation.py:44}}
Aug 08 12:14:54 ubuntu devstack@g-api.service[118289]: DEBUG glance.api.middleware.version_negotiation [None req-da45b635-37a4-46f5-9af0-a809c9a52f5a admin admin] Using url versioning {{(pid=118289) process_request /opt/stack/glance/glance/api/middleware/version_negotiation.py:57}}
Aug 08 12:14:54 ubuntu devstack@g-api.service[118289]: DEBUG glance.api.middleware.version_negotiation [None req-da45b635-37a4-46f5-9af0-a809c9a52f5a admin admin] Unknown version. Returning version choices. {{(pid=118289) process_request /opt/stack/glance/glance/api/middleware/version_negotiation.py:64}}
Aug 08 12:14:54 ubuntu devstack@g-api.service[118289]: [pid: 118289|app: 0|req: 4/9] 127.0.0.1 () {34 vars in 502 bytes} [Thu Aug  8 12:14:54 2024] GET / => generated 1407 bytes in 5 msecs (HTTP/1.1 300) 3 headers in 106 bytes (1 switches on core 0)
Aug 08 12:14:54 ubuntu devstack@g-api.service[118288]: DEBUG glance.api.middleware.version_negotiation [None req-ec3ad344-2ced-44fa-9add-708deb2f8f7c admin admin] Determining version of request: GET /v2/images/9ee0582b-ce56-4071-b1ad-82e32d1358d2 Accept: */* {{(pid=118288) process_request /opt/stack/glance/glance/api/middleware/version_negotiation.py:44}}
Aug 08 12:14:54 ubuntu devstack@g-api.service[118288]: DEBUG glance.api.middleware.version_negotiation [None req-ec3ad344-2ced-44fa-9add-708deb2f8f7c admin admin] Using url versioning {{(pid=118288) process_request /opt/stack/glance/glance/api/middleware/version_negotiation.py:57}}
Aug 08 12:14:54 ubuntu devstack@g-api.service[118288]: DEBUG glance.api.middleware.version_negotiation [None req-ec3ad344-2ced-44fa-9add-708deb2f8f7c admin admin] Matched version: v2 {{(pid=118288) process_request /opt/stack/glance/glance/api/middleware/version_negotiation.py:69}}
Aug 08 12:14:54 ubuntu devstack@g-api.service[118288]: DEBUG glance.api.middleware.version_negotiation [None req-ec3ad344-2ced-44fa-9add-708deb2f8f7c admin admin] new path /v2/images/9ee0582b-ce56-4071-b1ad-82e32d1358d2 {{(pid=118288) process_request /opt/stack/glance/glance/api/middleware/version_negotiation.py:70}}
Aug 08 12:14:55 ubuntu devstack@g-api.service[118288]: [pid: 118288|app: 0|req: 6/10] 127.0.0.1 () {36 vars in 785 bytes} [Thu Aug  8 12:14:54 2024] GET /v2/images/9ee0582b-ce56-4071-b1ad-82e32d1358d2 => generated 976 bytes in 223 msecs (HTTP/1.1 200) 4 headers in 157 bytes (1 switches on core 0)
Aug 08 12:15:05 ubuntu devstack@g-api.service[118288]: DEBUG dbcounter [-] [118288] Writing DB stats glance:SELECT=5 {{(pid=118288) stat_writer /opt/stack/data/venv/lib/python3.10/site-packages/dbcounter.py:115}}
Aug 08 12:16:08 ubuntu devstack@g-api.service[118289]: DEBUG glance.api.middleware.version_negotiation [None req-da45b635-37a4-46f5-9af0-a809c9a52f5a admin admin] Determining version of request: GET / Accept: application/json {{(pid=118289) process_request /opt/stack/glance/glance/api/middleware/version_negotiation.py:44}}
Aug 08 12:16:08 ubuntu devstack@g-api.service[118289]: DEBUG glance.api.middleware.version_negotiation [None req-da45b635-37a4-46f5-9af0-a809c9a52f5a admin admin] Using url versioning {{(pid=118289) process_request /opt/stack/glance/glance/api/middleware/version_negotiation.py:57}}
Aug 08 12:16:08 ubuntu devstack@g-api.service[118289]: DEBUG glance.api.middleware.version_negotiation [None req-da45b635-37a4-46f5-9af0-a809c9a52f5a admin admin] Unknown version. Returning version choices. {{(pid=118289) process_request /opt/stack/glance/glance/api/middleware/version_negotiation.py:64}}
Aug 08 12:16:08 ubuntu devstack@g-api.service[118289]: [pid: 118289|app: 0|req: 5/11] 127.0.0.1 () {36 vars in 474 bytes} [Thu Aug  8 12:16:08 2024] GET / => generated 1407 bytes in 3 msecs (HTTP/1.1 300) 3 headers in 106 bytes (1 switches on core 0)
Aug 08 12:21:04 ubuntu devstack@g-api.service[118288]: DEBUG glance.api.middleware.version_negotiation [None req-c069ebc0-6140-43f1-a0ba-d1ae9f86cf41 admin admin] Determining version of request: GET /versions Accept: */* {{(pid=118288) process_request /opt/stack/glance/glance/api/middleware/version_negotiation.py:44}}
Aug 08 12:21:04 ubuntu devstack@g-api.service[118288]: [pid: 118288|app: 0|req: 7/12] 127.0.0.1 () {38 vars in 691 bytes} [Thu Aug  8 12:21:04 2024] GET /versions => generated 1407 bytes in 9 msecs (HTTP/1.1 200) 3 headers in 92 bytes (1 switches on core 0)
Aug 08 12:21:04 ubuntu devstack@g-api.service[118289]: DEBUG glance.api.middleware.version_negotiation [None req-da45b635-37a4-46f5-9af0-a809c9a52f5a admin admin] Determining version of request: GET /v2/schemas/image Accept: */* {{(pid=118289) process_request /opt/stack/glance/glance/api/middleware/version_negotiation.py:44}}
Aug 08 12:21:04 ubuntu devstack@g-api.service[118289]: DEBUG glance.api.middleware.version_negotiation [None req-da45b635-37a4-46f5-9af0-a809c9a52f5a admin admin] Using url versioning {{(pid=118289) process_request /opt/stack/glance/glance/api/middleware/version_negotiation.py:57}}
Aug 08 12:21:04 ubuntu devstack@g-api.service[118289]: DEBUG glance.api.middleware.version_negotiation [None req-da45b635-37a4-46f5-9af0-a809c9a52f5a admin admin] Matched version: v2 {{(pid=118289) process_request /opt/stack/glance/glance/api/middleware/version_negotiation.py:69}}
Aug 08 12:21:04 ubuntu devstack@g-api.service[118289]: DEBUG glance.api.middleware.version_negotiation [None req-da45b635-37a4-46f5-9af0-a809c9a52f5a admin admin] new path /v2/schemas/image {{(pid=118289) process_request /opt/stack/glance/glance/api/middleware/version_negotiation.py:70}}
Aug 08 12:21:04 ubuntu devstack@g-api.service[118289]: [pid: 118289|app: 0|req: 6/13] 127.0.0.1 () {38 vars in 707 bytes} [Thu Aug  8 12:21:04 2024] GET /v2/schemas/image => generated 6083 bytes in 83 msecs (HTTP/1.1 200) 4 headers in 158 bytes (1 switches on core 0)
Aug 08 12:21:04 ubuntu devstack@g-api.service[118288]: DEBUG glance.api.middleware.version_negotiation [None req-c069ebc0-6140-43f1-a0ba-d1ae9f86cf41 admin admin] Determining version of request: GET /v2/schemas/metadefs/namespace Accept: */* {{(pid=118288) process_request /opt/stack/glance/glance/api/middleware/version_negotiation.py:44}}
