Mar 29 10:21:58 ubuntu devstack@c-api.service[115934]: DEBUG cinder.api.extensions [-] Ext name: Hosts {{(pid=115934) _check_extension /opt/stack/cinder/cinder/api/extensions.py:179}}
Mar 29 10:21:58 ubuntu devstack@c-api.service[115934]: DEBUG cinder.api.extensions [-] Ext alias: os-hosts {{(pid=115934) _check_extension /opt/stack/cinder/cinder/api/extensions.py:180}}
Mar 29 10:21:58 ubuntu devstack@c-api.service[115934]: DEBUG cinder.api.extensions [-] Ext description: Admin-only host administration. {{(pid=115934) _check_extension /opt/stack/cinder/cinder/api/extensions.py:181}}
Mar 29 10:21:58 ubuntu devstack@c-api.service[115934]: DEBUG cinder.api.extensions [-] Ext updated: 2011-06-29T00:00:00+00:00 {{(pid=115934) _check_extension /opt/stack/cinder/cinder/api/extensions.py:183}}
Mar 29 10:21:58 ubuntu devstack@c-api.service[115934]: DEBUG cinder.api.extensions [-] Loaded extension: os-hosts {{(pid=115934) register /opt/stack/cinder/cinder/api/extensions.py:140}}
Mar 29 10:21:58 ubuntu devstack@c-api.service[115934]: DEBUG cinder.api.extensions [-] Loading extension cinder.api.contrib.quota_classes.Quota_classes {{(pid=115934) load_extension /opt/stack/cinder/cinder/api/extensions.py:199}}
Mar 29 10:21:58 ubuntu devstack@c-api.service[115934]: DEBUG cinder.api.extensions [-] Calling extension factory cinder.api.contrib.quota_classes.Quota_classes {{(pid=115934) load_extension /opt/stack/cinder/cinder/api/extensions.py:205}}
Mar 29 10:21:58 ubuntu devstack@c-api.service[115934]: DEBUG cinder.api.extensions [-] Ext name: QuotaClasses {{(pid=115934) _check_extension /opt/stack/cinder/cinder/api/extensions.py:179}}
Mar 29 10:21:58 ubuntu devstack@c-api.service[115934]: DEBUG cinder.api.extensions [-] Ext alias: os-quota-class-sets {{(pid=115934) _check_extension /opt/stack/cinder/cinder/api/extensions.py:180}}
Mar 29 10:21:58 ubuntu devstack@c-api.service[115934]: DEBUG cinder.api.extensions [-] Ext description: Quota classes management support. {{(pid=115934) _check_extension /opt/stack/cinder/cinder/api/extensions.py:181}}
Mar 29 10:21:58 ubuntu devstack@c-api.service[115934]: DEBUG cinder.api.extensions [-] Ext updated: 2012-03-12T00:00:00+00:00 {{(pid=115934) _check_extension /opt/stack/cinder/cinder/api/extensions.py:183}}
Mar 29 10:21:58 ubuntu devstack@c-api.service[115934]: DEBUG cinder.api.extensions [-] Loaded extension: os-quota-class-sets {{(pid=115934) register /opt/stack/cinder/cinder/api/extensions.py:140}}
Mar 29 10:21:58 ubuntu devstack@c-api.service[115934]: DEBUG cinder.api.extensions [-] Loading extension cinder.api.contrib.volume_manage.Volume_manage {{(pid=115934) load_extension /opt/stack/cinder/cinder/api/extensions.py:199}}
Mar 29 10:21:58 ubuntu devstack@c-api.service[115934]: DEBUG cinder.api.extensions [-] Calling extension factory cinder.api.contrib.volume_manage.Volume_manage {{(pid=115934) load_extension /opt/stack/cinder/cinder/api/extensions.py:205}}
Mar 29 10:21:58 ubuntu devstack@c-api.service[115934]: DEBUG cinder.api.extensions [-] Ext name: VolumeManage {{(pid=115934) _check_extension /opt/stack/cinder/cinder/api/extensions.py:179}}
Mar 29 10:21:58 ubuntu devstack@c-api.service[115933]: INFO cinder.rpc [None req-40d5fb18-41e3-49a1-8adb-5033b86c270c None None] Automatically selected cinder-volume objects version 1.39 as minimum service version.
Mar 29 10:21:58 ubuntu devstack@c-api.service[115934]: DEBUG cinder.api.extensions [-] Ext alias: os-volume-manage {{(pid=115934) _check_extension /opt/stack/cinder/cinder/api/extensions.py:180}}
Mar 29 10:21:58 ubuntu devstack@c-api.service[115934]: DEBUG cinder.api.extensions [-] Ext description: Allows existing backend storage to be 'managed' by Cinder. {{(pid=115934) _check_extension /opt/stack/cinder/cinder/api/extensions.py:181}}
Mar 29 10:21:58 ubuntu devstack@c-api.service[115934]: DEBUG cinder.api.extensions [-] Ext updated: 2014-02-10T00:00:00+00:00 {{(pid=115934) _check_extension /opt/stack/cinder/cinder/api/extensions.py:183}}
Mar 29 10:21:58 ubuntu devstack@c-api.service[115934]: DEBUG cinder.api.extensions [-] Loaded extension: os-volume-manage {{(pid=115934) register /opt/stack/cinder/cinder/api/extensions.py:140}}
Mar 29 10:21:58 ubuntu devstack@c-api.service[115934]: DEBUG cinder.api.extensions [-] Loading extension cinder.api.contrib.extended_snapshot_attributes.Extended_snapshot_attributes {{(pid=115934) load_extension /opt/stack/cinder/cinder/api/extensions.py:199}}
Mar 29 10:21:58 ubuntu devstack@c-api.service[115934]: DEBUG cinder.api.extensions [-] Calling extension factory cinder.api.contrib.extended_snapshot_attributes.Extended_snapshot_attributes {{(pid=115934) load_extension /opt/stack/cinder/cinder/api/extensions.py:205}}
Mar 29 10:21:58 ubuntu devstack@c-api.service[115934]: DEBUG cinder.api.extensions [-] Ext name: ExtendedSnapshotAttributes {{(pid=115934) _check_extension /opt/stack/cinder/cinder/api/extensions.py:179}}
Mar 29 10:21:58 ubuntu devstack@c-api.service[115934]: DEBUG cinder.api.extensions [-] Ext alias: os-extended-snapshot-attributes {{(pid=115934) _check_extension /opt/stack/cinder/cinder/api/extensions.py:180}}
Mar 29 10:21:58 ubuntu devstack@c-api.service[115934]: DEBUG cinder.api.extensions [-] Ext description: Extended SnapshotAttributes support. {{(pid=115934) _check_extension /opt/stack/cinder/cinder/api/extensions.py:181}}
Mar 29 10:21:58 ubuntu devstack@c-api.service[115934]: DEBUG cinder.api.extensions [-] Ext updated: 2012-06-19T00:00:00+00:00 {{(pid=115934) _check_extension /opt/stack/cinder/cinder/api/extensions.py:183}}
Mar 29 10:21:58 ubuntu devstack@c-api.service[115934]: DEBUG cinder.api.extensions [-] Loaded extension: os-extended-snapshot-attributes {{(pid=115934) register /opt/stack/cinder/cinder/api/extensions.py:140}}
Mar 29 10:21:58 ubuntu devstack@c-api.service[115934]: DEBUG cinder.api.extensions [-] Loading extension cinder.api.contrib.availability_zones.Availability_zones {{(pid=115934) load_extension /opt/stack/cinder/cinder/api/extensions.py:199}}
Mar 29 10:21:58 ubuntu devstack@c-api.service[115934]: DEBUG cinder.api.extensions [-] Calling extension factory cinder.api.contrib.availability_zones.Availability_zones {{(pid=115934) load_extension /opt/stack/cinder/cinder/api/extensions.py:205}}
Mar 29 10:21:58 ubuntu devstack@c-api.service[115934]: DEBUG cinder.api.extensions [-] Ext name: AvailabilityZones {{(pid=115934) _check_extension /opt/stack/cinder/cinder/api/extensions.py:179}}
Mar 29 10:21:58 ubuntu devstack@c-api.service[115934]: DEBUG cinder.api.extensions [-] Ext alias: os-availability-zone {{(pid=115934) _check_extension /opt/stack/cinder/cinder/api/extensions.py:180}}
Mar 29 10:21:58 ubuntu devstack@c-api.service[115933]: INFO cinder.rpc [None req-40d5fb18-41e3-49a1-8adb-5033b86c270c None None] Automatically selected cinder-volume RPC version 3.19 as minimum service version.
Mar 29 10:21:58 ubuntu devstack@c-api.service[115934]: DEBUG cinder.api.extensions [-] Ext description: Describe Availability Zones. {{(pid=115934) _check_extension /opt/stack/cinder/cinder/api/extensions.py:181}}
Mar 29 10:21:58 ubuntu devstack@c-api.service[115934]: DEBUG cinder.api.extensions [-] Ext updated: 2013-06-27T00:00:00+00:00 {{(pid=115934) _check_extension /opt/stack/cinder/cinder/api/extensions.py:183}}
Mar 29 10:21:58 ubuntu devstack@c-api.service[115934]: DEBUG cinder.api.extensions [-] Loaded extension: os-availability-zone {{(pid=115934) register /opt/stack/cinder/cinder/api/extensions.py:140}}
Mar 29 10:21:58 ubuntu devstack@c-api.service[115933]: WARNING stevedore.named [None req-40d5fb18-41e3-49a1-8adb-5033b86c270c None None] Could not load cinder.keymgr.conf_key_mgr.ConfKeyManager
Mar 29 10:21:58 ubuntu devstack@c-api.service[115934]: DEBUG cinder.api.extensions [-] Loading extension cinder.api.contrib.scheduler_hints.Scheduler_hints {{(pid=115934) load_extension /opt/stack/cinder/cinder/api/extensions.py:199}}
Mar 29 10:21:58 ubuntu devstack@c-api.service[115933]: WARNING castellan.key_manager [None req-40d5fb18-41e3-49a1-8adb-5033b86c270c None None] Deprecation Warning : cinder.keymgr.conf_key_mgr.ConfKeyManager is not a stevedore based driver, trying to load it as a class: stevedore.exception.NoMatches: No 'castellan.drivers' driver found, looking for 'cinder.keymgr.conf_key_mgr.ConfKeyManager'
Mar 29 10:21:58 ubuntu devstack@c-api.service[115934]: DEBUG cinder.api.extensions [-] Calling extension factory cinder.api.contrib.scheduler_hints.Scheduler_hints {{(pid=115934) load_extension /opt/stack/cinder/cinder/api/extensions.py:205}}
Mar 29 10:21:58 ubuntu devstack@c-api.service[115934]: DEBUG cinder.api.extensions [-] Ext name: SchedulerHints {{(pid=115934) _check_extension /opt/stack/cinder/cinder/api/extensions.py:179}}
Mar 29 10:21:58 ubuntu devstack@c-api.service[115934]: DEBUG cinder.api.extensions [-] Ext alias: OS-SCH-HNT {{(pid=115934) _check_extension /opt/stack/cinder/cinder/api/extensions.py:180}}
Mar 29 10:21:58 ubuntu devstack@c-api.service[115934]: DEBUG cinder.api.extensions [-] Ext description: Pass arbitrary key/value pairs to the scheduler. {{(pid=115934) _check_extension /opt/stack/cinder/cinder/api/extensions.py:181}}
Mar 29 10:21:58 ubuntu devstack@c-api.service[115934]: DEBUG cinder.api.extensions [-] Ext updated: 2013-04-18T00:00:00+00:00 {{(pid=115934) _check_extension /opt/stack/cinder/cinder/api/extensions.py:183}}
Mar 29 10:21:58 ubuntu devstack@c-api.service[115934]: DEBUG cinder.api.extensions [-] Loaded extension: OS-SCH-HNT {{(pid=115934) register /opt/stack/cinder/cinder/api/extensions.py:140}}
Mar 29 10:21:58 ubuntu devstack@c-api.service[115934]: DEBUG cinder.api.extensions [-] Loading extension cinder.api.contrib.volume_host_attribute.Volume_host_attribute {{(pid=115934) load_extension /opt/stack/cinder/cinder/api/extensions.py:199}}
Mar 29 10:21:58 ubuntu devstack@c-api.service[115934]: DEBUG cinder.api.extensions [-] Calling extension factory cinder.api.contrib.volume_host_attribute.Volume_host_attribute {{(pid=115934) load_extension /opt/stack/cinder/cinder/api/extensions.py:205}}
Mar 29 10:21:58 ubuntu devstack@c-api.service[115934]: DEBUG cinder.api.extensions [-] Ext name: VolumeHostAttribute {{(pid=115934) _check_extension /opt/stack/cinder/cinder/api/extensions.py:179}}
Mar 29 10:21:58 ubuntu devstack@c-api.service[115934]: DEBUG cinder.api.extensions [-] Ext alias: os-vol-host-attr {{(pid=115934) _check_extension /opt/stack/cinder/cinder/api/extensions.py:180}}
Mar 29 10:21:58 ubuntu devstack@c-api.service[115934]: DEBUG cinder.api.extensions [-] Ext description: Expose host as an attribute of a volume. {{(pid=115934) _check_extension /opt/stack/cinder/cinder/api/extensions.py:181}}
Mar 29 10:21:58 ubuntu devstack@c-api.service[115934]: DEBUG cinder.api.extensions [-] Ext updated: 2011-11-03T00:00:00+00:00 {{(pid=115934) _check_extension /opt/stack/cinder/cinder/api/extensions.py:183}}
Mar 29 10:21:58 ubuntu devstack@c-api.service[115933]: WARNING cinder.keymgr.conf_key_mgr [None req-40d5fb18-41e3-49a1-8adb-5033b86c270c None None] This key manager is insecure and is not recommended for production deployments: stevedore.exception.NoMatches: No 'castellan.drivers' driver found, looking for 'cinder.keymgr.conf_key_mgr.ConfKeyManager'
Mar 29 10:21:58 ubuntu devstack@c-api.service[115934]: DEBUG cinder.api.extensions [-] Loaded extension: os-vol-host-attr {{(pid=115934) register /opt/stack/cinder/cinder/api/extensions.py:140}}
Mar 29 10:21:58 ubuntu devstack@c-api.service[115933]: DEBUG oslo_db.sqlalchemy.engines [None req-40d5fb18-41e3-49a1-8adb-5033b86c270c None None] MySQL server mode set to STRICT_TRANS_TABLES,STRICT_ALL_TABLES,NO_ZERO_IN_DATE,NO_ZERO_DATE,ERROR_FOR_DIVISION_BY_ZERO,TRADITIONAL,NO_ENGINE_SUBSTITUTION {{(pid=115933) _check_effective_sql_mode /opt/stack/data/venv/lib/python3.10/site-packages/oslo_db/sqlalchemy/engines.py:342}}
Mar 29 10:21:58 ubuntu devstack@c-api.service[115933]: INFO cinder.rpc [None req-40d5fb18-41e3-49a1-8adb-5033b86c270c None None] Automatically selected cinder-backup objects version 1.39 as minimum service version.
Mar 29 10:21:58 ubuntu devstack@c-api.service[115933]: INFO cinder.rpc [None req-40d5fb18-41e3-49a1-8adb-5033b86c270c None None] Automatically selected cinder-backup RPC version 2.4 as minimum service version.
Mar 29 10:21:58 ubuntu devstack@c-api.service[115933]: WARNING stevedore.named [None req-40d5fb18-41e3-49a1-8adb-5033b86c270c None None] Could not load cinder.keymgr.conf_key_mgr.ConfKeyManager
Mar 29 10:21:58 ubuntu devstack@c-api.service[115933]: WARNING castellan.key_manager [None req-40d5fb18-41e3-49a1-8adb-5033b86c270c None None] Deprecation Warning : cinder.keymgr.conf_key_mgr.ConfKeyManager is not a stevedore based driver, trying to load it as a class: stevedore.exception.NoMatches: No 'castellan.drivers' driver found, looking for 'cinder.keymgr.conf_key_mgr.ConfKeyManager'
Mar 29 10:21:58 ubuntu devstack@c-api.service[115933]: WARNING stevedore.named [None req-40d5fb18-41e3-49a1-8adb-5033b86c270c None None] Could not load cinder.keymgr.conf_key_mgr.ConfKeyManager
Mar 29 10:21:58 ubuntu devstack@c-api.service[115933]: WARNING castellan.key_manager [None req-40d5fb18-41e3-49a1-8adb-5033b86c270c None None] Deprecation Warning : cinder.keymgr.conf_key_mgr.ConfKeyManager is not a stevedore based driver, trying to load it as a class: stevedore.exception.NoMatches: No 'castellan.drivers' driver found, looking for 'cinder.keymgr.conf_key_mgr.ConfKeyManager'
Mar 29 10:21:58 ubuntu devstack@c-api.service[115933]: WARNING stevedore.named [None req-40d5fb18-41e3-49a1-8adb-5033b86c270c None None] Could not load cinder.keymgr.conf_key_mgr.ConfKeyManager
Mar 29 10:21:58 ubuntu devstack@c-api.service[115933]: WARNING castellan.key_manager [None req-40d5fb18-41e3-49a1-8adb-5033b86c270c None None] Deprecation Warning : cinder.keymgr.conf_key_mgr.ConfKeyManager is not a stevedore based driver, trying to load it as a class: stevedore.exception.NoMatches: No 'castellan.drivers' driver found, looking for 'cinder.keymgr.conf_key_mgr.ConfKeyManager'
Mar 29 10:21:58 ubuntu devstack@c-api.service[115933]: WARNING stevedore.named [None req-40d5fb18-41e3-49a1-8adb-5033b86c270c None None] Could not load cinder.keymgr.conf_key_mgr.ConfKeyManager
Mar 29 10:21:58 ubuntu devstack@c-api.service[115933]: WARNING castellan.key_manager [None req-40d5fb18-41e3-49a1-8adb-5033b86c270c None None] Deprecation Warning : cinder.keymgr.conf_key_mgr.ConfKeyManager is not a stevedore based driver, trying to load it as a class: stevedore.exception.NoMatches: No 'castellan.drivers' driver found, looking for 'cinder.keymgr.conf_key_mgr.ConfKeyManager'
Mar 29 10:21:58 ubuntu devstack@c-api.service[115933]: WARNING stevedore.named [None req-40d5fb18-41e3-49a1-8adb-5033b86c270c None None] Could not load cinder.keymgr.conf_key_mgr.ConfKeyManager
Mar 29 10:21:58 ubuntu devstack@c-api.service[115933]: WARNING castellan.key_manager [None req-40d5fb18-41e3-49a1-8adb-5033b86c270c None None] Deprecation Warning : cinder.keymgr.conf_key_mgr.ConfKeyManager is not a stevedore based driver, trying to load it as a class: stevedore.exception.NoMatches: No 'castellan.drivers' driver found, looking for 'cinder.keymgr.conf_key_mgr.ConfKeyManager'
Mar 29 10:21:58 ubuntu devstack@c-api.service[115933]: WARNING stevedore.named [None req-40d5fb18-41e3-49a1-8adb-5033b86c270c None None] Could not load cinder.keymgr.conf_key_mgr.ConfKeyManager
Mar 29 10:21:58 ubuntu devstack@c-api.service[115933]: WARNING castellan.key_manager [None req-40d5fb18-41e3-49a1-8adb-5033b86c270c None None] Deprecation Warning : cinder.keymgr.conf_key_mgr.ConfKeyManager is not a stevedore based driver, trying to load it as a class: stevedore.exception.NoMatches: No 'castellan.drivers' driver found, looking for 'cinder.keymgr.conf_key_mgr.ConfKeyManager'
Mar 29 10:21:58 ubuntu devstack@c-api.service[115933]: WARNING stevedore.named [None req-40d5fb18-41e3-49a1-8adb-5033b86c270c None None] Could not load cinder.keymgr.conf_key_mgr.ConfKeyManager
Mar 29 10:21:58 ubuntu devstack@c-api.service[115933]: WARNING castellan.key_manager [None req-40d5fb18-41e3-49a1-8adb-5033b86c270c None None] Deprecation Warning : cinder.keymgr.conf_key_mgr.ConfKeyManager is not a stevedore based driver, trying to load it as a class: stevedore.exception.NoMatches: No 'castellan.drivers' driver found, looking for 'cinder.keymgr.conf_key_mgr.ConfKeyManager'
Mar 29 10:21:58 ubuntu devstack@c-api.service[115933]: WARNING stevedore.named [None req-40d5fb18-41e3-49a1-8adb-5033b86c270c None None] Could not load cinder.keymgr.conf_key_mgr.ConfKeyManager
Mar 29 10:21:58 ubuntu devstack@c-api.service[115933]: WARNING castellan.key_manager [None req-40d5fb18-41e3-49a1-8adb-5033b86c270c None None] Deprecation Warning : cinder.keymgr.conf_key_mgr.ConfKeyManager is not a stevedore based driver, trying to load it as a class: stevedore.exception.NoMatches: No 'castellan.drivers' driver found, looking for 'cinder.keymgr.conf_key_mgr.ConfKeyManager'
Mar 29 10:21:58 ubuntu devstack@c-api.service[115933]: WARNING stevedore.named [None req-40d5fb18-41e3-49a1-8adb-5033b86c270c None None] Could not load cinder.keymgr.conf_key_mgr.ConfKeyManager
Mar 29 10:21:58 ubuntu devstack@c-api.service[115933]: WARNING castellan.key_manager [None req-40d5fb18-41e3-49a1-8adb-5033b86c270c None None] Deprecation Warning : cinder.keymgr.conf_key_mgr.ConfKeyManager is not a stevedore based driver, trying to load it as a class: stevedore.exception.NoMatches: No 'castellan.drivers' driver found, looking for 'cinder.keymgr.conf_key_mgr.ConfKeyManager'
Mar 29 10:21:58 ubuntu devstack@c-api.service[115933]: WARNING stevedore.named [None req-40d5fb18-41e3-49a1-8adb-5033b86c270c None None] Could not load cinder.keymgr.conf_key_mgr.ConfKeyManager
Mar 29 10:21:58 ubuntu devstack@c-api.service[115933]: WARNING castellan.key_manager [None req-40d5fb18-41e3-49a1-8adb-5033b86c270c None None] Deprecation Warning : cinder.keymgr.conf_key_mgr.ConfKeyManager is not a stevedore based driver, trying to load it as a class: stevedore.exception.NoMatches: No 'castellan.drivers' driver found, looking for 'cinder.keymgr.conf_key_mgr.ConfKeyManager'
Mar 29 10:21:58 ubuntu devstack@c-api.service[115934]: INFO dbcounter [None req-6f661760-da66-4356-a79e-aa0de584daa0 None None] Registered counter for database cinder
Mar 29 10:21:58 ubuntu devstack@c-api.service[115933]: WARNING stevedore.named [None req-40d5fb18-41e3-49a1-8adb-5033b86c270c None None] Could not load cinder.keymgr.conf_key_mgr.ConfKeyManager
Mar 29 10:21:58 ubuntu devstack@c-api.service[115933]: WARNING castellan.key_manager [None req-40d5fb18-41e3-49a1-8adb-5033b86c270c None None] Deprecation Warning : cinder.keymgr.conf_key_mgr.ConfKeyManager is not a stevedore based driver, trying to load it as a class: stevedore.exception.NoMatches: No 'castellan.drivers' driver found, looking for 'cinder.keymgr.conf_key_mgr.ConfKeyManager'
Mar 29 10:21:58 ubuntu devstack@c-api.service[115933]: WARNING stevedore.named [None req-40d5fb18-41e3-49a1-8adb-5033b86c270c None None] Could not load cinder.keymgr.conf_key_mgr.ConfKeyManager
Mar 29 10:21:58 ubuntu devstack@c-api.service[115933]: WARNING castellan.key_manager [None req-40d5fb18-41e3-49a1-8adb-5033b86c270c None None] Deprecation Warning : cinder.keymgr.conf_key_mgr.ConfKeyManager is not a stevedore based driver, trying to load it as a class: stevedore.exception.NoMatches: No 'castellan.drivers' driver found, looking for 'cinder.keymgr.conf_key_mgr.ConfKeyManager'
Mar 29 10:21:58 ubuntu devstack@c-api.service[115933]: WARNING stevedore.named [None req-40d5fb18-41e3-49a1-8adb-5033b86c270c None None] Could not load cinder.keymgr.conf_key_mgr.ConfKeyManager
Mar 29 10:21:58 ubuntu devstack@c-api.service[115933]: WARNING castellan.key_manager [None req-40d5fb18-41e3-49a1-8adb-5033b86c270c None None] Deprecation Warning : cinder.keymgr.conf_key_mgr.ConfKeyManager is not a stevedore based driver, trying to load it as a class: stevedore.exception.NoMatches: No 'castellan.drivers' driver found, looking for 'cinder.keymgr.conf_key_mgr.ConfKeyManager'
Mar 29 10:21:58 ubuntu devstack@c-api.service[115933]: WARNING stevedore.named [None req-40d5fb18-41e3-49a1-8adb-5033b86c270c None None] Could not load cinder.keymgr.conf_key_mgr.ConfKeyManager
Mar 29 10:21:58 ubuntu devstack@c-api.service[115933]: WARNING castellan.key_manager [None req-40d5fb18-41e3-49a1-8adb-5033b86c270c None None] Deprecation Warning : cinder.keymgr.conf_key_mgr.ConfKeyManager is not a stevedore based driver, trying to load it as a class: stevedore.exception.NoMatches: No 'castellan.drivers' driver found, looking for 'cinder.keymgr.conf_key_mgr.ConfKeyManager'
Mar 29 10:21:58 ubuntu devstack@c-api.service[115934]: DEBUG oslo_db.sqlalchemy.engines [None req-6f661760-da66-4356-a79e-aa0de584daa0 None None] MySQL server mode set to STRICT_TRANS_TABLES,STRICT_ALL_TABLES,NO_ZERO_IN_DATE,NO_ZERO_DATE,ERROR_FOR_DIVISION_BY_ZERO,TRADITIONAL,NO_ENGINE_SUBSTITUTION {{(pid=115934) _check_effective_sql_mode /opt/stack/data/venv/lib/python3.10/site-packages/oslo_db/sqlalchemy/engines.py:342}}
Mar 29 10:21:58 ubuntu devstack@c-api.service[115933]: WARNING stevedore.named [None req-40d5fb18-41e3-49a1-8adb-5033b86c270c None None] Could not load cinder.keymgr.conf_key_mgr.ConfKeyManager
Mar 29 10:21:58 ubuntu devstack@c-api.service[115933]: WARNING castellan.key_manager [None req-40d5fb18-41e3-49a1-8adb-5033b86c270c None None] Deprecation Warning : cinder.keymgr.conf_key_mgr.ConfKeyManager is not a stevedore based driver, trying to load it as a class: stevedore.exception.NoMatches: No 'castellan.drivers' driver found, looking for 'cinder.keymgr.conf_key_mgr.ConfKeyManager'
Mar 29 10:21:58 ubuntu devstack@c-api.service[115934]: DEBUG dbcounter [-] [115934] Writer thread running {{(pid=115934) stat_writer /opt/stack/data/venv/lib/python3.10/site-packages/dbcounter.py:102}}
Mar 29 10:21:58 ubuntu devstack@c-api.service[115933]: WARNING stevedore.named [None req-40d5fb18-41e3-49a1-8adb-5033b86c270c None None] Could not load cinder.keymgr.conf_key_mgr.ConfKeyManager
Mar 29 10:21:58 ubuntu devstack@c-api.service[115933]: WARNING castellan.key_manager [None req-40d5fb18-41e3-49a1-8adb-5033b86c270c None None] Deprecation Warning : cinder.keymgr.conf_key_mgr.ConfKeyManager is not a stevedore based driver, trying to load it as a class: stevedore.exception.NoMatches: No 'castellan.drivers' driver found, looking for 'cinder.keymgr.conf_key_mgr.ConfKeyManager'
Mar 29 10:21:58 ubuntu devstack@c-api.service[115933]: WARNING stevedore.named [None req-40d5fb18-41e3-49a1-8adb-5033b86c270c None None] Could not load cinder.keymgr.conf_key_mgr.ConfKeyManager
Mar 29 10:21:58 ubuntu devstack@c-api.service[115933]: WARNING castellan.key_manager [None req-40d5fb18-41e3-49a1-8adb-5033b86c270c None None] Deprecation Warning : cinder.keymgr.conf_key_mgr.ConfKeyManager is not a stevedore based driver, trying to load it as a class: stevedore.exception.NoMatches: No 'castellan.drivers' driver found, looking for 'cinder.keymgr.conf_key_mgr.ConfKeyManager'
Mar 29 10:21:58 ubuntu devstack@c-api.service[115933]: WARNING stevedore.named [None req-40d5fb18-41e3-49a1-8adb-5033b86c270c None None] Could not load cinder.keymgr.conf_key_mgr.ConfKeyManager
Mar 29 10:21:58 ubuntu devstack@c-api.service[115933]: WARNING castellan.key_manager [None req-40d5fb18-41e3-49a1-8adb-5033b86c270c None None] Deprecation Warning : cinder.keymgr.conf_key_mgr.ConfKeyManager is not a stevedore based driver, trying to load it as a class: stevedore.exception.NoMatches: No 'castellan.drivers' driver found, looking for 'cinder.keymgr.conf_key_mgr.ConfKeyManager'
Mar 29 10:21:58 ubuntu devstack@c-api.service[115933]: WARNING stevedore.named [None req-40d5fb18-41e3-49a1-8adb-5033b86c270c None None] Could not load cinder.keymgr.conf_key_mgr.ConfKeyManager
Mar 29 10:21:58 ubuntu devstack@c-api.service[115933]: WARNING castellan.key_manager [None req-40d5fb18-41e3-49a1-8adb-5033b86c270c None None] Deprecation Warning : cinder.keymgr.conf_key_mgr.ConfKeyManager is not a stevedore based driver, trying to load it as a class: stevedore.exception.NoMatches: No 'castellan.drivers' driver found, looking for 'cinder.keymgr.conf_key_mgr.ConfKeyManager'
Mar 29 10:21:58 ubuntu devstack@c-api.service[115933]: WARNING stevedore.named [None req-40d5fb18-41e3-49a1-8adb-5033b86c270c None None] Could not load cinder.keymgr.conf_key_mgr.ConfKeyManager
Mar 29 10:21:58 ubuntu devstack@c-api.service[115933]: WARNING castellan.key_manager [None req-40d5fb18-41e3-49a1-8adb-5033b86c270c None None] Deprecation Warning : cinder.keymgr.conf_key_mgr.ConfKeyManager is not a stevedore based driver, trying to load it as a class: stevedore.exception.NoMatches: No 'castellan.drivers' driver found, looking for 'cinder.keymgr.conf_key_mgr.ConfKeyManager'
Mar 29 10:21:58 ubuntu devstack@c-api.service[115933]: WARNING stevedore.named [None req-40d5fb18-41e3-49a1-8adb-5033b86c270c None None] Could not load cinder.keymgr.conf_key_mgr.ConfKeyManager
Mar 29 10:21:58 ubuntu devstack@c-api.service[115933]: WARNING castellan.key_manager [None req-40d5fb18-41e3-49a1-8adb-5033b86c270c None None] Deprecation Warning : cinder.keymgr.conf_key_mgr.ConfKeyManager is not a stevedore based driver, trying to load it as a class: stevedore.exception.NoMatches: No 'castellan.drivers' driver found, looking for 'cinder.keymgr.conf_key_mgr.ConfKeyManager'
Mar 29 10:21:58 ubuntu devstack@c-api.service[115933]: WARNING stevedore.named [None req-40d5fb18-41e3-49a1-8adb-5033b86c270c None None] Could not load cinder.keymgr.conf_key_mgr.ConfKeyManager
Mar 29 10:21:58 ubuntu devstack@c-api.service[115933]: WARNING castellan.key_manager [None req-40d5fb18-41e3-49a1-8adb-5033b86c270c None None] Deprecation Warning : cinder.keymgr.conf_key_mgr.ConfKeyManager is not a stevedore based driver, trying to load it as a class: stevedore.exception.NoMatches: No 'castellan.drivers' driver found, looking for 'cinder.keymgr.conf_key_mgr.ConfKeyManager'
Mar 29 10:21:58 ubuntu devstack@c-api.service[115933]: WARNING cinder.api.contrib.hosts [None req-40d5fb18-41e3-49a1-8adb-5033b86c270c None None] Deprecated: The Host API is deprecated and will be be removed in a future version.
Mar 29 10:21:58 ubuntu devstack@c-api.service[115933]: WARNING stevedore.named [None req-40d5fb18-41e3-49a1-8adb-5033b86c270c None None] Could not load cinder.keymgr.conf_key_mgr.ConfKeyManager
Mar 29 10:21:58 ubuntu devstack@c-api.service[115933]: WARNING castellan.key_manager [None req-40d5fb18-41e3-49a1-8adb-5033b86c270c None None] Deprecation Warning : cinder.keymgr.conf_key_mgr.ConfKeyManager is not a stevedore based driver, trying to load it as a class: stevedore.exception.NoMatches: No 'castellan.drivers' driver found, looking for 'cinder.keymgr.conf_key_mgr.ConfKeyManager'
Mar 29 10:21:58 ubuntu devstack@c-api.service[115933]: WARNING stevedore.named [None req-40d5fb18-41e3-49a1-8adb-5033b86c270c None None] Could not load cinder.keymgr.conf_key_mgr.ConfKeyManager
Mar 29 10:21:58 ubuntu devstack@c-api.service[115933]: WARNING castellan.key_manager [None req-40d5fb18-41e3-49a1-8adb-5033b86c270c None None] Deprecation Warning : cinder.keymgr.conf_key_mgr.ConfKeyManager is not a stevedore based driver, trying to load it as a class: stevedore.exception.NoMatches: No 'castellan.drivers' driver found, looking for 'cinder.keymgr.conf_key_mgr.ConfKeyManager'
Mar 29 10:21:58 ubuntu devstack@c-api.service[115933]: DEBUG cinder.api.openstack [None req-40d5fb18-41e3-49a1-8adb-5033b86c270c None None] Extended resource: extensions {{(pid=115933) _setup_ext_routes /opt/stack/cinder/cinder/api/openstack/__init__.py:129}}
Mar 29 10:21:58 ubuntu devstack@c-api.service[115933]: DEBUG cinder.api.openstack [None req-40d5fb18-41e3-49a1-8adb-5033b86c270c None None] Extended resource: extra_specs {{(pid=115933) _setup_ext_routes /opt/stack/cinder/cinder/api/openstack/__init__.py:129}}
Mar 29 10:21:58 ubuntu devstack@c-api.service[115933]: DEBUG cinder.api.openstack [None req-40d5fb18-41e3-49a1-8adb-5033b86c270c None None] Extended resource: encryption {{(pid=115933) _setup_ext_routes /opt/stack/cinder/cinder/api/openstack/__init__.py:129}}
Mar 29 10:21:58 ubuntu devstack@c-api.service[115933]: DEBUG cinder.api.openstack [None req-40d5fb18-41e3-49a1-8adb-5033b86c270c None None] Extended resource: cgsnapshots {{(pid=115933) _setup_ext_routes /opt/stack/cinder/cinder/api/openstack/__init__.py:129}}
Mar 29 10:21:58 ubuntu devstack@c-api.service[115933]: DEBUG cinder.api.openstack [None req-40d5fb18-41e3-49a1-8adb-5033b86c270c None None] Extended resource: capabilities {{(pid=115933) _setup_ext_routes /opt/stack/cinder/cinder/api/openstack/__init__.py:129}}
Mar 29 10:21:58 ubuntu devstack@c-api.service[115933]: DEBUG cinder.api.openstack [None req-40d5fb18-41e3-49a1-8adb-5033b86c270c None None] Extended resource: consistencygroups {{(pid=115933) _setup_ext_routes /opt/stack/cinder/cinder/api/openstack/__init__.py:129}}
Mar 29 10:21:58 ubuntu devstack@c-api.service[115933]: DEBUG cinder.api.openstack [None req-40d5fb18-41e3-49a1-8adb-5033b86c270c None None] Extended resource: os-services {{(pid=115933) _setup_ext_routes /opt/stack/cinder/cinder/api/openstack/__init__.py:129}}
Mar 29 10:21:58 ubuntu devstack@c-api.service[115933]: DEBUG cinder.api.openstack [None req-40d5fb18-41e3-49a1-8adb-5033b86c270c None None] Extended resource: encryption {{(pid=115933) _setup_ext_routes /opt/stack/cinder/cinder/api/openstack/__init__.py:129}}
Mar 29 10:21:58 ubuntu devstack@c-api.service[115933]: DEBUG cinder.api.openstack [None req-40d5fb18-41e3-49a1-8adb-5033b86c270c None None] Extended resource: os-quota-sets {{(pid=115933) _setup_ext_routes /opt/stack/cinder/cinder/api/openstack/__init__.py:129}}
Mar 29 10:21:58 ubuntu devstack@c-api.service[115934]: INFO cinder.rpc [None req-6f661760-da66-4356-a79e-aa0de584daa0 None None] Automatically selected cinder-scheduler objects version 1.39 as minimum service version.
Mar 29 10:21:58 ubuntu devstack@c-api.service[115934]: INFO cinder.rpc [None req-6f661760-da66-4356-a79e-aa0de584daa0 None None] Automatically selected cinder-scheduler RPC version 3.12 as minimum service version.
Mar 29 10:21:58 ubuntu devstack@c-api.service[115934]: INFO cinder.rpc [None req-6f661760-da66-4356-a79e-aa0de584daa0 None None] Automatically selected cinder-volume objects version 1.39 as minimum service version.
Mar 29 10:21:58 ubuntu devstack@c-api.service[115934]: INFO cinder.rpc [None req-6f661760-da66-4356-a79e-aa0de584daa0 None None] Automatically selected cinder-volume RPC version 3.19 as minimum service version.
Mar 29 10:21:58 ubuntu devstack@c-api.service[115934]: WARNING stevedore.named [None req-6f661760-da66-4356-a79e-aa0de584daa0 None None] Could not load cinder.keymgr.conf_key_mgr.ConfKeyManager
Mar 29 10:21:58 ubuntu devstack@c-api.service[115934]: WARNING castellan.key_manager [None req-6f661760-da66-4356-a79e-aa0de584daa0 None None] Deprecation Warning : cinder.keymgr.conf_key_mgr.ConfKeyManager is not a stevedore based driver, trying to load it as a class: stevedore.exception.NoMatches: No 'castellan.drivers' driver found, looking for 'cinder.keymgr.conf_key_mgr.ConfKeyManager'
Mar 29 10:21:58 ubuntu devstack@c-api.service[115934]: WARNING cinder.keymgr.conf_key_mgr [None req-6f661760-da66-4356-a79e-aa0de584daa0 None None] This key manager is insecure and is not recommended for production deployments: stevedore.exception.NoMatches: No 'castellan.drivers' driver found, looking for 'cinder.keymgr.conf_key_mgr.ConfKeyManager'
Mar 29 10:21:58 ubuntu devstack@c-api.service[115933]: DEBUG cinder.api.openstack [None req-40d5fb18-41e3-49a1-8adb-5033b86c270c None None] Extended resource: qos-specs {{(pid=115933) _setup_ext_routes /opt/stack/cinder/cinder/api/openstack/__init__.py:129}}
Mar 29 10:21:58 ubuntu devstack@c-api.service[115933]: DEBUG cinder.api.openstack [None req-40d5fb18-41e3-49a1-8adb-5033b86c270c None None] Extended resource: os-volume-transfer {{(pid=115933) _setup_ext_routes /opt/stack/cinder/cinder/api/openstack/__init__.py:129}}
Mar 29 10:21:58 ubuntu devstack@c-api.service[115933]: DEBUG cinder.api.openstack [None req-40d5fb18-41e3-49a1-8adb-5033b86c270c None None] Extended resource: os-snapshot-manage {{(pid=115933) _setup_ext_routes /opt/stack/cinder/cinder/api/openstack/__init__.py:129}}
Mar 29 10:21:58 ubuntu devstack@c-api.service[115934]: DEBUG oslo_db.sqlalchemy.engines [None req-6f661760-da66-4356-a79e-aa0de584daa0 None None] MySQL server mode set to STRICT_TRANS_TABLES,STRICT_ALL_TABLES,NO_ZERO_IN_DATE,NO_ZERO_DATE,ERROR_FOR_DIVISION_BY_ZERO,TRADITIONAL,NO_ENGINE_SUBSTITUTION {{(pid=115934) _check_effective_sql_mode /opt/stack/data/venv/lib/python3.10/site-packages/oslo_db/sqlalchemy/engines.py:342}}
Mar 29 10:21:58 ubuntu devstack@c-api.service[115933]: DEBUG cinder.api.openstack [None req-40d5fb18-41e3-49a1-8adb-5033b86c270c None None] Extended resource: scheduler-stats {{(pid=115933) _setup_ext_routes /opt/stack/cinder/cinder/api/openstack/__init__.py:129}}
Mar 29 10:21:58 ubuntu devstack@c-api.service[115933]: DEBUG cinder.api.openstack [None req-40d5fb18-41e3-49a1-8adb-5033b86c270c None None] Extended resource: backups {{(pid=115933) _setup_ext_routes /opt/stack/cinder/cinder/api/openstack/__init__.py:129}}
Mar 29 10:21:58 ubuntu devstack@c-api.service[115934]: INFO cinder.rpc [None req-6f661760-da66-4356-a79e-aa0de584daa0 None None] Automatically selected cinder-backup objects version 1.39 as minimum service version.
Mar 29 10:21:58 ubuntu devstack@c-api.service[115933]: DEBUG cinder.api.openstack [None req-40d5fb18-41e3-49a1-8adb-5033b86c270c None None] Extended resource: os-volume-type-access {{(pid=115933) _setup_ext_routes /opt/stack/cinder/cinder/api/openstack/__init__.py:129}}
Mar 29 10:21:58 ubuntu devstack@c-api.service[115934]: INFO cinder.rpc [None req-6f661760-da66-4356-a79e-aa0de584daa0 None None] Automatically selected cinder-backup RPC version 2.4 as minimum service version.
Mar 29 10:21:58 ubuntu devstack@c-api.service[115934]: WARNING stevedore.named [None req-6f661760-da66-4356-a79e-aa0de584daa0 None None] Could not load cinder.keymgr.conf_key_mgr.ConfKeyManager
Mar 29 10:21:58 ubuntu devstack@c-api.service[115934]: WARNING castellan.key_manager [None req-6f661760-da66-4356-a79e-aa0de584daa0 None None] Deprecation Warning : cinder.keymgr.conf_key_mgr.ConfKeyManager is not a stevedore based driver, trying to load it as a class: stevedore.exception.NoMatches: No 'castellan.drivers' driver found, looking for 'cinder.keymgr.conf_key_mgr.ConfKeyManager'
Mar 29 10:21:58 ubuntu devstack@c-api.service[115933]: DEBUG cinder.api.openstack [None req-40d5fb18-41e3-49a1-8adb-5033b86c270c None None] Extended resource: os-hosts {{(pid=115933) _setup_ext_routes /opt/stack/cinder/cinder/api/openstack/__init__.py:129}}
Mar 29 10:21:58 ubuntu devstack@c-api.service[115934]: WARNING stevedore.named [None req-6f661760-da66-4356-a79e-aa0de584daa0 None None] Could not load cinder.keymgr.conf_key_mgr.ConfKeyManager
Mar 29 10:21:58 ubuntu devstack@c-api.service[115934]: WARNING castellan.key_manager [None req-6f661760-da66-4356-a79e-aa0de584daa0 None None] Deprecation Warning : cinder.keymgr.conf_key_mgr.ConfKeyManager is not a stevedore based driver, trying to load it as a class: stevedore.exception.NoMatches: No 'castellan.drivers' driver found, looking for 'cinder.keymgr.conf_key_mgr.ConfKeyManager'
Mar 29 10:21:58 ubuntu devstack@c-api.service[115934]: WARNING stevedore.named [None req-6f661760-da66-4356-a79e-aa0de584daa0 None None] Could not load cinder.keymgr.conf_key_mgr.ConfKeyManager
Mar 29 10:21:58 ubuntu devstack@c-api.service[115934]: WARNING castellan.key_manager [None req-6f661760-da66-4356-a79e-aa0de584daa0 None None] Deprecation Warning : cinder.keymgr.conf_key_mgr.ConfKeyManager is not a stevedore based driver, trying to load it as a class: stevedore.exception.NoMatches: No 'castellan.drivers' driver found, looking for 'cinder.keymgr.conf_key_mgr.ConfKeyManager'
Mar 29 10:21:58 ubuntu devstack@c-api.service[115933]: DEBUG cinder.api.openstack [None req-40d5fb18-41e3-49a1-8adb-5033b86c270c None None] Extended resource: os-quota-class-sets {{(pid=115933) _setup_ext_routes /opt/stack/cinder/cinder/api/openstack/__init__.py:129}}
Mar 29 10:21:58 ubuntu devstack@c-api.service[115933]: DEBUG cinder.api.openstack [None req-40d5fb18-41e3-49a1-8adb-5033b86c270c None None] Extended resource: os-volume-manage {{(pid=115933) _setup_ext_routes /opt/stack/cinder/cinder/api/openstack/__init__.py:129}}
Mar 29 10:21:58 ubuntu devstack@c-api.service[115933]: DEBUG cinder.api.openstack [None req-40d5fb18-41e3-49a1-8adb-5033b86c270c None None] Extended resource: os-availability-zone {{(pid=115933) _setup_ext_routes /opt/stack/cinder/cinder/api/openstack/__init__.py:129}}
Mar 29 10:21:58 ubuntu devstack@c-api.service[115933]: WARNING stevedore.named [None req-40d5fb18-41e3-49a1-8adb-5033b86c270c None None] Could not load cinder.keymgr.conf_key_mgr.ConfKeyManager
Mar 29 10:21:58 ubuntu devstack@c-api.service[115933]: WARNING castellan.key_manager [None req-40d5fb18-41e3-49a1-8adb-5033b86c270c None None] Deprecation Warning : cinder.keymgr.conf_key_mgr.ConfKeyManager is not a stevedore based driver, trying to load it as a class: stevedore.exception.NoMatches: No 'castellan.drivers' driver found, looking for 'cinder.keymgr.conf_key_mgr.ConfKeyManager'
Mar 29 10:21:58 ubuntu devstack@c-api.service[115933]: WARNING stevedore.named [None req-40d5fb18-41e3-49a1-8adb-5033b86c270c None None] Could not load cinder.keymgr.conf_key_mgr.ConfKeyManager
Mar 29 10:21:58 ubuntu devstack@c-api.service[115933]: WARNING castellan.key_manager [None req-40d5fb18-41e3-49a1-8adb-5033b86c270c None None] Deprecation Warning : cinder.keymgr.conf_key_mgr.ConfKeyManager is not a stevedore based driver, trying to load it as a class: stevedore.exception.NoMatches: No 'castellan.drivers' driver found, looking for 'cinder.keymgr.conf_key_mgr.ConfKeyManager'
Mar 29 10:21:58 ubuntu devstack@c-api.service[115933]: WARNING stevedore.named [None req-40d5fb18-41e3-49a1-8adb-5033b86c270c None None] Could not load cinder.keymgr.conf_key_mgr.ConfKeyManager
Mar 29 10:21:58 ubuntu devstack@c-api.service[115933]: WARNING castellan.key_manager [None req-40d5fb18-41e3-49a1-8adb-5033b86c270c None None] Deprecation Warning : cinder.keymgr.conf_key_mgr.ConfKeyManager is not a stevedore based driver, trying to load it as a class: stevedore.exception.NoMatches: No 'castellan.drivers' driver found, looking for 'cinder.keymgr.conf_key_mgr.ConfKeyManager'
Mar 29 10:21:58 ubuntu devstack@c-api.service[115933]: WARNING stevedore.named [None req-40d5fb18-41e3-49a1-8adb-5033b86c270c None None] Could not load cinder.keymgr.conf_key_mgr.ConfKeyManager
Mar 29 10:21:58 ubuntu devstack@c-api.service[115933]: WARNING castellan.key_manager [None req-40d5fb18-41e3-49a1-8adb-5033b86c270c None None] Deprecation Warning : cinder.keymgr.conf_key_mgr.ConfKeyManager is not a stevedore based driver, trying to load it as a class: stevedore.exception.NoMatches: No 'castellan.drivers' driver found, looking for 'cinder.keymgr.conf_key_mgr.ConfKeyManager'
Mar 29 10:21:58 ubuntu devstack@c-api.service[115933]: WARNING stevedore.named [None req-40d5fb18-41e3-49a1-8adb-5033b86c270c None None] Could not load cinder.keymgr.conf_key_mgr.ConfKeyManager
Mar 29 10:21:58 ubuntu devstack@c-api.service[115933]: WARNING castellan.key_manager [None req-40d5fb18-41e3-49a1-8adb-5033b86c270c None None] Deprecation Warning : cinder.keymgr.conf_key_mgr.ConfKeyManager is not a stevedore based driver, trying to load it as a class: stevedore.exception.NoMatches: No 'castellan.drivers' driver found, looking for 'cinder.keymgr.conf_key_mgr.ConfKeyManager'
Mar 29 10:21:58 ubuntu devstack@c-api.service[115934]: WARNING stevedore.named [None req-6f661760-da66-4356-a79e-aa0de584daa0 None None] Could not load cinder.keymgr.conf_key_mgr.ConfKeyManager
Mar 29 10:21:58 ubuntu devstack@c-api.service[115934]: WARNING castellan.key_manager [None req-6f661760-da66-4356-a79e-aa0de584daa0 None None] Deprecation Warning : cinder.keymgr.conf_key_mgr.ConfKeyManager is not a stevedore based driver, trying to load it as a class: stevedore.exception.NoMatches: No 'castellan.drivers' driver found, looking for 'cinder.keymgr.conf_key_mgr.ConfKeyManager'
Mar 29 10:21:58 ubuntu devstack@c-api.service[115933]: WARNING stevedore.named [None req-40d5fb18-41e3-49a1-8adb-5033b86c270c None None] Could not load cinder.keymgr.conf_key_mgr.ConfKeyManager
Mar 29 10:21:58 ubuntu devstack@c-api.service[115933]: WARNING castellan.key_manager [None req-40d5fb18-41e3-49a1-8adb-5033b86c270c None None] Deprecation Warning : cinder.keymgr.conf_key_mgr.ConfKeyManager is not a stevedore based driver, trying to load it as a class: stevedore.exception.NoMatches: No 'castellan.drivers' driver found, looking for 'cinder.keymgr.conf_key_mgr.ConfKeyManager'
Mar 29 10:21:58 ubuntu devstack@c-api.service[115933]: WARNING stevedore.named [None req-40d5fb18-41e3-49a1-8adb-5033b86c270c None None] Could not load cinder.keymgr.conf_key_mgr.ConfKeyManager
Mar 29 10:21:58 ubuntu devstack@c-api.service[115933]: WARNING castellan.key_manager [None req-40d5fb18-41e3-49a1-8adb-5033b86c270c None None] Deprecation Warning : cinder.keymgr.conf_key_mgr.ConfKeyManager is not a stevedore based driver, trying to load it as a class: stevedore.exception.NoMatches: No 'castellan.drivers' driver found, looking for 'cinder.keymgr.conf_key_mgr.ConfKeyManager'
Mar 29 10:21:58 ubuntu devstack@c-api.service[115933]: WARNING stevedore.named [None req-40d5fb18-41e3-49a1-8adb-5033b86c270c None None] Could not load cinder.keymgr.conf_key_mgr.ConfKeyManager
Mar 29 10:21:58 ubuntu devstack@c-api.service[115933]: WARNING castellan.key_manager [None req-40d5fb18-41e3-49a1-8adb-5033b86c270c None None] Deprecation Warning : cinder.keymgr.conf_key_mgr.ConfKeyManager is not a stevedore based driver, trying to load it as a class: stevedore.exception.NoMatches: No 'castellan.drivers' driver found, looking for 'cinder.keymgr.conf_key_mgr.ConfKeyManager'
Mar 29 10:21:58 ubuntu devstack@c-api.service[115934]: WARNING stevedore.named [None req-6f661760-da66-4356-a79e-aa0de584daa0 None None] Could not load cinder.keymgr.conf_key_mgr.ConfKeyManager
Mar 29 10:21:58 ubuntu devstack@c-api.service[115934]: WARNING castellan.key_manager [None req-6f661760-da66-4356-a79e-aa0de584daa0 None None] Deprecation Warning : cinder.keymgr.conf_key_mgr.ConfKeyManager is not a stevedore based driver, trying to load it as a class: stevedore.exception.NoMatches: No 'castellan.drivers' driver found, looking for 'cinder.keymgr.conf_key_mgr.ConfKeyManager'
Mar 29 10:21:58 ubuntu devstack@c-api.service[115933]: WARNING stevedore.named [None req-40d5fb18-41e3-49a1-8adb-5033b86c270c None None] Could not load cinder.keymgr.conf_key_mgr.ConfKeyManager
Mar 29 10:21:58 ubuntu devstack@c-api.service[115933]: WARNING castellan.key_manager [None req-40d5fb18-41e3-49a1-8adb-5033b86c270c None None] Deprecation Warning : cinder.keymgr.conf_key_mgr.ConfKeyManager is not a stevedore based driver, trying to load it as a class: stevedore.exception.NoMatches: No 'castellan.drivers' driver found, looking for 'cinder.keymgr.conf_key_mgr.ConfKeyManager'
Mar 29 10:21:58 ubuntu devstack@c-api.service[115933]: WARNING stevedore.named [None req-40d5fb18-41e3-49a1-8adb-5033b86c270c None None] Could not load cinder.keymgr.conf_key_mgr.ConfKeyManager
Mar 29 10:21:58 ubuntu devstack@c-api.service[115933]: WARNING castellan.key_manager [None req-40d5fb18-41e3-49a1-8adb-5033b86c270c None None] Deprecation Warning : cinder.keymgr.conf_key_mgr.ConfKeyManager is not a stevedore based driver, trying to load it as a class: stevedore.exception.NoMatches: No 'castellan.drivers' driver found, looking for 'cinder.keymgr.conf_key_mgr.ConfKeyManager'
Mar 29 10:21:58 ubuntu devstack@c-api.service[115934]: WARNING stevedore.named [None req-6f661760-da66-4356-a79e-aa0de584daa0 None None] Could not load cinder.keymgr.conf_key_mgr.ConfKeyManager
Mar 29 10:21:58 ubuntu devstack@c-api.service[115933]: DEBUG cinder.api.contrib.snapshot_actions [None req-40d5fb18-41e3-49a1-8adb-5033b86c270c None None] SnapshotActionsController initialized {{(pid=115933) __init__ /opt/stack/cinder/cinder/api/contrib/snapshot_actions.py:33}}
Mar 29 10:21:58 ubuntu devstack@c-api.service[115934]: WARNING castellan.key_manager [None req-6f661760-da66-4356-a79e-aa0de584daa0 None None] Deprecation Warning : cinder.keymgr.conf_key_mgr.ConfKeyManager is not a stevedore based driver, trying to load it as a class: stevedore.exception.NoMatches: No 'castellan.drivers' driver found, looking for 'cinder.keymgr.conf_key_mgr.ConfKeyManager'
Mar 29 10:21:58 ubuntu devstack@c-api.service[115933]: DEBUG cinder.api.openstack [None req-40d5fb18-41e3-49a1-8adb-5033b86c270c None None] Extension AdminActions extending resource: volumes {{(pid=115933) _setup_extensions /opt/stack/cinder/cinder/api/openstack/__init__.py:159}}
Mar 29 10:21:58 ubuntu devstack@c-api.service[115933]: DEBUG cinder.api.openstack [None req-40d5fb18-41e3-49a1-8adb-5033b86c270c None None] Extension AdminActions extending resource: snapshots {{(pid=115933) _setup_extensions /opt/stack/cinder/cinder/api/openstack/__init__.py:159}}
Mar 29 10:21:58 ubuntu devstack@c-api.service[115933]: DEBUG cinder.api.openstack [None req-40d5fb18-41e3-49a1-8adb-5033b86c270c None None] Extension AdminActions extending resource: backups {{(pid=115933) _setup_extensions /opt/stack/cinder/cinder/api/openstack/__init__.py:159}}
Mar 29 10:21:58 ubuntu devstack@c-api.service[115933]: DEBUG cinder.api.openstack [None req-40d5fb18-41e3-49a1-8adb-5033b86c270c None None] Extension SnapshotUnmanage extending resource: snapshots {{(pid=115933) _setup_extensions /opt/stack/cinder/cinder/api/openstack/__init__.py:159}}
Mar 29 10:21:58 ubuntu devstack@c-api.service[115933]: DEBUG cinder.api.openstack [None req-40d5fb18-41e3-49a1-8adb-5033b86c270c None None] Extension VolumeActions extending resource: volumes {{(pid=115933) _setup_extensions /opt/stack/cinder/cinder/api/openstack/__init__.py:159}}
Mar 29 10:21:58 ubuntu devstack@c-api.service[115933]: DEBUG cinder.api.openstack [None req-40d5fb18-41e3-49a1-8adb-5033b86c270c None None] Extension VolumeTypeEncryption extending resource: types {{(pid=115933) _setup_extensions /opt/stack/cinder/cinder/api/openstack/__init__.py:159}}
Mar 29 10:21:58 ubuntu devstack@c-api.service[115933]: DEBUG cinder.api.openstack [None req-40d5fb18-41e3-49a1-8adb-5033b86c270c None None] Extension VolumeMigStatusAttribute extending resource: volumes {{(pid=115933) _setup_extensions /opt/stack/cinder/cinder/api/openstack/__init__.py:159}}
Mar 29 10:21:58 ubuntu devstack@c-api.service[115933]: DEBUG cinder.api.openstack [None req-40d5fb18-41e3-49a1-8adb-5033b86c270c None None] Extension VolumeUnmanage extending resource: volumes {{(pid=115933) _setup_extensions /opt/stack/cinder/cinder/api/openstack/__init__.py:159}}
Mar 29 10:21:58 ubuntu devstack@c-api.service[115933]: DEBUG cinder.api.openstack [None req-40d5fb18-41e3-49a1-8adb-5033b86c270c None None] Extension TypesManage extending resource: types {{(pid=115933) _setup_extensions /opt/stack/cinder/cinder/api/openstack/__init__.py:159}}
Mar 29 10:21:58 ubuntu devstack@c-api.service[115933]: DEBUG cinder.api.openstack [None req-40d5fb18-41e3-49a1-8adb-5033b86c270c None None] Extension VolumeImageMetadata extending resource: volumes {{(pid=115933) _setup_extensions /opt/stack/cinder/cinder/api/openstack/__init__.py:159}}
Mar 29 10:21:58 ubuntu devstack@c-api.service[115933]: DEBUG cinder.api.openstack [None req-40d5fb18-41e3-49a1-8adb-5033b86c270c None None] Extension UsedLimits extending resource: limits {{(pid=115933) _setup_extensions /opt/stack/cinder/cinder/api/openstack/__init__.py:159}}
Mar 29 10:21:58 ubuntu devstack@c-api.service[115933]: DEBUG cinder.api.openstack [None req-40d5fb18-41e3-49a1-8adb-5033b86c270c None None] Extension VolumeTypeAccess extending resource: types {{(pid=115933) _setup_extensions /opt/stack/cinder/cinder/api/openstack/__init__.py:159}}
Mar 29 10:21:58 ubuntu devstack@c-api.service[115933]: DEBUG cinder.api.openstack [None req-40d5fb18-41e3-49a1-8adb-5033b86c270c None None] Extension VolumeTenantAttribute extending resource: volumes {{(pid=115933) _setup_extensions /opt/stack/cinder/cinder/api/openstack/__init__.py:159}}
Mar 29 10:21:58 ubuntu devstack@c-api.service[115933]: DEBUG cinder.api.openstack [None req-40d5fb18-41e3-49a1-8adb-5033b86c270c None None] Extension SnapshotActions extending resource: snapshots {{(pid=115933) _setup_extensions /opt/stack/cinder/cinder/api/openstack/__init__.py:159}}
Mar 29 10:21:58 ubuntu devstack@c-api.service[115933]: DEBUG cinder.api.openstack [None req-40d5fb18-41e3-49a1-8adb-5033b86c270c None None] Extension ExtendedSnapshotAttributes extending resource: snapshots {{(pid=115933) _setup_extensions /opt/stack/cinder/cinder/api/openstack/__init__.py:159}}
Mar 29 10:21:58 ubuntu devstack@c-api.service[115933]: DEBUG cinder.api.openstack [None req-40d5fb18-41e3-49a1-8adb-5033b86c270c None None] Extension VolumeHostAttribute extending resource: volumes {{(pid=115933) _setup_extensions /opt/stack/cinder/cinder/api/openstack/__init__.py:159}}
Mar 29 10:21:58 ubuntu devstack@c-api.service[115934]: WARNING stevedore.named [None req-6f661760-da66-4356-a79e-aa0de584daa0 None None] Could not load cinder.keymgr.conf_key_mgr.ConfKeyManager
Mar 29 10:21:58 ubuntu devstack@c-api.service[115934]: WARNING castellan.key_manager [None req-6f661760-da66-4356-a79e-aa0de584daa0 None None] Deprecation Warning : cinder.keymgr.conf_key_mgr.ConfKeyManager is not a stevedore based driver, trying to load it as a class: stevedore.exception.NoMatches: No 'castellan.drivers' driver found, looking for 'cinder.keymgr.conf_key_mgr.ConfKeyManager'
