Apr 22 12:49:33 ubuntu devstack@keystone.service[80584]: DEBUG keystone.server.flask.common [-] Adding resource routes to API system: ['/system/groups/<string:group_id>/roles/<string:role_id>' {}] {{(pid=80584) _add_mapped_resources /opt/stack/keystone/keystone/server/flask/common.py:483}}
Apr 22 12:49:33 ubuntu devstack@keystone.service[80584]: DEBUG keystone.server.flask.common [-] Adding resource routes to API trusts: ['/trusts' {}] {{(pid=80584) _add_mapped_resources /opt/stack/keystone/keystone/server/flask/common.py:483}}
Apr 22 12:49:33 ubuntu devstack@keystone.service[80584]: DEBUG keystone.server.flask.common [-] Adding resource routes to API trusts: ['/trusts/<string:trust_id>' {}] {{(pid=80584) _add_mapped_resources /opt/stack/keystone/keystone/server/flask/common.py:483}}
Apr 22 12:49:33 ubuntu devstack@keystone.service[80584]: DEBUG keystone.server.flask.common [-] Adding resource routes to API trusts: ['/trusts/<string:trust_id>/roles' {}] {{(pid=80584) _add_mapped_resources /opt/stack/keystone/keystone/server/flask/common.py:483}}
Apr 22 12:49:33 ubuntu devstack@keystone.service[80584]: DEBUG keystone.server.flask.common [-] Adding resource routes to API trusts: ['/trusts/<string:trust_id>/roles/<string:role_id>' {}] {{(pid=80584) _add_mapped_resources /opt/stack/keystone/keystone/server/flask/common.py:483}}
Apr 22 12:49:33 ubuntu devstack@keystone.service[80584]: DEBUG keystone.server.flask.common [-] Adding resource routes to API users: ['/users' {}] {{(pid=80584) _add_mapped_resources /opt/stack/keystone/keystone/server/flask/common.py:483}}
Apr 22 12:49:33 ubuntu devstack@keystone.service[80584]: DEBUG keystone.server.flask.common [-] Adding resource routes to API users: ['/users/<string:user_id>' {}] {{(pid=80584) _add_mapped_resources /opt/stack/keystone/keystone/server/flask/common.py:483}}
Apr 22 12:49:33 ubuntu devstack@keystone.service[80584]: DEBUG keystone.server.flask.common [-] Adding resource routes to API users: ['/users/<string:user_id>/password' {}] {{(pid=80584) _add_mapped_resources /opt/stack/keystone/keystone/server/flask/common.py:483}}
Apr 22 12:49:33 ubuntu devstack@keystone.service[80584]: DEBUG keystone.server.flask.common [-] Adding resource routes to API users: ['/users/<string:user_id>/groups' {}] {{(pid=80584) _add_mapped_resources /opt/stack/keystone/keystone/server/flask/common.py:483}}
Apr 22 12:49:33 ubuntu devstack@keystone.service[80584]: DEBUG keystone.server.flask.common [-] Adding resource routes to API users: ['/users/<string:user_id>/projects' {}] {{(pid=80584) _add_mapped_resources /opt/stack/keystone/keystone/server/flask/common.py:483}}
Apr 22 12:49:33 ubuntu devstack@keystone.service[80584]: DEBUG keystone.server.flask.common [-] Adding resource routes to API users: ['/users/<string:user_id>/credentials/OS-EC2' {}] {{(pid=80584) _add_mapped_resources /opt/stack/keystone/keystone/server/flask/common.py:483}}
Apr 22 12:49:33 ubuntu devstack@keystone.service[80584]: DEBUG keystone.server.flask.common [-] Adding resource routes to API users: ['/users/<string:user_id>/credentials/OS-EC2/<string:credential_id>' {}] {{(pid=80584) _add_mapped_resources /opt/stack/keystone/keystone/server/flask/common.py:483}}
Apr 22 12:49:33 ubuntu devstack@keystone.service[80584]: DEBUG keystone.server.flask.common [-] Adding resource routes to API users: ['/users/<string:user_id>/OS-OAUTH1/access_tokens' {}] {{(pid=80584) _add_mapped_resources /opt/stack/keystone/keystone/server/flask/common.py:483}}
Apr 22 12:49:33 ubuntu devstack@keystone.service[80584]: DEBUG keystone.server.flask.common [-] Adding resource routes to API users: ['/users/<string:user_id>/OS-OAUTH1/access_tokens/<string:access_token_id>' {}] {{(pid=80584) _add_mapped_resources /opt/stack/keystone/keystone/server/flask/common.py:483}}
Apr 22 12:49:33 ubuntu devstack@keystone.service[80584]: DEBUG keystone.server.flask.common [-] Adding resource routes to API users: ['/users/<string:user_id>/OS-OAUTH1/access_tokens/<string:access_token_id>/roles' {}] {{(pid=80584) _add_mapped_resources /opt/stack/keystone/keystone/server/flask/common.py:483}}
Apr 22 12:49:33 ubuntu devstack@keystone.service[80584]: DEBUG keystone.server.flask.common [-] Adding resource routes to API users: ['/users/<string:user_id>/OS-OAUTH1/access_tokens/<string:access_token_id>/roles/<string:role_id>' {}] {{(pid=80584) _add_mapped_resources /opt/stack/keystone/keystone/server/flask/common.py:483}}
Apr 22 12:49:33 ubuntu devstack@keystone.service[80584]: DEBUG keystone.server.flask.common [-] Adding resource routes to API users: ['/users/<string:user_id>/application_credentials' {}] {{(pid=80584) _add_mapped_resources /opt/stack/keystone/keystone/server/flask/common.py:483}}
Apr 22 12:49:33 ubuntu devstack@keystone.service[80584]: DEBUG keystone.server.flask.common [-] Adding resource routes to API users: ['/users/<string:user_id>/application_credentials/<string:application_credential_id>' {}] {{(pid=80584) _add_mapped_resources /opt/stack/keystone/keystone/server/flask/common.py:483}}
Apr 22 12:49:33 ubuntu devstack@keystone.service[80584]: DEBUG keystone.server.flask.common [-] Adding resource routes to API users: ['/users/<string:user_id>/access_rules' {}] {{(pid=80584) _add_mapped_resources /opt/stack/keystone/keystone/server/flask/common.py:483}}
Apr 22 12:49:33 ubuntu devstack@keystone.service[80584]: DEBUG keystone.server.flask.common [-] Adding resource routes to API users: ['/users/<string:user_id>/access_rules/<string:access_rule_id>' {}] {{(pid=80584) _add_mapped_resources /opt/stack/keystone/keystone/server/flask/common.py:483}}
Apr 22 12:49:33 ubuntu devstack@keystone.service[80583]: WSGI app 0 (mountpoint='') ready in 2 seconds on interpreter 0x56452d2b0d40 pid: 80583 (default app)
Apr 22 12:49:33 ubuntu devstack@keystone.service[80583]: DEBUG keystone.server.flask.request_processing.req_logging [None req-688e34ff-c6e6-4b56-853b-b5acbc834f20 None None] REQUEST_METHOD: `GET` {{(pid=80583) log_request_info /opt/stack/keystone/keystone/server/flask/request_processing/req_logging.py:26}}
Apr 22 12:49:33 ubuntu devstack@keystone.service[80583]: DEBUG keystone.server.flask.request_processing.req_logging [None req-688e34ff-c6e6-4b56-853b-b5acbc834f20 None None] SCRIPT_NAME: `/identity` {{(pid=80583) log_request_info /opt/stack/keystone/keystone/server/flask/request_processing/req_logging.py:27}}
Apr 22 12:49:33 ubuntu devstack@keystone.service[80583]: DEBUG keystone.server.flask.request_processing.req_logging [None req-688e34ff-c6e6-4b56-853b-b5acbc834f20 None None] PATH_INFO: `/v3` {{(pid=80583) log_request_info /opt/stack/keystone/keystone/server/flask/request_processing/req_logging.py:28}}
Apr 22 12:49:33 ubuntu devstack@keystone.service[80583]: [pid: 80583|app: 0|req: 1/1] 10.201.5.82 () {50 vars in 783 bytes} [Tue Apr 22 12:49:33 2025] GET /identity/v3/ => generated 255 bytes in 2 msecs (HTTP/1.1 200) 5 headers in 177 bytes (1 switches on core 0)
Apr 22 12:49:33 ubuntu devstack@keystone.service[80584]: WSGI app 0 (mountpoint='') ready in 2 seconds on interpreter 0x56452d2b0d40 pid: 80584 (default app)
Apr 22 12:49:38 ubuntu devstack@keystone.service[80583]: DEBUG keystone.server.flask.request_processing.req_logging [None req-1b018ce0-b1ec-4bb3-9d40-8da0cbedb896 None None] REQUEST_METHOD: `GET` {{(pid=80583) log_request_info /opt/stack/keystone/keystone/server/flask/request_processing/req_logging.py:26}}
Apr 22 12:49:38 ubuntu devstack@keystone.service[80583]: DEBUG keystone.server.flask.request_processing.req_logging [None req-1b018ce0-b1ec-4bb3-9d40-8da0cbedb896 None None] SCRIPT_NAME: `/identity` {{(pid=80583) log_request_info /opt/stack/keystone/keystone/server/flask/request_processing/req_logging.py:27}}
Apr 22 12:49:38 ubuntu devstack@keystone.service[80583]: DEBUG keystone.server.flask.request_processing.req_logging [None req-1b018ce0-b1ec-4bb3-9d40-8da0cbedb896 None None] PATH_INFO: `/` {{(pid=80583) log_request_info /opt/stack/keystone/keystone/server/flask/request_processing/req_logging.py:28}}
Apr 22 12:49:38 ubuntu devstack@keystone.service[80583]: [pid: 80583|app: 0|req: 2/2] 10.201.5.82 () {54 vars in 919 bytes} [Tue Apr 22 12:49:38 2025] GET /identity => generated 270 bytes in 6 msecs (HTTP/1.1 300) 6 headers in 234 bytes (1 switches on core 0)
Apr 22 12:49:38 ubuntu devstack@keystone.service[80584]: DEBUG keystone.server.flask.request_processing.req_logging [None req-496001a3-3a15-44fc-b3a9-51ae57ded793 None None] REQUEST_METHOD: `POST` {{(pid=80584) log_request_info /opt/stack/keystone/keystone/server/flask/request_processing/req_logging.py:26}}
Apr 22 12:49:38 ubuntu devstack@keystone.service[80584]: DEBUG keystone.server.flask.request_processing.req_logging [None req-496001a3-3a15-44fc-b3a9-51ae57ded793 None None] SCRIPT_NAME: `/identity` {{(pid=80584) log_request_info /opt/stack/keystone/keystone/server/flask/request_processing/req_logging.py:27}}
Apr 22 12:49:38 ubuntu devstack@keystone.service[80584]: DEBUG keystone.server.flask.request_processing.req_logging [None req-496001a3-3a15-44fc-b3a9-51ae57ded793 None None] PATH_INFO: `/v3/auth/tokens` {{(pid=80584) log_request_info /opt/stack/keystone/keystone/server/flask/request_processing/req_logging.py:28}}
Apr 22 12:49:38 ubuntu devstack@keystone.service[80584]: INFO dbcounter [None req-496001a3-3a15-44fc-b3a9-51ae57ded793 None None] Registered counter for database keystone
Apr 22 12:49:38 ubuntu devstack@keystone.service[80584]: DEBUG oslo_db.sqlalchemy.engines [None req-496001a3-3a15-44fc-b3a9-51ae57ded793 None None] MySQL server mode set to STRICT_TRANS_TABLES,STRICT_ALL_TABLES,NO_ZERO_IN_DATE,NO_ZERO_DATE,ERROR_FOR_DIVISION_BY_ZERO,TRADITIONAL,NO_ENGINE_SUBSTITUTION {{(pid=80584) _check_effective_sql_mode /opt/stack/data/venv/lib/python3.10/site-packages/oslo_db/sqlalchemy/engines.py:397}}
Apr 22 12:49:38 ubuntu devstack@keystone.service[80584]: DEBUG dbcounter [-] [80584] Writer thread running {{(pid=80584) stat_writer /opt/stack/data/venv/lib/python3.10/site-packages/dbcounter.py:102}}
Apr 22 12:49:38 ubuntu devstack@keystone.service[80584]: WARNING keystone.common.password_hashing [None req-496001a3-3a15-44fc-b3a9-51ae57ded793 None None] Truncating password to algorithm specific maximum length 72 characters.
Apr 22 12:49:38 ubuntu devstack@keystone.service[80584]: DEBUG keystone.auth.core [None req-496001a3-3a15-44fc-b3a9-51ae57ded793 None None] MFA Rules not processed for user `e551e682ad384f14935766967477e807`. Rule list: `[]` (Enabled: `True`). {{(pid=80584) check_auth_methods_against_rules /opt/stack/keystone/keystone/auth/core.py:476}}
Apr 22 12:49:38 ubuntu devstack@keystone.service[80584]: DEBUG keystone.common.fernet_utils [None req-496001a3-3a15-44fc-b3a9-51ae57ded793 None None] Loaded 2 Fernet keys from /etc/keystone/fernet-keys/, but `[fernet_tokens] max_active_keys = 3`; perhaps there have not been enough key rotations to reach `max_active_keys` yet? {{(pid=80584) load_keys /opt/stack/keystone/keystone/common/fernet_utils.py:297}}
Apr 22 12:49:38 ubuntu devstack@keystone.service[80584]: [pid: 80584|app: 0|req: 1/3] 10.201.5.82 () {58 vars in 1016 bytes} [Tue Apr 22 12:49:38 2025] POST /identity/v3/auth/tokens => generated 977 bytes in 259 msecs (HTTP/1.1 201) 6 headers in 384 bytes (2 switches on core 0)
Apr 22 12:49:38 ubuntu devstack@keystone.service[80583]: DEBUG keystone.server.flask.request_processing.middleware.auth_context [None req-1b018ce0-b1ec-4bb3-9d40-8da0cbedb896 None None] Authenticating user token {{(pid=80583) process_request /opt/stack/data/venv/lib/python3.10/site-packages/keystonemiddleware/auth_token/__init__.py:406}}
Apr 22 12:49:39 ubuntu devstack@keystone.service[80583]: INFO dbcounter [None req-1b018ce0-b1ec-4bb3-9d40-8da0cbedb896 None None] Registered counter for database keystone
Apr 22 12:49:39 ubuntu devstack@keystone.service[80583]: DEBUG oslo_db.sqlalchemy.engines [None req-1b018ce0-b1ec-4bb3-9d40-8da0cbedb896 None None] MySQL server mode set to STRICT_TRANS_TABLES,STRICT_ALL_TABLES,NO_ZERO_IN_DATE,NO_ZERO_DATE,ERROR_FOR_DIVISION_BY_ZERO,TRADITIONAL,NO_ENGINE_SUBSTITUTION {{(pid=80583) _check_effective_sql_mode /opt/stack/data/venv/lib/python3.10/site-packages/oslo_db/sqlalchemy/engines.py:397}}
Apr 22 12:49:39 ubuntu devstack@keystone.service[80583]: DEBUG dbcounter [-] [80583] Writer thread running {{(pid=80583) stat_writer /opt/stack/data/venv/lib/python3.10/site-packages/dbcounter.py:102}}
Apr 22 12:49:39 ubuntu devstack@keystone.service[80583]: DEBUG keystone.server.flask.request_processing.middleware.auth_context [None req-1b018ce0-b1ec-4bb3-9d40-8da0cbedb896 None None] Validating token access rules against request {{(pid=80583) validate_allowed_request /opt/stack/data/venv/lib/python3.10/site-packages/keystonemiddleware/auth_token/__init__.py:544}}
Apr 22 12:49:39 ubuntu devstack@keystone.service[80583]: DEBUG keystone.server.flask.request_processing.middleware.auth_context [None req-74e91fbd-2d92-4673-bb77-0b0144d0ee49 admin admin] RBAC: auth_context: {'token': <TokenModel (audit_id=ln1Wg4WWRcua-EPhkjPPeQ, audit_chain_id=['ln1Wg4WWRcua-EPhkjPPeQ']) at 0x7fb5266f5300>, 'domain_id': None, 'trust_id': None, 'trustor_id': None, 'trustee_id': None, 'domain_name': None, 'group_ids': [], 'user_id': 'e551e682ad384f14935766967477e807', 'user_domain_id': 'default', 'system_scope': None, 'project_id': '8ec1e80675164be7af7b32c504bcdf08', 'project_domain_id': 'default', 'roles': ['manager', 'member', 'admin', 'reader'], 'is_admin_project': True, 'service_user_id': None, 'service_user_domain_id': None, 'service_project_id': None, 'service_project_domain_id': None, 'service_roles': []} {{(pid=80583) fill_context /opt/stack/keystone/keystone/server/flask/request_processing/middleware/auth_context.py:506}}
Apr 22 12:49:39 ubuntu devstack@keystone.service[80583]: DEBUG keystone.server.flask.request_processing.req_logging [None req-74e91fbd-2d92-4673-bb77-0b0144d0ee49 admin admin] REQUEST_METHOD: `GET` {{(pid=80583) log_request_info /opt/stack/keystone/keystone/server/flask/request_processing/req_logging.py:26}}
Apr 22 12:49:39 ubuntu devstack@keystone.service[80583]: DEBUG keystone.server.flask.request_processing.req_logging [None req-74e91fbd-2d92-4673-bb77-0b0144d0ee49 admin admin] SCRIPT_NAME: `/identity` {{(pid=80583) log_request_info /opt/stack/keystone/keystone/server/flask/request_processing/req_logging.py:27}}
Apr 22 12:49:39 ubuntu devstack@keystone.service[80583]: DEBUG keystone.server.flask.request_processing.req_logging [None req-74e91fbd-2d92-4673-bb77-0b0144d0ee49 admin admin] PATH_INFO: `/v3/auth/tokens` {{(pid=80583) log_request_info /opt/stack/keystone/keystone/server/flask/request_processing/req_logging.py:28}}
Apr 22 12:49:39 ubuntu devstack@keystone.service[80583]: DEBUG keystone.common.rbac_enforcer.enforcer [None req-74e91fbd-2d92-4673-bb77-0b0144d0ee49 admin admin] RBAC: Authorizing `identity:validate_token()` {{(pid=80583) enforce_call /opt/stack/keystone/keystone/common/rbac_enforcer/enforcer.py:495}}
Apr 22 12:49:39 ubuntu devstack@keystone.service[80583]: WARNING keystone.common.rbac_enforcer.enforcer [None req-74e91fbd-2d92-4673-bb77-0b0144d0ee49 admin admin] Deprecated policy rules found. Use oslopolicy-policy-generator and oslopolicy-policy-upgrade to detect and resolve deprecated policies in your configuration.
Apr 22 12:49:39 ubuntu devstack@keystone.service[80583]: DEBUG keystone.common.rbac_enforcer.enforcer [None req-74e91fbd-2d92-4673-bb77-0b0144d0ee49 admin admin] RBAC: Authorization granted {{(pid=80583) enforce_call /opt/stack/keystone/keystone/common/rbac_enforcer/enforcer.py:506}}
Apr 22 12:49:39 ubuntu devstack@keystone.service[80583]: [pid: 80583|app: 0|req: 3/4] 10.201.5.82 () {58 vars in 1316 bytes} [Tue Apr 22 12:49:38 2025] GET /identity/v3/auth/tokens => generated 977 bytes in 161 msecs (HTTP/1.1 200) 6 headers in 379 bytes (1 switches on core 0)
Apr 22 12:49:39 ubuntu devstack@keystone.service[80584]: DEBUG keystone.server.flask.request_processing.middleware.auth_context [None req-496001a3-3a15-44fc-b3a9-51ae57ded793 None None] Authenticating user token {{(pid=80584) process_request /opt/stack/data/venv/lib/python3.10/site-packages/keystonemiddleware/auth_token/__init__.py:406}}
Apr 22 12:49:39 ubuntu devstack@keystone.service[80584]: DEBUG keystone.server.flask.request_processing.middleware.auth_context [None req-496001a3-3a15-44fc-b3a9-51ae57ded793 None None] Validating token access rules against request {{(pid=80584) validate_allowed_request /opt/stack/data/venv/lib/python3.10/site-packages/keystonemiddleware/auth_token/__init__.py:544}}
Apr 22 12:49:39 ubuntu devstack@keystone.service[80584]: DEBUG keystone.server.flask.request_processing.middleware.auth_context [None req-4c3a3ab4-cd43-4591-9b2b-14d7e4647fce admin admin] RBAC: auth_context: {'token': <TokenModel (audit_id=ln1Wg4WWRcua-EPhkjPPeQ, audit_chain_id=['ln1Wg4WWRcua-EPhkjPPeQ']) at 0x7fb5266fa800>, 'domain_id': None, 'trust_id': None, 'trustor_id': None, 'trustee_id': None, 'domain_name': None, 'group_ids': [], 'user_id': 'e551e682ad384f14935766967477e807', 'user_domain_id': 'default', 'system_scope': None, 'project_id': '8ec1e80675164be7af7b32c504bcdf08', 'project_domain_id': 'default', 'roles': ['manager', 'member', 'admin', 'reader'], 'is_admin_project': True, 'service_user_id': None, 'service_user_domain_id': None, 'service_project_id': None, 'service_project_domain_id': None, 'service_roles': []} {{(pid=80584) fill_context /opt/stack/keystone/keystone/server/flask/request_processing/middleware/auth_context.py:506}}
Apr 22 12:49:39 ubuntu devstack@keystone.service[80584]: DEBUG keystone.server.flask.request_processing.req_logging [None req-4c3a3ab4-cd43-4591-9b2b-14d7e4647fce admin admin] REQUEST_METHOD: `GET` {{(pid=80584) log_request_info /opt/stack/keystone/keystone/server/flask/request_processing/req_logging.py:26}}
Apr 22 12:49:39 ubuntu devstack@keystone.service[80584]: DEBUG keystone.server.flask.request_processing.req_logging [None req-4c3a3ab4-cd43-4591-9b2b-14d7e4647fce admin admin] SCRIPT_NAME: `/identity` {{(pid=80584) log_request_info /opt/stack/keystone/keystone/server/flask/request_processing/req_logging.py:27}}
Apr 22 12:49:39 ubuntu devstack@keystone.service[80584]: DEBUG keystone.server.flask.request_processing.req_logging [None req-4c3a3ab4-cd43-4591-9b2b-14d7e4647fce admin admin] PATH_INFO: `/v3/projects/8ec1e80675164be7af7b32c504bcdf08` {{(pid=80584) log_request_info /opt/stack/keystone/keystone/server/flask/request_processing/req_logging.py:28}}
Apr 22 12:49:39 ubuntu devstack@keystone.service[80584]: DEBUG keystone.common.rbac_enforcer.enforcer [None req-4c3a3ab4-cd43-4591-9b2b-14d7e4647fce admin admin] RBAC: Authorizing `identity:get_project(project_id=8ec1e80675164be7af7b32c504bcdf08)` {{(pid=80584) enforce_call /opt/stack/keystone/keystone/common/rbac_enforcer/enforcer.py:495}}
Apr 22 12:49:39 ubuntu devstack@keystone.service[80584]: WARNING keystone.common.rbac_enforcer.enforcer [None req-4c3a3ab4-cd43-4591-9b2b-14d7e4647fce admin admin] Deprecated policy rules found. Use oslopolicy-policy-generator and oslopolicy-policy-upgrade to detect and resolve deprecated policies in your configuration.
Apr 22 12:49:39 ubuntu devstack@keystone.service[80584]: DEBUG keystone.common.rbac_enforcer.enforcer [None req-4c3a3ab4-cd43-4591-9b2b-14d7e4647fce admin admin] RBAC: Authorization granted {{(pid=80584) enforce_call /opt/stack/keystone/keystone/common/rbac_enforcer/enforcer.py:506}}
Apr 22 12:49:39 ubuntu devstack@keystone.service[80584]: [pid: 80584|app: 0|req: 2/5] 10.201.5.82 () {56 vars in 1199 bytes} [Tue Apr 22 12:49:39 2025] GET /identity/v3/projects/8ec1e80675164be7af7b32c504bcdf08 => generated 344 bytes in 37 msecs (HTTP/1.1 200) 5 headers in 177 bytes (1 switches on core 0)
Apr 22 12:49:40 ubuntu devstack@keystone.service[80583]: DEBUG keystone.server.flask.request_processing.req_logging [None req-eef5897e-635e-435d-a20e-fb302a78aba0 None None] REQUEST_METHOD: `GET` {{(pid=80583) log_request_info /opt/stack/keystone/keystone/server/flask/request_processing/req_logging.py:26}}
Apr 22 12:49:40 ubuntu devstack@keystone.service[80583]: DEBUG keystone.server.flask.request_processing.req_logging [None req-eef5897e-635e-435d-a20e-fb302a78aba0 None None] SCRIPT_NAME: `/identity` {{(pid=80583) log_request_info /opt/stack/keystone/keystone/server/flask/request_processing/req_logging.py:27}}
Apr 22 12:49:40 ubuntu devstack@keystone.service[80583]: DEBUG keystone.server.flask.request_processing.req_logging [None req-eef5897e-635e-435d-a20e-fb302a78aba0 None None] PATH_INFO: `/` {{(pid=80583) log_request_info /opt/stack/keystone/keystone/server/flask/request_processing/req_logging.py:28}}
Apr 22 12:49:40 ubuntu devstack@keystone.service[80583]: [pid: 80583|app: 0|req: 4/6] 10.201.5.82 () {54 vars in 919 bytes} [Tue Apr 22 12:49:40 2025] GET /identity => generated 270 bytes in 5 msecs (HTTP/1.1 300) 6 headers in 234 bytes (1 switches on core 0)
Apr 22 12:49:40 ubuntu devstack@keystone.service[80584]: DEBUG keystone.server.flask.request_processing.req_logging [None req-6401c9d9-b67c-45c7-bdbb-9cfa3f328622 None None] REQUEST_METHOD: `POST` {{(pid=80584) log_request_info /opt/stack/keystone/keystone/server/flask/request_processing/req_logging.py:26}}
Apr 22 12:49:40 ubuntu devstack@keystone.service[80584]: DEBUG keystone.server.flask.request_processing.req_logging [None req-6401c9d9-b67c-45c7-bdbb-9cfa3f328622 None None] SCRIPT_NAME: `/identity` {{(pid=80584) log_request_info /opt/stack/keystone/keystone/server/flask/request_processing/req_logging.py:27}}
Apr 22 12:49:40 ubuntu devstack@keystone.service[80584]: DEBUG keystone.server.flask.request_processing.req_logging [None req-6401c9d9-b67c-45c7-bdbb-9cfa3f328622 None None] PATH_INFO: `/v3/auth/tokens` {{(pid=80584) log_request_info /opt/stack/keystone/keystone/server/flask/request_processing/req_logging.py:28}}
Apr 22 12:49:40 ubuntu devstack@keystone.service[80584]: WARNING keystone.common.password_hashing [None req-6401c9d9-b67c-45c7-bdbb-9cfa3f328622 None None] Truncating password to algorithm specific maximum length 72 characters.
Apr 22 12:49:40 ubuntu devstack@keystone.service[80584]: DEBUG keystone.auth.core [None req-6401c9d9-b67c-45c7-bdbb-9cfa3f328622 None None] MFA Rules not processed for user `e551e682ad384f14935766967477e807`. Rule list: `[]` (Enabled: `True`). {{(pid=80584) check_auth_methods_against_rules /opt/stack/keystone/keystone/auth/core.py:476}}
Apr 22 12:49:40 ubuntu devstack@keystone.service[80584]: DEBUG keystone.common.fernet_utils [None req-6401c9d9-b67c-45c7-bdbb-9cfa3f328622 None None] Loaded 2 Fernet keys from /etc/keystone/fernet-keys/, but `[fernet_tokens] max_active_keys = 3`; perhaps there have not been enough key rotations to reach `max_active_keys` yet? {{(pid=80584) load_keys /opt/stack/keystone/keystone/common/fernet_utils.py:297}}
Apr 22 12:49:40 ubuntu devstack@keystone.service[80584]: [pid: 80584|app: 0|req: 3/7] 10.201.5.82 () {58 vars in 1016 bytes} [Tue Apr 22 12:49:40 2025] POST /identity/v3/auth/tokens => generated 977 bytes in 35 msecs (HTTP/1.1 201) 6 headers in 384 bytes (1 switches on core 0)
Apr 22 12:49:40 ubuntu devstack@keystone.service[80583]: DEBUG keystone.server.flask.request_processing.middleware.auth_context [None req-eef5897e-635e-435d-a20e-fb302a78aba0 None None] Authenticating user token {{(pid=80583) process_request /opt/stack/data/venv/lib/python3.10/site-packages/keystonemiddleware/auth_token/__init__.py:406}}
Apr 22 12:49:40 ubuntu devstack@keystone.service[80583]: DEBUG keystone.server.flask.request_processing.middleware.auth_context [None req-eef5897e-635e-435d-a20e-fb302a78aba0 None None] Validating token access rules against request {{(pid=80583) validate_allowed_request /opt/stack/data/venv/lib/python3.10/site-packages/keystonemiddleware/auth_token/__init__.py:544}}
Apr 22 12:49:40 ubuntu devstack@keystone.service[80583]: DEBUG keystone.server.flask.request_processing.middleware.auth_context [None req-8635211e-fe6a-4279-bb4c-31d31d886375 admin admin] RBAC: auth_context: {'token': <TokenModel (audit_id=-zxmVb9xQ4GdVFsY1MEmMA, audit_chain_id=['-zxmVb9xQ4GdVFsY1MEmMA']) at 0x7fb525a9e8f0>, 'domain_id': None, 'trust_id': None, 'trustor_id': None, 'trustee_id': None, 'domain_name': None, 'group_ids': [], 'user_id': 'e551e682ad384f14935766967477e807', 'user_domain_id': 'default', 'system_scope': None, 'project_id': '8ec1e80675164be7af7b32c504bcdf08', 'project_domain_id': 'default', 'roles': ['manager', 'member', 'admin', 'reader'], 'is_admin_project': True, 'service_user_id': None, 'service_user_domain_id': None, 'service_project_id': None, 'service_project_domain_id': None, 'service_roles': []} {{(pid=80583) fill_context /opt/stack/keystone/keystone/server/flask/request_processing/middleware/auth_context.py:506}}
Apr 22 12:49:40 ubuntu devstack@keystone.service[80583]: DEBUG keystone.server.flask.request_processing.req_logging [None req-8635211e-fe6a-4279-bb4c-31d31d886375 admin admin] REQUEST_METHOD: `GET` {{(pid=80583) log_request_info /opt/stack/keystone/keystone/server/flask/request_processing/req_logging.py:26}}
Apr 22 12:49:40 ubuntu devstack@keystone.service[80583]: DEBUG keystone.server.flask.request_processing.req_logging [None req-8635211e-fe6a-4279-bb4c-31d31d886375 admin admin] SCRIPT_NAME: `/identity` {{(pid=80583) log_request_info /opt/stack/keystone/keystone/server/flask/request_processing/req_logging.py:27}}
Apr 22 12:49:40 ubuntu devstack@keystone.service[80583]: DEBUG keystone.server.flask.request_processing.req_logging [None req-8635211e-fe6a-4279-bb4c-31d31d886375 admin admin] PATH_INFO: `/v3/users/admin` {{(pid=80583) log_request_info /opt/stack/keystone/keystone/server/flask/request_processing/req_logging.py:28}}
Apr 22 12:49:40 ubuntu devstack@keystone.service[80583]: DEBUG keystone.common.rbac_enforcer.enforcer [None req-8635211e-fe6a-4279-bb4c-31d31d886375 admin admin] RBAC: Authorizing `identity:get_user(user_id=admin)` {{(pid=80583) enforce_call /opt/stack/keystone/keystone/common/rbac_enforcer/enforcer.py:495}}
Apr 22 12:49:40 ubuntu devstack@keystone.service[80583]: DEBUG keystone.common.rbac_enforcer.enforcer [None req-8635211e-fe6a-4279-bb4c-31d31d886375 admin admin] RBAC: Authorization granted {{(pid=80583) enforce_call /opt/stack/keystone/keystone/common/rbac_enforcer/enforcer.py:506}}
Apr 22 12:49:40 ubuntu devstack@keystone.service[80583]: DEBUG keystone.server.flask.application [None req-8635211e-fe6a-4279-bb4c-31d31d886375 admin admin] Could not find user: admin. {{(pid=80583) _handle_keystone_exception /opt/stack/keystone/keystone/server/flask/application.py:146}}
Apr 22 12:49:40 ubuntu devstack@keystone.service[80583]: [pid: 80583|app: 0|req: 5/8] 10.201.5.82 () {56 vars in 1153 bytes} [Tue Apr 22 12:49:40 2025] GET /identity/v3/users/admin => generated 83 bytes in 45 msecs (HTTP/1.1 404) 5 headers in 183 bytes (1 switches on core 0)
Apr 22 12:49:40 ubuntu devstack@keystone.service[80584]: DEBUG keystone.server.flask.request_processing.middleware.auth_context [None req-6401c9d9-b67c-45c7-bdbb-9cfa3f328622 None None] Authenticating user token {{(pid=80584) process_request /opt/stack/data/venv/lib/python3.10/site-packages/keystonemiddleware/auth_token/__init__.py:406}}
Apr 22 12:49:40 ubuntu devstack@keystone.service[80584]: DEBUG keystone.server.flask.request_processing.middleware.auth_context [None req-6401c9d9-b67c-45c7-bdbb-9cfa3f328622 None None] Validating token access rules against request {{(pid=80584) validate_allowed_request /opt/stack/data/venv/lib/python3.10/site-packages/keystonemiddleware/auth_token/__init__.py:544}}
Apr 22 12:49:40 ubuntu devstack@keystone.service[80584]: DEBUG keystone.server.flask.request_processing.middleware.auth_context [None req-fa55c7a1-159c-4e69-b065-c03b5cf2ee69 admin admin] RBAC: auth_context: {'token': <TokenModel (audit_id=-zxmVb9xQ4GdVFsY1MEmMA, audit_chain_id=['-zxmVb9xQ4GdVFsY1MEmMA']) at 0x7fb5266fa2c0>, 'domain_id': None, 'trust_id': None, 'trustor_id': None, 'trustee_id': None, 'domain_name': None, 'group_ids': [], 'user_id': 'e551e682ad384f14935766967477e807', 'user_domain_id': 'default', 'system_scope': None, 'project_id': '8ec1e80675164be7af7b32c504bcdf08', 'project_domain_id': 'default', 'roles': ['manager', 'member', 'admin', 'reader'], 'is_admin_project': True, 'service_user_id': None, 'service_user_domain_id': None, 'service_project_id': None, 'service_project_domain_id': None, 'service_roles': []} {{(pid=80584) fill_context /opt/stack/keystone/keystone/server/flask/request_processing/middleware/auth_context.py:506}}
Apr 22 12:49:40 ubuntu devstack@keystone.service[80584]: DEBUG keystone.server.flask.request_processing.req_logging [None req-fa55c7a1-159c-4e69-b065-c03b5cf2ee69 admin admin] REQUEST_METHOD: `GET` {{(pid=80584) log_request_info /opt/stack/keystone/keystone/server/flask/request_processing/req_logging.py:26}}
Apr 22 12:49:40 ubuntu devstack@keystone.service[80584]: DEBUG keystone.server.flask.request_processing.req_logging [None req-fa55c7a1-159c-4e69-b065-c03b5cf2ee69 admin admin] SCRIPT_NAME: `/identity` {{(pid=80584) log_request_info /opt/stack/keystone/keystone/server/flask/request_processing/req_logging.py:27}}
Apr 22 12:49:40 ubuntu devstack@keystone.service[80584]: DEBUG keystone.server.flask.request_processing.req_logging [None req-fa55c7a1-159c-4e69-b065-c03b5cf2ee69 admin admin] PATH_INFO: `/v3/users` {{(pid=80584) log_request_info /opt/stack/keystone/keystone/server/flask/request_processing/req_logging.py:28}}
Apr 22 12:49:40 ubuntu devstack@keystone.service[80584]: DEBUG keystone.common.rbac_enforcer.enforcer [None req-fa55c7a1-159c-4e69-b065-c03b5cf2ee69 admin admin] RBAC: Adding query filter params (name=admin) {{(pid=80584) _extract_filter_values /opt/stack/keystone/keystone/common/rbac_enforcer/enforcer.py:176}}
Apr 22 12:49:40 ubuntu devstack@keystone.service[80584]: DEBUG keystone.common.rbac_enforcer.enforcer [None req-fa55c7a1-159c-4e69-b065-c03b5cf2ee69 admin admin] RBAC: Authorizing `identity:list_users()` {{(pid=80584) enforce_call /opt/stack/keystone/keystone/common/rbac_enforcer/enforcer.py:495}}
Apr 22 12:49:40 ubuntu devstack@keystone.service[80584]: DEBUG keystone.common.rbac_enforcer.enforcer [None req-fa55c7a1-159c-4e69-b065-c03b5cf2ee69 admin admin] RBAC: Authorization granted {{(pid=80584) enforce_call /opt/stack/keystone/keystone/common/rbac_enforcer/enforcer.py:506}}
Apr 22 12:49:40 ubuntu devstack@keystone.service[80584]: [pid: 80584|app: 0|req: 4/9] 10.201.5.82 () {56 vars in 1169 bytes} [Tue Apr 22 12:49:40 2025] GET /identity/v3/users?name=admin => generated 352 bytes in 47 msecs (HTTP/1.1 200) 5 headers in 177 bytes (1 switches on core 0)
Apr 22 12:49:41 ubuntu devstack@keystone.service[80583]: DEBUG keystone.server.flask.request_processing.req_logging [None req-aa6b483d-68fa-4d89-ba7d-620856aac3f9 None None] REQUEST_METHOD: `GET` {{(pid=80583) log_request_info /opt/stack/keystone/keystone/server/flask/request_processing/req_logging.py:26}}
Apr 22 12:49:41 ubuntu devstack@keystone.service[80583]: DEBUG keystone.server.flask.request_processing.req_logging [None req-aa6b483d-68fa-4d89-ba7d-620856aac3f9 None None] SCRIPT_NAME: `/identity` {{(pid=80583) log_request_info /opt/stack/keystone/keystone/server/flask/request_processing/req_logging.py:27}}
Apr 22 12:49:41 ubuntu devstack@keystone.service[80583]: DEBUG keystone.server.flask.request_processing.req_logging [None req-aa6b483d-68fa-4d89-ba7d-620856aac3f9 None None] PATH_INFO: `/` {{(pid=80583) log_request_info /opt/stack/keystone/keystone/server/flask/request_processing/req_logging.py:28}}
Apr 22 12:49:41 ubuntu devstack@keystone.service[80583]: [pid: 80583|app: 0|req: 6/10] 10.201.5.82 () {54 vars in 919 bytes} [Tue Apr 22 12:49:41 2025] GET /identity => generated 270 bytes in 4 msecs (HTTP/1.1 300) 6 headers in 234 bytes (1 switches on core 0)
Apr 22 12:49:41 ubuntu devstack@keystone.service[80584]: DEBUG keystone.server.flask.request_processing.req_logging [None req-b88a30a0-0ed1-4ef0-839b-048fa1a3a4d5 None None] REQUEST_METHOD: `POST` {{(pid=80584) log_request_info /opt/stack/keystone/keystone/server/flask/request_processing/req_logging.py:26}}
Apr 22 12:49:41 ubuntu devstack@keystone.service[80584]: DEBUG keystone.server.flask.request_processing.req_logging [None req-b88a30a0-0ed1-4ef0-839b-048fa1a3a4d5 None None] SCRIPT_NAME: `/identity` {{(pid=80584) log_request_info /opt/stack/keystone/keystone/server/flask/request_processing/req_logging.py:27}}
Apr 22 12:49:41 ubuntu devstack@keystone.service[80584]: DEBUG keystone.server.flask.request_processing.req_logging [None req-b88a30a0-0ed1-4ef0-839b-048fa1a3a4d5 None None] PATH_INFO: `/v3/auth/tokens` {{(pid=80584) log_request_info /opt/stack/keystone/keystone/server/flask/request_processing/req_logging.py:28}}
Apr 22 12:49:41 ubuntu devstack@keystone.service[80584]: WARNING keystone.common.password_hashing [None req-b88a30a0-0ed1-4ef0-839b-048fa1a3a4d5 None None] Truncating password to algorithm specific maximum length 72 characters.
Apr 22 12:49:41 ubuntu devstack@keystone.service[80584]: DEBUG keystone.auth.core [None req-b88a30a0-0ed1-4ef0-839b-048fa1a3a4d5 None None] MFA Rules not processed for user `e551e682ad384f14935766967477e807`. Rule list: `[]` (Enabled: `True`). {{(pid=80584) check_auth_methods_against_rules /opt/stack/keystone/keystone/auth/core.py:476}}
Apr 22 12:49:41 ubuntu devstack@keystone.service[80584]: DEBUG keystone.common.fernet_utils [None req-b88a30a0-0ed1-4ef0-839b-048fa1a3a4d5 None None] Loaded 2 Fernet keys from /etc/keystone/fernet-keys/, but `[fernet_tokens] max_active_keys = 3`; perhaps there have not been enough key rotations to reach `max_active_keys` yet? {{(pid=80584) load_keys /opt/stack/keystone/keystone/common/fernet_utils.py:297}}
Apr 22 12:49:41 ubuntu devstack@keystone.service[80584]: [pid: 80584|app: 0|req: 5/11] 10.201.5.82 () {58 vars in 1016 bytes} [Tue Apr 22 12:49:41 2025] POST /identity/v3/auth/tokens => generated 862 bytes in 67 msecs (HTTP/1.1 201) 6 headers in 363 bytes (1 switches on core 0)
Apr 22 12:49:41 ubuntu devstack@keystone.service[80583]: DEBUG keystone.server.flask.request_processing.req_logging [None req-7c277f3b-5f8f-4b17-819f-8f3883e614f6 None None] REQUEST_METHOD: `GET` {{(pid=80583) log_request_info /opt/stack/keystone/keystone/server/flask/request_processing/req_logging.py:26}}
Apr 22 12:49:41 ubuntu devstack@keystone.service[80583]: DEBUG keystone.server.flask.request_processing.req_logging [None req-7c277f3b-5f8f-4b17-819f-8f3883e614f6 None None] SCRIPT_NAME: `/identity` {{(pid=80583) log_request_info /opt/stack/keystone/keystone/server/flask/request_processing/req_logging.py:27}}
Apr 22 12:49:41 ubuntu devstack@keystone.service[80583]: DEBUG keystone.server.flask.request_processing.req_logging [None req-7c277f3b-5f8f-4b17-819f-8f3883e614f6 None None] PATH_INFO: `/` {{(pid=80583) log_request_info /opt/stack/keystone/keystone/server/flask/request_processing/req_logging.py:28}}
Apr 22 12:49:41 ubuntu devstack@keystone.service[80583]: [pid: 80583|app: 0|req: 7/12] 10.201.5.82 () {54 vars in 919 bytes} [Tue Apr 22 12:49:41 2025] GET /identity => generated 270 bytes in 5 msecs (HTTP/1.1 300) 6 headers in 234 bytes (1 switches on core 0)
Apr 22 12:49:41 ubuntu devstack@keystone.service[80584]: DEBUG keystone.server.flask.request_processing.req_logging [None req-00273cb9-7173-4e5d-a448-54a6a7d04b4a None None] REQUEST_METHOD: `POST` {{(pid=80584) log_request_info /opt/stack/keystone/keystone/server/flask/request_processing/req_logging.py:26}}
Apr 22 12:49:41 ubuntu devstack@keystone.service[80584]: DEBUG keystone.server.flask.request_processing.req_logging [None req-00273cb9-7173-4e5d-a448-54a6a7d04b4a None None] SCRIPT_NAME: `/identity` {{(pid=80584) log_request_info /opt/stack/keystone/keystone/server/flask/request_processing/req_logging.py:27}}
Apr 22 12:49:41 ubuntu devstack@keystone.service[80584]: DEBUG keystone.server.flask.request_processing.req_logging [None req-00273cb9-7173-4e5d-a448-54a6a7d04b4a None None] PATH_INFO: `/v3/auth/tokens` {{(pid=80584) log_request_info /opt/stack/keystone/keystone/server/flask/request_processing/req_logging.py:28}}
Apr 22 12:49:41 ubuntu devstack@keystone.service[80584]: WARNING keystone.common.password_hashing [None req-00273cb9-7173-4e5d-a448-54a6a7d04b4a None None] Truncating password to algorithm specific maximum length 72 characters.
Apr 22 12:49:41 ubuntu devstack@keystone.service[80584]: DEBUG keystone.auth.core [None req-00273cb9-7173-4e5d-a448-54a6a7d04b4a None None] MFA Rules not processed for user `e551e682ad384f14935766967477e807`. Rule list: `[]` (Enabled: `True`). {{(pid=80584) check_auth_methods_against_rules /opt/stack/keystone/keystone/auth/core.py:476}}
Apr 22 12:49:41 ubuntu devstack@keystone.service[80584]: DEBUG keystone.common.fernet_utils [None req-00273cb9-7173-4e5d-a448-54a6a7d04b4a None None] Loaded 2 Fernet keys from /etc/keystone/fernet-keys/, but `[fernet_tokens] max_active_keys = 3`; perhaps there have not been enough key rotations to reach `max_active_keys` yet? {{(pid=80584) load_keys /opt/stack/keystone/keystone/common/fernet_utils.py:297}}
Apr 22 12:49:41 ubuntu devstack@keystone.service[80583]: DEBUG keystone.server.flask.request_processing.middleware.auth_context [None req-7c277f3b-5f8f-4b17-819f-8f3883e614f6 None None] Authenticating user token {{(pid=80583) process_request /opt/stack/data/venv/lib/python3.10/site-packages/keystonemiddleware/auth_token/__init__.py:406}}
Apr 22 12:49:41 ubuntu devstack@keystone.service[80584]: [pid: 80584|app: 0|req: 6/13] 10.201.5.82 () {58 vars in 1016 bytes} [Tue Apr 22 12:49:41 2025] POST /identity/v3/auth/tokens => generated 862 bytes in 64 msecs (HTTP/1.1 201) 6 headers in 363 bytes (1 switches on core 0)
Apr 22 12:49:41 ubuntu devstack@keystone.service[80583]: DEBUG keystone.server.flask.request_processing.middleware.auth_context [None req-7c277f3b-5f8f-4b17-819f-8f3883e614f6 None None] Validating token access rules against request {{(pid=80583) validate_allowed_request /opt/stack/data/venv/lib/python3.10/site-packages/keystonemiddleware/auth_token/__init__.py:544}}
Apr 22 12:49:41 ubuntu devstack@keystone.service[80583]: DEBUG keystone.server.flask.request_processing.middleware.auth_context [None req-f73be54e-7c69-433a-84f6-1e7579240376 None admin] RBAC: auth_context: {'token': <TokenModel (audit_id=JtD19rDLQdK2D20fzUqzdw, audit_chain_id=['JtD19rDLQdK2D20fzUqzdw']) at 0x7fb525b00160>, 'domain_id': None, 'trust_id': None, 'trustor_id': None, 'trustee_id': None, 'domain_name': None, 'group_ids': [], 'user_id': 'e551e682ad384f14935766967477e807', 'user_domain_id': 'default', 'system_scope': 'all', 'project_id': None, 'project_domain_id': None, 'roles': ['admin', 'manager', 'member', 'reader'], 'is_admin_project': True, 'service_user_id': None, 'service_user_domain_id': None, 'service_project_id': None, 'service_project_domain_id': None, 'service_roles': []} {{(pid=80583) fill_context /opt/stack/keystone/keystone/server/flask/request_processing/middleware/auth_context.py:506}}
Apr 22 12:49:41 ubuntu devstack@keystone.service[80583]: DEBUG keystone.server.flask.request_processing.req_logging [None req-f73be54e-7c69-433a-84f6-1e7579240376 None admin] REQUEST_METHOD: `GET` {{(pid=80583) log_request_info /opt/stack/keystone/keystone/server/flask/request_processing/req_logging.py:26}}
Apr 22 12:49:41 ubuntu devstack@keystone.service[80583]: DEBUG keystone.server.flask.request_processing.req_logging [None req-f73be54e-7c69-433a-84f6-1e7579240376 None admin] SCRIPT_NAME: `/identity` {{(pid=80583) log_request_info /opt/stack/keystone/keystone/server/flask/request_processing/req_logging.py:27}}
Apr 22 12:49:41 ubuntu devstack@keystone.service[80583]: DEBUG keystone.server.flask.request_processing.req_logging [None req-f73be54e-7c69-433a-84f6-1e7579240376 None admin] PATH_INFO: `/v3/roles/admin` {{(pid=80583) log_request_info /opt/stack/keystone/keystone/server/flask/request_processing/req_logging.py:28}}
Apr 22 12:49:41 ubuntu devstack@keystone.service[80583]: DEBUG keystone.common.rbac_enforcer.enforcer [None req-f73be54e-7c69-433a-84f6-1e7579240376 None admin] Extracting inferred target data resulted in "NOT FOUND (404)". {{(pid=80583) enforce_call /opt/stack/keystone/keystone/common/rbac_enforcer/enforcer.py:445}}
Apr 22 12:49:41 ubuntu devstack@keystone.service[80583]: DEBUG keystone.server.flask.application [None req-f73be54e-7c69-433a-84f6-1e7579240376 None admin] Could not find role: admin. {{(pid=80583) _handle_keystone_exception /opt/stack/keystone/keystone/server/flask/application.py:146}}
Apr 22 12:49:41 ubuntu devstack@keystone.service[80583]: [pid: 80583|app: 0|req: 8/14] 10.201.5.82 () {56 vars in 1132 bytes} [Tue Apr 22 12:49:41 2025] GET /identity/v3/roles/admin => generated 83 bytes in 88 msecs (HTTP/1.1 404) 5 headers in 183 bytes (1 switches on core 0)
Apr 22 12:49:41 ubuntu devstack@keystone.service[80584]: DEBUG keystone.server.flask.request_processing.middleware.auth_context [None req-00273cb9-7173-4e5d-a448-54a6a7d04b4a None None] Authenticating user token {{(pid=80584) process_request /opt/stack/data/venv/lib/python3.10/site-packages/keystonemiddleware/auth_token/__init__.py:406}}
Apr 22 12:49:42 ubuntu devstack@keystone.service[80583]: DEBUG keystone.server.flask.request_processing.middleware.auth_context [None req-f73be54e-7c69-433a-84f6-1e7579240376 None admin] Authenticating user token {{(pid=80583) process_request /opt/stack/data/venv/lib/python3.10/site-packages/keystonemiddleware/auth_token/__init__.py:406}}
Apr 22 12:49:42 ubuntu devstack@keystone.service[80584]: DEBUG keystone.server.flask.request_processing.middleware.auth_context [None req-00273cb9-7173-4e5d-a448-54a6a7d04b4a None None] Validating token access rules against request {{(pid=80584) validate_allowed_request /opt/stack/data/venv/lib/python3.10/site-packages/keystonemiddleware/auth_token/__init__.py:544}}
Apr 22 12:49:42 ubuntu devstack@keystone.service[80584]: DEBUG keystone.server.flask.request_processing.middleware.auth_context [None req-9112b3d6-5075-4c5c-990e-3e623d66a5ee None admin] RBAC: auth_context: {'token': <TokenModel (audit_id=JtD19rDLQdK2D20fzUqzdw, audit_chain_id=['JtD19rDLQdK2D20fzUqzdw']) at 0x7fb525a0e4d0>, 'domain_id': None, 'trust_id': None, 'trustor_id': None, 'trustee_id': None, 'domain_name': None, 'group_ids': [], 'user_id': 'e551e682ad384f14935766967477e807', 'user_domain_id': 'default', 'system_scope': 'all', 'project_id': None, 'project_domain_id': None, 'roles': ['admin', 'manager', 'member', 'reader'], 'is_admin_project': True, 'service_user_id': None, 'service_user_domain_id': None, 'service_project_id': None, 'service_project_domain_id': None, 'service_roles': []} {{(pid=80584) fill_context /opt/stack/keystone/keystone/server/flask/request_processing/middleware/auth_context.py:506}}
Apr 22 12:49:42 ubuntu devstack@keystone.service[80584]: DEBUG keystone.server.flask.request_processing.req_logging [None req-9112b3d6-5075-4c5c-990e-3e623d66a5ee None admin] REQUEST_METHOD: `GET` {{(pid=80584) log_request_info /opt/stack/keystone/keystone/server/flask/request_processing/req_logging.py:26}}
Apr 22 12:49:42 ubuntu devstack@keystone.service[80584]: DEBUG keystone.server.flask.request_processing.req_logging [None req-9112b3d6-5075-4c5c-990e-3e623d66a5ee None admin] SCRIPT_NAME: `/identity` {{(pid=80584) log_request_info /opt/stack/keystone/keystone/server/flask/request_processing/req_logging.py:27}}
Apr 22 12:49:42 ubuntu devstack@keystone.service[80584]: DEBUG keystone.server.flask.request_processing.req_logging [None req-9112b3d6-5075-4c5c-990e-3e623d66a5ee None admin] PATH_INFO: `/v3/roles` {{(pid=80584) log_request_info /opt/stack/keystone/keystone/server/flask/request_processing/req_logging.py:28}}
Apr 22 12:49:42 ubuntu devstack@keystone.service[80583]: DEBUG keystone.server.flask.request_processing.middleware.auth_context [None req-f73be54e-7c69-433a-84f6-1e7579240376 None admin] Validating token access rules against request {{(pid=80583) validate_allowed_request /opt/stack/data/venv/lib/python3.10/site-packages/keystonemiddleware/auth_token/__init__.py:544}}
Apr 22 12:49:42 ubuntu devstack@keystone.service[80584]: DEBUG keystone.common.rbac_enforcer.enforcer [None req-9112b3d6-5075-4c5c-990e-3e623d66a5ee None admin] RBAC: Adding query filter params (name=admin) {{(pid=80584) _extract_filter_values /opt/stack/keystone/keystone/common/rbac_enforcer/enforcer.py:176}}
Apr 22 12:49:42 ubuntu devstack@keystone.service[80584]: DEBUG keystone.common.rbac_enforcer.enforcer [None req-9112b3d6-5075-4c5c-990e-3e623d66a5ee None admin] RBAC: Authorizing `identity:list_roles()` {{(pid=80584) enforce_call /opt/stack/keystone/keystone/common/rbac_enforcer/enforcer.py:495}}
Apr 22 12:49:42 ubuntu devstack@keystone.service[80584]: DEBUG keystone.common.rbac_enforcer.enforcer [None req-9112b3d6-5075-4c5c-990e-3e623d66a5ee None admin] RBAC: Authorization granted {{(pid=80584) enforce_call /opt/stack/keystone/keystone/common/rbac_enforcer/enforcer.py:506}}
Apr 22 12:49:42 ubuntu devstack@keystone.service[80584]: [pid: 80584|app: 0|req: 7/15] 10.201.5.82 () {56 vars in 1148 bytes} [Tue Apr 22 12:49:41 2025] GET /identity/v3/roles?name=admin => generated 339 bytes in 79 msecs (HTTP/1.1 200) 5 headers in 177 bytes (1 switches on core 0)
Apr 22 12:49:42 ubuntu devstack@keystone.service[80583]: DEBUG keystone.server.flask.request_processing.middleware.auth_context [None req-70092438-5224-4bd3-aee3-bba19596a45a None admin] RBAC: auth_context: {'token': <TokenModel (audit_id=eVxDdbpLSwCU_mKrR7OseA, audit_chain_id=['eVxDdbpLSwCU_mKrR7OseA']) at 0x7fb525b01630>, 'domain_id': None, 'trust_id': None, 'trustor_id': None, 'trustee_id': None, 'domain_name': None, 'group_ids': [], 'user_id': 'e551e682ad384f14935766967477e807', 'user_domain_id': 'default', 'system_scope': 'all', 'project_id': None, 'project_domain_id': None, 'roles': ['admin', 'manager', 'member', 'reader'], 'is_admin_project': True, 'service_user_id': None, 'service_user_domain_id': None, 'service_project_id': None, 'service_project_domain_id': None, 'service_roles': []} {{(pid=80583) fill_context /opt/stack/keystone/keystone/server/flask/request_processing/middleware/auth_context.py:506}}
Apr 22 12:49:42 ubuntu devstack@keystone.service[80583]: DEBUG keystone.server.flask.request_processing.req_logging [None req-70092438-5224-4bd3-aee3-bba19596a45a None admin] REQUEST_METHOD: `POST` {{(pid=80583) log_request_info /opt/stack/keystone/keystone/server/flask/request_processing/req_logging.py:26}}
Apr 22 12:49:42 ubuntu devstack@keystone.service[80583]: DEBUG keystone.server.flask.request_processing.req_logging [None req-70092438-5224-4bd3-aee3-bba19596a45a None admin] SCRIPT_NAME: `/identity` {{(pid=80583) log_request_info /opt/stack/keystone/keystone/server/flask/request_processing/req_logging.py:27}}
Apr 22 12:49:42 ubuntu devstack@keystone.service[80583]: DEBUG keystone.server.flask.request_processing.req_logging [None req-70092438-5224-4bd3-aee3-bba19596a45a None admin] PATH_INFO: `/v3/domains` {{(pid=80583) log_request_info /opt/stack/keystone/keystone/server/flask/request_processing/req_logging.py:28}}
Apr 22 12:49:42 ubuntu devstack@keystone.service[80583]: DEBUG keystone.common.rbac_enforcer.enforcer [None req-70092438-5224-4bd3-aee3-bba19596a45a None admin] RBAC: Authorizing `identity:create_domain()` {{(pid=80583) enforce_call /opt/stack/keystone/keystone/common/rbac_enforcer/enforcer.py:495}}
Apr 22 12:49:42 ubuntu devstack@keystone.service[80583]: DEBUG keystone.common.rbac_enforcer.enforcer [None req-70092438-5224-4bd3-aee3-bba19596a45a None admin] RBAC: Authorization granted {{(pid=80583) enforce_call /opt/stack/keystone/keystone/common/rbac_enforcer/enforcer.py:506}}
Apr 22 12:49:42 ubuntu devstack@keystone.service[80584]: DEBUG keystone.server.flask.request_processing.middleware.auth_context [None req-9112b3d6-5075-4c5c-990e-3e623d66a5ee None admin] Authenticating user token {{(pid=80584) process_request /opt/stack/data/venv/lib/python3.10/site-packages/keystonemiddleware/auth_token/__init__.py:406}}
Apr 22 12:49:42 ubuntu devstack@keystone.service[80583]: DEBUG keystone.common.sql.core [None req-70092438-5224-4bd3-aee3-bba19596a45a None admin] Conflict project: (pymysql.err.IntegrityError) (1062, "Duplicate entry '<<keystone.domain.root>>-Default' for key 'project.ixu_project_name_domain_id'")
Apr 22 12:49:42 ubuntu devstack@keystone.service[80583]: [SQL: INSERT INTO project (id, name, domain_id, description, enabled, extra, parent_id, is_domain) VALUES (%(id)s, %(name)s, %(domain_id)s, %(description)s, %(enabled)s, %(extra)s, %(parent_id)s, %(is_domain)s)]
Apr 22 12:49:42 ubuntu devstack@keystone.service[80583]: [parameters: {'id': 'dd8eec37837c484b9702d3f7a2fcfb2a', 'name': 'Default', 'domain_id': '<<keystone.domain.root>>', 'description': '', 'enabled': 1, 'extra': '{}', 'parent_id': None, 'is_domain': 1}]
Apr 22 12:49:42 ubuntu devstack@keystone.service[80583]: (Background on this error at: https://sqlalche.me/e/20/gkpj) {{(pid=80583) wrapper /opt/stack/keystone/keystone/common/sql/core.py:580}}
Apr 22 12:49:42 ubuntu devstack@keystone.service[80583]: ERROR keystone.server.flask.application [None req-70092438-5224-4bd3-aee3-bba19596a45a None admin] Conflict occurred attempting to store project - it is not permitted to have two projects acting as domains with the same name: Default.: keystone.exception.Conflict: Conflict occurred attempting to store project - it is not permitted to have two projects acting as domains with the same name: Default.
Apr 22 12:49:42 ubuntu devstack@keystone.service[80583]: ERROR keystone.server.flask.application Traceback (most recent call last):
Apr 22 12:49:42 ubuntu devstack@keystone.service[80583]: ERROR keystone.server.flask.application   File "/opt/stack/data/venv/lib/python3.10/site-packages/sqlalchemy/engine/base.py", line 1964, in _exec_single_context
