Aug 21 16:01:54 ubuntu devstack@g-api.service[119034]: DEBUG glance.common.config [None req-3a0e3793-5472-4d77-962d-f2601c9b9458 None None] database.connection_parameters =  {{(pid=119034) log_opt_values /opt/stack/data/venv/lib/python3.10/site-packages/oslo_config/cfg.py:2620}}
Aug 21 16:01:54 ubuntu devstack@g-api.service[119035]: DEBUG glance.common.config [None req-bbe70ae4-7f59-4a27-aaf9-49c055abfbd5 None None] barbican_service_user.insecure = False {{(pid=119035) log_opt_values /opt/stack/data/venv/lib/python3.10/site-packages/oslo_config/cfg.py:2620}}
Aug 21 16:01:54 ubuntu devstack@g-api.service[119034]: DEBUG glance.common.config [None req-3a0e3793-5472-4d77-962d-f2601c9b9458 None None] database.connection_recycle_time = 3600 {{(pid=119034) log_opt_values /opt/stack/data/venv/lib/python3.10/site-packages/oslo_config/cfg.py:2620}}
Aug 21 16:01:54 ubuntu devstack@g-api.service[119035]: DEBUG glance.common.config [None req-bbe70ae4-7f59-4a27-aaf9-49c055abfbd5 None None] barbican_service_user.keyfile  = None {{(pid=119035) log_opt_values /opt/stack/data/venv/lib/python3.10/site-packages/oslo_config/cfg.py:2620}}
Aug 21 16:01:54 ubuntu devstack@g-api.service[119034]: DEBUG glance.common.config [None req-3a0e3793-5472-4d77-962d-f2601c9b9458 None None] database.connection_trace      = False {{(pid=119034) log_opt_values /opt/stack/data/venv/lib/python3.10/site-packages/oslo_config/cfg.py:2620}}
Aug 21 16:01:54 ubuntu devstack@g-api.service[119035]: DEBUG glance.common.config [None req-bbe70ae4-7f59-4a27-aaf9-49c055abfbd5 None None] barbican_service_user.split_loggers = False {{(pid=119035) log_opt_values /opt/stack/data/venv/lib/python3.10/site-packages/oslo_config/cfg.py:2620}}
Aug 21 16:01:54 ubuntu devstack@g-api.service[119034]: DEBUG glance.common.config [None req-3a0e3793-5472-4d77-962d-f2601c9b9458 None None] database.db_inc_retry_interval = True {{(pid=119034) log_opt_values /opt/stack/data/venv/lib/python3.10/site-packages/oslo_config/cfg.py:2620}}
Aug 21 16:01:54 ubuntu devstack@g-api.service[119035]: DEBUG glance.common.config [None req-bbe70ae4-7f59-4a27-aaf9-49c055abfbd5 None None] barbican_service_user.timeout  = None {{(pid=119035) log_opt_values /opt/stack/data/venv/lib/python3.10/site-packages/oslo_config/cfg.py:2620}}
Aug 21 16:01:54 ubuntu devstack@g-api.service[119034]: DEBUG glance.common.config [None req-3a0e3793-5472-4d77-962d-f2601c9b9458 None None] database.db_max_retries        = 20 {{(pid=119034) log_opt_values /opt/stack/data/venv/lib/python3.10/site-packages/oslo_config/cfg.py:2620}}
Aug 21 16:01:54 ubuntu devstack@g-api.service[119035]: DEBUG glance.common.config [None req-bbe70ae4-7f59-4a27-aaf9-49c055abfbd5 None None] database.backend               = sqlalchemy {{(pid=119035) log_opt_values /opt/stack/data/venv/lib/python3.10/site-packages/oslo_config/cfg.py:2620}}
Aug 21 16:01:54 ubuntu devstack@g-api.service[119034]: DEBUG glance.common.config [None req-3a0e3793-5472-4d77-962d-f2601c9b9458 None None] database.db_max_retry_interval = 10 {{(pid=119034) log_opt_values /opt/stack/data/venv/lib/python3.10/site-packages/oslo_config/cfg.py:2620}}
Aug 21 16:01:54 ubuntu devstack@g-api.service[119035]: DEBUG glance.common.config [None req-bbe70ae4-7f59-4a27-aaf9-49c055abfbd5 None None] database.connection            = **** {{(pid=119035) log_opt_values /opt/stack/data/venv/lib/python3.10/site-packages/oslo_config/cfg.py:2620}}
Aug 21 16:01:54 ubuntu devstack@g-api.service[119034]: DEBUG glance.common.config [None req-3a0e3793-5472-4d77-962d-f2601c9b9458 None None] database.db_retry_interval     = 1 {{(pid=119034) log_opt_values /opt/stack/data/venv/lib/python3.10/site-packages/oslo_config/cfg.py:2620}}
Aug 21 16:01:54 ubuntu devstack@g-api.service[119035]: DEBUG glance.common.config [None req-bbe70ae4-7f59-4a27-aaf9-49c055abfbd5 None None] database.connection_debug      = 0 {{(pid=119035) log_opt_values /opt/stack/data/venv/lib/python3.10/site-packages/oslo_config/cfg.py:2620}}
Aug 21 16:01:54 ubuntu devstack@g-api.service[119034]: DEBUG glance.common.config [None req-3a0e3793-5472-4d77-962d-f2601c9b9458 None None] database.max_overflow          = 50 {{(pid=119034) log_opt_values /opt/stack/data/venv/lib/python3.10/site-packages/oslo_config/cfg.py:2620}}
Aug 21 16:01:54 ubuntu devstack@g-api.service[119035]: DEBUG glance.common.config [None req-bbe70ae4-7f59-4a27-aaf9-49c055abfbd5 None None] database.connection_parameters =  {{(pid=119035) log_opt_values /opt/stack/data/venv/lib/python3.10/site-packages/oslo_config/cfg.py:2620}}
Aug 21 16:01:54 ubuntu devstack@g-api.service[119034]: DEBUG glance.common.config [None req-3a0e3793-5472-4d77-962d-f2601c9b9458 None None] database.max_pool_size         = 5 {{(pid=119034) log_opt_values /opt/stack/data/venv/lib/python3.10/site-packages/oslo_config/cfg.py:2620}}
Aug 21 16:01:54 ubuntu devstack@g-api.service[119034]: DEBUG glance.common.config [None req-3a0e3793-5472-4d77-962d-f2601c9b9458 None None] database.max_retries           = 10 {{(pid=119034) log_opt_values /opt/stack/data/venv/lib/python3.10/site-packages/oslo_config/cfg.py:2620}}
Aug 21 16:01:54 ubuntu devstack@g-api.service[119035]: DEBUG glance.common.config [None req-bbe70ae4-7f59-4a27-aaf9-49c055abfbd5 None None] database.connection_recycle_time = 3600 {{(pid=119035) log_opt_values /opt/stack/data/venv/lib/python3.10/site-packages/oslo_config/cfg.py:2620}}
Aug 21 16:01:54 ubuntu devstack@g-api.service[119034]: DEBUG glance.common.config [None req-3a0e3793-5472-4d77-962d-f2601c9b9458 None None] database.mysql_sql_mode        = TRADITIONAL {{(pid=119034) log_opt_values /opt/stack/data/venv/lib/python3.10/site-packages/oslo_config/cfg.py:2620}}
Aug 21 16:01:54 ubuntu devstack@g-api.service[119035]: DEBUG glance.common.config [None req-bbe70ae4-7f59-4a27-aaf9-49c055abfbd5 None None] database.connection_trace      = False {{(pid=119035) log_opt_values /opt/stack/data/venv/lib/python3.10/site-packages/oslo_config/cfg.py:2620}}
Aug 21 16:01:54 ubuntu devstack@g-api.service[119034]: DEBUG glance.common.config [None req-3a0e3793-5472-4d77-962d-f2601c9b9458 None None] database.mysql_wsrep_sync_wait = None {{(pid=119034) log_opt_values /opt/stack/data/venv/lib/python3.10/site-packages/oslo_config/cfg.py:2620}}
Aug 21 16:01:54 ubuntu devstack@g-api.service[119035]: DEBUG glance.common.config [None req-bbe70ae4-7f59-4a27-aaf9-49c055abfbd5 None None] database.db_inc_retry_interval = True {{(pid=119035) log_opt_values /opt/stack/data/venv/lib/python3.10/site-packages/oslo_config/cfg.py:2620}}
Aug 21 16:01:54 ubuntu devstack@g-api.service[119034]: DEBUG glance.common.config [None req-3a0e3793-5472-4d77-962d-f2601c9b9458 None None] database.pool_timeout          = None {{(pid=119034) log_opt_values /opt/stack/data/venv/lib/python3.10/site-packages/oslo_config/cfg.py:2620}}
Aug 21 16:01:54 ubuntu devstack@g-api.service[119035]: DEBUG glance.common.config [None req-bbe70ae4-7f59-4a27-aaf9-49c055abfbd5 None None] database.db_max_retries        = 20 {{(pid=119035) log_opt_values /opt/stack/data/venv/lib/python3.10/site-packages/oslo_config/cfg.py:2620}}
Aug 21 16:01:54 ubuntu devstack@g-api.service[119034]: DEBUG glance.common.config [None req-3a0e3793-5472-4d77-962d-f2601c9b9458 None None] database.retry_interval        = 10 {{(pid=119034) log_opt_values /opt/stack/data/venv/lib/python3.10/site-packages/oslo_config/cfg.py:2620}}
Aug 21 16:01:54 ubuntu devstack@g-api.service[119035]: DEBUG glance.common.config [None req-bbe70ae4-7f59-4a27-aaf9-49c055abfbd5 None None] database.db_max_retry_interval = 10 {{(pid=119035) log_opt_values /opt/stack/data/venv/lib/python3.10/site-packages/oslo_config/cfg.py:2620}}
Aug 21 16:01:54 ubuntu devstack@g-api.service[119034]: DEBUG glance.common.config [None req-3a0e3793-5472-4d77-962d-f2601c9b9458 None None] database.slave_connection      = **** {{(pid=119034) log_opt_values /opt/stack/data/venv/lib/python3.10/site-packages/oslo_config/cfg.py:2620}}
Aug 21 16:01:54 ubuntu devstack@g-api.service[119035]: DEBUG glance.common.config [None req-bbe70ae4-7f59-4a27-aaf9-49c055abfbd5 None None] database.db_retry_interval     = 1 {{(pid=119035) log_opt_values /opt/stack/data/venv/lib/python3.10/site-packages/oslo_config/cfg.py:2620}}
Aug 21 16:01:54 ubuntu devstack@g-api.service[119035]: DEBUG glance.common.config [None req-bbe70ae4-7f59-4a27-aaf9-49c055abfbd5 None None] database.max_overflow          = 50 {{(pid=119035) log_opt_values /opt/stack/data/venv/lib/python3.10/site-packages/oslo_config/cfg.py:2620}}
Aug 21 16:01:54 ubuntu devstack@g-api.service[119034]: DEBUG glance.common.config [None req-3a0e3793-5472-4d77-962d-f2601c9b9458 None None] database.sqlite_synchronous    = True {{(pid=119034) log_opt_values /opt/stack/data/venv/lib/python3.10/site-packages/oslo_config/cfg.py:2620}}
Aug 21 16:01:54 ubuntu devstack@g-api.service[119035]: DEBUG glance.common.config [None req-bbe70ae4-7f59-4a27-aaf9-49c055abfbd5 None None] database.max_pool_size         = 5 {{(pid=119035) log_opt_values /opt/stack/data/venv/lib/python3.10/site-packages/oslo_config/cfg.py:2620}}
Aug 21 16:01:54 ubuntu devstack@g-api.service[119034]: DEBUG glance.common.config [None req-3a0e3793-5472-4d77-962d-f2601c9b9458 None None] database.use_db_reconnect      = False {{(pid=119034) log_opt_values /opt/stack/data/venv/lib/python3.10/site-packages/oslo_config/cfg.py:2620}}
Aug 21 16:01:54 ubuntu devstack@g-api.service[119035]: DEBUG glance.common.config [None req-bbe70ae4-7f59-4a27-aaf9-49c055abfbd5 None None] database.max_retries           = 10 {{(pid=119035) log_opt_values /opt/stack/data/venv/lib/python3.10/site-packages/oslo_config/cfg.py:2620}}
Aug 21 16:01:54 ubuntu devstack@g-api.service[119034]: DEBUG glance.common.config [None req-3a0e3793-5472-4d77-962d-f2601c9b9458 None None] healthcheck.allowed_source_ranges = [] {{(pid=119034) log_opt_values /opt/stack/data/venv/lib/python3.10/site-packages/oslo_config/cfg.py:2620}}
Aug 21 16:01:54 ubuntu devstack@g-api.service[119035]: DEBUG glance.common.config [None req-bbe70ae4-7f59-4a27-aaf9-49c055abfbd5 None None] database.mysql_sql_mode        = TRADITIONAL {{(pid=119035) log_opt_values /opt/stack/data/venv/lib/python3.10/site-packages/oslo_config/cfg.py:2620}}
Aug 21 16:01:54 ubuntu devstack@g-api.service[119034]: DEBUG glance.common.config [None req-3a0e3793-5472-4d77-962d-f2601c9b9458 None None] healthcheck.backends           = ['disable_by_file'] {{(pid=119034) log_opt_values /opt/stack/data/venv/lib/python3.10/site-packages/oslo_config/cfg.py:2620}}
Aug 21 16:01:54 ubuntu devstack@g-api.service[119035]: DEBUG glance.common.config [None req-bbe70ae4-7f59-4a27-aaf9-49c055abfbd5 None None] database.mysql_wsrep_sync_wait = None {{(pid=119035) log_opt_values /opt/stack/data/venv/lib/python3.10/site-packages/oslo_config/cfg.py:2620}}
Aug 21 16:01:54 ubuntu devstack@g-api.service[119034]: DEBUG glance.common.config [None req-3a0e3793-5472-4d77-962d-f2601c9b9458 None None] healthcheck.detailed           = False {{(pid=119034) log_opt_values /opt/stack/data/venv/lib/python3.10/site-packages/oslo_config/cfg.py:2620}}
Aug 21 16:01:54 ubuntu devstack@g-api.service[119035]: DEBUG glance.common.config [None req-bbe70ae4-7f59-4a27-aaf9-49c055abfbd5 None None] database.pool_timeout          = None {{(pid=119035) log_opt_values /opt/stack/data/venv/lib/python3.10/site-packages/oslo_config/cfg.py:2620}}
Aug 21 16:01:54 ubuntu devstack@g-api.service[119034]: DEBUG glance.common.config [None req-3a0e3793-5472-4d77-962d-f2601c9b9458 None None] healthcheck.disable_by_file_path = None {{(pid=119034) log_opt_values /opt/stack/data/venv/lib/python3.10/site-packages/oslo_config/cfg.py:2620}}
Aug 21 16:01:54 ubuntu devstack@g-api.service[119035]: DEBUG glance.common.config [None req-bbe70ae4-7f59-4a27-aaf9-49c055abfbd5 None None] database.retry_interval        = 10 {{(pid=119035) log_opt_values /opt/stack/data/venv/lib/python3.10/site-packages/oslo_config/cfg.py:2620}}
Aug 21 16:01:54 ubuntu devstack@g-api.service[119034]: DEBUG glance.common.config [None req-3a0e3793-5472-4d77-962d-f2601c9b9458 None None] healthcheck.ignore_proxied_requests = False {{(pid=119034) log_opt_values /opt/stack/data/venv/lib/python3.10/site-packages/oslo_config/cfg.py:2620}}
Aug 21 16:01:54 ubuntu devstack@g-api.service[119035]: DEBUG glance.common.config [None req-bbe70ae4-7f59-4a27-aaf9-49c055abfbd5 None None] database.slave_connection      = **** {{(pid=119035) log_opt_values /opt/stack/data/venv/lib/python3.10/site-packages/oslo_config/cfg.py:2620}}
Aug 21 16:01:54 ubuntu devstack@g-api.service[119034]: DEBUG glance.common.config [None req-3a0e3793-5472-4d77-962d-f2601c9b9458 None None] healthcheck.path               = /healthcheck {{(pid=119034) log_opt_values /opt/stack/data/venv/lib/python3.10/site-packages/oslo_config/cfg.py:2620}}
Aug 21 16:01:54 ubuntu devstack@g-api.service[119035]: DEBUG glance.common.config [None req-bbe70ae4-7f59-4a27-aaf9-49c055abfbd5 None None] database.sqlite_synchronous    = True {{(pid=119035) log_opt_values /opt/stack/data/venv/lib/python3.10/site-packages/oslo_config/cfg.py:2620}}
Aug 21 16:01:54 ubuntu devstack@g-api.service[119034]: DEBUG glance.common.config [None req-3a0e3793-5472-4d77-962d-f2601c9b9458 None None] ******************************************************************************** {{(pid=119034) log_opt_values /opt/stack/data/venv/lib/python3.10/site-packages/oslo_config/cfg.py:2624}}
Aug 21 16:01:54 ubuntu devstack@g-api.service[119034]: WSGI app 0 (mountpoint='') ready in 2 seconds on interpreter 0x5621bdb41e00 pid: 119034 (default app)
Aug 21 16:01:54 ubuntu devstack@g-api.service[119035]: DEBUG glance.common.config [None req-bbe70ae4-7f59-4a27-aaf9-49c055abfbd5 None None] database.use_db_reconnect      = False {{(pid=119035) log_opt_values /opt/stack/data/venv/lib/python3.10/site-packages/oslo_config/cfg.py:2620}}
Aug 21 16:01:54 ubuntu devstack@g-api.service[119035]: DEBUG glance.common.config [None req-bbe70ae4-7f59-4a27-aaf9-49c055abfbd5 None None] healthcheck.allowed_source_ranges = [] {{(pid=119035) log_opt_values /opt/stack/data/venv/lib/python3.10/site-packages/oslo_config/cfg.py:2620}}
Aug 21 16:01:54 ubuntu devstack@g-api.service[119035]: DEBUG glance.common.config [None req-bbe70ae4-7f59-4a27-aaf9-49c055abfbd5 None None] healthcheck.backends           = ['disable_by_file'] {{(pid=119035) log_opt_values /opt/stack/data/venv/lib/python3.10/site-packages/oslo_config/cfg.py:2620}}
Aug 21 16:01:54 ubuntu devstack@g-api.service[119035]: DEBUG glance.common.config [None req-bbe70ae4-7f59-4a27-aaf9-49c055abfbd5 None None] healthcheck.detailed           = False {{(pid=119035) log_opt_values /opt/stack/data/venv/lib/python3.10/site-packages/oslo_config/cfg.py:2620}}
Aug 21 16:01:54 ubuntu devstack@g-api.service[119035]: DEBUG glance.common.config [None req-bbe70ae4-7f59-4a27-aaf9-49c055abfbd5 None None] healthcheck.disable_by_file_path = None {{(pid=119035) log_opt_values /opt/stack/data/venv/lib/python3.10/site-packages/oslo_config/cfg.py:2620}}
Aug 21 16:01:54 ubuntu devstack@g-api.service[119034]: DEBUG glance.api.middleware.version_negotiation [None req-3a0e3793-5472-4d77-962d-f2601c9b9458 None None] Determining version of request: GET / Accept: */* {{(pid=119034) process_request /opt/stack/glance/glance/api/middleware/version_negotiation.py:44}}
Aug 21 16:01:54 ubuntu devstack@g-api.service[119035]: DEBUG glance.common.config [None req-bbe70ae4-7f59-4a27-aaf9-49c055abfbd5 None None] healthcheck.ignore_proxied_requests = False {{(pid=119035) log_opt_values /opt/stack/data/venv/lib/python3.10/site-packages/oslo_config/cfg.py:2620}}
Aug 21 16:01:54 ubuntu devstack@g-api.service[119034]: DEBUG glance.api.middleware.version_negotiation [None req-3a0e3793-5472-4d77-962d-f2601c9b9458 None None] Using url versioning {{(pid=119034) process_request /opt/stack/glance/glance/api/middleware/version_negotiation.py:57}}
Aug 21 16:01:54 ubuntu devstack@g-api.service[119035]: DEBUG glance.common.config [None req-bbe70ae4-7f59-4a27-aaf9-49c055abfbd5 None None] healthcheck.path               = /healthcheck {{(pid=119035) log_opt_values /opt/stack/data/venv/lib/python3.10/site-packages/oslo_config/cfg.py:2620}}
Aug 21 16:01:54 ubuntu devstack@g-api.service[119034]: DEBUG glance.api.middleware.version_negotiation [None req-3a0e3793-5472-4d77-962d-f2601c9b9458 None None] Unknown version. Returning version choices. {{(pid=119034) process_request /opt/stack/glance/glance/api/middleware/version_negotiation.py:64}}
Aug 21 16:01:54 ubuntu devstack@g-api.service[119035]: DEBUG glance.common.config [None req-bbe70ae4-7f59-4a27-aaf9-49c055abfbd5 None None] ******************************************************************************** {{(pid=119035) log_opt_values /opt/stack/data/venv/lib/python3.10/site-packages/oslo_config/cfg.py:2624}}
Aug 21 16:01:54 ubuntu devstack@g-api.service[119035]: WSGI app 0 (mountpoint='') ready in 2 seconds on interpreter 0x5621bdb41e00 pid: 119035 (default app)
Aug 21 16:01:54 ubuntu devstack@g-api.service[119034]: [pid: 119034|app: 0|req: 1/1] 127.0.0.1 () {32 vars in 386 bytes} [Wed Aug 21 16:01:54 2024] GET / => generated 1407 bytes in 1 msecs (HTTP/1.1 300) 3 headers in 106 bytes (1 switches on core 0)
Aug 21 16:02:00 ubuntu devstack@g-api.service[119035]: DEBUG glance.api.middleware.version_negotiation [None req-bbe70ae4-7f59-4a27-aaf9-49c055abfbd5 None None] Determining version of request: GET / Accept: application/json {{(pid=119035) process_request /opt/stack/glance/glance/api/middleware/version_negotiation.py:44}}
Aug 21 16:02:00 ubuntu devstack@g-api.service[119035]: DEBUG glance.api.middleware.version_negotiation [None req-bbe70ae4-7f59-4a27-aaf9-49c055abfbd5 None None] Using url versioning {{(pid=119035) process_request /opt/stack/glance/glance/api/middleware/version_negotiation.py:57}}
Aug 21 16:02:00 ubuntu devstack@g-api.service[119035]: DEBUG glance.api.middleware.version_negotiation [None req-bbe70ae4-7f59-4a27-aaf9-49c055abfbd5 None None] Unknown version. Returning version choices. {{(pid=119035) process_request /opt/stack/glance/glance/api/middleware/version_negotiation.py:64}}
Aug 21 16:02:00 ubuntu devstack@g-api.service[119035]: [pid: 119035|app: 0|req: 1/2] 127.0.0.1 () {34 vars in 502 bytes} [Wed Aug 21 16:02:00 2024] GET / => generated 1407 bytes in 7 msecs (HTTP/1.1 300) 3 headers in 106 bytes (1 switches on core 0)
Aug 21 16:02:00 ubuntu devstack@g-api.service[119034]: DEBUG glance.api.middleware.version_negotiation [None req-3a0e3793-5472-4d77-962d-f2601c9b9458 None None] Determining version of request: POST /v2/images Accept: */* {{(pid=119034) process_request /opt/stack/glance/glance/api/middleware/version_negotiation.py:44}}
Aug 21 16:02:00 ubuntu devstack@g-api.service[119034]: DEBUG glance.api.middleware.version_negotiation [None req-3a0e3793-5472-4d77-962d-f2601c9b9458 None None] Using url versioning {{(pid=119034) process_request /opt/stack/glance/glance/api/middleware/version_negotiation.py:57}}
Aug 21 16:02:00 ubuntu devstack@g-api.service[119034]: DEBUG glance.api.middleware.version_negotiation [None req-3a0e3793-5472-4d77-962d-f2601c9b9458 None None] Matched version: v2 {{(pid=119034) process_request /opt/stack/glance/glance/api/middleware/version_negotiation.py:69}}
Aug 21 16:02:00 ubuntu devstack@g-api.service[119034]: DEBUG glance.api.middleware.version_negotiation [None req-3a0e3793-5472-4d77-962d-f2601c9b9458 None None] new path /v2/images {{(pid=119034) process_request /opt/stack/glance/glance/api/middleware/version_negotiation.py:70}}
Aug 21 16:02:01 ubuntu devstack@g-api.service[119034]: [pid: 119034|app: 0|req: 2/3] 127.0.0.1 () {40 vars in 765 bytes} [Wed Aug 21 16:02:00 2024] POST /v2/images => generated 807 bytes in 977 msecs (HTTP/1.1 201) 6 headers in 314 bytes (1 switches on core 0)
Aug 21 16:02:01 ubuntu devstack@g-api.service[119035]: DEBUG glance.api.middleware.version_negotiation [None req-bbe70ae4-7f59-4a27-aaf9-49c055abfbd5 None None] Determining version of request: PUT /v2/images/5f99df32-1726-4822-a407-cbdc4b96c7c9/file Accept:  {{(pid=119035) process_request /opt/stack/glance/glance/api/middleware/version_negotiation.py:44}}
Aug 21 16:02:01 ubuntu devstack@g-api.service[119035]: DEBUG glance.api.middleware.version_negotiation [None req-bbe70ae4-7f59-4a27-aaf9-49c055abfbd5 None None] Using url versioning {{(pid=119035) process_request /opt/stack/glance/glance/api/middleware/version_negotiation.py:57}}
Aug 21 16:02:01 ubuntu devstack@g-api.service[119035]: DEBUG glance.api.middleware.version_negotiation [None req-bbe70ae4-7f59-4a27-aaf9-49c055abfbd5 None None] Matched version: v2 {{(pid=119035) process_request /opt/stack/glance/glance/api/middleware/version_negotiation.py:69}}
Aug 21 16:02:01 ubuntu devstack@g-api.service[119035]: DEBUG glance.api.middleware.version_negotiation [None req-bbe70ae4-7f59-4a27-aaf9-49c055abfbd5 None None] new path /v2/images/5f99df32-1726-4822-a407-cbdc4b96c7c9/file {{(pid=119035) process_request /opt/stack/glance/glance/api/middleware/version_negotiation.py:70}}
Aug 21 16:02:01 ubuntu devstack@g-api.service[119035]: INFO glance.api.v2.image_data [None req-1897f68b-02a7-4bc1-b070-44a3f5249c86 admin admin] Unable to create trust: no such option collect_timing in group [keystone_authtoken] Use the existing user token.
Aug 21 16:02:02 ubuntu devstack@g-api.service[119035]: DEBUG glance.location [None req-1897f68b-02a7-4bc1-b070-44a3f5249c86 admin admin] Enabling in-flight format inspection for qcow2 {{(pid=119035) set_data /opt/stack/glance/glance/location.py:592}}
Aug 21 16:02:02 ubuntu devstack@g-api.service[119035]: DEBUG glance_store.backend [None req-1897f68b-02a7-4bc1-b070-44a3f5249c86 admin admin] Attempting to import store swift {{(pid=119035) _load_store /opt/stack/data/venv/lib/python3.10/site-packages/glance_store/backend.py:216}}
Aug 21 16:02:02 ubuntu devstack@g-api.service[119035]: DEBUG glance_store.capabilities [None req-1897f68b-02a7-4bc1-b070-44a3f5249c86 admin admin] Store glance_store._drivers.swift.store.SingleTenantStore doesn't support updating dynamic storage capabilities. Please overwrite 'update_capabilities' method of the store to implement updating logics if needed. {{(pid=119035) update_capabilities /opt/stack/data/venv/lib/python3.10/site-packages/glance_store/capabilities.py:91}}
Aug 21 16:02:02 ubuntu devstack@g-api.service[119035]: DEBUG glance_store.driver [None req-1897f68b-02a7-4bc1-b070-44a3f5249c86 admin admin] Late loading location class glance_store._drivers.swift.store.StoreLocation {{(pid=119035) get_store_location_class /opt/stack/data/venv/lib/python3.10/site-packages/glance_store/driver.py:133}}
Aug 21 16:02:02 ubuntu devstack@g-api.service[119035]: DEBUG glance_store.location [None req-1897f68b-02a7-4bc1-b070-44a3f5249c86 admin admin] Registering scheme swift+https with {'store': <glance_store._drivers.swift.store.SingleTenantStore object at 0x7f4cb06e9840>, 'location_class': <class 'glance_store._drivers.swift.store.StoreLocation'>, 'store_entry': 'swift'} {{(pid=119035) register_scheme_map /opt/stack/data/venv/lib/python3.10/site-packages/glance_store/location.py:146}}
Aug 21 16:02:02 ubuntu devstack@g-api.service[119035]: DEBUG glance_store.location [None req-1897f68b-02a7-4bc1-b070-44a3f5249c86 admin admin] Registering scheme swift+https with {'store': <glance_store._drivers.swift.store.SingleTenantStore object at 0x7f4cb06e9840>, 'location_class': <class 'glance_store._drivers.swift.store.StoreLocation'>, 'store_entry': 'swift'} {{(pid=119035) register_scheme_map /opt/stack/data/venv/lib/python3.10/site-packages/glance_store/location.py:146}}
Aug 21 16:02:02 ubuntu devstack@g-api.service[119035]: DEBUG glance_store.location [None req-1897f68b-02a7-4bc1-b070-44a3f5249c86 admin admin] Registering scheme swift with {'store': <glance_store._drivers.swift.store.SingleTenantStore object at 0x7f4cb06e9840>, 'location_class': <class 'glance_store._drivers.swift.store.StoreLocation'>, 'store_entry': 'swift'} {{(pid=119035) register_scheme_map /opt/stack/data/venv/lib/python3.10/site-packages/glance_store/location.py:146}}
Aug 21 16:02:02 ubuntu devstack@g-api.service[119035]: DEBUG glance_store.location [None req-1897f68b-02a7-4bc1-b070-44a3f5249c86 admin admin] Registering scheme swift+https with {'store': <glance_store._drivers.swift.store.SingleTenantStore object at 0x7f4cb06e9840>, 'location_class': <class 'glance_store._drivers.swift.store.StoreLocation'>, 'store_entry': 'swift'} {{(pid=119035) register_scheme_map /opt/stack/data/venv/lib/python3.10/site-packages/glance_store/location.py:146}}
Aug 21 16:02:02 ubuntu devstack@g-api.service[119035]: DEBUG glance_store.location [None req-1897f68b-02a7-4bc1-b070-44a3f5249c86 admin admin] Registering scheme swift with {'store': <glance_store._drivers.swift.store.SingleTenantStore object at 0x7f4cb06e9840>, 'location_class': <class 'glance_store._drivers.swift.store.StoreLocation'>, 'store_entry': 'swift'} {{(pid=119035) register_scheme_map /opt/stack/data/venv/lib/python3.10/site-packages/glance_store/location.py:146}}
Aug 21 16:02:02 ubuntu devstack@g-api.service[119035]: DEBUG glance_store.location [None req-1897f68b-02a7-4bc1-b070-44a3f5249c86 admin admin] Registering scheme swift+http with {'store': <glance_store._drivers.swift.store.SingleTenantStore object at 0x7f4cb06e9840>, 'location_class': <class 'glance_store._drivers.swift.store.StoreLocation'>, 'store_entry': 'swift'} {{(pid=119035) register_scheme_map /opt/stack/data/venv/lib/python3.10/site-packages/glance_store/location.py:146}}
Aug 21 16:02:02 ubuntu devstack@g-api.service[119035]: DEBUG glance_store.location [None req-1897f68b-02a7-4bc1-b070-44a3f5249c86 admin admin] Registering scheme swift+https with {'store': <glance_store._drivers.swift.store.SingleTenantStore object at 0x7f4cb06e9840>, 'location_class': <class 'glance_store._drivers.swift.store.StoreLocation'>, 'store_entry': 'swift'} {{(pid=119035) register_scheme_map /opt/stack/data/venv/lib/python3.10/site-packages/glance_store/location.py:146}}
Aug 21 16:02:02 ubuntu devstack@g-api.service[119035]: DEBUG glance_store.location [None req-1897f68b-02a7-4bc1-b070-44a3f5249c86 admin admin] Registering scheme swift with {'store': <glance_store._drivers.swift.store.SingleTenantStore object at 0x7f4cb06e9840>, 'location_class': <class 'glance_store._drivers.swift.store.StoreLocation'>, 'store_entry': 'swift'} {{(pid=119035) register_scheme_map /opt/stack/data/venv/lib/python3.10/site-packages/glance_store/location.py:146}}
Aug 21 16:02:02 ubuntu devstack@g-api.service[119035]: DEBUG glance_store.location [None req-1897f68b-02a7-4bc1-b070-44a3f5249c86 admin admin] Registering scheme swift+http with {'store': <glance_store._drivers.swift.store.SingleTenantStore object at 0x7f4cb06e9840>, 'location_class': <class 'glance_store._drivers.swift.store.StoreLocation'>, 'store_entry': 'swift'} {{(pid=119035) register_scheme_map /opt/stack/data/venv/lib/python3.10/site-packages/glance_store/location.py:146}}
Aug 21 16:02:02 ubuntu devstack@g-api.service[119035]: DEBUG glance_store.location [None req-1897f68b-02a7-4bc1-b070-44a3f5249c86 admin admin] Registering scheme swift+config with {'store': <glance_store._drivers.swift.store.SingleTenantStore object at 0x7f4cb06e9840>, 'location_class': <class 'glance_store._drivers.swift.store.StoreLocation'>, 'store_entry': 'swift'} {{(pid=119035) register_scheme_map /opt/stack/data/venv/lib/python3.10/site-packages/glance_store/location.py:146}}
Aug 21 16:02:02 ubuntu devstack@g-api.service[119035]: INFO swiftclient [None req-1897f68b-02a7-4bc1-b070-44a3f5249c86 admin admin] REQ: curl -i http://10.201.5.82:8080/v1/AUTH_e3ab26b54a4e42f1b66ba8cb0560d5e2/glance -I -H "X-Auth-Token: gAAAAABmxg96Wv03..."
Aug 21 16:02:02 ubuntu devstack@g-api.service[119035]: INFO swiftclient [None req-1897f68b-02a7-4bc1-b070-44a3f5249c86 admin admin] RESP STATUS: 404 Not Found
Aug 21 16:02:02 ubuntu devstack@g-api.service[119035]: INFO swiftclient [None req-1897f68b-02a7-4bc1-b070-44a3f5249c86 admin admin] RESP HEADERS: {'Content-Type': 'text/html; charset=UTF-8', 'Content-Length': '0', 'X-Container-Sharding': 'False', 'X-Trans-Id': 'txcb304ee9278b44558b8cb-0066c60f7a', 'X-Openstack-Request-Id': 'txcb304ee9278b44558b8cb-0066c60f7a', 'Date': 'Wed, 21 Aug 2024 16:02:02 GMT'}
Aug 21 16:02:02 ubuntu devstack@g-api.service[119035]: INFO glance_store._drivers.swift.store [None req-1897f68b-02a7-4bc1-b070-44a3f5249c86 admin admin] Creating swift container glance
Aug 21 16:02:02 ubuntu devstack@g-api.service[119035]: DEBUG swiftclient [None req-1897f68b-02a7-4bc1-b070-44a3f5249c86 admin admin] REQ: curl -i http://10.201.5.82:8080/v1/AUTH_e3ab26b54a4e42f1b66ba8cb0560d5e2/glance -X PUT -H "X-Auth-Token: gAAAAABmxg96Wv03..." -H "Content-Length: 0" {{(pid=119035) http_log /opt/stack/data/venv/lib/python3.10/site-packages/swiftclient/client.py:160}}
Aug 21 16:02:02 ubuntu devstack@g-api.service[119035]: DEBUG swiftclient [None req-1897f68b-02a7-4bc1-b070-44a3f5249c86 admin admin] RESP STATUS: 201 Created {{(pid=119035) http_log /opt/stack/data/venv/lib/python3.10/site-packages/swiftclient/client.py:161}}
Aug 21 16:02:02 ubuntu devstack@g-api.service[119035]: DEBUG swiftclient [None req-1897f68b-02a7-4bc1-b070-44a3f5249c86 admin admin] RESP HEADERS: {'Content-Type': 'text/html; charset=UTF-8', 'Content-Length': '0', 'X-Trans-Id': 'txc7b7ce66df5f4a8ba0d48-0066c60f7a', 'X-Openstack-Request-Id': 'txc7b7ce66df5f4a8ba0d48-0066c60f7a', 'Date': 'Wed, 21 Aug 2024 16:02:02 GMT'} {{(pid=119035) http_log /opt/stack/data/venv/lib/python3.10/site-packages/swiftclient/client.py:162}}
Aug 21 16:02:02 ubuntu devstack@g-api.service[119035]: DEBUG glance_store._drivers.swift.store [None req-1897f68b-02a7-4bc1-b070-44a3f5249c86 admin admin] Adding image object '5f99df32-1726-4822-a407-cbdc4b96c7c9' to Swift {{(pid=119035) add /opt/stack/data/venv/lib/python3.10/site-packages/glance_store/_drivers/swift/store.py:941}}
Aug 21 16:02:03 ubuntu devstack@g-api.service[119035]: DEBUG swiftclient [None req-1897f68b-02a7-4bc1-b070-44a3f5249c86 admin admin] REQ: curl -i http://10.201.5.82:8080/v1/AUTH_e3ab26b54a4e42f1b66ba8cb0560d5e2/glance/5f99df32-1726-4822-a407-cbdc4b96c7c9 -X PUT -H "X-Auth-Token: gAAAAABmxg96Wv03..." -H "Content-Length: 21430272" {{(pid=119035) http_log /opt/stack/data/venv/lib/python3.10/site-packages/swiftclient/client.py:160}}
Aug 21 16:02:03 ubuntu devstack@g-api.service[119035]: DEBUG swiftclient [None req-1897f68b-02a7-4bc1-b070-44a3f5249c86 admin admin] RESP STATUS: 201 Created {{(pid=119035) http_log /opt/stack/data/venv/lib/python3.10/site-packages/swiftclient/client.py:161}}
Aug 21 16:02:03 ubuntu devstack@g-api.service[119035]: DEBUG swiftclient [None req-1897f68b-02a7-4bc1-b070-44a3f5249c86 admin admin] RESP HEADERS: {'Content-Type': 'text/html; charset=UTF-8', 'Content-Length': '0', 'Etag': 'c8fc807773e5354afe61636071771906', 'Last-Modified': 'Wed, 21 Aug 2024 16:02:03 GMT', 'X-Trans-Id': 'tx1b95e2503582459da39a8-0066c60f7a', 'X-Openstack-Request-Id': 'tx1b95e2503582459da39a8-0066c60f7a', 'Date': 'Wed, 21 Aug 2024 16:02:03 GMT'} {{(pid=119035) http_log /opt/stack/data/venv/lib/python3.10/site-packages/swiftclient/client.py:162}}
Aug 21 16:02:03 ubuntu devstack@g-api.service[119035]: INFO glance.location [None req-1897f68b-02a7-4bc1-b070-44a3f5249c86 admin admin] Image format matched and virtual size computed: 117440512
Aug 21 16:02:03 ubuntu devstack@g-api.service[119035]: DEBUG glance_store.backend [None req-1897f68b-02a7-4bc1-b070-44a3f5249c86 admin admin] Attempting to import store swift {{(pid=119035) _load_store /opt/stack/data/venv/lib/python3.10/site-packages/glance_store/backend.py:216}}
Aug 21 16:02:03 ubuntu devstack@g-api.service[119035]: DEBUG glance_store.capabilities [None req-1897f68b-02a7-4bc1-b070-44a3f5249c86 admin admin] Store glance_store._drivers.swift.store.SingleTenantStore doesn't support updating dynamic storage capabilities. Please overwrite 'update_capabilities' method of the store to implement updating logics if needed. {{(pid=119035) update_capabilities /opt/stack/data/venv/lib/python3.10/site-packages/glance_store/capabilities.py:91}}
Aug 21 16:02:03 ubuntu devstack@g-api.service[119035]: DEBUG glance_store.driver [None req-1897f68b-02a7-4bc1-b070-44a3f5249c86 admin admin] Late loading location class glance_store._drivers.swift.store.StoreLocation {{(pid=119035) get_store_location_class /opt/stack/data/venv/lib/python3.10/site-packages/glance_store/driver.py:133}}
Aug 21 16:02:03 ubuntu devstack@g-api.service[119035]: DEBUG glance_store.location [None req-1897f68b-02a7-4bc1-b070-44a3f5249c86 admin admin] Registering scheme swift+https with {'store': <glance_store._drivers.swift.store.SingleTenantStore object at 0x7f4cb0b8f370>, 'location_class': <class 'glance_store._drivers.swift.store.StoreLocation'>, 'store_entry': 'swift'} {{(pid=119035) register_scheme_map /opt/stack/data/venv/lib/python3.10/site-packages/glance_store/location.py:146}}
Aug 21 16:02:03 ubuntu devstack@g-api.service[119035]: DEBUG glance_store.location [None req-1897f68b-02a7-4bc1-b070-44a3f5249c86 admin admin] Registering scheme swift+https with {'store': <glance_store._drivers.swift.store.SingleTenantStore object at 0x7f4cb0b8f370>, 'location_class': <class 'glance_store._drivers.swift.store.StoreLocation'>, 'store_entry': 'swift'} {{(pid=119035) register_scheme_map /opt/stack/data/venv/lib/python3.10/site-packages/glance_store/location.py:146}}
Aug 21 16:02:03 ubuntu devstack@g-api.service[119035]: DEBUG glance_store.location [None req-1897f68b-02a7-4bc1-b070-44a3f5249c86 admin admin] Registering scheme swift with {'store': <glance_store._drivers.swift.store.SingleTenantStore object at 0x7f4cb0b8f370>, 'location_class': <class 'glance_store._drivers.swift.store.StoreLocation'>, 'store_entry': 'swift'} {{(pid=119035) register_scheme_map /opt/stack/data/venv/lib/python3.10/site-packages/glance_store/location.py:146}}
Aug 21 16:02:03 ubuntu devstack@g-api.service[119035]: DEBUG glance_store.location [None req-1897f68b-02a7-4bc1-b070-44a3f5249c86 admin admin] Registering scheme swift+https with {'store': <glance_store._drivers.swift.store.SingleTenantStore object at 0x7f4cb0b8f370>, 'location_class': <class 'glance_store._drivers.swift.store.StoreLocation'>, 'store_entry': 'swift'} {{(pid=119035) register_scheme_map /opt/stack/data/venv/lib/python3.10/site-packages/glance_store/location.py:146}}
Aug 21 16:02:03 ubuntu devstack@g-api.service[119035]: DEBUG glance_store.location [None req-1897f68b-02a7-4bc1-b070-44a3f5249c86 admin admin] Registering scheme swift with {'store': <glance_store._drivers.swift.store.SingleTenantStore object at 0x7f4cb0b8f370>, 'location_class': <class 'glance_store._drivers.swift.store.StoreLocation'>, 'store_entry': 'swift'} {{(pid=119035) register_scheme_map /opt/stack/data/venv/lib/python3.10/site-packages/glance_store/location.py:146}}
Aug 21 16:02:03 ubuntu devstack@g-api.service[119035]: DEBUG glance_store.location [None req-1897f68b-02a7-4bc1-b070-44a3f5249c86 admin admin] Registering scheme swift+http with {'store': <glance_store._drivers.swift.store.SingleTenantStore object at 0x7f4cb0b8f370>, 'location_class': <class 'glance_store._drivers.swift.store.StoreLocation'>, 'store_entry': 'swift'} {{(pid=119035) register_scheme_map /opt/stack/data/venv/lib/python3.10/site-packages/glance_store/location.py:146}}
Aug 21 16:02:03 ubuntu devstack@g-api.service[119035]: DEBUG glance_store.location [None req-1897f68b-02a7-4bc1-b070-44a3f5249c86 admin admin] Registering scheme swift+https with {'store': <glance_store._drivers.swift.store.SingleTenantStore object at 0x7f4cb0b8f370>, 'location_class': <class 'glance_store._drivers.swift.store.StoreLocation'>, 'store_entry': 'swift'} {{(pid=119035) register_scheme_map /opt/stack/data/venv/lib/python3.10/site-packages/glance_store/location.py:146}}
Aug 21 16:02:03 ubuntu devstack@g-api.service[119035]: DEBUG glance_store.location [None req-1897f68b-02a7-4bc1-b070-44a3f5249c86 admin admin] Registering scheme swift with {'store': <glance_store._drivers.swift.store.SingleTenantStore object at 0x7f4cb0b8f370>, 'location_class': <class 'glance_store._drivers.swift.store.StoreLocation'>, 'store_entry': 'swift'} {{(pid=119035) register_scheme_map /opt/stack/data/venv/lib/python3.10/site-packages/glance_store/location.py:146}}
Aug 21 16:02:03 ubuntu devstack@g-api.service[119035]: DEBUG glance_store.location [None req-1897f68b-02a7-4bc1-b070-44a3f5249c86 admin admin] Registering scheme swift+http with {'store': <glance_store._drivers.swift.store.SingleTenantStore object at 0x7f4cb0b8f370>, 'location_class': <class 'glance_store._drivers.swift.store.StoreLocation'>, 'store_entry': 'swift'} {{(pid=119035) register_scheme_map /opt/stack/data/venv/lib/python3.10/site-packages/glance_store/location.py:146}}
Aug 21 16:02:03 ubuntu devstack@g-api.service[119035]: DEBUG glance_store.location [None req-1897f68b-02a7-4bc1-b070-44a3f5249c86 admin admin] Registering scheme swift+config with {'store': <glance_store._drivers.swift.store.SingleTenantStore object at 0x7f4cb0b8f370>, 'location_class': <class 'glance_store._drivers.swift.store.StoreLocation'>, 'store_entry': 'swift'} {{(pid=119035) register_scheme_map /opt/stack/data/venv/lib/python3.10/site-packages/glance_store/location.py:146}}
Aug 21 16:02:03 ubuntu devstack@g-api.service[119035]: DEBUG glance_store.backend [None req-1897f68b-02a7-4bc1-b070-44a3f5249c86 admin admin] Skipping store.set_acls... not implemented. {{(pid=119035) set_acls /opt/stack/data/venv/lib/python3.10/site-packages/glance_store/backend.py:508}}
Aug 21 16:02:03 ubuntu devstack@g-api.service[119035]: [pid: 119035|app: 0|req: 2/4] 127.0.0.1 () {40 vars in 858 bytes} [Wed Aug 21 16:02:01 2024] PUT /v2/images/5f99df32-1726-4822-a407-cbdc4b96c7c9/file => generated 0 bytes in 1904 msecs (HTTP/1.1 204) 4 headers in 171 bytes (1 switches on core 0)
Aug 21 16:02:11 ubuntu devstack@g-api.service[119034]: DEBUG dbcounter [-] [119034] Writing DB stats glance:INSERT=9,glance:SELECT=5 {{(pid=119034) stat_writer /opt/stack/data/venv/lib/python3.10/site-packages/dbcounter.py:115}}
Aug 21 16:02:13 ubuntu devstack@g-api.service[119035]: DEBUG dbcounter [-] [119035] Writing DB stats glance:INSERT=5,glance:SELECT=18,glance:UPDATE=2 {{(pid=119035) stat_writer /opt/stack/data/venv/lib/python3.10/site-packages/dbcounter.py:115}}
Aug 21 16:02:39 ubuntu devstack@g-api.service[119034]: DEBUG glance.api.middleware.version_negotiation [None req-f7a0626b-8fdd-499b-8ee2-08a17298f066 admin admin] Determining version of request: GET / Accept: application/json {{(pid=119034) process_request /opt/stack/glance/glance/api/middleware/version_negotiation.py:44}}
Aug 21 16:02:39 ubuntu devstack@g-api.service[119034]: DEBUG glance.api.middleware.version_negotiation [None req-f7a0626b-8fdd-499b-8ee2-08a17298f066 admin admin] Using url versioning {{(pid=119034) process_request /opt/stack/glance/glance/api/middleware/version_negotiation.py:57}}
Aug 21 16:02:39 ubuntu devstack@g-api.service[119034]: DEBUG glance.api.middleware.version_negotiation [None req-f7a0626b-8fdd-499b-8ee2-08a17298f066 admin admin] Unknown version. Returning version choices. {{(pid=119034) process_request /opt/stack/glance/glance/api/middleware/version_negotiation.py:64}}
Aug 21 16:02:39 ubuntu devstack@g-api.service[119034]: [pid: 119034|app: 0|req: 3/5] 127.0.0.1 () {34 vars in 502 bytes} [Wed Aug 21 16:02:39 2024] GET / => generated 1407 bytes in 2 msecs (HTTP/1.1 300) 3 headers in 106 bytes (1 switches on core 0)
Aug 21 16:02:39 ubuntu devstack@g-api.service[119035]: DEBUG glance.api.middleware.version_negotiation [None req-1897f68b-02a7-4bc1-b070-44a3f5249c86 admin admin] Determining version of request: GET /v2/images Accept: application/json {{(pid=119035) process_request /opt/stack/glance/glance/api/middleware/version_negotiation.py:44}}
Aug 21 16:02:39 ubuntu devstack@g-api.service[119035]: DEBUG glance.api.middleware.version_negotiation [None req-1897f68b-02a7-4bc1-b070-44a3f5249c86 admin admin] Using url versioning {{(pid=119035) process_request /opt/stack/glance/glance/api/middleware/version_negotiation.py:57}}
Aug 21 16:02:39 ubuntu devstack@g-api.service[119035]: DEBUG glance.api.middleware.version_negotiation [None req-1897f68b-02a7-4bc1-b070-44a3f5249c86 admin admin] Matched version: v2 {{(pid=119035) process_request /opt/stack/glance/glance/api/middleware/version_negotiation.py:69}}
Aug 21 16:02:39 ubuntu devstack@g-api.service[119035]: DEBUG glance.api.middleware.version_negotiation [None req-1897f68b-02a7-4bc1-b070-44a3f5249c86 admin admin] new path /v2/images {{(pid=119035) process_request /opt/stack/glance/glance/api/middleware/version_negotiation.py:70}}
Aug 21 16:02:39 ubuntu devstack@g-api.service[119035]: [pid: 119035|app: 0|req: 3/6] 127.0.0.1 () {36 vars in 724 bytes} [Wed Aug 21 16:02:39 2024] GET /v2/images => generated 1045 bytes in 322 msecs (HTTP/1.1 200) 4 headers in 158 bytes (1 switches on core 0)
Aug 21 16:02:44 ubuntu devstack@g-api.service[119034]: DEBUG glance.api.middleware.version_negotiation [None req-f7a0626b-8fdd-499b-8ee2-08a17298f066 admin admin] Determining version of request: GET / Accept: application/json {{(pid=119034) process_request /opt/stack/glance/glance/api/middleware/version_negotiation.py:44}}
Aug 21 16:02:44 ubuntu devstack@g-api.service[119034]: DEBUG glance.api.middleware.version_negotiation [None req-f7a0626b-8fdd-499b-8ee2-08a17298f066 admin admin] Using url versioning {{(pid=119034) process_request /opt/stack/glance/glance/api/middleware/version_negotiation.py:57}}
Aug 21 16:02:44 ubuntu devstack@g-api.service[119034]: DEBUG glance.api.middleware.version_negotiation [None req-f7a0626b-8fdd-499b-8ee2-08a17298f066 admin admin] Unknown version. Returning version choices. {{(pid=119034) process_request /opt/stack/glance/glance/api/middleware/version_negotiation.py:64}}
Aug 21 16:02:44 ubuntu devstack@g-api.service[119034]: [pid: 119034|app: 0|req: 4/7] 127.0.0.1 () {34 vars in 502 bytes} [Wed Aug 21 16:02:44 2024] GET / => generated 1407 bytes in 1 msecs (HTTP/1.1 300) 3 headers in 106 bytes (1 switches on core 0)
Aug 21 16:02:44 ubuntu devstack@g-api.service[119035]: DEBUG glance.api.middleware.version_negotiation [None req-f67d6638-83dc-49f1-b1f0-5ce1637eb9aa admin admin] Determining version of request: GET /v2/images/5f99df32-1726-4822-a407-cbdc4b96c7c9 Accept: */* {{(pid=119035) process_request /opt/stack/glance/glance/api/middleware/version_negotiation.py:44}}
Aug 21 16:02:44 ubuntu devstack@g-api.service[119035]: DEBUG glance.api.middleware.version_negotiation [None req-f67d6638-83dc-49f1-b1f0-5ce1637eb9aa admin admin] Using url versioning {{(pid=119035) process_request /opt/stack/glance/glance/api/middleware/version_negotiation.py:57}}
Aug 21 16:02:44 ubuntu devstack@g-api.service[119035]: DEBUG glance.api.middleware.version_negotiation [None req-f67d6638-83dc-49f1-b1f0-5ce1637eb9aa admin admin] Matched version: v2 {{(pid=119035) process_request /opt/stack/glance/glance/api/middleware/version_negotiation.py:69}}
Aug 21 16:02:44 ubuntu devstack@g-api.service[119035]: DEBUG glance.api.middleware.version_negotiation [None req-f67d6638-83dc-49f1-b1f0-5ce1637eb9aa admin admin] new path /v2/images/5f99df32-1726-4822-a407-cbdc4b96c7c9 {{(pid=119035) process_request /opt/stack/glance/glance/api/middleware/version_negotiation.py:70}}
Aug 21 16:02:45 ubuntu devstack@g-api.service[119035]: [pid: 119035|app: 0|req: 4/8] 127.0.0.1 () {36 vars in 785 bytes} [Wed Aug 21 16:02:44 2024] GET /v2/images/5f99df32-1726-4822-a407-cbdc4b96c7c9 => generated 976 bytes in 220 msecs (HTTP/1.1 200) 4 headers in 157 bytes (1 switches on core 0)
Aug 21 16:02:48 ubuntu devstack@g-api.service[119034]: DEBUG glance.api.middleware.version_negotiation [None req-f7a0626b-8fdd-499b-8ee2-08a17298f066 admin admin] Determining version of request: GET / Accept: application/json {{(pid=119034) process_request /opt/stack/glance/glance/api/middleware/version_negotiation.py:44}}
Aug 21 16:02:48 ubuntu devstack@g-api.service[119034]: DEBUG glance.api.middleware.version_negotiation [None req-f7a0626b-8fdd-499b-8ee2-08a17298f066 admin admin] Using url versioning {{(pid=119034) process_request /opt/stack/glance/glance/api/middleware/version_negotiation.py:57}}
Aug 21 16:02:48 ubuntu devstack@g-api.service[119034]: DEBUG glance.api.middleware.version_negotiation [None req-f7a0626b-8fdd-499b-8ee2-08a17298f066 admin admin] Unknown version. Returning version choices. {{(pid=119034) process_request /opt/stack/glance/glance/api/middleware/version_negotiation.py:64}}
Aug 21 16:02:48 ubuntu devstack@g-api.service[119034]: [pid: 119034|app: 0|req: 5/9] 127.0.0.1 () {34 vars in 502 bytes} [Wed Aug 21 16:02:48 2024] GET / => generated 1407 bytes in 6 msecs (HTTP/1.1 300) 3 headers in 106 bytes (1 switches on core 0)
Aug 21 16:02:48 ubuntu devstack@g-api.service[119035]: DEBUG glance.api.middleware.version_negotiation [None req-c50e4cad-35cb-4ae7-a3e7-3d5163b7f8c7 admin admin] Determining version of request: GET /v2/images/5f99df32-1726-4822-a407-cbdc4b96c7c9 Accept: */* {{(pid=119035) process_request /opt/stack/glance/glance/api/middleware/version_negotiation.py:44}}
Aug 21 16:02:48 ubuntu devstack@g-api.service[119035]: DEBUG glance.api.middleware.version_negotiation [None req-c50e4cad-35cb-4ae7-a3e7-3d5163b7f8c7 admin admin] Using url versioning {{(pid=119035) process_request /opt/stack/glance/glance/api/middleware/version_negotiation.py:57}}
Aug 21 16:02:48 ubuntu devstack@g-api.service[119035]: DEBUG glance.api.middleware.version_negotiation [None req-c50e4cad-35cb-4ae7-a3e7-3d5163b7f8c7 admin admin] Matched version: v2 {{(pid=119035) process_request /opt/stack/glance/glance/api/middleware/version_negotiation.py:69}}
Aug 21 16:02:48 ubuntu devstack@g-api.service[119035]: DEBUG glance.api.middleware.version_negotiation [None req-c50e4cad-35cb-4ae7-a3e7-3d5163b7f8c7 admin admin] new path /v2/images/5f99df32-1726-4822-a407-cbdc4b96c7c9 {{(pid=119035) process_request /opt/stack/glance/glance/api/middleware/version_negotiation.py:70}}
Aug 21 16:02:48 ubuntu devstack@g-api.service[119035]: [pid: 119035|app: 0|req: 5/10] 127.0.0.1 () {36 vars in 785 bytes} [Wed Aug 21 16:02:48 2024] GET /v2/images/5f99df32-1726-4822-a407-cbdc4b96c7c9 => generated 976 bytes in 232 msecs (HTTP/1.1 200) 4 headers in 157 bytes (1 switches on core 0)
Aug 21 16:02:58 ubuntu devstack@g-api.service[119035]: DEBUG dbcounter [-] [119035] Writing DB stats glance:SELECT=5 {{(pid=119035) stat_writer /opt/stack/data/venv/lib/python3.10/site-packages/dbcounter.py:115}}
Aug 21 16:03:36 ubuntu devstack@g-api.service[119034]: DEBUG glance.api.middleware.version_negotiation [None req-f7a0626b-8fdd-499b-8ee2-08a17298f066 admin admin] Determining version of request: GET / Accept: application/json {{(pid=119034) process_request /opt/stack/glance/glance/api/middleware/version_negotiation.py:44}}
Aug 21 16:03:36 ubuntu devstack@g-api.service[119034]: DEBUG glance.api.middleware.version_negotiation [None req-f7a0626b-8fdd-499b-8ee2-08a17298f066 admin admin] Using url versioning {{(pid=119034) process_request /opt/stack/glance/glance/api/middleware/version_negotiation.py:57}}
Aug 21 16:03:36 ubuntu devstack@g-api.service[119034]: DEBUG glance.api.middleware.version_negotiation [None req-f7a0626b-8fdd-499b-8ee2-08a17298f066 admin admin] Unknown version. Returning version choices. {{(pid=119034) process_request /opt/stack/glance/glance/api/middleware/version_negotiation.py:64}}
Aug 21 16:03:36 ubuntu devstack@g-api.service[119034]: [pid: 119034|app: 0|req: 6/11] 127.0.0.1 () {36 vars in 474 bytes} [Wed Aug 21 16:03:36 2024] GET / => generated 1407 bytes in 2 msecs (HTTP/1.1 300) 3 headers in 106 bytes (1 switches on core 0)
