Sep 12 12:37:02 ubuntu devstack@keystone.service[69329]: ERROR keystone.server.flask.application   File "/opt/stack/data/venv/lib/python3.10/site-packages/sqlalchemy/engine/default.py", line 941, in do_execute
Sep 12 12:37:02 ubuntu devstack@keystone.service[69329]: ERROR keystone.server.flask.application     cursor.execute(statement, parameters)
Sep 12 12:37:02 ubuntu devstack@keystone.service[69329]: ERROR keystone.server.flask.application   File "/opt/stack/data/venv/lib/python3.10/site-packages/pymysql/cursors.py", line 153, in execute
Sep 12 12:37:02 ubuntu devstack@keystone.service[69329]: ERROR keystone.server.flask.application     result = self._query(query)
Sep 12 12:37:02 ubuntu devstack@keystone.service[69329]: ERROR keystone.server.flask.application   File "/opt/stack/data/venv/lib/python3.10/site-packages/pymysql/cursors.py", line 322, in _query
Sep 12 12:37:02 ubuntu devstack@keystone.service[69329]: ERROR keystone.server.flask.application     conn.query(q)
Sep 12 12:37:02 ubuntu devstack@keystone.service[69329]: ERROR keystone.server.flask.application   File "/opt/stack/data/venv/lib/python3.10/site-packages/pymysql/connections.py", line 563, in query
Sep 12 12:37:02 ubuntu devstack@keystone.service[69329]: ERROR keystone.server.flask.application     self._affected_rows = self._read_query_result(unbuffered=unbuffered)
Sep 12 12:37:02 ubuntu devstack@keystone.service[69329]: ERROR keystone.server.flask.application   File "/opt/stack/data/venv/lib/python3.10/site-packages/pymysql/connections.py", line 825, in _read_query_result
Sep 12 12:37:02 ubuntu devstack@keystone.service[69329]: ERROR keystone.server.flask.application     result.read()
Sep 12 12:37:02 ubuntu devstack@keystone.service[69329]: ERROR keystone.server.flask.application   File "/opt/stack/data/venv/lib/python3.10/site-packages/pymysql/connections.py", line 1199, in read
Sep 12 12:37:02 ubuntu devstack@keystone.service[69329]: ERROR keystone.server.flask.application     first_packet = self.connection._read_packet()
Sep 12 12:37:02 ubuntu devstack@keystone.service[69329]: ERROR keystone.server.flask.application   File "/opt/stack/data/venv/lib/python3.10/site-packages/pymysql/connections.py", line 775, in _read_packet
Sep 12 12:37:02 ubuntu devstack@keystone.service[69329]: ERROR keystone.server.flask.application     packet.raise_for_error()
Sep 12 12:37:02 ubuntu devstack@keystone.service[69329]: ERROR keystone.server.flask.application   File "/opt/stack/data/venv/lib/python3.10/site-packages/pymysql/protocol.py", line 219, in raise_for_error
Sep 12 12:37:02 ubuntu devstack@keystone.service[69329]: ERROR keystone.server.flask.application     err.raise_mysql_exception(self._data)
Sep 12 12:37:02 ubuntu devstack@keystone.service[69329]: ERROR keystone.server.flask.application   File "/opt/stack/data/venv/lib/python3.10/site-packages/pymysql/err.py", line 150, in raise_mysql_exception
Sep 12 12:37:02 ubuntu devstack@keystone.service[69329]: ERROR keystone.server.flask.application     raise errorclass(errno, errval)
Sep 12 12:37:02 ubuntu devstack@keystone.service[69329]: ERROR keystone.server.flask.application oslo_db.exception.DBDuplicateEntry: (pymysql.err.IntegrityError) (1062, "Duplicate entry 'service-<<null>>' for key 'role.ixu_role_name_domain_id'")
Sep 12 12:37:02 ubuntu devstack@keystone.service[69329]: ERROR keystone.server.flask.application [SQL: INSERT INTO `role` (id, name, description, extra) VALUES (%(id)s, %(name)s, %(description)s, %(extra)s)]
Sep 12 12:37:02 ubuntu devstack@keystone.service[69329]: ERROR keystone.server.flask.application [parameters: {'id': 'a5cb14e2fb3c4ccda8d37c02b8ab5908', 'name': 'service', 'description': None, 'extra': '{}'}]
Sep 12 12:37:02 ubuntu devstack@keystone.service[69329]: ERROR keystone.server.flask.application (Background on this error at: https://sqlalche.me/e/20/gkpj)
Sep 12 12:37:02 ubuntu devstack@keystone.service[69329]: ERROR keystone.server.flask.application 
Sep 12 12:37:02 ubuntu devstack@keystone.service[69329]: ERROR keystone.server.flask.application During handling of the above exception, another exception occurred:
Sep 12 12:37:02 ubuntu devstack@keystone.service[69329]: ERROR keystone.server.flask.application 
Sep 12 12:37:02 ubuntu devstack@keystone.service[69329]: ERROR keystone.server.flask.application Traceback (most recent call last):
Sep 12 12:37:02 ubuntu devstack@keystone.service[69329]: ERROR keystone.server.flask.application   File "/opt/stack/data/venv/lib/python3.10/site-packages/flask/app.py", line 880, in full_dispatch_request
Sep 12 12:37:02 ubuntu devstack@keystone.service[69329]: ERROR keystone.server.flask.application     rv = self.dispatch_request()
Sep 12 12:37:02 ubuntu devstack@keystone.service[69329]: ERROR keystone.server.flask.application   File "/opt/stack/data/venv/lib/python3.10/site-packages/flask/app.py", line 865, in dispatch_request
Sep 12 12:37:02 ubuntu devstack@keystone.service[69329]: ERROR keystone.server.flask.application     return self.ensure_sync(self.view_functions[rule.endpoint])(**view_args)  # type: ignore[no-any-return]
Sep 12 12:37:02 ubuntu devstack@keystone.service[69329]: ERROR keystone.server.flask.application   File "/opt/stack/data/venv/lib/python3.10/site-packages/flask_restful/__init__.py", line 489, in wrapper
Sep 12 12:37:02 ubuntu devstack@keystone.service[69329]: ERROR keystone.server.flask.application     resp = resource(*args, **kwargs)
Sep 12 12:37:02 ubuntu devstack@keystone.service[69329]: ERROR keystone.server.flask.application   File "/opt/stack/data/venv/lib/python3.10/site-packages/flask/views.py", line 110, in view
Sep 12 12:37:02 ubuntu devstack@keystone.service[69329]: ERROR keystone.server.flask.application     return current_app.ensure_sync(self.dispatch_request)(**kwargs)  # type: ignore[no-any-return]
Sep 12 12:37:02 ubuntu devstack@keystone.service[69329]: ERROR keystone.server.flask.application   File "/opt/stack/data/venv/lib/python3.10/site-packages/flask_restful/__init__.py", line 604, in dispatch_request
Sep 12 12:37:02 ubuntu devstack@keystone.service[69329]: ERROR keystone.server.flask.application     resp = meth(*args, **kwargs)
Sep 12 12:37:02 ubuntu devstack@keystone.service[69329]: ERROR keystone.server.flask.application   File "/opt/stack/keystone/keystone/api/roles.py", line 123, in post
Sep 12 12:37:02 ubuntu devstack@keystone.service[69329]: ERROR keystone.server.flask.application     ref = PROVIDERS.role_api.create_role(
Sep 12 12:37:02 ubuntu devstack@keystone.service[69329]: ERROR keystone.server.flask.application   File "/opt/stack/keystone/keystone/common/manager.py", line 110, in wrapped
Sep 12 12:37:02 ubuntu devstack@keystone.service[69329]: ERROR keystone.server.flask.application     __ret_val = __f(*args, **kwargs)
Sep 12 12:37:02 ubuntu devstack@keystone.service[69329]: ERROR keystone.server.flask.application   File "/opt/stack/keystone/keystone/assignment/core.py", line 1508, in create_role
Sep 12 12:37:02 ubuntu devstack@keystone.service[69329]: ERROR keystone.server.flask.application     ret = self.driver.create_role(role_id, role)
Sep 12 12:37:02 ubuntu devstack@keystone.service[69329]: ERROR keystone.server.flask.application   File "/opt/stack/keystone/keystone/common/sql/core.py", line 581, in wrapper
Sep 12 12:37:02 ubuntu devstack@keystone.service[69329]: ERROR keystone.server.flask.application     raise exception.Conflict(type=conflict_type, details=msg)
Sep 12 12:37:02 ubuntu devstack@keystone.service[69329]: ERROR keystone.server.flask.application keystone.exception.Conflict: Conflict occurred attempting to store role - Duplicate entry found with name service.
Sep 12 12:37:02 ubuntu devstack@keystone.service[69329]: ERROR keystone.server.flask.application 
Sep 12 12:37:02 ubuntu devstack@keystone.service[69329]: [pid: 69329|app: 0|req: 20/38] 10.201.5.82 () {60 vars in 1131 bytes} [Thu Sep 12 12:37:02 2024] POST /identity/v3/roles => generated 140 bytes in 101 msecs (HTTP/1.1 409) 5 headers in 183 bytes (1 switches on core 0)
Sep 12 12:37:02 ubuntu devstack@keystone.service[69328]: DEBUG keystone.server.flask.request_processing.middleware.auth_context [None req-b03988ba-14ec-4d1e-bdf2-52782fe3df63 None admin] Authenticating user token {{(pid=69328) process_request /opt/stack/data/venv/lib/python3.10/site-packages/keystonemiddleware/auth_token/__init__.py:406}}
Sep 12 12:37:02 ubuntu devstack@keystone.service[69329]: DEBUG keystone.server.flask.request_processing.middleware.auth_context [None req-1c54fd4b-f2c1-4f24-8234-2fd41cee08ce None admin] Authenticating user token {{(pid=69329) process_request /opt/stack/data/venv/lib/python3.10/site-packages/keystonemiddleware/auth_token/__init__.py:406}}
Sep 12 12:37:02 ubuntu devstack@keystone.service[69328]: DEBUG keystone.server.flask.request_processing.middleware.auth_context [None req-b03988ba-14ec-4d1e-bdf2-52782fe3df63 None admin] Validating token access rules against request {{(pid=69328) validate_allowed_request /opt/stack/data/venv/lib/python3.10/site-packages/keystonemiddleware/auth_token/__init__.py:544}}
Sep 12 12:37:03 ubuntu devstack@keystone.service[69329]: DEBUG keystone.server.flask.request_processing.middleware.auth_context [None req-1c54fd4b-f2c1-4f24-8234-2fd41cee08ce None admin] Validating token access rules against request {{(pid=69329) validate_allowed_request /opt/stack/data/venv/lib/python3.10/site-packages/keystonemiddleware/auth_token/__init__.py:544}}
Sep 12 12:37:03 ubuntu devstack@keystone.service[69328]: DEBUG keystone.server.flask.request_processing.middleware.auth_context [None req-f0a896df-fc50-4440-b947-65fe45281360 None admin] RBAC: auth_context: {'token': <TokenModel (audit_id=W4Wp8wSVSZm_4yoXXqCDUA, audit_chain_id=['W4Wp8wSVSZm_4yoXXqCDUA']) at 0x7f9f43962980>, 'domain_id': None, 'trust_id': None, 'trustor_id': None, 'trustee_id': None, 'domain_name': None, 'group_ids': [], 'user_id': '9e5075a2cf5b445499e9e34e36e284d0', 'user_domain_id': 'default', 'system_scope': 'all', 'project_id': None, 'project_domain_id': None, 'roles': ['admin', 'manager', 'member', 'reader'], 'is_admin_project': True, 'service_user_id': None, 'service_user_domain_id': None, 'service_project_id': None, 'service_project_domain_id': None, 'service_roles': []} {{(pid=69328) fill_context /opt/stack/keystone/keystone/server/flask/request_processing/middleware/auth_context.py:511}}
Sep 12 12:37:03 ubuntu devstack@keystone.service[69328]: DEBUG keystone.server.flask.request_processing.req_logging [None req-f0a896df-fc50-4440-b947-65fe45281360 None admin] REQUEST_METHOD: `GET` {{(pid=69328) log_request_info /opt/stack/keystone/keystone/server/flask/request_processing/req_logging.py:26}}
Sep 12 12:37:03 ubuntu devstack@keystone.service[69328]: DEBUG keystone.server.flask.request_processing.req_logging [None req-f0a896df-fc50-4440-b947-65fe45281360 None admin] SCRIPT_NAME: `/identity` {{(pid=69328) log_request_info /opt/stack/keystone/keystone/server/flask/request_processing/req_logging.py:27}}
Sep 12 12:37:03 ubuntu devstack@keystone.service[69328]: DEBUG keystone.server.flask.request_processing.req_logging [None req-f0a896df-fc50-4440-b947-65fe45281360 None admin] PATH_INFO: `/v3/roles/service` {{(pid=69328) log_request_info /opt/stack/keystone/keystone/server/flask/request_processing/req_logging.py:28}}
Sep 12 12:37:03 ubuntu devstack@keystone.service[69328]: DEBUG keystone.common.rbac_enforcer.enforcer [None req-f0a896df-fc50-4440-b947-65fe45281360 None admin] Extracting inferred target data resulted in "NOT FOUND (404)". {{(pid=69328) enforce_call /opt/stack/keystone/keystone/common/rbac_enforcer/enforcer.py:453}}
Sep 12 12:37:03 ubuntu devstack@keystone.service[69328]: DEBUG keystone.server.flask.application [None req-f0a896df-fc50-4440-b947-65fe45281360 None admin] Could not find role: service. {{(pid=69328) _handle_keystone_exception /opt/stack/keystone/keystone/server/flask/application.py:96}}
Sep 12 12:37:03 ubuntu devstack@keystone.service[69328]: [pid: 69328|app: 0|req: 19/39] 10.201.5.82 () {56 vars in 1102 bytes} [Thu Sep 12 12:37:02 2024] GET /identity/v3/roles/service => generated 85 bytes in 89 msecs (HTTP/1.1 404) 5 headers in 183 bytes (1 switches on core 0)
Sep 12 12:37:03 ubuntu devstack@keystone.service[69329]: DEBUG keystone.server.flask.request_processing.middleware.auth_context [None req-8758d0bf-ee42-44f3-b251-9a6ce911b851 None admin] RBAC: auth_context: {'token': <TokenModel (audit_id=HCuD5qL2Qvi6GSvKZVuAuA, audit_chain_id=['HCuD5qL2Qvi6GSvKZVuAuA']) at 0x7f9f437acbb0>, 'domain_id': None, 'trust_id': None, 'trustor_id': None, 'trustee_id': None, 'domain_name': None, 'group_ids': [], 'user_id': '9e5075a2cf5b445499e9e34e36e284d0', 'user_domain_id': 'default', 'system_scope': 'all', 'project_id': None, 'project_domain_id': None, 'roles': ['admin', 'manager', 'member', 'reader'], 'is_admin_project': True, 'service_user_id': None, 'service_user_domain_id': None, 'service_project_id': None, 'service_project_domain_id': None, 'service_roles': []} {{(pid=69329) fill_context /opt/stack/keystone/keystone/server/flask/request_processing/middleware/auth_context.py:511}}
Sep 12 12:37:03 ubuntu devstack@keystone.service[69328]: DEBUG keystone.server.flask.request_processing.middleware.auth_context [None req-f0a896df-fc50-4440-b947-65fe45281360 None admin] Authenticating user token {{(pid=69328) process_request /opt/stack/data/venv/lib/python3.10/site-packages/keystonemiddleware/auth_token/__init__.py:406}}
Sep 12 12:37:03 ubuntu devstack@keystone.service[69329]: DEBUG keystone.server.flask.request_processing.req_logging [None req-8758d0bf-ee42-44f3-b251-9a6ce911b851 None admin] REQUEST_METHOD: `POST` {{(pid=69329) log_request_info /opt/stack/keystone/keystone/server/flask/request_processing/req_logging.py:26}}
Sep 12 12:37:03 ubuntu devstack@keystone.service[69329]: DEBUG keystone.server.flask.request_processing.req_logging [None req-8758d0bf-ee42-44f3-b251-9a6ce911b851 None admin] SCRIPT_NAME: `/identity` {{(pid=69329) log_request_info /opt/stack/keystone/keystone/server/flask/request_processing/req_logging.py:27}}
Sep 12 12:37:03 ubuntu devstack@keystone.service[69329]: DEBUG keystone.server.flask.request_processing.req_logging [None req-8758d0bf-ee42-44f3-b251-9a6ce911b851 None admin] PATH_INFO: `/v3/roles` {{(pid=69329) log_request_info /opt/stack/keystone/keystone/server/flask/request_processing/req_logging.py:28}}
Sep 12 12:37:03 ubuntu devstack@keystone.service[69329]: DEBUG keystone.common.rbac_enforcer.enforcer [None req-8758d0bf-ee42-44f3-b251-9a6ce911b851 None admin] RBAC: Authorizing `identity:create_role()` {{(pid=69329) enforce_call /opt/stack/keystone/keystone/common/rbac_enforcer/enforcer.py:503}}
Sep 12 12:37:03 ubuntu devstack@keystone.service[69329]: DEBUG keystone.common.rbac_enforcer.enforcer [None req-8758d0bf-ee42-44f3-b251-9a6ce911b851 None admin] RBAC: Authorization granted {{(pid=69329) enforce_call /opt/stack/keystone/keystone/common/rbac_enforcer/enforcer.py:514}}
Sep 12 12:37:03 ubuntu devstack@keystone.service[69328]: DEBUG keystone.server.flask.request_processing.middleware.auth_context [None req-f0a896df-fc50-4440-b947-65fe45281360 None admin] Validating token access rules against request {{(pid=69328) validate_allowed_request /opt/stack/data/venv/lib/python3.10/site-packages/keystonemiddleware/auth_token/__init__.py:544}}
Sep 12 12:37:03 ubuntu devstack@keystone.service[69328]: DEBUG keystone.server.flask.request_processing.middleware.auth_context [None req-360228ac-6f87-4c22-be4a-a6cd7ce3e17c None admin] RBAC: auth_context: {'token': <TokenModel (audit_id=W4Wp8wSVSZm_4yoXXqCDUA, audit_chain_id=['W4Wp8wSVSZm_4yoXXqCDUA']) at 0x7f9f439a5f90>, 'domain_id': None, 'trust_id': None, 'trustor_id': None, 'trustee_id': None, 'domain_name': None, 'group_ids': [], 'user_id': '9e5075a2cf5b445499e9e34e36e284d0', 'user_domain_id': 'default', 'system_scope': 'all', 'project_id': None, 'project_domain_id': None, 'roles': ['admin', 'manager', 'member', 'reader'], 'is_admin_project': True, 'service_user_id': None, 'service_user_domain_id': None, 'service_project_id': None, 'service_project_domain_id': None, 'service_roles': []} {{(pid=69328) fill_context /opt/stack/keystone/keystone/server/flask/request_processing/middleware/auth_context.py:511}}
Sep 12 12:37:03 ubuntu devstack@keystone.service[69328]: DEBUG keystone.server.flask.request_processing.req_logging [None req-360228ac-6f87-4c22-be4a-a6cd7ce3e17c None admin] REQUEST_METHOD: `GET` {{(pid=69328) log_request_info /opt/stack/keystone/keystone/server/flask/request_processing/req_logging.py:26}}
Sep 12 12:37:03 ubuntu devstack@keystone.service[69328]: DEBUG keystone.server.flask.request_processing.req_logging [None req-360228ac-6f87-4c22-be4a-a6cd7ce3e17c None admin] SCRIPT_NAME: `/identity` {{(pid=69328) log_request_info /opt/stack/keystone/keystone/server/flask/request_processing/req_logging.py:27}}
Sep 12 12:37:03 ubuntu devstack@keystone.service[69328]: DEBUG keystone.server.flask.request_processing.req_logging [None req-360228ac-6f87-4c22-be4a-a6cd7ce3e17c None admin] PATH_INFO: `/v3/roles` {{(pid=69328) log_request_info /opt/stack/keystone/keystone/server/flask/request_processing/req_logging.py:28}}
Sep 12 12:37:03 ubuntu devstack@keystone.service[69328]: DEBUG keystone.common.rbac_enforcer.enforcer [None req-360228ac-6f87-4c22-be4a-a6cd7ce3e17c None admin] RBAC: Adding query filter params (name=service) {{(pid=69328) _extract_filter_values /opt/stack/keystone/keystone/common/rbac_enforcer/enforcer.py:184}}
Sep 12 12:37:03 ubuntu devstack@keystone.service[69328]: DEBUG keystone.common.rbac_enforcer.enforcer [None req-360228ac-6f87-4c22-be4a-a6cd7ce3e17c None admin] RBAC: Authorizing `identity:list_roles()` {{(pid=69328) enforce_call /opt/stack/keystone/keystone/common/rbac_enforcer/enforcer.py:503}}
Sep 12 12:37:03 ubuntu devstack@keystone.service[69328]: DEBUG keystone.common.rbac_enforcer.enforcer [None req-360228ac-6f87-4c22-be4a-a6cd7ce3e17c None admin] RBAC: Authorization granted {{(pid=69328) enforce_call /opt/stack/keystone/keystone/common/rbac_enforcer/enforcer.py:514}}
Sep 12 12:37:03 ubuntu devstack@keystone.service[69328]: [pid: 69328|app: 0|req: 20/40] 10.201.5.82 () {56 vars in 1103 bytes} [Thu Sep 12 12:37:03 2024] GET /identity/v3/roles?name=service => generated 343 bytes in 58 msecs (HTTP/1.1 200) 5 headers in 177 bytes (2 switches on core 0)
Sep 12 12:37:03 ubuntu devstack@keystone.service[69329]: [pid: 69329|app: 0|req: 21/41] 10.201.5.82 () {60 vars in 1131 bytes} [Thu Sep 12 12:37:02 2024] POST /identity/v3/roles => generated 225 bytes in 255 msecs (HTTP/1.1 201) 5 headers in 182 bytes (1 switches on core 0)
Sep 12 12:37:03 ubuntu devstack@keystone.service[69328]: DEBUG keystone.server.flask.request_processing.req_logging [None req-2a15c495-4b73-49ce-a777-fde10a741bde None None] REQUEST_METHOD: `GET` {{(pid=69328) log_request_info /opt/stack/keystone/keystone/server/flask/request_processing/req_logging.py:26}}
Sep 12 12:37:03 ubuntu devstack@keystone.service[69328]: DEBUG keystone.server.flask.request_processing.req_logging [None req-2a15c495-4b73-49ce-a777-fde10a741bde None None] SCRIPT_NAME: `/identity` {{(pid=69328) log_request_info /opt/stack/keystone/keystone/server/flask/request_processing/req_logging.py:27}}
Sep 12 12:37:03 ubuntu devstack@keystone.service[69328]: DEBUG keystone.server.flask.request_processing.req_logging [None req-2a15c495-4b73-49ce-a777-fde10a741bde None None] PATH_INFO: `/` {{(pid=69328) log_request_info /opt/stack/keystone/keystone/server/flask/request_processing/req_logging.py:28}}
Sep 12 12:37:03 ubuntu devstack@keystone.service[69328]: [pid: 69328|app: 0|req: 21/42] 10.201.5.82 () {54 vars in 926 bytes} [Thu Sep 12 12:37:03 2024] GET /identity => generated 270 bytes in 2 msecs (HTTP/1.1 300) 6 headers in 234 bytes (1 switches on core 0)
Sep 12 12:37:03 ubuntu devstack@keystone.service[69329]: DEBUG keystone.server.flask.request_processing.req_logging [None req-ab10badc-19bf-4549-9b25-cfcc329036c7 None None] REQUEST_METHOD: `POST` {{(pid=69329) log_request_info /opt/stack/keystone/keystone/server/flask/request_processing/req_logging.py:26}}
Sep 12 12:37:03 ubuntu devstack@keystone.service[69329]: DEBUG keystone.server.flask.request_processing.req_logging [None req-ab10badc-19bf-4549-9b25-cfcc329036c7 None None] SCRIPT_NAME: `/identity` {{(pid=69329) log_request_info /opt/stack/keystone/keystone/server/flask/request_processing/req_logging.py:27}}
Sep 12 12:37:03 ubuntu devstack@keystone.service[69329]: DEBUG keystone.server.flask.request_processing.req_logging [None req-ab10badc-19bf-4549-9b25-cfcc329036c7 None None] PATH_INFO: `/v3/auth/tokens` {{(pid=69329) log_request_info /opt/stack/keystone/keystone/server/flask/request_processing/req_logging.py:28}}
Sep 12 12:37:03 ubuntu devstack@keystone.service[69329]: WARNING keystone.common.password_hashing [None req-ab10badc-19bf-4549-9b25-cfcc329036c7 None None] Truncating password to algorithm specific maximum length 72 characters.
Sep 12 12:37:03 ubuntu devstack@keystone.service[69329]: DEBUG keystone.auth.core [None req-ab10badc-19bf-4549-9b25-cfcc329036c7 None None] MFA Rules not processed for user `9e5075a2cf5b445499e9e34e36e284d0`. Rule list: `[]` (Enabled: `True`). {{(pid=69329) check_auth_methods_against_rules /opt/stack/keystone/keystone/auth/core.py:476}}
Sep 12 12:37:03 ubuntu devstack@keystone.service[69329]: DEBUG keystone.common.fernet_utils [None req-ab10badc-19bf-4549-9b25-cfcc329036c7 None None] Loaded 2 Fernet keys from /etc/keystone/fernet-keys/, but `[fernet_tokens] max_active_keys = 3`; perhaps there have not been enough key rotations to reach `max_active_keys` yet? {{(pid=69329) load_keys /opt/stack/keystone/keystone/common/fernet_utils.py:298}}
Sep 12 12:37:03 ubuntu devstack@keystone.service[69329]: [pid: 69329|app: 0|req: 22/43] 10.201.5.82 () {58 vars in 1023 bytes} [Thu Sep 12 12:37:03 2024] POST /identity/v3/auth/tokens => generated 862 bytes in 58 msecs (HTTP/1.1 201) 6 headers in 363 bytes (1 switches on core 0)
Sep 12 12:37:03 ubuntu devstack@keystone.service[69328]: DEBUG keystone.server.flask.request_processing.middleware.auth_context [None req-2a15c495-4b73-49ce-a777-fde10a741bde None None] Authenticating user token {{(pid=69328) process_request /opt/stack/data/venv/lib/python3.10/site-packages/keystonemiddleware/auth_token/__init__.py:406}}
Sep 12 12:37:03 ubuntu devstack@keystone.service[69329]: DEBUG keystone.server.flask.request_processing.req_logging [None req-bae2806f-4146-486f-9532-723d8424ca4d None None] REQUEST_METHOD: `GET` {{(pid=69329) log_request_info /opt/stack/keystone/keystone/server/flask/request_processing/req_logging.py:26}}
Sep 12 12:37:03 ubuntu devstack@keystone.service[69329]: DEBUG keystone.server.flask.request_processing.req_logging [None req-bae2806f-4146-486f-9532-723d8424ca4d None None] SCRIPT_NAME: `/identity` {{(pid=69329) log_request_info /opt/stack/keystone/keystone/server/flask/request_processing/req_logging.py:27}}
Sep 12 12:37:03 ubuntu devstack@keystone.service[69329]: DEBUG keystone.server.flask.request_processing.req_logging [None req-bae2806f-4146-486f-9532-723d8424ca4d None None] PATH_INFO: `/` {{(pid=69329) log_request_info /opt/stack/keystone/keystone/server/flask/request_processing/req_logging.py:28}}
Sep 12 12:37:03 ubuntu devstack@keystone.service[69329]: [pid: 69329|app: 0|req: 23/44] 10.201.5.82 () {54 vars in 926 bytes} [Thu Sep 12 12:37:03 2024] GET /identity => generated 270 bytes in 5 msecs (HTTP/1.1 300) 6 headers in 234 bytes (1 switches on core 0)
Sep 12 12:37:03 ubuntu devstack@keystone.service[69329]: DEBUG keystone.server.flask.request_processing.req_logging [None req-da806fbe-6975-43b8-ad6f-a60fd1b15a24 None None] REQUEST_METHOD: `POST` {{(pid=69329) log_request_info /opt/stack/keystone/keystone/server/flask/request_processing/req_logging.py:26}}
Sep 12 12:37:03 ubuntu devstack@keystone.service[69329]: DEBUG keystone.server.flask.request_processing.req_logging [None req-da806fbe-6975-43b8-ad6f-a60fd1b15a24 None None] SCRIPT_NAME: `/identity` {{(pid=69329) log_request_info /opt/stack/keystone/keystone/server/flask/request_processing/req_logging.py:27}}
Sep 12 12:37:03 ubuntu devstack@keystone.service[69329]: DEBUG keystone.server.flask.request_processing.req_logging [None req-da806fbe-6975-43b8-ad6f-a60fd1b15a24 None None] PATH_INFO: `/v3/auth/tokens` {{(pid=69329) log_request_info /opt/stack/keystone/keystone/server/flask/request_processing/req_logging.py:28}}
Sep 12 12:37:03 ubuntu devstack@keystone.service[69329]: WARNING keystone.common.password_hashing [None req-da806fbe-6975-43b8-ad6f-a60fd1b15a24 None None] Truncating password to algorithm specific maximum length 72 characters.
Sep 12 12:37:03 ubuntu devstack@keystone.service[69329]: DEBUG keystone.auth.core [None req-da806fbe-6975-43b8-ad6f-a60fd1b15a24 None None] MFA Rules not processed for user `9e5075a2cf5b445499e9e34e36e284d0`. Rule list: `[]` (Enabled: `True`). {{(pid=69329) check_auth_methods_against_rules /opt/stack/keystone/keystone/auth/core.py:476}}
Sep 12 12:37:03 ubuntu devstack@keystone.service[69329]: DEBUG keystone.common.fernet_utils [None req-da806fbe-6975-43b8-ad6f-a60fd1b15a24 None None] Loaded 2 Fernet keys from /etc/keystone/fernet-keys/, but `[fernet_tokens] max_active_keys = 3`; perhaps there have not been enough key rotations to reach `max_active_keys` yet? {{(pid=69329) load_keys /opt/stack/keystone/keystone/common/fernet_utils.py:298}}
Sep 12 12:37:03 ubuntu devstack@keystone.service[69328]: DEBUG keystone.server.flask.request_processing.middleware.auth_context [None req-2a15c495-4b73-49ce-a777-fde10a741bde None None] Validating token access rules against request {{(pid=69328) validate_allowed_request /opt/stack/data/venv/lib/python3.10/site-packages/keystonemiddleware/auth_token/__init__.py:544}}
Sep 12 12:37:03 ubuntu devstack@keystone.service[69328]: DEBUG keystone.server.flask.request_processing.middleware.auth_context [None req-b9e874a8-0223-42bf-9bbb-831407a4c8a1 None admin] RBAC: auth_context: {'token': <TokenModel (audit_id=syHPpCjuSXOLDE01icEqvw, audit_chain_id=['syHPpCjuSXOLDE01icEqvw']) at 0x7f9f439f2380>, 'domain_id': None, 'trust_id': None, 'trustor_id': None, 'trustee_id': None, 'domain_name': None, 'group_ids': [], 'user_id': '9e5075a2cf5b445499e9e34e36e284d0', 'user_domain_id': 'default', 'system_scope': 'all', 'project_id': None, 'project_domain_id': None, 'roles': ['admin', 'manager', 'member', 'reader'], 'is_admin_project': True, 'service_user_id': None, 'service_user_domain_id': None, 'service_project_id': None, 'service_project_domain_id': None, 'service_roles': []} {{(pid=69328) fill_context /opt/stack/keystone/keystone/server/flask/request_processing/middleware/auth_context.py:511}}
Sep 12 12:37:03 ubuntu devstack@keystone.service[69328]: DEBUG keystone.server.flask.request_processing.req_logging [None req-b9e874a8-0223-42bf-9bbb-831407a4c8a1 None admin] REQUEST_METHOD: `POST` {{(pid=69328) log_request_info /opt/stack/keystone/keystone/server/flask/request_processing/req_logging.py:26}}
Sep 12 12:37:03 ubuntu devstack@keystone.service[69328]: DEBUG keystone.server.flask.request_processing.req_logging [None req-b9e874a8-0223-42bf-9bbb-831407a4c8a1 None admin] SCRIPT_NAME: `/identity` {{(pid=69328) log_request_info /opt/stack/keystone/keystone/server/flask/request_processing/req_logging.py:27}}
Sep 12 12:37:03 ubuntu devstack@keystone.service[69328]: DEBUG keystone.server.flask.request_processing.req_logging [None req-b9e874a8-0223-42bf-9bbb-831407a4c8a1 None admin] PATH_INFO: `/v3/roles` {{(pid=69328) log_request_info /opt/stack/keystone/keystone/server/flask/request_processing/req_logging.py:28}}
Sep 12 12:37:03 ubuntu devstack@keystone.service[69328]: DEBUG keystone.common.rbac_enforcer.enforcer [None req-b9e874a8-0223-42bf-9bbb-831407a4c8a1 None admin] RBAC: Authorizing `identity:create_role()` {{(pid=69328) enforce_call /opt/stack/keystone/keystone/common/rbac_enforcer/enforcer.py:503}}
Sep 12 12:37:03 ubuntu devstack@keystone.service[69328]: DEBUG keystone.common.rbac_enforcer.enforcer [None req-b9e874a8-0223-42bf-9bbb-831407a4c8a1 None admin] RBAC: Authorization granted {{(pid=69328) enforce_call /opt/stack/keystone/keystone/common/rbac_enforcer/enforcer.py:514}}
Sep 12 12:37:03 ubuntu devstack@keystone.service[69329]: [pid: 69329|app: 0|req: 24/45] 10.201.5.82 () {58 vars in 1023 bytes} [Thu Sep 12 12:37:03 2024] POST /identity/v3/auth/tokens => generated 862 bytes in 56 msecs (HTTP/1.1 201) 6 headers in 363 bytes (1 switches on core 0)
Sep 12 12:37:03 ubuntu devstack@keystone.service[69328]: [pid: 69328|app: 0|req: 22/46] 10.201.5.82 () {60 vars in 1131 bytes} [Thu Sep 12 12:37:03 2024] POST /identity/v3/roles => generated 223 bytes in 100 msecs (HTTP/1.1 201) 5 headers in 182 bytes (1 switches on core 0)
Sep 12 12:37:03 ubuntu devstack@keystone.service[69329]: DEBUG keystone.server.flask.request_processing.middleware.auth_context [None req-da806fbe-6975-43b8-ad6f-a60fd1b15a24 None None] Authenticating user token {{(pid=69329) process_request /opt/stack/data/venv/lib/python3.10/site-packages/keystonemiddleware/auth_token/__init__.py:406}}
Sep 12 12:37:03 ubuntu devstack@keystone.service[69329]: DEBUG keystone.server.flask.request_processing.middleware.auth_context [None req-da806fbe-6975-43b8-ad6f-a60fd1b15a24 None None] Validating token access rules against request {{(pid=69329) validate_allowed_request /opt/stack/data/venv/lib/python3.10/site-packages/keystonemiddleware/auth_token/__init__.py:544}}
Sep 12 12:37:03 ubuntu devstack@keystone.service[69329]: DEBUG keystone.server.flask.request_processing.middleware.auth_context [None req-9fb62e6c-fbb4-4aca-ae26-f7015429f97e None admin] RBAC: auth_context: {'token': <TokenModel (audit_id=pDHZ_xjYTBmaArYK5pziDQ, audit_chain_id=['pDHZ_xjYTBmaArYK5pziDQ']) at 0x7f9f43c4b400>, 'domain_id': None, 'trust_id': None, 'trustor_id': None, 'trustee_id': None, 'domain_name': None, 'group_ids': [], 'user_id': '9e5075a2cf5b445499e9e34e36e284d0', 'user_domain_id': 'default', 'system_scope': 'all', 'project_id': None, 'project_domain_id': None, 'roles': ['admin', 'manager', 'member', 'reader'], 'is_admin_project': True, 'service_user_id': None, 'service_user_domain_id': None, 'service_project_id': None, 'service_project_domain_id': None, 'service_roles': []} {{(pid=69329) fill_context /opt/stack/keystone/keystone/server/flask/request_processing/middleware/auth_context.py:511}}
Sep 12 12:37:03 ubuntu devstack@keystone.service[69329]: DEBUG keystone.server.flask.request_processing.req_logging [None req-9fb62e6c-fbb4-4aca-ae26-f7015429f97e None admin] REQUEST_METHOD: `GET` {{(pid=69329) log_request_info /opt/stack/keystone/keystone/server/flask/request_processing/req_logging.py:26}}
Sep 12 12:37:03 ubuntu devstack@keystone.service[69329]: DEBUG keystone.server.flask.request_processing.req_logging [None req-9fb62e6c-fbb4-4aca-ae26-f7015429f97e None admin] SCRIPT_NAME: `/identity` {{(pid=69329) log_request_info /opt/stack/keystone/keystone/server/flask/request_processing/req_logging.py:27}}
Sep 12 12:37:03 ubuntu devstack@keystone.service[69329]: DEBUG keystone.server.flask.request_processing.req_logging [None req-9fb62e6c-fbb4-4aca-ae26-f7015429f97e None admin] PATH_INFO: `/v3/domains/default` {{(pid=69329) log_request_info /opt/stack/keystone/keystone/server/flask/request_processing/req_logging.py:28}}
Sep 12 12:37:03 ubuntu devstack@keystone.service[69329]: DEBUG keystone.common.rbac_enforcer.enforcer [None req-9fb62e6c-fbb4-4aca-ae26-f7015429f97e None admin] RBAC: Authorizing `identity:get_domain(domain_id=default)` {{(pid=69329) enforce_call /opt/stack/keystone/keystone/common/rbac_enforcer/enforcer.py:503}}
Sep 12 12:37:03 ubuntu devstack@keystone.service[69329]: DEBUG keystone.common.rbac_enforcer.enforcer [None req-9fb62e6c-fbb4-4aca-ae26-f7015429f97e None admin] RBAC: Authorization granted {{(pid=69329) enforce_call /opt/stack/keystone/keystone/common/rbac_enforcer/enforcer.py:514}}
Sep 12 12:37:03 ubuntu devstack@keystone.service[69329]: [pid: 69329|app: 0|req: 25/47] 10.201.5.82 () {56 vars in 1108 bytes} [Thu Sep 12 12:37:03 2024] GET /identity/v3/domains/default => generated 199 bytes in 68 msecs (HTTP/1.1 200) 5 headers in 177 bytes (1 switches on core 0)
Sep 12 12:37:03 ubuntu devstack@keystone.service[69328]: DEBUG keystone.server.flask.request_processing.middleware.auth_context [None req-b9e874a8-0223-42bf-9bbb-831407a4c8a1 None admin] Authenticating user token {{(pid=69328) process_request /opt/stack/data/venv/lib/python3.10/site-packages/keystonemiddleware/auth_token/__init__.py:406}}
Sep 12 12:37:04 ubuntu devstack@keystone.service[69328]: DEBUG keystone.server.flask.request_processing.middleware.auth_context [None req-b9e874a8-0223-42bf-9bbb-831407a4c8a1 None admin] Validating token access rules against request {{(pid=69328) validate_allowed_request /opt/stack/data/venv/lib/python3.10/site-packages/keystonemiddleware/auth_token/__init__.py:544}}
Sep 12 12:37:04 ubuntu devstack@keystone.service[69328]: DEBUG keystone.server.flask.request_processing.middleware.auth_context [None req-0389e35b-2875-4ebf-bd71-d6e6ab69e6f0 None admin] RBAC: auth_context: {'token': <TokenModel (audit_id=pDHZ_xjYTBmaArYK5pziDQ, audit_chain_id=['pDHZ_xjYTBmaArYK5pziDQ']) at 0x7f9f43af2a70>, 'domain_id': None, 'trust_id': None, 'trustor_id': None, 'trustee_id': None, 'domain_name': None, 'group_ids': [], 'user_id': '9e5075a2cf5b445499e9e34e36e284d0', 'user_domain_id': 'default', 'system_scope': 'all', 'project_id': None, 'project_domain_id': None, 'roles': ['admin', 'manager', 'member', 'reader'], 'is_admin_project': True, 'service_user_id': None, 'service_user_domain_id': None, 'service_project_id': None, 'service_project_domain_id': None, 'service_roles': []} {{(pid=69328) fill_context /opt/stack/keystone/keystone/server/flask/request_processing/middleware/auth_context.py:511}}
Sep 12 12:37:04 ubuntu devstack@keystone.service[69328]: DEBUG keystone.server.flask.request_processing.req_logging [None req-0389e35b-2875-4ebf-bd71-d6e6ab69e6f0 None admin] REQUEST_METHOD: `POST` {{(pid=69328) log_request_info /opt/stack/keystone/keystone/server/flask/request_processing/req_logging.py:26}}
Sep 12 12:37:04 ubuntu devstack@keystone.service[69328]: DEBUG keystone.server.flask.request_processing.req_logging [None req-0389e35b-2875-4ebf-bd71-d6e6ab69e6f0 None admin] SCRIPT_NAME: `/identity` {{(pid=69328) log_request_info /opt/stack/keystone/keystone/server/flask/request_processing/req_logging.py:27}}
Sep 12 12:37:04 ubuntu devstack@keystone.service[69328]: DEBUG keystone.server.flask.request_processing.req_logging [None req-0389e35b-2875-4ebf-bd71-d6e6ab69e6f0 None admin] PATH_INFO: `/v3/projects` {{(pid=69328) log_request_info /opt/stack/keystone/keystone/server/flask/request_processing/req_logging.py:28}}
Sep 12 12:37:04 ubuntu devstack@keystone.service[69328]: DEBUG keystone.common.rbac_enforcer.enforcer [None req-0389e35b-2875-4ebf-bd71-d6e6ab69e6f0 None admin] RBAC: Authorizing `identity:create_project()` {{(pid=69328) enforce_call /opt/stack/keystone/keystone/common/rbac_enforcer/enforcer.py:503}}
Sep 12 12:37:04 ubuntu devstack@keystone.service[69328]: DEBUG keystone.common.rbac_enforcer.enforcer [None req-0389e35b-2875-4ebf-bd71-d6e6ab69e6f0 None admin] RBAC: Authorization granted {{(pid=69328) enforce_call /opt/stack/keystone/keystone/common/rbac_enforcer/enforcer.py:514}}
Sep 12 12:37:04 ubuntu devstack@keystone.service[69328]: [pid: 69328|app: 0|req: 23/48] 10.201.5.82 () {60 vars in 1141 bytes} [Thu Sep 12 12:37:03 2024] POST /identity/v3/projects => generated 312 bytes in 179 msecs (HTTP/1.1 201) 5 headers in 182 bytes (1 switches on core 0)
Sep 12 12:37:05 ubuntu devstack@keystone.service[69329]: DEBUG keystone.server.flask.request_processing.req_logging [None req-540b7d6a-02a5-48e8-a0a0-85f57ed989df None None] REQUEST_METHOD: `GET` {{(pid=69329) log_request_info /opt/stack/keystone/keystone/server/flask/request_processing/req_logging.py:26}}
Sep 12 12:37:05 ubuntu devstack@keystone.service[69329]: DEBUG keystone.server.flask.request_processing.req_logging [None req-540b7d6a-02a5-48e8-a0a0-85f57ed989df None None] SCRIPT_NAME: `/identity` {{(pid=69329) log_request_info /opt/stack/keystone/keystone/server/flask/request_processing/req_logging.py:27}}
Sep 12 12:37:05 ubuntu devstack@keystone.service[69329]: DEBUG keystone.server.flask.request_processing.req_logging [None req-540b7d6a-02a5-48e8-a0a0-85f57ed989df None None] PATH_INFO: `/` {{(pid=69329) log_request_info /opt/stack/keystone/keystone/server/flask/request_processing/req_logging.py:28}}
Sep 12 12:37:05 ubuntu devstack@keystone.service[69329]: [pid: 69329|app: 0|req: 26/49] 10.201.5.82 () {54 vars in 926 bytes} [Thu Sep 12 12:37:05 2024] GET /identity => generated 270 bytes in 4 msecs (HTTP/1.1 300) 6 headers in 234 bytes (1 switches on core 0)
Sep 12 12:37:05 ubuntu devstack@keystone.service[69328]: DEBUG keystone.server.flask.request_processing.req_logging [None req-7eb02a10-116a-445d-8ced-c1628050bfc4 None None] REQUEST_METHOD: `POST` {{(pid=69328) log_request_info /opt/stack/keystone/keystone/server/flask/request_processing/req_logging.py:26}}
Sep 12 12:37:05 ubuntu devstack@keystone.service[69328]: DEBUG keystone.server.flask.request_processing.req_logging [None req-7eb02a10-116a-445d-8ced-c1628050bfc4 None None] SCRIPT_NAME: `/identity` {{(pid=69328) log_request_info /opt/stack/keystone/keystone/server/flask/request_processing/req_logging.py:27}}
Sep 12 12:37:05 ubuntu devstack@keystone.service[69328]: DEBUG keystone.server.flask.request_processing.req_logging [None req-7eb02a10-116a-445d-8ced-c1628050bfc4 None None] PATH_INFO: `/v3/auth/tokens` {{(pid=69328) log_request_info /opt/stack/keystone/keystone/server/flask/request_processing/req_logging.py:28}}
Sep 12 12:37:05 ubuntu devstack@keystone.service[69328]: WARNING keystone.common.password_hashing [None req-7eb02a10-116a-445d-8ced-c1628050bfc4 None None] Truncating password to algorithm specific maximum length 72 characters.
Sep 12 12:37:05 ubuntu devstack@keystone.service[69328]: DEBUG keystone.auth.core [None req-7eb02a10-116a-445d-8ced-c1628050bfc4 None None] MFA Rules not processed for user `9e5075a2cf5b445499e9e34e36e284d0`. Rule list: `[]` (Enabled: `True`). {{(pid=69328) check_auth_methods_against_rules /opt/stack/keystone/keystone/auth/core.py:476}}
Sep 12 12:37:05 ubuntu devstack@keystone.service[69328]: DEBUG keystone.common.fernet_utils [None req-7eb02a10-116a-445d-8ced-c1628050bfc4 None None] Loaded 2 Fernet keys from /etc/keystone/fernet-keys/, but `[fernet_tokens] max_active_keys = 3`; perhaps there have not been enough key rotations to reach `max_active_keys` yet? {{(pid=69328) load_keys /opt/stack/keystone/keystone/common/fernet_utils.py:298}}
Sep 12 12:37:05 ubuntu devstack@keystone.service[69328]: [pid: 69328|app: 0|req: 24/50] 10.201.5.82 () {58 vars in 1023 bytes} [Thu Sep 12 12:37:05 2024] POST /identity/v3/auth/tokens => generated 862 bytes in 59 msecs (HTTP/1.1 201) 6 headers in 363 bytes (1 switches on core 0)
Sep 12 12:37:05 ubuntu devstack@keystone.service[69329]: DEBUG keystone.server.flask.request_processing.middleware.auth_context [None req-540b7d6a-02a5-48e8-a0a0-85f57ed989df None None] Authenticating user token {{(pid=69329) process_request /opt/stack/data/venv/lib/python3.10/site-packages/keystonemiddleware/auth_token/__init__.py:406}}
Sep 12 12:37:05 ubuntu devstack@keystone.service[69329]: DEBUG keystone.server.flask.request_processing.middleware.auth_context [None req-540b7d6a-02a5-48e8-a0a0-85f57ed989df None None] Validating token access rules against request {{(pid=69329) validate_allowed_request /opt/stack/data/venv/lib/python3.10/site-packages/keystonemiddleware/auth_token/__init__.py:544}}
Sep 12 12:37:05 ubuntu devstack@keystone.service[69329]: DEBUG keystone.server.flask.request_processing.middleware.auth_context [None req-64a2480c-0beb-40b8-9a1b-5f8ba2d2482d None admin] RBAC: auth_context: {'token': <TokenModel (audit_id=gXU04cB1TDqbuPXRh0QdZg, audit_chain_id=['gXU04cB1TDqbuPXRh0QdZg']) at 0x7f9f436b2ce0>, 'domain_id': None, 'trust_id': None, 'trustor_id': None, 'trustee_id': None, 'domain_name': None, 'group_ids': [], 'user_id': '9e5075a2cf5b445499e9e34e36e284d0', 'user_domain_id': 'default', 'system_scope': 'all', 'project_id': None, 'project_domain_id': None, 'roles': ['admin', 'manager', 'member', 'reader'], 'is_admin_project': True, 'service_user_id': None, 'service_user_domain_id': None, 'service_project_id': None, 'service_project_domain_id': None, 'service_roles': []} {{(pid=69329) fill_context /opt/stack/keystone/keystone/server/flask/request_processing/middleware/auth_context.py:511}}
Sep 12 12:37:05 ubuntu devstack@keystone.service[69329]: DEBUG keystone.server.flask.request_processing.req_logging [None req-64a2480c-0beb-40b8-9a1b-5f8ba2d2482d None admin] REQUEST_METHOD: `GET` {{(pid=69329) log_request_info /opt/stack/keystone/keystone/server/flask/request_processing/req_logging.py:26}}
Sep 12 12:37:05 ubuntu devstack@keystone.service[69329]: DEBUG keystone.server.flask.request_processing.req_logging [None req-64a2480c-0beb-40b8-9a1b-5f8ba2d2482d None admin] SCRIPT_NAME: `/identity` {{(pid=69329) log_request_info /opt/stack/keystone/keystone/server/flask/request_processing/req_logging.py:27}}
Sep 12 12:37:05 ubuntu devstack@keystone.service[69329]: DEBUG keystone.server.flask.request_processing.req_logging [None req-64a2480c-0beb-40b8-9a1b-5f8ba2d2482d None admin] PATH_INFO: `/v3/domains/default` {{(pid=69329) log_request_info /opt/stack/keystone/keystone/server/flask/request_processing/req_logging.py:28}}
Sep 12 12:37:05 ubuntu devstack@keystone.service[69329]: DEBUG keystone.common.rbac_enforcer.enforcer [None req-64a2480c-0beb-40b8-9a1b-5f8ba2d2482d None admin] RBAC: Authorizing `identity:get_domain(domain_id=default)` {{(pid=69329) enforce_call /opt/stack/keystone/keystone/common/rbac_enforcer/enforcer.py:503}}
Sep 12 12:37:05 ubuntu devstack@keystone.service[69329]: DEBUG keystone.common.rbac_enforcer.enforcer [None req-64a2480c-0beb-40b8-9a1b-5f8ba2d2482d None admin] RBAC: Authorization granted {{(pid=69329) enforce_call /opt/stack/keystone/keystone/common/rbac_enforcer/enforcer.py:514}}
Sep 12 12:37:05 ubuntu devstack@keystone.service[69329]: [pid: 69329|app: 0|req: 27/51] 10.201.5.82 () {56 vars in 1108 bytes} [Thu Sep 12 12:37:05 2024] GET /identity/v3/domains/default => generated 199 bytes in 74 msecs (HTTP/1.1 200) 5 headers in 177 bytes (1 switches on core 0)
Sep 12 12:37:05 ubuntu devstack@keystone.service[69328]: DEBUG keystone.server.flask.request_processing.middleware.auth_context [None req-7eb02a10-116a-445d-8ced-c1628050bfc4 None None] Authenticating user token {{(pid=69328) process_request /opt/stack/data/venv/lib/python3.10/site-packages/keystonemiddleware/auth_token/__init__.py:406}}
Sep 12 12:37:05 ubuntu devstack@keystone.service[69328]: DEBUG keystone.server.flask.request_processing.middleware.auth_context [None req-7eb02a10-116a-445d-8ced-c1628050bfc4 None None] Validating token access rules against request {{(pid=69328) validate_allowed_request /opt/stack/data/venv/lib/python3.10/site-packages/keystonemiddleware/auth_token/__init__.py:544}}
Sep 12 12:37:05 ubuntu devstack@keystone.service[69328]: DEBUG keystone.server.flask.request_processing.middleware.auth_context [None req-aa19df34-fd94-470b-93ae-0904ad0e2b47 None admin] RBAC: auth_context: {'token': <TokenModel (audit_id=gXU04cB1TDqbuPXRh0QdZg, audit_chain_id=['gXU04cB1TDqbuPXRh0QdZg']) at 0x7f9f43be9600>, 'domain_id': None, 'trust_id': None, 'trustor_id': None, 'trustee_id': None, 'domain_name': None, 'group_ids': [], 'user_id': '9e5075a2cf5b445499e9e34e36e284d0', 'user_domain_id': 'default', 'system_scope': 'all', 'project_id': None, 'project_domain_id': None, 'roles': ['admin', 'manager', 'member', 'reader'], 'is_admin_project': True, 'service_user_id': None, 'service_user_domain_id': None, 'service_project_id': None, 'service_project_domain_id': None, 'service_roles': []} {{(pid=69328) fill_context /opt/stack/keystone/keystone/server/flask/request_processing/middleware/auth_context.py:511}}
Sep 12 12:37:05 ubuntu devstack@keystone.service[69328]: DEBUG keystone.server.flask.request_processing.req_logging [None req-aa19df34-fd94-470b-93ae-0904ad0e2b47 None admin] REQUEST_METHOD: `POST` {{(pid=69328) log_request_info /opt/stack/keystone/keystone/server/flask/request_processing/req_logging.py:26}}
Sep 12 12:37:05 ubuntu devstack@keystone.service[69328]: DEBUG keystone.server.flask.request_processing.req_logging [None req-aa19df34-fd94-470b-93ae-0904ad0e2b47 None admin] SCRIPT_NAME: `/identity` {{(pid=69328) log_request_info /opt/stack/keystone/keystone/server/flask/request_processing/req_logging.py:27}}
Sep 12 12:37:05 ubuntu devstack@keystone.service[69328]: DEBUG keystone.server.flask.request_processing.req_logging [None req-aa19df34-fd94-470b-93ae-0904ad0e2b47 None admin] PATH_INFO: `/v3/projects` {{(pid=69328) log_request_info /opt/stack/keystone/keystone/server/flask/request_processing/req_logging.py:28}}
Sep 12 12:37:05 ubuntu devstack@keystone.service[69328]: DEBUG keystone.common.rbac_enforcer.enforcer [None req-aa19df34-fd94-470b-93ae-0904ad0e2b47 None admin] RBAC: Authorizing `identity:create_project()` {{(pid=69328) enforce_call /opt/stack/keystone/keystone/common/rbac_enforcer/enforcer.py:503}}
Sep 12 12:37:05 ubuntu devstack@keystone.service[69328]: DEBUG keystone.common.rbac_enforcer.enforcer [None req-aa19df34-fd94-470b-93ae-0904ad0e2b47 None admin] RBAC: Authorization granted {{(pid=69328) enforce_call /opt/stack/keystone/keystone/common/rbac_enforcer/enforcer.py:514}}
Sep 12 12:37:05 ubuntu devstack@keystone.service[69328]: [pid: 69328|app: 0|req: 25/52] 10.201.5.82 () {60 vars in 1140 bytes} [Thu Sep 12 12:37:05 2024] POST /identity/v3/projects => generated 298 bytes in 74 msecs (HTTP/1.1 201) 5 headers in 182 bytes (1 switches on core 0)
Sep 12 12:37:06 ubuntu devstack@keystone.service[69329]: DEBUG keystone.server.flask.request_processing.req_logging [None req-e86f451a-17ef-48f8-b892-bfa0ab550f32 None None] REQUEST_METHOD: `GET` {{(pid=69329) log_request_info /opt/stack/keystone/keystone/server/flask/request_processing/req_logging.py:26}}
Sep 12 12:37:06 ubuntu devstack@keystone.service[69329]: DEBUG keystone.server.flask.request_processing.req_logging [None req-e86f451a-17ef-48f8-b892-bfa0ab550f32 None None] SCRIPT_NAME: `/identity` {{(pid=69329) log_request_info /opt/stack/keystone/keystone/server/flask/request_processing/req_logging.py:27}}
Sep 12 12:37:06 ubuntu devstack@keystone.service[69329]: DEBUG keystone.server.flask.request_processing.req_logging [None req-e86f451a-17ef-48f8-b892-bfa0ab550f32 None None] PATH_INFO: `/` {{(pid=69329) log_request_info /opt/stack/keystone/keystone/server/flask/request_processing/req_logging.py:28}}
Sep 12 12:37:06 ubuntu devstack@keystone.service[69329]: [pid: 69329|app: 0|req: 28/53] 10.201.5.82 () {54 vars in 926 bytes} [Thu Sep 12 12:37:06 2024] GET /identity => generated 270 bytes in 2 msecs (HTTP/1.1 300) 6 headers in 234 bytes (1 switches on core 0)
Sep 12 12:37:06 ubuntu devstack@keystone.service[69328]: DEBUG keystone.server.flask.request_processing.req_logging [None req-834bc135-56e7-4ae8-8993-7fed700f2640 None None] REQUEST_METHOD: `POST` {{(pid=69328) log_request_info /opt/stack/keystone/keystone/server/flask/request_processing/req_logging.py:26}}
Sep 12 12:37:06 ubuntu devstack@keystone.service[69328]: DEBUG keystone.server.flask.request_processing.req_logging [None req-834bc135-56e7-4ae8-8993-7fed700f2640 None None] SCRIPT_NAME: `/identity` {{(pid=69328) log_request_info /opt/stack/keystone/keystone/server/flask/request_processing/req_logging.py:27}}
Sep 12 12:37:06 ubuntu devstack@keystone.service[69328]: DEBUG keystone.server.flask.request_processing.req_logging [None req-834bc135-56e7-4ae8-8993-7fed700f2640 None None] PATH_INFO: `/v3/auth/tokens` {{(pid=69328) log_request_info /opt/stack/keystone/keystone/server/flask/request_processing/req_logging.py:28}}
Sep 12 12:37:06 ubuntu devstack@keystone.service[69328]: WARNING keystone.common.password_hashing [None req-834bc135-56e7-4ae8-8993-7fed700f2640 None None] Truncating password to algorithm specific maximum length 72 characters.
Sep 12 12:37:06 ubuntu devstack@keystone.service[69328]: DEBUG keystone.auth.core [None req-834bc135-56e7-4ae8-8993-7fed700f2640 None None] MFA Rules not processed for user `9e5075a2cf5b445499e9e34e36e284d0`. Rule list: `[]` (Enabled: `True`). {{(pid=69328) check_auth_methods_against_rules /opt/stack/keystone/keystone/auth/core.py:476}}
Sep 12 12:37:06 ubuntu devstack@keystone.service[69328]: DEBUG keystone.common.fernet_utils [None req-834bc135-56e7-4ae8-8993-7fed700f2640 None None] Loaded 2 Fernet keys from /etc/keystone/fernet-keys/, but `[fernet_tokens] max_active_keys = 3`; perhaps there have not been enough key rotations to reach `max_active_keys` yet? {{(pid=69328) load_keys /opt/stack/keystone/keystone/common/fernet_utils.py:298}}
Sep 12 12:37:06 ubuntu devstack@keystone.service[69328]: [pid: 69328|app: 0|req: 26/54] 10.201.5.82 () {58 vars in 1023 bytes} [Thu Sep 12 12:37:06 2024] POST /identity/v3/auth/tokens => generated 862 bytes in 58 msecs (HTTP/1.1 201) 6 headers in 363 bytes (1 switches on core 0)
Sep 12 12:37:06 ubuntu devstack@keystone.service[69329]: DEBUG keystone.server.flask.request_processing.middleware.auth_context [None req-e86f451a-17ef-48f8-b892-bfa0ab550f32 None None] Authenticating user token {{(pid=69329) process_request /opt/stack/data/venv/lib/python3.10/site-packages/keystonemiddleware/auth_token/__init__.py:406}}
