Sep 02 07:00:25 ubuntu devstack@keystone.service[69614]: WSGI app 0 (mountpoint='') ready in 2 seconds on interpreter 0x5559c0898d70 pid: 69614 (default app)
Sep 02 07:00:25 ubuntu devstack@keystone.service[69615]: DEBUG keystone.server.flask.request_processing.req_logging [None req-82d648ea-9916-4318-9ff1-4ad2b523d70e None None] REQUEST_METHOD: `GET` {{(pid=69615) log_request_info /opt/stack/keystone/keystone/server/flask/request_processing/req_logging.py:26}}
Sep 02 07:00:25 ubuntu devstack@keystone.service[69615]: DEBUG keystone.server.flask.request_processing.req_logging [None req-82d648ea-9916-4318-9ff1-4ad2b523d70e None None] SCRIPT_NAME: `/identity` {{(pid=69615) log_request_info /opt/stack/keystone/keystone/server/flask/request_processing/req_logging.py:27}}
Sep 02 07:00:25 ubuntu devstack@keystone.service[69615]: DEBUG keystone.server.flask.request_processing.req_logging [None req-82d648ea-9916-4318-9ff1-4ad2b523d70e None None] PATH_INFO: `/v3` {{(pid=69615) log_request_info /opt/stack/keystone/keystone/server/flask/request_processing/req_logging.py:28}}
Sep 02 07:00:25 ubuntu devstack@keystone.service[69615]: [pid: 69615|app: 0|req: 1/1] 10.201.5.82 () {50 vars in 791 bytes} [Mon Sep  2 07:00:25 2024] GET /identity/v3/ => generated 255 bytes in 2 msecs (HTTP/1.1 200) 5 headers in 177 bytes (1 switches on core 0)
Sep 02 07:00:31 ubuntu devstack@keystone.service[69614]: DEBUG keystone.server.flask.request_processing.req_logging [None req-bf3831b1-28d6-4cc2-84df-40bde1097420 None None] REQUEST_METHOD: `GET` {{(pid=69614) log_request_info /opt/stack/keystone/keystone/server/flask/request_processing/req_logging.py:26}}
Sep 02 07:00:31 ubuntu devstack@keystone.service[69614]: DEBUG keystone.server.flask.request_processing.req_logging [None req-bf3831b1-28d6-4cc2-84df-40bde1097420 None None] SCRIPT_NAME: `/identity` {{(pid=69614) log_request_info /opt/stack/keystone/keystone/server/flask/request_processing/req_logging.py:27}}
Sep 02 07:00:31 ubuntu devstack@keystone.service[69614]: DEBUG keystone.server.flask.request_processing.req_logging [None req-bf3831b1-28d6-4cc2-84df-40bde1097420 None None] PATH_INFO: `/` {{(pid=69614) log_request_info /opt/stack/keystone/keystone/server/flask/request_processing/req_logging.py:28}}
Sep 02 07:00:31 ubuntu devstack@keystone.service[69614]: [pid: 69614|app: 0|req: 1/2] 10.201.5.82 () {54 vars in 926 bytes} [Mon Sep  2 07:00:31 2024] GET /identity => generated 270 bytes in 4 msecs (HTTP/1.1 300) 6 headers in 234 bytes (1 switches on core 0)
Sep 02 07:00:31 ubuntu devstack@keystone.service[69615]: DEBUG keystone.server.flask.request_processing.req_logging [None req-8bc84ebe-9347-4476-ba44-d3fe1f94d6ec None None] REQUEST_METHOD: `POST` {{(pid=69615) log_request_info /opt/stack/keystone/keystone/server/flask/request_processing/req_logging.py:26}}
Sep 02 07:00:31 ubuntu devstack@keystone.service[69615]: DEBUG keystone.server.flask.request_processing.req_logging [None req-8bc84ebe-9347-4476-ba44-d3fe1f94d6ec None None] SCRIPT_NAME: `/identity` {{(pid=69615) log_request_info /opt/stack/keystone/keystone/server/flask/request_processing/req_logging.py:27}}
Sep 02 07:00:31 ubuntu devstack@keystone.service[69615]: DEBUG keystone.server.flask.request_processing.req_logging [None req-8bc84ebe-9347-4476-ba44-d3fe1f94d6ec None None] PATH_INFO: `/v3/auth/tokens` {{(pid=69615) log_request_info /opt/stack/keystone/keystone/server/flask/request_processing/req_logging.py:28}}
Sep 02 07:00:31 ubuntu devstack@keystone.service[69615]: INFO dbcounter [None req-8bc84ebe-9347-4476-ba44-d3fe1f94d6ec None None] Registered counter for database keystone
Sep 02 07:00:31 ubuntu devstack@keystone.service[69615]: DEBUG oslo_db.sqlalchemy.engines [None req-8bc84ebe-9347-4476-ba44-d3fe1f94d6ec None None] MySQL server mode set to STRICT_TRANS_TABLES,STRICT_ALL_TABLES,NO_ZERO_IN_DATE,NO_ZERO_DATE,ERROR_FOR_DIVISION_BY_ZERO,TRADITIONAL,NO_ENGINE_SUBSTITUTION {{(pid=69615) _check_effective_sql_mode /opt/stack/data/venv/lib/python3.10/site-packages/oslo_db/sqlalchemy/engines.py:342}}
Sep 02 07:00:31 ubuntu devstack@keystone.service[69615]: DEBUG dbcounter [-] [69615] Writer thread running {{(pid=69615) stat_writer /opt/stack/data/venv/lib/python3.10/site-packages/dbcounter.py:102}}
Sep 02 07:00:31 ubuntu devstack@keystone.service[69615]: WARNING keystone.common.password_hashing [None req-8bc84ebe-9347-4476-ba44-d3fe1f94d6ec None None] Truncating password to algorithm specific maximum length 72 characters.
Sep 02 07:00:31 ubuntu devstack@keystone.service[69615]: DEBUG passlib.handlers.bcrypt [None req-8bc84ebe-9347-4476-ba44-d3fe1f94d6ec None None] detected 'bcrypt' backend, version '4.0.1' {{(pid=69615) _load_backend_mixin /opt/stack/data/venv/lib/python3.10/site-packages/passlib/handlers/bcrypt.py:625}}
Sep 02 07:00:31 ubuntu devstack@keystone.service[69615]: DEBUG passlib.handlers.bcrypt [None req-8bc84ebe-9347-4476-ba44-d3fe1f94d6ec None None] 'bcrypt' backend lacks $2$ support, enabling workaround {{(pid=69615) _finalize_backend_mixin /opt/stack/data/venv/lib/python3.10/site-packages/passlib/handlers/bcrypt.py:406}}
Sep 02 07:00:31 ubuntu devstack@keystone.service[69615]: DEBUG keystone.auth.core [None req-8bc84ebe-9347-4476-ba44-d3fe1f94d6ec None None] MFA Rules not processed for user `2b945edb12eb4ac2a3b90220e6632702`. Rule list: `[]` (Enabled: `True`). {{(pid=69615) check_auth_methods_against_rules /opt/stack/keystone/keystone/auth/core.py:476}}
Sep 02 07:00:31 ubuntu devstack@keystone.service[69615]: DEBUG keystone.common.fernet_utils [None req-8bc84ebe-9347-4476-ba44-d3fe1f94d6ec None None] Loaded 2 Fernet keys from /etc/keystone/fernet-keys/, but `[fernet_tokens] max_active_keys = 3`; perhaps there have not been enough key rotations to reach `max_active_keys` yet? {{(pid=69615) load_keys /opt/stack/keystone/keystone/common/fernet_utils.py:298}}
Sep 02 07:00:31 ubuntu devstack@keystone.service[69615]: [pid: 69615|app: 0|req: 2/3] 10.201.5.82 () {58 vars in 1023 bytes} [Mon Sep  2 07:00:31 2024] POST /identity/v3/auth/tokens => generated 977 bytes in 274 msecs (HTTP/1.1 201) 6 headers in 384 bytes (2 switches on core 0)
Sep 02 07:00:31 ubuntu devstack@keystone.service[69614]: DEBUG keystone.server.flask.request_processing.middleware.auth_context [None req-bf3831b1-28d6-4cc2-84df-40bde1097420 None None] Authenticating user token {{(pid=69614) process_request /opt/stack/data/venv/lib/python3.10/site-packages/keystonemiddleware/auth_token/__init__.py:406}}
Sep 02 07:00:31 ubuntu devstack@keystone.service[69614]: INFO dbcounter [None req-bf3831b1-28d6-4cc2-84df-40bde1097420 None None] Registered counter for database keystone
Sep 02 07:00:31 ubuntu devstack@keystone.service[69614]: DEBUG oslo_db.sqlalchemy.engines [None req-bf3831b1-28d6-4cc2-84df-40bde1097420 None None] MySQL server mode set to STRICT_TRANS_TABLES,STRICT_ALL_TABLES,NO_ZERO_IN_DATE,NO_ZERO_DATE,ERROR_FOR_DIVISION_BY_ZERO,TRADITIONAL,NO_ENGINE_SUBSTITUTION {{(pid=69614) _check_effective_sql_mode /opt/stack/data/venv/lib/python3.10/site-packages/oslo_db/sqlalchemy/engines.py:342}}
Sep 02 07:00:31 ubuntu devstack@keystone.service[69614]: DEBUG dbcounter [-] [69614] Writer thread running {{(pid=69614) stat_writer /opt/stack/data/venv/lib/python3.10/site-packages/dbcounter.py:102}}
Sep 02 07:00:31 ubuntu devstack@keystone.service[69614]: DEBUG keystone.server.flask.request_processing.middleware.auth_context [None req-bf3831b1-28d6-4cc2-84df-40bde1097420 None None] Validating token access rules against request {{(pid=69614) validate_allowed_request /opt/stack/data/venv/lib/python3.10/site-packages/keystonemiddleware/auth_token/__init__.py:544}}
Sep 02 07:00:31 ubuntu devstack@keystone.service[69614]: DEBUG keystone.server.flask.request_processing.middleware.auth_context [None req-cec0700f-573c-4180-bcc5-e1ccceba4cc1 admin admin] RBAC: auth_context: {'token': <TokenModel (audit_id=nPH_G1OnSdmFaMKLsmmZ3w, audit_chain_id=['nPH_G1OnSdmFaMKLsmmZ3w']) at 0x7ff2063f78e0>, 'domain_id': None, 'trust_id': None, 'trustor_id': None, 'trustee_id': None, 'domain_name': None, 'group_ids': [], 'user_id': '2b945edb12eb4ac2a3b90220e6632702', 'user_domain_id': 'default', 'system_scope': None, 'project_id': '742090e3527e408a84e4772048230478', 'project_domain_id': 'default', 'roles': ['reader', 'manager', 'admin', 'member'], 'is_admin_project': True, 'service_user_id': None, 'service_user_domain_id': None, 'service_project_id': None, 'service_project_domain_id': None, 'service_roles': []} {{(pid=69614) fill_context /opt/stack/keystone/keystone/server/flask/request_processing/middleware/auth_context.py:511}}
Sep 02 07:00:31 ubuntu devstack@keystone.service[69614]: DEBUG keystone.server.flask.request_processing.req_logging [None req-cec0700f-573c-4180-bcc5-e1ccceba4cc1 admin admin] REQUEST_METHOD: `GET` {{(pid=69614) log_request_info /opt/stack/keystone/keystone/server/flask/request_processing/req_logging.py:26}}
Sep 02 07:00:31 ubuntu devstack@keystone.service[69614]: DEBUG keystone.server.flask.request_processing.req_logging [None req-cec0700f-573c-4180-bcc5-e1ccceba4cc1 admin admin] SCRIPT_NAME: `/identity` {{(pid=69614) log_request_info /opt/stack/keystone/keystone/server/flask/request_processing/req_logging.py:27}}
Sep 02 07:00:31 ubuntu devstack@keystone.service[69614]: DEBUG keystone.server.flask.request_processing.req_logging [None req-cec0700f-573c-4180-bcc5-e1ccceba4cc1 admin admin] PATH_INFO: `/v3/auth/tokens` {{(pid=69614) log_request_info /opt/stack/keystone/keystone/server/flask/request_processing/req_logging.py:28}}
Sep 02 07:00:31 ubuntu devstack@keystone.service[69614]: DEBUG keystone.common.rbac_enforcer.enforcer [None req-cec0700f-573c-4180-bcc5-e1ccceba4cc1 admin admin] RBAC: Authorizing `identity:validate_token()` {{(pid=69614) enforce_call /opt/stack/keystone/keystone/common/rbac_enforcer/enforcer.py:503}}
Sep 02 07:00:31 ubuntu devstack@keystone.service[69614]: WARNING keystone.common.rbac_enforcer.enforcer [None req-cec0700f-573c-4180-bcc5-e1ccceba4cc1 admin admin] Deprecated policy rules found. Use oslopolicy-policy-generator and oslopolicy-policy-upgrade to detect and resolve deprecated policies in your configuration.
Sep 02 07:00:31 ubuntu devstack@keystone.service[69614]: DEBUG keystone.common.rbac_enforcer.enforcer [None req-cec0700f-573c-4180-bcc5-e1ccceba4cc1 admin admin] RBAC: Authorization granted {{(pid=69614) enforce_call /opt/stack/keystone/keystone/common/rbac_enforcer/enforcer.py:514}}
Sep 02 07:00:31 ubuntu devstack@keystone.service[69614]: [pid: 69614|app: 0|req: 2/4] 10.201.5.82 () {58 vars in 1324 bytes} [Mon Sep  2 07:00:31 2024] GET /identity/v3/auth/tokens => generated 977 bytes in 162 msecs (HTTP/1.1 200) 6 headers in 379 bytes (1 switches on core 0)
Sep 02 07:00:31 ubuntu devstack@keystone.service[69615]: DEBUG keystone.server.flask.request_processing.middleware.auth_context [None req-8bc84ebe-9347-4476-ba44-d3fe1f94d6ec None None] Authenticating user token {{(pid=69615) process_request /opt/stack/data/venv/lib/python3.10/site-packages/keystonemiddleware/auth_token/__init__.py:406}}
Sep 02 07:00:31 ubuntu devstack@keystone.service[69615]: DEBUG keystone.server.flask.request_processing.middleware.auth_context [None req-8bc84ebe-9347-4476-ba44-d3fe1f94d6ec None None] Validating token access rules against request {{(pid=69615) validate_allowed_request /opt/stack/data/venv/lib/python3.10/site-packages/keystonemiddleware/auth_token/__init__.py:544}}
Sep 02 07:00:31 ubuntu devstack@keystone.service[69615]: DEBUG keystone.server.flask.request_processing.middleware.auth_context [None req-68cf1bb7-aa1f-4235-947e-434fdf37633d admin admin] RBAC: auth_context: {'token': <TokenModel (audit_id=nPH_G1OnSdmFaMKLsmmZ3w, audit_chain_id=['nPH_G1OnSdmFaMKLsmmZ3w']) at 0x7ff2063ff340>, 'domain_id': None, 'trust_id': None, 'trustor_id': None, 'trustee_id': None, 'domain_name': None, 'group_ids': [], 'user_id': '2b945edb12eb4ac2a3b90220e6632702', 'user_domain_id': 'default', 'system_scope': None, 'project_id': '742090e3527e408a84e4772048230478', 'project_domain_id': 'default', 'roles': ['reader', 'manager', 'admin', 'member'], 'is_admin_project': True, 'service_user_id': None, 'service_user_domain_id': None, 'service_project_id': None, 'service_project_domain_id': None, 'service_roles': []} {{(pid=69615) fill_context /opt/stack/keystone/keystone/server/flask/request_processing/middleware/auth_context.py:511}}
Sep 02 07:00:31 ubuntu devstack@keystone.service[69615]: DEBUG keystone.server.flask.request_processing.req_logging [None req-68cf1bb7-aa1f-4235-947e-434fdf37633d admin admin] REQUEST_METHOD: `GET` {{(pid=69615) log_request_info /opt/stack/keystone/keystone/server/flask/request_processing/req_logging.py:26}}
Sep 02 07:00:31 ubuntu devstack@keystone.service[69615]: DEBUG keystone.server.flask.request_processing.req_logging [None req-68cf1bb7-aa1f-4235-947e-434fdf37633d admin admin] SCRIPT_NAME: `/identity` {{(pid=69615) log_request_info /opt/stack/keystone/keystone/server/flask/request_processing/req_logging.py:27}}
Sep 02 07:00:31 ubuntu devstack@keystone.service[69615]: DEBUG keystone.server.flask.request_processing.req_logging [None req-68cf1bb7-aa1f-4235-947e-434fdf37633d admin admin] PATH_INFO: `/v3/projects/742090e3527e408a84e4772048230478` {{(pid=69615) log_request_info /opt/stack/keystone/keystone/server/flask/request_processing/req_logging.py:28}}
Sep 02 07:00:31 ubuntu devstack@keystone.service[69615]: DEBUG keystone.common.rbac_enforcer.enforcer [None req-68cf1bb7-aa1f-4235-947e-434fdf37633d admin admin] RBAC: Authorizing `identity:get_project(project_id=742090e3527e408a84e4772048230478)` {{(pid=69615) enforce_call /opt/stack/keystone/keystone/common/rbac_enforcer/enforcer.py:503}}
Sep 02 07:00:31 ubuntu devstack@keystone.service[69615]: WARNING keystone.common.rbac_enforcer.enforcer [None req-68cf1bb7-aa1f-4235-947e-434fdf37633d admin admin] Deprecated policy rules found. Use oslopolicy-policy-generator and oslopolicy-policy-upgrade to detect and resolve deprecated policies in your configuration.
Sep 02 07:00:31 ubuntu devstack@keystone.service[69615]: DEBUG keystone.common.rbac_enforcer.enforcer [None req-68cf1bb7-aa1f-4235-947e-434fdf37633d admin admin] RBAC: Authorization granted {{(pid=69615) enforce_call /opt/stack/keystone/keystone/common/rbac_enforcer/enforcer.py:514}}
Sep 02 07:00:31 ubuntu devstack@keystone.service[69615]: [pid: 69615|app: 0|req: 3/5] 10.201.5.82 () {56 vars in 1207 bytes} [Mon Sep  2 07:00:31 2024] GET /identity/v3/projects/742090e3527e408a84e4772048230478 => generated 344 bytes in 38 msecs (HTTP/1.1 200) 5 headers in 177 bytes (1 switches on core 0)
Sep 02 07:00:33 ubuntu devstack@keystone.service[69614]: DEBUG keystone.server.flask.request_processing.req_logging [None req-2c53c37e-1f16-4d61-82bc-f3050da96ddb None None] REQUEST_METHOD: `GET` {{(pid=69614) log_request_info /opt/stack/keystone/keystone/server/flask/request_processing/req_logging.py:26}}
Sep 02 07:00:33 ubuntu devstack@keystone.service[69614]: DEBUG keystone.server.flask.request_processing.req_logging [None req-2c53c37e-1f16-4d61-82bc-f3050da96ddb None None] SCRIPT_NAME: `/identity` {{(pid=69614) log_request_info /opt/stack/keystone/keystone/server/flask/request_processing/req_logging.py:27}}
Sep 02 07:00:33 ubuntu devstack@keystone.service[69614]: DEBUG keystone.server.flask.request_processing.req_logging [None req-2c53c37e-1f16-4d61-82bc-f3050da96ddb None None] PATH_INFO: `/` {{(pid=69614) log_request_info /opt/stack/keystone/keystone/server/flask/request_processing/req_logging.py:28}}
Sep 02 07:00:33 ubuntu devstack@keystone.service[69614]: [pid: 69614|app: 0|req: 3/6] 10.201.5.82 () {54 vars in 926 bytes} [Mon Sep  2 07:00:33 2024] GET /identity => generated 270 bytes in 2 msecs (HTTP/1.1 300) 6 headers in 234 bytes (1 switches on core 0)
Sep 02 07:00:33 ubuntu devstack@keystone.service[69615]: DEBUG keystone.server.flask.request_processing.req_logging [None req-dbb55f1f-c057-4cc3-8a07-411230545914 None None] REQUEST_METHOD: `POST` {{(pid=69615) log_request_info /opt/stack/keystone/keystone/server/flask/request_processing/req_logging.py:26}}
Sep 02 07:00:33 ubuntu devstack@keystone.service[69615]: DEBUG keystone.server.flask.request_processing.req_logging [None req-dbb55f1f-c057-4cc3-8a07-411230545914 None None] SCRIPT_NAME: `/identity` {{(pid=69615) log_request_info /opt/stack/keystone/keystone/server/flask/request_processing/req_logging.py:27}}
Sep 02 07:00:33 ubuntu devstack@keystone.service[69615]: DEBUG keystone.server.flask.request_processing.req_logging [None req-dbb55f1f-c057-4cc3-8a07-411230545914 None None] PATH_INFO: `/v3/auth/tokens` {{(pid=69615) log_request_info /opt/stack/keystone/keystone/server/flask/request_processing/req_logging.py:28}}
Sep 02 07:00:33 ubuntu devstack@keystone.service[69615]: WARNING keystone.common.password_hashing [None req-dbb55f1f-c057-4cc3-8a07-411230545914 None None] Truncating password to algorithm specific maximum length 72 characters.
Sep 02 07:00:33 ubuntu devstack@keystone.service[69615]: DEBUG keystone.auth.core [None req-dbb55f1f-c057-4cc3-8a07-411230545914 None None] MFA Rules not processed for user `2b945edb12eb4ac2a3b90220e6632702`. Rule list: `[]` (Enabled: `True`). {{(pid=69615) check_auth_methods_against_rules /opt/stack/keystone/keystone/auth/core.py:476}}
Sep 02 07:00:33 ubuntu devstack@keystone.service[69615]: DEBUG keystone.common.fernet_utils [None req-dbb55f1f-c057-4cc3-8a07-411230545914 None None] Loaded 2 Fernet keys from /etc/keystone/fernet-keys/, but `[fernet_tokens] max_active_keys = 3`; perhaps there have not been enough key rotations to reach `max_active_keys` yet? {{(pid=69615) load_keys /opt/stack/keystone/keystone/common/fernet_utils.py:298}}
Sep 02 07:00:33 ubuntu devstack@keystone.service[69615]: [pid: 69615|app: 0|req: 4/7] 10.201.5.82 () {58 vars in 1023 bytes} [Mon Sep  2 07:00:33 2024] POST /identity/v3/auth/tokens => generated 977 bytes in 31 msecs (HTTP/1.1 201) 6 headers in 384 bytes (1 switches on core 0)
Sep 02 07:00:33 ubuntu devstack@keystone.service[69614]: DEBUG keystone.server.flask.request_processing.middleware.auth_context [None req-2c53c37e-1f16-4d61-82bc-f3050da96ddb None None] Authenticating user token {{(pid=69614) process_request /opt/stack/data/venv/lib/python3.10/site-packages/keystonemiddleware/auth_token/__init__.py:406}}
Sep 02 07:00:33 ubuntu devstack@keystone.service[69614]: DEBUG keystone.server.flask.request_processing.middleware.auth_context [None req-2c53c37e-1f16-4d61-82bc-f3050da96ddb None None] Validating token access rules against request {{(pid=69614) validate_allowed_request /opt/stack/data/venv/lib/python3.10/site-packages/keystonemiddleware/auth_token/__init__.py:544}}
Sep 02 07:00:33 ubuntu devstack@keystone.service[69614]: DEBUG keystone.server.flask.request_processing.middleware.auth_context [None req-510d1a15-3b1f-48b7-84e0-2118d44f12ae admin admin] RBAC: auth_context: {'token': <TokenModel (audit_id=nB31Dwc8Q4iStjj1nsAA-A, audit_chain_id=['nB31Dwc8Q4iStjj1nsAA-A']) at 0x7ff20575bc40>, 'domain_id': None, 'trust_id': None, 'trustor_id': None, 'trustee_id': None, 'domain_name': None, 'group_ids': [], 'user_id': '2b945edb12eb4ac2a3b90220e6632702', 'user_domain_id': 'default', 'system_scope': None, 'project_id': '742090e3527e408a84e4772048230478', 'project_domain_id': 'default', 'roles': ['reader', 'manager', 'admin', 'member'], 'is_admin_project': True, 'service_user_id': None, 'service_user_domain_id': None, 'service_project_id': None, 'service_project_domain_id': None, 'service_roles': []} {{(pid=69614) fill_context /opt/stack/keystone/keystone/server/flask/request_processing/middleware/auth_context.py:511}}
Sep 02 07:00:33 ubuntu devstack@keystone.service[69614]: DEBUG keystone.server.flask.request_processing.req_logging [None req-510d1a15-3b1f-48b7-84e0-2118d44f12ae admin admin] REQUEST_METHOD: `GET` {{(pid=69614) log_request_info /opt/stack/keystone/keystone/server/flask/request_processing/req_logging.py:26}}
Sep 02 07:00:33 ubuntu devstack@keystone.service[69614]: DEBUG keystone.server.flask.request_processing.req_logging [None req-510d1a15-3b1f-48b7-84e0-2118d44f12ae admin admin] SCRIPT_NAME: `/identity` {{(pid=69614) log_request_info /opt/stack/keystone/keystone/server/flask/request_processing/req_logging.py:27}}
Sep 02 07:00:33 ubuntu devstack@keystone.service[69614]: DEBUG keystone.server.flask.request_processing.req_logging [None req-510d1a15-3b1f-48b7-84e0-2118d44f12ae admin admin] PATH_INFO: `/v3/auth/tokens` {{(pid=69614) log_request_info /opt/stack/keystone/keystone/server/flask/request_processing/req_logging.py:28}}
Sep 02 07:00:33 ubuntu devstack@keystone.service[69614]: DEBUG keystone.common.rbac_enforcer.enforcer [None req-510d1a15-3b1f-48b7-84e0-2118d44f12ae admin admin] RBAC: Authorizing `identity:validate_token()` {{(pid=69614) enforce_call /opt/stack/keystone/keystone/common/rbac_enforcer/enforcer.py:503}}
Sep 02 07:00:33 ubuntu devstack@keystone.service[69614]: DEBUG keystone.common.rbac_enforcer.enforcer [None req-510d1a15-3b1f-48b7-84e0-2118d44f12ae admin admin] RBAC: Authorization granted {{(pid=69614) enforce_call /opt/stack/keystone/keystone/common/rbac_enforcer/enforcer.py:514}}
Sep 02 07:00:33 ubuntu devstack@keystone.service[69615]: DEBUG keystone.server.flask.request_processing.middleware.auth_context [None req-dbb55f1f-c057-4cc3-8a07-411230545914 None None] Authenticating user token {{(pid=69615) process_request /opt/stack/data/venv/lib/python3.10/site-packages/keystonemiddleware/auth_token/__init__.py:406}}
Sep 02 07:00:33 ubuntu devstack@keystone.service[69614]: [pid: 69614|app: 0|req: 4/8] 10.201.5.82 () {58 vars in 1324 bytes} [Mon Sep  2 07:00:33 2024] GET /identity/v3/auth/tokens => generated 977 bytes in 20 msecs (HTTP/1.1 200) 6 headers in 379 bytes (1 switches on core 0)
Sep 02 07:00:33 ubuntu devstack@keystone.service[69615]: DEBUG keystone.server.flask.request_processing.middleware.auth_context [None req-dbb55f1f-c057-4cc3-8a07-411230545914 None None] Validating token access rules against request {{(pid=69615) validate_allowed_request /opt/stack/data/venv/lib/python3.10/site-packages/keystonemiddleware/auth_token/__init__.py:544}}
Sep 02 07:00:33 ubuntu devstack@keystone.service[69615]: DEBUG keystone.server.flask.request_processing.middleware.auth_context [None req-9096a6c0-d453-4b56-9e17-99590b75711e admin admin] RBAC: auth_context: {'token': <TokenModel (audit_id=nB31Dwc8Q4iStjj1nsAA-A, audit_chain_id=['nB31Dwc8Q4iStjj1nsAA-A']) at 0x7ff2063ff310>, 'domain_id': None, 'trust_id': None, 'trustor_id': None, 'trustee_id': None, 'domain_name': None, 'group_ids': [], 'user_id': '2b945edb12eb4ac2a3b90220e6632702', 'user_domain_id': 'default', 'system_scope': None, 'project_id': '742090e3527e408a84e4772048230478', 'project_domain_id': 'default', 'roles': ['reader', 'manager', 'admin', 'member'], 'is_admin_project': True, 'service_user_id': None, 'service_user_domain_id': None, 'service_project_id': None, 'service_project_domain_id': None, 'service_roles': []} {{(pid=69615) fill_context /opt/stack/keystone/keystone/server/flask/request_processing/middleware/auth_context.py:511}}
Sep 02 07:00:33 ubuntu devstack@keystone.service[69615]: DEBUG keystone.server.flask.request_processing.req_logging [None req-9096a6c0-d453-4b56-9e17-99590b75711e admin admin] REQUEST_METHOD: `GET` {{(pid=69615) log_request_info /opt/stack/keystone/keystone/server/flask/request_processing/req_logging.py:26}}
Sep 02 07:00:33 ubuntu devstack@keystone.service[69615]: DEBUG keystone.server.flask.request_processing.req_logging [None req-9096a6c0-d453-4b56-9e17-99590b75711e admin admin] SCRIPT_NAME: `/identity` {{(pid=69615) log_request_info /opt/stack/keystone/keystone/server/flask/request_processing/req_logging.py:27}}
Sep 02 07:00:33 ubuntu devstack@keystone.service[69615]: DEBUG keystone.server.flask.request_processing.req_logging [None req-9096a6c0-d453-4b56-9e17-99590b75711e admin admin] PATH_INFO: `/v3/users/2b945edb12eb4ac2a3b90220e6632702` {{(pid=69615) log_request_info /opt/stack/keystone/keystone/server/flask/request_processing/req_logging.py:28}}
Sep 02 07:00:33 ubuntu devstack@keystone.service[69615]: DEBUG keystone.common.rbac_enforcer.enforcer [None req-9096a6c0-d453-4b56-9e17-99590b75711e admin admin] RBAC: Authorizing `identity:get_user(user_id=2b945edb12eb4ac2a3b90220e6632702)` {{(pid=69615) enforce_call /opt/stack/keystone/keystone/common/rbac_enforcer/enforcer.py:503}}
Sep 02 07:00:33 ubuntu devstack@keystone.service[69615]: DEBUG keystone.common.rbac_enforcer.enforcer [None req-9096a6c0-d453-4b56-9e17-99590b75711e admin admin] RBAC: Authorization granted {{(pid=69615) enforce_call /opt/stack/keystone/keystone/common/rbac_enforcer/enforcer.py:514}}
Sep 02 07:00:33 ubuntu devstack@keystone.service[69615]: [pid: 69615|app: 0|req: 5/9] 10.201.5.82 () {56 vars in 1198 bytes} [Mon Sep  2 07:00:33 2024] GET /identity/v3/users/2b945edb12eb4ac2a3b90220e6632702 => generated 247 bytes in 15 msecs (HTTP/1.1 200) 5 headers in 177 bytes (1 switches on core 0)
Sep 02 07:00:34 ubuntu devstack@keystone.service[69614]: DEBUG keystone.server.flask.request_processing.req_logging [None req-4948092a-1e06-47f6-a4f4-4b41c4ee8d5e None None] REQUEST_METHOD: `GET` {{(pid=69614) log_request_info /opt/stack/keystone/keystone/server/flask/request_processing/req_logging.py:26}}
Sep 02 07:00:34 ubuntu devstack@keystone.service[69614]: DEBUG keystone.server.flask.request_processing.req_logging [None req-4948092a-1e06-47f6-a4f4-4b41c4ee8d5e None None] SCRIPT_NAME: `/identity` {{(pid=69614) log_request_info /opt/stack/keystone/keystone/server/flask/request_processing/req_logging.py:27}}
Sep 02 07:00:34 ubuntu devstack@keystone.service[69614]: DEBUG keystone.server.flask.request_processing.req_logging [None req-4948092a-1e06-47f6-a4f4-4b41c4ee8d5e None None] PATH_INFO: `/` {{(pid=69614) log_request_info /opt/stack/keystone/keystone/server/flask/request_processing/req_logging.py:28}}
Sep 02 07:00:34 ubuntu devstack@keystone.service[69614]: [pid: 69614|app: 0|req: 5/10] 10.201.5.82 () {54 vars in 926 bytes} [Mon Sep  2 07:00:34 2024] GET /identity => generated 270 bytes in 6 msecs (HTTP/1.1 300) 6 headers in 234 bytes (1 switches on core 0)
Sep 02 07:00:34 ubuntu devstack@keystone.service[69615]: DEBUG keystone.server.flask.request_processing.req_logging [None req-fd64ffab-59e0-4d79-be58-498435bc1f47 None None] REQUEST_METHOD: `POST` {{(pid=69615) log_request_info /opt/stack/keystone/keystone/server/flask/request_processing/req_logging.py:26}}
Sep 02 07:00:34 ubuntu devstack@keystone.service[69615]: DEBUG keystone.server.flask.request_processing.req_logging [None req-fd64ffab-59e0-4d79-be58-498435bc1f47 None None] SCRIPT_NAME: `/identity` {{(pid=69615) log_request_info /opt/stack/keystone/keystone/server/flask/request_processing/req_logging.py:27}}
Sep 02 07:00:34 ubuntu devstack@keystone.service[69615]: DEBUG keystone.server.flask.request_processing.req_logging [None req-fd64ffab-59e0-4d79-be58-498435bc1f47 None None] PATH_INFO: `/v3/auth/tokens` {{(pid=69615) log_request_info /opt/stack/keystone/keystone/server/flask/request_processing/req_logging.py:28}}
Sep 02 07:00:34 ubuntu devstack@keystone.service[69615]: WARNING keystone.common.password_hashing [None req-fd64ffab-59e0-4d79-be58-498435bc1f47 None None] Truncating password to algorithm specific maximum length 72 characters.
Sep 02 07:00:34 ubuntu devstack@keystone.service[69615]: DEBUG keystone.auth.core [None req-fd64ffab-59e0-4d79-be58-498435bc1f47 None None] MFA Rules not processed for user `2b945edb12eb4ac2a3b90220e6632702`. Rule list: `[]` (Enabled: `True`). {{(pid=69615) check_auth_methods_against_rules /opt/stack/keystone/keystone/auth/core.py:476}}
Sep 02 07:00:34 ubuntu devstack@keystone.service[69615]: DEBUG keystone.common.fernet_utils [None req-fd64ffab-59e0-4d79-be58-498435bc1f47 None None] Loaded 2 Fernet keys from /etc/keystone/fernet-keys/, but `[fernet_tokens] max_active_keys = 3`; perhaps there have not been enough key rotations to reach `max_active_keys` yet? {{(pid=69615) load_keys /opt/stack/keystone/keystone/common/fernet_utils.py:298}}
Sep 02 07:00:34 ubuntu devstack@keystone.service[69615]: [pid: 69615|app: 0|req: 6/11] 10.201.5.82 () {58 vars in 1023 bytes} [Mon Sep  2 07:00:34 2024] POST /identity/v3/auth/tokens => generated 862 bytes in 67 msecs (HTTP/1.1 201) 6 headers in 363 bytes (1 switches on core 0)
Sep 02 07:00:34 ubuntu devstack@keystone.service[69614]: DEBUG keystone.server.flask.request_processing.req_logging [None req-fd7558a6-24a5-4283-b5b1-f6cf748c66c2 None None] REQUEST_METHOD: `GET` {{(pid=69614) log_request_info /opt/stack/keystone/keystone/server/flask/request_processing/req_logging.py:26}}
Sep 02 07:00:34 ubuntu devstack@keystone.service[69614]: DEBUG keystone.server.flask.request_processing.req_logging [None req-fd7558a6-24a5-4283-b5b1-f6cf748c66c2 None None] SCRIPT_NAME: `/identity` {{(pid=69614) log_request_info /opt/stack/keystone/keystone/server/flask/request_processing/req_logging.py:27}}
Sep 02 07:00:34 ubuntu devstack@keystone.service[69614]: DEBUG keystone.server.flask.request_processing.req_logging [None req-fd7558a6-24a5-4283-b5b1-f6cf748c66c2 None None] PATH_INFO: `/` {{(pid=69614) log_request_info /opt/stack/keystone/keystone/server/flask/request_processing/req_logging.py:28}}
Sep 02 07:00:34 ubuntu devstack@keystone.service[69614]: [pid: 69614|app: 0|req: 6/12] 10.201.5.82 () {54 vars in 926 bytes} [Mon Sep  2 07:00:34 2024] GET /identity => generated 270 bytes in 5 msecs (HTTP/1.1 300) 6 headers in 234 bytes (1 switches on core 0)
Sep 02 07:00:34 ubuntu devstack@keystone.service[69615]: DEBUG keystone.server.flask.request_processing.req_logging [None req-7a3bccb9-2e74-4dc2-8f9c-87ba99d2b4d1 None None] REQUEST_METHOD: `POST` {{(pid=69615) log_request_info /opt/stack/keystone/keystone/server/flask/request_processing/req_logging.py:26}}
Sep 02 07:00:34 ubuntu devstack@keystone.service[69615]: DEBUG keystone.server.flask.request_processing.req_logging [None req-7a3bccb9-2e74-4dc2-8f9c-87ba99d2b4d1 None None] SCRIPT_NAME: `/identity` {{(pid=69615) log_request_info /opt/stack/keystone/keystone/server/flask/request_processing/req_logging.py:27}}
Sep 02 07:00:34 ubuntu devstack@keystone.service[69615]: DEBUG keystone.server.flask.request_processing.req_logging [None req-7a3bccb9-2e74-4dc2-8f9c-87ba99d2b4d1 None None] PATH_INFO: `/v3/auth/tokens` {{(pid=69615) log_request_info /opt/stack/keystone/keystone/server/flask/request_processing/req_logging.py:28}}
Sep 02 07:00:34 ubuntu devstack@keystone.service[69615]: WARNING keystone.common.password_hashing [None req-7a3bccb9-2e74-4dc2-8f9c-87ba99d2b4d1 None None] Truncating password to algorithm specific maximum length 72 characters.
Sep 02 07:00:34 ubuntu devstack@keystone.service[69615]: DEBUG keystone.auth.core [None req-7a3bccb9-2e74-4dc2-8f9c-87ba99d2b4d1 None None] MFA Rules not processed for user `2b945edb12eb4ac2a3b90220e6632702`. Rule list: `[]` (Enabled: `True`). {{(pid=69615) check_auth_methods_against_rules /opt/stack/keystone/keystone/auth/core.py:476}}
Sep 02 07:00:34 ubuntu devstack@keystone.service[69615]: DEBUG keystone.common.fernet_utils [None req-7a3bccb9-2e74-4dc2-8f9c-87ba99d2b4d1 None None] Loaded 2 Fernet keys from /etc/keystone/fernet-keys/, but `[fernet_tokens] max_active_keys = 3`; perhaps there have not been enough key rotations to reach `max_active_keys` yet? {{(pid=69615) load_keys /opt/stack/keystone/keystone/common/fernet_utils.py:298}}
Sep 02 07:00:34 ubuntu devstack@keystone.service[69614]: DEBUG keystone.server.flask.request_processing.middleware.auth_context [None req-fd7558a6-24a5-4283-b5b1-f6cf748c66c2 None None] Authenticating user token {{(pid=69614) process_request /opt/stack/data/venv/lib/python3.10/site-packages/keystonemiddleware/auth_token/__init__.py:406}}
Sep 02 07:00:34 ubuntu devstack@keystone.service[69615]: [pid: 69615|app: 0|req: 7/13] 10.201.5.82 () {58 vars in 1023 bytes} [Mon Sep  2 07:00:34 2024] POST /identity/v3/auth/tokens => generated 862 bytes in 60 msecs (HTTP/1.1 201) 6 headers in 363 bytes (1 switches on core 0)
Sep 02 07:00:34 ubuntu devstack@keystone.service[69614]: DEBUG keystone.server.flask.request_processing.middleware.auth_context [None req-fd7558a6-24a5-4283-b5b1-f6cf748c66c2 None None] Validating token access rules against request {{(pid=69614) validate_allowed_request /opt/stack/data/venv/lib/python3.10/site-packages/keystonemiddleware/auth_token/__init__.py:544}}
Sep 02 07:00:34 ubuntu devstack@keystone.service[69614]: DEBUG keystone.server.flask.request_processing.middleware.auth_context [None req-4651650a-d7a7-46ee-8344-8f3489e4cccb None admin] RBAC: auth_context: {'token': <TokenModel (audit_id=oq_thqz5RLyVIcCcW4DdsA, audit_chain_id=['oq_thqz5RLyVIcCcW4DdsA']) at 0x7ff205768820>, 'domain_id': None, 'trust_id': None, 'trustor_id': None, 'trustee_id': None, 'domain_name': None, 'group_ids': [], 'user_id': '2b945edb12eb4ac2a3b90220e6632702', 'user_domain_id': 'default', 'system_scope': 'all', 'project_id': None, 'project_domain_id': None, 'roles': ['admin', 'manager', 'member', 'reader'], 'is_admin_project': True, 'service_user_id': None, 'service_user_domain_id': None, 'service_project_id': None, 'service_project_domain_id': None, 'service_roles': []} {{(pid=69614) fill_context /opt/stack/keystone/keystone/server/flask/request_processing/middleware/auth_context.py:511}}
Sep 02 07:00:34 ubuntu devstack@keystone.service[69614]: DEBUG keystone.server.flask.request_processing.req_logging [None req-4651650a-d7a7-46ee-8344-8f3489e4cccb None admin] REQUEST_METHOD: `GET` {{(pid=69614) log_request_info /opt/stack/keystone/keystone/server/flask/request_processing/req_logging.py:26}}
Sep 02 07:00:34 ubuntu devstack@keystone.service[69614]: DEBUG keystone.server.flask.request_processing.req_logging [None req-4651650a-d7a7-46ee-8344-8f3489e4cccb None admin] SCRIPT_NAME: `/identity` {{(pid=69614) log_request_info /opt/stack/keystone/keystone/server/flask/request_processing/req_logging.py:27}}
Sep 02 07:00:34 ubuntu devstack@keystone.service[69614]: DEBUG keystone.server.flask.request_processing.req_logging [None req-4651650a-d7a7-46ee-8344-8f3489e4cccb None admin] PATH_INFO: `/v3/roles/admin` {{(pid=69614) log_request_info /opt/stack/keystone/keystone/server/flask/request_processing/req_logging.py:28}}
Sep 02 07:00:34 ubuntu devstack@keystone.service[69614]: DEBUG keystone.common.rbac_enforcer.enforcer [None req-4651650a-d7a7-46ee-8344-8f3489e4cccb None admin] Extracting inferred target data resulted in "NOT FOUND (404)". {{(pid=69614) enforce_call /opt/stack/keystone/keystone/common/rbac_enforcer/enforcer.py:453}}
Sep 02 07:00:34 ubuntu devstack@keystone.service[69614]: DEBUG keystone.server.flask.application [None req-4651650a-d7a7-46ee-8344-8f3489e4cccb None admin] Could not find role: admin. {{(pid=69614) _handle_keystone_exception /opt/stack/keystone/keystone/server/flask/application.py:96}}
Sep 02 07:00:34 ubuntu devstack@keystone.service[69614]: [pid: 69614|app: 0|req: 7/14] 10.201.5.82 () {56 vars in 1096 bytes} [Mon Sep  2 07:00:34 2024] GET /identity/v3/roles/admin => generated 83 bytes in 93 msecs (HTTP/1.1 404) 5 headers in 183 bytes (1 switches on core 0)
Sep 02 07:00:34 ubuntu devstack@keystone.service[69615]: DEBUG keystone.server.flask.request_processing.middleware.auth_context [None req-7a3bccb9-2e74-4dc2-8f9c-87ba99d2b4d1 None None] Authenticating user token {{(pid=69615) process_request /opt/stack/data/venv/lib/python3.10/site-packages/keystonemiddleware/auth_token/__init__.py:406}}
Sep 02 07:00:34 ubuntu devstack@keystone.service[69615]: DEBUG keystone.server.flask.request_processing.middleware.auth_context [None req-7a3bccb9-2e74-4dc2-8f9c-87ba99d2b4d1 None None] Validating token access rules against request {{(pid=69615) validate_allowed_request /opt/stack/data/venv/lib/python3.10/site-packages/keystonemiddleware/auth_token/__init__.py:544}}
Sep 02 07:00:34 ubuntu devstack@keystone.service[69614]: DEBUG keystone.server.flask.request_processing.middleware.auth_context [None req-4651650a-d7a7-46ee-8344-8f3489e4cccb None admin] Authenticating user token {{(pid=69614) process_request /opt/stack/data/venv/lib/python3.10/site-packages/keystonemiddleware/auth_token/__init__.py:406}}
Sep 02 07:00:34 ubuntu devstack@keystone.service[69615]: DEBUG keystone.server.flask.request_processing.middleware.auth_context [None req-927f7ae2-c960-4f66-b92f-9cd0b644ff8d None admin] RBAC: auth_context: {'token': <TokenModel (audit_id=oq_thqz5RLyVIcCcW4DdsA, audit_chain_id=['oq_thqz5RLyVIcCcW4DdsA']) at 0x7ff2056ff1f0>, 'domain_id': None, 'trust_id': None, 'trustor_id': None, 'trustee_id': None, 'domain_name': None, 'group_ids': [], 'user_id': '2b945edb12eb4ac2a3b90220e6632702', 'user_domain_id': 'default', 'system_scope': 'all', 'project_id': None, 'project_domain_id': None, 'roles': ['admin', 'manager', 'member', 'reader'], 'is_admin_project': True, 'service_user_id': None, 'service_user_domain_id': None, 'service_project_id': None, 'service_project_domain_id': None, 'service_roles': []} {{(pid=69615) fill_context /opt/stack/keystone/keystone/server/flask/request_processing/middleware/auth_context.py:511}}
Sep 02 07:00:34 ubuntu devstack@keystone.service[69615]: DEBUG keystone.server.flask.request_processing.req_logging [None req-927f7ae2-c960-4f66-b92f-9cd0b644ff8d None admin] REQUEST_METHOD: `GET` {{(pid=69615) log_request_info /opt/stack/keystone/keystone/server/flask/request_processing/req_logging.py:26}}
Sep 02 07:00:34 ubuntu devstack@keystone.service[69615]: DEBUG keystone.server.flask.request_processing.req_logging [None req-927f7ae2-c960-4f66-b92f-9cd0b644ff8d None admin] SCRIPT_NAME: `/identity` {{(pid=69615) log_request_info /opt/stack/keystone/keystone/server/flask/request_processing/req_logging.py:27}}
Sep 02 07:00:34 ubuntu devstack@keystone.service[69615]: DEBUG keystone.server.flask.request_processing.req_logging [None req-927f7ae2-c960-4f66-b92f-9cd0b644ff8d None admin] PATH_INFO: `/v3/roles` {{(pid=69615) log_request_info /opt/stack/keystone/keystone/server/flask/request_processing/req_logging.py:28}}
Sep 02 07:00:34 ubuntu devstack@keystone.service[69615]: DEBUG keystone.common.rbac_enforcer.enforcer [None req-927f7ae2-c960-4f66-b92f-9cd0b644ff8d None admin] RBAC: Adding query filter params (name=admin) {{(pid=69615) _extract_filter_values /opt/stack/keystone/keystone/common/rbac_enforcer/enforcer.py:184}}
Sep 02 07:00:34 ubuntu devstack@keystone.service[69615]: DEBUG keystone.common.rbac_enforcer.enforcer [None req-927f7ae2-c960-4f66-b92f-9cd0b644ff8d None admin] RBAC: Authorizing `identity:list_roles()` {{(pid=69615) enforce_call /opt/stack/keystone/keystone/common/rbac_enforcer/enforcer.py:503}}
Sep 02 07:00:34 ubuntu devstack@keystone.service[69615]: DEBUG keystone.common.rbac_enforcer.enforcer [None req-927f7ae2-c960-4f66-b92f-9cd0b644ff8d None admin] RBAC: Authorization granted {{(pid=69615) enforce_call /opt/stack/keystone/keystone/common/rbac_enforcer/enforcer.py:514}}
Sep 02 07:00:34 ubuntu devstack@keystone.service[69615]: [pid: 69615|app: 0|req: 8/15] 10.201.5.82 () {56 vars in 1099 bytes} [Mon Sep  2 07:00:34 2024] GET /identity/v3/roles?name=admin => generated 339 bytes in 63 msecs (HTTP/1.1 200) 5 headers in 177 bytes (1 switches on core 0)
Sep 02 07:00:34 ubuntu devstack@keystone.service[69615]: DEBUG keystone.server.flask.request_processing.middleware.auth_context [None req-927f7ae2-c960-4f66-b92f-9cd0b644ff8d None admin] Authenticating user token {{(pid=69615) process_request /opt/stack/data/venv/lib/python3.10/site-packages/keystonemiddleware/auth_token/__init__.py:406}}
Sep 02 07:00:34 ubuntu devstack@keystone.service[69614]: DEBUG keystone.server.flask.request_processing.middleware.auth_context [None req-4651650a-d7a7-46ee-8344-8f3489e4cccb None admin] Validating token access rules against request {{(pid=69614) validate_allowed_request /opt/stack/data/venv/lib/python3.10/site-packages/keystonemiddleware/auth_token/__init__.py:544}}
Sep 02 07:00:34 ubuntu devstack@keystone.service[69614]: DEBUG keystone.server.flask.request_processing.middleware.auth_context [None req-2791c520-bbe9-4305-b149-ae2a570fd5e0 None admin] RBAC: auth_context: {'token': <TokenModel (audit_id=GAYiKFkmSmy2CcWu3iY3sw, audit_chain_id=['GAYiKFkmSmy2CcWu3iY3sw']) at 0x7ff205651bd0>, 'domain_id': None, 'trust_id': None, 'trustor_id': None, 'trustee_id': None, 'domain_name': None, 'group_ids': [], 'user_id': '2b945edb12eb4ac2a3b90220e6632702', 'user_domain_id': 'default', 'system_scope': 'all', 'project_id': None, 'project_domain_id': None, 'roles': ['admin', 'manager', 'member', 'reader'], 'is_admin_project': True, 'service_user_id': None, 'service_user_domain_id': None, 'service_project_id': None, 'service_project_domain_id': None, 'service_roles': []} {{(pid=69614) fill_context /opt/stack/keystone/keystone/server/flask/request_processing/middleware/auth_context.py:511}}
Sep 02 07:00:34 ubuntu devstack@keystone.service[69614]: DEBUG keystone.server.flask.request_processing.req_logging [None req-2791c520-bbe9-4305-b149-ae2a570fd5e0 None admin] REQUEST_METHOD: `POST` {{(pid=69614) log_request_info /opt/stack/keystone/keystone/server/flask/request_processing/req_logging.py:26}}
Sep 02 07:00:34 ubuntu devstack@keystone.service[69614]: DEBUG keystone.server.flask.request_processing.req_logging [None req-2791c520-bbe9-4305-b149-ae2a570fd5e0 None admin] SCRIPT_NAME: `/identity` {{(pid=69614) log_request_info /opt/stack/keystone/keystone/server/flask/request_processing/req_logging.py:27}}
Sep 02 07:00:34 ubuntu devstack@keystone.service[69614]: DEBUG keystone.server.flask.request_processing.req_logging [None req-2791c520-bbe9-4305-b149-ae2a570fd5e0 None admin] PATH_INFO: `/v3/domains` {{(pid=69614) log_request_info /opt/stack/keystone/keystone/server/flask/request_processing/req_logging.py:28}}
Sep 02 07:00:34 ubuntu devstack@keystone.service[69614]: DEBUG keystone.common.rbac_enforcer.enforcer [None req-2791c520-bbe9-4305-b149-ae2a570fd5e0 None admin] RBAC: Authorizing `identity:create_domain()` {{(pid=69614) enforce_call /opt/stack/keystone/keystone/common/rbac_enforcer/enforcer.py:503}}
Sep 02 07:00:34 ubuntu devstack@keystone.service[69614]: DEBUG keystone.common.rbac_enforcer.enforcer [None req-2791c520-bbe9-4305-b149-ae2a570fd5e0 None admin] RBAC: Authorization granted {{(pid=69614) enforce_call /opt/stack/keystone/keystone/common/rbac_enforcer/enforcer.py:514}}
Sep 02 07:00:34 ubuntu devstack@keystone.service[69615]: DEBUG keystone.server.flask.request_processing.middleware.auth_context [None req-927f7ae2-c960-4f66-b92f-9cd0b644ff8d None admin] Validating token access rules against request {{(pid=69615) validate_allowed_request /opt/stack/data/venv/lib/python3.10/site-packages/keystonemiddleware/auth_token/__init__.py:544}}
Sep 02 07:00:34 ubuntu devstack@keystone.service[69614]: DEBUG keystone.common.sql.core [None req-2791c520-bbe9-4305-b149-ae2a570fd5e0 None admin] Conflict project: (pymysql.err.IntegrityError) (1062, "Duplicate entry '<<keystone.domain.root>>-Default' for key 'project.ixu_project_name_domain_id'")
Sep 02 07:00:34 ubuntu devstack@keystone.service[69614]: [SQL: INSERT INTO project (id, name, domain_id, description, enabled, extra, parent_id, is_domain) VALUES (%(id)s, %(name)s, %(domain_id)s, %(description)s, %(enabled)s, %(extra)s, %(parent_id)s, %(is_domain)s)]
Sep 02 07:00:34 ubuntu devstack@keystone.service[69614]: [parameters: {'id': 'ead38017d93e4719ad49d2508eb5b995', 'name': 'Default', 'domain_id': '<<keystone.domain.root>>', 'description': '', 'enabled': 1, 'extra': '{}', 'parent_id': None, 'is_domain': 1}]
Sep 02 07:00:34 ubuntu devstack@keystone.service[69614]: (Background on this error at: https://sqlalche.me/e/20/gkpj) {{(pid=69614) wrapper /opt/stack/keystone/keystone/common/sql/core.py:547}}
Sep 02 07:00:34 ubuntu devstack@keystone.service[69615]: DEBUG keystone.server.flask.request_processing.middleware.auth_context [None req-2470df59-edf7-4f6d-92b5-c54e6aa279a5 None admin] RBAC: auth_context: {'token': <TokenModel (audit_id=oq_thqz5RLyVIcCcW4DdsA, audit_chain_id=['oq_thqz5RLyVIcCcW4DdsA']) at 0x7ff2056fd360>, 'domain_id': None, 'trust_id': None, 'trustor_id': None, 'trustee_id': None, 'domain_name': None, 'group_ids': [], 'user_id': '2b945edb12eb4ac2a3b90220e6632702', 'user_domain_id': 'default', 'system_scope': 'all', 'project_id': None, 'project_domain_id': None, 'roles': ['admin', 'manager', 'member', 'reader'], 'is_admin_project': True, 'service_user_id': None, 'service_user_domain_id': None, 'service_project_id': None, 'service_project_domain_id': None, 'service_roles': []} {{(pid=69615) fill_context /opt/stack/keystone/keystone/server/flask/request_processing/middleware/auth_context.py:511}}
Sep 02 07:00:34 ubuntu devstack@keystone.service[69615]: DEBUG keystone.server.flask.request_processing.req_logging [None req-2470df59-edf7-4f6d-92b5-c54e6aa279a5 None admin] REQUEST_METHOD: `GET` {{(pid=69615) log_request_info /opt/stack/keystone/keystone/server/flask/request_processing/req_logging.py:26}}
Sep 02 07:00:34 ubuntu devstack@keystone.service[69615]: DEBUG keystone.server.flask.request_processing.req_logging [None req-2470df59-edf7-4f6d-92b5-c54e6aa279a5 None admin] SCRIPT_NAME: `/identity` {{(pid=69615) log_request_info /opt/stack/keystone/keystone/server/flask/request_processing/req_logging.py:27}}
Sep 02 07:00:34 ubuntu devstack@keystone.service[69615]: DEBUG keystone.server.flask.request_processing.req_logging [None req-2470df59-edf7-4f6d-92b5-c54e6aa279a5 None admin] PATH_INFO: `/v3/users/2b945edb12eb4ac2a3b90220e6632702` {{(pid=69615) log_request_info /opt/stack/keystone/keystone/server/flask/request_processing/req_logging.py:28}}
Sep 02 07:00:34 ubuntu devstack@keystone.service[69614]: ERROR keystone.server.flask.application [None req-2791c520-bbe9-4305-b149-ae2a570fd5e0 None admin] Conflict occurred attempting to store project - it is not permitted to have two projects acting as domains with the same name: Default.: keystone.exception.Conflict: Conflict occurred attempting to store project - it is not permitted to have two projects acting as domains with the same name: Default.
Sep 02 07:00:34 ubuntu devstack@keystone.service[69614]: ERROR keystone.server.flask.application Traceback (most recent call last):
Sep 02 07:00:34 ubuntu devstack@keystone.service[69614]: ERROR keystone.server.flask.application   File "/opt/stack/data/venv/lib/python3.10/site-packages/sqlalchemy/engine/base.py", line 1967, in _exec_single_context
Sep 02 07:00:34 ubuntu devstack@keystone.service[69614]: ERROR keystone.server.flask.application     self.dialect.do_execute(
Sep 02 07:00:34 ubuntu devstack@keystone.service[69614]: ERROR keystone.server.flask.application   File "/opt/stack/data/venv/lib/python3.10/site-packages/sqlalchemy/engine/default.py", line 941, in do_execute
Sep 02 07:00:34 ubuntu devstack@keystone.service[69614]: ERROR keystone.server.flask.application     cursor.execute(statement, parameters)
Sep 02 07:00:34 ubuntu devstack@keystone.service[69614]: ERROR keystone.server.flask.application   File "/opt/stack/data/venv/lib/python3.10/site-packages/pymysql/cursors.py", line 153, in execute
Sep 02 07:00:34 ubuntu devstack@keystone.service[69614]: ERROR keystone.server.flask.application     result = self._query(query)
Sep 02 07:00:34 ubuntu devstack@keystone.service[69614]: ERROR keystone.server.flask.application   File "/opt/stack/data/venv/lib/python3.10/site-packages/pymysql/cursors.py", line 322, in _query
Sep 02 07:00:34 ubuntu devstack@keystone.service[69614]: ERROR keystone.server.flask.application     conn.query(q)
Sep 02 07:00:34 ubuntu devstack@keystone.service[69614]: ERROR keystone.server.flask.application   File "/opt/stack/data/venv/lib/python3.10/site-packages/pymysql/connections.py", line 563, in query
Sep 02 07:00:34 ubuntu devstack@keystone.service[69614]: ERROR keystone.server.flask.application     self._affected_rows = self._read_query_result(unbuffered=unbuffered)
Sep 02 07:00:34 ubuntu devstack@keystone.service[69614]: ERROR keystone.server.flask.application   File "/opt/stack/data/venv/lib/python3.10/site-packages/pymysql/connections.py", line 825, in _read_query_result
Sep 02 07:00:34 ubuntu devstack@keystone.service[69614]: ERROR keystone.server.flask.application     result.read()
Sep 02 07:00:34 ubuntu devstack@keystone.service[69614]: ERROR keystone.server.flask.application   File "/opt/stack/data/venv/lib/python3.10/site-packages/pymysql/connections.py", line 1199, in read
Sep 02 07:00:34 ubuntu devstack@keystone.service[69614]: ERROR keystone.server.flask.application     first_packet = self.connection._read_packet()
Sep 02 07:00:34 ubuntu devstack@keystone.service[69614]: ERROR keystone.server.flask.application   File "/opt/stack/data/venv/lib/python3.10/site-packages/pymysql/connections.py", line 775, in _read_packet
Sep 02 07:00:34 ubuntu devstack@keystone.service[69614]: ERROR keystone.server.flask.application     packet.raise_for_error()
Sep 02 07:00:34 ubuntu devstack@keystone.service[69614]: ERROR keystone.server.flask.application   File "/opt/stack/data/venv/lib/python3.10/site-packages/pymysql/protocol.py", line 219, in raise_for_error
Sep 02 07:00:34 ubuntu devstack@keystone.service[69614]: ERROR keystone.server.flask.application     err.raise_mysql_exception(self._data)
Sep 02 07:00:34 ubuntu devstack@keystone.service[69614]: ERROR keystone.server.flask.application   File "/opt/stack/data/venv/lib/python3.10/site-packages/pymysql/err.py", line 150, in raise_mysql_exception
Sep 02 07:00:34 ubuntu devstack@keystone.service[69614]: ERROR keystone.server.flask.application     raise errorclass(errno, errval)
Sep 02 07:00:34 ubuntu devstack@keystone.service[69614]: ERROR keystone.server.flask.application pymysql.err.IntegrityError: (1062, "Duplicate entry '<<keystone.domain.root>>-Default' for key 'project.ixu_project_name_domain_id'")
