Mar 15 10:00:10 ubuntu neutron-server[104541]: INFO oslo_service.service [None req-8ff89571-67f9-4af6-a7f4-1fb1c1466e8d None None] Starting 1 workers
Mar 15 10:00:10 ubuntu neutron-server[104732]: INFO neutron.db.ovn_hash_ring_db [None req-81ee68ab-8237-4912-8905-d7927d58c9b4 None None] Nodes from host "ubuntu" and group "mechanism_driver" removed from the Hash Ring
Mar 15 10:00:10 ubuntu neutron-server[104541]: DEBUG oslo_service.service [None req-8ff89571-67f9-4af6-a7f4-1fb1c1466e8d None None] Started child 104736 {{(pid=104541) _start_child /opt/stack/data/venv/lib/python3.10/site-packages/oslo_service/service.py:579}}
Mar 15 10:00:10 ubuntu neutron-server[104541]: INFO oslo_service.service [None req-8ff89571-67f9-4af6-a7f4-1fb1c1466e8d None None] Starting 1 workers
Mar 15 10:00:10 ubuntu neutron-server[104735]: DEBUG neutron.service [None req-8ff89571-67f9-4af6-a7f4-1fb1c1466e8d None None] calling RpcWorker wait() {{(pid=104735) _wait /opt/stack/neutron/neutron/service.py:127}}
Mar 15 10:00:10 ubuntu neutron-server[104735]: DEBUG neutron.service [None req-8ff89571-67f9-4af6-a7f4-1fb1c1466e8d None None] returning from RpcWorker wait() {{(pid=104735) _wait /opt/stack/neutron/neutron/service.py:134}}
Mar 15 10:00:10 ubuntu neutron-server[104735]: DEBUG neutron_lib.callbacks.manager [-] Publish callbacks ['neutron.plugins.ml2.drivers.ovn.mech_driver.mech_driver.OVNMechanismDriver.post_fork_initialize-462688'] for process (None), after_init {{(pid=104735) _notify_loop /opt/stack/data/venv/lib/python3.10/site-packages/neutron_lib/callbacks/manager.py:184}}
Mar 15 10:00:10 ubuntu neutron-server[104541]: DEBUG oslo_service.service [None req-8ff89571-67f9-4af6-a7f4-1fb1c1466e8d None None] Started child 104737 {{(pid=104541) _start_child /opt/stack/data/venv/lib/python3.10/site-packages/oslo_service/service.py:579}}
Mar 15 10:00:10 ubuntu neutron-server[104735]: INFO neutron.plugins.ml2.drivers.ovn.mech_driver.ovsdb.impl_idl_ovn [-] Getting OvsdbNbOvnIdl for RpcWorker with retry
Mar 15 10:00:10 ubuntu neutron-server[104736]: DEBUG neutron_lib.callbacks.manager [-] Publish callbacks ['neutron.plugins.ml2.drivers.ovn.mech_driver.mech_driver.OVNMechanismDriver.post_fork_initialize-462688'] for process (None), after_init {{(pid=104736) _notify_loop /opt/stack/data/venv/lib/python3.10/site-packages/neutron_lib/callbacks/manager.py:184}}
Mar 15 10:00:10 ubuntu neutron-server[104732]: INFO neutron.db.ovn_hash_ring_db [None req-81ee68ab-8237-4912-8905-d7927d58c9b4 None None] Node f21f50a1-b48d-4fd7-92a4-6271a2b323cd from host "ubuntu" and group "mechanism_driver" added to the Hash Ring
Mar 15 10:00:10 ubuntu neutron-server[104541]: DEBUG neutron_lib.callbacks.manager [None req-8ff89571-67f9-4af6-a7f4-1fb1c1466e8d None None] Publish callbacks [] for process (None), after_spawn {{(pid=104541) _notify_loop /opt/stack/data/venv/lib/python3.10/site-packages/neutron_lib/callbacks/manager.py:184}}
Mar 15 10:00:10 ubuntu neutron-server[104732]: DEBUG neutron.plugins.ml2.drivers.ovn.mech_driver.ovsdb.maintenance [None req-81ee68ab-8237-4912-8905-d7927d58c9b4 None None] Periodic task found: HashRingHealthCheckPeriodics.touch_hash_ring_nodes {{(pid=104732) add_periodics /opt/stack/neutron/neutron/plugins/ml2/drivers/ovn/mech_driver/ovsdb/maintenance.py:81}}
Mar 15 10:00:10 ubuntu neutron-server[104736]: INFO neutron.plugins.ml2.drivers.ovn.mech_driver.ovsdb.impl_idl_ovn [-] Getting OvsdbNbOvnIdl for MaintenanceWorker with retry
Mar 15 10:00:10 ubuntu neutron-server[104732]: INFO neutron.plugins.ml2.drivers.ovn.mech_driver.mech_driver [None req-81ee68ab-8237-4912-8905-d7927d58c9b4 None None] Hash Ring probing thread has started
Mar 15 10:00:10 ubuntu neutron-server[104732]: DEBUG oslo_concurrency.lockutils [None req-81ee68ab-8237-4912-8905-d7927d58c9b4 None None] Lock "hash_ring_probe_lock" "released" by "neutron.plugins.ml2.drivers.ovn.mech_driver.mech_driver.OVNMechanismDriver._setup_hash_ring" :: held 0.034s {{(pid=104732) inner /opt/stack/data/venv/lib/python3.10/site-packages/oslo_concurrency/lockutils.py:421}}
Mar 15 10:00:10 ubuntu neutron-server[104541]: DEBUG oslo_service.service [-] Full set of CONF: {{(pid=104541) wait /opt/stack/data/venv/lib/python3.10/site-packages/oslo_service/service.py:653}}
Mar 15 10:00:10 ubuntu neutron-server[104541]: DEBUG oslo_service.service [-] ******************************************************************************** {{(pid=104541) log_opt_values /opt/stack/data/venv/lib/python3.10/site-packages/oslo_config/cfg.py:2600}}
Mar 15 10:00:10 ubuntu neutron-server[104541]: DEBUG oslo_service.service [-] Configuration options gathered from: {{(pid=104541) log_opt_values /opt/stack/data/venv/lib/python3.10/site-packages/oslo_config/cfg.py:2601}}
Mar 15 10:00:10 ubuntu neutron-server[104733]: DEBUG oslo_concurrency.lockutils [-] Lock "hash_ring_probe_lock" acquired by "neutron.plugins.ml2.drivers.ovn.mech_driver.mech_driver.OVNMechanismDriver._setup_hash_ring" :: waited 0.033s {{(pid=104733) inner /opt/stack/data/venv/lib/python3.10/site-packages/oslo_concurrency/lockutils.py:407}}
Mar 15 10:00:10 ubuntu neutron-server[104541]: DEBUG oslo_service.service [-] command line args: ['--config-file', '/etc/neutron/neutron.conf', '--config-file', '/etc/neutron/plugins/ml2/ml2_conf.ini'] {{(pid=104541) log_opt_values /opt/stack/data/venv/lib/python3.10/site-packages/oslo_config/cfg.py:2602}}
Mar 15 10:00:10 ubuntu neutron-server[104541]: DEBUG oslo_service.service [-] config files: ['/etc/neutron/neutron.conf', '/etc/neutron/plugins/ml2/ml2_conf.ini'] {{(pid=104541) log_opt_values /opt/stack/data/venv/lib/python3.10/site-packages/oslo_config/cfg.py:2603}}
Mar 15 10:00:10 ubuntu neutron-server[104732]: INFO neutron.plugins.ml2.drivers.ovn.mech_driver.ovsdb.impl_idl_ovn [None req-81ee68ab-8237-4912-8905-d7927d58c9b4 None None] Getting OvsdbNbOvnIdl for WorkerService with retry
Mar 15 10:00:10 ubuntu neutron-server[104541]: DEBUG oslo_service.service [-] ================================================================================ {{(pid=104541) log_opt_values /opt/stack/data/venv/lib/python3.10/site-packages/oslo_config/cfg.py:2605}}
Mar 15 10:00:10 ubuntu neutron-server[104541]: DEBUG oslo_service.service [-] agent_down_time                = 75 {{(pid=104541) log_opt_values /opt/stack/data/venv/lib/python3.10/site-packages/oslo_config/cfg.py:2613}}
Mar 15 10:00:10 ubuntu neutron-server[104541]: DEBUG oslo_service.service [-] allow_automatic_dhcp_failover  = True {{(pid=104541) log_opt_values /opt/stack/data/venv/lib/python3.10/site-packages/oslo_config/cfg.py:2613}}
Mar 15 10:00:10 ubuntu neutron-server[104541]: DEBUG oslo_service.service [-] allow_bulk                     = True {{(pid=104541) log_opt_values /opt/stack/data/venv/lib/python3.10/site-packages/oslo_config/cfg.py:2613}}
Mar 15 10:00:10 ubuntu neutron-server[104541]: DEBUG oslo_service.service [-] allowed_conntrack_helpers      = [{'amanda': 'tcp'}, {'ftp': 'tcp'}, {'h323': 'udp'}, {'h323': 'tcp'}, {'irc': 'tcp'}, {'netbios-ns': 'udp'}, {'pptp': 'tcp'}, {'sane': 'tcp'}, {'sip': 'udp'}, {'sip': 'tcp'}, {'snmp': 'udp'}, {'tftp': 'udp'}] {{(pid=104541) log_opt_values /opt/stack/data/venv/lib/python3.10/site-packages/oslo_config/cfg.py:2613}}
Mar 15 10:00:10 ubuntu neutron-server[104541]: DEBUG oslo_service.service [-] api_extensions_path            =  {{(pid=104541) log_opt_values /opt/stack/data/venv/lib/python3.10/site-packages/oslo_config/cfg.py:2613}}
Mar 15 10:00:10 ubuntu neutron-server[104541]: DEBUG oslo_service.service [-] api_paste_config               = api-paste.ini {{(pid=104541) log_opt_values /opt/stack/data/venv/lib/python3.10/site-packages/oslo_config/cfg.py:2613}}
Mar 15 10:00:10 ubuntu neutron-server[104541]: DEBUG oslo_service.service [-] api_workers                    = 2 {{(pid=104541) log_opt_values /opt/stack/data/venv/lib/python3.10/site-packages/oslo_config/cfg.py:2613}}
Mar 15 10:00:10 ubuntu neutron-server[104541]: DEBUG oslo_service.service [-] auth_strategy                  = keystone {{(pid=104541) log_opt_values /opt/stack/data/venv/lib/python3.10/site-packages/oslo_config/cfg.py:2613}}
Mar 15 10:00:10 ubuntu neutron-server[104541]: DEBUG oslo_service.service [-] backdoor_port                  = None {{(pid=104541) log_opt_values /opt/stack/data/venv/lib/python3.10/site-packages/oslo_config/cfg.py:2613}}
Mar 15 10:00:10 ubuntu neutron-server[104541]: DEBUG oslo_service.service [-] backdoor_socket                = None {{(pid=104541) log_opt_values /opt/stack/data/venv/lib/python3.10/site-packages/oslo_config/cfg.py:2613}}
Mar 15 10:00:10 ubuntu neutron-server[104541]: DEBUG oslo_service.service [-] backlog                        = 4096 {{(pid=104541) log_opt_values /opt/stack/data/venv/lib/python3.10/site-packages/oslo_config/cfg.py:2613}}
Mar 15 10:00:10 ubuntu neutron-server[104541]: DEBUG oslo_service.service [-] base_mac                       = fa:16:3e:00:00:00 {{(pid=104541) log_opt_values /opt/stack/data/venv/lib/python3.10/site-packages/oslo_config/cfg.py:2613}}
Mar 15 10:00:10 ubuntu neutron-server[104541]: DEBUG oslo_service.service [-] bind_host                      = 0.0.0.0 {{(pid=104541) log_opt_values /opt/stack/data/venv/lib/python3.10/site-packages/oslo_config/cfg.py:2613}}
Mar 15 10:00:10 ubuntu neutron-server[104541]: DEBUG oslo_service.service [-] bind_port                      = 9696 {{(pid=104541) log_opt_values /opt/stack/data/venv/lib/python3.10/site-packages/oslo_config/cfg.py:2613}}
Mar 15 10:00:10 ubuntu neutron-server[104541]: DEBUG oslo_service.service [-] client_socket_timeout          = 900 {{(pid=104541) log_opt_values /opt/stack/data/venv/lib/python3.10/site-packages/oslo_config/cfg.py:2613}}
Mar 15 10:00:10 ubuntu neutron-server[104541]: DEBUG oslo_service.service [-] config_dir                     = [] {{(pid=104541) log_opt_values /opt/stack/data/venv/lib/python3.10/site-packages/oslo_config/cfg.py:2613}}
Mar 15 10:00:10 ubuntu neutron-server[104541]: DEBUG oslo_service.service [-] config_file                    = ['/etc/neutron/neutron.conf', '/etc/neutron/plugins/ml2/ml2_conf.ini'] {{(pid=104541) log_opt_values /opt/stack/data/venv/lib/python3.10/site-packages/oslo_config/cfg.py:2613}}
Mar 15 10:00:10 ubuntu neutron-server[104541]: DEBUG oslo_service.service [-] config_source                  = [] {{(pid=104541) log_opt_values /opt/stack/data/venv/lib/python3.10/site-packages/oslo_config/cfg.py:2613}}
Mar 15 10:00:10 ubuntu neutron-server[104541]: DEBUG oslo_service.service [-] control_exchange               = neutron {{(pid=104541) log_opt_values /opt/stack/data/venv/lib/python3.10/site-packages/oslo_config/cfg.py:2613}}
Mar 15 10:00:10 ubuntu neutron-server[104541]: DEBUG oslo_service.service [-] core_plugin                    = ml2 {{(pid=104541) log_opt_values /opt/stack/data/venv/lib/python3.10/site-packages/oslo_config/cfg.py:2613}}
Mar 15 10:00:10 ubuntu neutron-server[104541]: DEBUG oslo_service.service [-] debug                          = True {{(pid=104541) log_opt_values /opt/stack/data/venv/lib/python3.10/site-packages/oslo_config/cfg.py:2613}}
Mar 15 10:00:10 ubuntu neutron-server[104541]: DEBUG oslo_service.service [-] default_availability_zones     = [] {{(pid=104541) log_opt_values /opt/stack/data/venv/lib/python3.10/site-packages/oslo_config/cfg.py:2613}}
Mar 15 10:00:10 ubuntu neutron-server[104541]: DEBUG oslo_service.service [-] default_log_levels             = ['amqp=WARN', 'amqplib=WARN', 'boto=WARN', 'qpid=WARN', 'sqlalchemy=WARN', 'suds=INFO', 'oslo.messaging=INFO', 'oslo_messaging=INFO', 'iso8601=WARN', 'requests.packages.urllib3.connectionpool=WARN', 'urllib3.connectionpool=WARN', 'websocket=WARN', 'requests.packages.urllib3.util.retry=WARN', 'urllib3.util.retry=WARN', 'keystonemiddleware=WARN', 'routes.middleware=WARN', 'stevedore=WARN', 'taskflow=WARN', 'keystoneauth=WARN', 'oslo.cache=INFO', 'oslo_policy=INFO', 'dogpile.core.dogpile=INFO', 'OFPHandler=INFO', 'OfctlService=INFO', 'os_ken.base.app_manager=INFO', 'os_ken.controller.controller=INFO'] {{(pid=104541) log_opt_values /opt/stack/data/venv/lib/python3.10/site-packages/oslo_config/cfg.py:2613}}
Mar 15 10:00:10 ubuntu neutron-server[104541]: DEBUG oslo_service.service [-] dhcp_agent_notification        = False {{(pid=104541) log_opt_values /opt/stack/data/venv/lib/python3.10/site-packages/oslo_config/cfg.py:2613}}
Mar 15 10:00:10 ubuntu neutron-server[104541]: DEBUG oslo_service.service [-] dhcp_agents_per_network        = 1 {{(pid=104541) log_opt_values /opt/stack/data/venv/lib/python3.10/site-packages/oslo_config/cfg.py:2613}}
Mar 15 10:00:10 ubuntu neutron-server[104541]: DEBUG oslo_service.service [-] dhcp_lease_duration            = 86400 {{(pid=104541) log_opt_values /opt/stack/data/venv/lib/python3.10/site-packages/oslo_config/cfg.py:2613}}
Mar 15 10:00:10 ubuntu neutron-server[104541]: DEBUG oslo_service.service [-] dhcp_load_type                 = networks {{(pid=104541) log_opt_values /opt/stack/data/venv/lib/python3.10/site-packages/oslo_config/cfg.py:2613}}
Mar 15 10:00:10 ubuntu neutron-server[104541]: DEBUG oslo_service.service [-] dns_domain                     = openstacklocal {{(pid=104541) log_opt_values /opt/stack/data/venv/lib/python3.10/site-packages/oslo_config/cfg.py:2613}}
Mar 15 10:00:10 ubuntu neutron-server[104541]: DEBUG oslo_service.service [-] dvr_base_mac                   = fa:16:3f:00:00:00 {{(pid=104541) log_opt_values /opt/stack/data/venv/lib/python3.10/site-packages/oslo_config/cfg.py:2613}}
Mar 15 10:00:10 ubuntu neutron-server[104541]: DEBUG oslo_service.service [-] enable_default_route_bfd       = False {{(pid=104541) log_opt_values /opt/stack/data/venv/lib/python3.10/site-packages/oslo_config/cfg.py:2613}}
Mar 15 10:00:10 ubuntu neutron-server[104541]: DEBUG oslo_service.service [-] enable_default_route_ecmp      = False {{(pid=104541) log_opt_values /opt/stack/data/venv/lib/python3.10/site-packages/oslo_config/cfg.py:2613}}
Mar 15 10:00:10 ubuntu neutron-server[104541]: DEBUG oslo_service.service [-] enable_dvr                     = True {{(pid=104541) log_opt_values /opt/stack/data/venv/lib/python3.10/site-packages/oslo_config/cfg.py:2613}}
Mar 15 10:00:10 ubuntu neutron-server[104541]: DEBUG oslo_service.service [-] enable_new_agents              = True {{(pid=104541) log_opt_values /opt/stack/data/venv/lib/python3.10/site-packages/oslo_config/cfg.py:2613}}
Mar 15 10:00:10 ubuntu neutron-server[104541]: DEBUG oslo_service.service [-] enable_services_on_agents_with_admin_state_down = False {{(pid=104541) log_opt_values /opt/stack/data/venv/lib/python3.10/site-packages/oslo_config/cfg.py:2613}}
Mar 15 10:00:10 ubuntu neutron-server[104541]: DEBUG oslo_service.service [-] enable_signals                 = True {{(pid=104541) log_opt_values /opt/stack/data/venv/lib/python3.10/site-packages/oslo_config/cfg.py:2613}}
Mar 15 10:00:10 ubuntu neutron-server[104541]: DEBUG oslo_service.service [-] enable_snat_by_default         = True {{(pid=104541) log_opt_values /opt/stack/data/venv/lib/python3.10/site-packages/oslo_config/cfg.py:2613}}
Mar 15 10:00:10 ubuntu neutron-server[104541]: DEBUG oslo_service.service [-] enable_traditional_dhcp        = True {{(pid=104541) log_opt_values /opt/stack/data/venv/lib/python3.10/site-packages/oslo_config/cfg.py:2613}}
Mar 15 10:00:10 ubuntu neutron-server[104541]: DEBUG oslo_service.service [-] external_dns_driver            = None {{(pid=104541) log_opt_values /opt/stack/data/venv/lib/python3.10/site-packages/oslo_config/cfg.py:2613}}
Mar 15 10:00:10 ubuntu neutron-server[104541]: DEBUG oslo_service.service [-] filter_validation              = True {{(pid=104541) log_opt_values /opt/stack/data/venv/lib/python3.10/site-packages/oslo_config/cfg.py:2613}}
Mar 15 10:00:10 ubuntu neutron-server[104541]: DEBUG oslo_service.service [-] global_physnet_mtu             = 1500 {{(pid=104541) log_opt_values /opt/stack/data/venv/lib/python3.10/site-packages/oslo_config/cfg.py:2613}}
Mar 15 10:00:10 ubuntu neutron-server[104541]: DEBUG oslo_service.service [-] graceful_shutdown_timeout      = 60 {{(pid=104541) log_opt_values /opt/stack/data/venv/lib/python3.10/site-packages/oslo_config/cfg.py:2613}}
Mar 15 10:00:10 ubuntu neutron-server[104541]: DEBUG oslo_service.service [-] host                           = ubuntu {{(pid=104541) log_opt_values /opt/stack/data/venv/lib/python3.10/site-packages/oslo_config/cfg.py:2613}}
Mar 15 10:00:10 ubuntu neutron-server[104737]: DEBUG neutron_lib.callbacks.manager [-] Publish callbacks ['neutron.plugins.ml2.drivers.ovn.mech_driver.mech_driver.OVNMechanismDriver.post_fork_initialize-462688'] for process (None), after_init {{(pid=104737) _notify_loop /opt/stack/data/venv/lib/python3.10/site-packages/neutron_lib/callbacks/manager.py:184}}
Mar 15 10:00:10 ubuntu neutron-server[104541]: DEBUG oslo_service.service [-] host_dvr_for_dhcp              = True {{(pid=104541) log_opt_values /opt/stack/data/venv/lib/python3.10/site-packages/oslo_config/cfg.py:2613}}
Mar 15 10:00:10 ubuntu neutron-server[104541]: DEBUG oslo_service.service [-] http_retries                   = 3 {{(pid=104541) log_opt_values /opt/stack/data/venv/lib/python3.10/site-packages/oslo_config/cfg.py:2613}}
Mar 15 10:00:10 ubuntu neutron-server[104541]: DEBUG oslo_service.service [-] instance_format                = [instance: %(uuid)s]  {{(pid=104541) log_opt_values /opt/stack/data/venv/lib/python3.10/site-packages/oslo_config/cfg.py:2613}}
Mar 15 10:00:10 ubuntu neutron-server[104541]: DEBUG oslo_service.service [-] instance_uuid_format           = [instance: %(uuid)s]  {{(pid=104541) log_opt_values /opt/stack/data/venv/lib/python3.10/site-packages/oslo_config/cfg.py:2613}}
Mar 15 10:00:10 ubuntu neutron-server[104541]: DEBUG oslo_service.service [-] ipam_driver                    = internal {{(pid=104541) log_opt_values /opt/stack/data/venv/lib/python3.10/site-packages/oslo_config/cfg.py:2613}}
Mar 15 10:00:10 ubuntu neutron-server[104541]: DEBUG oslo_service.service [-] ipv6_pd_enabled                = False {{(pid=104541) log_opt_values /opt/stack/data/venv/lib/python3.10/site-packages/oslo_config/cfg.py:2613}}
Mar 15 10:00:10 ubuntu neutron-server[104541]: DEBUG oslo_service.service [-] l3_ha                          = False {{(pid=104541) log_opt_values /opt/stack/data/venv/lib/python3.10/site-packages/oslo_config/cfg.py:2613}}
Mar 15 10:00:10 ubuntu neutron-server[104541]: DEBUG oslo_service.service [-] l3_ha_net_cidr                 = 169.254.192.0/18 {{(pid=104541) log_opt_values /opt/stack/data/venv/lib/python3.10/site-packages/oslo_config/cfg.py:2613}}
Mar 15 10:00:10 ubuntu neutron-server[104541]: DEBUG oslo_service.service [-] l3_ha_network_physical_name    =  {{(pid=104541) log_opt_values /opt/stack/data/venv/lib/python3.10/site-packages/oslo_config/cfg.py:2613}}
Mar 15 10:00:10 ubuntu neutron-server[104541]: DEBUG oslo_service.service [-] l3_ha_network_type             =  {{(pid=104541) log_opt_values /opt/stack/data/venv/lib/python3.10/site-packages/oslo_config/cfg.py:2613}}
Mar 15 10:00:10 ubuntu neutron-server[104541]: DEBUG oslo_service.service [-] log_config_append              = None {{(pid=104541) log_opt_values /opt/stack/data/venv/lib/python3.10/site-packages/oslo_config/cfg.py:2613}}
Mar 15 10:00:10 ubuntu neutron-server[104541]: DEBUG oslo_service.service [-] log_date_format                = %Y-%m-%d %H:%M:%S {{(pid=104541) log_opt_values /opt/stack/data/venv/lib/python3.10/site-packages/oslo_config/cfg.py:2613}}
Mar 15 10:00:10 ubuntu neutron-server[104541]: DEBUG oslo_service.service [-] log_dir                        = None {{(pid=104541) log_opt_values /opt/stack/data/venv/lib/python3.10/site-packages/oslo_config/cfg.py:2613}}
Mar 15 10:00:10 ubuntu neutron-server[104541]: DEBUG oslo_service.service [-] log_file                       = None {{(pid=104541) log_opt_values /opt/stack/data/venv/lib/python3.10/site-packages/oslo_config/cfg.py:2613}}
Mar 15 10:00:10 ubuntu neutron-server[104541]: DEBUG oslo_service.service [-] log_options                    = True {{(pid=104541) log_opt_values /opt/stack/data/venv/lib/python3.10/site-packages/oslo_config/cfg.py:2613}}
Mar 15 10:00:10 ubuntu neutron-server[104541]: DEBUG oslo_service.service [-] log_rotate_interval            = 1 {{(pid=104541) log_opt_values /opt/stack/data/venv/lib/python3.10/site-packages/oslo_config/cfg.py:2613}}
Mar 15 10:00:10 ubuntu neutron-server[104541]: DEBUG oslo_service.service [-] log_rotate_interval_type       = days {{(pid=104541) log_opt_values /opt/stack/data/venv/lib/python3.10/site-packages/oslo_config/cfg.py:2613}}
Mar 15 10:00:10 ubuntu neutron-server[104541]: DEBUG oslo_service.service [-] log_rotation_type              = none {{(pid=104541) log_opt_values /opt/stack/data/venv/lib/python3.10/site-packages/oslo_config/cfg.py:2613}}
Mar 15 10:00:10 ubuntu neutron-server[104541]: DEBUG oslo_service.service [-] logging_context_format_string  = %(color)s%(levelname)s %(name)s [%(global_request_id)s %(request_id)s %(project_name)s %(user_name)s%(color)s] %(instance)s%(color)s%(message)s {{(pid=104541) log_opt_values /opt/stack/data/venv/lib/python3.10/site-packages/oslo_config/cfg.py:2613}}
Mar 15 10:00:10 ubuntu neutron-server[104541]: DEBUG oslo_service.service [-] logging_debug_format_suffix    = {{(pid=%(process)d) %(funcName)s %(pathname)s:%(lineno)d}} {{(pid=104541) log_opt_values /opt/stack/data/venv/lib/python3.10/site-packages/oslo_config/cfg.py:2613}}
Mar 15 10:00:10 ubuntu neutron-server[104541]: DEBUG oslo_service.service [-] logging_default_format_string  = %(color)s%(levelname)s %(name)s [-%(color)s] %(instance)s%(color)s%(message)s {{(pid=104541) log_opt_values /opt/stack/data/venv/lib/python3.10/site-packages/oslo_config/cfg.py:2613}}
Mar 15 10:00:10 ubuntu neutron-server[104541]: DEBUG oslo_service.service [-] logging_exception_prefix       = ERROR %(name)s %(instance)s {{(pid=104541) log_opt_values /opt/stack/data/venv/lib/python3.10/site-packages/oslo_config/cfg.py:2613}}
Mar 15 10:00:10 ubuntu neutron-server[104541]: DEBUG oslo_service.service [-] logging_user_identity_format   = %(user)s %(project)s %(domain)s %(system_scope)s %(user_domain)s %(project_domain)s {{(pid=104541) log_opt_values /opt/stack/data/venv/lib/python3.10/site-packages/oslo_config/cfg.py:2613}}
Mar 15 10:00:10 ubuntu neutron-server[104541]: DEBUG oslo_service.service [-] max_allowed_address_pair       = 10 {{(pid=104541) log_opt_values /opt/stack/data/venv/lib/python3.10/site-packages/oslo_config/cfg.py:2613}}
Mar 15 10:00:10 ubuntu neutron-server[104541]: DEBUG oslo_service.service [-] max_dns_nameservers            = 5 {{(pid=104541) log_opt_values /opt/stack/data/venv/lib/python3.10/site-packages/oslo_config/cfg.py:2613}}
Mar 15 10:00:10 ubuntu neutron-server[104541]: DEBUG oslo_service.service [-] max_header_line                = 16384 {{(pid=104541) log_opt_values /opt/stack/data/venv/lib/python3.10/site-packages/oslo_config/cfg.py:2613}}
Mar 15 10:00:10 ubuntu neutron-server[104541]: DEBUG oslo_service.service [-] max_l3_agents_per_router       = 3 {{(pid=104541) log_opt_values /opt/stack/data/venv/lib/python3.10/site-packages/oslo_config/cfg.py:2613}}
Mar 15 10:00:10 ubuntu neutron-server[104541]: DEBUG oslo_service.service [-] max_logfile_count              = 30 {{(pid=104541) log_opt_values /opt/stack/data/venv/lib/python3.10/site-packages/oslo_config/cfg.py:2613}}
Mar 15 10:00:10 ubuntu neutron-server[104541]: DEBUG oslo_service.service [-] max_logfile_size_mb            = 200 {{(pid=104541) log_opt_values /opt/stack/data/venv/lib/python3.10/site-packages/oslo_config/cfg.py:2613}}
Mar 15 10:00:10 ubuntu neutron-server[104541]: DEBUG oslo_service.service [-] max_routes                     = 30 {{(pid=104541) log_opt_values /opt/stack/data/venv/lib/python3.10/site-packages/oslo_config/cfg.py:2613}}
Mar 15 10:00:10 ubuntu neutron-server[104541]: DEBUG oslo_service.service [-] max_subnet_host_routes         = 20 {{(pid=104541) log_opt_values /opt/stack/data/venv/lib/python3.10/site-packages/oslo_config/cfg.py:2613}}
Mar 15 10:00:10 ubuntu neutron-server[104541]: DEBUG oslo_service.service [-] my_ip                          = 10.201.5.82 {{(pid=104541) log_opt_values /opt/stack/data/venv/lib/python3.10/site-packages/oslo_config/cfg.py:2613}}
Mar 15 10:00:10 ubuntu neutron-server[104541]: DEBUG oslo_service.service [-] my_ipv6                        = ::1 {{(pid=104541) log_opt_values /opt/stack/data/venv/lib/python3.10/site-packages/oslo_config/cfg.py:2613}}
Mar 15 10:00:10 ubuntu neutron-server[104541]: DEBUG oslo_service.service [-] network_auto_schedule          = True {{(pid=104541) log_opt_values /opt/stack/data/venv/lib/python3.10/site-packages/oslo_config/cfg.py:2613}}
Mar 15 10:00:10 ubuntu neutron-server[104541]: DEBUG oslo_service.service [-] network_link_prefix            = None {{(pid=104541) log_opt_values /opt/stack/data/venv/lib/python3.10/site-packages/oslo_config/cfg.py:2613}}
Mar 15 10:00:10 ubuntu neutron-server[104541]: DEBUG oslo_service.service [-] network_scheduler_driver       = neutron.scheduler.dhcp_agent_scheduler.WeightScheduler {{(pid=104541) log_opt_values /opt/stack/data/venv/lib/python3.10/site-packages/oslo_config/cfg.py:2613}}
Mar 15 10:00:10 ubuntu neutron-server[104541]: DEBUG oslo_service.service [-] notify_nova_on_port_data_changes = True {{(pid=104541) log_opt_values /opt/stack/data/venv/lib/python3.10/site-packages/oslo_config/cfg.py:2613}}
Mar 15 10:00:10 ubuntu neutron-server[104541]: DEBUG oslo_service.service [-] notify_nova_on_port_status_changes = True {{(pid=104541) log_opt_values /opt/stack/data/venv/lib/python3.10/site-packages/oslo_config/cfg.py:2613}}
Mar 15 10:00:10 ubuntu neutron-server[104541]: DEBUG oslo_service.service [-] pagination_max_limit           = -1 {{(pid=104541) log_opt_values /opt/stack/data/venv/lib/python3.10/site-packages/oslo_config/cfg.py:2613}}
Mar 15 10:00:10 ubuntu neutron-server[104541]: DEBUG oslo_service.service [-] periodic_fuzzy_delay           = 5 {{(pid=104541) log_opt_values /opt/stack/data/venv/lib/python3.10/site-packages/oslo_config/cfg.py:2613}}
Mar 15 10:00:10 ubuntu neutron-server[104733]: DEBUG dbcounter [-] [104733] Writer thread running {{(pid=104733) stat_writer /opt/stack/data/venv/lib/python3.10/site-packages/dbcounter.py:102}}
Mar 15 10:00:10 ubuntu neutron-server[104541]: DEBUG oslo_service.service [-] periodic_interval              = 40 {{(pid=104541) log_opt_values /opt/stack/data/venv/lib/python3.10/site-packages/oslo_config/cfg.py:2613}}
Mar 15 10:00:10 ubuntu neutron-server[104541]: DEBUG oslo_service.service [-] publish_errors                 = False {{(pid=104541) log_opt_values /opt/stack/data/venv/lib/python3.10/site-packages/oslo_config/cfg.py:2613}}
Mar 15 10:00:10 ubuntu neutron-server[104541]: DEBUG oslo_service.service [-] rate_limit_burst               = 0 {{(pid=104541) log_opt_values /opt/stack/data/venv/lib/python3.10/site-packages/oslo_config/cfg.py:2613}}
Mar 15 10:00:10 ubuntu neutron-server[104541]: DEBUG oslo_service.service [-] rate_limit_except_level        = CRITICAL {{(pid=104541) log_opt_values /opt/stack/data/venv/lib/python3.10/site-packages/oslo_config/cfg.py:2613}}
Mar 15 10:00:10 ubuntu neutron-server[104541]: DEBUG oslo_service.service [-] rate_limit_interval            = 0 {{(pid=104541) log_opt_values /opt/stack/data/venv/lib/python3.10/site-packages/oslo_config/cfg.py:2613}}
Mar 15 10:00:10 ubuntu neutron-server[104541]: DEBUG oslo_service.service [-] retry_until_window             = 30 {{(pid=104541) log_opt_values /opt/stack/data/venv/lib/python3.10/site-packages/oslo_config/cfg.py:2613}}
Mar 15 10:00:10 ubuntu neutron-server[104541]: DEBUG oslo_service.service [-] router_distributed             = False {{(pid=104541) log_opt_values /opt/stack/data/venv/lib/python3.10/site-packages/oslo_config/cfg.py:2613}}
Mar 15 10:00:10 ubuntu neutron-server[104541]: DEBUG oslo_service.service [-] rpc_resources_processing_step  = 20 {{(pid=104541) log_opt_values /opt/stack/data/venv/lib/python3.10/site-packages/oslo_config/cfg.py:2613}}
Mar 15 10:00:10 ubuntu neutron-server[104541]: DEBUG oslo_service.service [-] rpc_response_max_timeout       = 600 {{(pid=104541) log_opt_values /opt/stack/data/venv/lib/python3.10/site-packages/oslo_config/cfg.py:2613}}
Mar 15 10:00:10 ubuntu neutron-server[104541]: DEBUG oslo_service.service [-] rpc_response_timeout           = 60 {{(pid=104541) log_opt_values /opt/stack/data/venv/lib/python3.10/site-packages/oslo_config/cfg.py:2613}}
Mar 15 10:00:10 ubuntu neutron-server[104541]: DEBUG oslo_service.service [-] rpc_state_report_workers       = 0 {{(pid=104541) log_opt_values /opt/stack/data/venv/lib/python3.10/site-packages/oslo_config/cfg.py:2613}}
Mar 15 10:00:10 ubuntu neutron-server[104541]: DEBUG oslo_service.service [-] rpc_workers                    = None {{(pid=104541) log_opt_values /opt/stack/data/venv/lib/python3.10/site-packages/oslo_config/cfg.py:2613}}
Mar 15 10:00:10 ubuntu neutron-server[104541]: DEBUG oslo_service.service [-] send_events_interval           = 2 {{(pid=104541) log_opt_values /opt/stack/data/venv/lib/python3.10/site-packages/oslo_config/cfg.py:2613}}
Mar 15 10:00:10 ubuntu neutron-server[104541]: DEBUG oslo_service.service [-] service_plugins                = ['ovn-router'] {{(pid=104541) log_opt_values /opt/stack/data/venv/lib/python3.10/site-packages/oslo_config/cfg.py:2613}}
Mar 15 10:00:10 ubuntu neutron-server[104541]: DEBUG oslo_service.service [-] setproctitle                   = on {{(pid=104541) log_opt_values /opt/stack/data/venv/lib/python3.10/site-packages/oslo_config/cfg.py:2613}}
Mar 15 10:00:10 ubuntu neutron-server[104541]: DEBUG oslo_service.service [-] state_path                     = /opt/stack/data/neutron {{(pid=104541) log_opt_values /opt/stack/data/venv/lib/python3.10/site-packages/oslo_config/cfg.py:2613}}
Mar 15 10:00:10 ubuntu neutron-server[104541]: DEBUG oslo_service.service [-] syslog_log_facility            = LOG_USER {{(pid=104541) log_opt_values /opt/stack/data/venv/lib/python3.10/site-packages/oslo_config/cfg.py:2613}}
Mar 15 10:00:10 ubuntu neutron-server[104541]: DEBUG oslo_service.service [-] tcp_keepidle                   = 600 {{(pid=104541) log_opt_values /opt/stack/data/venv/lib/python3.10/site-packages/oslo_config/cfg.py:2613}}
Mar 15 10:00:10 ubuntu neutron-server[104541]: DEBUG oslo_service.service [-] transport_url                  = **** {{(pid=104541) log_opt_values /opt/stack/data/venv/lib/python3.10/site-packages/oslo_config/cfg.py:2613}}
Mar 15 10:00:10 ubuntu neutron-server[104541]: DEBUG oslo_service.service [-] use_eventlog                   = False {{(pid=104541) log_opt_values /opt/stack/data/venv/lib/python3.10/site-packages/oslo_config/cfg.py:2613}}
Mar 15 10:00:10 ubuntu neutron-server[104541]: DEBUG oslo_service.service [-] use_journal                    = False {{(pid=104541) log_opt_values /opt/stack/data/venv/lib/python3.10/site-packages/oslo_config/cfg.py:2613}}
Mar 15 10:00:10 ubuntu neutron-server[104541]: DEBUG oslo_service.service [-] use_json                       = False {{(pid=104541) log_opt_values /opt/stack/data/venv/lib/python3.10/site-packages/oslo_config/cfg.py:2613}}
Mar 15 10:00:10 ubuntu neutron-server[104541]: DEBUG oslo_service.service [-] use_ssl                        = False {{(pid=104541) log_opt_values /opt/stack/data/venv/lib/python3.10/site-packages/oslo_config/cfg.py:2613}}
Mar 15 10:00:10 ubuntu neutron-server[104541]: DEBUG oslo_service.service [-] use_stderr                     = False {{(pid=104541) log_opt_values /opt/stack/data/venv/lib/python3.10/site-packages/oslo_config/cfg.py:2613}}
Mar 15 10:00:10 ubuntu neutron-server[104541]: DEBUG oslo_service.service [-] use_syslog                     = False {{(pid=104541) log_opt_values /opt/stack/data/venv/lib/python3.10/site-packages/oslo_config/cfg.py:2613}}
Mar 15 10:00:10 ubuntu neutron-server[104541]: DEBUG oslo_service.service [-] vlan_transparent               = False {{(pid=104541) log_opt_values /opt/stack/data/venv/lib/python3.10/site-packages/oslo_config/cfg.py:2613}}
Mar 15 10:00:10 ubuntu neutron-server[104541]: DEBUG oslo_service.service [-] watch_log_file                 = False {{(pid=104541) log_opt_values /opt/stack/data/venv/lib/python3.10/site-packages/oslo_config/cfg.py:2613}}
Mar 15 10:00:10 ubuntu neutron-server[104541]: DEBUG oslo_service.service [-] wsgi_default_pool_size         = 100 {{(pid=104541) log_opt_values /opt/stack/data/venv/lib/python3.10/site-packages/oslo_config/cfg.py:2613}}
Mar 15 10:00:10 ubuntu neutron-server[104541]: DEBUG oslo_service.service [-] wsgi_keep_alive                = True {{(pid=104541) log_opt_values /opt/stack/data/venv/lib/python3.10/site-packages/oslo_config/cfg.py:2613}}
Mar 15 10:00:10 ubuntu neutron-server[104541]: DEBUG oslo_service.service [-] wsgi_log_format                = %(client_ip)s "%(request_line)s" status: %(status_code)s  len: %(body_length)s time: %(wall_seconds).7f {{(pid=104541) log_opt_values /opt/stack/data/venv/lib/python3.10/site-packages/oslo_config/cfg.py:2613}}
Mar 15 10:00:10 ubuntu neutron-server[104541]: DEBUG oslo_service.service [-] wsgi_server_debug              = False {{(pid=104541) log_opt_values /opt/stack/data/venv/lib/python3.10/site-packages/oslo_config/cfg.py:2613}}
Mar 15 10:00:10 ubuntu neutron-server[104541]: DEBUG oslo_service.service [-] oslo_concurrency.disable_process_locking = False {{(pid=104541) log_opt_values /opt/stack/data/venv/lib/python3.10/site-packages/oslo_config/cfg.py:2620}}
Mar 15 10:00:10 ubuntu neutron-server[104541]: DEBUG oslo_service.service [-] oslo_concurrency.lock_path     = /opt/stack/data/neutron/lock {{(pid=104541) log_opt_values /opt/stack/data/venv/lib/python3.10/site-packages/oslo_config/cfg.py:2620}}
Mar 15 10:00:10 ubuntu neutron-server[104541]: DEBUG oslo_service.service [-] profiler.connection_string     = messaging:// {{(pid=104541) log_opt_values /opt/stack/data/venv/lib/python3.10/site-packages/oslo_config/cfg.py:2620}}
Mar 15 10:00:10 ubuntu neutron-server[104541]: DEBUG oslo_service.service [-] profiler.enabled               = False {{(pid=104541) log_opt_values /opt/stack/data/venv/lib/python3.10/site-packages/oslo_config/cfg.py:2620}}
Mar 15 10:00:10 ubuntu neutron-server[104541]: DEBUG oslo_service.service [-] profiler.es_doc_type           = notification {{(pid=104541) log_opt_values /opt/stack/data/venv/lib/python3.10/site-packages/oslo_config/cfg.py:2620}}
Mar 15 10:00:10 ubuntu neutron-server[104541]: DEBUG oslo_service.service [-] profiler.es_scroll_size        = 10000 {{(pid=104541) log_opt_values /opt/stack/data/venv/lib/python3.10/site-packages/oslo_config/cfg.py:2620}}
Mar 15 10:00:10 ubuntu neutron-server[104541]: DEBUG oslo_service.service [-] profiler.es_scroll_time        = 2m {{(pid=104541) log_opt_values /opt/stack/data/venv/lib/python3.10/site-packages/oslo_config/cfg.py:2620}}
Mar 15 10:00:10 ubuntu neutron-server[104541]: DEBUG oslo_service.service [-] profiler.filter_error_trace    = False {{(pid=104541) log_opt_values /opt/stack/data/venv/lib/python3.10/site-packages/oslo_config/cfg.py:2620}}
Mar 15 10:00:10 ubuntu neutron-server[104541]: DEBUG oslo_service.service [-] profiler.hmac_keys             = **** {{(pid=104541) log_opt_values /opt/stack/data/venv/lib/python3.10/site-packages/oslo_config/cfg.py:2620}}
Mar 15 10:00:10 ubuntu neutron-server[104541]: DEBUG oslo_service.service [-] profiler.sentinel_service_name = mymaster {{(pid=104541) log_opt_values /opt/stack/data/venv/lib/python3.10/site-packages/oslo_config/cfg.py:2620}}
Mar 15 10:00:10 ubuntu neutron-server[104541]: DEBUG oslo_service.service [-] profiler.socket_timeout        = 0.1 {{(pid=104541) log_opt_values /opt/stack/data/venv/lib/python3.10/site-packages/oslo_config/cfg.py:2620}}
Mar 15 10:00:10 ubuntu neutron-server[104541]: DEBUG oslo_service.service [-] profiler.trace_requests        = False {{(pid=104541) log_opt_values /opt/stack/data/venv/lib/python3.10/site-packages/oslo_config/cfg.py:2620}}
Mar 15 10:00:10 ubuntu neutron-server[104541]: DEBUG oslo_service.service [-] profiler.trace_sqlalchemy      = False {{(pid=104541) log_opt_values /opt/stack/data/venv/lib/python3.10/site-packages/oslo_config/cfg.py:2620}}
Mar 15 10:00:10 ubuntu neutron-server[104541]: DEBUG oslo_service.service [-] profiler_jaeger.process_tags   = {} {{(pid=104541) log_opt_values /opt/stack/data/venv/lib/python3.10/site-packages/oslo_config/cfg.py:2620}}
Mar 15 10:00:10 ubuntu neutron-server[104541]: DEBUG oslo_service.service [-] profiler_jaeger.service_name_prefix = None {{(pid=104541) log_opt_values /opt/stack/data/venv/lib/python3.10/site-packages/oslo_config/cfg.py:2620}}
Mar 15 10:00:10 ubuntu neutron-server[104541]: DEBUG oslo_service.service [-] profiler_otlp.service_name_prefix = None {{(pid=104541) log_opt_values /opt/stack/data/venv/lib/python3.10/site-packages/oslo_config/cfg.py:2620}}
Mar 15 10:00:10 ubuntu neutron-server[104541]: DEBUG oslo_service.service [-] oslo_policy.enforce_new_defaults = True {{(pid=104541) log_opt_values /opt/stack/data/venv/lib/python3.10/site-packages/oslo_config/cfg.py:2620}}
Mar 15 10:00:10 ubuntu neutron-server[104541]: DEBUG oslo_service.service [-] oslo_policy.enforce_scope      = True {{(pid=104541) log_opt_values /opt/stack/data/venv/lib/python3.10/site-packages/oslo_config/cfg.py:2620}}
Mar 15 10:00:10 ubuntu neutron-server[104541]: DEBUG oslo_service.service [-] oslo_policy.policy_default_rule = default {{(pid=104541) log_opt_values /opt/stack/data/venv/lib/python3.10/site-packages/oslo_config/cfg.py:2620}}
Mar 15 10:00:10 ubuntu neutron-server[104541]: DEBUG oslo_service.service [-] oslo_policy.policy_dirs        = ['policy.d'] {{(pid=104541) log_opt_values /opt/stack/data/venv/lib/python3.10/site-packages/oslo_config/cfg.py:2620}}
Mar 15 10:00:10 ubuntu neutron-server[104541]: DEBUG oslo_service.service [-] oslo_policy.policy_file        = /etc/neutron/policy.json {{(pid=104541) log_opt_values /opt/stack/data/venv/lib/python3.10/site-packages/oslo_config/cfg.py:2620}}
Mar 15 10:00:10 ubuntu neutron-server[104541]: DEBUG oslo_service.service [-] oslo_policy.remote_content_type = application/x-www-form-urlencoded {{(pid=104541) log_opt_values /opt/stack/data/venv/lib/python3.10/site-packages/oslo_config/cfg.py:2620}}
Mar 15 10:00:10 ubuntu neutron-server[104541]: DEBUG oslo_service.service [-] oslo_policy.remote_ssl_ca_crt_file = None {{(pid=104541) log_opt_values /opt/stack/data/venv/lib/python3.10/site-packages/oslo_config/cfg.py:2620}}
Mar 15 10:00:10 ubuntu neutron-server[104732]: DEBUG ovsdbapp.backend.ovs_idl [None req-81ee68ab-8237-4912-8905-d7927d58c9b4 None None] Created lookup_table index Logical_Switch.name {{(pid=104732) autocreate_indices /opt/stack/data/venv/lib/python3.10/site-packages/ovsdbapp/backend/ovs_idl/__init__.py:87}}
Mar 15 10:00:10 ubuntu neutron-server[104732]: DEBUG ovsdbapp.backend.ovs_idl [None req-81ee68ab-8237-4912-8905-d7927d58c9b4 None None] Created lookup_table index Logical_Router.name {{(pid=104732) autocreate_indices /opt/stack/data/venv/lib/python3.10/site-packages/ovsdbapp/backend/ovs_idl/__init__.py:87}}
Mar 15 10:00:10 ubuntu neutron-server[104732]: DEBUG ovsdbapp.backend.ovs_idl [None req-81ee68ab-8237-4912-8905-d7927d58c9b4 None None] Created lookup_table index Load_Balancer.name {{(pid=104732) autocreate_indices /opt/stack/data/venv/lib/python3.10/site-packages/ovsdbapp/backend/ovs_idl/__init__.py:87}}
Mar 15 10:00:10 ubuntu neutron-server[104732]: DEBUG ovsdbapp.backend.ovs_idl [None req-81ee68ab-8237-4912-8905-d7927d58c9b4 None None] Created schema index Copp.name {{(pid=104732) autocreate_indices /opt/stack/data/venv/lib/python3.10/site-packages/ovsdbapp/backend/ovs_idl/__init__.py:106}}
Mar 15 10:00:10 ubuntu neutron-server[104732]: DEBUG ovsdbapp.backend.ovs_idl [None req-81ee68ab-8237-4912-8905-d7927d58c9b4 None None] Created schema index Meter.name {{(pid=104732) autocreate_indices /opt/stack/data/venv/lib/python3.10/site-packages/ovsdbapp/backend/ovs_idl/__init__.py:106}}
Mar 15 10:00:10 ubuntu neutron-server[104541]: DEBUG oslo_service.service [-] oslo_policy.remote_ssl_client_crt_file = None {{(pid=104541) log_opt_values /opt/stack/data/venv/lib/python3.10/site-packages/oslo_config/cfg.py:2620}}
Mar 15 10:00:10 ubuntu neutron-server[104732]: DEBUG ovsdbapp.backend.ovs_idl [None req-81ee68ab-8237-4912-8905-d7927d58c9b4 None None] Created schema index Load_Balancer_Group.name {{(pid=104732) autocreate_indices /opt/stack/data/venv/lib/python3.10/site-packages/ovsdbapp/backend/ovs_idl/__init__.py:106}}
Mar 15 10:00:10 ubuntu neutron-server[104541]: DEBUG oslo_service.service [-] oslo_policy.remote_ssl_client_key_file = None {{(pid=104541) log_opt_values /opt/stack/data/venv/lib/python3.10/site-packages/oslo_config/cfg.py:2620}}
Mar 15 10:00:10 ubuntu neutron-server[104541]: DEBUG oslo_service.service [-] oslo_policy.remote_ssl_verify_server_crt = False {{(pid=104541) log_opt_values /opt/stack/data/venv/lib/python3.10/site-packages/oslo_config/cfg.py:2620}}
Mar 15 10:00:10 ubuntu neutron-server[104541]: DEBUG oslo_service.service [-] oslo_messaging_metrics.metrics_buffer_size = 1000 {{(pid=104541) log_opt_values /opt/stack/data/venv/lib/python3.10/site-packages/oslo_config/cfg.py:2620}}
Mar 15 10:00:10 ubuntu neutron-server[104541]: DEBUG oslo_service.service [-] oslo_messaging_metrics.metrics_enabled = False {{(pid=104541) log_opt_values /opt/stack/data/venv/lib/python3.10/site-packages/oslo_config/cfg.py:2620}}
Mar 15 10:00:10 ubuntu neutron-server[104541]: DEBUG oslo_service.service [-] oslo_messaging_metrics.metrics_process_name =  {{(pid=104541) log_opt_values /opt/stack/data/venv/lib/python3.10/site-packages/oslo_config/cfg.py:2620}}
Mar 15 10:00:10 ubuntu neutron-server[104541]: DEBUG oslo_service.service [-] oslo_messaging_metrics.metrics_socket_file = /var/tmp/metrics_collector.sock {{(pid=104541) log_opt_values /opt/stack/data/venv/lib/python3.10/site-packages/oslo_config/cfg.py:2620}}
Mar 15 10:00:10 ubuntu neutron-server[104541]: DEBUG oslo_service.service [-] oslo_messaging_metrics.metrics_thread_stop_timeout = 10 {{(pid=104541) log_opt_values /opt/stack/data/venv/lib/python3.10/site-packages/oslo_config/cfg.py:2620}}
Mar 15 10:00:10 ubuntu neutron-server[104732]: DEBUG ovsdbapp.backend.ovs_idl [None req-81ee68ab-8237-4912-8905-d7927d58c9b4 None None] Created schema index HA_Chassis_Group.name {{(pid=104732) autocreate_indices /opt/stack/data/venv/lib/python3.10/site-packages/ovsdbapp/backend/ovs_idl/__init__.py:106}}
Mar 15 10:00:10 ubuntu neutron-server[104735]: DEBUG ovsdbapp.backend.ovs_idl [None req-fcd99f96-5c55-4d5d-a03d-5dbd31b81ee5 None None] Created lookup_table index Logical_Switch.name {{(pid=104735) autocreate_indices /opt/stack/data/venv/lib/python3.10/site-packages/ovsdbapp/backend/ovs_idl/__init__.py:87}}
Mar 15 10:00:10 ubuntu neutron-server[104732]: DEBUG ovsdbapp.backend.ovs_idl [None req-81ee68ab-8237-4912-8905-d7927d58c9b4 None None] Created schema index Address_Set.name {{(pid=104732) autocreate_indices /opt/stack/data/venv/lib/python3.10/site-packages/ovsdbapp/backend/ovs_idl/__init__.py:106}}
Mar 15 10:00:10 ubuntu neutron-server[104735]: DEBUG ovsdbapp.backend.ovs_idl [None req-fcd99f96-5c55-4d5d-a03d-5dbd31b81ee5 None None] Created lookup_table index Logical_Router.name {{(pid=104735) autocreate_indices /opt/stack/data/venv/lib/python3.10/site-packages/ovsdbapp/backend/ovs_idl/__init__.py:87}}
Mar 15 10:00:10 ubuntu neutron-server[104732]: DEBUG ovsdbapp.backend.ovs_idl [None req-81ee68ab-8237-4912-8905-d7927d58c9b4 None None] Created schema index Connection.target {{(pid=104732) autocreate_indices /opt/stack/data/venv/lib/python3.10/site-packages/ovsdbapp/backend/ovs_idl/__init__.py:106}}
Mar 15 10:00:10 ubuntu neutron-server[104735]: DEBUG ovsdbapp.backend.ovs_idl [None req-fcd99f96-5c55-4d5d-a03d-5dbd31b81ee5 None None] Created lookup_table index Load_Balancer.name {{(pid=104735) autocreate_indices /opt/stack/data/venv/lib/python3.10/site-packages/ovsdbapp/backend/ovs_idl/__init__.py:87}}
Mar 15 10:00:10 ubuntu neutron-server[104732]: DEBUG ovsdbapp.backend.ovs_idl [None req-81ee68ab-8237-4912-8905-d7927d58c9b4 None None] Created schema index Gateway_Chassis.name {{(pid=104732) autocreate_indices /opt/stack/data/venv/lib/python3.10/site-packages/ovsdbapp/backend/ovs_idl/__init__.py:106}}
Mar 15 10:00:10 ubuntu neutron-server[104735]: DEBUG ovsdbapp.backend.ovs_idl [None req-fcd99f96-5c55-4d5d-a03d-5dbd31b81ee5 None None] Created schema index Copp.name {{(pid=104735) autocreate_indices /opt/stack/data/venv/lib/python3.10/site-packages/ovsdbapp/backend/ovs_idl/__init__.py:106}}
Mar 15 10:00:10 ubuntu neutron-server[104732]: DEBUG ovsdbapp.backend.ovs_idl [None req-81ee68ab-8237-4912-8905-d7927d58c9b4 None None] Created schema index Logical_Router_Port.name {{(pid=104732) autocreate_indices /opt/stack/data/venv/lib/python3.10/site-packages/ovsdbapp/backend/ovs_idl/__init__.py:106}}
Mar 15 10:00:10 ubuntu neutron-server[104732]: DEBUG ovsdbapp.backend.ovs_idl [None req-81ee68ab-8237-4912-8905-d7927d58c9b4 None None] Created schema index Port_Group.name {{(pid=104732) autocreate_indices /opt/stack/data/venv/lib/python3.10/site-packages/ovsdbapp/backend/ovs_idl/__init__.py:106}}
Mar 15 10:00:10 ubuntu neutron-server[104735]: DEBUG ovsdbapp.backend.ovs_idl [None req-fcd99f96-5c55-4d5d-a03d-5dbd31b81ee5 None None] Created schema index Meter.name {{(pid=104735) autocreate_indices /opt/stack/data/venv/lib/python3.10/site-packages/ovsdbapp/backend/ovs_idl/__init__.py:106}}
Mar 15 10:00:10 ubuntu neutron-server[104732]: DEBUG ovsdbapp.backend.ovs_idl [None req-81ee68ab-8237-4912-8905-d7927d58c9b4 None None] Created schema index Logical_Switch_Port.name {{(pid=104732) autocreate_indices /opt/stack/data/venv/lib/python3.10/site-packages/ovsdbapp/backend/ovs_idl/__init__.py:106}}
Mar 15 10:00:10 ubuntu neutron-server[104735]: DEBUG ovsdbapp.backend.ovs_idl [None req-fcd99f96-5c55-4d5d-a03d-5dbd31b81ee5 None None] Created schema index Load_Balancer_Group.name {{(pid=104735) autocreate_indices /opt/stack/data/venv/lib/python3.10/site-packages/ovsdbapp/backend/ovs_idl/__init__.py:106}}
Mar 15 10:00:10 ubuntu neutron-server[104735]: DEBUG ovsdbapp.backend.ovs_idl [None req-fcd99f96-5c55-4d5d-a03d-5dbd31b81ee5 None None] Created schema index HA_Chassis_Group.name {{(pid=104735) autocreate_indices /opt/stack/data/venv/lib/python3.10/site-packages/ovsdbapp/backend/ovs_idl/__init__.py:106}}
Mar 15 10:00:10 ubuntu neutron-server[104735]: DEBUG ovsdbapp.backend.ovs_idl [None req-fcd99f96-5c55-4d5d-a03d-5dbd31b81ee5 None None] Created schema index Address_Set.name {{(pid=104735) autocreate_indices /opt/stack/data/venv/lib/python3.10/site-packages/ovsdbapp/backend/ovs_idl/__init__.py:106}}
Mar 15 10:00:10 ubuntu neutron-server[104541]: DEBUG oslo_service.service [-] oslo_middleware.enable_proxy_headers_parsing = False {{(pid=104541) log_opt_values /opt/stack/data/venv/lib/python3.10/site-packages/oslo_config/cfg.py:2620}}
Mar 15 10:00:10 ubuntu neutron-server[104732]: INFO ovsdbapp.backend.ovs_idl.vlog [None req-81ee68ab-8237-4912-8905-d7927d58c9b4 None None] tcp:10.201.5.82:6641: connecting...
Mar 15 10:00:10 ubuntu neutron-server[104735]: DEBUG ovsdbapp.backend.ovs_idl [None req-fcd99f96-5c55-4d5d-a03d-5dbd31b81ee5 None None] Created schema index Connection.target {{(pid=104735) autocreate_indices /opt/stack/data/venv/lib/python3.10/site-packages/ovsdbapp/backend/ovs_idl/__init__.py:106}}
Mar 15 10:00:10 ubuntu neutron-server[104735]: DEBUG ovsdbapp.backend.ovs_idl [None req-fcd99f96-5c55-4d5d-a03d-5dbd31b81ee5 None None] Created schema index Gateway_Chassis.name {{(pid=104735) autocreate_indices /opt/stack/data/venv/lib/python3.10/site-packages/ovsdbapp/backend/ovs_idl/__init__.py:106}}
Mar 15 10:00:10 ubuntu neutron-server[104735]: DEBUG ovsdbapp.backend.ovs_idl [None req-fcd99f96-5c55-4d5d-a03d-5dbd31b81ee5 None None] Created schema index Logical_Router_Port.name {{(pid=104735) autocreate_indices /opt/stack/data/venv/lib/python3.10/site-packages/ovsdbapp/backend/ovs_idl/__init__.py:106}}
Mar 15 10:00:10 ubuntu neutron-server[104735]: DEBUG ovsdbapp.backend.ovs_idl [None req-fcd99f96-5c55-4d5d-a03d-5dbd31b81ee5 None None] Created schema index Port_Group.name {{(pid=104735) autocreate_indices /opt/stack/data/venv/lib/python3.10/site-packages/ovsdbapp/backend/ovs_idl/__init__.py:106}}
Mar 15 10:00:10 ubuntu neutron-server[104541]: DEBUG oslo_service.service [-] oslo_middleware.http_basic_auth_user_file = /etc/htpasswd {{(pid=104541) log_opt_values /opt/stack/data/venv/lib/python3.10/site-packages/oslo_config/cfg.py:2620}}
Mar 15 10:00:10 ubuntu neutron-server[104735]: DEBUG ovsdbapp.backend.ovs_idl [None req-fcd99f96-5c55-4d5d-a03d-5dbd31b81ee5 None None] Created schema index Logical_Switch_Port.name {{(pid=104735) autocreate_indices /opt/stack/data/venv/lib/python3.10/site-packages/ovsdbapp/backend/ovs_idl/__init__.py:106}}
Mar 15 10:00:10 ubuntu neutron-server[104732]: INFO ovsdbapp.backend.ovs_idl.vlog [None req-81ee68ab-8237-4912-8905-d7927d58c9b4 None None] tcp:10.201.5.82:6641: connected
Mar 15 10:00:10 ubuntu neutron-server[104541]: DEBUG oslo_service.service [-] service_providers.service_provider = [] {{(pid=104541) log_opt_values /opt/stack/data/venv/lib/python3.10/site-packages/oslo_config/cfg.py:2620}}
Mar 15 10:00:10 ubuntu neutron-server[104735]: INFO ovsdbapp.backend.ovs_idl.vlog [None req-fcd99f96-5c55-4d5d-a03d-5dbd31b81ee5 None None] tcp:10.201.5.82:6641: connecting...
Mar 15 10:00:10 ubuntu neutron-server[104541]: DEBUG oslo_service.service [-] nova.auth_section              = None {{(pid=104541) log_opt_values /opt/stack/data/venv/lib/python3.10/site-packages/oslo_config/cfg.py:2620}}
Mar 15 10:00:10 ubuntu neutron-server[104735]: INFO ovsdbapp.backend.ovs_idl.vlog [None req-fcd99f96-5c55-4d5d-a03d-5dbd31b81ee5 None None] tcp:10.201.5.82:6641: connected
