Mar 26 07:10:03 ubuntu devstack@keystone.service[81699]: ERROR keystone.server.flask.application     result = self._query(query)
Mar 26 07:10:03 ubuntu devstack@keystone.service[81699]: ERROR keystone.server.flask.application   File "/opt/stack/data/venv/lib/python3.10/site-packages/pymysql/cursors.py", line 322, in _query
Mar 26 07:10:03 ubuntu devstack@keystone.service[81699]: ERROR keystone.server.flask.application     conn.query(q)
Mar 26 07:10:03 ubuntu devstack@keystone.service[81699]: ERROR keystone.server.flask.application   File "/opt/stack/data/venv/lib/python3.10/site-packages/pymysql/connections.py", line 575, in query
Mar 26 07:10:03 ubuntu devstack@keystone.service[81699]: ERROR keystone.server.flask.application     self._affected_rows = self._read_query_result(unbuffered=unbuffered)
Mar 26 07:10:03 ubuntu devstack@keystone.service[81699]: ERROR keystone.server.flask.application   File "/opt/stack/data/venv/lib/python3.10/site-packages/pymysql/connections.py", line 826, in _read_query_result
Mar 26 07:10:03 ubuntu devstack@keystone.service[81699]: ERROR keystone.server.flask.application     result.read()
Mar 26 07:10:03 ubuntu devstack@keystone.service[81699]: ERROR keystone.server.flask.application   File "/opt/stack/data/venv/lib/python3.10/site-packages/pymysql/connections.py", line 1203, in read
Mar 26 07:10:03 ubuntu devstack@keystone.service[81699]: ERROR keystone.server.flask.application     first_packet = self.connection._read_packet()
Mar 26 07:10:03 ubuntu devstack@keystone.service[81699]: ERROR keystone.server.flask.application   File "/opt/stack/data/venv/lib/python3.10/site-packages/pymysql/connections.py", line 782, in _read_packet
Mar 26 07:10:03 ubuntu devstack@keystone.service[81699]: ERROR keystone.server.flask.application     packet.raise_for_error()
Mar 26 07:10:03 ubuntu devstack@keystone.service[81699]: ERROR keystone.server.flask.application   File "/opt/stack/data/venv/lib/python3.10/site-packages/pymysql/protocol.py", line 219, in raise_for_error
Mar 26 07:10:03 ubuntu devstack@keystone.service[81699]: ERROR keystone.server.flask.application     err.raise_mysql_exception(self._data)
Mar 26 07:10:03 ubuntu devstack@keystone.service[81699]: ERROR keystone.server.flask.application   File "/opt/stack/data/venv/lib/python3.10/site-packages/pymysql/err.py", line 150, in raise_mysql_exception
Mar 26 07:10:03 ubuntu devstack@keystone.service[81699]: ERROR keystone.server.flask.application     raise errorclass(errno, errval)
Mar 26 07:10:03 ubuntu devstack@keystone.service[81699]: ERROR keystone.server.flask.application oslo_db.exception.DBDuplicateEntry: (pymysql.err.IntegrityError) (1062, "Duplicate entry 'service-<<null>>' for key 'role.ixu_role_name_domain_id'")
Mar 26 07:10:03 ubuntu devstack@keystone.service[81699]: ERROR keystone.server.flask.application [SQL: INSERT INTO `role` (id, name, description, extra) VALUES (%(id)s, %(name)s, %(description)s, %(extra)s)]
Mar 26 07:10:03 ubuntu devstack@keystone.service[81699]: ERROR keystone.server.flask.application [parameters: {'id': 'fec16f117d324540a9c558294e565c0d', 'name': 'service', 'description': None, 'extra': '{}'}]
Mar 26 07:10:03 ubuntu devstack@keystone.service[81699]: ERROR keystone.server.flask.application (Background on this error at: https://sqlalche.me/e/20/gkpj)
Mar 26 07:10:03 ubuntu devstack@keystone.service[81699]: ERROR keystone.server.flask.application 
Mar 26 07:10:03 ubuntu devstack@keystone.service[81699]: ERROR keystone.server.flask.application During handling of the above exception, another exception occurred:
Mar 26 07:10:03 ubuntu devstack@keystone.service[81699]: ERROR keystone.server.flask.application 
Mar 26 07:10:03 ubuntu devstack@keystone.service[81699]: ERROR keystone.server.flask.application Traceback (most recent call last):
Mar 26 07:10:03 ubuntu devstack@keystone.service[81699]: ERROR keystone.server.flask.application   File "/opt/stack/data/venv/lib/python3.10/site-packages/flask/app.py", line 917, in full_dispatch_request
Mar 26 07:10:03 ubuntu devstack@keystone.service[81699]: ERROR keystone.server.flask.application     rv = self.dispatch_request()
Mar 26 07:10:03 ubuntu devstack@keystone.service[81699]: ERROR keystone.server.flask.application   File "/opt/stack/data/venv/lib/python3.10/site-packages/flask/app.py", line 902, in dispatch_request
Mar 26 07:10:03 ubuntu devstack@keystone.service[81699]: ERROR keystone.server.flask.application     return self.ensure_sync(self.view_functions[rule.endpoint])(**view_args)  # type: ignore[no-any-return]
Mar 26 07:10:03 ubuntu devstack@keystone.service[81699]: ERROR keystone.server.flask.application   File "/opt/stack/data/venv/lib/python3.10/site-packages/flask_restful/__init__.py", line 489, in wrapper
Mar 26 07:10:03 ubuntu devstack@keystone.service[81699]: ERROR keystone.server.flask.application     resp = resource(*args, **kwargs)
Mar 26 07:10:03 ubuntu devstack@keystone.service[81699]: ERROR keystone.server.flask.application   File "/opt/stack/data/venv/lib/python3.10/site-packages/flask/views.py", line 110, in view
Mar 26 07:10:03 ubuntu devstack@keystone.service[81699]: ERROR keystone.server.flask.application     return current_app.ensure_sync(self.dispatch_request)(**kwargs)  # type: ignore[no-any-return]
Mar 26 07:10:03 ubuntu devstack@keystone.service[81699]: ERROR keystone.server.flask.application   File "/opt/stack/data/venv/lib/python3.10/site-packages/flask_restful/__init__.py", line 604, in dispatch_request
Mar 26 07:10:03 ubuntu devstack@keystone.service[81699]: ERROR keystone.server.flask.application     resp = meth(*args, **kwargs)
Mar 26 07:10:03 ubuntu devstack@keystone.service[81699]: ERROR keystone.server.flask.application   File "/opt/stack/keystone/keystone/api/validation/__init__.py", line 86, in wrapper
Mar 26 07:10:03 ubuntu devstack@keystone.service[81699]: ERROR keystone.server.flask.application     return func(*args, **kwargs)
Mar 26 07:10:03 ubuntu devstack@keystone.service[81699]: ERROR keystone.server.flask.application   File "/opt/stack/keystone/keystone/api/validation/__init__.py", line 145, in wrapper
Mar 26 07:10:03 ubuntu devstack@keystone.service[81699]: ERROR keystone.server.flask.application     response = func(*args, **kwargs)
Mar 26 07:10:03 ubuntu devstack@keystone.service[81699]: ERROR keystone.server.flask.application   File "/opt/stack/keystone/keystone/api/roles.py", line 91, in post
Mar 26 07:10:03 ubuntu devstack@keystone.service[81699]: ERROR keystone.server.flask.application     ref = PROVIDERS.role_api.create_role(
Mar 26 07:10:03 ubuntu devstack@keystone.service[81699]: ERROR keystone.server.flask.application   File "/opt/stack/keystone/keystone/common/manager.py", line 114, in wrapped
Mar 26 07:10:03 ubuntu devstack@keystone.service[81699]: ERROR keystone.server.flask.application     __ret_val = __f(*args, **kwargs)
Mar 26 07:10:03 ubuntu devstack@keystone.service[81699]: ERROR keystone.server.flask.application   File "/opt/stack/keystone/keystone/assignment/core.py", line 1526, in create_role
Mar 26 07:10:03 ubuntu devstack@keystone.service[81699]: ERROR keystone.server.flask.application     ret = self.driver.create_role(role_id, role)
Mar 26 07:10:03 ubuntu devstack@keystone.service[81699]: ERROR keystone.server.flask.application   File "/opt/stack/keystone/keystone/common/sql/core.py", line 614, in wrapper
Mar 26 07:10:03 ubuntu devstack@keystone.service[81699]: ERROR keystone.server.flask.application     raise exception.Conflict(type=conflict_type, details=msg)
Mar 26 07:10:03 ubuntu devstack@keystone.service[81699]: ERROR keystone.server.flask.application keystone.exception.Conflict: Conflict occurred attempting to store role - Duplicate entry found with name service.
Mar 26 07:10:03 ubuntu devstack@keystone.service[81699]: ERROR keystone.server.flask.application 
Mar 26 07:10:03 ubuntu devstack@keystone.service[81699]: [pid: 81699|app: 0|req: 18/35] 10.201.5.82 () {60 vars in 1168 bytes} [Thu Mar 26 07:10:03 2026] POST /identity/v3/roles => generated 140 bytes in 82 msecs (HTTP/1.1 409) 5 headers in 183 bytes (1 switches on core 0)
Mar 26 07:10:03 ubuntu devstack@keystone.service[81699]: DEBUG keystone.server.flask.request_processing.middleware.auth_context [None req-307122e2-95d6-4afa-8709-37b5eee81e0a None admin] Authenticating user token {{(pid=81699) process_request /opt/stack/data/venv/lib/python3.10/site-packages/keystonemiddleware/auth_token/__init__.py:407}}
Mar 26 07:10:03 ubuntu devstack@keystone.service[81698]: [pid: 81698|app: 0|req: 18/36] 10.201.5.82 () {60 vars in 1177 bytes} [Thu Mar 26 07:10:03 2026] POST /identity/v3/projects => generated 301 bytes in 284 msecs (HTTP/1.1 201) 5 headers in 182 bytes (1 switches on core 0)
Mar 26 07:10:03 ubuntu devstack@keystone.service[81698]: DEBUG keystone.server.flask.request_processing.middleware.auth_context [None req-aa13917c-588d-4649-9047-4079e96205e6 None admin] Authenticating user token {{(pid=81698) process_request /opt/stack/data/venv/lib/python3.10/site-packages/keystonemiddleware/auth_token/__init__.py:407}}
Mar 26 07:10:03 ubuntu devstack@keystone.service[81699]: DEBUG keystone.server.flask.request_processing.middleware.auth_context [None req-307122e2-95d6-4afa-8709-37b5eee81e0a None admin] Validating token access rules against request {{(pid=81699) validate_allowed_request /opt/stack/data/venv/lib/python3.10/site-packages/keystonemiddleware/auth_token/__init__.py:545}}
Mar 26 07:10:03 ubuntu devstack@keystone.service[81699]: DEBUG keystone.server.flask.request_processing.middleware.auth_context [None req-02db0b4d-cdb3-47a6-ab02-7b72a5583199 None admin] RBAC: auth_context: {'token': <TokenModel (audit_id=KrdCtkbkRWSdpYYTFLDRtw, audit_chain_id=['KrdCtkbkRWSdpYYTFLDRtw']) at 0x7fa38e29eb00>, 'domain_id': None, 'trust_id': None, 'trustor_id': None, 'trustee_id': None, 'domain_name': None, 'group_ids': [], 'user_id': 'bfc8225c3fee4b80b15beac529873131', 'user_domain_id': 'default', 'system_scope': 'all', 'project_id': None, 'project_domain_id': None, 'roles': ['admin', 'manager', 'member', 'reader'], 'is_admin_project': True, 'service_user_id': None, 'service_user_domain_id': None, 'service_project_id': None, 'service_project_domain_id': None, 'service_roles': []} {{(pid=81699) fill_context /opt/stack/keystone/keystone/server/flask/request_processing/middleware/auth_context.py:509}}
Mar 26 07:10:03 ubuntu devstack@keystone.service[81699]: DEBUG keystone.server.flask.request_processing.req_logging [None req-02db0b4d-cdb3-47a6-ab02-7b72a5583199 None admin] REQUEST_METHOD: `GET` {{(pid=81699) log_request_info /opt/stack/keystone/keystone/server/flask/request_processing/req_logging.py:26}}
Mar 26 07:10:03 ubuntu devstack@keystone.service[81699]: DEBUG keystone.server.flask.request_processing.req_logging [None req-02db0b4d-cdb3-47a6-ab02-7b72a5583199 None admin] SCRIPT_NAME: `/identity` {{(pid=81699) log_request_info /opt/stack/keystone/keystone/server/flask/request_processing/req_logging.py:27}}
Mar 26 07:10:03 ubuntu devstack@keystone.service[81699]: DEBUG keystone.server.flask.request_processing.req_logging [None req-02db0b4d-cdb3-47a6-ab02-7b72a5583199 None admin] PATH_INFO: `/v3/users/bfc8225c3fee4b80b15beac529873131` {{(pid=81699) log_request_info /opt/stack/keystone/keystone/server/flask/request_processing/req_logging.py:28}}
Mar 26 07:10:03 ubuntu devstack@keystone.service[81699]: DEBUG keystone.common.rbac_enforcer.enforcer [None req-02db0b4d-cdb3-47a6-ab02-7b72a5583199 None admin] RBAC: Authorizing `identity:get_user(user_id=bfc8225c3fee4b80b15beac529873131)` {{(pid=81699) enforce_call /opt/stack/keystone/keystone/common/rbac_enforcer/enforcer.py:494}}
Mar 26 07:10:03 ubuntu devstack@keystone.service[81699]: DEBUG keystone.common.rbac_enforcer.enforcer [None req-02db0b4d-cdb3-47a6-ab02-7b72a5583199 None admin] RBAC: Authorization granted {{(pid=81699) enforce_call /opt/stack/keystone/keystone/common/rbac_enforcer/enforcer.py:505}}
Mar 26 07:10:03 ubuntu devstack@keystone.service[81699]: [pid: 81699|app: 0|req: 19/37] 10.201.5.82 () {56 vars in 1214 bytes} [Thu Mar 26 07:10:03 2026] GET /identity/v3/users/bfc8225c3fee4b80b15beac529873131 => generated 247 bytes in 66 msecs (HTTP/1.1 200) 5 headers in 177 bytes (1 switches on core 0)
Mar 26 07:10:03 ubuntu devstack@keystone.service[81699]: DEBUG keystone.server.flask.request_processing.middleware.auth_context [None req-02db0b4d-cdb3-47a6-ab02-7b72a5583199 None admin] Authenticating user token {{(pid=81699) process_request /opt/stack/data/venv/lib/python3.10/site-packages/keystonemiddleware/auth_token/__init__.py:407}}
Mar 26 07:10:03 ubuntu devstack@keystone.service[81698]: DEBUG keystone.server.flask.request_processing.middleware.auth_context [None req-aa13917c-588d-4649-9047-4079e96205e6 None admin] Validating token access rules against request {{(pid=81698) validate_allowed_request /opt/stack/data/venv/lib/python3.10/site-packages/keystonemiddleware/auth_token/__init__.py:545}}
Mar 26 07:10:03 ubuntu devstack@keystone.service[81699]: DEBUG keystone.server.flask.request_processing.middleware.auth_context [None req-02db0b4d-cdb3-47a6-ab02-7b72a5583199 None admin] Validating token access rules against request {{(pid=81699) validate_allowed_request /opt/stack/data/venv/lib/python3.10/site-packages/keystonemiddleware/auth_token/__init__.py:545}}
Mar 26 07:10:03 ubuntu devstack@keystone.service[81698]: DEBUG keystone.server.flask.request_processing.middleware.auth_context [None req-9ec6425f-e56f-4e1d-8af0-f3d4c346d4a6 None admin] RBAC: auth_context: {'token': <TokenModel (audit_id=1KHRWkj4Q0KoLlBzTXtRnA, audit_chain_id=['1KHRWkj4Q0KoLlBzTXtRnA']) at 0x7fa38e10be80>, 'domain_id': None, 'trust_id': None, 'trustor_id': None, 'trustee_id': None, 'domain_name': None, 'group_ids': [], 'user_id': 'bfc8225c3fee4b80b15beac529873131', 'user_domain_id': 'default', 'system_scope': 'all', 'project_id': None, 'project_domain_id': None, 'roles': ['admin', 'manager', 'member', 'reader'], 'is_admin_project': True, 'service_user_id': None, 'service_user_domain_id': None, 'service_project_id': None, 'service_project_domain_id': None, 'service_roles': []} {{(pid=81698) fill_context /opt/stack/keystone/keystone/server/flask/request_processing/middleware/auth_context.py:509}}
Mar 26 07:10:03 ubuntu devstack@keystone.service[81698]: DEBUG keystone.server.flask.request_processing.req_logging [None req-9ec6425f-e56f-4e1d-8af0-f3d4c346d4a6 None admin] REQUEST_METHOD: `GET` {{(pid=81698) log_request_info /opt/stack/keystone/keystone/server/flask/request_processing/req_logging.py:26}}
Mar 26 07:10:03 ubuntu devstack@keystone.service[81698]: DEBUG keystone.server.flask.request_processing.req_logging [None req-9ec6425f-e56f-4e1d-8af0-f3d4c346d4a6 None admin] SCRIPT_NAME: `/identity` {{(pid=81698) log_request_info /opt/stack/keystone/keystone/server/flask/request_processing/req_logging.py:27}}
Mar 26 07:10:03 ubuntu devstack@keystone.service[81698]: DEBUG keystone.server.flask.request_processing.req_logging [None req-9ec6425f-e56f-4e1d-8af0-f3d4c346d4a6 None admin] PATH_INFO: `/v3/roles/service` {{(pid=81698) log_request_info /opt/stack/keystone/keystone/server/flask/request_processing/req_logging.py:28}}
Mar 26 07:10:03 ubuntu devstack@keystone.service[81698]: DEBUG keystone.common.rbac_enforcer.enforcer [None req-9ec6425f-e56f-4e1d-8af0-f3d4c346d4a6 None admin] Extracting inferred target data resulted in "NOT FOUND (404)". {{(pid=81698) enforce_call /opt/stack/keystone/keystone/common/rbac_enforcer/enforcer.py:445}}
Mar 26 07:10:03 ubuntu devstack@keystone.service[81698]: DEBUG keystone.server.flask.application [None req-9ec6425f-e56f-4e1d-8af0-f3d4c346d4a6 None admin] Could not find role: service. {{(pid=81698) _handle_keystone_exception /opt/stack/keystone/keystone/server/flask/application.py:146}}
Mar 26 07:10:03 ubuntu devstack@keystone.service[81698]: [pid: 81698|app: 0|req: 19/38] 10.201.5.82 () {56 vars in 1139 bytes} [Thu Mar 26 07:10:03 2026] GET /identity/v3/roles/service => generated 85 bytes in 115 msecs (HTTP/1.1 404) 5 headers in 183 bytes (1 switches on core 0)
Mar 26 07:10:03 ubuntu devstack@keystone.service[81698]: DEBUG keystone.server.flask.request_processing.middleware.auth_context [None req-9ec6425f-e56f-4e1d-8af0-f3d4c346d4a6 None admin] Authenticating user token {{(pid=81698) process_request /opt/stack/data/venv/lib/python3.10/site-packages/keystonemiddleware/auth_token/__init__.py:407}}
Mar 26 07:10:03 ubuntu devstack@keystone.service[81699]: DEBUG keystone.server.flask.request_processing.middleware.auth_context [None req-14e43cb1-5427-437e-abd4-141d5a6aec3f None admin] RBAC: auth_context: {'token': <TokenModel (audit_id=BpMTRKQDTda5nDZcrhklBQ, audit_chain_id=['BpMTRKQDTda5nDZcrhklBQ']) at 0x7fa38e3c0400>, 'domain_id': None, 'trust_id': None, 'trustor_id': None, 'trustee_id': None, 'domain_name': None, 'group_ids': [], 'user_id': 'bfc8225c3fee4b80b15beac529873131', 'user_domain_id': 'default', 'system_scope': 'all', 'project_id': None, 'project_domain_id': None, 'roles': ['admin', 'manager', 'member', 'reader'], 'is_admin_project': True, 'service_user_id': None, 'service_user_domain_id': None, 'service_project_id': None, 'service_project_domain_id': None, 'service_roles': []} {{(pid=81699) fill_context /opt/stack/keystone/keystone/server/flask/request_processing/middleware/auth_context.py:509}}
Mar 26 07:10:03 ubuntu devstack@keystone.service[81699]: DEBUG keystone.server.flask.request_processing.req_logging [None req-14e43cb1-5427-437e-abd4-141d5a6aec3f None admin] REQUEST_METHOD: `POST` {{(pid=81699) log_request_info /opt/stack/keystone/keystone/server/flask/request_processing/req_logging.py:26}}
Mar 26 07:10:03 ubuntu devstack@keystone.service[81699]: DEBUG keystone.server.flask.request_processing.req_logging [None req-14e43cb1-5427-437e-abd4-141d5a6aec3f None admin] SCRIPT_NAME: `/identity` {{(pid=81699) log_request_info /opt/stack/keystone/keystone/server/flask/request_processing/req_logging.py:27}}
Mar 26 07:10:03 ubuntu devstack@keystone.service[81699]: DEBUG keystone.server.flask.request_processing.req_logging [None req-14e43cb1-5427-437e-abd4-141d5a6aec3f None admin] PATH_INFO: `/v3/roles` {{(pid=81699) log_request_info /opt/stack/keystone/keystone/server/flask/request_processing/req_logging.py:28}}
Mar 26 07:10:03 ubuntu devstack@keystone.service[81699]: DEBUG keystone.common.rbac_enforcer.enforcer [None req-14e43cb1-5427-437e-abd4-141d5a6aec3f None admin] RBAC: Authorizing `identity:create_role()` {{(pid=81699) enforce_call /opt/stack/keystone/keystone/common/rbac_enforcer/enforcer.py:494}}
Mar 26 07:10:03 ubuntu devstack@keystone.service[81699]: DEBUG keystone.common.rbac_enforcer.enforcer [None req-14e43cb1-5427-437e-abd4-141d5a6aec3f None admin] RBAC: Authorization granted {{(pid=81699) enforce_call /opt/stack/keystone/keystone/common/rbac_enforcer/enforcer.py:505}}
Mar 26 07:10:03 ubuntu devstack@keystone.service[81699]: [pid: 81699|app: 0|req: 20/39] 10.201.5.82 () {60 vars in 1168 bytes} [Thu Mar 26 07:10:03 2026] POST /identity/v3/roles => generated 225 bytes in 78 msecs (HTTP/1.1 201) 5 headers in 182 bytes (1 switches on core 0)
Mar 26 07:10:03 ubuntu devstack@keystone.service[81699]: DEBUG keystone.server.flask.request_processing.middleware.auth_context [None req-14e43cb1-5427-437e-abd4-141d5a6aec3f None admin] Authenticating user token {{(pid=81699) process_request /opt/stack/data/venv/lib/python3.10/site-packages/keystonemiddleware/auth_token/__init__.py:407}}
Mar 26 07:10:03 ubuntu devstack@keystone.service[81699]: DEBUG keystone.server.flask.request_processing.middleware.auth_context [None req-14e43cb1-5427-437e-abd4-141d5a6aec3f None admin] Validating token access rules against request {{(pid=81699) validate_allowed_request /opt/stack/data/venv/lib/python3.10/site-packages/keystonemiddleware/auth_token/__init__.py:545}}
Mar 26 07:10:03 ubuntu devstack@keystone.service[81698]: DEBUG keystone.server.flask.request_processing.middleware.auth_context [None req-9ec6425f-e56f-4e1d-8af0-f3d4c346d4a6 None admin] Validating token access rules against request {{(pid=81698) validate_allowed_request /opt/stack/data/venv/lib/python3.10/site-packages/keystonemiddleware/auth_token/__init__.py:545}}
Mar 26 07:10:03 ubuntu devstack@keystone.service[81699]: DEBUG keystone.server.flask.request_processing.middleware.auth_context [None req-f068a35d-6e2b-41d7-a9f3-4624fbbd8b9b None admin] RBAC: auth_context: {'token': <TokenModel (audit_id=1KHRWkj4Q0KoLlBzTXtRnA, audit_chain_id=['1KHRWkj4Q0KoLlBzTXtRnA']) at 0x7fa38e259cc0>, 'domain_id': None, 'trust_id': None, 'trustor_id': None, 'trustee_id': None, 'domain_name': None, 'group_ids': [], 'user_id': 'bfc8225c3fee4b80b15beac529873131', 'user_domain_id': 'default', 'system_scope': 'all', 'project_id': None, 'project_domain_id': None, 'roles': ['admin', 'manager', 'member', 'reader'], 'is_admin_project': True, 'service_user_id': None, 'service_user_domain_id': None, 'service_project_id': None, 'service_project_domain_id': None, 'service_roles': []} {{(pid=81699) fill_context /opt/stack/keystone/keystone/server/flask/request_processing/middleware/auth_context.py:509}}
Mar 26 07:10:03 ubuntu devstack@keystone.service[81699]: DEBUG keystone.server.flask.request_processing.req_logging [None req-f068a35d-6e2b-41d7-a9f3-4624fbbd8b9b None admin] REQUEST_METHOD: `GET` {{(pid=81699) log_request_info /opt/stack/keystone/keystone/server/flask/request_processing/req_logging.py:26}}
Mar 26 07:10:03 ubuntu devstack@keystone.service[81699]: DEBUG keystone.server.flask.request_processing.req_logging [None req-f068a35d-6e2b-41d7-a9f3-4624fbbd8b9b None admin] SCRIPT_NAME: `/identity` {{(pid=81699) log_request_info /opt/stack/keystone/keystone/server/flask/request_processing/req_logging.py:27}}
Mar 26 07:10:03 ubuntu devstack@keystone.service[81699]: DEBUG keystone.server.flask.request_processing.req_logging [None req-f068a35d-6e2b-41d7-a9f3-4624fbbd8b9b None admin] PATH_INFO: `/v3/roles` {{(pid=81699) log_request_info /opt/stack/keystone/keystone/server/flask/request_processing/req_logging.py:28}}
Mar 26 07:10:03 ubuntu devstack@keystone.service[81699]: DEBUG keystone.common.rbac_enforcer.enforcer [None req-f068a35d-6e2b-41d7-a9f3-4624fbbd8b9b None admin] RBAC: Adding query filter params (name=service) {{(pid=81699) _extract_filter_values /opt/stack/keystone/keystone/common/rbac_enforcer/enforcer.py:176}}
Mar 26 07:10:03 ubuntu devstack@keystone.service[81699]: DEBUG keystone.common.rbac_enforcer.enforcer [None req-f068a35d-6e2b-41d7-a9f3-4624fbbd8b9b None admin] RBAC: Authorizing `identity:list_roles()` {{(pid=81699) enforce_call /opt/stack/keystone/keystone/common/rbac_enforcer/enforcer.py:494}}
Mar 26 07:10:03 ubuntu devstack@keystone.service[81699]: DEBUG keystone.common.rbac_enforcer.enforcer [None req-f068a35d-6e2b-41d7-a9f3-4624fbbd8b9b None admin] RBAC: Authorization granted {{(pid=81699) enforce_call /opt/stack/keystone/keystone/common/rbac_enforcer/enforcer.py:505}}
Mar 26 07:10:03 ubuntu devstack@keystone.service[81699]: [pid: 81699|app: 0|req: 21/40] 10.201.5.82 () {56 vars in 1153 bytes} [Thu Mar 26 07:10:03 2026] GET /identity/v3/roles?name=service => generated 343 bytes in 65 msecs (HTTP/1.1 200) 5 headers in 177 bytes (1 switches on core 0)
Mar 26 07:10:03 ubuntu devstack@keystone.service[81698]: DEBUG keystone.server.flask.request_processing.middleware.auth_context [None req-ce892ed8-4394-4fa4-8eb6-91f1a87bb03a None admin] RBAC: auth_context: {'token': <TokenModel (audit_id=KrdCtkbkRWSdpYYTFLDRtw, audit_chain_id=['KrdCtkbkRWSdpYYTFLDRtw']) at 0x7fa38e5cd900>, 'domain_id': None, 'trust_id': None, 'trustor_id': None, 'trustee_id': None, 'domain_name': None, 'group_ids': [], 'user_id': 'bfc8225c3fee4b80b15beac529873131', 'user_domain_id': 'default', 'system_scope': 'all', 'project_id': None, 'project_domain_id': None, 'roles': ['admin', 'manager', 'member', 'reader'], 'is_admin_project': True, 'service_user_id': None, 'service_user_domain_id': None, 'service_project_id': None, 'service_project_domain_id': None, 'service_roles': []} {{(pid=81698) fill_context /opt/stack/keystone/keystone/server/flask/request_processing/middleware/auth_context.py:509}}
Mar 26 07:10:03 ubuntu devstack@keystone.service[81698]: DEBUG keystone.server.flask.request_processing.req_logging [None req-ce892ed8-4394-4fa4-8eb6-91f1a87bb03a None admin] REQUEST_METHOD: `GET` {{(pid=81698) log_request_info /opt/stack/keystone/keystone/server/flask/request_processing/req_logging.py:26}}
Mar 26 07:10:03 ubuntu devstack@keystone.service[81698]: DEBUG keystone.server.flask.request_processing.req_logging [None req-ce892ed8-4394-4fa4-8eb6-91f1a87bb03a None admin] SCRIPT_NAME: `/identity` {{(pid=81698) log_request_info /opt/stack/keystone/keystone/server/flask/request_processing/req_logging.py:27}}
Mar 26 07:10:03 ubuntu devstack@keystone.service[81698]: DEBUG keystone.server.flask.request_processing.req_logging [None req-ce892ed8-4394-4fa4-8eb6-91f1a87bb03a None admin] PATH_INFO: `/v3/domains/default` {{(pid=81698) log_request_info /opt/stack/keystone/keystone/server/flask/request_processing/req_logging.py:28}}
Mar 26 07:10:03 ubuntu devstack@keystone.service[81698]: DEBUG keystone.common.rbac_enforcer.enforcer [None req-ce892ed8-4394-4fa4-8eb6-91f1a87bb03a None admin] RBAC: Authorizing `identity:get_domain(domain_id=default)` {{(pid=81698) enforce_call /opt/stack/keystone/keystone/common/rbac_enforcer/enforcer.py:494}}
Mar 26 07:10:03 ubuntu devstack@keystone.service[81698]: DEBUG keystone.common.rbac_enforcer.enforcer [None req-ce892ed8-4394-4fa4-8eb6-91f1a87bb03a None admin] RBAC: Authorization granted {{(pid=81698) enforce_call /opt/stack/keystone/keystone/common/rbac_enforcer/enforcer.py:505}}
Mar 26 07:10:03 ubuntu devstack@keystone.service[81698]: [pid: 81698|app: 0|req: 20/41] 10.201.5.82 () {56 vars in 1145 bytes} [Thu Mar 26 07:10:03 2026] GET /identity/v3/domains/default => generated 199 bytes in 95 msecs (HTTP/1.1 200) 5 headers in 177 bytes (1 switches on core 0)
Mar 26 07:10:03 ubuntu devstack@keystone.service[81699]: DEBUG keystone.server.flask.request_processing.middleware.auth_context [None req-f068a35d-6e2b-41d7-a9f3-4624fbbd8b9b None admin] Authenticating user token {{(pid=81699) process_request /opt/stack/data/venv/lib/python3.10/site-packages/keystonemiddleware/auth_token/__init__.py:407}}
Mar 26 07:10:03 ubuntu devstack@keystone.service[81699]: DEBUG keystone.server.flask.request_processing.middleware.auth_context [None req-f068a35d-6e2b-41d7-a9f3-4624fbbd8b9b None admin] Validating token access rules against request {{(pid=81699) validate_allowed_request /opt/stack/data/venv/lib/python3.10/site-packages/keystonemiddleware/auth_token/__init__.py:545}}
Mar 26 07:10:03 ubuntu devstack@keystone.service[81699]: DEBUG keystone.server.flask.request_processing.middleware.auth_context [None req-4b4968a8-c5b0-465c-a6d4-b42931efcb58 None admin] RBAC: auth_context: {'token': <TokenModel (audit_id=KrdCtkbkRWSdpYYTFLDRtw, audit_chain_id=['KrdCtkbkRWSdpYYTFLDRtw']) at 0x7fa38e25ac20>, 'domain_id': None, 'trust_id': None, 'trustor_id': None, 'trustee_id': None, 'domain_name': None, 'group_ids': [], 'user_id': 'bfc8225c3fee4b80b15beac529873131', 'user_domain_id': 'default', 'system_scope': 'all', 'project_id': None, 'project_domain_id': None, 'roles': ['admin', 'manager', 'member', 'reader'], 'is_admin_project': True, 'service_user_id': None, 'service_user_domain_id': None, 'service_project_id': None, 'service_project_domain_id': None, 'service_roles': []} {{(pid=81699) fill_context /opt/stack/keystone/keystone/server/flask/request_processing/middleware/auth_context.py:509}}
Mar 26 07:10:03 ubuntu devstack@keystone.service[81699]: DEBUG keystone.server.flask.request_processing.req_logging [None req-4b4968a8-c5b0-465c-a6d4-b42931efcb58 None admin] REQUEST_METHOD: `GET` {{(pid=81699) log_request_info /opt/stack/keystone/keystone/server/flask/request_processing/req_logging.py:26}}
Mar 26 07:10:03 ubuntu devstack@keystone.service[81699]: DEBUG keystone.server.flask.request_processing.req_logging [None req-4b4968a8-c5b0-465c-a6d4-b42931efcb58 None admin] SCRIPT_NAME: `/identity` {{(pid=81699) log_request_info /opt/stack/keystone/keystone/server/flask/request_processing/req_logging.py:27}}
Mar 26 07:10:03 ubuntu devstack@keystone.service[81699]: DEBUG keystone.server.flask.request_processing.req_logging [None req-4b4968a8-c5b0-465c-a6d4-b42931efcb58 None admin] PATH_INFO: `/v3/role_assignments` {{(pid=81699) log_request_info /opt/stack/keystone/keystone/server/flask/request_processing/req_logging.py:28}}
Mar 26 07:10:03 ubuntu devstack@keystone.service[81699]: DEBUG keystone.common.rbac_enforcer.enforcer [None req-4b4968a8-c5b0-465c-a6d4-b42931efcb58 None admin] RBAC: Adding query filter params (role.id=bb0dc1e911c24fe3bce1a1f750310661, scope.domain.id=default, user.id=bfc8225c3fee4b80b15beac529873131) {{(pid=81699) _extract_filter_values /opt/stack/keystone/keystone/common/rbac_enforcer/enforcer.py:176}}
Mar 26 07:10:03 ubuntu devstack@keystone.service[81699]: DEBUG keystone.common.rbac_enforcer.enforcer [None req-4b4968a8-c5b0-465c-a6d4-b42931efcb58 None admin] RBAC: Authorizing `identity:list_role_assignments()` {{(pid=81699) enforce_call /opt/stack/keystone/keystone/common/rbac_enforcer/enforcer.py:494}}
Mar 26 07:10:03 ubuntu devstack@keystone.service[81699]: DEBUG keystone.common.rbac_enforcer.enforcer [None req-4b4968a8-c5b0-465c-a6d4-b42931efcb58 None admin] RBAC: Authorization granted {{(pid=81699) enforce_call /opt/stack/keystone/keystone/common/rbac_enforcer/enforcer.py:505}}
Mar 26 07:10:03 ubuntu devstack@keystone.service[81699]: [pid: 81699|app: 0|req: 22/42] 10.201.5.82 () {56 vars in 1372 bytes} [Thu Mar 26 07:10:03 2026] GET /identity/v3/role_assignments?role.id=bb0dc1e911c24fe3bce1a1f750310661&scope.domain.id=default&user.id=bfc8225c3fee4b80b15beac529873131 => generated 530 bytes in 67 msecs (HTTP/1.1 200) 5 headers in 177 bytes (1 switches on core 0)
Mar 26 07:10:04 ubuntu devstack@keystone.service[81698]: DEBUG keystone.server.flask.request_processing.req_logging [None req-a4cf4582-3f98-4881-9760-47964bc1cb97 None None] REQUEST_METHOD: `GET` {{(pid=81698) log_request_info /opt/stack/keystone/keystone/server/flask/request_processing/req_logging.py:26}}
Mar 26 07:10:04 ubuntu devstack@keystone.service[81698]: DEBUG keystone.server.flask.request_processing.req_logging [None req-a4cf4582-3f98-4881-9760-47964bc1cb97 None None] SCRIPT_NAME: `/identity` {{(pid=81698) log_request_info /opt/stack/keystone/keystone/server/flask/request_processing/req_logging.py:27}}
Mar 26 07:10:04 ubuntu devstack@keystone.service[81698]: DEBUG keystone.server.flask.request_processing.req_logging [None req-a4cf4582-3f98-4881-9760-47964bc1cb97 None None] PATH_INFO: `/` {{(pid=81698) log_request_info /opt/stack/keystone/keystone/server/flask/request_processing/req_logging.py:28}}
Mar 26 07:10:04 ubuntu devstack@keystone.service[81698]: [pid: 81698|app: 0|req: 21/43] 10.201.5.82 () {54 vars in 920 bytes} [Thu Mar 26 07:10:04 2026] GET /identity => generated 270 bytes in 2 msecs (HTTP/1.1 300) 6 headers in 234 bytes (1 switches on core 0)
Mar 26 07:10:04 ubuntu devstack@keystone.service[81699]: DEBUG keystone.server.flask.request_processing.req_logging [None req-6600314a-47dc-4dce-9858-30db0116f582 None None] REQUEST_METHOD: `GET` {{(pid=81699) log_request_info /opt/stack/keystone/keystone/server/flask/request_processing/req_logging.py:26}}
Mar 26 07:10:04 ubuntu devstack@keystone.service[81699]: DEBUG keystone.server.flask.request_processing.req_logging [None req-6600314a-47dc-4dce-9858-30db0116f582 None None] SCRIPT_NAME: `/identity` {{(pid=81699) log_request_info /opt/stack/keystone/keystone/server/flask/request_processing/req_logging.py:27}}
Mar 26 07:10:04 ubuntu devstack@keystone.service[81699]: DEBUG keystone.server.flask.request_processing.req_logging [None req-6600314a-47dc-4dce-9858-30db0116f582 None None] PATH_INFO: `/` {{(pid=81699) log_request_info /opt/stack/keystone/keystone/server/flask/request_processing/req_logging.py:28}}
Mar 26 07:10:04 ubuntu devstack@keystone.service[81699]: [pid: 81699|app: 0|req: 23/44] 10.201.5.82 () {54 vars in 920 bytes} [Thu Mar 26 07:10:04 2026] GET /identity => generated 270 bytes in 2 msecs (HTTP/1.1 300) 6 headers in 234 bytes (2 switches on core 0)
Mar 26 07:10:04 ubuntu devstack@keystone.service[81698]: DEBUG keystone.server.flask.request_processing.req_logging [None req-3b16f5a2-fbef-40eb-a51c-8574f0470f12 None None] REQUEST_METHOD: `POST` {{(pid=81698) log_request_info /opt/stack/keystone/keystone/server/flask/request_processing/req_logging.py:26}}
Mar 26 07:10:04 ubuntu devstack@keystone.service[81698]: DEBUG keystone.server.flask.request_processing.req_logging [None req-3b16f5a2-fbef-40eb-a51c-8574f0470f12 None None] SCRIPT_NAME: `/identity` {{(pid=81698) log_request_info /opt/stack/keystone/keystone/server/flask/request_processing/req_logging.py:27}}
Mar 26 07:10:04 ubuntu devstack@keystone.service[81698]: DEBUG keystone.server.flask.request_processing.req_logging [None req-3b16f5a2-fbef-40eb-a51c-8574f0470f12 None None] PATH_INFO: `/v3/auth/tokens` {{(pid=81698) log_request_info /opt/stack/keystone/keystone/server/flask/request_processing/req_logging.py:28}}
Mar 26 07:10:04 ubuntu devstack@keystone.service[81699]: DEBUG keystone.server.flask.request_processing.req_logging [None req-6d4e5f3e-41db-47e1-91ee-2b03d6dc926c None None] REQUEST_METHOD: `POST` {{(pid=81699) log_request_info /opt/stack/keystone/keystone/server/flask/request_processing/req_logging.py:26}}
Mar 26 07:10:04 ubuntu devstack@keystone.service[81699]: DEBUG keystone.server.flask.request_processing.req_logging [None req-6d4e5f3e-41db-47e1-91ee-2b03d6dc926c None None] SCRIPT_NAME: `/identity` {{(pid=81699) log_request_info /opt/stack/keystone/keystone/server/flask/request_processing/req_logging.py:27}}
Mar 26 07:10:04 ubuntu devstack@keystone.service[81699]: DEBUG keystone.server.flask.request_processing.req_logging [None req-6d4e5f3e-41db-47e1-91ee-2b03d6dc926c None None] PATH_INFO: `/v3/auth/tokens` {{(pid=81699) log_request_info /opt/stack/keystone/keystone/server/flask/request_processing/req_logging.py:28}}
Mar 26 07:10:04 ubuntu devstack@keystone.service[81699]: WARNING keystone.common.password_hashing [None req-6d4e5f3e-41db-47e1-91ee-2b03d6dc926c None None] Truncating password to algorithm specific maximum length 72 characters.
Mar 26 07:10:04 ubuntu devstack@keystone.service[81698]: WARNING keystone.common.password_hashing [None req-3b16f5a2-fbef-40eb-a51c-8574f0470f12 None None] Truncating password to algorithm specific maximum length 72 characters.
Mar 26 07:10:04 ubuntu devstack@keystone.service[81699]: DEBUG keystone.auth.core [None req-6d4e5f3e-41db-47e1-91ee-2b03d6dc926c None None] MFA Rules not processed for user `bfc8225c3fee4b80b15beac529873131`. Rule list: `[]` (Enabled: `True`). {{(pid=81699) check_auth_methods_against_rules /opt/stack/keystone/keystone/auth/core.py:476}}
Mar 26 07:10:04 ubuntu devstack@keystone.service[81699]: DEBUG keystone.common.fernet_utils [None req-6d4e5f3e-41db-47e1-91ee-2b03d6dc926c None None] Loaded 2 Fernet keys from /etc/keystone/fernet-keys/, but `[fernet_tokens] max_active_keys = 3`; perhaps there have not been enough key rotations to reach `max_active_keys` yet? {{(pid=81699) load_keys /opt/stack/keystone/keystone/common/fernet_utils.py:297}}
Mar 26 07:10:04 ubuntu devstack@keystone.service[81698]: DEBUG keystone.auth.core [None req-3b16f5a2-fbef-40eb-a51c-8574f0470f12 None None] MFA Rules not processed for user `bfc8225c3fee4b80b15beac529873131`. Rule list: `[]` (Enabled: `True`). {{(pid=81698) check_auth_methods_against_rules /opt/stack/keystone/keystone/auth/core.py:476}}
Mar 26 07:10:04 ubuntu devstack@keystone.service[81698]: DEBUG keystone.common.fernet_utils [None req-3b16f5a2-fbef-40eb-a51c-8574f0470f12 None None] Loaded 2 Fernet keys from /etc/keystone/fernet-keys/, but `[fernet_tokens] max_active_keys = 3`; perhaps there have not been enough key rotations to reach `max_active_keys` yet? {{(pid=81698) load_keys /opt/stack/keystone/keystone/common/fernet_utils.py:297}}
Mar 26 07:10:04 ubuntu devstack@keystone.service[81699]: [pid: 81699|app: 0|req: 24/45] 10.201.5.82 () {58 vars in 1017 bytes} [Thu Mar 26 07:10:04 2026] POST /identity/v3/auth/tokens => generated 862 bytes in 58 msecs (HTTP/1.1 201) 6 headers in 363 bytes (1 switches on core 0)
Mar 26 07:10:04 ubuntu devstack@keystone.service[81698]: [pid: 81698|app: 0|req: 22/46] 10.201.5.82 () {58 vars in 1017 bytes} [Thu Mar 26 07:10:04 2026] POST /identity/v3/auth/tokens => generated 862 bytes in 69 msecs (HTTP/1.1 201) 6 headers in 363 bytes (1 switches on core 0)
Mar 26 07:10:04 ubuntu devstack@keystone.service[81699]: DEBUG keystone.server.flask.request_processing.middleware.auth_context [None req-6d4e5f3e-41db-47e1-91ee-2b03d6dc926c None None] Authenticating user token {{(pid=81699) process_request /opt/stack/data/venv/lib/python3.10/site-packages/keystonemiddleware/auth_token/__init__.py:407}}
Mar 26 07:10:04 ubuntu devstack@keystone.service[81698]: DEBUG keystone.server.flask.request_processing.middleware.auth_context [None req-3b16f5a2-fbef-40eb-a51c-8574f0470f12 None None] Authenticating user token {{(pid=81698) process_request /opt/stack/data/venv/lib/python3.10/site-packages/keystonemiddleware/auth_token/__init__.py:407}}
Mar 26 07:10:04 ubuntu devstack@keystone.service[81699]: DEBUG keystone.server.flask.request_processing.middleware.auth_context [None req-6d4e5f3e-41db-47e1-91ee-2b03d6dc926c None None] Validating token access rules against request {{(pid=81699) validate_allowed_request /opt/stack/data/venv/lib/python3.10/site-packages/keystonemiddleware/auth_token/__init__.py:545}}
Mar 26 07:10:04 ubuntu devstack@keystone.service[81698]: DEBUG keystone.server.flask.request_processing.middleware.auth_context [None req-3b16f5a2-fbef-40eb-a51c-8574f0470f12 None None] Validating token access rules against request {{(pid=81698) validate_allowed_request /opt/stack/data/venv/lib/python3.10/site-packages/keystonemiddleware/auth_token/__init__.py:545}}
Mar 26 07:10:04 ubuntu devstack@keystone.service[81699]: DEBUG keystone.server.flask.request_processing.middleware.auth_context [None req-59061146-7565-4795-a87e-6a51bd332e8b None admin] RBAC: auth_context: {'token': <TokenModel (audit_id=HbTxKuPGTdaPSV7_-6a-3Q, audit_chain_id=['HbTxKuPGTdaPSV7_-6a-3Q']) at 0x7fa38e628490>, 'domain_id': None, 'trust_id': None, 'trustor_id': None, 'trustee_id': None, 'domain_name': None, 'group_ids': [], 'user_id': 'bfc8225c3fee4b80b15beac529873131', 'user_domain_id': 'default', 'system_scope': 'all', 'project_id': None, 'project_domain_id': None, 'roles': ['admin', 'manager', 'member', 'reader'], 'is_admin_project': True, 'service_user_id': None, 'service_user_domain_id': None, 'service_project_id': None, 'service_project_domain_id': None, 'service_roles': []} {{(pid=81699) fill_context /opt/stack/keystone/keystone/server/flask/request_processing/middleware/auth_context.py:509}}
Mar 26 07:10:04 ubuntu devstack@keystone.service[81699]: DEBUG keystone.server.flask.request_processing.req_logging [None req-59061146-7565-4795-a87e-6a51bd332e8b None admin] REQUEST_METHOD: `POST` {{(pid=81699) log_request_info /opt/stack/keystone/keystone/server/flask/request_processing/req_logging.py:26}}
Mar 26 07:10:04 ubuntu devstack@keystone.service[81699]: DEBUG keystone.server.flask.request_processing.req_logging [None req-59061146-7565-4795-a87e-6a51bd332e8b None admin] SCRIPT_NAME: `/identity` {{(pid=81699) log_request_info /opt/stack/keystone/keystone/server/flask/request_processing/req_logging.py:27}}
Mar 26 07:10:04 ubuntu devstack@keystone.service[81699]: DEBUG keystone.server.flask.request_processing.req_logging [None req-59061146-7565-4795-a87e-6a51bd332e8b None admin] PATH_INFO: `/v3/roles` {{(pid=81699) log_request_info /opt/stack/keystone/keystone/server/flask/request_processing/req_logging.py:28}}
Mar 26 07:10:04 ubuntu devstack@keystone.service[81699]: DEBUG keystone.common.rbac_enforcer.enforcer [None req-59061146-7565-4795-a87e-6a51bd332e8b None admin] RBAC: Authorizing `identity:create_role()` {{(pid=81699) enforce_call /opt/stack/keystone/keystone/common/rbac_enforcer/enforcer.py:494}}
Mar 26 07:10:04 ubuntu devstack@keystone.service[81699]: DEBUG keystone.common.rbac_enforcer.enforcer [None req-59061146-7565-4795-a87e-6a51bd332e8b None admin] RBAC: Authorization granted {{(pid=81699) enforce_call /opt/stack/keystone/keystone/common/rbac_enforcer/enforcer.py:505}}
Mar 26 07:10:04 ubuntu devstack@keystone.service[81698]: DEBUG keystone.server.flask.request_processing.middleware.auth_context [None req-6cfd6929-9d22-4ba0-a972-c48fa79539f0 None admin] RBAC: auth_context: {'token': <TokenModel (audit_id=J1izUTyqRm2nANSD-mBc8g, audit_chain_id=['J1izUTyqRm2nANSD-mBc8g']) at 0x7fa38e109420>, 'domain_id': None, 'trust_id': None, 'trustor_id': None, 'trustee_id': None, 'domain_name': None, 'group_ids': [], 'user_id': 'bfc8225c3fee4b80b15beac529873131', 'user_domain_id': 'default', 'system_scope': 'all', 'project_id': None, 'project_domain_id': None, 'roles': ['admin', 'manager', 'member', 'reader'], 'is_admin_project': True, 'service_user_id': None, 'service_user_domain_id': None, 'service_project_id': None, 'service_project_domain_id': None, 'service_roles': []} {{(pid=81698) fill_context /opt/stack/keystone/keystone/server/flask/request_processing/middleware/auth_context.py:509}}
Mar 26 07:10:04 ubuntu devstack@keystone.service[81698]: DEBUG keystone.server.flask.request_processing.req_logging [None req-6cfd6929-9d22-4ba0-a972-c48fa79539f0 None admin] REQUEST_METHOD: `GET` {{(pid=81698) log_request_info /opt/stack/keystone/keystone/server/flask/request_processing/req_logging.py:26}}
Mar 26 07:10:04 ubuntu devstack@keystone.service[81698]: DEBUG keystone.server.flask.request_processing.req_logging [None req-6cfd6929-9d22-4ba0-a972-c48fa79539f0 None admin] SCRIPT_NAME: `/identity` {{(pid=81698) log_request_info /opt/stack/keystone/keystone/server/flask/request_processing/req_logging.py:27}}
Mar 26 07:10:04 ubuntu devstack@keystone.service[81698]: DEBUG keystone.server.flask.request_processing.req_logging [None req-6cfd6929-9d22-4ba0-a972-c48fa79539f0 None admin] PATH_INFO: `/v3/domains/default` {{(pid=81698) log_request_info /opt/stack/keystone/keystone/server/flask/request_processing/req_logging.py:28}}
Mar 26 07:10:04 ubuntu devstack@keystone.service[81698]: DEBUG keystone.common.rbac_enforcer.enforcer [None req-6cfd6929-9d22-4ba0-a972-c48fa79539f0 None admin] RBAC: Authorizing `identity:get_domain(domain_id=default)` {{(pid=81698) enforce_call /opt/stack/keystone/keystone/common/rbac_enforcer/enforcer.py:494}}
Mar 26 07:10:04 ubuntu devstack@keystone.service[81698]: DEBUG keystone.common.rbac_enforcer.enforcer [None req-6cfd6929-9d22-4ba0-a972-c48fa79539f0 None admin] RBAC: Authorization granted {{(pid=81698) enforce_call /opt/stack/keystone/keystone/common/rbac_enforcer/enforcer.py:505}}
Mar 26 07:10:04 ubuntu devstack@keystone.service[81699]: [pid: 81699|app: 0|req: 25/47] 10.201.5.82 () {60 vars in 1168 bytes} [Thu Mar 26 07:10:04 2026] POST /identity/v3/roles => generated 223 bytes in 81 msecs (HTTP/1.1 201) 5 headers in 182 bytes (1 switches on core 0)
Mar 26 07:10:04 ubuntu devstack@keystone.service[81698]: [pid: 81698|app: 0|req: 23/48] 10.201.5.82 () {56 vars in 1145 bytes} [Thu Mar 26 07:10:04 2026] GET /identity/v3/domains/default => generated 199 bytes in 76 msecs (HTTP/1.1 200) 5 headers in 177 bytes (2 switches on core 0)
Mar 26 07:10:04 ubuntu devstack@keystone.service[81699]: DEBUG keystone.server.flask.request_processing.middleware.auth_context [None req-59061146-7565-4795-a87e-6a51bd332e8b None admin] Authenticating user token {{(pid=81699) process_request /opt/stack/data/venv/lib/python3.10/site-packages/keystonemiddleware/auth_token/__init__.py:407}}
Mar 26 07:10:04 ubuntu devstack@keystone.service[81699]: DEBUG keystone.server.flask.request_processing.middleware.auth_context [None req-59061146-7565-4795-a87e-6a51bd332e8b None admin] Validating token access rules against request {{(pid=81699) validate_allowed_request /opt/stack/data/venv/lib/python3.10/site-packages/keystonemiddleware/auth_token/__init__.py:545}}
Mar 26 07:10:04 ubuntu devstack@keystone.service[81699]: DEBUG keystone.server.flask.request_processing.middleware.auth_context [None req-95e77eef-0c44-4258-9857-cb28d631ad97 None admin] RBAC: auth_context: {'token': <TokenModel (audit_id=J1izUTyqRm2nANSD-mBc8g, audit_chain_id=['J1izUTyqRm2nANSD-mBc8g']) at 0x7fa38e628a30>, 'domain_id': None, 'trust_id': None, 'trustor_id': None, 'trustee_id': None, 'domain_name': None, 'group_ids': [], 'user_id': 'bfc8225c3fee4b80b15beac529873131', 'user_domain_id': 'default', 'system_scope': 'all', 'project_id': None, 'project_domain_id': None, 'roles': ['admin', 'manager', 'member', 'reader'], 'is_admin_project': True, 'service_user_id': None, 'service_user_domain_id': None, 'service_project_id': None, 'service_project_domain_id': None, 'service_roles': []} {{(pid=81699) fill_context /opt/stack/keystone/keystone/server/flask/request_processing/middleware/auth_context.py:509}}
Mar 26 07:10:04 ubuntu devstack@keystone.service[81699]: DEBUG keystone.server.flask.request_processing.req_logging [None req-95e77eef-0c44-4258-9857-cb28d631ad97 None admin] REQUEST_METHOD: `POST` {{(pid=81699) log_request_info /opt/stack/keystone/keystone/server/flask/request_processing/req_logging.py:26}}
Mar 26 07:10:04 ubuntu devstack@keystone.service[81699]: DEBUG keystone.server.flask.request_processing.req_logging [None req-95e77eef-0c44-4258-9857-cb28d631ad97 None admin] SCRIPT_NAME: `/identity` {{(pid=81699) log_request_info /opt/stack/keystone/keystone/server/flask/request_processing/req_logging.py:27}}
Mar 26 07:10:04 ubuntu devstack@keystone.service[81699]: DEBUG keystone.server.flask.request_processing.req_logging [None req-95e77eef-0c44-4258-9857-cb28d631ad97 None admin] PATH_INFO: `/v3/projects` {{(pid=81699) log_request_info /opt/stack/keystone/keystone/server/flask/request_processing/req_logging.py:28}}
Mar 26 07:10:04 ubuntu devstack@keystone.service[81699]: DEBUG keystone.common.rbac_enforcer.enforcer [None req-95e77eef-0c44-4258-9857-cb28d631ad97 None admin] RBAC: Authorizing `identity:create_project()` {{(pid=81699) enforce_call /opt/stack/keystone/keystone/common/rbac_enforcer/enforcer.py:494}}
Mar 26 07:10:04 ubuntu devstack@keystone.service[81699]: DEBUG keystone.common.rbac_enforcer.enforcer [None req-95e77eef-0c44-4258-9857-cb28d631ad97 None admin] RBAC: Authorization granted {{(pid=81699) enforce_call /opt/stack/keystone/keystone/common/rbac_enforcer/enforcer.py:505}}
Mar 26 07:10:04 ubuntu devstack@keystone.service[81699]: [pid: 81699|app: 0|req: 26/49] 10.201.5.82 () {60 vars in 1177 bytes} [Thu Mar 26 07:10:04 2026] POST /identity/v3/projects => generated 312 bytes in 76 msecs (HTTP/1.1 201) 5 headers in 182 bytes (2 switches on core 0)
Mar 26 07:10:06 ubuntu devstack@keystone.service[81698]: DEBUG keystone.server.flask.request_processing.req_logging [None req-dab78086-e418-42a1-8ebb-2c77daf109bf None None] REQUEST_METHOD: `GET` {{(pid=81698) log_request_info /opt/stack/keystone/keystone/server/flask/request_processing/req_logging.py:26}}
Mar 26 07:10:06 ubuntu devstack@keystone.service[81698]: DEBUG keystone.server.flask.request_processing.req_logging [None req-dab78086-e418-42a1-8ebb-2c77daf109bf None None] SCRIPT_NAME: `/identity` {{(pid=81698) log_request_info /opt/stack/keystone/keystone/server/flask/request_processing/req_logging.py:27}}
Mar 26 07:10:06 ubuntu devstack@keystone.service[81698]: DEBUG keystone.server.flask.request_processing.req_logging [None req-dab78086-e418-42a1-8ebb-2c77daf109bf None None] PATH_INFO: `/` {{(pid=81698) log_request_info /opt/stack/keystone/keystone/server/flask/request_processing/req_logging.py:28}}
Mar 26 07:10:06 ubuntu devstack@keystone.service[81698]: [pid: 81698|app: 0|req: 24/50] 10.201.5.82 () {54 vars in 920 bytes} [Thu Mar 26 07:10:06 2026] GET /identity => generated 270 bytes in 2 msecs (HTTP/1.1 300) 6 headers in 234 bytes (1 switches on core 0)
Mar 26 07:10:06 ubuntu devstack@keystone.service[81699]: DEBUG keystone.server.flask.request_processing.req_logging [None req-6456041a-7717-4b18-a3c3-a0fd8676a4e0 None None] REQUEST_METHOD: `POST` {{(pid=81699) log_request_info /opt/stack/keystone/keystone/server/flask/request_processing/req_logging.py:26}}
Mar 26 07:10:06 ubuntu devstack@keystone.service[81699]: DEBUG keystone.server.flask.request_processing.req_logging [None req-6456041a-7717-4b18-a3c3-a0fd8676a4e0 None None] SCRIPT_NAME: `/identity` {{(pid=81699) log_request_info /opt/stack/keystone/keystone/server/flask/request_processing/req_logging.py:27}}
Mar 26 07:10:06 ubuntu devstack@keystone.service[81699]: DEBUG keystone.server.flask.request_processing.req_logging [None req-6456041a-7717-4b18-a3c3-a0fd8676a4e0 None None] PATH_INFO: `/v3/auth/tokens` {{(pid=81699) log_request_info /opt/stack/keystone/keystone/server/flask/request_processing/req_logging.py:28}}
Mar 26 07:10:06 ubuntu devstack@keystone.service[81699]: WARNING keystone.common.password_hashing [None req-6456041a-7717-4b18-a3c3-a0fd8676a4e0 None None] Truncating password to algorithm specific maximum length 72 characters.
Mar 26 07:10:06 ubuntu devstack@keystone.service[81699]: DEBUG keystone.auth.core [None req-6456041a-7717-4b18-a3c3-a0fd8676a4e0 None None] MFA Rules not processed for user `bfc8225c3fee4b80b15beac529873131`. Rule list: `[]` (Enabled: `True`). {{(pid=81699) check_auth_methods_against_rules /opt/stack/keystone/keystone/auth/core.py:476}}
