Dec 23 06:47:59 ubuntu devstack@g-api.service[120197]: DEBUG glance.api.middleware.version_negotiation [None req-bc6d1706-df65-4f11-97a5-34d783886278 tempest-ImageDependencyTests-822829160 tempest-ImageDependencyTests-822829160-project-member] new path /v2/images/7f1868cc-29d1-4f0d-a85f-8a58c876c539/file {{(pid=120197) process_request /opt/stack/glance/glance/api/middleware/version_negotiation.py:70}}
Dec 23 06:47:59 ubuntu devstack@g-api.service[120197]: DEBUG glance.api.middleware.cache [None req-bc6d1706-df65-4f11-97a5-34d783886278 tempest-ImageDependencyTests-822829160 tempest-ImageDependencyTests-822829160-project-member] Cache hit for image '7f1868cc-29d1-4f0d-a85f-8a58c876c539' {{(pid=120197) process_request /opt/stack/glance/glance/api/middleware/cache.py:160}}
Dec 23 06:47:59 ubuntu devstack@g-api.service[120196]: DEBUG glance.api.middleware.version_negotiation [None req-bc6d1706-df65-4f11-97a5-34d783886278 tempest-ImageDependencyTests-822829160 tempest-ImageDependencyTests-822829160-project-member] Determining version of request: GET /v2/images/7f1868cc-29d1-4f0d-a85f-8a58c876c539 Accept: */* {{(pid=120196) process_request /opt/stack/glance/glance/api/middleware/version_negotiation.py:44}}
Dec 23 06:47:59 ubuntu devstack@g-api.service[120196]: DEBUG glance.api.middleware.version_negotiation [None req-bc6d1706-df65-4f11-97a5-34d783886278 tempest-ImageDependencyTests-822829160 tempest-ImageDependencyTests-822829160-project-member] Using url versioning {{(pid=120196) process_request /opt/stack/glance/glance/api/middleware/version_negotiation.py:57}}
Dec 23 06:47:59 ubuntu devstack@g-api.service[120196]: DEBUG glance.api.middleware.version_negotiation [None req-bc6d1706-df65-4f11-97a5-34d783886278 tempest-ImageDependencyTests-822829160 tempest-ImageDependencyTests-822829160-project-member] Matched version: v2 {{(pid=120196) process_request /opt/stack/glance/glance/api/middleware/version_negotiation.py:69}}
Dec 23 06:47:59 ubuntu devstack@g-api.service[120196]: DEBUG glance.api.middleware.version_negotiation [None req-bc6d1706-df65-4f11-97a5-34d783886278 tempest-ImageDependencyTests-822829160 tempest-ImageDependencyTests-822829160-project-member] new path /v2/images/7f1868cc-29d1-4f0d-a85f-8a58c876c539 {{(pid=120196) process_request /opt/stack/glance/glance/api/middleware/version_negotiation.py:70}}
Dec 23 06:47:59 ubuntu devstack@g-api.service[120196]: [pid: 120196|app: 0|req: 24/48] 127.0.0.1 () {42 vars in 1045 bytes} [Mon Dec 23 06:47:59 2024] GET /v2/images/7f1868cc-29d1-4f0d-a85f-8a58c876c539 => generated 807 bytes in 10 msecs (HTTP/1.1 200) 4 headers in 157 bytes (1 switches on core 0)
Dec 23 06:47:59 ubuntu devstack@g-api.service[120196]: DEBUG glance.api.middleware.version_negotiation [None req-bc6d1706-df65-4f11-97a5-34d783886278 tempest-ImageDependencyTests-822829160 tempest-ImageDependencyTests-822829160-project-member] Determining version of request: GET /v2/schemas/image Accept: */* {{(pid=120196) process_request /opt/stack/glance/glance/api/middleware/version_negotiation.py:44}}
Dec 23 06:47:59 ubuntu devstack@g-api.service[120196]: DEBUG glance.api.middleware.version_negotiation [None req-bc6d1706-df65-4f11-97a5-34d783886278 tempest-ImageDependencyTests-822829160 tempest-ImageDependencyTests-822829160-project-member] Using url versioning {{(pid=120196) process_request /opt/stack/glance/glance/api/middleware/version_negotiation.py:57}}
Dec 23 06:47:59 ubuntu devstack@g-api.service[120196]: DEBUG glance.api.middleware.version_negotiation [None req-bc6d1706-df65-4f11-97a5-34d783886278 tempest-ImageDependencyTests-822829160 tempest-ImageDependencyTests-822829160-project-member] Matched version: v2 {{(pid=120196) process_request /opt/stack/glance/glance/api/middleware/version_negotiation.py:69}}
Dec 23 06:47:59 ubuntu devstack@g-api.service[120196]: DEBUG glance.api.middleware.version_negotiation [None req-bc6d1706-df65-4f11-97a5-34d783886278 tempest-ImageDependencyTests-822829160 tempest-ImageDependencyTests-822829160-project-member] new path /v2/schemas/image {{(pid=120196) process_request /opt/stack/glance/glance/api/middleware/version_negotiation.py:70}}
Dec 23 06:47:59 ubuntu devstack@g-api.service[120197]: [pid: 120197|app: 0|req: 25/49] 127.0.0.1 () {42 vars in 1055 bytes} [Mon Dec 23 06:47:59 2024] GET /v2/images/7f1868cc-29d1-4f0d-a85f-8a58c876c539/file => generated 1024 bytes in 33 msecs (HTTP/1.1 200) 5 headers in 213 bytes (1 switches on core 0)
Dec 23 06:47:59 ubuntu devstack@g-api.service[120196]: [pid: 120196|app: 0|req: 25/50] 127.0.0.1 () {42 vars in 985 bytes} [Mon Dec 23 06:47:59 2024] GET /v2/schemas/image => generated 6083 bytes in 5 msecs (HTTP/1.1 200) 4 headers in 158 bytes (1 switches on core 0)
Dec 23 06:48:00 ubuntu devstack@g-api.service[120197]: DEBUG glance.api.middleware.version_negotiation [None req-bc6d1706-df65-4f11-97a5-34d783886278 tempest-ImageDependencyTests-822829160 tempest-ImageDependencyTests-822829160-project-member] Determining version of request: GET /v2/images/7f1868cc-29d1-4f0d-a85f-8a58c876c539 Accept: */* {{(pid=120197) process_request /opt/stack/glance/glance/api/middleware/version_negotiation.py:44}}
Dec 23 06:48:00 ubuntu devstack@g-api.service[120197]: DEBUG glance.api.middleware.version_negotiation [None req-bc6d1706-df65-4f11-97a5-34d783886278 tempest-ImageDependencyTests-822829160 tempest-ImageDependencyTests-822829160-project-member] Using url versioning {{(pid=120197) process_request /opt/stack/glance/glance/api/middleware/version_negotiation.py:57}}
Dec 23 06:48:00 ubuntu devstack@g-api.service[120197]: DEBUG glance.api.middleware.version_negotiation [None req-bc6d1706-df65-4f11-97a5-34d783886278 tempest-ImageDependencyTests-822829160 tempest-ImageDependencyTests-822829160-project-member] Matched version: v2 {{(pid=120197) process_request /opt/stack/glance/glance/api/middleware/version_negotiation.py:69}}
Dec 23 06:48:00 ubuntu devstack@g-api.service[120197]: DEBUG glance.api.middleware.version_negotiation [None req-bc6d1706-df65-4f11-97a5-34d783886278 tempest-ImageDependencyTests-822829160 tempest-ImageDependencyTests-822829160-project-member] new path /v2/images/7f1868cc-29d1-4f0d-a85f-8a58c876c539 {{(pid=120197) process_request /opt/stack/glance/glance/api/middleware/version_negotiation.py:70}}
Dec 23 06:48:00 ubuntu devstack@g-api.service[120197]: [pid: 120197|app: 0|req: 26/51] 127.0.0.1 () {42 vars in 1045 bytes} [Mon Dec 23 06:48:00 2024] GET /v2/images/7f1868cc-29d1-4f0d-a85f-8a58c876c539 => generated 807 bytes in 17 msecs (HTTP/1.1 200) 4 headers in 157 bytes (1 switches on core 0)
Dec 23 06:48:00 ubuntu devstack@g-api.service[120196]: DEBUG glance.api.middleware.version_negotiation [None req-bc6d1706-df65-4f11-97a5-34d783886278 tempest-ImageDependencyTests-822829160 tempest-ImageDependencyTests-822829160-project-member] Determining version of request: GET /v2/schemas/image Accept: */* {{(pid=120196) process_request /opt/stack/glance/glance/api/middleware/version_negotiation.py:44}}
Dec 23 06:48:00 ubuntu devstack@g-api.service[120196]: DEBUG glance.api.middleware.version_negotiation [None req-bc6d1706-df65-4f11-97a5-34d783886278 tempest-ImageDependencyTests-822829160 tempest-ImageDependencyTests-822829160-project-member] Using url versioning {{(pid=120196) process_request /opt/stack/glance/glance/api/middleware/version_negotiation.py:57}}
Dec 23 06:48:00 ubuntu devstack@g-api.service[120196]: DEBUG glance.api.middleware.version_negotiation [None req-bc6d1706-df65-4f11-97a5-34d783886278 tempest-ImageDependencyTests-822829160 tempest-ImageDependencyTests-822829160-project-member] Matched version: v2 {{(pid=120196) process_request /opt/stack/glance/glance/api/middleware/version_negotiation.py:69}}
Dec 23 06:48:00 ubuntu devstack@g-api.service[120196]: DEBUG glance.api.middleware.version_negotiation [None req-bc6d1706-df65-4f11-97a5-34d783886278 tempest-ImageDependencyTests-822829160 tempest-ImageDependencyTests-822829160-project-member] new path /v2/schemas/image {{(pid=120196) process_request /opt/stack/glance/glance/api/middleware/version_negotiation.py:70}}
Dec 23 06:48:00 ubuntu devstack@g-api.service[120196]: [pid: 120196|app: 0|req: 26/52] 127.0.0.1 () {42 vars in 985 bytes} [Mon Dec 23 06:48:00 2024] GET /v2/schemas/image => generated 6083 bytes in 5 msecs (HTTP/1.1 200) 4 headers in 158 bytes (1 switches on core 0)
Dec 23 06:48:00 ubuntu devstack@g-api.service[120197]: DEBUG glance.api.middleware.version_negotiation [None req-bc6d1706-df65-4f11-97a5-34d783886278 tempest-ImageDependencyTests-822829160 tempest-ImageDependencyTests-822829160-project-member] Determining version of request: GET /v2/images/7f1868cc-29d1-4f0d-a85f-8a58c876c539 Accept: */* {{(pid=120197) process_request /opt/stack/glance/glance/api/middleware/version_negotiation.py:44}}
Dec 23 06:48:00 ubuntu devstack@g-api.service[120197]: DEBUG glance.api.middleware.version_negotiation [None req-bc6d1706-df65-4f11-97a5-34d783886278 tempest-ImageDependencyTests-822829160 tempest-ImageDependencyTests-822829160-project-member] Using url versioning {{(pid=120197) process_request /opt/stack/glance/glance/api/middleware/version_negotiation.py:57}}
Dec 23 06:48:00 ubuntu devstack@g-api.service[120197]: DEBUG glance.api.middleware.version_negotiation [None req-bc6d1706-df65-4f11-97a5-34d783886278 tempest-ImageDependencyTests-822829160 tempest-ImageDependencyTests-822829160-project-member] Matched version: v2 {{(pid=120197) process_request /opt/stack/glance/glance/api/middleware/version_negotiation.py:69}}
Dec 23 06:48:00 ubuntu devstack@g-api.service[120197]: DEBUG glance.api.middleware.version_negotiation [None req-bc6d1706-df65-4f11-97a5-34d783886278 tempest-ImageDependencyTests-822829160 tempest-ImageDependencyTests-822829160-project-member] new path /v2/images/7f1868cc-29d1-4f0d-a85f-8a58c876c539 {{(pid=120197) process_request /opt/stack/glance/glance/api/middleware/version_negotiation.py:70}}
Dec 23 06:48:00 ubuntu devstack@g-api.service[120197]: [pid: 120197|app: 0|req: 27/53] 127.0.0.1 () {42 vars in 1045 bytes} [Mon Dec 23 06:48:00 2024] GET /v2/images/7f1868cc-29d1-4f0d-a85f-8a58c876c539 => generated 807 bytes in 17 msecs (HTTP/1.1 200) 4 headers in 157 bytes (1 switches on core 0)
Dec 23 06:48:00 ubuntu devstack@g-api.service[120196]: DEBUG glance.api.middleware.version_negotiation [None req-bc6d1706-df65-4f11-97a5-34d783886278 tempest-ImageDependencyTests-822829160 tempest-ImageDependencyTests-822829160-project-member] Determining version of request: GET /v2/schemas/image Accept: */* {{(pid=120196) process_request /opt/stack/glance/glance/api/middleware/version_negotiation.py:44}}
Dec 23 06:48:00 ubuntu devstack@g-api.service[120196]: DEBUG glance.api.middleware.version_negotiation [None req-bc6d1706-df65-4f11-97a5-34d783886278 tempest-ImageDependencyTests-822829160 tempest-ImageDependencyTests-822829160-project-member] Using url versioning {{(pid=120196) process_request /opt/stack/glance/glance/api/middleware/version_negotiation.py:57}}
Dec 23 06:48:00 ubuntu devstack@g-api.service[120196]: DEBUG glance.api.middleware.version_negotiation [None req-bc6d1706-df65-4f11-97a5-34d783886278 tempest-ImageDependencyTests-822829160 tempest-ImageDependencyTests-822829160-project-member] Matched version: v2 {{(pid=120196) process_request /opt/stack/glance/glance/api/middleware/version_negotiation.py:69}}
Dec 23 06:48:00 ubuntu devstack@g-api.service[120196]: DEBUG glance.api.middleware.version_negotiation [None req-bc6d1706-df65-4f11-97a5-34d783886278 tempest-ImageDependencyTests-822829160 tempest-ImageDependencyTests-822829160-project-member] new path /v2/schemas/image {{(pid=120196) process_request /opt/stack/glance/glance/api/middleware/version_negotiation.py:70}}
Dec 23 06:48:00 ubuntu devstack@g-api.service[120196]: [pid: 120196|app: 0|req: 27/54] 127.0.0.1 () {42 vars in 985 bytes} [Mon Dec 23 06:48:00 2024] GET /v2/schemas/image => generated 6083 bytes in 7 msecs (HTTP/1.1 200) 4 headers in 158 bytes (1 switches on core 0)
Dec 23 06:48:00 ubuntu devstack@g-api.service[120197]: DEBUG glance.api.middleware.version_negotiation [None req-bc6d1706-df65-4f11-97a5-34d783886278 tempest-ImageDependencyTests-822829160 tempest-ImageDependencyTests-822829160-project-member] Determining version of request: GET /v2/images/7f1868cc-29d1-4f0d-a85f-8a58c876c539 Accept: */* {{(pid=120197) process_request /opt/stack/glance/glance/api/middleware/version_negotiation.py:44}}
Dec 23 06:48:00 ubuntu devstack@g-api.service[120197]: DEBUG glance.api.middleware.version_negotiation [None req-bc6d1706-df65-4f11-97a5-34d783886278 tempest-ImageDependencyTests-822829160 tempest-ImageDependencyTests-822829160-project-member] Using url versioning {{(pid=120197) process_request /opt/stack/glance/glance/api/middleware/version_negotiation.py:57}}
Dec 23 06:48:00 ubuntu devstack@g-api.service[120197]: DEBUG glance.api.middleware.version_negotiation [None req-bc6d1706-df65-4f11-97a5-34d783886278 tempest-ImageDependencyTests-822829160 tempest-ImageDependencyTests-822829160-project-member] Matched version: v2 {{(pid=120197) process_request /opt/stack/glance/glance/api/middleware/version_negotiation.py:69}}
Dec 23 06:48:00 ubuntu devstack@g-api.service[120197]: DEBUG glance.api.middleware.version_negotiation [None req-bc6d1706-df65-4f11-97a5-34d783886278 tempest-ImageDependencyTests-822829160 tempest-ImageDependencyTests-822829160-project-member] new path /v2/images/7f1868cc-29d1-4f0d-a85f-8a58c876c539 {{(pid=120197) process_request /opt/stack/glance/glance/api/middleware/version_negotiation.py:70}}
Dec 23 06:48:00 ubuntu devstack@g-api.service[120197]: [pid: 120197|app: 0|req: 28/55] 127.0.0.1 () {42 vars in 1045 bytes} [Mon Dec 23 06:48:00 2024] GET /v2/images/7f1868cc-29d1-4f0d-a85f-8a58c876c539 => generated 807 bytes in 10 msecs (HTTP/1.1 200) 4 headers in 157 bytes (1 switches on core 0)
Dec 23 06:48:00 ubuntu devstack@g-api.service[120196]: DEBUG glance.api.middleware.version_negotiation [None req-bc6d1706-df65-4f11-97a5-34d783886278 tempest-ImageDependencyTests-822829160 tempest-ImageDependencyTests-822829160-project-member] Determining version of request: GET /v2/schemas/image Accept: */* {{(pid=120196) process_request /opt/stack/glance/glance/api/middleware/version_negotiation.py:44}}
Dec 23 06:48:00 ubuntu devstack@g-api.service[120196]: DEBUG glance.api.middleware.version_negotiation [None req-bc6d1706-df65-4f11-97a5-34d783886278 tempest-ImageDependencyTests-822829160 tempest-ImageDependencyTests-822829160-project-member] Using url versioning {{(pid=120196) process_request /opt/stack/glance/glance/api/middleware/version_negotiation.py:57}}
Dec 23 06:48:00 ubuntu devstack@g-api.service[120196]: DEBUG glance.api.middleware.version_negotiation [None req-bc6d1706-df65-4f11-97a5-34d783886278 tempest-ImageDependencyTests-822829160 tempest-ImageDependencyTests-822829160-project-member] Matched version: v2 {{(pid=120196) process_request /opt/stack/glance/glance/api/middleware/version_negotiation.py:69}}
Dec 23 06:48:00 ubuntu devstack@g-api.service[120196]: DEBUG glance.api.middleware.version_negotiation [None req-bc6d1706-df65-4f11-97a5-34d783886278 tempest-ImageDependencyTests-822829160 tempest-ImageDependencyTests-822829160-project-member] new path /v2/schemas/image {{(pid=120196) process_request /opt/stack/glance/glance/api/middleware/version_negotiation.py:70}}
Dec 23 06:48:00 ubuntu devstack@g-api.service[120196]: [pid: 120196|app: 0|req: 28/56] 127.0.0.1 () {42 vars in 985 bytes} [Mon Dec 23 06:48:00 2024] GET /v2/schemas/image => generated 6083 bytes in 4 msecs (HTTP/1.1 200) 4 headers in 158 bytes (1 switches on core 0)
Dec 23 06:48:00 ubuntu devstack@g-api.service[120197]: DEBUG glance.api.middleware.version_negotiation [None req-bc6d1706-df65-4f11-97a5-34d783886278 tempest-ImageDependencyTests-822829160 tempest-ImageDependencyTests-822829160-project-member] Determining version of request: GET /v2/schemas/image Accept: */* {{(pid=120197) process_request /opt/stack/glance/glance/api/middleware/version_negotiation.py:44}}
Dec 23 06:48:00 ubuntu devstack@g-api.service[120197]: DEBUG glance.api.middleware.version_negotiation [None req-bc6d1706-df65-4f11-97a5-34d783886278 tempest-ImageDependencyTests-822829160 tempest-ImageDependencyTests-822829160-project-member] Using url versioning {{(pid=120197) process_request /opt/stack/glance/glance/api/middleware/version_negotiation.py:57}}
Dec 23 06:48:00 ubuntu devstack@g-api.service[120197]: DEBUG glance.api.middleware.version_negotiation [None req-bc6d1706-df65-4f11-97a5-34d783886278 tempest-ImageDependencyTests-822829160 tempest-ImageDependencyTests-822829160-project-member] Matched version: v2 {{(pid=120197) process_request /opt/stack/glance/glance/api/middleware/version_negotiation.py:69}}
Dec 23 06:48:00 ubuntu devstack@g-api.service[120197]: DEBUG glance.api.middleware.version_negotiation [None req-bc6d1706-df65-4f11-97a5-34d783886278 tempest-ImageDependencyTests-822829160 tempest-ImageDependencyTests-822829160-project-member] new path /v2/schemas/image {{(pid=120197) process_request /opt/stack/glance/glance/api/middleware/version_negotiation.py:70}}
Dec 23 06:48:00 ubuntu devstack@g-api.service[120197]: [pid: 120197|app: 0|req: 29/57] 127.0.0.1 () {42 vars in 985 bytes} [Mon Dec 23 06:48:00 2024] GET /v2/schemas/image => generated 6083 bytes in 3 msecs (HTTP/1.1 200) 4 headers in 158 bytes (1 switches on core 0)
Dec 23 06:48:00 ubuntu devstack@g-api.service[120196]: DEBUG glance.api.middleware.version_negotiation [None req-bc6d1706-df65-4f11-97a5-34d783886278 tempest-ImageDependencyTests-822829160 tempest-ImageDependencyTests-822829160-project-member] Determining version of request: GET /v2/images/7f1868cc-29d1-4f0d-a85f-8a58c876c539 Accept: */* {{(pid=120196) process_request /opt/stack/glance/glance/api/middleware/version_negotiation.py:44}}
Dec 23 06:48:00 ubuntu devstack@g-api.service[120196]: DEBUG glance.api.middleware.version_negotiation [None req-bc6d1706-df65-4f11-97a5-34d783886278 tempest-ImageDependencyTests-822829160 tempest-ImageDependencyTests-822829160-project-member] Using url versioning {{(pid=120196) process_request /opt/stack/glance/glance/api/middleware/version_negotiation.py:57}}
Dec 23 06:48:00 ubuntu devstack@g-api.service[120196]: DEBUG glance.api.middleware.version_negotiation [None req-bc6d1706-df65-4f11-97a5-34d783886278 tempest-ImageDependencyTests-822829160 tempest-ImageDependencyTests-822829160-project-member] Matched version: v2 {{(pid=120196) process_request /opt/stack/glance/glance/api/middleware/version_negotiation.py:69}}
Dec 23 06:48:00 ubuntu devstack@g-api.service[120196]: DEBUG glance.api.middleware.version_negotiation [None req-bc6d1706-df65-4f11-97a5-34d783886278 tempest-ImageDependencyTests-822829160 tempest-ImageDependencyTests-822829160-project-member] new path /v2/images/7f1868cc-29d1-4f0d-a85f-8a58c876c539 {{(pid=120196) process_request /opt/stack/glance/glance/api/middleware/version_negotiation.py:70}}
Dec 23 06:48:00 ubuntu devstack@g-api.service[120196]: [pid: 120196|app: 0|req: 29/58] 127.0.0.1 () {42 vars in 1045 bytes} [Mon Dec 23 06:48:00 2024] GET /v2/images/7f1868cc-29d1-4f0d-a85f-8a58c876c539 => generated 807 bytes in 15 msecs (HTTP/1.1 200) 4 headers in 157 bytes (1 switches on core 0)
Dec 23 06:48:00 ubuntu devstack@g-api.service[120197]: DEBUG glance.api.middleware.version_negotiation [None req-bc6d1706-df65-4f11-97a5-34d783886278 tempest-ImageDependencyTests-822829160 tempest-ImageDependencyTests-822829160-project-member] Determining version of request: GET /v2/images/7f1868cc-29d1-4f0d-a85f-8a58c876c539/file Accept: */* {{(pid=120197) process_request /opt/stack/glance/glance/api/middleware/version_negotiation.py:44}}
Dec 23 06:48:00 ubuntu devstack@g-api.service[120197]: DEBUG glance.api.middleware.version_negotiation [None req-bc6d1706-df65-4f11-97a5-34d783886278 tempest-ImageDependencyTests-822829160 tempest-ImageDependencyTests-822829160-project-member] Using url versioning {{(pid=120197) process_request /opt/stack/glance/glance/api/middleware/version_negotiation.py:57}}
Dec 23 06:48:00 ubuntu devstack@g-api.service[120197]: DEBUG glance.api.middleware.version_negotiation [None req-bc6d1706-df65-4f11-97a5-34d783886278 tempest-ImageDependencyTests-822829160 tempest-ImageDependencyTests-822829160-project-member] Matched version: v2 {{(pid=120197) process_request /opt/stack/glance/glance/api/middleware/version_negotiation.py:69}}
Dec 23 06:48:00 ubuntu devstack@g-api.service[120197]: DEBUG glance.api.middleware.version_negotiation [None req-bc6d1706-df65-4f11-97a5-34d783886278 tempest-ImageDependencyTests-822829160 tempest-ImageDependencyTests-822829160-project-member] new path /v2/images/7f1868cc-29d1-4f0d-a85f-8a58c876c539/file {{(pid=120197) process_request /opt/stack/glance/glance/api/middleware/version_negotiation.py:70}}
Dec 23 06:48:00 ubuntu devstack@g-api.service[120197]: DEBUG glance.api.middleware.cache [None req-bc6d1706-df65-4f11-97a5-34d783886278 tempest-ImageDependencyTests-822829160 tempest-ImageDependencyTests-822829160-project-member] Cache hit for image '7f1868cc-29d1-4f0d-a85f-8a58c876c539' {{(pid=120197) process_request /opt/stack/glance/glance/api/middleware/cache.py:160}}
Dec 23 06:48:00 ubuntu devstack@g-api.service[120196]: DEBUG glance.api.middleware.version_negotiation [None req-bc6d1706-df65-4f11-97a5-34d783886278 tempest-ImageDependencyTests-822829160 tempest-ImageDependencyTests-822829160-project-member] Determining version of request: GET /v2/images/7f1868cc-29d1-4f0d-a85f-8a58c876c539 Accept: */* {{(pid=120196) process_request /opt/stack/glance/glance/api/middleware/version_negotiation.py:44}}
Dec 23 06:48:00 ubuntu devstack@g-api.service[120196]: DEBUG glance.api.middleware.version_negotiation [None req-bc6d1706-df65-4f11-97a5-34d783886278 tempest-ImageDependencyTests-822829160 tempest-ImageDependencyTests-822829160-project-member] Using url versioning {{(pid=120196) process_request /opt/stack/glance/glance/api/middleware/version_negotiation.py:57}}
Dec 23 06:48:00 ubuntu devstack@g-api.service[120196]: DEBUG glance.api.middleware.version_negotiation [None req-bc6d1706-df65-4f11-97a5-34d783886278 tempest-ImageDependencyTests-822829160 tempest-ImageDependencyTests-822829160-project-member] Matched version: v2 {{(pid=120196) process_request /opt/stack/glance/glance/api/middleware/version_negotiation.py:69}}
Dec 23 06:48:00 ubuntu devstack@g-api.service[120196]: DEBUG glance.api.middleware.version_negotiation [None req-bc6d1706-df65-4f11-97a5-34d783886278 tempest-ImageDependencyTests-822829160 tempest-ImageDependencyTests-822829160-project-member] new path /v2/images/7f1868cc-29d1-4f0d-a85f-8a58c876c539 {{(pid=120196) process_request /opt/stack/glance/glance/api/middleware/version_negotiation.py:70}}
Dec 23 06:48:00 ubuntu devstack@g-api.service[120197]: [pid: 120197|app: 0|req: 30/59] 127.0.0.1 () {42 vars in 1055 bytes} [Mon Dec 23 06:48:00 2024] GET /v2/images/7f1868cc-29d1-4f0d-a85f-8a58c876c539/file => generated 1024 bytes in 20 msecs (HTTP/1.1 200) 5 headers in 213 bytes (1 switches on core 0)
Dec 23 06:48:00 ubuntu devstack@g-api.service[120196]: [pid: 120196|app: 0|req: 30/60] 127.0.0.1 () {42 vars in 1045 bytes} [Mon Dec 23 06:48:00 2024] GET /v2/images/7f1868cc-29d1-4f0d-a85f-8a58c876c539 => generated 807 bytes in 9 msecs (HTTP/1.1 200) 4 headers in 157 bytes (1 switches on core 0)
Dec 23 06:48:00 ubuntu devstack@g-api.service[120197]: DEBUG glance.api.middleware.version_negotiation [None req-bc6d1706-df65-4f11-97a5-34d783886278 tempest-ImageDependencyTests-822829160 tempest-ImageDependencyTests-822829160-project-member] Determining version of request: GET /v2/schemas/image Accept: */* {{(pid=120197) process_request /opt/stack/glance/glance/api/middleware/version_negotiation.py:44}}
Dec 23 06:48:00 ubuntu devstack@g-api.service[120197]: DEBUG glance.api.middleware.version_negotiation [None req-bc6d1706-df65-4f11-97a5-34d783886278 tempest-ImageDependencyTests-822829160 tempest-ImageDependencyTests-822829160-project-member] Using url versioning {{(pid=120197) process_request /opt/stack/glance/glance/api/middleware/version_negotiation.py:57}}
Dec 23 06:48:00 ubuntu devstack@g-api.service[120197]: DEBUG glance.api.middleware.version_negotiation [None req-bc6d1706-df65-4f11-97a5-34d783886278 tempest-ImageDependencyTests-822829160 tempest-ImageDependencyTests-822829160-project-member] Matched version: v2 {{(pid=120197) process_request /opt/stack/glance/glance/api/middleware/version_negotiation.py:69}}
Dec 23 06:48:00 ubuntu devstack@g-api.service[120197]: DEBUG glance.api.middleware.version_negotiation [None req-bc6d1706-df65-4f11-97a5-34d783886278 tempest-ImageDependencyTests-822829160 tempest-ImageDependencyTests-822829160-project-member] new path /v2/schemas/image {{(pid=120197) process_request /opt/stack/glance/glance/api/middleware/version_negotiation.py:70}}
Dec 23 06:48:00 ubuntu devstack@g-api.service[120197]: [pid: 120197|app: 0|req: 31/61] 127.0.0.1 () {42 vars in 985 bytes} [Mon Dec 23 06:48:00 2024] GET /v2/schemas/image => generated 6083 bytes in 3 msecs (HTTP/1.1 200) 4 headers in 158 bytes (1 switches on core 0)
Dec 23 06:48:01 ubuntu devstack@g-api.service[120196]: DEBUG glance.api.middleware.version_negotiation [None req-bc6d1706-df65-4f11-97a5-34d783886278 tempest-ImageDependencyTests-822829160 tempest-ImageDependencyTests-822829160-project-member] Determining version of request: GET /v2/images/7f1868cc-29d1-4f0d-a85f-8a58c876c539 Accept: */* {{(pid=120196) process_request /opt/stack/glance/glance/api/middleware/version_negotiation.py:44}}
Dec 23 06:48:01 ubuntu devstack@g-api.service[120196]: DEBUG glance.api.middleware.version_negotiation [None req-bc6d1706-df65-4f11-97a5-34d783886278 tempest-ImageDependencyTests-822829160 tempest-ImageDependencyTests-822829160-project-member] Using url versioning {{(pid=120196) process_request /opt/stack/glance/glance/api/middleware/version_negotiation.py:57}}
Dec 23 06:48:01 ubuntu devstack@g-api.service[120196]: DEBUG glance.api.middleware.version_negotiation [None req-bc6d1706-df65-4f11-97a5-34d783886278 tempest-ImageDependencyTests-822829160 tempest-ImageDependencyTests-822829160-project-member] Matched version: v2 {{(pid=120196) process_request /opt/stack/glance/glance/api/middleware/version_negotiation.py:69}}
Dec 23 06:48:01 ubuntu devstack@g-api.service[120196]: DEBUG glance.api.middleware.version_negotiation [None req-bc6d1706-df65-4f11-97a5-34d783886278 tempest-ImageDependencyTests-822829160 tempest-ImageDependencyTests-822829160-project-member] new path /v2/images/7f1868cc-29d1-4f0d-a85f-8a58c876c539 {{(pid=120196) process_request /opt/stack/glance/glance/api/middleware/version_negotiation.py:70}}
Dec 23 06:48:01 ubuntu devstack@g-api.service[120196]: [pid: 120196|app: 0|req: 31/62] 127.0.0.1 () {42 vars in 1045 bytes} [Mon Dec 23 06:48:01 2024] GET /v2/images/7f1868cc-29d1-4f0d-a85f-8a58c876c539 => generated 807 bytes in 12 msecs (HTTP/1.1 200) 4 headers in 157 bytes (1 switches on core 0)
Dec 23 06:48:01 ubuntu devstack@g-api.service[120197]: DEBUG glance.api.middleware.version_negotiation [None req-bc6d1706-df65-4f11-97a5-34d783886278 tempest-ImageDependencyTests-822829160 tempest-ImageDependencyTests-822829160-project-member] Determining version of request: GET /v2/schemas/image Accept: */* {{(pid=120197) process_request /opt/stack/glance/glance/api/middleware/version_negotiation.py:44}}
Dec 23 06:48:01 ubuntu devstack@g-api.service[120197]: DEBUG glance.api.middleware.version_negotiation [None req-bc6d1706-df65-4f11-97a5-34d783886278 tempest-ImageDependencyTests-822829160 tempest-ImageDependencyTests-822829160-project-member] Using url versioning {{(pid=120197) process_request /opt/stack/glance/glance/api/middleware/version_negotiation.py:57}}
Dec 23 06:48:01 ubuntu devstack@g-api.service[120197]: DEBUG glance.api.middleware.version_negotiation [None req-bc6d1706-df65-4f11-97a5-34d783886278 tempest-ImageDependencyTests-822829160 tempest-ImageDependencyTests-822829160-project-member] Matched version: v2 {{(pid=120197) process_request /opt/stack/glance/glance/api/middleware/version_negotiation.py:69}}
Dec 23 06:48:01 ubuntu devstack@g-api.service[120197]: DEBUG glance.api.middleware.version_negotiation [None req-bc6d1706-df65-4f11-97a5-34d783886278 tempest-ImageDependencyTests-822829160 tempest-ImageDependencyTests-822829160-project-member] new path /v2/schemas/image {{(pid=120197) process_request /opt/stack/glance/glance/api/middleware/version_negotiation.py:70}}
Dec 23 06:48:01 ubuntu devstack@g-api.service[120197]: [pid: 120197|app: 0|req: 32/63] 127.0.0.1 () {42 vars in 985 bytes} [Mon Dec 23 06:48:01 2024] GET /v2/schemas/image => generated 6083 bytes in 9 msecs (HTTP/1.1 200) 4 headers in 158 bytes (1 switches on core 0)
Dec 23 06:48:01 ubuntu devstack@g-api.service[120196]: DEBUG glance.api.middleware.version_negotiation [None req-bc6d1706-df65-4f11-97a5-34d783886278 tempest-ImageDependencyTests-822829160 tempest-ImageDependencyTests-822829160-project-member] Determining version of request: DELETE /v2/images/7f1868cc-29d1-4f0d-a85f-8a58c876c539 Accept: application/json {{(pid=120196) process_request /opt/stack/glance/glance/api/middleware/version_negotiation.py:44}}
Dec 23 06:48:01 ubuntu devstack@g-api.service[120196]: DEBUG glance.api.middleware.version_negotiation [None req-bc6d1706-df65-4f11-97a5-34d783886278 tempest-ImageDependencyTests-822829160 tempest-ImageDependencyTests-822829160-project-member] Using url versioning {{(pid=120196) process_request /opt/stack/glance/glance/api/middleware/version_negotiation.py:57}}
Dec 23 06:48:01 ubuntu devstack@g-api.service[120196]: DEBUG glance.api.middleware.version_negotiation [None req-bc6d1706-df65-4f11-97a5-34d783886278 tempest-ImageDependencyTests-822829160 tempest-ImageDependencyTests-822829160-project-member] Matched version: v2 {{(pid=120196) process_request /opt/stack/glance/glance/api/middleware/version_negotiation.py:69}}
Dec 23 06:48:01 ubuntu devstack@g-api.service[120196]: DEBUG glance.api.middleware.version_negotiation [None req-bc6d1706-df65-4f11-97a5-34d783886278 tempest-ImageDependencyTests-822829160 tempest-ImageDependencyTests-822829160-project-member] new path /v2/images/7f1868cc-29d1-4f0d-a85f-8a58c876c539 {{(pid=120196) process_request /opt/stack/glance/glance/api/middleware/version_negotiation.py:70}}
Dec 23 06:48:01 ubuntu devstack@g-api.service[120196]: WARNING glance.api.v2.images [None req-087ff4f5-cf3b-42e2-8e49-4c15e836494e tempest-ImageDependencyTests-822829160 tempest-ImageDependencyTests-822829160-project-member] After upload to backend, deletion of staged image data has failed because it cannot be found at /tmp/staging//7f1868cc-29d1-4f0d-a85f-8a58c876c539
Dec 23 06:48:01 ubuntu devstack@g-api.service[120196]: DEBUG glance_store.backend [None req-087ff4f5-cf3b-42e2-8e49-4c15e836494e tempest-ImageDependencyTests-822829160 tempest-ImageDependencyTests-822829160-project-member] Attempting to import store swift {{(pid=120196) _load_store /opt/stack/data/venv/lib/python3.10/site-packages/glance_store/backend.py:216}}
Dec 23 06:48:01 ubuntu devstack@g-api.service[120196]: DEBUG glance_store.capabilities [None req-087ff4f5-cf3b-42e2-8e49-4c15e836494e tempest-ImageDependencyTests-822829160 tempest-ImageDependencyTests-822829160-project-member] Store glance_store._drivers.swift.store.SingleTenantStore doesn't support updating dynamic storage capabilities. Please overwrite 'update_capabilities' method of the store to implement updating logics if needed. {{(pid=120196) update_capabilities /opt/stack/data/venv/lib/python3.10/site-packages/glance_store/capabilities.py:91}}
Dec 23 06:48:01 ubuntu devstack@g-api.service[120196]: DEBUG glance_store.driver [None req-087ff4f5-cf3b-42e2-8e49-4c15e836494e tempest-ImageDependencyTests-822829160 tempest-ImageDependencyTests-822829160-project-member] Late loading location class glance_store._drivers.swift.store.StoreLocation {{(pid=120196) get_store_location_class /opt/stack/data/venv/lib/python3.10/site-packages/glance_store/driver.py:133}}
Dec 23 06:48:01 ubuntu devstack@g-api.service[120196]: DEBUG glance_store.location [None req-087ff4f5-cf3b-42e2-8e49-4c15e836494e tempest-ImageDependencyTests-822829160 tempest-ImageDependencyTests-822829160-project-member] Registering scheme swift+https with {'store': <glance_store._drivers.swift.store.SingleTenantStore object at 0x7f1cccdb53c0>, 'location_class': <class 'glance_store._drivers.swift.store.StoreLocation'>, 'store_entry': 'swift'} {{(pid=120196) register_scheme_map /opt/stack/data/venv/lib/python3.10/site-packages/glance_store/location.py:146}}
Dec 23 06:48:01 ubuntu devstack@g-api.service[120196]: DEBUG glance_store.location [None req-087ff4f5-cf3b-42e2-8e49-4c15e836494e tempest-ImageDependencyTests-822829160 tempest-ImageDependencyTests-822829160-project-member] Registering scheme swift+https with {'store': <glance_store._drivers.swift.store.SingleTenantStore object at 0x7f1cccdb53c0>, 'location_class': <class 'glance_store._drivers.swift.store.StoreLocation'>, 'store_entry': 'swift'} {{(pid=120196) register_scheme_map /opt/stack/data/venv/lib/python3.10/site-packages/glance_store/location.py:146}}
Dec 23 06:48:01 ubuntu devstack@g-api.service[120196]: DEBUG glance_store.location [None req-087ff4f5-cf3b-42e2-8e49-4c15e836494e tempest-ImageDependencyTests-822829160 tempest-ImageDependencyTests-822829160-project-member] Registering scheme swift with {'store': <glance_store._drivers.swift.store.SingleTenantStore object at 0x7f1cccdb53c0>, 'location_class': <class 'glance_store._drivers.swift.store.StoreLocation'>, 'store_entry': 'swift'} {{(pid=120196) register_scheme_map /opt/stack/data/venv/lib/python3.10/site-packages/glance_store/location.py:146}}
Dec 23 06:48:01 ubuntu devstack@g-api.service[120196]: DEBUG glance_store.location [None req-087ff4f5-cf3b-42e2-8e49-4c15e836494e tempest-ImageDependencyTests-822829160 tempest-ImageDependencyTests-822829160-project-member] Registering scheme swift+https with {'store': <glance_store._drivers.swift.store.SingleTenantStore object at 0x7f1cccdb53c0>, 'location_class': <class 'glance_store._drivers.swift.store.StoreLocation'>, 'store_entry': 'swift'} {{(pid=120196) register_scheme_map /opt/stack/data/venv/lib/python3.10/site-packages/glance_store/location.py:146}}
Dec 23 06:48:01 ubuntu devstack@g-api.service[120196]: DEBUG glance_store.location [None req-087ff4f5-cf3b-42e2-8e49-4c15e836494e tempest-ImageDependencyTests-822829160 tempest-ImageDependencyTests-822829160-project-member] Registering scheme swift with {'store': <glance_store._drivers.swift.store.SingleTenantStore object at 0x7f1cccdb53c0>, 'location_class': <class 'glance_store._drivers.swift.store.StoreLocation'>, 'store_entry': 'swift'} {{(pid=120196) register_scheme_map /opt/stack/data/venv/lib/python3.10/site-packages/glance_store/location.py:146}}
Dec 23 06:48:01 ubuntu devstack@g-api.service[120196]: DEBUG glance_store.location [None req-087ff4f5-cf3b-42e2-8e49-4c15e836494e tempest-ImageDependencyTests-822829160 tempest-ImageDependencyTests-822829160-project-member] Registering scheme swift+http with {'store': <glance_store._drivers.swift.store.SingleTenantStore object at 0x7f1cccdb53c0>, 'location_class': <class 'glance_store._drivers.swift.store.StoreLocation'>, 'store_entry': 'swift'} {{(pid=120196) register_scheme_map /opt/stack/data/venv/lib/python3.10/site-packages/glance_store/location.py:146}}
Dec 23 06:48:01 ubuntu devstack@g-api.service[120196]: DEBUG glance_store.location [None req-087ff4f5-cf3b-42e2-8e49-4c15e836494e tempest-ImageDependencyTests-822829160 tempest-ImageDependencyTests-822829160-project-member] Registering scheme swift+https with {'store': <glance_store._drivers.swift.store.SingleTenantStore object at 0x7f1cccdb53c0>, 'location_class': <class 'glance_store._drivers.swift.store.StoreLocation'>, 'store_entry': 'swift'} {{(pid=120196) register_scheme_map /opt/stack/data/venv/lib/python3.10/site-packages/glance_store/location.py:146}}
Dec 23 06:48:01 ubuntu devstack@g-api.service[120196]: DEBUG glance_store.location [None req-087ff4f5-cf3b-42e2-8e49-4c15e836494e tempest-ImageDependencyTests-822829160 tempest-ImageDependencyTests-822829160-project-member] Registering scheme swift with {'store': <glance_store._drivers.swift.store.SingleTenantStore object at 0x7f1cccdb53c0>, 'location_class': <class 'glance_store._drivers.swift.store.StoreLocation'>, 'store_entry': 'swift'} {{(pid=120196) register_scheme_map /opt/stack/data/venv/lib/python3.10/site-packages/glance_store/location.py:146}}
Dec 23 06:48:01 ubuntu devstack@g-api.service[120196]: DEBUG glance_store.location [None req-087ff4f5-cf3b-42e2-8e49-4c15e836494e tempest-ImageDependencyTests-822829160 tempest-ImageDependencyTests-822829160-project-member] Registering scheme swift+http with {'store': <glance_store._drivers.swift.store.SingleTenantStore object at 0x7f1cccdb53c0>, 'location_class': <class 'glance_store._drivers.swift.store.StoreLocation'>, 'store_entry': 'swift'} {{(pid=120196) register_scheme_map /opt/stack/data/venv/lib/python3.10/site-packages/glance_store/location.py:146}}
Dec 23 06:48:01 ubuntu devstack@g-api.service[120196]: DEBUG glance_store.location [None req-087ff4f5-cf3b-42e2-8e49-4c15e836494e tempest-ImageDependencyTests-822829160 tempest-ImageDependencyTests-822829160-project-member] Registering scheme swift+config with {'store': <glance_store._drivers.swift.store.SingleTenantStore object at 0x7f1cccdb53c0>, 'location_class': <class 'glance_store._drivers.swift.store.StoreLocation'>, 'store_entry': 'swift'} {{(pid=120196) register_scheme_map /opt/stack/data/venv/lib/python3.10/site-packages/glance_store/location.py:146}}
Dec 23 06:48:01 ubuntu devstack@g-api.service[120196]: DEBUG keystoneclient.auth.identity.v3.base [None req-087ff4f5-cf3b-42e2-8e49-4c15e836494e tempest-ImageDependencyTests-822829160 tempest-ImageDependencyTests-822829160-project-member] Making authentication request to http://10.201.5.82/identity/v3/auth/tokens {{(pid=120196) get_auth_ref /opt/stack/data/venv/lib/python3.10/site-packages/keystoneclient/auth/identity/v3/base.py:185}}
Dec 23 06:48:01 ubuntu devstack@g-api.service[120196]: DEBUG keystoneclient.auth.identity.v3.base [None req-087ff4f5-cf3b-42e2-8e49-4c15e836494e tempest-ImageDependencyTests-822829160 tempest-ImageDependencyTests-822829160-project-member] {"token": {"methods": ["password"], "user": {"domain": {"id": "default", "name": "Default"}, "id": "acf6b75139de4b1da2f1d2ff2d85f3da", "name": "glance-swift", "password_expires_at": null}, "audit_ids": ["UA6w3F2-QCewHFVxllUjLQ"], "expires_at": "2024-12-23T07:48:01.000000Z", "issued_at": "2024-12-23T06:48:01.000000Z", "project": {"domain": {"id": "default", "name": "Default"}, "id": "ed03f45b32e84ac3b001ddc96021987d", "name": "service"}, "is_domain": false, "roles": [{"id": "9f8f28b74da845df887762e8a20567bd", "name": "service"}, {"id": "4ca9cdc6dc194691888990ec8fccbb4c", "name": "ResellerAdmin"}], "catalog": [{"endpoints": [{"id": "5666e4b6b02c4bd7aacb2ef1edc49edc", "interface": "admin", "region_id": "RegionOne", "url": "http://10.201.5.82:8080", "region": "RegionOne"}, {"id": "b53930de90e244a290daebfbea08eef8", "interface": "public", "region_id": "RegionOne", "url": "http://10.201.5.82:8080/v1/AUTH_ed03f45b32e84ac3b001ddc96021987d", "region": "RegionOne"}], "id": "1617f81003c147eca28ba965a7565496", "type": "object-store", "name": "swift"}, {"endpoints": [{"id": "da2680565e7e443ca73f0875c2589c9e", "interface": "public", "region_id": "RegionOne", "url": "http://10.201.5.82/compute/v2/ed03f45b32e84ac3b001ddc96021987d", "region": "RegionOne"}], "id": "48d3ba3dd66e4af7b61ed35fccd49cc3", "type": "compute_legacy", "name": "nova_legacy"}, {"endpoints": [{"id": "8f651279f8ec45d7b23f92b9bba33386", "interface": "public", "region_id": "RegionOne", "url": "http://10.201.5.82/image", "region": "RegionOne"}], "id": "6989ef06854f4b2a9d00cdf8b63ab822", "type": "image", "name": "glance"}, {"endpoints": [{"id": "d694346a29274b6aa4f92ff6a2baa0af", "interface": "public", "region_id": "RegionOne", "url": "http://10.201.5.82/compute/v2.1", "region": "RegionOne"}], "id": "7ea492b33dae47c2b5bbf087d6dd180f", "type": "compute", "name": "nova"}, {"endpoints": [{"id": "ad99ae7e12704a99af43a368f01f7196", "interface": "public", "region_id": "RegionOne", "url": "http://10.201.5.82/placement", "region": "RegionOne"}], "id": "8a3caa6ad7c5415fbd70367ea4c7facb", "type": "placement", "name": "placement"}, {"endpoints": [{"id": "63c788036082433cbe22b090a6e07c3c", "interface": "public", "region_id": "RegionOne", "url": "http://10.201.5.82/volume/v3", "region": "RegionOne"}], "id": "a55fe5eeae9d4d7689a74b955c764aa7", "type": "block-storage", "name": "cinder"}, {"endpoints": [{"id": "a3aa3f42eabf4651a6b4820bc5c2d804", "interface": "public", "region_id": "RegionOne", "url": "http://10.201.5.82:9696/networking", "region": "RegionOne"}], "id": "bc544f51451e49adb3fe166b0d392641", "type": "network", "name": "neutron"}, {"endpoints": [{"id": "08d89d0caf7845d1b14fae73a1cbfaea", "interface": "public", "region_id": "RegionOne", "url": "http://10.201.5.82/identity", "region": "RegionOne"}], "id": "dae60a84efad43e9861b3d19a483530d", "type": "identity", "name": "keystone"}]}} {{(pid=120196) get_auth_ref /opt/stack/data/venv/lib/python3.10/site-packages/keystoneclient/auth/identity/v3/base.py:190}}
Dec 23 06:48:01 ubuntu devstack@g-api.service[120196]: DEBUG keystoneclient.httpclient [None req-087ff4f5-cf3b-42e2-8e49-4c15e836494e tempest-ImageDependencyTests-822829160 tempest-ImageDependencyTests-822829160-project-member] Failed to find endpoint for management url admin endpoint for identity service not found {{(pid=120196) _process_management_url /opt/stack/data/venv/lib/python3.10/site-packages/keystoneclient/httpclient.py:670}}
Dec 23 06:48:01 ubuntu devstack@g-api.service[120196]: DEBUG swiftclient [None req-087ff4f5-cf3b-42e2-8e49-4c15e836494e tempest-ImageDependencyTests-822829160 tempest-ImageDependencyTests-822829160-project-member] REQ: curl -i http://10.201.5.82:8080/v1/AUTH_ed03f45b32e84ac3b001ddc96021987d/glance/7f1868cc-29d1-4f0d-a85f-8a58c876c539 -I -H "X-Auth-Token: gAAAAABnaQehSW4d..." {{(pid=120196) http_log /opt/stack/data/venv/lib/python3.10/site-packages/swiftclient/client.py:160}}
Dec 23 06:48:01 ubuntu devstack@g-api.service[120196]: DEBUG swiftclient [None req-087ff4f5-cf3b-42e2-8e49-4c15e836494e tempest-ImageDependencyTests-822829160 tempest-ImageDependencyTests-822829160-project-member] RESP STATUS: 200 OK {{(pid=120196) http_log /opt/stack/data/venv/lib/python3.10/site-packages/swiftclient/client.py:161}}
Dec 23 06:48:01 ubuntu devstack@g-api.service[120196]: DEBUG swiftclient [None req-087ff4f5-cf3b-42e2-8e49-4c15e836494e tempest-ImageDependencyTests-822829160 tempest-ImageDependencyTests-822829160-project-member] RESP HEADERS: {'Content-Type': 'application/octet-stream', 'Content-Length': '1024', 'Etag': '284d0d8878aefdb8fb7501ca4de16655', 'Last-Modified': 'Mon, 23 Dec 2024 06:47:56 GMT', 'X-Timestamp': '1734936475.86157', 'Accept-Ranges': 'bytes', 'X-Trans-Id': 'tx59e9c61e53eb4e78ade35-00676907a1', 'X-Openstack-Request-Id': 'tx59e9c61e53eb4e78ade35-00676907a1', 'Date': 'Mon, 23 Dec 2024 06:48:01 GMT'} {{(pid=120196) http_log /opt/stack/data/venv/lib/python3.10/site-packages/swiftclient/client.py:162}}
Dec 23 06:48:01 ubuntu devstack@g-api.service[120196]: DEBUG swiftclient [None req-087ff4f5-cf3b-42e2-8e49-4c15e836494e tempest-ImageDependencyTests-822829160 tempest-ImageDependencyTests-822829160-project-member] REQ: curl -i http://10.201.5.82:8080/v1/AUTH_ed03f45b32e84ac3b001ddc96021987d/glance/7f1868cc-29d1-4f0d-a85f-8a58c876c539 DELETE -H "X-Auth-Token: gAAAAABnaQehSW4d..." {{(pid=120196) http_log /opt/stack/data/venv/lib/python3.10/site-packages/swiftclient/client.py:160}}
Dec 23 06:48:01 ubuntu devstack@g-api.service[120196]: DEBUG swiftclient [None req-087ff4f5-cf3b-42e2-8e49-4c15e836494e tempest-ImageDependencyTests-822829160 tempest-ImageDependencyTests-822829160-project-member] RESP STATUS: 204 No Content {{(pid=120196) http_log /opt/stack/data/venv/lib/python3.10/site-packages/swiftclient/client.py:161}}
Dec 23 06:48:01 ubuntu devstack@g-api.service[120196]: DEBUG swiftclient [None req-087ff4f5-cf3b-42e2-8e49-4c15e836494e tempest-ImageDependencyTests-822829160 tempest-ImageDependencyTests-822829160-project-member] RESP HEADERS: {'Content-Type': 'text/html; charset=UTF-8', 'Content-Length': '0', 'X-Trans-Id': 'tx2ff46f957a5d48098e9eb-00676907a1', 'X-Openstack-Request-Id': 'tx2ff46f957a5d48098e9eb-00676907a1', 'Date': 'Mon, 23 Dec 2024 06:48:01 GMT'} {{(pid=120196) http_log /opt/stack/data/venv/lib/python3.10/site-packages/swiftclient/client.py:162}}
Dec 23 06:48:01 ubuntu devstack@g-api.service[120196]: DEBUG glance.api.middleware.cache [None req-087ff4f5-cf3b-42e2-8e49-4c15e836494e tempest-ImageDependencyTests-822829160 tempest-ImageDependencyTests-822829160-project-member] Removing image 7f1868cc-29d1-4f0d-a85f-8a58c876c539 from cache {{(pid=120196) _process_DELETE_response /opt/stack/glance/glance/api/middleware/cache.py:264}}
Dec 23 06:48:01 ubuntu devstack@g-api.service[120196]: DEBUG glance.image_cache.drivers.centralized_db [None req-087ff4f5-cf3b-42e2-8e49-4c15e836494e tempest-ImageDependencyTests-822829160 tempest-ImageDependencyTests-822829160-project-member] Deleting image cache file '/opt/stack/data/glance/cache/7f1868cc-29d1-4f0d-a85f-8a58c876c539' {{(pid=120196) delete_cached_file /opt/stack/glance/glance/image_cache/drivers/centralized_db.py:387}}
Dec 23 06:48:01 ubuntu devstack@g-api.service[120196]: [pid: 120196|app: 0|req: 32/64] 127.0.0.1 () {38 vars in 773 bytes} [Mon Dec 23 06:48:01 2024] DELETE /v2/images/7f1868cc-29d1-4f0d-a85f-8a58c876c539 => generated 0 bytes in 253 msecs (HTTP/1.1 204) 4 headers in 171 bytes (1 switches on core 0)
Dec 23 06:48:01 ubuntu devstack@g-api.service[120197]: DEBUG glance.api.middleware.version_negotiation [None req-bc6d1706-df65-4f11-97a5-34d783886278 tempest-ImageDependencyTests-822829160 tempest-ImageDependencyTests-822829160-project-member] Determining version of request: GET /v2/images/7f1868cc-29d1-4f0d-a85f-8a58c876c539 Accept: application/json {{(pid=120197) process_request /opt/stack/glance/glance/api/middleware/version_negotiation.py:44}}
Dec 23 06:48:01 ubuntu devstack@g-api.service[120197]: DEBUG glance.api.middleware.version_negotiation [None req-bc6d1706-df65-4f11-97a5-34d783886278 tempest-ImageDependencyTests-822829160 tempest-ImageDependencyTests-822829160-project-member] Using url versioning {{(pid=120197) process_request /opt/stack/glance/glance/api/middleware/version_negotiation.py:57}}
Dec 23 06:48:01 ubuntu devstack@g-api.service[120197]: DEBUG glance.api.middleware.version_negotiation [None req-bc6d1706-df65-4f11-97a5-34d783886278 tempest-ImageDependencyTests-822829160 tempest-ImageDependencyTests-822829160-project-member] Matched version: v2 {{(pid=120197) process_request /opt/stack/glance/glance/api/middleware/version_negotiation.py:69}}
Dec 23 06:48:01 ubuntu devstack@g-api.service[120197]: DEBUG glance.api.middleware.version_negotiation [None req-bc6d1706-df65-4f11-97a5-34d783886278 tempest-ImageDependencyTests-822829160 tempest-ImageDependencyTests-822829160-project-member] new path /v2/images/7f1868cc-29d1-4f0d-a85f-8a58c876c539 {{(pid=120197) process_request /opt/stack/glance/glance/api/middleware/version_negotiation.py:70}}
Dec 23 06:48:01 ubuntu devstack@g-api.service[120197]: DEBUG glance.db.sqlalchemy.api [None req-2688c899-53f5-4c92-bedc-a19567176235 tempest-ImageDependencyTests-822829160 tempest-ImageDependencyTests-822829160-project-member] No image found with ID 7f1868cc-29d1-4f0d-a85f-8a58c876c539 {{(pid=120197) _image_get /opt/stack/glance/glance/db/sqlalchemy/api.py:309}}
Dec 23 06:48:01 ubuntu devstack@g-api.service[120197]: [pid: 120197|app: 0|req: 33/65] 127.0.0.1 () {38 vars in 770 bytes} [Mon Dec 23 06:48:01 2024] GET /v2/images/7f1868cc-29d1-4f0d-a85f-8a58c876c539 => generated 139 bytes in 14 msecs (HTTP/1.1 404) 4 headers in 164 bytes (1 switches on core 0)
Dec 23 06:48:11 ubuntu devstack@g-api.service[120196]: DEBUG dbcounter [-] [120196] Writing DB stats glance:SELECT=38,glance:INSERT=2,glance:UPDATE=6,glance:DELETE=1 {{(pid=120196) stat_writer /opt/stack/data/venv/lib/python3.10/site-packages/dbcounter.py:115}}
Dec 23 06:48:11 ubuntu devstack@g-api.service[120197]: DEBUG dbcounter [-] [120197] Writing DB stats glance:SELECT=46,glance:UPDATE=4,glance:INSERT=1 {{(pid=120197) stat_writer /opt/stack/data/venv/lib/python3.10/site-packages/dbcounter.py:115}}
