Feb 19 15:56:34 ubuntu devstack@keystone.service[82134]: DEBUG keystone.server.flask.request_processing.req_logging [None req-33ddca61-9eaa-4b2d-b25c-1d677ab56150 None None] SCRIPT_NAME: `/identity` {{(pid=82134) log_request_info /opt/stack/keystone/keystone/server/flask/request_processing/req_logging.py:27}}
Feb 19 15:56:34 ubuntu devstack@keystone.service[82134]: DEBUG keystone.server.flask.request_processing.req_logging [None req-33ddca61-9eaa-4b2d-b25c-1d677ab56150 None None] PATH_INFO: `/` {{(pid=82134) log_request_info /opt/stack/keystone/keystone/server/flask/request_processing/req_logging.py:28}}
Feb 19 15:56:34 ubuntu devstack@keystone.service[82134]: [pid: 82134|app: 0|req: 11/23] 10.201.5.82 () {54 vars in 920 bytes} [Thu Feb 19 15:56:34 2026] GET /identity => generated 270 bytes in 1 msecs (HTTP/1.1 300) 6 headers in 234 bytes (1 switches on core 0)
Feb 19 15:56:34 ubuntu devstack@keystone.service[82133]: DEBUG keystone.server.flask.request_processing.req_logging [None req-0ad7221d-0ef5-45ce-9a7e-2cef802e19ea None None] REQUEST_METHOD: `POST` {{(pid=82133) log_request_info /opt/stack/keystone/keystone/server/flask/request_processing/req_logging.py:26}}
Feb 19 15:56:34 ubuntu devstack@keystone.service[82133]: DEBUG keystone.server.flask.request_processing.req_logging [None req-0ad7221d-0ef5-45ce-9a7e-2cef802e19ea None None] SCRIPT_NAME: `/identity` {{(pid=82133) log_request_info /opt/stack/keystone/keystone/server/flask/request_processing/req_logging.py:27}}
Feb 19 15:56:34 ubuntu devstack@keystone.service[82133]: DEBUG keystone.server.flask.request_processing.req_logging [None req-0ad7221d-0ef5-45ce-9a7e-2cef802e19ea None None] PATH_INFO: `/v3/auth/tokens` {{(pid=82133) log_request_info /opt/stack/keystone/keystone/server/flask/request_processing/req_logging.py:28}}
Feb 19 15:56:34 ubuntu devstack@keystone.service[82134]: DEBUG keystone.server.flask.request_processing.req_logging [None req-57ac76fe-8100-4737-8df4-3763160a84d2 None None] REQUEST_METHOD: `GET` {{(pid=82134) log_request_info /opt/stack/keystone/keystone/server/flask/request_processing/req_logging.py:26}}
Feb 19 15:56:34 ubuntu devstack@keystone.service[82134]: DEBUG keystone.server.flask.request_processing.req_logging [None req-57ac76fe-8100-4737-8df4-3763160a84d2 None None] SCRIPT_NAME: `/identity` {{(pid=82134) log_request_info /opt/stack/keystone/keystone/server/flask/request_processing/req_logging.py:27}}
Feb 19 15:56:34 ubuntu devstack@keystone.service[82134]: DEBUG keystone.server.flask.request_processing.req_logging [None req-57ac76fe-8100-4737-8df4-3763160a84d2 None None] PATH_INFO: `/` {{(pid=82134) log_request_info /opt/stack/keystone/keystone/server/flask/request_processing/req_logging.py:28}}
Feb 19 15:56:34 ubuntu devstack@keystone.service[82134]: [pid: 82134|app: 0|req: 12/24] 10.201.5.82 () {54 vars in 920 bytes} [Thu Feb 19 15:56:34 2026] GET /identity => generated 270 bytes in 1 msecs (HTTP/1.1 300) 6 headers in 234 bytes (1 switches on core 0)
Feb 19 15:56:34 ubuntu devstack@keystone.service[82134]: DEBUG keystone.server.flask.request_processing.req_logging [None req-a8eef8d4-ee24-43be-a245-f3a3e34f73e3 None None] REQUEST_METHOD: `POST` {{(pid=82134) log_request_info /opt/stack/keystone/keystone/server/flask/request_processing/req_logging.py:26}}
Feb 19 15:56:34 ubuntu devstack@keystone.service[82134]: DEBUG keystone.server.flask.request_processing.req_logging [None req-a8eef8d4-ee24-43be-a245-f3a3e34f73e3 None None] SCRIPT_NAME: `/identity` {{(pid=82134) log_request_info /opt/stack/keystone/keystone/server/flask/request_processing/req_logging.py:27}}
Feb 19 15:56:34 ubuntu devstack@keystone.service[82134]: DEBUG keystone.server.flask.request_processing.req_logging [None req-a8eef8d4-ee24-43be-a245-f3a3e34f73e3 None None] PATH_INFO: `/v3/auth/tokens` {{(pid=82134) log_request_info /opt/stack/keystone/keystone/server/flask/request_processing/req_logging.py:28}}
Feb 19 15:56:34 ubuntu devstack@keystone.service[82134]: WARNING keystone.common.password_hashing [None req-a8eef8d4-ee24-43be-a245-f3a3e34f73e3 None None] Truncating password to algorithm specific maximum length 72 characters.
Feb 19 15:56:34 ubuntu devstack@keystone.service[82134]: DEBUG keystone.auth.core [None req-a8eef8d4-ee24-43be-a245-f3a3e34f73e3 None None] MFA Rules not processed for user `5b1e3fc668994d6da9304a57e47dcee1`. Rule list: `[]` (Enabled: `True`). {{(pid=82134) check_auth_methods_against_rules /opt/stack/keystone/keystone/auth/core.py:476}}
Feb 19 15:56:34 ubuntu devstack@keystone.service[82134]: DEBUG keystone.common.fernet_utils [None req-a8eef8d4-ee24-43be-a245-f3a3e34f73e3 None None] Loaded 2 Fernet keys from /etc/keystone/fernet-keys/, but `[fernet_tokens] max_active_keys = 3`; perhaps there have not been enough key rotations to reach `max_active_keys` yet? {{(pid=82134) load_keys /opt/stack/keystone/keystone/common/fernet_utils.py:297}}
Feb 19 15:56:34 ubuntu devstack@keystone.service[82133]: WARNING keystone.common.password_hashing [None req-0ad7221d-0ef5-45ce-9a7e-2cef802e19ea None None] Truncating password to algorithm specific maximum length 72 characters.
Feb 19 15:56:34 ubuntu devstack@keystone.service[82133]: DEBUG keystone.auth.core [None req-0ad7221d-0ef5-45ce-9a7e-2cef802e19ea None None] MFA Rules not processed for user `5b1e3fc668994d6da9304a57e47dcee1`. Rule list: `[]` (Enabled: `True`). {{(pid=82133) check_auth_methods_against_rules /opt/stack/keystone/keystone/auth/core.py:476}}
Feb 19 15:56:34 ubuntu devstack@keystone.service[82133]: DEBUG keystone.common.fernet_utils [None req-0ad7221d-0ef5-45ce-9a7e-2cef802e19ea None None] Loaded 2 Fernet keys from /etc/keystone/fernet-keys/, but `[fernet_tokens] max_active_keys = 3`; perhaps there have not been enough key rotations to reach `max_active_keys` yet? {{(pid=82133) load_keys /opt/stack/keystone/keystone/common/fernet_utils.py:297}}
Feb 19 15:56:34 ubuntu devstack@keystone.service[82133]: [pid: 82133|app: 0|req: 13/25] 10.201.5.82 () {58 vars in 1017 bytes} [Thu Feb 19 15:56:34 2026] POST /identity/v3/auth/tokens => generated 862 bytes in 205 msecs (HTTP/1.1 201) 6 headers in 363 bytes (1 switches on core 0)
Feb 19 15:56:34 ubuntu devstack@keystone.service[82134]: [pid: 82134|app: 0|req: 13/26] 10.201.5.82 () {58 vars in 1017 bytes} [Thu Feb 19 15:56:34 2026] POST /identity/v3/auth/tokens => generated 862 bytes in 115 msecs (HTTP/1.1 201) 6 headers in 363 bytes (2 switches on core 0)
Feb 19 15:56:34 ubuntu devstack@keystone.service[82133]: DEBUG keystone.server.flask.request_processing.middleware.auth_context [None req-0ad7221d-0ef5-45ce-9a7e-2cef802e19ea None None] Authenticating user token {{(pid=82133) process_request /opt/stack/data/venv/lib/python3.10/site-packages/keystonemiddleware/auth_token/__init__.py:407}}
Feb 19 15:56:34 ubuntu devstack@keystone.service[82134]: DEBUG keystone.server.flask.request_processing.middleware.auth_context [None req-a8eef8d4-ee24-43be-a245-f3a3e34f73e3 None None] Authenticating user token {{(pid=82134) process_request /opt/stack/data/venv/lib/python3.10/site-packages/keystonemiddleware/auth_token/__init__.py:407}}
Feb 19 15:56:34 ubuntu devstack@keystone.service[82133]: DEBUG keystone.server.flask.request_processing.middleware.auth_context [None req-0ad7221d-0ef5-45ce-9a7e-2cef802e19ea None None] Validating token access rules against request {{(pid=82133) validate_allowed_request /opt/stack/data/venv/lib/python3.10/site-packages/keystonemiddleware/auth_token/__init__.py:545}}
Feb 19 15:56:34 ubuntu devstack@keystone.service[82133]: DEBUG keystone.server.flask.request_processing.middleware.auth_context [None req-b17395c2-8c01-4568-b857-3a34d990d149 None admin] RBAC: auth_context: {'token': <TokenModel (audit_id=im-JuY8cSKuYqd87ivVsbw, audit_chain_id=['im-JuY8cSKuYqd87ivVsbw']) at 0x7f09f1201210>, 'domain_id': None, 'trust_id': None, 'trustor_id': None, 'trustee_id': None, 'domain_name': None, 'group_ids': [], 'user_id': '5b1e3fc668994d6da9304a57e47dcee1', 'user_domain_id': 'default', 'system_scope': 'all', 'project_id': None, 'project_domain_id': None, 'roles': ['admin', 'manager', 'member', 'reader'], 'is_admin_project': True, 'service_user_id': None, 'service_user_domain_id': None, 'service_project_id': None, 'service_project_domain_id': None, 'service_roles': []} {{(pid=82133) fill_context /opt/stack/keystone/keystone/server/flask/request_processing/middleware/auth_context.py:509}}
Feb 19 15:56:34 ubuntu devstack@keystone.service[82133]: DEBUG keystone.server.flask.request_processing.req_logging [None req-b17395c2-8c01-4568-b857-3a34d990d149 None admin] REQUEST_METHOD: `GET` {{(pid=82133) log_request_info /opt/stack/keystone/keystone/server/flask/request_processing/req_logging.py:26}}
Feb 19 15:56:34 ubuntu devstack@keystone.service[82133]: DEBUG keystone.server.flask.request_processing.req_logging [None req-b17395c2-8c01-4568-b857-3a34d990d149 None admin] SCRIPT_NAME: `/identity` {{(pid=82133) log_request_info /opt/stack/keystone/keystone/server/flask/request_processing/req_logging.py:27}}
Feb 19 15:56:34 ubuntu devstack@keystone.service[82133]: DEBUG keystone.server.flask.request_processing.req_logging [None req-b17395c2-8c01-4568-b857-3a34d990d149 None admin] PATH_INFO: `/v3/roles/admin` {{(pid=82133) log_request_info /opt/stack/keystone/keystone/server/flask/request_processing/req_logging.py:28}}
Feb 19 15:56:34 ubuntu devstack@keystone.service[82134]: DEBUG keystone.server.flask.request_processing.middleware.auth_context [None req-a8eef8d4-ee24-43be-a245-f3a3e34f73e3 None None] Validating token access rules against request {{(pid=82134) validate_allowed_request /opt/stack/data/venv/lib/python3.10/site-packages/keystonemiddleware/auth_token/__init__.py:545}}
Feb 19 15:56:34 ubuntu devstack@keystone.service[82133]: DEBUG keystone.common.rbac_enforcer.enforcer [None req-b17395c2-8c01-4568-b857-3a34d990d149 None admin] Extracting inferred target data resulted in "NOT FOUND (404)". {{(pid=82133) enforce_call /opt/stack/keystone/keystone/common/rbac_enforcer/enforcer.py:445}}
Feb 19 15:56:34 ubuntu devstack@keystone.service[82133]: DEBUG keystone.server.flask.application [None req-b17395c2-8c01-4568-b857-3a34d990d149 None admin] Could not find role: admin. {{(pid=82133) _handle_keystone_exception /opt/stack/keystone/keystone/server/flask/application.py:146}}
Feb 19 15:56:34 ubuntu devstack@keystone.service[82133]: [pid: 82133|app: 0|req: 14/27] 10.201.5.82 () {56 vars in 1133 bytes} [Thu Feb 19 15:56:34 2026] GET /identity/v3/roles/admin => generated 83 bytes in 71 msecs (HTTP/1.1 404) 5 headers in 183 bytes (1 switches on core 0)
Feb 19 15:56:34 ubuntu devstack@keystone.service[82133]: DEBUG keystone.server.flask.request_processing.middleware.auth_context [None req-b17395c2-8c01-4568-b857-3a34d990d149 None admin] Authenticating user token {{(pid=82133) process_request /opt/stack/data/venv/lib/python3.10/site-packages/keystonemiddleware/auth_token/__init__.py:407}}
Feb 19 15:56:34 ubuntu devstack@keystone.service[82134]: DEBUG keystone.server.flask.request_processing.middleware.auth_context [None req-a4c48b91-73e9-44db-924c-82aa0598fd06 None admin] RBAC: auth_context: {'token': <TokenModel (audit_id=RJX9he3URASjrPb_inbdBA, audit_chain_id=['RJX9he3URASjrPb_inbdBA']) at 0x7f09f0f57be0>, 'domain_id': None, 'trust_id': None, 'trustor_id': None, 'trustee_id': None, 'domain_name': None, 'group_ids': [], 'user_id': '5b1e3fc668994d6da9304a57e47dcee1', 'user_domain_id': 'default', 'system_scope': 'all', 'project_id': None, 'project_domain_id': None, 'roles': ['admin', 'manager', 'member', 'reader'], 'is_admin_project': True, 'service_user_id': None, 'service_user_domain_id': None, 'service_project_id': None, 'service_project_domain_id': None, 'service_roles': []} {{(pid=82134) fill_context /opt/stack/keystone/keystone/server/flask/request_processing/middleware/auth_context.py:509}}
Feb 19 15:56:34 ubuntu devstack@keystone.service[82134]: DEBUG keystone.server.flask.request_processing.req_logging [None req-a4c48b91-73e9-44db-924c-82aa0598fd06 None admin] REQUEST_METHOD: `GET` {{(pid=82134) log_request_info /opt/stack/keystone/keystone/server/flask/request_processing/req_logging.py:26}}
Feb 19 15:56:34 ubuntu devstack@keystone.service[82134]: DEBUG keystone.server.flask.request_processing.req_logging [None req-a4c48b91-73e9-44db-924c-82aa0598fd06 None admin] SCRIPT_NAME: `/identity` {{(pid=82134) log_request_info /opt/stack/keystone/keystone/server/flask/request_processing/req_logging.py:27}}
Feb 19 15:56:34 ubuntu devstack@keystone.service[82134]: DEBUG keystone.server.flask.request_processing.req_logging [None req-a4c48b91-73e9-44db-924c-82aa0598fd06 None admin] PATH_INFO: `/v3/domains/Default` {{(pid=82134) log_request_info /opt/stack/keystone/keystone/server/flask/request_processing/req_logging.py:28}}
Feb 19 15:56:34 ubuntu devstack@keystone.service[82134]: DEBUG keystone.common.rbac_enforcer.enforcer [None req-a4c48b91-73e9-44db-924c-82aa0598fd06 None admin] RBAC: Authorizing `identity:get_domain(domain_id=Default)` {{(pid=82134) enforce_call /opt/stack/keystone/keystone/common/rbac_enforcer/enforcer.py:494}}
Feb 19 15:56:34 ubuntu devstack@keystone.service[82134]: DEBUG keystone.common.rbac_enforcer.enforcer [None req-a4c48b91-73e9-44db-924c-82aa0598fd06 None admin] RBAC: Authorization granted {{(pid=82134) enforce_call /opt/stack/keystone/keystone/common/rbac_enforcer/enforcer.py:505}}
Feb 19 15:56:34 ubuntu devstack@keystone.service[82133]: DEBUG keystone.server.flask.request_processing.middleware.auth_context [None req-b17395c2-8c01-4568-b857-3a34d990d149 None admin] Validating token access rules against request {{(pid=82133) validate_allowed_request /opt/stack/data/venv/lib/python3.10/site-packages/keystonemiddleware/auth_token/__init__.py:545}}
Feb 19 15:56:34 ubuntu devstack@keystone.service[82134]: DEBUG keystone.server.flask.application [None req-a4c48b91-73e9-44db-924c-82aa0598fd06 None admin] Could not find domain: Default. {{(pid=82134) _handle_keystone_exception /opt/stack/keystone/keystone/server/flask/application.py:146}}
Feb 19 15:56:34 ubuntu devstack@keystone.service[82134]: [pid: 82134|app: 0|req: 14/28] 10.201.5.82 () {56 vars in 1145 bytes} [Thu Feb 19 15:56:34 2026] GET /identity/v3/domains/Default => generated 87 bytes in 95 msecs (HTTP/1.1 404) 5 headers in 183 bytes (1 switches on core 0)
Feb 19 15:56:34 ubuntu devstack@keystone.service[82134]: DEBUG keystone.server.flask.request_processing.req_logging [None req-5b322912-a74c-4c0e-a52c-f9e41524bda5 None None] REQUEST_METHOD: `GET` {{(pid=82134) log_request_info /opt/stack/keystone/keystone/server/flask/request_processing/req_logging.py:26}}
Feb 19 15:56:34 ubuntu devstack@keystone.service[82134]: DEBUG keystone.server.flask.request_processing.req_logging [None req-5b322912-a74c-4c0e-a52c-f9e41524bda5 None None] SCRIPT_NAME: `/identity` {{(pid=82134) log_request_info /opt/stack/keystone/keystone/server/flask/request_processing/req_logging.py:27}}
Feb 19 15:56:34 ubuntu devstack@keystone.service[82134]: DEBUG keystone.server.flask.request_processing.req_logging [None req-5b322912-a74c-4c0e-a52c-f9e41524bda5 None None] PATH_INFO: `/` {{(pid=82134) log_request_info /opt/stack/keystone/keystone/server/flask/request_processing/req_logging.py:28}}
Feb 19 15:56:34 ubuntu devstack@keystone.service[82134]: [pid: 82134|app: 0|req: 15/29] 10.201.5.82 () {54 vars in 920 bytes} [Thu Feb 19 15:56:34 2026] GET /identity => generated 270 bytes in 1 msecs (HTTP/1.1 300) 6 headers in 234 bytes (1 switches on core 0)
Feb 19 15:56:34 ubuntu devstack@keystone.service[82134]: DEBUG keystone.server.flask.request_processing.req_logging [None req-74c3d5d2-2a34-4a5f-9718-71d977a47fd7 None None] REQUEST_METHOD: `POST` {{(pid=82134) log_request_info /opt/stack/keystone/keystone/server/flask/request_processing/req_logging.py:26}}
Feb 19 15:56:34 ubuntu devstack@keystone.service[82134]: DEBUG keystone.server.flask.request_processing.req_logging [None req-74c3d5d2-2a34-4a5f-9718-71d977a47fd7 None None] SCRIPT_NAME: `/identity` {{(pid=82134) log_request_info /opt/stack/keystone/keystone/server/flask/request_processing/req_logging.py:27}}
Feb 19 15:56:34 ubuntu devstack@keystone.service[82134]: DEBUG keystone.server.flask.request_processing.req_logging [None req-74c3d5d2-2a34-4a5f-9718-71d977a47fd7 None None] PATH_INFO: `/v3/auth/tokens` {{(pid=82134) log_request_info /opt/stack/keystone/keystone/server/flask/request_processing/req_logging.py:28}}
Feb 19 15:56:34 ubuntu devstack@keystone.service[82134]: WARNING keystone.common.password_hashing [None req-74c3d5d2-2a34-4a5f-9718-71d977a47fd7 None None] Truncating password to algorithm specific maximum length 72 characters.
Feb 19 15:56:34 ubuntu devstack@keystone.service[82134]: DEBUG keystone.auth.core [None req-74c3d5d2-2a34-4a5f-9718-71d977a47fd7 None None] MFA Rules not processed for user `5b1e3fc668994d6da9304a57e47dcee1`. Rule list: `[]` (Enabled: `True`). {{(pid=82134) check_auth_methods_against_rules /opt/stack/keystone/keystone/auth/core.py:476}}
Feb 19 15:56:34 ubuntu devstack@keystone.service[82134]: DEBUG keystone.common.fernet_utils [None req-74c3d5d2-2a34-4a5f-9718-71d977a47fd7 None None] Loaded 2 Fernet keys from /etc/keystone/fernet-keys/, but `[fernet_tokens] max_active_keys = 3`; perhaps there have not been enough key rotations to reach `max_active_keys` yet? {{(pid=82134) load_keys /opt/stack/keystone/keystone/common/fernet_utils.py:297}}
Feb 19 15:56:34 ubuntu devstack@keystone.service[82133]: DEBUG keystone.server.flask.request_processing.middleware.auth_context [None req-d442d1d6-ed61-4968-804f-173363d63b04 None admin] RBAC: auth_context: {'token': <TokenModel (audit_id=im-JuY8cSKuYqd87ivVsbw, audit_chain_id=['im-JuY8cSKuYqd87ivVsbw']) at 0x7f09f139c190>, 'domain_id': None, 'trust_id': None, 'trustor_id': None, 'trustee_id': None, 'domain_name': None, 'group_ids': [], 'user_id': '5b1e3fc668994d6da9304a57e47dcee1', 'user_domain_id': 'default', 'system_scope': 'all', 'project_id': None, 'project_domain_id': None, 'roles': ['admin', 'manager', 'member', 'reader'], 'is_admin_project': True, 'service_user_id': None, 'service_user_domain_id': None, 'service_project_id': None, 'service_project_domain_id': None, 'service_roles': []} {{(pid=82133) fill_context /opt/stack/keystone/keystone/server/flask/request_processing/middleware/auth_context.py:509}}
Feb 19 15:56:34 ubuntu devstack@keystone.service[82133]: DEBUG keystone.server.flask.request_processing.req_logging [None req-d442d1d6-ed61-4968-804f-173363d63b04 None admin] REQUEST_METHOD: `GET` {{(pid=82133) log_request_info /opt/stack/keystone/keystone/server/flask/request_processing/req_logging.py:26}}
Feb 19 15:56:34 ubuntu devstack@keystone.service[82133]: DEBUG keystone.server.flask.request_processing.req_logging [None req-d442d1d6-ed61-4968-804f-173363d63b04 None admin] SCRIPT_NAME: `/identity` {{(pid=82133) log_request_info /opt/stack/keystone/keystone/server/flask/request_processing/req_logging.py:27}}
Feb 19 15:56:34 ubuntu devstack@keystone.service[82133]: DEBUG keystone.server.flask.request_processing.req_logging [None req-d442d1d6-ed61-4968-804f-173363d63b04 None admin] PATH_INFO: `/v3/roles` {{(pid=82133) log_request_info /opt/stack/keystone/keystone/server/flask/request_processing/req_logging.py:28}}
Feb 19 15:56:34 ubuntu devstack@keystone.service[82133]: DEBUG keystone.common.rbac_enforcer.enforcer [None req-d442d1d6-ed61-4968-804f-173363d63b04 None admin] RBAC: Adding query filter params (name=admin) {{(pid=82133) _extract_filter_values /opt/stack/keystone/keystone/common/rbac_enforcer/enforcer.py:176}}
Feb 19 15:56:34 ubuntu devstack@keystone.service[82133]: DEBUG keystone.common.rbac_enforcer.enforcer [None req-d442d1d6-ed61-4968-804f-173363d63b04 None admin] RBAC: Authorizing `identity:list_roles()` {{(pid=82133) enforce_call /opt/stack/keystone/keystone/common/rbac_enforcer/enforcer.py:494}}
Feb 19 15:56:34 ubuntu devstack@keystone.service[82133]: DEBUG keystone.common.rbac_enforcer.enforcer [None req-d442d1d6-ed61-4968-804f-173363d63b04 None admin] RBAC: Authorization granted {{(pid=82133) enforce_call /opt/stack/keystone/keystone/common/rbac_enforcer/enforcer.py:505}}
Feb 19 15:56:34 ubuntu devstack@keystone.service[82133]: [pid: 82133|app: 0|req: 15/30] 10.201.5.82 () {56 vars in 1149 bytes} [Thu Feb 19 15:56:34 2026] GET /identity/v3/roles?name=admin => generated 339 bytes in 91 msecs (HTTP/1.1 200) 5 headers in 177 bytes (1 switches on core 0)
Feb 19 15:56:34 ubuntu devstack@keystone.service[82133]: DEBUG keystone.server.flask.request_processing.middleware.auth_context [None req-d442d1d6-ed61-4968-804f-173363d63b04 None admin] Authenticating user token {{(pid=82133) process_request /opt/stack/data/venv/lib/python3.10/site-packages/keystonemiddleware/auth_token/__init__.py:407}}
Feb 19 15:56:34 ubuntu devstack@keystone.service[82134]: [pid: 82134|app: 0|req: 16/31] 10.201.5.82 () {58 vars in 1017 bytes} [Thu Feb 19 15:56:34 2026] POST /identity/v3/auth/tokens => generated 862 bytes in 53 msecs (HTTP/1.1 201) 6 headers in 363 bytes (1 switches on core 0)
Feb 19 15:56:34 ubuntu devstack@keystone.service[82134]: DEBUG keystone.server.flask.request_processing.req_logging [None req-8693a76e-98c5-49ee-a202-3b8666b4311b None None] REQUEST_METHOD: `GET` {{(pid=82134) log_request_info /opt/stack/keystone/keystone/server/flask/request_processing/req_logging.py:26}}
Feb 19 15:56:34 ubuntu devstack@keystone.service[82134]: DEBUG keystone.server.flask.request_processing.req_logging [None req-8693a76e-98c5-49ee-a202-3b8666b4311b None None] SCRIPT_NAME: `/identity` {{(pid=82134) log_request_info /opt/stack/keystone/keystone/server/flask/request_processing/req_logging.py:27}}
Feb 19 15:56:34 ubuntu devstack@keystone.service[82134]: DEBUG keystone.server.flask.request_processing.req_logging [None req-8693a76e-98c5-49ee-a202-3b8666b4311b None None] PATH_INFO: `/` {{(pid=82134) log_request_info /opt/stack/keystone/keystone/server/flask/request_processing/req_logging.py:28}}
Feb 19 15:56:34 ubuntu devstack@keystone.service[82134]: [pid: 82134|app: 0|req: 17/32] 10.201.5.82 () {54 vars in 920 bytes} [Thu Feb 19 15:56:34 2026] GET /identity => generated 270 bytes in 1 msecs (HTTP/1.1 300) 6 headers in 234 bytes (1 switches on core 0)
Feb 19 15:56:34 ubuntu devstack@keystone.service[82134]: DEBUG keystone.server.flask.request_processing.middleware.auth_context [None req-8693a76e-98c5-49ee-a202-3b8666b4311b None None] Authenticating user token {{(pid=82134) process_request /opt/stack/data/venv/lib/python3.10/site-packages/keystonemiddleware/auth_token/__init__.py:407}}
Feb 19 15:56:34 ubuntu devstack@keystone.service[82134]: DEBUG keystone.server.flask.request_processing.middleware.auth_context [None req-8693a76e-98c5-49ee-a202-3b8666b4311b None None] Validating token access rules against request {{(pid=82134) validate_allowed_request /opt/stack/data/venv/lib/python3.10/site-packages/keystonemiddleware/auth_token/__init__.py:545}}
Feb 19 15:56:34 ubuntu devstack@keystone.service[82134]: DEBUG keystone.server.flask.request_processing.middleware.auth_context [None req-e9d1b602-a2d5-48b3-b142-3da9ce004cbf None admin] RBAC: auth_context: {'token': <TokenModel (audit_id=im-JuY8cSKuYqd87ivVsbw, audit_chain_id=['im-JuY8cSKuYqd87ivVsbw']) at 0x7f09f0f571c0>, 'domain_id': None, 'trust_id': None, 'trustor_id': None, 'trustee_id': None, 'domain_name': None, 'group_ids': [], 'user_id': '5b1e3fc668994d6da9304a57e47dcee1', 'user_domain_id': 'default', 'system_scope': 'all', 'project_id': None, 'project_domain_id': None, 'roles': ['admin', 'manager', 'member', 'reader'], 'is_admin_project': True, 'service_user_id': None, 'service_user_domain_id': None, 'service_project_id': None, 'service_project_domain_id': None, 'service_roles': []} {{(pid=82134) fill_context /opt/stack/keystone/keystone/server/flask/request_processing/middleware/auth_context.py:509}}
Feb 19 15:56:34 ubuntu devstack@keystone.service[82134]: DEBUG keystone.server.flask.request_processing.req_logging [None req-e9d1b602-a2d5-48b3-b142-3da9ce004cbf None admin] REQUEST_METHOD: `GET` {{(pid=82134) log_request_info /opt/stack/keystone/keystone/server/flask/request_processing/req_logging.py:26}}
Feb 19 15:56:34 ubuntu devstack@keystone.service[82134]: DEBUG keystone.server.flask.request_processing.req_logging [None req-e9d1b602-a2d5-48b3-b142-3da9ce004cbf None admin] SCRIPT_NAME: `/identity` {{(pid=82134) log_request_info /opt/stack/keystone/keystone/server/flask/request_processing/req_logging.py:27}}
Feb 19 15:56:34 ubuntu devstack@keystone.service[82134]: DEBUG keystone.server.flask.request_processing.req_logging [None req-e9d1b602-a2d5-48b3-b142-3da9ce004cbf None admin] PATH_INFO: `/v3/users/5b1e3fc668994d6da9304a57e47dcee1` {{(pid=82134) log_request_info /opt/stack/keystone/keystone/server/flask/request_processing/req_logging.py:28}}
Feb 19 15:56:34 ubuntu devstack@keystone.service[82134]: DEBUG keystone.common.rbac_enforcer.enforcer [None req-e9d1b602-a2d5-48b3-b142-3da9ce004cbf None admin] RBAC: Authorizing `identity:get_user(user_id=5b1e3fc668994d6da9304a57e47dcee1)` {{(pid=82134) enforce_call /opt/stack/keystone/keystone/common/rbac_enforcer/enforcer.py:494}}
Feb 19 15:56:34 ubuntu devstack@keystone.service[82134]: DEBUG keystone.common.rbac_enforcer.enforcer [None req-e9d1b602-a2d5-48b3-b142-3da9ce004cbf None admin] RBAC: Authorization granted {{(pid=82134) enforce_call /opt/stack/keystone/keystone/common/rbac_enforcer/enforcer.py:505}}
Feb 19 15:56:34 ubuntu devstack@keystone.service[82134]: [pid: 82134|app: 0|req: 18/33] 10.201.5.82 () {56 vars in 1214 bytes} [Thu Feb 19 15:56:34 2026] GET /identity/v3/users/5b1e3fc668994d6da9304a57e47dcee1 => generated 247 bytes in 63 msecs (HTTP/1.1 200) 5 headers in 177 bytes (1 switches on core 0)
Feb 19 15:56:34 ubuntu devstack@keystone.service[82134]: DEBUG keystone.server.flask.request_processing.req_logging [None req-94446b2b-c8b5-4eb2-892e-f4ab468b4301 None None] REQUEST_METHOD: `POST` {{(pid=82134) log_request_info /opt/stack/keystone/keystone/server/flask/request_processing/req_logging.py:26}}
Feb 19 15:56:34 ubuntu devstack@keystone.service[82134]: DEBUG keystone.server.flask.request_processing.req_logging [None req-94446b2b-c8b5-4eb2-892e-f4ab468b4301 None None] SCRIPT_NAME: `/identity` {{(pid=82134) log_request_info /opt/stack/keystone/keystone/server/flask/request_processing/req_logging.py:27}}
Feb 19 15:56:34 ubuntu devstack@keystone.service[82134]: DEBUG keystone.server.flask.request_processing.req_logging [None req-94446b2b-c8b5-4eb2-892e-f4ab468b4301 None None] PATH_INFO: `/v3/auth/tokens` {{(pid=82134) log_request_info /opt/stack/keystone/keystone/server/flask/request_processing/req_logging.py:28}}
Feb 19 15:56:34 ubuntu devstack@keystone.service[82134]: WARNING keystone.common.password_hashing [None req-94446b2b-c8b5-4eb2-892e-f4ab468b4301 None None] Truncating password to algorithm specific maximum length 72 characters.
Feb 19 15:56:34 ubuntu devstack@keystone.service[82134]: DEBUG keystone.auth.core [None req-94446b2b-c8b5-4eb2-892e-f4ab468b4301 None None] MFA Rules not processed for user `5b1e3fc668994d6da9304a57e47dcee1`. Rule list: `[]` (Enabled: `True`). {{(pid=82134) check_auth_methods_against_rules /opt/stack/keystone/keystone/auth/core.py:476}}
Feb 19 15:56:34 ubuntu devstack@keystone.service[82134]: DEBUG keystone.common.fernet_utils [None req-94446b2b-c8b5-4eb2-892e-f4ab468b4301 None None] Loaded 2 Fernet keys from /etc/keystone/fernet-keys/, but `[fernet_tokens] max_active_keys = 3`; perhaps there have not been enough key rotations to reach `max_active_keys` yet? {{(pid=82134) load_keys /opt/stack/keystone/keystone/common/fernet_utils.py:297}}
Feb 19 15:56:34 ubuntu devstack@keystone.service[82134]: [pid: 82134|app: 0|req: 19/34] 10.201.5.82 () {58 vars in 1017 bytes} [Thu Feb 19 15:56:34 2026] POST /identity/v3/auth/tokens => generated 862 bytes in 48 msecs (HTTP/1.1 201) 6 headers in 363 bytes (1 switches on core 0)
Feb 19 15:56:34 ubuntu devstack@keystone.service[82134]: DEBUG keystone.server.flask.request_processing.middleware.auth_context [None req-94446b2b-c8b5-4eb2-892e-f4ab468b4301 None None] Authenticating user token {{(pid=82134) process_request /opt/stack/data/venv/lib/python3.10/site-packages/keystonemiddleware/auth_token/__init__.py:407}}
Feb 19 15:56:34 ubuntu devstack@keystone.service[82133]: DEBUG keystone.server.flask.request_processing.middleware.auth_context [None req-d442d1d6-ed61-4968-804f-173363d63b04 None admin] Validating token access rules against request {{(pid=82133) validate_allowed_request /opt/stack/data/venv/lib/python3.10/site-packages/keystonemiddleware/auth_token/__init__.py:545}}
Feb 19 15:56:34 ubuntu devstack@keystone.service[82133]: DEBUG keystone.server.flask.request_processing.middleware.auth_context [None req-ed458486-839c-4203-a282-e19bb4ebf8c6 None admin] RBAC: auth_context: {'token': <TokenModel (audit_id=RJX9he3URASjrPb_inbdBA, audit_chain_id=['RJX9he3URASjrPb_inbdBA']) at 0x7f09f1c70c70>, 'domain_id': None, 'trust_id': None, 'trustor_id': None, 'trustee_id': None, 'domain_name': None, 'group_ids': [], 'user_id': '5b1e3fc668994d6da9304a57e47dcee1', 'user_domain_id': 'default', 'system_scope': 'all', 'project_id': None, 'project_domain_id': None, 'roles': ['admin', 'manager', 'member', 'reader'], 'is_admin_project': True, 'service_user_id': None, 'service_user_domain_id': None, 'service_project_id': None, 'service_project_domain_id': None, 'service_roles': []} {{(pid=82133) fill_context /opt/stack/keystone/keystone/server/flask/request_processing/middleware/auth_context.py:509}}
Feb 19 15:56:34 ubuntu devstack@keystone.service[82133]: DEBUG keystone.server.flask.request_processing.req_logging [None req-ed458486-839c-4203-a282-e19bb4ebf8c6 None admin] REQUEST_METHOD: `GET` {{(pid=82133) log_request_info /opt/stack/keystone/keystone/server/flask/request_processing/req_logging.py:26}}
Feb 19 15:56:34 ubuntu devstack@keystone.service[82133]: DEBUG keystone.server.flask.request_processing.req_logging [None req-ed458486-839c-4203-a282-e19bb4ebf8c6 None admin] SCRIPT_NAME: `/identity` {{(pid=82133) log_request_info /opt/stack/keystone/keystone/server/flask/request_processing/req_logging.py:27}}
Feb 19 15:56:34 ubuntu devstack@keystone.service[82133]: DEBUG keystone.server.flask.request_processing.req_logging [None req-ed458486-839c-4203-a282-e19bb4ebf8c6 None admin] PATH_INFO: `/v3/domains` {{(pid=82133) log_request_info /opt/stack/keystone/keystone/server/flask/request_processing/req_logging.py:28}}
Feb 19 15:56:34 ubuntu devstack@keystone.service[82134]: DEBUG keystone.server.flask.request_processing.middleware.auth_context [None req-94446b2b-c8b5-4eb2-892e-f4ab468b4301 None None] Validating token access rules against request {{(pid=82134) validate_allowed_request /opt/stack/data/venv/lib/python3.10/site-packages/keystonemiddleware/auth_token/__init__.py:545}}
Feb 19 15:56:34 ubuntu devstack@keystone.service[82133]: DEBUG keystone.common.rbac_enforcer.enforcer [None req-ed458486-839c-4203-a282-e19bb4ebf8c6 None admin] RBAC: Adding query filter params (name=Default) {{(pid=82133) _extract_filter_values /opt/stack/keystone/keystone/common/rbac_enforcer/enforcer.py:176}}
Feb 19 15:56:34 ubuntu devstack@keystone.service[82133]: DEBUG keystone.common.rbac_enforcer.enforcer [None req-ed458486-839c-4203-a282-e19bb4ebf8c6 None admin] RBAC: Authorizing `identity:list_domains()` {{(pid=82133) enforce_call /opt/stack/keystone/keystone/common/rbac_enforcer/enforcer.py:494}}
Feb 19 15:56:34 ubuntu devstack@keystone.service[82133]: DEBUG keystone.common.rbac_enforcer.enforcer [None req-ed458486-839c-4203-a282-e19bb4ebf8c6 None admin] RBAC: Authorization granted {{(pid=82133) enforce_call /opt/stack/keystone/keystone/common/rbac_enforcer/enforcer.py:505}}
Feb 19 15:56:34 ubuntu devstack@keystone.service[82133]: [pid: 82133|app: 0|req: 16/35] 10.201.5.82 () {56 vars in 1159 bytes} [Thu Feb 19 15:56:34 2026] GET /identity/v3/domains?name=Default => generated 308 bytes in 196 msecs (HTTP/1.1 200) 5 headers in 177 bytes (1 switches on core 0)
Feb 19 15:56:34 ubuntu devstack@keystone.service[82133]: DEBUG keystone.server.flask.request_processing.middleware.auth_context [None req-ed458486-839c-4203-a282-e19bb4ebf8c6 None admin] Authenticating user token {{(pid=82133) process_request /opt/stack/data/venv/lib/python3.10/site-packages/keystonemiddleware/auth_token/__init__.py:407}}
Feb 19 15:56:34 ubuntu devstack@keystone.service[82134]: DEBUG keystone.server.flask.request_processing.middleware.auth_context [None req-cab6b22d-f755-4e0a-83da-9f63204b288b None admin] RBAC: auth_context: {'token': <TokenModel (audit_id=im-JuY8cSKuYqd87ivVsbw, audit_chain_id=['im-JuY8cSKuYqd87ivVsbw']) at 0x7f09f1228280>, 'domain_id': None, 'trust_id': None, 'trustor_id': None, 'trustee_id': None, 'domain_name': None, 'group_ids': [], 'user_id': '5b1e3fc668994d6da9304a57e47dcee1', 'user_domain_id': 'default', 'system_scope': 'all', 'project_id': None, 'project_domain_id': None, 'roles': ['admin', 'manager', 'member', 'reader'], 'is_admin_project': True, 'service_user_id': None, 'service_user_domain_id': None, 'service_project_id': None, 'service_project_domain_id': None, 'service_roles': []} {{(pid=82134) fill_context /opt/stack/keystone/keystone/server/flask/request_processing/middleware/auth_context.py:509}}
Feb 19 15:56:34 ubuntu devstack@keystone.service[82134]: DEBUG keystone.server.flask.request_processing.req_logging [None req-cab6b22d-f755-4e0a-83da-9f63204b288b None admin] REQUEST_METHOD: `GET` {{(pid=82134) log_request_info /opt/stack/keystone/keystone/server/flask/request_processing/req_logging.py:26}}
Feb 19 15:56:34 ubuntu devstack@keystone.service[82134]: DEBUG keystone.server.flask.request_processing.req_logging [None req-cab6b22d-f755-4e0a-83da-9f63204b288b None admin] SCRIPT_NAME: `/identity` {{(pid=82134) log_request_info /opt/stack/keystone/keystone/server/flask/request_processing/req_logging.py:27}}
Feb 19 15:56:34 ubuntu devstack@keystone.service[82134]: DEBUG keystone.server.flask.request_processing.req_logging [None req-cab6b22d-f755-4e0a-83da-9f63204b288b None admin] PATH_INFO: `/v3/domains/default` {{(pid=82134) log_request_info /opt/stack/keystone/keystone/server/flask/request_processing/req_logging.py:28}}
Feb 19 15:56:34 ubuntu devstack@keystone.service[82134]: DEBUG keystone.common.rbac_enforcer.enforcer [None req-cab6b22d-f755-4e0a-83da-9f63204b288b None admin] RBAC: Authorizing `identity:get_domain(domain_id=default)` {{(pid=82134) enforce_call /opt/stack/keystone/keystone/common/rbac_enforcer/enforcer.py:494}}
Feb 19 15:56:34 ubuntu devstack@keystone.service[82134]: DEBUG keystone.common.rbac_enforcer.enforcer [None req-cab6b22d-f755-4e0a-83da-9f63204b288b None admin] RBAC: Authorization granted {{(pid=82134) enforce_call /opt/stack/keystone/keystone/common/rbac_enforcer/enforcer.py:505}}
Feb 19 15:56:34 ubuntu devstack@keystone.service[82134]: [pid: 82134|app: 0|req: 20/36] 10.201.5.82 () {56 vars in 1145 bytes} [Thu Feb 19 15:56:34 2026] GET /identity/v3/domains/default => generated 199 bytes in 83 msecs (HTTP/1.1 200) 5 headers in 177 bytes (1 switches on core 0)
Feb 19 15:56:34 ubuntu devstack@keystone.service[82134]: DEBUG keystone.server.flask.request_processing.middleware.auth_context [None req-cab6b22d-f755-4e0a-83da-9f63204b288b None admin] Authenticating user token {{(pid=82134) process_request /opt/stack/data/venv/lib/python3.10/site-packages/keystonemiddleware/auth_token/__init__.py:407}}
Feb 19 15:56:34 ubuntu devstack@keystone.service[82133]: DEBUG keystone.server.flask.request_processing.middleware.auth_context [None req-ed458486-839c-4203-a282-e19bb4ebf8c6 None admin] Validating token access rules against request {{(pid=82133) validate_allowed_request /opt/stack/data/venv/lib/python3.10/site-packages/keystonemiddleware/auth_token/__init__.py:545}}
Feb 19 15:56:34 ubuntu devstack@keystone.service[82134]: DEBUG keystone.server.flask.request_processing.middleware.auth_context [None req-cab6b22d-f755-4e0a-83da-9f63204b288b None admin] Validating token access rules against request {{(pid=82134) validate_allowed_request /opt/stack/data/venv/lib/python3.10/site-packages/keystonemiddleware/auth_token/__init__.py:545}}
Feb 19 15:56:34 ubuntu devstack@keystone.service[82133]: DEBUG keystone.server.flask.request_processing.middleware.auth_context [None req-d5ef2b7a-0462-44c2-9b25-0164c797c6bb None admin] RBAC: auth_context: {'token': <TokenModel (audit_id=PrQJ2egXQK278ZicLr_CrA, audit_chain_id=['PrQJ2egXQK278ZicLr_CrA']) at 0x7f09f1bf52d0>, 'domain_id': None, 'trust_id': None, 'trustor_id': None, 'trustee_id': None, 'domain_name': None, 'group_ids': [], 'user_id': '5b1e3fc668994d6da9304a57e47dcee1', 'user_domain_id': 'default', 'system_scope': 'all', 'project_id': None, 'project_domain_id': None, 'roles': ['admin', 'manager', 'member', 'reader'], 'is_admin_project': True, 'service_user_id': None, 'service_user_domain_id': None, 'service_project_id': None, 'service_project_domain_id': None, 'service_roles': []} {{(pid=82133) fill_context /opt/stack/keystone/keystone/server/flask/request_processing/middleware/auth_context.py:509}}
Feb 19 15:56:34 ubuntu devstack@keystone.service[82133]: DEBUG keystone.server.flask.request_processing.req_logging [None req-d5ef2b7a-0462-44c2-9b25-0164c797c6bb None admin] REQUEST_METHOD: `POST` {{(pid=82133) log_request_info /opt/stack/keystone/keystone/server/flask/request_processing/req_logging.py:26}}
Feb 19 15:56:34 ubuntu devstack@keystone.service[82133]: DEBUG keystone.server.flask.request_processing.req_logging [None req-d5ef2b7a-0462-44c2-9b25-0164c797c6bb None admin] SCRIPT_NAME: `/identity` {{(pid=82133) log_request_info /opt/stack/keystone/keystone/server/flask/request_processing/req_logging.py:27}}
Feb 19 15:56:34 ubuntu devstack@keystone.service[82133]: DEBUG keystone.server.flask.request_processing.req_logging [None req-d5ef2b7a-0462-44c2-9b25-0164c797c6bb None admin] PATH_INFO: `/v3/roles` {{(pid=82133) log_request_info /opt/stack/keystone/keystone/server/flask/request_processing/req_logging.py:28}}
Feb 19 15:56:34 ubuntu devstack@keystone.service[82134]: DEBUG keystone.server.flask.request_processing.middleware.auth_context [None req-8d2859d1-baf9-44de-8ed8-b867c87d3c63 None admin] RBAC: auth_context: {'token': <TokenModel (audit_id=RJX9he3URASjrPb_inbdBA, audit_chain_id=['RJX9he3URASjrPb_inbdBA']) at 0x7f09f12287f0>, 'domain_id': None, 'trust_id': None, 'trustor_id': None, 'trustee_id': None, 'domain_name': None, 'group_ids': [], 'user_id': '5b1e3fc668994d6da9304a57e47dcee1', 'user_domain_id': 'default', 'system_scope': 'all', 'project_id': None, 'project_domain_id': None, 'roles': ['admin', 'manager', 'member', 'reader'], 'is_admin_project': True, 'service_user_id': None, 'service_user_domain_id': None, 'service_project_id': None, 'service_project_domain_id': None, 'service_roles': []} {{(pid=82134) fill_context /opt/stack/keystone/keystone/server/flask/request_processing/middleware/auth_context.py:509}}
Feb 19 15:56:34 ubuntu devstack@keystone.service[82134]: DEBUG keystone.server.flask.request_processing.req_logging [None req-8d2859d1-baf9-44de-8ed8-b867c87d3c63 None admin] REQUEST_METHOD: `POST` {{(pid=82134) log_request_info /opt/stack/keystone/keystone/server/flask/request_processing/req_logging.py:26}}
Feb 19 15:56:34 ubuntu devstack@keystone.service[82133]: DEBUG keystone.common.rbac_enforcer.enforcer [None req-d5ef2b7a-0462-44c2-9b25-0164c797c6bb None admin] RBAC: Authorizing `identity:create_role()` {{(pid=82133) enforce_call /opt/stack/keystone/keystone/common/rbac_enforcer/enforcer.py:494}}
Feb 19 15:56:34 ubuntu devstack@keystone.service[82134]: DEBUG keystone.server.flask.request_processing.req_logging [None req-8d2859d1-baf9-44de-8ed8-b867c87d3c63 None admin] SCRIPT_NAME: `/identity` {{(pid=82134) log_request_info /opt/stack/keystone/keystone/server/flask/request_processing/req_logging.py:27}}
Feb 19 15:56:34 ubuntu devstack@keystone.service[82134]: DEBUG keystone.server.flask.request_processing.req_logging [None req-8d2859d1-baf9-44de-8ed8-b867c87d3c63 None admin] PATH_INFO: `/v3/projects` {{(pid=82134) log_request_info /opt/stack/keystone/keystone/server/flask/request_processing/req_logging.py:28}}
Feb 19 15:56:34 ubuntu devstack@keystone.service[82133]: DEBUG keystone.common.rbac_enforcer.enforcer [None req-d5ef2b7a-0462-44c2-9b25-0164c797c6bb None admin] RBAC: Authorization granted {{(pid=82133) enforce_call /opt/stack/keystone/keystone/common/rbac_enforcer/enforcer.py:505}}
Feb 19 15:56:34 ubuntu devstack@keystone.service[82134]: DEBUG keystone.common.rbac_enforcer.enforcer [None req-8d2859d1-baf9-44de-8ed8-b867c87d3c63 None admin] RBAC: Authorizing `identity:create_project()` {{(pid=82134) enforce_call /opt/stack/keystone/keystone/common/rbac_enforcer/enforcer.py:494}}
Feb 19 15:56:34 ubuntu devstack@keystone.service[82134]: DEBUG keystone.common.rbac_enforcer.enforcer [None req-8d2859d1-baf9-44de-8ed8-b867c87d3c63 None admin] RBAC: Authorization granted {{(pid=82134) enforce_call /opt/stack/keystone/keystone/common/rbac_enforcer/enforcer.py:505}}
Feb 19 15:56:34 ubuntu devstack@keystone.service[82133]: DEBUG keystone.common.sql.core [None req-d5ef2b7a-0462-44c2-9b25-0164c797c6bb None admin] Conflict role: (pymysql.err.IntegrityError) (1062, "Duplicate entry 'service-<<null>>' for key 'role.ixu_role_name_domain_id'")
Feb 19 15:56:34 ubuntu devstack@keystone.service[82133]: [SQL: INSERT INTO `role` (id, name, description, extra) VALUES (%(id)s, %(name)s, %(description)s, %(extra)s)]
Feb 19 15:56:34 ubuntu devstack@keystone.service[82133]: [parameters: {'id': '519deb292f894ea59ff97070131e444e', 'name': 'service', 'description': None, 'extra': '{}'}]
Feb 19 15:56:34 ubuntu devstack@keystone.service[82133]: (Background on this error at: https://sqlalche.me/e/20/gkpj) {{(pid=82133) wrapper /opt/stack/keystone/keystone/common/sql/core.py:580}}
Feb 19 15:56:34 ubuntu devstack@keystone.service[82133]: ERROR keystone.server.flask.application [None req-d5ef2b7a-0462-44c2-9b25-0164c797c6bb None admin] Conflict occurred attempting to store role - Duplicate entry found with name service.: keystone.exception.Conflict: Conflict occurred attempting to store role - Duplicate entry found with name service.
Feb 19 15:56:34 ubuntu devstack@keystone.service[82133]: ERROR keystone.server.flask.application Traceback (most recent call last):
Feb 19 15:56:34 ubuntu devstack@keystone.service[82133]: ERROR keystone.server.flask.application   File "/opt/stack/data/venv/lib/python3.10/site-packages/sqlalchemy/engine/base.py", line 1967, in _exec_single_context
Feb 19 15:56:34 ubuntu devstack@keystone.service[82133]: ERROR keystone.server.flask.application     self.dialect.do_execute(
Feb 19 15:56:34 ubuntu devstack@keystone.service[82133]: ERROR keystone.server.flask.application   File "/opt/stack/data/venv/lib/python3.10/site-packages/sqlalchemy/engine/default.py", line 951, in do_execute
Feb 19 15:56:34 ubuntu devstack@keystone.service[82133]: ERROR keystone.server.flask.application     cursor.execute(statement, parameters)
Feb 19 15:56:34 ubuntu devstack@keystone.service[82133]: ERROR keystone.server.flask.application   File "/opt/stack/data/venv/lib/python3.10/site-packages/pymysql/cursors.py", line 153, in execute
Feb 19 15:56:34 ubuntu devstack@keystone.service[82133]: ERROR keystone.server.flask.application     result = self._query(query)
Feb 19 15:56:34 ubuntu devstack@keystone.service[82133]: ERROR keystone.server.flask.application   File "/opt/stack/data/venv/lib/python3.10/site-packages/pymysql/cursors.py", line 322, in _query
Feb 19 15:56:34 ubuntu devstack@keystone.service[82133]: ERROR keystone.server.flask.application     conn.query(q)
Feb 19 15:56:34 ubuntu devstack@keystone.service[82133]: ERROR keystone.server.flask.application   File "/opt/stack/data/venv/lib/python3.10/site-packages/pymysql/connections.py", line 575, in query
Feb 19 15:56:34 ubuntu devstack@keystone.service[82133]: ERROR keystone.server.flask.application     self._affected_rows = self._read_query_result(unbuffered=unbuffered)
Feb 19 15:56:34 ubuntu devstack@keystone.service[82133]: ERROR keystone.server.flask.application   File "/opt/stack/data/venv/lib/python3.10/site-packages/pymysql/connections.py", line 826, in _read_query_result
Feb 19 15:56:34 ubuntu devstack@keystone.service[82133]: ERROR keystone.server.flask.application     result.read()
Feb 19 15:56:34 ubuntu devstack@keystone.service[82133]: ERROR keystone.server.flask.application   File "/opt/stack/data/venv/lib/python3.10/site-packages/pymysql/connections.py", line 1203, in read
Feb 19 15:56:34 ubuntu devstack@keystone.service[82133]: ERROR keystone.server.flask.application     first_packet = self.connection._read_packet()
Feb 19 15:56:34 ubuntu devstack@keystone.service[82133]: ERROR keystone.server.flask.application   File "/opt/stack/data/venv/lib/python3.10/site-packages/pymysql/connections.py", line 782, in _read_packet
Feb 19 15:56:34 ubuntu devstack@keystone.service[82133]: ERROR keystone.server.flask.application     packet.raise_for_error()
Feb 19 15:56:34 ubuntu devstack@keystone.service[82133]: ERROR keystone.server.flask.application   File "/opt/stack/data/venv/lib/python3.10/site-packages/pymysql/protocol.py", line 219, in raise_for_error
Feb 19 15:56:34 ubuntu devstack@keystone.service[82133]: ERROR keystone.server.flask.application     err.raise_mysql_exception(self._data)
Feb 19 15:56:34 ubuntu devstack@keystone.service[82133]: ERROR keystone.server.flask.application   File "/opt/stack/data/venv/lib/python3.10/site-packages/pymysql/err.py", line 150, in raise_mysql_exception
Feb 19 15:56:34 ubuntu devstack@keystone.service[82133]: ERROR keystone.server.flask.application     raise errorclass(errno, errval)
Feb 19 15:56:34 ubuntu devstack@keystone.service[82133]: ERROR keystone.server.flask.application pymysql.err.IntegrityError: (1062, "Duplicate entry 'service-<<null>>' for key 'role.ixu_role_name_domain_id'")
Feb 19 15:56:34 ubuntu devstack@keystone.service[82133]: ERROR keystone.server.flask.application 
Feb 19 15:56:34 ubuntu devstack@keystone.service[82133]: ERROR keystone.server.flask.application The above exception was the direct cause of the following exception:
Feb 19 15:56:34 ubuntu devstack@keystone.service[82133]: ERROR keystone.server.flask.application 
Feb 19 15:56:34 ubuntu devstack@keystone.service[82133]: ERROR keystone.server.flask.application Traceback (most recent call last):
Feb 19 15:56:34 ubuntu devstack@keystone.service[82133]: ERROR keystone.server.flask.application   File "/opt/stack/keystone/keystone/common/sql/core.py", line 575, in wrapper
Feb 19 15:56:34 ubuntu devstack@keystone.service[82133]: ERROR keystone.server.flask.application     return method(*args, **kwargs)
Feb 19 15:56:34 ubuntu devstack@keystone.service[82133]: ERROR keystone.server.flask.application   File "/opt/stack/keystone/keystone/assignment/role_backends/sql.py", line 25, in create_role
Feb 19 15:56:34 ubuntu devstack@keystone.service[82133]: ERROR keystone.server.flask.application     with sql.session_for_write() as session:
Feb 19 15:56:34 ubuntu devstack@keystone.service[82133]: ERROR keystone.server.flask.application   File "/usr/lib/python3.10/contextlib.py", line 142, in __exit__
Feb 19 15:56:34 ubuntu devstack@keystone.service[82133]: ERROR keystone.server.flask.application     next(self.gen)
Feb 19 15:56:34 ubuntu devstack@keystone.service[82133]: ERROR keystone.server.flask.application   File "/opt/stack/data/venv/lib/python3.10/site-packages/oslo_db/sqlalchemy/enginefacade.py", line 1175, in _transaction_scope
Feb 19 15:56:34 ubuntu devstack@keystone.service[82133]: ERROR keystone.server.flask.application     with current._produce_block(
Feb 19 15:56:34 ubuntu devstack@keystone.service[82133]: ERROR keystone.server.flask.application   File "/usr/lib/python3.10/contextlib.py", line 142, in __exit__
Feb 19 15:56:34 ubuntu devstack@keystone.service[82133]: ERROR keystone.server.flask.application     next(self.gen)
Feb 19 15:56:34 ubuntu devstack@keystone.service[82133]: ERROR keystone.server.flask.application   File "/opt/stack/data/venv/lib/python3.10/site-packages/oslo_db/sqlalchemy/enginefacade.py", line 837, in _session
Feb 19 15:56:34 ubuntu devstack@keystone.service[82133]: ERROR keystone.server.flask.application     with excutils.save_and_reraise_exception():
Feb 19 15:56:34 ubuntu devstack@keystone.service[82133]: ERROR keystone.server.flask.application   File "/opt/stack/data/venv/lib/python3.10/site-packages/oslo_utils/excutils.py", line 256, in __exit__
Feb 19 15:56:34 ubuntu devstack@keystone.service[82133]: ERROR keystone.server.flask.application     self.force_reraise()
Feb 19 15:56:34 ubuntu devstack@keystone.service[82133]: ERROR keystone.server.flask.application   File "/opt/stack/data/venv/lib/python3.10/site-packages/oslo_utils/excutils.py", line 222, in force_reraise
Feb 19 15:56:34 ubuntu devstack@keystone.service[82133]: ERROR keystone.server.flask.application     raise self.value
Feb 19 15:56:34 ubuntu devstack@keystone.service[82133]: ERROR keystone.server.flask.application   File "/opt/stack/data/venv/lib/python3.10/site-packages/oslo_db/sqlalchemy/enginefacade.py", line 835, in _session
Feb 19 15:56:34 ubuntu devstack@keystone.service[82133]: ERROR keystone.server.flask.application     self._end_session_transaction(self.session)
Feb 19 15:56:34 ubuntu devstack@keystone.service[82133]: ERROR keystone.server.flask.application   File "/opt/stack/data/venv/lib/python3.10/site-packages/oslo_db/sqlalchemy/enginefacade.py", line 748, in _end_session_transaction
Feb 19 15:56:34 ubuntu devstack@keystone.service[82133]: ERROR keystone.server.flask.application     session.commit()
