Nov 20 18:34:39 ubuntu devstack@keystone.service[81557]: DEBUG keystone.server.flask.request_processing.req_logging [None req-d7713f7f-2d99-48a6-b82c-d428abedb19a None None] PATH_INFO: `/` {{(pid=81557) log_request_info /opt/stack/keystone/keystone/server/flask/request_processing/req_logging.py:28}}
Nov 20 18:34:39 ubuntu devstack@keystone.service[81557]: [pid: 81557|app: 0|req: 13/23] 10.201.5.82 () {54 vars in 919 bytes} [Thu Nov 20 18:34:39 2025] GET /identity => generated 270 bytes in 2 msecs (HTTP/1.1 300) 6 headers in 234 bytes (1 switches on core 0)
Nov 20 18:34:39 ubuntu devstack@keystone.service[81557]: DEBUG keystone.server.flask.request_processing.req_logging [None req-48f56bd2-7acb-4968-a626-ec0ef36dbcac None None] REQUEST_METHOD: `POST` {{(pid=81557) log_request_info /opt/stack/keystone/keystone/server/flask/request_processing/req_logging.py:26}}
Nov 20 18:34:39 ubuntu devstack@keystone.service[81557]: DEBUG keystone.server.flask.request_processing.req_logging [None req-48f56bd2-7acb-4968-a626-ec0ef36dbcac None None] SCRIPT_NAME: `/identity` {{(pid=81557) log_request_info /opt/stack/keystone/keystone/server/flask/request_processing/req_logging.py:27}}
Nov 20 18:34:39 ubuntu devstack@keystone.service[81557]: DEBUG keystone.server.flask.request_processing.req_logging [None req-48f56bd2-7acb-4968-a626-ec0ef36dbcac None None] PATH_INFO: `/v3/auth/tokens` {{(pid=81557) log_request_info /opt/stack/keystone/keystone/server/flask/request_processing/req_logging.py:28}}
Nov 20 18:34:39 ubuntu devstack@keystone.service[81557]: WARNING keystone.common.password_hashing [None req-48f56bd2-7acb-4968-a626-ec0ef36dbcac None None] Truncating password to algorithm specific maximum length 72 characters.
Nov 20 18:34:39 ubuntu devstack@keystone.service[81557]: DEBUG keystone.auth.core [None req-48f56bd2-7acb-4968-a626-ec0ef36dbcac None None] MFA Rules not processed for user `8466162a03fa4e03bde2a65cba096683`. Rule list: `[]` (Enabled: `True`). {{(pid=81557) check_auth_methods_against_rules /opt/stack/keystone/keystone/auth/core.py:476}}
Nov 20 18:34:39 ubuntu devstack@keystone.service[81557]: DEBUG keystone.common.fernet_utils [None req-48f56bd2-7acb-4968-a626-ec0ef36dbcac None None] Loaded 2 Fernet keys from /etc/keystone/fernet-keys/, but `[fernet_tokens] max_active_keys = 3`; perhaps there have not been enough key rotations to reach `max_active_keys` yet? {{(pid=81557) load_keys /opt/stack/keystone/keystone/common/fernet_utils.py:297}}
Nov 20 18:34:39 ubuntu devstack@keystone.service[81558]: [pid: 81558|app: 0|req: 11/24] 10.201.5.82 () {58 vars in 1016 bytes} [Thu Nov 20 18:34:39 2025] POST /identity/v3/auth/tokens => generated 862 bytes in 74 msecs (HTTP/1.1 201) 6 headers in 363 bytes (1 switches on core 0)
Nov 20 18:34:39 ubuntu devstack@keystone.service[81557]: [pid: 81557|app: 0|req: 14/25] 10.201.5.82 () {58 vars in 1016 bytes} [Thu Nov 20 18:34:39 2025] POST /identity/v3/auth/tokens => generated 862 bytes in 71 msecs (HTTP/1.1 201) 6 headers in 363 bytes (1 switches on core 0)
Nov 20 18:34:39 ubuntu devstack@keystone.service[81558]: DEBUG keystone.server.flask.request_processing.middleware.auth_context [None req-8e273e9f-b4fe-4f8d-9142-93cad15a2e49 None None] Authenticating user token {{(pid=81558) process_request /opt/stack/data/venv/lib/python3.10/site-packages/keystonemiddleware/auth_token/__init__.py:407}}
Nov 20 18:34:39 ubuntu devstack@keystone.service[81557]: DEBUG keystone.server.flask.request_processing.middleware.auth_context [None req-48f56bd2-7acb-4968-a626-ec0ef36dbcac None None] Authenticating user token {{(pid=81557) process_request /opt/stack/data/venv/lib/python3.10/site-packages/keystonemiddleware/auth_token/__init__.py:407}}
Nov 20 18:34:39 ubuntu devstack@keystone.service[81558]: DEBUG keystone.server.flask.request_processing.middleware.auth_context [None req-8e273e9f-b4fe-4f8d-9142-93cad15a2e49 None None] Validating token access rules against request {{(pid=81558) validate_allowed_request /opt/stack/data/venv/lib/python3.10/site-packages/keystonemiddleware/auth_token/__init__.py:545}}
Nov 20 18:34:39 ubuntu devstack@keystone.service[81557]: DEBUG keystone.server.flask.request_processing.middleware.auth_context [None req-48f56bd2-7acb-4968-a626-ec0ef36dbcac None None] Validating token access rules against request {{(pid=81557) validate_allowed_request /opt/stack/data/venv/lib/python3.10/site-packages/keystonemiddleware/auth_token/__init__.py:545}}
Nov 20 18:34:39 ubuntu devstack@keystone.service[81558]: DEBUG keystone.server.flask.request_processing.middleware.auth_context [None req-9b320a06-384e-407e-b452-3cdd3facf4b4 None admin] RBAC: auth_context: {'token': <TokenModel (audit_id=GnmuZ1vGSlSDkibLKq7rTw, audit_chain_id=['GnmuZ1vGSlSDkibLKq7rTw']) at 0x7f11eb9c6980>, 'domain_id': None, 'trust_id': None, 'trustor_id': None, 'trustee_id': None, 'domain_name': None, 'group_ids': [], 'user_id': '8466162a03fa4e03bde2a65cba096683', 'user_domain_id': 'default', 'system_scope': 'all', 'project_id': None, 'project_domain_id': None, 'roles': ['admin', 'manager', 'member', 'reader'], 'is_admin_project': True, 'service_user_id': None, 'service_user_domain_id': None, 'service_project_id': None, 'service_project_domain_id': None, 'service_roles': []} {{(pid=81558) fill_context /opt/stack/keystone/keystone/server/flask/request_processing/middleware/auth_context.py:509}}
Nov 20 18:34:39 ubuntu devstack@keystone.service[81558]: DEBUG keystone.server.flask.request_processing.req_logging [None req-9b320a06-384e-407e-b452-3cdd3facf4b4 None admin] REQUEST_METHOD: `GET` {{(pid=81558) log_request_info /opt/stack/keystone/keystone/server/flask/request_processing/req_logging.py:26}}
Nov 20 18:34:39 ubuntu devstack@keystone.service[81558]: DEBUG keystone.server.flask.request_processing.req_logging [None req-9b320a06-384e-407e-b452-3cdd3facf4b4 None admin] SCRIPT_NAME: `/identity` {{(pid=81558) log_request_info /opt/stack/keystone/keystone/server/flask/request_processing/req_logging.py:27}}
Nov 20 18:34:39 ubuntu devstack@keystone.service[81558]: DEBUG keystone.server.flask.request_processing.req_logging [None req-9b320a06-384e-407e-b452-3cdd3facf4b4 None admin] PATH_INFO: `/v3/domains/Default` {{(pid=81558) log_request_info /opt/stack/keystone/keystone/server/flask/request_processing/req_logging.py:28}}
Nov 20 18:34:39 ubuntu devstack@keystone.service[81558]: DEBUG keystone.common.rbac_enforcer.enforcer [None req-9b320a06-384e-407e-b452-3cdd3facf4b4 None admin] RBAC: Authorizing `identity:get_domain(domain_id=Default)` {{(pid=81558) enforce_call /opt/stack/keystone/keystone/common/rbac_enforcer/enforcer.py:494}}
Nov 20 18:34:39 ubuntu devstack@keystone.service[81558]: DEBUG keystone.common.rbac_enforcer.enforcer [None req-9b320a06-384e-407e-b452-3cdd3facf4b4 None admin] RBAC: Authorization granted {{(pid=81558) enforce_call /opt/stack/keystone/keystone/common/rbac_enforcer/enforcer.py:505}}
Nov 20 18:34:39 ubuntu devstack@keystone.service[81557]: DEBUG keystone.server.flask.request_processing.middleware.auth_context [None req-f2b266c9-fb3b-4bf4-808c-2672df363257 None admin] RBAC: auth_context: {'token': <TokenModel (audit_id=tve5GgILS0CNM9xV4Z1zDw, audit_chain_id=['tve5GgILS0CNM9xV4Z1zDw']) at 0x7f11ebb2ead0>, 'domain_id': None, 'trust_id': None, 'trustor_id': None, 'trustee_id': None, 'domain_name': None, 'group_ids': [], 'user_id': '8466162a03fa4e03bde2a65cba096683', 'user_domain_id': 'default', 'system_scope': 'all', 'project_id': None, 'project_domain_id': None, 'roles': ['admin', 'manager', 'member', 'reader'], 'is_admin_project': True, 'service_user_id': None, 'service_user_domain_id': None, 'service_project_id': None, 'service_project_domain_id': None, 'service_roles': []} {{(pid=81557) fill_context /opt/stack/keystone/keystone/server/flask/request_processing/middleware/auth_context.py:509}}
Nov 20 18:34:39 ubuntu devstack@keystone.service[81557]: DEBUG keystone.server.flask.request_processing.req_logging [None req-f2b266c9-fb3b-4bf4-808c-2672df363257 None admin] REQUEST_METHOD: `GET` {{(pid=81557) log_request_info /opt/stack/keystone/keystone/server/flask/request_processing/req_logging.py:26}}
Nov 20 18:34:39 ubuntu devstack@keystone.service[81558]: DEBUG keystone.server.flask.application [None req-9b320a06-384e-407e-b452-3cdd3facf4b4 None admin] Could not find domain: Default. {{(pid=81558) _handle_keystone_exception /opt/stack/keystone/keystone/server/flask/application.py:146}}
Nov 20 18:34:39 ubuntu devstack@keystone.service[81557]: DEBUG keystone.server.flask.request_processing.req_logging [None req-f2b266c9-fb3b-4bf4-808c-2672df363257 None admin] SCRIPT_NAME: `/identity` {{(pid=81557) log_request_info /opt/stack/keystone/keystone/server/flask/request_processing/req_logging.py:27}}
Nov 20 18:34:39 ubuntu devstack@keystone.service[81557]: DEBUG keystone.server.flask.request_processing.req_logging [None req-f2b266c9-fb3b-4bf4-808c-2672df363257 None admin] PATH_INFO: `/v3/roles/admin` {{(pid=81557) log_request_info /opt/stack/keystone/keystone/server/flask/request_processing/req_logging.py:28}}
Nov 20 18:34:39 ubuntu devstack@keystone.service[81558]: [pid: 81558|app: 0|req: 12/26] 10.201.5.82 () {56 vars in 1100 bytes} [Thu Nov 20 18:34:39 2025] GET /identity/v3/domains/Default => generated 87 bytes in 92 msecs (HTTP/1.1 404) 5 headers in 183 bytes (1 switches on core 0)
Nov 20 18:34:39 ubuntu devstack@keystone.service[81558]: DEBUG keystone.server.flask.request_processing.req_logging [None req-341853c8-dcff-4683-861d-2cb1f611a45e None None] REQUEST_METHOD: `GET` {{(pid=81558) log_request_info /opt/stack/keystone/keystone/server/flask/request_processing/req_logging.py:26}}
Nov 20 18:34:39 ubuntu devstack@keystone.service[81558]: DEBUG keystone.server.flask.request_processing.req_logging [None req-341853c8-dcff-4683-861d-2cb1f611a45e None None] SCRIPT_NAME: `/identity` {{(pid=81558) log_request_info /opt/stack/keystone/keystone/server/flask/request_processing/req_logging.py:27}}
Nov 20 18:34:39 ubuntu devstack@keystone.service[81558]: DEBUG keystone.server.flask.request_processing.req_logging [None req-341853c8-dcff-4683-861d-2cb1f611a45e None None] PATH_INFO: `/` {{(pid=81558) log_request_info /opt/stack/keystone/keystone/server/flask/request_processing/req_logging.py:28}}
Nov 20 18:34:39 ubuntu devstack@keystone.service[81558]: [pid: 81558|app: 0|req: 13/27] 10.201.5.82 () {54 vars in 919 bytes} [Thu Nov 20 18:34:39 2025] GET /identity => generated 270 bytes in 1 msecs (HTTP/1.1 300) 6 headers in 234 bytes (1 switches on core 0)
Nov 20 18:34:39 ubuntu devstack@keystone.service[81558]: DEBUG keystone.server.flask.request_processing.req_logging [None req-554abcdd-9368-4eb8-8396-ad49e4eb54b0 None None] REQUEST_METHOD: `GET` {{(pid=81558) log_request_info /opt/stack/keystone/keystone/server/flask/request_processing/req_logging.py:26}}
Nov 20 18:34:39 ubuntu devstack@keystone.service[81558]: DEBUG keystone.server.flask.request_processing.req_logging [None req-554abcdd-9368-4eb8-8396-ad49e4eb54b0 None None] SCRIPT_NAME: `/identity` {{(pid=81558) log_request_info /opt/stack/keystone/keystone/server/flask/request_processing/req_logging.py:27}}
Nov 20 18:34:39 ubuntu devstack@keystone.service[81558]: DEBUG keystone.server.flask.request_processing.req_logging [None req-554abcdd-9368-4eb8-8396-ad49e4eb54b0 None None] PATH_INFO: `/` {{(pid=81558) log_request_info /opt/stack/keystone/keystone/server/flask/request_processing/req_logging.py:28}}
Nov 20 18:34:39 ubuntu devstack@keystone.service[81558]: [pid: 81558|app: 0|req: 14/28] 10.201.5.82 () {54 vars in 919 bytes} [Thu Nov 20 18:34:39 2025] GET /identity => generated 270 bytes in 1 msecs (HTTP/1.1 300) 6 headers in 234 bytes (1 switches on core 0)
Nov 20 18:34:39 ubuntu devstack@keystone.service[81558]: DEBUG keystone.server.flask.request_processing.req_logging [None req-7050dca2-5d0d-4acb-b890-19c40d1670ee None None] REQUEST_METHOD: `POST` {{(pid=81558) log_request_info /opt/stack/keystone/keystone/server/flask/request_processing/req_logging.py:26}}
Nov 20 18:34:39 ubuntu devstack@keystone.service[81558]: DEBUG keystone.server.flask.request_processing.req_logging [None req-7050dca2-5d0d-4acb-b890-19c40d1670ee None None] SCRIPT_NAME: `/identity` {{(pid=81558) log_request_info /opt/stack/keystone/keystone/server/flask/request_processing/req_logging.py:27}}
Nov 20 18:34:39 ubuntu devstack@keystone.service[81558]: DEBUG keystone.server.flask.request_processing.req_logging [None req-7050dca2-5d0d-4acb-b890-19c40d1670ee None None] PATH_INFO: `/v3/auth/tokens` {{(pid=81558) log_request_info /opt/stack/keystone/keystone/server/flask/request_processing/req_logging.py:28}}
Nov 20 18:34:39 ubuntu devstack@keystone.service[81557]: DEBUG keystone.common.rbac_enforcer.enforcer [None req-f2b266c9-fb3b-4bf4-808c-2672df363257 None admin] Extracting inferred target data resulted in "NOT FOUND (404)". {{(pid=81557) enforce_call /opt/stack/keystone/keystone/common/rbac_enforcer/enforcer.py:445}}
Nov 20 18:34:39 ubuntu devstack@keystone.service[81557]: DEBUG keystone.server.flask.application [None req-f2b266c9-fb3b-4bf4-808c-2672df363257 None admin] Could not find role: admin. {{(pid=81557) _handle_keystone_exception /opt/stack/keystone/keystone/server/flask/application.py:146}}
Nov 20 18:34:39 ubuntu devstack@keystone.service[81557]: [pid: 81557|app: 0|req: 15/29] 10.201.5.82 () {56 vars in 1132 bytes} [Thu Nov 20 18:34:39 2025] GET /identity/v3/roles/admin => generated 83 bytes in 81 msecs (HTTP/1.1 404) 5 headers in 183 bytes (1 switches on core 0)
Nov 20 18:34:39 ubuntu devstack@keystone.service[81557]: DEBUG keystone.server.flask.request_processing.middleware.auth_context [None req-f2b266c9-fb3b-4bf4-808c-2672df363257 None admin] Authenticating user token {{(pid=81557) process_request /opt/stack/data/venv/lib/python3.10/site-packages/keystonemiddleware/auth_token/__init__.py:407}}
Nov 20 18:34:39 ubuntu devstack@keystone.service[81558]: WARNING keystone.common.password_hashing [None req-7050dca2-5d0d-4acb-b890-19c40d1670ee None None] Truncating password to algorithm specific maximum length 72 characters.
Nov 20 18:34:39 ubuntu devstack@keystone.service[81558]: DEBUG keystone.auth.core [None req-7050dca2-5d0d-4acb-b890-19c40d1670ee None None] MFA Rules not processed for user `8466162a03fa4e03bde2a65cba096683`. Rule list: `[]` (Enabled: `True`). {{(pid=81558) check_auth_methods_against_rules /opt/stack/keystone/keystone/auth/core.py:476}}
Nov 20 18:34:39 ubuntu devstack@keystone.service[81558]: DEBUG keystone.common.fernet_utils [None req-7050dca2-5d0d-4acb-b890-19c40d1670ee None None] Loaded 2 Fernet keys from /etc/keystone/fernet-keys/, but `[fernet_tokens] max_active_keys = 3`; perhaps there have not been enough key rotations to reach `max_active_keys` yet? {{(pid=81558) load_keys /opt/stack/keystone/keystone/common/fernet_utils.py:297}}
Nov 20 18:34:39 ubuntu devstack@keystone.service[81557]: DEBUG keystone.server.flask.request_processing.middleware.auth_context [None req-f2b266c9-fb3b-4bf4-808c-2672df363257 None admin] Validating token access rules against request {{(pid=81557) validate_allowed_request /opt/stack/data/venv/lib/python3.10/site-packages/keystonemiddleware/auth_token/__init__.py:545}}
Nov 20 18:34:39 ubuntu devstack@keystone.service[81558]: [pid: 81558|app: 0|req: 15/30] 10.201.5.82 () {58 vars in 1016 bytes} [Thu Nov 20 18:34:39 2025] POST /identity/v3/auth/tokens => generated 862 bytes in 53 msecs (HTTP/1.1 201) 6 headers in 363 bytes (2 switches on core 0)
Nov 20 18:34:39 ubuntu devstack@keystone.service[81558]: DEBUG keystone.server.flask.request_processing.req_logging [None req-a9930a0d-c4dc-4f51-87a2-3a4fdbe749db None None] REQUEST_METHOD: `POST` {{(pid=81558) log_request_info /opt/stack/keystone/keystone/server/flask/request_processing/req_logging.py:26}}
Nov 20 18:34:39 ubuntu devstack@keystone.service[81558]: DEBUG keystone.server.flask.request_processing.req_logging [None req-a9930a0d-c4dc-4f51-87a2-3a4fdbe749db None None] SCRIPT_NAME: `/identity` {{(pid=81558) log_request_info /opt/stack/keystone/keystone/server/flask/request_processing/req_logging.py:27}}
Nov 20 18:34:39 ubuntu devstack@keystone.service[81558]: DEBUG keystone.server.flask.request_processing.req_logging [None req-a9930a0d-c4dc-4f51-87a2-3a4fdbe749db None None] PATH_INFO: `/v3/auth/tokens` {{(pid=81558) log_request_info /opt/stack/keystone/keystone/server/flask/request_processing/req_logging.py:28}}
Nov 20 18:34:39 ubuntu devstack@keystone.service[81558]: WARNING keystone.common.password_hashing [None req-a9930a0d-c4dc-4f51-87a2-3a4fdbe749db None None] Truncating password to algorithm specific maximum length 72 characters.
Nov 20 18:34:39 ubuntu devstack@keystone.service[81558]: DEBUG keystone.auth.core [None req-a9930a0d-c4dc-4f51-87a2-3a4fdbe749db None None] MFA Rules not processed for user `8466162a03fa4e03bde2a65cba096683`. Rule list: `[]` (Enabled: `True`). {{(pid=81558) check_auth_methods_against_rules /opt/stack/keystone/keystone/auth/core.py:476}}
Nov 20 18:34:39 ubuntu devstack@keystone.service[81558]: DEBUG keystone.common.fernet_utils [None req-a9930a0d-c4dc-4f51-87a2-3a4fdbe749db None None] Loaded 2 Fernet keys from /etc/keystone/fernet-keys/, but `[fernet_tokens] max_active_keys = 3`; perhaps there have not been enough key rotations to reach `max_active_keys` yet? {{(pid=81558) load_keys /opt/stack/keystone/keystone/common/fernet_utils.py:297}}
Nov 20 18:34:39 ubuntu devstack@keystone.service[81557]: DEBUG keystone.server.flask.request_processing.middleware.auth_context [None req-732e2719-5f36-4566-a7e4-a90c3ea25ba1 None admin] RBAC: auth_context: {'token': <TokenModel (audit_id=GnmuZ1vGSlSDkibLKq7rTw, audit_chain_id=['GnmuZ1vGSlSDkibLKq7rTw']) at 0x7f11eb9da740>, 'domain_id': None, 'trust_id': None, 'trustor_id': None, 'trustee_id': None, 'domain_name': None, 'group_ids': [], 'user_id': '8466162a03fa4e03bde2a65cba096683', 'user_domain_id': 'default', 'system_scope': 'all', 'project_id': None, 'project_domain_id': None, 'roles': ['admin', 'manager', 'member', 'reader'], 'is_admin_project': True, 'service_user_id': None, 'service_user_domain_id': None, 'service_project_id': None, 'service_project_domain_id': None, 'service_roles': []} {{(pid=81557) fill_context /opt/stack/keystone/keystone/server/flask/request_processing/middleware/auth_context.py:509}}
Nov 20 18:34:39 ubuntu devstack@keystone.service[81557]: DEBUG keystone.server.flask.request_processing.req_logging [None req-732e2719-5f36-4566-a7e4-a90c3ea25ba1 None admin] REQUEST_METHOD: `GET` {{(pid=81557) log_request_info /opt/stack/keystone/keystone/server/flask/request_processing/req_logging.py:26}}
Nov 20 18:34:39 ubuntu devstack@keystone.service[81557]: DEBUG keystone.server.flask.request_processing.req_logging [None req-732e2719-5f36-4566-a7e4-a90c3ea25ba1 None admin] SCRIPT_NAME: `/identity` {{(pid=81557) log_request_info /opt/stack/keystone/keystone/server/flask/request_processing/req_logging.py:27}}
Nov 20 18:34:39 ubuntu devstack@keystone.service[81557]: DEBUG keystone.server.flask.request_processing.req_logging [None req-732e2719-5f36-4566-a7e4-a90c3ea25ba1 None admin] PATH_INFO: `/v3/domains` {{(pid=81557) log_request_info /opt/stack/keystone/keystone/server/flask/request_processing/req_logging.py:28}}
Nov 20 18:34:39 ubuntu devstack@keystone.service[81557]: DEBUG keystone.common.rbac_enforcer.enforcer [None req-732e2719-5f36-4566-a7e4-a90c3ea25ba1 None admin] RBAC: Adding query filter params (name=Default) {{(pid=81557) _extract_filter_values /opt/stack/keystone/keystone/common/rbac_enforcer/enforcer.py:176}}
Nov 20 18:34:39 ubuntu devstack@keystone.service[81557]: DEBUG keystone.common.rbac_enforcer.enforcer [None req-732e2719-5f36-4566-a7e4-a90c3ea25ba1 None admin] RBAC: Authorizing `identity:list_domains()` {{(pid=81557) enforce_call /opt/stack/keystone/keystone/common/rbac_enforcer/enforcer.py:494}}
Nov 20 18:34:39 ubuntu devstack@keystone.service[81557]: DEBUG keystone.common.rbac_enforcer.enforcer [None req-732e2719-5f36-4566-a7e4-a90c3ea25ba1 None admin] RBAC: Authorization granted {{(pid=81557) enforce_call /opt/stack/keystone/keystone/common/rbac_enforcer/enforcer.py:505}}
Nov 20 18:34:39 ubuntu devstack@keystone.service[81557]: [pid: 81557|app: 0|req: 16/31] 10.201.5.82 () {56 vars in 1101 bytes} [Thu Nov 20 18:34:39 2025] GET /identity/v3/domains?name=Default => generated 308 bytes in 73 msecs (HTTP/1.1 200) 5 headers in 177 bytes (1 switches on core 0)
Nov 20 18:34:39 ubuntu devstack@keystone.service[81557]: DEBUG keystone.server.flask.request_processing.middleware.auth_context [None req-732e2719-5f36-4566-a7e4-a90c3ea25ba1 None admin] Authenticating user token {{(pid=81557) process_request /opt/stack/data/venv/lib/python3.10/site-packages/keystonemiddleware/auth_token/__init__.py:407}}
Nov 20 18:34:39 ubuntu devstack@keystone.service[81558]: [pid: 81558|app: 0|req: 16/32] 10.201.5.82 () {58 vars in 1016 bytes} [Thu Nov 20 18:34:39 2025] POST /identity/v3/auth/tokens => generated 862 bytes in 48 msecs (HTTP/1.1 201) 6 headers in 363 bytes (1 switches on core 0)
Nov 20 18:34:39 ubuntu devstack@keystone.service[81558]: DEBUG keystone.server.flask.request_processing.middleware.auth_context [None req-a9930a0d-c4dc-4f51-87a2-3a4fdbe749db None None] Authenticating user token {{(pid=81558) process_request /opt/stack/data/venv/lib/python3.10/site-packages/keystonemiddleware/auth_token/__init__.py:407}}
Nov 20 18:34:40 ubuntu devstack@keystone.service[81557]: DEBUG keystone.server.flask.request_processing.middleware.auth_context [None req-732e2719-5f36-4566-a7e4-a90c3ea25ba1 None admin] Validating token access rules against request {{(pid=81557) validate_allowed_request /opt/stack/data/venv/lib/python3.10/site-packages/keystonemiddleware/auth_token/__init__.py:545}}
Nov 20 18:34:40 ubuntu devstack@keystone.service[81558]: DEBUG keystone.server.flask.request_processing.middleware.auth_context [None req-a9930a0d-c4dc-4f51-87a2-3a4fdbe749db None None] Validating token access rules against request {{(pid=81558) validate_allowed_request /opt/stack/data/venv/lib/python3.10/site-packages/keystonemiddleware/auth_token/__init__.py:545}}
Nov 20 18:34:40 ubuntu devstack@keystone.service[81557]: DEBUG keystone.server.flask.request_processing.middleware.auth_context [None req-82519c75-f12d-401e-a50a-c95052342f9d None admin] RBAC: auth_context: {'token': <TokenModel (audit_id=tve5GgILS0CNM9xV4Z1zDw, audit_chain_id=['tve5GgILS0CNM9xV4Z1zDw']) at 0x7f11eb9beef0>, 'domain_id': None, 'trust_id': None, 'trustor_id': None, 'trustee_id': None, 'domain_name': None, 'group_ids': [], 'user_id': '8466162a03fa4e03bde2a65cba096683', 'user_domain_id': 'default', 'system_scope': 'all', 'project_id': None, 'project_domain_id': None, 'roles': ['admin', 'manager', 'member', 'reader'], 'is_admin_project': True, 'service_user_id': None, 'service_user_domain_id': None, 'service_project_id': None, 'service_project_domain_id': None, 'service_roles': []} {{(pid=81557) fill_context /opt/stack/keystone/keystone/server/flask/request_processing/middleware/auth_context.py:509}}
Nov 20 18:34:40 ubuntu devstack@keystone.service[81557]: DEBUG keystone.server.flask.request_processing.req_logging [None req-82519c75-f12d-401e-a50a-c95052342f9d None admin] REQUEST_METHOD: `GET` {{(pid=81557) log_request_info /opt/stack/keystone/keystone/server/flask/request_processing/req_logging.py:26}}
Nov 20 18:34:40 ubuntu devstack@keystone.service[81557]: DEBUG keystone.server.flask.request_processing.req_logging [None req-82519c75-f12d-401e-a50a-c95052342f9d None admin] SCRIPT_NAME: `/identity` {{(pid=81557) log_request_info /opt/stack/keystone/keystone/server/flask/request_processing/req_logging.py:27}}
Nov 20 18:34:40 ubuntu devstack@keystone.service[81557]: DEBUG keystone.server.flask.request_processing.req_logging [None req-82519c75-f12d-401e-a50a-c95052342f9d None admin] PATH_INFO: `/v3/roles` {{(pid=81557) log_request_info /opt/stack/keystone/keystone/server/flask/request_processing/req_logging.py:28}}
Nov 20 18:34:40 ubuntu devstack@keystone.service[81557]: DEBUG keystone.common.rbac_enforcer.enforcer [None req-82519c75-f12d-401e-a50a-c95052342f9d None admin] RBAC: Adding query filter params (name=admin) {{(pid=81557) _extract_filter_values /opt/stack/keystone/keystone/common/rbac_enforcer/enforcer.py:176}}
Nov 20 18:34:40 ubuntu devstack@keystone.service[81557]: DEBUG keystone.common.rbac_enforcer.enforcer [None req-82519c75-f12d-401e-a50a-c95052342f9d None admin] RBAC: Authorizing `identity:list_roles()` {{(pid=81557) enforce_call /opt/stack/keystone/keystone/common/rbac_enforcer/enforcer.py:494}}
Nov 20 18:34:40 ubuntu devstack@keystone.service[81557]: DEBUG keystone.common.rbac_enforcer.enforcer [None req-82519c75-f12d-401e-a50a-c95052342f9d None admin] RBAC: Authorization granted {{(pid=81557) enforce_call /opt/stack/keystone/keystone/common/rbac_enforcer/enforcer.py:505}}
Nov 20 18:34:40 ubuntu devstack@keystone.service[81557]: [pid: 81557|app: 0|req: 17/33] 10.201.5.82 () {56 vars in 1148 bytes} [Thu Nov 20 18:34:39 2025] GET /identity/v3/roles?name=admin => generated 339 bytes in 72 msecs (HTTP/1.1 200) 5 headers in 177 bytes (1 switches on core 0)
Nov 20 18:34:40 ubuntu devstack@keystone.service[81558]: DEBUG keystone.server.flask.request_processing.middleware.auth_context [None req-1505408c-3175-4a13-a262-2cc5cfa2bc2a None admin] RBAC: auth_context: {'token': <TokenModel (audit_id=GnmuZ1vGSlSDkibLKq7rTw, audit_chain_id=['GnmuZ1vGSlSDkibLKq7rTw']) at 0x7f11ec7304f0>, 'domain_id': None, 'trust_id': None, 'trustor_id': None, 'trustee_id': None, 'domain_name': None, 'group_ids': [], 'user_id': '8466162a03fa4e03bde2a65cba096683', 'user_domain_id': 'default', 'system_scope': 'all', 'project_id': None, 'project_domain_id': None, 'roles': ['admin', 'manager', 'member', 'reader'], 'is_admin_project': True, 'service_user_id': None, 'service_user_domain_id': None, 'service_project_id': None, 'service_project_domain_id': None, 'service_roles': []} {{(pid=81558) fill_context /opt/stack/keystone/keystone/server/flask/request_processing/middleware/auth_context.py:509}}
Nov 20 18:34:40 ubuntu devstack@keystone.service[81558]: DEBUG keystone.server.flask.request_processing.req_logging [None req-1505408c-3175-4a13-a262-2cc5cfa2bc2a None admin] REQUEST_METHOD: `POST` {{(pid=81558) log_request_info /opt/stack/keystone/keystone/server/flask/request_processing/req_logging.py:26}}
Nov 20 18:34:40 ubuntu devstack@keystone.service[81558]: DEBUG keystone.server.flask.request_processing.req_logging [None req-1505408c-3175-4a13-a262-2cc5cfa2bc2a None admin] SCRIPT_NAME: `/identity` {{(pid=81558) log_request_info /opt/stack/keystone/keystone/server/flask/request_processing/req_logging.py:27}}
Nov 20 18:34:40 ubuntu devstack@keystone.service[81558]: DEBUG keystone.server.flask.request_processing.req_logging [None req-1505408c-3175-4a13-a262-2cc5cfa2bc2a None admin] PATH_INFO: `/v3/projects` {{(pid=81558) log_request_info /opt/stack/keystone/keystone/server/flask/request_processing/req_logging.py:28}}
Nov 20 18:34:40 ubuntu devstack@keystone.service[81558]: DEBUG keystone.common.rbac_enforcer.enforcer [None req-1505408c-3175-4a13-a262-2cc5cfa2bc2a None admin] RBAC: Authorizing `identity:create_project()` {{(pid=81558) enforce_call /opt/stack/keystone/keystone/common/rbac_enforcer/enforcer.py:494}}
Nov 20 18:34:40 ubuntu devstack@keystone.service[81558]: DEBUG keystone.common.rbac_enforcer.enforcer [None req-1505408c-3175-4a13-a262-2cc5cfa2bc2a None admin] RBAC: Authorization granted {{(pid=81558) enforce_call /opt/stack/keystone/keystone/common/rbac_enforcer/enforcer.py:505}}
Nov 20 18:34:40 ubuntu devstack@keystone.service[81557]: DEBUG keystone.server.flask.request_processing.middleware.auth_context [None req-82519c75-f12d-401e-a50a-c95052342f9d None admin] Authenticating user token {{(pid=81557) process_request /opt/stack/data/venv/lib/python3.10/site-packages/keystonemiddleware/auth_token/__init__.py:407}}
Nov 20 18:34:40 ubuntu devstack@keystone.service[81558]: [pid: 81558|app: 0|req: 17/34] 10.201.5.82 () {60 vars in 1133 bytes} [Thu Nov 20 18:34:39 2025] POST /identity/v3/projects => generated 301 bytes in 71 msecs (HTTP/1.1 201) 5 headers in 182 bytes (1 switches on core 0)
Nov 20 18:34:40 ubuntu devstack@keystone.service[81557]: DEBUG keystone.server.flask.request_processing.middleware.auth_context [None req-82519c75-f12d-401e-a50a-c95052342f9d None admin] Validating token access rules against request {{(pid=81557) validate_allowed_request /opt/stack/data/venv/lib/python3.10/site-packages/keystonemiddleware/auth_token/__init__.py:545}}
Nov 20 18:34:40 ubuntu devstack@keystone.service[81557]: DEBUG keystone.server.flask.request_processing.middleware.auth_context [None req-b4dffb86-ebf9-47cb-9149-e6af943d0fd2 None admin] RBAC: auth_context: {'token': <TokenModel (audit_id=tve5GgILS0CNM9xV4Z1zDw, audit_chain_id=['tve5GgILS0CNM9xV4Z1zDw']) at 0x7f11eb9da830>, 'domain_id': None, 'trust_id': None, 'trustor_id': None, 'trustee_id': None, 'domain_name': None, 'group_ids': [], 'user_id': '8466162a03fa4e03bde2a65cba096683', 'user_domain_id': 'default', 'system_scope': 'all', 'project_id': None, 'project_domain_id': None, 'roles': ['admin', 'manager', 'member', 'reader'], 'is_admin_project': True, 'service_user_id': None, 'service_user_domain_id': None, 'service_project_id': None, 'service_project_domain_id': None, 'service_roles': []} {{(pid=81557) fill_context /opt/stack/keystone/keystone/server/flask/request_processing/middleware/auth_context.py:509}}
Nov 20 18:34:40 ubuntu devstack@keystone.service[81557]: DEBUG keystone.server.flask.request_processing.req_logging [None req-b4dffb86-ebf9-47cb-9149-e6af943d0fd2 None admin] REQUEST_METHOD: `GET` {{(pid=81557) log_request_info /opt/stack/keystone/keystone/server/flask/request_processing/req_logging.py:26}}
Nov 20 18:34:40 ubuntu devstack@keystone.service[81557]: DEBUG keystone.server.flask.request_processing.req_logging [None req-b4dffb86-ebf9-47cb-9149-e6af943d0fd2 None admin] SCRIPT_NAME: `/identity` {{(pid=81557) log_request_info /opt/stack/keystone/keystone/server/flask/request_processing/req_logging.py:27}}
Nov 20 18:34:40 ubuntu devstack@keystone.service[81557]: DEBUG keystone.server.flask.request_processing.req_logging [None req-b4dffb86-ebf9-47cb-9149-e6af943d0fd2 None admin] PATH_INFO: `/v3/users/8466162a03fa4e03bde2a65cba096683` {{(pid=81557) log_request_info /opt/stack/keystone/keystone/server/flask/request_processing/req_logging.py:28}}
Nov 20 18:34:40 ubuntu devstack@keystone.service[81557]: DEBUG keystone.common.rbac_enforcer.enforcer [None req-b4dffb86-ebf9-47cb-9149-e6af943d0fd2 None admin] RBAC: Authorizing `identity:get_user(user_id=8466162a03fa4e03bde2a65cba096683)` {{(pid=81557) enforce_call /opt/stack/keystone/keystone/common/rbac_enforcer/enforcer.py:494}}
Nov 20 18:34:40 ubuntu devstack@keystone.service[81557]: DEBUG keystone.common.rbac_enforcer.enforcer [None req-b4dffb86-ebf9-47cb-9149-e6af943d0fd2 None admin] RBAC: Authorization granted {{(pid=81557) enforce_call /opt/stack/keystone/keystone/common/rbac_enforcer/enforcer.py:505}}
Nov 20 18:34:40 ubuntu devstack@keystone.service[81557]: [pid: 81557|app: 0|req: 18/35] 10.201.5.82 () {56 vars in 1213 bytes} [Thu Nov 20 18:34:40 2025] GET /identity/v3/users/8466162a03fa4e03bde2a65cba096683 => generated 247 bytes in 104 msecs (HTTP/1.1 200) 5 headers in 177 bytes (1 switches on core 0)
Nov 20 18:34:40 ubuntu devstack@keystone.service[81558]: DEBUG keystone.server.flask.request_processing.middleware.auth_context [None req-1505408c-3175-4a13-a262-2cc5cfa2bc2a None admin] Authenticating user token {{(pid=81558) process_request /opt/stack/data/venv/lib/python3.10/site-packages/keystonemiddleware/auth_token/__init__.py:407}}
Nov 20 18:34:40 ubuntu devstack@keystone.service[81557]: DEBUG keystone.server.flask.request_processing.middleware.auth_context [None req-b4dffb86-ebf9-47cb-9149-e6af943d0fd2 None admin] Authenticating user token {{(pid=81557) process_request /opt/stack/data/venv/lib/python3.10/site-packages/keystonemiddleware/auth_token/__init__.py:407}}
Nov 20 18:34:40 ubuntu devstack@keystone.service[81557]: DEBUG keystone.server.flask.request_processing.middleware.auth_context [None req-b4dffb86-ebf9-47cb-9149-e6af943d0fd2 None admin] Validating token access rules against request {{(pid=81557) validate_allowed_request /opt/stack/data/venv/lib/python3.10/site-packages/keystonemiddleware/auth_token/__init__.py:545}}
Nov 20 18:34:40 ubuntu devstack@keystone.service[81557]: DEBUG keystone.server.flask.request_processing.middleware.auth_context [None req-af7dedd4-5050-4519-aa3f-5aa35674952c None admin] RBAC: auth_context: {'token': <TokenModel (audit_id=tve5GgILS0CNM9xV4Z1zDw, audit_chain_id=['tve5GgILS0CNM9xV4Z1zDw']) at 0x7f11eb9beec0>, 'domain_id': None, 'trust_id': None, 'trustor_id': None, 'trustee_id': None, 'domain_name': None, 'group_ids': [], 'user_id': '8466162a03fa4e03bde2a65cba096683', 'user_domain_id': 'default', 'system_scope': 'all', 'project_id': None, 'project_domain_id': None, 'roles': ['admin', 'manager', 'member', 'reader'], 'is_admin_project': True, 'service_user_id': None, 'service_user_domain_id': None, 'service_project_id': None, 'service_project_domain_id': None, 'service_roles': []} {{(pid=81557) fill_context /opt/stack/keystone/keystone/server/flask/request_processing/middleware/auth_context.py:509}}
Nov 20 18:34:40 ubuntu devstack@keystone.service[81557]: DEBUG keystone.server.flask.request_processing.req_logging [None req-af7dedd4-5050-4519-aa3f-5aa35674952c None admin] REQUEST_METHOD: `GET` {{(pid=81557) log_request_info /opt/stack/keystone/keystone/server/flask/request_processing/req_logging.py:26}}
Nov 20 18:34:40 ubuntu devstack@keystone.service[81557]: DEBUG keystone.server.flask.request_processing.req_logging [None req-af7dedd4-5050-4519-aa3f-5aa35674952c None admin] SCRIPT_NAME: `/identity` {{(pid=81557) log_request_info /opt/stack/keystone/keystone/server/flask/request_processing/req_logging.py:27}}
Nov 20 18:34:40 ubuntu devstack@keystone.service[81557]: DEBUG keystone.server.flask.request_processing.req_logging [None req-af7dedd4-5050-4519-aa3f-5aa35674952c None admin] PATH_INFO: `/v3/domains/default` {{(pid=81557) log_request_info /opt/stack/keystone/keystone/server/flask/request_processing/req_logging.py:28}}
Nov 20 18:34:40 ubuntu devstack@keystone.service[81557]: DEBUG keystone.common.rbac_enforcer.enforcer [None req-af7dedd4-5050-4519-aa3f-5aa35674952c None admin] RBAC: Authorizing `identity:get_domain(domain_id=default)` {{(pid=81557) enforce_call /opt/stack/keystone/keystone/common/rbac_enforcer/enforcer.py:494}}
Nov 20 18:34:40 ubuntu devstack@keystone.service[81557]: DEBUG keystone.common.rbac_enforcer.enforcer [None req-af7dedd4-5050-4519-aa3f-5aa35674952c None admin] RBAC: Authorization granted {{(pid=81557) enforce_call /opt/stack/keystone/keystone/common/rbac_enforcer/enforcer.py:505}}
Nov 20 18:34:40 ubuntu devstack@keystone.service[81557]: [pid: 81557|app: 0|req: 19/36] 10.201.5.82 () {56 vars in 1144 bytes} [Thu Nov 20 18:34:40 2025] GET /identity/v3/domains/default => generated 199 bytes in 58 msecs (HTTP/1.1 200) 5 headers in 177 bytes (1 switches on core 0)
Nov 20 18:34:40 ubuntu devstack@keystone.service[81557]: DEBUG keystone.server.flask.request_processing.middleware.auth_context [None req-af7dedd4-5050-4519-aa3f-5aa35674952c None admin] Authenticating user token {{(pid=81557) process_request /opt/stack/data/venv/lib/python3.10/site-packages/keystonemiddleware/auth_token/__init__.py:407}}
Nov 20 18:34:40 ubuntu devstack@keystone.service[81558]: DEBUG keystone.server.flask.request_processing.middleware.auth_context [None req-1505408c-3175-4a13-a262-2cc5cfa2bc2a None admin] Validating token access rules against request {{(pid=81558) validate_allowed_request /opt/stack/data/venv/lib/python3.10/site-packages/keystonemiddleware/auth_token/__init__.py:545}}
Nov 20 18:34:40 ubuntu devstack@keystone.service[81557]: DEBUG keystone.server.flask.request_processing.middleware.auth_context [None req-af7dedd4-5050-4519-aa3f-5aa35674952c None admin] Validating token access rules against request {{(pid=81557) validate_allowed_request /opt/stack/data/venv/lib/python3.10/site-packages/keystonemiddleware/auth_token/__init__.py:545}}
Nov 20 18:34:40 ubuntu devstack@keystone.service[81557]: DEBUG keystone.server.flask.request_processing.middleware.auth_context [None req-0d0c4c35-5ea9-470c-8d92-18532c0fa25f None admin] RBAC: auth_context: {'token': <TokenModel (audit_id=wZjJb45ARO65LEQvWhiyrA, audit_chain_id=['wZjJb45ARO65LEQvWhiyrA']) at 0x7f11eb9bdba0>, 'domain_id': None, 'trust_id': None, 'trustor_id': None, 'trustee_id': None, 'domain_name': None, 'group_ids': [], 'user_id': '8466162a03fa4e03bde2a65cba096683', 'user_domain_id': 'default', 'system_scope': 'all', 'project_id': None, 'project_domain_id': None, 'roles': ['admin', 'manager', 'member', 'reader'], 'is_admin_project': True, 'service_user_id': None, 'service_user_domain_id': None, 'service_project_id': None, 'service_project_domain_id': None, 'service_roles': []} {{(pid=81557) fill_context /opt/stack/keystone/keystone/server/flask/request_processing/middleware/auth_context.py:509}}
Nov 20 18:34:40 ubuntu devstack@keystone.service[81557]: DEBUG keystone.server.flask.request_processing.req_logging [None req-0d0c4c35-5ea9-470c-8d92-18532c0fa25f None admin] REQUEST_METHOD: `POST` {{(pid=81557) log_request_info /opt/stack/keystone/keystone/server/flask/request_processing/req_logging.py:26}}
Nov 20 18:34:40 ubuntu devstack@keystone.service[81557]: DEBUG keystone.server.flask.request_processing.req_logging [None req-0d0c4c35-5ea9-470c-8d92-18532c0fa25f None admin] SCRIPT_NAME: `/identity` {{(pid=81557) log_request_info /opt/stack/keystone/keystone/server/flask/request_processing/req_logging.py:27}}
Nov 20 18:34:40 ubuntu devstack@keystone.service[81557]: DEBUG keystone.server.flask.request_processing.req_logging [None req-0d0c4c35-5ea9-470c-8d92-18532c0fa25f None admin] PATH_INFO: `/v3/roles` {{(pid=81557) log_request_info /opt/stack/keystone/keystone/server/flask/request_processing/req_logging.py:28}}
Nov 20 18:34:40 ubuntu devstack@keystone.service[81557]: DEBUG keystone.common.rbac_enforcer.enforcer [None req-0d0c4c35-5ea9-470c-8d92-18532c0fa25f None admin] RBAC: Authorizing `identity:create_role()` {{(pid=81557) enforce_call /opt/stack/keystone/keystone/common/rbac_enforcer/enforcer.py:494}}
Nov 20 18:34:40 ubuntu devstack@keystone.service[81557]: DEBUG keystone.common.rbac_enforcer.enforcer [None req-0d0c4c35-5ea9-470c-8d92-18532c0fa25f None admin] RBAC: Authorization granted {{(pid=81557) enforce_call /opt/stack/keystone/keystone/common/rbac_enforcer/enforcer.py:505}}
Nov 20 18:34:40 ubuntu devstack@keystone.service[81558]: DEBUG keystone.server.flask.request_processing.middleware.auth_context [None req-722cfd0a-631b-4781-bccd-c0306657c412 None admin] RBAC: auth_context: {'token': <TokenModel (audit_id=XhYRCe-iTQarhRa-zDgAbw, audit_chain_id=['XhYRCe-iTQarhRa-zDgAbw']) at 0x7f11eb9c7d90>, 'domain_id': None, 'trust_id': None, 'trustor_id': None, 'trustee_id': None, 'domain_name': None, 'group_ids': [], 'user_id': '8466162a03fa4e03bde2a65cba096683', 'user_domain_id': 'default', 'system_scope': 'all', 'project_id': None, 'project_domain_id': None, 'roles': ['admin', 'manager', 'member', 'reader'], 'is_admin_project': True, 'service_user_id': None, 'service_user_domain_id': None, 'service_project_id': None, 'service_project_domain_id': None, 'service_roles': []} {{(pid=81558) fill_context /opt/stack/keystone/keystone/server/flask/request_processing/middleware/auth_context.py:509}}
Nov 20 18:34:40 ubuntu devstack@keystone.service[81558]: DEBUG keystone.server.flask.request_processing.req_logging [None req-722cfd0a-631b-4781-bccd-c0306657c412 None admin] REQUEST_METHOD: `POST` {{(pid=81558) log_request_info /opt/stack/keystone/keystone/server/flask/request_processing/req_logging.py:26}}
Nov 20 18:34:40 ubuntu devstack@keystone.service[81558]: DEBUG keystone.server.flask.request_processing.req_logging [None req-722cfd0a-631b-4781-bccd-c0306657c412 None admin] SCRIPT_NAME: `/identity` {{(pid=81558) log_request_info /opt/stack/keystone/keystone/server/flask/request_processing/req_logging.py:27}}
Nov 20 18:34:40 ubuntu devstack@keystone.service[81558]: DEBUG keystone.server.flask.request_processing.req_logging [None req-722cfd0a-631b-4781-bccd-c0306657c412 None admin] PATH_INFO: `/v3/roles` {{(pid=81558) log_request_info /opt/stack/keystone/keystone/server/flask/request_processing/req_logging.py:28}}
Nov 20 18:34:40 ubuntu devstack@keystone.service[81558]: DEBUG keystone.common.rbac_enforcer.enforcer [None req-722cfd0a-631b-4781-bccd-c0306657c412 None admin] RBAC: Authorizing `identity:create_role()` {{(pid=81558) enforce_call /opt/stack/keystone/keystone/common/rbac_enforcer/enforcer.py:494}}
Nov 20 18:34:40 ubuntu devstack@keystone.service[81558]: DEBUG keystone.common.rbac_enforcer.enforcer [None req-722cfd0a-631b-4781-bccd-c0306657c412 None admin] RBAC: Authorization granted {{(pid=81558) enforce_call /opt/stack/keystone/keystone/common/rbac_enforcer/enforcer.py:505}}
Nov 20 18:34:40 ubuntu devstack@keystone.service[81558]: DEBUG keystone.common.sql.core [None req-722cfd0a-631b-4781-bccd-c0306657c412 None admin] Conflict role: (pymysql.err.IntegrityError) (1062, "Duplicate entry 'service-<<null>>' for key 'role.ixu_role_name_domain_id'")
Nov 20 18:34:40 ubuntu devstack@keystone.service[81558]: [SQL: INSERT INTO `role` (id, name, description, extra) VALUES (%(id)s, %(name)s, %(description)s, %(extra)s)]
Nov 20 18:34:40 ubuntu devstack@keystone.service[81558]: [parameters: {'id': '69329b261b4f447ea6df772e0af643a1', 'name': 'service', 'description': None, 'extra': '{}'}]
Nov 20 18:34:40 ubuntu devstack@keystone.service[81558]: (Background on this error at: https://sqlalche.me/e/20/gkpj) {{(pid=81558) wrapper /opt/stack/keystone/keystone/common/sql/core.py:580}}
Nov 20 18:34:40 ubuntu devstack@keystone.service[81558]: ERROR keystone.server.flask.application [None req-722cfd0a-631b-4781-bccd-c0306657c412 None admin] Conflict occurred attempting to store role - Duplicate entry found with name service.: keystone.exception.Conflict: Conflict occurred attempting to store role - Duplicate entry found with name service.
Nov 20 18:34:40 ubuntu devstack@keystone.service[81558]: ERROR keystone.server.flask.application Traceback (most recent call last):
Nov 20 18:34:40 ubuntu devstack@keystone.service[81558]: ERROR keystone.server.flask.application   File "/opt/stack/data/venv/lib/python3.10/site-packages/sqlalchemy/engine/base.py", line 1967, in _exec_single_context
Nov 20 18:34:40 ubuntu devstack@keystone.service[81558]: ERROR keystone.server.flask.application     self.dialect.do_execute(
Nov 20 18:34:40 ubuntu devstack@keystone.service[81558]: ERROR keystone.server.flask.application   File "/opt/stack/data/venv/lib/python3.10/site-packages/sqlalchemy/engine/default.py", line 951, in do_execute
Nov 20 18:34:40 ubuntu devstack@keystone.service[81558]: ERROR keystone.server.flask.application     cursor.execute(statement, parameters)
Nov 20 18:34:40 ubuntu devstack@keystone.service[81558]: ERROR keystone.server.flask.application   File "/opt/stack/data/venv/lib/python3.10/site-packages/pymysql/cursors.py", line 153, in execute
Nov 20 18:34:40 ubuntu devstack@keystone.service[81558]: ERROR keystone.server.flask.application     result = self._query(query)
Nov 20 18:34:40 ubuntu devstack@keystone.service[81558]: ERROR keystone.server.flask.application   File "/opt/stack/data/venv/lib/python3.10/site-packages/pymysql/cursors.py", line 322, in _query
Nov 20 18:34:40 ubuntu devstack@keystone.service[81558]: ERROR keystone.server.flask.application     conn.query(q)
Nov 20 18:34:40 ubuntu devstack@keystone.service[81558]: ERROR keystone.server.flask.application   File "/opt/stack/data/venv/lib/python3.10/site-packages/pymysql/connections.py", line 575, in query
Nov 20 18:34:40 ubuntu devstack@keystone.service[81558]: ERROR keystone.server.flask.application     self._affected_rows = self._read_query_result(unbuffered=unbuffered)
Nov 20 18:34:40 ubuntu devstack@keystone.service[81558]: ERROR keystone.server.flask.application   File "/opt/stack/data/venv/lib/python3.10/site-packages/pymysql/connections.py", line 826, in _read_query_result
Nov 20 18:34:40 ubuntu devstack@keystone.service[81558]: ERROR keystone.server.flask.application     result.read()
Nov 20 18:34:40 ubuntu devstack@keystone.service[81558]: ERROR keystone.server.flask.application   File "/opt/stack/data/venv/lib/python3.10/site-packages/pymysql/connections.py", line 1203, in read
Nov 20 18:34:40 ubuntu devstack@keystone.service[81558]: ERROR keystone.server.flask.application     first_packet = self.connection._read_packet()
Nov 20 18:34:40 ubuntu devstack@keystone.service[81558]: ERROR keystone.server.flask.application   File "/opt/stack/data/venv/lib/python3.10/site-packages/pymysql/connections.py", line 782, in _read_packet
Nov 20 18:34:40 ubuntu devstack@keystone.service[81558]: ERROR keystone.server.flask.application     packet.raise_for_error()
Nov 20 18:34:40 ubuntu devstack@keystone.service[81558]: ERROR keystone.server.flask.application   File "/opt/stack/data/venv/lib/python3.10/site-packages/pymysql/protocol.py", line 219, in raise_for_error
Nov 20 18:34:40 ubuntu devstack@keystone.service[81558]: ERROR keystone.server.flask.application     err.raise_mysql_exception(self._data)
Nov 20 18:34:40 ubuntu devstack@keystone.service[81558]: ERROR keystone.server.flask.application   File "/opt/stack/data/venv/lib/python3.10/site-packages/pymysql/err.py", line 150, in raise_mysql_exception
Nov 20 18:34:40 ubuntu devstack@keystone.service[81558]: ERROR keystone.server.flask.application     raise errorclass(errno, errval)
Nov 20 18:34:40 ubuntu devstack@keystone.service[81558]: ERROR keystone.server.flask.application pymysql.err.IntegrityError: (1062, "Duplicate entry 'service-<<null>>' for key 'role.ixu_role_name_domain_id'")
Nov 20 18:34:40 ubuntu devstack@keystone.service[81558]: ERROR keystone.server.flask.application 
Nov 20 18:34:40 ubuntu devstack@keystone.service[81558]: ERROR keystone.server.flask.application The above exception was the direct cause of the following exception:
Nov 20 18:34:40 ubuntu devstack@keystone.service[81558]: ERROR keystone.server.flask.application 
Nov 20 18:34:40 ubuntu devstack@keystone.service[81558]: ERROR keystone.server.flask.application Traceback (most recent call last):
Nov 20 18:34:40 ubuntu devstack@keystone.service[81558]: ERROR keystone.server.flask.application   File "/opt/stack/keystone/keystone/common/sql/core.py", line 575, in wrapper
Nov 20 18:34:40 ubuntu devstack@keystone.service[81558]: ERROR keystone.server.flask.application     return method(*args, **kwargs)
Nov 20 18:34:40 ubuntu devstack@keystone.service[81558]: ERROR keystone.server.flask.application   File "/opt/stack/keystone/keystone/assignment/role_backends/sql.py", line 25, in create_role
Nov 20 18:34:40 ubuntu devstack@keystone.service[81558]: ERROR keystone.server.flask.application     with sql.session_for_write() as session:
Nov 20 18:34:40 ubuntu devstack@keystone.service[81558]: ERROR keystone.server.flask.application   File "/usr/lib/python3.10/contextlib.py", line 142, in __exit__
Nov 20 18:34:40 ubuntu devstack@keystone.service[81558]: ERROR keystone.server.flask.application     next(self.gen)
Nov 20 18:34:40 ubuntu devstack@keystone.service[81558]: ERROR keystone.server.flask.application   File "/opt/stack/data/venv/lib/python3.10/site-packages/oslo_db/sqlalchemy/enginefacade.py", line 1199, in _transaction_scope
Nov 20 18:34:40 ubuntu devstack@keystone.service[81558]: ERROR keystone.server.flask.application     with current._produce_block(
Nov 20 18:34:40 ubuntu devstack@keystone.service[81558]: ERROR keystone.server.flask.application   File "/usr/lib/python3.10/contextlib.py", line 142, in __exit__
Nov 20 18:34:40 ubuntu devstack@keystone.service[81558]: ERROR keystone.server.flask.application     next(self.gen)
Nov 20 18:34:40 ubuntu devstack@keystone.service[81558]: ERROR keystone.server.flask.application   File "/opt/stack/data/venv/lib/python3.10/site-packages/oslo_db/sqlalchemy/enginefacade.py", line 850, in _session
Nov 20 18:34:40 ubuntu devstack@keystone.service[81558]: ERROR keystone.server.flask.application     with excutils.save_and_reraise_exception():
Nov 20 18:34:40 ubuntu devstack@keystone.service[81558]: ERROR keystone.server.flask.application   File "/opt/stack/data/venv/lib/python3.10/site-packages/oslo_utils/excutils.py", line 227, in __exit__
Nov 20 18:34:40 ubuntu devstack@keystone.service[81558]: ERROR keystone.server.flask.application     self.force_reraise()
Nov 20 18:34:40 ubuntu devstack@keystone.service[81558]: ERROR keystone.server.flask.application   File "/opt/stack/data/venv/lib/python3.10/site-packages/oslo_utils/excutils.py", line 200, in force_reraise
Nov 20 18:34:40 ubuntu devstack@keystone.service[81558]: ERROR keystone.server.flask.application     raise self.value
Nov 20 18:34:40 ubuntu devstack@keystone.service[81558]: ERROR keystone.server.flask.application   File "/opt/stack/data/venv/lib/python3.10/site-packages/oslo_db/sqlalchemy/enginefacade.py", line 848, in _session
Nov 20 18:34:40 ubuntu devstack@keystone.service[81558]: ERROR keystone.server.flask.application     self._end_session_transaction(self.session)
Nov 20 18:34:40 ubuntu devstack@keystone.service[81558]: ERROR keystone.server.flask.application   File "/opt/stack/data/venv/lib/python3.10/site-packages/oslo_db/sqlalchemy/enginefacade.py", line 761, in _end_session_transaction
Nov 20 18:34:40 ubuntu devstack@keystone.service[81558]: ERROR keystone.server.flask.application     session.commit()
