Jan 23 11:53:32 ubuntu devstack@keystone.service[81308]: DEBUG keystone.server.flask.request_processing.middleware.auth_context [None req-0104c4e3-6360-4cde-a3bb-2c19a26c1fca None None] Validating token access rules against request {{(pid=81308) validate_allowed_request /opt/stack/data/venv/lib/python3.10/site-packages/keystonemiddleware/auth_token/__init__.py:545}}
Jan 23 11:53:32 ubuntu devstack@keystone.service[81308]: DEBUG keystone.server.flask.request_processing.middleware.auth_context [None req-025d3d61-1501-41b6-a5ff-4ce98b0ea174 None admin] RBAC: auth_context: {'token': <TokenModel (audit_id=LKMzTEigTWqZ1G1Q_4FwhQ, audit_chain_id=['LKMzTEigTWqZ1G1Q_4FwhQ']) at 0x7f0784f60550>, 'domain_id': None, 'trust_id': None, 'trustor_id': None, 'trustee_id': None, 'domain_name': None, 'group_ids': [], 'user_id': '5d01ac330f964e8e935816c1653ba88d', 'user_domain_id': 'default', 'system_scope': 'all', 'project_id': None, 'project_domain_id': None, 'roles': ['admin', 'manager', 'member', 'reader'], 'is_admin_project': True, 'service_user_id': None, 'service_user_domain_id': None, 'service_project_id': None, 'service_project_domain_id': None, 'service_roles': []} {{(pid=81308) fill_context /opt/stack/keystone/keystone/server/flask/request_processing/middleware/auth_context.py:509}}
Jan 23 11:53:32 ubuntu devstack@keystone.service[81308]: DEBUG keystone.server.flask.request_processing.req_logging [None req-025d3d61-1501-41b6-a5ff-4ce98b0ea174 None admin] REQUEST_METHOD: `GET` {{(pid=81308) log_request_info /opt/stack/keystone/keystone/server/flask/request_processing/req_logging.py:26}}
Jan 23 11:53:32 ubuntu devstack@keystone.service[81308]: DEBUG keystone.server.flask.request_processing.req_logging [None req-025d3d61-1501-41b6-a5ff-4ce98b0ea174 None admin] SCRIPT_NAME: `/identity` {{(pid=81308) log_request_info /opt/stack/keystone/keystone/server/flask/request_processing/req_logging.py:27}}
Jan 23 11:53:32 ubuntu devstack@keystone.service[81308]: DEBUG keystone.server.flask.request_processing.req_logging [None req-025d3d61-1501-41b6-a5ff-4ce98b0ea174 None admin] PATH_INFO: `/v3/roles/admin` {{(pid=81308) log_request_info /opt/stack/keystone/keystone/server/flask/request_processing/req_logging.py:28}}
Jan 23 11:53:32 ubuntu devstack@keystone.service[81308]: DEBUG keystone.common.rbac_enforcer.enforcer [None req-025d3d61-1501-41b6-a5ff-4ce98b0ea174 None admin] Extracting inferred target data resulted in "NOT FOUND (404)". {{(pid=81308) enforce_call /opt/stack/keystone/keystone/common/rbac_enforcer/enforcer.py:445}}
Jan 23 11:53:32 ubuntu devstack@keystone.service[81308]: DEBUG keystone.server.flask.application [None req-025d3d61-1501-41b6-a5ff-4ce98b0ea174 None admin] Could not find role: admin. {{(pid=81308) _handle_keystone_exception /opt/stack/keystone/keystone/server/flask/application.py:146}}
Jan 23 11:53:32 ubuntu devstack@keystone.service[81308]: [pid: 81308|app: 0|req: 11/24] 10.201.5.82 () {56 vars in 1132 bytes} [Fri Jan 23 11:53:32 2026] GET /identity/v3/roles/admin => generated 83 bytes in 66 msecs (HTTP/1.1 404) 5 headers in 183 bytes (1 switches on core 0)
Jan 23 11:53:32 ubuntu devstack@keystone.service[81307]: DEBUG keystone.server.flask.request_processing.middleware.auth_context [None req-527973f8-7c22-427d-802b-d786197260f7 None None] Authenticating user token {{(pid=81307) process_request /opt/stack/data/venv/lib/python3.10/site-packages/keystonemiddleware/auth_token/__init__.py:407}}
Jan 23 11:53:32 ubuntu devstack@keystone.service[81307]: DEBUG keystone.server.flask.request_processing.middleware.auth_context [None req-527973f8-7c22-427d-802b-d786197260f7 None None] Validating token access rules against request {{(pid=81307) validate_allowed_request /opt/stack/data/venv/lib/python3.10/site-packages/keystonemiddleware/auth_token/__init__.py:545}}
Jan 23 11:53:32 ubuntu devstack@keystone.service[81307]: DEBUG keystone.server.flask.request_processing.middleware.auth_context [None req-2de3162c-96fe-44ca-8c9f-ac909e6e3c14 None admin] RBAC: auth_context: {'token': <TokenModel (audit_id=LKMzTEigTWqZ1G1Q_4FwhQ, audit_chain_id=['LKMzTEigTWqZ1G1Q_4FwhQ']) at 0x7f0784fe5f60>, 'domain_id': None, 'trust_id': None, 'trustor_id': None, 'trustee_id': None, 'domain_name': None, 'group_ids': [], 'user_id': '5d01ac330f964e8e935816c1653ba88d', 'user_domain_id': 'default', 'system_scope': 'all', 'project_id': None, 'project_domain_id': None, 'roles': ['admin', 'manager', 'member', 'reader'], 'is_admin_project': True, 'service_user_id': None, 'service_user_domain_id': None, 'service_project_id': None, 'service_project_domain_id': None, 'service_roles': []} {{(pid=81307) fill_context /opt/stack/keystone/keystone/server/flask/request_processing/middleware/auth_context.py:509}}
Jan 23 11:53:32 ubuntu devstack@keystone.service[81307]: DEBUG keystone.server.flask.request_processing.req_logging [None req-2de3162c-96fe-44ca-8c9f-ac909e6e3c14 None admin] REQUEST_METHOD: `GET` {{(pid=81307) log_request_info /opt/stack/keystone/keystone/server/flask/request_processing/req_logging.py:26}}
Jan 23 11:53:32 ubuntu devstack@keystone.service[81307]: DEBUG keystone.server.flask.request_processing.req_logging [None req-2de3162c-96fe-44ca-8c9f-ac909e6e3c14 None admin] SCRIPT_NAME: `/identity` {{(pid=81307) log_request_info /opt/stack/keystone/keystone/server/flask/request_processing/req_logging.py:27}}
Jan 23 11:53:32 ubuntu devstack@keystone.service[81307]: DEBUG keystone.server.flask.request_processing.req_logging [None req-2de3162c-96fe-44ca-8c9f-ac909e6e3c14 None admin] PATH_INFO: `/v3/roles` {{(pid=81307) log_request_info /opt/stack/keystone/keystone/server/flask/request_processing/req_logging.py:28}}
Jan 23 11:53:32 ubuntu devstack@keystone.service[81307]: DEBUG keystone.common.rbac_enforcer.enforcer [None req-2de3162c-96fe-44ca-8c9f-ac909e6e3c14 None admin] RBAC: Adding query filter params (name=admin) {{(pid=81307) _extract_filter_values /opt/stack/keystone/keystone/common/rbac_enforcer/enforcer.py:176}}
Jan 23 11:53:32 ubuntu devstack@keystone.service[81307]: DEBUG keystone.common.rbac_enforcer.enforcer [None req-2de3162c-96fe-44ca-8c9f-ac909e6e3c14 None admin] RBAC: Authorizing `identity:list_roles()` {{(pid=81307) enforce_call /opt/stack/keystone/keystone/common/rbac_enforcer/enforcer.py:494}}
Jan 23 11:53:32 ubuntu devstack@keystone.service[81307]: DEBUG keystone.common.rbac_enforcer.enforcer [None req-2de3162c-96fe-44ca-8c9f-ac909e6e3c14 None admin] RBAC: Authorization granted {{(pid=81307) enforce_call /opt/stack/keystone/keystone/common/rbac_enforcer/enforcer.py:505}}
Jan 23 11:53:32 ubuntu devstack@keystone.service[81307]: [pid: 81307|app: 0|req: 14/25] 10.201.5.82 () {56 vars in 1148 bytes} [Fri Jan 23 11:53:32 2026] GET /identity/v3/roles?name=admin => generated 339 bytes in 79 msecs (HTTP/1.1 200) 5 headers in 177 bytes (1 switches on core 0)
Jan 23 11:53:32 ubuntu devstack@keystone.service[81308]: DEBUG keystone.server.flask.request_processing.middleware.auth_context [None req-025d3d61-1501-41b6-a5ff-4ce98b0ea174 None admin] Authenticating user token {{(pid=81308) process_request /opt/stack/data/venv/lib/python3.10/site-packages/keystonemiddleware/auth_token/__init__.py:407}}
Jan 23 11:53:32 ubuntu devstack@keystone.service[81308]: DEBUG keystone.server.flask.request_processing.middleware.auth_context [None req-025d3d61-1501-41b6-a5ff-4ce98b0ea174 None admin] Validating token access rules against request {{(pid=81308) validate_allowed_request /opt/stack/data/venv/lib/python3.10/site-packages/keystonemiddleware/auth_token/__init__.py:545}}
Jan 23 11:53:32 ubuntu devstack@keystone.service[81308]: DEBUG keystone.server.flask.request_processing.middleware.auth_context [None req-7c4f1215-0816-4c01-963f-8d903e15e85f None admin] RBAC: auth_context: {'token': <TokenModel (audit_id=LKMzTEigTWqZ1G1Q_4FwhQ, audit_chain_id=['LKMzTEigTWqZ1G1Q_4FwhQ']) at 0x7f078524d1b0>, 'domain_id': None, 'trust_id': None, 'trustor_id': None, 'trustee_id': None, 'domain_name': None, 'group_ids': [], 'user_id': '5d01ac330f964e8e935816c1653ba88d', 'user_domain_id': 'default', 'system_scope': 'all', 'project_id': None, 'project_domain_id': None, 'roles': ['admin', 'manager', 'member', 'reader'], 'is_admin_project': True, 'service_user_id': None, 'service_user_domain_id': None, 'service_project_id': None, 'service_project_domain_id': None, 'service_roles': []} {{(pid=81308) fill_context /opt/stack/keystone/keystone/server/flask/request_processing/middleware/auth_context.py:509}}
Jan 23 11:53:32 ubuntu devstack@keystone.service[81308]: DEBUG keystone.server.flask.request_processing.req_logging [None req-7c4f1215-0816-4c01-963f-8d903e15e85f None admin] REQUEST_METHOD: `GET` {{(pid=81308) log_request_info /opt/stack/keystone/keystone/server/flask/request_processing/req_logging.py:26}}
Jan 23 11:53:32 ubuntu devstack@keystone.service[81308]: DEBUG keystone.server.flask.request_processing.req_logging [None req-7c4f1215-0816-4c01-963f-8d903e15e85f None admin] SCRIPT_NAME: `/identity` {{(pid=81308) log_request_info /opt/stack/keystone/keystone/server/flask/request_processing/req_logging.py:27}}
Jan 23 11:53:32 ubuntu devstack@keystone.service[81308]: DEBUG keystone.server.flask.request_processing.req_logging [None req-7c4f1215-0816-4c01-963f-8d903e15e85f None admin] PATH_INFO: `/v3/users/5d01ac330f964e8e935816c1653ba88d` {{(pid=81308) log_request_info /opt/stack/keystone/keystone/server/flask/request_processing/req_logging.py:28}}
Jan 23 11:53:32 ubuntu devstack@keystone.service[81308]: DEBUG keystone.common.rbac_enforcer.enforcer [None req-7c4f1215-0816-4c01-963f-8d903e15e85f None admin] RBAC: Authorizing `identity:get_user(user_id=5d01ac330f964e8e935816c1653ba88d)` {{(pid=81308) enforce_call /opt/stack/keystone/keystone/common/rbac_enforcer/enforcer.py:494}}
Jan 23 11:53:32 ubuntu devstack@keystone.service[81308]: DEBUG keystone.common.rbac_enforcer.enforcer [None req-7c4f1215-0816-4c01-963f-8d903e15e85f None admin] RBAC: Authorization granted {{(pid=81308) enforce_call /opt/stack/keystone/keystone/common/rbac_enforcer/enforcer.py:505}}
Jan 23 11:53:32 ubuntu devstack@keystone.service[81308]: [pid: 81308|app: 0|req: 12/26] 10.201.5.82 () {56 vars in 1213 bytes} [Fri Jan 23 11:53:32 2026] GET /identity/v3/users/5d01ac330f964e8e935816c1653ba88d => generated 247 bytes in 70 msecs (HTTP/1.1 200) 5 headers in 177 bytes (1 switches on core 0)
Jan 23 11:53:32 ubuntu devstack@keystone.service[81307]: DEBUG keystone.server.flask.request_processing.middleware.auth_context [None req-2de3162c-96fe-44ca-8c9f-ac909e6e3c14 None admin] Authenticating user token {{(pid=81307) process_request /opt/stack/data/venv/lib/python3.10/site-packages/keystonemiddleware/auth_token/__init__.py:407}}
Jan 23 11:53:32 ubuntu devstack@keystone.service[81307]: DEBUG keystone.server.flask.request_processing.middleware.auth_context [None req-2de3162c-96fe-44ca-8c9f-ac909e6e3c14 None admin] Validating token access rules against request {{(pid=81307) validate_allowed_request /opt/stack/data/venv/lib/python3.10/site-packages/keystonemiddleware/auth_token/__init__.py:545}}
Jan 23 11:53:32 ubuntu devstack@keystone.service[81307]: DEBUG keystone.server.flask.request_processing.middleware.auth_context [None req-5cd77995-130d-4765-8992-5d12cc324e19 None admin] RBAC: auth_context: {'token': <TokenModel (audit_id=LKMzTEigTWqZ1G1Q_4FwhQ, audit_chain_id=['LKMzTEigTWqZ1G1Q_4FwhQ']) at 0x7f0784fe7670>, 'domain_id': None, 'trust_id': None, 'trustor_id': None, 'trustee_id': None, 'domain_name': None, 'group_ids': [], 'user_id': '5d01ac330f964e8e935816c1653ba88d', 'user_domain_id': 'default', 'system_scope': 'all', 'project_id': None, 'project_domain_id': None, 'roles': ['admin', 'manager', 'member', 'reader'], 'is_admin_project': True, 'service_user_id': None, 'service_user_domain_id': None, 'service_project_id': None, 'service_project_domain_id': None, 'service_roles': []} {{(pid=81307) fill_context /opt/stack/keystone/keystone/server/flask/request_processing/middleware/auth_context.py:509}}
Jan 23 11:53:32 ubuntu devstack@keystone.service[81307]: DEBUG keystone.server.flask.request_processing.req_logging [None req-5cd77995-130d-4765-8992-5d12cc324e19 None admin] REQUEST_METHOD: `GET` {{(pid=81307) log_request_info /opt/stack/keystone/keystone/server/flask/request_processing/req_logging.py:26}}
Jan 23 11:53:32 ubuntu devstack@keystone.service[81307]: DEBUG keystone.server.flask.request_processing.req_logging [None req-5cd77995-130d-4765-8992-5d12cc324e19 None admin] SCRIPT_NAME: `/identity` {{(pid=81307) log_request_info /opt/stack/keystone/keystone/server/flask/request_processing/req_logging.py:27}}
Jan 23 11:53:32 ubuntu devstack@keystone.service[81307]: DEBUG keystone.server.flask.request_processing.req_logging [None req-5cd77995-130d-4765-8992-5d12cc324e19 None admin] PATH_INFO: `/v3/domains/default` {{(pid=81307) log_request_info /opt/stack/keystone/keystone/server/flask/request_processing/req_logging.py:28}}
Jan 23 11:53:32 ubuntu devstack@keystone.service[81307]: DEBUG keystone.common.rbac_enforcer.enforcer [None req-5cd77995-130d-4765-8992-5d12cc324e19 None admin] RBAC: Authorizing `identity:get_domain(domain_id=default)` {{(pid=81307) enforce_call /opt/stack/keystone/keystone/common/rbac_enforcer/enforcer.py:494}}
Jan 23 11:53:32 ubuntu devstack@keystone.service[81307]: DEBUG keystone.common.rbac_enforcer.enforcer [None req-5cd77995-130d-4765-8992-5d12cc324e19 None admin] RBAC: Authorization granted {{(pid=81307) enforce_call /opt/stack/keystone/keystone/common/rbac_enforcer/enforcer.py:505}}
Jan 23 11:53:32 ubuntu devstack@keystone.service[81307]: [pid: 81307|app: 0|req: 15/27] 10.201.5.82 () {56 vars in 1144 bytes} [Fri Jan 23 11:53:32 2026] GET /identity/v3/domains/default => generated 199 bytes in 68 msecs (HTTP/1.1 200) 5 headers in 177 bytes (1 switches on core 0)
Jan 23 11:53:32 ubuntu devstack@keystone.service[81308]: DEBUG keystone.server.flask.request_processing.middleware.auth_context [None req-7c4f1215-0816-4c01-963f-8d903e15e85f None admin] Authenticating user token {{(pid=81308) process_request /opt/stack/data/venv/lib/python3.10/site-packages/keystonemiddleware/auth_token/__init__.py:407}}
Jan 23 11:53:33 ubuntu devstack@keystone.service[81307]: DEBUG keystone.server.flask.request_processing.req_logging [None req-e33dcecf-5529-4734-be86-2d34d396cd83 None None] REQUEST_METHOD: `GET` {{(pid=81307) log_request_info /opt/stack/keystone/keystone/server/flask/request_processing/req_logging.py:26}}
Jan 23 11:53:33 ubuntu devstack@keystone.service[81307]: DEBUG keystone.server.flask.request_processing.req_logging [None req-e33dcecf-5529-4734-be86-2d34d396cd83 None None] SCRIPT_NAME: `/identity` {{(pid=81307) log_request_info /opt/stack/keystone/keystone/server/flask/request_processing/req_logging.py:27}}
Jan 23 11:53:33 ubuntu devstack@keystone.service[81307]: DEBUG keystone.server.flask.request_processing.req_logging [None req-e33dcecf-5529-4734-be86-2d34d396cd83 None None] PATH_INFO: `/` {{(pid=81307) log_request_info /opt/stack/keystone/keystone/server/flask/request_processing/req_logging.py:28}}
Jan 23 11:53:33 ubuntu devstack@keystone.service[81307]: [pid: 81307|app: 0|req: 16/28] 10.201.5.82 () {54 vars in 919 bytes} [Fri Jan 23 11:53:33 2026] GET /identity => generated 270 bytes in 1 msecs (HTTP/1.1 300) 6 headers in 234 bytes (1 switches on core 0)
Jan 23 11:53:33 ubuntu devstack@keystone.service[81307]: DEBUG keystone.server.flask.request_processing.req_logging [None req-098354de-9b7b-40f4-9bdc-c0ecbab9e7c9 None None] REQUEST_METHOD: `POST` {{(pid=81307) log_request_info /opt/stack/keystone/keystone/server/flask/request_processing/req_logging.py:26}}
Jan 23 11:53:33 ubuntu devstack@keystone.service[81307]: DEBUG keystone.server.flask.request_processing.req_logging [None req-098354de-9b7b-40f4-9bdc-c0ecbab9e7c9 None None] SCRIPT_NAME: `/identity` {{(pid=81307) log_request_info /opt/stack/keystone/keystone/server/flask/request_processing/req_logging.py:27}}
Jan 23 11:53:33 ubuntu devstack@keystone.service[81307]: DEBUG keystone.server.flask.request_processing.req_logging [None req-098354de-9b7b-40f4-9bdc-c0ecbab9e7c9 None None] PATH_INFO: `/v3/auth/tokens` {{(pid=81307) log_request_info /opt/stack/keystone/keystone/server/flask/request_processing/req_logging.py:28}}
Jan 23 11:53:33 ubuntu devstack@keystone.service[81307]: WARNING keystone.common.password_hashing [None req-098354de-9b7b-40f4-9bdc-c0ecbab9e7c9 None None] Truncating password to algorithm specific maximum length 72 characters.
Jan 23 11:53:33 ubuntu devstack@keystone.service[81307]: DEBUG keystone.auth.core [None req-098354de-9b7b-40f4-9bdc-c0ecbab9e7c9 None None] MFA Rules not processed for user `5d01ac330f964e8e935816c1653ba88d`. Rule list: `[]` (Enabled: `True`). {{(pid=81307) check_auth_methods_against_rules /opt/stack/keystone/keystone/auth/core.py:476}}
Jan 23 11:53:33 ubuntu devstack@keystone.service[81307]: DEBUG keystone.common.fernet_utils [None req-098354de-9b7b-40f4-9bdc-c0ecbab9e7c9 None None] Loaded 2 Fernet keys from /etc/keystone/fernet-keys/, but `[fernet_tokens] max_active_keys = 3`; perhaps there have not been enough key rotations to reach `max_active_keys` yet? {{(pid=81307) load_keys /opt/stack/keystone/keystone/common/fernet_utils.py:297}}
Jan 23 11:53:33 ubuntu devstack@keystone.service[81308]: DEBUG keystone.server.flask.request_processing.middleware.auth_context [None req-7c4f1215-0816-4c01-963f-8d903e15e85f None admin] Validating token access rules against request {{(pid=81308) validate_allowed_request /opt/stack/data/venv/lib/python3.10/site-packages/keystonemiddleware/auth_token/__init__.py:545}}
Jan 23 11:53:33 ubuntu devstack@keystone.service[81307]: [pid: 81307|app: 0|req: 17/29] 10.201.5.82 () {58 vars in 1016 bytes} [Fri Jan 23 11:53:33 2026] POST /identity/v3/auth/tokens => generated 862 bytes in 49 msecs (HTTP/1.1 201) 6 headers in 363 bytes (2 switches on core 0)
Jan 23 11:53:33 ubuntu devstack@keystone.service[81308]: DEBUG keystone.server.flask.request_processing.middleware.auth_context [None req-d721b7b8-1353-45ef-80cc-2ddf1bda6960 None admin] RBAC: auth_context: {'token': <TokenModel (audit_id=LKMzTEigTWqZ1G1Q_4FwhQ, audit_chain_id=['LKMzTEigTWqZ1G1Q_4FwhQ']) at 0x7f0784f478b0>, 'domain_id': None, 'trust_id': None, 'trustor_id': None, 'trustee_id': None, 'domain_name': None, 'group_ids': [], 'user_id': '5d01ac330f964e8e935816c1653ba88d', 'user_domain_id': 'default', 'system_scope': 'all', 'project_id': None, 'project_domain_id': None, 'roles': ['admin', 'manager', 'member', 'reader'], 'is_admin_project': True, 'service_user_id': None, 'service_user_domain_id': None, 'service_project_id': None, 'service_project_domain_id': None, 'service_roles': []} {{(pid=81308) fill_context /opt/stack/keystone/keystone/server/flask/request_processing/middleware/auth_context.py:509}}
Jan 23 11:53:33 ubuntu devstack@keystone.service[81308]: DEBUG keystone.server.flask.request_processing.req_logging [None req-d721b7b8-1353-45ef-80cc-2ddf1bda6960 None admin] REQUEST_METHOD: `GET` {{(pid=81308) log_request_info /opt/stack/keystone/keystone/server/flask/request_processing/req_logging.py:26}}
Jan 23 11:53:33 ubuntu devstack@keystone.service[81308]: DEBUG keystone.server.flask.request_processing.req_logging [None req-d721b7b8-1353-45ef-80cc-2ddf1bda6960 None admin] SCRIPT_NAME: `/identity` {{(pid=81308) log_request_info /opt/stack/keystone/keystone/server/flask/request_processing/req_logging.py:27}}
Jan 23 11:53:33 ubuntu devstack@keystone.service[81308]: DEBUG keystone.server.flask.request_processing.req_logging [None req-d721b7b8-1353-45ef-80cc-2ddf1bda6960 None admin] PATH_INFO: `/v3/role_assignments` {{(pid=81308) log_request_info /opt/stack/keystone/keystone/server/flask/request_processing/req_logging.py:28}}
Jan 23 11:53:33 ubuntu devstack@keystone.service[81308]: DEBUG keystone.common.rbac_enforcer.enforcer [None req-d721b7b8-1353-45ef-80cc-2ddf1bda6960 None admin] RBAC: Adding query filter params (role.id=93a5d6888f89485d8d9f5b1a7b2fb38c, scope.domain.id=default, user.id=5d01ac330f964e8e935816c1653ba88d) {{(pid=81308) _extract_filter_values /opt/stack/keystone/keystone/common/rbac_enforcer/enforcer.py:176}}
Jan 23 11:53:33 ubuntu devstack@keystone.service[81308]: DEBUG keystone.common.rbac_enforcer.enforcer [None req-d721b7b8-1353-45ef-80cc-2ddf1bda6960 None admin] RBAC: Authorizing `identity:list_role_assignments()` {{(pid=81308) enforce_call /opt/stack/keystone/keystone/common/rbac_enforcer/enforcer.py:494}}
Jan 23 11:53:33 ubuntu devstack@keystone.service[81308]: DEBUG keystone.common.rbac_enforcer.enforcer [None req-d721b7b8-1353-45ef-80cc-2ddf1bda6960 None admin] RBAC: Authorization granted {{(pid=81308) enforce_call /opt/stack/keystone/keystone/common/rbac_enforcer/enforcer.py:505}}
Jan 23 11:53:33 ubuntu devstack@keystone.service[81308]: [pid: 81308|app: 0|req: 13/30] 10.201.5.82 () {56 vars in 1371 bytes} [Fri Jan 23 11:53:32 2026] GET /identity/v3/role_assignments?role.id=93a5d6888f89485d8d9f5b1a7b2fb38c&scope.domain.id=default&user.id=5d01ac330f964e8e935816c1653ba88d => generated 530 bytes in 120 msecs (HTTP/1.1 200) 5 headers in 177 bytes (1 switches on core 0)
Jan 23 11:53:33 ubuntu devstack@keystone.service[81307]: DEBUG keystone.server.flask.request_processing.middleware.auth_context [None req-098354de-9b7b-40f4-9bdc-c0ecbab9e7c9 None None] Authenticating user token {{(pid=81307) process_request /opt/stack/data/venv/lib/python3.10/site-packages/keystonemiddleware/auth_token/__init__.py:407}}
Jan 23 11:53:33 ubuntu devstack@keystone.service[81308]: DEBUG keystone.server.flask.request_processing.req_logging [None req-5ae9198c-12cb-4372-80dc-8ffdc2e5db9c None None] REQUEST_METHOD: `GET` {{(pid=81308) log_request_info /opt/stack/keystone/keystone/server/flask/request_processing/req_logging.py:26}}
Jan 23 11:53:33 ubuntu devstack@keystone.service[81308]: DEBUG keystone.server.flask.request_processing.req_logging [None req-5ae9198c-12cb-4372-80dc-8ffdc2e5db9c None None] SCRIPT_NAME: `/identity` {{(pid=81308) log_request_info /opt/stack/keystone/keystone/server/flask/request_processing/req_logging.py:27}}
Jan 23 11:53:33 ubuntu devstack@keystone.service[81308]: DEBUG keystone.server.flask.request_processing.req_logging [None req-5ae9198c-12cb-4372-80dc-8ffdc2e5db9c None None] PATH_INFO: `/` {{(pid=81308) log_request_info /opt/stack/keystone/keystone/server/flask/request_processing/req_logging.py:28}}
Jan 23 11:53:33 ubuntu devstack@keystone.service[81308]: [pid: 81308|app: 0|req: 14/31] 10.201.5.82 () {54 vars in 919 bytes} [Fri Jan 23 11:53:33 2026] GET /identity => generated 270 bytes in 2 msecs (HTTP/1.1 300) 6 headers in 234 bytes (1 switches on core 0)
Jan 23 11:53:33 ubuntu devstack@keystone.service[81308]: DEBUG keystone.server.flask.request_processing.req_logging [None req-52e08eb7-4bec-4224-9e56-1e4c92afa76a None None] REQUEST_METHOD: `POST` {{(pid=81308) log_request_info /opt/stack/keystone/keystone/server/flask/request_processing/req_logging.py:26}}
Jan 23 11:53:33 ubuntu devstack@keystone.service[81308]: DEBUG keystone.server.flask.request_processing.req_logging [None req-52e08eb7-4bec-4224-9e56-1e4c92afa76a None None] SCRIPT_NAME: `/identity` {{(pid=81308) log_request_info /opt/stack/keystone/keystone/server/flask/request_processing/req_logging.py:27}}
Jan 23 11:53:33 ubuntu devstack@keystone.service[81308]: DEBUG keystone.server.flask.request_processing.req_logging [None req-52e08eb7-4bec-4224-9e56-1e4c92afa76a None None] PATH_INFO: `/v3/auth/tokens` {{(pid=81308) log_request_info /opt/stack/keystone/keystone/server/flask/request_processing/req_logging.py:28}}
Jan 23 11:53:33 ubuntu devstack@keystone.service[81307]: DEBUG keystone.server.flask.request_processing.middleware.auth_context [None req-098354de-9b7b-40f4-9bdc-c0ecbab9e7c9 None None] Validating token access rules against request {{(pid=81307) validate_allowed_request /opt/stack/data/venv/lib/python3.10/site-packages/keystonemiddleware/auth_token/__init__.py:545}}
Jan 23 11:53:33 ubuntu devstack@keystone.service[81308]: WARNING keystone.common.password_hashing [None req-52e08eb7-4bec-4224-9e56-1e4c92afa76a None None] Truncating password to algorithm specific maximum length 72 characters.
Jan 23 11:53:33 ubuntu devstack@keystone.service[81307]: DEBUG keystone.server.flask.request_processing.middleware.auth_context [None req-a72d3af3-b6c6-4a88-b900-41e3a6d6f464 None admin] RBAC: auth_context: {'token': <TokenModel (audit_id=ji9IWrgwQKWlEhWHh6as0A, audit_chain_id=['ji9IWrgwQKWlEhWHh6as0A']) at 0x7f0785156530>, 'domain_id': None, 'trust_id': None, 'trustor_id': None, 'trustee_id': None, 'domain_name': None, 'group_ids': [], 'user_id': '5d01ac330f964e8e935816c1653ba88d', 'user_domain_id': 'default', 'system_scope': 'all', 'project_id': None, 'project_domain_id': None, 'roles': ['admin', 'manager', 'member', 'reader'], 'is_admin_project': True, 'service_user_id': None, 'service_user_domain_id': None, 'service_project_id': None, 'service_project_domain_id': None, 'service_roles': []} {{(pid=81307) fill_context /opt/stack/keystone/keystone/server/flask/request_processing/middleware/auth_context.py:509}}
Jan 23 11:53:33 ubuntu devstack@keystone.service[81307]: DEBUG keystone.server.flask.request_processing.req_logging [None req-a72d3af3-b6c6-4a88-b900-41e3a6d6f464 None admin] REQUEST_METHOD: `GET` {{(pid=81307) log_request_info /opt/stack/keystone/keystone/server/flask/request_processing/req_logging.py:26}}
Jan 23 11:53:33 ubuntu devstack@keystone.service[81307]: DEBUG keystone.server.flask.request_processing.req_logging [None req-a72d3af3-b6c6-4a88-b900-41e3a6d6f464 None admin] SCRIPT_NAME: `/identity` {{(pid=81307) log_request_info /opt/stack/keystone/keystone/server/flask/request_processing/req_logging.py:27}}
Jan 23 11:53:33 ubuntu devstack@keystone.service[81307]: DEBUG keystone.server.flask.request_processing.req_logging [None req-a72d3af3-b6c6-4a88-b900-41e3a6d6f464 None admin] PATH_INFO: `/v3/domains/Default` {{(pid=81307) log_request_info /opt/stack/keystone/keystone/server/flask/request_processing/req_logging.py:28}}
Jan 23 11:53:33 ubuntu devstack@keystone.service[81307]: DEBUG keystone.common.rbac_enforcer.enforcer [None req-a72d3af3-b6c6-4a88-b900-41e3a6d6f464 None admin] RBAC: Authorizing `identity:get_domain(domain_id=Default)` {{(pid=81307) enforce_call /opt/stack/keystone/keystone/common/rbac_enforcer/enforcer.py:494}}
Jan 23 11:53:33 ubuntu devstack@keystone.service[81307]: DEBUG keystone.common.rbac_enforcer.enforcer [None req-a72d3af3-b6c6-4a88-b900-41e3a6d6f464 None admin] RBAC: Authorization granted {{(pid=81307) enforce_call /opt/stack/keystone/keystone/common/rbac_enforcer/enforcer.py:505}}
Jan 23 11:53:33 ubuntu devstack@keystone.service[81308]: DEBUG keystone.auth.core [None req-52e08eb7-4bec-4224-9e56-1e4c92afa76a None None] MFA Rules not processed for user `5d01ac330f964e8e935816c1653ba88d`. Rule list: `[]` (Enabled: `True`). {{(pid=81308) check_auth_methods_against_rules /opt/stack/keystone/keystone/auth/core.py:476}}
Jan 23 11:53:33 ubuntu devstack@keystone.service[81308]: DEBUG keystone.common.fernet_utils [None req-52e08eb7-4bec-4224-9e56-1e4c92afa76a None None] Loaded 2 Fernet keys from /etc/keystone/fernet-keys/, but `[fernet_tokens] max_active_keys = 3`; perhaps there have not been enough key rotations to reach `max_active_keys` yet? {{(pid=81308) load_keys /opt/stack/keystone/keystone/common/fernet_utils.py:297}}
Jan 23 11:53:33 ubuntu devstack@keystone.service[81307]: DEBUG keystone.server.flask.application [None req-a72d3af3-b6c6-4a88-b900-41e3a6d6f464 None admin] Could not find domain: Default. {{(pid=81307) _handle_keystone_exception /opt/stack/keystone/keystone/server/flask/application.py:146}}
Jan 23 11:53:33 ubuntu devstack@keystone.service[81307]: [pid: 81307|app: 0|req: 18/32] 10.201.5.82 () {56 vars in 1100 bytes} [Fri Jan 23 11:53:33 2026] GET /identity/v3/domains/Default => generated 87 bytes in 90 msecs (HTTP/1.1 404) 5 headers in 183 bytes (1 switches on core 0)
Jan 23 11:53:33 ubuntu devstack@keystone.service[81307]: DEBUG keystone.server.flask.request_processing.middleware.auth_context [None req-a72d3af3-b6c6-4a88-b900-41e3a6d6f464 None admin] Authenticating user token {{(pid=81307) process_request /opt/stack/data/venv/lib/python3.10/site-packages/keystonemiddleware/auth_token/__init__.py:407}}
Jan 23 11:53:33 ubuntu devstack@keystone.service[81307]: DEBUG keystone.server.flask.request_processing.middleware.auth_context [None req-a72d3af3-b6c6-4a88-b900-41e3a6d6f464 None admin] Validating token access rules against request {{(pid=81307) validate_allowed_request /opt/stack/data/venv/lib/python3.10/site-packages/keystonemiddleware/auth_token/__init__.py:545}}
Jan 23 11:53:33 ubuntu devstack@keystone.service[81307]: DEBUG keystone.server.flask.request_processing.middleware.auth_context [None req-8fb8a6a8-e8de-4715-8131-b7f34730e86e None admin] RBAC: auth_context: {'token': <TokenModel (audit_id=ji9IWrgwQKWlEhWHh6as0A, audit_chain_id=['ji9IWrgwQKWlEhWHh6as0A']) at 0x7f078501fd00>, 'domain_id': None, 'trust_id': None, 'trustor_id': None, 'trustee_id': None, 'domain_name': None, 'group_ids': [], 'user_id': '5d01ac330f964e8e935816c1653ba88d', 'user_domain_id': 'default', 'system_scope': 'all', 'project_id': None, 'project_domain_id': None, 'roles': ['admin', 'manager', 'member', 'reader'], 'is_admin_project': True, 'service_user_id': None, 'service_user_domain_id': None, 'service_project_id': None, 'service_project_domain_id': None, 'service_roles': []} {{(pid=81307) fill_context /opt/stack/keystone/keystone/server/flask/request_processing/middleware/auth_context.py:509}}
Jan 23 11:53:33 ubuntu devstack@keystone.service[81307]: DEBUG keystone.server.flask.request_processing.req_logging [None req-8fb8a6a8-e8de-4715-8131-b7f34730e86e None admin] REQUEST_METHOD: `GET` {{(pid=81307) log_request_info /opt/stack/keystone/keystone/server/flask/request_processing/req_logging.py:26}}
Jan 23 11:53:33 ubuntu devstack@keystone.service[81307]: DEBUG keystone.server.flask.request_processing.req_logging [None req-8fb8a6a8-e8de-4715-8131-b7f34730e86e None admin] SCRIPT_NAME: `/identity` {{(pid=81307) log_request_info /opt/stack/keystone/keystone/server/flask/request_processing/req_logging.py:27}}
Jan 23 11:53:33 ubuntu devstack@keystone.service[81307]: DEBUG keystone.server.flask.request_processing.req_logging [None req-8fb8a6a8-e8de-4715-8131-b7f34730e86e None admin] PATH_INFO: `/v3/domains` {{(pid=81307) log_request_info /opt/stack/keystone/keystone/server/flask/request_processing/req_logging.py:28}}
Jan 23 11:53:33 ubuntu devstack@keystone.service[81307]: DEBUG keystone.common.rbac_enforcer.enforcer [None req-8fb8a6a8-e8de-4715-8131-b7f34730e86e None admin] RBAC: Adding query filter params (name=Default) {{(pid=81307) _extract_filter_values /opt/stack/keystone/keystone/common/rbac_enforcer/enforcer.py:176}}
Jan 23 11:53:33 ubuntu devstack@keystone.service[81307]: DEBUG keystone.common.rbac_enforcer.enforcer [None req-8fb8a6a8-e8de-4715-8131-b7f34730e86e None admin] RBAC: Authorizing `identity:list_domains()` {{(pid=81307) enforce_call /opt/stack/keystone/keystone/common/rbac_enforcer/enforcer.py:494}}
Jan 23 11:53:33 ubuntu devstack@keystone.service[81307]: DEBUG keystone.common.rbac_enforcer.enforcer [None req-8fb8a6a8-e8de-4715-8131-b7f34730e86e None admin] RBAC: Authorization granted {{(pid=81307) enforce_call /opt/stack/keystone/keystone/common/rbac_enforcer/enforcer.py:505}}
Jan 23 11:53:33 ubuntu devstack@keystone.service[81308]: [pid: 81308|app: 0|req: 15/33] 10.201.5.82 () {58 vars in 1016 bytes} [Fri Jan 23 11:53:33 2026] POST /identity/v3/auth/tokens => generated 862 bytes in 143 msecs (HTTP/1.1 201) 6 headers in 363 bytes (1 switches on core 0)
Jan 23 11:53:33 ubuntu devstack@keystone.service[81307]: [pid: 81307|app: 0|req: 19/34] 10.201.5.82 () {56 vars in 1101 bytes} [Fri Jan 23 11:53:33 2026] GET /identity/v3/domains?name=Default => generated 308 bytes in 176 msecs (HTTP/1.1 200) 5 headers in 177 bytes (2 switches on core 0)
Jan 23 11:53:33 ubuntu devstack@keystone.service[81308]: DEBUG keystone.server.flask.request_processing.middleware.auth_context [None req-52e08eb7-4bec-4224-9e56-1e4c92afa76a None None] Authenticating user token {{(pid=81308) process_request /opt/stack/data/venv/lib/python3.10/site-packages/keystonemiddleware/auth_token/__init__.py:407}}
Jan 23 11:53:33 ubuntu devstack@keystone.service[81307]: DEBUG keystone.server.flask.request_processing.middleware.auth_context [None req-8fb8a6a8-e8de-4715-8131-b7f34730e86e None admin] Authenticating user token {{(pid=81307) process_request /opt/stack/data/venv/lib/python3.10/site-packages/keystonemiddleware/auth_token/__init__.py:407}}
Jan 23 11:53:33 ubuntu devstack@keystone.service[81308]: DEBUG keystone.server.flask.request_processing.middleware.auth_context [None req-52e08eb7-4bec-4224-9e56-1e4c92afa76a None None] Validating token access rules against request {{(pid=81308) validate_allowed_request /opt/stack/data/venv/lib/python3.10/site-packages/keystonemiddleware/auth_token/__init__.py:545}}
Jan 23 11:53:33 ubuntu devstack@keystone.service[81308]: DEBUG keystone.server.flask.request_processing.middleware.auth_context [None req-12a77bd4-3ef3-4378-b2fb-3f1d005fedb4 None admin] RBAC: auth_context: {'token': <TokenModel (audit_id=ji9IWrgwQKWlEhWHh6as0A, audit_chain_id=['ji9IWrgwQKWlEhWHh6as0A']) at 0x7f0784f63a90>, 'domain_id': None, 'trust_id': None, 'trustor_id': None, 'trustee_id': None, 'domain_name': None, 'group_ids': [], 'user_id': '5d01ac330f964e8e935816c1653ba88d', 'user_domain_id': 'default', 'system_scope': 'all', 'project_id': None, 'project_domain_id': None, 'roles': ['admin', 'manager', 'member', 'reader'], 'is_admin_project': True, 'service_user_id': None, 'service_user_domain_id': None, 'service_project_id': None, 'service_project_domain_id': None, 'service_roles': []} {{(pid=81308) fill_context /opt/stack/keystone/keystone/server/flask/request_processing/middleware/auth_context.py:509}}
Jan 23 11:53:33 ubuntu devstack@keystone.service[81308]: DEBUG keystone.server.flask.request_processing.req_logging [None req-12a77bd4-3ef3-4378-b2fb-3f1d005fedb4 None admin] REQUEST_METHOD: `POST` {{(pid=81308) log_request_info /opt/stack/keystone/keystone/server/flask/request_processing/req_logging.py:26}}
Jan 23 11:53:33 ubuntu devstack@keystone.service[81308]: DEBUG keystone.server.flask.request_processing.req_logging [None req-12a77bd4-3ef3-4378-b2fb-3f1d005fedb4 None admin] SCRIPT_NAME: `/identity` {{(pid=81308) log_request_info /opt/stack/keystone/keystone/server/flask/request_processing/req_logging.py:27}}
Jan 23 11:53:33 ubuntu devstack@keystone.service[81308]: DEBUG keystone.server.flask.request_processing.req_logging [None req-12a77bd4-3ef3-4378-b2fb-3f1d005fedb4 None admin] PATH_INFO: `/v3/projects` {{(pid=81308) log_request_info /opt/stack/keystone/keystone/server/flask/request_processing/req_logging.py:28}}
Jan 23 11:53:33 ubuntu devstack@keystone.service[81308]: DEBUG keystone.common.rbac_enforcer.enforcer [None req-12a77bd4-3ef3-4378-b2fb-3f1d005fedb4 None admin] RBAC: Authorizing `identity:create_project()` {{(pid=81308) enforce_call /opt/stack/keystone/keystone/common/rbac_enforcer/enforcer.py:494}}
Jan 23 11:53:33 ubuntu devstack@keystone.service[81308]: DEBUG keystone.common.rbac_enforcer.enforcer [None req-12a77bd4-3ef3-4378-b2fb-3f1d005fedb4 None admin] RBAC: Authorization granted {{(pid=81308) enforce_call /opt/stack/keystone/keystone/common/rbac_enforcer/enforcer.py:505}}
Jan 23 11:53:33 ubuntu devstack@keystone.service[81307]: DEBUG keystone.server.flask.request_processing.middleware.auth_context [None req-8fb8a6a8-e8de-4715-8131-b7f34730e86e None admin] Validating token access rules against request {{(pid=81307) validate_allowed_request /opt/stack/data/venv/lib/python3.10/site-packages/keystonemiddleware/auth_token/__init__.py:545}}
Jan 23 11:53:33 ubuntu devstack@keystone.service[81308]: [pid: 81308|app: 0|req: 16/35] 10.201.5.82 () {60 vars in 1133 bytes} [Fri Jan 23 11:53:33 2026] POST /identity/v3/projects => generated 301 bytes in 97 msecs (HTTP/1.1 201) 5 headers in 182 bytes (1 switches on core 0)
Jan 23 11:53:33 ubuntu devstack@keystone.service[81308]: DEBUG keystone.server.flask.request_processing.req_logging [None req-9bf5a7f6-1436-4935-83b6-ecdb314575f0 None None] REQUEST_METHOD: `GET` {{(pid=81308) log_request_info /opt/stack/keystone/keystone/server/flask/request_processing/req_logging.py:26}}
Jan 23 11:53:33 ubuntu devstack@keystone.service[81308]: DEBUG keystone.server.flask.request_processing.req_logging [None req-9bf5a7f6-1436-4935-83b6-ecdb314575f0 None None] SCRIPT_NAME: `/identity` {{(pid=81308) log_request_info /opt/stack/keystone/keystone/server/flask/request_processing/req_logging.py:27}}
Jan 23 11:53:33 ubuntu devstack@keystone.service[81308]: DEBUG keystone.server.flask.request_processing.req_logging [None req-9bf5a7f6-1436-4935-83b6-ecdb314575f0 None None] PATH_INFO: `/` {{(pid=81308) log_request_info /opt/stack/keystone/keystone/server/flask/request_processing/req_logging.py:28}}
Jan 23 11:53:33 ubuntu devstack@keystone.service[81308]: [pid: 81308|app: 0|req: 17/36] 10.201.5.82 () {54 vars in 919 bytes} [Fri Jan 23 11:53:33 2026] GET /identity => generated 270 bytes in 2 msecs (HTTP/1.1 300) 6 headers in 234 bytes (1 switches on core 0)
Jan 23 11:53:33 ubuntu devstack@keystone.service[81308]: DEBUG keystone.server.flask.request_processing.req_logging [None req-f6013df6-b03b-4084-b4a4-907509e68cb1 None None] REQUEST_METHOD: `POST` {{(pid=81308) log_request_info /opt/stack/keystone/keystone/server/flask/request_processing/req_logging.py:26}}
Jan 23 11:53:33 ubuntu devstack@keystone.service[81308]: DEBUG keystone.server.flask.request_processing.req_logging [None req-f6013df6-b03b-4084-b4a4-907509e68cb1 None None] SCRIPT_NAME: `/identity` {{(pid=81308) log_request_info /opt/stack/keystone/keystone/server/flask/request_processing/req_logging.py:27}}
Jan 23 11:53:33 ubuntu devstack@keystone.service[81308]: DEBUG keystone.server.flask.request_processing.req_logging [None req-f6013df6-b03b-4084-b4a4-907509e68cb1 None None] PATH_INFO: `/v3/auth/tokens` {{(pid=81308) log_request_info /opt/stack/keystone/keystone/server/flask/request_processing/req_logging.py:28}}
Jan 23 11:53:33 ubuntu devstack@keystone.service[81307]: DEBUG keystone.server.flask.request_processing.middleware.auth_context [None req-ad38ab6e-638b-431c-b432-8d5f014ee1a4 None admin] RBAC: auth_context: {'token': <TokenModel (audit_id=OweSKTwdROOuJr669nfAxA, audit_chain_id=['OweSKTwdROOuJr669nfAxA']) at 0x7f0785275e40>, 'domain_id': None, 'trust_id': None, 'trustor_id': None, 'trustee_id': None, 'domain_name': None, 'group_ids': [], 'user_id': '5d01ac330f964e8e935816c1653ba88d', 'user_domain_id': 'default', 'system_scope': 'all', 'project_id': None, 'project_domain_id': None, 'roles': ['admin', 'manager', 'member', 'reader'], 'is_admin_project': True, 'service_user_id': None, 'service_user_domain_id': None, 'service_project_id': None, 'service_project_domain_id': None, 'service_roles': []} {{(pid=81307) fill_context /opt/stack/keystone/keystone/server/flask/request_processing/middleware/auth_context.py:509}}
Jan 23 11:53:33 ubuntu devstack@keystone.service[81307]: DEBUG keystone.server.flask.request_processing.req_logging [None req-ad38ab6e-638b-431c-b432-8d5f014ee1a4 None admin] REQUEST_METHOD: `POST` {{(pid=81307) log_request_info /opt/stack/keystone/keystone/server/flask/request_processing/req_logging.py:26}}
Jan 23 11:53:33 ubuntu devstack@keystone.service[81307]: DEBUG keystone.server.flask.request_processing.req_logging [None req-ad38ab6e-638b-431c-b432-8d5f014ee1a4 None admin] SCRIPT_NAME: `/identity` {{(pid=81307) log_request_info /opt/stack/keystone/keystone/server/flask/request_processing/req_logging.py:27}}
Jan 23 11:53:33 ubuntu devstack@keystone.service[81307]: DEBUG keystone.server.flask.request_processing.req_logging [None req-ad38ab6e-638b-431c-b432-8d5f014ee1a4 None admin] PATH_INFO: `/v3/roles` {{(pid=81307) log_request_info /opt/stack/keystone/keystone/server/flask/request_processing/req_logging.py:28}}
Jan 23 11:53:33 ubuntu devstack@keystone.service[81307]: DEBUG keystone.common.rbac_enforcer.enforcer [None req-ad38ab6e-638b-431c-b432-8d5f014ee1a4 None admin] RBAC: Authorizing `identity:create_role()` {{(pid=81307) enforce_call /opt/stack/keystone/keystone/common/rbac_enforcer/enforcer.py:494}}
Jan 23 11:53:33 ubuntu devstack@keystone.service[81307]: DEBUG keystone.common.rbac_enforcer.enforcer [None req-ad38ab6e-638b-431c-b432-8d5f014ee1a4 None admin] RBAC: Authorization granted {{(pid=81307) enforce_call /opt/stack/keystone/keystone/common/rbac_enforcer/enforcer.py:505}}
Jan 23 11:53:33 ubuntu devstack@keystone.service[81308]: WARNING keystone.common.password_hashing [None req-f6013df6-b03b-4084-b4a4-907509e68cb1 None None] Truncating password to algorithm specific maximum length 72 characters.
Jan 23 11:53:33 ubuntu devstack@keystone.service[81307]: DEBUG keystone.common.sql.core [None req-ad38ab6e-638b-431c-b432-8d5f014ee1a4 None admin] Conflict role: (pymysql.err.IntegrityError) (1062, "Duplicate entry 'service-<<null>>' for key 'role.ixu_role_name_domain_id'")
Jan 23 11:53:33 ubuntu devstack@keystone.service[81307]: [SQL: INSERT INTO `role` (id, name, description, extra) VALUES (%(id)s, %(name)s, %(description)s, %(extra)s)]
Jan 23 11:53:33 ubuntu devstack@keystone.service[81307]: [parameters: {'id': '18884112a35b4e1c808d6f71d9bab228', 'name': 'service', 'description': None, 'extra': '{}'}]
Jan 23 11:53:33 ubuntu devstack@keystone.service[81307]: (Background on this error at: https://sqlalche.me/e/20/gkpj) {{(pid=81307) wrapper /opt/stack/keystone/keystone/common/sql/core.py:580}}
Jan 23 11:53:33 ubuntu devstack@keystone.service[81308]: DEBUG keystone.auth.core [None req-f6013df6-b03b-4084-b4a4-907509e68cb1 None None] MFA Rules not processed for user `5d01ac330f964e8e935816c1653ba88d`. Rule list: `[]` (Enabled: `True`). {{(pid=81308) check_auth_methods_against_rules /opt/stack/keystone/keystone/auth/core.py:476}}
Jan 23 11:53:33 ubuntu devstack@keystone.service[81308]: DEBUG keystone.common.fernet_utils [None req-f6013df6-b03b-4084-b4a4-907509e68cb1 None None] Loaded 2 Fernet keys from /etc/keystone/fernet-keys/, but `[fernet_tokens] max_active_keys = 3`; perhaps there have not been enough key rotations to reach `max_active_keys` yet? {{(pid=81308) load_keys /opt/stack/keystone/keystone/common/fernet_utils.py:297}}
Jan 23 11:53:33 ubuntu devstack@keystone.service[81307]: ERROR keystone.server.flask.application [None req-ad38ab6e-638b-431c-b432-8d5f014ee1a4 None admin] Conflict occurred attempting to store role - Duplicate entry found with name service.: keystone.exception.Conflict: Conflict occurred attempting to store role - Duplicate entry found with name service.
Jan 23 11:53:33 ubuntu devstack@keystone.service[81307]: ERROR keystone.server.flask.application Traceback (most recent call last):
Jan 23 11:53:33 ubuntu devstack@keystone.service[81307]: ERROR keystone.server.flask.application   File "/opt/stack/data/venv/lib/python3.10/site-packages/sqlalchemy/engine/base.py", line 1967, in _exec_single_context
Jan 23 11:53:33 ubuntu devstack@keystone.service[81307]: ERROR keystone.server.flask.application     self.dialect.do_execute(
Jan 23 11:53:33 ubuntu devstack@keystone.service[81307]: ERROR keystone.server.flask.application   File "/opt/stack/data/venv/lib/python3.10/site-packages/sqlalchemy/engine/default.py", line 951, in do_execute
Jan 23 11:53:33 ubuntu devstack@keystone.service[81307]: ERROR keystone.server.flask.application     cursor.execute(statement, parameters)
Jan 23 11:53:33 ubuntu devstack@keystone.service[81307]: ERROR keystone.server.flask.application   File "/opt/stack/data/venv/lib/python3.10/site-packages/pymysql/cursors.py", line 153, in execute
Jan 23 11:53:33 ubuntu devstack@keystone.service[81307]: ERROR keystone.server.flask.application     result = self._query(query)
Jan 23 11:53:33 ubuntu devstack@keystone.service[81307]: ERROR keystone.server.flask.application   File "/opt/stack/data/venv/lib/python3.10/site-packages/pymysql/cursors.py", line 322, in _query
Jan 23 11:53:33 ubuntu devstack@keystone.service[81307]: ERROR keystone.server.flask.application     conn.query(q)
Jan 23 11:53:33 ubuntu devstack@keystone.service[81307]: ERROR keystone.server.flask.application   File "/opt/stack/data/venv/lib/python3.10/site-packages/pymysql/connections.py", line 575, in query
Jan 23 11:53:33 ubuntu devstack@keystone.service[81307]: ERROR keystone.server.flask.application     self._affected_rows = self._read_query_result(unbuffered=unbuffered)
Jan 23 11:53:33 ubuntu devstack@keystone.service[81307]: ERROR keystone.server.flask.application   File "/opt/stack/data/venv/lib/python3.10/site-packages/pymysql/connections.py", line 826, in _read_query_result
Jan 23 11:53:33 ubuntu devstack@keystone.service[81307]: ERROR keystone.server.flask.application     result.read()
Jan 23 11:53:33 ubuntu devstack@keystone.service[81307]: ERROR keystone.server.flask.application   File "/opt/stack/data/venv/lib/python3.10/site-packages/pymysql/connections.py", line 1203, in read
Jan 23 11:53:33 ubuntu devstack@keystone.service[81307]: ERROR keystone.server.flask.application     first_packet = self.connection._read_packet()
Jan 23 11:53:33 ubuntu devstack@keystone.service[81307]: ERROR keystone.server.flask.application   File "/opt/stack/data/venv/lib/python3.10/site-packages/pymysql/connections.py", line 782, in _read_packet
Jan 23 11:53:33 ubuntu devstack@keystone.service[81307]: ERROR keystone.server.flask.application     packet.raise_for_error()
Jan 23 11:53:33 ubuntu devstack@keystone.service[81307]: ERROR keystone.server.flask.application   File "/opt/stack/data/venv/lib/python3.10/site-packages/pymysql/protocol.py", line 219, in raise_for_error
Jan 23 11:53:33 ubuntu devstack@keystone.service[81307]: ERROR keystone.server.flask.application     err.raise_mysql_exception(self._data)
Jan 23 11:53:33 ubuntu devstack@keystone.service[81307]: ERROR keystone.server.flask.application   File "/opt/stack/data/venv/lib/python3.10/site-packages/pymysql/err.py", line 150, in raise_mysql_exception
Jan 23 11:53:33 ubuntu devstack@keystone.service[81307]: ERROR keystone.server.flask.application     raise errorclass(errno, errval)
Jan 23 11:53:33 ubuntu devstack@keystone.service[81307]: ERROR keystone.server.flask.application pymysql.err.IntegrityError: (1062, "Duplicate entry 'service-<<null>>' for key 'role.ixu_role_name_domain_id'")
Jan 23 11:53:33 ubuntu devstack@keystone.service[81307]: ERROR keystone.server.flask.application 
Jan 23 11:53:33 ubuntu devstack@keystone.service[81307]: ERROR keystone.server.flask.application The above exception was the direct cause of the following exception:
Jan 23 11:53:33 ubuntu devstack@keystone.service[81307]: ERROR keystone.server.flask.application 
Jan 23 11:53:33 ubuntu devstack@keystone.service[81307]: ERROR keystone.server.flask.application Traceback (most recent call last):
Jan 23 11:53:33 ubuntu devstack@keystone.service[81307]: ERROR keystone.server.flask.application   File "/opt/stack/keystone/keystone/common/sql/core.py", line 575, in wrapper
Jan 23 11:53:33 ubuntu devstack@keystone.service[81307]: ERROR keystone.server.flask.application     return method(*args, **kwargs)
Jan 23 11:53:33 ubuntu devstack@keystone.service[81307]: ERROR keystone.server.flask.application   File "/opt/stack/keystone/keystone/assignment/role_backends/sql.py", line 25, in create_role
Jan 23 11:53:33 ubuntu devstack@keystone.service[81307]: ERROR keystone.server.flask.application     with sql.session_for_write() as session:
Jan 23 11:53:33 ubuntu devstack@keystone.service[81307]: ERROR keystone.server.flask.application   File "/usr/lib/python3.10/contextlib.py", line 142, in __exit__
Jan 23 11:53:33 ubuntu devstack@keystone.service[81307]: ERROR keystone.server.flask.application     next(self.gen)
Jan 23 11:53:33 ubuntu devstack@keystone.service[81307]: ERROR keystone.server.flask.application   File "/opt/stack/data/venv/lib/python3.10/site-packages/oslo_db/sqlalchemy/enginefacade.py", line 1175, in _transaction_scope
Jan 23 11:53:33 ubuntu devstack@keystone.service[81307]: ERROR keystone.server.flask.application     with current._produce_block(
Jan 23 11:53:33 ubuntu devstack@keystone.service[81307]: ERROR keystone.server.flask.application   File "/usr/lib/python3.10/contextlib.py", line 142, in __exit__
Jan 23 11:53:33 ubuntu devstack@keystone.service[81307]: ERROR keystone.server.flask.application     next(self.gen)
Jan 23 11:53:33 ubuntu devstack@keystone.service[81307]: ERROR keystone.server.flask.application   File "/opt/stack/data/venv/lib/python3.10/site-packages/oslo_db/sqlalchemy/enginefacade.py", line 837, in _session
Jan 23 11:53:33 ubuntu devstack@keystone.service[81307]: ERROR keystone.server.flask.application     with excutils.save_and_reraise_exception():
Jan 23 11:53:33 ubuntu devstack@keystone.service[81307]: ERROR keystone.server.flask.application   File "/opt/stack/data/venv/lib/python3.10/site-packages/oslo_utils/excutils.py", line 256, in __exit__
Jan 23 11:53:33 ubuntu devstack@keystone.service[81307]: ERROR keystone.server.flask.application     self.force_reraise()
Jan 23 11:53:33 ubuntu devstack@keystone.service[81307]: ERROR keystone.server.flask.application   File "/opt/stack/data/venv/lib/python3.10/site-packages/oslo_utils/excutils.py", line 222, in force_reraise
Jan 23 11:53:33 ubuntu devstack@keystone.service[81307]: ERROR keystone.server.flask.application     raise self.value
Jan 23 11:53:33 ubuntu devstack@keystone.service[81307]: ERROR keystone.server.flask.application   File "/opt/stack/data/venv/lib/python3.10/site-packages/oslo_db/sqlalchemy/enginefacade.py", line 835, in _session
