Apr 13 12:59:54 ubuntu devstack@keystone.service[81992]: DEBUG keystone.common.rbac_enforcer.enforcer [None req-8cb8841f-87bd-4159-803e-fc92ff60ee2c None admin] RBAC: Authorizing `identity:list_domains()` {{(pid=81992) enforce_call /opt/stack/keystone/keystone/common/rbac_enforcer/enforcer.py:494}}
Apr 13 12:59:54 ubuntu devstack@keystone.service[81992]: DEBUG keystone.common.rbac_enforcer.enforcer [None req-8cb8841f-87bd-4159-803e-fc92ff60ee2c None admin] RBAC: Authorization granted {{(pid=81992) enforce_call /opt/stack/keystone/keystone/common/rbac_enforcer/enforcer.py:505}}
Apr 13 12:59:54 ubuntu devstack@keystone.service[81992]: [pid: 81992|app: 0|req: 11/21] 10.201.5.82 () {56 vars in 1159 bytes} [Mon Apr 13 12:59:54 2026] GET /identity/v3/domains?name=Default => generated 308 bytes in 72 msecs (HTTP/1.1 200) 5 headers in 177 bytes (2 switches on core 0)
Apr 13 12:59:54 ubuntu devstack@keystone.service[81991]: [pid: 81991|app: 0|req: 11/22] 10.201.5.82 () {58 vars in 1398 bytes} [Mon Apr 13 12:59:54 2026] PUT /identity/v3/domains/default/users/4342326c894840c9a2a741ff14df7202/roles/ea26c5d0a3484b87b12bafecd47cf7cd => generated 0 bytes in 205 msecs (HTTP/1.1 204) 3 headers in 132 bytes (0 switches on core 0)
Apr 13 12:59:55 ubuntu devstack@keystone.service[81992]: DEBUG keystone.server.flask.request_processing.req_logging [None req-ecd098df-7e33-4a51-a376-e27ae3a9b955 None None] REQUEST_METHOD: `GET` {{(pid=81992) log_request_info /opt/stack/keystone/keystone/server/flask/request_processing/req_logging.py:26}}
Apr 13 12:59:55 ubuntu devstack@keystone.service[81992]: DEBUG keystone.server.flask.request_processing.req_logging [None req-ecd098df-7e33-4a51-a376-e27ae3a9b955 None None] SCRIPT_NAME: `/identity` {{(pid=81992) log_request_info /opt/stack/keystone/keystone/server/flask/request_processing/req_logging.py:27}}
Apr 13 12:59:55 ubuntu devstack@keystone.service[81992]: DEBUG keystone.server.flask.request_processing.req_logging [None req-ecd098df-7e33-4a51-a376-e27ae3a9b955 None None] PATH_INFO: `/` {{(pid=81992) log_request_info /opt/stack/keystone/keystone/server/flask/request_processing/req_logging.py:28}}
Apr 13 12:59:55 ubuntu devstack@keystone.service[81992]: [pid: 81992|app: 0|req: 12/23] 10.201.5.82 () {54 vars in 920 bytes} [Mon Apr 13 12:59:55 2026] GET /identity => generated 270 bytes in 2 msecs (HTTP/1.1 300) 6 headers in 234 bytes (1 switches on core 0)
Apr 13 12:59:55 ubuntu devstack@keystone.service[81991]: DEBUG keystone.server.flask.request_processing.req_logging [None req-81a6c919-cf6b-49d2-9751-a05eb6c0d930 None None] REQUEST_METHOD: `POST` {{(pid=81991) log_request_info /opt/stack/keystone/keystone/server/flask/request_processing/req_logging.py:26}}
Apr 13 12:59:55 ubuntu devstack@keystone.service[81991]: DEBUG keystone.server.flask.request_processing.req_logging [None req-81a6c919-cf6b-49d2-9751-a05eb6c0d930 None None] SCRIPT_NAME: `/identity` {{(pid=81991) log_request_info /opt/stack/keystone/keystone/server/flask/request_processing/req_logging.py:27}}
Apr 13 12:59:55 ubuntu devstack@keystone.service[81991]: DEBUG keystone.server.flask.request_processing.req_logging [None req-81a6c919-cf6b-49d2-9751-a05eb6c0d930 None None] PATH_INFO: `/v3/auth/tokens` {{(pid=81991) log_request_info /opt/stack/keystone/keystone/server/flask/request_processing/req_logging.py:28}}
Apr 13 12:59:55 ubuntu devstack@keystone.service[81991]: WARNING keystone.common.password_hashing [None req-81a6c919-cf6b-49d2-9751-a05eb6c0d930 None None] Truncating password to algorithm specific maximum length 72 characters.
Apr 13 12:59:55 ubuntu devstack@keystone.service[81991]: DEBUG keystone.auth.core [None req-81a6c919-cf6b-49d2-9751-a05eb6c0d930 None None] MFA Rules not processed for user `4342326c894840c9a2a741ff14df7202`. Rule list: `[]` (Enabled: `True`). {{(pid=81991) check_auth_methods_against_rules /opt/stack/keystone/keystone/auth/core.py:476}}
Apr 13 12:59:55 ubuntu devstack@keystone.service[81991]: DEBUG keystone.common.fernet_utils [None req-81a6c919-cf6b-49d2-9751-a05eb6c0d930 None None] Loaded 2 Fernet keys from /etc/keystone/fernet-keys/, but `[fernet_tokens] max_active_keys = 3`; perhaps there have not been enough key rotations to reach `max_active_keys` yet? {{(pid=81991) load_keys /opt/stack/keystone/keystone/common/fernet_utils.py:297}}
Apr 13 12:59:55 ubuntu devstack@keystone.service[81991]: [pid: 81991|app: 0|req: 12/24] 10.201.5.82 () {58 vars in 1017 bytes} [Mon Apr 13 12:59:55 2026] POST /identity/v3/auth/tokens => generated 862 bytes in 63 msecs (HTTP/1.1 201) 6 headers in 363 bytes (1 switches on core 0)
Apr 13 12:59:55 ubuntu devstack@keystone.service[81992]: DEBUG keystone.server.flask.request_processing.req_logging [None req-5bba0c4a-51d0-417b-a4b0-21626966e048 None None] REQUEST_METHOD: `GET` {{(pid=81992) log_request_info /opt/stack/keystone/keystone/server/flask/request_processing/req_logging.py:26}}
Apr 13 12:59:55 ubuntu devstack@keystone.service[81992]: DEBUG keystone.server.flask.request_processing.req_logging [None req-5bba0c4a-51d0-417b-a4b0-21626966e048 None None] SCRIPT_NAME: `/identity` {{(pid=81992) log_request_info /opt/stack/keystone/keystone/server/flask/request_processing/req_logging.py:27}}
Apr 13 12:59:55 ubuntu devstack@keystone.service[81992]: DEBUG keystone.server.flask.request_processing.req_logging [None req-5bba0c4a-51d0-417b-a4b0-21626966e048 None None] PATH_INFO: `/` {{(pid=81992) log_request_info /opt/stack/keystone/keystone/server/flask/request_processing/req_logging.py:28}}
Apr 13 12:59:55 ubuntu devstack@keystone.service[81992]: [pid: 81992|app: 0|req: 13/25] 10.201.5.82 () {54 vars in 920 bytes} [Mon Apr 13 12:59:55 2026] GET /identity => generated 270 bytes in 2 msecs (HTTP/1.1 300) 6 headers in 234 bytes (1 switches on core 0)
Apr 13 12:59:55 ubuntu devstack@keystone.service[81991]: DEBUG keystone.server.flask.request_processing.req_logging [None req-b3f8ab8c-8b50-43a1-8b84-fbb13cf6256e None None] REQUEST_METHOD: `POST` {{(pid=81991) log_request_info /opt/stack/keystone/keystone/server/flask/request_processing/req_logging.py:26}}
Apr 13 12:59:55 ubuntu devstack@keystone.service[81991]: DEBUG keystone.server.flask.request_processing.req_logging [None req-b3f8ab8c-8b50-43a1-8b84-fbb13cf6256e None None] SCRIPT_NAME: `/identity` {{(pid=81991) log_request_info /opt/stack/keystone/keystone/server/flask/request_processing/req_logging.py:27}}
Apr 13 12:59:55 ubuntu devstack@keystone.service[81991]: DEBUG keystone.server.flask.request_processing.req_logging [None req-b3f8ab8c-8b50-43a1-8b84-fbb13cf6256e None None] PATH_INFO: `/v3/auth/tokens` {{(pid=81991) log_request_info /opt/stack/keystone/keystone/server/flask/request_processing/req_logging.py:28}}
Apr 13 12:59:55 ubuntu devstack@keystone.service[81991]: WARNING keystone.common.password_hashing [None req-b3f8ab8c-8b50-43a1-8b84-fbb13cf6256e None None] Truncating password to algorithm specific maximum length 72 characters.
Apr 13 12:59:55 ubuntu devstack@keystone.service[81991]: DEBUG keystone.auth.core [None req-b3f8ab8c-8b50-43a1-8b84-fbb13cf6256e None None] MFA Rules not processed for user `4342326c894840c9a2a741ff14df7202`. Rule list: `[]` (Enabled: `True`). {{(pid=81991) check_auth_methods_against_rules /opt/stack/keystone/keystone/auth/core.py:476}}
Apr 13 12:59:55 ubuntu devstack@keystone.service[81991]: DEBUG keystone.common.fernet_utils [None req-b3f8ab8c-8b50-43a1-8b84-fbb13cf6256e None None] Loaded 2 Fernet keys from /etc/keystone/fernet-keys/, but `[fernet_tokens] max_active_keys = 3`; perhaps there have not been enough key rotations to reach `max_active_keys` yet? {{(pid=81991) load_keys /opt/stack/keystone/keystone/common/fernet_utils.py:297}}
Apr 13 12:59:55 ubuntu devstack@keystone.service[81991]: [pid: 81991|app: 0|req: 13/26] 10.201.5.82 () {58 vars in 1017 bytes} [Mon Apr 13 12:59:55 2026] POST /identity/v3/auth/tokens => generated 862 bytes in 49 msecs (HTTP/1.1 201) 6 headers in 363 bytes (1 switches on core 0)
Apr 13 12:59:55 ubuntu devstack@keystone.service[81992]: DEBUG keystone.server.flask.request_processing.middleware.auth_context [None req-5bba0c4a-51d0-417b-a4b0-21626966e048 None None] Authenticating user token {{(pid=81992) process_request /opt/stack/data/venv/lib/python3.10/site-packages/keystonemiddleware/auth_token/__init__.py:407}}
Apr 13 12:59:55 ubuntu devstack@keystone.service[81991]: DEBUG keystone.server.flask.request_processing.middleware.auth_context [None req-b3f8ab8c-8b50-43a1-8b84-fbb13cf6256e None None] Authenticating user token {{(pid=81991) process_request /opt/stack/data/venv/lib/python3.10/site-packages/keystonemiddleware/auth_token/__init__.py:407}}
Apr 13 12:59:55 ubuntu devstack@keystone.service[81992]: DEBUG keystone.server.flask.request_processing.middleware.auth_context [None req-5bba0c4a-51d0-417b-a4b0-21626966e048 None None] Validating token access rules against request {{(pid=81992) validate_allowed_request /opt/stack/data/venv/lib/python3.10/site-packages/keystonemiddleware/auth_token/__init__.py:545}}
Apr 13 12:59:55 ubuntu devstack@keystone.service[81992]: DEBUG keystone.server.flask.request_processing.middleware.auth_context [None req-376a797f-7c95-42bc-acba-e973eb6970ce None admin] RBAC: auth_context: {'token': <TokenModel (audit_id=VtjB_F1lRfmDgMTWi5RQAA, audit_chain_id=['VtjB_F1lRfmDgMTWi5RQAA']) at 0x7f3220570f70>, 'domain_id': None, 'trust_id': None, 'trustor_id': None, 'trustee_id': None, 'domain_name': None, 'group_ids': [], 'user_id': '4342326c894840c9a2a741ff14df7202', 'user_domain_id': 'default', 'system_scope': 'all', 'project_id': None, 'project_domain_id': None, 'roles': ['admin', 'manager', 'member', 'reader'], 'is_admin_project': True, 'service_user_id': None, 'service_user_domain_id': None, 'service_project_id': None, 'service_project_domain_id': None, 'service_roles': []} {{(pid=81992) fill_context /opt/stack/keystone/keystone/server/flask/request_processing/middleware/auth_context.py:509}}
Apr 13 12:59:55 ubuntu devstack@keystone.service[81992]: DEBUG keystone.server.flask.request_processing.req_logging [None req-376a797f-7c95-42bc-acba-e973eb6970ce None admin] REQUEST_METHOD: `GET` {{(pid=81992) log_request_info /opt/stack/keystone/keystone/server/flask/request_processing/req_logging.py:26}}
Apr 13 12:59:55 ubuntu devstack@keystone.service[81992]: DEBUG keystone.server.flask.request_processing.req_logging [None req-376a797f-7c95-42bc-acba-e973eb6970ce None admin] SCRIPT_NAME: `/identity` {{(pid=81992) log_request_info /opt/stack/keystone/keystone/server/flask/request_processing/req_logging.py:27}}
Apr 13 12:59:55 ubuntu devstack@keystone.service[81991]: DEBUG keystone.server.flask.request_processing.middleware.auth_context [None req-b3f8ab8c-8b50-43a1-8b84-fbb13cf6256e None None] Validating token access rules against request {{(pid=81991) validate_allowed_request /opt/stack/data/venv/lib/python3.10/site-packages/keystonemiddleware/auth_token/__init__.py:545}}
Apr 13 12:59:55 ubuntu devstack@keystone.service[81992]: DEBUG keystone.server.flask.request_processing.req_logging [None req-376a797f-7c95-42bc-acba-e973eb6970ce None admin] PATH_INFO: `/v3/roles/admin` {{(pid=81992) log_request_info /opt/stack/keystone/keystone/server/flask/request_processing/req_logging.py:28}}
Apr 13 12:59:55 ubuntu devstack@keystone.service[81992]: DEBUG keystone.common.rbac_enforcer.enforcer [None req-376a797f-7c95-42bc-acba-e973eb6970ce None admin] Extracting inferred target data resulted in "NOT FOUND (404)". {{(pid=81992) enforce_call /opt/stack/keystone/keystone/common/rbac_enforcer/enforcer.py:445}}
Apr 13 12:59:55 ubuntu devstack@keystone.service[81991]: DEBUG keystone.server.flask.request_processing.middleware.auth_context [None req-2280ddfc-dba5-4110-86dd-cdd579af65da None admin] RBAC: auth_context: {'token': <TokenModel (audit_id=4eGx4xW5TOqK7d5MITAwTg, audit_chain_id=['4eGx4xW5TOqK7d5MITAwTg']) at 0x7f322057dea0>, 'domain_id': None, 'trust_id': None, 'trustor_id': None, 'trustee_id': None, 'domain_name': None, 'group_ids': [], 'user_id': '4342326c894840c9a2a741ff14df7202', 'user_domain_id': 'default', 'system_scope': 'all', 'project_id': None, 'project_domain_id': None, 'roles': ['admin', 'manager', 'member', 'reader'], 'is_admin_project': True, 'service_user_id': None, 'service_user_domain_id': None, 'service_project_id': None, 'service_project_domain_id': None, 'service_roles': []} {{(pid=81991) fill_context /opt/stack/keystone/keystone/server/flask/request_processing/middleware/auth_context.py:509}}
Apr 13 12:59:55 ubuntu devstack@keystone.service[81991]: DEBUG keystone.server.flask.request_processing.req_logging [None req-2280ddfc-dba5-4110-86dd-cdd579af65da None admin] REQUEST_METHOD: `GET` {{(pid=81991) log_request_info /opt/stack/keystone/keystone/server/flask/request_processing/req_logging.py:26}}
Apr 13 12:59:55 ubuntu devstack@keystone.service[81991]: DEBUG keystone.server.flask.request_processing.req_logging [None req-2280ddfc-dba5-4110-86dd-cdd579af65da None admin] SCRIPT_NAME: `/identity` {{(pid=81991) log_request_info /opt/stack/keystone/keystone/server/flask/request_processing/req_logging.py:27}}
Apr 13 12:59:55 ubuntu devstack@keystone.service[81992]: DEBUG keystone.server.flask.application [None req-376a797f-7c95-42bc-acba-e973eb6970ce None admin] Could not find role: admin. {{(pid=81992) _handle_keystone_exception /opt/stack/keystone/keystone/server/flask/application.py:146}}
Apr 13 12:59:55 ubuntu devstack@keystone.service[81991]: DEBUG keystone.server.flask.request_processing.req_logging [None req-2280ddfc-dba5-4110-86dd-cdd579af65da None admin] PATH_INFO: `/v3/domains/Default` {{(pid=81991) log_request_info /opt/stack/keystone/keystone/server/flask/request_processing/req_logging.py:28}}
Apr 13 12:59:55 ubuntu devstack@keystone.service[81992]: [pid: 81992|app: 0|req: 14/27] 10.201.5.82 () {56 vars in 1133 bytes} [Mon Apr 13 12:59:55 2026] GET /identity/v3/roles/admin => generated 83 bytes in 108 msecs (HTTP/1.1 404) 5 headers in 183 bytes (1 switches on core 0)
Apr 13 12:59:55 ubuntu devstack@keystone.service[81992]: DEBUG keystone.server.flask.request_processing.req_logging [None req-f551c319-b8e1-4a7c-a710-05a0bb348a31 None None] REQUEST_METHOD: `GET` {{(pid=81992) log_request_info /opt/stack/keystone/keystone/server/flask/request_processing/req_logging.py:26}}
Apr 13 12:59:55 ubuntu devstack@keystone.service[81992]: DEBUG keystone.server.flask.request_processing.req_logging [None req-f551c319-b8e1-4a7c-a710-05a0bb348a31 None None] SCRIPT_NAME: `/identity` {{(pid=81992) log_request_info /opt/stack/keystone/keystone/server/flask/request_processing/req_logging.py:27}}
Apr 13 12:59:55 ubuntu devstack@keystone.service[81992]: DEBUG keystone.server.flask.request_processing.req_logging [None req-f551c319-b8e1-4a7c-a710-05a0bb348a31 None None] PATH_INFO: `/` {{(pid=81992) log_request_info /opt/stack/keystone/keystone/server/flask/request_processing/req_logging.py:28}}
Apr 13 12:59:55 ubuntu devstack@keystone.service[81992]: [pid: 81992|app: 0|req: 15/28] 10.201.5.82 () {54 vars in 920 bytes} [Mon Apr 13 12:59:55 2026] GET /identity => generated 270 bytes in 1 msecs (HTTP/1.1 300) 6 headers in 234 bytes (1 switches on core 0)
Apr 13 12:59:55 ubuntu devstack@keystone.service[81991]: DEBUG keystone.common.rbac_enforcer.enforcer [None req-2280ddfc-dba5-4110-86dd-cdd579af65da None admin] RBAC: Authorizing `identity:get_domain(domain_id=Default)` {{(pid=81991) enforce_call /opt/stack/keystone/keystone/common/rbac_enforcer/enforcer.py:494}}
Apr 13 12:59:55 ubuntu devstack@keystone.service[81992]: DEBUG keystone.server.flask.request_processing.middleware.auth_context [None req-f551c319-b8e1-4a7c-a710-05a0bb348a31 None None] Authenticating user token {{(pid=81992) process_request /opt/stack/data/venv/lib/python3.10/site-packages/keystonemiddleware/auth_token/__init__.py:407}}
Apr 13 12:59:55 ubuntu devstack@keystone.service[81991]: DEBUG keystone.common.rbac_enforcer.enforcer [None req-2280ddfc-dba5-4110-86dd-cdd579af65da None admin] RBAC: Authorization granted {{(pid=81991) enforce_call /opt/stack/keystone/keystone/common/rbac_enforcer/enforcer.py:505}}
Apr 13 12:59:55 ubuntu devstack@keystone.service[81991]: DEBUG keystone.server.flask.application [None req-2280ddfc-dba5-4110-86dd-cdd579af65da None admin] Could not find domain: Default. {{(pid=81991) _handle_keystone_exception /opt/stack/keystone/keystone/server/flask/application.py:146}}
Apr 13 12:59:55 ubuntu devstack@keystone.service[81991]: [pid: 81991|app: 0|req: 14/29] 10.201.5.82 () {56 vars in 1145 bytes} [Mon Apr 13 12:59:55 2026] GET /identity/v3/domains/Default => generated 87 bytes in 87 msecs (HTTP/1.1 404) 5 headers in 183 bytes (1 switches on core 0)
Apr 13 12:59:55 ubuntu devstack@keystone.service[81991]: DEBUG keystone.server.flask.request_processing.req_logging [None req-e07b0548-2e28-405f-8f12-9b889656faae None None] REQUEST_METHOD: `POST` {{(pid=81991) log_request_info /opt/stack/keystone/keystone/server/flask/request_processing/req_logging.py:26}}
Apr 13 12:59:55 ubuntu devstack@keystone.service[81991]: DEBUG keystone.server.flask.request_processing.req_logging [None req-e07b0548-2e28-405f-8f12-9b889656faae None None] SCRIPT_NAME: `/identity` {{(pid=81991) log_request_info /opt/stack/keystone/keystone/server/flask/request_processing/req_logging.py:27}}
Apr 13 12:59:55 ubuntu devstack@keystone.service[81991]: DEBUG keystone.server.flask.request_processing.req_logging [None req-e07b0548-2e28-405f-8f12-9b889656faae None None] PATH_INFO: `/v3/auth/tokens` {{(pid=81991) log_request_info /opt/stack/keystone/keystone/server/flask/request_processing/req_logging.py:28}}
Apr 13 12:59:55 ubuntu devstack@keystone.service[81991]: WARNING keystone.common.password_hashing [None req-e07b0548-2e28-405f-8f12-9b889656faae None None] Truncating password to algorithm specific maximum length 72 characters.
Apr 13 12:59:55 ubuntu devstack@keystone.service[81991]: DEBUG keystone.auth.core [None req-e07b0548-2e28-405f-8f12-9b889656faae None None] MFA Rules not processed for user `4342326c894840c9a2a741ff14df7202`. Rule list: `[]` (Enabled: `True`). {{(pid=81991) check_auth_methods_against_rules /opt/stack/keystone/keystone/auth/core.py:476}}
Apr 13 12:59:55 ubuntu devstack@keystone.service[81991]: DEBUG keystone.common.fernet_utils [None req-e07b0548-2e28-405f-8f12-9b889656faae None None] Loaded 2 Fernet keys from /etc/keystone/fernet-keys/, but `[fernet_tokens] max_active_keys = 3`; perhaps there have not been enough key rotations to reach `max_active_keys` yet? {{(pid=81991) load_keys /opt/stack/keystone/keystone/common/fernet_utils.py:297}}
Apr 13 12:59:55 ubuntu devstack@keystone.service[81992]: DEBUG keystone.server.flask.request_processing.middleware.auth_context [None req-f551c319-b8e1-4a7c-a710-05a0bb348a31 None None] Validating token access rules against request {{(pid=81992) validate_allowed_request /opt/stack/data/venv/lib/python3.10/site-packages/keystonemiddleware/auth_token/__init__.py:545}}
Apr 13 12:59:55 ubuntu devstack@keystone.service[81991]: [pid: 81991|app: 0|req: 15/30] 10.201.5.82 () {58 vars in 1017 bytes} [Mon Apr 13 12:59:55 2026] POST /identity/v3/auth/tokens => generated 862 bytes in 48 msecs (HTTP/1.1 201) 6 headers in 363 bytes (1 switches on core 0)
Apr 13 12:59:55 ubuntu devstack@keystone.service[81991]: DEBUG keystone.server.flask.request_processing.middleware.auth_context [None req-e07b0548-2e28-405f-8f12-9b889656faae None None] Authenticating user token {{(pid=81991) process_request /opt/stack/data/venv/lib/python3.10/site-packages/keystonemiddleware/auth_token/__init__.py:407}}
Apr 13 12:59:55 ubuntu devstack@keystone.service[81992]: DEBUG keystone.server.flask.request_processing.middleware.auth_context [None req-997fc70a-19fc-4643-a02f-b0b26db5af32 None admin] RBAC: auth_context: {'token': <TokenModel (audit_id=VtjB_F1lRfmDgMTWi5RQAA, audit_chain_id=['VtjB_F1lRfmDgMTWi5RQAA']) at 0x7f32200c91b0>, 'domain_id': None, 'trust_id': None, 'trustor_id': None, 'trustee_id': None, 'domain_name': None, 'group_ids': [], 'user_id': '4342326c894840c9a2a741ff14df7202', 'user_domain_id': 'default', 'system_scope': 'all', 'project_id': None, 'project_domain_id': None, 'roles': ['admin', 'manager', 'member', 'reader'], 'is_admin_project': True, 'service_user_id': None, 'service_user_domain_id': None, 'service_project_id': None, 'service_project_domain_id': None, 'service_roles': []} {{(pid=81992) fill_context /opt/stack/keystone/keystone/server/flask/request_processing/middleware/auth_context.py:509}}
Apr 13 12:59:55 ubuntu devstack@keystone.service[81992]: DEBUG keystone.server.flask.request_processing.req_logging [None req-997fc70a-19fc-4643-a02f-b0b26db5af32 None admin] REQUEST_METHOD: `GET` {{(pid=81992) log_request_info /opt/stack/keystone/keystone/server/flask/request_processing/req_logging.py:26}}
Apr 13 12:59:55 ubuntu devstack@keystone.service[81992]: DEBUG keystone.server.flask.request_processing.req_logging [None req-997fc70a-19fc-4643-a02f-b0b26db5af32 None admin] SCRIPT_NAME: `/identity` {{(pid=81992) log_request_info /opt/stack/keystone/keystone/server/flask/request_processing/req_logging.py:27}}
Apr 13 12:59:55 ubuntu devstack@keystone.service[81992]: DEBUG keystone.server.flask.request_processing.req_logging [None req-997fc70a-19fc-4643-a02f-b0b26db5af32 None admin] PATH_INFO: `/v3/roles` {{(pid=81992) log_request_info /opt/stack/keystone/keystone/server/flask/request_processing/req_logging.py:28}}
Apr 13 12:59:56 ubuntu devstack@keystone.service[81992]: DEBUG keystone.common.rbac_enforcer.enforcer [None req-997fc70a-19fc-4643-a02f-b0b26db5af32 None admin] RBAC: Adding query filter params (name=admin) {{(pid=81992) _extract_filter_values /opt/stack/keystone/keystone/common/rbac_enforcer/enforcer.py:176}}
Apr 13 12:59:56 ubuntu devstack@keystone.service[81992]: DEBUG keystone.common.rbac_enforcer.enforcer [None req-997fc70a-19fc-4643-a02f-b0b26db5af32 None admin] RBAC: Authorizing `identity:list_roles()` {{(pid=81992) enforce_call /opt/stack/keystone/keystone/common/rbac_enforcer/enforcer.py:494}}
Apr 13 12:59:56 ubuntu devstack@keystone.service[81992]: DEBUG keystone.common.rbac_enforcer.enforcer [None req-997fc70a-19fc-4643-a02f-b0b26db5af32 None admin] RBAC: Authorization granted {{(pid=81992) enforce_call /opt/stack/keystone/keystone/common/rbac_enforcer/enforcer.py:505}}
Apr 13 12:59:56 ubuntu devstack@keystone.service[81992]: [pid: 81992|app: 0|req: 16/31] 10.201.5.82 () {56 vars in 1149 bytes} [Mon Apr 13 12:59:55 2026] GET /identity/v3/roles?name=admin => generated 339 bytes in 76 msecs (HTTP/1.1 200) 5 headers in 177 bytes (1 switches on core 0)
Apr 13 12:59:56 ubuntu devstack@keystone.service[81992]: DEBUG keystone.server.flask.request_processing.middleware.auth_context [None req-997fc70a-19fc-4643-a02f-b0b26db5af32 None admin] Authenticating user token {{(pid=81992) process_request /opt/stack/data/venv/lib/python3.10/site-packages/keystonemiddleware/auth_token/__init__.py:407}}
Apr 13 12:59:56 ubuntu devstack@keystone.service[81991]: DEBUG keystone.server.flask.request_processing.middleware.auth_context [None req-e07b0548-2e28-405f-8f12-9b889656faae None None] Validating token access rules against request {{(pid=81991) validate_allowed_request /opt/stack/data/venv/lib/python3.10/site-packages/keystonemiddleware/auth_token/__init__.py:545}}
Apr 13 12:59:56 ubuntu devstack@keystone.service[81991]: DEBUG keystone.server.flask.request_processing.middleware.auth_context [None req-a53c93bb-8a54-4d3c-95b8-32ee9190fe53 None admin] RBAC: auth_context: {'token': <TokenModel (audit_id=4eGx4xW5TOqK7d5MITAwTg, audit_chain_id=['4eGx4xW5TOqK7d5MITAwTg']) at 0x7f32203a48b0>, 'domain_id': None, 'trust_id': None, 'trustor_id': None, 'trustee_id': None, 'domain_name': None, 'group_ids': [], 'user_id': '4342326c894840c9a2a741ff14df7202', 'user_domain_id': 'default', 'system_scope': 'all', 'project_id': None, 'project_domain_id': None, 'roles': ['admin', 'manager', 'member', 'reader'], 'is_admin_project': True, 'service_user_id': None, 'service_user_domain_id': None, 'service_project_id': None, 'service_project_domain_id': None, 'service_roles': []} {{(pid=81991) fill_context /opt/stack/keystone/keystone/server/flask/request_processing/middleware/auth_context.py:509}}
Apr 13 12:59:56 ubuntu devstack@keystone.service[81991]: DEBUG keystone.server.flask.request_processing.req_logging [None req-a53c93bb-8a54-4d3c-95b8-32ee9190fe53 None admin] REQUEST_METHOD: `GET` {{(pid=81991) log_request_info /opt/stack/keystone/keystone/server/flask/request_processing/req_logging.py:26}}
Apr 13 12:59:56 ubuntu devstack@keystone.service[81991]: DEBUG keystone.server.flask.request_processing.req_logging [None req-a53c93bb-8a54-4d3c-95b8-32ee9190fe53 None admin] SCRIPT_NAME: `/identity` {{(pid=81991) log_request_info /opt/stack/keystone/keystone/server/flask/request_processing/req_logging.py:27}}
Apr 13 12:59:56 ubuntu devstack@keystone.service[81991]: DEBUG keystone.server.flask.request_processing.req_logging [None req-a53c93bb-8a54-4d3c-95b8-32ee9190fe53 None admin] PATH_INFO: `/v3/domains` {{(pid=81991) log_request_info /opt/stack/keystone/keystone/server/flask/request_processing/req_logging.py:28}}
Apr 13 12:59:56 ubuntu devstack@keystone.service[81991]: DEBUG keystone.common.rbac_enforcer.enforcer [None req-a53c93bb-8a54-4d3c-95b8-32ee9190fe53 None admin] RBAC: Adding query filter params (name=Default) {{(pid=81991) _extract_filter_values /opt/stack/keystone/keystone/common/rbac_enforcer/enforcer.py:176}}
Apr 13 12:59:56 ubuntu devstack@keystone.service[81991]: DEBUG keystone.common.rbac_enforcer.enforcer [None req-a53c93bb-8a54-4d3c-95b8-32ee9190fe53 None admin] RBAC: Authorizing `identity:list_domains()` {{(pid=81991) enforce_call /opt/stack/keystone/keystone/common/rbac_enforcer/enforcer.py:494}}
Apr 13 12:59:56 ubuntu devstack@keystone.service[81991]: DEBUG keystone.common.rbac_enforcer.enforcer [None req-a53c93bb-8a54-4d3c-95b8-32ee9190fe53 None admin] RBAC: Authorization granted {{(pid=81991) enforce_call /opt/stack/keystone/keystone/common/rbac_enforcer/enforcer.py:505}}
Apr 13 12:59:56 ubuntu devstack@keystone.service[81991]: [pid: 81991|app: 0|req: 16/32] 10.201.5.82 () {56 vars in 1159 bytes} [Mon Apr 13 12:59:55 2026] GET /identity/v3/domains?name=Default => generated 308 bytes in 62 msecs (HTTP/1.1 200) 5 headers in 177 bytes (1 switches on core 0)
Apr 13 12:59:56 ubuntu devstack@keystone.service[81991]: DEBUG keystone.server.flask.request_processing.middleware.auth_context [None req-a53c93bb-8a54-4d3c-95b8-32ee9190fe53 None admin] Authenticating user token {{(pid=81991) process_request /opt/stack/data/venv/lib/python3.10/site-packages/keystonemiddleware/auth_token/__init__.py:407}}
Apr 13 12:59:56 ubuntu devstack@keystone.service[81991]: DEBUG keystone.server.flask.request_processing.middleware.auth_context [None req-a53c93bb-8a54-4d3c-95b8-32ee9190fe53 None admin] Validating token access rules against request {{(pid=81991) validate_allowed_request /opt/stack/data/venv/lib/python3.10/site-packages/keystonemiddleware/auth_token/__init__.py:545}}
Apr 13 12:59:56 ubuntu devstack@keystone.service[81992]: DEBUG keystone.server.flask.request_processing.middleware.auth_context [None req-997fc70a-19fc-4643-a02f-b0b26db5af32 None admin] Validating token access rules against request {{(pid=81992) validate_allowed_request /opt/stack/data/venv/lib/python3.10/site-packages/keystonemiddleware/auth_token/__init__.py:545}}
Apr 13 12:59:56 ubuntu devstack@keystone.service[81991]: DEBUG keystone.server.flask.request_processing.middleware.auth_context [None req-c770bf2a-c66e-4469-bd7f-3af85b23de6e None admin] RBAC: auth_context: {'token': <TokenModel (audit_id=4eGx4xW5TOqK7d5MITAwTg, audit_chain_id=['4eGx4xW5TOqK7d5MITAwTg']) at 0x7f32203a41c0>, 'domain_id': None, 'trust_id': None, 'trustor_id': None, 'trustee_id': None, 'domain_name': None, 'group_ids': [], 'user_id': '4342326c894840c9a2a741ff14df7202', 'user_domain_id': 'default', 'system_scope': 'all', 'project_id': None, 'project_domain_id': None, 'roles': ['admin', 'manager', 'member', 'reader'], 'is_admin_project': True, 'service_user_id': None, 'service_user_domain_id': None, 'service_project_id': None, 'service_project_domain_id': None, 'service_roles': []} {{(pid=81991) fill_context /opt/stack/keystone/keystone/server/flask/request_processing/middleware/auth_context.py:509}}
Apr 13 12:59:56 ubuntu devstack@keystone.service[81991]: DEBUG keystone.server.flask.request_processing.req_logging [None req-c770bf2a-c66e-4469-bd7f-3af85b23de6e None admin] REQUEST_METHOD: `POST` {{(pid=81991) log_request_info /opt/stack/keystone/keystone/server/flask/request_processing/req_logging.py:26}}
Apr 13 12:59:56 ubuntu devstack@keystone.service[81991]: DEBUG keystone.server.flask.request_processing.req_logging [None req-c770bf2a-c66e-4469-bd7f-3af85b23de6e None admin] SCRIPT_NAME: `/identity` {{(pid=81991) log_request_info /opt/stack/keystone/keystone/server/flask/request_processing/req_logging.py:27}}
Apr 13 12:59:56 ubuntu devstack@keystone.service[81991]: DEBUG keystone.server.flask.request_processing.req_logging [None req-c770bf2a-c66e-4469-bd7f-3af85b23de6e None admin] PATH_INFO: `/v3/projects` {{(pid=81991) log_request_info /opt/stack/keystone/keystone/server/flask/request_processing/req_logging.py:28}}
Apr 13 12:59:56 ubuntu devstack@keystone.service[81991]: DEBUG keystone.common.rbac_enforcer.enforcer [None req-c770bf2a-c66e-4469-bd7f-3af85b23de6e None admin] RBAC: Authorizing `identity:create_project()` {{(pid=81991) enforce_call /opt/stack/keystone/keystone/common/rbac_enforcer/enforcer.py:494}}
Apr 13 12:59:56 ubuntu devstack@keystone.service[81991]: DEBUG keystone.common.rbac_enforcer.enforcer [None req-c770bf2a-c66e-4469-bd7f-3af85b23de6e None admin] RBAC: Authorization granted {{(pid=81991) enforce_call /opt/stack/keystone/keystone/common/rbac_enforcer/enforcer.py:505}}
Apr 13 12:59:56 ubuntu devstack@keystone.service[81991]: [pid: 81991|app: 0|req: 17/33] 10.201.5.82 () {60 vars in 1177 bytes} [Mon Apr 13 12:59:56 2026] POST /identity/v3/projects => generated 301 bytes in 69 msecs (HTTP/1.1 201) 5 headers in 182 bytes (1 switches on core 0)
Apr 13 12:59:56 ubuntu devstack@keystone.service[81992]: DEBUG keystone.server.flask.request_processing.middleware.auth_context [None req-eea0d7e5-dc50-4c1d-8628-2a0034a8b9c8 None admin] RBAC: auth_context: {'token': <TokenModel (audit_id=VtjB_F1lRfmDgMTWi5RQAA, audit_chain_id=['VtjB_F1lRfmDgMTWi5RQAA']) at 0x7f32200cbf70>, 'domain_id': None, 'trust_id': None, 'trustor_id': None, 'trustee_id': None, 'domain_name': None, 'group_ids': [], 'user_id': '4342326c894840c9a2a741ff14df7202', 'user_domain_id': 'default', 'system_scope': 'all', 'project_id': None, 'project_domain_id': None, 'roles': ['admin', 'manager', 'member', 'reader'], 'is_admin_project': True, 'service_user_id': None, 'service_user_domain_id': None, 'service_project_id': None, 'service_project_domain_id': None, 'service_roles': []} {{(pid=81992) fill_context /opt/stack/keystone/keystone/server/flask/request_processing/middleware/auth_context.py:509}}
Apr 13 12:59:56 ubuntu devstack@keystone.service[81992]: DEBUG keystone.server.flask.request_processing.req_logging [None req-eea0d7e5-dc50-4c1d-8628-2a0034a8b9c8 None admin] REQUEST_METHOD: `GET` {{(pid=81992) log_request_info /opt/stack/keystone/keystone/server/flask/request_processing/req_logging.py:26}}
Apr 13 12:59:56 ubuntu devstack@keystone.service[81992]: DEBUG keystone.server.flask.request_processing.req_logging [None req-eea0d7e5-dc50-4c1d-8628-2a0034a8b9c8 None admin] SCRIPT_NAME: `/identity` {{(pid=81992) log_request_info /opt/stack/keystone/keystone/server/flask/request_processing/req_logging.py:27}}
Apr 13 12:59:56 ubuntu devstack@keystone.service[81992]: DEBUG keystone.server.flask.request_processing.req_logging [None req-eea0d7e5-dc50-4c1d-8628-2a0034a8b9c8 None admin] PATH_INFO: `/v3/users/4342326c894840c9a2a741ff14df7202` {{(pid=81992) log_request_info /opt/stack/keystone/keystone/server/flask/request_processing/req_logging.py:28}}
Apr 13 12:59:56 ubuntu devstack@keystone.service[81992]: DEBUG keystone.common.rbac_enforcer.enforcer [None req-eea0d7e5-dc50-4c1d-8628-2a0034a8b9c8 None admin] RBAC: Authorizing `identity:get_user(user_id=4342326c894840c9a2a741ff14df7202)` {{(pid=81992) enforce_call /opt/stack/keystone/keystone/common/rbac_enforcer/enforcer.py:494}}
Apr 13 12:59:56 ubuntu devstack@keystone.service[81992]: DEBUG keystone.common.rbac_enforcer.enforcer [None req-eea0d7e5-dc50-4c1d-8628-2a0034a8b9c8 None admin] RBAC: Authorization granted {{(pid=81992) enforce_call /opt/stack/keystone/keystone/common/rbac_enforcer/enforcer.py:505}}
Apr 13 12:59:56 ubuntu devstack@keystone.service[81992]: [pid: 81992|app: 0|req: 17/34] 10.201.5.82 () {56 vars in 1214 bytes} [Mon Apr 13 12:59:56 2026] GET /identity/v3/users/4342326c894840c9a2a741ff14df7202 => generated 247 bytes in 127 msecs (HTTP/1.1 200) 5 headers in 177 bytes (2 switches on core 0)
Apr 13 12:59:56 ubuntu devstack@keystone.service[81991]: DEBUG keystone.server.flask.request_processing.middleware.auth_context [None req-c770bf2a-c66e-4469-bd7f-3af85b23de6e None admin] Authenticating user token {{(pid=81991) process_request /opt/stack/data/venv/lib/python3.10/site-packages/keystonemiddleware/auth_token/__init__.py:407}}
Apr 13 12:59:56 ubuntu devstack@keystone.service[81992]: DEBUG keystone.server.flask.request_processing.middleware.auth_context [None req-eea0d7e5-dc50-4c1d-8628-2a0034a8b9c8 None admin] Authenticating user token {{(pid=81992) process_request /opt/stack/data/venv/lib/python3.10/site-packages/keystonemiddleware/auth_token/__init__.py:407}}
Apr 13 12:59:56 ubuntu devstack@keystone.service[81991]: DEBUG keystone.server.flask.request_processing.middleware.auth_context [None req-c770bf2a-c66e-4469-bd7f-3af85b23de6e None admin] Validating token access rules against request {{(pid=81991) validate_allowed_request /opt/stack/data/venv/lib/python3.10/site-packages/keystonemiddleware/auth_token/__init__.py:545}}
Apr 13 12:59:56 ubuntu devstack@keystone.service[81992]: DEBUG keystone.server.flask.request_processing.middleware.auth_context [None req-eea0d7e5-dc50-4c1d-8628-2a0034a8b9c8 None admin] Validating token access rules against request {{(pid=81992) validate_allowed_request /opt/stack/data/venv/lib/python3.10/site-packages/keystonemiddleware/auth_token/__init__.py:545}}
Apr 13 12:59:56 ubuntu devstack@keystone.service[81991]: DEBUG keystone.server.flask.request_processing.middleware.auth_context [None req-222a4d42-1ad8-4d71-b61c-39d1bd3f3522 None admin] RBAC: auth_context: {'token': <TokenModel (audit_id=VtjB_F1lRfmDgMTWi5RQAA, audit_chain_id=['VtjB_F1lRfmDgMTWi5RQAA']) at 0x7f32203a6440>, 'domain_id': None, 'trust_id': None, 'trustor_id': None, 'trustee_id': None, 'domain_name': None, 'group_ids': [], 'user_id': '4342326c894840c9a2a741ff14df7202', 'user_domain_id': 'default', 'system_scope': 'all', 'project_id': None, 'project_domain_id': None, 'roles': ['admin', 'manager', 'member', 'reader'], 'is_admin_project': True, 'service_user_id': None, 'service_user_domain_id': None, 'service_project_id': None, 'service_project_domain_id': None, 'service_roles': []} {{(pid=81991) fill_context /opt/stack/keystone/keystone/server/flask/request_processing/middleware/auth_context.py:509}}
Apr 13 12:59:56 ubuntu devstack@keystone.service[81991]: DEBUG keystone.server.flask.request_processing.req_logging [None req-222a4d42-1ad8-4d71-b61c-39d1bd3f3522 None admin] REQUEST_METHOD: `GET` {{(pid=81991) log_request_info /opt/stack/keystone/keystone/server/flask/request_processing/req_logging.py:26}}
Apr 13 12:59:56 ubuntu devstack@keystone.service[81991]: DEBUG keystone.server.flask.request_processing.req_logging [None req-222a4d42-1ad8-4d71-b61c-39d1bd3f3522 None admin] SCRIPT_NAME: `/identity` {{(pid=81991) log_request_info /opt/stack/keystone/keystone/server/flask/request_processing/req_logging.py:27}}
Apr 13 12:59:56 ubuntu devstack@keystone.service[81991]: DEBUG keystone.server.flask.request_processing.req_logging [None req-222a4d42-1ad8-4d71-b61c-39d1bd3f3522 None admin] PATH_INFO: `/v3/domains/default` {{(pid=81991) log_request_info /opt/stack/keystone/keystone/server/flask/request_processing/req_logging.py:28}}
Apr 13 12:59:56 ubuntu devstack@keystone.service[81991]: DEBUG keystone.common.rbac_enforcer.enforcer [None req-222a4d42-1ad8-4d71-b61c-39d1bd3f3522 None admin] RBAC: Authorizing `identity:get_domain(domain_id=default)` {{(pid=81991) enforce_call /opt/stack/keystone/keystone/common/rbac_enforcer/enforcer.py:494}}
Apr 13 12:59:56 ubuntu devstack@keystone.service[81991]: DEBUG keystone.common.rbac_enforcer.enforcer [None req-222a4d42-1ad8-4d71-b61c-39d1bd3f3522 None admin] RBAC: Authorization granted {{(pid=81991) enforce_call /opt/stack/keystone/keystone/common/rbac_enforcer/enforcer.py:505}}
Apr 13 12:59:56 ubuntu devstack@keystone.service[81991]: [pid: 81991|app: 0|req: 18/35] 10.201.5.82 () {56 vars in 1145 bytes} [Mon Apr 13 12:59:56 2026] GET /identity/v3/domains/default => generated 199 bytes in 58 msecs (HTTP/1.1 200) 5 headers in 177 bytes (1 switches on core 0)
Apr 13 12:59:56 ubuntu devstack@keystone.service[81991]: DEBUG keystone.server.flask.request_processing.middleware.auth_context [None req-222a4d42-1ad8-4d71-b61c-39d1bd3f3522 None admin] Authenticating user token {{(pid=81991) process_request /opt/stack/data/venv/lib/python3.10/site-packages/keystonemiddleware/auth_token/__init__.py:407}}
Apr 13 12:59:56 ubuntu devstack@keystone.service[81992]: DEBUG keystone.server.flask.request_processing.middleware.auth_context [None req-07675a3b-c4be-4058-b68a-34fdb38d565e None admin] RBAC: auth_context: {'token': <TokenModel (audit_id=aS0kH6eZSdGpN3y_va7nWw, audit_chain_id=['aS0kH6eZSdGpN3y_va7nWw']) at 0x7f32203bd6f0>, 'domain_id': None, 'trust_id': None, 'trustor_id': None, 'trustee_id': None, 'domain_name': None, 'group_ids': [], 'user_id': '4342326c894840c9a2a741ff14df7202', 'user_domain_id': 'default', 'system_scope': 'all', 'project_id': None, 'project_domain_id': None, 'roles': ['admin', 'manager', 'member', 'reader'], 'is_admin_project': True, 'service_user_id': None, 'service_user_domain_id': None, 'service_project_id': None, 'service_project_domain_id': None, 'service_roles': []} {{(pid=81992) fill_context /opt/stack/keystone/keystone/server/flask/request_processing/middleware/auth_context.py:509}}
Apr 13 12:59:56 ubuntu devstack@keystone.service[81992]: DEBUG keystone.server.flask.request_processing.req_logging [None req-07675a3b-c4be-4058-b68a-34fdb38d565e None admin] REQUEST_METHOD: `POST` {{(pid=81992) log_request_info /opt/stack/keystone/keystone/server/flask/request_processing/req_logging.py:26}}
Apr 13 12:59:56 ubuntu devstack@keystone.service[81992]: DEBUG keystone.server.flask.request_processing.req_logging [None req-07675a3b-c4be-4058-b68a-34fdb38d565e None admin] SCRIPT_NAME: `/identity` {{(pid=81992) log_request_info /opt/stack/keystone/keystone/server/flask/request_processing/req_logging.py:27}}
Apr 13 12:59:56 ubuntu devstack@keystone.service[81992]: DEBUG keystone.server.flask.request_processing.req_logging [None req-07675a3b-c4be-4058-b68a-34fdb38d565e None admin] PATH_INFO: `/v3/roles` {{(pid=81992) log_request_info /opt/stack/keystone/keystone/server/flask/request_processing/req_logging.py:28}}
Apr 13 12:59:56 ubuntu devstack@keystone.service[81992]: DEBUG keystone.common.rbac_enforcer.enforcer [None req-07675a3b-c4be-4058-b68a-34fdb38d565e None admin] RBAC: Authorizing `identity:create_role()` {{(pid=81992) enforce_call /opt/stack/keystone/keystone/common/rbac_enforcer/enforcer.py:494}}
Apr 13 12:59:56 ubuntu devstack@keystone.service[81992]: DEBUG keystone.common.rbac_enforcer.enforcer [None req-07675a3b-c4be-4058-b68a-34fdb38d565e None admin] RBAC: Authorization granted {{(pid=81992) enforce_call /opt/stack/keystone/keystone/common/rbac_enforcer/enforcer.py:505}}
Apr 13 12:59:56 ubuntu devstack@keystone.service[81992]: DEBUG keystone.common.sql.core [None req-07675a3b-c4be-4058-b68a-34fdb38d565e None admin] Conflict role: (pymysql.err.IntegrityError) (1062, "Duplicate entry 'service-<<null>>' for key 'role.ixu_role_name_domain_id'")
Apr 13 12:59:56 ubuntu devstack@keystone.service[81992]: [SQL: INSERT INTO `role` (id, name, description, extra) VALUES (%(id)s, %(name)s, %(description)s, %(extra)s)]
Apr 13 12:59:56 ubuntu devstack@keystone.service[81992]: [parameters: {'id': '72e9b84e8b354a00a6fd83cc17d221b6', 'name': 'service', 'description': None, 'extra': '{}'}]
Apr 13 12:59:56 ubuntu devstack@keystone.service[81992]: (Background on this error at: https://sqlalche.me/e/20/gkpj) {{(pid=81992) wrapper /opt/stack/keystone/keystone/common/sql/core.py:580}}
Apr 13 12:59:56 ubuntu devstack@keystone.service[81992]: ERROR keystone.server.flask.application [None req-07675a3b-c4be-4058-b68a-34fdb38d565e None admin] Conflict occurred attempting to store role - Duplicate entry found with name service.: keystone.exception.Conflict: Conflict occurred attempting to store role - Duplicate entry found with name service.
Apr 13 12:59:56 ubuntu devstack@keystone.service[81992]: ERROR keystone.server.flask.application Traceback (most recent call last):
Apr 13 12:59:56 ubuntu devstack@keystone.service[81992]: ERROR keystone.server.flask.application   File "/opt/stack/data/venv/lib/python3.10/site-packages/sqlalchemy/engine/base.py", line 1967, in _exec_single_context
Apr 13 12:59:56 ubuntu devstack@keystone.service[81992]: ERROR keystone.server.flask.application     self.dialect.do_execute(
Apr 13 12:59:56 ubuntu devstack@keystone.service[81992]: ERROR keystone.server.flask.application   File "/opt/stack/data/venv/lib/python3.10/site-packages/sqlalchemy/engine/default.py", line 952, in do_execute
Apr 13 12:59:56 ubuntu devstack@keystone.service[81992]: ERROR keystone.server.flask.application     cursor.execute(statement, parameters)
Apr 13 12:59:56 ubuntu devstack@keystone.service[81992]: ERROR keystone.server.flask.application   File "/opt/stack/data/venv/lib/python3.10/site-packages/pymysql/cursors.py", line 153, in execute
Apr 13 12:59:56 ubuntu devstack@keystone.service[81992]: ERROR keystone.server.flask.application     result = self._query(query)
Apr 13 12:59:56 ubuntu devstack@keystone.service[81992]: ERROR keystone.server.flask.application   File "/opt/stack/data/venv/lib/python3.10/site-packages/pymysql/cursors.py", line 322, in _query
Apr 13 12:59:56 ubuntu devstack@keystone.service[81992]: ERROR keystone.server.flask.application     conn.query(q)
Apr 13 12:59:56 ubuntu devstack@keystone.service[81992]: ERROR keystone.server.flask.application   File "/opt/stack/data/venv/lib/python3.10/site-packages/pymysql/connections.py", line 575, in query
Apr 13 12:59:56 ubuntu devstack@keystone.service[81992]: ERROR keystone.server.flask.application     self._affected_rows = self._read_query_result(unbuffered=unbuffered)
Apr 13 12:59:56 ubuntu devstack@keystone.service[81992]: ERROR keystone.server.flask.application   File "/opt/stack/data/venv/lib/python3.10/site-packages/pymysql/connections.py", line 826, in _read_query_result
Apr 13 12:59:56 ubuntu devstack@keystone.service[81992]: ERROR keystone.server.flask.application     result.read()
Apr 13 12:59:56 ubuntu devstack@keystone.service[81992]: ERROR keystone.server.flask.application   File "/opt/stack/data/venv/lib/python3.10/site-packages/pymysql/connections.py", line 1203, in read
Apr 13 12:59:56 ubuntu devstack@keystone.service[81992]: ERROR keystone.server.flask.application     first_packet = self.connection._read_packet()
Apr 13 12:59:56 ubuntu devstack@keystone.service[81992]: ERROR keystone.server.flask.application   File "/opt/stack/data/venv/lib/python3.10/site-packages/pymysql/connections.py", line 782, in _read_packet
Apr 13 12:59:56 ubuntu devstack@keystone.service[81992]: ERROR keystone.server.flask.application     packet.raise_for_error()
Apr 13 12:59:56 ubuntu devstack@keystone.service[81992]: ERROR keystone.server.flask.application   File "/opt/stack/data/venv/lib/python3.10/site-packages/pymysql/protocol.py", line 219, in raise_for_error
Apr 13 12:59:56 ubuntu devstack@keystone.service[81992]: ERROR keystone.server.flask.application     err.raise_mysql_exception(self._data)
Apr 13 12:59:56 ubuntu devstack@keystone.service[81992]: ERROR keystone.server.flask.application   File "/opt/stack/data/venv/lib/python3.10/site-packages/pymysql/err.py", line 150, in raise_mysql_exception
Apr 13 12:59:56 ubuntu devstack@keystone.service[81992]: ERROR keystone.server.flask.application     raise errorclass(errno, errval)
Apr 13 12:59:56 ubuntu devstack@keystone.service[81992]: ERROR keystone.server.flask.application pymysql.err.IntegrityError: (1062, "Duplicate entry 'service-<<null>>' for key 'role.ixu_role_name_domain_id'")
Apr 13 12:59:56 ubuntu devstack@keystone.service[81992]: ERROR keystone.server.flask.application 
Apr 13 12:59:56 ubuntu devstack@keystone.service[81992]: ERROR keystone.server.flask.application The above exception was the direct cause of the following exception:
Apr 13 12:59:56 ubuntu devstack@keystone.service[81992]: ERROR keystone.server.flask.application 
Apr 13 12:59:56 ubuntu devstack@keystone.service[81992]: ERROR keystone.server.flask.application Traceback (most recent call last):
Apr 13 12:59:56 ubuntu devstack@keystone.service[81992]: ERROR keystone.server.flask.application   File "/opt/stack/keystone/keystone/common/sql/core.py", line 575, in wrapper
Apr 13 12:59:56 ubuntu devstack@keystone.service[81992]: ERROR keystone.server.flask.application     return method(*args, **kwargs)
Apr 13 12:59:56 ubuntu devstack@keystone.service[81992]: ERROR keystone.server.flask.application   File "/opt/stack/keystone/keystone/assignment/role_backends/sql.py", line 25, in create_role
Apr 13 12:59:56 ubuntu devstack@keystone.service[81992]: ERROR keystone.server.flask.application     with sql.session_for_write() as session:
Apr 13 12:59:56 ubuntu devstack@keystone.service[81992]: ERROR keystone.server.flask.application   File "/usr/lib/python3.10/contextlib.py", line 142, in __exit__
Apr 13 12:59:56 ubuntu devstack@keystone.service[81992]: ERROR keystone.server.flask.application     next(self.gen)
Apr 13 12:59:56 ubuntu devstack@keystone.service[81992]: ERROR keystone.server.flask.application   File "/opt/stack/data/venv/lib/python3.10/site-packages/oslo_db/sqlalchemy/enginefacade.py", line 1175, in _transaction_scope
Apr 13 12:59:56 ubuntu devstack@keystone.service[81992]: ERROR keystone.server.flask.application     with current._produce_block(
Apr 13 12:59:56 ubuntu devstack@keystone.service[81992]: ERROR keystone.server.flask.application   File "/usr/lib/python3.10/contextlib.py", line 142, in __exit__
Apr 13 12:59:56 ubuntu devstack@keystone.service[81992]: ERROR keystone.server.flask.application     next(self.gen)
Apr 13 12:59:56 ubuntu devstack@keystone.service[81992]: ERROR keystone.server.flask.application   File "/opt/stack/data/venv/lib/python3.10/site-packages/oslo_db/sqlalchemy/enginefacade.py", line 837, in _session
Apr 13 12:59:56 ubuntu devstack@keystone.service[81992]: ERROR keystone.server.flask.application     with excutils.save_and_reraise_exception():
Apr 13 12:59:56 ubuntu devstack@keystone.service[81992]: ERROR keystone.server.flask.application   File "/opt/stack/data/venv/lib/python3.10/site-packages/oslo_utils/excutils.py", line 271, in __exit__
Apr 13 12:59:56 ubuntu devstack@keystone.service[81992]: ERROR keystone.server.flask.application     self.force_reraise()
Apr 13 12:59:56 ubuntu devstack@keystone.service[81992]: ERROR keystone.server.flask.application   File "/opt/stack/data/venv/lib/python3.10/site-packages/oslo_utils/excutils.py", line 233, in force_reraise
Apr 13 12:59:56 ubuntu devstack@keystone.service[81992]: ERROR keystone.server.flask.application     raise self.value
Apr 13 12:59:56 ubuntu devstack@keystone.service[81992]: ERROR keystone.server.flask.application   File "/opt/stack/data/venv/lib/python3.10/site-packages/oslo_db/sqlalchemy/enginefacade.py", line 835, in _session
Apr 13 12:59:56 ubuntu devstack@keystone.service[81992]: ERROR keystone.server.flask.application     self._end_session_transaction(self.session)
Apr 13 12:59:56 ubuntu devstack@keystone.service[81992]: ERROR keystone.server.flask.application   File "/opt/stack/data/venv/lib/python3.10/site-packages/oslo_db/sqlalchemy/enginefacade.py", line 748, in _end_session_transaction
Apr 13 12:59:56 ubuntu devstack@keystone.service[81992]: ERROR keystone.server.flask.application     session.commit()
Apr 13 12:59:56 ubuntu devstack@keystone.service[81992]: ERROR keystone.server.flask.application   File "/opt/stack/data/venv/lib/python3.10/site-packages/sqlalchemy/orm/session.py", line 2030, in commit
Apr 13 12:59:56 ubuntu devstack@keystone.service[81992]: ERROR keystone.server.flask.application     trans.commit(_to_root=True)
Apr 13 12:59:56 ubuntu devstack@keystone.service[81992]: ERROR keystone.server.flask.application   File "<string>", line 2, in commit
Apr 13 12:59:56 ubuntu devstack@keystone.service[81992]: ERROR keystone.server.flask.application   File "/opt/stack/data/venv/lib/python3.10/site-packages/sqlalchemy/orm/state_changes.py", line 137, in _go
Apr 13 12:59:56 ubuntu devstack@keystone.service[81992]: ERROR keystone.server.flask.application     ret_value = fn(self, *arg, **kw)
Apr 13 12:59:56 ubuntu devstack@keystone.service[81992]: ERROR keystone.server.flask.application   File "/opt/stack/data/venv/lib/python3.10/site-packages/sqlalchemy/orm/session.py", line 1311, in commit
Apr 13 12:59:56 ubuntu devstack@keystone.service[81992]: ERROR keystone.server.flask.application     self._prepare_impl()
Apr 13 12:59:56 ubuntu devstack@keystone.service[81992]: ERROR keystone.server.flask.application   File "<string>", line 2, in _prepare_impl
