Apr 14 17:07:46 ubuntu devstack@keystone.service[81785]: DEBUG keystone.common.rbac_enforcer.enforcer [None req-0105b418-0b65-4917-b453-1382eea5df86 None admin] RBAC: Authorizing `identity:create_grant(domain_id=default, user_id=ef6e0b042cee46bb91f39bda059dc313, role_id=260a0091a1ec49a695d4b3689b0759ce)` {{(pid=81785) enforce_call /opt/stack/keystone/keystone/common/rbac_enforcer/enforcer.py:494}}
Apr 14 17:07:46 ubuntu devstack@keystone.service[81785]: DEBUG keystone.common.rbac_enforcer.enforcer [None req-0105b418-0b65-4917-b453-1382eea5df86 None admin] RBAC: Authorization granted {{(pid=81785) enforce_call /opt/stack/keystone/keystone/common/rbac_enforcer/enforcer.py:505}}
Apr 14 17:07:46 ubuntu devstack@keystone.service[81785]: [pid: 81785|app: 0|req: 11/22] 10.201.5.82 () {58 vars in 1398 bytes} [Tue Apr 14 17:07:46 2026] PUT /identity/v3/domains/default/users/ef6e0b042cee46bb91f39bda059dc313/roles/260a0091a1ec49a695d4b3689b0759ce => generated 0 bytes in 239 msecs (HTTP/1.1 204) 3 headers in 132 bytes (0 switches on core 0)
Apr 14 17:07:47 ubuntu devstack@keystone.service[81784]: DEBUG keystone.server.flask.request_processing.req_logging [None req-a6a05dc9-27f1-48b0-b6de-4951ae35740b None None] REQUEST_METHOD: `GET` {{(pid=81784) log_request_info /opt/stack/keystone/keystone/server/flask/request_processing/req_logging.py:26}}
Apr 14 17:07:47 ubuntu devstack@keystone.service[81784]: DEBUG keystone.server.flask.request_processing.req_logging [None req-a6a05dc9-27f1-48b0-b6de-4951ae35740b None None] SCRIPT_NAME: `/identity` {{(pid=81784) log_request_info /opt/stack/keystone/keystone/server/flask/request_processing/req_logging.py:27}}
Apr 14 17:07:47 ubuntu devstack@keystone.service[81784]: DEBUG keystone.server.flask.request_processing.req_logging [None req-a6a05dc9-27f1-48b0-b6de-4951ae35740b None None] PATH_INFO: `/` {{(pid=81784) log_request_info /opt/stack/keystone/keystone/server/flask/request_processing/req_logging.py:28}}
Apr 14 17:07:47 ubuntu devstack@keystone.service[81784]: [pid: 81784|app: 0|req: 12/23] 10.201.5.82 () {54 vars in 920 bytes} [Tue Apr 14 17:07:47 2026] GET /identity => generated 270 bytes in 3 msecs (HTTP/1.1 300) 6 headers in 234 bytes (1 switches on core 0)
Apr 14 17:07:47 ubuntu devstack@keystone.service[81785]: DEBUG keystone.server.flask.request_processing.req_logging [None req-1cad7422-3bad-4802-9eb0-70aef4753ab5 None None] REQUEST_METHOD: `POST` {{(pid=81785) log_request_info /opt/stack/keystone/keystone/server/flask/request_processing/req_logging.py:26}}
Apr 14 17:07:47 ubuntu devstack@keystone.service[81785]: DEBUG keystone.server.flask.request_processing.req_logging [None req-1cad7422-3bad-4802-9eb0-70aef4753ab5 None None] SCRIPT_NAME: `/identity` {{(pid=81785) log_request_info /opt/stack/keystone/keystone/server/flask/request_processing/req_logging.py:27}}
Apr 14 17:07:47 ubuntu devstack@keystone.service[81785]: DEBUG keystone.server.flask.request_processing.req_logging [None req-1cad7422-3bad-4802-9eb0-70aef4753ab5 None None] PATH_INFO: `/v3/auth/tokens` {{(pid=81785) log_request_info /opt/stack/keystone/keystone/server/flask/request_processing/req_logging.py:28}}
Apr 14 17:07:47 ubuntu devstack@keystone.service[81785]: WARNING keystone.common.password_hashing [None req-1cad7422-3bad-4802-9eb0-70aef4753ab5 None None] Truncating password to algorithm specific maximum length 72 characters.
Apr 14 17:07:47 ubuntu devstack@keystone.service[81785]: DEBUG keystone.auth.core [None req-1cad7422-3bad-4802-9eb0-70aef4753ab5 None None] MFA Rules not processed for user `ef6e0b042cee46bb91f39bda059dc313`. Rule list: `[]` (Enabled: `True`). {{(pid=81785) check_auth_methods_against_rules /opt/stack/keystone/keystone/auth/core.py:476}}
Apr 14 17:07:47 ubuntu devstack@keystone.service[81785]: DEBUG keystone.common.fernet_utils [None req-1cad7422-3bad-4802-9eb0-70aef4753ab5 None None] Loaded 2 Fernet keys from /etc/keystone/fernet-keys/, but `[fernet_tokens] max_active_keys = 3`; perhaps there have not been enough key rotations to reach `max_active_keys` yet? {{(pid=81785) load_keys /opt/stack/keystone/keystone/common/fernet_utils.py:297}}
Apr 14 17:07:47 ubuntu devstack@keystone.service[81784]: DEBUG keystone.server.flask.request_processing.req_logging [None req-1eb027fa-eabf-4262-9895-a3315db4d0f0 None None] REQUEST_METHOD: `GET` {{(pid=81784) log_request_info /opt/stack/keystone/keystone/server/flask/request_processing/req_logging.py:26}}
Apr 14 17:07:47 ubuntu devstack@keystone.service[81784]: DEBUG keystone.server.flask.request_processing.req_logging [None req-1eb027fa-eabf-4262-9895-a3315db4d0f0 None None] SCRIPT_NAME: `/identity` {{(pid=81784) log_request_info /opt/stack/keystone/keystone/server/flask/request_processing/req_logging.py:27}}
Apr 14 17:07:47 ubuntu devstack@keystone.service[81784]: DEBUG keystone.server.flask.request_processing.req_logging [None req-1eb027fa-eabf-4262-9895-a3315db4d0f0 None None] PATH_INFO: `/` {{(pid=81784) log_request_info /opt/stack/keystone/keystone/server/flask/request_processing/req_logging.py:28}}
Apr 14 17:07:47 ubuntu devstack@keystone.service[81784]: [pid: 81784|app: 0|req: 13/24] 10.201.5.82 () {54 vars in 920 bytes} [Tue Apr 14 17:07:47 2026] GET /identity => generated 270 bytes in 2 msecs (HTTP/1.1 300) 6 headers in 234 bytes (2 switches on core 0)
Apr 14 17:07:47 ubuntu devstack@keystone.service[81784]: DEBUG keystone.server.flask.request_processing.req_logging [None req-bff05727-c7b0-45fe-915e-b5e0eff579e3 None None] REQUEST_METHOD: `POST` {{(pid=81784) log_request_info /opt/stack/keystone/keystone/server/flask/request_processing/req_logging.py:26}}
Apr 14 17:07:47 ubuntu devstack@keystone.service[81784]: DEBUG keystone.server.flask.request_processing.req_logging [None req-bff05727-c7b0-45fe-915e-b5e0eff579e3 None None] SCRIPT_NAME: `/identity` {{(pid=81784) log_request_info /opt/stack/keystone/keystone/server/flask/request_processing/req_logging.py:27}}
Apr 14 17:07:47 ubuntu devstack@keystone.service[81784]: DEBUG keystone.server.flask.request_processing.req_logging [None req-bff05727-c7b0-45fe-915e-b5e0eff579e3 None None] PATH_INFO: `/v3/auth/tokens` {{(pid=81784) log_request_info /opt/stack/keystone/keystone/server/flask/request_processing/req_logging.py:28}}
Apr 14 17:07:47 ubuntu devstack@keystone.service[81784]: WARNING keystone.common.password_hashing [None req-bff05727-c7b0-45fe-915e-b5e0eff579e3 None None] Truncating password to algorithm specific maximum length 72 characters.
Apr 14 17:07:47 ubuntu devstack@keystone.service[81784]: DEBUG keystone.auth.core [None req-bff05727-c7b0-45fe-915e-b5e0eff579e3 None None] MFA Rules not processed for user `ef6e0b042cee46bb91f39bda059dc313`. Rule list: `[]` (Enabled: `True`). {{(pid=81784) check_auth_methods_against_rules /opt/stack/keystone/keystone/auth/core.py:476}}
Apr 14 17:07:47 ubuntu devstack@keystone.service[81784]: DEBUG keystone.common.fernet_utils [None req-bff05727-c7b0-45fe-915e-b5e0eff579e3 None None] Loaded 2 Fernet keys from /etc/keystone/fernet-keys/, but `[fernet_tokens] max_active_keys = 3`; perhaps there have not been enough key rotations to reach `max_active_keys` yet? {{(pid=81784) load_keys /opt/stack/keystone/keystone/common/fernet_utils.py:297}}
Apr 14 17:07:47 ubuntu devstack@keystone.service[81785]: [pid: 81785|app: 0|req: 12/25] 10.201.5.82 () {58 vars in 1017 bytes} [Tue Apr 14 17:07:47 2026] POST /identity/v3/auth/tokens => generated 862 bytes in 67 msecs (HTTP/1.1 201) 6 headers in 363 bytes (1 switches on core 0)
Apr 14 17:07:47 ubuntu devstack@keystone.service[81784]: [pid: 81784|app: 0|req: 14/26] 10.201.5.82 () {58 vars in 1017 bytes} [Tue Apr 14 17:07:47 2026] POST /identity/v3/auth/tokens => generated 862 bytes in 74 msecs (HTTP/1.1 201) 6 headers in 363 bytes (1 switches on core 0)
Apr 14 17:07:47 ubuntu devstack@keystone.service[81785]: DEBUG keystone.server.flask.request_processing.middleware.auth_context [None req-1cad7422-3bad-4802-9eb0-70aef4753ab5 None None] Authenticating user token {{(pid=81785) process_request /opt/stack/data/venv/lib/python3.10/site-packages/keystonemiddleware/auth_token/__init__.py:407}}
Apr 14 17:07:47 ubuntu devstack@keystone.service[81784]: DEBUG keystone.server.flask.request_processing.req_logging [None req-945752a5-3fb9-44c0-a4a0-e613177d29aa None None] REQUEST_METHOD: `GET` {{(pid=81784) log_request_info /opt/stack/keystone/keystone/server/flask/request_processing/req_logging.py:26}}
Apr 14 17:07:47 ubuntu devstack@keystone.service[81784]: DEBUG keystone.server.flask.request_processing.req_logging [None req-945752a5-3fb9-44c0-a4a0-e613177d29aa None None] SCRIPT_NAME: `/identity` {{(pid=81784) log_request_info /opt/stack/keystone/keystone/server/flask/request_processing/req_logging.py:27}}
Apr 14 17:07:47 ubuntu devstack@keystone.service[81784]: DEBUG keystone.server.flask.request_processing.req_logging [None req-945752a5-3fb9-44c0-a4a0-e613177d29aa None None] PATH_INFO: `/` {{(pid=81784) log_request_info /opt/stack/keystone/keystone/server/flask/request_processing/req_logging.py:28}}
Apr 14 17:07:47 ubuntu devstack@keystone.service[81784]: [pid: 81784|app: 0|req: 15/27] 10.201.5.82 () {54 vars in 920 bytes} [Tue Apr 14 17:07:47 2026] GET /identity => generated 270 bytes in 2 msecs (HTTP/1.1 300) 6 headers in 234 bytes (1 switches on core 0)
Apr 14 17:07:47 ubuntu devstack@keystone.service[81784]: DEBUG keystone.server.flask.request_processing.req_logging [None req-aa161faa-f1d6-4974-b169-e1c926008bd8 None None] REQUEST_METHOD: `POST` {{(pid=81784) log_request_info /opt/stack/keystone/keystone/server/flask/request_processing/req_logging.py:26}}
Apr 14 17:07:47 ubuntu devstack@keystone.service[81784]: DEBUG keystone.server.flask.request_processing.req_logging [None req-aa161faa-f1d6-4974-b169-e1c926008bd8 None None] SCRIPT_NAME: `/identity` {{(pid=81784) log_request_info /opt/stack/keystone/keystone/server/flask/request_processing/req_logging.py:27}}
Apr 14 17:07:47 ubuntu devstack@keystone.service[81784]: DEBUG keystone.server.flask.request_processing.req_logging [None req-aa161faa-f1d6-4974-b169-e1c926008bd8 None None] PATH_INFO: `/v3/auth/tokens` {{(pid=81784) log_request_info /opt/stack/keystone/keystone/server/flask/request_processing/req_logging.py:28}}
Apr 14 17:07:47 ubuntu devstack@keystone.service[81784]: WARNING keystone.common.password_hashing [None req-aa161faa-f1d6-4974-b169-e1c926008bd8 None None] Truncating password to algorithm specific maximum length 72 characters.
Apr 14 17:07:47 ubuntu devstack@keystone.service[81785]: DEBUG keystone.server.flask.request_processing.middleware.auth_context [None req-1cad7422-3bad-4802-9eb0-70aef4753ab5 None None] Validating token access rules against request {{(pid=81785) validate_allowed_request /opt/stack/data/venv/lib/python3.10/site-packages/keystonemiddleware/auth_token/__init__.py:545}}
Apr 14 17:07:47 ubuntu devstack@keystone.service[81784]: DEBUG keystone.auth.core [None req-aa161faa-f1d6-4974-b169-e1c926008bd8 None None] MFA Rules not processed for user `ef6e0b042cee46bb91f39bda059dc313`. Rule list: `[]` (Enabled: `True`). {{(pid=81784) check_auth_methods_against_rules /opt/stack/keystone/keystone/auth/core.py:476}}
Apr 14 17:07:47 ubuntu devstack@keystone.service[81784]: DEBUG keystone.common.fernet_utils [None req-aa161faa-f1d6-4974-b169-e1c926008bd8 None None] Loaded 2 Fernet keys from /etc/keystone/fernet-keys/, but `[fernet_tokens] max_active_keys = 3`; perhaps there have not been enough key rotations to reach `max_active_keys` yet? {{(pid=81784) load_keys /opt/stack/keystone/keystone/common/fernet_utils.py:297}}
Apr 14 17:07:47 ubuntu devstack@keystone.service[81785]: DEBUG keystone.server.flask.request_processing.middleware.auth_context [None req-a629c147-535d-46d0-9ffb-601bd45cef59 None admin] RBAC: auth_context: {'token': <TokenModel (audit_id=ul45zDpuT7OKe8JUCb8I1Q, audit_chain_id=['ul45zDpuT7OKe8JUCb8I1Q']) at 0x7f95fa557970>, 'domain_id': None, 'trust_id': None, 'trustor_id': None, 'trustee_id': None, 'domain_name': None, 'group_ids': [], 'user_id': 'ef6e0b042cee46bb91f39bda059dc313', 'user_domain_id': 'default', 'system_scope': 'all', 'project_id': None, 'project_domain_id': None, 'roles': ['admin', 'manager', 'member', 'reader'], 'is_admin_project': True, 'service_user_id': None, 'service_user_domain_id': None, 'service_project_id': None, 'service_project_domain_id': None, 'service_roles': []} {{(pid=81785) fill_context /opt/stack/keystone/keystone/server/flask/request_processing/middleware/auth_context.py:509}}
Apr 14 17:07:47 ubuntu devstack@keystone.service[81785]: DEBUG keystone.server.flask.request_processing.req_logging [None req-a629c147-535d-46d0-9ffb-601bd45cef59 None admin] REQUEST_METHOD: `GET` {{(pid=81785) log_request_info /opt/stack/keystone/keystone/server/flask/request_processing/req_logging.py:26}}
Apr 14 17:07:47 ubuntu devstack@keystone.service[81785]: DEBUG keystone.server.flask.request_processing.req_logging [None req-a629c147-535d-46d0-9ffb-601bd45cef59 None admin] SCRIPT_NAME: `/identity` {{(pid=81785) log_request_info /opt/stack/keystone/keystone/server/flask/request_processing/req_logging.py:27}}
Apr 14 17:07:47 ubuntu devstack@keystone.service[81785]: DEBUG keystone.server.flask.request_processing.req_logging [None req-a629c147-535d-46d0-9ffb-601bd45cef59 None admin] PATH_INFO: `/v3/roles/admin` {{(pid=81785) log_request_info /opt/stack/keystone/keystone/server/flask/request_processing/req_logging.py:28}}
Apr 14 17:07:47 ubuntu devstack@keystone.service[81785]: DEBUG keystone.common.rbac_enforcer.enforcer [None req-a629c147-535d-46d0-9ffb-601bd45cef59 None admin] Extracting inferred target data resulted in "NOT FOUND (404)". {{(pid=81785) enforce_call /opt/stack/keystone/keystone/common/rbac_enforcer/enforcer.py:445}}
Apr 14 17:07:47 ubuntu devstack@keystone.service[81785]: DEBUG keystone.server.flask.application [None req-a629c147-535d-46d0-9ffb-601bd45cef59 None admin] Could not find role: admin. {{(pid=81785) _handle_keystone_exception /opt/stack/keystone/keystone/server/flask/application.py:146}}
Apr 14 17:07:47 ubuntu devstack@keystone.service[81785]: [pid: 81785|app: 0|req: 13/28] 10.201.5.82 () {56 vars in 1133 bytes} [Tue Apr 14 17:07:47 2026] GET /identity/v3/roles/admin => generated 83 bytes in 75 msecs (HTTP/1.1 404) 5 headers in 183 bytes (1 switches on core 0)
Apr 14 17:07:47 ubuntu devstack@keystone.service[81785]: DEBUG keystone.server.flask.request_processing.middleware.auth_context [None req-a629c147-535d-46d0-9ffb-601bd45cef59 None admin] Authenticating user token {{(pid=81785) process_request /opt/stack/data/venv/lib/python3.10/site-packages/keystonemiddleware/auth_token/__init__.py:407}}
Apr 14 17:07:47 ubuntu devstack@keystone.service[81784]: [pid: 81784|app: 0|req: 16/29] 10.201.5.82 () {58 vars in 1017 bytes} [Tue Apr 14 17:07:47 2026] POST /identity/v3/auth/tokens => generated 862 bytes in 68 msecs (HTTP/1.1 201) 6 headers in 363 bytes (2 switches on core 0)
Apr 14 17:07:47 ubuntu devstack@keystone.service[81784]: DEBUG keystone.server.flask.request_processing.middleware.auth_context [None req-aa161faa-f1d6-4974-b169-e1c926008bd8 None None] Authenticating user token {{(pid=81784) process_request /opt/stack/data/venv/lib/python3.10/site-packages/keystonemiddleware/auth_token/__init__.py:407}}
Apr 14 17:07:47 ubuntu devstack@keystone.service[81785]: DEBUG keystone.server.flask.request_processing.middleware.auth_context [None req-a629c147-535d-46d0-9ffb-601bd45cef59 None admin] Validating token access rules against request {{(pid=81785) validate_allowed_request /opt/stack/data/venv/lib/python3.10/site-packages/keystonemiddleware/auth_token/__init__.py:545}}
Apr 14 17:07:47 ubuntu devstack@keystone.service[81784]: DEBUG keystone.server.flask.request_processing.middleware.auth_context [None req-aa161faa-f1d6-4974-b169-e1c926008bd8 None None] Validating token access rules against request {{(pid=81784) validate_allowed_request /opt/stack/data/venv/lib/python3.10/site-packages/keystonemiddleware/auth_token/__init__.py:545}}
Apr 14 17:07:47 ubuntu devstack@keystone.service[81785]: DEBUG keystone.server.flask.request_processing.middleware.auth_context [None req-a840a87e-6329-4e29-ad9e-3d20e286253f None admin] RBAC: auth_context: {'token': <TokenModel (audit_id=jVKaQWndQPKRiYkCAPpdsw, audit_chain_id=['jVKaQWndQPKRiYkCAPpdsw']) at 0x7f95fa8a7b80>, 'domain_id': None, 'trust_id': None, 'trustor_id': None, 'trustee_id': None, 'domain_name': None, 'group_ids': [], 'user_id': 'ef6e0b042cee46bb91f39bda059dc313', 'user_domain_id': 'default', 'system_scope': 'all', 'project_id': None, 'project_domain_id': None, 'roles': ['admin', 'manager', 'member', 'reader'], 'is_admin_project': True, 'service_user_id': None, 'service_user_domain_id': None, 'service_project_id': None, 'service_project_domain_id': None, 'service_roles': []} {{(pid=81785) fill_context /opt/stack/keystone/keystone/server/flask/request_processing/middleware/auth_context.py:509}}
Apr 14 17:07:47 ubuntu devstack@keystone.service[81785]: DEBUG keystone.server.flask.request_processing.req_logging [None req-a840a87e-6329-4e29-ad9e-3d20e286253f None admin] REQUEST_METHOD: `GET` {{(pid=81785) log_request_info /opt/stack/keystone/keystone/server/flask/request_processing/req_logging.py:26}}
Apr 14 17:07:47 ubuntu devstack@keystone.service[81785]: DEBUG keystone.server.flask.request_processing.req_logging [None req-a840a87e-6329-4e29-ad9e-3d20e286253f None admin] SCRIPT_NAME: `/identity` {{(pid=81785) log_request_info /opt/stack/keystone/keystone/server/flask/request_processing/req_logging.py:27}}
Apr 14 17:07:47 ubuntu devstack@keystone.service[81785]: DEBUG keystone.server.flask.request_processing.req_logging [None req-a840a87e-6329-4e29-ad9e-3d20e286253f None admin] PATH_INFO: `/v3/domains/Default` {{(pid=81785) log_request_info /opt/stack/keystone/keystone/server/flask/request_processing/req_logging.py:28}}
Apr 14 17:07:47 ubuntu devstack@keystone.service[81785]: DEBUG keystone.common.rbac_enforcer.enforcer [None req-a840a87e-6329-4e29-ad9e-3d20e286253f None admin] RBAC: Authorizing `identity:get_domain(domain_id=Default)` {{(pid=81785) enforce_call /opt/stack/keystone/keystone/common/rbac_enforcer/enforcer.py:494}}
Apr 14 17:07:47 ubuntu devstack@keystone.service[81785]: DEBUG keystone.common.rbac_enforcer.enforcer [None req-a840a87e-6329-4e29-ad9e-3d20e286253f None admin] RBAC: Authorization granted {{(pid=81785) enforce_call /opt/stack/keystone/keystone/common/rbac_enforcer/enforcer.py:505}}
Apr 14 17:07:47 ubuntu devstack@keystone.service[81784]: DEBUG keystone.server.flask.request_processing.middleware.auth_context [None req-c2a6aef9-1da7-4bd2-acf7-004d66780047 None admin] RBAC: auth_context: {'token': <TokenModel (audit_id=ul45zDpuT7OKe8JUCb8I1Q, audit_chain_id=['ul45zDpuT7OKe8JUCb8I1Q']) at 0x7f95fb581f90>, 'domain_id': None, 'trust_id': None, 'trustor_id': None, 'trustee_id': None, 'domain_name': None, 'group_ids': [], 'user_id': 'ef6e0b042cee46bb91f39bda059dc313', 'user_domain_id': 'default', 'system_scope': 'all', 'project_id': None, 'project_domain_id': None, 'roles': ['admin', 'manager', 'member', 'reader'], 'is_admin_project': True, 'service_user_id': None, 'service_user_domain_id': None, 'service_project_id': None, 'service_project_domain_id': None, 'service_roles': []} {{(pid=81784) fill_context /opt/stack/keystone/keystone/server/flask/request_processing/middleware/auth_context.py:509}}
Apr 14 17:07:47 ubuntu devstack@keystone.service[81785]: DEBUG keystone.server.flask.application [None req-a840a87e-6329-4e29-ad9e-3d20e286253f None admin] Could not find domain: Default. {{(pid=81785) _handle_keystone_exception /opt/stack/keystone/keystone/server/flask/application.py:146}}
Apr 14 17:07:47 ubuntu devstack@keystone.service[81784]: DEBUG keystone.server.flask.request_processing.req_logging [None req-c2a6aef9-1da7-4bd2-acf7-004d66780047 None admin] REQUEST_METHOD: `GET` {{(pid=81784) log_request_info /opt/stack/keystone/keystone/server/flask/request_processing/req_logging.py:26}}
Apr 14 17:07:47 ubuntu devstack@keystone.service[81784]: DEBUG keystone.server.flask.request_processing.req_logging [None req-c2a6aef9-1da7-4bd2-acf7-004d66780047 None admin] SCRIPT_NAME: `/identity` {{(pid=81784) log_request_info /opt/stack/keystone/keystone/server/flask/request_processing/req_logging.py:27}}
Apr 14 17:07:47 ubuntu devstack@keystone.service[81784]: DEBUG keystone.server.flask.request_processing.req_logging [None req-c2a6aef9-1da7-4bd2-acf7-004d66780047 None admin] PATH_INFO: `/v3/roles` {{(pid=81784) log_request_info /opt/stack/keystone/keystone/server/flask/request_processing/req_logging.py:28}}
Apr 14 17:07:47 ubuntu devstack@keystone.service[81785]: [pid: 81785|app: 0|req: 14/30] 10.201.5.82 () {56 vars in 1145 bytes} [Tue Apr 14 17:07:47 2026] GET /identity/v3/domains/Default => generated 87 bytes in 74 msecs (HTTP/1.1 404) 5 headers in 183 bytes (1 switches on core 0)
Apr 14 17:07:47 ubuntu devstack@keystone.service[81784]: DEBUG keystone.common.rbac_enforcer.enforcer [None req-c2a6aef9-1da7-4bd2-acf7-004d66780047 None admin] RBAC: Adding query filter params (name=admin) {{(pid=81784) _extract_filter_values /opt/stack/keystone/keystone/common/rbac_enforcer/enforcer.py:176}}
Apr 14 17:07:47 ubuntu devstack@keystone.service[81784]: DEBUG keystone.common.rbac_enforcer.enforcer [None req-c2a6aef9-1da7-4bd2-acf7-004d66780047 None admin] RBAC: Authorizing `identity:list_roles()` {{(pid=81784) enforce_call /opt/stack/keystone/keystone/common/rbac_enforcer/enforcer.py:494}}
Apr 14 17:07:47 ubuntu devstack@keystone.service[81784]: DEBUG keystone.common.rbac_enforcer.enforcer [None req-c2a6aef9-1da7-4bd2-acf7-004d66780047 None admin] RBAC: Authorization granted {{(pid=81784) enforce_call /opt/stack/keystone/keystone/common/rbac_enforcer/enforcer.py:505}}
Apr 14 17:07:47 ubuntu devstack@keystone.service[81785]: DEBUG keystone.server.flask.request_processing.middleware.auth_context [None req-a840a87e-6329-4e29-ad9e-3d20e286253f None admin] Authenticating user token {{(pid=81785) process_request /opt/stack/data/venv/lib/python3.10/site-packages/keystonemiddleware/auth_token/__init__.py:407}}
Apr 14 17:07:47 ubuntu devstack@keystone.service[81784]: [pid: 81784|app: 0|req: 17/31] 10.201.5.82 () {56 vars in 1149 bytes} [Tue Apr 14 17:07:47 2026] GET /identity/v3/roles?name=admin => generated 339 bytes in 63 msecs (HTTP/1.1 200) 5 headers in 177 bytes (1 switches on core 0)
Apr 14 17:07:47 ubuntu devstack@keystone.service[81784]: DEBUG keystone.server.flask.request_processing.middleware.auth_context [None req-c2a6aef9-1da7-4bd2-acf7-004d66780047 None admin] Authenticating user token {{(pid=81784) process_request /opt/stack/data/venv/lib/python3.10/site-packages/keystonemiddleware/auth_token/__init__.py:407}}
Apr 14 17:07:47 ubuntu devstack@keystone.service[81785]: DEBUG keystone.server.flask.request_processing.middleware.auth_context [None req-a840a87e-6329-4e29-ad9e-3d20e286253f None admin] Validating token access rules against request {{(pid=81785) validate_allowed_request /opt/stack/data/venv/lib/python3.10/site-packages/keystonemiddleware/auth_token/__init__.py:545}}
Apr 14 17:07:47 ubuntu devstack@keystone.service[81784]: DEBUG keystone.server.flask.request_processing.middleware.auth_context [None req-c2a6aef9-1da7-4bd2-acf7-004d66780047 None admin] Validating token access rules against request {{(pid=81784) validate_allowed_request /opt/stack/data/venv/lib/python3.10/site-packages/keystonemiddleware/auth_token/__init__.py:545}}
Apr 14 17:07:47 ubuntu devstack@keystone.service[81785]: DEBUG keystone.server.flask.request_processing.middleware.auth_context [None req-a314fefe-0ae0-4eaf-a693-2592f573bd6f None admin] RBAC: auth_context: {'token': <TokenModel (audit_id=jVKaQWndQPKRiYkCAPpdsw, audit_chain_id=['jVKaQWndQPKRiYkCAPpdsw']) at 0x7f95fa66b160>, 'domain_id': None, 'trust_id': None, 'trustor_id': None, 'trustee_id': None, 'domain_name': None, 'group_ids': [], 'user_id': 'ef6e0b042cee46bb91f39bda059dc313', 'user_domain_id': 'default', 'system_scope': 'all', 'project_id': None, 'project_domain_id': None, 'roles': ['admin', 'manager', 'member', 'reader'], 'is_admin_project': True, 'service_user_id': None, 'service_user_domain_id': None, 'service_project_id': None, 'service_project_domain_id': None, 'service_roles': []} {{(pid=81785) fill_context /opt/stack/keystone/keystone/server/flask/request_processing/middleware/auth_context.py:509}}
Apr 14 17:07:47 ubuntu devstack@keystone.service[81785]: DEBUG keystone.server.flask.request_processing.req_logging [None req-a314fefe-0ae0-4eaf-a693-2592f573bd6f None admin] REQUEST_METHOD: `GET` {{(pid=81785) log_request_info /opt/stack/keystone/keystone/server/flask/request_processing/req_logging.py:26}}
Apr 14 17:07:47 ubuntu devstack@keystone.service[81785]: DEBUG keystone.server.flask.request_processing.req_logging [None req-a314fefe-0ae0-4eaf-a693-2592f573bd6f None admin] SCRIPT_NAME: `/identity` {{(pid=81785) log_request_info /opt/stack/keystone/keystone/server/flask/request_processing/req_logging.py:27}}
Apr 14 17:07:47 ubuntu devstack@keystone.service[81785]: DEBUG keystone.server.flask.request_processing.req_logging [None req-a314fefe-0ae0-4eaf-a693-2592f573bd6f None admin] PATH_INFO: `/v3/domains` {{(pid=81785) log_request_info /opt/stack/keystone/keystone/server/flask/request_processing/req_logging.py:28}}
Apr 14 17:07:47 ubuntu devstack@keystone.service[81785]: DEBUG keystone.common.rbac_enforcer.enforcer [None req-a314fefe-0ae0-4eaf-a693-2592f573bd6f None admin] RBAC: Adding query filter params (name=Default) {{(pid=81785) _extract_filter_values /opt/stack/keystone/keystone/common/rbac_enforcer/enforcer.py:176}}
Apr 14 17:07:47 ubuntu devstack@keystone.service[81785]: DEBUG keystone.common.rbac_enforcer.enforcer [None req-a314fefe-0ae0-4eaf-a693-2592f573bd6f None admin] RBAC: Authorizing `identity:list_domains()` {{(pid=81785) enforce_call /opt/stack/keystone/keystone/common/rbac_enforcer/enforcer.py:494}}
Apr 14 17:07:47 ubuntu devstack@keystone.service[81785]: DEBUG keystone.common.rbac_enforcer.enforcer [None req-a314fefe-0ae0-4eaf-a693-2592f573bd6f None admin] RBAC: Authorization granted {{(pid=81785) enforce_call /opt/stack/keystone/keystone/common/rbac_enforcer/enforcer.py:505}}
Apr 14 17:07:47 ubuntu devstack@keystone.service[81785]: [pid: 81785|app: 0|req: 15/32] 10.201.5.82 () {56 vars in 1159 bytes} [Tue Apr 14 17:07:47 2026] GET /identity/v3/domains?name=Default => generated 308 bytes in 65 msecs (HTTP/1.1 200) 5 headers in 177 bytes (2 switches on core 0)
Apr 14 17:07:47 ubuntu devstack@keystone.service[81784]: DEBUG keystone.server.flask.request_processing.middleware.auth_context [None req-79bbf52b-eff2-48b1-af5f-72092c044237 None admin] RBAC: auth_context: {'token': <TokenModel (audit_id=ul45zDpuT7OKe8JUCb8I1Q, audit_chain_id=['ul45zDpuT7OKe8JUCb8I1Q']) at 0x7f95fa893b50>, 'domain_id': None, 'trust_id': None, 'trustor_id': None, 'trustee_id': None, 'domain_name': None, 'group_ids': [], 'user_id': 'ef6e0b042cee46bb91f39bda059dc313', 'user_domain_id': 'default', 'system_scope': 'all', 'project_id': None, 'project_domain_id': None, 'roles': ['admin', 'manager', 'member', 'reader'], 'is_admin_project': True, 'service_user_id': None, 'service_user_domain_id': None, 'service_project_id': None, 'service_project_domain_id': None, 'service_roles': []} {{(pid=81784) fill_context /opt/stack/keystone/keystone/server/flask/request_processing/middleware/auth_context.py:509}}
Apr 14 17:07:47 ubuntu devstack@keystone.service[81785]: DEBUG keystone.server.flask.request_processing.req_logging [None req-8736df3b-04fb-4811-b128-1593b086ebd9 None None] REQUEST_METHOD: `GET` {{(pid=81785) log_request_info /opt/stack/keystone/keystone/server/flask/request_processing/req_logging.py:26}}
Apr 14 17:07:47 ubuntu devstack@keystone.service[81785]: DEBUG keystone.server.flask.request_processing.req_logging [None req-8736df3b-04fb-4811-b128-1593b086ebd9 None None] SCRIPT_NAME: `/identity` {{(pid=81785) log_request_info /opt/stack/keystone/keystone/server/flask/request_processing/req_logging.py:27}}
Apr 14 17:07:47 ubuntu devstack@keystone.service[81785]: DEBUG keystone.server.flask.request_processing.req_logging [None req-8736df3b-04fb-4811-b128-1593b086ebd9 None None] PATH_INFO: `/` {{(pid=81785) log_request_info /opt/stack/keystone/keystone/server/flask/request_processing/req_logging.py:28}}
Apr 14 17:07:47 ubuntu devstack@keystone.service[81784]: DEBUG keystone.server.flask.request_processing.req_logging [None req-79bbf52b-eff2-48b1-af5f-72092c044237 None admin] REQUEST_METHOD: `GET` {{(pid=81784) log_request_info /opt/stack/keystone/keystone/server/flask/request_processing/req_logging.py:26}}
Apr 14 17:07:47 ubuntu devstack@keystone.service[81784]: DEBUG keystone.server.flask.request_processing.req_logging [None req-79bbf52b-eff2-48b1-af5f-72092c044237 None admin] SCRIPT_NAME: `/identity` {{(pid=81784) log_request_info /opt/stack/keystone/keystone/server/flask/request_processing/req_logging.py:27}}
Apr 14 17:07:47 ubuntu devstack@keystone.service[81784]: DEBUG keystone.server.flask.request_processing.req_logging [None req-79bbf52b-eff2-48b1-af5f-72092c044237 None admin] PATH_INFO: `/v3/users/ef6e0b042cee46bb91f39bda059dc313` {{(pid=81784) log_request_info /opt/stack/keystone/keystone/server/flask/request_processing/req_logging.py:28}}
Apr 14 17:07:47 ubuntu devstack@keystone.service[81785]: [pid: 81785|app: 0|req: 16/33] 10.201.5.82 () {54 vars in 920 bytes} [Tue Apr 14 17:07:47 2026] GET /identity => generated 270 bytes in 1 msecs (HTTP/1.1 300) 6 headers in 234 bytes (1 switches on core 0)
Apr 14 17:07:47 ubuntu devstack@keystone.service[81784]: DEBUG keystone.common.rbac_enforcer.enforcer [None req-79bbf52b-eff2-48b1-af5f-72092c044237 None admin] RBAC: Authorizing `identity:get_user(user_id=ef6e0b042cee46bb91f39bda059dc313)` {{(pid=81784) enforce_call /opt/stack/keystone/keystone/common/rbac_enforcer/enforcer.py:494}}
Apr 14 17:07:47 ubuntu devstack@keystone.service[81784]: DEBUG keystone.common.rbac_enforcer.enforcer [None req-79bbf52b-eff2-48b1-af5f-72092c044237 None admin] RBAC: Authorization granted {{(pid=81784) enforce_call /opt/stack/keystone/keystone/common/rbac_enforcer/enforcer.py:505}}
Apr 14 17:07:47 ubuntu devstack@keystone.service[81785]: DEBUG keystone.server.flask.request_processing.middleware.auth_context [None req-8736df3b-04fb-4811-b128-1593b086ebd9 None None] Authenticating user token {{(pid=81785) process_request /opt/stack/data/venv/lib/python3.10/site-packages/keystonemiddleware/auth_token/__init__.py:407}}
Apr 14 17:07:47 ubuntu devstack@keystone.service[81784]: [pid: 81784|app: 0|req: 18/34] 10.201.5.82 () {56 vars in 1214 bytes} [Tue Apr 14 17:07:47 2026] GET /identity/v3/users/ef6e0b042cee46bb91f39bda059dc313 => generated 247 bytes in 60 msecs (HTTP/1.1 200) 5 headers in 177 bytes (1 switches on core 0)
Apr 14 17:07:47 ubuntu devstack@keystone.service[81784]: DEBUG keystone.server.flask.request_processing.req_logging [None req-05e979c3-24db-4aee-8c8e-61f67d655eb7 None None] REQUEST_METHOD: `POST` {{(pid=81784) log_request_info /opt/stack/keystone/keystone/server/flask/request_processing/req_logging.py:26}}
Apr 14 17:07:47 ubuntu devstack@keystone.service[81784]: DEBUG keystone.server.flask.request_processing.req_logging [None req-05e979c3-24db-4aee-8c8e-61f67d655eb7 None None] SCRIPT_NAME: `/identity` {{(pid=81784) log_request_info /opt/stack/keystone/keystone/server/flask/request_processing/req_logging.py:27}}
Apr 14 17:07:47 ubuntu devstack@keystone.service[81784]: DEBUG keystone.server.flask.request_processing.req_logging [None req-05e979c3-24db-4aee-8c8e-61f67d655eb7 None None] PATH_INFO: `/v3/auth/tokens` {{(pid=81784) log_request_info /opt/stack/keystone/keystone/server/flask/request_processing/req_logging.py:28}}
Apr 14 17:07:47 ubuntu devstack@keystone.service[81784]: WARNING keystone.common.password_hashing [None req-05e979c3-24db-4aee-8c8e-61f67d655eb7 None None] Truncating password to algorithm specific maximum length 72 characters.
Apr 14 17:07:47 ubuntu devstack@keystone.service[81784]: DEBUG keystone.auth.core [None req-05e979c3-24db-4aee-8c8e-61f67d655eb7 None None] MFA Rules not processed for user `ef6e0b042cee46bb91f39bda059dc313`. Rule list: `[]` (Enabled: `True`). {{(pid=81784) check_auth_methods_against_rules /opt/stack/keystone/keystone/auth/core.py:476}}
Apr 14 17:07:47 ubuntu devstack@keystone.service[81784]: DEBUG keystone.common.fernet_utils [None req-05e979c3-24db-4aee-8c8e-61f67d655eb7 None None] Loaded 2 Fernet keys from /etc/keystone/fernet-keys/, but `[fernet_tokens] max_active_keys = 3`; perhaps there have not been enough key rotations to reach `max_active_keys` yet? {{(pid=81784) load_keys /opt/stack/keystone/keystone/common/fernet_utils.py:297}}
Apr 14 17:07:47 ubuntu devstack@keystone.service[81785]: DEBUG keystone.server.flask.request_processing.middleware.auth_context [None req-8736df3b-04fb-4811-b128-1593b086ebd9 None None] Validating token access rules against request {{(pid=81785) validate_allowed_request /opt/stack/data/venv/lib/python3.10/site-packages/keystonemiddleware/auth_token/__init__.py:545}}
Apr 14 17:07:47 ubuntu devstack@keystone.service[81784]: [pid: 81784|app: 0|req: 19/35] 10.201.5.82 () {58 vars in 1017 bytes} [Tue Apr 14 17:07:47 2026] POST /identity/v3/auth/tokens => generated 862 bytes in 47 msecs (HTTP/1.1 201) 6 headers in 363 bytes (1 switches on core 0)
Apr 14 17:07:47 ubuntu devstack@keystone.service[81784]: DEBUG keystone.server.flask.request_processing.middleware.auth_context [None req-05e979c3-24db-4aee-8c8e-61f67d655eb7 None None] Authenticating user token {{(pid=81784) process_request /opt/stack/data/venv/lib/python3.10/site-packages/keystonemiddleware/auth_token/__init__.py:407}}
Apr 14 17:07:47 ubuntu devstack@keystone.service[81785]: DEBUG keystone.server.flask.request_processing.middleware.auth_context [None req-4dbe107f-906c-44b0-a9dc-9330d85005cf None admin] RBAC: auth_context: {'token': <TokenModel (audit_id=jVKaQWndQPKRiYkCAPpdsw, audit_chain_id=['jVKaQWndQPKRiYkCAPpdsw']) at 0x7f95fa83ab30>, 'domain_id': None, 'trust_id': None, 'trustor_id': None, 'trustee_id': None, 'domain_name': None, 'group_ids': [], 'user_id': 'ef6e0b042cee46bb91f39bda059dc313', 'user_domain_id': 'default', 'system_scope': 'all', 'project_id': None, 'project_domain_id': None, 'roles': ['admin', 'manager', 'member', 'reader'], 'is_admin_project': True, 'service_user_id': None, 'service_user_domain_id': None, 'service_project_id': None, 'service_project_domain_id': None, 'service_roles': []} {{(pid=81785) fill_context /opt/stack/keystone/keystone/server/flask/request_processing/middleware/auth_context.py:509}}
Apr 14 17:07:47 ubuntu devstack@keystone.service[81785]: DEBUG keystone.server.flask.request_processing.req_logging [None req-4dbe107f-906c-44b0-a9dc-9330d85005cf None admin] REQUEST_METHOD: `POST` {{(pid=81785) log_request_info /opt/stack/keystone/keystone/server/flask/request_processing/req_logging.py:26}}
Apr 14 17:07:47 ubuntu devstack@keystone.service[81785]: DEBUG keystone.server.flask.request_processing.req_logging [None req-4dbe107f-906c-44b0-a9dc-9330d85005cf None admin] SCRIPT_NAME: `/identity` {{(pid=81785) log_request_info /opt/stack/keystone/keystone/server/flask/request_processing/req_logging.py:27}}
Apr 14 17:07:47 ubuntu devstack@keystone.service[81785]: DEBUG keystone.server.flask.request_processing.req_logging [None req-4dbe107f-906c-44b0-a9dc-9330d85005cf None admin] PATH_INFO: `/v3/projects` {{(pid=81785) log_request_info /opt/stack/keystone/keystone/server/flask/request_processing/req_logging.py:28}}
Apr 14 17:07:47 ubuntu devstack@keystone.service[81785]: DEBUG keystone.common.rbac_enforcer.enforcer [None req-4dbe107f-906c-44b0-a9dc-9330d85005cf None admin] RBAC: Authorizing `identity:create_project()` {{(pid=81785) enforce_call /opt/stack/keystone/keystone/common/rbac_enforcer/enforcer.py:494}}
Apr 14 17:07:47 ubuntu devstack@keystone.service[81785]: DEBUG keystone.common.rbac_enforcer.enforcer [None req-4dbe107f-906c-44b0-a9dc-9330d85005cf None admin] RBAC: Authorization granted {{(pid=81785) enforce_call /opt/stack/keystone/keystone/common/rbac_enforcer/enforcer.py:505}}
Apr 14 17:07:47 ubuntu devstack@keystone.service[81784]: DEBUG keystone.server.flask.request_processing.middleware.auth_context [None req-05e979c3-24db-4aee-8c8e-61f67d655eb7 None None] Validating token access rules against request {{(pid=81784) validate_allowed_request /opt/stack/data/venv/lib/python3.10/site-packages/keystonemiddleware/auth_token/__init__.py:545}}
Apr 14 17:07:47 ubuntu devstack@keystone.service[81785]: [pid: 81785|app: 0|req: 17/36] 10.201.5.82 () {60 vars in 1177 bytes} [Tue Apr 14 17:07:47 2026] POST /identity/v3/projects => generated 301 bytes in 89 msecs (HTTP/1.1 201) 5 headers in 182 bytes (2 switches on core 0)
Apr 14 17:07:47 ubuntu devstack@keystone.service[81785]: DEBUG keystone.server.flask.request_processing.middleware.auth_context [None req-4dbe107f-906c-44b0-a9dc-9330d85005cf None admin] Authenticating user token {{(pid=81785) process_request /opt/stack/data/venv/lib/python3.10/site-packages/keystonemiddleware/auth_token/__init__.py:407}}
Apr 14 17:07:47 ubuntu devstack@keystone.service[81784]: DEBUG keystone.server.flask.request_processing.middleware.auth_context [None req-5daf10ff-f15c-4152-a65d-079c274cee7c None admin] RBAC: auth_context: {'token': <TokenModel (audit_id=ul45zDpuT7OKe8JUCb8I1Q, audit_chain_id=['ul45zDpuT7OKe8JUCb8I1Q']) at 0x7f95fa8921d0>, 'domain_id': None, 'trust_id': None, 'trustor_id': None, 'trustee_id': None, 'domain_name': None, 'group_ids': [], 'user_id': 'ef6e0b042cee46bb91f39bda059dc313', 'user_domain_id': 'default', 'system_scope': 'all', 'project_id': None, 'project_domain_id': None, 'roles': ['admin', 'manager', 'member', 'reader'], 'is_admin_project': True, 'service_user_id': None, 'service_user_domain_id': None, 'service_project_id': None, 'service_project_domain_id': None, 'service_roles': []} {{(pid=81784) fill_context /opt/stack/keystone/keystone/server/flask/request_processing/middleware/auth_context.py:509}}
Apr 14 17:07:48 ubuntu devstack@keystone.service[81784]: DEBUG keystone.server.flask.request_processing.req_logging [None req-5daf10ff-f15c-4152-a65d-079c274cee7c None admin] REQUEST_METHOD: `GET` {{(pid=81784) log_request_info /opt/stack/keystone/keystone/server/flask/request_processing/req_logging.py:26}}
Apr 14 17:07:48 ubuntu devstack@keystone.service[81784]: DEBUG keystone.server.flask.request_processing.req_logging [None req-5daf10ff-f15c-4152-a65d-079c274cee7c None admin] SCRIPT_NAME: `/identity` {{(pid=81784) log_request_info /opt/stack/keystone/keystone/server/flask/request_processing/req_logging.py:27}}
Apr 14 17:07:48 ubuntu devstack@keystone.service[81784]: DEBUG keystone.server.flask.request_processing.req_logging [None req-5daf10ff-f15c-4152-a65d-079c274cee7c None admin] PATH_INFO: `/v3/domains/default` {{(pid=81784) log_request_info /opt/stack/keystone/keystone/server/flask/request_processing/req_logging.py:28}}
Apr 14 17:07:48 ubuntu devstack@keystone.service[81784]: DEBUG keystone.common.rbac_enforcer.enforcer [None req-5daf10ff-f15c-4152-a65d-079c274cee7c None admin] RBAC: Authorizing `identity:get_domain(domain_id=default)` {{(pid=81784) enforce_call /opt/stack/keystone/keystone/common/rbac_enforcer/enforcer.py:494}}
Apr 14 17:07:48 ubuntu devstack@keystone.service[81784]: DEBUG keystone.common.rbac_enforcer.enforcer [None req-5daf10ff-f15c-4152-a65d-079c274cee7c None admin] RBAC: Authorization granted {{(pid=81784) enforce_call /opt/stack/keystone/keystone/common/rbac_enforcer/enforcer.py:505}}
Apr 14 17:07:48 ubuntu devstack@keystone.service[81784]: [pid: 81784|app: 0|req: 20/37] 10.201.5.82 () {56 vars in 1145 bytes} [Tue Apr 14 17:07:47 2026] GET /identity/v3/domains/default => generated 199 bytes in 56 msecs (HTTP/1.1 200) 5 headers in 177 bytes (1 switches on core 0)
Apr 14 17:07:48 ubuntu devstack@keystone.service[81784]: DEBUG keystone.server.flask.request_processing.middleware.auth_context [None req-5daf10ff-f15c-4152-a65d-079c274cee7c None admin] Authenticating user token {{(pid=81784) process_request /opt/stack/data/venv/lib/python3.10/site-packages/keystonemiddleware/auth_token/__init__.py:407}}
Apr 14 17:07:48 ubuntu devstack@keystone.service[81785]: DEBUG keystone.server.flask.request_processing.middleware.auth_context [None req-4dbe107f-906c-44b0-a9dc-9330d85005cf None admin] Validating token access rules against request {{(pid=81785) validate_allowed_request /opt/stack/data/venv/lib/python3.10/site-packages/keystonemiddleware/auth_token/__init__.py:545}}
Apr 14 17:07:48 ubuntu devstack@keystone.service[81785]: DEBUG keystone.server.flask.request_processing.middleware.auth_context [None req-9f00de8e-4e7c-4a7d-be0d-45fd1c035c0c None admin] RBAC: auth_context: {'token': <TokenModel (audit_id=1pDfYhAYTK6XejXTdzIV_A, audit_chain_id=['1pDfYhAYTK6XejXTdzIV_A']) at 0x7f95fa66a890>, 'domain_id': None, 'trust_id': None, 'trustor_id': None, 'trustee_id': None, 'domain_name': None, 'group_ids': [], 'user_id': 'ef6e0b042cee46bb91f39bda059dc313', 'user_domain_id': 'default', 'system_scope': 'all', 'project_id': None, 'project_domain_id': None, 'roles': ['admin', 'manager', 'member', 'reader'], 'is_admin_project': True, 'service_user_id': None, 'service_user_domain_id': None, 'service_project_id': None, 'service_project_domain_id': None, 'service_roles': []} {{(pid=81785) fill_context /opt/stack/keystone/keystone/server/flask/request_processing/middleware/auth_context.py:509}}
Apr 14 17:07:48 ubuntu devstack@keystone.service[81785]: DEBUG keystone.server.flask.request_processing.req_logging [None req-9f00de8e-4e7c-4a7d-be0d-45fd1c035c0c None admin] REQUEST_METHOD: `POST` {{(pid=81785) log_request_info /opt/stack/keystone/keystone/server/flask/request_processing/req_logging.py:26}}
Apr 14 17:07:48 ubuntu devstack@keystone.service[81785]: DEBUG keystone.server.flask.request_processing.req_logging [None req-9f00de8e-4e7c-4a7d-be0d-45fd1c035c0c None admin] SCRIPT_NAME: `/identity` {{(pid=81785) log_request_info /opt/stack/keystone/keystone/server/flask/request_processing/req_logging.py:27}}
Apr 14 17:07:48 ubuntu devstack@keystone.service[81785]: DEBUG keystone.server.flask.request_processing.req_logging [None req-9f00de8e-4e7c-4a7d-be0d-45fd1c035c0c None admin] PATH_INFO: `/v3/roles` {{(pid=81785) log_request_info /opt/stack/keystone/keystone/server/flask/request_processing/req_logging.py:28}}
Apr 14 17:07:48 ubuntu devstack@keystone.service[81785]: DEBUG keystone.common.rbac_enforcer.enforcer [None req-9f00de8e-4e7c-4a7d-be0d-45fd1c035c0c None admin] RBAC: Authorizing `identity:create_role()` {{(pid=81785) enforce_call /opt/stack/keystone/keystone/common/rbac_enforcer/enforcer.py:494}}
Apr 14 17:07:48 ubuntu devstack@keystone.service[81785]: DEBUG keystone.common.rbac_enforcer.enforcer [None req-9f00de8e-4e7c-4a7d-be0d-45fd1c035c0c None admin] RBAC: Authorization granted {{(pid=81785) enforce_call /opt/stack/keystone/keystone/common/rbac_enforcer/enforcer.py:505}}
Apr 14 17:07:48 ubuntu devstack@keystone.service[81785]: DEBUG keystone.common.sql.core [None req-9f00de8e-4e7c-4a7d-be0d-45fd1c035c0c None admin] Conflict role: (pymysql.err.IntegrityError) (1062, "Duplicate entry 'service-<<null>>' for key 'role.ixu_role_name_domain_id'")
Apr 14 17:07:48 ubuntu devstack@keystone.service[81785]: [SQL: INSERT INTO `role` (id, name, description, extra) VALUES (%(id)s, %(name)s, %(description)s, %(extra)s)]
Apr 14 17:07:48 ubuntu devstack@keystone.service[81785]: [parameters: {'id': '40c7e37c27a0402cb991ec6b2dd165f2', 'name': 'service', 'description': None, 'extra': '{}'}]
Apr 14 17:07:48 ubuntu devstack@keystone.service[81785]: (Background on this error at: https://sqlalche.me/e/20/gkpj) {{(pid=81785) wrapper /opt/stack/keystone/keystone/common/sql/core.py:580}}
Apr 14 17:07:48 ubuntu devstack@keystone.service[81785]: ERROR keystone.server.flask.application [None req-9f00de8e-4e7c-4a7d-be0d-45fd1c035c0c None admin] Conflict occurred attempting to store role - Duplicate entry found with name service.: keystone.exception.Conflict: Conflict occurred attempting to store role - Duplicate entry found with name service.
Apr 14 17:07:48 ubuntu devstack@keystone.service[81785]: ERROR keystone.server.flask.application Traceback (most recent call last):
Apr 14 17:07:48 ubuntu devstack@keystone.service[81785]: ERROR keystone.server.flask.application   File "/opt/stack/data/venv/lib/python3.10/site-packages/sqlalchemy/engine/base.py", line 1967, in _exec_single_context
Apr 14 17:07:48 ubuntu devstack@keystone.service[81785]: ERROR keystone.server.flask.application     self.dialect.do_execute(
Apr 14 17:07:48 ubuntu devstack@keystone.service[81785]: ERROR keystone.server.flask.application   File "/opt/stack/data/venv/lib/python3.10/site-packages/sqlalchemy/engine/default.py", line 952, in do_execute
Apr 14 17:07:48 ubuntu devstack@keystone.service[81785]: ERROR keystone.server.flask.application     cursor.execute(statement, parameters)
Apr 14 17:07:48 ubuntu devstack@keystone.service[81785]: ERROR keystone.server.flask.application   File "/opt/stack/data/venv/lib/python3.10/site-packages/pymysql/cursors.py", line 153, in execute
Apr 14 17:07:48 ubuntu devstack@keystone.service[81785]: ERROR keystone.server.flask.application     result = self._query(query)
Apr 14 17:07:48 ubuntu devstack@keystone.service[81785]: ERROR keystone.server.flask.application   File "/opt/stack/data/venv/lib/python3.10/site-packages/pymysql/cursors.py", line 322, in _query
Apr 14 17:07:48 ubuntu devstack@keystone.service[81785]: ERROR keystone.server.flask.application     conn.query(q)
Apr 14 17:07:48 ubuntu devstack@keystone.service[81785]: ERROR keystone.server.flask.application   File "/opt/stack/data/venv/lib/python3.10/site-packages/pymysql/connections.py", line 575, in query
Apr 14 17:07:48 ubuntu devstack@keystone.service[81785]: ERROR keystone.server.flask.application     self._affected_rows = self._read_query_result(unbuffered=unbuffered)
Apr 14 17:07:48 ubuntu devstack@keystone.service[81785]: ERROR keystone.server.flask.application   File "/opt/stack/data/venv/lib/python3.10/site-packages/pymysql/connections.py", line 826, in _read_query_result
Apr 14 17:07:48 ubuntu devstack@keystone.service[81785]: ERROR keystone.server.flask.application     result.read()
Apr 14 17:07:48 ubuntu devstack@keystone.service[81785]: ERROR keystone.server.flask.application   File "/opt/stack/data/venv/lib/python3.10/site-packages/pymysql/connections.py", line 1203, in read
Apr 14 17:07:48 ubuntu devstack@keystone.service[81785]: ERROR keystone.server.flask.application     first_packet = self.connection._read_packet()
Apr 14 17:07:48 ubuntu devstack@keystone.service[81785]: ERROR keystone.server.flask.application   File "/opt/stack/data/venv/lib/python3.10/site-packages/pymysql/connections.py", line 782, in _read_packet
Apr 14 17:07:48 ubuntu devstack@keystone.service[81785]: ERROR keystone.server.flask.application     packet.raise_for_error()
Apr 14 17:07:48 ubuntu devstack@keystone.service[81785]: ERROR keystone.server.flask.application   File "/opt/stack/data/venv/lib/python3.10/site-packages/pymysql/protocol.py", line 219, in raise_for_error
Apr 14 17:07:48 ubuntu devstack@keystone.service[81785]: ERROR keystone.server.flask.application     err.raise_mysql_exception(self._data)
Apr 14 17:07:48 ubuntu devstack@keystone.service[81785]: ERROR keystone.server.flask.application   File "/opt/stack/data/venv/lib/python3.10/site-packages/pymysql/err.py", line 150, in raise_mysql_exception
Apr 14 17:07:48 ubuntu devstack@keystone.service[81785]: ERROR keystone.server.flask.application     raise errorclass(errno, errval)
Apr 14 17:07:48 ubuntu devstack@keystone.service[81785]: ERROR keystone.server.flask.application pymysql.err.IntegrityError: (1062, "Duplicate entry 'service-<<null>>' for key 'role.ixu_role_name_domain_id'")
Apr 14 17:07:48 ubuntu devstack@keystone.service[81785]: ERROR keystone.server.flask.application 
Apr 14 17:07:48 ubuntu devstack@keystone.service[81785]: ERROR keystone.server.flask.application The above exception was the direct cause of the following exception:
Apr 14 17:07:48 ubuntu devstack@keystone.service[81785]: ERROR keystone.server.flask.application 
Apr 14 17:07:48 ubuntu devstack@keystone.service[81785]: ERROR keystone.server.flask.application Traceback (most recent call last):
Apr 14 17:07:48 ubuntu devstack@keystone.service[81785]: ERROR keystone.server.flask.application   File "/opt/stack/keystone/keystone/common/sql/core.py", line 575, in wrapper
Apr 14 17:07:48 ubuntu devstack@keystone.service[81785]: ERROR keystone.server.flask.application     return method(*args, **kwargs)
Apr 14 17:07:48 ubuntu devstack@keystone.service[81785]: ERROR keystone.server.flask.application   File "/opt/stack/keystone/keystone/assignment/role_backends/sql.py", line 25, in create_role
Apr 14 17:07:48 ubuntu devstack@keystone.service[81785]: ERROR keystone.server.flask.application     with sql.session_for_write() as session:
Apr 14 17:07:48 ubuntu devstack@keystone.service[81785]: ERROR keystone.server.flask.application   File "/usr/lib/python3.10/contextlib.py", line 142, in __exit__
Apr 14 17:07:48 ubuntu devstack@keystone.service[81785]: ERROR keystone.server.flask.application     next(self.gen)
Apr 14 17:07:48 ubuntu devstack@keystone.service[81785]: ERROR keystone.server.flask.application   File "/opt/stack/data/venv/lib/python3.10/site-packages/oslo_db/sqlalchemy/enginefacade.py", line 1175, in _transaction_scope
Apr 14 17:07:48 ubuntu devstack@keystone.service[81785]: ERROR keystone.server.flask.application     with current._produce_block(
Apr 14 17:07:48 ubuntu devstack@keystone.service[81785]: ERROR keystone.server.flask.application   File "/usr/lib/python3.10/contextlib.py", line 142, in __exit__
