Aug 14 15:58:34 ubuntu devstack@keystone.service[68935]: DEBUG keystone.server.flask.common [-] Adding resource routes to API users: ['/users/<string:user_id>/access_rules/<string:access_rule_id>' {}] {{(pid=68935) _add_mapped_resources /opt/stack/keystone/keystone/server/flask/common.py:487}}
Aug 14 15:58:34 ubuntu devstack@keystone.service[68936]: [pid: 68936|app: 0|req: 1/1] 10.201.5.82 () {50 vars in 791 bytes} [Wed Aug 14 15:58:34 2024] GET /identity/v3/ => generated 255 bytes in 2 msecs (HTTP/1.1 200) 5 headers in 177 bytes (1 switches on core 0)
Aug 14 15:58:34 ubuntu devstack@keystone.service[68935]: WSGI app 0 (mountpoint='') ready in 2 seconds on interpreter 0x559e4e0c0d70 pid: 68935 (default app)
Aug 14 15:58:39 ubuntu devstack@keystone.service[68936]: DEBUG keystone.server.flask.request_processing.req_logging [None req-1e99ffa7-7e47-4d0a-bda4-f93d4381cc10 None None] REQUEST_METHOD: `GET` {{(pid=68936) log_request_info /opt/stack/keystone/keystone/server/flask/request_processing/req_logging.py:27}}
Aug 14 15:58:39 ubuntu devstack@keystone.service[68936]: DEBUG keystone.server.flask.request_processing.req_logging [None req-1e99ffa7-7e47-4d0a-bda4-f93d4381cc10 None None] SCRIPT_NAME: `/identity` {{(pid=68936) log_request_info /opt/stack/keystone/keystone/server/flask/request_processing/req_logging.py:28}}
Aug 14 15:58:39 ubuntu devstack@keystone.service[68936]: DEBUG keystone.server.flask.request_processing.req_logging [None req-1e99ffa7-7e47-4d0a-bda4-f93d4381cc10 None None] PATH_INFO: `/` {{(pid=68936) log_request_info /opt/stack/keystone/keystone/server/flask/request_processing/req_logging.py:29}}
Aug 14 15:58:39 ubuntu devstack@keystone.service[68936]: [pid: 68936|app: 0|req: 2/2] 10.201.5.82 () {54 vars in 926 bytes} [Wed Aug 14 15:58:39 2024] GET /identity => generated 270 bytes in 2 msecs (HTTP/1.1 300) 6 headers in 234 bytes (1 switches on core 0)
Aug 14 15:58:39 ubuntu devstack@keystone.service[68935]: DEBUG keystone.server.flask.request_processing.req_logging [None req-83e94e4c-e031-4e0e-88ab-8f06fd19fd2d None None] REQUEST_METHOD: `POST` {{(pid=68935) log_request_info /opt/stack/keystone/keystone/server/flask/request_processing/req_logging.py:27}}
Aug 14 15:58:39 ubuntu devstack@keystone.service[68935]: DEBUG keystone.server.flask.request_processing.req_logging [None req-83e94e4c-e031-4e0e-88ab-8f06fd19fd2d None None] SCRIPT_NAME: `/identity` {{(pid=68935) log_request_info /opt/stack/keystone/keystone/server/flask/request_processing/req_logging.py:28}}
Aug 14 15:58:39 ubuntu devstack@keystone.service[68935]: DEBUG keystone.server.flask.request_processing.req_logging [None req-83e94e4c-e031-4e0e-88ab-8f06fd19fd2d None None] PATH_INFO: `/v3/auth/tokens` {{(pid=68935) log_request_info /opt/stack/keystone/keystone/server/flask/request_processing/req_logging.py:29}}
Aug 14 15:58:39 ubuntu devstack@keystone.service[68935]: INFO dbcounter [None req-83e94e4c-e031-4e0e-88ab-8f06fd19fd2d None None] Registered counter for database keystone
Aug 14 15:58:39 ubuntu devstack@keystone.service[68935]: DEBUG oslo_db.sqlalchemy.engines [None req-83e94e4c-e031-4e0e-88ab-8f06fd19fd2d None None] MySQL server mode set to STRICT_TRANS_TABLES,STRICT_ALL_TABLES,NO_ZERO_IN_DATE,NO_ZERO_DATE,ERROR_FOR_DIVISION_BY_ZERO,TRADITIONAL,NO_ENGINE_SUBSTITUTION {{(pid=68935) _check_effective_sql_mode /opt/stack/data/venv/lib/python3.10/site-packages/oslo_db/sqlalchemy/engines.py:342}}
Aug 14 15:58:39 ubuntu devstack@keystone.service[68935]: DEBUG dbcounter [-] [68935] Writer thread running {{(pid=68935) stat_writer /opt/stack/data/venv/lib/python3.10/site-packages/dbcounter.py:102}}
Aug 14 15:58:39 ubuntu devstack@keystone.service[68935]: WARNING keystone.common.password_hashing [None req-83e94e4c-e031-4e0e-88ab-8f06fd19fd2d None None] Truncating password to algorithm specific maximum length 72 characters.
Aug 14 15:58:39 ubuntu devstack@keystone.service[68935]: DEBUG passlib.handlers.bcrypt [None req-83e94e4c-e031-4e0e-88ab-8f06fd19fd2d None None] detected 'bcrypt' backend, version '4.0.1' {{(pid=68935) _load_backend_mixin /opt/stack/data/venv/lib/python3.10/site-packages/passlib/handlers/bcrypt.py:625}}
Aug 14 15:58:39 ubuntu devstack@keystone.service[68935]: DEBUG passlib.handlers.bcrypt [None req-83e94e4c-e031-4e0e-88ab-8f06fd19fd2d None None] 'bcrypt' backend lacks $2$ support, enabling workaround {{(pid=68935) _finalize_backend_mixin /opt/stack/data/venv/lib/python3.10/site-packages/passlib/handlers/bcrypt.py:406}}
Aug 14 15:58:39 ubuntu devstack@keystone.service[68935]: DEBUG keystone.auth.core [None req-83e94e4c-e031-4e0e-88ab-8f06fd19fd2d None None] MFA Rules not processed for user `6fe036441f104975915a4415c9c4f5e4`. Rule list: `[]` (Enabled: `True`). {{(pid=68935) check_auth_methods_against_rules /opt/stack/keystone/keystone/auth/core.py:477}}
Aug 14 15:58:39 ubuntu devstack@keystone.service[68935]: DEBUG keystone.common.fernet_utils [None req-83e94e4c-e031-4e0e-88ab-8f06fd19fd2d None None] Loaded 2 Fernet keys from /etc/keystone/fernet-keys/, but `[fernet_tokens] max_active_keys = 3`; perhaps there have not been enough key rotations to reach `max_active_keys` yet? {{(pid=68935) load_keys /opt/stack/keystone/keystone/common/fernet_utils.py:299}}
Aug 14 15:58:39 ubuntu devstack@keystone.service[68935]: [pid: 68935|app: 0|req: 1/3] 10.201.5.82 () {58 vars in 1023 bytes} [Wed Aug 14 15:58:39 2024] POST /identity/v3/auth/tokens => generated 977 bytes in 327 msecs (HTTP/1.1 201) 6 headers in 384 bytes (1 switches on core 0)
Aug 14 15:58:40 ubuntu devstack@keystone.service[68936]: DEBUG keystone.server.flask.request_processing.middleware.auth_context [None req-1e99ffa7-7e47-4d0a-bda4-f93d4381cc10 None None] Authenticating user token {{(pid=68936) process_request /opt/stack/data/venv/lib/python3.10/site-packages/keystonemiddleware/auth_token/__init__.py:406}}
Aug 14 15:58:40 ubuntu devstack@keystone.service[68936]: INFO dbcounter [None req-1e99ffa7-7e47-4d0a-bda4-f93d4381cc10 None None] Registered counter for database keystone
Aug 14 15:58:40 ubuntu devstack@keystone.service[68936]: DEBUG oslo_db.sqlalchemy.engines [None req-1e99ffa7-7e47-4d0a-bda4-f93d4381cc10 None None] MySQL server mode set to STRICT_TRANS_TABLES,STRICT_ALL_TABLES,NO_ZERO_IN_DATE,NO_ZERO_DATE,ERROR_FOR_DIVISION_BY_ZERO,TRADITIONAL,NO_ENGINE_SUBSTITUTION {{(pid=68936) _check_effective_sql_mode /opt/stack/data/venv/lib/python3.10/site-packages/oslo_db/sqlalchemy/engines.py:342}}
Aug 14 15:58:40 ubuntu devstack@keystone.service[68936]: DEBUG dbcounter [-] [68936] Writer thread running {{(pid=68936) stat_writer /opt/stack/data/venv/lib/python3.10/site-packages/dbcounter.py:102}}
Aug 14 15:58:40 ubuntu devstack@keystone.service[68936]: DEBUG keystone.server.flask.request_processing.middleware.auth_context [None req-1e99ffa7-7e47-4d0a-bda4-f93d4381cc10 None None] Validating token access rules against request {{(pid=68936) validate_allowed_request /opt/stack/data/venv/lib/python3.10/site-packages/keystonemiddleware/auth_token/__init__.py:544}}
Aug 14 15:58:40 ubuntu devstack@keystone.service[68936]: DEBUG keystone.server.flask.request_processing.middleware.auth_context [None req-9e7712d0-fbb9-41ab-9235-9a25b02aae3c admin admin] RBAC: auth_context: {'token': <TokenModel (audit_id=-RZSrRBkRnWaiO9zom3iIQ, audit_chain_id=['-RZSrRBkRnWaiO9zom3iIQ']) at 0x7f6f1264f1f0>, 'domain_id': None, 'trust_id': None, 'trustor_id': None, 'trustee_id': None, 'domain_name': None, 'group_ids': [], 'user_id': '6fe036441f104975915a4415c9c4f5e4', 'user_domain_id': 'default', 'system_scope': None, 'project_id': 'ee74cb86551e458bb096c64efb1288f0', 'project_domain_id': 'default', 'roles': ['admin', 'manager', 'reader', 'member'], 'is_admin_project': True, 'service_user_id': None, 'service_user_domain_id': None, 'service_project_id': None, 'service_project_domain_id': None, 'service_roles': []} {{(pid=68936) fill_context /opt/stack/keystone/keystone/server/flask/request_processing/middleware/auth_context.py:511}}
Aug 14 15:58:40 ubuntu devstack@keystone.service[68936]: DEBUG keystone.server.flask.request_processing.req_logging [None req-9e7712d0-fbb9-41ab-9235-9a25b02aae3c admin admin] REQUEST_METHOD: `GET` {{(pid=68936) log_request_info /opt/stack/keystone/keystone/server/flask/request_processing/req_logging.py:27}}
Aug 14 15:58:40 ubuntu devstack@keystone.service[68936]: DEBUG keystone.server.flask.request_processing.req_logging [None req-9e7712d0-fbb9-41ab-9235-9a25b02aae3c admin admin] SCRIPT_NAME: `/identity` {{(pid=68936) log_request_info /opt/stack/keystone/keystone/server/flask/request_processing/req_logging.py:28}}
Aug 14 15:58:40 ubuntu devstack@keystone.service[68936]: DEBUG keystone.server.flask.request_processing.req_logging [None req-9e7712d0-fbb9-41ab-9235-9a25b02aae3c admin admin] PATH_INFO: `/v3/auth/tokens` {{(pid=68936) log_request_info /opt/stack/keystone/keystone/server/flask/request_processing/req_logging.py:29}}
Aug 14 15:58:40 ubuntu devstack@keystone.service[68936]: DEBUG keystone.common.rbac_enforcer.enforcer [None req-9e7712d0-fbb9-41ab-9235-9a25b02aae3c admin admin] RBAC: Authorizing `identity:validate_token()` {{(pid=68936) enforce_call /opt/stack/keystone/keystone/common/rbac_enforcer/enforcer.py:504}}
Aug 14 15:58:40 ubuntu devstack@keystone.service[68936]: WARNING keystone.common.rbac_enforcer.enforcer [None req-9e7712d0-fbb9-41ab-9235-9a25b02aae3c admin admin] Deprecated policy rules found. Use oslopolicy-policy-generator and oslopolicy-policy-upgrade to detect and resolve deprecated policies in your configuration.
Aug 14 15:58:40 ubuntu devstack@keystone.service[68936]: DEBUG keystone.common.rbac_enforcer.enforcer [None req-9e7712d0-fbb9-41ab-9235-9a25b02aae3c admin admin] RBAC: Authorization granted {{(pid=68936) enforce_call /opt/stack/keystone/keystone/common/rbac_enforcer/enforcer.py:515}}
Aug 14 15:58:40 ubuntu devstack@keystone.service[68936]: [pid: 68936|app: 0|req: 3/4] 10.201.5.82 () {58 vars in 1324 bytes} [Wed Aug 14 15:58:40 2024] GET /identity/v3/auth/tokens => generated 977 bytes in 151 msecs (HTTP/1.1 200) 6 headers in 379 bytes (1 switches on core 0)
Aug 14 15:58:40 ubuntu devstack@keystone.service[68935]: DEBUG keystone.server.flask.request_processing.middleware.auth_context [None req-83e94e4c-e031-4e0e-88ab-8f06fd19fd2d None None] Authenticating user token {{(pid=68935) process_request /opt/stack/data/venv/lib/python3.10/site-packages/keystonemiddleware/auth_token/__init__.py:406}}
Aug 14 15:58:40 ubuntu devstack@keystone.service[68935]: DEBUG keystone.server.flask.request_processing.middleware.auth_context [None req-83e94e4c-e031-4e0e-88ab-8f06fd19fd2d None None] Validating token access rules against request {{(pid=68935) validate_allowed_request /opt/stack/data/venv/lib/python3.10/site-packages/keystonemiddleware/auth_token/__init__.py:544}}
Aug 14 15:58:40 ubuntu devstack@keystone.service[68935]: DEBUG keystone.server.flask.request_processing.middleware.auth_context [None req-71d2c687-c7d2-485f-a450-a5f282a2ad0d admin admin] RBAC: auth_context: {'token': <TokenModel (audit_id=-RZSrRBkRnWaiO9zom3iIQ, audit_chain_id=['-RZSrRBkRnWaiO9zom3iIQ']) at 0x7f6f1265ed40>, 'domain_id': None, 'trust_id': None, 'trustor_id': None, 'trustee_id': None, 'domain_name': None, 'group_ids': [], 'user_id': '6fe036441f104975915a4415c9c4f5e4', 'user_domain_id': 'default', 'system_scope': None, 'project_id': 'ee74cb86551e458bb096c64efb1288f0', 'project_domain_id': 'default', 'roles': ['admin', 'manager', 'reader', 'member'], 'is_admin_project': True, 'service_user_id': None, 'service_user_domain_id': None, 'service_project_id': None, 'service_project_domain_id': None, 'service_roles': []} {{(pid=68935) fill_context /opt/stack/keystone/keystone/server/flask/request_processing/middleware/auth_context.py:511}}
Aug 14 15:58:40 ubuntu devstack@keystone.service[68935]: DEBUG keystone.server.flask.request_processing.req_logging [None req-71d2c687-c7d2-485f-a450-a5f282a2ad0d admin admin] REQUEST_METHOD: `GET` {{(pid=68935) log_request_info /opt/stack/keystone/keystone/server/flask/request_processing/req_logging.py:27}}
Aug 14 15:58:40 ubuntu devstack@keystone.service[68935]: DEBUG keystone.server.flask.request_processing.req_logging [None req-71d2c687-c7d2-485f-a450-a5f282a2ad0d admin admin] SCRIPT_NAME: `/identity` {{(pid=68935) log_request_info /opt/stack/keystone/keystone/server/flask/request_processing/req_logging.py:28}}
Aug 14 15:58:40 ubuntu devstack@keystone.service[68935]: DEBUG keystone.server.flask.request_processing.req_logging [None req-71d2c687-c7d2-485f-a450-a5f282a2ad0d admin admin] PATH_INFO: `/v3/projects/ee74cb86551e458bb096c64efb1288f0` {{(pid=68935) log_request_info /opt/stack/keystone/keystone/server/flask/request_processing/req_logging.py:29}}
Aug 14 15:58:40 ubuntu devstack@keystone.service[68935]: DEBUG keystone.common.rbac_enforcer.enforcer [None req-71d2c687-c7d2-485f-a450-a5f282a2ad0d admin admin] RBAC: Authorizing `identity:get_project(project_id=ee74cb86551e458bb096c64efb1288f0)` {{(pid=68935) enforce_call /opt/stack/keystone/keystone/common/rbac_enforcer/enforcer.py:504}}
Aug 14 15:58:40 ubuntu devstack@keystone.service[68935]: WARNING keystone.common.rbac_enforcer.enforcer [None req-71d2c687-c7d2-485f-a450-a5f282a2ad0d admin admin] Deprecated policy rules found. Use oslopolicy-policy-generator and oslopolicy-policy-upgrade to detect and resolve deprecated policies in your configuration.
Aug 14 15:58:40 ubuntu devstack@keystone.service[68935]: DEBUG keystone.common.rbac_enforcer.enforcer [None req-71d2c687-c7d2-485f-a450-a5f282a2ad0d admin admin] RBAC: Authorization granted {{(pid=68935) enforce_call /opt/stack/keystone/keystone/common/rbac_enforcer/enforcer.py:515}}
Aug 14 15:58:40 ubuntu devstack@keystone.service[68935]: [pid: 68935|app: 0|req: 2/5] 10.201.5.82 () {56 vars in 1207 bytes} [Wed Aug 14 15:58:40 2024] GET /identity/v3/projects/ee74cb86551e458bb096c64efb1288f0 => generated 344 bytes in 35 msecs (HTTP/1.1 200) 5 headers in 177 bytes (1 switches on core 0)
Aug 14 15:58:41 ubuntu devstack@keystone.service[68936]: DEBUG keystone.server.flask.request_processing.req_logging [None req-2773ee71-b578-4cc8-a4cd-5b63ac646395 None None] REQUEST_METHOD: `GET` {{(pid=68936) log_request_info /opt/stack/keystone/keystone/server/flask/request_processing/req_logging.py:27}}
Aug 14 15:58:41 ubuntu devstack@keystone.service[68936]: DEBUG keystone.server.flask.request_processing.req_logging [None req-2773ee71-b578-4cc8-a4cd-5b63ac646395 None None] SCRIPT_NAME: `/identity` {{(pid=68936) log_request_info /opt/stack/keystone/keystone/server/flask/request_processing/req_logging.py:28}}
Aug 14 15:58:41 ubuntu devstack@keystone.service[68936]: DEBUG keystone.server.flask.request_processing.req_logging [None req-2773ee71-b578-4cc8-a4cd-5b63ac646395 None None] PATH_INFO: `/` {{(pid=68936) log_request_info /opt/stack/keystone/keystone/server/flask/request_processing/req_logging.py:29}}
Aug 14 15:58:41 ubuntu devstack@keystone.service[68936]: [pid: 68936|app: 0|req: 4/6] 10.201.5.82 () {54 vars in 926 bytes} [Wed Aug 14 15:58:41 2024] GET /identity => generated 270 bytes in 7 msecs (HTTP/1.1 300) 6 headers in 234 bytes (1 switches on core 0)
Aug 14 15:58:41 ubuntu devstack@keystone.service[68935]: DEBUG keystone.server.flask.request_processing.req_logging [None req-0106a771-f97e-4a85-b4a7-9096e07b4cad None None] REQUEST_METHOD: `POST` {{(pid=68935) log_request_info /opt/stack/keystone/keystone/server/flask/request_processing/req_logging.py:27}}
Aug 14 15:58:41 ubuntu devstack@keystone.service[68935]: DEBUG keystone.server.flask.request_processing.req_logging [None req-0106a771-f97e-4a85-b4a7-9096e07b4cad None None] SCRIPT_NAME: `/identity` {{(pid=68935) log_request_info /opt/stack/keystone/keystone/server/flask/request_processing/req_logging.py:28}}
Aug 14 15:58:41 ubuntu devstack@keystone.service[68935]: DEBUG keystone.server.flask.request_processing.req_logging [None req-0106a771-f97e-4a85-b4a7-9096e07b4cad None None] PATH_INFO: `/v3/auth/tokens` {{(pid=68935) log_request_info /opt/stack/keystone/keystone/server/flask/request_processing/req_logging.py:29}}
Aug 14 15:58:41 ubuntu devstack@keystone.service[68935]: WARNING keystone.common.password_hashing [None req-0106a771-f97e-4a85-b4a7-9096e07b4cad None None] Truncating password to algorithm specific maximum length 72 characters.
Aug 14 15:58:41 ubuntu devstack@keystone.service[68935]: DEBUG keystone.auth.core [None req-0106a771-f97e-4a85-b4a7-9096e07b4cad None None] MFA Rules not processed for user `6fe036441f104975915a4415c9c4f5e4`. Rule list: `[]` (Enabled: `True`). {{(pid=68935) check_auth_methods_against_rules /opt/stack/keystone/keystone/auth/core.py:477}}
Aug 14 15:58:41 ubuntu devstack@keystone.service[68935]: DEBUG keystone.common.fernet_utils [None req-0106a771-f97e-4a85-b4a7-9096e07b4cad None None] Loaded 2 Fernet keys from /etc/keystone/fernet-keys/, but `[fernet_tokens] max_active_keys = 3`; perhaps there have not been enough key rotations to reach `max_active_keys` yet? {{(pid=68935) load_keys /opt/stack/keystone/keystone/common/fernet_utils.py:299}}
Aug 14 15:58:41 ubuntu devstack@keystone.service[68935]: [pid: 68935|app: 0|req: 3/7] 10.201.5.82 () {58 vars in 1023 bytes} [Wed Aug 14 15:58:41 2024] POST /identity/v3/auth/tokens => generated 977 bytes in 33 msecs (HTTP/1.1 201) 6 headers in 384 bytes (1 switches on core 0)
Aug 14 15:58:41 ubuntu devstack@keystone.service[68936]: DEBUG keystone.server.flask.request_processing.middleware.auth_context [None req-2773ee71-b578-4cc8-a4cd-5b63ac646395 None None] Authenticating user token {{(pid=68936) process_request /opt/stack/data/venv/lib/python3.10/site-packages/keystonemiddleware/auth_token/__init__.py:406}}
Aug 14 15:58:41 ubuntu devstack@keystone.service[68936]: DEBUG keystone.server.flask.request_processing.middleware.auth_context [None req-2773ee71-b578-4cc8-a4cd-5b63ac646395 None None] Validating token access rules against request {{(pid=68936) validate_allowed_request /opt/stack/data/venv/lib/python3.10/site-packages/keystonemiddleware/auth_token/__init__.py:544}}
Aug 14 15:58:41 ubuntu devstack@keystone.service[68936]: DEBUG keystone.server.flask.request_processing.middleware.auth_context [None req-093ba419-6a76-4119-a9d7-a2e9a6730b94 admin admin] RBAC: auth_context: {'token': <TokenModel (audit_id=d4z3cH_TT0qnGKkadCGcmQ, audit_chain_id=['d4z3cH_TT0qnGKkadCGcmQ']) at 0x7f6f11bb0970>, 'domain_id': None, 'trust_id': None, 'trustor_id': None, 'trustee_id': None, 'domain_name': None, 'group_ids': [], 'user_id': '6fe036441f104975915a4415c9c4f5e4', 'user_domain_id': 'default', 'system_scope': None, 'project_id': 'ee74cb86551e458bb096c64efb1288f0', 'project_domain_id': 'default', 'roles': ['admin', 'manager', 'reader', 'member'], 'is_admin_project': True, 'service_user_id': None, 'service_user_domain_id': None, 'service_project_id': None, 'service_project_domain_id': None, 'service_roles': []} {{(pid=68936) fill_context /opt/stack/keystone/keystone/server/flask/request_processing/middleware/auth_context.py:511}}
Aug 14 15:58:41 ubuntu devstack@keystone.service[68936]: DEBUG keystone.server.flask.request_processing.req_logging [None req-093ba419-6a76-4119-a9d7-a2e9a6730b94 admin admin] REQUEST_METHOD: `GET` {{(pid=68936) log_request_info /opt/stack/keystone/keystone/server/flask/request_processing/req_logging.py:27}}
Aug 14 15:58:41 ubuntu devstack@keystone.service[68936]: DEBUG keystone.server.flask.request_processing.req_logging [None req-093ba419-6a76-4119-a9d7-a2e9a6730b94 admin admin] SCRIPT_NAME: `/identity` {{(pid=68936) log_request_info /opt/stack/keystone/keystone/server/flask/request_processing/req_logging.py:28}}
Aug 14 15:58:41 ubuntu devstack@keystone.service[68936]: DEBUG keystone.server.flask.request_processing.req_logging [None req-093ba419-6a76-4119-a9d7-a2e9a6730b94 admin admin] PATH_INFO: `/v3/auth/tokens` {{(pid=68936) log_request_info /opt/stack/keystone/keystone/server/flask/request_processing/req_logging.py:29}}
Aug 14 15:58:41 ubuntu devstack@keystone.service[68936]: DEBUG keystone.common.rbac_enforcer.enforcer [None req-093ba419-6a76-4119-a9d7-a2e9a6730b94 admin admin] RBAC: Authorizing `identity:validate_token()` {{(pid=68936) enforce_call /opt/stack/keystone/keystone/common/rbac_enforcer/enforcer.py:504}}
Aug 14 15:58:41 ubuntu devstack@keystone.service[68936]: DEBUG keystone.common.rbac_enforcer.enforcer [None req-093ba419-6a76-4119-a9d7-a2e9a6730b94 admin admin] RBAC: Authorization granted {{(pid=68936) enforce_call /opt/stack/keystone/keystone/common/rbac_enforcer/enforcer.py:515}}
Aug 14 15:58:41 ubuntu devstack@keystone.service[68936]: [pid: 68936|app: 0|req: 5/8] 10.201.5.82 () {58 vars in 1324 bytes} [Wed Aug 14 15:58:41 2024] GET /identity/v3/auth/tokens => generated 977 bytes in 27 msecs (HTTP/1.1 200) 6 headers in 379 bytes (2 switches on core 0)
Aug 14 15:58:41 ubuntu devstack@keystone.service[68935]: DEBUG keystone.server.flask.request_processing.middleware.auth_context [None req-0106a771-f97e-4a85-b4a7-9096e07b4cad None None] Authenticating user token {{(pid=68935) process_request /opt/stack/data/venv/lib/python3.10/site-packages/keystonemiddleware/auth_token/__init__.py:406}}
Aug 14 15:58:41 ubuntu devstack@keystone.service[68935]: DEBUG keystone.server.flask.request_processing.middleware.auth_context [None req-0106a771-f97e-4a85-b4a7-9096e07b4cad None None] Validating token access rules against request {{(pid=68935) validate_allowed_request /opt/stack/data/venv/lib/python3.10/site-packages/keystonemiddleware/auth_token/__init__.py:544}}
Aug 14 15:58:41 ubuntu devstack@keystone.service[68935]: DEBUG keystone.server.flask.request_processing.middleware.auth_context [None req-45ffc6c3-c752-4eaa-9219-a4d4e5dc1f26 admin admin] RBAC: auth_context: {'token': <TokenModel (audit_id=d4z3cH_TT0qnGKkadCGcmQ, audit_chain_id=['d4z3cH_TT0qnGKkadCGcmQ']) at 0x7f6f1265ec20>, 'domain_id': None, 'trust_id': None, 'trustor_id': None, 'trustee_id': None, 'domain_name': None, 'group_ids': [], 'user_id': '6fe036441f104975915a4415c9c4f5e4', 'user_domain_id': 'default', 'system_scope': None, 'project_id': 'ee74cb86551e458bb096c64efb1288f0', 'project_domain_id': 'default', 'roles': ['admin', 'manager', 'reader', 'member'], 'is_admin_project': True, 'service_user_id': None, 'service_user_domain_id': None, 'service_project_id': None, 'service_project_domain_id': None, 'service_roles': []} {{(pid=68935) fill_context /opt/stack/keystone/keystone/server/flask/request_processing/middleware/auth_context.py:511}}
Aug 14 15:58:41 ubuntu devstack@keystone.service[68935]: DEBUG keystone.server.flask.request_processing.req_logging [None req-45ffc6c3-c752-4eaa-9219-a4d4e5dc1f26 admin admin] REQUEST_METHOD: `GET` {{(pid=68935) log_request_info /opt/stack/keystone/keystone/server/flask/request_processing/req_logging.py:27}}
Aug 14 15:58:41 ubuntu devstack@keystone.service[68935]: DEBUG keystone.server.flask.request_processing.req_logging [None req-45ffc6c3-c752-4eaa-9219-a4d4e5dc1f26 admin admin] SCRIPT_NAME: `/identity` {{(pid=68935) log_request_info /opt/stack/keystone/keystone/server/flask/request_processing/req_logging.py:28}}
Aug 14 15:58:41 ubuntu devstack@keystone.service[68935]: DEBUG keystone.server.flask.request_processing.req_logging [None req-45ffc6c3-c752-4eaa-9219-a4d4e5dc1f26 admin admin] PATH_INFO: `/v3/users/6fe036441f104975915a4415c9c4f5e4` {{(pid=68935) log_request_info /opt/stack/keystone/keystone/server/flask/request_processing/req_logging.py:29}}
Aug 14 15:58:41 ubuntu devstack@keystone.service[68935]: DEBUG keystone.common.rbac_enforcer.enforcer [None req-45ffc6c3-c752-4eaa-9219-a4d4e5dc1f26 admin admin] RBAC: Authorizing `identity:get_user(user_id=6fe036441f104975915a4415c9c4f5e4)` {{(pid=68935) enforce_call /opt/stack/keystone/keystone/common/rbac_enforcer/enforcer.py:504}}
Aug 14 15:58:41 ubuntu devstack@keystone.service[68935]: DEBUG keystone.common.rbac_enforcer.enforcer [None req-45ffc6c3-c752-4eaa-9219-a4d4e5dc1f26 admin admin] RBAC: Authorization granted {{(pid=68935) enforce_call /opt/stack/keystone/keystone/common/rbac_enforcer/enforcer.py:515}}
Aug 14 15:58:41 ubuntu devstack@keystone.service[68935]: [pid: 68935|app: 0|req: 4/9] 10.201.5.82 () {56 vars in 1198 bytes} [Wed Aug 14 15:58:41 2024] GET /identity/v3/users/6fe036441f104975915a4415c9c4f5e4 => generated 247 bytes in 13 msecs (HTTP/1.1 200) 5 headers in 177 bytes (1 switches on core 0)
Aug 14 15:58:42 ubuntu devstack@keystone.service[68936]: DEBUG keystone.server.flask.request_processing.req_logging [None req-3a63b5ee-7aef-44ba-941c-f81d7ea2231b None None] REQUEST_METHOD: `GET` {{(pid=68936) log_request_info /opt/stack/keystone/keystone/server/flask/request_processing/req_logging.py:27}}
Aug 14 15:58:42 ubuntu devstack@keystone.service[68936]: DEBUG keystone.server.flask.request_processing.req_logging [None req-3a63b5ee-7aef-44ba-941c-f81d7ea2231b None None] SCRIPT_NAME: `/identity` {{(pid=68936) log_request_info /opt/stack/keystone/keystone/server/flask/request_processing/req_logging.py:28}}
Aug 14 15:58:42 ubuntu devstack@keystone.service[68936]: DEBUG keystone.server.flask.request_processing.req_logging [None req-3a63b5ee-7aef-44ba-941c-f81d7ea2231b None None] PATH_INFO: `/` {{(pid=68936) log_request_info /opt/stack/keystone/keystone/server/flask/request_processing/req_logging.py:29}}
Aug 14 15:58:42 ubuntu devstack@keystone.service[68936]: [pid: 68936|app: 0|req: 6/10] 10.201.5.82 () {54 vars in 926 bytes} [Wed Aug 14 15:58:42 2024] GET /identity => generated 270 bytes in 2 msecs (HTTP/1.1 300) 6 headers in 234 bytes (1 switches on core 0)
Aug 14 15:58:42 ubuntu devstack@keystone.service[68935]: DEBUG keystone.server.flask.request_processing.req_logging [None req-fd5c237f-3f9a-4a44-b316-4d233044b079 None None] REQUEST_METHOD: `POST` {{(pid=68935) log_request_info /opt/stack/keystone/keystone/server/flask/request_processing/req_logging.py:27}}
Aug 14 15:58:42 ubuntu devstack@keystone.service[68935]: DEBUG keystone.server.flask.request_processing.req_logging [None req-fd5c237f-3f9a-4a44-b316-4d233044b079 None None] SCRIPT_NAME: `/identity` {{(pid=68935) log_request_info /opt/stack/keystone/keystone/server/flask/request_processing/req_logging.py:28}}
Aug 14 15:58:42 ubuntu devstack@keystone.service[68935]: DEBUG keystone.server.flask.request_processing.req_logging [None req-fd5c237f-3f9a-4a44-b316-4d233044b079 None None] PATH_INFO: `/v3/auth/tokens` {{(pid=68935) log_request_info /opt/stack/keystone/keystone/server/flask/request_processing/req_logging.py:29}}
Aug 14 15:58:42 ubuntu devstack@keystone.service[68935]: WARNING keystone.common.password_hashing [None req-fd5c237f-3f9a-4a44-b316-4d233044b079 None None] Truncating password to algorithm specific maximum length 72 characters.
Aug 14 15:58:42 ubuntu devstack@keystone.service[68935]: DEBUG keystone.auth.core [None req-fd5c237f-3f9a-4a44-b316-4d233044b079 None None] MFA Rules not processed for user `6fe036441f104975915a4415c9c4f5e4`. Rule list: `[]` (Enabled: `True`). {{(pid=68935) check_auth_methods_against_rules /opt/stack/keystone/keystone/auth/core.py:477}}
Aug 14 15:58:42 ubuntu devstack@keystone.service[68935]: DEBUG keystone.common.fernet_utils [None req-fd5c237f-3f9a-4a44-b316-4d233044b079 None None] Loaded 2 Fernet keys from /etc/keystone/fernet-keys/, but `[fernet_tokens] max_active_keys = 3`; perhaps there have not been enough key rotations to reach `max_active_keys` yet? {{(pid=68935) load_keys /opt/stack/keystone/keystone/common/fernet_utils.py:299}}
Aug 14 15:58:42 ubuntu devstack@keystone.service[68935]: [pid: 68935|app: 0|req: 5/11] 10.201.5.82 () {58 vars in 1023 bytes} [Wed Aug 14 15:58:42 2024] POST /identity/v3/auth/tokens => generated 862 bytes in 72 msecs (HTTP/1.1 201) 6 headers in 363 bytes (1 switches on core 0)
Aug 14 15:58:42 ubuntu devstack@keystone.service[68936]: DEBUG keystone.server.flask.request_processing.req_logging [None req-04d5523a-8677-41a0-9c29-2ae3a760ef0e None None] REQUEST_METHOD: `GET` {{(pid=68936) log_request_info /opt/stack/keystone/keystone/server/flask/request_processing/req_logging.py:27}}
Aug 14 15:58:42 ubuntu devstack@keystone.service[68936]: DEBUG keystone.server.flask.request_processing.req_logging [None req-04d5523a-8677-41a0-9c29-2ae3a760ef0e None None] SCRIPT_NAME: `/identity` {{(pid=68936) log_request_info /opt/stack/keystone/keystone/server/flask/request_processing/req_logging.py:28}}
Aug 14 15:58:42 ubuntu devstack@keystone.service[68936]: DEBUG keystone.server.flask.request_processing.req_logging [None req-04d5523a-8677-41a0-9c29-2ae3a760ef0e None None] PATH_INFO: `/` {{(pid=68936) log_request_info /opt/stack/keystone/keystone/server/flask/request_processing/req_logging.py:29}}
Aug 14 15:58:42 ubuntu devstack@keystone.service[68936]: [pid: 68936|app: 0|req: 7/12] 10.201.5.82 () {54 vars in 926 bytes} [Wed Aug 14 15:58:42 2024] GET /identity => generated 270 bytes in 2 msecs (HTTP/1.1 300) 6 headers in 234 bytes (2 switches on core 0)
Aug 14 15:58:42 ubuntu devstack@keystone.service[68935]: DEBUG keystone.server.flask.request_processing.req_logging [None req-41bd5f6b-ffc4-4bb5-b20b-27923d9e5c34 None None] REQUEST_METHOD: `POST` {{(pid=68935) log_request_info /opt/stack/keystone/keystone/server/flask/request_processing/req_logging.py:27}}
Aug 14 15:58:42 ubuntu devstack@keystone.service[68935]: DEBUG keystone.server.flask.request_processing.req_logging [None req-41bd5f6b-ffc4-4bb5-b20b-27923d9e5c34 None None] SCRIPT_NAME: `/identity` {{(pid=68935) log_request_info /opt/stack/keystone/keystone/server/flask/request_processing/req_logging.py:28}}
Aug 14 15:58:42 ubuntu devstack@keystone.service[68935]: DEBUG keystone.server.flask.request_processing.req_logging [None req-41bd5f6b-ffc4-4bb5-b20b-27923d9e5c34 None None] PATH_INFO: `/v3/auth/tokens` {{(pid=68935) log_request_info /opt/stack/keystone/keystone/server/flask/request_processing/req_logging.py:29}}
Aug 14 15:58:42 ubuntu devstack@keystone.service[68935]: WARNING keystone.common.password_hashing [None req-41bd5f6b-ffc4-4bb5-b20b-27923d9e5c34 None None] Truncating password to algorithm specific maximum length 72 characters.
Aug 14 15:58:42 ubuntu devstack@keystone.service[68935]: DEBUG keystone.auth.core [None req-41bd5f6b-ffc4-4bb5-b20b-27923d9e5c34 None None] MFA Rules not processed for user `6fe036441f104975915a4415c9c4f5e4`. Rule list: `[]` (Enabled: `True`). {{(pid=68935) check_auth_methods_against_rules /opt/stack/keystone/keystone/auth/core.py:477}}
Aug 14 15:58:42 ubuntu devstack@keystone.service[68935]: DEBUG keystone.common.fernet_utils [None req-41bd5f6b-ffc4-4bb5-b20b-27923d9e5c34 None None] Loaded 2 Fernet keys from /etc/keystone/fernet-keys/, but `[fernet_tokens] max_active_keys = 3`; perhaps there have not been enough key rotations to reach `max_active_keys` yet? {{(pid=68935) load_keys /opt/stack/keystone/keystone/common/fernet_utils.py:299}}
Aug 14 15:58:43 ubuntu devstack@keystone.service[68936]: DEBUG keystone.server.flask.request_processing.middleware.auth_context [None req-04d5523a-8677-41a0-9c29-2ae3a760ef0e None None] Authenticating user token {{(pid=68936) process_request /opt/stack/data/venv/lib/python3.10/site-packages/keystonemiddleware/auth_token/__init__.py:406}}
Aug 14 15:58:43 ubuntu devstack@keystone.service[68935]: [pid: 68935|app: 0|req: 6/13] 10.201.5.82 () {58 vars in 1023 bytes} [Wed Aug 14 15:58:42 2024] POST /identity/v3/auth/tokens => generated 862 bytes in 68 msecs (HTTP/1.1 201) 6 headers in 363 bytes (1 switches on core 0)
Aug 14 15:58:43 ubuntu devstack@keystone.service[68936]: DEBUG keystone.server.flask.request_processing.middleware.auth_context [None req-04d5523a-8677-41a0-9c29-2ae3a760ef0e None None] Validating token access rules against request {{(pid=68936) validate_allowed_request /opt/stack/data/venv/lib/python3.10/site-packages/keystonemiddleware/auth_token/__init__.py:544}}
Aug 14 15:58:43 ubuntu devstack@keystone.service[68936]: DEBUG keystone.server.flask.request_processing.middleware.auth_context [None req-bb062281-8ae5-4254-bd97-5080288f282c None admin] RBAC: auth_context: {'token': <TokenModel (audit_id=xh9YZZh0TgSR2rzHCAC7HA, audit_chain_id=['xh9YZZh0TgSR2rzHCAC7HA']) at 0x7f6f11bb0ca0>, 'domain_id': None, 'trust_id': None, 'trustor_id': None, 'trustee_id': None, 'domain_name': None, 'group_ids': [], 'user_id': '6fe036441f104975915a4415c9c4f5e4', 'user_domain_id': 'default', 'system_scope': 'all', 'project_id': None, 'project_domain_id': None, 'roles': ['admin', 'manager', 'member', 'reader'], 'is_admin_project': True, 'service_user_id': None, 'service_user_domain_id': None, 'service_project_id': None, 'service_project_domain_id': None, 'service_roles': []} {{(pid=68936) fill_context /opt/stack/keystone/keystone/server/flask/request_processing/middleware/auth_context.py:511}}
Aug 14 15:58:43 ubuntu devstack@keystone.service[68936]: DEBUG keystone.server.flask.request_processing.req_logging [None req-bb062281-8ae5-4254-bd97-5080288f282c None admin] REQUEST_METHOD: `GET` {{(pid=68936) log_request_info /opt/stack/keystone/keystone/server/flask/request_processing/req_logging.py:27}}
Aug 14 15:58:43 ubuntu devstack@keystone.service[68936]: DEBUG keystone.server.flask.request_processing.req_logging [None req-bb062281-8ae5-4254-bd97-5080288f282c None admin] SCRIPT_NAME: `/identity` {{(pid=68936) log_request_info /opt/stack/keystone/keystone/server/flask/request_processing/req_logging.py:28}}
Aug 14 15:58:43 ubuntu devstack@keystone.service[68936]: DEBUG keystone.server.flask.request_processing.req_logging [None req-bb062281-8ae5-4254-bd97-5080288f282c None admin] PATH_INFO: `/v3/roles/admin` {{(pid=68936) log_request_info /opt/stack/keystone/keystone/server/flask/request_processing/req_logging.py:29}}
Aug 14 15:58:43 ubuntu devstack@keystone.service[68935]: DEBUG keystone.server.flask.request_processing.middleware.auth_context [None req-41bd5f6b-ffc4-4bb5-b20b-27923d9e5c34 None None] Authenticating user token {{(pid=68935) process_request /opt/stack/data/venv/lib/python3.10/site-packages/keystonemiddleware/auth_token/__init__.py:406}}
Aug 14 15:58:43 ubuntu devstack@keystone.service[68936]: DEBUG keystone.common.rbac_enforcer.enforcer [None req-bb062281-8ae5-4254-bd97-5080288f282c None admin] Extracting inferred target data resulted in "NOT FOUND (404)". {{(pid=68936) enforce_call /opt/stack/keystone/keystone/common/rbac_enforcer/enforcer.py:454}}
Aug 14 15:58:43 ubuntu devstack@keystone.service[68936]: DEBUG keystone.server.flask.application [None req-bb062281-8ae5-4254-bd97-5080288f282c None admin] Could not find role: admin. {{(pid=68936) _handle_keystone_exception /opt/stack/keystone/keystone/server/flask/application.py:96}}
Aug 14 15:58:43 ubuntu devstack@keystone.service[68936]: [pid: 68936|app: 0|req: 8/14] 10.201.5.82 () {56 vars in 1096 bytes} [Wed Aug 14 15:58:43 2024] GET /identity/v3/roles/admin => generated 83 bytes in 122 msecs (HTTP/1.1 404) 5 headers in 183 bytes (1 switches on core 0)
Aug 14 15:58:43 ubuntu devstack@keystone.service[68936]: DEBUG keystone.server.flask.request_processing.middleware.auth_context [None req-bb062281-8ae5-4254-bd97-5080288f282c None admin] Authenticating user token {{(pid=68936) process_request /opt/stack/data/venv/lib/python3.10/site-packages/keystonemiddleware/auth_token/__init__.py:406}}
Aug 14 15:58:43 ubuntu devstack@keystone.service[68935]: DEBUG keystone.server.flask.request_processing.middleware.auth_context [None req-41bd5f6b-ffc4-4bb5-b20b-27923d9e5c34 None None] Validating token access rules against request {{(pid=68935) validate_allowed_request /opt/stack/data/venv/lib/python3.10/site-packages/keystonemiddleware/auth_token/__init__.py:544}}
Aug 14 15:58:43 ubuntu devstack@keystone.service[68936]: DEBUG keystone.server.flask.request_processing.middleware.auth_context [None req-bb062281-8ae5-4254-bd97-5080288f282c None admin] Validating token access rules against request {{(pid=68936) validate_allowed_request /opt/stack/data/venv/lib/python3.10/site-packages/keystonemiddleware/auth_token/__init__.py:544}}
Aug 14 15:58:43 ubuntu devstack@keystone.service[68935]: DEBUG keystone.server.flask.request_processing.middleware.auth_context [None req-c91c0d29-77d7-4ec5-8bb2-268f7acb70db None admin] RBAC: auth_context: {'token': <TokenModel (audit_id=QADmoub7SbmFBFp4Wy4-gA, audit_chain_id=['QADmoub7SbmFBFp4Wy4-gA']) at 0x7f6f1265ea70>, 'domain_id': None, 'trust_id': None, 'trustor_id': None, 'trustee_id': None, 'domain_name': None, 'group_ids': [], 'user_id': '6fe036441f104975915a4415c9c4f5e4', 'user_domain_id': 'default', 'system_scope': 'all', 'project_id': None, 'project_domain_id': None, 'roles': ['admin', 'manager', 'member', 'reader'], 'is_admin_project': True, 'service_user_id': None, 'service_user_domain_id': None, 'service_project_id': None, 'service_project_domain_id': None, 'service_roles': []} {{(pid=68935) fill_context /opt/stack/keystone/keystone/server/flask/request_processing/middleware/auth_context.py:511}}
Aug 14 15:58:43 ubuntu devstack@keystone.service[68935]: DEBUG keystone.server.flask.request_processing.req_logging [None req-c91c0d29-77d7-4ec5-8bb2-268f7acb70db None admin] REQUEST_METHOD: `POST` {{(pid=68935) log_request_info /opt/stack/keystone/keystone/server/flask/request_processing/req_logging.py:27}}
Aug 14 15:58:43 ubuntu devstack@keystone.service[68935]: DEBUG keystone.server.flask.request_processing.req_logging [None req-c91c0d29-77d7-4ec5-8bb2-268f7acb70db None admin] SCRIPT_NAME: `/identity` {{(pid=68935) log_request_info /opt/stack/keystone/keystone/server/flask/request_processing/req_logging.py:28}}
Aug 14 15:58:43 ubuntu devstack@keystone.service[68935]: DEBUG keystone.server.flask.request_processing.req_logging [None req-c91c0d29-77d7-4ec5-8bb2-268f7acb70db None admin] PATH_INFO: `/v3/domains` {{(pid=68935) log_request_info /opt/stack/keystone/keystone/server/flask/request_processing/req_logging.py:29}}
Aug 14 15:58:43 ubuntu devstack@keystone.service[68935]: DEBUG keystone.common.rbac_enforcer.enforcer [None req-c91c0d29-77d7-4ec5-8bb2-268f7acb70db None admin] RBAC: Authorizing `identity:create_domain()` {{(pid=68935) enforce_call /opt/stack/keystone/keystone/common/rbac_enforcer/enforcer.py:504}}
Aug 14 15:58:43 ubuntu devstack@keystone.service[68935]: DEBUG keystone.common.rbac_enforcer.enforcer [None req-c91c0d29-77d7-4ec5-8bb2-268f7acb70db None admin] RBAC: Authorization granted {{(pid=68935) enforce_call /opt/stack/keystone/keystone/common/rbac_enforcer/enforcer.py:515}}
Aug 14 15:58:43 ubuntu devstack@keystone.service[68936]: DEBUG keystone.server.flask.request_processing.middleware.auth_context [None req-95695de9-e13f-45db-b4c0-337d13afb29a None admin] RBAC: auth_context: {'token': <TokenModel (audit_id=xh9YZZh0TgSR2rzHCAC7HA, audit_chain_id=['xh9YZZh0TgSR2rzHCAC7HA']) at 0x7f6f11a943d0>, 'domain_id': None, 'trust_id': None, 'trustor_id': None, 'trustee_id': None, 'domain_name': None, 'group_ids': [], 'user_id': '6fe036441f104975915a4415c9c4f5e4', 'user_domain_id': 'default', 'system_scope': 'all', 'project_id': None, 'project_domain_id': None, 'roles': ['admin', 'manager', 'member', 'reader'], 'is_admin_project': True, 'service_user_id': None, 'service_user_domain_id': None, 'service_project_id': None, 'service_project_domain_id': None, 'service_roles': []} {{(pid=68936) fill_context /opt/stack/keystone/keystone/server/flask/request_processing/middleware/auth_context.py:511}}
Aug 14 15:58:43 ubuntu devstack@keystone.service[68936]: DEBUG keystone.server.flask.request_processing.req_logging [None req-95695de9-e13f-45db-b4c0-337d13afb29a None admin] REQUEST_METHOD: `GET` {{(pid=68936) log_request_info /opt/stack/keystone/keystone/server/flask/request_processing/req_logging.py:27}}
Aug 14 15:58:43 ubuntu devstack@keystone.service[68936]: DEBUG keystone.server.flask.request_processing.req_logging [None req-95695de9-e13f-45db-b4c0-337d13afb29a None admin] SCRIPT_NAME: `/identity` {{(pid=68936) log_request_info /opt/stack/keystone/keystone/server/flask/request_processing/req_logging.py:28}}
Aug 14 15:58:43 ubuntu devstack@keystone.service[68936]: DEBUG keystone.server.flask.request_processing.req_logging [None req-95695de9-e13f-45db-b4c0-337d13afb29a None admin] PATH_INFO: `/v3/roles` {{(pid=68936) log_request_info /opt/stack/keystone/keystone/server/flask/request_processing/req_logging.py:29}}
Aug 14 15:58:43 ubuntu devstack@keystone.service[68936]: DEBUG keystone.common.rbac_enforcer.enforcer [None req-95695de9-e13f-45db-b4c0-337d13afb29a None admin] RBAC: Adding query filter params (name=admin) {{(pid=68936) _extract_filter_values /opt/stack/keystone/keystone/common/rbac_enforcer/enforcer.py:185}}
Aug 14 15:58:43 ubuntu devstack@keystone.service[68936]: DEBUG keystone.common.rbac_enforcer.enforcer [None req-95695de9-e13f-45db-b4c0-337d13afb29a None admin] RBAC: Authorizing `identity:list_roles()` {{(pid=68936) enforce_call /opt/stack/keystone/keystone/common/rbac_enforcer/enforcer.py:504}}
Aug 14 15:58:43 ubuntu devstack@keystone.service[68936]: DEBUG keystone.common.rbac_enforcer.enforcer [None req-95695de9-e13f-45db-b4c0-337d13afb29a None admin] RBAC: Authorization granted {{(pid=68936) enforce_call /opt/stack/keystone/keystone/common/rbac_enforcer/enforcer.py:515}}
Aug 14 15:58:43 ubuntu devstack@keystone.service[68935]: DEBUG keystone.common.sql.core [None req-c91c0d29-77d7-4ec5-8bb2-268f7acb70db None admin] Conflict project: (pymysql.err.IntegrityError) (1062, "Duplicate entry '<<keystone.domain.root>>-Default' for key 'project.ixu_project_name_domain_id'")
Aug 14 15:58:43 ubuntu devstack@keystone.service[68935]: [SQL: INSERT INTO project (id, name, domain_id, description, enabled, extra, parent_id, is_domain) VALUES (%(id)s, %(name)s, %(domain_id)s, %(description)s, %(enabled)s, %(extra)s, %(parent_id)s, %(is_domain)s)]
Aug 14 15:58:43 ubuntu devstack@keystone.service[68935]: [parameters: {'id': '014d0bb4d10d406b94fcbaeb4e7ad125', 'name': 'Default', 'domain_id': '<<keystone.domain.root>>', 'description': '', 'enabled': 1, 'extra': '{}', 'parent_id': None, 'is_domain': 1}]
Aug 14 15:58:43 ubuntu devstack@keystone.service[68935]: (Background on this error at: https://sqlalche.me/e/20/gkpj) {{(pid=68935) wrapper /opt/stack/keystone/keystone/common/sql/core.py:547}}
Aug 14 15:58:43 ubuntu devstack@keystone.service[68936]: [pid: 68936|app: 0|req: 9/15] 10.201.5.82 () {56 vars in 1099 bytes} [Wed Aug 14 15:58:43 2024] GET /identity/v3/roles?name=admin => generated 339 bytes in 66 msecs (HTTP/1.1 200) 5 headers in 177 bytes (2 switches on core 0)
Aug 14 15:58:43 ubuntu devstack@keystone.service[68936]: DEBUG keystone.server.flask.request_processing.middleware.auth_context [None req-95695de9-e13f-45db-b4c0-337d13afb29a None admin] Authenticating user token {{(pid=68936) process_request /opt/stack/data/venv/lib/python3.10/site-packages/keystonemiddleware/auth_token/__init__.py:406}}
Aug 14 15:58:43 ubuntu devstack@keystone.service[68935]: ERROR keystone.server.flask.application [None req-c91c0d29-77d7-4ec5-8bb2-268f7acb70db None admin] Conflict occurred attempting to store project - it is not permitted to have two projects acting as domains with the same name: Default.: keystone.exception.Conflict: Conflict occurred attempting to store project - it is not permitted to have two projects acting as domains with the same name: Default.
Aug 14 15:58:43 ubuntu devstack@keystone.service[68935]: ERROR keystone.server.flask.application Traceback (most recent call last):
Aug 14 15:58:43 ubuntu devstack@keystone.service[68935]: ERROR keystone.server.flask.application   File "/opt/stack/data/venv/lib/python3.10/site-packages/sqlalchemy/engine/base.py", line 1967, in _exec_single_context
Aug 14 15:58:43 ubuntu devstack@keystone.service[68935]: ERROR keystone.server.flask.application     self.dialect.do_execute(
Aug 14 15:58:43 ubuntu devstack@keystone.service[68935]: ERROR keystone.server.flask.application   File "/opt/stack/data/venv/lib/python3.10/site-packages/sqlalchemy/engine/default.py", line 924, in do_execute
Aug 14 15:58:43 ubuntu devstack@keystone.service[68935]: ERROR keystone.server.flask.application     cursor.execute(statement, parameters)
Aug 14 15:58:43 ubuntu devstack@keystone.service[68935]: ERROR keystone.server.flask.application   File "/opt/stack/data/venv/lib/python3.10/site-packages/pymysql/cursors.py", line 153, in execute
Aug 14 15:58:43 ubuntu devstack@keystone.service[68935]: ERROR keystone.server.flask.application     result = self._query(query)
Aug 14 15:58:43 ubuntu devstack@keystone.service[68935]: ERROR keystone.server.flask.application   File "/opt/stack/data/venv/lib/python3.10/site-packages/pymysql/cursors.py", line 322, in _query
Aug 14 15:58:43 ubuntu devstack@keystone.service[68935]: ERROR keystone.server.flask.application     conn.query(q)
Aug 14 15:58:43 ubuntu devstack@keystone.service[68935]: ERROR keystone.server.flask.application   File "/opt/stack/data/venv/lib/python3.10/site-packages/pymysql/connections.py", line 563, in query
Aug 14 15:58:43 ubuntu devstack@keystone.service[68935]: ERROR keystone.server.flask.application     self._affected_rows = self._read_query_result(unbuffered=unbuffered)
Aug 14 15:58:43 ubuntu devstack@keystone.service[68935]: ERROR keystone.server.flask.application   File "/opt/stack/data/venv/lib/python3.10/site-packages/pymysql/connections.py", line 825, in _read_query_result
Aug 14 15:58:43 ubuntu devstack@keystone.service[68935]: ERROR keystone.server.flask.application     result.read()
Aug 14 15:58:43 ubuntu devstack@keystone.service[68935]: ERROR keystone.server.flask.application   File "/opt/stack/data/venv/lib/python3.10/site-packages/pymysql/connections.py", line 1199, in read
Aug 14 15:58:43 ubuntu devstack@keystone.service[68935]: ERROR keystone.server.flask.application     first_packet = self.connection._read_packet()
Aug 14 15:58:43 ubuntu devstack@keystone.service[68935]: ERROR keystone.server.flask.application   File "/opt/stack/data/venv/lib/python3.10/site-packages/pymysql/connections.py", line 775, in _read_packet
Aug 14 15:58:43 ubuntu devstack@keystone.service[68935]: ERROR keystone.server.flask.application     packet.raise_for_error()
Aug 14 15:58:43 ubuntu devstack@keystone.service[68935]: ERROR keystone.server.flask.application   File "/opt/stack/data/venv/lib/python3.10/site-packages/pymysql/protocol.py", line 219, in raise_for_error
Aug 14 15:58:43 ubuntu devstack@keystone.service[68935]: ERROR keystone.server.flask.application     err.raise_mysql_exception(self._data)
Aug 14 15:58:43 ubuntu devstack@keystone.service[68935]: ERROR keystone.server.flask.application   File "/opt/stack/data/venv/lib/python3.10/site-packages/pymysql/err.py", line 150, in raise_mysql_exception
Aug 14 15:58:43 ubuntu devstack@keystone.service[68935]: ERROR keystone.server.flask.application     raise errorclass(errno, errval)
Aug 14 15:58:43 ubuntu devstack@keystone.service[68935]: ERROR keystone.server.flask.application pymysql.err.IntegrityError: (1062, "Duplicate entry '<<keystone.domain.root>>-Default' for key 'project.ixu_project_name_domain_id'")
Aug 14 15:58:43 ubuntu devstack@keystone.service[68935]: ERROR keystone.server.flask.application 
Aug 14 15:58:43 ubuntu devstack@keystone.service[68935]: ERROR keystone.server.flask.application The above exception was the direct cause of the following exception:
Aug 14 15:58:43 ubuntu devstack@keystone.service[68935]: ERROR keystone.server.flask.application 
Aug 14 15:58:43 ubuntu devstack@keystone.service[68935]: ERROR keystone.server.flask.application Traceback (most recent call last):
Aug 14 15:58:43 ubuntu devstack@keystone.service[68935]: ERROR keystone.server.flask.application   File "/opt/stack/keystone/keystone/common/sql/core.py", line 542, in wrapper
Aug 14 15:58:43 ubuntu devstack@keystone.service[68935]: ERROR keystone.server.flask.application     return method(*args, **kwargs)
Aug 14 15:58:43 ubuntu devstack@keystone.service[68935]: ERROR keystone.server.flask.application   File "/opt/stack/keystone/keystone/resource/backends/sql.py", line 251, in create_project
Aug 14 15:58:43 ubuntu devstack@keystone.service[68935]: ERROR keystone.server.flask.application     with sql.session_for_write() as session:
Aug 14 15:58:43 ubuntu devstack@keystone.service[68935]: ERROR keystone.server.flask.application   File "/usr/lib/python3.10/contextlib.py", line 142, in __exit__
Aug 14 15:58:43 ubuntu devstack@keystone.service[68935]: ERROR keystone.server.flask.application     next(self.gen)
Aug 14 15:58:43 ubuntu devstack@keystone.service[68935]: ERROR keystone.server.flask.application   File "/opt/stack/data/venv/lib/python3.10/site-packages/oslo_db/sqlalchemy/enginefacade.py", line 1042, in _transaction_scope
Aug 14 15:58:43 ubuntu devstack@keystone.service[68935]: ERROR keystone.server.flask.application     with current._produce_block(
Aug 14 15:58:43 ubuntu devstack@keystone.service[68935]: ERROR keystone.server.flask.application   File "/usr/lib/python3.10/contextlib.py", line 142, in __exit__
Aug 14 15:58:43 ubuntu devstack@keystone.service[68935]: ERROR keystone.server.flask.application     next(self.gen)
Aug 14 15:58:43 ubuntu devstack@keystone.service[68935]: ERROR keystone.server.flask.application   File "/opt/stack/data/venv/lib/python3.10/site-packages/oslo_db/sqlalchemy/enginefacade.py", line 649, in _session
Aug 14 15:58:43 ubuntu devstack@keystone.service[68935]: ERROR keystone.server.flask.application     with excutils.save_and_reraise_exception():
Aug 14 15:58:43 ubuntu devstack@keystone.service[68935]: ERROR keystone.server.flask.application   File "/opt/stack/data/venv/lib/python3.10/site-packages/oslo_utils/excutils.py", line 227, in __exit__
Aug 14 15:58:43 ubuntu devstack@keystone.service[68935]: ERROR keystone.server.flask.application     self.force_reraise()
