Jan 17 03:47:28 ubuntu devstack@keystone.service[81362]: ERROR keystone.server.flask.application     flush_context.execute()
Jan 17 03:47:28 ubuntu devstack@keystone.service[81362]: ERROR keystone.server.flask.application   File "/opt/stack/data/venv/lib/python3.10/site-packages/sqlalchemy/orm/unitofwork.py", line 466, in execute
Jan 17 03:47:28 ubuntu devstack@keystone.service[81362]: ERROR keystone.server.flask.application     rec.execute(self)
Jan 17 03:47:28 ubuntu devstack@keystone.service[81362]: ERROR keystone.server.flask.application   File "/opt/stack/data/venv/lib/python3.10/site-packages/sqlalchemy/orm/unitofwork.py", line 642, in execute
Jan 17 03:47:28 ubuntu devstack@keystone.service[81362]: ERROR keystone.server.flask.application     util.preloaded.orm_persistence.save_obj(
Jan 17 03:47:28 ubuntu devstack@keystone.service[81362]: ERROR keystone.server.flask.application   File "/opt/stack/data/venv/lib/python3.10/site-packages/sqlalchemy/orm/persistence.py", line 93, in save_obj
Jan 17 03:47:28 ubuntu devstack@keystone.service[81362]: ERROR keystone.server.flask.application     _emit_insert_statements(
Jan 17 03:47:28 ubuntu devstack@keystone.service[81362]: ERROR keystone.server.flask.application   File "/opt/stack/data/venv/lib/python3.10/site-packages/sqlalchemy/orm/persistence.py", line 1048, in _emit_insert_statements
Jan 17 03:47:28 ubuntu devstack@keystone.service[81362]: ERROR keystone.server.flask.application     result = connection.execute(
Jan 17 03:47:28 ubuntu devstack@keystone.service[81362]: ERROR keystone.server.flask.application   File "/opt/stack/data/venv/lib/python3.10/site-packages/sqlalchemy/engine/base.py", line 1419, in execute
Jan 17 03:47:28 ubuntu devstack@keystone.service[81362]: ERROR keystone.server.flask.application     return meth(
Jan 17 03:47:28 ubuntu devstack@keystone.service[81362]: ERROR keystone.server.flask.application   File "/opt/stack/data/venv/lib/python3.10/site-packages/sqlalchemy/sql/elements.py", line 526, in _execute_on_connection
Jan 17 03:47:28 ubuntu devstack@keystone.service[81362]: ERROR keystone.server.flask.application     return connection._execute_clauseelement(
Jan 17 03:47:28 ubuntu devstack@keystone.service[81362]: ERROR keystone.server.flask.application   File "/opt/stack/data/venv/lib/python3.10/site-packages/sqlalchemy/engine/base.py", line 1641, in _execute_clauseelement
Jan 17 03:47:28 ubuntu devstack@keystone.service[81362]: ERROR keystone.server.flask.application     ret = self._execute_context(
Jan 17 03:47:28 ubuntu devstack@keystone.service[81362]: ERROR keystone.server.flask.application   File "/opt/stack/data/venv/lib/python3.10/site-packages/sqlalchemy/engine/base.py", line 1846, in _execute_context
Jan 17 03:47:28 ubuntu devstack@keystone.service[81362]: ERROR keystone.server.flask.application     return self._exec_single_context(
Jan 17 03:47:28 ubuntu devstack@keystone.service[81362]: ERROR keystone.server.flask.application   File "/opt/stack/data/venv/lib/python3.10/site-packages/sqlalchemy/engine/base.py", line 1986, in _exec_single_context
Jan 17 03:47:28 ubuntu devstack@keystone.service[81362]: ERROR keystone.server.flask.application     self._handle_dbapi_exception(
Jan 17 03:47:28 ubuntu devstack@keystone.service[81362]: ERROR keystone.server.flask.application   File "/opt/stack/data/venv/lib/python3.10/site-packages/sqlalchemy/engine/base.py", line 2352, in _handle_dbapi_exception
Jan 17 03:47:28 ubuntu devstack@keystone.service[81362]: ERROR keystone.server.flask.application     raise newraise.with_traceback(exc_info[2]) from e
Jan 17 03:47:28 ubuntu devstack@keystone.service[81362]: ERROR keystone.server.flask.application   File "/opt/stack/data/venv/lib/python3.10/site-packages/sqlalchemy/engine/base.py", line 1967, in _exec_single_context
Jan 17 03:47:28 ubuntu devstack@keystone.service[81362]: ERROR keystone.server.flask.application     self.dialect.do_execute(
Jan 17 03:47:28 ubuntu devstack@keystone.service[81362]: ERROR keystone.server.flask.application   File "/opt/stack/data/venv/lib/python3.10/site-packages/sqlalchemy/engine/default.py", line 951, in do_execute
Jan 17 03:47:28 ubuntu devstack@keystone.service[81362]: ERROR keystone.server.flask.application     cursor.execute(statement, parameters)
Jan 17 03:47:28 ubuntu devstack@keystone.service[81362]: ERROR keystone.server.flask.application   File "/opt/stack/data/venv/lib/python3.10/site-packages/pymysql/cursors.py", line 153, in execute
Jan 17 03:47:28 ubuntu devstack@keystone.service[81362]: ERROR keystone.server.flask.application     result = self._query(query)
Jan 17 03:47:28 ubuntu devstack@keystone.service[81362]: ERROR keystone.server.flask.application   File "/opt/stack/data/venv/lib/python3.10/site-packages/pymysql/cursors.py", line 322, in _query
Jan 17 03:47:28 ubuntu devstack@keystone.service[81362]: ERROR keystone.server.flask.application     conn.query(q)
Jan 17 03:47:28 ubuntu devstack@keystone.service[81362]: ERROR keystone.server.flask.application   File "/opt/stack/data/venv/lib/python3.10/site-packages/pymysql/connections.py", line 575, in query
Jan 17 03:47:28 ubuntu devstack@keystone.service[81362]: ERROR keystone.server.flask.application     self._affected_rows = self._read_query_result(unbuffered=unbuffered)
Jan 17 03:47:28 ubuntu devstack@keystone.service[81362]: ERROR keystone.server.flask.application   File "/opt/stack/data/venv/lib/python3.10/site-packages/pymysql/connections.py", line 826, in _read_query_result
Jan 17 03:47:28 ubuntu devstack@keystone.service[81362]: ERROR keystone.server.flask.application     result.read()
Jan 17 03:47:28 ubuntu devstack@keystone.service[81362]: ERROR keystone.server.flask.application   File "/opt/stack/data/venv/lib/python3.10/site-packages/pymysql/connections.py", line 1203, in read
Jan 17 03:47:28 ubuntu devstack@keystone.service[81362]: ERROR keystone.server.flask.application     first_packet = self.connection._read_packet()
Jan 17 03:47:28 ubuntu devstack@keystone.service[81362]: ERROR keystone.server.flask.application   File "/opt/stack/data/venv/lib/python3.10/site-packages/pymysql/connections.py", line 782, in _read_packet
Jan 17 03:47:28 ubuntu devstack@keystone.service[81362]: ERROR keystone.server.flask.application     packet.raise_for_error()
Jan 17 03:47:28 ubuntu devstack@keystone.service[81362]: ERROR keystone.server.flask.application   File "/opt/stack/data/venv/lib/python3.10/site-packages/pymysql/protocol.py", line 219, in raise_for_error
Jan 17 03:47:28 ubuntu devstack@keystone.service[81362]: ERROR keystone.server.flask.application     err.raise_mysql_exception(self._data)
Jan 17 03:47:28 ubuntu devstack@keystone.service[81362]: ERROR keystone.server.flask.application   File "/opt/stack/data/venv/lib/python3.10/site-packages/pymysql/err.py", line 150, in raise_mysql_exception
Jan 17 03:47:28 ubuntu devstack@keystone.service[81362]: ERROR keystone.server.flask.application     raise errorclass(errno, errval)
Jan 17 03:47:28 ubuntu devstack@keystone.service[81362]: ERROR keystone.server.flask.application oslo_db.exception.DBDuplicateEntry: (pymysql.err.IntegrityError) (1062, "Duplicate entry 'service-<<null>>' for key 'role.ixu_role_name_domain_id'")
Jan 17 03:47:28 ubuntu devstack@keystone.service[81362]: ERROR keystone.server.flask.application [SQL: INSERT INTO `role` (id, name, description, extra) VALUES (%(id)s, %(name)s, %(description)s, %(extra)s)]
Jan 17 03:47:28 ubuntu devstack@keystone.service[81362]: ERROR keystone.server.flask.application [parameters: {'id': '83747ed0d0254e24a9f2f3c84c051f0f', 'name': 'service', 'description': None, 'extra': '{}'}]
Jan 17 03:47:28 ubuntu devstack@keystone.service[81362]: ERROR keystone.server.flask.application (Background on this error at: https://sqlalche.me/e/20/gkpj)
Jan 17 03:47:28 ubuntu devstack@keystone.service[81362]: ERROR keystone.server.flask.application 
Jan 17 03:47:28 ubuntu devstack@keystone.service[81362]: ERROR keystone.server.flask.application During handling of the above exception, another exception occurred:
Jan 17 03:47:28 ubuntu devstack@keystone.service[81362]: ERROR keystone.server.flask.application 
Jan 17 03:47:28 ubuntu devstack@keystone.service[81362]: ERROR keystone.server.flask.application Traceback (most recent call last):
Jan 17 03:47:28 ubuntu devstack@keystone.service[81362]: ERROR keystone.server.flask.application   File "/opt/stack/data/venv/lib/python3.10/site-packages/flask/app.py", line 917, in full_dispatch_request
Jan 17 03:47:28 ubuntu devstack@keystone.service[81362]: ERROR keystone.server.flask.application     rv = self.dispatch_request()
Jan 17 03:47:28 ubuntu devstack@keystone.service[81362]: ERROR keystone.server.flask.application   File "/opt/stack/data/venv/lib/python3.10/site-packages/flask/app.py", line 902, in dispatch_request
Jan 17 03:47:28 ubuntu devstack@keystone.service[81362]: ERROR keystone.server.flask.application     return self.ensure_sync(self.view_functions[rule.endpoint])(**view_args)  # type: ignore[no-any-return]
Jan 17 03:47:28 ubuntu devstack@keystone.service[81362]: ERROR keystone.server.flask.application   File "/opt/stack/data/venv/lib/python3.10/site-packages/flask_restful/__init__.py", line 489, in wrapper
Jan 17 03:47:28 ubuntu devstack@keystone.service[81362]: ERROR keystone.server.flask.application     resp = resource(*args, **kwargs)
Jan 17 03:47:28 ubuntu devstack@keystone.service[81362]: ERROR keystone.server.flask.application   File "/opt/stack/data/venv/lib/python3.10/site-packages/flask/views.py", line 110, in view
Jan 17 03:47:28 ubuntu devstack@keystone.service[81362]: ERROR keystone.server.flask.application     return current_app.ensure_sync(self.dispatch_request)(**kwargs)  # type: ignore[no-any-return]
Jan 17 03:47:28 ubuntu devstack@keystone.service[81362]: ERROR keystone.server.flask.application   File "/opt/stack/data/venv/lib/python3.10/site-packages/flask_restful/__init__.py", line 604, in dispatch_request
Jan 17 03:47:28 ubuntu devstack@keystone.service[81362]: ERROR keystone.server.flask.application     resp = meth(*args, **kwargs)
Jan 17 03:47:28 ubuntu devstack@keystone.service[81362]: ERROR keystone.server.flask.application   File "/opt/stack/keystone/keystone/api/validation/__init__.py", line 86, in wrapper
Jan 17 03:47:28 ubuntu devstack@keystone.service[81362]: ERROR keystone.server.flask.application     return func(*args, **kwargs)
Jan 17 03:47:28 ubuntu devstack@keystone.service[81362]: ERROR keystone.server.flask.application   File "/opt/stack/keystone/keystone/api/validation/__init__.py", line 145, in wrapper
Jan 17 03:47:28 ubuntu devstack@keystone.service[81362]: ERROR keystone.server.flask.application     response = func(*args, **kwargs)
Jan 17 03:47:28 ubuntu devstack@keystone.service[81362]: ERROR keystone.server.flask.application   File "/opt/stack/keystone/keystone/api/roles.py", line 91, in post
Jan 17 03:47:28 ubuntu devstack@keystone.service[81362]: ERROR keystone.server.flask.application     ref = PROVIDERS.role_api.create_role(
Jan 17 03:47:28 ubuntu devstack@keystone.service[81362]: ERROR keystone.server.flask.application   File "/opt/stack/keystone/keystone/common/manager.py", line 114, in wrapped
Jan 17 03:47:28 ubuntu devstack@keystone.service[81362]: ERROR keystone.server.flask.application     __ret_val = __f(*args, **kwargs)
Jan 17 03:47:28 ubuntu devstack@keystone.service[81362]: ERROR keystone.server.flask.application   File "/opt/stack/keystone/keystone/assignment/core.py", line 1526, in create_role
Jan 17 03:47:28 ubuntu devstack@keystone.service[81362]: ERROR keystone.server.flask.application     ret = self.driver.create_role(role_id, role)
Jan 17 03:47:28 ubuntu devstack@keystone.service[81362]: ERROR keystone.server.flask.application   File "/opt/stack/keystone/keystone/common/sql/core.py", line 614, in wrapper
Jan 17 03:47:28 ubuntu devstack@keystone.service[81362]: ERROR keystone.server.flask.application     raise exception.Conflict(type=conflict_type, details=msg)
Jan 17 03:47:28 ubuntu devstack@keystone.service[81362]: ERROR keystone.server.flask.application keystone.exception.Conflict: Conflict occurred attempting to store role - Duplicate entry found with name service.
Jan 17 03:47:28 ubuntu devstack@keystone.service[81362]: ERROR keystone.server.flask.application 
Jan 17 03:47:28 ubuntu devstack@keystone.service[81362]: [pid: 81362|app: 0|req: 19/35] 10.201.5.82 () {60 vars in 1167 bytes} [Sat Jan 17 03:47:28 2026] POST /identity/v3/roles => generated 140 bytes in 183 msecs (HTTP/1.1 409) 5 headers in 183 bytes (1 switches on core 0)
Jan 17 03:47:28 ubuntu devstack@keystone.service[81362]: DEBUG keystone.server.flask.request_processing.req_logging [None req-e9c6fb9e-7eaf-4a1b-8c76-f56378296acd None None] REQUEST_METHOD: `GET` {{(pid=81362) log_request_info /opt/stack/keystone/keystone/server/flask/request_processing/req_logging.py:26}}
Jan 17 03:47:28 ubuntu devstack@keystone.service[81362]: DEBUG keystone.server.flask.request_processing.req_logging [None req-e9c6fb9e-7eaf-4a1b-8c76-f56378296acd None None] SCRIPT_NAME: `/identity` {{(pid=81362) log_request_info /opt/stack/keystone/keystone/server/flask/request_processing/req_logging.py:27}}
Jan 17 03:47:28 ubuntu devstack@keystone.service[81362]: DEBUG keystone.server.flask.request_processing.req_logging [None req-e9c6fb9e-7eaf-4a1b-8c76-f56378296acd None None] PATH_INFO: `/` {{(pid=81362) log_request_info /opt/stack/keystone/keystone/server/flask/request_processing/req_logging.py:28}}
Jan 17 03:47:28 ubuntu devstack@keystone.service[81362]: [pid: 81362|app: 0|req: 20/36] 10.201.5.82 () {54 vars in 919 bytes} [Sat Jan 17 03:47:28 2026] GET /identity => generated 270 bytes in 1 msecs (HTTP/1.1 300) 6 headers in 234 bytes (1 switches on core 0)
Jan 17 03:47:28 ubuntu devstack@keystone.service[81362]: DEBUG keystone.server.flask.request_processing.middleware.auth_context [None req-e9c6fb9e-7eaf-4a1b-8c76-f56378296acd None None] Authenticating user token {{(pid=81362) process_request /opt/stack/data/venv/lib/python3.10/site-packages/keystonemiddleware/auth_token/__init__.py:407}}
Jan 17 03:47:28 ubuntu devstack@keystone.service[81362]: DEBUG keystone.server.flask.request_processing.middleware.auth_context [None req-e9c6fb9e-7eaf-4a1b-8c76-f56378296acd None None] Validating token access rules against request {{(pid=81362) validate_allowed_request /opt/stack/data/venv/lib/python3.10/site-packages/keystonemiddleware/auth_token/__init__.py:545}}
Jan 17 03:47:28 ubuntu devstack@keystone.service[81362]: DEBUG keystone.server.flask.request_processing.middleware.auth_context [None req-70bc2230-7771-4422-82b8-7161a652b140 None admin] RBAC: auth_context: {'token': <TokenModel (audit_id=5YClqR3fRXu5SrK-GyqdwA, audit_chain_id=['5YClqR3fRXu5SrK-GyqdwA']) at 0x7fc3f731d1e0>, 'domain_id': None, 'trust_id': None, 'trustor_id': None, 'trustee_id': None, 'domain_name': None, 'group_ids': [], 'user_id': 'f8d21d7fbdcf4cf69c11f9195d58002b', 'user_domain_id': 'default', 'system_scope': 'all', 'project_id': None, 'project_domain_id': None, 'roles': ['admin', 'manager', 'member', 'reader'], 'is_admin_project': True, 'service_user_id': None, 'service_user_domain_id': None, 'service_project_id': None, 'service_project_domain_id': None, 'service_roles': []} {{(pid=81362) fill_context /opt/stack/keystone/keystone/server/flask/request_processing/middleware/auth_context.py:509}}
Jan 17 03:47:28 ubuntu devstack@keystone.service[81362]: DEBUG keystone.server.flask.request_processing.req_logging [None req-70bc2230-7771-4422-82b8-7161a652b140 None admin] REQUEST_METHOD: `GET` {{(pid=81362) log_request_info /opt/stack/keystone/keystone/server/flask/request_processing/req_logging.py:26}}
Jan 17 03:47:28 ubuntu devstack@keystone.service[81362]: DEBUG keystone.server.flask.request_processing.req_logging [None req-70bc2230-7771-4422-82b8-7161a652b140 None admin] SCRIPT_NAME: `/identity` {{(pid=81362) log_request_info /opt/stack/keystone/keystone/server/flask/request_processing/req_logging.py:27}}
Jan 17 03:47:28 ubuntu devstack@keystone.service[81362]: DEBUG keystone.server.flask.request_processing.req_logging [None req-70bc2230-7771-4422-82b8-7161a652b140 None admin] PATH_INFO: `/v3/roles/service` {{(pid=81362) log_request_info /opt/stack/keystone/keystone/server/flask/request_processing/req_logging.py:28}}
Jan 17 03:47:28 ubuntu devstack@keystone.service[81362]: DEBUG keystone.common.rbac_enforcer.enforcer [None req-70bc2230-7771-4422-82b8-7161a652b140 None admin] Extracting inferred target data resulted in "NOT FOUND (404)". {{(pid=81362) enforce_call /opt/stack/keystone/keystone/common/rbac_enforcer/enforcer.py:445}}
Jan 17 03:47:28 ubuntu devstack@keystone.service[81362]: DEBUG keystone.server.flask.application [None req-70bc2230-7771-4422-82b8-7161a652b140 None admin] Could not find role: service. {{(pid=81362) _handle_keystone_exception /opt/stack/keystone/keystone/server/flask/application.py:146}}
Jan 17 03:47:28 ubuntu devstack@keystone.service[81362]: [pid: 81362|app: 0|req: 21/37] 10.201.5.82 () {56 vars in 1138 bytes} [Sat Jan 17 03:47:28 2026] GET /identity/v3/roles/service => generated 85 bytes in 63 msecs (HTTP/1.1 404) 5 headers in 183 bytes (1 switches on core 0)
Jan 17 03:47:28 ubuntu devstack@keystone.service[81362]: DEBUG keystone.server.flask.request_processing.req_logging [None req-9e87150f-507f-457c-9006-fa05f50e5dfb None None] REQUEST_METHOD: `POST` {{(pid=81362) log_request_info /opt/stack/keystone/keystone/server/flask/request_processing/req_logging.py:26}}
Jan 17 03:47:28 ubuntu devstack@keystone.service[81362]: DEBUG keystone.server.flask.request_processing.req_logging [None req-9e87150f-507f-457c-9006-fa05f50e5dfb None None] SCRIPT_NAME: `/identity` {{(pid=81362) log_request_info /opt/stack/keystone/keystone/server/flask/request_processing/req_logging.py:27}}
Jan 17 03:47:28 ubuntu devstack@keystone.service[81362]: DEBUG keystone.server.flask.request_processing.req_logging [None req-9e87150f-507f-457c-9006-fa05f50e5dfb None None] PATH_INFO: `/v3/auth/tokens` {{(pid=81362) log_request_info /opt/stack/keystone/keystone/server/flask/request_processing/req_logging.py:28}}
Jan 17 03:47:28 ubuntu devstack@keystone.service[81362]: WARNING keystone.common.password_hashing [None req-9e87150f-507f-457c-9006-fa05f50e5dfb None None] Truncating password to algorithm specific maximum length 72 characters.
Jan 17 03:47:28 ubuntu devstack@keystone.service[81362]: DEBUG keystone.auth.core [None req-9e87150f-507f-457c-9006-fa05f50e5dfb None None] MFA Rules not processed for user `f8d21d7fbdcf4cf69c11f9195d58002b`. Rule list: `[]` (Enabled: `True`). {{(pid=81362) check_auth_methods_against_rules /opt/stack/keystone/keystone/auth/core.py:476}}
Jan 17 03:47:28 ubuntu devstack@keystone.service[81362]: DEBUG keystone.common.fernet_utils [None req-9e87150f-507f-457c-9006-fa05f50e5dfb None None] Loaded 2 Fernet keys from /etc/keystone/fernet-keys/, but `[fernet_tokens] max_active_keys = 3`; perhaps there have not been enough key rotations to reach `max_active_keys` yet? {{(pid=81362) load_keys /opt/stack/keystone/keystone/common/fernet_utils.py:297}}
Jan 17 03:47:28 ubuntu devstack@keystone.service[81361]: [pid: 81361|app: 0|req: 17/38] 10.201.5.82 () {60 vars in 1133 bytes} [Sat Jan 17 03:47:28 2026] POST /identity/v3/projects => generated 301 bytes in 315 msecs (HTTP/1.1 201) 5 headers in 182 bytes (1 switches on core 0)
Jan 17 03:47:28 ubuntu devstack@keystone.service[81361]: DEBUG keystone.server.flask.request_processing.middleware.auth_context [None req-835a8795-f29a-40d4-b7bf-494f3dcd5860 None admin] Authenticating user token {{(pid=81361) process_request /opt/stack/data/venv/lib/python3.10/site-packages/keystonemiddleware/auth_token/__init__.py:407}}
Jan 17 03:47:28 ubuntu devstack@keystone.service[81361]: DEBUG keystone.server.flask.request_processing.middleware.auth_context [None req-835a8795-f29a-40d4-b7bf-494f3dcd5860 None admin] Validating token access rules against request {{(pid=81361) validate_allowed_request /opt/stack/data/venv/lib/python3.10/site-packages/keystonemiddleware/auth_token/__init__.py:545}}
Jan 17 03:47:28 ubuntu devstack@keystone.service[81362]: [pid: 81362|app: 0|req: 22/39] 10.201.5.82 () {58 vars in 1016 bytes} [Sat Jan 17 03:47:28 2026] POST /identity/v3/auth/tokens => generated 862 bytes in 82 msecs (HTTP/1.1 201) 6 headers in 363 bytes (1 switches on core 0)
Jan 17 03:47:28 ubuntu devstack@keystone.service[81361]: DEBUG keystone.server.flask.request_processing.middleware.auth_context [None req-f39686a4-7505-4469-98aa-310eeb0c4545 None admin] RBAC: auth_context: {'token': <TokenModel (audit_id=5YClqR3fRXu5SrK-GyqdwA, audit_chain_id=['5YClqR3fRXu5SrK-GyqdwA']) at 0x7fc3f6f0d030>, 'domain_id': None, 'trust_id': None, 'trustor_id': None, 'trustee_id': None, 'domain_name': None, 'group_ids': [], 'user_id': 'f8d21d7fbdcf4cf69c11f9195d58002b', 'user_domain_id': 'default', 'system_scope': 'all', 'project_id': None, 'project_domain_id': None, 'roles': ['admin', 'manager', 'member', 'reader'], 'is_admin_project': True, 'service_user_id': None, 'service_user_domain_id': None, 'service_project_id': None, 'service_project_domain_id': None, 'service_roles': []} {{(pid=81361) fill_context /opt/stack/keystone/keystone/server/flask/request_processing/middleware/auth_context.py:509}}
Jan 17 03:47:28 ubuntu devstack@keystone.service[81361]: DEBUG keystone.server.flask.request_processing.req_logging [None req-f39686a4-7505-4469-98aa-310eeb0c4545 None admin] REQUEST_METHOD: `GET` {{(pid=81361) log_request_info /opt/stack/keystone/keystone/server/flask/request_processing/req_logging.py:26}}
Jan 17 03:47:28 ubuntu devstack@keystone.service[81361]: DEBUG keystone.server.flask.request_processing.req_logging [None req-f39686a4-7505-4469-98aa-310eeb0c4545 None admin] SCRIPT_NAME: `/identity` {{(pid=81361) log_request_info /opt/stack/keystone/keystone/server/flask/request_processing/req_logging.py:27}}
Jan 17 03:47:28 ubuntu devstack@keystone.service[81361]: DEBUG keystone.server.flask.request_processing.req_logging [None req-f39686a4-7505-4469-98aa-310eeb0c4545 None admin] PATH_INFO: `/v3/roles` {{(pid=81361) log_request_info /opt/stack/keystone/keystone/server/flask/request_processing/req_logging.py:28}}
Jan 17 03:47:28 ubuntu devstack@keystone.service[81361]: DEBUG keystone.common.rbac_enforcer.enforcer [None req-f39686a4-7505-4469-98aa-310eeb0c4545 None admin] RBAC: Adding query filter params (name=service) {{(pid=81361) _extract_filter_values /opt/stack/keystone/keystone/common/rbac_enforcer/enforcer.py:176}}
Jan 17 03:47:28 ubuntu devstack@keystone.service[81361]: DEBUG keystone.common.rbac_enforcer.enforcer [None req-f39686a4-7505-4469-98aa-310eeb0c4545 None admin] RBAC: Authorizing `identity:list_roles()` {{(pid=81361) enforce_call /opt/stack/keystone/keystone/common/rbac_enforcer/enforcer.py:494}}
Jan 17 03:47:28 ubuntu devstack@keystone.service[81361]: DEBUG keystone.common.rbac_enforcer.enforcer [None req-f39686a4-7505-4469-98aa-310eeb0c4545 None admin] RBAC: Authorization granted {{(pid=81361) enforce_call /opt/stack/keystone/keystone/common/rbac_enforcer/enforcer.py:505}}
Jan 17 03:47:28 ubuntu devstack@keystone.service[81361]: [pid: 81361|app: 0|req: 18/40] 10.201.5.82 () {56 vars in 1152 bytes} [Sat Jan 17 03:47:28 2026] GET /identity/v3/roles?name=service => generated 343 bytes in 77 msecs (HTTP/1.1 200) 5 headers in 177 bytes (1 switches on core 0)
Jan 17 03:47:29 ubuntu devstack@keystone.service[81362]: DEBUG keystone.server.flask.request_processing.middleware.auth_context [None req-9e87150f-507f-457c-9006-fa05f50e5dfb None None] Authenticating user token {{(pid=81362) process_request /opt/stack/data/venv/lib/python3.10/site-packages/keystonemiddleware/auth_token/__init__.py:407}}
Jan 17 03:47:29 ubuntu devstack@keystone.service[81362]: DEBUG keystone.server.flask.request_processing.middleware.auth_context [None req-9e87150f-507f-457c-9006-fa05f50e5dfb None None] Validating token access rules against request {{(pid=81362) validate_allowed_request /opt/stack/data/venv/lib/python3.10/site-packages/keystonemiddleware/auth_token/__init__.py:545}}
Jan 17 03:47:29 ubuntu devstack@keystone.service[81362]: DEBUG keystone.server.flask.request_processing.middleware.auth_context [None req-b6bdfcea-4e68-46dc-acf1-0bb758fde289 None admin] RBAC: auth_context: {'token': <TokenModel (audit_id=jweTqzLCSOuHxCfV-unrRg, audit_chain_id=['jweTqzLCSOuHxCfV-unrRg']) at 0x7fc3f7341ff0>, 'domain_id': None, 'trust_id': None, 'trustor_id': None, 'trustee_id': None, 'domain_name': None, 'group_ids': [], 'user_id': 'f8d21d7fbdcf4cf69c11f9195d58002b', 'user_domain_id': 'default', 'system_scope': 'all', 'project_id': None, 'project_domain_id': None, 'roles': ['admin', 'manager', 'member', 'reader'], 'is_admin_project': True, 'service_user_id': None, 'service_user_domain_id': None, 'service_project_id': None, 'service_project_domain_id': None, 'service_roles': []} {{(pid=81362) fill_context /opt/stack/keystone/keystone/server/flask/request_processing/middleware/auth_context.py:509}}
Jan 17 03:47:29 ubuntu devstack@keystone.service[81362]: DEBUG keystone.server.flask.request_processing.req_logging [None req-b6bdfcea-4e68-46dc-acf1-0bb758fde289 None admin] REQUEST_METHOD: `POST` {{(pid=81362) log_request_info /opt/stack/keystone/keystone/server/flask/request_processing/req_logging.py:26}}
Jan 17 03:47:29 ubuntu devstack@keystone.service[81362]: DEBUG keystone.server.flask.request_processing.req_logging [None req-b6bdfcea-4e68-46dc-acf1-0bb758fde289 None admin] SCRIPT_NAME: `/identity` {{(pid=81362) log_request_info /opt/stack/keystone/keystone/server/flask/request_processing/req_logging.py:27}}
Jan 17 03:47:29 ubuntu devstack@keystone.service[81362]: DEBUG keystone.server.flask.request_processing.req_logging [None req-b6bdfcea-4e68-46dc-acf1-0bb758fde289 None admin] PATH_INFO: `/v3/roles` {{(pid=81362) log_request_info /opt/stack/keystone/keystone/server/flask/request_processing/req_logging.py:28}}
Jan 17 03:47:29 ubuntu devstack@keystone.service[81362]: DEBUG keystone.common.rbac_enforcer.enforcer [None req-b6bdfcea-4e68-46dc-acf1-0bb758fde289 None admin] RBAC: Authorizing `identity:create_role()` {{(pid=81362) enforce_call /opt/stack/keystone/keystone/common/rbac_enforcer/enforcer.py:494}}
Jan 17 03:47:29 ubuntu devstack@keystone.service[81362]: DEBUG keystone.common.rbac_enforcer.enforcer [None req-b6bdfcea-4e68-46dc-acf1-0bb758fde289 None admin] RBAC: Authorization granted {{(pid=81362) enforce_call /opt/stack/keystone/keystone/common/rbac_enforcer/enforcer.py:505}}
Jan 17 03:47:29 ubuntu devstack@keystone.service[81362]: [pid: 81362|app: 0|req: 23/41] 10.201.5.82 () {60 vars in 1167 bytes} [Sat Jan 17 03:47:29 2026] POST /identity/v3/roles => generated 225 bytes in 72 msecs (HTTP/1.1 201) 5 headers in 182 bytes (1 switches on core 0)
Jan 17 03:47:29 ubuntu devstack@keystone.service[81361]: DEBUG keystone.server.flask.request_processing.req_logging [None req-bffe5650-8f7f-40b7-82db-e18a49df17c1 None None] REQUEST_METHOD: `GET` {{(pid=81361) log_request_info /opt/stack/keystone/keystone/server/flask/request_processing/req_logging.py:26}}
Jan 17 03:47:29 ubuntu devstack@keystone.service[81361]: DEBUG keystone.server.flask.request_processing.req_logging [None req-bffe5650-8f7f-40b7-82db-e18a49df17c1 None None] SCRIPT_NAME: `/identity` {{(pid=81361) log_request_info /opt/stack/keystone/keystone/server/flask/request_processing/req_logging.py:27}}
Jan 17 03:47:29 ubuntu devstack@keystone.service[81361]: DEBUG keystone.server.flask.request_processing.req_logging [None req-bffe5650-8f7f-40b7-82db-e18a49df17c1 None None] PATH_INFO: `/` {{(pid=81361) log_request_info /opt/stack/keystone/keystone/server/flask/request_processing/req_logging.py:28}}
Jan 17 03:47:29 ubuntu devstack@keystone.service[81361]: [pid: 81361|app: 0|req: 19/42] 10.201.5.82 () {54 vars in 919 bytes} [Sat Jan 17 03:47:29 2026] GET /identity => generated 270 bytes in 2 msecs (HTTP/1.1 300) 6 headers in 234 bytes (1 switches on core 0)
Jan 17 03:47:29 ubuntu devstack@keystone.service[81362]: DEBUG keystone.server.flask.request_processing.req_logging [None req-a3625cba-d4f1-4c4a-987c-7f8827f247d1 None None] REQUEST_METHOD: `POST` {{(pid=81362) log_request_info /opt/stack/keystone/keystone/server/flask/request_processing/req_logging.py:26}}
Jan 17 03:47:29 ubuntu devstack@keystone.service[81362]: DEBUG keystone.server.flask.request_processing.req_logging [None req-a3625cba-d4f1-4c4a-987c-7f8827f247d1 None None] SCRIPT_NAME: `/identity` {{(pid=81362) log_request_info /opt/stack/keystone/keystone/server/flask/request_processing/req_logging.py:27}}
Jan 17 03:47:29 ubuntu devstack@keystone.service[81362]: DEBUG keystone.server.flask.request_processing.req_logging [None req-a3625cba-d4f1-4c4a-987c-7f8827f247d1 None None] PATH_INFO: `/v3/auth/tokens` {{(pid=81362) log_request_info /opt/stack/keystone/keystone/server/flask/request_processing/req_logging.py:28}}
Jan 17 03:47:29 ubuntu devstack@keystone.service[81361]: DEBUG keystone.server.flask.request_processing.req_logging [None req-21e5b431-d367-46bf-b247-e293a8ef7668 None None] REQUEST_METHOD: `GET` {{(pid=81361) log_request_info /opt/stack/keystone/keystone/server/flask/request_processing/req_logging.py:26}}
Jan 17 03:47:29 ubuntu devstack@keystone.service[81362]: WARNING keystone.common.password_hashing [None req-a3625cba-d4f1-4c4a-987c-7f8827f247d1 None None] Truncating password to algorithm specific maximum length 72 characters.
Jan 17 03:47:29 ubuntu devstack@keystone.service[81361]: DEBUG keystone.server.flask.request_processing.req_logging [None req-21e5b431-d367-46bf-b247-e293a8ef7668 None None] SCRIPT_NAME: `/identity` {{(pid=81361) log_request_info /opt/stack/keystone/keystone/server/flask/request_processing/req_logging.py:27}}
Jan 17 03:47:29 ubuntu devstack@keystone.service[81361]: DEBUG keystone.server.flask.request_processing.req_logging [None req-21e5b431-d367-46bf-b247-e293a8ef7668 None None] PATH_INFO: `/` {{(pid=81361) log_request_info /opt/stack/keystone/keystone/server/flask/request_processing/req_logging.py:28}}
Jan 17 03:47:29 ubuntu devstack@keystone.service[81361]: [pid: 81361|app: 0|req: 20/43] 10.201.5.82 () {54 vars in 919 bytes} [Sat Jan 17 03:47:29 2026] GET /identity => generated 270 bytes in 7 msecs (HTTP/1.1 300) 6 headers in 234 bytes (1 switches on core 0)
Jan 17 03:47:29 ubuntu devstack@keystone.service[81361]: DEBUG keystone.server.flask.request_processing.req_logging [None req-8a3f0ab6-8feb-4ea6-9b8d-bc92e076983e None None] REQUEST_METHOD: `POST` {{(pid=81361) log_request_info /opt/stack/keystone/keystone/server/flask/request_processing/req_logging.py:26}}
Jan 17 03:47:29 ubuntu devstack@keystone.service[81361]: DEBUG keystone.server.flask.request_processing.req_logging [None req-8a3f0ab6-8feb-4ea6-9b8d-bc92e076983e None None] SCRIPT_NAME: `/identity` {{(pid=81361) log_request_info /opt/stack/keystone/keystone/server/flask/request_processing/req_logging.py:27}}
Jan 17 03:47:29 ubuntu devstack@keystone.service[81361]: DEBUG keystone.server.flask.request_processing.req_logging [None req-8a3f0ab6-8feb-4ea6-9b8d-bc92e076983e None None] PATH_INFO: `/v3/auth/tokens` {{(pid=81361) log_request_info /opt/stack/keystone/keystone/server/flask/request_processing/req_logging.py:28}}
Jan 17 03:47:29 ubuntu devstack@keystone.service[81362]: DEBUG keystone.auth.core [None req-a3625cba-d4f1-4c4a-987c-7f8827f247d1 None None] MFA Rules not processed for user `f8d21d7fbdcf4cf69c11f9195d58002b`. Rule list: `[]` (Enabled: `True`). {{(pid=81362) check_auth_methods_against_rules /opt/stack/keystone/keystone/auth/core.py:476}}
Jan 17 03:47:29 ubuntu devstack@keystone.service[81362]: DEBUG keystone.common.fernet_utils [None req-a3625cba-d4f1-4c4a-987c-7f8827f247d1 None None] Loaded 2 Fernet keys from /etc/keystone/fernet-keys/, but `[fernet_tokens] max_active_keys = 3`; perhaps there have not been enough key rotations to reach `max_active_keys` yet? {{(pid=81362) load_keys /opt/stack/keystone/keystone/common/fernet_utils.py:297}}
Jan 17 03:47:29 ubuntu devstack@keystone.service[81361]: WARNING keystone.common.password_hashing [None req-8a3f0ab6-8feb-4ea6-9b8d-bc92e076983e None None] Truncating password to algorithm specific maximum length 72 characters.
Jan 17 03:47:29 ubuntu devstack@keystone.service[81361]: DEBUG keystone.auth.core [None req-8a3f0ab6-8feb-4ea6-9b8d-bc92e076983e None None] MFA Rules not processed for user `f8d21d7fbdcf4cf69c11f9195d58002b`. Rule list: `[]` (Enabled: `True`). {{(pid=81361) check_auth_methods_against_rules /opt/stack/keystone/keystone/auth/core.py:476}}
Jan 17 03:47:29 ubuntu devstack@keystone.service[81361]: DEBUG keystone.common.fernet_utils [None req-8a3f0ab6-8feb-4ea6-9b8d-bc92e076983e None None] Loaded 2 Fernet keys from /etc/keystone/fernet-keys/, but `[fernet_tokens] max_active_keys = 3`; perhaps there have not been enough key rotations to reach `max_active_keys` yet? {{(pid=81361) load_keys /opt/stack/keystone/keystone/common/fernet_utils.py:297}}
Jan 17 03:47:29 ubuntu devstack@keystone.service[81362]: [pid: 81362|app: 0|req: 24/44] 10.201.5.82 () {58 vars in 1016 bytes} [Sat Jan 17 03:47:29 2026] POST /identity/v3/auth/tokens => generated 862 bytes in 60 msecs (HTTP/1.1 201) 6 headers in 363 bytes (1 switches on core 0)
Jan 17 03:47:29 ubuntu devstack@keystone.service[81361]: [pid: 81361|app: 0|req: 21/45] 10.201.5.82 () {58 vars in 1016 bytes} [Sat Jan 17 03:47:29 2026] POST /identity/v3/auth/tokens => generated 862 bytes in 81 msecs (HTTP/1.1 201) 6 headers in 363 bytes (1 switches on core 0)
Jan 17 03:47:29 ubuntu devstack@keystone.service[81362]: DEBUG keystone.server.flask.request_processing.middleware.auth_context [None req-a3625cba-d4f1-4c4a-987c-7f8827f247d1 None None] Authenticating user token {{(pid=81362) process_request /opt/stack/data/venv/lib/python3.10/site-packages/keystonemiddleware/auth_token/__init__.py:407}}
Jan 17 03:47:29 ubuntu devstack@keystone.service[81362]: DEBUG keystone.server.flask.request_processing.middleware.auth_context [None req-a3625cba-d4f1-4c4a-987c-7f8827f247d1 None None] Validating token access rules against request {{(pid=81362) validate_allowed_request /opt/stack/data/venv/lib/python3.10/site-packages/keystonemiddleware/auth_token/__init__.py:545}}
Jan 17 03:47:29 ubuntu devstack@keystone.service[81361]: DEBUG keystone.server.flask.request_processing.middleware.auth_context [None req-8a3f0ab6-8feb-4ea6-9b8d-bc92e076983e None None] Authenticating user token {{(pid=81361) process_request /opt/stack/data/venv/lib/python3.10/site-packages/keystonemiddleware/auth_token/__init__.py:407}}
Jan 17 03:47:29 ubuntu devstack@keystone.service[81362]: DEBUG keystone.server.flask.request_processing.middleware.auth_context [None req-34deb3a3-5bdf-4e30-a4b7-3d14c4966121 None admin] RBAC: auth_context: {'token': <TokenModel (audit_id=w2ZVo3ffQq625dCewnOHHQ, audit_chain_id=['w2ZVo3ffQq625dCewnOHHQ']) at 0x7fc3f747b400>, 'domain_id': None, 'trust_id': None, 'trustor_id': None, 'trustee_id': None, 'domain_name': None, 'group_ids': [], 'user_id': 'f8d21d7fbdcf4cf69c11f9195d58002b', 'user_domain_id': 'default', 'system_scope': 'all', 'project_id': None, 'project_domain_id': None, 'roles': ['admin', 'manager', 'member', 'reader'], 'is_admin_project': True, 'service_user_id': None, 'service_user_domain_id': None, 'service_project_id': None, 'service_project_domain_id': None, 'service_roles': []} {{(pid=81362) fill_context /opt/stack/keystone/keystone/server/flask/request_processing/middleware/auth_context.py:509}}
Jan 17 03:47:29 ubuntu devstack@keystone.service[81362]: DEBUG keystone.server.flask.request_processing.req_logging [None req-34deb3a3-5bdf-4e30-a4b7-3d14c4966121 None admin] REQUEST_METHOD: `GET` {{(pid=81362) log_request_info /opt/stack/keystone/keystone/server/flask/request_processing/req_logging.py:26}}
Jan 17 03:47:29 ubuntu devstack@keystone.service[81362]: DEBUG keystone.server.flask.request_processing.req_logging [None req-34deb3a3-5bdf-4e30-a4b7-3d14c4966121 None admin] SCRIPT_NAME: `/identity` {{(pid=81362) log_request_info /opt/stack/keystone/keystone/server/flask/request_processing/req_logging.py:27}}
Jan 17 03:47:29 ubuntu devstack@keystone.service[81362]: DEBUG keystone.server.flask.request_processing.req_logging [None req-34deb3a3-5bdf-4e30-a4b7-3d14c4966121 None admin] PATH_INFO: `/v3/domains/default` {{(pid=81362) log_request_info /opt/stack/keystone/keystone/server/flask/request_processing/req_logging.py:28}}
Jan 17 03:47:29 ubuntu devstack@keystone.service[81362]: DEBUG keystone.common.rbac_enforcer.enforcer [None req-34deb3a3-5bdf-4e30-a4b7-3d14c4966121 None admin] RBAC: Authorizing `identity:get_domain(domain_id=default)` {{(pid=81362) enforce_call /opt/stack/keystone/keystone/common/rbac_enforcer/enforcer.py:494}}
Jan 17 03:47:29 ubuntu devstack@keystone.service[81362]: DEBUG keystone.common.rbac_enforcer.enforcer [None req-34deb3a3-5bdf-4e30-a4b7-3d14c4966121 None admin] RBAC: Authorization granted {{(pid=81362) enforce_call /opt/stack/keystone/keystone/common/rbac_enforcer/enforcer.py:505}}
Jan 17 03:47:29 ubuntu devstack@keystone.service[81362]: [pid: 81362|app: 0|req: 25/46] 10.201.5.82 () {56 vars in 1100 bytes} [Sat Jan 17 03:47:29 2026] GET /identity/v3/domains/default => generated 199 bytes in 66 msecs (HTTP/1.1 200) 5 headers in 177 bytes (1 switches on core 0)
Jan 17 03:47:29 ubuntu devstack@keystone.service[81362]: DEBUG keystone.server.flask.request_processing.middleware.auth_context [None req-34deb3a3-5bdf-4e30-a4b7-3d14c4966121 None admin] Authenticating user token {{(pid=81362) process_request /opt/stack/data/venv/lib/python3.10/site-packages/keystonemiddleware/auth_token/__init__.py:407}}
Jan 17 03:47:29 ubuntu devstack@keystone.service[81361]: DEBUG keystone.server.flask.request_processing.middleware.auth_context [None req-8a3f0ab6-8feb-4ea6-9b8d-bc92e076983e None None] Validating token access rules against request {{(pid=81361) validate_allowed_request /opt/stack/data/venv/lib/python3.10/site-packages/keystonemiddleware/auth_token/__init__.py:545}}
Jan 17 03:47:29 ubuntu devstack@keystone.service[81362]: DEBUG keystone.server.flask.request_processing.middleware.auth_context [None req-34deb3a3-5bdf-4e30-a4b7-3d14c4966121 None admin] Validating token access rules against request {{(pid=81362) validate_allowed_request /opt/stack/data/venv/lib/python3.10/site-packages/keystonemiddleware/auth_token/__init__.py:545}}
Jan 17 03:47:29 ubuntu devstack@keystone.service[81361]: DEBUG keystone.server.flask.request_processing.middleware.auth_context [None req-b04b00d4-0676-4e24-b825-8980ad4dcdc7 None admin] RBAC: auth_context: {'token': <TokenModel (audit_id=sQWKoJuDRUiK2UTHEMxE-A, audit_chain_id=['sQWKoJuDRUiK2UTHEMxE-A']) at 0x7fc3f806f730>, 'domain_id': None, 'trust_id': None, 'trustor_id': None, 'trustee_id': None, 'domain_name': None, 'group_ids': [], 'user_id': 'f8d21d7fbdcf4cf69c11f9195d58002b', 'user_domain_id': 'default', 'system_scope': 'all', 'project_id': None, 'project_domain_id': None, 'roles': ['admin', 'manager', 'member', 'reader'], 'is_admin_project': True, 'service_user_id': None, 'service_user_domain_id': None, 'service_project_id': None, 'service_project_domain_id': None, 'service_roles': []} {{(pid=81361) fill_context /opt/stack/keystone/keystone/server/flask/request_processing/middleware/auth_context.py:509}}
Jan 17 03:47:29 ubuntu devstack@keystone.service[81361]: DEBUG keystone.server.flask.request_processing.req_logging [None req-b04b00d4-0676-4e24-b825-8980ad4dcdc7 None admin] REQUEST_METHOD: `POST` {{(pid=81361) log_request_info /opt/stack/keystone/keystone/server/flask/request_processing/req_logging.py:26}}
Jan 17 03:47:29 ubuntu devstack@keystone.service[81361]: DEBUG keystone.server.flask.request_processing.req_logging [None req-b04b00d4-0676-4e24-b825-8980ad4dcdc7 None admin] SCRIPT_NAME: `/identity` {{(pid=81361) log_request_info /opt/stack/keystone/keystone/server/flask/request_processing/req_logging.py:27}}
Jan 17 03:47:29 ubuntu devstack@keystone.service[81361]: DEBUG keystone.server.flask.request_processing.req_logging [None req-b04b00d4-0676-4e24-b825-8980ad4dcdc7 None admin] PATH_INFO: `/v3/roles` {{(pid=81361) log_request_info /opt/stack/keystone/keystone/server/flask/request_processing/req_logging.py:28}}
Jan 17 03:47:29 ubuntu devstack@keystone.service[81362]: DEBUG keystone.server.flask.request_processing.middleware.auth_context [None req-7bbbc3b1-78f2-4bc7-93e7-755349ec2f0a None admin] RBAC: auth_context: {'token': <TokenModel (audit_id=w2ZVo3ffQq625dCewnOHHQ, audit_chain_id=['w2ZVo3ffQq625dCewnOHHQ']) at 0x7fc3f747ac50>, 'domain_id': None, 'trust_id': None, 'trustor_id': None, 'trustee_id': None, 'domain_name': None, 'group_ids': [], 'user_id': 'f8d21d7fbdcf4cf69c11f9195d58002b', 'user_domain_id': 'default', 'system_scope': 'all', 'project_id': None, 'project_domain_id': None, 'roles': ['admin', 'manager', 'member', 'reader'], 'is_admin_project': True, 'service_user_id': None, 'service_user_domain_id': None, 'service_project_id': None, 'service_project_domain_id': None, 'service_roles': []} {{(pid=81362) fill_context /opt/stack/keystone/keystone/server/flask/request_processing/middleware/auth_context.py:509}}
Jan 17 03:47:29 ubuntu devstack@keystone.service[81362]: DEBUG keystone.server.flask.request_processing.req_logging [None req-7bbbc3b1-78f2-4bc7-93e7-755349ec2f0a None admin] REQUEST_METHOD: `POST` {{(pid=81362) log_request_info /opt/stack/keystone/keystone/server/flask/request_processing/req_logging.py:26}}
Jan 17 03:47:29 ubuntu devstack@keystone.service[81362]: DEBUG keystone.server.flask.request_processing.req_logging [None req-7bbbc3b1-78f2-4bc7-93e7-755349ec2f0a None admin] SCRIPT_NAME: `/identity` {{(pid=81362) log_request_info /opt/stack/keystone/keystone/server/flask/request_processing/req_logging.py:27}}
Jan 17 03:47:29 ubuntu devstack@keystone.service[81362]: DEBUG keystone.server.flask.request_processing.req_logging [None req-7bbbc3b1-78f2-4bc7-93e7-755349ec2f0a None admin] PATH_INFO: `/v3/projects` {{(pid=81362) log_request_info /opt/stack/keystone/keystone/server/flask/request_processing/req_logging.py:28}}
Jan 17 03:47:29 ubuntu devstack@keystone.service[81361]: DEBUG keystone.common.rbac_enforcer.enforcer [None req-b04b00d4-0676-4e24-b825-8980ad4dcdc7 None admin] RBAC: Authorizing `identity:create_role()` {{(pid=81361) enforce_call /opt/stack/keystone/keystone/common/rbac_enforcer/enforcer.py:494}}
Jan 17 03:47:29 ubuntu devstack@keystone.service[81362]: DEBUG keystone.common.rbac_enforcer.enforcer [None req-7bbbc3b1-78f2-4bc7-93e7-755349ec2f0a None admin] RBAC: Authorizing `identity:create_project()` {{(pid=81362) enforce_call /opt/stack/keystone/keystone/common/rbac_enforcer/enforcer.py:494}}
Jan 17 03:47:29 ubuntu devstack@keystone.service[81361]: DEBUG keystone.common.rbac_enforcer.enforcer [None req-b04b00d4-0676-4e24-b825-8980ad4dcdc7 None admin] RBAC: Authorization granted {{(pid=81361) enforce_call /opt/stack/keystone/keystone/common/rbac_enforcer/enforcer.py:505}}
Jan 17 03:47:29 ubuntu devstack@keystone.service[81362]: DEBUG keystone.common.rbac_enforcer.enforcer [None req-7bbbc3b1-78f2-4bc7-93e7-755349ec2f0a None admin] RBAC: Authorization granted {{(pid=81362) enforce_call /opt/stack/keystone/keystone/common/rbac_enforcer/enforcer.py:505}}
Jan 17 03:47:29 ubuntu devstack@keystone.service[81361]: [pid: 81361|app: 0|req: 22/47] 10.201.5.82 () {60 vars in 1167 bytes} [Sat Jan 17 03:47:29 2026] POST /identity/v3/roles => generated 223 bytes in 84 msecs (HTTP/1.1 201) 5 headers in 182 bytes (1 switches on core 0)
Jan 17 03:47:29 ubuntu devstack@keystone.service[81362]: [pid: 81362|app: 0|req: 26/48] 10.201.5.82 () {60 vars in 1133 bytes} [Sat Jan 17 03:47:29 2026] POST /identity/v3/projects => generated 312 bytes in 88 msecs (HTTP/1.1 201) 5 headers in 182 bytes (1 switches on core 0)
Jan 17 03:47:30 ubuntu devstack@keystone.service[81361]: DEBUG keystone.server.flask.request_processing.req_logging [None req-72686e11-3ee2-45a3-9358-5050feb950f5 None None] REQUEST_METHOD: `GET` {{(pid=81361) log_request_info /opt/stack/keystone/keystone/server/flask/request_processing/req_logging.py:26}}
Jan 17 03:47:30 ubuntu devstack@keystone.service[81361]: DEBUG keystone.server.flask.request_processing.req_logging [None req-72686e11-3ee2-45a3-9358-5050feb950f5 None None] SCRIPT_NAME: `/identity` {{(pid=81361) log_request_info /opt/stack/keystone/keystone/server/flask/request_processing/req_logging.py:27}}
Jan 17 03:47:30 ubuntu devstack@keystone.service[81361]: DEBUG keystone.server.flask.request_processing.req_logging [None req-72686e11-3ee2-45a3-9358-5050feb950f5 None None] PATH_INFO: `/` {{(pid=81361) log_request_info /opt/stack/keystone/keystone/server/flask/request_processing/req_logging.py:28}}
Jan 17 03:47:30 ubuntu devstack@keystone.service[81361]: [pid: 81361|app: 0|req: 23/49] 10.201.5.82 () {54 vars in 919 bytes} [Sat Jan 17 03:47:30 2026] GET /identity => generated 270 bytes in 4 msecs (HTTP/1.1 300) 6 headers in 234 bytes (1 switches on core 0)
Jan 17 03:47:30 ubuntu devstack@keystone.service[81362]: DEBUG keystone.server.flask.request_processing.req_logging [None req-bea3275c-168f-489e-852a-4331d8a8e110 None None] REQUEST_METHOD: `POST` {{(pid=81362) log_request_info /opt/stack/keystone/keystone/server/flask/request_processing/req_logging.py:26}}
Jan 17 03:47:30 ubuntu devstack@keystone.service[81362]: DEBUG keystone.server.flask.request_processing.req_logging [None req-bea3275c-168f-489e-852a-4331d8a8e110 None None] SCRIPT_NAME: `/identity` {{(pid=81362) log_request_info /opt/stack/keystone/keystone/server/flask/request_processing/req_logging.py:27}}
Jan 17 03:47:30 ubuntu devstack@keystone.service[81362]: DEBUG keystone.server.flask.request_processing.req_logging [None req-bea3275c-168f-489e-852a-4331d8a8e110 None None] PATH_INFO: `/v3/auth/tokens` {{(pid=81362) log_request_info /opt/stack/keystone/keystone/server/flask/request_processing/req_logging.py:28}}
Jan 17 03:47:30 ubuntu devstack@keystone.service[81362]: WARNING keystone.common.password_hashing [None req-bea3275c-168f-489e-852a-4331d8a8e110 None None] Truncating password to algorithm specific maximum length 72 characters.
Jan 17 03:47:30 ubuntu devstack@keystone.service[81362]: DEBUG keystone.auth.core [None req-bea3275c-168f-489e-852a-4331d8a8e110 None None] MFA Rules not processed for user `f8d21d7fbdcf4cf69c11f9195d58002b`. Rule list: `[]` (Enabled: `True`). {{(pid=81362) check_auth_methods_against_rules /opt/stack/keystone/keystone/auth/core.py:476}}
Jan 17 03:47:30 ubuntu devstack@keystone.service[81362]: DEBUG keystone.common.fernet_utils [None req-bea3275c-168f-489e-852a-4331d8a8e110 None None] Loaded 2 Fernet keys from /etc/keystone/fernet-keys/, but `[fernet_tokens] max_active_keys = 3`; perhaps there have not been enough key rotations to reach `max_active_keys` yet? {{(pid=81362) load_keys /opt/stack/keystone/keystone/common/fernet_utils.py:297}}
Jan 17 03:47:30 ubuntu devstack@keystone.service[81362]: [pid: 81362|app: 0|req: 27/50] 10.201.5.82 () {58 vars in 1016 bytes} [Sat Jan 17 03:47:30 2026] POST /identity/v3/auth/tokens => generated 862 bytes in 89 msecs (HTTP/1.1 201) 6 headers in 363 bytes (1 switches on core 0)
Jan 17 03:47:31 ubuntu devstack@keystone.service[81361]: DEBUG keystone.server.flask.request_processing.middleware.auth_context [None req-72686e11-3ee2-45a3-9358-5050feb950f5 None None] Authenticating user token {{(pid=81361) process_request /opt/stack/data/venv/lib/python3.10/site-packages/keystonemiddleware/auth_token/__init__.py:407}}
Jan 17 03:47:31 ubuntu devstack@keystone.service[81361]: DEBUG keystone.server.flask.request_processing.middleware.auth_context [None req-72686e11-3ee2-45a3-9358-5050feb950f5 None None] Validating token access rules against request {{(pid=81361) validate_allowed_request /opt/stack/data/venv/lib/python3.10/site-packages/keystonemiddleware/auth_token/__init__.py:545}}
Jan 17 03:47:31 ubuntu devstack@keystone.service[81361]: DEBUG keystone.server.flask.request_processing.middleware.auth_context [None req-0690fe2d-0055-4a2f-b2e5-e8b94afd8c8b None admin] RBAC: auth_context: {'token': <TokenModel (audit_id=pJFqQKrMTC-aSIMkiEzr6Q, audit_chain_id=['pJFqQKrMTC-aSIMkiEzr6Q']) at 0x7fc3f6d828c0>, 'domain_id': None, 'trust_id': None, 'trustor_id': None, 'trustee_id': None, 'domain_name': None, 'group_ids': [], 'user_id': 'f8d21d7fbdcf4cf69c11f9195d58002b', 'user_domain_id': 'default', 'system_scope': 'all', 'project_id': None, 'project_domain_id': None, 'roles': ['admin', 'manager', 'member', 'reader'], 'is_admin_project': True, 'service_user_id': None, 'service_user_domain_id': None, 'service_project_id': None, 'service_project_domain_id': None, 'service_roles': []} {{(pid=81361) fill_context /opt/stack/keystone/keystone/server/flask/request_processing/middleware/auth_context.py:509}}
Jan 17 03:47:31 ubuntu devstack@keystone.service[81361]: DEBUG keystone.server.flask.request_processing.req_logging [None req-0690fe2d-0055-4a2f-b2e5-e8b94afd8c8b None admin] REQUEST_METHOD: `GET` {{(pid=81361) log_request_info /opt/stack/keystone/keystone/server/flask/request_processing/req_logging.py:26}}
Jan 17 03:47:31 ubuntu devstack@keystone.service[81361]: DEBUG keystone.server.flask.request_processing.req_logging [None req-0690fe2d-0055-4a2f-b2e5-e8b94afd8c8b None admin] SCRIPT_NAME: `/identity` {{(pid=81361) log_request_info /opt/stack/keystone/keystone/server/flask/request_processing/req_logging.py:27}}
Jan 17 03:47:31 ubuntu devstack@keystone.service[81361]: DEBUG keystone.server.flask.request_processing.req_logging [None req-0690fe2d-0055-4a2f-b2e5-e8b94afd8c8b None admin] PATH_INFO: `/v3/domains/default` {{(pid=81361) log_request_info /opt/stack/keystone/keystone/server/flask/request_processing/req_logging.py:28}}
