Mar 26 14:25:00 ubuntu devstack@keystone.service[80516]: ERROR keystone.server.flask.application     return meth(
Mar 26 14:25:00 ubuntu devstack@keystone.service[80516]: ERROR keystone.server.flask.application   File "/opt/stack/data/venv/lib/python3.10/site-packages/sqlalchemy/sql/elements.py", line 516, in _execute_on_connection
Mar 26 14:25:00 ubuntu devstack@keystone.service[80516]: ERROR keystone.server.flask.application     return connection._execute_clauseelement(
Mar 26 14:25:00 ubuntu devstack@keystone.service[80516]: ERROR keystone.server.flask.application   File "/opt/stack/data/venv/lib/python3.10/site-packages/sqlalchemy/engine/base.py", line 1638, in _execute_clauseelement
Mar 26 14:25:00 ubuntu devstack@keystone.service[80516]: ERROR keystone.server.flask.application     ret = self._execute_context(
Mar 26 14:25:00 ubuntu devstack@keystone.service[80516]: ERROR keystone.server.flask.application   File "/opt/stack/data/venv/lib/python3.10/site-packages/sqlalchemy/engine/base.py", line 1843, in _execute_context
Mar 26 14:25:00 ubuntu devstack@keystone.service[80516]: ERROR keystone.server.flask.application     return self._exec_single_context(
Mar 26 14:25:00 ubuntu devstack@keystone.service[80516]: ERROR keystone.server.flask.application   File "/opt/stack/data/venv/lib/python3.10/site-packages/sqlalchemy/engine/base.py", line 1983, in _exec_single_context
Mar 26 14:25:00 ubuntu devstack@keystone.service[80516]: ERROR keystone.server.flask.application     self._handle_dbapi_exception(
Mar 26 14:25:00 ubuntu devstack@keystone.service[80516]: ERROR keystone.server.flask.application   File "/opt/stack/data/venv/lib/python3.10/site-packages/sqlalchemy/engine/base.py", line 2349, in _handle_dbapi_exception
Mar 26 14:25:00 ubuntu devstack@keystone.service[80516]: ERROR keystone.server.flask.application     raise newraise.with_traceback(exc_info[2]) from e
Mar 26 14:25:00 ubuntu devstack@keystone.service[80516]: ERROR keystone.server.flask.application   File "/opt/stack/data/venv/lib/python3.10/site-packages/sqlalchemy/engine/base.py", line 1964, in _exec_single_context
Mar 26 14:25:00 ubuntu devstack@keystone.service[80516]: ERROR keystone.server.flask.application     self.dialect.do_execute(
Mar 26 14:25:00 ubuntu devstack@keystone.service[80516]: ERROR keystone.server.flask.application   File "/opt/stack/data/venv/lib/python3.10/site-packages/sqlalchemy/engine/default.py", line 942, in do_execute
Mar 26 14:25:00 ubuntu devstack@keystone.service[80516]: ERROR keystone.server.flask.application     cursor.execute(statement, parameters)
Mar 26 14:25:00 ubuntu devstack@keystone.service[80516]: ERROR keystone.server.flask.application   File "/opt/stack/data/venv/lib/python3.10/site-packages/pymysql/cursors.py", line 153, in execute
Mar 26 14:25:00 ubuntu devstack@keystone.service[80516]: ERROR keystone.server.flask.application     result = self._query(query)
Mar 26 14:25:00 ubuntu devstack@keystone.service[80516]: ERROR keystone.server.flask.application   File "/opt/stack/data/venv/lib/python3.10/site-packages/pymysql/cursors.py", line 322, in _query
Mar 26 14:25:00 ubuntu devstack@keystone.service[80516]: ERROR keystone.server.flask.application     conn.query(q)
Mar 26 14:25:00 ubuntu devstack@keystone.service[80516]: ERROR keystone.server.flask.application   File "/opt/stack/data/venv/lib/python3.10/site-packages/pymysql/connections.py", line 563, in query
Mar 26 14:25:00 ubuntu devstack@keystone.service[80516]: ERROR keystone.server.flask.application     self._affected_rows = self._read_query_result(unbuffered=unbuffered)
Mar 26 14:25:00 ubuntu devstack@keystone.service[80516]: ERROR keystone.server.flask.application   File "/opt/stack/data/venv/lib/python3.10/site-packages/pymysql/connections.py", line 825, in _read_query_result
Mar 26 14:25:00 ubuntu devstack@keystone.service[80516]: ERROR keystone.server.flask.application     result.read()
Mar 26 14:25:00 ubuntu devstack@keystone.service[80516]: ERROR keystone.server.flask.application   File "/opt/stack/data/venv/lib/python3.10/site-packages/pymysql/connections.py", line 1199, in read
Mar 26 14:25:00 ubuntu devstack@keystone.service[80516]: ERROR keystone.server.flask.application     first_packet = self.connection._read_packet()
Mar 26 14:25:00 ubuntu devstack@keystone.service[80516]: ERROR keystone.server.flask.application   File "/opt/stack/data/venv/lib/python3.10/site-packages/pymysql/connections.py", line 775, in _read_packet
Mar 26 14:25:00 ubuntu devstack@keystone.service[80516]: ERROR keystone.server.flask.application     packet.raise_for_error()
Mar 26 14:25:00 ubuntu devstack@keystone.service[80516]: ERROR keystone.server.flask.application   File "/opt/stack/data/venv/lib/python3.10/site-packages/pymysql/protocol.py", line 219, in raise_for_error
Mar 26 14:25:00 ubuntu devstack@keystone.service[80516]: ERROR keystone.server.flask.application     err.raise_mysql_exception(self._data)
Mar 26 14:25:00 ubuntu devstack@keystone.service[80516]: ERROR keystone.server.flask.application   File "/opt/stack/data/venv/lib/python3.10/site-packages/pymysql/err.py", line 150, in raise_mysql_exception
Mar 26 14:25:00 ubuntu devstack@keystone.service[80516]: ERROR keystone.server.flask.application     raise errorclass(errno, errval)
Mar 26 14:25:00 ubuntu devstack@keystone.service[80516]: ERROR keystone.server.flask.application oslo_db.exception.DBDuplicateEntry: (pymysql.err.IntegrityError) (1062, "Duplicate entry 'service-<<null>>' for key 'role.ixu_role_name_domain_id'")
Mar 26 14:25:00 ubuntu devstack@keystone.service[80516]: ERROR keystone.server.flask.application [SQL: INSERT INTO `role` (id, name, description, extra) VALUES (%(id)s, %(name)s, %(description)s, %(extra)s)]
Mar 26 14:25:00 ubuntu devstack@keystone.service[80516]: ERROR keystone.server.flask.application [parameters: {'id': '7f3673bdedbb4b74b05dc785235625c5', 'name': 'service', 'description': None, 'extra': '{}'}]
Mar 26 14:25:00 ubuntu devstack@keystone.service[80516]: ERROR keystone.server.flask.application (Background on this error at: https://sqlalche.me/e/20/gkpj)
Mar 26 14:25:00 ubuntu devstack@keystone.service[80516]: ERROR keystone.server.flask.application 
Mar 26 14:25:00 ubuntu devstack@keystone.service[80516]: ERROR keystone.server.flask.application During handling of the above exception, another exception occurred:
Mar 26 14:25:00 ubuntu devstack@keystone.service[80516]: ERROR keystone.server.flask.application 
Mar 26 14:25:00 ubuntu devstack@keystone.service[80516]: ERROR keystone.server.flask.application Traceback (most recent call last):
Mar 26 14:25:00 ubuntu devstack@keystone.service[80516]: ERROR keystone.server.flask.application   File "/opt/stack/data/venv/lib/python3.10/site-packages/flask/app.py", line 917, in full_dispatch_request
Mar 26 14:25:00 ubuntu devstack@keystone.service[80516]: ERROR keystone.server.flask.application     rv = self.dispatch_request()
Mar 26 14:25:00 ubuntu devstack@keystone.service[80516]: ERROR keystone.server.flask.application   File "/opt/stack/data/venv/lib/python3.10/site-packages/flask/app.py", line 902, in dispatch_request
Mar 26 14:25:00 ubuntu devstack@keystone.service[80516]: ERROR keystone.server.flask.application     return self.ensure_sync(self.view_functions[rule.endpoint])(**view_args)  # type: ignore[no-any-return]
Mar 26 14:25:00 ubuntu devstack@keystone.service[80516]: ERROR keystone.server.flask.application   File "/opt/stack/data/venv/lib/python3.10/site-packages/flask_restful/__init__.py", line 489, in wrapper
Mar 26 14:25:00 ubuntu devstack@keystone.service[80516]: ERROR keystone.server.flask.application     resp = resource(*args, **kwargs)
Mar 26 14:25:00 ubuntu devstack@keystone.service[80516]: ERROR keystone.server.flask.application   File "/opt/stack/data/venv/lib/python3.10/site-packages/flask/views.py", line 110, in view
Mar 26 14:25:00 ubuntu devstack@keystone.service[80516]: ERROR keystone.server.flask.application     return current_app.ensure_sync(self.dispatch_request)(**kwargs)  # type: ignore[no-any-return]
Mar 26 14:25:00 ubuntu devstack@keystone.service[80516]: ERROR keystone.server.flask.application   File "/opt/stack/data/venv/lib/python3.10/site-packages/flask_restful/__init__.py", line 604, in dispatch_request
Mar 26 14:25:00 ubuntu devstack@keystone.service[80516]: ERROR keystone.server.flask.application     resp = meth(*args, **kwargs)
Mar 26 14:25:00 ubuntu devstack@keystone.service[80516]: ERROR keystone.server.flask.application   File "/opt/stack/keystone/keystone/api/validation/__init__.py", line 80, in wrapper
Mar 26 14:25:00 ubuntu devstack@keystone.service[80516]: ERROR keystone.server.flask.application     return func(*args, **kwargs)
Mar 26 14:25:00 ubuntu devstack@keystone.service[80516]: ERROR keystone.server.flask.application   File "/opt/stack/keystone/keystone/api/validation/__init__.py", line 139, in wrapper
Mar 26 14:25:00 ubuntu devstack@keystone.service[80516]: ERROR keystone.server.flask.application     response = func(*args, **kwargs)
Mar 26 14:25:00 ubuntu devstack@keystone.service[80516]: ERROR keystone.server.flask.application   File "/opt/stack/keystone/keystone/api/roles.py", line 91, in post
Mar 26 14:25:00 ubuntu devstack@keystone.service[80516]: ERROR keystone.server.flask.application     ref = PROVIDERS.role_api.create_role(
Mar 26 14:25:00 ubuntu devstack@keystone.service[80516]: ERROR keystone.server.flask.application   File "/opt/stack/keystone/keystone/common/manager.py", line 114, in wrapped
Mar 26 14:25:00 ubuntu devstack@keystone.service[80516]: ERROR keystone.server.flask.application     __ret_val = __f(*args, **kwargs)
Mar 26 14:25:00 ubuntu devstack@keystone.service[80516]: ERROR keystone.server.flask.application   File "/opt/stack/keystone/keystone/assignment/core.py", line 1496, in create_role
Mar 26 14:25:00 ubuntu devstack@keystone.service[80516]: ERROR keystone.server.flask.application     ret = self.driver.create_role(role_id, role)
Mar 26 14:25:00 ubuntu devstack@keystone.service[80516]: ERROR keystone.server.flask.application   File "/opt/stack/keystone/keystone/common/sql/core.py", line 614, in wrapper
Mar 26 14:25:00 ubuntu devstack@keystone.service[80516]: ERROR keystone.server.flask.application     raise exception.Conflict(type=conflict_type, details=msg)
Mar 26 14:25:00 ubuntu devstack@keystone.service[80516]: ERROR keystone.server.flask.application keystone.exception.Conflict: Conflict occurred attempting to store role - Duplicate entry found with name service.
Mar 26 14:25:00 ubuntu devstack@keystone.service[80516]: ERROR keystone.server.flask.application 
Mar 26 14:25:00 ubuntu devstack@keystone.service[80516]: [pid: 80516|app: 0|req: 20/37] 10.201.5.82 () {60 vars in 1167 bytes} [Wed Mar 26 14:24:59 2025] POST /identity/v3/roles => generated 140 bytes in 83 msecs (HTTP/1.1 409) 5 headers in 183 bytes (1 switches on core 0)
Mar 26 14:25:00 ubuntu devstack@keystone.service[80516]: DEBUG keystone.server.flask.request_processing.middleware.auth_context [None req-51705d58-e00d-484e-9ef0-ea93c32a0d6a None admin] Authenticating user token {{(pid=80516) process_request /opt/stack/data/venv/lib/python3.10/site-packages/keystonemiddleware/auth_token/__init__.py:406}}
Mar 26 14:25:00 ubuntu devstack@keystone.service[80517]: [pid: 80517|app: 0|req: 18/38] 10.201.5.82 () {60 vars in 1133 bytes} [Wed Mar 26 14:24:59 2025] POST /identity/v3/projects => generated 301 bytes in 193 msecs (HTTP/1.1 201) 5 headers in 182 bytes (1 switches on core 0)
Mar 26 14:25:00 ubuntu devstack@keystone.service[80517]: DEBUG keystone.server.flask.request_processing.middleware.auth_context [None req-d9320083-e157-4122-bb73-1a970109db14 None admin] Authenticating user token {{(pid=80517) process_request /opt/stack/data/venv/lib/python3.10/site-packages/keystonemiddleware/auth_token/__init__.py:406}}
Mar 26 14:25:00 ubuntu devstack@keystone.service[80516]: DEBUG keystone.server.flask.request_processing.middleware.auth_context [None req-51705d58-e00d-484e-9ef0-ea93c32a0d6a None admin] Validating token access rules against request {{(pid=80516) validate_allowed_request /opt/stack/data/venv/lib/python3.10/site-packages/keystonemiddleware/auth_token/__init__.py:544}}
Mar 26 14:25:00 ubuntu devstack@keystone.service[80516]: DEBUG keystone.server.flask.request_processing.middleware.auth_context [None req-e4b88309-fe56-4056-bdab-2aa90b061e96 None admin] RBAC: auth_context: {'token': <TokenModel (audit_id=gF7xfFiDQoK1ZPRuhdsaFA, audit_chain_id=['gF7xfFiDQoK1ZPRuhdsaFA']) at 0x7fb31d3087f0>, 'domain_id': None, 'trust_id': None, 'trustor_id': None, 'trustee_id': None, 'domain_name': None, 'group_ids': [], 'user_id': '8a02c758a9d5496e99383ef3c56fc197', 'user_domain_id': 'default', 'system_scope': 'all', 'project_id': None, 'project_domain_id': None, 'roles': ['admin', 'manager', 'member', 'reader'], 'is_admin_project': True, 'service_user_id': None, 'service_user_domain_id': None, 'service_project_id': None, 'service_project_domain_id': None, 'service_roles': []} {{(pid=80516) fill_context /opt/stack/keystone/keystone/server/flask/request_processing/middleware/auth_context.py:506}}
Mar 26 14:25:00 ubuntu devstack@keystone.service[80516]: DEBUG keystone.server.flask.request_processing.req_logging [None req-e4b88309-fe56-4056-bdab-2aa90b061e96 None admin] REQUEST_METHOD: `GET` {{(pid=80516) log_request_info /opt/stack/keystone/keystone/server/flask/request_processing/req_logging.py:26}}
Mar 26 14:25:00 ubuntu devstack@keystone.service[80516]: DEBUG keystone.server.flask.request_processing.req_logging [None req-e4b88309-fe56-4056-bdab-2aa90b061e96 None admin] SCRIPT_NAME: `/identity` {{(pid=80516) log_request_info /opt/stack/keystone/keystone/server/flask/request_processing/req_logging.py:27}}
Mar 26 14:25:00 ubuntu devstack@keystone.service[80516]: DEBUG keystone.server.flask.request_processing.req_logging [None req-e4b88309-fe56-4056-bdab-2aa90b061e96 None admin] PATH_INFO: `/v3/roles/service` {{(pid=80516) log_request_info /opt/stack/keystone/keystone/server/flask/request_processing/req_logging.py:28}}
Mar 26 14:25:00 ubuntu devstack@keystone.service[80516]: DEBUG keystone.common.rbac_enforcer.enforcer [None req-e4b88309-fe56-4056-bdab-2aa90b061e96 None admin] Extracting inferred target data resulted in "NOT FOUND (404)". {{(pid=80516) enforce_call /opt/stack/keystone/keystone/common/rbac_enforcer/enforcer.py:445}}
Mar 26 14:25:00 ubuntu devstack@keystone.service[80516]: DEBUG keystone.server.flask.application [None req-e4b88309-fe56-4056-bdab-2aa90b061e96 None admin] Could not find role: service. {{(pid=80516) _handle_keystone_exception /opt/stack/keystone/keystone/server/flask/application.py:152}}
Mar 26 14:25:00 ubuntu devstack@keystone.service[80516]: [pid: 80516|app: 0|req: 21/39] 10.201.5.82 () {56 vars in 1138 bytes} [Wed Mar 26 14:25:00 2025] GET /identity/v3/roles/service => generated 85 bytes in 70 msecs (HTTP/1.1 404) 5 headers in 183 bytes (1 switches on core 0)
Mar 26 14:25:00 ubuntu devstack@keystone.service[80516]: DEBUG keystone.server.flask.request_processing.middleware.auth_context [None req-e4b88309-fe56-4056-bdab-2aa90b061e96 None admin] Authenticating user token {{(pid=80516) process_request /opt/stack/data/venv/lib/python3.10/site-packages/keystonemiddleware/auth_token/__init__.py:406}}
Mar 26 14:25:00 ubuntu devstack@keystone.service[80517]: DEBUG keystone.server.flask.request_processing.middleware.auth_context [None req-d9320083-e157-4122-bb73-1a970109db14 None admin] Validating token access rules against request {{(pid=80517) validate_allowed_request /opt/stack/data/venv/lib/python3.10/site-packages/keystonemiddleware/auth_token/__init__.py:544}}
Mar 26 14:25:00 ubuntu devstack@keystone.service[80516]: DEBUG keystone.server.flask.request_processing.middleware.auth_context [None req-e4b88309-fe56-4056-bdab-2aa90b061e96 None admin] Validating token access rules against request {{(pid=80516) validate_allowed_request /opt/stack/data/venv/lib/python3.10/site-packages/keystonemiddleware/auth_token/__init__.py:544}}
Mar 26 14:25:00 ubuntu devstack@keystone.service[80517]: DEBUG keystone.server.flask.request_processing.middleware.auth_context [None req-48daf89c-0bcb-4541-b880-1f88803f7776 None admin] RBAC: auth_context: {'token': <TokenModel (audit_id=KsyrsISqTKGvKEUiRB3brg, audit_chain_id=['KsyrsISqTKGvKEUiRB3brg']) at 0x7fb31d59faf0>, 'domain_id': None, 'trust_id': None, 'trustor_id': None, 'trustee_id': None, 'domain_name': None, 'group_ids': [], 'user_id': '8a02c758a9d5496e99383ef3c56fc197', 'user_domain_id': 'default', 'system_scope': 'all', 'project_id': None, 'project_domain_id': None, 'roles': ['admin', 'manager', 'member', 'reader'], 'is_admin_project': True, 'service_user_id': None, 'service_user_domain_id': None, 'service_project_id': None, 'service_project_domain_id': None, 'service_roles': []} {{(pid=80517) fill_context /opt/stack/keystone/keystone/server/flask/request_processing/middleware/auth_context.py:506}}
Mar 26 14:25:00 ubuntu devstack@keystone.service[80516]: DEBUG keystone.server.flask.request_processing.middleware.auth_context [None req-b3c4db74-0fe0-447c-9203-56ef4151bb84 None admin] RBAC: auth_context: {'token': <TokenModel (audit_id=gF7xfFiDQoK1ZPRuhdsaFA, audit_chain_id=['gF7xfFiDQoK1ZPRuhdsaFA']) at 0x7fb31d2bb2b0>, 'domain_id': None, 'trust_id': None, 'trustor_id': None, 'trustee_id': None, 'domain_name': None, 'group_ids': [], 'user_id': '8a02c758a9d5496e99383ef3c56fc197', 'user_domain_id': 'default', 'system_scope': 'all', 'project_id': None, 'project_domain_id': None, 'roles': ['admin', 'manager', 'member', 'reader'], 'is_admin_project': True, 'service_user_id': None, 'service_user_domain_id': None, 'service_project_id': None, 'service_project_domain_id': None, 'service_roles': []} {{(pid=80516) fill_context /opt/stack/keystone/keystone/server/flask/request_processing/middleware/auth_context.py:506}}
Mar 26 14:25:00 ubuntu devstack@keystone.service[80516]: DEBUG keystone.server.flask.request_processing.req_logging [None req-b3c4db74-0fe0-447c-9203-56ef4151bb84 None admin] REQUEST_METHOD: `GET` {{(pid=80516) log_request_info /opt/stack/keystone/keystone/server/flask/request_processing/req_logging.py:26}}
Mar 26 14:25:00 ubuntu devstack@keystone.service[80516]: DEBUG keystone.server.flask.request_processing.req_logging [None req-b3c4db74-0fe0-447c-9203-56ef4151bb84 None admin] SCRIPT_NAME: `/identity` {{(pid=80516) log_request_info /opt/stack/keystone/keystone/server/flask/request_processing/req_logging.py:27}}
Mar 26 14:25:00 ubuntu devstack@keystone.service[80516]: DEBUG keystone.server.flask.request_processing.req_logging [None req-b3c4db74-0fe0-447c-9203-56ef4151bb84 None admin] PATH_INFO: `/v3/roles` {{(pid=80516) log_request_info /opt/stack/keystone/keystone/server/flask/request_processing/req_logging.py:28}}
Mar 26 14:25:00 ubuntu devstack@keystone.service[80517]: DEBUG keystone.server.flask.request_processing.req_logging [None req-48daf89c-0bcb-4541-b880-1f88803f7776 None admin] REQUEST_METHOD: `POST` {{(pid=80517) log_request_info /opt/stack/keystone/keystone/server/flask/request_processing/req_logging.py:26}}
Mar 26 14:25:00 ubuntu devstack@keystone.service[80517]: DEBUG keystone.server.flask.request_processing.req_logging [None req-48daf89c-0bcb-4541-b880-1f88803f7776 None admin] SCRIPT_NAME: `/identity` {{(pid=80517) log_request_info /opt/stack/keystone/keystone/server/flask/request_processing/req_logging.py:27}}
Mar 26 14:25:00 ubuntu devstack@keystone.service[80517]: DEBUG keystone.server.flask.request_processing.req_logging [None req-48daf89c-0bcb-4541-b880-1f88803f7776 None admin] PATH_INFO: `/v3/roles` {{(pid=80517) log_request_info /opt/stack/keystone/keystone/server/flask/request_processing/req_logging.py:28}}
Mar 26 14:25:00 ubuntu devstack@keystone.service[80516]: DEBUG keystone.common.rbac_enforcer.enforcer [None req-b3c4db74-0fe0-447c-9203-56ef4151bb84 None admin] RBAC: Adding query filter params (name=service) {{(pid=80516) _extract_filter_values /opt/stack/keystone/keystone/common/rbac_enforcer/enforcer.py:176}}
Mar 26 14:25:00 ubuntu devstack@keystone.service[80516]: DEBUG keystone.common.rbac_enforcer.enforcer [None req-b3c4db74-0fe0-447c-9203-56ef4151bb84 None admin] RBAC: Authorizing `identity:list_roles()` {{(pid=80516) enforce_call /opt/stack/keystone/keystone/common/rbac_enforcer/enforcer.py:495}}
Mar 26 14:25:00 ubuntu devstack@keystone.service[80517]: DEBUG keystone.common.rbac_enforcer.enforcer [None req-48daf89c-0bcb-4541-b880-1f88803f7776 None admin] RBAC: Authorizing `identity:create_role()` {{(pid=80517) enforce_call /opt/stack/keystone/keystone/common/rbac_enforcer/enforcer.py:495}}
Mar 26 14:25:00 ubuntu devstack@keystone.service[80516]: DEBUG keystone.common.rbac_enforcer.enforcer [None req-b3c4db74-0fe0-447c-9203-56ef4151bb84 None admin] RBAC: Authorization granted {{(pid=80516) enforce_call /opt/stack/keystone/keystone/common/rbac_enforcer/enforcer.py:506}}
Mar 26 14:25:00 ubuntu devstack@keystone.service[80517]: DEBUG keystone.common.rbac_enforcer.enforcer [None req-48daf89c-0bcb-4541-b880-1f88803f7776 None admin] RBAC: Authorization granted {{(pid=80517) enforce_call /opt/stack/keystone/keystone/common/rbac_enforcer/enforcer.py:506}}
Mar 26 14:25:00 ubuntu devstack@keystone.service[80516]: [pid: 80516|app: 0|req: 22/40] 10.201.5.82 () {56 vars in 1152 bytes} [Wed Mar 26 14:25:00 2025] GET /identity/v3/roles?name=service => generated 343 bytes in 67 msecs (HTTP/1.1 200) 5 headers in 177 bytes (1 switches on core 0)
Mar 26 14:25:00 ubuntu devstack@keystone.service[80517]: [pid: 80517|app: 0|req: 19/41] 10.201.5.82 () {60 vars in 1167 bytes} [Wed Mar 26 14:25:00 2025] POST /identity/v3/roles => generated 225 bytes in 124 msecs (HTTP/1.1 201) 5 headers in 182 bytes (2 switches on core 0)
Mar 26 14:25:00 ubuntu devstack@keystone.service[80516]: DEBUG keystone.server.flask.request_processing.req_logging [None req-e1ba8d89-d3b8-4c2d-aa17-3cf623976c3b None None] REQUEST_METHOD: `GET` {{(pid=80516) log_request_info /opt/stack/keystone/keystone/server/flask/request_processing/req_logging.py:26}}
Mar 26 14:25:00 ubuntu devstack@keystone.service[80516]: DEBUG keystone.server.flask.request_processing.req_logging [None req-e1ba8d89-d3b8-4c2d-aa17-3cf623976c3b None None] SCRIPT_NAME: `/identity` {{(pid=80516) log_request_info /opt/stack/keystone/keystone/server/flask/request_processing/req_logging.py:27}}
Mar 26 14:25:00 ubuntu devstack@keystone.service[80516]: DEBUG keystone.server.flask.request_processing.req_logging [None req-e1ba8d89-d3b8-4c2d-aa17-3cf623976c3b None None] PATH_INFO: `/` {{(pid=80516) log_request_info /opt/stack/keystone/keystone/server/flask/request_processing/req_logging.py:28}}
Mar 26 14:25:00 ubuntu devstack@keystone.service[80516]: [pid: 80516|app: 0|req: 23/42] 10.201.5.82 () {54 vars in 919 bytes} [Wed Mar 26 14:25:00 2025] GET /identity => generated 270 bytes in 2 msecs (HTTP/1.1 300) 6 headers in 234 bytes (1 switches on core 0)
Mar 26 14:25:00 ubuntu devstack@keystone.service[80517]: DEBUG keystone.server.flask.request_processing.req_logging [None req-c6c16f55-e7ee-4501-9bea-236309eb9670 None None] REQUEST_METHOD: `POST` {{(pid=80517) log_request_info /opt/stack/keystone/keystone/server/flask/request_processing/req_logging.py:26}}
Mar 26 14:25:00 ubuntu devstack@keystone.service[80517]: DEBUG keystone.server.flask.request_processing.req_logging [None req-c6c16f55-e7ee-4501-9bea-236309eb9670 None None] SCRIPT_NAME: `/identity` {{(pid=80517) log_request_info /opt/stack/keystone/keystone/server/flask/request_processing/req_logging.py:27}}
Mar 26 14:25:00 ubuntu devstack@keystone.service[80517]: DEBUG keystone.server.flask.request_processing.req_logging [None req-c6c16f55-e7ee-4501-9bea-236309eb9670 None None] PATH_INFO: `/v3/auth/tokens` {{(pid=80517) log_request_info /opt/stack/keystone/keystone/server/flask/request_processing/req_logging.py:28}}
Mar 26 14:25:00 ubuntu devstack@keystone.service[80517]: WARNING keystone.common.password_hashing [None req-c6c16f55-e7ee-4501-9bea-236309eb9670 None None] Truncating password to algorithm specific maximum length 72 characters.
Mar 26 14:25:00 ubuntu devstack@keystone.service[80517]: DEBUG keystone.auth.core [None req-c6c16f55-e7ee-4501-9bea-236309eb9670 None None] MFA Rules not processed for user `8a02c758a9d5496e99383ef3c56fc197`. Rule list: `[]` (Enabled: `True`). {{(pid=80517) check_auth_methods_against_rules /opt/stack/keystone/keystone/auth/core.py:476}}
Mar 26 14:25:00 ubuntu devstack@keystone.service[80517]: DEBUG keystone.common.fernet_utils [None req-c6c16f55-e7ee-4501-9bea-236309eb9670 None None] Loaded 2 Fernet keys from /etc/keystone/fernet-keys/, but `[fernet_tokens] max_active_keys = 3`; perhaps there have not been enough key rotations to reach `max_active_keys` yet? {{(pid=80517) load_keys /opt/stack/keystone/keystone/common/fernet_utils.py:297}}
Mar 26 14:25:00 ubuntu devstack@keystone.service[80517]: [pid: 80517|app: 0|req: 20/43] 10.201.5.82 () {58 vars in 1016 bytes} [Wed Mar 26 14:25:00 2025] POST /identity/v3/auth/tokens => generated 862 bytes in 56 msecs (HTTP/1.1 201) 6 headers in 363 bytes (1 switches on core 0)
Mar 26 14:25:00 ubuntu devstack@keystone.service[80516]: DEBUG keystone.server.flask.request_processing.req_logging [None req-6c38e83b-fc6b-45cf-a8a2-7e6d0ce83eb1 None None] REQUEST_METHOD: `GET` {{(pid=80516) log_request_info /opt/stack/keystone/keystone/server/flask/request_processing/req_logging.py:26}}
Mar 26 14:25:00 ubuntu devstack@keystone.service[80516]: DEBUG keystone.server.flask.request_processing.req_logging [None req-6c38e83b-fc6b-45cf-a8a2-7e6d0ce83eb1 None None] SCRIPT_NAME: `/identity` {{(pid=80516) log_request_info /opt/stack/keystone/keystone/server/flask/request_processing/req_logging.py:27}}
Mar 26 14:25:00 ubuntu devstack@keystone.service[80516]: DEBUG keystone.server.flask.request_processing.req_logging [None req-6c38e83b-fc6b-45cf-a8a2-7e6d0ce83eb1 None None] PATH_INFO: `/` {{(pid=80516) log_request_info /opt/stack/keystone/keystone/server/flask/request_processing/req_logging.py:28}}
Mar 26 14:25:00 ubuntu devstack@keystone.service[80516]: [pid: 80516|app: 0|req: 24/44] 10.201.5.82 () {54 vars in 919 bytes} [Wed Mar 26 14:25:00 2025] GET /identity => generated 270 bytes in 5 msecs (HTTP/1.1 300) 6 headers in 234 bytes (1 switches on core 0)
Mar 26 14:25:00 ubuntu devstack@keystone.service[80517]: DEBUG keystone.server.flask.request_processing.req_logging [None req-4ba58fbb-44ef-4e06-95c3-eb9a7eedb701 None None] REQUEST_METHOD: `POST` {{(pid=80517) log_request_info /opt/stack/keystone/keystone/server/flask/request_processing/req_logging.py:26}}
Mar 26 14:25:00 ubuntu devstack@keystone.service[80517]: DEBUG keystone.server.flask.request_processing.req_logging [None req-4ba58fbb-44ef-4e06-95c3-eb9a7eedb701 None None] SCRIPT_NAME: `/identity` {{(pid=80517) log_request_info /opt/stack/keystone/keystone/server/flask/request_processing/req_logging.py:27}}
Mar 26 14:25:00 ubuntu devstack@keystone.service[80517]: DEBUG keystone.server.flask.request_processing.req_logging [None req-4ba58fbb-44ef-4e06-95c3-eb9a7eedb701 None None] PATH_INFO: `/v3/auth/tokens` {{(pid=80517) log_request_info /opt/stack/keystone/keystone/server/flask/request_processing/req_logging.py:28}}
Mar 26 14:25:00 ubuntu devstack@keystone.service[80517]: WARNING keystone.common.password_hashing [None req-4ba58fbb-44ef-4e06-95c3-eb9a7eedb701 None None] Truncating password to algorithm specific maximum length 72 characters.
Mar 26 14:25:00 ubuntu devstack@keystone.service[80516]: DEBUG keystone.server.flask.request_processing.middleware.auth_context [None req-6c38e83b-fc6b-45cf-a8a2-7e6d0ce83eb1 None None] Authenticating user token {{(pid=80516) process_request /opt/stack/data/venv/lib/python3.10/site-packages/keystonemiddleware/auth_token/__init__.py:406}}
Mar 26 14:25:00 ubuntu devstack@keystone.service[80517]: DEBUG keystone.auth.core [None req-4ba58fbb-44ef-4e06-95c3-eb9a7eedb701 None None] MFA Rules not processed for user `8a02c758a9d5496e99383ef3c56fc197`. Rule list: `[]` (Enabled: `True`). {{(pid=80517) check_auth_methods_against_rules /opt/stack/keystone/keystone/auth/core.py:476}}
Mar 26 14:25:00 ubuntu devstack@keystone.service[80517]: DEBUG keystone.common.fernet_utils [None req-4ba58fbb-44ef-4e06-95c3-eb9a7eedb701 None None] Loaded 2 Fernet keys from /etc/keystone/fernet-keys/, but `[fernet_tokens] max_active_keys = 3`; perhaps there have not been enough key rotations to reach `max_active_keys` yet? {{(pid=80517) load_keys /opt/stack/keystone/keystone/common/fernet_utils.py:297}}
Mar 26 14:25:00 ubuntu devstack@keystone.service[80517]: [pid: 80517|app: 0|req: 21/45] 10.201.5.82 () {58 vars in 1016 bytes} [Wed Mar 26 14:25:00 2025] POST /identity/v3/auth/tokens => generated 862 bytes in 69 msecs (HTTP/1.1 201) 6 headers in 363 bytes (2 switches on core 0)
Mar 26 14:25:00 ubuntu devstack@keystone.service[80516]: DEBUG keystone.server.flask.request_processing.middleware.auth_context [None req-6c38e83b-fc6b-45cf-a8a2-7e6d0ce83eb1 None None] Validating token access rules against request {{(pid=80516) validate_allowed_request /opt/stack/data/venv/lib/python3.10/site-packages/keystonemiddleware/auth_token/__init__.py:544}}
Mar 26 14:25:00 ubuntu devstack@keystone.service[80516]: DEBUG keystone.server.flask.request_processing.middleware.auth_context [None req-fdf12552-a143-4c23-8de7-7bd4adc2ee34 None admin] RBAC: auth_context: {'token': <TokenModel (audit_id=5rVXbeB1RQaEIZS-OrDyEw, audit_chain_id=['5rVXbeB1RQaEIZS-OrDyEw']) at 0x7fb31d2baec0>, 'domain_id': None, 'trust_id': None, 'trustor_id': None, 'trustee_id': None, 'domain_name': None, 'group_ids': [], 'user_id': '8a02c758a9d5496e99383ef3c56fc197', 'user_domain_id': 'default', 'system_scope': 'all', 'project_id': None, 'project_domain_id': None, 'roles': ['admin', 'manager', 'member', 'reader'], 'is_admin_project': True, 'service_user_id': None, 'service_user_domain_id': None, 'service_project_id': None, 'service_project_domain_id': None, 'service_roles': []} {{(pid=80516) fill_context /opt/stack/keystone/keystone/server/flask/request_processing/middleware/auth_context.py:506}}
Mar 26 14:25:00 ubuntu devstack@keystone.service[80516]: DEBUG keystone.server.flask.request_processing.req_logging [None req-fdf12552-a143-4c23-8de7-7bd4adc2ee34 None admin] REQUEST_METHOD: `POST` {{(pid=80516) log_request_info /opt/stack/keystone/keystone/server/flask/request_processing/req_logging.py:26}}
Mar 26 14:25:00 ubuntu devstack@keystone.service[80516]: DEBUG keystone.server.flask.request_processing.req_logging [None req-fdf12552-a143-4c23-8de7-7bd4adc2ee34 None admin] SCRIPT_NAME: `/identity` {{(pid=80516) log_request_info /opt/stack/keystone/keystone/server/flask/request_processing/req_logging.py:27}}
Mar 26 14:25:00 ubuntu devstack@keystone.service[80516]: DEBUG keystone.server.flask.request_processing.req_logging [None req-fdf12552-a143-4c23-8de7-7bd4adc2ee34 None admin] PATH_INFO: `/v3/roles` {{(pid=80516) log_request_info /opt/stack/keystone/keystone/server/flask/request_processing/req_logging.py:28}}
Mar 26 14:25:00 ubuntu devstack@keystone.service[80516]: DEBUG keystone.common.rbac_enforcer.enforcer [None req-fdf12552-a143-4c23-8de7-7bd4adc2ee34 None admin] RBAC: Authorizing `identity:create_role()` {{(pid=80516) enforce_call /opt/stack/keystone/keystone/common/rbac_enforcer/enforcer.py:495}}
Mar 26 14:25:00 ubuntu devstack@keystone.service[80516]: DEBUG keystone.common.rbac_enforcer.enforcer [None req-fdf12552-a143-4c23-8de7-7bd4adc2ee34 None admin] RBAC: Authorization granted {{(pid=80516) enforce_call /opt/stack/keystone/keystone/common/rbac_enforcer/enforcer.py:506}}
Mar 26 14:25:00 ubuntu devstack@keystone.service[80517]: DEBUG keystone.server.flask.request_processing.middleware.auth_context [None req-4ba58fbb-44ef-4e06-95c3-eb9a7eedb701 None None] Authenticating user token {{(pid=80517) process_request /opt/stack/data/venv/lib/python3.10/site-packages/keystonemiddleware/auth_token/__init__.py:406}}
Mar 26 14:25:00 ubuntu devstack@keystone.service[80516]: [pid: 80516|app: 0|req: 25/46] 10.201.5.82 () {60 vars in 1167 bytes} [Wed Mar 26 14:25:00 2025] POST /identity/v3/roles => generated 223 bytes in 144 msecs (HTTP/1.1 201) 5 headers in 182 bytes (1 switches on core 0)
Mar 26 14:25:00 ubuntu devstack@keystone.service[80517]: DEBUG keystone.server.flask.request_processing.middleware.auth_context [None req-4ba58fbb-44ef-4e06-95c3-eb9a7eedb701 None None] Validating token access rules against request {{(pid=80517) validate_allowed_request /opt/stack/data/venv/lib/python3.10/site-packages/keystonemiddleware/auth_token/__init__.py:544}}
Mar 26 14:25:00 ubuntu devstack@keystone.service[80517]: DEBUG keystone.server.flask.request_processing.middleware.auth_context [None req-aa222a0b-a13c-4044-adb4-b74340b7bbfd None admin] RBAC: auth_context: {'token': <TokenModel (audit_id=fNyM4awqTFaelAQ5gsrf2A, audit_chain_id=['fNyM4awqTFaelAQ5gsrf2A']) at 0x7fb31e013790>, 'domain_id': None, 'trust_id': None, 'trustor_id': None, 'trustee_id': None, 'domain_name': None, 'group_ids': [], 'user_id': '8a02c758a9d5496e99383ef3c56fc197', 'user_domain_id': 'default', 'system_scope': 'all', 'project_id': None, 'project_domain_id': None, 'roles': ['admin', 'manager', 'member', 'reader'], 'is_admin_project': True, 'service_user_id': None, 'service_user_domain_id': None, 'service_project_id': None, 'service_project_domain_id': None, 'service_roles': []} {{(pid=80517) fill_context /opt/stack/keystone/keystone/server/flask/request_processing/middleware/auth_context.py:506}}
Mar 26 14:25:00 ubuntu devstack@keystone.service[80517]: DEBUG keystone.server.flask.request_processing.req_logging [None req-aa222a0b-a13c-4044-adb4-b74340b7bbfd None admin] REQUEST_METHOD: `GET` {{(pid=80517) log_request_info /opt/stack/keystone/keystone/server/flask/request_processing/req_logging.py:26}}
Mar 26 14:25:00 ubuntu devstack@keystone.service[80517]: DEBUG keystone.server.flask.request_processing.req_logging [None req-aa222a0b-a13c-4044-adb4-b74340b7bbfd None admin] SCRIPT_NAME: `/identity` {{(pid=80517) log_request_info /opt/stack/keystone/keystone/server/flask/request_processing/req_logging.py:27}}
Mar 26 14:25:00 ubuntu devstack@keystone.service[80517]: DEBUG keystone.server.flask.request_processing.req_logging [None req-aa222a0b-a13c-4044-adb4-b74340b7bbfd None admin] PATH_INFO: `/v3/domains/default` {{(pid=80517) log_request_info /opt/stack/keystone/keystone/server/flask/request_processing/req_logging.py:28}}
Mar 26 14:25:00 ubuntu devstack@keystone.service[80517]: DEBUG keystone.common.rbac_enforcer.enforcer [None req-aa222a0b-a13c-4044-adb4-b74340b7bbfd None admin] RBAC: Authorizing `identity:get_domain(domain_id=default)` {{(pid=80517) enforce_call /opt/stack/keystone/keystone/common/rbac_enforcer/enforcer.py:495}}
Mar 26 14:25:00 ubuntu devstack@keystone.service[80517]: DEBUG keystone.common.rbac_enforcer.enforcer [None req-aa222a0b-a13c-4044-adb4-b74340b7bbfd None admin] RBAC: Authorization granted {{(pid=80517) enforce_call /opt/stack/keystone/keystone/common/rbac_enforcer/enforcer.py:506}}
Mar 26 14:25:00 ubuntu devstack@keystone.service[80517]: [pid: 80517|app: 0|req: 22/47] 10.201.5.82 () {56 vars in 1100 bytes} [Wed Mar 26 14:25:00 2025] GET /identity/v3/domains/default => generated 199 bytes in 60 msecs (HTTP/1.1 200) 5 headers in 177 bytes (1 switches on core 0)
Mar 26 14:25:00 ubuntu devstack@keystone.service[80516]: DEBUG keystone.server.flask.request_processing.middleware.auth_context [None req-fdf12552-a143-4c23-8de7-7bd4adc2ee34 None admin] Authenticating user token {{(pid=80516) process_request /opt/stack/data/venv/lib/python3.10/site-packages/keystonemiddleware/auth_token/__init__.py:406}}
Mar 26 14:25:00 ubuntu devstack@keystone.service[80516]: DEBUG keystone.server.flask.request_processing.middleware.auth_context [None req-fdf12552-a143-4c23-8de7-7bd4adc2ee34 None admin] Validating token access rules against request {{(pid=80516) validate_allowed_request /opt/stack/data/venv/lib/python3.10/site-packages/keystonemiddleware/auth_token/__init__.py:544}}
Mar 26 14:25:00 ubuntu devstack@keystone.service[80516]: DEBUG keystone.server.flask.request_processing.middleware.auth_context [None req-a8c8e26f-64d5-488b-b1f0-f04258dedc57 None admin] RBAC: auth_context: {'token': <TokenModel (audit_id=fNyM4awqTFaelAQ5gsrf2A, audit_chain_id=['fNyM4awqTFaelAQ5gsrf2A']) at 0x7fb31d30b280>, 'domain_id': None, 'trust_id': None, 'trustor_id': None, 'trustee_id': None, 'domain_name': None, 'group_ids': [], 'user_id': '8a02c758a9d5496e99383ef3c56fc197', 'user_domain_id': 'default', 'system_scope': 'all', 'project_id': None, 'project_domain_id': None, 'roles': ['admin', 'manager', 'member', 'reader'], 'is_admin_project': True, 'service_user_id': None, 'service_user_domain_id': None, 'service_project_id': None, 'service_project_domain_id': None, 'service_roles': []} {{(pid=80516) fill_context /opt/stack/keystone/keystone/server/flask/request_processing/middleware/auth_context.py:506}}
Mar 26 14:25:00 ubuntu devstack@keystone.service[80516]: DEBUG keystone.server.flask.request_processing.req_logging [None req-a8c8e26f-64d5-488b-b1f0-f04258dedc57 None admin] REQUEST_METHOD: `POST` {{(pid=80516) log_request_info /opt/stack/keystone/keystone/server/flask/request_processing/req_logging.py:26}}
Mar 26 14:25:00 ubuntu devstack@keystone.service[80516]: DEBUG keystone.server.flask.request_processing.req_logging [None req-a8c8e26f-64d5-488b-b1f0-f04258dedc57 None admin] SCRIPT_NAME: `/identity` {{(pid=80516) log_request_info /opt/stack/keystone/keystone/server/flask/request_processing/req_logging.py:27}}
Mar 26 14:25:00 ubuntu devstack@keystone.service[80516]: DEBUG keystone.server.flask.request_processing.req_logging [None req-a8c8e26f-64d5-488b-b1f0-f04258dedc57 None admin] PATH_INFO: `/v3/projects` {{(pid=80516) log_request_info /opt/stack/keystone/keystone/server/flask/request_processing/req_logging.py:28}}
Mar 26 14:25:00 ubuntu devstack@keystone.service[80516]: DEBUG keystone.common.rbac_enforcer.enforcer [None req-a8c8e26f-64d5-488b-b1f0-f04258dedc57 None admin] RBAC: Authorizing `identity:create_project()` {{(pid=80516) enforce_call /opt/stack/keystone/keystone/common/rbac_enforcer/enforcer.py:495}}
Mar 26 14:25:00 ubuntu devstack@keystone.service[80516]: DEBUG keystone.common.rbac_enforcer.enforcer [None req-a8c8e26f-64d5-488b-b1f0-f04258dedc57 None admin] RBAC: Authorization granted {{(pid=80516) enforce_call /opt/stack/keystone/keystone/common/rbac_enforcer/enforcer.py:506}}
Mar 26 14:25:01 ubuntu devstack@keystone.service[80516]: [pid: 80516|app: 0|req: 26/48] 10.201.5.82 () {60 vars in 1133 bytes} [Wed Mar 26 14:25:00 2025] POST /identity/v3/projects => generated 312 bytes in 87 msecs (HTTP/1.1 201) 5 headers in 182 bytes (1 switches on core 0)
Mar 26 14:25:02 ubuntu devstack@keystone.service[80517]: DEBUG keystone.server.flask.request_processing.req_logging [None req-6549c8a2-5bbf-4763-b76d-4e6ba570d027 None None] REQUEST_METHOD: `GET` {{(pid=80517) log_request_info /opt/stack/keystone/keystone/server/flask/request_processing/req_logging.py:26}}
Mar 26 14:25:02 ubuntu devstack@keystone.service[80517]: DEBUG keystone.server.flask.request_processing.req_logging [None req-6549c8a2-5bbf-4763-b76d-4e6ba570d027 None None] SCRIPT_NAME: `/identity` {{(pid=80517) log_request_info /opt/stack/keystone/keystone/server/flask/request_processing/req_logging.py:27}}
Mar 26 14:25:02 ubuntu devstack@keystone.service[80517]: DEBUG keystone.server.flask.request_processing.req_logging [None req-6549c8a2-5bbf-4763-b76d-4e6ba570d027 None None] PATH_INFO: `/` {{(pid=80517) log_request_info /opt/stack/keystone/keystone/server/flask/request_processing/req_logging.py:28}}
Mar 26 14:25:02 ubuntu devstack@keystone.service[80517]: [pid: 80517|app: 0|req: 23/49] 10.201.5.82 () {54 vars in 919 bytes} [Wed Mar 26 14:25:02 2025] GET /identity => generated 270 bytes in 5 msecs (HTTP/1.1 300) 6 headers in 234 bytes (1 switches on core 0)
Mar 26 14:25:02 ubuntu devstack@keystone.service[80516]: DEBUG keystone.server.flask.request_processing.req_logging [None req-5bfa14fd-1570-4855-b9fa-b5c4850e855e None None] REQUEST_METHOD: `POST` {{(pid=80516) log_request_info /opt/stack/keystone/keystone/server/flask/request_processing/req_logging.py:26}}
Mar 26 14:25:02 ubuntu devstack@keystone.service[80516]: DEBUG keystone.server.flask.request_processing.req_logging [None req-5bfa14fd-1570-4855-b9fa-b5c4850e855e None None] SCRIPT_NAME: `/identity` {{(pid=80516) log_request_info /opt/stack/keystone/keystone/server/flask/request_processing/req_logging.py:27}}
Mar 26 14:25:02 ubuntu devstack@keystone.service[80516]: DEBUG keystone.server.flask.request_processing.req_logging [None req-5bfa14fd-1570-4855-b9fa-b5c4850e855e None None] PATH_INFO: `/v3/auth/tokens` {{(pid=80516) log_request_info /opt/stack/keystone/keystone/server/flask/request_processing/req_logging.py:28}}
Mar 26 14:25:02 ubuntu devstack@keystone.service[80516]: WARNING keystone.common.password_hashing [None req-5bfa14fd-1570-4855-b9fa-b5c4850e855e None None] Truncating password to algorithm specific maximum length 72 characters.
Mar 26 14:25:02 ubuntu devstack@keystone.service[80516]: DEBUG keystone.auth.core [None req-5bfa14fd-1570-4855-b9fa-b5c4850e855e None None] MFA Rules not processed for user `8a02c758a9d5496e99383ef3c56fc197`. Rule list: `[]` (Enabled: `True`). {{(pid=80516) check_auth_methods_against_rules /opt/stack/keystone/keystone/auth/core.py:476}}
Mar 26 14:25:02 ubuntu devstack@keystone.service[80516]: DEBUG keystone.common.fernet_utils [None req-5bfa14fd-1570-4855-b9fa-b5c4850e855e None None] Loaded 2 Fernet keys from /etc/keystone/fernet-keys/, but `[fernet_tokens] max_active_keys = 3`; perhaps there have not been enough key rotations to reach `max_active_keys` yet? {{(pid=80516) load_keys /opt/stack/keystone/keystone/common/fernet_utils.py:297}}
Mar 26 14:25:02 ubuntu devstack@keystone.service[80516]: [pid: 80516|app: 0|req: 27/50] 10.201.5.82 () {58 vars in 1016 bytes} [Wed Mar 26 14:25:02 2025] POST /identity/v3/auth/tokens => generated 862 bytes in 75 msecs (HTTP/1.1 201) 6 headers in 363 bytes (1 switches on core 0)
Mar 26 14:25:02 ubuntu devstack@keystone.service[80517]: DEBUG keystone.server.flask.request_processing.middleware.auth_context [None req-6549c8a2-5bbf-4763-b76d-4e6ba570d027 None None] Authenticating user token {{(pid=80517) process_request /opt/stack/data/venv/lib/python3.10/site-packages/keystonemiddleware/auth_token/__init__.py:406}}
Mar 26 14:25:02 ubuntu devstack@keystone.service[80517]: DEBUG keystone.server.flask.request_processing.middleware.auth_context [None req-6549c8a2-5bbf-4763-b76d-4e6ba570d027 None None] Validating token access rules against request {{(pid=80517) validate_allowed_request /opt/stack/data/venv/lib/python3.10/site-packages/keystonemiddleware/auth_token/__init__.py:544}}
Mar 26 14:25:02 ubuntu devstack@keystone.service[80517]: DEBUG keystone.server.flask.request_processing.middleware.auth_context [None req-762bd9e2-2137-499f-9272-3e4192d15eb6 None admin] RBAC: auth_context: {'token': <TokenModel (audit_id=ssfy3uJgTwmmMXzIULrHxA, audit_chain_id=['ssfy3uJgTwmmMXzIULrHxA']) at 0x7fb31d5d2140>, 'domain_id': None, 'trust_id': None, 'trustor_id': None, 'trustee_id': None, 'domain_name': None, 'group_ids': [], 'user_id': '8a02c758a9d5496e99383ef3c56fc197', 'user_domain_id': 'default', 'system_scope': 'all', 'project_id': None, 'project_domain_id': None, 'roles': ['admin', 'manager', 'member', 'reader'], 'is_admin_project': True, 'service_user_id': None, 'service_user_domain_id': None, 'service_project_id': None, 'service_project_domain_id': None, 'service_roles': []} {{(pid=80517) fill_context /opt/stack/keystone/keystone/server/flask/request_processing/middleware/auth_context.py:506}}
Mar 26 14:25:02 ubuntu devstack@keystone.service[80517]: DEBUG keystone.server.flask.request_processing.req_logging [None req-762bd9e2-2137-499f-9272-3e4192d15eb6 None admin] REQUEST_METHOD: `GET` {{(pid=80517) log_request_info /opt/stack/keystone/keystone/server/flask/request_processing/req_logging.py:26}}
Mar 26 14:25:02 ubuntu devstack@keystone.service[80517]: DEBUG keystone.server.flask.request_processing.req_logging [None req-762bd9e2-2137-499f-9272-3e4192d15eb6 None admin] SCRIPT_NAME: `/identity` {{(pid=80517) log_request_info /opt/stack/keystone/keystone/server/flask/request_processing/req_logging.py:27}}
Mar 26 14:25:02 ubuntu devstack@keystone.service[80517]: DEBUG keystone.server.flask.request_processing.req_logging [None req-762bd9e2-2137-499f-9272-3e4192d15eb6 None admin] PATH_INFO: `/v3/domains/default` {{(pid=80517) log_request_info /opt/stack/keystone/keystone/server/flask/request_processing/req_logging.py:28}}
Mar 26 14:25:02 ubuntu devstack@keystone.service[80517]: DEBUG keystone.common.rbac_enforcer.enforcer [None req-762bd9e2-2137-499f-9272-3e4192d15eb6 None admin] RBAC: Authorizing `identity:get_domain(domain_id=default)` {{(pid=80517) enforce_call /opt/stack/keystone/keystone/common/rbac_enforcer/enforcer.py:495}}
Mar 26 14:25:02 ubuntu devstack@keystone.service[80517]: DEBUG keystone.common.rbac_enforcer.enforcer [None req-762bd9e2-2137-499f-9272-3e4192d15eb6 None admin] RBAC: Authorization granted {{(pid=80517) enforce_call /opt/stack/keystone/keystone/common/rbac_enforcer/enforcer.py:506}}
Mar 26 14:25:02 ubuntu devstack@keystone.service[80517]: [pid: 80517|app: 0|req: 24/51] 10.201.5.82 () {56 vars in 1100 bytes} [Wed Mar 26 14:25:02 2025] GET /identity/v3/domains/default => generated 199 bytes in 68 msecs (HTTP/1.1 200) 5 headers in 177 bytes (1 switches on core 0)
Mar 26 14:25:02 ubuntu devstack@keystone.service[80516]: DEBUG keystone.server.flask.request_processing.middleware.auth_context [None req-5bfa14fd-1570-4855-b9fa-b5c4850e855e None None] Authenticating user token {{(pid=80516) process_request /opt/stack/data/venv/lib/python3.10/site-packages/keystonemiddleware/auth_token/__init__.py:406}}
Mar 26 14:25:02 ubuntu devstack@keystone.service[80516]: DEBUG keystone.server.flask.request_processing.middleware.auth_context [None req-5bfa14fd-1570-4855-b9fa-b5c4850e855e None None] Validating token access rules against request {{(pid=80516) validate_allowed_request /opt/stack/data/venv/lib/python3.10/site-packages/keystonemiddleware/auth_token/__init__.py:544}}
Mar 26 14:25:02 ubuntu devstack@keystone.service[80516]: DEBUG keystone.server.flask.request_processing.middleware.auth_context [None req-9cd0fd67-fb2c-454d-84e3-676d70a4ffa8 None admin] RBAC: auth_context: {'token': <TokenModel (audit_id=ssfy3uJgTwmmMXzIULrHxA, audit_chain_id=['ssfy3uJgTwmmMXzIULrHxA']) at 0x7fb31d3092d0>, 'domain_id': None, 'trust_id': None, 'trustor_id': None, 'trustee_id': None, 'domain_name': None, 'group_ids': [], 'user_id': '8a02c758a9d5496e99383ef3c56fc197', 'user_domain_id': 'default', 'system_scope': 'all', 'project_id': None, 'project_domain_id': None, 'roles': ['admin', 'manager', 'member', 'reader'], 'is_admin_project': True, 'service_user_id': None, 'service_user_domain_id': None, 'service_project_id': None, 'service_project_domain_id': None, 'service_roles': []} {{(pid=80516) fill_context /opt/stack/keystone/keystone/server/flask/request_processing/middleware/auth_context.py:506}}
Mar 26 14:25:02 ubuntu devstack@keystone.service[80516]: DEBUG keystone.server.flask.request_processing.req_logging [None req-9cd0fd67-fb2c-454d-84e3-676d70a4ffa8 None admin] REQUEST_METHOD: `POST` {{(pid=80516) log_request_info /opt/stack/keystone/keystone/server/flask/request_processing/req_logging.py:26}}
Mar 26 14:25:02 ubuntu devstack@keystone.service[80516]: DEBUG keystone.server.flask.request_processing.req_logging [None req-9cd0fd67-fb2c-454d-84e3-676d70a4ffa8 None admin] SCRIPT_NAME: `/identity` {{(pid=80516) log_request_info /opt/stack/keystone/keystone/server/flask/request_processing/req_logging.py:27}}
Mar 26 14:25:02 ubuntu devstack@keystone.service[80516]: DEBUG keystone.server.flask.request_processing.req_logging [None req-9cd0fd67-fb2c-454d-84e3-676d70a4ffa8 None admin] PATH_INFO: `/v3/projects` {{(pid=80516) log_request_info /opt/stack/keystone/keystone/server/flask/request_processing/req_logging.py:28}}
Mar 26 14:25:02 ubuntu devstack@keystone.service[80516]: DEBUG keystone.common.rbac_enforcer.enforcer [None req-9cd0fd67-fb2c-454d-84e3-676d70a4ffa8 None admin] RBAC: Authorizing `identity:create_project()` {{(pid=80516) enforce_call /opt/stack/keystone/keystone/common/rbac_enforcer/enforcer.py:495}}
Mar 26 14:25:02 ubuntu devstack@keystone.service[80516]: DEBUG keystone.common.rbac_enforcer.enforcer [None req-9cd0fd67-fb2c-454d-84e3-676d70a4ffa8 None admin] RBAC: Authorization granted {{(pid=80516) enforce_call /opt/stack/keystone/keystone/common/rbac_enforcer/enforcer.py:506}}
Mar 26 14:25:02 ubuntu devstack@keystone.service[80516]: [pid: 80516|app: 0|req: 28/52] 10.201.5.82 () {60 vars in 1132 bytes} [Wed Mar 26 14:25:02 2025] POST /identity/v3/projects => generated 298 bytes in 108 msecs (HTTP/1.1 201) 5 headers in 182 bytes (1 switches on core 0)
Mar 26 14:25:03 ubuntu devstack@keystone.service[80517]: DEBUG keystone.server.flask.request_processing.req_logging [None req-482a28e3-13b7-4f94-b461-f7414ef8ac6a None None] REQUEST_METHOD: `GET` {{(pid=80517) log_request_info /opt/stack/keystone/keystone/server/flask/request_processing/req_logging.py:26}}
Mar 26 14:25:03 ubuntu devstack@keystone.service[80517]: DEBUG keystone.server.flask.request_processing.req_logging [None req-482a28e3-13b7-4f94-b461-f7414ef8ac6a None None] SCRIPT_NAME: `/identity` {{(pid=80517) log_request_info /opt/stack/keystone/keystone/server/flask/request_processing/req_logging.py:27}}
