Jan 03 20:32:40 ubuntu devstack@g-api.service[119157]: DEBUG glance.api.middleware.version_negotiation [None req-372564e0-1129-407a-93b2-51f4f35764e7 tempest-ImageDependencyTests-1175710536 tempest-ImageDependencyTests-1175710536-project-member] Matched version: v2 {{(pid=119157) process_request /opt/stack/glance/glance/api/middleware/version_negotiation.py:69}}
Jan 03 20:32:40 ubuntu devstack@g-api.service[119157]: DEBUG glance.api.middleware.version_negotiation [None req-372564e0-1129-407a-93b2-51f4f35764e7 tempest-ImageDependencyTests-1175710536 tempest-ImageDependencyTests-1175710536-project-member] new path /v2/images/8fbcd0e5-e3a5-4967-806f-475232aaaa48/file {{(pid=119157) process_request /opt/stack/glance/glance/api/middleware/version_negotiation.py:70}}
Jan 03 20:32:40 ubuntu devstack@g-api.service[119157]: DEBUG glance.api.middleware.cache [None req-372564e0-1129-407a-93b2-51f4f35764e7 tempest-ImageDependencyTests-1175710536 tempest-ImageDependencyTests-1175710536-project-member] Cache hit for image '8fbcd0e5-e3a5-4967-806f-475232aaaa48' {{(pid=119157) process_request /opt/stack/glance/glance/api/middleware/cache.py:160}}
Jan 03 20:32:40 ubuntu devstack@g-api.service[119158]: DEBUG glance.api.middleware.version_negotiation [None req-372564e0-1129-407a-93b2-51f4f35764e7 tempest-ImageDependencyTests-1175710536 tempest-ImageDependencyTests-1175710536-project-member] Determining version of request: GET /v2/images/8fbcd0e5-e3a5-4967-806f-475232aaaa48 Accept: */* {{(pid=119158) process_request /opt/stack/glance/glance/api/middleware/version_negotiation.py:44}}
Jan 03 20:32:40 ubuntu devstack@g-api.service[119158]: DEBUG glance.api.middleware.version_negotiation [None req-372564e0-1129-407a-93b2-51f4f35764e7 tempest-ImageDependencyTests-1175710536 tempest-ImageDependencyTests-1175710536-project-member] Using url versioning {{(pid=119158) process_request /opt/stack/glance/glance/api/middleware/version_negotiation.py:57}}
Jan 03 20:32:40 ubuntu devstack@g-api.service[119158]: DEBUG glance.api.middleware.version_negotiation [None req-372564e0-1129-407a-93b2-51f4f35764e7 tempest-ImageDependencyTests-1175710536 tempest-ImageDependencyTests-1175710536-project-member] Matched version: v2 {{(pid=119158) process_request /opt/stack/glance/glance/api/middleware/version_negotiation.py:69}}
Jan 03 20:32:40 ubuntu devstack@g-api.service[119158]: DEBUG glance.api.middleware.version_negotiation [None req-372564e0-1129-407a-93b2-51f4f35764e7 tempest-ImageDependencyTests-1175710536 tempest-ImageDependencyTests-1175710536-project-member] new path /v2/images/8fbcd0e5-e3a5-4967-806f-475232aaaa48 {{(pid=119158) process_request /opt/stack/glance/glance/api/middleware/version_negotiation.py:70}}
Jan 03 20:32:40 ubuntu devstack@g-api.service[119157]: [pid: 119157|app: 0|req: 25/48] 127.0.0.1 () {42 vars in 1055 bytes} [Fri Jan  3 20:32:40 2025] GET /v2/images/8fbcd0e5-e3a5-4967-806f-475232aaaa48/file => generated 1024 bytes in 23 msecs (HTTP/1.1 200) 5 headers in 213 bytes (1 switches on core 0)
Jan 03 20:32:40 ubuntu devstack@g-api.service[119158]: [pid: 119158|app: 0|req: 24/49] 127.0.0.1 () {42 vars in 1045 bytes} [Fri Jan  3 20:32:40 2025] GET /v2/images/8fbcd0e5-e3a5-4967-806f-475232aaaa48 => generated 808 bytes in 11 msecs (HTTP/1.1 200) 4 headers in 157 bytes (1 switches on core 0)
Jan 03 20:32:40 ubuntu devstack@g-api.service[119157]: DEBUG glance.api.middleware.version_negotiation [None req-372564e0-1129-407a-93b2-51f4f35764e7 tempest-ImageDependencyTests-1175710536 tempest-ImageDependencyTests-1175710536-project-member] Determining version of request: GET /v2/schemas/image Accept: */* {{(pid=119157) process_request /opt/stack/glance/glance/api/middleware/version_negotiation.py:44}}
Jan 03 20:32:40 ubuntu devstack@g-api.service[119157]: DEBUG glance.api.middleware.version_negotiation [None req-372564e0-1129-407a-93b2-51f4f35764e7 tempest-ImageDependencyTests-1175710536 tempest-ImageDependencyTests-1175710536-project-member] Using url versioning {{(pid=119157) process_request /opt/stack/glance/glance/api/middleware/version_negotiation.py:57}}
Jan 03 20:32:40 ubuntu devstack@g-api.service[119157]: DEBUG glance.api.middleware.version_negotiation [None req-372564e0-1129-407a-93b2-51f4f35764e7 tempest-ImageDependencyTests-1175710536 tempest-ImageDependencyTests-1175710536-project-member] Matched version: v2 {{(pid=119157) process_request /opt/stack/glance/glance/api/middleware/version_negotiation.py:69}}
Jan 03 20:32:40 ubuntu devstack@g-api.service[119157]: DEBUG glance.api.middleware.version_negotiation [None req-372564e0-1129-407a-93b2-51f4f35764e7 tempest-ImageDependencyTests-1175710536 tempest-ImageDependencyTests-1175710536-project-member] new path /v2/schemas/image {{(pid=119157) process_request /opt/stack/glance/glance/api/middleware/version_negotiation.py:70}}
Jan 03 20:32:40 ubuntu devstack@g-api.service[119157]: [pid: 119157|app: 0|req: 26/50] 127.0.0.1 () {42 vars in 985 bytes} [Fri Jan  3 20:32:40 2025] GET /v2/schemas/image => generated 6083 bytes in 3 msecs (HTTP/1.1 200) 4 headers in 158 bytes (1 switches on core 0)
Jan 03 20:32:41 ubuntu devstack@g-api.service[119158]: DEBUG glance.api.middleware.version_negotiation [None req-372564e0-1129-407a-93b2-51f4f35764e7 tempest-ImageDependencyTests-1175710536 tempest-ImageDependencyTests-1175710536-project-member] Determining version of request: GET /v2/images/8fbcd0e5-e3a5-4967-806f-475232aaaa48 Accept: */* {{(pid=119158) process_request /opt/stack/glance/glance/api/middleware/version_negotiation.py:44}}
Jan 03 20:32:41 ubuntu devstack@g-api.service[119158]: DEBUG glance.api.middleware.version_negotiation [None req-372564e0-1129-407a-93b2-51f4f35764e7 tempest-ImageDependencyTests-1175710536 tempest-ImageDependencyTests-1175710536-project-member] Using url versioning {{(pid=119158) process_request /opt/stack/glance/glance/api/middleware/version_negotiation.py:57}}
Jan 03 20:32:41 ubuntu devstack@g-api.service[119158]: DEBUG glance.api.middleware.version_negotiation [None req-372564e0-1129-407a-93b2-51f4f35764e7 tempest-ImageDependencyTests-1175710536 tempest-ImageDependencyTests-1175710536-project-member] Matched version: v2 {{(pid=119158) process_request /opt/stack/glance/glance/api/middleware/version_negotiation.py:69}}
Jan 03 20:32:41 ubuntu devstack@g-api.service[119158]: DEBUG glance.api.middleware.version_negotiation [None req-372564e0-1129-407a-93b2-51f4f35764e7 tempest-ImageDependencyTests-1175710536 tempest-ImageDependencyTests-1175710536-project-member] new path /v2/images/8fbcd0e5-e3a5-4967-806f-475232aaaa48 {{(pid=119158) process_request /opt/stack/glance/glance/api/middleware/version_negotiation.py:70}}
Jan 03 20:32:41 ubuntu devstack@g-api.service[119158]: [pid: 119158|app: 0|req: 25/51] 127.0.0.1 () {42 vars in 1045 bytes} [Fri Jan  3 20:32:41 2025] GET /v2/images/8fbcd0e5-e3a5-4967-806f-475232aaaa48 => generated 808 bytes in 11 msecs (HTTP/1.1 200) 4 headers in 157 bytes (1 switches on core 0)
Jan 03 20:32:41 ubuntu devstack@g-api.service[119157]: DEBUG glance.api.middleware.version_negotiation [None req-372564e0-1129-407a-93b2-51f4f35764e7 tempest-ImageDependencyTests-1175710536 tempest-ImageDependencyTests-1175710536-project-member] Determining version of request: GET /v2/schemas/image Accept: */* {{(pid=119157) process_request /opt/stack/glance/glance/api/middleware/version_negotiation.py:44}}
Jan 03 20:32:41 ubuntu devstack@g-api.service[119157]: DEBUG glance.api.middleware.version_negotiation [None req-372564e0-1129-407a-93b2-51f4f35764e7 tempest-ImageDependencyTests-1175710536 tempest-ImageDependencyTests-1175710536-project-member] Using url versioning {{(pid=119157) process_request /opt/stack/glance/glance/api/middleware/version_negotiation.py:57}}
Jan 03 20:32:41 ubuntu devstack@g-api.service[119157]: DEBUG glance.api.middleware.version_negotiation [None req-372564e0-1129-407a-93b2-51f4f35764e7 tempest-ImageDependencyTests-1175710536 tempest-ImageDependencyTests-1175710536-project-member] Matched version: v2 {{(pid=119157) process_request /opt/stack/glance/glance/api/middleware/version_negotiation.py:69}}
Jan 03 20:32:41 ubuntu devstack@g-api.service[119157]: DEBUG glance.api.middleware.version_negotiation [None req-372564e0-1129-407a-93b2-51f4f35764e7 tempest-ImageDependencyTests-1175710536 tempest-ImageDependencyTests-1175710536-project-member] new path /v2/schemas/image {{(pid=119157) process_request /opt/stack/glance/glance/api/middleware/version_negotiation.py:70}}
Jan 03 20:32:41 ubuntu devstack@g-api.service[119157]: [pid: 119157|app: 0|req: 27/52] 127.0.0.1 () {42 vars in 985 bytes} [Fri Jan  3 20:32:41 2025] GET /v2/schemas/image => generated 6083 bytes in 4 msecs (HTTP/1.1 200) 4 headers in 158 bytes (1 switches on core 0)
Jan 03 20:32:41 ubuntu devstack@g-api.service[119158]: DEBUG glance.api.middleware.version_negotiation [None req-372564e0-1129-407a-93b2-51f4f35764e7 tempest-ImageDependencyTests-1175710536 tempest-ImageDependencyTests-1175710536-project-member] Determining version of request: GET /v2/images/8fbcd0e5-e3a5-4967-806f-475232aaaa48 Accept: */* {{(pid=119158) process_request /opt/stack/glance/glance/api/middleware/version_negotiation.py:44}}
Jan 03 20:32:41 ubuntu devstack@g-api.service[119158]: DEBUG glance.api.middleware.version_negotiation [None req-372564e0-1129-407a-93b2-51f4f35764e7 tempest-ImageDependencyTests-1175710536 tempest-ImageDependencyTests-1175710536-project-member] Using url versioning {{(pid=119158) process_request /opt/stack/glance/glance/api/middleware/version_negotiation.py:57}}
Jan 03 20:32:41 ubuntu devstack@g-api.service[119158]: DEBUG glance.api.middleware.version_negotiation [None req-372564e0-1129-407a-93b2-51f4f35764e7 tempest-ImageDependencyTests-1175710536 tempest-ImageDependencyTests-1175710536-project-member] Matched version: v2 {{(pid=119158) process_request /opt/stack/glance/glance/api/middleware/version_negotiation.py:69}}
Jan 03 20:32:41 ubuntu devstack@g-api.service[119158]: DEBUG glance.api.middleware.version_negotiation [None req-372564e0-1129-407a-93b2-51f4f35764e7 tempest-ImageDependencyTests-1175710536 tempest-ImageDependencyTests-1175710536-project-member] new path /v2/images/8fbcd0e5-e3a5-4967-806f-475232aaaa48 {{(pid=119158) process_request /opt/stack/glance/glance/api/middleware/version_negotiation.py:70}}
Jan 03 20:32:41 ubuntu devstack@g-api.service[119158]: [pid: 119158|app: 0|req: 26/53] 127.0.0.1 () {42 vars in 1045 bytes} [Fri Jan  3 20:32:41 2025] GET /v2/images/8fbcd0e5-e3a5-4967-806f-475232aaaa48 => generated 808 bytes in 16 msecs (HTTP/1.1 200) 4 headers in 157 bytes (1 switches on core 0)
Jan 03 20:32:41 ubuntu devstack@g-api.service[119157]: DEBUG glance.api.middleware.version_negotiation [None req-372564e0-1129-407a-93b2-51f4f35764e7 tempest-ImageDependencyTests-1175710536 tempest-ImageDependencyTests-1175710536-project-member] Determining version of request: GET /v2/schemas/image Accept: */* {{(pid=119157) process_request /opt/stack/glance/glance/api/middleware/version_negotiation.py:44}}
Jan 03 20:32:41 ubuntu devstack@g-api.service[119157]: DEBUG glance.api.middleware.version_negotiation [None req-372564e0-1129-407a-93b2-51f4f35764e7 tempest-ImageDependencyTests-1175710536 tempest-ImageDependencyTests-1175710536-project-member] Using url versioning {{(pid=119157) process_request /opt/stack/glance/glance/api/middleware/version_negotiation.py:57}}
Jan 03 20:32:41 ubuntu devstack@g-api.service[119157]: DEBUG glance.api.middleware.version_negotiation [None req-372564e0-1129-407a-93b2-51f4f35764e7 tempest-ImageDependencyTests-1175710536 tempest-ImageDependencyTests-1175710536-project-member] Matched version: v2 {{(pid=119157) process_request /opt/stack/glance/glance/api/middleware/version_negotiation.py:69}}
Jan 03 20:32:41 ubuntu devstack@g-api.service[119157]: DEBUG glance.api.middleware.version_negotiation [None req-372564e0-1129-407a-93b2-51f4f35764e7 tempest-ImageDependencyTests-1175710536 tempest-ImageDependencyTests-1175710536-project-member] new path /v2/schemas/image {{(pid=119157) process_request /opt/stack/glance/glance/api/middleware/version_negotiation.py:70}}
Jan 03 20:32:41 ubuntu devstack@g-api.service[119157]: [pid: 119157|app: 0|req: 28/54] 127.0.0.1 () {42 vars in 985 bytes} [Fri Jan  3 20:32:41 2025] GET /v2/schemas/image => generated 6083 bytes in 5 msecs (HTTP/1.1 200) 4 headers in 158 bytes (1 switches on core 0)
Jan 03 20:32:41 ubuntu devstack@g-api.service[119158]: DEBUG glance.api.middleware.version_negotiation [None req-372564e0-1129-407a-93b2-51f4f35764e7 tempest-ImageDependencyTests-1175710536 tempest-ImageDependencyTests-1175710536-project-member] Determining version of request: GET /v2/images/8fbcd0e5-e3a5-4967-806f-475232aaaa48 Accept: */* {{(pid=119158) process_request /opt/stack/glance/glance/api/middleware/version_negotiation.py:44}}
Jan 03 20:32:41 ubuntu devstack@g-api.service[119158]: DEBUG glance.api.middleware.version_negotiation [None req-372564e0-1129-407a-93b2-51f4f35764e7 tempest-ImageDependencyTests-1175710536 tempest-ImageDependencyTests-1175710536-project-member] Using url versioning {{(pid=119158) process_request /opt/stack/glance/glance/api/middleware/version_negotiation.py:57}}
Jan 03 20:32:41 ubuntu devstack@g-api.service[119158]: DEBUG glance.api.middleware.version_negotiation [None req-372564e0-1129-407a-93b2-51f4f35764e7 tempest-ImageDependencyTests-1175710536 tempest-ImageDependencyTests-1175710536-project-member] Matched version: v2 {{(pid=119158) process_request /opt/stack/glance/glance/api/middleware/version_negotiation.py:69}}
Jan 03 20:32:41 ubuntu devstack@g-api.service[119158]: DEBUG glance.api.middleware.version_negotiation [None req-372564e0-1129-407a-93b2-51f4f35764e7 tempest-ImageDependencyTests-1175710536 tempest-ImageDependencyTests-1175710536-project-member] new path /v2/images/8fbcd0e5-e3a5-4967-806f-475232aaaa48 {{(pid=119158) process_request /opt/stack/glance/glance/api/middleware/version_negotiation.py:70}}
Jan 03 20:32:41 ubuntu devstack@g-api.service[119158]: [pid: 119158|app: 0|req: 27/55] 127.0.0.1 () {42 vars in 1045 bytes} [Fri Jan  3 20:32:41 2025] GET /v2/images/8fbcd0e5-e3a5-4967-806f-475232aaaa48 => generated 808 bytes in 8 msecs (HTTP/1.1 200) 4 headers in 157 bytes (1 switches on core 0)
Jan 03 20:32:41 ubuntu devstack@g-api.service[119157]: DEBUG glance.api.middleware.version_negotiation [None req-372564e0-1129-407a-93b2-51f4f35764e7 tempest-ImageDependencyTests-1175710536 tempest-ImageDependencyTests-1175710536-project-member] Determining version of request: GET /v2/schemas/image Accept: */* {{(pid=119157) process_request /opt/stack/glance/glance/api/middleware/version_negotiation.py:44}}
Jan 03 20:32:41 ubuntu devstack@g-api.service[119157]: DEBUG glance.api.middleware.version_negotiation [None req-372564e0-1129-407a-93b2-51f4f35764e7 tempest-ImageDependencyTests-1175710536 tempest-ImageDependencyTests-1175710536-project-member] Using url versioning {{(pid=119157) process_request /opt/stack/glance/glance/api/middleware/version_negotiation.py:57}}
Jan 03 20:32:41 ubuntu devstack@g-api.service[119157]: DEBUG glance.api.middleware.version_negotiation [None req-372564e0-1129-407a-93b2-51f4f35764e7 tempest-ImageDependencyTests-1175710536 tempest-ImageDependencyTests-1175710536-project-member] Matched version: v2 {{(pid=119157) process_request /opt/stack/glance/glance/api/middleware/version_negotiation.py:69}}
Jan 03 20:32:41 ubuntu devstack@g-api.service[119157]: DEBUG glance.api.middleware.version_negotiation [None req-372564e0-1129-407a-93b2-51f4f35764e7 tempest-ImageDependencyTests-1175710536 tempest-ImageDependencyTests-1175710536-project-member] new path /v2/schemas/image {{(pid=119157) process_request /opt/stack/glance/glance/api/middleware/version_negotiation.py:70}}
Jan 03 20:32:41 ubuntu devstack@g-api.service[119157]: [pid: 119157|app: 0|req: 29/56] 127.0.0.1 () {42 vars in 985 bytes} [Fri Jan  3 20:32:41 2025] GET /v2/schemas/image => generated 6083 bytes in 4 msecs (HTTP/1.1 200) 4 headers in 158 bytes (1 switches on core 0)
Jan 03 20:32:41 ubuntu devstack@g-api.service[119158]: DEBUG glance.api.middleware.version_negotiation [None req-372564e0-1129-407a-93b2-51f4f35764e7 tempest-ImageDependencyTests-1175710536 tempest-ImageDependencyTests-1175710536-project-member] Determining version of request: GET /v2/schemas/image Accept: */* {{(pid=119158) process_request /opt/stack/glance/glance/api/middleware/version_negotiation.py:44}}
Jan 03 20:32:41 ubuntu devstack@g-api.service[119158]: DEBUG glance.api.middleware.version_negotiation [None req-372564e0-1129-407a-93b2-51f4f35764e7 tempest-ImageDependencyTests-1175710536 tempest-ImageDependencyTests-1175710536-project-member] Using url versioning {{(pid=119158) process_request /opt/stack/glance/glance/api/middleware/version_negotiation.py:57}}
Jan 03 20:32:41 ubuntu devstack@g-api.service[119158]: DEBUG glance.api.middleware.version_negotiation [None req-372564e0-1129-407a-93b2-51f4f35764e7 tempest-ImageDependencyTests-1175710536 tempest-ImageDependencyTests-1175710536-project-member] Matched version: v2 {{(pid=119158) process_request /opt/stack/glance/glance/api/middleware/version_negotiation.py:69}}
Jan 03 20:32:41 ubuntu devstack@g-api.service[119158]: DEBUG glance.api.middleware.version_negotiation [None req-372564e0-1129-407a-93b2-51f4f35764e7 tempest-ImageDependencyTests-1175710536 tempest-ImageDependencyTests-1175710536-project-member] new path /v2/schemas/image {{(pid=119158) process_request /opt/stack/glance/glance/api/middleware/version_negotiation.py:70}}
Jan 03 20:32:41 ubuntu devstack@g-api.service[119158]: [pid: 119158|app: 0|req: 28/57] 127.0.0.1 () {42 vars in 985 bytes} [Fri Jan  3 20:32:41 2025] GET /v2/schemas/image => generated 6083 bytes in 2 msecs (HTTP/1.1 200) 4 headers in 158 bytes (1 switches on core 0)
Jan 03 20:32:41 ubuntu devstack@g-api.service[119157]: DEBUG glance.api.middleware.version_negotiation [None req-372564e0-1129-407a-93b2-51f4f35764e7 tempest-ImageDependencyTests-1175710536 tempest-ImageDependencyTests-1175710536-project-member] Determining version of request: GET /v2/images/8fbcd0e5-e3a5-4967-806f-475232aaaa48 Accept: */* {{(pid=119157) process_request /opt/stack/glance/glance/api/middleware/version_negotiation.py:44}}
Jan 03 20:32:41 ubuntu devstack@g-api.service[119157]: DEBUG glance.api.middleware.version_negotiation [None req-372564e0-1129-407a-93b2-51f4f35764e7 tempest-ImageDependencyTests-1175710536 tempest-ImageDependencyTests-1175710536-project-member] Using url versioning {{(pid=119157) process_request /opt/stack/glance/glance/api/middleware/version_negotiation.py:57}}
Jan 03 20:32:41 ubuntu devstack@g-api.service[119157]: DEBUG glance.api.middleware.version_negotiation [None req-372564e0-1129-407a-93b2-51f4f35764e7 tempest-ImageDependencyTests-1175710536 tempest-ImageDependencyTests-1175710536-project-member] Matched version: v2 {{(pid=119157) process_request /opt/stack/glance/glance/api/middleware/version_negotiation.py:69}}
Jan 03 20:32:41 ubuntu devstack@g-api.service[119157]: DEBUG glance.api.middleware.version_negotiation [None req-372564e0-1129-407a-93b2-51f4f35764e7 tempest-ImageDependencyTests-1175710536 tempest-ImageDependencyTests-1175710536-project-member] new path /v2/images/8fbcd0e5-e3a5-4967-806f-475232aaaa48 {{(pid=119157) process_request /opt/stack/glance/glance/api/middleware/version_negotiation.py:70}}
Jan 03 20:32:41 ubuntu devstack@g-api.service[119157]: [pid: 119157|app: 0|req: 30/58] 127.0.0.1 () {42 vars in 1045 bytes} [Fri Jan  3 20:32:41 2025] GET /v2/images/8fbcd0e5-e3a5-4967-806f-475232aaaa48 => generated 808 bytes in 10 msecs (HTTP/1.1 200) 4 headers in 157 bytes (1 switches on core 0)
Jan 03 20:32:41 ubuntu devstack@g-api.service[119158]: DEBUG glance.api.middleware.version_negotiation [None req-372564e0-1129-407a-93b2-51f4f35764e7 tempest-ImageDependencyTests-1175710536 tempest-ImageDependencyTests-1175710536-project-member] Determining version of request: GET /v2/images/8fbcd0e5-e3a5-4967-806f-475232aaaa48/file Accept: */* {{(pid=119158) process_request /opt/stack/glance/glance/api/middleware/version_negotiation.py:44}}
Jan 03 20:32:41 ubuntu devstack@g-api.service[119158]: DEBUG glance.api.middleware.version_negotiation [None req-372564e0-1129-407a-93b2-51f4f35764e7 tempest-ImageDependencyTests-1175710536 tempest-ImageDependencyTests-1175710536-project-member] Using url versioning {{(pid=119158) process_request /opt/stack/glance/glance/api/middleware/version_negotiation.py:57}}
Jan 03 20:32:41 ubuntu devstack@g-api.service[119158]: DEBUG glance.api.middleware.version_negotiation [None req-372564e0-1129-407a-93b2-51f4f35764e7 tempest-ImageDependencyTests-1175710536 tempest-ImageDependencyTests-1175710536-project-member] Matched version: v2 {{(pid=119158) process_request /opt/stack/glance/glance/api/middleware/version_negotiation.py:69}}
Jan 03 20:32:41 ubuntu devstack@g-api.service[119158]: DEBUG glance.api.middleware.version_negotiation [None req-372564e0-1129-407a-93b2-51f4f35764e7 tempest-ImageDependencyTests-1175710536 tempest-ImageDependencyTests-1175710536-project-member] new path /v2/images/8fbcd0e5-e3a5-4967-806f-475232aaaa48/file {{(pid=119158) process_request /opt/stack/glance/glance/api/middleware/version_negotiation.py:70}}
Jan 03 20:32:41 ubuntu devstack@g-api.service[119158]: DEBUG glance.api.middleware.cache [None req-372564e0-1129-407a-93b2-51f4f35764e7 tempest-ImageDependencyTests-1175710536 tempest-ImageDependencyTests-1175710536-project-member] Cache hit for image '8fbcd0e5-e3a5-4967-806f-475232aaaa48' {{(pid=119158) process_request /opt/stack/glance/glance/api/middleware/cache.py:160}}
Jan 03 20:32:41 ubuntu devstack@g-api.service[119157]: DEBUG glance.api.middleware.version_negotiation [None req-372564e0-1129-407a-93b2-51f4f35764e7 tempest-ImageDependencyTests-1175710536 tempest-ImageDependencyTests-1175710536-project-member] Determining version of request: GET /v2/images/8fbcd0e5-e3a5-4967-806f-475232aaaa48 Accept: */* {{(pid=119157) process_request /opt/stack/glance/glance/api/middleware/version_negotiation.py:44}}
Jan 03 20:32:41 ubuntu devstack@g-api.service[119157]: DEBUG glance.api.middleware.version_negotiation [None req-372564e0-1129-407a-93b2-51f4f35764e7 tempest-ImageDependencyTests-1175710536 tempest-ImageDependencyTests-1175710536-project-member] Using url versioning {{(pid=119157) process_request /opt/stack/glance/glance/api/middleware/version_negotiation.py:57}}
Jan 03 20:32:41 ubuntu devstack@g-api.service[119157]: DEBUG glance.api.middleware.version_negotiation [None req-372564e0-1129-407a-93b2-51f4f35764e7 tempest-ImageDependencyTests-1175710536 tempest-ImageDependencyTests-1175710536-project-member] Matched version: v2 {{(pid=119157) process_request /opt/stack/glance/glance/api/middleware/version_negotiation.py:69}}
Jan 03 20:32:41 ubuntu devstack@g-api.service[119157]: DEBUG glance.api.middleware.version_negotiation [None req-372564e0-1129-407a-93b2-51f4f35764e7 tempest-ImageDependencyTests-1175710536 tempest-ImageDependencyTests-1175710536-project-member] new path /v2/images/8fbcd0e5-e3a5-4967-806f-475232aaaa48 {{(pid=119157) process_request /opt/stack/glance/glance/api/middleware/version_negotiation.py:70}}
Jan 03 20:32:41 ubuntu devstack@g-api.service[119158]: [pid: 119158|app: 0|req: 29/59] 127.0.0.1 () {42 vars in 1055 bytes} [Fri Jan  3 20:32:41 2025] GET /v2/images/8fbcd0e5-e3a5-4967-806f-475232aaaa48/file => generated 1024 bytes in 24 msecs (HTTP/1.1 200) 5 headers in 213 bytes (1 switches on core 0)
Jan 03 20:32:41 ubuntu devstack@g-api.service[119157]: [pid: 119157|app: 0|req: 31/60] 127.0.0.1 () {42 vars in 1045 bytes} [Fri Jan  3 20:32:41 2025] GET /v2/images/8fbcd0e5-e3a5-4967-806f-475232aaaa48 => generated 808 bytes in 10 msecs (HTTP/1.1 200) 4 headers in 157 bytes (1 switches on core 0)
Jan 03 20:32:41 ubuntu devstack@g-api.service[119158]: DEBUG glance.api.middleware.version_negotiation [None req-372564e0-1129-407a-93b2-51f4f35764e7 tempest-ImageDependencyTests-1175710536 tempest-ImageDependencyTests-1175710536-project-member] Determining version of request: GET /v2/schemas/image Accept: */* {{(pid=119158) process_request /opt/stack/glance/glance/api/middleware/version_negotiation.py:44}}
Jan 03 20:32:41 ubuntu devstack@g-api.service[119158]: DEBUG glance.api.middleware.version_negotiation [None req-372564e0-1129-407a-93b2-51f4f35764e7 tempest-ImageDependencyTests-1175710536 tempest-ImageDependencyTests-1175710536-project-member] Using url versioning {{(pid=119158) process_request /opt/stack/glance/glance/api/middleware/version_negotiation.py:57}}
Jan 03 20:32:41 ubuntu devstack@g-api.service[119158]: DEBUG glance.api.middleware.version_negotiation [None req-372564e0-1129-407a-93b2-51f4f35764e7 tempest-ImageDependencyTests-1175710536 tempest-ImageDependencyTests-1175710536-project-member] Matched version: v2 {{(pid=119158) process_request /opt/stack/glance/glance/api/middleware/version_negotiation.py:69}}
Jan 03 20:32:41 ubuntu devstack@g-api.service[119158]: DEBUG glance.api.middleware.version_negotiation [None req-372564e0-1129-407a-93b2-51f4f35764e7 tempest-ImageDependencyTests-1175710536 tempest-ImageDependencyTests-1175710536-project-member] new path /v2/schemas/image {{(pid=119158) process_request /opt/stack/glance/glance/api/middleware/version_negotiation.py:70}}
Jan 03 20:32:41 ubuntu devstack@g-api.service[119158]: [pid: 119158|app: 0|req: 30/61] 127.0.0.1 () {42 vars in 985 bytes} [Fri Jan  3 20:32:41 2025] GET /v2/schemas/image => generated 6083 bytes in 3 msecs (HTTP/1.1 200) 4 headers in 158 bytes (1 switches on core 0)
Jan 03 20:32:42 ubuntu devstack@g-api.service[119157]: DEBUG glance.api.middleware.version_negotiation [None req-372564e0-1129-407a-93b2-51f4f35764e7 tempest-ImageDependencyTests-1175710536 tempest-ImageDependencyTests-1175710536-project-member] Determining version of request: GET /v2/images/8fbcd0e5-e3a5-4967-806f-475232aaaa48 Accept: */* {{(pid=119157) process_request /opt/stack/glance/glance/api/middleware/version_negotiation.py:44}}
Jan 03 20:32:42 ubuntu devstack@g-api.service[119157]: DEBUG glance.api.middleware.version_negotiation [None req-372564e0-1129-407a-93b2-51f4f35764e7 tempest-ImageDependencyTests-1175710536 tempest-ImageDependencyTests-1175710536-project-member] Using url versioning {{(pid=119157) process_request /opt/stack/glance/glance/api/middleware/version_negotiation.py:57}}
Jan 03 20:32:42 ubuntu devstack@g-api.service[119157]: DEBUG glance.api.middleware.version_negotiation [None req-372564e0-1129-407a-93b2-51f4f35764e7 tempest-ImageDependencyTests-1175710536 tempest-ImageDependencyTests-1175710536-project-member] Matched version: v2 {{(pid=119157) process_request /opt/stack/glance/glance/api/middleware/version_negotiation.py:69}}
Jan 03 20:32:42 ubuntu devstack@g-api.service[119157]: DEBUG glance.api.middleware.version_negotiation [None req-372564e0-1129-407a-93b2-51f4f35764e7 tempest-ImageDependencyTests-1175710536 tempest-ImageDependencyTests-1175710536-project-member] new path /v2/images/8fbcd0e5-e3a5-4967-806f-475232aaaa48 {{(pid=119157) process_request /opt/stack/glance/glance/api/middleware/version_negotiation.py:70}}
Jan 03 20:32:42 ubuntu devstack@g-api.service[119157]: [pid: 119157|app: 0|req: 32/62] 127.0.0.1 () {42 vars in 1045 bytes} [Fri Jan  3 20:32:42 2025] GET /v2/images/8fbcd0e5-e3a5-4967-806f-475232aaaa48 => generated 808 bytes in 17 msecs (HTTP/1.1 200) 4 headers in 157 bytes (1 switches on core 0)
Jan 03 20:32:42 ubuntu devstack@g-api.service[119158]: DEBUG glance.api.middleware.version_negotiation [None req-372564e0-1129-407a-93b2-51f4f35764e7 tempest-ImageDependencyTests-1175710536 tempest-ImageDependencyTests-1175710536-project-member] Determining version of request: GET /v2/schemas/image Accept: */* {{(pid=119158) process_request /opt/stack/glance/glance/api/middleware/version_negotiation.py:44}}
Jan 03 20:32:42 ubuntu devstack@g-api.service[119158]: DEBUG glance.api.middleware.version_negotiation [None req-372564e0-1129-407a-93b2-51f4f35764e7 tempest-ImageDependencyTests-1175710536 tempest-ImageDependencyTests-1175710536-project-member] Using url versioning {{(pid=119158) process_request /opt/stack/glance/glance/api/middleware/version_negotiation.py:57}}
Jan 03 20:32:42 ubuntu devstack@g-api.service[119158]: DEBUG glance.api.middleware.version_negotiation [None req-372564e0-1129-407a-93b2-51f4f35764e7 tempest-ImageDependencyTests-1175710536 tempest-ImageDependencyTests-1175710536-project-member] Matched version: v2 {{(pid=119158) process_request /opt/stack/glance/glance/api/middleware/version_negotiation.py:69}}
Jan 03 20:32:42 ubuntu devstack@g-api.service[119158]: DEBUG glance.api.middleware.version_negotiation [None req-372564e0-1129-407a-93b2-51f4f35764e7 tempest-ImageDependencyTests-1175710536 tempest-ImageDependencyTests-1175710536-project-member] new path /v2/schemas/image {{(pid=119158) process_request /opt/stack/glance/glance/api/middleware/version_negotiation.py:70}}
Jan 03 20:32:42 ubuntu devstack@g-api.service[119158]: [pid: 119158|app: 0|req: 31/63] 127.0.0.1 () {42 vars in 985 bytes} [Fri Jan  3 20:32:42 2025] GET /v2/schemas/image => generated 6083 bytes in 8 msecs (HTTP/1.1 200) 4 headers in 158 bytes (1 switches on core 0)
Jan 03 20:32:42 ubuntu devstack@g-api.service[119157]: DEBUG glance.api.middleware.version_negotiation [None req-372564e0-1129-407a-93b2-51f4f35764e7 tempest-ImageDependencyTests-1175710536 tempest-ImageDependencyTests-1175710536-project-member] Determining version of request: DELETE /v2/images/8fbcd0e5-e3a5-4967-806f-475232aaaa48 Accept: application/json {{(pid=119157) process_request /opt/stack/glance/glance/api/middleware/version_negotiation.py:44}}
Jan 03 20:32:42 ubuntu devstack@g-api.service[119157]: DEBUG glance.api.middleware.version_negotiation [None req-372564e0-1129-407a-93b2-51f4f35764e7 tempest-ImageDependencyTests-1175710536 tempest-ImageDependencyTests-1175710536-project-member] Using url versioning {{(pid=119157) process_request /opt/stack/glance/glance/api/middleware/version_negotiation.py:57}}
Jan 03 20:32:42 ubuntu devstack@g-api.service[119157]: DEBUG glance.api.middleware.version_negotiation [None req-372564e0-1129-407a-93b2-51f4f35764e7 tempest-ImageDependencyTests-1175710536 tempest-ImageDependencyTests-1175710536-project-member] Matched version: v2 {{(pid=119157) process_request /opt/stack/glance/glance/api/middleware/version_negotiation.py:69}}
Jan 03 20:32:42 ubuntu devstack@g-api.service[119157]: DEBUG glance.api.middleware.version_negotiation [None req-372564e0-1129-407a-93b2-51f4f35764e7 tempest-ImageDependencyTests-1175710536 tempest-ImageDependencyTests-1175710536-project-member] new path /v2/images/8fbcd0e5-e3a5-4967-806f-475232aaaa48 {{(pid=119157) process_request /opt/stack/glance/glance/api/middleware/version_negotiation.py:70}}
Jan 03 20:32:42 ubuntu devstack@g-api.service[119157]: WARNING glance.api.v2.images [None req-cac87410-f893-4a25-8e21-6cdbe4cf6f65 tempest-ImageDependencyTests-1175710536 tempest-ImageDependencyTests-1175710536-project-member] After upload to backend, deletion of staged image data has failed because it cannot be found at /tmp/staging//8fbcd0e5-e3a5-4967-806f-475232aaaa48
Jan 03 20:32:42 ubuntu devstack@g-api.service[119157]: DEBUG glance_store.backend [None req-cac87410-f893-4a25-8e21-6cdbe4cf6f65 tempest-ImageDependencyTests-1175710536 tempest-ImageDependencyTests-1175710536-project-member] Attempting to import store swift {{(pid=119157) _load_store /opt/stack/data/venv/lib/python3.10/site-packages/glance_store/backend.py:216}}
Jan 03 20:32:42 ubuntu devstack@g-api.service[119157]: DEBUG glance_store.capabilities [None req-cac87410-f893-4a25-8e21-6cdbe4cf6f65 tempest-ImageDependencyTests-1175710536 tempest-ImageDependencyTests-1175710536-project-member] Store glance_store._drivers.swift.store.SingleTenantStore doesn't support updating dynamic storage capabilities. Please overwrite 'update_capabilities' method of the store to implement updating logics if needed. {{(pid=119157) update_capabilities /opt/stack/data/venv/lib/python3.10/site-packages/glance_store/capabilities.py:91}}
Jan 03 20:32:42 ubuntu devstack@g-api.service[119157]: DEBUG glance_store.driver [None req-cac87410-f893-4a25-8e21-6cdbe4cf6f65 tempest-ImageDependencyTests-1175710536 tempest-ImageDependencyTests-1175710536-project-member] Late loading location class glance_store._drivers.swift.store.StoreLocation {{(pid=119157) get_store_location_class /opt/stack/data/venv/lib/python3.10/site-packages/glance_store/driver.py:133}}
Jan 03 20:32:42 ubuntu devstack@g-api.service[119157]: DEBUG glance_store.location [None req-cac87410-f893-4a25-8e21-6cdbe4cf6f65 tempest-ImageDependencyTests-1175710536 tempest-ImageDependencyTests-1175710536-project-member] Registering scheme swift+https with {'store': <glance_store._drivers.swift.store.SingleTenantStore object at 0x7f84b7943760>, 'location_class': <class 'glance_store._drivers.swift.store.StoreLocation'>, 'store_entry': 'swift'} {{(pid=119157) register_scheme_map /opt/stack/data/venv/lib/python3.10/site-packages/glance_store/location.py:146}}
Jan 03 20:32:42 ubuntu devstack@g-api.service[119157]: DEBUG glance_store.location [None req-cac87410-f893-4a25-8e21-6cdbe4cf6f65 tempest-ImageDependencyTests-1175710536 tempest-ImageDependencyTests-1175710536-project-member] Registering scheme swift+https with {'store': <glance_store._drivers.swift.store.SingleTenantStore object at 0x7f84b7943760>, 'location_class': <class 'glance_store._drivers.swift.store.StoreLocation'>, 'store_entry': 'swift'} {{(pid=119157) register_scheme_map /opt/stack/data/venv/lib/python3.10/site-packages/glance_store/location.py:146}}
Jan 03 20:32:42 ubuntu devstack@g-api.service[119157]: DEBUG glance_store.location [None req-cac87410-f893-4a25-8e21-6cdbe4cf6f65 tempest-ImageDependencyTests-1175710536 tempest-ImageDependencyTests-1175710536-project-member] Registering scheme swift with {'store': <glance_store._drivers.swift.store.SingleTenantStore object at 0x7f84b7943760>, 'location_class': <class 'glance_store._drivers.swift.store.StoreLocation'>, 'store_entry': 'swift'} {{(pid=119157) register_scheme_map /opt/stack/data/venv/lib/python3.10/site-packages/glance_store/location.py:146}}
Jan 03 20:32:42 ubuntu devstack@g-api.service[119157]: DEBUG glance_store.location [None req-cac87410-f893-4a25-8e21-6cdbe4cf6f65 tempest-ImageDependencyTests-1175710536 tempest-ImageDependencyTests-1175710536-project-member] Registering scheme swift+https with {'store': <glance_store._drivers.swift.store.SingleTenantStore object at 0x7f84b7943760>, 'location_class': <class 'glance_store._drivers.swift.store.StoreLocation'>, 'store_entry': 'swift'} {{(pid=119157) register_scheme_map /opt/stack/data/venv/lib/python3.10/site-packages/glance_store/location.py:146}}
Jan 03 20:32:42 ubuntu devstack@g-api.service[119157]: DEBUG glance_store.location [None req-cac87410-f893-4a25-8e21-6cdbe4cf6f65 tempest-ImageDependencyTests-1175710536 tempest-ImageDependencyTests-1175710536-project-member] Registering scheme swift with {'store': <glance_store._drivers.swift.store.SingleTenantStore object at 0x7f84b7943760>, 'location_class': <class 'glance_store._drivers.swift.store.StoreLocation'>, 'store_entry': 'swift'} {{(pid=119157) register_scheme_map /opt/stack/data/venv/lib/python3.10/site-packages/glance_store/location.py:146}}
Jan 03 20:32:42 ubuntu devstack@g-api.service[119157]: DEBUG glance_store.location [None req-cac87410-f893-4a25-8e21-6cdbe4cf6f65 tempest-ImageDependencyTests-1175710536 tempest-ImageDependencyTests-1175710536-project-member] Registering scheme swift+http with {'store': <glance_store._drivers.swift.store.SingleTenantStore object at 0x7f84b7943760>, 'location_class': <class 'glance_store._drivers.swift.store.StoreLocation'>, 'store_entry': 'swift'} {{(pid=119157) register_scheme_map /opt/stack/data/venv/lib/python3.10/site-packages/glance_store/location.py:146}}
Jan 03 20:32:42 ubuntu devstack@g-api.service[119157]: DEBUG glance_store.location [None req-cac87410-f893-4a25-8e21-6cdbe4cf6f65 tempest-ImageDependencyTests-1175710536 tempest-ImageDependencyTests-1175710536-project-member] Registering scheme swift+https with {'store': <glance_store._drivers.swift.store.SingleTenantStore object at 0x7f84b7943760>, 'location_class': <class 'glance_store._drivers.swift.store.StoreLocation'>, 'store_entry': 'swift'} {{(pid=119157) register_scheme_map /opt/stack/data/venv/lib/python3.10/site-packages/glance_store/location.py:146}}
Jan 03 20:32:42 ubuntu devstack@g-api.service[119157]: DEBUG glance_store.location [None req-cac87410-f893-4a25-8e21-6cdbe4cf6f65 tempest-ImageDependencyTests-1175710536 tempest-ImageDependencyTests-1175710536-project-member] Registering scheme swift with {'store': <glance_store._drivers.swift.store.SingleTenantStore object at 0x7f84b7943760>, 'location_class': <class 'glance_store._drivers.swift.store.StoreLocation'>, 'store_entry': 'swift'} {{(pid=119157) register_scheme_map /opt/stack/data/venv/lib/python3.10/site-packages/glance_store/location.py:146}}
Jan 03 20:32:42 ubuntu devstack@g-api.service[119157]: DEBUG glance_store.location [None req-cac87410-f893-4a25-8e21-6cdbe4cf6f65 tempest-ImageDependencyTests-1175710536 tempest-ImageDependencyTests-1175710536-project-member] Registering scheme swift+http with {'store': <glance_store._drivers.swift.store.SingleTenantStore object at 0x7f84b7943760>, 'location_class': <class 'glance_store._drivers.swift.store.StoreLocation'>, 'store_entry': 'swift'} {{(pid=119157) register_scheme_map /opt/stack/data/venv/lib/python3.10/site-packages/glance_store/location.py:146}}
Jan 03 20:32:42 ubuntu devstack@g-api.service[119157]: DEBUG glance_store.location [None req-cac87410-f893-4a25-8e21-6cdbe4cf6f65 tempest-ImageDependencyTests-1175710536 tempest-ImageDependencyTests-1175710536-project-member] Registering scheme swift+config with {'store': <glance_store._drivers.swift.store.SingleTenantStore object at 0x7f84b7943760>, 'location_class': <class 'glance_store._drivers.swift.store.StoreLocation'>, 'store_entry': 'swift'} {{(pid=119157) register_scheme_map /opt/stack/data/venv/lib/python3.10/site-packages/glance_store/location.py:146}}
Jan 03 20:32:42 ubuntu devstack@g-api.service[119157]: DEBUG keystoneclient.auth.identity.v3.base [None req-cac87410-f893-4a25-8e21-6cdbe4cf6f65 tempest-ImageDependencyTests-1175710536 tempest-ImageDependencyTests-1175710536-project-member] Making authentication request to http://10.201.5.82/identity/v3/auth/tokens {{(pid=119157) get_auth_ref /opt/stack/data/venv/lib/python3.10/site-packages/keystoneclient/auth/identity/v3/base.py:185}}
Jan 03 20:32:42 ubuntu devstack@g-api.service[119157]: DEBUG keystoneclient.auth.identity.v3.base [None req-cac87410-f893-4a25-8e21-6cdbe4cf6f65 tempest-ImageDependencyTests-1175710536 tempest-ImageDependencyTests-1175710536-project-member] {"token": {"methods": ["password"], "user": {"domain": {"id": "default", "name": "Default"}, "id": "cfed2d8aa7eb4b79bc32e30e8ec37bfb", "name": "glance-swift", "password_expires_at": null}, "audit_ids": ["EVvVQAHmTIG34eLIPd0p1w"], "expires_at": "2025-01-03T21:32:42.000000Z", "issued_at": "2025-01-03T20:32:42.000000Z", "project": {"domain": {"id": "default", "name": "Default"}, "id": "efc01e7565d44c36806cbc7b97f2b93a", "name": "service"}, "is_domain": false, "roles": [{"id": "a833172801f94661a1fc134b87cecb5c", "name": "service"}, {"id": "ee5bc28ca5544d1c880339ec8b1b45c9", "name": "ResellerAdmin"}], "catalog": [{"endpoints": [{"id": "cbd921dd955e48d98b9da012e7d6a0d0", "interface": "public", "region_id": "RegionOne", "url": "http://10.201.5.82/compute/v2.1", "region": "RegionOne"}], "id": "1ddc27815c8642c381daf5a6ed16ec7e", "type": "compute", "name": "nova"}, {"endpoints": [{"id": "9cbd74ca23524122ade20f9884d2c4c9", "interface": "public", "region_id": "RegionOne", "url": "http://10.201.5.82/identity", "region": "RegionOne"}], "id": "2bb0723f1fbc48aaa148e6e494b2d03c", "type": "identity", "name": "keystone"}, {"endpoints": [{"id": "755de68175fd46a9bcd34f2ced6d0bfa", "interface": "public", "region_id": "RegionOne", "url": "http://10.201.5.82/placement", "region": "RegionOne"}], "id": "67c0c5be07a740df8f7e1daa557c6267", "type": "placement", "name": "placement"}, {"endpoints": [{"id": "0086627a4345417081e739e2f58c8476", "interface": "public", "region_id": "RegionOne", "url": "http://10.201.5.82:9696/networking", "region": "RegionOne"}], "id": "6b6a4673ddc24679bcccd1179ae37220", "type": "network", "name": "neutron"}, {"endpoints": [{"id": "1ef8c8d252924872aad07fedcbc24e88", "interface": "public", "region_id": "RegionOne", "url": "http://10.201.5.82/volume/v3", "region": "RegionOne"}], "id": "76f2b781dd774d01a1aa44409ab63165", "type": "block-storage", "name": "cinder"}, {"endpoints": [{"id": "8587827bcd1740afb025fbd5ad22ed21", "interface": "public", "region_id": "RegionOne", "url": "http://10.201.5.82/image", "region": "RegionOne"}], "id": "903f07da2f7142078d3b0864335239a9", "type": "image", "name": "glance"}, {"endpoints": [{"id": "3d0fd5ed18804159b5051223ee70c1bd", "interface": "admin", "region_id": "RegionOne", "url": "http://10.201.5.82:8080", "region": "RegionOne"}, {"id": "6b3cd35208f94795a7c2346eb150cdf4", "interface": "public", "region_id": "RegionOne", "url": "http://10.201.5.82:8080/v1/AUTH_efc01e7565d44c36806cbc7b97f2b93a", "region": "RegionOne"}], "id": "934f0275967f4f0a8fc9a507fe087828", "type": "object-store", "name": "swift"}, {"endpoints": [{"id": "be6f088aa8cc4c309d04772f9a08265d", "interface": "public", "region_id": "RegionOne", "url": "http://10.201.5.82/compute/v2/efc01e7565d44c36806cbc7b97f2b93a", "region": "RegionOne"}], "id": "cf447b4490fa4ed8971ba9452daf3780", "type": "compute_legacy", "name": "nova_legacy"}]}} {{(pid=119157) get_auth_ref /opt/stack/data/venv/lib/python3.10/site-packages/keystoneclient/auth/identity/v3/base.py:190}}
Jan 03 20:32:42 ubuntu devstack@g-api.service[119157]: DEBUG keystoneclient.httpclient [None req-cac87410-f893-4a25-8e21-6cdbe4cf6f65 tempest-ImageDependencyTests-1175710536 tempest-ImageDependencyTests-1175710536-project-member] Failed to find endpoint for management url admin endpoint for identity service not found {{(pid=119157) _process_management_url /opt/stack/data/venv/lib/python3.10/site-packages/keystoneclient/httpclient.py:670}}
Jan 03 20:32:42 ubuntu devstack@g-api.service[119157]: DEBUG swiftclient [None req-cac87410-f893-4a25-8e21-6cdbe4cf6f65 tempest-ImageDependencyTests-1175710536 tempest-ImageDependencyTests-1175710536-project-member] REQ: curl -i http://10.201.5.82:8080/v1/AUTH_efc01e7565d44c36806cbc7b97f2b93a/glance/8fbcd0e5-e3a5-4967-806f-475232aaaa48 -I -H "X-Auth-Token: gAAAAABneElqhhS1..." {{(pid=119157) http_log /opt/stack/data/venv/lib/python3.10/site-packages/swiftclient/client.py:160}}
Jan 03 20:32:42 ubuntu devstack@g-api.service[119157]: DEBUG swiftclient [None req-cac87410-f893-4a25-8e21-6cdbe4cf6f65 tempest-ImageDependencyTests-1175710536 tempest-ImageDependencyTests-1175710536-project-member] RESP STATUS: 200 OK {{(pid=119157) http_log /opt/stack/data/venv/lib/python3.10/site-packages/swiftclient/client.py:161}}
Jan 03 20:32:42 ubuntu devstack@g-api.service[119157]: DEBUG swiftclient [None req-cac87410-f893-4a25-8e21-6cdbe4cf6f65 tempest-ImageDependencyTests-1175710536 tempest-ImageDependencyTests-1175710536-project-member] RESP HEADERS: {'Content-Type': 'application/octet-stream', 'Content-Length': '1024', 'Etag': '655fee94016ec91b94a31203183a5bb5', 'Last-Modified': 'Fri, 03 Jan 2025 20:32:37 GMT', 'X-Timestamp': '1735936356.94661', 'Accept-Ranges': 'bytes', 'X-Trans-Id': 'tx1c7bdf785a04480599253-006778496a', 'X-Openstack-Request-Id': 'tx1c7bdf785a04480599253-006778496a', 'Date': 'Fri, 03 Jan 2025 20:32:42 GMT'} {{(pid=119157) http_log /opt/stack/data/venv/lib/python3.10/site-packages/swiftclient/client.py:162}}
Jan 03 20:32:42 ubuntu devstack@g-api.service[119157]: DEBUG swiftclient [None req-cac87410-f893-4a25-8e21-6cdbe4cf6f65 tempest-ImageDependencyTests-1175710536 tempest-ImageDependencyTests-1175710536-project-member] REQ: curl -i http://10.201.5.82:8080/v1/AUTH_efc01e7565d44c36806cbc7b97f2b93a/glance/8fbcd0e5-e3a5-4967-806f-475232aaaa48 DELETE -H "X-Auth-Token: gAAAAABneElqhhS1..." {{(pid=119157) http_log /opt/stack/data/venv/lib/python3.10/site-packages/swiftclient/client.py:160}}
Jan 03 20:32:42 ubuntu devstack@g-api.service[119157]: DEBUG swiftclient [None req-cac87410-f893-4a25-8e21-6cdbe4cf6f65 tempest-ImageDependencyTests-1175710536 tempest-ImageDependencyTests-1175710536-project-member] RESP STATUS: 204 No Content {{(pid=119157) http_log /opt/stack/data/venv/lib/python3.10/site-packages/swiftclient/client.py:161}}
Jan 03 20:32:42 ubuntu devstack@g-api.service[119157]: DEBUG swiftclient [None req-cac87410-f893-4a25-8e21-6cdbe4cf6f65 tempest-ImageDependencyTests-1175710536 tempest-ImageDependencyTests-1175710536-project-member] RESP HEADERS: {'Content-Type': 'text/html; charset=UTF-8', 'Content-Length': '0', 'X-Trans-Id': 'txdc25ebae91784a89915c5-006778496a', 'X-Openstack-Request-Id': 'txdc25ebae91784a89915c5-006778496a', 'Date': 'Fri, 03 Jan 2025 20:32:42 GMT'} {{(pid=119157) http_log /opt/stack/data/venv/lib/python3.10/site-packages/swiftclient/client.py:162}}
Jan 03 20:32:42 ubuntu devstack@g-api.service[119157]: DEBUG glance.api.middleware.cache [None req-cac87410-f893-4a25-8e21-6cdbe4cf6f65 tempest-ImageDependencyTests-1175710536 tempest-ImageDependencyTests-1175710536-project-member] Removing image 8fbcd0e5-e3a5-4967-806f-475232aaaa48 from cache {{(pid=119157) _process_DELETE_response /opt/stack/glance/glance/api/middleware/cache.py:264}}
Jan 03 20:32:42 ubuntu devstack@g-api.service[119157]: DEBUG glance.image_cache.drivers.centralized_db [None req-cac87410-f893-4a25-8e21-6cdbe4cf6f65 tempest-ImageDependencyTests-1175710536 tempest-ImageDependencyTests-1175710536-project-member] Deleting image cache file '/opt/stack/data/glance/cache/8fbcd0e5-e3a5-4967-806f-475232aaaa48' {{(pid=119157) delete_cached_file /opt/stack/glance/glance/image_cache/drivers/centralized_db.py:387}}
Jan 03 20:32:42 ubuntu devstack@g-api.service[119157]: [pid: 119157|app: 0|req: 33/64] 127.0.0.1 () {38 vars in 773 bytes} [Fri Jan  3 20:32:42 2025] DELETE /v2/images/8fbcd0e5-e3a5-4967-806f-475232aaaa48 => generated 0 bytes in 148 msecs (HTTP/1.1 204) 4 headers in 171 bytes (1 switches on core 0)
Jan 03 20:32:42 ubuntu devstack@g-api.service[119158]: DEBUG glance.api.middleware.version_negotiation [None req-372564e0-1129-407a-93b2-51f4f35764e7 tempest-ImageDependencyTests-1175710536 tempest-ImageDependencyTests-1175710536-project-member] Determining version of request: GET /v2/images/8fbcd0e5-e3a5-4967-806f-475232aaaa48 Accept: application/json {{(pid=119158) process_request /opt/stack/glance/glance/api/middleware/version_negotiation.py:44}}
Jan 03 20:32:42 ubuntu devstack@g-api.service[119158]: DEBUG glance.api.middleware.version_negotiation [None req-372564e0-1129-407a-93b2-51f4f35764e7 tempest-ImageDependencyTests-1175710536 tempest-ImageDependencyTests-1175710536-project-member] Using url versioning {{(pid=119158) process_request /opt/stack/glance/glance/api/middleware/version_negotiation.py:57}}
Jan 03 20:32:42 ubuntu devstack@g-api.service[119158]: DEBUG glance.api.middleware.version_negotiation [None req-372564e0-1129-407a-93b2-51f4f35764e7 tempest-ImageDependencyTests-1175710536 tempest-ImageDependencyTests-1175710536-project-member] Matched version: v2 {{(pid=119158) process_request /opt/stack/glance/glance/api/middleware/version_negotiation.py:69}}
Jan 03 20:32:42 ubuntu devstack@g-api.service[119158]: DEBUG glance.api.middleware.version_negotiation [None req-372564e0-1129-407a-93b2-51f4f35764e7 tempest-ImageDependencyTests-1175710536 tempest-ImageDependencyTests-1175710536-project-member] new path /v2/images/8fbcd0e5-e3a5-4967-806f-475232aaaa48 {{(pid=119158) process_request /opt/stack/glance/glance/api/middleware/version_negotiation.py:70}}
Jan 03 20:32:42 ubuntu devstack@g-api.service[119158]: DEBUG glance.db.sqlalchemy.api [None req-9c3bcdf6-61b4-4b55-aeee-ca11b4e61939 tempest-ImageDependencyTests-1175710536 tempest-ImageDependencyTests-1175710536-project-member] No image found with ID 8fbcd0e5-e3a5-4967-806f-475232aaaa48 {{(pid=119158) _image_get /opt/stack/glance/glance/db/sqlalchemy/api.py:309}}
Jan 03 20:32:42 ubuntu devstack@g-api.service[119158]: [pid: 119158|app: 0|req: 32/65] 127.0.0.1 () {38 vars in 770 bytes} [Fri Jan  3 20:32:42 2025] GET /v2/images/8fbcd0e5-e3a5-4967-806f-475232aaaa48 => generated 139 bytes in 9 msecs (HTTP/1.1 404) 4 headers in 164 bytes (1 switches on core 0)
Jan 03 20:32:52 ubuntu devstack@g-api.service[119157]: DEBUG dbcounter [-] [119157] Writing DB stats glance:SELECT=52,glance:UPDATE=9,glance:INSERT=1,glance:DELETE=1 {{(pid=119157) stat_writer /opt/stack/data/venv/lib/python3.10/site-packages/dbcounter.py:115}}
Jan 03 20:32:52 ubuntu devstack@g-api.service[119158]: DEBUG dbcounter [-] [119158] Writing DB stats glance:SELECT=32,glance:INSERT=2,glance:UPDATE=1 {{(pid=119158) stat_writer /opt/stack/data/venv/lib/python3.10/site-packages/dbcounter.py:115}}
