Dec 12 19:29:03 ubuntu devstack@g-api.service[118548]: DEBUG glance.api.middleware.version_negotiation [None req-f82eb83e-d91e-4e53-8e2f-e02abef1c98c tempest-ImageDependencyTests-1899663451 tempest-ImageDependencyTests-1899663451-project-member] Matched version: v2 {{(pid=118548) process_request /opt/stack/glance/glance/api/middleware/version_negotiation.py:69}}
Dec 12 19:29:03 ubuntu devstack@g-api.service[118548]: DEBUG glance.api.middleware.version_negotiation [None req-f82eb83e-d91e-4e53-8e2f-e02abef1c98c tempest-ImageDependencyTests-1899663451 tempest-ImageDependencyTests-1899663451-project-member] new path /v2/images/07f0837a-2237-4dc9-b0cf-9adaf3278b0e {{(pid=118548) process_request /opt/stack/glance/glance/api/middleware/version_negotiation.py:70}}
Dec 12 19:29:03 ubuntu devstack@g-api.service[118549]: [pid: 118549|app: 0|req: 25/48] 127.0.0.1 () {42 vars in 1055 bytes} [Thu Dec 12 19:29:03 2024] GET /v2/images/07f0837a-2237-4dc9-b0cf-9adaf3278b0e/file => generated 1024 bytes in 27 msecs (HTTP/1.1 200) 5 headers in 213 bytes (1 switches on core 0)
Dec 12 19:29:03 ubuntu devstack@g-api.service[118548]: [pid: 118548|app: 0|req: 24/49] 127.0.0.1 () {42 vars in 1045 bytes} [Thu Dec 12 19:29:03 2024] GET /v2/images/07f0837a-2237-4dc9-b0cf-9adaf3278b0e => generated 808 bytes in 18 msecs (HTTP/1.1 200) 4 headers in 157 bytes (1 switches on core 0)
Dec 12 19:29:03 ubuntu devstack@g-api.service[118549]: DEBUG glance.api.middleware.version_negotiation [None req-f82eb83e-d91e-4e53-8e2f-e02abef1c98c tempest-ImageDependencyTests-1899663451 tempest-ImageDependencyTests-1899663451-project-member] Determining version of request: GET /v2/schemas/image Accept: */* {{(pid=118549) process_request /opt/stack/glance/glance/api/middleware/version_negotiation.py:44}}
Dec 12 19:29:03 ubuntu devstack@g-api.service[118549]: DEBUG glance.api.middleware.version_negotiation [None req-f82eb83e-d91e-4e53-8e2f-e02abef1c98c tempest-ImageDependencyTests-1899663451 tempest-ImageDependencyTests-1899663451-project-member] Using url versioning {{(pid=118549) process_request /opt/stack/glance/glance/api/middleware/version_negotiation.py:57}}
Dec 12 19:29:03 ubuntu devstack@g-api.service[118549]: DEBUG glance.api.middleware.version_negotiation [None req-f82eb83e-d91e-4e53-8e2f-e02abef1c98c tempest-ImageDependencyTests-1899663451 tempest-ImageDependencyTests-1899663451-project-member] Matched version: v2 {{(pid=118549) process_request /opt/stack/glance/glance/api/middleware/version_negotiation.py:69}}
Dec 12 19:29:03 ubuntu devstack@g-api.service[118549]: DEBUG glance.api.middleware.version_negotiation [None req-f82eb83e-d91e-4e53-8e2f-e02abef1c98c tempest-ImageDependencyTests-1899663451 tempest-ImageDependencyTests-1899663451-project-member] new path /v2/schemas/image {{(pid=118549) process_request /opt/stack/glance/glance/api/middleware/version_negotiation.py:70}}
Dec 12 19:29:03 ubuntu devstack@g-api.service[118549]: [pid: 118549|app: 0|req: 26/50] 127.0.0.1 () {42 vars in 985 bytes} [Thu Dec 12 19:29:03 2024] GET /v2/schemas/image => generated 6083 bytes in 4 msecs (HTTP/1.1 200) 4 headers in 158 bytes (1 switches on core 0)
Dec 12 19:29:04 ubuntu devstack@g-api.service[118548]: DEBUG glance.api.middleware.version_negotiation [None req-f82eb83e-d91e-4e53-8e2f-e02abef1c98c tempest-ImageDependencyTests-1899663451 tempest-ImageDependencyTests-1899663451-project-member] Determining version of request: GET /v2/images/07f0837a-2237-4dc9-b0cf-9adaf3278b0e Accept: */* {{(pid=118548) process_request /opt/stack/glance/glance/api/middleware/version_negotiation.py:44}}
Dec 12 19:29:04 ubuntu devstack@g-api.service[118548]: DEBUG glance.api.middleware.version_negotiation [None req-f82eb83e-d91e-4e53-8e2f-e02abef1c98c tempest-ImageDependencyTests-1899663451 tempest-ImageDependencyTests-1899663451-project-member] Using url versioning {{(pid=118548) process_request /opt/stack/glance/glance/api/middleware/version_negotiation.py:57}}
Dec 12 19:29:04 ubuntu devstack@g-api.service[118548]: DEBUG glance.api.middleware.version_negotiation [None req-f82eb83e-d91e-4e53-8e2f-e02abef1c98c tempest-ImageDependencyTests-1899663451 tempest-ImageDependencyTests-1899663451-project-member] Matched version: v2 {{(pid=118548) process_request /opt/stack/glance/glance/api/middleware/version_negotiation.py:69}}
Dec 12 19:29:04 ubuntu devstack@g-api.service[118548]: DEBUG glance.api.middleware.version_negotiation [None req-f82eb83e-d91e-4e53-8e2f-e02abef1c98c tempest-ImageDependencyTests-1899663451 tempest-ImageDependencyTests-1899663451-project-member] new path /v2/images/07f0837a-2237-4dc9-b0cf-9adaf3278b0e {{(pid=118548) process_request /opt/stack/glance/glance/api/middleware/version_negotiation.py:70}}
Dec 12 19:29:04 ubuntu devstack@g-api.service[118548]: [pid: 118548|app: 0|req: 25/51] 127.0.0.1 () {42 vars in 1045 bytes} [Thu Dec 12 19:29:04 2024] GET /v2/images/07f0837a-2237-4dc9-b0cf-9adaf3278b0e => generated 808 bytes in 17 msecs (HTTP/1.1 200) 4 headers in 157 bytes (1 switches on core 0)
Dec 12 19:29:04 ubuntu devstack@g-api.service[118549]: DEBUG glance.api.middleware.version_negotiation [None req-f82eb83e-d91e-4e53-8e2f-e02abef1c98c tempest-ImageDependencyTests-1899663451 tempest-ImageDependencyTests-1899663451-project-member] Determining version of request: GET /v2/schemas/image Accept: */* {{(pid=118549) process_request /opt/stack/glance/glance/api/middleware/version_negotiation.py:44}}
Dec 12 19:29:04 ubuntu devstack@g-api.service[118549]: DEBUG glance.api.middleware.version_negotiation [None req-f82eb83e-d91e-4e53-8e2f-e02abef1c98c tempest-ImageDependencyTests-1899663451 tempest-ImageDependencyTests-1899663451-project-member] Using url versioning {{(pid=118549) process_request /opt/stack/glance/glance/api/middleware/version_negotiation.py:57}}
Dec 12 19:29:04 ubuntu devstack@g-api.service[118549]: DEBUG glance.api.middleware.version_negotiation [None req-f82eb83e-d91e-4e53-8e2f-e02abef1c98c tempest-ImageDependencyTests-1899663451 tempest-ImageDependencyTests-1899663451-project-member] Matched version: v2 {{(pid=118549) process_request /opt/stack/glance/glance/api/middleware/version_negotiation.py:69}}
Dec 12 19:29:04 ubuntu devstack@g-api.service[118549]: DEBUG glance.api.middleware.version_negotiation [None req-f82eb83e-d91e-4e53-8e2f-e02abef1c98c tempest-ImageDependencyTests-1899663451 tempest-ImageDependencyTests-1899663451-project-member] new path /v2/schemas/image {{(pid=118549) process_request /opt/stack/glance/glance/api/middleware/version_negotiation.py:70}}
Dec 12 19:29:04 ubuntu devstack@g-api.service[118549]: [pid: 118549|app: 0|req: 27/52] 127.0.0.1 () {42 vars in 985 bytes} [Thu Dec 12 19:29:04 2024] GET /v2/schemas/image => generated 6083 bytes in 9 msecs (HTTP/1.1 200) 4 headers in 158 bytes (1 switches on core 0)
Dec 12 19:29:04 ubuntu devstack@g-api.service[118548]: DEBUG glance.api.middleware.version_negotiation [None req-f82eb83e-d91e-4e53-8e2f-e02abef1c98c tempest-ImageDependencyTests-1899663451 tempest-ImageDependencyTests-1899663451-project-member] Determining version of request: GET /v2/images/07f0837a-2237-4dc9-b0cf-9adaf3278b0e Accept: */* {{(pid=118548) process_request /opt/stack/glance/glance/api/middleware/version_negotiation.py:44}}
Dec 12 19:29:04 ubuntu devstack@g-api.service[118548]: DEBUG glance.api.middleware.version_negotiation [None req-f82eb83e-d91e-4e53-8e2f-e02abef1c98c tempest-ImageDependencyTests-1899663451 tempest-ImageDependencyTests-1899663451-project-member] Using url versioning {{(pid=118548) process_request /opt/stack/glance/glance/api/middleware/version_negotiation.py:57}}
Dec 12 19:29:04 ubuntu devstack@g-api.service[118548]: DEBUG glance.api.middleware.version_negotiation [None req-f82eb83e-d91e-4e53-8e2f-e02abef1c98c tempest-ImageDependencyTests-1899663451 tempest-ImageDependencyTests-1899663451-project-member] Matched version: v2 {{(pid=118548) process_request /opt/stack/glance/glance/api/middleware/version_negotiation.py:69}}
Dec 12 19:29:04 ubuntu devstack@g-api.service[118548]: DEBUG glance.api.middleware.version_negotiation [None req-f82eb83e-d91e-4e53-8e2f-e02abef1c98c tempest-ImageDependencyTests-1899663451 tempest-ImageDependencyTests-1899663451-project-member] new path /v2/images/07f0837a-2237-4dc9-b0cf-9adaf3278b0e {{(pid=118548) process_request /opt/stack/glance/glance/api/middleware/version_negotiation.py:70}}
Dec 12 19:29:04 ubuntu devstack@g-api.service[118548]: [pid: 118548|app: 0|req: 26/53] 127.0.0.1 () {42 vars in 1045 bytes} [Thu Dec 12 19:29:04 2024] GET /v2/images/07f0837a-2237-4dc9-b0cf-9adaf3278b0e => generated 808 bytes in 16 msecs (HTTP/1.1 200) 4 headers in 157 bytes (1 switches on core 0)
Dec 12 19:29:04 ubuntu devstack@g-api.service[118549]: DEBUG glance.api.middleware.version_negotiation [None req-f82eb83e-d91e-4e53-8e2f-e02abef1c98c tempest-ImageDependencyTests-1899663451 tempest-ImageDependencyTests-1899663451-project-member] Determining version of request: GET /v2/schemas/image Accept: */* {{(pid=118549) process_request /opt/stack/glance/glance/api/middleware/version_negotiation.py:44}}
Dec 12 19:29:04 ubuntu devstack@g-api.service[118549]: DEBUG glance.api.middleware.version_negotiation [None req-f82eb83e-d91e-4e53-8e2f-e02abef1c98c tempest-ImageDependencyTests-1899663451 tempest-ImageDependencyTests-1899663451-project-member] Using url versioning {{(pid=118549) process_request /opt/stack/glance/glance/api/middleware/version_negotiation.py:57}}
Dec 12 19:29:04 ubuntu devstack@g-api.service[118549]: DEBUG glance.api.middleware.version_negotiation [None req-f82eb83e-d91e-4e53-8e2f-e02abef1c98c tempest-ImageDependencyTests-1899663451 tempest-ImageDependencyTests-1899663451-project-member] Matched version: v2 {{(pid=118549) process_request /opt/stack/glance/glance/api/middleware/version_negotiation.py:69}}
Dec 12 19:29:04 ubuntu devstack@g-api.service[118549]: DEBUG glance.api.middleware.version_negotiation [None req-f82eb83e-d91e-4e53-8e2f-e02abef1c98c tempest-ImageDependencyTests-1899663451 tempest-ImageDependencyTests-1899663451-project-member] new path /v2/schemas/image {{(pid=118549) process_request /opt/stack/glance/glance/api/middleware/version_negotiation.py:70}}
Dec 12 19:29:04 ubuntu devstack@g-api.service[118549]: [pid: 118549|app: 0|req: 28/54] 127.0.0.1 () {42 vars in 985 bytes} [Thu Dec 12 19:29:04 2024] GET /v2/schemas/image => generated 6083 bytes in 5 msecs (HTTP/1.1 200) 4 headers in 158 bytes (1 switches on core 0)
Dec 12 19:29:04 ubuntu devstack@g-api.service[118548]: DEBUG glance.api.middleware.version_negotiation [None req-f82eb83e-d91e-4e53-8e2f-e02abef1c98c tempest-ImageDependencyTests-1899663451 tempest-ImageDependencyTests-1899663451-project-member] Determining version of request: GET /v2/images/07f0837a-2237-4dc9-b0cf-9adaf3278b0e Accept: */* {{(pid=118548) process_request /opt/stack/glance/glance/api/middleware/version_negotiation.py:44}}
Dec 12 19:29:04 ubuntu devstack@g-api.service[118548]: DEBUG glance.api.middleware.version_negotiation [None req-f82eb83e-d91e-4e53-8e2f-e02abef1c98c tempest-ImageDependencyTests-1899663451 tempest-ImageDependencyTests-1899663451-project-member] Using url versioning {{(pid=118548) process_request /opt/stack/glance/glance/api/middleware/version_negotiation.py:57}}
Dec 12 19:29:04 ubuntu devstack@g-api.service[118548]: DEBUG glance.api.middleware.version_negotiation [None req-f82eb83e-d91e-4e53-8e2f-e02abef1c98c tempest-ImageDependencyTests-1899663451 tempest-ImageDependencyTests-1899663451-project-member] Matched version: v2 {{(pid=118548) process_request /opt/stack/glance/glance/api/middleware/version_negotiation.py:69}}
Dec 12 19:29:04 ubuntu devstack@g-api.service[118548]: DEBUG glance.api.middleware.version_negotiation [None req-f82eb83e-d91e-4e53-8e2f-e02abef1c98c tempest-ImageDependencyTests-1899663451 tempest-ImageDependencyTests-1899663451-project-member] new path /v2/images/07f0837a-2237-4dc9-b0cf-9adaf3278b0e {{(pid=118548) process_request /opt/stack/glance/glance/api/middleware/version_negotiation.py:70}}
Dec 12 19:29:04 ubuntu devstack@g-api.service[118548]: [pid: 118548|app: 0|req: 27/55] 127.0.0.1 () {42 vars in 1045 bytes} [Thu Dec 12 19:29:04 2024] GET /v2/images/07f0837a-2237-4dc9-b0cf-9adaf3278b0e => generated 808 bytes in 9 msecs (HTTP/1.1 200) 4 headers in 157 bytes (1 switches on core 0)
Dec 12 19:29:04 ubuntu devstack@g-api.service[118549]: DEBUG glance.api.middleware.version_negotiation [None req-f82eb83e-d91e-4e53-8e2f-e02abef1c98c tempest-ImageDependencyTests-1899663451 tempest-ImageDependencyTests-1899663451-project-member] Determining version of request: GET /v2/schemas/image Accept: */* {{(pid=118549) process_request /opt/stack/glance/glance/api/middleware/version_negotiation.py:44}}
Dec 12 19:29:04 ubuntu devstack@g-api.service[118549]: DEBUG glance.api.middleware.version_negotiation [None req-f82eb83e-d91e-4e53-8e2f-e02abef1c98c tempest-ImageDependencyTests-1899663451 tempest-ImageDependencyTests-1899663451-project-member] Using url versioning {{(pid=118549) process_request /opt/stack/glance/glance/api/middleware/version_negotiation.py:57}}
Dec 12 19:29:04 ubuntu devstack@g-api.service[118549]: DEBUG glance.api.middleware.version_negotiation [None req-f82eb83e-d91e-4e53-8e2f-e02abef1c98c tempest-ImageDependencyTests-1899663451 tempest-ImageDependencyTests-1899663451-project-member] Matched version: v2 {{(pid=118549) process_request /opt/stack/glance/glance/api/middleware/version_negotiation.py:69}}
Dec 12 19:29:04 ubuntu devstack@g-api.service[118549]: DEBUG glance.api.middleware.version_negotiation [None req-f82eb83e-d91e-4e53-8e2f-e02abef1c98c tempest-ImageDependencyTests-1899663451 tempest-ImageDependencyTests-1899663451-project-member] new path /v2/schemas/image {{(pid=118549) process_request /opt/stack/glance/glance/api/middleware/version_negotiation.py:70}}
Dec 12 19:29:04 ubuntu devstack@g-api.service[118549]: [pid: 118549|app: 0|req: 29/56] 127.0.0.1 () {42 vars in 985 bytes} [Thu Dec 12 19:29:04 2024] GET /v2/schemas/image => generated 6083 bytes in 3 msecs (HTTP/1.1 200) 4 headers in 158 bytes (1 switches on core 0)
Dec 12 19:29:04 ubuntu devstack@g-api.service[118548]: DEBUG glance.api.middleware.version_negotiation [None req-f82eb83e-d91e-4e53-8e2f-e02abef1c98c tempest-ImageDependencyTests-1899663451 tempest-ImageDependencyTests-1899663451-project-member] Determining version of request: GET /v2/schemas/image Accept: */* {{(pid=118548) process_request /opt/stack/glance/glance/api/middleware/version_negotiation.py:44}}
Dec 12 19:29:04 ubuntu devstack@g-api.service[118548]: DEBUG glance.api.middleware.version_negotiation [None req-f82eb83e-d91e-4e53-8e2f-e02abef1c98c tempest-ImageDependencyTests-1899663451 tempest-ImageDependencyTests-1899663451-project-member] Using url versioning {{(pid=118548) process_request /opt/stack/glance/glance/api/middleware/version_negotiation.py:57}}
Dec 12 19:29:04 ubuntu devstack@g-api.service[118548]: DEBUG glance.api.middleware.version_negotiation [None req-f82eb83e-d91e-4e53-8e2f-e02abef1c98c tempest-ImageDependencyTests-1899663451 tempest-ImageDependencyTests-1899663451-project-member] Matched version: v2 {{(pid=118548) process_request /opt/stack/glance/glance/api/middleware/version_negotiation.py:69}}
Dec 12 19:29:04 ubuntu devstack@g-api.service[118548]: DEBUG glance.api.middleware.version_negotiation [None req-f82eb83e-d91e-4e53-8e2f-e02abef1c98c tempest-ImageDependencyTests-1899663451 tempest-ImageDependencyTests-1899663451-project-member] new path /v2/schemas/image {{(pid=118548) process_request /opt/stack/glance/glance/api/middleware/version_negotiation.py:70}}
Dec 12 19:29:04 ubuntu devstack@g-api.service[118548]: [pid: 118548|app: 0|req: 28/57] 127.0.0.1 () {42 vars in 985 bytes} [Thu Dec 12 19:29:04 2024] GET /v2/schemas/image => generated 6083 bytes in 3 msecs (HTTP/1.1 200) 4 headers in 158 bytes (1 switches on core 0)
Dec 12 19:29:04 ubuntu devstack@g-api.service[118549]: DEBUG glance.api.middleware.version_negotiation [None req-f82eb83e-d91e-4e53-8e2f-e02abef1c98c tempest-ImageDependencyTests-1899663451 tempest-ImageDependencyTests-1899663451-project-member] Determining version of request: GET /v2/images/07f0837a-2237-4dc9-b0cf-9adaf3278b0e Accept: */* {{(pid=118549) process_request /opt/stack/glance/glance/api/middleware/version_negotiation.py:44}}
Dec 12 19:29:04 ubuntu devstack@g-api.service[118549]: DEBUG glance.api.middleware.version_negotiation [None req-f82eb83e-d91e-4e53-8e2f-e02abef1c98c tempest-ImageDependencyTests-1899663451 tempest-ImageDependencyTests-1899663451-project-member] Using url versioning {{(pid=118549) process_request /opt/stack/glance/glance/api/middleware/version_negotiation.py:57}}
Dec 12 19:29:04 ubuntu devstack@g-api.service[118549]: DEBUG glance.api.middleware.version_negotiation [None req-f82eb83e-d91e-4e53-8e2f-e02abef1c98c tempest-ImageDependencyTests-1899663451 tempest-ImageDependencyTests-1899663451-project-member] Matched version: v2 {{(pid=118549) process_request /opt/stack/glance/glance/api/middleware/version_negotiation.py:69}}
Dec 12 19:29:04 ubuntu devstack@g-api.service[118549]: DEBUG glance.api.middleware.version_negotiation [None req-f82eb83e-d91e-4e53-8e2f-e02abef1c98c tempest-ImageDependencyTests-1899663451 tempest-ImageDependencyTests-1899663451-project-member] new path /v2/images/07f0837a-2237-4dc9-b0cf-9adaf3278b0e {{(pid=118549) process_request /opt/stack/glance/glance/api/middleware/version_negotiation.py:70}}
Dec 12 19:29:04 ubuntu devstack@g-api.service[118549]: [pid: 118549|app: 0|req: 30/58] 127.0.0.1 () {42 vars in 1045 bytes} [Thu Dec 12 19:29:04 2024] GET /v2/images/07f0837a-2237-4dc9-b0cf-9adaf3278b0e => generated 808 bytes in 11 msecs (HTTP/1.1 200) 4 headers in 157 bytes (1 switches on core 0)
Dec 12 19:29:04 ubuntu devstack@g-api.service[118548]: DEBUG glance.api.middleware.version_negotiation [None req-f82eb83e-d91e-4e53-8e2f-e02abef1c98c tempest-ImageDependencyTests-1899663451 tempest-ImageDependencyTests-1899663451-project-member] Determining version of request: GET /v2/images/07f0837a-2237-4dc9-b0cf-9adaf3278b0e/file Accept: */* {{(pid=118548) process_request /opt/stack/glance/glance/api/middleware/version_negotiation.py:44}}
Dec 12 19:29:04 ubuntu devstack@g-api.service[118548]: DEBUG glance.api.middleware.version_negotiation [None req-f82eb83e-d91e-4e53-8e2f-e02abef1c98c tempest-ImageDependencyTests-1899663451 tempest-ImageDependencyTests-1899663451-project-member] Using url versioning {{(pid=118548) process_request /opt/stack/glance/glance/api/middleware/version_negotiation.py:57}}
Dec 12 19:29:04 ubuntu devstack@g-api.service[118548]: DEBUG glance.api.middleware.version_negotiation [None req-f82eb83e-d91e-4e53-8e2f-e02abef1c98c tempest-ImageDependencyTests-1899663451 tempest-ImageDependencyTests-1899663451-project-member] Matched version: v2 {{(pid=118548) process_request /opt/stack/glance/glance/api/middleware/version_negotiation.py:69}}
Dec 12 19:29:04 ubuntu devstack@g-api.service[118548]: DEBUG glance.api.middleware.version_negotiation [None req-f82eb83e-d91e-4e53-8e2f-e02abef1c98c tempest-ImageDependencyTests-1899663451 tempest-ImageDependencyTests-1899663451-project-member] new path /v2/images/07f0837a-2237-4dc9-b0cf-9adaf3278b0e/file {{(pid=118548) process_request /opt/stack/glance/glance/api/middleware/version_negotiation.py:70}}
Dec 12 19:29:04 ubuntu devstack@g-api.service[118548]: DEBUG glance.api.middleware.cache [None req-f82eb83e-d91e-4e53-8e2f-e02abef1c98c tempest-ImageDependencyTests-1899663451 tempest-ImageDependencyTests-1899663451-project-member] Cache hit for image '07f0837a-2237-4dc9-b0cf-9adaf3278b0e' {{(pid=118548) process_request /opt/stack/glance/glance/api/middleware/cache.py:160}}
Dec 12 19:29:04 ubuntu devstack@g-api.service[118549]: DEBUG glance.api.middleware.version_negotiation [None req-f82eb83e-d91e-4e53-8e2f-e02abef1c98c tempest-ImageDependencyTests-1899663451 tempest-ImageDependencyTests-1899663451-project-member] Determining version of request: GET /v2/images/07f0837a-2237-4dc9-b0cf-9adaf3278b0e Accept: */* {{(pid=118549) process_request /opt/stack/glance/glance/api/middleware/version_negotiation.py:44}}
Dec 12 19:29:04 ubuntu devstack@g-api.service[118549]: DEBUG glance.api.middleware.version_negotiation [None req-f82eb83e-d91e-4e53-8e2f-e02abef1c98c tempest-ImageDependencyTests-1899663451 tempest-ImageDependencyTests-1899663451-project-member] Using url versioning {{(pid=118549) process_request /opt/stack/glance/glance/api/middleware/version_negotiation.py:57}}
Dec 12 19:29:04 ubuntu devstack@g-api.service[118549]: DEBUG glance.api.middleware.version_negotiation [None req-f82eb83e-d91e-4e53-8e2f-e02abef1c98c tempest-ImageDependencyTests-1899663451 tempest-ImageDependencyTests-1899663451-project-member] Matched version: v2 {{(pid=118549) process_request /opt/stack/glance/glance/api/middleware/version_negotiation.py:69}}
Dec 12 19:29:04 ubuntu devstack@g-api.service[118549]: DEBUG glance.api.middleware.version_negotiation [None req-f82eb83e-d91e-4e53-8e2f-e02abef1c98c tempest-ImageDependencyTests-1899663451 tempest-ImageDependencyTests-1899663451-project-member] new path /v2/images/07f0837a-2237-4dc9-b0cf-9adaf3278b0e {{(pid=118549) process_request /opt/stack/glance/glance/api/middleware/version_negotiation.py:70}}
Dec 12 19:29:04 ubuntu devstack@g-api.service[118548]: [pid: 118548|app: 0|req: 29/59] 127.0.0.1 () {42 vars in 1055 bytes} [Thu Dec 12 19:29:04 2024] GET /v2/images/07f0837a-2237-4dc9-b0cf-9adaf3278b0e/file => generated 1024 bytes in 32 msecs (HTTP/1.1 200) 5 headers in 213 bytes (1 switches on core 0)
Dec 12 19:29:04 ubuntu devstack@g-api.service[118549]: [pid: 118549|app: 0|req: 31/60] 127.0.0.1 () {42 vars in 1045 bytes} [Thu Dec 12 19:29:04 2024] GET /v2/images/07f0837a-2237-4dc9-b0cf-9adaf3278b0e => generated 808 bytes in 17 msecs (HTTP/1.1 200) 4 headers in 157 bytes (1 switches on core 0)
Dec 12 19:29:04 ubuntu devstack@g-api.service[118548]: DEBUG glance.api.middleware.version_negotiation [None req-f82eb83e-d91e-4e53-8e2f-e02abef1c98c tempest-ImageDependencyTests-1899663451 tempest-ImageDependencyTests-1899663451-project-member] Determining version of request: GET /v2/schemas/image Accept: */* {{(pid=118548) process_request /opt/stack/glance/glance/api/middleware/version_negotiation.py:44}}
Dec 12 19:29:04 ubuntu devstack@g-api.service[118548]: DEBUG glance.api.middleware.version_negotiation [None req-f82eb83e-d91e-4e53-8e2f-e02abef1c98c tempest-ImageDependencyTests-1899663451 tempest-ImageDependencyTests-1899663451-project-member] Using url versioning {{(pid=118548) process_request /opt/stack/glance/glance/api/middleware/version_negotiation.py:57}}
Dec 12 19:29:04 ubuntu devstack@g-api.service[118548]: DEBUG glance.api.middleware.version_negotiation [None req-f82eb83e-d91e-4e53-8e2f-e02abef1c98c tempest-ImageDependencyTests-1899663451 tempest-ImageDependencyTests-1899663451-project-member] Matched version: v2 {{(pid=118548) process_request /opt/stack/glance/glance/api/middleware/version_negotiation.py:69}}
Dec 12 19:29:04 ubuntu devstack@g-api.service[118548]: DEBUG glance.api.middleware.version_negotiation [None req-f82eb83e-d91e-4e53-8e2f-e02abef1c98c tempest-ImageDependencyTests-1899663451 tempest-ImageDependencyTests-1899663451-project-member] new path /v2/schemas/image {{(pid=118548) process_request /opt/stack/glance/glance/api/middleware/version_negotiation.py:70}}
Dec 12 19:29:04 ubuntu devstack@g-api.service[118548]: [pid: 118548|app: 0|req: 30/61] 127.0.0.1 () {42 vars in 985 bytes} [Thu Dec 12 19:29:04 2024] GET /v2/schemas/image => generated 6083 bytes in 3 msecs (HTTP/1.1 200) 4 headers in 158 bytes (1 switches on core 0)
Dec 12 19:29:05 ubuntu devstack@g-api.service[118549]: DEBUG glance.api.middleware.version_negotiation [None req-f82eb83e-d91e-4e53-8e2f-e02abef1c98c tempest-ImageDependencyTests-1899663451 tempest-ImageDependencyTests-1899663451-project-member] Determining version of request: GET /v2/images/07f0837a-2237-4dc9-b0cf-9adaf3278b0e Accept: */* {{(pid=118549) process_request /opt/stack/glance/glance/api/middleware/version_negotiation.py:44}}
Dec 12 19:29:05 ubuntu devstack@g-api.service[118549]: DEBUG glance.api.middleware.version_negotiation [None req-f82eb83e-d91e-4e53-8e2f-e02abef1c98c tempest-ImageDependencyTests-1899663451 tempest-ImageDependencyTests-1899663451-project-member] Using url versioning {{(pid=118549) process_request /opt/stack/glance/glance/api/middleware/version_negotiation.py:57}}
Dec 12 19:29:05 ubuntu devstack@g-api.service[118549]: DEBUG glance.api.middleware.version_negotiation [None req-f82eb83e-d91e-4e53-8e2f-e02abef1c98c tempest-ImageDependencyTests-1899663451 tempest-ImageDependencyTests-1899663451-project-member] Matched version: v2 {{(pid=118549) process_request /opt/stack/glance/glance/api/middleware/version_negotiation.py:69}}
Dec 12 19:29:05 ubuntu devstack@g-api.service[118549]: DEBUG glance.api.middleware.version_negotiation [None req-f82eb83e-d91e-4e53-8e2f-e02abef1c98c tempest-ImageDependencyTests-1899663451 tempest-ImageDependencyTests-1899663451-project-member] new path /v2/images/07f0837a-2237-4dc9-b0cf-9adaf3278b0e {{(pid=118549) process_request /opt/stack/glance/glance/api/middleware/version_negotiation.py:70}}
Dec 12 19:29:05 ubuntu devstack@g-api.service[118549]: [pid: 118549|app: 0|req: 32/62] 127.0.0.1 () {42 vars in 1045 bytes} [Thu Dec 12 19:29:05 2024] GET /v2/images/07f0837a-2237-4dc9-b0cf-9adaf3278b0e => generated 808 bytes in 20 msecs (HTTP/1.1 200) 4 headers in 157 bytes (1 switches on core 0)
Dec 12 19:29:05 ubuntu devstack@g-api.service[118548]: DEBUG glance.api.middleware.version_negotiation [None req-f82eb83e-d91e-4e53-8e2f-e02abef1c98c tempest-ImageDependencyTests-1899663451 tempest-ImageDependencyTests-1899663451-project-member] Determining version of request: GET /v2/schemas/image Accept: */* {{(pid=118548) process_request /opt/stack/glance/glance/api/middleware/version_negotiation.py:44}}
Dec 12 19:29:05 ubuntu devstack@g-api.service[118548]: DEBUG glance.api.middleware.version_negotiation [None req-f82eb83e-d91e-4e53-8e2f-e02abef1c98c tempest-ImageDependencyTests-1899663451 tempest-ImageDependencyTests-1899663451-project-member] Using url versioning {{(pid=118548) process_request /opt/stack/glance/glance/api/middleware/version_negotiation.py:57}}
Dec 12 19:29:05 ubuntu devstack@g-api.service[118548]: DEBUG glance.api.middleware.version_negotiation [None req-f82eb83e-d91e-4e53-8e2f-e02abef1c98c tempest-ImageDependencyTests-1899663451 tempest-ImageDependencyTests-1899663451-project-member] Matched version: v2 {{(pid=118548) process_request /opt/stack/glance/glance/api/middleware/version_negotiation.py:69}}
Dec 12 19:29:05 ubuntu devstack@g-api.service[118548]: DEBUG glance.api.middleware.version_negotiation [None req-f82eb83e-d91e-4e53-8e2f-e02abef1c98c tempest-ImageDependencyTests-1899663451 tempest-ImageDependencyTests-1899663451-project-member] new path /v2/schemas/image {{(pid=118548) process_request /opt/stack/glance/glance/api/middleware/version_negotiation.py:70}}
Dec 12 19:29:05 ubuntu devstack@g-api.service[118548]: [pid: 118548|app: 0|req: 31/63] 127.0.0.1 () {42 vars in 985 bytes} [Thu Dec 12 19:29:05 2024] GET /v2/schemas/image => generated 6083 bytes in 8 msecs (HTTP/1.1 200) 4 headers in 158 bytes (1 switches on core 0)
Dec 12 19:29:05 ubuntu devstack@g-api.service[118549]: DEBUG glance.api.middleware.version_negotiation [None req-f82eb83e-d91e-4e53-8e2f-e02abef1c98c tempest-ImageDependencyTests-1899663451 tempest-ImageDependencyTests-1899663451-project-member] Determining version of request: DELETE /v2/images/07f0837a-2237-4dc9-b0cf-9adaf3278b0e Accept: application/json {{(pid=118549) process_request /opt/stack/glance/glance/api/middleware/version_negotiation.py:44}}
Dec 12 19:29:05 ubuntu devstack@g-api.service[118549]: DEBUG glance.api.middleware.version_negotiation [None req-f82eb83e-d91e-4e53-8e2f-e02abef1c98c tempest-ImageDependencyTests-1899663451 tempest-ImageDependencyTests-1899663451-project-member] Using url versioning {{(pid=118549) process_request /opt/stack/glance/glance/api/middleware/version_negotiation.py:57}}
Dec 12 19:29:05 ubuntu devstack@g-api.service[118549]: DEBUG glance.api.middleware.version_negotiation [None req-f82eb83e-d91e-4e53-8e2f-e02abef1c98c tempest-ImageDependencyTests-1899663451 tempest-ImageDependencyTests-1899663451-project-member] Matched version: v2 {{(pid=118549) process_request /opt/stack/glance/glance/api/middleware/version_negotiation.py:69}}
Dec 12 19:29:05 ubuntu devstack@g-api.service[118549]: DEBUG glance.api.middleware.version_negotiation [None req-f82eb83e-d91e-4e53-8e2f-e02abef1c98c tempest-ImageDependencyTests-1899663451 tempest-ImageDependencyTests-1899663451-project-member] new path /v2/images/07f0837a-2237-4dc9-b0cf-9adaf3278b0e {{(pid=118549) process_request /opt/stack/glance/glance/api/middleware/version_negotiation.py:70}}
Dec 12 19:29:05 ubuntu devstack@g-api.service[118549]: WARNING glance.api.v2.images [None req-c6bd56c8-9e50-4eb2-acf5-1577548654d1 tempest-ImageDependencyTests-1899663451 tempest-ImageDependencyTests-1899663451-project-member] After upload to backend, deletion of staged image data has failed because it cannot be found at /tmp/staging//07f0837a-2237-4dc9-b0cf-9adaf3278b0e
Dec 12 19:29:05 ubuntu devstack@g-api.service[118549]: DEBUG glance_store.backend [None req-c6bd56c8-9e50-4eb2-acf5-1577548654d1 tempest-ImageDependencyTests-1899663451 tempest-ImageDependencyTests-1899663451-project-member] Attempting to import store swift {{(pid=118549) _load_store /opt/stack/data/venv/lib/python3.10/site-packages/glance_store/backend.py:216}}
Dec 12 19:29:05 ubuntu devstack@g-api.service[118549]: DEBUG glance_store.capabilities [None req-c6bd56c8-9e50-4eb2-acf5-1577548654d1 tempest-ImageDependencyTests-1899663451 tempest-ImageDependencyTests-1899663451-project-member] Store glance_store._drivers.swift.store.SingleTenantStore doesn't support updating dynamic storage capabilities. Please overwrite 'update_capabilities' method of the store to implement updating logics if needed. {{(pid=118549) update_capabilities /opt/stack/data/venv/lib/python3.10/site-packages/glance_store/capabilities.py:91}}
Dec 12 19:29:05 ubuntu devstack@g-api.service[118549]: DEBUG glance_store.driver [None req-c6bd56c8-9e50-4eb2-acf5-1577548654d1 tempest-ImageDependencyTests-1899663451 tempest-ImageDependencyTests-1899663451-project-member] Late loading location class glance_store._drivers.swift.store.StoreLocation {{(pid=118549) get_store_location_class /opt/stack/data/venv/lib/python3.10/site-packages/glance_store/driver.py:133}}
Dec 12 19:29:05 ubuntu devstack@g-api.service[118549]: DEBUG glance_store.location [None req-c6bd56c8-9e50-4eb2-acf5-1577548654d1 tempest-ImageDependencyTests-1899663451 tempest-ImageDependencyTests-1899663451-project-member] Registering scheme swift+https with {'store': <glance_store._drivers.swift.store.SingleTenantStore object at 0x7f7bd6575c60>, 'location_class': <class 'glance_store._drivers.swift.store.StoreLocation'>, 'store_entry': 'swift'} {{(pid=118549) register_scheme_map /opt/stack/data/venv/lib/python3.10/site-packages/glance_store/location.py:146}}
Dec 12 19:29:05 ubuntu devstack@g-api.service[118549]: DEBUG glance_store.location [None req-c6bd56c8-9e50-4eb2-acf5-1577548654d1 tempest-ImageDependencyTests-1899663451 tempest-ImageDependencyTests-1899663451-project-member] Registering scheme swift+https with {'store': <glance_store._drivers.swift.store.SingleTenantStore object at 0x7f7bd6575c60>, 'location_class': <class 'glance_store._drivers.swift.store.StoreLocation'>, 'store_entry': 'swift'} {{(pid=118549) register_scheme_map /opt/stack/data/venv/lib/python3.10/site-packages/glance_store/location.py:146}}
Dec 12 19:29:05 ubuntu devstack@g-api.service[118549]: DEBUG glance_store.location [None req-c6bd56c8-9e50-4eb2-acf5-1577548654d1 tempest-ImageDependencyTests-1899663451 tempest-ImageDependencyTests-1899663451-project-member] Registering scheme swift with {'store': <glance_store._drivers.swift.store.SingleTenantStore object at 0x7f7bd6575c60>, 'location_class': <class 'glance_store._drivers.swift.store.StoreLocation'>, 'store_entry': 'swift'} {{(pid=118549) register_scheme_map /opt/stack/data/venv/lib/python3.10/site-packages/glance_store/location.py:146}}
Dec 12 19:29:05 ubuntu devstack@g-api.service[118549]: DEBUG glance_store.location [None req-c6bd56c8-9e50-4eb2-acf5-1577548654d1 tempest-ImageDependencyTests-1899663451 tempest-ImageDependencyTests-1899663451-project-member] Registering scheme swift+https with {'store': <glance_store._drivers.swift.store.SingleTenantStore object at 0x7f7bd6575c60>, 'location_class': <class 'glance_store._drivers.swift.store.StoreLocation'>, 'store_entry': 'swift'} {{(pid=118549) register_scheme_map /opt/stack/data/venv/lib/python3.10/site-packages/glance_store/location.py:146}}
Dec 12 19:29:05 ubuntu devstack@g-api.service[118549]: DEBUG glance_store.location [None req-c6bd56c8-9e50-4eb2-acf5-1577548654d1 tempest-ImageDependencyTests-1899663451 tempest-ImageDependencyTests-1899663451-project-member] Registering scheme swift with {'store': <glance_store._drivers.swift.store.SingleTenantStore object at 0x7f7bd6575c60>, 'location_class': <class 'glance_store._drivers.swift.store.StoreLocation'>, 'store_entry': 'swift'} {{(pid=118549) register_scheme_map /opt/stack/data/venv/lib/python3.10/site-packages/glance_store/location.py:146}}
Dec 12 19:29:05 ubuntu devstack@g-api.service[118549]: DEBUG glance_store.location [None req-c6bd56c8-9e50-4eb2-acf5-1577548654d1 tempest-ImageDependencyTests-1899663451 tempest-ImageDependencyTests-1899663451-project-member] Registering scheme swift+http with {'store': <glance_store._drivers.swift.store.SingleTenantStore object at 0x7f7bd6575c60>, 'location_class': <class 'glance_store._drivers.swift.store.StoreLocation'>, 'store_entry': 'swift'} {{(pid=118549) register_scheme_map /opt/stack/data/venv/lib/python3.10/site-packages/glance_store/location.py:146}}
Dec 12 19:29:05 ubuntu devstack@g-api.service[118549]: DEBUG glance_store.location [None req-c6bd56c8-9e50-4eb2-acf5-1577548654d1 tempest-ImageDependencyTests-1899663451 tempest-ImageDependencyTests-1899663451-project-member] Registering scheme swift+https with {'store': <glance_store._drivers.swift.store.SingleTenantStore object at 0x7f7bd6575c60>, 'location_class': <class 'glance_store._drivers.swift.store.StoreLocation'>, 'store_entry': 'swift'} {{(pid=118549) register_scheme_map /opt/stack/data/venv/lib/python3.10/site-packages/glance_store/location.py:146}}
Dec 12 19:29:05 ubuntu devstack@g-api.service[118549]: DEBUG glance_store.location [None req-c6bd56c8-9e50-4eb2-acf5-1577548654d1 tempest-ImageDependencyTests-1899663451 tempest-ImageDependencyTests-1899663451-project-member] Registering scheme swift with {'store': <glance_store._drivers.swift.store.SingleTenantStore object at 0x7f7bd6575c60>, 'location_class': <class 'glance_store._drivers.swift.store.StoreLocation'>, 'store_entry': 'swift'} {{(pid=118549) register_scheme_map /opt/stack/data/venv/lib/python3.10/site-packages/glance_store/location.py:146}}
Dec 12 19:29:05 ubuntu devstack@g-api.service[118549]: DEBUG glance_store.location [None req-c6bd56c8-9e50-4eb2-acf5-1577548654d1 tempest-ImageDependencyTests-1899663451 tempest-ImageDependencyTests-1899663451-project-member] Registering scheme swift+http with {'store': <glance_store._drivers.swift.store.SingleTenantStore object at 0x7f7bd6575c60>, 'location_class': <class 'glance_store._drivers.swift.store.StoreLocation'>, 'store_entry': 'swift'} {{(pid=118549) register_scheme_map /opt/stack/data/venv/lib/python3.10/site-packages/glance_store/location.py:146}}
Dec 12 19:29:05 ubuntu devstack@g-api.service[118549]: DEBUG glance_store.location [None req-c6bd56c8-9e50-4eb2-acf5-1577548654d1 tempest-ImageDependencyTests-1899663451 tempest-ImageDependencyTests-1899663451-project-member] Registering scheme swift+config with {'store': <glance_store._drivers.swift.store.SingleTenantStore object at 0x7f7bd6575c60>, 'location_class': <class 'glance_store._drivers.swift.store.StoreLocation'>, 'store_entry': 'swift'} {{(pid=118549) register_scheme_map /opt/stack/data/venv/lib/python3.10/site-packages/glance_store/location.py:146}}
Dec 12 19:29:05 ubuntu devstack@g-api.service[118549]: DEBUG keystoneclient.auth.identity.v3.base [None req-c6bd56c8-9e50-4eb2-acf5-1577548654d1 tempest-ImageDependencyTests-1899663451 tempest-ImageDependencyTests-1899663451-project-member] Making authentication request to http://10.201.5.82/identity/v3/auth/tokens {{(pid=118549) get_auth_ref /opt/stack/data/venv/lib/python3.10/site-packages/keystoneclient/auth/identity/v3/base.py:185}}
Dec 12 19:29:05 ubuntu devstack@g-api.service[118549]: DEBUG keystoneclient.auth.identity.v3.base [None req-c6bd56c8-9e50-4eb2-acf5-1577548654d1 tempest-ImageDependencyTests-1899663451 tempest-ImageDependencyTests-1899663451-project-member] {"token": {"methods": ["password"], "user": {"domain": {"id": "default", "name": "Default"}, "id": "872a01b8481e42e9aea1dc42b34450c3", "name": "glance-swift", "password_expires_at": null}, "audit_ids": ["k4NpCK8gTjyLLmtxx0ZOTw"], "expires_at": "2024-12-12T20:29:05.000000Z", "issued_at": "2024-12-12T19:29:05.000000Z", "project": {"domain": {"id": "default", "name": "Default"}, "id": "0714df6a3f57474c842c691750cba4b8", "name": "service"}, "is_domain": false, "roles": [{"id": "88a26876ead94561bfa82bca3fdb7867", "name": "ResellerAdmin"}, {"id": "88125dc1ae244ab599292a537e319ac6", "name": "service"}], "catalog": [{"endpoints": [{"id": "70bc9e84d7624436beb50ef510cb38b1", "interface": "public", "region_id": "RegionOne", "url": "http://10.201.5.82/placement", "region": "RegionOne"}], "id": "3ea90d089e6c496abbc865bc37ed9d02", "type": "placement", "name": "placement"}, {"endpoints": [{"id": "02c9d7f79dd14b79be07266687d619a9", "interface": "public", "region_id": "RegionOne", "url": "http://10.201.5.82/image", "region": "RegionOne"}], "id": "73e5a67697dd45e2b805f97c6a49a83e", "type": "image", "name": "glance"}, {"endpoints": [{"id": "8752f0e1ca444fe0bb376c0096bb1eca", "interface": "public", "region_id": "RegionOne", "url": "http://10.201.5.82:9696/networking", "region": "RegionOne"}], "id": "7666c888cdd643ee9f219fcd95a1a53e", "type": "network", "name": "neutron"}, {"endpoints": [{"id": "bb59f578eb37432288b7f47d2f7362d1", "interface": "public", "region_id": "RegionOne", "url": "http://10.201.5.82/volume/v3", "region": "RegionOne"}], "id": "94cef585132541279c721e679ad4c1e0", "type": "block-storage", "name": "cinder"}, {"endpoints": [{"id": "5fa124273efb4bc8a88df762e9e934bb", "interface": "public", "region_id": "RegionOne", "url": "http://10.201.5.82/compute/v2/0714df6a3f57474c842c691750cba4b8", "region": "RegionOne"}], "id": "99fcb3f4cf374050b9736ffdad3a2079", "type": "compute_legacy", "name": "nova_legacy"}, {"endpoints": [{"id": "e15d01d5e0ad4984bcabfedfcc46441b", "interface": "public", "region_id": "RegionOne", "url": "http://10.201.5.82/identity", "region": "RegionOne"}], "id": "bae3ecfe321d47d188bd91dbcf9044c0", "type": "identity", "name": "keystone"}, {"endpoints": [{"id": "ff975261c9a4493199989b510b061879", "interface": "public", "region_id": "RegionOne", "url": "http://10.201.5.82/compute/v2.1", "region": "RegionOne"}], "id": "d24ada4215c943bfa92c2a74013360de", "type": "compute", "name": "nova"}, {"endpoints": [{"id": "6036ded460e6441f87e3af8a7b1804bd", "interface": "admin", "region_id": "RegionOne", "url": "http://10.201.5.82:8080", "region": "RegionOne"}, {"id": "77203bdf0e7c439bb356136bb3b6fd49", "interface": "public", "region_id": "RegionOne", "url": "http://10.201.5.82:8080/v1/AUTH_0714df6a3f57474c842c691750cba4b8", "region": "RegionOne"}], "id": "f8ff065e29014746bb69c09316729473", "type": "object-store", "name": "swift"}]}} {{(pid=118549) get_auth_ref /opt/stack/data/venv/lib/python3.10/site-packages/keystoneclient/auth/identity/v3/base.py:190}}
Dec 12 19:29:05 ubuntu devstack@g-api.service[118549]: DEBUG keystoneclient.httpclient [None req-c6bd56c8-9e50-4eb2-acf5-1577548654d1 tempest-ImageDependencyTests-1899663451 tempest-ImageDependencyTests-1899663451-project-member] Failed to find endpoint for management url admin endpoint for identity service not found {{(pid=118549) _process_management_url /opt/stack/data/venv/lib/python3.10/site-packages/keystoneclient/httpclient.py:670}}
Dec 12 19:29:06 ubuntu devstack@g-api.service[118549]: DEBUG swiftclient [None req-c6bd56c8-9e50-4eb2-acf5-1577548654d1 tempest-ImageDependencyTests-1899663451 tempest-ImageDependencyTests-1899663451-project-member] REQ: curl -i http://10.201.5.82:8080/v1/AUTH_0714df6a3f57474c842c691750cba4b8/glance/07f0837a-2237-4dc9-b0cf-9adaf3278b0e -I -H "X-Auth-Token: gAAAAABnWzmB-aYy..." {{(pid=118549) http_log /opt/stack/data/venv/lib/python3.10/site-packages/swiftclient/client.py:160}}
Dec 12 19:29:06 ubuntu devstack@g-api.service[118549]: DEBUG swiftclient [None req-c6bd56c8-9e50-4eb2-acf5-1577548654d1 tempest-ImageDependencyTests-1899663451 tempest-ImageDependencyTests-1899663451-project-member] RESP STATUS: 200 OK {{(pid=118549) http_log /opt/stack/data/venv/lib/python3.10/site-packages/swiftclient/client.py:161}}
Dec 12 19:29:06 ubuntu devstack@g-api.service[118549]: DEBUG swiftclient [None req-c6bd56c8-9e50-4eb2-acf5-1577548654d1 tempest-ImageDependencyTests-1899663451 tempest-ImageDependencyTests-1899663451-project-member] RESP HEADERS: {'Content-Type': 'application/octet-stream', 'Content-Length': '1024', 'Etag': 'd013d2f58b35db28c9fe98d1036dcc10', 'Last-Modified': 'Thu, 12 Dec 2024 19:29:01 GMT', 'X-Timestamp': '1734031740.16243', 'Accept-Ranges': 'bytes', 'X-Trans-Id': 'tx8ceaf3117d044430b3e82-00675b3981', 'X-Openstack-Request-Id': 'tx8ceaf3117d044430b3e82-00675b3981', 'Date': 'Thu, 12 Dec 2024 19:29:06 GMT'} {{(pid=118549) http_log /opt/stack/data/venv/lib/python3.10/site-packages/swiftclient/client.py:162}}
Dec 12 19:29:06 ubuntu devstack@g-api.service[118549]: DEBUG swiftclient [None req-c6bd56c8-9e50-4eb2-acf5-1577548654d1 tempest-ImageDependencyTests-1899663451 tempest-ImageDependencyTests-1899663451-project-member] REQ: curl -i http://10.201.5.82:8080/v1/AUTH_0714df6a3f57474c842c691750cba4b8/glance/07f0837a-2237-4dc9-b0cf-9adaf3278b0e DELETE -H "X-Auth-Token: gAAAAABnWzmB-aYy..." {{(pid=118549) http_log /opt/stack/data/venv/lib/python3.10/site-packages/swiftclient/client.py:160}}
Dec 12 19:29:06 ubuntu devstack@g-api.service[118549]: DEBUG swiftclient [None req-c6bd56c8-9e50-4eb2-acf5-1577548654d1 tempest-ImageDependencyTests-1899663451 tempest-ImageDependencyTests-1899663451-project-member] RESP STATUS: 204 No Content {{(pid=118549) http_log /opt/stack/data/venv/lib/python3.10/site-packages/swiftclient/client.py:161}}
Dec 12 19:29:06 ubuntu devstack@g-api.service[118549]: DEBUG swiftclient [None req-c6bd56c8-9e50-4eb2-acf5-1577548654d1 tempest-ImageDependencyTests-1899663451 tempest-ImageDependencyTests-1899663451-project-member] RESP HEADERS: {'Content-Type': 'text/html; charset=UTF-8', 'Content-Length': '0', 'X-Trans-Id': 'tx1498f2887ebc44c09dc7c-00675b3982', 'X-Openstack-Request-Id': 'tx1498f2887ebc44c09dc7c-00675b3982', 'Date': 'Thu, 12 Dec 2024 19:29:06 GMT'} {{(pid=118549) http_log /opt/stack/data/venv/lib/python3.10/site-packages/swiftclient/client.py:162}}
Dec 12 19:29:06 ubuntu devstack@g-api.service[118549]: DEBUG glance.api.middleware.cache [None req-c6bd56c8-9e50-4eb2-acf5-1577548654d1 tempest-ImageDependencyTests-1899663451 tempest-ImageDependencyTests-1899663451-project-member] Removing image 07f0837a-2237-4dc9-b0cf-9adaf3278b0e from cache {{(pid=118549) _process_DELETE_response /opt/stack/glance/glance/api/middleware/cache.py:264}}
Dec 12 19:29:06 ubuntu devstack@g-api.service[118549]: DEBUG glance.image_cache.drivers.centralized_db [None req-c6bd56c8-9e50-4eb2-acf5-1577548654d1 tempest-ImageDependencyTests-1899663451 tempest-ImageDependencyTests-1899663451-project-member] Deleting image cache file '/opt/stack/data/glance/cache/07f0837a-2237-4dc9-b0cf-9adaf3278b0e' {{(pid=118549) delete_cached_file /opt/stack/glance/glance/image_cache/drivers/centralized_db.py:387}}
Dec 12 19:29:06 ubuntu devstack@g-api.service[118549]: [pid: 118549|app: 0|req: 33/64] 127.0.0.1 () {38 vars in 773 bytes} [Thu Dec 12 19:29:05 2024] DELETE /v2/images/07f0837a-2237-4dc9-b0cf-9adaf3278b0e => generated 0 bytes in 203 msecs (HTTP/1.1 204) 4 headers in 171 bytes (1 switches on core 0)
Dec 12 19:29:06 ubuntu devstack@g-api.service[118548]: DEBUG glance.api.middleware.version_negotiation [None req-f82eb83e-d91e-4e53-8e2f-e02abef1c98c tempest-ImageDependencyTests-1899663451 tempest-ImageDependencyTests-1899663451-project-member] Determining version of request: GET /v2/images/07f0837a-2237-4dc9-b0cf-9adaf3278b0e Accept: application/json {{(pid=118548) process_request /opt/stack/glance/glance/api/middleware/version_negotiation.py:44}}
Dec 12 19:29:06 ubuntu devstack@g-api.service[118548]: DEBUG glance.api.middleware.version_negotiation [None req-f82eb83e-d91e-4e53-8e2f-e02abef1c98c tempest-ImageDependencyTests-1899663451 tempest-ImageDependencyTests-1899663451-project-member] Using url versioning {{(pid=118548) process_request /opt/stack/glance/glance/api/middleware/version_negotiation.py:57}}
Dec 12 19:29:06 ubuntu devstack@g-api.service[118548]: DEBUG glance.api.middleware.version_negotiation [None req-f82eb83e-d91e-4e53-8e2f-e02abef1c98c tempest-ImageDependencyTests-1899663451 tempest-ImageDependencyTests-1899663451-project-member] Matched version: v2 {{(pid=118548) process_request /opt/stack/glance/glance/api/middleware/version_negotiation.py:69}}
Dec 12 19:29:06 ubuntu devstack@g-api.service[118548]: DEBUG glance.api.middleware.version_negotiation [None req-f82eb83e-d91e-4e53-8e2f-e02abef1c98c tempest-ImageDependencyTests-1899663451 tempest-ImageDependencyTests-1899663451-project-member] new path /v2/images/07f0837a-2237-4dc9-b0cf-9adaf3278b0e {{(pid=118548) process_request /opt/stack/glance/glance/api/middleware/version_negotiation.py:70}}
Dec 12 19:29:06 ubuntu devstack@g-api.service[118548]: DEBUG glance.db.sqlalchemy.api [None req-231a5d19-740f-4869-8874-9fd95bfc986d tempest-ImageDependencyTests-1899663451 tempest-ImageDependencyTests-1899663451-project-member] No image found with ID 07f0837a-2237-4dc9-b0cf-9adaf3278b0e {{(pid=118548) _image_get /opt/stack/glance/glance/db/sqlalchemy/api.py:309}}
Dec 12 19:29:06 ubuntu devstack@g-api.service[118548]: [pid: 118548|app: 0|req: 32/65] 127.0.0.1 () {38 vars in 770 bytes} [Thu Dec 12 19:29:06 2024] GET /v2/images/07f0837a-2237-4dc9-b0cf-9adaf3278b0e => generated 139 bytes in 8 msecs (HTTP/1.1 404) 4 headers in 164 bytes (1 switches on core 0)
Dec 12 19:29:16 ubuntu devstack@g-api.service[118549]: DEBUG dbcounter [-] [118549] Writing DB stats glance:SELECT=52,glance:UPDATE=9,glance:INSERT=1,glance:DELETE=1 {{(pid=118549) stat_writer /opt/stack/data/venv/lib/python3.10/site-packages/dbcounter.py:115}}
Dec 12 19:29:16 ubuntu devstack@g-api.service[118548]: DEBUG dbcounter [-] [118548] Writing DB stats glance:SELECT=32,glance:INSERT=2,glance:UPDATE=1 {{(pid=118548) stat_writer /opt/stack/data/venv/lib/python3.10/site-packages/dbcounter.py:115}}
