Mar 27 00:20:29 ubuntu devstack@keystone.service[82095]: DEBUG keystone.server.flask.request_processing.req_logging [None req-bc74514a-fe39-44cb-b9ca-e2758607039c None None] REQUEST_METHOD: `POST` {{(pid=82095) log_request_info /opt/stack/keystone/keystone/server/flask/request_processing/req_logging.py:26}}
Mar 27 00:20:29 ubuntu devstack@keystone.service[82095]: DEBUG keystone.server.flask.request_processing.req_logging [None req-bc74514a-fe39-44cb-b9ca-e2758607039c None None] SCRIPT_NAME: `/identity` {{(pid=82095) log_request_info /opt/stack/keystone/keystone/server/flask/request_processing/req_logging.py:27}}
Mar 27 00:20:29 ubuntu devstack@keystone.service[82095]: DEBUG keystone.server.flask.request_processing.req_logging [None req-bc74514a-fe39-44cb-b9ca-e2758607039c None None] PATH_INFO: `/v3/auth/tokens` {{(pid=82095) log_request_info /opt/stack/keystone/keystone/server/flask/request_processing/req_logging.py:28}}
Mar 27 00:20:29 ubuntu devstack@keystone.service[82095]: WARNING keystone.common.password_hashing [None req-bc74514a-fe39-44cb-b9ca-e2758607039c None None] Truncating password to algorithm specific maximum length 72 characters.
Mar 27 00:20:29 ubuntu devstack@keystone.service[82095]: DEBUG keystone.auth.core [None req-bc74514a-fe39-44cb-b9ca-e2758607039c None None] MFA Rules not processed for user `e4a212ca2e8949f093e68dd32d3d947f`. Rule list: `[]` (Enabled: `True`). {{(pid=82095) check_auth_methods_against_rules /opt/stack/keystone/keystone/auth/core.py:476}}
Mar 27 00:20:29 ubuntu devstack@keystone.service[82095]: DEBUG keystone.common.fernet_utils [None req-bc74514a-fe39-44cb-b9ca-e2758607039c None None] Loaded 2 Fernet keys from /etc/keystone/fernet-keys/, but `[fernet_tokens] max_active_keys = 3`; perhaps there have not been enough key rotations to reach `max_active_keys` yet? {{(pid=82095) load_keys /opt/stack/keystone/keystone/common/fernet_utils.py:297}}
Mar 27 00:20:29 ubuntu devstack@keystone.service[82096]: DEBUG keystone.server.flask.request_processing.req_logging [None req-82f31ddc-5eb9-4485-bac1-590bf5b15931 None None] REQUEST_METHOD: `GET` {{(pid=82096) log_request_info /opt/stack/keystone/keystone/server/flask/request_processing/req_logging.py:26}}
Mar 27 00:20:29 ubuntu devstack@keystone.service[82096]: DEBUG keystone.server.flask.request_processing.req_logging [None req-82f31ddc-5eb9-4485-bac1-590bf5b15931 None None] SCRIPT_NAME: `/identity` {{(pid=82096) log_request_info /opt/stack/keystone/keystone/server/flask/request_processing/req_logging.py:27}}
Mar 27 00:20:29 ubuntu devstack@keystone.service[82096]: DEBUG keystone.server.flask.request_processing.req_logging [None req-82f31ddc-5eb9-4485-bac1-590bf5b15931 None None] PATH_INFO: `/` {{(pid=82096) log_request_info /opt/stack/keystone/keystone/server/flask/request_processing/req_logging.py:28}}
Mar 27 00:20:29 ubuntu devstack@keystone.service[82096]: [pid: 82096|app: 0|req: 13/24] 10.201.5.82 () {54 vars in 920 bytes} [Fri Mar 27 00:20:29 2026] GET /identity => generated 270 bytes in 1 msecs (HTTP/1.1 300) 6 headers in 234 bytes (1 switches on core 0)
Mar 27 00:20:29 ubuntu devstack@keystone.service[82096]: DEBUG keystone.server.flask.request_processing.req_logging [None req-fdaf3535-0bc1-4b85-8d94-c5d1a1d1140a None None] REQUEST_METHOD: `POST` {{(pid=82096) log_request_info /opt/stack/keystone/keystone/server/flask/request_processing/req_logging.py:26}}
Mar 27 00:20:29 ubuntu devstack@keystone.service[82096]: DEBUG keystone.server.flask.request_processing.req_logging [None req-fdaf3535-0bc1-4b85-8d94-c5d1a1d1140a None None] SCRIPT_NAME: `/identity` {{(pid=82096) log_request_info /opt/stack/keystone/keystone/server/flask/request_processing/req_logging.py:27}}
Mar 27 00:20:29 ubuntu devstack@keystone.service[82096]: DEBUG keystone.server.flask.request_processing.req_logging [None req-fdaf3535-0bc1-4b85-8d94-c5d1a1d1140a None None] PATH_INFO: `/v3/auth/tokens` {{(pid=82096) log_request_info /opt/stack/keystone/keystone/server/flask/request_processing/req_logging.py:28}}
Mar 27 00:20:29 ubuntu devstack@keystone.service[82096]: WARNING keystone.common.password_hashing [None req-fdaf3535-0bc1-4b85-8d94-c5d1a1d1140a None None] Truncating password to algorithm specific maximum length 72 characters.
Mar 27 00:20:29 ubuntu devstack@keystone.service[82095]: [pid: 82095|app: 0|req: 12/25] 10.201.5.82 () {58 vars in 1017 bytes} [Fri Mar 27 00:20:29 2026] POST /identity/v3/auth/tokens => generated 862 bytes in 189 msecs (HTTP/1.1 201) 6 headers in 363 bytes (2 switches on core 0)
Mar 27 00:20:29 ubuntu devstack@keystone.service[82096]: DEBUG keystone.auth.core [None req-fdaf3535-0bc1-4b85-8d94-c5d1a1d1140a None None] MFA Rules not processed for user `e4a212ca2e8949f093e68dd32d3d947f`. Rule list: `[]` (Enabled: `True`). {{(pid=82096) check_auth_methods_against_rules /opt/stack/keystone/keystone/auth/core.py:476}}
Mar 27 00:20:29 ubuntu devstack@keystone.service[82096]: DEBUG keystone.common.fernet_utils [None req-fdaf3535-0bc1-4b85-8d94-c5d1a1d1140a None None] Loaded 2 Fernet keys from /etc/keystone/fernet-keys/, but `[fernet_tokens] max_active_keys = 3`; perhaps there have not been enough key rotations to reach `max_active_keys` yet? {{(pid=82096) load_keys /opt/stack/keystone/keystone/common/fernet_utils.py:297}}
Mar 27 00:20:29 ubuntu devstack@keystone.service[82096]: [pid: 82096|app: 0|req: 14/26] 10.201.5.82 () {58 vars in 1017 bytes} [Fri Mar 27 00:20:29 2026] POST /identity/v3/auth/tokens => generated 862 bytes in 81 msecs (HTTP/1.1 201) 6 headers in 363 bytes (1 switches on core 0)
Mar 27 00:20:29 ubuntu devstack@keystone.service[82095]: DEBUG keystone.server.flask.request_processing.middleware.auth_context [None req-bc74514a-fe39-44cb-b9ca-e2758607039c None None] Authenticating user token {{(pid=82095) process_request /opt/stack/data/venv/lib/python3.10/site-packages/keystonemiddleware/auth_token/__init__.py:407}}
Mar 27 00:20:29 ubuntu devstack@keystone.service[82095]: DEBUG keystone.server.flask.request_processing.middleware.auth_context [None req-bc74514a-fe39-44cb-b9ca-e2758607039c None None] Validating token access rules against request {{(pid=82095) validate_allowed_request /opt/stack/data/venv/lib/python3.10/site-packages/keystonemiddleware/auth_token/__init__.py:545}}
Mar 27 00:20:29 ubuntu devstack@keystone.service[82095]: DEBUG keystone.server.flask.request_processing.middleware.auth_context [None req-364ca715-8a6b-4cac-9086-d9d205de3164 None admin] RBAC: auth_context: {'token': <TokenModel (audit_id=GOvCVE0sTPCOWtbO6VxzTg, audit_chain_id=['GOvCVE0sTPCOWtbO6VxzTg']) at 0x7fa133520250>, 'domain_id': None, 'trust_id': None, 'trustor_id': None, 'trustee_id': None, 'domain_name': None, 'group_ids': [], 'user_id': 'e4a212ca2e8949f093e68dd32d3d947f', 'user_domain_id': 'default', 'system_scope': 'all', 'project_id': None, 'project_domain_id': None, 'roles': ['admin', 'manager', 'member', 'reader'], 'is_admin_project': True, 'service_user_id': None, 'service_user_domain_id': None, 'service_project_id': None, 'service_project_domain_id': None, 'service_roles': []} {{(pid=82095) fill_context /opt/stack/keystone/keystone/server/flask/request_processing/middleware/auth_context.py:509}}
Mar 27 00:20:29 ubuntu devstack@keystone.service[82095]: DEBUG keystone.server.flask.request_processing.req_logging [None req-364ca715-8a6b-4cac-9086-d9d205de3164 None admin] REQUEST_METHOD: `GET` {{(pid=82095) log_request_info /opt/stack/keystone/keystone/server/flask/request_processing/req_logging.py:26}}
Mar 27 00:20:29 ubuntu devstack@keystone.service[82095]: DEBUG keystone.server.flask.request_processing.req_logging [None req-364ca715-8a6b-4cac-9086-d9d205de3164 None admin] SCRIPT_NAME: `/identity` {{(pid=82095) log_request_info /opt/stack/keystone/keystone/server/flask/request_processing/req_logging.py:27}}
Mar 27 00:20:29 ubuntu devstack@keystone.service[82095]: DEBUG keystone.server.flask.request_processing.req_logging [None req-364ca715-8a6b-4cac-9086-d9d205de3164 None admin] PATH_INFO: `/v3/roles/admin` {{(pid=82095) log_request_info /opt/stack/keystone/keystone/server/flask/request_processing/req_logging.py:28}}
Mar 27 00:20:29 ubuntu devstack@keystone.service[82096]: DEBUG keystone.server.flask.request_processing.req_logging [None req-5ba726f1-c56f-4210-b8f3-25a8cc377ff0 None None] REQUEST_METHOD: `GET` {{(pid=82096) log_request_info /opt/stack/keystone/keystone/server/flask/request_processing/req_logging.py:26}}
Mar 27 00:20:29 ubuntu devstack@keystone.service[82096]: DEBUG keystone.server.flask.request_processing.req_logging [None req-5ba726f1-c56f-4210-b8f3-25a8cc377ff0 None None] SCRIPT_NAME: `/identity` {{(pid=82096) log_request_info /opt/stack/keystone/keystone/server/flask/request_processing/req_logging.py:27}}
Mar 27 00:20:29 ubuntu devstack@keystone.service[82096]: DEBUG keystone.server.flask.request_processing.req_logging [None req-5ba726f1-c56f-4210-b8f3-25a8cc377ff0 None None] PATH_INFO: `/` {{(pid=82096) log_request_info /opt/stack/keystone/keystone/server/flask/request_processing/req_logging.py:28}}
Mar 27 00:20:29 ubuntu devstack@keystone.service[82096]: [pid: 82096|app: 0|req: 15/27] 10.201.5.82 () {54 vars in 920 bytes} [Fri Mar 27 00:20:29 2026] GET /identity => generated 270 bytes in 1 msecs (HTTP/1.1 300) 6 headers in 234 bytes (1 switches on core 0)
Mar 27 00:20:29 ubuntu devstack@keystone.service[82096]: DEBUG keystone.server.flask.request_processing.req_logging [None req-538900a6-e2cb-40af-a4c4-eeba407c42ac None None] REQUEST_METHOD: `POST` {{(pid=82096) log_request_info /opt/stack/keystone/keystone/server/flask/request_processing/req_logging.py:26}}
Mar 27 00:20:29 ubuntu devstack@keystone.service[82096]: DEBUG keystone.server.flask.request_processing.req_logging [None req-538900a6-e2cb-40af-a4c4-eeba407c42ac None None] SCRIPT_NAME: `/identity` {{(pid=82096) log_request_info /opt/stack/keystone/keystone/server/flask/request_processing/req_logging.py:27}}
Mar 27 00:20:29 ubuntu devstack@keystone.service[82096]: DEBUG keystone.server.flask.request_processing.req_logging [None req-538900a6-e2cb-40af-a4c4-eeba407c42ac None None] PATH_INFO: `/v3/auth/tokens` {{(pid=82096) log_request_info /opt/stack/keystone/keystone/server/flask/request_processing/req_logging.py:28}}
Mar 27 00:20:29 ubuntu devstack@keystone.service[82095]: DEBUG keystone.common.rbac_enforcer.enforcer [None req-364ca715-8a6b-4cac-9086-d9d205de3164 None admin] Extracting inferred target data resulted in "NOT FOUND (404)". {{(pid=82095) enforce_call /opt/stack/keystone/keystone/common/rbac_enforcer/enforcer.py:445}}
Mar 27 00:20:29 ubuntu devstack@keystone.service[82095]: DEBUG keystone.server.flask.application [None req-364ca715-8a6b-4cac-9086-d9d205de3164 None admin] Could not find role: admin. {{(pid=82095) _handle_keystone_exception /opt/stack/keystone/keystone/server/flask/application.py:146}}
Mar 27 00:20:29 ubuntu devstack@keystone.service[82095]: [pid: 82095|app: 0|req: 13/28] 10.201.5.82 () {56 vars in 1133 bytes} [Fri Mar 27 00:20:29 2026] GET /identity/v3/roles/admin => generated 83 bytes in 71 msecs (HTTP/1.1 404) 5 headers in 183 bytes (1 switches on core 0)
Mar 27 00:20:29 ubuntu devstack@keystone.service[82095]: DEBUG keystone.server.flask.request_processing.middleware.auth_context [None req-364ca715-8a6b-4cac-9086-d9d205de3164 None admin] Authenticating user token {{(pid=82095) process_request /opt/stack/data/venv/lib/python3.10/site-packages/keystonemiddleware/auth_token/__init__.py:407}}
Mar 27 00:20:29 ubuntu devstack@keystone.service[82096]: WARNING keystone.common.password_hashing [None req-538900a6-e2cb-40af-a4c4-eeba407c42ac None None] Truncating password to algorithm specific maximum length 72 characters.
Mar 27 00:20:29 ubuntu devstack@keystone.service[82096]: DEBUG keystone.auth.core [None req-538900a6-e2cb-40af-a4c4-eeba407c42ac None None] MFA Rules not processed for user `e4a212ca2e8949f093e68dd32d3d947f`. Rule list: `[]` (Enabled: `True`). {{(pid=82096) check_auth_methods_against_rules /opt/stack/keystone/keystone/auth/core.py:476}}
Mar 27 00:20:29 ubuntu devstack@keystone.service[82096]: DEBUG keystone.common.fernet_utils [None req-538900a6-e2cb-40af-a4c4-eeba407c42ac None None] Loaded 2 Fernet keys from /etc/keystone/fernet-keys/, but `[fernet_tokens] max_active_keys = 3`; perhaps there have not been enough key rotations to reach `max_active_keys` yet? {{(pid=82096) load_keys /opt/stack/keystone/keystone/common/fernet_utils.py:297}}
Mar 27 00:20:29 ubuntu devstack@keystone.service[82095]: DEBUG keystone.server.flask.request_processing.middleware.auth_context [None req-364ca715-8a6b-4cac-9086-d9d205de3164 None admin] Validating token access rules against request {{(pid=82095) validate_allowed_request /opt/stack/data/venv/lib/python3.10/site-packages/keystonemiddleware/auth_token/__init__.py:545}}
Mar 27 00:20:29 ubuntu devstack@keystone.service[82096]: [pid: 82096|app: 0|req: 16/29] 10.201.5.82 () {58 vars in 1017 bytes} [Fri Mar 27 00:20:29 2026] POST /identity/v3/auth/tokens => generated 862 bytes in 53 msecs (HTTP/1.1 201) 6 headers in 363 bytes (2 switches on core 0)
Mar 27 00:20:29 ubuntu devstack@keystone.service[82095]: DEBUG keystone.server.flask.request_processing.middleware.auth_context [None req-e0d27b12-4a73-4199-924b-a1093d07058e None admin] RBAC: auth_context: {'token': <TokenModel (audit_id=GOvCVE0sTPCOWtbO6VxzTg, audit_chain_id=['GOvCVE0sTPCOWtbO6VxzTg']) at 0x7fa133453c10>, 'domain_id': None, 'trust_id': None, 'trustor_id': None, 'trustee_id': None, 'domain_name': None, 'group_ids': [], 'user_id': 'e4a212ca2e8949f093e68dd32d3d947f', 'user_domain_id': 'default', 'system_scope': 'all', 'project_id': None, 'project_domain_id': None, 'roles': ['admin', 'manager', 'member', 'reader'], 'is_admin_project': True, 'service_user_id': None, 'service_user_domain_id': None, 'service_project_id': None, 'service_project_domain_id': None, 'service_roles': []} {{(pid=82095) fill_context /opt/stack/keystone/keystone/server/flask/request_processing/middleware/auth_context.py:509}}
Mar 27 00:20:29 ubuntu devstack@keystone.service[82095]: DEBUG keystone.server.flask.request_processing.req_logging [None req-e0d27b12-4a73-4199-924b-a1093d07058e None admin] REQUEST_METHOD: `GET` {{(pid=82095) log_request_info /opt/stack/keystone/keystone/server/flask/request_processing/req_logging.py:26}}
Mar 27 00:20:29 ubuntu devstack@keystone.service[82095]: DEBUG keystone.server.flask.request_processing.req_logging [None req-e0d27b12-4a73-4199-924b-a1093d07058e None admin] SCRIPT_NAME: `/identity` {{(pid=82095) log_request_info /opt/stack/keystone/keystone/server/flask/request_processing/req_logging.py:27}}
Mar 27 00:20:29 ubuntu devstack@keystone.service[82095]: DEBUG keystone.server.flask.request_processing.req_logging [None req-e0d27b12-4a73-4199-924b-a1093d07058e None admin] PATH_INFO: `/v3/roles` {{(pid=82095) log_request_info /opt/stack/keystone/keystone/server/flask/request_processing/req_logging.py:28}}
Mar 27 00:20:29 ubuntu devstack@keystone.service[82095]: DEBUG keystone.common.rbac_enforcer.enforcer [None req-e0d27b12-4a73-4199-924b-a1093d07058e None admin] RBAC: Adding query filter params (name=admin) {{(pid=82095) _extract_filter_values /opt/stack/keystone/keystone/common/rbac_enforcer/enforcer.py:176}}
Mar 27 00:20:29 ubuntu devstack@keystone.service[82095]: DEBUG keystone.common.rbac_enforcer.enforcer [None req-e0d27b12-4a73-4199-924b-a1093d07058e None admin] RBAC: Authorizing `identity:list_roles()` {{(pid=82095) enforce_call /opt/stack/keystone/keystone/common/rbac_enforcer/enforcer.py:494}}
Mar 27 00:20:29 ubuntu devstack@keystone.service[82095]: DEBUG keystone.common.rbac_enforcer.enforcer [None req-e0d27b12-4a73-4199-924b-a1093d07058e None admin] RBAC: Authorization granted {{(pid=82095) enforce_call /opt/stack/keystone/keystone/common/rbac_enforcer/enforcer.py:505}}
Mar 27 00:20:29 ubuntu devstack@keystone.service[82095]: [pid: 82095|app: 0|req: 14/30] 10.201.5.82 () {56 vars in 1149 bytes} [Fri Mar 27 00:20:29 2026] GET /identity/v3/roles?name=admin => generated 339 bytes in 59 msecs (HTTP/1.1 200) 5 headers in 177 bytes (1 switches on core 0)
Mar 27 00:20:29 ubuntu devstack@keystone.service[82096]: DEBUG keystone.server.flask.request_processing.middleware.auth_context [None req-538900a6-e2cb-40af-a4c4-eeba407c42ac None None] Authenticating user token {{(pid=82096) process_request /opt/stack/data/venv/lib/python3.10/site-packages/keystonemiddleware/auth_token/__init__.py:407}}
Mar 27 00:20:29 ubuntu devstack@keystone.service[82095]: DEBUG keystone.server.flask.request_processing.middleware.auth_context [None req-e0d27b12-4a73-4199-924b-a1093d07058e None admin] Authenticating user token {{(pid=82095) process_request /opt/stack/data/venv/lib/python3.10/site-packages/keystonemiddleware/auth_token/__init__.py:407}}
Mar 27 00:20:29 ubuntu devstack@keystone.service[82096]: DEBUG keystone.server.flask.request_processing.middleware.auth_context [None req-538900a6-e2cb-40af-a4c4-eeba407c42ac None None] Validating token access rules against request {{(pid=82096) validate_allowed_request /opt/stack/data/venv/lib/python3.10/site-packages/keystonemiddleware/auth_token/__init__.py:545}}
Mar 27 00:20:29 ubuntu devstack@keystone.service[82096]: DEBUG keystone.server.flask.request_processing.middleware.auth_context [None req-95a7d3d8-e605-407a-843c-32344fda3c6e None admin] RBAC: auth_context: {'token': <TokenModel (audit_id=GOvCVE0sTPCOWtbO6VxzTg, audit_chain_id=['GOvCVE0sTPCOWtbO6VxzTg']) at 0x7fa1336af010>, 'domain_id': None, 'trust_id': None, 'trustor_id': None, 'trustee_id': None, 'domain_name': None, 'group_ids': [], 'user_id': 'e4a212ca2e8949f093e68dd32d3d947f', 'user_domain_id': 'default', 'system_scope': 'all', 'project_id': None, 'project_domain_id': None, 'roles': ['admin', 'manager', 'member', 'reader'], 'is_admin_project': True, 'service_user_id': None, 'service_user_domain_id': None, 'service_project_id': None, 'service_project_domain_id': None, 'service_roles': []} {{(pid=82096) fill_context /opt/stack/keystone/keystone/server/flask/request_processing/middleware/auth_context.py:509}}
Mar 27 00:20:29 ubuntu devstack@keystone.service[82096]: DEBUG keystone.server.flask.request_processing.req_logging [None req-95a7d3d8-e605-407a-843c-32344fda3c6e None admin] REQUEST_METHOD: `GET` {{(pid=82096) log_request_info /opt/stack/keystone/keystone/server/flask/request_processing/req_logging.py:26}}
Mar 27 00:20:29 ubuntu devstack@keystone.service[82096]: DEBUG keystone.server.flask.request_processing.req_logging [None req-95a7d3d8-e605-407a-843c-32344fda3c6e None admin] SCRIPT_NAME: `/identity` {{(pid=82096) log_request_info /opt/stack/keystone/keystone/server/flask/request_processing/req_logging.py:27}}
Mar 27 00:20:29 ubuntu devstack@keystone.service[82096]: DEBUG keystone.server.flask.request_processing.req_logging [None req-95a7d3d8-e605-407a-843c-32344fda3c6e None admin] PATH_INFO: `/v3/users/e4a212ca2e8949f093e68dd32d3d947f` {{(pid=82096) log_request_info /opt/stack/keystone/keystone/server/flask/request_processing/req_logging.py:28}}
Mar 27 00:20:29 ubuntu devstack@keystone.service[82096]: DEBUG keystone.common.rbac_enforcer.enforcer [None req-95a7d3d8-e605-407a-843c-32344fda3c6e None admin] RBAC: Authorizing `identity:get_user(user_id=e4a212ca2e8949f093e68dd32d3d947f)` {{(pid=82096) enforce_call /opt/stack/keystone/keystone/common/rbac_enforcer/enforcer.py:494}}
Mar 27 00:20:29 ubuntu devstack@keystone.service[82096]: DEBUG keystone.common.rbac_enforcer.enforcer [None req-95a7d3d8-e605-407a-843c-32344fda3c6e None admin] RBAC: Authorization granted {{(pid=82096) enforce_call /opt/stack/keystone/keystone/common/rbac_enforcer/enforcer.py:505}}
Mar 27 00:20:29 ubuntu devstack@keystone.service[82096]: [pid: 82096|app: 0|req: 17/31] 10.201.5.82 () {56 vars in 1214 bytes} [Fri Mar 27 00:20:29 2026] GET /identity/v3/users/e4a212ca2e8949f093e68dd32d3d947f => generated 247 bytes in 60 msecs (HTTP/1.1 200) 5 headers in 177 bytes (1 switches on core 0)
Mar 27 00:20:29 ubuntu devstack@keystone.service[82096]: DEBUG keystone.server.flask.request_processing.req_logging [None req-6250a4da-4bdd-4902-a1b9-771800eee3f8 None None] REQUEST_METHOD: `GET` {{(pid=82096) log_request_info /opt/stack/keystone/keystone/server/flask/request_processing/req_logging.py:26}}
Mar 27 00:20:29 ubuntu devstack@keystone.service[82096]: DEBUG keystone.server.flask.request_processing.req_logging [None req-6250a4da-4bdd-4902-a1b9-771800eee3f8 None None] SCRIPT_NAME: `/identity` {{(pid=82096) log_request_info /opt/stack/keystone/keystone/server/flask/request_processing/req_logging.py:27}}
Mar 27 00:20:29 ubuntu devstack@keystone.service[82096]: DEBUG keystone.server.flask.request_processing.req_logging [None req-6250a4da-4bdd-4902-a1b9-771800eee3f8 None None] PATH_INFO: `/` {{(pid=82096) log_request_info /opt/stack/keystone/keystone/server/flask/request_processing/req_logging.py:28}}
Mar 27 00:20:29 ubuntu devstack@keystone.service[82096]: [pid: 82096|app: 0|req: 18/32] 10.201.5.82 () {54 vars in 920 bytes} [Fri Mar 27 00:20:29 2026] GET /identity => generated 270 bytes in 1 msecs (HTTP/1.1 300) 6 headers in 234 bytes (1 switches on core 0)
Mar 27 00:20:29 ubuntu devstack@keystone.service[82096]: DEBUG keystone.server.flask.request_processing.req_logging [None req-d7b306d6-cb01-4c90-b5c9-ab53039afeed None None] REQUEST_METHOD: `POST` {{(pid=82096) log_request_info /opt/stack/keystone/keystone/server/flask/request_processing/req_logging.py:26}}
Mar 27 00:20:29 ubuntu devstack@keystone.service[82096]: DEBUG keystone.server.flask.request_processing.req_logging [None req-d7b306d6-cb01-4c90-b5c9-ab53039afeed None None] SCRIPT_NAME: `/identity` {{(pid=82096) log_request_info /opt/stack/keystone/keystone/server/flask/request_processing/req_logging.py:27}}
Mar 27 00:20:29 ubuntu devstack@keystone.service[82096]: DEBUG keystone.server.flask.request_processing.req_logging [None req-d7b306d6-cb01-4c90-b5c9-ab53039afeed None None] PATH_INFO: `/v3/auth/tokens` {{(pid=82096) log_request_info /opt/stack/keystone/keystone/server/flask/request_processing/req_logging.py:28}}
Mar 27 00:20:29 ubuntu devstack@keystone.service[82096]: WARNING keystone.common.password_hashing [None req-d7b306d6-cb01-4c90-b5c9-ab53039afeed None None] Truncating password to algorithm specific maximum length 72 characters.
Mar 27 00:20:29 ubuntu devstack@keystone.service[82096]: DEBUG keystone.auth.core [None req-d7b306d6-cb01-4c90-b5c9-ab53039afeed None None] MFA Rules not processed for user `e4a212ca2e8949f093e68dd32d3d947f`. Rule list: `[]` (Enabled: `True`). {{(pid=82096) check_auth_methods_against_rules /opt/stack/keystone/keystone/auth/core.py:476}}
Mar 27 00:20:29 ubuntu devstack@keystone.service[82096]: DEBUG keystone.common.fernet_utils [None req-d7b306d6-cb01-4c90-b5c9-ab53039afeed None None] Loaded 2 Fernet keys from /etc/keystone/fernet-keys/, but `[fernet_tokens] max_active_keys = 3`; perhaps there have not been enough key rotations to reach `max_active_keys` yet? {{(pid=82096) load_keys /opt/stack/keystone/keystone/common/fernet_utils.py:297}}
Mar 27 00:20:29 ubuntu devstack@keystone.service[82095]: DEBUG keystone.server.flask.request_processing.middleware.auth_context [None req-e0d27b12-4a73-4199-924b-a1093d07058e None admin] Validating token access rules against request {{(pid=82095) validate_allowed_request /opt/stack/data/venv/lib/python3.10/site-packages/keystonemiddleware/auth_token/__init__.py:545}}
Mar 27 00:20:29 ubuntu devstack@keystone.service[82096]: [pid: 82096|app: 0|req: 19/33] 10.201.5.82 () {58 vars in 1017 bytes} [Fri Mar 27 00:20:29 2026] POST /identity/v3/auth/tokens => generated 862 bytes in 48 msecs (HTTP/1.1 201) 6 headers in 363 bytes (2 switches on core 0)
Mar 27 00:20:29 ubuntu devstack@keystone.service[82096]: DEBUG keystone.server.flask.request_processing.middleware.auth_context [None req-d7b306d6-cb01-4c90-b5c9-ab53039afeed None None] Authenticating user token {{(pid=82096) process_request /opt/stack/data/venv/lib/python3.10/site-packages/keystonemiddleware/auth_token/__init__.py:407}}
Mar 27 00:20:29 ubuntu devstack@keystone.service[82095]: DEBUG keystone.server.flask.request_processing.middleware.auth_context [None req-c9866b06-2aba-4c5d-a409-fdd05edd4e01 None admin] RBAC: auth_context: {'token': <TokenModel (audit_id=W6YCL_WiTiC3Svv9cKNTkA, audit_chain_id=['W6YCL_WiTiC3Svv9cKNTkA']) at 0x7fa133452830>, 'domain_id': None, 'trust_id': None, 'trustor_id': None, 'trustee_id': None, 'domain_name': None, 'group_ids': [], 'user_id': 'e4a212ca2e8949f093e68dd32d3d947f', 'user_domain_id': 'default', 'system_scope': 'all', 'project_id': None, 'project_domain_id': None, 'roles': ['admin', 'manager', 'member', 'reader'], 'is_admin_project': True, 'service_user_id': None, 'service_user_domain_id': None, 'service_project_id': None, 'service_project_domain_id': None, 'service_roles': []} {{(pid=82095) fill_context /opt/stack/keystone/keystone/server/flask/request_processing/middleware/auth_context.py:509}}
Mar 27 00:20:29 ubuntu devstack@keystone.service[82095]: DEBUG keystone.server.flask.request_processing.req_logging [None req-c9866b06-2aba-4c5d-a409-fdd05edd4e01 None admin] REQUEST_METHOD: `GET` {{(pid=82095) log_request_info /opt/stack/keystone/keystone/server/flask/request_processing/req_logging.py:26}}
Mar 27 00:20:29 ubuntu devstack@keystone.service[82095]: DEBUG keystone.server.flask.request_processing.req_logging [None req-c9866b06-2aba-4c5d-a409-fdd05edd4e01 None admin] SCRIPT_NAME: `/identity` {{(pid=82095) log_request_info /opt/stack/keystone/keystone/server/flask/request_processing/req_logging.py:27}}
Mar 27 00:20:29 ubuntu devstack@keystone.service[82095]: DEBUG keystone.server.flask.request_processing.req_logging [None req-c9866b06-2aba-4c5d-a409-fdd05edd4e01 None admin] PATH_INFO: `/v3/domains/Default` {{(pid=82095) log_request_info /opt/stack/keystone/keystone/server/flask/request_processing/req_logging.py:28}}
Mar 27 00:20:29 ubuntu devstack@keystone.service[82096]: DEBUG keystone.server.flask.request_processing.middleware.auth_context [None req-d7b306d6-cb01-4c90-b5c9-ab53039afeed None None] Validating token access rules against request {{(pid=82096) validate_allowed_request /opt/stack/data/venv/lib/python3.10/site-packages/keystonemiddleware/auth_token/__init__.py:545}}
Mar 27 00:20:29 ubuntu devstack@keystone.service[82095]: DEBUG keystone.common.rbac_enforcer.enforcer [None req-c9866b06-2aba-4c5d-a409-fdd05edd4e01 None admin] RBAC: Authorizing `identity:get_domain(domain_id=Default)` {{(pid=82095) enforce_call /opt/stack/keystone/keystone/common/rbac_enforcer/enforcer.py:494}}
Mar 27 00:20:29 ubuntu devstack@keystone.service[82095]: DEBUG keystone.common.rbac_enforcer.enforcer [None req-c9866b06-2aba-4c5d-a409-fdd05edd4e01 None admin] RBAC: Authorization granted {{(pid=82095) enforce_call /opt/stack/keystone/keystone/common/rbac_enforcer/enforcer.py:505}}
Mar 27 00:20:29 ubuntu devstack@keystone.service[82096]: DEBUG keystone.server.flask.request_processing.middleware.auth_context [None req-e3d82fe8-4f98-466f-ba39-2922f72a9db7 None admin] RBAC: auth_context: {'token': <TokenModel (audit_id=GOvCVE0sTPCOWtbO6VxzTg, audit_chain_id=['GOvCVE0sTPCOWtbO6VxzTg']) at 0x7fa1336af6a0>, 'domain_id': None, 'trust_id': None, 'trustor_id': None, 'trustee_id': None, 'domain_name': None, 'group_ids': [], 'user_id': 'e4a212ca2e8949f093e68dd32d3d947f', 'user_domain_id': 'default', 'system_scope': 'all', 'project_id': None, 'project_domain_id': None, 'roles': ['admin', 'manager', 'member', 'reader'], 'is_admin_project': True, 'service_user_id': None, 'service_user_domain_id': None, 'service_project_id': None, 'service_project_domain_id': None, 'service_roles': []} {{(pid=82096) fill_context /opt/stack/keystone/keystone/server/flask/request_processing/middleware/auth_context.py:509}}
Mar 27 00:20:29 ubuntu devstack@keystone.service[82096]: DEBUG keystone.server.flask.request_processing.req_logging [None req-e3d82fe8-4f98-466f-ba39-2922f72a9db7 None admin] REQUEST_METHOD: `GET` {{(pid=82096) log_request_info /opt/stack/keystone/keystone/server/flask/request_processing/req_logging.py:26}}
Mar 27 00:20:29 ubuntu devstack@keystone.service[82096]: DEBUG keystone.server.flask.request_processing.req_logging [None req-e3d82fe8-4f98-466f-ba39-2922f72a9db7 None admin] SCRIPT_NAME: `/identity` {{(pid=82096) log_request_info /opt/stack/keystone/keystone/server/flask/request_processing/req_logging.py:27}}
Mar 27 00:20:29 ubuntu devstack@keystone.service[82096]: DEBUG keystone.server.flask.request_processing.req_logging [None req-e3d82fe8-4f98-466f-ba39-2922f72a9db7 None admin] PATH_INFO: `/v3/domains/default` {{(pid=82096) log_request_info /opt/stack/keystone/keystone/server/flask/request_processing/req_logging.py:28}}
Mar 27 00:20:29 ubuntu devstack@keystone.service[82096]: DEBUG keystone.common.rbac_enforcer.enforcer [None req-e3d82fe8-4f98-466f-ba39-2922f72a9db7 None admin] RBAC: Authorizing `identity:get_domain(domain_id=default)` {{(pid=82096) enforce_call /opt/stack/keystone/keystone/common/rbac_enforcer/enforcer.py:494}}
Mar 27 00:20:29 ubuntu devstack@keystone.service[82096]: DEBUG keystone.common.rbac_enforcer.enforcer [None req-e3d82fe8-4f98-466f-ba39-2922f72a9db7 None admin] RBAC: Authorization granted {{(pid=82096) enforce_call /opt/stack/keystone/keystone/common/rbac_enforcer/enforcer.py:505}}
Mar 27 00:20:29 ubuntu devstack@keystone.service[82096]: [pid: 82096|app: 0|req: 20/34] 10.201.5.82 () {56 vars in 1145 bytes} [Fri Mar 27 00:20:29 2026] GET /identity/v3/domains/default => generated 199 bytes in 51 msecs (HTTP/1.1 200) 5 headers in 177 bytes (1 switches on core 0)
Mar 27 00:20:29 ubuntu devstack@keystone.service[82095]: DEBUG keystone.server.flask.application [None req-c9866b06-2aba-4c5d-a409-fdd05edd4e01 None admin] Could not find domain: Default. {{(pid=82095) _handle_keystone_exception /opt/stack/keystone/keystone/server/flask/application.py:146}}
Mar 27 00:20:29 ubuntu devstack@keystone.service[82095]: [pid: 82095|app: 0|req: 15/35] 10.201.5.82 () {56 vars in 1145 bytes} [Fri Mar 27 00:20:29 2026] GET /identity/v3/domains/Default => generated 87 bytes in 141 msecs (HTTP/1.1 404) 5 headers in 183 bytes (1 switches on core 0)
Mar 27 00:20:29 ubuntu devstack@keystone.service[82096]: DEBUG keystone.server.flask.request_processing.middleware.auth_context [None req-e3d82fe8-4f98-466f-ba39-2922f72a9db7 None admin] Authenticating user token {{(pid=82096) process_request /opt/stack/data/venv/lib/python3.10/site-packages/keystonemiddleware/auth_token/__init__.py:407}}
Mar 27 00:20:29 ubuntu devstack@keystone.service[82095]: DEBUG keystone.server.flask.request_processing.middleware.auth_context [None req-c9866b06-2aba-4c5d-a409-fdd05edd4e01 None admin] Authenticating user token {{(pid=82095) process_request /opt/stack/data/venv/lib/python3.10/site-packages/keystonemiddleware/auth_token/__init__.py:407}}
Mar 27 00:20:30 ubuntu devstack@keystone.service[82096]: DEBUG keystone.server.flask.request_processing.middleware.auth_context [None req-e3d82fe8-4f98-466f-ba39-2922f72a9db7 None admin] Validating token access rules against request {{(pid=82096) validate_allowed_request /opt/stack/data/venv/lib/python3.10/site-packages/keystonemiddleware/auth_token/__init__.py:545}}
Mar 27 00:20:30 ubuntu devstack@keystone.service[82095]: DEBUG keystone.server.flask.request_processing.middleware.auth_context [None req-c9866b06-2aba-4c5d-a409-fdd05edd4e01 None admin] Validating token access rules against request {{(pid=82095) validate_allowed_request /opt/stack/data/venv/lib/python3.10/site-packages/keystonemiddleware/auth_token/__init__.py:545}}
Mar 27 00:20:30 ubuntu devstack@keystone.service[82096]: DEBUG keystone.server.flask.request_processing.middleware.auth_context [None req-c9828cc2-c90c-4678-b733-1c85dcdc67cb None admin] RBAC: auth_context: {'token': <TokenModel (audit_id=GOvCVE0sTPCOWtbO6VxzTg, audit_chain_id=['GOvCVE0sTPCOWtbO6VxzTg']) at 0x7fa1336df160>, 'domain_id': None, 'trust_id': None, 'trustor_id': None, 'trustee_id': None, 'domain_name': None, 'group_ids': [], 'user_id': 'e4a212ca2e8949f093e68dd32d3d947f', 'user_domain_id': 'default', 'system_scope': 'all', 'project_id': None, 'project_domain_id': None, 'roles': ['admin', 'manager', 'member', 'reader'], 'is_admin_project': True, 'service_user_id': None, 'service_user_domain_id': None, 'service_project_id': None, 'service_project_domain_id': None, 'service_roles': []} {{(pid=82096) fill_context /opt/stack/keystone/keystone/server/flask/request_processing/middleware/auth_context.py:509}}
Mar 27 00:20:30 ubuntu devstack@keystone.service[82096]: DEBUG keystone.server.flask.request_processing.req_logging [None req-c9828cc2-c90c-4678-b733-1c85dcdc67cb None admin] REQUEST_METHOD: `GET` {{(pid=82096) log_request_info /opt/stack/keystone/keystone/server/flask/request_processing/req_logging.py:26}}
Mar 27 00:20:30 ubuntu devstack@keystone.service[82096]: DEBUG keystone.server.flask.request_processing.req_logging [None req-c9828cc2-c90c-4678-b733-1c85dcdc67cb None admin] SCRIPT_NAME: `/identity` {{(pid=82096) log_request_info /opt/stack/keystone/keystone/server/flask/request_processing/req_logging.py:27}}
Mar 27 00:20:30 ubuntu devstack@keystone.service[82096]: DEBUG keystone.server.flask.request_processing.req_logging [None req-c9828cc2-c90c-4678-b733-1c85dcdc67cb None admin] PATH_INFO: `/v3/role_assignments` {{(pid=82096) log_request_info /opt/stack/keystone/keystone/server/flask/request_processing/req_logging.py:28}}
Mar 27 00:20:30 ubuntu devstack@keystone.service[82096]: DEBUG keystone.common.rbac_enforcer.enforcer [None req-c9828cc2-c90c-4678-b733-1c85dcdc67cb None admin] RBAC: Adding query filter params (role.id=88175af625f7499fb0e8761539cdb886, scope.domain.id=default, user.id=e4a212ca2e8949f093e68dd32d3d947f) {{(pid=82096) _extract_filter_values /opt/stack/keystone/keystone/common/rbac_enforcer/enforcer.py:176}}
Mar 27 00:20:30 ubuntu devstack@keystone.service[82096]: DEBUG keystone.common.rbac_enforcer.enforcer [None req-c9828cc2-c90c-4678-b733-1c85dcdc67cb None admin] RBAC: Authorizing `identity:list_role_assignments()` {{(pid=82096) enforce_call /opt/stack/keystone/keystone/common/rbac_enforcer/enforcer.py:494}}
Mar 27 00:20:30 ubuntu devstack@keystone.service[82096]: DEBUG keystone.common.rbac_enforcer.enforcer [None req-c9828cc2-c90c-4678-b733-1c85dcdc67cb None admin] RBAC: Authorization granted {{(pid=82096) enforce_call /opt/stack/keystone/keystone/common/rbac_enforcer/enforcer.py:505}}
Mar 27 00:20:30 ubuntu devstack@keystone.service[82096]: [pid: 82096|app: 0|req: 21/36] 10.201.5.82 () {56 vars in 1372 bytes} [Fri Mar 27 00:20:29 2026] GET /identity/v3/role_assignments?role.id=88175af625f7499fb0e8761539cdb886&scope.domain.id=default&user.id=e4a212ca2e8949f093e68dd32d3d947f => generated 530 bytes in 57 msecs (HTTP/1.1 200) 5 headers in 177 bytes (1 switches on core 0)
Mar 27 00:20:30 ubuntu devstack@keystone.service[82096]: DEBUG keystone.server.flask.request_processing.middleware.auth_context [None req-c9828cc2-c90c-4678-b733-1c85dcdc67cb None admin] Authenticating user token {{(pid=82096) process_request /opt/stack/data/venv/lib/python3.10/site-packages/keystonemiddleware/auth_token/__init__.py:407}}
Mar 27 00:20:30 ubuntu devstack@keystone.service[82095]: DEBUG keystone.server.flask.request_processing.middleware.auth_context [None req-40fcc71a-c6ad-4511-b4eb-3765ed032bb8 None admin] RBAC: auth_context: {'token': <TokenModel (audit_id=W6YCL_WiTiC3Svv9cKNTkA, audit_chain_id=['W6YCL_WiTiC3Svv9cKNTkA']) at 0x7fa1337106a0>, 'domain_id': None, 'trust_id': None, 'trustor_id': None, 'trustee_id': None, 'domain_name': None, 'group_ids': [], 'user_id': 'e4a212ca2e8949f093e68dd32d3d947f', 'user_domain_id': 'default', 'system_scope': 'all', 'project_id': None, 'project_domain_id': None, 'roles': ['admin', 'manager', 'member', 'reader'], 'is_admin_project': True, 'service_user_id': None, 'service_user_domain_id': None, 'service_project_id': None, 'service_project_domain_id': None, 'service_roles': []} {{(pid=82095) fill_context /opt/stack/keystone/keystone/server/flask/request_processing/middleware/auth_context.py:509}}
Mar 27 00:20:30 ubuntu devstack@keystone.service[82095]: DEBUG keystone.server.flask.request_processing.req_logging [None req-40fcc71a-c6ad-4511-b4eb-3765ed032bb8 None admin] REQUEST_METHOD: `GET` {{(pid=82095) log_request_info /opt/stack/keystone/keystone/server/flask/request_processing/req_logging.py:26}}
Mar 27 00:20:30 ubuntu devstack@keystone.service[82095]: DEBUG keystone.server.flask.request_processing.req_logging [None req-40fcc71a-c6ad-4511-b4eb-3765ed032bb8 None admin] SCRIPT_NAME: `/identity` {{(pid=82095) log_request_info /opt/stack/keystone/keystone/server/flask/request_processing/req_logging.py:27}}
Mar 27 00:20:30 ubuntu devstack@keystone.service[82095]: DEBUG keystone.server.flask.request_processing.req_logging [None req-40fcc71a-c6ad-4511-b4eb-3765ed032bb8 None admin] PATH_INFO: `/v3/domains` {{(pid=82095) log_request_info /opt/stack/keystone/keystone/server/flask/request_processing/req_logging.py:28}}
Mar 27 00:20:30 ubuntu devstack@keystone.service[82095]: DEBUG keystone.common.rbac_enforcer.enforcer [None req-40fcc71a-c6ad-4511-b4eb-3765ed032bb8 None admin] RBAC: Adding query filter params (name=Default) {{(pid=82095) _extract_filter_values /opt/stack/keystone/keystone/common/rbac_enforcer/enforcer.py:176}}
Mar 27 00:20:30 ubuntu devstack@keystone.service[82095]: DEBUG keystone.common.rbac_enforcer.enforcer [None req-40fcc71a-c6ad-4511-b4eb-3765ed032bb8 None admin] RBAC: Authorizing `identity:list_domains()` {{(pid=82095) enforce_call /opt/stack/keystone/keystone/common/rbac_enforcer/enforcer.py:494}}
Mar 27 00:20:30 ubuntu devstack@keystone.service[82095]: DEBUG keystone.common.rbac_enforcer.enforcer [None req-40fcc71a-c6ad-4511-b4eb-3765ed032bb8 None admin] RBAC: Authorization granted {{(pid=82095) enforce_call /opt/stack/keystone/keystone/common/rbac_enforcer/enforcer.py:505}}
Mar 27 00:20:30 ubuntu devstack@keystone.service[82095]: [pid: 82095|app: 0|req: 16/37] 10.201.5.82 () {56 vars in 1159 bytes} [Fri Mar 27 00:20:29 2026] GET /identity/v3/domains?name=Default => generated 308 bytes in 75 msecs (HTTP/1.1 200) 5 headers in 177 bytes (2 switches on core 0)
Mar 27 00:20:30 ubuntu devstack@keystone.service[82095]: DEBUG keystone.server.flask.request_processing.middleware.auth_context [None req-40fcc71a-c6ad-4511-b4eb-3765ed032bb8 None admin] Authenticating user token {{(pid=82095) process_request /opt/stack/data/venv/lib/python3.10/site-packages/keystonemiddleware/auth_token/__init__.py:407}}
Mar 27 00:20:30 ubuntu devstack@keystone.service[82096]: DEBUG keystone.server.flask.request_processing.middleware.auth_context [None req-c9828cc2-c90c-4678-b733-1c85dcdc67cb None admin] Validating token access rules against request {{(pid=82096) validate_allowed_request /opt/stack/data/venv/lib/python3.10/site-packages/keystonemiddleware/auth_token/__init__.py:545}}
Mar 27 00:20:30 ubuntu devstack@keystone.service[82096]: DEBUG keystone.server.flask.request_processing.middleware.auth_context [None req-34ce10b1-0536-4976-b0dc-06d305b35984 None admin] RBAC: auth_context: {'token': <TokenModel (audit_id=FIrDfQzYRNCkEQW823mOHw, audit_chain_id=['FIrDfQzYRNCkEQW823mOHw']) at 0x7fa1336dc4f0>, 'domain_id': None, 'trust_id': None, 'trustor_id': None, 'trustee_id': None, 'domain_name': None, 'group_ids': [], 'user_id': 'e4a212ca2e8949f093e68dd32d3d947f', 'user_domain_id': 'default', 'system_scope': 'all', 'project_id': None, 'project_domain_id': None, 'roles': ['admin', 'manager', 'member', 'reader'], 'is_admin_project': True, 'service_user_id': None, 'service_user_domain_id': None, 'service_project_id': None, 'service_project_domain_id': None, 'service_roles': []} {{(pid=82096) fill_context /opt/stack/keystone/keystone/server/flask/request_processing/middleware/auth_context.py:509}}
Mar 27 00:20:30 ubuntu devstack@keystone.service[82096]: DEBUG keystone.server.flask.request_processing.req_logging [None req-34ce10b1-0536-4976-b0dc-06d305b35984 None admin] REQUEST_METHOD: `POST` {{(pid=82096) log_request_info /opt/stack/keystone/keystone/server/flask/request_processing/req_logging.py:26}}
Mar 27 00:20:30 ubuntu devstack@keystone.service[82096]: DEBUG keystone.server.flask.request_processing.req_logging [None req-34ce10b1-0536-4976-b0dc-06d305b35984 None admin] SCRIPT_NAME: `/identity` {{(pid=82096) log_request_info /opt/stack/keystone/keystone/server/flask/request_processing/req_logging.py:27}}
Mar 27 00:20:30 ubuntu devstack@keystone.service[82096]: DEBUG keystone.server.flask.request_processing.req_logging [None req-34ce10b1-0536-4976-b0dc-06d305b35984 None admin] PATH_INFO: `/v3/roles` {{(pid=82096) log_request_info /opt/stack/keystone/keystone/server/flask/request_processing/req_logging.py:28}}
Mar 27 00:20:30 ubuntu devstack@keystone.service[82096]: DEBUG keystone.common.rbac_enforcer.enforcer [None req-34ce10b1-0536-4976-b0dc-06d305b35984 None admin] RBAC: Authorizing `identity:create_role()` {{(pid=82096) enforce_call /opt/stack/keystone/keystone/common/rbac_enforcer/enforcer.py:494}}
Mar 27 00:20:30 ubuntu devstack@keystone.service[82096]: DEBUG keystone.common.rbac_enforcer.enforcer [None req-34ce10b1-0536-4976-b0dc-06d305b35984 None admin] RBAC: Authorization granted {{(pid=82096) enforce_call /opt/stack/keystone/keystone/common/rbac_enforcer/enforcer.py:505}}
Mar 27 00:20:30 ubuntu devstack@keystone.service[82095]: DEBUG keystone.server.flask.request_processing.middleware.auth_context [None req-40fcc71a-c6ad-4511-b4eb-3765ed032bb8 None admin] Validating token access rules against request {{(pid=82095) validate_allowed_request /opt/stack/data/venv/lib/python3.10/site-packages/keystonemiddleware/auth_token/__init__.py:545}}
Mar 27 00:20:30 ubuntu devstack@keystone.service[82096]: DEBUG keystone.common.sql.core [None req-34ce10b1-0536-4976-b0dc-06d305b35984 None admin] Conflict role: (pymysql.err.IntegrityError) (1062, "Duplicate entry 'service-<<null>>' for key 'role.ixu_role_name_domain_id'")
Mar 27 00:20:30 ubuntu devstack@keystone.service[82096]: [SQL: INSERT INTO `role` (id, name, description, extra) VALUES (%(id)s, %(name)s, %(description)s, %(extra)s)]
Mar 27 00:20:30 ubuntu devstack@keystone.service[82096]: [parameters: {'id': '8dfab48e5d55484a9a33aa30b771bb0f', 'name': 'service', 'description': None, 'extra': '{}'}]
Mar 27 00:20:30 ubuntu devstack@keystone.service[82096]: (Background on this error at: https://sqlalche.me/e/20/gkpj) {{(pid=82096) wrapper /opt/stack/keystone/keystone/common/sql/core.py:580}}
Mar 27 00:20:30 ubuntu devstack@keystone.service[82096]: ERROR keystone.server.flask.application [None req-34ce10b1-0536-4976-b0dc-06d305b35984 None admin] Conflict occurred attempting to store role - Duplicate entry found with name service.: keystone.exception.Conflict: Conflict occurred attempting to store role - Duplicate entry found with name service.
Mar 27 00:20:30 ubuntu devstack@keystone.service[82096]: ERROR keystone.server.flask.application Traceback (most recent call last):
Mar 27 00:20:30 ubuntu devstack@keystone.service[82096]: ERROR keystone.server.flask.application   File "/opt/stack/data/venv/lib/python3.10/site-packages/sqlalchemy/engine/base.py", line 1967, in _exec_single_context
Mar 27 00:20:30 ubuntu devstack@keystone.service[82096]: ERROR keystone.server.flask.application     self.dialect.do_execute(
Mar 27 00:20:30 ubuntu devstack@keystone.service[82096]: ERROR keystone.server.flask.application   File "/opt/stack/data/venv/lib/python3.10/site-packages/sqlalchemy/engine/default.py", line 952, in do_execute
Mar 27 00:20:30 ubuntu devstack@keystone.service[82096]: ERROR keystone.server.flask.application     cursor.execute(statement, parameters)
Mar 27 00:20:30 ubuntu devstack@keystone.service[82096]: ERROR keystone.server.flask.application   File "/opt/stack/data/venv/lib/python3.10/site-packages/pymysql/cursors.py", line 153, in execute
Mar 27 00:20:30 ubuntu devstack@keystone.service[82096]: ERROR keystone.server.flask.application     result = self._query(query)
Mar 27 00:20:30 ubuntu devstack@keystone.service[82096]: ERROR keystone.server.flask.application   File "/opt/stack/data/venv/lib/python3.10/site-packages/pymysql/cursors.py", line 322, in _query
Mar 27 00:20:30 ubuntu devstack@keystone.service[82096]: ERROR keystone.server.flask.application     conn.query(q)
Mar 27 00:20:30 ubuntu devstack@keystone.service[82096]: ERROR keystone.server.flask.application   File "/opt/stack/data/venv/lib/python3.10/site-packages/pymysql/connections.py", line 575, in query
Mar 27 00:20:30 ubuntu devstack@keystone.service[82096]: ERROR keystone.server.flask.application     self._affected_rows = self._read_query_result(unbuffered=unbuffered)
Mar 27 00:20:30 ubuntu devstack@keystone.service[82096]: ERROR keystone.server.flask.application   File "/opt/stack/data/venv/lib/python3.10/site-packages/pymysql/connections.py", line 826, in _read_query_result
Mar 27 00:20:30 ubuntu devstack@keystone.service[82096]: ERROR keystone.server.flask.application     result.read()
Mar 27 00:20:30 ubuntu devstack@keystone.service[82096]: ERROR keystone.server.flask.application   File "/opt/stack/data/venv/lib/python3.10/site-packages/pymysql/connections.py", line 1203, in read
Mar 27 00:20:30 ubuntu devstack@keystone.service[82096]: ERROR keystone.server.flask.application     first_packet = self.connection._read_packet()
Mar 27 00:20:30 ubuntu devstack@keystone.service[82096]: ERROR keystone.server.flask.application   File "/opt/stack/data/venv/lib/python3.10/site-packages/pymysql/connections.py", line 782, in _read_packet
Mar 27 00:20:30 ubuntu devstack@keystone.service[82096]: ERROR keystone.server.flask.application     packet.raise_for_error()
Mar 27 00:20:30 ubuntu devstack@keystone.service[82096]: ERROR keystone.server.flask.application   File "/opt/stack/data/venv/lib/python3.10/site-packages/pymysql/protocol.py", line 219, in raise_for_error
Mar 27 00:20:30 ubuntu devstack@keystone.service[82096]: ERROR keystone.server.flask.application     err.raise_mysql_exception(self._data)
Mar 27 00:20:30 ubuntu devstack@keystone.service[82096]: ERROR keystone.server.flask.application   File "/opt/stack/data/venv/lib/python3.10/site-packages/pymysql/err.py", line 150, in raise_mysql_exception
Mar 27 00:20:30 ubuntu devstack@keystone.service[82096]: ERROR keystone.server.flask.application     raise errorclass(errno, errval)
Mar 27 00:20:30 ubuntu devstack@keystone.service[82096]: ERROR keystone.server.flask.application pymysql.err.IntegrityError: (1062, "Duplicate entry 'service-<<null>>' for key 'role.ixu_role_name_domain_id'")
Mar 27 00:20:30 ubuntu devstack@keystone.service[82096]: ERROR keystone.server.flask.application 
Mar 27 00:20:30 ubuntu devstack@keystone.service[82096]: ERROR keystone.server.flask.application The above exception was the direct cause of the following exception:
Mar 27 00:20:30 ubuntu devstack@keystone.service[82096]: ERROR keystone.server.flask.application 
Mar 27 00:20:30 ubuntu devstack@keystone.service[82096]: ERROR keystone.server.flask.application Traceback (most recent call last):
Mar 27 00:20:30 ubuntu devstack@keystone.service[82096]: ERROR keystone.server.flask.application   File "/opt/stack/keystone/keystone/common/sql/core.py", line 575, in wrapper
Mar 27 00:20:30 ubuntu devstack@keystone.service[82096]: ERROR keystone.server.flask.application     return method(*args, **kwargs)
Mar 27 00:20:30 ubuntu devstack@keystone.service[82096]: ERROR keystone.server.flask.application   File "/opt/stack/keystone/keystone/assignment/role_backends/sql.py", line 25, in create_role
Mar 27 00:20:30 ubuntu devstack@keystone.service[82096]: ERROR keystone.server.flask.application     with sql.session_for_write() as session:
Mar 27 00:20:30 ubuntu devstack@keystone.service[82096]: ERROR keystone.server.flask.application   File "/usr/lib/python3.10/contextlib.py", line 142, in __exit__
Mar 27 00:20:30 ubuntu devstack@keystone.service[82096]: ERROR keystone.server.flask.application     next(self.gen)
Mar 27 00:20:30 ubuntu devstack@keystone.service[82096]: ERROR keystone.server.flask.application   File "/opt/stack/data/venv/lib/python3.10/site-packages/oslo_db/sqlalchemy/enginefacade.py", line 1175, in _transaction_scope
Mar 27 00:20:30 ubuntu devstack@keystone.service[82096]: ERROR keystone.server.flask.application     with current._produce_block(
Mar 27 00:20:30 ubuntu devstack@keystone.service[82096]: ERROR keystone.server.flask.application   File "/usr/lib/python3.10/contextlib.py", line 142, in __exit__
Mar 27 00:20:30 ubuntu devstack@keystone.service[82096]: ERROR keystone.server.flask.application     next(self.gen)
Mar 27 00:20:30 ubuntu devstack@keystone.service[82096]: ERROR keystone.server.flask.application   File "/opt/stack/data/venv/lib/python3.10/site-packages/oslo_db/sqlalchemy/enginefacade.py", line 837, in _session
Mar 27 00:20:30 ubuntu devstack@keystone.service[82096]: ERROR keystone.server.flask.application     with excutils.save_and_reraise_exception():
Mar 27 00:20:30 ubuntu devstack@keystone.service[82096]: ERROR keystone.server.flask.application   File "/opt/stack/data/venv/lib/python3.10/site-packages/oslo_utils/excutils.py", line 267, in __exit__
Mar 27 00:20:30 ubuntu devstack@keystone.service[82096]: ERROR keystone.server.flask.application     self.force_reraise()
Mar 27 00:20:30 ubuntu devstack@keystone.service[82096]: ERROR keystone.server.flask.application   File "/opt/stack/data/venv/lib/python3.10/site-packages/oslo_utils/excutils.py", line 233, in force_reraise
Mar 27 00:20:30 ubuntu devstack@keystone.service[82096]: ERROR keystone.server.flask.application     raise self.value
