Mar 05 23:00:49 ubuntu devstack@keystone.service[81923]: DEBUG keystone.server.flask.request_processing.req_logging [None req-0c0e026c-1c15-4a81-80b9-eee64400689c None None] REQUEST_METHOD: `POST` {{(pid=81923) log_request_info /opt/stack/keystone/keystone/server/flask/request_processing/req_logging.py:26}}
Mar 05 23:00:49 ubuntu devstack@keystone.service[81923]: DEBUG keystone.server.flask.request_processing.req_logging [None req-0c0e026c-1c15-4a81-80b9-eee64400689c None None] SCRIPT_NAME: `/identity` {{(pid=81923) log_request_info /opt/stack/keystone/keystone/server/flask/request_processing/req_logging.py:27}}
Mar 05 23:00:49 ubuntu devstack@keystone.service[81923]: DEBUG keystone.server.flask.request_processing.req_logging [None req-0c0e026c-1c15-4a81-80b9-eee64400689c None None] PATH_INFO: `/v3/auth/tokens` {{(pid=81923) log_request_info /opt/stack/keystone/keystone/server/flask/request_processing/req_logging.py:28}}
Mar 05 23:00:49 ubuntu devstack@keystone.service[81923]: WARNING keystone.common.password_hashing [None req-0c0e026c-1c15-4a81-80b9-eee64400689c None None] Truncating password to algorithm specific maximum length 72 characters.
Mar 05 23:00:49 ubuntu devstack@keystone.service[81923]: DEBUG keystone.auth.core [None req-0c0e026c-1c15-4a81-80b9-eee64400689c None None] MFA Rules not processed for user `9cf9a26ef2834fcd996c0919b60d6aac`. Rule list: `[]` (Enabled: `True`). {{(pid=81923) check_auth_methods_against_rules /opt/stack/keystone/keystone/auth/core.py:476}}
Mar 05 23:00:49 ubuntu devstack@keystone.service[81923]: DEBUG keystone.common.fernet_utils [None req-0c0e026c-1c15-4a81-80b9-eee64400689c None None] Loaded 2 Fernet keys from /etc/keystone/fernet-keys/, but `[fernet_tokens] max_active_keys = 3`; perhaps there have not been enough key rotations to reach `max_active_keys` yet? {{(pid=81923) load_keys /opt/stack/keystone/keystone/common/fernet_utils.py:297}}
Mar 05 23:00:49 ubuntu devstack@keystone.service[81922]: DEBUG keystone.server.flask.request_processing.req_logging [None req-a7b7ba22-bd14-451a-a8c0-f014d94d5bd3 None None] REQUEST_METHOD: `GET` {{(pid=81922) log_request_info /opt/stack/keystone/keystone/server/flask/request_processing/req_logging.py:26}}
Mar 05 23:00:49 ubuntu devstack@keystone.service[81922]: DEBUG keystone.server.flask.request_processing.req_logging [None req-a7b7ba22-bd14-451a-a8c0-f014d94d5bd3 None None] SCRIPT_NAME: `/identity` {{(pid=81922) log_request_info /opt/stack/keystone/keystone/server/flask/request_processing/req_logging.py:27}}
Mar 05 23:00:49 ubuntu devstack@keystone.service[81922]: DEBUG keystone.server.flask.request_processing.req_logging [None req-a7b7ba22-bd14-451a-a8c0-f014d94d5bd3 None None] PATH_INFO: `/` {{(pid=81922) log_request_info /opt/stack/keystone/keystone/server/flask/request_processing/req_logging.py:28}}
Mar 05 23:00:49 ubuntu devstack@keystone.service[81922]: [pid: 81922|app: 0|req: 13/24] 10.201.5.82 () {54 vars in 920 bytes} [Thu Mar  5 23:00:49 2026] GET /identity => generated 270 bytes in 2 msecs (HTTP/1.1 300) 6 headers in 234 bytes (1 switches on core 0)
Mar 05 23:00:49 ubuntu devstack@keystone.service[81922]: DEBUG keystone.server.flask.request_processing.req_logging [None req-79b0e1eb-706e-418e-8968-701dad8e5403 None None] REQUEST_METHOD: `POST` {{(pid=81922) log_request_info /opt/stack/keystone/keystone/server/flask/request_processing/req_logging.py:26}}
Mar 05 23:00:49 ubuntu devstack@keystone.service[81922]: DEBUG keystone.server.flask.request_processing.req_logging [None req-79b0e1eb-706e-418e-8968-701dad8e5403 None None] SCRIPT_NAME: `/identity` {{(pid=81922) log_request_info /opt/stack/keystone/keystone/server/flask/request_processing/req_logging.py:27}}
Mar 05 23:00:49 ubuntu devstack@keystone.service[81922]: DEBUG keystone.server.flask.request_processing.req_logging [None req-79b0e1eb-706e-418e-8968-701dad8e5403 None None] PATH_INFO: `/v3/auth/tokens` {{(pid=81922) log_request_info /opt/stack/keystone/keystone/server/flask/request_processing/req_logging.py:28}}
Mar 05 23:00:49 ubuntu devstack@keystone.service[81923]: [pid: 81923|app: 0|req: 12/25] 10.201.5.82 () {58 vars in 1017 bytes} [Thu Mar  5 23:00:49 2026] POST /identity/v3/auth/tokens => generated 862 bytes in 162 msecs (HTTP/1.1 201) 6 headers in 363 bytes (1 switches on core 0)
Mar 05 23:00:49 ubuntu devstack@keystone.service[81922]: WARNING keystone.common.password_hashing [None req-79b0e1eb-706e-418e-8968-701dad8e5403 None None] Truncating password to algorithm specific maximum length 72 characters.
Mar 05 23:00:49 ubuntu devstack@keystone.service[81922]: DEBUG keystone.auth.core [None req-79b0e1eb-706e-418e-8968-701dad8e5403 None None] MFA Rules not processed for user `9cf9a26ef2834fcd996c0919b60d6aac`. Rule list: `[]` (Enabled: `True`). {{(pid=81922) check_auth_methods_against_rules /opt/stack/keystone/keystone/auth/core.py:476}}
Mar 05 23:00:49 ubuntu devstack@keystone.service[81922]: DEBUG keystone.common.fernet_utils [None req-79b0e1eb-706e-418e-8968-701dad8e5403 None None] Loaded 2 Fernet keys from /etc/keystone/fernet-keys/, but `[fernet_tokens] max_active_keys = 3`; perhaps there have not been enough key rotations to reach `max_active_keys` yet? {{(pid=81922) load_keys /opt/stack/keystone/keystone/common/fernet_utils.py:297}}
Mar 05 23:00:49 ubuntu devstack@keystone.service[81922]: [pid: 81922|app: 0|req: 14/26] 10.201.5.82 () {58 vars in 1017 bytes} [Thu Mar  5 23:00:49 2026] POST /identity/v3/auth/tokens => generated 862 bytes in 103 msecs (HTTP/1.1 201) 6 headers in 363 bytes (1 switches on core 0)
Mar 05 23:00:49 ubuntu devstack@keystone.service[81923]: DEBUG keystone.server.flask.request_processing.middleware.auth_context [None req-0c0e026c-1c15-4a81-80b9-eee64400689c None None] Authenticating user token {{(pid=81923) process_request /opt/stack/data/venv/lib/python3.10/site-packages/keystonemiddleware/auth_token/__init__.py:407}}
Mar 05 23:00:49 ubuntu devstack@keystone.service[81923]: DEBUG keystone.server.flask.request_processing.middleware.auth_context [None req-0c0e026c-1c15-4a81-80b9-eee64400689c None None] Validating token access rules against request {{(pid=81923) validate_allowed_request /opt/stack/data/venv/lib/python3.10/site-packages/keystonemiddleware/auth_token/__init__.py:545}}
Mar 05 23:00:49 ubuntu devstack@keystone.service[81923]: DEBUG keystone.server.flask.request_processing.middleware.auth_context [None req-c753edfa-aedc-4b91-9939-cd1d5a5e69cd None admin] RBAC: auth_context: {'token': <TokenModel (audit_id=AITF1sw8RnCK5byvvq3kCg, audit_chain_id=['AITF1sw8RnCK5byvvq3kCg']) at 0x7fd76ab4f9a0>, 'domain_id': None, 'trust_id': None, 'trustor_id': None, 'trustee_id': None, 'domain_name': None, 'group_ids': [], 'user_id': '9cf9a26ef2834fcd996c0919b60d6aac', 'user_domain_id': 'default', 'system_scope': 'all', 'project_id': None, 'project_domain_id': None, 'roles': ['admin', 'manager', 'member', 'reader'], 'is_admin_project': True, 'service_user_id': None, 'service_user_domain_id': None, 'service_project_id': None, 'service_project_domain_id': None, 'service_roles': []} {{(pid=81923) fill_context /opt/stack/keystone/keystone/server/flask/request_processing/middleware/auth_context.py:509}}
Mar 05 23:00:49 ubuntu devstack@keystone.service[81923]: DEBUG keystone.server.flask.request_processing.req_logging [None req-c753edfa-aedc-4b91-9939-cd1d5a5e69cd None admin] REQUEST_METHOD: `GET` {{(pid=81923) log_request_info /opt/stack/keystone/keystone/server/flask/request_processing/req_logging.py:26}}
Mar 05 23:00:49 ubuntu devstack@keystone.service[81923]: DEBUG keystone.server.flask.request_processing.req_logging [None req-c753edfa-aedc-4b91-9939-cd1d5a5e69cd None admin] SCRIPT_NAME: `/identity` {{(pid=81923) log_request_info /opt/stack/keystone/keystone/server/flask/request_processing/req_logging.py:27}}
Mar 05 23:00:49 ubuntu devstack@keystone.service[81923]: DEBUG keystone.server.flask.request_processing.req_logging [None req-c753edfa-aedc-4b91-9939-cd1d5a5e69cd None admin] PATH_INFO: `/v3/roles/admin` {{(pid=81923) log_request_info /opt/stack/keystone/keystone/server/flask/request_processing/req_logging.py:28}}
Mar 05 23:00:49 ubuntu devstack@keystone.service[81923]: DEBUG keystone.common.rbac_enforcer.enforcer [None req-c753edfa-aedc-4b91-9939-cd1d5a5e69cd None admin] Extracting inferred target data resulted in "NOT FOUND (404)". {{(pid=81923) enforce_call /opt/stack/keystone/keystone/common/rbac_enforcer/enforcer.py:445}}
Mar 05 23:00:49 ubuntu devstack@keystone.service[81923]: DEBUG keystone.server.flask.application [None req-c753edfa-aedc-4b91-9939-cd1d5a5e69cd None admin] Could not find role: admin. {{(pid=81923) _handle_keystone_exception /opt/stack/keystone/keystone/server/flask/application.py:146}}
Mar 05 23:00:49 ubuntu devstack@keystone.service[81923]: [pid: 81923|app: 0|req: 13/27] 10.201.5.82 () {56 vars in 1133 bytes} [Thu Mar  5 23:00:49 2026] GET /identity/v3/roles/admin => generated 83 bytes in 64 msecs (HTTP/1.1 404) 5 headers in 183 bytes (1 switches on core 0)
Mar 05 23:00:49 ubuntu devstack@keystone.service[81922]: DEBUG keystone.server.flask.request_processing.req_logging [None req-0c061c1b-2799-4370-879e-e2db9bda3c2c None None] REQUEST_METHOD: `GET` {{(pid=81922) log_request_info /opt/stack/keystone/keystone/server/flask/request_processing/req_logging.py:26}}
Mar 05 23:00:49 ubuntu devstack@keystone.service[81922]: DEBUG keystone.server.flask.request_processing.req_logging [None req-0c061c1b-2799-4370-879e-e2db9bda3c2c None None] SCRIPT_NAME: `/identity` {{(pid=81922) log_request_info /opt/stack/keystone/keystone/server/flask/request_processing/req_logging.py:27}}
Mar 05 23:00:49 ubuntu devstack@keystone.service[81922]: DEBUG keystone.server.flask.request_processing.req_logging [None req-0c061c1b-2799-4370-879e-e2db9bda3c2c None None] PATH_INFO: `/` {{(pid=81922) log_request_info /opt/stack/keystone/keystone/server/flask/request_processing/req_logging.py:28}}
Mar 05 23:00:49 ubuntu devstack@keystone.service[81923]: DEBUG keystone.server.flask.request_processing.middleware.auth_context [None req-c753edfa-aedc-4b91-9939-cd1d5a5e69cd None admin] Authenticating user token {{(pid=81923) process_request /opt/stack/data/venv/lib/python3.10/site-packages/keystonemiddleware/auth_token/__init__.py:407}}
Mar 05 23:00:49 ubuntu devstack@keystone.service[81922]: [pid: 81922|app: 0|req: 15/28] 10.201.5.82 () {54 vars in 920 bytes} [Thu Mar  5 23:00:49 2026] GET /identity => generated 270 bytes in 2 msecs (HTTP/1.1 300) 6 headers in 234 bytes (1 switches on core 0)
Mar 05 23:00:49 ubuntu devstack@keystone.service[81922]: DEBUG keystone.server.flask.request_processing.req_logging [None req-82dc27ea-f359-44ca-8f26-26995bb10b0b None None] REQUEST_METHOD: `POST` {{(pid=81922) log_request_info /opt/stack/keystone/keystone/server/flask/request_processing/req_logging.py:26}}
Mar 05 23:00:49 ubuntu devstack@keystone.service[81922]: DEBUG keystone.server.flask.request_processing.req_logging [None req-82dc27ea-f359-44ca-8f26-26995bb10b0b None None] SCRIPT_NAME: `/identity` {{(pid=81922) log_request_info /opt/stack/keystone/keystone/server/flask/request_processing/req_logging.py:27}}
Mar 05 23:00:49 ubuntu devstack@keystone.service[81922]: DEBUG keystone.server.flask.request_processing.req_logging [None req-82dc27ea-f359-44ca-8f26-26995bb10b0b None None] PATH_INFO: `/v3/auth/tokens` {{(pid=81922) log_request_info /opt/stack/keystone/keystone/server/flask/request_processing/req_logging.py:28}}
Mar 05 23:00:49 ubuntu devstack@keystone.service[81922]: WARNING keystone.common.password_hashing [None req-82dc27ea-f359-44ca-8f26-26995bb10b0b None None] Truncating password to algorithm specific maximum length 72 characters.
Mar 05 23:00:49 ubuntu devstack@keystone.service[81923]: DEBUG keystone.server.flask.request_processing.middleware.auth_context [None req-c753edfa-aedc-4b91-9939-cd1d5a5e69cd None admin] Validating token access rules against request {{(pid=81923) validate_allowed_request /opt/stack/data/venv/lib/python3.10/site-packages/keystonemiddleware/auth_token/__init__.py:545}}
Mar 05 23:00:49 ubuntu devstack@keystone.service[81922]: DEBUG keystone.auth.core [None req-82dc27ea-f359-44ca-8f26-26995bb10b0b None None] MFA Rules not processed for user `9cf9a26ef2834fcd996c0919b60d6aac`. Rule list: `[]` (Enabled: `True`). {{(pid=81922) check_auth_methods_against_rules /opt/stack/keystone/keystone/auth/core.py:476}}
Mar 05 23:00:49 ubuntu devstack@keystone.service[81922]: DEBUG keystone.common.fernet_utils [None req-82dc27ea-f359-44ca-8f26-26995bb10b0b None None] Loaded 2 Fernet keys from /etc/keystone/fernet-keys/, but `[fernet_tokens] max_active_keys = 3`; perhaps there have not been enough key rotations to reach `max_active_keys` yet? {{(pid=81922) load_keys /opt/stack/keystone/keystone/common/fernet_utils.py:297}}
Mar 05 23:00:50 ubuntu devstack@keystone.service[81923]: DEBUG keystone.server.flask.request_processing.middleware.auth_context [None req-38227596-fb40-4a70-a097-3fc79abbccf5 None admin] RBAC: auth_context: {'token': <TokenModel (audit_id=AITF1sw8RnCK5byvvq3kCg, audit_chain_id=['AITF1sw8RnCK5byvvq3kCg']) at 0x7fd76ad64130>, 'domain_id': None, 'trust_id': None, 'trustor_id': None, 'trustee_id': None, 'domain_name': None, 'group_ids': [], 'user_id': '9cf9a26ef2834fcd996c0919b60d6aac', 'user_domain_id': 'default', 'system_scope': 'all', 'project_id': None, 'project_domain_id': None, 'roles': ['admin', 'manager', 'member', 'reader'], 'is_admin_project': True, 'service_user_id': None, 'service_user_domain_id': None, 'service_project_id': None, 'service_project_domain_id': None, 'service_roles': []} {{(pid=81923) fill_context /opt/stack/keystone/keystone/server/flask/request_processing/middleware/auth_context.py:509}}
Mar 05 23:00:50 ubuntu devstack@keystone.service[81923]: DEBUG keystone.server.flask.request_processing.req_logging [None req-38227596-fb40-4a70-a097-3fc79abbccf5 None admin] REQUEST_METHOD: `GET` {{(pid=81923) log_request_info /opt/stack/keystone/keystone/server/flask/request_processing/req_logging.py:26}}
Mar 05 23:00:50 ubuntu devstack@keystone.service[81923]: DEBUG keystone.server.flask.request_processing.req_logging [None req-38227596-fb40-4a70-a097-3fc79abbccf5 None admin] SCRIPT_NAME: `/identity` {{(pid=81923) log_request_info /opt/stack/keystone/keystone/server/flask/request_processing/req_logging.py:27}}
Mar 05 23:00:50 ubuntu devstack@keystone.service[81923]: DEBUG keystone.server.flask.request_processing.req_logging [None req-38227596-fb40-4a70-a097-3fc79abbccf5 None admin] PATH_INFO: `/v3/roles` {{(pid=81923) log_request_info /opt/stack/keystone/keystone/server/flask/request_processing/req_logging.py:28}}
Mar 05 23:00:50 ubuntu devstack@keystone.service[81923]: DEBUG keystone.common.rbac_enforcer.enforcer [None req-38227596-fb40-4a70-a097-3fc79abbccf5 None admin] RBAC: Adding query filter params (name=admin) {{(pid=81923) _extract_filter_values /opt/stack/keystone/keystone/common/rbac_enforcer/enforcer.py:176}}
Mar 05 23:00:50 ubuntu devstack@keystone.service[81923]: DEBUG keystone.common.rbac_enforcer.enforcer [None req-38227596-fb40-4a70-a097-3fc79abbccf5 None admin] RBAC: Authorizing `identity:list_roles()` {{(pid=81923) enforce_call /opt/stack/keystone/keystone/common/rbac_enforcer/enforcer.py:494}}
Mar 05 23:00:50 ubuntu devstack@keystone.service[81923]: DEBUG keystone.common.rbac_enforcer.enforcer [None req-38227596-fb40-4a70-a097-3fc79abbccf5 None admin] RBAC: Authorization granted {{(pid=81923) enforce_call /opt/stack/keystone/keystone/common/rbac_enforcer/enforcer.py:505}}
Mar 05 23:00:50 ubuntu devstack@keystone.service[81923]: [pid: 81923|app: 0|req: 14/29] 10.201.5.82 () {56 vars in 1149 bytes} [Thu Mar  5 23:00:49 2026] GET /identity/v3/roles?name=admin => generated 339 bytes in 64 msecs (HTTP/1.1 200) 5 headers in 177 bytes (2 switches on core 0)
Mar 05 23:00:50 ubuntu devstack@keystone.service[81923]: DEBUG keystone.server.flask.request_processing.middleware.auth_context [None req-38227596-fb40-4a70-a097-3fc79abbccf5 None admin] Authenticating user token {{(pid=81923) process_request /opt/stack/data/venv/lib/python3.10/site-packages/keystonemiddleware/auth_token/__init__.py:407}}
Mar 05 23:00:50 ubuntu devstack@keystone.service[81923]: DEBUG keystone.server.flask.request_processing.middleware.auth_context [None req-38227596-fb40-4a70-a097-3fc79abbccf5 None admin] Validating token access rules against request {{(pid=81923) validate_allowed_request /opt/stack/data/venv/lib/python3.10/site-packages/keystonemiddleware/auth_token/__init__.py:545}}
Mar 05 23:00:50 ubuntu devstack@keystone.service[81922]: [pid: 81922|app: 0|req: 16/30] 10.201.5.82 () {58 vars in 1017 bytes} [Thu Mar  5 23:00:49 2026] POST /identity/v3/auth/tokens => generated 862 bytes in 98 msecs (HTTP/1.1 201) 6 headers in 363 bytes (1 switches on core 0)
Mar 05 23:00:50 ubuntu devstack@keystone.service[81923]: DEBUG keystone.server.flask.request_processing.middleware.auth_context [None req-ba8b5b3c-c0b5-4e54-8800-e61464866a2b None admin] RBAC: auth_context: {'token': <TokenModel (audit_id=AITF1sw8RnCK5byvvq3kCg, audit_chain_id=['AITF1sw8RnCK5byvvq3kCg']) at 0x7fd76b9bb2e0>, 'domain_id': None, 'trust_id': None, 'trustor_id': None, 'trustee_id': None, 'domain_name': None, 'group_ids': [], 'user_id': '9cf9a26ef2834fcd996c0919b60d6aac', 'user_domain_id': 'default', 'system_scope': 'all', 'project_id': None, 'project_domain_id': None, 'roles': ['admin', 'manager', 'member', 'reader'], 'is_admin_project': True, 'service_user_id': None, 'service_user_domain_id': None, 'service_project_id': None, 'service_project_domain_id': None, 'service_roles': []} {{(pid=81923) fill_context /opt/stack/keystone/keystone/server/flask/request_processing/middleware/auth_context.py:509}}
Mar 05 23:00:50 ubuntu devstack@keystone.service[81923]: DEBUG keystone.server.flask.request_processing.req_logging [None req-ba8b5b3c-c0b5-4e54-8800-e61464866a2b None admin] REQUEST_METHOD: `GET` {{(pid=81923) log_request_info /opt/stack/keystone/keystone/server/flask/request_processing/req_logging.py:26}}
Mar 05 23:00:50 ubuntu devstack@keystone.service[81923]: DEBUG keystone.server.flask.request_processing.req_logging [None req-ba8b5b3c-c0b5-4e54-8800-e61464866a2b None admin] SCRIPT_NAME: `/identity` {{(pid=81923) log_request_info /opt/stack/keystone/keystone/server/flask/request_processing/req_logging.py:27}}
Mar 05 23:00:50 ubuntu devstack@keystone.service[81923]: DEBUG keystone.server.flask.request_processing.req_logging [None req-ba8b5b3c-c0b5-4e54-8800-e61464866a2b None admin] PATH_INFO: `/v3/users/9cf9a26ef2834fcd996c0919b60d6aac` {{(pid=81923) log_request_info /opt/stack/keystone/keystone/server/flask/request_processing/req_logging.py:28}}
Mar 05 23:00:50 ubuntu devstack@keystone.service[81923]: DEBUG keystone.common.rbac_enforcer.enforcer [None req-ba8b5b3c-c0b5-4e54-8800-e61464866a2b None admin] RBAC: Authorizing `identity:get_user(user_id=9cf9a26ef2834fcd996c0919b60d6aac)` {{(pid=81923) enforce_call /opt/stack/keystone/keystone/common/rbac_enforcer/enforcer.py:494}}
Mar 05 23:00:50 ubuntu devstack@keystone.service[81923]: DEBUG keystone.common.rbac_enforcer.enforcer [None req-ba8b5b3c-c0b5-4e54-8800-e61464866a2b None admin] RBAC: Authorization granted {{(pid=81923) enforce_call /opt/stack/keystone/keystone/common/rbac_enforcer/enforcer.py:505}}
Mar 05 23:00:50 ubuntu devstack@keystone.service[81923]: [pid: 81923|app: 0|req: 15/31] 10.201.5.82 () {56 vars in 1214 bytes} [Thu Mar  5 23:00:50 2026] GET /identity/v3/users/9cf9a26ef2834fcd996c0919b60d6aac => generated 247 bytes in 53 msecs (HTTP/1.1 200) 5 headers in 177 bytes (1 switches on core 0)
Mar 05 23:00:50 ubuntu devstack@keystone.service[81922]: DEBUG keystone.server.flask.request_processing.middleware.auth_context [None req-82dc27ea-f359-44ca-8f26-26995bb10b0b None None] Authenticating user token {{(pid=81922) process_request /opt/stack/data/venv/lib/python3.10/site-packages/keystonemiddleware/auth_token/__init__.py:407}}
Mar 05 23:00:50 ubuntu devstack@keystone.service[81923]: DEBUG keystone.server.flask.request_processing.middleware.auth_context [None req-ba8b5b3c-c0b5-4e54-8800-e61464866a2b None admin] Authenticating user token {{(pid=81923) process_request /opt/stack/data/venv/lib/python3.10/site-packages/keystonemiddleware/auth_token/__init__.py:407}}
Mar 05 23:00:50 ubuntu devstack@keystone.service[81922]: DEBUG keystone.server.flask.request_processing.middleware.auth_context [None req-82dc27ea-f359-44ca-8f26-26995bb10b0b None None] Validating token access rules against request {{(pid=81922) validate_allowed_request /opt/stack/data/venv/lib/python3.10/site-packages/keystonemiddleware/auth_token/__init__.py:545}}
Mar 05 23:00:50 ubuntu devstack@keystone.service[81923]: DEBUG keystone.server.flask.request_processing.middleware.auth_context [None req-ba8b5b3c-c0b5-4e54-8800-e61464866a2b None admin] Validating token access rules against request {{(pid=81923) validate_allowed_request /opt/stack/data/venv/lib/python3.10/site-packages/keystonemiddleware/auth_token/__init__.py:545}}
Mar 05 23:00:50 ubuntu devstack@keystone.service[81923]: DEBUG keystone.server.flask.request_processing.middleware.auth_context [None req-7abb41bf-34b2-46b2-8670-698f473a27da None admin] RBAC: auth_context: {'token': <TokenModel (audit_id=3ANY0CznSWeWTN_DCbz72g, audit_chain_id=['3ANY0CznSWeWTN_DCbz72g']) at 0x7fd76b6d3f40>, 'domain_id': None, 'trust_id': None, 'trustor_id': None, 'trustee_id': None, 'domain_name': None, 'group_ids': [], 'user_id': '9cf9a26ef2834fcd996c0919b60d6aac', 'user_domain_id': 'default', 'system_scope': 'all', 'project_id': None, 'project_domain_id': None, 'roles': ['admin', 'manager', 'member', 'reader'], 'is_admin_project': True, 'service_user_id': None, 'service_user_domain_id': None, 'service_project_id': None, 'service_project_domain_id': None, 'service_roles': []} {{(pid=81923) fill_context /opt/stack/keystone/keystone/server/flask/request_processing/middleware/auth_context.py:509}}
Mar 05 23:00:50 ubuntu devstack@keystone.service[81923]: DEBUG keystone.server.flask.request_processing.req_logging [None req-7abb41bf-34b2-46b2-8670-698f473a27da None admin] REQUEST_METHOD: `GET` {{(pid=81923) log_request_info /opt/stack/keystone/keystone/server/flask/request_processing/req_logging.py:26}}
Mar 05 23:00:50 ubuntu devstack@keystone.service[81923]: DEBUG keystone.server.flask.request_processing.req_logging [None req-7abb41bf-34b2-46b2-8670-698f473a27da None admin] SCRIPT_NAME: `/identity` {{(pid=81923) log_request_info /opt/stack/keystone/keystone/server/flask/request_processing/req_logging.py:27}}
Mar 05 23:00:50 ubuntu devstack@keystone.service[81923]: DEBUG keystone.server.flask.request_processing.req_logging [None req-7abb41bf-34b2-46b2-8670-698f473a27da None admin] PATH_INFO: `/v3/domains/Default` {{(pid=81923) log_request_info /opt/stack/keystone/keystone/server/flask/request_processing/req_logging.py:28}}
Mar 05 23:00:50 ubuntu devstack@keystone.service[81922]: DEBUG keystone.server.flask.request_processing.middleware.auth_context [None req-002d9e0a-774f-40bd-a6c7-932330ef9328 None admin] RBAC: auth_context: {'token': <TokenModel (audit_id=AITF1sw8RnCK5byvvq3kCg, audit_chain_id=['AITF1sw8RnCK5byvvq3kCg']) at 0x7fd76ad19870>, 'domain_id': None, 'trust_id': None, 'trustor_id': None, 'trustee_id': None, 'domain_name': None, 'group_ids': [], 'user_id': '9cf9a26ef2834fcd996c0919b60d6aac', 'user_domain_id': 'default', 'system_scope': 'all', 'project_id': None, 'project_domain_id': None, 'roles': ['admin', 'manager', 'member', 'reader'], 'is_admin_project': True, 'service_user_id': None, 'service_user_domain_id': None, 'service_project_id': None, 'service_project_domain_id': None, 'service_roles': []} {{(pid=81922) fill_context /opt/stack/keystone/keystone/server/flask/request_processing/middleware/auth_context.py:509}}
Mar 05 23:00:50 ubuntu devstack@keystone.service[81922]: DEBUG keystone.server.flask.request_processing.req_logging [None req-002d9e0a-774f-40bd-a6c7-932330ef9328 None admin] REQUEST_METHOD: `GET` {{(pid=81922) log_request_info /opt/stack/keystone/keystone/server/flask/request_processing/req_logging.py:26}}
Mar 05 23:00:50 ubuntu devstack@keystone.service[81922]: DEBUG keystone.server.flask.request_processing.req_logging [None req-002d9e0a-774f-40bd-a6c7-932330ef9328 None admin] SCRIPT_NAME: `/identity` {{(pid=81922) log_request_info /opt/stack/keystone/keystone/server/flask/request_processing/req_logging.py:27}}
Mar 05 23:00:50 ubuntu devstack@keystone.service[81922]: DEBUG keystone.server.flask.request_processing.req_logging [None req-002d9e0a-774f-40bd-a6c7-932330ef9328 None admin] PATH_INFO: `/v3/domains/default` {{(pid=81922) log_request_info /opt/stack/keystone/keystone/server/flask/request_processing/req_logging.py:28}}
Mar 05 23:00:50 ubuntu devstack@keystone.service[81922]: DEBUG keystone.common.rbac_enforcer.enforcer [None req-002d9e0a-774f-40bd-a6c7-932330ef9328 None admin] RBAC: Authorizing `identity:get_domain(domain_id=default)` {{(pid=81922) enforce_call /opt/stack/keystone/keystone/common/rbac_enforcer/enforcer.py:494}}
Mar 05 23:00:50 ubuntu devstack@keystone.service[81922]: DEBUG keystone.common.rbac_enforcer.enforcer [None req-002d9e0a-774f-40bd-a6c7-932330ef9328 None admin] RBAC: Authorization granted {{(pid=81922) enforce_call /opt/stack/keystone/keystone/common/rbac_enforcer/enforcer.py:505}}
Mar 05 23:00:50 ubuntu devstack@keystone.service[81922]: [pid: 81922|app: 0|req: 17/32] 10.201.5.82 () {56 vars in 1145 bytes} [Thu Mar  5 23:00:50 2026] GET /identity/v3/domains/default => generated 199 bytes in 86 msecs (HTTP/1.1 200) 5 headers in 177 bytes (1 switches on core 0)
Mar 05 23:00:50 ubuntu devstack@keystone.service[81923]: DEBUG keystone.common.rbac_enforcer.enforcer [None req-7abb41bf-34b2-46b2-8670-698f473a27da None admin] RBAC: Authorizing `identity:get_domain(domain_id=Default)` {{(pid=81923) enforce_call /opt/stack/keystone/keystone/common/rbac_enforcer/enforcer.py:494}}
Mar 05 23:00:50 ubuntu devstack@keystone.service[81923]: DEBUG keystone.common.rbac_enforcer.enforcer [None req-7abb41bf-34b2-46b2-8670-698f473a27da None admin] RBAC: Authorization granted {{(pid=81923) enforce_call /opt/stack/keystone/keystone/common/rbac_enforcer/enforcer.py:505}}
Mar 05 23:00:50 ubuntu devstack@keystone.service[81922]: DEBUG keystone.server.flask.request_processing.middleware.auth_context [None req-002d9e0a-774f-40bd-a6c7-932330ef9328 None admin] Authenticating user token {{(pid=81922) process_request /opt/stack/data/venv/lib/python3.10/site-packages/keystonemiddleware/auth_token/__init__.py:407}}
Mar 05 23:00:50 ubuntu devstack@keystone.service[81923]: DEBUG keystone.server.flask.application [None req-7abb41bf-34b2-46b2-8670-698f473a27da None admin] Could not find domain: Default. {{(pid=81923) _handle_keystone_exception /opt/stack/keystone/keystone/server/flask/application.py:146}}
Mar 05 23:00:50 ubuntu devstack@keystone.service[81923]: [pid: 81923|app: 0|req: 16/33] 10.201.5.82 () {56 vars in 1145 bytes} [Thu Mar  5 23:00:50 2026] GET /identity/v3/domains/Default => generated 87 bytes in 77 msecs (HTTP/1.1 404) 5 headers in 183 bytes (1 switches on core 0)
Mar 05 23:00:50 ubuntu devstack@keystone.service[81923]: DEBUG keystone.server.flask.request_processing.middleware.auth_context [None req-7abb41bf-34b2-46b2-8670-698f473a27da None admin] Authenticating user token {{(pid=81923) process_request /opt/stack/data/venv/lib/python3.10/site-packages/keystonemiddleware/auth_token/__init__.py:407}}
Mar 05 23:00:50 ubuntu devstack@keystone.service[81922]: DEBUG keystone.server.flask.request_processing.middleware.auth_context [None req-002d9e0a-774f-40bd-a6c7-932330ef9328 None admin] Validating token access rules against request {{(pid=81922) validate_allowed_request /opt/stack/data/venv/lib/python3.10/site-packages/keystonemiddleware/auth_token/__init__.py:545}}
Mar 05 23:00:50 ubuntu devstack@keystone.service[81923]: DEBUG keystone.server.flask.request_processing.middleware.auth_context [None req-7abb41bf-34b2-46b2-8670-698f473a27da None admin] Validating token access rules against request {{(pid=81923) validate_allowed_request /opt/stack/data/venv/lib/python3.10/site-packages/keystonemiddleware/auth_token/__init__.py:545}}
Mar 05 23:00:50 ubuntu devstack@keystone.service[81922]: DEBUG keystone.server.flask.request_processing.middleware.auth_context [None req-09edb35d-a7a9-45a5-aded-6b89eb7d3a17 None admin] RBAC: auth_context: {'token': <TokenModel (audit_id=AITF1sw8RnCK5byvvq3kCg, audit_chain_id=['AITF1sw8RnCK5byvvq3kCg']) at 0x7fd76ab500a0>, 'domain_id': None, 'trust_id': None, 'trustor_id': None, 'trustee_id': None, 'domain_name': None, 'group_ids': [], 'user_id': '9cf9a26ef2834fcd996c0919b60d6aac', 'user_domain_id': 'default', 'system_scope': 'all', 'project_id': None, 'project_domain_id': None, 'roles': ['admin', 'manager', 'member', 'reader'], 'is_admin_project': True, 'service_user_id': None, 'service_user_domain_id': None, 'service_project_id': None, 'service_project_domain_id': None, 'service_roles': []} {{(pid=81922) fill_context /opt/stack/keystone/keystone/server/flask/request_processing/middleware/auth_context.py:509}}
Mar 05 23:00:50 ubuntu devstack@keystone.service[81922]: DEBUG keystone.server.flask.request_processing.req_logging [None req-09edb35d-a7a9-45a5-aded-6b89eb7d3a17 None admin] REQUEST_METHOD: `GET` {{(pid=81922) log_request_info /opt/stack/keystone/keystone/server/flask/request_processing/req_logging.py:26}}
Mar 05 23:00:50 ubuntu devstack@keystone.service[81922]: DEBUG keystone.server.flask.request_processing.req_logging [None req-09edb35d-a7a9-45a5-aded-6b89eb7d3a17 None admin] SCRIPT_NAME: `/identity` {{(pid=81922) log_request_info /opt/stack/keystone/keystone/server/flask/request_processing/req_logging.py:27}}
Mar 05 23:00:50 ubuntu devstack@keystone.service[81922]: DEBUG keystone.server.flask.request_processing.req_logging [None req-09edb35d-a7a9-45a5-aded-6b89eb7d3a17 None admin] PATH_INFO: `/v3/role_assignments` {{(pid=81922) log_request_info /opt/stack/keystone/keystone/server/flask/request_processing/req_logging.py:28}}
Mar 05 23:00:50 ubuntu devstack@keystone.service[81922]: DEBUG keystone.common.rbac_enforcer.enforcer [None req-09edb35d-a7a9-45a5-aded-6b89eb7d3a17 None admin] RBAC: Adding query filter params (role.id=bde1d37a7bf348738d8d1fdfb0e77fb1, scope.domain.id=default, user.id=9cf9a26ef2834fcd996c0919b60d6aac) {{(pid=81922) _extract_filter_values /opt/stack/keystone/keystone/common/rbac_enforcer/enforcer.py:176}}
Mar 05 23:00:50 ubuntu devstack@keystone.service[81922]: DEBUG keystone.common.rbac_enforcer.enforcer [None req-09edb35d-a7a9-45a5-aded-6b89eb7d3a17 None admin] RBAC: Authorizing `identity:list_role_assignments()` {{(pid=81922) enforce_call /opt/stack/keystone/keystone/common/rbac_enforcer/enforcer.py:494}}
Mar 05 23:00:50 ubuntu devstack@keystone.service[81923]: DEBUG keystone.server.flask.request_processing.middleware.auth_context [None req-fc163fb8-1af3-4403-ad89-24c35c74f220 None admin] RBAC: auth_context: {'token': <TokenModel (audit_id=3ANY0CznSWeWTN_DCbz72g, audit_chain_id=['3ANY0CznSWeWTN_DCbz72g']) at 0x7fd76a971570>, 'domain_id': None, 'trust_id': None, 'trustor_id': None, 'trustee_id': None, 'domain_name': None, 'group_ids': [], 'user_id': '9cf9a26ef2834fcd996c0919b60d6aac', 'user_domain_id': 'default', 'system_scope': 'all', 'project_id': None, 'project_domain_id': None, 'roles': ['admin', 'manager', 'member', 'reader'], 'is_admin_project': True, 'service_user_id': None, 'service_user_domain_id': None, 'service_project_id': None, 'service_project_domain_id': None, 'service_roles': []} {{(pid=81923) fill_context /opt/stack/keystone/keystone/server/flask/request_processing/middleware/auth_context.py:509}}
Mar 05 23:00:50 ubuntu devstack@keystone.service[81923]: DEBUG keystone.server.flask.request_processing.req_logging [None req-fc163fb8-1af3-4403-ad89-24c35c74f220 None admin] REQUEST_METHOD: `GET` {{(pid=81923) log_request_info /opt/stack/keystone/keystone/server/flask/request_processing/req_logging.py:26}}
Mar 05 23:00:50 ubuntu devstack@keystone.service[81922]: DEBUG keystone.common.rbac_enforcer.enforcer [None req-09edb35d-a7a9-45a5-aded-6b89eb7d3a17 None admin] RBAC: Authorization granted {{(pid=81922) enforce_call /opt/stack/keystone/keystone/common/rbac_enforcer/enforcer.py:505}}
Mar 05 23:00:50 ubuntu devstack@keystone.service[81923]: DEBUG keystone.server.flask.request_processing.req_logging [None req-fc163fb8-1af3-4403-ad89-24c35c74f220 None admin] SCRIPT_NAME: `/identity` {{(pid=81923) log_request_info /opt/stack/keystone/keystone/server/flask/request_processing/req_logging.py:27}}
Mar 05 23:00:50 ubuntu devstack@keystone.service[81923]: DEBUG keystone.server.flask.request_processing.req_logging [None req-fc163fb8-1af3-4403-ad89-24c35c74f220 None admin] PATH_INFO: `/v3/domains` {{(pid=81923) log_request_info /opt/stack/keystone/keystone/server/flask/request_processing/req_logging.py:28}}
Mar 05 23:00:50 ubuntu devstack@keystone.service[81923]: DEBUG keystone.common.rbac_enforcer.enforcer [None req-fc163fb8-1af3-4403-ad89-24c35c74f220 None admin] RBAC: Adding query filter params (name=Default) {{(pid=81923) _extract_filter_values /opt/stack/keystone/keystone/common/rbac_enforcer/enforcer.py:176}}
Mar 05 23:00:50 ubuntu devstack@keystone.service[81923]: DEBUG keystone.common.rbac_enforcer.enforcer [None req-fc163fb8-1af3-4403-ad89-24c35c74f220 None admin] RBAC: Authorizing `identity:list_domains()` {{(pid=81923) enforce_call /opt/stack/keystone/keystone/common/rbac_enforcer/enforcer.py:494}}
Mar 05 23:00:50 ubuntu devstack@keystone.service[81923]: DEBUG keystone.common.rbac_enforcer.enforcer [None req-fc163fb8-1af3-4403-ad89-24c35c74f220 None admin] RBAC: Authorization granted {{(pid=81923) enforce_call /opt/stack/keystone/keystone/common/rbac_enforcer/enforcer.py:505}}
Mar 05 23:00:50 ubuntu devstack@keystone.service[81922]: [pid: 81922|app: 0|req: 18/34] 10.201.5.82 () {56 vars in 1372 bytes} [Thu Mar  5 23:00:50 2026] GET /identity/v3/role_assignments?role.id=bde1d37a7bf348738d8d1fdfb0e77fb1&scope.domain.id=default&user.id=9cf9a26ef2834fcd996c0919b60d6aac => generated 530 bytes in 108 msecs (HTTP/1.1 200) 5 headers in 177 bytes (1 switches on core 0)
Mar 05 23:00:50 ubuntu devstack@keystone.service[81922]: DEBUG keystone.server.flask.request_processing.middleware.auth_context [None req-09edb35d-a7a9-45a5-aded-6b89eb7d3a17 None admin] Authenticating user token {{(pid=81922) process_request /opt/stack/data/venv/lib/python3.10/site-packages/keystonemiddleware/auth_token/__init__.py:407}}
Mar 05 23:00:50 ubuntu devstack@keystone.service[81923]: [pid: 81923|app: 0|req: 17/35] 10.201.5.82 () {56 vars in 1159 bytes} [Thu Mar  5 23:00:50 2026] GET /identity/v3/domains?name=Default => generated 308 bytes in 107 msecs (HTTP/1.1 200) 5 headers in 177 bytes (2 switches on core 0)
Mar 05 23:00:50 ubuntu devstack@keystone.service[81923]: DEBUG keystone.server.flask.request_processing.middleware.auth_context [None req-fc163fb8-1af3-4403-ad89-24c35c74f220 None admin] Authenticating user token {{(pid=81923) process_request /opt/stack/data/venv/lib/python3.10/site-packages/keystonemiddleware/auth_token/__init__.py:407}}
Mar 05 23:00:50 ubuntu devstack@keystone.service[81922]: DEBUG keystone.server.flask.request_processing.middleware.auth_context [None req-09edb35d-a7a9-45a5-aded-6b89eb7d3a17 None admin] Validating token access rules against request {{(pid=81922) validate_allowed_request /opt/stack/data/venv/lib/python3.10/site-packages/keystonemiddleware/auth_token/__init__.py:545}}
Mar 05 23:00:50 ubuntu devstack@keystone.service[81922]: DEBUG keystone.server.flask.request_processing.middleware.auth_context [None req-8b06072c-0dad-4657-8fa7-99b39b877dec None admin] RBAC: auth_context: {'token': <TokenModel (audit_id=cy1b--siTUODSHcsf8pgSg, audit_chain_id=['cy1b--siTUODSHcsf8pgSg']) at 0x7fd76aceb850>, 'domain_id': None, 'trust_id': None, 'trustor_id': None, 'trustee_id': None, 'domain_name': None, 'group_ids': [], 'user_id': '9cf9a26ef2834fcd996c0919b60d6aac', 'user_domain_id': 'default', 'system_scope': 'all', 'project_id': None, 'project_domain_id': None, 'roles': ['admin', 'manager', 'member', 'reader'], 'is_admin_project': True, 'service_user_id': None, 'service_user_domain_id': None, 'service_project_id': None, 'service_project_domain_id': None, 'service_roles': []} {{(pid=81922) fill_context /opt/stack/keystone/keystone/server/flask/request_processing/middleware/auth_context.py:509}}
Mar 05 23:00:50 ubuntu devstack@keystone.service[81922]: DEBUG keystone.server.flask.request_processing.req_logging [None req-8b06072c-0dad-4657-8fa7-99b39b877dec None admin] REQUEST_METHOD: `POST` {{(pid=81922) log_request_info /opt/stack/keystone/keystone/server/flask/request_processing/req_logging.py:26}}
Mar 05 23:00:50 ubuntu devstack@keystone.service[81922]: DEBUG keystone.server.flask.request_processing.req_logging [None req-8b06072c-0dad-4657-8fa7-99b39b877dec None admin] SCRIPT_NAME: `/identity` {{(pid=81922) log_request_info /opt/stack/keystone/keystone/server/flask/request_processing/req_logging.py:27}}
Mar 05 23:00:50 ubuntu devstack@keystone.service[81922]: DEBUG keystone.server.flask.request_processing.req_logging [None req-8b06072c-0dad-4657-8fa7-99b39b877dec None admin] PATH_INFO: `/v3/roles` {{(pid=81922) log_request_info /opt/stack/keystone/keystone/server/flask/request_processing/req_logging.py:28}}
Mar 05 23:00:50 ubuntu devstack@keystone.service[81922]: DEBUG keystone.common.rbac_enforcer.enforcer [None req-8b06072c-0dad-4657-8fa7-99b39b877dec None admin] RBAC: Authorizing `identity:create_role()` {{(pid=81922) enforce_call /opt/stack/keystone/keystone/common/rbac_enforcer/enforcer.py:494}}
Mar 05 23:00:50 ubuntu devstack@keystone.service[81922]: DEBUG keystone.common.rbac_enforcer.enforcer [None req-8b06072c-0dad-4657-8fa7-99b39b877dec None admin] RBAC: Authorization granted {{(pid=81922) enforce_call /opt/stack/keystone/keystone/common/rbac_enforcer/enforcer.py:505}}
Mar 05 23:00:50 ubuntu devstack@keystone.service[81922]: DEBUG keystone.common.sql.core [None req-8b06072c-0dad-4657-8fa7-99b39b877dec None admin] Conflict role: (pymysql.err.IntegrityError) (1062, "Duplicate entry 'service-<<null>>' for key 'role.ixu_role_name_domain_id'")
Mar 05 23:00:50 ubuntu devstack@keystone.service[81922]: [SQL: INSERT INTO `role` (id, name, description, extra) VALUES (%(id)s, %(name)s, %(description)s, %(extra)s)]
Mar 05 23:00:50 ubuntu devstack@keystone.service[81922]: [parameters: {'id': 'f5b5aca777f94debb88375e725614dad', 'name': 'service', 'description': None, 'extra': '{}'}]
Mar 05 23:00:50 ubuntu devstack@keystone.service[81922]: (Background on this error at: https://sqlalche.me/e/20/gkpj) {{(pid=81922) wrapper /opt/stack/keystone/keystone/common/sql/core.py:580}}
Mar 05 23:00:50 ubuntu devstack@keystone.service[81922]: ERROR keystone.server.flask.application [None req-8b06072c-0dad-4657-8fa7-99b39b877dec None admin] Conflict occurred attempting to store role - Duplicate entry found with name service.: keystone.exception.Conflict: Conflict occurred attempting to store role - Duplicate entry found with name service.
Mar 05 23:00:50 ubuntu devstack@keystone.service[81922]: ERROR keystone.server.flask.application Traceback (most recent call last):
Mar 05 23:00:50 ubuntu devstack@keystone.service[81922]: ERROR keystone.server.flask.application   File "/opt/stack/data/venv/lib/python3.10/site-packages/sqlalchemy/engine/base.py", line 1967, in _exec_single_context
Mar 05 23:00:50 ubuntu devstack@keystone.service[81922]: ERROR keystone.server.flask.application     self.dialect.do_execute(
Mar 05 23:00:50 ubuntu devstack@keystone.service[81922]: ERROR keystone.server.flask.application   File "/opt/stack/data/venv/lib/python3.10/site-packages/sqlalchemy/engine/default.py", line 952, in do_execute
Mar 05 23:00:50 ubuntu devstack@keystone.service[81922]: ERROR keystone.server.flask.application     cursor.execute(statement, parameters)
Mar 05 23:00:50 ubuntu devstack@keystone.service[81922]: ERROR keystone.server.flask.application   File "/opt/stack/data/venv/lib/python3.10/site-packages/pymysql/cursors.py", line 153, in execute
Mar 05 23:00:50 ubuntu devstack@keystone.service[81922]: ERROR keystone.server.flask.application     result = self._query(query)
Mar 05 23:00:50 ubuntu devstack@keystone.service[81922]: ERROR keystone.server.flask.application   File "/opt/stack/data/venv/lib/python3.10/site-packages/pymysql/cursors.py", line 322, in _query
Mar 05 23:00:50 ubuntu devstack@keystone.service[81922]: ERROR keystone.server.flask.application     conn.query(q)
Mar 05 23:00:50 ubuntu devstack@keystone.service[81922]: ERROR keystone.server.flask.application   File "/opt/stack/data/venv/lib/python3.10/site-packages/pymysql/connections.py", line 575, in query
Mar 05 23:00:50 ubuntu devstack@keystone.service[81922]: ERROR keystone.server.flask.application     self._affected_rows = self._read_query_result(unbuffered=unbuffered)
Mar 05 23:00:50 ubuntu devstack@keystone.service[81922]: ERROR keystone.server.flask.application   File "/opt/stack/data/venv/lib/python3.10/site-packages/pymysql/connections.py", line 826, in _read_query_result
Mar 05 23:00:50 ubuntu devstack@keystone.service[81922]: ERROR keystone.server.flask.application     result.read()
Mar 05 23:00:50 ubuntu devstack@keystone.service[81922]: ERROR keystone.server.flask.application   File "/opt/stack/data/venv/lib/python3.10/site-packages/pymysql/connections.py", line 1203, in read
Mar 05 23:00:50 ubuntu devstack@keystone.service[81922]: ERROR keystone.server.flask.application     first_packet = self.connection._read_packet()
Mar 05 23:00:50 ubuntu devstack@keystone.service[81922]: ERROR keystone.server.flask.application   File "/opt/stack/data/venv/lib/python3.10/site-packages/pymysql/connections.py", line 782, in _read_packet
Mar 05 23:00:50 ubuntu devstack@keystone.service[81922]: ERROR keystone.server.flask.application     packet.raise_for_error()
Mar 05 23:00:50 ubuntu devstack@keystone.service[81922]: ERROR keystone.server.flask.application   File "/opt/stack/data/venv/lib/python3.10/site-packages/pymysql/protocol.py", line 219, in raise_for_error
Mar 05 23:00:50 ubuntu devstack@keystone.service[81922]: ERROR keystone.server.flask.application     err.raise_mysql_exception(self._data)
Mar 05 23:00:50 ubuntu devstack@keystone.service[81922]: ERROR keystone.server.flask.application   File "/opt/stack/data/venv/lib/python3.10/site-packages/pymysql/err.py", line 150, in raise_mysql_exception
Mar 05 23:00:50 ubuntu devstack@keystone.service[81922]: ERROR keystone.server.flask.application     raise errorclass(errno, errval)
Mar 05 23:00:50 ubuntu devstack@keystone.service[81922]: ERROR keystone.server.flask.application pymysql.err.IntegrityError: (1062, "Duplicate entry 'service-<<null>>' for key 'role.ixu_role_name_domain_id'")
Mar 05 23:00:50 ubuntu devstack@keystone.service[81922]: ERROR keystone.server.flask.application 
Mar 05 23:00:50 ubuntu devstack@keystone.service[81922]: ERROR keystone.server.flask.application The above exception was the direct cause of the following exception:
Mar 05 23:00:50 ubuntu devstack@keystone.service[81922]: ERROR keystone.server.flask.application 
Mar 05 23:00:50 ubuntu devstack@keystone.service[81922]: ERROR keystone.server.flask.application Traceback (most recent call last):
Mar 05 23:00:50 ubuntu devstack@keystone.service[81922]: ERROR keystone.server.flask.application   File "/opt/stack/keystone/keystone/common/sql/core.py", line 575, in wrapper
Mar 05 23:00:50 ubuntu devstack@keystone.service[81922]: ERROR keystone.server.flask.application     return method(*args, **kwargs)
Mar 05 23:00:50 ubuntu devstack@keystone.service[81922]: ERROR keystone.server.flask.application   File "/opt/stack/keystone/keystone/assignment/role_backends/sql.py", line 25, in create_role
Mar 05 23:00:50 ubuntu devstack@keystone.service[81922]: ERROR keystone.server.flask.application     with sql.session_for_write() as session:
Mar 05 23:00:50 ubuntu devstack@keystone.service[81922]: ERROR keystone.server.flask.application   File "/usr/lib/python3.10/contextlib.py", line 142, in __exit__
Mar 05 23:00:50 ubuntu devstack@keystone.service[81922]: ERROR keystone.server.flask.application     next(self.gen)
Mar 05 23:00:50 ubuntu devstack@keystone.service[81922]: ERROR keystone.server.flask.application   File "/opt/stack/data/venv/lib/python3.10/site-packages/oslo_db/sqlalchemy/enginefacade.py", line 1175, in _transaction_scope
Mar 05 23:00:50 ubuntu devstack@keystone.service[81922]: ERROR keystone.server.flask.application     with current._produce_block(
Mar 05 23:00:50 ubuntu devstack@keystone.service[81922]: ERROR keystone.server.flask.application   File "/usr/lib/python3.10/contextlib.py", line 142, in __exit__
Mar 05 23:00:50 ubuntu devstack@keystone.service[81922]: ERROR keystone.server.flask.application     next(self.gen)
Mar 05 23:00:50 ubuntu devstack@keystone.service[81922]: ERROR keystone.server.flask.application   File "/opt/stack/data/venv/lib/python3.10/site-packages/oslo_db/sqlalchemy/enginefacade.py", line 837, in _session
Mar 05 23:00:50 ubuntu devstack@keystone.service[81922]: ERROR keystone.server.flask.application     with excutils.save_and_reraise_exception():
Mar 05 23:00:50 ubuntu devstack@keystone.service[81922]: ERROR keystone.server.flask.application   File "/opt/stack/data/venv/lib/python3.10/site-packages/oslo_utils/excutils.py", line 267, in __exit__
Mar 05 23:00:50 ubuntu devstack@keystone.service[81922]: ERROR keystone.server.flask.application     self.force_reraise()
Mar 05 23:00:50 ubuntu devstack@keystone.service[81922]: ERROR keystone.server.flask.application   File "/opt/stack/data/venv/lib/python3.10/site-packages/oslo_utils/excutils.py", line 233, in force_reraise
Mar 05 23:00:50 ubuntu devstack@keystone.service[81922]: ERROR keystone.server.flask.application     raise self.value
Mar 05 23:00:50 ubuntu devstack@keystone.service[81922]: ERROR keystone.server.flask.application   File "/opt/stack/data/venv/lib/python3.10/site-packages/oslo_db/sqlalchemy/enginefacade.py", line 835, in _session
Mar 05 23:00:50 ubuntu devstack@keystone.service[81922]: ERROR keystone.server.flask.application     self._end_session_transaction(self.session)
Mar 05 23:00:50 ubuntu devstack@keystone.service[81922]: ERROR keystone.server.flask.application   File "/opt/stack/data/venv/lib/python3.10/site-packages/oslo_db/sqlalchemy/enginefacade.py", line 748, in _end_session_transaction
Mar 05 23:00:50 ubuntu devstack@keystone.service[81922]: ERROR keystone.server.flask.application     session.commit()
Mar 05 23:00:50 ubuntu devstack@keystone.service[81922]: ERROR keystone.server.flask.application   File "/opt/stack/data/venv/lib/python3.10/site-packages/sqlalchemy/orm/session.py", line 2030, in commit
Mar 05 23:00:50 ubuntu devstack@keystone.service[81922]: ERROR keystone.server.flask.application     trans.commit(_to_root=True)
Mar 05 23:00:50 ubuntu devstack@keystone.service[81922]: ERROR keystone.server.flask.application   File "<string>", line 2, in commit
Mar 05 23:00:50 ubuntu devstack@keystone.service[81922]: ERROR keystone.server.flask.application   File "/opt/stack/data/venv/lib/python3.10/site-packages/sqlalchemy/orm/state_changes.py", line 137, in _go
Mar 05 23:00:50 ubuntu devstack@keystone.service[81922]: ERROR keystone.server.flask.application     ret_value = fn(self, *arg, **kw)
Mar 05 23:00:50 ubuntu devstack@keystone.service[81922]: ERROR keystone.server.flask.application   File "/opt/stack/data/venv/lib/python3.10/site-packages/sqlalchemy/orm/session.py", line 1311, in commit
Mar 05 23:00:50 ubuntu devstack@keystone.service[81922]: ERROR keystone.server.flask.application     self._prepare_impl()
Mar 05 23:00:50 ubuntu devstack@keystone.service[81922]: ERROR keystone.server.flask.application   File "<string>", line 2, in _prepare_impl
Mar 05 23:00:50 ubuntu devstack@keystone.service[81922]: ERROR keystone.server.flask.application   File "/opt/stack/data/venv/lib/python3.10/site-packages/sqlalchemy/orm/state_changes.py", line 137, in _go
Mar 05 23:00:50 ubuntu devstack@keystone.service[81922]: ERROR keystone.server.flask.application     ret_value = fn(self, *arg, **kw)
Mar 05 23:00:50 ubuntu devstack@keystone.service[81922]: ERROR keystone.server.flask.application   File "/opt/stack/data/venv/lib/python3.10/site-packages/sqlalchemy/orm/session.py", line 1286, in _prepare_impl
Mar 05 23:00:50 ubuntu devstack@keystone.service[81922]: ERROR keystone.server.flask.application     self.session.flush()
Mar 05 23:00:50 ubuntu devstack@keystone.service[81922]: ERROR keystone.server.flask.application   File "/opt/stack/data/venv/lib/python3.10/site-packages/sqlalchemy/orm/session.py", line 4331, in flush
Mar 05 23:00:50 ubuntu devstack@keystone.service[81922]: ERROR keystone.server.flask.application     self._flush(objects)
Mar 05 23:00:50 ubuntu devstack@keystone.service[81922]: ERROR keystone.server.flask.application   File "/opt/stack/data/venv/lib/python3.10/site-packages/sqlalchemy/orm/session.py", line 4466, in _flush
Mar 05 23:00:50 ubuntu devstack@keystone.service[81922]: ERROR keystone.server.flask.application     with util.safe_reraise():
Mar 05 23:00:50 ubuntu devstack@keystone.service[81922]: ERROR keystone.server.flask.application   File "/opt/stack/data/venv/lib/python3.10/site-packages/sqlalchemy/util/langhelpers.py", line 224, in __exit__
Mar 05 23:00:50 ubuntu devstack@keystone.service[81922]: ERROR keystone.server.flask.application     raise exc_value.with_traceback(exc_tb)
Mar 05 23:00:50 ubuntu devstack@keystone.service[81922]: ERROR keystone.server.flask.application   File "/opt/stack/data/venv/lib/python3.10/site-packages/sqlalchemy/orm/session.py", line 4427, in _flush
