Mar 31 17:37:19 ubuntu devstack@g-api.service[133731]: DEBUG glance.common.config [None req-fac6fbbd-4d0d-4bdd-9c0e-a16cda03778e None None] healthcheck.detailed           = False {{(pid=133731) log_opt_values /opt/stack/data/venv/lib/python3.10/site-packages/oslo_config/cfg.py:3006}}
Mar 31 17:37:19 ubuntu devstack@g-api.service[133732]: DEBUG glance.common.config [None req-83c9b348-409b-4701-9799-b220b8ce42dd None None] barbican_service_user.split_loggers = False {{(pid=133732) log_opt_values /opt/stack/data/venv/lib/python3.10/site-packages/oslo_config/cfg.py:3006}}
Mar 31 17:37:19 ubuntu devstack@g-api.service[133731]: DEBUG glance.common.config [None req-fac6fbbd-4d0d-4bdd-9c0e-a16cda03778e None None] healthcheck.disable_by_file_path = None {{(pid=133731) log_opt_values /opt/stack/data/venv/lib/python3.10/site-packages/oslo_config/cfg.py:3006}}
Mar 31 17:37:19 ubuntu devstack@g-api.service[133732]: DEBUG glance.common.config [None req-83c9b348-409b-4701-9799-b220b8ce42dd None None] barbican_service_user.timeout  = None {{(pid=133732) log_opt_values /opt/stack/data/venv/lib/python3.10/site-packages/oslo_config/cfg.py:3006}}
Mar 31 17:37:19 ubuntu devstack@g-api.service[133731]: DEBUG glance.common.config [None req-fac6fbbd-4d0d-4bdd-9c0e-a16cda03778e None None] healthcheck.ignore_proxied_requests = False {{(pid=133731) log_opt_values /opt/stack/data/venv/lib/python3.10/site-packages/oslo_config/cfg.py:3006}}
Mar 31 17:37:19 ubuntu devstack@g-api.service[133732]: DEBUG glance.common.config [None req-83c9b348-409b-4701-9799-b220b8ce42dd None None] database.asyncio_connection    = **** {{(pid=133732) log_opt_values /opt/stack/data/venv/lib/python3.10/site-packages/oslo_config/cfg.py:3006}}
Mar 31 17:37:19 ubuntu devstack@g-api.service[133731]: DEBUG glance.common.config [None req-fac6fbbd-4d0d-4bdd-9c0e-a16cda03778e None None] ******************************************************************************** {{(pid=133731) log_opt_values /opt/stack/data/venv/lib/python3.10/site-packages/oslo_config/cfg.py:3013}}
Mar 31 17:37:19 ubuntu devstack@g-api.service[133732]: DEBUG glance.common.config [None req-83c9b348-409b-4701-9799-b220b8ce42dd None None] database.asyncio_slave_connection = **** {{(pid=133732) log_opt_values /opt/stack/data/venv/lib/python3.10/site-packages/oslo_config/cfg.py:3006}}
Mar 31 17:37:19 ubuntu devstack@g-api.service[133731]: WSGI app 0 (mountpoint='') ready in 2 seconds on interpreter 0x55a9088b7280 pid: 133731 (default app)
Mar 31 17:37:19 ubuntu devstack@g-api.service[133732]: DEBUG glance.common.config [None req-83c9b348-409b-4701-9799-b220b8ce42dd None None] database.backend               = sqlalchemy {{(pid=133732) log_opt_values /opt/stack/data/venv/lib/python3.10/site-packages/oslo_config/cfg.py:3006}}
Mar 31 17:37:19 ubuntu devstack@g-api.service[133732]: DEBUG glance.common.config [None req-83c9b348-409b-4701-9799-b220b8ce42dd None None] database.connection            = **** {{(pid=133732) log_opt_values /opt/stack/data/venv/lib/python3.10/site-packages/oslo_config/cfg.py:3006}}
Mar 31 17:37:19 ubuntu devstack@g-api.service[133732]: DEBUG glance.common.config [None req-83c9b348-409b-4701-9799-b220b8ce42dd None None] database.connection_debug      = 0 {{(pid=133732) log_opt_values /opt/stack/data/venv/lib/python3.10/site-packages/oslo_config/cfg.py:3006}}
Mar 31 17:37:19 ubuntu devstack@g-api.service[133732]: DEBUG glance.common.config [None req-83c9b348-409b-4701-9799-b220b8ce42dd None None] database.connection_parameters =  {{(pid=133732) log_opt_values /opt/stack/data/venv/lib/python3.10/site-packages/oslo_config/cfg.py:3006}}
Mar 31 17:37:19 ubuntu devstack@g-api.service[133732]: DEBUG glance.common.config [None req-83c9b348-409b-4701-9799-b220b8ce42dd None None] database.connection_recycle_time = 3600 {{(pid=133732) log_opt_values /opt/stack/data/venv/lib/python3.10/site-packages/oslo_config/cfg.py:3006}}
Mar 31 17:37:19 ubuntu devstack@g-api.service[133731]: DEBUG glance.api.middleware.version_negotiation [None req-fac6fbbd-4d0d-4bdd-9c0e-a16cda03778e None None] Determining version of request: GET / Accept: */* {{(pid=133731) process_request /opt/stack/glance/glance/api/middleware/version_negotiation.py:44}}
Mar 31 17:37:19 ubuntu devstack@g-api.service[133732]: DEBUG glance.common.config [None req-83c9b348-409b-4701-9799-b220b8ce42dd None None] database.connection_trace      = False {{(pid=133732) log_opt_values /opt/stack/data/venv/lib/python3.10/site-packages/oslo_config/cfg.py:3006}}
Mar 31 17:37:19 ubuntu devstack@g-api.service[133732]: DEBUG glance.common.config [None req-83c9b348-409b-4701-9799-b220b8ce42dd None None] database.db_inc_retry_interval = True {{(pid=133732) log_opt_values /opt/stack/data/venv/lib/python3.10/site-packages/oslo_config/cfg.py:3006}}
Mar 31 17:37:19 ubuntu devstack@g-api.service[133731]: DEBUG glance.api.middleware.version_negotiation [None req-fac6fbbd-4d0d-4bdd-9c0e-a16cda03778e None None] Using url versioning {{(pid=133731) process_request /opt/stack/glance/glance/api/middleware/version_negotiation.py:57}}
Mar 31 17:37:19 ubuntu devstack@g-api.service[133732]: DEBUG glance.common.config [None req-83c9b348-409b-4701-9799-b220b8ce42dd None None] database.db_max_retries        = 20 {{(pid=133732) log_opt_values /opt/stack/data/venv/lib/python3.10/site-packages/oslo_config/cfg.py:3006}}
Mar 31 17:37:19 ubuntu devstack@g-api.service[133731]: DEBUG glance.api.middleware.version_negotiation [None req-fac6fbbd-4d0d-4bdd-9c0e-a16cda03778e None None] Unknown version. Returning version choices. {{(pid=133731) process_request /opt/stack/glance/glance/api/middleware/version_negotiation.py:64}}
Mar 31 17:37:19 ubuntu devstack@g-api.service[133732]: DEBUG glance.common.config [None req-83c9b348-409b-4701-9799-b220b8ce42dd None None] database.db_max_retry_interval = 10 {{(pid=133732) log_opt_values /opt/stack/data/venv/lib/python3.10/site-packages/oslo_config/cfg.py:3006}}
Mar 31 17:37:19 ubuntu devstack@g-api.service[133732]: DEBUG glance.common.config [None req-83c9b348-409b-4701-9799-b220b8ce42dd None None] database.db_retry_interval     = 1 {{(pid=133732) log_opt_values /opt/stack/data/venv/lib/python3.10/site-packages/oslo_config/cfg.py:3006}}
Mar 31 17:37:19 ubuntu devstack@g-api.service[133732]: DEBUG glance.common.config [None req-83c9b348-409b-4701-9799-b220b8ce42dd None None] database.max_overflow          = 50 {{(pid=133732) log_opt_values /opt/stack/data/venv/lib/python3.10/site-packages/oslo_config/cfg.py:3006}}
Mar 31 17:37:19 ubuntu devstack@g-api.service[133732]: DEBUG glance.common.config [None req-83c9b348-409b-4701-9799-b220b8ce42dd None None] database.max_pool_size         = 5 {{(pid=133732) log_opt_values /opt/stack/data/venv/lib/python3.10/site-packages/oslo_config/cfg.py:3006}}
Mar 31 17:37:19 ubuntu devstack@g-api.service[133732]: DEBUG glance.common.config [None req-83c9b348-409b-4701-9799-b220b8ce42dd None None] database.max_retries           = 10 {{(pid=133732) log_opt_values /opt/stack/data/venv/lib/python3.10/site-packages/oslo_config/cfg.py:3006}}
Mar 31 17:37:19 ubuntu devstack@g-api.service[133732]: DEBUG glance.common.config [None req-83c9b348-409b-4701-9799-b220b8ce42dd None None] database.mysql_sql_mode        = TRADITIONAL {{(pid=133732) log_opt_values /opt/stack/data/venv/lib/python3.10/site-packages/oslo_config/cfg.py:3006}}
Mar 31 17:37:19 ubuntu devstack@g-api.service[133732]: DEBUG glance.common.config [None req-83c9b348-409b-4701-9799-b220b8ce42dd None None] database.mysql_wsrep_sync_wait = None {{(pid=133732) log_opt_values /opt/stack/data/venv/lib/python3.10/site-packages/oslo_config/cfg.py:3006}}
Mar 31 17:37:19 ubuntu devstack@g-api.service[133732]: DEBUG glance.common.config [None req-83c9b348-409b-4701-9799-b220b8ce42dd None None] database.pool_timeout          = None {{(pid=133732) log_opt_values /opt/stack/data/venv/lib/python3.10/site-packages/oslo_config/cfg.py:3006}}
Mar 31 17:37:19 ubuntu devstack@g-api.service[133731]: [pid: 133731|app: 0|req: 1/1] 127.0.0.1 () {32 vars in 386 bytes} [Tue Mar 31 17:37:19 2026] GET / => generated 1407 bytes in 1 msecs (HTTP/1.1 300) 3 headers in 106 bytes (1 switches on core 0)
Mar 31 17:37:19 ubuntu devstack@g-api.service[133732]: DEBUG glance.common.config [None req-83c9b348-409b-4701-9799-b220b8ce42dd None None] database.retry_interval        = 10 {{(pid=133732) log_opt_values /opt/stack/data/venv/lib/python3.10/site-packages/oslo_config/cfg.py:3006}}
Mar 31 17:37:19 ubuntu devstack@g-api.service[133732]: DEBUG glance.common.config [None req-83c9b348-409b-4701-9799-b220b8ce42dd None None] database.slave_connection      = **** {{(pid=133732) log_opt_values /opt/stack/data/venv/lib/python3.10/site-packages/oslo_config/cfg.py:3006}}
Mar 31 17:37:19 ubuntu devstack@g-api.service[133732]: DEBUG glance.common.config [None req-83c9b348-409b-4701-9799-b220b8ce42dd None None] database.sqlite_synchronous    = True {{(pid=133732) log_opt_values /opt/stack/data/venv/lib/python3.10/site-packages/oslo_config/cfg.py:3006}}
Mar 31 17:37:19 ubuntu devstack@g-api.service[133732]: DEBUG glance.common.config [None req-83c9b348-409b-4701-9799-b220b8ce42dd None None] database.synchronous_reader    = True {{(pid=133732) log_opt_values /opt/stack/data/venv/lib/python3.10/site-packages/oslo_config/cfg.py:3006}}
Mar 31 17:37:19 ubuntu devstack@g-api.service[133732]: DEBUG glance.common.config [None req-83c9b348-409b-4701-9799-b220b8ce42dd None None] database.use_db_reconnect      = False {{(pid=133732) log_opt_values /opt/stack/data/venv/lib/python3.10/site-packages/oslo_config/cfg.py:3006}}
Mar 31 17:37:19 ubuntu devstack@g-api.service[133732]: DEBUG glance.common.config [None req-83c9b348-409b-4701-9799-b220b8ce42dd None None] healthcheck.allowed_source_ranges = [] {{(pid=133732) log_opt_values /opt/stack/data/venv/lib/python3.10/site-packages/oslo_config/cfg.py:3006}}
Mar 31 17:37:19 ubuntu devstack@g-api.service[133732]: DEBUG glance.common.config [None req-83c9b348-409b-4701-9799-b220b8ce42dd None None] healthcheck.backends           = ['disable_by_file'] {{(pid=133732) log_opt_values /opt/stack/data/venv/lib/python3.10/site-packages/oslo_config/cfg.py:3006}}
Mar 31 17:37:19 ubuntu devstack@g-api.service[133732]: DEBUG glance.common.config [None req-83c9b348-409b-4701-9799-b220b8ce42dd None None] healthcheck.detailed           = False {{(pid=133732) log_opt_values /opt/stack/data/venv/lib/python3.10/site-packages/oslo_config/cfg.py:3006}}
Mar 31 17:37:19 ubuntu devstack@g-api.service[133732]: DEBUG glance.common.config [None req-83c9b348-409b-4701-9799-b220b8ce42dd None None] healthcheck.disable_by_file_path = None {{(pid=133732) log_opt_values /opt/stack/data/venv/lib/python3.10/site-packages/oslo_config/cfg.py:3006}}
Mar 31 17:37:19 ubuntu devstack@g-api.service[133732]: DEBUG glance.common.config [None req-83c9b348-409b-4701-9799-b220b8ce42dd None None] healthcheck.ignore_proxied_requests = False {{(pid=133732) log_opt_values /opt/stack/data/venv/lib/python3.10/site-packages/oslo_config/cfg.py:3006}}
Mar 31 17:37:19 ubuntu devstack@g-api.service[133732]: DEBUG glance.common.config [None req-83c9b348-409b-4701-9799-b220b8ce42dd None None] ******************************************************************************** {{(pid=133732) log_opt_values /opt/stack/data/venv/lib/python3.10/site-packages/oslo_config/cfg.py:3013}}
Mar 31 17:37:19 ubuntu devstack@g-api.service[133732]: WSGI app 0 (mountpoint='') ready in 2 seconds on interpreter 0x55a9088b7280 pid: 133732 (default app)
Mar 31 17:37:24 ubuntu devstack@g-api.service[133731]: DEBUG glance.api.middleware.version_negotiation [None req-fac6fbbd-4d0d-4bdd-9c0e-a16cda03778e None None] Determining version of request: GET / Accept: application/json {{(pid=133731) process_request /opt/stack/glance/glance/api/middleware/version_negotiation.py:44}}
Mar 31 17:37:24 ubuntu devstack@g-api.service[133731]: DEBUG glance.api.middleware.version_negotiation [None req-fac6fbbd-4d0d-4bdd-9c0e-a16cda03778e None None] Using url versioning {{(pid=133731) process_request /opt/stack/glance/glance/api/middleware/version_negotiation.py:57}}
Mar 31 17:37:24 ubuntu devstack@g-api.service[133731]: DEBUG glance.api.middleware.version_negotiation [None req-fac6fbbd-4d0d-4bdd-9c0e-a16cda03778e None None] Unknown version. Returning version choices. {{(pid=133731) process_request /opt/stack/glance/glance/api/middleware/version_negotiation.py:64}}
Mar 31 17:37:24 ubuntu devstack@g-api.service[133731]: [pid: 133731|app: 0|req: 2/2] 127.0.0.1 () {34 vars in 504 bytes} [Tue Mar 31 17:37:24 2026] GET / => generated 1407 bytes in 1 msecs (HTTP/1.1 300) 3 headers in 106 bytes (1 switches on core 0)
Mar 31 17:37:24 ubuntu devstack@g-api.service[133732]: DEBUG glance.api.middleware.version_negotiation [None req-83c9b348-409b-4701-9799-b220b8ce42dd None None] Determining version of request: POST /v2/images Accept: */* {{(pid=133732) process_request /opt/stack/glance/glance/api/middleware/version_negotiation.py:44}}
Mar 31 17:37:24 ubuntu devstack@g-api.service[133732]: DEBUG glance.api.middleware.version_negotiation [None req-83c9b348-409b-4701-9799-b220b8ce42dd None None] Using url versioning {{(pid=133732) process_request /opt/stack/glance/glance/api/middleware/version_negotiation.py:57}}
Mar 31 17:37:24 ubuntu devstack@g-api.service[133732]: DEBUG glance.api.middleware.version_negotiation [None req-83c9b348-409b-4701-9799-b220b8ce42dd None None] Matched version: v2 {{(pid=133732) process_request /opt/stack/glance/glance/api/middleware/version_negotiation.py:69}}
Mar 31 17:37:24 ubuntu devstack@g-api.service[133732]: DEBUG glance.api.middleware.version_negotiation [None req-83c9b348-409b-4701-9799-b220b8ce42dd None None] new path /v2/images {{(pid=133732) process_request /opt/stack/glance/glance/api/middleware/version_negotiation.py:70}}
Mar 31 17:37:25 ubuntu devstack@g-api.service[133732]: [pid: 133732|app: 0|req: 1/3] 127.0.0.1 () {40 vars in 767 bytes} [Tue Mar 31 17:37:24 2026] POST /v2/images => generated 807 bytes in 1152 msecs (HTTP/1.1 201) 6 headers in 314 bytes (1 switches on core 0)
Mar 31 17:37:25 ubuntu devstack@g-api.service[133731]: DEBUG glance.api.middleware.version_negotiation [None req-fac6fbbd-4d0d-4bdd-9c0e-a16cda03778e None None] Determining version of request: PUT /v2/images/68f69bb8-ffa9-45e6-a796-f77d94bd4d94/file Accept:  {{(pid=133731) process_request /opt/stack/glance/glance/api/middleware/version_negotiation.py:44}}
Mar 31 17:37:25 ubuntu devstack@g-api.service[133731]: DEBUG glance.api.middleware.version_negotiation [None req-fac6fbbd-4d0d-4bdd-9c0e-a16cda03778e None None] Using url versioning {{(pid=133731) process_request /opt/stack/glance/glance/api/middleware/version_negotiation.py:57}}
Mar 31 17:37:25 ubuntu devstack@g-api.service[133731]: DEBUG glance.api.middleware.version_negotiation [None req-fac6fbbd-4d0d-4bdd-9c0e-a16cda03778e None None] Matched version: v2 {{(pid=133731) process_request /opt/stack/glance/glance/api/middleware/version_negotiation.py:69}}
Mar 31 17:37:25 ubuntu devstack@g-api.service[133731]: DEBUG glance.api.middleware.version_negotiation [None req-fac6fbbd-4d0d-4bdd-9c0e-a16cda03778e None None] new path /v2/images/68f69bb8-ffa9-45e6-a796-f77d94bd4d94/file {{(pid=133731) process_request /opt/stack/glance/glance/api/middleware/version_negotiation.py:70}}
Mar 31 17:37:26 ubuntu devstack@g-api.service[133731]: INFO glance.api.v2.image_data [None req-7277e298-2f2f-4e7b-b966-4a2ef25dc281 admin admin] Unable to create trust: no such option collect_timing in group [keystone_authtoken] Use the existing user token.
Mar 31 17:37:27 ubuntu devstack@g-api.service[133731]: DEBUG glance.location [None req-7277e298-2f2f-4e7b-b966-4a2ef25dc281 admin admin] Enabling in-flight format inspection for qcow2 {{(pid=133731) set_data /opt/stack/glance/glance/location.py:616}}
Mar 31 17:37:27 ubuntu devstack@g-api.service[133731]: DEBUG glance_store.backend [None req-7277e298-2f2f-4e7b-b966-4a2ef25dc281 admin admin] Attempting to import store swift {{(pid=133731) _load_store /opt/stack/data/venv/lib/python3.10/site-packages/glance_store/backend.py:215}}
Mar 31 17:37:27 ubuntu devstack@g-api.service[133731]: DEBUG glance_store.capabilities [None req-7277e298-2f2f-4e7b-b966-4a2ef25dc281 admin admin] Store glance_store._drivers.swift.store.SingleTenantStore doesn't support updating dynamic storage capabilities. Please overwrite 'update_capabilities' method of the store to implement updating logics if needed. {{(pid=133731) update_capabilities /opt/stack/data/venv/lib/python3.10/site-packages/glance_store/capabilities.py:91}}
Mar 31 17:37:27 ubuntu devstack@g-api.service[133731]: DEBUG glance_store.driver [None req-7277e298-2f2f-4e7b-b966-4a2ef25dc281 admin admin] Late loading location class glance_store._drivers.swift.store.StoreLocation {{(pid=133731) get_store_location_class /opt/stack/data/venv/lib/python3.10/site-packages/glance_store/driver.py:134}}
Mar 31 17:37:27 ubuntu devstack@g-api.service[133731]: DEBUG glance_store.location [None req-7277e298-2f2f-4e7b-b966-4a2ef25dc281 admin admin] Registering scheme swift+https with {'store': <glance_store._drivers.swift.store.SingleTenantStore object at 0x7fb0f3660d00>, 'location_class': <class 'glance_store._drivers.swift.store.StoreLocation'>, 'store_entry': 'swift'} {{(pid=133731) register_scheme_map /opt/stack/data/venv/lib/python3.10/site-packages/glance_store/location.py:146}}
Mar 31 17:37:27 ubuntu devstack@g-api.service[133731]: DEBUG glance_store.location [None req-7277e298-2f2f-4e7b-b966-4a2ef25dc281 admin admin] Registering scheme swift+https with {'store': <glance_store._drivers.swift.store.SingleTenantStore object at 0x7fb0f3660d00>, 'location_class': <class 'glance_store._drivers.swift.store.StoreLocation'>, 'store_entry': 'swift'} {{(pid=133731) register_scheme_map /opt/stack/data/venv/lib/python3.10/site-packages/glance_store/location.py:146}}
Mar 31 17:37:27 ubuntu devstack@g-api.service[133731]: DEBUG glance_store.location [None req-7277e298-2f2f-4e7b-b966-4a2ef25dc281 admin admin] Registering scheme swift with {'store': <glance_store._drivers.swift.store.SingleTenantStore object at 0x7fb0f3660d00>, 'location_class': <class 'glance_store._drivers.swift.store.StoreLocation'>, 'store_entry': 'swift'} {{(pid=133731) register_scheme_map /opt/stack/data/venv/lib/python3.10/site-packages/glance_store/location.py:146}}
Mar 31 17:37:27 ubuntu devstack@g-api.service[133731]: DEBUG glance_store.location [None req-7277e298-2f2f-4e7b-b966-4a2ef25dc281 admin admin] Registering scheme swift+https with {'store': <glance_store._drivers.swift.store.SingleTenantStore object at 0x7fb0f3660d00>, 'location_class': <class 'glance_store._drivers.swift.store.StoreLocation'>, 'store_entry': 'swift'} {{(pid=133731) register_scheme_map /opt/stack/data/venv/lib/python3.10/site-packages/glance_store/location.py:146}}
Mar 31 17:37:27 ubuntu devstack@g-api.service[133731]: DEBUG glance_store.location [None req-7277e298-2f2f-4e7b-b966-4a2ef25dc281 admin admin] Registering scheme swift with {'store': <glance_store._drivers.swift.store.SingleTenantStore object at 0x7fb0f3660d00>, 'location_class': <class 'glance_store._drivers.swift.store.StoreLocation'>, 'store_entry': 'swift'} {{(pid=133731) register_scheme_map /opt/stack/data/venv/lib/python3.10/site-packages/glance_store/location.py:146}}
Mar 31 17:37:27 ubuntu devstack@g-api.service[133731]: DEBUG glance_store.location [None req-7277e298-2f2f-4e7b-b966-4a2ef25dc281 admin admin] Registering scheme swift+http with {'store': <glance_store._drivers.swift.store.SingleTenantStore object at 0x7fb0f3660d00>, 'location_class': <class 'glance_store._drivers.swift.store.StoreLocation'>, 'store_entry': 'swift'} {{(pid=133731) register_scheme_map /opt/stack/data/venv/lib/python3.10/site-packages/glance_store/location.py:146}}
Mar 31 17:37:27 ubuntu devstack@g-api.service[133731]: DEBUG glance_store.location [None req-7277e298-2f2f-4e7b-b966-4a2ef25dc281 admin admin] Registering scheme swift+https with {'store': <glance_store._drivers.swift.store.SingleTenantStore object at 0x7fb0f3660d00>, 'location_class': <class 'glance_store._drivers.swift.store.StoreLocation'>, 'store_entry': 'swift'} {{(pid=133731) register_scheme_map /opt/stack/data/venv/lib/python3.10/site-packages/glance_store/location.py:146}}
Mar 31 17:37:27 ubuntu devstack@g-api.service[133731]: DEBUG glance_store.location [None req-7277e298-2f2f-4e7b-b966-4a2ef25dc281 admin admin] Registering scheme swift with {'store': <glance_store._drivers.swift.store.SingleTenantStore object at 0x7fb0f3660d00>, 'location_class': <class 'glance_store._drivers.swift.store.StoreLocation'>, 'store_entry': 'swift'} {{(pid=133731) register_scheme_map /opt/stack/data/venv/lib/python3.10/site-packages/glance_store/location.py:146}}
Mar 31 17:37:27 ubuntu devstack@g-api.service[133731]: DEBUG glance_store.location [None req-7277e298-2f2f-4e7b-b966-4a2ef25dc281 admin admin] Registering scheme swift+http with {'store': <glance_store._drivers.swift.store.SingleTenantStore object at 0x7fb0f3660d00>, 'location_class': <class 'glance_store._drivers.swift.store.StoreLocation'>, 'store_entry': 'swift'} {{(pid=133731) register_scheme_map /opt/stack/data/venv/lib/python3.10/site-packages/glance_store/location.py:146}}
Mar 31 17:37:27 ubuntu devstack@g-api.service[133731]: DEBUG glance_store.location [None req-7277e298-2f2f-4e7b-b966-4a2ef25dc281 admin admin] Registering scheme swift+config with {'store': <glance_store._drivers.swift.store.SingleTenantStore object at 0x7fb0f3660d00>, 'location_class': <class 'glance_store._drivers.swift.store.StoreLocation'>, 'store_entry': 'swift'} {{(pid=133731) register_scheme_map /opt/stack/data/venv/lib/python3.10/site-packages/glance_store/location.py:146}}
Mar 31 17:37:27 ubuntu devstack@g-api.service[133731]: INFO swiftclient [None req-7277e298-2f2f-4e7b-b966-4a2ef25dc281 admin admin] REQ: curl -i http://10.201.5.82:8080/v1/AUTH_be4d65eea7e045d5bf0b0e3e8403837e/glance -I -H "X-Auth-Token: gAAAAABpzAZXwyQn..."
Mar 31 17:37:27 ubuntu devstack@g-api.service[133731]: INFO swiftclient [None req-7277e298-2f2f-4e7b-b966-4a2ef25dc281 admin admin] RESP STATUS: 404 Not Found
Mar 31 17:37:27 ubuntu devstack@g-api.service[133731]: INFO swiftclient [None req-7277e298-2f2f-4e7b-b966-4a2ef25dc281 admin admin] RESP HEADERS: {'Content-Type': 'text/html; charset=UTF-8', 'Content-Length': '0', 'X-Container-Sharding': 'False', 'X-Trans-Id': 'tx41d6360d64244e77bc5a4-0069cc0657', 'X-Openstack-Request-Id': 'tx41d6360d64244e77bc5a4-0069cc0657', 'Date': 'Tue, 31 Mar 2026 17:37:27 GMT'}
Mar 31 17:37:27 ubuntu devstack@g-api.service[133731]: INFO glance_store._drivers.swift.store [None req-7277e298-2f2f-4e7b-b966-4a2ef25dc281 admin admin] Creating swift container glance
Mar 31 17:37:27 ubuntu devstack@g-api.service[133731]: DEBUG swiftclient [None req-7277e298-2f2f-4e7b-b966-4a2ef25dc281 admin admin] REQ: curl -i http://10.201.5.82:8080/v1/AUTH_be4d65eea7e045d5bf0b0e3e8403837e/glance -X PUT -H "X-Auth-Token: gAAAAABpzAZXwyQn..." -H "Content-Length: 0" {{(pid=133731) http_log /opt/stack/data/venv/lib/python3.10/site-packages/swiftclient/client.py:160}}
Mar 31 17:37:27 ubuntu devstack@g-api.service[133731]: DEBUG swiftclient [None req-7277e298-2f2f-4e7b-b966-4a2ef25dc281 admin admin] RESP STATUS: 201 Created {{(pid=133731) http_log /opt/stack/data/venv/lib/python3.10/site-packages/swiftclient/client.py:161}}
Mar 31 17:37:27 ubuntu devstack@g-api.service[133731]: DEBUG swiftclient [None req-7277e298-2f2f-4e7b-b966-4a2ef25dc281 admin admin] RESP HEADERS: {'Content-Type': 'text/html; charset=UTF-8', 'Content-Length': '0', 'X-Trans-Id': 'tx44dd83ed734f4b93884f4-0069cc0657', 'X-Openstack-Request-Id': 'tx44dd83ed734f4b93884f4-0069cc0657', 'Date': 'Tue, 31 Mar 2026 17:37:27 GMT'} {{(pid=133731) http_log /opt/stack/data/venv/lib/python3.10/site-packages/swiftclient/client.py:162}}
Mar 31 17:37:27 ubuntu devstack@g-api.service[133731]: DEBUG glance_store._drivers.swift.store [None req-7277e298-2f2f-4e7b-b966-4a2ef25dc281 admin admin] Adding image object '68f69bb8-ffa9-45e6-a796-f77d94bd4d94' to Swift {{(pid=133731) add /opt/stack/data/venv/lib/python3.10/site-packages/glance_store/_drivers/swift/store.py:978}}
Mar 31 17:37:27 ubuntu devstack@g-api.service[133731]: DEBUG oslo_utils.imageutils.format_inspector [None req-7277e298-2f2f-4e7b-b966-4a2ef25dc281 admin admin] Format inspector for vmdk does not match, excluding from consideration (Signature KDMV not found: b'QFI\xfb') {{(pid=133731) _process_chunk /opt/stack/data/venv/lib/python3.10/site-packages/oslo_utils/imageutils/format_inspector.py:1538}}
Mar 31 17:37:27 ubuntu devstack@g-api.service[133731]: DEBUG oslo_utils.imageutils.format_inspector [None req-7277e298-2f2f-4e7b-b966-4a2ef25dc281 admin admin] Format inspector for vhdx does not match, excluding from consideration (Region signature not found at 30000) {{(pid=133731) _process_chunk /opt/stack/data/venv/lib/python3.10/site-packages/oslo_utils/imageutils/format_inspector.py:1538}}
Mar 31 17:37:27 ubuntu devstack@g-api.service[133731]: DEBUG swiftclient [None req-7277e298-2f2f-4e7b-b966-4a2ef25dc281 admin admin] REQ: curl -i http://10.201.5.82:8080/v1/AUTH_be4d65eea7e045d5bf0b0e3e8403837e/glance/68f69bb8-ffa9-45e6-a796-f77d94bd4d94 -X PUT -H "X-Auth-Token: gAAAAABpzAZXwyQn..." -H "Content-Length: 21692416" {{(pid=133731) http_log /opt/stack/data/venv/lib/python3.10/site-packages/swiftclient/client.py:160}}
Mar 31 17:37:27 ubuntu devstack@g-api.service[133731]: DEBUG swiftclient [None req-7277e298-2f2f-4e7b-b966-4a2ef25dc281 admin admin] RESP STATUS: 201 Created {{(pid=133731) http_log /opt/stack/data/venv/lib/python3.10/site-packages/swiftclient/client.py:161}}
Mar 31 17:37:27 ubuntu devstack@g-api.service[133731]: DEBUG swiftclient [None req-7277e298-2f2f-4e7b-b966-4a2ef25dc281 admin admin] RESP HEADERS: {'Content-Type': 'text/html; charset=UTF-8', 'Content-Length': '0', 'Etag': '87617e24a5e30cb3b87fda8c0764838f', 'Last-Modified': 'Tue, 31 Mar 2026 17:37:28 GMT', 'X-Trans-Id': 'tx11b9202c9de14583b9e47-0069cc0657', 'X-Openstack-Request-Id': 'tx11b9202c9de14583b9e47-0069cc0657', 'Date': 'Tue, 31 Mar 2026 17:37:27 GMT'} {{(pid=133731) http_log /opt/stack/data/venv/lib/python3.10/site-packages/swiftclient/client.py:162}}
Mar 31 17:37:27 ubuntu devstack@g-api.service[133731]: INFO glance.location [None req-7277e298-2f2f-4e7b-b966-4a2ef25dc281 admin admin] Image format matched and virtual size computed: 117440512
Mar 31 17:37:27 ubuntu devstack@g-api.service[133731]: DEBUG glance_store.backend [None req-7277e298-2f2f-4e7b-b966-4a2ef25dc281 admin admin] Attempting to import store swift {{(pid=133731) _load_store /opt/stack/data/venv/lib/python3.10/site-packages/glance_store/backend.py:215}}
Mar 31 17:37:27 ubuntu devstack@g-api.service[133731]: DEBUG glance_store.capabilities [None req-7277e298-2f2f-4e7b-b966-4a2ef25dc281 admin admin] Store glance_store._drivers.swift.store.SingleTenantStore doesn't support updating dynamic storage capabilities. Please overwrite 'update_capabilities' method of the store to implement updating logics if needed. {{(pid=133731) update_capabilities /opt/stack/data/venv/lib/python3.10/site-packages/glance_store/capabilities.py:91}}
Mar 31 17:37:27 ubuntu devstack@g-api.service[133731]: DEBUG glance_store.driver [None req-7277e298-2f2f-4e7b-b966-4a2ef25dc281 admin admin] Late loading location class glance_store._drivers.swift.store.StoreLocation {{(pid=133731) get_store_location_class /opt/stack/data/venv/lib/python3.10/site-packages/glance_store/driver.py:134}}
Mar 31 17:37:27 ubuntu devstack@g-api.service[133731]: DEBUG glance_store.location [None req-7277e298-2f2f-4e7b-b966-4a2ef25dc281 admin admin] Registering scheme swift+https with {'store': <glance_store._drivers.swift.store.SingleTenantStore object at 0x7fb0f96b0c40>, 'location_class': <class 'glance_store._drivers.swift.store.StoreLocation'>, 'store_entry': 'swift'} {{(pid=133731) register_scheme_map /opt/stack/data/venv/lib/python3.10/site-packages/glance_store/location.py:146}}
Mar 31 17:37:27 ubuntu devstack@g-api.service[133731]: DEBUG glance_store.location [None req-7277e298-2f2f-4e7b-b966-4a2ef25dc281 admin admin] Registering scheme swift+https with {'store': <glance_store._drivers.swift.store.SingleTenantStore object at 0x7fb0f96b0c40>, 'location_class': <class 'glance_store._drivers.swift.store.StoreLocation'>, 'store_entry': 'swift'} {{(pid=133731) register_scheme_map /opt/stack/data/venv/lib/python3.10/site-packages/glance_store/location.py:146}}
Mar 31 17:37:27 ubuntu devstack@g-api.service[133731]: DEBUG glance_store.location [None req-7277e298-2f2f-4e7b-b966-4a2ef25dc281 admin admin] Registering scheme swift with {'store': <glance_store._drivers.swift.store.SingleTenantStore object at 0x7fb0f96b0c40>, 'location_class': <class 'glance_store._drivers.swift.store.StoreLocation'>, 'store_entry': 'swift'} {{(pid=133731) register_scheme_map /opt/stack/data/venv/lib/python3.10/site-packages/glance_store/location.py:146}}
Mar 31 17:37:27 ubuntu devstack@g-api.service[133731]: DEBUG glance_store.location [None req-7277e298-2f2f-4e7b-b966-4a2ef25dc281 admin admin] Registering scheme swift+https with {'store': <glance_store._drivers.swift.store.SingleTenantStore object at 0x7fb0f96b0c40>, 'location_class': <class 'glance_store._drivers.swift.store.StoreLocation'>, 'store_entry': 'swift'} {{(pid=133731) register_scheme_map /opt/stack/data/venv/lib/python3.10/site-packages/glance_store/location.py:146}}
Mar 31 17:37:27 ubuntu devstack@g-api.service[133731]: DEBUG glance_store.location [None req-7277e298-2f2f-4e7b-b966-4a2ef25dc281 admin admin] Registering scheme swift with {'store': <glance_store._drivers.swift.store.SingleTenantStore object at 0x7fb0f96b0c40>, 'location_class': <class 'glance_store._drivers.swift.store.StoreLocation'>, 'store_entry': 'swift'} {{(pid=133731) register_scheme_map /opt/stack/data/venv/lib/python3.10/site-packages/glance_store/location.py:146}}
Mar 31 17:37:27 ubuntu devstack@g-api.service[133731]: DEBUG glance_store.location [None req-7277e298-2f2f-4e7b-b966-4a2ef25dc281 admin admin] Registering scheme swift+http with {'store': <glance_store._drivers.swift.store.SingleTenantStore object at 0x7fb0f96b0c40>, 'location_class': <class 'glance_store._drivers.swift.store.StoreLocation'>, 'store_entry': 'swift'} {{(pid=133731) register_scheme_map /opt/stack/data/venv/lib/python3.10/site-packages/glance_store/location.py:146}}
Mar 31 17:37:27 ubuntu devstack@g-api.service[133731]: DEBUG glance_store.location [None req-7277e298-2f2f-4e7b-b966-4a2ef25dc281 admin admin] Registering scheme swift+https with {'store': <glance_store._drivers.swift.store.SingleTenantStore object at 0x7fb0f96b0c40>, 'location_class': <class 'glance_store._drivers.swift.store.StoreLocation'>, 'store_entry': 'swift'} {{(pid=133731) register_scheme_map /opt/stack/data/venv/lib/python3.10/site-packages/glance_store/location.py:146}}
Mar 31 17:37:27 ubuntu devstack@g-api.service[133731]: DEBUG glance_store.location [None req-7277e298-2f2f-4e7b-b966-4a2ef25dc281 admin admin] Registering scheme swift with {'store': <glance_store._drivers.swift.store.SingleTenantStore object at 0x7fb0f96b0c40>, 'location_class': <class 'glance_store._drivers.swift.store.StoreLocation'>, 'store_entry': 'swift'} {{(pid=133731) register_scheme_map /opt/stack/data/venv/lib/python3.10/site-packages/glance_store/location.py:146}}
Mar 31 17:37:27 ubuntu devstack@g-api.service[133731]: DEBUG glance_store.location [None req-7277e298-2f2f-4e7b-b966-4a2ef25dc281 admin admin] Registering scheme swift+http with {'store': <glance_store._drivers.swift.store.SingleTenantStore object at 0x7fb0f96b0c40>, 'location_class': <class 'glance_store._drivers.swift.store.StoreLocation'>, 'store_entry': 'swift'} {{(pid=133731) register_scheme_map /opt/stack/data/venv/lib/python3.10/site-packages/glance_store/location.py:146}}
Mar 31 17:37:27 ubuntu devstack@g-api.service[133731]: DEBUG glance_store.location [None req-7277e298-2f2f-4e7b-b966-4a2ef25dc281 admin admin] Registering scheme swift+config with {'store': <glance_store._drivers.swift.store.SingleTenantStore object at 0x7fb0f96b0c40>, 'location_class': <class 'glance_store._drivers.swift.store.StoreLocation'>, 'store_entry': 'swift'} {{(pid=133731) register_scheme_map /opt/stack/data/venv/lib/python3.10/site-packages/glance_store/location.py:146}}
Mar 31 17:37:27 ubuntu devstack@g-api.service[133731]: DEBUG glance_store.backend [None req-7277e298-2f2f-4e7b-b966-4a2ef25dc281 admin admin] Skipping store.set_acls... not implemented. {{(pid=133731) set_acls /opt/stack/data/venv/lib/python3.10/site-packages/glance_store/backend.py:507}}
Mar 31 17:37:27 ubuntu devstack@g-api.service[133731]: [pid: 133731|app: 0|req: 3/4] 127.0.0.1 () {40 vars in 860 bytes} [Tue Mar 31 17:37:25 2026] PUT /v2/images/68f69bb8-ffa9-45e6-a796-f77d94bd4d94/file => generated 0 bytes in 1820 msecs (HTTP/1.1 204) 4 headers in 171 bytes (1 switches on core 0)
Mar 31 17:37:27 ubuntu devstack@g-api.service[133732]: DEBUG glance.api.middleware.version_negotiation [None req-030a4886-4ebe-4fbc-ba6f-15ff31247d0d admin admin] Determining version of request: GET /v2/images/68f69bb8-ffa9-45e6-a796-f77d94bd4d94 Accept: */* {{(pid=133732) process_request /opt/stack/glance/glance/api/middleware/version_negotiation.py:44}}
Mar 31 17:37:27 ubuntu devstack@g-api.service[133732]: DEBUG glance.api.middleware.version_negotiation [None req-030a4886-4ebe-4fbc-ba6f-15ff31247d0d admin admin] Using url versioning {{(pid=133732) process_request /opt/stack/glance/glance/api/middleware/version_negotiation.py:57}}
Mar 31 17:37:27 ubuntu devstack@g-api.service[133732]: DEBUG glance.api.middleware.version_negotiation [None req-030a4886-4ebe-4fbc-ba6f-15ff31247d0d admin admin] Matched version: v2 {{(pid=133732) process_request /opt/stack/glance/glance/api/middleware/version_negotiation.py:69}}
Mar 31 17:37:27 ubuntu devstack@g-api.service[133732]: DEBUG glance.api.middleware.version_negotiation [None req-030a4886-4ebe-4fbc-ba6f-15ff31247d0d admin admin] new path /v2/images/68f69bb8-ffa9-45e6-a796-f77d94bd4d94 {{(pid=133732) process_request /opt/stack/glance/glance/api/middleware/version_negotiation.py:70}}
Mar 31 17:37:27 ubuntu devstack@g-api.service[133732]: [pid: 133732|app: 0|req: 2/5] 127.0.0.1 () {36 vars in 787 bytes} [Tue Mar 31 17:37:27 2026] GET /v2/images/68f69bb8-ffa9-45e6-a796-f77d94bd4d94 => generated 976 bytes in 16 msecs (HTTP/1.1 200) 4 headers in 157 bytes (1 switches on core 0)
Mar 31 17:37:37 ubuntu devstack@g-api.service[133731]: DEBUG dbcounter [-] [133731] Writing DB stats glance:INSERT=5,glance:SELECT=16,glance:UPDATE=2 {{(pid=133731) stat_writer /opt/stack/data/venv/lib/python3.10/site-packages/dbcounter.py:115}}
Mar 31 17:37:37 ubuntu devstack@g-api.service[133732]: DEBUG dbcounter [-] [133732] Writing DB stats glance:INSERT=9,glance:SELECT=6 {{(pid=133732) stat_writer /opt/stack/data/venv/lib/python3.10/site-packages/dbcounter.py:115}}
Mar 31 17:38:04 ubuntu devstack@g-api.service[133731]: DEBUG glance.api.middleware.version_negotiation [None req-7277e298-2f2f-4e7b-b966-4a2ef25dc281 admin admin] Determining version of request: GET / Accept: application/json {{(pid=133731) process_request /opt/stack/glance/glance/api/middleware/version_negotiation.py:44}}
Mar 31 17:38:04 ubuntu devstack@g-api.service[133731]: DEBUG glance.api.middleware.version_negotiation [None req-7277e298-2f2f-4e7b-b966-4a2ef25dc281 admin admin] Using url versioning {{(pid=133731) process_request /opt/stack/glance/glance/api/middleware/version_negotiation.py:57}}
Mar 31 17:38:04 ubuntu devstack@g-api.service[133731]: DEBUG glance.api.middleware.version_negotiation [None req-7277e298-2f2f-4e7b-b966-4a2ef25dc281 admin admin] Unknown version. Returning version choices. {{(pid=133731) process_request /opt/stack/glance/glance/api/middleware/version_negotiation.py:64}}
Mar 31 17:38:04 ubuntu devstack@g-api.service[133731]: [pid: 133731|app: 0|req: 4/6] 127.0.0.1 () {34 vars in 504 bytes} [Tue Mar 31 17:38:04 2026] GET / => generated 1407 bytes in 2 msecs (HTTP/1.1 300) 3 headers in 106 bytes (1 switches on core 0)
Mar 31 17:38:04 ubuntu devstack@g-api.service[133732]: DEBUG glance.api.middleware.version_negotiation [None req-578415b2-124f-4ef5-b970-ab1391807818 admin admin] Determining version of request: GET /v2/images Accept: application/json {{(pid=133732) process_request /opt/stack/glance/glance/api/middleware/version_negotiation.py:44}}
Mar 31 17:38:04 ubuntu devstack@g-api.service[133732]: DEBUG glance.api.middleware.version_negotiation [None req-578415b2-124f-4ef5-b970-ab1391807818 admin admin] Using url versioning {{(pid=133732) process_request /opt/stack/glance/glance/api/middleware/version_negotiation.py:57}}
Mar 31 17:38:04 ubuntu devstack@g-api.service[133732]: DEBUG glance.api.middleware.version_negotiation [None req-578415b2-124f-4ef5-b970-ab1391807818 admin admin] Matched version: v2 {{(pid=133732) process_request /opt/stack/glance/glance/api/middleware/version_negotiation.py:69}}
Mar 31 17:38:04 ubuntu devstack@g-api.service[133732]: DEBUG glance.api.middleware.version_negotiation [None req-578415b2-124f-4ef5-b970-ab1391807818 admin admin] new path /v2/images {{(pid=133732) process_request /opt/stack/glance/glance/api/middleware/version_negotiation.py:70}}
Mar 31 17:38:04 ubuntu devstack@g-api.service[133732]: [pid: 133732|app: 0|req: 3/7] 127.0.0.1 () {36 vars in 726 bytes} [Tue Mar 31 17:38:04 2026] GET /v2/images => generated 1045 bytes in 304 msecs (HTTP/1.1 200) 4 headers in 158 bytes (1 switches on core 0)
Mar 31 17:38:09 ubuntu devstack@g-api.service[133731]: DEBUG glance.api.middleware.version_negotiation [None req-7277e298-2f2f-4e7b-b966-4a2ef25dc281 admin admin] Determining version of request: GET / Accept: application/json {{(pid=133731) process_request /opt/stack/glance/glance/api/middleware/version_negotiation.py:44}}
Mar 31 17:38:09 ubuntu devstack@g-api.service[133731]: DEBUG glance.api.middleware.version_negotiation [None req-7277e298-2f2f-4e7b-b966-4a2ef25dc281 admin admin] Using url versioning {{(pid=133731) process_request /opt/stack/glance/glance/api/middleware/version_negotiation.py:57}}
Mar 31 17:38:09 ubuntu devstack@g-api.service[133731]: DEBUG glance.api.middleware.version_negotiation [None req-7277e298-2f2f-4e7b-b966-4a2ef25dc281 admin admin] Unknown version. Returning version choices. {{(pid=133731) process_request /opt/stack/glance/glance/api/middleware/version_negotiation.py:64}}
Mar 31 17:38:09 ubuntu devstack@g-api.service[133731]: [pid: 133731|app: 0|req: 5/8] 127.0.0.1 () {34 vars in 504 bytes} [Tue Mar 31 17:38:09 2026] GET / => generated 1407 bytes in 4 msecs (HTTP/1.1 300) 3 headers in 106 bytes (1 switches on core 0)
Mar 31 17:38:09 ubuntu devstack@g-api.service[133732]: DEBUG glance.api.middleware.version_negotiation [None req-b2e0c3ec-22fe-49f3-b242-afc889511d11 admin admin] Determining version of request: GET /v2/images/68f69bb8-ffa9-45e6-a796-f77d94bd4d94 Accept: */* {{(pid=133732) process_request /opt/stack/glance/glance/api/middleware/version_negotiation.py:44}}
Mar 31 17:38:09 ubuntu devstack@g-api.service[133732]: DEBUG glance.api.middleware.version_negotiation [None req-b2e0c3ec-22fe-49f3-b242-afc889511d11 admin admin] Using url versioning {{(pid=133732) process_request /opt/stack/glance/glance/api/middleware/version_negotiation.py:57}}
Mar 31 17:38:09 ubuntu devstack@g-api.service[133732]: DEBUG glance.api.middleware.version_negotiation [None req-b2e0c3ec-22fe-49f3-b242-afc889511d11 admin admin] Matched version: v2 {{(pid=133732) process_request /opt/stack/glance/glance/api/middleware/version_negotiation.py:69}}
Mar 31 17:38:09 ubuntu devstack@g-api.service[133732]: DEBUG glance.api.middleware.version_negotiation [None req-b2e0c3ec-22fe-49f3-b242-afc889511d11 admin admin] new path /v2/images/68f69bb8-ffa9-45e6-a796-f77d94bd4d94 {{(pid=133732) process_request /opt/stack/glance/glance/api/middleware/version_negotiation.py:70}}
Mar 31 17:38:09 ubuntu devstack@g-api.service[133732]: [pid: 133732|app: 0|req: 4/9] 127.0.0.1 () {36 vars in 787 bytes} [Tue Mar 31 17:38:09 2026] GET /v2/images/68f69bb8-ffa9-45e6-a796-f77d94bd4d94 => generated 976 bytes in 299 msecs (HTTP/1.1 200) 4 headers in 157 bytes (1 switches on core 0)
Mar 31 17:38:13 ubuntu devstack@g-api.service[133731]: DEBUG glance.api.middleware.version_negotiation [None req-7277e298-2f2f-4e7b-b966-4a2ef25dc281 admin admin] Determining version of request: GET / Accept: application/json {{(pid=133731) process_request /opt/stack/glance/glance/api/middleware/version_negotiation.py:44}}
Mar 31 17:38:13 ubuntu devstack@g-api.service[133731]: DEBUG glance.api.middleware.version_negotiation [None req-7277e298-2f2f-4e7b-b966-4a2ef25dc281 admin admin] Using url versioning {{(pid=133731) process_request /opt/stack/glance/glance/api/middleware/version_negotiation.py:57}}
Mar 31 17:38:13 ubuntu devstack@g-api.service[133731]: DEBUG glance.api.middleware.version_negotiation [None req-7277e298-2f2f-4e7b-b966-4a2ef25dc281 admin admin] Unknown version. Returning version choices. {{(pid=133731) process_request /opt/stack/glance/glance/api/middleware/version_negotiation.py:64}}
Mar 31 17:38:13 ubuntu devstack@g-api.service[133731]: [pid: 133731|app: 0|req: 6/10] 127.0.0.1 () {34 vars in 504 bytes} [Tue Mar 31 17:38:13 2026] GET / => generated 1407 bytes in 1 msecs (HTTP/1.1 300) 3 headers in 106 bytes (1 switches on core 0)
Mar 31 17:38:13 ubuntu devstack@g-api.service[133732]: DEBUG glance.api.middleware.version_negotiation [None req-96c9a607-a2f5-493d-9c37-71c6c2a04d88 admin admin] Determining version of request: GET /v2/images/68f69bb8-ffa9-45e6-a796-f77d94bd4d94 Accept: */* {{(pid=133732) process_request /opt/stack/glance/glance/api/middleware/version_negotiation.py:44}}
Mar 31 17:38:13 ubuntu devstack@g-api.service[133732]: DEBUG glance.api.middleware.version_negotiation [None req-96c9a607-a2f5-493d-9c37-71c6c2a04d88 admin admin] Using url versioning {{(pid=133732) process_request /opt/stack/glance/glance/api/middleware/version_negotiation.py:57}}
Mar 31 17:38:13 ubuntu devstack@g-api.service[133732]: DEBUG glance.api.middleware.version_negotiation [None req-96c9a607-a2f5-493d-9c37-71c6c2a04d88 admin admin] Matched version: v2 {{(pid=133732) process_request /opt/stack/glance/glance/api/middleware/version_negotiation.py:69}}
Mar 31 17:38:13 ubuntu devstack@g-api.service[133732]: DEBUG glance.api.middleware.version_negotiation [None req-96c9a607-a2f5-493d-9c37-71c6c2a04d88 admin admin] new path /v2/images/68f69bb8-ffa9-45e6-a796-f77d94bd4d94 {{(pid=133732) process_request /opt/stack/glance/glance/api/middleware/version_negotiation.py:70}}
Mar 31 17:38:13 ubuntu devstack@g-api.service[133732]: [pid: 133732|app: 0|req: 5/11] 127.0.0.1 () {36 vars in 787 bytes} [Tue Mar 31 17:38:13 2026] GET /v2/images/68f69bb8-ffa9-45e6-a796-f77d94bd4d94 => generated 976 bytes in 232 msecs (HTTP/1.1 200) 4 headers in 157 bytes (1 switches on core 0)
Mar 31 17:38:23 ubuntu devstack@g-api.service[133732]: DEBUG dbcounter [-] [133732] Writing DB stats glance:SELECT=5 {{(pid=133732) stat_writer /opt/stack/data/venv/lib/python3.10/site-packages/dbcounter.py:115}}
Mar 31 17:39:16 ubuntu devstack@g-api.service[133731]: DEBUG glance.api.middleware.version_negotiation [None req-7277e298-2f2f-4e7b-b966-4a2ef25dc281 admin admin] Determining version of request: GET / Accept: application/json {{(pid=133731) process_request /opt/stack/glance/glance/api/middleware/version_negotiation.py:44}}
Mar 31 17:39:16 ubuntu devstack@g-api.service[133731]: DEBUG glance.api.middleware.version_negotiation [None req-7277e298-2f2f-4e7b-b966-4a2ef25dc281 admin admin] Using url versioning {{(pid=133731) process_request /opt/stack/glance/glance/api/middleware/version_negotiation.py:57}}
Mar 31 17:39:16 ubuntu devstack@g-api.service[133731]: DEBUG glance.api.middleware.version_negotiation [None req-7277e298-2f2f-4e7b-b966-4a2ef25dc281 admin admin] Unknown version. Returning version choices. {{(pid=133731) process_request /opt/stack/glance/glance/api/middleware/version_negotiation.py:64}}
Mar 31 17:39:16 ubuntu devstack@g-api.service[133731]: [pid: 133731|app: 0|req: 7/12] 127.0.0.1 () {36 vars in 472 bytes} [Tue Mar 31 17:39:16 2026] GET / => generated 1407 bytes in 7 msecs (HTTP/1.1 300) 3 headers in 106 bytes (1 switches on core 0)
