Mar 31 17:32:35 ubuntu devstack@keystone.service[81794]: DEBUG keystone.server.flask.request_processing.req_logging [None req-1fbfccf6-a74c-4dc9-a817-913ee4bd6bc2 None None] PATH_INFO: `/` {{(pid=81794) log_request_info /opt/stack/keystone/keystone/server/flask/request_processing/req_logging.py:28}}
Mar 31 17:32:35 ubuntu devstack@keystone.service[81794]: [pid: 81794|app: 0|req: 11/23] 10.201.5.82 () {54 vars in 920 bytes} [Tue Mar 31 17:32:35 2026] GET /identity => generated 270 bytes in 2 msecs (HTTP/1.1 300) 6 headers in 234 bytes (1 switches on core 0)
Mar 31 17:32:35 ubuntu devstack@keystone.service[81793]: DEBUG keystone.server.flask.request_processing.req_logging [None req-ee2f3f29-79fe-4a53-ab9d-9e50edbaad30 None None] REQUEST_METHOD: `POST` {{(pid=81793) log_request_info /opt/stack/keystone/keystone/server/flask/request_processing/req_logging.py:26}}
Mar 31 17:32:35 ubuntu devstack@keystone.service[81793]: DEBUG keystone.server.flask.request_processing.req_logging [None req-ee2f3f29-79fe-4a53-ab9d-9e50edbaad30 None None] SCRIPT_NAME: `/identity` {{(pid=81793) log_request_info /opt/stack/keystone/keystone/server/flask/request_processing/req_logging.py:27}}
Mar 31 17:32:35 ubuntu devstack@keystone.service[81793]: DEBUG keystone.server.flask.request_processing.req_logging [None req-ee2f3f29-79fe-4a53-ab9d-9e50edbaad30 None None] PATH_INFO: `/v3/auth/tokens` {{(pid=81793) log_request_info /opt/stack/keystone/keystone/server/flask/request_processing/req_logging.py:28}}
Mar 31 17:32:35 ubuntu devstack@keystone.service[81793]: WARNING keystone.common.password_hashing [None req-ee2f3f29-79fe-4a53-ab9d-9e50edbaad30 None None] Truncating password to algorithm specific maximum length 72 characters.
Mar 31 17:32:35 ubuntu devstack@keystone.service[81793]: DEBUG keystone.auth.core [None req-ee2f3f29-79fe-4a53-ab9d-9e50edbaad30 None None] MFA Rules not processed for user `dffe8369e4c047e499d48b39fa0f1565`. Rule list: `[]` (Enabled: `True`). {{(pid=81793) check_auth_methods_against_rules /opt/stack/keystone/keystone/auth/core.py:476}}
Mar 31 17:32:35 ubuntu devstack@keystone.service[81793]: DEBUG keystone.common.fernet_utils [None req-ee2f3f29-79fe-4a53-ab9d-9e50edbaad30 None None] Loaded 2 Fernet keys from /etc/keystone/fernet-keys/, but `[fernet_tokens] max_active_keys = 3`; perhaps there have not been enough key rotations to reach `max_active_keys` yet? {{(pid=81793) load_keys /opt/stack/keystone/keystone/common/fernet_utils.py:297}}
Mar 31 17:32:35 ubuntu devstack@keystone.service[81793]: [pid: 81793|app: 0|req: 13/24] 10.201.5.82 () {58 vars in 1017 bytes} [Tue Mar 31 17:32:35 2026] POST /identity/v3/auth/tokens => generated 862 bytes in 61 msecs (HTTP/1.1 201) 6 headers in 363 bytes (1 switches on core 0)
Mar 31 17:32:35 ubuntu devstack@keystone.service[81794]: DEBUG keystone.server.flask.request_processing.req_logging [None req-85a55cf9-9331-407c-bff7-a42b5bcdaddb None None] REQUEST_METHOD: `GET` {{(pid=81794) log_request_info /opt/stack/keystone/keystone/server/flask/request_processing/req_logging.py:26}}
Mar 31 17:32:35 ubuntu devstack@keystone.service[81794]: DEBUG keystone.server.flask.request_processing.req_logging [None req-85a55cf9-9331-407c-bff7-a42b5bcdaddb None None] SCRIPT_NAME: `/identity` {{(pid=81794) log_request_info /opt/stack/keystone/keystone/server/flask/request_processing/req_logging.py:27}}
Mar 31 17:32:35 ubuntu devstack@keystone.service[81794]: DEBUG keystone.server.flask.request_processing.req_logging [None req-85a55cf9-9331-407c-bff7-a42b5bcdaddb None None] PATH_INFO: `/` {{(pid=81794) log_request_info /opt/stack/keystone/keystone/server/flask/request_processing/req_logging.py:28}}
Mar 31 17:32:35 ubuntu devstack@keystone.service[81794]: [pid: 81794|app: 0|req: 12/25] 10.201.5.82 () {54 vars in 920 bytes} [Tue Mar 31 17:32:35 2026] GET /identity => generated 270 bytes in 2 msecs (HTTP/1.1 300) 6 headers in 234 bytes (1 switches on core 0)
Mar 31 17:32:35 ubuntu devstack@keystone.service[81793]: DEBUG keystone.server.flask.request_processing.req_logging [None req-cdb434c8-0d1e-48c5-9cbf-5c1bc347bb66 None None] REQUEST_METHOD: `POST` {{(pid=81793) log_request_info /opt/stack/keystone/keystone/server/flask/request_processing/req_logging.py:26}}
Mar 31 17:32:35 ubuntu devstack@keystone.service[81793]: DEBUG keystone.server.flask.request_processing.req_logging [None req-cdb434c8-0d1e-48c5-9cbf-5c1bc347bb66 None None] SCRIPT_NAME: `/identity` {{(pid=81793) log_request_info /opt/stack/keystone/keystone/server/flask/request_processing/req_logging.py:27}}
Mar 31 17:32:35 ubuntu devstack@keystone.service[81793]: DEBUG keystone.server.flask.request_processing.req_logging [None req-cdb434c8-0d1e-48c5-9cbf-5c1bc347bb66 None None] PATH_INFO: `/v3/auth/tokens` {{(pid=81793) log_request_info /opt/stack/keystone/keystone/server/flask/request_processing/req_logging.py:28}}
Mar 31 17:32:35 ubuntu devstack@keystone.service[81793]: WARNING keystone.common.password_hashing [None req-cdb434c8-0d1e-48c5-9cbf-5c1bc347bb66 None None] Truncating password to algorithm specific maximum length 72 characters.
Mar 31 17:32:35 ubuntu devstack@keystone.service[81793]: DEBUG keystone.auth.core [None req-cdb434c8-0d1e-48c5-9cbf-5c1bc347bb66 None None] MFA Rules not processed for user `dffe8369e4c047e499d48b39fa0f1565`. Rule list: `[]` (Enabled: `True`). {{(pid=81793) check_auth_methods_against_rules /opt/stack/keystone/keystone/auth/core.py:476}}
Mar 31 17:32:35 ubuntu devstack@keystone.service[81793]: DEBUG keystone.common.fernet_utils [None req-cdb434c8-0d1e-48c5-9cbf-5c1bc347bb66 None None] Loaded 2 Fernet keys from /etc/keystone/fernet-keys/, but `[fernet_tokens] max_active_keys = 3`; perhaps there have not been enough key rotations to reach `max_active_keys` yet? {{(pid=81793) load_keys /opt/stack/keystone/keystone/common/fernet_utils.py:297}}
Mar 31 17:32:35 ubuntu devstack@keystone.service[81794]: DEBUG keystone.server.flask.request_processing.middleware.auth_context [None req-85a55cf9-9331-407c-bff7-a42b5bcdaddb None None] Authenticating user token {{(pid=81794) process_request /opt/stack/data/venv/lib/python3.10/site-packages/keystonemiddleware/auth_token/__init__.py:407}}
Mar 31 17:32:35 ubuntu devstack@keystone.service[81793]: [pid: 81793|app: 0|req: 14/26] 10.201.5.82 () {58 vars in 1017 bytes} [Tue Mar 31 17:32:35 2026] POST /identity/v3/auth/tokens => generated 862 bytes in 54 msecs (HTTP/1.1 201) 6 headers in 363 bytes (1 switches on core 0)
Mar 31 17:32:35 ubuntu devstack@keystone.service[81794]: DEBUG keystone.server.flask.request_processing.middleware.auth_context [None req-85a55cf9-9331-407c-bff7-a42b5bcdaddb None None] Validating token access rules against request {{(pid=81794) validate_allowed_request /opt/stack/data/venv/lib/python3.10/site-packages/keystonemiddleware/auth_token/__init__.py:545}}
Mar 31 17:32:35 ubuntu devstack@keystone.service[81794]: DEBUG keystone.server.flask.request_processing.middleware.auth_context [None req-2f144d23-e457-4b45-897b-7aca7af2da19 None admin] RBAC: auth_context: {'token': <TokenModel (audit_id=-EvmG4UtSiG0wWXfPNCMzQ, audit_chain_id=['-EvmG4UtSiG0wWXfPNCMzQ']) at 0x7f2d5fdd0940>, 'domain_id': None, 'trust_id': None, 'trustor_id': None, 'trustee_id': None, 'domain_name': None, 'group_ids': [], 'user_id': 'dffe8369e4c047e499d48b39fa0f1565', 'user_domain_id': 'default', 'system_scope': 'all', 'project_id': None, 'project_domain_id': None, 'roles': ['admin', 'manager', 'member', 'reader'], 'is_admin_project': True, 'service_user_id': None, 'service_user_domain_id': None, 'service_project_id': None, 'service_project_domain_id': None, 'service_roles': []} {{(pid=81794) fill_context /opt/stack/keystone/keystone/server/flask/request_processing/middleware/auth_context.py:509}}
Mar 31 17:32:35 ubuntu devstack@keystone.service[81794]: DEBUG keystone.server.flask.request_processing.req_logging [None req-2f144d23-e457-4b45-897b-7aca7af2da19 None admin] REQUEST_METHOD: `GET` {{(pid=81794) log_request_info /opt/stack/keystone/keystone/server/flask/request_processing/req_logging.py:26}}
Mar 31 17:32:35 ubuntu devstack@keystone.service[81794]: DEBUG keystone.server.flask.request_processing.req_logging [None req-2f144d23-e457-4b45-897b-7aca7af2da19 None admin] SCRIPT_NAME: `/identity` {{(pid=81794) log_request_info /opt/stack/keystone/keystone/server/flask/request_processing/req_logging.py:27}}
Mar 31 17:32:35 ubuntu devstack@keystone.service[81794]: DEBUG keystone.server.flask.request_processing.req_logging [None req-2f144d23-e457-4b45-897b-7aca7af2da19 None admin] PATH_INFO: `/v3/domains/Default` {{(pid=81794) log_request_info /opt/stack/keystone/keystone/server/flask/request_processing/req_logging.py:28}}
Mar 31 17:32:35 ubuntu devstack@keystone.service[81794]: DEBUG keystone.common.rbac_enforcer.enforcer [None req-2f144d23-e457-4b45-897b-7aca7af2da19 None admin] RBAC: Authorizing `identity:get_domain(domain_id=Default)` {{(pid=81794) enforce_call /opt/stack/keystone/keystone/common/rbac_enforcer/enforcer.py:494}}
Mar 31 17:32:35 ubuntu devstack@keystone.service[81794]: DEBUG keystone.common.rbac_enforcer.enforcer [None req-2f144d23-e457-4b45-897b-7aca7af2da19 None admin] RBAC: Authorization granted {{(pid=81794) enforce_call /opt/stack/keystone/keystone/common/rbac_enforcer/enforcer.py:505}}
Mar 31 17:32:35 ubuntu devstack@keystone.service[81793]: DEBUG keystone.server.flask.request_processing.req_logging [None req-0a9e25bb-4c5d-4e69-a3e0-01242b09be1b None None] REQUEST_METHOD: `GET` {{(pid=81793) log_request_info /opt/stack/keystone/keystone/server/flask/request_processing/req_logging.py:26}}
Mar 31 17:32:35 ubuntu devstack@keystone.service[81793]: DEBUG keystone.server.flask.request_processing.req_logging [None req-0a9e25bb-4c5d-4e69-a3e0-01242b09be1b None None] SCRIPT_NAME: `/identity` {{(pid=81793) log_request_info /opt/stack/keystone/keystone/server/flask/request_processing/req_logging.py:27}}
Mar 31 17:32:35 ubuntu devstack@keystone.service[81793]: DEBUG keystone.server.flask.request_processing.req_logging [None req-0a9e25bb-4c5d-4e69-a3e0-01242b09be1b None None] PATH_INFO: `/` {{(pid=81793) log_request_info /opt/stack/keystone/keystone/server/flask/request_processing/req_logging.py:28}}
Mar 31 17:32:35 ubuntu devstack@keystone.service[81793]: [pid: 81793|app: 0|req: 15/27] 10.201.5.82 () {54 vars in 920 bytes} [Tue Mar 31 17:32:35 2026] GET /identity => generated 270 bytes in 3 msecs (HTTP/1.1 300) 6 headers in 234 bytes (1 switches on core 0)
Mar 31 17:32:35 ubuntu devstack@keystone.service[81793]: DEBUG keystone.server.flask.request_processing.req_logging [None req-c8bf07df-18f0-45ba-ad95-39a36d6db565 None None] REQUEST_METHOD: `POST` {{(pid=81793) log_request_info /opt/stack/keystone/keystone/server/flask/request_processing/req_logging.py:26}}
Mar 31 17:32:35 ubuntu devstack@keystone.service[81793]: DEBUG keystone.server.flask.request_processing.req_logging [None req-c8bf07df-18f0-45ba-ad95-39a36d6db565 None None] SCRIPT_NAME: `/identity` {{(pid=81793) log_request_info /opt/stack/keystone/keystone/server/flask/request_processing/req_logging.py:27}}
Mar 31 17:32:35 ubuntu devstack@keystone.service[81793]: DEBUG keystone.server.flask.request_processing.req_logging [None req-c8bf07df-18f0-45ba-ad95-39a36d6db565 None None] PATH_INFO: `/v3/auth/tokens` {{(pid=81793) log_request_info /opt/stack/keystone/keystone/server/flask/request_processing/req_logging.py:28}}
Mar 31 17:32:35 ubuntu devstack@keystone.service[81794]: DEBUG keystone.server.flask.application [None req-2f144d23-e457-4b45-897b-7aca7af2da19 None admin] Could not find domain: Default. {{(pid=81794) _handle_keystone_exception /opt/stack/keystone/keystone/server/flask/application.py:146}}
Mar 31 17:32:35 ubuntu devstack@keystone.service[81794]: [pid: 81794|app: 0|req: 13/28] 10.201.5.82 () {56 vars in 1145 bytes} [Tue Mar 31 17:32:35 2026] GET /identity/v3/domains/Default => generated 87 bytes in 92 msecs (HTTP/1.1 404) 5 headers in 183 bytes (1 switches on core 0)
Mar 31 17:32:35 ubuntu devstack@keystone.service[81794]: DEBUG keystone.server.flask.request_processing.middleware.auth_context [None req-2f144d23-e457-4b45-897b-7aca7af2da19 None admin] Authenticating user token {{(pid=81794) process_request /opt/stack/data/venv/lib/python3.10/site-packages/keystonemiddleware/auth_token/__init__.py:407}}
Mar 31 17:32:35 ubuntu devstack@keystone.service[81793]: WARNING keystone.common.password_hashing [None req-c8bf07df-18f0-45ba-ad95-39a36d6db565 None None] Truncating password to algorithm specific maximum length 72 characters.
Mar 31 17:32:35 ubuntu devstack@keystone.service[81793]: DEBUG keystone.auth.core [None req-c8bf07df-18f0-45ba-ad95-39a36d6db565 None None] MFA Rules not processed for user `dffe8369e4c047e499d48b39fa0f1565`. Rule list: `[]` (Enabled: `True`). {{(pid=81793) check_auth_methods_against_rules /opt/stack/keystone/keystone/auth/core.py:476}}
Mar 31 17:32:35 ubuntu devstack@keystone.service[81793]: DEBUG keystone.common.fernet_utils [None req-c8bf07df-18f0-45ba-ad95-39a36d6db565 None None] Loaded 2 Fernet keys from /etc/keystone/fernet-keys/, but `[fernet_tokens] max_active_keys = 3`; perhaps there have not been enough key rotations to reach `max_active_keys` yet? {{(pid=81793) load_keys /opt/stack/keystone/keystone/common/fernet_utils.py:297}}
Mar 31 17:32:35 ubuntu devstack@keystone.service[81794]: DEBUG keystone.server.flask.request_processing.middleware.auth_context [None req-2f144d23-e457-4b45-897b-7aca7af2da19 None admin] Validating token access rules against request {{(pid=81794) validate_allowed_request /opt/stack/data/venv/lib/python3.10/site-packages/keystonemiddleware/auth_token/__init__.py:545}}
Mar 31 17:32:35 ubuntu devstack@keystone.service[81794]: DEBUG keystone.server.flask.request_processing.middleware.auth_context [None req-2dade67b-97e4-43b5-a34b-5b5ecbecd29d None admin] RBAC: auth_context: {'token': <TokenModel (audit_id=-EvmG4UtSiG0wWXfPNCMzQ, audit_chain_id=['-EvmG4UtSiG0wWXfPNCMzQ']) at 0x7f2d5fc29ab0>, 'domain_id': None, 'trust_id': None, 'trustor_id': None, 'trustee_id': None, 'domain_name': None, 'group_ids': [], 'user_id': 'dffe8369e4c047e499d48b39fa0f1565', 'user_domain_id': 'default', 'system_scope': 'all', 'project_id': None, 'project_domain_id': None, 'roles': ['admin', 'manager', 'member', 'reader'], 'is_admin_project': True, 'service_user_id': None, 'service_user_domain_id': None, 'service_project_id': None, 'service_project_domain_id': None, 'service_roles': []} {{(pid=81794) fill_context /opt/stack/keystone/keystone/server/flask/request_processing/middleware/auth_context.py:509}}
Mar 31 17:32:35 ubuntu devstack@keystone.service[81794]: DEBUG keystone.server.flask.request_processing.req_logging [None req-2dade67b-97e4-43b5-a34b-5b5ecbecd29d None admin] REQUEST_METHOD: `GET` {{(pid=81794) log_request_info /opt/stack/keystone/keystone/server/flask/request_processing/req_logging.py:26}}
Mar 31 17:32:35 ubuntu devstack@keystone.service[81794]: DEBUG keystone.server.flask.request_processing.req_logging [None req-2dade67b-97e4-43b5-a34b-5b5ecbecd29d None admin] SCRIPT_NAME: `/identity` {{(pid=81794) log_request_info /opt/stack/keystone/keystone/server/flask/request_processing/req_logging.py:27}}
Mar 31 17:32:35 ubuntu devstack@keystone.service[81794]: DEBUG keystone.server.flask.request_processing.req_logging [None req-2dade67b-97e4-43b5-a34b-5b5ecbecd29d None admin] PATH_INFO: `/v3/domains` {{(pid=81794) log_request_info /opt/stack/keystone/keystone/server/flask/request_processing/req_logging.py:28}}
Mar 31 17:32:35 ubuntu devstack@keystone.service[81794]: DEBUG keystone.common.rbac_enforcer.enforcer [None req-2dade67b-97e4-43b5-a34b-5b5ecbecd29d None admin] RBAC: Adding query filter params (name=Default) {{(pid=81794) _extract_filter_values /opt/stack/keystone/keystone/common/rbac_enforcer/enforcer.py:176}}
Mar 31 17:32:35 ubuntu devstack@keystone.service[81794]: DEBUG keystone.common.rbac_enforcer.enforcer [None req-2dade67b-97e4-43b5-a34b-5b5ecbecd29d None admin] RBAC: Authorizing `identity:list_domains()` {{(pid=81794) enforce_call /opt/stack/keystone/keystone/common/rbac_enforcer/enforcer.py:494}}
Mar 31 17:32:35 ubuntu devstack@keystone.service[81794]: DEBUG keystone.common.rbac_enforcer.enforcer [None req-2dade67b-97e4-43b5-a34b-5b5ecbecd29d None admin] RBAC: Authorization granted {{(pid=81794) enforce_call /opt/stack/keystone/keystone/common/rbac_enforcer/enforcer.py:505}}
Mar 31 17:32:35 ubuntu devstack@keystone.service[81794]: [pid: 81794|app: 0|req: 14/29] 10.201.5.82 () {56 vars in 1159 bytes} [Tue Mar 31 17:32:35 2026] GET /identity/v3/domains?name=Default => generated 308 bytes in 76 msecs (HTTP/1.1 200) 5 headers in 177 bytes (1 switches on core 0)
Mar 31 17:32:35 ubuntu devstack@keystone.service[81794]: DEBUG keystone.server.flask.request_processing.middleware.auth_context [None req-2dade67b-97e4-43b5-a34b-5b5ecbecd29d None admin] Authenticating user token {{(pid=81794) process_request /opt/stack/data/venv/lib/python3.10/site-packages/keystonemiddleware/auth_token/__init__.py:407}}
Mar 31 17:32:35 ubuntu devstack@keystone.service[81793]: [pid: 81793|app: 0|req: 16/30] 10.201.5.82 () {58 vars in 1017 bytes} [Tue Mar 31 17:32:35 2026] POST /identity/v3/auth/tokens => generated 862 bytes in 96 msecs (HTTP/1.1 201) 6 headers in 363 bytes (1 switches on core 0)
Mar 31 17:32:35 ubuntu devstack@keystone.service[81793]: DEBUG keystone.server.flask.request_processing.middleware.auth_context [None req-c8bf07df-18f0-45ba-ad95-39a36d6db565 None None] Authenticating user token {{(pid=81793) process_request /opt/stack/data/venv/lib/python3.10/site-packages/keystonemiddleware/auth_token/__init__.py:407}}
Mar 31 17:32:35 ubuntu devstack@keystone.service[81794]: DEBUG keystone.server.flask.request_processing.middleware.auth_context [None req-2dade67b-97e4-43b5-a34b-5b5ecbecd29d None admin] Validating token access rules against request {{(pid=81794) validate_allowed_request /opt/stack/data/venv/lib/python3.10/site-packages/keystonemiddleware/auth_token/__init__.py:545}}
Mar 31 17:32:35 ubuntu devstack@keystone.service[81793]: DEBUG keystone.server.flask.request_processing.middleware.auth_context [None req-c8bf07df-18f0-45ba-ad95-39a36d6db565 None None] Validating token access rules against request {{(pid=81793) validate_allowed_request /opt/stack/data/venv/lib/python3.10/site-packages/keystonemiddleware/auth_token/__init__.py:545}}
Mar 31 17:32:35 ubuntu devstack@keystone.service[81794]: DEBUG keystone.server.flask.request_processing.middleware.auth_context [None req-c88ddbba-e7a9-4e55-870c-86e950dc2e99 None admin] RBAC: auth_context: {'token': <TokenModel (audit_id=MBnkjYj0RUWNXlgG3cc1ZQ, audit_chain_id=['MBnkjYj0RUWNXlgG3cc1ZQ']) at 0x7f2d5fc2b5e0>, 'domain_id': None, 'trust_id': None, 'trustor_id': None, 'trustee_id': None, 'domain_name': None, 'group_ids': [], 'user_id': 'dffe8369e4c047e499d48b39fa0f1565', 'user_domain_id': 'default', 'system_scope': 'all', 'project_id': None, 'project_domain_id': None, 'roles': ['admin', 'manager', 'member', 'reader'], 'is_admin_project': True, 'service_user_id': None, 'service_user_domain_id': None, 'service_project_id': None, 'service_project_domain_id': None, 'service_roles': []} {{(pid=81794) fill_context /opt/stack/keystone/keystone/server/flask/request_processing/middleware/auth_context.py:509}}
Mar 31 17:32:35 ubuntu devstack@keystone.service[81794]: DEBUG keystone.server.flask.request_processing.req_logging [None req-c88ddbba-e7a9-4e55-870c-86e950dc2e99 None admin] REQUEST_METHOD: `GET` {{(pid=81794) log_request_info /opt/stack/keystone/keystone/server/flask/request_processing/req_logging.py:26}}
Mar 31 17:32:35 ubuntu devstack@keystone.service[81794]: DEBUG keystone.server.flask.request_processing.req_logging [None req-c88ddbba-e7a9-4e55-870c-86e950dc2e99 None admin] SCRIPT_NAME: `/identity` {{(pid=81794) log_request_info /opt/stack/keystone/keystone/server/flask/request_processing/req_logging.py:27}}
Mar 31 17:32:35 ubuntu devstack@keystone.service[81794]: DEBUG keystone.server.flask.request_processing.req_logging [None req-c88ddbba-e7a9-4e55-870c-86e950dc2e99 None admin] PATH_INFO: `/v3/roles/admin` {{(pid=81794) log_request_info /opt/stack/keystone/keystone/server/flask/request_processing/req_logging.py:28}}
Mar 31 17:32:35 ubuntu devstack@keystone.service[81793]: DEBUG keystone.server.flask.request_processing.middleware.auth_context [None req-5b116236-3c85-4681-bc02-a599a1a78dd8 None admin] RBAC: auth_context: {'token': <TokenModel (audit_id=-EvmG4UtSiG0wWXfPNCMzQ, audit_chain_id=['-EvmG4UtSiG0wWXfPNCMzQ']) at 0x7f2d5fd98e20>, 'domain_id': None, 'trust_id': None, 'trustor_id': None, 'trustee_id': None, 'domain_name': None, 'group_ids': [], 'user_id': 'dffe8369e4c047e499d48b39fa0f1565', 'user_domain_id': 'default', 'system_scope': 'all', 'project_id': None, 'project_domain_id': None, 'roles': ['admin', 'manager', 'member', 'reader'], 'is_admin_project': True, 'service_user_id': None, 'service_user_domain_id': None, 'service_project_id': None, 'service_project_domain_id': None, 'service_roles': []} {{(pid=81793) fill_context /opt/stack/keystone/keystone/server/flask/request_processing/middleware/auth_context.py:509}}
Mar 31 17:32:35 ubuntu devstack@keystone.service[81793]: DEBUG keystone.server.flask.request_processing.req_logging [None req-5b116236-3c85-4681-bc02-a599a1a78dd8 None admin] REQUEST_METHOD: `POST` {{(pid=81793) log_request_info /opt/stack/keystone/keystone/server/flask/request_processing/req_logging.py:26}}
Mar 31 17:32:35 ubuntu devstack@keystone.service[81793]: DEBUG keystone.server.flask.request_processing.req_logging [None req-5b116236-3c85-4681-bc02-a599a1a78dd8 None admin] SCRIPT_NAME: `/identity` {{(pid=81793) log_request_info /opt/stack/keystone/keystone/server/flask/request_processing/req_logging.py:27}}
Mar 31 17:32:35 ubuntu devstack@keystone.service[81793]: DEBUG keystone.server.flask.request_processing.req_logging [None req-5b116236-3c85-4681-bc02-a599a1a78dd8 None admin] PATH_INFO: `/v3/projects` {{(pid=81793) log_request_info /opt/stack/keystone/keystone/server/flask/request_processing/req_logging.py:28}}
Mar 31 17:32:35 ubuntu devstack@keystone.service[81793]: DEBUG keystone.common.rbac_enforcer.enforcer [None req-5b116236-3c85-4681-bc02-a599a1a78dd8 None admin] RBAC: Authorizing `identity:create_project()` {{(pid=81793) enforce_call /opt/stack/keystone/keystone/common/rbac_enforcer/enforcer.py:494}}
Mar 31 17:32:35 ubuntu devstack@keystone.service[81794]: DEBUG keystone.common.rbac_enforcer.enforcer [None req-c88ddbba-e7a9-4e55-870c-86e950dc2e99 None admin] Extracting inferred target data resulted in "NOT FOUND (404)". {{(pid=81794) enforce_call /opt/stack/keystone/keystone/common/rbac_enforcer/enforcer.py:445}}
Mar 31 17:32:35 ubuntu devstack@keystone.service[81793]: DEBUG keystone.common.rbac_enforcer.enforcer [None req-5b116236-3c85-4681-bc02-a599a1a78dd8 None admin] RBAC: Authorization granted {{(pid=81793) enforce_call /opt/stack/keystone/keystone/common/rbac_enforcer/enforcer.py:505}}
Mar 31 17:32:35 ubuntu devstack@keystone.service[81794]: DEBUG keystone.server.flask.application [None req-c88ddbba-e7a9-4e55-870c-86e950dc2e99 None admin] Could not find role: admin. {{(pid=81794) _handle_keystone_exception /opt/stack/keystone/keystone/server/flask/application.py:146}}
Mar 31 17:32:35 ubuntu devstack@keystone.service[81794]: [pid: 81794|app: 0|req: 15/31] 10.201.5.82 () {56 vars in 1133 bytes} [Tue Mar 31 17:32:35 2026] GET /identity/v3/roles/admin => generated 83 bytes in 70 msecs (HTTP/1.1 404) 5 headers in 183 bytes (1 switches on core 0)
Mar 31 17:32:35 ubuntu devstack@keystone.service[81794]: DEBUG keystone.server.flask.request_processing.req_logging [None req-499c5040-0d3c-4b73-a7e8-41eda5d9cee6 None None] REQUEST_METHOD: `GET` {{(pid=81794) log_request_info /opt/stack/keystone/keystone/server/flask/request_processing/req_logging.py:26}}
Mar 31 17:32:35 ubuntu devstack@keystone.service[81794]: DEBUG keystone.server.flask.request_processing.req_logging [None req-499c5040-0d3c-4b73-a7e8-41eda5d9cee6 None None] SCRIPT_NAME: `/identity` {{(pid=81794) log_request_info /opt/stack/keystone/keystone/server/flask/request_processing/req_logging.py:27}}
Mar 31 17:32:35 ubuntu devstack@keystone.service[81794]: DEBUG keystone.server.flask.request_processing.req_logging [None req-499c5040-0d3c-4b73-a7e8-41eda5d9cee6 None None] PATH_INFO: `/` {{(pid=81794) log_request_info /opt/stack/keystone/keystone/server/flask/request_processing/req_logging.py:28}}
Mar 31 17:32:35 ubuntu devstack@keystone.service[81794]: [pid: 81794|app: 0|req: 16/32] 10.201.5.82 () {54 vars in 920 bytes} [Tue Mar 31 17:32:35 2026] GET /identity => generated 270 bytes in 2 msecs (HTTP/1.1 300) 6 headers in 234 bytes (1 switches on core 0)
Mar 31 17:32:35 ubuntu devstack@keystone.service[81794]: DEBUG keystone.server.flask.request_processing.middleware.auth_context [None req-499c5040-0d3c-4b73-a7e8-41eda5d9cee6 None None] Authenticating user token {{(pid=81794) process_request /opt/stack/data/venv/lib/python3.10/site-packages/keystonemiddleware/auth_token/__init__.py:407}}
Mar 31 17:32:35 ubuntu devstack@keystone.service[81793]: [pid: 81793|app: 0|req: 17/33] 10.201.5.82 () {60 vars in 1177 bytes} [Tue Mar 31 17:32:35 2026] POST /identity/v3/projects => generated 301 bytes in 75 msecs (HTTP/1.1 201) 5 headers in 182 bytes (1 switches on core 0)
Mar 31 17:32:35 ubuntu devstack@keystone.service[81793]: DEBUG keystone.server.flask.request_processing.req_logging [None req-928a480d-e0ef-4179-bbc4-ee16d835a7dd None None] REQUEST_METHOD: `POST` {{(pid=81793) log_request_info /opt/stack/keystone/keystone/server/flask/request_processing/req_logging.py:26}}
Mar 31 17:32:35 ubuntu devstack@keystone.service[81793]: DEBUG keystone.server.flask.request_processing.req_logging [None req-928a480d-e0ef-4179-bbc4-ee16d835a7dd None None] SCRIPT_NAME: `/identity` {{(pid=81793) log_request_info /opt/stack/keystone/keystone/server/flask/request_processing/req_logging.py:27}}
Mar 31 17:32:35 ubuntu devstack@keystone.service[81793]: DEBUG keystone.server.flask.request_processing.req_logging [None req-928a480d-e0ef-4179-bbc4-ee16d835a7dd None None] PATH_INFO: `/v3/auth/tokens` {{(pid=81793) log_request_info /opt/stack/keystone/keystone/server/flask/request_processing/req_logging.py:28}}
Mar 31 17:32:35 ubuntu devstack@keystone.service[81793]: WARNING keystone.common.password_hashing [None req-928a480d-e0ef-4179-bbc4-ee16d835a7dd None None] Truncating password to algorithm specific maximum length 72 characters.
Mar 31 17:32:35 ubuntu devstack@keystone.service[81793]: DEBUG keystone.auth.core [None req-928a480d-e0ef-4179-bbc4-ee16d835a7dd None None] MFA Rules not processed for user `dffe8369e4c047e499d48b39fa0f1565`. Rule list: `[]` (Enabled: `True`). {{(pid=81793) check_auth_methods_against_rules /opt/stack/keystone/keystone/auth/core.py:476}}
Mar 31 17:32:35 ubuntu devstack@keystone.service[81793]: DEBUG keystone.common.fernet_utils [None req-928a480d-e0ef-4179-bbc4-ee16d835a7dd None None] Loaded 2 Fernet keys from /etc/keystone/fernet-keys/, but `[fernet_tokens] max_active_keys = 3`; perhaps there have not been enough key rotations to reach `max_active_keys` yet? {{(pid=81793) load_keys /opt/stack/keystone/keystone/common/fernet_utils.py:297}}
Mar 31 17:32:35 ubuntu devstack@keystone.service[81794]: DEBUG keystone.server.flask.request_processing.middleware.auth_context [None req-499c5040-0d3c-4b73-a7e8-41eda5d9cee6 None None] Validating token access rules against request {{(pid=81794) validate_allowed_request /opt/stack/data/venv/lib/python3.10/site-packages/keystonemiddleware/auth_token/__init__.py:545}}
Mar 31 17:32:35 ubuntu devstack@keystone.service[81793]: [pid: 81793|app: 0|req: 18/34] 10.201.5.82 () {58 vars in 1017 bytes} [Tue Mar 31 17:32:35 2026] POST /identity/v3/auth/tokens => generated 862 bytes in 56 msecs (HTTP/1.1 201) 6 headers in 363 bytes (1 switches on core 0)
Mar 31 17:32:35 ubuntu devstack@keystone.service[81794]: DEBUG keystone.server.flask.request_processing.middleware.auth_context [None req-104dbdf1-b0c8-4137-8b4b-26b49457607b None admin] RBAC: auth_context: {'token': <TokenModel (audit_id=MBnkjYj0RUWNXlgG3cc1ZQ, audit_chain_id=['MBnkjYj0RUWNXlgG3cc1ZQ']) at 0x7f2d5fda2aa0>, 'domain_id': None, 'trust_id': None, 'trustor_id': None, 'trustee_id': None, 'domain_name': None, 'group_ids': [], 'user_id': 'dffe8369e4c047e499d48b39fa0f1565', 'user_domain_id': 'default', 'system_scope': 'all', 'project_id': None, 'project_domain_id': None, 'roles': ['admin', 'manager', 'member', 'reader'], 'is_admin_project': True, 'service_user_id': None, 'service_user_domain_id': None, 'service_project_id': None, 'service_project_domain_id': None, 'service_roles': []} {{(pid=81794) fill_context /opt/stack/keystone/keystone/server/flask/request_processing/middleware/auth_context.py:509}}
Mar 31 17:32:35 ubuntu devstack@keystone.service[81794]: DEBUG keystone.server.flask.request_processing.req_logging [None req-104dbdf1-b0c8-4137-8b4b-26b49457607b None admin] REQUEST_METHOD: `GET` {{(pid=81794) log_request_info /opt/stack/keystone/keystone/server/flask/request_processing/req_logging.py:26}}
Mar 31 17:32:35 ubuntu devstack@keystone.service[81794]: DEBUG keystone.server.flask.request_processing.req_logging [None req-104dbdf1-b0c8-4137-8b4b-26b49457607b None admin] SCRIPT_NAME: `/identity` {{(pid=81794) log_request_info /opt/stack/keystone/keystone/server/flask/request_processing/req_logging.py:27}}
Mar 31 17:32:35 ubuntu devstack@keystone.service[81794]: DEBUG keystone.server.flask.request_processing.req_logging [None req-104dbdf1-b0c8-4137-8b4b-26b49457607b None admin] PATH_INFO: `/v3/roles` {{(pid=81794) log_request_info /opt/stack/keystone/keystone/server/flask/request_processing/req_logging.py:28}}
Mar 31 17:32:35 ubuntu devstack@keystone.service[81794]: DEBUG keystone.common.rbac_enforcer.enforcer [None req-104dbdf1-b0c8-4137-8b4b-26b49457607b None admin] RBAC: Adding query filter params (name=admin) {{(pid=81794) _extract_filter_values /opt/stack/keystone/keystone/common/rbac_enforcer/enforcer.py:176}}
Mar 31 17:32:35 ubuntu devstack@keystone.service[81794]: DEBUG keystone.common.rbac_enforcer.enforcer [None req-104dbdf1-b0c8-4137-8b4b-26b49457607b None admin] RBAC: Authorizing `identity:list_roles()` {{(pid=81794) enforce_call /opt/stack/keystone/keystone/common/rbac_enforcer/enforcer.py:494}}
Mar 31 17:32:35 ubuntu devstack@keystone.service[81794]: DEBUG keystone.common.rbac_enforcer.enforcer [None req-104dbdf1-b0c8-4137-8b4b-26b49457607b None admin] RBAC: Authorization granted {{(pid=81794) enforce_call /opt/stack/keystone/keystone/common/rbac_enforcer/enforcer.py:505}}
Mar 31 17:32:35 ubuntu devstack@keystone.service[81794]: [pid: 81794|app: 0|req: 17/35] 10.201.5.82 () {56 vars in 1149 bytes} [Tue Mar 31 17:32:35 2026] GET /identity/v3/roles?name=admin => generated 339 bytes in 81 msecs (HTTP/1.1 200) 5 headers in 177 bytes (2 switches on core 0)
Mar 31 17:32:35 ubuntu devstack@keystone.service[81793]: DEBUG keystone.server.flask.request_processing.middleware.auth_context [None req-928a480d-e0ef-4179-bbc4-ee16d835a7dd None None] Authenticating user token {{(pid=81793) process_request /opt/stack/data/venv/lib/python3.10/site-packages/keystonemiddleware/auth_token/__init__.py:407}}
Mar 31 17:32:35 ubuntu devstack@keystone.service[81793]: DEBUG keystone.server.flask.request_processing.middleware.auth_context [None req-928a480d-e0ef-4179-bbc4-ee16d835a7dd None None] Validating token access rules against request {{(pid=81793) validate_allowed_request /opt/stack/data/venv/lib/python3.10/site-packages/keystonemiddleware/auth_token/__init__.py:545}}
Mar 31 17:32:35 ubuntu devstack@keystone.service[81793]: DEBUG keystone.server.flask.request_processing.middleware.auth_context [None req-d4c0186e-e93e-474a-87c5-ef95bf607591 None admin] RBAC: auth_context: {'token': <TokenModel (audit_id=MBnkjYj0RUWNXlgG3cc1ZQ, audit_chain_id=['MBnkjYj0RUWNXlgG3cc1ZQ']) at 0x7f2d5fd9a800>, 'domain_id': None, 'trust_id': None, 'trustor_id': None, 'trustee_id': None, 'domain_name': None, 'group_ids': [], 'user_id': 'dffe8369e4c047e499d48b39fa0f1565', 'user_domain_id': 'default', 'system_scope': 'all', 'project_id': None, 'project_domain_id': None, 'roles': ['admin', 'manager', 'member', 'reader'], 'is_admin_project': True, 'service_user_id': None, 'service_user_domain_id': None, 'service_project_id': None, 'service_project_domain_id': None, 'service_roles': []} {{(pid=81793) fill_context /opt/stack/keystone/keystone/server/flask/request_processing/middleware/auth_context.py:509}}
Mar 31 17:32:35 ubuntu devstack@keystone.service[81793]: DEBUG keystone.server.flask.request_processing.req_logging [None req-d4c0186e-e93e-474a-87c5-ef95bf607591 None admin] REQUEST_METHOD: `GET` {{(pid=81793) log_request_info /opt/stack/keystone/keystone/server/flask/request_processing/req_logging.py:26}}
Mar 31 17:32:35 ubuntu devstack@keystone.service[81793]: DEBUG keystone.server.flask.request_processing.req_logging [None req-d4c0186e-e93e-474a-87c5-ef95bf607591 None admin] SCRIPT_NAME: `/identity` {{(pid=81793) log_request_info /opt/stack/keystone/keystone/server/flask/request_processing/req_logging.py:27}}
Mar 31 17:32:35 ubuntu devstack@keystone.service[81793]: DEBUG keystone.server.flask.request_processing.req_logging [None req-d4c0186e-e93e-474a-87c5-ef95bf607591 None admin] PATH_INFO: `/v3/users/dffe8369e4c047e499d48b39fa0f1565` {{(pid=81793) log_request_info /opt/stack/keystone/keystone/server/flask/request_processing/req_logging.py:28}}
Mar 31 17:32:35 ubuntu devstack@keystone.service[81793]: DEBUG keystone.common.rbac_enforcer.enforcer [None req-d4c0186e-e93e-474a-87c5-ef95bf607591 None admin] RBAC: Authorizing `identity:get_user(user_id=dffe8369e4c047e499d48b39fa0f1565)` {{(pid=81793) enforce_call /opt/stack/keystone/keystone/common/rbac_enforcer/enforcer.py:494}}
Mar 31 17:32:35 ubuntu devstack@keystone.service[81793]: DEBUG keystone.common.rbac_enforcer.enforcer [None req-d4c0186e-e93e-474a-87c5-ef95bf607591 None admin] RBAC: Authorization granted {{(pid=81793) enforce_call /opt/stack/keystone/keystone/common/rbac_enforcer/enforcer.py:505}}
Mar 31 17:32:35 ubuntu devstack@keystone.service[81793]: [pid: 81793|app: 0|req: 19/36] 10.201.5.82 () {56 vars in 1214 bytes} [Tue Mar 31 17:32:35 2026] GET /identity/v3/users/dffe8369e4c047e499d48b39fa0f1565 => generated 247 bytes in 57 msecs (HTTP/1.1 200) 5 headers in 177 bytes (1 switches on core 0)
Mar 31 17:32:35 ubuntu devstack@keystone.service[81794]: DEBUG keystone.server.flask.request_processing.middleware.auth_context [None req-104dbdf1-b0c8-4137-8b4b-26b49457607b None admin] Authenticating user token {{(pid=81794) process_request /opt/stack/data/venv/lib/python3.10/site-packages/keystonemiddleware/auth_token/__init__.py:407}}
Mar 31 17:32:35 ubuntu devstack@keystone.service[81793]: DEBUG keystone.server.flask.request_processing.middleware.auth_context [None req-d4c0186e-e93e-474a-87c5-ef95bf607591 None admin] Authenticating user token {{(pid=81793) process_request /opt/stack/data/venv/lib/python3.10/site-packages/keystonemiddleware/auth_token/__init__.py:407}}
Mar 31 17:32:35 ubuntu devstack@keystone.service[81794]: DEBUG keystone.server.flask.request_processing.middleware.auth_context [None req-104dbdf1-b0c8-4137-8b4b-26b49457607b None admin] Validating token access rules against request {{(pid=81794) validate_allowed_request /opt/stack/data/venv/lib/python3.10/site-packages/keystonemiddleware/auth_token/__init__.py:545}}
Mar 31 17:32:35 ubuntu devstack@keystone.service[81793]: DEBUG keystone.server.flask.request_processing.middleware.auth_context [None req-d4c0186e-e93e-474a-87c5-ef95bf607591 None admin] Validating token access rules against request {{(pid=81793) validate_allowed_request /opt/stack/data/venv/lib/python3.10/site-packages/keystonemiddleware/auth_token/__init__.py:545}}
Mar 31 17:32:35 ubuntu devstack@keystone.service[81794]: DEBUG keystone.server.flask.request_processing.middleware.auth_context [None req-24804e76-e972-43ab-bddf-4b88f3acb596 None admin] RBAC: auth_context: {'token': <TokenModel (audit_id=MBnkjYj0RUWNXlgG3cc1ZQ, audit_chain_id=['MBnkjYj0RUWNXlgG3cc1ZQ']) at 0x7f2d5fc2bfd0>, 'domain_id': None, 'trust_id': None, 'trustor_id': None, 'trustee_id': None, 'domain_name': None, 'group_ids': [], 'user_id': 'dffe8369e4c047e499d48b39fa0f1565', 'user_domain_id': 'default', 'system_scope': 'all', 'project_id': None, 'project_domain_id': None, 'roles': ['admin', 'manager', 'member', 'reader'], 'is_admin_project': True, 'service_user_id': None, 'service_user_domain_id': None, 'service_project_id': None, 'service_project_domain_id': None, 'service_roles': []} {{(pid=81794) fill_context /opt/stack/keystone/keystone/server/flask/request_processing/middleware/auth_context.py:509}}
Mar 31 17:32:35 ubuntu devstack@keystone.service[81794]: DEBUG keystone.server.flask.request_processing.req_logging [None req-24804e76-e972-43ab-bddf-4b88f3acb596 None admin] REQUEST_METHOD: `GET` {{(pid=81794) log_request_info /opt/stack/keystone/keystone/server/flask/request_processing/req_logging.py:26}}
Mar 31 17:32:35 ubuntu devstack@keystone.service[81794]: DEBUG keystone.server.flask.request_processing.req_logging [None req-24804e76-e972-43ab-bddf-4b88f3acb596 None admin] SCRIPT_NAME: `/identity` {{(pid=81794) log_request_info /opt/stack/keystone/keystone/server/flask/request_processing/req_logging.py:27}}
Mar 31 17:32:35 ubuntu devstack@keystone.service[81794]: DEBUG keystone.server.flask.request_processing.req_logging [None req-24804e76-e972-43ab-bddf-4b88f3acb596 None admin] PATH_INFO: `/v3/domains/default` {{(pid=81794) log_request_info /opt/stack/keystone/keystone/server/flask/request_processing/req_logging.py:28}}
Mar 31 17:32:35 ubuntu devstack@keystone.service[81794]: DEBUG keystone.common.rbac_enforcer.enforcer [None req-24804e76-e972-43ab-bddf-4b88f3acb596 None admin] RBAC: Authorizing `identity:get_domain(domain_id=default)` {{(pid=81794) enforce_call /opt/stack/keystone/keystone/common/rbac_enforcer/enforcer.py:494}}
Mar 31 17:32:35 ubuntu devstack@keystone.service[81794]: DEBUG keystone.common.rbac_enforcer.enforcer [None req-24804e76-e972-43ab-bddf-4b88f3acb596 None admin] RBAC: Authorization granted {{(pid=81794) enforce_call /opt/stack/keystone/keystone/common/rbac_enforcer/enforcer.py:505}}
Mar 31 17:32:35 ubuntu devstack@keystone.service[81794]: [pid: 81794|app: 0|req: 18/37] 10.201.5.82 () {56 vars in 1145 bytes} [Tue Mar 31 17:32:35 2026] GET /identity/v3/domains/default => generated 199 bytes in 105 msecs (HTTP/1.1 200) 5 headers in 177 bytes (1 switches on core 0)
Mar 31 17:32:35 ubuntu devstack@keystone.service[81794]: DEBUG keystone.server.flask.request_processing.middleware.auth_context [None req-24804e76-e972-43ab-bddf-4b88f3acb596 None admin] Authenticating user token {{(pid=81794) process_request /opt/stack/data/venv/lib/python3.10/site-packages/keystonemiddleware/auth_token/__init__.py:407}}
Mar 31 17:32:35 ubuntu devstack@keystone.service[81793]: DEBUG keystone.server.flask.request_processing.middleware.auth_context [None req-dfdb5954-a04a-4255-a6ba-8dcf104e82bf None admin] RBAC: auth_context: {'token': <TokenModel (audit_id=vGpFH3dkRcKDay1fsTEQog, audit_chain_id=['vGpFH3dkRcKDay1fsTEQog']) at 0x7f2d5f73fd30>, 'domain_id': None, 'trust_id': None, 'trustor_id': None, 'trustee_id': None, 'domain_name': None, 'group_ids': [], 'user_id': 'dffe8369e4c047e499d48b39fa0f1565', 'user_domain_id': 'default', 'system_scope': 'all', 'project_id': None, 'project_domain_id': None, 'roles': ['admin', 'manager', 'member', 'reader'], 'is_admin_project': True, 'service_user_id': None, 'service_user_domain_id': None, 'service_project_id': None, 'service_project_domain_id': None, 'service_roles': []} {{(pid=81793) fill_context /opt/stack/keystone/keystone/server/flask/request_processing/middleware/auth_context.py:509}}
Mar 31 17:32:35 ubuntu devstack@keystone.service[81793]: DEBUG keystone.server.flask.request_processing.req_logging [None req-dfdb5954-a04a-4255-a6ba-8dcf104e82bf None admin] REQUEST_METHOD: `POST` {{(pid=81793) log_request_info /opt/stack/keystone/keystone/server/flask/request_processing/req_logging.py:26}}
Mar 31 17:32:35 ubuntu devstack@keystone.service[81793]: DEBUG keystone.server.flask.request_processing.req_logging [None req-dfdb5954-a04a-4255-a6ba-8dcf104e82bf None admin] SCRIPT_NAME: `/identity` {{(pid=81793) log_request_info /opt/stack/keystone/keystone/server/flask/request_processing/req_logging.py:27}}
Mar 31 17:32:35 ubuntu devstack@keystone.service[81793]: DEBUG keystone.server.flask.request_processing.req_logging [None req-dfdb5954-a04a-4255-a6ba-8dcf104e82bf None admin] PATH_INFO: `/v3/roles` {{(pid=81793) log_request_info /opt/stack/keystone/keystone/server/flask/request_processing/req_logging.py:28}}
Mar 31 17:32:35 ubuntu devstack@keystone.service[81793]: DEBUG keystone.common.rbac_enforcer.enforcer [None req-dfdb5954-a04a-4255-a6ba-8dcf104e82bf None admin] RBAC: Authorizing `identity:create_role()` {{(pid=81793) enforce_call /opt/stack/keystone/keystone/common/rbac_enforcer/enforcer.py:494}}
Mar 31 17:32:35 ubuntu devstack@keystone.service[81793]: DEBUG keystone.common.rbac_enforcer.enforcer [None req-dfdb5954-a04a-4255-a6ba-8dcf104e82bf None admin] RBAC: Authorization granted {{(pid=81793) enforce_call /opt/stack/keystone/keystone/common/rbac_enforcer/enforcer.py:505}}
Mar 31 17:32:35 ubuntu devstack@keystone.service[81793]: DEBUG keystone.common.sql.core [None req-dfdb5954-a04a-4255-a6ba-8dcf104e82bf None admin] Conflict role: (pymysql.err.IntegrityError) (1062, "Duplicate entry 'service-<<null>>' for key 'role.ixu_role_name_domain_id'")
Mar 31 17:32:35 ubuntu devstack@keystone.service[81793]: [SQL: INSERT INTO `role` (id, name, description, extra) VALUES (%(id)s, %(name)s, %(description)s, %(extra)s)]
Mar 31 17:32:35 ubuntu devstack@keystone.service[81793]: [parameters: {'id': '0b2cd49344744c8298270986e30ad207', 'name': 'service', 'description': None, 'extra': '{}'}]
Mar 31 17:32:35 ubuntu devstack@keystone.service[81793]: (Background on this error at: https://sqlalche.me/e/20/gkpj) {{(pid=81793) wrapper /opt/stack/keystone/keystone/common/sql/core.py:580}}
Mar 31 17:32:35 ubuntu devstack@keystone.service[81793]: ERROR keystone.server.flask.application [None req-dfdb5954-a04a-4255-a6ba-8dcf104e82bf None admin] Conflict occurred attempting to store role - Duplicate entry found with name service.: keystone.exception.Conflict: Conflict occurred attempting to store role - Duplicate entry found with name service.
Mar 31 17:32:35 ubuntu devstack@keystone.service[81793]: ERROR keystone.server.flask.application Traceback (most recent call last):
Mar 31 17:32:35 ubuntu devstack@keystone.service[81793]: ERROR keystone.server.flask.application   File "/opt/stack/data/venv/lib/python3.10/site-packages/sqlalchemy/engine/base.py", line 1967, in _exec_single_context
Mar 31 17:32:35 ubuntu devstack@keystone.service[81793]: ERROR keystone.server.flask.application     self.dialect.do_execute(
Mar 31 17:32:35 ubuntu devstack@keystone.service[81793]: ERROR keystone.server.flask.application   File "/opt/stack/data/venv/lib/python3.10/site-packages/sqlalchemy/engine/default.py", line 952, in do_execute
Mar 31 17:32:35 ubuntu devstack@keystone.service[81793]: ERROR keystone.server.flask.application     cursor.execute(statement, parameters)
Mar 31 17:32:35 ubuntu devstack@keystone.service[81793]: ERROR keystone.server.flask.application   File "/opt/stack/data/venv/lib/python3.10/site-packages/pymysql/cursors.py", line 153, in execute
Mar 31 17:32:35 ubuntu devstack@keystone.service[81793]: ERROR keystone.server.flask.application     result = self._query(query)
Mar 31 17:32:35 ubuntu devstack@keystone.service[81793]: ERROR keystone.server.flask.application   File "/opt/stack/data/venv/lib/python3.10/site-packages/pymysql/cursors.py", line 322, in _query
Mar 31 17:32:35 ubuntu devstack@keystone.service[81793]: ERROR keystone.server.flask.application     conn.query(q)
Mar 31 17:32:35 ubuntu devstack@keystone.service[81793]: ERROR keystone.server.flask.application   File "/opt/stack/data/venv/lib/python3.10/site-packages/pymysql/connections.py", line 575, in query
Mar 31 17:32:35 ubuntu devstack@keystone.service[81793]: ERROR keystone.server.flask.application     self._affected_rows = self._read_query_result(unbuffered=unbuffered)
Mar 31 17:32:35 ubuntu devstack@keystone.service[81793]: ERROR keystone.server.flask.application   File "/opt/stack/data/venv/lib/python3.10/site-packages/pymysql/connections.py", line 826, in _read_query_result
Mar 31 17:32:35 ubuntu devstack@keystone.service[81793]: ERROR keystone.server.flask.application     result.read()
Mar 31 17:32:35 ubuntu devstack@keystone.service[81793]: ERROR keystone.server.flask.application   File "/opt/stack/data/venv/lib/python3.10/site-packages/pymysql/connections.py", line 1203, in read
Mar 31 17:32:35 ubuntu devstack@keystone.service[81793]: ERROR keystone.server.flask.application     first_packet = self.connection._read_packet()
Mar 31 17:32:35 ubuntu devstack@keystone.service[81793]: ERROR keystone.server.flask.application   File "/opt/stack/data/venv/lib/python3.10/site-packages/pymysql/connections.py", line 782, in _read_packet
Mar 31 17:32:35 ubuntu devstack@keystone.service[81793]: ERROR keystone.server.flask.application     packet.raise_for_error()
Mar 31 17:32:35 ubuntu devstack@keystone.service[81793]: ERROR keystone.server.flask.application   File "/opt/stack/data/venv/lib/python3.10/site-packages/pymysql/protocol.py", line 219, in raise_for_error
Mar 31 17:32:35 ubuntu devstack@keystone.service[81793]: ERROR keystone.server.flask.application     err.raise_mysql_exception(self._data)
Mar 31 17:32:35 ubuntu devstack@keystone.service[81793]: ERROR keystone.server.flask.application   File "/opt/stack/data/venv/lib/python3.10/site-packages/pymysql/err.py", line 150, in raise_mysql_exception
Mar 31 17:32:35 ubuntu devstack@keystone.service[81793]: ERROR keystone.server.flask.application     raise errorclass(errno, errval)
Mar 31 17:32:35 ubuntu devstack@keystone.service[81793]: ERROR keystone.server.flask.application pymysql.err.IntegrityError: (1062, "Duplicate entry 'service-<<null>>' for key 'role.ixu_role_name_domain_id'")
Mar 31 17:32:35 ubuntu devstack@keystone.service[81793]: ERROR keystone.server.flask.application 
Mar 31 17:32:35 ubuntu devstack@keystone.service[81793]: ERROR keystone.server.flask.application The above exception was the direct cause of the following exception:
Mar 31 17:32:35 ubuntu devstack@keystone.service[81793]: ERROR keystone.server.flask.application 
Mar 31 17:32:35 ubuntu devstack@keystone.service[81793]: ERROR keystone.server.flask.application Traceback (most recent call last):
Mar 31 17:32:35 ubuntu devstack@keystone.service[81793]: ERROR keystone.server.flask.application   File "/opt/stack/keystone/keystone/common/sql/core.py", line 575, in wrapper
Mar 31 17:32:35 ubuntu devstack@keystone.service[81793]: ERROR keystone.server.flask.application     return method(*args, **kwargs)
Mar 31 17:32:35 ubuntu devstack@keystone.service[81793]: ERROR keystone.server.flask.application   File "/opt/stack/keystone/keystone/assignment/role_backends/sql.py", line 25, in create_role
Mar 31 17:32:35 ubuntu devstack@keystone.service[81793]: ERROR keystone.server.flask.application     with sql.session_for_write() as session:
Mar 31 17:32:35 ubuntu devstack@keystone.service[81793]: ERROR keystone.server.flask.application   File "/usr/lib/python3.10/contextlib.py", line 142, in __exit__
Mar 31 17:32:35 ubuntu devstack@keystone.service[81793]: ERROR keystone.server.flask.application     next(self.gen)
Mar 31 17:32:35 ubuntu devstack@keystone.service[81793]: ERROR keystone.server.flask.application   File "/opt/stack/data/venv/lib/python3.10/site-packages/oslo_db/sqlalchemy/enginefacade.py", line 1175, in _transaction_scope
Mar 31 17:32:35 ubuntu devstack@keystone.service[81793]: ERROR keystone.server.flask.application     with current._produce_block(
Mar 31 17:32:35 ubuntu devstack@keystone.service[81793]: ERROR keystone.server.flask.application   File "/usr/lib/python3.10/contextlib.py", line 142, in __exit__
Mar 31 17:32:35 ubuntu devstack@keystone.service[81793]: ERROR keystone.server.flask.application     next(self.gen)
Mar 31 17:32:35 ubuntu devstack@keystone.service[81793]: ERROR keystone.server.flask.application   File "/opt/stack/data/venv/lib/python3.10/site-packages/oslo_db/sqlalchemy/enginefacade.py", line 837, in _session
Mar 31 17:32:35 ubuntu devstack@keystone.service[81793]: ERROR keystone.server.flask.application     with excutils.save_and_reraise_exception():
Mar 31 17:32:35 ubuntu devstack@keystone.service[81793]: ERROR keystone.server.flask.application   File "/opt/stack/data/venv/lib/python3.10/site-packages/oslo_utils/excutils.py", line 267, in __exit__
Mar 31 17:32:35 ubuntu devstack@keystone.service[81793]: ERROR keystone.server.flask.application     self.force_reraise()
Mar 31 17:32:35 ubuntu devstack@keystone.service[81793]: ERROR keystone.server.flask.application   File "/opt/stack/data/venv/lib/python3.10/site-packages/oslo_utils/excutils.py", line 233, in force_reraise
Mar 31 17:32:35 ubuntu devstack@keystone.service[81793]: ERROR keystone.server.flask.application     raise self.value
Mar 31 17:32:35 ubuntu devstack@keystone.service[81793]: ERROR keystone.server.flask.application   File "/opt/stack/data/venv/lib/python3.10/site-packages/oslo_db/sqlalchemy/enginefacade.py", line 835, in _session
Mar 31 17:32:35 ubuntu devstack@keystone.service[81793]: ERROR keystone.server.flask.application     self._end_session_transaction(self.session)
