Mar 05 07:08:10 ubuntu devstack@keystone.service[81678]: [pid: 81678|app: 0|req: 11/23] 10.201.5.82 () {54 vars in 920 bytes} [Thu Mar  5 07:08:10 2026] GET /identity => generated 270 bytes in 2 msecs (HTTP/1.1 300) 6 headers in 234 bytes (1 switches on core 0)
Mar 05 07:08:10 ubuntu devstack@keystone.service[81679]: DEBUG keystone.server.flask.request_processing.req_logging [None req-723645e0-e428-4619-b026-7580253543c1 None None] REQUEST_METHOD: `POST` {{(pid=81679) log_request_info /opt/stack/keystone/keystone/server/flask/request_processing/req_logging.py:26}}
Mar 05 07:08:10 ubuntu devstack@keystone.service[81679]: DEBUG keystone.server.flask.request_processing.req_logging [None req-723645e0-e428-4619-b026-7580253543c1 None None] SCRIPT_NAME: `/identity` {{(pid=81679) log_request_info /opt/stack/keystone/keystone/server/flask/request_processing/req_logging.py:27}}
Mar 05 07:08:10 ubuntu devstack@keystone.service[81679]: DEBUG keystone.server.flask.request_processing.req_logging [None req-723645e0-e428-4619-b026-7580253543c1 None None] PATH_INFO: `/v3/auth/tokens` {{(pid=81679) log_request_info /opt/stack/keystone/keystone/server/flask/request_processing/req_logging.py:28}}
Mar 05 07:08:10 ubuntu devstack@keystone.service[81679]: WARNING keystone.common.password_hashing [None req-723645e0-e428-4619-b026-7580253543c1 None None] Truncating password to algorithm specific maximum length 72 characters.
Mar 05 07:08:10 ubuntu devstack@keystone.service[81679]: DEBUG keystone.auth.core [None req-723645e0-e428-4619-b026-7580253543c1 None None] MFA Rules not processed for user `b84364afd15c4dd1a85ec64d2bc67bd0`. Rule list: `[]` (Enabled: `True`). {{(pid=81679) check_auth_methods_against_rules /opt/stack/keystone/keystone/auth/core.py:476}}
Mar 05 07:08:10 ubuntu devstack@keystone.service[81679]: DEBUG keystone.common.fernet_utils [None req-723645e0-e428-4619-b026-7580253543c1 None None] Loaded 2 Fernet keys from /etc/keystone/fernet-keys/, but `[fernet_tokens] max_active_keys = 3`; perhaps there have not been enough key rotations to reach `max_active_keys` yet? {{(pid=81679) load_keys /opt/stack/keystone/keystone/common/fernet_utils.py:297}}
Mar 05 07:08:10 ubuntu devstack@keystone.service[81679]: [pid: 81679|app: 0|req: 13/24] 10.201.5.82 () {58 vars in 1017 bytes} [Thu Mar  5 07:08:10 2026] POST /identity/v3/auth/tokens => generated 862 bytes in 169 msecs (HTTP/1.1 201) 6 headers in 363 bytes (1 switches on core 0)
Mar 05 07:08:10 ubuntu devstack@keystone.service[81678]: DEBUG keystone.server.flask.request_processing.req_logging [None req-8719bcd7-a9d1-4322-b415-12f75afe425f None None] REQUEST_METHOD: `GET` {{(pid=81678) log_request_info /opt/stack/keystone/keystone/server/flask/request_processing/req_logging.py:26}}
Mar 05 07:08:10 ubuntu devstack@keystone.service[81678]: DEBUG keystone.server.flask.request_processing.req_logging [None req-8719bcd7-a9d1-4322-b415-12f75afe425f None None] SCRIPT_NAME: `/identity` {{(pid=81678) log_request_info /opt/stack/keystone/keystone/server/flask/request_processing/req_logging.py:27}}
Mar 05 07:08:10 ubuntu devstack@keystone.service[81678]: DEBUG keystone.server.flask.request_processing.req_logging [None req-8719bcd7-a9d1-4322-b415-12f75afe425f None None] PATH_INFO: `/` {{(pid=81678) log_request_info /opt/stack/keystone/keystone/server/flask/request_processing/req_logging.py:28}}
Mar 05 07:08:10 ubuntu devstack@keystone.service[81678]: [pid: 81678|app: 0|req: 12/25] 10.201.5.82 () {54 vars in 920 bytes} [Thu Mar  5 07:08:10 2026] GET /identity => generated 270 bytes in 2 msecs (HTTP/1.1 300) 6 headers in 234 bytes (1 switches on core 0)
Mar 05 07:08:10 ubuntu devstack@keystone.service[81679]: DEBUG keystone.server.flask.request_processing.req_logging [None req-b8188697-b3d5-479e-a99d-852217b5b18d None None] REQUEST_METHOD: `POST` {{(pid=81679) log_request_info /opt/stack/keystone/keystone/server/flask/request_processing/req_logging.py:26}}
Mar 05 07:08:10 ubuntu devstack@keystone.service[81679]: DEBUG keystone.server.flask.request_processing.req_logging [None req-b8188697-b3d5-479e-a99d-852217b5b18d None None] SCRIPT_NAME: `/identity` {{(pid=81679) log_request_info /opt/stack/keystone/keystone/server/flask/request_processing/req_logging.py:27}}
Mar 05 07:08:10 ubuntu devstack@keystone.service[81679]: DEBUG keystone.server.flask.request_processing.req_logging [None req-b8188697-b3d5-479e-a99d-852217b5b18d None None] PATH_INFO: `/v3/auth/tokens` {{(pid=81679) log_request_info /opt/stack/keystone/keystone/server/flask/request_processing/req_logging.py:28}}
Mar 05 07:08:10 ubuntu devstack@keystone.service[81679]: WARNING keystone.common.password_hashing [None req-b8188697-b3d5-479e-a99d-852217b5b18d None None] Truncating password to algorithm specific maximum length 72 characters.
Mar 05 07:08:10 ubuntu devstack@keystone.service[81679]: DEBUG keystone.auth.core [None req-b8188697-b3d5-479e-a99d-852217b5b18d None None] MFA Rules not processed for user `b84364afd15c4dd1a85ec64d2bc67bd0`. Rule list: `[]` (Enabled: `True`). {{(pid=81679) check_auth_methods_against_rules /opt/stack/keystone/keystone/auth/core.py:476}}
Mar 05 07:08:10 ubuntu devstack@keystone.service[81679]: DEBUG keystone.common.fernet_utils [None req-b8188697-b3d5-479e-a99d-852217b5b18d None None] Loaded 2 Fernet keys from /etc/keystone/fernet-keys/, but `[fernet_tokens] max_active_keys = 3`; perhaps there have not been enough key rotations to reach `max_active_keys` yet? {{(pid=81679) load_keys /opt/stack/keystone/keystone/common/fernet_utils.py:297}}
Mar 05 07:08:10 ubuntu devstack@keystone.service[81679]: [pid: 81679|app: 0|req: 14/26] 10.201.5.82 () {58 vars in 1017 bytes} [Thu Mar  5 07:08:10 2026] POST /identity/v3/auth/tokens => generated 862 bytes in 50 msecs (HTTP/1.1 201) 6 headers in 363 bytes (1 switches on core 0)
Mar 05 07:08:10 ubuntu devstack@keystone.service[81678]: DEBUG keystone.server.flask.request_processing.middleware.auth_context [None req-8719bcd7-a9d1-4322-b415-12f75afe425f None None] Authenticating user token {{(pid=81678) process_request /opt/stack/data/venv/lib/python3.10/site-packages/keystonemiddleware/auth_token/__init__.py:407}}
Mar 05 07:08:10 ubuntu devstack@keystone.service[81678]: DEBUG keystone.server.flask.request_processing.middleware.auth_context [None req-8719bcd7-a9d1-4322-b415-12f75afe425f None None] Validating token access rules against request {{(pid=81678) validate_allowed_request /opt/stack/data/venv/lib/python3.10/site-packages/keystonemiddleware/auth_token/__init__.py:545}}
Mar 05 07:08:10 ubuntu devstack@keystone.service[81678]: DEBUG keystone.server.flask.request_processing.middleware.auth_context [None req-ba6d59e6-556f-4aa0-868a-cd48f06c6ba6 None admin] RBAC: auth_context: {'token': <TokenModel (audit_id=P8-cJqioRMKsmd_5NGK-Mg, audit_chain_id=['P8-cJqioRMKsmd_5NGK-Mg']) at 0x7f77790b48e0>, 'domain_id': None, 'trust_id': None, 'trustor_id': None, 'trustee_id': None, 'domain_name': None, 'group_ids': [], 'user_id': 'b84364afd15c4dd1a85ec64d2bc67bd0', 'user_domain_id': 'default', 'system_scope': 'all', 'project_id': None, 'project_domain_id': None, 'roles': ['admin', 'manager', 'member', 'reader'], 'is_admin_project': True, 'service_user_id': None, 'service_user_domain_id': None, 'service_project_id': None, 'service_project_domain_id': None, 'service_roles': []} {{(pid=81678) fill_context /opt/stack/keystone/keystone/server/flask/request_processing/middleware/auth_context.py:509}}
Mar 05 07:08:10 ubuntu devstack@keystone.service[81678]: DEBUG keystone.server.flask.request_processing.req_logging [None req-ba6d59e6-556f-4aa0-868a-cd48f06c6ba6 None admin] REQUEST_METHOD: `GET` {{(pid=81678) log_request_info /opt/stack/keystone/keystone/server/flask/request_processing/req_logging.py:26}}
Mar 05 07:08:10 ubuntu devstack@keystone.service[81678]: DEBUG keystone.server.flask.request_processing.req_logging [None req-ba6d59e6-556f-4aa0-868a-cd48f06c6ba6 None admin] SCRIPT_NAME: `/identity` {{(pid=81678) log_request_info /opt/stack/keystone/keystone/server/flask/request_processing/req_logging.py:27}}
Mar 05 07:08:10 ubuntu devstack@keystone.service[81678]: DEBUG keystone.server.flask.request_processing.req_logging [None req-ba6d59e6-556f-4aa0-868a-cd48f06c6ba6 None admin] PATH_INFO: `/v3/roles/admin` {{(pid=81678) log_request_info /opt/stack/keystone/keystone/server/flask/request_processing/req_logging.py:28}}
Mar 05 07:08:10 ubuntu devstack@keystone.service[81678]: DEBUG keystone.common.rbac_enforcer.enforcer [None req-ba6d59e6-556f-4aa0-868a-cd48f06c6ba6 None admin] Extracting inferred target data resulted in "NOT FOUND (404)". {{(pid=81678) enforce_call /opt/stack/keystone/keystone/common/rbac_enforcer/enforcer.py:445}}
Mar 05 07:08:10 ubuntu devstack@keystone.service[81678]: DEBUG keystone.server.flask.application [None req-ba6d59e6-556f-4aa0-868a-cd48f06c6ba6 None admin] Could not find role: admin. {{(pid=81678) _handle_keystone_exception /opt/stack/keystone/keystone/server/flask/application.py:146}}
Mar 05 07:08:10 ubuntu devstack@keystone.service[81678]: [pid: 81678|app: 0|req: 13/27] 10.201.5.82 () {56 vars in 1133 bytes} [Thu Mar  5 07:08:10 2026] GET /identity/v3/roles/admin => generated 83 bytes in 71 msecs (HTTP/1.1 404) 5 headers in 183 bytes (1 switches on core 0)
Mar 05 07:08:10 ubuntu devstack@keystone.service[81679]: DEBUG keystone.server.flask.request_processing.middleware.auth_context [None req-b8188697-b3d5-479e-a99d-852217b5b18d None None] Authenticating user token {{(pid=81679) process_request /opt/stack/data/venv/lib/python3.10/site-packages/keystonemiddleware/auth_token/__init__.py:407}}
Mar 05 07:08:10 ubuntu devstack@keystone.service[81679]: DEBUG keystone.server.flask.request_processing.middleware.auth_context [None req-b8188697-b3d5-479e-a99d-852217b5b18d None None] Validating token access rules against request {{(pid=81679) validate_allowed_request /opt/stack/data/venv/lib/python3.10/site-packages/keystonemiddleware/auth_token/__init__.py:545}}
Mar 05 07:08:10 ubuntu devstack@keystone.service[81679]: DEBUG keystone.server.flask.request_processing.middleware.auth_context [None req-1835920e-57c7-4466-ac91-b7f938e86bce None admin] RBAC: auth_context: {'token': <TokenModel (audit_id=P8-cJqioRMKsmd_5NGK-Mg, audit_chain_id=['P8-cJqioRMKsmd_5NGK-Mg']) at 0x7f777a05b1c0>, 'domain_id': None, 'trust_id': None, 'trustor_id': None, 'trustee_id': None, 'domain_name': None, 'group_ids': [], 'user_id': 'b84364afd15c4dd1a85ec64d2bc67bd0', 'user_domain_id': 'default', 'system_scope': 'all', 'project_id': None, 'project_domain_id': None, 'roles': ['admin', 'manager', 'member', 'reader'], 'is_admin_project': True, 'service_user_id': None, 'service_user_domain_id': None, 'service_project_id': None, 'service_project_domain_id': None, 'service_roles': []} {{(pid=81679) fill_context /opt/stack/keystone/keystone/server/flask/request_processing/middleware/auth_context.py:509}}
Mar 05 07:08:10 ubuntu devstack@keystone.service[81679]: DEBUG keystone.server.flask.request_processing.req_logging [None req-1835920e-57c7-4466-ac91-b7f938e86bce None admin] REQUEST_METHOD: `GET` {{(pid=81679) log_request_info /opt/stack/keystone/keystone/server/flask/request_processing/req_logging.py:26}}
Mar 05 07:08:10 ubuntu devstack@keystone.service[81679]: DEBUG keystone.server.flask.request_processing.req_logging [None req-1835920e-57c7-4466-ac91-b7f938e86bce None admin] SCRIPT_NAME: `/identity` {{(pid=81679) log_request_info /opt/stack/keystone/keystone/server/flask/request_processing/req_logging.py:27}}
Mar 05 07:08:10 ubuntu devstack@keystone.service[81679]: DEBUG keystone.server.flask.request_processing.req_logging [None req-1835920e-57c7-4466-ac91-b7f938e86bce None admin] PATH_INFO: `/v3/roles` {{(pid=81679) log_request_info /opt/stack/keystone/keystone/server/flask/request_processing/req_logging.py:28}}
Mar 05 07:08:10 ubuntu devstack@keystone.service[81679]: DEBUG keystone.common.rbac_enforcer.enforcer [None req-1835920e-57c7-4466-ac91-b7f938e86bce None admin] RBAC: Adding query filter params (name=admin) {{(pid=81679) _extract_filter_values /opt/stack/keystone/keystone/common/rbac_enforcer/enforcer.py:176}}
Mar 05 07:08:10 ubuntu devstack@keystone.service[81679]: DEBUG keystone.common.rbac_enforcer.enforcer [None req-1835920e-57c7-4466-ac91-b7f938e86bce None admin] RBAC: Authorizing `identity:list_roles()` {{(pid=81679) enforce_call /opt/stack/keystone/keystone/common/rbac_enforcer/enforcer.py:494}}
Mar 05 07:08:10 ubuntu devstack@keystone.service[81679]: DEBUG keystone.common.rbac_enforcer.enforcer [None req-1835920e-57c7-4466-ac91-b7f938e86bce None admin] RBAC: Authorization granted {{(pid=81679) enforce_call /opt/stack/keystone/keystone/common/rbac_enforcer/enforcer.py:505}}
Mar 05 07:08:10 ubuntu devstack@keystone.service[81678]: DEBUG keystone.server.flask.request_processing.middleware.auth_context [None req-ba6d59e6-556f-4aa0-868a-cd48f06c6ba6 None admin] Authenticating user token {{(pid=81678) process_request /opt/stack/data/venv/lib/python3.10/site-packages/keystonemiddleware/auth_token/__init__.py:407}}
Mar 05 07:08:10 ubuntu devstack@keystone.service[81679]: [pid: 81679|app: 0|req: 15/28] 10.201.5.82 () {56 vars in 1149 bytes} [Thu Mar  5 07:08:10 2026] GET /identity/v3/roles?name=admin => generated 339 bytes in 92 msecs (HTTP/1.1 200) 5 headers in 177 bytes (1 switches on core 0)
Mar 05 07:08:10 ubuntu devstack@keystone.service[81679]: DEBUG keystone.server.flask.request_processing.middleware.auth_context [None req-1835920e-57c7-4466-ac91-b7f938e86bce None admin] Authenticating user token {{(pid=81679) process_request /opt/stack/data/venv/lib/python3.10/site-packages/keystonemiddleware/auth_token/__init__.py:407}}
Mar 05 07:08:10 ubuntu devstack@keystone.service[81678]: DEBUG keystone.server.flask.request_processing.middleware.auth_context [None req-ba6d59e6-556f-4aa0-868a-cd48f06c6ba6 None admin] Validating token access rules against request {{(pid=81678) validate_allowed_request /opt/stack/data/venv/lib/python3.10/site-packages/keystonemiddleware/auth_token/__init__.py:545}}
Mar 05 07:08:10 ubuntu devstack@keystone.service[81679]: DEBUG keystone.server.flask.request_processing.middleware.auth_context [None req-1835920e-57c7-4466-ac91-b7f938e86bce None admin] Validating token access rules against request {{(pid=81679) validate_allowed_request /opt/stack/data/venv/lib/python3.10/site-packages/keystonemiddleware/auth_token/__init__.py:545}}
Mar 05 07:08:10 ubuntu devstack@keystone.service[81678]: DEBUG keystone.server.flask.request_processing.middleware.auth_context [None req-bd2967d1-8195-4b28-9168-9e209c5cb46a None admin] RBAC: auth_context: {'token': <TokenModel (audit_id=Oq49LEVETCSpsqFhH9_hEA, audit_chain_id=['Oq49LEVETCSpsqFhH9_hEA']) at 0x7f7779414af0>, 'domain_id': None, 'trust_id': None, 'trustor_id': None, 'trustee_id': None, 'domain_name': None, 'group_ids': [], 'user_id': 'b84364afd15c4dd1a85ec64d2bc67bd0', 'user_domain_id': 'default', 'system_scope': 'all', 'project_id': None, 'project_domain_id': None, 'roles': ['admin', 'manager', 'member', 'reader'], 'is_admin_project': True, 'service_user_id': None, 'service_user_domain_id': None, 'service_project_id': None, 'service_project_domain_id': None, 'service_roles': []} {{(pid=81678) fill_context /opt/stack/keystone/keystone/server/flask/request_processing/middleware/auth_context.py:509}}
Mar 05 07:08:10 ubuntu devstack@keystone.service[81678]: DEBUG keystone.server.flask.request_processing.req_logging [None req-bd2967d1-8195-4b28-9168-9e209c5cb46a None admin] REQUEST_METHOD: `GET` {{(pid=81678) log_request_info /opt/stack/keystone/keystone/server/flask/request_processing/req_logging.py:26}}
Mar 05 07:08:10 ubuntu devstack@keystone.service[81678]: DEBUG keystone.server.flask.request_processing.req_logging [None req-bd2967d1-8195-4b28-9168-9e209c5cb46a None admin] SCRIPT_NAME: `/identity` {{(pid=81678) log_request_info /opt/stack/keystone/keystone/server/flask/request_processing/req_logging.py:27}}
Mar 05 07:08:10 ubuntu devstack@keystone.service[81678]: DEBUG keystone.server.flask.request_processing.req_logging [None req-bd2967d1-8195-4b28-9168-9e209c5cb46a None admin] PATH_INFO: `/v3/domains/Default` {{(pid=81678) log_request_info /opt/stack/keystone/keystone/server/flask/request_processing/req_logging.py:28}}
Mar 05 07:08:10 ubuntu devstack@keystone.service[81678]: DEBUG keystone.common.rbac_enforcer.enforcer [None req-bd2967d1-8195-4b28-9168-9e209c5cb46a None admin] RBAC: Authorizing `identity:get_domain(domain_id=Default)` {{(pid=81678) enforce_call /opt/stack/keystone/keystone/common/rbac_enforcer/enforcer.py:494}}
Mar 05 07:08:10 ubuntu devstack@keystone.service[81678]: DEBUG keystone.common.rbac_enforcer.enforcer [None req-bd2967d1-8195-4b28-9168-9e209c5cb46a None admin] RBAC: Authorization granted {{(pid=81678) enforce_call /opt/stack/keystone/keystone/common/rbac_enforcer/enforcer.py:505}}
Mar 05 07:08:10 ubuntu devstack@keystone.service[81679]: DEBUG keystone.server.flask.request_processing.middleware.auth_context [None req-9e99b7b7-214d-4c94-bbee-cdf63d9b457f None admin] RBAC: auth_context: {'token': <TokenModel (audit_id=P8-cJqioRMKsmd_5NGK-Mg, audit_chain_id=['P8-cJqioRMKsmd_5NGK-Mg']) at 0x7f7779d54f70>, 'domain_id': None, 'trust_id': None, 'trustor_id': None, 'trustee_id': None, 'domain_name': None, 'group_ids': [], 'user_id': 'b84364afd15c4dd1a85ec64d2bc67bd0', 'user_domain_id': 'default', 'system_scope': 'all', 'project_id': None, 'project_domain_id': None, 'roles': ['admin', 'manager', 'member', 'reader'], 'is_admin_project': True, 'service_user_id': None, 'service_user_domain_id': None, 'service_project_id': None, 'service_project_domain_id': None, 'service_roles': []} {{(pid=81679) fill_context /opt/stack/keystone/keystone/server/flask/request_processing/middleware/auth_context.py:509}}
Mar 05 07:08:10 ubuntu devstack@keystone.service[81679]: DEBUG keystone.server.flask.request_processing.req_logging [None req-9e99b7b7-214d-4c94-bbee-cdf63d9b457f None admin] REQUEST_METHOD: `GET` {{(pid=81679) log_request_info /opt/stack/keystone/keystone/server/flask/request_processing/req_logging.py:26}}
Mar 05 07:08:10 ubuntu devstack@keystone.service[81679]: DEBUG keystone.server.flask.request_processing.req_logging [None req-9e99b7b7-214d-4c94-bbee-cdf63d9b457f None admin] SCRIPT_NAME: `/identity` {{(pid=81679) log_request_info /opt/stack/keystone/keystone/server/flask/request_processing/req_logging.py:27}}
Mar 05 07:08:10 ubuntu devstack@keystone.service[81679]: DEBUG keystone.server.flask.request_processing.req_logging [None req-9e99b7b7-214d-4c94-bbee-cdf63d9b457f None admin] PATH_INFO: `/v3/users/b84364afd15c4dd1a85ec64d2bc67bd0` {{(pid=81679) log_request_info /opt/stack/keystone/keystone/server/flask/request_processing/req_logging.py:28}}
Mar 05 07:08:10 ubuntu devstack@keystone.service[81679]: DEBUG keystone.common.rbac_enforcer.enforcer [None req-9e99b7b7-214d-4c94-bbee-cdf63d9b457f None admin] RBAC: Authorizing `identity:get_user(user_id=b84364afd15c4dd1a85ec64d2bc67bd0)` {{(pid=81679) enforce_call /opt/stack/keystone/keystone/common/rbac_enforcer/enforcer.py:494}}
Mar 05 07:08:10 ubuntu devstack@keystone.service[81679]: DEBUG keystone.common.rbac_enforcer.enforcer [None req-9e99b7b7-214d-4c94-bbee-cdf63d9b457f None admin] RBAC: Authorization granted {{(pid=81679) enforce_call /opt/stack/keystone/keystone/common/rbac_enforcer/enforcer.py:505}}
Mar 05 07:08:10 ubuntu devstack@keystone.service[81679]: [pid: 81679|app: 0|req: 16/29] 10.201.5.82 () {56 vars in 1214 bytes} [Thu Mar  5 07:08:10 2026] GET /identity/v3/users/b84364afd15c4dd1a85ec64d2bc67bd0 => generated 247 bytes in 113 msecs (HTTP/1.1 200) 5 headers in 177 bytes (1 switches on core 0)
Mar 05 07:08:10 ubuntu devstack@keystone.service[81678]: DEBUG keystone.server.flask.application [None req-bd2967d1-8195-4b28-9168-9e209c5cb46a None admin] Could not find domain: Default. {{(pid=81678) _handle_keystone_exception /opt/stack/keystone/keystone/server/flask/application.py:146}}
Mar 05 07:08:10 ubuntu devstack@keystone.service[81678]: [pid: 81678|app: 0|req: 14/30] 10.201.5.82 () {56 vars in 1145 bytes} [Thu Mar  5 07:08:10 2026] GET /identity/v3/domains/Default => generated 87 bytes in 131 msecs (HTTP/1.1 404) 5 headers in 183 bytes (1 switches on core 0)
Mar 05 07:08:10 ubuntu devstack@keystone.service[81679]: DEBUG keystone.server.flask.request_processing.middleware.auth_context [None req-9e99b7b7-214d-4c94-bbee-cdf63d9b457f None admin] Authenticating user token {{(pid=81679) process_request /opt/stack/data/venv/lib/python3.10/site-packages/keystonemiddleware/auth_token/__init__.py:407}}
Mar 05 07:08:10 ubuntu devstack@keystone.service[81678]: DEBUG keystone.server.flask.request_processing.middleware.auth_context [None req-bd2967d1-8195-4b28-9168-9e209c5cb46a None admin] Authenticating user token {{(pid=81678) process_request /opt/stack/data/venv/lib/python3.10/site-packages/keystonemiddleware/auth_token/__init__.py:407}}
Mar 05 07:08:10 ubuntu devstack@keystone.service[81678]: DEBUG keystone.server.flask.request_processing.middleware.auth_context [None req-bd2967d1-8195-4b28-9168-9e209c5cb46a None admin] Validating token access rules against request {{(pid=81678) validate_allowed_request /opt/stack/data/venv/lib/python3.10/site-packages/keystonemiddleware/auth_token/__init__.py:545}}
Mar 05 07:08:10 ubuntu devstack@keystone.service[81678]: DEBUG keystone.server.flask.request_processing.middleware.auth_context [None req-53f9343a-cdb4-404d-a12b-627f0c0086d0 None admin] RBAC: auth_context: {'token': <TokenModel (audit_id=Oq49LEVETCSpsqFhH9_hEA, audit_chain_id=['Oq49LEVETCSpsqFhH9_hEA']) at 0x7f7779369ea0>, 'domain_id': None, 'trust_id': None, 'trustor_id': None, 'trustee_id': None, 'domain_name': None, 'group_ids': [], 'user_id': 'b84364afd15c4dd1a85ec64d2bc67bd0', 'user_domain_id': 'default', 'system_scope': 'all', 'project_id': None, 'project_domain_id': None, 'roles': ['admin', 'manager', 'member', 'reader'], 'is_admin_project': True, 'service_user_id': None, 'service_user_domain_id': None, 'service_project_id': None, 'service_project_domain_id': None, 'service_roles': []} {{(pid=81678) fill_context /opt/stack/keystone/keystone/server/flask/request_processing/middleware/auth_context.py:509}}
Mar 05 07:08:10 ubuntu devstack@keystone.service[81678]: DEBUG keystone.server.flask.request_processing.req_logging [None req-53f9343a-cdb4-404d-a12b-627f0c0086d0 None admin] REQUEST_METHOD: `GET` {{(pid=81678) log_request_info /opt/stack/keystone/keystone/server/flask/request_processing/req_logging.py:26}}
Mar 05 07:08:10 ubuntu devstack@keystone.service[81678]: DEBUG keystone.server.flask.request_processing.req_logging [None req-53f9343a-cdb4-404d-a12b-627f0c0086d0 None admin] SCRIPT_NAME: `/identity` {{(pid=81678) log_request_info /opt/stack/keystone/keystone/server/flask/request_processing/req_logging.py:27}}
Mar 05 07:08:10 ubuntu devstack@keystone.service[81678]: DEBUG keystone.server.flask.request_processing.req_logging [None req-53f9343a-cdb4-404d-a12b-627f0c0086d0 None admin] PATH_INFO: `/v3/domains` {{(pid=81678) log_request_info /opt/stack/keystone/keystone/server/flask/request_processing/req_logging.py:28}}
Mar 05 07:08:10 ubuntu devstack@keystone.service[81678]: DEBUG keystone.common.rbac_enforcer.enforcer [None req-53f9343a-cdb4-404d-a12b-627f0c0086d0 None admin] RBAC: Adding query filter params (name=Default) {{(pid=81678) _extract_filter_values /opt/stack/keystone/keystone/common/rbac_enforcer/enforcer.py:176}}
Mar 05 07:08:10 ubuntu devstack@keystone.service[81678]: DEBUG keystone.common.rbac_enforcer.enforcer [None req-53f9343a-cdb4-404d-a12b-627f0c0086d0 None admin] RBAC: Authorizing `identity:list_domains()` {{(pid=81678) enforce_call /opt/stack/keystone/keystone/common/rbac_enforcer/enforcer.py:494}}
Mar 05 07:08:10 ubuntu devstack@keystone.service[81678]: DEBUG keystone.common.rbac_enforcer.enforcer [None req-53f9343a-cdb4-404d-a12b-627f0c0086d0 None admin] RBAC: Authorization granted {{(pid=81678) enforce_call /opt/stack/keystone/keystone/common/rbac_enforcer/enforcer.py:505}}
Mar 05 07:08:10 ubuntu devstack@keystone.service[81678]: [pid: 81678|app: 0|req: 15/31] 10.201.5.82 () {56 vars in 1159 bytes} [Thu Mar  5 07:08:10 2026] GET /identity/v3/domains?name=Default => generated 308 bytes in 67 msecs (HTTP/1.1 200) 5 headers in 177 bytes (1 switches on core 0)
Mar 05 07:08:10 ubuntu devstack@keystone.service[81679]: DEBUG keystone.server.flask.request_processing.middleware.auth_context [None req-9e99b7b7-214d-4c94-bbee-cdf63d9b457f None admin] Validating token access rules against request {{(pid=81679) validate_allowed_request /opt/stack/data/venv/lib/python3.10/site-packages/keystonemiddleware/auth_token/__init__.py:545}}
Mar 05 07:08:10 ubuntu devstack@keystone.service[81678]: DEBUG keystone.server.flask.request_processing.req_logging [None req-84efc381-3501-4524-b7ec-d8391977f8e4 None None] REQUEST_METHOD: `GET` {{(pid=81678) log_request_info /opt/stack/keystone/keystone/server/flask/request_processing/req_logging.py:26}}
Mar 05 07:08:10 ubuntu devstack@keystone.service[81678]: DEBUG keystone.server.flask.request_processing.req_logging [None req-84efc381-3501-4524-b7ec-d8391977f8e4 None None] SCRIPT_NAME: `/identity` {{(pid=81678) log_request_info /opt/stack/keystone/keystone/server/flask/request_processing/req_logging.py:27}}
Mar 05 07:08:10 ubuntu devstack@keystone.service[81678]: DEBUG keystone.server.flask.request_processing.req_logging [None req-84efc381-3501-4524-b7ec-d8391977f8e4 None None] PATH_INFO: `/` {{(pid=81678) log_request_info /opt/stack/keystone/keystone/server/flask/request_processing/req_logging.py:28}}
Mar 05 07:08:10 ubuntu devstack@keystone.service[81678]: [pid: 81678|app: 0|req: 16/32] 10.201.5.82 () {54 vars in 920 bytes} [Thu Mar  5 07:08:10 2026] GET /identity => generated 270 bytes in 1 msecs (HTTP/1.1 300) 6 headers in 234 bytes (1 switches on core 0)
Mar 05 07:08:10 ubuntu devstack@keystone.service[81678]: DEBUG keystone.server.flask.request_processing.req_logging [None req-f091a504-3aa9-4845-9ce3-a7d2885b7ac6 None None] REQUEST_METHOD: `GET` {{(pid=81678) log_request_info /opt/stack/keystone/keystone/server/flask/request_processing/req_logging.py:26}}
Mar 05 07:08:10 ubuntu devstack@keystone.service[81678]: DEBUG keystone.server.flask.request_processing.req_logging [None req-f091a504-3aa9-4845-9ce3-a7d2885b7ac6 None None] SCRIPT_NAME: `/identity` {{(pid=81678) log_request_info /opt/stack/keystone/keystone/server/flask/request_processing/req_logging.py:27}}
Mar 05 07:08:10 ubuntu devstack@keystone.service[81678]: DEBUG keystone.server.flask.request_processing.req_logging [None req-f091a504-3aa9-4845-9ce3-a7d2885b7ac6 None None] PATH_INFO: `/` {{(pid=81678) log_request_info /opt/stack/keystone/keystone/server/flask/request_processing/req_logging.py:28}}
Mar 05 07:08:10 ubuntu devstack@keystone.service[81678]: [pid: 81678|app: 0|req: 17/33] 10.201.5.82 () {54 vars in 920 bytes} [Thu Mar  5 07:08:10 2026] GET /identity => generated 270 bytes in 1 msecs (HTTP/1.1 300) 6 headers in 234 bytes (1 switches on core 0)
Mar 05 07:08:10 ubuntu devstack@keystone.service[81678]: DEBUG keystone.server.flask.request_processing.middleware.auth_context [None req-f091a504-3aa9-4845-9ce3-a7d2885b7ac6 None None] Authenticating user token {{(pid=81678) process_request /opt/stack/data/venv/lib/python3.10/site-packages/keystonemiddleware/auth_token/__init__.py:407}}
Mar 05 07:08:10 ubuntu devstack@keystone.service[81679]: DEBUG keystone.server.flask.request_processing.middleware.auth_context [None req-be81e8db-29e6-4632-a382-b2f53de8b062 None admin] RBAC: auth_context: {'token': <TokenModel (audit_id=P8-cJqioRMKsmd_5NGK-Mg, audit_chain_id=['P8-cJqioRMKsmd_5NGK-Mg']) at 0x7f77793ce2f0>, 'domain_id': None, 'trust_id': None, 'trustor_id': None, 'trustee_id': None, 'domain_name': None, 'group_ids': [], 'user_id': 'b84364afd15c4dd1a85ec64d2bc67bd0', 'user_domain_id': 'default', 'system_scope': 'all', 'project_id': None, 'project_domain_id': None, 'roles': ['admin', 'manager', 'member', 'reader'], 'is_admin_project': True, 'service_user_id': None, 'service_user_domain_id': None, 'service_project_id': None, 'service_project_domain_id': None, 'service_roles': []} {{(pid=81679) fill_context /opt/stack/keystone/keystone/server/flask/request_processing/middleware/auth_context.py:509}}
Mar 05 07:08:10 ubuntu devstack@keystone.service[81679]: DEBUG keystone.server.flask.request_processing.req_logging [None req-be81e8db-29e6-4632-a382-b2f53de8b062 None admin] REQUEST_METHOD: `GET` {{(pid=81679) log_request_info /opt/stack/keystone/keystone/server/flask/request_processing/req_logging.py:26}}
Mar 05 07:08:10 ubuntu devstack@keystone.service[81679]: DEBUG keystone.server.flask.request_processing.req_logging [None req-be81e8db-29e6-4632-a382-b2f53de8b062 None admin] SCRIPT_NAME: `/identity` {{(pid=81679) log_request_info /opt/stack/keystone/keystone/server/flask/request_processing/req_logging.py:27}}
Mar 05 07:08:10 ubuntu devstack@keystone.service[81679]: DEBUG keystone.server.flask.request_processing.req_logging [None req-be81e8db-29e6-4632-a382-b2f53de8b062 None admin] PATH_INFO: `/v3/domains/default` {{(pid=81679) log_request_info /opt/stack/keystone/keystone/server/flask/request_processing/req_logging.py:28}}
Mar 05 07:08:10 ubuntu devstack@keystone.service[81679]: DEBUG keystone.common.rbac_enforcer.enforcer [None req-be81e8db-29e6-4632-a382-b2f53de8b062 None admin] RBAC: Authorizing `identity:get_domain(domain_id=default)` {{(pid=81679) enforce_call /opt/stack/keystone/keystone/common/rbac_enforcer/enforcer.py:494}}
Mar 05 07:08:10 ubuntu devstack@keystone.service[81679]: DEBUG keystone.common.rbac_enforcer.enforcer [None req-be81e8db-29e6-4632-a382-b2f53de8b062 None admin] RBAC: Authorization granted {{(pid=81679) enforce_call /opt/stack/keystone/keystone/common/rbac_enforcer/enforcer.py:505}}
Mar 05 07:08:10 ubuntu devstack@keystone.service[81679]: [pid: 81679|app: 0|req: 17/34] 10.201.5.82 () {56 vars in 1145 bytes} [Thu Mar  5 07:08:10 2026] GET /identity/v3/domains/default => generated 199 bytes in 94 msecs (HTTP/1.1 200) 5 headers in 177 bytes (1 switches on core 0)
Mar 05 07:08:10 ubuntu devstack@keystone.service[81679]: DEBUG keystone.server.flask.request_processing.req_logging [None req-85462228-4055-4e1c-8808-0d3c4339b270 None None] REQUEST_METHOD: `POST` {{(pid=81679) log_request_info /opt/stack/keystone/keystone/server/flask/request_processing/req_logging.py:26}}
Mar 05 07:08:10 ubuntu devstack@keystone.service[81679]: DEBUG keystone.server.flask.request_processing.req_logging [None req-85462228-4055-4e1c-8808-0d3c4339b270 None None] SCRIPT_NAME: `/identity` {{(pid=81679) log_request_info /opt/stack/keystone/keystone/server/flask/request_processing/req_logging.py:27}}
Mar 05 07:08:10 ubuntu devstack@keystone.service[81679]: DEBUG keystone.server.flask.request_processing.req_logging [None req-85462228-4055-4e1c-8808-0d3c4339b270 None None] PATH_INFO: `/v3/auth/tokens` {{(pid=81679) log_request_info /opt/stack/keystone/keystone/server/flask/request_processing/req_logging.py:28}}
Mar 05 07:08:10 ubuntu devstack@keystone.service[81679]: WARNING keystone.common.password_hashing [None req-85462228-4055-4e1c-8808-0d3c4339b270 None None] Truncating password to algorithm specific maximum length 72 characters.
Mar 05 07:08:10 ubuntu devstack@keystone.service[81679]: DEBUG keystone.auth.core [None req-85462228-4055-4e1c-8808-0d3c4339b270 None None] MFA Rules not processed for user `b84364afd15c4dd1a85ec64d2bc67bd0`. Rule list: `[]` (Enabled: `True`). {{(pid=81679) check_auth_methods_against_rules /opt/stack/keystone/keystone/auth/core.py:476}}
Mar 05 07:08:10 ubuntu devstack@keystone.service[81679]: DEBUG keystone.common.fernet_utils [None req-85462228-4055-4e1c-8808-0d3c4339b270 None None] Loaded 2 Fernet keys from /etc/keystone/fernet-keys/, but `[fernet_tokens] max_active_keys = 3`; perhaps there have not been enough key rotations to reach `max_active_keys` yet? {{(pid=81679) load_keys /opt/stack/keystone/keystone/common/fernet_utils.py:297}}
Mar 05 07:08:10 ubuntu devstack@keystone.service[81678]: DEBUG keystone.server.flask.request_processing.middleware.auth_context [None req-f091a504-3aa9-4845-9ce3-a7d2885b7ac6 None None] Validating token access rules against request {{(pid=81678) validate_allowed_request /opt/stack/data/venv/lib/python3.10/site-packages/keystonemiddleware/auth_token/__init__.py:545}}
Mar 05 07:08:10 ubuntu devstack@keystone.service[81678]: DEBUG keystone.server.flask.request_processing.middleware.auth_context [None req-f90c929b-be1e-4c8f-a157-326f6301c0a4 None admin] RBAC: auth_context: {'token': <TokenModel (audit_id=Oq49LEVETCSpsqFhH9_hEA, audit_chain_id=['Oq49LEVETCSpsqFhH9_hEA']) at 0x7f77790b4a00>, 'domain_id': None, 'trust_id': None, 'trustor_id': None, 'trustee_id': None, 'domain_name': None, 'group_ids': [], 'user_id': 'b84364afd15c4dd1a85ec64d2bc67bd0', 'user_domain_id': 'default', 'system_scope': 'all', 'project_id': None, 'project_domain_id': None, 'roles': ['admin', 'manager', 'member', 'reader'], 'is_admin_project': True, 'service_user_id': None, 'service_user_domain_id': None, 'service_project_id': None, 'service_project_domain_id': None, 'service_roles': []} {{(pid=81678) fill_context /opt/stack/keystone/keystone/server/flask/request_processing/middleware/auth_context.py:509}}
Mar 05 07:08:10 ubuntu devstack@keystone.service[81678]: DEBUG keystone.server.flask.request_processing.req_logging [None req-f90c929b-be1e-4c8f-a157-326f6301c0a4 None admin] REQUEST_METHOD: `POST` {{(pid=81678) log_request_info /opt/stack/keystone/keystone/server/flask/request_processing/req_logging.py:26}}
Mar 05 07:08:10 ubuntu devstack@keystone.service[81678]: DEBUG keystone.server.flask.request_processing.req_logging [None req-f90c929b-be1e-4c8f-a157-326f6301c0a4 None admin] SCRIPT_NAME: `/identity` {{(pid=81678) log_request_info /opt/stack/keystone/keystone/server/flask/request_processing/req_logging.py:27}}
Mar 05 07:08:10 ubuntu devstack@keystone.service[81678]: DEBUG keystone.server.flask.request_processing.req_logging [None req-f90c929b-be1e-4c8f-a157-326f6301c0a4 None admin] PATH_INFO: `/v3/projects` {{(pid=81678) log_request_info /opt/stack/keystone/keystone/server/flask/request_processing/req_logging.py:28}}
Mar 05 07:08:10 ubuntu devstack@keystone.service[81678]: DEBUG keystone.common.rbac_enforcer.enforcer [None req-f90c929b-be1e-4c8f-a157-326f6301c0a4 None admin] RBAC: Authorizing `identity:create_project()` {{(pid=81678) enforce_call /opt/stack/keystone/keystone/common/rbac_enforcer/enforcer.py:494}}
Mar 05 07:08:10 ubuntu devstack@keystone.service[81679]: [pid: 81679|app: 0|req: 18/35] 10.201.5.82 () {58 vars in 1017 bytes} [Thu Mar  5 07:08:10 2026] POST /identity/v3/auth/tokens => generated 862 bytes in 48 msecs (HTTP/1.1 201) 6 headers in 363 bytes (1 switches on core 0)
Mar 05 07:08:10 ubuntu devstack@keystone.service[81679]: DEBUG keystone.server.flask.request_processing.req_logging [None req-c298c186-e132-404e-a05e-17ed278e9bc5 None None] REQUEST_METHOD: `POST` {{(pid=81679) log_request_info /opt/stack/keystone/keystone/server/flask/request_processing/req_logging.py:26}}
Mar 05 07:08:10 ubuntu devstack@keystone.service[81679]: DEBUG keystone.server.flask.request_processing.req_logging [None req-c298c186-e132-404e-a05e-17ed278e9bc5 None None] SCRIPT_NAME: `/identity` {{(pid=81679) log_request_info /opt/stack/keystone/keystone/server/flask/request_processing/req_logging.py:27}}
Mar 05 07:08:10 ubuntu devstack@keystone.service[81679]: DEBUG keystone.server.flask.request_processing.req_logging [None req-c298c186-e132-404e-a05e-17ed278e9bc5 None None] PATH_INFO: `/v3/auth/tokens` {{(pid=81679) log_request_info /opt/stack/keystone/keystone/server/flask/request_processing/req_logging.py:28}}
Mar 05 07:08:10 ubuntu devstack@keystone.service[81678]: DEBUG keystone.common.rbac_enforcer.enforcer [None req-f90c929b-be1e-4c8f-a157-326f6301c0a4 None admin] RBAC: Authorization granted {{(pid=81678) enforce_call /opt/stack/keystone/keystone/common/rbac_enforcer/enforcer.py:505}}
Mar 05 07:08:10 ubuntu devstack@keystone.service[81679]: WARNING keystone.common.password_hashing [None req-c298c186-e132-404e-a05e-17ed278e9bc5 None None] Truncating password to algorithm specific maximum length 72 characters.
Mar 05 07:08:10 ubuntu devstack@keystone.service[81679]: DEBUG keystone.auth.core [None req-c298c186-e132-404e-a05e-17ed278e9bc5 None None] MFA Rules not processed for user `b84364afd15c4dd1a85ec64d2bc67bd0`. Rule list: `[]` (Enabled: `True`). {{(pid=81679) check_auth_methods_against_rules /opt/stack/keystone/keystone/auth/core.py:476}}
Mar 05 07:08:10 ubuntu devstack@keystone.service[81679]: DEBUG keystone.common.fernet_utils [None req-c298c186-e132-404e-a05e-17ed278e9bc5 None None] Loaded 2 Fernet keys from /etc/keystone/fernet-keys/, but `[fernet_tokens] max_active_keys = 3`; perhaps there have not been enough key rotations to reach `max_active_keys` yet? {{(pid=81679) load_keys /opt/stack/keystone/keystone/common/fernet_utils.py:297}}
Mar 05 07:08:10 ubuntu devstack@keystone.service[81679]: [pid: 81679|app: 0|req: 19/36] 10.201.5.82 () {58 vars in 1017 bytes} [Thu Mar  5 07:08:10 2026] POST /identity/v3/auth/tokens => generated 862 bytes in 98 msecs (HTTP/1.1 201) 6 headers in 363 bytes (1 switches on core 0)
Mar 05 07:08:10 ubuntu devstack@keystone.service[81679]: DEBUG keystone.server.flask.request_processing.middleware.auth_context [None req-c298c186-e132-404e-a05e-17ed278e9bc5 None None] Authenticating user token {{(pid=81679) process_request /opt/stack/data/venv/lib/python3.10/site-packages/keystonemiddleware/auth_token/__init__.py:407}}
Mar 05 07:08:11 ubuntu devstack@keystone.service[81679]: DEBUG keystone.server.flask.request_processing.middleware.auth_context [None req-c298c186-e132-404e-a05e-17ed278e9bc5 None None] Validating token access rules against request {{(pid=81679) validate_allowed_request /opt/stack/data/venv/lib/python3.10/site-packages/keystonemiddleware/auth_token/__init__.py:545}}
Mar 05 07:08:11 ubuntu devstack@keystone.service[81678]: [pid: 81678|app: 0|req: 18/37] 10.201.5.82 () {60 vars in 1177 bytes} [Thu Mar  5 07:08:10 2026] POST /identity/v3/projects => generated 301 bytes in 272 msecs (HTTP/1.1 201) 5 headers in 182 bytes (1 switches on core 0)
Mar 05 07:08:11 ubuntu devstack@keystone.service[81678]: DEBUG keystone.server.flask.request_processing.middleware.auth_context [None req-f90c929b-be1e-4c8f-a157-326f6301c0a4 None admin] Authenticating user token {{(pid=81678) process_request /opt/stack/data/venv/lib/python3.10/site-packages/keystonemiddleware/auth_token/__init__.py:407}}
Mar 05 07:08:11 ubuntu devstack@keystone.service[81679]: DEBUG keystone.server.flask.request_processing.middleware.auth_context [None req-bf0b704c-397f-4bd8-bb8b-fa4f677e4d82 None admin] RBAC: auth_context: {'token': <TokenModel (audit_id=P8-cJqioRMKsmd_5NGK-Mg, audit_chain_id=['P8-cJqioRMKsmd_5NGK-Mg']) at 0x7f7779459150>, 'domain_id': None, 'trust_id': None, 'trustor_id': None, 'trustee_id': None, 'domain_name': None, 'group_ids': [], 'user_id': 'b84364afd15c4dd1a85ec64d2bc67bd0', 'user_domain_id': 'default', 'system_scope': 'all', 'project_id': None, 'project_domain_id': None, 'roles': ['admin', 'manager', 'member', 'reader'], 'is_admin_project': True, 'service_user_id': None, 'service_user_domain_id': None, 'service_project_id': None, 'service_project_domain_id': None, 'service_roles': []} {{(pid=81679) fill_context /opt/stack/keystone/keystone/server/flask/request_processing/middleware/auth_context.py:509}}
Mar 05 07:08:11 ubuntu devstack@keystone.service[81679]: DEBUG keystone.server.flask.request_processing.req_logging [None req-bf0b704c-397f-4bd8-bb8b-fa4f677e4d82 None admin] REQUEST_METHOD: `GET` {{(pid=81679) log_request_info /opt/stack/keystone/keystone/server/flask/request_processing/req_logging.py:26}}
Mar 05 07:08:11 ubuntu devstack@keystone.service[81679]: DEBUG keystone.server.flask.request_processing.req_logging [None req-bf0b704c-397f-4bd8-bb8b-fa4f677e4d82 None admin] SCRIPT_NAME: `/identity` {{(pid=81679) log_request_info /opt/stack/keystone/keystone/server/flask/request_processing/req_logging.py:27}}
Mar 05 07:08:11 ubuntu devstack@keystone.service[81679]: DEBUG keystone.server.flask.request_processing.req_logging [None req-bf0b704c-397f-4bd8-bb8b-fa4f677e4d82 None admin] PATH_INFO: `/v3/role_assignments` {{(pid=81679) log_request_info /opt/stack/keystone/keystone/server/flask/request_processing/req_logging.py:28}}
Mar 05 07:08:11 ubuntu devstack@keystone.service[81679]: DEBUG keystone.common.rbac_enforcer.enforcer [None req-bf0b704c-397f-4bd8-bb8b-fa4f677e4d82 None admin] RBAC: Adding query filter params (role.id=16c52eecda6b4371b1409afd82641455, scope.domain.id=default, user.id=b84364afd15c4dd1a85ec64d2bc67bd0) {{(pid=81679) _extract_filter_values /opt/stack/keystone/keystone/common/rbac_enforcer/enforcer.py:176}}
Mar 05 07:08:11 ubuntu devstack@keystone.service[81679]: DEBUG keystone.common.rbac_enforcer.enforcer [None req-bf0b704c-397f-4bd8-bb8b-fa4f677e4d82 None admin] RBAC: Authorizing `identity:list_role_assignments()` {{(pid=81679) enforce_call /opt/stack/keystone/keystone/common/rbac_enforcer/enforcer.py:494}}
Mar 05 07:08:11 ubuntu devstack@keystone.service[81679]: DEBUG keystone.common.rbac_enforcer.enforcer [None req-bf0b704c-397f-4bd8-bb8b-fa4f677e4d82 None admin] RBAC: Authorization granted {{(pid=81679) enforce_call /opt/stack/keystone/keystone/common/rbac_enforcer/enforcer.py:505}}
Mar 05 07:08:11 ubuntu devstack@keystone.service[81679]: [pid: 81679|app: 0|req: 20/38] 10.201.5.82 () {56 vars in 1372 bytes} [Thu Mar  5 07:08:10 2026] GET /identity/v3/role_assignments?role.id=16c52eecda6b4371b1409afd82641455&scope.domain.id=default&user.id=b84364afd15c4dd1a85ec64d2bc67bd0 => generated 530 bytes in 140 msecs (HTTP/1.1 200) 5 headers in 177 bytes (1 switches on core 0)
Mar 05 07:08:11 ubuntu devstack@keystone.service[81678]: DEBUG keystone.server.flask.request_processing.middleware.auth_context [None req-f90c929b-be1e-4c8f-a157-326f6301c0a4 None admin] Validating token access rules against request {{(pid=81678) validate_allowed_request /opt/stack/data/venv/lib/python3.10/site-packages/keystonemiddleware/auth_token/__init__.py:545}}
Mar 05 07:08:11 ubuntu devstack@keystone.service[81679]: DEBUG keystone.server.flask.request_processing.middleware.auth_context [None req-bf0b704c-397f-4bd8-bb8b-fa4f677e4d82 None admin] Authenticating user token {{(pid=81679) process_request /opt/stack/data/venv/lib/python3.10/site-packages/keystonemiddleware/auth_token/__init__.py:407}}
Mar 05 07:08:11 ubuntu devstack@keystone.service[81678]: DEBUG keystone.server.flask.request_processing.middleware.auth_context [None req-93a7d4ce-3808-45b7-a5e2-e191b0003c5b None admin] RBAC: auth_context: {'token': <TokenModel (audit_id=dcje5k_DTiKV-P2F3eKDcA, audit_chain_id=['dcje5k_DTiKV-P2F3eKDcA']) at 0x7f7779302fe0>, 'domain_id': None, 'trust_id': None, 'trustor_id': None, 'trustee_id': None, 'domain_name': None, 'group_ids': [], 'user_id': 'b84364afd15c4dd1a85ec64d2bc67bd0', 'user_domain_id': 'default', 'system_scope': 'all', 'project_id': None, 'project_domain_id': None, 'roles': ['admin', 'manager', 'member', 'reader'], 'is_admin_project': True, 'service_user_id': None, 'service_user_domain_id': None, 'service_project_id': None, 'service_project_domain_id': None, 'service_roles': []} {{(pid=81678) fill_context /opt/stack/keystone/keystone/server/flask/request_processing/middleware/auth_context.py:509}}
Mar 05 07:08:11 ubuntu devstack@keystone.service[81678]: DEBUG keystone.server.flask.request_processing.req_logging [None req-93a7d4ce-3808-45b7-a5e2-e191b0003c5b None admin] REQUEST_METHOD: `POST` {{(pid=81678) log_request_info /opt/stack/keystone/keystone/server/flask/request_processing/req_logging.py:26}}
Mar 05 07:08:11 ubuntu devstack@keystone.service[81678]: DEBUG keystone.server.flask.request_processing.req_logging [None req-93a7d4ce-3808-45b7-a5e2-e191b0003c5b None admin] SCRIPT_NAME: `/identity` {{(pid=81678) log_request_info /opt/stack/keystone/keystone/server/flask/request_processing/req_logging.py:27}}
Mar 05 07:08:11 ubuntu devstack@keystone.service[81678]: DEBUG keystone.server.flask.request_processing.req_logging [None req-93a7d4ce-3808-45b7-a5e2-e191b0003c5b None admin] PATH_INFO: `/v3/roles` {{(pid=81678) log_request_info /opt/stack/keystone/keystone/server/flask/request_processing/req_logging.py:28}}
Mar 05 07:08:11 ubuntu devstack@keystone.service[81678]: DEBUG keystone.common.rbac_enforcer.enforcer [None req-93a7d4ce-3808-45b7-a5e2-e191b0003c5b None admin] RBAC: Authorizing `identity:create_role()` {{(pid=81678) enforce_call /opt/stack/keystone/keystone/common/rbac_enforcer/enforcer.py:494}}
Mar 05 07:08:11 ubuntu devstack@keystone.service[81678]: DEBUG keystone.common.rbac_enforcer.enforcer [None req-93a7d4ce-3808-45b7-a5e2-e191b0003c5b None admin] RBAC: Authorization granted {{(pid=81678) enforce_call /opt/stack/keystone/keystone/common/rbac_enforcer/enforcer.py:505}}
Mar 05 07:08:11 ubuntu devstack@keystone.service[81679]: DEBUG keystone.server.flask.request_processing.middleware.auth_context [None req-bf0b704c-397f-4bd8-bb8b-fa4f677e4d82 None admin] Validating token access rules against request {{(pid=81679) validate_allowed_request /opt/stack/data/venv/lib/python3.10/site-packages/keystonemiddleware/auth_token/__init__.py:545}}
Mar 05 07:08:11 ubuntu devstack@keystone.service[81678]: DEBUG keystone.common.sql.core [None req-93a7d4ce-3808-45b7-a5e2-e191b0003c5b None admin] Conflict role: (pymysql.err.IntegrityError) (1062, "Duplicate entry 'service-<<null>>' for key 'role.ixu_role_name_domain_id'")
Mar 05 07:08:11 ubuntu devstack@keystone.service[81678]: [SQL: INSERT INTO `role` (id, name, description, extra) VALUES (%(id)s, %(name)s, %(description)s, %(extra)s)]
Mar 05 07:08:11 ubuntu devstack@keystone.service[81678]: [parameters: {'id': 'b3444a42af034ef8abfbf938de918b89', 'name': 'service', 'description': None, 'extra': '{}'}]
Mar 05 07:08:11 ubuntu devstack@keystone.service[81678]: (Background on this error at: https://sqlalche.me/e/20/gkpj) {{(pid=81678) wrapper /opt/stack/keystone/keystone/common/sql/core.py:580}}
Mar 05 07:08:11 ubuntu devstack@keystone.service[81678]: ERROR keystone.server.flask.application [None req-93a7d4ce-3808-45b7-a5e2-e191b0003c5b None admin] Conflict occurred attempting to store role - Duplicate entry found with name service.: keystone.exception.Conflict: Conflict occurred attempting to store role - Duplicate entry found with name service.
Mar 05 07:08:11 ubuntu devstack@keystone.service[81678]: ERROR keystone.server.flask.application Traceback (most recent call last):
Mar 05 07:08:11 ubuntu devstack@keystone.service[81678]: ERROR keystone.server.flask.application   File "/opt/stack/data/venv/lib/python3.10/site-packages/sqlalchemy/engine/base.py", line 1967, in _exec_single_context
Mar 05 07:08:11 ubuntu devstack@keystone.service[81678]: ERROR keystone.server.flask.application     self.dialect.do_execute(
Mar 05 07:08:11 ubuntu devstack@keystone.service[81678]: ERROR keystone.server.flask.application   File "/opt/stack/data/venv/lib/python3.10/site-packages/sqlalchemy/engine/default.py", line 952, in do_execute
Mar 05 07:08:11 ubuntu devstack@keystone.service[81678]: ERROR keystone.server.flask.application     cursor.execute(statement, parameters)
Mar 05 07:08:11 ubuntu devstack@keystone.service[81678]: ERROR keystone.server.flask.application   File "/opt/stack/data/venv/lib/python3.10/site-packages/pymysql/cursors.py", line 153, in execute
Mar 05 07:08:11 ubuntu devstack@keystone.service[81678]: ERROR keystone.server.flask.application     result = self._query(query)
Mar 05 07:08:11 ubuntu devstack@keystone.service[81678]: ERROR keystone.server.flask.application   File "/opt/stack/data/venv/lib/python3.10/site-packages/pymysql/cursors.py", line 322, in _query
Mar 05 07:08:11 ubuntu devstack@keystone.service[81678]: ERROR keystone.server.flask.application     conn.query(q)
Mar 05 07:08:11 ubuntu devstack@keystone.service[81678]: ERROR keystone.server.flask.application   File "/opt/stack/data/venv/lib/python3.10/site-packages/pymysql/connections.py", line 575, in query
Mar 05 07:08:11 ubuntu devstack@keystone.service[81678]: ERROR keystone.server.flask.application     self._affected_rows = self._read_query_result(unbuffered=unbuffered)
Mar 05 07:08:11 ubuntu devstack@keystone.service[81678]: ERROR keystone.server.flask.application   File "/opt/stack/data/venv/lib/python3.10/site-packages/pymysql/connections.py", line 826, in _read_query_result
Mar 05 07:08:11 ubuntu devstack@keystone.service[81678]: ERROR keystone.server.flask.application     result.read()
Mar 05 07:08:11 ubuntu devstack@keystone.service[81678]: ERROR keystone.server.flask.application   File "/opt/stack/data/venv/lib/python3.10/site-packages/pymysql/connections.py", line 1203, in read
Mar 05 07:08:11 ubuntu devstack@keystone.service[81678]: ERROR keystone.server.flask.application     first_packet = self.connection._read_packet()
Mar 05 07:08:11 ubuntu devstack@keystone.service[81678]: ERROR keystone.server.flask.application   File "/opt/stack/data/venv/lib/python3.10/site-packages/pymysql/connections.py", line 782, in _read_packet
Mar 05 07:08:11 ubuntu devstack@keystone.service[81678]: ERROR keystone.server.flask.application     packet.raise_for_error()
Mar 05 07:08:11 ubuntu devstack@keystone.service[81678]: ERROR keystone.server.flask.application   File "/opt/stack/data/venv/lib/python3.10/site-packages/pymysql/protocol.py", line 219, in raise_for_error
Mar 05 07:08:11 ubuntu devstack@keystone.service[81678]: ERROR keystone.server.flask.application     err.raise_mysql_exception(self._data)
