Apr 02 01:55:14 ubuntu devstack@keystone.service[81719]: ERROR keystone.server.flask.application   File "/opt/stack/data/venv/lib/python3.10/site-packages/sqlalchemy/orm/unitofwork.py", line 642, in execute
Apr 02 01:55:14 ubuntu devstack@keystone.service[81719]: ERROR keystone.server.flask.application     util.preloaded.orm_persistence.save_obj(
Apr 02 01:55:14 ubuntu devstack@keystone.service[81719]: ERROR keystone.server.flask.application   File "/opt/stack/data/venv/lib/python3.10/site-packages/sqlalchemy/orm/persistence.py", line 93, in save_obj
Apr 02 01:55:14 ubuntu devstack@keystone.service[81719]: ERROR keystone.server.flask.application     _emit_insert_statements(
Apr 02 01:55:14 ubuntu devstack@keystone.service[81719]: ERROR keystone.server.flask.application   File "/opt/stack/data/venv/lib/python3.10/site-packages/sqlalchemy/orm/persistence.py", line 1048, in _emit_insert_statements
Apr 02 01:55:14 ubuntu devstack@keystone.service[81719]: ERROR keystone.server.flask.application     result = connection.execute(
Apr 02 01:55:14 ubuntu devstack@keystone.service[81719]: ERROR keystone.server.flask.application   File "/opt/stack/data/venv/lib/python3.10/site-packages/sqlalchemy/engine/base.py", line 1419, in execute
Apr 02 01:55:14 ubuntu devstack@keystone.service[81719]: ERROR keystone.server.flask.application     return meth(
Apr 02 01:55:14 ubuntu devstack@keystone.service[81719]: ERROR keystone.server.flask.application   File "/opt/stack/data/venv/lib/python3.10/site-packages/sqlalchemy/sql/elements.py", line 527, in _execute_on_connection
Apr 02 01:55:14 ubuntu devstack@keystone.service[81719]: ERROR keystone.server.flask.application     return connection._execute_clauseelement(
Apr 02 01:55:14 ubuntu devstack@keystone.service[81719]: ERROR keystone.server.flask.application   File "/opt/stack/data/venv/lib/python3.10/site-packages/sqlalchemy/engine/base.py", line 1641, in _execute_clauseelement
Apr 02 01:55:14 ubuntu devstack@keystone.service[81719]: ERROR keystone.server.flask.application     ret = self._execute_context(
Apr 02 01:55:14 ubuntu devstack@keystone.service[81719]: ERROR keystone.server.flask.application   File "/opt/stack/data/venv/lib/python3.10/site-packages/sqlalchemy/engine/base.py", line 1846, in _execute_context
Apr 02 01:55:14 ubuntu devstack@keystone.service[81719]: ERROR keystone.server.flask.application     return self._exec_single_context(
Apr 02 01:55:14 ubuntu devstack@keystone.service[81719]: ERROR keystone.server.flask.application   File "/opt/stack/data/venv/lib/python3.10/site-packages/sqlalchemy/engine/base.py", line 1986, in _exec_single_context
Apr 02 01:55:14 ubuntu devstack@keystone.service[81719]: ERROR keystone.server.flask.application     self._handle_dbapi_exception(
Apr 02 01:55:14 ubuntu devstack@keystone.service[81719]: ERROR keystone.server.flask.application   File "/opt/stack/data/venv/lib/python3.10/site-packages/sqlalchemy/engine/base.py", line 2360, in _handle_dbapi_exception
Apr 02 01:55:14 ubuntu devstack@keystone.service[81719]: ERROR keystone.server.flask.application     raise newraise.with_traceback(exc_info[2]) from e
Apr 02 01:55:14 ubuntu devstack@keystone.service[81719]: ERROR keystone.server.flask.application   File "/opt/stack/data/venv/lib/python3.10/site-packages/sqlalchemy/engine/base.py", line 1967, in _exec_single_context
Apr 02 01:55:14 ubuntu devstack@keystone.service[81719]: ERROR keystone.server.flask.application     self.dialect.do_execute(
Apr 02 01:55:14 ubuntu devstack@keystone.service[81719]: ERROR keystone.server.flask.application   File "/opt/stack/data/venv/lib/python3.10/site-packages/sqlalchemy/engine/default.py", line 952, in do_execute
Apr 02 01:55:14 ubuntu devstack@keystone.service[81719]: ERROR keystone.server.flask.application     cursor.execute(statement, parameters)
Apr 02 01:55:14 ubuntu devstack@keystone.service[81719]: ERROR keystone.server.flask.application   File "/opt/stack/data/venv/lib/python3.10/site-packages/pymysql/cursors.py", line 153, in execute
Apr 02 01:55:14 ubuntu devstack@keystone.service[81719]: ERROR keystone.server.flask.application     result = self._query(query)
Apr 02 01:55:14 ubuntu devstack@keystone.service[81719]: ERROR keystone.server.flask.application   File "/opt/stack/data/venv/lib/python3.10/site-packages/pymysql/cursors.py", line 322, in _query
Apr 02 01:55:14 ubuntu devstack@keystone.service[81719]: ERROR keystone.server.flask.application     conn.query(q)
Apr 02 01:55:14 ubuntu devstack@keystone.service[81719]: ERROR keystone.server.flask.application   File "/opt/stack/data/venv/lib/python3.10/site-packages/pymysql/connections.py", line 575, in query
Apr 02 01:55:14 ubuntu devstack@keystone.service[81719]: ERROR keystone.server.flask.application     self._affected_rows = self._read_query_result(unbuffered=unbuffered)
Apr 02 01:55:14 ubuntu devstack@keystone.service[81719]: ERROR keystone.server.flask.application   File "/opt/stack/data/venv/lib/python3.10/site-packages/pymysql/connections.py", line 826, in _read_query_result
Apr 02 01:55:14 ubuntu devstack@keystone.service[81719]: ERROR keystone.server.flask.application     result.read()
Apr 02 01:55:14 ubuntu devstack@keystone.service[81719]: ERROR keystone.server.flask.application   File "/opt/stack/data/venv/lib/python3.10/site-packages/pymysql/connections.py", line 1203, in read
Apr 02 01:55:14 ubuntu devstack@keystone.service[81719]: ERROR keystone.server.flask.application     first_packet = self.connection._read_packet()
Apr 02 01:55:14 ubuntu devstack@keystone.service[81719]: ERROR keystone.server.flask.application   File "/opt/stack/data/venv/lib/python3.10/site-packages/pymysql/connections.py", line 782, in _read_packet
Apr 02 01:55:14 ubuntu devstack@keystone.service[81719]: ERROR keystone.server.flask.application     packet.raise_for_error()
Apr 02 01:55:14 ubuntu devstack@keystone.service[81719]: ERROR keystone.server.flask.application   File "/opt/stack/data/venv/lib/python3.10/site-packages/pymysql/protocol.py", line 219, in raise_for_error
Apr 02 01:55:14 ubuntu devstack@keystone.service[81719]: ERROR keystone.server.flask.application     err.raise_mysql_exception(self._data)
Apr 02 01:55:14 ubuntu devstack@keystone.service[81719]: ERROR keystone.server.flask.application   File "/opt/stack/data/venv/lib/python3.10/site-packages/pymysql/err.py", line 150, in raise_mysql_exception
Apr 02 01:55:14 ubuntu devstack@keystone.service[81719]: ERROR keystone.server.flask.application     raise errorclass(errno, errval)
Apr 02 01:55:14 ubuntu devstack@keystone.service[81719]: ERROR keystone.server.flask.application oslo_db.exception.DBDuplicateEntry: (pymysql.err.IntegrityError) (1062, "Duplicate entry 'service-<<null>>' for key 'role.ixu_role_name_domain_id'")
Apr 02 01:55:14 ubuntu devstack@keystone.service[81719]: ERROR keystone.server.flask.application [SQL: INSERT INTO `role` (id, name, description, extra) VALUES (%(id)s, %(name)s, %(description)s, %(extra)s)]
Apr 02 01:55:14 ubuntu devstack@keystone.service[81719]: ERROR keystone.server.flask.application [parameters: {'id': 'a2bad163b5484c6a9c4518d7e98c645d', 'name': 'service', 'description': None, 'extra': '{}'}]
Apr 02 01:55:14 ubuntu devstack@keystone.service[81719]: ERROR keystone.server.flask.application (Background on this error at: https://sqlalche.me/e/20/gkpj)
Apr 02 01:55:14 ubuntu devstack@keystone.service[81719]: ERROR keystone.server.flask.application 
Apr 02 01:55:14 ubuntu devstack@keystone.service[81719]: ERROR keystone.server.flask.application During handling of the above exception, another exception occurred:
Apr 02 01:55:14 ubuntu devstack@keystone.service[81719]: ERROR keystone.server.flask.application 
Apr 02 01:55:14 ubuntu devstack@keystone.service[81719]: ERROR keystone.server.flask.application Traceback (most recent call last):
Apr 02 01:55:14 ubuntu devstack@keystone.service[81719]: ERROR keystone.server.flask.application   File "/opt/stack/data/venv/lib/python3.10/site-packages/flask/app.py", line 917, in full_dispatch_request
Apr 02 01:55:14 ubuntu devstack@keystone.service[81719]: ERROR keystone.server.flask.application     rv = self.dispatch_request()
Apr 02 01:55:14 ubuntu devstack@keystone.service[81719]: ERROR keystone.server.flask.application   File "/opt/stack/data/venv/lib/python3.10/site-packages/flask/app.py", line 902, in dispatch_request
Apr 02 01:55:14 ubuntu devstack@keystone.service[81719]: ERROR keystone.server.flask.application     return self.ensure_sync(self.view_functions[rule.endpoint])(**view_args)  # type: ignore[no-any-return]
Apr 02 01:55:14 ubuntu devstack@keystone.service[81719]: ERROR keystone.server.flask.application   File "/opt/stack/data/venv/lib/python3.10/site-packages/flask_restful/__init__.py", line 489, in wrapper
Apr 02 01:55:14 ubuntu devstack@keystone.service[81719]: ERROR keystone.server.flask.application     resp = resource(*args, **kwargs)
Apr 02 01:55:14 ubuntu devstack@keystone.service[81719]: ERROR keystone.server.flask.application   File "/opt/stack/data/venv/lib/python3.10/site-packages/flask/views.py", line 110, in view
Apr 02 01:55:14 ubuntu devstack@keystone.service[81719]: ERROR keystone.server.flask.application     return current_app.ensure_sync(self.dispatch_request)(**kwargs)  # type: ignore[no-any-return]
Apr 02 01:55:14 ubuntu devstack@keystone.service[81719]: ERROR keystone.server.flask.application   File "/opt/stack/data/venv/lib/python3.10/site-packages/flask_restful/__init__.py", line 604, in dispatch_request
Apr 02 01:55:14 ubuntu devstack@keystone.service[81719]: ERROR keystone.server.flask.application     resp = meth(*args, **kwargs)
Apr 02 01:55:14 ubuntu devstack@keystone.service[81719]: ERROR keystone.server.flask.application   File "/opt/stack/keystone/keystone/api/validation/__init__.py", line 86, in wrapper
Apr 02 01:55:14 ubuntu devstack@keystone.service[81719]: ERROR keystone.server.flask.application     return func(*args, **kwargs)
Apr 02 01:55:14 ubuntu devstack@keystone.service[81719]: ERROR keystone.server.flask.application   File "/opt/stack/keystone/keystone/api/validation/__init__.py", line 145, in wrapper
Apr 02 01:55:14 ubuntu devstack@keystone.service[81719]: ERROR keystone.server.flask.application     response = func(*args, **kwargs)
Apr 02 01:55:14 ubuntu devstack@keystone.service[81719]: ERROR keystone.server.flask.application   File "/opt/stack/keystone/keystone/api/roles.py", line 91, in post
Apr 02 01:55:14 ubuntu devstack@keystone.service[81719]: ERROR keystone.server.flask.application     ref = PROVIDERS.role_api.create_role(
Apr 02 01:55:14 ubuntu devstack@keystone.service[81719]: ERROR keystone.server.flask.application   File "/opt/stack/keystone/keystone/common/manager.py", line 114, in wrapped
Apr 02 01:55:14 ubuntu devstack@keystone.service[81719]: ERROR keystone.server.flask.application     __ret_val = __f(*args, **kwargs)
Apr 02 01:55:14 ubuntu devstack@keystone.service[81719]: ERROR keystone.server.flask.application   File "/opt/stack/keystone/keystone/assignment/core.py", line 1526, in create_role
Apr 02 01:55:14 ubuntu devstack@keystone.service[81719]: ERROR keystone.server.flask.application     ret = self.driver.create_role(role_id, role)
Apr 02 01:55:14 ubuntu devstack@keystone.service[81719]: ERROR keystone.server.flask.application   File "/opt/stack/keystone/keystone/common/sql/core.py", line 614, in wrapper
Apr 02 01:55:14 ubuntu devstack@keystone.service[81719]: ERROR keystone.server.flask.application     raise exception.Conflict(type=conflict_type, details=msg)
Apr 02 01:55:14 ubuntu devstack@keystone.service[81719]: ERROR keystone.server.flask.application keystone.exception.Conflict: Conflict occurred attempting to store role - Duplicate entry found with name service.
Apr 02 01:55:14 ubuntu devstack@keystone.service[81719]: ERROR keystone.server.flask.application 
Apr 02 01:55:14 ubuntu devstack@keystone.service[81719]: [pid: 81719|app: 0|req: 16/37] 10.201.5.82 () {60 vars in 1168 bytes} [Thu Apr  2 01:55:14 2026] POST /identity/v3/roles => generated 140 bytes in 245 msecs (HTTP/1.1 409) 5 headers in 183 bytes (1 switches on core 0)
Apr 02 01:55:14 ubuntu devstack@keystone.service[81719]: DEBUG keystone.server.flask.request_processing.middleware.auth_context [None req-bf57eaf7-5300-478e-962c-f6d00358d081 None admin] Authenticating user token {{(pid=81719) process_request /opt/stack/data/venv/lib/python3.10/site-packages/keystonemiddleware/auth_token/__init__.py:407}}
Apr 02 01:55:14 ubuntu devstack@keystone.service[81720]: DEBUG keystone.server.flask.request_processing.middleware.auth_context [None req-1cfb8858-5064-45a7-9811-3a1762e0f669 None admin] Validating token access rules against request {{(pid=81720) validate_allowed_request /opt/stack/data/venv/lib/python3.10/site-packages/keystonemiddleware/auth_token/__init__.py:545}}
Apr 02 01:55:14 ubuntu devstack@keystone.service[81720]: DEBUG keystone.server.flask.request_processing.middleware.auth_context [None req-a902248c-83bc-4818-8343-a2e1ac6f309d None admin] RBAC: auth_context: {'token': <TokenModel (audit_id=NGEO8pvbQDO8lf1adVviOg, audit_chain_id=['NGEO8pvbQDO8lf1adVviOg']) at 0x7f4b15cf7790>, 'domain_id': None, 'trust_id': None, 'trustor_id': None, 'trustee_id': None, 'domain_name': None, 'group_ids': [], 'user_id': '84e6c0d7f1b24e3a879592b73365555f', 'user_domain_id': 'default', 'system_scope': 'all', 'project_id': None, 'project_domain_id': None, 'roles': ['admin', 'manager', 'member', 'reader'], 'is_admin_project': True, 'service_user_id': None, 'service_user_domain_id': None, 'service_project_id': None, 'service_project_domain_id': None, 'service_roles': []} {{(pid=81720) fill_context /opt/stack/keystone/keystone/server/flask/request_processing/middleware/auth_context.py:509}}
Apr 02 01:55:14 ubuntu devstack@keystone.service[81720]: DEBUG keystone.server.flask.request_processing.req_logging [None req-a902248c-83bc-4818-8343-a2e1ac6f309d None admin] REQUEST_METHOD: `GET` {{(pid=81720) log_request_info /opt/stack/keystone/keystone/server/flask/request_processing/req_logging.py:26}}
Apr 02 01:55:14 ubuntu devstack@keystone.service[81720]: DEBUG keystone.server.flask.request_processing.req_logging [None req-a902248c-83bc-4818-8343-a2e1ac6f309d None admin] SCRIPT_NAME: `/identity` {{(pid=81720) log_request_info /opt/stack/keystone/keystone/server/flask/request_processing/req_logging.py:27}}
Apr 02 01:55:14 ubuntu devstack@keystone.service[81720]: DEBUG keystone.server.flask.request_processing.req_logging [None req-a902248c-83bc-4818-8343-a2e1ac6f309d None admin] PATH_INFO: `/v3/users/84e6c0d7f1b24e3a879592b73365555f` {{(pid=81720) log_request_info /opt/stack/keystone/keystone/server/flask/request_processing/req_logging.py:28}}
Apr 02 01:55:14 ubuntu devstack@keystone.service[81720]: DEBUG keystone.common.rbac_enforcer.enforcer [None req-a902248c-83bc-4818-8343-a2e1ac6f309d None admin] RBAC: Authorizing `identity:get_user(user_id=84e6c0d7f1b24e3a879592b73365555f)` {{(pid=81720) enforce_call /opt/stack/keystone/keystone/common/rbac_enforcer/enforcer.py:494}}
Apr 02 01:55:14 ubuntu devstack@keystone.service[81720]: DEBUG keystone.common.rbac_enforcer.enforcer [None req-a902248c-83bc-4818-8343-a2e1ac6f309d None admin] RBAC: Authorization granted {{(pid=81720) enforce_call /opt/stack/keystone/keystone/common/rbac_enforcer/enforcer.py:505}}
Apr 02 01:55:14 ubuntu devstack@keystone.service[81720]: [pid: 81720|app: 0|req: 22/38] 10.201.5.82 () {56 vars in 1214 bytes} [Thu Apr  2 01:55:14 2026] GET /identity/v3/users/84e6c0d7f1b24e3a879592b73365555f => generated 247 bytes in 68 msecs (HTTP/1.1 200) 5 headers in 177 bytes (1 switches on core 0)
Apr 02 01:55:14 ubuntu devstack@keystone.service[81720]: DEBUG keystone.server.flask.request_processing.middleware.auth_context [None req-a902248c-83bc-4818-8343-a2e1ac6f309d None admin] Authenticating user token {{(pid=81720) process_request /opt/stack/data/venv/lib/python3.10/site-packages/keystonemiddleware/auth_token/__init__.py:407}}
Apr 02 01:55:14 ubuntu devstack@keystone.service[81719]: DEBUG keystone.server.flask.request_processing.middleware.auth_context [None req-bf57eaf7-5300-478e-962c-f6d00358d081 None admin] Validating token access rules against request {{(pid=81719) validate_allowed_request /opt/stack/data/venv/lib/python3.10/site-packages/keystonemiddleware/auth_token/__init__.py:545}}
Apr 02 01:55:14 ubuntu devstack@keystone.service[81720]: DEBUG keystone.server.flask.request_processing.middleware.auth_context [None req-a902248c-83bc-4818-8343-a2e1ac6f309d None admin] Validating token access rules against request {{(pid=81720) validate_allowed_request /opt/stack/data/venv/lib/python3.10/site-packages/keystonemiddleware/auth_token/__init__.py:545}}
Apr 02 01:55:14 ubuntu devstack@keystone.service[81719]: DEBUG keystone.server.flask.request_processing.middleware.auth_context [None req-c966f361-9abb-4bb5-a351-523f1c6b56e0 None admin] RBAC: auth_context: {'token': <TokenModel (audit_id=qZbkGZfNQ0iA3SeCdayPng, audit_chain_id=['qZbkGZfNQ0iA3SeCdayPng']) at 0x7f4b15955450>, 'domain_id': None, 'trust_id': None, 'trustor_id': None, 'trustee_id': None, 'domain_name': None, 'group_ids': [], 'user_id': '84e6c0d7f1b24e3a879592b73365555f', 'user_domain_id': 'default', 'system_scope': 'all', 'project_id': None, 'project_domain_id': None, 'roles': ['admin', 'manager', 'member', 'reader'], 'is_admin_project': True, 'service_user_id': None, 'service_user_domain_id': None, 'service_project_id': None, 'service_project_domain_id': None, 'service_roles': []} {{(pid=81719) fill_context /opt/stack/keystone/keystone/server/flask/request_processing/middleware/auth_context.py:509}}
Apr 02 01:55:14 ubuntu devstack@keystone.service[81719]: DEBUG keystone.server.flask.request_processing.req_logging [None req-c966f361-9abb-4bb5-a351-523f1c6b56e0 None admin] REQUEST_METHOD: `GET` {{(pid=81719) log_request_info /opt/stack/keystone/keystone/server/flask/request_processing/req_logging.py:26}}
Apr 02 01:55:14 ubuntu devstack@keystone.service[81719]: DEBUG keystone.server.flask.request_processing.req_logging [None req-c966f361-9abb-4bb5-a351-523f1c6b56e0 None admin] SCRIPT_NAME: `/identity` {{(pid=81719) log_request_info /opt/stack/keystone/keystone/server/flask/request_processing/req_logging.py:27}}
Apr 02 01:55:14 ubuntu devstack@keystone.service[81719]: DEBUG keystone.server.flask.request_processing.req_logging [None req-c966f361-9abb-4bb5-a351-523f1c6b56e0 None admin] PATH_INFO: `/v3/roles/service` {{(pid=81719) log_request_info /opt/stack/keystone/keystone/server/flask/request_processing/req_logging.py:28}}
Apr 02 01:55:14 ubuntu devstack@keystone.service[81719]: DEBUG keystone.common.rbac_enforcer.enforcer [None req-c966f361-9abb-4bb5-a351-523f1c6b56e0 None admin] Extracting inferred target data resulted in "NOT FOUND (404)". {{(pid=81719) enforce_call /opt/stack/keystone/keystone/common/rbac_enforcer/enforcer.py:445}}
Apr 02 01:55:14 ubuntu devstack@keystone.service[81719]: DEBUG keystone.server.flask.application [None req-c966f361-9abb-4bb5-a351-523f1c6b56e0 None admin] Could not find role: service. {{(pid=81719) _handle_keystone_exception /opt/stack/keystone/keystone/server/flask/application.py:146}}
Apr 02 01:55:14 ubuntu devstack@keystone.service[81719]: [pid: 81719|app: 0|req: 17/39] 10.201.5.82 () {56 vars in 1139 bytes} [Thu Apr  2 01:55:14 2026] GET /identity/v3/roles/service => generated 85 bytes in 99 msecs (HTTP/1.1 404) 5 headers in 183 bytes (1 switches on core 0)
Apr 02 01:55:14 ubuntu devstack@keystone.service[81719]: DEBUG keystone.server.flask.request_processing.middleware.auth_context [None req-c966f361-9abb-4bb5-a351-523f1c6b56e0 None admin] Authenticating user token {{(pid=81719) process_request /opt/stack/data/venv/lib/python3.10/site-packages/keystonemiddleware/auth_token/__init__.py:407}}
Apr 02 01:55:14 ubuntu devstack@keystone.service[81720]: DEBUG keystone.server.flask.request_processing.middleware.auth_context [None req-c203e861-4eb6-40ef-839c-ce358d7cdf0b None admin] RBAC: auth_context: {'token': <TokenModel (audit_id=NGEO8pvbQDO8lf1adVviOg, audit_chain_id=['NGEO8pvbQDO8lf1adVviOg']) at 0x7f4b157e8b80>, 'domain_id': None, 'trust_id': None, 'trustor_id': None, 'trustee_id': None, 'domain_name': None, 'group_ids': [], 'user_id': '84e6c0d7f1b24e3a879592b73365555f', 'user_domain_id': 'default', 'system_scope': 'all', 'project_id': None, 'project_domain_id': None, 'roles': ['admin', 'manager', 'member', 'reader'], 'is_admin_project': True, 'service_user_id': None, 'service_user_domain_id': None, 'service_project_id': None, 'service_project_domain_id': None, 'service_roles': []} {{(pid=81720) fill_context /opt/stack/keystone/keystone/server/flask/request_processing/middleware/auth_context.py:509}}
Apr 02 01:55:14 ubuntu devstack@keystone.service[81720]: DEBUG keystone.server.flask.request_processing.req_logging [None req-c203e861-4eb6-40ef-839c-ce358d7cdf0b None admin] REQUEST_METHOD: `GET` {{(pid=81720) log_request_info /opt/stack/keystone/keystone/server/flask/request_processing/req_logging.py:26}}
Apr 02 01:55:14 ubuntu devstack@keystone.service[81720]: DEBUG keystone.server.flask.request_processing.req_logging [None req-c203e861-4eb6-40ef-839c-ce358d7cdf0b None admin] SCRIPT_NAME: `/identity` {{(pid=81720) log_request_info /opt/stack/keystone/keystone/server/flask/request_processing/req_logging.py:27}}
Apr 02 01:55:14 ubuntu devstack@keystone.service[81720]: DEBUG keystone.server.flask.request_processing.req_logging [None req-c203e861-4eb6-40ef-839c-ce358d7cdf0b None admin] PATH_INFO: `/v3/domains/default` {{(pid=81720) log_request_info /opt/stack/keystone/keystone/server/flask/request_processing/req_logging.py:28}}
Apr 02 01:55:14 ubuntu devstack@keystone.service[81720]: DEBUG keystone.common.rbac_enforcer.enforcer [None req-c203e861-4eb6-40ef-839c-ce358d7cdf0b None admin] RBAC: Authorizing `identity:get_domain(domain_id=default)` {{(pid=81720) enforce_call /opt/stack/keystone/keystone/common/rbac_enforcer/enforcer.py:494}}
Apr 02 01:55:14 ubuntu devstack@keystone.service[81720]: DEBUG keystone.common.rbac_enforcer.enforcer [None req-c203e861-4eb6-40ef-839c-ce358d7cdf0b None admin] RBAC: Authorization granted {{(pid=81720) enforce_call /opt/stack/keystone/keystone/common/rbac_enforcer/enforcer.py:505}}
Apr 02 01:55:14 ubuntu devstack@keystone.service[81720]: [pid: 81720|app: 0|req: 23/40] 10.201.5.82 () {56 vars in 1145 bytes} [Thu Apr  2 01:55:14 2026] GET /identity/v3/domains/default => generated 199 bytes in 68 msecs (HTTP/1.1 200) 5 headers in 177 bytes (2 switches on core 0)
Apr 02 01:55:14 ubuntu devstack@keystone.service[81720]: DEBUG keystone.server.flask.request_processing.middleware.auth_context [None req-c203e861-4eb6-40ef-839c-ce358d7cdf0b None admin] Authenticating user token {{(pid=81720) process_request /opt/stack/data/venv/lib/python3.10/site-packages/keystonemiddleware/auth_token/__init__.py:407}}
Apr 02 01:55:14 ubuntu devstack@keystone.service[81719]: DEBUG keystone.server.flask.request_processing.middleware.auth_context [None req-c966f361-9abb-4bb5-a351-523f1c6b56e0 None admin] Validating token access rules against request {{(pid=81719) validate_allowed_request /opt/stack/data/venv/lib/python3.10/site-packages/keystonemiddleware/auth_token/__init__.py:545}}
Apr 02 01:55:14 ubuntu devstack@keystone.service[81720]: DEBUG keystone.server.flask.request_processing.middleware.auth_context [None req-c203e861-4eb6-40ef-839c-ce358d7cdf0b None admin] Validating token access rules against request {{(pid=81720) validate_allowed_request /opt/stack/data/venv/lib/python3.10/site-packages/keystonemiddleware/auth_token/__init__.py:545}}
Apr 02 01:55:14 ubuntu devstack@keystone.service[81719]: DEBUG keystone.server.flask.request_processing.middleware.auth_context [None req-d7a09436-f87b-4971-b042-bf73865c6931 None admin] RBAC: auth_context: {'token': <TokenModel (audit_id=qZbkGZfNQ0iA3SeCdayPng, audit_chain_id=['qZbkGZfNQ0iA3SeCdayPng']) at 0x7f4b15954070>, 'domain_id': None, 'trust_id': None, 'trustor_id': None, 'trustee_id': None, 'domain_name': None, 'group_ids': [], 'user_id': '84e6c0d7f1b24e3a879592b73365555f', 'user_domain_id': 'default', 'system_scope': 'all', 'project_id': None, 'project_domain_id': None, 'roles': ['admin', 'manager', 'member', 'reader'], 'is_admin_project': True, 'service_user_id': None, 'service_user_domain_id': None, 'service_project_id': None, 'service_project_domain_id': None, 'service_roles': []} {{(pid=81719) fill_context /opt/stack/keystone/keystone/server/flask/request_processing/middleware/auth_context.py:509}}
Apr 02 01:55:14 ubuntu devstack@keystone.service[81719]: DEBUG keystone.server.flask.request_processing.req_logging [None req-d7a09436-f87b-4971-b042-bf73865c6931 None admin] REQUEST_METHOD: `GET` {{(pid=81719) log_request_info /opt/stack/keystone/keystone/server/flask/request_processing/req_logging.py:26}}
Apr 02 01:55:14 ubuntu devstack@keystone.service[81719]: DEBUG keystone.server.flask.request_processing.req_logging [None req-d7a09436-f87b-4971-b042-bf73865c6931 None admin] SCRIPT_NAME: `/identity` {{(pid=81719) log_request_info /opt/stack/keystone/keystone/server/flask/request_processing/req_logging.py:27}}
Apr 02 01:55:14 ubuntu devstack@keystone.service[81719]: DEBUG keystone.server.flask.request_processing.req_logging [None req-d7a09436-f87b-4971-b042-bf73865c6931 None admin] PATH_INFO: `/v3/roles` {{(pid=81719) log_request_info /opt/stack/keystone/keystone/server/flask/request_processing/req_logging.py:28}}
Apr 02 01:55:14 ubuntu devstack@keystone.service[81719]: DEBUG keystone.common.rbac_enforcer.enforcer [None req-d7a09436-f87b-4971-b042-bf73865c6931 None admin] RBAC: Adding query filter params (name=service) {{(pid=81719) _extract_filter_values /opt/stack/keystone/keystone/common/rbac_enforcer/enforcer.py:176}}
Apr 02 01:55:14 ubuntu devstack@keystone.service[81719]: DEBUG keystone.common.rbac_enforcer.enforcer [None req-d7a09436-f87b-4971-b042-bf73865c6931 None admin] RBAC: Authorizing `identity:list_roles()` {{(pid=81719) enforce_call /opt/stack/keystone/keystone/common/rbac_enforcer/enforcer.py:494}}
Apr 02 01:55:14 ubuntu devstack@keystone.service[81719]: DEBUG keystone.common.rbac_enforcer.enforcer [None req-d7a09436-f87b-4971-b042-bf73865c6931 None admin] RBAC: Authorization granted {{(pid=81719) enforce_call /opt/stack/keystone/keystone/common/rbac_enforcer/enforcer.py:505}}
Apr 02 01:55:14 ubuntu devstack@keystone.service[81719]: [pid: 81719|app: 0|req: 18/41] 10.201.5.82 () {56 vars in 1153 bytes} [Thu Apr  2 01:55:14 2026] GET /identity/v3/roles?name=service => generated 343 bytes in 60 msecs (HTTP/1.1 200) 5 headers in 177 bytes (2 switches on core 0)
Apr 02 01:55:14 ubuntu devstack@keystone.service[81720]: DEBUG keystone.server.flask.request_processing.middleware.auth_context [None req-3852da9b-6c57-4fca-8ee3-b278a920f8c1 None admin] RBAC: auth_context: {'token': <TokenModel (audit_id=NGEO8pvbQDO8lf1adVviOg, audit_chain_id=['NGEO8pvbQDO8lf1adVviOg']) at 0x7f4b15ca85e0>, 'domain_id': None, 'trust_id': None, 'trustor_id': None, 'trustee_id': None, 'domain_name': None, 'group_ids': [], 'user_id': '84e6c0d7f1b24e3a879592b73365555f', 'user_domain_id': 'default', 'system_scope': 'all', 'project_id': None, 'project_domain_id': None, 'roles': ['admin', 'manager', 'member', 'reader'], 'is_admin_project': True, 'service_user_id': None, 'service_user_domain_id': None, 'service_project_id': None, 'service_project_domain_id': None, 'service_roles': []} {{(pid=81720) fill_context /opt/stack/keystone/keystone/server/flask/request_processing/middleware/auth_context.py:509}}
Apr 02 01:55:14 ubuntu devstack@keystone.service[81720]: DEBUG keystone.server.flask.request_processing.req_logging [None req-3852da9b-6c57-4fca-8ee3-b278a920f8c1 None admin] REQUEST_METHOD: `GET` {{(pid=81720) log_request_info /opt/stack/keystone/keystone/server/flask/request_processing/req_logging.py:26}}
Apr 02 01:55:14 ubuntu devstack@keystone.service[81720]: DEBUG keystone.server.flask.request_processing.req_logging [None req-3852da9b-6c57-4fca-8ee3-b278a920f8c1 None admin] SCRIPT_NAME: `/identity` {{(pid=81720) log_request_info /opt/stack/keystone/keystone/server/flask/request_processing/req_logging.py:27}}
Apr 02 01:55:14 ubuntu devstack@keystone.service[81720]: DEBUG keystone.server.flask.request_processing.req_logging [None req-3852da9b-6c57-4fca-8ee3-b278a920f8c1 None admin] PATH_INFO: `/v3/role_assignments` {{(pid=81720) log_request_info /opt/stack/keystone/keystone/server/flask/request_processing/req_logging.py:28}}
Apr 02 01:55:14 ubuntu devstack@keystone.service[81720]: DEBUG keystone.common.rbac_enforcer.enforcer [None req-3852da9b-6c57-4fca-8ee3-b278a920f8c1 None admin] RBAC: Adding query filter params (role.id=557dba7ce82442158661cce8667ed001, scope.domain.id=default, user.id=84e6c0d7f1b24e3a879592b73365555f) {{(pid=81720) _extract_filter_values /opt/stack/keystone/keystone/common/rbac_enforcer/enforcer.py:176}}
Apr 02 01:55:14 ubuntu devstack@keystone.service[81720]: DEBUG keystone.common.rbac_enforcer.enforcer [None req-3852da9b-6c57-4fca-8ee3-b278a920f8c1 None admin] RBAC: Authorizing `identity:list_role_assignments()` {{(pid=81720) enforce_call /opt/stack/keystone/keystone/common/rbac_enforcer/enforcer.py:494}}
Apr 02 01:55:14 ubuntu devstack@keystone.service[81720]: DEBUG keystone.common.rbac_enforcer.enforcer [None req-3852da9b-6c57-4fca-8ee3-b278a920f8c1 None admin] RBAC: Authorization granted {{(pid=81720) enforce_call /opt/stack/keystone/keystone/common/rbac_enforcer/enforcer.py:505}}
Apr 02 01:55:14 ubuntu devstack@keystone.service[81720]: [pid: 81720|app: 0|req: 24/42] 10.201.5.82 () {56 vars in 1372 bytes} [Thu Apr  2 01:55:14 2026] GET /identity/v3/role_assignments?role.id=557dba7ce82442158661cce8667ed001&scope.domain.id=default&user.id=84e6c0d7f1b24e3a879592b73365555f => generated 530 bytes in 71 msecs (HTTP/1.1 200) 5 headers in 177 bytes (1 switches on core 0)
Apr 02 01:55:15 ubuntu devstack@keystone.service[81719]: DEBUG keystone.server.flask.request_processing.req_logging [None req-8a0e10cb-4ea2-4767-a4b9-2620bfa76331 None None] REQUEST_METHOD: `GET` {{(pid=81719) log_request_info /opt/stack/keystone/keystone/server/flask/request_processing/req_logging.py:26}}
Apr 02 01:55:15 ubuntu devstack@keystone.service[81719]: DEBUG keystone.server.flask.request_processing.req_logging [None req-8a0e10cb-4ea2-4767-a4b9-2620bfa76331 None None] SCRIPT_NAME: `/identity` {{(pid=81719) log_request_info /opt/stack/keystone/keystone/server/flask/request_processing/req_logging.py:27}}
Apr 02 01:55:15 ubuntu devstack@keystone.service[81719]: DEBUG keystone.server.flask.request_processing.req_logging [None req-8a0e10cb-4ea2-4767-a4b9-2620bfa76331 None None] PATH_INFO: `/` {{(pid=81719) log_request_info /opt/stack/keystone/keystone/server/flask/request_processing/req_logging.py:28}}
Apr 02 01:55:15 ubuntu devstack@keystone.service[81719]: [pid: 81719|app: 0|req: 19/43] 10.201.5.82 () {54 vars in 920 bytes} [Thu Apr  2 01:55:15 2026] GET /identity => generated 270 bytes in 2 msecs (HTTP/1.1 300) 6 headers in 234 bytes (2 switches on core 0)
Apr 02 01:55:15 ubuntu devstack@keystone.service[81720]: DEBUG keystone.server.flask.request_processing.req_logging [None req-71e76c35-2a13-45dc-85ee-9280f5d5f14f None None] REQUEST_METHOD: `POST` {{(pid=81720) log_request_info /opt/stack/keystone/keystone/server/flask/request_processing/req_logging.py:26}}
Apr 02 01:55:15 ubuntu devstack@keystone.service[81719]: DEBUG keystone.server.flask.request_processing.req_logging [None req-eb9ef790-3459-4a14-b10e-c708d52cb825 None None] REQUEST_METHOD: `GET` {{(pid=81719) log_request_info /opt/stack/keystone/keystone/server/flask/request_processing/req_logging.py:26}}
Apr 02 01:55:15 ubuntu devstack@keystone.service[81719]: DEBUG keystone.server.flask.request_processing.req_logging [None req-eb9ef790-3459-4a14-b10e-c708d52cb825 None None] SCRIPT_NAME: `/identity` {{(pid=81719) log_request_info /opt/stack/keystone/keystone/server/flask/request_processing/req_logging.py:27}}
Apr 02 01:55:15 ubuntu devstack@keystone.service[81719]: DEBUG keystone.server.flask.request_processing.req_logging [None req-eb9ef790-3459-4a14-b10e-c708d52cb825 None None] PATH_INFO: `/` {{(pid=81719) log_request_info /opt/stack/keystone/keystone/server/flask/request_processing/req_logging.py:28}}
Apr 02 01:55:15 ubuntu devstack@keystone.service[81720]: DEBUG keystone.server.flask.request_processing.req_logging [None req-71e76c35-2a13-45dc-85ee-9280f5d5f14f None None] SCRIPT_NAME: `/identity` {{(pid=81720) log_request_info /opt/stack/keystone/keystone/server/flask/request_processing/req_logging.py:27}}
Apr 02 01:55:15 ubuntu devstack@keystone.service[81719]: [pid: 81719|app: 0|req: 20/44] 10.201.5.82 () {54 vars in 920 bytes} [Thu Apr  2 01:55:15 2026] GET /identity => generated 270 bytes in 1 msecs (HTTP/1.1 300) 6 headers in 234 bytes (1 switches on core 0)
Apr 02 01:55:15 ubuntu devstack@keystone.service[81720]: DEBUG keystone.server.flask.request_processing.req_logging [None req-71e76c35-2a13-45dc-85ee-9280f5d5f14f None None] PATH_INFO: `/v3/auth/tokens` {{(pid=81720) log_request_info /opt/stack/keystone/keystone/server/flask/request_processing/req_logging.py:28}}
Apr 02 01:55:15 ubuntu devstack@keystone.service[81719]: DEBUG keystone.server.flask.request_processing.req_logging [None req-d5f6b22d-8602-47d2-93c8-cf44c95f7443 None None] REQUEST_METHOD: `POST` {{(pid=81719) log_request_info /opt/stack/keystone/keystone/server/flask/request_processing/req_logging.py:26}}
Apr 02 01:55:15 ubuntu devstack@keystone.service[81719]: DEBUG keystone.server.flask.request_processing.req_logging [None req-d5f6b22d-8602-47d2-93c8-cf44c95f7443 None None] SCRIPT_NAME: `/identity` {{(pid=81719) log_request_info /opt/stack/keystone/keystone/server/flask/request_processing/req_logging.py:27}}
Apr 02 01:55:15 ubuntu devstack@keystone.service[81719]: DEBUG keystone.server.flask.request_processing.req_logging [None req-d5f6b22d-8602-47d2-93c8-cf44c95f7443 None None] PATH_INFO: `/v3/auth/tokens` {{(pid=81719) log_request_info /opt/stack/keystone/keystone/server/flask/request_processing/req_logging.py:28}}
Apr 02 01:55:15 ubuntu devstack@keystone.service[81719]: WARNING keystone.common.password_hashing [None req-d5f6b22d-8602-47d2-93c8-cf44c95f7443 None None] Truncating password to algorithm specific maximum length 72 characters.
Apr 02 01:55:15 ubuntu devstack@keystone.service[81720]: WARNING keystone.common.password_hashing [None req-71e76c35-2a13-45dc-85ee-9280f5d5f14f None None] Truncating password to algorithm specific maximum length 72 characters.
Apr 02 01:55:15 ubuntu devstack@keystone.service[81719]: DEBUG keystone.auth.core [None req-d5f6b22d-8602-47d2-93c8-cf44c95f7443 None None] MFA Rules not processed for user `84e6c0d7f1b24e3a879592b73365555f`. Rule list: `[]` (Enabled: `True`). {{(pid=81719) check_auth_methods_against_rules /opt/stack/keystone/keystone/auth/core.py:476}}
Apr 02 01:55:15 ubuntu devstack@keystone.service[81719]: DEBUG keystone.common.fernet_utils [None req-d5f6b22d-8602-47d2-93c8-cf44c95f7443 None None] Loaded 2 Fernet keys from /etc/keystone/fernet-keys/, but `[fernet_tokens] max_active_keys = 3`; perhaps there have not been enough key rotations to reach `max_active_keys` yet? {{(pid=81719) load_keys /opt/stack/keystone/keystone/common/fernet_utils.py:297}}
Apr 02 01:55:15 ubuntu devstack@keystone.service[81720]: DEBUG keystone.auth.core [None req-71e76c35-2a13-45dc-85ee-9280f5d5f14f None None] MFA Rules not processed for user `84e6c0d7f1b24e3a879592b73365555f`. Rule list: `[]` (Enabled: `True`). {{(pid=81720) check_auth_methods_against_rules /opt/stack/keystone/keystone/auth/core.py:476}}
Apr 02 01:55:15 ubuntu devstack@keystone.service[81720]: DEBUG keystone.common.fernet_utils [None req-71e76c35-2a13-45dc-85ee-9280f5d5f14f None None] Loaded 2 Fernet keys from /etc/keystone/fernet-keys/, but `[fernet_tokens] max_active_keys = 3`; perhaps there have not been enough key rotations to reach `max_active_keys` yet? {{(pid=81720) load_keys /opt/stack/keystone/keystone/common/fernet_utils.py:297}}
Apr 02 01:55:15 ubuntu devstack@keystone.service[81719]: [pid: 81719|app: 0|req: 21/45] 10.201.5.82 () {58 vars in 1017 bytes} [Thu Apr  2 01:55:15 2026] POST /identity/v3/auth/tokens => generated 862 bytes in 51 msecs (HTTP/1.1 201) 6 headers in 363 bytes (2 switches on core 0)
Apr 02 01:55:15 ubuntu devstack@keystone.service[81720]: [pid: 81720|app: 0|req: 25/46] 10.201.5.82 () {58 vars in 1017 bytes} [Thu Apr  2 01:55:15 2026] POST /identity/v3/auth/tokens => generated 862 bytes in 63 msecs (HTTP/1.1 201) 6 headers in 363 bytes (1 switches on core 0)
Apr 02 01:55:15 ubuntu devstack@keystone.service[81719]: DEBUG keystone.server.flask.request_processing.middleware.auth_context [None req-d5f6b22d-8602-47d2-93c8-cf44c95f7443 None None] Authenticating user token {{(pid=81719) process_request /opt/stack/data/venv/lib/python3.10/site-packages/keystonemiddleware/auth_token/__init__.py:407}}
Apr 02 01:55:15 ubuntu devstack@keystone.service[81720]: DEBUG keystone.server.flask.request_processing.middleware.auth_context [None req-71e76c35-2a13-45dc-85ee-9280f5d5f14f None None] Authenticating user token {{(pid=81720) process_request /opt/stack/data/venv/lib/python3.10/site-packages/keystonemiddleware/auth_token/__init__.py:407}}
Apr 02 01:55:15 ubuntu devstack@keystone.service[81719]: DEBUG keystone.server.flask.request_processing.middleware.auth_context [None req-d5f6b22d-8602-47d2-93c8-cf44c95f7443 None None] Validating token access rules against request {{(pid=81719) validate_allowed_request /opt/stack/data/venv/lib/python3.10/site-packages/keystonemiddleware/auth_token/__init__.py:545}}
Apr 02 01:55:15 ubuntu devstack@keystone.service[81719]: DEBUG keystone.server.flask.request_processing.middleware.auth_context [None req-2719da37-ecdb-4f1e-8acc-41b5435654eb None admin] RBAC: auth_context: {'token': <TokenModel (audit_id=7pGRJX0qTTmLUvh7qd5S5Q, audit_chain_id=['7pGRJX0qTTmLUvh7qd5S5Q']) at 0x7f4b15ae55d0>, 'domain_id': None, 'trust_id': None, 'trustor_id': None, 'trustee_id': None, 'domain_name': None, 'group_ids': [], 'user_id': '84e6c0d7f1b24e3a879592b73365555f', 'user_domain_id': 'default', 'system_scope': 'all', 'project_id': None, 'project_domain_id': None, 'roles': ['admin', 'manager', 'member', 'reader'], 'is_admin_project': True, 'service_user_id': None, 'service_user_domain_id': None, 'service_project_id': None, 'service_project_domain_id': None, 'service_roles': []} {{(pid=81719) fill_context /opt/stack/keystone/keystone/server/flask/request_processing/middleware/auth_context.py:509}}
Apr 02 01:55:15 ubuntu devstack@keystone.service[81719]: DEBUG keystone.server.flask.request_processing.req_logging [None req-2719da37-ecdb-4f1e-8acc-41b5435654eb None admin] REQUEST_METHOD: `POST` {{(pid=81719) log_request_info /opt/stack/keystone/keystone/server/flask/request_processing/req_logging.py:26}}
Apr 02 01:55:15 ubuntu devstack@keystone.service[81719]: DEBUG keystone.server.flask.request_processing.req_logging [None req-2719da37-ecdb-4f1e-8acc-41b5435654eb None admin] SCRIPT_NAME: `/identity` {{(pid=81719) log_request_info /opt/stack/keystone/keystone/server/flask/request_processing/req_logging.py:27}}
Apr 02 01:55:15 ubuntu devstack@keystone.service[81719]: DEBUG keystone.server.flask.request_processing.req_logging [None req-2719da37-ecdb-4f1e-8acc-41b5435654eb None admin] PATH_INFO: `/v3/roles` {{(pid=81719) log_request_info /opt/stack/keystone/keystone/server/flask/request_processing/req_logging.py:28}}
Apr 02 01:55:15 ubuntu devstack@keystone.service[81719]: DEBUG keystone.common.rbac_enforcer.enforcer [None req-2719da37-ecdb-4f1e-8acc-41b5435654eb None admin] RBAC: Authorizing `identity:create_role()` {{(pid=81719) enforce_call /opt/stack/keystone/keystone/common/rbac_enforcer/enforcer.py:494}}
Apr 02 01:55:15 ubuntu devstack@keystone.service[81719]: DEBUG keystone.common.rbac_enforcer.enforcer [None req-2719da37-ecdb-4f1e-8acc-41b5435654eb None admin] RBAC: Authorization granted {{(pid=81719) enforce_call /opt/stack/keystone/keystone/common/rbac_enforcer/enforcer.py:505}}
Apr 02 01:55:15 ubuntu devstack@keystone.service[81720]: DEBUG keystone.server.flask.request_processing.middleware.auth_context [None req-71e76c35-2a13-45dc-85ee-9280f5d5f14f None None] Validating token access rules against request {{(pid=81720) validate_allowed_request /opt/stack/data/venv/lib/python3.10/site-packages/keystonemiddleware/auth_token/__init__.py:545}}
Apr 02 01:55:15 ubuntu devstack@keystone.service[81719]: [pid: 81719|app: 0|req: 22/47] 10.201.5.82 () {60 vars in 1168 bytes} [Thu Apr  2 01:55:15 2026] POST /identity/v3/roles => generated 223 bytes in 63 msecs (HTTP/1.1 201) 5 headers in 182 bytes (2 switches on core 0)
Apr 02 01:55:15 ubuntu devstack@keystone.service[81720]: DEBUG keystone.server.flask.request_processing.middleware.auth_context [None req-10aef933-6143-417c-959f-0932403c2119 None admin] RBAC: auth_context: {'token': <TokenModel (audit_id=p6UMNYoJTz6CPYHqKT237g, audit_chain_id=['p6UMNYoJTz6CPYHqKT237g']) at 0x7f4b15cf4cd0>, 'domain_id': None, 'trust_id': None, 'trustor_id': None, 'trustee_id': None, 'domain_name': None, 'group_ids': [], 'user_id': '84e6c0d7f1b24e3a879592b73365555f', 'user_domain_id': 'default', 'system_scope': 'all', 'project_id': None, 'project_domain_id': None, 'roles': ['admin', 'manager', 'member', 'reader'], 'is_admin_project': True, 'service_user_id': None, 'service_user_domain_id': None, 'service_project_id': None, 'service_project_domain_id': None, 'service_roles': []} {{(pid=81720) fill_context /opt/stack/keystone/keystone/server/flask/request_processing/middleware/auth_context.py:509}}
Apr 02 01:55:15 ubuntu devstack@keystone.service[81720]: DEBUG keystone.server.flask.request_processing.req_logging [None req-10aef933-6143-417c-959f-0932403c2119 None admin] REQUEST_METHOD: `GET` {{(pid=81720) log_request_info /opt/stack/keystone/keystone/server/flask/request_processing/req_logging.py:26}}
Apr 02 01:55:15 ubuntu devstack@keystone.service[81720]: DEBUG keystone.server.flask.request_processing.req_logging [None req-10aef933-6143-417c-959f-0932403c2119 None admin] SCRIPT_NAME: `/identity` {{(pid=81720) log_request_info /opt/stack/keystone/keystone/server/flask/request_processing/req_logging.py:27}}
Apr 02 01:55:15 ubuntu devstack@keystone.service[81720]: DEBUG keystone.server.flask.request_processing.req_logging [None req-10aef933-6143-417c-959f-0932403c2119 None admin] PATH_INFO: `/v3/domains/default` {{(pid=81720) log_request_info /opt/stack/keystone/keystone/server/flask/request_processing/req_logging.py:28}}
Apr 02 01:55:15 ubuntu devstack@keystone.service[81720]: DEBUG keystone.common.rbac_enforcer.enforcer [None req-10aef933-6143-417c-959f-0932403c2119 None admin] RBAC: Authorizing `identity:get_domain(domain_id=default)` {{(pid=81720) enforce_call /opt/stack/keystone/keystone/common/rbac_enforcer/enforcer.py:494}}
Apr 02 01:55:15 ubuntu devstack@keystone.service[81720]: DEBUG keystone.common.rbac_enforcer.enforcer [None req-10aef933-6143-417c-959f-0932403c2119 None admin] RBAC: Authorization granted {{(pid=81720) enforce_call /opt/stack/keystone/keystone/common/rbac_enforcer/enforcer.py:505}}
Apr 02 01:55:15 ubuntu devstack@keystone.service[81720]: [pid: 81720|app: 0|req: 26/48] 10.201.5.82 () {56 vars in 1145 bytes} [Thu Apr  2 01:55:15 2026] GET /identity/v3/domains/default => generated 199 bytes in 71 msecs (HTTP/1.1 200) 5 headers in 177 bytes (1 switches on core 0)
Apr 02 01:55:15 ubuntu devstack@keystone.service[81719]: DEBUG keystone.server.flask.request_processing.middleware.auth_context [None req-2719da37-ecdb-4f1e-8acc-41b5435654eb None admin] Authenticating user token {{(pid=81719) process_request /opt/stack/data/venv/lib/python3.10/site-packages/keystonemiddleware/auth_token/__init__.py:407}}
Apr 02 01:55:15 ubuntu devstack@keystone.service[81719]: DEBUG keystone.server.flask.request_processing.middleware.auth_context [None req-2719da37-ecdb-4f1e-8acc-41b5435654eb None admin] Validating token access rules against request {{(pid=81719) validate_allowed_request /opt/stack/data/venv/lib/python3.10/site-packages/keystonemiddleware/auth_token/__init__.py:545}}
Apr 02 01:55:15 ubuntu devstack@keystone.service[81719]: DEBUG keystone.server.flask.request_processing.middleware.auth_context [None req-7d8f7dd1-421c-418e-94a2-a4b68461a19f None admin] RBAC: auth_context: {'token': <TokenModel (audit_id=p6UMNYoJTz6CPYHqKT237g, audit_chain_id=['p6UMNYoJTz6CPYHqKT237g']) at 0x7f4b15ae4df0>, 'domain_id': None, 'trust_id': None, 'trustor_id': None, 'trustee_id': None, 'domain_name': None, 'group_ids': [], 'user_id': '84e6c0d7f1b24e3a879592b73365555f', 'user_domain_id': 'default', 'system_scope': 'all', 'project_id': None, 'project_domain_id': None, 'roles': ['admin', 'manager', 'member', 'reader'], 'is_admin_project': True, 'service_user_id': None, 'service_user_domain_id': None, 'service_project_id': None, 'service_project_domain_id': None, 'service_roles': []} {{(pid=81719) fill_context /opt/stack/keystone/keystone/server/flask/request_processing/middleware/auth_context.py:509}}
Apr 02 01:55:15 ubuntu devstack@keystone.service[81719]: DEBUG keystone.server.flask.request_processing.req_logging [None req-7d8f7dd1-421c-418e-94a2-a4b68461a19f None admin] REQUEST_METHOD: `POST` {{(pid=81719) log_request_info /opt/stack/keystone/keystone/server/flask/request_processing/req_logging.py:26}}
Apr 02 01:55:15 ubuntu devstack@keystone.service[81719]: DEBUG keystone.server.flask.request_processing.req_logging [None req-7d8f7dd1-421c-418e-94a2-a4b68461a19f None admin] SCRIPT_NAME: `/identity` {{(pid=81719) log_request_info /opt/stack/keystone/keystone/server/flask/request_processing/req_logging.py:27}}
Apr 02 01:55:15 ubuntu devstack@keystone.service[81719]: DEBUG keystone.server.flask.request_processing.req_logging [None req-7d8f7dd1-421c-418e-94a2-a4b68461a19f None admin] PATH_INFO: `/v3/projects` {{(pid=81719) log_request_info /opt/stack/keystone/keystone/server/flask/request_processing/req_logging.py:28}}
Apr 02 01:55:15 ubuntu devstack@keystone.service[81719]: DEBUG keystone.common.rbac_enforcer.enforcer [None req-7d8f7dd1-421c-418e-94a2-a4b68461a19f None admin] RBAC: Authorizing `identity:create_project()` {{(pid=81719) enforce_call /opt/stack/keystone/keystone/common/rbac_enforcer/enforcer.py:494}}
Apr 02 01:55:15 ubuntu devstack@keystone.service[81719]: DEBUG keystone.common.rbac_enforcer.enforcer [None req-7d8f7dd1-421c-418e-94a2-a4b68461a19f None admin] RBAC: Authorization granted {{(pid=81719) enforce_call /opt/stack/keystone/keystone/common/rbac_enforcer/enforcer.py:505}}
Apr 02 01:55:15 ubuntu devstack@keystone.service[81719]: [pid: 81719|app: 0|req: 23/49] 10.201.5.82 () {60 vars in 1177 bytes} [Thu Apr  2 01:55:15 2026] POST /identity/v3/projects => generated 312 bytes in 80 msecs (HTTP/1.1 201) 5 headers in 182 bytes (2 switches on core 0)
Apr 02 01:55:16 ubuntu devstack@keystone.service[81720]: DEBUG keystone.server.flask.request_processing.req_logging [None req-a97f00bf-da37-4611-bd54-a03f43b4f0bd None None] REQUEST_METHOD: `GET` {{(pid=81720) log_request_info /opt/stack/keystone/keystone/server/flask/request_processing/req_logging.py:26}}
Apr 02 01:55:16 ubuntu devstack@keystone.service[81720]: DEBUG keystone.server.flask.request_processing.req_logging [None req-a97f00bf-da37-4611-bd54-a03f43b4f0bd None None] SCRIPT_NAME: `/identity` {{(pid=81720) log_request_info /opt/stack/keystone/keystone/server/flask/request_processing/req_logging.py:27}}
Apr 02 01:55:16 ubuntu devstack@keystone.service[81720]: DEBUG keystone.server.flask.request_processing.req_logging [None req-a97f00bf-da37-4611-bd54-a03f43b4f0bd None None] PATH_INFO: `/` {{(pid=81720) log_request_info /opt/stack/keystone/keystone/server/flask/request_processing/req_logging.py:28}}
Apr 02 01:55:16 ubuntu devstack@keystone.service[81720]: [pid: 81720|app: 0|req: 27/50] 10.201.5.82 () {54 vars in 920 bytes} [Thu Apr  2 01:55:16 2026] GET /identity => generated 270 bytes in 6 msecs (HTTP/1.1 300) 6 headers in 234 bytes (1 switches on core 0)
Apr 02 01:55:16 ubuntu devstack@keystone.service[81719]: DEBUG keystone.server.flask.request_processing.req_logging [None req-30092c50-ed5a-4745-83f0-eaf8865a205b None None] REQUEST_METHOD: `POST` {{(pid=81719) log_request_info /opt/stack/keystone/keystone/server/flask/request_processing/req_logging.py:26}}
Apr 02 01:55:16 ubuntu devstack@keystone.service[81719]: DEBUG keystone.server.flask.request_processing.req_logging [None req-30092c50-ed5a-4745-83f0-eaf8865a205b None None] SCRIPT_NAME: `/identity` {{(pid=81719) log_request_info /opt/stack/keystone/keystone/server/flask/request_processing/req_logging.py:27}}
Apr 02 01:55:16 ubuntu devstack@keystone.service[81719]: DEBUG keystone.server.flask.request_processing.req_logging [None req-30092c50-ed5a-4745-83f0-eaf8865a205b None None] PATH_INFO: `/v3/auth/tokens` {{(pid=81719) log_request_info /opt/stack/keystone/keystone/server/flask/request_processing/req_logging.py:28}}
Apr 02 01:55:16 ubuntu devstack@keystone.service[81719]: WARNING keystone.common.password_hashing [None req-30092c50-ed5a-4745-83f0-eaf8865a205b None None] Truncating password to algorithm specific maximum length 72 characters.
Apr 02 01:55:16 ubuntu devstack@keystone.service[81719]: DEBUG keystone.auth.core [None req-30092c50-ed5a-4745-83f0-eaf8865a205b None None] MFA Rules not processed for user `84e6c0d7f1b24e3a879592b73365555f`. Rule list: `[]` (Enabled: `True`). {{(pid=81719) check_auth_methods_against_rules /opt/stack/keystone/keystone/auth/core.py:476}}
