Feb 20 17:20:10 ubuntu devstack@keystone.service[81873]: DEBUG keystone.server.flask.request_processing.req_logging [None req-20c13f27-3855-4370-8bf3-5ccecfb175de None None] PATH_INFO: `/` {{(pid=81873) log_request_info /opt/stack/keystone/keystone/server/flask/request_processing/req_logging.py:28}}
Feb 20 17:20:10 ubuntu devstack@keystone.service[81873]: [pid: 81873|app: 0|req: 13/23] 10.201.5.82 () {54 vars in 920 bytes} [Fri Feb 20 17:20:10 2026] GET /identity => generated 270 bytes in 3 msecs (HTTP/1.1 300) 6 headers in 234 bytes (1 switches on core 0)
Feb 20 17:20:10 ubuntu devstack@keystone.service[81874]: DEBUG keystone.server.flask.request_processing.req_logging [None req-8409ca83-d60a-4709-b150-24e9f8127152 None None] REQUEST_METHOD: `POST` {{(pid=81874) log_request_info /opt/stack/keystone/keystone/server/flask/request_processing/req_logging.py:26}}
Feb 20 17:20:10 ubuntu devstack@keystone.service[81874]: DEBUG keystone.server.flask.request_processing.req_logging [None req-8409ca83-d60a-4709-b150-24e9f8127152 None None] SCRIPT_NAME: `/identity` {{(pid=81874) log_request_info /opt/stack/keystone/keystone/server/flask/request_processing/req_logging.py:27}}
Feb 20 17:20:10 ubuntu devstack@keystone.service[81874]: DEBUG keystone.server.flask.request_processing.req_logging [None req-8409ca83-d60a-4709-b150-24e9f8127152 None None] PATH_INFO: `/v3/auth/tokens` {{(pid=81874) log_request_info /opt/stack/keystone/keystone/server/flask/request_processing/req_logging.py:28}}
Feb 20 17:20:10 ubuntu devstack@keystone.service[81874]: WARNING keystone.common.password_hashing [None req-8409ca83-d60a-4709-b150-24e9f8127152 None None] Truncating password to algorithm specific maximum length 72 characters.
Feb 20 17:20:10 ubuntu devstack@keystone.service[81874]: DEBUG keystone.auth.core [None req-8409ca83-d60a-4709-b150-24e9f8127152 None None] MFA Rules not processed for user `a7c2cc621620487783d253c7238d8388`. Rule list: `[]` (Enabled: `True`). {{(pid=81874) check_auth_methods_against_rules /opt/stack/keystone/keystone/auth/core.py:476}}
Feb 20 17:20:10 ubuntu devstack@keystone.service[81874]: DEBUG keystone.common.fernet_utils [None req-8409ca83-d60a-4709-b150-24e9f8127152 None None] Loaded 2 Fernet keys from /etc/keystone/fernet-keys/, but `[fernet_tokens] max_active_keys = 3`; perhaps there have not been enough key rotations to reach `max_active_keys` yet? {{(pid=81874) load_keys /opt/stack/keystone/keystone/common/fernet_utils.py:297}}
Feb 20 17:20:10 ubuntu devstack@keystone.service[81874]: [pid: 81874|app: 0|req: 11/24] 10.201.5.82 () {58 vars in 1017 bytes} [Fri Feb 20 17:20:10 2026] POST /identity/v3/auth/tokens => generated 862 bytes in 57 msecs (HTTP/1.1 201) 6 headers in 363 bytes (1 switches on core 0)
Feb 20 17:20:10 ubuntu devstack@keystone.service[81873]: DEBUG keystone.server.flask.request_processing.req_logging [None req-f4cd092a-d279-41c8-9ceb-cbd9a18664dd None None] REQUEST_METHOD: `GET` {{(pid=81873) log_request_info /opt/stack/keystone/keystone/server/flask/request_processing/req_logging.py:26}}
Feb 20 17:20:10 ubuntu devstack@keystone.service[81873]: DEBUG keystone.server.flask.request_processing.req_logging [None req-f4cd092a-d279-41c8-9ceb-cbd9a18664dd None None] SCRIPT_NAME: `/identity` {{(pid=81873) log_request_info /opt/stack/keystone/keystone/server/flask/request_processing/req_logging.py:27}}
Feb 20 17:20:10 ubuntu devstack@keystone.service[81873]: DEBUG keystone.server.flask.request_processing.req_logging [None req-f4cd092a-d279-41c8-9ceb-cbd9a18664dd None None] PATH_INFO: `/` {{(pid=81873) log_request_info /opt/stack/keystone/keystone/server/flask/request_processing/req_logging.py:28}}
Feb 20 17:20:10 ubuntu devstack@keystone.service[81873]: [pid: 81873|app: 0|req: 14/25] 10.201.5.82 () {54 vars in 920 bytes} [Fri Feb 20 17:20:10 2026] GET /identity => generated 270 bytes in 2 msecs (HTTP/1.1 300) 6 headers in 234 bytes (1 switches on core 0)
Feb 20 17:20:10 ubuntu devstack@keystone.service[81874]: DEBUG keystone.server.flask.request_processing.req_logging [None req-9878b07d-9ee1-4509-bf9a-aa588c0ac495 None None] REQUEST_METHOD: `POST` {{(pid=81874) log_request_info /opt/stack/keystone/keystone/server/flask/request_processing/req_logging.py:26}}
Feb 20 17:20:10 ubuntu devstack@keystone.service[81874]: DEBUG keystone.server.flask.request_processing.req_logging [None req-9878b07d-9ee1-4509-bf9a-aa588c0ac495 None None] SCRIPT_NAME: `/identity` {{(pid=81874) log_request_info /opt/stack/keystone/keystone/server/flask/request_processing/req_logging.py:27}}
Feb 20 17:20:10 ubuntu devstack@keystone.service[81874]: DEBUG keystone.server.flask.request_processing.req_logging [None req-9878b07d-9ee1-4509-bf9a-aa588c0ac495 None None] PATH_INFO: `/v3/auth/tokens` {{(pid=81874) log_request_info /opt/stack/keystone/keystone/server/flask/request_processing/req_logging.py:28}}
Feb 20 17:20:10 ubuntu devstack@keystone.service[81873]: DEBUG keystone.server.flask.request_processing.middleware.auth_context [None req-f4cd092a-d279-41c8-9ceb-cbd9a18664dd None None] Authenticating user token {{(pid=81873) process_request /opt/stack/data/venv/lib/python3.10/site-packages/keystonemiddleware/auth_token/__init__.py:407}}
Feb 20 17:20:10 ubuntu devstack@keystone.service[81873]: DEBUG keystone.server.flask.request_processing.middleware.auth_context [None req-f4cd092a-d279-41c8-9ceb-cbd9a18664dd None None] Validating token access rules against request {{(pid=81873) validate_allowed_request /opt/stack/data/venv/lib/python3.10/site-packages/keystonemiddleware/auth_token/__init__.py:545}}
Feb 20 17:20:10 ubuntu devstack@keystone.service[81874]: WARNING keystone.common.password_hashing [None req-9878b07d-9ee1-4509-bf9a-aa588c0ac495 None None] Truncating password to algorithm specific maximum length 72 characters.
Feb 20 17:20:10 ubuntu devstack@keystone.service[81874]: DEBUG keystone.auth.core [None req-9878b07d-9ee1-4509-bf9a-aa588c0ac495 None None] MFA Rules not processed for user `a7c2cc621620487783d253c7238d8388`. Rule list: `[]` (Enabled: `True`). {{(pid=81874) check_auth_methods_against_rules /opt/stack/keystone/keystone/auth/core.py:476}}
Feb 20 17:20:10 ubuntu devstack@keystone.service[81874]: DEBUG keystone.common.fernet_utils [None req-9878b07d-9ee1-4509-bf9a-aa588c0ac495 None None] Loaded 2 Fernet keys from /etc/keystone/fernet-keys/, but `[fernet_tokens] max_active_keys = 3`; perhaps there have not been enough key rotations to reach `max_active_keys` yet? {{(pid=81874) load_keys /opt/stack/keystone/keystone/common/fernet_utils.py:297}}
Feb 20 17:20:10 ubuntu devstack@keystone.service[81873]: DEBUG keystone.server.flask.request_processing.middleware.auth_context [None req-049ab939-7ce2-45f1-969d-ca6c57190dc2 None admin] RBAC: auth_context: {'token': <TokenModel (audit_id=er8gyraESDexTipFe8q8XQ, audit_chain_id=['er8gyraESDexTipFe8q8XQ']) at 0x7f6f1a7c7340>, 'domain_id': None, 'trust_id': None, 'trustor_id': None, 'trustee_id': None, 'domain_name': None, 'group_ids': [], 'user_id': 'a7c2cc621620487783d253c7238d8388', 'user_domain_id': 'default', 'system_scope': 'all', 'project_id': None, 'project_domain_id': None, 'roles': ['admin', 'manager', 'member', 'reader'], 'is_admin_project': True, 'service_user_id': None, 'service_user_domain_id': None, 'service_project_id': None, 'service_project_domain_id': None, 'service_roles': []} {{(pid=81873) fill_context /opt/stack/keystone/keystone/server/flask/request_processing/middleware/auth_context.py:509}}
Feb 20 17:20:10 ubuntu devstack@keystone.service[81873]: DEBUG keystone.server.flask.request_processing.req_logging [None req-049ab939-7ce2-45f1-969d-ca6c57190dc2 None admin] REQUEST_METHOD: `GET` {{(pid=81873) log_request_info /opt/stack/keystone/keystone/server/flask/request_processing/req_logging.py:26}}
Feb 20 17:20:10 ubuntu devstack@keystone.service[81873]: DEBUG keystone.server.flask.request_processing.req_logging [None req-049ab939-7ce2-45f1-969d-ca6c57190dc2 None admin] SCRIPT_NAME: `/identity` {{(pid=81873) log_request_info /opt/stack/keystone/keystone/server/flask/request_processing/req_logging.py:27}}
Feb 20 17:20:10 ubuntu devstack@keystone.service[81873]: DEBUG keystone.server.flask.request_processing.req_logging [None req-049ab939-7ce2-45f1-969d-ca6c57190dc2 None admin] PATH_INFO: `/v3/roles/admin` {{(pid=81873) log_request_info /opt/stack/keystone/keystone/server/flask/request_processing/req_logging.py:28}}
Feb 20 17:20:10 ubuntu devstack@keystone.service[81873]: DEBUG keystone.common.rbac_enforcer.enforcer [None req-049ab939-7ce2-45f1-969d-ca6c57190dc2 None admin] Extracting inferred target data resulted in "NOT FOUND (404)". {{(pid=81873) enforce_call /opt/stack/keystone/keystone/common/rbac_enforcer/enforcer.py:445}}
Feb 20 17:20:10 ubuntu devstack@keystone.service[81873]: DEBUG keystone.server.flask.application [None req-049ab939-7ce2-45f1-969d-ca6c57190dc2 None admin] Could not find role: admin. {{(pid=81873) _handle_keystone_exception /opt/stack/keystone/keystone/server/flask/application.py:146}}
Feb 20 17:20:10 ubuntu devstack@keystone.service[81873]: [pid: 81873|app: 0|req: 15/26] 10.201.5.82 () {56 vars in 1133 bytes} [Fri Feb 20 17:20:10 2026] GET /identity/v3/roles/admin => generated 83 bytes in 122 msecs (HTTP/1.1 404) 5 headers in 183 bytes (1 switches on core 0)
Feb 20 17:20:10 ubuntu devstack@keystone.service[81873]: DEBUG keystone.server.flask.request_processing.middleware.auth_context [None req-049ab939-7ce2-45f1-969d-ca6c57190dc2 None admin] Authenticating user token {{(pid=81873) process_request /opt/stack/data/venv/lib/python3.10/site-packages/keystonemiddleware/auth_token/__init__.py:407}}
Feb 20 17:20:10 ubuntu devstack@keystone.service[81874]: [pid: 81874|app: 0|req: 12/27] 10.201.5.82 () {58 vars in 1017 bytes} [Fri Feb 20 17:20:10 2026] POST /identity/v3/auth/tokens => generated 862 bytes in 177 msecs (HTTP/1.1 201) 6 headers in 363 bytes (1 switches on core 0)
Feb 20 17:20:10 ubuntu devstack@keystone.service[81873]: DEBUG keystone.server.flask.request_processing.middleware.auth_context [None req-049ab939-7ce2-45f1-969d-ca6c57190dc2 None admin] Validating token access rules against request {{(pid=81873) validate_allowed_request /opt/stack/data/venv/lib/python3.10/site-packages/keystonemiddleware/auth_token/__init__.py:545}}
Feb 20 17:20:10 ubuntu devstack@keystone.service[81873]: DEBUG keystone.server.flask.request_processing.middleware.auth_context [None req-022aef2a-2360-4623-9687-8fc5f0daf94d None admin] RBAC: auth_context: {'token': <TokenModel (audit_id=er8gyraESDexTipFe8q8XQ, audit_chain_id=['er8gyraESDexTipFe8q8XQ']) at 0x7f6f1a7c5990>, 'domain_id': None, 'trust_id': None, 'trustor_id': None, 'trustee_id': None, 'domain_name': None, 'group_ids': [], 'user_id': 'a7c2cc621620487783d253c7238d8388', 'user_domain_id': 'default', 'system_scope': 'all', 'project_id': None, 'project_domain_id': None, 'roles': ['admin', 'manager', 'member', 'reader'], 'is_admin_project': True, 'service_user_id': None, 'service_user_domain_id': None, 'service_project_id': None, 'service_project_domain_id': None, 'service_roles': []} {{(pid=81873) fill_context /opt/stack/keystone/keystone/server/flask/request_processing/middleware/auth_context.py:509}}
Feb 20 17:20:10 ubuntu devstack@keystone.service[81873]: DEBUG keystone.server.flask.request_processing.req_logging [None req-022aef2a-2360-4623-9687-8fc5f0daf94d None admin] REQUEST_METHOD: `GET` {{(pid=81873) log_request_info /opt/stack/keystone/keystone/server/flask/request_processing/req_logging.py:26}}
Feb 20 17:20:10 ubuntu devstack@keystone.service[81873]: DEBUG keystone.server.flask.request_processing.req_logging [None req-022aef2a-2360-4623-9687-8fc5f0daf94d None admin] SCRIPT_NAME: `/identity` {{(pid=81873) log_request_info /opt/stack/keystone/keystone/server/flask/request_processing/req_logging.py:27}}
Feb 20 17:20:10 ubuntu devstack@keystone.service[81873]: DEBUG keystone.server.flask.request_processing.req_logging [None req-022aef2a-2360-4623-9687-8fc5f0daf94d None admin] PATH_INFO: `/v3/roles` {{(pid=81873) log_request_info /opt/stack/keystone/keystone/server/flask/request_processing/req_logging.py:28}}
Feb 20 17:20:10 ubuntu devstack@keystone.service[81873]: DEBUG keystone.common.rbac_enforcer.enforcer [None req-022aef2a-2360-4623-9687-8fc5f0daf94d None admin] RBAC: Adding query filter params (name=admin) {{(pid=81873) _extract_filter_values /opt/stack/keystone/keystone/common/rbac_enforcer/enforcer.py:176}}
Feb 20 17:20:10 ubuntu devstack@keystone.service[81873]: DEBUG keystone.common.rbac_enforcer.enforcer [None req-022aef2a-2360-4623-9687-8fc5f0daf94d None admin] RBAC: Authorizing `identity:list_roles()` {{(pid=81873) enforce_call /opt/stack/keystone/keystone/common/rbac_enforcer/enforcer.py:494}}
Feb 20 17:20:10 ubuntu devstack@keystone.service[81873]: DEBUG keystone.common.rbac_enforcer.enforcer [None req-022aef2a-2360-4623-9687-8fc5f0daf94d None admin] RBAC: Authorization granted {{(pid=81873) enforce_call /opt/stack/keystone/keystone/common/rbac_enforcer/enforcer.py:505}}
Feb 20 17:20:10 ubuntu devstack@keystone.service[81873]: [pid: 81873|app: 0|req: 16/28] 10.201.5.82 () {56 vars in 1149 bytes} [Fri Feb 20 17:20:10 2026] GET /identity/v3/roles?name=admin => generated 339 bytes in 107 msecs (HTTP/1.1 200) 5 headers in 177 bytes (1 switches on core 0)
Feb 20 17:20:10 ubuntu devstack@keystone.service[81874]: DEBUG keystone.server.flask.request_processing.req_logging [None req-3f2b5d18-6a53-495e-b4f5-868b9bee38fc None None] REQUEST_METHOD: `GET` {{(pid=81874) log_request_info /opt/stack/keystone/keystone/server/flask/request_processing/req_logging.py:26}}
Feb 20 17:20:10 ubuntu devstack@keystone.service[81874]: DEBUG keystone.server.flask.request_processing.req_logging [None req-3f2b5d18-6a53-495e-b4f5-868b9bee38fc None None] SCRIPT_NAME: `/identity` {{(pid=81874) log_request_info /opt/stack/keystone/keystone/server/flask/request_processing/req_logging.py:27}}
Feb 20 17:20:10 ubuntu devstack@keystone.service[81874]: DEBUG keystone.server.flask.request_processing.req_logging [None req-3f2b5d18-6a53-495e-b4f5-868b9bee38fc None None] PATH_INFO: `/` {{(pid=81874) log_request_info /opt/stack/keystone/keystone/server/flask/request_processing/req_logging.py:28}}
Feb 20 17:20:10 ubuntu devstack@keystone.service[81873]: DEBUG keystone.server.flask.request_processing.middleware.auth_context [None req-022aef2a-2360-4623-9687-8fc5f0daf94d None admin] Authenticating user token {{(pid=81873) process_request /opt/stack/data/venv/lib/python3.10/site-packages/keystonemiddleware/auth_token/__init__.py:407}}
Feb 20 17:20:10 ubuntu devstack@keystone.service[81874]: [pid: 81874|app: 0|req: 13/29] 10.201.5.82 () {54 vars in 920 bytes} [Fri Feb 20 17:20:10 2026] GET /identity => generated 270 bytes in 3 msecs (HTTP/1.1 300) 6 headers in 234 bytes (1 switches on core 0)
Feb 20 17:20:10 ubuntu devstack@keystone.service[81874]: DEBUG keystone.server.flask.request_processing.req_logging [None req-fe47e4ea-7e0f-462d-b087-6d47d31418d8 None None] REQUEST_METHOD: `POST` {{(pid=81874) log_request_info /opt/stack/keystone/keystone/server/flask/request_processing/req_logging.py:26}}
Feb 20 17:20:10 ubuntu devstack@keystone.service[81874]: DEBUG keystone.server.flask.request_processing.req_logging [None req-fe47e4ea-7e0f-462d-b087-6d47d31418d8 None None] SCRIPT_NAME: `/identity` {{(pid=81874) log_request_info /opt/stack/keystone/keystone/server/flask/request_processing/req_logging.py:27}}
Feb 20 17:20:10 ubuntu devstack@keystone.service[81874]: DEBUG keystone.server.flask.request_processing.req_logging [None req-fe47e4ea-7e0f-462d-b087-6d47d31418d8 None None] PATH_INFO: `/v3/auth/tokens` {{(pid=81874) log_request_info /opt/stack/keystone/keystone/server/flask/request_processing/req_logging.py:28}}
Feb 20 17:20:10 ubuntu devstack@keystone.service[81874]: WARNING keystone.common.password_hashing [None req-fe47e4ea-7e0f-462d-b087-6d47d31418d8 None None] Truncating password to algorithm specific maximum length 72 characters.
Feb 20 17:20:10 ubuntu devstack@keystone.service[81873]: DEBUG keystone.server.flask.request_processing.middleware.auth_context [None req-022aef2a-2360-4623-9687-8fc5f0daf94d None admin] Validating token access rules against request {{(pid=81873) validate_allowed_request /opt/stack/data/venv/lib/python3.10/site-packages/keystonemiddleware/auth_token/__init__.py:545}}
Feb 20 17:20:10 ubuntu devstack@keystone.service[81874]: DEBUG keystone.auth.core [None req-fe47e4ea-7e0f-462d-b087-6d47d31418d8 None None] MFA Rules not processed for user `a7c2cc621620487783d253c7238d8388`. Rule list: `[]` (Enabled: `True`). {{(pid=81874) check_auth_methods_against_rules /opt/stack/keystone/keystone/auth/core.py:476}}
Feb 20 17:20:10 ubuntu devstack@keystone.service[81874]: DEBUG keystone.common.fernet_utils [None req-fe47e4ea-7e0f-462d-b087-6d47d31418d8 None None] Loaded 2 Fernet keys from /etc/keystone/fernet-keys/, but `[fernet_tokens] max_active_keys = 3`; perhaps there have not been enough key rotations to reach `max_active_keys` yet? {{(pid=81874) load_keys /opt/stack/keystone/keystone/common/fernet_utils.py:297}}
Feb 20 17:20:10 ubuntu devstack@keystone.service[81873]: DEBUG keystone.server.flask.request_processing.middleware.auth_context [None req-1fdc9144-7fa9-4170-b6e0-b8a6675e0701 None admin] RBAC: auth_context: {'token': <TokenModel (audit_id=er8gyraESDexTipFe8q8XQ, audit_chain_id=['er8gyraESDexTipFe8q8XQ']) at 0x7f6f1a797430>, 'domain_id': None, 'trust_id': None, 'trustor_id': None, 'trustee_id': None, 'domain_name': None, 'group_ids': [], 'user_id': 'a7c2cc621620487783d253c7238d8388', 'user_domain_id': 'default', 'system_scope': 'all', 'project_id': None, 'project_domain_id': None, 'roles': ['admin', 'manager', 'member', 'reader'], 'is_admin_project': True, 'service_user_id': None, 'service_user_domain_id': None, 'service_project_id': None, 'service_project_domain_id': None, 'service_roles': []} {{(pid=81873) fill_context /opt/stack/keystone/keystone/server/flask/request_processing/middleware/auth_context.py:509}}
Feb 20 17:20:10 ubuntu devstack@keystone.service[81873]: DEBUG keystone.server.flask.request_processing.req_logging [None req-1fdc9144-7fa9-4170-b6e0-b8a6675e0701 None admin] REQUEST_METHOD: `GET` {{(pid=81873) log_request_info /opt/stack/keystone/keystone/server/flask/request_processing/req_logging.py:26}}
Feb 20 17:20:10 ubuntu devstack@keystone.service[81873]: DEBUG keystone.server.flask.request_processing.req_logging [None req-1fdc9144-7fa9-4170-b6e0-b8a6675e0701 None admin] SCRIPT_NAME: `/identity` {{(pid=81873) log_request_info /opt/stack/keystone/keystone/server/flask/request_processing/req_logging.py:27}}
Feb 20 17:20:10 ubuntu devstack@keystone.service[81873]: DEBUG keystone.server.flask.request_processing.req_logging [None req-1fdc9144-7fa9-4170-b6e0-b8a6675e0701 None admin] PATH_INFO: `/v3/users/a7c2cc621620487783d253c7238d8388` {{(pid=81873) log_request_info /opt/stack/keystone/keystone/server/flask/request_processing/req_logging.py:28}}
Feb 20 17:20:10 ubuntu devstack@keystone.service[81873]: DEBUG keystone.common.rbac_enforcer.enforcer [None req-1fdc9144-7fa9-4170-b6e0-b8a6675e0701 None admin] RBAC: Authorizing `identity:get_user(user_id=a7c2cc621620487783d253c7238d8388)` {{(pid=81873) enforce_call /opt/stack/keystone/keystone/common/rbac_enforcer/enforcer.py:494}}
Feb 20 17:20:10 ubuntu devstack@keystone.service[81873]: DEBUG keystone.common.rbac_enforcer.enforcer [None req-1fdc9144-7fa9-4170-b6e0-b8a6675e0701 None admin] RBAC: Authorization granted {{(pid=81873) enforce_call /opt/stack/keystone/keystone/common/rbac_enforcer/enforcer.py:505}}
Feb 20 17:20:10 ubuntu devstack@keystone.service[81873]: [pid: 81873|app: 0|req: 17/30] 10.201.5.82 () {56 vars in 1214 bytes} [Fri Feb 20 17:20:10 2026] GET /identity/v3/users/a7c2cc621620487783d253c7238d8388 => generated 247 bytes in 67 msecs (HTTP/1.1 200) 5 headers in 177 bytes (1 switches on core 0)
Feb 20 17:20:10 ubuntu devstack@keystone.service[81873]: DEBUG keystone.server.flask.request_processing.middleware.auth_context [None req-1fdc9144-7fa9-4170-b6e0-b8a6675e0701 None admin] Authenticating user token {{(pid=81873) process_request /opt/stack/data/venv/lib/python3.10/site-packages/keystonemiddleware/auth_token/__init__.py:407}}
Feb 20 17:20:10 ubuntu devstack@keystone.service[81874]: [pid: 81874|app: 0|req: 14/31] 10.201.5.82 () {58 vars in 1017 bytes} [Fri Feb 20 17:20:10 2026] POST /identity/v3/auth/tokens => generated 862 bytes in 71 msecs (HTTP/1.1 201) 6 headers in 363 bytes (1 switches on core 0)
Feb 20 17:20:10 ubuntu devstack@keystone.service[81874]: DEBUG keystone.server.flask.request_processing.middleware.auth_context [None req-fe47e4ea-7e0f-462d-b087-6d47d31418d8 None None] Authenticating user token {{(pid=81874) process_request /opt/stack/data/venv/lib/python3.10/site-packages/keystonemiddleware/auth_token/__init__.py:407}}
Feb 20 17:20:10 ubuntu devstack@keystone.service[81873]: DEBUG keystone.server.flask.request_processing.middleware.auth_context [None req-1fdc9144-7fa9-4170-b6e0-b8a6675e0701 None admin] Validating token access rules against request {{(pid=81873) validate_allowed_request /opt/stack/data/venv/lib/python3.10/site-packages/keystonemiddleware/auth_token/__init__.py:545}}
Feb 20 17:20:10 ubuntu devstack@keystone.service[81874]: DEBUG keystone.server.flask.request_processing.middleware.auth_context [None req-fe47e4ea-7e0f-462d-b087-6d47d31418d8 None None] Validating token access rules against request {{(pid=81874) validate_allowed_request /opt/stack/data/venv/lib/python3.10/site-packages/keystonemiddleware/auth_token/__init__.py:545}}
Feb 20 17:20:10 ubuntu devstack@keystone.service[81873]: DEBUG keystone.server.flask.request_processing.middleware.auth_context [None req-5e2d0654-7f76-4090-8b92-83bda9386998 None admin] RBAC: auth_context: {'token': <TokenModel (audit_id=z8BkABGDS3C3W4PphmgItA, audit_chain_id=['z8BkABGDS3C3W4PphmgItA']) at 0x7f6f1a4b50c0>, 'domain_id': None, 'trust_id': None, 'trustor_id': None, 'trustee_id': None, 'domain_name': None, 'group_ids': [], 'user_id': 'a7c2cc621620487783d253c7238d8388', 'user_domain_id': 'default', 'system_scope': 'all', 'project_id': None, 'project_domain_id': None, 'roles': ['admin', 'manager', 'member', 'reader'], 'is_admin_project': True, 'service_user_id': None, 'service_user_domain_id': None, 'service_project_id': None, 'service_project_domain_id': None, 'service_roles': []} {{(pid=81873) fill_context /opt/stack/keystone/keystone/server/flask/request_processing/middleware/auth_context.py:509}}
Feb 20 17:20:10 ubuntu devstack@keystone.service[81873]: DEBUG keystone.server.flask.request_processing.req_logging [None req-5e2d0654-7f76-4090-8b92-83bda9386998 None admin] REQUEST_METHOD: `GET` {{(pid=81873) log_request_info /opt/stack/keystone/keystone/server/flask/request_processing/req_logging.py:26}}
Feb 20 17:20:10 ubuntu devstack@keystone.service[81873]: DEBUG keystone.server.flask.request_processing.req_logging [None req-5e2d0654-7f76-4090-8b92-83bda9386998 None admin] SCRIPT_NAME: `/identity` {{(pid=81873) log_request_info /opt/stack/keystone/keystone/server/flask/request_processing/req_logging.py:27}}
Feb 20 17:20:10 ubuntu devstack@keystone.service[81873]: DEBUG keystone.server.flask.request_processing.req_logging [None req-5e2d0654-7f76-4090-8b92-83bda9386998 None admin] PATH_INFO: `/v3/domains/Default` {{(pid=81873) log_request_info /opt/stack/keystone/keystone/server/flask/request_processing/req_logging.py:28}}
Feb 20 17:20:10 ubuntu devstack@keystone.service[81873]: DEBUG keystone.common.rbac_enforcer.enforcer [None req-5e2d0654-7f76-4090-8b92-83bda9386998 None admin] RBAC: Authorizing `identity:get_domain(domain_id=Default)` {{(pid=81873) enforce_call /opt/stack/keystone/keystone/common/rbac_enforcer/enforcer.py:494}}
Feb 20 17:20:10 ubuntu devstack@keystone.service[81873]: DEBUG keystone.common.rbac_enforcer.enforcer [None req-5e2d0654-7f76-4090-8b92-83bda9386998 None admin] RBAC: Authorization granted {{(pid=81873) enforce_call /opt/stack/keystone/keystone/common/rbac_enforcer/enforcer.py:505}}
Feb 20 17:20:10 ubuntu devstack@keystone.service[81873]: DEBUG keystone.server.flask.application [None req-5e2d0654-7f76-4090-8b92-83bda9386998 None admin] Could not find domain: Default. {{(pid=81873) _handle_keystone_exception /opt/stack/keystone/keystone/server/flask/application.py:146}}
Feb 20 17:20:11 ubuntu devstack@keystone.service[81873]: [pid: 81873|app: 0|req: 18/32] 10.201.5.82 () {56 vars in 1145 bytes} [Fri Feb 20 17:20:10 2026] GET /identity/v3/domains/Default => generated 87 bytes in 70 msecs (HTTP/1.1 404) 5 headers in 183 bytes (1 switches on core 0)
Feb 20 17:20:11 ubuntu devstack@keystone.service[81873]: DEBUG keystone.server.flask.request_processing.middleware.auth_context [None req-5e2d0654-7f76-4090-8b92-83bda9386998 None admin] Authenticating user token {{(pid=81873) process_request /opt/stack/data/venv/lib/python3.10/site-packages/keystonemiddleware/auth_token/__init__.py:407}}
Feb 20 17:20:11 ubuntu devstack@keystone.service[81874]: DEBUG keystone.server.flask.request_processing.middleware.auth_context [None req-e2d9f038-cb15-4b3a-919c-675820e21320 None admin] RBAC: auth_context: {'token': <TokenModel (audit_id=er8gyraESDexTipFe8q8XQ, audit_chain_id=['er8gyraESDexTipFe8q8XQ']) at 0x7f6f1b4891b0>, 'domain_id': None, 'trust_id': None, 'trustor_id': None, 'trustee_id': None, 'domain_name': None, 'group_ids': [], 'user_id': 'a7c2cc621620487783d253c7238d8388', 'user_domain_id': 'default', 'system_scope': 'all', 'project_id': None, 'project_domain_id': None, 'roles': ['admin', 'manager', 'member', 'reader'], 'is_admin_project': True, 'service_user_id': None, 'service_user_domain_id': None, 'service_project_id': None, 'service_project_domain_id': None, 'service_roles': []} {{(pid=81874) fill_context /opt/stack/keystone/keystone/server/flask/request_processing/middleware/auth_context.py:509}}
Feb 20 17:20:11 ubuntu devstack@keystone.service[81874]: DEBUG keystone.server.flask.request_processing.req_logging [None req-e2d9f038-cb15-4b3a-919c-675820e21320 None admin] REQUEST_METHOD: `GET` {{(pid=81874) log_request_info /opt/stack/keystone/keystone/server/flask/request_processing/req_logging.py:26}}
Feb 20 17:20:11 ubuntu devstack@keystone.service[81874]: DEBUG keystone.server.flask.request_processing.req_logging [None req-e2d9f038-cb15-4b3a-919c-675820e21320 None admin] SCRIPT_NAME: `/identity` {{(pid=81874) log_request_info /opt/stack/keystone/keystone/server/flask/request_processing/req_logging.py:27}}
Feb 20 17:20:11 ubuntu devstack@keystone.service[81874]: DEBUG keystone.server.flask.request_processing.req_logging [None req-e2d9f038-cb15-4b3a-919c-675820e21320 None admin] PATH_INFO: `/v3/domains/default` {{(pid=81874) log_request_info /opt/stack/keystone/keystone/server/flask/request_processing/req_logging.py:28}}
Feb 20 17:20:11 ubuntu devstack@keystone.service[81874]: DEBUG keystone.common.rbac_enforcer.enforcer [None req-e2d9f038-cb15-4b3a-919c-675820e21320 None admin] RBAC: Authorizing `identity:get_domain(domain_id=default)` {{(pid=81874) enforce_call /opt/stack/keystone/keystone/common/rbac_enforcer/enforcer.py:494}}
Feb 20 17:20:11 ubuntu devstack@keystone.service[81874]: DEBUG keystone.common.rbac_enforcer.enforcer [None req-e2d9f038-cb15-4b3a-919c-675820e21320 None admin] RBAC: Authorization granted {{(pid=81874) enforce_call /opt/stack/keystone/keystone/common/rbac_enforcer/enforcer.py:505}}
Feb 20 17:20:11 ubuntu devstack@keystone.service[81874]: [pid: 81874|app: 0|req: 15/33] 10.201.5.82 () {56 vars in 1145 bytes} [Fri Feb 20 17:20:10 2026] GET /identity/v3/domains/default => generated 199 bytes in 59 msecs (HTTP/1.1 200) 5 headers in 177 bytes (1 switches on core 0)
Feb 20 17:20:11 ubuntu devstack@keystone.service[81874]: DEBUG keystone.server.flask.request_processing.middleware.auth_context [None req-e2d9f038-cb15-4b3a-919c-675820e21320 None admin] Authenticating user token {{(pid=81874) process_request /opt/stack/data/venv/lib/python3.10/site-packages/keystonemiddleware/auth_token/__init__.py:407}}
Feb 20 17:20:11 ubuntu devstack@keystone.service[81873]: DEBUG keystone.server.flask.request_processing.middleware.auth_context [None req-5e2d0654-7f76-4090-8b92-83bda9386998 None admin] Validating token access rules against request {{(pid=81873) validate_allowed_request /opt/stack/data/venv/lib/python3.10/site-packages/keystonemiddleware/auth_token/__init__.py:545}}
Feb 20 17:20:11 ubuntu devstack@keystone.service[81874]: DEBUG keystone.server.flask.request_processing.middleware.auth_context [None req-e2d9f038-cb15-4b3a-919c-675820e21320 None admin] Validating token access rules against request {{(pid=81874) validate_allowed_request /opt/stack/data/venv/lib/python3.10/site-packages/keystonemiddleware/auth_token/__init__.py:545}}
Feb 20 17:20:11 ubuntu devstack@keystone.service[81873]: DEBUG keystone.server.flask.request_processing.middleware.auth_context [None req-d054a419-31ac-4b8b-80d7-72dc5e990914 None admin] RBAC: auth_context: {'token': <TokenModel (audit_id=z8BkABGDS3C3W4PphmgItA, audit_chain_id=['z8BkABGDS3C3W4PphmgItA']) at 0x7f6f1a7c44c0>, 'domain_id': None, 'trust_id': None, 'trustor_id': None, 'trustee_id': None, 'domain_name': None, 'group_ids': [], 'user_id': 'a7c2cc621620487783d253c7238d8388', 'user_domain_id': 'default', 'system_scope': 'all', 'project_id': None, 'project_domain_id': None, 'roles': ['admin', 'manager', 'member', 'reader'], 'is_admin_project': True, 'service_user_id': None, 'service_user_domain_id': None, 'service_project_id': None, 'service_project_domain_id': None, 'service_roles': []} {{(pid=81873) fill_context /opt/stack/keystone/keystone/server/flask/request_processing/middleware/auth_context.py:509}}
Feb 20 17:20:11 ubuntu devstack@keystone.service[81873]: DEBUG keystone.server.flask.request_processing.req_logging [None req-d054a419-31ac-4b8b-80d7-72dc5e990914 None admin] REQUEST_METHOD: `GET` {{(pid=81873) log_request_info /opt/stack/keystone/keystone/server/flask/request_processing/req_logging.py:26}}
Feb 20 17:20:11 ubuntu devstack@keystone.service[81873]: DEBUG keystone.server.flask.request_processing.req_logging [None req-d054a419-31ac-4b8b-80d7-72dc5e990914 None admin] SCRIPT_NAME: `/identity` {{(pid=81873) log_request_info /opt/stack/keystone/keystone/server/flask/request_processing/req_logging.py:27}}
Feb 20 17:20:11 ubuntu devstack@keystone.service[81873]: DEBUG keystone.server.flask.request_processing.req_logging [None req-d054a419-31ac-4b8b-80d7-72dc5e990914 None admin] PATH_INFO: `/v3/domains` {{(pid=81873) log_request_info /opt/stack/keystone/keystone/server/flask/request_processing/req_logging.py:28}}
Feb 20 17:20:11 ubuntu devstack@keystone.service[81873]: DEBUG keystone.common.rbac_enforcer.enforcer [None req-d054a419-31ac-4b8b-80d7-72dc5e990914 None admin] RBAC: Adding query filter params (name=Default) {{(pid=81873) _extract_filter_values /opt/stack/keystone/keystone/common/rbac_enforcer/enforcer.py:176}}
Feb 20 17:20:11 ubuntu devstack@keystone.service[81873]: DEBUG keystone.common.rbac_enforcer.enforcer [None req-d054a419-31ac-4b8b-80d7-72dc5e990914 None admin] RBAC: Authorizing `identity:list_domains()` {{(pid=81873) enforce_call /opt/stack/keystone/keystone/common/rbac_enforcer/enforcer.py:494}}
Feb 20 17:20:11 ubuntu devstack@keystone.service[81873]: DEBUG keystone.common.rbac_enforcer.enforcer [None req-d054a419-31ac-4b8b-80d7-72dc5e990914 None admin] RBAC: Authorization granted {{(pid=81873) enforce_call /opt/stack/keystone/keystone/common/rbac_enforcer/enforcer.py:505}}
Feb 20 17:20:11 ubuntu devstack@keystone.service[81874]: DEBUG keystone.server.flask.request_processing.middleware.auth_context [None req-cc8dc80c-d136-46d3-ae24-2fb183c97552 None admin] RBAC: auth_context: {'token': <TokenModel (audit_id=er8gyraESDexTipFe8q8XQ, audit_chain_id=['er8gyraESDexTipFe8q8XQ']) at 0x7f6f1a7645b0>, 'domain_id': None, 'trust_id': None, 'trustor_id': None, 'trustee_id': None, 'domain_name': None, 'group_ids': [], 'user_id': 'a7c2cc621620487783d253c7238d8388', 'user_domain_id': 'default', 'system_scope': 'all', 'project_id': None, 'project_domain_id': None, 'roles': ['admin', 'manager', 'member', 'reader'], 'is_admin_project': True, 'service_user_id': None, 'service_user_domain_id': None, 'service_project_id': None, 'service_project_domain_id': None, 'service_roles': []} {{(pid=81874) fill_context /opt/stack/keystone/keystone/server/flask/request_processing/middleware/auth_context.py:509}}
Feb 20 17:20:11 ubuntu devstack@keystone.service[81874]: DEBUG keystone.server.flask.request_processing.req_logging [None req-cc8dc80c-d136-46d3-ae24-2fb183c97552 None admin] REQUEST_METHOD: `GET` {{(pid=81874) log_request_info /opt/stack/keystone/keystone/server/flask/request_processing/req_logging.py:26}}
Feb 20 17:20:11 ubuntu devstack@keystone.service[81874]: DEBUG keystone.server.flask.request_processing.req_logging [None req-cc8dc80c-d136-46d3-ae24-2fb183c97552 None admin] SCRIPT_NAME: `/identity` {{(pid=81874) log_request_info /opt/stack/keystone/keystone/server/flask/request_processing/req_logging.py:27}}
Feb 20 17:20:11 ubuntu devstack@keystone.service[81874]: DEBUG keystone.server.flask.request_processing.req_logging [None req-cc8dc80c-d136-46d3-ae24-2fb183c97552 None admin] PATH_INFO: `/v3/role_assignments` {{(pid=81874) log_request_info /opt/stack/keystone/keystone/server/flask/request_processing/req_logging.py:28}}
Feb 20 17:20:11 ubuntu devstack@keystone.service[81874]: DEBUG keystone.common.rbac_enforcer.enforcer [None req-cc8dc80c-d136-46d3-ae24-2fb183c97552 None admin] RBAC: Adding query filter params (role.id=4e467eab84d44baba5bc055bf616aacc, scope.domain.id=default, user.id=a7c2cc621620487783d253c7238d8388) {{(pid=81874) _extract_filter_values /opt/stack/keystone/keystone/common/rbac_enforcer/enforcer.py:176}}
Feb 20 17:20:11 ubuntu devstack@keystone.service[81874]: DEBUG keystone.common.rbac_enforcer.enforcer [None req-cc8dc80c-d136-46d3-ae24-2fb183c97552 None admin] RBAC: Authorizing `identity:list_role_assignments()` {{(pid=81874) enforce_call /opt/stack/keystone/keystone/common/rbac_enforcer/enforcer.py:494}}
Feb 20 17:20:11 ubuntu devstack@keystone.service[81874]: DEBUG keystone.common.rbac_enforcer.enforcer [None req-cc8dc80c-d136-46d3-ae24-2fb183c97552 None admin] RBAC: Authorization granted {{(pid=81874) enforce_call /opt/stack/keystone/keystone/common/rbac_enforcer/enforcer.py:505}}
Feb 20 17:20:11 ubuntu devstack@keystone.service[81873]: [pid: 81873|app: 0|req: 19/34] 10.201.5.82 () {56 vars in 1159 bytes} [Fri Feb 20 17:20:11 2026] GET /identity/v3/domains?name=Default => generated 308 bytes in 65 msecs (HTTP/1.1 200) 5 headers in 177 bytes (1 switches on core 0)
Feb 20 17:20:11 ubuntu devstack@keystone.service[81873]: DEBUG keystone.server.flask.request_processing.middleware.auth_context [None req-d054a419-31ac-4b8b-80d7-72dc5e990914 None admin] Authenticating user token {{(pid=81873) process_request /opt/stack/data/venv/lib/python3.10/site-packages/keystonemiddleware/auth_token/__init__.py:407}}
Feb 20 17:20:11 ubuntu devstack@keystone.service[81874]: [pid: 81874|app: 0|req: 16/35] 10.201.5.82 () {56 vars in 1372 bytes} [Fri Feb 20 17:20:11 2026] GET /identity/v3/role_assignments?role.id=4e467eab84d44baba5bc055bf616aacc&scope.domain.id=default&user.id=a7c2cc621620487783d253c7238d8388 => generated 530 bytes in 64 msecs (HTTP/1.1 200) 5 headers in 177 bytes (1 switches on core 0)
Feb 20 17:20:11 ubuntu devstack@keystone.service[81873]: DEBUG keystone.server.flask.request_processing.middleware.auth_context [None req-d054a419-31ac-4b8b-80d7-72dc5e990914 None admin] Validating token access rules against request {{(pid=81873) validate_allowed_request /opt/stack/data/venv/lib/python3.10/site-packages/keystonemiddleware/auth_token/__init__.py:545}}
Feb 20 17:20:11 ubuntu devstack@keystone.service[81874]: DEBUG keystone.server.flask.request_processing.req_logging [None req-5c34db7d-237c-4c2c-b93c-9eb48f1d8d55 None None] REQUEST_METHOD: `GET` {{(pid=81874) log_request_info /opt/stack/keystone/keystone/server/flask/request_processing/req_logging.py:26}}
Feb 20 17:20:11 ubuntu devstack@keystone.service[81874]: DEBUG keystone.server.flask.request_processing.req_logging [None req-5c34db7d-237c-4c2c-b93c-9eb48f1d8d55 None None] SCRIPT_NAME: `/identity` {{(pid=81874) log_request_info /opt/stack/keystone/keystone/server/flask/request_processing/req_logging.py:27}}
Feb 20 17:20:11 ubuntu devstack@keystone.service[81874]: DEBUG keystone.server.flask.request_processing.req_logging [None req-5c34db7d-237c-4c2c-b93c-9eb48f1d8d55 None None] PATH_INFO: `/` {{(pid=81874) log_request_info /opt/stack/keystone/keystone/server/flask/request_processing/req_logging.py:28}}
Feb 20 17:20:11 ubuntu devstack@keystone.service[81874]: [pid: 81874|app: 0|req: 17/36] 10.201.5.82 () {54 vars in 920 bytes} [Fri Feb 20 17:20:11 2026] GET /identity => generated 270 bytes in 1 msecs (HTTP/1.1 300) 6 headers in 234 bytes (1 switches on core 0)
Feb 20 17:20:11 ubuntu devstack@keystone.service[81874]: DEBUG keystone.server.flask.request_processing.req_logging [None req-3ad35bb1-873a-48e4-9f95-e9a45c8edb27 None None] REQUEST_METHOD: `POST` {{(pid=81874) log_request_info /opt/stack/keystone/keystone/server/flask/request_processing/req_logging.py:26}}
Feb 20 17:20:11 ubuntu devstack@keystone.service[81874]: DEBUG keystone.server.flask.request_processing.req_logging [None req-3ad35bb1-873a-48e4-9f95-e9a45c8edb27 None None] SCRIPT_NAME: `/identity` {{(pid=81874) log_request_info /opt/stack/keystone/keystone/server/flask/request_processing/req_logging.py:27}}
Feb 20 17:20:11 ubuntu devstack@keystone.service[81874]: DEBUG keystone.server.flask.request_processing.req_logging [None req-3ad35bb1-873a-48e4-9f95-e9a45c8edb27 None None] PATH_INFO: `/v3/auth/tokens` {{(pid=81874) log_request_info /opt/stack/keystone/keystone/server/flask/request_processing/req_logging.py:28}}
Feb 20 17:20:11 ubuntu devstack@keystone.service[81873]: DEBUG keystone.server.flask.request_processing.middleware.auth_context [None req-b8437f60-b11e-40f6-bc0b-c5d2f49fee2a None admin] RBAC: auth_context: {'token': <TokenModel (audit_id=z8BkABGDS3C3W4PphmgItA, audit_chain_id=['z8BkABGDS3C3W4PphmgItA']) at 0x7f6f1a747790>, 'domain_id': None, 'trust_id': None, 'trustor_id': None, 'trustee_id': None, 'domain_name': None, 'group_ids': [], 'user_id': 'a7c2cc621620487783d253c7238d8388', 'user_domain_id': 'default', 'system_scope': 'all', 'project_id': None, 'project_domain_id': None, 'roles': ['admin', 'manager', 'member', 'reader'], 'is_admin_project': True, 'service_user_id': None, 'service_user_domain_id': None, 'service_project_id': None, 'service_project_domain_id': None, 'service_roles': []} {{(pid=81873) fill_context /opt/stack/keystone/keystone/server/flask/request_processing/middleware/auth_context.py:509}}
Feb 20 17:20:11 ubuntu devstack@keystone.service[81873]: DEBUG keystone.server.flask.request_processing.req_logging [None req-b8437f60-b11e-40f6-bc0b-c5d2f49fee2a None admin] REQUEST_METHOD: `POST` {{(pid=81873) log_request_info /opt/stack/keystone/keystone/server/flask/request_processing/req_logging.py:26}}
Feb 20 17:20:11 ubuntu devstack@keystone.service[81873]: DEBUG keystone.server.flask.request_processing.req_logging [None req-b8437f60-b11e-40f6-bc0b-c5d2f49fee2a None admin] SCRIPT_NAME: `/identity` {{(pid=81873) log_request_info /opt/stack/keystone/keystone/server/flask/request_processing/req_logging.py:27}}
Feb 20 17:20:11 ubuntu devstack@keystone.service[81873]: DEBUG keystone.server.flask.request_processing.req_logging [None req-b8437f60-b11e-40f6-bc0b-c5d2f49fee2a None admin] PATH_INFO: `/v3/projects` {{(pid=81873) log_request_info /opt/stack/keystone/keystone/server/flask/request_processing/req_logging.py:28}}
Feb 20 17:20:11 ubuntu devstack@keystone.service[81873]: DEBUG keystone.common.rbac_enforcer.enforcer [None req-b8437f60-b11e-40f6-bc0b-c5d2f49fee2a None admin] RBAC: Authorizing `identity:create_project()` {{(pid=81873) enforce_call /opt/stack/keystone/keystone/common/rbac_enforcer/enforcer.py:494}}
Feb 20 17:20:11 ubuntu devstack@keystone.service[81873]: DEBUG keystone.common.rbac_enforcer.enforcer [None req-b8437f60-b11e-40f6-bc0b-c5d2f49fee2a None admin] RBAC: Authorization granted {{(pid=81873) enforce_call /opt/stack/keystone/keystone/common/rbac_enforcer/enforcer.py:505}}
Feb 20 17:20:11 ubuntu devstack@keystone.service[81874]: WARNING keystone.common.password_hashing [None req-3ad35bb1-873a-48e4-9f95-e9a45c8edb27 None None] Truncating password to algorithm specific maximum length 72 characters.
Feb 20 17:20:11 ubuntu devstack@keystone.service[81874]: DEBUG keystone.auth.core [None req-3ad35bb1-873a-48e4-9f95-e9a45c8edb27 None None] MFA Rules not processed for user `a7c2cc621620487783d253c7238d8388`. Rule list: `[]` (Enabled: `True`). {{(pid=81874) check_auth_methods_against_rules /opt/stack/keystone/keystone/auth/core.py:476}}
Feb 20 17:20:11 ubuntu devstack@keystone.service[81874]: DEBUG keystone.common.fernet_utils [None req-3ad35bb1-873a-48e4-9f95-e9a45c8edb27 None None] Loaded 2 Fernet keys from /etc/keystone/fernet-keys/, but `[fernet_tokens] max_active_keys = 3`; perhaps there have not been enough key rotations to reach `max_active_keys` yet? {{(pid=81874) load_keys /opt/stack/keystone/keystone/common/fernet_utils.py:297}}
Feb 20 17:20:11 ubuntu devstack@keystone.service[81874]: [pid: 81874|app: 0|req: 18/37] 10.201.5.82 () {58 vars in 1017 bytes} [Fri Feb 20 17:20:11 2026] POST /identity/v3/auth/tokens => generated 862 bytes in 96 msecs (HTTP/1.1 201) 6 headers in 363 bytes (1 switches on core 0)
Feb 20 17:20:11 ubuntu devstack@keystone.service[81874]: DEBUG keystone.server.flask.request_processing.middleware.auth_context [None req-3ad35bb1-873a-48e4-9f95-e9a45c8edb27 None None] Authenticating user token {{(pid=81874) process_request /opt/stack/data/venv/lib/python3.10/site-packages/keystonemiddleware/auth_token/__init__.py:407}}
Feb 20 17:20:11 ubuntu devstack@keystone.service[81874]: DEBUG keystone.server.flask.request_processing.middleware.auth_context [None req-3ad35bb1-873a-48e4-9f95-e9a45c8edb27 None None] Validating token access rules against request {{(pid=81874) validate_allowed_request /opt/stack/data/venv/lib/python3.10/site-packages/keystonemiddleware/auth_token/__init__.py:545}}
Feb 20 17:20:11 ubuntu devstack@keystone.service[81873]: [pid: 81873|app: 0|req: 20/38] 10.201.5.82 () {60 vars in 1177 bytes} [Fri Feb 20 17:20:11 2026] POST /identity/v3/projects => generated 301 bytes in 229 msecs (HTTP/1.1 201) 5 headers in 182 bytes (1 switches on core 0)
Feb 20 17:20:11 ubuntu devstack@keystone.service[81874]: DEBUG keystone.server.flask.request_processing.middleware.auth_context [None req-813e884e-a9ac-415f-a88a-1ca71299237e None admin] RBAC: auth_context: {'token': <TokenModel (audit_id=1aWSyovqQUGnCe19P1A9FQ, audit_chain_id=['1aWSyovqQUGnCe19P1A9FQ']) at 0x7f6f1a766200>, 'domain_id': None, 'trust_id': None, 'trustor_id': None, 'trustee_id': None, 'domain_name': None, 'group_ids': [], 'user_id': 'a7c2cc621620487783d253c7238d8388', 'user_domain_id': 'default', 'system_scope': 'all', 'project_id': None, 'project_domain_id': None, 'roles': ['admin', 'manager', 'member', 'reader'], 'is_admin_project': True, 'service_user_id': None, 'service_user_domain_id': None, 'service_project_id': None, 'service_project_domain_id': None, 'service_roles': []} {{(pid=81874) fill_context /opt/stack/keystone/keystone/server/flask/request_processing/middleware/auth_context.py:509}}
Feb 20 17:20:11 ubuntu devstack@keystone.service[81874]: DEBUG keystone.server.flask.request_processing.req_logging [None req-813e884e-a9ac-415f-a88a-1ca71299237e None admin] REQUEST_METHOD: `POST` {{(pid=81874) log_request_info /opt/stack/keystone/keystone/server/flask/request_processing/req_logging.py:26}}
Feb 20 17:20:11 ubuntu devstack@keystone.service[81874]: DEBUG keystone.server.flask.request_processing.req_logging [None req-813e884e-a9ac-415f-a88a-1ca71299237e None admin] SCRIPT_NAME: `/identity` {{(pid=81874) log_request_info /opt/stack/keystone/keystone/server/flask/request_processing/req_logging.py:27}}
Feb 20 17:20:11 ubuntu devstack@keystone.service[81874]: DEBUG keystone.server.flask.request_processing.req_logging [None req-813e884e-a9ac-415f-a88a-1ca71299237e None admin] PATH_INFO: `/v3/roles` {{(pid=81874) log_request_info /opt/stack/keystone/keystone/server/flask/request_processing/req_logging.py:28}}
Feb 20 17:20:11 ubuntu devstack@keystone.service[81874]: DEBUG keystone.common.rbac_enforcer.enforcer [None req-813e884e-a9ac-415f-a88a-1ca71299237e None admin] RBAC: Authorizing `identity:create_role()` {{(pid=81874) enforce_call /opt/stack/keystone/keystone/common/rbac_enforcer/enforcer.py:494}}
Feb 20 17:20:11 ubuntu devstack@keystone.service[81874]: DEBUG keystone.common.rbac_enforcer.enforcer [None req-813e884e-a9ac-415f-a88a-1ca71299237e None admin] RBAC: Authorization granted {{(pid=81874) enforce_call /opt/stack/keystone/keystone/common/rbac_enforcer/enforcer.py:505}}
Feb 20 17:20:11 ubuntu devstack@keystone.service[81874]: DEBUG keystone.common.sql.core [None req-813e884e-a9ac-415f-a88a-1ca71299237e None admin] Conflict role: (pymysql.err.IntegrityError) (1062, "Duplicate entry 'service-<<null>>' for key 'role.ixu_role_name_domain_id'")
Feb 20 17:20:11 ubuntu devstack@keystone.service[81874]: [SQL: INSERT INTO `role` (id, name, description, extra) VALUES (%(id)s, %(name)s, %(description)s, %(extra)s)]
Feb 20 17:20:11 ubuntu devstack@keystone.service[81874]: [parameters: {'id': '88b252d5d05047a48683b892c57a9e49', 'name': 'service', 'description': None, 'extra': '{}'}]
Feb 20 17:20:11 ubuntu devstack@keystone.service[81874]: (Background on this error at: https://sqlalche.me/e/20/gkpj) {{(pid=81874) wrapper /opt/stack/keystone/keystone/common/sql/core.py:580}}
Feb 20 17:20:11 ubuntu devstack@keystone.service[81874]: ERROR keystone.server.flask.application [None req-813e884e-a9ac-415f-a88a-1ca71299237e None admin] Conflict occurred attempting to store role - Duplicate entry found with name service.: keystone.exception.Conflict: Conflict occurred attempting to store role - Duplicate entry found with name service.
Feb 20 17:20:11 ubuntu devstack@keystone.service[81874]: ERROR keystone.server.flask.application Traceback (most recent call last):
Feb 20 17:20:11 ubuntu devstack@keystone.service[81874]: ERROR keystone.server.flask.application   File "/opt/stack/data/venv/lib/python3.10/site-packages/sqlalchemy/engine/base.py", line 1967, in _exec_single_context
Feb 20 17:20:11 ubuntu devstack@keystone.service[81874]: ERROR keystone.server.flask.application     self.dialect.do_execute(
Feb 20 17:20:11 ubuntu devstack@keystone.service[81874]: ERROR keystone.server.flask.application   File "/opt/stack/data/venv/lib/python3.10/site-packages/sqlalchemy/engine/default.py", line 951, in do_execute
Feb 20 17:20:11 ubuntu devstack@keystone.service[81874]: ERROR keystone.server.flask.application     cursor.execute(statement, parameters)
Feb 20 17:20:11 ubuntu devstack@keystone.service[81874]: ERROR keystone.server.flask.application   File "/opt/stack/data/venv/lib/python3.10/site-packages/pymysql/cursors.py", line 153, in execute
Feb 20 17:20:11 ubuntu devstack@keystone.service[81874]: ERROR keystone.server.flask.application     result = self._query(query)
Feb 20 17:20:11 ubuntu devstack@keystone.service[81874]: ERROR keystone.server.flask.application   File "/opt/stack/data/venv/lib/python3.10/site-packages/pymysql/cursors.py", line 322, in _query
Feb 20 17:20:11 ubuntu devstack@keystone.service[81874]: ERROR keystone.server.flask.application     conn.query(q)
Feb 20 17:20:11 ubuntu devstack@keystone.service[81874]: ERROR keystone.server.flask.application   File "/opt/stack/data/venv/lib/python3.10/site-packages/pymysql/connections.py", line 575, in query
Feb 20 17:20:11 ubuntu devstack@keystone.service[81874]: ERROR keystone.server.flask.application     self._affected_rows = self._read_query_result(unbuffered=unbuffered)
Feb 20 17:20:11 ubuntu devstack@keystone.service[81874]: ERROR keystone.server.flask.application   File "/opt/stack/data/venv/lib/python3.10/site-packages/pymysql/connections.py", line 826, in _read_query_result
Feb 20 17:20:11 ubuntu devstack@keystone.service[81874]: ERROR keystone.server.flask.application     result.read()
Feb 20 17:20:11 ubuntu devstack@keystone.service[81874]: ERROR keystone.server.flask.application   File "/opt/stack/data/venv/lib/python3.10/site-packages/pymysql/connections.py", line 1203, in read
Feb 20 17:20:11 ubuntu devstack@keystone.service[81874]: ERROR keystone.server.flask.application     first_packet = self.connection._read_packet()
Feb 20 17:20:11 ubuntu devstack@keystone.service[81874]: ERROR keystone.server.flask.application   File "/opt/stack/data/venv/lib/python3.10/site-packages/pymysql/connections.py", line 782, in _read_packet
Feb 20 17:20:11 ubuntu devstack@keystone.service[81874]: ERROR keystone.server.flask.application     packet.raise_for_error()
Feb 20 17:20:11 ubuntu devstack@keystone.service[81874]: ERROR keystone.server.flask.application   File "/opt/stack/data/venv/lib/python3.10/site-packages/pymysql/protocol.py", line 219, in raise_for_error
Feb 20 17:20:11 ubuntu devstack@keystone.service[81874]: ERROR keystone.server.flask.application     err.raise_mysql_exception(self._data)
Feb 20 17:20:11 ubuntu devstack@keystone.service[81874]: ERROR keystone.server.flask.application   File "/opt/stack/data/venv/lib/python3.10/site-packages/pymysql/err.py", line 150, in raise_mysql_exception
Feb 20 17:20:11 ubuntu devstack@keystone.service[81874]: ERROR keystone.server.flask.application     raise errorclass(errno, errval)
