Feb 12 19:21:20 ubuntu devstack@g-api.service[128784]: DEBUG glance.api.middleware.version_negotiation [None req-47bfb8b0-a915-4195-a7e8-6e3a968e19c5 tempest-ImageDependencyTests-30280724 tempest-ImageDependencyTests-30280724-project-member] Determining version of request: GET /v2/images/29135b56-9a56-4a05-8aaf-1e95d84afa5b Accept: */* {{(pid=128784) process_request /opt/stack/glance/glance/api/middleware/version_negotiation.py:44}}
Feb 12 19:21:20 ubuntu devstack@g-api.service[128784]: DEBUG glance.api.middleware.version_negotiation [None req-47bfb8b0-a915-4195-a7e8-6e3a968e19c5 tempest-ImageDependencyTests-30280724 tempest-ImageDependencyTests-30280724-project-member] Using url versioning {{(pid=128784) process_request /opt/stack/glance/glance/api/middleware/version_negotiation.py:57}}
Feb 12 19:21:20 ubuntu devstack@g-api.service[128784]: DEBUG glance.api.middleware.version_negotiation [None req-47bfb8b0-a915-4195-a7e8-6e3a968e19c5 tempest-ImageDependencyTests-30280724 tempest-ImageDependencyTests-30280724-project-member] Matched version: v2 {{(pid=128784) process_request /opt/stack/glance/glance/api/middleware/version_negotiation.py:69}}
Feb 12 19:21:20 ubuntu devstack@g-api.service[128784]: DEBUG glance.api.middleware.version_negotiation [None req-47bfb8b0-a915-4195-a7e8-6e3a968e19c5 tempest-ImageDependencyTests-30280724 tempest-ImageDependencyTests-30280724-project-member] new path /v2/images/29135b56-9a56-4a05-8aaf-1e95d84afa5b {{(pid=128784) process_request /opt/stack/glance/glance/api/middleware/version_negotiation.py:70}}
Feb 12 19:21:20 ubuntu devstack@g-api.service[128783]: [pid: 128783|app: 0|req: 25/48] 127.0.0.1 () {42 vars in 1055 bytes} [Wed Feb 12 19:21:20 2025] GET /v2/images/29135b56-9a56-4a05-8aaf-1e95d84afa5b/file => generated 1024 bytes in 27 msecs (HTTP/1.1 200) 5 headers in 213 bytes (1 switches on core 0)
Feb 12 19:21:20 ubuntu devstack@g-api.service[128784]: [pid: 128784|app: 0|req: 24/49] 127.0.0.1 () {42 vars in 1045 bytes} [Wed Feb 12 19:21:20 2025] GET /v2/images/29135b56-9a56-4a05-8aaf-1e95d84afa5b => generated 807 bytes in 12 msecs (HTTP/1.1 200) 4 headers in 157 bytes (1 switches on core 0)
Feb 12 19:21:20 ubuntu devstack@g-api.service[128783]: DEBUG glance.api.middleware.version_negotiation [None req-47bfb8b0-a915-4195-a7e8-6e3a968e19c5 tempest-ImageDependencyTests-30280724 tempest-ImageDependencyTests-30280724-project-member] Determining version of request: GET /v2/schemas/image Accept: */* {{(pid=128783) process_request /opt/stack/glance/glance/api/middleware/version_negotiation.py:44}}
Feb 12 19:21:20 ubuntu devstack@g-api.service[128783]: DEBUG glance.api.middleware.version_negotiation [None req-47bfb8b0-a915-4195-a7e8-6e3a968e19c5 tempest-ImageDependencyTests-30280724 tempest-ImageDependencyTests-30280724-project-member] Using url versioning {{(pid=128783) process_request /opt/stack/glance/glance/api/middleware/version_negotiation.py:57}}
Feb 12 19:21:20 ubuntu devstack@g-api.service[128783]: DEBUG glance.api.middleware.version_negotiation [None req-47bfb8b0-a915-4195-a7e8-6e3a968e19c5 tempest-ImageDependencyTests-30280724 tempest-ImageDependencyTests-30280724-project-member] Matched version: v2 {{(pid=128783) process_request /opt/stack/glance/glance/api/middleware/version_negotiation.py:69}}
Feb 12 19:21:20 ubuntu devstack@g-api.service[128783]: DEBUG glance.api.middleware.version_negotiation [None req-47bfb8b0-a915-4195-a7e8-6e3a968e19c5 tempest-ImageDependencyTests-30280724 tempest-ImageDependencyTests-30280724-project-member] new path /v2/schemas/image {{(pid=128783) process_request /opt/stack/glance/glance/api/middleware/version_negotiation.py:70}}
Feb 12 19:21:20 ubuntu devstack@g-api.service[128783]: [pid: 128783|app: 0|req: 26/50] 127.0.0.1 () {42 vars in 985 bytes} [Wed Feb 12 19:21:20 2025] GET /v2/schemas/image => generated 6083 bytes in 3 msecs (HTTP/1.1 200) 4 headers in 158 bytes (1 switches on core 0)
Feb 12 19:21:21 ubuntu devstack@g-api.service[128784]: DEBUG glance.api.middleware.version_negotiation [None req-47bfb8b0-a915-4195-a7e8-6e3a968e19c5 tempest-ImageDependencyTests-30280724 tempest-ImageDependencyTests-30280724-project-member] Determining version of request: GET /v2/images/29135b56-9a56-4a05-8aaf-1e95d84afa5b Accept: */* {{(pid=128784) process_request /opt/stack/glance/glance/api/middleware/version_negotiation.py:44}}
Feb 12 19:21:21 ubuntu devstack@g-api.service[128784]: DEBUG glance.api.middleware.version_negotiation [None req-47bfb8b0-a915-4195-a7e8-6e3a968e19c5 tempest-ImageDependencyTests-30280724 tempest-ImageDependencyTests-30280724-project-member] Using url versioning {{(pid=128784) process_request /opt/stack/glance/glance/api/middleware/version_negotiation.py:57}}
Feb 12 19:21:21 ubuntu devstack@g-api.service[128784]: DEBUG glance.api.middleware.version_negotiation [None req-47bfb8b0-a915-4195-a7e8-6e3a968e19c5 tempest-ImageDependencyTests-30280724 tempest-ImageDependencyTests-30280724-project-member] Matched version: v2 {{(pid=128784) process_request /opt/stack/glance/glance/api/middleware/version_negotiation.py:69}}
Feb 12 19:21:21 ubuntu devstack@g-api.service[128784]: DEBUG glance.api.middleware.version_negotiation [None req-47bfb8b0-a915-4195-a7e8-6e3a968e19c5 tempest-ImageDependencyTests-30280724 tempest-ImageDependencyTests-30280724-project-member] new path /v2/images/29135b56-9a56-4a05-8aaf-1e95d84afa5b {{(pid=128784) process_request /opt/stack/glance/glance/api/middleware/version_negotiation.py:70}}
Feb 12 19:21:21 ubuntu devstack@g-api.service[128784]: [pid: 128784|app: 0|req: 25/51] 127.0.0.1 () {42 vars in 1045 bytes} [Wed Feb 12 19:21:21 2025] GET /v2/images/29135b56-9a56-4a05-8aaf-1e95d84afa5b => generated 807 bytes in 18 msecs (HTTP/1.1 200) 4 headers in 157 bytes (1 switches on core 0)
Feb 12 19:21:21 ubuntu devstack@g-api.service[128783]: DEBUG glance.api.middleware.version_negotiation [None req-47bfb8b0-a915-4195-a7e8-6e3a968e19c5 tempest-ImageDependencyTests-30280724 tempest-ImageDependencyTests-30280724-project-member] Determining version of request: GET /v2/schemas/image Accept: */* {{(pid=128783) process_request /opt/stack/glance/glance/api/middleware/version_negotiation.py:44}}
Feb 12 19:21:21 ubuntu devstack@g-api.service[128783]: DEBUG glance.api.middleware.version_negotiation [None req-47bfb8b0-a915-4195-a7e8-6e3a968e19c5 tempest-ImageDependencyTests-30280724 tempest-ImageDependencyTests-30280724-project-member] Using url versioning {{(pid=128783) process_request /opt/stack/glance/glance/api/middleware/version_negotiation.py:57}}
Feb 12 19:21:21 ubuntu devstack@g-api.service[128783]: DEBUG glance.api.middleware.version_negotiation [None req-47bfb8b0-a915-4195-a7e8-6e3a968e19c5 tempest-ImageDependencyTests-30280724 tempest-ImageDependencyTests-30280724-project-member] Matched version: v2 {{(pid=128783) process_request /opt/stack/glance/glance/api/middleware/version_negotiation.py:69}}
Feb 12 19:21:21 ubuntu devstack@g-api.service[128783]: DEBUG glance.api.middleware.version_negotiation [None req-47bfb8b0-a915-4195-a7e8-6e3a968e19c5 tempest-ImageDependencyTests-30280724 tempest-ImageDependencyTests-30280724-project-member] new path /v2/schemas/image {{(pid=128783) process_request /opt/stack/glance/glance/api/middleware/version_negotiation.py:70}}
Feb 12 19:21:21 ubuntu devstack@g-api.service[128783]: [pid: 128783|app: 0|req: 27/52] 127.0.0.1 () {42 vars in 985 bytes} [Wed Feb 12 19:21:21 2025] GET /v2/schemas/image => generated 6083 bytes in 3 msecs (HTTP/1.1 200) 4 headers in 158 bytes (1 switches on core 0)
Feb 12 19:21:21 ubuntu devstack@g-api.service[128784]: DEBUG glance.api.middleware.version_negotiation [None req-47bfb8b0-a915-4195-a7e8-6e3a968e19c5 tempest-ImageDependencyTests-30280724 tempest-ImageDependencyTests-30280724-project-member] Determining version of request: GET /v2/images/29135b56-9a56-4a05-8aaf-1e95d84afa5b Accept: */* {{(pid=128784) process_request /opt/stack/glance/glance/api/middleware/version_negotiation.py:44}}
Feb 12 19:21:21 ubuntu devstack@g-api.service[128784]: DEBUG glance.api.middleware.version_negotiation [None req-47bfb8b0-a915-4195-a7e8-6e3a968e19c5 tempest-ImageDependencyTests-30280724 tempest-ImageDependencyTests-30280724-project-member] Using url versioning {{(pid=128784) process_request /opt/stack/glance/glance/api/middleware/version_negotiation.py:57}}
Feb 12 19:21:21 ubuntu devstack@g-api.service[128784]: DEBUG glance.api.middleware.version_negotiation [None req-47bfb8b0-a915-4195-a7e8-6e3a968e19c5 tempest-ImageDependencyTests-30280724 tempest-ImageDependencyTests-30280724-project-member] Matched version: v2 {{(pid=128784) process_request /opt/stack/glance/glance/api/middleware/version_negotiation.py:69}}
Feb 12 19:21:21 ubuntu devstack@g-api.service[128784]: DEBUG glance.api.middleware.version_negotiation [None req-47bfb8b0-a915-4195-a7e8-6e3a968e19c5 tempest-ImageDependencyTests-30280724 tempest-ImageDependencyTests-30280724-project-member] new path /v2/images/29135b56-9a56-4a05-8aaf-1e95d84afa5b {{(pid=128784) process_request /opt/stack/glance/glance/api/middleware/version_negotiation.py:70}}
Feb 12 19:21:21 ubuntu devstack@g-api.service[128784]: [pid: 128784|app: 0|req: 26/53] 127.0.0.1 () {42 vars in 1045 bytes} [Wed Feb 12 19:21:21 2025] GET /v2/images/29135b56-9a56-4a05-8aaf-1e95d84afa5b => generated 807 bytes in 18 msecs (HTTP/1.1 200) 4 headers in 157 bytes (1 switches on core 0)
Feb 12 19:21:21 ubuntu devstack@g-api.service[128783]: DEBUG glance.api.middleware.version_negotiation [None req-47bfb8b0-a915-4195-a7e8-6e3a968e19c5 tempest-ImageDependencyTests-30280724 tempest-ImageDependencyTests-30280724-project-member] Determining version of request: GET /v2/schemas/image Accept: */* {{(pid=128783) process_request /opt/stack/glance/glance/api/middleware/version_negotiation.py:44}}
Feb 12 19:21:21 ubuntu devstack@g-api.service[128783]: DEBUG glance.api.middleware.version_negotiation [None req-47bfb8b0-a915-4195-a7e8-6e3a968e19c5 tempest-ImageDependencyTests-30280724 tempest-ImageDependencyTests-30280724-project-member] Using url versioning {{(pid=128783) process_request /opt/stack/glance/glance/api/middleware/version_negotiation.py:57}}
Feb 12 19:21:21 ubuntu devstack@g-api.service[128783]: DEBUG glance.api.middleware.version_negotiation [None req-47bfb8b0-a915-4195-a7e8-6e3a968e19c5 tempest-ImageDependencyTests-30280724 tempest-ImageDependencyTests-30280724-project-member] Matched version: v2 {{(pid=128783) process_request /opt/stack/glance/glance/api/middleware/version_negotiation.py:69}}
Feb 12 19:21:21 ubuntu devstack@g-api.service[128783]: DEBUG glance.api.middleware.version_negotiation [None req-47bfb8b0-a915-4195-a7e8-6e3a968e19c5 tempest-ImageDependencyTests-30280724 tempest-ImageDependencyTests-30280724-project-member] new path /v2/schemas/image {{(pid=128783) process_request /opt/stack/glance/glance/api/middleware/version_negotiation.py:70}}
Feb 12 19:21:21 ubuntu devstack@g-api.service[128783]: [pid: 128783|app: 0|req: 28/54] 127.0.0.1 () {42 vars in 985 bytes} [Wed Feb 12 19:21:21 2025] GET /v2/schemas/image => generated 6083 bytes in 4 msecs (HTTP/1.1 200) 4 headers in 158 bytes (1 switches on core 0)
Feb 12 19:21:21 ubuntu devstack@g-api.service[128784]: DEBUG glance.api.middleware.version_negotiation [None req-47bfb8b0-a915-4195-a7e8-6e3a968e19c5 tempest-ImageDependencyTests-30280724 tempest-ImageDependencyTests-30280724-project-member] Determining version of request: GET /v2/images/29135b56-9a56-4a05-8aaf-1e95d84afa5b Accept: */* {{(pid=128784) process_request /opt/stack/glance/glance/api/middleware/version_negotiation.py:44}}
Feb 12 19:21:21 ubuntu devstack@g-api.service[128784]: DEBUG glance.api.middleware.version_negotiation [None req-47bfb8b0-a915-4195-a7e8-6e3a968e19c5 tempest-ImageDependencyTests-30280724 tempest-ImageDependencyTests-30280724-project-member] Using url versioning {{(pid=128784) process_request /opt/stack/glance/glance/api/middleware/version_negotiation.py:57}}
Feb 12 19:21:21 ubuntu devstack@g-api.service[128784]: DEBUG glance.api.middleware.version_negotiation [None req-47bfb8b0-a915-4195-a7e8-6e3a968e19c5 tempest-ImageDependencyTests-30280724 tempest-ImageDependencyTests-30280724-project-member] Matched version: v2 {{(pid=128784) process_request /opt/stack/glance/glance/api/middleware/version_negotiation.py:69}}
Feb 12 19:21:21 ubuntu devstack@g-api.service[128784]: DEBUG glance.api.middleware.version_negotiation [None req-47bfb8b0-a915-4195-a7e8-6e3a968e19c5 tempest-ImageDependencyTests-30280724 tempest-ImageDependencyTests-30280724-project-member] new path /v2/images/29135b56-9a56-4a05-8aaf-1e95d84afa5b {{(pid=128784) process_request /opt/stack/glance/glance/api/middleware/version_negotiation.py:70}}
Feb 12 19:21:21 ubuntu devstack@g-api.service[128784]: [pid: 128784|app: 0|req: 27/55] 127.0.0.1 () {42 vars in 1045 bytes} [Wed Feb 12 19:21:21 2025] GET /v2/images/29135b56-9a56-4a05-8aaf-1e95d84afa5b => generated 807 bytes in 10 msecs (HTTP/1.1 200) 4 headers in 157 bytes (1 switches on core 0)
Feb 12 19:21:21 ubuntu devstack@g-api.service[128783]: DEBUG glance.api.middleware.version_negotiation [None req-47bfb8b0-a915-4195-a7e8-6e3a968e19c5 tempest-ImageDependencyTests-30280724 tempest-ImageDependencyTests-30280724-project-member] Determining version of request: GET /v2/schemas/image Accept: */* {{(pid=128783) process_request /opt/stack/glance/glance/api/middleware/version_negotiation.py:44}}
Feb 12 19:21:21 ubuntu devstack@g-api.service[128783]: DEBUG glance.api.middleware.version_negotiation [None req-47bfb8b0-a915-4195-a7e8-6e3a968e19c5 tempest-ImageDependencyTests-30280724 tempest-ImageDependencyTests-30280724-project-member] Using url versioning {{(pid=128783) process_request /opt/stack/glance/glance/api/middleware/version_negotiation.py:57}}
Feb 12 19:21:21 ubuntu devstack@g-api.service[128783]: DEBUG glance.api.middleware.version_negotiation [None req-47bfb8b0-a915-4195-a7e8-6e3a968e19c5 tempest-ImageDependencyTests-30280724 tempest-ImageDependencyTests-30280724-project-member] Matched version: v2 {{(pid=128783) process_request /opt/stack/glance/glance/api/middleware/version_negotiation.py:69}}
Feb 12 19:21:21 ubuntu devstack@g-api.service[128783]: DEBUG glance.api.middleware.version_negotiation [None req-47bfb8b0-a915-4195-a7e8-6e3a968e19c5 tempest-ImageDependencyTests-30280724 tempest-ImageDependencyTests-30280724-project-member] new path /v2/schemas/image {{(pid=128783) process_request /opt/stack/glance/glance/api/middleware/version_negotiation.py:70}}
Feb 12 19:21:21 ubuntu devstack@g-api.service[128783]: [pid: 128783|app: 0|req: 29/56] 127.0.0.1 () {42 vars in 985 bytes} [Wed Feb 12 19:21:21 2025] GET /v2/schemas/image => generated 6083 bytes in 3 msecs (HTTP/1.1 200) 4 headers in 158 bytes (1 switches on core 0)
Feb 12 19:21:21 ubuntu devstack@g-api.service[128784]: DEBUG glance.api.middleware.version_negotiation [None req-47bfb8b0-a915-4195-a7e8-6e3a968e19c5 tempest-ImageDependencyTests-30280724 tempest-ImageDependencyTests-30280724-project-member] Determining version of request: GET /v2/schemas/image Accept: */* {{(pid=128784) process_request /opt/stack/glance/glance/api/middleware/version_negotiation.py:44}}
Feb 12 19:21:21 ubuntu devstack@g-api.service[128784]: DEBUG glance.api.middleware.version_negotiation [None req-47bfb8b0-a915-4195-a7e8-6e3a968e19c5 tempest-ImageDependencyTests-30280724 tempest-ImageDependencyTests-30280724-project-member] Using url versioning {{(pid=128784) process_request /opt/stack/glance/glance/api/middleware/version_negotiation.py:57}}
Feb 12 19:21:21 ubuntu devstack@g-api.service[128784]: DEBUG glance.api.middleware.version_negotiation [None req-47bfb8b0-a915-4195-a7e8-6e3a968e19c5 tempest-ImageDependencyTests-30280724 tempest-ImageDependencyTests-30280724-project-member] Matched version: v2 {{(pid=128784) process_request /opt/stack/glance/glance/api/middleware/version_negotiation.py:69}}
Feb 12 19:21:21 ubuntu devstack@g-api.service[128784]: DEBUG glance.api.middleware.version_negotiation [None req-47bfb8b0-a915-4195-a7e8-6e3a968e19c5 tempest-ImageDependencyTests-30280724 tempest-ImageDependencyTests-30280724-project-member] new path /v2/schemas/image {{(pid=128784) process_request /opt/stack/glance/glance/api/middleware/version_negotiation.py:70}}
Feb 12 19:21:21 ubuntu devstack@g-api.service[128784]: [pid: 128784|app: 0|req: 28/57] 127.0.0.1 () {42 vars in 985 bytes} [Wed Feb 12 19:21:21 2025] GET /v2/schemas/image => generated 6083 bytes in 8 msecs (HTTP/1.1 200) 4 headers in 158 bytes (1 switches on core 0)
Feb 12 19:21:21 ubuntu devstack@g-api.service[128783]: DEBUG glance.api.middleware.version_negotiation [None req-47bfb8b0-a915-4195-a7e8-6e3a968e19c5 tempest-ImageDependencyTests-30280724 tempest-ImageDependencyTests-30280724-project-member] Determining version of request: GET /v2/images/29135b56-9a56-4a05-8aaf-1e95d84afa5b Accept: */* {{(pid=128783) process_request /opt/stack/glance/glance/api/middleware/version_negotiation.py:44}}
Feb 12 19:21:21 ubuntu devstack@g-api.service[128783]: DEBUG glance.api.middleware.version_negotiation [None req-47bfb8b0-a915-4195-a7e8-6e3a968e19c5 tempest-ImageDependencyTests-30280724 tempest-ImageDependencyTests-30280724-project-member] Using url versioning {{(pid=128783) process_request /opt/stack/glance/glance/api/middleware/version_negotiation.py:57}}
Feb 12 19:21:21 ubuntu devstack@g-api.service[128783]: DEBUG glance.api.middleware.version_negotiation [None req-47bfb8b0-a915-4195-a7e8-6e3a968e19c5 tempest-ImageDependencyTests-30280724 tempest-ImageDependencyTests-30280724-project-member] Matched version: v2 {{(pid=128783) process_request /opt/stack/glance/glance/api/middleware/version_negotiation.py:69}}
Feb 12 19:21:21 ubuntu devstack@g-api.service[128783]: DEBUG glance.api.middleware.version_negotiation [None req-47bfb8b0-a915-4195-a7e8-6e3a968e19c5 tempest-ImageDependencyTests-30280724 tempest-ImageDependencyTests-30280724-project-member] new path /v2/images/29135b56-9a56-4a05-8aaf-1e95d84afa5b {{(pid=128783) process_request /opt/stack/glance/glance/api/middleware/version_negotiation.py:70}}
Feb 12 19:21:21 ubuntu devstack@g-api.service[128783]: [pid: 128783|app: 0|req: 30/58] 127.0.0.1 () {42 vars in 1045 bytes} [Wed Feb 12 19:21:21 2025] GET /v2/images/29135b56-9a56-4a05-8aaf-1e95d84afa5b => generated 807 bytes in 9 msecs (HTTP/1.1 200) 4 headers in 157 bytes (1 switches on core 0)
Feb 12 19:21:21 ubuntu devstack@g-api.service[128784]: DEBUG glance.api.middleware.version_negotiation [None req-47bfb8b0-a915-4195-a7e8-6e3a968e19c5 tempest-ImageDependencyTests-30280724 tempest-ImageDependencyTests-30280724-project-member] Determining version of request: GET /v2/images/29135b56-9a56-4a05-8aaf-1e95d84afa5b/file Accept: */* {{(pid=128784) process_request /opt/stack/glance/glance/api/middleware/version_negotiation.py:44}}
Feb 12 19:21:21 ubuntu devstack@g-api.service[128784]: DEBUG glance.api.middleware.version_negotiation [None req-47bfb8b0-a915-4195-a7e8-6e3a968e19c5 tempest-ImageDependencyTests-30280724 tempest-ImageDependencyTests-30280724-project-member] Using url versioning {{(pid=128784) process_request /opt/stack/glance/glance/api/middleware/version_negotiation.py:57}}
Feb 12 19:21:21 ubuntu devstack@g-api.service[128784]: DEBUG glance.api.middleware.version_negotiation [None req-47bfb8b0-a915-4195-a7e8-6e3a968e19c5 tempest-ImageDependencyTests-30280724 tempest-ImageDependencyTests-30280724-project-member] Matched version: v2 {{(pid=128784) process_request /opt/stack/glance/glance/api/middleware/version_negotiation.py:69}}
Feb 12 19:21:21 ubuntu devstack@g-api.service[128784]: DEBUG glance.api.middleware.version_negotiation [None req-47bfb8b0-a915-4195-a7e8-6e3a968e19c5 tempest-ImageDependencyTests-30280724 tempest-ImageDependencyTests-30280724-project-member] new path /v2/images/29135b56-9a56-4a05-8aaf-1e95d84afa5b/file {{(pid=128784) process_request /opt/stack/glance/glance/api/middleware/version_negotiation.py:70}}
Feb 12 19:21:21 ubuntu devstack@g-api.service[128784]: DEBUG glance.api.middleware.cache [None req-47bfb8b0-a915-4195-a7e8-6e3a968e19c5 tempest-ImageDependencyTests-30280724 tempest-ImageDependencyTests-30280724-project-member] Cache hit for image '29135b56-9a56-4a05-8aaf-1e95d84afa5b' {{(pid=128784) process_request /opt/stack/glance/glance/api/middleware/cache.py:160}}
Feb 12 19:21:21 ubuntu devstack@g-api.service[128783]: DEBUG glance.api.middleware.version_negotiation [None req-47bfb8b0-a915-4195-a7e8-6e3a968e19c5 tempest-ImageDependencyTests-30280724 tempest-ImageDependencyTests-30280724-project-member] Determining version of request: GET /v2/images/29135b56-9a56-4a05-8aaf-1e95d84afa5b Accept: */* {{(pid=128783) process_request /opt/stack/glance/glance/api/middleware/version_negotiation.py:44}}
Feb 12 19:21:21 ubuntu devstack@g-api.service[128783]: DEBUG glance.api.middleware.version_negotiation [None req-47bfb8b0-a915-4195-a7e8-6e3a968e19c5 tempest-ImageDependencyTests-30280724 tempest-ImageDependencyTests-30280724-project-member] Using url versioning {{(pid=128783) process_request /opt/stack/glance/glance/api/middleware/version_negotiation.py:57}}
Feb 12 19:21:21 ubuntu devstack@g-api.service[128783]: DEBUG glance.api.middleware.version_negotiation [None req-47bfb8b0-a915-4195-a7e8-6e3a968e19c5 tempest-ImageDependencyTests-30280724 tempest-ImageDependencyTests-30280724-project-member] Matched version: v2 {{(pid=128783) process_request /opt/stack/glance/glance/api/middleware/version_negotiation.py:69}}
Feb 12 19:21:21 ubuntu devstack@g-api.service[128783]: DEBUG glance.api.middleware.version_negotiation [None req-47bfb8b0-a915-4195-a7e8-6e3a968e19c5 tempest-ImageDependencyTests-30280724 tempest-ImageDependencyTests-30280724-project-member] new path /v2/images/29135b56-9a56-4a05-8aaf-1e95d84afa5b {{(pid=128783) process_request /opt/stack/glance/glance/api/middleware/version_negotiation.py:70}}
Feb 12 19:21:21 ubuntu devstack@g-api.service[128784]: [pid: 128784|app: 0|req: 29/59] 127.0.0.1 () {42 vars in 1055 bytes} [Wed Feb 12 19:21:21 2025] GET /v2/images/29135b56-9a56-4a05-8aaf-1e95d84afa5b/file => generated 1024 bytes in 27 msecs (HTTP/1.1 200) 5 headers in 213 bytes (1 switches on core 0)
Feb 12 19:21:21 ubuntu devstack@g-api.service[128783]: [pid: 128783|app: 0|req: 31/60] 127.0.0.1 () {42 vars in 1045 bytes} [Wed Feb 12 19:21:21 2025] GET /v2/images/29135b56-9a56-4a05-8aaf-1e95d84afa5b => generated 807 bytes in 11 msecs (HTTP/1.1 200) 4 headers in 157 bytes (1 switches on core 0)
Feb 12 19:21:21 ubuntu devstack@g-api.service[128784]: DEBUG glance.api.middleware.version_negotiation [None req-47bfb8b0-a915-4195-a7e8-6e3a968e19c5 tempest-ImageDependencyTests-30280724 tempest-ImageDependencyTests-30280724-project-member] Determining version of request: GET /v2/schemas/image Accept: */* {{(pid=128784) process_request /opt/stack/glance/glance/api/middleware/version_negotiation.py:44}}
Feb 12 19:21:21 ubuntu devstack@g-api.service[128784]: DEBUG glance.api.middleware.version_negotiation [None req-47bfb8b0-a915-4195-a7e8-6e3a968e19c5 tempest-ImageDependencyTests-30280724 tempest-ImageDependencyTests-30280724-project-member] Using url versioning {{(pid=128784) process_request /opt/stack/glance/glance/api/middleware/version_negotiation.py:57}}
Feb 12 19:21:21 ubuntu devstack@g-api.service[128784]: DEBUG glance.api.middleware.version_negotiation [None req-47bfb8b0-a915-4195-a7e8-6e3a968e19c5 tempest-ImageDependencyTests-30280724 tempest-ImageDependencyTests-30280724-project-member] Matched version: v2 {{(pid=128784) process_request /opt/stack/glance/glance/api/middleware/version_negotiation.py:69}}
Feb 12 19:21:21 ubuntu devstack@g-api.service[128784]: DEBUG glance.api.middleware.version_negotiation [None req-47bfb8b0-a915-4195-a7e8-6e3a968e19c5 tempest-ImageDependencyTests-30280724 tempest-ImageDependencyTests-30280724-project-member] new path /v2/schemas/image {{(pid=128784) process_request /opt/stack/glance/glance/api/middleware/version_negotiation.py:70}}
Feb 12 19:21:21 ubuntu devstack@g-api.service[128784]: [pid: 128784|app: 0|req: 30/61] 127.0.0.1 () {42 vars in 985 bytes} [Wed Feb 12 19:21:21 2025] GET /v2/schemas/image => generated 6083 bytes in 2 msecs (HTTP/1.1 200) 4 headers in 158 bytes (1 switches on core 0)
Feb 12 19:21:22 ubuntu devstack@g-api.service[128783]: DEBUG glance.api.middleware.version_negotiation [None req-47bfb8b0-a915-4195-a7e8-6e3a968e19c5 tempest-ImageDependencyTests-30280724 tempest-ImageDependencyTests-30280724-project-member] Determining version of request: GET /v2/images/29135b56-9a56-4a05-8aaf-1e95d84afa5b Accept: */* {{(pid=128783) process_request /opt/stack/glance/glance/api/middleware/version_negotiation.py:44}}
Feb 12 19:21:22 ubuntu devstack@g-api.service[128783]: DEBUG glance.api.middleware.version_negotiation [None req-47bfb8b0-a915-4195-a7e8-6e3a968e19c5 tempest-ImageDependencyTests-30280724 tempest-ImageDependencyTests-30280724-project-member] Using url versioning {{(pid=128783) process_request /opt/stack/glance/glance/api/middleware/version_negotiation.py:57}}
Feb 12 19:21:22 ubuntu devstack@g-api.service[128783]: DEBUG glance.api.middleware.version_negotiation [None req-47bfb8b0-a915-4195-a7e8-6e3a968e19c5 tempest-ImageDependencyTests-30280724 tempest-ImageDependencyTests-30280724-project-member] Matched version: v2 {{(pid=128783) process_request /opt/stack/glance/glance/api/middleware/version_negotiation.py:69}}
Feb 12 19:21:22 ubuntu devstack@g-api.service[128783]: DEBUG glance.api.middleware.version_negotiation [None req-47bfb8b0-a915-4195-a7e8-6e3a968e19c5 tempest-ImageDependencyTests-30280724 tempest-ImageDependencyTests-30280724-project-member] new path /v2/images/29135b56-9a56-4a05-8aaf-1e95d84afa5b {{(pid=128783) process_request /opt/stack/glance/glance/api/middleware/version_negotiation.py:70}}
Feb 12 19:21:22 ubuntu devstack@g-api.service[128783]: [pid: 128783|app: 0|req: 32/62] 127.0.0.1 () {42 vars in 1045 bytes} [Wed Feb 12 19:21:22 2025] GET /v2/images/29135b56-9a56-4a05-8aaf-1e95d84afa5b => generated 807 bytes in 17 msecs (HTTP/1.1 200) 4 headers in 157 bytes (1 switches on core 0)
Feb 12 19:21:22 ubuntu devstack@g-api.service[128784]: DEBUG glance.api.middleware.version_negotiation [None req-47bfb8b0-a915-4195-a7e8-6e3a968e19c5 tempest-ImageDependencyTests-30280724 tempest-ImageDependencyTests-30280724-project-member] Determining version of request: GET /v2/schemas/image Accept: */* {{(pid=128784) process_request /opt/stack/glance/glance/api/middleware/version_negotiation.py:44}}
Feb 12 19:21:22 ubuntu devstack@g-api.service[128784]: DEBUG glance.api.middleware.version_negotiation [None req-47bfb8b0-a915-4195-a7e8-6e3a968e19c5 tempest-ImageDependencyTests-30280724 tempest-ImageDependencyTests-30280724-project-member] Using url versioning {{(pid=128784) process_request /opt/stack/glance/glance/api/middleware/version_negotiation.py:57}}
Feb 12 19:21:22 ubuntu devstack@g-api.service[128784]: DEBUG glance.api.middleware.version_negotiation [None req-47bfb8b0-a915-4195-a7e8-6e3a968e19c5 tempest-ImageDependencyTests-30280724 tempest-ImageDependencyTests-30280724-project-member] Matched version: v2 {{(pid=128784) process_request /opt/stack/glance/glance/api/middleware/version_negotiation.py:69}}
Feb 12 19:21:22 ubuntu devstack@g-api.service[128784]: DEBUG glance.api.middleware.version_negotiation [None req-47bfb8b0-a915-4195-a7e8-6e3a968e19c5 tempest-ImageDependencyTests-30280724 tempest-ImageDependencyTests-30280724-project-member] new path /v2/schemas/image {{(pid=128784) process_request /opt/stack/glance/glance/api/middleware/version_negotiation.py:70}}
Feb 12 19:21:22 ubuntu devstack@g-api.service[128784]: [pid: 128784|app: 0|req: 31/63] 127.0.0.1 () {42 vars in 985 bytes} [Wed Feb 12 19:21:22 2025] GET /v2/schemas/image => generated 6083 bytes in 4 msecs (HTTP/1.1 200) 4 headers in 158 bytes (1 switches on core 0)
Feb 12 19:21:23 ubuntu devstack@g-api.service[128783]: DEBUG glance.api.middleware.version_negotiation [None req-47bfb8b0-a915-4195-a7e8-6e3a968e19c5 tempest-ImageDependencyTests-30280724 tempest-ImageDependencyTests-30280724-project-member] Determining version of request: DELETE /v2/images/29135b56-9a56-4a05-8aaf-1e95d84afa5b Accept: application/json {{(pid=128783) process_request /opt/stack/glance/glance/api/middleware/version_negotiation.py:44}}
Feb 12 19:21:23 ubuntu devstack@g-api.service[128783]: DEBUG glance.api.middleware.version_negotiation [None req-47bfb8b0-a915-4195-a7e8-6e3a968e19c5 tempest-ImageDependencyTests-30280724 tempest-ImageDependencyTests-30280724-project-member] Using url versioning {{(pid=128783) process_request /opt/stack/glance/glance/api/middleware/version_negotiation.py:57}}
Feb 12 19:21:23 ubuntu devstack@g-api.service[128783]: DEBUG glance.api.middleware.version_negotiation [None req-47bfb8b0-a915-4195-a7e8-6e3a968e19c5 tempest-ImageDependencyTests-30280724 tempest-ImageDependencyTests-30280724-project-member] Matched version: v2 {{(pid=128783) process_request /opt/stack/glance/glance/api/middleware/version_negotiation.py:69}}
Feb 12 19:21:23 ubuntu devstack@g-api.service[128783]: DEBUG glance.api.middleware.version_negotiation [None req-47bfb8b0-a915-4195-a7e8-6e3a968e19c5 tempest-ImageDependencyTests-30280724 tempest-ImageDependencyTests-30280724-project-member] new path /v2/images/29135b56-9a56-4a05-8aaf-1e95d84afa5b {{(pid=128783) process_request /opt/stack/glance/glance/api/middleware/version_negotiation.py:70}}
Feb 12 19:21:23 ubuntu devstack@g-api.service[128783]: WARNING glance.api.v2.images [None req-f3223bbb-d4be-4783-91b2-b521dea4fc11 tempest-ImageDependencyTests-30280724 tempest-ImageDependencyTests-30280724-project-member] After upload to backend, deletion of staged image data has failed because it cannot be found at /tmp/staging//29135b56-9a56-4a05-8aaf-1e95d84afa5b
Feb 12 19:21:23 ubuntu devstack@g-api.service[128783]: DEBUG glance_store.backend [None req-f3223bbb-d4be-4783-91b2-b521dea4fc11 tempest-ImageDependencyTests-30280724 tempest-ImageDependencyTests-30280724-project-member] Attempting to import store swift {{(pid=128783) _load_store /opt/stack/data/venv/lib/python3.10/site-packages/glance_store/backend.py:216}}
Feb 12 19:21:23 ubuntu devstack@g-api.service[128783]: DEBUG glance_store.capabilities [None req-f3223bbb-d4be-4783-91b2-b521dea4fc11 tempest-ImageDependencyTests-30280724 tempest-ImageDependencyTests-30280724-project-member] Store glance_store._drivers.swift.store.SingleTenantStore doesn't support updating dynamic storage capabilities. Please overwrite 'update_capabilities' method of the store to implement updating logics if needed. {{(pid=128783) update_capabilities /opt/stack/data/venv/lib/python3.10/site-packages/glance_store/capabilities.py:91}}
Feb 12 19:21:23 ubuntu devstack@g-api.service[128783]: DEBUG glance_store.driver [None req-f3223bbb-d4be-4783-91b2-b521dea4fc11 tempest-ImageDependencyTests-30280724 tempest-ImageDependencyTests-30280724-project-member] Late loading location class glance_store._drivers.swift.store.StoreLocation {{(pid=128783) get_store_location_class /opt/stack/data/venv/lib/python3.10/site-packages/glance_store/driver.py:133}}
Feb 12 19:21:23 ubuntu devstack@g-api.service[128783]: DEBUG glance_store.location [None req-f3223bbb-d4be-4783-91b2-b521dea4fc11 tempest-ImageDependencyTests-30280724 tempest-ImageDependencyTests-30280724-project-member] Registering scheme swift+https with {'store': <glance_store._drivers.swift.store.SingleTenantStore object at 0x7fd134a3ab30>, 'location_class': <class 'glance_store._drivers.swift.store.StoreLocation'>, 'store_entry': 'swift'} {{(pid=128783) register_scheme_map /opt/stack/data/venv/lib/python3.10/site-packages/glance_store/location.py:146}}
Feb 12 19:21:23 ubuntu devstack@g-api.service[128783]: DEBUG glance_store.location [None req-f3223bbb-d4be-4783-91b2-b521dea4fc11 tempest-ImageDependencyTests-30280724 tempest-ImageDependencyTests-30280724-project-member] Registering scheme swift+https with {'store': <glance_store._drivers.swift.store.SingleTenantStore object at 0x7fd134a3ab30>, 'location_class': <class 'glance_store._drivers.swift.store.StoreLocation'>, 'store_entry': 'swift'} {{(pid=128783) register_scheme_map /opt/stack/data/venv/lib/python3.10/site-packages/glance_store/location.py:146}}
Feb 12 19:21:23 ubuntu devstack@g-api.service[128783]: DEBUG glance_store.location [None req-f3223bbb-d4be-4783-91b2-b521dea4fc11 tempest-ImageDependencyTests-30280724 tempest-ImageDependencyTests-30280724-project-member] Registering scheme swift with {'store': <glance_store._drivers.swift.store.SingleTenantStore object at 0x7fd134a3ab30>, 'location_class': <class 'glance_store._drivers.swift.store.StoreLocation'>, 'store_entry': 'swift'} {{(pid=128783) register_scheme_map /opt/stack/data/venv/lib/python3.10/site-packages/glance_store/location.py:146}}
Feb 12 19:21:23 ubuntu devstack@g-api.service[128783]: DEBUG glance_store.location [None req-f3223bbb-d4be-4783-91b2-b521dea4fc11 tempest-ImageDependencyTests-30280724 tempest-ImageDependencyTests-30280724-project-member] Registering scheme swift+https with {'store': <glance_store._drivers.swift.store.SingleTenantStore object at 0x7fd134a3ab30>, 'location_class': <class 'glance_store._drivers.swift.store.StoreLocation'>, 'store_entry': 'swift'} {{(pid=128783) register_scheme_map /opt/stack/data/venv/lib/python3.10/site-packages/glance_store/location.py:146}}
Feb 12 19:21:23 ubuntu devstack@g-api.service[128783]: DEBUG glance_store.location [None req-f3223bbb-d4be-4783-91b2-b521dea4fc11 tempest-ImageDependencyTests-30280724 tempest-ImageDependencyTests-30280724-project-member] Registering scheme swift with {'store': <glance_store._drivers.swift.store.SingleTenantStore object at 0x7fd134a3ab30>, 'location_class': <class 'glance_store._drivers.swift.store.StoreLocation'>, 'store_entry': 'swift'} {{(pid=128783) register_scheme_map /opt/stack/data/venv/lib/python3.10/site-packages/glance_store/location.py:146}}
Feb 12 19:21:23 ubuntu devstack@g-api.service[128783]: DEBUG glance_store.location [None req-f3223bbb-d4be-4783-91b2-b521dea4fc11 tempest-ImageDependencyTests-30280724 tempest-ImageDependencyTests-30280724-project-member] Registering scheme swift+http with {'store': <glance_store._drivers.swift.store.SingleTenantStore object at 0x7fd134a3ab30>, 'location_class': <class 'glance_store._drivers.swift.store.StoreLocation'>, 'store_entry': 'swift'} {{(pid=128783) register_scheme_map /opt/stack/data/venv/lib/python3.10/site-packages/glance_store/location.py:146}}
Feb 12 19:21:23 ubuntu devstack@g-api.service[128783]: DEBUG glance_store.location [None req-f3223bbb-d4be-4783-91b2-b521dea4fc11 tempest-ImageDependencyTests-30280724 tempest-ImageDependencyTests-30280724-project-member] Registering scheme swift+https with {'store': <glance_store._drivers.swift.store.SingleTenantStore object at 0x7fd134a3ab30>, 'location_class': <class 'glance_store._drivers.swift.store.StoreLocation'>, 'store_entry': 'swift'} {{(pid=128783) register_scheme_map /opt/stack/data/venv/lib/python3.10/site-packages/glance_store/location.py:146}}
Feb 12 19:21:23 ubuntu devstack@g-api.service[128783]: DEBUG glance_store.location [None req-f3223bbb-d4be-4783-91b2-b521dea4fc11 tempest-ImageDependencyTests-30280724 tempest-ImageDependencyTests-30280724-project-member] Registering scheme swift with {'store': <glance_store._drivers.swift.store.SingleTenantStore object at 0x7fd134a3ab30>, 'location_class': <class 'glance_store._drivers.swift.store.StoreLocation'>, 'store_entry': 'swift'} {{(pid=128783) register_scheme_map /opt/stack/data/venv/lib/python3.10/site-packages/glance_store/location.py:146}}
Feb 12 19:21:23 ubuntu devstack@g-api.service[128783]: DEBUG glance_store.location [None req-f3223bbb-d4be-4783-91b2-b521dea4fc11 tempest-ImageDependencyTests-30280724 tempest-ImageDependencyTests-30280724-project-member] Registering scheme swift+http with {'store': <glance_store._drivers.swift.store.SingleTenantStore object at 0x7fd134a3ab30>, 'location_class': <class 'glance_store._drivers.swift.store.StoreLocation'>, 'store_entry': 'swift'} {{(pid=128783) register_scheme_map /opt/stack/data/venv/lib/python3.10/site-packages/glance_store/location.py:146}}
Feb 12 19:21:23 ubuntu devstack@g-api.service[128783]: DEBUG glance_store.location [None req-f3223bbb-d4be-4783-91b2-b521dea4fc11 tempest-ImageDependencyTests-30280724 tempest-ImageDependencyTests-30280724-project-member] Registering scheme swift+config with {'store': <glance_store._drivers.swift.store.SingleTenantStore object at 0x7fd134a3ab30>, 'location_class': <class 'glance_store._drivers.swift.store.StoreLocation'>, 'store_entry': 'swift'} {{(pid=128783) register_scheme_map /opt/stack/data/venv/lib/python3.10/site-packages/glance_store/location.py:146}}
Feb 12 19:21:23 ubuntu devstack@g-api.service[128783]: DEBUG keystoneclient.auth.identity.v3.base [None req-f3223bbb-d4be-4783-91b2-b521dea4fc11 tempest-ImageDependencyTests-30280724 tempest-ImageDependencyTests-30280724-project-member] Making authentication request to http://10.201.5.82/identity/v3/auth/tokens {{(pid=128783) get_auth_ref /opt/stack/data/venv/lib/python3.10/site-packages/keystoneclient/auth/identity/v3/base.py:185}}
Feb 12 19:21:23 ubuntu devstack@g-api.service[128783]: DEBUG keystoneclient.auth.identity.v3.base [None req-f3223bbb-d4be-4783-91b2-b521dea4fc11 tempest-ImageDependencyTests-30280724 tempest-ImageDependencyTests-30280724-project-member] {"token": {"methods": ["password"], "user": {"domain": {"id": "default", "name": "Default"}, "id": "adbcd5e7db2f455980e9bfe4e1311366", "name": "glance-swift", "password_expires_at": null}, "audit_ids": ["Biph1_yOTHukefYT61-CvQ"], "expires_at": "2025-02-12T20:21:23.000000Z", "issued_at": "2025-02-12T19:21:23.000000Z", "project": {"domain": {"id": "default", "name": "Default"}, "id": "bdc5928321724acd8693520eeecd43ee", "name": "service"}, "is_domain": false, "roles": [{"id": "7d0a4e09e8c743a284dec27ad7f646f6", "name": "service"}, {"id": "745332c4530a4da489680441451e05a3", "name": "ResellerAdmin"}], "catalog": [{"endpoints": [{"id": "2513aac5424b40f5bc2becb7effe7ae6", "interface": "public", "region_id": "RegionOne", "url": "http://10.201.5.82/compute/v2.1", "region": "RegionOne"}], "id": "23cd26ec3c494d5b9cb187a020f3db33", "type": "compute", "name": "nova"}, {"endpoints": [{"id": "3eaef381abf048458365820502a02888", "interface": "public", "region_id": "RegionOne", "url": "http://10.201.5.82/placement", "region": "RegionOne"}], "id": "368e4d4b6a7f487087e26e7b20d79f7c", "type": "placement", "name": "placement"}, {"endpoints": [{"id": "3a5328c9025541219101670403b7d3ed", "interface": "public", "region_id": "RegionOne", "url": "http://10.201.5.82/identity", "region": "RegionOne"}], "id": "3f16c2f6c379464a91e640f2e66bbe2a", "type": "identity", "name": "keystone"}, {"endpoints": [{"id": "a842b6da0f644b7a8a12660a8f749d15", "interface": "public", "region_id": "RegionOne", "url": "http://10.201.5.82:9696/networking", "region": "RegionOne"}], "id": "49e0350c0f6a42bb8bf1c7aa87db82bd", "type": "network", "name": "neutron"}, {"endpoints": [{"id": "601d937ef2d74d5b8e2ae8288612bc7e", "interface": "public", "region_id": "RegionOne", "url": "http://10.201.5.82/compute/v2/bdc5928321724acd8693520eeecd43ee", "region": "RegionOne"}], "id": "6daba259fc7f43c284a9fc3a3cc3c35d", "type": "compute_legacy", "name": "nova_legacy"}, {"endpoints": [{"id": "0837d72f4ab543c5b615581c9b33b894", "interface": "public", "region_id": "RegionOne", "url": "http://10.201.5.82/image", "region": "RegionOne"}], "id": "b8abcedacc1340adacead53c5496773f", "type": "image", "name": "glance"}, {"endpoints": [{"id": "775fa07161a24634bcdf7f34c2a2110c", "interface": "public", "region_id": "RegionOne", "url": "http://10.201.5.82/volume/v3", "region": "RegionOne"}], "id": "cbc906c8941a46b7875d06f88a093005", "type": "block-storage", "name": "cinder"}, {"endpoints": [{"id": "186b6b2869e14d1f940275c23d9a95f5", "interface": "public", "region_id": "RegionOne", "url": "http://10.201.5.82:8080/v1/AUTH_bdc5928321724acd8693520eeecd43ee", "region": "RegionOne"}, {"id": "9e7a1caee9e14156b34775cd9a8fff63", "interface": "admin", "region_id": "RegionOne", "url": "http://10.201.5.82:8080", "region": "RegionOne"}], "id": "dde5c0b129b6473a8c0e3f4224863399", "type": "object-store", "name": "swift"}]}} {{(pid=128783) get_auth_ref /opt/stack/data/venv/lib/python3.10/site-packages/keystoneclient/auth/identity/v3/base.py:190}}
Feb 12 19:21:23 ubuntu devstack@g-api.service[128783]: DEBUG keystoneclient.httpclient [None req-f3223bbb-d4be-4783-91b2-b521dea4fc11 tempest-ImageDependencyTests-30280724 tempest-ImageDependencyTests-30280724-project-member] Failed to find endpoint for management url admin endpoint for identity service not found {{(pid=128783) _process_management_url /opt/stack/data/venv/lib/python3.10/site-packages/keystoneclient/httpclient.py:670}}
Feb 12 19:21:23 ubuntu devstack@g-api.service[128783]: DEBUG swiftclient [None req-f3223bbb-d4be-4783-91b2-b521dea4fc11 tempest-ImageDependencyTests-30280724 tempest-ImageDependencyTests-30280724-project-member] REQ: curl -i http://10.201.5.82:8080/v1/AUTH_bdc5928321724acd8693520eeecd43ee/glance/29135b56-9a56-4a05-8aaf-1e95d84afa5b -I -H "X-Auth-Token: gAAAAABnrPSz0BLa..." {{(pid=128783) http_log /opt/stack/data/venv/lib/python3.10/site-packages/swiftclient/client.py:160}}
Feb 12 19:21:23 ubuntu devstack@g-api.service[128783]: DEBUG swiftclient [None req-f3223bbb-d4be-4783-91b2-b521dea4fc11 tempest-ImageDependencyTests-30280724 tempest-ImageDependencyTests-30280724-project-member] RESP STATUS: 200 OK {{(pid=128783) http_log /opt/stack/data/venv/lib/python3.10/site-packages/swiftclient/client.py:161}}
Feb 12 19:21:23 ubuntu devstack@g-api.service[128783]: DEBUG swiftclient [None req-f3223bbb-d4be-4783-91b2-b521dea4fc11 tempest-ImageDependencyTests-30280724 tempest-ImageDependencyTests-30280724-project-member] RESP HEADERS: {'Content-Type': 'application/octet-stream', 'Content-Length': '1024', 'Etag': '30b12dbf110071c4f552870e68c118a3', 'Last-Modified': 'Wed, 12 Feb 2025 19:21:17 GMT', 'X-Timestamp': '1739388076.32685', 'Accept-Ranges': 'bytes', 'X-Trans-Id': 'tx0bd11063064348adab470-0067acf4b3', 'X-Openstack-Request-Id': 'tx0bd11063064348adab470-0067acf4b3', 'Date': 'Wed, 12 Feb 2025 19:21:23 GMT'} {{(pid=128783) http_log /opt/stack/data/venv/lib/python3.10/site-packages/swiftclient/client.py:162}}
Feb 12 19:21:23 ubuntu devstack@g-api.service[128783]: DEBUG swiftclient [None req-f3223bbb-d4be-4783-91b2-b521dea4fc11 tempest-ImageDependencyTests-30280724 tempest-ImageDependencyTests-30280724-project-member] REQ: curl -i http://10.201.5.82:8080/v1/AUTH_bdc5928321724acd8693520eeecd43ee/glance/29135b56-9a56-4a05-8aaf-1e95d84afa5b DELETE -H "X-Auth-Token: gAAAAABnrPSz0BLa..." {{(pid=128783) http_log /opt/stack/data/venv/lib/python3.10/site-packages/swiftclient/client.py:160}}
Feb 12 19:21:23 ubuntu devstack@g-api.service[128783]: DEBUG swiftclient [None req-f3223bbb-d4be-4783-91b2-b521dea4fc11 tempest-ImageDependencyTests-30280724 tempest-ImageDependencyTests-30280724-project-member] RESP STATUS: 204 No Content {{(pid=128783) http_log /opt/stack/data/venv/lib/python3.10/site-packages/swiftclient/client.py:161}}
Feb 12 19:21:23 ubuntu devstack@g-api.service[128783]: DEBUG swiftclient [None req-f3223bbb-d4be-4783-91b2-b521dea4fc11 tempest-ImageDependencyTests-30280724 tempest-ImageDependencyTests-30280724-project-member] RESP HEADERS: {'Content-Type': 'text/html; charset=UTF-8', 'Content-Length': '0', 'X-Trans-Id': 'txd4520b0f2d644f84bccc7-0067acf4b3', 'X-Openstack-Request-Id': 'txd4520b0f2d644f84bccc7-0067acf4b3', 'Date': 'Wed, 12 Feb 2025 19:21:23 GMT'} {{(pid=128783) http_log /opt/stack/data/venv/lib/python3.10/site-packages/swiftclient/client.py:162}}
Feb 12 19:21:23 ubuntu devstack@g-api.service[128783]: DEBUG glance.api.middleware.cache [None req-f3223bbb-d4be-4783-91b2-b521dea4fc11 tempest-ImageDependencyTests-30280724 tempest-ImageDependencyTests-30280724-project-member] Removing image 29135b56-9a56-4a05-8aaf-1e95d84afa5b from cache {{(pid=128783) _process_DELETE_response /opt/stack/glance/glance/api/middleware/cache.py:264}}
Feb 12 19:21:23 ubuntu devstack@g-api.service[128783]: DEBUG glance.image_cache.drivers.centralized_db [None req-f3223bbb-d4be-4783-91b2-b521dea4fc11 tempest-ImageDependencyTests-30280724 tempest-ImageDependencyTests-30280724-project-member] Deleting image cache file '/opt/stack/data/glance/cache/29135b56-9a56-4a05-8aaf-1e95d84afa5b' {{(pid=128783) delete_cached_file /opt/stack/glance/glance/image_cache/drivers/centralized_db.py:387}}
Feb 12 19:21:23 ubuntu devstack@g-api.service[128783]: [pid: 128783|app: 0|req: 33/64] 127.0.0.1 () {38 vars in 773 bytes} [Wed Feb 12 19:21:23 2025] DELETE /v2/images/29135b56-9a56-4a05-8aaf-1e95d84afa5b => generated 0 bytes in 200 msecs (HTTP/1.1 204) 4 headers in 171 bytes (1 switches on core 0)
Feb 12 19:21:23 ubuntu devstack@g-api.service[128784]: DEBUG glance.api.middleware.version_negotiation [None req-47bfb8b0-a915-4195-a7e8-6e3a968e19c5 tempest-ImageDependencyTests-30280724 tempest-ImageDependencyTests-30280724-project-member] Determining version of request: GET /v2/images/29135b56-9a56-4a05-8aaf-1e95d84afa5b Accept: application/json {{(pid=128784) process_request /opt/stack/glance/glance/api/middleware/version_negotiation.py:44}}
Feb 12 19:21:23 ubuntu devstack@g-api.service[128784]: DEBUG glance.api.middleware.version_negotiation [None req-47bfb8b0-a915-4195-a7e8-6e3a968e19c5 tempest-ImageDependencyTests-30280724 tempest-ImageDependencyTests-30280724-project-member] Using url versioning {{(pid=128784) process_request /opt/stack/glance/glance/api/middleware/version_negotiation.py:57}}
Feb 12 19:21:23 ubuntu devstack@g-api.service[128784]: DEBUG glance.api.middleware.version_negotiation [None req-47bfb8b0-a915-4195-a7e8-6e3a968e19c5 tempest-ImageDependencyTests-30280724 tempest-ImageDependencyTests-30280724-project-member] Matched version: v2 {{(pid=128784) process_request /opt/stack/glance/glance/api/middleware/version_negotiation.py:69}}
Feb 12 19:21:23 ubuntu devstack@g-api.service[128784]: DEBUG glance.api.middleware.version_negotiation [None req-47bfb8b0-a915-4195-a7e8-6e3a968e19c5 tempest-ImageDependencyTests-30280724 tempest-ImageDependencyTests-30280724-project-member] new path /v2/images/29135b56-9a56-4a05-8aaf-1e95d84afa5b {{(pid=128784) process_request /opt/stack/glance/glance/api/middleware/version_negotiation.py:70}}
Feb 12 19:21:23 ubuntu devstack@g-api.service[128784]: DEBUG glance.db.sqlalchemy.api [None req-a6289abd-dec0-41a2-af18-979855dd0b37 tempest-ImageDependencyTests-30280724 tempest-ImageDependencyTests-30280724-project-member] No image found with ID 29135b56-9a56-4a05-8aaf-1e95d84afa5b {{(pid=128784) _image_get /opt/stack/glance/glance/db/sqlalchemy/api.py:309}}
Feb 12 19:21:23 ubuntu devstack@g-api.service[128784]: [pid: 128784|app: 0|req: 32/65] 127.0.0.1 () {38 vars in 770 bytes} [Wed Feb 12 19:21:23 2025] GET /v2/images/29135b56-9a56-4a05-8aaf-1e95d84afa5b => generated 139 bytes in 121 msecs (HTTP/1.1 404) 4 headers in 164 bytes (1 switches on core 0)
Feb 12 19:21:33 ubuntu devstack@g-api.service[128783]: DEBUG dbcounter [-] [128783] Writing DB stats glance:SELECT=52,glance:UPDATE=9,glance:INSERT=1,glance:DELETE=1 {{(pid=128783) stat_writer /opt/stack/data/venv/lib/python3.10/site-packages/dbcounter.py:115}}
Feb 12 19:21:33 ubuntu devstack@g-api.service[128784]: DEBUG dbcounter [-] [128784] Writing DB stats glance:SELECT=32,glance:INSERT=2,glance:UPDATE=1 {{(pid=128784) stat_writer /opt/stack/data/venv/lib/python3.10/site-packages/dbcounter.py:115}}
Feb 12 20:01:29 ubuntu devstack@g-api.service[128783]: DEBUG glance.api.middleware.version_negotiation [None req-f3223bbb-d4be-4783-91b2-b521dea4fc11 tempest-ImageDependencyTests-30280724 tempest-ImageDependencyTests-30280724-project-member] Determining version of request: GET /v2/images/67a0955b-e73e-4580-a7c9-a25e459cee45 Accept: application/json {{(pid=128783) process_request /opt/stack/glance/glance/api/middleware/version_negotiation.py:44}}
Feb 12 20:01:29 ubuntu devstack@g-api.service[128783]: DEBUG glance.api.middleware.version_negotiation [None req-f3223bbb-d4be-4783-91b2-b521dea4fc11 tempest-ImageDependencyTests-30280724 tempest-ImageDependencyTests-30280724-project-member] Using url versioning {{(pid=128783) process_request /opt/stack/glance/glance/api/middleware/version_negotiation.py:57}}
Feb 12 20:01:29 ubuntu devstack@g-api.service[128783]: DEBUG glance.api.middleware.version_negotiation [None req-f3223bbb-d4be-4783-91b2-b521dea4fc11 tempest-ImageDependencyTests-30280724 tempest-ImageDependencyTests-30280724-project-member] Matched version: v2 {{(pid=128783) process_request /opt/stack/glance/glance/api/middleware/version_negotiation.py:69}}
Feb 12 20:01:29 ubuntu devstack@g-api.service[128783]: DEBUG glance.api.middleware.version_negotiation [None req-f3223bbb-d4be-4783-91b2-b521dea4fc11 tempest-ImageDependencyTests-30280724 tempest-ImageDependencyTests-30280724-project-member] new path /v2/images/67a0955b-e73e-4580-a7c9-a25e459cee45 {{(pid=128783) process_request /opt/stack/glance/glance/api/middleware/version_negotiation.py:70}}
Feb 12 20:01:29 ubuntu devstack@g-api.service[128783]: [pid: 128783|app: 0|req: 34/66] 127.0.0.1 () {38 vars in 770 bytes} [Wed Feb 12 20:01:29 2025] GET /v2/images/67a0955b-e73e-4580-a7c9-a25e459cee45 => generated 976 bytes in 129 msecs (HTTP/1.1 200) 4 headers in 157 bytes (1 switches on core 0)
