Jan 02 07:27:33 ubuntu devstack@g-api.service[119813]: DEBUG glance.api.middleware.version_negotiation [None req-a29b1b0a-1ffa-4c1e-b786-2f4b299e155b tempest-ImageDependencyTests-891782411 tempest-ImageDependencyTests-891782411-project-member] Determining version of request: GET /v2/images/86b649de-7272-4880-bf35-0175ee68d108 Accept: */* {{(pid=119813) process_request /opt/stack/glance/glance/api/middleware/version_negotiation.py:44}}
Jan 02 07:27:33 ubuntu devstack@g-api.service[119813]: DEBUG glance.api.middleware.version_negotiation [None req-a29b1b0a-1ffa-4c1e-b786-2f4b299e155b tempest-ImageDependencyTests-891782411 tempest-ImageDependencyTests-891782411-project-member] Using url versioning {{(pid=119813) process_request /opt/stack/glance/glance/api/middleware/version_negotiation.py:57}}
Jan 02 07:27:33 ubuntu devstack@g-api.service[119813]: DEBUG glance.api.middleware.version_negotiation [None req-a29b1b0a-1ffa-4c1e-b786-2f4b299e155b tempest-ImageDependencyTests-891782411 tempest-ImageDependencyTests-891782411-project-member] Matched version: v2 {{(pid=119813) process_request /opt/stack/glance/glance/api/middleware/version_negotiation.py:69}}
Jan 02 07:27:33 ubuntu devstack@g-api.service[119813]: DEBUG glance.api.middleware.version_negotiation [None req-a29b1b0a-1ffa-4c1e-b786-2f4b299e155b tempest-ImageDependencyTests-891782411 tempest-ImageDependencyTests-891782411-project-member] new path /v2/images/86b649de-7272-4880-bf35-0175ee68d108 {{(pid=119813) process_request /opt/stack/glance/glance/api/middleware/version_negotiation.py:70}}
Jan 02 07:27:33 ubuntu devstack@g-api.service[119814]: [pid: 119814|app: 0|req: 25/48] 127.0.0.1 () {42 vars in 1055 bytes} [Thu Jan  2 07:27:33 2025] GET /v2/images/86b649de-7272-4880-bf35-0175ee68d108/file => generated 1024 bytes in 42 msecs (HTTP/1.1 200) 5 headers in 213 bytes (1 switches on core 0)
Jan 02 07:27:33 ubuntu devstack@g-api.service[119813]: [pid: 119813|app: 0|req: 24/49] 127.0.0.1 () {42 vars in 1045 bytes} [Thu Jan  2 07:27:33 2025] GET /v2/images/86b649de-7272-4880-bf35-0175ee68d108 => generated 807 bytes in 16 msecs (HTTP/1.1 200) 4 headers in 157 bytes (1 switches on core 0)
Jan 02 07:27:33 ubuntu devstack@g-api.service[119814]: DEBUG glance.api.middleware.version_negotiation [None req-a29b1b0a-1ffa-4c1e-b786-2f4b299e155b tempest-ImageDependencyTests-891782411 tempest-ImageDependencyTests-891782411-project-member] Determining version of request: GET /v2/schemas/image Accept: */* {{(pid=119814) process_request /opt/stack/glance/glance/api/middleware/version_negotiation.py:44}}
Jan 02 07:27:33 ubuntu devstack@g-api.service[119814]: DEBUG glance.api.middleware.version_negotiation [None req-a29b1b0a-1ffa-4c1e-b786-2f4b299e155b tempest-ImageDependencyTests-891782411 tempest-ImageDependencyTests-891782411-project-member] Using url versioning {{(pid=119814) process_request /opt/stack/glance/glance/api/middleware/version_negotiation.py:57}}
Jan 02 07:27:33 ubuntu devstack@g-api.service[119814]: DEBUG glance.api.middleware.version_negotiation [None req-a29b1b0a-1ffa-4c1e-b786-2f4b299e155b tempest-ImageDependencyTests-891782411 tempest-ImageDependencyTests-891782411-project-member] Matched version: v2 {{(pid=119814) process_request /opt/stack/glance/glance/api/middleware/version_negotiation.py:69}}
Jan 02 07:27:33 ubuntu devstack@g-api.service[119814]: DEBUG glance.api.middleware.version_negotiation [None req-a29b1b0a-1ffa-4c1e-b786-2f4b299e155b tempest-ImageDependencyTests-891782411 tempest-ImageDependencyTests-891782411-project-member] new path /v2/schemas/image {{(pid=119814) process_request /opt/stack/glance/glance/api/middleware/version_negotiation.py:70}}
Jan 02 07:27:33 ubuntu devstack@g-api.service[119814]: [pid: 119814|app: 0|req: 26/50] 127.0.0.1 () {42 vars in 985 bytes} [Thu Jan  2 07:27:33 2025] GET /v2/schemas/image => generated 6083 bytes in 4 msecs (HTTP/1.1 200) 4 headers in 158 bytes (1 switches on core 0)
Jan 02 07:27:34 ubuntu devstack@g-api.service[119813]: DEBUG glance.api.middleware.version_negotiation [None req-a29b1b0a-1ffa-4c1e-b786-2f4b299e155b tempest-ImageDependencyTests-891782411 tempest-ImageDependencyTests-891782411-project-member] Determining version of request: GET /v2/images/86b649de-7272-4880-bf35-0175ee68d108 Accept: */* {{(pid=119813) process_request /opt/stack/glance/glance/api/middleware/version_negotiation.py:44}}
Jan 02 07:27:34 ubuntu devstack@g-api.service[119813]: DEBUG glance.api.middleware.version_negotiation [None req-a29b1b0a-1ffa-4c1e-b786-2f4b299e155b tempest-ImageDependencyTests-891782411 tempest-ImageDependencyTests-891782411-project-member] Using url versioning {{(pid=119813) process_request /opt/stack/glance/glance/api/middleware/version_negotiation.py:57}}
Jan 02 07:27:34 ubuntu devstack@g-api.service[119813]: DEBUG glance.api.middleware.version_negotiation [None req-a29b1b0a-1ffa-4c1e-b786-2f4b299e155b tempest-ImageDependencyTests-891782411 tempest-ImageDependencyTests-891782411-project-member] Matched version: v2 {{(pid=119813) process_request /opt/stack/glance/glance/api/middleware/version_negotiation.py:69}}
Jan 02 07:27:34 ubuntu devstack@g-api.service[119813]: DEBUG glance.api.middleware.version_negotiation [None req-a29b1b0a-1ffa-4c1e-b786-2f4b299e155b tempest-ImageDependencyTests-891782411 tempest-ImageDependencyTests-891782411-project-member] new path /v2/images/86b649de-7272-4880-bf35-0175ee68d108 {{(pid=119813) process_request /opt/stack/glance/glance/api/middleware/version_negotiation.py:70}}
Jan 02 07:27:34 ubuntu devstack@g-api.service[119813]: [pid: 119813|app: 0|req: 25/51] 127.0.0.1 () {42 vars in 1045 bytes} [Thu Jan  2 07:27:34 2025] GET /v2/images/86b649de-7272-4880-bf35-0175ee68d108 => generated 807 bytes in 17 msecs (HTTP/1.1 200) 4 headers in 157 bytes (1 switches on core 0)
Jan 02 07:27:34 ubuntu devstack@g-api.service[119814]: DEBUG glance.api.middleware.version_negotiation [None req-a29b1b0a-1ffa-4c1e-b786-2f4b299e155b tempest-ImageDependencyTests-891782411 tempest-ImageDependencyTests-891782411-project-member] Determining version of request: GET /v2/schemas/image Accept: */* {{(pid=119814) process_request /opt/stack/glance/glance/api/middleware/version_negotiation.py:44}}
Jan 02 07:27:34 ubuntu devstack@g-api.service[119814]: DEBUG glance.api.middleware.version_negotiation [None req-a29b1b0a-1ffa-4c1e-b786-2f4b299e155b tempest-ImageDependencyTests-891782411 tempest-ImageDependencyTests-891782411-project-member] Using url versioning {{(pid=119814) process_request /opt/stack/glance/glance/api/middleware/version_negotiation.py:57}}
Jan 02 07:27:34 ubuntu devstack@g-api.service[119814]: DEBUG glance.api.middleware.version_negotiation [None req-a29b1b0a-1ffa-4c1e-b786-2f4b299e155b tempest-ImageDependencyTests-891782411 tempest-ImageDependencyTests-891782411-project-member] Matched version: v2 {{(pid=119814) process_request /opt/stack/glance/glance/api/middleware/version_negotiation.py:69}}
Jan 02 07:27:34 ubuntu devstack@g-api.service[119814]: DEBUG glance.api.middleware.version_negotiation [None req-a29b1b0a-1ffa-4c1e-b786-2f4b299e155b tempest-ImageDependencyTests-891782411 tempest-ImageDependencyTests-891782411-project-member] new path /v2/schemas/image {{(pid=119814) process_request /opt/stack/glance/glance/api/middleware/version_negotiation.py:70}}
Jan 02 07:27:34 ubuntu devstack@g-api.service[119814]: [pid: 119814|app: 0|req: 27/52] 127.0.0.1 () {42 vars in 985 bytes} [Thu Jan  2 07:27:34 2025] GET /v2/schemas/image => generated 6083 bytes in 8 msecs (HTTP/1.1 200) 4 headers in 158 bytes (1 switches on core 0)
Jan 02 07:27:34 ubuntu devstack@g-api.service[119813]: DEBUG glance.api.middleware.version_negotiation [None req-a29b1b0a-1ffa-4c1e-b786-2f4b299e155b tempest-ImageDependencyTests-891782411 tempest-ImageDependencyTests-891782411-project-member] Determining version of request: GET /v2/images/86b649de-7272-4880-bf35-0175ee68d108 Accept: */* {{(pid=119813) process_request /opt/stack/glance/glance/api/middleware/version_negotiation.py:44}}
Jan 02 07:27:34 ubuntu devstack@g-api.service[119813]: DEBUG glance.api.middleware.version_negotiation [None req-a29b1b0a-1ffa-4c1e-b786-2f4b299e155b tempest-ImageDependencyTests-891782411 tempest-ImageDependencyTests-891782411-project-member] Using url versioning {{(pid=119813) process_request /opt/stack/glance/glance/api/middleware/version_negotiation.py:57}}
Jan 02 07:27:34 ubuntu devstack@g-api.service[119813]: DEBUG glance.api.middleware.version_negotiation [None req-a29b1b0a-1ffa-4c1e-b786-2f4b299e155b tempest-ImageDependencyTests-891782411 tempest-ImageDependencyTests-891782411-project-member] Matched version: v2 {{(pid=119813) process_request /opt/stack/glance/glance/api/middleware/version_negotiation.py:69}}
Jan 02 07:27:34 ubuntu devstack@g-api.service[119813]: DEBUG glance.api.middleware.version_negotiation [None req-a29b1b0a-1ffa-4c1e-b786-2f4b299e155b tempest-ImageDependencyTests-891782411 tempest-ImageDependencyTests-891782411-project-member] new path /v2/images/86b649de-7272-4880-bf35-0175ee68d108 {{(pid=119813) process_request /opt/stack/glance/glance/api/middleware/version_negotiation.py:70}}
Jan 02 07:27:34 ubuntu devstack@g-api.service[119813]: [pid: 119813|app: 0|req: 26/53] 127.0.0.1 () {42 vars in 1045 bytes} [Thu Jan  2 07:27:34 2025] GET /v2/images/86b649de-7272-4880-bf35-0175ee68d108 => generated 807 bytes in 17 msecs (HTTP/1.1 200) 4 headers in 157 bytes (1 switches on core 0)
Jan 02 07:27:34 ubuntu devstack@g-api.service[119814]: DEBUG glance.api.middleware.version_negotiation [None req-a29b1b0a-1ffa-4c1e-b786-2f4b299e155b tempest-ImageDependencyTests-891782411 tempest-ImageDependencyTests-891782411-project-member] Determining version of request: GET /v2/schemas/image Accept: */* {{(pid=119814) process_request /opt/stack/glance/glance/api/middleware/version_negotiation.py:44}}
Jan 02 07:27:34 ubuntu devstack@g-api.service[119814]: DEBUG glance.api.middleware.version_negotiation [None req-a29b1b0a-1ffa-4c1e-b786-2f4b299e155b tempest-ImageDependencyTests-891782411 tempest-ImageDependencyTests-891782411-project-member] Using url versioning {{(pid=119814) process_request /opt/stack/glance/glance/api/middleware/version_negotiation.py:57}}
Jan 02 07:27:34 ubuntu devstack@g-api.service[119814]: DEBUG glance.api.middleware.version_negotiation [None req-a29b1b0a-1ffa-4c1e-b786-2f4b299e155b tempest-ImageDependencyTests-891782411 tempest-ImageDependencyTests-891782411-project-member] Matched version: v2 {{(pid=119814) process_request /opt/stack/glance/glance/api/middleware/version_negotiation.py:69}}
Jan 02 07:27:34 ubuntu devstack@g-api.service[119814]: DEBUG glance.api.middleware.version_negotiation [None req-a29b1b0a-1ffa-4c1e-b786-2f4b299e155b tempest-ImageDependencyTests-891782411 tempest-ImageDependencyTests-891782411-project-member] new path /v2/schemas/image {{(pid=119814) process_request /opt/stack/glance/glance/api/middleware/version_negotiation.py:70}}
Jan 02 07:27:34 ubuntu devstack@g-api.service[119814]: [pid: 119814|app: 0|req: 28/54] 127.0.0.1 () {42 vars in 985 bytes} [Thu Jan  2 07:27:34 2025] GET /v2/schemas/image => generated 6083 bytes in 8 msecs (HTTP/1.1 200) 4 headers in 158 bytes (1 switches on core 0)
Jan 02 07:27:34 ubuntu devstack@g-api.service[119813]: DEBUG glance.api.middleware.version_negotiation [None req-a29b1b0a-1ffa-4c1e-b786-2f4b299e155b tempest-ImageDependencyTests-891782411 tempest-ImageDependencyTests-891782411-project-member] Determining version of request: GET /v2/images/86b649de-7272-4880-bf35-0175ee68d108 Accept: */* {{(pid=119813) process_request /opt/stack/glance/glance/api/middleware/version_negotiation.py:44}}
Jan 02 07:27:34 ubuntu devstack@g-api.service[119813]: DEBUG glance.api.middleware.version_negotiation [None req-a29b1b0a-1ffa-4c1e-b786-2f4b299e155b tempest-ImageDependencyTests-891782411 tempest-ImageDependencyTests-891782411-project-member] Using url versioning {{(pid=119813) process_request /opt/stack/glance/glance/api/middleware/version_negotiation.py:57}}
Jan 02 07:27:34 ubuntu devstack@g-api.service[119813]: DEBUG glance.api.middleware.version_negotiation [None req-a29b1b0a-1ffa-4c1e-b786-2f4b299e155b tempest-ImageDependencyTests-891782411 tempest-ImageDependencyTests-891782411-project-member] Matched version: v2 {{(pid=119813) process_request /opt/stack/glance/glance/api/middleware/version_negotiation.py:69}}
Jan 02 07:27:34 ubuntu devstack@g-api.service[119813]: DEBUG glance.api.middleware.version_negotiation [None req-a29b1b0a-1ffa-4c1e-b786-2f4b299e155b tempest-ImageDependencyTests-891782411 tempest-ImageDependencyTests-891782411-project-member] new path /v2/images/86b649de-7272-4880-bf35-0175ee68d108 {{(pid=119813) process_request /opt/stack/glance/glance/api/middleware/version_negotiation.py:70}}
Jan 02 07:27:34 ubuntu devstack@g-api.service[119813]: [pid: 119813|app: 0|req: 27/55] 127.0.0.1 () {42 vars in 1045 bytes} [Thu Jan  2 07:27:34 2025] GET /v2/images/86b649de-7272-4880-bf35-0175ee68d108 => generated 807 bytes in 9 msecs (HTTP/1.1 200) 4 headers in 157 bytes (1 switches on core 0)
Jan 02 07:27:34 ubuntu devstack@g-api.service[119814]: DEBUG glance.api.middleware.version_negotiation [None req-a29b1b0a-1ffa-4c1e-b786-2f4b299e155b tempest-ImageDependencyTests-891782411 tempest-ImageDependencyTests-891782411-project-member] Determining version of request: GET /v2/schemas/image Accept: */* {{(pid=119814) process_request /opt/stack/glance/glance/api/middleware/version_negotiation.py:44}}
Jan 02 07:27:34 ubuntu devstack@g-api.service[119814]: DEBUG glance.api.middleware.version_negotiation [None req-a29b1b0a-1ffa-4c1e-b786-2f4b299e155b tempest-ImageDependencyTests-891782411 tempest-ImageDependencyTests-891782411-project-member] Using url versioning {{(pid=119814) process_request /opt/stack/glance/glance/api/middleware/version_negotiation.py:57}}
Jan 02 07:27:34 ubuntu devstack@g-api.service[119814]: DEBUG glance.api.middleware.version_negotiation [None req-a29b1b0a-1ffa-4c1e-b786-2f4b299e155b tempest-ImageDependencyTests-891782411 tempest-ImageDependencyTests-891782411-project-member] Matched version: v2 {{(pid=119814) process_request /opt/stack/glance/glance/api/middleware/version_negotiation.py:69}}
Jan 02 07:27:34 ubuntu devstack@g-api.service[119814]: DEBUG glance.api.middleware.version_negotiation [None req-a29b1b0a-1ffa-4c1e-b786-2f4b299e155b tempest-ImageDependencyTests-891782411 tempest-ImageDependencyTests-891782411-project-member] new path /v2/schemas/image {{(pid=119814) process_request /opt/stack/glance/glance/api/middleware/version_negotiation.py:70}}
Jan 02 07:27:34 ubuntu devstack@g-api.service[119814]: [pid: 119814|app: 0|req: 29/56] 127.0.0.1 () {42 vars in 985 bytes} [Thu Jan  2 07:27:34 2025] GET /v2/schemas/image => generated 6083 bytes in 3 msecs (HTTP/1.1 200) 4 headers in 158 bytes (1 switches on core 0)
Jan 02 07:27:34 ubuntu devstack@g-api.service[119813]: DEBUG glance.api.middleware.version_negotiation [None req-a29b1b0a-1ffa-4c1e-b786-2f4b299e155b tempest-ImageDependencyTests-891782411 tempest-ImageDependencyTests-891782411-project-member] Determining version of request: GET /v2/schemas/image Accept: */* {{(pid=119813) process_request /opt/stack/glance/glance/api/middleware/version_negotiation.py:44}}
Jan 02 07:27:34 ubuntu devstack@g-api.service[119813]: DEBUG glance.api.middleware.version_negotiation [None req-a29b1b0a-1ffa-4c1e-b786-2f4b299e155b tempest-ImageDependencyTests-891782411 tempest-ImageDependencyTests-891782411-project-member] Using url versioning {{(pid=119813) process_request /opt/stack/glance/glance/api/middleware/version_negotiation.py:57}}
Jan 02 07:27:34 ubuntu devstack@g-api.service[119813]: DEBUG glance.api.middleware.version_negotiation [None req-a29b1b0a-1ffa-4c1e-b786-2f4b299e155b tempest-ImageDependencyTests-891782411 tempest-ImageDependencyTests-891782411-project-member] Matched version: v2 {{(pid=119813) process_request /opt/stack/glance/glance/api/middleware/version_negotiation.py:69}}
Jan 02 07:27:34 ubuntu devstack@g-api.service[119813]: DEBUG glance.api.middleware.version_negotiation [None req-a29b1b0a-1ffa-4c1e-b786-2f4b299e155b tempest-ImageDependencyTests-891782411 tempest-ImageDependencyTests-891782411-project-member] new path /v2/schemas/image {{(pid=119813) process_request /opt/stack/glance/glance/api/middleware/version_negotiation.py:70}}
Jan 02 07:27:34 ubuntu devstack@g-api.service[119813]: [pid: 119813|app: 0|req: 28/57] 127.0.0.1 () {42 vars in 985 bytes} [Thu Jan  2 07:27:34 2025] GET /v2/schemas/image => generated 6083 bytes in 3 msecs (HTTP/1.1 200) 4 headers in 158 bytes (1 switches on core 0)
Jan 02 07:27:34 ubuntu devstack@g-api.service[119814]: DEBUG glance.api.middleware.version_negotiation [None req-a29b1b0a-1ffa-4c1e-b786-2f4b299e155b tempest-ImageDependencyTests-891782411 tempest-ImageDependencyTests-891782411-project-member] Determining version of request: GET /v2/images/86b649de-7272-4880-bf35-0175ee68d108 Accept: */* {{(pid=119814) process_request /opt/stack/glance/glance/api/middleware/version_negotiation.py:44}}
Jan 02 07:27:34 ubuntu devstack@g-api.service[119814]: DEBUG glance.api.middleware.version_negotiation [None req-a29b1b0a-1ffa-4c1e-b786-2f4b299e155b tempest-ImageDependencyTests-891782411 tempest-ImageDependencyTests-891782411-project-member] Using url versioning {{(pid=119814) process_request /opt/stack/glance/glance/api/middleware/version_negotiation.py:57}}
Jan 02 07:27:34 ubuntu devstack@g-api.service[119814]: DEBUG glance.api.middleware.version_negotiation [None req-a29b1b0a-1ffa-4c1e-b786-2f4b299e155b tempest-ImageDependencyTests-891782411 tempest-ImageDependencyTests-891782411-project-member] Matched version: v2 {{(pid=119814) process_request /opt/stack/glance/glance/api/middleware/version_negotiation.py:69}}
Jan 02 07:27:34 ubuntu devstack@g-api.service[119814]: DEBUG glance.api.middleware.version_negotiation [None req-a29b1b0a-1ffa-4c1e-b786-2f4b299e155b tempest-ImageDependencyTests-891782411 tempest-ImageDependencyTests-891782411-project-member] new path /v2/images/86b649de-7272-4880-bf35-0175ee68d108 {{(pid=119814) process_request /opt/stack/glance/glance/api/middleware/version_negotiation.py:70}}
Jan 02 07:27:34 ubuntu devstack@g-api.service[119814]: [pid: 119814|app: 0|req: 30/58] 127.0.0.1 () {42 vars in 1045 bytes} [Thu Jan  2 07:27:34 2025] GET /v2/images/86b649de-7272-4880-bf35-0175ee68d108 => generated 807 bytes in 11 msecs (HTTP/1.1 200) 4 headers in 157 bytes (1 switches on core 0)
Jan 02 07:27:34 ubuntu devstack@g-api.service[119813]: DEBUG glance.api.middleware.version_negotiation [None req-a29b1b0a-1ffa-4c1e-b786-2f4b299e155b tempest-ImageDependencyTests-891782411 tempest-ImageDependencyTests-891782411-project-member] Determining version of request: GET /v2/images/86b649de-7272-4880-bf35-0175ee68d108/file Accept: */* {{(pid=119813) process_request /opt/stack/glance/glance/api/middleware/version_negotiation.py:44}}
Jan 02 07:27:34 ubuntu devstack@g-api.service[119813]: DEBUG glance.api.middleware.version_negotiation [None req-a29b1b0a-1ffa-4c1e-b786-2f4b299e155b tempest-ImageDependencyTests-891782411 tempest-ImageDependencyTests-891782411-project-member] Using url versioning {{(pid=119813) process_request /opt/stack/glance/glance/api/middleware/version_negotiation.py:57}}
Jan 02 07:27:34 ubuntu devstack@g-api.service[119813]: DEBUG glance.api.middleware.version_negotiation [None req-a29b1b0a-1ffa-4c1e-b786-2f4b299e155b tempest-ImageDependencyTests-891782411 tempest-ImageDependencyTests-891782411-project-member] Matched version: v2 {{(pid=119813) process_request /opt/stack/glance/glance/api/middleware/version_negotiation.py:69}}
Jan 02 07:27:34 ubuntu devstack@g-api.service[119813]: DEBUG glance.api.middleware.version_negotiation [None req-a29b1b0a-1ffa-4c1e-b786-2f4b299e155b tempest-ImageDependencyTests-891782411 tempest-ImageDependencyTests-891782411-project-member] new path /v2/images/86b649de-7272-4880-bf35-0175ee68d108/file {{(pid=119813) process_request /opt/stack/glance/glance/api/middleware/version_negotiation.py:70}}
Jan 02 07:27:34 ubuntu devstack@g-api.service[119813]: DEBUG glance.api.middleware.cache [None req-a29b1b0a-1ffa-4c1e-b786-2f4b299e155b tempest-ImageDependencyTests-891782411 tempest-ImageDependencyTests-891782411-project-member] Cache hit for image '86b649de-7272-4880-bf35-0175ee68d108' {{(pid=119813) process_request /opt/stack/glance/glance/api/middleware/cache.py:160}}
Jan 02 07:27:34 ubuntu devstack@g-api.service[119814]: DEBUG glance.api.middleware.version_negotiation [None req-a29b1b0a-1ffa-4c1e-b786-2f4b299e155b tempest-ImageDependencyTests-891782411 tempest-ImageDependencyTests-891782411-project-member] Determining version of request: GET /v2/images/86b649de-7272-4880-bf35-0175ee68d108 Accept: */* {{(pid=119814) process_request /opt/stack/glance/glance/api/middleware/version_negotiation.py:44}}
Jan 02 07:27:34 ubuntu devstack@g-api.service[119814]: DEBUG glance.api.middleware.version_negotiation [None req-a29b1b0a-1ffa-4c1e-b786-2f4b299e155b tempest-ImageDependencyTests-891782411 tempest-ImageDependencyTests-891782411-project-member] Using url versioning {{(pid=119814) process_request /opt/stack/glance/glance/api/middleware/version_negotiation.py:57}}
Jan 02 07:27:34 ubuntu devstack@g-api.service[119814]: DEBUG glance.api.middleware.version_negotiation [None req-a29b1b0a-1ffa-4c1e-b786-2f4b299e155b tempest-ImageDependencyTests-891782411 tempest-ImageDependencyTests-891782411-project-member] Matched version: v2 {{(pid=119814) process_request /opt/stack/glance/glance/api/middleware/version_negotiation.py:69}}
Jan 02 07:27:34 ubuntu devstack@g-api.service[119814]: DEBUG glance.api.middleware.version_negotiation [None req-a29b1b0a-1ffa-4c1e-b786-2f4b299e155b tempest-ImageDependencyTests-891782411 tempest-ImageDependencyTests-891782411-project-member] new path /v2/images/86b649de-7272-4880-bf35-0175ee68d108 {{(pid=119814) process_request /opt/stack/glance/glance/api/middleware/version_negotiation.py:70}}
Jan 02 07:27:34 ubuntu devstack@g-api.service[119813]: [pid: 119813|app: 0|req: 29/59] 127.0.0.1 () {42 vars in 1055 bytes} [Thu Jan  2 07:27:34 2025] GET /v2/images/86b649de-7272-4880-bf35-0175ee68d108/file => generated 1024 bytes in 27 msecs (HTTP/1.1 200) 5 headers in 213 bytes (1 switches on core 0)
Jan 02 07:27:34 ubuntu devstack@g-api.service[119814]: [pid: 119814|app: 0|req: 31/60] 127.0.0.1 () {42 vars in 1045 bytes} [Thu Jan  2 07:27:34 2025] GET /v2/images/86b649de-7272-4880-bf35-0175ee68d108 => generated 807 bytes in 13 msecs (HTTP/1.1 200) 4 headers in 157 bytes (1 switches on core 0)
Jan 02 07:27:34 ubuntu devstack@g-api.service[119813]: DEBUG glance.api.middleware.version_negotiation [None req-a29b1b0a-1ffa-4c1e-b786-2f4b299e155b tempest-ImageDependencyTests-891782411 tempest-ImageDependencyTests-891782411-project-member] Determining version of request: GET /v2/schemas/image Accept: */* {{(pid=119813) process_request /opt/stack/glance/glance/api/middleware/version_negotiation.py:44}}
Jan 02 07:27:34 ubuntu devstack@g-api.service[119813]: DEBUG glance.api.middleware.version_negotiation [None req-a29b1b0a-1ffa-4c1e-b786-2f4b299e155b tempest-ImageDependencyTests-891782411 tempest-ImageDependencyTests-891782411-project-member] Using url versioning {{(pid=119813) process_request /opt/stack/glance/glance/api/middleware/version_negotiation.py:57}}
Jan 02 07:27:34 ubuntu devstack@g-api.service[119813]: DEBUG glance.api.middleware.version_negotiation [None req-a29b1b0a-1ffa-4c1e-b786-2f4b299e155b tempest-ImageDependencyTests-891782411 tempest-ImageDependencyTests-891782411-project-member] Matched version: v2 {{(pid=119813) process_request /opt/stack/glance/glance/api/middleware/version_negotiation.py:69}}
Jan 02 07:27:34 ubuntu devstack@g-api.service[119813]: DEBUG glance.api.middleware.version_negotiation [None req-a29b1b0a-1ffa-4c1e-b786-2f4b299e155b tempest-ImageDependencyTests-891782411 tempest-ImageDependencyTests-891782411-project-member] new path /v2/schemas/image {{(pid=119813) process_request /opt/stack/glance/glance/api/middleware/version_negotiation.py:70}}
Jan 02 07:27:34 ubuntu devstack@g-api.service[119813]: [pid: 119813|app: 0|req: 30/61] 127.0.0.1 () {42 vars in 985 bytes} [Thu Jan  2 07:27:34 2025] GET /v2/schemas/image => generated 6083 bytes in 6 msecs (HTTP/1.1 200) 4 headers in 158 bytes (1 switches on core 0)
Jan 02 07:27:35 ubuntu devstack@g-api.service[119814]: DEBUG glance.api.middleware.version_negotiation [None req-a29b1b0a-1ffa-4c1e-b786-2f4b299e155b tempest-ImageDependencyTests-891782411 tempest-ImageDependencyTests-891782411-project-member] Determining version of request: GET /v2/images/86b649de-7272-4880-bf35-0175ee68d108 Accept: */* {{(pid=119814) process_request /opt/stack/glance/glance/api/middleware/version_negotiation.py:44}}
Jan 02 07:27:35 ubuntu devstack@g-api.service[119814]: DEBUG glance.api.middleware.version_negotiation [None req-a29b1b0a-1ffa-4c1e-b786-2f4b299e155b tempest-ImageDependencyTests-891782411 tempest-ImageDependencyTests-891782411-project-member] Using url versioning {{(pid=119814) process_request /opt/stack/glance/glance/api/middleware/version_negotiation.py:57}}
Jan 02 07:27:35 ubuntu devstack@g-api.service[119814]: DEBUG glance.api.middleware.version_negotiation [None req-a29b1b0a-1ffa-4c1e-b786-2f4b299e155b tempest-ImageDependencyTests-891782411 tempest-ImageDependencyTests-891782411-project-member] Matched version: v2 {{(pid=119814) process_request /opt/stack/glance/glance/api/middleware/version_negotiation.py:69}}
Jan 02 07:27:35 ubuntu devstack@g-api.service[119814]: DEBUG glance.api.middleware.version_negotiation [None req-a29b1b0a-1ffa-4c1e-b786-2f4b299e155b tempest-ImageDependencyTests-891782411 tempest-ImageDependencyTests-891782411-project-member] new path /v2/images/86b649de-7272-4880-bf35-0175ee68d108 {{(pid=119814) process_request /opt/stack/glance/glance/api/middleware/version_negotiation.py:70}}
Jan 02 07:27:35 ubuntu devstack@g-api.service[119814]: [pid: 119814|app: 0|req: 32/62] 127.0.0.1 () {42 vars in 1045 bytes} [Thu Jan  2 07:27:35 2025] GET /v2/images/86b649de-7272-4880-bf35-0175ee68d108 => generated 807 bytes in 20 msecs (HTTP/1.1 200) 4 headers in 157 bytes (1 switches on core 0)
Jan 02 07:27:35 ubuntu devstack@g-api.service[119813]: DEBUG glance.api.middleware.version_negotiation [None req-a29b1b0a-1ffa-4c1e-b786-2f4b299e155b tempest-ImageDependencyTests-891782411 tempest-ImageDependencyTests-891782411-project-member] Determining version of request: GET /v2/schemas/image Accept: */* {{(pid=119813) process_request /opt/stack/glance/glance/api/middleware/version_negotiation.py:44}}
Jan 02 07:27:35 ubuntu devstack@g-api.service[119813]: DEBUG glance.api.middleware.version_negotiation [None req-a29b1b0a-1ffa-4c1e-b786-2f4b299e155b tempest-ImageDependencyTests-891782411 tempest-ImageDependencyTests-891782411-project-member] Using url versioning {{(pid=119813) process_request /opt/stack/glance/glance/api/middleware/version_negotiation.py:57}}
Jan 02 07:27:35 ubuntu devstack@g-api.service[119813]: DEBUG glance.api.middleware.version_negotiation [None req-a29b1b0a-1ffa-4c1e-b786-2f4b299e155b tempest-ImageDependencyTests-891782411 tempest-ImageDependencyTests-891782411-project-member] Matched version: v2 {{(pid=119813) process_request /opt/stack/glance/glance/api/middleware/version_negotiation.py:69}}
Jan 02 07:27:35 ubuntu devstack@g-api.service[119813]: DEBUG glance.api.middleware.version_negotiation [None req-a29b1b0a-1ffa-4c1e-b786-2f4b299e155b tempest-ImageDependencyTests-891782411 tempest-ImageDependencyTests-891782411-project-member] new path /v2/schemas/image {{(pid=119813) process_request /opt/stack/glance/glance/api/middleware/version_negotiation.py:70}}
Jan 02 07:27:35 ubuntu devstack@g-api.service[119813]: [pid: 119813|app: 0|req: 31/63] 127.0.0.1 () {42 vars in 985 bytes} [Thu Jan  2 07:27:35 2025] GET /v2/schemas/image => generated 6083 bytes in 9 msecs (HTTP/1.1 200) 4 headers in 158 bytes (1 switches on core 0)
Jan 02 07:27:35 ubuntu devstack@g-api.service[119814]: DEBUG glance.api.middleware.version_negotiation [None req-a29b1b0a-1ffa-4c1e-b786-2f4b299e155b tempest-ImageDependencyTests-891782411 tempest-ImageDependencyTests-891782411-project-member] Determining version of request: DELETE /v2/images/86b649de-7272-4880-bf35-0175ee68d108 Accept: application/json {{(pid=119814) process_request /opt/stack/glance/glance/api/middleware/version_negotiation.py:44}}
Jan 02 07:27:35 ubuntu devstack@g-api.service[119814]: DEBUG glance.api.middleware.version_negotiation [None req-a29b1b0a-1ffa-4c1e-b786-2f4b299e155b tempest-ImageDependencyTests-891782411 tempest-ImageDependencyTests-891782411-project-member] Using url versioning {{(pid=119814) process_request /opt/stack/glance/glance/api/middleware/version_negotiation.py:57}}
Jan 02 07:27:35 ubuntu devstack@g-api.service[119814]: DEBUG glance.api.middleware.version_negotiation [None req-a29b1b0a-1ffa-4c1e-b786-2f4b299e155b tempest-ImageDependencyTests-891782411 tempest-ImageDependencyTests-891782411-project-member] Matched version: v2 {{(pid=119814) process_request /opt/stack/glance/glance/api/middleware/version_negotiation.py:69}}
Jan 02 07:27:35 ubuntu devstack@g-api.service[119814]: DEBUG glance.api.middleware.version_negotiation [None req-a29b1b0a-1ffa-4c1e-b786-2f4b299e155b tempest-ImageDependencyTests-891782411 tempest-ImageDependencyTests-891782411-project-member] new path /v2/images/86b649de-7272-4880-bf35-0175ee68d108 {{(pid=119814) process_request /opt/stack/glance/glance/api/middleware/version_negotiation.py:70}}
Jan 02 07:27:35 ubuntu devstack@g-api.service[119814]: WARNING glance.api.v2.images [None req-05d1e4ae-b2d1-4adf-b792-b12b8cd10bba tempest-ImageDependencyTests-891782411 tempest-ImageDependencyTests-891782411-project-member] After upload to backend, deletion of staged image data has failed because it cannot be found at /tmp/staging//86b649de-7272-4880-bf35-0175ee68d108
Jan 02 07:27:35 ubuntu devstack@g-api.service[119814]: DEBUG glance_store.backend [None req-05d1e4ae-b2d1-4adf-b792-b12b8cd10bba tempest-ImageDependencyTests-891782411 tempest-ImageDependencyTests-891782411-project-member] Attempting to import store swift {{(pid=119814) _load_store /opt/stack/data/venv/lib/python3.10/site-packages/glance_store/backend.py:216}}
Jan 02 07:27:35 ubuntu devstack@g-api.service[119814]: DEBUG glance_store.capabilities [None req-05d1e4ae-b2d1-4adf-b792-b12b8cd10bba tempest-ImageDependencyTests-891782411 tempest-ImageDependencyTests-891782411-project-member] Store glance_store._drivers.swift.store.SingleTenantStore doesn't support updating dynamic storage capabilities. Please overwrite 'update_capabilities' method of the store to implement updating logics if needed. {{(pid=119814) update_capabilities /opt/stack/data/venv/lib/python3.10/site-packages/glance_store/capabilities.py:91}}
Jan 02 07:27:35 ubuntu devstack@g-api.service[119814]: DEBUG glance_store.driver [None req-05d1e4ae-b2d1-4adf-b792-b12b8cd10bba tempest-ImageDependencyTests-891782411 tempest-ImageDependencyTests-891782411-project-member] Late loading location class glance_store._drivers.swift.store.StoreLocation {{(pid=119814) get_store_location_class /opt/stack/data/venv/lib/python3.10/site-packages/glance_store/driver.py:133}}
Jan 02 07:27:35 ubuntu devstack@g-api.service[119814]: DEBUG glance_store.location [None req-05d1e4ae-b2d1-4adf-b792-b12b8cd10bba tempest-ImageDependencyTests-891782411 tempest-ImageDependencyTests-891782411-project-member] Registering scheme swift+https with {'store': <glance_store._drivers.swift.store.SingleTenantStore object at 0x7fe1ffb02830>, 'location_class': <class 'glance_store._drivers.swift.store.StoreLocation'>, 'store_entry': 'swift'} {{(pid=119814) register_scheme_map /opt/stack/data/venv/lib/python3.10/site-packages/glance_store/location.py:146}}
Jan 02 07:27:35 ubuntu devstack@g-api.service[119814]: DEBUG glance_store.location [None req-05d1e4ae-b2d1-4adf-b792-b12b8cd10bba tempest-ImageDependencyTests-891782411 tempest-ImageDependencyTests-891782411-project-member] Registering scheme swift+https with {'store': <glance_store._drivers.swift.store.SingleTenantStore object at 0x7fe1ffb02830>, 'location_class': <class 'glance_store._drivers.swift.store.StoreLocation'>, 'store_entry': 'swift'} {{(pid=119814) register_scheme_map /opt/stack/data/venv/lib/python3.10/site-packages/glance_store/location.py:146}}
Jan 02 07:27:35 ubuntu devstack@g-api.service[119814]: DEBUG glance_store.location [None req-05d1e4ae-b2d1-4adf-b792-b12b8cd10bba tempest-ImageDependencyTests-891782411 tempest-ImageDependencyTests-891782411-project-member] Registering scheme swift with {'store': <glance_store._drivers.swift.store.SingleTenantStore object at 0x7fe1ffb02830>, 'location_class': <class 'glance_store._drivers.swift.store.StoreLocation'>, 'store_entry': 'swift'} {{(pid=119814) register_scheme_map /opt/stack/data/venv/lib/python3.10/site-packages/glance_store/location.py:146}}
Jan 02 07:27:35 ubuntu devstack@g-api.service[119814]: DEBUG glance_store.location [None req-05d1e4ae-b2d1-4adf-b792-b12b8cd10bba tempest-ImageDependencyTests-891782411 tempest-ImageDependencyTests-891782411-project-member] Registering scheme swift+https with {'store': <glance_store._drivers.swift.store.SingleTenantStore object at 0x7fe1ffb02830>, 'location_class': <class 'glance_store._drivers.swift.store.StoreLocation'>, 'store_entry': 'swift'} {{(pid=119814) register_scheme_map /opt/stack/data/venv/lib/python3.10/site-packages/glance_store/location.py:146}}
Jan 02 07:27:35 ubuntu devstack@g-api.service[119814]: DEBUG glance_store.location [None req-05d1e4ae-b2d1-4adf-b792-b12b8cd10bba tempest-ImageDependencyTests-891782411 tempest-ImageDependencyTests-891782411-project-member] Registering scheme swift with {'store': <glance_store._drivers.swift.store.SingleTenantStore object at 0x7fe1ffb02830>, 'location_class': <class 'glance_store._drivers.swift.store.StoreLocation'>, 'store_entry': 'swift'} {{(pid=119814) register_scheme_map /opt/stack/data/venv/lib/python3.10/site-packages/glance_store/location.py:146}}
Jan 02 07:27:35 ubuntu devstack@g-api.service[119814]: DEBUG glance_store.location [None req-05d1e4ae-b2d1-4adf-b792-b12b8cd10bba tempest-ImageDependencyTests-891782411 tempest-ImageDependencyTests-891782411-project-member] Registering scheme swift+http with {'store': <glance_store._drivers.swift.store.SingleTenantStore object at 0x7fe1ffb02830>, 'location_class': <class 'glance_store._drivers.swift.store.StoreLocation'>, 'store_entry': 'swift'} {{(pid=119814) register_scheme_map /opt/stack/data/venv/lib/python3.10/site-packages/glance_store/location.py:146}}
Jan 02 07:27:35 ubuntu devstack@g-api.service[119814]: DEBUG glance_store.location [None req-05d1e4ae-b2d1-4adf-b792-b12b8cd10bba tempest-ImageDependencyTests-891782411 tempest-ImageDependencyTests-891782411-project-member] Registering scheme swift+https with {'store': <glance_store._drivers.swift.store.SingleTenantStore object at 0x7fe1ffb02830>, 'location_class': <class 'glance_store._drivers.swift.store.StoreLocation'>, 'store_entry': 'swift'} {{(pid=119814) register_scheme_map /opt/stack/data/venv/lib/python3.10/site-packages/glance_store/location.py:146}}
Jan 02 07:27:35 ubuntu devstack@g-api.service[119814]: DEBUG glance_store.location [None req-05d1e4ae-b2d1-4adf-b792-b12b8cd10bba tempest-ImageDependencyTests-891782411 tempest-ImageDependencyTests-891782411-project-member] Registering scheme swift with {'store': <glance_store._drivers.swift.store.SingleTenantStore object at 0x7fe1ffb02830>, 'location_class': <class 'glance_store._drivers.swift.store.StoreLocation'>, 'store_entry': 'swift'} {{(pid=119814) register_scheme_map /opt/stack/data/venv/lib/python3.10/site-packages/glance_store/location.py:146}}
Jan 02 07:27:35 ubuntu devstack@g-api.service[119814]: DEBUG glance_store.location [None req-05d1e4ae-b2d1-4adf-b792-b12b8cd10bba tempest-ImageDependencyTests-891782411 tempest-ImageDependencyTests-891782411-project-member] Registering scheme swift+http with {'store': <glance_store._drivers.swift.store.SingleTenantStore object at 0x7fe1ffb02830>, 'location_class': <class 'glance_store._drivers.swift.store.StoreLocation'>, 'store_entry': 'swift'} {{(pid=119814) register_scheme_map /opt/stack/data/venv/lib/python3.10/site-packages/glance_store/location.py:146}}
Jan 02 07:27:35 ubuntu devstack@g-api.service[119814]: DEBUG glance_store.location [None req-05d1e4ae-b2d1-4adf-b792-b12b8cd10bba tempest-ImageDependencyTests-891782411 tempest-ImageDependencyTests-891782411-project-member] Registering scheme swift+config with {'store': <glance_store._drivers.swift.store.SingleTenantStore object at 0x7fe1ffb02830>, 'location_class': <class 'glance_store._drivers.swift.store.StoreLocation'>, 'store_entry': 'swift'} {{(pid=119814) register_scheme_map /opt/stack/data/venv/lib/python3.10/site-packages/glance_store/location.py:146}}
Jan 02 07:27:35 ubuntu devstack@g-api.service[119814]: DEBUG keystoneclient.auth.identity.v3.base [None req-05d1e4ae-b2d1-4adf-b792-b12b8cd10bba tempest-ImageDependencyTests-891782411 tempest-ImageDependencyTests-891782411-project-member] Making authentication request to http://10.201.5.82/identity/v3/auth/tokens {{(pid=119814) get_auth_ref /opt/stack/data/venv/lib/python3.10/site-packages/keystoneclient/auth/identity/v3/base.py:185}}
Jan 02 07:27:35 ubuntu devstack@g-api.service[119814]: DEBUG keystoneclient.auth.identity.v3.base [None req-05d1e4ae-b2d1-4adf-b792-b12b8cd10bba tempest-ImageDependencyTests-891782411 tempest-ImageDependencyTests-891782411-project-member] {"token": {"methods": ["password"], "user": {"domain": {"id": "default", "name": "Default"}, "id": "bd9a0e1054724f15915755d093e2a0b6", "name": "glance-swift", "password_expires_at": null}, "audit_ids": ["JO_GjfEKQ1253kPNT4vecA"], "expires_at": "2025-01-02T08:27:35.000000Z", "issued_at": "2025-01-02T07:27:35.000000Z", "project": {"domain": {"id": "default", "name": "Default"}, "id": "a507223fe2ad40e6b1e8c0c599e6baf9", "name": "service"}, "is_domain": false, "roles": [{"id": "35b5a242f356435e92217a18ede0337c", "name": "ResellerAdmin"}, {"id": "07b4dd280d9e4761bcd8d0e4a328835b", "name": "service"}], "catalog": [{"endpoints": [{"id": "610be19c51db48f58fefa4331328fb29", "interface": "public", "region_id": "RegionOne", "url": "http://10.201.5.82/image", "region": "RegionOne"}], "id": "02adfa565d6d4c40a98f15b9a307243f", "type": "image", "name": "glance"}, {"endpoints": [{"id": "58f38ef269864e0a80d2e6e891a0152d", "interface": "public", "region_id": "RegionOne", "url": "http://10.201.5.82:9696/networking", "region": "RegionOne"}], "id": "04caf763b4274cd1b762bc18012ea25a", "type": "network", "name": "neutron"}, {"endpoints": [{"id": "149bcb68c26048f38bf4535a0756597f", "interface": "public", "region_id": "RegionOne", "url": "http://10.201.5.82/identity", "region": "RegionOne"}], "id": "1505ff7bde584466bd524395531438c9", "type": "identity", "name": "keystone"}, {"endpoints": [{"id": "4b6a673c33c84c6192752a23e65b0dee", "interface": "public", "region_id": "RegionOne", "url": "http://10.201.5.82/compute/v2.1", "region": "RegionOne"}], "id": "1d57cf42b7e9489ab0bc2b8c30560157", "type": "compute", "name": "nova"}, {"endpoints": [{"id": "60d38e01652a4d52a3ba797fcef7bfd0", "interface": "public", "region_id": "RegionOne", "url": "http://10.201.5.82/compute/v2/a507223fe2ad40e6b1e8c0c599e6baf9", "region": "RegionOne"}], "id": "6a504bb2fbb343049237bf56cd9f3b0b", "type": "compute_legacy", "name": "nova_legacy"}, {"endpoints": [{"id": "21392365538442fb8862e5ffa20d5fab", "interface": "public", "region_id": "RegionOne", "url": "http://10.201.5.82:8080/v1/AUTH_a507223fe2ad40e6b1e8c0c599e6baf9", "region": "RegionOne"}, {"id": "4edb75be95cf427495b128f7810f024c", "interface": "admin", "region_id": "RegionOne", "url": "http://10.201.5.82:8080", "region": "RegionOne"}], "id": "6b2632013580428ca2e3042e35eb219f", "type": "object-store", "name": "swift"}, {"endpoints": [{"id": "513ead5831af49e4b08e2c856e0390d5", "interface": "public", "region_id": "RegionOne", "url": "http://10.201.5.82/volume/v3", "region": "RegionOne"}], "id": "aa00dbaeb010451e8586d903514a4c95", "type": "block-storage", "name": "cinder"}, {"endpoints": [{"id": "4a9d4a2a6f604c738137850f4fc2fb2a", "interface": "public", "region_id": "RegionOne", "url": "http://10.201.5.82/placement", "region": "RegionOne"}], "id": "e001a4b390104c6880526291f9535f2f", "type": "placement", "name": "placement"}]}} {{(pid=119814) get_auth_ref /opt/stack/data/venv/lib/python3.10/site-packages/keystoneclient/auth/identity/v3/base.py:190}}
Jan 02 07:27:35 ubuntu devstack@g-api.service[119814]: DEBUG keystoneclient.httpclient [None req-05d1e4ae-b2d1-4adf-b792-b12b8cd10bba tempest-ImageDependencyTests-891782411 tempest-ImageDependencyTests-891782411-project-member] Failed to find endpoint for management url admin endpoint for identity service not found {{(pid=119814) _process_management_url /opt/stack/data/venv/lib/python3.10/site-packages/keystoneclient/httpclient.py:670}}
Jan 02 07:27:35 ubuntu devstack@g-api.service[119814]: DEBUG swiftclient [None req-05d1e4ae-b2d1-4adf-b792-b12b8cd10bba tempest-ImageDependencyTests-891782411 tempest-ImageDependencyTests-891782411-project-member] REQ: curl -i http://10.201.5.82:8080/v1/AUTH_a507223fe2ad40e6b1e8c0c599e6baf9/glance/86b649de-7272-4880-bf35-0175ee68d108 -I -H "X-Auth-Token: gAAAAABndj_ns3sc..." {{(pid=119814) http_log /opt/stack/data/venv/lib/python3.10/site-packages/swiftclient/client.py:160}}
Jan 02 07:27:35 ubuntu devstack@g-api.service[119814]: DEBUG swiftclient [None req-05d1e4ae-b2d1-4adf-b792-b12b8cd10bba tempest-ImageDependencyTests-891782411 tempest-ImageDependencyTests-891782411-project-member] RESP STATUS: 200 OK {{(pid=119814) http_log /opt/stack/data/venv/lib/python3.10/site-packages/swiftclient/client.py:161}}
Jan 02 07:27:35 ubuntu devstack@g-api.service[119814]: DEBUG swiftclient [None req-05d1e4ae-b2d1-4adf-b792-b12b8cd10bba tempest-ImageDependencyTests-891782411 tempest-ImageDependencyTests-891782411-project-member] RESP HEADERS: {'Content-Type': 'application/octet-stream', 'Content-Length': '1024', 'Etag': 'b59bac6967ad500649064bcdcdc30964', 'Last-Modified': 'Thu, 02 Jan 2025 07:27:30 GMT', 'X-Timestamp': '1735802849.64956', 'Accept-Ranges': 'bytes', 'X-Trans-Id': 'tx4018275567744d62879b9-0067763fe7', 'X-Openstack-Request-Id': 'tx4018275567744d62879b9-0067763fe7', 'Date': 'Thu, 02 Jan 2025 07:27:35 GMT'} {{(pid=119814) http_log /opt/stack/data/venv/lib/python3.10/site-packages/swiftclient/client.py:162}}
Jan 02 07:27:35 ubuntu devstack@g-api.service[119814]: DEBUG swiftclient [None req-05d1e4ae-b2d1-4adf-b792-b12b8cd10bba tempest-ImageDependencyTests-891782411 tempest-ImageDependencyTests-891782411-project-member] REQ: curl -i http://10.201.5.82:8080/v1/AUTH_a507223fe2ad40e6b1e8c0c599e6baf9/glance/86b649de-7272-4880-bf35-0175ee68d108 DELETE -H "X-Auth-Token: gAAAAABndj_ns3sc..." {{(pid=119814) http_log /opt/stack/data/venv/lib/python3.10/site-packages/swiftclient/client.py:160}}
Jan 02 07:27:35 ubuntu devstack@g-api.service[119814]: DEBUG swiftclient [None req-05d1e4ae-b2d1-4adf-b792-b12b8cd10bba tempest-ImageDependencyTests-891782411 tempest-ImageDependencyTests-891782411-project-member] RESP STATUS: 204 No Content {{(pid=119814) http_log /opt/stack/data/venv/lib/python3.10/site-packages/swiftclient/client.py:161}}
Jan 02 07:27:35 ubuntu devstack@g-api.service[119814]: DEBUG swiftclient [None req-05d1e4ae-b2d1-4adf-b792-b12b8cd10bba tempest-ImageDependencyTests-891782411 tempest-ImageDependencyTests-891782411-project-member] RESP HEADERS: {'Content-Type': 'text/html; charset=UTF-8', 'Content-Length': '0', 'X-Trans-Id': 'txa36e2225502e416da2281-0067763fe7', 'X-Openstack-Request-Id': 'txa36e2225502e416da2281-0067763fe7', 'Date': 'Thu, 02 Jan 2025 07:27:35 GMT'} {{(pid=119814) http_log /opt/stack/data/venv/lib/python3.10/site-packages/swiftclient/client.py:162}}
Jan 02 07:27:35 ubuntu devstack@g-api.service[119814]: DEBUG glance.api.middleware.cache [None req-05d1e4ae-b2d1-4adf-b792-b12b8cd10bba tempest-ImageDependencyTests-891782411 tempest-ImageDependencyTests-891782411-project-member] Removing image 86b649de-7272-4880-bf35-0175ee68d108 from cache {{(pid=119814) _process_DELETE_response /opt/stack/glance/glance/api/middleware/cache.py:264}}
Jan 02 07:27:35 ubuntu devstack@g-api.service[119814]: DEBUG glance.image_cache.drivers.centralized_db [None req-05d1e4ae-b2d1-4adf-b792-b12b8cd10bba tempest-ImageDependencyTests-891782411 tempest-ImageDependencyTests-891782411-project-member] Deleting image cache file '/opt/stack/data/glance/cache/86b649de-7272-4880-bf35-0175ee68d108' {{(pid=119814) delete_cached_file /opt/stack/glance/glance/image_cache/drivers/centralized_db.py:387}}
Jan 02 07:27:35 ubuntu devstack@g-api.service[119814]: [pid: 119814|app: 0|req: 33/64] 127.0.0.1 () {38 vars in 773 bytes} [Thu Jan  2 07:27:35 2025] DELETE /v2/images/86b649de-7272-4880-bf35-0175ee68d108 => generated 0 bytes in 209 msecs (HTTP/1.1 204) 4 headers in 171 bytes (1 switches on core 0)
Jan 02 07:27:35 ubuntu devstack@g-api.service[119813]: DEBUG glance.api.middleware.version_negotiation [None req-a29b1b0a-1ffa-4c1e-b786-2f4b299e155b tempest-ImageDependencyTests-891782411 tempest-ImageDependencyTests-891782411-project-member] Determining version of request: GET /v2/images/86b649de-7272-4880-bf35-0175ee68d108 Accept: application/json {{(pid=119813) process_request /opt/stack/glance/glance/api/middleware/version_negotiation.py:44}}
Jan 02 07:27:35 ubuntu devstack@g-api.service[119813]: DEBUG glance.api.middleware.version_negotiation [None req-a29b1b0a-1ffa-4c1e-b786-2f4b299e155b tempest-ImageDependencyTests-891782411 tempest-ImageDependencyTests-891782411-project-member] Using url versioning {{(pid=119813) process_request /opt/stack/glance/glance/api/middleware/version_negotiation.py:57}}
Jan 02 07:27:35 ubuntu devstack@g-api.service[119813]: DEBUG glance.api.middleware.version_negotiation [None req-a29b1b0a-1ffa-4c1e-b786-2f4b299e155b tempest-ImageDependencyTests-891782411 tempest-ImageDependencyTests-891782411-project-member] Matched version: v2 {{(pid=119813) process_request /opt/stack/glance/glance/api/middleware/version_negotiation.py:69}}
Jan 02 07:27:35 ubuntu devstack@g-api.service[119813]: DEBUG glance.api.middleware.version_negotiation [None req-a29b1b0a-1ffa-4c1e-b786-2f4b299e155b tempest-ImageDependencyTests-891782411 tempest-ImageDependencyTests-891782411-project-member] new path /v2/images/86b649de-7272-4880-bf35-0175ee68d108 {{(pid=119813) process_request /opt/stack/glance/glance/api/middleware/version_negotiation.py:70}}
Jan 02 07:27:35 ubuntu devstack@g-api.service[119813]: DEBUG glance.db.sqlalchemy.api [None req-91a53589-96a4-4615-af03-65e4dffb6b64 tempest-ImageDependencyTests-891782411 tempest-ImageDependencyTests-891782411-project-member] No image found with ID 86b649de-7272-4880-bf35-0175ee68d108 {{(pid=119813) _image_get /opt/stack/glance/glance/db/sqlalchemy/api.py:309}}
Jan 02 07:27:35 ubuntu devstack@g-api.service[119813]: [pid: 119813|app: 0|req: 32/65] 127.0.0.1 () {38 vars in 770 bytes} [Thu Jan  2 07:27:35 2025] GET /v2/images/86b649de-7272-4880-bf35-0175ee68d108 => generated 139 bytes in 9 msecs (HTTP/1.1 404) 4 headers in 164 bytes (1 switches on core 0)
Jan 02 07:27:45 ubuntu devstack@g-api.service[119814]: DEBUG dbcounter [-] [119814] Writing DB stats glance:SELECT=52,glance:UPDATE=9,glance:INSERT=1,glance:DELETE=1 {{(pid=119814) stat_writer /opt/stack/data/venv/lib/python3.10/site-packages/dbcounter.py:115}}
Jan 02 07:27:45 ubuntu devstack@g-api.service[119813]: DEBUG dbcounter [-] [119813] Writing DB stats glance:SELECT=32,glance:INSERT=2,glance:UPDATE=1 {{(pid=119813) stat_writer /opt/stack/data/venv/lib/python3.10/site-packages/dbcounter.py:115}}
