Aug 28 15:58:44 ubuntu devstack@keystone.service[69504]: ERROR keystone.server.flask.application     first_packet = self.connection._read_packet()
Aug 28 15:58:44 ubuntu devstack@keystone.service[69504]: ERROR keystone.server.flask.application   File "/opt/stack/data/venv/lib/python3.10/site-packages/pymysql/connections.py", line 775, in _read_packet
Aug 28 15:58:44 ubuntu devstack@keystone.service[69504]: ERROR keystone.server.flask.application     packet.raise_for_error()
Aug 28 15:58:44 ubuntu devstack@keystone.service[69504]: ERROR keystone.server.flask.application   File "/opt/stack/data/venv/lib/python3.10/site-packages/pymysql/protocol.py", line 219, in raise_for_error
Aug 28 15:58:44 ubuntu devstack@keystone.service[69504]: ERROR keystone.server.flask.application     err.raise_mysql_exception(self._data)
Aug 28 15:58:44 ubuntu devstack@keystone.service[69504]: ERROR keystone.server.flask.application   File "/opt/stack/data/venv/lib/python3.10/site-packages/pymysql/err.py", line 150, in raise_mysql_exception
Aug 28 15:58:44 ubuntu devstack@keystone.service[69504]: ERROR keystone.server.flask.application     raise errorclass(errno, errval)
Aug 28 15:58:44 ubuntu devstack@keystone.service[69504]: ERROR keystone.server.flask.application oslo_db.exception.DBDuplicateEntry: (pymysql.err.IntegrityError) (1062, "Duplicate entry 'service-<<null>>' for key 'role.ixu_role_name_domain_id'")
Aug 28 15:58:44 ubuntu devstack@keystone.service[69504]: ERROR keystone.server.flask.application [SQL: INSERT INTO `role` (id, name, description, extra) VALUES (%(id)s, %(name)s, %(description)s, %(extra)s)]
Aug 28 15:58:44 ubuntu devstack@keystone.service[69504]: ERROR keystone.server.flask.application [parameters: {'id': 'c074a568c1d9445791ef37ebc08298ef', 'name': 'service', 'description': None, 'extra': '{}'}]
Aug 28 15:58:44 ubuntu devstack@keystone.service[69504]: ERROR keystone.server.flask.application (Background on this error at: https://sqlalche.me/e/20/gkpj)
Aug 28 15:58:44 ubuntu devstack@keystone.service[69504]: ERROR keystone.server.flask.application 
Aug 28 15:58:44 ubuntu devstack@keystone.service[69504]: ERROR keystone.server.flask.application During handling of the above exception, another exception occurred:
Aug 28 15:58:44 ubuntu devstack@keystone.service[69504]: ERROR keystone.server.flask.application 
Aug 28 15:58:44 ubuntu devstack@keystone.service[69504]: ERROR keystone.server.flask.application Traceback (most recent call last):
Aug 28 15:58:44 ubuntu devstack@keystone.service[69504]: ERROR keystone.server.flask.application   File "/opt/stack/data/venv/lib/python3.10/site-packages/flask/app.py", line 880, in full_dispatch_request
Aug 28 15:58:44 ubuntu devstack@keystone.service[69504]: ERROR keystone.server.flask.application     rv = self.dispatch_request()
Aug 28 15:58:44 ubuntu devstack@keystone.service[69504]: ERROR keystone.server.flask.application   File "/opt/stack/data/venv/lib/python3.10/site-packages/flask/app.py", line 865, in dispatch_request
Aug 28 15:58:44 ubuntu devstack@keystone.service[69504]: ERROR keystone.server.flask.application     return self.ensure_sync(self.view_functions[rule.endpoint])(**view_args)  # type: ignore[no-any-return]
Aug 28 15:58:44 ubuntu devstack@keystone.service[69504]: ERROR keystone.server.flask.application   File "/opt/stack/data/venv/lib/python3.10/site-packages/flask_restful/__init__.py", line 489, in wrapper
Aug 28 15:58:44 ubuntu devstack@keystone.service[69504]: ERROR keystone.server.flask.application     resp = resource(*args, **kwargs)
Aug 28 15:58:44 ubuntu devstack@keystone.service[69504]: ERROR keystone.server.flask.application   File "/opt/stack/data/venv/lib/python3.10/site-packages/flask/views.py", line 110, in view
Aug 28 15:58:44 ubuntu devstack@keystone.service[69504]: ERROR keystone.server.flask.application     return current_app.ensure_sync(self.dispatch_request)(**kwargs)  # type: ignore[no-any-return]
Aug 28 15:58:44 ubuntu devstack@keystone.service[69504]: ERROR keystone.server.flask.application   File "/opt/stack/data/venv/lib/python3.10/site-packages/flask_restful/__init__.py", line 604, in dispatch_request
Aug 28 15:58:44 ubuntu devstack@keystone.service[69504]: ERROR keystone.server.flask.application     resp = meth(*args, **kwargs)
Aug 28 15:58:44 ubuntu devstack@keystone.service[69504]: ERROR keystone.server.flask.application   File "/opt/stack/keystone/keystone/api/roles.py", line 120, in post
Aug 28 15:58:44 ubuntu devstack@keystone.service[69504]: ERROR keystone.server.flask.application     ref = PROVIDERS.role_api.create_role(
Aug 28 15:58:44 ubuntu devstack@keystone.service[69504]: ERROR keystone.server.flask.application   File "/opt/stack/keystone/keystone/common/manager.py", line 110, in wrapped
Aug 28 15:58:44 ubuntu devstack@keystone.service[69504]: ERROR keystone.server.flask.application     __ret_val = __f(*args, **kwargs)
Aug 28 15:58:44 ubuntu devstack@keystone.service[69504]: ERROR keystone.server.flask.application   File "/opt/stack/keystone/keystone/assignment/core.py", line 1508, in create_role
Aug 28 15:58:44 ubuntu devstack@keystone.service[69504]: ERROR keystone.server.flask.application     ret = self.driver.create_role(role_id, role)
Aug 28 15:58:44 ubuntu devstack@keystone.service[69504]: ERROR keystone.server.flask.application   File "/opt/stack/keystone/keystone/common/sql/core.py", line 581, in wrapper
Aug 28 15:58:44 ubuntu devstack@keystone.service[69504]: ERROR keystone.server.flask.application     raise exception.Conflict(type=conflict_type, details=msg)
Aug 28 15:58:44 ubuntu devstack@keystone.service[69504]: ERROR keystone.server.flask.application keystone.exception.Conflict: Conflict occurred attempting to store role - Duplicate entry found with name service.
Aug 28 15:58:44 ubuntu devstack@keystone.service[69504]: ERROR keystone.server.flask.application 
Aug 28 15:58:44 ubuntu devstack@keystone.service[69504]: [pid: 69504|app: 0|req: 19/38] 10.201.5.82 () {60 vars in 1131 bytes} [Wed Aug 28 15:58:44 2024] POST /identity/v3/roles => generated 140 bytes in 76 msecs (HTTP/1.1 409) 5 headers in 183 bytes (1 switches on core 0)
Aug 28 15:58:44 ubuntu devstack@keystone.service[69503]: DEBUG keystone.server.flask.request_processing.middleware.auth_context [None req-00055766-9e49-499d-a26c-7712ddbd0d93 None admin] Authenticating user token {{(pid=69503) process_request /opt/stack/data/venv/lib/python3.10/site-packages/keystonemiddleware/auth_token/__init__.py:406}}
Aug 28 15:58:44 ubuntu devstack@keystone.service[69504]: DEBUG keystone.server.flask.request_processing.middleware.auth_context [None req-d16972e9-08d1-400e-973e-25c8caa476af None admin] Authenticating user token {{(pid=69504) process_request /opt/stack/data/venv/lib/python3.10/site-packages/keystonemiddleware/auth_token/__init__.py:406}}
Aug 28 15:58:44 ubuntu devstack@keystone.service[69503]: DEBUG keystone.server.flask.request_processing.middleware.auth_context [None req-00055766-9e49-499d-a26c-7712ddbd0d93 None admin] Validating token access rules against request {{(pid=69503) validate_allowed_request /opt/stack/data/venv/lib/python3.10/site-packages/keystonemiddleware/auth_token/__init__.py:544}}
Aug 28 15:58:44 ubuntu devstack@keystone.service[69504]: DEBUG keystone.server.flask.request_processing.middleware.auth_context [None req-d16972e9-08d1-400e-973e-25c8caa476af None admin] Validating token access rules against request {{(pid=69504) validate_allowed_request /opt/stack/data/venv/lib/python3.10/site-packages/keystonemiddleware/auth_token/__init__.py:544}}
Aug 28 15:58:44 ubuntu devstack@keystone.service[69503]: DEBUG keystone.server.flask.request_processing.middleware.auth_context [None req-3b1e973d-582b-4aea-b752-b216b90adab0 None admin] RBAC: auth_context: {'token': <TokenModel (audit_id=P-lQrS8ySWSMRwN643qLQg, audit_chain_id=['P-lQrS8ySWSMRwN643qLQg']) at 0x7f9f875e1ea0>, 'domain_id': None, 'trust_id': None, 'trustor_id': None, 'trustee_id': None, 'domain_name': None, 'group_ids': [], 'user_id': 'f533f52e49eb40e385c09ad2defeaddd', 'user_domain_id': 'default', 'system_scope': 'all', 'project_id': None, 'project_domain_id': None, 'roles': ['admin', 'manager', 'member', 'reader'], 'is_admin_project': True, 'service_user_id': None, 'service_user_domain_id': None, 'service_project_id': None, 'service_project_domain_id': None, 'service_roles': []} {{(pid=69503) fill_context /opt/stack/keystone/keystone/server/flask/request_processing/middleware/auth_context.py:511}}
Aug 28 15:58:44 ubuntu devstack@keystone.service[69503]: DEBUG keystone.server.flask.request_processing.req_logging [None req-3b1e973d-582b-4aea-b752-b216b90adab0 None admin] REQUEST_METHOD: `GET` {{(pid=69503) log_request_info /opt/stack/keystone/keystone/server/flask/request_processing/req_logging.py:26}}
Aug 28 15:58:44 ubuntu devstack@keystone.service[69503]: DEBUG keystone.server.flask.request_processing.req_logging [None req-3b1e973d-582b-4aea-b752-b216b90adab0 None admin] SCRIPT_NAME: `/identity` {{(pid=69503) log_request_info /opt/stack/keystone/keystone/server/flask/request_processing/req_logging.py:27}}
Aug 28 15:58:44 ubuntu devstack@keystone.service[69503]: DEBUG keystone.server.flask.request_processing.req_logging [None req-3b1e973d-582b-4aea-b752-b216b90adab0 None admin] PATH_INFO: `/v3/roles/service` {{(pid=69503) log_request_info /opt/stack/keystone/keystone/server/flask/request_processing/req_logging.py:28}}
Aug 28 15:58:44 ubuntu devstack@keystone.service[69503]: DEBUG keystone.common.rbac_enforcer.enforcer [None req-3b1e973d-582b-4aea-b752-b216b90adab0 None admin] Extracting inferred target data resulted in "NOT FOUND (404)". {{(pid=69503) enforce_call /opt/stack/keystone/keystone/common/rbac_enforcer/enforcer.py:453}}
Aug 28 15:58:44 ubuntu devstack@keystone.service[69503]: DEBUG keystone.server.flask.application [None req-3b1e973d-582b-4aea-b752-b216b90adab0 None admin] Could not find role: service. {{(pid=69503) _handle_keystone_exception /opt/stack/keystone/keystone/server/flask/application.py:96}}
Aug 28 15:58:44 ubuntu devstack@keystone.service[69503]: [pid: 69503|app: 0|req: 20/39] 10.201.5.82 () {56 vars in 1102 bytes} [Wed Aug 28 15:58:44 2024] GET /identity/v3/roles/service => generated 85 bytes in 130 msecs (HTTP/1.1 404) 5 headers in 183 bytes (1 switches on core 0)
Aug 28 15:58:44 ubuntu devstack@keystone.service[69504]: DEBUG keystone.server.flask.request_processing.middleware.auth_context [None req-f895ff5c-424f-48ef-81c9-208dfb6ce462 None admin] RBAC: auth_context: {'token': <TokenModel (audit_id=UIh5kibPSySAKVzaV2vXWQ, audit_chain_id=['UIh5kibPSySAKVzaV2vXWQ']) at 0x7f9f874b5480>, 'domain_id': None, 'trust_id': None, 'trustor_id': None, 'trustee_id': None, 'domain_name': None, 'group_ids': [], 'user_id': 'f533f52e49eb40e385c09ad2defeaddd', 'user_domain_id': 'default', 'system_scope': 'all', 'project_id': None, 'project_domain_id': None, 'roles': ['admin', 'manager', 'member', 'reader'], 'is_admin_project': True, 'service_user_id': None, 'service_user_domain_id': None, 'service_project_id': None, 'service_project_domain_id': None, 'service_roles': []} {{(pid=69504) fill_context /opt/stack/keystone/keystone/server/flask/request_processing/middleware/auth_context.py:511}}
Aug 28 15:58:44 ubuntu devstack@keystone.service[69503]: DEBUG keystone.server.flask.request_processing.middleware.auth_context [None req-3b1e973d-582b-4aea-b752-b216b90adab0 None admin] Authenticating user token {{(pid=69503) process_request /opt/stack/data/venv/lib/python3.10/site-packages/keystonemiddleware/auth_token/__init__.py:406}}
Aug 28 15:58:44 ubuntu devstack@keystone.service[69504]: DEBUG keystone.server.flask.request_processing.req_logging [None req-f895ff5c-424f-48ef-81c9-208dfb6ce462 None admin] REQUEST_METHOD: `POST` {{(pid=69504) log_request_info /opt/stack/keystone/keystone/server/flask/request_processing/req_logging.py:26}}
Aug 28 15:58:44 ubuntu devstack@keystone.service[69504]: DEBUG keystone.server.flask.request_processing.req_logging [None req-f895ff5c-424f-48ef-81c9-208dfb6ce462 None admin] SCRIPT_NAME: `/identity` {{(pid=69504) log_request_info /opt/stack/keystone/keystone/server/flask/request_processing/req_logging.py:27}}
Aug 28 15:58:44 ubuntu devstack@keystone.service[69504]: DEBUG keystone.server.flask.request_processing.req_logging [None req-f895ff5c-424f-48ef-81c9-208dfb6ce462 None admin] PATH_INFO: `/v3/roles` {{(pid=69504) log_request_info /opt/stack/keystone/keystone/server/flask/request_processing/req_logging.py:28}}
Aug 28 15:58:44 ubuntu devstack@keystone.service[69504]: DEBUG keystone.common.rbac_enforcer.enforcer [None req-f895ff5c-424f-48ef-81c9-208dfb6ce462 None admin] RBAC: Authorizing `identity:create_role()` {{(pid=69504) enforce_call /opt/stack/keystone/keystone/common/rbac_enforcer/enforcer.py:503}}
Aug 28 15:58:44 ubuntu devstack@keystone.service[69504]: DEBUG keystone.common.rbac_enforcer.enforcer [None req-f895ff5c-424f-48ef-81c9-208dfb6ce462 None admin] RBAC: Authorization granted {{(pid=69504) enforce_call /opt/stack/keystone/keystone/common/rbac_enforcer/enforcer.py:514}}
Aug 28 15:58:44 ubuntu devstack@keystone.service[69504]: [pid: 69504|app: 0|req: 20/40] 10.201.5.82 () {60 vars in 1131 bytes} [Wed Aug 28 15:58:44 2024] POST /identity/v3/roles => generated 225 bytes in 188 msecs (HTTP/1.1 201) 5 headers in 182 bytes (1 switches on core 0)
Aug 28 15:58:45 ubuntu devstack@keystone.service[69503]: DEBUG keystone.server.flask.request_processing.middleware.auth_context [None req-3b1e973d-582b-4aea-b752-b216b90adab0 None admin] Validating token access rules against request {{(pid=69503) validate_allowed_request /opt/stack/data/venv/lib/python3.10/site-packages/keystonemiddleware/auth_token/__init__.py:544}}
Aug 28 15:58:45 ubuntu devstack@keystone.service[69503]: DEBUG keystone.server.flask.request_processing.middleware.auth_context [None req-1c68448b-2d4e-4efd-9f8c-946c5805ef92 None admin] RBAC: auth_context: {'token': <TokenModel (audit_id=P-lQrS8ySWSMRwN643qLQg, audit_chain_id=['P-lQrS8ySWSMRwN643qLQg']) at 0x7f9f875e3070>, 'domain_id': None, 'trust_id': None, 'trustor_id': None, 'trustee_id': None, 'domain_name': None, 'group_ids': [], 'user_id': 'f533f52e49eb40e385c09ad2defeaddd', 'user_domain_id': 'default', 'system_scope': 'all', 'project_id': None, 'project_domain_id': None, 'roles': ['admin', 'manager', 'member', 'reader'], 'is_admin_project': True, 'service_user_id': None, 'service_user_domain_id': None, 'service_project_id': None, 'service_project_domain_id': None, 'service_roles': []} {{(pid=69503) fill_context /opt/stack/keystone/keystone/server/flask/request_processing/middleware/auth_context.py:511}}
Aug 28 15:58:45 ubuntu devstack@keystone.service[69503]: DEBUG keystone.server.flask.request_processing.req_logging [None req-1c68448b-2d4e-4efd-9f8c-946c5805ef92 None admin] REQUEST_METHOD: `GET` {{(pid=69503) log_request_info /opt/stack/keystone/keystone/server/flask/request_processing/req_logging.py:26}}
Aug 28 15:58:45 ubuntu devstack@keystone.service[69503]: DEBUG keystone.server.flask.request_processing.req_logging [None req-1c68448b-2d4e-4efd-9f8c-946c5805ef92 None admin] SCRIPT_NAME: `/identity` {{(pid=69503) log_request_info /opt/stack/keystone/keystone/server/flask/request_processing/req_logging.py:27}}
Aug 28 15:58:45 ubuntu devstack@keystone.service[69503]: DEBUG keystone.server.flask.request_processing.req_logging [None req-1c68448b-2d4e-4efd-9f8c-946c5805ef92 None admin] PATH_INFO: `/v3/roles` {{(pid=69503) log_request_info /opt/stack/keystone/keystone/server/flask/request_processing/req_logging.py:28}}
Aug 28 15:58:45 ubuntu devstack@keystone.service[69503]: DEBUG keystone.common.rbac_enforcer.enforcer [None req-1c68448b-2d4e-4efd-9f8c-946c5805ef92 None admin] RBAC: Adding query filter params (name=service) {{(pid=69503) _extract_filter_values /opt/stack/keystone/keystone/common/rbac_enforcer/enforcer.py:184}}
Aug 28 15:58:45 ubuntu devstack@keystone.service[69503]: DEBUG keystone.common.rbac_enforcer.enforcer [None req-1c68448b-2d4e-4efd-9f8c-946c5805ef92 None admin] RBAC: Authorizing `identity:list_roles()` {{(pid=69503) enforce_call /opt/stack/keystone/keystone/common/rbac_enforcer/enforcer.py:503}}
Aug 28 15:58:45 ubuntu devstack@keystone.service[69503]: DEBUG keystone.common.rbac_enforcer.enforcer [None req-1c68448b-2d4e-4efd-9f8c-946c5805ef92 None admin] RBAC: Authorization granted {{(pid=69503) enforce_call /opt/stack/keystone/keystone/common/rbac_enforcer/enforcer.py:514}}
Aug 28 15:58:45 ubuntu devstack@keystone.service[69503]: [pid: 69503|app: 0|req: 21/41] 10.201.5.82 () {56 vars in 1103 bytes} [Wed Aug 28 15:58:44 2024] GET /identity/v3/roles?name=service => generated 343 bytes in 221 msecs (HTTP/1.1 200) 5 headers in 177 bytes (1 switches on core 0)
Aug 28 15:58:45 ubuntu devstack@keystone.service[69504]: DEBUG keystone.server.flask.request_processing.req_logging [None req-548ffc12-4b44-4724-9695-1922d1385109 None None] REQUEST_METHOD: `GET` {{(pid=69504) log_request_info /opt/stack/keystone/keystone/server/flask/request_processing/req_logging.py:26}}
Aug 28 15:58:45 ubuntu devstack@keystone.service[69504]: DEBUG keystone.server.flask.request_processing.req_logging [None req-548ffc12-4b44-4724-9695-1922d1385109 None None] SCRIPT_NAME: `/identity` {{(pid=69504) log_request_info /opt/stack/keystone/keystone/server/flask/request_processing/req_logging.py:27}}
Aug 28 15:58:45 ubuntu devstack@keystone.service[69504]: DEBUG keystone.server.flask.request_processing.req_logging [None req-548ffc12-4b44-4724-9695-1922d1385109 None None] PATH_INFO: `/` {{(pid=69504) log_request_info /opt/stack/keystone/keystone/server/flask/request_processing/req_logging.py:28}}
Aug 28 15:58:45 ubuntu devstack@keystone.service[69504]: [pid: 69504|app: 0|req: 21/42] 10.201.5.82 () {54 vars in 926 bytes} [Wed Aug 28 15:58:45 2024] GET /identity => generated 270 bytes in 2 msecs (HTTP/1.1 300) 6 headers in 234 bytes (1 switches on core 0)
Aug 28 15:58:45 ubuntu devstack@keystone.service[69503]: DEBUG keystone.server.flask.request_processing.req_logging [None req-6b7a67e7-5c0a-4b32-a377-199ee90dcc2e None None] REQUEST_METHOD: `POST` {{(pid=69503) log_request_info /opt/stack/keystone/keystone/server/flask/request_processing/req_logging.py:26}}
Aug 28 15:58:45 ubuntu devstack@keystone.service[69503]: DEBUG keystone.server.flask.request_processing.req_logging [None req-6b7a67e7-5c0a-4b32-a377-199ee90dcc2e None None] SCRIPT_NAME: `/identity` {{(pid=69503) log_request_info /opt/stack/keystone/keystone/server/flask/request_processing/req_logging.py:27}}
Aug 28 15:58:45 ubuntu devstack@keystone.service[69503]: DEBUG keystone.server.flask.request_processing.req_logging [None req-6b7a67e7-5c0a-4b32-a377-199ee90dcc2e None None] PATH_INFO: `/v3/auth/tokens` {{(pid=69503) log_request_info /opt/stack/keystone/keystone/server/flask/request_processing/req_logging.py:28}}
Aug 28 15:58:45 ubuntu devstack@keystone.service[69503]: WARNING keystone.common.password_hashing [None req-6b7a67e7-5c0a-4b32-a377-199ee90dcc2e None None] Truncating password to algorithm specific maximum length 72 characters.
Aug 28 15:58:45 ubuntu devstack@keystone.service[69503]: DEBUG keystone.auth.core [None req-6b7a67e7-5c0a-4b32-a377-199ee90dcc2e None None] MFA Rules not processed for user `f533f52e49eb40e385c09ad2defeaddd`. Rule list: `[]` (Enabled: `True`). {{(pid=69503) check_auth_methods_against_rules /opt/stack/keystone/keystone/auth/core.py:476}}
Aug 28 15:58:45 ubuntu devstack@keystone.service[69503]: DEBUG keystone.common.fernet_utils [None req-6b7a67e7-5c0a-4b32-a377-199ee90dcc2e None None] Loaded 2 Fernet keys from /etc/keystone/fernet-keys/, but `[fernet_tokens] max_active_keys = 3`; perhaps there have not been enough key rotations to reach `max_active_keys` yet? {{(pid=69503) load_keys /opt/stack/keystone/keystone/common/fernet_utils.py:298}}
Aug 28 15:58:45 ubuntu devstack@keystone.service[69503]: [pid: 69503|app: 0|req: 22/43] 10.201.5.82 () {58 vars in 1023 bytes} [Wed Aug 28 15:58:45 2024] POST /identity/v3/auth/tokens => generated 862 bytes in 57 msecs (HTTP/1.1 201) 6 headers in 363 bytes (1 switches on core 0)
Aug 28 15:58:45 ubuntu devstack@keystone.service[69504]: DEBUG keystone.server.flask.request_processing.middleware.auth_context [None req-548ffc12-4b44-4724-9695-1922d1385109 None None] Authenticating user token {{(pid=69504) process_request /opt/stack/data/venv/lib/python3.10/site-packages/keystonemiddleware/auth_token/__init__.py:406}}
Aug 28 15:58:45 ubuntu devstack@keystone.service[69503]: DEBUG keystone.server.flask.request_processing.req_logging [None req-5d01fbb2-8ca0-4c44-9a18-39ab72f0716a None None] REQUEST_METHOD: `GET` {{(pid=69503) log_request_info /opt/stack/keystone/keystone/server/flask/request_processing/req_logging.py:26}}
Aug 28 15:58:45 ubuntu devstack@keystone.service[69503]: DEBUG keystone.server.flask.request_processing.req_logging [None req-5d01fbb2-8ca0-4c44-9a18-39ab72f0716a None None] SCRIPT_NAME: `/identity` {{(pid=69503) log_request_info /opt/stack/keystone/keystone/server/flask/request_processing/req_logging.py:27}}
Aug 28 15:58:45 ubuntu devstack@keystone.service[69503]: DEBUG keystone.server.flask.request_processing.req_logging [None req-5d01fbb2-8ca0-4c44-9a18-39ab72f0716a None None] PATH_INFO: `/` {{(pid=69503) log_request_info /opt/stack/keystone/keystone/server/flask/request_processing/req_logging.py:28}}
Aug 28 15:58:45 ubuntu devstack@keystone.service[69503]: [pid: 69503|app: 0|req: 23/44] 10.201.5.82 () {54 vars in 926 bytes} [Wed Aug 28 15:58:45 2024] GET /identity => generated 270 bytes in 4 msecs (HTTP/1.1 300) 6 headers in 234 bytes (1 switches on core 0)
Aug 28 15:58:45 ubuntu devstack@keystone.service[69503]: DEBUG keystone.server.flask.request_processing.req_logging [None req-1b563624-8193-4e2d-84ef-e603b47ec440 None None] REQUEST_METHOD: `POST` {{(pid=69503) log_request_info /opt/stack/keystone/keystone/server/flask/request_processing/req_logging.py:26}}
Aug 28 15:58:45 ubuntu devstack@keystone.service[69503]: DEBUG keystone.server.flask.request_processing.req_logging [None req-1b563624-8193-4e2d-84ef-e603b47ec440 None None] SCRIPT_NAME: `/identity` {{(pid=69503) log_request_info /opt/stack/keystone/keystone/server/flask/request_processing/req_logging.py:27}}
Aug 28 15:58:45 ubuntu devstack@keystone.service[69504]: DEBUG keystone.server.flask.request_processing.middleware.auth_context [None req-548ffc12-4b44-4724-9695-1922d1385109 None None] Validating token access rules against request {{(pid=69504) validate_allowed_request /opt/stack/data/venv/lib/python3.10/site-packages/keystonemiddleware/auth_token/__init__.py:544}}
Aug 28 15:58:45 ubuntu devstack@keystone.service[69503]: DEBUG keystone.server.flask.request_processing.req_logging [None req-1b563624-8193-4e2d-84ef-e603b47ec440 None None] PATH_INFO: `/v3/auth/tokens` {{(pid=69503) log_request_info /opt/stack/keystone/keystone/server/flask/request_processing/req_logging.py:28}}
Aug 28 15:58:45 ubuntu devstack@keystone.service[69503]: WARNING keystone.common.password_hashing [None req-1b563624-8193-4e2d-84ef-e603b47ec440 None None] Truncating password to algorithm specific maximum length 72 characters.
Aug 28 15:58:45 ubuntu devstack@keystone.service[69503]: DEBUG keystone.auth.core [None req-1b563624-8193-4e2d-84ef-e603b47ec440 None None] MFA Rules not processed for user `f533f52e49eb40e385c09ad2defeaddd`. Rule list: `[]` (Enabled: `True`). {{(pid=69503) check_auth_methods_against_rules /opt/stack/keystone/keystone/auth/core.py:476}}
Aug 28 15:58:45 ubuntu devstack@keystone.service[69503]: DEBUG keystone.common.fernet_utils [None req-1b563624-8193-4e2d-84ef-e603b47ec440 None None] Loaded 2 Fernet keys from /etc/keystone/fernet-keys/, but `[fernet_tokens] max_active_keys = 3`; perhaps there have not been enough key rotations to reach `max_active_keys` yet? {{(pid=69503) load_keys /opt/stack/keystone/keystone/common/fernet_utils.py:298}}
Aug 28 15:58:45 ubuntu devstack@keystone.service[69504]: DEBUG keystone.server.flask.request_processing.middleware.auth_context [None req-67a30c8c-a497-4219-a5f7-2a3f8a5c09b2 None admin] RBAC: auth_context: {'token': <TokenModel (audit_id=mOfSZ2UBQ46IhEj-PrB7Gg, audit_chain_id=['mOfSZ2UBQ46IhEj-PrB7Gg']) at 0x7f9f87241990>, 'domain_id': None, 'trust_id': None, 'trustor_id': None, 'trustee_id': None, 'domain_name': None, 'group_ids': [], 'user_id': 'f533f52e49eb40e385c09ad2defeaddd', 'user_domain_id': 'default', 'system_scope': 'all', 'project_id': None, 'project_domain_id': None, 'roles': ['admin', 'manager', 'member', 'reader'], 'is_admin_project': True, 'service_user_id': None, 'service_user_domain_id': None, 'service_project_id': None, 'service_project_domain_id': None, 'service_roles': []} {{(pid=69504) fill_context /opt/stack/keystone/keystone/server/flask/request_processing/middleware/auth_context.py:511}}
Aug 28 15:58:45 ubuntu devstack@keystone.service[69504]: DEBUG keystone.server.flask.request_processing.req_logging [None req-67a30c8c-a497-4219-a5f7-2a3f8a5c09b2 None admin] REQUEST_METHOD: `POST` {{(pid=69504) log_request_info /opt/stack/keystone/keystone/server/flask/request_processing/req_logging.py:26}}
Aug 28 15:58:45 ubuntu devstack@keystone.service[69504]: DEBUG keystone.server.flask.request_processing.req_logging [None req-67a30c8c-a497-4219-a5f7-2a3f8a5c09b2 None admin] SCRIPT_NAME: `/identity` {{(pid=69504) log_request_info /opt/stack/keystone/keystone/server/flask/request_processing/req_logging.py:27}}
Aug 28 15:58:45 ubuntu devstack@keystone.service[69504]: DEBUG keystone.server.flask.request_processing.req_logging [None req-67a30c8c-a497-4219-a5f7-2a3f8a5c09b2 None admin] PATH_INFO: `/v3/roles` {{(pid=69504) log_request_info /opt/stack/keystone/keystone/server/flask/request_processing/req_logging.py:28}}
Aug 28 15:58:45 ubuntu devstack@keystone.service[69504]: DEBUG keystone.common.rbac_enforcer.enforcer [None req-67a30c8c-a497-4219-a5f7-2a3f8a5c09b2 None admin] RBAC: Authorizing `identity:create_role()` {{(pid=69504) enforce_call /opt/stack/keystone/keystone/common/rbac_enforcer/enforcer.py:503}}
Aug 28 15:58:45 ubuntu devstack@keystone.service[69504]: DEBUG keystone.common.rbac_enforcer.enforcer [None req-67a30c8c-a497-4219-a5f7-2a3f8a5c09b2 None admin] RBAC: Authorization granted {{(pid=69504) enforce_call /opt/stack/keystone/keystone/common/rbac_enforcer/enforcer.py:514}}
Aug 28 15:58:45 ubuntu devstack@keystone.service[69504]: [pid: 69504|app: 0|req: 22/45] 10.201.5.82 () {60 vars in 1131 bytes} [Wed Aug 28 15:58:45 2024] POST /identity/v3/roles => generated 223 bytes in 83 msecs (HTTP/1.1 201) 5 headers in 182 bytes (2 switches on core 0)
Aug 28 15:58:45 ubuntu devstack@keystone.service[69503]: [pid: 69503|app: 0|req: 24/46] 10.201.5.82 () {58 vars in 1023 bytes} [Wed Aug 28 15:58:45 2024] POST /identity/v3/auth/tokens => generated 862 bytes in 61 msecs (HTTP/1.1 201) 6 headers in 363 bytes (1 switches on core 0)
Aug 28 15:58:45 ubuntu devstack@keystone.service[69504]: DEBUG keystone.server.flask.request_processing.middleware.auth_context [None req-67a30c8c-a497-4219-a5f7-2a3f8a5c09b2 None admin] Authenticating user token {{(pid=69504) process_request /opt/stack/data/venv/lib/python3.10/site-packages/keystonemiddleware/auth_token/__init__.py:406}}
Aug 28 15:58:45 ubuntu devstack@keystone.service[69504]: DEBUG keystone.server.flask.request_processing.middleware.auth_context [None req-67a30c8c-a497-4219-a5f7-2a3f8a5c09b2 None admin] Validating token access rules against request {{(pid=69504) validate_allowed_request /opt/stack/data/venv/lib/python3.10/site-packages/keystonemiddleware/auth_token/__init__.py:544}}
Aug 28 15:58:45 ubuntu devstack@keystone.service[69504]: DEBUG keystone.server.flask.request_processing.middleware.auth_context [None req-791c6dd9-ca75-435f-b474-7f745a617b43 None admin] RBAC: auth_context: {'token': <TokenModel (audit_id=CbCMN5Q5RHa4HRtF22cDVA, audit_chain_id=['CbCMN5Q5RHa4HRtF22cDVA']) at 0x7f9f87243970>, 'domain_id': None, 'trust_id': None, 'trustor_id': None, 'trustee_id': None, 'domain_name': None, 'group_ids': [], 'user_id': 'f533f52e49eb40e385c09ad2defeaddd', 'user_domain_id': 'default', 'system_scope': 'all', 'project_id': None, 'project_domain_id': None, 'roles': ['admin', 'manager', 'member', 'reader'], 'is_admin_project': True, 'service_user_id': None, 'service_user_domain_id': None, 'service_project_id': None, 'service_project_domain_id': None, 'service_roles': []} {{(pid=69504) fill_context /opt/stack/keystone/keystone/server/flask/request_processing/middleware/auth_context.py:511}}
Aug 28 15:58:45 ubuntu devstack@keystone.service[69504]: DEBUG keystone.server.flask.request_processing.req_logging [None req-791c6dd9-ca75-435f-b474-7f745a617b43 None admin] REQUEST_METHOD: `GET` {{(pid=69504) log_request_info /opt/stack/keystone/keystone/server/flask/request_processing/req_logging.py:26}}
Aug 28 15:58:45 ubuntu devstack@keystone.service[69504]: DEBUG keystone.server.flask.request_processing.req_logging [None req-791c6dd9-ca75-435f-b474-7f745a617b43 None admin] SCRIPT_NAME: `/identity` {{(pid=69504) log_request_info /opt/stack/keystone/keystone/server/flask/request_processing/req_logging.py:27}}
Aug 28 15:58:45 ubuntu devstack@keystone.service[69504]: DEBUG keystone.server.flask.request_processing.req_logging [None req-791c6dd9-ca75-435f-b474-7f745a617b43 None admin] PATH_INFO: `/v3/domains/default` {{(pid=69504) log_request_info /opt/stack/keystone/keystone/server/flask/request_processing/req_logging.py:28}}
Aug 28 15:58:45 ubuntu devstack@keystone.service[69504]: DEBUG keystone.common.rbac_enforcer.enforcer [None req-791c6dd9-ca75-435f-b474-7f745a617b43 None admin] RBAC: Authorizing `identity:get_domain(domain_id=default)` {{(pid=69504) enforce_call /opt/stack/keystone/keystone/common/rbac_enforcer/enforcer.py:503}}
Aug 28 15:58:45 ubuntu devstack@keystone.service[69504]: DEBUG keystone.common.rbac_enforcer.enforcer [None req-791c6dd9-ca75-435f-b474-7f745a617b43 None admin] RBAC: Authorization granted {{(pid=69504) enforce_call /opt/stack/keystone/keystone/common/rbac_enforcer/enforcer.py:514}}
Aug 28 15:58:45 ubuntu devstack@keystone.service[69504]: [pid: 69504|app: 0|req: 23/47] 10.201.5.82 () {56 vars in 1108 bytes} [Wed Aug 28 15:58:45 2024] GET /identity/v3/domains/default => generated 199 bytes in 60 msecs (HTTP/1.1 200) 5 headers in 177 bytes (1 switches on core 0)
Aug 28 15:58:45 ubuntu devstack@keystone.service[69503]: DEBUG keystone.server.flask.request_processing.middleware.auth_context [None req-1b563624-8193-4e2d-84ef-e603b47ec440 None None] Authenticating user token {{(pid=69503) process_request /opt/stack/data/venv/lib/python3.10/site-packages/keystonemiddleware/auth_token/__init__.py:406}}
Aug 28 15:58:45 ubuntu devstack@keystone.service[69503]: DEBUG keystone.server.flask.request_processing.middleware.auth_context [None req-1b563624-8193-4e2d-84ef-e603b47ec440 None None] Validating token access rules against request {{(pid=69503) validate_allowed_request /opt/stack/data/venv/lib/python3.10/site-packages/keystonemiddleware/auth_token/__init__.py:544}}
Aug 28 15:58:45 ubuntu devstack@keystone.service[69503]: DEBUG keystone.server.flask.request_processing.middleware.auth_context [None req-05705b35-223c-4572-9a14-e5c56853416a None admin] RBAC: auth_context: {'token': <TokenModel (audit_id=CbCMN5Q5RHa4HRtF22cDVA, audit_chain_id=['CbCMN5Q5RHa4HRtF22cDVA']) at 0x7f9f8772bd60>, 'domain_id': None, 'trust_id': None, 'trustor_id': None, 'trustee_id': None, 'domain_name': None, 'group_ids': [], 'user_id': 'f533f52e49eb40e385c09ad2defeaddd', 'user_domain_id': 'default', 'system_scope': 'all', 'project_id': None, 'project_domain_id': None, 'roles': ['admin', 'manager', 'member', 'reader'], 'is_admin_project': True, 'service_user_id': None, 'service_user_domain_id': None, 'service_project_id': None, 'service_project_domain_id': None, 'service_roles': []} {{(pid=69503) fill_context /opt/stack/keystone/keystone/server/flask/request_processing/middleware/auth_context.py:511}}
Aug 28 15:58:45 ubuntu devstack@keystone.service[69503]: DEBUG keystone.server.flask.request_processing.req_logging [None req-05705b35-223c-4572-9a14-e5c56853416a None admin] REQUEST_METHOD: `POST` {{(pid=69503) log_request_info /opt/stack/keystone/keystone/server/flask/request_processing/req_logging.py:26}}
Aug 28 15:58:45 ubuntu devstack@keystone.service[69503]: DEBUG keystone.server.flask.request_processing.req_logging [None req-05705b35-223c-4572-9a14-e5c56853416a None admin] SCRIPT_NAME: `/identity` {{(pid=69503) log_request_info /opt/stack/keystone/keystone/server/flask/request_processing/req_logging.py:27}}
Aug 28 15:58:45 ubuntu devstack@keystone.service[69503]: DEBUG keystone.server.flask.request_processing.req_logging [None req-05705b35-223c-4572-9a14-e5c56853416a None admin] PATH_INFO: `/v3/projects` {{(pid=69503) log_request_info /opt/stack/keystone/keystone/server/flask/request_processing/req_logging.py:28}}
Aug 28 15:58:45 ubuntu devstack@keystone.service[69503]: DEBUG keystone.common.rbac_enforcer.enforcer [None req-05705b35-223c-4572-9a14-e5c56853416a None admin] RBAC: Authorizing `identity:create_project()` {{(pid=69503) enforce_call /opt/stack/keystone/keystone/common/rbac_enforcer/enforcer.py:503}}
Aug 28 15:58:45 ubuntu devstack@keystone.service[69503]: DEBUG keystone.common.rbac_enforcer.enforcer [None req-05705b35-223c-4572-9a14-e5c56853416a None admin] RBAC: Authorization granted {{(pid=69503) enforce_call /opt/stack/keystone/keystone/common/rbac_enforcer/enforcer.py:514}}
Aug 28 15:58:45 ubuntu devstack@keystone.service[69503]: [pid: 69503|app: 0|req: 25/48] 10.201.5.82 () {60 vars in 1141 bytes} [Wed Aug 28 15:58:45 2024] POST /identity/v3/projects => generated 312 bytes in 72 msecs (HTTP/1.1 201) 5 headers in 182 bytes (1 switches on core 0)
Aug 28 15:58:46 ubuntu devstack@keystone.service[69504]: DEBUG keystone.server.flask.request_processing.req_logging [None req-4dd09697-cbae-4f0e-b57f-35302ac2e42f None None] REQUEST_METHOD: `GET` {{(pid=69504) log_request_info /opt/stack/keystone/keystone/server/flask/request_processing/req_logging.py:26}}
Aug 28 15:58:46 ubuntu devstack@keystone.service[69504]: DEBUG keystone.server.flask.request_processing.req_logging [None req-4dd09697-cbae-4f0e-b57f-35302ac2e42f None None] SCRIPT_NAME: `/identity` {{(pid=69504) log_request_info /opt/stack/keystone/keystone/server/flask/request_processing/req_logging.py:27}}
Aug 28 15:58:46 ubuntu devstack@keystone.service[69504]: DEBUG keystone.server.flask.request_processing.req_logging [None req-4dd09697-cbae-4f0e-b57f-35302ac2e42f None None] PATH_INFO: `/` {{(pid=69504) log_request_info /opt/stack/keystone/keystone/server/flask/request_processing/req_logging.py:28}}
Aug 28 15:58:46 ubuntu devstack@keystone.service[69504]: [pid: 69504|app: 0|req: 24/49] 10.201.5.82 () {54 vars in 926 bytes} [Wed Aug 28 15:58:46 2024] GET /identity => generated 270 bytes in 4 msecs (HTTP/1.1 300) 6 headers in 234 bytes (1 switches on core 0)
Aug 28 15:58:46 ubuntu devstack@keystone.service[69503]: DEBUG keystone.server.flask.request_processing.req_logging [None req-3d8b29a9-1889-40df-8e9f-7906f047cb12 None None] REQUEST_METHOD: `POST` {{(pid=69503) log_request_info /opt/stack/keystone/keystone/server/flask/request_processing/req_logging.py:26}}
Aug 28 15:58:46 ubuntu devstack@keystone.service[69503]: DEBUG keystone.server.flask.request_processing.req_logging [None req-3d8b29a9-1889-40df-8e9f-7906f047cb12 None None] SCRIPT_NAME: `/identity` {{(pid=69503) log_request_info /opt/stack/keystone/keystone/server/flask/request_processing/req_logging.py:27}}
Aug 28 15:58:46 ubuntu devstack@keystone.service[69503]: DEBUG keystone.server.flask.request_processing.req_logging [None req-3d8b29a9-1889-40df-8e9f-7906f047cb12 None None] PATH_INFO: `/v3/auth/tokens` {{(pid=69503) log_request_info /opt/stack/keystone/keystone/server/flask/request_processing/req_logging.py:28}}
Aug 28 15:58:46 ubuntu devstack@keystone.service[69503]: WARNING keystone.common.password_hashing [None req-3d8b29a9-1889-40df-8e9f-7906f047cb12 None None] Truncating password to algorithm specific maximum length 72 characters.
Aug 28 15:58:46 ubuntu devstack@keystone.service[69503]: DEBUG keystone.auth.core [None req-3d8b29a9-1889-40df-8e9f-7906f047cb12 None None] MFA Rules not processed for user `f533f52e49eb40e385c09ad2defeaddd`. Rule list: `[]` (Enabled: `True`). {{(pid=69503) check_auth_methods_against_rules /opt/stack/keystone/keystone/auth/core.py:476}}
Aug 28 15:58:46 ubuntu devstack@keystone.service[69503]: DEBUG keystone.common.fernet_utils [None req-3d8b29a9-1889-40df-8e9f-7906f047cb12 None None] Loaded 2 Fernet keys from /etc/keystone/fernet-keys/, but `[fernet_tokens] max_active_keys = 3`; perhaps there have not been enough key rotations to reach `max_active_keys` yet? {{(pid=69503) load_keys /opt/stack/keystone/keystone/common/fernet_utils.py:298}}
Aug 28 15:58:46 ubuntu devstack@keystone.service[69503]: [pid: 69503|app: 0|req: 26/50] 10.201.5.82 () {58 vars in 1023 bytes} [Wed Aug 28 15:58:46 2024] POST /identity/v3/auth/tokens => generated 862 bytes in 59 msecs (HTTP/1.1 201) 6 headers in 363 bytes (1 switches on core 0)
Aug 28 15:58:47 ubuntu devstack@keystone.service[69504]: DEBUG keystone.server.flask.request_processing.middleware.auth_context [None req-4dd09697-cbae-4f0e-b57f-35302ac2e42f None None] Authenticating user token {{(pid=69504) process_request /opt/stack/data/venv/lib/python3.10/site-packages/keystonemiddleware/auth_token/__init__.py:406}}
Aug 28 15:58:47 ubuntu devstack@keystone.service[69504]: DEBUG keystone.server.flask.request_processing.middleware.auth_context [None req-4dd09697-cbae-4f0e-b57f-35302ac2e42f None None] Validating token access rules against request {{(pid=69504) validate_allowed_request /opt/stack/data/venv/lib/python3.10/site-packages/keystonemiddleware/auth_token/__init__.py:544}}
Aug 28 15:58:47 ubuntu devstack@keystone.service[69504]: DEBUG keystone.server.flask.request_processing.middleware.auth_context [None req-20be3d03-8684-4ba5-99a0-3c0103f9c1cb None admin] RBAC: auth_context: {'token': <TokenModel (audit_id=t5q6n9ucTiCSrWhS1wdNoQ, audit_chain_id=['t5q6n9ucTiCSrWhS1wdNoQ']) at 0x7f9f87240340>, 'domain_id': None, 'trust_id': None, 'trustor_id': None, 'trustee_id': None, 'domain_name': None, 'group_ids': [], 'user_id': 'f533f52e49eb40e385c09ad2defeaddd', 'user_domain_id': 'default', 'system_scope': 'all', 'project_id': None, 'project_domain_id': None, 'roles': ['admin', 'manager', 'member', 'reader'], 'is_admin_project': True, 'service_user_id': None, 'service_user_domain_id': None, 'service_project_id': None, 'service_project_domain_id': None, 'service_roles': []} {{(pid=69504) fill_context /opt/stack/keystone/keystone/server/flask/request_processing/middleware/auth_context.py:511}}
Aug 28 15:58:47 ubuntu devstack@keystone.service[69504]: DEBUG keystone.server.flask.request_processing.req_logging [None req-20be3d03-8684-4ba5-99a0-3c0103f9c1cb None admin] REQUEST_METHOD: `GET` {{(pid=69504) log_request_info /opt/stack/keystone/keystone/server/flask/request_processing/req_logging.py:26}}
Aug 28 15:58:47 ubuntu devstack@keystone.service[69504]: DEBUG keystone.server.flask.request_processing.req_logging [None req-20be3d03-8684-4ba5-99a0-3c0103f9c1cb None admin] SCRIPT_NAME: `/identity` {{(pid=69504) log_request_info /opt/stack/keystone/keystone/server/flask/request_processing/req_logging.py:27}}
Aug 28 15:58:47 ubuntu devstack@keystone.service[69504]: DEBUG keystone.server.flask.request_processing.req_logging [None req-20be3d03-8684-4ba5-99a0-3c0103f9c1cb None admin] PATH_INFO: `/v3/domains/default` {{(pid=69504) log_request_info /opt/stack/keystone/keystone/server/flask/request_processing/req_logging.py:28}}
Aug 28 15:58:47 ubuntu devstack@keystone.service[69504]: DEBUG keystone.common.rbac_enforcer.enforcer [None req-20be3d03-8684-4ba5-99a0-3c0103f9c1cb None admin] RBAC: Authorizing `identity:get_domain(domain_id=default)` {{(pid=69504) enforce_call /opt/stack/keystone/keystone/common/rbac_enforcer/enforcer.py:503}}
Aug 28 15:58:47 ubuntu devstack@keystone.service[69504]: DEBUG keystone.common.rbac_enforcer.enforcer [None req-20be3d03-8684-4ba5-99a0-3c0103f9c1cb None admin] RBAC: Authorization granted {{(pid=69504) enforce_call /opt/stack/keystone/keystone/common/rbac_enforcer/enforcer.py:514}}
Aug 28 15:58:47 ubuntu devstack@keystone.service[69504]: [pid: 69504|app: 0|req: 25/51] 10.201.5.82 () {56 vars in 1108 bytes} [Wed Aug 28 15:58:47 2024] GET /identity/v3/domains/default => generated 199 bytes in 101 msecs (HTTP/1.1 200) 5 headers in 177 bytes (1 switches on core 0)
Aug 28 15:58:47 ubuntu devstack@keystone.service[69503]: DEBUG keystone.server.flask.request_processing.middleware.auth_context [None req-3d8b29a9-1889-40df-8e9f-7906f047cb12 None None] Authenticating user token {{(pid=69503) process_request /opt/stack/data/venv/lib/python3.10/site-packages/keystonemiddleware/auth_token/__init__.py:406}}
Aug 28 15:58:47 ubuntu devstack@keystone.service[69503]: DEBUG keystone.server.flask.request_processing.middleware.auth_context [None req-3d8b29a9-1889-40df-8e9f-7906f047cb12 None None] Validating token access rules against request {{(pid=69503) validate_allowed_request /opt/stack/data/venv/lib/python3.10/site-packages/keystonemiddleware/auth_token/__init__.py:544}}
Aug 28 15:58:47 ubuntu devstack@keystone.service[69503]: DEBUG keystone.server.flask.request_processing.middleware.auth_context [None req-c59af4c8-23a2-49d3-b7a6-73c9dcc3d48a None admin] RBAC: auth_context: {'token': <TokenModel (audit_id=t5q6n9ucTiCSrWhS1wdNoQ, audit_chain_id=['t5q6n9ucTiCSrWhS1wdNoQ']) at 0x7f9f880e3730>, 'domain_id': None, 'trust_id': None, 'trustor_id': None, 'trustee_id': None, 'domain_name': None, 'group_ids': [], 'user_id': 'f533f52e49eb40e385c09ad2defeaddd', 'user_domain_id': 'default', 'system_scope': 'all', 'project_id': None, 'project_domain_id': None, 'roles': ['admin', 'manager', 'member', 'reader'], 'is_admin_project': True, 'service_user_id': None, 'service_user_domain_id': None, 'service_project_id': None, 'service_project_domain_id': None, 'service_roles': []} {{(pid=69503) fill_context /opt/stack/keystone/keystone/server/flask/request_processing/middleware/auth_context.py:511}}
Aug 28 15:58:47 ubuntu devstack@keystone.service[69503]: DEBUG keystone.server.flask.request_processing.req_logging [None req-c59af4c8-23a2-49d3-b7a6-73c9dcc3d48a None admin] REQUEST_METHOD: `POST` {{(pid=69503) log_request_info /opt/stack/keystone/keystone/server/flask/request_processing/req_logging.py:26}}
Aug 28 15:58:47 ubuntu devstack@keystone.service[69503]: DEBUG keystone.server.flask.request_processing.req_logging [None req-c59af4c8-23a2-49d3-b7a6-73c9dcc3d48a None admin] SCRIPT_NAME: `/identity` {{(pid=69503) log_request_info /opt/stack/keystone/keystone/server/flask/request_processing/req_logging.py:27}}
Aug 28 15:58:47 ubuntu devstack@keystone.service[69503]: DEBUG keystone.server.flask.request_processing.req_logging [None req-c59af4c8-23a2-49d3-b7a6-73c9dcc3d48a None admin] PATH_INFO: `/v3/projects` {{(pid=69503) log_request_info /opt/stack/keystone/keystone/server/flask/request_processing/req_logging.py:28}}
Aug 28 15:58:47 ubuntu devstack@keystone.service[69503]: DEBUG keystone.common.rbac_enforcer.enforcer [None req-c59af4c8-23a2-49d3-b7a6-73c9dcc3d48a None admin] RBAC: Authorizing `identity:create_project()` {{(pid=69503) enforce_call /opt/stack/keystone/keystone/common/rbac_enforcer/enforcer.py:503}}
Aug 28 15:58:47 ubuntu devstack@keystone.service[69503]: DEBUG keystone.common.rbac_enforcer.enforcer [None req-c59af4c8-23a2-49d3-b7a6-73c9dcc3d48a None admin] RBAC: Authorization granted {{(pid=69503) enforce_call /opt/stack/keystone/keystone/common/rbac_enforcer/enforcer.py:514}}
Aug 28 15:58:47 ubuntu devstack@keystone.service[69503]: [pid: 69503|app: 0|req: 27/52] 10.201.5.82 () {60 vars in 1140 bytes} [Wed Aug 28 15:58:47 2024] POST /identity/v3/projects => generated 298 bytes in 75 msecs (HTTP/1.1 201) 5 headers in 182 bytes (1 switches on core 0)
Aug 28 15:58:48 ubuntu devstack@keystone.service[69504]: DEBUG keystone.server.flask.request_processing.req_logging [None req-7d7c06c4-d544-40c1-97fe-7d226325f11f None None] REQUEST_METHOD: `GET` {{(pid=69504) log_request_info /opt/stack/keystone/keystone/server/flask/request_processing/req_logging.py:26}}
Aug 28 15:58:48 ubuntu devstack@keystone.service[69504]: DEBUG keystone.server.flask.request_processing.req_logging [None req-7d7c06c4-d544-40c1-97fe-7d226325f11f None None] SCRIPT_NAME: `/identity` {{(pid=69504) log_request_info /opt/stack/keystone/keystone/server/flask/request_processing/req_logging.py:27}}
Aug 28 15:58:48 ubuntu devstack@keystone.service[69504]: DEBUG keystone.server.flask.request_processing.req_logging [None req-7d7c06c4-d544-40c1-97fe-7d226325f11f None None] PATH_INFO: `/` {{(pid=69504) log_request_info /opt/stack/keystone/keystone/server/flask/request_processing/req_logging.py:28}}
Aug 28 15:58:48 ubuntu devstack@keystone.service[69504]: [pid: 69504|app: 0|req: 26/53] 10.201.5.82 () {54 vars in 926 bytes} [Wed Aug 28 15:58:48 2024] GET /identity => generated 270 bytes in 4 msecs (HTTP/1.1 300) 6 headers in 234 bytes (1 switches on core 0)
Aug 28 15:58:48 ubuntu devstack@keystone.service[69503]: DEBUG keystone.server.flask.request_processing.req_logging [None req-97aa7847-30ae-43b7-aee2-7964d8a64787 None None] REQUEST_METHOD: `POST` {{(pid=69503) log_request_info /opt/stack/keystone/keystone/server/flask/request_processing/req_logging.py:26}}
Aug 28 15:58:48 ubuntu devstack@keystone.service[69503]: DEBUG keystone.server.flask.request_processing.req_logging [None req-97aa7847-30ae-43b7-aee2-7964d8a64787 None None] SCRIPT_NAME: `/identity` {{(pid=69503) log_request_info /opt/stack/keystone/keystone/server/flask/request_processing/req_logging.py:27}}
Aug 28 15:58:48 ubuntu devstack@keystone.service[69503]: DEBUG keystone.server.flask.request_processing.req_logging [None req-97aa7847-30ae-43b7-aee2-7964d8a64787 None None] PATH_INFO: `/v3/auth/tokens` {{(pid=69503) log_request_info /opt/stack/keystone/keystone/server/flask/request_processing/req_logging.py:28}}
Aug 28 15:58:48 ubuntu devstack@keystone.service[69503]: WARNING keystone.common.password_hashing [None req-97aa7847-30ae-43b7-aee2-7964d8a64787 None None] Truncating password to algorithm specific maximum length 72 characters.
Aug 28 15:58:48 ubuntu devstack@keystone.service[69503]: DEBUG keystone.auth.core [None req-97aa7847-30ae-43b7-aee2-7964d8a64787 None None] MFA Rules not processed for user `f533f52e49eb40e385c09ad2defeaddd`. Rule list: `[]` (Enabled: `True`). {{(pid=69503) check_auth_methods_against_rules /opt/stack/keystone/keystone/auth/core.py:476}}
Aug 28 15:58:48 ubuntu devstack@keystone.service[69503]: DEBUG keystone.common.fernet_utils [None req-97aa7847-30ae-43b7-aee2-7964d8a64787 None None] Loaded 2 Fernet keys from /etc/keystone/fernet-keys/, but `[fernet_tokens] max_active_keys = 3`; perhaps there have not been enough key rotations to reach `max_active_keys` yet? {{(pid=69503) load_keys /opt/stack/keystone/keystone/common/fernet_utils.py:298}}
Aug 28 15:58:48 ubuntu devstack@keystone.service[69503]: [pid: 69503|app: 0|req: 28/54] 10.201.5.82 () {58 vars in 1023 bytes} [Wed Aug 28 15:58:48 2024] POST /identity/v3/auth/tokens => generated 862 bytes in 60 msecs (HTTP/1.1 201) 6 headers in 363 bytes (1 switches on core 0)
Aug 28 15:58:48 ubuntu devstack@keystone.service[69504]: DEBUG keystone.server.flask.request_processing.middleware.auth_context [None req-7d7c06c4-d544-40c1-97fe-7d226325f11f None None] Authenticating user token {{(pid=69504) process_request /opt/stack/data/venv/lib/python3.10/site-packages/keystonemiddleware/auth_token/__init__.py:406}}
Aug 28 15:58:48 ubuntu devstack@keystone.service[69504]: DEBUG keystone.server.flask.request_processing.middleware.auth_context [None req-7d7c06c4-d544-40c1-97fe-7d226325f11f None None] Validating token access rules against request {{(pid=69504) validate_allowed_request /opt/stack/data/venv/lib/python3.10/site-packages/keystonemiddleware/auth_token/__init__.py:544}}
Aug 28 15:58:48 ubuntu devstack@keystone.service[69504]: DEBUG keystone.server.flask.request_processing.middleware.auth_context [None req-a1c23029-45e2-4fab-8e5b-d1c17f8454e1 None admin] RBAC: auth_context: {'token': <TokenModel (audit_id=iMzOTPYPSpGJ5LMF3Hlv2Q, audit_chain_id=['iMzOTPYPSpGJ5LMF3Hlv2Q']) at 0x7f9f87240d60>, 'domain_id': None, 'trust_id': None, 'trustor_id': None, 'trustee_id': None, 'domain_name': None, 'group_ids': [], 'user_id': 'f533f52e49eb40e385c09ad2defeaddd', 'user_domain_id': 'default', 'system_scope': 'all', 'project_id': None, 'project_domain_id': None, 'roles': ['admin', 'manager', 'member', 'reader'], 'is_admin_project': True, 'service_user_id': None, 'service_user_domain_id': None, 'service_project_id': None, 'service_project_domain_id': None, 'service_roles': []} {{(pid=69504) fill_context /opt/stack/keystone/keystone/server/flask/request_processing/middleware/auth_context.py:511}}
Aug 28 15:58:48 ubuntu devstack@keystone.service[69504]: DEBUG keystone.server.flask.request_processing.req_logging [None req-a1c23029-45e2-4fab-8e5b-d1c17f8454e1 None admin] REQUEST_METHOD: `GET` {{(pid=69504) log_request_info /opt/stack/keystone/keystone/server/flask/request_processing/req_logging.py:26}}
Aug 28 15:58:48 ubuntu devstack@keystone.service[69504]: DEBUG keystone.server.flask.request_processing.req_logging [None req-a1c23029-45e2-4fab-8e5b-d1c17f8454e1 None admin] SCRIPT_NAME: `/identity` {{(pid=69504) log_request_info /opt/stack/keystone/keystone/server/flask/request_processing/req_logging.py:27}}
