Feb 26 19:55:26 ubuntu devstack@keystone.service[82036]: DEBUG keystone.server.flask.request_processing.req_logging [None req-1a755f9f-cad4-45aa-ad62-e13269d1a849 None None] REQUEST_METHOD: `POST` {{(pid=82036) log_request_info /opt/stack/keystone/keystone/server/flask/request_processing/req_logging.py:26}}
Feb 26 19:55:26 ubuntu devstack@keystone.service[82036]: DEBUG keystone.server.flask.request_processing.req_logging [None req-1a755f9f-cad4-45aa-ad62-e13269d1a849 None None] SCRIPT_NAME: `/identity` {{(pid=82036) log_request_info /opt/stack/keystone/keystone/server/flask/request_processing/req_logging.py:27}}
Feb 26 19:55:26 ubuntu devstack@keystone.service[82036]: DEBUG keystone.server.flask.request_processing.req_logging [None req-1a755f9f-cad4-45aa-ad62-e13269d1a849 None None] PATH_INFO: `/v3/auth/tokens` {{(pid=82036) log_request_info /opt/stack/keystone/keystone/server/flask/request_processing/req_logging.py:28}}
Feb 26 19:55:26 ubuntu devstack@keystone.service[82035]: DEBUG keystone.server.flask.request_processing.req_logging [None req-594e808b-0248-4cb2-97ab-ffff877110d8 None None] REQUEST_METHOD: `GET` {{(pid=82035) log_request_info /opt/stack/keystone/keystone/server/flask/request_processing/req_logging.py:26}}
Feb 26 19:55:26 ubuntu devstack@keystone.service[82035]: DEBUG keystone.server.flask.request_processing.req_logging [None req-594e808b-0248-4cb2-97ab-ffff877110d8 None None] SCRIPT_NAME: `/identity` {{(pid=82035) log_request_info /opt/stack/keystone/keystone/server/flask/request_processing/req_logging.py:27}}
Feb 26 19:55:26 ubuntu devstack@keystone.service[82035]: DEBUG keystone.server.flask.request_processing.req_logging [None req-594e808b-0248-4cb2-97ab-ffff877110d8 None None] PATH_INFO: `/` {{(pid=82035) log_request_info /opt/stack/keystone/keystone/server/flask/request_processing/req_logging.py:28}}
Feb 26 19:55:26 ubuntu devstack@keystone.service[82035]: [pid: 82035|app: 0|req: 13/24] 10.201.5.82 () {54 vars in 920 bytes} [Thu Feb 26 19:55:26 2026] GET /identity => generated 270 bytes in 2 msecs (HTTP/1.1 300) 6 headers in 234 bytes (1 switches on core 0)
Feb 26 19:55:26 ubuntu devstack@keystone.service[82035]: DEBUG keystone.server.flask.request_processing.req_logging [None req-c5ed65b8-575e-4c9a-ab41-9f9393995275 None None] REQUEST_METHOD: `POST` {{(pid=82035) log_request_info /opt/stack/keystone/keystone/server/flask/request_processing/req_logging.py:26}}
Feb 26 19:55:26 ubuntu devstack@keystone.service[82035]: DEBUG keystone.server.flask.request_processing.req_logging [None req-c5ed65b8-575e-4c9a-ab41-9f9393995275 None None] SCRIPT_NAME: `/identity` {{(pid=82035) log_request_info /opt/stack/keystone/keystone/server/flask/request_processing/req_logging.py:27}}
Feb 26 19:55:26 ubuntu devstack@keystone.service[82035]: DEBUG keystone.server.flask.request_processing.req_logging [None req-c5ed65b8-575e-4c9a-ab41-9f9393995275 None None] PATH_INFO: `/v3/auth/tokens` {{(pid=82035) log_request_info /opt/stack/keystone/keystone/server/flask/request_processing/req_logging.py:28}}
Feb 26 19:55:26 ubuntu devstack@keystone.service[82035]: WARNING keystone.common.password_hashing [None req-c5ed65b8-575e-4c9a-ab41-9f9393995275 None None] Truncating password to algorithm specific maximum length 72 characters.
Feb 26 19:55:26 ubuntu devstack@keystone.service[82035]: DEBUG keystone.auth.core [None req-c5ed65b8-575e-4c9a-ab41-9f9393995275 None None] MFA Rules not processed for user `c98b8458cd0548d5a8195320da65ebcf`. Rule list: `[]` (Enabled: `True`). {{(pid=82035) check_auth_methods_against_rules /opt/stack/keystone/keystone/auth/core.py:476}}
Feb 26 19:55:26 ubuntu devstack@keystone.service[82035]: DEBUG keystone.common.fernet_utils [None req-c5ed65b8-575e-4c9a-ab41-9f9393995275 None None] Loaded 2 Fernet keys from /etc/keystone/fernet-keys/, but `[fernet_tokens] max_active_keys = 3`; perhaps there have not been enough key rotations to reach `max_active_keys` yet? {{(pid=82035) load_keys /opt/stack/keystone/keystone/common/fernet_utils.py:297}}
Feb 26 19:55:26 ubuntu devstack@keystone.service[82036]: WARNING keystone.common.password_hashing [None req-1a755f9f-cad4-45aa-ad62-e13269d1a849 None None] Truncating password to algorithm specific maximum length 72 characters.
Feb 26 19:55:26 ubuntu devstack@keystone.service[82035]: [pid: 82035|app: 0|req: 14/25] 10.201.5.82 () {58 vars in 1017 bytes} [Thu Feb 26 19:55:26 2026] POST /identity/v3/auth/tokens => generated 862 bytes in 80 msecs (HTTP/1.1 201) 6 headers in 363 bytes (1 switches on core 0)
Feb 26 19:55:26 ubuntu devstack@keystone.service[82036]: DEBUG keystone.auth.core [None req-1a755f9f-cad4-45aa-ad62-e13269d1a849 None None] MFA Rules not processed for user `c98b8458cd0548d5a8195320da65ebcf`. Rule list: `[]` (Enabled: `True`). {{(pid=82036) check_auth_methods_against_rules /opt/stack/keystone/keystone/auth/core.py:476}}
Feb 26 19:55:26 ubuntu devstack@keystone.service[82036]: DEBUG keystone.common.fernet_utils [None req-1a755f9f-cad4-45aa-ad62-e13269d1a849 None None] Loaded 2 Fernet keys from /etc/keystone/fernet-keys/, but `[fernet_tokens] max_active_keys = 3`; perhaps there have not been enough key rotations to reach `max_active_keys` yet? {{(pid=82036) load_keys /opt/stack/keystone/keystone/common/fernet_utils.py:297}}
Feb 26 19:55:26 ubuntu devstack@keystone.service[82036]: [pid: 82036|app: 0|req: 12/26] 10.201.5.82 () {58 vars in 1017 bytes} [Thu Feb 26 19:55:26 2026] POST /identity/v3/auth/tokens => generated 862 bytes in 166 msecs (HTTP/1.1 201) 6 headers in 363 bytes (1 switches on core 0)
Feb 26 19:55:26 ubuntu devstack@keystone.service[82035]: DEBUG keystone.server.flask.request_processing.req_logging [None req-2b7803c3-e59d-4a9e-a969-02130c0d6dc3 None None] REQUEST_METHOD: `GET` {{(pid=82035) log_request_info /opt/stack/keystone/keystone/server/flask/request_processing/req_logging.py:26}}
Feb 26 19:55:26 ubuntu devstack@keystone.service[82035]: DEBUG keystone.server.flask.request_processing.req_logging [None req-2b7803c3-e59d-4a9e-a969-02130c0d6dc3 None None] SCRIPT_NAME: `/identity` {{(pid=82035) log_request_info /opt/stack/keystone/keystone/server/flask/request_processing/req_logging.py:27}}
Feb 26 19:55:26 ubuntu devstack@keystone.service[82035]: DEBUG keystone.server.flask.request_processing.req_logging [None req-2b7803c3-e59d-4a9e-a969-02130c0d6dc3 None None] PATH_INFO: `/` {{(pid=82035) log_request_info /opt/stack/keystone/keystone/server/flask/request_processing/req_logging.py:28}}
Feb 26 19:55:26 ubuntu devstack@keystone.service[82035]: [pid: 82035|app: 0|req: 15/27] 10.201.5.82 () {54 vars in 920 bytes} [Thu Feb 26 19:55:26 2026] GET /identity => generated 270 bytes in 2 msecs (HTTP/1.1 300) 6 headers in 234 bytes (1 switches on core 0)
Feb 26 19:55:26 ubuntu devstack@keystone.service[82036]: DEBUG keystone.server.flask.request_processing.req_logging [None req-72afcdb3-7b22-4424-be36-ce0f8d582536 None None] REQUEST_METHOD: `POST` {{(pid=82036) log_request_info /opt/stack/keystone/keystone/server/flask/request_processing/req_logging.py:26}}
Feb 26 19:55:26 ubuntu devstack@keystone.service[82036]: DEBUG keystone.server.flask.request_processing.req_logging [None req-72afcdb3-7b22-4424-be36-ce0f8d582536 None None] SCRIPT_NAME: `/identity` {{(pid=82036) log_request_info /opt/stack/keystone/keystone/server/flask/request_processing/req_logging.py:27}}
Feb 26 19:55:26 ubuntu devstack@keystone.service[82036]: DEBUG keystone.server.flask.request_processing.req_logging [None req-72afcdb3-7b22-4424-be36-ce0f8d582536 None None] PATH_INFO: `/v3/auth/tokens` {{(pid=82036) log_request_info /opt/stack/keystone/keystone/server/flask/request_processing/req_logging.py:28}}
Feb 26 19:55:26 ubuntu devstack@keystone.service[82036]: WARNING keystone.common.password_hashing [None req-72afcdb3-7b22-4424-be36-ce0f8d582536 None None] Truncating password to algorithm specific maximum length 72 characters.
Feb 26 19:55:26 ubuntu devstack@keystone.service[82036]: DEBUG keystone.auth.core [None req-72afcdb3-7b22-4424-be36-ce0f8d582536 None None] MFA Rules not processed for user `c98b8458cd0548d5a8195320da65ebcf`. Rule list: `[]` (Enabled: `True`). {{(pid=82036) check_auth_methods_against_rules /opt/stack/keystone/keystone/auth/core.py:476}}
Feb 26 19:55:26 ubuntu devstack@keystone.service[82036]: DEBUG keystone.common.fernet_utils [None req-72afcdb3-7b22-4424-be36-ce0f8d582536 None None] Loaded 2 Fernet keys from /etc/keystone/fernet-keys/, but `[fernet_tokens] max_active_keys = 3`; perhaps there have not been enough key rotations to reach `max_active_keys` yet? {{(pid=82036) load_keys /opt/stack/keystone/keystone/common/fernet_utils.py:297}}
Feb 26 19:55:26 ubuntu devstack@keystone.service[82035]: DEBUG keystone.server.flask.request_processing.middleware.auth_context [None req-2b7803c3-e59d-4a9e-a969-02130c0d6dc3 None None] Authenticating user token {{(pid=82035) process_request /opt/stack/data/venv/lib/python3.10/site-packages/keystonemiddleware/auth_token/__init__.py:407}}
Feb 26 19:55:26 ubuntu devstack@keystone.service[82036]: [pid: 82036|app: 0|req: 13/28] 10.201.5.82 () {58 vars in 1017 bytes} [Thu Feb 26 19:55:26 2026] POST /identity/v3/auth/tokens => generated 862 bytes in 80 msecs (HTTP/1.1 201) 6 headers in 363 bytes (1 switches on core 0)
Feb 26 19:55:26 ubuntu devstack@keystone.service[82036]: DEBUG keystone.server.flask.request_processing.middleware.auth_context [None req-72afcdb3-7b22-4424-be36-ce0f8d582536 None None] Authenticating user token {{(pid=82036) process_request /opt/stack/data/venv/lib/python3.10/site-packages/keystonemiddleware/auth_token/__init__.py:407}}
Feb 26 19:55:26 ubuntu devstack@keystone.service[82035]: DEBUG keystone.server.flask.request_processing.middleware.auth_context [None req-2b7803c3-e59d-4a9e-a969-02130c0d6dc3 None None] Validating token access rules against request {{(pid=82035) validate_allowed_request /opt/stack/data/venv/lib/python3.10/site-packages/keystonemiddleware/auth_token/__init__.py:545}}
Feb 26 19:55:26 ubuntu devstack@keystone.service[82035]: DEBUG keystone.server.flask.request_processing.middleware.auth_context [None req-b16be7f1-ff74-4216-aff4-1ebd9c51b0c5 None admin] RBAC: auth_context: {'token': <TokenModel (audit_id=b-9TOHtaQReDX6dXUWKZqg, audit_chain_id=['b-9TOHtaQReDX6dXUWKZqg']) at 0x7f2b7a1510c0>, 'domain_id': None, 'trust_id': None, 'trustor_id': None, 'trustee_id': None, 'domain_name': None, 'group_ids': [], 'user_id': 'c98b8458cd0548d5a8195320da65ebcf', 'user_domain_id': 'default', 'system_scope': 'all', 'project_id': None, 'project_domain_id': None, 'roles': ['admin', 'manager', 'member', 'reader'], 'is_admin_project': True, 'service_user_id': None, 'service_user_domain_id': None, 'service_project_id': None, 'service_project_domain_id': None, 'service_roles': []} {{(pid=82035) fill_context /opt/stack/keystone/keystone/server/flask/request_processing/middleware/auth_context.py:509}}
Feb 26 19:55:26 ubuntu devstack@keystone.service[82035]: DEBUG keystone.server.flask.request_processing.req_logging [None req-b16be7f1-ff74-4216-aff4-1ebd9c51b0c5 None admin] REQUEST_METHOD: `GET` {{(pid=82035) log_request_info /opt/stack/keystone/keystone/server/flask/request_processing/req_logging.py:26}}
Feb 26 19:55:26 ubuntu devstack@keystone.service[82035]: DEBUG keystone.server.flask.request_processing.req_logging [None req-b16be7f1-ff74-4216-aff4-1ebd9c51b0c5 None admin] SCRIPT_NAME: `/identity` {{(pid=82035) log_request_info /opt/stack/keystone/keystone/server/flask/request_processing/req_logging.py:27}}
Feb 26 19:55:26 ubuntu devstack@keystone.service[82035]: DEBUG keystone.server.flask.request_processing.req_logging [None req-b16be7f1-ff74-4216-aff4-1ebd9c51b0c5 None admin] PATH_INFO: `/v3/domains/Default` {{(pid=82035) log_request_info /opt/stack/keystone/keystone/server/flask/request_processing/req_logging.py:28}}
Feb 26 19:55:26 ubuntu devstack@keystone.service[82035]: DEBUG keystone.common.rbac_enforcer.enforcer [None req-b16be7f1-ff74-4216-aff4-1ebd9c51b0c5 None admin] RBAC: Authorizing `identity:get_domain(domain_id=Default)` {{(pid=82035) enforce_call /opt/stack/keystone/keystone/common/rbac_enforcer/enforcer.py:494}}
Feb 26 19:55:26 ubuntu devstack@keystone.service[82035]: DEBUG keystone.common.rbac_enforcer.enforcer [None req-b16be7f1-ff74-4216-aff4-1ebd9c51b0c5 None admin] RBAC: Authorization granted {{(pid=82035) enforce_call /opt/stack/keystone/keystone/common/rbac_enforcer/enforcer.py:505}}
Feb 26 19:55:26 ubuntu devstack@keystone.service[82035]: DEBUG keystone.server.flask.application [None req-b16be7f1-ff74-4216-aff4-1ebd9c51b0c5 None admin] Could not find domain: Default. {{(pid=82035) _handle_keystone_exception /opt/stack/keystone/keystone/server/flask/application.py:146}}
Feb 26 19:55:26 ubuntu devstack@keystone.service[82035]: [pid: 82035|app: 0|req: 16/29] 10.201.5.82 () {56 vars in 1145 bytes} [Thu Feb 26 19:55:26 2026] GET /identity/v3/domains/Default => generated 87 bytes in 81 msecs (HTTP/1.1 404) 5 headers in 183 bytes (1 switches on core 0)
Feb 26 19:55:26 ubuntu devstack@keystone.service[82035]: DEBUG keystone.server.flask.request_processing.req_logging [None req-6113b9ab-150b-435e-8d9a-f9e80f9afa87 None None] REQUEST_METHOD: `GET` {{(pid=82035) log_request_info /opt/stack/keystone/keystone/server/flask/request_processing/req_logging.py:26}}
Feb 26 19:55:26 ubuntu devstack@keystone.service[82035]: DEBUG keystone.server.flask.request_processing.req_logging [None req-6113b9ab-150b-435e-8d9a-f9e80f9afa87 None None] SCRIPT_NAME: `/identity` {{(pid=82035) log_request_info /opt/stack/keystone/keystone/server/flask/request_processing/req_logging.py:27}}
Feb 26 19:55:26 ubuntu devstack@keystone.service[82035]: DEBUG keystone.server.flask.request_processing.req_logging [None req-6113b9ab-150b-435e-8d9a-f9e80f9afa87 None None] PATH_INFO: `/` {{(pid=82035) log_request_info /opt/stack/keystone/keystone/server/flask/request_processing/req_logging.py:28}}
Feb 26 19:55:26 ubuntu devstack@keystone.service[82035]: [pid: 82035|app: 0|req: 17/30] 10.201.5.82 () {54 vars in 920 bytes} [Thu Feb 26 19:55:26 2026] GET /identity => generated 270 bytes in 1 msecs (HTTP/1.1 300) 6 headers in 234 bytes (1 switches on core 0)
Feb 26 19:55:26 ubuntu devstack@keystone.service[82035]: DEBUG keystone.server.flask.request_processing.req_logging [None req-e8729832-792b-438e-a615-e56d898f600b None None] REQUEST_METHOD: `POST` {{(pid=82035) log_request_info /opt/stack/keystone/keystone/server/flask/request_processing/req_logging.py:26}}
Feb 26 19:55:26 ubuntu devstack@keystone.service[82035]: DEBUG keystone.server.flask.request_processing.req_logging [None req-e8729832-792b-438e-a615-e56d898f600b None None] SCRIPT_NAME: `/identity` {{(pid=82035) log_request_info /opt/stack/keystone/keystone/server/flask/request_processing/req_logging.py:27}}
Feb 26 19:55:26 ubuntu devstack@keystone.service[82035]: DEBUG keystone.server.flask.request_processing.req_logging [None req-e8729832-792b-438e-a615-e56d898f600b None None] PATH_INFO: `/v3/auth/tokens` {{(pid=82035) log_request_info /opt/stack/keystone/keystone/server/flask/request_processing/req_logging.py:28}}
Feb 26 19:55:26 ubuntu devstack@keystone.service[82035]: WARNING keystone.common.password_hashing [None req-e8729832-792b-438e-a615-e56d898f600b None None] Truncating password to algorithm specific maximum length 72 characters.
Feb 26 19:55:26 ubuntu devstack@keystone.service[82036]: DEBUG keystone.server.flask.request_processing.middleware.auth_context [None req-72afcdb3-7b22-4424-be36-ce0f8d582536 None None] Validating token access rules against request {{(pid=82036) validate_allowed_request /opt/stack/data/venv/lib/python3.10/site-packages/keystonemiddleware/auth_token/__init__.py:545}}
Feb 26 19:55:26 ubuntu devstack@keystone.service[82035]: DEBUG keystone.auth.core [None req-e8729832-792b-438e-a615-e56d898f600b None None] MFA Rules not processed for user `c98b8458cd0548d5a8195320da65ebcf`. Rule list: `[]` (Enabled: `True`). {{(pid=82035) check_auth_methods_against_rules /opt/stack/keystone/keystone/auth/core.py:476}}
Feb 26 19:55:26 ubuntu devstack@keystone.service[82035]: DEBUG keystone.common.fernet_utils [None req-e8729832-792b-438e-a615-e56d898f600b None None] Loaded 2 Fernet keys from /etc/keystone/fernet-keys/, but `[fernet_tokens] max_active_keys = 3`; perhaps there have not been enough key rotations to reach `max_active_keys` yet? {{(pid=82035) load_keys /opt/stack/keystone/keystone/common/fernet_utils.py:297}}
Feb 26 19:55:26 ubuntu devstack@keystone.service[82036]: DEBUG keystone.server.flask.request_processing.middleware.auth_context [None req-867c6e93-b828-408d-a405-809249bf33d2 None admin] RBAC: auth_context: {'token': <TokenModel (audit_id=7Bcad6YRQra8Ol02JUrPeA, audit_chain_id=['7Bcad6YRQra8Ol02JUrPeA']) at 0x7f2b7ae0b250>, 'domain_id': None, 'trust_id': None, 'trustor_id': None, 'trustee_id': None, 'domain_name': None, 'group_ids': [], 'user_id': 'c98b8458cd0548d5a8195320da65ebcf', 'user_domain_id': 'default', 'system_scope': 'all', 'project_id': None, 'project_domain_id': None, 'roles': ['admin', 'manager', 'member', 'reader'], 'is_admin_project': True, 'service_user_id': None, 'service_user_domain_id': None, 'service_project_id': None, 'service_project_domain_id': None, 'service_roles': []} {{(pid=82036) fill_context /opt/stack/keystone/keystone/server/flask/request_processing/middleware/auth_context.py:509}}
Feb 26 19:55:26 ubuntu devstack@keystone.service[82036]: DEBUG keystone.server.flask.request_processing.req_logging [None req-867c6e93-b828-408d-a405-809249bf33d2 None admin] REQUEST_METHOD: `GET` {{(pid=82036) log_request_info /opt/stack/keystone/keystone/server/flask/request_processing/req_logging.py:26}}
Feb 26 19:55:26 ubuntu devstack@keystone.service[82036]: DEBUG keystone.server.flask.request_processing.req_logging [None req-867c6e93-b828-408d-a405-809249bf33d2 None admin] SCRIPT_NAME: `/identity` {{(pid=82036) log_request_info /opt/stack/keystone/keystone/server/flask/request_processing/req_logging.py:27}}
Feb 26 19:55:26 ubuntu devstack@keystone.service[82036]: DEBUG keystone.server.flask.request_processing.req_logging [None req-867c6e93-b828-408d-a405-809249bf33d2 None admin] PATH_INFO: `/v3/roles/admin` {{(pid=82036) log_request_info /opt/stack/keystone/keystone/server/flask/request_processing/req_logging.py:28}}
Feb 26 19:55:26 ubuntu devstack@keystone.service[82036]: DEBUG keystone.common.rbac_enforcer.enforcer [None req-867c6e93-b828-408d-a405-809249bf33d2 None admin] Extracting inferred target data resulted in "NOT FOUND (404)". {{(pid=82036) enforce_call /opt/stack/keystone/keystone/common/rbac_enforcer/enforcer.py:445}}
Feb 26 19:55:26 ubuntu devstack@keystone.service[82036]: DEBUG keystone.server.flask.application [None req-867c6e93-b828-408d-a405-809249bf33d2 None admin] Could not find role: admin. {{(pid=82036) _handle_keystone_exception /opt/stack/keystone/keystone/server/flask/application.py:146}}
Feb 26 19:55:26 ubuntu devstack@keystone.service[82036]: [pid: 82036|app: 0|req: 14/31] 10.201.5.82 () {56 vars in 1133 bytes} [Thu Feb 26 19:55:26 2026] GET /identity/v3/roles/admin => generated 83 bytes in 84 msecs (HTTP/1.1 404) 5 headers in 183 bytes (1 switches on core 0)
Feb 26 19:55:26 ubuntu devstack@keystone.service[82036]: DEBUG keystone.server.flask.request_processing.middleware.auth_context [None req-867c6e93-b828-408d-a405-809249bf33d2 None admin] Authenticating user token {{(pid=82036) process_request /opt/stack/data/venv/lib/python3.10/site-packages/keystonemiddleware/auth_token/__init__.py:407}}
Feb 26 19:55:26 ubuntu devstack@keystone.service[82035]: [pid: 82035|app: 0|req: 18/32] 10.201.5.82 () {58 vars in 1017 bytes} [Thu Feb 26 19:55:26 2026] POST /identity/v3/auth/tokens => generated 862 bytes in 52 msecs (HTTP/1.1 201) 6 headers in 363 bytes (1 switches on core 0)
Feb 26 19:55:26 ubuntu devstack@keystone.service[82035]: DEBUG keystone.server.flask.request_processing.middleware.auth_context [None req-e8729832-792b-438e-a615-e56d898f600b None None] Authenticating user token {{(pid=82035) process_request /opt/stack/data/venv/lib/python3.10/site-packages/keystonemiddleware/auth_token/__init__.py:407}}
Feb 26 19:55:26 ubuntu devstack@keystone.service[82036]: DEBUG keystone.server.flask.request_processing.middleware.auth_context [None req-867c6e93-b828-408d-a405-809249bf33d2 None admin] Validating token access rules against request {{(pid=82036) validate_allowed_request /opt/stack/data/venv/lib/python3.10/site-packages/keystonemiddleware/auth_token/__init__.py:545}}
Feb 26 19:55:26 ubuntu devstack@keystone.service[82035]: DEBUG keystone.server.flask.request_processing.middleware.auth_context [None req-e8729832-792b-438e-a615-e56d898f600b None None] Validating token access rules against request {{(pid=82035) validate_allowed_request /opt/stack/data/venv/lib/python3.10/site-packages/keystonemiddleware/auth_token/__init__.py:545}}
Feb 26 19:55:26 ubuntu devstack@keystone.service[82036]: DEBUG keystone.server.flask.request_processing.middleware.auth_context [None req-7aa01f12-12be-46ea-a779-c54f442b13af None admin] RBAC: auth_context: {'token': <TokenModel (audit_id=b-9TOHtaQReDX6dXUWKZqg, audit_chain_id=['b-9TOHtaQReDX6dXUWKZqg']) at 0x7f2b79d7fbb0>, 'domain_id': None, 'trust_id': None, 'trustor_id': None, 'trustee_id': None, 'domain_name': None, 'group_ids': [], 'user_id': 'c98b8458cd0548d5a8195320da65ebcf', 'user_domain_id': 'default', 'system_scope': 'all', 'project_id': None, 'project_domain_id': None, 'roles': ['admin', 'manager', 'member', 'reader'], 'is_admin_project': True, 'service_user_id': None, 'service_user_domain_id': None, 'service_project_id': None, 'service_project_domain_id': None, 'service_roles': []} {{(pid=82036) fill_context /opt/stack/keystone/keystone/server/flask/request_processing/middleware/auth_context.py:509}}
Feb 26 19:55:26 ubuntu devstack@keystone.service[82036]: DEBUG keystone.server.flask.request_processing.req_logging [None req-7aa01f12-12be-46ea-a779-c54f442b13af None admin] REQUEST_METHOD: `GET` {{(pid=82036) log_request_info /opt/stack/keystone/keystone/server/flask/request_processing/req_logging.py:26}}
Feb 26 19:55:26 ubuntu devstack@keystone.service[82036]: DEBUG keystone.server.flask.request_processing.req_logging [None req-7aa01f12-12be-46ea-a779-c54f442b13af None admin] SCRIPT_NAME: `/identity` {{(pid=82036) log_request_info /opt/stack/keystone/keystone/server/flask/request_processing/req_logging.py:27}}
Feb 26 19:55:26 ubuntu devstack@keystone.service[82036]: DEBUG keystone.server.flask.request_processing.req_logging [None req-7aa01f12-12be-46ea-a779-c54f442b13af None admin] PATH_INFO: `/v3/domains` {{(pid=82036) log_request_info /opt/stack/keystone/keystone/server/flask/request_processing/req_logging.py:28}}
Feb 26 19:55:26 ubuntu devstack@keystone.service[82036]: DEBUG keystone.common.rbac_enforcer.enforcer [None req-7aa01f12-12be-46ea-a779-c54f442b13af None admin] RBAC: Adding query filter params (name=Default) {{(pid=82036) _extract_filter_values /opt/stack/keystone/keystone/common/rbac_enforcer/enforcer.py:176}}
Feb 26 19:55:26 ubuntu devstack@keystone.service[82036]: DEBUG keystone.common.rbac_enforcer.enforcer [None req-7aa01f12-12be-46ea-a779-c54f442b13af None admin] RBAC: Authorizing `identity:list_domains()` {{(pid=82036) enforce_call /opt/stack/keystone/keystone/common/rbac_enforcer/enforcer.py:494}}
Feb 26 19:55:26 ubuntu devstack@keystone.service[82036]: DEBUG keystone.common.rbac_enforcer.enforcer [None req-7aa01f12-12be-46ea-a779-c54f442b13af None admin] RBAC: Authorization granted {{(pid=82036) enforce_call /opt/stack/keystone/keystone/common/rbac_enforcer/enforcer.py:505}}
Feb 26 19:55:26 ubuntu devstack@keystone.service[82035]: DEBUG keystone.server.flask.request_processing.middleware.auth_context [None req-17f68cd3-3c74-4c9a-8aaa-6d3543b217db None admin] RBAC: auth_context: {'token': <TokenModel (audit_id=7Bcad6YRQra8Ol02JUrPeA, audit_chain_id=['7Bcad6YRQra8Ol02JUrPeA']) at 0x7f2b7a1517e0>, 'domain_id': None, 'trust_id': None, 'trustor_id': None, 'trustee_id': None, 'domain_name': None, 'group_ids': [], 'user_id': 'c98b8458cd0548d5a8195320da65ebcf', 'user_domain_id': 'default', 'system_scope': 'all', 'project_id': None, 'project_domain_id': None, 'roles': ['admin', 'manager', 'member', 'reader'], 'is_admin_project': True, 'service_user_id': None, 'service_user_domain_id': None, 'service_project_id': None, 'service_project_domain_id': None, 'service_roles': []} {{(pid=82035) fill_context /opt/stack/keystone/keystone/server/flask/request_processing/middleware/auth_context.py:509}}
Feb 26 19:55:26 ubuntu devstack@keystone.service[82035]: DEBUG keystone.server.flask.request_processing.req_logging [None req-17f68cd3-3c74-4c9a-8aaa-6d3543b217db None admin] REQUEST_METHOD: `GET` {{(pid=82035) log_request_info /opt/stack/keystone/keystone/server/flask/request_processing/req_logging.py:26}}
Feb 26 19:55:26 ubuntu devstack@keystone.service[82035]: DEBUG keystone.server.flask.request_processing.req_logging [None req-17f68cd3-3c74-4c9a-8aaa-6d3543b217db None admin] SCRIPT_NAME: `/identity` {{(pid=82035) log_request_info /opt/stack/keystone/keystone/server/flask/request_processing/req_logging.py:27}}
Feb 26 19:55:26 ubuntu devstack@keystone.service[82035]: DEBUG keystone.server.flask.request_processing.req_logging [None req-17f68cd3-3c74-4c9a-8aaa-6d3543b217db None admin] PATH_INFO: `/v3/roles` {{(pid=82035) log_request_info /opt/stack/keystone/keystone/server/flask/request_processing/req_logging.py:28}}
Feb 26 19:55:26 ubuntu devstack@keystone.service[82035]: DEBUG keystone.common.rbac_enforcer.enforcer [None req-17f68cd3-3c74-4c9a-8aaa-6d3543b217db None admin] RBAC: Adding query filter params (name=admin) {{(pid=82035) _extract_filter_values /opt/stack/keystone/keystone/common/rbac_enforcer/enforcer.py:176}}
Feb 26 19:55:26 ubuntu devstack@keystone.service[82035]: DEBUG keystone.common.rbac_enforcer.enforcer [None req-17f68cd3-3c74-4c9a-8aaa-6d3543b217db None admin] RBAC: Authorizing `identity:list_roles()` {{(pid=82035) enforce_call /opt/stack/keystone/keystone/common/rbac_enforcer/enforcer.py:494}}
Feb 26 19:55:26 ubuntu devstack@keystone.service[82035]: DEBUG keystone.common.rbac_enforcer.enforcer [None req-17f68cd3-3c74-4c9a-8aaa-6d3543b217db None admin] RBAC: Authorization granted {{(pid=82035) enforce_call /opt/stack/keystone/keystone/common/rbac_enforcer/enforcer.py:505}}
Feb 26 19:55:26 ubuntu devstack@keystone.service[82036]: [pid: 82036|app: 0|req: 15/33] 10.201.5.82 () {56 vars in 1159 bytes} [Thu Feb 26 19:55:26 2026] GET /identity/v3/domains?name=Default => generated 308 bytes in 66 msecs (HTTP/1.1 200) 5 headers in 177 bytes (1 switches on core 0)
Feb 26 19:55:26 ubuntu devstack@keystone.service[82035]: [pid: 82035|app: 0|req: 19/34] 10.201.5.82 () {56 vars in 1149 bytes} [Thu Feb 26 19:55:26 2026] GET /identity/v3/roles?name=admin => generated 339 bytes in 62 msecs (HTTP/1.1 200) 5 headers in 177 bytes (1 switches on core 0)
Feb 26 19:55:26 ubuntu devstack@keystone.service[82036]: DEBUG keystone.server.flask.request_processing.middleware.auth_context [None req-7aa01f12-12be-46ea-a779-c54f442b13af None admin] Authenticating user token {{(pid=82036) process_request /opt/stack/data/venv/lib/python3.10/site-packages/keystonemiddleware/auth_token/__init__.py:407}}
Feb 26 19:55:26 ubuntu devstack@keystone.service[82035]: DEBUG keystone.server.flask.request_processing.middleware.auth_context [None req-17f68cd3-3c74-4c9a-8aaa-6d3543b217db None admin] Authenticating user token {{(pid=82035) process_request /opt/stack/data/venv/lib/python3.10/site-packages/keystonemiddleware/auth_token/__init__.py:407}}
Feb 26 19:55:26 ubuntu devstack@keystone.service[82036]: DEBUG keystone.server.flask.request_processing.middleware.auth_context [None req-7aa01f12-12be-46ea-a779-c54f442b13af None admin] Validating token access rules against request {{(pid=82036) validate_allowed_request /opt/stack/data/venv/lib/python3.10/site-packages/keystonemiddleware/auth_token/__init__.py:545}}
Feb 26 19:55:26 ubuntu devstack@keystone.service[82035]: DEBUG keystone.server.flask.request_processing.middleware.auth_context [None req-17f68cd3-3c74-4c9a-8aaa-6d3543b217db None admin] Validating token access rules against request {{(pid=82035) validate_allowed_request /opt/stack/data/venv/lib/python3.10/site-packages/keystonemiddleware/auth_token/__init__.py:545}}
Feb 26 19:55:26 ubuntu devstack@keystone.service[82036]: DEBUG keystone.server.flask.request_processing.middleware.auth_context [None req-852f906e-467f-42c7-846f-5fc0a8e510de None admin] RBAC: auth_context: {'token': <TokenModel (audit_id=b-9TOHtaQReDX6dXUWKZqg, audit_chain_id=['b-9TOHtaQReDX6dXUWKZqg']) at 0x7f2b79d7dde0>, 'domain_id': None, 'trust_id': None, 'trustor_id': None, 'trustee_id': None, 'domain_name': None, 'group_ids': [], 'user_id': 'c98b8458cd0548d5a8195320da65ebcf', 'user_domain_id': 'default', 'system_scope': 'all', 'project_id': None, 'project_domain_id': None, 'roles': ['admin', 'manager', 'member', 'reader'], 'is_admin_project': True, 'service_user_id': None, 'service_user_domain_id': None, 'service_project_id': None, 'service_project_domain_id': None, 'service_roles': []} {{(pid=82036) fill_context /opt/stack/keystone/keystone/server/flask/request_processing/middleware/auth_context.py:509}}
Feb 26 19:55:26 ubuntu devstack@keystone.service[82036]: DEBUG keystone.server.flask.request_processing.req_logging [None req-852f906e-467f-42c7-846f-5fc0a8e510de None admin] REQUEST_METHOD: `POST` {{(pid=82036) log_request_info /opt/stack/keystone/keystone/server/flask/request_processing/req_logging.py:26}}
Feb 26 19:55:26 ubuntu devstack@keystone.service[82036]: DEBUG keystone.server.flask.request_processing.req_logging [None req-852f906e-467f-42c7-846f-5fc0a8e510de None admin] SCRIPT_NAME: `/identity` {{(pid=82036) log_request_info /opt/stack/keystone/keystone/server/flask/request_processing/req_logging.py:27}}
Feb 26 19:55:26 ubuntu devstack@keystone.service[82036]: DEBUG keystone.server.flask.request_processing.req_logging [None req-852f906e-467f-42c7-846f-5fc0a8e510de None admin] PATH_INFO: `/v3/projects` {{(pid=82036) log_request_info /opt/stack/keystone/keystone/server/flask/request_processing/req_logging.py:28}}
Feb 26 19:55:26 ubuntu devstack@keystone.service[82035]: DEBUG keystone.server.flask.request_processing.middleware.auth_context [None req-544dbac9-430d-419e-9bc2-0aaff4e31017 None admin] RBAC: auth_context: {'token': <TokenModel (audit_id=7Bcad6YRQra8Ol02JUrPeA, audit_chain_id=['7Bcad6YRQra8Ol02JUrPeA']) at 0x7f2b7a1514e0>, 'domain_id': None, 'trust_id': None, 'trustor_id': None, 'trustee_id': None, 'domain_name': None, 'group_ids': [], 'user_id': 'c98b8458cd0548d5a8195320da65ebcf', 'user_domain_id': 'default', 'system_scope': 'all', 'project_id': None, 'project_domain_id': None, 'roles': ['admin', 'manager', 'member', 'reader'], 'is_admin_project': True, 'service_user_id': None, 'service_user_domain_id': None, 'service_project_id': None, 'service_project_domain_id': None, 'service_roles': []} {{(pid=82035) fill_context /opt/stack/keystone/keystone/server/flask/request_processing/middleware/auth_context.py:509}}
Feb 26 19:55:26 ubuntu devstack@keystone.service[82036]: DEBUG keystone.common.rbac_enforcer.enforcer [None req-852f906e-467f-42c7-846f-5fc0a8e510de None admin] RBAC: Authorizing `identity:create_project()` {{(pid=82036) enforce_call /opt/stack/keystone/keystone/common/rbac_enforcer/enforcer.py:494}}
Feb 26 19:55:26 ubuntu devstack@keystone.service[82035]: DEBUG keystone.server.flask.request_processing.req_logging [None req-544dbac9-430d-419e-9bc2-0aaff4e31017 None admin] REQUEST_METHOD: `GET` {{(pid=82035) log_request_info /opt/stack/keystone/keystone/server/flask/request_processing/req_logging.py:26}}
Feb 26 19:55:26 ubuntu devstack@keystone.service[82035]: DEBUG keystone.server.flask.request_processing.req_logging [None req-544dbac9-430d-419e-9bc2-0aaff4e31017 None admin] SCRIPT_NAME: `/identity` {{(pid=82035) log_request_info /opt/stack/keystone/keystone/server/flask/request_processing/req_logging.py:27}}
Feb 26 19:55:26 ubuntu devstack@keystone.service[82035]: DEBUG keystone.server.flask.request_processing.req_logging [None req-544dbac9-430d-419e-9bc2-0aaff4e31017 None admin] PATH_INFO: `/v3/users/c98b8458cd0548d5a8195320da65ebcf` {{(pid=82035) log_request_info /opt/stack/keystone/keystone/server/flask/request_processing/req_logging.py:28}}
Feb 26 19:55:26 ubuntu devstack@keystone.service[82036]: DEBUG keystone.common.rbac_enforcer.enforcer [None req-852f906e-467f-42c7-846f-5fc0a8e510de None admin] RBAC: Authorization granted {{(pid=82036) enforce_call /opt/stack/keystone/keystone/common/rbac_enforcer/enforcer.py:505}}
Feb 26 19:55:26 ubuntu devstack@keystone.service[82035]: DEBUG keystone.common.rbac_enforcer.enforcer [None req-544dbac9-430d-419e-9bc2-0aaff4e31017 None admin] RBAC: Authorizing `identity:get_user(user_id=c98b8458cd0548d5a8195320da65ebcf)` {{(pid=82035) enforce_call /opt/stack/keystone/keystone/common/rbac_enforcer/enforcer.py:494}}
Feb 26 19:55:26 ubuntu devstack@keystone.service[82035]: DEBUG keystone.common.rbac_enforcer.enforcer [None req-544dbac9-430d-419e-9bc2-0aaff4e31017 None admin] RBAC: Authorization granted {{(pid=82035) enforce_call /opt/stack/keystone/keystone/common/rbac_enforcer/enforcer.py:505}}
Feb 26 19:55:26 ubuntu devstack@keystone.service[82035]: [pid: 82035|app: 0|req: 20/35] 10.201.5.82 () {56 vars in 1214 bytes} [Thu Feb 26 19:55:26 2026] GET /identity/v3/users/c98b8458cd0548d5a8195320da65ebcf => generated 247 bytes in 55 msecs (HTTP/1.1 200) 5 headers in 177 bytes (1 switches on core 0)
Feb 26 19:55:26 ubuntu devstack@keystone.service[82035]: DEBUG keystone.server.flask.request_processing.middleware.auth_context [None req-544dbac9-430d-419e-9bc2-0aaff4e31017 None admin] Authenticating user token {{(pid=82035) process_request /opt/stack/data/venv/lib/python3.10/site-packages/keystonemiddleware/auth_token/__init__.py:407}}
Feb 26 19:55:26 ubuntu devstack@keystone.service[82036]: [pid: 82036|app: 0|req: 16/36] 10.201.5.82 () {60 vars in 1177 bytes} [Thu Feb 26 19:55:26 2026] POST /identity/v3/projects => generated 301 bytes in 74 msecs (HTTP/1.1 201) 5 headers in 182 bytes (1 switches on core 0)
Feb 26 19:55:26 ubuntu devstack@keystone.service[82036]: DEBUG keystone.server.flask.request_processing.middleware.auth_context [None req-852f906e-467f-42c7-846f-5fc0a8e510de None admin] Authenticating user token {{(pid=82036) process_request /opt/stack/data/venv/lib/python3.10/site-packages/keystonemiddleware/auth_token/__init__.py:407}}
Feb 26 19:55:26 ubuntu devstack@keystone.service[82035]: DEBUG keystone.server.flask.request_processing.middleware.auth_context [None req-544dbac9-430d-419e-9bc2-0aaff4e31017 None admin] Validating token access rules against request {{(pid=82035) validate_allowed_request /opt/stack/data/venv/lib/python3.10/site-packages/keystonemiddleware/auth_token/__init__.py:545}}
Feb 26 19:55:26 ubuntu devstack@keystone.service[82035]: DEBUG keystone.server.flask.request_processing.middleware.auth_context [None req-314f81bb-ac78-40f9-83de-d07cd93e497e None admin] RBAC: auth_context: {'token': <TokenModel (audit_id=7Bcad6YRQra8Ol02JUrPeA, audit_chain_id=['7Bcad6YRQra8Ol02JUrPeA']) at 0x7f2b79fb7940>, 'domain_id': None, 'trust_id': None, 'trustor_id': None, 'trustee_id': None, 'domain_name': None, 'group_ids': [], 'user_id': 'c98b8458cd0548d5a8195320da65ebcf', 'user_domain_id': 'default', 'system_scope': 'all', 'project_id': None, 'project_domain_id': None, 'roles': ['admin', 'manager', 'member', 'reader'], 'is_admin_project': True, 'service_user_id': None, 'service_user_domain_id': None, 'service_project_id': None, 'service_project_domain_id': None, 'service_roles': []} {{(pid=82035) fill_context /opt/stack/keystone/keystone/server/flask/request_processing/middleware/auth_context.py:509}}
Feb 26 19:55:26 ubuntu devstack@keystone.service[82035]: DEBUG keystone.server.flask.request_processing.req_logging [None req-314f81bb-ac78-40f9-83de-d07cd93e497e None admin] REQUEST_METHOD: `GET` {{(pid=82035) log_request_info /opt/stack/keystone/keystone/server/flask/request_processing/req_logging.py:26}}
Feb 26 19:55:26 ubuntu devstack@keystone.service[82035]: DEBUG keystone.server.flask.request_processing.req_logging [None req-314f81bb-ac78-40f9-83de-d07cd93e497e None admin] SCRIPT_NAME: `/identity` {{(pid=82035) log_request_info /opt/stack/keystone/keystone/server/flask/request_processing/req_logging.py:27}}
Feb 26 19:55:26 ubuntu devstack@keystone.service[82035]: DEBUG keystone.server.flask.request_processing.req_logging [None req-314f81bb-ac78-40f9-83de-d07cd93e497e None admin] PATH_INFO: `/v3/domains/default` {{(pid=82035) log_request_info /opt/stack/keystone/keystone/server/flask/request_processing/req_logging.py:28}}
Feb 26 19:55:26 ubuntu devstack@keystone.service[82035]: DEBUG keystone.common.rbac_enforcer.enforcer [None req-314f81bb-ac78-40f9-83de-d07cd93e497e None admin] RBAC: Authorizing `identity:get_domain(domain_id=default)` {{(pid=82035) enforce_call /opt/stack/keystone/keystone/common/rbac_enforcer/enforcer.py:494}}
Feb 26 19:55:26 ubuntu devstack@keystone.service[82035]: DEBUG keystone.common.rbac_enforcer.enforcer [None req-314f81bb-ac78-40f9-83de-d07cd93e497e None admin] RBAC: Authorization granted {{(pid=82035) enforce_call /opt/stack/keystone/keystone/common/rbac_enforcer/enforcer.py:505}}
Feb 26 19:55:26 ubuntu devstack@keystone.service[82035]: [pid: 82035|app: 0|req: 21/37] 10.201.5.82 () {56 vars in 1145 bytes} [Thu Feb 26 19:55:26 2026] GET /identity/v3/domains/default => generated 199 bytes in 76 msecs (HTTP/1.1 200) 5 headers in 177 bytes (1 switches on core 0)
Feb 26 19:55:26 ubuntu devstack@keystone.service[82036]: DEBUG keystone.server.flask.request_processing.middleware.auth_context [None req-852f906e-467f-42c7-846f-5fc0a8e510de None admin] Validating token access rules against request {{(pid=82036) validate_allowed_request /opt/stack/data/venv/lib/python3.10/site-packages/keystonemiddleware/auth_token/__init__.py:545}}
Feb 26 19:55:26 ubuntu devstack@keystone.service[82035]: DEBUG keystone.server.flask.request_processing.middleware.auth_context [None req-314f81bb-ac78-40f9-83de-d07cd93e497e None admin] Authenticating user token {{(pid=82035) process_request /opt/stack/data/venv/lib/python3.10/site-packages/keystonemiddleware/auth_token/__init__.py:407}}
Feb 26 19:55:26 ubuntu devstack@keystone.service[82036]: DEBUG keystone.server.flask.request_processing.middleware.auth_context [None req-5df00006-904a-4b6d-859b-19f105a1145f None admin] RBAC: auth_context: {'token': <TokenModel (audit_id=_iCbLuXZTJy_beyVs_xREA, audit_chain_id=['_iCbLuXZTJy_beyVs_xREA']) at 0x7f2b79dea350>, 'domain_id': None, 'trust_id': None, 'trustor_id': None, 'trustee_id': None, 'domain_name': None, 'group_ids': [], 'user_id': 'c98b8458cd0548d5a8195320da65ebcf', 'user_domain_id': 'default', 'system_scope': 'all', 'project_id': None, 'project_domain_id': None, 'roles': ['admin', 'manager', 'member', 'reader'], 'is_admin_project': True, 'service_user_id': None, 'service_user_domain_id': None, 'service_project_id': None, 'service_project_domain_id': None, 'service_roles': []} {{(pid=82036) fill_context /opt/stack/keystone/keystone/server/flask/request_processing/middleware/auth_context.py:509}}
Feb 26 19:55:26 ubuntu devstack@keystone.service[82036]: DEBUG keystone.server.flask.request_processing.req_logging [None req-5df00006-904a-4b6d-859b-19f105a1145f None admin] REQUEST_METHOD: `POST` {{(pid=82036) log_request_info /opt/stack/keystone/keystone/server/flask/request_processing/req_logging.py:26}}
Feb 26 19:55:26 ubuntu devstack@keystone.service[82036]: DEBUG keystone.server.flask.request_processing.req_logging [None req-5df00006-904a-4b6d-859b-19f105a1145f None admin] SCRIPT_NAME: `/identity` {{(pid=82036) log_request_info /opt/stack/keystone/keystone/server/flask/request_processing/req_logging.py:27}}
Feb 26 19:55:26 ubuntu devstack@keystone.service[82036]: DEBUG keystone.server.flask.request_processing.req_logging [None req-5df00006-904a-4b6d-859b-19f105a1145f None admin] PATH_INFO: `/v3/roles` {{(pid=82036) log_request_info /opt/stack/keystone/keystone/server/flask/request_processing/req_logging.py:28}}
Feb 26 19:55:26 ubuntu devstack@keystone.service[82036]: DEBUG keystone.common.rbac_enforcer.enforcer [None req-5df00006-904a-4b6d-859b-19f105a1145f None admin] RBAC: Authorizing `identity:create_role()` {{(pid=82036) enforce_call /opt/stack/keystone/keystone/common/rbac_enforcer/enforcer.py:494}}
Feb 26 19:55:26 ubuntu devstack@keystone.service[82036]: DEBUG keystone.common.rbac_enforcer.enforcer [None req-5df00006-904a-4b6d-859b-19f105a1145f None admin] RBAC: Authorization granted {{(pid=82036) enforce_call /opt/stack/keystone/keystone/common/rbac_enforcer/enforcer.py:505}}
Feb 26 19:55:26 ubuntu devstack@keystone.service[82036]: DEBUG keystone.common.sql.core [None req-5df00006-904a-4b6d-859b-19f105a1145f None admin] Conflict role: (pymysql.err.IntegrityError) (1062, "Duplicate entry 'service-<<null>>' for key 'role.ixu_role_name_domain_id'")
Feb 26 19:55:26 ubuntu devstack@keystone.service[82036]: [SQL: INSERT INTO `role` (id, name, description, extra) VALUES (%(id)s, %(name)s, %(description)s, %(extra)s)]
Feb 26 19:55:26 ubuntu devstack@keystone.service[82036]: [parameters: {'id': '1b98d1f642b540b3a042a115e75b866b', 'name': 'service', 'description': None, 'extra': '{}'}]
Feb 26 19:55:26 ubuntu devstack@keystone.service[82036]: (Background on this error at: https://sqlalche.me/e/20/gkpj) {{(pid=82036) wrapper /opt/stack/keystone/keystone/common/sql/core.py:580}}
Feb 26 19:55:26 ubuntu devstack@keystone.service[82036]: ERROR keystone.server.flask.application [None req-5df00006-904a-4b6d-859b-19f105a1145f None admin] Conflict occurred attempting to store role - Duplicate entry found with name service.: keystone.exception.Conflict: Conflict occurred attempting to store role - Duplicate entry found with name service.
Feb 26 19:55:26 ubuntu devstack@keystone.service[82036]: ERROR keystone.server.flask.application Traceback (most recent call last):
Feb 26 19:55:26 ubuntu devstack@keystone.service[82036]: ERROR keystone.server.flask.application   File "/opt/stack/data/venv/lib/python3.10/site-packages/sqlalchemy/engine/base.py", line 1967, in _exec_single_context
Feb 26 19:55:26 ubuntu devstack@keystone.service[82036]: ERROR keystone.server.flask.application     self.dialect.do_execute(
Feb 26 19:55:26 ubuntu devstack@keystone.service[82036]: ERROR keystone.server.flask.application   File "/opt/stack/data/venv/lib/python3.10/site-packages/sqlalchemy/engine/default.py", line 952, in do_execute
Feb 26 19:55:26 ubuntu devstack@keystone.service[82036]: ERROR keystone.server.flask.application     cursor.execute(statement, parameters)
Feb 26 19:55:26 ubuntu devstack@keystone.service[82036]: ERROR keystone.server.flask.application   File "/opt/stack/data/venv/lib/python3.10/site-packages/pymysql/cursors.py", line 153, in execute
Feb 26 19:55:26 ubuntu devstack@keystone.service[82036]: ERROR keystone.server.flask.application     result = self._query(query)
Feb 26 19:55:26 ubuntu devstack@keystone.service[82036]: ERROR keystone.server.flask.application   File "/opt/stack/data/venv/lib/python3.10/site-packages/pymysql/cursors.py", line 322, in _query
Feb 26 19:55:26 ubuntu devstack@keystone.service[82036]: ERROR keystone.server.flask.application     conn.query(q)
Feb 26 19:55:26 ubuntu devstack@keystone.service[82036]: ERROR keystone.server.flask.application   File "/opt/stack/data/venv/lib/python3.10/site-packages/pymysql/connections.py", line 575, in query
Feb 26 19:55:26 ubuntu devstack@keystone.service[82036]: ERROR keystone.server.flask.application     self._affected_rows = self._read_query_result(unbuffered=unbuffered)
Feb 26 19:55:26 ubuntu devstack@keystone.service[82036]: ERROR keystone.server.flask.application   File "/opt/stack/data/venv/lib/python3.10/site-packages/pymysql/connections.py", line 826, in _read_query_result
Feb 26 19:55:26 ubuntu devstack@keystone.service[82036]: ERROR keystone.server.flask.application     result.read()
Feb 26 19:55:26 ubuntu devstack@keystone.service[82036]: ERROR keystone.server.flask.application   File "/opt/stack/data/venv/lib/python3.10/site-packages/pymysql/connections.py", line 1203, in read
Feb 26 19:55:26 ubuntu devstack@keystone.service[82036]: ERROR keystone.server.flask.application     first_packet = self.connection._read_packet()
Feb 26 19:55:26 ubuntu devstack@keystone.service[82036]: ERROR keystone.server.flask.application   File "/opt/stack/data/venv/lib/python3.10/site-packages/pymysql/connections.py", line 782, in _read_packet
Feb 26 19:55:26 ubuntu devstack@keystone.service[82036]: ERROR keystone.server.flask.application     packet.raise_for_error()
Feb 26 19:55:26 ubuntu devstack@keystone.service[82036]: ERROR keystone.server.flask.application   File "/opt/stack/data/venv/lib/python3.10/site-packages/pymysql/protocol.py", line 219, in raise_for_error
Feb 26 19:55:26 ubuntu devstack@keystone.service[82036]: ERROR keystone.server.flask.application     err.raise_mysql_exception(self._data)
Feb 26 19:55:26 ubuntu devstack@keystone.service[82036]: ERROR keystone.server.flask.application   File "/opt/stack/data/venv/lib/python3.10/site-packages/pymysql/err.py", line 150, in raise_mysql_exception
Feb 26 19:55:26 ubuntu devstack@keystone.service[82036]: ERROR keystone.server.flask.application     raise errorclass(errno, errval)
Feb 26 19:55:26 ubuntu devstack@keystone.service[82036]: ERROR keystone.server.flask.application pymysql.err.IntegrityError: (1062, "Duplicate entry 'service-<<null>>' for key 'role.ixu_role_name_domain_id'")
Feb 26 19:55:26 ubuntu devstack@keystone.service[82036]: ERROR keystone.server.flask.application 
Feb 26 19:55:26 ubuntu devstack@keystone.service[82036]: ERROR keystone.server.flask.application The above exception was the direct cause of the following exception:
Feb 26 19:55:26 ubuntu devstack@keystone.service[82036]: ERROR keystone.server.flask.application 
Feb 26 19:55:26 ubuntu devstack@keystone.service[82036]: ERROR keystone.server.flask.application Traceback (most recent call last):
Feb 26 19:55:26 ubuntu devstack@keystone.service[82036]: ERROR keystone.server.flask.application   File "/opt/stack/keystone/keystone/common/sql/core.py", line 575, in wrapper
Feb 26 19:55:26 ubuntu devstack@keystone.service[82036]: ERROR keystone.server.flask.application     return method(*args, **kwargs)
Feb 26 19:55:26 ubuntu devstack@keystone.service[82036]: ERROR keystone.server.flask.application   File "/opt/stack/keystone/keystone/assignment/role_backends/sql.py", line 25, in create_role
Feb 26 19:55:26 ubuntu devstack@keystone.service[82036]: ERROR keystone.server.flask.application     with sql.session_for_write() as session:
Feb 26 19:55:26 ubuntu devstack@keystone.service[82036]: ERROR keystone.server.flask.application   File "/usr/lib/python3.10/contextlib.py", line 142, in __exit__
Feb 26 19:55:26 ubuntu devstack@keystone.service[82036]: ERROR keystone.server.flask.application     next(self.gen)
Feb 26 19:55:26 ubuntu devstack@keystone.service[82036]: ERROR keystone.server.flask.application   File "/opt/stack/data/venv/lib/python3.10/site-packages/oslo_db/sqlalchemy/enginefacade.py", line 1175, in _transaction_scope
Feb 26 19:55:26 ubuntu devstack@keystone.service[82036]: ERROR keystone.server.flask.application     with current._produce_block(
Feb 26 19:55:26 ubuntu devstack@keystone.service[82036]: ERROR keystone.server.flask.application   File "/usr/lib/python3.10/contextlib.py", line 142, in __exit__
Feb 26 19:55:26 ubuntu devstack@keystone.service[82036]: ERROR keystone.server.flask.application     next(self.gen)
Feb 26 19:55:26 ubuntu devstack@keystone.service[82036]: ERROR keystone.server.flask.application   File "/opt/stack/data/venv/lib/python3.10/site-packages/oslo_db/sqlalchemy/enginefacade.py", line 837, in _session
Feb 26 19:55:26 ubuntu devstack@keystone.service[82036]: ERROR keystone.server.flask.application     with excutils.save_and_reraise_exception():
Feb 26 19:55:26 ubuntu devstack@keystone.service[82036]: ERROR keystone.server.flask.application   File "/opt/stack/data/venv/lib/python3.10/site-packages/oslo_utils/excutils.py", line 267, in __exit__
Feb 26 19:55:26 ubuntu devstack@keystone.service[82036]: ERROR keystone.server.flask.application     self.force_reraise()
Feb 26 19:55:26 ubuntu devstack@keystone.service[82036]: ERROR keystone.server.flask.application   File "/opt/stack/data/venv/lib/python3.10/site-packages/oslo_utils/excutils.py", line 233, in force_reraise
Feb 26 19:55:26 ubuntu devstack@keystone.service[82036]: ERROR keystone.server.flask.application     raise self.value
Feb 26 19:55:26 ubuntu devstack@keystone.service[82036]: ERROR keystone.server.flask.application   File "/opt/stack/data/venv/lib/python3.10/site-packages/oslo_db/sqlalchemy/enginefacade.py", line 835, in _session
Feb 26 19:55:26 ubuntu devstack@keystone.service[82036]: ERROR keystone.server.flask.application     self._end_session_transaction(self.session)
Feb 26 19:55:26 ubuntu devstack@keystone.service[82036]: ERROR keystone.server.flask.application   File "/opt/stack/data/venv/lib/python3.10/site-packages/oslo_db/sqlalchemy/enginefacade.py", line 748, in _end_session_transaction
Feb 26 19:55:26 ubuntu devstack@keystone.service[82036]: ERROR keystone.server.flask.application     session.commit()
Feb 26 19:55:26 ubuntu devstack@keystone.service[82036]: ERROR keystone.server.flask.application   File "/opt/stack/data/venv/lib/python3.10/site-packages/sqlalchemy/orm/session.py", line 2030, in commit
Feb 26 19:55:26 ubuntu devstack@keystone.service[82036]: ERROR keystone.server.flask.application     trans.commit(_to_root=True)
