Sep 12 16:57:20 ubuntu devstack@keystone.service[81235]: DEBUG keystone.server.flask.request_processing.req_logging [None req-2bbe75c4-8da9-4328-b130-6bba2bad23be None None] PATH_INFO: `/` {{(pid=81235) log_request_info /opt/stack/keystone/keystone/server/flask/request_processing/req_logging.py:28}}
Sep 12 16:57:20 ubuntu devstack@keystone.service[81235]: [pid: 81235|app: 0|req: 13/23] 10.201.5.82 () {54 vars in 919 bytes} [Fri Sep 12 16:57:20 2025] GET /identity => generated 270 bytes in 3 msecs (HTTP/1.1 300) 6 headers in 234 bytes (1 switches on core 0)
Sep 12 16:57:20 ubuntu devstack@keystone.service[81235]: DEBUG keystone.server.flask.request_processing.req_logging [None req-07de0243-5eba-4ef3-8d88-5a393055e0bb None None] REQUEST_METHOD: `POST` {{(pid=81235) log_request_info /opt/stack/keystone/keystone/server/flask/request_processing/req_logging.py:26}}
Sep 12 16:57:20 ubuntu devstack@keystone.service[81235]: DEBUG keystone.server.flask.request_processing.req_logging [None req-07de0243-5eba-4ef3-8d88-5a393055e0bb None None] SCRIPT_NAME: `/identity` {{(pid=81235) log_request_info /opt/stack/keystone/keystone/server/flask/request_processing/req_logging.py:27}}
Sep 12 16:57:20 ubuntu devstack@keystone.service[81235]: DEBUG keystone.server.flask.request_processing.req_logging [None req-07de0243-5eba-4ef3-8d88-5a393055e0bb None None] PATH_INFO: `/v3/auth/tokens` {{(pid=81235) log_request_info /opt/stack/keystone/keystone/server/flask/request_processing/req_logging.py:28}}
Sep 12 16:57:20 ubuntu devstack@keystone.service[81234]: [pid: 81234|app: 0|req: 11/24] 10.201.5.82 () {58 vars in 1016 bytes} [Fri Sep 12 16:57:19 2025] POST /identity/v3/auth/tokens => generated 862 bytes in 208 msecs (HTTP/1.1 201) 6 headers in 363 bytes (1 switches on core 0)
Sep 12 16:57:20 ubuntu devstack@keystone.service[81235]: WARNING keystone.common.password_hashing [None req-07de0243-5eba-4ef3-8d88-5a393055e0bb None None] Truncating password to algorithm specific maximum length 72 characters.
Sep 12 16:57:20 ubuntu devstack@keystone.service[81235]: DEBUG keystone.auth.core [None req-07de0243-5eba-4ef3-8d88-5a393055e0bb None None] MFA Rules not processed for user `47ed8981a35a4ff8949b6fc0a90809c6`. Rule list: `[]` (Enabled: `True`). {{(pid=81235) check_auth_methods_against_rules /opt/stack/keystone/keystone/auth/core.py:476}}
Sep 12 16:57:20 ubuntu devstack@keystone.service[81235]: DEBUG keystone.common.fernet_utils [None req-07de0243-5eba-4ef3-8d88-5a393055e0bb None None] Loaded 2 Fernet keys from /etc/keystone/fernet-keys/, but `[fernet_tokens] max_active_keys = 3`; perhaps there have not been enough key rotations to reach `max_active_keys` yet? {{(pid=81235) load_keys /opt/stack/keystone/keystone/common/fernet_utils.py:297}}
Sep 12 16:57:20 ubuntu devstack@keystone.service[81235]: [pid: 81235|app: 0|req: 14/25] 10.201.5.82 () {58 vars in 1016 bytes} [Fri Sep 12 16:57:20 2025] POST /identity/v3/auth/tokens => generated 862 bytes in 72 msecs (HTTP/1.1 201) 6 headers in 363 bytes (1 switches on core 0)
Sep 12 16:57:20 ubuntu devstack@keystone.service[81234]: DEBUG keystone.server.flask.request_processing.middleware.auth_context [None req-5fdc112c-0b60-499e-a39b-27b3829fd671 None None] Authenticating user token {{(pid=81234) process_request /opt/stack/data/venv/lib/python3.10/site-packages/keystonemiddleware/auth_token/__init__.py:407}}
Sep 12 16:57:20 ubuntu devstack@keystone.service[81235]: DEBUG keystone.server.flask.request_processing.middleware.auth_context [None req-07de0243-5eba-4ef3-8d88-5a393055e0bb None None] Authenticating user token {{(pid=81235) process_request /opt/stack/data/venv/lib/python3.10/site-packages/keystonemiddleware/auth_token/__init__.py:407}}
Sep 12 16:57:20 ubuntu devstack@keystone.service[81234]: DEBUG keystone.server.flask.request_processing.middleware.auth_context [None req-5fdc112c-0b60-499e-a39b-27b3829fd671 None None] Validating token access rules against request {{(pid=81234) validate_allowed_request /opt/stack/data/venv/lib/python3.10/site-packages/keystonemiddleware/auth_token/__init__.py:545}}
Sep 12 16:57:20 ubuntu devstack@keystone.service[81235]: DEBUG keystone.server.flask.request_processing.middleware.auth_context [None req-07de0243-5eba-4ef3-8d88-5a393055e0bb None None] Validating token access rules against request {{(pid=81235) validate_allowed_request /opt/stack/data/venv/lib/python3.10/site-packages/keystonemiddleware/auth_token/__init__.py:545}}
Sep 12 16:57:20 ubuntu devstack@keystone.service[81234]: DEBUG keystone.server.flask.request_processing.middleware.auth_context [None req-a1b432a1-5102-4b50-a911-26c312affb3f None admin] RBAC: auth_context: {'token': <TokenModel (audit_id=nFOrPrPtSm2vvl_xbXMLLQ, audit_chain_id=['nFOrPrPtSm2vvl_xbXMLLQ']) at 0x7fdcab6c7580>, 'domain_id': None, 'trust_id': None, 'trustor_id': None, 'trustee_id': None, 'domain_name': None, 'group_ids': [], 'user_id': '47ed8981a35a4ff8949b6fc0a90809c6', 'user_domain_id': 'default', 'system_scope': 'all', 'project_id': None, 'project_domain_id': None, 'roles': ['admin', 'manager', 'member', 'reader'], 'is_admin_project': True, 'service_user_id': None, 'service_user_domain_id': None, 'service_project_id': None, 'service_project_domain_id': None, 'service_roles': []} {{(pid=81234) fill_context /opt/stack/keystone/keystone/server/flask/request_processing/middleware/auth_context.py:509}}
Sep 12 16:57:20 ubuntu devstack@keystone.service[81234]: DEBUG keystone.server.flask.request_processing.req_logging [None req-a1b432a1-5102-4b50-a911-26c312affb3f None admin] REQUEST_METHOD: `GET` {{(pid=81234) log_request_info /opt/stack/keystone/keystone/server/flask/request_processing/req_logging.py:26}}
Sep 12 16:57:20 ubuntu devstack@keystone.service[81234]: DEBUG keystone.server.flask.request_processing.req_logging [None req-a1b432a1-5102-4b50-a911-26c312affb3f None admin] SCRIPT_NAME: `/identity` {{(pid=81234) log_request_info /opt/stack/keystone/keystone/server/flask/request_processing/req_logging.py:27}}
Sep 12 16:57:20 ubuntu devstack@keystone.service[81234]: DEBUG keystone.server.flask.request_processing.req_logging [None req-a1b432a1-5102-4b50-a911-26c312affb3f None admin] PATH_INFO: `/v3/domains/Default` {{(pid=81234) log_request_info /opt/stack/keystone/keystone/server/flask/request_processing/req_logging.py:28}}
Sep 12 16:57:20 ubuntu devstack@keystone.service[81234]: DEBUG keystone.common.rbac_enforcer.enforcer [None req-a1b432a1-5102-4b50-a911-26c312affb3f None admin] RBAC: Authorizing `identity:get_domain(domain_id=Default)` {{(pid=81234) enforce_call /opt/stack/keystone/keystone/common/rbac_enforcer/enforcer.py:494}}
Sep 12 16:57:20 ubuntu devstack@keystone.service[81234]: DEBUG keystone.common.rbac_enforcer.enforcer [None req-a1b432a1-5102-4b50-a911-26c312affb3f None admin] RBAC: Authorization granted {{(pid=81234) enforce_call /opt/stack/keystone/keystone/common/rbac_enforcer/enforcer.py:505}}
Sep 12 16:57:20 ubuntu devstack@keystone.service[81235]: DEBUG keystone.server.flask.request_processing.middleware.auth_context [None req-51f536be-5843-4700-883b-151f0eea9f25 None admin] RBAC: auth_context: {'token': <TokenModel (audit_id=yg090SwwRAWB_K2BH6Px9Q, audit_chain_id=['yg090SwwRAWB_K2BH6Px9Q']) at 0x7fdcab433e50>, 'domain_id': None, 'trust_id': None, 'trustor_id': None, 'trustee_id': None, 'domain_name': None, 'group_ids': [], 'user_id': '47ed8981a35a4ff8949b6fc0a90809c6', 'user_domain_id': 'default', 'system_scope': 'all', 'project_id': None, 'project_domain_id': None, 'roles': ['admin', 'manager', 'member', 'reader'], 'is_admin_project': True, 'service_user_id': None, 'service_user_domain_id': None, 'service_project_id': None, 'service_project_domain_id': None, 'service_roles': []} {{(pid=81235) fill_context /opt/stack/keystone/keystone/server/flask/request_processing/middleware/auth_context.py:509}}
Sep 12 16:57:20 ubuntu devstack@keystone.service[81235]: DEBUG keystone.server.flask.request_processing.req_logging [None req-51f536be-5843-4700-883b-151f0eea9f25 None admin] REQUEST_METHOD: `GET` {{(pid=81235) log_request_info /opt/stack/keystone/keystone/server/flask/request_processing/req_logging.py:26}}
Sep 12 16:57:20 ubuntu devstack@keystone.service[81235]: DEBUG keystone.server.flask.request_processing.req_logging [None req-51f536be-5843-4700-883b-151f0eea9f25 None admin] SCRIPT_NAME: `/identity` {{(pid=81235) log_request_info /opt/stack/keystone/keystone/server/flask/request_processing/req_logging.py:27}}
Sep 12 16:57:20 ubuntu devstack@keystone.service[81235]: DEBUG keystone.server.flask.request_processing.req_logging [None req-51f536be-5843-4700-883b-151f0eea9f25 None admin] PATH_INFO: `/v3/roles/admin` {{(pid=81235) log_request_info /opt/stack/keystone/keystone/server/flask/request_processing/req_logging.py:28}}
Sep 12 16:57:20 ubuntu devstack@keystone.service[81235]: DEBUG keystone.common.rbac_enforcer.enforcer [None req-51f536be-5843-4700-883b-151f0eea9f25 None admin] Extracting inferred target data resulted in "NOT FOUND (404)". {{(pid=81235) enforce_call /opt/stack/keystone/keystone/common/rbac_enforcer/enforcer.py:445}}
Sep 12 16:57:20 ubuntu devstack@keystone.service[81235]: DEBUG keystone.server.flask.application [None req-51f536be-5843-4700-883b-151f0eea9f25 None admin] Could not find role: admin. {{(pid=81235) _handle_keystone_exception /opt/stack/keystone/keystone/server/flask/application.py:146}}
Sep 12 16:57:20 ubuntu devstack@keystone.service[81235]: [pid: 81235|app: 0|req: 15/26] 10.201.5.82 () {56 vars in 1132 bytes} [Fri Sep 12 16:57:20 2025] GET /identity/v3/roles/admin => generated 83 bytes in 100 msecs (HTTP/1.1 404) 5 headers in 183 bytes (1 switches on core 0)
Sep 12 16:57:20 ubuntu devstack@keystone.service[81235]: DEBUG keystone.server.flask.request_processing.req_logging [None req-7eccb902-8d38-4a07-b3a1-8ebee4a79175 None None] REQUEST_METHOD: `GET` {{(pid=81235) log_request_info /opt/stack/keystone/keystone/server/flask/request_processing/req_logging.py:26}}
Sep 12 16:57:20 ubuntu devstack@keystone.service[81235]: DEBUG keystone.server.flask.request_processing.req_logging [None req-7eccb902-8d38-4a07-b3a1-8ebee4a79175 None None] SCRIPT_NAME: `/identity` {{(pid=81235) log_request_info /opt/stack/keystone/keystone/server/flask/request_processing/req_logging.py:27}}
Sep 12 16:57:20 ubuntu devstack@keystone.service[81235]: DEBUG keystone.server.flask.request_processing.req_logging [None req-7eccb902-8d38-4a07-b3a1-8ebee4a79175 None None] PATH_INFO: `/` {{(pid=81235) log_request_info /opt/stack/keystone/keystone/server/flask/request_processing/req_logging.py:28}}
Sep 12 16:57:20 ubuntu devstack@keystone.service[81235]: [pid: 81235|app: 0|req: 16/27] 10.201.5.82 () {54 vars in 919 bytes} [Fri Sep 12 16:57:20 2025] GET /identity => generated 270 bytes in 1 msecs (HTTP/1.1 300) 6 headers in 234 bytes (1 switches on core 0)
Sep 12 16:57:20 ubuntu devstack@keystone.service[81234]: DEBUG keystone.server.flask.application [None req-a1b432a1-5102-4b50-a911-26c312affb3f None admin] Could not find domain: Default. {{(pid=81234) _handle_keystone_exception /opt/stack/keystone/keystone/server/flask/application.py:146}}
Sep 12 16:57:20 ubuntu devstack@keystone.service[81234]: [pid: 81234|app: 0|req: 12/28] 10.201.5.82 () {56 vars in 1100 bytes} [Fri Sep 12 16:57:20 2025] GET /identity/v3/domains/Default => generated 87 bytes in 122 msecs (HTTP/1.1 404) 5 headers in 183 bytes (1 switches on core 0)
Sep 12 16:57:20 ubuntu devstack@keystone.service[81235]: DEBUG keystone.server.flask.request_processing.middleware.auth_context [None req-7eccb902-8d38-4a07-b3a1-8ebee4a79175 None None] Authenticating user token {{(pid=81235) process_request /opt/stack/data/venv/lib/python3.10/site-packages/keystonemiddleware/auth_token/__init__.py:407}}
Sep 12 16:57:20 ubuntu devstack@keystone.service[81234]: DEBUG keystone.server.flask.request_processing.req_logging [None req-e9210c2c-95e6-4388-a8ac-39c1383f5b04 None None] REQUEST_METHOD: `POST` {{(pid=81234) log_request_info /opt/stack/keystone/keystone/server/flask/request_processing/req_logging.py:26}}
Sep 12 16:57:20 ubuntu devstack@keystone.service[81234]: DEBUG keystone.server.flask.request_processing.req_logging [None req-e9210c2c-95e6-4388-a8ac-39c1383f5b04 None None] SCRIPT_NAME: `/identity` {{(pid=81234) log_request_info /opt/stack/keystone/keystone/server/flask/request_processing/req_logging.py:27}}
Sep 12 16:57:20 ubuntu devstack@keystone.service[81234]: DEBUG keystone.server.flask.request_processing.req_logging [None req-e9210c2c-95e6-4388-a8ac-39c1383f5b04 None None] PATH_INFO: `/v3/auth/tokens` {{(pid=81234) log_request_info /opt/stack/keystone/keystone/server/flask/request_processing/req_logging.py:28}}
Sep 12 16:57:20 ubuntu devstack@keystone.service[81234]: WARNING keystone.common.password_hashing [None req-e9210c2c-95e6-4388-a8ac-39c1383f5b04 None None] Truncating password to algorithm specific maximum length 72 characters.
Sep 12 16:57:20 ubuntu devstack@keystone.service[81234]: DEBUG keystone.auth.core [None req-e9210c2c-95e6-4388-a8ac-39c1383f5b04 None None] MFA Rules not processed for user `47ed8981a35a4ff8949b6fc0a90809c6`. Rule list: `[]` (Enabled: `True`). {{(pid=81234) check_auth_methods_against_rules /opt/stack/keystone/keystone/auth/core.py:476}}
Sep 12 16:57:20 ubuntu devstack@keystone.service[81234]: DEBUG keystone.common.fernet_utils [None req-e9210c2c-95e6-4388-a8ac-39c1383f5b04 None None] Loaded 2 Fernet keys from /etc/keystone/fernet-keys/, but `[fernet_tokens] max_active_keys = 3`; perhaps there have not been enough key rotations to reach `max_active_keys` yet? {{(pid=81234) load_keys /opt/stack/keystone/keystone/common/fernet_utils.py:297}}
Sep 12 16:57:20 ubuntu devstack@keystone.service[81235]: DEBUG keystone.server.flask.request_processing.middleware.auth_context [None req-7eccb902-8d38-4a07-b3a1-8ebee4a79175 None None] Validating token access rules against request {{(pid=81235) validate_allowed_request /opt/stack/data/venv/lib/python3.10/site-packages/keystonemiddleware/auth_token/__init__.py:545}}
Sep 12 16:57:20 ubuntu devstack@keystone.service[81234]: [pid: 81234|app: 0|req: 13/29] 10.201.5.82 () {58 vars in 1016 bytes} [Fri Sep 12 16:57:20 2025] POST /identity/v3/auth/tokens => generated 862 bytes in 89 msecs (HTTP/1.1 201) 6 headers in 363 bytes (1 switches on core 0)
Sep 12 16:57:20 ubuntu devstack@keystone.service[81234]: DEBUG keystone.server.flask.request_processing.middleware.auth_context [None req-e9210c2c-95e6-4388-a8ac-39c1383f5b04 None None] Authenticating user token {{(pid=81234) process_request /opt/stack/data/venv/lib/python3.10/site-packages/keystonemiddleware/auth_token/__init__.py:407}}
Sep 12 16:57:20 ubuntu devstack@keystone.service[81235]: DEBUG keystone.server.flask.request_processing.middleware.auth_context [None req-e055d8bc-bf38-4da0-899c-d867358db679 None admin] RBAC: auth_context: {'token': <TokenModel (audit_id=yg090SwwRAWB_K2BH6Px9Q, audit_chain_id=['yg090SwwRAWB_K2BH6Px9Q']) at 0x7fdcab4322f0>, 'domain_id': None, 'trust_id': None, 'trustor_id': None, 'trustee_id': None, 'domain_name': None, 'group_ids': [], 'user_id': '47ed8981a35a4ff8949b6fc0a90809c6', 'user_domain_id': 'default', 'system_scope': 'all', 'project_id': None, 'project_domain_id': None, 'roles': ['admin', 'manager', 'member', 'reader'], 'is_admin_project': True, 'service_user_id': None, 'service_user_domain_id': None, 'service_project_id': None, 'service_project_domain_id': None, 'service_roles': []} {{(pid=81235) fill_context /opt/stack/keystone/keystone/server/flask/request_processing/middleware/auth_context.py:509}}
Sep 12 16:57:20 ubuntu devstack@keystone.service[81235]: DEBUG keystone.server.flask.request_processing.req_logging [None req-e055d8bc-bf38-4da0-899c-d867358db679 None admin] REQUEST_METHOD: `GET` {{(pid=81235) log_request_info /opt/stack/keystone/keystone/server/flask/request_processing/req_logging.py:26}}
Sep 12 16:57:20 ubuntu devstack@keystone.service[81235]: DEBUG keystone.server.flask.request_processing.req_logging [None req-e055d8bc-bf38-4da0-899c-d867358db679 None admin] SCRIPT_NAME: `/identity` {{(pid=81235) log_request_info /opt/stack/keystone/keystone/server/flask/request_processing/req_logging.py:27}}
Sep 12 16:57:20 ubuntu devstack@keystone.service[81235]: DEBUG keystone.server.flask.request_processing.req_logging [None req-e055d8bc-bf38-4da0-899c-d867358db679 None admin] PATH_INFO: `/v3/roles` {{(pid=81235) log_request_info /opt/stack/keystone/keystone/server/flask/request_processing/req_logging.py:28}}
Sep 12 16:57:20 ubuntu devstack@keystone.service[81235]: DEBUG keystone.common.rbac_enforcer.enforcer [None req-e055d8bc-bf38-4da0-899c-d867358db679 None admin] RBAC: Adding query filter params (name=admin) {{(pid=81235) _extract_filter_values /opt/stack/keystone/keystone/common/rbac_enforcer/enforcer.py:176}}
Sep 12 16:57:20 ubuntu devstack@keystone.service[81235]: DEBUG keystone.common.rbac_enforcer.enforcer [None req-e055d8bc-bf38-4da0-899c-d867358db679 None admin] RBAC: Authorizing `identity:list_roles()` {{(pid=81235) enforce_call /opt/stack/keystone/keystone/common/rbac_enforcer/enforcer.py:494}}
Sep 12 16:57:20 ubuntu devstack@keystone.service[81235]: DEBUG keystone.common.rbac_enforcer.enforcer [None req-e055d8bc-bf38-4da0-899c-d867358db679 None admin] RBAC: Authorization granted {{(pid=81235) enforce_call /opt/stack/keystone/keystone/common/rbac_enforcer/enforcer.py:505}}
Sep 12 16:57:20 ubuntu devstack@keystone.service[81235]: [pid: 81235|app: 0|req: 17/30] 10.201.5.82 () {56 vars in 1148 bytes} [Fri Sep 12 16:57:20 2025] GET /identity/v3/roles?name=admin => generated 339 bytes in 110 msecs (HTTP/1.1 200) 5 headers in 177 bytes (1 switches on core 0)
Sep 12 16:57:20 ubuntu devstack@keystone.service[81235]: DEBUG keystone.server.flask.request_processing.middleware.auth_context [None req-e055d8bc-bf38-4da0-899c-d867358db679 None admin] Authenticating user token {{(pid=81235) process_request /opt/stack/data/venv/lib/python3.10/site-packages/keystonemiddleware/auth_token/__init__.py:407}}
Sep 12 16:57:20 ubuntu devstack@keystone.service[81234]: DEBUG keystone.server.flask.request_processing.middleware.auth_context [None req-e9210c2c-95e6-4388-a8ac-39c1383f5b04 None None] Validating token access rules against request {{(pid=81234) validate_allowed_request /opt/stack/data/venv/lib/python3.10/site-packages/keystonemiddleware/auth_token/__init__.py:545}}
Sep 12 16:57:20 ubuntu devstack@keystone.service[81235]: DEBUG keystone.server.flask.request_processing.middleware.auth_context [None req-e055d8bc-bf38-4da0-899c-d867358db679 None admin] Validating token access rules against request {{(pid=81235) validate_allowed_request /opt/stack/data/venv/lib/python3.10/site-packages/keystonemiddleware/auth_token/__init__.py:545}}
Sep 12 16:57:20 ubuntu devstack@keystone.service[81234]: DEBUG keystone.server.flask.request_processing.middleware.auth_context [None req-d030ff34-dba2-4250-9451-c501eddd683b None admin] RBAC: auth_context: {'token': <TokenModel (audit_id=nFOrPrPtSm2vvl_xbXMLLQ, audit_chain_id=['nFOrPrPtSm2vvl_xbXMLLQ']) at 0x7fdcab5a0280>, 'domain_id': None, 'trust_id': None, 'trustor_id': None, 'trustee_id': None, 'domain_name': None, 'group_ids': [], 'user_id': '47ed8981a35a4ff8949b6fc0a90809c6', 'user_domain_id': 'default', 'system_scope': 'all', 'project_id': None, 'project_domain_id': None, 'roles': ['admin', 'manager', 'member', 'reader'], 'is_admin_project': True, 'service_user_id': None, 'service_user_domain_id': None, 'service_project_id': None, 'service_project_domain_id': None, 'service_roles': []} {{(pid=81234) fill_context /opt/stack/keystone/keystone/server/flask/request_processing/middleware/auth_context.py:509}}
Sep 12 16:57:20 ubuntu devstack@keystone.service[81234]: DEBUG keystone.server.flask.request_processing.req_logging [None req-d030ff34-dba2-4250-9451-c501eddd683b None admin] REQUEST_METHOD: `GET` {{(pid=81234) log_request_info /opt/stack/keystone/keystone/server/flask/request_processing/req_logging.py:26}}
Sep 12 16:57:20 ubuntu devstack@keystone.service[81234]: DEBUG keystone.server.flask.request_processing.req_logging [None req-d030ff34-dba2-4250-9451-c501eddd683b None admin] SCRIPT_NAME: `/identity` {{(pid=81234) log_request_info /opt/stack/keystone/keystone/server/flask/request_processing/req_logging.py:27}}
Sep 12 16:57:20 ubuntu devstack@keystone.service[81234]: DEBUG keystone.server.flask.request_processing.req_logging [None req-d030ff34-dba2-4250-9451-c501eddd683b None admin] PATH_INFO: `/v3/domains` {{(pid=81234) log_request_info /opt/stack/keystone/keystone/server/flask/request_processing/req_logging.py:28}}
Sep 12 16:57:20 ubuntu devstack@keystone.service[81234]: DEBUG keystone.common.rbac_enforcer.enforcer [None req-d030ff34-dba2-4250-9451-c501eddd683b None admin] RBAC: Adding query filter params (name=Default) {{(pid=81234) _extract_filter_values /opt/stack/keystone/keystone/common/rbac_enforcer/enforcer.py:176}}
Sep 12 16:57:20 ubuntu devstack@keystone.service[81234]: DEBUG keystone.common.rbac_enforcer.enforcer [None req-d030ff34-dba2-4250-9451-c501eddd683b None admin] RBAC: Authorizing `identity:list_domains()` {{(pid=81234) enforce_call /opt/stack/keystone/keystone/common/rbac_enforcer/enforcer.py:494}}
Sep 12 16:57:20 ubuntu devstack@keystone.service[81234]: DEBUG keystone.common.rbac_enforcer.enforcer [None req-d030ff34-dba2-4250-9451-c501eddd683b None admin] RBAC: Authorization granted {{(pid=81234) enforce_call /opt/stack/keystone/keystone/common/rbac_enforcer/enforcer.py:505}}
Sep 12 16:57:20 ubuntu devstack@keystone.service[81234]: [pid: 81234|app: 0|req: 14/31] 10.201.5.82 () {56 vars in 1101 bytes} [Fri Sep 12 16:57:20 2025] GET /identity/v3/domains?name=Default => generated 308 bytes in 106 msecs (HTTP/1.1 200) 5 headers in 177 bytes (1 switches on core 0)
Sep 12 16:57:20 ubuntu devstack@keystone.service[81234]: DEBUG keystone.server.flask.request_processing.req_logging [None req-d16fa515-4a80-4930-b4a9-e5469b68bea3 None None] REQUEST_METHOD: `GET` {{(pid=81234) log_request_info /opt/stack/keystone/keystone/server/flask/request_processing/req_logging.py:26}}
Sep 12 16:57:20 ubuntu devstack@keystone.service[81234]: DEBUG keystone.server.flask.request_processing.req_logging [None req-d16fa515-4a80-4930-b4a9-e5469b68bea3 None None] SCRIPT_NAME: `/identity` {{(pid=81234) log_request_info /opt/stack/keystone/keystone/server/flask/request_processing/req_logging.py:27}}
Sep 12 16:57:20 ubuntu devstack@keystone.service[81234]: DEBUG keystone.server.flask.request_processing.req_logging [None req-d16fa515-4a80-4930-b4a9-e5469b68bea3 None None] PATH_INFO: `/` {{(pid=81234) log_request_info /opt/stack/keystone/keystone/server/flask/request_processing/req_logging.py:28}}
Sep 12 16:57:20 ubuntu devstack@keystone.service[81235]: DEBUG keystone.server.flask.request_processing.middleware.auth_context [None req-06eab72e-9a68-47e1-bc11-2031e718ce35 None admin] RBAC: auth_context: {'token': <TokenModel (audit_id=yg090SwwRAWB_K2BH6Px9Q, audit_chain_id=['yg090SwwRAWB_K2BH6Px9Q']) at 0x7fdcab433dc0>, 'domain_id': None, 'trust_id': None, 'trustor_id': None, 'trustee_id': None, 'domain_name': None, 'group_ids': [], 'user_id': '47ed8981a35a4ff8949b6fc0a90809c6', 'user_domain_id': 'default', 'system_scope': 'all', 'project_id': None, 'project_domain_id': None, 'roles': ['admin', 'manager', 'member', 'reader'], 'is_admin_project': True, 'service_user_id': None, 'service_user_domain_id': None, 'service_project_id': None, 'service_project_domain_id': None, 'service_roles': []} {{(pid=81235) fill_context /opt/stack/keystone/keystone/server/flask/request_processing/middleware/auth_context.py:509}}
Sep 12 16:57:20 ubuntu devstack@keystone.service[81234]: [pid: 81234|app: 0|req: 15/32] 10.201.5.82 () {54 vars in 919 bytes} [Fri Sep 12 16:57:20 2025] GET /identity => generated 270 bytes in 1 msecs (HTTP/1.1 300) 6 headers in 234 bytes (1 switches on core 0)
Sep 12 16:57:20 ubuntu devstack@keystone.service[81235]: DEBUG keystone.server.flask.request_processing.req_logging [None req-06eab72e-9a68-47e1-bc11-2031e718ce35 None admin] REQUEST_METHOD: `GET` {{(pid=81235) log_request_info /opt/stack/keystone/keystone/server/flask/request_processing/req_logging.py:26}}
Sep 12 16:57:20 ubuntu devstack@keystone.service[81235]: DEBUG keystone.server.flask.request_processing.req_logging [None req-06eab72e-9a68-47e1-bc11-2031e718ce35 None admin] SCRIPT_NAME: `/identity` {{(pid=81235) log_request_info /opt/stack/keystone/keystone/server/flask/request_processing/req_logging.py:27}}
Sep 12 16:57:20 ubuntu devstack@keystone.service[81235]: DEBUG keystone.server.flask.request_processing.req_logging [None req-06eab72e-9a68-47e1-bc11-2031e718ce35 None admin] PATH_INFO: `/v3/users/47ed8981a35a4ff8949b6fc0a90809c6` {{(pid=81235) log_request_info /opt/stack/keystone/keystone/server/flask/request_processing/req_logging.py:28}}
Sep 12 16:57:20 ubuntu devstack@keystone.service[81234]: DEBUG keystone.server.flask.request_processing.middleware.auth_context [None req-d16fa515-4a80-4930-b4a9-e5469b68bea3 None None] Authenticating user token {{(pid=81234) process_request /opt/stack/data/venv/lib/python3.10/site-packages/keystonemiddleware/auth_token/__init__.py:407}}
Sep 12 16:57:20 ubuntu devstack@keystone.service[81235]: DEBUG keystone.common.rbac_enforcer.enforcer [None req-06eab72e-9a68-47e1-bc11-2031e718ce35 None admin] RBAC: Authorizing `identity:get_user(user_id=47ed8981a35a4ff8949b6fc0a90809c6)` {{(pid=81235) enforce_call /opt/stack/keystone/keystone/common/rbac_enforcer/enforcer.py:494}}
Sep 12 16:57:20 ubuntu devstack@keystone.service[81235]: DEBUG keystone.common.rbac_enforcer.enforcer [None req-06eab72e-9a68-47e1-bc11-2031e718ce35 None admin] RBAC: Authorization granted {{(pid=81235) enforce_call /opt/stack/keystone/keystone/common/rbac_enforcer/enforcer.py:505}}
Sep 12 16:57:20 ubuntu devstack@keystone.service[81235]: [pid: 81235|app: 0|req: 18/33] 10.201.5.82 () {56 vars in 1213 bytes} [Fri Sep 12 16:57:20 2025] GET /identity/v3/users/47ed8981a35a4ff8949b6fc0a90809c6 => generated 247 bytes in 92 msecs (HTTP/1.1 200) 5 headers in 177 bytes (1 switches on core 0)
Sep 12 16:57:20 ubuntu devstack@keystone.service[81235]: DEBUG keystone.server.flask.request_processing.req_logging [None req-9506870e-272b-49a7-9feb-6a619bd7ed2c None None] REQUEST_METHOD: `POST` {{(pid=81235) log_request_info /opt/stack/keystone/keystone/server/flask/request_processing/req_logging.py:26}}
Sep 12 16:57:20 ubuntu devstack@keystone.service[81235]: DEBUG keystone.server.flask.request_processing.req_logging [None req-9506870e-272b-49a7-9feb-6a619bd7ed2c None None] SCRIPT_NAME: `/identity` {{(pid=81235) log_request_info /opt/stack/keystone/keystone/server/flask/request_processing/req_logging.py:27}}
Sep 12 16:57:20 ubuntu devstack@keystone.service[81235]: DEBUG keystone.server.flask.request_processing.req_logging [None req-9506870e-272b-49a7-9feb-6a619bd7ed2c None None] PATH_INFO: `/v3/auth/tokens` {{(pid=81235) log_request_info /opt/stack/keystone/keystone/server/flask/request_processing/req_logging.py:28}}
Sep 12 16:57:20 ubuntu devstack@keystone.service[81235]: WARNING keystone.common.password_hashing [None req-9506870e-272b-49a7-9feb-6a619bd7ed2c None None] Truncating password to algorithm specific maximum length 72 characters.
Sep 12 16:57:20 ubuntu devstack@keystone.service[81235]: DEBUG keystone.auth.core [None req-9506870e-272b-49a7-9feb-6a619bd7ed2c None None] MFA Rules not processed for user `47ed8981a35a4ff8949b6fc0a90809c6`. Rule list: `[]` (Enabled: `True`). {{(pid=81235) check_auth_methods_against_rules /opt/stack/keystone/keystone/auth/core.py:476}}
Sep 12 16:57:20 ubuntu devstack@keystone.service[81235]: DEBUG keystone.common.fernet_utils [None req-9506870e-272b-49a7-9feb-6a619bd7ed2c None None] Loaded 2 Fernet keys from /etc/keystone/fernet-keys/, but `[fernet_tokens] max_active_keys = 3`; perhaps there have not been enough key rotations to reach `max_active_keys` yet? {{(pid=81235) load_keys /opt/stack/keystone/keystone/common/fernet_utils.py:297}}
Sep 12 16:57:20 ubuntu devstack@keystone.service[81234]: DEBUG keystone.server.flask.request_processing.middleware.auth_context [None req-d16fa515-4a80-4930-b4a9-e5469b68bea3 None None] Validating token access rules against request {{(pid=81234) validate_allowed_request /opt/stack/data/venv/lib/python3.10/site-packages/keystonemiddleware/auth_token/__init__.py:545}}
Sep 12 16:57:20 ubuntu devstack@keystone.service[81235]: [pid: 81235|app: 0|req: 19/34] 10.201.5.82 () {58 vars in 1016 bytes} [Fri Sep 12 16:57:20 2025] POST /identity/v3/auth/tokens => generated 862 bytes in 57 msecs (HTTP/1.1 201) 6 headers in 363 bytes (1 switches on core 0)
Sep 12 16:57:20 ubuntu devstack@keystone.service[81234]: DEBUG keystone.server.flask.request_processing.middleware.auth_context [None req-02d5f4ea-808d-4f20-94c0-0ca4a52baa8b None admin] RBAC: auth_context: {'token': <TokenModel (audit_id=nFOrPrPtSm2vvl_xbXMLLQ, audit_chain_id=['nFOrPrPtSm2vvl_xbXMLLQ']) at 0x7fdcab731e40>, 'domain_id': None, 'trust_id': None, 'trustor_id': None, 'trustee_id': None, 'domain_name': None, 'group_ids': [], 'user_id': '47ed8981a35a4ff8949b6fc0a90809c6', 'user_domain_id': 'default', 'system_scope': 'all', 'project_id': None, 'project_domain_id': None, 'roles': ['admin', 'manager', 'member', 'reader'], 'is_admin_project': True, 'service_user_id': None, 'service_user_domain_id': None, 'service_project_id': None, 'service_project_domain_id': None, 'service_roles': []} {{(pid=81234) fill_context /opt/stack/keystone/keystone/server/flask/request_processing/middleware/auth_context.py:509}}
Sep 12 16:57:20 ubuntu devstack@keystone.service[81235]: DEBUG keystone.server.flask.request_processing.middleware.auth_context [None req-9506870e-272b-49a7-9feb-6a619bd7ed2c None None] Authenticating user token {{(pid=81235) process_request /opt/stack/data/venv/lib/python3.10/site-packages/keystonemiddleware/auth_token/__init__.py:407}}
Sep 12 16:57:20 ubuntu devstack@keystone.service[81234]: DEBUG keystone.server.flask.request_processing.req_logging [None req-02d5f4ea-808d-4f20-94c0-0ca4a52baa8b None admin] REQUEST_METHOD: `POST` {{(pid=81234) log_request_info /opt/stack/keystone/keystone/server/flask/request_processing/req_logging.py:26}}
Sep 12 16:57:20 ubuntu devstack@keystone.service[81234]: DEBUG keystone.server.flask.request_processing.req_logging [None req-02d5f4ea-808d-4f20-94c0-0ca4a52baa8b None admin] SCRIPT_NAME: `/identity` {{(pid=81234) log_request_info /opt/stack/keystone/keystone/server/flask/request_processing/req_logging.py:27}}
Sep 12 16:57:20 ubuntu devstack@keystone.service[81234]: DEBUG keystone.server.flask.request_processing.req_logging [None req-02d5f4ea-808d-4f20-94c0-0ca4a52baa8b None admin] PATH_INFO: `/v3/projects` {{(pid=81234) log_request_info /opt/stack/keystone/keystone/server/flask/request_processing/req_logging.py:28}}
Sep 12 16:57:20 ubuntu devstack@keystone.service[81234]: DEBUG keystone.common.rbac_enforcer.enforcer [None req-02d5f4ea-808d-4f20-94c0-0ca4a52baa8b None admin] RBAC: Authorizing `identity:create_project()` {{(pid=81234) enforce_call /opt/stack/keystone/keystone/common/rbac_enforcer/enforcer.py:494}}
Sep 12 16:57:20 ubuntu devstack@keystone.service[81234]: DEBUG keystone.common.rbac_enforcer.enforcer [None req-02d5f4ea-808d-4f20-94c0-0ca4a52baa8b None admin] RBAC: Authorization granted {{(pid=81234) enforce_call /opt/stack/keystone/keystone/common/rbac_enforcer/enforcer.py:505}}
Sep 12 16:57:20 ubuntu devstack@keystone.service[81234]: [pid: 81234|app: 0|req: 16/35] 10.201.5.82 () {60 vars in 1133 bytes} [Fri Sep 12 16:57:20 2025] POST /identity/v3/projects => generated 301 bytes in 82 msecs (HTTP/1.1 201) 5 headers in 182 bytes (1 switches on core 0)
Sep 12 16:57:20 ubuntu devstack@keystone.service[81234]: DEBUG keystone.server.flask.request_processing.middleware.auth_context [None req-02d5f4ea-808d-4f20-94c0-0ca4a52baa8b None admin] Authenticating user token {{(pid=81234) process_request /opt/stack/data/venv/lib/python3.10/site-packages/keystonemiddleware/auth_token/__init__.py:407}}
Sep 12 16:57:20 ubuntu devstack@keystone.service[81235]: DEBUG keystone.server.flask.request_processing.middleware.auth_context [None req-9506870e-272b-49a7-9feb-6a619bd7ed2c None None] Validating token access rules against request {{(pid=81235) validate_allowed_request /opt/stack/data/venv/lib/python3.10/site-packages/keystonemiddleware/auth_token/__init__.py:545}}
Sep 12 16:57:20 ubuntu devstack@keystone.service[81235]: DEBUG keystone.server.flask.request_processing.middleware.auth_context [None req-35f1c660-17e9-4164-99f1-f31ae0664158 None admin] RBAC: auth_context: {'token': <TokenModel (audit_id=yg090SwwRAWB_K2BH6Px9Q, audit_chain_id=['yg090SwwRAWB_K2BH6Px9Q']) at 0x7fdcab432440>, 'domain_id': None, 'trust_id': None, 'trustor_id': None, 'trustee_id': None, 'domain_name': None, 'group_ids': [], 'user_id': '47ed8981a35a4ff8949b6fc0a90809c6', 'user_domain_id': 'default', 'system_scope': 'all', 'project_id': None, 'project_domain_id': None, 'roles': ['admin', 'manager', 'member', 'reader'], 'is_admin_project': True, 'service_user_id': None, 'service_user_domain_id': None, 'service_project_id': None, 'service_project_domain_id': None, 'service_roles': []} {{(pid=81235) fill_context /opt/stack/keystone/keystone/server/flask/request_processing/middleware/auth_context.py:509}}
Sep 12 16:57:20 ubuntu devstack@keystone.service[81235]: DEBUG keystone.server.flask.request_processing.req_logging [None req-35f1c660-17e9-4164-99f1-f31ae0664158 None admin] REQUEST_METHOD: `GET` {{(pid=81235) log_request_info /opt/stack/keystone/keystone/server/flask/request_processing/req_logging.py:26}}
Sep 12 16:57:20 ubuntu devstack@keystone.service[81235]: DEBUG keystone.server.flask.request_processing.req_logging [None req-35f1c660-17e9-4164-99f1-f31ae0664158 None admin] SCRIPT_NAME: `/identity` {{(pid=81235) log_request_info /opt/stack/keystone/keystone/server/flask/request_processing/req_logging.py:27}}
Sep 12 16:57:20 ubuntu devstack@keystone.service[81235]: DEBUG keystone.server.flask.request_processing.req_logging [None req-35f1c660-17e9-4164-99f1-f31ae0664158 None admin] PATH_INFO: `/v3/domains/default` {{(pid=81235) log_request_info /opt/stack/keystone/keystone/server/flask/request_processing/req_logging.py:28}}
Sep 12 16:57:20 ubuntu devstack@keystone.service[81235]: DEBUG keystone.common.rbac_enforcer.enforcer [None req-35f1c660-17e9-4164-99f1-f31ae0664158 None admin] RBAC: Authorizing `identity:get_domain(domain_id=default)` {{(pid=81235) enforce_call /opt/stack/keystone/keystone/common/rbac_enforcer/enforcer.py:494}}
Sep 12 16:57:20 ubuntu devstack@keystone.service[81235]: DEBUG keystone.common.rbac_enforcer.enforcer [None req-35f1c660-17e9-4164-99f1-f31ae0664158 None admin] RBAC: Authorization granted {{(pid=81235) enforce_call /opt/stack/keystone/keystone/common/rbac_enforcer/enforcer.py:505}}
Sep 12 16:57:20 ubuntu devstack@keystone.service[81235]: [pid: 81235|app: 0|req: 20/36] 10.201.5.82 () {56 vars in 1144 bytes} [Fri Sep 12 16:57:20 2025] GET /identity/v3/domains/default => generated 199 bytes in 85 msecs (HTTP/1.1 200) 5 headers in 177 bytes (1 switches on core 0)
Sep 12 16:57:20 ubuntu devstack@keystone.service[81234]: DEBUG keystone.server.flask.request_processing.middleware.auth_context [None req-02d5f4ea-808d-4f20-94c0-0ca4a52baa8b None admin] Validating token access rules against request {{(pid=81234) validate_allowed_request /opt/stack/data/venv/lib/python3.10/site-packages/keystonemiddleware/auth_token/__init__.py:545}}
Sep 12 16:57:20 ubuntu devstack@keystone.service[81235]: DEBUG keystone.server.flask.request_processing.middleware.auth_context [None req-35f1c660-17e9-4164-99f1-f31ae0664158 None admin] Authenticating user token {{(pid=81235) process_request /opt/stack/data/venv/lib/python3.10/site-packages/keystonemiddleware/auth_token/__init__.py:407}}
Sep 12 16:57:20 ubuntu devstack@keystone.service[81234]: DEBUG keystone.server.flask.request_processing.middleware.auth_context [None req-1170d09a-017f-4d27-b4c9-b793dd0666c3 None admin] RBAC: auth_context: {'token': <TokenModel (audit_id=rOlhyl8rScSBO1Yo2YBaXA, audit_chain_id=['rOlhyl8rScSBO1Yo2YBaXA']) at 0x7fdcab62d180>, 'domain_id': None, 'trust_id': None, 'trustor_id': None, 'trustee_id': None, 'domain_name': None, 'group_ids': [], 'user_id': '47ed8981a35a4ff8949b6fc0a90809c6', 'user_domain_id': 'default', 'system_scope': 'all', 'project_id': None, 'project_domain_id': None, 'roles': ['admin', 'manager', 'member', 'reader'], 'is_admin_project': True, 'service_user_id': None, 'service_user_domain_id': None, 'service_project_id': None, 'service_project_domain_id': None, 'service_roles': []} {{(pid=81234) fill_context /opt/stack/keystone/keystone/server/flask/request_processing/middleware/auth_context.py:509}}
Sep 12 16:57:20 ubuntu devstack@keystone.service[81234]: DEBUG keystone.server.flask.request_processing.req_logging [None req-1170d09a-017f-4d27-b4c9-b793dd0666c3 None admin] REQUEST_METHOD: `POST` {{(pid=81234) log_request_info /opt/stack/keystone/keystone/server/flask/request_processing/req_logging.py:26}}
Sep 12 16:57:20 ubuntu devstack@keystone.service[81234]: DEBUG keystone.server.flask.request_processing.req_logging [None req-1170d09a-017f-4d27-b4c9-b793dd0666c3 None admin] SCRIPT_NAME: `/identity` {{(pid=81234) log_request_info /opt/stack/keystone/keystone/server/flask/request_processing/req_logging.py:27}}
Sep 12 16:57:20 ubuntu devstack@keystone.service[81234]: DEBUG keystone.server.flask.request_processing.req_logging [None req-1170d09a-017f-4d27-b4c9-b793dd0666c3 None admin] PATH_INFO: `/v3/roles` {{(pid=81234) log_request_info /opt/stack/keystone/keystone/server/flask/request_processing/req_logging.py:28}}
Sep 12 16:57:20 ubuntu devstack@keystone.service[81234]: DEBUG keystone.common.rbac_enforcer.enforcer [None req-1170d09a-017f-4d27-b4c9-b793dd0666c3 None admin] RBAC: Authorizing `identity:create_role()` {{(pid=81234) enforce_call /opt/stack/keystone/keystone/common/rbac_enforcer/enforcer.py:494}}
Sep 12 16:57:20 ubuntu devstack@keystone.service[81234]: DEBUG keystone.common.rbac_enforcer.enforcer [None req-1170d09a-017f-4d27-b4c9-b793dd0666c3 None admin] RBAC: Authorization granted {{(pid=81234) enforce_call /opt/stack/keystone/keystone/common/rbac_enforcer/enforcer.py:505}}
Sep 12 16:57:20 ubuntu devstack@keystone.service[81234]: DEBUG keystone.common.sql.core [None req-1170d09a-017f-4d27-b4c9-b793dd0666c3 None admin] Conflict role: (pymysql.err.IntegrityError) (1062, "Duplicate entry 'service-<<null>>' for key 'role.ixu_role_name_domain_id'")
Sep 12 16:57:20 ubuntu devstack@keystone.service[81234]: [SQL: INSERT INTO `role` (id, name, description, extra) VALUES (%(id)s, %(name)s, %(description)s, %(extra)s)]
Sep 12 16:57:20 ubuntu devstack@keystone.service[81234]: [parameters: {'id': '65b57e24c3e64afa99a68c4e294c32de', 'name': 'service', 'description': None, 'extra': '{}'}]
Sep 12 16:57:20 ubuntu devstack@keystone.service[81234]: (Background on this error at: https://sqlalche.me/e/20/gkpj) {{(pid=81234) wrapper /opt/stack/keystone/keystone/common/sql/core.py:580}}
Sep 12 16:57:20 ubuntu devstack@keystone.service[81235]: DEBUG keystone.server.flask.request_processing.middleware.auth_context [None req-35f1c660-17e9-4164-99f1-f31ae0664158 None admin] Validating token access rules against request {{(pid=81235) validate_allowed_request /opt/stack/data/venv/lib/python3.10/site-packages/keystonemiddleware/auth_token/__init__.py:545}}
Sep 12 16:57:20 ubuntu devstack@keystone.service[81234]: ERROR keystone.server.flask.application [None req-1170d09a-017f-4d27-b4c9-b793dd0666c3 None admin] Conflict occurred attempting to store role - Duplicate entry found with name service.: keystone.exception.Conflict: Conflict occurred attempting to store role - Duplicate entry found with name service.
Sep 12 16:57:20 ubuntu devstack@keystone.service[81234]: ERROR keystone.server.flask.application Traceback (most recent call last):
Sep 12 16:57:20 ubuntu devstack@keystone.service[81234]: ERROR keystone.server.flask.application   File "/opt/stack/data/venv/lib/python3.10/site-packages/sqlalchemy/engine/base.py", line 1961, in _exec_single_context
Sep 12 16:57:20 ubuntu devstack@keystone.service[81234]: ERROR keystone.server.flask.application     self.dialect.do_execute(
Sep 12 16:57:20 ubuntu devstack@keystone.service[81234]: ERROR keystone.server.flask.application   File "/opt/stack/data/venv/lib/python3.10/site-packages/sqlalchemy/engine/default.py", line 944, in do_execute
Sep 12 16:57:20 ubuntu devstack@keystone.service[81234]: ERROR keystone.server.flask.application     cursor.execute(statement, parameters)
Sep 12 16:57:20 ubuntu devstack@keystone.service[81234]: ERROR keystone.server.flask.application   File "/opt/stack/data/venv/lib/python3.10/site-packages/pymysql/cursors.py", line 153, in execute
Sep 12 16:57:20 ubuntu devstack@keystone.service[81234]: ERROR keystone.server.flask.application     result = self._query(query)
Sep 12 16:57:20 ubuntu devstack@keystone.service[81234]: ERROR keystone.server.flask.application   File "/opt/stack/data/venv/lib/python3.10/site-packages/pymysql/cursors.py", line 322, in _query
Sep 12 16:57:20 ubuntu devstack@keystone.service[81234]: ERROR keystone.server.flask.application     conn.query(q)
Sep 12 16:57:20 ubuntu devstack@keystone.service[81234]: ERROR keystone.server.flask.application   File "/opt/stack/data/venv/lib/python3.10/site-packages/pymysql/connections.py", line 563, in query
Sep 12 16:57:20 ubuntu devstack@keystone.service[81234]: ERROR keystone.server.flask.application     self._affected_rows = self._read_query_result(unbuffered=unbuffered)
Sep 12 16:57:20 ubuntu devstack@keystone.service[81234]: ERROR keystone.server.flask.application   File "/opt/stack/data/venv/lib/python3.10/site-packages/pymysql/connections.py", line 825, in _read_query_result
Sep 12 16:57:20 ubuntu devstack@keystone.service[81234]: ERROR keystone.server.flask.application     result.read()
Sep 12 16:57:20 ubuntu devstack@keystone.service[81234]: ERROR keystone.server.flask.application   File "/opt/stack/data/venv/lib/python3.10/site-packages/pymysql/connections.py", line 1199, in read
Sep 12 16:57:20 ubuntu devstack@keystone.service[81234]: ERROR keystone.server.flask.application     first_packet = self.connection._read_packet()
Sep 12 16:57:20 ubuntu devstack@keystone.service[81234]: ERROR keystone.server.flask.application   File "/opt/stack/data/venv/lib/python3.10/site-packages/pymysql/connections.py", line 775, in _read_packet
Sep 12 16:57:20 ubuntu devstack@keystone.service[81234]: ERROR keystone.server.flask.application     packet.raise_for_error()
Sep 12 16:57:20 ubuntu devstack@keystone.service[81234]: ERROR keystone.server.flask.application   File "/opt/stack/data/venv/lib/python3.10/site-packages/pymysql/protocol.py", line 219, in raise_for_error
Sep 12 16:57:20 ubuntu devstack@keystone.service[81234]: ERROR keystone.server.flask.application     err.raise_mysql_exception(self._data)
Sep 12 16:57:20 ubuntu devstack@keystone.service[81234]: ERROR keystone.server.flask.application   File "/opt/stack/data/venv/lib/python3.10/site-packages/pymysql/err.py", line 150, in raise_mysql_exception
Sep 12 16:57:20 ubuntu devstack@keystone.service[81234]: ERROR keystone.server.flask.application     raise errorclass(errno, errval)
Sep 12 16:57:20 ubuntu devstack@keystone.service[81234]: ERROR keystone.server.flask.application pymysql.err.IntegrityError: (1062, "Duplicate entry 'service-<<null>>' for key 'role.ixu_role_name_domain_id'")
Sep 12 16:57:20 ubuntu devstack@keystone.service[81234]: ERROR keystone.server.flask.application 
Sep 12 16:57:20 ubuntu devstack@keystone.service[81234]: ERROR keystone.server.flask.application The above exception was the direct cause of the following exception:
Sep 12 16:57:20 ubuntu devstack@keystone.service[81234]: ERROR keystone.server.flask.application 
Sep 12 16:57:20 ubuntu devstack@keystone.service[81234]: ERROR keystone.server.flask.application Traceback (most recent call last):
Sep 12 16:57:20 ubuntu devstack@keystone.service[81234]: ERROR keystone.server.flask.application   File "/opt/stack/keystone/keystone/common/sql/core.py", line 575, in wrapper
Sep 12 16:57:20 ubuntu devstack@keystone.service[81234]: ERROR keystone.server.flask.application     return method(*args, **kwargs)
Sep 12 16:57:20 ubuntu devstack@keystone.service[81234]: ERROR keystone.server.flask.application   File "/opt/stack/keystone/keystone/assignment/role_backends/sql.py", line 25, in create_role
Sep 12 16:57:20 ubuntu devstack@keystone.service[81234]: ERROR keystone.server.flask.application     with sql.session_for_write() as session:
Sep 12 16:57:20 ubuntu devstack@keystone.service[81234]: ERROR keystone.server.flask.application   File "/usr/lib/python3.10/contextlib.py", line 142, in __exit__
Sep 12 16:57:20 ubuntu devstack@keystone.service[81234]: ERROR keystone.server.flask.application     next(self.gen)
Sep 12 16:57:20 ubuntu devstack@keystone.service[81234]: ERROR keystone.server.flask.application   File "/opt/stack/data/venv/lib/python3.10/site-packages/oslo_db/sqlalchemy/enginefacade.py", line 1199, in _transaction_scope
Sep 12 16:57:20 ubuntu devstack@keystone.service[81234]: ERROR keystone.server.flask.application     with current._produce_block(
Sep 12 16:57:20 ubuntu devstack@keystone.service[81234]: ERROR keystone.server.flask.application   File "/usr/lib/python3.10/contextlib.py", line 142, in __exit__
Sep 12 16:57:20 ubuntu devstack@keystone.service[81234]: ERROR keystone.server.flask.application     next(self.gen)
Sep 12 16:57:20 ubuntu devstack@keystone.service[81234]: ERROR keystone.server.flask.application   File "/opt/stack/data/venv/lib/python3.10/site-packages/oslo_db/sqlalchemy/enginefacade.py", line 850, in _session
Sep 12 16:57:20 ubuntu devstack@keystone.service[81234]: ERROR keystone.server.flask.application     with excutils.save_and_reraise_exception():
Sep 12 16:57:20 ubuntu devstack@keystone.service[81234]: ERROR keystone.server.flask.application   File "/opt/stack/data/venv/lib/python3.10/site-packages/oslo_utils/excutils.py", line 227, in __exit__
Sep 12 16:57:20 ubuntu devstack@keystone.service[81234]: ERROR keystone.server.flask.application     self.force_reraise()
Sep 12 16:57:20 ubuntu devstack@keystone.service[81234]: ERROR keystone.server.flask.application   File "/opt/stack/data/venv/lib/python3.10/site-packages/oslo_utils/excutils.py", line 200, in force_reraise
Sep 12 16:57:20 ubuntu devstack@keystone.service[81234]: ERROR keystone.server.flask.application     raise self.value
Sep 12 16:57:20 ubuntu devstack@keystone.service[81234]: ERROR keystone.server.flask.application   File "/opt/stack/data/venv/lib/python3.10/site-packages/oslo_db/sqlalchemy/enginefacade.py", line 848, in _session
Sep 12 16:57:20 ubuntu devstack@keystone.service[81234]: ERROR keystone.server.flask.application     self._end_session_transaction(self.session)
Sep 12 16:57:20 ubuntu devstack@keystone.service[81234]: ERROR keystone.server.flask.application   File "/opt/stack/data/venv/lib/python3.10/site-packages/oslo_db/sqlalchemy/enginefacade.py", line 761, in _end_session_transaction
Sep 12 16:57:20 ubuntu devstack@keystone.service[81234]: ERROR keystone.server.flask.application     session.commit()
Sep 12 16:57:20 ubuntu devstack@keystone.service[81234]: ERROR keystone.server.flask.application   File "/opt/stack/data/venv/lib/python3.10/site-packages/sqlalchemy/orm/session.py", line 2032, in commit
Sep 12 16:57:20 ubuntu devstack@keystone.service[81234]: ERROR keystone.server.flask.application     trans.commit(_to_root=True)
Sep 12 16:57:20 ubuntu devstack@keystone.service[81234]: ERROR keystone.server.flask.application   File "<string>", line 2, in commit
Sep 12 16:57:20 ubuntu devstack@keystone.service[81234]: ERROR keystone.server.flask.application   File "/opt/stack/data/venv/lib/python3.10/site-packages/sqlalchemy/orm/state_changes.py", line 137, in _go
Sep 12 16:57:20 ubuntu devstack@keystone.service[81234]: ERROR keystone.server.flask.application     ret_value = fn(self, *arg, **kw)
Sep 12 16:57:20 ubuntu devstack@keystone.service[81234]: ERROR keystone.server.flask.application   File "/opt/stack/data/venv/lib/python3.10/site-packages/sqlalchemy/orm/session.py", line 1313, in commit
Sep 12 16:57:20 ubuntu devstack@keystone.service[81234]: ERROR keystone.server.flask.application     self._prepare_impl()
Sep 12 16:57:20 ubuntu devstack@keystone.service[81234]: ERROR keystone.server.flask.application   File "<string>", line 2, in _prepare_impl
Sep 12 16:57:20 ubuntu devstack@keystone.service[81234]: ERROR keystone.server.flask.application   File "/opt/stack/data/venv/lib/python3.10/site-packages/sqlalchemy/orm/state_changes.py", line 137, in _go
Sep 12 16:57:20 ubuntu devstack@keystone.service[81234]: ERROR keystone.server.flask.application     ret_value = fn(self, *arg, **kw)
Sep 12 16:57:20 ubuntu devstack@keystone.service[81234]: ERROR keystone.server.flask.application   File "/opt/stack/data/venv/lib/python3.10/site-packages/sqlalchemy/orm/session.py", line 1288, in _prepare_impl
Sep 12 16:57:20 ubuntu devstack@keystone.service[81234]: ERROR keystone.server.flask.application     self.session.flush()
Sep 12 16:57:20 ubuntu devstack@keystone.service[81234]: ERROR keystone.server.flask.application   File "/opt/stack/data/venv/lib/python3.10/site-packages/sqlalchemy/orm/session.py", line 4345, in flush
Sep 12 16:57:20 ubuntu devstack@keystone.service[81234]: ERROR keystone.server.flask.application     self._flush(objects)
Sep 12 16:57:20 ubuntu devstack@keystone.service[81234]: ERROR keystone.server.flask.application   File "/opt/stack/data/venv/lib/python3.10/site-packages/sqlalchemy/orm/session.py", line 4480, in _flush
