Dec 03 10:30:57 ubuntu devstack@g-api.service[118400]: DEBUG glance.api.middleware.version_negotiation [None req-158c8c8e-417d-4e77-af7d-b0c219906768 tempest-ImageDependencyTests-1892880756 tempest-ImageDependencyTests-1892880756-project-member] Using url versioning {{(pid=118400) process_request /opt/stack/glance/glance/api/middleware/version_negotiation.py:57}}
Dec 03 10:30:57 ubuntu devstack@g-api.service[118400]: DEBUG glance.api.middleware.version_negotiation [None req-158c8c8e-417d-4e77-af7d-b0c219906768 tempest-ImageDependencyTests-1892880756 tempest-ImageDependencyTests-1892880756-project-member] Matched version: v2 {{(pid=118400) process_request /opt/stack/glance/glance/api/middleware/version_negotiation.py:69}}
Dec 03 10:30:57 ubuntu devstack@g-api.service[118400]: DEBUG glance.api.middleware.version_negotiation [None req-158c8c8e-417d-4e77-af7d-b0c219906768 tempest-ImageDependencyTests-1892880756 tempest-ImageDependencyTests-1892880756-project-member] new path /v2/images/e9d4a6f8-e98e-40cb-a425-3638676bc2de {{(pid=118400) process_request /opt/stack/glance/glance/api/middleware/version_negotiation.py:70}}
Dec 03 10:30:57 ubuntu devstack@g-api.service[118399]: [pid: 118399|app: 0|req: 25/48] 127.0.0.1 () {42 vars in 1055 bytes} [Tue Dec  3 10:30:57 2024] GET /v2/images/e9d4a6f8-e98e-40cb-a425-3638676bc2de/file => generated 1024 bytes in 26 msecs (HTTP/1.1 200) 5 headers in 213 bytes (1 switches on core 0)
Dec 03 10:30:57 ubuntu devstack@g-api.service[118400]: [pid: 118400|app: 0|req: 24/49] 127.0.0.1 () {42 vars in 1045 bytes} [Tue Dec  3 10:30:57 2024] GET /v2/images/e9d4a6f8-e98e-40cb-a425-3638676bc2de => generated 807 bytes in 11 msecs (HTTP/1.1 200) 4 headers in 157 bytes (1 switches on core 0)
Dec 03 10:30:57 ubuntu devstack@g-api.service[118399]: DEBUG glance.api.middleware.version_negotiation [None req-158c8c8e-417d-4e77-af7d-b0c219906768 tempest-ImageDependencyTests-1892880756 tempest-ImageDependencyTests-1892880756-project-member] Determining version of request: GET /v2/schemas/image Accept: */* {{(pid=118399) process_request /opt/stack/glance/glance/api/middleware/version_negotiation.py:44}}
Dec 03 10:30:57 ubuntu devstack@g-api.service[118399]: DEBUG glance.api.middleware.version_negotiation [None req-158c8c8e-417d-4e77-af7d-b0c219906768 tempest-ImageDependencyTests-1892880756 tempest-ImageDependencyTests-1892880756-project-member] Using url versioning {{(pid=118399) process_request /opt/stack/glance/glance/api/middleware/version_negotiation.py:57}}
Dec 03 10:30:57 ubuntu devstack@g-api.service[118399]: DEBUG glance.api.middleware.version_negotiation [None req-158c8c8e-417d-4e77-af7d-b0c219906768 tempest-ImageDependencyTests-1892880756 tempest-ImageDependencyTests-1892880756-project-member] Matched version: v2 {{(pid=118399) process_request /opt/stack/glance/glance/api/middleware/version_negotiation.py:69}}
Dec 03 10:30:57 ubuntu devstack@g-api.service[118399]: DEBUG glance.api.middleware.version_negotiation [None req-158c8c8e-417d-4e77-af7d-b0c219906768 tempest-ImageDependencyTests-1892880756 tempest-ImageDependencyTests-1892880756-project-member] new path /v2/schemas/image {{(pid=118399) process_request /opt/stack/glance/glance/api/middleware/version_negotiation.py:70}}
Dec 03 10:30:57 ubuntu devstack@g-api.service[118399]: [pid: 118399|app: 0|req: 26/50] 127.0.0.1 () {42 vars in 985 bytes} [Tue Dec  3 10:30:57 2024] GET /v2/schemas/image => generated 6083 bytes in 8 msecs (HTTP/1.1 200) 4 headers in 158 bytes (1 switches on core 0)
Dec 03 10:30:58 ubuntu devstack@g-api.service[118400]: DEBUG glance.api.middleware.version_negotiation [None req-158c8c8e-417d-4e77-af7d-b0c219906768 tempest-ImageDependencyTests-1892880756 tempest-ImageDependencyTests-1892880756-project-member] Determining version of request: GET /v2/images/e9d4a6f8-e98e-40cb-a425-3638676bc2de Accept: */* {{(pid=118400) process_request /opt/stack/glance/glance/api/middleware/version_negotiation.py:44}}
Dec 03 10:30:58 ubuntu devstack@g-api.service[118400]: DEBUG glance.api.middleware.version_negotiation [None req-158c8c8e-417d-4e77-af7d-b0c219906768 tempest-ImageDependencyTests-1892880756 tempest-ImageDependencyTests-1892880756-project-member] Using url versioning {{(pid=118400) process_request /opt/stack/glance/glance/api/middleware/version_negotiation.py:57}}
Dec 03 10:30:58 ubuntu devstack@g-api.service[118400]: DEBUG glance.api.middleware.version_negotiation [None req-158c8c8e-417d-4e77-af7d-b0c219906768 tempest-ImageDependencyTests-1892880756 tempest-ImageDependencyTests-1892880756-project-member] Matched version: v2 {{(pid=118400) process_request /opt/stack/glance/glance/api/middleware/version_negotiation.py:69}}
Dec 03 10:30:58 ubuntu devstack@g-api.service[118400]: DEBUG glance.api.middleware.version_negotiation [None req-158c8c8e-417d-4e77-af7d-b0c219906768 tempest-ImageDependencyTests-1892880756 tempest-ImageDependencyTests-1892880756-project-member] new path /v2/images/e9d4a6f8-e98e-40cb-a425-3638676bc2de {{(pid=118400) process_request /opt/stack/glance/glance/api/middleware/version_negotiation.py:70}}
Dec 03 10:30:58 ubuntu devstack@g-api.service[118400]: [pid: 118400|app: 0|req: 25/51] 127.0.0.1 () {42 vars in 1045 bytes} [Tue Dec  3 10:30:58 2024] GET /v2/images/e9d4a6f8-e98e-40cb-a425-3638676bc2de => generated 807 bytes in 11 msecs (HTTP/1.1 200) 4 headers in 157 bytes (1 switches on core 0)
Dec 03 10:30:58 ubuntu devstack@g-api.service[118399]: DEBUG glance.api.middleware.version_negotiation [None req-158c8c8e-417d-4e77-af7d-b0c219906768 tempest-ImageDependencyTests-1892880756 tempest-ImageDependencyTests-1892880756-project-member] Determining version of request: GET /v2/schemas/image Accept: */* {{(pid=118399) process_request /opt/stack/glance/glance/api/middleware/version_negotiation.py:44}}
Dec 03 10:30:58 ubuntu devstack@g-api.service[118399]: DEBUG glance.api.middleware.version_negotiation [None req-158c8c8e-417d-4e77-af7d-b0c219906768 tempest-ImageDependencyTests-1892880756 tempest-ImageDependencyTests-1892880756-project-member] Using url versioning {{(pid=118399) process_request /opt/stack/glance/glance/api/middleware/version_negotiation.py:57}}
Dec 03 10:30:58 ubuntu devstack@g-api.service[118399]: DEBUG glance.api.middleware.version_negotiation [None req-158c8c8e-417d-4e77-af7d-b0c219906768 tempest-ImageDependencyTests-1892880756 tempest-ImageDependencyTests-1892880756-project-member] Matched version: v2 {{(pid=118399) process_request /opt/stack/glance/glance/api/middleware/version_negotiation.py:69}}
Dec 03 10:30:58 ubuntu devstack@g-api.service[118399]: DEBUG glance.api.middleware.version_negotiation [None req-158c8c8e-417d-4e77-af7d-b0c219906768 tempest-ImageDependencyTests-1892880756 tempest-ImageDependencyTests-1892880756-project-member] new path /v2/schemas/image {{(pid=118399) process_request /opt/stack/glance/glance/api/middleware/version_negotiation.py:70}}
Dec 03 10:30:58 ubuntu devstack@g-api.service[118399]: [pid: 118399|app: 0|req: 27/52] 127.0.0.1 () {42 vars in 985 bytes} [Tue Dec  3 10:30:58 2024] GET /v2/schemas/image => generated 6083 bytes in 9 msecs (HTTP/1.1 200) 4 headers in 158 bytes (1 switches on core 0)
Dec 03 10:30:58 ubuntu devstack@g-api.service[118400]: DEBUG glance.api.middleware.version_negotiation [None req-158c8c8e-417d-4e77-af7d-b0c219906768 tempest-ImageDependencyTests-1892880756 tempest-ImageDependencyTests-1892880756-project-member] Determining version of request: GET /v2/images/e9d4a6f8-e98e-40cb-a425-3638676bc2de Accept: */* {{(pid=118400) process_request /opt/stack/glance/glance/api/middleware/version_negotiation.py:44}}
Dec 03 10:30:58 ubuntu devstack@g-api.service[118400]: DEBUG glance.api.middleware.version_negotiation [None req-158c8c8e-417d-4e77-af7d-b0c219906768 tempest-ImageDependencyTests-1892880756 tempest-ImageDependencyTests-1892880756-project-member] Using url versioning {{(pid=118400) process_request /opt/stack/glance/glance/api/middleware/version_negotiation.py:57}}
Dec 03 10:30:58 ubuntu devstack@g-api.service[118400]: DEBUG glance.api.middleware.version_negotiation [None req-158c8c8e-417d-4e77-af7d-b0c219906768 tempest-ImageDependencyTests-1892880756 tempest-ImageDependencyTests-1892880756-project-member] Matched version: v2 {{(pid=118400) process_request /opt/stack/glance/glance/api/middleware/version_negotiation.py:69}}
Dec 03 10:30:58 ubuntu devstack@g-api.service[118400]: DEBUG glance.api.middleware.version_negotiation [None req-158c8c8e-417d-4e77-af7d-b0c219906768 tempest-ImageDependencyTests-1892880756 tempest-ImageDependencyTests-1892880756-project-member] new path /v2/images/e9d4a6f8-e98e-40cb-a425-3638676bc2de {{(pid=118400) process_request /opt/stack/glance/glance/api/middleware/version_negotiation.py:70}}
Dec 03 10:30:58 ubuntu devstack@g-api.service[118400]: [pid: 118400|app: 0|req: 26/53] 127.0.0.1 () {42 vars in 1045 bytes} [Tue Dec  3 10:30:58 2024] GET /v2/images/e9d4a6f8-e98e-40cb-a425-3638676bc2de => generated 807 bytes in 11 msecs (HTTP/1.1 200) 4 headers in 157 bytes (1 switches on core 0)
Dec 03 10:30:58 ubuntu devstack@g-api.service[118399]: DEBUG glance.api.middleware.version_negotiation [None req-158c8c8e-417d-4e77-af7d-b0c219906768 tempest-ImageDependencyTests-1892880756 tempest-ImageDependencyTests-1892880756-project-member] Determining version of request: GET /v2/schemas/image Accept: */* {{(pid=118399) process_request /opt/stack/glance/glance/api/middleware/version_negotiation.py:44}}
Dec 03 10:30:58 ubuntu devstack@g-api.service[118399]: DEBUG glance.api.middleware.version_negotiation [None req-158c8c8e-417d-4e77-af7d-b0c219906768 tempest-ImageDependencyTests-1892880756 tempest-ImageDependencyTests-1892880756-project-member] Using url versioning {{(pid=118399) process_request /opt/stack/glance/glance/api/middleware/version_negotiation.py:57}}
Dec 03 10:30:58 ubuntu devstack@g-api.service[118399]: DEBUG glance.api.middleware.version_negotiation [None req-158c8c8e-417d-4e77-af7d-b0c219906768 tempest-ImageDependencyTests-1892880756 tempest-ImageDependencyTests-1892880756-project-member] Matched version: v2 {{(pid=118399) process_request /opt/stack/glance/glance/api/middleware/version_negotiation.py:69}}
Dec 03 10:30:58 ubuntu devstack@g-api.service[118399]: DEBUG glance.api.middleware.version_negotiation [None req-158c8c8e-417d-4e77-af7d-b0c219906768 tempest-ImageDependencyTests-1892880756 tempest-ImageDependencyTests-1892880756-project-member] new path /v2/schemas/image {{(pid=118399) process_request /opt/stack/glance/glance/api/middleware/version_negotiation.py:70}}
Dec 03 10:30:58 ubuntu devstack@g-api.service[118399]: [pid: 118399|app: 0|req: 28/54] 127.0.0.1 () {42 vars in 985 bytes} [Tue Dec  3 10:30:58 2024] GET /v2/schemas/image => generated 6083 bytes in 9 msecs (HTTP/1.1 200) 4 headers in 158 bytes (1 switches on core 0)
Dec 03 10:30:58 ubuntu devstack@g-api.service[118400]: DEBUG glance.api.middleware.version_negotiation [None req-158c8c8e-417d-4e77-af7d-b0c219906768 tempest-ImageDependencyTests-1892880756 tempest-ImageDependencyTests-1892880756-project-member] Determining version of request: GET /v2/images/e9d4a6f8-e98e-40cb-a425-3638676bc2de Accept: */* {{(pid=118400) process_request /opt/stack/glance/glance/api/middleware/version_negotiation.py:44}}
Dec 03 10:30:58 ubuntu devstack@g-api.service[118400]: DEBUG glance.api.middleware.version_negotiation [None req-158c8c8e-417d-4e77-af7d-b0c219906768 tempest-ImageDependencyTests-1892880756 tempest-ImageDependencyTests-1892880756-project-member] Using url versioning {{(pid=118400) process_request /opt/stack/glance/glance/api/middleware/version_negotiation.py:57}}
Dec 03 10:30:58 ubuntu devstack@g-api.service[118400]: DEBUG glance.api.middleware.version_negotiation [None req-158c8c8e-417d-4e77-af7d-b0c219906768 tempest-ImageDependencyTests-1892880756 tempest-ImageDependencyTests-1892880756-project-member] Matched version: v2 {{(pid=118400) process_request /opt/stack/glance/glance/api/middleware/version_negotiation.py:69}}
Dec 03 10:30:58 ubuntu devstack@g-api.service[118400]: DEBUG glance.api.middleware.version_negotiation [None req-158c8c8e-417d-4e77-af7d-b0c219906768 tempest-ImageDependencyTests-1892880756 tempest-ImageDependencyTests-1892880756-project-member] new path /v2/images/e9d4a6f8-e98e-40cb-a425-3638676bc2de {{(pid=118400) process_request /opt/stack/glance/glance/api/middleware/version_negotiation.py:70}}
Dec 03 10:30:58 ubuntu devstack@g-api.service[118400]: [pid: 118400|app: 0|req: 27/55] 127.0.0.1 () {42 vars in 1045 bytes} [Tue Dec  3 10:30:58 2024] GET /v2/images/e9d4a6f8-e98e-40cb-a425-3638676bc2de => generated 807 bytes in 12 msecs (HTTP/1.1 200) 4 headers in 157 bytes (1 switches on core 0)
Dec 03 10:30:58 ubuntu devstack@g-api.service[118399]: DEBUG glance.api.middleware.version_negotiation [None req-158c8c8e-417d-4e77-af7d-b0c219906768 tempest-ImageDependencyTests-1892880756 tempest-ImageDependencyTests-1892880756-project-member] Determining version of request: GET /v2/schemas/image Accept: */* {{(pid=118399) process_request /opt/stack/glance/glance/api/middleware/version_negotiation.py:44}}
Dec 03 10:30:58 ubuntu devstack@g-api.service[118399]: DEBUG glance.api.middleware.version_negotiation [None req-158c8c8e-417d-4e77-af7d-b0c219906768 tempest-ImageDependencyTests-1892880756 tempest-ImageDependencyTests-1892880756-project-member] Using url versioning {{(pid=118399) process_request /opt/stack/glance/glance/api/middleware/version_negotiation.py:57}}
Dec 03 10:30:58 ubuntu devstack@g-api.service[118399]: DEBUG glance.api.middleware.version_negotiation [None req-158c8c8e-417d-4e77-af7d-b0c219906768 tempest-ImageDependencyTests-1892880756 tempest-ImageDependencyTests-1892880756-project-member] Matched version: v2 {{(pid=118399) process_request /opt/stack/glance/glance/api/middleware/version_negotiation.py:69}}
Dec 03 10:30:58 ubuntu devstack@g-api.service[118399]: DEBUG glance.api.middleware.version_negotiation [None req-158c8c8e-417d-4e77-af7d-b0c219906768 tempest-ImageDependencyTests-1892880756 tempest-ImageDependencyTests-1892880756-project-member] new path /v2/schemas/image {{(pid=118399) process_request /opt/stack/glance/glance/api/middleware/version_negotiation.py:70}}
Dec 03 10:30:58 ubuntu devstack@g-api.service[118399]: [pid: 118399|app: 0|req: 29/56] 127.0.0.1 () {42 vars in 985 bytes} [Tue Dec  3 10:30:58 2024] GET /v2/schemas/image => generated 6083 bytes in 8 msecs (HTTP/1.1 200) 4 headers in 158 bytes (1 switches on core 0)
Dec 03 10:30:58 ubuntu devstack@g-api.service[118400]: DEBUG glance.api.middleware.version_negotiation [None req-158c8c8e-417d-4e77-af7d-b0c219906768 tempest-ImageDependencyTests-1892880756 tempest-ImageDependencyTests-1892880756-project-member] Determining version of request: GET /v2/schemas/image Accept: */* {{(pid=118400) process_request /opt/stack/glance/glance/api/middleware/version_negotiation.py:44}}
Dec 03 10:30:58 ubuntu devstack@g-api.service[118400]: DEBUG glance.api.middleware.version_negotiation [None req-158c8c8e-417d-4e77-af7d-b0c219906768 tempest-ImageDependencyTests-1892880756 tempest-ImageDependencyTests-1892880756-project-member] Using url versioning {{(pid=118400) process_request /opt/stack/glance/glance/api/middleware/version_negotiation.py:57}}
Dec 03 10:30:58 ubuntu devstack@g-api.service[118400]: DEBUG glance.api.middleware.version_negotiation [None req-158c8c8e-417d-4e77-af7d-b0c219906768 tempest-ImageDependencyTests-1892880756 tempest-ImageDependencyTests-1892880756-project-member] Matched version: v2 {{(pid=118400) process_request /opt/stack/glance/glance/api/middleware/version_negotiation.py:69}}
Dec 03 10:30:58 ubuntu devstack@g-api.service[118400]: DEBUG glance.api.middleware.version_negotiation [None req-158c8c8e-417d-4e77-af7d-b0c219906768 tempest-ImageDependencyTests-1892880756 tempest-ImageDependencyTests-1892880756-project-member] new path /v2/schemas/image {{(pid=118400) process_request /opt/stack/glance/glance/api/middleware/version_negotiation.py:70}}
Dec 03 10:30:58 ubuntu devstack@g-api.service[118400]: [pid: 118400|app: 0|req: 28/57] 127.0.0.1 () {42 vars in 985 bytes} [Tue Dec  3 10:30:58 2024] GET /v2/schemas/image => generated 6083 bytes in 2 msecs (HTTP/1.1 200) 4 headers in 158 bytes (1 switches on core 0)
Dec 03 10:30:58 ubuntu devstack@g-api.service[118399]: DEBUG glance.api.middleware.version_negotiation [None req-158c8c8e-417d-4e77-af7d-b0c219906768 tempest-ImageDependencyTests-1892880756 tempest-ImageDependencyTests-1892880756-project-member] Determining version of request: GET /v2/images/e9d4a6f8-e98e-40cb-a425-3638676bc2de Accept: */* {{(pid=118399) process_request /opt/stack/glance/glance/api/middleware/version_negotiation.py:44}}
Dec 03 10:30:58 ubuntu devstack@g-api.service[118399]: DEBUG glance.api.middleware.version_negotiation [None req-158c8c8e-417d-4e77-af7d-b0c219906768 tempest-ImageDependencyTests-1892880756 tempest-ImageDependencyTests-1892880756-project-member] Using url versioning {{(pid=118399) process_request /opt/stack/glance/glance/api/middleware/version_negotiation.py:57}}
Dec 03 10:30:58 ubuntu devstack@g-api.service[118399]: DEBUG glance.api.middleware.version_negotiation [None req-158c8c8e-417d-4e77-af7d-b0c219906768 tempest-ImageDependencyTests-1892880756 tempest-ImageDependencyTests-1892880756-project-member] Matched version: v2 {{(pid=118399) process_request /opt/stack/glance/glance/api/middleware/version_negotiation.py:69}}
Dec 03 10:30:58 ubuntu devstack@g-api.service[118399]: DEBUG glance.api.middleware.version_negotiation [None req-158c8c8e-417d-4e77-af7d-b0c219906768 tempest-ImageDependencyTests-1892880756 tempest-ImageDependencyTests-1892880756-project-member] new path /v2/images/e9d4a6f8-e98e-40cb-a425-3638676bc2de {{(pid=118399) process_request /opt/stack/glance/glance/api/middleware/version_negotiation.py:70}}
Dec 03 10:30:58 ubuntu devstack@g-api.service[118399]: [pid: 118399|app: 0|req: 30/58] 127.0.0.1 () {42 vars in 1045 bytes} [Tue Dec  3 10:30:58 2024] GET /v2/images/e9d4a6f8-e98e-40cb-a425-3638676bc2de => generated 807 bytes in 19 msecs (HTTP/1.1 200) 4 headers in 157 bytes (1 switches on core 0)
Dec 03 10:30:58 ubuntu devstack@g-api.service[118400]: DEBUG glance.api.middleware.version_negotiation [None req-158c8c8e-417d-4e77-af7d-b0c219906768 tempest-ImageDependencyTests-1892880756 tempest-ImageDependencyTests-1892880756-project-member] Determining version of request: GET /v2/images/e9d4a6f8-e98e-40cb-a425-3638676bc2de/file Accept: */* {{(pid=118400) process_request /opt/stack/glance/glance/api/middleware/version_negotiation.py:44}}
Dec 03 10:30:58 ubuntu devstack@g-api.service[118400]: DEBUG glance.api.middleware.version_negotiation [None req-158c8c8e-417d-4e77-af7d-b0c219906768 tempest-ImageDependencyTests-1892880756 tempest-ImageDependencyTests-1892880756-project-member] Using url versioning {{(pid=118400) process_request /opt/stack/glance/glance/api/middleware/version_negotiation.py:57}}
Dec 03 10:30:58 ubuntu devstack@g-api.service[118400]: DEBUG glance.api.middleware.version_negotiation [None req-158c8c8e-417d-4e77-af7d-b0c219906768 tempest-ImageDependencyTests-1892880756 tempest-ImageDependencyTests-1892880756-project-member] Matched version: v2 {{(pid=118400) process_request /opt/stack/glance/glance/api/middleware/version_negotiation.py:69}}
Dec 03 10:30:58 ubuntu devstack@g-api.service[118400]: DEBUG glance.api.middleware.version_negotiation [None req-158c8c8e-417d-4e77-af7d-b0c219906768 tempest-ImageDependencyTests-1892880756 tempest-ImageDependencyTests-1892880756-project-member] new path /v2/images/e9d4a6f8-e98e-40cb-a425-3638676bc2de/file {{(pid=118400) process_request /opt/stack/glance/glance/api/middleware/version_negotiation.py:70}}
Dec 03 10:30:58 ubuntu devstack@g-api.service[118400]: DEBUG glance.api.middleware.cache [None req-158c8c8e-417d-4e77-af7d-b0c219906768 tempest-ImageDependencyTests-1892880756 tempest-ImageDependencyTests-1892880756-project-member] Cache hit for image 'e9d4a6f8-e98e-40cb-a425-3638676bc2de' {{(pid=118400) process_request /opt/stack/glance/glance/api/middleware/cache.py:160}}
Dec 03 10:30:58 ubuntu devstack@g-api.service[118400]: [pid: 118400|app: 0|req: 29/59] 127.0.0.1 () {42 vars in 1055 bytes} [Tue Dec  3 10:30:58 2024] GET /v2/images/e9d4a6f8-e98e-40cb-a425-3638676bc2de/file => generated 1024 bytes in 23 msecs (HTTP/1.1 200) 5 headers in 213 bytes (1 switches on core 0)
Dec 03 10:30:58 ubuntu devstack@g-api.service[118399]: DEBUG glance.api.middleware.version_negotiation [None req-158c8c8e-417d-4e77-af7d-b0c219906768 tempest-ImageDependencyTests-1892880756 tempest-ImageDependencyTests-1892880756-project-member] Determining version of request: GET /v2/images/e9d4a6f8-e98e-40cb-a425-3638676bc2de Accept: */* {{(pid=118399) process_request /opt/stack/glance/glance/api/middleware/version_negotiation.py:44}}
Dec 03 10:30:58 ubuntu devstack@g-api.service[118399]: DEBUG glance.api.middleware.version_negotiation [None req-158c8c8e-417d-4e77-af7d-b0c219906768 tempest-ImageDependencyTests-1892880756 tempest-ImageDependencyTests-1892880756-project-member] Using url versioning {{(pid=118399) process_request /opt/stack/glance/glance/api/middleware/version_negotiation.py:57}}
Dec 03 10:30:58 ubuntu devstack@g-api.service[118399]: DEBUG glance.api.middleware.version_negotiation [None req-158c8c8e-417d-4e77-af7d-b0c219906768 tempest-ImageDependencyTests-1892880756 tempest-ImageDependencyTests-1892880756-project-member] Matched version: v2 {{(pid=118399) process_request /opt/stack/glance/glance/api/middleware/version_negotiation.py:69}}
Dec 03 10:30:58 ubuntu devstack@g-api.service[118399]: DEBUG glance.api.middleware.version_negotiation [None req-158c8c8e-417d-4e77-af7d-b0c219906768 tempest-ImageDependencyTests-1892880756 tempest-ImageDependencyTests-1892880756-project-member] new path /v2/images/e9d4a6f8-e98e-40cb-a425-3638676bc2de {{(pid=118399) process_request /opt/stack/glance/glance/api/middleware/version_negotiation.py:70}}
Dec 03 10:30:58 ubuntu devstack@g-api.service[118399]: [pid: 118399|app: 0|req: 31/60] 127.0.0.1 () {42 vars in 1045 bytes} [Tue Dec  3 10:30:58 2024] GET /v2/images/e9d4a6f8-e98e-40cb-a425-3638676bc2de => generated 807 bytes in 14 msecs (HTTP/1.1 200) 4 headers in 157 bytes (1 switches on core 0)
Dec 03 10:30:58 ubuntu devstack@g-api.service[118400]: DEBUG glance.api.middleware.version_negotiation [None req-158c8c8e-417d-4e77-af7d-b0c219906768 tempest-ImageDependencyTests-1892880756 tempest-ImageDependencyTests-1892880756-project-member] Determining version of request: GET /v2/schemas/image Accept: */* {{(pid=118400) process_request /opt/stack/glance/glance/api/middleware/version_negotiation.py:44}}
Dec 03 10:30:58 ubuntu devstack@g-api.service[118400]: DEBUG glance.api.middleware.version_negotiation [None req-158c8c8e-417d-4e77-af7d-b0c219906768 tempest-ImageDependencyTests-1892880756 tempest-ImageDependencyTests-1892880756-project-member] Using url versioning {{(pid=118400) process_request /opt/stack/glance/glance/api/middleware/version_negotiation.py:57}}
Dec 03 10:30:58 ubuntu devstack@g-api.service[118400]: DEBUG glance.api.middleware.version_negotiation [None req-158c8c8e-417d-4e77-af7d-b0c219906768 tempest-ImageDependencyTests-1892880756 tempest-ImageDependencyTests-1892880756-project-member] Matched version: v2 {{(pid=118400) process_request /opt/stack/glance/glance/api/middleware/version_negotiation.py:69}}
Dec 03 10:30:58 ubuntu devstack@g-api.service[118400]: DEBUG glance.api.middleware.version_negotiation [None req-158c8c8e-417d-4e77-af7d-b0c219906768 tempest-ImageDependencyTests-1892880756 tempest-ImageDependencyTests-1892880756-project-member] new path /v2/schemas/image {{(pid=118400) process_request /opt/stack/glance/glance/api/middleware/version_negotiation.py:70}}
Dec 03 10:30:58 ubuntu devstack@g-api.service[118400]: [pid: 118400|app: 0|req: 30/61] 127.0.0.1 () {42 vars in 985 bytes} [Tue Dec  3 10:30:58 2024] GET /v2/schemas/image => generated 6083 bytes in 4 msecs (HTTP/1.1 200) 4 headers in 158 bytes (1 switches on core 0)
Dec 03 10:30:59 ubuntu devstack@g-api.service[118399]: DEBUG glance.api.middleware.version_negotiation [None req-158c8c8e-417d-4e77-af7d-b0c219906768 tempest-ImageDependencyTests-1892880756 tempest-ImageDependencyTests-1892880756-project-member] Determining version of request: GET /v2/images/e9d4a6f8-e98e-40cb-a425-3638676bc2de Accept: */* {{(pid=118399) process_request /opt/stack/glance/glance/api/middleware/version_negotiation.py:44}}
Dec 03 10:30:59 ubuntu devstack@g-api.service[118399]: DEBUG glance.api.middleware.version_negotiation [None req-158c8c8e-417d-4e77-af7d-b0c219906768 tempest-ImageDependencyTests-1892880756 tempest-ImageDependencyTests-1892880756-project-member] Using url versioning {{(pid=118399) process_request /opt/stack/glance/glance/api/middleware/version_negotiation.py:57}}
Dec 03 10:30:59 ubuntu devstack@g-api.service[118399]: DEBUG glance.api.middleware.version_negotiation [None req-158c8c8e-417d-4e77-af7d-b0c219906768 tempest-ImageDependencyTests-1892880756 tempest-ImageDependencyTests-1892880756-project-member] Matched version: v2 {{(pid=118399) process_request /opt/stack/glance/glance/api/middleware/version_negotiation.py:69}}
Dec 03 10:30:59 ubuntu devstack@g-api.service[118399]: DEBUG glance.api.middleware.version_negotiation [None req-158c8c8e-417d-4e77-af7d-b0c219906768 tempest-ImageDependencyTests-1892880756 tempest-ImageDependencyTests-1892880756-project-member] new path /v2/images/e9d4a6f8-e98e-40cb-a425-3638676bc2de {{(pid=118399) process_request /opt/stack/glance/glance/api/middleware/version_negotiation.py:70}}
Dec 03 10:30:59 ubuntu devstack@g-api.service[118399]: [pid: 118399|app: 0|req: 32/62] 127.0.0.1 () {42 vars in 1045 bytes} [Tue Dec  3 10:30:59 2024] GET /v2/images/e9d4a6f8-e98e-40cb-a425-3638676bc2de => generated 807 bytes in 24 msecs (HTTP/1.1 200) 4 headers in 157 bytes (1 switches on core 0)
Dec 03 10:30:59 ubuntu devstack@g-api.service[118400]: DEBUG glance.api.middleware.version_negotiation [None req-158c8c8e-417d-4e77-af7d-b0c219906768 tempest-ImageDependencyTests-1892880756 tempest-ImageDependencyTests-1892880756-project-member] Determining version of request: GET /v2/schemas/image Accept: */* {{(pid=118400) process_request /opt/stack/glance/glance/api/middleware/version_negotiation.py:44}}
Dec 03 10:30:59 ubuntu devstack@g-api.service[118400]: DEBUG glance.api.middleware.version_negotiation [None req-158c8c8e-417d-4e77-af7d-b0c219906768 tempest-ImageDependencyTests-1892880756 tempest-ImageDependencyTests-1892880756-project-member] Using url versioning {{(pid=118400) process_request /opt/stack/glance/glance/api/middleware/version_negotiation.py:57}}
Dec 03 10:30:59 ubuntu devstack@g-api.service[118400]: DEBUG glance.api.middleware.version_negotiation [None req-158c8c8e-417d-4e77-af7d-b0c219906768 tempest-ImageDependencyTests-1892880756 tempest-ImageDependencyTests-1892880756-project-member] Matched version: v2 {{(pid=118400) process_request /opt/stack/glance/glance/api/middleware/version_negotiation.py:69}}
Dec 03 10:30:59 ubuntu devstack@g-api.service[118400]: DEBUG glance.api.middleware.version_negotiation [None req-158c8c8e-417d-4e77-af7d-b0c219906768 tempest-ImageDependencyTests-1892880756 tempest-ImageDependencyTests-1892880756-project-member] new path /v2/schemas/image {{(pid=118400) process_request /opt/stack/glance/glance/api/middleware/version_negotiation.py:70}}
Dec 03 10:30:59 ubuntu devstack@g-api.service[118400]: [pid: 118400|app: 0|req: 31/63] 127.0.0.1 () {42 vars in 985 bytes} [Tue Dec  3 10:30:59 2024] GET /v2/schemas/image => generated 6083 bytes in 8 msecs (HTTP/1.1 200) 4 headers in 158 bytes (1 switches on core 0)
Dec 03 10:31:00 ubuntu devstack@g-api.service[118399]: DEBUG glance.api.middleware.version_negotiation [None req-158c8c8e-417d-4e77-af7d-b0c219906768 tempest-ImageDependencyTests-1892880756 tempest-ImageDependencyTests-1892880756-project-member] Determining version of request: DELETE /v2/images/e9d4a6f8-e98e-40cb-a425-3638676bc2de Accept: application/json {{(pid=118399) process_request /opt/stack/glance/glance/api/middleware/version_negotiation.py:44}}
Dec 03 10:31:00 ubuntu devstack@g-api.service[118399]: DEBUG glance.api.middleware.version_negotiation [None req-158c8c8e-417d-4e77-af7d-b0c219906768 tempest-ImageDependencyTests-1892880756 tempest-ImageDependencyTests-1892880756-project-member] Using url versioning {{(pid=118399) process_request /opt/stack/glance/glance/api/middleware/version_negotiation.py:57}}
Dec 03 10:31:00 ubuntu devstack@g-api.service[118399]: DEBUG glance.api.middleware.version_negotiation [None req-158c8c8e-417d-4e77-af7d-b0c219906768 tempest-ImageDependencyTests-1892880756 tempest-ImageDependencyTests-1892880756-project-member] Matched version: v2 {{(pid=118399) process_request /opt/stack/glance/glance/api/middleware/version_negotiation.py:69}}
Dec 03 10:31:00 ubuntu devstack@g-api.service[118399]: DEBUG glance.api.middleware.version_negotiation [None req-158c8c8e-417d-4e77-af7d-b0c219906768 tempest-ImageDependencyTests-1892880756 tempest-ImageDependencyTests-1892880756-project-member] new path /v2/images/e9d4a6f8-e98e-40cb-a425-3638676bc2de {{(pid=118399) process_request /opt/stack/glance/glance/api/middleware/version_negotiation.py:70}}
Dec 03 10:31:00 ubuntu devstack@g-api.service[118399]: WARNING glance.api.v2.images [None req-caea5350-fd77-4b00-bc4e-841aafb5ccd5 tempest-ImageDependencyTests-1892880756 tempest-ImageDependencyTests-1892880756-project-member] After upload to backend, deletion of staged image data has failed because it cannot be found at /tmp/staging//e9d4a6f8-e98e-40cb-a425-3638676bc2de
Dec 03 10:31:00 ubuntu devstack@g-api.service[118399]: DEBUG glance_store.backend [None req-caea5350-fd77-4b00-bc4e-841aafb5ccd5 tempest-ImageDependencyTests-1892880756 tempest-ImageDependencyTests-1892880756-project-member] Attempting to import store swift {{(pid=118399) _load_store /opt/stack/data/venv/lib/python3.10/site-packages/glance_store/backend.py:216}}
Dec 03 10:31:00 ubuntu devstack@g-api.service[118399]: DEBUG glance_store.capabilities [None req-caea5350-fd77-4b00-bc4e-841aafb5ccd5 tempest-ImageDependencyTests-1892880756 tempest-ImageDependencyTests-1892880756-project-member] Store glance_store._drivers.swift.store.SingleTenantStore doesn't support updating dynamic storage capabilities. Please overwrite 'update_capabilities' method of the store to implement updating logics if needed. {{(pid=118399) update_capabilities /opt/stack/data/venv/lib/python3.10/site-packages/glance_store/capabilities.py:91}}
Dec 03 10:31:00 ubuntu devstack@g-api.service[118399]: DEBUG glance_store.driver [None req-caea5350-fd77-4b00-bc4e-841aafb5ccd5 tempest-ImageDependencyTests-1892880756 tempest-ImageDependencyTests-1892880756-project-member] Late loading location class glance_store._drivers.swift.store.StoreLocation {{(pid=118399) get_store_location_class /opt/stack/data/venv/lib/python3.10/site-packages/glance_store/driver.py:133}}
Dec 03 10:31:00 ubuntu devstack@g-api.service[118399]: DEBUG glance_store.location [None req-caea5350-fd77-4b00-bc4e-841aafb5ccd5 tempest-ImageDependencyTests-1892880756 tempest-ImageDependencyTests-1892880756-project-member] Registering scheme swift+https with {'store': <glance_store._drivers.swift.store.SingleTenantStore object at 0x7f31534266e0>, 'location_class': <class 'glance_store._drivers.swift.store.StoreLocation'>, 'store_entry': 'swift'} {{(pid=118399) register_scheme_map /opt/stack/data/venv/lib/python3.10/site-packages/glance_store/location.py:146}}
Dec 03 10:31:00 ubuntu devstack@g-api.service[118399]: DEBUG glance_store.location [None req-caea5350-fd77-4b00-bc4e-841aafb5ccd5 tempest-ImageDependencyTests-1892880756 tempest-ImageDependencyTests-1892880756-project-member] Registering scheme swift+https with {'store': <glance_store._drivers.swift.store.SingleTenantStore object at 0x7f31534266e0>, 'location_class': <class 'glance_store._drivers.swift.store.StoreLocation'>, 'store_entry': 'swift'} {{(pid=118399) register_scheme_map /opt/stack/data/venv/lib/python3.10/site-packages/glance_store/location.py:146}}
Dec 03 10:31:00 ubuntu devstack@g-api.service[118399]: DEBUG glance_store.location [None req-caea5350-fd77-4b00-bc4e-841aafb5ccd5 tempest-ImageDependencyTests-1892880756 tempest-ImageDependencyTests-1892880756-project-member] Registering scheme swift with {'store': <glance_store._drivers.swift.store.SingleTenantStore object at 0x7f31534266e0>, 'location_class': <class 'glance_store._drivers.swift.store.StoreLocation'>, 'store_entry': 'swift'} {{(pid=118399) register_scheme_map /opt/stack/data/venv/lib/python3.10/site-packages/glance_store/location.py:146}}
Dec 03 10:31:00 ubuntu devstack@g-api.service[118399]: DEBUG glance_store.location [None req-caea5350-fd77-4b00-bc4e-841aafb5ccd5 tempest-ImageDependencyTests-1892880756 tempest-ImageDependencyTests-1892880756-project-member] Registering scheme swift+https with {'store': <glance_store._drivers.swift.store.SingleTenantStore object at 0x7f31534266e0>, 'location_class': <class 'glance_store._drivers.swift.store.StoreLocation'>, 'store_entry': 'swift'} {{(pid=118399) register_scheme_map /opt/stack/data/venv/lib/python3.10/site-packages/glance_store/location.py:146}}
Dec 03 10:31:00 ubuntu devstack@g-api.service[118399]: DEBUG glance_store.location [None req-caea5350-fd77-4b00-bc4e-841aafb5ccd5 tempest-ImageDependencyTests-1892880756 tempest-ImageDependencyTests-1892880756-project-member] Registering scheme swift with {'store': <glance_store._drivers.swift.store.SingleTenantStore object at 0x7f31534266e0>, 'location_class': <class 'glance_store._drivers.swift.store.StoreLocation'>, 'store_entry': 'swift'} {{(pid=118399) register_scheme_map /opt/stack/data/venv/lib/python3.10/site-packages/glance_store/location.py:146}}
Dec 03 10:31:00 ubuntu devstack@g-api.service[118399]: DEBUG glance_store.location [None req-caea5350-fd77-4b00-bc4e-841aafb5ccd5 tempest-ImageDependencyTests-1892880756 tempest-ImageDependencyTests-1892880756-project-member] Registering scheme swift+http with {'store': <glance_store._drivers.swift.store.SingleTenantStore object at 0x7f31534266e0>, 'location_class': <class 'glance_store._drivers.swift.store.StoreLocation'>, 'store_entry': 'swift'} {{(pid=118399) register_scheme_map /opt/stack/data/venv/lib/python3.10/site-packages/glance_store/location.py:146}}
Dec 03 10:31:00 ubuntu devstack@g-api.service[118399]: DEBUG glance_store.location [None req-caea5350-fd77-4b00-bc4e-841aafb5ccd5 tempest-ImageDependencyTests-1892880756 tempest-ImageDependencyTests-1892880756-project-member] Registering scheme swift+https with {'store': <glance_store._drivers.swift.store.SingleTenantStore object at 0x7f31534266e0>, 'location_class': <class 'glance_store._drivers.swift.store.StoreLocation'>, 'store_entry': 'swift'} {{(pid=118399) register_scheme_map /opt/stack/data/venv/lib/python3.10/site-packages/glance_store/location.py:146}}
Dec 03 10:31:00 ubuntu devstack@g-api.service[118399]: DEBUG glance_store.location [None req-caea5350-fd77-4b00-bc4e-841aafb5ccd5 tempest-ImageDependencyTests-1892880756 tempest-ImageDependencyTests-1892880756-project-member] Registering scheme swift with {'store': <glance_store._drivers.swift.store.SingleTenantStore object at 0x7f31534266e0>, 'location_class': <class 'glance_store._drivers.swift.store.StoreLocation'>, 'store_entry': 'swift'} {{(pid=118399) register_scheme_map /opt/stack/data/venv/lib/python3.10/site-packages/glance_store/location.py:146}}
Dec 03 10:31:00 ubuntu devstack@g-api.service[118399]: DEBUG glance_store.location [None req-caea5350-fd77-4b00-bc4e-841aafb5ccd5 tempest-ImageDependencyTests-1892880756 tempest-ImageDependencyTests-1892880756-project-member] Registering scheme swift+http with {'store': <glance_store._drivers.swift.store.SingleTenantStore object at 0x7f31534266e0>, 'location_class': <class 'glance_store._drivers.swift.store.StoreLocation'>, 'store_entry': 'swift'} {{(pid=118399) register_scheme_map /opt/stack/data/venv/lib/python3.10/site-packages/glance_store/location.py:146}}
Dec 03 10:31:00 ubuntu devstack@g-api.service[118399]: DEBUG glance_store.location [None req-caea5350-fd77-4b00-bc4e-841aafb5ccd5 tempest-ImageDependencyTests-1892880756 tempest-ImageDependencyTests-1892880756-project-member] Registering scheme swift+config with {'store': <glance_store._drivers.swift.store.SingleTenantStore object at 0x7f31534266e0>, 'location_class': <class 'glance_store._drivers.swift.store.StoreLocation'>, 'store_entry': 'swift'} {{(pid=118399) register_scheme_map /opt/stack/data/venv/lib/python3.10/site-packages/glance_store/location.py:146}}
Dec 03 10:31:00 ubuntu devstack@g-api.service[118399]: DEBUG keystoneclient.auth.identity.v3.base [None req-caea5350-fd77-4b00-bc4e-841aafb5ccd5 tempest-ImageDependencyTests-1892880756 tempest-ImageDependencyTests-1892880756-project-member] Making authentication request to http://10.201.5.82/identity/v3/auth/tokens {{(pid=118399) get_auth_ref /opt/stack/data/venv/lib/python3.10/site-packages/keystoneclient/auth/identity/v3/base.py:185}}
Dec 03 10:31:00 ubuntu devstack@g-api.service[118399]: DEBUG keystoneclient.auth.identity.v3.base [None req-caea5350-fd77-4b00-bc4e-841aafb5ccd5 tempest-ImageDependencyTests-1892880756 tempest-ImageDependencyTests-1892880756-project-member] {"token": {"methods": ["password"], "user": {"domain": {"id": "default", "name": "Default"}, "id": "8b03b472988245b6ac3896211dca4c02", "name": "glance-swift", "password_expires_at": null}, "audit_ids": ["6J_75yAcRsCtSxAntumabg"], "expires_at": "2024-12-03T11:31:00.000000Z", "issued_at": "2024-12-03T10:31:00.000000Z", "project": {"domain": {"id": "default", "name": "Default"}, "id": "013a81d1de094ed7a8f1a3137235355c", "name": "service"}, "is_domain": false, "roles": [{"id": "80f5af54601f42bcb887bcbcc9f77c1f", "name": "service"}, {"id": "06b049a829d6469a968310c35f5bda58", "name": "ResellerAdmin"}], "catalog": [{"endpoints": [{"id": "d9d0c9dba28548edaedcd721f4dc0f01", "interface": "public", "region_id": "RegionOne", "url": "http://10.201.5.82/identity", "region": "RegionOne"}], "id": "01746e22e6f049ceb54db16a5a4d2e69", "type": "identity", "name": "keystone"}, {"endpoints": [{"id": "ca211dc55fef475daa5829a4da7d8a9c", "interface": "public", "region_id": "RegionOne", "url": "http://10.201.5.82/image", "region": "RegionOne"}], "id": "30fbc2e167f2499589793b87fb1afc36", "type": "image", "name": "glance"}, {"endpoints": [{"id": "1cdafbed4271431d885086c40b8203ee", "interface": "public", "region_id": "RegionOne", "url": "http://10.201.5.82/compute/v2/013a81d1de094ed7a8f1a3137235355c", "region": "RegionOne"}], "id": "3214e696ffc64c2499c3eacc1e144bc2", "type": "compute_legacy", "name": "nova_legacy"}, {"endpoints": [{"id": "610bf55046794321b277dd574401f34e", "interface": "public", "region_id": "RegionOne", "url": "http://10.201.5.82/compute/v2.1", "region": "RegionOne"}], "id": "4e0993116c124b60816d55c58fef7063", "type": "compute", "name": "nova"}, {"endpoints": [{"id": "d52d858eb6fa4662b4fbceb8097bb7c0", "interface": "public", "region_id": "RegionOne", "url": "http://10.201.5.82:9696/networking", "region": "RegionOne"}], "id": "4fb571a627b94f1986814db1f7a56623", "type": "network", "name": "neutron"}, {"endpoints": [{"id": "40f840485c2e43cabc240cfcf2ccc7c4", "interface": "public", "region_id": "RegionOne", "url": "http://10.201.5.82/volume/v3", "region": "RegionOne"}], "id": "8747bcdb0f3a41f49e206ccbb9dca7c0", "type": "block-storage", "name": "cinder"}, {"endpoints": [{"id": "403175bf81c5477c96fd716b957c7106", "interface": "admin", "region_id": "RegionOne", "url": "http://10.201.5.82:8080", "region": "RegionOne"}, {"id": "fc11fea690c546e684a230ea47abd782", "interface": "public", "region_id": "RegionOne", "url": "http://10.201.5.82:8080/v1/AUTH_013a81d1de094ed7a8f1a3137235355c", "region": "RegionOne"}], "id": "9faba4b485c04c2b98fca54bb9a7f52e", "type": "object-store", "name": "swift"}, {"endpoints": [{"id": "ef2e1283b18e4dfb838b91341bf5d3b7", "interface": "public", "region_id": "RegionOne", "url": "http://10.201.5.82/placement", "region": "RegionOne"}], "id": "b56ec688a9334925ada4e8df523f17ef", "type": "placement", "name": "placement"}]}} {{(pid=118399) get_auth_ref /opt/stack/data/venv/lib/python3.10/site-packages/keystoneclient/auth/identity/v3/base.py:190}}
Dec 03 10:31:00 ubuntu devstack@g-api.service[118399]: DEBUG keystoneclient.httpclient [None req-caea5350-fd77-4b00-bc4e-841aafb5ccd5 tempest-ImageDependencyTests-1892880756 tempest-ImageDependencyTests-1892880756-project-member] Failed to find endpoint for management url admin endpoint for identity service not found {{(pid=118399) _process_management_url /opt/stack/data/venv/lib/python3.10/site-packages/keystoneclient/httpclient.py:670}}
Dec 03 10:31:00 ubuntu devstack@g-api.service[118399]: DEBUG swiftclient [None req-caea5350-fd77-4b00-bc4e-841aafb5ccd5 tempest-ImageDependencyTests-1892880756 tempest-ImageDependencyTests-1892880756-project-member] REQ: curl -i http://10.201.5.82:8080/v1/AUTH_013a81d1de094ed7a8f1a3137235355c/glance/e9d4a6f8-e98e-40cb-a425-3638676bc2de -I -H "X-Auth-Token: gAAAAABnTt3kAhsu..." {{(pid=118399) http_log /opt/stack/data/venv/lib/python3.10/site-packages/swiftclient/client.py:160}}
Dec 03 10:31:00 ubuntu devstack@g-api.service[118399]: DEBUG swiftclient [None req-caea5350-fd77-4b00-bc4e-841aafb5ccd5 tempest-ImageDependencyTests-1892880756 tempest-ImageDependencyTests-1892880756-project-member] RESP STATUS: 200 OK {{(pid=118399) http_log /opt/stack/data/venv/lib/python3.10/site-packages/swiftclient/client.py:161}}
Dec 03 10:31:00 ubuntu devstack@g-api.service[118399]: DEBUG swiftclient [None req-caea5350-fd77-4b00-bc4e-841aafb5ccd5 tempest-ImageDependencyTests-1892880756 tempest-ImageDependencyTests-1892880756-project-member] RESP HEADERS: {'Content-Type': 'application/octet-stream', 'Content-Length': '1024', 'Etag': 'aa66316ee4a30c05d4831e6563231d95', 'Last-Modified': 'Tue, 03 Dec 2024 10:30:54 GMT', 'X-Timestamp': '1733221853.51359', 'Accept-Ranges': 'bytes', 'X-Trans-Id': 'tx2002ada7738346a7be05f-00674edde4', 'X-Openstack-Request-Id': 'tx2002ada7738346a7be05f-00674edde4', 'Date': 'Tue, 03 Dec 2024 10:31:00 GMT'} {{(pid=118399) http_log /opt/stack/data/venv/lib/python3.10/site-packages/swiftclient/client.py:162}}
Dec 03 10:31:00 ubuntu devstack@g-api.service[118399]: DEBUG swiftclient [None req-caea5350-fd77-4b00-bc4e-841aafb5ccd5 tempest-ImageDependencyTests-1892880756 tempest-ImageDependencyTests-1892880756-project-member] REQ: curl -i http://10.201.5.82:8080/v1/AUTH_013a81d1de094ed7a8f1a3137235355c/glance/e9d4a6f8-e98e-40cb-a425-3638676bc2de DELETE -H "X-Auth-Token: gAAAAABnTt3kAhsu..." {{(pid=118399) http_log /opt/stack/data/venv/lib/python3.10/site-packages/swiftclient/client.py:160}}
Dec 03 10:31:00 ubuntu devstack@g-api.service[118399]: DEBUG swiftclient [None req-caea5350-fd77-4b00-bc4e-841aafb5ccd5 tempest-ImageDependencyTests-1892880756 tempest-ImageDependencyTests-1892880756-project-member] RESP STATUS: 204 No Content {{(pid=118399) http_log /opt/stack/data/venv/lib/python3.10/site-packages/swiftclient/client.py:161}}
Dec 03 10:31:00 ubuntu devstack@g-api.service[118399]: DEBUG swiftclient [None req-caea5350-fd77-4b00-bc4e-841aafb5ccd5 tempest-ImageDependencyTests-1892880756 tempest-ImageDependencyTests-1892880756-project-member] RESP HEADERS: {'Content-Type': 'text/html; charset=UTF-8', 'Content-Length': '0', 'X-Trans-Id': 'txb8b2ff3d1c6045fd95fb1-00674edde4', 'X-Openstack-Request-Id': 'txb8b2ff3d1c6045fd95fb1-00674edde4', 'Date': 'Tue, 03 Dec 2024 10:31:00 GMT'} {{(pid=118399) http_log /opt/stack/data/venv/lib/python3.10/site-packages/swiftclient/client.py:162}}
Dec 03 10:31:00 ubuntu devstack@g-api.service[118399]: DEBUG glance.api.middleware.cache [None req-caea5350-fd77-4b00-bc4e-841aafb5ccd5 tempest-ImageDependencyTests-1892880756 tempest-ImageDependencyTests-1892880756-project-member] Removing image e9d4a6f8-e98e-40cb-a425-3638676bc2de from cache {{(pid=118399) _process_DELETE_response /opt/stack/glance/glance/api/middleware/cache.py:264}}
Dec 03 10:31:00 ubuntu devstack@g-api.service[118399]: DEBUG glance.image_cache.drivers.centralized_db [None req-caea5350-fd77-4b00-bc4e-841aafb5ccd5 tempest-ImageDependencyTests-1892880756 tempest-ImageDependencyTests-1892880756-project-member] Deleting image cache file '/opt/stack/data/glance/cache/e9d4a6f8-e98e-40cb-a425-3638676bc2de' {{(pid=118399) delete_cached_file /opt/stack/glance/glance/image_cache/drivers/centralized_db.py:387}}
Dec 03 10:31:00 ubuntu devstack@g-api.service[118399]: [pid: 118399|app: 0|req: 33/64] 127.0.0.1 () {38 vars in 773 bytes} [Tue Dec  3 10:31:00 2024] DELETE /v2/images/e9d4a6f8-e98e-40cb-a425-3638676bc2de => generated 0 bytes in 202 msecs (HTTP/1.1 204) 4 headers in 171 bytes (1 switches on core 0)
Dec 03 10:31:00 ubuntu devstack@g-api.service[118400]: DEBUG glance.api.middleware.version_negotiation [None req-158c8c8e-417d-4e77-af7d-b0c219906768 tempest-ImageDependencyTests-1892880756 tempest-ImageDependencyTests-1892880756-project-member] Determining version of request: GET /v2/images/e9d4a6f8-e98e-40cb-a425-3638676bc2de Accept: application/json {{(pid=118400) process_request /opt/stack/glance/glance/api/middleware/version_negotiation.py:44}}
Dec 03 10:31:00 ubuntu devstack@g-api.service[118400]: DEBUG glance.api.middleware.version_negotiation [None req-158c8c8e-417d-4e77-af7d-b0c219906768 tempest-ImageDependencyTests-1892880756 tempest-ImageDependencyTests-1892880756-project-member] Using url versioning {{(pid=118400) process_request /opt/stack/glance/glance/api/middleware/version_negotiation.py:57}}
Dec 03 10:31:00 ubuntu devstack@g-api.service[118400]: DEBUG glance.api.middleware.version_negotiation [None req-158c8c8e-417d-4e77-af7d-b0c219906768 tempest-ImageDependencyTests-1892880756 tempest-ImageDependencyTests-1892880756-project-member] Matched version: v2 {{(pid=118400) process_request /opt/stack/glance/glance/api/middleware/version_negotiation.py:69}}
Dec 03 10:31:00 ubuntu devstack@g-api.service[118400]: DEBUG glance.api.middleware.version_negotiation [None req-158c8c8e-417d-4e77-af7d-b0c219906768 tempest-ImageDependencyTests-1892880756 tempest-ImageDependencyTests-1892880756-project-member] new path /v2/images/e9d4a6f8-e98e-40cb-a425-3638676bc2de {{(pid=118400) process_request /opt/stack/glance/glance/api/middleware/version_negotiation.py:70}}
Dec 03 10:31:00 ubuntu devstack@g-api.service[118400]: DEBUG glance.db.sqlalchemy.api [None req-27cff9fb-1216-4f9f-8d9a-1539e7f59de3 tempest-ImageDependencyTests-1892880756 tempest-ImageDependencyTests-1892880756-project-member] No image found with ID e9d4a6f8-e98e-40cb-a425-3638676bc2de {{(pid=118400) _image_get /opt/stack/glance/glance/db/sqlalchemy/api.py:309}}
Dec 03 10:31:00 ubuntu devstack@g-api.service[118400]: [pid: 118400|app: 0|req: 32/65] 127.0.0.1 () {38 vars in 770 bytes} [Tue Dec  3 10:31:00 2024] GET /v2/images/e9d4a6f8-e98e-40cb-a425-3638676bc2de => generated 139 bytes in 13 msecs (HTTP/1.1 404) 4 headers in 164 bytes (1 switches on core 0)
Dec 03 10:31:10 ubuntu devstack@g-api.service[118399]: DEBUG dbcounter [-] [118399] Writing DB stats glance:SELECT=52,glance:UPDATE=9,glance:INSERT=1,glance:DELETE=1 {{(pid=118399) stat_writer /opt/stack/data/venv/lib/python3.10/site-packages/dbcounter.py:115}}
Dec 03 10:31:10 ubuntu devstack@g-api.service[118400]: DEBUG dbcounter [-] [118400] Writing DB stats glance:SELECT=32,glance:INSERT=2,glance:UPDATE=1 {{(pid=118400) stat_writer /opt/stack/data/venv/lib/python3.10/site-packages/dbcounter.py:115}}
