Aug 05 13:25:15 ubuntu devstack@g-api.service[132390]: DEBUG glance.api.middleware.version_negotiation [None req-1e2dd7c1-e55d-46ee-a39c-cd97972de6ff None None] Using url versioning {{(pid=132390) process_request /opt/stack/glance/glance/api/middleware/version_negotiation.py:57}}
Aug 05 13:25:15 ubuntu devstack@g-api.service[132391]: DEBUG glance.common.config [None req-68a70857-c52b-4564-bc47-17dae2f48175 None None] ******************************************************************************** {{(pid=132391) log_opt_values /opt/stack/data/venv/lib/python3.10/site-packages/oslo_config/cfg.py:2828}}
Aug 05 13:25:15 ubuntu devstack@g-api.service[132390]: DEBUG glance.api.middleware.version_negotiation [None req-1e2dd7c1-e55d-46ee-a39c-cd97972de6ff None None] Unknown version. Returning version choices. {{(pid=132390) process_request /opt/stack/glance/glance/api/middleware/version_negotiation.py:64}}
Aug 05 13:25:15 ubuntu devstack@g-api.service[132391]: WSGI app 0 (mountpoint='') ready in 2 seconds on interpreter 0x55991c029280 pid: 132391 (default app)
Aug 05 13:25:15 ubuntu devstack@g-api.service[132390]: [pid: 132390|app: 0|req: 1/1] 127.0.0.1 () {32 vars in 386 bytes} [Tue Aug  5 13:25:15 2025] GET / => generated 1407 bytes in 80 msecs (HTTP/1.1 300) 3 headers in 106 bytes (1 switches on core 0)
Aug 05 13:25:19 ubuntu devstack@g-api.service[132391]: DEBUG glance.api.middleware.version_negotiation [None req-68a70857-c52b-4564-bc47-17dae2f48175 None None] Determining version of request: GET / Accept: application/json {{(pid=132391) process_request /opt/stack/glance/glance/api/middleware/version_negotiation.py:44}}
Aug 05 13:25:19 ubuntu devstack@g-api.service[132391]: DEBUG glance.api.middleware.version_negotiation [None req-68a70857-c52b-4564-bc47-17dae2f48175 None None] Using url versioning {{(pid=132391) process_request /opt/stack/glance/glance/api/middleware/version_negotiation.py:57}}
Aug 05 13:25:19 ubuntu devstack@g-api.service[132391]: DEBUG glance.api.middleware.version_negotiation [None req-68a70857-c52b-4564-bc47-17dae2f48175 None None] Unknown version. Returning version choices. {{(pid=132391) process_request /opt/stack/glance/glance/api/middleware/version_negotiation.py:64}}
Aug 05 13:25:19 ubuntu devstack@g-api.service[132391]: [pid: 132391|app: 0|req: 1/2] 127.0.0.1 () {34 vars in 503 bytes} [Tue Aug  5 13:25:19 2025] GET / => generated 1407 bytes in 111 msecs (HTTP/1.1 300) 3 headers in 106 bytes (1 switches on core 0)
Aug 05 13:25:19 ubuntu devstack@g-api.service[132390]: DEBUG glance.api.middleware.version_negotiation [None req-1e2dd7c1-e55d-46ee-a39c-cd97972de6ff None None] Determining version of request: POST /v2/images Accept: */* {{(pid=132390) process_request /opt/stack/glance/glance/api/middleware/version_negotiation.py:44}}
Aug 05 13:25:19 ubuntu devstack@g-api.service[132390]: DEBUG glance.api.middleware.version_negotiation [None req-1e2dd7c1-e55d-46ee-a39c-cd97972de6ff None None] Using url versioning {{(pid=132390) process_request /opt/stack/glance/glance/api/middleware/version_negotiation.py:57}}
Aug 05 13:25:19 ubuntu devstack@g-api.service[132390]: DEBUG glance.api.middleware.version_negotiation [None req-1e2dd7c1-e55d-46ee-a39c-cd97972de6ff None None] Matched version: v2 {{(pid=132390) process_request /opt/stack/glance/glance/api/middleware/version_negotiation.py:69}}
Aug 05 13:25:19 ubuntu devstack@g-api.service[132390]: DEBUG glance.api.middleware.version_negotiation [None req-1e2dd7c1-e55d-46ee-a39c-cd97972de6ff None None] new path /v2/images {{(pid=132390) process_request /opt/stack/glance/glance/api/middleware/version_negotiation.py:70}}
Aug 05 13:25:20 ubuntu devstack@g-api.service[132390]: [pid: 132390|app: 0|req: 2/3] 127.0.0.1 () {40 vars in 766 bytes} [Tue Aug  5 13:25:19 2025] POST /v2/images => generated 807 bytes in 963 msecs (HTTP/1.1 201) 6 headers in 314 bytes (1 switches on core 0)
Aug 05 13:25:20 ubuntu devstack@g-api.service[132391]: DEBUG glance.api.middleware.version_negotiation [None req-68a70857-c52b-4564-bc47-17dae2f48175 None None] Determining version of request: PUT /v2/images/5d224f5e-b757-4418-a399-2006d4894314/file Accept:  {{(pid=132391) process_request /opt/stack/glance/glance/api/middleware/version_negotiation.py:44}}
Aug 05 13:25:20 ubuntu devstack@g-api.service[132391]: DEBUG glance.api.middleware.version_negotiation [None req-68a70857-c52b-4564-bc47-17dae2f48175 None None] Using url versioning {{(pid=132391) process_request /opt/stack/glance/glance/api/middleware/version_negotiation.py:57}}
Aug 05 13:25:20 ubuntu devstack@g-api.service[132391]: DEBUG glance.api.middleware.version_negotiation [None req-68a70857-c52b-4564-bc47-17dae2f48175 None None] Matched version: v2 {{(pid=132391) process_request /opt/stack/glance/glance/api/middleware/version_negotiation.py:69}}
Aug 05 13:25:20 ubuntu devstack@g-api.service[132391]: DEBUG glance.api.middleware.version_negotiation [None req-68a70857-c52b-4564-bc47-17dae2f48175 None None] new path /v2/images/5d224f5e-b757-4418-a399-2006d4894314/file {{(pid=132391) process_request /opt/stack/glance/glance/api/middleware/version_negotiation.py:70}}
Aug 05 13:25:21 ubuntu devstack@g-api.service[132391]: INFO glance.api.v2.image_data [None req-44ba9615-1589-45f9-a97a-878760509aaf admin admin] Unable to create trust: no such option collect_timing in group [keystone_authtoken] Use the existing user token.
Aug 05 13:25:21 ubuntu devstack@g-api.service[132391]: DEBUG glance.location [None req-44ba9615-1589-45f9-a97a-878760509aaf admin admin] Enabling in-flight format inspection for qcow2 {{(pid=132391) set_data /opt/stack/glance/glance/location.py:586}}
Aug 05 13:25:21 ubuntu devstack@g-api.service[132391]: DEBUG glance_store.backend [None req-44ba9615-1589-45f9-a97a-878760509aaf admin admin] Attempting to import store swift {{(pid=132391) _load_store /opt/stack/data/venv/lib/python3.10/site-packages/glance_store/backend.py:216}}
Aug 05 13:25:21 ubuntu devstack@g-api.service[132391]: DEBUG glance_store.capabilities [None req-44ba9615-1589-45f9-a97a-878760509aaf admin admin] Store glance_store._drivers.swift.store.SingleTenantStore doesn't support updating dynamic storage capabilities. Please overwrite 'update_capabilities' method of the store to implement updating logics if needed. {{(pid=132391) update_capabilities /opt/stack/data/venv/lib/python3.10/site-packages/glance_store/capabilities.py:91}}
Aug 05 13:25:21 ubuntu devstack@g-api.service[132391]: DEBUG glance_store.driver [None req-44ba9615-1589-45f9-a97a-878760509aaf admin admin] Late loading location class glance_store._drivers.swift.store.StoreLocation {{(pid=132391) get_store_location_class /opt/stack/data/venv/lib/python3.10/site-packages/glance_store/driver.py:136}}
Aug 05 13:25:21 ubuntu devstack@g-api.service[132391]: DEBUG glance_store.location [None req-44ba9615-1589-45f9-a97a-878760509aaf admin admin] Registering scheme swift+https with {'store': <glance_store._drivers.swift.store.SingleTenantStore object at 0x7f2e5a288e50>, 'location_class': <class 'glance_store._drivers.swift.store.StoreLocation'>, 'store_entry': 'swift'} {{(pid=132391) register_scheme_map /opt/stack/data/venv/lib/python3.10/site-packages/glance_store/location.py:146}}
Aug 05 13:25:21 ubuntu devstack@g-api.service[132391]: DEBUG glance_store.location [None req-44ba9615-1589-45f9-a97a-878760509aaf admin admin] Registering scheme swift+https with {'store': <glance_store._drivers.swift.store.SingleTenantStore object at 0x7f2e5a288e50>, 'location_class': <class 'glance_store._drivers.swift.store.StoreLocation'>, 'store_entry': 'swift'} {{(pid=132391) register_scheme_map /opt/stack/data/venv/lib/python3.10/site-packages/glance_store/location.py:146}}
Aug 05 13:25:21 ubuntu devstack@g-api.service[132391]: DEBUG glance_store.location [None req-44ba9615-1589-45f9-a97a-878760509aaf admin admin] Registering scheme swift with {'store': <glance_store._drivers.swift.store.SingleTenantStore object at 0x7f2e5a288e50>, 'location_class': <class 'glance_store._drivers.swift.store.StoreLocation'>, 'store_entry': 'swift'} {{(pid=132391) register_scheme_map /opt/stack/data/venv/lib/python3.10/site-packages/glance_store/location.py:146}}
Aug 05 13:25:21 ubuntu devstack@g-api.service[132391]: DEBUG glance_store.location [None req-44ba9615-1589-45f9-a97a-878760509aaf admin admin] Registering scheme swift+https with {'store': <glance_store._drivers.swift.store.SingleTenantStore object at 0x7f2e5a288e50>, 'location_class': <class 'glance_store._drivers.swift.store.StoreLocation'>, 'store_entry': 'swift'} {{(pid=132391) register_scheme_map /opt/stack/data/venv/lib/python3.10/site-packages/glance_store/location.py:146}}
Aug 05 13:25:21 ubuntu devstack@g-api.service[132391]: DEBUG glance_store.location [None req-44ba9615-1589-45f9-a97a-878760509aaf admin admin] Registering scheme swift with {'store': <glance_store._drivers.swift.store.SingleTenantStore object at 0x7f2e5a288e50>, 'location_class': <class 'glance_store._drivers.swift.store.StoreLocation'>, 'store_entry': 'swift'} {{(pid=132391) register_scheme_map /opt/stack/data/venv/lib/python3.10/site-packages/glance_store/location.py:146}}
Aug 05 13:25:21 ubuntu devstack@g-api.service[132391]: DEBUG glance_store.location [None req-44ba9615-1589-45f9-a97a-878760509aaf admin admin] Registering scheme swift+http with {'store': <glance_store._drivers.swift.store.SingleTenantStore object at 0x7f2e5a288e50>, 'location_class': <class 'glance_store._drivers.swift.store.StoreLocation'>, 'store_entry': 'swift'} {{(pid=132391) register_scheme_map /opt/stack/data/venv/lib/python3.10/site-packages/glance_store/location.py:146}}
Aug 05 13:25:21 ubuntu devstack@g-api.service[132391]: DEBUG glance_store.location [None req-44ba9615-1589-45f9-a97a-878760509aaf admin admin] Registering scheme swift+https with {'store': <glance_store._drivers.swift.store.SingleTenantStore object at 0x7f2e5a288e50>, 'location_class': <class 'glance_store._drivers.swift.store.StoreLocation'>, 'store_entry': 'swift'} {{(pid=132391) register_scheme_map /opt/stack/data/venv/lib/python3.10/site-packages/glance_store/location.py:146}}
Aug 05 13:25:21 ubuntu devstack@g-api.service[132391]: DEBUG glance_store.location [None req-44ba9615-1589-45f9-a97a-878760509aaf admin admin] Registering scheme swift with {'store': <glance_store._drivers.swift.store.SingleTenantStore object at 0x7f2e5a288e50>, 'location_class': <class 'glance_store._drivers.swift.store.StoreLocation'>, 'store_entry': 'swift'} {{(pid=132391) register_scheme_map /opt/stack/data/venv/lib/python3.10/site-packages/glance_store/location.py:146}}
Aug 05 13:25:21 ubuntu devstack@g-api.service[132391]: DEBUG glance_store.location [None req-44ba9615-1589-45f9-a97a-878760509aaf admin admin] Registering scheme swift+http with {'store': <glance_store._drivers.swift.store.SingleTenantStore object at 0x7f2e5a288e50>, 'location_class': <class 'glance_store._drivers.swift.store.StoreLocation'>, 'store_entry': 'swift'} {{(pid=132391) register_scheme_map /opt/stack/data/venv/lib/python3.10/site-packages/glance_store/location.py:146}}
Aug 05 13:25:21 ubuntu devstack@g-api.service[132391]: DEBUG glance_store.location [None req-44ba9615-1589-45f9-a97a-878760509aaf admin admin] Registering scheme swift+config with {'store': <glance_store._drivers.swift.store.SingleTenantStore object at 0x7f2e5a288e50>, 'location_class': <class 'glance_store._drivers.swift.store.StoreLocation'>, 'store_entry': 'swift'} {{(pid=132391) register_scheme_map /opt/stack/data/venv/lib/python3.10/site-packages/glance_store/location.py:146}}
Aug 05 13:25:22 ubuntu devstack@g-api.service[132391]: INFO swiftclient [None req-44ba9615-1589-45f9-a97a-878760509aaf admin admin] REQ: curl -i http://10.201.5.82:8080/v1/AUTH_c9248977b1fc4c539e2f8003321b41ac/glance -I -H "X-Auth-Token: gAAAAABokgZC2ox6..."
Aug 05 13:25:22 ubuntu devstack@g-api.service[132391]: INFO swiftclient [None req-44ba9615-1589-45f9-a97a-878760509aaf admin admin] RESP STATUS: 404 Not Found
Aug 05 13:25:22 ubuntu devstack@g-api.service[132391]: INFO swiftclient [None req-44ba9615-1589-45f9-a97a-878760509aaf admin admin] RESP HEADERS: {'Content-Type': 'text/html; charset=UTF-8', 'Content-Length': '0', 'X-Container-Sharding': 'False', 'X-Trans-Id': 'txa8b69875633d483a974b5-0068920642', 'X-Openstack-Request-Id': 'txa8b69875633d483a974b5-0068920642', 'Date': 'Tue, 05 Aug 2025 13:25:22 GMT'}
Aug 05 13:25:22 ubuntu devstack@g-api.service[132391]: INFO glance_store._drivers.swift.store [None req-44ba9615-1589-45f9-a97a-878760509aaf admin admin] Creating swift container glance
Aug 05 13:25:22 ubuntu devstack@g-api.service[132391]: DEBUG swiftclient [None req-44ba9615-1589-45f9-a97a-878760509aaf admin admin] REQ: curl -i http://10.201.5.82:8080/v1/AUTH_c9248977b1fc4c539e2f8003321b41ac/glance -X PUT -H "X-Auth-Token: gAAAAABokgZC2ox6..." -H "Content-Length: 0" {{(pid=132391) http_log /opt/stack/data/venv/lib/python3.10/site-packages/swiftclient/client.py:160}}
Aug 05 13:25:22 ubuntu devstack@g-api.service[132391]: DEBUG swiftclient [None req-44ba9615-1589-45f9-a97a-878760509aaf admin admin] RESP STATUS: 201 Created {{(pid=132391) http_log /opt/stack/data/venv/lib/python3.10/site-packages/swiftclient/client.py:161}}
Aug 05 13:25:22 ubuntu devstack@g-api.service[132391]: DEBUG swiftclient [None req-44ba9615-1589-45f9-a97a-878760509aaf admin admin] RESP HEADERS: {'Content-Type': 'text/html; charset=UTF-8', 'Content-Length': '0', 'X-Trans-Id': 'tx0a7b61c139804e04acc2d-0068920642', 'X-Openstack-Request-Id': 'tx0a7b61c139804e04acc2d-0068920642', 'Date': 'Tue, 05 Aug 2025 13:25:22 GMT'} {{(pid=132391) http_log /opt/stack/data/venv/lib/python3.10/site-packages/swiftclient/client.py:162}}
Aug 05 13:25:22 ubuntu devstack@g-api.service[132391]: DEBUG glance_store._drivers.swift.store [None req-44ba9615-1589-45f9-a97a-878760509aaf admin admin] Adding image object '5d224f5e-b757-4418-a399-2006d4894314' to Swift {{(pid=132391) add /opt/stack/data/venv/lib/python3.10/site-packages/glance_store/_drivers/swift/store.py:934}}
Aug 05 13:25:22 ubuntu devstack@g-api.service[132391]: DEBUG oslo_utils.imageutils.format_inspector [None req-44ba9615-1589-45f9-a97a-878760509aaf admin admin] Format inspector for vmdk does not match, excluding from consideration (Signature KDMV not found: b'QFI\xfb') {{(pid=132391) _process_chunk /opt/stack/data/venv/lib/python3.10/site-packages/oslo_utils/imageutils/format_inspector.py:1365}}
Aug 05 13:25:22 ubuntu devstack@g-api.service[132391]: DEBUG oslo_utils.imageutils.format_inspector [None req-44ba9615-1589-45f9-a97a-878760509aaf admin admin] Format inspector for vhdx does not match, excluding from consideration (Region signature not found at 30000) {{(pid=132391) _process_chunk /opt/stack/data/venv/lib/python3.10/site-packages/oslo_utils/imageutils/format_inspector.py:1365}}
Aug 05 13:25:22 ubuntu devstack@g-api.service[132391]: DEBUG swiftclient [None req-44ba9615-1589-45f9-a97a-878760509aaf admin admin] REQ: curl -i http://10.201.5.82:8080/v1/AUTH_c9248977b1fc4c539e2f8003321b41ac/glance/5d224f5e-b757-4418-a399-2006d4894314 -X PUT -H "X-Auth-Token: gAAAAABokgZC2ox6..." -H "Content-Length: 21692416" {{(pid=132391) http_log /opt/stack/data/venv/lib/python3.10/site-packages/swiftclient/client.py:160}}
Aug 05 13:25:22 ubuntu devstack@g-api.service[132391]: DEBUG swiftclient [None req-44ba9615-1589-45f9-a97a-878760509aaf admin admin] RESP STATUS: 201 Created {{(pid=132391) http_log /opt/stack/data/venv/lib/python3.10/site-packages/swiftclient/client.py:161}}
Aug 05 13:25:22 ubuntu devstack@g-api.service[132391]: DEBUG swiftclient [None req-44ba9615-1589-45f9-a97a-878760509aaf admin admin] RESP HEADERS: {'Content-Type': 'text/html; charset=UTF-8', 'Content-Length': '0', 'Etag': '87617e24a5e30cb3b87fda8c0764838f', 'Last-Modified': 'Tue, 05 Aug 2025 13:25:23 GMT', 'X-Trans-Id': 'tx911319a1e13d47ae9e646-0068920642', 'X-Openstack-Request-Id': 'tx911319a1e13d47ae9e646-0068920642', 'Date': 'Tue, 05 Aug 2025 13:25:22 GMT'} {{(pid=132391) http_log /opt/stack/data/venv/lib/python3.10/site-packages/swiftclient/client.py:162}}
Aug 05 13:25:22 ubuntu devstack@g-api.service[132391]: INFO glance.location [None req-44ba9615-1589-45f9-a97a-878760509aaf admin admin] Image format matched and virtual size computed: 117440512
Aug 05 13:25:22 ubuntu devstack@g-api.service[132391]: DEBUG glance_store.backend [None req-44ba9615-1589-45f9-a97a-878760509aaf admin admin] Attempting to import store swift {{(pid=132391) _load_store /opt/stack/data/venv/lib/python3.10/site-packages/glance_store/backend.py:216}}
Aug 05 13:25:22 ubuntu devstack@g-api.service[132391]: DEBUG glance_store.capabilities [None req-44ba9615-1589-45f9-a97a-878760509aaf admin admin] Store glance_store._drivers.swift.store.SingleTenantStore doesn't support updating dynamic storage capabilities. Please overwrite 'update_capabilities' method of the store to implement updating logics if needed. {{(pid=132391) update_capabilities /opt/stack/data/venv/lib/python3.10/site-packages/glance_store/capabilities.py:91}}
Aug 05 13:25:22 ubuntu devstack@g-api.service[132391]: DEBUG glance_store.driver [None req-44ba9615-1589-45f9-a97a-878760509aaf admin admin] Late loading location class glance_store._drivers.swift.store.StoreLocation {{(pid=132391) get_store_location_class /opt/stack/data/venv/lib/python3.10/site-packages/glance_store/driver.py:136}}
Aug 05 13:25:22 ubuntu devstack@g-api.service[132391]: DEBUG glance_store.location [None req-44ba9615-1589-45f9-a97a-878760509aaf admin admin] Registering scheme swift+https with {'store': <glance_store._drivers.swift.store.SingleTenantStore object at 0x7f2e5a44a6e0>, 'location_class': <class 'glance_store._drivers.swift.store.StoreLocation'>, 'store_entry': 'swift'} {{(pid=132391) register_scheme_map /opt/stack/data/venv/lib/python3.10/site-packages/glance_store/location.py:146}}
Aug 05 13:25:22 ubuntu devstack@g-api.service[132391]: DEBUG glance_store.location [None req-44ba9615-1589-45f9-a97a-878760509aaf admin admin] Registering scheme swift+https with {'store': <glance_store._drivers.swift.store.SingleTenantStore object at 0x7f2e5a44a6e0>, 'location_class': <class 'glance_store._drivers.swift.store.StoreLocation'>, 'store_entry': 'swift'} {{(pid=132391) register_scheme_map /opt/stack/data/venv/lib/python3.10/site-packages/glance_store/location.py:146}}
Aug 05 13:25:22 ubuntu devstack@g-api.service[132391]: DEBUG glance_store.location [None req-44ba9615-1589-45f9-a97a-878760509aaf admin admin] Registering scheme swift with {'store': <glance_store._drivers.swift.store.SingleTenantStore object at 0x7f2e5a44a6e0>, 'location_class': <class 'glance_store._drivers.swift.store.StoreLocation'>, 'store_entry': 'swift'} {{(pid=132391) register_scheme_map /opt/stack/data/venv/lib/python3.10/site-packages/glance_store/location.py:146}}
Aug 05 13:25:22 ubuntu devstack@g-api.service[132391]: DEBUG glance_store.location [None req-44ba9615-1589-45f9-a97a-878760509aaf admin admin] Registering scheme swift+https with {'store': <glance_store._drivers.swift.store.SingleTenantStore object at 0x7f2e5a44a6e0>, 'location_class': <class 'glance_store._drivers.swift.store.StoreLocation'>, 'store_entry': 'swift'} {{(pid=132391) register_scheme_map /opt/stack/data/venv/lib/python3.10/site-packages/glance_store/location.py:146}}
Aug 05 13:25:22 ubuntu devstack@g-api.service[132391]: DEBUG glance_store.location [None req-44ba9615-1589-45f9-a97a-878760509aaf admin admin] Registering scheme swift with {'store': <glance_store._drivers.swift.store.SingleTenantStore object at 0x7f2e5a44a6e0>, 'location_class': <class 'glance_store._drivers.swift.store.StoreLocation'>, 'store_entry': 'swift'} {{(pid=132391) register_scheme_map /opt/stack/data/venv/lib/python3.10/site-packages/glance_store/location.py:146}}
Aug 05 13:25:22 ubuntu devstack@g-api.service[132391]: DEBUG glance_store.location [None req-44ba9615-1589-45f9-a97a-878760509aaf admin admin] Registering scheme swift+http with {'store': <glance_store._drivers.swift.store.SingleTenantStore object at 0x7f2e5a44a6e0>, 'location_class': <class 'glance_store._drivers.swift.store.StoreLocation'>, 'store_entry': 'swift'} {{(pid=132391) register_scheme_map /opt/stack/data/venv/lib/python3.10/site-packages/glance_store/location.py:146}}
Aug 05 13:25:22 ubuntu devstack@g-api.service[132391]: DEBUG glance_store.location [None req-44ba9615-1589-45f9-a97a-878760509aaf admin admin] Registering scheme swift+https with {'store': <glance_store._drivers.swift.store.SingleTenantStore object at 0x7f2e5a44a6e0>, 'location_class': <class 'glance_store._drivers.swift.store.StoreLocation'>, 'store_entry': 'swift'} {{(pid=132391) register_scheme_map /opt/stack/data/venv/lib/python3.10/site-packages/glance_store/location.py:146}}
Aug 05 13:25:22 ubuntu devstack@g-api.service[132391]: DEBUG glance_store.location [None req-44ba9615-1589-45f9-a97a-878760509aaf admin admin] Registering scheme swift with {'store': <glance_store._drivers.swift.store.SingleTenantStore object at 0x7f2e5a44a6e0>, 'location_class': <class 'glance_store._drivers.swift.store.StoreLocation'>, 'store_entry': 'swift'} {{(pid=132391) register_scheme_map /opt/stack/data/venv/lib/python3.10/site-packages/glance_store/location.py:146}}
Aug 05 13:25:22 ubuntu devstack@g-api.service[132391]: DEBUG glance_store.location [None req-44ba9615-1589-45f9-a97a-878760509aaf admin admin] Registering scheme swift+http with {'store': <glance_store._drivers.swift.store.SingleTenantStore object at 0x7f2e5a44a6e0>, 'location_class': <class 'glance_store._drivers.swift.store.StoreLocation'>, 'store_entry': 'swift'} {{(pid=132391) register_scheme_map /opt/stack/data/venv/lib/python3.10/site-packages/glance_store/location.py:146}}
Aug 05 13:25:22 ubuntu devstack@g-api.service[132391]: DEBUG glance_store.location [None req-44ba9615-1589-45f9-a97a-878760509aaf admin admin] Registering scheme swift+config with {'store': <glance_store._drivers.swift.store.SingleTenantStore object at 0x7f2e5a44a6e0>, 'location_class': <class 'glance_store._drivers.swift.store.StoreLocation'>, 'store_entry': 'swift'} {{(pid=132391) register_scheme_map /opt/stack/data/venv/lib/python3.10/site-packages/glance_store/location.py:146}}
Aug 05 13:25:22 ubuntu devstack@g-api.service[132391]: DEBUG glance_store.backend [None req-44ba9615-1589-45f9-a97a-878760509aaf admin admin] Skipping store.set_acls... not implemented. {{(pid=132391) set_acls /opt/stack/data/venv/lib/python3.10/site-packages/glance_store/backend.py:508}}
Aug 05 13:25:22 ubuntu devstack@g-api.service[132391]: [pid: 132391|app: 0|req: 2/4] 127.0.0.1 () {40 vars in 859 bytes} [Tue Aug  5 13:25:20 2025] PUT /v2/images/5d224f5e-b757-4418-a399-2006d4894314/file => generated 0 bytes in 1738 msecs (HTTP/1.1 204) 4 headers in 171 bytes (1 switches on core 0)
Aug 05 13:25:22 ubuntu devstack@g-api.service[132390]: DEBUG glance.api.middleware.version_negotiation [None req-9779d423-21d5-42fa-b7ea-bcbab963999f admin admin] Determining version of request: GET /v2/images/5d224f5e-b757-4418-a399-2006d4894314 Accept: */* {{(pid=132390) process_request /opt/stack/glance/glance/api/middleware/version_negotiation.py:44}}
Aug 05 13:25:22 ubuntu devstack@g-api.service[132390]: DEBUG glance.api.middleware.version_negotiation [None req-9779d423-21d5-42fa-b7ea-bcbab963999f admin admin] Using url versioning {{(pid=132390) process_request /opt/stack/glance/glance/api/middleware/version_negotiation.py:57}}
Aug 05 13:25:22 ubuntu devstack@g-api.service[132390]: DEBUG glance.api.middleware.version_negotiation [None req-9779d423-21d5-42fa-b7ea-bcbab963999f admin admin] Matched version: v2 {{(pid=132390) process_request /opt/stack/glance/glance/api/middleware/version_negotiation.py:69}}
Aug 05 13:25:22 ubuntu devstack@g-api.service[132390]: DEBUG glance.api.middleware.version_negotiation [None req-9779d423-21d5-42fa-b7ea-bcbab963999f admin admin] new path /v2/images/5d224f5e-b757-4418-a399-2006d4894314 {{(pid=132390) process_request /opt/stack/glance/glance/api/middleware/version_negotiation.py:70}}
Aug 05 13:25:22 ubuntu devstack@g-api.service[132390]: [pid: 132390|app: 0|req: 3/5] 127.0.0.1 () {36 vars in 786 bytes} [Tue Aug  5 13:25:22 2025] GET /v2/images/5d224f5e-b757-4418-a399-2006d4894314 => generated 976 bytes in 13 msecs (HTTP/1.1 200) 4 headers in 157 bytes (1 switches on core 0)
Aug 05 13:25:32 ubuntu devstack@g-api.service[132391]: DEBUG dbcounter [-] [132391] Writing DB stats glance:INSERT=5,glance:SELECT=18,glance:UPDATE=2 {{(pid=132391) stat_writer /opt/stack/data/venv/lib/python3.10/site-packages/dbcounter.py:115}}
Aug 05 13:25:32 ubuntu devstack@g-api.service[132390]: DEBUG dbcounter [-] [132390] Writing DB stats glance:INSERT=9,glance:SELECT=7 {{(pid=132390) stat_writer /opt/stack/data/venv/lib/python3.10/site-packages/dbcounter.py:115}}
Aug 05 13:26:00 ubuntu devstack@g-api.service[132391]: DEBUG glance.api.middleware.version_negotiation [None req-44ba9615-1589-45f9-a97a-878760509aaf admin admin] Determining version of request: GET / Accept: application/json {{(pid=132391) process_request /opt/stack/glance/glance/api/middleware/version_negotiation.py:44}}
Aug 05 13:26:00 ubuntu devstack@g-api.service[132391]: DEBUG glance.api.middleware.version_negotiation [None req-44ba9615-1589-45f9-a97a-878760509aaf admin admin] Using url versioning {{(pid=132391) process_request /opt/stack/glance/glance/api/middleware/version_negotiation.py:57}}
Aug 05 13:26:00 ubuntu devstack@g-api.service[132391]: DEBUG glance.api.middleware.version_negotiation [None req-44ba9615-1589-45f9-a97a-878760509aaf admin admin] Unknown version. Returning version choices. {{(pid=132391) process_request /opt/stack/glance/glance/api/middleware/version_negotiation.py:64}}
Aug 05 13:26:00 ubuntu devstack@g-api.service[132391]: [pid: 132391|app: 0|req: 3/6] 127.0.0.1 () {34 vars in 503 bytes} [Tue Aug  5 13:26:00 2025] GET / => generated 1407 bytes in 8 msecs (HTTP/1.1 300) 3 headers in 106 bytes (1 switches on core 0)
Aug 05 13:26:00 ubuntu devstack@g-api.service[132390]: DEBUG glance.api.middleware.version_negotiation [None req-3a7d6bae-eabd-4400-8446-a40b76f1abdf admin admin] Determining version of request: GET /v2/images Accept: application/json {{(pid=132390) process_request /opt/stack/glance/glance/api/middleware/version_negotiation.py:44}}
Aug 05 13:26:00 ubuntu devstack@g-api.service[132390]: DEBUG glance.api.middleware.version_negotiation [None req-3a7d6bae-eabd-4400-8446-a40b76f1abdf admin admin] Using url versioning {{(pid=132390) process_request /opt/stack/glance/glance/api/middleware/version_negotiation.py:57}}
Aug 05 13:26:00 ubuntu devstack@g-api.service[132390]: DEBUG glance.api.middleware.version_negotiation [None req-3a7d6bae-eabd-4400-8446-a40b76f1abdf admin admin] Matched version: v2 {{(pid=132390) process_request /opt/stack/glance/glance/api/middleware/version_negotiation.py:69}}
Aug 05 13:26:00 ubuntu devstack@g-api.service[132390]: DEBUG glance.api.middleware.version_negotiation [None req-3a7d6bae-eabd-4400-8446-a40b76f1abdf admin admin] new path /v2/images {{(pid=132390) process_request /opt/stack/glance/glance/api/middleware/version_negotiation.py:70}}
Aug 05 13:26:00 ubuntu devstack@g-api.service[132390]: [pid: 132390|app: 0|req: 4/7] 127.0.0.1 () {36 vars in 725 bytes} [Tue Aug  5 13:26:00 2025] GET /v2/images => generated 1045 bytes in 227 msecs (HTTP/1.1 200) 4 headers in 158 bytes (1 switches on core 0)
Aug 05 13:26:05 ubuntu devstack@g-api.service[132391]: DEBUG glance.api.middleware.version_negotiation [None req-44ba9615-1589-45f9-a97a-878760509aaf admin admin] Determining version of request: GET / Accept: application/json {{(pid=132391) process_request /opt/stack/glance/glance/api/middleware/version_negotiation.py:44}}
Aug 05 13:26:05 ubuntu devstack@g-api.service[132391]: DEBUG glance.api.middleware.version_negotiation [None req-44ba9615-1589-45f9-a97a-878760509aaf admin admin] Using url versioning {{(pid=132391) process_request /opt/stack/glance/glance/api/middleware/version_negotiation.py:57}}
Aug 05 13:26:05 ubuntu devstack@g-api.service[132391]: DEBUG glance.api.middleware.version_negotiation [None req-44ba9615-1589-45f9-a97a-878760509aaf admin admin] Unknown version. Returning version choices. {{(pid=132391) process_request /opt/stack/glance/glance/api/middleware/version_negotiation.py:64}}
Aug 05 13:26:05 ubuntu devstack@g-api.service[132391]: [pid: 132391|app: 0|req: 4/8] 127.0.0.1 () {34 vars in 503 bytes} [Tue Aug  5 13:26:05 2025] GET / => generated 1407 bytes in 4 msecs (HTTP/1.1 300) 3 headers in 106 bytes (1 switches on core 0)
Aug 05 13:26:05 ubuntu devstack@g-api.service[132390]: DEBUG glance.api.middleware.version_negotiation [None req-b85e99b4-a7d5-40a3-8289-6c6ae74e6b83 admin admin] Determining version of request: GET /v2/images/5d224f5e-b757-4418-a399-2006d4894314 Accept: */* {{(pid=132390) process_request /opt/stack/glance/glance/api/middleware/version_negotiation.py:44}}
Aug 05 13:26:05 ubuntu devstack@g-api.service[132390]: DEBUG glance.api.middleware.version_negotiation [None req-b85e99b4-a7d5-40a3-8289-6c6ae74e6b83 admin admin] Using url versioning {{(pid=132390) process_request /opt/stack/glance/glance/api/middleware/version_negotiation.py:57}}
Aug 05 13:26:05 ubuntu devstack@g-api.service[132390]: DEBUG glance.api.middleware.version_negotiation [None req-b85e99b4-a7d5-40a3-8289-6c6ae74e6b83 admin admin] Matched version: v2 {{(pid=132390) process_request /opt/stack/glance/glance/api/middleware/version_negotiation.py:69}}
Aug 05 13:26:05 ubuntu devstack@g-api.service[132390]: DEBUG glance.api.middleware.version_negotiation [None req-b85e99b4-a7d5-40a3-8289-6c6ae74e6b83 admin admin] new path /v2/images/5d224f5e-b757-4418-a399-2006d4894314 {{(pid=132390) process_request /opt/stack/glance/glance/api/middleware/version_negotiation.py:70}}
Aug 05 13:26:05 ubuntu devstack@g-api.service[132390]: [pid: 132390|app: 0|req: 5/9] 127.0.0.1 () {36 vars in 786 bytes} [Tue Aug  5 13:26:05 2025] GET /v2/images/5d224f5e-b757-4418-a399-2006d4894314 => generated 976 bytes in 202 msecs (HTTP/1.1 200) 4 headers in 157 bytes (1 switches on core 0)
Aug 05 13:26:08 ubuntu devstack@g-api.service[132391]: DEBUG glance.api.middleware.version_negotiation [None req-44ba9615-1589-45f9-a97a-878760509aaf admin admin] Determining version of request: GET / Accept: application/json {{(pid=132391) process_request /opt/stack/glance/glance/api/middleware/version_negotiation.py:44}}
Aug 05 13:26:08 ubuntu devstack@g-api.service[132391]: DEBUG glance.api.middleware.version_negotiation [None req-44ba9615-1589-45f9-a97a-878760509aaf admin admin] Using url versioning {{(pid=132391) process_request /opt/stack/glance/glance/api/middleware/version_negotiation.py:57}}
Aug 05 13:26:08 ubuntu devstack@g-api.service[132391]: DEBUG glance.api.middleware.version_negotiation [None req-44ba9615-1589-45f9-a97a-878760509aaf admin admin] Unknown version. Returning version choices. {{(pid=132391) process_request /opt/stack/glance/glance/api/middleware/version_negotiation.py:64}}
Aug 05 13:26:08 ubuntu devstack@g-api.service[132391]: [pid: 132391|app: 0|req: 5/10] 127.0.0.1 () {34 vars in 503 bytes} [Tue Aug  5 13:26:08 2025] GET / => generated 1407 bytes in 1 msecs (HTTP/1.1 300) 3 headers in 106 bytes (1 switches on core 0)
Aug 05 13:26:08 ubuntu devstack@g-api.service[132390]: DEBUG glance.api.middleware.version_negotiation [None req-91aa35b2-1afc-45e1-a916-baca0608ce75 admin admin] Determining version of request: GET /v2/images/5d224f5e-b757-4418-a399-2006d4894314 Accept: */* {{(pid=132390) process_request /opt/stack/glance/glance/api/middleware/version_negotiation.py:44}}
Aug 05 13:26:08 ubuntu devstack@g-api.service[132390]: DEBUG glance.api.middleware.version_negotiation [None req-91aa35b2-1afc-45e1-a916-baca0608ce75 admin admin] Using url versioning {{(pid=132390) process_request /opt/stack/glance/glance/api/middleware/version_negotiation.py:57}}
Aug 05 13:26:08 ubuntu devstack@g-api.service[132390]: DEBUG glance.api.middleware.version_negotiation [None req-91aa35b2-1afc-45e1-a916-baca0608ce75 admin admin] Matched version: v2 {{(pid=132390) process_request /opt/stack/glance/glance/api/middleware/version_negotiation.py:69}}
Aug 05 13:26:08 ubuntu devstack@g-api.service[132390]: DEBUG glance.api.middleware.version_negotiation [None req-91aa35b2-1afc-45e1-a916-baca0608ce75 admin admin] new path /v2/images/5d224f5e-b757-4418-a399-2006d4894314 {{(pid=132390) process_request /opt/stack/glance/glance/api/middleware/version_negotiation.py:70}}
Aug 05 13:26:09 ubuntu devstack@g-api.service[132390]: [pid: 132390|app: 0|req: 6/11] 127.0.0.1 () {36 vars in 786 bytes} [Tue Aug  5 13:26:08 2025] GET /v2/images/5d224f5e-b757-4418-a399-2006d4894314 => generated 976 bytes in 199 msecs (HTTP/1.1 200) 4 headers in 157 bytes (1 switches on core 0)
Aug 05 13:26:19 ubuntu devstack@g-api.service[132390]: DEBUG dbcounter [-] [132390] Writing DB stats glance:SELECT=5 {{(pid=132390) stat_writer /opt/stack/data/venv/lib/python3.10/site-packages/dbcounter.py:115}}
Aug 05 13:27:06 ubuntu devstack@g-api.service[132391]: DEBUG glance.api.middleware.version_negotiation [None req-44ba9615-1589-45f9-a97a-878760509aaf admin admin] Determining version of request: GET / Accept: application/json {{(pid=132391) process_request /opt/stack/glance/glance/api/middleware/version_negotiation.py:44}}
Aug 05 13:27:06 ubuntu devstack@g-api.service[132391]: DEBUG glance.api.middleware.version_negotiation [None req-44ba9615-1589-45f9-a97a-878760509aaf admin admin] Using url versioning {{(pid=132391) process_request /opt/stack/glance/glance/api/middleware/version_negotiation.py:57}}
Aug 05 13:27:06 ubuntu devstack@g-api.service[132391]: DEBUG glance.api.middleware.version_negotiation [None req-44ba9615-1589-45f9-a97a-878760509aaf admin admin] Unknown version. Returning version choices. {{(pid=132391) process_request /opt/stack/glance/glance/api/middleware/version_negotiation.py:64}}
Aug 05 13:27:06 ubuntu devstack@g-api.service[132391]: [pid: 132391|app: 0|req: 6/12] 127.0.0.1 () {36 vars in 474 bytes} [Tue Aug  5 13:27:06 2025] GET / => generated 1407 bytes in 2 msecs (HTTP/1.1 300) 3 headers in 106 bytes (1 switches on core 0)
