Jan 30 02:25:43 ubuntu devstack@keystone.service[81680]: DEBUG keystone.common.fernet_utils [None req-f5ca2c42-4807-4d23-b1f1-053f9e3eae62 None None] Loaded 2 Fernet keys from /etc/keystone/fernet-keys/, but `[fernet_tokens] max_active_keys = 3`; perhaps there have not been enough key rotations to reach `max_active_keys` yet? {{(pid=81680) load_keys /opt/stack/keystone/keystone/common/fernet_utils.py:297}}
Jan 30 02:25:43 ubuntu devstack@keystone.service[81680]: [pid: 81680|app: 0|req: 13/23] 10.201.5.82 () {58 vars in 1016 bytes} [Fri Jan 30 02:25:43 2026] POST /identity/v3/auth/tokens => generated 862 bytes in 58 msecs (HTTP/1.1 201) 6 headers in 363 bytes (1 switches on core 0)
Jan 30 02:25:43 ubuntu devstack@keystone.service[81679]: DEBUG keystone.server.flask.request_processing.req_logging [None req-433cf60e-bd00-4db2-83e6-925a837495a3 None None] REQUEST_METHOD: `GET` {{(pid=81679) log_request_info /opt/stack/keystone/keystone/server/flask/request_processing/req_logging.py:26}}
Jan 30 02:25:43 ubuntu devstack@keystone.service[81679]: DEBUG keystone.server.flask.request_processing.req_logging [None req-433cf60e-bd00-4db2-83e6-925a837495a3 None None] SCRIPT_NAME: `/identity` {{(pid=81679) log_request_info /opt/stack/keystone/keystone/server/flask/request_processing/req_logging.py:27}}
Jan 30 02:25:43 ubuntu devstack@keystone.service[81679]: DEBUG keystone.server.flask.request_processing.req_logging [None req-433cf60e-bd00-4db2-83e6-925a837495a3 None None] PATH_INFO: `/` {{(pid=81679) log_request_info /opt/stack/keystone/keystone/server/flask/request_processing/req_logging.py:28}}
Jan 30 02:25:43 ubuntu devstack@keystone.service[81679]: [pid: 81679|app: 0|req: 11/24] 10.201.5.82 () {54 vars in 919 bytes} [Fri Jan 30 02:25:43 2026] GET /identity => generated 270 bytes in 2 msecs (HTTP/1.1 300) 6 headers in 234 bytes (1 switches on core 0)
Jan 30 02:25:43 ubuntu devstack@keystone.service[81680]: DEBUG keystone.server.flask.request_processing.req_logging [None req-03763bb8-c201-4bbd-87a1-5ce7d24690fb None None] REQUEST_METHOD: `POST` {{(pid=81680) log_request_info /opt/stack/keystone/keystone/server/flask/request_processing/req_logging.py:26}}
Jan 30 02:25:43 ubuntu devstack@keystone.service[81680]: DEBUG keystone.server.flask.request_processing.req_logging [None req-03763bb8-c201-4bbd-87a1-5ce7d24690fb None None] SCRIPT_NAME: `/identity` {{(pid=81680) log_request_info /opt/stack/keystone/keystone/server/flask/request_processing/req_logging.py:27}}
Jan 30 02:25:43 ubuntu devstack@keystone.service[81680]: DEBUG keystone.server.flask.request_processing.req_logging [None req-03763bb8-c201-4bbd-87a1-5ce7d24690fb None None] PATH_INFO: `/v3/auth/tokens` {{(pid=81680) log_request_info /opt/stack/keystone/keystone/server/flask/request_processing/req_logging.py:28}}
Jan 30 02:25:43 ubuntu devstack@keystone.service[81680]: WARNING keystone.common.password_hashing [None req-03763bb8-c201-4bbd-87a1-5ce7d24690fb None None] Truncating password to algorithm specific maximum length 72 characters.
Jan 30 02:25:43 ubuntu devstack@keystone.service[81679]: DEBUG keystone.server.flask.request_processing.middleware.auth_context [None req-433cf60e-bd00-4db2-83e6-925a837495a3 None None] Authenticating user token {{(pid=81679) process_request /opt/stack/data/venv/lib/python3.10/site-packages/keystonemiddleware/auth_token/__init__.py:407}}
Jan 30 02:25:43 ubuntu devstack@keystone.service[81680]: DEBUG keystone.auth.core [None req-03763bb8-c201-4bbd-87a1-5ce7d24690fb None None] MFA Rules not processed for user `94f3e1572850448b8f7d03fb62aad276`. Rule list: `[]` (Enabled: `True`). {{(pid=81680) check_auth_methods_against_rules /opt/stack/keystone/keystone/auth/core.py:476}}
Jan 30 02:25:43 ubuntu devstack@keystone.service[81680]: DEBUG keystone.common.fernet_utils [None req-03763bb8-c201-4bbd-87a1-5ce7d24690fb None None] Loaded 2 Fernet keys from /etc/keystone/fernet-keys/, but `[fernet_tokens] max_active_keys = 3`; perhaps there have not been enough key rotations to reach `max_active_keys` yet? {{(pid=81680) load_keys /opt/stack/keystone/keystone/common/fernet_utils.py:297}}
Jan 30 02:25:43 ubuntu devstack@keystone.service[81679]: DEBUG keystone.server.flask.request_processing.middleware.auth_context [None req-433cf60e-bd00-4db2-83e6-925a837495a3 None None] Validating token access rules against request {{(pid=81679) validate_allowed_request /opt/stack/data/venv/lib/python3.10/site-packages/keystonemiddleware/auth_token/__init__.py:545}}
Jan 30 02:25:43 ubuntu devstack@keystone.service[81680]: [pid: 81680|app: 0|req: 14/25] 10.201.5.82 () {58 vars in 1016 bytes} [Fri Jan 30 02:25:43 2026] POST /identity/v3/auth/tokens => generated 862 bytes in 68 msecs (HTTP/1.1 201) 6 headers in 363 bytes (1 switches on core 0)
Jan 30 02:25:43 ubuntu devstack@keystone.service[81679]: DEBUG keystone.server.flask.request_processing.middleware.auth_context [None req-e717a0ae-8267-4c99-90ad-5a269051eead None admin] RBAC: auth_context: {'token': <TokenModel (audit_id=bVQ0NDMOQFq80BsMCqW1LQ, audit_chain_id=['bVQ0NDMOQFq80BsMCqW1LQ']) at 0x7f838dc23400>, 'domain_id': None, 'trust_id': None, 'trustor_id': None, 'trustee_id': None, 'domain_name': None, 'group_ids': [], 'user_id': '94f3e1572850448b8f7d03fb62aad276', 'user_domain_id': 'default', 'system_scope': 'all', 'project_id': None, 'project_domain_id': None, 'roles': ['admin', 'manager', 'member', 'reader'], 'is_admin_project': True, 'service_user_id': None, 'service_user_domain_id': None, 'service_project_id': None, 'service_project_domain_id': None, 'service_roles': []} {{(pid=81679) fill_context /opt/stack/keystone/keystone/server/flask/request_processing/middleware/auth_context.py:509}}
Jan 30 02:25:43 ubuntu devstack@keystone.service[81679]: DEBUG keystone.server.flask.request_processing.req_logging [None req-e717a0ae-8267-4c99-90ad-5a269051eead None admin] REQUEST_METHOD: `GET` {{(pid=81679) log_request_info /opt/stack/keystone/keystone/server/flask/request_processing/req_logging.py:26}}
Jan 30 02:25:43 ubuntu devstack@keystone.service[81679]: DEBUG keystone.server.flask.request_processing.req_logging [None req-e717a0ae-8267-4c99-90ad-5a269051eead None admin] SCRIPT_NAME: `/identity` {{(pid=81679) log_request_info /opt/stack/keystone/keystone/server/flask/request_processing/req_logging.py:27}}
Jan 30 02:25:43 ubuntu devstack@keystone.service[81679]: DEBUG keystone.server.flask.request_processing.req_logging [None req-e717a0ae-8267-4c99-90ad-5a269051eead None admin] PATH_INFO: `/v3/roles/admin` {{(pid=81679) log_request_info /opt/stack/keystone/keystone/server/flask/request_processing/req_logging.py:28}}
Jan 30 02:25:43 ubuntu devstack@keystone.service[81679]: DEBUG keystone.common.rbac_enforcer.enforcer [None req-e717a0ae-8267-4c99-90ad-5a269051eead None admin] Extracting inferred target data resulted in "NOT FOUND (404)". {{(pid=81679) enforce_call /opt/stack/keystone/keystone/common/rbac_enforcer/enforcer.py:445}}
Jan 30 02:25:43 ubuntu devstack@keystone.service[81679]: DEBUG keystone.server.flask.application [None req-e717a0ae-8267-4c99-90ad-5a269051eead None admin] Could not find role: admin. {{(pid=81679) _handle_keystone_exception /opt/stack/keystone/keystone/server/flask/application.py:146}}
Jan 30 02:25:43 ubuntu devstack@keystone.service[81679]: [pid: 81679|app: 0|req: 12/26] 10.201.5.82 () {56 vars in 1132 bytes} [Fri Jan 30 02:25:43 2026] GET /identity/v3/roles/admin => generated 83 bytes in 79 msecs (HTTP/1.1 404) 5 headers in 183 bytes (1 switches on core 0)
Jan 30 02:25:43 ubuntu devstack@keystone.service[81680]: DEBUG keystone.server.flask.request_processing.middleware.auth_context [None req-03763bb8-c201-4bbd-87a1-5ce7d24690fb None None] Authenticating user token {{(pid=81680) process_request /opt/stack/data/venv/lib/python3.10/site-packages/keystonemiddleware/auth_token/__init__.py:407}}
Jan 30 02:25:43 ubuntu devstack@keystone.service[81680]: DEBUG keystone.server.flask.request_processing.middleware.auth_context [None req-03763bb8-c201-4bbd-87a1-5ce7d24690fb None None] Validating token access rules against request {{(pid=81680) validate_allowed_request /opt/stack/data/venv/lib/python3.10/site-packages/keystonemiddleware/auth_token/__init__.py:545}}
Jan 30 02:25:43 ubuntu devstack@keystone.service[81680]: DEBUG keystone.server.flask.request_processing.middleware.auth_context [None req-4d44e793-221b-404d-a399-aedfc5fbe827 None admin] RBAC: auth_context: {'token': <TokenModel (audit_id=bVQ0NDMOQFq80BsMCqW1LQ, audit_chain_id=['bVQ0NDMOQFq80BsMCqW1LQ']) at 0x7f838daf8b20>, 'domain_id': None, 'trust_id': None, 'trustor_id': None, 'trustee_id': None, 'domain_name': None, 'group_ids': [], 'user_id': '94f3e1572850448b8f7d03fb62aad276', 'user_domain_id': 'default', 'system_scope': 'all', 'project_id': None, 'project_domain_id': None, 'roles': ['admin', 'manager', 'member', 'reader'], 'is_admin_project': True, 'service_user_id': None, 'service_user_domain_id': None, 'service_project_id': None, 'service_project_domain_id': None, 'service_roles': []} {{(pid=81680) fill_context /opt/stack/keystone/keystone/server/flask/request_processing/middleware/auth_context.py:509}}
Jan 30 02:25:43 ubuntu devstack@keystone.service[81680]: DEBUG keystone.server.flask.request_processing.req_logging [None req-4d44e793-221b-404d-a399-aedfc5fbe827 None admin] REQUEST_METHOD: `GET` {{(pid=81680) log_request_info /opt/stack/keystone/keystone/server/flask/request_processing/req_logging.py:26}}
Jan 30 02:25:43 ubuntu devstack@keystone.service[81680]: DEBUG keystone.server.flask.request_processing.req_logging [None req-4d44e793-221b-404d-a399-aedfc5fbe827 None admin] SCRIPT_NAME: `/identity` {{(pid=81680) log_request_info /opt/stack/keystone/keystone/server/flask/request_processing/req_logging.py:27}}
Jan 30 02:25:43 ubuntu devstack@keystone.service[81680]: DEBUG keystone.server.flask.request_processing.req_logging [None req-4d44e793-221b-404d-a399-aedfc5fbe827 None admin] PATH_INFO: `/v3/roles` {{(pid=81680) log_request_info /opt/stack/keystone/keystone/server/flask/request_processing/req_logging.py:28}}
Jan 30 02:25:43 ubuntu devstack@keystone.service[81680]: DEBUG keystone.common.rbac_enforcer.enforcer [None req-4d44e793-221b-404d-a399-aedfc5fbe827 None admin] RBAC: Adding query filter params (name=admin) {{(pid=81680) _extract_filter_values /opt/stack/keystone/keystone/common/rbac_enforcer/enforcer.py:176}}
Jan 30 02:25:43 ubuntu devstack@keystone.service[81680]: DEBUG keystone.common.rbac_enforcer.enforcer [None req-4d44e793-221b-404d-a399-aedfc5fbe827 None admin] RBAC: Authorizing `identity:list_roles()` {{(pid=81680) enforce_call /opt/stack/keystone/keystone/common/rbac_enforcer/enforcer.py:494}}
Jan 30 02:25:43 ubuntu devstack@keystone.service[81680]: DEBUG keystone.common.rbac_enforcer.enforcer [None req-4d44e793-221b-404d-a399-aedfc5fbe827 None admin] RBAC: Authorization granted {{(pid=81680) enforce_call /opt/stack/keystone/keystone/common/rbac_enforcer/enforcer.py:505}}
Jan 30 02:25:43 ubuntu devstack@keystone.service[81679]: DEBUG keystone.server.flask.request_processing.req_logging [None req-15965fdd-3244-4b70-99e8-1db334e7e15c None None] REQUEST_METHOD: `GET` {{(pid=81679) log_request_info /opt/stack/keystone/keystone/server/flask/request_processing/req_logging.py:26}}
Jan 30 02:25:43 ubuntu devstack@keystone.service[81679]: DEBUG keystone.server.flask.request_processing.req_logging [None req-15965fdd-3244-4b70-99e8-1db334e7e15c None None] SCRIPT_NAME: `/identity` {{(pid=81679) log_request_info /opt/stack/keystone/keystone/server/flask/request_processing/req_logging.py:27}}
Jan 30 02:25:43 ubuntu devstack@keystone.service[81679]: DEBUG keystone.server.flask.request_processing.req_logging [None req-15965fdd-3244-4b70-99e8-1db334e7e15c None None] PATH_INFO: `/` {{(pid=81679) log_request_info /opt/stack/keystone/keystone/server/flask/request_processing/req_logging.py:28}}
Jan 30 02:25:43 ubuntu devstack@keystone.service[81679]: [pid: 81679|app: 0|req: 13/27] 10.201.5.82 () {54 vars in 919 bytes} [Fri Jan 30 02:25:43 2026] GET /identity => generated 270 bytes in 4 msecs (HTTP/1.1 300) 6 headers in 234 bytes (1 switches on core 0)
Jan 30 02:25:43 ubuntu devstack@keystone.service[81680]: [pid: 81680|app: 0|req: 15/28] 10.201.5.82 () {56 vars in 1148 bytes} [Fri Jan 30 02:25:43 2026] GET /identity/v3/roles?name=admin => generated 339 bytes in 76 msecs (HTTP/1.1 200) 5 headers in 177 bytes (1 switches on core 0)
Jan 30 02:25:43 ubuntu devstack@keystone.service[81679]: DEBUG keystone.server.flask.request_processing.req_logging [None req-e659d223-dc35-49ea-b803-8140afa1f998 None None] REQUEST_METHOD: `POST` {{(pid=81679) log_request_info /opt/stack/keystone/keystone/server/flask/request_processing/req_logging.py:26}}
Jan 30 02:25:43 ubuntu devstack@keystone.service[81679]: DEBUG keystone.server.flask.request_processing.req_logging [None req-e659d223-dc35-49ea-b803-8140afa1f998 None None] SCRIPT_NAME: `/identity` {{(pid=81679) log_request_info /opt/stack/keystone/keystone/server/flask/request_processing/req_logging.py:27}}
Jan 30 02:25:43 ubuntu devstack@keystone.service[81679]: DEBUG keystone.server.flask.request_processing.req_logging [None req-e659d223-dc35-49ea-b803-8140afa1f998 None None] PATH_INFO: `/v3/auth/tokens` {{(pid=81679) log_request_info /opt/stack/keystone/keystone/server/flask/request_processing/req_logging.py:28}}
Jan 30 02:25:43 ubuntu devstack@keystone.service[81680]: DEBUG keystone.server.flask.request_processing.middleware.auth_context [None req-4d44e793-221b-404d-a399-aedfc5fbe827 None admin] Authenticating user token {{(pid=81680) process_request /opt/stack/data/venv/lib/python3.10/site-packages/keystonemiddleware/auth_token/__init__.py:407}}
Jan 30 02:25:43 ubuntu devstack@keystone.service[81679]: WARNING keystone.common.password_hashing [None req-e659d223-dc35-49ea-b803-8140afa1f998 None None] Truncating password to algorithm specific maximum length 72 characters.
Jan 30 02:25:43 ubuntu devstack@keystone.service[81679]: DEBUG keystone.auth.core [None req-e659d223-dc35-49ea-b803-8140afa1f998 None None] MFA Rules not processed for user `94f3e1572850448b8f7d03fb62aad276`. Rule list: `[]` (Enabled: `True`). {{(pid=81679) check_auth_methods_against_rules /opt/stack/keystone/keystone/auth/core.py:476}}
Jan 30 02:25:43 ubuntu devstack@keystone.service[81679]: DEBUG keystone.common.fernet_utils [None req-e659d223-dc35-49ea-b803-8140afa1f998 None None] Loaded 2 Fernet keys from /etc/keystone/fernet-keys/, but `[fernet_tokens] max_active_keys = 3`; perhaps there have not been enough key rotations to reach `max_active_keys` yet? {{(pid=81679) load_keys /opt/stack/keystone/keystone/common/fernet_utils.py:297}}
Jan 30 02:25:43 ubuntu devstack@keystone.service[81680]: DEBUG keystone.server.flask.request_processing.middleware.auth_context [None req-4d44e793-221b-404d-a399-aedfc5fbe827 None admin] Validating token access rules against request {{(pid=81680) validate_allowed_request /opt/stack/data/venv/lib/python3.10/site-packages/keystonemiddleware/auth_token/__init__.py:545}}
Jan 30 02:25:44 ubuntu devstack@keystone.service[81679]: [pid: 81679|app: 0|req: 14/29] 10.201.5.82 () {58 vars in 1016 bytes} [Fri Jan 30 02:25:43 2026] POST /identity/v3/auth/tokens => generated 862 bytes in 82 msecs (HTTP/1.1 201) 6 headers in 363 bytes (1 switches on core 0)
Jan 30 02:25:44 ubuntu devstack@keystone.service[81680]: DEBUG keystone.server.flask.request_processing.middleware.auth_context [None req-676ceca5-9fa2-4d34-aa6a-d97ee6468fd1 None admin] RBAC: auth_context: {'token': <TokenModel (audit_id=bVQ0NDMOQFq80BsMCqW1LQ, audit_chain_id=['bVQ0NDMOQFq80BsMCqW1LQ']) at 0x7f838dafbc70>, 'domain_id': None, 'trust_id': None, 'trustor_id': None, 'trustee_id': None, 'domain_name': None, 'group_ids': [], 'user_id': '94f3e1572850448b8f7d03fb62aad276', 'user_domain_id': 'default', 'system_scope': 'all', 'project_id': None, 'project_domain_id': None, 'roles': ['admin', 'manager', 'member', 'reader'], 'is_admin_project': True, 'service_user_id': None, 'service_user_domain_id': None, 'service_project_id': None, 'service_project_domain_id': None, 'service_roles': []} {{(pid=81680) fill_context /opt/stack/keystone/keystone/server/flask/request_processing/middleware/auth_context.py:509}}
Jan 30 02:25:44 ubuntu devstack@keystone.service[81680]: DEBUG keystone.server.flask.request_processing.req_logging [None req-676ceca5-9fa2-4d34-aa6a-d97ee6468fd1 None admin] REQUEST_METHOD: `GET` {{(pid=81680) log_request_info /opt/stack/keystone/keystone/server/flask/request_processing/req_logging.py:26}}
Jan 30 02:25:44 ubuntu devstack@keystone.service[81680]: DEBUG keystone.server.flask.request_processing.req_logging [None req-676ceca5-9fa2-4d34-aa6a-d97ee6468fd1 None admin] SCRIPT_NAME: `/identity` {{(pid=81680) log_request_info /opt/stack/keystone/keystone/server/flask/request_processing/req_logging.py:27}}
Jan 30 02:25:44 ubuntu devstack@keystone.service[81680]: DEBUG keystone.server.flask.request_processing.req_logging [None req-676ceca5-9fa2-4d34-aa6a-d97ee6468fd1 None admin] PATH_INFO: `/v3/users/94f3e1572850448b8f7d03fb62aad276` {{(pid=81680) log_request_info /opt/stack/keystone/keystone/server/flask/request_processing/req_logging.py:28}}
Jan 30 02:25:44 ubuntu devstack@keystone.service[81680]: DEBUG keystone.common.rbac_enforcer.enforcer [None req-676ceca5-9fa2-4d34-aa6a-d97ee6468fd1 None admin] RBAC: Authorizing `identity:get_user(user_id=94f3e1572850448b8f7d03fb62aad276)` {{(pid=81680) enforce_call /opt/stack/keystone/keystone/common/rbac_enforcer/enforcer.py:494}}
Jan 30 02:25:44 ubuntu devstack@keystone.service[81680]: DEBUG keystone.common.rbac_enforcer.enforcer [None req-676ceca5-9fa2-4d34-aa6a-d97ee6468fd1 None admin] RBAC: Authorization granted {{(pid=81680) enforce_call /opt/stack/keystone/keystone/common/rbac_enforcer/enforcer.py:505}}
Jan 30 02:25:44 ubuntu devstack@keystone.service[81680]: [pid: 81680|app: 0|req: 16/30] 10.201.5.82 () {56 vars in 1213 bytes} [Fri Jan 30 02:25:43 2026] GET /identity/v3/users/94f3e1572850448b8f7d03fb62aad276 => generated 247 bytes in 95 msecs (HTTP/1.1 200) 5 headers in 177 bytes (1 switches on core 0)
Jan 30 02:25:44 ubuntu devstack@keystone.service[81679]: DEBUG keystone.server.flask.request_processing.middleware.auth_context [None req-e659d223-dc35-49ea-b803-8140afa1f998 None None] Authenticating user token {{(pid=81679) process_request /opt/stack/data/venv/lib/python3.10/site-packages/keystonemiddleware/auth_token/__init__.py:407}}
Jan 30 02:25:44 ubuntu devstack@keystone.service[81679]: DEBUG keystone.server.flask.request_processing.middleware.auth_context [None req-e659d223-dc35-49ea-b803-8140afa1f998 None None] Validating token access rules against request {{(pid=81679) validate_allowed_request /opt/stack/data/venv/lib/python3.10/site-packages/keystonemiddleware/auth_token/__init__.py:545}}
Jan 30 02:25:44 ubuntu devstack@keystone.service[81680]: DEBUG keystone.server.flask.request_processing.middleware.auth_context [None req-676ceca5-9fa2-4d34-aa6a-d97ee6468fd1 None admin] Authenticating user token {{(pid=81680) process_request /opt/stack/data/venv/lib/python3.10/site-packages/keystonemiddleware/auth_token/__init__.py:407}}
Jan 30 02:25:44 ubuntu devstack@keystone.service[81679]: DEBUG keystone.server.flask.request_processing.middleware.auth_context [None req-5a8c8b6d-417b-4eaf-bbad-6333f9f4a01b None admin] RBAC: auth_context: {'token': <TokenModel (audit_id=bVQ0NDMOQFq80BsMCqW1LQ, audit_chain_id=['bVQ0NDMOQFq80BsMCqW1LQ']) at 0x7f838da4cac0>, 'domain_id': None, 'trust_id': None, 'trustor_id': None, 'trustee_id': None, 'domain_name': None, 'group_ids': [], 'user_id': '94f3e1572850448b8f7d03fb62aad276', 'user_domain_id': 'default', 'system_scope': 'all', 'project_id': None, 'project_domain_id': None, 'roles': ['admin', 'manager', 'member', 'reader'], 'is_admin_project': True, 'service_user_id': None, 'service_user_domain_id': None, 'service_project_id': None, 'service_project_domain_id': None, 'service_roles': []} {{(pid=81679) fill_context /opt/stack/keystone/keystone/server/flask/request_processing/middleware/auth_context.py:509}}
Jan 30 02:25:44 ubuntu devstack@keystone.service[81679]: DEBUG keystone.server.flask.request_processing.req_logging [None req-5a8c8b6d-417b-4eaf-bbad-6333f9f4a01b None admin] REQUEST_METHOD: `GET` {{(pid=81679) log_request_info /opt/stack/keystone/keystone/server/flask/request_processing/req_logging.py:26}}
Jan 30 02:25:44 ubuntu devstack@keystone.service[81679]: DEBUG keystone.server.flask.request_processing.req_logging [None req-5a8c8b6d-417b-4eaf-bbad-6333f9f4a01b None admin] SCRIPT_NAME: `/identity` {{(pid=81679) log_request_info /opt/stack/keystone/keystone/server/flask/request_processing/req_logging.py:27}}
Jan 30 02:25:44 ubuntu devstack@keystone.service[81679]: DEBUG keystone.server.flask.request_processing.req_logging [None req-5a8c8b6d-417b-4eaf-bbad-6333f9f4a01b None admin] PATH_INFO: `/v3/domains/default` {{(pid=81679) log_request_info /opt/stack/keystone/keystone/server/flask/request_processing/req_logging.py:28}}
Jan 30 02:25:44 ubuntu devstack@keystone.service[81679]: DEBUG keystone.common.rbac_enforcer.enforcer [None req-5a8c8b6d-417b-4eaf-bbad-6333f9f4a01b None admin] RBAC: Authorizing `identity:get_domain(domain_id=default)` {{(pid=81679) enforce_call /opt/stack/keystone/keystone/common/rbac_enforcer/enforcer.py:494}}
Jan 30 02:25:44 ubuntu devstack@keystone.service[81679]: DEBUG keystone.common.rbac_enforcer.enforcer [None req-5a8c8b6d-417b-4eaf-bbad-6333f9f4a01b None admin] RBAC: Authorization granted {{(pid=81679) enforce_call /opt/stack/keystone/keystone/common/rbac_enforcer/enforcer.py:505}}
Jan 30 02:25:44 ubuntu devstack@keystone.service[81679]: [pid: 81679|app: 0|req: 15/31] 10.201.5.82 () {56 vars in 1144 bytes} [Fri Jan 30 02:25:44 2026] GET /identity/v3/domains/default => generated 199 bytes in 64 msecs (HTTP/1.1 200) 5 headers in 177 bytes (1 switches on core 0)
Jan 30 02:25:44 ubuntu devstack@keystone.service[81679]: DEBUG keystone.server.flask.request_processing.middleware.auth_context [None req-5a8c8b6d-417b-4eaf-bbad-6333f9f4a01b None admin] Authenticating user token {{(pid=81679) process_request /opt/stack/data/venv/lib/python3.10/site-packages/keystonemiddleware/auth_token/__init__.py:407}}
Jan 30 02:25:44 ubuntu devstack@keystone.service[81679]: DEBUG keystone.server.flask.request_processing.middleware.auth_context [None req-5a8c8b6d-417b-4eaf-bbad-6333f9f4a01b None admin] Validating token access rules against request {{(pid=81679) validate_allowed_request /opt/stack/data/venv/lib/python3.10/site-packages/keystonemiddleware/auth_token/__init__.py:545}}
Jan 30 02:25:44 ubuntu devstack@keystone.service[81680]: DEBUG keystone.server.flask.request_processing.middleware.auth_context [None req-676ceca5-9fa2-4d34-aa6a-d97ee6468fd1 None admin] Validating token access rules against request {{(pid=81680) validate_allowed_request /opt/stack/data/venv/lib/python3.10/site-packages/keystonemiddleware/auth_token/__init__.py:545}}
Jan 30 02:25:44 ubuntu devstack@keystone.service[81679]: DEBUG keystone.server.flask.request_processing.middleware.auth_context [None req-ae5027ee-7fb0-4ec9-82d6-eecf61bb07eb None admin] RBAC: auth_context: {'token': <TokenModel (audit_id=bVQ0NDMOQFq80BsMCqW1LQ, audit_chain_id=['bVQ0NDMOQFq80BsMCqW1LQ']) at 0x7f838d91c220>, 'domain_id': None, 'trust_id': None, 'trustor_id': None, 'trustee_id': None, 'domain_name': None, 'group_ids': [], 'user_id': '94f3e1572850448b8f7d03fb62aad276', 'user_domain_id': 'default', 'system_scope': 'all', 'project_id': None, 'project_domain_id': None, 'roles': ['admin', 'manager', 'member', 'reader'], 'is_admin_project': True, 'service_user_id': None, 'service_user_domain_id': None, 'service_project_id': None, 'service_project_domain_id': None, 'service_roles': []} {{(pid=81679) fill_context /opt/stack/keystone/keystone/server/flask/request_processing/middleware/auth_context.py:509}}
Jan 30 02:25:44 ubuntu devstack@keystone.service[81679]: DEBUG keystone.server.flask.request_processing.req_logging [None req-ae5027ee-7fb0-4ec9-82d6-eecf61bb07eb None admin] REQUEST_METHOD: `GET` {{(pid=81679) log_request_info /opt/stack/keystone/keystone/server/flask/request_processing/req_logging.py:26}}
Jan 30 02:25:44 ubuntu devstack@keystone.service[81679]: DEBUG keystone.server.flask.request_processing.req_logging [None req-ae5027ee-7fb0-4ec9-82d6-eecf61bb07eb None admin] SCRIPT_NAME: `/identity` {{(pid=81679) log_request_info /opt/stack/keystone/keystone/server/flask/request_processing/req_logging.py:27}}
Jan 30 02:25:44 ubuntu devstack@keystone.service[81679]: DEBUG keystone.server.flask.request_processing.req_logging [None req-ae5027ee-7fb0-4ec9-82d6-eecf61bb07eb None admin] PATH_INFO: `/v3/role_assignments` {{(pid=81679) log_request_info /opt/stack/keystone/keystone/server/flask/request_processing/req_logging.py:28}}
Jan 30 02:25:44 ubuntu devstack@keystone.service[81679]: DEBUG keystone.common.rbac_enforcer.enforcer [None req-ae5027ee-7fb0-4ec9-82d6-eecf61bb07eb None admin] RBAC: Adding query filter params (role.id=8c26690af9c84f6dbe49c34253d49cd7, scope.domain.id=default, user.id=94f3e1572850448b8f7d03fb62aad276) {{(pid=81679) _extract_filter_values /opt/stack/keystone/keystone/common/rbac_enforcer/enforcer.py:176}}
Jan 30 02:25:44 ubuntu devstack@keystone.service[81679]: DEBUG keystone.common.rbac_enforcer.enforcer [None req-ae5027ee-7fb0-4ec9-82d6-eecf61bb07eb None admin] RBAC: Authorizing `identity:list_role_assignments()` {{(pid=81679) enforce_call /opt/stack/keystone/keystone/common/rbac_enforcer/enforcer.py:494}}
Jan 30 02:25:44 ubuntu devstack@keystone.service[81679]: DEBUG keystone.common.rbac_enforcer.enforcer [None req-ae5027ee-7fb0-4ec9-82d6-eecf61bb07eb None admin] RBAC: Authorization granted {{(pid=81679) enforce_call /opt/stack/keystone/keystone/common/rbac_enforcer/enforcer.py:505}}
Jan 30 02:25:44 ubuntu devstack@keystone.service[81680]: DEBUG keystone.server.flask.request_processing.middleware.auth_context [None req-91159300-5af1-46ed-8a67-59c079bdb85f None admin] RBAC: auth_context: {'token': <TokenModel (audit_id=ce0xH76DS5-Jz7vxbJva4Q, audit_chain_id=['ce0xH76DS5-Jz7vxbJva4Q']) at 0x7f838d94bd00>, 'domain_id': None, 'trust_id': None, 'trustor_id': None, 'trustee_id': None, 'domain_name': None, 'group_ids': [], 'user_id': '94f3e1572850448b8f7d03fb62aad276', 'user_domain_id': 'default', 'system_scope': 'all', 'project_id': None, 'project_domain_id': None, 'roles': ['admin', 'manager', 'member', 'reader'], 'is_admin_project': True, 'service_user_id': None, 'service_user_domain_id': None, 'service_project_id': None, 'service_project_domain_id': None, 'service_roles': []} {{(pid=81680) fill_context /opt/stack/keystone/keystone/server/flask/request_processing/middleware/auth_context.py:509}}
Jan 30 02:25:44 ubuntu devstack@keystone.service[81679]: [pid: 81679|app: 0|req: 16/32] 10.201.5.82 () {56 vars in 1371 bytes} [Fri Jan 30 02:25:44 2026] GET /identity/v3/role_assignments?role.id=8c26690af9c84f6dbe49c34253d49cd7&scope.domain.id=default&user.id=94f3e1572850448b8f7d03fb62aad276 => generated 530 bytes in 71 msecs (HTTP/1.1 200) 5 headers in 177 bytes (2 switches on core 0)
Jan 30 02:25:44 ubuntu devstack@keystone.service[81680]: DEBUG keystone.server.flask.request_processing.req_logging [None req-91159300-5af1-46ed-8a67-59c079bdb85f None admin] REQUEST_METHOD: `GET` {{(pid=81680) log_request_info /opt/stack/keystone/keystone/server/flask/request_processing/req_logging.py:26}}
Jan 30 02:25:44 ubuntu devstack@keystone.service[81680]: DEBUG keystone.server.flask.request_processing.req_logging [None req-91159300-5af1-46ed-8a67-59c079bdb85f None admin] SCRIPT_NAME: `/identity` {{(pid=81680) log_request_info /opt/stack/keystone/keystone/server/flask/request_processing/req_logging.py:27}}
Jan 30 02:25:44 ubuntu devstack@keystone.service[81680]: DEBUG keystone.server.flask.request_processing.req_logging [None req-91159300-5af1-46ed-8a67-59c079bdb85f None admin] PATH_INFO: `/v3/domains/Default` {{(pid=81680) log_request_info /opt/stack/keystone/keystone/server/flask/request_processing/req_logging.py:28}}
Jan 30 02:25:44 ubuntu devstack@keystone.service[81680]: DEBUG keystone.common.rbac_enforcer.enforcer [None req-91159300-5af1-46ed-8a67-59c079bdb85f None admin] RBAC: Authorizing `identity:get_domain(domain_id=Default)` {{(pid=81680) enforce_call /opt/stack/keystone/keystone/common/rbac_enforcer/enforcer.py:494}}
Jan 30 02:25:44 ubuntu devstack@keystone.service[81680]: DEBUG keystone.common.rbac_enforcer.enforcer [None req-91159300-5af1-46ed-8a67-59c079bdb85f None admin] RBAC: Authorization granted {{(pid=81680) enforce_call /opt/stack/keystone/keystone/common/rbac_enforcer/enforcer.py:505}}
Jan 30 02:25:44 ubuntu devstack@keystone.service[81680]: DEBUG keystone.server.flask.application [None req-91159300-5af1-46ed-8a67-59c079bdb85f None admin] Could not find domain: Default. {{(pid=81680) _handle_keystone_exception /opt/stack/keystone/keystone/server/flask/application.py:146}}
Jan 30 02:25:44 ubuntu devstack@keystone.service[81680]: [pid: 81680|app: 0|req: 17/33] 10.201.5.82 () {56 vars in 1100 bytes} [Fri Jan 30 02:25:44 2026] GET /identity/v3/domains/Default => generated 87 bytes in 115 msecs (HTTP/1.1 404) 5 headers in 183 bytes (1 switches on core 0)
Jan 30 02:25:44 ubuntu devstack@keystone.service[81679]: DEBUG keystone.server.flask.request_processing.middleware.auth_context [None req-ae5027ee-7fb0-4ec9-82d6-eecf61bb07eb None admin] Authenticating user token {{(pid=81679) process_request /opt/stack/data/venv/lib/python3.10/site-packages/keystonemiddleware/auth_token/__init__.py:407}}
Jan 30 02:25:44 ubuntu devstack@keystone.service[81680]: DEBUG keystone.server.flask.request_processing.middleware.auth_context [None req-91159300-5af1-46ed-8a67-59c079bdb85f None admin] Authenticating user token {{(pid=81680) process_request /opt/stack/data/venv/lib/python3.10/site-packages/keystonemiddleware/auth_token/__init__.py:407}}
Jan 30 02:25:44 ubuntu devstack@keystone.service[81679]: DEBUG keystone.server.flask.request_processing.middleware.auth_context [None req-ae5027ee-7fb0-4ec9-82d6-eecf61bb07eb None admin] Validating token access rules against request {{(pid=81679) validate_allowed_request /opt/stack/data/venv/lib/python3.10/site-packages/keystonemiddleware/auth_token/__init__.py:545}}
Jan 30 02:25:44 ubuntu devstack@keystone.service[81679]: DEBUG keystone.server.flask.request_processing.middleware.auth_context [None req-a04c1629-8170-4925-b05d-a765acdee893 None admin] RBAC: auth_context: {'token': <TokenModel (audit_id=ce0xH76DS5-Jz7vxbJva4Q, audit_chain_id=['ce0xH76DS5-Jz7vxbJva4Q']) at 0x7f838d91ccd0>, 'domain_id': None, 'trust_id': None, 'trustor_id': None, 'trustee_id': None, 'domain_name': None, 'group_ids': [], 'user_id': '94f3e1572850448b8f7d03fb62aad276', 'user_domain_id': 'default', 'system_scope': 'all', 'project_id': None, 'project_domain_id': None, 'roles': ['admin', 'manager', 'member', 'reader'], 'is_admin_project': True, 'service_user_id': None, 'service_user_domain_id': None, 'service_project_id': None, 'service_project_domain_id': None, 'service_roles': []} {{(pid=81679) fill_context /opt/stack/keystone/keystone/server/flask/request_processing/middleware/auth_context.py:509}}
Jan 30 02:25:44 ubuntu devstack@keystone.service[81679]: DEBUG keystone.server.flask.request_processing.req_logging [None req-a04c1629-8170-4925-b05d-a765acdee893 None admin] REQUEST_METHOD: `GET` {{(pid=81679) log_request_info /opt/stack/keystone/keystone/server/flask/request_processing/req_logging.py:26}}
Jan 30 02:25:44 ubuntu devstack@keystone.service[81679]: DEBUG keystone.server.flask.request_processing.req_logging [None req-a04c1629-8170-4925-b05d-a765acdee893 None admin] SCRIPT_NAME: `/identity` {{(pid=81679) log_request_info /opt/stack/keystone/keystone/server/flask/request_processing/req_logging.py:27}}
Jan 30 02:25:44 ubuntu devstack@keystone.service[81679]: DEBUG keystone.server.flask.request_processing.req_logging [None req-a04c1629-8170-4925-b05d-a765acdee893 None admin] PATH_INFO: `/v3/domains` {{(pid=81679) log_request_info /opt/stack/keystone/keystone/server/flask/request_processing/req_logging.py:28}}
Jan 30 02:25:44 ubuntu devstack@keystone.service[81679]: DEBUG keystone.common.rbac_enforcer.enforcer [None req-a04c1629-8170-4925-b05d-a765acdee893 None admin] RBAC: Adding query filter params (name=Default) {{(pid=81679) _extract_filter_values /opt/stack/keystone/keystone/common/rbac_enforcer/enforcer.py:176}}
Jan 30 02:25:44 ubuntu devstack@keystone.service[81679]: DEBUG keystone.common.rbac_enforcer.enforcer [None req-a04c1629-8170-4925-b05d-a765acdee893 None admin] RBAC: Authorizing `identity:list_domains()` {{(pid=81679) enforce_call /opt/stack/keystone/keystone/common/rbac_enforcer/enforcer.py:494}}
Jan 30 02:25:44 ubuntu devstack@keystone.service[81679]: DEBUG keystone.common.rbac_enforcer.enforcer [None req-a04c1629-8170-4925-b05d-a765acdee893 None admin] RBAC: Authorization granted {{(pid=81679) enforce_call /opt/stack/keystone/keystone/common/rbac_enforcer/enforcer.py:505}}
Jan 30 02:25:44 ubuntu devstack@keystone.service[81679]: [pid: 81679|app: 0|req: 17/34] 10.201.5.82 () {56 vars in 1101 bytes} [Fri Jan 30 02:25:44 2026] GET /identity/v3/domains?name=Default => generated 308 bytes in 73 msecs (HTTP/1.1 200) 5 headers in 177 bytes (1 switches on core 0)
Jan 30 02:25:44 ubuntu devstack@keystone.service[81679]: DEBUG keystone.server.flask.request_processing.req_logging [None req-a7b5018e-3dbe-472b-9fa0-cde459207e37 None None] REQUEST_METHOD: `GET` {{(pid=81679) log_request_info /opt/stack/keystone/keystone/server/flask/request_processing/req_logging.py:26}}
Jan 30 02:25:44 ubuntu devstack@keystone.service[81679]: DEBUG keystone.server.flask.request_processing.req_logging [None req-a7b5018e-3dbe-472b-9fa0-cde459207e37 None None] SCRIPT_NAME: `/identity` {{(pid=81679) log_request_info /opt/stack/keystone/keystone/server/flask/request_processing/req_logging.py:27}}
Jan 30 02:25:44 ubuntu devstack@keystone.service[81679]: DEBUG keystone.server.flask.request_processing.req_logging [None req-a7b5018e-3dbe-472b-9fa0-cde459207e37 None None] PATH_INFO: `/` {{(pid=81679) log_request_info /opt/stack/keystone/keystone/server/flask/request_processing/req_logging.py:28}}
Jan 30 02:25:44 ubuntu devstack@keystone.service[81679]: [pid: 81679|app: 0|req: 18/35] 10.201.5.82 () {54 vars in 919 bytes} [Fri Jan 30 02:25:44 2026] GET /identity => generated 270 bytes in 1 msecs (HTTP/1.1 300) 6 headers in 234 bytes (1 switches on core 0)
Jan 30 02:25:44 ubuntu devstack@keystone.service[81679]: DEBUG keystone.server.flask.request_processing.middleware.auth_context [None req-a7b5018e-3dbe-472b-9fa0-cde459207e37 None None] Authenticating user token {{(pid=81679) process_request /opt/stack/data/venv/lib/python3.10/site-packages/keystonemiddleware/auth_token/__init__.py:407}}
Jan 30 02:25:44 ubuntu devstack@keystone.service[81680]: DEBUG keystone.server.flask.request_processing.middleware.auth_context [None req-91159300-5af1-46ed-8a67-59c079bdb85f None admin] Validating token access rules against request {{(pid=81680) validate_allowed_request /opt/stack/data/venv/lib/python3.10/site-packages/keystonemiddleware/auth_token/__init__.py:545}}
Jan 30 02:25:44 ubuntu devstack@keystone.service[81679]: DEBUG keystone.server.flask.request_processing.middleware.auth_context [None req-a7b5018e-3dbe-472b-9fa0-cde459207e37 None None] Validating token access rules against request {{(pid=81679) validate_allowed_request /opt/stack/data/venv/lib/python3.10/site-packages/keystonemiddleware/auth_token/__init__.py:545}}
Jan 30 02:25:44 ubuntu devstack@keystone.service[81679]: DEBUG keystone.server.flask.request_processing.middleware.auth_context [None req-8785770e-0d2b-4aa3-b765-66f6d1907283 None admin] RBAC: auth_context: {'token': <TokenModel (audit_id=ce0xH76DS5-Jz7vxbJva4Q, audit_chain_id=['ce0xH76DS5-Jz7vxbJva4Q']) at 0x7f838d91d960>, 'domain_id': None, 'trust_id': None, 'trustor_id': None, 'trustee_id': None, 'domain_name': None, 'group_ids': [], 'user_id': '94f3e1572850448b8f7d03fb62aad276', 'user_domain_id': 'default', 'system_scope': 'all', 'project_id': None, 'project_domain_id': None, 'roles': ['admin', 'manager', 'member', 'reader'], 'is_admin_project': True, 'service_user_id': None, 'service_user_domain_id': None, 'service_project_id': None, 'service_project_domain_id': None, 'service_roles': []} {{(pid=81679) fill_context /opt/stack/keystone/keystone/server/flask/request_processing/middleware/auth_context.py:509}}
Jan 30 02:25:44 ubuntu devstack@keystone.service[81679]: DEBUG keystone.server.flask.request_processing.req_logging [None req-8785770e-0d2b-4aa3-b765-66f6d1907283 None admin] REQUEST_METHOD: `POST` {{(pid=81679) log_request_info /opt/stack/keystone/keystone/server/flask/request_processing/req_logging.py:26}}
Jan 30 02:25:44 ubuntu devstack@keystone.service[81679]: DEBUG keystone.server.flask.request_processing.req_logging [None req-8785770e-0d2b-4aa3-b765-66f6d1907283 None admin] SCRIPT_NAME: `/identity` {{(pid=81679) log_request_info /opt/stack/keystone/keystone/server/flask/request_processing/req_logging.py:27}}
Jan 30 02:25:44 ubuntu devstack@keystone.service[81679]: DEBUG keystone.server.flask.request_processing.req_logging [None req-8785770e-0d2b-4aa3-b765-66f6d1907283 None admin] PATH_INFO: `/v3/projects` {{(pid=81679) log_request_info /opt/stack/keystone/keystone/server/flask/request_processing/req_logging.py:28}}
Jan 30 02:25:44 ubuntu devstack@keystone.service[81679]: DEBUG keystone.common.rbac_enforcer.enforcer [None req-8785770e-0d2b-4aa3-b765-66f6d1907283 None admin] RBAC: Authorizing `identity:create_project()` {{(pid=81679) enforce_call /opt/stack/keystone/keystone/common/rbac_enforcer/enforcer.py:494}}
Jan 30 02:25:44 ubuntu devstack@keystone.service[81679]: DEBUG keystone.common.rbac_enforcer.enforcer [None req-8785770e-0d2b-4aa3-b765-66f6d1907283 None admin] RBAC: Authorization granted {{(pid=81679) enforce_call /opt/stack/keystone/keystone/common/rbac_enforcer/enforcer.py:505}}
Jan 30 02:25:44 ubuntu devstack@keystone.service[81680]: DEBUG keystone.server.flask.request_processing.middleware.auth_context [None req-d7ac5ec2-c1bf-467d-b0ca-1ad3dad80a0a None admin] RBAC: auth_context: {'token': <TokenModel (audit_id=Q--VA3cuRCSa6f7OKQIGMA, audit_chain_id=['Q--VA3cuRCSa6f7OKQIGMA']) at 0x7f838db265f0>, 'domain_id': None, 'trust_id': None, 'trustor_id': None, 'trustee_id': None, 'domain_name': None, 'group_ids': [], 'user_id': '94f3e1572850448b8f7d03fb62aad276', 'user_domain_id': 'default', 'system_scope': 'all', 'project_id': None, 'project_domain_id': None, 'roles': ['admin', 'manager', 'member', 'reader'], 'is_admin_project': True, 'service_user_id': None, 'service_user_domain_id': None, 'service_project_id': None, 'service_project_domain_id': None, 'service_roles': []} {{(pid=81680) fill_context /opt/stack/keystone/keystone/server/flask/request_processing/middleware/auth_context.py:509}}
Jan 30 02:25:44 ubuntu devstack@keystone.service[81680]: DEBUG keystone.server.flask.request_processing.req_logging [None req-d7ac5ec2-c1bf-467d-b0ca-1ad3dad80a0a None admin] REQUEST_METHOD: `POST` {{(pid=81680) log_request_info /opt/stack/keystone/keystone/server/flask/request_processing/req_logging.py:26}}
Jan 30 02:25:44 ubuntu devstack@keystone.service[81680]: DEBUG keystone.server.flask.request_processing.req_logging [None req-d7ac5ec2-c1bf-467d-b0ca-1ad3dad80a0a None admin] SCRIPT_NAME: `/identity` {{(pid=81680) log_request_info /opt/stack/keystone/keystone/server/flask/request_processing/req_logging.py:27}}
Jan 30 02:25:44 ubuntu devstack@keystone.service[81680]: DEBUG keystone.server.flask.request_processing.req_logging [None req-d7ac5ec2-c1bf-467d-b0ca-1ad3dad80a0a None admin] PATH_INFO: `/v3/roles` {{(pid=81680) log_request_info /opt/stack/keystone/keystone/server/flask/request_processing/req_logging.py:28}}
Jan 30 02:25:44 ubuntu devstack@keystone.service[81680]: DEBUG keystone.common.rbac_enforcer.enforcer [None req-d7ac5ec2-c1bf-467d-b0ca-1ad3dad80a0a None admin] RBAC: Authorizing `identity:create_role()` {{(pid=81680) enforce_call /opt/stack/keystone/keystone/common/rbac_enforcer/enforcer.py:494}}
Jan 30 02:25:44 ubuntu devstack@keystone.service[81680]: DEBUG keystone.common.rbac_enforcer.enforcer [None req-d7ac5ec2-c1bf-467d-b0ca-1ad3dad80a0a None admin] RBAC: Authorization granted {{(pid=81680) enforce_call /opt/stack/keystone/keystone/common/rbac_enforcer/enforcer.py:505}}
Jan 30 02:25:44 ubuntu devstack@keystone.service[81680]: DEBUG keystone.common.sql.core [None req-d7ac5ec2-c1bf-467d-b0ca-1ad3dad80a0a None admin] Conflict role: (pymysql.err.IntegrityError) (1062, "Duplicate entry 'service-<<null>>' for key 'role.ixu_role_name_domain_id'")
Jan 30 02:25:44 ubuntu devstack@keystone.service[81680]: [SQL: INSERT INTO `role` (id, name, description, extra) VALUES (%(id)s, %(name)s, %(description)s, %(extra)s)]
Jan 30 02:25:44 ubuntu devstack@keystone.service[81680]: [parameters: {'id': 'd0623d1bd3364921b1ac5de0437a3f47', 'name': 'service', 'description': None, 'extra': '{}'}]
Jan 30 02:25:44 ubuntu devstack@keystone.service[81680]: (Background on this error at: https://sqlalche.me/e/20/gkpj) {{(pid=81680) wrapper /opt/stack/keystone/keystone/common/sql/core.py:580}}
Jan 30 02:25:44 ubuntu devstack@keystone.service[81680]: ERROR keystone.server.flask.application [None req-d7ac5ec2-c1bf-467d-b0ca-1ad3dad80a0a None admin] Conflict occurred attempting to store role - Duplicate entry found with name service.: keystone.exception.Conflict: Conflict occurred attempting to store role - Duplicate entry found with name service.
Jan 30 02:25:44 ubuntu devstack@keystone.service[81680]: ERROR keystone.server.flask.application Traceback (most recent call last):
Jan 30 02:25:44 ubuntu devstack@keystone.service[81680]: ERROR keystone.server.flask.application   File "/opt/stack/data/venv/lib/python3.10/site-packages/sqlalchemy/engine/base.py", line 1967, in _exec_single_context
Jan 30 02:25:44 ubuntu devstack@keystone.service[81680]: ERROR keystone.server.flask.application     self.dialect.do_execute(
Jan 30 02:25:44 ubuntu devstack@keystone.service[81680]: ERROR keystone.server.flask.application   File "/opt/stack/data/venv/lib/python3.10/site-packages/sqlalchemy/engine/default.py", line 951, in do_execute
Jan 30 02:25:44 ubuntu devstack@keystone.service[81680]: ERROR keystone.server.flask.application     cursor.execute(statement, parameters)
Jan 30 02:25:44 ubuntu devstack@keystone.service[81680]: ERROR keystone.server.flask.application   File "/opt/stack/data/venv/lib/python3.10/site-packages/pymysql/cursors.py", line 153, in execute
Jan 30 02:25:44 ubuntu devstack@keystone.service[81680]: ERROR keystone.server.flask.application     result = self._query(query)
Jan 30 02:25:44 ubuntu devstack@keystone.service[81680]: ERROR keystone.server.flask.application   File "/opt/stack/data/venv/lib/python3.10/site-packages/pymysql/cursors.py", line 322, in _query
Jan 30 02:25:44 ubuntu devstack@keystone.service[81680]: ERROR keystone.server.flask.application     conn.query(q)
Jan 30 02:25:44 ubuntu devstack@keystone.service[81680]: ERROR keystone.server.flask.application   File "/opt/stack/data/venv/lib/python3.10/site-packages/pymysql/connections.py", line 575, in query
Jan 30 02:25:44 ubuntu devstack@keystone.service[81680]: ERROR keystone.server.flask.application     self._affected_rows = self._read_query_result(unbuffered=unbuffered)
Jan 30 02:25:44 ubuntu devstack@keystone.service[81680]: ERROR keystone.server.flask.application   File "/opt/stack/data/venv/lib/python3.10/site-packages/pymysql/connections.py", line 826, in _read_query_result
Jan 30 02:25:44 ubuntu devstack@keystone.service[81680]: ERROR keystone.server.flask.application     result.read()
Jan 30 02:25:44 ubuntu devstack@keystone.service[81680]: ERROR keystone.server.flask.application   File "/opt/stack/data/venv/lib/python3.10/site-packages/pymysql/connections.py", line 1203, in read
Jan 30 02:25:44 ubuntu devstack@keystone.service[81680]: ERROR keystone.server.flask.application     first_packet = self.connection._read_packet()
Jan 30 02:25:44 ubuntu devstack@keystone.service[81680]: ERROR keystone.server.flask.application   File "/opt/stack/data/venv/lib/python3.10/site-packages/pymysql/connections.py", line 782, in _read_packet
Jan 30 02:25:44 ubuntu devstack@keystone.service[81680]: ERROR keystone.server.flask.application     packet.raise_for_error()
Jan 30 02:25:44 ubuntu devstack@keystone.service[81680]: ERROR keystone.server.flask.application   File "/opt/stack/data/venv/lib/python3.10/site-packages/pymysql/protocol.py", line 219, in raise_for_error
Jan 30 02:25:44 ubuntu devstack@keystone.service[81680]: ERROR keystone.server.flask.application     err.raise_mysql_exception(self._data)
Jan 30 02:25:44 ubuntu devstack@keystone.service[81680]: ERROR keystone.server.flask.application   File "/opt/stack/data/venv/lib/python3.10/site-packages/pymysql/err.py", line 150, in raise_mysql_exception
Jan 30 02:25:44 ubuntu devstack@keystone.service[81680]: ERROR keystone.server.flask.application     raise errorclass(errno, errval)
Jan 30 02:25:44 ubuntu devstack@keystone.service[81680]: ERROR keystone.server.flask.application pymysql.err.IntegrityError: (1062, "Duplicate entry 'service-<<null>>' for key 'role.ixu_role_name_domain_id'")
Jan 30 02:25:44 ubuntu devstack@keystone.service[81680]: ERROR keystone.server.flask.application 
Jan 30 02:25:44 ubuntu devstack@keystone.service[81680]: ERROR keystone.server.flask.application The above exception was the direct cause of the following exception:
Jan 30 02:25:44 ubuntu devstack@keystone.service[81680]: ERROR keystone.server.flask.application 
Jan 30 02:25:44 ubuntu devstack@keystone.service[81680]: ERROR keystone.server.flask.application Traceback (most recent call last):
Jan 30 02:25:44 ubuntu devstack@keystone.service[81680]: ERROR keystone.server.flask.application   File "/opt/stack/keystone/keystone/common/sql/core.py", line 575, in wrapper
Jan 30 02:25:44 ubuntu devstack@keystone.service[81680]: ERROR keystone.server.flask.application     return method(*args, **kwargs)
Jan 30 02:25:44 ubuntu devstack@keystone.service[81680]: ERROR keystone.server.flask.application   File "/opt/stack/keystone/keystone/assignment/role_backends/sql.py", line 25, in create_role
Jan 30 02:25:44 ubuntu devstack@keystone.service[81680]: ERROR keystone.server.flask.application     with sql.session_for_write() as session:
Jan 30 02:25:44 ubuntu devstack@keystone.service[81680]: ERROR keystone.server.flask.application   File "/usr/lib/python3.10/contextlib.py", line 142, in __exit__
Jan 30 02:25:44 ubuntu devstack@keystone.service[81680]: ERROR keystone.server.flask.application     next(self.gen)
Jan 30 02:25:44 ubuntu devstack@keystone.service[81680]: ERROR keystone.server.flask.application   File "/opt/stack/data/venv/lib/python3.10/site-packages/oslo_db/sqlalchemy/enginefacade.py", line 1175, in _transaction_scope
Jan 30 02:25:44 ubuntu devstack@keystone.service[81680]: ERROR keystone.server.flask.application     with current._produce_block(
Jan 30 02:25:44 ubuntu devstack@keystone.service[81680]: ERROR keystone.server.flask.application   File "/usr/lib/python3.10/contextlib.py", line 142, in __exit__
Jan 30 02:25:44 ubuntu devstack@keystone.service[81680]: ERROR keystone.server.flask.application     next(self.gen)
Jan 30 02:25:44 ubuntu devstack@keystone.service[81680]: ERROR keystone.server.flask.application   File "/opt/stack/data/venv/lib/python3.10/site-packages/oslo_db/sqlalchemy/enginefacade.py", line 837, in _session
Jan 30 02:25:44 ubuntu devstack@keystone.service[81680]: ERROR keystone.server.flask.application     with excutils.save_and_reraise_exception():
Jan 30 02:25:44 ubuntu devstack@keystone.service[81680]: ERROR keystone.server.flask.application   File "/opt/stack/data/venv/lib/python3.10/site-packages/oslo_utils/excutils.py", line 256, in __exit__
Jan 30 02:25:44 ubuntu devstack@keystone.service[81680]: ERROR keystone.server.flask.application     self.force_reraise()
Jan 30 02:25:44 ubuntu devstack@keystone.service[81680]: ERROR keystone.server.flask.application   File "/opt/stack/data/venv/lib/python3.10/site-packages/oslo_utils/excutils.py", line 222, in force_reraise
Jan 30 02:25:44 ubuntu devstack@keystone.service[81680]: ERROR keystone.server.flask.application     raise self.value
Jan 30 02:25:44 ubuntu devstack@keystone.service[81680]: ERROR keystone.server.flask.application   File "/opt/stack/data/venv/lib/python3.10/site-packages/oslo_db/sqlalchemy/enginefacade.py", line 835, in _session
Jan 30 02:25:44 ubuntu devstack@keystone.service[81680]: ERROR keystone.server.flask.application     self._end_session_transaction(self.session)
Jan 30 02:25:44 ubuntu devstack@keystone.service[81680]: ERROR keystone.server.flask.application   File "/opt/stack/data/venv/lib/python3.10/site-packages/oslo_db/sqlalchemy/enginefacade.py", line 748, in _end_session_transaction
Jan 30 02:25:44 ubuntu devstack@keystone.service[81680]: ERROR keystone.server.flask.application     session.commit()
Jan 30 02:25:44 ubuntu devstack@keystone.service[81680]: ERROR keystone.server.flask.application   File "/opt/stack/data/venv/lib/python3.10/site-packages/sqlalchemy/orm/session.py", line 2030, in commit
Jan 30 02:25:44 ubuntu devstack@keystone.service[81680]: ERROR keystone.server.flask.application     trans.commit(_to_root=True)
Jan 30 02:25:44 ubuntu devstack@keystone.service[81680]: ERROR keystone.server.flask.application   File "<string>", line 2, in commit
Jan 30 02:25:44 ubuntu devstack@keystone.service[81680]: ERROR keystone.server.flask.application   File "/opt/stack/data/venv/lib/python3.10/site-packages/sqlalchemy/orm/state_changes.py", line 137, in _go
