Nov 12 16:00:52 ubuntu devstack@keystone.service[81513]: DEBUG keystone.server.flask.common [-] Adding resource routes to API role_inferences: ['/role_inferences' {}] {{(pid=81513) _add_mapped_resources /opt/stack/keystone/keystone/server/flask/common.py:483}}
Nov 12 16:00:52 ubuntu devstack@keystone.service[81513]: DEBUG keystone.server.flask.common [-] Adding resource routes to API roles: ['/roles' {}] {{(pid=81513) _add_mapped_resources /opt/stack/keystone/keystone/server/flask/common.py:483}}
Nov 12 16:00:52 ubuntu devstack@keystone.service[81513]: DEBUG keystone.server.flask.common [-] Adding resource routes to API roles: ['/roles/<string:role_id>' {}] {{(pid=81513) _add_mapped_resources /opt/stack/keystone/keystone/server/flask/common.py:483}}
Nov 12 16:00:52 ubuntu devstack@keystone.service[81513]: DEBUG keystone.server.flask.common [-] Adding resource routes to API roles: ['/roles/<string:prior_role_id>/implies' {}] {{(pid=81513) _add_mapped_resources /opt/stack/keystone/keystone/server/flask/common.py:483}}
Nov 12 16:00:52 ubuntu devstack@keystone.service[81513]: DEBUG keystone.server.flask.common [-] Adding resource routes to API roles: ['/roles/<string:prior_role_id>/implies/<string:implied_role_id>' {}] {{(pid=81513) _add_mapped_resources /opt/stack/keystone/keystone/server/flask/common.py:483}}
Nov 12 16:00:52 ubuntu devstack@keystone.service[81513]: DEBUG keystone.server.flask.common [-] Adding resource routes to API s3tokens: ['/s3tokens' {}] {{(pid=81513) _add_mapped_resources /opt/stack/keystone/keystone/server/flask/common.py:483}}
Nov 12 16:00:52 ubuntu devstack@keystone.service[81513]: DEBUG keystone.server.flask.common [-] Adding resource routes to API services: ['/services' {}] {{(pid=81513) _add_mapped_resources /opt/stack/keystone/keystone/server/flask/common.py:483}}
Nov 12 16:00:52 ubuntu devstack@keystone.service[81513]: DEBUG keystone.server.flask.common [-] Adding resource routes to API services: ['/services/<string:service_id>' {}] {{(pid=81513) _add_mapped_resources /opt/stack/keystone/keystone/server/flask/common.py:483}}
Nov 12 16:00:52 ubuntu devstack@keystone.service[81513]: DEBUG keystone.server.flask.common [-] Adding resource routes to API system: ['/system/users/<string:user_id>/roles' {}] {{(pid=81513) _add_mapped_resources /opt/stack/keystone/keystone/server/flask/common.py:483}}
Nov 12 16:00:52 ubuntu devstack@keystone.service[81513]: DEBUG keystone.server.flask.common [-] Adding resource routes to API system: ['/system/users/<string:user_id>/roles/<string:role_id>' {}] {{(pid=81513) _add_mapped_resources /opt/stack/keystone/keystone/server/flask/common.py:483}}
Nov 12 16:00:52 ubuntu devstack@keystone.service[81513]: DEBUG keystone.server.flask.common [-] Adding resource routes to API system: ['/system/groups/<string:group_id>/roles' {}] {{(pid=81513) _add_mapped_resources /opt/stack/keystone/keystone/server/flask/common.py:483}}
Nov 12 16:00:52 ubuntu devstack@keystone.service[81513]: DEBUG keystone.server.flask.common [-] Adding resource routes to API system: ['/system/groups/<string:group_id>/roles/<string:role_id>' {}] {{(pid=81513) _add_mapped_resources /opt/stack/keystone/keystone/server/flask/common.py:483}}
Nov 12 16:00:52 ubuntu devstack@keystone.service[81513]: DEBUG keystone.server.flask.common [-] Adding resource routes to API trusts: ['/trusts' {}] {{(pid=81513) _add_mapped_resources /opt/stack/keystone/keystone/server/flask/common.py:483}}
Nov 12 16:00:52 ubuntu devstack@keystone.service[81513]: DEBUG keystone.server.flask.common [-] Adding resource routes to API trusts: ['/trusts/<string:trust_id>' {}] {{(pid=81513) _add_mapped_resources /opt/stack/keystone/keystone/server/flask/common.py:483}}
Nov 12 16:00:52 ubuntu devstack@keystone.service[81513]: DEBUG keystone.server.flask.common [-] Adding resource routes to API trusts: ['/trusts/<string:trust_id>/roles' {}] {{(pid=81513) _add_mapped_resources /opt/stack/keystone/keystone/server/flask/common.py:483}}
Nov 12 16:00:52 ubuntu devstack@keystone.service[81513]: DEBUG keystone.server.flask.common [-] Adding resource routes to API trusts: ['/trusts/<string:trust_id>/roles/<string:role_id>' {}] {{(pid=81513) _add_mapped_resources /opt/stack/keystone/keystone/server/flask/common.py:483}}
Nov 12 16:00:52 ubuntu devstack@keystone.service[81513]: DEBUG keystone.server.flask.common [-] Adding resource routes to API users: ['/users' {}] {{(pid=81513) _add_mapped_resources /opt/stack/keystone/keystone/server/flask/common.py:483}}
Nov 12 16:00:52 ubuntu devstack@keystone.service[81514]: WSGI app 0 (mountpoint='') ready in 2 seconds on interpreter 0x563053017d40 pid: 81514 (default app)
Nov 12 16:00:52 ubuntu devstack@keystone.service[81513]: DEBUG keystone.server.flask.common [-] Adding resource routes to API users: ['/users/<string:user_id>' {}] {{(pid=81513) _add_mapped_resources /opt/stack/keystone/keystone/server/flask/common.py:483}}
Nov 12 16:00:52 ubuntu devstack@keystone.service[81513]: DEBUG keystone.server.flask.common [-] Adding resource routes to API users: ['/users/<string:user_id>/password' {}] {{(pid=81513) _add_mapped_resources /opt/stack/keystone/keystone/server/flask/common.py:483}}
Nov 12 16:00:52 ubuntu devstack@keystone.service[81513]: DEBUG keystone.server.flask.common [-] Adding resource routes to API users: ['/users/<string:user_id>/groups' {}] {{(pid=81513) _add_mapped_resources /opt/stack/keystone/keystone/server/flask/common.py:483}}
Nov 12 16:00:52 ubuntu devstack@keystone.service[81513]: DEBUG keystone.server.flask.common [-] Adding resource routes to API users: ['/users/<string:user_id>/projects' {}] {{(pid=81513) _add_mapped_resources /opt/stack/keystone/keystone/server/flask/common.py:483}}
Nov 12 16:00:52 ubuntu devstack@keystone.service[81513]: DEBUG keystone.server.flask.common [-] Adding resource routes to API users: ['/users/<string:user_id>/credentials/OS-EC2' {}] {{(pid=81513) _add_mapped_resources /opt/stack/keystone/keystone/server/flask/common.py:483}}
Nov 12 16:00:52 ubuntu devstack@keystone.service[81513]: DEBUG keystone.server.flask.common [-] Adding resource routes to API users: ['/users/<string:user_id>/credentials/OS-EC2/<string:credential_id>' {}] {{(pid=81513) _add_mapped_resources /opt/stack/keystone/keystone/server/flask/common.py:483}}
Nov 12 16:00:52 ubuntu devstack@keystone.service[81513]: DEBUG keystone.server.flask.common [-] Adding resource routes to API users: ['/users/<string:user_id>/OS-OAUTH1/access_tokens' {}] {{(pid=81513) _add_mapped_resources /opt/stack/keystone/keystone/server/flask/common.py:483}}
Nov 12 16:00:52 ubuntu devstack@keystone.service[81513]: DEBUG keystone.server.flask.common [-] Adding resource routes to API users: ['/users/<string:user_id>/OS-OAUTH1/access_tokens/<string:access_token_id>' {}] {{(pid=81513) _add_mapped_resources /opt/stack/keystone/keystone/server/flask/common.py:483}}
Nov 12 16:00:52 ubuntu devstack@keystone.service[81513]: DEBUG keystone.server.flask.common [-] Adding resource routes to API users: ['/users/<string:user_id>/OS-OAUTH1/access_tokens/<string:access_token_id>/roles' {}] {{(pid=81513) _add_mapped_resources /opt/stack/keystone/keystone/server/flask/common.py:483}}
Nov 12 16:00:52 ubuntu devstack@keystone.service[81513]: DEBUG keystone.server.flask.common [-] Adding resource routes to API users: ['/users/<string:user_id>/OS-OAUTH1/access_tokens/<string:access_token_id>/roles/<string:role_id>' {}] {{(pid=81513) _add_mapped_resources /opt/stack/keystone/keystone/server/flask/common.py:483}}
Nov 12 16:00:52 ubuntu devstack@keystone.service[81513]: DEBUG keystone.server.flask.common [-] Adding resource routes to API users: ['/users/<string:user_id>/application_credentials' {}] {{(pid=81513) _add_mapped_resources /opt/stack/keystone/keystone/server/flask/common.py:483}}
Nov 12 16:00:52 ubuntu devstack@keystone.service[81513]: DEBUG keystone.server.flask.common [-] Adding resource routes to API users: ['/users/<string:user_id>/application_credentials/<string:application_credential_id>' {}] {{(pid=81513) _add_mapped_resources /opt/stack/keystone/keystone/server/flask/common.py:483}}
Nov 12 16:00:52 ubuntu devstack@keystone.service[81513]: DEBUG keystone.server.flask.common [-] Adding resource routes to API users: ['/users/<string:user_id>/access_rules' {}] {{(pid=81513) _add_mapped_resources /opt/stack/keystone/keystone/server/flask/common.py:483}}
Nov 12 16:00:52 ubuntu devstack@keystone.service[81513]: DEBUG keystone.server.flask.common [-] Adding resource routes to API users: ['/users/<string:user_id>/access_rules/<string:access_rule_id>' {}] {{(pid=81513) _add_mapped_resources /opt/stack/keystone/keystone/server/flask/common.py:483}}
Nov 12 16:00:52 ubuntu devstack@keystone.service[81514]: DEBUG keystone.server.flask.request_processing.req_logging [None req-e2ebabc6-e0b4-4f7b-930f-3499d8da337d None None] REQUEST_METHOD: `GET` {{(pid=81514) log_request_info /opt/stack/keystone/keystone/server/flask/request_processing/req_logging.py:26}}
Nov 12 16:00:52 ubuntu devstack@keystone.service[81514]: DEBUG keystone.server.flask.request_processing.req_logging [None req-e2ebabc6-e0b4-4f7b-930f-3499d8da337d None None] SCRIPT_NAME: `/identity` {{(pid=81514) log_request_info /opt/stack/keystone/keystone/server/flask/request_processing/req_logging.py:27}}
Nov 12 16:00:52 ubuntu devstack@keystone.service[81514]: DEBUG keystone.server.flask.request_processing.req_logging [None req-e2ebabc6-e0b4-4f7b-930f-3499d8da337d None None] PATH_INFO: `/v3` {{(pid=81514) log_request_info /opt/stack/keystone/keystone/server/flask/request_processing/req_logging.py:28}}
Nov 12 16:00:52 ubuntu devstack@keystone.service[81514]: [pid: 81514|app: 0|req: 1/1] 10.201.5.82 () {50 vars in 783 bytes} [Wed Nov 12 16:00:52 2025] GET /identity/v3/ => generated 255 bytes in 2 msecs (HTTP/1.1 200) 5 headers in 177 bytes (1 switches on core 0)
Nov 12 16:00:52 ubuntu devstack@keystone.service[81513]: WSGI app 0 (mountpoint='') ready in 2 seconds on interpreter 0x563053017d40 pid: 81513 (default app)
Nov 12 16:00:57 ubuntu devstack@keystone.service[81514]: DEBUG keystone.server.flask.request_processing.req_logging [None req-7ebecc8b-5db9-4d02-ae40-daf665048bad None None] REQUEST_METHOD: `GET` {{(pid=81514) log_request_info /opt/stack/keystone/keystone/server/flask/request_processing/req_logging.py:26}}
Nov 12 16:00:57 ubuntu devstack@keystone.service[81514]: DEBUG keystone.server.flask.request_processing.req_logging [None req-7ebecc8b-5db9-4d02-ae40-daf665048bad None None] SCRIPT_NAME: `/identity` {{(pid=81514) log_request_info /opt/stack/keystone/keystone/server/flask/request_processing/req_logging.py:27}}
Nov 12 16:00:57 ubuntu devstack@keystone.service[81514]: DEBUG keystone.server.flask.request_processing.req_logging [None req-7ebecc8b-5db9-4d02-ae40-daf665048bad None None] PATH_INFO: `/` {{(pid=81514) log_request_info /opt/stack/keystone/keystone/server/flask/request_processing/req_logging.py:28}}
Nov 12 16:00:57 ubuntu devstack@keystone.service[81514]: [pid: 81514|app: 0|req: 2/2] 10.201.5.82 () {54 vars in 919 bytes} [Wed Nov 12 16:00:57 2025] GET /identity => generated 270 bytes in 2 msecs (HTTP/1.1 300) 6 headers in 234 bytes (2 switches on core 0)
Nov 12 16:00:57 ubuntu devstack@keystone.service[81513]: DEBUG keystone.server.flask.request_processing.req_logging [None req-2efc2909-af81-45a8-8b3e-3383ca9adb70 None None] REQUEST_METHOD: `POST` {{(pid=81513) log_request_info /opt/stack/keystone/keystone/server/flask/request_processing/req_logging.py:26}}
Nov 12 16:00:57 ubuntu devstack@keystone.service[81513]: DEBUG keystone.server.flask.request_processing.req_logging [None req-2efc2909-af81-45a8-8b3e-3383ca9adb70 None None] SCRIPT_NAME: `/identity` {{(pid=81513) log_request_info /opt/stack/keystone/keystone/server/flask/request_processing/req_logging.py:27}}
Nov 12 16:00:57 ubuntu devstack@keystone.service[81513]: DEBUG keystone.server.flask.request_processing.req_logging [None req-2efc2909-af81-45a8-8b3e-3383ca9adb70 None None] PATH_INFO: `/v3/auth/tokens` {{(pid=81513) log_request_info /opt/stack/keystone/keystone/server/flask/request_processing/req_logging.py:28}}
Nov 12 16:00:57 ubuntu devstack@keystone.service[81513]: INFO dbcounter [None req-2efc2909-af81-45a8-8b3e-3383ca9adb70 None None] Registered counter for database keystone
Nov 12 16:00:57 ubuntu devstack@keystone.service[81513]: DEBUG oslo_db.sqlalchemy.engines [None req-2efc2909-af81-45a8-8b3e-3383ca9adb70 None None] MySQL server mode set to STRICT_TRANS_TABLES,STRICT_ALL_TABLES,NO_ZERO_IN_DATE,NO_ZERO_DATE,ERROR_FOR_DIVISION_BY_ZERO,TRADITIONAL,NO_ENGINE_SUBSTITUTION {{(pid=81513) _check_effective_sql_mode /opt/stack/data/venv/lib/python3.10/site-packages/oslo_db/sqlalchemy/engines.py:397}}
Nov 12 16:00:57 ubuntu devstack@keystone.service[81513]: DEBUG dbcounter [-] [81513] Writer thread running {{(pid=81513) stat_writer /opt/stack/data/venv/lib/python3.10/site-packages/dbcounter.py:102}}
Nov 12 16:00:58 ubuntu devstack@keystone.service[81513]: WARNING keystone.common.password_hashing [None req-2efc2909-af81-45a8-8b3e-3383ca9adb70 None None] Truncating password to algorithm specific maximum length 72 characters.
Nov 12 16:00:58 ubuntu devstack@keystone.service[81513]: DEBUG keystone.auth.core [None req-2efc2909-af81-45a8-8b3e-3383ca9adb70 None None] MFA Rules not processed for user `0df237d9f2a649edb27749f5411c2367`. Rule list: `[]` (Enabled: `True`). {{(pid=81513) check_auth_methods_against_rules /opt/stack/keystone/keystone/auth/core.py:476}}
Nov 12 16:00:58 ubuntu devstack@keystone.service[81513]: DEBUG keystone.common.fernet_utils [None req-2efc2909-af81-45a8-8b3e-3383ca9adb70 None None] Loaded 2 Fernet keys from /etc/keystone/fernet-keys/, but `[fernet_tokens] max_active_keys = 3`; perhaps there have not been enough key rotations to reach `max_active_keys` yet? {{(pid=81513) load_keys /opt/stack/keystone/keystone/common/fernet_utils.py:297}}
Nov 12 16:00:58 ubuntu devstack@keystone.service[81513]: [pid: 81513|app: 0|req: 1/3] 10.201.5.82 () {58 vars in 1016 bytes} [Wed Nov 12 16:00:57 2025] POST /identity/v3/auth/tokens => generated 977 bytes in 291 msecs (HTTP/1.1 201) 6 headers in 384 bytes (1 switches on core 0)
Nov 12 16:00:58 ubuntu devstack@keystone.service[81514]: DEBUG keystone.server.flask.request_processing.middleware.auth_context [None req-7ebecc8b-5db9-4d02-ae40-daf665048bad None None] Authenticating user token {{(pid=81514) process_request /opt/stack/data/venv/lib/python3.10/site-packages/keystonemiddleware/auth_token/__init__.py:407}}
Nov 12 16:00:58 ubuntu devstack@keystone.service[81514]: INFO dbcounter [None req-7ebecc8b-5db9-4d02-ae40-daf665048bad None None] Registered counter for database keystone
Nov 12 16:00:58 ubuntu devstack@keystone.service[81514]: DEBUG oslo_db.sqlalchemy.engines [None req-7ebecc8b-5db9-4d02-ae40-daf665048bad None None] MySQL server mode set to STRICT_TRANS_TABLES,STRICT_ALL_TABLES,NO_ZERO_IN_DATE,NO_ZERO_DATE,ERROR_FOR_DIVISION_BY_ZERO,TRADITIONAL,NO_ENGINE_SUBSTITUTION {{(pid=81514) _check_effective_sql_mode /opt/stack/data/venv/lib/python3.10/site-packages/oslo_db/sqlalchemy/engines.py:397}}
Nov 12 16:00:58 ubuntu devstack@keystone.service[81514]: DEBUG dbcounter [-] [81514] Writer thread running {{(pid=81514) stat_writer /opt/stack/data/venv/lib/python3.10/site-packages/dbcounter.py:102}}
Nov 12 16:00:58 ubuntu devstack@keystone.service[81514]: DEBUG keystone.server.flask.request_processing.middleware.auth_context [None req-7ebecc8b-5db9-4d02-ae40-daf665048bad None None] Validating token access rules against request {{(pid=81514) validate_allowed_request /opt/stack/data/venv/lib/python3.10/site-packages/keystonemiddleware/auth_token/__init__.py:545}}
Nov 12 16:00:58 ubuntu devstack@keystone.service[81514]: DEBUG keystone.server.flask.request_processing.middleware.auth_context [None req-a29cfe9e-0313-42c5-869c-d088b7a01726 admin admin] RBAC: auth_context: {'token': <TokenModel (audit_id=y0-MszQQTX-cdqaM1npkkw, audit_chain_id=['y0-MszQQTX-cdqaM1npkkw']) at 0x7f039d63ac50>, 'domain_id': None, 'trust_id': None, 'trustor_id': None, 'trustee_id': None, 'domain_name': None, 'group_ids': [], 'user_id': '0df237d9f2a649edb27749f5411c2367', 'user_domain_id': 'default', 'system_scope': None, 'project_id': 'a043c5c8c0ca4e3e9f0927610abb170b', 'project_domain_id': 'default', 'roles': ['manager', 'reader', 'member', 'admin'], 'is_admin_project': True, 'service_user_id': None, 'service_user_domain_id': None, 'service_project_id': None, 'service_project_domain_id': None, 'service_roles': []} {{(pid=81514) fill_context /opt/stack/keystone/keystone/server/flask/request_processing/middleware/auth_context.py:509}}
Nov 12 16:00:58 ubuntu devstack@keystone.service[81514]: DEBUG keystone.server.flask.request_processing.req_logging [None req-a29cfe9e-0313-42c5-869c-d088b7a01726 admin admin] REQUEST_METHOD: `GET` {{(pid=81514) log_request_info /opt/stack/keystone/keystone/server/flask/request_processing/req_logging.py:26}}
Nov 12 16:00:58 ubuntu devstack@keystone.service[81514]: DEBUG keystone.server.flask.request_processing.req_logging [None req-a29cfe9e-0313-42c5-869c-d088b7a01726 admin admin] SCRIPT_NAME: `/identity` {{(pid=81514) log_request_info /opt/stack/keystone/keystone/server/flask/request_processing/req_logging.py:27}}
Nov 12 16:00:58 ubuntu devstack@keystone.service[81514]: DEBUG keystone.server.flask.request_processing.req_logging [None req-a29cfe9e-0313-42c5-869c-d088b7a01726 admin admin] PATH_INFO: `/v3/auth/tokens` {{(pid=81514) log_request_info /opt/stack/keystone/keystone/server/flask/request_processing/req_logging.py:28}}
Nov 12 16:00:58 ubuntu devstack@keystone.service[81514]: DEBUG keystone.common.rbac_enforcer.enforcer [None req-a29cfe9e-0313-42c5-869c-d088b7a01726 admin admin] RBAC: Authorizing `identity:validate_token()` {{(pid=81514) enforce_call /opt/stack/keystone/keystone/common/rbac_enforcer/enforcer.py:494}}
Nov 12 16:00:58 ubuntu devstack@keystone.service[81514]: WARNING keystone.common.rbac_enforcer.enforcer [None req-a29cfe9e-0313-42c5-869c-d088b7a01726 admin admin] Deprecated policy rules found. Use oslopolicy-policy-generator and oslopolicy-policy-upgrade to detect and resolve deprecated policies in your configuration.
Nov 12 16:00:58 ubuntu devstack@keystone.service[81514]: DEBUG keystone.common.rbac_enforcer.enforcer [None req-a29cfe9e-0313-42c5-869c-d088b7a01726 admin admin] RBAC: Authorization granted {{(pid=81514) enforce_call /opt/stack/keystone/keystone/common/rbac_enforcer/enforcer.py:505}}
Nov 12 16:00:58 ubuntu devstack@keystone.service[81514]: [pid: 81514|app: 0|req: 3/4] 10.201.5.82 () {58 vars in 1316 bytes} [Wed Nov 12 16:00:58 2025] GET /identity/v3/auth/tokens => generated 977 bytes in 166 msecs (HTTP/1.1 200) 6 headers in 379 bytes (2 switches on core 0)
Nov 12 16:00:58 ubuntu devstack@keystone.service[81513]: DEBUG keystone.server.flask.request_processing.middleware.auth_context [None req-2efc2909-af81-45a8-8b3e-3383ca9adb70 None None] Authenticating user token {{(pid=81513) process_request /opt/stack/data/venv/lib/python3.10/site-packages/keystonemiddleware/auth_token/__init__.py:407}}
Nov 12 16:00:58 ubuntu devstack@keystone.service[81513]: DEBUG keystone.server.flask.request_processing.middleware.auth_context [None req-2efc2909-af81-45a8-8b3e-3383ca9adb70 None None] Validating token access rules against request {{(pid=81513) validate_allowed_request /opt/stack/data/venv/lib/python3.10/site-packages/keystonemiddleware/auth_token/__init__.py:545}}
Nov 12 16:00:58 ubuntu devstack@keystone.service[81513]: DEBUG keystone.server.flask.request_processing.middleware.auth_context [None req-891aec28-6489-445e-9f5e-ac9d74ea142d admin admin] RBAC: auth_context: {'token': <TokenModel (audit_id=y0-MszQQTX-cdqaM1npkkw, audit_chain_id=['y0-MszQQTX-cdqaM1npkkw']) at 0x7f039d66a980>, 'domain_id': None, 'trust_id': None, 'trustor_id': None, 'trustee_id': None, 'domain_name': None, 'group_ids': [], 'user_id': '0df237d9f2a649edb27749f5411c2367', 'user_domain_id': 'default', 'system_scope': None, 'project_id': 'a043c5c8c0ca4e3e9f0927610abb170b', 'project_domain_id': 'default', 'roles': ['manager', 'reader', 'member', 'admin'], 'is_admin_project': True, 'service_user_id': None, 'service_user_domain_id': None, 'service_project_id': None, 'service_project_domain_id': None, 'service_roles': []} {{(pid=81513) fill_context /opt/stack/keystone/keystone/server/flask/request_processing/middleware/auth_context.py:509}}
Nov 12 16:00:58 ubuntu devstack@keystone.service[81513]: DEBUG keystone.server.flask.request_processing.req_logging [None req-891aec28-6489-445e-9f5e-ac9d74ea142d admin admin] REQUEST_METHOD: `GET` {{(pid=81513) log_request_info /opt/stack/keystone/keystone/server/flask/request_processing/req_logging.py:26}}
Nov 12 16:00:58 ubuntu devstack@keystone.service[81513]: DEBUG keystone.server.flask.request_processing.req_logging [None req-891aec28-6489-445e-9f5e-ac9d74ea142d admin admin] SCRIPT_NAME: `/identity` {{(pid=81513) log_request_info /opt/stack/keystone/keystone/server/flask/request_processing/req_logging.py:27}}
Nov 12 16:00:58 ubuntu devstack@keystone.service[81513]: DEBUG keystone.server.flask.request_processing.req_logging [None req-891aec28-6489-445e-9f5e-ac9d74ea142d admin admin] PATH_INFO: `/v3/projects/a043c5c8c0ca4e3e9f0927610abb170b` {{(pid=81513) log_request_info /opt/stack/keystone/keystone/server/flask/request_processing/req_logging.py:28}}
Nov 12 16:00:58 ubuntu devstack@keystone.service[81513]: DEBUG keystone.common.rbac_enforcer.enforcer [None req-891aec28-6489-445e-9f5e-ac9d74ea142d admin admin] RBAC: Authorizing `identity:get_project(project_id=a043c5c8c0ca4e3e9f0927610abb170b)` {{(pid=81513) enforce_call /opt/stack/keystone/keystone/common/rbac_enforcer/enforcer.py:494}}
Nov 12 16:00:58 ubuntu devstack@keystone.service[81513]: WARNING keystone.common.rbac_enforcer.enforcer [None req-891aec28-6489-445e-9f5e-ac9d74ea142d admin admin] Deprecated policy rules found. Use oslopolicy-policy-generator and oslopolicy-policy-upgrade to detect and resolve deprecated policies in your configuration.
Nov 12 16:00:58 ubuntu devstack@keystone.service[81513]: DEBUG keystone.common.rbac_enforcer.enforcer [None req-891aec28-6489-445e-9f5e-ac9d74ea142d admin admin] RBAC: Authorization granted {{(pid=81513) enforce_call /opt/stack/keystone/keystone/common/rbac_enforcer/enforcer.py:505}}
Nov 12 16:00:58 ubuntu devstack@keystone.service[81513]: [pid: 81513|app: 0|req: 2/5] 10.201.5.82 () {56 vars in 1199 bytes} [Wed Nov 12 16:00:58 2025] GET /identity/v3/projects/a043c5c8c0ca4e3e9f0927610abb170b => generated 344 bytes in 38 msecs (HTTP/1.1 200) 5 headers in 177 bytes (1 switches on core 0)
Nov 12 16:00:59 ubuntu devstack@keystone.service[81514]: DEBUG keystone.server.flask.request_processing.req_logging [None req-43aeec77-6fce-461f-af55-f7a8df8236e2 None None] REQUEST_METHOD: `GET` {{(pid=81514) log_request_info /opt/stack/keystone/keystone/server/flask/request_processing/req_logging.py:26}}
Nov 12 16:00:59 ubuntu devstack@keystone.service[81514]: DEBUG keystone.server.flask.request_processing.req_logging [None req-43aeec77-6fce-461f-af55-f7a8df8236e2 None None] SCRIPT_NAME: `/identity` {{(pid=81514) log_request_info /opt/stack/keystone/keystone/server/flask/request_processing/req_logging.py:27}}
Nov 12 16:00:59 ubuntu devstack@keystone.service[81514]: DEBUG keystone.server.flask.request_processing.req_logging [None req-43aeec77-6fce-461f-af55-f7a8df8236e2 None None] PATH_INFO: `/` {{(pid=81514) log_request_info /opt/stack/keystone/keystone/server/flask/request_processing/req_logging.py:28}}
Nov 12 16:00:59 ubuntu devstack@keystone.service[81514]: [pid: 81514|app: 0|req: 4/6] 10.201.5.82 () {54 vars in 919 bytes} [Wed Nov 12 16:00:59 2025] GET /identity => generated 270 bytes in 5 msecs (HTTP/1.1 300) 6 headers in 234 bytes (1 switches on core 0)
Nov 12 16:00:59 ubuntu devstack@keystone.service[81513]: DEBUG keystone.server.flask.request_processing.req_logging [None req-b4b90394-9b8d-4646-86f2-f7603d1d9d71 None None] REQUEST_METHOD: `POST` {{(pid=81513) log_request_info /opt/stack/keystone/keystone/server/flask/request_processing/req_logging.py:26}}
Nov 12 16:00:59 ubuntu devstack@keystone.service[81513]: DEBUG keystone.server.flask.request_processing.req_logging [None req-b4b90394-9b8d-4646-86f2-f7603d1d9d71 None None] SCRIPT_NAME: `/identity` {{(pid=81513) log_request_info /opt/stack/keystone/keystone/server/flask/request_processing/req_logging.py:27}}
Nov 12 16:00:59 ubuntu devstack@keystone.service[81513]: DEBUG keystone.server.flask.request_processing.req_logging [None req-b4b90394-9b8d-4646-86f2-f7603d1d9d71 None None] PATH_INFO: `/v3/auth/tokens` {{(pid=81513) log_request_info /opt/stack/keystone/keystone/server/flask/request_processing/req_logging.py:28}}
Nov 12 16:00:59 ubuntu devstack@keystone.service[81513]: WARNING keystone.common.password_hashing [None req-b4b90394-9b8d-4646-86f2-f7603d1d9d71 None None] Truncating password to algorithm specific maximum length 72 characters.
Nov 12 16:00:59 ubuntu devstack@keystone.service[81513]: DEBUG keystone.auth.core [None req-b4b90394-9b8d-4646-86f2-f7603d1d9d71 None None] MFA Rules not processed for user `0df237d9f2a649edb27749f5411c2367`. Rule list: `[]` (Enabled: `True`). {{(pid=81513) check_auth_methods_against_rules /opt/stack/keystone/keystone/auth/core.py:476}}
Nov 12 16:00:59 ubuntu devstack@keystone.service[81513]: DEBUG keystone.common.fernet_utils [None req-b4b90394-9b8d-4646-86f2-f7603d1d9d71 None None] Loaded 2 Fernet keys from /etc/keystone/fernet-keys/, but `[fernet_tokens] max_active_keys = 3`; perhaps there have not been enough key rotations to reach `max_active_keys` yet? {{(pid=81513) load_keys /opt/stack/keystone/keystone/common/fernet_utils.py:297}}
Nov 12 16:00:59 ubuntu devstack@keystone.service[81513]: [pid: 81513|app: 0|req: 3/7] 10.201.5.82 () {58 vars in 1016 bytes} [Wed Nov 12 16:00:59 2025] POST /identity/v3/auth/tokens => generated 977 bytes in 38 msecs (HTTP/1.1 201) 6 headers in 384 bytes (1 switches on core 0)
Nov 12 16:00:59 ubuntu devstack@keystone.service[81514]: DEBUG keystone.server.flask.request_processing.middleware.auth_context [None req-43aeec77-6fce-461f-af55-f7a8df8236e2 None None] Authenticating user token {{(pid=81514) process_request /opt/stack/data/venv/lib/python3.10/site-packages/keystonemiddleware/auth_token/__init__.py:407}}
Nov 12 16:00:59 ubuntu devstack@keystone.service[81514]: DEBUG keystone.server.flask.request_processing.middleware.auth_context [None req-43aeec77-6fce-461f-af55-f7a8df8236e2 None None] Validating token access rules against request {{(pid=81514) validate_allowed_request /opt/stack/data/venv/lib/python3.10/site-packages/keystonemiddleware/auth_token/__init__.py:545}}
Nov 12 16:00:59 ubuntu devstack@keystone.service[81514]: DEBUG keystone.server.flask.request_processing.middleware.auth_context [None req-386d4560-6e35-47c1-9b28-453c06dc2068 admin admin] RBAC: auth_context: {'token': <TokenModel (audit_id=5X6vtFYcSVuA1BorYDEDTQ, audit_chain_id=['5X6vtFYcSVuA1BorYDEDTQ']) at 0x7f039c9ff1f0>, 'domain_id': None, 'trust_id': None, 'trustor_id': None, 'trustee_id': None, 'domain_name': None, 'group_ids': [], 'user_id': '0df237d9f2a649edb27749f5411c2367', 'user_domain_id': 'default', 'system_scope': None, 'project_id': 'a043c5c8c0ca4e3e9f0927610abb170b', 'project_domain_id': 'default', 'roles': ['manager', 'reader', 'member', 'admin'], 'is_admin_project': True, 'service_user_id': None, 'service_user_domain_id': None, 'service_project_id': None, 'service_project_domain_id': None, 'service_roles': []} {{(pid=81514) fill_context /opt/stack/keystone/keystone/server/flask/request_processing/middleware/auth_context.py:509}}
Nov 12 16:00:59 ubuntu devstack@keystone.service[81514]: DEBUG keystone.server.flask.request_processing.req_logging [None req-386d4560-6e35-47c1-9b28-453c06dc2068 admin admin] REQUEST_METHOD: `GET` {{(pid=81514) log_request_info /opt/stack/keystone/keystone/server/flask/request_processing/req_logging.py:26}}
Nov 12 16:00:59 ubuntu devstack@keystone.service[81514]: DEBUG keystone.server.flask.request_processing.req_logging [None req-386d4560-6e35-47c1-9b28-453c06dc2068 admin admin] SCRIPT_NAME: `/identity` {{(pid=81514) log_request_info /opt/stack/keystone/keystone/server/flask/request_processing/req_logging.py:27}}
Nov 12 16:00:59 ubuntu devstack@keystone.service[81514]: DEBUG keystone.server.flask.request_processing.req_logging [None req-386d4560-6e35-47c1-9b28-453c06dc2068 admin admin] PATH_INFO: `/v3/users/admin` {{(pid=81514) log_request_info /opt/stack/keystone/keystone/server/flask/request_processing/req_logging.py:28}}
Nov 12 16:00:59 ubuntu devstack@keystone.service[81514]: DEBUG keystone.common.rbac_enforcer.enforcer [None req-386d4560-6e35-47c1-9b28-453c06dc2068 admin admin] RBAC: Authorizing `identity:get_user(user_id=admin)` {{(pid=81514) enforce_call /opt/stack/keystone/keystone/common/rbac_enforcer/enforcer.py:494}}
Nov 12 16:00:59 ubuntu devstack@keystone.service[81514]: DEBUG keystone.common.rbac_enforcer.enforcer [None req-386d4560-6e35-47c1-9b28-453c06dc2068 admin admin] RBAC: Authorization granted {{(pid=81514) enforce_call /opt/stack/keystone/keystone/common/rbac_enforcer/enforcer.py:505}}
Nov 12 16:00:59 ubuntu devstack@keystone.service[81514]: DEBUG keystone.server.flask.application [None req-386d4560-6e35-47c1-9b28-453c06dc2068 admin admin] Could not find user: admin. {{(pid=81514) _handle_keystone_exception /opt/stack/keystone/keystone/server/flask/application.py:146}}
Nov 12 16:00:59 ubuntu devstack@keystone.service[81514]: [pid: 81514|app: 0|req: 5/8] 10.201.5.82 () {56 vars in 1153 bytes} [Wed Nov 12 16:00:59 2025] GET /identity/v3/users/admin => generated 83 bytes in 43 msecs (HTTP/1.1 404) 5 headers in 183 bytes (1 switches on core 0)
Nov 12 16:00:59 ubuntu devstack@keystone.service[81513]: DEBUG keystone.server.flask.request_processing.middleware.auth_context [None req-b4b90394-9b8d-4646-86f2-f7603d1d9d71 None None] Authenticating user token {{(pid=81513) process_request /opt/stack/data/venv/lib/python3.10/site-packages/keystonemiddleware/auth_token/__init__.py:407}}
Nov 12 16:00:59 ubuntu devstack@keystone.service[81513]: DEBUG keystone.server.flask.request_processing.middleware.auth_context [None req-b4b90394-9b8d-4646-86f2-f7603d1d9d71 None None] Validating token access rules against request {{(pid=81513) validate_allowed_request /opt/stack/data/venv/lib/python3.10/site-packages/keystonemiddleware/auth_token/__init__.py:545}}
Nov 12 16:00:59 ubuntu devstack@keystone.service[81513]: DEBUG keystone.server.flask.request_processing.middleware.auth_context [None req-4158d884-f701-4701-8c65-e08242f476e9 admin admin] RBAC: auth_context: {'token': <TokenModel (audit_id=5X6vtFYcSVuA1BorYDEDTQ, audit_chain_id=['5X6vtFYcSVuA1BorYDEDTQ']) at 0x7f039d66a3e0>, 'domain_id': None, 'trust_id': None, 'trustor_id': None, 'trustee_id': None, 'domain_name': None, 'group_ids': [], 'user_id': '0df237d9f2a649edb27749f5411c2367', 'user_domain_id': 'default', 'system_scope': None, 'project_id': 'a043c5c8c0ca4e3e9f0927610abb170b', 'project_domain_id': 'default', 'roles': ['manager', 'reader', 'member', 'admin'], 'is_admin_project': True, 'service_user_id': None, 'service_user_domain_id': None, 'service_project_id': None, 'service_project_domain_id': None, 'service_roles': []} {{(pid=81513) fill_context /opt/stack/keystone/keystone/server/flask/request_processing/middleware/auth_context.py:509}}
Nov 12 16:00:59 ubuntu devstack@keystone.service[81513]: DEBUG keystone.server.flask.request_processing.req_logging [None req-4158d884-f701-4701-8c65-e08242f476e9 admin admin] REQUEST_METHOD: `GET` {{(pid=81513) log_request_info /opt/stack/keystone/keystone/server/flask/request_processing/req_logging.py:26}}
Nov 12 16:00:59 ubuntu devstack@keystone.service[81513]: DEBUG keystone.server.flask.request_processing.req_logging [None req-4158d884-f701-4701-8c65-e08242f476e9 admin admin] SCRIPT_NAME: `/identity` {{(pid=81513) log_request_info /opt/stack/keystone/keystone/server/flask/request_processing/req_logging.py:27}}
Nov 12 16:00:59 ubuntu devstack@keystone.service[81513]: DEBUG keystone.server.flask.request_processing.req_logging [None req-4158d884-f701-4701-8c65-e08242f476e9 admin admin] PATH_INFO: `/v3/users` {{(pid=81513) log_request_info /opt/stack/keystone/keystone/server/flask/request_processing/req_logging.py:28}}
Nov 12 16:00:59 ubuntu devstack@keystone.service[81513]: DEBUG keystone.common.rbac_enforcer.enforcer [None req-4158d884-f701-4701-8c65-e08242f476e9 admin admin] RBAC: Adding query filter params (name=admin) {{(pid=81513) _extract_filter_values /opt/stack/keystone/keystone/common/rbac_enforcer/enforcer.py:176}}
Nov 12 16:00:59 ubuntu devstack@keystone.service[81513]: DEBUG keystone.common.rbac_enforcer.enforcer [None req-4158d884-f701-4701-8c65-e08242f476e9 admin admin] RBAC: Authorizing `identity:list_users()` {{(pid=81513) enforce_call /opt/stack/keystone/keystone/common/rbac_enforcer/enforcer.py:494}}
Nov 12 16:00:59 ubuntu devstack@keystone.service[81513]: DEBUG keystone.common.rbac_enforcer.enforcer [None req-4158d884-f701-4701-8c65-e08242f476e9 admin admin] RBAC: Authorization granted {{(pid=81513) enforce_call /opt/stack/keystone/keystone/common/rbac_enforcer/enforcer.py:505}}
Nov 12 16:00:59 ubuntu devstack@keystone.service[81513]: [pid: 81513|app: 0|req: 4/9] 10.201.5.82 () {56 vars in 1169 bytes} [Wed Nov 12 16:00:59 2025] GET /identity/v3/users?name=admin => generated 352 bytes in 46 msecs (HTTP/1.1 200) 5 headers in 177 bytes (1 switches on core 0)
Nov 12 16:01:01 ubuntu devstack@keystone.service[81514]: DEBUG keystone.server.flask.request_processing.req_logging [None req-75266c36-b0de-4304-b8ea-30e0ffb88198 None None] REQUEST_METHOD: `GET` {{(pid=81514) log_request_info /opt/stack/keystone/keystone/server/flask/request_processing/req_logging.py:26}}
Nov 12 16:01:01 ubuntu devstack@keystone.service[81514]: DEBUG keystone.server.flask.request_processing.req_logging [None req-75266c36-b0de-4304-b8ea-30e0ffb88198 None None] SCRIPT_NAME: `/identity` {{(pid=81514) log_request_info /opt/stack/keystone/keystone/server/flask/request_processing/req_logging.py:27}}
Nov 12 16:01:01 ubuntu devstack@keystone.service[81514]: DEBUG keystone.server.flask.request_processing.req_logging [None req-75266c36-b0de-4304-b8ea-30e0ffb88198 None None] PATH_INFO: `/` {{(pid=81514) log_request_info /opt/stack/keystone/keystone/server/flask/request_processing/req_logging.py:28}}
Nov 12 16:01:01 ubuntu devstack@keystone.service[81513]: DEBUG keystone.server.flask.request_processing.req_logging [None req-92eba7e9-df70-4235-8246-7df3c3844af5 None None] REQUEST_METHOD: `GET` {{(pid=81513) log_request_info /opt/stack/keystone/keystone/server/flask/request_processing/req_logging.py:26}}
Nov 12 16:01:01 ubuntu devstack@keystone.service[81513]: DEBUG keystone.server.flask.request_processing.req_logging [None req-92eba7e9-df70-4235-8246-7df3c3844af5 None None] SCRIPT_NAME: `/identity` {{(pid=81513) log_request_info /opt/stack/keystone/keystone/server/flask/request_processing/req_logging.py:27}}
Nov 12 16:01:01 ubuntu devstack@keystone.service[81513]: DEBUG keystone.server.flask.request_processing.req_logging [None req-92eba7e9-df70-4235-8246-7df3c3844af5 None None] PATH_INFO: `/` {{(pid=81513) log_request_info /opt/stack/keystone/keystone/server/flask/request_processing/req_logging.py:28}}
Nov 12 16:01:01 ubuntu devstack@keystone.service[81514]: [pid: 81514|app: 0|req: 6/11] 10.201.5.82 () {54 vars in 919 bytes} [Wed Nov 12 16:01:01 2025] GET /identity => generated 270 bytes in 5 msecs (HTTP/1.1 300) 6 headers in 234 bytes (1 switches on core 0)
Nov 12 16:01:01 ubuntu devstack@keystone.service[81513]: [pid: 81513|app: 0|req: 5/11] 10.201.5.82 () {54 vars in 919 bytes} [Wed Nov 12 16:01:01 2025] GET /identity => generated 270 bytes in 2 msecs (HTTP/1.1 300) 6 headers in 234 bytes (1 switches on core 0)
Nov 12 16:01:01 ubuntu devstack@keystone.service[81513]: DEBUG keystone.server.flask.request_processing.req_logging [None req-849e94e7-20d2-495f-b292-7d2658586cda None None] REQUEST_METHOD: `POST` {{(pid=81513) log_request_info /opt/stack/keystone/keystone/server/flask/request_processing/req_logging.py:26}}
Nov 12 16:01:01 ubuntu devstack@keystone.service[81513]: DEBUG keystone.server.flask.request_processing.req_logging [None req-849e94e7-20d2-495f-b292-7d2658586cda None None] SCRIPT_NAME: `/identity` {{(pid=81513) log_request_info /opt/stack/keystone/keystone/server/flask/request_processing/req_logging.py:27}}
Nov 12 16:01:01 ubuntu devstack@keystone.service[81513]: DEBUG keystone.server.flask.request_processing.req_logging [None req-849e94e7-20d2-495f-b292-7d2658586cda None None] PATH_INFO: `/v3/auth/tokens` {{(pid=81513) log_request_info /opt/stack/keystone/keystone/server/flask/request_processing/req_logging.py:28}}
Nov 12 16:01:01 ubuntu devstack@keystone.service[81514]: DEBUG keystone.server.flask.request_processing.req_logging [None req-8a542c48-6a7a-4e1e-a155-99465ada26bf None None] REQUEST_METHOD: `POST` {{(pid=81514) log_request_info /opt/stack/keystone/keystone/server/flask/request_processing/req_logging.py:26}}
Nov 12 16:01:01 ubuntu devstack@keystone.service[81514]: DEBUG keystone.server.flask.request_processing.req_logging [None req-8a542c48-6a7a-4e1e-a155-99465ada26bf None None] SCRIPT_NAME: `/identity` {{(pid=81514) log_request_info /opt/stack/keystone/keystone/server/flask/request_processing/req_logging.py:27}}
Nov 12 16:01:01 ubuntu devstack@keystone.service[81514]: DEBUG keystone.server.flask.request_processing.req_logging [None req-8a542c48-6a7a-4e1e-a155-99465ada26bf None None] PATH_INFO: `/v3/auth/tokens` {{(pid=81514) log_request_info /opt/stack/keystone/keystone/server/flask/request_processing/req_logging.py:28}}
Nov 12 16:01:01 ubuntu devstack@keystone.service[81513]: WARNING keystone.common.password_hashing [None req-849e94e7-20d2-495f-b292-7d2658586cda None None] Truncating password to algorithm specific maximum length 72 characters.
Nov 12 16:01:01 ubuntu devstack@keystone.service[81514]: WARNING keystone.common.password_hashing [None req-8a542c48-6a7a-4e1e-a155-99465ada26bf None None] Truncating password to algorithm specific maximum length 72 characters.
Nov 12 16:01:01 ubuntu devstack@keystone.service[81513]: DEBUG keystone.auth.core [None req-849e94e7-20d2-495f-b292-7d2658586cda None None] MFA Rules not processed for user `0df237d9f2a649edb27749f5411c2367`. Rule list: `[]` (Enabled: `True`). {{(pid=81513) check_auth_methods_against_rules /opt/stack/keystone/keystone/auth/core.py:476}}
Nov 12 16:01:01 ubuntu devstack@keystone.service[81513]: DEBUG keystone.common.fernet_utils [None req-849e94e7-20d2-495f-b292-7d2658586cda None None] Loaded 2 Fernet keys from /etc/keystone/fernet-keys/, but `[fernet_tokens] max_active_keys = 3`; perhaps there have not been enough key rotations to reach `max_active_keys` yet? {{(pid=81513) load_keys /opt/stack/keystone/keystone/common/fernet_utils.py:297}}
Nov 12 16:01:01 ubuntu devstack@keystone.service[81514]: DEBUG keystone.auth.core [None req-8a542c48-6a7a-4e1e-a155-99465ada26bf None None] MFA Rules not processed for user `0df237d9f2a649edb27749f5411c2367`. Rule list: `[]` (Enabled: `True`). {{(pid=81514) check_auth_methods_against_rules /opt/stack/keystone/keystone/auth/core.py:476}}
Nov 12 16:01:01 ubuntu devstack@keystone.service[81514]: DEBUG keystone.common.fernet_utils [None req-8a542c48-6a7a-4e1e-a155-99465ada26bf None None] Loaded 2 Fernet keys from /etc/keystone/fernet-keys/, but `[fernet_tokens] max_active_keys = 3`; perhaps there have not been enough key rotations to reach `max_active_keys` yet? {{(pid=81514) load_keys /opt/stack/keystone/keystone/common/fernet_utils.py:297}}
Nov 12 16:01:01 ubuntu devstack@keystone.service[81513]: [pid: 81513|app: 0|req: 6/12] 10.201.5.82 () {58 vars in 1016 bytes} [Wed Nov 12 16:01:01 2025] POST /identity/v3/auth/tokens => generated 862 bytes in 76 msecs (HTTP/1.1 201) 6 headers in 363 bytes (2 switches on core 0)
Nov 12 16:01:01 ubuntu devstack@keystone.service[81514]: [pid: 81514|app: 0|req: 7/13] 10.201.5.82 () {58 vars in 1016 bytes} [Wed Nov 12 16:01:01 2025] POST /identity/v3/auth/tokens => generated 862 bytes in 76 msecs (HTTP/1.1 201) 6 headers in 363 bytes (1 switches on core 0)
Nov 12 16:01:01 ubuntu devstack@keystone.service[81514]: DEBUG keystone.server.flask.request_processing.middleware.auth_context [None req-8a542c48-6a7a-4e1e-a155-99465ada26bf None None] Authenticating user token {{(pid=81514) process_request /opt/stack/data/venv/lib/python3.10/site-packages/keystonemiddleware/auth_token/__init__.py:407}}
Nov 12 16:01:01 ubuntu devstack@keystone.service[81513]: DEBUG keystone.server.flask.request_processing.middleware.auth_context [None req-849e94e7-20d2-495f-b292-7d2658586cda None None] Authenticating user token {{(pid=81513) process_request /opt/stack/data/venv/lib/python3.10/site-packages/keystonemiddleware/auth_token/__init__.py:407}}
Nov 12 16:01:01 ubuntu devstack@keystone.service[81514]: DEBUG keystone.server.flask.request_processing.middleware.auth_context [None req-8a542c48-6a7a-4e1e-a155-99465ada26bf None None] Validating token access rules against request {{(pid=81514) validate_allowed_request /opt/stack/data/venv/lib/python3.10/site-packages/keystonemiddleware/auth_token/__init__.py:545}}
Nov 12 16:01:01 ubuntu devstack@keystone.service[81514]: DEBUG keystone.server.flask.request_processing.middleware.auth_context [None req-f5726d61-0ee6-44f0-bc66-34bbff3aab07 None admin] RBAC: auth_context: {'token': <TokenModel (audit_id=sCiTcWU3TuSUZe024XOhcA, audit_chain_id=['sCiTcWU3TuSUZe024XOhcA']) at 0x7f039ca548e0>, 'domain_id': None, 'trust_id': None, 'trustor_id': None, 'trustee_id': None, 'domain_name': None, 'group_ids': [], 'user_id': '0df237d9f2a649edb27749f5411c2367', 'user_domain_id': 'default', 'system_scope': 'all', 'project_id': None, 'project_domain_id': None, 'roles': ['admin', 'manager', 'member', 'reader'], 'is_admin_project': True, 'service_user_id': None, 'service_user_domain_id': None, 'service_project_id': None, 'service_project_domain_id': None, 'service_roles': []} {{(pid=81514) fill_context /opt/stack/keystone/keystone/server/flask/request_processing/middleware/auth_context.py:509}}
Nov 12 16:01:01 ubuntu devstack@keystone.service[81514]: DEBUG keystone.server.flask.request_processing.req_logging [None req-f5726d61-0ee6-44f0-bc66-34bbff3aab07 None admin] REQUEST_METHOD: `POST` {{(pid=81514) log_request_info /opt/stack/keystone/keystone/server/flask/request_processing/req_logging.py:26}}
Nov 12 16:01:01 ubuntu devstack@keystone.service[81514]: DEBUG keystone.server.flask.request_processing.req_logging [None req-f5726d61-0ee6-44f0-bc66-34bbff3aab07 None admin] SCRIPT_NAME: `/identity` {{(pid=81514) log_request_info /opt/stack/keystone/keystone/server/flask/request_processing/req_logging.py:27}}
Nov 12 16:01:01 ubuntu devstack@keystone.service[81514]: DEBUG keystone.server.flask.request_processing.req_logging [None req-f5726d61-0ee6-44f0-bc66-34bbff3aab07 None admin] PATH_INFO: `/v3/domains` {{(pid=81514) log_request_info /opt/stack/keystone/keystone/server/flask/request_processing/req_logging.py:28}}
Nov 12 16:01:01 ubuntu devstack@keystone.service[81514]: DEBUG keystone.common.rbac_enforcer.enforcer [None req-f5726d61-0ee6-44f0-bc66-34bbff3aab07 None admin] RBAC: Authorizing `identity:create_domain()` {{(pid=81514) enforce_call /opt/stack/keystone/keystone/common/rbac_enforcer/enforcer.py:494}}
Nov 12 16:01:01 ubuntu devstack@keystone.service[81514]: DEBUG keystone.common.rbac_enforcer.enforcer [None req-f5726d61-0ee6-44f0-bc66-34bbff3aab07 None admin] RBAC: Authorization granted {{(pid=81514) enforce_call /opt/stack/keystone/keystone/common/rbac_enforcer/enforcer.py:505}}
Nov 12 16:01:01 ubuntu devstack@keystone.service[81514]: DEBUG keystone.common.sql.core [None req-f5726d61-0ee6-44f0-bc66-34bbff3aab07 None admin] Conflict project: (pymysql.err.IntegrityError) (1062, "Duplicate entry '<<keystone.domain.root>>-Default' for key 'project.ixu_project_name_domain_id'")
Nov 12 16:01:01 ubuntu devstack@keystone.service[81514]: [SQL: INSERT INTO project (id, name, domain_id, description, enabled, extra, parent_id, is_domain) VALUES (%(id)s, %(name)s, %(domain_id)s, %(description)s, %(enabled)s, %(extra)s, %(parent_id)s, %(is_domain)s)]
Nov 12 16:01:01 ubuntu devstack@keystone.service[81514]: [parameters: {'id': 'cba6b8af4a9e44b690a9088a3d60c1a1', 'name': 'Default', 'domain_id': '<<keystone.domain.root>>', 'description': '', 'enabled': 1, 'extra': '{}', 'parent_id': None, 'is_domain': 1}]
Nov 12 16:01:01 ubuntu devstack@keystone.service[81514]: (Background on this error at: https://sqlalche.me/e/20/gkpj) {{(pid=81514) wrapper /opt/stack/keystone/keystone/common/sql/core.py:580}}
Nov 12 16:01:01 ubuntu devstack@keystone.service[81513]: DEBUG keystone.server.flask.request_processing.middleware.auth_context [None req-849e94e7-20d2-495f-b292-7d2658586cda None None] Validating token access rules against request {{(pid=81513) validate_allowed_request /opt/stack/data/venv/lib/python3.10/site-packages/keystonemiddleware/auth_token/__init__.py:545}}
Nov 12 16:01:01 ubuntu devstack@keystone.service[81514]: ERROR keystone.server.flask.application [None req-f5726d61-0ee6-44f0-bc66-34bbff3aab07 None admin] Conflict occurred attempting to store project - it is not permitted to have two projects acting as domains with the same name: Default.: keystone.exception.Conflict: Conflict occurred attempting to store project - it is not permitted to have two projects acting as domains with the same name: Default.
Nov 12 16:01:01 ubuntu devstack@keystone.service[81514]: ERROR keystone.server.flask.application Traceback (most recent call last):
Nov 12 16:01:01 ubuntu devstack@keystone.service[81514]: ERROR keystone.server.flask.application   File "/opt/stack/data/venv/lib/python3.10/site-packages/sqlalchemy/engine/base.py", line 1967, in _exec_single_context
Nov 12 16:01:01 ubuntu devstack@keystone.service[81514]: ERROR keystone.server.flask.application     self.dialect.do_execute(
Nov 12 16:01:01 ubuntu devstack@keystone.service[81514]: ERROR keystone.server.flask.application   File "/opt/stack/data/venv/lib/python3.10/site-packages/sqlalchemy/engine/default.py", line 951, in do_execute
Nov 12 16:01:01 ubuntu devstack@keystone.service[81514]: ERROR keystone.server.flask.application     cursor.execute(statement, parameters)
Nov 12 16:01:01 ubuntu devstack@keystone.service[81514]: ERROR keystone.server.flask.application   File "/opt/stack/data/venv/lib/python3.10/site-packages/pymysql/cursors.py", line 153, in execute
Nov 12 16:01:01 ubuntu devstack@keystone.service[81514]: ERROR keystone.server.flask.application     result = self._query(query)
Nov 12 16:01:01 ubuntu devstack@keystone.service[81514]: ERROR keystone.server.flask.application   File "/opt/stack/data/venv/lib/python3.10/site-packages/pymysql/cursors.py", line 322, in _query
Nov 12 16:01:01 ubuntu devstack@keystone.service[81514]: ERROR keystone.server.flask.application     conn.query(q)
Nov 12 16:01:01 ubuntu devstack@keystone.service[81514]: ERROR keystone.server.flask.application   File "/opt/stack/data/venv/lib/python3.10/site-packages/pymysql/connections.py", line 575, in query
Nov 12 16:01:01 ubuntu devstack@keystone.service[81514]: ERROR keystone.server.flask.application     self._affected_rows = self._read_query_result(unbuffered=unbuffered)
Nov 12 16:01:01 ubuntu devstack@keystone.service[81514]: ERROR keystone.server.flask.application   File "/opt/stack/data/venv/lib/python3.10/site-packages/pymysql/connections.py", line 826, in _read_query_result
Nov 12 16:01:01 ubuntu devstack@keystone.service[81514]: ERROR keystone.server.flask.application     result.read()
Nov 12 16:01:01 ubuntu devstack@keystone.service[81514]: ERROR keystone.server.flask.application   File "/opt/stack/data/venv/lib/python3.10/site-packages/pymysql/connections.py", line 1203, in read
Nov 12 16:01:01 ubuntu devstack@keystone.service[81514]: ERROR keystone.server.flask.application     first_packet = self.connection._read_packet()
Nov 12 16:01:01 ubuntu devstack@keystone.service[81514]: ERROR keystone.server.flask.application   File "/opt/stack/data/venv/lib/python3.10/site-packages/pymysql/connections.py", line 782, in _read_packet
Nov 12 16:01:01 ubuntu devstack@keystone.service[81514]: ERROR keystone.server.flask.application     packet.raise_for_error()
Nov 12 16:01:01 ubuntu devstack@keystone.service[81514]: ERROR keystone.server.flask.application   File "/opt/stack/data/venv/lib/python3.10/site-packages/pymysql/protocol.py", line 219, in raise_for_error
Nov 12 16:01:01 ubuntu devstack@keystone.service[81514]: ERROR keystone.server.flask.application     err.raise_mysql_exception(self._data)
Nov 12 16:01:01 ubuntu devstack@keystone.service[81514]: ERROR keystone.server.flask.application   File "/opt/stack/data/venv/lib/python3.10/site-packages/pymysql/err.py", line 150, in raise_mysql_exception
Nov 12 16:01:01 ubuntu devstack@keystone.service[81514]: ERROR keystone.server.flask.application     raise errorclass(errno, errval)
Nov 12 16:01:01 ubuntu devstack@keystone.service[81514]: ERROR keystone.server.flask.application pymysql.err.IntegrityError: (1062, "Duplicate entry '<<keystone.domain.root>>-Default' for key 'project.ixu_project_name_domain_id'")
Nov 12 16:01:01 ubuntu devstack@keystone.service[81514]: ERROR keystone.server.flask.application 
Nov 12 16:01:01 ubuntu devstack@keystone.service[81514]: ERROR keystone.server.flask.application The above exception was the direct cause of the following exception:
Nov 12 16:01:01 ubuntu devstack@keystone.service[81514]: ERROR keystone.server.flask.application 
Nov 12 16:01:01 ubuntu devstack@keystone.service[81514]: ERROR keystone.server.flask.application Traceback (most recent call last):
