Jun 10 21:59:18 ubuntu devstack@keystone.service[80927]: WARNING keystone.common.password_hashing [None req-c57a9542-c1ae-4e40-ab11-8a3db0d080f1 None None] Truncating password to algorithm specific maximum length 72 characters.
Jun 10 21:59:18 ubuntu devstack@keystone.service[80927]: DEBUG keystone.auth.core [None req-c57a9542-c1ae-4e40-ab11-8a3db0d080f1 None None] MFA Rules not processed for user `b82644d949494d52a98c51ea0ea28f48`. Rule list: `[]` (Enabled: `True`). {{(pid=80927) check_auth_methods_against_rules /opt/stack/keystone/keystone/auth/core.py:476}}
Jun 10 21:59:18 ubuntu devstack@keystone.service[80927]: DEBUG keystone.common.fernet_utils [None req-c57a9542-c1ae-4e40-ab11-8a3db0d080f1 None None] Loaded 2 Fernet keys from /etc/keystone/fernet-keys/, but `[fernet_tokens] max_active_keys = 3`; perhaps there have not been enough key rotations to reach `max_active_keys` yet? {{(pid=80927) load_keys /opt/stack/keystone/keystone/common/fernet_utils.py:297}}
Jun 10 21:59:18 ubuntu devstack@keystone.service[80926]: DEBUG keystone.auth.core [None req-535cbd80-9a16-414d-9015-2c5f1a6d953d None None] MFA Rules not processed for user `b82644d949494d52a98c51ea0ea28f48`. Rule list: `[]` (Enabled: `True`). {{(pid=80926) check_auth_methods_against_rules /opt/stack/keystone/keystone/auth/core.py:476}}
Jun 10 21:59:18 ubuntu devstack@keystone.service[80926]: DEBUG keystone.common.fernet_utils [None req-535cbd80-9a16-414d-9015-2c5f1a6d953d None None] Loaded 2 Fernet keys from /etc/keystone/fernet-keys/, but `[fernet_tokens] max_active_keys = 3`; perhaps there have not been enough key rotations to reach `max_active_keys` yet? {{(pid=80926) load_keys /opt/stack/keystone/keystone/common/fernet_utils.py:297}}
Jun 10 21:59:18 ubuntu devstack@keystone.service[80927]: [pid: 80927|app: 0|req: 14/24] 10.201.5.82 () {58 vars in 1016 bytes} [Tue Jun 10 21:59:18 2025] POST /identity/v3/auth/tokens => generated 862 bytes in 55 msecs (HTTP/1.1 201) 6 headers in 363 bytes (2 switches on core 0)
Jun 10 21:59:18 ubuntu devstack@keystone.service[80926]: [pid: 80926|app: 0|req: 11/25] 10.201.5.82 () {58 vars in 1016 bytes} [Tue Jun 10 21:59:18 2025] POST /identity/v3/auth/tokens => generated 862 bytes in 66 msecs (HTTP/1.1 201) 6 headers in 363 bytes (1 switches on core 0)
Jun 10 21:59:18 ubuntu devstack@keystone.service[80927]: DEBUG keystone.server.flask.request_processing.middleware.auth_context [None req-c57a9542-c1ae-4e40-ab11-8a3db0d080f1 None None] Authenticating user token {{(pid=80927) process_request /opt/stack/data/venv/lib/python3.10/site-packages/keystonemiddleware/auth_token/__init__.py:407}}
Jun 10 21:59:18 ubuntu devstack@keystone.service[80927]: DEBUG keystone.server.flask.request_processing.middleware.auth_context [None req-c57a9542-c1ae-4e40-ab11-8a3db0d080f1 None None] Validating token access rules against request {{(pid=80927) validate_allowed_request /opt/stack/data/venv/lib/python3.10/site-packages/keystonemiddleware/auth_token/__init__.py:545}}
Jun 10 21:59:18 ubuntu devstack@keystone.service[80927]: DEBUG keystone.server.flask.request_processing.middleware.auth_context [None req-6d197617-1e5f-41dc-b702-480f6ef98aeb None admin] RBAC: auth_context: {'token': <TokenModel (audit_id=DD8th5CIRiGpIJ61JNqxSw, audit_chain_id=['DD8th5CIRiGpIJ61JNqxSw']) at 0x7f63f31d4fd0>, 'domain_id': None, 'trust_id': None, 'trustor_id': None, 'trustee_id': None, 'domain_name': None, 'group_ids': [], 'user_id': 'b82644d949494d52a98c51ea0ea28f48', 'user_domain_id': 'default', 'system_scope': 'all', 'project_id': None, 'project_domain_id': None, 'roles': ['admin', 'manager', 'member', 'reader'], 'is_admin_project': True, 'service_user_id': None, 'service_user_domain_id': None, 'service_project_id': None, 'service_project_domain_id': None, 'service_roles': []} {{(pid=80927) fill_context /opt/stack/keystone/keystone/server/flask/request_processing/middleware/auth_context.py:509}}
Jun 10 21:59:18 ubuntu devstack@keystone.service[80927]: DEBUG keystone.server.flask.request_processing.req_logging [None req-6d197617-1e5f-41dc-b702-480f6ef98aeb None admin] REQUEST_METHOD: `GET` {{(pid=80927) log_request_info /opt/stack/keystone/keystone/server/flask/request_processing/req_logging.py:26}}
Jun 10 21:59:18 ubuntu devstack@keystone.service[80927]: DEBUG keystone.server.flask.request_processing.req_logging [None req-6d197617-1e5f-41dc-b702-480f6ef98aeb None admin] SCRIPT_NAME: `/identity` {{(pid=80927) log_request_info /opt/stack/keystone/keystone/server/flask/request_processing/req_logging.py:27}}
Jun 10 21:59:18 ubuntu devstack@keystone.service[80927]: DEBUG keystone.server.flask.request_processing.req_logging [None req-6d197617-1e5f-41dc-b702-480f6ef98aeb None admin] PATH_INFO: `/v3/roles/admin` {{(pid=80927) log_request_info /opt/stack/keystone/keystone/server/flask/request_processing/req_logging.py:28}}
Jun 10 21:59:18 ubuntu devstack@keystone.service[80926]: DEBUG keystone.server.flask.request_processing.req_logging [None req-d1cb067e-c2d9-4a79-8954-10f61e3a1b35 None None] REQUEST_METHOD: `GET` {{(pid=80926) log_request_info /opt/stack/keystone/keystone/server/flask/request_processing/req_logging.py:26}}
Jun 10 21:59:18 ubuntu devstack@keystone.service[80926]: DEBUG keystone.server.flask.request_processing.req_logging [None req-d1cb067e-c2d9-4a79-8954-10f61e3a1b35 None None] SCRIPT_NAME: `/identity` {{(pid=80926) log_request_info /opt/stack/keystone/keystone/server/flask/request_processing/req_logging.py:27}}
Jun 10 21:59:18 ubuntu devstack@keystone.service[80926]: DEBUG keystone.server.flask.request_processing.req_logging [None req-d1cb067e-c2d9-4a79-8954-10f61e3a1b35 None None] PATH_INFO: `/` {{(pid=80926) log_request_info /opt/stack/keystone/keystone/server/flask/request_processing/req_logging.py:28}}
Jun 10 21:59:18 ubuntu devstack@keystone.service[80927]: DEBUG keystone.common.rbac_enforcer.enforcer [None req-6d197617-1e5f-41dc-b702-480f6ef98aeb None admin] Extracting inferred target data resulted in "NOT FOUND (404)". {{(pid=80927) enforce_call /opt/stack/keystone/keystone/common/rbac_enforcer/enforcer.py:445}}
Jun 10 21:59:18 ubuntu devstack@keystone.service[80926]: [pid: 80926|app: 0|req: 12/26] 10.201.5.82 () {54 vars in 919 bytes} [Tue Jun 10 21:59:18 2025] GET /identity => generated 270 bytes in 2 msecs (HTTP/1.1 300) 6 headers in 234 bytes (1 switches on core 0)
Jun 10 21:59:18 ubuntu devstack@keystone.service[80927]: DEBUG keystone.server.flask.application [None req-6d197617-1e5f-41dc-b702-480f6ef98aeb None admin] Could not find role: admin. {{(pid=80927) _handle_keystone_exception /opt/stack/keystone/keystone/server/flask/application.py:146}}
Jun 10 21:59:18 ubuntu devstack@keystone.service[80927]: [pid: 80927|app: 0|req: 15/27] 10.201.5.82 () {56 vars in 1132 bytes} [Tue Jun 10 21:59:18 2025] GET /identity/v3/roles/admin => generated 83 bytes in 70 msecs (HTTP/1.1 404) 5 headers in 183 bytes (1 switches on core 0)
Jun 10 21:59:18 ubuntu devstack@keystone.service[80926]: DEBUG keystone.server.flask.request_processing.req_logging [None req-cfda6c7f-e393-4c48-b56b-6475c999e710 None None] REQUEST_METHOD: `POST` {{(pid=80926) log_request_info /opt/stack/keystone/keystone/server/flask/request_processing/req_logging.py:26}}
Jun 10 21:59:18 ubuntu devstack@keystone.service[80926]: DEBUG keystone.server.flask.request_processing.req_logging [None req-cfda6c7f-e393-4c48-b56b-6475c999e710 None None] SCRIPT_NAME: `/identity` {{(pid=80926) log_request_info /opt/stack/keystone/keystone/server/flask/request_processing/req_logging.py:27}}
Jun 10 21:59:18 ubuntu devstack@keystone.service[80926]: DEBUG keystone.server.flask.request_processing.req_logging [None req-cfda6c7f-e393-4c48-b56b-6475c999e710 None None] PATH_INFO: `/v3/auth/tokens` {{(pid=80926) log_request_info /opt/stack/keystone/keystone/server/flask/request_processing/req_logging.py:28}}
Jun 10 21:59:18 ubuntu devstack@keystone.service[80927]: DEBUG keystone.server.flask.request_processing.middleware.auth_context [None req-6d197617-1e5f-41dc-b702-480f6ef98aeb None admin] Authenticating user token {{(pid=80927) process_request /opt/stack/data/venv/lib/python3.10/site-packages/keystonemiddleware/auth_token/__init__.py:407}}
Jun 10 21:59:18 ubuntu devstack@keystone.service[80926]: WARNING keystone.common.password_hashing [None req-cfda6c7f-e393-4c48-b56b-6475c999e710 None None] Truncating password to algorithm specific maximum length 72 characters.
Jun 10 21:59:18 ubuntu devstack@keystone.service[80926]: DEBUG keystone.auth.core [None req-cfda6c7f-e393-4c48-b56b-6475c999e710 None None] MFA Rules not processed for user `b82644d949494d52a98c51ea0ea28f48`. Rule list: `[]` (Enabled: `True`). {{(pid=80926) check_auth_methods_against_rules /opt/stack/keystone/keystone/auth/core.py:476}}
Jun 10 21:59:18 ubuntu devstack@keystone.service[80926]: DEBUG keystone.common.fernet_utils [None req-cfda6c7f-e393-4c48-b56b-6475c999e710 None None] Loaded 2 Fernet keys from /etc/keystone/fernet-keys/, but `[fernet_tokens] max_active_keys = 3`; perhaps there have not been enough key rotations to reach `max_active_keys` yet? {{(pid=80926) load_keys /opt/stack/keystone/keystone/common/fernet_utils.py:297}}
Jun 10 21:59:18 ubuntu devstack@keystone.service[80927]: DEBUG keystone.server.flask.request_processing.middleware.auth_context [None req-6d197617-1e5f-41dc-b702-480f6ef98aeb None admin] Validating token access rules against request {{(pid=80927) validate_allowed_request /opt/stack/data/venv/lib/python3.10/site-packages/keystonemiddleware/auth_token/__init__.py:545}}
Jun 10 21:59:18 ubuntu devstack@keystone.service[80926]: [pid: 80926|app: 0|req: 13/28] 10.201.5.82 () {58 vars in 1016 bytes} [Tue Jun 10 21:59:18 2025] POST /identity/v3/auth/tokens => generated 862 bytes in 52 msecs (HTTP/1.1 201) 6 headers in 363 bytes (1 switches on core 0)
Jun 10 21:59:18 ubuntu devstack@keystone.service[80926]: DEBUG keystone.server.flask.request_processing.middleware.auth_context [None req-cfda6c7f-e393-4c48-b56b-6475c999e710 None None] Authenticating user token {{(pid=80926) process_request /opt/stack/data/venv/lib/python3.10/site-packages/keystonemiddleware/auth_token/__init__.py:407}}
Jun 10 21:59:18 ubuntu devstack@keystone.service[80927]: DEBUG keystone.server.flask.request_processing.middleware.auth_context [None req-d4bbcb21-6cd5-425d-be0d-795f649ef008 None admin] RBAC: auth_context: {'token': <TokenModel (audit_id=DD8th5CIRiGpIJ61JNqxSw, audit_chain_id=['DD8th5CIRiGpIJ61JNqxSw']) at 0x7f63f2f2f460>, 'domain_id': None, 'trust_id': None, 'trustor_id': None, 'trustee_id': None, 'domain_name': None, 'group_ids': [], 'user_id': 'b82644d949494d52a98c51ea0ea28f48', 'user_domain_id': 'default', 'system_scope': 'all', 'project_id': None, 'project_domain_id': None, 'roles': ['admin', 'manager', 'member', 'reader'], 'is_admin_project': True, 'service_user_id': None, 'service_user_domain_id': None, 'service_project_id': None, 'service_project_domain_id': None, 'service_roles': []} {{(pid=80927) fill_context /opt/stack/keystone/keystone/server/flask/request_processing/middleware/auth_context.py:509}}
Jun 10 21:59:18 ubuntu devstack@keystone.service[80927]: DEBUG keystone.server.flask.request_processing.req_logging [None req-d4bbcb21-6cd5-425d-be0d-795f649ef008 None admin] REQUEST_METHOD: `GET` {{(pid=80927) log_request_info /opt/stack/keystone/keystone/server/flask/request_processing/req_logging.py:26}}
Jun 10 21:59:18 ubuntu devstack@keystone.service[80927]: DEBUG keystone.server.flask.request_processing.req_logging [None req-d4bbcb21-6cd5-425d-be0d-795f649ef008 None admin] SCRIPT_NAME: `/identity` {{(pid=80927) log_request_info /opt/stack/keystone/keystone/server/flask/request_processing/req_logging.py:27}}
Jun 10 21:59:18 ubuntu devstack@keystone.service[80927]: DEBUG keystone.server.flask.request_processing.req_logging [None req-d4bbcb21-6cd5-425d-be0d-795f649ef008 None admin] PATH_INFO: `/v3/roles` {{(pid=80927) log_request_info /opt/stack/keystone/keystone/server/flask/request_processing/req_logging.py:28}}
Jun 10 21:59:18 ubuntu devstack@keystone.service[80927]: DEBUG keystone.common.rbac_enforcer.enforcer [None req-d4bbcb21-6cd5-425d-be0d-795f649ef008 None admin] RBAC: Adding query filter params (name=admin) {{(pid=80927) _extract_filter_values /opt/stack/keystone/keystone/common/rbac_enforcer/enforcer.py:176}}
Jun 10 21:59:18 ubuntu devstack@keystone.service[80927]: DEBUG keystone.common.rbac_enforcer.enforcer [None req-d4bbcb21-6cd5-425d-be0d-795f649ef008 None admin] RBAC: Authorizing `identity:list_roles()` {{(pid=80927) enforce_call /opt/stack/keystone/keystone/common/rbac_enforcer/enforcer.py:494}}
Jun 10 21:59:18 ubuntu devstack@keystone.service[80927]: DEBUG keystone.common.rbac_enforcer.enforcer [None req-d4bbcb21-6cd5-425d-be0d-795f649ef008 None admin] RBAC: Authorization granted {{(pid=80927) enforce_call /opt/stack/keystone/keystone/common/rbac_enforcer/enforcer.py:505}}
Jun 10 21:59:18 ubuntu devstack@keystone.service[80927]: [pid: 80927|app: 0|req: 16/29] 10.201.5.82 () {56 vars in 1148 bytes} [Tue Jun 10 21:59:18 2025] GET /identity/v3/roles?name=admin => generated 339 bytes in 91 msecs (HTTP/1.1 200) 5 headers in 177 bytes (2 switches on core 0)
Jun 10 21:59:18 ubuntu devstack@keystone.service[80926]: DEBUG keystone.server.flask.request_processing.middleware.auth_context [None req-cfda6c7f-e393-4c48-b56b-6475c999e710 None None] Validating token access rules against request {{(pid=80926) validate_allowed_request /opt/stack/data/venv/lib/python3.10/site-packages/keystonemiddleware/auth_token/__init__.py:545}}
Jun 10 21:59:18 ubuntu devstack@keystone.service[80927]: DEBUG keystone.server.flask.request_processing.middleware.auth_context [None req-d4bbcb21-6cd5-425d-be0d-795f649ef008 None admin] Authenticating user token {{(pid=80927) process_request /opt/stack/data/venv/lib/python3.10/site-packages/keystonemiddleware/auth_token/__init__.py:407}}
Jun 10 21:59:18 ubuntu devstack@keystone.service[80926]: DEBUG keystone.server.flask.request_processing.middleware.auth_context [None req-dc4c67b5-c11c-4c51-99d9-a5ecdbab5c0e None admin] RBAC: auth_context: {'token': <TokenModel (audit_id=NVfM7EXMRTma6DqTTipGng, audit_chain_id=['NVfM7EXMRTma6DqTTipGng']) at 0x7f63f2ef03d0>, 'domain_id': None, 'trust_id': None, 'trustor_id': None, 'trustee_id': None, 'domain_name': None, 'group_ids': [], 'user_id': 'b82644d949494d52a98c51ea0ea28f48', 'user_domain_id': 'default', 'system_scope': 'all', 'project_id': None, 'project_domain_id': None, 'roles': ['admin', 'manager', 'member', 'reader'], 'is_admin_project': True, 'service_user_id': None, 'service_user_domain_id': None, 'service_project_id': None, 'service_project_domain_id': None, 'service_roles': []} {{(pid=80926) fill_context /opt/stack/keystone/keystone/server/flask/request_processing/middleware/auth_context.py:509}}
Jun 10 21:59:18 ubuntu devstack@keystone.service[80926]: DEBUG keystone.server.flask.request_processing.req_logging [None req-dc4c67b5-c11c-4c51-99d9-a5ecdbab5c0e None admin] REQUEST_METHOD: `GET` {{(pid=80926) log_request_info /opt/stack/keystone/keystone/server/flask/request_processing/req_logging.py:26}}
Jun 10 21:59:18 ubuntu devstack@keystone.service[80926]: DEBUG keystone.server.flask.request_processing.req_logging [None req-dc4c67b5-c11c-4c51-99d9-a5ecdbab5c0e None admin] SCRIPT_NAME: `/identity` {{(pid=80926) log_request_info /opt/stack/keystone/keystone/server/flask/request_processing/req_logging.py:27}}
Jun 10 21:59:18 ubuntu devstack@keystone.service[80926]: DEBUG keystone.server.flask.request_processing.req_logging [None req-dc4c67b5-c11c-4c51-99d9-a5ecdbab5c0e None admin] PATH_INFO: `/v3/domains/Default` {{(pid=80926) log_request_info /opt/stack/keystone/keystone/server/flask/request_processing/req_logging.py:28}}
Jun 10 21:59:18 ubuntu devstack@keystone.service[80926]: DEBUG keystone.common.rbac_enforcer.enforcer [None req-dc4c67b5-c11c-4c51-99d9-a5ecdbab5c0e None admin] RBAC: Authorizing `identity:get_domain(domain_id=Default)` {{(pid=80926) enforce_call /opt/stack/keystone/keystone/common/rbac_enforcer/enforcer.py:494}}
Jun 10 21:59:18 ubuntu devstack@keystone.service[80926]: DEBUG keystone.common.rbac_enforcer.enforcer [None req-dc4c67b5-c11c-4c51-99d9-a5ecdbab5c0e None admin] RBAC: Authorization granted {{(pid=80926) enforce_call /opt/stack/keystone/keystone/common/rbac_enforcer/enforcer.py:505}}
Jun 10 21:59:18 ubuntu devstack@keystone.service[80926]: DEBUG keystone.server.flask.application [None req-dc4c67b5-c11c-4c51-99d9-a5ecdbab5c0e None admin] Could not find domain: Default. {{(pid=80926) _handle_keystone_exception /opt/stack/keystone/keystone/server/flask/application.py:146}}
Jun 10 21:59:18 ubuntu devstack@keystone.service[80926]: [pid: 80926|app: 0|req: 14/30] 10.201.5.82 () {56 vars in 1100 bytes} [Tue Jun 10 21:59:18 2025] GET /identity/v3/domains/Default => generated 87 bytes in 99 msecs (HTTP/1.1 404) 5 headers in 183 bytes (1 switches on core 0)
Jun 10 21:59:18 ubuntu devstack@keystone.service[80926]: DEBUG keystone.server.flask.request_processing.req_logging [None req-ddea620c-15e0-4fcd-975a-41b186f7df04 None None] REQUEST_METHOD: `GET` {{(pid=80926) log_request_info /opt/stack/keystone/keystone/server/flask/request_processing/req_logging.py:26}}
Jun 10 21:59:18 ubuntu devstack@keystone.service[80926]: DEBUG keystone.server.flask.request_processing.req_logging [None req-ddea620c-15e0-4fcd-975a-41b186f7df04 None None] SCRIPT_NAME: `/identity` {{(pid=80926) log_request_info /opt/stack/keystone/keystone/server/flask/request_processing/req_logging.py:27}}
Jun 10 21:59:18 ubuntu devstack@keystone.service[80926]: DEBUG keystone.server.flask.request_processing.req_logging [None req-ddea620c-15e0-4fcd-975a-41b186f7df04 None None] PATH_INFO: `/` {{(pid=80926) log_request_info /opt/stack/keystone/keystone/server/flask/request_processing/req_logging.py:28}}
Jun 10 21:59:18 ubuntu devstack@keystone.service[80926]: [pid: 80926|app: 0|req: 15/31] 10.201.5.82 () {54 vars in 919 bytes} [Tue Jun 10 21:59:18 2025] GET /identity => generated 270 bytes in 1 msecs (HTTP/1.1 300) 6 headers in 234 bytes (1 switches on core 0)
Jun 10 21:59:18 ubuntu devstack@keystone.service[80926]: DEBUG keystone.server.flask.request_processing.middleware.auth_context [None req-ddea620c-15e0-4fcd-975a-41b186f7df04 None None] Authenticating user token {{(pid=80926) process_request /opt/stack/data/venv/lib/python3.10/site-packages/keystonemiddleware/auth_token/__init__.py:407}}
Jun 10 21:59:18 ubuntu devstack@keystone.service[80927]: DEBUG keystone.server.flask.request_processing.middleware.auth_context [None req-d4bbcb21-6cd5-425d-be0d-795f649ef008 None admin] Validating token access rules against request {{(pid=80927) validate_allowed_request /opt/stack/data/venv/lib/python3.10/site-packages/keystonemiddleware/auth_token/__init__.py:545}}
Jun 10 21:59:18 ubuntu devstack@keystone.service[80927]: DEBUG keystone.server.flask.request_processing.middleware.auth_context [None req-7f7824c9-867d-4bcc-8420-3f86f23ea43a None admin] RBAC: auth_context: {'token': <TokenModel (audit_id=DD8th5CIRiGpIJ61JNqxSw, audit_chain_id=['DD8th5CIRiGpIJ61JNqxSw']) at 0x7f63f323aaa0>, 'domain_id': None, 'trust_id': None, 'trustor_id': None, 'trustee_id': None, 'domain_name': None, 'group_ids': [], 'user_id': 'b82644d949494d52a98c51ea0ea28f48', 'user_domain_id': 'default', 'system_scope': 'all', 'project_id': None, 'project_domain_id': None, 'roles': ['admin', 'manager', 'member', 'reader'], 'is_admin_project': True, 'service_user_id': None, 'service_user_domain_id': None, 'service_project_id': None, 'service_project_domain_id': None, 'service_roles': []} {{(pid=80927) fill_context /opt/stack/keystone/keystone/server/flask/request_processing/middleware/auth_context.py:509}}
Jun 10 21:59:18 ubuntu devstack@keystone.service[80927]: DEBUG keystone.server.flask.request_processing.req_logging [None req-7f7824c9-867d-4bcc-8420-3f86f23ea43a None admin] REQUEST_METHOD: `GET` {{(pid=80927) log_request_info /opt/stack/keystone/keystone/server/flask/request_processing/req_logging.py:26}}
Jun 10 21:59:18 ubuntu devstack@keystone.service[80927]: DEBUG keystone.server.flask.request_processing.req_logging [None req-7f7824c9-867d-4bcc-8420-3f86f23ea43a None admin] SCRIPT_NAME: `/identity` {{(pid=80927) log_request_info /opt/stack/keystone/keystone/server/flask/request_processing/req_logging.py:27}}
Jun 10 21:59:18 ubuntu devstack@keystone.service[80927]: DEBUG keystone.server.flask.request_processing.req_logging [None req-7f7824c9-867d-4bcc-8420-3f86f23ea43a None admin] PATH_INFO: `/v3/users/b82644d949494d52a98c51ea0ea28f48` {{(pid=80927) log_request_info /opt/stack/keystone/keystone/server/flask/request_processing/req_logging.py:28}}
Jun 10 21:59:18 ubuntu devstack@keystone.service[80927]: DEBUG keystone.common.rbac_enforcer.enforcer [None req-7f7824c9-867d-4bcc-8420-3f86f23ea43a None admin] RBAC: Authorizing `identity:get_user(user_id=b82644d949494d52a98c51ea0ea28f48)` {{(pid=80927) enforce_call /opt/stack/keystone/keystone/common/rbac_enforcer/enforcer.py:494}}
Jun 10 21:59:18 ubuntu devstack@keystone.service[80927]: DEBUG keystone.common.rbac_enforcer.enforcer [None req-7f7824c9-867d-4bcc-8420-3f86f23ea43a None admin] RBAC: Authorization granted {{(pid=80927) enforce_call /opt/stack/keystone/keystone/common/rbac_enforcer/enforcer.py:505}}
Jun 10 21:59:18 ubuntu devstack@keystone.service[80927]: [pid: 80927|app: 0|req: 17/32] 10.201.5.82 () {56 vars in 1213 bytes} [Tue Jun 10 21:59:18 2025] GET /identity/v3/users/b82644d949494d52a98c51ea0ea28f48 => generated 247 bytes in 85 msecs (HTTP/1.1 200) 5 headers in 177 bytes (1 switches on core 0)
Jun 10 21:59:18 ubuntu devstack@keystone.service[80927]: DEBUG keystone.server.flask.request_processing.req_logging [None req-08a872a7-fe60-4390-8f14-b2609afd08bb None None] REQUEST_METHOD: `POST` {{(pid=80927) log_request_info /opt/stack/keystone/keystone/server/flask/request_processing/req_logging.py:26}}
Jun 10 21:59:18 ubuntu devstack@keystone.service[80927]: DEBUG keystone.server.flask.request_processing.req_logging [None req-08a872a7-fe60-4390-8f14-b2609afd08bb None None] SCRIPT_NAME: `/identity` {{(pid=80927) log_request_info /opt/stack/keystone/keystone/server/flask/request_processing/req_logging.py:27}}
Jun 10 21:59:18 ubuntu devstack@keystone.service[80927]: DEBUG keystone.server.flask.request_processing.req_logging [None req-08a872a7-fe60-4390-8f14-b2609afd08bb None None] PATH_INFO: `/v3/auth/tokens` {{(pid=80927) log_request_info /opt/stack/keystone/keystone/server/flask/request_processing/req_logging.py:28}}
Jun 10 21:59:18 ubuntu devstack@keystone.service[80927]: WARNING keystone.common.password_hashing [None req-08a872a7-fe60-4390-8f14-b2609afd08bb None None] Truncating password to algorithm specific maximum length 72 characters.
Jun 10 21:59:18 ubuntu devstack@keystone.service[80927]: DEBUG keystone.auth.core [None req-08a872a7-fe60-4390-8f14-b2609afd08bb None None] MFA Rules not processed for user `b82644d949494d52a98c51ea0ea28f48`. Rule list: `[]` (Enabled: `True`). {{(pid=80927) check_auth_methods_against_rules /opt/stack/keystone/keystone/auth/core.py:476}}
Jun 10 21:59:18 ubuntu devstack@keystone.service[80927]: DEBUG keystone.common.fernet_utils [None req-08a872a7-fe60-4390-8f14-b2609afd08bb None None] Loaded 2 Fernet keys from /etc/keystone/fernet-keys/, but `[fernet_tokens] max_active_keys = 3`; perhaps there have not been enough key rotations to reach `max_active_keys` yet? {{(pid=80927) load_keys /opt/stack/keystone/keystone/common/fernet_utils.py:297}}
Jun 10 21:59:18 ubuntu devstack@keystone.service[80927]: [pid: 80927|app: 0|req: 18/33] 10.201.5.82 () {58 vars in 1016 bytes} [Tue Jun 10 21:59:18 2025] POST /identity/v3/auth/tokens => generated 862 bytes in 48 msecs (HTTP/1.1 201) 6 headers in 363 bytes (1 switches on core 0)
Jun 10 21:59:18 ubuntu devstack@keystone.service[80927]: DEBUG keystone.server.flask.request_processing.middleware.auth_context [None req-08a872a7-fe60-4390-8f14-b2609afd08bb None None] Authenticating user token {{(pid=80927) process_request /opt/stack/data/venv/lib/python3.10/site-packages/keystonemiddleware/auth_token/__init__.py:407}}
Jun 10 21:59:18 ubuntu devstack@keystone.service[80926]: DEBUG keystone.server.flask.request_processing.middleware.auth_context [None req-ddea620c-15e0-4fcd-975a-41b186f7df04 None None] Validating token access rules against request {{(pid=80926) validate_allowed_request /opt/stack/data/venv/lib/python3.10/site-packages/keystonemiddleware/auth_token/__init__.py:545}}
Jun 10 21:59:18 ubuntu devstack@keystone.service[80926]: DEBUG keystone.server.flask.request_processing.middleware.auth_context [None req-7113b393-34c0-4544-9e82-29c5d8a7984e None admin] RBAC: auth_context: {'token': <TokenModel (audit_id=NVfM7EXMRTma6DqTTipGng, audit_chain_id=['NVfM7EXMRTma6DqTTipGng']) at 0x7f63f309f5e0>, 'domain_id': None, 'trust_id': None, 'trustor_id': None, 'trustee_id': None, 'domain_name': None, 'group_ids': [], 'user_id': 'b82644d949494d52a98c51ea0ea28f48', 'user_domain_id': 'default', 'system_scope': 'all', 'project_id': None, 'project_domain_id': None, 'roles': ['admin', 'manager', 'member', 'reader'], 'is_admin_project': True, 'service_user_id': None, 'service_user_domain_id': None, 'service_project_id': None, 'service_project_domain_id': None, 'service_roles': []} {{(pid=80926) fill_context /opt/stack/keystone/keystone/server/flask/request_processing/middleware/auth_context.py:509}}
Jun 10 21:59:18 ubuntu devstack@keystone.service[80926]: DEBUG keystone.server.flask.request_processing.req_logging [None req-7113b393-34c0-4544-9e82-29c5d8a7984e None admin] REQUEST_METHOD: `GET` {{(pid=80926) log_request_info /opt/stack/keystone/keystone/server/flask/request_processing/req_logging.py:26}}
Jun 10 21:59:18 ubuntu devstack@keystone.service[80926]: DEBUG keystone.server.flask.request_processing.req_logging [None req-7113b393-34c0-4544-9e82-29c5d8a7984e None admin] SCRIPT_NAME: `/identity` {{(pid=80926) log_request_info /opt/stack/keystone/keystone/server/flask/request_processing/req_logging.py:27}}
Jun 10 21:59:18 ubuntu devstack@keystone.service[80926]: DEBUG keystone.server.flask.request_processing.req_logging [None req-7113b393-34c0-4544-9e82-29c5d8a7984e None admin] PATH_INFO: `/v3/domains` {{(pid=80926) log_request_info /opt/stack/keystone/keystone/server/flask/request_processing/req_logging.py:28}}
Jun 10 21:59:18 ubuntu devstack@keystone.service[80926]: DEBUG keystone.common.rbac_enforcer.enforcer [None req-7113b393-34c0-4544-9e82-29c5d8a7984e None admin] RBAC: Adding query filter params (name=Default) {{(pid=80926) _extract_filter_values /opt/stack/keystone/keystone/common/rbac_enforcer/enforcer.py:176}}
Jun 10 21:59:18 ubuntu devstack@keystone.service[80926]: DEBUG keystone.common.rbac_enforcer.enforcer [None req-7113b393-34c0-4544-9e82-29c5d8a7984e None admin] RBAC: Authorizing `identity:list_domains()` {{(pid=80926) enforce_call /opt/stack/keystone/keystone/common/rbac_enforcer/enforcer.py:494}}
Jun 10 21:59:18 ubuntu devstack@keystone.service[80926]: DEBUG keystone.common.rbac_enforcer.enforcer [None req-7113b393-34c0-4544-9e82-29c5d8a7984e None admin] RBAC: Authorization granted {{(pid=80926) enforce_call /opt/stack/keystone/keystone/common/rbac_enforcer/enforcer.py:505}}
Jun 10 21:59:18 ubuntu devstack@keystone.service[80926]: [pid: 80926|app: 0|req: 16/34] 10.201.5.82 () {56 vars in 1101 bytes} [Tue Jun 10 21:59:18 2025] GET /identity/v3/domains?name=Default => generated 308 bytes in 131 msecs (HTTP/1.1 200) 5 headers in 177 bytes (1 switches on core 0)
Jun 10 21:59:18 ubuntu devstack@keystone.service[80926]: DEBUG keystone.server.flask.request_processing.middleware.auth_context [None req-7113b393-34c0-4544-9e82-29c5d8a7984e None admin] Authenticating user token {{(pid=80926) process_request /opt/stack/data/venv/lib/python3.10/site-packages/keystonemiddleware/auth_token/__init__.py:407}}
Jun 10 21:59:18 ubuntu devstack@keystone.service[80927]: DEBUG keystone.server.flask.request_processing.middleware.auth_context [None req-08a872a7-fe60-4390-8f14-b2609afd08bb None None] Validating token access rules against request {{(pid=80927) validate_allowed_request /opt/stack/data/venv/lib/python3.10/site-packages/keystonemiddleware/auth_token/__init__.py:545}}
Jun 10 21:59:18 ubuntu devstack@keystone.service[80926]: DEBUG keystone.server.flask.request_processing.middleware.auth_context [None req-7113b393-34c0-4544-9e82-29c5d8a7984e None admin] Validating token access rules against request {{(pid=80926) validate_allowed_request /opt/stack/data/venv/lib/python3.10/site-packages/keystonemiddleware/auth_token/__init__.py:545}}
Jun 10 21:59:18 ubuntu devstack@keystone.service[80927]: DEBUG keystone.server.flask.request_processing.middleware.auth_context [None req-388a5b8b-cbee-4465-9519-52cc7e935633 None admin] RBAC: auth_context: {'token': <TokenModel (audit_id=DD8th5CIRiGpIJ61JNqxSw, audit_chain_id=['DD8th5CIRiGpIJ61JNqxSw']) at 0x7f63f2f2d000>, 'domain_id': None, 'trust_id': None, 'trustor_id': None, 'trustee_id': None, 'domain_name': None, 'group_ids': [], 'user_id': 'b82644d949494d52a98c51ea0ea28f48', 'user_domain_id': 'default', 'system_scope': 'all', 'project_id': None, 'project_domain_id': None, 'roles': ['admin', 'manager', 'member', 'reader'], 'is_admin_project': True, 'service_user_id': None, 'service_user_domain_id': None, 'service_project_id': None, 'service_project_domain_id': None, 'service_roles': []} {{(pid=80927) fill_context /opt/stack/keystone/keystone/server/flask/request_processing/middleware/auth_context.py:509}}
Jun 10 21:59:18 ubuntu devstack@keystone.service[80927]: DEBUG keystone.server.flask.request_processing.req_logging [None req-388a5b8b-cbee-4465-9519-52cc7e935633 None admin] REQUEST_METHOD: `GET` {{(pid=80927) log_request_info /opt/stack/keystone/keystone/server/flask/request_processing/req_logging.py:26}}
Jun 10 21:59:18 ubuntu devstack@keystone.service[80927]: DEBUG keystone.server.flask.request_processing.req_logging [None req-388a5b8b-cbee-4465-9519-52cc7e935633 None admin] SCRIPT_NAME: `/identity` {{(pid=80927) log_request_info /opt/stack/keystone/keystone/server/flask/request_processing/req_logging.py:27}}
Jun 10 21:59:18 ubuntu devstack@keystone.service[80927]: DEBUG keystone.server.flask.request_processing.req_logging [None req-388a5b8b-cbee-4465-9519-52cc7e935633 None admin] PATH_INFO: `/v3/domains/default` {{(pid=80927) log_request_info /opt/stack/keystone/keystone/server/flask/request_processing/req_logging.py:28}}
Jun 10 21:59:18 ubuntu devstack@keystone.service[80927]: DEBUG keystone.common.rbac_enforcer.enforcer [None req-388a5b8b-cbee-4465-9519-52cc7e935633 None admin] RBAC: Authorizing `identity:get_domain(domain_id=default)` {{(pid=80927) enforce_call /opt/stack/keystone/keystone/common/rbac_enforcer/enforcer.py:494}}
Jun 10 21:59:18 ubuntu devstack@keystone.service[80927]: DEBUG keystone.common.rbac_enforcer.enforcer [None req-388a5b8b-cbee-4465-9519-52cc7e935633 None admin] RBAC: Authorization granted {{(pid=80927) enforce_call /opt/stack/keystone/keystone/common/rbac_enforcer/enforcer.py:505}}
Jun 10 21:59:18 ubuntu devstack@keystone.service[80926]: DEBUG keystone.server.flask.request_processing.middleware.auth_context [None req-7d4238ad-814b-4ff9-9c16-f802ed62fd7e None admin] RBAC: auth_context: {'token': <TokenModel (audit_id=rdlo73NKRdO3CbHlQMD3Jw, audit_chain_id=['rdlo73NKRdO3CbHlQMD3Jw']) at 0x7f63f2ef1660>, 'domain_id': None, 'trust_id': None, 'trustor_id': None, 'trustee_id': None, 'domain_name': None, 'group_ids': [], 'user_id': 'b82644d949494d52a98c51ea0ea28f48', 'user_domain_id': 'default', 'system_scope': 'all', 'project_id': None, 'project_domain_id': None, 'roles': ['admin', 'manager', 'member', 'reader'], 'is_admin_project': True, 'service_user_id': None, 'service_user_domain_id': None, 'service_project_id': None, 'service_project_domain_id': None, 'service_roles': []} {{(pid=80926) fill_context /opt/stack/keystone/keystone/server/flask/request_processing/middleware/auth_context.py:509}}
Jun 10 21:59:18 ubuntu devstack@keystone.service[80926]: DEBUG keystone.server.flask.request_processing.req_logging [None req-7d4238ad-814b-4ff9-9c16-f802ed62fd7e None admin] REQUEST_METHOD: `POST` {{(pid=80926) log_request_info /opt/stack/keystone/keystone/server/flask/request_processing/req_logging.py:26}}
Jun 10 21:59:18 ubuntu devstack@keystone.service[80926]: DEBUG keystone.server.flask.request_processing.req_logging [None req-7d4238ad-814b-4ff9-9c16-f802ed62fd7e None admin] SCRIPT_NAME: `/identity` {{(pid=80926) log_request_info /opt/stack/keystone/keystone/server/flask/request_processing/req_logging.py:27}}
Jun 10 21:59:18 ubuntu devstack@keystone.service[80926]: DEBUG keystone.server.flask.request_processing.req_logging [None req-7d4238ad-814b-4ff9-9c16-f802ed62fd7e None admin] PATH_INFO: `/v3/roles` {{(pid=80926) log_request_info /opt/stack/keystone/keystone/server/flask/request_processing/req_logging.py:28}}
Jun 10 21:59:18 ubuntu devstack@keystone.service[80927]: [pid: 80927|app: 0|req: 19/35] 10.201.5.82 () {56 vars in 1144 bytes} [Tue Jun 10 21:59:18 2025] GET /identity/v3/domains/default => generated 199 bytes in 91 msecs (HTTP/1.1 200) 5 headers in 177 bytes (1 switches on core 0)
Jun 10 21:59:18 ubuntu devstack@keystone.service[80926]: DEBUG keystone.common.rbac_enforcer.enforcer [None req-7d4238ad-814b-4ff9-9c16-f802ed62fd7e None admin] RBAC: Authorizing `identity:create_role()` {{(pid=80926) enforce_call /opt/stack/keystone/keystone/common/rbac_enforcer/enforcer.py:494}}
Jun 10 21:59:18 ubuntu devstack@keystone.service[80927]: DEBUG keystone.server.flask.request_processing.middleware.auth_context [None req-388a5b8b-cbee-4465-9519-52cc7e935633 None admin] Authenticating user token {{(pid=80927) process_request /opt/stack/data/venv/lib/python3.10/site-packages/keystonemiddleware/auth_token/__init__.py:407}}
Jun 10 21:59:18 ubuntu devstack@keystone.service[80926]: DEBUG keystone.common.rbac_enforcer.enforcer [None req-7d4238ad-814b-4ff9-9c16-f802ed62fd7e None admin] RBAC: Authorization granted {{(pid=80926) enforce_call /opt/stack/keystone/keystone/common/rbac_enforcer/enforcer.py:505}}
Jun 10 21:59:18 ubuntu devstack@keystone.service[80926]: DEBUG keystone.common.sql.core [None req-7d4238ad-814b-4ff9-9c16-f802ed62fd7e None admin] Conflict role: (pymysql.err.IntegrityError) (1062, "Duplicate entry 'service-<<null>>' for key 'role.ixu_role_name_domain_id'")
Jun 10 21:59:18 ubuntu devstack@keystone.service[80926]: [SQL: INSERT INTO `role` (id, name, description, extra) VALUES (%(id)s, %(name)s, %(description)s, %(extra)s)]
Jun 10 21:59:18 ubuntu devstack@keystone.service[80926]: [parameters: {'id': 'f0ed411ef60549df9ffb720260e9dba6', 'name': 'service', 'description': None, 'extra': '{}'}]
Jun 10 21:59:18 ubuntu devstack@keystone.service[80926]: (Background on this error at: https://sqlalche.me/e/20/gkpj) {{(pid=80926) wrapper /opt/stack/keystone/keystone/common/sql/core.py:580}}
Jun 10 21:59:18 ubuntu devstack@keystone.service[80927]: DEBUG keystone.server.flask.request_processing.middleware.auth_context [None req-388a5b8b-cbee-4465-9519-52cc7e935633 None admin] Validating token access rules against request {{(pid=80927) validate_allowed_request /opt/stack/data/venv/lib/python3.10/site-packages/keystonemiddleware/auth_token/__init__.py:545}}
Jun 10 21:59:18 ubuntu devstack@keystone.service[80927]: DEBUG keystone.server.flask.request_processing.middleware.auth_context [None req-2e85da13-668a-40df-b7c4-b651cced3fd4 None admin] RBAC: auth_context: {'token': <TokenModel (audit_id=NVfM7EXMRTma6DqTTipGng, audit_chain_id=['NVfM7EXMRTma6DqTTipGng']) at 0x7f63f2f53490>, 'domain_id': None, 'trust_id': None, 'trustor_id': None, 'trustee_id': None, 'domain_name': None, 'group_ids': [], 'user_id': 'b82644d949494d52a98c51ea0ea28f48', 'user_domain_id': 'default', 'system_scope': 'all', 'project_id': None, 'project_domain_id': None, 'roles': ['admin', 'manager', 'member', 'reader'], 'is_admin_project': True, 'service_user_id': None, 'service_user_domain_id': None, 'service_project_id': None, 'service_project_domain_id': None, 'service_roles': []} {{(pid=80927) fill_context /opt/stack/keystone/keystone/server/flask/request_processing/middleware/auth_context.py:509}}
Jun 10 21:59:18 ubuntu devstack@keystone.service[80927]: DEBUG keystone.server.flask.request_processing.req_logging [None req-2e85da13-668a-40df-b7c4-b651cced3fd4 None admin] REQUEST_METHOD: `POST` {{(pid=80927) log_request_info /opt/stack/keystone/keystone/server/flask/request_processing/req_logging.py:26}}
Jun 10 21:59:18 ubuntu devstack@keystone.service[80927]: DEBUG keystone.server.flask.request_processing.req_logging [None req-2e85da13-668a-40df-b7c4-b651cced3fd4 None admin] SCRIPT_NAME: `/identity` {{(pid=80927) log_request_info /opt/stack/keystone/keystone/server/flask/request_processing/req_logging.py:27}}
Jun 10 21:59:18 ubuntu devstack@keystone.service[80927]: DEBUG keystone.server.flask.request_processing.req_logging [None req-2e85da13-668a-40df-b7c4-b651cced3fd4 None admin] PATH_INFO: `/v3/projects` {{(pid=80927) log_request_info /opt/stack/keystone/keystone/server/flask/request_processing/req_logging.py:28}}
Jun 10 21:59:18 ubuntu devstack@keystone.service[80927]: DEBUG keystone.common.rbac_enforcer.enforcer [None req-2e85da13-668a-40df-b7c4-b651cced3fd4 None admin] RBAC: Authorizing `identity:create_project()` {{(pid=80927) enforce_call /opt/stack/keystone/keystone/common/rbac_enforcer/enforcer.py:494}}
Jun 10 21:59:18 ubuntu devstack@keystone.service[80927]: DEBUG keystone.common.rbac_enforcer.enforcer [None req-2e85da13-668a-40df-b7c4-b651cced3fd4 None admin] RBAC: Authorization granted {{(pid=80927) enforce_call /opt/stack/keystone/keystone/common/rbac_enforcer/enforcer.py:505}}
Jun 10 21:59:18 ubuntu devstack@keystone.service[80926]: ERROR keystone.server.flask.application [None req-7d4238ad-814b-4ff9-9c16-f802ed62fd7e None admin] Conflict occurred attempting to store role - Duplicate entry found with name service.: keystone.exception.Conflict: Conflict occurred attempting to store role - Duplicate entry found with name service.
Jun 10 21:59:18 ubuntu devstack@keystone.service[80926]: ERROR keystone.server.flask.application Traceback (most recent call last):
Jun 10 21:59:18 ubuntu devstack@keystone.service[80926]: ERROR keystone.server.flask.application   File "/opt/stack/data/venv/lib/python3.10/site-packages/sqlalchemy/engine/base.py", line 1963, in _exec_single_context
Jun 10 21:59:18 ubuntu devstack@keystone.service[80926]: ERROR keystone.server.flask.application     self.dialect.do_execute(
Jun 10 21:59:18 ubuntu devstack@keystone.service[80926]: ERROR keystone.server.flask.application   File "/opt/stack/data/venv/lib/python3.10/site-packages/sqlalchemy/engine/default.py", line 943, in do_execute
Jun 10 21:59:18 ubuntu devstack@keystone.service[80926]: ERROR keystone.server.flask.application     cursor.execute(statement, parameters)
Jun 10 21:59:18 ubuntu devstack@keystone.service[80926]: ERROR keystone.server.flask.application   File "/opt/stack/data/venv/lib/python3.10/site-packages/pymysql/cursors.py", line 153, in execute
Jun 10 21:59:18 ubuntu devstack@keystone.service[80926]: ERROR keystone.server.flask.application     result = self._query(query)
Jun 10 21:59:18 ubuntu devstack@keystone.service[80926]: ERROR keystone.server.flask.application   File "/opt/stack/data/venv/lib/python3.10/site-packages/pymysql/cursors.py", line 322, in _query
Jun 10 21:59:18 ubuntu devstack@keystone.service[80926]: ERROR keystone.server.flask.application     conn.query(q)
Jun 10 21:59:18 ubuntu devstack@keystone.service[80926]: ERROR keystone.server.flask.application   File "/opt/stack/data/venv/lib/python3.10/site-packages/pymysql/connections.py", line 563, in query
Jun 10 21:59:18 ubuntu devstack@keystone.service[80926]: ERROR keystone.server.flask.application     self._affected_rows = self._read_query_result(unbuffered=unbuffered)
Jun 10 21:59:18 ubuntu devstack@keystone.service[80926]: ERROR keystone.server.flask.application   File "/opt/stack/data/venv/lib/python3.10/site-packages/pymysql/connections.py", line 825, in _read_query_result
Jun 10 21:59:18 ubuntu devstack@keystone.service[80926]: ERROR keystone.server.flask.application     result.read()
Jun 10 21:59:18 ubuntu devstack@keystone.service[80926]: ERROR keystone.server.flask.application   File "/opt/stack/data/venv/lib/python3.10/site-packages/pymysql/connections.py", line 1199, in read
Jun 10 21:59:18 ubuntu devstack@keystone.service[80926]: ERROR keystone.server.flask.application     first_packet = self.connection._read_packet()
Jun 10 21:59:18 ubuntu devstack@keystone.service[80926]: ERROR keystone.server.flask.application   File "/opt/stack/data/venv/lib/python3.10/site-packages/pymysql/connections.py", line 775, in _read_packet
Jun 10 21:59:18 ubuntu devstack@keystone.service[80926]: ERROR keystone.server.flask.application     packet.raise_for_error()
Jun 10 21:59:18 ubuntu devstack@keystone.service[80926]: ERROR keystone.server.flask.application   File "/opt/stack/data/venv/lib/python3.10/site-packages/pymysql/protocol.py", line 219, in raise_for_error
Jun 10 21:59:18 ubuntu devstack@keystone.service[80926]: ERROR keystone.server.flask.application     err.raise_mysql_exception(self._data)
Jun 10 21:59:18 ubuntu devstack@keystone.service[80926]: ERROR keystone.server.flask.application   File "/opt/stack/data/venv/lib/python3.10/site-packages/pymysql/err.py", line 150, in raise_mysql_exception
Jun 10 21:59:18 ubuntu devstack@keystone.service[80926]: ERROR keystone.server.flask.application     raise errorclass(errno, errval)
Jun 10 21:59:18 ubuntu devstack@keystone.service[80926]: ERROR keystone.server.flask.application pymysql.err.IntegrityError: (1062, "Duplicate entry 'service-<<null>>' for key 'role.ixu_role_name_domain_id'")
Jun 10 21:59:18 ubuntu devstack@keystone.service[80926]: ERROR keystone.server.flask.application 
Jun 10 21:59:18 ubuntu devstack@keystone.service[80926]: ERROR keystone.server.flask.application The above exception was the direct cause of the following exception:
Jun 10 21:59:18 ubuntu devstack@keystone.service[80926]: ERROR keystone.server.flask.application 
Jun 10 21:59:18 ubuntu devstack@keystone.service[80926]: ERROR keystone.server.flask.application Traceback (most recent call last):
Jun 10 21:59:18 ubuntu devstack@keystone.service[80926]: ERROR keystone.server.flask.application   File "/opt/stack/keystone/keystone/common/sql/core.py", line 575, in wrapper
Jun 10 21:59:18 ubuntu devstack@keystone.service[80926]: ERROR keystone.server.flask.application     return method(*args, **kwargs)
Jun 10 21:59:18 ubuntu devstack@keystone.service[80926]: ERROR keystone.server.flask.application   File "/opt/stack/keystone/keystone/assignment/role_backends/sql.py", line 25, in create_role
Jun 10 21:59:18 ubuntu devstack@keystone.service[80926]: ERROR keystone.server.flask.application     with sql.session_for_write() as session:
Jun 10 21:59:18 ubuntu devstack@keystone.service[80926]: ERROR keystone.server.flask.application   File "/usr/lib/python3.10/contextlib.py", line 142, in __exit__
Jun 10 21:59:18 ubuntu devstack@keystone.service[80926]: ERROR keystone.server.flask.application     next(self.gen)
Jun 10 21:59:18 ubuntu devstack@keystone.service[80926]: ERROR keystone.server.flask.application   File "/opt/stack/data/venv/lib/python3.10/site-packages/oslo_db/sqlalchemy/enginefacade.py", line 1199, in _transaction_scope
Jun 10 21:59:18 ubuntu devstack@keystone.service[80926]: ERROR keystone.server.flask.application     with current._produce_block(
Jun 10 21:59:18 ubuntu devstack@keystone.service[80926]: ERROR keystone.server.flask.application   File "/usr/lib/python3.10/contextlib.py", line 142, in __exit__
Jun 10 21:59:18 ubuntu devstack@keystone.service[80926]: ERROR keystone.server.flask.application     next(self.gen)
Jun 10 21:59:18 ubuntu devstack@keystone.service[80926]: ERROR keystone.server.flask.application   File "/opt/stack/data/venv/lib/python3.10/site-packages/oslo_db/sqlalchemy/enginefacade.py", line 850, in _session
Jun 10 21:59:18 ubuntu devstack@keystone.service[80926]: ERROR keystone.server.flask.application     with excutils.save_and_reraise_exception():
Jun 10 21:59:18 ubuntu devstack@keystone.service[80926]: ERROR keystone.server.flask.application   File "/opt/stack/data/venv/lib/python3.10/site-packages/oslo_utils/excutils.py", line 227, in __exit__
Jun 10 21:59:18 ubuntu devstack@keystone.service[80926]: ERROR keystone.server.flask.application     self.force_reraise()
Jun 10 21:59:18 ubuntu devstack@keystone.service[80926]: ERROR keystone.server.flask.application   File "/opt/stack/data/venv/lib/python3.10/site-packages/oslo_utils/excutils.py", line 200, in force_reraise
Jun 10 21:59:18 ubuntu devstack@keystone.service[80926]: ERROR keystone.server.flask.application     raise self.value
Jun 10 21:59:18 ubuntu devstack@keystone.service[80926]: ERROR keystone.server.flask.application   File "/opt/stack/data/venv/lib/python3.10/site-packages/oslo_db/sqlalchemy/enginefacade.py", line 848, in _session
Jun 10 21:59:18 ubuntu devstack@keystone.service[80926]: ERROR keystone.server.flask.application     self._end_session_transaction(self.session)
Jun 10 21:59:18 ubuntu devstack@keystone.service[80926]: ERROR keystone.server.flask.application   File "/opt/stack/data/venv/lib/python3.10/site-packages/oslo_db/sqlalchemy/enginefacade.py", line 761, in _end_session_transaction
Jun 10 21:59:18 ubuntu devstack@keystone.service[80926]: ERROR keystone.server.flask.application     session.commit()
Jun 10 21:59:18 ubuntu devstack@keystone.service[80926]: ERROR keystone.server.flask.application   File "/opt/stack/data/venv/lib/python3.10/site-packages/sqlalchemy/orm/session.py", line 2032, in commit
Jun 10 21:59:18 ubuntu devstack@keystone.service[80926]: ERROR keystone.server.flask.application     trans.commit(_to_root=True)
Jun 10 21:59:18 ubuntu devstack@keystone.service[80926]: ERROR keystone.server.flask.application   File "<string>", line 2, in commit
Jun 10 21:59:18 ubuntu devstack@keystone.service[80926]: ERROR keystone.server.flask.application   File "/opt/stack/data/venv/lib/python3.10/site-packages/sqlalchemy/orm/state_changes.py", line 139, in _go
Jun 10 21:59:18 ubuntu devstack@keystone.service[80926]: ERROR keystone.server.flask.application     ret_value = fn(self, *arg, **kw)
Jun 10 21:59:18 ubuntu devstack@keystone.service[80926]: ERROR keystone.server.flask.application   File "/opt/stack/data/venv/lib/python3.10/site-packages/sqlalchemy/orm/session.py", line 1313, in commit
Jun 10 21:59:18 ubuntu devstack@keystone.service[80926]: ERROR keystone.server.flask.application     self._prepare_impl()
Jun 10 21:59:18 ubuntu devstack@keystone.service[80926]: ERROR keystone.server.flask.application   File "<string>", line 2, in _prepare_impl
Jun 10 21:59:18 ubuntu devstack@keystone.service[80926]: ERROR keystone.server.flask.application   File "/opt/stack/data/venv/lib/python3.10/site-packages/sqlalchemy/orm/state_changes.py", line 139, in _go
Jun 10 21:59:18 ubuntu devstack@keystone.service[80926]: ERROR keystone.server.flask.application     ret_value = fn(self, *arg, **kw)
Jun 10 21:59:18 ubuntu devstack@keystone.service[80926]: ERROR keystone.server.flask.application   File "/opt/stack/data/venv/lib/python3.10/site-packages/sqlalchemy/orm/session.py", line 1288, in _prepare_impl
Jun 10 21:59:18 ubuntu devstack@keystone.service[80926]: ERROR keystone.server.flask.application     self.session.flush()
Jun 10 21:59:18 ubuntu devstack@keystone.service[80926]: ERROR keystone.server.flask.application   File "/opt/stack/data/venv/lib/python3.10/site-packages/sqlalchemy/orm/session.py", line 4345, in flush
Jun 10 21:59:18 ubuntu devstack@keystone.service[80926]: ERROR keystone.server.flask.application     self._flush(objects)
Jun 10 21:59:18 ubuntu devstack@keystone.service[80926]: ERROR keystone.server.flask.application   File "/opt/stack/data/venv/lib/python3.10/site-packages/sqlalchemy/orm/session.py", line 4480, in _flush
Jun 10 21:59:18 ubuntu devstack@keystone.service[80926]: ERROR keystone.server.flask.application     with util.safe_reraise():
Jun 10 21:59:18 ubuntu devstack@keystone.service[80926]: ERROR keystone.server.flask.application   File "/opt/stack/data/venv/lib/python3.10/site-packages/sqlalchemy/util/langhelpers.py", line 224, in __exit__
Jun 10 21:59:18 ubuntu devstack@keystone.service[80926]: ERROR keystone.server.flask.application     raise exc_value.with_traceback(exc_tb)
Jun 10 21:59:18 ubuntu devstack@keystone.service[80926]: ERROR keystone.server.flask.application   File "/opt/stack/data/venv/lib/python3.10/site-packages/sqlalchemy/orm/session.py", line 4441, in _flush
Jun 10 21:59:18 ubuntu devstack@keystone.service[80926]: ERROR keystone.server.flask.application     flush_context.execute()
Jun 10 21:59:18 ubuntu devstack@keystone.service[80926]: ERROR keystone.server.flask.application   File "/opt/stack/data/venv/lib/python3.10/site-packages/sqlalchemy/orm/unitofwork.py", line 466, in execute
Jun 10 21:59:18 ubuntu devstack@keystone.service[80926]: ERROR keystone.server.flask.application     rec.execute(self)
Jun 10 21:59:18 ubuntu devstack@keystone.service[80926]: ERROR keystone.server.flask.application   File "/opt/stack/data/venv/lib/python3.10/site-packages/sqlalchemy/orm/unitofwork.py", line 642, in execute
Jun 10 21:59:18 ubuntu devstack@keystone.service[80926]: ERROR keystone.server.flask.application     util.preloaded.orm_persistence.save_obj(
Jun 10 21:59:18 ubuntu devstack@keystone.service[80926]: ERROR keystone.server.flask.application   File "/opt/stack/data/venv/lib/python3.10/site-packages/sqlalchemy/orm/persistence.py", line 93, in save_obj
Jun 10 21:59:18 ubuntu devstack@keystone.service[80926]: ERROR keystone.server.flask.application     _emit_insert_statements(
