Aug 14 12:46:11 ubuntu devstack@keystone.service[68530]: DEBUG keystone.server.flask.common [-] Adding resource routes to API users: ['/users/<string:user_id>/access_rules' {}] {{(pid=68530) _add_mapped_resources /opt/stack/keystone/keystone/server/flask/common.py:487}}
Aug 14 12:46:11 ubuntu devstack@keystone.service[68530]: DEBUG keystone.server.flask.common [-] Adding resource routes to API users: ['/users/<string:user_id>/access_rules/<string:access_rule_id>' {}] {{(pid=68530) _add_mapped_resources /opt/stack/keystone/keystone/server/flask/common.py:487}}
Aug 14 12:46:11 ubuntu devstack@keystone.service[68530]: WSGI app 0 (mountpoint='') ready in 2 seconds on interpreter 0x55f2cc8b6d70 pid: 68530 (default app)
Aug 14 12:46:17 ubuntu devstack@keystone.service[68531]: DEBUG keystone.server.flask.request_processing.req_logging [None req-846e927b-075a-48e0-aff1-703db4fa41a9 None None] REQUEST_METHOD: `GET` {{(pid=68531) log_request_info /opt/stack/keystone/keystone/server/flask/request_processing/req_logging.py:27}}
Aug 14 12:46:17 ubuntu devstack@keystone.service[68531]: DEBUG keystone.server.flask.request_processing.req_logging [None req-846e927b-075a-48e0-aff1-703db4fa41a9 None None] SCRIPT_NAME: `/identity` {{(pid=68531) log_request_info /opt/stack/keystone/keystone/server/flask/request_processing/req_logging.py:28}}
Aug 14 12:46:17 ubuntu devstack@keystone.service[68531]: DEBUG keystone.server.flask.request_processing.req_logging [None req-846e927b-075a-48e0-aff1-703db4fa41a9 None None] PATH_INFO: `/` {{(pid=68531) log_request_info /opt/stack/keystone/keystone/server/flask/request_processing/req_logging.py:29}}
Aug 14 12:46:17 ubuntu devstack@keystone.service[68531]: [pid: 68531|app: 0|req: 2/2] 10.201.5.82 () {54 vars in 926 bytes} [Wed Aug 14 12:46:17 2024] GET /identity => generated 270 bytes in 4 msecs (HTTP/1.1 300) 6 headers in 234 bytes (1 switches on core 0)
Aug 14 12:46:17 ubuntu devstack@keystone.service[68530]: DEBUG keystone.server.flask.request_processing.req_logging [None req-ad2e5ff9-541e-45d6-99e8-26aa8095eb6f None None] REQUEST_METHOD: `POST` {{(pid=68530) log_request_info /opt/stack/keystone/keystone/server/flask/request_processing/req_logging.py:27}}
Aug 14 12:46:17 ubuntu devstack@keystone.service[68530]: DEBUG keystone.server.flask.request_processing.req_logging [None req-ad2e5ff9-541e-45d6-99e8-26aa8095eb6f None None] SCRIPT_NAME: `/identity` {{(pid=68530) log_request_info /opt/stack/keystone/keystone/server/flask/request_processing/req_logging.py:28}}
Aug 14 12:46:17 ubuntu devstack@keystone.service[68530]: DEBUG keystone.server.flask.request_processing.req_logging [None req-ad2e5ff9-541e-45d6-99e8-26aa8095eb6f None None] PATH_INFO: `/v3/auth/tokens` {{(pid=68530) log_request_info /opt/stack/keystone/keystone/server/flask/request_processing/req_logging.py:29}}
Aug 14 12:46:17 ubuntu devstack@keystone.service[68530]: INFO dbcounter [None req-ad2e5ff9-541e-45d6-99e8-26aa8095eb6f None None] Registered counter for database keystone
Aug 14 12:46:17 ubuntu devstack@keystone.service[68530]: DEBUG oslo_db.sqlalchemy.engines [None req-ad2e5ff9-541e-45d6-99e8-26aa8095eb6f None None] MySQL server mode set to STRICT_TRANS_TABLES,STRICT_ALL_TABLES,NO_ZERO_IN_DATE,NO_ZERO_DATE,ERROR_FOR_DIVISION_BY_ZERO,TRADITIONAL,NO_ENGINE_SUBSTITUTION {{(pid=68530) _check_effective_sql_mode /opt/stack/data/venv/lib/python3.10/site-packages/oslo_db/sqlalchemy/engines.py:342}}
Aug 14 12:46:17 ubuntu devstack@keystone.service[68530]: DEBUG dbcounter [-] [68530] Writer thread running {{(pid=68530) stat_writer /opt/stack/data/venv/lib/python3.10/site-packages/dbcounter.py:102}}
Aug 14 12:46:17 ubuntu devstack@keystone.service[68530]: WARNING keystone.common.password_hashing [None req-ad2e5ff9-541e-45d6-99e8-26aa8095eb6f None None] Truncating password to algorithm specific maximum length 72 characters.
Aug 14 12:46:17 ubuntu devstack@keystone.service[68530]: DEBUG passlib.handlers.bcrypt [None req-ad2e5ff9-541e-45d6-99e8-26aa8095eb6f None None] detected 'bcrypt' backend, version '4.0.1' {{(pid=68530) _load_backend_mixin /opt/stack/data/venv/lib/python3.10/site-packages/passlib/handlers/bcrypt.py:625}}
Aug 14 12:46:17 ubuntu devstack@keystone.service[68530]: DEBUG passlib.handlers.bcrypt [None req-ad2e5ff9-541e-45d6-99e8-26aa8095eb6f None None] 'bcrypt' backend lacks $2$ support, enabling workaround {{(pid=68530) _finalize_backend_mixin /opt/stack/data/venv/lib/python3.10/site-packages/passlib/handlers/bcrypt.py:406}}
Aug 14 12:46:17 ubuntu devstack@keystone.service[68530]: DEBUG keystone.auth.core [None req-ad2e5ff9-541e-45d6-99e8-26aa8095eb6f None None] MFA Rules not processed for user `3341a960ed8e444bad9ea5bb77858d88`. Rule list: `[]` (Enabled: `True`). {{(pid=68530) check_auth_methods_against_rules /opt/stack/keystone/keystone/auth/core.py:477}}
Aug 14 12:46:17 ubuntu devstack@keystone.service[68530]: DEBUG keystone.common.fernet_utils [None req-ad2e5ff9-541e-45d6-99e8-26aa8095eb6f None None] Loaded 2 Fernet keys from /etc/keystone/fernet-keys/, but `[fernet_tokens] max_active_keys = 3`; perhaps there have not been enough key rotations to reach `max_active_keys` yet? {{(pid=68530) load_keys /opt/stack/keystone/keystone/common/fernet_utils.py:299}}
Aug 14 12:46:17 ubuntu devstack@keystone.service[68530]: [pid: 68530|app: 0|req: 1/3] 10.201.5.82 () {58 vars in 1023 bytes} [Wed Aug 14 12:46:17 2024] POST /identity/v3/auth/tokens => generated 977 bytes in 299 msecs (HTTP/1.1 201) 6 headers in 384 bytes (1 switches on core 0)
Aug 14 12:46:17 ubuntu devstack@keystone.service[68531]: DEBUG keystone.server.flask.request_processing.middleware.auth_context [None req-846e927b-075a-48e0-aff1-703db4fa41a9 None None] Authenticating user token {{(pid=68531) process_request /opt/stack/data/venv/lib/python3.10/site-packages/keystonemiddleware/auth_token/__init__.py:406}}
Aug 14 12:46:17 ubuntu devstack@keystone.service[68531]: INFO dbcounter [None req-846e927b-075a-48e0-aff1-703db4fa41a9 None None] Registered counter for database keystone
Aug 14 12:46:17 ubuntu devstack@keystone.service[68531]: DEBUG oslo_db.sqlalchemy.engines [None req-846e927b-075a-48e0-aff1-703db4fa41a9 None None] MySQL server mode set to STRICT_TRANS_TABLES,STRICT_ALL_TABLES,NO_ZERO_IN_DATE,NO_ZERO_DATE,ERROR_FOR_DIVISION_BY_ZERO,TRADITIONAL,NO_ENGINE_SUBSTITUTION {{(pid=68531) _check_effective_sql_mode /opt/stack/data/venv/lib/python3.10/site-packages/oslo_db/sqlalchemy/engines.py:342}}
Aug 14 12:46:17 ubuntu devstack@keystone.service[68531]: DEBUG dbcounter [-] [68531] Writer thread running {{(pid=68531) stat_writer /opt/stack/data/venv/lib/python3.10/site-packages/dbcounter.py:102}}
Aug 14 12:46:17 ubuntu devstack@keystone.service[68531]: DEBUG keystone.server.flask.request_processing.middleware.auth_context [None req-846e927b-075a-48e0-aff1-703db4fa41a9 None None] Validating token access rules against request {{(pid=68531) validate_allowed_request /opt/stack/data/venv/lib/python3.10/site-packages/keystonemiddleware/auth_token/__init__.py:544}}
Aug 14 12:46:17 ubuntu devstack@keystone.service[68531]: DEBUG keystone.server.flask.request_processing.middleware.auth_context [None req-7659737a-3d93-4a57-99f3-59bbb4b69221 admin admin] RBAC: auth_context: {'token': <TokenModel (audit_id=WcHq464RSH6DeEqmrDXOfQ, audit_chain_id=['WcHq464RSH6DeEqmrDXOfQ']) at 0x7f7e2ed0e260>, 'domain_id': None, 'trust_id': None, 'trustor_id': None, 'trustee_id': None, 'domain_name': None, 'group_ids': [], 'user_id': '3341a960ed8e444bad9ea5bb77858d88', 'user_domain_id': 'default', 'system_scope': None, 'project_id': 'ee107b682f47415289fdcaadb8d60cee', 'project_domain_id': 'default', 'roles': ['manager', 'member', 'reader', 'admin'], 'is_admin_project': True, 'service_user_id': None, 'service_user_domain_id': None, 'service_project_id': None, 'service_project_domain_id': None, 'service_roles': []} {{(pid=68531) fill_context /opt/stack/keystone/keystone/server/flask/request_processing/middleware/auth_context.py:511}}
Aug 14 12:46:17 ubuntu devstack@keystone.service[68531]: DEBUG keystone.server.flask.request_processing.req_logging [None req-7659737a-3d93-4a57-99f3-59bbb4b69221 admin admin] REQUEST_METHOD: `GET` {{(pid=68531) log_request_info /opt/stack/keystone/keystone/server/flask/request_processing/req_logging.py:27}}
Aug 14 12:46:17 ubuntu devstack@keystone.service[68531]: DEBUG keystone.server.flask.request_processing.req_logging [None req-7659737a-3d93-4a57-99f3-59bbb4b69221 admin admin] SCRIPT_NAME: `/identity` {{(pid=68531) log_request_info /opt/stack/keystone/keystone/server/flask/request_processing/req_logging.py:28}}
Aug 14 12:46:17 ubuntu devstack@keystone.service[68531]: DEBUG keystone.server.flask.request_processing.req_logging [None req-7659737a-3d93-4a57-99f3-59bbb4b69221 admin admin] PATH_INFO: `/v3/auth/tokens` {{(pid=68531) log_request_info /opt/stack/keystone/keystone/server/flask/request_processing/req_logging.py:29}}
Aug 14 12:46:17 ubuntu devstack@keystone.service[68531]: DEBUG keystone.common.rbac_enforcer.enforcer [None req-7659737a-3d93-4a57-99f3-59bbb4b69221 admin admin] RBAC: Authorizing `identity:validate_token()` {{(pid=68531) enforce_call /opt/stack/keystone/keystone/common/rbac_enforcer/enforcer.py:504}}
Aug 14 12:46:17 ubuntu devstack@keystone.service[68531]: WARNING keystone.common.rbac_enforcer.enforcer [None req-7659737a-3d93-4a57-99f3-59bbb4b69221 admin admin] Deprecated policy rules found. Use oslopolicy-policy-generator and oslopolicy-policy-upgrade to detect and resolve deprecated policies in your configuration.
Aug 14 12:46:17 ubuntu devstack@keystone.service[68531]: DEBUG keystone.common.rbac_enforcer.enforcer [None req-7659737a-3d93-4a57-99f3-59bbb4b69221 admin admin] RBAC: Authorization granted {{(pid=68531) enforce_call /opt/stack/keystone/keystone/common/rbac_enforcer/enforcer.py:515}}
Aug 14 12:46:17 ubuntu devstack@keystone.service[68531]: [pid: 68531|app: 0|req: 3/4] 10.201.5.82 () {58 vars in 1324 bytes} [Wed Aug 14 12:46:17 2024] GET /identity/v3/auth/tokens => generated 977 bytes in 160 msecs (HTTP/1.1 200) 6 headers in 379 bytes (1 switches on core 0)
Aug 14 12:46:17 ubuntu devstack@keystone.service[68530]: DEBUG keystone.server.flask.request_processing.middleware.auth_context [None req-ad2e5ff9-541e-45d6-99e8-26aa8095eb6f None None] Authenticating user token {{(pid=68530) process_request /opt/stack/data/venv/lib/python3.10/site-packages/keystonemiddleware/auth_token/__init__.py:406}}
Aug 14 12:46:17 ubuntu devstack@keystone.service[68530]: DEBUG keystone.server.flask.request_processing.middleware.auth_context [None req-ad2e5ff9-541e-45d6-99e8-26aa8095eb6f None None] Validating token access rules against request {{(pid=68530) validate_allowed_request /opt/stack/data/venv/lib/python3.10/site-packages/keystonemiddleware/auth_token/__init__.py:544}}
Aug 14 12:46:17 ubuntu devstack@keystone.service[68530]: DEBUG keystone.server.flask.request_processing.middleware.auth_context [None req-59f1bdbe-979f-4ad8-8d3f-e242aca299a9 admin admin] RBAC: auth_context: {'token': <TokenModel (audit_id=WcHq464RSH6DeEqmrDXOfQ, audit_chain_id=['WcHq464RSH6DeEqmrDXOfQ']) at 0x7f7e2ed1cb50>, 'domain_id': None, 'trust_id': None, 'trustor_id': None, 'trustee_id': None, 'domain_name': None, 'group_ids': [], 'user_id': '3341a960ed8e444bad9ea5bb77858d88', 'user_domain_id': 'default', 'system_scope': None, 'project_id': 'ee107b682f47415289fdcaadb8d60cee', 'project_domain_id': 'default', 'roles': ['manager', 'member', 'reader', 'admin'], 'is_admin_project': True, 'service_user_id': None, 'service_user_domain_id': None, 'service_project_id': None, 'service_project_domain_id': None, 'service_roles': []} {{(pid=68530) fill_context /opt/stack/keystone/keystone/server/flask/request_processing/middleware/auth_context.py:511}}
Aug 14 12:46:17 ubuntu devstack@keystone.service[68530]: DEBUG keystone.server.flask.request_processing.req_logging [None req-59f1bdbe-979f-4ad8-8d3f-e242aca299a9 admin admin] REQUEST_METHOD: `GET` {{(pid=68530) log_request_info /opt/stack/keystone/keystone/server/flask/request_processing/req_logging.py:27}}
Aug 14 12:46:17 ubuntu devstack@keystone.service[68530]: DEBUG keystone.server.flask.request_processing.req_logging [None req-59f1bdbe-979f-4ad8-8d3f-e242aca299a9 admin admin] SCRIPT_NAME: `/identity` {{(pid=68530) log_request_info /opt/stack/keystone/keystone/server/flask/request_processing/req_logging.py:28}}
Aug 14 12:46:17 ubuntu devstack@keystone.service[68530]: DEBUG keystone.server.flask.request_processing.req_logging [None req-59f1bdbe-979f-4ad8-8d3f-e242aca299a9 admin admin] PATH_INFO: `/v3/projects/ee107b682f47415289fdcaadb8d60cee` {{(pid=68530) log_request_info /opt/stack/keystone/keystone/server/flask/request_processing/req_logging.py:29}}
Aug 14 12:46:17 ubuntu devstack@keystone.service[68530]: DEBUG keystone.common.rbac_enforcer.enforcer [None req-59f1bdbe-979f-4ad8-8d3f-e242aca299a9 admin admin] RBAC: Authorizing `identity:get_project(project_id=ee107b682f47415289fdcaadb8d60cee)` {{(pid=68530) enforce_call /opt/stack/keystone/keystone/common/rbac_enforcer/enforcer.py:504}}
Aug 14 12:46:17 ubuntu devstack@keystone.service[68530]: WARNING keystone.common.rbac_enforcer.enforcer [None req-59f1bdbe-979f-4ad8-8d3f-e242aca299a9 admin admin] Deprecated policy rules found. Use oslopolicy-policy-generator and oslopolicy-policy-upgrade to detect and resolve deprecated policies in your configuration.
Aug 14 12:46:17 ubuntu devstack@keystone.service[68530]: DEBUG keystone.common.rbac_enforcer.enforcer [None req-59f1bdbe-979f-4ad8-8d3f-e242aca299a9 admin admin] RBAC: Authorization granted {{(pid=68530) enforce_call /opt/stack/keystone/keystone/common/rbac_enforcer/enforcer.py:515}}
Aug 14 12:46:17 ubuntu devstack@keystone.service[68530]: [pid: 68530|app: 0|req: 2/5] 10.201.5.82 () {56 vars in 1207 bytes} [Wed Aug 14 12:46:17 2024] GET /identity/v3/projects/ee107b682f47415289fdcaadb8d60cee => generated 344 bytes in 34 msecs (HTTP/1.1 200) 5 headers in 177 bytes (1 switches on core 0)
Aug 14 12:46:18 ubuntu devstack@keystone.service[68531]: DEBUG keystone.server.flask.request_processing.req_logging [None req-e012668e-db2f-46ad-8401-ae3755163e83 None None] REQUEST_METHOD: `GET` {{(pid=68531) log_request_info /opt/stack/keystone/keystone/server/flask/request_processing/req_logging.py:27}}
Aug 14 12:46:18 ubuntu devstack@keystone.service[68531]: DEBUG keystone.server.flask.request_processing.req_logging [None req-e012668e-db2f-46ad-8401-ae3755163e83 None None] SCRIPT_NAME: `/identity` {{(pid=68531) log_request_info /opt/stack/keystone/keystone/server/flask/request_processing/req_logging.py:28}}
Aug 14 12:46:18 ubuntu devstack@keystone.service[68531]: DEBUG keystone.server.flask.request_processing.req_logging [None req-e012668e-db2f-46ad-8401-ae3755163e83 None None] PATH_INFO: `/` {{(pid=68531) log_request_info /opt/stack/keystone/keystone/server/flask/request_processing/req_logging.py:29}}
Aug 14 12:46:18 ubuntu devstack@keystone.service[68531]: [pid: 68531|app: 0|req: 4/6] 10.201.5.82 () {54 vars in 926 bytes} [Wed Aug 14 12:46:18 2024] GET /identity => generated 270 bytes in 5 msecs (HTTP/1.1 300) 6 headers in 234 bytes (1 switches on core 0)
Aug 14 12:46:18 ubuntu devstack@keystone.service[68530]: DEBUG keystone.server.flask.request_processing.req_logging [None req-3cbfaa67-e8f6-4207-ab0d-ca447f91b08e None None] REQUEST_METHOD: `POST` {{(pid=68530) log_request_info /opt/stack/keystone/keystone/server/flask/request_processing/req_logging.py:27}}
Aug 14 12:46:18 ubuntu devstack@keystone.service[68530]: DEBUG keystone.server.flask.request_processing.req_logging [None req-3cbfaa67-e8f6-4207-ab0d-ca447f91b08e None None] SCRIPT_NAME: `/identity` {{(pid=68530) log_request_info /opt/stack/keystone/keystone/server/flask/request_processing/req_logging.py:28}}
Aug 14 12:46:18 ubuntu devstack@keystone.service[68530]: DEBUG keystone.server.flask.request_processing.req_logging [None req-3cbfaa67-e8f6-4207-ab0d-ca447f91b08e None None] PATH_INFO: `/v3/auth/tokens` {{(pid=68530) log_request_info /opt/stack/keystone/keystone/server/flask/request_processing/req_logging.py:29}}
Aug 14 12:46:18 ubuntu devstack@keystone.service[68530]: WARNING keystone.common.password_hashing [None req-3cbfaa67-e8f6-4207-ab0d-ca447f91b08e None None] Truncating password to algorithm specific maximum length 72 characters.
Aug 14 12:46:18 ubuntu devstack@keystone.service[68530]: DEBUG keystone.auth.core [None req-3cbfaa67-e8f6-4207-ab0d-ca447f91b08e None None] MFA Rules not processed for user `3341a960ed8e444bad9ea5bb77858d88`. Rule list: `[]` (Enabled: `True`). {{(pid=68530) check_auth_methods_against_rules /opt/stack/keystone/keystone/auth/core.py:477}}
Aug 14 12:46:18 ubuntu devstack@keystone.service[68530]: DEBUG keystone.common.fernet_utils [None req-3cbfaa67-e8f6-4207-ab0d-ca447f91b08e None None] Loaded 2 Fernet keys from /etc/keystone/fernet-keys/, but `[fernet_tokens] max_active_keys = 3`; perhaps there have not been enough key rotations to reach `max_active_keys` yet? {{(pid=68530) load_keys /opt/stack/keystone/keystone/common/fernet_utils.py:299}}
Aug 14 12:46:18 ubuntu devstack@keystone.service[68530]: [pid: 68530|app: 0|req: 3/7] 10.201.5.82 () {58 vars in 1023 bytes} [Wed Aug 14 12:46:18 2024] POST /identity/v3/auth/tokens => generated 977 bytes in 31 msecs (HTTP/1.1 201) 6 headers in 384 bytes (1 switches on core 0)
Aug 14 12:46:18 ubuntu devstack@keystone.service[68531]: DEBUG keystone.server.flask.request_processing.middleware.auth_context [None req-e012668e-db2f-46ad-8401-ae3755163e83 None None] Authenticating user token {{(pid=68531) process_request /opt/stack/data/venv/lib/python3.10/site-packages/keystonemiddleware/auth_token/__init__.py:406}}
Aug 14 12:46:18 ubuntu devstack@keystone.service[68531]: DEBUG keystone.server.flask.request_processing.middleware.auth_context [None req-e012668e-db2f-46ad-8401-ae3755163e83 None None] Validating token access rules against request {{(pid=68531) validate_allowed_request /opt/stack/data/venv/lib/python3.10/site-packages/keystonemiddleware/auth_token/__init__.py:544}}
Aug 14 12:46:18 ubuntu devstack@keystone.service[68531]: DEBUG keystone.server.flask.request_processing.middleware.auth_context [None req-15e6c348-93f3-4fd6-ac0f-75318edc5594 admin admin] RBAC: auth_context: {'token': <TokenModel (audit_id=B_GemYjdRme36LsRi0JKvg, audit_chain_id=['B_GemYjdRme36LsRi0JKvg']) at 0x7f7e2e26ca60>, 'domain_id': None, 'trust_id': None, 'trustor_id': None, 'trustee_id': None, 'domain_name': None, 'group_ids': [], 'user_id': '3341a960ed8e444bad9ea5bb77858d88', 'user_domain_id': 'default', 'system_scope': None, 'project_id': 'ee107b682f47415289fdcaadb8d60cee', 'project_domain_id': 'default', 'roles': ['manager', 'member', 'reader', 'admin'], 'is_admin_project': True, 'service_user_id': None, 'service_user_domain_id': None, 'service_project_id': None, 'service_project_domain_id': None, 'service_roles': []} {{(pid=68531) fill_context /opt/stack/keystone/keystone/server/flask/request_processing/middleware/auth_context.py:511}}
Aug 14 12:46:18 ubuntu devstack@keystone.service[68531]: DEBUG keystone.server.flask.request_processing.req_logging [None req-15e6c348-93f3-4fd6-ac0f-75318edc5594 admin admin] REQUEST_METHOD: `GET` {{(pid=68531) log_request_info /opt/stack/keystone/keystone/server/flask/request_processing/req_logging.py:27}}
Aug 14 12:46:18 ubuntu devstack@keystone.service[68531]: DEBUG keystone.server.flask.request_processing.req_logging [None req-15e6c348-93f3-4fd6-ac0f-75318edc5594 admin admin] SCRIPT_NAME: `/identity` {{(pid=68531) log_request_info /opt/stack/keystone/keystone/server/flask/request_processing/req_logging.py:28}}
Aug 14 12:46:18 ubuntu devstack@keystone.service[68531]: DEBUG keystone.server.flask.request_processing.req_logging [None req-15e6c348-93f3-4fd6-ac0f-75318edc5594 admin admin] PATH_INFO: `/v3/auth/tokens` {{(pid=68531) log_request_info /opt/stack/keystone/keystone/server/flask/request_processing/req_logging.py:29}}
Aug 14 12:46:18 ubuntu devstack@keystone.service[68531]: DEBUG keystone.common.rbac_enforcer.enforcer [None req-15e6c348-93f3-4fd6-ac0f-75318edc5594 admin admin] RBAC: Authorizing `identity:validate_token()` {{(pid=68531) enforce_call /opt/stack/keystone/keystone/common/rbac_enforcer/enforcer.py:504}}
Aug 14 12:46:18 ubuntu devstack@keystone.service[68531]: DEBUG keystone.common.rbac_enforcer.enforcer [None req-15e6c348-93f3-4fd6-ac0f-75318edc5594 admin admin] RBAC: Authorization granted {{(pid=68531) enforce_call /opt/stack/keystone/keystone/common/rbac_enforcer/enforcer.py:515}}
Aug 14 12:46:18 ubuntu devstack@keystone.service[68531]: [pid: 68531|app: 0|req: 5/8] 10.201.5.82 () {58 vars in 1324 bytes} [Wed Aug 14 12:46:18 2024] GET /identity/v3/auth/tokens => generated 977 bytes in 20 msecs (HTTP/1.1 200) 6 headers in 379 bytes (1 switches on core 0)
Aug 14 12:46:18 ubuntu devstack@keystone.service[68530]: DEBUG keystone.server.flask.request_processing.middleware.auth_context [None req-3cbfaa67-e8f6-4207-ab0d-ca447f91b08e None None] Authenticating user token {{(pid=68530) process_request /opt/stack/data/venv/lib/python3.10/site-packages/keystonemiddleware/auth_token/__init__.py:406}}
Aug 14 12:46:18 ubuntu devstack@keystone.service[68530]: DEBUG keystone.server.flask.request_processing.middleware.auth_context [None req-3cbfaa67-e8f6-4207-ab0d-ca447f91b08e None None] Validating token access rules against request {{(pid=68530) validate_allowed_request /opt/stack/data/venv/lib/python3.10/site-packages/keystonemiddleware/auth_token/__init__.py:544}}
Aug 14 12:46:18 ubuntu devstack@keystone.service[68530]: DEBUG keystone.server.flask.request_processing.middleware.auth_context [None req-4474f884-02b6-4dd6-81ce-ba7299da3f5c admin admin] RBAC: auth_context: {'token': <TokenModel (audit_id=B_GemYjdRme36LsRi0JKvg, audit_chain_id=['B_GemYjdRme36LsRi0JKvg']) at 0x7f7e2ed1c4f0>, 'domain_id': None, 'trust_id': None, 'trustor_id': None, 'trustee_id': None, 'domain_name': None, 'group_ids': [], 'user_id': '3341a960ed8e444bad9ea5bb77858d88', 'user_domain_id': 'default', 'system_scope': None, 'project_id': 'ee107b682f47415289fdcaadb8d60cee', 'project_domain_id': 'default', 'roles': ['manager', 'member', 'reader', 'admin'], 'is_admin_project': True, 'service_user_id': None, 'service_user_domain_id': None, 'service_project_id': None, 'service_project_domain_id': None, 'service_roles': []} {{(pid=68530) fill_context /opt/stack/keystone/keystone/server/flask/request_processing/middleware/auth_context.py:511}}
Aug 14 12:46:18 ubuntu devstack@keystone.service[68530]: DEBUG keystone.server.flask.request_processing.req_logging [None req-4474f884-02b6-4dd6-81ce-ba7299da3f5c admin admin] REQUEST_METHOD: `GET` {{(pid=68530) log_request_info /opt/stack/keystone/keystone/server/flask/request_processing/req_logging.py:27}}
Aug 14 12:46:18 ubuntu devstack@keystone.service[68530]: DEBUG keystone.server.flask.request_processing.req_logging [None req-4474f884-02b6-4dd6-81ce-ba7299da3f5c admin admin] SCRIPT_NAME: `/identity` {{(pid=68530) log_request_info /opt/stack/keystone/keystone/server/flask/request_processing/req_logging.py:28}}
Aug 14 12:46:18 ubuntu devstack@keystone.service[68530]: DEBUG keystone.server.flask.request_processing.req_logging [None req-4474f884-02b6-4dd6-81ce-ba7299da3f5c admin admin] PATH_INFO: `/v3/users/3341a960ed8e444bad9ea5bb77858d88` {{(pid=68530) log_request_info /opt/stack/keystone/keystone/server/flask/request_processing/req_logging.py:29}}
Aug 14 12:46:18 ubuntu devstack@keystone.service[68530]: DEBUG keystone.common.rbac_enforcer.enforcer [None req-4474f884-02b6-4dd6-81ce-ba7299da3f5c admin admin] RBAC: Authorizing `identity:get_user(user_id=3341a960ed8e444bad9ea5bb77858d88)` {{(pid=68530) enforce_call /opt/stack/keystone/keystone/common/rbac_enforcer/enforcer.py:504}}
Aug 14 12:46:18 ubuntu devstack@keystone.service[68530]: DEBUG keystone.common.rbac_enforcer.enforcer [None req-4474f884-02b6-4dd6-81ce-ba7299da3f5c admin admin] RBAC: Authorization granted {{(pid=68530) enforce_call /opt/stack/keystone/keystone/common/rbac_enforcer/enforcer.py:515}}
Aug 14 12:46:18 ubuntu devstack@keystone.service[68530]: [pid: 68530|app: 0|req: 4/9] 10.201.5.82 () {56 vars in 1198 bytes} [Wed Aug 14 12:46:18 2024] GET /identity/v3/users/3341a960ed8e444bad9ea5bb77858d88 => generated 247 bytes in 15 msecs (HTTP/1.1 200) 5 headers in 177 bytes (1 switches on core 0)
Aug 14 12:46:20 ubuntu devstack@keystone.service[68531]: DEBUG keystone.server.flask.request_processing.req_logging [None req-ba5cb72f-dd4d-4c2e-b299-26420d49fbca None None] REQUEST_METHOD: `GET` {{(pid=68531) log_request_info /opt/stack/keystone/keystone/server/flask/request_processing/req_logging.py:27}}
Aug 14 12:46:20 ubuntu devstack@keystone.service[68531]: DEBUG keystone.server.flask.request_processing.req_logging [None req-ba5cb72f-dd4d-4c2e-b299-26420d49fbca None None] SCRIPT_NAME: `/identity` {{(pid=68531) log_request_info /opt/stack/keystone/keystone/server/flask/request_processing/req_logging.py:28}}
Aug 14 12:46:20 ubuntu devstack@keystone.service[68531]: DEBUG keystone.server.flask.request_processing.req_logging [None req-ba5cb72f-dd4d-4c2e-b299-26420d49fbca None None] PATH_INFO: `/` {{(pid=68531) log_request_info /opt/stack/keystone/keystone/server/flask/request_processing/req_logging.py:29}}
Aug 14 12:46:20 ubuntu devstack@keystone.service[68531]: [pid: 68531|app: 0|req: 6/10] 10.201.5.82 () {54 vars in 926 bytes} [Wed Aug 14 12:46:20 2024] GET /identity => generated 270 bytes in 4 msecs (HTTP/1.1 300) 6 headers in 234 bytes (1 switches on core 0)
Aug 14 12:46:20 ubuntu devstack@keystone.service[68530]: DEBUG keystone.server.flask.request_processing.req_logging [None req-73b1eebd-3195-4b94-bd49-7b35be36d611 None None] REQUEST_METHOD: `POST` {{(pid=68530) log_request_info /opt/stack/keystone/keystone/server/flask/request_processing/req_logging.py:27}}
Aug 14 12:46:20 ubuntu devstack@keystone.service[68530]: DEBUG keystone.server.flask.request_processing.req_logging [None req-73b1eebd-3195-4b94-bd49-7b35be36d611 None None] SCRIPT_NAME: `/identity` {{(pid=68530) log_request_info /opt/stack/keystone/keystone/server/flask/request_processing/req_logging.py:28}}
Aug 14 12:46:20 ubuntu devstack@keystone.service[68530]: DEBUG keystone.server.flask.request_processing.req_logging [None req-73b1eebd-3195-4b94-bd49-7b35be36d611 None None] PATH_INFO: `/v3/auth/tokens` {{(pid=68530) log_request_info /opt/stack/keystone/keystone/server/flask/request_processing/req_logging.py:29}}
Aug 14 12:46:20 ubuntu devstack@keystone.service[68530]: WARNING keystone.common.password_hashing [None req-73b1eebd-3195-4b94-bd49-7b35be36d611 None None] Truncating password to algorithm specific maximum length 72 characters.
Aug 14 12:46:20 ubuntu devstack@keystone.service[68530]: DEBUG keystone.auth.core [None req-73b1eebd-3195-4b94-bd49-7b35be36d611 None None] MFA Rules not processed for user `3341a960ed8e444bad9ea5bb77858d88`. Rule list: `[]` (Enabled: `True`). {{(pid=68530) check_auth_methods_against_rules /opt/stack/keystone/keystone/auth/core.py:477}}
Aug 14 12:46:20 ubuntu devstack@keystone.service[68530]: DEBUG keystone.common.fernet_utils [None req-73b1eebd-3195-4b94-bd49-7b35be36d611 None None] Loaded 2 Fernet keys from /etc/keystone/fernet-keys/, but `[fernet_tokens] max_active_keys = 3`; perhaps there have not been enough key rotations to reach `max_active_keys` yet? {{(pid=68530) load_keys /opt/stack/keystone/keystone/common/fernet_utils.py:299}}
Aug 14 12:46:20 ubuntu devstack@keystone.service[68530]: [pid: 68530|app: 0|req: 5/11] 10.201.5.82 () {58 vars in 1023 bytes} [Wed Aug 14 12:46:20 2024] POST /identity/v3/auth/tokens => generated 862 bytes in 69 msecs (HTTP/1.1 201) 6 headers in 363 bytes (1 switches on core 0)
Aug 14 12:46:20 ubuntu devstack@keystone.service[68531]: DEBUG keystone.server.flask.request_processing.req_logging [None req-da059810-a216-4ad6-a6cd-071589a7c0e6 None None] REQUEST_METHOD: `GET` {{(pid=68531) log_request_info /opt/stack/keystone/keystone/server/flask/request_processing/req_logging.py:27}}
Aug 14 12:46:20 ubuntu devstack@keystone.service[68531]: DEBUG keystone.server.flask.request_processing.req_logging [None req-da059810-a216-4ad6-a6cd-071589a7c0e6 None None] SCRIPT_NAME: `/identity` {{(pid=68531) log_request_info /opt/stack/keystone/keystone/server/flask/request_processing/req_logging.py:28}}
Aug 14 12:46:20 ubuntu devstack@keystone.service[68531]: DEBUG keystone.server.flask.request_processing.req_logging [None req-da059810-a216-4ad6-a6cd-071589a7c0e6 None None] PATH_INFO: `/` {{(pid=68531) log_request_info /opt/stack/keystone/keystone/server/flask/request_processing/req_logging.py:29}}
Aug 14 12:46:20 ubuntu devstack@keystone.service[68531]: [pid: 68531|app: 0|req: 7/12] 10.201.5.82 () {54 vars in 926 bytes} [Wed Aug 14 12:46:20 2024] GET /identity => generated 270 bytes in 4 msecs (HTTP/1.1 300) 6 headers in 234 bytes (1 switches on core 0)
Aug 14 12:46:20 ubuntu devstack@keystone.service[68530]: DEBUG keystone.server.flask.request_processing.req_logging [None req-dfbc1ac7-b42b-497c-aa51-0c8445c5d0b6 None None] REQUEST_METHOD: `POST` {{(pid=68530) log_request_info /opt/stack/keystone/keystone/server/flask/request_processing/req_logging.py:27}}
Aug 14 12:46:20 ubuntu devstack@keystone.service[68530]: DEBUG keystone.server.flask.request_processing.req_logging [None req-dfbc1ac7-b42b-497c-aa51-0c8445c5d0b6 None None] SCRIPT_NAME: `/identity` {{(pid=68530) log_request_info /opt/stack/keystone/keystone/server/flask/request_processing/req_logging.py:28}}
Aug 14 12:46:20 ubuntu devstack@keystone.service[68530]: DEBUG keystone.server.flask.request_processing.req_logging [None req-dfbc1ac7-b42b-497c-aa51-0c8445c5d0b6 None None] PATH_INFO: `/v3/auth/tokens` {{(pid=68530) log_request_info /opt/stack/keystone/keystone/server/flask/request_processing/req_logging.py:29}}
Aug 14 12:46:20 ubuntu devstack@keystone.service[68530]: WARNING keystone.common.password_hashing [None req-dfbc1ac7-b42b-497c-aa51-0c8445c5d0b6 None None] Truncating password to algorithm specific maximum length 72 characters.
Aug 14 12:46:20 ubuntu devstack@keystone.service[68530]: DEBUG keystone.auth.core [None req-dfbc1ac7-b42b-497c-aa51-0c8445c5d0b6 None None] MFA Rules not processed for user `3341a960ed8e444bad9ea5bb77858d88`. Rule list: `[]` (Enabled: `True`). {{(pid=68530) check_auth_methods_against_rules /opt/stack/keystone/keystone/auth/core.py:477}}
Aug 14 12:46:20 ubuntu devstack@keystone.service[68530]: DEBUG keystone.common.fernet_utils [None req-dfbc1ac7-b42b-497c-aa51-0c8445c5d0b6 None None] Loaded 2 Fernet keys from /etc/keystone/fernet-keys/, but `[fernet_tokens] max_active_keys = 3`; perhaps there have not been enough key rotations to reach `max_active_keys` yet? {{(pid=68530) load_keys /opt/stack/keystone/keystone/common/fernet_utils.py:299}}
Aug 14 12:46:20 ubuntu devstack@keystone.service[68531]: DEBUG keystone.server.flask.request_processing.middleware.auth_context [None req-da059810-a216-4ad6-a6cd-071589a7c0e6 None None] Authenticating user token {{(pid=68531) process_request /opt/stack/data/venv/lib/python3.10/site-packages/keystonemiddleware/auth_token/__init__.py:406}}
Aug 14 12:46:20 ubuntu devstack@keystone.service[68530]: [pid: 68530|app: 0|req: 6/13] 10.201.5.82 () {58 vars in 1023 bytes} [Wed Aug 14 12:46:20 2024] POST /identity/v3/auth/tokens => generated 862 bytes in 64 msecs (HTTP/1.1 201) 6 headers in 363 bytes (1 switches on core 0)
Aug 14 12:46:20 ubuntu devstack@keystone.service[68531]: DEBUG keystone.server.flask.request_processing.middleware.auth_context [None req-da059810-a216-4ad6-a6cd-071589a7c0e6 None None] Validating token access rules against request {{(pid=68531) validate_allowed_request /opt/stack/data/venv/lib/python3.10/site-packages/keystonemiddleware/auth_token/__init__.py:544}}
Aug 14 12:46:20 ubuntu devstack@keystone.service[68531]: DEBUG keystone.server.flask.request_processing.middleware.auth_context [None req-13e9b75b-93f7-47c6-89c7-49c746e57b04 None admin] RBAC: auth_context: {'token': <TokenModel (audit_id=D-Scs9P6TX-je9Y6zTxaqA, audit_chain_id=['D-Scs9P6TX-je9Y6zTxaqA']) at 0x7f7e2e26cd90>, 'domain_id': None, 'trust_id': None, 'trustor_id': None, 'trustee_id': None, 'domain_name': None, 'group_ids': [], 'user_id': '3341a960ed8e444bad9ea5bb77858d88', 'user_domain_id': 'default', 'system_scope': 'all', 'project_id': None, 'project_domain_id': None, 'roles': ['admin', 'manager', 'member', 'reader'], 'is_admin_project': True, 'service_user_id': None, 'service_user_domain_id': None, 'service_project_id': None, 'service_project_domain_id': None, 'service_roles': []} {{(pid=68531) fill_context /opt/stack/keystone/keystone/server/flask/request_processing/middleware/auth_context.py:511}}
Aug 14 12:46:20 ubuntu devstack@keystone.service[68531]: DEBUG keystone.server.flask.request_processing.req_logging [None req-13e9b75b-93f7-47c6-89c7-49c746e57b04 None admin] REQUEST_METHOD: `GET` {{(pid=68531) log_request_info /opt/stack/keystone/keystone/server/flask/request_processing/req_logging.py:27}}
Aug 14 12:46:20 ubuntu devstack@keystone.service[68531]: DEBUG keystone.server.flask.request_processing.req_logging [None req-13e9b75b-93f7-47c6-89c7-49c746e57b04 None admin] SCRIPT_NAME: `/identity` {{(pid=68531) log_request_info /opt/stack/keystone/keystone/server/flask/request_processing/req_logging.py:28}}
Aug 14 12:46:20 ubuntu devstack@keystone.service[68531]: DEBUG keystone.server.flask.request_processing.req_logging [None req-13e9b75b-93f7-47c6-89c7-49c746e57b04 None admin] PATH_INFO: `/v3/roles/admin` {{(pid=68531) log_request_info /opt/stack/keystone/keystone/server/flask/request_processing/req_logging.py:29}}
Aug 14 12:46:20 ubuntu devstack@keystone.service[68531]: DEBUG keystone.common.rbac_enforcer.enforcer [None req-13e9b75b-93f7-47c6-89c7-49c746e57b04 None admin] Extracting inferred target data resulted in "NOT FOUND (404)". {{(pid=68531) enforce_call /opt/stack/keystone/keystone/common/rbac_enforcer/enforcer.py:454}}
Aug 14 12:46:20 ubuntu devstack@keystone.service[68531]: DEBUG keystone.server.flask.application [None req-13e9b75b-93f7-47c6-89c7-49c746e57b04 None admin] Could not find role: admin. {{(pid=68531) _handle_keystone_exception /opt/stack/keystone/keystone/server/flask/application.py:96}}
Aug 14 12:46:20 ubuntu devstack@keystone.service[68531]: [pid: 68531|app: 0|req: 8/14] 10.201.5.82 () {56 vars in 1096 bytes} [Wed Aug 14 12:46:20 2024] GET /identity/v3/roles/admin => generated 83 bytes in 106 msecs (HTTP/1.1 404) 5 headers in 183 bytes (1 switches on core 0)
Aug 14 12:46:20 ubuntu devstack@keystone.service[68531]: DEBUG keystone.server.flask.request_processing.middleware.auth_context [None req-13e9b75b-93f7-47c6-89c7-49c746e57b04 None admin] Authenticating user token {{(pid=68531) process_request /opt/stack/data/venv/lib/python3.10/site-packages/keystonemiddleware/auth_token/__init__.py:406}}
Aug 14 12:46:20 ubuntu devstack@keystone.service[68530]: DEBUG keystone.server.flask.request_processing.middleware.auth_context [None req-dfbc1ac7-b42b-497c-aa51-0c8445c5d0b6 None None] Authenticating user token {{(pid=68530) process_request /opt/stack/data/venv/lib/python3.10/site-packages/keystonemiddleware/auth_token/__init__.py:406}}
Aug 14 12:46:20 ubuntu devstack@keystone.service[68531]: DEBUG keystone.server.flask.request_processing.middleware.auth_context [None req-13e9b75b-93f7-47c6-89c7-49c746e57b04 None admin] Validating token access rules against request {{(pid=68531) validate_allowed_request /opt/stack/data/venv/lib/python3.10/site-packages/keystonemiddleware/auth_token/__init__.py:544}}
Aug 14 12:46:20 ubuntu devstack@keystone.service[68530]: DEBUG keystone.server.flask.request_processing.middleware.auth_context [None req-dfbc1ac7-b42b-497c-aa51-0c8445c5d0b6 None None] Validating token access rules against request {{(pid=68530) validate_allowed_request /opt/stack/data/venv/lib/python3.10/site-packages/keystonemiddleware/auth_token/__init__.py:544}}
Aug 14 12:46:20 ubuntu devstack@keystone.service[68530]: DEBUG keystone.server.flask.request_processing.middleware.auth_context [None req-24875b51-ba03-4090-9efb-6cefb9469b8f None admin] RBAC: auth_context: {'token': <TokenModel (audit_id=D-Scs9P6TX-je9Y6zTxaqA, audit_chain_id=['D-Scs9P6TX-je9Y6zTxaqA']) at 0x7f7e2e02ac80>, 'domain_id': None, 'trust_id': None, 'trustor_id': None, 'trustee_id': None, 'domain_name': None, 'group_ids': [], 'user_id': '3341a960ed8e444bad9ea5bb77858d88', 'user_domain_id': 'default', 'system_scope': 'all', 'project_id': None, 'project_domain_id': None, 'roles': ['admin', 'manager', 'member', 'reader'], 'is_admin_project': True, 'service_user_id': None, 'service_user_domain_id': None, 'service_project_id': None, 'service_project_domain_id': None, 'service_roles': []} {{(pid=68530) fill_context /opt/stack/keystone/keystone/server/flask/request_processing/middleware/auth_context.py:511}}
Aug 14 12:46:20 ubuntu devstack@keystone.service[68531]: DEBUG keystone.server.flask.request_processing.middleware.auth_context [None req-b69f2182-cf03-4ad1-91a0-b6b4267397d6 None admin] RBAC: auth_context: {'token': <TokenModel (audit_id=qyUC-mC6S5G7Nd0iOIwVsA, audit_chain_id=['qyUC-mC6S5G7Nd0iOIwVsA']) at 0x7f7e2e156410>, 'domain_id': None, 'trust_id': None, 'trustor_id': None, 'trustee_id': None, 'domain_name': None, 'group_ids': [], 'user_id': '3341a960ed8e444bad9ea5bb77858d88', 'user_domain_id': 'default', 'system_scope': 'all', 'project_id': None, 'project_domain_id': None, 'roles': ['admin', 'manager', 'member', 'reader'], 'is_admin_project': True, 'service_user_id': None, 'service_user_domain_id': None, 'service_project_id': None, 'service_project_domain_id': None, 'service_roles': []} {{(pid=68531) fill_context /opt/stack/keystone/keystone/server/flask/request_processing/middleware/auth_context.py:511}}
Aug 14 12:46:20 ubuntu devstack@keystone.service[68530]: DEBUG keystone.server.flask.request_processing.req_logging [None req-24875b51-ba03-4090-9efb-6cefb9469b8f None admin] REQUEST_METHOD: `GET` {{(pid=68530) log_request_info /opt/stack/keystone/keystone/server/flask/request_processing/req_logging.py:27}}
Aug 14 12:46:20 ubuntu devstack@keystone.service[68531]: DEBUG keystone.server.flask.request_processing.req_logging [None req-b69f2182-cf03-4ad1-91a0-b6b4267397d6 None admin] REQUEST_METHOD: `POST` {{(pid=68531) log_request_info /opt/stack/keystone/keystone/server/flask/request_processing/req_logging.py:27}}
Aug 14 12:46:20 ubuntu devstack@keystone.service[68531]: DEBUG keystone.server.flask.request_processing.req_logging [None req-b69f2182-cf03-4ad1-91a0-b6b4267397d6 None admin] SCRIPT_NAME: `/identity` {{(pid=68531) log_request_info /opt/stack/keystone/keystone/server/flask/request_processing/req_logging.py:28}}
Aug 14 12:46:20 ubuntu devstack@keystone.service[68531]: DEBUG keystone.server.flask.request_processing.req_logging [None req-b69f2182-cf03-4ad1-91a0-b6b4267397d6 None admin] PATH_INFO: `/v3/domains` {{(pid=68531) log_request_info /opt/stack/keystone/keystone/server/flask/request_processing/req_logging.py:29}}
Aug 14 12:46:20 ubuntu devstack@keystone.service[68530]: DEBUG keystone.server.flask.request_processing.req_logging [None req-24875b51-ba03-4090-9efb-6cefb9469b8f None admin] SCRIPT_NAME: `/identity` {{(pid=68530) log_request_info /opt/stack/keystone/keystone/server/flask/request_processing/req_logging.py:28}}
Aug 14 12:46:20 ubuntu devstack@keystone.service[68530]: DEBUG keystone.server.flask.request_processing.req_logging [None req-24875b51-ba03-4090-9efb-6cefb9469b8f None admin] PATH_INFO: `/v3/roles` {{(pid=68530) log_request_info /opt/stack/keystone/keystone/server/flask/request_processing/req_logging.py:29}}
Aug 14 12:46:20 ubuntu devstack@keystone.service[68531]: DEBUG keystone.common.rbac_enforcer.enforcer [None req-b69f2182-cf03-4ad1-91a0-b6b4267397d6 None admin] RBAC: Authorizing `identity:create_domain()` {{(pid=68531) enforce_call /opt/stack/keystone/keystone/common/rbac_enforcer/enforcer.py:504}}
Aug 14 12:46:20 ubuntu devstack@keystone.service[68530]: DEBUG keystone.common.rbac_enforcer.enforcer [None req-24875b51-ba03-4090-9efb-6cefb9469b8f None admin] RBAC: Adding query filter params (name=admin) {{(pid=68530) _extract_filter_values /opt/stack/keystone/keystone/common/rbac_enforcer/enforcer.py:185}}
Aug 14 12:46:20 ubuntu devstack@keystone.service[68531]: DEBUG keystone.common.rbac_enforcer.enforcer [None req-b69f2182-cf03-4ad1-91a0-b6b4267397d6 None admin] RBAC: Authorization granted {{(pid=68531) enforce_call /opt/stack/keystone/keystone/common/rbac_enforcer/enforcer.py:515}}
Aug 14 12:46:20 ubuntu devstack@keystone.service[68530]: DEBUG keystone.common.rbac_enforcer.enforcer [None req-24875b51-ba03-4090-9efb-6cefb9469b8f None admin] RBAC: Authorizing `identity:list_roles()` {{(pid=68530) enforce_call /opt/stack/keystone/keystone/common/rbac_enforcer/enforcer.py:504}}
Aug 14 12:46:20 ubuntu devstack@keystone.service[68530]: DEBUG keystone.common.rbac_enforcer.enforcer [None req-24875b51-ba03-4090-9efb-6cefb9469b8f None admin] RBAC: Authorization granted {{(pid=68530) enforce_call /opt/stack/keystone/keystone/common/rbac_enforcer/enforcer.py:515}}
Aug 14 12:46:20 ubuntu devstack@keystone.service[68530]: [pid: 68530|app: 0|req: 7/15] 10.201.5.82 () {56 vars in 1099 bytes} [Wed Aug 14 12:46:20 2024] GET /identity/v3/roles?name=admin => generated 339 bytes in 75 msecs (HTTP/1.1 200) 5 headers in 177 bytes (1 switches on core 0)
Aug 14 12:46:20 ubuntu devstack@keystone.service[68530]: DEBUG keystone.server.flask.request_processing.middleware.auth_context [None req-24875b51-ba03-4090-9efb-6cefb9469b8f None admin] Authenticating user token {{(pid=68530) process_request /opt/stack/data/venv/lib/python3.10/site-packages/keystonemiddleware/auth_token/__init__.py:406}}
Aug 14 12:46:20 ubuntu devstack@keystone.service[68531]: DEBUG keystone.common.sql.core [None req-b69f2182-cf03-4ad1-91a0-b6b4267397d6 None admin] Conflict project: (pymysql.err.IntegrityError) (1062, "Duplicate entry '<<keystone.domain.root>>-Default' for key 'project.ixu_project_name_domain_id'")
Aug 14 12:46:20 ubuntu devstack@keystone.service[68531]: [SQL: INSERT INTO project (id, name, domain_id, description, enabled, extra, parent_id, is_domain) VALUES (%(id)s, %(name)s, %(domain_id)s, %(description)s, %(enabled)s, %(extra)s, %(parent_id)s, %(is_domain)s)]
Aug 14 12:46:20 ubuntu devstack@keystone.service[68531]: [parameters: {'id': '0f3b7446459d46bf89bb602d89ef81af', 'name': 'Default', 'domain_id': '<<keystone.domain.root>>', 'description': '', 'enabled': 1, 'extra': '{}', 'parent_id': None, 'is_domain': 1}]
Aug 14 12:46:20 ubuntu devstack@keystone.service[68531]: (Background on this error at: https://sqlalche.me/e/20/gkpj) {{(pid=68531) wrapper /opt/stack/keystone/keystone/common/sql/core.py:547}}
Aug 14 12:46:20 ubuntu devstack@keystone.service[68531]: ERROR keystone.server.flask.application [None req-b69f2182-cf03-4ad1-91a0-b6b4267397d6 None admin] Conflict occurred attempting to store project - it is not permitted to have two projects acting as domains with the same name: Default.: keystone.exception.Conflict: Conflict occurred attempting to store project - it is not permitted to have two projects acting as domains with the same name: Default.
Aug 14 12:46:20 ubuntu devstack@keystone.service[68531]: ERROR keystone.server.flask.application Traceback (most recent call last):
Aug 14 12:46:20 ubuntu devstack@keystone.service[68531]: ERROR keystone.server.flask.application   File "/opt/stack/data/venv/lib/python3.10/site-packages/sqlalchemy/engine/base.py", line 1967, in _exec_single_context
Aug 14 12:46:20 ubuntu devstack@keystone.service[68531]: ERROR keystone.server.flask.application     self.dialect.do_execute(
Aug 14 12:46:20 ubuntu devstack@keystone.service[68531]: ERROR keystone.server.flask.application   File "/opt/stack/data/venv/lib/python3.10/site-packages/sqlalchemy/engine/default.py", line 924, in do_execute
Aug 14 12:46:20 ubuntu devstack@keystone.service[68531]: ERROR keystone.server.flask.application     cursor.execute(statement, parameters)
Aug 14 12:46:20 ubuntu devstack@keystone.service[68531]: ERROR keystone.server.flask.application   File "/opt/stack/data/venv/lib/python3.10/site-packages/pymysql/cursors.py", line 153, in execute
Aug 14 12:46:20 ubuntu devstack@keystone.service[68531]: ERROR keystone.server.flask.application     result = self._query(query)
Aug 14 12:46:20 ubuntu devstack@keystone.service[68531]: ERROR keystone.server.flask.application   File "/opt/stack/data/venv/lib/python3.10/site-packages/pymysql/cursors.py", line 322, in _query
Aug 14 12:46:20 ubuntu devstack@keystone.service[68531]: ERROR keystone.server.flask.application     conn.query(q)
Aug 14 12:46:20 ubuntu devstack@keystone.service[68531]: ERROR keystone.server.flask.application   File "/opt/stack/data/venv/lib/python3.10/site-packages/pymysql/connections.py", line 563, in query
Aug 14 12:46:20 ubuntu devstack@keystone.service[68531]: ERROR keystone.server.flask.application     self._affected_rows = self._read_query_result(unbuffered=unbuffered)
Aug 14 12:46:20 ubuntu devstack@keystone.service[68531]: ERROR keystone.server.flask.application   File "/opt/stack/data/venv/lib/python3.10/site-packages/pymysql/connections.py", line 825, in _read_query_result
Aug 14 12:46:20 ubuntu devstack@keystone.service[68531]: ERROR keystone.server.flask.application     result.read()
Aug 14 12:46:20 ubuntu devstack@keystone.service[68531]: ERROR keystone.server.flask.application   File "/opt/stack/data/venv/lib/python3.10/site-packages/pymysql/connections.py", line 1199, in read
Aug 14 12:46:20 ubuntu devstack@keystone.service[68531]: ERROR keystone.server.flask.application     first_packet = self.connection._read_packet()
Aug 14 12:46:20 ubuntu devstack@keystone.service[68531]: ERROR keystone.server.flask.application   File "/opt/stack/data/venv/lib/python3.10/site-packages/pymysql/connections.py", line 775, in _read_packet
Aug 14 12:46:20 ubuntu devstack@keystone.service[68531]: ERROR keystone.server.flask.application     packet.raise_for_error()
Aug 14 12:46:20 ubuntu devstack@keystone.service[68531]: ERROR keystone.server.flask.application   File "/opt/stack/data/venv/lib/python3.10/site-packages/pymysql/protocol.py", line 219, in raise_for_error
Aug 14 12:46:20 ubuntu devstack@keystone.service[68531]: ERROR keystone.server.flask.application     err.raise_mysql_exception(self._data)
Aug 14 12:46:20 ubuntu devstack@keystone.service[68531]: ERROR keystone.server.flask.application   File "/opt/stack/data/venv/lib/python3.10/site-packages/pymysql/err.py", line 150, in raise_mysql_exception
Aug 14 12:46:20 ubuntu devstack@keystone.service[68531]: ERROR keystone.server.flask.application     raise errorclass(errno, errval)
Aug 14 12:46:20 ubuntu devstack@keystone.service[68531]: ERROR keystone.server.flask.application pymysql.err.IntegrityError: (1062, "Duplicate entry '<<keystone.domain.root>>-Default' for key 'project.ixu_project_name_domain_id'")
Aug 14 12:46:20 ubuntu devstack@keystone.service[68531]: ERROR keystone.server.flask.application 
Aug 14 12:46:20 ubuntu devstack@keystone.service[68531]: ERROR keystone.server.flask.application The above exception was the direct cause of the following exception:
Aug 14 12:46:20 ubuntu devstack@keystone.service[68531]: ERROR keystone.server.flask.application 
Aug 14 12:46:20 ubuntu devstack@keystone.service[68531]: ERROR keystone.server.flask.application Traceback (most recent call last):
Aug 14 12:46:20 ubuntu devstack@keystone.service[68531]: ERROR keystone.server.flask.application   File "/opt/stack/keystone/keystone/common/sql/core.py", line 542, in wrapper
Aug 14 12:46:20 ubuntu devstack@keystone.service[68531]: ERROR keystone.server.flask.application     return method(*args, **kwargs)
Aug 14 12:46:20 ubuntu devstack@keystone.service[68531]: ERROR keystone.server.flask.application   File "/opt/stack/keystone/keystone/resource/backends/sql.py", line 251, in create_project
Aug 14 12:46:20 ubuntu devstack@keystone.service[68531]: ERROR keystone.server.flask.application     with sql.session_for_write() as session:
Aug 14 12:46:20 ubuntu devstack@keystone.service[68531]: ERROR keystone.server.flask.application   File "/usr/lib/python3.10/contextlib.py", line 142, in __exit__
Aug 14 12:46:20 ubuntu devstack@keystone.service[68531]: ERROR keystone.server.flask.application     next(self.gen)
Aug 14 12:46:20 ubuntu devstack@keystone.service[68531]: ERROR keystone.server.flask.application   File "/opt/stack/data/venv/lib/python3.10/site-packages/oslo_db/sqlalchemy/enginefacade.py", line 1042, in _transaction_scope
Aug 14 12:46:20 ubuntu devstack@keystone.service[68531]: ERROR keystone.server.flask.application     with current._produce_block(
Aug 14 12:46:20 ubuntu devstack@keystone.service[68531]: ERROR keystone.server.flask.application   File "/usr/lib/python3.10/contextlib.py", line 142, in __exit__
Aug 14 12:46:20 ubuntu devstack@keystone.service[68531]: ERROR keystone.server.flask.application     next(self.gen)
Aug 14 12:46:20 ubuntu devstack@keystone.service[68531]: ERROR keystone.server.flask.application   File "/opt/stack/data/venv/lib/python3.10/site-packages/oslo_db/sqlalchemy/enginefacade.py", line 649, in _session
Aug 14 12:46:20 ubuntu devstack@keystone.service[68531]: ERROR keystone.server.flask.application     with excutils.save_and_reraise_exception():
Aug 14 12:46:20 ubuntu devstack@keystone.service[68531]: ERROR keystone.server.flask.application   File "/opt/stack/data/venv/lib/python3.10/site-packages/oslo_utils/excutils.py", line 227, in __exit__
Aug 14 12:46:20 ubuntu devstack@keystone.service[68531]: ERROR keystone.server.flask.application     self.force_reraise()
