Jul 26 21:13:23 ubuntu devstack@c-api.service[114611]: DEBUG cinder.api.extensions [-] Ext updated: 2012-03-12T00:00:00+00:00 {{(pid=114611) _check_extension /opt/stack/cinder/cinder/api/extensions.py:183}}
Jul 26 21:13:23 ubuntu devstack@c-api.service[114611]: DEBUG cinder.api.extensions [-] Loaded extension: os-quota-class-sets {{(pid=114611) register /opt/stack/cinder/cinder/api/extensions.py:140}}
Jul 26 21:13:23 ubuntu devstack@c-api.service[114611]: DEBUG cinder.api.extensions [-] Loading extension cinder.api.contrib.volume_manage.Volume_manage {{(pid=114611) load_extension /opt/stack/cinder/cinder/api/extensions.py:199}}
Jul 26 21:13:23 ubuntu devstack@c-api.service[114611]: DEBUG cinder.api.extensions [-] Calling extension factory cinder.api.contrib.volume_manage.Volume_manage {{(pid=114611) load_extension /opt/stack/cinder/cinder/api/extensions.py:205}}
Jul 26 21:13:23 ubuntu devstack@c-api.service[114611]: DEBUG cinder.api.extensions [-] Ext name: VolumeManage {{(pid=114611) _check_extension /opt/stack/cinder/cinder/api/extensions.py:179}}
Jul 26 21:13:23 ubuntu devstack@c-api.service[114611]: DEBUG cinder.api.extensions [-] Ext alias: os-volume-manage {{(pid=114611) _check_extension /opt/stack/cinder/cinder/api/extensions.py:180}}
Jul 26 21:13:23 ubuntu devstack@c-api.service[114611]: DEBUG cinder.api.extensions [-] Ext description: Allows existing backend storage to be 'managed' by Cinder. {{(pid=114611) _check_extension /opt/stack/cinder/cinder/api/extensions.py:181}}
Jul 26 21:13:23 ubuntu devstack@c-api.service[114611]: DEBUG cinder.api.extensions [-] Ext updated: 2014-02-10T00:00:00+00:00 {{(pid=114611) _check_extension /opt/stack/cinder/cinder/api/extensions.py:183}}
Jul 26 21:13:23 ubuntu devstack@c-api.service[114611]: DEBUG cinder.api.extensions [-] Loaded extension: os-volume-manage {{(pid=114611) register /opt/stack/cinder/cinder/api/extensions.py:140}}
Jul 26 21:13:23 ubuntu devstack@c-api.service[114611]: DEBUG cinder.api.extensions [-] Loading extension cinder.api.contrib.extended_snapshot_attributes.Extended_snapshot_attributes {{(pid=114611) load_extension /opt/stack/cinder/cinder/api/extensions.py:199}}
Jul 26 21:13:23 ubuntu devstack@c-api.service[114611]: DEBUG cinder.api.extensions [-] Calling extension factory cinder.api.contrib.extended_snapshot_attributes.Extended_snapshot_attributes {{(pid=114611) load_extension /opt/stack/cinder/cinder/api/extensions.py:205}}
Jul 26 21:13:23 ubuntu devstack@c-api.service[114611]: DEBUG cinder.api.extensions [-] Ext name: ExtendedSnapshotAttributes {{(pid=114611) _check_extension /opt/stack/cinder/cinder/api/extensions.py:179}}
Jul 26 21:13:23 ubuntu devstack@c-api.service[114611]: DEBUG cinder.api.extensions [-] Ext alias: os-extended-snapshot-attributes {{(pid=114611) _check_extension /opt/stack/cinder/cinder/api/extensions.py:180}}
Jul 26 21:13:23 ubuntu devstack@c-api.service[114611]: DEBUG cinder.api.extensions [-] Ext description: Extended SnapshotAttributes support. {{(pid=114611) _check_extension /opt/stack/cinder/cinder/api/extensions.py:181}}
Jul 26 21:13:23 ubuntu devstack@c-api.service[114611]: DEBUG cinder.api.extensions [-] Ext updated: 2012-06-19T00:00:00+00:00 {{(pid=114611) _check_extension /opt/stack/cinder/cinder/api/extensions.py:183}}
Jul 26 21:13:23 ubuntu devstack@c-api.service[114611]: DEBUG cinder.api.extensions [-] Loaded extension: os-extended-snapshot-attributes {{(pid=114611) register /opt/stack/cinder/cinder/api/extensions.py:140}}
Jul 26 21:13:23 ubuntu devstack@c-api.service[114611]: DEBUG cinder.api.extensions [-] Loading extension cinder.api.contrib.availability_zones.Availability_zones {{(pid=114611) load_extension /opt/stack/cinder/cinder/api/extensions.py:199}}
Jul 26 21:13:23 ubuntu devstack@c-api.service[114611]: DEBUG cinder.api.extensions [-] Calling extension factory cinder.api.contrib.availability_zones.Availability_zones {{(pid=114611) load_extension /opt/stack/cinder/cinder/api/extensions.py:205}}
Jul 26 21:13:23 ubuntu devstack@c-api.service[114611]: DEBUG cinder.api.extensions [-] Ext name: AvailabilityZones {{(pid=114611) _check_extension /opt/stack/cinder/cinder/api/extensions.py:179}}
Jul 26 21:13:23 ubuntu devstack@c-api.service[114611]: DEBUG cinder.api.extensions [-] Ext alias: os-availability-zone {{(pid=114611) _check_extension /opt/stack/cinder/cinder/api/extensions.py:180}}
Jul 26 21:13:23 ubuntu devstack@c-api.service[114611]: DEBUG cinder.api.extensions [-] Ext description: Describe Availability Zones. {{(pid=114611) _check_extension /opt/stack/cinder/cinder/api/extensions.py:181}}
Jul 26 21:13:23 ubuntu devstack@c-api.service[114611]: DEBUG cinder.api.extensions [-] Ext updated: 2013-06-27T00:00:00+00:00 {{(pid=114611) _check_extension /opt/stack/cinder/cinder/api/extensions.py:183}}
Jul 26 21:13:23 ubuntu devstack@c-api.service[114612]: INFO dbcounter [None req-7f0455d3-a901-4679-abf3-bd707baf333b None None] Registered counter for database cinder
Jul 26 21:13:23 ubuntu devstack@c-api.service[114611]: DEBUG cinder.api.extensions [-] Loaded extension: os-availability-zone {{(pid=114611) register /opt/stack/cinder/cinder/api/extensions.py:140}}
Jul 26 21:13:23 ubuntu devstack@c-api.service[114611]: DEBUG cinder.api.extensions [-] Loading extension cinder.api.contrib.scheduler_hints.Scheduler_hints {{(pid=114611) load_extension /opt/stack/cinder/cinder/api/extensions.py:199}}
Jul 26 21:13:23 ubuntu devstack@c-api.service[114611]: DEBUG cinder.api.extensions [-] Calling extension factory cinder.api.contrib.scheduler_hints.Scheduler_hints {{(pid=114611) load_extension /opt/stack/cinder/cinder/api/extensions.py:205}}
Jul 26 21:13:23 ubuntu devstack@c-api.service[114611]: DEBUG cinder.api.extensions [-] Ext name: SchedulerHints {{(pid=114611) _check_extension /opt/stack/cinder/cinder/api/extensions.py:179}}
Jul 26 21:13:23 ubuntu devstack@c-api.service[114611]: DEBUG cinder.api.extensions [-] Ext alias: OS-SCH-HNT {{(pid=114611) _check_extension /opt/stack/cinder/cinder/api/extensions.py:180}}
Jul 26 21:13:23 ubuntu devstack@c-api.service[114611]: DEBUG cinder.api.extensions [-] Ext description: Pass arbitrary key/value pairs to the scheduler. {{(pid=114611) _check_extension /opt/stack/cinder/cinder/api/extensions.py:181}}
Jul 26 21:13:23 ubuntu devstack@c-api.service[114611]: DEBUG cinder.api.extensions [-] Ext updated: 2013-04-18T00:00:00+00:00 {{(pid=114611) _check_extension /opt/stack/cinder/cinder/api/extensions.py:183}}
Jul 26 21:13:23 ubuntu devstack@c-api.service[114611]: DEBUG cinder.api.extensions [-] Loaded extension: OS-SCH-HNT {{(pid=114611) register /opt/stack/cinder/cinder/api/extensions.py:140}}
Jul 26 21:13:23 ubuntu devstack@c-api.service[114611]: DEBUG cinder.api.extensions [-] Loading extension cinder.api.contrib.volume_host_attribute.Volume_host_attribute {{(pid=114611) load_extension /opt/stack/cinder/cinder/api/extensions.py:199}}
Jul 26 21:13:23 ubuntu devstack@c-api.service[114611]: DEBUG cinder.api.extensions [-] Calling extension factory cinder.api.contrib.volume_host_attribute.Volume_host_attribute {{(pid=114611) load_extension /opt/stack/cinder/cinder/api/extensions.py:205}}
Jul 26 21:13:23 ubuntu devstack@c-api.service[114611]: DEBUG cinder.api.extensions [-] Ext name: VolumeHostAttribute {{(pid=114611) _check_extension /opt/stack/cinder/cinder/api/extensions.py:179}}
Jul 26 21:13:23 ubuntu devstack@c-api.service[114611]: DEBUG cinder.api.extensions [-] Ext alias: os-vol-host-attr {{(pid=114611) _check_extension /opt/stack/cinder/cinder/api/extensions.py:180}}
Jul 26 21:13:23 ubuntu devstack@c-api.service[114611]: DEBUG cinder.api.extensions [-] Ext description: Expose host as an attribute of a volume. {{(pid=114611) _check_extension /opt/stack/cinder/cinder/api/extensions.py:181}}
Jul 26 21:13:23 ubuntu devstack@c-api.service[114611]: DEBUG cinder.api.extensions [-] Ext updated: 2011-11-03T00:00:00+00:00 {{(pid=114611) _check_extension /opt/stack/cinder/cinder/api/extensions.py:183}}
Jul 26 21:13:23 ubuntu devstack@c-api.service[114611]: DEBUG cinder.api.extensions [-] Loaded extension: os-vol-host-attr {{(pid=114611) register /opt/stack/cinder/cinder/api/extensions.py:140}}
Jul 26 21:13:23 ubuntu devstack@c-api.service[114612]: DEBUG oslo_db.sqlalchemy.engines [None req-7f0455d3-a901-4679-abf3-bd707baf333b None None] MySQL server mode set to STRICT_TRANS_TABLES,STRICT_ALL_TABLES,NO_ZERO_IN_DATE,NO_ZERO_DATE,ERROR_FOR_DIVISION_BY_ZERO,TRADITIONAL,NO_ENGINE_SUBSTITUTION {{(pid=114612) _check_effective_sql_mode /opt/stack/data/venv/lib/python3.10/site-packages/oslo_db/sqlalchemy/engines.py:342}}
Jul 26 21:13:23 ubuntu devstack@c-api.service[114611]: INFO dbcounter [None req-c828a500-16de-4737-9230-d5a542fc0ce3 None None] Registered counter for database cinder
Jul 26 21:13:23 ubuntu devstack@c-api.service[114611]: DEBUG oslo_db.sqlalchemy.engines [None req-c828a500-16de-4737-9230-d5a542fc0ce3 None None] MySQL server mode set to STRICT_TRANS_TABLES,STRICT_ALL_TABLES,NO_ZERO_IN_DATE,NO_ZERO_DATE,ERROR_FOR_DIVISION_BY_ZERO,TRADITIONAL,NO_ENGINE_SUBSTITUTION {{(pid=114611) _check_effective_sql_mode /opt/stack/data/venv/lib/python3.10/site-packages/oslo_db/sqlalchemy/engines.py:342}}
Jul 26 21:13:23 ubuntu devstack@c-api.service[114612]: DEBUG dbcounter [-] [114612] Writer thread running {{(pid=114612) stat_writer /opt/stack/data/venv/lib/python3.10/site-packages/dbcounter.py:102}}
Jul 26 21:13:23 ubuntu devstack@c-api.service[114612]: INFO cinder.rpc [None req-7f0455d3-a901-4679-abf3-bd707baf333b None None] Automatically selected cinder-scheduler objects version 1.39 as minimum service version.
Jul 26 21:13:23 ubuntu devstack@c-api.service[114612]: INFO cinder.rpc [None req-7f0455d3-a901-4679-abf3-bd707baf333b None None] Automatically selected cinder-scheduler RPC version 3.12 as minimum service version.
Jul 26 21:13:23 ubuntu devstack@c-api.service[114612]: INFO cinder.rpc [None req-7f0455d3-a901-4679-abf3-bd707baf333b None None] Automatically selected cinder-volume objects version 1.39 as minimum service version.
Jul 26 21:13:23 ubuntu devstack@c-api.service[114612]: INFO cinder.rpc [None req-7f0455d3-a901-4679-abf3-bd707baf333b None None] Automatically selected cinder-volume RPC version 3.19 as minimum service version.
Jul 26 21:13:23 ubuntu devstack@c-api.service[114612]: WARNING stevedore.named [None req-7f0455d3-a901-4679-abf3-bd707baf333b None None] Could not load cinder.keymgr.conf_key_mgr.ConfKeyManager
Jul 26 21:13:23 ubuntu devstack@c-api.service[114612]: WARNING castellan.key_manager [None req-7f0455d3-a901-4679-abf3-bd707baf333b None None] Deprecation Warning : cinder.keymgr.conf_key_mgr.ConfKeyManager is not a stevedore based driver, trying to load it as a class: stevedore.exception.NoMatches: No 'castellan.drivers' driver found, looking for 'cinder.keymgr.conf_key_mgr.ConfKeyManager'
Jul 26 21:13:23 ubuntu devstack@c-api.service[114612]: WARNING cinder.keymgr.conf_key_mgr [None req-7f0455d3-a901-4679-abf3-bd707baf333b None None] This key manager is insecure and is not recommended for production deployments: stevedore.exception.NoMatches: No 'castellan.drivers' driver found, looking for 'cinder.keymgr.conf_key_mgr.ConfKeyManager'
Jul 26 21:13:23 ubuntu devstack@c-api.service[114612]: DEBUG oslo_db.sqlalchemy.engines [None req-7f0455d3-a901-4679-abf3-bd707baf333b None None] MySQL server mode set to STRICT_TRANS_TABLES,STRICT_ALL_TABLES,NO_ZERO_IN_DATE,NO_ZERO_DATE,ERROR_FOR_DIVISION_BY_ZERO,TRADITIONAL,NO_ENGINE_SUBSTITUTION {{(pid=114612) _check_effective_sql_mode /opt/stack/data/venv/lib/python3.10/site-packages/oslo_db/sqlalchemy/engines.py:342}}
Jul 26 21:13:23 ubuntu devstack@c-api.service[114612]: INFO cinder.rpc [None req-7f0455d3-a901-4679-abf3-bd707baf333b None None] Automatically selected cinder-backup objects version 1.39 as minimum service version.
Jul 26 21:13:23 ubuntu devstack@c-api.service[114612]: INFO cinder.rpc [None req-7f0455d3-a901-4679-abf3-bd707baf333b None None] Automatically selected cinder-backup RPC version 2.4 as minimum service version.
Jul 26 21:13:23 ubuntu devstack@c-api.service[114612]: WARNING stevedore.named [None req-7f0455d3-a901-4679-abf3-bd707baf333b None None] Could not load cinder.keymgr.conf_key_mgr.ConfKeyManager
Jul 26 21:13:23 ubuntu devstack@c-api.service[114612]: WARNING castellan.key_manager [None req-7f0455d3-a901-4679-abf3-bd707baf333b None None] Deprecation Warning : cinder.keymgr.conf_key_mgr.ConfKeyManager is not a stevedore based driver, trying to load it as a class: stevedore.exception.NoMatches: No 'castellan.drivers' driver found, looking for 'cinder.keymgr.conf_key_mgr.ConfKeyManager'
Jul 26 21:13:23 ubuntu devstack@c-api.service[114612]: WARNING stevedore.named [None req-7f0455d3-a901-4679-abf3-bd707baf333b None None] Could not load cinder.keymgr.conf_key_mgr.ConfKeyManager
Jul 26 21:13:23 ubuntu devstack@c-api.service[114612]: WARNING castellan.key_manager [None req-7f0455d3-a901-4679-abf3-bd707baf333b None None] Deprecation Warning : cinder.keymgr.conf_key_mgr.ConfKeyManager is not a stevedore based driver, trying to load it as a class: stevedore.exception.NoMatches: No 'castellan.drivers' driver found, looking for 'cinder.keymgr.conf_key_mgr.ConfKeyManager'
Jul 26 21:13:23 ubuntu devstack@c-api.service[114612]: WARNING stevedore.named [None req-7f0455d3-a901-4679-abf3-bd707baf333b None None] Could not load cinder.keymgr.conf_key_mgr.ConfKeyManager
Jul 26 21:13:23 ubuntu devstack@c-api.service[114612]: WARNING castellan.key_manager [None req-7f0455d3-a901-4679-abf3-bd707baf333b None None] Deprecation Warning : cinder.keymgr.conf_key_mgr.ConfKeyManager is not a stevedore based driver, trying to load it as a class: stevedore.exception.NoMatches: No 'castellan.drivers' driver found, looking for 'cinder.keymgr.conf_key_mgr.ConfKeyManager'
Jul 26 21:13:23 ubuntu devstack@c-api.service[114612]: WARNING stevedore.named [None req-7f0455d3-a901-4679-abf3-bd707baf333b None None] Could not load cinder.keymgr.conf_key_mgr.ConfKeyManager
Jul 26 21:13:23 ubuntu devstack@c-api.service[114612]: WARNING castellan.key_manager [None req-7f0455d3-a901-4679-abf3-bd707baf333b None None] Deprecation Warning : cinder.keymgr.conf_key_mgr.ConfKeyManager is not a stevedore based driver, trying to load it as a class: stevedore.exception.NoMatches: No 'castellan.drivers' driver found, looking for 'cinder.keymgr.conf_key_mgr.ConfKeyManager'
Jul 26 21:13:23 ubuntu devstack@c-api.service[114612]: WARNING stevedore.named [None req-7f0455d3-a901-4679-abf3-bd707baf333b None None] Could not load cinder.keymgr.conf_key_mgr.ConfKeyManager
Jul 26 21:13:23 ubuntu devstack@c-api.service[114612]: WARNING castellan.key_manager [None req-7f0455d3-a901-4679-abf3-bd707baf333b None None] Deprecation Warning : cinder.keymgr.conf_key_mgr.ConfKeyManager is not a stevedore based driver, trying to load it as a class: stevedore.exception.NoMatches: No 'castellan.drivers' driver found, looking for 'cinder.keymgr.conf_key_mgr.ConfKeyManager'
Jul 26 21:13:23 ubuntu devstack@c-api.service[114612]: WARNING stevedore.named [None req-7f0455d3-a901-4679-abf3-bd707baf333b None None] Could not load cinder.keymgr.conf_key_mgr.ConfKeyManager
Jul 26 21:13:23 ubuntu devstack@c-api.service[114612]: WARNING castellan.key_manager [None req-7f0455d3-a901-4679-abf3-bd707baf333b None None] Deprecation Warning : cinder.keymgr.conf_key_mgr.ConfKeyManager is not a stevedore based driver, trying to load it as a class: stevedore.exception.NoMatches: No 'castellan.drivers' driver found, looking for 'cinder.keymgr.conf_key_mgr.ConfKeyManager'
Jul 26 21:13:23 ubuntu devstack@c-api.service[114612]: WARNING stevedore.named [None req-7f0455d3-a901-4679-abf3-bd707baf333b None None] Could not load cinder.keymgr.conf_key_mgr.ConfKeyManager
Jul 26 21:13:23 ubuntu devstack@c-api.service[114612]: WARNING castellan.key_manager [None req-7f0455d3-a901-4679-abf3-bd707baf333b None None] Deprecation Warning : cinder.keymgr.conf_key_mgr.ConfKeyManager is not a stevedore based driver, trying to load it as a class: stevedore.exception.NoMatches: No 'castellan.drivers' driver found, looking for 'cinder.keymgr.conf_key_mgr.ConfKeyManager'
Jul 26 21:13:23 ubuntu devstack@c-api.service[114612]: WARNING stevedore.named [None req-7f0455d3-a901-4679-abf3-bd707baf333b None None] Could not load cinder.keymgr.conf_key_mgr.ConfKeyManager
Jul 26 21:13:23 ubuntu devstack@c-api.service[114612]: WARNING castellan.key_manager [None req-7f0455d3-a901-4679-abf3-bd707baf333b None None] Deprecation Warning : cinder.keymgr.conf_key_mgr.ConfKeyManager is not a stevedore based driver, trying to load it as a class: stevedore.exception.NoMatches: No 'castellan.drivers' driver found, looking for 'cinder.keymgr.conf_key_mgr.ConfKeyManager'
Jul 26 21:13:23 ubuntu devstack@c-api.service[114612]: WARNING stevedore.named [None req-7f0455d3-a901-4679-abf3-bd707baf333b None None] Could not load cinder.keymgr.conf_key_mgr.ConfKeyManager
Jul 26 21:13:23 ubuntu devstack@c-api.service[114612]: WARNING castellan.key_manager [None req-7f0455d3-a901-4679-abf3-bd707baf333b None None] Deprecation Warning : cinder.keymgr.conf_key_mgr.ConfKeyManager is not a stevedore based driver, trying to load it as a class: stevedore.exception.NoMatches: No 'castellan.drivers' driver found, looking for 'cinder.keymgr.conf_key_mgr.ConfKeyManager'
Jul 26 21:13:23 ubuntu devstack@c-api.service[114612]: WARNING stevedore.named [None req-7f0455d3-a901-4679-abf3-bd707baf333b None None] Could not load cinder.keymgr.conf_key_mgr.ConfKeyManager
Jul 26 21:13:23 ubuntu devstack@c-api.service[114612]: WARNING castellan.key_manager [None req-7f0455d3-a901-4679-abf3-bd707baf333b None None] Deprecation Warning : cinder.keymgr.conf_key_mgr.ConfKeyManager is not a stevedore based driver, trying to load it as a class: stevedore.exception.NoMatches: No 'castellan.drivers' driver found, looking for 'cinder.keymgr.conf_key_mgr.ConfKeyManager'
Jul 26 21:13:23 ubuntu devstack@c-api.service[114612]: WARNING stevedore.named [None req-7f0455d3-a901-4679-abf3-bd707baf333b None None] Could not load cinder.keymgr.conf_key_mgr.ConfKeyManager
Jul 26 21:13:23 ubuntu devstack@c-api.service[114612]: WARNING castellan.key_manager [None req-7f0455d3-a901-4679-abf3-bd707baf333b None None] Deprecation Warning : cinder.keymgr.conf_key_mgr.ConfKeyManager is not a stevedore based driver, trying to load it as a class: stevedore.exception.NoMatches: No 'castellan.drivers' driver found, looking for 'cinder.keymgr.conf_key_mgr.ConfKeyManager'
Jul 26 21:13:23 ubuntu devstack@c-api.service[114611]: DEBUG dbcounter [-] [114611] Writer thread running {{(pid=114611) stat_writer /opt/stack/data/venv/lib/python3.10/site-packages/dbcounter.py:102}}
Jul 26 21:13:23 ubuntu devstack@c-api.service[114611]: INFO cinder.rpc [None req-c828a500-16de-4737-9230-d5a542fc0ce3 None None] Automatically selected cinder-scheduler objects version 1.39 as minimum service version.
Jul 26 21:13:23 ubuntu devstack@c-api.service[114612]: WARNING stevedore.named [None req-7f0455d3-a901-4679-abf3-bd707baf333b None None] Could not load cinder.keymgr.conf_key_mgr.ConfKeyManager
Jul 26 21:13:23 ubuntu devstack@c-api.service[114612]: WARNING castellan.key_manager [None req-7f0455d3-a901-4679-abf3-bd707baf333b None None] Deprecation Warning : cinder.keymgr.conf_key_mgr.ConfKeyManager is not a stevedore based driver, trying to load it as a class: stevedore.exception.NoMatches: No 'castellan.drivers' driver found, looking for 'cinder.keymgr.conf_key_mgr.ConfKeyManager'
Jul 26 21:13:23 ubuntu devstack@c-api.service[114612]: WARNING stevedore.named [None req-7f0455d3-a901-4679-abf3-bd707baf333b None None] Could not load cinder.keymgr.conf_key_mgr.ConfKeyManager
Jul 26 21:13:23 ubuntu devstack@c-api.service[114612]: WARNING castellan.key_manager [None req-7f0455d3-a901-4679-abf3-bd707baf333b None None] Deprecation Warning : cinder.keymgr.conf_key_mgr.ConfKeyManager is not a stevedore based driver, trying to load it as a class: stevedore.exception.NoMatches: No 'castellan.drivers' driver found, looking for 'cinder.keymgr.conf_key_mgr.ConfKeyManager'
Jul 26 21:13:23 ubuntu devstack@c-api.service[114611]: INFO cinder.rpc [None req-c828a500-16de-4737-9230-d5a542fc0ce3 None None] Automatically selected cinder-scheduler RPC version 3.12 as minimum service version.
Jul 26 21:13:23 ubuntu devstack@c-api.service[114612]: WARNING stevedore.named [None req-7f0455d3-a901-4679-abf3-bd707baf333b None None] Could not load cinder.keymgr.conf_key_mgr.ConfKeyManager
Jul 26 21:13:23 ubuntu devstack@c-api.service[114612]: WARNING castellan.key_manager [None req-7f0455d3-a901-4679-abf3-bd707baf333b None None] Deprecation Warning : cinder.keymgr.conf_key_mgr.ConfKeyManager is not a stevedore based driver, trying to load it as a class: stevedore.exception.NoMatches: No 'castellan.drivers' driver found, looking for 'cinder.keymgr.conf_key_mgr.ConfKeyManager'
Jul 26 21:13:23 ubuntu devstack@c-api.service[114611]: INFO cinder.rpc [None req-c828a500-16de-4737-9230-d5a542fc0ce3 None None] Automatically selected cinder-volume objects version 1.39 as minimum service version.
Jul 26 21:13:23 ubuntu devstack@c-api.service[114611]: INFO cinder.rpc [None req-c828a500-16de-4737-9230-d5a542fc0ce3 None None] Automatically selected cinder-volume RPC version 3.19 as minimum service version.
Jul 26 21:13:23 ubuntu devstack@c-api.service[114611]: WARNING stevedore.named [None req-c828a500-16de-4737-9230-d5a542fc0ce3 None None] Could not load cinder.keymgr.conf_key_mgr.ConfKeyManager
Jul 26 21:13:23 ubuntu devstack@c-api.service[114611]: WARNING castellan.key_manager [None req-c828a500-16de-4737-9230-d5a542fc0ce3 None None] Deprecation Warning : cinder.keymgr.conf_key_mgr.ConfKeyManager is not a stevedore based driver, trying to load it as a class: stevedore.exception.NoMatches: No 'castellan.drivers' driver found, looking for 'cinder.keymgr.conf_key_mgr.ConfKeyManager'
Jul 26 21:13:23 ubuntu devstack@c-api.service[114612]: WARNING stevedore.named [None req-7f0455d3-a901-4679-abf3-bd707baf333b None None] Could not load cinder.keymgr.conf_key_mgr.ConfKeyManager
Jul 26 21:13:23 ubuntu devstack@c-api.service[114612]: WARNING castellan.key_manager [None req-7f0455d3-a901-4679-abf3-bd707baf333b None None] Deprecation Warning : cinder.keymgr.conf_key_mgr.ConfKeyManager is not a stevedore based driver, trying to load it as a class: stevedore.exception.NoMatches: No 'castellan.drivers' driver found, looking for 'cinder.keymgr.conf_key_mgr.ConfKeyManager'
Jul 26 21:13:23 ubuntu devstack@c-api.service[114611]: WARNING cinder.keymgr.conf_key_mgr [None req-c828a500-16de-4737-9230-d5a542fc0ce3 None None] This key manager is insecure and is not recommended for production deployments: stevedore.exception.NoMatches: No 'castellan.drivers' driver found, looking for 'cinder.keymgr.conf_key_mgr.ConfKeyManager'
Jul 26 21:13:23 ubuntu devstack@c-api.service[114612]: WARNING stevedore.named [None req-7f0455d3-a901-4679-abf3-bd707baf333b None None] Could not load cinder.keymgr.conf_key_mgr.ConfKeyManager
Jul 26 21:13:23 ubuntu devstack@c-api.service[114612]: WARNING castellan.key_manager [None req-7f0455d3-a901-4679-abf3-bd707baf333b None None] Deprecation Warning : cinder.keymgr.conf_key_mgr.ConfKeyManager is not a stevedore based driver, trying to load it as a class: stevedore.exception.NoMatches: No 'castellan.drivers' driver found, looking for 'cinder.keymgr.conf_key_mgr.ConfKeyManager'
Jul 26 21:13:23 ubuntu devstack@c-api.service[114611]: DEBUG oslo_db.sqlalchemy.engines [None req-c828a500-16de-4737-9230-d5a542fc0ce3 None None] MySQL server mode set to STRICT_TRANS_TABLES,STRICT_ALL_TABLES,NO_ZERO_IN_DATE,NO_ZERO_DATE,ERROR_FOR_DIVISION_BY_ZERO,TRADITIONAL,NO_ENGINE_SUBSTITUTION {{(pid=114611) _check_effective_sql_mode /opt/stack/data/venv/lib/python3.10/site-packages/oslo_db/sqlalchemy/engines.py:342}}
Jul 26 21:13:23 ubuntu devstack@c-api.service[114612]: WARNING stevedore.named [None req-7f0455d3-a901-4679-abf3-bd707baf333b None None] Could not load cinder.keymgr.conf_key_mgr.ConfKeyManager
Jul 26 21:13:23 ubuntu devstack@c-api.service[114612]: WARNING castellan.key_manager [None req-7f0455d3-a901-4679-abf3-bd707baf333b None None] Deprecation Warning : cinder.keymgr.conf_key_mgr.ConfKeyManager is not a stevedore based driver, trying to load it as a class: stevedore.exception.NoMatches: No 'castellan.drivers' driver found, looking for 'cinder.keymgr.conf_key_mgr.ConfKeyManager'
Jul 26 21:13:23 ubuntu devstack@c-api.service[114612]: WARNING stevedore.named [None req-7f0455d3-a901-4679-abf3-bd707baf333b None None] Could not load cinder.keymgr.conf_key_mgr.ConfKeyManager
Jul 26 21:13:23 ubuntu devstack@c-api.service[114612]: WARNING castellan.key_manager [None req-7f0455d3-a901-4679-abf3-bd707baf333b None None] Deprecation Warning : cinder.keymgr.conf_key_mgr.ConfKeyManager is not a stevedore based driver, trying to load it as a class: stevedore.exception.NoMatches: No 'castellan.drivers' driver found, looking for 'cinder.keymgr.conf_key_mgr.ConfKeyManager'
Jul 26 21:13:23 ubuntu devstack@c-api.service[114612]: WARNING stevedore.named [None req-7f0455d3-a901-4679-abf3-bd707baf333b None None] Could not load cinder.keymgr.conf_key_mgr.ConfKeyManager
Jul 26 21:13:23 ubuntu devstack@c-api.service[114612]: WARNING castellan.key_manager [None req-7f0455d3-a901-4679-abf3-bd707baf333b None None] Deprecation Warning : cinder.keymgr.conf_key_mgr.ConfKeyManager is not a stevedore based driver, trying to load it as a class: stevedore.exception.NoMatches: No 'castellan.drivers' driver found, looking for 'cinder.keymgr.conf_key_mgr.ConfKeyManager'
Jul 26 21:13:23 ubuntu devstack@c-api.service[114611]: INFO cinder.rpc [None req-c828a500-16de-4737-9230-d5a542fc0ce3 None None] Automatically selected cinder-backup objects version 1.39 as minimum service version.
Jul 26 21:13:23 ubuntu devstack@c-api.service[114612]: WARNING stevedore.named [None req-7f0455d3-a901-4679-abf3-bd707baf333b None None] Could not load cinder.keymgr.conf_key_mgr.ConfKeyManager
Jul 26 21:13:23 ubuntu devstack@c-api.service[114612]: WARNING castellan.key_manager [None req-7f0455d3-a901-4679-abf3-bd707baf333b None None] Deprecation Warning : cinder.keymgr.conf_key_mgr.ConfKeyManager is not a stevedore based driver, trying to load it as a class: stevedore.exception.NoMatches: No 'castellan.drivers' driver found, looking for 'cinder.keymgr.conf_key_mgr.ConfKeyManager'
Jul 26 21:13:23 ubuntu devstack@c-api.service[114612]: WARNING stevedore.named [None req-7f0455d3-a901-4679-abf3-bd707baf333b None None] Could not load cinder.keymgr.conf_key_mgr.ConfKeyManager
Jul 26 21:13:23 ubuntu devstack@c-api.service[114612]: WARNING castellan.key_manager [None req-7f0455d3-a901-4679-abf3-bd707baf333b None None] Deprecation Warning : cinder.keymgr.conf_key_mgr.ConfKeyManager is not a stevedore based driver, trying to load it as a class: stevedore.exception.NoMatches: No 'castellan.drivers' driver found, looking for 'cinder.keymgr.conf_key_mgr.ConfKeyManager'
Jul 26 21:13:23 ubuntu devstack@c-api.service[114612]: WARNING stevedore.named [None req-7f0455d3-a901-4679-abf3-bd707baf333b None None] Could not load cinder.keymgr.conf_key_mgr.ConfKeyManager
Jul 26 21:13:23 ubuntu devstack@c-api.service[114612]: WARNING castellan.key_manager [None req-7f0455d3-a901-4679-abf3-bd707baf333b None None] Deprecation Warning : cinder.keymgr.conf_key_mgr.ConfKeyManager is not a stevedore based driver, trying to load it as a class: stevedore.exception.NoMatches: No 'castellan.drivers' driver found, looking for 'cinder.keymgr.conf_key_mgr.ConfKeyManager'
Jul 26 21:13:23 ubuntu devstack@c-api.service[114611]: INFO cinder.rpc [None req-c828a500-16de-4737-9230-d5a542fc0ce3 None None] Automatically selected cinder-backup RPC version 2.4 as minimum service version.
Jul 26 21:13:23 ubuntu devstack@c-api.service[114611]: WARNING stevedore.named [None req-c828a500-16de-4737-9230-d5a542fc0ce3 None None] Could not load cinder.keymgr.conf_key_mgr.ConfKeyManager
Jul 26 21:13:23 ubuntu devstack@c-api.service[114612]: WARNING cinder.api.contrib.hosts [None req-7f0455d3-a901-4679-abf3-bd707baf333b None None] Deprecated: The Host API is deprecated and will be be removed in a future version.
Jul 26 21:13:23 ubuntu devstack@c-api.service[114612]: WARNING stevedore.named [None req-7f0455d3-a901-4679-abf3-bd707baf333b None None] Could not load cinder.keymgr.conf_key_mgr.ConfKeyManager
Jul 26 21:13:23 ubuntu devstack@c-api.service[114611]: WARNING castellan.key_manager [None req-c828a500-16de-4737-9230-d5a542fc0ce3 None None] Deprecation Warning : cinder.keymgr.conf_key_mgr.ConfKeyManager is not a stevedore based driver, trying to load it as a class: stevedore.exception.NoMatches: No 'castellan.drivers' driver found, looking for 'cinder.keymgr.conf_key_mgr.ConfKeyManager'
Jul 26 21:13:23 ubuntu devstack@c-api.service[114612]: WARNING castellan.key_manager [None req-7f0455d3-a901-4679-abf3-bd707baf333b None None] Deprecation Warning : cinder.keymgr.conf_key_mgr.ConfKeyManager is not a stevedore based driver, trying to load it as a class: stevedore.exception.NoMatches: No 'castellan.drivers' driver found, looking for 'cinder.keymgr.conf_key_mgr.ConfKeyManager'
Jul 26 21:13:23 ubuntu devstack@c-api.service[114612]: WARNING stevedore.named [None req-7f0455d3-a901-4679-abf3-bd707baf333b None None] Could not load cinder.keymgr.conf_key_mgr.ConfKeyManager
Jul 26 21:13:23 ubuntu devstack@c-api.service[114612]: WARNING castellan.key_manager [None req-7f0455d3-a901-4679-abf3-bd707baf333b None None] Deprecation Warning : cinder.keymgr.conf_key_mgr.ConfKeyManager is not a stevedore based driver, trying to load it as a class: stevedore.exception.NoMatches: No 'castellan.drivers' driver found, looking for 'cinder.keymgr.conf_key_mgr.ConfKeyManager'
Jul 26 21:13:23 ubuntu devstack@c-api.service[114612]: DEBUG cinder.api.openstack [None req-7f0455d3-a901-4679-abf3-bd707baf333b None None] Extended resource: extensions {{(pid=114612) _setup_ext_routes /opt/stack/cinder/cinder/api/openstack/__init__.py:129}}
Jul 26 21:13:23 ubuntu devstack@c-api.service[114611]: WARNING stevedore.named [None req-c828a500-16de-4737-9230-d5a542fc0ce3 None None] Could not load cinder.keymgr.conf_key_mgr.ConfKeyManager
Jul 26 21:13:23 ubuntu devstack@c-api.service[114611]: WARNING castellan.key_manager [None req-c828a500-16de-4737-9230-d5a542fc0ce3 None None] Deprecation Warning : cinder.keymgr.conf_key_mgr.ConfKeyManager is not a stevedore based driver, trying to load it as a class: stevedore.exception.NoMatches: No 'castellan.drivers' driver found, looking for 'cinder.keymgr.conf_key_mgr.ConfKeyManager'
Jul 26 21:13:23 ubuntu devstack@c-api.service[114612]: DEBUG cinder.api.openstack [None req-7f0455d3-a901-4679-abf3-bd707baf333b None None] Extended resource: extra_specs {{(pid=114612) _setup_ext_routes /opt/stack/cinder/cinder/api/openstack/__init__.py:129}}
Jul 26 21:13:23 ubuntu devstack@c-api.service[114611]: WARNING stevedore.named [None req-c828a500-16de-4737-9230-d5a542fc0ce3 None None] Could not load cinder.keymgr.conf_key_mgr.ConfKeyManager
Jul 26 21:13:23 ubuntu devstack@c-api.service[114611]: WARNING castellan.key_manager [None req-c828a500-16de-4737-9230-d5a542fc0ce3 None None] Deprecation Warning : cinder.keymgr.conf_key_mgr.ConfKeyManager is not a stevedore based driver, trying to load it as a class: stevedore.exception.NoMatches: No 'castellan.drivers' driver found, looking for 'cinder.keymgr.conf_key_mgr.ConfKeyManager'
Jul 26 21:13:23 ubuntu devstack@c-api.service[114612]: DEBUG cinder.api.openstack [None req-7f0455d3-a901-4679-abf3-bd707baf333b None None] Extended resource: encryption {{(pid=114612) _setup_ext_routes /opt/stack/cinder/cinder/api/openstack/__init__.py:129}}
Jul 26 21:13:23 ubuntu devstack@c-api.service[114612]: DEBUG cinder.api.openstack [None req-7f0455d3-a901-4679-abf3-bd707baf333b None None] Extended resource: cgsnapshots {{(pid=114612) _setup_ext_routes /opt/stack/cinder/cinder/api/openstack/__init__.py:129}}
Jul 26 21:13:23 ubuntu devstack@c-api.service[114612]: DEBUG cinder.api.openstack [None req-7f0455d3-a901-4679-abf3-bd707baf333b None None] Extended resource: capabilities {{(pid=114612) _setup_ext_routes /opt/stack/cinder/cinder/api/openstack/__init__.py:129}}
Jul 26 21:13:23 ubuntu devstack@c-api.service[114612]: DEBUG cinder.api.openstack [None req-7f0455d3-a901-4679-abf3-bd707baf333b None None] Extended resource: consistencygroups {{(pid=114612) _setup_ext_routes /opt/stack/cinder/cinder/api/openstack/__init__.py:129}}
Jul 26 21:13:23 ubuntu devstack@c-api.service[114612]: DEBUG cinder.api.openstack [None req-7f0455d3-a901-4679-abf3-bd707baf333b None None] Extended resource: os-services {{(pid=114612) _setup_ext_routes /opt/stack/cinder/cinder/api/openstack/__init__.py:129}}
Jul 26 21:13:23 ubuntu devstack@c-api.service[114612]: DEBUG cinder.api.openstack [None req-7f0455d3-a901-4679-abf3-bd707baf333b None None] Extended resource: encryption {{(pid=114612) _setup_ext_routes /opt/stack/cinder/cinder/api/openstack/__init__.py:129}}
Jul 26 21:13:23 ubuntu devstack@c-api.service[114611]: WARNING stevedore.named [None req-c828a500-16de-4737-9230-d5a542fc0ce3 None None] Could not load cinder.keymgr.conf_key_mgr.ConfKeyManager
Jul 26 21:13:23 ubuntu devstack@c-api.service[114612]: DEBUG cinder.api.openstack [None req-7f0455d3-a901-4679-abf3-bd707baf333b None None] Extended resource: os-quota-sets {{(pid=114612) _setup_ext_routes /opt/stack/cinder/cinder/api/openstack/__init__.py:129}}
Jul 26 21:13:23 ubuntu devstack@c-api.service[114611]: WARNING castellan.key_manager [None req-c828a500-16de-4737-9230-d5a542fc0ce3 None None] Deprecation Warning : cinder.keymgr.conf_key_mgr.ConfKeyManager is not a stevedore based driver, trying to load it as a class: stevedore.exception.NoMatches: No 'castellan.drivers' driver found, looking for 'cinder.keymgr.conf_key_mgr.ConfKeyManager'
Jul 26 21:13:23 ubuntu devstack@c-api.service[114612]: DEBUG cinder.api.openstack [None req-7f0455d3-a901-4679-abf3-bd707baf333b None None] Extended resource: qos-specs {{(pid=114612) _setup_ext_routes /opt/stack/cinder/cinder/api/openstack/__init__.py:129}}
Jul 26 21:13:23 ubuntu devstack@c-api.service[114611]: WARNING stevedore.named [None req-c828a500-16de-4737-9230-d5a542fc0ce3 None None] Could not load cinder.keymgr.conf_key_mgr.ConfKeyManager
Jul 26 21:13:23 ubuntu devstack@c-api.service[114611]: WARNING castellan.key_manager [None req-c828a500-16de-4737-9230-d5a542fc0ce3 None None] Deprecation Warning : cinder.keymgr.conf_key_mgr.ConfKeyManager is not a stevedore based driver, trying to load it as a class: stevedore.exception.NoMatches: No 'castellan.drivers' driver found, looking for 'cinder.keymgr.conf_key_mgr.ConfKeyManager'
Jul 26 21:13:23 ubuntu devstack@c-api.service[114612]: DEBUG cinder.api.openstack [None req-7f0455d3-a901-4679-abf3-bd707baf333b None None] Extended resource: os-volume-transfer {{(pid=114612) _setup_ext_routes /opt/stack/cinder/cinder/api/openstack/__init__.py:129}}
Jul 26 21:13:23 ubuntu devstack@c-api.service[114612]: DEBUG cinder.api.openstack [None req-7f0455d3-a901-4679-abf3-bd707baf333b None None] Extended resource: os-snapshot-manage {{(pid=114612) _setup_ext_routes /opt/stack/cinder/cinder/api/openstack/__init__.py:129}}
Jul 26 21:13:23 ubuntu devstack@c-api.service[114611]: WARNING stevedore.named [None req-c828a500-16de-4737-9230-d5a542fc0ce3 None None] Could not load cinder.keymgr.conf_key_mgr.ConfKeyManager
Jul 26 21:13:23 ubuntu devstack@c-api.service[114612]: DEBUG cinder.api.openstack [None req-7f0455d3-a901-4679-abf3-bd707baf333b None None] Extended resource: scheduler-stats {{(pid=114612) _setup_ext_routes /opt/stack/cinder/cinder/api/openstack/__init__.py:129}}
Jul 26 21:13:23 ubuntu devstack@c-api.service[114611]: WARNING castellan.key_manager [None req-c828a500-16de-4737-9230-d5a542fc0ce3 None None] Deprecation Warning : cinder.keymgr.conf_key_mgr.ConfKeyManager is not a stevedore based driver, trying to load it as a class: stevedore.exception.NoMatches: No 'castellan.drivers' driver found, looking for 'cinder.keymgr.conf_key_mgr.ConfKeyManager'
Jul 26 21:13:23 ubuntu devstack@c-api.service[114612]: DEBUG cinder.api.openstack [None req-7f0455d3-a901-4679-abf3-bd707baf333b None None] Extended resource: backups {{(pid=114612) _setup_ext_routes /opt/stack/cinder/cinder/api/openstack/__init__.py:129}}
Jul 26 21:13:23 ubuntu devstack@c-api.service[114612]: DEBUG cinder.api.openstack [None req-7f0455d3-a901-4679-abf3-bd707baf333b None None] Extended resource: os-volume-type-access {{(pid=114612) _setup_ext_routes /opt/stack/cinder/cinder/api/openstack/__init__.py:129}}
Jul 26 21:13:23 ubuntu devstack@c-api.service[114611]: WARNING stevedore.named [None req-c828a500-16de-4737-9230-d5a542fc0ce3 None None] Could not load cinder.keymgr.conf_key_mgr.ConfKeyManager
Jul 26 21:13:23 ubuntu devstack@c-api.service[114611]: WARNING castellan.key_manager [None req-c828a500-16de-4737-9230-d5a542fc0ce3 None None] Deprecation Warning : cinder.keymgr.conf_key_mgr.ConfKeyManager is not a stevedore based driver, trying to load it as a class: stevedore.exception.NoMatches: No 'castellan.drivers' driver found, looking for 'cinder.keymgr.conf_key_mgr.ConfKeyManager'
Jul 26 21:13:23 ubuntu devstack@c-api.service[114612]: DEBUG cinder.api.openstack [None req-7f0455d3-a901-4679-abf3-bd707baf333b None None] Extended resource: os-hosts {{(pid=114612) _setup_ext_routes /opt/stack/cinder/cinder/api/openstack/__init__.py:129}}
Jul 26 21:13:23 ubuntu devstack@c-api.service[114612]: DEBUG cinder.api.openstack [None req-7f0455d3-a901-4679-abf3-bd707baf333b None None] Extended resource: os-quota-class-sets {{(pid=114612) _setup_ext_routes /opt/stack/cinder/cinder/api/openstack/__init__.py:129}}
Jul 26 21:13:23 ubuntu devstack@c-api.service[114611]: WARNING stevedore.named [None req-c828a500-16de-4737-9230-d5a542fc0ce3 None None] Could not load cinder.keymgr.conf_key_mgr.ConfKeyManager
Jul 26 21:13:23 ubuntu devstack@c-api.service[114611]: WARNING castellan.key_manager [None req-c828a500-16de-4737-9230-d5a542fc0ce3 None None] Deprecation Warning : cinder.keymgr.conf_key_mgr.ConfKeyManager is not a stevedore based driver, trying to load it as a class: stevedore.exception.NoMatches: No 'castellan.drivers' driver found, looking for 'cinder.keymgr.conf_key_mgr.ConfKeyManager'
Jul 26 21:13:23 ubuntu devstack@c-api.service[114612]: DEBUG cinder.api.openstack [None req-7f0455d3-a901-4679-abf3-bd707baf333b None None] Extended resource: os-volume-manage {{(pid=114612) _setup_ext_routes /opt/stack/cinder/cinder/api/openstack/__init__.py:129}}
Jul 26 21:13:23 ubuntu devstack@c-api.service[114612]: DEBUG cinder.api.openstack [None req-7f0455d3-a901-4679-abf3-bd707baf333b None None] Extended resource: os-availability-zone {{(pid=114612) _setup_ext_routes /opt/stack/cinder/cinder/api/openstack/__init__.py:129}}
Jul 26 21:13:23 ubuntu devstack@c-api.service[114611]: WARNING stevedore.named [None req-c828a500-16de-4737-9230-d5a542fc0ce3 None None] Could not load cinder.keymgr.conf_key_mgr.ConfKeyManager
Jul 26 21:13:23 ubuntu devstack@c-api.service[114611]: WARNING castellan.key_manager [None req-c828a500-16de-4737-9230-d5a542fc0ce3 None None] Deprecation Warning : cinder.keymgr.conf_key_mgr.ConfKeyManager is not a stevedore based driver, trying to load it as a class: stevedore.exception.NoMatches: No 'castellan.drivers' driver found, looking for 'cinder.keymgr.conf_key_mgr.ConfKeyManager'
Jul 26 21:13:23 ubuntu devstack@c-api.service[114612]: WARNING stevedore.named [None req-7f0455d3-a901-4679-abf3-bd707baf333b None None] Could not load cinder.keymgr.conf_key_mgr.ConfKeyManager
Jul 26 21:13:23 ubuntu devstack@c-api.service[114612]: WARNING castellan.key_manager [None req-7f0455d3-a901-4679-abf3-bd707baf333b None None] Deprecation Warning : cinder.keymgr.conf_key_mgr.ConfKeyManager is not a stevedore based driver, trying to load it as a class: stevedore.exception.NoMatches: No 'castellan.drivers' driver found, looking for 'cinder.keymgr.conf_key_mgr.ConfKeyManager'
Jul 26 21:13:23 ubuntu devstack@c-api.service[114612]: WARNING stevedore.named [None req-7f0455d3-a901-4679-abf3-bd707baf333b None None] Could not load cinder.keymgr.conf_key_mgr.ConfKeyManager
Jul 26 21:13:23 ubuntu devstack@c-api.service[114612]: WARNING castellan.key_manager [None req-7f0455d3-a901-4679-abf3-bd707baf333b None None] Deprecation Warning : cinder.keymgr.conf_key_mgr.ConfKeyManager is not a stevedore based driver, trying to load it as a class: stevedore.exception.NoMatches: No 'castellan.drivers' driver found, looking for 'cinder.keymgr.conf_key_mgr.ConfKeyManager'
Jul 26 21:13:23 ubuntu devstack@c-api.service[114612]: WARNING stevedore.named [None req-7f0455d3-a901-4679-abf3-bd707baf333b None None] Could not load cinder.keymgr.conf_key_mgr.ConfKeyManager
Jul 26 21:13:23 ubuntu devstack@c-api.service[114612]: WARNING castellan.key_manager [None req-7f0455d3-a901-4679-abf3-bd707baf333b None None] Deprecation Warning : cinder.keymgr.conf_key_mgr.ConfKeyManager is not a stevedore based driver, trying to load it as a class: stevedore.exception.NoMatches: No 'castellan.drivers' driver found, looking for 'cinder.keymgr.conf_key_mgr.ConfKeyManager'
Jul 26 21:13:23 ubuntu devstack@c-api.service[114611]: WARNING stevedore.named [None req-c828a500-16de-4737-9230-d5a542fc0ce3 None None] Could not load cinder.keymgr.conf_key_mgr.ConfKeyManager
Jul 26 21:13:23 ubuntu devstack@c-api.service[114612]: WARNING stevedore.named [None req-7f0455d3-a901-4679-abf3-bd707baf333b None None] Could not load cinder.keymgr.conf_key_mgr.ConfKeyManager
Jul 26 21:13:23 ubuntu devstack@c-api.service[114612]: WARNING castellan.key_manager [None req-7f0455d3-a901-4679-abf3-bd707baf333b None None] Deprecation Warning : cinder.keymgr.conf_key_mgr.ConfKeyManager is not a stevedore based driver, trying to load it as a class: stevedore.exception.NoMatches: No 'castellan.drivers' driver found, looking for 'cinder.keymgr.conf_key_mgr.ConfKeyManager'
Jul 26 21:13:23 ubuntu devstack@c-api.service[114611]: WARNING castellan.key_manager [None req-c828a500-16de-4737-9230-d5a542fc0ce3 None None] Deprecation Warning : cinder.keymgr.conf_key_mgr.ConfKeyManager is not a stevedore based driver, trying to load it as a class: stevedore.exception.NoMatches: No 'castellan.drivers' driver found, looking for 'cinder.keymgr.conf_key_mgr.ConfKeyManager'
Jul 26 21:13:23 ubuntu devstack@c-api.service[114612]: WARNING stevedore.named [None req-7f0455d3-a901-4679-abf3-bd707baf333b None None] Could not load cinder.keymgr.conf_key_mgr.ConfKeyManager
Jul 26 21:13:23 ubuntu devstack@c-api.service[114612]: WARNING castellan.key_manager [None req-7f0455d3-a901-4679-abf3-bd707baf333b None None] Deprecation Warning : cinder.keymgr.conf_key_mgr.ConfKeyManager is not a stevedore based driver, trying to load it as a class: stevedore.exception.NoMatches: No 'castellan.drivers' driver found, looking for 'cinder.keymgr.conf_key_mgr.ConfKeyManager'
Jul 26 21:13:23 ubuntu devstack@c-api.service[114612]: WARNING stevedore.named [None req-7f0455d3-a901-4679-abf3-bd707baf333b None None] Could not load cinder.keymgr.conf_key_mgr.ConfKeyManager
Jul 26 21:13:23 ubuntu devstack@c-api.service[114612]: WARNING castellan.key_manager [None req-7f0455d3-a901-4679-abf3-bd707baf333b None None] Deprecation Warning : cinder.keymgr.conf_key_mgr.ConfKeyManager is not a stevedore based driver, trying to load it as a class: stevedore.exception.NoMatches: No 'castellan.drivers' driver found, looking for 'cinder.keymgr.conf_key_mgr.ConfKeyManager'
Jul 26 21:13:23 ubuntu devstack@c-api.service[114612]: WARNING stevedore.named [None req-7f0455d3-a901-4679-abf3-bd707baf333b None None] Could not load cinder.keymgr.conf_key_mgr.ConfKeyManager
Jul 26 21:13:23 ubuntu devstack@c-api.service[114611]: WARNING stevedore.named [None req-c828a500-16de-4737-9230-d5a542fc0ce3 None None] Could not load cinder.keymgr.conf_key_mgr.ConfKeyManager
Jul 26 21:13:23 ubuntu devstack@c-api.service[114612]: WARNING castellan.key_manager [None req-7f0455d3-a901-4679-abf3-bd707baf333b None None] Deprecation Warning : cinder.keymgr.conf_key_mgr.ConfKeyManager is not a stevedore based driver, trying to load it as a class: stevedore.exception.NoMatches: No 'castellan.drivers' driver found, looking for 'cinder.keymgr.conf_key_mgr.ConfKeyManager'
Jul 26 21:13:23 ubuntu devstack@c-api.service[114611]: WARNING castellan.key_manager [None req-c828a500-16de-4737-9230-d5a542fc0ce3 None None] Deprecation Warning : cinder.keymgr.conf_key_mgr.ConfKeyManager is not a stevedore based driver, trying to load it as a class: stevedore.exception.NoMatches: No 'castellan.drivers' driver found, looking for 'cinder.keymgr.conf_key_mgr.ConfKeyManager'
Jul 26 21:13:23 ubuntu devstack@c-api.service[114612]: WARNING stevedore.named [None req-7f0455d3-a901-4679-abf3-bd707baf333b None None] Could not load cinder.keymgr.conf_key_mgr.ConfKeyManager
Jul 26 21:13:23 ubuntu devstack@c-api.service[114612]: WARNING castellan.key_manager [None req-7f0455d3-a901-4679-abf3-bd707baf333b None None] Deprecation Warning : cinder.keymgr.conf_key_mgr.ConfKeyManager is not a stevedore based driver, trying to load it as a class: stevedore.exception.NoMatches: No 'castellan.drivers' driver found, looking for 'cinder.keymgr.conf_key_mgr.ConfKeyManager'
Jul 26 21:13:23 ubuntu devstack@c-api.service[114612]: WARNING stevedore.named [None req-7f0455d3-a901-4679-abf3-bd707baf333b None None] Could not load cinder.keymgr.conf_key_mgr.ConfKeyManager
Jul 26 21:13:23 ubuntu devstack@c-api.service[114612]: WARNING castellan.key_manager [None req-7f0455d3-a901-4679-abf3-bd707baf333b None None] Deprecation Warning : cinder.keymgr.conf_key_mgr.ConfKeyManager is not a stevedore based driver, trying to load it as a class: stevedore.exception.NoMatches: No 'castellan.drivers' driver found, looking for 'cinder.keymgr.conf_key_mgr.ConfKeyManager'
Jul 26 21:13:23 ubuntu devstack@c-api.service[114612]: WARNING stevedore.named [None req-7f0455d3-a901-4679-abf3-bd707baf333b None None] Could not load cinder.keymgr.conf_key_mgr.ConfKeyManager
Jul 26 21:13:23 ubuntu devstack@c-api.service[114612]: WARNING castellan.key_manager [None req-7f0455d3-a901-4679-abf3-bd707baf333b None None] Deprecation Warning : cinder.keymgr.conf_key_mgr.ConfKeyManager is not a stevedore based driver, trying to load it as a class: stevedore.exception.NoMatches: No 'castellan.drivers' driver found, looking for 'cinder.keymgr.conf_key_mgr.ConfKeyManager'
Jul 26 21:13:23 ubuntu devstack@c-api.service[114611]: WARNING stevedore.named [None req-c828a500-16de-4737-9230-d5a542fc0ce3 None None] Could not load cinder.keymgr.conf_key_mgr.ConfKeyManager
Jul 26 21:13:23 ubuntu devstack@c-api.service[114612]: DEBUG cinder.api.contrib.snapshot_actions [None req-7f0455d3-a901-4679-abf3-bd707baf333b None None] SnapshotActionsController initialized {{(pid=114612) __init__ /opt/stack/cinder/cinder/api/contrib/snapshot_actions.py:33}}
Jul 26 21:13:23 ubuntu devstack@c-api.service[114611]: WARNING castellan.key_manager [None req-c828a500-16de-4737-9230-d5a542fc0ce3 None None] Deprecation Warning : cinder.keymgr.conf_key_mgr.ConfKeyManager is not a stevedore based driver, trying to load it as a class: stevedore.exception.NoMatches: No 'castellan.drivers' driver found, looking for 'cinder.keymgr.conf_key_mgr.ConfKeyManager'
Jul 26 21:13:23 ubuntu devstack@c-api.service[114612]: DEBUG cinder.api.openstack [None req-7f0455d3-a901-4679-abf3-bd707baf333b None None] Extension AdminActions extending resource: volumes {{(pid=114612) _setup_extensions /opt/stack/cinder/cinder/api/openstack/__init__.py:159}}
Jul 26 21:13:23 ubuntu devstack@c-api.service[114612]: DEBUG cinder.api.openstack [None req-7f0455d3-a901-4679-abf3-bd707baf333b None None] Extension AdminActions extending resource: snapshots {{(pid=114612) _setup_extensions /opt/stack/cinder/cinder/api/openstack/__init__.py:159}}
Jul 26 21:13:23 ubuntu devstack@c-api.service[114612]: DEBUG cinder.api.openstack [None req-7f0455d3-a901-4679-abf3-bd707baf333b None None] Extension AdminActions extending resource: backups {{(pid=114612) _setup_extensions /opt/stack/cinder/cinder/api/openstack/__init__.py:159}}
Jul 26 21:13:23 ubuntu devstack@c-api.service[114612]: DEBUG cinder.api.openstack [None req-7f0455d3-a901-4679-abf3-bd707baf333b None None] Extension SnapshotUnmanage extending resource: snapshots {{(pid=114612) _setup_extensions /opt/stack/cinder/cinder/api/openstack/__init__.py:159}}
Jul 26 21:13:23 ubuntu devstack@c-api.service[114612]: DEBUG cinder.api.openstack [None req-7f0455d3-a901-4679-abf3-bd707baf333b None None] Extension VolumeActions extending resource: volumes {{(pid=114612) _setup_extensions /opt/stack/cinder/cinder/api/openstack/__init__.py:159}}
Jul 26 21:13:23 ubuntu devstack@c-api.service[114612]: DEBUG cinder.api.openstack [None req-7f0455d3-a901-4679-abf3-bd707baf333b None None] Extension VolumeTypeEncryption extending resource: types {{(pid=114612) _setup_extensions /opt/stack/cinder/cinder/api/openstack/__init__.py:159}}
Jul 26 21:13:23 ubuntu devstack@c-api.service[114612]: DEBUG cinder.api.openstack [None req-7f0455d3-a901-4679-abf3-bd707baf333b None None] Extension VolumeMigStatusAttribute extending resource: volumes {{(pid=114612) _setup_extensions /opt/stack/cinder/cinder/api/openstack/__init__.py:159}}
Jul 26 21:13:23 ubuntu devstack@c-api.service[114612]: DEBUG cinder.api.openstack [None req-7f0455d3-a901-4679-abf3-bd707baf333b None None] Extension VolumeUnmanage extending resource: volumes {{(pid=114612) _setup_extensions /opt/stack/cinder/cinder/api/openstack/__init__.py:159}}
Jul 26 21:13:23 ubuntu devstack@c-api.service[114611]: WARNING stevedore.named [None req-c828a500-16de-4737-9230-d5a542fc0ce3 None None] Could not load cinder.keymgr.conf_key_mgr.ConfKeyManager
