Dec 26 10:44:24 ubuntu devstack@g-api.service[118861]: DEBUG glance.api.middleware.version_negotiation [None req-c8ec0d19-84ee-413d-b17c-d30050988a66 tempest-ImageDependencyTests-899052110 tempest-ImageDependencyTests-899052110-project-member] Determining version of request: GET /v2/images/60fa6618-8baf-4193-8dc8-e223b78d0571 Accept: */* {{(pid=118861) process_request /opt/stack/glance/glance/api/middleware/version_negotiation.py:44}}
Dec 26 10:44:24 ubuntu devstack@g-api.service[118861]: DEBUG glance.api.middleware.version_negotiation [None req-c8ec0d19-84ee-413d-b17c-d30050988a66 tempest-ImageDependencyTests-899052110 tempest-ImageDependencyTests-899052110-project-member] Using url versioning {{(pid=118861) process_request /opt/stack/glance/glance/api/middleware/version_negotiation.py:57}}
Dec 26 10:44:24 ubuntu devstack@g-api.service[118861]: DEBUG glance.api.middleware.version_negotiation [None req-c8ec0d19-84ee-413d-b17c-d30050988a66 tempest-ImageDependencyTests-899052110 tempest-ImageDependencyTests-899052110-project-member] Matched version: v2 {{(pid=118861) process_request /opt/stack/glance/glance/api/middleware/version_negotiation.py:69}}
Dec 26 10:44:24 ubuntu devstack@g-api.service[118861]: DEBUG glance.api.middleware.version_negotiation [None req-c8ec0d19-84ee-413d-b17c-d30050988a66 tempest-ImageDependencyTests-899052110 tempest-ImageDependencyTests-899052110-project-member] new path /v2/images/60fa6618-8baf-4193-8dc8-e223b78d0571 {{(pid=118861) process_request /opt/stack/glance/glance/api/middleware/version_negotiation.py:70}}
Dec 26 10:44:24 ubuntu devstack@g-api.service[118863]: [pid: 118863|app: 0|req: 25/48] 127.0.0.1 () {42 vars in 1055 bytes} [Thu Dec 26 10:44:24 2024] GET /v2/images/60fa6618-8baf-4193-8dc8-e223b78d0571/file => generated 1024 bytes in 29 msecs (HTTP/1.1 200) 5 headers in 213 bytes (1 switches on core 0)
Dec 26 10:44:24 ubuntu devstack@g-api.service[118861]: [pid: 118861|app: 0|req: 24/49] 127.0.0.1 () {42 vars in 1045 bytes} [Thu Dec 26 10:44:24 2024] GET /v2/images/60fa6618-8baf-4193-8dc8-e223b78d0571 => generated 808 bytes in 18 msecs (HTTP/1.1 200) 4 headers in 157 bytes (1 switches on core 0)
Dec 26 10:44:24 ubuntu devstack@g-api.service[118863]: DEBUG glance.api.middleware.version_negotiation [None req-c8ec0d19-84ee-413d-b17c-d30050988a66 tempest-ImageDependencyTests-899052110 tempest-ImageDependencyTests-899052110-project-member] Determining version of request: GET /v2/schemas/image Accept: */* {{(pid=118863) process_request /opt/stack/glance/glance/api/middleware/version_negotiation.py:44}}
Dec 26 10:44:24 ubuntu devstack@g-api.service[118863]: DEBUG glance.api.middleware.version_negotiation [None req-c8ec0d19-84ee-413d-b17c-d30050988a66 tempest-ImageDependencyTests-899052110 tempest-ImageDependencyTests-899052110-project-member] Using url versioning {{(pid=118863) process_request /opt/stack/glance/glance/api/middleware/version_negotiation.py:57}}
Dec 26 10:44:24 ubuntu devstack@g-api.service[118863]: DEBUG glance.api.middleware.version_negotiation [None req-c8ec0d19-84ee-413d-b17c-d30050988a66 tempest-ImageDependencyTests-899052110 tempest-ImageDependencyTests-899052110-project-member] Matched version: v2 {{(pid=118863) process_request /opt/stack/glance/glance/api/middleware/version_negotiation.py:69}}
Dec 26 10:44:24 ubuntu devstack@g-api.service[118863]: DEBUG glance.api.middleware.version_negotiation [None req-c8ec0d19-84ee-413d-b17c-d30050988a66 tempest-ImageDependencyTests-899052110 tempest-ImageDependencyTests-899052110-project-member] new path /v2/schemas/image {{(pid=118863) process_request /opt/stack/glance/glance/api/middleware/version_negotiation.py:70}}
Dec 26 10:44:24 ubuntu devstack@g-api.service[118863]: [pid: 118863|app: 0|req: 26/50] 127.0.0.1 () {42 vars in 985 bytes} [Thu Dec 26 10:44:24 2024] GET /v2/schemas/image => generated 6083 bytes in 8 msecs (HTTP/1.1 200) 4 headers in 158 bytes (1 switches on core 0)
Dec 26 10:44:25 ubuntu devstack@g-api.service[118861]: DEBUG glance.api.middleware.version_negotiation [None req-c8ec0d19-84ee-413d-b17c-d30050988a66 tempest-ImageDependencyTests-899052110 tempest-ImageDependencyTests-899052110-project-member] Determining version of request: GET /v2/images/60fa6618-8baf-4193-8dc8-e223b78d0571 Accept: */* {{(pid=118861) process_request /opt/stack/glance/glance/api/middleware/version_negotiation.py:44}}
Dec 26 10:44:25 ubuntu devstack@g-api.service[118861]: DEBUG glance.api.middleware.version_negotiation [None req-c8ec0d19-84ee-413d-b17c-d30050988a66 tempest-ImageDependencyTests-899052110 tempest-ImageDependencyTests-899052110-project-member] Using url versioning {{(pid=118861) process_request /opt/stack/glance/glance/api/middleware/version_negotiation.py:57}}
Dec 26 10:44:25 ubuntu devstack@g-api.service[118861]: DEBUG glance.api.middleware.version_negotiation [None req-c8ec0d19-84ee-413d-b17c-d30050988a66 tempest-ImageDependencyTests-899052110 tempest-ImageDependencyTests-899052110-project-member] Matched version: v2 {{(pid=118861) process_request /opt/stack/glance/glance/api/middleware/version_negotiation.py:69}}
Dec 26 10:44:25 ubuntu devstack@g-api.service[118861]: DEBUG glance.api.middleware.version_negotiation [None req-c8ec0d19-84ee-413d-b17c-d30050988a66 tempest-ImageDependencyTests-899052110 tempest-ImageDependencyTests-899052110-project-member] new path /v2/images/60fa6618-8baf-4193-8dc8-e223b78d0571 {{(pid=118861) process_request /opt/stack/glance/glance/api/middleware/version_negotiation.py:70}}
Dec 26 10:44:25 ubuntu devstack@g-api.service[118861]: [pid: 118861|app: 0|req: 25/51] 127.0.0.1 () {42 vars in 1045 bytes} [Thu Dec 26 10:44:25 2024] GET /v2/images/60fa6618-8baf-4193-8dc8-e223b78d0571 => generated 808 bytes in 14 msecs (HTTP/1.1 200) 4 headers in 157 bytes (1 switches on core 0)
Dec 26 10:44:25 ubuntu devstack@g-api.service[118863]: DEBUG glance.api.middleware.version_negotiation [None req-c8ec0d19-84ee-413d-b17c-d30050988a66 tempest-ImageDependencyTests-899052110 tempest-ImageDependencyTests-899052110-project-member] Determining version of request: GET /v2/schemas/image Accept: */* {{(pid=118863) process_request /opt/stack/glance/glance/api/middleware/version_negotiation.py:44}}
Dec 26 10:44:25 ubuntu devstack@g-api.service[118863]: DEBUG glance.api.middleware.version_negotiation [None req-c8ec0d19-84ee-413d-b17c-d30050988a66 tempest-ImageDependencyTests-899052110 tempest-ImageDependencyTests-899052110-project-member] Using url versioning {{(pid=118863) process_request /opt/stack/glance/glance/api/middleware/version_negotiation.py:57}}
Dec 26 10:44:25 ubuntu devstack@g-api.service[118863]: DEBUG glance.api.middleware.version_negotiation [None req-c8ec0d19-84ee-413d-b17c-d30050988a66 tempest-ImageDependencyTests-899052110 tempest-ImageDependencyTests-899052110-project-member] Matched version: v2 {{(pid=118863) process_request /opt/stack/glance/glance/api/middleware/version_negotiation.py:69}}
Dec 26 10:44:25 ubuntu devstack@g-api.service[118863]: DEBUG glance.api.middleware.version_negotiation [None req-c8ec0d19-84ee-413d-b17c-d30050988a66 tempest-ImageDependencyTests-899052110 tempest-ImageDependencyTests-899052110-project-member] new path /v2/schemas/image {{(pid=118863) process_request /opt/stack/glance/glance/api/middleware/version_negotiation.py:70}}
Dec 26 10:44:25 ubuntu devstack@g-api.service[118863]: [pid: 118863|app: 0|req: 27/52] 127.0.0.1 () {42 vars in 985 bytes} [Thu Dec 26 10:44:25 2024] GET /v2/schemas/image => generated 6083 bytes in 7 msecs (HTTP/1.1 200) 4 headers in 158 bytes (1 switches on core 0)
Dec 26 10:44:25 ubuntu devstack@g-api.service[118861]: DEBUG glance.api.middleware.version_negotiation [None req-c8ec0d19-84ee-413d-b17c-d30050988a66 tempest-ImageDependencyTests-899052110 tempest-ImageDependencyTests-899052110-project-member] Determining version of request: GET /v2/images/60fa6618-8baf-4193-8dc8-e223b78d0571 Accept: */* {{(pid=118861) process_request /opt/stack/glance/glance/api/middleware/version_negotiation.py:44}}
Dec 26 10:44:25 ubuntu devstack@g-api.service[118861]: DEBUG glance.api.middleware.version_negotiation [None req-c8ec0d19-84ee-413d-b17c-d30050988a66 tempest-ImageDependencyTests-899052110 tempest-ImageDependencyTests-899052110-project-member] Using url versioning {{(pid=118861) process_request /opt/stack/glance/glance/api/middleware/version_negotiation.py:57}}
Dec 26 10:44:25 ubuntu devstack@g-api.service[118861]: DEBUG glance.api.middleware.version_negotiation [None req-c8ec0d19-84ee-413d-b17c-d30050988a66 tempest-ImageDependencyTests-899052110 tempest-ImageDependencyTests-899052110-project-member] Matched version: v2 {{(pid=118861) process_request /opt/stack/glance/glance/api/middleware/version_negotiation.py:69}}
Dec 26 10:44:25 ubuntu devstack@g-api.service[118861]: DEBUG glance.api.middleware.version_negotiation [None req-c8ec0d19-84ee-413d-b17c-d30050988a66 tempest-ImageDependencyTests-899052110 tempest-ImageDependencyTests-899052110-project-member] new path /v2/images/60fa6618-8baf-4193-8dc8-e223b78d0571 {{(pid=118861) process_request /opt/stack/glance/glance/api/middleware/version_negotiation.py:70}}
Dec 26 10:44:25 ubuntu devstack@g-api.service[118861]: [pid: 118861|app: 0|req: 26/53] 127.0.0.1 () {42 vars in 1045 bytes} [Thu Dec 26 10:44:25 2024] GET /v2/images/60fa6618-8baf-4193-8dc8-e223b78d0571 => generated 808 bytes in 12 msecs (HTTP/1.1 200) 4 headers in 157 bytes (1 switches on core 0)
Dec 26 10:44:25 ubuntu devstack@g-api.service[118863]: DEBUG glance.api.middleware.version_negotiation [None req-c8ec0d19-84ee-413d-b17c-d30050988a66 tempest-ImageDependencyTests-899052110 tempest-ImageDependencyTests-899052110-project-member] Determining version of request: GET /v2/schemas/image Accept: */* {{(pid=118863) process_request /opt/stack/glance/glance/api/middleware/version_negotiation.py:44}}
Dec 26 10:44:25 ubuntu devstack@g-api.service[118863]: DEBUG glance.api.middleware.version_negotiation [None req-c8ec0d19-84ee-413d-b17c-d30050988a66 tempest-ImageDependencyTests-899052110 tempest-ImageDependencyTests-899052110-project-member] Using url versioning {{(pid=118863) process_request /opt/stack/glance/glance/api/middleware/version_negotiation.py:57}}
Dec 26 10:44:25 ubuntu devstack@g-api.service[118863]: DEBUG glance.api.middleware.version_negotiation [None req-c8ec0d19-84ee-413d-b17c-d30050988a66 tempest-ImageDependencyTests-899052110 tempest-ImageDependencyTests-899052110-project-member] Matched version: v2 {{(pid=118863) process_request /opt/stack/glance/glance/api/middleware/version_negotiation.py:69}}
Dec 26 10:44:25 ubuntu devstack@g-api.service[118863]: DEBUG glance.api.middleware.version_negotiation [None req-c8ec0d19-84ee-413d-b17c-d30050988a66 tempest-ImageDependencyTests-899052110 tempest-ImageDependencyTests-899052110-project-member] new path /v2/schemas/image {{(pid=118863) process_request /opt/stack/glance/glance/api/middleware/version_negotiation.py:70}}
Dec 26 10:44:25 ubuntu devstack@g-api.service[118863]: [pid: 118863|app: 0|req: 28/54] 127.0.0.1 () {42 vars in 985 bytes} [Thu Dec 26 10:44:25 2024] GET /v2/schemas/image => generated 6083 bytes in 8 msecs (HTTP/1.1 200) 4 headers in 158 bytes (1 switches on core 0)
Dec 26 10:44:25 ubuntu devstack@g-api.service[118861]: DEBUG glance.api.middleware.version_negotiation [None req-c8ec0d19-84ee-413d-b17c-d30050988a66 tempest-ImageDependencyTests-899052110 tempest-ImageDependencyTests-899052110-project-member] Determining version of request: GET /v2/images/60fa6618-8baf-4193-8dc8-e223b78d0571 Accept: */* {{(pid=118861) process_request /opt/stack/glance/glance/api/middleware/version_negotiation.py:44}}
Dec 26 10:44:25 ubuntu devstack@g-api.service[118861]: DEBUG glance.api.middleware.version_negotiation [None req-c8ec0d19-84ee-413d-b17c-d30050988a66 tempest-ImageDependencyTests-899052110 tempest-ImageDependencyTests-899052110-project-member] Using url versioning {{(pid=118861) process_request /opt/stack/glance/glance/api/middleware/version_negotiation.py:57}}
Dec 26 10:44:25 ubuntu devstack@g-api.service[118861]: DEBUG glance.api.middleware.version_negotiation [None req-c8ec0d19-84ee-413d-b17c-d30050988a66 tempest-ImageDependencyTests-899052110 tempest-ImageDependencyTests-899052110-project-member] Matched version: v2 {{(pid=118861) process_request /opt/stack/glance/glance/api/middleware/version_negotiation.py:69}}
Dec 26 10:44:25 ubuntu devstack@g-api.service[118861]: DEBUG glance.api.middleware.version_negotiation [None req-c8ec0d19-84ee-413d-b17c-d30050988a66 tempest-ImageDependencyTests-899052110 tempest-ImageDependencyTests-899052110-project-member] new path /v2/images/60fa6618-8baf-4193-8dc8-e223b78d0571 {{(pid=118861) process_request /opt/stack/glance/glance/api/middleware/version_negotiation.py:70}}
Dec 26 10:44:25 ubuntu devstack@g-api.service[118861]: [pid: 118861|app: 0|req: 27/55] 127.0.0.1 () {42 vars in 1045 bytes} [Thu Dec 26 10:44:25 2024] GET /v2/images/60fa6618-8baf-4193-8dc8-e223b78d0571 => generated 808 bytes in 11 msecs (HTTP/1.1 200) 4 headers in 157 bytes (1 switches on core 0)
Dec 26 10:44:25 ubuntu devstack@g-api.service[118863]: DEBUG glance.api.middleware.version_negotiation [None req-c8ec0d19-84ee-413d-b17c-d30050988a66 tempest-ImageDependencyTests-899052110 tempest-ImageDependencyTests-899052110-project-member] Determining version of request: GET /v2/schemas/image Accept: */* {{(pid=118863) process_request /opt/stack/glance/glance/api/middleware/version_negotiation.py:44}}
Dec 26 10:44:25 ubuntu devstack@g-api.service[118863]: DEBUG glance.api.middleware.version_negotiation [None req-c8ec0d19-84ee-413d-b17c-d30050988a66 tempest-ImageDependencyTests-899052110 tempest-ImageDependencyTests-899052110-project-member] Using url versioning {{(pid=118863) process_request /opt/stack/glance/glance/api/middleware/version_negotiation.py:57}}
Dec 26 10:44:25 ubuntu devstack@g-api.service[118863]: DEBUG glance.api.middleware.version_negotiation [None req-c8ec0d19-84ee-413d-b17c-d30050988a66 tempest-ImageDependencyTests-899052110 tempest-ImageDependencyTests-899052110-project-member] Matched version: v2 {{(pid=118863) process_request /opt/stack/glance/glance/api/middleware/version_negotiation.py:69}}
Dec 26 10:44:25 ubuntu devstack@g-api.service[118863]: DEBUG glance.api.middleware.version_negotiation [None req-c8ec0d19-84ee-413d-b17c-d30050988a66 tempest-ImageDependencyTests-899052110 tempest-ImageDependencyTests-899052110-project-member] new path /v2/schemas/image {{(pid=118863) process_request /opt/stack/glance/glance/api/middleware/version_negotiation.py:70}}
Dec 26 10:44:25 ubuntu devstack@g-api.service[118863]: [pid: 118863|app: 0|req: 29/56] 127.0.0.1 () {42 vars in 985 bytes} [Thu Dec 26 10:44:25 2024] GET /v2/schemas/image => generated 6083 bytes in 5 msecs (HTTP/1.1 200) 4 headers in 158 bytes (1 switches on core 0)
Dec 26 10:44:25 ubuntu devstack@g-api.service[118861]: DEBUG glance.api.middleware.version_negotiation [None req-c8ec0d19-84ee-413d-b17c-d30050988a66 tempest-ImageDependencyTests-899052110 tempest-ImageDependencyTests-899052110-project-member] Determining version of request: GET /v2/schemas/image Accept: */* {{(pid=118861) process_request /opt/stack/glance/glance/api/middleware/version_negotiation.py:44}}
Dec 26 10:44:25 ubuntu devstack@g-api.service[118861]: DEBUG glance.api.middleware.version_negotiation [None req-c8ec0d19-84ee-413d-b17c-d30050988a66 tempest-ImageDependencyTests-899052110 tempest-ImageDependencyTests-899052110-project-member] Using url versioning {{(pid=118861) process_request /opt/stack/glance/glance/api/middleware/version_negotiation.py:57}}
Dec 26 10:44:25 ubuntu devstack@g-api.service[118861]: DEBUG glance.api.middleware.version_negotiation [None req-c8ec0d19-84ee-413d-b17c-d30050988a66 tempest-ImageDependencyTests-899052110 tempest-ImageDependencyTests-899052110-project-member] Matched version: v2 {{(pid=118861) process_request /opt/stack/glance/glance/api/middleware/version_negotiation.py:69}}
Dec 26 10:44:25 ubuntu devstack@g-api.service[118861]: DEBUG glance.api.middleware.version_negotiation [None req-c8ec0d19-84ee-413d-b17c-d30050988a66 tempest-ImageDependencyTests-899052110 tempest-ImageDependencyTests-899052110-project-member] new path /v2/schemas/image {{(pid=118861) process_request /opt/stack/glance/glance/api/middleware/version_negotiation.py:70}}
Dec 26 10:44:25 ubuntu devstack@g-api.service[118861]: [pid: 118861|app: 0|req: 28/57] 127.0.0.1 () {42 vars in 985 bytes} [Thu Dec 26 10:44:25 2024] GET /v2/schemas/image => generated 6083 bytes in 2 msecs (HTTP/1.1 200) 4 headers in 158 bytes (1 switches on core 0)
Dec 26 10:44:25 ubuntu devstack@g-api.service[118863]: DEBUG glance.api.middleware.version_negotiation [None req-c8ec0d19-84ee-413d-b17c-d30050988a66 tempest-ImageDependencyTests-899052110 tempest-ImageDependencyTests-899052110-project-member] Determining version of request: GET /v2/images/60fa6618-8baf-4193-8dc8-e223b78d0571 Accept: */* {{(pid=118863) process_request /opt/stack/glance/glance/api/middleware/version_negotiation.py:44}}
Dec 26 10:44:25 ubuntu devstack@g-api.service[118863]: DEBUG glance.api.middleware.version_negotiation [None req-c8ec0d19-84ee-413d-b17c-d30050988a66 tempest-ImageDependencyTests-899052110 tempest-ImageDependencyTests-899052110-project-member] Using url versioning {{(pid=118863) process_request /opt/stack/glance/glance/api/middleware/version_negotiation.py:57}}
Dec 26 10:44:25 ubuntu devstack@g-api.service[118863]: DEBUG glance.api.middleware.version_negotiation [None req-c8ec0d19-84ee-413d-b17c-d30050988a66 tempest-ImageDependencyTests-899052110 tempest-ImageDependencyTests-899052110-project-member] Matched version: v2 {{(pid=118863) process_request /opt/stack/glance/glance/api/middleware/version_negotiation.py:69}}
Dec 26 10:44:25 ubuntu devstack@g-api.service[118863]: DEBUG glance.api.middleware.version_negotiation [None req-c8ec0d19-84ee-413d-b17c-d30050988a66 tempest-ImageDependencyTests-899052110 tempest-ImageDependencyTests-899052110-project-member] new path /v2/images/60fa6618-8baf-4193-8dc8-e223b78d0571 {{(pid=118863) process_request /opt/stack/glance/glance/api/middleware/version_negotiation.py:70}}
Dec 26 10:44:25 ubuntu devstack@g-api.service[118863]: [pid: 118863|app: 0|req: 30/58] 127.0.0.1 () {42 vars in 1045 bytes} [Thu Dec 26 10:44:25 2024] GET /v2/images/60fa6618-8baf-4193-8dc8-e223b78d0571 => generated 808 bytes in 8 msecs (HTTP/1.1 200) 4 headers in 157 bytes (1 switches on core 0)
Dec 26 10:44:25 ubuntu devstack@g-api.service[118861]: DEBUG glance.api.middleware.version_negotiation [None req-c8ec0d19-84ee-413d-b17c-d30050988a66 tempest-ImageDependencyTests-899052110 tempest-ImageDependencyTests-899052110-project-member] Determining version of request: GET /v2/images/60fa6618-8baf-4193-8dc8-e223b78d0571/file Accept: */* {{(pid=118861) process_request /opt/stack/glance/glance/api/middleware/version_negotiation.py:44}}
Dec 26 10:44:25 ubuntu devstack@g-api.service[118861]: DEBUG glance.api.middleware.version_negotiation [None req-c8ec0d19-84ee-413d-b17c-d30050988a66 tempest-ImageDependencyTests-899052110 tempest-ImageDependencyTests-899052110-project-member] Using url versioning {{(pid=118861) process_request /opt/stack/glance/glance/api/middleware/version_negotiation.py:57}}
Dec 26 10:44:25 ubuntu devstack@g-api.service[118861]: DEBUG glance.api.middleware.version_negotiation [None req-c8ec0d19-84ee-413d-b17c-d30050988a66 tempest-ImageDependencyTests-899052110 tempest-ImageDependencyTests-899052110-project-member] Matched version: v2 {{(pid=118861) process_request /opt/stack/glance/glance/api/middleware/version_negotiation.py:69}}
Dec 26 10:44:25 ubuntu devstack@g-api.service[118861]: DEBUG glance.api.middleware.version_negotiation [None req-c8ec0d19-84ee-413d-b17c-d30050988a66 tempest-ImageDependencyTests-899052110 tempest-ImageDependencyTests-899052110-project-member] new path /v2/images/60fa6618-8baf-4193-8dc8-e223b78d0571/file {{(pid=118861) process_request /opt/stack/glance/glance/api/middleware/version_negotiation.py:70}}
Dec 26 10:44:25 ubuntu devstack@g-api.service[118861]: DEBUG glance.api.middleware.cache [None req-c8ec0d19-84ee-413d-b17c-d30050988a66 tempest-ImageDependencyTests-899052110 tempest-ImageDependencyTests-899052110-project-member] Cache hit for image '60fa6618-8baf-4193-8dc8-e223b78d0571' {{(pid=118861) process_request /opt/stack/glance/glance/api/middleware/cache.py:160}}
Dec 26 10:44:25 ubuntu devstack@g-api.service[118863]: DEBUG glance.api.middleware.version_negotiation [None req-c8ec0d19-84ee-413d-b17c-d30050988a66 tempest-ImageDependencyTests-899052110 tempest-ImageDependencyTests-899052110-project-member] Determining version of request: GET /v2/images/60fa6618-8baf-4193-8dc8-e223b78d0571 Accept: */* {{(pid=118863) process_request /opt/stack/glance/glance/api/middleware/version_negotiation.py:44}}
Dec 26 10:44:25 ubuntu devstack@g-api.service[118863]: DEBUG glance.api.middleware.version_negotiation [None req-c8ec0d19-84ee-413d-b17c-d30050988a66 tempest-ImageDependencyTests-899052110 tempest-ImageDependencyTests-899052110-project-member] Using url versioning {{(pid=118863) process_request /opt/stack/glance/glance/api/middleware/version_negotiation.py:57}}
Dec 26 10:44:25 ubuntu devstack@g-api.service[118863]: DEBUG glance.api.middleware.version_negotiation [None req-c8ec0d19-84ee-413d-b17c-d30050988a66 tempest-ImageDependencyTests-899052110 tempest-ImageDependencyTests-899052110-project-member] Matched version: v2 {{(pid=118863) process_request /opt/stack/glance/glance/api/middleware/version_negotiation.py:69}}
Dec 26 10:44:25 ubuntu devstack@g-api.service[118863]: DEBUG glance.api.middleware.version_negotiation [None req-c8ec0d19-84ee-413d-b17c-d30050988a66 tempest-ImageDependencyTests-899052110 tempest-ImageDependencyTests-899052110-project-member] new path /v2/images/60fa6618-8baf-4193-8dc8-e223b78d0571 {{(pid=118863) process_request /opt/stack/glance/glance/api/middleware/version_negotiation.py:70}}
Dec 26 10:44:25 ubuntu devstack@g-api.service[118861]: [pid: 118861|app: 0|req: 29/59] 127.0.0.1 () {42 vars in 1055 bytes} [Thu Dec 26 10:44:25 2024] GET /v2/images/60fa6618-8baf-4193-8dc8-e223b78d0571/file => generated 1024 bytes in 25 msecs (HTTP/1.1 200) 5 headers in 213 bytes (1 switches on core 0)
Dec 26 10:44:25 ubuntu devstack@g-api.service[118863]: [pid: 118863|app: 0|req: 31/60] 127.0.0.1 () {42 vars in 1045 bytes} [Thu Dec 26 10:44:25 2024] GET /v2/images/60fa6618-8baf-4193-8dc8-e223b78d0571 => generated 808 bytes in 8 msecs (HTTP/1.1 200) 4 headers in 157 bytes (1 switches on core 0)
Dec 26 10:44:25 ubuntu devstack@g-api.service[118861]: DEBUG glance.api.middleware.version_negotiation [None req-c8ec0d19-84ee-413d-b17c-d30050988a66 tempest-ImageDependencyTests-899052110 tempest-ImageDependencyTests-899052110-project-member] Determining version of request: GET /v2/schemas/image Accept: */* {{(pid=118861) process_request /opt/stack/glance/glance/api/middleware/version_negotiation.py:44}}
Dec 26 10:44:25 ubuntu devstack@g-api.service[118861]: DEBUG glance.api.middleware.version_negotiation [None req-c8ec0d19-84ee-413d-b17c-d30050988a66 tempest-ImageDependencyTests-899052110 tempest-ImageDependencyTests-899052110-project-member] Using url versioning {{(pid=118861) process_request /opt/stack/glance/glance/api/middleware/version_negotiation.py:57}}
Dec 26 10:44:25 ubuntu devstack@g-api.service[118861]: DEBUG glance.api.middleware.version_negotiation [None req-c8ec0d19-84ee-413d-b17c-d30050988a66 tempest-ImageDependencyTests-899052110 tempest-ImageDependencyTests-899052110-project-member] Matched version: v2 {{(pid=118861) process_request /opt/stack/glance/glance/api/middleware/version_negotiation.py:69}}
Dec 26 10:44:25 ubuntu devstack@g-api.service[118861]: DEBUG glance.api.middleware.version_negotiation [None req-c8ec0d19-84ee-413d-b17c-d30050988a66 tempest-ImageDependencyTests-899052110 tempest-ImageDependencyTests-899052110-project-member] new path /v2/schemas/image {{(pid=118861) process_request /opt/stack/glance/glance/api/middleware/version_negotiation.py:70}}
Dec 26 10:44:25 ubuntu devstack@g-api.service[118861]: [pid: 118861|app: 0|req: 30/61] 127.0.0.1 () {42 vars in 985 bytes} [Thu Dec 26 10:44:25 2024] GET /v2/schemas/image => generated 6083 bytes in 3 msecs (HTTP/1.1 200) 4 headers in 158 bytes (1 switches on core 0)
Dec 26 10:44:26 ubuntu devstack@g-api.service[118863]: DEBUG glance.api.middleware.version_negotiation [None req-c8ec0d19-84ee-413d-b17c-d30050988a66 tempest-ImageDependencyTests-899052110 tempest-ImageDependencyTests-899052110-project-member] Determining version of request: GET /v2/images/60fa6618-8baf-4193-8dc8-e223b78d0571 Accept: */* {{(pid=118863) process_request /opt/stack/glance/glance/api/middleware/version_negotiation.py:44}}
Dec 26 10:44:26 ubuntu devstack@g-api.service[118863]: DEBUG glance.api.middleware.version_negotiation [None req-c8ec0d19-84ee-413d-b17c-d30050988a66 tempest-ImageDependencyTests-899052110 tempest-ImageDependencyTests-899052110-project-member] Using url versioning {{(pid=118863) process_request /opt/stack/glance/glance/api/middleware/version_negotiation.py:57}}
Dec 26 10:44:26 ubuntu devstack@g-api.service[118863]: DEBUG glance.api.middleware.version_negotiation [None req-c8ec0d19-84ee-413d-b17c-d30050988a66 tempest-ImageDependencyTests-899052110 tempest-ImageDependencyTests-899052110-project-member] Matched version: v2 {{(pid=118863) process_request /opt/stack/glance/glance/api/middleware/version_negotiation.py:69}}
Dec 26 10:44:26 ubuntu devstack@g-api.service[118863]: DEBUG glance.api.middleware.version_negotiation [None req-c8ec0d19-84ee-413d-b17c-d30050988a66 tempest-ImageDependencyTests-899052110 tempest-ImageDependencyTests-899052110-project-member] new path /v2/images/60fa6618-8baf-4193-8dc8-e223b78d0571 {{(pid=118863) process_request /opt/stack/glance/glance/api/middleware/version_negotiation.py:70}}
Dec 26 10:44:26 ubuntu devstack@g-api.service[118863]: [pid: 118863|app: 0|req: 32/62] 127.0.0.1 () {42 vars in 1045 bytes} [Thu Dec 26 10:44:26 2024] GET /v2/images/60fa6618-8baf-4193-8dc8-e223b78d0571 => generated 808 bytes in 12 msecs (HTTP/1.1 200) 4 headers in 157 bytes (1 switches on core 0)
Dec 26 10:44:26 ubuntu devstack@g-api.service[118861]: DEBUG glance.api.middleware.version_negotiation [None req-c8ec0d19-84ee-413d-b17c-d30050988a66 tempest-ImageDependencyTests-899052110 tempest-ImageDependencyTests-899052110-project-member] Determining version of request: GET /v2/schemas/image Accept: */* {{(pid=118861) process_request /opt/stack/glance/glance/api/middleware/version_negotiation.py:44}}
Dec 26 10:44:26 ubuntu devstack@g-api.service[118861]: DEBUG glance.api.middleware.version_negotiation [None req-c8ec0d19-84ee-413d-b17c-d30050988a66 tempest-ImageDependencyTests-899052110 tempest-ImageDependencyTests-899052110-project-member] Using url versioning {{(pid=118861) process_request /opt/stack/glance/glance/api/middleware/version_negotiation.py:57}}
Dec 26 10:44:26 ubuntu devstack@g-api.service[118861]: DEBUG glance.api.middleware.version_negotiation [None req-c8ec0d19-84ee-413d-b17c-d30050988a66 tempest-ImageDependencyTests-899052110 tempest-ImageDependencyTests-899052110-project-member] Matched version: v2 {{(pid=118861) process_request /opt/stack/glance/glance/api/middleware/version_negotiation.py:69}}
Dec 26 10:44:26 ubuntu devstack@g-api.service[118861]: DEBUG glance.api.middleware.version_negotiation [None req-c8ec0d19-84ee-413d-b17c-d30050988a66 tempest-ImageDependencyTests-899052110 tempest-ImageDependencyTests-899052110-project-member] new path /v2/schemas/image {{(pid=118861) process_request /opt/stack/glance/glance/api/middleware/version_negotiation.py:70}}
Dec 26 10:44:26 ubuntu devstack@g-api.service[118861]: [pid: 118861|app: 0|req: 31/63] 127.0.0.1 () {42 vars in 985 bytes} [Thu Dec 26 10:44:26 2024] GET /v2/schemas/image => generated 6083 bytes in 3 msecs (HTTP/1.1 200) 4 headers in 158 bytes (1 switches on core 0)
Dec 26 10:44:27 ubuntu devstack@g-api.service[118863]: DEBUG glance.api.middleware.version_negotiation [None req-c8ec0d19-84ee-413d-b17c-d30050988a66 tempest-ImageDependencyTests-899052110 tempest-ImageDependencyTests-899052110-project-member] Determining version of request: DELETE /v2/images/60fa6618-8baf-4193-8dc8-e223b78d0571 Accept: application/json {{(pid=118863) process_request /opt/stack/glance/glance/api/middleware/version_negotiation.py:44}}
Dec 26 10:44:27 ubuntu devstack@g-api.service[118863]: DEBUG glance.api.middleware.version_negotiation [None req-c8ec0d19-84ee-413d-b17c-d30050988a66 tempest-ImageDependencyTests-899052110 tempest-ImageDependencyTests-899052110-project-member] Using url versioning {{(pid=118863) process_request /opt/stack/glance/glance/api/middleware/version_negotiation.py:57}}
Dec 26 10:44:27 ubuntu devstack@g-api.service[118863]: DEBUG glance.api.middleware.version_negotiation [None req-c8ec0d19-84ee-413d-b17c-d30050988a66 tempest-ImageDependencyTests-899052110 tempest-ImageDependencyTests-899052110-project-member] Matched version: v2 {{(pid=118863) process_request /opt/stack/glance/glance/api/middleware/version_negotiation.py:69}}
Dec 26 10:44:27 ubuntu devstack@g-api.service[118863]: DEBUG glance.api.middleware.version_negotiation [None req-c8ec0d19-84ee-413d-b17c-d30050988a66 tempest-ImageDependencyTests-899052110 tempest-ImageDependencyTests-899052110-project-member] new path /v2/images/60fa6618-8baf-4193-8dc8-e223b78d0571 {{(pid=118863) process_request /opt/stack/glance/glance/api/middleware/version_negotiation.py:70}}
Dec 26 10:44:27 ubuntu devstack@g-api.service[118863]: WARNING glance.api.v2.images [None req-35a3c44d-ee08-4192-b4c2-5a5ffc2aaeeb tempest-ImageDependencyTests-899052110 tempest-ImageDependencyTests-899052110-project-member] After upload to backend, deletion of staged image data has failed because it cannot be found at /tmp/staging//60fa6618-8baf-4193-8dc8-e223b78d0571
Dec 26 10:44:27 ubuntu devstack@g-api.service[118863]: DEBUG glance_store.backend [None req-35a3c44d-ee08-4192-b4c2-5a5ffc2aaeeb tempest-ImageDependencyTests-899052110 tempest-ImageDependencyTests-899052110-project-member] Attempting to import store swift {{(pid=118863) _load_store /opt/stack/data/venv/lib/python3.10/site-packages/glance_store/backend.py:216}}
Dec 26 10:44:27 ubuntu devstack@g-api.service[118863]: DEBUG glance_store.capabilities [None req-35a3c44d-ee08-4192-b4c2-5a5ffc2aaeeb tempest-ImageDependencyTests-899052110 tempest-ImageDependencyTests-899052110-project-member] Store glance_store._drivers.swift.store.SingleTenantStore doesn't support updating dynamic storage capabilities. Please overwrite 'update_capabilities' method of the store to implement updating logics if needed. {{(pid=118863) update_capabilities /opt/stack/data/venv/lib/python3.10/site-packages/glance_store/capabilities.py:91}}
Dec 26 10:44:27 ubuntu devstack@g-api.service[118863]: DEBUG glance_store.driver [None req-35a3c44d-ee08-4192-b4c2-5a5ffc2aaeeb tempest-ImageDependencyTests-899052110 tempest-ImageDependencyTests-899052110-project-member] Late loading location class glance_store._drivers.swift.store.StoreLocation {{(pid=118863) get_store_location_class /opt/stack/data/venv/lib/python3.10/site-packages/glance_store/driver.py:133}}
Dec 26 10:44:27 ubuntu devstack@g-api.service[118863]: DEBUG glance_store.location [None req-35a3c44d-ee08-4192-b4c2-5a5ffc2aaeeb tempest-ImageDependencyTests-899052110 tempest-ImageDependencyTests-899052110-project-member] Registering scheme swift+https with {'store': <glance_store._drivers.swift.store.SingleTenantStore object at 0x7fc71ac66bc0>, 'location_class': <class 'glance_store._drivers.swift.store.StoreLocation'>, 'store_entry': 'swift'} {{(pid=118863) register_scheme_map /opt/stack/data/venv/lib/python3.10/site-packages/glance_store/location.py:146}}
Dec 26 10:44:27 ubuntu devstack@g-api.service[118863]: DEBUG glance_store.location [None req-35a3c44d-ee08-4192-b4c2-5a5ffc2aaeeb tempest-ImageDependencyTests-899052110 tempest-ImageDependencyTests-899052110-project-member] Registering scheme swift+https with {'store': <glance_store._drivers.swift.store.SingleTenantStore object at 0x7fc71ac66bc0>, 'location_class': <class 'glance_store._drivers.swift.store.StoreLocation'>, 'store_entry': 'swift'} {{(pid=118863) register_scheme_map /opt/stack/data/venv/lib/python3.10/site-packages/glance_store/location.py:146}}
Dec 26 10:44:27 ubuntu devstack@g-api.service[118863]: DEBUG glance_store.location [None req-35a3c44d-ee08-4192-b4c2-5a5ffc2aaeeb tempest-ImageDependencyTests-899052110 tempest-ImageDependencyTests-899052110-project-member] Registering scheme swift with {'store': <glance_store._drivers.swift.store.SingleTenantStore object at 0x7fc71ac66bc0>, 'location_class': <class 'glance_store._drivers.swift.store.StoreLocation'>, 'store_entry': 'swift'} {{(pid=118863) register_scheme_map /opt/stack/data/venv/lib/python3.10/site-packages/glance_store/location.py:146}}
Dec 26 10:44:27 ubuntu devstack@g-api.service[118863]: DEBUG glance_store.location [None req-35a3c44d-ee08-4192-b4c2-5a5ffc2aaeeb tempest-ImageDependencyTests-899052110 tempest-ImageDependencyTests-899052110-project-member] Registering scheme swift+https with {'store': <glance_store._drivers.swift.store.SingleTenantStore object at 0x7fc71ac66bc0>, 'location_class': <class 'glance_store._drivers.swift.store.StoreLocation'>, 'store_entry': 'swift'} {{(pid=118863) register_scheme_map /opt/stack/data/venv/lib/python3.10/site-packages/glance_store/location.py:146}}
Dec 26 10:44:27 ubuntu devstack@g-api.service[118863]: DEBUG glance_store.location [None req-35a3c44d-ee08-4192-b4c2-5a5ffc2aaeeb tempest-ImageDependencyTests-899052110 tempest-ImageDependencyTests-899052110-project-member] Registering scheme swift with {'store': <glance_store._drivers.swift.store.SingleTenantStore object at 0x7fc71ac66bc0>, 'location_class': <class 'glance_store._drivers.swift.store.StoreLocation'>, 'store_entry': 'swift'} {{(pid=118863) register_scheme_map /opt/stack/data/venv/lib/python3.10/site-packages/glance_store/location.py:146}}
Dec 26 10:44:27 ubuntu devstack@g-api.service[118863]: DEBUG glance_store.location [None req-35a3c44d-ee08-4192-b4c2-5a5ffc2aaeeb tempest-ImageDependencyTests-899052110 tempest-ImageDependencyTests-899052110-project-member] Registering scheme swift+http with {'store': <glance_store._drivers.swift.store.SingleTenantStore object at 0x7fc71ac66bc0>, 'location_class': <class 'glance_store._drivers.swift.store.StoreLocation'>, 'store_entry': 'swift'} {{(pid=118863) register_scheme_map /opt/stack/data/venv/lib/python3.10/site-packages/glance_store/location.py:146}}
Dec 26 10:44:27 ubuntu devstack@g-api.service[118863]: DEBUG glance_store.location [None req-35a3c44d-ee08-4192-b4c2-5a5ffc2aaeeb tempest-ImageDependencyTests-899052110 tempest-ImageDependencyTests-899052110-project-member] Registering scheme swift+https with {'store': <glance_store._drivers.swift.store.SingleTenantStore object at 0x7fc71ac66bc0>, 'location_class': <class 'glance_store._drivers.swift.store.StoreLocation'>, 'store_entry': 'swift'} {{(pid=118863) register_scheme_map /opt/stack/data/venv/lib/python3.10/site-packages/glance_store/location.py:146}}
Dec 26 10:44:27 ubuntu devstack@g-api.service[118863]: DEBUG glance_store.location [None req-35a3c44d-ee08-4192-b4c2-5a5ffc2aaeeb tempest-ImageDependencyTests-899052110 tempest-ImageDependencyTests-899052110-project-member] Registering scheme swift with {'store': <glance_store._drivers.swift.store.SingleTenantStore object at 0x7fc71ac66bc0>, 'location_class': <class 'glance_store._drivers.swift.store.StoreLocation'>, 'store_entry': 'swift'} {{(pid=118863) register_scheme_map /opt/stack/data/venv/lib/python3.10/site-packages/glance_store/location.py:146}}
Dec 26 10:44:27 ubuntu devstack@g-api.service[118863]: DEBUG glance_store.location [None req-35a3c44d-ee08-4192-b4c2-5a5ffc2aaeeb tempest-ImageDependencyTests-899052110 tempest-ImageDependencyTests-899052110-project-member] Registering scheme swift+http with {'store': <glance_store._drivers.swift.store.SingleTenantStore object at 0x7fc71ac66bc0>, 'location_class': <class 'glance_store._drivers.swift.store.StoreLocation'>, 'store_entry': 'swift'} {{(pid=118863) register_scheme_map /opt/stack/data/venv/lib/python3.10/site-packages/glance_store/location.py:146}}
Dec 26 10:44:27 ubuntu devstack@g-api.service[118863]: DEBUG glance_store.location [None req-35a3c44d-ee08-4192-b4c2-5a5ffc2aaeeb tempest-ImageDependencyTests-899052110 tempest-ImageDependencyTests-899052110-project-member] Registering scheme swift+config with {'store': <glance_store._drivers.swift.store.SingleTenantStore object at 0x7fc71ac66bc0>, 'location_class': <class 'glance_store._drivers.swift.store.StoreLocation'>, 'store_entry': 'swift'} {{(pid=118863) register_scheme_map /opt/stack/data/venv/lib/python3.10/site-packages/glance_store/location.py:146}}
Dec 26 10:44:27 ubuntu devstack@g-api.service[118863]: DEBUG keystoneclient.auth.identity.v3.base [None req-35a3c44d-ee08-4192-b4c2-5a5ffc2aaeeb tempest-ImageDependencyTests-899052110 tempest-ImageDependencyTests-899052110-project-member] Making authentication request to http://10.201.5.82/identity/v3/auth/tokens {{(pid=118863) get_auth_ref /opt/stack/data/venv/lib/python3.10/site-packages/keystoneclient/auth/identity/v3/base.py:185}}
Dec 26 10:44:27 ubuntu devstack@g-api.service[118863]: DEBUG keystoneclient.auth.identity.v3.base [None req-35a3c44d-ee08-4192-b4c2-5a5ffc2aaeeb tempest-ImageDependencyTests-899052110 tempest-ImageDependencyTests-899052110-project-member] {"token": {"methods": ["password"], "user": {"domain": {"id": "default", "name": "Default"}, "id": "1587c569d4af4713a0efb3fc610291fa", "name": "glance-swift", "password_expires_at": null}, "audit_ids": ["btGEmcymSAuLtVpxoDpwxw"], "expires_at": "2024-12-26T11:44:27.000000Z", "issued_at": "2024-12-26T10:44:27.000000Z", "project": {"domain": {"id": "default", "name": "Default"}, "id": "80123f1bae664ede97f6dd2ca9095d23", "name": "service"}, "is_domain": false, "roles": [{"id": "99b1c2c21f7d4a1eada2d9d69114fbe4", "name": "service"}, {"id": "0dad55201088458cbf956ee261102c08", "name": "ResellerAdmin"}], "catalog": [{"endpoints": [{"id": "9983f6d14e5247929f6b97ee194ed720", "interface": "public", "region_id": "RegionOne", "url": "http://10.201.5.82:9696/networking", "region": "RegionOne"}], "id": "10547d709fbe45c3b293374bc1582ed3", "type": "network", "name": "neutron"}, {"endpoints": [{"id": "d1f04b6092be458f9b7a7d19780a2ba5", "interface": "admin", "region_id": "RegionOne", "url": "http://10.201.5.82:8080", "region": "RegionOne"}, {"id": "f74a996919774de8b11d527f376e139f", "interface": "public", "region_id": "RegionOne", "url": "http://10.201.5.82:8080/v1/AUTH_80123f1bae664ede97f6dd2ca9095d23", "region": "RegionOne"}], "id": "15ebfa5439634f019382b3a79e83da05", "type": "object-store", "name": "swift"}, {"endpoints": [{"id": "2afa342148d8454b9a7aff85456395cf", "interface": "public", "region_id": "RegionOne", "url": "http://10.201.5.82/compute/v2/80123f1bae664ede97f6dd2ca9095d23", "region": "RegionOne"}], "id": "2138b2831308414ebeed42ce3a74fae7", "type": "compute_legacy", "name": "nova_legacy"}, {"endpoints": [{"id": "5b45fe2eb9624a6c983fa4ea4e3debe9", "interface": "public", "region_id": "RegionOne", "url": "http://10.201.5.82/placement", "region": "RegionOne"}], "id": "24e1f43cc44c43c7bb2723907129b32e", "type": "placement", "name": "placement"}, {"endpoints": [{"id": "cd50aac173fd42e4867c9fd45a14965c", "interface": "public", "region_id": "RegionOne", "url": "http://10.201.5.82/image", "region": "RegionOne"}], "id": "6e2448854b4542e286791f61ac19ef58", "type": "image", "name": "glance"}, {"endpoints": [{"id": "1abd09bf4e1c4839825e9c975c5ab011", "interface": "public", "region_id": "RegionOne", "url": "http://10.201.5.82/identity", "region": "RegionOne"}], "id": "7250ce804be14d829b5ae2c2db562606", "type": "identity", "name": "keystone"}, {"endpoints": [{"id": "00b3c95704e14ea79e47981a5ca8b45d", "interface": "public", "region_id": "RegionOne", "url": "http://10.201.5.82/compute/v2.1", "region": "RegionOne"}], "id": "8f29b9f8a6164edf936cfe0d5f8b1066", "type": "compute", "name": "nova"}, {"endpoints": [{"id": "610950ca46ab4182b2cd22a601db17ae", "interface": "public", "region_id": "RegionOne", "url": "http://10.201.5.82/volume/v3", "region": "RegionOne"}], "id": "a813618f4c5a47b6a54ce2732d81655e", "type": "block-storage", "name": "cinder"}]}} {{(pid=118863) get_auth_ref /opt/stack/data/venv/lib/python3.10/site-packages/keystoneclient/auth/identity/v3/base.py:190}}
Dec 26 10:44:27 ubuntu devstack@g-api.service[118863]: DEBUG keystoneclient.httpclient [None req-35a3c44d-ee08-4192-b4c2-5a5ffc2aaeeb tempest-ImageDependencyTests-899052110 tempest-ImageDependencyTests-899052110-project-member] Failed to find endpoint for management url admin endpoint for identity service not found {{(pid=118863) _process_management_url /opt/stack/data/venv/lib/python3.10/site-packages/keystoneclient/httpclient.py:670}}
Dec 26 10:44:27 ubuntu devstack@g-api.service[118863]: DEBUG swiftclient [None req-35a3c44d-ee08-4192-b4c2-5a5ffc2aaeeb tempest-ImageDependencyTests-899052110 tempest-ImageDependencyTests-899052110-project-member] REQ: curl -i http://10.201.5.82:8080/v1/AUTH_80123f1bae664ede97f6dd2ca9095d23/glance/60fa6618-8baf-4193-8dc8-e223b78d0571 -I -H "X-Auth-Token: gAAAAABnbTOLEDW2..." {{(pid=118863) http_log /opt/stack/data/venv/lib/python3.10/site-packages/swiftclient/client.py:160}}
Dec 26 10:44:27 ubuntu devstack@g-api.service[118863]: DEBUG swiftclient [None req-35a3c44d-ee08-4192-b4c2-5a5ffc2aaeeb tempest-ImageDependencyTests-899052110 tempest-ImageDependencyTests-899052110-project-member] RESP STATUS: 200 OK {{(pid=118863) http_log /opt/stack/data/venv/lib/python3.10/site-packages/swiftclient/client.py:161}}
Dec 26 10:44:27 ubuntu devstack@g-api.service[118863]: DEBUG swiftclient [None req-35a3c44d-ee08-4192-b4c2-5a5ffc2aaeeb tempest-ImageDependencyTests-899052110 tempest-ImageDependencyTests-899052110-project-member] RESP HEADERS: {'Content-Type': 'application/octet-stream', 'Content-Length': '1024', 'Etag': '5bd1523e78fe883615b53685090888c2', 'Last-Modified': 'Thu, 26 Dec 2024 10:44:21 GMT', 'X-Timestamp': '1735209860.82370', 'Accept-Ranges': 'bytes', 'X-Trans-Id': 'tx53ffb8c4d08e4e619cff6-00676d338b', 'X-Openstack-Request-Id': 'tx53ffb8c4d08e4e619cff6-00676d338b', 'Date': 'Thu, 26 Dec 2024 10:44:27 GMT'} {{(pid=118863) http_log /opt/stack/data/venv/lib/python3.10/site-packages/swiftclient/client.py:162}}
Dec 26 10:44:27 ubuntu devstack@g-api.service[118863]: DEBUG swiftclient [None req-35a3c44d-ee08-4192-b4c2-5a5ffc2aaeeb tempest-ImageDependencyTests-899052110 tempest-ImageDependencyTests-899052110-project-member] REQ: curl -i http://10.201.5.82:8080/v1/AUTH_80123f1bae664ede97f6dd2ca9095d23/glance/60fa6618-8baf-4193-8dc8-e223b78d0571 DELETE -H "X-Auth-Token: gAAAAABnbTOLEDW2..." {{(pid=118863) http_log /opt/stack/data/venv/lib/python3.10/site-packages/swiftclient/client.py:160}}
Dec 26 10:44:27 ubuntu devstack@g-api.service[118863]: DEBUG swiftclient [None req-35a3c44d-ee08-4192-b4c2-5a5ffc2aaeeb tempest-ImageDependencyTests-899052110 tempest-ImageDependencyTests-899052110-project-member] RESP STATUS: 204 No Content {{(pid=118863) http_log /opt/stack/data/venv/lib/python3.10/site-packages/swiftclient/client.py:161}}
Dec 26 10:44:27 ubuntu devstack@g-api.service[118863]: DEBUG swiftclient [None req-35a3c44d-ee08-4192-b4c2-5a5ffc2aaeeb tempest-ImageDependencyTests-899052110 tempest-ImageDependencyTests-899052110-project-member] RESP HEADERS: {'Content-Type': 'text/html; charset=UTF-8', 'Content-Length': '0', 'X-Trans-Id': 'tx11c2ec4ad56b4369a9785-00676d338b', 'X-Openstack-Request-Id': 'tx11c2ec4ad56b4369a9785-00676d338b', 'Date': 'Thu, 26 Dec 2024 10:44:27 GMT'} {{(pid=118863) http_log /opt/stack/data/venv/lib/python3.10/site-packages/swiftclient/client.py:162}}
Dec 26 10:44:27 ubuntu devstack@g-api.service[118863]: DEBUG glance.api.middleware.cache [None req-35a3c44d-ee08-4192-b4c2-5a5ffc2aaeeb tempest-ImageDependencyTests-899052110 tempest-ImageDependencyTests-899052110-project-member] Removing image 60fa6618-8baf-4193-8dc8-e223b78d0571 from cache {{(pid=118863) _process_DELETE_response /opt/stack/glance/glance/api/middleware/cache.py:264}}
Dec 26 10:44:27 ubuntu devstack@g-api.service[118863]: DEBUG glance.image_cache.drivers.centralized_db [None req-35a3c44d-ee08-4192-b4c2-5a5ffc2aaeeb tempest-ImageDependencyTests-899052110 tempest-ImageDependencyTests-899052110-project-member] Deleting image cache file '/opt/stack/data/glance/cache/60fa6618-8baf-4193-8dc8-e223b78d0571' {{(pid=118863) delete_cached_file /opt/stack/glance/glance/image_cache/drivers/centralized_db.py:387}}
Dec 26 10:44:27 ubuntu devstack@g-api.service[118863]: [pid: 118863|app: 0|req: 33/64] 127.0.0.1 () {38 vars in 773 bytes} [Thu Dec 26 10:44:27 2024] DELETE /v2/images/60fa6618-8baf-4193-8dc8-e223b78d0571 => generated 0 bytes in 175 msecs (HTTP/1.1 204) 4 headers in 171 bytes (1 switches on core 0)
Dec 26 10:44:27 ubuntu devstack@g-api.service[118861]: DEBUG glance.api.middleware.version_negotiation [None req-c8ec0d19-84ee-413d-b17c-d30050988a66 tempest-ImageDependencyTests-899052110 tempest-ImageDependencyTests-899052110-project-member] Determining version of request: GET /v2/images/60fa6618-8baf-4193-8dc8-e223b78d0571 Accept: application/json {{(pid=118861) process_request /opt/stack/glance/glance/api/middleware/version_negotiation.py:44}}
Dec 26 10:44:27 ubuntu devstack@g-api.service[118861]: DEBUG glance.api.middleware.version_negotiation [None req-c8ec0d19-84ee-413d-b17c-d30050988a66 tempest-ImageDependencyTests-899052110 tempest-ImageDependencyTests-899052110-project-member] Using url versioning {{(pid=118861) process_request /opt/stack/glance/glance/api/middleware/version_negotiation.py:57}}
Dec 26 10:44:27 ubuntu devstack@g-api.service[118861]: DEBUG glance.api.middleware.version_negotiation [None req-c8ec0d19-84ee-413d-b17c-d30050988a66 tempest-ImageDependencyTests-899052110 tempest-ImageDependencyTests-899052110-project-member] Matched version: v2 {{(pid=118861) process_request /opt/stack/glance/glance/api/middleware/version_negotiation.py:69}}
Dec 26 10:44:27 ubuntu devstack@g-api.service[118861]: DEBUG glance.api.middleware.version_negotiation [None req-c8ec0d19-84ee-413d-b17c-d30050988a66 tempest-ImageDependencyTests-899052110 tempest-ImageDependencyTests-899052110-project-member] new path /v2/images/60fa6618-8baf-4193-8dc8-e223b78d0571 {{(pid=118861) process_request /opt/stack/glance/glance/api/middleware/version_negotiation.py:70}}
Dec 26 10:44:27 ubuntu devstack@g-api.service[118861]: DEBUG glance.db.sqlalchemy.api [None req-48f51c48-c7dc-4c9d-bacb-ce70f2ef5417 tempest-ImageDependencyTests-899052110 tempest-ImageDependencyTests-899052110-project-member] No image found with ID 60fa6618-8baf-4193-8dc8-e223b78d0571 {{(pid=118861) _image_get /opt/stack/glance/glance/db/sqlalchemy/api.py:309}}
Dec 26 10:44:27 ubuntu devstack@g-api.service[118861]: [pid: 118861|app: 0|req: 32/65] 127.0.0.1 () {38 vars in 770 bytes} [Thu Dec 26 10:44:27 2024] GET /v2/images/60fa6618-8baf-4193-8dc8-e223b78d0571 => generated 139 bytes in 9 msecs (HTTP/1.1 404) 4 headers in 164 bytes (1 switches on core 0)
Dec 26 10:44:37 ubuntu devstack@g-api.service[118863]: DEBUG dbcounter [-] [118863] Writing DB stats glance:SELECT=52,glance:UPDATE=9,glance:INSERT=1,glance:DELETE=1 {{(pid=118863) stat_writer /opt/stack/data/venv/lib/python3.10/site-packages/dbcounter.py:115}}
Dec 26 10:44:37 ubuntu devstack@g-api.service[118861]: DEBUG dbcounter [-] [118861] Writing DB stats glance:SELECT=32,glance:INSERT=2,glance:UPDATE=1 {{(pid=118861) stat_writer /opt/stack/data/venv/lib/python3.10/site-packages/dbcounter.py:115}}
