Mar 14 23:18:46 ubuntu devstack@g-api.service[134379]: DEBUG glance.common.config [None req-40fc2a73-de7c-4a56-822e-ee87b2e97a56 None None] healthcheck.ignore_proxied_requests = False {{(pid=134379) log_opt_values /opt/stack/data/venv/lib/python3.10/site-packages/oslo_config/cfg.py:3006}}
Mar 14 23:18:46 ubuntu devstack@g-api.service[134378]: DEBUG glance.common.config [None req-c10d67d4-0baa-40da-a2af-f48ed819b7b2 None None] barbican_service_user.insecure = False {{(pid=134378) log_opt_values /opt/stack/data/venv/lib/python3.10/site-packages/oslo_config/cfg.py:3006}}
Mar 14 23:18:46 ubuntu devstack@g-api.service[134379]: DEBUG glance.common.config [None req-40fc2a73-de7c-4a56-822e-ee87b2e97a56 None None] ******************************************************************************** {{(pid=134379) log_opt_values /opt/stack/data/venv/lib/python3.10/site-packages/oslo_config/cfg.py:3013}}
Mar 14 23:18:46 ubuntu devstack@g-api.service[134378]: DEBUG glance.common.config [None req-c10d67d4-0baa-40da-a2af-f48ed819b7b2 None None] barbican_service_user.keyfile  = None {{(pid=134378) log_opt_values /opt/stack/data/venv/lib/python3.10/site-packages/oslo_config/cfg.py:3006}}
Mar 14 23:18:46 ubuntu devstack@g-api.service[134379]: WSGI app 0 (mountpoint='') ready in 2 seconds on interpreter 0x56275b73f280 pid: 134379 (default app)
Mar 14 23:18:46 ubuntu devstack@g-api.service[134378]: DEBUG glance.common.config [None req-c10d67d4-0baa-40da-a2af-f48ed819b7b2 None None] barbican_service_user.split_loggers = False {{(pid=134378) log_opt_values /opt/stack/data/venv/lib/python3.10/site-packages/oslo_config/cfg.py:3006}}
Mar 14 23:18:46 ubuntu devstack@g-api.service[134378]: DEBUG glance.common.config [None req-c10d67d4-0baa-40da-a2af-f48ed819b7b2 None None] barbican_service_user.timeout  = None {{(pid=134378) log_opt_values /opt/stack/data/venv/lib/python3.10/site-packages/oslo_config/cfg.py:3006}}
Mar 14 23:18:46 ubuntu devstack@g-api.service[134378]: DEBUG glance.common.config [None req-c10d67d4-0baa-40da-a2af-f48ed819b7b2 None None] database.asyncio_connection    = **** {{(pid=134378) log_opt_values /opt/stack/data/venv/lib/python3.10/site-packages/oslo_config/cfg.py:3006}}
Mar 14 23:18:46 ubuntu devstack@g-api.service[134378]: DEBUG glance.common.config [None req-c10d67d4-0baa-40da-a2af-f48ed819b7b2 None None] database.asyncio_slave_connection = **** {{(pid=134378) log_opt_values /opt/stack/data/venv/lib/python3.10/site-packages/oslo_config/cfg.py:3006}}
Mar 14 23:18:46 ubuntu devstack@g-api.service[134378]: DEBUG glance.common.config [None req-c10d67d4-0baa-40da-a2af-f48ed819b7b2 None None] database.backend               = sqlalchemy {{(pid=134378) log_opt_values /opt/stack/data/venv/lib/python3.10/site-packages/oslo_config/cfg.py:3006}}
Mar 14 23:18:46 ubuntu devstack@g-api.service[134379]: DEBUG glance.api.middleware.version_negotiation [None req-40fc2a73-de7c-4a56-822e-ee87b2e97a56 None None] Determining version of request: GET / Accept: */* {{(pid=134379) process_request /opt/stack/glance/glance/api/middleware/version_negotiation.py:44}}
Mar 14 23:18:46 ubuntu devstack@g-api.service[134378]: DEBUG glance.common.config [None req-c10d67d4-0baa-40da-a2af-f48ed819b7b2 None None] database.connection            = **** {{(pid=134378) log_opt_values /opt/stack/data/venv/lib/python3.10/site-packages/oslo_config/cfg.py:3006}}
Mar 14 23:18:46 ubuntu devstack@g-api.service[134379]: DEBUG glance.api.middleware.version_negotiation [None req-40fc2a73-de7c-4a56-822e-ee87b2e97a56 None None] Using url versioning {{(pid=134379) process_request /opt/stack/glance/glance/api/middleware/version_negotiation.py:57}}
Mar 14 23:18:46 ubuntu devstack@g-api.service[134378]: DEBUG glance.common.config [None req-c10d67d4-0baa-40da-a2af-f48ed819b7b2 None None] database.connection_debug      = 0 {{(pid=134378) log_opt_values /opt/stack/data/venv/lib/python3.10/site-packages/oslo_config/cfg.py:3006}}
Mar 14 23:18:46 ubuntu devstack@g-api.service[134378]: DEBUG glance.common.config [None req-c10d67d4-0baa-40da-a2af-f48ed819b7b2 None None] database.connection_parameters =  {{(pid=134378) log_opt_values /opt/stack/data/venv/lib/python3.10/site-packages/oslo_config/cfg.py:3006}}
Mar 14 23:18:46 ubuntu devstack@g-api.service[134379]: DEBUG glance.api.middleware.version_negotiation [None req-40fc2a73-de7c-4a56-822e-ee87b2e97a56 None None] Unknown version. Returning version choices. {{(pid=134379) process_request /opt/stack/glance/glance/api/middleware/version_negotiation.py:64}}
Mar 14 23:18:46 ubuntu devstack@g-api.service[134378]: DEBUG glance.common.config [None req-c10d67d4-0baa-40da-a2af-f48ed819b7b2 None None] database.connection_recycle_time = 3600 {{(pid=134378) log_opt_values /opt/stack/data/venv/lib/python3.10/site-packages/oslo_config/cfg.py:3006}}
Mar 14 23:18:46 ubuntu devstack@g-api.service[134378]: DEBUG glance.common.config [None req-c10d67d4-0baa-40da-a2af-f48ed819b7b2 None None] database.connection_trace      = False {{(pid=134378) log_opt_values /opt/stack/data/venv/lib/python3.10/site-packages/oslo_config/cfg.py:3006}}
Mar 14 23:18:46 ubuntu devstack@g-api.service[134378]: DEBUG glance.common.config [None req-c10d67d4-0baa-40da-a2af-f48ed819b7b2 None None] database.db_inc_retry_interval = True {{(pid=134378) log_opt_values /opt/stack/data/venv/lib/python3.10/site-packages/oslo_config/cfg.py:3006}}
Mar 14 23:18:46 ubuntu devstack@g-api.service[134378]: DEBUG glance.common.config [None req-c10d67d4-0baa-40da-a2af-f48ed819b7b2 None None] database.db_max_retries        = 20 {{(pid=134378) log_opt_values /opt/stack/data/venv/lib/python3.10/site-packages/oslo_config/cfg.py:3006}}
Mar 14 23:18:46 ubuntu devstack@g-api.service[134378]: DEBUG glance.common.config [None req-c10d67d4-0baa-40da-a2af-f48ed819b7b2 None None] database.db_max_retry_interval = 10 {{(pid=134378) log_opt_values /opt/stack/data/venv/lib/python3.10/site-packages/oslo_config/cfg.py:3006}}
Mar 14 23:18:46 ubuntu devstack@g-api.service[134378]: DEBUG glance.common.config [None req-c10d67d4-0baa-40da-a2af-f48ed819b7b2 None None] database.db_retry_interval     = 1 {{(pid=134378) log_opt_values /opt/stack/data/venv/lib/python3.10/site-packages/oslo_config/cfg.py:3006}}
Mar 14 23:18:46 ubuntu devstack@g-api.service[134378]: DEBUG glance.common.config [None req-c10d67d4-0baa-40da-a2af-f48ed819b7b2 None None] database.max_overflow          = 50 {{(pid=134378) log_opt_values /opt/stack/data/venv/lib/python3.10/site-packages/oslo_config/cfg.py:3006}}
Mar 14 23:18:46 ubuntu devstack@g-api.service[134378]: DEBUG glance.common.config [None req-c10d67d4-0baa-40da-a2af-f48ed819b7b2 None None] database.max_pool_size         = 5 {{(pid=134378) log_opt_values /opt/stack/data/venv/lib/python3.10/site-packages/oslo_config/cfg.py:3006}}
Mar 14 23:18:46 ubuntu devstack@g-api.service[134378]: DEBUG glance.common.config [None req-c10d67d4-0baa-40da-a2af-f48ed819b7b2 None None] database.max_retries           = 10 {{(pid=134378) log_opt_values /opt/stack/data/venv/lib/python3.10/site-packages/oslo_config/cfg.py:3006}}
Mar 14 23:18:46 ubuntu devstack@g-api.service[134378]: DEBUG glance.common.config [None req-c10d67d4-0baa-40da-a2af-f48ed819b7b2 None None] database.mysql_sql_mode        = TRADITIONAL {{(pid=134378) log_opt_values /opt/stack/data/venv/lib/python3.10/site-packages/oslo_config/cfg.py:3006}}
Mar 14 23:18:46 ubuntu devstack@g-api.service[134378]: DEBUG glance.common.config [None req-c10d67d4-0baa-40da-a2af-f48ed819b7b2 None None] database.mysql_wsrep_sync_wait = None {{(pid=134378) log_opt_values /opt/stack/data/venv/lib/python3.10/site-packages/oslo_config/cfg.py:3006}}
Mar 14 23:18:46 ubuntu devstack@g-api.service[134378]: DEBUG glance.common.config [None req-c10d67d4-0baa-40da-a2af-f48ed819b7b2 None None] database.pool_timeout          = None {{(pid=134378) log_opt_values /opt/stack/data/venv/lib/python3.10/site-packages/oslo_config/cfg.py:3006}}
Mar 14 23:18:46 ubuntu devstack@g-api.service[134378]: DEBUG glance.common.config [None req-c10d67d4-0baa-40da-a2af-f48ed819b7b2 None None] database.retry_interval        = 10 {{(pid=134378) log_opt_values /opt/stack/data/venv/lib/python3.10/site-packages/oslo_config/cfg.py:3006}}
Mar 14 23:18:46 ubuntu devstack@g-api.service[134378]: DEBUG glance.common.config [None req-c10d67d4-0baa-40da-a2af-f48ed819b7b2 None None] database.slave_connection      = **** {{(pid=134378) log_opt_values /opt/stack/data/venv/lib/python3.10/site-packages/oslo_config/cfg.py:3006}}
Mar 14 23:18:46 ubuntu devstack@g-api.service[134378]: DEBUG glance.common.config [None req-c10d67d4-0baa-40da-a2af-f48ed819b7b2 None None] database.sqlite_synchronous    = True {{(pid=134378) log_opt_values /opt/stack/data/venv/lib/python3.10/site-packages/oslo_config/cfg.py:3006}}
Mar 14 23:18:46 ubuntu devstack@g-api.service[134378]: DEBUG glance.common.config [None req-c10d67d4-0baa-40da-a2af-f48ed819b7b2 None None] database.synchronous_reader    = True {{(pid=134378) log_opt_values /opt/stack/data/venv/lib/python3.10/site-packages/oslo_config/cfg.py:3006}}
Mar 14 23:18:46 ubuntu devstack@g-api.service[134378]: DEBUG glance.common.config [None req-c10d67d4-0baa-40da-a2af-f48ed819b7b2 None None] database.use_db_reconnect      = False {{(pid=134378) log_opt_values /opt/stack/data/venv/lib/python3.10/site-packages/oslo_config/cfg.py:3006}}
Mar 14 23:18:46 ubuntu devstack@g-api.service[134378]: DEBUG glance.common.config [None req-c10d67d4-0baa-40da-a2af-f48ed819b7b2 None None] healthcheck.allowed_source_ranges = [] {{(pid=134378) log_opt_values /opt/stack/data/venv/lib/python3.10/site-packages/oslo_config/cfg.py:3006}}
Mar 14 23:18:46 ubuntu devstack@g-api.service[134378]: DEBUG glance.common.config [None req-c10d67d4-0baa-40da-a2af-f48ed819b7b2 None None] healthcheck.backends           = ['disable_by_file'] {{(pid=134378) log_opt_values /opt/stack/data/venv/lib/python3.10/site-packages/oslo_config/cfg.py:3006}}
Mar 14 23:18:46 ubuntu devstack@g-api.service[134378]: DEBUG glance.common.config [None req-c10d67d4-0baa-40da-a2af-f48ed819b7b2 None None] healthcheck.detailed           = False {{(pid=134378) log_opt_values /opt/stack/data/venv/lib/python3.10/site-packages/oslo_config/cfg.py:3006}}
Mar 14 23:18:46 ubuntu devstack@g-api.service[134378]: DEBUG glance.common.config [None req-c10d67d4-0baa-40da-a2af-f48ed819b7b2 None None] healthcheck.disable_by_file_path = None {{(pid=134378) log_opt_values /opt/stack/data/venv/lib/python3.10/site-packages/oslo_config/cfg.py:3006}}
Mar 14 23:18:46 ubuntu devstack@g-api.service[134378]: DEBUG glance.common.config [None req-c10d67d4-0baa-40da-a2af-f48ed819b7b2 None None] healthcheck.ignore_proxied_requests = False {{(pid=134378) log_opt_values /opt/stack/data/venv/lib/python3.10/site-packages/oslo_config/cfg.py:3006}}
Mar 14 23:18:46 ubuntu devstack@g-api.service[134378]: DEBUG glance.common.config [None req-c10d67d4-0baa-40da-a2af-f48ed819b7b2 None None] ******************************************************************************** {{(pid=134378) log_opt_values /opt/stack/data/venv/lib/python3.10/site-packages/oslo_config/cfg.py:3013}}
Mar 14 23:18:46 ubuntu devstack@g-api.service[134378]: WSGI app 0 (mountpoint='') ready in 2 seconds on interpreter 0x56275b73f280 pid: 134378 (default app)
Mar 14 23:18:46 ubuntu devstack@g-api.service[134379]: [pid: 134379|app: 0|req: 1/1] 127.0.0.1 () {32 vars in 386 bytes} [Sat Mar 14 23:18:46 2026] GET / => generated 1407 bytes in 3 msecs (HTTP/1.1 300) 3 headers in 106 bytes (1 switches on core 0)
Mar 14 23:18:50 ubuntu devstack@g-api.service[134378]: DEBUG glance.api.middleware.version_negotiation [None req-c10d67d4-0baa-40da-a2af-f48ed819b7b2 None None] Determining version of request: GET / Accept: application/json {{(pid=134378) process_request /opt/stack/glance/glance/api/middleware/version_negotiation.py:44}}
Mar 14 23:18:50 ubuntu devstack@g-api.service[134378]: DEBUG glance.api.middleware.version_negotiation [None req-c10d67d4-0baa-40da-a2af-f48ed819b7b2 None None] Using url versioning {{(pid=134378) process_request /opt/stack/glance/glance/api/middleware/version_negotiation.py:57}}
Mar 14 23:18:50 ubuntu devstack@g-api.service[134378]: DEBUG glance.api.middleware.version_negotiation [None req-c10d67d4-0baa-40da-a2af-f48ed819b7b2 None None] Unknown version. Returning version choices. {{(pid=134378) process_request /opt/stack/glance/glance/api/middleware/version_negotiation.py:64}}
Mar 14 23:18:50 ubuntu devstack@g-api.service[134378]: [pid: 134378|app: 0|req: 1/2] 127.0.0.1 () {34 vars in 504 bytes} [Sat Mar 14 23:18:50 2026] GET / => generated 1407 bytes in 2 msecs (HTTP/1.1 300) 3 headers in 106 bytes (1 switches on core 0)
Mar 14 23:18:50 ubuntu devstack@g-api.service[134379]: DEBUG glance.api.middleware.version_negotiation [None req-40fc2a73-de7c-4a56-822e-ee87b2e97a56 None None] Determining version of request: POST /v2/images Accept: */* {{(pid=134379) process_request /opt/stack/glance/glance/api/middleware/version_negotiation.py:44}}
Mar 14 23:18:50 ubuntu devstack@g-api.service[134379]: DEBUG glance.api.middleware.version_negotiation [None req-40fc2a73-de7c-4a56-822e-ee87b2e97a56 None None] Using url versioning {{(pid=134379) process_request /opt/stack/glance/glance/api/middleware/version_negotiation.py:57}}
Mar 14 23:18:50 ubuntu devstack@g-api.service[134379]: DEBUG glance.api.middleware.version_negotiation [None req-40fc2a73-de7c-4a56-822e-ee87b2e97a56 None None] Matched version: v2 {{(pid=134379) process_request /opt/stack/glance/glance/api/middleware/version_negotiation.py:69}}
Mar 14 23:18:50 ubuntu devstack@g-api.service[134379]: DEBUG glance.api.middleware.version_negotiation [None req-40fc2a73-de7c-4a56-822e-ee87b2e97a56 None None] new path /v2/images {{(pid=134379) process_request /opt/stack/glance/glance/api/middleware/version_negotiation.py:70}}
Mar 14 23:18:51 ubuntu devstack@g-api.service[134379]: [pid: 134379|app: 0|req: 2/3] 127.0.0.1 () {40 vars in 767 bytes} [Sat Mar 14 23:18:50 2026] POST /v2/images => generated 807 bytes in 1152 msecs (HTTP/1.1 201) 6 headers in 314 bytes (1 switches on core 0)
Mar 14 23:18:51 ubuntu devstack@g-api.service[134378]: DEBUG glance.api.middleware.version_negotiation [None req-c10d67d4-0baa-40da-a2af-f48ed819b7b2 None None] Determining version of request: PUT /v2/images/19273705-f326-4b49-89b3-c9c3683b0620/file Accept:  {{(pid=134378) process_request /opt/stack/glance/glance/api/middleware/version_negotiation.py:44}}
Mar 14 23:18:51 ubuntu devstack@g-api.service[134378]: DEBUG glance.api.middleware.version_negotiation [None req-c10d67d4-0baa-40da-a2af-f48ed819b7b2 None None] Using url versioning {{(pid=134378) process_request /opt/stack/glance/glance/api/middleware/version_negotiation.py:57}}
Mar 14 23:18:51 ubuntu devstack@g-api.service[134378]: DEBUG glance.api.middleware.version_negotiation [None req-c10d67d4-0baa-40da-a2af-f48ed819b7b2 None None] Matched version: v2 {{(pid=134378) process_request /opt/stack/glance/glance/api/middleware/version_negotiation.py:69}}
Mar 14 23:18:51 ubuntu devstack@g-api.service[134378]: DEBUG glance.api.middleware.version_negotiation [None req-c10d67d4-0baa-40da-a2af-f48ed819b7b2 None None] new path /v2/images/19273705-f326-4b49-89b3-c9c3683b0620/file {{(pid=134378) process_request /opt/stack/glance/glance/api/middleware/version_negotiation.py:70}}
Mar 14 23:18:52 ubuntu devstack@g-api.service[134378]: INFO glance.api.v2.image_data [None req-38304bd2-4f2b-48a0-9c39-eb31d6641a1b admin admin] Unable to create trust: no such option collect_timing in group [keystone_authtoken] Use the existing user token.
Mar 14 23:18:52 ubuntu devstack@g-api.service[134378]: DEBUG glance.location [None req-38304bd2-4f2b-48a0-9c39-eb31d6641a1b admin admin] Enabling in-flight format inspection for qcow2 {{(pid=134378) set_data /opt/stack/glance/glance/location.py:616}}
Mar 14 23:18:52 ubuntu devstack@g-api.service[134378]: DEBUG glance_store.backend [None req-38304bd2-4f2b-48a0-9c39-eb31d6641a1b admin admin] Attempting to import store swift {{(pid=134378) _load_store /opt/stack/data/venv/lib/python3.10/site-packages/glance_store/backend.py:215}}
Mar 14 23:18:52 ubuntu devstack@g-api.service[134378]: DEBUG glance_store.capabilities [None req-38304bd2-4f2b-48a0-9c39-eb31d6641a1b admin admin] Store glance_store._drivers.swift.store.SingleTenantStore doesn't support updating dynamic storage capabilities. Please overwrite 'update_capabilities' method of the store to implement updating logics if needed. {{(pid=134378) update_capabilities /opt/stack/data/venv/lib/python3.10/site-packages/glance_store/capabilities.py:91}}
Mar 14 23:18:52 ubuntu devstack@g-api.service[134378]: DEBUG glance_store.driver [None req-38304bd2-4f2b-48a0-9c39-eb31d6641a1b admin admin] Late loading location class glance_store._drivers.swift.store.StoreLocation {{(pid=134378) get_store_location_class /opt/stack/data/venv/lib/python3.10/site-packages/glance_store/driver.py:134}}
Mar 14 23:18:52 ubuntu devstack@g-api.service[134378]: DEBUG glance_store.location [None req-38304bd2-4f2b-48a0-9c39-eb31d6641a1b admin admin] Registering scheme swift+https with {'store': <glance_store._drivers.swift.store.SingleTenantStore object at 0x7f209d2fbe20>, 'location_class': <class 'glance_store._drivers.swift.store.StoreLocation'>, 'store_entry': 'swift'} {{(pid=134378) register_scheme_map /opt/stack/data/venv/lib/python3.10/site-packages/glance_store/location.py:146}}
Mar 14 23:18:52 ubuntu devstack@g-api.service[134378]: DEBUG glance_store.location [None req-38304bd2-4f2b-48a0-9c39-eb31d6641a1b admin admin] Registering scheme swift+https with {'store': <glance_store._drivers.swift.store.SingleTenantStore object at 0x7f209d2fbe20>, 'location_class': <class 'glance_store._drivers.swift.store.StoreLocation'>, 'store_entry': 'swift'} {{(pid=134378) register_scheme_map /opt/stack/data/venv/lib/python3.10/site-packages/glance_store/location.py:146}}
Mar 14 23:18:52 ubuntu devstack@g-api.service[134378]: DEBUG glance_store.location [None req-38304bd2-4f2b-48a0-9c39-eb31d6641a1b admin admin] Registering scheme swift with {'store': <glance_store._drivers.swift.store.SingleTenantStore object at 0x7f209d2fbe20>, 'location_class': <class 'glance_store._drivers.swift.store.StoreLocation'>, 'store_entry': 'swift'} {{(pid=134378) register_scheme_map /opt/stack/data/venv/lib/python3.10/site-packages/glance_store/location.py:146}}
Mar 14 23:18:52 ubuntu devstack@g-api.service[134378]: DEBUG glance_store.location [None req-38304bd2-4f2b-48a0-9c39-eb31d6641a1b admin admin] Registering scheme swift+https with {'store': <glance_store._drivers.swift.store.SingleTenantStore object at 0x7f209d2fbe20>, 'location_class': <class 'glance_store._drivers.swift.store.StoreLocation'>, 'store_entry': 'swift'} {{(pid=134378) register_scheme_map /opt/stack/data/venv/lib/python3.10/site-packages/glance_store/location.py:146}}
Mar 14 23:18:52 ubuntu devstack@g-api.service[134378]: DEBUG glance_store.location [None req-38304bd2-4f2b-48a0-9c39-eb31d6641a1b admin admin] Registering scheme swift with {'store': <glance_store._drivers.swift.store.SingleTenantStore object at 0x7f209d2fbe20>, 'location_class': <class 'glance_store._drivers.swift.store.StoreLocation'>, 'store_entry': 'swift'} {{(pid=134378) register_scheme_map /opt/stack/data/venv/lib/python3.10/site-packages/glance_store/location.py:146}}
Mar 14 23:18:52 ubuntu devstack@g-api.service[134378]: DEBUG glance_store.location [None req-38304bd2-4f2b-48a0-9c39-eb31d6641a1b admin admin] Registering scheme swift+http with {'store': <glance_store._drivers.swift.store.SingleTenantStore object at 0x7f209d2fbe20>, 'location_class': <class 'glance_store._drivers.swift.store.StoreLocation'>, 'store_entry': 'swift'} {{(pid=134378) register_scheme_map /opt/stack/data/venv/lib/python3.10/site-packages/glance_store/location.py:146}}
Mar 14 23:18:52 ubuntu devstack@g-api.service[134378]: DEBUG glance_store.location [None req-38304bd2-4f2b-48a0-9c39-eb31d6641a1b admin admin] Registering scheme swift+https with {'store': <glance_store._drivers.swift.store.SingleTenantStore object at 0x7f209d2fbe20>, 'location_class': <class 'glance_store._drivers.swift.store.StoreLocation'>, 'store_entry': 'swift'} {{(pid=134378) register_scheme_map /opt/stack/data/venv/lib/python3.10/site-packages/glance_store/location.py:146}}
Mar 14 23:18:52 ubuntu devstack@g-api.service[134378]: DEBUG glance_store.location [None req-38304bd2-4f2b-48a0-9c39-eb31d6641a1b admin admin] Registering scheme swift with {'store': <glance_store._drivers.swift.store.SingleTenantStore object at 0x7f209d2fbe20>, 'location_class': <class 'glance_store._drivers.swift.store.StoreLocation'>, 'store_entry': 'swift'} {{(pid=134378) register_scheme_map /opt/stack/data/venv/lib/python3.10/site-packages/glance_store/location.py:146}}
Mar 14 23:18:52 ubuntu devstack@g-api.service[134378]: DEBUG glance_store.location [None req-38304bd2-4f2b-48a0-9c39-eb31d6641a1b admin admin] Registering scheme swift+http with {'store': <glance_store._drivers.swift.store.SingleTenantStore object at 0x7f209d2fbe20>, 'location_class': <class 'glance_store._drivers.swift.store.StoreLocation'>, 'store_entry': 'swift'} {{(pid=134378) register_scheme_map /opt/stack/data/venv/lib/python3.10/site-packages/glance_store/location.py:146}}
Mar 14 23:18:52 ubuntu devstack@g-api.service[134378]: DEBUG glance_store.location [None req-38304bd2-4f2b-48a0-9c39-eb31d6641a1b admin admin] Registering scheme swift+config with {'store': <glance_store._drivers.swift.store.SingleTenantStore object at 0x7f209d2fbe20>, 'location_class': <class 'glance_store._drivers.swift.store.StoreLocation'>, 'store_entry': 'swift'} {{(pid=134378) register_scheme_map /opt/stack/data/venv/lib/python3.10/site-packages/glance_store/location.py:146}}
Mar 14 23:18:52 ubuntu devstack@g-api.service[134378]: INFO swiftclient [None req-38304bd2-4f2b-48a0-9c39-eb31d6641a1b admin admin] REQ: curl -i http://10.201.5.82:8080/v1/AUTH_00432e5c1ad84b4d98f7601613436e46/glance -I -H "X-Auth-Token: gAAAAABptezcGDXL..."
Mar 14 23:18:52 ubuntu devstack@g-api.service[134378]: INFO swiftclient [None req-38304bd2-4f2b-48a0-9c39-eb31d6641a1b admin admin] RESP STATUS: 404 Not Found
Mar 14 23:18:52 ubuntu devstack@g-api.service[134378]: INFO swiftclient [None req-38304bd2-4f2b-48a0-9c39-eb31d6641a1b admin admin] RESP HEADERS: {'Content-Type': 'text/html; charset=UTF-8', 'Content-Length': '0', 'X-Container-Sharding': 'False', 'X-Trans-Id': 'tx32902fd6a0a54fffae9da-0069b5ecdc', 'X-Openstack-Request-Id': 'tx32902fd6a0a54fffae9da-0069b5ecdc', 'Date': 'Sat, 14 Mar 2026 23:18:52 GMT'}
Mar 14 23:18:52 ubuntu devstack@g-api.service[134378]: INFO glance_store._drivers.swift.store [None req-38304bd2-4f2b-48a0-9c39-eb31d6641a1b admin admin] Creating swift container glance
Mar 14 23:18:52 ubuntu devstack@g-api.service[134378]: DEBUG swiftclient [None req-38304bd2-4f2b-48a0-9c39-eb31d6641a1b admin admin] REQ: curl -i http://10.201.5.82:8080/v1/AUTH_00432e5c1ad84b4d98f7601613436e46/glance -X PUT -H "X-Auth-Token: gAAAAABptezcGDXL..." -H "Content-Length: 0" {{(pid=134378) http_log /opt/stack/data/venv/lib/python3.10/site-packages/swiftclient/client.py:160}}
Mar 14 23:18:52 ubuntu devstack@g-api.service[134378]: DEBUG swiftclient [None req-38304bd2-4f2b-48a0-9c39-eb31d6641a1b admin admin] RESP STATUS: 201 Created {{(pid=134378) http_log /opt/stack/data/venv/lib/python3.10/site-packages/swiftclient/client.py:161}}
Mar 14 23:18:52 ubuntu devstack@g-api.service[134378]: DEBUG swiftclient [None req-38304bd2-4f2b-48a0-9c39-eb31d6641a1b admin admin] RESP HEADERS: {'Content-Type': 'text/html; charset=UTF-8', 'Content-Length': '0', 'X-Trans-Id': 'txfd4ff4ebd4cd46488e628-0069b5ecdc', 'X-Openstack-Request-Id': 'txfd4ff4ebd4cd46488e628-0069b5ecdc', 'Date': 'Sat, 14 Mar 2026 23:18:52 GMT'} {{(pid=134378) http_log /opt/stack/data/venv/lib/python3.10/site-packages/swiftclient/client.py:162}}
Mar 14 23:18:52 ubuntu devstack@g-api.service[134378]: DEBUG glance_store._drivers.swift.store [None req-38304bd2-4f2b-48a0-9c39-eb31d6641a1b admin admin] Adding image object '19273705-f326-4b49-89b3-c9c3683b0620' to Swift {{(pid=134378) add /opt/stack/data/venv/lib/python3.10/site-packages/glance_store/_drivers/swift/store.py:978}}
Mar 14 23:18:52 ubuntu devstack@g-api.service[134378]: DEBUG oslo_utils.imageutils.format_inspector [None req-38304bd2-4f2b-48a0-9c39-eb31d6641a1b admin admin] Format inspector for vmdk does not match, excluding from consideration (Signature KDMV not found: b'QFI\xfb') {{(pid=134378) _process_chunk /opt/stack/data/venv/lib/python3.10/site-packages/oslo_utils/imageutils/format_inspector.py:1538}}
Mar 14 23:18:52 ubuntu devstack@g-api.service[134378]: DEBUG oslo_utils.imageutils.format_inspector [None req-38304bd2-4f2b-48a0-9c39-eb31d6641a1b admin admin] Format inspector for vhdx does not match, excluding from consideration (Region signature not found at 30000) {{(pid=134378) _process_chunk /opt/stack/data/venv/lib/python3.10/site-packages/oslo_utils/imageutils/format_inspector.py:1538}}
Mar 14 23:18:53 ubuntu devstack@g-api.service[134378]: DEBUG swiftclient [None req-38304bd2-4f2b-48a0-9c39-eb31d6641a1b admin admin] REQ: curl -i http://10.201.5.82:8080/v1/AUTH_00432e5c1ad84b4d98f7601613436e46/glance/19273705-f326-4b49-89b3-c9c3683b0620 -X PUT -H "X-Auth-Token: gAAAAABptezcGDXL..." -H "Content-Length: 21692416" {{(pid=134378) http_log /opt/stack/data/venv/lib/python3.10/site-packages/swiftclient/client.py:160}}
Mar 14 23:18:53 ubuntu devstack@g-api.service[134378]: DEBUG swiftclient [None req-38304bd2-4f2b-48a0-9c39-eb31d6641a1b admin admin] RESP STATUS: 201 Created {{(pid=134378) http_log /opt/stack/data/venv/lib/python3.10/site-packages/swiftclient/client.py:161}}
Mar 14 23:18:53 ubuntu devstack@g-api.service[134378]: DEBUG swiftclient [None req-38304bd2-4f2b-48a0-9c39-eb31d6641a1b admin admin] RESP HEADERS: {'Content-Type': 'text/html; charset=UTF-8', 'Content-Length': '0', 'Etag': '87617e24a5e30cb3b87fda8c0764838f', 'Last-Modified': 'Sat, 14 Mar 2026 23:18:54 GMT', 'X-Trans-Id': 'tx6e71ebe73fb8467aa9e29-0069b5ecdc', 'X-Openstack-Request-Id': 'tx6e71ebe73fb8467aa9e29-0069b5ecdc', 'Date': 'Sat, 14 Mar 2026 23:18:53 GMT'} {{(pid=134378) http_log /opt/stack/data/venv/lib/python3.10/site-packages/swiftclient/client.py:162}}
Mar 14 23:18:53 ubuntu devstack@g-api.service[134378]: INFO glance.location [None req-38304bd2-4f2b-48a0-9c39-eb31d6641a1b admin admin] Image format matched and virtual size computed: 117440512
Mar 14 23:18:53 ubuntu devstack@g-api.service[134378]: DEBUG glance_store.backend [None req-38304bd2-4f2b-48a0-9c39-eb31d6641a1b admin admin] Attempting to import store swift {{(pid=134378) _load_store /opt/stack/data/venv/lib/python3.10/site-packages/glance_store/backend.py:215}}
Mar 14 23:18:53 ubuntu devstack@g-api.service[134378]: DEBUG glance_store.capabilities [None req-38304bd2-4f2b-48a0-9c39-eb31d6641a1b admin admin] Store glance_store._drivers.swift.store.SingleTenantStore doesn't support updating dynamic storage capabilities. Please overwrite 'update_capabilities' method of the store to implement updating logics if needed. {{(pid=134378) update_capabilities /opt/stack/data/venv/lib/python3.10/site-packages/glance_store/capabilities.py:91}}
Mar 14 23:18:53 ubuntu devstack@g-api.service[134378]: DEBUG glance_store.driver [None req-38304bd2-4f2b-48a0-9c39-eb31d6641a1b admin admin] Late loading location class glance_store._drivers.swift.store.StoreLocation {{(pid=134378) get_store_location_class /opt/stack/data/venv/lib/python3.10/site-packages/glance_store/driver.py:134}}
Mar 14 23:18:53 ubuntu devstack@g-api.service[134378]: DEBUG glance_store.location [None req-38304bd2-4f2b-48a0-9c39-eb31d6641a1b admin admin] Registering scheme swift+https with {'store': <glance_store._drivers.swift.store.SingleTenantStore object at 0x7f209e9efaf0>, 'location_class': <class 'glance_store._drivers.swift.store.StoreLocation'>, 'store_entry': 'swift'} {{(pid=134378) register_scheme_map /opt/stack/data/venv/lib/python3.10/site-packages/glance_store/location.py:146}}
Mar 14 23:18:53 ubuntu devstack@g-api.service[134378]: DEBUG glance_store.location [None req-38304bd2-4f2b-48a0-9c39-eb31d6641a1b admin admin] Registering scheme swift+https with {'store': <glance_store._drivers.swift.store.SingleTenantStore object at 0x7f209e9efaf0>, 'location_class': <class 'glance_store._drivers.swift.store.StoreLocation'>, 'store_entry': 'swift'} {{(pid=134378) register_scheme_map /opt/stack/data/venv/lib/python3.10/site-packages/glance_store/location.py:146}}
Mar 14 23:18:53 ubuntu devstack@g-api.service[134378]: DEBUG glance_store.location [None req-38304bd2-4f2b-48a0-9c39-eb31d6641a1b admin admin] Registering scheme swift with {'store': <glance_store._drivers.swift.store.SingleTenantStore object at 0x7f209e9efaf0>, 'location_class': <class 'glance_store._drivers.swift.store.StoreLocation'>, 'store_entry': 'swift'} {{(pid=134378) register_scheme_map /opt/stack/data/venv/lib/python3.10/site-packages/glance_store/location.py:146}}
Mar 14 23:18:53 ubuntu devstack@g-api.service[134378]: DEBUG glance_store.location [None req-38304bd2-4f2b-48a0-9c39-eb31d6641a1b admin admin] Registering scheme swift+https with {'store': <glance_store._drivers.swift.store.SingleTenantStore object at 0x7f209e9efaf0>, 'location_class': <class 'glance_store._drivers.swift.store.StoreLocation'>, 'store_entry': 'swift'} {{(pid=134378) register_scheme_map /opt/stack/data/venv/lib/python3.10/site-packages/glance_store/location.py:146}}
Mar 14 23:18:53 ubuntu devstack@g-api.service[134378]: DEBUG glance_store.location [None req-38304bd2-4f2b-48a0-9c39-eb31d6641a1b admin admin] Registering scheme swift with {'store': <glance_store._drivers.swift.store.SingleTenantStore object at 0x7f209e9efaf0>, 'location_class': <class 'glance_store._drivers.swift.store.StoreLocation'>, 'store_entry': 'swift'} {{(pid=134378) register_scheme_map /opt/stack/data/venv/lib/python3.10/site-packages/glance_store/location.py:146}}
Mar 14 23:18:53 ubuntu devstack@g-api.service[134378]: DEBUG glance_store.location [None req-38304bd2-4f2b-48a0-9c39-eb31d6641a1b admin admin] Registering scheme swift+http with {'store': <glance_store._drivers.swift.store.SingleTenantStore object at 0x7f209e9efaf0>, 'location_class': <class 'glance_store._drivers.swift.store.StoreLocation'>, 'store_entry': 'swift'} {{(pid=134378) register_scheme_map /opt/stack/data/venv/lib/python3.10/site-packages/glance_store/location.py:146}}
Mar 14 23:18:53 ubuntu devstack@g-api.service[134378]: DEBUG glance_store.location [None req-38304bd2-4f2b-48a0-9c39-eb31d6641a1b admin admin] Registering scheme swift+https with {'store': <glance_store._drivers.swift.store.SingleTenantStore object at 0x7f209e9efaf0>, 'location_class': <class 'glance_store._drivers.swift.store.StoreLocation'>, 'store_entry': 'swift'} {{(pid=134378) register_scheme_map /opt/stack/data/venv/lib/python3.10/site-packages/glance_store/location.py:146}}
Mar 14 23:18:53 ubuntu devstack@g-api.service[134378]: DEBUG glance_store.location [None req-38304bd2-4f2b-48a0-9c39-eb31d6641a1b admin admin] Registering scheme swift with {'store': <glance_store._drivers.swift.store.SingleTenantStore object at 0x7f209e9efaf0>, 'location_class': <class 'glance_store._drivers.swift.store.StoreLocation'>, 'store_entry': 'swift'} {{(pid=134378) register_scheme_map /opt/stack/data/venv/lib/python3.10/site-packages/glance_store/location.py:146}}
Mar 14 23:18:53 ubuntu devstack@g-api.service[134378]: DEBUG glance_store.location [None req-38304bd2-4f2b-48a0-9c39-eb31d6641a1b admin admin] Registering scheme swift+http with {'store': <glance_store._drivers.swift.store.SingleTenantStore object at 0x7f209e9efaf0>, 'location_class': <class 'glance_store._drivers.swift.store.StoreLocation'>, 'store_entry': 'swift'} {{(pid=134378) register_scheme_map /opt/stack/data/venv/lib/python3.10/site-packages/glance_store/location.py:146}}
Mar 14 23:18:53 ubuntu devstack@g-api.service[134378]: DEBUG glance_store.location [None req-38304bd2-4f2b-48a0-9c39-eb31d6641a1b admin admin] Registering scheme swift+config with {'store': <glance_store._drivers.swift.store.SingleTenantStore object at 0x7f209e9efaf0>, 'location_class': <class 'glance_store._drivers.swift.store.StoreLocation'>, 'store_entry': 'swift'} {{(pid=134378) register_scheme_map /opt/stack/data/venv/lib/python3.10/site-packages/glance_store/location.py:146}}
Mar 14 23:18:53 ubuntu devstack@g-api.service[134378]: DEBUG glance_store.backend [None req-38304bd2-4f2b-48a0-9c39-eb31d6641a1b admin admin] Skipping store.set_acls... not implemented. {{(pid=134378) set_acls /opt/stack/data/venv/lib/python3.10/site-packages/glance_store/backend.py:507}}
Mar 14 23:18:53 ubuntu devstack@g-api.service[134378]: [pid: 134378|app: 0|req: 2/4] 127.0.0.1 () {40 vars in 860 bytes} [Sat Mar 14 23:18:51 2026] PUT /v2/images/19273705-f326-4b49-89b3-c9c3683b0620/file => generated 0 bytes in 1698 msecs (HTTP/1.1 204) 4 headers in 171 bytes (1 switches on core 0)
Mar 14 23:18:53 ubuntu devstack@g-api.service[134379]: DEBUG glance.api.middleware.version_negotiation [None req-f95b1b2d-06b5-4ebb-ac0f-0d5222d5ea65 admin admin] Determining version of request: GET /v2/images/19273705-f326-4b49-89b3-c9c3683b0620 Accept: */* {{(pid=134379) process_request /opt/stack/glance/glance/api/middleware/version_negotiation.py:44}}
Mar 14 23:18:53 ubuntu devstack@g-api.service[134379]: DEBUG glance.api.middleware.version_negotiation [None req-f95b1b2d-06b5-4ebb-ac0f-0d5222d5ea65 admin admin] Using url versioning {{(pid=134379) process_request /opt/stack/glance/glance/api/middleware/version_negotiation.py:57}}
Mar 14 23:18:53 ubuntu devstack@g-api.service[134379]: DEBUG glance.api.middleware.version_negotiation [None req-f95b1b2d-06b5-4ebb-ac0f-0d5222d5ea65 admin admin] Matched version: v2 {{(pid=134379) process_request /opt/stack/glance/glance/api/middleware/version_negotiation.py:69}}
Mar 14 23:18:53 ubuntu devstack@g-api.service[134379]: DEBUG glance.api.middleware.version_negotiation [None req-f95b1b2d-06b5-4ebb-ac0f-0d5222d5ea65 admin admin] new path /v2/images/19273705-f326-4b49-89b3-c9c3683b0620 {{(pid=134379) process_request /opt/stack/glance/glance/api/middleware/version_negotiation.py:70}}
Mar 14 23:18:53 ubuntu devstack@g-api.service[134379]: [pid: 134379|app: 0|req: 3/5] 127.0.0.1 () {36 vars in 787 bytes} [Sat Mar 14 23:18:53 2026] GET /v2/images/19273705-f326-4b49-89b3-c9c3683b0620 => generated 976 bytes in 19 msecs (HTTP/1.1 200) 4 headers in 157 bytes (1 switches on core 0)
Mar 14 23:19:03 ubuntu devstack@g-api.service[134378]: DEBUG dbcounter [-] [134378] Writing DB stats glance:INSERT=5,glance:SELECT=16,glance:UPDATE=2 {{(pid=134378) stat_writer /opt/stack/data/venv/lib/python3.10/site-packages/dbcounter.py:115}}
Mar 14 23:19:03 ubuntu devstack@g-api.service[134379]: DEBUG dbcounter [-] [134379] Writing DB stats glance:INSERT=9,glance:SELECT=6 {{(pid=134379) stat_writer /opt/stack/data/venv/lib/python3.10/site-packages/dbcounter.py:115}}
Mar 14 23:19:27 ubuntu devstack@g-api.service[134378]: DEBUG glance.api.middleware.version_negotiation [None req-38304bd2-4f2b-48a0-9c39-eb31d6641a1b admin admin] Determining version of request: GET / Accept: application/json {{(pid=134378) process_request /opt/stack/glance/glance/api/middleware/version_negotiation.py:44}}
Mar 14 23:19:27 ubuntu devstack@g-api.service[134378]: DEBUG glance.api.middleware.version_negotiation [None req-38304bd2-4f2b-48a0-9c39-eb31d6641a1b admin admin] Using url versioning {{(pid=134378) process_request /opt/stack/glance/glance/api/middleware/version_negotiation.py:57}}
Mar 14 23:19:27 ubuntu devstack@g-api.service[134378]: DEBUG glance.api.middleware.version_negotiation [None req-38304bd2-4f2b-48a0-9c39-eb31d6641a1b admin admin] Unknown version. Returning version choices. {{(pid=134378) process_request /opt/stack/glance/glance/api/middleware/version_negotiation.py:64}}
Mar 14 23:19:27 ubuntu devstack@g-api.service[134378]: [pid: 134378|app: 0|req: 3/6] 127.0.0.1 () {34 vars in 504 bytes} [Sat Mar 14 23:19:27 2026] GET / => generated 1407 bytes in 5 msecs (HTTP/1.1 300) 3 headers in 106 bytes (1 switches on core 0)
Mar 14 23:19:27 ubuntu devstack@g-api.service[134379]: DEBUG glance.api.middleware.version_negotiation [None req-47ddf7a1-5e7a-412e-bd0e-ff2ac4fd5647 admin admin] Determining version of request: GET /v2/images Accept: application/json {{(pid=134379) process_request /opt/stack/glance/glance/api/middleware/version_negotiation.py:44}}
Mar 14 23:19:27 ubuntu devstack@g-api.service[134379]: DEBUG glance.api.middleware.version_negotiation [None req-47ddf7a1-5e7a-412e-bd0e-ff2ac4fd5647 admin admin] Using url versioning {{(pid=134379) process_request /opt/stack/glance/glance/api/middleware/version_negotiation.py:57}}
Mar 14 23:19:27 ubuntu devstack@g-api.service[134379]: DEBUG glance.api.middleware.version_negotiation [None req-47ddf7a1-5e7a-412e-bd0e-ff2ac4fd5647 admin admin] Matched version: v2 {{(pid=134379) process_request /opt/stack/glance/glance/api/middleware/version_negotiation.py:69}}
Mar 14 23:19:27 ubuntu devstack@g-api.service[134379]: DEBUG glance.api.middleware.version_negotiation [None req-47ddf7a1-5e7a-412e-bd0e-ff2ac4fd5647 admin admin] new path /v2/images {{(pid=134379) process_request /opt/stack/glance/glance/api/middleware/version_negotiation.py:70}}
Mar 14 23:19:28 ubuntu devstack@g-api.service[134379]: [pid: 134379|app: 0|req: 4/7] 127.0.0.1 () {36 vars in 726 bytes} [Sat Mar 14 23:19:27 2026] GET /v2/images => generated 1045 bytes in 314 msecs (HTTP/1.1 200) 4 headers in 158 bytes (1 switches on core 0)
Mar 14 23:19:33 ubuntu devstack@g-api.service[134378]: DEBUG glance.api.middleware.version_negotiation [None req-38304bd2-4f2b-48a0-9c39-eb31d6641a1b admin admin] Determining version of request: GET / Accept: application/json {{(pid=134378) process_request /opt/stack/glance/glance/api/middleware/version_negotiation.py:44}}
Mar 14 23:19:33 ubuntu devstack@g-api.service[134378]: DEBUG glance.api.middleware.version_negotiation [None req-38304bd2-4f2b-48a0-9c39-eb31d6641a1b admin admin] Using url versioning {{(pid=134378) process_request /opt/stack/glance/glance/api/middleware/version_negotiation.py:57}}
Mar 14 23:19:33 ubuntu devstack@g-api.service[134378]: DEBUG glance.api.middleware.version_negotiation [None req-38304bd2-4f2b-48a0-9c39-eb31d6641a1b admin admin] Unknown version. Returning version choices. {{(pid=134378) process_request /opt/stack/glance/glance/api/middleware/version_negotiation.py:64}}
Mar 14 23:19:33 ubuntu devstack@g-api.service[134378]: [pid: 134378|app: 0|req: 4/8] 127.0.0.1 () {34 vars in 504 bytes} [Sat Mar 14 23:19:33 2026] GET / => generated 1407 bytes in 1 msecs (HTTP/1.1 300) 3 headers in 106 bytes (1 switches on core 0)
Mar 14 23:19:33 ubuntu devstack@g-api.service[134379]: DEBUG glance.api.middleware.version_negotiation [None req-48f9ce2c-5bd4-4888-9ad7-4f3eaadf77b7 admin admin] Determining version of request: GET /v2/images/19273705-f326-4b49-89b3-c9c3683b0620 Accept: */* {{(pid=134379) process_request /opt/stack/glance/glance/api/middleware/version_negotiation.py:44}}
Mar 14 23:19:33 ubuntu devstack@g-api.service[134379]: DEBUG glance.api.middleware.version_negotiation [None req-48f9ce2c-5bd4-4888-9ad7-4f3eaadf77b7 admin admin] Using url versioning {{(pid=134379) process_request /opt/stack/glance/glance/api/middleware/version_negotiation.py:57}}
Mar 14 23:19:33 ubuntu devstack@g-api.service[134379]: DEBUG glance.api.middleware.version_negotiation [None req-48f9ce2c-5bd4-4888-9ad7-4f3eaadf77b7 admin admin] Matched version: v2 {{(pid=134379) process_request /opt/stack/glance/glance/api/middleware/version_negotiation.py:69}}
Mar 14 23:19:33 ubuntu devstack@g-api.service[134379]: DEBUG glance.api.middleware.version_negotiation [None req-48f9ce2c-5bd4-4888-9ad7-4f3eaadf77b7 admin admin] new path /v2/images/19273705-f326-4b49-89b3-c9c3683b0620 {{(pid=134379) process_request /opt/stack/glance/glance/api/middleware/version_negotiation.py:70}}
Mar 14 23:19:33 ubuntu devstack@g-api.service[134379]: [pid: 134379|app: 0|req: 5/9] 127.0.0.1 () {36 vars in 787 bytes} [Sat Mar 14 23:19:33 2026] GET /v2/images/19273705-f326-4b49-89b3-c9c3683b0620 => generated 976 bytes in 299 msecs (HTTP/1.1 200) 4 headers in 157 bytes (1 switches on core 0)
Mar 14 23:19:36 ubuntu devstack@g-api.service[134378]: DEBUG glance.api.middleware.version_negotiation [None req-38304bd2-4f2b-48a0-9c39-eb31d6641a1b admin admin] Determining version of request: GET / Accept: application/json {{(pid=134378) process_request /opt/stack/glance/glance/api/middleware/version_negotiation.py:44}}
Mar 14 23:19:36 ubuntu devstack@g-api.service[134378]: DEBUG glance.api.middleware.version_negotiation [None req-38304bd2-4f2b-48a0-9c39-eb31d6641a1b admin admin] Using url versioning {{(pid=134378) process_request /opt/stack/glance/glance/api/middleware/version_negotiation.py:57}}
Mar 14 23:19:36 ubuntu devstack@g-api.service[134378]: DEBUG glance.api.middleware.version_negotiation [None req-38304bd2-4f2b-48a0-9c39-eb31d6641a1b admin admin] Unknown version. Returning version choices. {{(pid=134378) process_request /opt/stack/glance/glance/api/middleware/version_negotiation.py:64}}
Mar 14 23:19:36 ubuntu devstack@g-api.service[134378]: [pid: 134378|app: 0|req: 5/10] 127.0.0.1 () {34 vars in 504 bytes} [Sat Mar 14 23:19:36 2026] GET / => generated 1407 bytes in 4 msecs (HTTP/1.1 300) 3 headers in 106 bytes (1 switches on core 0)
Mar 14 23:19:36 ubuntu devstack@g-api.service[134379]: DEBUG glance.api.middleware.version_negotiation [None req-75d2ce6f-a89e-4236-816e-bd184f3d93ff admin admin] Determining version of request: GET /v2/images/19273705-f326-4b49-89b3-c9c3683b0620 Accept: */* {{(pid=134379) process_request /opt/stack/glance/glance/api/middleware/version_negotiation.py:44}}
Mar 14 23:19:36 ubuntu devstack@g-api.service[134379]: DEBUG glance.api.middleware.version_negotiation [None req-75d2ce6f-a89e-4236-816e-bd184f3d93ff admin admin] Using url versioning {{(pid=134379) process_request /opt/stack/glance/glance/api/middleware/version_negotiation.py:57}}
Mar 14 23:19:36 ubuntu devstack@g-api.service[134379]: DEBUG glance.api.middleware.version_negotiation [None req-75d2ce6f-a89e-4236-816e-bd184f3d93ff admin admin] Matched version: v2 {{(pid=134379) process_request /opt/stack/glance/glance/api/middleware/version_negotiation.py:69}}
Mar 14 23:19:36 ubuntu devstack@g-api.service[134379]: DEBUG glance.api.middleware.version_negotiation [None req-75d2ce6f-a89e-4236-816e-bd184f3d93ff admin admin] new path /v2/images/19273705-f326-4b49-89b3-c9c3683b0620 {{(pid=134379) process_request /opt/stack/glance/glance/api/middleware/version_negotiation.py:70}}
Mar 14 23:19:36 ubuntu devstack@g-api.service[134379]: [pid: 134379|app: 0|req: 6/11] 127.0.0.1 () {36 vars in 787 bytes} [Sat Mar 14 23:19:36 2026] GET /v2/images/19273705-f326-4b49-89b3-c9c3683b0620 => generated 976 bytes in 226 msecs (HTTP/1.1 200) 4 headers in 157 bytes (1 switches on core 0)
Mar 14 23:19:46 ubuntu devstack@g-api.service[134379]: DEBUG dbcounter [-] [134379] Writing DB stats glance:SELECT=5 {{(pid=134379) stat_writer /opt/stack/data/venv/lib/python3.10/site-packages/dbcounter.py:115}}
Mar 14 23:20:32 ubuntu devstack@g-api.service[134378]: DEBUG glance.api.middleware.version_negotiation [None req-38304bd2-4f2b-48a0-9c39-eb31d6641a1b admin admin] Determining version of request: GET / Accept: application/json {{(pid=134378) process_request /opt/stack/glance/glance/api/middleware/version_negotiation.py:44}}
Mar 14 23:20:32 ubuntu devstack@g-api.service[134378]: DEBUG glance.api.middleware.version_negotiation [None req-38304bd2-4f2b-48a0-9c39-eb31d6641a1b admin admin] Using url versioning {{(pid=134378) process_request /opt/stack/glance/glance/api/middleware/version_negotiation.py:57}}
Mar 14 23:20:32 ubuntu devstack@g-api.service[134378]: DEBUG glance.api.middleware.version_negotiation [None req-38304bd2-4f2b-48a0-9c39-eb31d6641a1b admin admin] Unknown version. Returning version choices. {{(pid=134378) process_request /opt/stack/glance/glance/api/middleware/version_negotiation.py:64}}
Mar 14 23:20:32 ubuntu devstack@g-api.service[134378]: [pid: 134378|app: 0|req: 6/12] 127.0.0.1 () {36 vars in 472 bytes} [Sat Mar 14 23:20:32 2026] GET / => generated 1407 bytes in 4 msecs (HTTP/1.1 300) 3 headers in 106 bytes (1 switches on core 0)
