Feb 24 04:18:30 ubuntu devstack@keystone.service[81999]: ERROR keystone.server.flask.application   File "/opt/stack/data/venv/lib/python3.10/site-packages/sqlalchemy/engine/base.py", line 1419, in execute
Feb 24 04:18:30 ubuntu devstack@keystone.service[81999]: ERROR keystone.server.flask.application     return meth(
Feb 24 04:18:30 ubuntu devstack@keystone.service[81999]: ERROR keystone.server.flask.application   File "/opt/stack/data/venv/lib/python3.10/site-packages/sqlalchemy/sql/elements.py", line 527, in _execute_on_connection
Feb 24 04:18:30 ubuntu devstack@keystone.service[81999]: ERROR keystone.server.flask.application     return connection._execute_clauseelement(
Feb 24 04:18:30 ubuntu devstack@keystone.service[81999]: ERROR keystone.server.flask.application   File "/opt/stack/data/venv/lib/python3.10/site-packages/sqlalchemy/engine/base.py", line 1641, in _execute_clauseelement
Feb 24 04:18:30 ubuntu devstack@keystone.service[81999]: ERROR keystone.server.flask.application     ret = self._execute_context(
Feb 24 04:18:30 ubuntu devstack@keystone.service[81999]: ERROR keystone.server.flask.application   File "/opt/stack/data/venv/lib/python3.10/site-packages/sqlalchemy/engine/base.py", line 1846, in _execute_context
Feb 24 04:18:30 ubuntu devstack@keystone.service[81999]: ERROR keystone.server.flask.application     return self._exec_single_context(
Feb 24 04:18:30 ubuntu devstack@keystone.service[81999]: ERROR keystone.server.flask.application   File "/opt/stack/data/venv/lib/python3.10/site-packages/sqlalchemy/engine/base.py", line 1986, in _exec_single_context
Feb 24 04:18:30 ubuntu devstack@keystone.service[81999]: ERROR keystone.server.flask.application     self._handle_dbapi_exception(
Feb 24 04:18:30 ubuntu devstack@keystone.service[81999]: ERROR keystone.server.flask.application   File "/opt/stack/data/venv/lib/python3.10/site-packages/sqlalchemy/engine/base.py", line 2360, in _handle_dbapi_exception
Feb 24 04:18:30 ubuntu devstack@keystone.service[81999]: ERROR keystone.server.flask.application     raise newraise.with_traceback(exc_info[2]) from e
Feb 24 04:18:30 ubuntu devstack@keystone.service[81999]: ERROR keystone.server.flask.application   File "/opt/stack/data/venv/lib/python3.10/site-packages/sqlalchemy/engine/base.py", line 1967, in _exec_single_context
Feb 24 04:18:30 ubuntu devstack@keystone.service[81999]: ERROR keystone.server.flask.application     self.dialect.do_execute(
Feb 24 04:18:30 ubuntu devstack@keystone.service[81999]: ERROR keystone.server.flask.application   File "/opt/stack/data/venv/lib/python3.10/site-packages/sqlalchemy/engine/default.py", line 952, in do_execute
Feb 24 04:18:30 ubuntu devstack@keystone.service[81999]: ERROR keystone.server.flask.application     cursor.execute(statement, parameters)
Feb 24 04:18:30 ubuntu devstack@keystone.service[81999]: ERROR keystone.server.flask.application   File "/opt/stack/data/venv/lib/python3.10/site-packages/pymysql/cursors.py", line 153, in execute
Feb 24 04:18:30 ubuntu devstack@keystone.service[81999]: ERROR keystone.server.flask.application     result = self._query(query)
Feb 24 04:18:30 ubuntu devstack@keystone.service[81999]: ERROR keystone.server.flask.application   File "/opt/stack/data/venv/lib/python3.10/site-packages/pymysql/cursors.py", line 322, in _query
Feb 24 04:18:30 ubuntu devstack@keystone.service[81999]: ERROR keystone.server.flask.application     conn.query(q)
Feb 24 04:18:30 ubuntu devstack@keystone.service[81999]: ERROR keystone.server.flask.application   File "/opt/stack/data/venv/lib/python3.10/site-packages/pymysql/connections.py", line 575, in query
Feb 24 04:18:30 ubuntu devstack@keystone.service[81999]: ERROR keystone.server.flask.application     self._affected_rows = self._read_query_result(unbuffered=unbuffered)
Feb 24 04:18:30 ubuntu devstack@keystone.service[81999]: ERROR keystone.server.flask.application   File "/opt/stack/data/venv/lib/python3.10/site-packages/pymysql/connections.py", line 826, in _read_query_result
Feb 24 04:18:30 ubuntu devstack@keystone.service[81999]: ERROR keystone.server.flask.application     result.read()
Feb 24 04:18:30 ubuntu devstack@keystone.service[81999]: ERROR keystone.server.flask.application   File "/opt/stack/data/venv/lib/python3.10/site-packages/pymysql/connections.py", line 1203, in read
Feb 24 04:18:30 ubuntu devstack@keystone.service[81999]: ERROR keystone.server.flask.application     first_packet = self.connection._read_packet()
Feb 24 04:18:30 ubuntu devstack@keystone.service[81999]: ERROR keystone.server.flask.application   File "/opt/stack/data/venv/lib/python3.10/site-packages/pymysql/connections.py", line 782, in _read_packet
Feb 24 04:18:30 ubuntu devstack@keystone.service[81999]: ERROR keystone.server.flask.application     packet.raise_for_error()
Feb 24 04:18:30 ubuntu devstack@keystone.service[81999]: ERROR keystone.server.flask.application   File "/opt/stack/data/venv/lib/python3.10/site-packages/pymysql/protocol.py", line 219, in raise_for_error
Feb 24 04:18:30 ubuntu devstack@keystone.service[81999]: ERROR keystone.server.flask.application     err.raise_mysql_exception(self._data)
Feb 24 04:18:30 ubuntu devstack@keystone.service[81999]: ERROR keystone.server.flask.application   File "/opt/stack/data/venv/lib/python3.10/site-packages/pymysql/err.py", line 150, in raise_mysql_exception
Feb 24 04:18:30 ubuntu devstack@keystone.service[81999]: ERROR keystone.server.flask.application     raise errorclass(errno, errval)
Feb 24 04:18:30 ubuntu devstack@keystone.service[81999]: ERROR keystone.server.flask.application oslo_db.exception.DBDuplicateEntry: (pymysql.err.IntegrityError) (1062, "Duplicate entry 'service-<<null>>' for key 'role.ixu_role_name_domain_id'")
Feb 24 04:18:30 ubuntu devstack@keystone.service[81999]: ERROR keystone.server.flask.application [SQL: INSERT INTO `role` (id, name, description, extra) VALUES (%(id)s, %(name)s, %(description)s, %(extra)s)]
Feb 24 04:18:30 ubuntu devstack@keystone.service[81999]: ERROR keystone.server.flask.application [parameters: {'id': '3a49654a5b9d449db847a039cade3c0d', 'name': 'service', 'description': None, 'extra': '{}'}]
Feb 24 04:18:30 ubuntu devstack@keystone.service[81999]: ERROR keystone.server.flask.application (Background on this error at: https://sqlalche.me/e/20/gkpj)
Feb 24 04:18:30 ubuntu devstack@keystone.service[81999]: ERROR keystone.server.flask.application 
Feb 24 04:18:30 ubuntu devstack@keystone.service[81999]: ERROR keystone.server.flask.application During handling of the above exception, another exception occurred:
Feb 24 04:18:30 ubuntu devstack@keystone.service[81999]: ERROR keystone.server.flask.application 
Feb 24 04:18:30 ubuntu devstack@keystone.service[81999]: ERROR keystone.server.flask.application Traceback (most recent call last):
Feb 24 04:18:30 ubuntu devstack@keystone.service[81999]: ERROR keystone.server.flask.application   File "/opt/stack/data/venv/lib/python3.10/site-packages/flask/app.py", line 917, in full_dispatch_request
Feb 24 04:18:30 ubuntu devstack@keystone.service[81999]: ERROR keystone.server.flask.application     rv = self.dispatch_request()
Feb 24 04:18:30 ubuntu devstack@keystone.service[81999]: ERROR keystone.server.flask.application   File "/opt/stack/data/venv/lib/python3.10/site-packages/flask/app.py", line 902, in dispatch_request
Feb 24 04:18:30 ubuntu devstack@keystone.service[81999]: ERROR keystone.server.flask.application     return self.ensure_sync(self.view_functions[rule.endpoint])(**view_args)  # type: ignore[no-any-return]
Feb 24 04:18:30 ubuntu devstack@keystone.service[81999]: ERROR keystone.server.flask.application   File "/opt/stack/data/venv/lib/python3.10/site-packages/flask_restful/__init__.py", line 489, in wrapper
Feb 24 04:18:30 ubuntu devstack@keystone.service[81999]: ERROR keystone.server.flask.application     resp = resource(*args, **kwargs)
Feb 24 04:18:30 ubuntu devstack@keystone.service[81999]: ERROR keystone.server.flask.application   File "/opt/stack/data/venv/lib/python3.10/site-packages/flask/views.py", line 110, in view
Feb 24 04:18:30 ubuntu devstack@keystone.service[81999]: ERROR keystone.server.flask.application     return current_app.ensure_sync(self.dispatch_request)(**kwargs)  # type: ignore[no-any-return]
Feb 24 04:18:30 ubuntu devstack@keystone.service[81999]: ERROR keystone.server.flask.application   File "/opt/stack/data/venv/lib/python3.10/site-packages/flask_restful/__init__.py", line 604, in dispatch_request
Feb 24 04:18:30 ubuntu devstack@keystone.service[81999]: ERROR keystone.server.flask.application     resp = meth(*args, **kwargs)
Feb 24 04:18:30 ubuntu devstack@keystone.service[81999]: ERROR keystone.server.flask.application   File "/opt/stack/keystone/keystone/api/validation/__init__.py", line 86, in wrapper
Feb 24 04:18:30 ubuntu devstack@keystone.service[81999]: ERROR keystone.server.flask.application     return func(*args, **kwargs)
Feb 24 04:18:30 ubuntu devstack@keystone.service[81999]: ERROR keystone.server.flask.application   File "/opt/stack/keystone/keystone/api/validation/__init__.py", line 145, in wrapper
Feb 24 04:18:30 ubuntu devstack@keystone.service[81999]: ERROR keystone.server.flask.application     response = func(*args, **kwargs)
Feb 24 04:18:30 ubuntu devstack@keystone.service[81999]: ERROR keystone.server.flask.application   File "/opt/stack/keystone/keystone/api/roles.py", line 91, in post
Feb 24 04:18:30 ubuntu devstack@keystone.service[81999]: ERROR keystone.server.flask.application     ref = PROVIDERS.role_api.create_role(
Feb 24 04:18:30 ubuntu devstack@keystone.service[81999]: ERROR keystone.server.flask.application   File "/opt/stack/keystone/keystone/common/manager.py", line 114, in wrapped
Feb 24 04:18:30 ubuntu devstack@keystone.service[81999]: ERROR keystone.server.flask.application     __ret_val = __f(*args, **kwargs)
Feb 24 04:18:30 ubuntu devstack@keystone.service[81999]: ERROR keystone.server.flask.application   File "/opt/stack/keystone/keystone/assignment/core.py", line 1526, in create_role
Feb 24 04:18:30 ubuntu devstack@keystone.service[81999]: ERROR keystone.server.flask.application     ret = self.driver.create_role(role_id, role)
Feb 24 04:18:30 ubuntu devstack@keystone.service[81999]: ERROR keystone.server.flask.application   File "/opt/stack/keystone/keystone/common/sql/core.py", line 614, in wrapper
Feb 24 04:18:30 ubuntu devstack@keystone.service[81999]: ERROR keystone.server.flask.application     raise exception.Conflict(type=conflict_type, details=msg)
Feb 24 04:18:30 ubuntu devstack@keystone.service[81999]: ERROR keystone.server.flask.application keystone.exception.Conflict: Conflict occurred attempting to store role - Duplicate entry found with name service.
Feb 24 04:18:30 ubuntu devstack@keystone.service[81999]: ERROR keystone.server.flask.application 
Feb 24 04:18:30 ubuntu devstack@keystone.service[81998]: DEBUG keystone.server.flask.request_processing.middleware.auth_context [None req-98cfcf29-e8bd-4036-a0d5-79a72f5308c0 None admin] RBAC: auth_context: {'token': <TokenModel (audit_id=EI_Q2rZ6SdOuSjCliBs99w, audit_chain_id=['EI_Q2rZ6SdOuSjCliBs99w']) at 0x7f7a3be00790>, 'domain_id': None, 'trust_id': None, 'trustor_id': None, 'trustee_id': None, 'domain_name': None, 'group_ids': [], 'user_id': '887c78aa0ded42faaf5269d13fc517b3', 'user_domain_id': 'default', 'system_scope': 'all', 'project_id': None, 'project_domain_id': None, 'roles': ['admin', 'manager', 'member', 'reader'], 'is_admin_project': True, 'service_user_id': None, 'service_user_domain_id': None, 'service_project_id': None, 'service_project_domain_id': None, 'service_roles': []} {{(pid=81998) fill_context /opt/stack/keystone/keystone/server/flask/request_processing/middleware/auth_context.py:509}}
Feb 24 04:18:30 ubuntu devstack@keystone.service[81998]: DEBUG keystone.server.flask.request_processing.req_logging [None req-98cfcf29-e8bd-4036-a0d5-79a72f5308c0 None admin] REQUEST_METHOD: `GET` {{(pid=81998) log_request_info /opt/stack/keystone/keystone/server/flask/request_processing/req_logging.py:26}}
Feb 24 04:18:30 ubuntu devstack@keystone.service[81998]: DEBUG keystone.server.flask.request_processing.req_logging [None req-98cfcf29-e8bd-4036-a0d5-79a72f5308c0 None admin] SCRIPT_NAME: `/identity` {{(pid=81998) log_request_info /opt/stack/keystone/keystone/server/flask/request_processing/req_logging.py:27}}
Feb 24 04:18:30 ubuntu devstack@keystone.service[81998]: DEBUG keystone.server.flask.request_processing.req_logging [None req-98cfcf29-e8bd-4036-a0d5-79a72f5308c0 None admin] PATH_INFO: `/v3/domains/default` {{(pid=81998) log_request_info /opt/stack/keystone/keystone/server/flask/request_processing/req_logging.py:28}}
Feb 24 04:18:30 ubuntu devstack@keystone.service[81999]: [pid: 81999|app: 0|req: 20/36] 10.201.5.82 () {60 vars in 1168 bytes} [Tue Feb 24 04:18:30 2026] POST /identity/v3/roles => generated 140 bytes in 90 msecs (HTTP/1.1 409) 5 headers in 183 bytes (1 switches on core 0)
Feb 24 04:18:30 ubuntu devstack@keystone.service[81999]: DEBUG keystone.server.flask.request_processing.req_logging [None req-1e882df2-f08c-42da-afb0-0005b71b0cb1 None None] REQUEST_METHOD: `POST` {{(pid=81999) log_request_info /opt/stack/keystone/keystone/server/flask/request_processing/req_logging.py:26}}
Feb 24 04:18:30 ubuntu devstack@keystone.service[81999]: DEBUG keystone.server.flask.request_processing.req_logging [None req-1e882df2-f08c-42da-afb0-0005b71b0cb1 None None] SCRIPT_NAME: `/identity` {{(pid=81999) log_request_info /opt/stack/keystone/keystone/server/flask/request_processing/req_logging.py:27}}
Feb 24 04:18:30 ubuntu devstack@keystone.service[81998]: DEBUG keystone.common.rbac_enforcer.enforcer [None req-98cfcf29-e8bd-4036-a0d5-79a72f5308c0 None admin] RBAC: Authorizing `identity:get_domain(domain_id=default)` {{(pid=81998) enforce_call /opt/stack/keystone/keystone/common/rbac_enforcer/enforcer.py:494}}
Feb 24 04:18:30 ubuntu devstack@keystone.service[81999]: DEBUG keystone.server.flask.request_processing.req_logging [None req-1e882df2-f08c-42da-afb0-0005b71b0cb1 None None] PATH_INFO: `/v3/auth/tokens` {{(pid=81999) log_request_info /opt/stack/keystone/keystone/server/flask/request_processing/req_logging.py:28}}
Feb 24 04:18:30 ubuntu devstack@keystone.service[81998]: DEBUG keystone.common.rbac_enforcer.enforcer [None req-98cfcf29-e8bd-4036-a0d5-79a72f5308c0 None admin] RBAC: Authorization granted {{(pid=81998) enforce_call /opt/stack/keystone/keystone/common/rbac_enforcer/enforcer.py:505}}
Feb 24 04:18:30 ubuntu devstack@keystone.service[81998]: [pid: 81998|app: 0|req: 17/37] 10.201.5.82 () {56 vars in 1145 bytes} [Tue Feb 24 04:18:30 2026] GET /identity/v3/domains/default => generated 199 bytes in 143 msecs (HTTP/1.1 200) 5 headers in 177 bytes (1 switches on core 0)
Feb 24 04:18:30 ubuntu devstack@keystone.service[81998]: DEBUG keystone.server.flask.request_processing.middleware.auth_context [None req-98cfcf29-e8bd-4036-a0d5-79a72f5308c0 None admin] Authenticating user token {{(pid=81998) process_request /opt/stack/data/venv/lib/python3.10/site-packages/keystonemiddleware/auth_token/__init__.py:407}}
Feb 24 04:18:30 ubuntu devstack@keystone.service[81999]: WARNING keystone.common.password_hashing [None req-1e882df2-f08c-42da-afb0-0005b71b0cb1 None None] Truncating password to algorithm specific maximum length 72 characters.
Feb 24 04:18:30 ubuntu devstack@keystone.service[81999]: DEBUG keystone.auth.core [None req-1e882df2-f08c-42da-afb0-0005b71b0cb1 None None] MFA Rules not processed for user `887c78aa0ded42faaf5269d13fc517b3`. Rule list: `[]` (Enabled: `True`). {{(pid=81999) check_auth_methods_against_rules /opt/stack/keystone/keystone/auth/core.py:476}}
Feb 24 04:18:30 ubuntu devstack@keystone.service[81999]: DEBUG keystone.common.fernet_utils [None req-1e882df2-f08c-42da-afb0-0005b71b0cb1 None None] Loaded 2 Fernet keys from /etc/keystone/fernet-keys/, but `[fernet_tokens] max_active_keys = 3`; perhaps there have not been enough key rotations to reach `max_active_keys` yet? {{(pid=81999) load_keys /opt/stack/keystone/keystone/common/fernet_utils.py:297}}
Feb 24 04:18:30 ubuntu devstack@keystone.service[81999]: [pid: 81999|app: 0|req: 21/38] 10.201.5.82 () {58 vars in 1017 bytes} [Tue Feb 24 04:18:30 2026] POST /identity/v3/auth/tokens => generated 862 bytes in 59 msecs (HTTP/1.1 201) 6 headers in 363 bytes (1 switches on core 0)
Feb 24 04:18:30 ubuntu devstack@keystone.service[81999]: DEBUG keystone.server.flask.request_processing.middleware.auth_context [None req-1e882df2-f08c-42da-afb0-0005b71b0cb1 None None] Authenticating user token {{(pid=81999) process_request /opt/stack/data/venv/lib/python3.10/site-packages/keystonemiddleware/auth_token/__init__.py:407}}
Feb 24 04:18:30 ubuntu devstack@keystone.service[81998]: DEBUG keystone.server.flask.request_processing.middleware.auth_context [None req-98cfcf29-e8bd-4036-a0d5-79a72f5308c0 None admin] Validating token access rules against request {{(pid=81998) validate_allowed_request /opt/stack/data/venv/lib/python3.10/site-packages/keystonemiddleware/auth_token/__init__.py:545}}
Feb 24 04:18:30 ubuntu devstack@keystone.service[81999]: DEBUG keystone.server.flask.request_processing.middleware.auth_context [None req-1e882df2-f08c-42da-afb0-0005b71b0cb1 None None] Validating token access rules against request {{(pid=81999) validate_allowed_request /opt/stack/data/venv/lib/python3.10/site-packages/keystonemiddleware/auth_token/__init__.py:545}}
Feb 24 04:18:30 ubuntu devstack@keystone.service[81998]: DEBUG keystone.server.flask.request_processing.middleware.auth_context [None req-dc2c2169-e8b6-46f6-85f2-6fe1ffda35a7 None admin] RBAC: auth_context: {'token': <TokenModel (audit_id=k-8dbquST6S12_aEOH8LPA, audit_chain_id=['k-8dbquST6S12_aEOH8LPA']) at 0x7f7a3be023e0>, 'domain_id': None, 'trust_id': None, 'trustor_id': None, 'trustee_id': None, 'domain_name': None, 'group_ids': [], 'user_id': '887c78aa0ded42faaf5269d13fc517b3', 'user_domain_id': 'default', 'system_scope': 'all', 'project_id': None, 'project_domain_id': None, 'roles': ['admin', 'manager', 'member', 'reader'], 'is_admin_project': True, 'service_user_id': None, 'service_user_domain_id': None, 'service_project_id': None, 'service_project_domain_id': None, 'service_roles': []} {{(pid=81998) fill_context /opt/stack/keystone/keystone/server/flask/request_processing/middleware/auth_context.py:509}}
Feb 24 04:18:30 ubuntu devstack@keystone.service[81998]: DEBUG keystone.server.flask.request_processing.req_logging [None req-dc2c2169-e8b6-46f6-85f2-6fe1ffda35a7 None admin] REQUEST_METHOD: `GET` {{(pid=81998) log_request_info /opt/stack/keystone/keystone/server/flask/request_processing/req_logging.py:26}}
Feb 24 04:18:30 ubuntu devstack@keystone.service[81998]: DEBUG keystone.server.flask.request_processing.req_logging [None req-dc2c2169-e8b6-46f6-85f2-6fe1ffda35a7 None admin] SCRIPT_NAME: `/identity` {{(pid=81998) log_request_info /opt/stack/keystone/keystone/server/flask/request_processing/req_logging.py:27}}
Feb 24 04:18:30 ubuntu devstack@keystone.service[81999]: DEBUG keystone.server.flask.request_processing.middleware.auth_context [None req-4b346b01-8b01-43fd-ab5e-59f566eb20ae None admin] RBAC: auth_context: {'token': <TokenModel (audit_id=EI_Q2rZ6SdOuSjCliBs99w, audit_chain_id=['EI_Q2rZ6SdOuSjCliBs99w']) at 0x7f7a3bc575e0>, 'domain_id': None, 'trust_id': None, 'trustor_id': None, 'trustee_id': None, 'domain_name': None, 'group_ids': [], 'user_id': '887c78aa0ded42faaf5269d13fc517b3', 'user_domain_id': 'default', 'system_scope': 'all', 'project_id': None, 'project_domain_id': None, 'roles': ['admin', 'manager', 'member', 'reader'], 'is_admin_project': True, 'service_user_id': None, 'service_user_domain_id': None, 'service_project_id': None, 'service_project_domain_id': None, 'service_roles': []} {{(pid=81999) fill_context /opt/stack/keystone/keystone/server/flask/request_processing/middleware/auth_context.py:509}}
Feb 24 04:18:30 ubuntu devstack@keystone.service[81999]: DEBUG keystone.server.flask.request_processing.req_logging [None req-4b346b01-8b01-43fd-ab5e-59f566eb20ae None admin] REQUEST_METHOD: `GET` {{(pid=81999) log_request_info /opt/stack/keystone/keystone/server/flask/request_processing/req_logging.py:26}}
Feb 24 04:18:30 ubuntu devstack@keystone.service[81999]: DEBUG keystone.server.flask.request_processing.req_logging [None req-4b346b01-8b01-43fd-ab5e-59f566eb20ae None admin] SCRIPT_NAME: `/identity` {{(pid=81999) log_request_info /opt/stack/keystone/keystone/server/flask/request_processing/req_logging.py:27}}
Feb 24 04:18:30 ubuntu devstack@keystone.service[81999]: DEBUG keystone.server.flask.request_processing.req_logging [None req-4b346b01-8b01-43fd-ab5e-59f566eb20ae None admin] PATH_INFO: `/v3/role_assignments` {{(pid=81999) log_request_info /opt/stack/keystone/keystone/server/flask/request_processing/req_logging.py:28}}
Feb 24 04:18:30 ubuntu devstack@keystone.service[81999]: DEBUG keystone.common.rbac_enforcer.enforcer [None req-4b346b01-8b01-43fd-ab5e-59f566eb20ae None admin] RBAC: Adding query filter params (role.id=7631faed5fff4d369e68fa7a61be5e50, scope.domain.id=default, user.id=887c78aa0ded42faaf5269d13fc517b3) {{(pid=81999) _extract_filter_values /opt/stack/keystone/keystone/common/rbac_enforcer/enforcer.py:176}}
Feb 24 04:18:30 ubuntu devstack@keystone.service[81998]: DEBUG keystone.server.flask.request_processing.req_logging [None req-dc2c2169-e8b6-46f6-85f2-6fe1ffda35a7 None admin] PATH_INFO: `/v3/roles/service` {{(pid=81998) log_request_info /opt/stack/keystone/keystone/server/flask/request_processing/req_logging.py:28}}
Feb 24 04:18:30 ubuntu devstack@keystone.service[81999]: DEBUG keystone.common.rbac_enforcer.enforcer [None req-4b346b01-8b01-43fd-ab5e-59f566eb20ae None admin] RBAC: Authorizing `identity:list_role_assignments()` {{(pid=81999) enforce_call /opt/stack/keystone/keystone/common/rbac_enforcer/enforcer.py:494}}
Feb 24 04:18:30 ubuntu devstack@keystone.service[81999]: DEBUG keystone.common.rbac_enforcer.enforcer [None req-4b346b01-8b01-43fd-ab5e-59f566eb20ae None admin] RBAC: Authorization granted {{(pid=81999) enforce_call /opt/stack/keystone/keystone/common/rbac_enforcer/enforcer.py:505}}
Feb 24 04:18:30 ubuntu devstack@keystone.service[81998]: DEBUG keystone.common.rbac_enforcer.enforcer [None req-dc2c2169-e8b6-46f6-85f2-6fe1ffda35a7 None admin] Extracting inferred target data resulted in "NOT FOUND (404)". {{(pid=81998) enforce_call /opt/stack/keystone/keystone/common/rbac_enforcer/enforcer.py:445}}
Feb 24 04:18:30 ubuntu devstack@keystone.service[81998]: DEBUG keystone.server.flask.application [None req-dc2c2169-e8b6-46f6-85f2-6fe1ffda35a7 None admin] Could not find role: service. {{(pid=81998) _handle_keystone_exception /opt/stack/keystone/keystone/server/flask/application.py:146}}
Feb 24 04:18:30 ubuntu devstack@keystone.service[81998]: [pid: 81998|app: 0|req: 18/39] 10.201.5.82 () {56 vars in 1139 bytes} [Tue Feb 24 04:18:30 2026] GET /identity/v3/roles/service => generated 85 bytes in 155 msecs (HTTP/1.1 404) 5 headers in 183 bytes (1 switches on core 0)
Feb 24 04:18:30 ubuntu devstack@keystone.service[81999]: [pid: 81999|app: 0|req: 22/40] 10.201.5.82 () {56 vars in 1372 bytes} [Tue Feb 24 04:18:30 2026] GET /identity/v3/role_assignments?role.id=7631faed5fff4d369e68fa7a61be5e50&scope.domain.id=default&user.id=887c78aa0ded42faaf5269d13fc517b3 => generated 530 bytes in 103 msecs (HTTP/1.1 200) 5 headers in 177 bytes (1 switches on core 0)
Feb 24 04:18:30 ubuntu devstack@keystone.service[81998]: DEBUG keystone.server.flask.request_processing.middleware.auth_context [None req-dc2c2169-e8b6-46f6-85f2-6fe1ffda35a7 None admin] Authenticating user token {{(pid=81998) process_request /opt/stack/data/venv/lib/python3.10/site-packages/keystonemiddleware/auth_token/__init__.py:407}}
Feb 24 04:18:30 ubuntu devstack@keystone.service[81998]: DEBUG keystone.server.flask.request_processing.middleware.auth_context [None req-dc2c2169-e8b6-46f6-85f2-6fe1ffda35a7 None admin] Validating token access rules against request {{(pid=81998) validate_allowed_request /opt/stack/data/venv/lib/python3.10/site-packages/keystonemiddleware/auth_token/__init__.py:545}}
Feb 24 04:18:30 ubuntu devstack@keystone.service[81998]: DEBUG keystone.server.flask.request_processing.middleware.auth_context [None req-23a89f1f-a534-4766-ae92-fde7ced42492 None admin] RBAC: auth_context: {'token': <TokenModel (audit_id=k-8dbquST6S12_aEOH8LPA, audit_chain_id=['k-8dbquST6S12_aEOH8LPA']) at 0x7f7a410d6590>, 'domain_id': None, 'trust_id': None, 'trustor_id': None, 'trustee_id': None, 'domain_name': None, 'group_ids': [], 'user_id': '887c78aa0ded42faaf5269d13fc517b3', 'user_domain_id': 'default', 'system_scope': 'all', 'project_id': None, 'project_domain_id': None, 'roles': ['admin', 'manager', 'member', 'reader'], 'is_admin_project': True, 'service_user_id': None, 'service_user_domain_id': None, 'service_project_id': None, 'service_project_domain_id': None, 'service_roles': []} {{(pid=81998) fill_context /opt/stack/keystone/keystone/server/flask/request_processing/middleware/auth_context.py:509}}
Feb 24 04:18:30 ubuntu devstack@keystone.service[81998]: DEBUG keystone.server.flask.request_processing.req_logging [None req-23a89f1f-a534-4766-ae92-fde7ced42492 None admin] REQUEST_METHOD: `GET` {{(pid=81998) log_request_info /opt/stack/keystone/keystone/server/flask/request_processing/req_logging.py:26}}
Feb 24 04:18:30 ubuntu devstack@keystone.service[81998]: DEBUG keystone.server.flask.request_processing.req_logging [None req-23a89f1f-a534-4766-ae92-fde7ced42492 None admin] SCRIPT_NAME: `/identity` {{(pid=81998) log_request_info /opt/stack/keystone/keystone/server/flask/request_processing/req_logging.py:27}}
Feb 24 04:18:30 ubuntu devstack@keystone.service[81998]: DEBUG keystone.server.flask.request_processing.req_logging [None req-23a89f1f-a534-4766-ae92-fde7ced42492 None admin] PATH_INFO: `/v3/roles` {{(pid=81998) log_request_info /opt/stack/keystone/keystone/server/flask/request_processing/req_logging.py:28}}
Feb 24 04:18:30 ubuntu devstack@keystone.service[81998]: DEBUG keystone.common.rbac_enforcer.enforcer [None req-23a89f1f-a534-4766-ae92-fde7ced42492 None admin] RBAC: Adding query filter params (name=service) {{(pid=81998) _extract_filter_values /opt/stack/keystone/keystone/common/rbac_enforcer/enforcer.py:176}}
Feb 24 04:18:30 ubuntu devstack@keystone.service[81998]: DEBUG keystone.common.rbac_enforcer.enforcer [None req-23a89f1f-a534-4766-ae92-fde7ced42492 None admin] RBAC: Authorizing `identity:list_roles()` {{(pid=81998) enforce_call /opt/stack/keystone/keystone/common/rbac_enforcer/enforcer.py:494}}
Feb 24 04:18:30 ubuntu devstack@keystone.service[81998]: DEBUG keystone.common.rbac_enforcer.enforcer [None req-23a89f1f-a534-4766-ae92-fde7ced42492 None admin] RBAC: Authorization granted {{(pid=81998) enforce_call /opt/stack/keystone/keystone/common/rbac_enforcer/enforcer.py:505}}
Feb 24 04:18:30 ubuntu devstack@keystone.service[81998]: [pid: 81998|app: 0|req: 19/41] 10.201.5.82 () {56 vars in 1153 bytes} [Tue Feb 24 04:18:30 2026] GET /identity/v3/roles?name=service => generated 343 bytes in 64 msecs (HTTP/1.1 200) 5 headers in 177 bytes (1 switches on core 0)
Feb 24 04:18:30 ubuntu devstack@keystone.service[81999]: DEBUG keystone.server.flask.request_processing.middleware.auth_context [None req-4b346b01-8b01-43fd-ab5e-59f566eb20ae None admin] Authenticating user token {{(pid=81999) process_request /opt/stack/data/venv/lib/python3.10/site-packages/keystonemiddleware/auth_token/__init__.py:407}}
Feb 24 04:18:30 ubuntu devstack@keystone.service[81999]: DEBUG keystone.server.flask.request_processing.middleware.auth_context [None req-4b346b01-8b01-43fd-ab5e-59f566eb20ae None admin] Validating token access rules against request {{(pid=81999) validate_allowed_request /opt/stack/data/venv/lib/python3.10/site-packages/keystonemiddleware/auth_token/__init__.py:545}}
Feb 24 04:18:31 ubuntu devstack@keystone.service[81999]: DEBUG keystone.server.flask.request_processing.middleware.auth_context [None req-6f6054f6-027a-4ce5-a60b-627388b687aa None admin] RBAC: auth_context: {'token': <TokenModel (audit_id=qbhY31pORda2gbBXxWW93Q, audit_chain_id=['qbhY31pORda2gbBXxWW93Q']) at 0x7f7a3bc79210>, 'domain_id': None, 'trust_id': None, 'trustor_id': None, 'trustee_id': None, 'domain_name': None, 'group_ids': [], 'user_id': '887c78aa0ded42faaf5269d13fc517b3', 'user_domain_id': 'default', 'system_scope': 'all', 'project_id': None, 'project_domain_id': None, 'roles': ['admin', 'manager', 'member', 'reader'], 'is_admin_project': True, 'service_user_id': None, 'service_user_domain_id': None, 'service_project_id': None, 'service_project_domain_id': None, 'service_roles': []} {{(pid=81999) fill_context /opt/stack/keystone/keystone/server/flask/request_processing/middleware/auth_context.py:509}}
Feb 24 04:18:31 ubuntu devstack@keystone.service[81999]: DEBUG keystone.server.flask.request_processing.req_logging [None req-6f6054f6-027a-4ce5-a60b-627388b687aa None admin] REQUEST_METHOD: `POST` {{(pid=81999) log_request_info /opt/stack/keystone/keystone/server/flask/request_processing/req_logging.py:26}}
Feb 24 04:18:31 ubuntu devstack@keystone.service[81999]: DEBUG keystone.server.flask.request_processing.req_logging [None req-6f6054f6-027a-4ce5-a60b-627388b687aa None admin] SCRIPT_NAME: `/identity` {{(pid=81999) log_request_info /opt/stack/keystone/keystone/server/flask/request_processing/req_logging.py:27}}
Feb 24 04:18:31 ubuntu devstack@keystone.service[81999]: DEBUG keystone.server.flask.request_processing.req_logging [None req-6f6054f6-027a-4ce5-a60b-627388b687aa None admin] PATH_INFO: `/v3/roles` {{(pid=81999) log_request_info /opt/stack/keystone/keystone/server/flask/request_processing/req_logging.py:28}}
Feb 24 04:18:31 ubuntu devstack@keystone.service[81999]: DEBUG keystone.common.rbac_enforcer.enforcer [None req-6f6054f6-027a-4ce5-a60b-627388b687aa None admin] RBAC: Authorizing `identity:create_role()` {{(pid=81999) enforce_call /opt/stack/keystone/keystone/common/rbac_enforcer/enforcer.py:494}}
Feb 24 04:18:31 ubuntu devstack@keystone.service[81999]: DEBUG keystone.common.rbac_enforcer.enforcer [None req-6f6054f6-027a-4ce5-a60b-627388b687aa None admin] RBAC: Authorization granted {{(pid=81999) enforce_call /opt/stack/keystone/keystone/common/rbac_enforcer/enforcer.py:505}}
Feb 24 04:18:31 ubuntu devstack@keystone.service[81999]: [pid: 81999|app: 0|req: 23/42] 10.201.5.82 () {60 vars in 1168 bytes} [Tue Feb 24 04:18:30 2026] POST /identity/v3/roles => generated 225 bytes in 84 msecs (HTTP/1.1 201) 5 headers in 182 bytes (2 switches on core 0)
Feb 24 04:18:31 ubuntu devstack@keystone.service[81998]: DEBUG keystone.server.flask.request_processing.req_logging [None req-404adf72-54d0-44a7-a783-94ca38ff348d None None] REQUEST_METHOD: `GET` {{(pid=81998) log_request_info /opt/stack/keystone/keystone/server/flask/request_processing/req_logging.py:26}}
Feb 24 04:18:31 ubuntu devstack@keystone.service[81998]: DEBUG keystone.server.flask.request_processing.req_logging [None req-404adf72-54d0-44a7-a783-94ca38ff348d None None] SCRIPT_NAME: `/identity` {{(pid=81998) log_request_info /opt/stack/keystone/keystone/server/flask/request_processing/req_logging.py:27}}
Feb 24 04:18:31 ubuntu devstack@keystone.service[81998]: DEBUG keystone.server.flask.request_processing.req_logging [None req-404adf72-54d0-44a7-a783-94ca38ff348d None None] PATH_INFO: `/` {{(pid=81998) log_request_info /opt/stack/keystone/keystone/server/flask/request_processing/req_logging.py:28}}
Feb 24 04:18:31 ubuntu devstack@keystone.service[81998]: [pid: 81998|app: 0|req: 20/43] 10.201.5.82 () {54 vars in 920 bytes} [Tue Feb 24 04:18:31 2026] GET /identity => generated 270 bytes in 3 msecs (HTTP/1.1 300) 6 headers in 234 bytes (1 switches on core 0)
Feb 24 04:18:31 ubuntu devstack@keystone.service[81999]: DEBUG keystone.server.flask.request_processing.req_logging [None req-eee639bc-ace4-4723-911c-0a098f3ac3ed None None] REQUEST_METHOD: `POST` {{(pid=81999) log_request_info /opt/stack/keystone/keystone/server/flask/request_processing/req_logging.py:26}}
Feb 24 04:18:31 ubuntu devstack@keystone.service[81999]: DEBUG keystone.server.flask.request_processing.req_logging [None req-eee639bc-ace4-4723-911c-0a098f3ac3ed None None] SCRIPT_NAME: `/identity` {{(pid=81999) log_request_info /opt/stack/keystone/keystone/server/flask/request_processing/req_logging.py:27}}
Feb 24 04:18:31 ubuntu devstack@keystone.service[81999]: DEBUG keystone.server.flask.request_processing.req_logging [None req-eee639bc-ace4-4723-911c-0a098f3ac3ed None None] PATH_INFO: `/v3/auth/tokens` {{(pid=81999) log_request_info /opt/stack/keystone/keystone/server/flask/request_processing/req_logging.py:28}}
Feb 24 04:18:31 ubuntu devstack@keystone.service[81999]: WARNING keystone.common.password_hashing [None req-eee639bc-ace4-4723-911c-0a098f3ac3ed None None] Truncating password to algorithm specific maximum length 72 characters.
Feb 24 04:18:31 ubuntu devstack@keystone.service[81999]: DEBUG keystone.auth.core [None req-eee639bc-ace4-4723-911c-0a098f3ac3ed None None] MFA Rules not processed for user `887c78aa0ded42faaf5269d13fc517b3`. Rule list: `[]` (Enabled: `True`). {{(pid=81999) check_auth_methods_against_rules /opt/stack/keystone/keystone/auth/core.py:476}}
Feb 24 04:18:31 ubuntu devstack@keystone.service[81999]: DEBUG keystone.common.fernet_utils [None req-eee639bc-ace4-4723-911c-0a098f3ac3ed None None] Loaded 2 Fernet keys from /etc/keystone/fernet-keys/, but `[fernet_tokens] max_active_keys = 3`; perhaps there have not been enough key rotations to reach `max_active_keys` yet? {{(pid=81999) load_keys /opt/stack/keystone/keystone/common/fernet_utils.py:297}}
Feb 24 04:18:31 ubuntu devstack@keystone.service[81999]: [pid: 81999|app: 0|req: 24/44] 10.201.5.82 () {58 vars in 1017 bytes} [Tue Feb 24 04:18:31 2026] POST /identity/v3/auth/tokens => generated 862 bytes in 61 msecs (HTTP/1.1 201) 6 headers in 363 bytes (1 switches on core 0)
Feb 24 04:18:31 ubuntu devstack@keystone.service[81998]: DEBUG keystone.server.flask.request_processing.req_logging [None req-51e8025f-60d9-4e65-98a9-9a4b4bc8c79f None None] REQUEST_METHOD: `GET` {{(pid=81998) log_request_info /opt/stack/keystone/keystone/server/flask/request_processing/req_logging.py:26}}
Feb 24 04:18:31 ubuntu devstack@keystone.service[81998]: DEBUG keystone.server.flask.request_processing.req_logging [None req-51e8025f-60d9-4e65-98a9-9a4b4bc8c79f None None] SCRIPT_NAME: `/identity` {{(pid=81998) log_request_info /opt/stack/keystone/keystone/server/flask/request_processing/req_logging.py:27}}
Feb 24 04:18:31 ubuntu devstack@keystone.service[81998]: DEBUG keystone.server.flask.request_processing.req_logging [None req-51e8025f-60d9-4e65-98a9-9a4b4bc8c79f None None] PATH_INFO: `/` {{(pid=81998) log_request_info /opt/stack/keystone/keystone/server/flask/request_processing/req_logging.py:28}}
Feb 24 04:18:31 ubuntu devstack@keystone.service[81998]: [pid: 81998|app: 0|req: 21/45] 10.201.5.82 () {54 vars in 920 bytes} [Tue Feb 24 04:18:31 2026] GET /identity => generated 270 bytes in 2 msecs (HTTP/1.1 300) 6 headers in 234 bytes (1 switches on core 0)
Feb 24 04:18:31 ubuntu devstack@keystone.service[81999]: DEBUG keystone.server.flask.request_processing.req_logging [None req-5f51c72c-da9c-405c-a45b-5094e0d0d4cd None None] REQUEST_METHOD: `POST` {{(pid=81999) log_request_info /opt/stack/keystone/keystone/server/flask/request_processing/req_logging.py:26}}
Feb 24 04:18:31 ubuntu devstack@keystone.service[81999]: DEBUG keystone.server.flask.request_processing.req_logging [None req-5f51c72c-da9c-405c-a45b-5094e0d0d4cd None None] SCRIPT_NAME: `/identity` {{(pid=81999) log_request_info /opt/stack/keystone/keystone/server/flask/request_processing/req_logging.py:27}}
Feb 24 04:18:31 ubuntu devstack@keystone.service[81999]: DEBUG keystone.server.flask.request_processing.req_logging [None req-5f51c72c-da9c-405c-a45b-5094e0d0d4cd None None] PATH_INFO: `/v3/auth/tokens` {{(pid=81999) log_request_info /opt/stack/keystone/keystone/server/flask/request_processing/req_logging.py:28}}
Feb 24 04:18:31 ubuntu devstack@keystone.service[81999]: WARNING keystone.common.password_hashing [None req-5f51c72c-da9c-405c-a45b-5094e0d0d4cd None None] Truncating password to algorithm specific maximum length 72 characters.
Feb 24 04:18:31 ubuntu devstack@keystone.service[81999]: DEBUG keystone.auth.core [None req-5f51c72c-da9c-405c-a45b-5094e0d0d4cd None None] MFA Rules not processed for user `887c78aa0ded42faaf5269d13fc517b3`. Rule list: `[]` (Enabled: `True`). {{(pid=81999) check_auth_methods_against_rules /opt/stack/keystone/keystone/auth/core.py:476}}
Feb 24 04:18:31 ubuntu devstack@keystone.service[81999]: DEBUG keystone.common.fernet_utils [None req-5f51c72c-da9c-405c-a45b-5094e0d0d4cd None None] Loaded 2 Fernet keys from /etc/keystone/fernet-keys/, but `[fernet_tokens] max_active_keys = 3`; perhaps there have not been enough key rotations to reach `max_active_keys` yet? {{(pid=81999) load_keys /opt/stack/keystone/keystone/common/fernet_utils.py:297}}
Feb 24 04:18:31 ubuntu devstack@keystone.service[81998]: DEBUG keystone.server.flask.request_processing.middleware.auth_context [None req-51e8025f-60d9-4e65-98a9-9a4b4bc8c79f None None] Authenticating user token {{(pid=81998) process_request /opt/stack/data/venv/lib/python3.10/site-packages/keystonemiddleware/auth_token/__init__.py:407}}
Feb 24 04:18:31 ubuntu devstack@keystone.service[81999]: [pid: 81999|app: 0|req: 25/46] 10.201.5.82 () {58 vars in 1017 bytes} [Tue Feb 24 04:18:31 2026] POST /identity/v3/auth/tokens => generated 862 bytes in 75 msecs (HTTP/1.1 201) 6 headers in 363 bytes (1 switches on core 0)
Feb 24 04:18:31 ubuntu devstack@keystone.service[81998]: DEBUG keystone.server.flask.request_processing.middleware.auth_context [None req-51e8025f-60d9-4e65-98a9-9a4b4bc8c79f None None] Validating token access rules against request {{(pid=81998) validate_allowed_request /opt/stack/data/venv/lib/python3.10/site-packages/keystonemiddleware/auth_token/__init__.py:545}}
Feb 24 04:18:31 ubuntu devstack@keystone.service[81998]: DEBUG keystone.server.flask.request_processing.middleware.auth_context [None req-5256fa7a-6834-4daa-8764-a8d893b914ca None admin] RBAC: auth_context: {'token': <TokenModel (audit_id=YgWGj35cSTW0W2xzMFoRHQ, audit_chain_id=['YgWGj35cSTW0W2xzMFoRHQ']) at 0x7f7a3be79480>, 'domain_id': None, 'trust_id': None, 'trustor_id': None, 'trustee_id': None, 'domain_name': None, 'group_ids': [], 'user_id': '887c78aa0ded42faaf5269d13fc517b3', 'user_domain_id': 'default', 'system_scope': 'all', 'project_id': None, 'project_domain_id': None, 'roles': ['admin', 'manager', 'member', 'reader'], 'is_admin_project': True, 'service_user_id': None, 'service_user_domain_id': None, 'service_project_id': None, 'service_project_domain_id': None, 'service_roles': []} {{(pid=81998) fill_context /opt/stack/keystone/keystone/server/flask/request_processing/middleware/auth_context.py:509}}
Feb 24 04:18:31 ubuntu devstack@keystone.service[81998]: DEBUG keystone.server.flask.request_processing.req_logging [None req-5256fa7a-6834-4daa-8764-a8d893b914ca None admin] REQUEST_METHOD: `POST` {{(pid=81998) log_request_info /opt/stack/keystone/keystone/server/flask/request_processing/req_logging.py:26}}
Feb 24 04:18:31 ubuntu devstack@keystone.service[81998]: DEBUG keystone.server.flask.request_processing.req_logging [None req-5256fa7a-6834-4daa-8764-a8d893b914ca None admin] SCRIPT_NAME: `/identity` {{(pid=81998) log_request_info /opt/stack/keystone/keystone/server/flask/request_processing/req_logging.py:27}}
Feb 24 04:18:31 ubuntu devstack@keystone.service[81998]: DEBUG keystone.server.flask.request_processing.req_logging [None req-5256fa7a-6834-4daa-8764-a8d893b914ca None admin] PATH_INFO: `/v3/roles` {{(pid=81998) log_request_info /opt/stack/keystone/keystone/server/flask/request_processing/req_logging.py:28}}
Feb 24 04:18:31 ubuntu devstack@keystone.service[81998]: DEBUG keystone.common.rbac_enforcer.enforcer [None req-5256fa7a-6834-4daa-8764-a8d893b914ca None admin] RBAC: Authorizing `identity:create_role()` {{(pid=81998) enforce_call /opt/stack/keystone/keystone/common/rbac_enforcer/enforcer.py:494}}
Feb 24 04:18:31 ubuntu devstack@keystone.service[81998]: DEBUG keystone.common.rbac_enforcer.enforcer [None req-5256fa7a-6834-4daa-8764-a8d893b914ca None admin] RBAC: Authorization granted {{(pid=81998) enforce_call /opt/stack/keystone/keystone/common/rbac_enforcer/enforcer.py:505}}
Feb 24 04:18:31 ubuntu devstack@keystone.service[81999]: DEBUG keystone.server.flask.request_processing.middleware.auth_context [None req-5f51c72c-da9c-405c-a45b-5094e0d0d4cd None None] Authenticating user token {{(pid=81999) process_request /opt/stack/data/venv/lib/python3.10/site-packages/keystonemiddleware/auth_token/__init__.py:407}}
Feb 24 04:18:31 ubuntu devstack@keystone.service[81999]: DEBUG keystone.server.flask.request_processing.middleware.auth_context [None req-5f51c72c-da9c-405c-a45b-5094e0d0d4cd None None] Validating token access rules against request {{(pid=81999) validate_allowed_request /opt/stack/data/venv/lib/python3.10/site-packages/keystonemiddleware/auth_token/__init__.py:545}}
Feb 24 04:18:31 ubuntu devstack@keystone.service[81999]: DEBUG keystone.server.flask.request_processing.middleware.auth_context [None req-d4b87ae6-8cd8-4e42-a987-6ce84bd4b820 None admin] RBAC: auth_context: {'token': <TokenModel (audit_id=eIXDaW_HTkavjGYZUuYZ9w, audit_chain_id=['eIXDaW_HTkavjGYZUuYZ9w']) at 0x7f7a40090e20>, 'domain_id': None, 'trust_id': None, 'trustor_id': None, 'trustee_id': None, 'domain_name': None, 'group_ids': [], 'user_id': '887c78aa0ded42faaf5269d13fc517b3', 'user_domain_id': 'default', 'system_scope': 'all', 'project_id': None, 'project_domain_id': None, 'roles': ['admin', 'manager', 'member', 'reader'], 'is_admin_project': True, 'service_user_id': None, 'service_user_domain_id': None, 'service_project_id': None, 'service_project_domain_id': None, 'service_roles': []} {{(pid=81999) fill_context /opt/stack/keystone/keystone/server/flask/request_processing/middleware/auth_context.py:509}}
Feb 24 04:18:31 ubuntu devstack@keystone.service[81999]: DEBUG keystone.server.flask.request_processing.req_logging [None req-d4b87ae6-8cd8-4e42-a987-6ce84bd4b820 None admin] REQUEST_METHOD: `GET` {{(pid=81999) log_request_info /opt/stack/keystone/keystone/server/flask/request_processing/req_logging.py:26}}
Feb 24 04:18:31 ubuntu devstack@keystone.service[81999]: DEBUG keystone.server.flask.request_processing.req_logging [None req-d4b87ae6-8cd8-4e42-a987-6ce84bd4b820 None admin] SCRIPT_NAME: `/identity` {{(pid=81999) log_request_info /opt/stack/keystone/keystone/server/flask/request_processing/req_logging.py:27}}
Feb 24 04:18:31 ubuntu devstack@keystone.service[81999]: DEBUG keystone.server.flask.request_processing.req_logging [None req-d4b87ae6-8cd8-4e42-a987-6ce84bd4b820 None admin] PATH_INFO: `/v3/domains/default` {{(pid=81999) log_request_info /opt/stack/keystone/keystone/server/flask/request_processing/req_logging.py:28}}
Feb 24 04:18:31 ubuntu devstack@keystone.service[81999]: DEBUG keystone.common.rbac_enforcer.enforcer [None req-d4b87ae6-8cd8-4e42-a987-6ce84bd4b820 None admin] RBAC: Authorizing `identity:get_domain(domain_id=default)` {{(pid=81999) enforce_call /opt/stack/keystone/keystone/common/rbac_enforcer/enforcer.py:494}}
Feb 24 04:18:31 ubuntu devstack@keystone.service[81999]: DEBUG keystone.common.rbac_enforcer.enforcer [None req-d4b87ae6-8cd8-4e42-a987-6ce84bd4b820 None admin] RBAC: Authorization granted {{(pid=81999) enforce_call /opt/stack/keystone/keystone/common/rbac_enforcer/enforcer.py:505}}
Feb 24 04:18:31 ubuntu devstack@keystone.service[81999]: [pid: 81999|app: 0|req: 26/47] 10.201.5.82 () {56 vars in 1145 bytes} [Tue Feb 24 04:18:31 2026] GET /identity/v3/domains/default => generated 199 bytes in 74 msecs (HTTP/1.1 200) 5 headers in 177 bytes (1 switches on core 0)
Feb 24 04:18:31 ubuntu devstack@keystone.service[81999]: DEBUG keystone.server.flask.request_processing.middleware.auth_context [None req-d4b87ae6-8cd8-4e42-a987-6ce84bd4b820 None admin] Authenticating user token {{(pid=81999) process_request /opt/stack/data/venv/lib/python3.10/site-packages/keystonemiddleware/auth_token/__init__.py:407}}
Feb 24 04:18:31 ubuntu devstack@keystone.service[81999]: DEBUG keystone.server.flask.request_processing.middleware.auth_context [None req-d4b87ae6-8cd8-4e42-a987-6ce84bd4b820 None admin] Validating token access rules against request {{(pid=81999) validate_allowed_request /opt/stack/data/venv/lib/python3.10/site-packages/keystonemiddleware/auth_token/__init__.py:545}}
Feb 24 04:18:31 ubuntu devstack@keystone.service[81999]: DEBUG keystone.server.flask.request_processing.middleware.auth_context [None req-6cb08f7a-78e8-4354-84e9-9061bbbab5f2 None admin] RBAC: auth_context: {'token': <TokenModel (audit_id=eIXDaW_HTkavjGYZUuYZ9w, audit_chain_id=['eIXDaW_HTkavjGYZUuYZ9w']) at 0x7f7a3bc54430>, 'domain_id': None, 'trust_id': None, 'trustor_id': None, 'trustee_id': None, 'domain_name': None, 'group_ids': [], 'user_id': '887c78aa0ded42faaf5269d13fc517b3', 'user_domain_id': 'default', 'system_scope': 'all', 'project_id': None, 'project_domain_id': None, 'roles': ['admin', 'manager', 'member', 'reader'], 'is_admin_project': True, 'service_user_id': None, 'service_user_domain_id': None, 'service_project_id': None, 'service_project_domain_id': None, 'service_roles': []} {{(pid=81999) fill_context /opt/stack/keystone/keystone/server/flask/request_processing/middleware/auth_context.py:509}}
Feb 24 04:18:31 ubuntu devstack@keystone.service[81999]: DEBUG keystone.server.flask.request_processing.req_logging [None req-6cb08f7a-78e8-4354-84e9-9061bbbab5f2 None admin] REQUEST_METHOD: `POST` {{(pid=81999) log_request_info /opt/stack/keystone/keystone/server/flask/request_processing/req_logging.py:26}}
Feb 24 04:18:31 ubuntu devstack@keystone.service[81999]: DEBUG keystone.server.flask.request_processing.req_logging [None req-6cb08f7a-78e8-4354-84e9-9061bbbab5f2 None admin] SCRIPT_NAME: `/identity` {{(pid=81999) log_request_info /opt/stack/keystone/keystone/server/flask/request_processing/req_logging.py:27}}
Feb 24 04:18:31 ubuntu devstack@keystone.service[81999]: DEBUG keystone.server.flask.request_processing.req_logging [None req-6cb08f7a-78e8-4354-84e9-9061bbbab5f2 None admin] PATH_INFO: `/v3/projects` {{(pid=81999) log_request_info /opt/stack/keystone/keystone/server/flask/request_processing/req_logging.py:28}}
Feb 24 04:18:31 ubuntu devstack@keystone.service[81999]: DEBUG keystone.common.rbac_enforcer.enforcer [None req-6cb08f7a-78e8-4354-84e9-9061bbbab5f2 None admin] RBAC: Authorizing `identity:create_project()` {{(pid=81999) enforce_call /opt/stack/keystone/keystone/common/rbac_enforcer/enforcer.py:494}}
Feb 24 04:18:31 ubuntu devstack@keystone.service[81999]: DEBUG keystone.common.rbac_enforcer.enforcer [None req-6cb08f7a-78e8-4354-84e9-9061bbbab5f2 None admin] RBAC: Authorization granted {{(pid=81999) enforce_call /opt/stack/keystone/keystone/common/rbac_enforcer/enforcer.py:505}}
Feb 24 04:18:31 ubuntu devstack@keystone.service[81998]: [pid: 81998|app: 0|req: 22/48] 10.201.5.82 () {60 vars in 1168 bytes} [Tue Feb 24 04:18:31 2026] POST /identity/v3/roles => generated 223 bytes in 296 msecs (HTTP/1.1 201) 5 headers in 182 bytes (2 switches on core 0)
Feb 24 04:18:31 ubuntu devstack@keystone.service[81999]: [pid: 81999|app: 0|req: 27/49] 10.201.5.82 () {60 vars in 1177 bytes} [Tue Feb 24 04:18:31 2026] POST /identity/v3/projects => generated 312 bytes in 85 msecs (HTTP/1.1 201) 5 headers in 182 bytes (1 switches on core 0)
Feb 24 04:18:32 ubuntu devstack@keystone.service[81998]: DEBUG keystone.server.flask.request_processing.req_logging [None req-d73344c2-a391-4d4e-9f16-d57c6d2c6eba None None] REQUEST_METHOD: `GET` {{(pid=81998) log_request_info /opt/stack/keystone/keystone/server/flask/request_processing/req_logging.py:26}}
Feb 24 04:18:32 ubuntu devstack@keystone.service[81998]: DEBUG keystone.server.flask.request_processing.req_logging [None req-d73344c2-a391-4d4e-9f16-d57c6d2c6eba None None] SCRIPT_NAME: `/identity` {{(pid=81998) log_request_info /opt/stack/keystone/keystone/server/flask/request_processing/req_logging.py:27}}
Feb 24 04:18:32 ubuntu devstack@keystone.service[81998]: DEBUG keystone.server.flask.request_processing.req_logging [None req-d73344c2-a391-4d4e-9f16-d57c6d2c6eba None None] PATH_INFO: `/` {{(pid=81998) log_request_info /opt/stack/keystone/keystone/server/flask/request_processing/req_logging.py:28}}
Feb 24 04:18:32 ubuntu devstack@keystone.service[81998]: [pid: 81998|app: 0|req: 23/50] 10.201.5.82 () {54 vars in 920 bytes} [Tue Feb 24 04:18:32 2026] GET /identity => generated 270 bytes in 7 msecs (HTTP/1.1 300) 6 headers in 234 bytes (1 switches on core 0)
Feb 24 04:18:32 ubuntu devstack@keystone.service[81999]: DEBUG keystone.server.flask.request_processing.req_logging [None req-174afcd9-947b-4044-9e9b-59b9bc27f684 None None] REQUEST_METHOD: `POST` {{(pid=81999) log_request_info /opt/stack/keystone/keystone/server/flask/request_processing/req_logging.py:26}}
Feb 24 04:18:32 ubuntu devstack@keystone.service[81999]: DEBUG keystone.server.flask.request_processing.req_logging [None req-174afcd9-947b-4044-9e9b-59b9bc27f684 None None] SCRIPT_NAME: `/identity` {{(pid=81999) log_request_info /opt/stack/keystone/keystone/server/flask/request_processing/req_logging.py:27}}
Feb 24 04:18:32 ubuntu devstack@keystone.service[81999]: DEBUG keystone.server.flask.request_processing.req_logging [None req-174afcd9-947b-4044-9e9b-59b9bc27f684 None None] PATH_INFO: `/v3/auth/tokens` {{(pid=81999) log_request_info /opt/stack/keystone/keystone/server/flask/request_processing/req_logging.py:28}}
