Nov 22 13:21:05 ubuntu devstack@keystone.service[69099]: ERROR keystone.server.flask.application     result.read()
Nov 22 13:21:05 ubuntu devstack@keystone.service[69099]: ERROR keystone.server.flask.application   File "/opt/stack/data/venv/lib/python3.10/site-packages/pymysql/connections.py", line 1199, in read
Nov 22 13:21:05 ubuntu devstack@keystone.service[69099]: ERROR keystone.server.flask.application     first_packet = self.connection._read_packet()
Nov 22 13:21:05 ubuntu devstack@keystone.service[69099]: ERROR keystone.server.flask.application   File "/opt/stack/data/venv/lib/python3.10/site-packages/pymysql/connections.py", line 775, in _read_packet
Nov 22 13:21:05 ubuntu devstack@keystone.service[69099]: ERROR keystone.server.flask.application     packet.raise_for_error()
Nov 22 13:21:05 ubuntu devstack@keystone.service[69099]: ERROR keystone.server.flask.application   File "/opt/stack/data/venv/lib/python3.10/site-packages/pymysql/protocol.py", line 219, in raise_for_error
Nov 22 13:21:05 ubuntu devstack@keystone.service[69099]: ERROR keystone.server.flask.application     err.raise_mysql_exception(self._data)
Nov 22 13:21:05 ubuntu devstack@keystone.service[69099]: ERROR keystone.server.flask.application   File "/opt/stack/data/venv/lib/python3.10/site-packages/pymysql/err.py", line 150, in raise_mysql_exception
Nov 22 13:21:05 ubuntu devstack@keystone.service[69099]: ERROR keystone.server.flask.application     raise errorclass(errno, errval)
Nov 22 13:21:05 ubuntu devstack@keystone.service[69099]: ERROR keystone.server.flask.application oslo_db.exception.DBDuplicateEntry: (pymysql.err.IntegrityError) (1062, "Duplicate entry 'service-<<null>>' for key 'role.ixu_role_name_domain_id'")
Nov 22 13:21:05 ubuntu devstack@keystone.service[69099]: ERROR keystone.server.flask.application [SQL: INSERT INTO `role` (id, name, description, extra) VALUES (%(id)s, %(name)s, %(description)s, %(extra)s)]
Nov 22 13:21:05 ubuntu devstack@keystone.service[69099]: ERROR keystone.server.flask.application [parameters: {'id': '4efe5b733e4247939e2363a4feada19a', 'name': 'service', 'description': None, 'extra': '{}'}]
Nov 22 13:21:05 ubuntu devstack@keystone.service[69099]: ERROR keystone.server.flask.application (Background on this error at: https://sqlalche.me/e/20/gkpj)
Nov 22 13:21:05 ubuntu devstack@keystone.service[69099]: ERROR keystone.server.flask.application 
Nov 22 13:21:05 ubuntu devstack@keystone.service[69099]: ERROR keystone.server.flask.application During handling of the above exception, another exception occurred:
Nov 22 13:21:05 ubuntu devstack@keystone.service[69099]: ERROR keystone.server.flask.application 
Nov 22 13:21:05 ubuntu devstack@keystone.service[69099]: ERROR keystone.server.flask.application Traceback (most recent call last):
Nov 22 13:21:05 ubuntu devstack@keystone.service[69099]: ERROR keystone.server.flask.application   File "/opt/stack/data/venv/lib/python3.10/site-packages/flask/app.py", line 880, in full_dispatch_request
Nov 22 13:21:05 ubuntu devstack@keystone.service[69099]: ERROR keystone.server.flask.application     rv = self.dispatch_request()
Nov 22 13:21:05 ubuntu devstack@keystone.service[69099]: ERROR keystone.server.flask.application   File "/opt/stack/data/venv/lib/python3.10/site-packages/flask/app.py", line 865, in dispatch_request
Nov 22 13:21:05 ubuntu devstack@keystone.service[69099]: ERROR keystone.server.flask.application     return self.ensure_sync(self.view_functions[rule.endpoint])(**view_args)  # type: ignore[no-any-return]
Nov 22 13:21:05 ubuntu devstack@keystone.service[69099]: ERROR keystone.server.flask.application   File "/opt/stack/data/venv/lib/python3.10/site-packages/flask_restful/__init__.py", line 489, in wrapper
Nov 22 13:21:05 ubuntu devstack@keystone.service[69099]: ERROR keystone.server.flask.application     resp = resource(*args, **kwargs)
Nov 22 13:21:05 ubuntu devstack@keystone.service[69099]: ERROR keystone.server.flask.application   File "/opt/stack/data/venv/lib/python3.10/site-packages/flask/views.py", line 110, in view
Nov 22 13:21:05 ubuntu devstack@keystone.service[69099]: ERROR keystone.server.flask.application     return current_app.ensure_sync(self.dispatch_request)(**kwargs)  # type: ignore[no-any-return]
Nov 22 13:21:05 ubuntu devstack@keystone.service[69099]: ERROR keystone.server.flask.application   File "/opt/stack/data/venv/lib/python3.10/site-packages/flask_restful/__init__.py", line 604, in dispatch_request
Nov 22 13:21:05 ubuntu devstack@keystone.service[69099]: ERROR keystone.server.flask.application     resp = meth(*args, **kwargs)
Nov 22 13:21:05 ubuntu devstack@keystone.service[69099]: ERROR keystone.server.flask.application   File "/opt/stack/keystone/keystone/api/roles.py", line 123, in post
Nov 22 13:21:05 ubuntu devstack@keystone.service[69099]: ERROR keystone.server.flask.application     ref = PROVIDERS.role_api.create_role(
Nov 22 13:21:05 ubuntu devstack@keystone.service[69099]: ERROR keystone.server.flask.application   File "/opt/stack/keystone/keystone/common/manager.py", line 108, in wrapped
Nov 22 13:21:05 ubuntu devstack@keystone.service[69099]: ERROR keystone.server.flask.application     __ret_val = __f(*args, **kwargs)
Nov 22 13:21:05 ubuntu devstack@keystone.service[69099]: ERROR keystone.server.flask.application   File "/opt/stack/keystone/keystone/assignment/core.py", line 1496, in create_role
Nov 22 13:21:05 ubuntu devstack@keystone.service[69099]: ERROR keystone.server.flask.application     ret = self.driver.create_role(role_id, role)
Nov 22 13:21:05 ubuntu devstack@keystone.service[69099]: ERROR keystone.server.flask.application   File "/opt/stack/keystone/keystone/common/sql/core.py", line 580, in wrapper
Nov 22 13:21:05 ubuntu devstack@keystone.service[69099]: ERROR keystone.server.flask.application     raise exception.Conflict(type=conflict_type, details=msg)
Nov 22 13:21:05 ubuntu devstack@keystone.service[69099]: ERROR keystone.server.flask.application keystone.exception.Conflict: Conflict occurred attempting to store role - Duplicate entry found with name service.
Nov 22 13:21:05 ubuntu devstack@keystone.service[69099]: ERROR keystone.server.flask.application 
Nov 22 13:21:05 ubuntu devstack@keystone.service[69099]: [pid: 69099|app: 0|req: 17/38] 10.201.5.82 () {60 vars in 1131 bytes} [Fri Nov 22 13:21:05 2024] POST /identity/v3/roles => generated 140 bytes in 113 msecs (HTTP/1.1 409) 5 headers in 183 bytes (1 switches on core 0)
Nov 22 13:21:05 ubuntu devstack@keystone.service[69099]: DEBUG keystone.server.flask.request_processing.middleware.auth_context [None req-6b96bcb0-dfc8-4d99-a4e0-bc3d06c862b2 None admin] Authenticating user token {{(pid=69099) process_request /opt/stack/data/venv/lib/python3.10/site-packages/keystonemiddleware/auth_token/__init__.py:406}}
Nov 22 13:21:05 ubuntu devstack@keystone.service[69099]: DEBUG keystone.server.flask.request_processing.middleware.auth_context [None req-6b96bcb0-dfc8-4d99-a4e0-bc3d06c862b2 None admin] Validating token access rules against request {{(pid=69099) validate_allowed_request /opt/stack/data/venv/lib/python3.10/site-packages/keystonemiddleware/auth_token/__init__.py:544}}
Nov 22 13:21:05 ubuntu devstack@keystone.service[69099]: DEBUG keystone.server.flask.request_processing.middleware.auth_context [None req-fca9e6d7-33e3-4096-a0a5-79cba0101dbf None admin] RBAC: auth_context: {'token': <TokenModel (audit_id=hV5NCbn6QuusQy4qt2F6nA, audit_chain_id=['hV5NCbn6QuusQy4qt2F6nA']) at 0x7fbfb6023490>, 'domain_id': None, 'trust_id': None, 'trustor_id': None, 'trustee_id': None, 'domain_name': None, 'group_ids': [], 'user_id': '66921b8c1aa844e9b5878e2102d2fbc5', 'user_domain_id': 'default', 'system_scope': 'all', 'project_id': None, 'project_domain_id': None, 'roles': ['admin', 'manager', 'member', 'reader'], 'is_admin_project': True, 'service_user_id': None, 'service_user_domain_id': None, 'service_project_id': None, 'service_project_domain_id': None, 'service_roles': []} {{(pid=69099) fill_context /opt/stack/keystone/keystone/server/flask/request_processing/middleware/auth_context.py:506}}
Nov 22 13:21:05 ubuntu devstack@keystone.service[69099]: DEBUG keystone.server.flask.request_processing.req_logging [None req-fca9e6d7-33e3-4096-a0a5-79cba0101dbf None admin] REQUEST_METHOD: `GET` {{(pid=69099) log_request_info /opt/stack/keystone/keystone/server/flask/request_processing/req_logging.py:26}}
Nov 22 13:21:05 ubuntu devstack@keystone.service[69099]: DEBUG keystone.server.flask.request_processing.req_logging [None req-fca9e6d7-33e3-4096-a0a5-79cba0101dbf None admin] SCRIPT_NAME: `/identity` {{(pid=69099) log_request_info /opt/stack/keystone/keystone/server/flask/request_processing/req_logging.py:27}}
Nov 22 13:21:05 ubuntu devstack@keystone.service[69099]: DEBUG keystone.server.flask.request_processing.req_logging [None req-fca9e6d7-33e3-4096-a0a5-79cba0101dbf None admin] PATH_INFO: `/v3/roles/service` {{(pid=69099) log_request_info /opt/stack/keystone/keystone/server/flask/request_processing/req_logging.py:28}}
Nov 22 13:21:05 ubuntu devstack@keystone.service[69098]: [pid: 69098|app: 0|req: 22/39] 10.201.5.82 () {60 vars in 1131 bytes} [Fri Nov 22 13:21:05 2024] POST /identity/v3/roles => generated 225 bytes in 188 msecs (HTTP/1.1 201) 5 headers in 182 bytes (1 switches on core 0)
Nov 22 13:21:05 ubuntu devstack@keystone.service[69099]: DEBUG keystone.common.rbac_enforcer.enforcer [None req-fca9e6d7-33e3-4096-a0a5-79cba0101dbf None admin] Extracting inferred target data resulted in "NOT FOUND (404)". {{(pid=69099) enforce_call /opt/stack/keystone/keystone/common/rbac_enforcer/enforcer.py:445}}
Nov 22 13:21:05 ubuntu devstack@keystone.service[69099]: DEBUG keystone.server.flask.application [None req-fca9e6d7-33e3-4096-a0a5-79cba0101dbf None admin] Could not find role: service. {{(pid=69099) _handle_keystone_exception /opt/stack/keystone/keystone/server/flask/application.py:152}}
Nov 22 13:21:05 ubuntu devstack@keystone.service[69099]: [pid: 69099|app: 0|req: 18/40] 10.201.5.82 () {56 vars in 1102 bytes} [Fri Nov 22 13:21:05 2024] GET /identity/v3/roles/service => generated 85 bytes in 85 msecs (HTTP/1.1 404) 5 headers in 183 bytes (1 switches on core 0)
Nov 22 13:21:05 ubuntu devstack@keystone.service[69098]: DEBUG keystone.server.flask.request_processing.middleware.auth_context [None req-a69dae79-598d-4471-83a3-850196bb9701 None admin] Authenticating user token {{(pid=69098) process_request /opt/stack/data/venv/lib/python3.10/site-packages/keystonemiddleware/auth_token/__init__.py:406}}
Nov 22 13:21:05 ubuntu devstack@keystone.service[69098]: DEBUG keystone.server.flask.request_processing.middleware.auth_context [None req-a69dae79-598d-4471-83a3-850196bb9701 None admin] Validating token access rules against request {{(pid=69098) validate_allowed_request /opt/stack/data/venv/lib/python3.10/site-packages/keystonemiddleware/auth_token/__init__.py:544}}
Nov 22 13:21:05 ubuntu devstack@keystone.service[69098]: DEBUG keystone.server.flask.request_processing.middleware.auth_context [None req-b0814eb1-ee46-45af-ade0-74dab8092cc9 None admin] RBAC: auth_context: {'token': <TokenModel (audit_id=hV5NCbn6QuusQy4qt2F6nA, audit_chain_id=['hV5NCbn6QuusQy4qt2F6nA']) at 0x7fbfb65e80a0>, 'domain_id': None, 'trust_id': None, 'trustor_id': None, 'trustee_id': None, 'domain_name': None, 'group_ids': [], 'user_id': '66921b8c1aa844e9b5878e2102d2fbc5', 'user_domain_id': 'default', 'system_scope': 'all', 'project_id': None, 'project_domain_id': None, 'roles': ['admin', 'manager', 'member', 'reader'], 'is_admin_project': True, 'service_user_id': None, 'service_user_domain_id': None, 'service_project_id': None, 'service_project_domain_id': None, 'service_roles': []} {{(pid=69098) fill_context /opt/stack/keystone/keystone/server/flask/request_processing/middleware/auth_context.py:506}}
Nov 22 13:21:05 ubuntu devstack@keystone.service[69098]: DEBUG keystone.server.flask.request_processing.req_logging [None req-b0814eb1-ee46-45af-ade0-74dab8092cc9 None admin] REQUEST_METHOD: `GET` {{(pid=69098) log_request_info /opt/stack/keystone/keystone/server/flask/request_processing/req_logging.py:26}}
Nov 22 13:21:05 ubuntu devstack@keystone.service[69098]: DEBUG keystone.server.flask.request_processing.req_logging [None req-b0814eb1-ee46-45af-ade0-74dab8092cc9 None admin] SCRIPT_NAME: `/identity` {{(pid=69098) log_request_info /opt/stack/keystone/keystone/server/flask/request_processing/req_logging.py:27}}
Nov 22 13:21:05 ubuntu devstack@keystone.service[69098]: DEBUG keystone.server.flask.request_processing.req_logging [None req-b0814eb1-ee46-45af-ade0-74dab8092cc9 None admin] PATH_INFO: `/v3/roles` {{(pid=69098) log_request_info /opt/stack/keystone/keystone/server/flask/request_processing/req_logging.py:28}}
Nov 22 13:21:05 ubuntu devstack@keystone.service[69098]: DEBUG keystone.common.rbac_enforcer.enforcer [None req-b0814eb1-ee46-45af-ade0-74dab8092cc9 None admin] RBAC: Adding query filter params (name=service) {{(pid=69098) _extract_filter_values /opt/stack/keystone/keystone/common/rbac_enforcer/enforcer.py:176}}
Nov 22 13:21:05 ubuntu devstack@keystone.service[69098]: DEBUG keystone.common.rbac_enforcer.enforcer [None req-b0814eb1-ee46-45af-ade0-74dab8092cc9 None admin] RBAC: Authorizing `identity:list_roles()` {{(pid=69098) enforce_call /opt/stack/keystone/keystone/common/rbac_enforcer/enforcer.py:495}}
Nov 22 13:21:05 ubuntu devstack@keystone.service[69098]: DEBUG keystone.common.rbac_enforcer.enforcer [None req-b0814eb1-ee46-45af-ade0-74dab8092cc9 None admin] RBAC: Authorization granted {{(pid=69098) enforce_call /opt/stack/keystone/keystone/common/rbac_enforcer/enforcer.py:506}}
Nov 22 13:21:05 ubuntu devstack@keystone.service[69098]: [pid: 69098|app: 0|req: 23/41] 10.201.5.82 () {56 vars in 1103 bytes} [Fri Nov 22 13:21:05 2024] GET /identity/v3/roles?name=service => generated 343 bytes in 77 msecs (HTTP/1.1 200) 5 headers in 177 bytes (1 switches on core 0)
Nov 22 13:21:05 ubuntu devstack@keystone.service[69099]: DEBUG keystone.server.flask.request_processing.req_logging [None req-7eefdc3b-c455-4e4b-9a76-15eee8fd486d None None] REQUEST_METHOD: `GET` {{(pid=69099) log_request_info /opt/stack/keystone/keystone/server/flask/request_processing/req_logging.py:26}}
Nov 22 13:21:05 ubuntu devstack@keystone.service[69099]: DEBUG keystone.server.flask.request_processing.req_logging [None req-7eefdc3b-c455-4e4b-9a76-15eee8fd486d None None] SCRIPT_NAME: `/identity` {{(pid=69099) log_request_info /opt/stack/keystone/keystone/server/flask/request_processing/req_logging.py:27}}
Nov 22 13:21:05 ubuntu devstack@keystone.service[69099]: DEBUG keystone.server.flask.request_processing.req_logging [None req-7eefdc3b-c455-4e4b-9a76-15eee8fd486d None None] PATH_INFO: `/` {{(pid=69099) log_request_info /opt/stack/keystone/keystone/server/flask/request_processing/req_logging.py:28}}
Nov 22 13:21:05 ubuntu devstack@keystone.service[69099]: [pid: 69099|app: 0|req: 19/42] 10.201.5.82 () {54 vars in 926 bytes} [Fri Nov 22 13:21:05 2024] GET /identity => generated 270 bytes in 5 msecs (HTTP/1.1 300) 6 headers in 234 bytes (1 switches on core 0)
Nov 22 13:21:05 ubuntu devstack@keystone.service[69098]: DEBUG keystone.server.flask.request_processing.req_logging [None req-d70087dd-c3c3-43fc-b4a4-ec8e1da5e0a1 None None] REQUEST_METHOD: `POST` {{(pid=69098) log_request_info /opt/stack/keystone/keystone/server/flask/request_processing/req_logging.py:26}}
Nov 22 13:21:05 ubuntu devstack@keystone.service[69098]: DEBUG keystone.server.flask.request_processing.req_logging [None req-d70087dd-c3c3-43fc-b4a4-ec8e1da5e0a1 None None] SCRIPT_NAME: `/identity` {{(pid=69098) log_request_info /opt/stack/keystone/keystone/server/flask/request_processing/req_logging.py:27}}
Nov 22 13:21:05 ubuntu devstack@keystone.service[69098]: DEBUG keystone.server.flask.request_processing.req_logging [None req-d70087dd-c3c3-43fc-b4a4-ec8e1da5e0a1 None None] PATH_INFO: `/v3/auth/tokens` {{(pid=69098) log_request_info /opt/stack/keystone/keystone/server/flask/request_processing/req_logging.py:28}}
Nov 22 13:21:05 ubuntu devstack@keystone.service[69099]: DEBUG keystone.server.flask.request_processing.req_logging [None req-5458e0f9-8802-4bbe-aed6-69a17f90ae15 None None] REQUEST_METHOD: `GET` {{(pid=69099) log_request_info /opt/stack/keystone/keystone/server/flask/request_processing/req_logging.py:26}}
Nov 22 13:21:05 ubuntu devstack@keystone.service[69099]: DEBUG keystone.server.flask.request_processing.req_logging [None req-5458e0f9-8802-4bbe-aed6-69a17f90ae15 None None] SCRIPT_NAME: `/identity` {{(pid=69099) log_request_info /opt/stack/keystone/keystone/server/flask/request_processing/req_logging.py:27}}
Nov 22 13:21:05 ubuntu devstack@keystone.service[69099]: DEBUG keystone.server.flask.request_processing.req_logging [None req-5458e0f9-8802-4bbe-aed6-69a17f90ae15 None None] PATH_INFO: `/` {{(pid=69099) log_request_info /opt/stack/keystone/keystone/server/flask/request_processing/req_logging.py:28}}
Nov 22 13:21:05 ubuntu devstack@keystone.service[69099]: [pid: 69099|app: 0|req: 20/43] 10.201.5.82 () {54 vars in 926 bytes} [Fri Nov 22 13:21:05 2024] GET /identity => generated 270 bytes in 2 msecs (HTTP/1.1 300) 6 headers in 234 bytes (2 switches on core 0)
Nov 22 13:21:05 ubuntu devstack@keystone.service[69098]: WARNING keystone.common.password_hashing [None req-d70087dd-c3c3-43fc-b4a4-ec8e1da5e0a1 None None] Truncating password to algorithm specific maximum length 72 characters.
Nov 22 13:21:05 ubuntu devstack@keystone.service[69099]: DEBUG keystone.server.flask.request_processing.req_logging [None req-d62c22e6-81eb-4ec2-bf7e-df3f81f5d6b3 None None] REQUEST_METHOD: `POST` {{(pid=69099) log_request_info /opt/stack/keystone/keystone/server/flask/request_processing/req_logging.py:26}}
Nov 22 13:21:05 ubuntu devstack@keystone.service[69099]: DEBUG keystone.server.flask.request_processing.req_logging [None req-d62c22e6-81eb-4ec2-bf7e-df3f81f5d6b3 None None] SCRIPT_NAME: `/identity` {{(pid=69099) log_request_info /opt/stack/keystone/keystone/server/flask/request_processing/req_logging.py:27}}
Nov 22 13:21:05 ubuntu devstack@keystone.service[69099]: DEBUG keystone.server.flask.request_processing.req_logging [None req-d62c22e6-81eb-4ec2-bf7e-df3f81f5d6b3 None None] PATH_INFO: `/v3/auth/tokens` {{(pid=69099) log_request_info /opt/stack/keystone/keystone/server/flask/request_processing/req_logging.py:28}}
Nov 22 13:21:05 ubuntu devstack@keystone.service[69098]: DEBUG keystone.auth.core [None req-d70087dd-c3c3-43fc-b4a4-ec8e1da5e0a1 None None] MFA Rules not processed for user `66921b8c1aa844e9b5878e2102d2fbc5`. Rule list: `[]` (Enabled: `True`). {{(pid=69098) check_auth_methods_against_rules /opt/stack/keystone/keystone/auth/core.py:476}}
Nov 22 13:21:05 ubuntu devstack@keystone.service[69098]: DEBUG keystone.common.fernet_utils [None req-d70087dd-c3c3-43fc-b4a4-ec8e1da5e0a1 None None] Loaded 2 Fernet keys from /etc/keystone/fernet-keys/, but `[fernet_tokens] max_active_keys = 3`; perhaps there have not been enough key rotations to reach `max_active_keys` yet? {{(pid=69098) load_keys /opt/stack/keystone/keystone/common/fernet_utils.py:297}}
Nov 22 13:21:05 ubuntu devstack@keystone.service[69099]: WARNING keystone.common.password_hashing [None req-d62c22e6-81eb-4ec2-bf7e-df3f81f5d6b3 None None] Truncating password to algorithm specific maximum length 72 characters.
Nov 22 13:21:05 ubuntu devstack@keystone.service[69099]: DEBUG keystone.auth.core [None req-d62c22e6-81eb-4ec2-bf7e-df3f81f5d6b3 None None] MFA Rules not processed for user `66921b8c1aa844e9b5878e2102d2fbc5`. Rule list: `[]` (Enabled: `True`). {{(pid=69099) check_auth_methods_against_rules /opt/stack/keystone/keystone/auth/core.py:476}}
Nov 22 13:21:05 ubuntu devstack@keystone.service[69099]: DEBUG keystone.common.fernet_utils [None req-d62c22e6-81eb-4ec2-bf7e-df3f81f5d6b3 None None] Loaded 2 Fernet keys from /etc/keystone/fernet-keys/, but `[fernet_tokens] max_active_keys = 3`; perhaps there have not been enough key rotations to reach `max_active_keys` yet? {{(pid=69099) load_keys /opt/stack/keystone/keystone/common/fernet_utils.py:297}}
Nov 22 13:21:05 ubuntu devstack@keystone.service[69098]: [pid: 69098|app: 0|req: 24/44] 10.201.5.82 () {58 vars in 1023 bytes} [Fri Nov 22 13:21:05 2024] POST /identity/v3/auth/tokens => generated 862 bytes in 65 msecs (HTTP/1.1 201) 6 headers in 363 bytes (2 switches on core 0)
Nov 22 13:21:05 ubuntu devstack@keystone.service[69099]: [pid: 69099|app: 0|req: 21/45] 10.201.5.82 () {58 vars in 1023 bytes} [Fri Nov 22 13:21:05 2024] POST /identity/v3/auth/tokens => generated 862 bytes in 61 msecs (HTTP/1.1 201) 6 headers in 363 bytes (2 switches on core 0)
Nov 22 13:21:05 ubuntu devstack@keystone.service[69098]: DEBUG keystone.server.flask.request_processing.middleware.auth_context [None req-d70087dd-c3c3-43fc-b4a4-ec8e1da5e0a1 None None] Authenticating user token {{(pid=69098) process_request /opt/stack/data/venv/lib/python3.10/site-packages/keystonemiddleware/auth_token/__init__.py:406}}
Nov 22 13:21:05 ubuntu devstack@keystone.service[69099]: DEBUG keystone.server.flask.request_processing.middleware.auth_context [None req-d62c22e6-81eb-4ec2-bf7e-df3f81f5d6b3 None None] Authenticating user token {{(pid=69099) process_request /opt/stack/data/venv/lib/python3.10/site-packages/keystonemiddleware/auth_token/__init__.py:406}}
Nov 22 13:21:05 ubuntu devstack@keystone.service[69098]: DEBUG keystone.server.flask.request_processing.middleware.auth_context [None req-d70087dd-c3c3-43fc-b4a4-ec8e1da5e0a1 None None] Validating token access rules against request {{(pid=69098) validate_allowed_request /opt/stack/data/venv/lib/python3.10/site-packages/keystonemiddleware/auth_token/__init__.py:544}}
Nov 22 13:21:05 ubuntu devstack@keystone.service[69099]: DEBUG keystone.server.flask.request_processing.middleware.auth_context [None req-d62c22e6-81eb-4ec2-bf7e-df3f81f5d6b3 None None] Validating token access rules against request {{(pid=69099) validate_allowed_request /opt/stack/data/venv/lib/python3.10/site-packages/keystonemiddleware/auth_token/__init__.py:544}}
Nov 22 13:21:05 ubuntu devstack@keystone.service[69098]: DEBUG keystone.server.flask.request_processing.middleware.auth_context [None req-3fd91ff5-1063-4ad5-afc8-c51946fd789d None admin] RBAC: auth_context: {'token': <TokenModel (audit_id=FrXfe1U2TCS9Z1ygJgxs4A, audit_chain_id=['FrXfe1U2TCS9Z1ygJgxs4A']) at 0x7fbfb657f7c0>, 'domain_id': None, 'trust_id': None, 'trustor_id': None, 'trustee_id': None, 'domain_name': None, 'group_ids': [], 'user_id': '66921b8c1aa844e9b5878e2102d2fbc5', 'user_domain_id': 'default', 'system_scope': 'all', 'project_id': None, 'project_domain_id': None, 'roles': ['admin', 'manager', 'member', 'reader'], 'is_admin_project': True, 'service_user_id': None, 'service_user_domain_id': None, 'service_project_id': None, 'service_project_domain_id': None, 'service_roles': []} {{(pid=69098) fill_context /opt/stack/keystone/keystone/server/flask/request_processing/middleware/auth_context.py:506}}
Nov 22 13:21:05 ubuntu devstack@keystone.service[69098]: DEBUG keystone.server.flask.request_processing.req_logging [None req-3fd91ff5-1063-4ad5-afc8-c51946fd789d None admin] REQUEST_METHOD: `GET` {{(pid=69098) log_request_info /opt/stack/keystone/keystone/server/flask/request_processing/req_logging.py:26}}
Nov 22 13:21:05 ubuntu devstack@keystone.service[69098]: DEBUG keystone.server.flask.request_processing.req_logging [None req-3fd91ff5-1063-4ad5-afc8-c51946fd789d None admin] SCRIPT_NAME: `/identity` {{(pid=69098) log_request_info /opt/stack/keystone/keystone/server/flask/request_processing/req_logging.py:27}}
Nov 22 13:21:05 ubuntu devstack@keystone.service[69098]: DEBUG keystone.server.flask.request_processing.req_logging [None req-3fd91ff5-1063-4ad5-afc8-c51946fd789d None admin] PATH_INFO: `/v3/domains/default` {{(pid=69098) log_request_info /opt/stack/keystone/keystone/server/flask/request_processing/req_logging.py:28}}
Nov 22 13:21:05 ubuntu devstack@keystone.service[69098]: DEBUG keystone.common.rbac_enforcer.enforcer [None req-3fd91ff5-1063-4ad5-afc8-c51946fd789d None admin] RBAC: Authorizing `identity:get_domain(domain_id=default)` {{(pid=69098) enforce_call /opt/stack/keystone/keystone/common/rbac_enforcer/enforcer.py:495}}
Nov 22 13:21:05 ubuntu devstack@keystone.service[69098]: DEBUG keystone.common.rbac_enforcer.enforcer [None req-3fd91ff5-1063-4ad5-afc8-c51946fd789d None admin] RBAC: Authorization granted {{(pid=69098) enforce_call /opt/stack/keystone/keystone/common/rbac_enforcer/enforcer.py:506}}
Nov 22 13:21:05 ubuntu devstack@keystone.service[69098]: [pid: 69098|app: 0|req: 25/46] 10.201.5.82 () {56 vars in 1108 bytes} [Fri Nov 22 13:21:05 2024] GET /identity/v3/domains/default => generated 199 bytes in 71 msecs (HTTP/1.1 200) 5 headers in 177 bytes (1 switches on core 0)
Nov 22 13:21:05 ubuntu devstack@keystone.service[69098]: DEBUG keystone.server.flask.request_processing.middleware.auth_context [None req-3fd91ff5-1063-4ad5-afc8-c51946fd789d None admin] Authenticating user token {{(pid=69098) process_request /opt/stack/data/venv/lib/python3.10/site-packages/keystonemiddleware/auth_token/__init__.py:406}}
Nov 22 13:21:05 ubuntu devstack@keystone.service[69099]: DEBUG keystone.server.flask.request_processing.middleware.auth_context [None req-338a895e-468b-47ec-94e4-15105fb86f18 None admin] RBAC: auth_context: {'token': <TokenModel (audit_id=cdaZpA2nSWevZNJvecTDrg, audit_chain_id=['cdaZpA2nSWevZNJvecTDrg']) at 0x7fbfb6020e20>, 'domain_id': None, 'trust_id': None, 'trustor_id': None, 'trustee_id': None, 'domain_name': None, 'group_ids': [], 'user_id': '66921b8c1aa844e9b5878e2102d2fbc5', 'user_domain_id': 'default', 'system_scope': 'all', 'project_id': None, 'project_domain_id': None, 'roles': ['admin', 'manager', 'member', 'reader'], 'is_admin_project': True, 'service_user_id': None, 'service_user_domain_id': None, 'service_project_id': None, 'service_project_domain_id': None, 'service_roles': []} {{(pid=69099) fill_context /opt/stack/keystone/keystone/server/flask/request_processing/middleware/auth_context.py:506}}
Nov 22 13:21:05 ubuntu devstack@keystone.service[69099]: DEBUG keystone.server.flask.request_processing.req_logging [None req-338a895e-468b-47ec-94e4-15105fb86f18 None admin] REQUEST_METHOD: `POST` {{(pid=69099) log_request_info /opt/stack/keystone/keystone/server/flask/request_processing/req_logging.py:26}}
Nov 22 13:21:05 ubuntu devstack@keystone.service[69099]: DEBUG keystone.server.flask.request_processing.req_logging [None req-338a895e-468b-47ec-94e4-15105fb86f18 None admin] SCRIPT_NAME: `/identity` {{(pid=69099) log_request_info /opt/stack/keystone/keystone/server/flask/request_processing/req_logging.py:27}}
Nov 22 13:21:05 ubuntu devstack@keystone.service[69099]: DEBUG keystone.server.flask.request_processing.req_logging [None req-338a895e-468b-47ec-94e4-15105fb86f18 None admin] PATH_INFO: `/v3/roles` {{(pid=69099) log_request_info /opt/stack/keystone/keystone/server/flask/request_processing/req_logging.py:28}}
Nov 22 13:21:05 ubuntu devstack@keystone.service[69099]: DEBUG keystone.common.rbac_enforcer.enforcer [None req-338a895e-468b-47ec-94e4-15105fb86f18 None admin] RBAC: Authorizing `identity:create_role()` {{(pid=69099) enforce_call /opt/stack/keystone/keystone/common/rbac_enforcer/enforcer.py:495}}
Nov 22 13:21:05 ubuntu devstack@keystone.service[69099]: DEBUG keystone.common.rbac_enforcer.enforcer [None req-338a895e-468b-47ec-94e4-15105fb86f18 None admin] RBAC: Authorization granted {{(pid=69099) enforce_call /opt/stack/keystone/keystone/common/rbac_enforcer/enforcer.py:506}}
Nov 22 13:21:05 ubuntu devstack@keystone.service[69099]: [pid: 69099|app: 0|req: 22/47] 10.201.5.82 () {60 vars in 1131 bytes} [Fri Nov 22 13:21:05 2024] POST /identity/v3/roles => generated 223 bytes in 82 msecs (HTTP/1.1 201) 5 headers in 182 bytes (1 switches on core 0)
Nov 22 13:21:05 ubuntu devstack@keystone.service[69098]: DEBUG keystone.server.flask.request_processing.middleware.auth_context [None req-3fd91ff5-1063-4ad5-afc8-c51946fd789d None admin] Validating token access rules against request {{(pid=69098) validate_allowed_request /opt/stack/data/venv/lib/python3.10/site-packages/keystonemiddleware/auth_token/__init__.py:544}}
Nov 22 13:21:05 ubuntu devstack@keystone.service[69098]: DEBUG keystone.server.flask.request_processing.middleware.auth_context [None req-c296a7e7-f555-4a25-85ef-4605ed4796da None admin] RBAC: auth_context: {'token': <TokenModel (audit_id=FrXfe1U2TCS9Z1ygJgxs4A, audit_chain_id=['FrXfe1U2TCS9Z1ygJgxs4A']) at 0x7fbfb6261f00>, 'domain_id': None, 'trust_id': None, 'trustor_id': None, 'trustee_id': None, 'domain_name': None, 'group_ids': [], 'user_id': '66921b8c1aa844e9b5878e2102d2fbc5', 'user_domain_id': 'default', 'system_scope': 'all', 'project_id': None, 'project_domain_id': None, 'roles': ['admin', 'manager', 'member', 'reader'], 'is_admin_project': True, 'service_user_id': None, 'service_user_domain_id': None, 'service_project_id': None, 'service_project_domain_id': None, 'service_roles': []} {{(pid=69098) fill_context /opt/stack/keystone/keystone/server/flask/request_processing/middleware/auth_context.py:506}}
Nov 22 13:21:05 ubuntu devstack@keystone.service[69098]: DEBUG keystone.server.flask.request_processing.req_logging [None req-c296a7e7-f555-4a25-85ef-4605ed4796da None admin] REQUEST_METHOD: `POST` {{(pid=69098) log_request_info /opt/stack/keystone/keystone/server/flask/request_processing/req_logging.py:26}}
Nov 22 13:21:05 ubuntu devstack@keystone.service[69098]: DEBUG keystone.server.flask.request_processing.req_logging [None req-c296a7e7-f555-4a25-85ef-4605ed4796da None admin] SCRIPT_NAME: `/identity` {{(pid=69098) log_request_info /opt/stack/keystone/keystone/server/flask/request_processing/req_logging.py:27}}
Nov 22 13:21:05 ubuntu devstack@keystone.service[69098]: DEBUG keystone.server.flask.request_processing.req_logging [None req-c296a7e7-f555-4a25-85ef-4605ed4796da None admin] PATH_INFO: `/v3/projects` {{(pid=69098) log_request_info /opt/stack/keystone/keystone/server/flask/request_processing/req_logging.py:28}}
Nov 22 13:21:05 ubuntu devstack@keystone.service[69098]: DEBUG keystone.common.rbac_enforcer.enforcer [None req-c296a7e7-f555-4a25-85ef-4605ed4796da None admin] RBAC: Authorizing `identity:create_project()` {{(pid=69098) enforce_call /opt/stack/keystone/keystone/common/rbac_enforcer/enforcer.py:495}}
Nov 22 13:21:05 ubuntu devstack@keystone.service[69098]: DEBUG keystone.common.rbac_enforcer.enforcer [None req-c296a7e7-f555-4a25-85ef-4605ed4796da None admin] RBAC: Authorization granted {{(pid=69098) enforce_call /opt/stack/keystone/keystone/common/rbac_enforcer/enforcer.py:506}}
Nov 22 13:21:05 ubuntu devstack@keystone.service[69098]: [pid: 69098|app: 0|req: 26/48] 10.201.5.82 () {60 vars in 1141 bytes} [Fri Nov 22 13:21:05 2024] POST /identity/v3/projects => generated 312 bytes in 89 msecs (HTTP/1.1 201) 5 headers in 182 bytes (1 switches on core 0)
Nov 22 13:21:07 ubuntu devstack@keystone.service[69099]: DEBUG keystone.server.flask.request_processing.req_logging [None req-993858de-6144-4f3e-88e1-22d70234ed01 None None] REQUEST_METHOD: `GET` {{(pid=69099) log_request_info /opt/stack/keystone/keystone/server/flask/request_processing/req_logging.py:26}}
Nov 22 13:21:07 ubuntu devstack@keystone.service[69099]: DEBUG keystone.server.flask.request_processing.req_logging [None req-993858de-6144-4f3e-88e1-22d70234ed01 None None] SCRIPT_NAME: `/identity` {{(pid=69099) log_request_info /opt/stack/keystone/keystone/server/flask/request_processing/req_logging.py:27}}
Nov 22 13:21:07 ubuntu devstack@keystone.service[69099]: DEBUG keystone.server.flask.request_processing.req_logging [None req-993858de-6144-4f3e-88e1-22d70234ed01 None None] PATH_INFO: `/` {{(pid=69099) log_request_info /opt/stack/keystone/keystone/server/flask/request_processing/req_logging.py:28}}
Nov 22 13:21:07 ubuntu devstack@keystone.service[69099]: [pid: 69099|app: 0|req: 23/49] 10.201.5.82 () {54 vars in 926 bytes} [Fri Nov 22 13:21:07 2024] GET /identity => generated 270 bytes in 5 msecs (HTTP/1.1 300) 6 headers in 234 bytes (1 switches on core 0)
Nov 22 13:21:07 ubuntu devstack@keystone.service[69098]: DEBUG keystone.server.flask.request_processing.req_logging [None req-d5622985-b2c0-4133-974a-7dac347846a8 None None] REQUEST_METHOD: `POST` {{(pid=69098) log_request_info /opt/stack/keystone/keystone/server/flask/request_processing/req_logging.py:26}}
Nov 22 13:21:07 ubuntu devstack@keystone.service[69098]: DEBUG keystone.server.flask.request_processing.req_logging [None req-d5622985-b2c0-4133-974a-7dac347846a8 None None] SCRIPT_NAME: `/identity` {{(pid=69098) log_request_info /opt/stack/keystone/keystone/server/flask/request_processing/req_logging.py:27}}
Nov 22 13:21:07 ubuntu devstack@keystone.service[69098]: DEBUG keystone.server.flask.request_processing.req_logging [None req-d5622985-b2c0-4133-974a-7dac347846a8 None None] PATH_INFO: `/v3/auth/tokens` {{(pid=69098) log_request_info /opt/stack/keystone/keystone/server/flask/request_processing/req_logging.py:28}}
Nov 22 13:21:07 ubuntu devstack@keystone.service[69098]: WARNING keystone.common.password_hashing [None req-d5622985-b2c0-4133-974a-7dac347846a8 None None] Truncating password to algorithm specific maximum length 72 characters.
Nov 22 13:21:07 ubuntu devstack@keystone.service[69098]: DEBUG keystone.auth.core [None req-d5622985-b2c0-4133-974a-7dac347846a8 None None] MFA Rules not processed for user `66921b8c1aa844e9b5878e2102d2fbc5`. Rule list: `[]` (Enabled: `True`). {{(pid=69098) check_auth_methods_against_rules /opt/stack/keystone/keystone/auth/core.py:476}}
Nov 22 13:21:07 ubuntu devstack@keystone.service[69098]: DEBUG keystone.common.fernet_utils [None req-d5622985-b2c0-4133-974a-7dac347846a8 None None] Loaded 2 Fernet keys from /etc/keystone/fernet-keys/, but `[fernet_tokens] max_active_keys = 3`; perhaps there have not been enough key rotations to reach `max_active_keys` yet? {{(pid=69098) load_keys /opt/stack/keystone/keystone/common/fernet_utils.py:297}}
Nov 22 13:21:07 ubuntu devstack@keystone.service[69098]: [pid: 69098|app: 0|req: 27/50] 10.201.5.82 () {58 vars in 1023 bytes} [Fri Nov 22 13:21:07 2024] POST /identity/v3/auth/tokens => generated 862 bytes in 56 msecs (HTTP/1.1 201) 6 headers in 363 bytes (2 switches on core 0)
Nov 22 13:21:07 ubuntu devstack@keystone.service[69099]: DEBUG keystone.server.flask.request_processing.middleware.auth_context [None req-993858de-6144-4f3e-88e1-22d70234ed01 None None] Authenticating user token {{(pid=69099) process_request /opt/stack/data/venv/lib/python3.10/site-packages/keystonemiddleware/auth_token/__init__.py:406}}
Nov 22 13:21:07 ubuntu devstack@keystone.service[69099]: DEBUG keystone.server.flask.request_processing.middleware.auth_context [None req-993858de-6144-4f3e-88e1-22d70234ed01 None None] Validating token access rules against request {{(pid=69099) validate_allowed_request /opt/stack/data/venv/lib/python3.10/site-packages/keystonemiddleware/auth_token/__init__.py:544}}
Nov 22 13:21:07 ubuntu devstack@keystone.service[69099]: DEBUG keystone.server.flask.request_processing.middleware.auth_context [None req-e949ae8e-c10c-422a-baf0-fd284a011e54 None admin] RBAC: auth_context: {'token': <TokenModel (audit_id=447JFGwuSR-1iSmbKzpukA, audit_chain_id=['447JFGwuSR-1iSmbKzpukA']) at 0x7fbfb60211b0>, 'domain_id': None, 'trust_id': None, 'trustor_id': None, 'trustee_id': None, 'domain_name': None, 'group_ids': [], 'user_id': '66921b8c1aa844e9b5878e2102d2fbc5', 'user_domain_id': 'default', 'system_scope': 'all', 'project_id': None, 'project_domain_id': None, 'roles': ['admin', 'manager', 'member', 'reader'], 'is_admin_project': True, 'service_user_id': None, 'service_user_domain_id': None, 'service_project_id': None, 'service_project_domain_id': None, 'service_roles': []} {{(pid=69099) fill_context /opt/stack/keystone/keystone/server/flask/request_processing/middleware/auth_context.py:506}}
Nov 22 13:21:07 ubuntu devstack@keystone.service[69099]: DEBUG keystone.server.flask.request_processing.req_logging [None req-e949ae8e-c10c-422a-baf0-fd284a011e54 None admin] REQUEST_METHOD: `GET` {{(pid=69099) log_request_info /opt/stack/keystone/keystone/server/flask/request_processing/req_logging.py:26}}
Nov 22 13:21:07 ubuntu devstack@keystone.service[69099]: DEBUG keystone.server.flask.request_processing.req_logging [None req-e949ae8e-c10c-422a-baf0-fd284a011e54 None admin] SCRIPT_NAME: `/identity` {{(pid=69099) log_request_info /opt/stack/keystone/keystone/server/flask/request_processing/req_logging.py:27}}
Nov 22 13:21:07 ubuntu devstack@keystone.service[69099]: DEBUG keystone.server.flask.request_processing.req_logging [None req-e949ae8e-c10c-422a-baf0-fd284a011e54 None admin] PATH_INFO: `/v3/domains/default` {{(pid=69099) log_request_info /opt/stack/keystone/keystone/server/flask/request_processing/req_logging.py:28}}
Nov 22 13:21:07 ubuntu devstack@keystone.service[69099]: DEBUG keystone.common.rbac_enforcer.enforcer [None req-e949ae8e-c10c-422a-baf0-fd284a011e54 None admin] RBAC: Authorizing `identity:get_domain(domain_id=default)` {{(pid=69099) enforce_call /opt/stack/keystone/keystone/common/rbac_enforcer/enforcer.py:495}}
Nov 22 13:21:07 ubuntu devstack@keystone.service[69099]: DEBUG keystone.common.rbac_enforcer.enforcer [None req-e949ae8e-c10c-422a-baf0-fd284a011e54 None admin] RBAC: Authorization granted {{(pid=69099) enforce_call /opt/stack/keystone/keystone/common/rbac_enforcer/enforcer.py:506}}
Nov 22 13:21:07 ubuntu devstack@keystone.service[69099]: [pid: 69099|app: 0|req: 24/51] 10.201.5.82 () {56 vars in 1108 bytes} [Fri Nov 22 13:21:07 2024] GET /identity/v3/domains/default => generated 199 bytes in 85 msecs (HTTP/1.1 200) 5 headers in 177 bytes (1 switches on core 0)
Nov 22 13:21:07 ubuntu devstack@keystone.service[69098]: DEBUG keystone.server.flask.request_processing.middleware.auth_context [None req-d5622985-b2c0-4133-974a-7dac347846a8 None None] Authenticating user token {{(pid=69098) process_request /opt/stack/data/venv/lib/python3.10/site-packages/keystonemiddleware/auth_token/__init__.py:406}}
Nov 22 13:21:07 ubuntu devstack@keystone.service[69098]: DEBUG keystone.server.flask.request_processing.middleware.auth_context [None req-d5622985-b2c0-4133-974a-7dac347846a8 None None] Validating token access rules against request {{(pid=69098) validate_allowed_request /opt/stack/data/venv/lib/python3.10/site-packages/keystonemiddleware/auth_token/__init__.py:544}}
Nov 22 13:21:07 ubuntu devstack@keystone.service[69098]: DEBUG keystone.server.flask.request_processing.middleware.auth_context [None req-cdb665c8-84d9-417a-bd97-d4bfaba8534d None admin] RBAC: auth_context: {'token': <TokenModel (audit_id=447JFGwuSR-1iSmbKzpukA, audit_chain_id=['447JFGwuSR-1iSmbKzpukA']) at 0x7fbfb6526a10>, 'domain_id': None, 'trust_id': None, 'trustor_id': None, 'trustee_id': None, 'domain_name': None, 'group_ids': [], 'user_id': '66921b8c1aa844e9b5878e2102d2fbc5', 'user_domain_id': 'default', 'system_scope': 'all', 'project_id': None, 'project_domain_id': None, 'roles': ['admin', 'manager', 'member', 'reader'], 'is_admin_project': True, 'service_user_id': None, 'service_user_domain_id': None, 'service_project_id': None, 'service_project_domain_id': None, 'service_roles': []} {{(pid=69098) fill_context /opt/stack/keystone/keystone/server/flask/request_processing/middleware/auth_context.py:506}}
Nov 22 13:21:07 ubuntu devstack@keystone.service[69098]: DEBUG keystone.server.flask.request_processing.req_logging [None req-cdb665c8-84d9-417a-bd97-d4bfaba8534d None admin] REQUEST_METHOD: `POST` {{(pid=69098) log_request_info /opt/stack/keystone/keystone/server/flask/request_processing/req_logging.py:26}}
Nov 22 13:21:07 ubuntu devstack@keystone.service[69098]: DEBUG keystone.server.flask.request_processing.req_logging [None req-cdb665c8-84d9-417a-bd97-d4bfaba8534d None admin] SCRIPT_NAME: `/identity` {{(pid=69098) log_request_info /opt/stack/keystone/keystone/server/flask/request_processing/req_logging.py:27}}
Nov 22 13:21:07 ubuntu devstack@keystone.service[69098]: DEBUG keystone.server.flask.request_processing.req_logging [None req-cdb665c8-84d9-417a-bd97-d4bfaba8534d None admin] PATH_INFO: `/v3/projects` {{(pid=69098) log_request_info /opt/stack/keystone/keystone/server/flask/request_processing/req_logging.py:28}}
Nov 22 13:21:07 ubuntu devstack@keystone.service[69098]: DEBUG keystone.common.rbac_enforcer.enforcer [None req-cdb665c8-84d9-417a-bd97-d4bfaba8534d None admin] RBAC: Authorizing `identity:create_project()` {{(pid=69098) enforce_call /opt/stack/keystone/keystone/common/rbac_enforcer/enforcer.py:495}}
Nov 22 13:21:07 ubuntu devstack@keystone.service[69098]: DEBUG keystone.common.rbac_enforcer.enforcer [None req-cdb665c8-84d9-417a-bd97-d4bfaba8534d None admin] RBAC: Authorization granted {{(pid=69098) enforce_call /opt/stack/keystone/keystone/common/rbac_enforcer/enforcer.py:506}}
Nov 22 13:21:07 ubuntu devstack@keystone.service[69098]: [pid: 69098|app: 0|req: 28/52] 10.201.5.82 () {60 vars in 1140 bytes} [Fri Nov 22 13:21:07 2024] POST /identity/v3/projects => generated 298 bytes in 76 msecs (HTTP/1.1 201) 5 headers in 182 bytes (1 switches on core 0)
Nov 22 13:21:08 ubuntu devstack@keystone.service[69099]: DEBUG keystone.server.flask.request_processing.req_logging [None req-8e2fa59c-89b6-40fa-8a03-edcd856cf6b9 None None] REQUEST_METHOD: `GET` {{(pid=69099) log_request_info /opt/stack/keystone/keystone/server/flask/request_processing/req_logging.py:26}}
Nov 22 13:21:08 ubuntu devstack@keystone.service[69099]: DEBUG keystone.server.flask.request_processing.req_logging [None req-8e2fa59c-89b6-40fa-8a03-edcd856cf6b9 None None] SCRIPT_NAME: `/identity` {{(pid=69099) log_request_info /opt/stack/keystone/keystone/server/flask/request_processing/req_logging.py:27}}
Nov 22 13:21:08 ubuntu devstack@keystone.service[69099]: DEBUG keystone.server.flask.request_processing.req_logging [None req-8e2fa59c-89b6-40fa-8a03-edcd856cf6b9 None None] PATH_INFO: `/` {{(pid=69099) log_request_info /opt/stack/keystone/keystone/server/flask/request_processing/req_logging.py:28}}
Nov 22 13:21:08 ubuntu devstack@keystone.service[69099]: [pid: 69099|app: 0|req: 25/53] 10.201.5.82 () {54 vars in 926 bytes} [Fri Nov 22 13:21:08 2024] GET /identity => generated 270 bytes in 6 msecs (HTTP/1.1 300) 6 headers in 234 bytes (1 switches on core 0)
Nov 22 13:21:08 ubuntu devstack@keystone.service[69098]: DEBUG keystone.server.flask.request_processing.req_logging [None req-ef3b7cfb-be7a-408d-9001-7f74218cf07f None None] REQUEST_METHOD: `POST` {{(pid=69098) log_request_info /opt/stack/keystone/keystone/server/flask/request_processing/req_logging.py:26}}
Nov 22 13:21:08 ubuntu devstack@keystone.service[69098]: DEBUG keystone.server.flask.request_processing.req_logging [None req-ef3b7cfb-be7a-408d-9001-7f74218cf07f None None] SCRIPT_NAME: `/identity` {{(pid=69098) log_request_info /opt/stack/keystone/keystone/server/flask/request_processing/req_logging.py:27}}
Nov 22 13:21:08 ubuntu devstack@keystone.service[69098]: DEBUG keystone.server.flask.request_processing.req_logging [None req-ef3b7cfb-be7a-408d-9001-7f74218cf07f None None] PATH_INFO: `/v3/auth/tokens` {{(pid=69098) log_request_info /opt/stack/keystone/keystone/server/flask/request_processing/req_logging.py:28}}
Nov 22 13:21:08 ubuntu devstack@keystone.service[69098]: WARNING keystone.common.password_hashing [None req-ef3b7cfb-be7a-408d-9001-7f74218cf07f None None] Truncating password to algorithm specific maximum length 72 characters.
Nov 22 13:21:08 ubuntu devstack@keystone.service[69098]: DEBUG keystone.auth.core [None req-ef3b7cfb-be7a-408d-9001-7f74218cf07f None None] MFA Rules not processed for user `66921b8c1aa844e9b5878e2102d2fbc5`. Rule list: `[]` (Enabled: `True`). {{(pid=69098) check_auth_methods_against_rules /opt/stack/keystone/keystone/auth/core.py:476}}
Nov 22 13:21:08 ubuntu devstack@keystone.service[69098]: DEBUG keystone.common.fernet_utils [None req-ef3b7cfb-be7a-408d-9001-7f74218cf07f None None] Loaded 2 Fernet keys from /etc/keystone/fernet-keys/, but `[fernet_tokens] max_active_keys = 3`; perhaps there have not been enough key rotations to reach `max_active_keys` yet? {{(pid=69098) load_keys /opt/stack/keystone/keystone/common/fernet_utils.py:297}}
Nov 22 13:21:08 ubuntu devstack@keystone.service[69098]: [pid: 69098|app: 0|req: 29/54] 10.201.5.82 () {58 vars in 1023 bytes} [Fri Nov 22 13:21:08 2024] POST /identity/v3/auth/tokens => generated 862 bytes in 60 msecs (HTTP/1.1 201) 6 headers in 363 bytes (1 switches on core 0)
Nov 22 13:21:08 ubuntu devstack@keystone.service[69099]: DEBUG keystone.server.flask.request_processing.middleware.auth_context [None req-8e2fa59c-89b6-40fa-8a03-edcd856cf6b9 None None] Authenticating user token {{(pid=69099) process_request /opt/stack/data/venv/lib/python3.10/site-packages/keystonemiddleware/auth_token/__init__.py:406}}
Nov 22 13:21:08 ubuntu devstack@keystone.service[69099]: DEBUG keystone.server.flask.request_processing.middleware.auth_context [None req-8e2fa59c-89b6-40fa-8a03-edcd856cf6b9 None None] Validating token access rules against request {{(pid=69099) validate_allowed_request /opt/stack/data/venv/lib/python3.10/site-packages/keystonemiddleware/auth_token/__init__.py:544}}
Nov 22 13:21:08 ubuntu devstack@keystone.service[69099]: DEBUG keystone.server.flask.request_processing.middleware.auth_context [None req-ae6b256c-2a07-4a32-87fc-b477eedc2152 None admin] RBAC: auth_context: {'token': <TokenModel (audit_id=KW9em8PKRcydzh5bQVOckw, audit_chain_id=['KW9em8PKRcydzh5bQVOckw']) at 0x7fbfb5fcd9c0>, 'domain_id': None, 'trust_id': None, 'trustor_id': None, 'trustee_id': None, 'domain_name': None, 'group_ids': [], 'user_id': '66921b8c1aa844e9b5878e2102d2fbc5', 'user_domain_id': 'default', 'system_scope': 'all', 'project_id': None, 'project_domain_id': None, 'roles': ['admin', 'manager', 'member', 'reader'], 'is_admin_project': True, 'service_user_id': None, 'service_user_domain_id': None, 'service_project_id': None, 'service_project_domain_id': None, 'service_roles': []} {{(pid=69099) fill_context /opt/stack/keystone/keystone/server/flask/request_processing/middleware/auth_context.py:506}}
Nov 22 13:21:08 ubuntu devstack@keystone.service[69099]: DEBUG keystone.server.flask.request_processing.req_logging [None req-ae6b256c-2a07-4a32-87fc-b477eedc2152 None admin] REQUEST_METHOD: `GET` {{(pid=69099) log_request_info /opt/stack/keystone/keystone/server/flask/request_processing/req_logging.py:26}}
Nov 22 13:21:08 ubuntu devstack@keystone.service[69099]: DEBUG keystone.server.flask.request_processing.req_logging [None req-ae6b256c-2a07-4a32-87fc-b477eedc2152 None admin] SCRIPT_NAME: `/identity` {{(pid=69099) log_request_info /opt/stack/keystone/keystone/server/flask/request_processing/req_logging.py:27}}
Nov 22 13:21:08 ubuntu devstack@keystone.service[69099]: DEBUG keystone.server.flask.request_processing.req_logging [None req-ae6b256c-2a07-4a32-87fc-b477eedc2152 None admin] PATH_INFO: `/v3/domains/default` {{(pid=69099) log_request_info /opt/stack/keystone/keystone/server/flask/request_processing/req_logging.py:28}}
Nov 22 13:21:08 ubuntu devstack@keystone.service[69099]: DEBUG keystone.common.rbac_enforcer.enforcer [None req-ae6b256c-2a07-4a32-87fc-b477eedc2152 None admin] RBAC: Authorizing `identity:get_domain(domain_id=default)` {{(pid=69099) enforce_call /opt/stack/keystone/keystone/common/rbac_enforcer/enforcer.py:495}}
Nov 22 13:21:08 ubuntu devstack@keystone.service[69099]: DEBUG keystone.common.rbac_enforcer.enforcer [None req-ae6b256c-2a07-4a32-87fc-b477eedc2152 None admin] RBAC: Authorization granted {{(pid=69099) enforce_call /opt/stack/keystone/keystone/common/rbac_enforcer/enforcer.py:506}}
Nov 22 13:21:08 ubuntu devstack@keystone.service[69099]: [pid: 69099|app: 0|req: 26/55] 10.201.5.82 () {56 vars in 1151 bytes} [Fri Nov 22 13:21:08 2024] GET /identity/v3/domains/default => generated 199 bytes in 73 msecs (HTTP/1.1 200) 5 headers in 177 bytes (1 switches on core 0)
Nov 22 13:21:08 ubuntu devstack@keystone.service[69098]: DEBUG keystone.server.flask.request_processing.middleware.auth_context [None req-ef3b7cfb-be7a-408d-9001-7f74218cf07f None None] Authenticating user token {{(pid=69098) process_request /opt/stack/data/venv/lib/python3.10/site-packages/keystonemiddleware/auth_token/__init__.py:406}}
Nov 22 13:21:08 ubuntu devstack@keystone.service[69098]: DEBUG keystone.server.flask.request_processing.middleware.auth_context [None req-ef3b7cfb-be7a-408d-9001-7f74218cf07f None None] Validating token access rules against request {{(pid=69098) validate_allowed_request /opt/stack/data/venv/lib/python3.10/site-packages/keystonemiddleware/auth_token/__init__.py:544}}
Nov 22 13:21:08 ubuntu devstack@keystone.service[69098]: DEBUG keystone.server.flask.request_processing.middleware.auth_context [None req-fdb55e6b-53f9-4071-bd80-88825f7fa9a7 None admin] RBAC: auth_context: {'token': <TokenModel (audit_id=KW9em8PKRcydzh5bQVOckw, audit_chain_id=['KW9em8PKRcydzh5bQVOckw']) at 0x7fbfb6630070>, 'domain_id': None, 'trust_id': None, 'trustor_id': None, 'trustee_id': None, 'domain_name': None, 'group_ids': [], 'user_id': '66921b8c1aa844e9b5878e2102d2fbc5', 'user_domain_id': 'default', 'system_scope': 'all', 'project_id': None, 'project_domain_id': None, 'roles': ['admin', 'manager', 'member', 'reader'], 'is_admin_project': True, 'service_user_id': None, 'service_user_domain_id': None, 'service_project_id': None, 'service_project_domain_id': None, 'service_roles': []} {{(pid=69098) fill_context /opt/stack/keystone/keystone/server/flask/request_processing/middleware/auth_context.py:506}}
