Nov 20 08:53:24 ubuntu devstack@keystone.service[68929]: DEBUG keystone.server.flask.request_processing.req_logging [None req-17090d2f-13b5-4e2f-a430-5a0ef6cf3efb None None] SCRIPT_NAME: `/identity` {{(pid=68929) log_request_info /opt/stack/keystone/keystone/server/flask/request_processing/req_logging.py:27}}
Nov 20 08:53:24 ubuntu devstack@keystone.service[68929]: DEBUG keystone.server.flask.request_processing.req_logging [None req-17090d2f-13b5-4e2f-a430-5a0ef6cf3efb None None] PATH_INFO: `/v3/auth/tokens` {{(pid=68929) log_request_info /opt/stack/keystone/keystone/server/flask/request_processing/req_logging.py:28}}
Nov 20 08:53:24 ubuntu devstack@keystone.service[68930]: DEBUG keystone.common.rbac_enforcer.enforcer [None req-117fbf02-2768-4052-bbb6-20b0e370d4b4 None admin] Extracting inferred target data resulted in "NOT FOUND (404)". {{(pid=68930) enforce_call /opt/stack/keystone/keystone/common/rbac_enforcer/enforcer.py:453}}
Nov 20 08:53:24 ubuntu devstack@keystone.service[68930]: DEBUG keystone.server.flask.application [None req-117fbf02-2768-4052-bbb6-20b0e370d4b4 None admin] Could not find role: admin. {{(pid=68930) _handle_keystone_exception /opt/stack/keystone/keystone/server/flask/application.py:152}}
Nov 20 08:53:24 ubuntu devstack@keystone.service[68930]: [pid: 68930|app: 0|req: 12/27] 10.201.5.82 () {56 vars in 1139 bytes} [Wed Nov 20 08:53:24 2024] GET /identity/v3/roles/admin => generated 83 bytes in 95 msecs (HTTP/1.1 404) 5 headers in 183 bytes (1 switches on core 0)
Nov 20 08:53:24 ubuntu devstack@keystone.service[68930]: DEBUG keystone.server.flask.request_processing.middleware.auth_context [None req-117fbf02-2768-4052-bbb6-20b0e370d4b4 None admin] Authenticating user token {{(pid=68930) process_request /opt/stack/data/venv/lib/python3.10/site-packages/keystonemiddleware/auth_token/__init__.py:406}}
Nov 20 08:53:24 ubuntu devstack@keystone.service[68929]: WARNING keystone.common.password_hashing [None req-17090d2f-13b5-4e2f-a430-5a0ef6cf3efb None None] Truncating password to algorithm specific maximum length 72 characters.
Nov 20 08:53:24 ubuntu devstack@keystone.service[68929]: DEBUG keystone.auth.core [None req-17090d2f-13b5-4e2f-a430-5a0ef6cf3efb None None] MFA Rules not processed for user `74ae6fe3188f4711b4eb822686cfef12`. Rule list: `[]` (Enabled: `True`). {{(pid=68929) check_auth_methods_against_rules /opt/stack/keystone/keystone/auth/core.py:476}}
Nov 20 08:53:24 ubuntu devstack@keystone.service[68929]: DEBUG keystone.common.fernet_utils [None req-17090d2f-13b5-4e2f-a430-5a0ef6cf3efb None None] Loaded 2 Fernet keys from /etc/keystone/fernet-keys/, but `[fernet_tokens] max_active_keys = 3`; perhaps there have not been enough key rotations to reach `max_active_keys` yet? {{(pid=68929) load_keys /opt/stack/keystone/keystone/common/fernet_utils.py:297}}
Nov 20 08:53:24 ubuntu devstack@keystone.service[68930]: DEBUG keystone.server.flask.request_processing.middleware.auth_context [None req-117fbf02-2768-4052-bbb6-20b0e370d4b4 None admin] Validating token access rules against request {{(pid=68930) validate_allowed_request /opt/stack/data/venv/lib/python3.10/site-packages/keystonemiddleware/auth_token/__init__.py:544}}
Nov 20 08:53:24 ubuntu devstack@keystone.service[68930]: DEBUG keystone.server.flask.request_processing.middleware.auth_context [None req-6b184874-9f92-4797-8320-c4df67180fe7 None admin] RBAC: auth_context: {'token': <TokenModel (audit_id=dmNFd_MMRnO7fGC_zyVX3Q, audit_chain_id=['dmNFd_MMRnO7fGC_zyVX3Q']) at 0x7f0692e29f90>, 'domain_id': None, 'trust_id': None, 'trustor_id': None, 'trustee_id': None, 'domain_name': None, 'group_ids': [], 'user_id': '74ae6fe3188f4711b4eb822686cfef12', 'user_domain_id': 'default', 'system_scope': 'all', 'project_id': None, 'project_domain_id': None, 'roles': ['admin', 'manager', 'member', 'reader'], 'is_admin_project': True, 'service_user_id': None, 'service_user_domain_id': None, 'service_project_id': None, 'service_project_domain_id': None, 'service_roles': []} {{(pid=68930) fill_context /opt/stack/keystone/keystone/server/flask/request_processing/middleware/auth_context.py:506}}
Nov 20 08:53:24 ubuntu devstack@keystone.service[68930]: DEBUG keystone.server.flask.request_processing.req_logging [None req-6b184874-9f92-4797-8320-c4df67180fe7 None admin] REQUEST_METHOD: `GET` {{(pid=68930) log_request_info /opt/stack/keystone/keystone/server/flask/request_processing/req_logging.py:26}}
Nov 20 08:53:24 ubuntu devstack@keystone.service[68930]: DEBUG keystone.server.flask.request_processing.req_logging [None req-6b184874-9f92-4797-8320-c4df67180fe7 None admin] SCRIPT_NAME: `/identity` {{(pid=68930) log_request_info /opt/stack/keystone/keystone/server/flask/request_processing/req_logging.py:27}}
Nov 20 08:53:24 ubuntu devstack@keystone.service[68930]: DEBUG keystone.server.flask.request_processing.req_logging [None req-6b184874-9f92-4797-8320-c4df67180fe7 None admin] PATH_INFO: `/v3/roles` {{(pid=68930) log_request_info /opt/stack/keystone/keystone/server/flask/request_processing/req_logging.py:28}}
Nov 20 08:53:24 ubuntu devstack@keystone.service[68930]: DEBUG keystone.common.rbac_enforcer.enforcer [None req-6b184874-9f92-4797-8320-c4df67180fe7 None admin] RBAC: Adding query filter params (name=admin) {{(pid=68930) _extract_filter_values /opt/stack/keystone/keystone/common/rbac_enforcer/enforcer.py:184}}
Nov 20 08:53:24 ubuntu devstack@keystone.service[68930]: DEBUG keystone.common.rbac_enforcer.enforcer [None req-6b184874-9f92-4797-8320-c4df67180fe7 None admin] RBAC: Authorizing `identity:list_roles()` {{(pid=68930) enforce_call /opt/stack/keystone/keystone/common/rbac_enforcer/enforcer.py:503}}
Nov 20 08:53:24 ubuntu devstack@keystone.service[68930]: DEBUG keystone.common.rbac_enforcer.enforcer [None req-6b184874-9f92-4797-8320-c4df67180fe7 None admin] RBAC: Authorization granted {{(pid=68930) enforce_call /opt/stack/keystone/keystone/common/rbac_enforcer/enforcer.py:514}}
Nov 20 08:53:24 ubuntu devstack@keystone.service[68930]: [pid: 68930|app: 0|req: 13/28] 10.201.5.82 () {56 vars in 1155 bytes} [Wed Nov 20 08:53:24 2024] GET /identity/v3/roles?name=admin => generated 339 bytes in 61 msecs (HTTP/1.1 200) 5 headers in 177 bytes (1 switches on core 0)
Nov 20 08:53:24 ubuntu devstack@keystone.service[68930]: DEBUG keystone.server.flask.request_processing.middleware.auth_context [None req-6b184874-9f92-4797-8320-c4df67180fe7 None admin] Authenticating user token {{(pid=68930) process_request /opt/stack/data/venv/lib/python3.10/site-packages/keystonemiddleware/auth_token/__init__.py:406}}
Nov 20 08:53:24 ubuntu devstack@keystone.service[68930]: DEBUG keystone.server.flask.request_processing.middleware.auth_context [None req-6b184874-9f92-4797-8320-c4df67180fe7 None admin] Validating token access rules against request {{(pid=68930) validate_allowed_request /opt/stack/data/venv/lib/python3.10/site-packages/keystonemiddleware/auth_token/__init__.py:544}}
Nov 20 08:53:24 ubuntu devstack@keystone.service[68929]: [pid: 68929|app: 0|req: 16/29] 10.201.5.82 () {58 vars in 1023 bytes} [Wed Nov 20 08:53:24 2024] POST /identity/v3/auth/tokens => generated 862 bytes in 132 msecs (HTTP/1.1 201) 6 headers in 363 bytes (2 switches on core 0)
Nov 20 08:53:24 ubuntu devstack@keystone.service[68930]: DEBUG keystone.server.flask.request_processing.middleware.auth_context [None req-8c236512-6986-485b-a008-6ea1620599a3 None admin] RBAC: auth_context: {'token': <TokenModel (audit_id=dmNFd_MMRnO7fGC_zyVX3Q, audit_chain_id=['dmNFd_MMRnO7fGC_zyVX3Q']) at 0x7f0692e2ada0>, 'domain_id': None, 'trust_id': None, 'trustor_id': None, 'trustee_id': None, 'domain_name': None, 'group_ids': [], 'user_id': '74ae6fe3188f4711b4eb822686cfef12', 'user_domain_id': 'default', 'system_scope': 'all', 'project_id': None, 'project_domain_id': None, 'roles': ['admin', 'manager', 'member', 'reader'], 'is_admin_project': True, 'service_user_id': None, 'service_user_domain_id': None, 'service_project_id': None, 'service_project_domain_id': None, 'service_roles': []} {{(pid=68930) fill_context /opt/stack/keystone/keystone/server/flask/request_processing/middleware/auth_context.py:506}}
Nov 20 08:53:24 ubuntu devstack@keystone.service[68930]: DEBUG keystone.server.flask.request_processing.req_logging [None req-8c236512-6986-485b-a008-6ea1620599a3 None admin] REQUEST_METHOD: `GET` {{(pid=68930) log_request_info /opt/stack/keystone/keystone/server/flask/request_processing/req_logging.py:26}}
Nov 20 08:53:24 ubuntu devstack@keystone.service[68930]: DEBUG keystone.server.flask.request_processing.req_logging [None req-8c236512-6986-485b-a008-6ea1620599a3 None admin] SCRIPT_NAME: `/identity` {{(pid=68930) log_request_info /opt/stack/keystone/keystone/server/flask/request_processing/req_logging.py:27}}
Nov 20 08:53:24 ubuntu devstack@keystone.service[68930]: DEBUG keystone.server.flask.request_processing.req_logging [None req-8c236512-6986-485b-a008-6ea1620599a3 None admin] PATH_INFO: `/v3/users/74ae6fe3188f4711b4eb822686cfef12` {{(pid=68930) log_request_info /opt/stack/keystone/keystone/server/flask/request_processing/req_logging.py:28}}
Nov 20 08:53:24 ubuntu devstack@keystone.service[68929]: DEBUG keystone.server.flask.request_processing.middleware.auth_context [None req-17090d2f-13b5-4e2f-a430-5a0ef6cf3efb None None] Authenticating user token {{(pid=68929) process_request /opt/stack/data/venv/lib/python3.10/site-packages/keystonemiddleware/auth_token/__init__.py:406}}
Nov 20 08:53:24 ubuntu devstack@keystone.service[68930]: DEBUG keystone.common.rbac_enforcer.enforcer [None req-8c236512-6986-485b-a008-6ea1620599a3 None admin] RBAC: Authorizing `identity:get_user(user_id=74ae6fe3188f4711b4eb822686cfef12)` {{(pid=68930) enforce_call /opt/stack/keystone/keystone/common/rbac_enforcer/enforcer.py:503}}
Nov 20 08:53:24 ubuntu devstack@keystone.service[68930]: DEBUG keystone.common.rbac_enforcer.enforcer [None req-8c236512-6986-485b-a008-6ea1620599a3 None admin] RBAC: Authorization granted {{(pid=68930) enforce_call /opt/stack/keystone/keystone/common/rbac_enforcer/enforcer.py:514}}
Nov 20 08:53:24 ubuntu devstack@keystone.service[68930]: [pid: 68930|app: 0|req: 14/30] 10.201.5.82 () {56 vars in 1220 bytes} [Wed Nov 20 08:53:24 2024] GET /identity/v3/users/74ae6fe3188f4711b4eb822686cfef12 => generated 247 bytes in 51 msecs (HTTP/1.1 200) 5 headers in 177 bytes (1 switches on core 0)
Nov 20 08:53:24 ubuntu devstack@keystone.service[68930]: DEBUG keystone.server.flask.request_processing.middleware.auth_context [None req-8c236512-6986-485b-a008-6ea1620599a3 None admin] Authenticating user token {{(pid=68930) process_request /opt/stack/data/venv/lib/python3.10/site-packages/keystonemiddleware/auth_token/__init__.py:406}}
Nov 20 08:53:24 ubuntu devstack@keystone.service[68929]: DEBUG keystone.server.flask.request_processing.middleware.auth_context [None req-17090d2f-13b5-4e2f-a430-5a0ef6cf3efb None None] Validating token access rules against request {{(pid=68929) validate_allowed_request /opt/stack/data/venv/lib/python3.10/site-packages/keystonemiddleware/auth_token/__init__.py:544}}
Nov 20 08:53:24 ubuntu devstack@keystone.service[68930]: DEBUG keystone.server.flask.request_processing.middleware.auth_context [None req-8c236512-6986-485b-a008-6ea1620599a3 None admin] Validating token access rules against request {{(pid=68930) validate_allowed_request /opt/stack/data/venv/lib/python3.10/site-packages/keystonemiddleware/auth_token/__init__.py:544}}
Nov 20 08:53:24 ubuntu devstack@keystone.service[68929]: DEBUG keystone.server.flask.request_processing.middleware.auth_context [None req-0d351f2c-9b17-4550-af6c-6f51c806ee38 None admin] RBAC: auth_context: {'token': <TokenModel (audit_id=_osCxk32Q3mgwUcmIw8fuQ, audit_chain_id=['_osCxk32Q3mgwUcmIw8fuQ']) at 0x7f0692e90cd0>, 'domain_id': None, 'trust_id': None, 'trustor_id': None, 'trustee_id': None, 'domain_name': None, 'group_ids': [], 'user_id': '74ae6fe3188f4711b4eb822686cfef12', 'user_domain_id': 'default', 'system_scope': 'all', 'project_id': None, 'project_domain_id': None, 'roles': ['admin', 'manager', 'member', 'reader'], 'is_admin_project': True, 'service_user_id': None, 'service_user_domain_id': None, 'service_project_id': None, 'service_project_domain_id': None, 'service_roles': []} {{(pid=68929) fill_context /opt/stack/keystone/keystone/server/flask/request_processing/middleware/auth_context.py:506}}
Nov 20 08:53:24 ubuntu devstack@keystone.service[68929]: DEBUG keystone.server.flask.request_processing.req_logging [None req-0d351f2c-9b17-4550-af6c-6f51c806ee38 None admin] REQUEST_METHOD: `GET` {{(pid=68929) log_request_info /opt/stack/keystone/keystone/server/flask/request_processing/req_logging.py:26}}
Nov 20 08:53:24 ubuntu devstack@keystone.service[68929]: DEBUG keystone.server.flask.request_processing.req_logging [None req-0d351f2c-9b17-4550-af6c-6f51c806ee38 None admin] SCRIPT_NAME: `/identity` {{(pid=68929) log_request_info /opt/stack/keystone/keystone/server/flask/request_processing/req_logging.py:27}}
Nov 20 08:53:24 ubuntu devstack@keystone.service[68929]: DEBUG keystone.server.flask.request_processing.req_logging [None req-0d351f2c-9b17-4550-af6c-6f51c806ee38 None admin] PATH_INFO: `/v3/domains/Default` {{(pid=68929) log_request_info /opt/stack/keystone/keystone/server/flask/request_processing/req_logging.py:28}}
Nov 20 08:53:24 ubuntu devstack@keystone.service[68929]: DEBUG keystone.common.rbac_enforcer.enforcer [None req-0d351f2c-9b17-4550-af6c-6f51c806ee38 None admin] RBAC: Authorizing `identity:get_domain(domain_id=Default)` {{(pid=68929) enforce_call /opt/stack/keystone/keystone/common/rbac_enforcer/enforcer.py:503}}
Nov 20 08:53:24 ubuntu devstack@keystone.service[68929]: DEBUG keystone.common.rbac_enforcer.enforcer [None req-0d351f2c-9b17-4550-af6c-6f51c806ee38 None admin] RBAC: Authorization granted {{(pid=68929) enforce_call /opt/stack/keystone/keystone/common/rbac_enforcer/enforcer.py:514}}
Nov 20 08:53:24 ubuntu devstack@keystone.service[68930]: DEBUG keystone.server.flask.request_processing.middleware.auth_context [None req-f3ec5339-d1df-457c-8ebc-b3d4a32a22ca None admin] RBAC: auth_context: {'token': <TokenModel (audit_id=dmNFd_MMRnO7fGC_zyVX3Q, audit_chain_id=['dmNFd_MMRnO7fGC_zyVX3Q']) at 0x7f0692e2a6b0>, 'domain_id': None, 'trust_id': None, 'trustor_id': None, 'trustee_id': None, 'domain_name': None, 'group_ids': [], 'user_id': '74ae6fe3188f4711b4eb822686cfef12', 'user_domain_id': 'default', 'system_scope': 'all', 'project_id': None, 'project_domain_id': None, 'roles': ['admin', 'manager', 'member', 'reader'], 'is_admin_project': True, 'service_user_id': None, 'service_user_domain_id': None, 'service_project_id': None, 'service_project_domain_id': None, 'service_roles': []} {{(pid=68930) fill_context /opt/stack/keystone/keystone/server/flask/request_processing/middleware/auth_context.py:506}}
Nov 20 08:53:24 ubuntu devstack@keystone.service[68930]: DEBUG keystone.server.flask.request_processing.req_logging [None req-f3ec5339-d1df-457c-8ebc-b3d4a32a22ca None admin] REQUEST_METHOD: `GET` {{(pid=68930) log_request_info /opt/stack/keystone/keystone/server/flask/request_processing/req_logging.py:26}}
Nov 20 08:53:24 ubuntu devstack@keystone.service[68930]: DEBUG keystone.server.flask.request_processing.req_logging [None req-f3ec5339-d1df-457c-8ebc-b3d4a32a22ca None admin] SCRIPT_NAME: `/identity` {{(pid=68930) log_request_info /opt/stack/keystone/keystone/server/flask/request_processing/req_logging.py:27}}
Nov 20 08:53:24 ubuntu devstack@keystone.service[68930]: DEBUG keystone.server.flask.request_processing.req_logging [None req-f3ec5339-d1df-457c-8ebc-b3d4a32a22ca None admin] PATH_INFO: `/v3/domains/default` {{(pid=68930) log_request_info /opt/stack/keystone/keystone/server/flask/request_processing/req_logging.py:28}}
Nov 20 08:53:24 ubuntu devstack@keystone.service[68929]: DEBUG keystone.server.flask.application [None req-0d351f2c-9b17-4550-af6c-6f51c806ee38 None admin] Could not find domain: Default. {{(pid=68929) _handle_keystone_exception /opt/stack/keystone/keystone/server/flask/application.py:152}}
Nov 20 08:53:24 ubuntu devstack@keystone.service[68930]: DEBUG keystone.common.rbac_enforcer.enforcer [None req-f3ec5339-d1df-457c-8ebc-b3d4a32a22ca None admin] RBAC: Authorizing `identity:get_domain(domain_id=default)` {{(pid=68930) enforce_call /opt/stack/keystone/keystone/common/rbac_enforcer/enforcer.py:503}}
Nov 20 08:53:24 ubuntu devstack@keystone.service[68929]: [pid: 68929|app: 0|req: 17/31] 10.201.5.82 () {56 vars in 1108 bytes} [Wed Nov 20 08:53:24 2024] GET /identity/v3/domains/Default => generated 87 bytes in 65 msecs (HTTP/1.1 404) 5 headers in 183 bytes (1 switches on core 0)
Nov 20 08:53:24 ubuntu devstack@keystone.service[68930]: DEBUG keystone.common.rbac_enforcer.enforcer [None req-f3ec5339-d1df-457c-8ebc-b3d4a32a22ca None admin] RBAC: Authorization granted {{(pid=68930) enforce_call /opt/stack/keystone/keystone/common/rbac_enforcer/enforcer.py:514}}
Nov 20 08:53:24 ubuntu devstack@keystone.service[68929]: DEBUG keystone.server.flask.request_processing.req_logging [None req-d4b011ad-2bc4-4589-9918-ccf8a78ca79f None None] REQUEST_METHOD: `GET` {{(pid=68929) log_request_info /opt/stack/keystone/keystone/server/flask/request_processing/req_logging.py:26}}
Nov 20 08:53:24 ubuntu devstack@keystone.service[68929]: DEBUG keystone.server.flask.request_processing.req_logging [None req-d4b011ad-2bc4-4589-9918-ccf8a78ca79f None None] SCRIPT_NAME: `/identity` {{(pid=68929) log_request_info /opt/stack/keystone/keystone/server/flask/request_processing/req_logging.py:27}}
Nov 20 08:53:24 ubuntu devstack@keystone.service[68929]: DEBUG keystone.server.flask.request_processing.req_logging [None req-d4b011ad-2bc4-4589-9918-ccf8a78ca79f None None] PATH_INFO: `/` {{(pid=68929) log_request_info /opt/stack/keystone/keystone/server/flask/request_processing/req_logging.py:28}}
Nov 20 08:53:24 ubuntu devstack@keystone.service[68930]: [pid: 68930|app: 0|req: 15/32] 10.201.5.82 () {56 vars in 1151 bytes} [Wed Nov 20 08:53:24 2024] GET /identity/v3/domains/default => generated 199 bytes in 55 msecs (HTTP/1.1 200) 5 headers in 177 bytes (1 switches on core 0)
Nov 20 08:53:24 ubuntu devstack@keystone.service[68929]: [pid: 68929|app: 0|req: 18/33] 10.201.5.82 () {54 vars in 926 bytes} [Wed Nov 20 08:53:24 2024] GET /identity => generated 270 bytes in 1 msecs (HTTP/1.1 300) 6 headers in 234 bytes (1 switches on core 0)
Nov 20 08:53:24 ubuntu devstack@keystone.service[68930]: DEBUG keystone.server.flask.request_processing.middleware.auth_context [None req-f3ec5339-d1df-457c-8ebc-b3d4a32a22ca None admin] Authenticating user token {{(pid=68930) process_request /opt/stack/data/venv/lib/python3.10/site-packages/keystonemiddleware/auth_token/__init__.py:406}}
Nov 20 08:53:24 ubuntu devstack@keystone.service[68929]: DEBUG keystone.server.flask.request_processing.middleware.auth_context [None req-d4b011ad-2bc4-4589-9918-ccf8a78ca79f None None] Authenticating user token {{(pid=68929) process_request /opt/stack/data/venv/lib/python3.10/site-packages/keystonemiddleware/auth_token/__init__.py:406}}
Nov 20 08:53:24 ubuntu devstack@keystone.service[68929]: DEBUG keystone.server.flask.request_processing.middleware.auth_context [None req-d4b011ad-2bc4-4589-9918-ccf8a78ca79f None None] Validating token access rules against request {{(pid=68929) validate_allowed_request /opt/stack/data/venv/lib/python3.10/site-packages/keystonemiddleware/auth_token/__init__.py:544}}
Nov 20 08:53:24 ubuntu devstack@keystone.service[68930]: DEBUG keystone.server.flask.request_processing.middleware.auth_context [None req-f3ec5339-d1df-457c-8ebc-b3d4a32a22ca None admin] Validating token access rules against request {{(pid=68930) validate_allowed_request /opt/stack/data/venv/lib/python3.10/site-packages/keystonemiddleware/auth_token/__init__.py:544}}
Nov 20 08:53:24 ubuntu devstack@keystone.service[68929]: DEBUG keystone.server.flask.request_processing.middleware.auth_context [None req-f95eee8b-7b20-44a6-bd9b-39961bbab225 None admin] RBAC: auth_context: {'token': <TokenModel (audit_id=dmNFd_MMRnO7fGC_zyVX3Q, audit_chain_id=['dmNFd_MMRnO7fGC_zyVX3Q']) at 0x7f0692a99cc0>, 'domain_id': None, 'trust_id': None, 'trustor_id': None, 'trustee_id': None, 'domain_name': None, 'group_ids': [], 'user_id': '74ae6fe3188f4711b4eb822686cfef12', 'user_domain_id': 'default', 'system_scope': 'all', 'project_id': None, 'project_domain_id': None, 'roles': ['admin', 'manager', 'member', 'reader'], 'is_admin_project': True, 'service_user_id': None, 'service_user_domain_id': None, 'service_project_id': None, 'service_project_domain_id': None, 'service_roles': []} {{(pid=68929) fill_context /opt/stack/keystone/keystone/server/flask/request_processing/middleware/auth_context.py:506}}
Nov 20 08:53:24 ubuntu devstack@keystone.service[68929]: DEBUG keystone.server.flask.request_processing.req_logging [None req-f95eee8b-7b20-44a6-bd9b-39961bbab225 None admin] REQUEST_METHOD: `GET` {{(pid=68929) log_request_info /opt/stack/keystone/keystone/server/flask/request_processing/req_logging.py:26}}
Nov 20 08:53:24 ubuntu devstack@keystone.service[68929]: DEBUG keystone.server.flask.request_processing.req_logging [None req-f95eee8b-7b20-44a6-bd9b-39961bbab225 None admin] SCRIPT_NAME: `/identity` {{(pid=68929) log_request_info /opt/stack/keystone/keystone/server/flask/request_processing/req_logging.py:27}}
Nov 20 08:53:24 ubuntu devstack@keystone.service[68929]: DEBUG keystone.server.flask.request_processing.req_logging [None req-f95eee8b-7b20-44a6-bd9b-39961bbab225 None admin] PATH_INFO: `/v3/role_assignments` {{(pid=68929) log_request_info /opt/stack/keystone/keystone/server/flask/request_processing/req_logging.py:28}}
Nov 20 08:53:24 ubuntu devstack@keystone.service[68930]: DEBUG keystone.server.flask.request_processing.middleware.auth_context [None req-418d2220-ac17-46a7-8d21-780c68ae918c None admin] RBAC: auth_context: {'token': <TokenModel (audit_id=_osCxk32Q3mgwUcmIw8fuQ, audit_chain_id=['_osCxk32Q3mgwUcmIw8fuQ']) at 0x7f0692e28e50>, 'domain_id': None, 'trust_id': None, 'trustor_id': None, 'trustee_id': None, 'domain_name': None, 'group_ids': [], 'user_id': '74ae6fe3188f4711b4eb822686cfef12', 'user_domain_id': 'default', 'system_scope': 'all', 'project_id': None, 'project_domain_id': None, 'roles': ['admin', 'manager', 'member', 'reader'], 'is_admin_project': True, 'service_user_id': None, 'service_user_domain_id': None, 'service_project_id': None, 'service_project_domain_id': None, 'service_roles': []} {{(pid=68930) fill_context /opt/stack/keystone/keystone/server/flask/request_processing/middleware/auth_context.py:506}}
Nov 20 08:53:24 ubuntu devstack@keystone.service[68929]: DEBUG keystone.common.rbac_enforcer.enforcer [None req-f95eee8b-7b20-44a6-bd9b-39961bbab225 None admin] RBAC: Adding query filter params (role.id=e3567b2ab8c2407c891641a59be118e9, scope.domain.id=default, user.id=74ae6fe3188f4711b4eb822686cfef12) {{(pid=68929) _extract_filter_values /opt/stack/keystone/keystone/common/rbac_enforcer/enforcer.py:184}}
Nov 20 08:53:24 ubuntu devstack@keystone.service[68929]: DEBUG keystone.common.rbac_enforcer.enforcer [None req-f95eee8b-7b20-44a6-bd9b-39961bbab225 None admin] RBAC: Authorizing `identity:list_role_assignments()` {{(pid=68929) enforce_call /opt/stack/keystone/keystone/common/rbac_enforcer/enforcer.py:503}}
Nov 20 08:53:24 ubuntu devstack@keystone.service[68930]: DEBUG keystone.server.flask.request_processing.req_logging [None req-418d2220-ac17-46a7-8d21-780c68ae918c None admin] REQUEST_METHOD: `GET` {{(pid=68930) log_request_info /opt/stack/keystone/keystone/server/flask/request_processing/req_logging.py:26}}
Nov 20 08:53:24 ubuntu devstack@keystone.service[68930]: DEBUG keystone.server.flask.request_processing.req_logging [None req-418d2220-ac17-46a7-8d21-780c68ae918c None admin] SCRIPT_NAME: `/identity` {{(pid=68930) log_request_info /opt/stack/keystone/keystone/server/flask/request_processing/req_logging.py:27}}
Nov 20 08:53:24 ubuntu devstack@keystone.service[68930]: DEBUG keystone.server.flask.request_processing.req_logging [None req-418d2220-ac17-46a7-8d21-780c68ae918c None admin] PATH_INFO: `/v3/domains` {{(pid=68930) log_request_info /opt/stack/keystone/keystone/server/flask/request_processing/req_logging.py:28}}
Nov 20 08:53:24 ubuntu devstack@keystone.service[68930]: DEBUG keystone.common.rbac_enforcer.enforcer [None req-418d2220-ac17-46a7-8d21-780c68ae918c None admin] RBAC: Adding query filter params (name=Default) {{(pid=68930) _extract_filter_values /opt/stack/keystone/keystone/common/rbac_enforcer/enforcer.py:184}}
Nov 20 08:53:24 ubuntu devstack@keystone.service[68929]: DEBUG keystone.common.rbac_enforcer.enforcer [None req-f95eee8b-7b20-44a6-bd9b-39961bbab225 None admin] RBAC: Authorization granted {{(pid=68929) enforce_call /opt/stack/keystone/keystone/common/rbac_enforcer/enforcer.py:514}}
Nov 20 08:53:24 ubuntu devstack@keystone.service[68930]: DEBUG keystone.common.rbac_enforcer.enforcer [None req-418d2220-ac17-46a7-8d21-780c68ae918c None admin] RBAC: Authorizing `identity:list_domains()` {{(pid=68930) enforce_call /opt/stack/keystone/keystone/common/rbac_enforcer/enforcer.py:503}}
Nov 20 08:53:24 ubuntu devstack@keystone.service[68930]: DEBUG keystone.common.rbac_enforcer.enforcer [None req-418d2220-ac17-46a7-8d21-780c68ae918c None admin] RBAC: Authorization granted {{(pid=68930) enforce_call /opt/stack/keystone/keystone/common/rbac_enforcer/enforcer.py:514}}
Nov 20 08:53:24 ubuntu devstack@keystone.service[68929]: [pid: 68929|app: 0|req: 19/34] 10.201.5.82 () {56 vars in 1378 bytes} [Wed Nov 20 08:53:24 2024] GET /identity/v3/role_assignments?role.id=e3567b2ab8c2407c891641a59be118e9&scope.domain.id=default&user.id=74ae6fe3188f4711b4eb822686cfef12 => generated 530 bytes in 54 msecs (HTTP/1.1 200) 5 headers in 177 bytes (2 switches on core 0)
Nov 20 08:53:24 ubuntu devstack@keystone.service[68929]: DEBUG keystone.server.flask.request_processing.req_logging [None req-50b4b9d8-e6bb-4b68-a59f-f647bec29f3f None None] REQUEST_METHOD: `POST` {{(pid=68929) log_request_info /opt/stack/keystone/keystone/server/flask/request_processing/req_logging.py:26}}
Nov 20 08:53:24 ubuntu devstack@keystone.service[68929]: DEBUG keystone.server.flask.request_processing.req_logging [None req-50b4b9d8-e6bb-4b68-a59f-f647bec29f3f None None] SCRIPT_NAME: `/identity` {{(pid=68929) log_request_info /opt/stack/keystone/keystone/server/flask/request_processing/req_logging.py:27}}
Nov 20 08:53:24 ubuntu devstack@keystone.service[68929]: DEBUG keystone.server.flask.request_processing.req_logging [None req-50b4b9d8-e6bb-4b68-a59f-f647bec29f3f None None] PATH_INFO: `/v3/auth/tokens` {{(pid=68929) log_request_info /opt/stack/keystone/keystone/server/flask/request_processing/req_logging.py:28}}
Nov 20 08:53:24 ubuntu devstack@keystone.service[68930]: [pid: 68930|app: 0|req: 16/35] 10.201.5.82 () {56 vars in 1109 bytes} [Wed Nov 20 08:53:24 2024] GET /identity/v3/domains?name=Default => generated 308 bytes in 61 msecs (HTTP/1.1 200) 5 headers in 177 bytes (1 switches on core 0)
Nov 20 08:53:24 ubuntu devstack@keystone.service[68930]: DEBUG keystone.server.flask.request_processing.middleware.auth_context [None req-418d2220-ac17-46a7-8d21-780c68ae918c None admin] Authenticating user token {{(pid=68930) process_request /opt/stack/data/venv/lib/python3.10/site-packages/keystonemiddleware/auth_token/__init__.py:406}}
Nov 20 08:53:24 ubuntu devstack@keystone.service[68929]: WARNING keystone.common.password_hashing [None req-50b4b9d8-e6bb-4b68-a59f-f647bec29f3f None None] Truncating password to algorithm specific maximum length 72 characters.
Nov 20 08:53:24 ubuntu devstack@keystone.service[68929]: DEBUG keystone.auth.core [None req-50b4b9d8-e6bb-4b68-a59f-f647bec29f3f None None] MFA Rules not processed for user `74ae6fe3188f4711b4eb822686cfef12`. Rule list: `[]` (Enabled: `True`). {{(pid=68929) check_auth_methods_against_rules /opt/stack/keystone/keystone/auth/core.py:476}}
Nov 20 08:53:24 ubuntu devstack@keystone.service[68929]: DEBUG keystone.common.fernet_utils [None req-50b4b9d8-e6bb-4b68-a59f-f647bec29f3f None None] Loaded 2 Fernet keys from /etc/keystone/fernet-keys/, but `[fernet_tokens] max_active_keys = 3`; perhaps there have not been enough key rotations to reach `max_active_keys` yet? {{(pid=68929) load_keys /opt/stack/keystone/keystone/common/fernet_utils.py:297}}
Nov 20 08:53:24 ubuntu devstack@keystone.service[68930]: DEBUG keystone.server.flask.request_processing.middleware.auth_context [None req-418d2220-ac17-46a7-8d21-780c68ae918c None admin] Validating token access rules against request {{(pid=68930) validate_allowed_request /opt/stack/data/venv/lib/python3.10/site-packages/keystonemiddleware/auth_token/__init__.py:544}}
Nov 20 08:53:24 ubuntu devstack@keystone.service[68929]: [pid: 68929|app: 0|req: 20/36] 10.201.5.82 () {58 vars in 1023 bytes} [Wed Nov 20 08:53:24 2024] POST /identity/v3/auth/tokens => generated 862 bytes in 49 msecs (HTTP/1.1 201) 6 headers in 363 bytes (1 switches on core 0)
Nov 20 08:53:24 ubuntu devstack@keystone.service[68929]: DEBUG keystone.server.flask.request_processing.middleware.auth_context [None req-50b4b9d8-e6bb-4b68-a59f-f647bec29f3f None None] Authenticating user token {{(pid=68929) process_request /opt/stack/data/venv/lib/python3.10/site-packages/keystonemiddleware/auth_token/__init__.py:406}}
Nov 20 08:53:24 ubuntu devstack@keystone.service[68930]: DEBUG keystone.server.flask.request_processing.middleware.auth_context [None req-107bf333-c234-483a-8a85-8e91ebb66d4b None admin] RBAC: auth_context: {'token': <TokenModel (audit_id=IeNllhp_SjaS-rIPy85Nrg, audit_chain_id=['IeNllhp_SjaS-rIPy85Nrg']) at 0x7f0692df6d70>, 'domain_id': None, 'trust_id': None, 'trustor_id': None, 'trustee_id': None, 'domain_name': None, 'group_ids': [], 'user_id': '74ae6fe3188f4711b4eb822686cfef12', 'user_domain_id': 'default', 'system_scope': 'all', 'project_id': None, 'project_domain_id': None, 'roles': ['admin', 'manager', 'member', 'reader'], 'is_admin_project': True, 'service_user_id': None, 'service_user_domain_id': None, 'service_project_id': None, 'service_project_domain_id': None, 'service_roles': []} {{(pid=68930) fill_context /opt/stack/keystone/keystone/server/flask/request_processing/middleware/auth_context.py:506}}
Nov 20 08:53:24 ubuntu devstack@keystone.service[68930]: DEBUG keystone.server.flask.request_processing.req_logging [None req-107bf333-c234-483a-8a85-8e91ebb66d4b None admin] REQUEST_METHOD: `POST` {{(pid=68930) log_request_info /opt/stack/keystone/keystone/server/flask/request_processing/req_logging.py:26}}
Nov 20 08:53:24 ubuntu devstack@keystone.service[68930]: DEBUG keystone.server.flask.request_processing.req_logging [None req-107bf333-c234-483a-8a85-8e91ebb66d4b None admin] SCRIPT_NAME: `/identity` {{(pid=68930) log_request_info /opt/stack/keystone/keystone/server/flask/request_processing/req_logging.py:27}}
Nov 20 08:53:24 ubuntu devstack@keystone.service[68930]: DEBUG keystone.server.flask.request_processing.req_logging [None req-107bf333-c234-483a-8a85-8e91ebb66d4b None admin] PATH_INFO: `/v3/roles` {{(pid=68930) log_request_info /opt/stack/keystone/keystone/server/flask/request_processing/req_logging.py:28}}
Nov 20 08:53:24 ubuntu devstack@keystone.service[68930]: DEBUG keystone.common.rbac_enforcer.enforcer [None req-107bf333-c234-483a-8a85-8e91ebb66d4b None admin] RBAC: Authorizing `identity:create_role()` {{(pid=68930) enforce_call /opt/stack/keystone/keystone/common/rbac_enforcer/enforcer.py:503}}
Nov 20 08:53:24 ubuntu devstack@keystone.service[68930]: DEBUG keystone.common.rbac_enforcer.enforcer [None req-107bf333-c234-483a-8a85-8e91ebb66d4b None admin] RBAC: Authorization granted {{(pid=68930) enforce_call /opt/stack/keystone/keystone/common/rbac_enforcer/enforcer.py:514}}
Nov 20 08:53:24 ubuntu devstack@keystone.service[68930]: DEBUG keystone.common.sql.core [None req-107bf333-c234-483a-8a85-8e91ebb66d4b None admin] Conflict role: (pymysql.err.IntegrityError) (1062, "Duplicate entry 'service-<<null>>' for key 'role.ixu_role_name_domain_id'")
Nov 20 08:53:24 ubuntu devstack@keystone.service[68930]: [SQL: INSERT INTO `role` (id, name, description, extra) VALUES (%(id)s, %(name)s, %(description)s, %(extra)s)]
Nov 20 08:53:24 ubuntu devstack@keystone.service[68930]: [parameters: {'id': '1f9250111af5450db70555cd017968f2', 'name': 'service', 'description': None, 'extra': '{}'}]
Nov 20 08:53:24 ubuntu devstack@keystone.service[68930]: (Background on this error at: https://sqlalche.me/e/20/gkpj) {{(pid=68930) wrapper /opt/stack/keystone/keystone/common/sql/core.py:546}}
Nov 20 08:53:24 ubuntu devstack@keystone.service[68930]: ERROR keystone.server.flask.application [None req-107bf333-c234-483a-8a85-8e91ebb66d4b None admin] Conflict occurred attempting to store role - Duplicate entry found with name service.: keystone.exception.Conflict: Conflict occurred attempting to store role - Duplicate entry found with name service.
Nov 20 08:53:24 ubuntu devstack@keystone.service[68930]: ERROR keystone.server.flask.application Traceback (most recent call last):
Nov 20 08:53:24 ubuntu devstack@keystone.service[68930]: ERROR keystone.server.flask.application   File "/opt/stack/data/venv/lib/python3.10/site-packages/sqlalchemy/engine/base.py", line 1967, in _exec_single_context
Nov 20 08:53:24 ubuntu devstack@keystone.service[68930]: ERROR keystone.server.flask.application     self.dialect.do_execute(
Nov 20 08:53:24 ubuntu devstack@keystone.service[68930]: ERROR keystone.server.flask.application   File "/opt/stack/data/venv/lib/python3.10/site-packages/sqlalchemy/engine/default.py", line 941, in do_execute
Nov 20 08:53:24 ubuntu devstack@keystone.service[68930]: ERROR keystone.server.flask.application     cursor.execute(statement, parameters)
Nov 20 08:53:24 ubuntu devstack@keystone.service[68930]: ERROR keystone.server.flask.application   File "/opt/stack/data/venv/lib/python3.10/site-packages/pymysql/cursors.py", line 153, in execute
Nov 20 08:53:24 ubuntu devstack@keystone.service[68930]: ERROR keystone.server.flask.application     result = self._query(query)
Nov 20 08:53:24 ubuntu devstack@keystone.service[68930]: ERROR keystone.server.flask.application   File "/opt/stack/data/venv/lib/python3.10/site-packages/pymysql/cursors.py", line 322, in _query
Nov 20 08:53:24 ubuntu devstack@keystone.service[68930]: ERROR keystone.server.flask.application     conn.query(q)
Nov 20 08:53:24 ubuntu devstack@keystone.service[68930]: ERROR keystone.server.flask.application   File "/opt/stack/data/venv/lib/python3.10/site-packages/pymysql/connections.py", line 563, in query
Nov 20 08:53:24 ubuntu devstack@keystone.service[68930]: ERROR keystone.server.flask.application     self._affected_rows = self._read_query_result(unbuffered=unbuffered)
Nov 20 08:53:24 ubuntu devstack@keystone.service[68930]: ERROR keystone.server.flask.application   File "/opt/stack/data/venv/lib/python3.10/site-packages/pymysql/connections.py", line 825, in _read_query_result
Nov 20 08:53:24 ubuntu devstack@keystone.service[68930]: ERROR keystone.server.flask.application     result.read()
Nov 20 08:53:24 ubuntu devstack@keystone.service[68930]: ERROR keystone.server.flask.application   File "/opt/stack/data/venv/lib/python3.10/site-packages/pymysql/connections.py", line 1199, in read
Nov 20 08:53:24 ubuntu devstack@keystone.service[68930]: ERROR keystone.server.flask.application     first_packet = self.connection._read_packet()
Nov 20 08:53:24 ubuntu devstack@keystone.service[68930]: ERROR keystone.server.flask.application   File "/opt/stack/data/venv/lib/python3.10/site-packages/pymysql/connections.py", line 775, in _read_packet
Nov 20 08:53:24 ubuntu devstack@keystone.service[68930]: ERROR keystone.server.flask.application     packet.raise_for_error()
Nov 20 08:53:24 ubuntu devstack@keystone.service[68930]: ERROR keystone.server.flask.application   File "/opt/stack/data/venv/lib/python3.10/site-packages/pymysql/protocol.py", line 219, in raise_for_error
Nov 20 08:53:24 ubuntu devstack@keystone.service[68930]: ERROR keystone.server.flask.application     err.raise_mysql_exception(self._data)
Nov 20 08:53:24 ubuntu devstack@keystone.service[68930]: ERROR keystone.server.flask.application   File "/opt/stack/data/venv/lib/python3.10/site-packages/pymysql/err.py", line 150, in raise_mysql_exception
Nov 20 08:53:24 ubuntu devstack@keystone.service[68930]: ERROR keystone.server.flask.application     raise errorclass(errno, errval)
Nov 20 08:53:24 ubuntu devstack@keystone.service[68930]: ERROR keystone.server.flask.application pymysql.err.IntegrityError: (1062, "Duplicate entry 'service-<<null>>' for key 'role.ixu_role_name_domain_id'")
Nov 20 08:53:24 ubuntu devstack@keystone.service[68930]: ERROR keystone.server.flask.application 
Nov 20 08:53:24 ubuntu devstack@keystone.service[68930]: ERROR keystone.server.flask.application The above exception was the direct cause of the following exception:
Nov 20 08:53:24 ubuntu devstack@keystone.service[68930]: ERROR keystone.server.flask.application 
Nov 20 08:53:24 ubuntu devstack@keystone.service[68930]: ERROR keystone.server.flask.application Traceback (most recent call last):
Nov 20 08:53:24 ubuntu devstack@keystone.service[68930]: ERROR keystone.server.flask.application   File "/opt/stack/keystone/keystone/common/sql/core.py", line 541, in wrapper
Nov 20 08:53:24 ubuntu devstack@keystone.service[68930]: ERROR keystone.server.flask.application     return method(*args, **kwargs)
Nov 20 08:53:24 ubuntu devstack@keystone.service[68930]: ERROR keystone.server.flask.application   File "/opt/stack/keystone/keystone/assignment/role_backends/sql.py", line 25, in create_role
Nov 20 08:53:24 ubuntu devstack@keystone.service[68930]: ERROR keystone.server.flask.application     with sql.session_for_write() as session:
Nov 20 08:53:24 ubuntu devstack@keystone.service[68930]: ERROR keystone.server.flask.application   File "/usr/lib/python3.10/contextlib.py", line 142, in __exit__
Nov 20 08:53:24 ubuntu devstack@keystone.service[68930]: ERROR keystone.server.flask.application     next(self.gen)
Nov 20 08:53:24 ubuntu devstack@keystone.service[68930]: ERROR keystone.server.flask.application   File "/opt/stack/data/venv/lib/python3.10/site-packages/oslo_db/sqlalchemy/enginefacade.py", line 1042, in _transaction_scope
Nov 20 08:53:24 ubuntu devstack@keystone.service[68930]: ERROR keystone.server.flask.application     with current._produce_block(
Nov 20 08:53:24 ubuntu devstack@keystone.service[68930]: ERROR keystone.server.flask.application   File "/usr/lib/python3.10/contextlib.py", line 142, in __exit__
Nov 20 08:53:24 ubuntu devstack@keystone.service[68930]: ERROR keystone.server.flask.application     next(self.gen)
Nov 20 08:53:24 ubuntu devstack@keystone.service[68930]: ERROR keystone.server.flask.application   File "/opt/stack/data/venv/lib/python3.10/site-packages/oslo_db/sqlalchemy/enginefacade.py", line 649, in _session
Nov 20 08:53:24 ubuntu devstack@keystone.service[68930]: ERROR keystone.server.flask.application     with excutils.save_and_reraise_exception():
Nov 20 08:53:24 ubuntu devstack@keystone.service[68930]: ERROR keystone.server.flask.application   File "/opt/stack/data/venv/lib/python3.10/site-packages/oslo_utils/excutils.py", line 227, in __exit__
Nov 20 08:53:24 ubuntu devstack@keystone.service[68930]: ERROR keystone.server.flask.application     self.force_reraise()
Nov 20 08:53:24 ubuntu devstack@keystone.service[68930]: ERROR keystone.server.flask.application   File "/opt/stack/data/venv/lib/python3.10/site-packages/oslo_utils/excutils.py", line 200, in force_reraise
Nov 20 08:53:24 ubuntu devstack@keystone.service[68930]: ERROR keystone.server.flask.application     raise self.value
Nov 20 08:53:24 ubuntu devstack@keystone.service[68930]: ERROR keystone.server.flask.application   File "/opt/stack/data/venv/lib/python3.10/site-packages/oslo_db/sqlalchemy/enginefacade.py", line 647, in _session
Nov 20 08:53:24 ubuntu devstack@keystone.service[68930]: ERROR keystone.server.flask.application     self._end_session_transaction(self.session)
Nov 20 08:53:24 ubuntu devstack@keystone.service[68930]: ERROR keystone.server.flask.application   File "/opt/stack/data/venv/lib/python3.10/site-packages/oslo_db/sqlalchemy/enginefacade.py", line 675, in _end_session_transaction
Nov 20 08:53:24 ubuntu devstack@keystone.service[68930]: ERROR keystone.server.flask.application     session.commit()
Nov 20 08:53:24 ubuntu devstack@keystone.service[68930]: ERROR keystone.server.flask.application   File "/opt/stack/data/venv/lib/python3.10/site-packages/sqlalchemy/orm/session.py", line 2028, in commit
Nov 20 08:53:24 ubuntu devstack@keystone.service[68930]: ERROR keystone.server.flask.application     trans.commit(_to_root=True)
Nov 20 08:53:24 ubuntu devstack@keystone.service[68930]: ERROR keystone.server.flask.application   File "<string>", line 2, in commit
Nov 20 08:53:24 ubuntu devstack@keystone.service[68930]: ERROR keystone.server.flask.application   File "/opt/stack/data/venv/lib/python3.10/site-packages/sqlalchemy/orm/state_changes.py", line 139, in _go
Nov 20 08:53:24 ubuntu devstack@keystone.service[68930]: ERROR keystone.server.flask.application     ret_value = fn(self, *arg, **kw)
Nov 20 08:53:24 ubuntu devstack@keystone.service[68930]: ERROR keystone.server.flask.application   File "/opt/stack/data/venv/lib/python3.10/site-packages/sqlalchemy/orm/session.py", line 1313, in commit
Nov 20 08:53:24 ubuntu devstack@keystone.service[68930]: ERROR keystone.server.flask.application     self._prepare_impl()
Nov 20 08:53:24 ubuntu devstack@keystone.service[68930]: ERROR keystone.server.flask.application   File "<string>", line 2, in _prepare_impl
Nov 20 08:53:24 ubuntu devstack@keystone.service[68930]: ERROR keystone.server.flask.application   File "/opt/stack/data/venv/lib/python3.10/site-packages/sqlalchemy/orm/state_changes.py", line 139, in _go
Nov 20 08:53:24 ubuntu devstack@keystone.service[68930]: ERROR keystone.server.flask.application     ret_value = fn(self, *arg, **kw)
Nov 20 08:53:24 ubuntu devstack@keystone.service[68930]: ERROR keystone.server.flask.application   File "/opt/stack/data/venv/lib/python3.10/site-packages/sqlalchemy/orm/session.py", line 1288, in _prepare_impl
Nov 20 08:53:24 ubuntu devstack@keystone.service[68930]: ERROR keystone.server.flask.application     self.session.flush()
Nov 20 08:53:24 ubuntu devstack@keystone.service[68930]: ERROR keystone.server.flask.application   File "/opt/stack/data/venv/lib/python3.10/site-packages/sqlalchemy/orm/session.py", line 4352, in flush
Nov 20 08:53:24 ubuntu devstack@keystone.service[68930]: ERROR keystone.server.flask.application     self._flush(objects)
Nov 20 08:53:24 ubuntu devstack@keystone.service[68930]: ERROR keystone.server.flask.application   File "/opt/stack/data/venv/lib/python3.10/site-packages/sqlalchemy/orm/session.py", line 4487, in _flush
Nov 20 08:53:24 ubuntu devstack@keystone.service[68930]: ERROR keystone.server.flask.application     with util.safe_reraise():
Nov 20 08:53:24 ubuntu devstack@keystone.service[68930]: ERROR keystone.server.flask.application   File "/opt/stack/data/venv/lib/python3.10/site-packages/sqlalchemy/util/langhelpers.py", line 146, in __exit__
Nov 20 08:53:24 ubuntu devstack@keystone.service[68930]: ERROR keystone.server.flask.application     raise exc_value.with_traceback(exc_tb)
Nov 20 08:53:24 ubuntu devstack@keystone.service[68930]: ERROR keystone.server.flask.application   File "/opt/stack/data/venv/lib/python3.10/site-packages/sqlalchemy/orm/session.py", line 4448, in _flush
Nov 20 08:53:24 ubuntu devstack@keystone.service[68930]: ERROR keystone.server.flask.application     flush_context.execute()
Nov 20 08:53:24 ubuntu devstack@keystone.service[68930]: ERROR keystone.server.flask.application   File "/opt/stack/data/venv/lib/python3.10/site-packages/sqlalchemy/orm/unitofwork.py", line 466, in execute
Nov 20 08:53:24 ubuntu devstack@keystone.service[68930]: ERROR keystone.server.flask.application     rec.execute(self)
Nov 20 08:53:24 ubuntu devstack@keystone.service[68930]: ERROR keystone.server.flask.application   File "/opt/stack/data/venv/lib/python3.10/site-packages/sqlalchemy/orm/unitofwork.py", line 642, in execute
Nov 20 08:53:24 ubuntu devstack@keystone.service[68930]: ERROR keystone.server.flask.application     util.preloaded.orm_persistence.save_obj(
Nov 20 08:53:24 ubuntu devstack@keystone.service[68930]: ERROR keystone.server.flask.application   File "/opt/stack/data/venv/lib/python3.10/site-packages/sqlalchemy/orm/persistence.py", line 93, in save_obj
Nov 20 08:53:24 ubuntu devstack@keystone.service[68930]: ERROR keystone.server.flask.application     _emit_insert_statements(
Nov 20 08:53:24 ubuntu devstack@keystone.service[68930]: ERROR keystone.server.flask.application   File "/opt/stack/data/venv/lib/python3.10/site-packages/sqlalchemy/orm/persistence.py", line 1048, in _emit_insert_statements
Nov 20 08:53:24 ubuntu devstack@keystone.service[68930]: ERROR keystone.server.flask.application     result = connection.execute(
Nov 20 08:53:24 ubuntu devstack@keystone.service[68930]: ERROR keystone.server.flask.application   File "/opt/stack/data/venv/lib/python3.10/site-packages/sqlalchemy/engine/base.py", line 1418, in execute
Nov 20 08:53:24 ubuntu devstack@keystone.service[68930]: ERROR keystone.server.flask.application     return meth(
Nov 20 08:53:24 ubuntu devstack@keystone.service[68930]: ERROR keystone.server.flask.application   File "/opt/stack/data/venv/lib/python3.10/site-packages/sqlalchemy/sql/elements.py", line 515, in _execute_on_connection
Nov 20 08:53:24 ubuntu devstack@keystone.service[68930]: ERROR keystone.server.flask.application     return connection._execute_clauseelement(
Nov 20 08:53:24 ubuntu devstack@keystone.service[68930]: ERROR keystone.server.flask.application   File "/opt/stack/data/venv/lib/python3.10/site-packages/sqlalchemy/engine/base.py", line 1640, in _execute_clauseelement
Nov 20 08:53:24 ubuntu devstack@keystone.service[68930]: ERROR keystone.server.flask.application     ret = self._execute_context(
Nov 20 08:53:24 ubuntu devstack@keystone.service[68930]: ERROR keystone.server.flask.application   File "/opt/stack/data/venv/lib/python3.10/site-packages/sqlalchemy/engine/base.py", line 1846, in _execute_context
Nov 20 08:53:24 ubuntu devstack@keystone.service[68930]: ERROR keystone.server.flask.application     return self._exec_single_context(
Nov 20 08:53:24 ubuntu devstack@keystone.service[68930]: ERROR keystone.server.flask.application   File "/opt/stack/data/venv/lib/python3.10/site-packages/sqlalchemy/engine/base.py", line 1986, in _exec_single_context
Nov 20 08:53:24 ubuntu devstack@keystone.service[68930]: ERROR keystone.server.flask.application     self._handle_dbapi_exception(
Nov 20 08:53:24 ubuntu devstack@keystone.service[68930]: ERROR keystone.server.flask.application   File "/opt/stack/data/venv/lib/python3.10/site-packages/sqlalchemy/engine/base.py", line 2352, in _handle_dbapi_exception
Nov 20 08:53:24 ubuntu devstack@keystone.service[68930]: ERROR keystone.server.flask.application     raise newraise.with_traceback(exc_info[2]) from e
Nov 20 08:53:24 ubuntu devstack@keystone.service[68930]: ERROR keystone.server.flask.application   File "/opt/stack/data/venv/lib/python3.10/site-packages/sqlalchemy/engine/base.py", line 1967, in _exec_single_context
Nov 20 08:53:24 ubuntu devstack@keystone.service[68930]: ERROR keystone.server.flask.application     self.dialect.do_execute(
Nov 20 08:53:24 ubuntu devstack@keystone.service[68930]: ERROR keystone.server.flask.application   File "/opt/stack/data/venv/lib/python3.10/site-packages/sqlalchemy/engine/default.py", line 941, in do_execute
Nov 20 08:53:24 ubuntu devstack@keystone.service[68930]: ERROR keystone.server.flask.application     cursor.execute(statement, parameters)
Nov 20 08:53:24 ubuntu devstack@keystone.service[68930]: ERROR keystone.server.flask.application   File "/opt/stack/data/venv/lib/python3.10/site-packages/pymysql/cursors.py", line 153, in execute
Nov 20 08:53:24 ubuntu devstack@keystone.service[68930]: ERROR keystone.server.flask.application     result = self._query(query)
Nov 20 08:53:24 ubuntu devstack@keystone.service[68930]: ERROR keystone.server.flask.application   File "/opt/stack/data/venv/lib/python3.10/site-packages/pymysql/cursors.py", line 322, in _query
Nov 20 08:53:24 ubuntu devstack@keystone.service[68930]: ERROR keystone.server.flask.application     conn.query(q)
Nov 20 08:53:24 ubuntu devstack@keystone.service[68930]: ERROR keystone.server.flask.application   File "/opt/stack/data/venv/lib/python3.10/site-packages/pymysql/connections.py", line 563, in query
Nov 20 08:53:24 ubuntu devstack@keystone.service[68930]: ERROR keystone.server.flask.application     self._affected_rows = self._read_query_result(unbuffered=unbuffered)
Nov 20 08:53:24 ubuntu devstack@keystone.service[68930]: ERROR keystone.server.flask.application   File "/opt/stack/data/venv/lib/python3.10/site-packages/pymysql/connections.py", line 825, in _read_query_result
Nov 20 08:53:24 ubuntu devstack@keystone.service[68930]: ERROR keystone.server.flask.application     result.read()
Nov 20 08:53:24 ubuntu devstack@keystone.service[68930]: ERROR keystone.server.flask.application   File "/opt/stack/data/venv/lib/python3.10/site-packages/pymysql/connections.py", line 1199, in read
Nov 20 08:53:24 ubuntu devstack@keystone.service[68930]: ERROR keystone.server.flask.application     first_packet = self.connection._read_packet()
Nov 20 08:53:24 ubuntu devstack@keystone.service[68930]: ERROR keystone.server.flask.application   File "/opt/stack/data/venv/lib/python3.10/site-packages/pymysql/connections.py", line 775, in _read_packet
Nov 20 08:53:24 ubuntu devstack@keystone.service[68930]: ERROR keystone.server.flask.application     packet.raise_for_error()
