Mar 27 01:49:01 ubuntu devstack@g-api.service[133519]: DEBUG glance.common.config [None req-93521911-c420-4590-955c-531a20deee57 None None] barbican_service_user.keyfile  = None {{(pid=133519) log_opt_values /opt/stack/data/venv/lib/python3.10/site-packages/oslo_config/cfg.py:3006}}
Mar 27 01:49:01 ubuntu devstack@g-api.service[133518]: DEBUG glance.common.config [None req-21758bd7-35bf-48ba-8476-e723d1aef366 None None] healthcheck.backends           = ['disable_by_file'] {{(pid=133518) log_opt_values /opt/stack/data/venv/lib/python3.10/site-packages/oslo_config/cfg.py:3006}}
Mar 27 01:49:01 ubuntu devstack@g-api.service[133519]: DEBUG glance.common.config [None req-93521911-c420-4590-955c-531a20deee57 None None] barbican_service_user.split_loggers = False {{(pid=133519) log_opt_values /opt/stack/data/venv/lib/python3.10/site-packages/oslo_config/cfg.py:3006}}
Mar 27 01:49:01 ubuntu devstack@g-api.service[133519]: DEBUG glance.common.config [None req-93521911-c420-4590-955c-531a20deee57 None None] barbican_service_user.timeout  = None {{(pid=133519) log_opt_values /opt/stack/data/venv/lib/python3.10/site-packages/oslo_config/cfg.py:3006}}
Mar 27 01:49:01 ubuntu devstack@g-api.service[133518]: DEBUG glance.common.config [None req-21758bd7-35bf-48ba-8476-e723d1aef366 None None] healthcheck.detailed           = False {{(pid=133518) log_opt_values /opt/stack/data/venv/lib/python3.10/site-packages/oslo_config/cfg.py:3006}}
Mar 27 01:49:01 ubuntu devstack@g-api.service[133519]: DEBUG glance.common.config [None req-93521911-c420-4590-955c-531a20deee57 None None] database.asyncio_connection    = **** {{(pid=133519) log_opt_values /opt/stack/data/venv/lib/python3.10/site-packages/oslo_config/cfg.py:3006}}
Mar 27 01:49:01 ubuntu devstack@g-api.service[133519]: DEBUG glance.common.config [None req-93521911-c420-4590-955c-531a20deee57 None None] database.asyncio_slave_connection = **** {{(pid=133519) log_opt_values /opt/stack/data/venv/lib/python3.10/site-packages/oslo_config/cfg.py:3006}}
Mar 27 01:49:01 ubuntu devstack@g-api.service[133518]: DEBUG glance.common.config [None req-21758bd7-35bf-48ba-8476-e723d1aef366 None None] healthcheck.disable_by_file_path = None {{(pid=133518) log_opt_values /opt/stack/data/venv/lib/python3.10/site-packages/oslo_config/cfg.py:3006}}
Mar 27 01:49:01 ubuntu devstack@g-api.service[133519]: DEBUG glance.common.config [None req-93521911-c420-4590-955c-531a20deee57 None None] database.backend               = sqlalchemy {{(pid=133519) log_opt_values /opt/stack/data/venv/lib/python3.10/site-packages/oslo_config/cfg.py:3006}}
Mar 27 01:49:01 ubuntu devstack@g-api.service[133519]: DEBUG glance.common.config [None req-93521911-c420-4590-955c-531a20deee57 None None] database.connection            = **** {{(pid=133519) log_opt_values /opt/stack/data/venv/lib/python3.10/site-packages/oslo_config/cfg.py:3006}}
Mar 27 01:49:01 ubuntu devstack@g-api.service[133519]: DEBUG glance.common.config [None req-93521911-c420-4590-955c-531a20deee57 None None] database.connection_debug      = 0 {{(pid=133519) log_opt_values /opt/stack/data/venv/lib/python3.10/site-packages/oslo_config/cfg.py:3006}}
Mar 27 01:49:01 ubuntu devstack@g-api.service[133519]: DEBUG glance.common.config [None req-93521911-c420-4590-955c-531a20deee57 None None] database.connection_parameters =  {{(pid=133519) log_opt_values /opt/stack/data/venv/lib/python3.10/site-packages/oslo_config/cfg.py:3006}}
Mar 27 01:49:01 ubuntu devstack@g-api.service[133518]: DEBUG glance.common.config [None req-21758bd7-35bf-48ba-8476-e723d1aef366 None None] healthcheck.ignore_proxied_requests = False {{(pid=133518) log_opt_values /opt/stack/data/venv/lib/python3.10/site-packages/oslo_config/cfg.py:3006}}
Mar 27 01:49:01 ubuntu devstack@g-api.service[133519]: DEBUG glance.common.config [None req-93521911-c420-4590-955c-531a20deee57 None None] database.connection_recycle_time = 3600 {{(pid=133519) log_opt_values /opt/stack/data/venv/lib/python3.10/site-packages/oslo_config/cfg.py:3006}}
Mar 27 01:49:01 ubuntu devstack@g-api.service[133519]: DEBUG glance.common.config [None req-93521911-c420-4590-955c-531a20deee57 None None] database.connection_trace      = False {{(pid=133519) log_opt_values /opt/stack/data/venv/lib/python3.10/site-packages/oslo_config/cfg.py:3006}}
Mar 27 01:49:01 ubuntu devstack@g-api.service[133518]: DEBUG glance.common.config [None req-21758bd7-35bf-48ba-8476-e723d1aef366 None None] ******************************************************************************** {{(pid=133518) log_opt_values /opt/stack/data/venv/lib/python3.10/site-packages/oslo_config/cfg.py:3013}}
Mar 27 01:49:01 ubuntu devstack@g-api.service[133519]: DEBUG glance.common.config [None req-93521911-c420-4590-955c-531a20deee57 None None] database.db_inc_retry_interval = True {{(pid=133519) log_opt_values /opt/stack/data/venv/lib/python3.10/site-packages/oslo_config/cfg.py:3006}}
Mar 27 01:49:01 ubuntu devstack@g-api.service[133518]: WSGI app 0 (mountpoint='') ready in 2 seconds on interpreter 0x560156207280 pid: 133518 (default app)
Mar 27 01:49:01 ubuntu devstack@g-api.service[133519]: DEBUG glance.common.config [None req-93521911-c420-4590-955c-531a20deee57 None None] database.db_max_retries        = 20 {{(pid=133519) log_opt_values /opt/stack/data/venv/lib/python3.10/site-packages/oslo_config/cfg.py:3006}}
Mar 27 01:49:01 ubuntu devstack@g-api.service[133519]: DEBUG glance.common.config [None req-93521911-c420-4590-955c-531a20deee57 None None] database.db_max_retry_interval = 10 {{(pid=133519) log_opt_values /opt/stack/data/venv/lib/python3.10/site-packages/oslo_config/cfg.py:3006}}
Mar 27 01:49:01 ubuntu devstack@g-api.service[133519]: DEBUG glance.common.config [None req-93521911-c420-4590-955c-531a20deee57 None None] database.db_retry_interval     = 1 {{(pid=133519) log_opt_values /opt/stack/data/venv/lib/python3.10/site-packages/oslo_config/cfg.py:3006}}
Mar 27 01:49:01 ubuntu devstack@g-api.service[133519]: DEBUG glance.common.config [None req-93521911-c420-4590-955c-531a20deee57 None None] database.max_overflow          = 50 {{(pid=133519) log_opt_values /opt/stack/data/venv/lib/python3.10/site-packages/oslo_config/cfg.py:3006}}
Mar 27 01:49:01 ubuntu devstack@g-api.service[133519]: DEBUG glance.common.config [None req-93521911-c420-4590-955c-531a20deee57 None None] database.max_pool_size         = 5 {{(pid=133519) log_opt_values /opt/stack/data/venv/lib/python3.10/site-packages/oslo_config/cfg.py:3006}}
Mar 27 01:49:01 ubuntu devstack@g-api.service[133519]: DEBUG glance.common.config [None req-93521911-c420-4590-955c-531a20deee57 None None] database.max_retries           = 10 {{(pid=133519) log_opt_values /opt/stack/data/venv/lib/python3.10/site-packages/oslo_config/cfg.py:3006}}
Mar 27 01:49:01 ubuntu devstack@g-api.service[133519]: DEBUG glance.common.config [None req-93521911-c420-4590-955c-531a20deee57 None None] database.mysql_sql_mode        = TRADITIONAL {{(pid=133519) log_opt_values /opt/stack/data/venv/lib/python3.10/site-packages/oslo_config/cfg.py:3006}}
Mar 27 01:49:01 ubuntu devstack@g-api.service[133519]: DEBUG glance.common.config [None req-93521911-c420-4590-955c-531a20deee57 None None] database.mysql_wsrep_sync_wait = None {{(pid=133519) log_opt_values /opt/stack/data/venv/lib/python3.10/site-packages/oslo_config/cfg.py:3006}}
Mar 27 01:49:01 ubuntu devstack@g-api.service[133518]: DEBUG glance.api.middleware.version_negotiation [None req-21758bd7-35bf-48ba-8476-e723d1aef366 None None] Determining version of request: GET / Accept: */* {{(pid=133518) process_request /opt/stack/glance/glance/api/middleware/version_negotiation.py:44}}
Mar 27 01:49:01 ubuntu devstack@g-api.service[133519]: DEBUG glance.common.config [None req-93521911-c420-4590-955c-531a20deee57 None None] database.pool_timeout          = None {{(pid=133519) log_opt_values /opt/stack/data/venv/lib/python3.10/site-packages/oslo_config/cfg.py:3006}}
Mar 27 01:49:01 ubuntu devstack@g-api.service[133519]: DEBUG glance.common.config [None req-93521911-c420-4590-955c-531a20deee57 None None] database.retry_interval        = 10 {{(pid=133519) log_opt_values /opt/stack/data/venv/lib/python3.10/site-packages/oslo_config/cfg.py:3006}}
Mar 27 01:49:01 ubuntu devstack@g-api.service[133519]: DEBUG glance.common.config [None req-93521911-c420-4590-955c-531a20deee57 None None] database.slave_connection      = **** {{(pid=133519) log_opt_values /opt/stack/data/venv/lib/python3.10/site-packages/oslo_config/cfg.py:3006}}
Mar 27 01:49:01 ubuntu devstack@g-api.service[133518]: DEBUG glance.api.middleware.version_negotiation [None req-21758bd7-35bf-48ba-8476-e723d1aef366 None None] Using url versioning {{(pid=133518) process_request /opt/stack/glance/glance/api/middleware/version_negotiation.py:57}}
Mar 27 01:49:01 ubuntu devstack@g-api.service[133519]: DEBUG glance.common.config [None req-93521911-c420-4590-955c-531a20deee57 None None] database.sqlite_synchronous    = True {{(pid=133519) log_opt_values /opt/stack/data/venv/lib/python3.10/site-packages/oslo_config/cfg.py:3006}}
Mar 27 01:49:01 ubuntu devstack@g-api.service[133519]: DEBUG glance.common.config [None req-93521911-c420-4590-955c-531a20deee57 None None] database.synchronous_reader    = True {{(pid=133519) log_opt_values /opt/stack/data/venv/lib/python3.10/site-packages/oslo_config/cfg.py:3006}}
Mar 27 01:49:01 ubuntu devstack@g-api.service[133519]: DEBUG glance.common.config [None req-93521911-c420-4590-955c-531a20deee57 None None] database.use_db_reconnect      = False {{(pid=133519) log_opt_values /opt/stack/data/venv/lib/python3.10/site-packages/oslo_config/cfg.py:3006}}
Mar 27 01:49:01 ubuntu devstack@g-api.service[133519]: DEBUG glance.common.config [None req-93521911-c420-4590-955c-531a20deee57 None None] healthcheck.allowed_source_ranges = [] {{(pid=133519) log_opt_values /opt/stack/data/venv/lib/python3.10/site-packages/oslo_config/cfg.py:3006}}
Mar 27 01:49:01 ubuntu devstack@g-api.service[133518]: DEBUG glance.api.middleware.version_negotiation [None req-21758bd7-35bf-48ba-8476-e723d1aef366 None None] Unknown version. Returning version choices. {{(pid=133518) process_request /opt/stack/glance/glance/api/middleware/version_negotiation.py:64}}
Mar 27 01:49:01 ubuntu devstack@g-api.service[133519]: DEBUG glance.common.config [None req-93521911-c420-4590-955c-531a20deee57 None None] healthcheck.backends           = ['disable_by_file'] {{(pid=133519) log_opt_values /opt/stack/data/venv/lib/python3.10/site-packages/oslo_config/cfg.py:3006}}
Mar 27 01:49:01 ubuntu devstack@g-api.service[133519]: DEBUG glance.common.config [None req-93521911-c420-4590-955c-531a20deee57 None None] healthcheck.detailed           = False {{(pid=133519) log_opt_values /opt/stack/data/venv/lib/python3.10/site-packages/oslo_config/cfg.py:3006}}
Mar 27 01:49:01 ubuntu devstack@g-api.service[133519]: DEBUG glance.common.config [None req-93521911-c420-4590-955c-531a20deee57 None None] healthcheck.disable_by_file_path = None {{(pid=133519) log_opt_values /opt/stack/data/venv/lib/python3.10/site-packages/oslo_config/cfg.py:3006}}
Mar 27 01:49:01 ubuntu devstack@g-api.service[133519]: DEBUG glance.common.config [None req-93521911-c420-4590-955c-531a20deee57 None None] healthcheck.ignore_proxied_requests = False {{(pid=133519) log_opt_values /opt/stack/data/venv/lib/python3.10/site-packages/oslo_config/cfg.py:3006}}
Mar 27 01:49:01 ubuntu devstack@g-api.service[133519]: DEBUG glance.common.config [None req-93521911-c420-4590-955c-531a20deee57 None None] ******************************************************************************** {{(pid=133519) log_opt_values /opt/stack/data/venv/lib/python3.10/site-packages/oslo_config/cfg.py:3013}}
Mar 27 01:49:01 ubuntu devstack@g-api.service[133519]: WSGI app 0 (mountpoint='') ready in 2 seconds on interpreter 0x560156207280 pid: 133519 (default app)
Mar 27 01:49:01 ubuntu devstack@g-api.service[133518]: [pid: 133518|app: 0|req: 1/1] 127.0.0.1 () {32 vars in 386 bytes} [Fri Mar 27 01:49:01 2026] GET / => generated 1407 bytes in 2 msecs (HTTP/1.1 300) 3 headers in 106 bytes (1 switches on core 0)
Mar 27 01:49:05 ubuntu devstack@g-api.service[133519]: DEBUG glance.api.middleware.version_negotiation [None req-93521911-c420-4590-955c-531a20deee57 None None] Determining version of request: GET / Accept: application/json {{(pid=133519) process_request /opt/stack/glance/glance/api/middleware/version_negotiation.py:44}}
Mar 27 01:49:05 ubuntu devstack@g-api.service[133519]: DEBUG glance.api.middleware.version_negotiation [None req-93521911-c420-4590-955c-531a20deee57 None None] Using url versioning {{(pid=133519) process_request /opt/stack/glance/glance/api/middleware/version_negotiation.py:57}}
Mar 27 01:49:05 ubuntu devstack@g-api.service[133519]: DEBUG glance.api.middleware.version_negotiation [None req-93521911-c420-4590-955c-531a20deee57 None None] Unknown version. Returning version choices. {{(pid=133519) process_request /opt/stack/glance/glance/api/middleware/version_negotiation.py:64}}
Mar 27 01:49:05 ubuntu devstack@g-api.service[133519]: [pid: 133519|app: 0|req: 1/2] 127.0.0.1 () {34 vars in 504 bytes} [Fri Mar 27 01:49:05 2026] GET / => generated 1407 bytes in 4 msecs (HTTP/1.1 300) 3 headers in 106 bytes (1 switches on core 0)
Mar 27 01:49:05 ubuntu devstack@g-api.service[133518]: DEBUG glance.api.middleware.version_negotiation [None req-21758bd7-35bf-48ba-8476-e723d1aef366 None None] Determining version of request: POST /v2/images Accept: */* {{(pid=133518) process_request /opt/stack/glance/glance/api/middleware/version_negotiation.py:44}}
Mar 27 01:49:05 ubuntu devstack@g-api.service[133518]: DEBUG glance.api.middleware.version_negotiation [None req-21758bd7-35bf-48ba-8476-e723d1aef366 None None] Using url versioning {{(pid=133518) process_request /opt/stack/glance/glance/api/middleware/version_negotiation.py:57}}
Mar 27 01:49:05 ubuntu devstack@g-api.service[133518]: DEBUG glance.api.middleware.version_negotiation [None req-21758bd7-35bf-48ba-8476-e723d1aef366 None None] Matched version: v2 {{(pid=133518) process_request /opt/stack/glance/glance/api/middleware/version_negotiation.py:69}}
Mar 27 01:49:05 ubuntu devstack@g-api.service[133518]: DEBUG glance.api.middleware.version_negotiation [None req-21758bd7-35bf-48ba-8476-e723d1aef366 None None] new path /v2/images {{(pid=133518) process_request /opt/stack/glance/glance/api/middleware/version_negotiation.py:70}}
Mar 27 01:49:06 ubuntu devstack@g-api.service[133518]: [pid: 133518|app: 0|req: 2/3] 127.0.0.1 () {40 vars in 767 bytes} [Fri Mar 27 01:49:05 2026] POST /v2/images => generated 807 bytes in 959 msecs (HTTP/1.1 201) 6 headers in 314 bytes (1 switches on core 0)
Mar 27 01:49:06 ubuntu devstack@g-api.service[133519]: DEBUG glance.api.middleware.version_negotiation [None req-93521911-c420-4590-955c-531a20deee57 None None] Determining version of request: PUT /v2/images/26236cbf-95d0-497f-b551-8c2e0fdf5056/file Accept:  {{(pid=133519) process_request /opt/stack/glance/glance/api/middleware/version_negotiation.py:44}}
Mar 27 01:49:06 ubuntu devstack@g-api.service[133519]: DEBUG glance.api.middleware.version_negotiation [None req-93521911-c420-4590-955c-531a20deee57 None None] Using url versioning {{(pid=133519) process_request /opt/stack/glance/glance/api/middleware/version_negotiation.py:57}}
Mar 27 01:49:06 ubuntu devstack@g-api.service[133519]: DEBUG glance.api.middleware.version_negotiation [None req-93521911-c420-4590-955c-531a20deee57 None None] Matched version: v2 {{(pid=133519) process_request /opt/stack/glance/glance/api/middleware/version_negotiation.py:69}}
Mar 27 01:49:06 ubuntu devstack@g-api.service[133519]: DEBUG glance.api.middleware.version_negotiation [None req-93521911-c420-4590-955c-531a20deee57 None None] new path /v2/images/26236cbf-95d0-497f-b551-8c2e0fdf5056/file {{(pid=133519) process_request /opt/stack/glance/glance/api/middleware/version_negotiation.py:70}}
Mar 27 01:49:06 ubuntu devstack@g-api.service[133519]: INFO glance.api.v2.image_data [None req-323114ec-d285-4284-aa01-099c239a3c16 admin admin] Unable to create trust: no such option collect_timing in group [keystone_authtoken] Use the existing user token.
Mar 27 01:49:07 ubuntu devstack@g-api.service[133519]: DEBUG glance.location [None req-323114ec-d285-4284-aa01-099c239a3c16 admin admin] Enabling in-flight format inspection for qcow2 {{(pid=133519) set_data /opt/stack/glance/glance/location.py:616}}
Mar 27 01:49:07 ubuntu devstack@g-api.service[133519]: DEBUG glance_store.backend [None req-323114ec-d285-4284-aa01-099c239a3c16 admin admin] Attempting to import store swift {{(pid=133519) _load_store /opt/stack/data/venv/lib/python3.10/site-packages/glance_store/backend.py:215}}
Mar 27 01:49:07 ubuntu devstack@g-api.service[133519]: DEBUG glance_store.capabilities [None req-323114ec-d285-4284-aa01-099c239a3c16 admin admin] Store glance_store._drivers.swift.store.SingleTenantStore doesn't support updating dynamic storage capabilities. Please overwrite 'update_capabilities' method of the store to implement updating logics if needed. {{(pid=133519) update_capabilities /opt/stack/data/venv/lib/python3.10/site-packages/glance_store/capabilities.py:91}}
Mar 27 01:49:07 ubuntu devstack@g-api.service[133519]: DEBUG glance_store.driver [None req-323114ec-d285-4284-aa01-099c239a3c16 admin admin] Late loading location class glance_store._drivers.swift.store.StoreLocation {{(pid=133519) get_store_location_class /opt/stack/data/venv/lib/python3.10/site-packages/glance_store/driver.py:134}}
Mar 27 01:49:07 ubuntu devstack@g-api.service[133519]: DEBUG glance_store.location [None req-323114ec-d285-4284-aa01-099c239a3c16 admin admin] Registering scheme swift+https with {'store': <glance_store._drivers.swift.store.SingleTenantStore object at 0x7f236287aaa0>, 'location_class': <class 'glance_store._drivers.swift.store.StoreLocation'>, 'store_entry': 'swift'} {{(pid=133519) register_scheme_map /opt/stack/data/venv/lib/python3.10/site-packages/glance_store/location.py:146}}
Mar 27 01:49:07 ubuntu devstack@g-api.service[133519]: DEBUG glance_store.location [None req-323114ec-d285-4284-aa01-099c239a3c16 admin admin] Registering scheme swift+https with {'store': <glance_store._drivers.swift.store.SingleTenantStore object at 0x7f236287aaa0>, 'location_class': <class 'glance_store._drivers.swift.store.StoreLocation'>, 'store_entry': 'swift'} {{(pid=133519) register_scheme_map /opt/stack/data/venv/lib/python3.10/site-packages/glance_store/location.py:146}}
Mar 27 01:49:07 ubuntu devstack@g-api.service[133519]: DEBUG glance_store.location [None req-323114ec-d285-4284-aa01-099c239a3c16 admin admin] Registering scheme swift with {'store': <glance_store._drivers.swift.store.SingleTenantStore object at 0x7f236287aaa0>, 'location_class': <class 'glance_store._drivers.swift.store.StoreLocation'>, 'store_entry': 'swift'} {{(pid=133519) register_scheme_map /opt/stack/data/venv/lib/python3.10/site-packages/glance_store/location.py:146}}
Mar 27 01:49:07 ubuntu devstack@g-api.service[133519]: DEBUG glance_store.location [None req-323114ec-d285-4284-aa01-099c239a3c16 admin admin] Registering scheme swift+https with {'store': <glance_store._drivers.swift.store.SingleTenantStore object at 0x7f236287aaa0>, 'location_class': <class 'glance_store._drivers.swift.store.StoreLocation'>, 'store_entry': 'swift'} {{(pid=133519) register_scheme_map /opt/stack/data/venv/lib/python3.10/site-packages/glance_store/location.py:146}}
Mar 27 01:49:07 ubuntu devstack@g-api.service[133519]: DEBUG glance_store.location [None req-323114ec-d285-4284-aa01-099c239a3c16 admin admin] Registering scheme swift with {'store': <glance_store._drivers.swift.store.SingleTenantStore object at 0x7f236287aaa0>, 'location_class': <class 'glance_store._drivers.swift.store.StoreLocation'>, 'store_entry': 'swift'} {{(pid=133519) register_scheme_map /opt/stack/data/venv/lib/python3.10/site-packages/glance_store/location.py:146}}
Mar 27 01:49:07 ubuntu devstack@g-api.service[133519]: DEBUG glance_store.location [None req-323114ec-d285-4284-aa01-099c239a3c16 admin admin] Registering scheme swift+http with {'store': <glance_store._drivers.swift.store.SingleTenantStore object at 0x7f236287aaa0>, 'location_class': <class 'glance_store._drivers.swift.store.StoreLocation'>, 'store_entry': 'swift'} {{(pid=133519) register_scheme_map /opt/stack/data/venv/lib/python3.10/site-packages/glance_store/location.py:146}}
Mar 27 01:49:07 ubuntu devstack@g-api.service[133519]: DEBUG glance_store.location [None req-323114ec-d285-4284-aa01-099c239a3c16 admin admin] Registering scheme swift+https with {'store': <glance_store._drivers.swift.store.SingleTenantStore object at 0x7f236287aaa0>, 'location_class': <class 'glance_store._drivers.swift.store.StoreLocation'>, 'store_entry': 'swift'} {{(pid=133519) register_scheme_map /opt/stack/data/venv/lib/python3.10/site-packages/glance_store/location.py:146}}
Mar 27 01:49:07 ubuntu devstack@g-api.service[133519]: DEBUG glance_store.location [None req-323114ec-d285-4284-aa01-099c239a3c16 admin admin] Registering scheme swift with {'store': <glance_store._drivers.swift.store.SingleTenantStore object at 0x7f236287aaa0>, 'location_class': <class 'glance_store._drivers.swift.store.StoreLocation'>, 'store_entry': 'swift'} {{(pid=133519) register_scheme_map /opt/stack/data/venv/lib/python3.10/site-packages/glance_store/location.py:146}}
Mar 27 01:49:07 ubuntu devstack@g-api.service[133519]: DEBUG glance_store.location [None req-323114ec-d285-4284-aa01-099c239a3c16 admin admin] Registering scheme swift+http with {'store': <glance_store._drivers.swift.store.SingleTenantStore object at 0x7f236287aaa0>, 'location_class': <class 'glance_store._drivers.swift.store.StoreLocation'>, 'store_entry': 'swift'} {{(pid=133519) register_scheme_map /opt/stack/data/venv/lib/python3.10/site-packages/glance_store/location.py:146}}
Mar 27 01:49:07 ubuntu devstack@g-api.service[133519]: DEBUG glance_store.location [None req-323114ec-d285-4284-aa01-099c239a3c16 admin admin] Registering scheme swift+config with {'store': <glance_store._drivers.swift.store.SingleTenantStore object at 0x7f236287aaa0>, 'location_class': <class 'glance_store._drivers.swift.store.StoreLocation'>, 'store_entry': 'swift'} {{(pid=133519) register_scheme_map /opt/stack/data/venv/lib/python3.10/site-packages/glance_store/location.py:146}}
Mar 27 01:49:07 ubuntu devstack@g-api.service[133519]: INFO swiftclient [None req-323114ec-d285-4284-aa01-099c239a3c16 admin admin] REQ: curl -i http://10.201.5.82:8080/v1/AUTH_540902fd3f6545dbb011eed0aabeaeac/glance -I -H "X-Auth-Token: gAAAAABpxeITvEWp..."
Mar 27 01:49:07 ubuntu devstack@g-api.service[133519]: INFO swiftclient [None req-323114ec-d285-4284-aa01-099c239a3c16 admin admin] RESP STATUS: 404 Not Found
Mar 27 01:49:07 ubuntu devstack@g-api.service[133519]: INFO swiftclient [None req-323114ec-d285-4284-aa01-099c239a3c16 admin admin] RESP HEADERS: {'Content-Type': 'text/html; charset=UTF-8', 'Content-Length': '0', 'X-Container-Sharding': 'False', 'X-Trans-Id': 'tx0e97c5ff2fde4487941dc-0069c5e213', 'X-Openstack-Request-Id': 'tx0e97c5ff2fde4487941dc-0069c5e213', 'Date': 'Fri, 27 Mar 2026 01:49:07 GMT'}
Mar 27 01:49:07 ubuntu devstack@g-api.service[133519]: INFO glance_store._drivers.swift.store [None req-323114ec-d285-4284-aa01-099c239a3c16 admin admin] Creating swift container glance
Mar 27 01:49:07 ubuntu devstack@g-api.service[133519]: DEBUG swiftclient [None req-323114ec-d285-4284-aa01-099c239a3c16 admin admin] REQ: curl -i http://10.201.5.82:8080/v1/AUTH_540902fd3f6545dbb011eed0aabeaeac/glance -X PUT -H "X-Auth-Token: gAAAAABpxeITvEWp..." -H "Content-Length: 0" {{(pid=133519) http_log /opt/stack/data/venv/lib/python3.10/site-packages/swiftclient/client.py:160}}
Mar 27 01:49:07 ubuntu devstack@g-api.service[133519]: DEBUG swiftclient [None req-323114ec-d285-4284-aa01-099c239a3c16 admin admin] RESP STATUS: 201 Created {{(pid=133519) http_log /opt/stack/data/venv/lib/python3.10/site-packages/swiftclient/client.py:161}}
Mar 27 01:49:07 ubuntu devstack@g-api.service[133519]: DEBUG swiftclient [None req-323114ec-d285-4284-aa01-099c239a3c16 admin admin] RESP HEADERS: {'Content-Type': 'text/html; charset=UTF-8', 'Content-Length': '0', 'X-Trans-Id': 'tx066e65b1730648ddae799-0069c5e213', 'X-Openstack-Request-Id': 'tx066e65b1730648ddae799-0069c5e213', 'Date': 'Fri, 27 Mar 2026 01:49:07 GMT'} {{(pid=133519) http_log /opt/stack/data/venv/lib/python3.10/site-packages/swiftclient/client.py:162}}
Mar 27 01:49:07 ubuntu devstack@g-api.service[133519]: DEBUG glance_store._drivers.swift.store [None req-323114ec-d285-4284-aa01-099c239a3c16 admin admin] Adding image object '26236cbf-95d0-497f-b551-8c2e0fdf5056' to Swift {{(pid=133519) add /opt/stack/data/venv/lib/python3.10/site-packages/glance_store/_drivers/swift/store.py:978}}
Mar 27 01:49:07 ubuntu devstack@g-api.service[133519]: DEBUG oslo_utils.imageutils.format_inspector [None req-323114ec-d285-4284-aa01-099c239a3c16 admin admin] Format inspector for vmdk does not match, excluding from consideration (Signature KDMV not found: b'QFI\xfb') {{(pid=133519) _process_chunk /opt/stack/data/venv/lib/python3.10/site-packages/oslo_utils/imageutils/format_inspector.py:1538}}
Mar 27 01:49:07 ubuntu devstack@g-api.service[133519]: DEBUG oslo_utils.imageutils.format_inspector [None req-323114ec-d285-4284-aa01-099c239a3c16 admin admin] Format inspector for vhdx does not match, excluding from consideration (Region signature not found at 30000) {{(pid=133519) _process_chunk /opt/stack/data/venv/lib/python3.10/site-packages/oslo_utils/imageutils/format_inspector.py:1538}}
Mar 27 01:49:07 ubuntu devstack@g-api.service[133519]: DEBUG swiftclient [None req-323114ec-d285-4284-aa01-099c239a3c16 admin admin] REQ: curl -i http://10.201.5.82:8080/v1/AUTH_540902fd3f6545dbb011eed0aabeaeac/glance/26236cbf-95d0-497f-b551-8c2e0fdf5056 -X PUT -H "X-Auth-Token: gAAAAABpxeITvEWp..." -H "Content-Length: 21692416" {{(pid=133519) http_log /opt/stack/data/venv/lib/python3.10/site-packages/swiftclient/client.py:160}}
Mar 27 01:49:07 ubuntu devstack@g-api.service[133519]: DEBUG swiftclient [None req-323114ec-d285-4284-aa01-099c239a3c16 admin admin] RESP STATUS: 201 Created {{(pid=133519) http_log /opt/stack/data/venv/lib/python3.10/site-packages/swiftclient/client.py:161}}
Mar 27 01:49:07 ubuntu devstack@g-api.service[133519]: DEBUG swiftclient [None req-323114ec-d285-4284-aa01-099c239a3c16 admin admin] RESP HEADERS: {'Content-Type': 'text/html; charset=UTF-8', 'Content-Length': '0', 'Etag': '87617e24a5e30cb3b87fda8c0764838f', 'Last-Modified': 'Fri, 27 Mar 2026 01:49:08 GMT', 'X-Trans-Id': 'txc4bbdd51fd024c2f98ca4-0069c5e213', 'X-Openstack-Request-Id': 'txc4bbdd51fd024c2f98ca4-0069c5e213', 'Date': 'Fri, 27 Mar 2026 01:49:07 GMT'} {{(pid=133519) http_log /opt/stack/data/venv/lib/python3.10/site-packages/swiftclient/client.py:162}}
Mar 27 01:49:07 ubuntu devstack@g-api.service[133519]: INFO glance.location [None req-323114ec-d285-4284-aa01-099c239a3c16 admin admin] Image format matched and virtual size computed: 117440512
Mar 27 01:49:07 ubuntu devstack@g-api.service[133519]: DEBUG glance_store.backend [None req-323114ec-d285-4284-aa01-099c239a3c16 admin admin] Attempting to import store swift {{(pid=133519) _load_store /opt/stack/data/venv/lib/python3.10/site-packages/glance_store/backend.py:215}}
Mar 27 01:49:07 ubuntu devstack@g-api.service[133519]: DEBUG glance_store.capabilities [None req-323114ec-d285-4284-aa01-099c239a3c16 admin admin] Store glance_store._drivers.swift.store.SingleTenantStore doesn't support updating dynamic storage capabilities. Please overwrite 'update_capabilities' method of the store to implement updating logics if needed. {{(pid=133519) update_capabilities /opt/stack/data/venv/lib/python3.10/site-packages/glance_store/capabilities.py:91}}
Mar 27 01:49:07 ubuntu devstack@g-api.service[133519]: DEBUG glance_store.driver [None req-323114ec-d285-4284-aa01-099c239a3c16 admin admin] Late loading location class glance_store._drivers.swift.store.StoreLocation {{(pid=133519) get_store_location_class /opt/stack/data/venv/lib/python3.10/site-packages/glance_store/driver.py:134}}
Mar 27 01:49:07 ubuntu devstack@g-api.service[133519]: DEBUG glance_store.location [None req-323114ec-d285-4284-aa01-099c239a3c16 admin admin] Registering scheme swift+https with {'store': <glance_store._drivers.swift.store.SingleTenantStore object at 0x7f2364db8be0>, 'location_class': <class 'glance_store._drivers.swift.store.StoreLocation'>, 'store_entry': 'swift'} {{(pid=133519) register_scheme_map /opt/stack/data/venv/lib/python3.10/site-packages/glance_store/location.py:146}}
Mar 27 01:49:07 ubuntu devstack@g-api.service[133519]: DEBUG glance_store.location [None req-323114ec-d285-4284-aa01-099c239a3c16 admin admin] Registering scheme swift+https with {'store': <glance_store._drivers.swift.store.SingleTenantStore object at 0x7f2364db8be0>, 'location_class': <class 'glance_store._drivers.swift.store.StoreLocation'>, 'store_entry': 'swift'} {{(pid=133519) register_scheme_map /opt/stack/data/venv/lib/python3.10/site-packages/glance_store/location.py:146}}
Mar 27 01:49:07 ubuntu devstack@g-api.service[133519]: DEBUG glance_store.location [None req-323114ec-d285-4284-aa01-099c239a3c16 admin admin] Registering scheme swift with {'store': <glance_store._drivers.swift.store.SingleTenantStore object at 0x7f2364db8be0>, 'location_class': <class 'glance_store._drivers.swift.store.StoreLocation'>, 'store_entry': 'swift'} {{(pid=133519) register_scheme_map /opt/stack/data/venv/lib/python3.10/site-packages/glance_store/location.py:146}}
Mar 27 01:49:07 ubuntu devstack@g-api.service[133519]: DEBUG glance_store.location [None req-323114ec-d285-4284-aa01-099c239a3c16 admin admin] Registering scheme swift+https with {'store': <glance_store._drivers.swift.store.SingleTenantStore object at 0x7f2364db8be0>, 'location_class': <class 'glance_store._drivers.swift.store.StoreLocation'>, 'store_entry': 'swift'} {{(pid=133519) register_scheme_map /opt/stack/data/venv/lib/python3.10/site-packages/glance_store/location.py:146}}
Mar 27 01:49:07 ubuntu devstack@g-api.service[133519]: DEBUG glance_store.location [None req-323114ec-d285-4284-aa01-099c239a3c16 admin admin] Registering scheme swift with {'store': <glance_store._drivers.swift.store.SingleTenantStore object at 0x7f2364db8be0>, 'location_class': <class 'glance_store._drivers.swift.store.StoreLocation'>, 'store_entry': 'swift'} {{(pid=133519) register_scheme_map /opt/stack/data/venv/lib/python3.10/site-packages/glance_store/location.py:146}}
Mar 27 01:49:07 ubuntu devstack@g-api.service[133519]: DEBUG glance_store.location [None req-323114ec-d285-4284-aa01-099c239a3c16 admin admin] Registering scheme swift+http with {'store': <glance_store._drivers.swift.store.SingleTenantStore object at 0x7f2364db8be0>, 'location_class': <class 'glance_store._drivers.swift.store.StoreLocation'>, 'store_entry': 'swift'} {{(pid=133519) register_scheme_map /opt/stack/data/venv/lib/python3.10/site-packages/glance_store/location.py:146}}
Mar 27 01:49:07 ubuntu devstack@g-api.service[133519]: DEBUG glance_store.location [None req-323114ec-d285-4284-aa01-099c239a3c16 admin admin] Registering scheme swift+https with {'store': <glance_store._drivers.swift.store.SingleTenantStore object at 0x7f2364db8be0>, 'location_class': <class 'glance_store._drivers.swift.store.StoreLocation'>, 'store_entry': 'swift'} {{(pid=133519) register_scheme_map /opt/stack/data/venv/lib/python3.10/site-packages/glance_store/location.py:146}}
Mar 27 01:49:07 ubuntu devstack@g-api.service[133519]: DEBUG glance_store.location [None req-323114ec-d285-4284-aa01-099c239a3c16 admin admin] Registering scheme swift with {'store': <glance_store._drivers.swift.store.SingleTenantStore object at 0x7f2364db8be0>, 'location_class': <class 'glance_store._drivers.swift.store.StoreLocation'>, 'store_entry': 'swift'} {{(pid=133519) register_scheme_map /opt/stack/data/venv/lib/python3.10/site-packages/glance_store/location.py:146}}
Mar 27 01:49:07 ubuntu devstack@g-api.service[133519]: DEBUG glance_store.location [None req-323114ec-d285-4284-aa01-099c239a3c16 admin admin] Registering scheme swift+http with {'store': <glance_store._drivers.swift.store.SingleTenantStore object at 0x7f2364db8be0>, 'location_class': <class 'glance_store._drivers.swift.store.StoreLocation'>, 'store_entry': 'swift'} {{(pid=133519) register_scheme_map /opt/stack/data/venv/lib/python3.10/site-packages/glance_store/location.py:146}}
Mar 27 01:49:07 ubuntu devstack@g-api.service[133519]: DEBUG glance_store.location [None req-323114ec-d285-4284-aa01-099c239a3c16 admin admin] Registering scheme swift+config with {'store': <glance_store._drivers.swift.store.SingleTenantStore object at 0x7f2364db8be0>, 'location_class': <class 'glance_store._drivers.swift.store.StoreLocation'>, 'store_entry': 'swift'} {{(pid=133519) register_scheme_map /opt/stack/data/venv/lib/python3.10/site-packages/glance_store/location.py:146}}
Mar 27 01:49:07 ubuntu devstack@g-api.service[133519]: DEBUG glance_store.backend [None req-323114ec-d285-4284-aa01-099c239a3c16 admin admin] Skipping store.set_acls... not implemented. {{(pid=133519) set_acls /opt/stack/data/venv/lib/python3.10/site-packages/glance_store/backend.py:507}}
Mar 27 01:49:07 ubuntu devstack@g-api.service[133519]: [pid: 133519|app: 0|req: 2/4] 127.0.0.1 () {40 vars in 860 bytes} [Fri Mar 27 01:49:06 2026] PUT /v2/images/26236cbf-95d0-497f-b551-8c2e0fdf5056/file => generated 0 bytes in 1619 msecs (HTTP/1.1 204) 4 headers in 171 bytes (1 switches on core 0)
Mar 27 01:49:07 ubuntu devstack@g-api.service[133518]: DEBUG glance.api.middleware.version_negotiation [None req-47508908-0de1-4726-aab7-29faeae2ca5c admin admin] Determining version of request: GET /v2/images/26236cbf-95d0-497f-b551-8c2e0fdf5056 Accept: */* {{(pid=133518) process_request /opt/stack/glance/glance/api/middleware/version_negotiation.py:44}}
Mar 27 01:49:07 ubuntu devstack@g-api.service[133518]: DEBUG glance.api.middleware.version_negotiation [None req-47508908-0de1-4726-aab7-29faeae2ca5c admin admin] Using url versioning {{(pid=133518) process_request /opt/stack/glance/glance/api/middleware/version_negotiation.py:57}}
Mar 27 01:49:07 ubuntu devstack@g-api.service[133518]: DEBUG glance.api.middleware.version_negotiation [None req-47508908-0de1-4726-aab7-29faeae2ca5c admin admin] Matched version: v2 {{(pid=133518) process_request /opt/stack/glance/glance/api/middleware/version_negotiation.py:69}}
Mar 27 01:49:07 ubuntu devstack@g-api.service[133518]: DEBUG glance.api.middleware.version_negotiation [None req-47508908-0de1-4726-aab7-29faeae2ca5c admin admin] new path /v2/images/26236cbf-95d0-497f-b551-8c2e0fdf5056 {{(pid=133518) process_request /opt/stack/glance/glance/api/middleware/version_negotiation.py:70}}
Mar 27 01:49:07 ubuntu devstack@g-api.service[133518]: [pid: 133518|app: 0|req: 3/5] 127.0.0.1 () {36 vars in 787 bytes} [Fri Mar 27 01:49:07 2026] GET /v2/images/26236cbf-95d0-497f-b551-8c2e0fdf5056 => generated 976 bytes in 16 msecs (HTTP/1.1 200) 4 headers in 157 bytes (1 switches on core 0)
Mar 27 01:49:17 ubuntu devstack@g-api.service[133519]: DEBUG dbcounter [-] [133519] Writing DB stats glance:INSERT=5,glance:SELECT=16,glance:UPDATE=2 {{(pid=133519) stat_writer /opt/stack/data/venv/lib/python3.10/site-packages/dbcounter.py:115}}
Mar 27 01:49:17 ubuntu devstack@g-api.service[133518]: DEBUG dbcounter [-] [133518] Writing DB stats glance:INSERT=9,glance:SELECT=6 {{(pid=133518) stat_writer /opt/stack/data/venv/lib/python3.10/site-packages/dbcounter.py:115}}
Mar 27 01:49:43 ubuntu devstack@g-api.service[133519]: DEBUG glance.api.middleware.version_negotiation [None req-323114ec-d285-4284-aa01-099c239a3c16 admin admin] Determining version of request: GET / Accept: application/json {{(pid=133519) process_request /opt/stack/glance/glance/api/middleware/version_negotiation.py:44}}
Mar 27 01:49:43 ubuntu devstack@g-api.service[133519]: DEBUG glance.api.middleware.version_negotiation [None req-323114ec-d285-4284-aa01-099c239a3c16 admin admin] Using url versioning {{(pid=133519) process_request /opt/stack/glance/glance/api/middleware/version_negotiation.py:57}}
Mar 27 01:49:43 ubuntu devstack@g-api.service[133519]: DEBUG glance.api.middleware.version_negotiation [None req-323114ec-d285-4284-aa01-099c239a3c16 admin admin] Unknown version. Returning version choices. {{(pid=133519) process_request /opt/stack/glance/glance/api/middleware/version_negotiation.py:64}}
Mar 27 01:49:43 ubuntu devstack@g-api.service[133519]: [pid: 133519|app: 0|req: 3/6] 127.0.0.1 () {34 vars in 504 bytes} [Fri Mar 27 01:49:43 2026] GET / => generated 1407 bytes in 4 msecs (HTTP/1.1 300) 3 headers in 106 bytes (1 switches on core 0)
Mar 27 01:49:43 ubuntu devstack@g-api.service[133518]: DEBUG glance.api.middleware.version_negotiation [None req-01b7b6c3-d18b-4b4e-9183-905886ed3cc8 admin admin] Determining version of request: GET /v2/images Accept: application/json {{(pid=133518) process_request /opt/stack/glance/glance/api/middleware/version_negotiation.py:44}}
Mar 27 01:49:43 ubuntu devstack@g-api.service[133518]: DEBUG glance.api.middleware.version_negotiation [None req-01b7b6c3-d18b-4b4e-9183-905886ed3cc8 admin admin] Using url versioning {{(pid=133518) process_request /opt/stack/glance/glance/api/middleware/version_negotiation.py:57}}
Mar 27 01:49:43 ubuntu devstack@g-api.service[133518]: DEBUG glance.api.middleware.version_negotiation [None req-01b7b6c3-d18b-4b4e-9183-905886ed3cc8 admin admin] Matched version: v2 {{(pid=133518) process_request /opt/stack/glance/glance/api/middleware/version_negotiation.py:69}}
Mar 27 01:49:43 ubuntu devstack@g-api.service[133518]: DEBUG glance.api.middleware.version_negotiation [None req-01b7b6c3-d18b-4b4e-9183-905886ed3cc8 admin admin] new path /v2/images {{(pid=133518) process_request /opt/stack/glance/glance/api/middleware/version_negotiation.py:70}}
Mar 27 01:49:43 ubuntu devstack@g-api.service[133518]: [pid: 133518|app: 0|req: 4/7] 127.0.0.1 () {36 vars in 726 bytes} [Fri Mar 27 01:49:43 2026] GET /v2/images => generated 1045 bytes in 230 msecs (HTTP/1.1 200) 4 headers in 158 bytes (1 switches on core 0)
Mar 27 01:49:48 ubuntu devstack@g-api.service[133519]: DEBUG glance.api.middleware.version_negotiation [None req-323114ec-d285-4284-aa01-099c239a3c16 admin admin] Determining version of request: GET / Accept: application/json {{(pid=133519) process_request /opt/stack/glance/glance/api/middleware/version_negotiation.py:44}}
Mar 27 01:49:48 ubuntu devstack@g-api.service[133519]: DEBUG glance.api.middleware.version_negotiation [None req-323114ec-d285-4284-aa01-099c239a3c16 admin admin] Using url versioning {{(pid=133519) process_request /opt/stack/glance/glance/api/middleware/version_negotiation.py:57}}
Mar 27 01:49:48 ubuntu devstack@g-api.service[133519]: DEBUG glance.api.middleware.version_negotiation [None req-323114ec-d285-4284-aa01-099c239a3c16 admin admin] Unknown version. Returning version choices. {{(pid=133519) process_request /opt/stack/glance/glance/api/middleware/version_negotiation.py:64}}
Mar 27 01:49:48 ubuntu devstack@g-api.service[133519]: [pid: 133519|app: 0|req: 4/8] 127.0.0.1 () {34 vars in 504 bytes} [Fri Mar 27 01:49:48 2026] GET / => generated 1407 bytes in 4 msecs (HTTP/1.1 300) 3 headers in 106 bytes (1 switches on core 0)
Mar 27 01:49:48 ubuntu devstack@g-api.service[133518]: DEBUG glance.api.middleware.version_negotiation [None req-385c169c-b32b-42ef-98f6-c5868e920dec admin admin] Determining version of request: GET /v2/images/26236cbf-95d0-497f-b551-8c2e0fdf5056 Accept: */* {{(pid=133518) process_request /opt/stack/glance/glance/api/middleware/version_negotiation.py:44}}
Mar 27 01:49:48 ubuntu devstack@g-api.service[133518]: DEBUG glance.api.middleware.version_negotiation [None req-385c169c-b32b-42ef-98f6-c5868e920dec admin admin] Using url versioning {{(pid=133518) process_request /opt/stack/glance/glance/api/middleware/version_negotiation.py:57}}
Mar 27 01:49:48 ubuntu devstack@g-api.service[133518]: DEBUG glance.api.middleware.version_negotiation [None req-385c169c-b32b-42ef-98f6-c5868e920dec admin admin] Matched version: v2 {{(pid=133518) process_request /opt/stack/glance/glance/api/middleware/version_negotiation.py:69}}
Mar 27 01:49:48 ubuntu devstack@g-api.service[133518]: DEBUG glance.api.middleware.version_negotiation [None req-385c169c-b32b-42ef-98f6-c5868e920dec admin admin] new path /v2/images/26236cbf-95d0-497f-b551-8c2e0fdf5056 {{(pid=133518) process_request /opt/stack/glance/glance/api/middleware/version_negotiation.py:70}}
Mar 27 01:49:48 ubuntu devstack@g-api.service[133518]: [pid: 133518|app: 0|req: 5/9] 127.0.0.1 () {36 vars in 787 bytes} [Fri Mar 27 01:49:48 2026] GET /v2/images/26236cbf-95d0-497f-b551-8c2e0fdf5056 => generated 976 bytes in 221 msecs (HTTP/1.1 200) 4 headers in 157 bytes (1 switches on core 0)
Mar 27 01:49:51 ubuntu devstack@g-api.service[133519]: DEBUG glance.api.middleware.version_negotiation [None req-323114ec-d285-4284-aa01-099c239a3c16 admin admin] Determining version of request: GET / Accept: application/json {{(pid=133519) process_request /opt/stack/glance/glance/api/middleware/version_negotiation.py:44}}
Mar 27 01:49:51 ubuntu devstack@g-api.service[133519]: DEBUG glance.api.middleware.version_negotiation [None req-323114ec-d285-4284-aa01-099c239a3c16 admin admin] Using url versioning {{(pid=133519) process_request /opt/stack/glance/glance/api/middleware/version_negotiation.py:57}}
Mar 27 01:49:51 ubuntu devstack@g-api.service[133519]: DEBUG glance.api.middleware.version_negotiation [None req-323114ec-d285-4284-aa01-099c239a3c16 admin admin] Unknown version. Returning version choices. {{(pid=133519) process_request /opt/stack/glance/glance/api/middleware/version_negotiation.py:64}}
Mar 27 01:49:51 ubuntu devstack@g-api.service[133519]: [pid: 133519|app: 0|req: 5/10] 127.0.0.1 () {34 vars in 504 bytes} [Fri Mar 27 01:49:51 2026] GET / => generated 1407 bytes in 1 msecs (HTTP/1.1 300) 3 headers in 106 bytes (1 switches on core 0)
Mar 27 01:49:51 ubuntu devstack@g-api.service[133518]: DEBUG glance.api.middleware.version_negotiation [None req-53c0b8e8-4ada-4bf8-86c5-5f0dd7d4da26 admin admin] Determining version of request: GET /v2/images/26236cbf-95d0-497f-b551-8c2e0fdf5056 Accept: */* {{(pid=133518) process_request /opt/stack/glance/glance/api/middleware/version_negotiation.py:44}}
Mar 27 01:49:51 ubuntu devstack@g-api.service[133518]: DEBUG glance.api.middleware.version_negotiation [None req-53c0b8e8-4ada-4bf8-86c5-5f0dd7d4da26 admin admin] Using url versioning {{(pid=133518) process_request /opt/stack/glance/glance/api/middleware/version_negotiation.py:57}}
Mar 27 01:49:51 ubuntu devstack@g-api.service[133518]: DEBUG glance.api.middleware.version_negotiation [None req-53c0b8e8-4ada-4bf8-86c5-5f0dd7d4da26 admin admin] Matched version: v2 {{(pid=133518) process_request /opt/stack/glance/glance/api/middleware/version_negotiation.py:69}}
Mar 27 01:49:51 ubuntu devstack@g-api.service[133518]: DEBUG glance.api.middleware.version_negotiation [None req-53c0b8e8-4ada-4bf8-86c5-5f0dd7d4da26 admin admin] new path /v2/images/26236cbf-95d0-497f-b551-8c2e0fdf5056 {{(pid=133518) process_request /opt/stack/glance/glance/api/middleware/version_negotiation.py:70}}
Mar 27 01:49:52 ubuntu devstack@g-api.service[133518]: [pid: 133518|app: 0|req: 6/11] 127.0.0.1 () {36 vars in 787 bytes} [Fri Mar 27 01:49:51 2026] GET /v2/images/26236cbf-95d0-497f-b551-8c2e0fdf5056 => generated 976 bytes in 269 msecs (HTTP/1.1 200) 4 headers in 157 bytes (1 switches on core 0)
Mar 27 01:50:02 ubuntu devstack@g-api.service[133518]: DEBUG dbcounter [-] [133518] Writing DB stats glance:SELECT=5 {{(pid=133518) stat_writer /opt/stack/data/venv/lib/python3.10/site-packages/dbcounter.py:115}}
Mar 27 01:50:55 ubuntu devstack@g-api.service[133519]: DEBUG glance.api.middleware.version_negotiation [None req-323114ec-d285-4284-aa01-099c239a3c16 admin admin] Determining version of request: GET / Accept: application/json {{(pid=133519) process_request /opt/stack/glance/glance/api/middleware/version_negotiation.py:44}}
Mar 27 01:50:55 ubuntu devstack@g-api.service[133519]: DEBUG glance.api.middleware.version_negotiation [None req-323114ec-d285-4284-aa01-099c239a3c16 admin admin] Using url versioning {{(pid=133519) process_request /opt/stack/glance/glance/api/middleware/version_negotiation.py:57}}
Mar 27 01:50:55 ubuntu devstack@g-api.service[133519]: DEBUG glance.api.middleware.version_negotiation [None req-323114ec-d285-4284-aa01-099c239a3c16 admin admin] Unknown version. Returning version choices. {{(pid=133519) process_request /opt/stack/glance/glance/api/middleware/version_negotiation.py:64}}
Mar 27 01:50:55 ubuntu devstack@g-api.service[133519]: [pid: 133519|app: 0|req: 6/12] 127.0.0.1 () {36 vars in 472 bytes} [Fri Mar 27 01:50:55 2026] GET / => generated 1407 bytes in 2 msecs (HTTP/1.1 300) 3 headers in 106 bytes (1 switches on core 0)
