Mar 17 02:57:52 ubuntu devstack@keystone.service[82047]: [pid: 82047|app: 0|req: 11/23] 10.201.5.82 () {54 vars in 920 bytes} [Tue Mar 17 02:57:52 2026] GET /identity => generated 270 bytes in 2 msecs (HTTP/1.1 300) 6 headers in 234 bytes (1 switches on core 0)
Mar 17 02:57:52 ubuntu devstack@keystone.service[82046]: DEBUG keystone.server.flask.request_processing.req_logging [None req-09905a1f-6aa0-4a05-9d3a-c9307c3733bc None None] REQUEST_METHOD: `POST` {{(pid=82046) log_request_info /opt/stack/keystone/keystone/server/flask/request_processing/req_logging.py:26}}
Mar 17 02:57:52 ubuntu devstack@keystone.service[82046]: DEBUG keystone.server.flask.request_processing.req_logging [None req-09905a1f-6aa0-4a05-9d3a-c9307c3733bc None None] SCRIPT_NAME: `/identity` {{(pid=82046) log_request_info /opt/stack/keystone/keystone/server/flask/request_processing/req_logging.py:27}}
Mar 17 02:57:52 ubuntu devstack@keystone.service[82046]: DEBUG keystone.server.flask.request_processing.req_logging [None req-09905a1f-6aa0-4a05-9d3a-c9307c3733bc None None] PATH_INFO: `/v3/auth/tokens` {{(pid=82046) log_request_info /opt/stack/keystone/keystone/server/flask/request_processing/req_logging.py:28}}
Mar 17 02:57:52 ubuntu devstack@keystone.service[82047]: DEBUG keystone.server.flask.request_processing.req_logging [None req-1313fdf6-8a9e-4426-b392-6252d769870b None None] REQUEST_METHOD: `GET` {{(pid=82047) log_request_info /opt/stack/keystone/keystone/server/flask/request_processing/req_logging.py:26}}
Mar 17 02:57:52 ubuntu devstack@keystone.service[82047]: DEBUG keystone.server.flask.request_processing.req_logging [None req-1313fdf6-8a9e-4426-b392-6252d769870b None None] SCRIPT_NAME: `/identity` {{(pid=82047) log_request_info /opt/stack/keystone/keystone/server/flask/request_processing/req_logging.py:27}}
Mar 17 02:57:52 ubuntu devstack@keystone.service[82047]: DEBUG keystone.server.flask.request_processing.req_logging [None req-1313fdf6-8a9e-4426-b392-6252d769870b None None] PATH_INFO: `/` {{(pid=82047) log_request_info /opt/stack/keystone/keystone/server/flask/request_processing/req_logging.py:28}}
Mar 17 02:57:52 ubuntu devstack@keystone.service[82047]: [pid: 82047|app: 0|req: 12/24] 10.201.5.82 () {54 vars in 920 bytes} [Tue Mar 17 02:57:52 2026] GET /identity => generated 270 bytes in 2 msecs (HTTP/1.1 300) 6 headers in 234 bytes (1 switches on core 0)
Mar 17 02:57:52 ubuntu devstack@keystone.service[82047]: DEBUG keystone.server.flask.request_processing.req_logging [None req-799fb797-3cd1-4c1b-adce-ccf289a5b15d None None] REQUEST_METHOD: `POST` {{(pid=82047) log_request_info /opt/stack/keystone/keystone/server/flask/request_processing/req_logging.py:26}}
Mar 17 02:57:52 ubuntu devstack@keystone.service[82047]: DEBUG keystone.server.flask.request_processing.req_logging [None req-799fb797-3cd1-4c1b-adce-ccf289a5b15d None None] SCRIPT_NAME: `/identity` {{(pid=82047) log_request_info /opt/stack/keystone/keystone/server/flask/request_processing/req_logging.py:27}}
Mar 17 02:57:52 ubuntu devstack@keystone.service[82047]: DEBUG keystone.server.flask.request_processing.req_logging [None req-799fb797-3cd1-4c1b-adce-ccf289a5b15d None None] PATH_INFO: `/v3/auth/tokens` {{(pid=82047) log_request_info /opt/stack/keystone/keystone/server/flask/request_processing/req_logging.py:28}}
Mar 17 02:57:52 ubuntu devstack@keystone.service[82047]: WARNING keystone.common.password_hashing [None req-799fb797-3cd1-4c1b-adce-ccf289a5b15d None None] Truncating password to algorithm specific maximum length 72 characters.
Mar 17 02:57:52 ubuntu devstack@keystone.service[82047]: DEBUG keystone.auth.core [None req-799fb797-3cd1-4c1b-adce-ccf289a5b15d None None] MFA Rules not processed for user `b572bd2d1e8c4b6ba429756da8a004ea`. Rule list: `[]` (Enabled: `True`). {{(pid=82047) check_auth_methods_against_rules /opt/stack/keystone/keystone/auth/core.py:476}}
Mar 17 02:57:52 ubuntu devstack@keystone.service[82047]: DEBUG keystone.common.fernet_utils [None req-799fb797-3cd1-4c1b-adce-ccf289a5b15d None None] Loaded 2 Fernet keys from /etc/keystone/fernet-keys/, but `[fernet_tokens] max_active_keys = 3`; perhaps there have not been enough key rotations to reach `max_active_keys` yet? {{(pid=82047) load_keys /opt/stack/keystone/keystone/common/fernet_utils.py:297}}
Mar 17 02:57:52 ubuntu devstack@keystone.service[82047]: [pid: 82047|app: 0|req: 13/25] 10.201.5.82 () {58 vars in 1017 bytes} [Tue Mar 17 02:57:52 2026] POST /identity/v3/auth/tokens => generated 862 bytes in 71 msecs (HTTP/1.1 201) 6 headers in 363 bytes (1 switches on core 0)
Mar 17 02:57:52 ubuntu devstack@keystone.service[82046]: WARNING keystone.common.password_hashing [None req-09905a1f-6aa0-4a05-9d3a-c9307c3733bc None None] Truncating password to algorithm specific maximum length 72 characters.
Mar 17 02:57:52 ubuntu devstack@keystone.service[82046]: DEBUG keystone.auth.core [None req-09905a1f-6aa0-4a05-9d3a-c9307c3733bc None None] MFA Rules not processed for user `b572bd2d1e8c4b6ba429756da8a004ea`. Rule list: `[]` (Enabled: `True`). {{(pid=82046) check_auth_methods_against_rules /opt/stack/keystone/keystone/auth/core.py:476}}
Mar 17 02:57:52 ubuntu devstack@keystone.service[82046]: DEBUG keystone.common.fernet_utils [None req-09905a1f-6aa0-4a05-9d3a-c9307c3733bc None None] Loaded 2 Fernet keys from /etc/keystone/fernet-keys/, but `[fernet_tokens] max_active_keys = 3`; perhaps there have not been enough key rotations to reach `max_active_keys` yet? {{(pid=82046) load_keys /opt/stack/keystone/keystone/common/fernet_utils.py:297}}
Mar 17 02:57:52 ubuntu devstack@keystone.service[82046]: [pid: 82046|app: 0|req: 13/26] 10.201.5.82 () {58 vars in 1017 bytes} [Tue Mar 17 02:57:52 2026] POST /identity/v3/auth/tokens => generated 862 bytes in 197 msecs (HTTP/1.1 201) 6 headers in 363 bytes (1 switches on core 0)
Mar 17 02:57:52 ubuntu devstack@keystone.service[82047]: DEBUG keystone.server.flask.request_processing.middleware.auth_context [None req-799fb797-3cd1-4c1b-adce-ccf289a5b15d None None] Authenticating user token {{(pid=82047) process_request /opt/stack/data/venv/lib/python3.10/site-packages/keystonemiddleware/auth_token/__init__.py:407}}
Mar 17 02:57:52 ubuntu devstack@keystone.service[82047]: DEBUG keystone.server.flask.request_processing.middleware.auth_context [None req-799fb797-3cd1-4c1b-adce-ccf289a5b15d None None] Validating token access rules against request {{(pid=82047) validate_allowed_request /opt/stack/data/venv/lib/python3.10/site-packages/keystonemiddleware/auth_token/__init__.py:545}}
Mar 17 02:57:52 ubuntu devstack@keystone.service[82046]: DEBUG keystone.server.flask.request_processing.req_logging [None req-50938986-3317-4e88-a507-b617afa6979a None None] REQUEST_METHOD: `GET` {{(pid=82046) log_request_info /opt/stack/keystone/keystone/server/flask/request_processing/req_logging.py:26}}
Mar 17 02:57:52 ubuntu devstack@keystone.service[82046]: DEBUG keystone.server.flask.request_processing.req_logging [None req-50938986-3317-4e88-a507-b617afa6979a None None] SCRIPT_NAME: `/identity` {{(pid=82046) log_request_info /opt/stack/keystone/keystone/server/flask/request_processing/req_logging.py:27}}
Mar 17 02:57:52 ubuntu devstack@keystone.service[82046]: DEBUG keystone.server.flask.request_processing.req_logging [None req-50938986-3317-4e88-a507-b617afa6979a None None] PATH_INFO: `/` {{(pid=82046) log_request_info /opt/stack/keystone/keystone/server/flask/request_processing/req_logging.py:28}}
Mar 17 02:57:52 ubuntu devstack@keystone.service[82046]: [pid: 82046|app: 0|req: 14/27] 10.201.5.82 () {54 vars in 920 bytes} [Tue Mar 17 02:57:52 2026] GET /identity => generated 270 bytes in 2 msecs (HTTP/1.1 300) 6 headers in 234 bytes (1 switches on core 0)
Mar 17 02:57:52 ubuntu devstack@keystone.service[82047]: DEBUG keystone.server.flask.request_processing.middleware.auth_context [None req-567de096-8a77-445a-ba5c-96977602a0d3 None admin] RBAC: auth_context: {'token': <TokenModel (audit_id=uWY07NSSQvGs2J9V4DDFeA, audit_chain_id=['uWY07NSSQvGs2J9V4DDFeA']) at 0x7f22f1d4ec20>, 'domain_id': None, 'trust_id': None, 'trustor_id': None, 'trustee_id': None, 'domain_name': None, 'group_ids': [], 'user_id': 'b572bd2d1e8c4b6ba429756da8a004ea', 'user_domain_id': 'default', 'system_scope': 'all', 'project_id': None, 'project_domain_id': None, 'roles': ['admin', 'manager', 'member', 'reader'], 'is_admin_project': True, 'service_user_id': None, 'service_user_domain_id': None, 'service_project_id': None, 'service_project_domain_id': None, 'service_roles': []} {{(pid=82047) fill_context /opt/stack/keystone/keystone/server/flask/request_processing/middleware/auth_context.py:509}}
Mar 17 02:57:52 ubuntu devstack@keystone.service[82046]: DEBUG keystone.server.flask.request_processing.req_logging [None req-954da3f4-a33b-41a6-b85a-7dd919ef114a None None] REQUEST_METHOD: `POST` {{(pid=82046) log_request_info /opt/stack/keystone/keystone/server/flask/request_processing/req_logging.py:26}}
Mar 17 02:57:52 ubuntu devstack@keystone.service[82046]: DEBUG keystone.server.flask.request_processing.req_logging [None req-954da3f4-a33b-41a6-b85a-7dd919ef114a None None] SCRIPT_NAME: `/identity` {{(pid=82046) log_request_info /opt/stack/keystone/keystone/server/flask/request_processing/req_logging.py:27}}
Mar 17 02:57:52 ubuntu devstack@keystone.service[82046]: DEBUG keystone.server.flask.request_processing.req_logging [None req-954da3f4-a33b-41a6-b85a-7dd919ef114a None None] PATH_INFO: `/v3/auth/tokens` {{(pid=82046) log_request_info /opt/stack/keystone/keystone/server/flask/request_processing/req_logging.py:28}}
Mar 17 02:57:52 ubuntu devstack@keystone.service[82047]: DEBUG keystone.server.flask.request_processing.req_logging [None req-567de096-8a77-445a-ba5c-96977602a0d3 None admin] REQUEST_METHOD: `GET` {{(pid=82047) log_request_info /opt/stack/keystone/keystone/server/flask/request_processing/req_logging.py:26}}
Mar 17 02:57:52 ubuntu devstack@keystone.service[82047]: DEBUG keystone.server.flask.request_processing.req_logging [None req-567de096-8a77-445a-ba5c-96977602a0d3 None admin] SCRIPT_NAME: `/identity` {{(pid=82047) log_request_info /opt/stack/keystone/keystone/server/flask/request_processing/req_logging.py:27}}
Mar 17 02:57:52 ubuntu devstack@keystone.service[82047]: DEBUG keystone.server.flask.request_processing.req_logging [None req-567de096-8a77-445a-ba5c-96977602a0d3 None admin] PATH_INFO: `/v3/domains/Default` {{(pid=82047) log_request_info /opt/stack/keystone/keystone/server/flask/request_processing/req_logging.py:28}}
Mar 17 02:57:52 ubuntu devstack@keystone.service[82047]: DEBUG keystone.common.rbac_enforcer.enforcer [None req-567de096-8a77-445a-ba5c-96977602a0d3 None admin] RBAC: Authorizing `identity:get_domain(domain_id=Default)` {{(pid=82047) enforce_call /opt/stack/keystone/keystone/common/rbac_enforcer/enforcer.py:494}}
Mar 17 02:57:52 ubuntu devstack@keystone.service[82047]: DEBUG keystone.common.rbac_enforcer.enforcer [None req-567de096-8a77-445a-ba5c-96977602a0d3 None admin] RBAC: Authorization granted {{(pid=82047) enforce_call /opt/stack/keystone/keystone/common/rbac_enforcer/enforcer.py:505}}
Mar 17 02:57:52 ubuntu devstack@keystone.service[82046]: WARNING keystone.common.password_hashing [None req-954da3f4-a33b-41a6-b85a-7dd919ef114a None None] Truncating password to algorithm specific maximum length 72 characters.
Mar 17 02:57:52 ubuntu devstack@keystone.service[82047]: DEBUG keystone.server.flask.application [None req-567de096-8a77-445a-ba5c-96977602a0d3 None admin] Could not find domain: Default. {{(pid=82047) _handle_keystone_exception /opt/stack/keystone/keystone/server/flask/application.py:146}}
Mar 17 02:57:52 ubuntu devstack@keystone.service[82047]: [pid: 82047|app: 0|req: 14/28] 10.201.5.82 () {56 vars in 1145 bytes} [Tue Mar 17 02:57:52 2026] GET /identity/v3/domains/Default => generated 87 bytes in 110 msecs (HTTP/1.1 404) 5 headers in 183 bytes (1 switches on core 0)
Mar 17 02:57:52 ubuntu devstack@keystone.service[82047]: DEBUG keystone.server.flask.request_processing.middleware.auth_context [None req-567de096-8a77-445a-ba5c-96977602a0d3 None admin] Authenticating user token {{(pid=82047) process_request /opt/stack/data/venv/lib/python3.10/site-packages/keystonemiddleware/auth_token/__init__.py:407}}
Mar 17 02:57:52 ubuntu devstack@keystone.service[82046]: DEBUG keystone.auth.core [None req-954da3f4-a33b-41a6-b85a-7dd919ef114a None None] MFA Rules not processed for user `b572bd2d1e8c4b6ba429756da8a004ea`. Rule list: `[]` (Enabled: `True`). {{(pid=82046) check_auth_methods_against_rules /opt/stack/keystone/keystone/auth/core.py:476}}
Mar 17 02:57:52 ubuntu devstack@keystone.service[82046]: DEBUG keystone.common.fernet_utils [None req-954da3f4-a33b-41a6-b85a-7dd919ef114a None None] Loaded 2 Fernet keys from /etc/keystone/fernet-keys/, but `[fernet_tokens] max_active_keys = 3`; perhaps there have not been enough key rotations to reach `max_active_keys` yet? {{(pid=82046) load_keys /opt/stack/keystone/keystone/common/fernet_utils.py:297}}
Mar 17 02:57:53 ubuntu devstack@keystone.service[82047]: DEBUG keystone.server.flask.request_processing.middleware.auth_context [None req-567de096-8a77-445a-ba5c-96977602a0d3 None admin] Validating token access rules against request {{(pid=82047) validate_allowed_request /opt/stack/data/venv/lib/python3.10/site-packages/keystonemiddleware/auth_token/__init__.py:545}}
Mar 17 02:57:53 ubuntu devstack@keystone.service[82046]: [pid: 82046|app: 0|req: 15/29] 10.201.5.82 () {58 vars in 1017 bytes} [Tue Mar 17 02:57:52 2026] POST /identity/v3/auth/tokens => generated 862 bytes in 97 msecs (HTTP/1.1 201) 6 headers in 363 bytes (2 switches on core 0)
Mar 17 02:57:53 ubuntu devstack@keystone.service[82047]: DEBUG keystone.server.flask.request_processing.middleware.auth_context [None req-c7d7b7e3-fd5d-46c5-9c0d-dbc65792b43f None admin] RBAC: auth_context: {'token': <TokenModel (audit_id=uWY07NSSQvGs2J9V4DDFeA, audit_chain_id=['uWY07NSSQvGs2J9V4DDFeA']) at 0x7f22f1d22fe0>, 'domain_id': None, 'trust_id': None, 'trustor_id': None, 'trustee_id': None, 'domain_name': None, 'group_ids': [], 'user_id': 'b572bd2d1e8c4b6ba429756da8a004ea', 'user_domain_id': 'default', 'system_scope': 'all', 'project_id': None, 'project_domain_id': None, 'roles': ['admin', 'manager', 'member', 'reader'], 'is_admin_project': True, 'service_user_id': None, 'service_user_domain_id': None, 'service_project_id': None, 'service_project_domain_id': None, 'service_roles': []} {{(pid=82047) fill_context /opt/stack/keystone/keystone/server/flask/request_processing/middleware/auth_context.py:509}}
Mar 17 02:57:53 ubuntu devstack@keystone.service[82047]: DEBUG keystone.server.flask.request_processing.req_logging [None req-c7d7b7e3-fd5d-46c5-9c0d-dbc65792b43f None admin] REQUEST_METHOD: `GET` {{(pid=82047) log_request_info /opt/stack/keystone/keystone/server/flask/request_processing/req_logging.py:26}}
Mar 17 02:57:53 ubuntu devstack@keystone.service[82047]: DEBUG keystone.server.flask.request_processing.req_logging [None req-c7d7b7e3-fd5d-46c5-9c0d-dbc65792b43f None admin] SCRIPT_NAME: `/identity` {{(pid=82047) log_request_info /opt/stack/keystone/keystone/server/flask/request_processing/req_logging.py:27}}
Mar 17 02:57:53 ubuntu devstack@keystone.service[82047]: DEBUG keystone.server.flask.request_processing.req_logging [None req-c7d7b7e3-fd5d-46c5-9c0d-dbc65792b43f None admin] PATH_INFO: `/v3/domains` {{(pid=82047) log_request_info /opt/stack/keystone/keystone/server/flask/request_processing/req_logging.py:28}}
Mar 17 02:57:53 ubuntu devstack@keystone.service[82047]: DEBUG keystone.common.rbac_enforcer.enforcer [None req-c7d7b7e3-fd5d-46c5-9c0d-dbc65792b43f None admin] RBAC: Adding query filter params (name=Default) {{(pid=82047) _extract_filter_values /opt/stack/keystone/keystone/common/rbac_enforcer/enforcer.py:176}}
Mar 17 02:57:53 ubuntu devstack@keystone.service[82047]: DEBUG keystone.common.rbac_enforcer.enforcer [None req-c7d7b7e3-fd5d-46c5-9c0d-dbc65792b43f None admin] RBAC: Authorizing `identity:list_domains()` {{(pid=82047) enforce_call /opt/stack/keystone/keystone/common/rbac_enforcer/enforcer.py:494}}
Mar 17 02:57:53 ubuntu devstack@keystone.service[82047]: DEBUG keystone.common.rbac_enforcer.enforcer [None req-c7d7b7e3-fd5d-46c5-9c0d-dbc65792b43f None admin] RBAC: Authorization granted {{(pid=82047) enforce_call /opt/stack/keystone/keystone/common/rbac_enforcer/enforcer.py:505}}
Mar 17 02:57:53 ubuntu devstack@keystone.service[82046]: DEBUG keystone.server.flask.request_processing.middleware.auth_context [None req-954da3f4-a33b-41a6-b85a-7dd919ef114a None None] Authenticating user token {{(pid=82046) process_request /opt/stack/data/venv/lib/python3.10/site-packages/keystonemiddleware/auth_token/__init__.py:407}}
Mar 17 02:57:53 ubuntu devstack@keystone.service[82047]: [pid: 82047|app: 0|req: 15/30] 10.201.5.82 () {56 vars in 1159 bytes} [Tue Mar 17 02:57:52 2026] GET /identity/v3/domains?name=Default => generated 308 bytes in 102 msecs (HTTP/1.1 200) 5 headers in 177 bytes (1 switches on core 0)
Mar 17 02:57:53 ubuntu devstack@keystone.service[82047]: DEBUG keystone.server.flask.request_processing.middleware.auth_context [None req-c7d7b7e3-fd5d-46c5-9c0d-dbc65792b43f None admin] Authenticating user token {{(pid=82047) process_request /opt/stack/data/venv/lib/python3.10/site-packages/keystonemiddleware/auth_token/__init__.py:407}}
Mar 17 02:57:53 ubuntu devstack@keystone.service[82047]: DEBUG keystone.server.flask.request_processing.middleware.auth_context [None req-c7d7b7e3-fd5d-46c5-9c0d-dbc65792b43f None admin] Validating token access rules against request {{(pid=82047) validate_allowed_request /opt/stack/data/venv/lib/python3.10/site-packages/keystonemiddleware/auth_token/__init__.py:545}}
Mar 17 02:57:53 ubuntu devstack@keystone.service[82046]: DEBUG keystone.server.flask.request_processing.middleware.auth_context [None req-954da3f4-a33b-41a6-b85a-7dd919ef114a None None] Validating token access rules against request {{(pid=82046) validate_allowed_request /opt/stack/data/venv/lib/python3.10/site-packages/keystonemiddleware/auth_token/__init__.py:545}}
Mar 17 02:57:53 ubuntu devstack@keystone.service[82047]: DEBUG keystone.server.flask.request_processing.middleware.auth_context [None req-9ad32fbf-f218-4ef1-a640-c722837b0f99 None admin] RBAC: auth_context: {'token': <TokenModel (audit_id=uWY07NSSQvGs2J9V4DDFeA, audit_chain_id=['uWY07NSSQvGs2J9V4DDFeA']) at 0x7f22f1d23d90>, 'domain_id': None, 'trust_id': None, 'trustor_id': None, 'trustee_id': None, 'domain_name': None, 'group_ids': [], 'user_id': 'b572bd2d1e8c4b6ba429756da8a004ea', 'user_domain_id': 'default', 'system_scope': 'all', 'project_id': None, 'project_domain_id': None, 'roles': ['admin', 'manager', 'member', 'reader'], 'is_admin_project': True, 'service_user_id': None, 'service_user_domain_id': None, 'service_project_id': None, 'service_project_domain_id': None, 'service_roles': []} {{(pid=82047) fill_context /opt/stack/keystone/keystone/server/flask/request_processing/middleware/auth_context.py:509}}
Mar 17 02:57:53 ubuntu devstack@keystone.service[82047]: DEBUG keystone.server.flask.request_processing.req_logging [None req-9ad32fbf-f218-4ef1-a640-c722837b0f99 None admin] REQUEST_METHOD: `POST` {{(pid=82047) log_request_info /opt/stack/keystone/keystone/server/flask/request_processing/req_logging.py:26}}
Mar 17 02:57:53 ubuntu devstack@keystone.service[82047]: DEBUG keystone.server.flask.request_processing.req_logging [None req-9ad32fbf-f218-4ef1-a640-c722837b0f99 None admin] SCRIPT_NAME: `/identity` {{(pid=82047) log_request_info /opt/stack/keystone/keystone/server/flask/request_processing/req_logging.py:27}}
Mar 17 02:57:53 ubuntu devstack@keystone.service[82047]: DEBUG keystone.server.flask.request_processing.req_logging [None req-9ad32fbf-f218-4ef1-a640-c722837b0f99 None admin] PATH_INFO: `/v3/projects` {{(pid=82047) log_request_info /opt/stack/keystone/keystone/server/flask/request_processing/req_logging.py:28}}
Mar 17 02:57:53 ubuntu devstack@keystone.service[82046]: DEBUG keystone.server.flask.request_processing.middleware.auth_context [None req-f211a4b1-f22d-4896-9f4b-08b2f74f9b0b None admin] RBAC: auth_context: {'token': <TokenModel (audit_id=Zf0ZS1mFQjaKI7vyHhQRSg, audit_chain_id=['Zf0ZS1mFQjaKI7vyHhQRSg']) at 0x7f22f1b6f520>, 'domain_id': None, 'trust_id': None, 'trustor_id': None, 'trustee_id': None, 'domain_name': None, 'group_ids': [], 'user_id': 'b572bd2d1e8c4b6ba429756da8a004ea', 'user_domain_id': 'default', 'system_scope': 'all', 'project_id': None, 'project_domain_id': None, 'roles': ['admin', 'manager', 'member', 'reader'], 'is_admin_project': True, 'service_user_id': None, 'service_user_domain_id': None, 'service_project_id': None, 'service_project_domain_id': None, 'service_roles': []} {{(pid=82046) fill_context /opt/stack/keystone/keystone/server/flask/request_processing/middleware/auth_context.py:509}}
Mar 17 02:57:53 ubuntu devstack@keystone.service[82046]: DEBUG keystone.server.flask.request_processing.req_logging [None req-f211a4b1-f22d-4896-9f4b-08b2f74f9b0b None admin] REQUEST_METHOD: `GET` {{(pid=82046) log_request_info /opt/stack/keystone/keystone/server/flask/request_processing/req_logging.py:26}}
Mar 17 02:57:53 ubuntu devstack@keystone.service[82046]: DEBUG keystone.server.flask.request_processing.req_logging [None req-f211a4b1-f22d-4896-9f4b-08b2f74f9b0b None admin] SCRIPT_NAME: `/identity` {{(pid=82046) log_request_info /opt/stack/keystone/keystone/server/flask/request_processing/req_logging.py:27}}
Mar 17 02:57:53 ubuntu devstack@keystone.service[82046]: DEBUG keystone.server.flask.request_processing.req_logging [None req-f211a4b1-f22d-4896-9f4b-08b2f74f9b0b None admin] PATH_INFO: `/v3/roles/admin` {{(pid=82046) log_request_info /opt/stack/keystone/keystone/server/flask/request_processing/req_logging.py:28}}
Mar 17 02:57:53 ubuntu devstack@keystone.service[82047]: DEBUG keystone.common.rbac_enforcer.enforcer [None req-9ad32fbf-f218-4ef1-a640-c722837b0f99 None admin] RBAC: Authorizing `identity:create_project()` {{(pid=82047) enforce_call /opt/stack/keystone/keystone/common/rbac_enforcer/enforcer.py:494}}
Mar 17 02:57:53 ubuntu devstack@keystone.service[82047]: DEBUG keystone.common.rbac_enforcer.enforcer [None req-9ad32fbf-f218-4ef1-a640-c722837b0f99 None admin] RBAC: Authorization granted {{(pid=82047) enforce_call /opt/stack/keystone/keystone/common/rbac_enforcer/enforcer.py:505}}
Mar 17 02:57:53 ubuntu devstack@keystone.service[82046]: DEBUG keystone.common.rbac_enforcer.enforcer [None req-f211a4b1-f22d-4896-9f4b-08b2f74f9b0b None admin] Extracting inferred target data resulted in "NOT FOUND (404)". {{(pid=82046) enforce_call /opt/stack/keystone/keystone/common/rbac_enforcer/enforcer.py:445}}
Mar 17 02:57:53 ubuntu devstack@keystone.service[82046]: DEBUG keystone.server.flask.application [None req-f211a4b1-f22d-4896-9f4b-08b2f74f9b0b None admin] Could not find role: admin. {{(pid=82046) _handle_keystone_exception /opt/stack/keystone/keystone/server/flask/application.py:146}}
Mar 17 02:57:53 ubuntu devstack@keystone.service[82046]: [pid: 82046|app: 0|req: 16/31] 10.201.5.82 () {56 vars in 1133 bytes} [Tue Mar 17 02:57:53 2026] GET /identity/v3/roles/admin => generated 83 bytes in 103 msecs (HTTP/1.1 404) 5 headers in 183 bytes (2 switches on core 0)
Mar 17 02:57:53 ubuntu devstack@keystone.service[82046]: DEBUG keystone.server.flask.request_processing.req_logging [None req-1ec65042-8df8-46ad-b655-e9b71f352cd0 None None] REQUEST_METHOD: `GET` {{(pid=82046) log_request_info /opt/stack/keystone/keystone/server/flask/request_processing/req_logging.py:26}}
Mar 17 02:57:53 ubuntu devstack@keystone.service[82046]: DEBUG keystone.server.flask.request_processing.req_logging [None req-1ec65042-8df8-46ad-b655-e9b71f352cd0 None None] SCRIPT_NAME: `/identity` {{(pid=82046) log_request_info /opt/stack/keystone/keystone/server/flask/request_processing/req_logging.py:27}}
Mar 17 02:57:53 ubuntu devstack@keystone.service[82046]: DEBUG keystone.server.flask.request_processing.req_logging [None req-1ec65042-8df8-46ad-b655-e9b71f352cd0 None None] PATH_INFO: `/` {{(pid=82046) log_request_info /opt/stack/keystone/keystone/server/flask/request_processing/req_logging.py:28}}
Mar 17 02:57:53 ubuntu devstack@keystone.service[82046]: [pid: 82046|app: 0|req: 17/32] 10.201.5.82 () {54 vars in 920 bytes} [Tue Mar 17 02:57:53 2026] GET /identity => generated 270 bytes in 1 msecs (HTTP/1.1 300) 6 headers in 234 bytes (1 switches on core 0)
Mar 17 02:57:53 ubuntu devstack@keystone.service[82046]: DEBUG keystone.server.flask.request_processing.req_logging [None req-8e6252e5-65c4-426a-a916-56104afc7422 None None] REQUEST_METHOD: `POST` {{(pid=82046) log_request_info /opt/stack/keystone/keystone/server/flask/request_processing/req_logging.py:26}}
Mar 17 02:57:53 ubuntu devstack@keystone.service[82046]: DEBUG keystone.server.flask.request_processing.req_logging [None req-8e6252e5-65c4-426a-a916-56104afc7422 None None] SCRIPT_NAME: `/identity` {{(pid=82046) log_request_info /opt/stack/keystone/keystone/server/flask/request_processing/req_logging.py:27}}
Mar 17 02:57:53 ubuntu devstack@keystone.service[82046]: DEBUG keystone.server.flask.request_processing.req_logging [None req-8e6252e5-65c4-426a-a916-56104afc7422 None None] PATH_INFO: `/v3/auth/tokens` {{(pid=82046) log_request_info /opt/stack/keystone/keystone/server/flask/request_processing/req_logging.py:28}}
Mar 17 02:57:53 ubuntu devstack@keystone.service[82046]: WARNING keystone.common.password_hashing [None req-8e6252e5-65c4-426a-a916-56104afc7422 None None] Truncating password to algorithm specific maximum length 72 characters.
Mar 17 02:57:53 ubuntu devstack@keystone.service[82046]: DEBUG keystone.auth.core [None req-8e6252e5-65c4-426a-a916-56104afc7422 None None] MFA Rules not processed for user `b572bd2d1e8c4b6ba429756da8a004ea`. Rule list: `[]` (Enabled: `True`). {{(pid=82046) check_auth_methods_against_rules /opt/stack/keystone/keystone/auth/core.py:476}}
Mar 17 02:57:53 ubuntu devstack@keystone.service[82046]: DEBUG keystone.common.fernet_utils [None req-8e6252e5-65c4-426a-a916-56104afc7422 None None] Loaded 2 Fernet keys from /etc/keystone/fernet-keys/, but `[fernet_tokens] max_active_keys = 3`; perhaps there have not been enough key rotations to reach `max_active_keys` yet? {{(pid=82046) load_keys /opt/stack/keystone/keystone/common/fernet_utils.py:297}}
Mar 17 02:57:53 ubuntu devstack@keystone.service[82046]: [pid: 82046|app: 0|req: 18/33] 10.201.5.82 () {58 vars in 1017 bytes} [Tue Mar 17 02:57:53 2026] POST /identity/v3/auth/tokens => generated 862 bytes in 49 msecs (HTTP/1.1 201) 6 headers in 363 bytes (2 switches on core 0)
Mar 17 02:57:53 ubuntu devstack@keystone.service[82046]: DEBUG keystone.server.flask.request_processing.middleware.auth_context [None req-8e6252e5-65c4-426a-a916-56104afc7422 None None] Authenticating user token {{(pid=82046) process_request /opt/stack/data/venv/lib/python3.10/site-packages/keystonemiddleware/auth_token/__init__.py:407}}
Mar 17 02:57:53 ubuntu devstack@keystone.service[82046]: DEBUG keystone.server.flask.request_processing.middleware.auth_context [None req-8e6252e5-65c4-426a-a916-56104afc7422 None None] Validating token access rules against request {{(pid=82046) validate_allowed_request /opt/stack/data/venv/lib/python3.10/site-packages/keystonemiddleware/auth_token/__init__.py:545}}
Mar 17 02:57:53 ubuntu devstack@keystone.service[82046]: DEBUG keystone.server.flask.request_processing.middleware.auth_context [None req-97de4747-8f0e-42f8-8d26-ae1d771ad827 None admin] RBAC: auth_context: {'token': <TokenModel (audit_id=Zf0ZS1mFQjaKI7vyHhQRSg, audit_chain_id=['Zf0ZS1mFQjaKI7vyHhQRSg']) at 0x7f22f1abfd90>, 'domain_id': None, 'trust_id': None, 'trustor_id': None, 'trustee_id': None, 'domain_name': None, 'group_ids': [], 'user_id': 'b572bd2d1e8c4b6ba429756da8a004ea', 'user_domain_id': 'default', 'system_scope': 'all', 'project_id': None, 'project_domain_id': None, 'roles': ['admin', 'manager', 'member', 'reader'], 'is_admin_project': True, 'service_user_id': None, 'service_user_domain_id': None, 'service_project_id': None, 'service_project_domain_id': None, 'service_roles': []} {{(pid=82046) fill_context /opt/stack/keystone/keystone/server/flask/request_processing/middleware/auth_context.py:509}}
Mar 17 02:57:53 ubuntu devstack@keystone.service[82046]: DEBUG keystone.server.flask.request_processing.req_logging [None req-97de4747-8f0e-42f8-8d26-ae1d771ad827 None admin] REQUEST_METHOD: `GET` {{(pid=82046) log_request_info /opt/stack/keystone/keystone/server/flask/request_processing/req_logging.py:26}}
Mar 17 02:57:53 ubuntu devstack@keystone.service[82046]: DEBUG keystone.server.flask.request_processing.req_logging [None req-97de4747-8f0e-42f8-8d26-ae1d771ad827 None admin] SCRIPT_NAME: `/identity` {{(pid=82046) log_request_info /opt/stack/keystone/keystone/server/flask/request_processing/req_logging.py:27}}
Mar 17 02:57:53 ubuntu devstack@keystone.service[82046]: DEBUG keystone.server.flask.request_processing.req_logging [None req-97de4747-8f0e-42f8-8d26-ae1d771ad827 None admin] PATH_INFO: `/v3/roles` {{(pid=82046) log_request_info /opt/stack/keystone/keystone/server/flask/request_processing/req_logging.py:28}}
Mar 17 02:57:53 ubuntu devstack@keystone.service[82046]: DEBUG keystone.common.rbac_enforcer.enforcer [None req-97de4747-8f0e-42f8-8d26-ae1d771ad827 None admin] RBAC: Adding query filter params (name=admin) {{(pid=82046) _extract_filter_values /opt/stack/keystone/keystone/common/rbac_enforcer/enforcer.py:176}}
Mar 17 02:57:53 ubuntu devstack@keystone.service[82046]: DEBUG keystone.common.rbac_enforcer.enforcer [None req-97de4747-8f0e-42f8-8d26-ae1d771ad827 None admin] RBAC: Authorizing `identity:list_roles()` {{(pid=82046) enforce_call /opt/stack/keystone/keystone/common/rbac_enforcer/enforcer.py:494}}
Mar 17 02:57:53 ubuntu devstack@keystone.service[82046]: DEBUG keystone.common.rbac_enforcer.enforcer [None req-97de4747-8f0e-42f8-8d26-ae1d771ad827 None admin] RBAC: Authorization granted {{(pid=82046) enforce_call /opt/stack/keystone/keystone/common/rbac_enforcer/enforcer.py:505}}
Mar 17 02:57:53 ubuntu devstack@keystone.service[82046]: [pid: 82046|app: 0|req: 19/34] 10.201.5.82 () {56 vars in 1149 bytes} [Tue Mar 17 02:57:53 2026] GET /identity/v3/roles?name=admin => generated 339 bytes in 123 msecs (HTTP/1.1 200) 5 headers in 177 bytes (1 switches on core 0)
Mar 17 02:57:53 ubuntu devstack@keystone.service[82046]: DEBUG keystone.server.flask.request_processing.middleware.auth_context [None req-97de4747-8f0e-42f8-8d26-ae1d771ad827 None admin] Authenticating user token {{(pid=82046) process_request /opt/stack/data/venv/lib/python3.10/site-packages/keystonemiddleware/auth_token/__init__.py:407}}
Mar 17 02:57:53 ubuntu devstack@keystone.service[82047]: [pid: 82047|app: 0|req: 16/35] 10.201.5.82 () {60 vars in 1177 bytes} [Tue Mar 17 02:57:53 2026] POST /identity/v3/projects => generated 301 bytes in 291 msecs (HTTP/1.1 201) 5 headers in 182 bytes (1 switches on core 0)
Mar 17 02:57:53 ubuntu devstack@keystone.service[82047]: DEBUG keystone.server.flask.request_processing.middleware.auth_context [None req-9ad32fbf-f218-4ef1-a640-c722837b0f99 None admin] Authenticating user token {{(pid=82047) process_request /opt/stack/data/venv/lib/python3.10/site-packages/keystonemiddleware/auth_token/__init__.py:407}}
Mar 17 02:57:53 ubuntu devstack@keystone.service[82047]: DEBUG keystone.server.flask.request_processing.middleware.auth_context [None req-9ad32fbf-f218-4ef1-a640-c722837b0f99 None admin] Validating token access rules against request {{(pid=82047) validate_allowed_request /opt/stack/data/venv/lib/python3.10/site-packages/keystonemiddleware/auth_token/__init__.py:545}}
Mar 17 02:57:53 ubuntu devstack@keystone.service[82046]: DEBUG keystone.server.flask.request_processing.middleware.auth_context [None req-97de4747-8f0e-42f8-8d26-ae1d771ad827 None admin] Validating token access rules against request {{(pid=82046) validate_allowed_request /opt/stack/data/venv/lib/python3.10/site-packages/keystonemiddleware/auth_token/__init__.py:545}}
Mar 17 02:57:53 ubuntu devstack@keystone.service[82047]: DEBUG keystone.server.flask.request_processing.middleware.auth_context [None req-fa636d29-775c-4137-8e93-8c72fb7ffbd3 None admin] RBAC: auth_context: {'token': <TokenModel (audit_id=Zf0ZS1mFQjaKI7vyHhQRSg, audit_chain_id=['Zf0ZS1mFQjaKI7vyHhQRSg']) at 0x7f22f1d20b50>, 'domain_id': None, 'trust_id': None, 'trustor_id': None, 'trustee_id': None, 'domain_name': None, 'group_ids': [], 'user_id': 'b572bd2d1e8c4b6ba429756da8a004ea', 'user_domain_id': 'default', 'system_scope': 'all', 'project_id': None, 'project_domain_id': None, 'roles': ['admin', 'manager', 'member', 'reader'], 'is_admin_project': True, 'service_user_id': None, 'service_user_domain_id': None, 'service_project_id': None, 'service_project_domain_id': None, 'service_roles': []} {{(pid=82047) fill_context /opt/stack/keystone/keystone/server/flask/request_processing/middleware/auth_context.py:509}}
Mar 17 02:57:53 ubuntu devstack@keystone.service[82047]: DEBUG keystone.server.flask.request_processing.req_logging [None req-fa636d29-775c-4137-8e93-8c72fb7ffbd3 None admin] REQUEST_METHOD: `GET` {{(pid=82047) log_request_info /opt/stack/keystone/keystone/server/flask/request_processing/req_logging.py:26}}
Mar 17 02:57:53 ubuntu devstack@keystone.service[82047]: DEBUG keystone.server.flask.request_processing.req_logging [None req-fa636d29-775c-4137-8e93-8c72fb7ffbd3 None admin] SCRIPT_NAME: `/identity` {{(pid=82047) log_request_info /opt/stack/keystone/keystone/server/flask/request_processing/req_logging.py:27}}
Mar 17 02:57:53 ubuntu devstack@keystone.service[82047]: DEBUG keystone.server.flask.request_processing.req_logging [None req-fa636d29-775c-4137-8e93-8c72fb7ffbd3 None admin] PATH_INFO: `/v3/users/b572bd2d1e8c4b6ba429756da8a004ea` {{(pid=82047) log_request_info /opt/stack/keystone/keystone/server/flask/request_processing/req_logging.py:28}}
Mar 17 02:57:53 ubuntu devstack@keystone.service[82046]: DEBUG keystone.server.flask.request_processing.middleware.auth_context [None req-7272c080-6807-41b6-87df-e2c3418c3298 None admin] RBAC: auth_context: {'token': <TokenModel (audit_id=U2RqlEWwQw62oI1DHims5A, audit_chain_id=['U2RqlEWwQw62oI1DHims5A']) at 0x7f22f19c1d20>, 'domain_id': None, 'trust_id': None, 'trustor_id': None, 'trustee_id': None, 'domain_name': None, 'group_ids': [], 'user_id': 'b572bd2d1e8c4b6ba429756da8a004ea', 'user_domain_id': 'default', 'system_scope': 'all', 'project_id': None, 'project_domain_id': None, 'roles': ['admin', 'manager', 'member', 'reader'], 'is_admin_project': True, 'service_user_id': None, 'service_user_domain_id': None, 'service_project_id': None, 'service_project_domain_id': None, 'service_roles': []} {{(pid=82046) fill_context /opt/stack/keystone/keystone/server/flask/request_processing/middleware/auth_context.py:509}}
Mar 17 02:57:53 ubuntu devstack@keystone.service[82047]: DEBUG keystone.common.rbac_enforcer.enforcer [None req-fa636d29-775c-4137-8e93-8c72fb7ffbd3 None admin] RBAC: Authorizing `identity:get_user(user_id=b572bd2d1e8c4b6ba429756da8a004ea)` {{(pid=82047) enforce_call /opt/stack/keystone/keystone/common/rbac_enforcer/enforcer.py:494}}
Mar 17 02:57:53 ubuntu devstack@keystone.service[82046]: DEBUG keystone.server.flask.request_processing.req_logging [None req-7272c080-6807-41b6-87df-e2c3418c3298 None admin] REQUEST_METHOD: `POST` {{(pid=82046) log_request_info /opt/stack/keystone/keystone/server/flask/request_processing/req_logging.py:26}}
Mar 17 02:57:53 ubuntu devstack@keystone.service[82046]: DEBUG keystone.server.flask.request_processing.req_logging [None req-7272c080-6807-41b6-87df-e2c3418c3298 None admin] SCRIPT_NAME: `/identity` {{(pid=82046) log_request_info /opt/stack/keystone/keystone/server/flask/request_processing/req_logging.py:27}}
Mar 17 02:57:53 ubuntu devstack@keystone.service[82046]: DEBUG keystone.server.flask.request_processing.req_logging [None req-7272c080-6807-41b6-87df-e2c3418c3298 None admin] PATH_INFO: `/v3/roles` {{(pid=82046) log_request_info /opt/stack/keystone/keystone/server/flask/request_processing/req_logging.py:28}}
Mar 17 02:57:53 ubuntu devstack@keystone.service[82047]: DEBUG keystone.common.rbac_enforcer.enforcer [None req-fa636d29-775c-4137-8e93-8c72fb7ffbd3 None admin] RBAC: Authorization granted {{(pid=82047) enforce_call /opt/stack/keystone/keystone/common/rbac_enforcer/enforcer.py:505}}
Mar 17 02:57:53 ubuntu devstack@keystone.service[82046]: DEBUG keystone.common.rbac_enforcer.enforcer [None req-7272c080-6807-41b6-87df-e2c3418c3298 None admin] RBAC: Authorizing `identity:create_role()` {{(pid=82046) enforce_call /opt/stack/keystone/keystone/common/rbac_enforcer/enforcer.py:494}}
Mar 17 02:57:53 ubuntu devstack@keystone.service[82046]: DEBUG keystone.common.rbac_enforcer.enforcer [None req-7272c080-6807-41b6-87df-e2c3418c3298 None admin] RBAC: Authorization granted {{(pid=82046) enforce_call /opt/stack/keystone/keystone/common/rbac_enforcer/enforcer.py:505}}
Mar 17 02:57:53 ubuntu devstack@keystone.service[82047]: [pid: 82047|app: 0|req: 17/36] 10.201.5.82 () {56 vars in 1214 bytes} [Tue Mar 17 02:57:53 2026] GET /identity/v3/users/b572bd2d1e8c4b6ba429756da8a004ea => generated 247 bytes in 68 msecs (HTTP/1.1 200) 5 headers in 177 bytes (1 switches on core 0)
Mar 17 02:57:53 ubuntu devstack@keystone.service[82047]: DEBUG keystone.server.flask.request_processing.middleware.auth_context [None req-fa636d29-775c-4137-8e93-8c72fb7ffbd3 None admin] Authenticating user token {{(pid=82047) process_request /opt/stack/data/venv/lib/python3.10/site-packages/keystonemiddleware/auth_token/__init__.py:407}}
Mar 17 02:57:53 ubuntu devstack@keystone.service[82046]: DEBUG keystone.common.sql.core [None req-7272c080-6807-41b6-87df-e2c3418c3298 None admin] Conflict role: (pymysql.err.IntegrityError) (1062, "Duplicate entry 'service-<<null>>' for key 'role.ixu_role_name_domain_id'")
Mar 17 02:57:53 ubuntu devstack@keystone.service[82046]: [SQL: INSERT INTO `role` (id, name, description, extra) VALUES (%(id)s, %(name)s, %(description)s, %(extra)s)]
Mar 17 02:57:53 ubuntu devstack@keystone.service[82046]: [parameters: {'id': 'a7a7b02bb85a44d0abe10c1460fcc52d', 'name': 'service', 'description': None, 'extra': '{}'}]
Mar 17 02:57:53 ubuntu devstack@keystone.service[82046]: (Background on this error at: https://sqlalche.me/e/20/gkpj) {{(pid=82046) wrapper /opt/stack/keystone/keystone/common/sql/core.py:580}}
Mar 17 02:57:53 ubuntu devstack@keystone.service[82046]: ERROR keystone.server.flask.application [None req-7272c080-6807-41b6-87df-e2c3418c3298 None admin] Conflict occurred attempting to store role - Duplicate entry found with name service.: keystone.exception.Conflict: Conflict occurred attempting to store role - Duplicate entry found with name service.
Mar 17 02:57:53 ubuntu devstack@keystone.service[82046]: ERROR keystone.server.flask.application Traceback (most recent call last):
Mar 17 02:57:53 ubuntu devstack@keystone.service[82046]: ERROR keystone.server.flask.application   File "/opt/stack/data/venv/lib/python3.10/site-packages/sqlalchemy/engine/base.py", line 1967, in _exec_single_context
Mar 17 02:57:53 ubuntu devstack@keystone.service[82046]: ERROR keystone.server.flask.application     self.dialect.do_execute(
Mar 17 02:57:53 ubuntu devstack@keystone.service[82046]: ERROR keystone.server.flask.application   File "/opt/stack/data/venv/lib/python3.10/site-packages/sqlalchemy/engine/default.py", line 952, in do_execute
Mar 17 02:57:53 ubuntu devstack@keystone.service[82046]: ERROR keystone.server.flask.application     cursor.execute(statement, parameters)
Mar 17 02:57:53 ubuntu devstack@keystone.service[82046]: ERROR keystone.server.flask.application   File "/opt/stack/data/venv/lib/python3.10/site-packages/pymysql/cursors.py", line 153, in execute
Mar 17 02:57:53 ubuntu devstack@keystone.service[82046]: ERROR keystone.server.flask.application     result = self._query(query)
Mar 17 02:57:53 ubuntu devstack@keystone.service[82046]: ERROR keystone.server.flask.application   File "/opt/stack/data/venv/lib/python3.10/site-packages/pymysql/cursors.py", line 322, in _query
Mar 17 02:57:53 ubuntu devstack@keystone.service[82046]: ERROR keystone.server.flask.application     conn.query(q)
Mar 17 02:57:53 ubuntu devstack@keystone.service[82046]: ERROR keystone.server.flask.application   File "/opt/stack/data/venv/lib/python3.10/site-packages/pymysql/connections.py", line 575, in query
Mar 17 02:57:53 ubuntu devstack@keystone.service[82046]: ERROR keystone.server.flask.application     self._affected_rows = self._read_query_result(unbuffered=unbuffered)
Mar 17 02:57:53 ubuntu devstack@keystone.service[82046]: ERROR keystone.server.flask.application   File "/opt/stack/data/venv/lib/python3.10/site-packages/pymysql/connections.py", line 826, in _read_query_result
Mar 17 02:57:53 ubuntu devstack@keystone.service[82046]: ERROR keystone.server.flask.application     result.read()
Mar 17 02:57:53 ubuntu devstack@keystone.service[82046]: ERROR keystone.server.flask.application   File "/opt/stack/data/venv/lib/python3.10/site-packages/pymysql/connections.py", line 1203, in read
Mar 17 02:57:53 ubuntu devstack@keystone.service[82046]: ERROR keystone.server.flask.application     first_packet = self.connection._read_packet()
Mar 17 02:57:53 ubuntu devstack@keystone.service[82046]: ERROR keystone.server.flask.application   File "/opt/stack/data/venv/lib/python3.10/site-packages/pymysql/connections.py", line 782, in _read_packet
Mar 17 02:57:53 ubuntu devstack@keystone.service[82046]: ERROR keystone.server.flask.application     packet.raise_for_error()
Mar 17 02:57:53 ubuntu devstack@keystone.service[82046]: ERROR keystone.server.flask.application   File "/opt/stack/data/venv/lib/python3.10/site-packages/pymysql/protocol.py", line 219, in raise_for_error
Mar 17 02:57:53 ubuntu devstack@keystone.service[82046]: ERROR keystone.server.flask.application     err.raise_mysql_exception(self._data)
Mar 17 02:57:53 ubuntu devstack@keystone.service[82046]: ERROR keystone.server.flask.application   File "/opt/stack/data/venv/lib/python3.10/site-packages/pymysql/err.py", line 150, in raise_mysql_exception
Mar 17 02:57:53 ubuntu devstack@keystone.service[82046]: ERROR keystone.server.flask.application     raise errorclass(errno, errval)
Mar 17 02:57:53 ubuntu devstack@keystone.service[82046]: ERROR keystone.server.flask.application pymysql.err.IntegrityError: (1062, "Duplicate entry 'service-<<null>>' for key 'role.ixu_role_name_domain_id'")
Mar 17 02:57:53 ubuntu devstack@keystone.service[82046]: ERROR keystone.server.flask.application 
Mar 17 02:57:53 ubuntu devstack@keystone.service[82046]: ERROR keystone.server.flask.application The above exception was the direct cause of the following exception:
Mar 17 02:57:53 ubuntu devstack@keystone.service[82046]: ERROR keystone.server.flask.application 
Mar 17 02:57:53 ubuntu devstack@keystone.service[82046]: ERROR keystone.server.flask.application Traceback (most recent call last):
Mar 17 02:57:53 ubuntu devstack@keystone.service[82046]: ERROR keystone.server.flask.application   File "/opt/stack/keystone/keystone/common/sql/core.py", line 575, in wrapper
Mar 17 02:57:53 ubuntu devstack@keystone.service[82046]: ERROR keystone.server.flask.application     return method(*args, **kwargs)
Mar 17 02:57:53 ubuntu devstack@keystone.service[82046]: ERROR keystone.server.flask.application   File "/opt/stack/keystone/keystone/assignment/role_backends/sql.py", line 25, in create_role
Mar 17 02:57:53 ubuntu devstack@keystone.service[82046]: ERROR keystone.server.flask.application     with sql.session_for_write() as session:
Mar 17 02:57:53 ubuntu devstack@keystone.service[82046]: ERROR keystone.server.flask.application   File "/usr/lib/python3.10/contextlib.py", line 142, in __exit__
Mar 17 02:57:53 ubuntu devstack@keystone.service[82046]: ERROR keystone.server.flask.application     next(self.gen)
Mar 17 02:57:53 ubuntu devstack@keystone.service[82046]: ERROR keystone.server.flask.application   File "/opt/stack/data/venv/lib/python3.10/site-packages/oslo_db/sqlalchemy/enginefacade.py", line 1175, in _transaction_scope
Mar 17 02:57:53 ubuntu devstack@keystone.service[82046]: ERROR keystone.server.flask.application     with current._produce_block(
Mar 17 02:57:53 ubuntu devstack@keystone.service[82046]: ERROR keystone.server.flask.application   File "/usr/lib/python3.10/contextlib.py", line 142, in __exit__
Mar 17 02:57:53 ubuntu devstack@keystone.service[82046]: ERROR keystone.server.flask.application     next(self.gen)
Mar 17 02:57:53 ubuntu devstack@keystone.service[82046]: ERROR keystone.server.flask.application   File "/opt/stack/data/venv/lib/python3.10/site-packages/oslo_db/sqlalchemy/enginefacade.py", line 837, in _session
Mar 17 02:57:53 ubuntu devstack@keystone.service[82046]: ERROR keystone.server.flask.application     with excutils.save_and_reraise_exception():
Mar 17 02:57:53 ubuntu devstack@keystone.service[82046]: ERROR keystone.server.flask.application   File "/opt/stack/data/venv/lib/python3.10/site-packages/oslo_utils/excutils.py", line 267, in __exit__
Mar 17 02:57:53 ubuntu devstack@keystone.service[82046]: ERROR keystone.server.flask.application     self.force_reraise()
Mar 17 02:57:53 ubuntu devstack@keystone.service[82046]: ERROR keystone.server.flask.application   File "/opt/stack/data/venv/lib/python3.10/site-packages/oslo_utils/excutils.py", line 233, in force_reraise
Mar 17 02:57:53 ubuntu devstack@keystone.service[82046]: ERROR keystone.server.flask.application     raise self.value
Mar 17 02:57:53 ubuntu devstack@keystone.service[82046]: ERROR keystone.server.flask.application   File "/opt/stack/data/venv/lib/python3.10/site-packages/oslo_db/sqlalchemy/enginefacade.py", line 835, in _session
Mar 17 02:57:53 ubuntu devstack@keystone.service[82046]: ERROR keystone.server.flask.application     self._end_session_transaction(self.session)
Mar 17 02:57:53 ubuntu devstack@keystone.service[82046]: ERROR keystone.server.flask.application   File "/opt/stack/data/venv/lib/python3.10/site-packages/oslo_db/sqlalchemy/enginefacade.py", line 748, in _end_session_transaction
Mar 17 02:57:53 ubuntu devstack@keystone.service[82046]: ERROR keystone.server.flask.application     session.commit()
Mar 17 02:57:53 ubuntu devstack@keystone.service[82046]: ERROR keystone.server.flask.application   File "/opt/stack/data/venv/lib/python3.10/site-packages/sqlalchemy/orm/session.py", line 2030, in commit
Mar 17 02:57:53 ubuntu devstack@keystone.service[82046]: ERROR keystone.server.flask.application     trans.commit(_to_root=True)
Mar 17 02:57:53 ubuntu devstack@keystone.service[82046]: ERROR keystone.server.flask.application   File "<string>", line 2, in commit
Mar 17 02:57:53 ubuntu devstack@keystone.service[82046]: ERROR keystone.server.flask.application   File "/opt/stack/data/venv/lib/python3.10/site-packages/sqlalchemy/orm/state_changes.py", line 137, in _go
Mar 17 02:57:53 ubuntu devstack@keystone.service[82046]: ERROR keystone.server.flask.application     ret_value = fn(self, *arg, **kw)
Mar 17 02:57:53 ubuntu devstack@keystone.service[82046]: ERROR keystone.server.flask.application   File "/opt/stack/data/venv/lib/python3.10/site-packages/sqlalchemy/orm/session.py", line 1311, in commit
Mar 17 02:57:53 ubuntu devstack@keystone.service[82046]: ERROR keystone.server.flask.application     self._prepare_impl()
Mar 17 02:57:53 ubuntu devstack@keystone.service[82046]: ERROR keystone.server.flask.application   File "<string>", line 2, in _prepare_impl
Mar 17 02:57:53 ubuntu devstack@keystone.service[82046]: ERROR keystone.server.flask.application   File "/opt/stack/data/venv/lib/python3.10/site-packages/sqlalchemy/orm/state_changes.py", line 137, in _go
Mar 17 02:57:53 ubuntu devstack@keystone.service[82046]: ERROR keystone.server.flask.application     ret_value = fn(self, *arg, **kw)
Mar 17 02:57:53 ubuntu devstack@keystone.service[82046]: ERROR keystone.server.flask.application   File "/opt/stack/data/venv/lib/python3.10/site-packages/sqlalchemy/orm/session.py", line 1286, in _prepare_impl
Mar 17 02:57:53 ubuntu devstack@keystone.service[82046]: ERROR keystone.server.flask.application     self.session.flush()
Mar 17 02:57:53 ubuntu devstack@keystone.service[82046]: ERROR keystone.server.flask.application   File "/opt/stack/data/venv/lib/python3.10/site-packages/sqlalchemy/orm/session.py", line 4331, in flush
Mar 17 02:57:53 ubuntu devstack@keystone.service[82046]: ERROR keystone.server.flask.application     self._flush(objects)
Mar 17 02:57:53 ubuntu devstack@keystone.service[82046]: ERROR keystone.server.flask.application   File "/opt/stack/data/venv/lib/python3.10/site-packages/sqlalchemy/orm/session.py", line 4466, in _flush
Mar 17 02:57:53 ubuntu devstack@keystone.service[82046]: ERROR keystone.server.flask.application     with util.safe_reraise():
Mar 17 02:57:53 ubuntu devstack@keystone.service[82046]: ERROR keystone.server.flask.application   File "/opt/stack/data/venv/lib/python3.10/site-packages/sqlalchemy/util/langhelpers.py", line 224, in __exit__
Mar 17 02:57:53 ubuntu devstack@keystone.service[82046]: ERROR keystone.server.flask.application     raise exc_value.with_traceback(exc_tb)
Mar 17 02:57:53 ubuntu devstack@keystone.service[82046]: ERROR keystone.server.flask.application   File "/opt/stack/data/venv/lib/python3.10/site-packages/sqlalchemy/orm/session.py", line 4427, in _flush
Mar 17 02:57:53 ubuntu devstack@keystone.service[82046]: ERROR keystone.server.flask.application     flush_context.execute()
Mar 17 02:57:53 ubuntu devstack@keystone.service[82046]: ERROR keystone.server.flask.application   File "/opt/stack/data/venv/lib/python3.10/site-packages/sqlalchemy/orm/unitofwork.py", line 466, in execute
