Mar 05 02:15:58 ubuntu devstack@keystone.service[81876]: [pid: 81876|app: 0|req: 11/23] 10.201.5.82 () {54 vars in 920 bytes} [Thu Mar  5 02:15:58 2026] GET /identity => generated 270 bytes in 2 msecs (HTTP/1.1 300) 6 headers in 234 bytes (1 switches on core 0)
Mar 05 02:15:58 ubuntu devstack@keystone.service[81877]: DEBUG keystone.server.flask.request_processing.req_logging [None req-1c811af9-97d8-450b-8dbc-d0804dc0aef5 None None] REQUEST_METHOD: `POST` {{(pid=81877) log_request_info /opt/stack/keystone/keystone/server/flask/request_processing/req_logging.py:26}}
Mar 05 02:15:58 ubuntu devstack@keystone.service[81877]: DEBUG keystone.server.flask.request_processing.req_logging [None req-1c811af9-97d8-450b-8dbc-d0804dc0aef5 None None] SCRIPT_NAME: `/identity` {{(pid=81877) log_request_info /opt/stack/keystone/keystone/server/flask/request_processing/req_logging.py:27}}
Mar 05 02:15:58 ubuntu devstack@keystone.service[81877]: DEBUG keystone.server.flask.request_processing.req_logging [None req-1c811af9-97d8-450b-8dbc-d0804dc0aef5 None None] PATH_INFO: `/v3/auth/tokens` {{(pid=81877) log_request_info /opt/stack/keystone/keystone/server/flask/request_processing/req_logging.py:28}}
Mar 05 02:15:58 ubuntu devstack@keystone.service[81876]: DEBUG keystone.server.flask.request_processing.req_logging [None req-379e03b9-3e78-48df-96c4-172902bd642f None None] REQUEST_METHOD: `GET` {{(pid=81876) log_request_info /opt/stack/keystone/keystone/server/flask/request_processing/req_logging.py:26}}
Mar 05 02:15:58 ubuntu devstack@keystone.service[81876]: DEBUG keystone.server.flask.request_processing.req_logging [None req-379e03b9-3e78-48df-96c4-172902bd642f None None] SCRIPT_NAME: `/identity` {{(pid=81876) log_request_info /opt/stack/keystone/keystone/server/flask/request_processing/req_logging.py:27}}
Mar 05 02:15:58 ubuntu devstack@keystone.service[81876]: DEBUG keystone.server.flask.request_processing.req_logging [None req-379e03b9-3e78-48df-96c4-172902bd642f None None] PATH_INFO: `/` {{(pid=81876) log_request_info /opt/stack/keystone/keystone/server/flask/request_processing/req_logging.py:28}}
Mar 05 02:15:58 ubuntu devstack@keystone.service[81876]: [pid: 81876|app: 0|req: 12/24] 10.201.5.82 () {54 vars in 920 bytes} [Thu Mar  5 02:15:58 2026] GET /identity => generated 270 bytes in 2 msecs (HTTP/1.1 300) 6 headers in 234 bytes (1 switches on core 0)
Mar 05 02:15:58 ubuntu devstack@keystone.service[81876]: DEBUG keystone.server.flask.request_processing.req_logging [None req-afeb6b99-ac0c-4c52-84ee-1fae837e0bdd None None] REQUEST_METHOD: `POST` {{(pid=81876) log_request_info /opt/stack/keystone/keystone/server/flask/request_processing/req_logging.py:26}}
Mar 05 02:15:58 ubuntu devstack@keystone.service[81876]: DEBUG keystone.server.flask.request_processing.req_logging [None req-afeb6b99-ac0c-4c52-84ee-1fae837e0bdd None None] SCRIPT_NAME: `/identity` {{(pid=81876) log_request_info /opt/stack/keystone/keystone/server/flask/request_processing/req_logging.py:27}}
Mar 05 02:15:58 ubuntu devstack@keystone.service[81876]: DEBUG keystone.server.flask.request_processing.req_logging [None req-afeb6b99-ac0c-4c52-84ee-1fae837e0bdd None None] PATH_INFO: `/v3/auth/tokens` {{(pid=81876) log_request_info /opt/stack/keystone/keystone/server/flask/request_processing/req_logging.py:28}}
Mar 05 02:15:58 ubuntu devstack@keystone.service[81876]: WARNING keystone.common.password_hashing [None req-afeb6b99-ac0c-4c52-84ee-1fae837e0bdd None None] Truncating password to algorithm specific maximum length 72 characters.
Mar 05 02:15:58 ubuntu devstack@keystone.service[81876]: DEBUG keystone.auth.core [None req-afeb6b99-ac0c-4c52-84ee-1fae837e0bdd None None] MFA Rules not processed for user `98461b1aa1e246d0b6027d3949be7b2a`. Rule list: `[]` (Enabled: `True`). {{(pid=81876) check_auth_methods_against_rules /opt/stack/keystone/keystone/auth/core.py:476}}
Mar 05 02:15:58 ubuntu devstack@keystone.service[81876]: DEBUG keystone.common.fernet_utils [None req-afeb6b99-ac0c-4c52-84ee-1fae837e0bdd None None] Loaded 2 Fernet keys from /etc/keystone/fernet-keys/, but `[fernet_tokens] max_active_keys = 3`; perhaps there have not been enough key rotations to reach `max_active_keys` yet? {{(pid=81876) load_keys /opt/stack/keystone/keystone/common/fernet_utils.py:297}}
Mar 05 02:15:58 ubuntu devstack@keystone.service[81876]: [pid: 81876|app: 0|req: 13/25] 10.201.5.82 () {58 vars in 1017 bytes} [Thu Mar  5 02:15:58 2026] POST /identity/v3/auth/tokens => generated 862 bytes in 69 msecs (HTTP/1.1 201) 6 headers in 363 bytes (2 switches on core 0)
Mar 05 02:15:58 ubuntu devstack@keystone.service[81877]: WARNING keystone.common.password_hashing [None req-1c811af9-97d8-450b-8dbc-d0804dc0aef5 None None] Truncating password to algorithm specific maximum length 72 characters.
Mar 05 02:15:58 ubuntu devstack@keystone.service[81877]: DEBUG keystone.auth.core [None req-1c811af9-97d8-450b-8dbc-d0804dc0aef5 None None] MFA Rules not processed for user `98461b1aa1e246d0b6027d3949be7b2a`. Rule list: `[]` (Enabled: `True`). {{(pid=81877) check_auth_methods_against_rules /opt/stack/keystone/keystone/auth/core.py:476}}
Mar 05 02:15:58 ubuntu devstack@keystone.service[81877]: DEBUG keystone.common.fernet_utils [None req-1c811af9-97d8-450b-8dbc-d0804dc0aef5 None None] Loaded 2 Fernet keys from /etc/keystone/fernet-keys/, but `[fernet_tokens] max_active_keys = 3`; perhaps there have not been enough key rotations to reach `max_active_keys` yet? {{(pid=81877) load_keys /opt/stack/keystone/keystone/common/fernet_utils.py:297}}
Mar 05 02:15:58 ubuntu devstack@keystone.service[81876]: DEBUG keystone.server.flask.request_processing.req_logging [None req-95dd13f8-f2dd-4e32-ac67-e0ff77ee6430 None None] REQUEST_METHOD: `GET` {{(pid=81876) log_request_info /opt/stack/keystone/keystone/server/flask/request_processing/req_logging.py:26}}
Mar 05 02:15:58 ubuntu devstack@keystone.service[81876]: DEBUG keystone.server.flask.request_processing.req_logging [None req-95dd13f8-f2dd-4e32-ac67-e0ff77ee6430 None None] SCRIPT_NAME: `/identity` {{(pid=81876) log_request_info /opt/stack/keystone/keystone/server/flask/request_processing/req_logging.py:27}}
Mar 05 02:15:58 ubuntu devstack@keystone.service[81876]: DEBUG keystone.server.flask.request_processing.req_logging [None req-95dd13f8-f2dd-4e32-ac67-e0ff77ee6430 None None] PATH_INFO: `/` {{(pid=81876) log_request_info /opt/stack/keystone/keystone/server/flask/request_processing/req_logging.py:28}}
Mar 05 02:15:58 ubuntu devstack@keystone.service[81876]: [pid: 81876|app: 0|req: 14/26] 10.201.5.82 () {54 vars in 920 bytes} [Thu Mar  5 02:15:58 2026] GET /identity => generated 270 bytes in 1 msecs (HTTP/1.1 300) 6 headers in 234 bytes (1 switches on core 0)
Mar 05 02:15:58 ubuntu devstack@keystone.service[81876]: DEBUG keystone.server.flask.request_processing.req_logging [None req-f648d1e4-3808-4ecb-8b50-84c1c5b4249e None None] REQUEST_METHOD: `POST` {{(pid=81876) log_request_info /opt/stack/keystone/keystone/server/flask/request_processing/req_logging.py:26}}
Mar 05 02:15:58 ubuntu devstack@keystone.service[81876]: DEBUG keystone.server.flask.request_processing.req_logging [None req-f648d1e4-3808-4ecb-8b50-84c1c5b4249e None None] SCRIPT_NAME: `/identity` {{(pid=81876) log_request_info /opt/stack/keystone/keystone/server/flask/request_processing/req_logging.py:27}}
Mar 05 02:15:58 ubuntu devstack@keystone.service[81876]: DEBUG keystone.server.flask.request_processing.req_logging [None req-f648d1e4-3808-4ecb-8b50-84c1c5b4249e None None] PATH_INFO: `/v3/auth/tokens` {{(pid=81876) log_request_info /opt/stack/keystone/keystone/server/flask/request_processing/req_logging.py:28}}
Mar 05 02:15:59 ubuntu devstack@keystone.service[81876]: WARNING keystone.common.password_hashing [None req-f648d1e4-3808-4ecb-8b50-84c1c5b4249e None None] Truncating password to algorithm specific maximum length 72 characters.
Mar 05 02:15:59 ubuntu devstack@keystone.service[81877]: [pid: 81877|app: 0|req: 13/27] 10.201.5.82 () {58 vars in 1017 bytes} [Thu Mar  5 02:15:58 2026] POST /identity/v3/auth/tokens => generated 862 bytes in 164 msecs (HTTP/1.1 201) 6 headers in 363 bytes (2 switches on core 0)
Mar 05 02:15:59 ubuntu devstack@keystone.service[81876]: DEBUG keystone.auth.core [None req-f648d1e4-3808-4ecb-8b50-84c1c5b4249e None None] MFA Rules not processed for user `98461b1aa1e246d0b6027d3949be7b2a`. Rule list: `[]` (Enabled: `True`). {{(pid=81876) check_auth_methods_against_rules /opt/stack/keystone/keystone/auth/core.py:476}}
Mar 05 02:15:59 ubuntu devstack@keystone.service[81876]: DEBUG keystone.common.fernet_utils [None req-f648d1e4-3808-4ecb-8b50-84c1c5b4249e None None] Loaded 2 Fernet keys from /etc/keystone/fernet-keys/, but `[fernet_tokens] max_active_keys = 3`; perhaps there have not been enough key rotations to reach `max_active_keys` yet? {{(pid=81876) load_keys /opt/stack/keystone/keystone/common/fernet_utils.py:297}}
Mar 05 02:15:59 ubuntu devstack@keystone.service[81876]: [pid: 81876|app: 0|req: 15/28] 10.201.5.82 () {58 vars in 1017 bytes} [Thu Mar  5 02:15:58 2026] POST /identity/v3/auth/tokens => generated 862 bytes in 83 msecs (HTTP/1.1 201) 6 headers in 363 bytes (1 switches on core 0)
Mar 05 02:15:59 ubuntu devstack@keystone.service[81877]: DEBUG keystone.server.flask.request_processing.middleware.auth_context [None req-1c811af9-97d8-450b-8dbc-d0804dc0aef5 None None] Authenticating user token {{(pid=81877) process_request /opt/stack/data/venv/lib/python3.10/site-packages/keystonemiddleware/auth_token/__init__.py:407}}
Mar 05 02:15:59 ubuntu devstack@keystone.service[81876]: DEBUG keystone.server.flask.request_processing.middleware.auth_context [None req-f648d1e4-3808-4ecb-8b50-84c1c5b4249e None None] Authenticating user token {{(pid=81876) process_request /opt/stack/data/venv/lib/python3.10/site-packages/keystonemiddleware/auth_token/__init__.py:407}}
Mar 05 02:15:59 ubuntu devstack@keystone.service[81877]: DEBUG keystone.server.flask.request_processing.middleware.auth_context [None req-1c811af9-97d8-450b-8dbc-d0804dc0aef5 None None] Validating token access rules against request {{(pid=81877) validate_allowed_request /opt/stack/data/venv/lib/python3.10/site-packages/keystonemiddleware/auth_token/__init__.py:545}}
Mar 05 02:15:59 ubuntu devstack@keystone.service[81877]: DEBUG keystone.server.flask.request_processing.middleware.auth_context [None req-6416a9eb-3cdb-445e-938c-5ae7413da5fc None admin] RBAC: auth_context: {'token': <TokenModel (audit_id=3kKhrxnoTUOLPA17oUVIkQ, audit_chain_id=['3kKhrxnoTUOLPA17oUVIkQ']) at 0x7fa749c0ace0>, 'domain_id': None, 'trust_id': None, 'trustor_id': None, 'trustee_id': None, 'domain_name': None, 'group_ids': [], 'user_id': '98461b1aa1e246d0b6027d3949be7b2a', 'user_domain_id': 'default', 'system_scope': 'all', 'project_id': None, 'project_domain_id': None, 'roles': ['admin', 'manager', 'member', 'reader'], 'is_admin_project': True, 'service_user_id': None, 'service_user_domain_id': None, 'service_project_id': None, 'service_project_domain_id': None, 'service_roles': []} {{(pid=81877) fill_context /opt/stack/keystone/keystone/server/flask/request_processing/middleware/auth_context.py:509}}
Mar 05 02:15:59 ubuntu devstack@keystone.service[81877]: DEBUG keystone.server.flask.request_processing.req_logging [None req-6416a9eb-3cdb-445e-938c-5ae7413da5fc None admin] REQUEST_METHOD: `GET` {{(pid=81877) log_request_info /opt/stack/keystone/keystone/server/flask/request_processing/req_logging.py:26}}
Mar 05 02:15:59 ubuntu devstack@keystone.service[81877]: DEBUG keystone.server.flask.request_processing.req_logging [None req-6416a9eb-3cdb-445e-938c-5ae7413da5fc None admin] SCRIPT_NAME: `/identity` {{(pid=81877) log_request_info /opt/stack/keystone/keystone/server/flask/request_processing/req_logging.py:27}}
Mar 05 02:15:59 ubuntu devstack@keystone.service[81877]: DEBUG keystone.server.flask.request_processing.req_logging [None req-6416a9eb-3cdb-445e-938c-5ae7413da5fc None admin] PATH_INFO: `/v3/roles/admin` {{(pid=81877) log_request_info /opt/stack/keystone/keystone/server/flask/request_processing/req_logging.py:28}}
Mar 05 02:15:59 ubuntu devstack@keystone.service[81877]: DEBUG keystone.common.rbac_enforcer.enforcer [None req-6416a9eb-3cdb-445e-938c-5ae7413da5fc None admin] Extracting inferred target data resulted in "NOT FOUND (404)". {{(pid=81877) enforce_call /opt/stack/keystone/keystone/common/rbac_enforcer/enforcer.py:445}}
Mar 05 02:15:59 ubuntu devstack@keystone.service[81877]: DEBUG keystone.server.flask.application [None req-6416a9eb-3cdb-445e-938c-5ae7413da5fc None admin] Could not find role: admin. {{(pid=81877) _handle_keystone_exception /opt/stack/keystone/keystone/server/flask/application.py:146}}
Mar 05 02:15:59 ubuntu devstack@keystone.service[81877]: [pid: 81877|app: 0|req: 14/29] 10.201.5.82 () {56 vars in 1133 bytes} [Thu Mar  5 02:15:59 2026] GET /identity/v3/roles/admin => generated 83 bytes in 66 msecs (HTTP/1.1 404) 5 headers in 183 bytes (1 switches on core 0)
Mar 05 02:15:59 ubuntu devstack@keystone.service[81877]: DEBUG keystone.server.flask.request_processing.middleware.auth_context [None req-6416a9eb-3cdb-445e-938c-5ae7413da5fc None admin] Authenticating user token {{(pid=81877) process_request /opt/stack/data/venv/lib/python3.10/site-packages/keystonemiddleware/auth_token/__init__.py:407}}
Mar 05 02:15:59 ubuntu devstack@keystone.service[81876]: DEBUG keystone.server.flask.request_processing.middleware.auth_context [None req-f648d1e4-3808-4ecb-8b50-84c1c5b4249e None None] Validating token access rules against request {{(pid=81876) validate_allowed_request /opt/stack/data/venv/lib/python3.10/site-packages/keystonemiddleware/auth_token/__init__.py:545}}
Mar 05 02:15:59 ubuntu devstack@keystone.service[81877]: DEBUG keystone.server.flask.request_processing.middleware.auth_context [None req-6416a9eb-3cdb-445e-938c-5ae7413da5fc None admin] Validating token access rules against request {{(pid=81877) validate_allowed_request /opt/stack/data/venv/lib/python3.10/site-packages/keystonemiddleware/auth_token/__init__.py:545}}
Mar 05 02:15:59 ubuntu devstack@keystone.service[81876]: DEBUG keystone.server.flask.request_processing.middleware.auth_context [None req-c264f87e-190d-43a7-8798-bb4e3a3794f9 None admin] RBAC: auth_context: {'token': <TokenModel (audit_id=D5TOVZcSRpK0GTzsmy0_Xw, audit_chain_id=['D5TOVZcSRpK0GTzsmy0_Xw']) at 0x7fa749bbd7b0>, 'domain_id': None, 'trust_id': None, 'trustor_id': None, 'trustee_id': None, 'domain_name': None, 'group_ids': [], 'user_id': '98461b1aa1e246d0b6027d3949be7b2a', 'user_domain_id': 'default', 'system_scope': 'all', 'project_id': None, 'project_domain_id': None, 'roles': ['admin', 'manager', 'member', 'reader'], 'is_admin_project': True, 'service_user_id': None, 'service_user_domain_id': None, 'service_project_id': None, 'service_project_domain_id': None, 'service_roles': []} {{(pid=81876) fill_context /opt/stack/keystone/keystone/server/flask/request_processing/middleware/auth_context.py:509}}
Mar 05 02:15:59 ubuntu devstack@keystone.service[81876]: DEBUG keystone.server.flask.request_processing.req_logging [None req-c264f87e-190d-43a7-8798-bb4e3a3794f9 None admin] REQUEST_METHOD: `GET` {{(pid=81876) log_request_info /opt/stack/keystone/keystone/server/flask/request_processing/req_logging.py:26}}
Mar 05 02:15:59 ubuntu devstack@keystone.service[81876]: DEBUG keystone.server.flask.request_processing.req_logging [None req-c264f87e-190d-43a7-8798-bb4e3a3794f9 None admin] SCRIPT_NAME: `/identity` {{(pid=81876) log_request_info /opt/stack/keystone/keystone/server/flask/request_processing/req_logging.py:27}}
Mar 05 02:15:59 ubuntu devstack@keystone.service[81876]: DEBUG keystone.server.flask.request_processing.req_logging [None req-c264f87e-190d-43a7-8798-bb4e3a3794f9 None admin] PATH_INFO: `/v3/domains/Default` {{(pid=81876) log_request_info /opt/stack/keystone/keystone/server/flask/request_processing/req_logging.py:28}}
Mar 05 02:15:59 ubuntu devstack@keystone.service[81876]: DEBUG keystone.common.rbac_enforcer.enforcer [None req-c264f87e-190d-43a7-8798-bb4e3a3794f9 None admin] RBAC: Authorizing `identity:get_domain(domain_id=Default)` {{(pid=81876) enforce_call /opt/stack/keystone/keystone/common/rbac_enforcer/enforcer.py:494}}
Mar 05 02:15:59 ubuntu devstack@keystone.service[81876]: DEBUG keystone.common.rbac_enforcer.enforcer [None req-c264f87e-190d-43a7-8798-bb4e3a3794f9 None admin] RBAC: Authorization granted {{(pid=81876) enforce_call /opt/stack/keystone/keystone/common/rbac_enforcer/enforcer.py:505}}
Mar 05 02:15:59 ubuntu devstack@keystone.service[81877]: DEBUG keystone.server.flask.request_processing.middleware.auth_context [None req-b02b4ffe-9d3d-4219-8b91-3bfd9d605ac1 None admin] RBAC: auth_context: {'token': <TokenModel (audit_id=3kKhrxnoTUOLPA17oUVIkQ, audit_chain_id=['3kKhrxnoTUOLPA17oUVIkQ']) at 0x7fa74988ad70>, 'domain_id': None, 'trust_id': None, 'trustor_id': None, 'trustee_id': None, 'domain_name': None, 'group_ids': [], 'user_id': '98461b1aa1e246d0b6027d3949be7b2a', 'user_domain_id': 'default', 'system_scope': 'all', 'project_id': None, 'project_domain_id': None, 'roles': ['admin', 'manager', 'member', 'reader'], 'is_admin_project': True, 'service_user_id': None, 'service_user_domain_id': None, 'service_project_id': None, 'service_project_domain_id': None, 'service_roles': []} {{(pid=81877) fill_context /opt/stack/keystone/keystone/server/flask/request_processing/middleware/auth_context.py:509}}
Mar 05 02:15:59 ubuntu devstack@keystone.service[81877]: DEBUG keystone.server.flask.request_processing.req_logging [None req-b02b4ffe-9d3d-4219-8b91-3bfd9d605ac1 None admin] REQUEST_METHOD: `GET` {{(pid=81877) log_request_info /opt/stack/keystone/keystone/server/flask/request_processing/req_logging.py:26}}
Mar 05 02:15:59 ubuntu devstack@keystone.service[81877]: DEBUG keystone.server.flask.request_processing.req_logging [None req-b02b4ffe-9d3d-4219-8b91-3bfd9d605ac1 None admin] SCRIPT_NAME: `/identity` {{(pid=81877) log_request_info /opt/stack/keystone/keystone/server/flask/request_processing/req_logging.py:27}}
Mar 05 02:15:59 ubuntu devstack@keystone.service[81877]: DEBUG keystone.server.flask.request_processing.req_logging [None req-b02b4ffe-9d3d-4219-8b91-3bfd9d605ac1 None admin] PATH_INFO: `/v3/roles` {{(pid=81877) log_request_info /opt/stack/keystone/keystone/server/flask/request_processing/req_logging.py:28}}
Mar 05 02:15:59 ubuntu devstack@keystone.service[81877]: DEBUG keystone.common.rbac_enforcer.enforcer [None req-b02b4ffe-9d3d-4219-8b91-3bfd9d605ac1 None admin] RBAC: Adding query filter params (name=admin) {{(pid=81877) _extract_filter_values /opt/stack/keystone/keystone/common/rbac_enforcer/enforcer.py:176}}
Mar 05 02:15:59 ubuntu devstack@keystone.service[81877]: DEBUG keystone.common.rbac_enforcer.enforcer [None req-b02b4ffe-9d3d-4219-8b91-3bfd9d605ac1 None admin] RBAC: Authorizing `identity:list_roles()` {{(pid=81877) enforce_call /opt/stack/keystone/keystone/common/rbac_enforcer/enforcer.py:494}}
Mar 05 02:15:59 ubuntu devstack@keystone.service[81877]: DEBUG keystone.common.rbac_enforcer.enforcer [None req-b02b4ffe-9d3d-4219-8b91-3bfd9d605ac1 None admin] RBAC: Authorization granted {{(pid=81877) enforce_call /opt/stack/keystone/keystone/common/rbac_enforcer/enforcer.py:505}}
Mar 05 02:15:59 ubuntu devstack@keystone.service[81876]: DEBUG keystone.server.flask.application [None req-c264f87e-190d-43a7-8798-bb4e3a3794f9 None admin] Could not find domain: Default. {{(pid=81876) _handle_keystone_exception /opt/stack/keystone/keystone/server/flask/application.py:146}}
Mar 05 02:15:59 ubuntu devstack@keystone.service[81876]: [pid: 81876|app: 0|req: 16/30] 10.201.5.82 () {56 vars in 1145 bytes} [Thu Mar  5 02:15:59 2026] GET /identity/v3/domains/Default => generated 87 bytes in 89 msecs (HTTP/1.1 404) 5 headers in 183 bytes (1 switches on core 0)
Mar 05 02:15:59 ubuntu devstack@keystone.service[81877]: [pid: 81877|app: 0|req: 15/31] 10.201.5.82 () {56 vars in 1149 bytes} [Thu Mar  5 02:15:59 2026] GET /identity/v3/roles?name=admin => generated 339 bytes in 60 msecs (HTTP/1.1 200) 5 headers in 177 bytes (1 switches on core 0)
Mar 05 02:15:59 ubuntu devstack@keystone.service[81876]: DEBUG keystone.server.flask.request_processing.middleware.auth_context [None req-c264f87e-190d-43a7-8798-bb4e3a3794f9 None admin] Authenticating user token {{(pid=81876) process_request /opt/stack/data/venv/lib/python3.10/site-packages/keystonemiddleware/auth_token/__init__.py:407}}
Mar 05 02:15:59 ubuntu devstack@keystone.service[81877]: DEBUG keystone.server.flask.request_processing.middleware.auth_context [None req-b02b4ffe-9d3d-4219-8b91-3bfd9d605ac1 None admin] Authenticating user token {{(pid=81877) process_request /opt/stack/data/venv/lib/python3.10/site-packages/keystonemiddleware/auth_token/__init__.py:407}}
Mar 05 02:15:59 ubuntu devstack@keystone.service[81876]: DEBUG keystone.server.flask.request_processing.middleware.auth_context [None req-c264f87e-190d-43a7-8798-bb4e3a3794f9 None admin] Validating token access rules against request {{(pid=81876) validate_allowed_request /opt/stack/data/venv/lib/python3.10/site-packages/keystonemiddleware/auth_token/__init__.py:545}}
Mar 05 02:15:59 ubuntu devstack@keystone.service[81877]: DEBUG keystone.server.flask.request_processing.middleware.auth_context [None req-b02b4ffe-9d3d-4219-8b91-3bfd9d605ac1 None admin] Validating token access rules against request {{(pid=81877) validate_allowed_request /opt/stack/data/venv/lib/python3.10/site-packages/keystonemiddleware/auth_token/__init__.py:545}}
Mar 05 02:15:59 ubuntu devstack@keystone.service[81877]: DEBUG keystone.server.flask.request_processing.middleware.auth_context [None req-fbbc1337-d1a8-4e96-800b-28bcbbff89e2 None admin] RBAC: auth_context: {'token': <TokenModel (audit_id=D5TOVZcSRpK0GTzsmy0_Xw, audit_chain_id=['D5TOVZcSRpK0GTzsmy0_Xw']) at 0x7fa749888850>, 'domain_id': None, 'trust_id': None, 'trustor_id': None, 'trustee_id': None, 'domain_name': None, 'group_ids': [], 'user_id': '98461b1aa1e246d0b6027d3949be7b2a', 'user_domain_id': 'default', 'system_scope': 'all', 'project_id': None, 'project_domain_id': None, 'roles': ['admin', 'manager', 'member', 'reader'], 'is_admin_project': True, 'service_user_id': None, 'service_user_domain_id': None, 'service_project_id': None, 'service_project_domain_id': None, 'service_roles': []} {{(pid=81877) fill_context /opt/stack/keystone/keystone/server/flask/request_processing/middleware/auth_context.py:509}}
Mar 05 02:15:59 ubuntu devstack@keystone.service[81876]: DEBUG keystone.server.flask.request_processing.middleware.auth_context [None req-c7ce033f-4ad4-440f-b42f-8d89970b11c8 None admin] RBAC: auth_context: {'token': <TokenModel (audit_id=3kKhrxnoTUOLPA17oUVIkQ, audit_chain_id=['3kKhrxnoTUOLPA17oUVIkQ']) at 0x7fa749717730>, 'domain_id': None, 'trust_id': None, 'trustor_id': None, 'trustee_id': None, 'domain_name': None, 'group_ids': [], 'user_id': '98461b1aa1e246d0b6027d3949be7b2a', 'user_domain_id': 'default', 'system_scope': 'all', 'project_id': None, 'project_domain_id': None, 'roles': ['admin', 'manager', 'member', 'reader'], 'is_admin_project': True, 'service_user_id': None, 'service_user_domain_id': None, 'service_project_id': None, 'service_project_domain_id': None, 'service_roles': []} {{(pid=81876) fill_context /opt/stack/keystone/keystone/server/flask/request_processing/middleware/auth_context.py:509}}
Mar 05 02:15:59 ubuntu devstack@keystone.service[81877]: DEBUG keystone.server.flask.request_processing.req_logging [None req-fbbc1337-d1a8-4e96-800b-28bcbbff89e2 None admin] REQUEST_METHOD: `GET` {{(pid=81877) log_request_info /opt/stack/keystone/keystone/server/flask/request_processing/req_logging.py:26}}
Mar 05 02:15:59 ubuntu devstack@keystone.service[81876]: DEBUG keystone.server.flask.request_processing.req_logging [None req-c7ce033f-4ad4-440f-b42f-8d89970b11c8 None admin] REQUEST_METHOD: `GET` {{(pid=81876) log_request_info /opt/stack/keystone/keystone/server/flask/request_processing/req_logging.py:26}}
Mar 05 02:15:59 ubuntu devstack@keystone.service[81877]: DEBUG keystone.server.flask.request_processing.req_logging [None req-fbbc1337-d1a8-4e96-800b-28bcbbff89e2 None admin] SCRIPT_NAME: `/identity` {{(pid=81877) log_request_info /opt/stack/keystone/keystone/server/flask/request_processing/req_logging.py:27}}
Mar 05 02:15:59 ubuntu devstack@keystone.service[81876]: DEBUG keystone.server.flask.request_processing.req_logging [None req-c7ce033f-4ad4-440f-b42f-8d89970b11c8 None admin] SCRIPT_NAME: `/identity` {{(pid=81876) log_request_info /opt/stack/keystone/keystone/server/flask/request_processing/req_logging.py:27}}
Mar 05 02:15:59 ubuntu devstack@keystone.service[81877]: DEBUG keystone.server.flask.request_processing.req_logging [None req-fbbc1337-d1a8-4e96-800b-28bcbbff89e2 None admin] PATH_INFO: `/v3/domains` {{(pid=81877) log_request_info /opt/stack/keystone/keystone/server/flask/request_processing/req_logging.py:28}}
Mar 05 02:15:59 ubuntu devstack@keystone.service[81876]: DEBUG keystone.server.flask.request_processing.req_logging [None req-c7ce033f-4ad4-440f-b42f-8d89970b11c8 None admin] PATH_INFO: `/v3/users/98461b1aa1e246d0b6027d3949be7b2a` {{(pid=81876) log_request_info /opt/stack/keystone/keystone/server/flask/request_processing/req_logging.py:28}}
Mar 05 02:15:59 ubuntu devstack@keystone.service[81876]: DEBUG keystone.common.rbac_enforcer.enforcer [None req-c7ce033f-4ad4-440f-b42f-8d89970b11c8 None admin] RBAC: Authorizing `identity:get_user(user_id=98461b1aa1e246d0b6027d3949be7b2a)` {{(pid=81876) enforce_call /opt/stack/keystone/keystone/common/rbac_enforcer/enforcer.py:494}}
Mar 05 02:15:59 ubuntu devstack@keystone.service[81877]: DEBUG keystone.common.rbac_enforcer.enforcer [None req-fbbc1337-d1a8-4e96-800b-28bcbbff89e2 None admin] RBAC: Adding query filter params (name=Default) {{(pid=81877) _extract_filter_values /opt/stack/keystone/keystone/common/rbac_enforcer/enforcer.py:176}}
Mar 05 02:15:59 ubuntu devstack@keystone.service[81877]: DEBUG keystone.common.rbac_enforcer.enforcer [None req-fbbc1337-d1a8-4e96-800b-28bcbbff89e2 None admin] RBAC: Authorizing `identity:list_domains()` {{(pid=81877) enforce_call /opt/stack/keystone/keystone/common/rbac_enforcer/enforcer.py:494}}
Mar 05 02:15:59 ubuntu devstack@keystone.service[81876]: DEBUG keystone.common.rbac_enforcer.enforcer [None req-c7ce033f-4ad4-440f-b42f-8d89970b11c8 None admin] RBAC: Authorization granted {{(pid=81876) enforce_call /opt/stack/keystone/keystone/common/rbac_enforcer/enforcer.py:505}}
Mar 05 02:15:59 ubuntu devstack@keystone.service[81877]: DEBUG keystone.common.rbac_enforcer.enforcer [None req-fbbc1337-d1a8-4e96-800b-28bcbbff89e2 None admin] RBAC: Authorization granted {{(pid=81877) enforce_call /opt/stack/keystone/keystone/common/rbac_enforcer/enforcer.py:505}}
Mar 05 02:15:59 ubuntu devstack@keystone.service[81876]: [pid: 81876|app: 0|req: 17/32] 10.201.5.82 () {56 vars in 1214 bytes} [Thu Mar  5 02:15:59 2026] GET /identity/v3/users/98461b1aa1e246d0b6027d3949be7b2a => generated 247 bytes in 56 msecs (HTTP/1.1 200) 5 headers in 177 bytes (1 switches on core 0)
Mar 05 02:15:59 ubuntu devstack@keystone.service[81876]: DEBUG keystone.server.flask.request_processing.middleware.auth_context [None req-c7ce033f-4ad4-440f-b42f-8d89970b11c8 None admin] Authenticating user token {{(pid=81876) process_request /opt/stack/data/venv/lib/python3.10/site-packages/keystonemiddleware/auth_token/__init__.py:407}}
Mar 05 02:15:59 ubuntu devstack@keystone.service[81877]: [pid: 81877|app: 0|req: 16/33] 10.201.5.82 () {56 vars in 1159 bytes} [Thu Mar  5 02:15:59 2026] GET /identity/v3/domains?name=Default => generated 308 bytes in 63 msecs (HTTP/1.1 200) 5 headers in 177 bytes (1 switches on core 0)
Mar 05 02:15:59 ubuntu devstack@keystone.service[81877]: DEBUG keystone.server.flask.request_processing.middleware.auth_context [None req-fbbc1337-d1a8-4e96-800b-28bcbbff89e2 None admin] Authenticating user token {{(pid=81877) process_request /opt/stack/data/venv/lib/python3.10/site-packages/keystonemiddleware/auth_token/__init__.py:407}}
Mar 05 02:15:59 ubuntu devstack@keystone.service[81876]: DEBUG keystone.server.flask.request_processing.middleware.auth_context [None req-c7ce033f-4ad4-440f-b42f-8d89970b11c8 None admin] Validating token access rules against request {{(pid=81876) validate_allowed_request /opt/stack/data/venv/lib/python3.10/site-packages/keystonemiddleware/auth_token/__init__.py:545}}
Mar 05 02:15:59 ubuntu devstack@keystone.service[81877]: DEBUG keystone.server.flask.request_processing.middleware.auth_context [None req-fbbc1337-d1a8-4e96-800b-28bcbbff89e2 None admin] Validating token access rules against request {{(pid=81877) validate_allowed_request /opt/stack/data/venv/lib/python3.10/site-packages/keystonemiddleware/auth_token/__init__.py:545}}
Mar 05 02:15:59 ubuntu devstack@keystone.service[81876]: DEBUG keystone.server.flask.request_processing.middleware.auth_context [None req-460ca53d-c9ac-47ac-8d12-418d89928aea None admin] RBAC: auth_context: {'token': <TokenModel (audit_id=YWiq5zomTn61jU3J2YsxSw, audit_chain_id=['YWiq5zomTn61jU3J2YsxSw']) at 0x7fa749a4d360>, 'domain_id': None, 'trust_id': None, 'trustor_id': None, 'trustee_id': None, 'domain_name': None, 'group_ids': [], 'user_id': '98461b1aa1e246d0b6027d3949be7b2a', 'user_domain_id': 'default', 'system_scope': 'all', 'project_id': None, 'project_domain_id': None, 'roles': ['admin', 'manager', 'member', 'reader'], 'is_admin_project': True, 'service_user_id': None, 'service_user_domain_id': None, 'service_project_id': None, 'service_project_domain_id': None, 'service_roles': []} {{(pid=81876) fill_context /opt/stack/keystone/keystone/server/flask/request_processing/middleware/auth_context.py:509}}
Mar 05 02:15:59 ubuntu devstack@keystone.service[81876]: DEBUG keystone.server.flask.request_processing.req_logging [None req-460ca53d-c9ac-47ac-8d12-418d89928aea None admin] REQUEST_METHOD: `POST` {{(pid=81876) log_request_info /opt/stack/keystone/keystone/server/flask/request_processing/req_logging.py:26}}
Mar 05 02:15:59 ubuntu devstack@keystone.service[81876]: DEBUG keystone.server.flask.request_processing.req_logging [None req-460ca53d-c9ac-47ac-8d12-418d89928aea None admin] SCRIPT_NAME: `/identity` {{(pid=81876) log_request_info /opt/stack/keystone/keystone/server/flask/request_processing/req_logging.py:27}}
Mar 05 02:15:59 ubuntu devstack@keystone.service[81876]: DEBUG keystone.server.flask.request_processing.req_logging [None req-460ca53d-c9ac-47ac-8d12-418d89928aea None admin] PATH_INFO: `/v3/roles` {{(pid=81876) log_request_info /opt/stack/keystone/keystone/server/flask/request_processing/req_logging.py:28}}
Mar 05 02:15:59 ubuntu devstack@keystone.service[81876]: DEBUG keystone.common.rbac_enforcer.enforcer [None req-460ca53d-c9ac-47ac-8d12-418d89928aea None admin] RBAC: Authorizing `identity:create_role()` {{(pid=81876) enforce_call /opt/stack/keystone/keystone/common/rbac_enforcer/enforcer.py:494}}
Mar 05 02:15:59 ubuntu devstack@keystone.service[81876]: DEBUG keystone.common.rbac_enforcer.enforcer [None req-460ca53d-c9ac-47ac-8d12-418d89928aea None admin] RBAC: Authorization granted {{(pid=81876) enforce_call /opt/stack/keystone/keystone/common/rbac_enforcer/enforcer.py:505}}
Mar 05 02:15:59 ubuntu devstack@keystone.service[81876]: DEBUG keystone.common.sql.core [None req-460ca53d-c9ac-47ac-8d12-418d89928aea None admin] Conflict role: (pymysql.err.IntegrityError) (1062, "Duplicate entry 'service-<<null>>' for key 'role.ixu_role_name_domain_id'")
Mar 05 02:15:59 ubuntu devstack@keystone.service[81876]: [SQL: INSERT INTO `role` (id, name, description, extra) VALUES (%(id)s, %(name)s, %(description)s, %(extra)s)]
Mar 05 02:15:59 ubuntu devstack@keystone.service[81876]: [parameters: {'id': '08c0d135ecda4c68a8e7ea489c7ec445', 'name': 'service', 'description': None, 'extra': '{}'}]
Mar 05 02:15:59 ubuntu devstack@keystone.service[81876]: (Background on this error at: https://sqlalche.me/e/20/gkpj) {{(pid=81876) wrapper /opt/stack/keystone/keystone/common/sql/core.py:580}}
Mar 05 02:15:59 ubuntu devstack@keystone.service[81877]: DEBUG keystone.server.flask.request_processing.middleware.auth_context [None req-7c2ac58c-cbea-427f-8105-8dd86c8b98b0 None admin] RBAC: auth_context: {'token': <TokenModel (audit_id=D5TOVZcSRpK0GTzsmy0_Xw, audit_chain_id=['D5TOVZcSRpK0GTzsmy0_Xw']) at 0x7fa7499387f0>, 'domain_id': None, 'trust_id': None, 'trustor_id': None, 'trustee_id': None, 'domain_name': None, 'group_ids': [], 'user_id': '98461b1aa1e246d0b6027d3949be7b2a', 'user_domain_id': 'default', 'system_scope': 'all', 'project_id': None, 'project_domain_id': None, 'roles': ['admin', 'manager', 'member', 'reader'], 'is_admin_project': True, 'service_user_id': None, 'service_user_domain_id': None, 'service_project_id': None, 'service_project_domain_id': None, 'service_roles': []} {{(pid=81877) fill_context /opt/stack/keystone/keystone/server/flask/request_processing/middleware/auth_context.py:509}}
Mar 05 02:15:59 ubuntu devstack@keystone.service[81876]: ERROR keystone.server.flask.application [None req-460ca53d-c9ac-47ac-8d12-418d89928aea None admin] Conflict occurred attempting to store role - Duplicate entry found with name service.: keystone.exception.Conflict: Conflict occurred attempting to store role - Duplicate entry found with name service.
Mar 05 02:15:59 ubuntu devstack@keystone.service[81876]: ERROR keystone.server.flask.application Traceback (most recent call last):
Mar 05 02:15:59 ubuntu devstack@keystone.service[81876]: ERROR keystone.server.flask.application   File "/opt/stack/data/venv/lib/python3.10/site-packages/sqlalchemy/engine/base.py", line 1967, in _exec_single_context
Mar 05 02:15:59 ubuntu devstack@keystone.service[81876]: ERROR keystone.server.flask.application     self.dialect.do_execute(
Mar 05 02:15:59 ubuntu devstack@keystone.service[81876]: ERROR keystone.server.flask.application   File "/opt/stack/data/venv/lib/python3.10/site-packages/sqlalchemy/engine/default.py", line 952, in do_execute
Mar 05 02:15:59 ubuntu devstack@keystone.service[81876]: ERROR keystone.server.flask.application     cursor.execute(statement, parameters)
Mar 05 02:15:59 ubuntu devstack@keystone.service[81876]: ERROR keystone.server.flask.application   File "/opt/stack/data/venv/lib/python3.10/site-packages/pymysql/cursors.py", line 153, in execute
Mar 05 02:15:59 ubuntu devstack@keystone.service[81876]: ERROR keystone.server.flask.application     result = self._query(query)
Mar 05 02:15:59 ubuntu devstack@keystone.service[81876]: ERROR keystone.server.flask.application   File "/opt/stack/data/venv/lib/python3.10/site-packages/pymysql/cursors.py", line 322, in _query
Mar 05 02:15:59 ubuntu devstack@keystone.service[81876]: ERROR keystone.server.flask.application     conn.query(q)
Mar 05 02:15:59 ubuntu devstack@keystone.service[81876]: ERROR keystone.server.flask.application   File "/opt/stack/data/venv/lib/python3.10/site-packages/pymysql/connections.py", line 575, in query
Mar 05 02:15:59 ubuntu devstack@keystone.service[81876]: ERROR keystone.server.flask.application     self._affected_rows = self._read_query_result(unbuffered=unbuffered)
Mar 05 02:15:59 ubuntu devstack@keystone.service[81876]: ERROR keystone.server.flask.application   File "/opt/stack/data/venv/lib/python3.10/site-packages/pymysql/connections.py", line 826, in _read_query_result
Mar 05 02:15:59 ubuntu devstack@keystone.service[81876]: ERROR keystone.server.flask.application     result.read()
Mar 05 02:15:59 ubuntu devstack@keystone.service[81876]: ERROR keystone.server.flask.application   File "/opt/stack/data/venv/lib/python3.10/site-packages/pymysql/connections.py", line 1203, in read
Mar 05 02:15:59 ubuntu devstack@keystone.service[81876]: ERROR keystone.server.flask.application     first_packet = self.connection._read_packet()
Mar 05 02:15:59 ubuntu devstack@keystone.service[81876]: ERROR keystone.server.flask.application   File "/opt/stack/data/venv/lib/python3.10/site-packages/pymysql/connections.py", line 782, in _read_packet
Mar 05 02:15:59 ubuntu devstack@keystone.service[81876]: ERROR keystone.server.flask.application     packet.raise_for_error()
Mar 05 02:15:59 ubuntu devstack@keystone.service[81876]: ERROR keystone.server.flask.application   File "/opt/stack/data/venv/lib/python3.10/site-packages/pymysql/protocol.py", line 219, in raise_for_error
Mar 05 02:15:59 ubuntu devstack@keystone.service[81876]: ERROR keystone.server.flask.application     err.raise_mysql_exception(self._data)
Mar 05 02:15:59 ubuntu devstack@keystone.service[81876]: ERROR keystone.server.flask.application   File "/opt/stack/data/venv/lib/python3.10/site-packages/pymysql/err.py", line 150, in raise_mysql_exception
Mar 05 02:15:59 ubuntu devstack@keystone.service[81876]: ERROR keystone.server.flask.application     raise errorclass(errno, errval)
Mar 05 02:15:59 ubuntu devstack@keystone.service[81876]: ERROR keystone.server.flask.application pymysql.err.IntegrityError: (1062, "Duplicate entry 'service-<<null>>' for key 'role.ixu_role_name_domain_id'")
Mar 05 02:15:59 ubuntu devstack@keystone.service[81876]: ERROR keystone.server.flask.application 
Mar 05 02:15:59 ubuntu devstack@keystone.service[81876]: ERROR keystone.server.flask.application The above exception was the direct cause of the following exception:
Mar 05 02:15:59 ubuntu devstack@keystone.service[81876]: ERROR keystone.server.flask.application 
Mar 05 02:15:59 ubuntu devstack@keystone.service[81876]: ERROR keystone.server.flask.application Traceback (most recent call last):
Mar 05 02:15:59 ubuntu devstack@keystone.service[81876]: ERROR keystone.server.flask.application   File "/opt/stack/keystone/keystone/common/sql/core.py", line 575, in wrapper
Mar 05 02:15:59 ubuntu devstack@keystone.service[81876]: ERROR keystone.server.flask.application     return method(*args, **kwargs)
Mar 05 02:15:59 ubuntu devstack@keystone.service[81876]: ERROR keystone.server.flask.application   File "/opt/stack/keystone/keystone/assignment/role_backends/sql.py", line 25, in create_role
Mar 05 02:15:59 ubuntu devstack@keystone.service[81876]: ERROR keystone.server.flask.application     with sql.session_for_write() as session:
Mar 05 02:15:59 ubuntu devstack@keystone.service[81876]: ERROR keystone.server.flask.application   File "/usr/lib/python3.10/contextlib.py", line 142, in __exit__
Mar 05 02:15:59 ubuntu devstack@keystone.service[81876]: ERROR keystone.server.flask.application     next(self.gen)
Mar 05 02:15:59 ubuntu devstack@keystone.service[81876]: ERROR keystone.server.flask.application   File "/opt/stack/data/venv/lib/python3.10/site-packages/oslo_db/sqlalchemy/enginefacade.py", line 1175, in _transaction_scope
Mar 05 02:15:59 ubuntu devstack@keystone.service[81876]: ERROR keystone.server.flask.application     with current._produce_block(
Mar 05 02:15:59 ubuntu devstack@keystone.service[81876]: ERROR keystone.server.flask.application   File "/usr/lib/python3.10/contextlib.py", line 142, in __exit__
Mar 05 02:15:59 ubuntu devstack@keystone.service[81876]: ERROR keystone.server.flask.application     next(self.gen)
Mar 05 02:15:59 ubuntu devstack@keystone.service[81876]: ERROR keystone.server.flask.application   File "/opt/stack/data/venv/lib/python3.10/site-packages/oslo_db/sqlalchemy/enginefacade.py", line 837, in _session
Mar 05 02:15:59 ubuntu devstack@keystone.service[81876]: ERROR keystone.server.flask.application     with excutils.save_and_reraise_exception():
Mar 05 02:15:59 ubuntu devstack@keystone.service[81876]: ERROR keystone.server.flask.application   File "/opt/stack/data/venv/lib/python3.10/site-packages/oslo_utils/excutils.py", line 267, in __exit__
Mar 05 02:15:59 ubuntu devstack@keystone.service[81876]: ERROR keystone.server.flask.application     self.force_reraise()
Mar 05 02:15:59 ubuntu devstack@keystone.service[81876]: ERROR keystone.server.flask.application   File "/opt/stack/data/venv/lib/python3.10/site-packages/oslo_utils/excutils.py", line 233, in force_reraise
Mar 05 02:15:59 ubuntu devstack@keystone.service[81876]: ERROR keystone.server.flask.application     raise self.value
Mar 05 02:15:59 ubuntu devstack@keystone.service[81876]: ERROR keystone.server.flask.application   File "/opt/stack/data/venv/lib/python3.10/site-packages/oslo_db/sqlalchemy/enginefacade.py", line 835, in _session
Mar 05 02:15:59 ubuntu devstack@keystone.service[81876]: ERROR keystone.server.flask.application     self._end_session_transaction(self.session)
Mar 05 02:15:59 ubuntu devstack@keystone.service[81876]: ERROR keystone.server.flask.application   File "/opt/stack/data/venv/lib/python3.10/site-packages/oslo_db/sqlalchemy/enginefacade.py", line 748, in _end_session_transaction
Mar 05 02:15:59 ubuntu devstack@keystone.service[81876]: ERROR keystone.server.flask.application     session.commit()
Mar 05 02:15:59 ubuntu devstack@keystone.service[81876]: ERROR keystone.server.flask.application   File "/opt/stack/data/venv/lib/python3.10/site-packages/sqlalchemy/orm/session.py", line 2030, in commit
Mar 05 02:15:59 ubuntu devstack@keystone.service[81876]: ERROR keystone.server.flask.application     trans.commit(_to_root=True)
Mar 05 02:15:59 ubuntu devstack@keystone.service[81876]: ERROR keystone.server.flask.application   File "<string>", line 2, in commit
Mar 05 02:15:59 ubuntu devstack@keystone.service[81876]: ERROR keystone.server.flask.application   File "/opt/stack/data/venv/lib/python3.10/site-packages/sqlalchemy/orm/state_changes.py", line 137, in _go
Mar 05 02:15:59 ubuntu devstack@keystone.service[81876]: ERROR keystone.server.flask.application     ret_value = fn(self, *arg, **kw)
Mar 05 02:15:59 ubuntu devstack@keystone.service[81876]: ERROR keystone.server.flask.application   File "/opt/stack/data/venv/lib/python3.10/site-packages/sqlalchemy/orm/session.py", line 1311, in commit
Mar 05 02:15:59 ubuntu devstack@keystone.service[81876]: ERROR keystone.server.flask.application     self._prepare_impl()
Mar 05 02:15:59 ubuntu devstack@keystone.service[81876]: ERROR keystone.server.flask.application   File "<string>", line 2, in _prepare_impl
Mar 05 02:15:59 ubuntu devstack@keystone.service[81876]: ERROR keystone.server.flask.application   File "/opt/stack/data/venv/lib/python3.10/site-packages/sqlalchemy/orm/state_changes.py", line 137, in _go
Mar 05 02:15:59 ubuntu devstack@keystone.service[81876]: ERROR keystone.server.flask.application     ret_value = fn(self, *arg, **kw)
Mar 05 02:15:59 ubuntu devstack@keystone.service[81876]: ERROR keystone.server.flask.application   File "/opt/stack/data/venv/lib/python3.10/site-packages/sqlalchemy/orm/session.py", line 1286, in _prepare_impl
Mar 05 02:15:59 ubuntu devstack@keystone.service[81876]: ERROR keystone.server.flask.application     self.session.flush()
Mar 05 02:15:59 ubuntu devstack@keystone.service[81876]: ERROR keystone.server.flask.application   File "/opt/stack/data/venv/lib/python3.10/site-packages/sqlalchemy/orm/session.py", line 4331, in flush
Mar 05 02:15:59 ubuntu devstack@keystone.service[81876]: ERROR keystone.server.flask.application     self._flush(objects)
Mar 05 02:15:59 ubuntu devstack@keystone.service[81876]: ERROR keystone.server.flask.application   File "/opt/stack/data/venv/lib/python3.10/site-packages/sqlalchemy/orm/session.py", line 4466, in _flush
Mar 05 02:15:59 ubuntu devstack@keystone.service[81876]: ERROR keystone.server.flask.application     with util.safe_reraise():
Mar 05 02:15:59 ubuntu devstack@keystone.service[81876]: ERROR keystone.server.flask.application   File "/opt/stack/data/venv/lib/python3.10/site-packages/sqlalchemy/util/langhelpers.py", line 224, in __exit__
Mar 05 02:15:59 ubuntu devstack@keystone.service[81876]: ERROR keystone.server.flask.application     raise exc_value.with_traceback(exc_tb)
Mar 05 02:15:59 ubuntu devstack@keystone.service[81876]: ERROR keystone.server.flask.application   File "/opt/stack/data/venv/lib/python3.10/site-packages/sqlalchemy/orm/session.py", line 4427, in _flush
Mar 05 02:15:59 ubuntu devstack@keystone.service[81876]: ERROR keystone.server.flask.application     flush_context.execute()
Mar 05 02:15:59 ubuntu devstack@keystone.service[81876]: ERROR keystone.server.flask.application   File "/opt/stack/data/venv/lib/python3.10/site-packages/sqlalchemy/orm/unitofwork.py", line 466, in execute
Mar 05 02:15:59 ubuntu devstack@keystone.service[81876]: ERROR keystone.server.flask.application     rec.execute(self)
Mar 05 02:15:59 ubuntu devstack@keystone.service[81876]: ERROR keystone.server.flask.application   File "/opt/stack/data/venv/lib/python3.10/site-packages/sqlalchemy/orm/unitofwork.py", line 642, in execute
Mar 05 02:15:59 ubuntu devstack@keystone.service[81876]: ERROR keystone.server.flask.application     util.preloaded.orm_persistence.save_obj(
Mar 05 02:15:59 ubuntu devstack@keystone.service[81876]: ERROR keystone.server.flask.application   File "/opt/stack/data/venv/lib/python3.10/site-packages/sqlalchemy/orm/persistence.py", line 93, in save_obj
Mar 05 02:15:59 ubuntu devstack@keystone.service[81876]: ERROR keystone.server.flask.application     _emit_insert_statements(
Mar 05 02:15:59 ubuntu devstack@keystone.service[81876]: ERROR keystone.server.flask.application   File "/opt/stack/data/venv/lib/python3.10/site-packages/sqlalchemy/orm/persistence.py", line 1048, in _emit_insert_statements
Mar 05 02:15:59 ubuntu devstack@keystone.service[81876]: ERROR keystone.server.flask.application     result = connection.execute(
Mar 05 02:15:59 ubuntu devstack@keystone.service[81876]: ERROR keystone.server.flask.application   File "/opt/stack/data/venv/lib/python3.10/site-packages/sqlalchemy/engine/base.py", line 1419, in execute
Mar 05 02:15:59 ubuntu devstack@keystone.service[81876]: ERROR keystone.server.flask.application     return meth(
Mar 05 02:15:59 ubuntu devstack@keystone.service[81876]: ERROR keystone.server.flask.application   File "/opt/stack/data/venv/lib/python3.10/site-packages/sqlalchemy/sql/elements.py", line 527, in _execute_on_connection
Mar 05 02:15:59 ubuntu devstack@keystone.service[81876]: ERROR keystone.server.flask.application     return connection._execute_clauseelement(
Mar 05 02:15:59 ubuntu devstack@keystone.service[81876]: ERROR keystone.server.flask.application   File "/opt/stack/data/venv/lib/python3.10/site-packages/sqlalchemy/engine/base.py", line 1641, in _execute_clauseelement
Mar 05 02:15:59 ubuntu devstack@keystone.service[81876]: ERROR keystone.server.flask.application     ret = self._execute_context(
Mar 05 02:15:59 ubuntu devstack@keystone.service[81876]: ERROR keystone.server.flask.application   File "/opt/stack/data/venv/lib/python3.10/site-packages/sqlalchemy/engine/base.py", line 1846, in _execute_context
Mar 05 02:15:59 ubuntu devstack@keystone.service[81876]: ERROR keystone.server.flask.application     return self._exec_single_context(
Mar 05 02:15:59 ubuntu devstack@keystone.service[81876]: ERROR keystone.server.flask.application   File "/opt/stack/data/venv/lib/python3.10/site-packages/sqlalchemy/engine/base.py", line 1986, in _exec_single_context
Mar 05 02:15:59 ubuntu devstack@keystone.service[81876]: ERROR keystone.server.flask.application     self._handle_dbapi_exception(
Mar 05 02:15:59 ubuntu devstack@keystone.service[81876]: ERROR keystone.server.flask.application   File "/opt/stack/data/venv/lib/python3.10/site-packages/sqlalchemy/engine/base.py", line 2360, in _handle_dbapi_exception
Mar 05 02:15:59 ubuntu devstack@keystone.service[81876]: ERROR keystone.server.flask.application     raise newraise.with_traceback(exc_info[2]) from e
Mar 05 02:15:59 ubuntu devstack@keystone.service[81876]: ERROR keystone.server.flask.application   File "/opt/stack/data/venv/lib/python3.10/site-packages/sqlalchemy/engine/base.py", line 1967, in _exec_single_context
Mar 05 02:15:59 ubuntu devstack@keystone.service[81876]: ERROR keystone.server.flask.application     self.dialect.do_execute(
Mar 05 02:15:59 ubuntu devstack@keystone.service[81876]: ERROR keystone.server.flask.application   File "/opt/stack/data/venv/lib/python3.10/site-packages/sqlalchemy/engine/default.py", line 952, in do_execute
Mar 05 02:15:59 ubuntu devstack@keystone.service[81876]: ERROR keystone.server.flask.application     cursor.execute(statement, parameters)
Mar 05 02:15:59 ubuntu devstack@keystone.service[81876]: ERROR keystone.server.flask.application   File "/opt/stack/data/venv/lib/python3.10/site-packages/pymysql/cursors.py", line 153, in execute
Mar 05 02:15:59 ubuntu devstack@keystone.service[81876]: ERROR keystone.server.flask.application     result = self._query(query)
Mar 05 02:15:59 ubuntu devstack@keystone.service[81876]: ERROR keystone.server.flask.application   File "/opt/stack/data/venv/lib/python3.10/site-packages/pymysql/cursors.py", line 322, in _query
Mar 05 02:15:59 ubuntu devstack@keystone.service[81876]: ERROR keystone.server.flask.application     conn.query(q)
Mar 05 02:15:59 ubuntu devstack@keystone.service[81876]: ERROR keystone.server.flask.application   File "/opt/stack/data/venv/lib/python3.10/site-packages/pymysql/connections.py", line 575, in query
Mar 05 02:15:59 ubuntu devstack@keystone.service[81876]: ERROR keystone.server.flask.application     self._affected_rows = self._read_query_result(unbuffered=unbuffered)
Mar 05 02:15:59 ubuntu devstack@keystone.service[81876]: ERROR keystone.server.flask.application   File "/opt/stack/data/venv/lib/python3.10/site-packages/pymysql/connections.py", line 826, in _read_query_result
Mar 05 02:15:59 ubuntu devstack@keystone.service[81876]: ERROR keystone.server.flask.application     result.read()
Mar 05 02:15:59 ubuntu devstack@keystone.service[81876]: ERROR keystone.server.flask.application   File "/opt/stack/data/venv/lib/python3.10/site-packages/pymysql/connections.py", line 1203, in read
