Feb 04 10:53:06 ubuntu devstack@keystone.service[81837]: ERROR keystone.server.flask.application   File "/opt/stack/data/venv/lib/python3.10/site-packages/pymysql/err.py", line 150, in raise_mysql_exception
Feb 04 10:53:06 ubuntu devstack@keystone.service[81837]: ERROR keystone.server.flask.application     raise errorclass(errno, errval)
Feb 04 10:53:06 ubuntu devstack@keystone.service[81837]: ERROR keystone.server.flask.application oslo_db.exception.DBDuplicateEntry: (pymysql.err.IntegrityError) (1062, "Duplicate entry 'service-<<null>>' for key 'role.ixu_role_name_domain_id'")
Feb 04 10:53:06 ubuntu devstack@keystone.service[81837]: ERROR keystone.server.flask.application [SQL: INSERT INTO `role` (id, name, description, extra) VALUES (%(id)s, %(name)s, %(description)s, %(extra)s)]
Feb 04 10:53:06 ubuntu devstack@keystone.service[81837]: ERROR keystone.server.flask.application [parameters: {'id': 'e68caf87a250407897cc61c49e57859f', 'name': 'service', 'description': None, 'extra': '{}'}]
Feb 04 10:53:06 ubuntu devstack@keystone.service[81837]: ERROR keystone.server.flask.application (Background on this error at: https://sqlalche.me/e/20/gkpj)
Feb 04 10:53:06 ubuntu devstack@keystone.service[81837]: ERROR keystone.server.flask.application 
Feb 04 10:53:06 ubuntu devstack@keystone.service[81837]: ERROR keystone.server.flask.application During handling of the above exception, another exception occurred:
Feb 04 10:53:06 ubuntu devstack@keystone.service[81837]: ERROR keystone.server.flask.application 
Feb 04 10:53:06 ubuntu devstack@keystone.service[81837]: ERROR keystone.server.flask.application Traceback (most recent call last):
Feb 04 10:53:06 ubuntu devstack@keystone.service[81837]: ERROR keystone.server.flask.application   File "/opt/stack/data/venv/lib/python3.10/site-packages/flask/app.py", line 917, in full_dispatch_request
Feb 04 10:53:06 ubuntu devstack@keystone.service[81837]: ERROR keystone.server.flask.application     rv = self.dispatch_request()
Feb 04 10:53:06 ubuntu devstack@keystone.service[81837]: ERROR keystone.server.flask.application   File "/opt/stack/data/venv/lib/python3.10/site-packages/flask/app.py", line 902, in dispatch_request
Feb 04 10:53:06 ubuntu devstack@keystone.service[81837]: ERROR keystone.server.flask.application     return self.ensure_sync(self.view_functions[rule.endpoint])(**view_args)  # type: ignore[no-any-return]
Feb 04 10:53:06 ubuntu devstack@keystone.service[81837]: ERROR keystone.server.flask.application   File "/opt/stack/data/venv/lib/python3.10/site-packages/flask_restful/__init__.py", line 489, in wrapper
Feb 04 10:53:06 ubuntu devstack@keystone.service[81837]: ERROR keystone.server.flask.application     resp = resource(*args, **kwargs)
Feb 04 10:53:06 ubuntu devstack@keystone.service[81837]: ERROR keystone.server.flask.application   File "/opt/stack/data/venv/lib/python3.10/site-packages/flask/views.py", line 110, in view
Feb 04 10:53:06 ubuntu devstack@keystone.service[81837]: ERROR keystone.server.flask.application     return current_app.ensure_sync(self.dispatch_request)(**kwargs)  # type: ignore[no-any-return]
Feb 04 10:53:06 ubuntu devstack@keystone.service[81837]: ERROR keystone.server.flask.application   File "/opt/stack/data/venv/lib/python3.10/site-packages/flask_restful/__init__.py", line 604, in dispatch_request
Feb 04 10:53:06 ubuntu devstack@keystone.service[81837]: ERROR keystone.server.flask.application     resp = meth(*args, **kwargs)
Feb 04 10:53:06 ubuntu devstack@keystone.service[81837]: ERROR keystone.server.flask.application   File "/opt/stack/keystone/keystone/api/validation/__init__.py", line 86, in wrapper
Feb 04 10:53:06 ubuntu devstack@keystone.service[81837]: ERROR keystone.server.flask.application     return func(*args, **kwargs)
Feb 04 10:53:06 ubuntu devstack@keystone.service[81837]: ERROR keystone.server.flask.application   File "/opt/stack/keystone/keystone/api/validation/__init__.py", line 145, in wrapper
Feb 04 10:53:06 ubuntu devstack@keystone.service[81837]: ERROR keystone.server.flask.application     response = func(*args, **kwargs)
Feb 04 10:53:06 ubuntu devstack@keystone.service[81837]: ERROR keystone.server.flask.application   File "/opt/stack/keystone/keystone/api/roles.py", line 91, in post
Feb 04 10:53:06 ubuntu devstack@keystone.service[81837]: ERROR keystone.server.flask.application     ref = PROVIDERS.role_api.create_role(
Feb 04 10:53:06 ubuntu devstack@keystone.service[81837]: ERROR keystone.server.flask.application   File "/opt/stack/keystone/keystone/common/manager.py", line 114, in wrapped
Feb 04 10:53:06 ubuntu devstack@keystone.service[81837]: ERROR keystone.server.flask.application     __ret_val = __f(*args, **kwargs)
Feb 04 10:53:06 ubuntu devstack@keystone.service[81837]: ERROR keystone.server.flask.application   File "/opt/stack/keystone/keystone/assignment/core.py", line 1526, in create_role
Feb 04 10:53:06 ubuntu devstack@keystone.service[81837]: ERROR keystone.server.flask.application     ret = self.driver.create_role(role_id, role)
Feb 04 10:53:06 ubuntu devstack@keystone.service[81837]: ERROR keystone.server.flask.application   File "/opt/stack/keystone/keystone/common/sql/core.py", line 614, in wrapper
Feb 04 10:53:06 ubuntu devstack@keystone.service[81837]: ERROR keystone.server.flask.application     raise exception.Conflict(type=conflict_type, details=msg)
Feb 04 10:53:06 ubuntu devstack@keystone.service[81837]: ERROR keystone.server.flask.application keystone.exception.Conflict: Conflict occurred attempting to store role - Duplicate entry found with name service.
Feb 04 10:53:06 ubuntu devstack@keystone.service[81837]: ERROR keystone.server.flask.application 
Feb 04 10:53:06 ubuntu devstack@keystone.service[81837]: [pid: 81837|app: 0|req: 18/35] 10.201.5.82 () {60 vars in 1167 bytes} [Wed Feb  4 10:53:06 2026] POST /identity/v3/roles => generated 140 bytes in 207 msecs (HTTP/1.1 409) 5 headers in 183 bytes (1 switches on core 0)
Feb 04 10:53:06 ubuntu devstack@keystone.service[81837]: DEBUG keystone.server.flask.request_processing.middleware.auth_context [None req-33dbde04-7ec7-4276-a683-4ece994adc70 None admin] Authenticating user token {{(pid=81837) process_request /opt/stack/data/venv/lib/python3.10/site-packages/keystonemiddleware/auth_token/__init__.py:407}}
Feb 04 10:53:06 ubuntu devstack@keystone.service[81838]: DEBUG keystone.server.flask.request_processing.middleware.auth_context [None req-0ac928a8-9cdc-4754-aa2b-b38f5410f91b None None] Validating token access rules against request {{(pid=81838) validate_allowed_request /opt/stack/data/venv/lib/python3.10/site-packages/keystonemiddleware/auth_token/__init__.py:545}}
Feb 04 10:53:06 ubuntu devstack@keystone.service[81838]: DEBUG keystone.server.flask.request_processing.middleware.auth_context [None req-b6645bda-0a85-4c5b-95f9-4a053f3371b5 None admin] RBAC: auth_context: {'token': <TokenModel (audit_id=ZNrKdhiGSXu2HFRbOKfpzw, audit_chain_id=['ZNrKdhiGSXu2HFRbOKfpzw']) at 0x7ff04c573460>, 'domain_id': None, 'trust_id': None, 'trustor_id': None, 'trustee_id': None, 'domain_name': None, 'group_ids': [], 'user_id': '02e18ce0dd0148519ad054d4f4a71022', 'user_domain_id': 'default', 'system_scope': 'all', 'project_id': None, 'project_domain_id': None, 'roles': ['admin', 'manager', 'member', 'reader'], 'is_admin_project': True, 'service_user_id': None, 'service_user_domain_id': None, 'service_project_id': None, 'service_project_domain_id': None, 'service_roles': []} {{(pid=81838) fill_context /opt/stack/keystone/keystone/server/flask/request_processing/middleware/auth_context.py:509}}
Feb 04 10:53:06 ubuntu devstack@keystone.service[81838]: DEBUG keystone.server.flask.request_processing.req_logging [None req-b6645bda-0a85-4c5b-95f9-4a053f3371b5 None admin] REQUEST_METHOD: `POST` {{(pid=81838) log_request_info /opt/stack/keystone/keystone/server/flask/request_processing/req_logging.py:26}}
Feb 04 10:53:06 ubuntu devstack@keystone.service[81838]: DEBUG keystone.server.flask.request_processing.req_logging [None req-b6645bda-0a85-4c5b-95f9-4a053f3371b5 None admin] SCRIPT_NAME: `/identity` {{(pid=81838) log_request_info /opt/stack/keystone/keystone/server/flask/request_processing/req_logging.py:27}}
Feb 04 10:53:06 ubuntu devstack@keystone.service[81838]: DEBUG keystone.server.flask.request_processing.req_logging [None req-b6645bda-0a85-4c5b-95f9-4a053f3371b5 None admin] PATH_INFO: `/v3/roles` {{(pid=81838) log_request_info /opt/stack/keystone/keystone/server/flask/request_processing/req_logging.py:28}}
Feb 04 10:53:06 ubuntu devstack@keystone.service[81837]: DEBUG keystone.server.flask.request_processing.middleware.auth_context [None req-33dbde04-7ec7-4276-a683-4ece994adc70 None admin] Validating token access rules against request {{(pid=81837) validate_allowed_request /opt/stack/data/venv/lib/python3.10/site-packages/keystonemiddleware/auth_token/__init__.py:545}}
Feb 04 10:53:06 ubuntu devstack@keystone.service[81838]: DEBUG keystone.common.rbac_enforcer.enforcer [None req-b6645bda-0a85-4c5b-95f9-4a053f3371b5 None admin] RBAC: Authorizing `identity:create_role()` {{(pid=81838) enforce_call /opt/stack/keystone/keystone/common/rbac_enforcer/enforcer.py:494}}
Feb 04 10:53:06 ubuntu devstack@keystone.service[81838]: DEBUG keystone.common.rbac_enforcer.enforcer [None req-b6645bda-0a85-4c5b-95f9-4a053f3371b5 None admin] RBAC: Authorization granted {{(pid=81838) enforce_call /opt/stack/keystone/keystone/common/rbac_enforcer/enforcer.py:505}}
Feb 04 10:53:06 ubuntu devstack@keystone.service[81837]: DEBUG keystone.server.flask.request_processing.middleware.auth_context [None req-82b0f784-1b5e-40d4-9214-f3ef596fe50d None admin] RBAC: auth_context: {'token': <TokenModel (audit_id=l3K1mXX2Ta-SeGLG0Vwobg, audit_chain_id=['l3K1mXX2Ta-SeGLG0Vwobg']) at 0x7ff04c4c0b80>, 'domain_id': None, 'trust_id': None, 'trustor_id': None, 'trustee_id': None, 'domain_name': None, 'group_ids': [], 'user_id': '02e18ce0dd0148519ad054d4f4a71022', 'user_domain_id': 'default', 'system_scope': 'all', 'project_id': None, 'project_domain_id': None, 'roles': ['admin', 'manager', 'member', 'reader'], 'is_admin_project': True, 'service_user_id': None, 'service_user_domain_id': None, 'service_project_id': None, 'service_project_domain_id': None, 'service_roles': []} {{(pid=81837) fill_context /opt/stack/keystone/keystone/server/flask/request_processing/middleware/auth_context.py:509}}
Feb 04 10:53:06 ubuntu devstack@keystone.service[81837]: DEBUG keystone.server.flask.request_processing.req_logging [None req-82b0f784-1b5e-40d4-9214-f3ef596fe50d None admin] REQUEST_METHOD: `GET` {{(pid=81837) log_request_info /opt/stack/keystone/keystone/server/flask/request_processing/req_logging.py:26}}
Feb 04 10:53:06 ubuntu devstack@keystone.service[81837]: DEBUG keystone.server.flask.request_processing.req_logging [None req-82b0f784-1b5e-40d4-9214-f3ef596fe50d None admin] SCRIPT_NAME: `/identity` {{(pid=81837) log_request_info /opt/stack/keystone/keystone/server/flask/request_processing/req_logging.py:27}}
Feb 04 10:53:06 ubuntu devstack@keystone.service[81837]: DEBUG keystone.server.flask.request_processing.req_logging [None req-82b0f784-1b5e-40d4-9214-f3ef596fe50d None admin] PATH_INFO: `/v3/roles/service` {{(pid=81837) log_request_info /opt/stack/keystone/keystone/server/flask/request_processing/req_logging.py:28}}
Feb 04 10:53:06 ubuntu devstack@keystone.service[81837]: DEBUG keystone.common.rbac_enforcer.enforcer [None req-82b0f784-1b5e-40d4-9214-f3ef596fe50d None admin] Extracting inferred target data resulted in "NOT FOUND (404)". {{(pid=81837) enforce_call /opt/stack/keystone/keystone/common/rbac_enforcer/enforcer.py:445}}
Feb 04 10:53:06 ubuntu devstack@keystone.service[81837]: DEBUG keystone.server.flask.application [None req-82b0f784-1b5e-40d4-9214-f3ef596fe50d None admin] Could not find role: service. {{(pid=81837) _handle_keystone_exception /opt/stack/keystone/keystone/server/flask/application.py:146}}
Feb 04 10:53:06 ubuntu devstack@keystone.service[81837]: [pid: 81837|app: 0|req: 19/36] 10.201.5.82 () {56 vars in 1138 bytes} [Wed Feb  4 10:53:06 2026] GET /identity/v3/roles/service => generated 85 bytes in 70 msecs (HTTP/1.1 404) 5 headers in 183 bytes (1 switches on core 0)
Feb 04 10:53:06 ubuntu devstack@keystone.service[81837]: DEBUG keystone.server.flask.request_processing.middleware.auth_context [None req-82b0f784-1b5e-40d4-9214-f3ef596fe50d None admin] Authenticating user token {{(pid=81837) process_request /opt/stack/data/venv/lib/python3.10/site-packages/keystonemiddleware/auth_token/__init__.py:407}}
Feb 04 10:53:06 ubuntu devstack@keystone.service[81837]: DEBUG keystone.server.flask.request_processing.middleware.auth_context [None req-82b0f784-1b5e-40d4-9214-f3ef596fe50d None admin] Validating token access rules against request {{(pid=81837) validate_allowed_request /opt/stack/data/venv/lib/python3.10/site-packages/keystonemiddleware/auth_token/__init__.py:545}}
Feb 04 10:53:06 ubuntu devstack@keystone.service[81837]: DEBUG keystone.server.flask.request_processing.middleware.auth_context [None req-51c4056f-1b68-41d5-9c0f-71c878a4d4c8 None admin] RBAC: auth_context: {'token': <TokenModel (audit_id=DIj1QkUXRSejrLyc-R1PXA, audit_chain_id=['DIj1QkUXRSejrLyc-R1PXA']) at 0x7ff04c4c3b80>, 'domain_id': None, 'trust_id': None, 'trustor_id': None, 'trustee_id': None, 'domain_name': None, 'group_ids': [], 'user_id': '02e18ce0dd0148519ad054d4f4a71022', 'user_domain_id': 'default', 'system_scope': 'all', 'project_id': None, 'project_domain_id': None, 'roles': ['admin', 'manager', 'member', 'reader'], 'is_admin_project': True, 'service_user_id': None, 'service_user_domain_id': None, 'service_project_id': None, 'service_project_domain_id': None, 'service_roles': []} {{(pid=81837) fill_context /opt/stack/keystone/keystone/server/flask/request_processing/middleware/auth_context.py:509}}
Feb 04 10:53:06 ubuntu devstack@keystone.service[81837]: DEBUG keystone.server.flask.request_processing.req_logging [None req-51c4056f-1b68-41d5-9c0f-71c878a4d4c8 None admin] REQUEST_METHOD: `GET` {{(pid=81837) log_request_info /opt/stack/keystone/keystone/server/flask/request_processing/req_logging.py:26}}
Feb 04 10:53:06 ubuntu devstack@keystone.service[81837]: DEBUG keystone.server.flask.request_processing.req_logging [None req-51c4056f-1b68-41d5-9c0f-71c878a4d4c8 None admin] SCRIPT_NAME: `/identity` {{(pid=81837) log_request_info /opt/stack/keystone/keystone/server/flask/request_processing/req_logging.py:27}}
Feb 04 10:53:06 ubuntu devstack@keystone.service[81837]: DEBUG keystone.server.flask.request_processing.req_logging [None req-51c4056f-1b68-41d5-9c0f-71c878a4d4c8 None admin] PATH_INFO: `/v3/domains/Default` {{(pid=81837) log_request_info /opt/stack/keystone/keystone/server/flask/request_processing/req_logging.py:28}}
Feb 04 10:53:06 ubuntu devstack@keystone.service[81837]: DEBUG keystone.common.rbac_enforcer.enforcer [None req-51c4056f-1b68-41d5-9c0f-71c878a4d4c8 None admin] RBAC: Authorizing `identity:get_domain(domain_id=Default)` {{(pid=81837) enforce_call /opt/stack/keystone/keystone/common/rbac_enforcer/enforcer.py:494}}
Feb 04 10:53:06 ubuntu devstack@keystone.service[81837]: DEBUG keystone.common.rbac_enforcer.enforcer [None req-51c4056f-1b68-41d5-9c0f-71c878a4d4c8 None admin] RBAC: Authorization granted {{(pid=81837) enforce_call /opt/stack/keystone/keystone/common/rbac_enforcer/enforcer.py:505}}
Feb 04 10:53:06 ubuntu devstack@keystone.service[81837]: DEBUG keystone.server.flask.application [None req-51c4056f-1b68-41d5-9c0f-71c878a4d4c8 None admin] Could not find domain: Default. {{(pid=81837) _handle_keystone_exception /opt/stack/keystone/keystone/server/flask/application.py:146}}
Feb 04 10:53:06 ubuntu devstack@keystone.service[81837]: [pid: 81837|app: 0|req: 20/37] 10.201.5.82 () {56 vars in 1100 bytes} [Wed Feb  4 10:53:06 2026] GET /identity/v3/domains/Default => generated 87 bytes in 87 msecs (HTTP/1.1 404) 5 headers in 183 bytes (1 switches on core 0)
Feb 04 10:53:06 ubuntu devstack@keystone.service[81837]: DEBUG keystone.server.flask.request_processing.middleware.auth_context [None req-51c4056f-1b68-41d5-9c0f-71c878a4d4c8 None admin] Authenticating user token {{(pid=81837) process_request /opt/stack/data/venv/lib/python3.10/site-packages/keystonemiddleware/auth_token/__init__.py:407}}
Feb 04 10:53:06 ubuntu devstack@keystone.service[81837]: DEBUG keystone.server.flask.request_processing.middleware.auth_context [None req-51c4056f-1b68-41d5-9c0f-71c878a4d4c8 None admin] Validating token access rules against request {{(pid=81837) validate_allowed_request /opt/stack/data/venv/lib/python3.10/site-packages/keystonemiddleware/auth_token/__init__.py:545}}
Feb 04 10:53:06 ubuntu devstack@keystone.service[81837]: DEBUG keystone.server.flask.request_processing.middleware.auth_context [None req-44b39c0a-5396-4ae8-aca0-03fa08856f87 None admin] RBAC: auth_context: {'token': <TokenModel (audit_id=l3K1mXX2Ta-SeGLG0Vwobg, audit_chain_id=['l3K1mXX2Ta-SeGLG0Vwobg']) at 0x7ff04c4a2c80>, 'domain_id': None, 'trust_id': None, 'trustor_id': None, 'trustee_id': None, 'domain_name': None, 'group_ids': [], 'user_id': '02e18ce0dd0148519ad054d4f4a71022', 'user_domain_id': 'default', 'system_scope': 'all', 'project_id': None, 'project_domain_id': None, 'roles': ['admin', 'manager', 'member', 'reader'], 'is_admin_project': True, 'service_user_id': None, 'service_user_domain_id': None, 'service_project_id': None, 'service_project_domain_id': None, 'service_roles': []} {{(pid=81837) fill_context /opt/stack/keystone/keystone/server/flask/request_processing/middleware/auth_context.py:509}}
Feb 04 10:53:06 ubuntu devstack@keystone.service[81837]: DEBUG keystone.server.flask.request_processing.req_logging [None req-44b39c0a-5396-4ae8-aca0-03fa08856f87 None admin] REQUEST_METHOD: `GET` {{(pid=81837) log_request_info /opt/stack/keystone/keystone/server/flask/request_processing/req_logging.py:26}}
Feb 04 10:53:06 ubuntu devstack@keystone.service[81837]: DEBUG keystone.server.flask.request_processing.req_logging [None req-44b39c0a-5396-4ae8-aca0-03fa08856f87 None admin] SCRIPT_NAME: `/identity` {{(pid=81837) log_request_info /opt/stack/keystone/keystone/server/flask/request_processing/req_logging.py:27}}
Feb 04 10:53:06 ubuntu devstack@keystone.service[81837]: DEBUG keystone.server.flask.request_processing.req_logging [None req-44b39c0a-5396-4ae8-aca0-03fa08856f87 None admin] PATH_INFO: `/v3/roles` {{(pid=81837) log_request_info /opt/stack/keystone/keystone/server/flask/request_processing/req_logging.py:28}}
Feb 04 10:53:06 ubuntu devstack@keystone.service[81837]: DEBUG keystone.common.rbac_enforcer.enforcer [None req-44b39c0a-5396-4ae8-aca0-03fa08856f87 None admin] RBAC: Adding query filter params (name=service) {{(pid=81837) _extract_filter_values /opt/stack/keystone/keystone/common/rbac_enforcer/enforcer.py:176}}
Feb 04 10:53:06 ubuntu devstack@keystone.service[81837]: DEBUG keystone.common.rbac_enforcer.enforcer [None req-44b39c0a-5396-4ae8-aca0-03fa08856f87 None admin] RBAC: Authorizing `identity:list_roles()` {{(pid=81837) enforce_call /opt/stack/keystone/keystone/common/rbac_enforcer/enforcer.py:494}}
Feb 04 10:53:06 ubuntu devstack@keystone.service[81837]: DEBUG keystone.common.rbac_enforcer.enforcer [None req-44b39c0a-5396-4ae8-aca0-03fa08856f87 None admin] RBAC: Authorization granted {{(pid=81837) enforce_call /opt/stack/keystone/keystone/common/rbac_enforcer/enforcer.py:505}}
Feb 04 10:53:06 ubuntu devstack@keystone.service[81837]: [pid: 81837|app: 0|req: 21/38] 10.201.5.82 () {56 vars in 1152 bytes} [Wed Feb  4 10:53:06 2026] GET /identity/v3/roles?name=service => generated 343 bytes in 70 msecs (HTTP/1.1 200) 5 headers in 177 bytes (1 switches on core 0)
Feb 04 10:53:06 ubuntu devstack@keystone.service[81837]: DEBUG keystone.server.flask.request_processing.middleware.auth_context [None req-44b39c0a-5396-4ae8-aca0-03fa08856f87 None admin] Authenticating user token {{(pid=81837) process_request /opt/stack/data/venv/lib/python3.10/site-packages/keystonemiddleware/auth_token/__init__.py:407}}
Feb 04 10:53:06 ubuntu devstack@keystone.service[81838]: [pid: 81838|app: 0|req: 18/39] 10.201.5.82 () {60 vars in 1167 bytes} [Wed Feb  4 10:53:06 2026] POST /identity/v3/roles => generated 225 bytes in 280 msecs (HTTP/1.1 201) 5 headers in 182 bytes (1 switches on core 0)
Feb 04 10:53:06 ubuntu devstack@keystone.service[81838]: DEBUG keystone.server.flask.request_processing.req_logging [None req-489615e7-31f3-41b9-8efd-dc50b7b099a8 None None] REQUEST_METHOD: `GET` {{(pid=81838) log_request_info /opt/stack/keystone/keystone/server/flask/request_processing/req_logging.py:26}}
Feb 04 10:53:06 ubuntu devstack@keystone.service[81838]: DEBUG keystone.server.flask.request_processing.req_logging [None req-489615e7-31f3-41b9-8efd-dc50b7b099a8 None None] SCRIPT_NAME: `/identity` {{(pid=81838) log_request_info /opt/stack/keystone/keystone/server/flask/request_processing/req_logging.py:27}}
Feb 04 10:53:06 ubuntu devstack@keystone.service[81838]: DEBUG keystone.server.flask.request_processing.req_logging [None req-489615e7-31f3-41b9-8efd-dc50b7b099a8 None None] PATH_INFO: `/` {{(pid=81838) log_request_info /opt/stack/keystone/keystone/server/flask/request_processing/req_logging.py:28}}
Feb 04 10:53:06 ubuntu devstack@keystone.service[81838]: [pid: 81838|app: 0|req: 19/40] 10.201.5.82 () {54 vars in 919 bytes} [Wed Feb  4 10:53:06 2026] GET /identity => generated 270 bytes in 2 msecs (HTTP/1.1 300) 6 headers in 234 bytes (1 switches on core 0)
Feb 04 10:53:06 ubuntu devstack@keystone.service[81838]: DEBUG keystone.server.flask.request_processing.req_logging [None req-ee914e85-2f56-4e36-b84a-c2d2b93a874b None None] REQUEST_METHOD: `POST` {{(pid=81838) log_request_info /opt/stack/keystone/keystone/server/flask/request_processing/req_logging.py:26}}
Feb 04 10:53:06 ubuntu devstack@keystone.service[81837]: DEBUG keystone.server.flask.request_processing.middleware.auth_context [None req-44b39c0a-5396-4ae8-aca0-03fa08856f87 None admin] Validating token access rules against request {{(pid=81837) validate_allowed_request /opt/stack/data/venv/lib/python3.10/site-packages/keystonemiddleware/auth_token/__init__.py:545}}
Feb 04 10:53:06 ubuntu devstack@keystone.service[81838]: DEBUG keystone.server.flask.request_processing.req_logging [None req-ee914e85-2f56-4e36-b84a-c2d2b93a874b None None] SCRIPT_NAME: `/identity` {{(pid=81838) log_request_info /opt/stack/keystone/keystone/server/flask/request_processing/req_logging.py:27}}
Feb 04 10:53:06 ubuntu devstack@keystone.service[81838]: DEBUG keystone.server.flask.request_processing.req_logging [None req-ee914e85-2f56-4e36-b84a-c2d2b93a874b None None] PATH_INFO: `/v3/auth/tokens` {{(pid=81838) log_request_info /opt/stack/keystone/keystone/server/flask/request_processing/req_logging.py:28}}
Feb 04 10:53:06 ubuntu devstack@keystone.service[81837]: DEBUG keystone.server.flask.request_processing.middleware.auth_context [None req-5ce72dca-9b80-4468-a9ca-28700f9fe648 None admin] RBAC: auth_context: {'token': <TokenModel (audit_id=DIj1QkUXRSejrLyc-R1PXA, audit_chain_id=['DIj1QkUXRSejrLyc-R1PXA']) at 0x7ff04d0f00a0>, 'domain_id': None, 'trust_id': None, 'trustor_id': None, 'trustee_id': None, 'domain_name': None, 'group_ids': [], 'user_id': '02e18ce0dd0148519ad054d4f4a71022', 'user_domain_id': 'default', 'system_scope': 'all', 'project_id': None, 'project_domain_id': None, 'roles': ['admin', 'manager', 'member', 'reader'], 'is_admin_project': True, 'service_user_id': None, 'service_user_domain_id': None, 'service_project_id': None, 'service_project_domain_id': None, 'service_roles': []} {{(pid=81837) fill_context /opt/stack/keystone/keystone/server/flask/request_processing/middleware/auth_context.py:509}}
Feb 04 10:53:06 ubuntu devstack@keystone.service[81837]: DEBUG keystone.server.flask.request_processing.req_logging [None req-5ce72dca-9b80-4468-a9ca-28700f9fe648 None admin] REQUEST_METHOD: `GET` {{(pid=81837) log_request_info /opt/stack/keystone/keystone/server/flask/request_processing/req_logging.py:26}}
Feb 04 10:53:06 ubuntu devstack@keystone.service[81837]: DEBUG keystone.server.flask.request_processing.req_logging [None req-5ce72dca-9b80-4468-a9ca-28700f9fe648 None admin] SCRIPT_NAME: `/identity` {{(pid=81837) log_request_info /opt/stack/keystone/keystone/server/flask/request_processing/req_logging.py:27}}
Feb 04 10:53:06 ubuntu devstack@keystone.service[81837]: DEBUG keystone.server.flask.request_processing.req_logging [None req-5ce72dca-9b80-4468-a9ca-28700f9fe648 None admin] PATH_INFO: `/v3/domains` {{(pid=81837) log_request_info /opt/stack/keystone/keystone/server/flask/request_processing/req_logging.py:28}}
Feb 04 10:53:06 ubuntu devstack@keystone.service[81838]: WARNING keystone.common.password_hashing [None req-ee914e85-2f56-4e36-b84a-c2d2b93a874b None None] Truncating password to algorithm specific maximum length 72 characters.
Feb 04 10:53:06 ubuntu devstack@keystone.service[81837]: DEBUG keystone.common.rbac_enforcer.enforcer [None req-5ce72dca-9b80-4468-a9ca-28700f9fe648 None admin] RBAC: Adding query filter params (name=Default) {{(pid=81837) _extract_filter_values /opt/stack/keystone/keystone/common/rbac_enforcer/enforcer.py:176}}
Feb 04 10:53:06 ubuntu devstack@keystone.service[81837]: DEBUG keystone.common.rbac_enforcer.enforcer [None req-5ce72dca-9b80-4468-a9ca-28700f9fe648 None admin] RBAC: Authorizing `identity:list_domains()` {{(pid=81837) enforce_call /opt/stack/keystone/keystone/common/rbac_enforcer/enforcer.py:494}}
Feb 04 10:53:06 ubuntu devstack@keystone.service[81837]: DEBUG keystone.common.rbac_enforcer.enforcer [None req-5ce72dca-9b80-4468-a9ca-28700f9fe648 None admin] RBAC: Authorization granted {{(pid=81837) enforce_call /opt/stack/keystone/keystone/common/rbac_enforcer/enforcer.py:505}}
Feb 04 10:53:06 ubuntu devstack@keystone.service[81837]: [pid: 81837|app: 0|req: 22/41] 10.201.5.82 () {56 vars in 1101 bytes} [Wed Feb  4 10:53:06 2026] GET /identity/v3/domains?name=Default => generated 308 bytes in 99 msecs (HTTP/1.1 200) 5 headers in 177 bytes (1 switches on core 0)
Feb 04 10:53:06 ubuntu devstack@keystone.service[81838]: DEBUG keystone.auth.core [None req-ee914e85-2f56-4e36-b84a-c2d2b93a874b None None] MFA Rules not processed for user `02e18ce0dd0148519ad054d4f4a71022`. Rule list: `[]` (Enabled: `True`). {{(pid=81838) check_auth_methods_against_rules /opt/stack/keystone/keystone/auth/core.py:476}}
Feb 04 10:53:06 ubuntu devstack@keystone.service[81838]: DEBUG keystone.common.fernet_utils [None req-ee914e85-2f56-4e36-b84a-c2d2b93a874b None None] Loaded 2 Fernet keys from /etc/keystone/fernet-keys/, but `[fernet_tokens] max_active_keys = 3`; perhaps there have not been enough key rotations to reach `max_active_keys` yet? {{(pid=81838) load_keys /opt/stack/keystone/keystone/common/fernet_utils.py:297}}
Feb 04 10:53:06 ubuntu devstack@keystone.service[81837]: DEBUG keystone.server.flask.request_processing.req_logging [None req-23764841-b1b2-405e-af60-3a7a19a97694 None None] REQUEST_METHOD: `GET` {{(pid=81837) log_request_info /opt/stack/keystone/keystone/server/flask/request_processing/req_logging.py:26}}
Feb 04 10:53:06 ubuntu devstack@keystone.service[81837]: DEBUG keystone.server.flask.request_processing.req_logging [None req-23764841-b1b2-405e-af60-3a7a19a97694 None None] SCRIPT_NAME: `/identity` {{(pid=81837) log_request_info /opt/stack/keystone/keystone/server/flask/request_processing/req_logging.py:27}}
Feb 04 10:53:06 ubuntu devstack@keystone.service[81837]: DEBUG keystone.server.flask.request_processing.req_logging [None req-23764841-b1b2-405e-af60-3a7a19a97694 None None] PATH_INFO: `/` {{(pid=81837) log_request_info /opt/stack/keystone/keystone/server/flask/request_processing/req_logging.py:28}}
Feb 04 10:53:06 ubuntu devstack@keystone.service[81837]: [pid: 81837|app: 0|req: 23/42] 10.201.5.82 () {54 vars in 919 bytes} [Wed Feb  4 10:53:06 2026] GET /identity => generated 270 bytes in 3 msecs (HTTP/1.1 300) 6 headers in 234 bytes (1 switches on core 0)
Feb 04 10:53:06 ubuntu devstack@keystone.service[81837]: DEBUG keystone.server.flask.request_processing.middleware.auth_context [None req-23764841-b1b2-405e-af60-3a7a19a97694 None None] Authenticating user token {{(pid=81837) process_request /opt/stack/data/venv/lib/python3.10/site-packages/keystonemiddleware/auth_token/__init__.py:407}}
Feb 04 10:53:06 ubuntu devstack@keystone.service[81837]: DEBUG keystone.server.flask.request_processing.middleware.auth_context [None req-23764841-b1b2-405e-af60-3a7a19a97694 None None] Validating token access rules against request {{(pid=81837) validate_allowed_request /opt/stack/data/venv/lib/python3.10/site-packages/keystonemiddleware/auth_token/__init__.py:545}}
Feb 04 10:53:06 ubuntu devstack@keystone.service[81838]: [pid: 81838|app: 0|req: 20/43] 10.201.5.82 () {58 vars in 1016 bytes} [Wed Feb  4 10:53:06 2026] POST /identity/v3/auth/tokens => generated 862 bytes in 94 msecs (HTTP/1.1 201) 6 headers in 363 bytes (1 switches on core 0)
Feb 04 10:53:06 ubuntu devstack@keystone.service[81838]: DEBUG keystone.server.flask.request_processing.req_logging [None req-e29be3c0-877a-4bee-b092-c8d40b6e3f9d None None] REQUEST_METHOD: `POST` {{(pid=81838) log_request_info /opt/stack/keystone/keystone/server/flask/request_processing/req_logging.py:26}}
Feb 04 10:53:06 ubuntu devstack@keystone.service[81838]: DEBUG keystone.server.flask.request_processing.req_logging [None req-e29be3c0-877a-4bee-b092-c8d40b6e3f9d None None] SCRIPT_NAME: `/identity` {{(pid=81838) log_request_info /opt/stack/keystone/keystone/server/flask/request_processing/req_logging.py:27}}
Feb 04 10:53:06 ubuntu devstack@keystone.service[81838]: DEBUG keystone.server.flask.request_processing.req_logging [None req-e29be3c0-877a-4bee-b092-c8d40b6e3f9d None None] PATH_INFO: `/v3/auth/tokens` {{(pid=81838) log_request_info /opt/stack/keystone/keystone/server/flask/request_processing/req_logging.py:28}}
Feb 04 10:53:06 ubuntu devstack@keystone.service[81837]: DEBUG keystone.server.flask.request_processing.middleware.auth_context [None req-db692e85-b5d0-482e-81cc-968765fe199e None admin] RBAC: auth_context: {'token': <TokenModel (audit_id=DIj1QkUXRSejrLyc-R1PXA, audit_chain_id=['DIj1QkUXRSejrLyc-R1PXA']) at 0x7ff04c4c35e0>, 'domain_id': None, 'trust_id': None, 'trustor_id': None, 'trustee_id': None, 'domain_name': None, 'group_ids': [], 'user_id': '02e18ce0dd0148519ad054d4f4a71022', 'user_domain_id': 'default', 'system_scope': 'all', 'project_id': None, 'project_domain_id': None, 'roles': ['admin', 'manager', 'member', 'reader'], 'is_admin_project': True, 'service_user_id': None, 'service_user_domain_id': None, 'service_project_id': None, 'service_project_domain_id': None, 'service_roles': []} {{(pid=81837) fill_context /opt/stack/keystone/keystone/server/flask/request_processing/middleware/auth_context.py:509}}
Feb 04 10:53:06 ubuntu devstack@keystone.service[81837]: DEBUG keystone.server.flask.request_processing.req_logging [None req-db692e85-b5d0-482e-81cc-968765fe199e None admin] REQUEST_METHOD: `POST` {{(pid=81837) log_request_info /opt/stack/keystone/keystone/server/flask/request_processing/req_logging.py:26}}
Feb 04 10:53:06 ubuntu devstack@keystone.service[81837]: DEBUG keystone.server.flask.request_processing.req_logging [None req-db692e85-b5d0-482e-81cc-968765fe199e None admin] SCRIPT_NAME: `/identity` {{(pid=81837) log_request_info /opt/stack/keystone/keystone/server/flask/request_processing/req_logging.py:27}}
Feb 04 10:53:06 ubuntu devstack@keystone.service[81837]: DEBUG keystone.server.flask.request_processing.req_logging [None req-db692e85-b5d0-482e-81cc-968765fe199e None admin] PATH_INFO: `/v3/projects` {{(pid=81837) log_request_info /opt/stack/keystone/keystone/server/flask/request_processing/req_logging.py:28}}
Feb 04 10:53:06 ubuntu devstack@keystone.service[81837]: DEBUG keystone.common.rbac_enforcer.enforcer [None req-db692e85-b5d0-482e-81cc-968765fe199e None admin] RBAC: Authorizing `identity:create_project()` {{(pid=81837) enforce_call /opt/stack/keystone/keystone/common/rbac_enforcer/enforcer.py:494}}
Feb 04 10:53:06 ubuntu devstack@keystone.service[81837]: DEBUG keystone.common.rbac_enforcer.enforcer [None req-db692e85-b5d0-482e-81cc-968765fe199e None admin] RBAC: Authorization granted {{(pid=81837) enforce_call /opt/stack/keystone/keystone/common/rbac_enforcer/enforcer.py:505}}
Feb 04 10:53:06 ubuntu devstack@keystone.service[81838]: WARNING keystone.common.password_hashing [None req-e29be3c0-877a-4bee-b092-c8d40b6e3f9d None None] Truncating password to algorithm specific maximum length 72 characters.
Feb 04 10:53:06 ubuntu devstack@keystone.service[81838]: DEBUG keystone.auth.core [None req-e29be3c0-877a-4bee-b092-c8d40b6e3f9d None None] MFA Rules not processed for user `02e18ce0dd0148519ad054d4f4a71022`. Rule list: `[]` (Enabled: `True`). {{(pid=81838) check_auth_methods_against_rules /opt/stack/keystone/keystone/auth/core.py:476}}
Feb 04 10:53:06 ubuntu devstack@keystone.service[81838]: DEBUG keystone.common.fernet_utils [None req-e29be3c0-877a-4bee-b092-c8d40b6e3f9d None None] Loaded 2 Fernet keys from /etc/keystone/fernet-keys/, but `[fernet_tokens] max_active_keys = 3`; perhaps there have not been enough key rotations to reach `max_active_keys` yet? {{(pid=81838) load_keys /opt/stack/keystone/keystone/common/fernet_utils.py:297}}
Feb 04 10:53:06 ubuntu devstack@keystone.service[81837]: [pid: 81837|app: 0|req: 24/44] 10.201.5.82 () {60 vars in 1133 bytes} [Wed Feb  4 10:53:06 2026] POST /identity/v3/projects => generated 301 bytes in 77 msecs (HTTP/1.1 201) 5 headers in 182 bytes (1 switches on core 0)
Feb 04 10:53:06 ubuntu devstack@keystone.service[81838]: [pid: 81838|app: 0|req: 21/45] 10.201.5.82 () {58 vars in 1016 bytes} [Wed Feb  4 10:53:06 2026] POST /identity/v3/auth/tokens => generated 862 bytes in 67 msecs (HTTP/1.1 201) 6 headers in 363 bytes (1 switches on core 0)
Feb 04 10:53:07 ubuntu devstack@keystone.service[81837]: DEBUG keystone.server.flask.request_processing.middleware.auth_context [None req-db692e85-b5d0-482e-81cc-968765fe199e None admin] Authenticating user token {{(pid=81837) process_request /opt/stack/data/venv/lib/python3.10/site-packages/keystonemiddleware/auth_token/__init__.py:407}}
Feb 04 10:53:07 ubuntu devstack@keystone.service[81838]: DEBUG keystone.server.flask.request_processing.middleware.auth_context [None req-e29be3c0-877a-4bee-b092-c8d40b6e3f9d None None] Authenticating user token {{(pid=81838) process_request /opt/stack/data/venv/lib/python3.10/site-packages/keystonemiddleware/auth_token/__init__.py:407}}
Feb 04 10:53:07 ubuntu devstack@keystone.service[81837]: DEBUG keystone.server.flask.request_processing.middleware.auth_context [None req-db692e85-b5d0-482e-81cc-968765fe199e None admin] Validating token access rules against request {{(pid=81837) validate_allowed_request /opt/stack/data/venv/lib/python3.10/site-packages/keystonemiddleware/auth_token/__init__.py:545}}
Feb 04 10:53:07 ubuntu devstack@keystone.service[81838]: DEBUG keystone.server.flask.request_processing.middleware.auth_context [None req-e29be3c0-877a-4bee-b092-c8d40b6e3f9d None None] Validating token access rules against request {{(pid=81838) validate_allowed_request /opt/stack/data/venv/lib/python3.10/site-packages/keystonemiddleware/auth_token/__init__.py:545}}
Feb 04 10:53:07 ubuntu devstack@keystone.service[81837]: DEBUG keystone.server.flask.request_processing.middleware.auth_context [None req-7f98bd93-a7f7-4148-8188-f2d2cb5edc9e None admin] RBAC: auth_context: {'token': <TokenModel (audit_id=rOSM6yuNSeivF7RMUkHU2w, audit_chain_id=['rOSM6yuNSeivF7RMUkHU2w']) at 0x7ff04c4c1540>, 'domain_id': None, 'trust_id': None, 'trustor_id': None, 'trustee_id': None, 'domain_name': None, 'group_ids': [], 'user_id': '02e18ce0dd0148519ad054d4f4a71022', 'user_domain_id': 'default', 'system_scope': 'all', 'project_id': None, 'project_domain_id': None, 'roles': ['admin', 'manager', 'member', 'reader'], 'is_admin_project': True, 'service_user_id': None, 'service_user_domain_id': None, 'service_project_id': None, 'service_project_domain_id': None, 'service_roles': []} {{(pid=81837) fill_context /opt/stack/keystone/keystone/server/flask/request_processing/middleware/auth_context.py:509}}
Feb 04 10:53:07 ubuntu devstack@keystone.service[81837]: DEBUG keystone.server.flask.request_processing.req_logging [None req-7f98bd93-a7f7-4148-8188-f2d2cb5edc9e None admin] REQUEST_METHOD: `POST` {{(pid=81837) log_request_info /opt/stack/keystone/keystone/server/flask/request_processing/req_logging.py:26}}
Feb 04 10:53:07 ubuntu devstack@keystone.service[81837]: DEBUG keystone.server.flask.request_processing.req_logging [None req-7f98bd93-a7f7-4148-8188-f2d2cb5edc9e None admin] SCRIPT_NAME: `/identity` {{(pid=81837) log_request_info /opt/stack/keystone/keystone/server/flask/request_processing/req_logging.py:27}}
Feb 04 10:53:07 ubuntu devstack@keystone.service[81837]: DEBUG keystone.server.flask.request_processing.req_logging [None req-7f98bd93-a7f7-4148-8188-f2d2cb5edc9e None admin] PATH_INFO: `/v3/roles` {{(pid=81837) log_request_info /opt/stack/keystone/keystone/server/flask/request_processing/req_logging.py:28}}
Feb 04 10:53:07 ubuntu devstack@keystone.service[81838]: DEBUG keystone.server.flask.request_processing.middleware.auth_context [None req-8112326a-f54e-48c3-9090-c4fbf027b832 None admin] RBAC: auth_context: {'token': <TokenModel (audit_id=mJ4Zk7VcQ0ajPqXjwtcvmQ, audit_chain_id=['mJ4Zk7VcQ0ajPqXjwtcvmQ']) at 0x7ff04c827970>, 'domain_id': None, 'trust_id': None, 'trustor_id': None, 'trustee_id': None, 'domain_name': None, 'group_ids': [], 'user_id': '02e18ce0dd0148519ad054d4f4a71022', 'user_domain_id': 'default', 'system_scope': 'all', 'project_id': None, 'project_domain_id': None, 'roles': ['admin', 'manager', 'member', 'reader'], 'is_admin_project': True, 'service_user_id': None, 'service_user_domain_id': None, 'service_project_id': None, 'service_project_domain_id': None, 'service_roles': []} {{(pid=81838) fill_context /opt/stack/keystone/keystone/server/flask/request_processing/middleware/auth_context.py:509}}
Feb 04 10:53:07 ubuntu devstack@keystone.service[81838]: DEBUG keystone.server.flask.request_processing.req_logging [None req-8112326a-f54e-48c3-9090-c4fbf027b832 None admin] REQUEST_METHOD: `GET` {{(pid=81838) log_request_info /opt/stack/keystone/keystone/server/flask/request_processing/req_logging.py:26}}
Feb 04 10:53:07 ubuntu devstack@keystone.service[81837]: DEBUG keystone.common.rbac_enforcer.enforcer [None req-7f98bd93-a7f7-4148-8188-f2d2cb5edc9e None admin] RBAC: Authorizing `identity:create_role()` {{(pid=81837) enforce_call /opt/stack/keystone/keystone/common/rbac_enforcer/enforcer.py:494}}
Feb 04 10:53:07 ubuntu devstack@keystone.service[81838]: DEBUG keystone.server.flask.request_processing.req_logging [None req-8112326a-f54e-48c3-9090-c4fbf027b832 None admin] SCRIPT_NAME: `/identity` {{(pid=81838) log_request_info /opt/stack/keystone/keystone/server/flask/request_processing/req_logging.py:27}}
Feb 04 10:53:07 ubuntu devstack@keystone.service[81838]: DEBUG keystone.server.flask.request_processing.req_logging [None req-8112326a-f54e-48c3-9090-c4fbf027b832 None admin] PATH_INFO: `/v3/domains/default` {{(pid=81838) log_request_info /opt/stack/keystone/keystone/server/flask/request_processing/req_logging.py:28}}
Feb 04 10:53:07 ubuntu devstack@keystone.service[81837]: DEBUG keystone.common.rbac_enforcer.enforcer [None req-7f98bd93-a7f7-4148-8188-f2d2cb5edc9e None admin] RBAC: Authorization granted {{(pid=81837) enforce_call /opt/stack/keystone/keystone/common/rbac_enforcer/enforcer.py:505}}
Feb 04 10:53:07 ubuntu devstack@keystone.service[81838]: DEBUG keystone.common.rbac_enforcer.enforcer [None req-8112326a-f54e-48c3-9090-c4fbf027b832 None admin] RBAC: Authorizing `identity:get_domain(domain_id=default)` {{(pid=81838) enforce_call /opt/stack/keystone/keystone/common/rbac_enforcer/enforcer.py:494}}
Feb 04 10:53:07 ubuntu devstack@keystone.service[81838]: DEBUG keystone.common.rbac_enforcer.enforcer [None req-8112326a-f54e-48c3-9090-c4fbf027b832 None admin] RBAC: Authorization granted {{(pid=81838) enforce_call /opt/stack/keystone/keystone/common/rbac_enforcer/enforcer.py:505}}
Feb 04 10:53:07 ubuntu devstack@keystone.service[81838]: [pid: 81838|app: 0|req: 22/46] 10.201.5.82 () {56 vars in 1100 bytes} [Wed Feb  4 10:53:07 2026] GET /identity/v3/domains/default => generated 199 bytes in 66 msecs (HTTP/1.1 200) 5 headers in 177 bytes (1 switches on core 0)
Feb 04 10:53:07 ubuntu devstack@keystone.service[81838]: DEBUG keystone.server.flask.request_processing.middleware.auth_context [None req-8112326a-f54e-48c3-9090-c4fbf027b832 None admin] Authenticating user token {{(pid=81838) process_request /opt/stack/data/venv/lib/python3.10/site-packages/keystonemiddleware/auth_token/__init__.py:407}}
Feb 04 10:53:07 ubuntu devstack@keystone.service[81837]: [pid: 81837|app: 0|req: 25/47] 10.201.5.82 () {60 vars in 1167 bytes} [Wed Feb  4 10:53:07 2026] POST /identity/v3/roles => generated 223 bytes in 83 msecs (HTTP/1.1 201) 5 headers in 182 bytes (1 switches on core 0)
Feb 04 10:53:07 ubuntu devstack@keystone.service[81838]: DEBUG keystone.server.flask.request_processing.middleware.auth_context [None req-8112326a-f54e-48c3-9090-c4fbf027b832 None admin] Validating token access rules against request {{(pid=81838) validate_allowed_request /opt/stack/data/venv/lib/python3.10/site-packages/keystonemiddleware/auth_token/__init__.py:545}}
Feb 04 10:53:07 ubuntu devstack@keystone.service[81838]: DEBUG keystone.server.flask.request_processing.middleware.auth_context [None req-430f3432-5bf0-48cd-b421-f5c03b6273e5 None admin] RBAC: auth_context: {'token': <TokenModel (audit_id=mJ4Zk7VcQ0ajPqXjwtcvmQ, audit_chain_id=['mJ4Zk7VcQ0ajPqXjwtcvmQ']) at 0x7ff04c826e00>, 'domain_id': None, 'trust_id': None, 'trustor_id': None, 'trustee_id': None, 'domain_name': None, 'group_ids': [], 'user_id': '02e18ce0dd0148519ad054d4f4a71022', 'user_domain_id': 'default', 'system_scope': 'all', 'project_id': None, 'project_domain_id': None, 'roles': ['admin', 'manager', 'member', 'reader'], 'is_admin_project': True, 'service_user_id': None, 'service_user_domain_id': None, 'service_project_id': None, 'service_project_domain_id': None, 'service_roles': []} {{(pid=81838) fill_context /opt/stack/keystone/keystone/server/flask/request_processing/middleware/auth_context.py:509}}
Feb 04 10:53:07 ubuntu devstack@keystone.service[81838]: DEBUG keystone.server.flask.request_processing.req_logging [None req-430f3432-5bf0-48cd-b421-f5c03b6273e5 None admin] REQUEST_METHOD: `POST` {{(pid=81838) log_request_info /opt/stack/keystone/keystone/server/flask/request_processing/req_logging.py:26}}
Feb 04 10:53:07 ubuntu devstack@keystone.service[81838]: DEBUG keystone.server.flask.request_processing.req_logging [None req-430f3432-5bf0-48cd-b421-f5c03b6273e5 None admin] SCRIPT_NAME: `/identity` {{(pid=81838) log_request_info /opt/stack/keystone/keystone/server/flask/request_processing/req_logging.py:27}}
Feb 04 10:53:07 ubuntu devstack@keystone.service[81838]: DEBUG keystone.server.flask.request_processing.req_logging [None req-430f3432-5bf0-48cd-b421-f5c03b6273e5 None admin] PATH_INFO: `/v3/projects` {{(pid=81838) log_request_info /opt/stack/keystone/keystone/server/flask/request_processing/req_logging.py:28}}
Feb 04 10:53:07 ubuntu devstack@keystone.service[81838]: DEBUG keystone.common.rbac_enforcer.enforcer [None req-430f3432-5bf0-48cd-b421-f5c03b6273e5 None admin] RBAC: Authorizing `identity:create_project()` {{(pid=81838) enforce_call /opt/stack/keystone/keystone/common/rbac_enforcer/enforcer.py:494}}
Feb 04 10:53:07 ubuntu devstack@keystone.service[81838]: DEBUG keystone.common.rbac_enforcer.enforcer [None req-430f3432-5bf0-48cd-b421-f5c03b6273e5 None admin] RBAC: Authorization granted {{(pid=81838) enforce_call /opt/stack/keystone/keystone/common/rbac_enforcer/enforcer.py:505}}
Feb 04 10:53:07 ubuntu devstack@keystone.service[81838]: [pid: 81838|app: 0|req: 23/48] 10.201.5.82 () {60 vars in 1133 bytes} [Wed Feb  4 10:53:07 2026] POST /identity/v3/projects => generated 312 bytes in 78 msecs (HTTP/1.1 201) 5 headers in 182 bytes (1 switches on core 0)
Feb 04 10:53:08 ubuntu devstack@keystone.service[81837]: DEBUG keystone.server.flask.request_processing.req_logging [None req-beb0579c-4964-48ac-8e80-68959600c872 None None] REQUEST_METHOD: `GET` {{(pid=81837) log_request_info /opt/stack/keystone/keystone/server/flask/request_processing/req_logging.py:26}}
Feb 04 10:53:08 ubuntu devstack@keystone.service[81837]: DEBUG keystone.server.flask.request_processing.req_logging [None req-beb0579c-4964-48ac-8e80-68959600c872 None None] SCRIPT_NAME: `/identity` {{(pid=81837) log_request_info /opt/stack/keystone/keystone/server/flask/request_processing/req_logging.py:27}}
Feb 04 10:53:08 ubuntu devstack@keystone.service[81837]: DEBUG keystone.server.flask.request_processing.req_logging [None req-beb0579c-4964-48ac-8e80-68959600c872 None None] PATH_INFO: `/` {{(pid=81837) log_request_info /opt/stack/keystone/keystone/server/flask/request_processing/req_logging.py:28}}
Feb 04 10:53:08 ubuntu devstack@keystone.service[81837]: [pid: 81837|app: 0|req: 26/49] 10.201.5.82 () {54 vars in 919 bytes} [Wed Feb  4 10:53:08 2026] GET /identity => generated 270 bytes in 5 msecs (HTTP/1.1 300) 6 headers in 234 bytes (1 switches on core 0)
Feb 04 10:53:08 ubuntu devstack@keystone.service[81838]: DEBUG keystone.server.flask.request_processing.req_logging [None req-dcc61c74-1e03-48ab-9463-96cdf0082261 None None] REQUEST_METHOD: `POST` {{(pid=81838) log_request_info /opt/stack/keystone/keystone/server/flask/request_processing/req_logging.py:26}}
Feb 04 10:53:08 ubuntu devstack@keystone.service[81838]: DEBUG keystone.server.flask.request_processing.req_logging [None req-dcc61c74-1e03-48ab-9463-96cdf0082261 None None] SCRIPT_NAME: `/identity` {{(pid=81838) log_request_info /opt/stack/keystone/keystone/server/flask/request_processing/req_logging.py:27}}
Feb 04 10:53:08 ubuntu devstack@keystone.service[81838]: DEBUG keystone.server.flask.request_processing.req_logging [None req-dcc61c74-1e03-48ab-9463-96cdf0082261 None None] PATH_INFO: `/v3/auth/tokens` {{(pid=81838) log_request_info /opt/stack/keystone/keystone/server/flask/request_processing/req_logging.py:28}}
Feb 04 10:53:08 ubuntu devstack@keystone.service[81838]: WARNING keystone.common.password_hashing [None req-dcc61c74-1e03-48ab-9463-96cdf0082261 None None] Truncating password to algorithm specific maximum length 72 characters.
Feb 04 10:53:08 ubuntu devstack@keystone.service[81838]: DEBUG keystone.auth.core [None req-dcc61c74-1e03-48ab-9463-96cdf0082261 None None] MFA Rules not processed for user `02e18ce0dd0148519ad054d4f4a71022`. Rule list: `[]` (Enabled: `True`). {{(pid=81838) check_auth_methods_against_rules /opt/stack/keystone/keystone/auth/core.py:476}}
Feb 04 10:53:08 ubuntu devstack@keystone.service[81838]: DEBUG keystone.common.fernet_utils [None req-dcc61c74-1e03-48ab-9463-96cdf0082261 None None] Loaded 2 Fernet keys from /etc/keystone/fernet-keys/, but `[fernet_tokens] max_active_keys = 3`; perhaps there have not been enough key rotations to reach `max_active_keys` yet? {{(pid=81838) load_keys /opt/stack/keystone/keystone/common/fernet_utils.py:297}}
Feb 04 10:53:08 ubuntu devstack@keystone.service[81838]: [pid: 81838|app: 0|req: 24/50] 10.201.5.82 () {58 vars in 1016 bytes} [Wed Feb  4 10:53:08 2026] POST /identity/v3/auth/tokens => generated 862 bytes in 94 msecs (HTTP/1.1 201) 6 headers in 363 bytes (1 switches on core 0)
Feb 04 10:53:08 ubuntu devstack@keystone.service[81837]: DEBUG keystone.server.flask.request_processing.middleware.auth_context [None req-beb0579c-4964-48ac-8e80-68959600c872 None None] Authenticating user token {{(pid=81837) process_request /opt/stack/data/venv/lib/python3.10/site-packages/keystonemiddleware/auth_token/__init__.py:407}}
Feb 04 10:53:08 ubuntu devstack@keystone.service[81837]: DEBUG keystone.server.flask.request_processing.middleware.auth_context [None req-beb0579c-4964-48ac-8e80-68959600c872 None None] Validating token access rules against request {{(pid=81837) validate_allowed_request /opt/stack/data/venv/lib/python3.10/site-packages/keystonemiddleware/auth_token/__init__.py:545}}
Feb 04 10:53:08 ubuntu devstack@keystone.service[81837]: DEBUG keystone.server.flask.request_processing.middleware.auth_context [None req-93b877b8-07c3-42a7-a318-40f9e79d5d26 None admin] RBAC: auth_context: {'token': <TokenModel (audit_id=RZ9YAXH0SkGTnTlo7BEdHw, audit_chain_id=['RZ9YAXH0SkGTnTlo7BEdHw']) at 0x7ff04c4c39a0>, 'domain_id': None, 'trust_id': None, 'trustor_id': None, 'trustee_id': None, 'domain_name': None, 'group_ids': [], 'user_id': '02e18ce0dd0148519ad054d4f4a71022', 'user_domain_id': 'default', 'system_scope': 'all', 'project_id': None, 'project_domain_id': None, 'roles': ['admin', 'manager', 'member', 'reader'], 'is_admin_project': True, 'service_user_id': None, 'service_user_domain_id': None, 'service_project_id': None, 'service_project_domain_id': None, 'service_roles': []} {{(pid=81837) fill_context /opt/stack/keystone/keystone/server/flask/request_processing/middleware/auth_context.py:509}}
Feb 04 10:53:08 ubuntu devstack@keystone.service[81837]: DEBUG keystone.server.flask.request_processing.req_logging [None req-93b877b8-07c3-42a7-a318-40f9e79d5d26 None admin] REQUEST_METHOD: `GET` {{(pid=81837) log_request_info /opt/stack/keystone/keystone/server/flask/request_processing/req_logging.py:26}}
Feb 04 10:53:08 ubuntu devstack@keystone.service[81837]: DEBUG keystone.server.flask.request_processing.req_logging [None req-93b877b8-07c3-42a7-a318-40f9e79d5d26 None admin] SCRIPT_NAME: `/identity` {{(pid=81837) log_request_info /opt/stack/keystone/keystone/server/flask/request_processing/req_logging.py:27}}
