Jul 18 20:51:44 ubuntu devstack@keystone.service[80536]: DEBUG keystone.server.flask.request_processing.req_logging [None req-025c5f28-c897-45ed-9113-457267b87f50 None None] PATH_INFO: `/` {{(pid=80536) log_request_info /opt/stack/keystone/keystone/server/flask/request_processing/req_logging.py:28}}
Jul 18 20:51:44 ubuntu devstack@keystone.service[80536]: [pid: 80536|app: 0|req: 12/24] 10.201.5.82 () {54 vars in 919 bytes} [Fri Jul 18 20:51:44 2025] GET /identity => generated 270 bytes in 2 msecs (HTTP/1.1 300) 6 headers in 234 bytes (1 switches on core 0)
Jul 18 20:51:44 ubuntu devstack@keystone.service[80535]: DEBUG keystone.server.flask.request_processing.req_logging [None req-2444c548-f7b3-42a1-a82a-bf38a4e60718 None None] REQUEST_METHOD: `POST` {{(pid=80535) log_request_info /opt/stack/keystone/keystone/server/flask/request_processing/req_logging.py:26}}
Jul 18 20:51:44 ubuntu devstack@keystone.service[80535]: DEBUG keystone.server.flask.request_processing.req_logging [None req-2444c548-f7b3-42a1-a82a-bf38a4e60718 None None] SCRIPT_NAME: `/identity` {{(pid=80535) log_request_info /opt/stack/keystone/keystone/server/flask/request_processing/req_logging.py:27}}
Jul 18 20:51:44 ubuntu devstack@keystone.service[80535]: DEBUG keystone.server.flask.request_processing.req_logging [None req-2444c548-f7b3-42a1-a82a-bf38a4e60718 None None] PATH_INFO: `/v3/auth/tokens` {{(pid=80535) log_request_info /opt/stack/keystone/keystone/server/flask/request_processing/req_logging.py:28}}
Jul 18 20:51:45 ubuntu devstack@keystone.service[80535]: WARNING keystone.common.password_hashing [None req-2444c548-f7b3-42a1-a82a-bf38a4e60718 None None] Truncating password to algorithm specific maximum length 72 characters.
Jul 18 20:51:45 ubuntu devstack@keystone.service[80535]: DEBUG keystone.auth.core [None req-2444c548-f7b3-42a1-a82a-bf38a4e60718 None None] MFA Rules not processed for user `a7236d8a8ff8489ea77d4fc031ff0185`. Rule list: `[]` (Enabled: `True`). {{(pid=80535) check_auth_methods_against_rules /opt/stack/keystone/keystone/auth/core.py:476}}
Jul 18 20:51:45 ubuntu devstack@keystone.service[80535]: DEBUG keystone.common.fernet_utils [None req-2444c548-f7b3-42a1-a82a-bf38a4e60718 None None] Loaded 2 Fernet keys from /etc/keystone/fernet-keys/, but `[fernet_tokens] max_active_keys = 3`; perhaps there have not been enough key rotations to reach `max_active_keys` yet? {{(pid=80535) load_keys /opt/stack/keystone/keystone/common/fernet_utils.py:297}}
Jul 18 20:51:45 ubuntu devstack@keystone.service[80536]: DEBUG keystone.server.flask.request_processing.middleware.auth_context [None req-025c5f28-c897-45ed-9113-457267b87f50 None None] Authenticating user token {{(pid=80536) process_request /opt/stack/data/venv/lib/python3.10/site-packages/keystonemiddleware/auth_token/__init__.py:407}}
Jul 18 20:51:45 ubuntu devstack@keystone.service[80536]: DEBUG keystone.server.flask.request_processing.middleware.auth_context [None req-025c5f28-c897-45ed-9113-457267b87f50 None None] Validating token access rules against request {{(pid=80536) validate_allowed_request /opt/stack/data/venv/lib/python3.10/site-packages/keystonemiddleware/auth_token/__init__.py:545}}
Jul 18 20:51:45 ubuntu devstack@keystone.service[80536]: DEBUG keystone.server.flask.request_processing.middleware.auth_context [None req-173add6a-b820-4da7-8c6c-544d33c484d2 None admin] RBAC: auth_context: {'token': <TokenModel (audit_id=_APf0C8lRe-Q43FPC4mqPQ, audit_chain_id=['_APf0C8lRe-Q43FPC4mqPQ']) at 0x7f4c34f6bfd0>, 'domain_id': None, 'trust_id': None, 'trustor_id': None, 'trustee_id': None, 'domain_name': None, 'group_ids': [], 'user_id': 'a7236d8a8ff8489ea77d4fc031ff0185', 'user_domain_id': 'default', 'system_scope': 'all', 'project_id': None, 'project_domain_id': None, 'roles': ['admin', 'manager', 'member', 'reader'], 'is_admin_project': True, 'service_user_id': None, 'service_user_domain_id': None, 'service_project_id': None, 'service_project_domain_id': None, 'service_roles': []} {{(pid=80536) fill_context /opt/stack/keystone/keystone/server/flask/request_processing/middleware/auth_context.py:509}}
Jul 18 20:51:45 ubuntu devstack@keystone.service[80536]: DEBUG keystone.server.flask.request_processing.req_logging [None req-173add6a-b820-4da7-8c6c-544d33c484d2 None admin] REQUEST_METHOD: `GET` {{(pid=80536) log_request_info /opt/stack/keystone/keystone/server/flask/request_processing/req_logging.py:26}}
Jul 18 20:51:45 ubuntu devstack@keystone.service[80536]: DEBUG keystone.server.flask.request_processing.req_logging [None req-173add6a-b820-4da7-8c6c-544d33c484d2 None admin] SCRIPT_NAME: `/identity` {{(pid=80536) log_request_info /opt/stack/keystone/keystone/server/flask/request_processing/req_logging.py:27}}
Jul 18 20:51:45 ubuntu devstack@keystone.service[80536]: DEBUG keystone.server.flask.request_processing.req_logging [None req-173add6a-b820-4da7-8c6c-544d33c484d2 None admin] PATH_INFO: `/v3/roles/admin` {{(pid=80536) log_request_info /opt/stack/keystone/keystone/server/flask/request_processing/req_logging.py:28}}
Jul 18 20:51:45 ubuntu devstack@keystone.service[80535]: [pid: 80535|app: 0|req: 13/25] 10.201.5.82 () {58 vars in 1016 bytes} [Fri Jul 18 20:51:44 2025] POST /identity/v3/auth/tokens => generated 862 bytes in 190 msecs (HTTP/1.1 201) 6 headers in 363 bytes (1 switches on core 0)
Jul 18 20:51:45 ubuntu devstack@keystone.service[80535]: DEBUG keystone.server.flask.request_processing.req_logging [None req-36639972-604d-43e0-927c-c7958ba66faa None None] REQUEST_METHOD: `GET` {{(pid=80535) log_request_info /opt/stack/keystone/keystone/server/flask/request_processing/req_logging.py:26}}
Jul 18 20:51:45 ubuntu devstack@keystone.service[80535]: DEBUG keystone.server.flask.request_processing.req_logging [None req-36639972-604d-43e0-927c-c7958ba66faa None None] SCRIPT_NAME: `/identity` {{(pid=80535) log_request_info /opt/stack/keystone/keystone/server/flask/request_processing/req_logging.py:27}}
Jul 18 20:51:45 ubuntu devstack@keystone.service[80535]: DEBUG keystone.server.flask.request_processing.req_logging [None req-36639972-604d-43e0-927c-c7958ba66faa None None] PATH_INFO: `/` {{(pid=80535) log_request_info /opt/stack/keystone/keystone/server/flask/request_processing/req_logging.py:28}}
Jul 18 20:51:45 ubuntu devstack@keystone.service[80536]: DEBUG keystone.common.rbac_enforcer.enforcer [None req-173add6a-b820-4da7-8c6c-544d33c484d2 None admin] Extracting inferred target data resulted in "NOT FOUND (404)". {{(pid=80536) enforce_call /opt/stack/keystone/keystone/common/rbac_enforcer/enforcer.py:445}}
Jul 18 20:51:45 ubuntu devstack@keystone.service[80535]: [pid: 80535|app: 0|req: 14/26] 10.201.5.82 () {54 vars in 919 bytes} [Fri Jul 18 20:51:45 2025] GET /identity => generated 270 bytes in 1 msecs (HTTP/1.1 300) 6 headers in 234 bytes (1 switches on core 0)
Jul 18 20:51:45 ubuntu devstack@keystone.service[80536]: DEBUG keystone.server.flask.application [None req-173add6a-b820-4da7-8c6c-544d33c484d2 None admin] Could not find role: admin. {{(pid=80536) _handle_keystone_exception /opt/stack/keystone/keystone/server/flask/application.py:146}}
Jul 18 20:51:45 ubuntu devstack@keystone.service[80536]: [pid: 80536|app: 0|req: 13/27] 10.201.5.82 () {56 vars in 1132 bytes} [Fri Jul 18 20:51:45 2025] GET /identity/v3/roles/admin => generated 83 bytes in 76 msecs (HTTP/1.1 404) 5 headers in 183 bytes (1 switches on core 0)
Jul 18 20:51:45 ubuntu devstack@keystone.service[80535]: DEBUG keystone.server.flask.request_processing.req_logging [None req-4c5953c7-b6fa-450a-b7aa-4219238f0ea6 None None] REQUEST_METHOD: `POST` {{(pid=80535) log_request_info /opt/stack/keystone/keystone/server/flask/request_processing/req_logging.py:26}}
Jul 18 20:51:45 ubuntu devstack@keystone.service[80535]: DEBUG keystone.server.flask.request_processing.req_logging [None req-4c5953c7-b6fa-450a-b7aa-4219238f0ea6 None None] SCRIPT_NAME: `/identity` {{(pid=80535) log_request_info /opt/stack/keystone/keystone/server/flask/request_processing/req_logging.py:27}}
Jul 18 20:51:45 ubuntu devstack@keystone.service[80535]: DEBUG keystone.server.flask.request_processing.req_logging [None req-4c5953c7-b6fa-450a-b7aa-4219238f0ea6 None None] PATH_INFO: `/v3/auth/tokens` {{(pid=80535) log_request_info /opt/stack/keystone/keystone/server/flask/request_processing/req_logging.py:28}}
Jul 18 20:51:45 ubuntu devstack@keystone.service[80536]: DEBUG keystone.server.flask.request_processing.middleware.auth_context [None req-173add6a-b820-4da7-8c6c-544d33c484d2 None admin] Authenticating user token {{(pid=80536) process_request /opt/stack/data/venv/lib/python3.10/site-packages/keystonemiddleware/auth_token/__init__.py:407}}
Jul 18 20:51:45 ubuntu devstack@keystone.service[80535]: WARNING keystone.common.password_hashing [None req-4c5953c7-b6fa-450a-b7aa-4219238f0ea6 None None] Truncating password to algorithm specific maximum length 72 characters.
Jul 18 20:51:45 ubuntu devstack@keystone.service[80535]: DEBUG keystone.auth.core [None req-4c5953c7-b6fa-450a-b7aa-4219238f0ea6 None None] MFA Rules not processed for user `a7236d8a8ff8489ea77d4fc031ff0185`. Rule list: `[]` (Enabled: `True`). {{(pid=80535) check_auth_methods_against_rules /opt/stack/keystone/keystone/auth/core.py:476}}
Jul 18 20:51:45 ubuntu devstack@keystone.service[80535]: DEBUG keystone.common.fernet_utils [None req-4c5953c7-b6fa-450a-b7aa-4219238f0ea6 None None] Loaded 2 Fernet keys from /etc/keystone/fernet-keys/, but `[fernet_tokens] max_active_keys = 3`; perhaps there have not been enough key rotations to reach `max_active_keys` yet? {{(pid=80535) load_keys /opt/stack/keystone/keystone/common/fernet_utils.py:297}}
Jul 18 20:51:45 ubuntu devstack@keystone.service[80536]: DEBUG keystone.server.flask.request_processing.middleware.auth_context [None req-173add6a-b820-4da7-8c6c-544d33c484d2 None admin] Validating token access rules against request {{(pid=80536) validate_allowed_request /opt/stack/data/venv/lib/python3.10/site-packages/keystonemiddleware/auth_token/__init__.py:545}}
Jul 18 20:51:45 ubuntu devstack@keystone.service[80535]: [pid: 80535|app: 0|req: 15/28] 10.201.5.82 () {58 vars in 1016 bytes} [Fri Jul 18 20:51:45 2025] POST /identity/v3/auth/tokens => generated 862 bytes in 56 msecs (HTTP/1.1 201) 6 headers in 363 bytes (2 switches on core 0)
Jul 18 20:51:45 ubuntu devstack@keystone.service[80536]: DEBUG keystone.server.flask.request_processing.middleware.auth_context [None req-f7f6fc00-4c73-4487-8dc9-e2dfd026a392 None admin] RBAC: auth_context: {'token': <TokenModel (audit_id=_APf0C8lRe-Q43FPC4mqPQ, audit_chain_id=['_APf0C8lRe-Q43FPC4mqPQ']) at 0x7f4c34f68160>, 'domain_id': None, 'trust_id': None, 'trustor_id': None, 'trustee_id': None, 'domain_name': None, 'group_ids': [], 'user_id': 'a7236d8a8ff8489ea77d4fc031ff0185', 'user_domain_id': 'default', 'system_scope': 'all', 'project_id': None, 'project_domain_id': None, 'roles': ['admin', 'manager', 'member', 'reader'], 'is_admin_project': True, 'service_user_id': None, 'service_user_domain_id': None, 'service_project_id': None, 'service_project_domain_id': None, 'service_roles': []} {{(pid=80536) fill_context /opt/stack/keystone/keystone/server/flask/request_processing/middleware/auth_context.py:509}}
Jul 18 20:51:45 ubuntu devstack@keystone.service[80536]: DEBUG keystone.server.flask.request_processing.req_logging [None req-f7f6fc00-4c73-4487-8dc9-e2dfd026a392 None admin] REQUEST_METHOD: `GET` {{(pid=80536) log_request_info /opt/stack/keystone/keystone/server/flask/request_processing/req_logging.py:26}}
Jul 18 20:51:45 ubuntu devstack@keystone.service[80536]: DEBUG keystone.server.flask.request_processing.req_logging [None req-f7f6fc00-4c73-4487-8dc9-e2dfd026a392 None admin] SCRIPT_NAME: `/identity` {{(pid=80536) log_request_info /opt/stack/keystone/keystone/server/flask/request_processing/req_logging.py:27}}
Jul 18 20:51:45 ubuntu devstack@keystone.service[80536]: DEBUG keystone.server.flask.request_processing.req_logging [None req-f7f6fc00-4c73-4487-8dc9-e2dfd026a392 None admin] PATH_INFO: `/v3/roles` {{(pid=80536) log_request_info /opt/stack/keystone/keystone/server/flask/request_processing/req_logging.py:28}}
Jul 18 20:51:45 ubuntu devstack@keystone.service[80536]: DEBUG keystone.common.rbac_enforcer.enforcer [None req-f7f6fc00-4c73-4487-8dc9-e2dfd026a392 None admin] RBAC: Adding query filter params (name=admin) {{(pid=80536) _extract_filter_values /opt/stack/keystone/keystone/common/rbac_enforcer/enforcer.py:176}}
Jul 18 20:51:45 ubuntu devstack@keystone.service[80536]: DEBUG keystone.common.rbac_enforcer.enforcer [None req-f7f6fc00-4c73-4487-8dc9-e2dfd026a392 None admin] RBAC: Authorizing `identity:list_roles()` {{(pid=80536) enforce_call /opt/stack/keystone/keystone/common/rbac_enforcer/enforcer.py:494}}
Jul 18 20:51:45 ubuntu devstack@keystone.service[80536]: DEBUG keystone.common.rbac_enforcer.enforcer [None req-f7f6fc00-4c73-4487-8dc9-e2dfd026a392 None admin] RBAC: Authorization granted {{(pid=80536) enforce_call /opt/stack/keystone/keystone/common/rbac_enforcer/enforcer.py:505}}
Jul 18 20:51:45 ubuntu devstack@keystone.service[80536]: [pid: 80536|app: 0|req: 14/29] 10.201.5.82 () {56 vars in 1148 bytes} [Fri Jul 18 20:51:45 2025] GET /identity/v3/roles?name=admin => generated 339 bytes in 70 msecs (HTTP/1.1 200) 5 headers in 177 bytes (1 switches on core 0)
Jul 18 20:51:45 ubuntu devstack@keystone.service[80535]: DEBUG keystone.server.flask.request_processing.middleware.auth_context [None req-4c5953c7-b6fa-450a-b7aa-4219238f0ea6 None None] Authenticating user token {{(pid=80535) process_request /opt/stack/data/venv/lib/python3.10/site-packages/keystonemiddleware/auth_token/__init__.py:407}}
Jul 18 20:51:45 ubuntu devstack@keystone.service[80535]: DEBUG keystone.server.flask.request_processing.middleware.auth_context [None req-4c5953c7-b6fa-450a-b7aa-4219238f0ea6 None None] Validating token access rules against request {{(pid=80535) validate_allowed_request /opt/stack/data/venv/lib/python3.10/site-packages/keystonemiddleware/auth_token/__init__.py:545}}
Jul 18 20:51:45 ubuntu devstack@keystone.service[80535]: DEBUG keystone.server.flask.request_processing.middleware.auth_context [None req-8a93f7d6-f70b-4d2b-99a4-943997bf5e5c None admin] RBAC: auth_context: {'token': <TokenModel (audit_id=_APf0C8lRe-Q43FPC4mqPQ, audit_chain_id=['_APf0C8lRe-Q43FPC4mqPQ']) at 0x7f4c350e8250>, 'domain_id': None, 'trust_id': None, 'trustor_id': None, 'trustee_id': None, 'domain_name': None, 'group_ids': [], 'user_id': 'a7236d8a8ff8489ea77d4fc031ff0185', 'user_domain_id': 'default', 'system_scope': 'all', 'project_id': None, 'project_domain_id': None, 'roles': ['admin', 'manager', 'member', 'reader'], 'is_admin_project': True, 'service_user_id': None, 'service_user_domain_id': None, 'service_project_id': None, 'service_project_domain_id': None, 'service_roles': []} {{(pid=80535) fill_context /opt/stack/keystone/keystone/server/flask/request_processing/middleware/auth_context.py:509}}
Jul 18 20:51:45 ubuntu devstack@keystone.service[80535]: DEBUG keystone.server.flask.request_processing.req_logging [None req-8a93f7d6-f70b-4d2b-99a4-943997bf5e5c None admin] REQUEST_METHOD: `GET` {{(pid=80535) log_request_info /opt/stack/keystone/keystone/server/flask/request_processing/req_logging.py:26}}
Jul 18 20:51:45 ubuntu devstack@keystone.service[80535]: DEBUG keystone.server.flask.request_processing.req_logging [None req-8a93f7d6-f70b-4d2b-99a4-943997bf5e5c None admin] SCRIPT_NAME: `/identity` {{(pid=80535) log_request_info /opt/stack/keystone/keystone/server/flask/request_processing/req_logging.py:27}}
Jul 18 20:51:45 ubuntu devstack@keystone.service[80535]: DEBUG keystone.server.flask.request_processing.req_logging [None req-8a93f7d6-f70b-4d2b-99a4-943997bf5e5c None admin] PATH_INFO: `/v3/users/a7236d8a8ff8489ea77d4fc031ff0185` {{(pid=80535) log_request_info /opt/stack/keystone/keystone/server/flask/request_processing/req_logging.py:28}}
Jul 18 20:51:45 ubuntu devstack@keystone.service[80535]: DEBUG keystone.common.rbac_enforcer.enforcer [None req-8a93f7d6-f70b-4d2b-99a4-943997bf5e5c None admin] RBAC: Authorizing `identity:get_user(user_id=a7236d8a8ff8489ea77d4fc031ff0185)` {{(pid=80535) enforce_call /opt/stack/keystone/keystone/common/rbac_enforcer/enforcer.py:494}}
Jul 18 20:51:45 ubuntu devstack@keystone.service[80535]: DEBUG keystone.common.rbac_enforcer.enforcer [None req-8a93f7d6-f70b-4d2b-99a4-943997bf5e5c None admin] RBAC: Authorization granted {{(pid=80535) enforce_call /opt/stack/keystone/keystone/common/rbac_enforcer/enforcer.py:505}}
Jul 18 20:51:45 ubuntu devstack@keystone.service[80535]: [pid: 80535|app: 0|req: 16/30] 10.201.5.82 () {56 vars in 1213 bytes} [Fri Jul 18 20:51:45 2025] GET /identity/v3/users/a7236d8a8ff8489ea77d4fc031ff0185 => generated 247 bytes in 64 msecs (HTTP/1.1 200) 5 headers in 177 bytes (1 switches on core 0)
Jul 18 20:51:45 ubuntu devstack@keystone.service[80536]: DEBUG keystone.server.flask.request_processing.middleware.auth_context [None req-f7f6fc00-4c73-4487-8dc9-e2dfd026a392 None admin] Authenticating user token {{(pid=80536) process_request /opt/stack/data/venv/lib/python3.10/site-packages/keystonemiddleware/auth_token/__init__.py:407}}
Jul 18 20:51:45 ubuntu devstack@keystone.service[80536]: DEBUG keystone.server.flask.request_processing.middleware.auth_context [None req-f7f6fc00-4c73-4487-8dc9-e2dfd026a392 None admin] Validating token access rules against request {{(pid=80536) validate_allowed_request /opt/stack/data/venv/lib/python3.10/site-packages/keystonemiddleware/auth_token/__init__.py:545}}
Jul 18 20:51:45 ubuntu devstack@keystone.service[80535]: DEBUG keystone.server.flask.request_processing.middleware.auth_context [None req-8a93f7d6-f70b-4d2b-99a4-943997bf5e5c None admin] Authenticating user token {{(pid=80535) process_request /opt/stack/data/venv/lib/python3.10/site-packages/keystonemiddleware/auth_token/__init__.py:407}}
Jul 18 20:51:45 ubuntu devstack@keystone.service[80536]: DEBUG keystone.server.flask.request_processing.middleware.auth_context [None req-28b9f2f3-05cb-4112-b21c-a760b16f7f31 None admin] RBAC: auth_context: {'token': <TokenModel (audit_id=_APf0C8lRe-Q43FPC4mqPQ, audit_chain_id=['_APf0C8lRe-Q43FPC4mqPQ']) at 0x7f4c34f4ffd0>, 'domain_id': None, 'trust_id': None, 'trustor_id': None, 'trustee_id': None, 'domain_name': None, 'group_ids': [], 'user_id': 'a7236d8a8ff8489ea77d4fc031ff0185', 'user_domain_id': 'default', 'system_scope': 'all', 'project_id': None, 'project_domain_id': None, 'roles': ['admin', 'manager', 'member', 'reader'], 'is_admin_project': True, 'service_user_id': None, 'service_user_domain_id': None, 'service_project_id': None, 'service_project_domain_id': None, 'service_roles': []} {{(pid=80536) fill_context /opt/stack/keystone/keystone/server/flask/request_processing/middleware/auth_context.py:509}}
Jul 18 20:51:45 ubuntu devstack@keystone.service[80536]: DEBUG keystone.server.flask.request_processing.req_logging [None req-28b9f2f3-05cb-4112-b21c-a760b16f7f31 None admin] REQUEST_METHOD: `GET` {{(pid=80536) log_request_info /opt/stack/keystone/keystone/server/flask/request_processing/req_logging.py:26}}
Jul 18 20:51:45 ubuntu devstack@keystone.service[80536]: DEBUG keystone.server.flask.request_processing.req_logging [None req-28b9f2f3-05cb-4112-b21c-a760b16f7f31 None admin] SCRIPT_NAME: `/identity` {{(pid=80536) log_request_info /opt/stack/keystone/keystone/server/flask/request_processing/req_logging.py:27}}
Jul 18 20:51:45 ubuntu devstack@keystone.service[80536]: DEBUG keystone.server.flask.request_processing.req_logging [None req-28b9f2f3-05cb-4112-b21c-a760b16f7f31 None admin] PATH_INFO: `/v3/domains/default` {{(pid=80536) log_request_info /opt/stack/keystone/keystone/server/flask/request_processing/req_logging.py:28}}
Jul 18 20:51:45 ubuntu devstack@keystone.service[80536]: DEBUG keystone.common.rbac_enforcer.enforcer [None req-28b9f2f3-05cb-4112-b21c-a760b16f7f31 None admin] RBAC: Authorizing `identity:get_domain(domain_id=default)` {{(pid=80536) enforce_call /opt/stack/keystone/keystone/common/rbac_enforcer/enforcer.py:494}}
Jul 18 20:51:45 ubuntu devstack@keystone.service[80536]: DEBUG keystone.common.rbac_enforcer.enforcer [None req-28b9f2f3-05cb-4112-b21c-a760b16f7f31 None admin] RBAC: Authorization granted {{(pid=80536) enforce_call /opt/stack/keystone/keystone/common/rbac_enforcer/enforcer.py:505}}
Jul 18 20:51:45 ubuntu devstack@keystone.service[80536]: [pid: 80536|app: 0|req: 15/31] 10.201.5.82 () {56 vars in 1144 bytes} [Fri Jul 18 20:51:45 2025] GET /identity/v3/domains/default => generated 199 bytes in 67 msecs (HTTP/1.1 200) 5 headers in 177 bytes (1 switches on core 0)
Jul 18 20:51:45 ubuntu devstack@keystone.service[80536]: DEBUG keystone.server.flask.request_processing.middleware.auth_context [None req-28b9f2f3-05cb-4112-b21c-a760b16f7f31 None admin] Authenticating user token {{(pid=80536) process_request /opt/stack/data/venv/lib/python3.10/site-packages/keystonemiddleware/auth_token/__init__.py:407}}
Jul 18 20:51:45 ubuntu devstack@keystone.service[80536]: DEBUG keystone.server.flask.request_processing.middleware.auth_context [None req-28b9f2f3-05cb-4112-b21c-a760b16f7f31 None admin] Validating token access rules against request {{(pid=80536) validate_allowed_request /opt/stack/data/venv/lib/python3.10/site-packages/keystonemiddleware/auth_token/__init__.py:545}}
Jul 18 20:51:45 ubuntu devstack@keystone.service[80535]: DEBUG keystone.server.flask.request_processing.middleware.auth_context [None req-8a93f7d6-f70b-4d2b-99a4-943997bf5e5c None admin] Validating token access rules against request {{(pid=80535) validate_allowed_request /opt/stack/data/venv/lib/python3.10/site-packages/keystonemiddleware/auth_token/__init__.py:545}}
Jul 18 20:51:45 ubuntu devstack@keystone.service[80536]: DEBUG keystone.server.flask.request_processing.middleware.auth_context [None req-547cab59-890d-4321-ad5f-7fbcdf8b97b3 None admin] RBAC: auth_context: {'token': <TokenModel (audit_id=_APf0C8lRe-Q43FPC4mqPQ, audit_chain_id=['_APf0C8lRe-Q43FPC4mqPQ']) at 0x7f4c352543a0>, 'domain_id': None, 'trust_id': None, 'trustor_id': None, 'trustee_id': None, 'domain_name': None, 'group_ids': [], 'user_id': 'a7236d8a8ff8489ea77d4fc031ff0185', 'user_domain_id': 'default', 'system_scope': 'all', 'project_id': None, 'project_domain_id': None, 'roles': ['admin', 'manager', 'member', 'reader'], 'is_admin_project': True, 'service_user_id': None, 'service_user_domain_id': None, 'service_project_id': None, 'service_project_domain_id': None, 'service_roles': []} {{(pid=80536) fill_context /opt/stack/keystone/keystone/server/flask/request_processing/middleware/auth_context.py:509}}
Jul 18 20:51:45 ubuntu devstack@keystone.service[80536]: DEBUG keystone.server.flask.request_processing.req_logging [None req-547cab59-890d-4321-ad5f-7fbcdf8b97b3 None admin] REQUEST_METHOD: `GET` {{(pid=80536) log_request_info /opt/stack/keystone/keystone/server/flask/request_processing/req_logging.py:26}}
Jul 18 20:51:45 ubuntu devstack@keystone.service[80536]: DEBUG keystone.server.flask.request_processing.req_logging [None req-547cab59-890d-4321-ad5f-7fbcdf8b97b3 None admin] SCRIPT_NAME: `/identity` {{(pid=80536) log_request_info /opt/stack/keystone/keystone/server/flask/request_processing/req_logging.py:27}}
Jul 18 20:51:45 ubuntu devstack@keystone.service[80536]: DEBUG keystone.server.flask.request_processing.req_logging [None req-547cab59-890d-4321-ad5f-7fbcdf8b97b3 None admin] PATH_INFO: `/v3/role_assignments` {{(pid=80536) log_request_info /opt/stack/keystone/keystone/server/flask/request_processing/req_logging.py:28}}
Jul 18 20:51:45 ubuntu devstack@keystone.service[80536]: DEBUG keystone.common.rbac_enforcer.enforcer [None req-547cab59-890d-4321-ad5f-7fbcdf8b97b3 None admin] RBAC: Adding query filter params (role.id=736558a717d04eb98cf7f8d384db0ba4, scope.domain.id=default, user.id=a7236d8a8ff8489ea77d4fc031ff0185) {{(pid=80536) _extract_filter_values /opt/stack/keystone/keystone/common/rbac_enforcer/enforcer.py:176}}
Jul 18 20:51:45 ubuntu devstack@keystone.service[80536]: DEBUG keystone.common.rbac_enforcer.enforcer [None req-547cab59-890d-4321-ad5f-7fbcdf8b97b3 None admin] RBAC: Authorizing `identity:list_role_assignments()` {{(pid=80536) enforce_call /opt/stack/keystone/keystone/common/rbac_enforcer/enforcer.py:494}}
Jul 18 20:51:45 ubuntu devstack@keystone.service[80536]: DEBUG keystone.common.rbac_enforcer.enforcer [None req-547cab59-890d-4321-ad5f-7fbcdf8b97b3 None admin] RBAC: Authorization granted {{(pid=80536) enforce_call /opt/stack/keystone/keystone/common/rbac_enforcer/enforcer.py:505}}
Jul 18 20:51:45 ubuntu devstack@keystone.service[80536]: [pid: 80536|app: 0|req: 16/32] 10.201.5.82 () {56 vars in 1371 bytes} [Fri Jul 18 20:51:45 2025] GET /identity/v3/role_assignments?role.id=736558a717d04eb98cf7f8d384db0ba4&scope.domain.id=default&user.id=a7236d8a8ff8489ea77d4fc031ff0185 => generated 530 bytes in 63 msecs (HTTP/1.1 200) 5 headers in 177 bytes (1 switches on core 0)
Jul 18 20:51:45 ubuntu devstack@keystone.service[80536]: DEBUG keystone.server.flask.request_processing.middleware.auth_context [None req-547cab59-890d-4321-ad5f-7fbcdf8b97b3 None admin] Authenticating user token {{(pid=80536) process_request /opt/stack/data/venv/lib/python3.10/site-packages/keystonemiddleware/auth_token/__init__.py:407}}
Jul 18 20:51:45 ubuntu devstack@keystone.service[80535]: DEBUG keystone.server.flask.request_processing.middleware.auth_context [None req-8c6051d1-65f9-49ff-a51b-b80a42149e31 None admin] RBAC: auth_context: {'token': <TokenModel (audit_id=DzwnBb4mTTyufm5A_LscXQ, audit_chain_id=['DzwnBb4mTTyufm5A_LscXQ']) at 0x7f4c352076a0>, 'domain_id': None, 'trust_id': None, 'trustor_id': None, 'trustee_id': None, 'domain_name': None, 'group_ids': [], 'user_id': 'a7236d8a8ff8489ea77d4fc031ff0185', 'user_domain_id': 'default', 'system_scope': 'all', 'project_id': None, 'project_domain_id': None, 'roles': ['admin', 'manager', 'member', 'reader'], 'is_admin_project': True, 'service_user_id': None, 'service_user_domain_id': None, 'service_project_id': None, 'service_project_domain_id': None, 'service_roles': []} {{(pid=80535) fill_context /opt/stack/keystone/keystone/server/flask/request_processing/middleware/auth_context.py:509}}
Jul 18 20:51:45 ubuntu devstack@keystone.service[80535]: DEBUG keystone.server.flask.request_processing.req_logging [None req-8c6051d1-65f9-49ff-a51b-b80a42149e31 None admin] REQUEST_METHOD: `GET` {{(pid=80535) log_request_info /opt/stack/keystone/keystone/server/flask/request_processing/req_logging.py:26}}
Jul 18 20:51:45 ubuntu devstack@keystone.service[80535]: DEBUG keystone.server.flask.request_processing.req_logging [None req-8c6051d1-65f9-49ff-a51b-b80a42149e31 None admin] SCRIPT_NAME: `/identity` {{(pid=80535) log_request_info /opt/stack/keystone/keystone/server/flask/request_processing/req_logging.py:27}}
Jul 18 20:51:45 ubuntu devstack@keystone.service[80535]: DEBUG keystone.server.flask.request_processing.req_logging [None req-8c6051d1-65f9-49ff-a51b-b80a42149e31 None admin] PATH_INFO: `/v3/domains/Default` {{(pid=80535) log_request_info /opt/stack/keystone/keystone/server/flask/request_processing/req_logging.py:28}}
Jul 18 20:51:45 ubuntu devstack@keystone.service[80535]: DEBUG keystone.common.rbac_enforcer.enforcer [None req-8c6051d1-65f9-49ff-a51b-b80a42149e31 None admin] RBAC: Authorizing `identity:get_domain(domain_id=Default)` {{(pid=80535) enforce_call /opt/stack/keystone/keystone/common/rbac_enforcer/enforcer.py:494}}
Jul 18 20:51:45 ubuntu devstack@keystone.service[80535]: DEBUG keystone.common.rbac_enforcer.enforcer [None req-8c6051d1-65f9-49ff-a51b-b80a42149e31 None admin] RBAC: Authorization granted {{(pid=80535) enforce_call /opt/stack/keystone/keystone/common/rbac_enforcer/enforcer.py:505}}
Jul 18 20:51:45 ubuntu devstack@keystone.service[80535]: DEBUG keystone.server.flask.application [None req-8c6051d1-65f9-49ff-a51b-b80a42149e31 None admin] Could not find domain: Default. {{(pid=80535) _handle_keystone_exception /opt/stack/keystone/keystone/server/flask/application.py:146}}
Jul 18 20:51:45 ubuntu devstack@keystone.service[80535]: [pid: 80535|app: 0|req: 17/33] 10.201.5.82 () {56 vars in 1100 bytes} [Fri Jul 18 20:51:45 2025] GET /identity/v3/domains/Default => generated 87 bytes in 104 msecs (HTTP/1.1 404) 5 headers in 183 bytes (1 switches on core 0)
Jul 18 20:51:45 ubuntu devstack@keystone.service[80535]: DEBUG keystone.server.flask.request_processing.middleware.auth_context [None req-8c6051d1-65f9-49ff-a51b-b80a42149e31 None admin] Authenticating user token {{(pid=80535) process_request /opt/stack/data/venv/lib/python3.10/site-packages/keystonemiddleware/auth_token/__init__.py:407}}
Jul 18 20:51:45 ubuntu devstack@keystone.service[80536]: DEBUG keystone.server.flask.request_processing.middleware.auth_context [None req-547cab59-890d-4321-ad5f-7fbcdf8b97b3 None admin] Validating token access rules against request {{(pid=80536) validate_allowed_request /opt/stack/data/venv/lib/python3.10/site-packages/keystonemiddleware/auth_token/__init__.py:545}}
Jul 18 20:51:45 ubuntu devstack@keystone.service[80535]: DEBUG keystone.server.flask.request_processing.middleware.auth_context [None req-8c6051d1-65f9-49ff-a51b-b80a42149e31 None admin] Validating token access rules against request {{(pid=80535) validate_allowed_request /opt/stack/data/venv/lib/python3.10/site-packages/keystonemiddleware/auth_token/__init__.py:545}}
Jul 18 20:51:45 ubuntu devstack@keystone.service[80536]: DEBUG keystone.server.flask.request_processing.middleware.auth_context [None req-f01a1fa3-2cdc-47c2-96a0-c7748f967d65 None admin] RBAC: auth_context: {'token': <TokenModel (audit_id=29jBgrqkQQOZG-UKpo6o3Q, audit_chain_id=['29jBgrqkQQOZG-UKpo6o3Q']) at 0x7f4c3520ad40>, 'domain_id': None, 'trust_id': None, 'trustor_id': None, 'trustee_id': None, 'domain_name': None, 'group_ids': [], 'user_id': 'a7236d8a8ff8489ea77d4fc031ff0185', 'user_domain_id': 'default', 'system_scope': 'all', 'project_id': None, 'project_domain_id': None, 'roles': ['admin', 'manager', 'member', 'reader'], 'is_admin_project': True, 'service_user_id': None, 'service_user_domain_id': None, 'service_project_id': None, 'service_project_domain_id': None, 'service_roles': []} {{(pid=80536) fill_context /opt/stack/keystone/keystone/server/flask/request_processing/middleware/auth_context.py:509}}
Jul 18 20:51:45 ubuntu devstack@keystone.service[80536]: DEBUG keystone.server.flask.request_processing.req_logging [None req-f01a1fa3-2cdc-47c2-96a0-c7748f967d65 None admin] REQUEST_METHOD: `POST` {{(pid=80536) log_request_info /opt/stack/keystone/keystone/server/flask/request_processing/req_logging.py:26}}
Jul 18 20:51:45 ubuntu devstack@keystone.service[80536]: DEBUG keystone.server.flask.request_processing.req_logging [None req-f01a1fa3-2cdc-47c2-96a0-c7748f967d65 None admin] SCRIPT_NAME: `/identity` {{(pid=80536) log_request_info /opt/stack/keystone/keystone/server/flask/request_processing/req_logging.py:27}}
Jul 18 20:51:45 ubuntu devstack@keystone.service[80536]: DEBUG keystone.server.flask.request_processing.req_logging [None req-f01a1fa3-2cdc-47c2-96a0-c7748f967d65 None admin] PATH_INFO: `/v3/roles` {{(pid=80536) log_request_info /opt/stack/keystone/keystone/server/flask/request_processing/req_logging.py:28}}
Jul 18 20:51:45 ubuntu devstack@keystone.service[80535]: DEBUG keystone.server.flask.request_processing.middleware.auth_context [None req-7fda605e-7aa3-4101-b85b-93946eb611cc None admin] RBAC: auth_context: {'token': <TokenModel (audit_id=DzwnBb4mTTyufm5A_LscXQ, audit_chain_id=['DzwnBb4mTTyufm5A_LscXQ']) at 0x7f4c35257c10>, 'domain_id': None, 'trust_id': None, 'trustor_id': None, 'trustee_id': None, 'domain_name': None, 'group_ids': [], 'user_id': 'a7236d8a8ff8489ea77d4fc031ff0185', 'user_domain_id': 'default', 'system_scope': 'all', 'project_id': None, 'project_domain_id': None, 'roles': ['admin', 'manager', 'member', 'reader'], 'is_admin_project': True, 'service_user_id': None, 'service_user_domain_id': None, 'service_project_id': None, 'service_project_domain_id': None, 'service_roles': []} {{(pid=80535) fill_context /opt/stack/keystone/keystone/server/flask/request_processing/middleware/auth_context.py:509}}
Jul 18 20:51:45 ubuntu devstack@keystone.service[80535]: DEBUG keystone.server.flask.request_processing.req_logging [None req-7fda605e-7aa3-4101-b85b-93946eb611cc None admin] REQUEST_METHOD: `GET` {{(pid=80535) log_request_info /opt/stack/keystone/keystone/server/flask/request_processing/req_logging.py:26}}
Jul 18 20:51:45 ubuntu devstack@keystone.service[80536]: DEBUG keystone.common.rbac_enforcer.enforcer [None req-f01a1fa3-2cdc-47c2-96a0-c7748f967d65 None admin] RBAC: Authorizing `identity:create_role()` {{(pid=80536) enforce_call /opt/stack/keystone/keystone/common/rbac_enforcer/enforcer.py:494}}
Jul 18 20:51:45 ubuntu devstack@keystone.service[80535]: DEBUG keystone.server.flask.request_processing.req_logging [None req-7fda605e-7aa3-4101-b85b-93946eb611cc None admin] SCRIPT_NAME: `/identity` {{(pid=80535) log_request_info /opt/stack/keystone/keystone/server/flask/request_processing/req_logging.py:27}}
Jul 18 20:51:45 ubuntu devstack@keystone.service[80535]: DEBUG keystone.server.flask.request_processing.req_logging [None req-7fda605e-7aa3-4101-b85b-93946eb611cc None admin] PATH_INFO: `/v3/domains` {{(pid=80535) log_request_info /opt/stack/keystone/keystone/server/flask/request_processing/req_logging.py:28}}
Jul 18 20:51:45 ubuntu devstack@keystone.service[80536]: DEBUG keystone.common.rbac_enforcer.enforcer [None req-f01a1fa3-2cdc-47c2-96a0-c7748f967d65 None admin] RBAC: Authorization granted {{(pid=80536) enforce_call /opt/stack/keystone/keystone/common/rbac_enforcer/enforcer.py:505}}
Jul 18 20:51:45 ubuntu devstack@keystone.service[80535]: DEBUG keystone.common.rbac_enforcer.enforcer [None req-7fda605e-7aa3-4101-b85b-93946eb611cc None admin] RBAC: Adding query filter params (name=Default) {{(pid=80535) _extract_filter_values /opt/stack/keystone/keystone/common/rbac_enforcer/enforcer.py:176}}
Jul 18 20:51:45 ubuntu devstack@keystone.service[80535]: DEBUG keystone.common.rbac_enforcer.enforcer [None req-7fda605e-7aa3-4101-b85b-93946eb611cc None admin] RBAC: Authorizing `identity:list_domains()` {{(pid=80535) enforce_call /opt/stack/keystone/keystone/common/rbac_enforcer/enforcer.py:494}}
Jul 18 20:51:45 ubuntu devstack@keystone.service[80535]: DEBUG keystone.common.rbac_enforcer.enforcer [None req-7fda605e-7aa3-4101-b85b-93946eb611cc None admin] RBAC: Authorization granted {{(pid=80535) enforce_call /opt/stack/keystone/keystone/common/rbac_enforcer/enforcer.py:505}}
Jul 18 20:51:45 ubuntu devstack@keystone.service[80536]: DEBUG keystone.common.sql.core [None req-f01a1fa3-2cdc-47c2-96a0-c7748f967d65 None admin] Conflict role: (pymysql.err.IntegrityError) (1062, "Duplicate entry 'service-<<null>>' for key 'role.ixu_role_name_domain_id'")
Jul 18 20:51:45 ubuntu devstack@keystone.service[80536]: [SQL: INSERT INTO `role` (id, name, description, extra) VALUES (%(id)s, %(name)s, %(description)s, %(extra)s)]
Jul 18 20:51:45 ubuntu devstack@keystone.service[80536]: [parameters: {'id': '5c23db1834ef485394c759c06c120ea0', 'name': 'service', 'description': None, 'extra': '{}'}]
Jul 18 20:51:45 ubuntu devstack@keystone.service[80536]: (Background on this error at: https://sqlalche.me/e/20/gkpj) {{(pid=80536) wrapper /opt/stack/keystone/keystone/common/sql/core.py:580}}
Jul 18 20:51:45 ubuntu devstack@keystone.service[80535]: [pid: 80535|app: 0|req: 18/34] 10.201.5.82 () {56 vars in 1101 bytes} [Fri Jul 18 20:51:45 2025] GET /identity/v3/domains?name=Default => generated 308 bytes in 82 msecs (HTTP/1.1 200) 5 headers in 177 bytes (2 switches on core 0)
Jul 18 20:51:45 ubuntu devstack@keystone.service[80536]: ERROR keystone.server.flask.application [None req-f01a1fa3-2cdc-47c2-96a0-c7748f967d65 None admin] Conflict occurred attempting to store role - Duplicate entry found with name service.: keystone.exception.Conflict: Conflict occurred attempting to store role - Duplicate entry found with name service.
Jul 18 20:51:45 ubuntu devstack@keystone.service[80536]: ERROR keystone.server.flask.application Traceback (most recent call last):
Jul 18 20:51:45 ubuntu devstack@keystone.service[80536]: ERROR keystone.server.flask.application   File "/opt/stack/data/venv/lib/python3.10/site-packages/sqlalchemy/engine/base.py", line 1963, in _exec_single_context
Jul 18 20:51:45 ubuntu devstack@keystone.service[80536]: ERROR keystone.server.flask.application     self.dialect.do_execute(
Jul 18 20:51:45 ubuntu devstack@keystone.service[80536]: ERROR keystone.server.flask.application   File "/opt/stack/data/venv/lib/python3.10/site-packages/sqlalchemy/engine/default.py", line 943, in do_execute
Jul 18 20:51:45 ubuntu devstack@keystone.service[80536]: ERROR keystone.server.flask.application     cursor.execute(statement, parameters)
Jul 18 20:51:45 ubuntu devstack@keystone.service[80536]: ERROR keystone.server.flask.application   File "/opt/stack/data/venv/lib/python3.10/site-packages/pymysql/cursors.py", line 153, in execute
Jul 18 20:51:45 ubuntu devstack@keystone.service[80536]: ERROR keystone.server.flask.application     result = self._query(query)
Jul 18 20:51:45 ubuntu devstack@keystone.service[80536]: ERROR keystone.server.flask.application   File "/opt/stack/data/venv/lib/python3.10/site-packages/pymysql/cursors.py", line 322, in _query
Jul 18 20:51:45 ubuntu devstack@keystone.service[80536]: ERROR keystone.server.flask.application     conn.query(q)
Jul 18 20:51:45 ubuntu devstack@keystone.service[80536]: ERROR keystone.server.flask.application   File "/opt/stack/data/venv/lib/python3.10/site-packages/pymysql/connections.py", line 563, in query
Jul 18 20:51:45 ubuntu devstack@keystone.service[80536]: ERROR keystone.server.flask.application     self._affected_rows = self._read_query_result(unbuffered=unbuffered)
Jul 18 20:51:45 ubuntu devstack@keystone.service[80536]: ERROR keystone.server.flask.application   File "/opt/stack/data/venv/lib/python3.10/site-packages/pymysql/connections.py", line 825, in _read_query_result
Jul 18 20:51:45 ubuntu devstack@keystone.service[80536]: ERROR keystone.server.flask.application     result.read()
Jul 18 20:51:45 ubuntu devstack@keystone.service[80536]: ERROR keystone.server.flask.application   File "/opt/stack/data/venv/lib/python3.10/site-packages/pymysql/connections.py", line 1199, in read
Jul 18 20:51:45 ubuntu devstack@keystone.service[80536]: ERROR keystone.server.flask.application     first_packet = self.connection._read_packet()
Jul 18 20:51:45 ubuntu devstack@keystone.service[80536]: ERROR keystone.server.flask.application   File "/opt/stack/data/venv/lib/python3.10/site-packages/pymysql/connections.py", line 775, in _read_packet
Jul 18 20:51:45 ubuntu devstack@keystone.service[80536]: ERROR keystone.server.flask.application     packet.raise_for_error()
Jul 18 20:51:45 ubuntu devstack@keystone.service[80536]: ERROR keystone.server.flask.application   File "/opt/stack/data/venv/lib/python3.10/site-packages/pymysql/protocol.py", line 219, in raise_for_error
Jul 18 20:51:45 ubuntu devstack@keystone.service[80536]: ERROR keystone.server.flask.application     err.raise_mysql_exception(self._data)
Jul 18 20:51:45 ubuntu devstack@keystone.service[80536]: ERROR keystone.server.flask.application   File "/opt/stack/data/venv/lib/python3.10/site-packages/pymysql/err.py", line 150, in raise_mysql_exception
Jul 18 20:51:45 ubuntu devstack@keystone.service[80536]: ERROR keystone.server.flask.application     raise errorclass(errno, errval)
Jul 18 20:51:45 ubuntu devstack@keystone.service[80536]: ERROR keystone.server.flask.application pymysql.err.IntegrityError: (1062, "Duplicate entry 'service-<<null>>' for key 'role.ixu_role_name_domain_id'")
Jul 18 20:51:45 ubuntu devstack@keystone.service[80536]: ERROR keystone.server.flask.application 
Jul 18 20:51:45 ubuntu devstack@keystone.service[80536]: ERROR keystone.server.flask.application The above exception was the direct cause of the following exception:
Jul 18 20:51:45 ubuntu devstack@keystone.service[80536]: ERROR keystone.server.flask.application 
Jul 18 20:51:45 ubuntu devstack@keystone.service[80536]: ERROR keystone.server.flask.application Traceback (most recent call last):
Jul 18 20:51:45 ubuntu devstack@keystone.service[80536]: ERROR keystone.server.flask.application   File "/opt/stack/keystone/keystone/common/sql/core.py", line 575, in wrapper
Jul 18 20:51:45 ubuntu devstack@keystone.service[80536]: ERROR keystone.server.flask.application     return method(*args, **kwargs)
Jul 18 20:51:45 ubuntu devstack@keystone.service[80536]: ERROR keystone.server.flask.application   File "/opt/stack/keystone/keystone/assignment/role_backends/sql.py", line 25, in create_role
Jul 18 20:51:45 ubuntu devstack@keystone.service[80536]: ERROR keystone.server.flask.application     with sql.session_for_write() as session:
Jul 18 20:51:45 ubuntu devstack@keystone.service[80536]: ERROR keystone.server.flask.application   File "/usr/lib/python3.10/contextlib.py", line 142, in __exit__
Jul 18 20:51:45 ubuntu devstack@keystone.service[80536]: ERROR keystone.server.flask.application     next(self.gen)
Jul 18 20:51:45 ubuntu devstack@keystone.service[80536]: ERROR keystone.server.flask.application   File "/opt/stack/data/venv/lib/python3.10/site-packages/oslo_db/sqlalchemy/enginefacade.py", line 1199, in _transaction_scope
Jul 18 20:51:45 ubuntu devstack@keystone.service[80536]: ERROR keystone.server.flask.application     with current._produce_block(
Jul 18 20:51:45 ubuntu devstack@keystone.service[80536]: ERROR keystone.server.flask.application   File "/usr/lib/python3.10/contextlib.py", line 142, in __exit__
Jul 18 20:51:45 ubuntu devstack@keystone.service[80536]: ERROR keystone.server.flask.application     next(self.gen)
Jul 18 20:51:45 ubuntu devstack@keystone.service[80536]: ERROR keystone.server.flask.application   File "/opt/stack/data/venv/lib/python3.10/site-packages/oslo_db/sqlalchemy/enginefacade.py", line 850, in _session
Jul 18 20:51:45 ubuntu devstack@keystone.service[80536]: ERROR keystone.server.flask.application     with excutils.save_and_reraise_exception():
Jul 18 20:51:45 ubuntu devstack@keystone.service[80536]: ERROR keystone.server.flask.application   File "/opt/stack/data/venv/lib/python3.10/site-packages/oslo_utils/excutils.py", line 227, in __exit__
Jul 18 20:51:45 ubuntu devstack@keystone.service[80536]: ERROR keystone.server.flask.application     self.force_reraise()
Jul 18 20:51:45 ubuntu devstack@keystone.service[80536]: ERROR keystone.server.flask.application   File "/opt/stack/data/venv/lib/python3.10/site-packages/oslo_utils/excutils.py", line 200, in force_reraise
Jul 18 20:51:45 ubuntu devstack@keystone.service[80536]: ERROR keystone.server.flask.application     raise self.value
Jul 18 20:51:45 ubuntu devstack@keystone.service[80536]: ERROR keystone.server.flask.application   File "/opt/stack/data/venv/lib/python3.10/site-packages/oslo_db/sqlalchemy/enginefacade.py", line 848, in _session
Jul 18 20:51:45 ubuntu devstack@keystone.service[80536]: ERROR keystone.server.flask.application     self._end_session_transaction(self.session)
Jul 18 20:51:45 ubuntu devstack@keystone.service[80536]: ERROR keystone.server.flask.application   File "/opt/stack/data/venv/lib/python3.10/site-packages/oslo_db/sqlalchemy/enginefacade.py", line 761, in _end_session_transaction
Jul 18 20:51:45 ubuntu devstack@keystone.service[80536]: ERROR keystone.server.flask.application     session.commit()
Jul 18 20:51:45 ubuntu devstack@keystone.service[80536]: ERROR keystone.server.flask.application   File "/opt/stack/data/venv/lib/python3.10/site-packages/sqlalchemy/orm/session.py", line 2032, in commit
Jul 18 20:51:45 ubuntu devstack@keystone.service[80536]: ERROR keystone.server.flask.application     trans.commit(_to_root=True)
Jul 18 20:51:45 ubuntu devstack@keystone.service[80536]: ERROR keystone.server.flask.application   File "<string>", line 2, in commit
Jul 18 20:51:45 ubuntu devstack@keystone.service[80536]: ERROR keystone.server.flask.application   File "/opt/stack/data/venv/lib/python3.10/site-packages/sqlalchemy/orm/state_changes.py", line 139, in _go
Jul 18 20:51:45 ubuntu devstack@keystone.service[80536]: ERROR keystone.server.flask.application     ret_value = fn(self, *arg, **kw)
Jul 18 20:51:45 ubuntu devstack@keystone.service[80536]: ERROR keystone.server.flask.application   File "/opt/stack/data/venv/lib/python3.10/site-packages/sqlalchemy/orm/session.py", line 1313, in commit
Jul 18 20:51:45 ubuntu devstack@keystone.service[80536]: ERROR keystone.server.flask.application     self._prepare_impl()
Jul 18 20:51:45 ubuntu devstack@keystone.service[80536]: ERROR keystone.server.flask.application   File "<string>", line 2, in _prepare_impl
Jul 18 20:51:45 ubuntu devstack@keystone.service[80536]: ERROR keystone.server.flask.application   File "/opt/stack/data/venv/lib/python3.10/site-packages/sqlalchemy/orm/state_changes.py", line 139, in _go
Jul 18 20:51:45 ubuntu devstack@keystone.service[80536]: ERROR keystone.server.flask.application     ret_value = fn(self, *arg, **kw)
Jul 18 20:51:45 ubuntu devstack@keystone.service[80536]: ERROR keystone.server.flask.application   File "/opt/stack/data/venv/lib/python3.10/site-packages/sqlalchemy/orm/session.py", line 1288, in _prepare_impl
Jul 18 20:51:45 ubuntu devstack@keystone.service[80536]: ERROR keystone.server.flask.application     self.session.flush()
Jul 18 20:51:45 ubuntu devstack@keystone.service[80536]: ERROR keystone.server.flask.application   File "/opt/stack/data/venv/lib/python3.10/site-packages/sqlalchemy/orm/session.py", line 4345, in flush
Jul 18 20:51:45 ubuntu devstack@keystone.service[80536]: ERROR keystone.server.flask.application     self._flush(objects)
Jul 18 20:51:45 ubuntu devstack@keystone.service[80536]: ERROR keystone.server.flask.application   File "/opt/stack/data/venv/lib/python3.10/site-packages/sqlalchemy/orm/session.py", line 4480, in _flush
Jul 18 20:51:45 ubuntu devstack@keystone.service[80536]: ERROR keystone.server.flask.application     with util.safe_reraise():
Jul 18 20:51:45 ubuntu devstack@keystone.service[80536]: ERROR keystone.server.flask.application   File "/opt/stack/data/venv/lib/python3.10/site-packages/sqlalchemy/util/langhelpers.py", line 224, in __exit__
Jul 18 20:51:45 ubuntu devstack@keystone.service[80536]: ERROR keystone.server.flask.application     raise exc_value.with_traceback(exc_tb)
Jul 18 20:51:45 ubuntu devstack@keystone.service[80536]: ERROR keystone.server.flask.application   File "/opt/stack/data/venv/lib/python3.10/site-packages/sqlalchemy/orm/session.py", line 4441, in _flush
Jul 18 20:51:45 ubuntu devstack@keystone.service[80536]: ERROR keystone.server.flask.application     flush_context.execute()
Jul 18 20:51:45 ubuntu devstack@keystone.service[80536]: ERROR keystone.server.flask.application   File "/opt/stack/data/venv/lib/python3.10/site-packages/sqlalchemy/orm/unitofwork.py", line 466, in execute
Jul 18 20:51:45 ubuntu devstack@keystone.service[80536]: ERROR keystone.server.flask.application     rec.execute(self)
Jul 18 20:51:45 ubuntu devstack@keystone.service[80536]: ERROR keystone.server.flask.application   File "/opt/stack/data/venv/lib/python3.10/site-packages/sqlalchemy/orm/unitofwork.py", line 642, in execute
Jul 18 20:51:45 ubuntu devstack@keystone.service[80536]: ERROR keystone.server.flask.application     util.preloaded.orm_persistence.save_obj(
Jul 18 20:51:45 ubuntu devstack@keystone.service[80536]: ERROR keystone.server.flask.application   File "/opt/stack/data/venv/lib/python3.10/site-packages/sqlalchemy/orm/persistence.py", line 93, in save_obj
Jul 18 20:51:45 ubuntu devstack@keystone.service[80536]: ERROR keystone.server.flask.application     _emit_insert_statements(
Jul 18 20:51:45 ubuntu devstack@keystone.service[80536]: ERROR keystone.server.flask.application   File "/opt/stack/data/venv/lib/python3.10/site-packages/sqlalchemy/orm/persistence.py", line 1048, in _emit_insert_statements
Jul 18 20:51:45 ubuntu devstack@keystone.service[80536]: ERROR keystone.server.flask.application     result = connection.execute(
Jul 18 20:51:45 ubuntu devstack@keystone.service[80536]: ERROR keystone.server.flask.application   File "/opt/stack/data/venv/lib/python3.10/site-packages/sqlalchemy/engine/base.py", line 1415, in execute
Jul 18 20:51:45 ubuntu devstack@keystone.service[80536]: ERROR keystone.server.flask.application     return meth(
Jul 18 20:51:45 ubuntu devstack@keystone.service[80536]: ERROR keystone.server.flask.application   File "/opt/stack/data/venv/lib/python3.10/site-packages/sqlalchemy/sql/elements.py", line 523, in _execute_on_connection
Jul 18 20:51:45 ubuntu devstack@keystone.service[80536]: ERROR keystone.server.flask.application     return connection._execute_clauseelement(
Jul 18 20:51:45 ubuntu devstack@keystone.service[80536]: ERROR keystone.server.flask.application   File "/opt/stack/data/venv/lib/python3.10/site-packages/sqlalchemy/engine/base.py", line 1637, in _execute_clauseelement
Jul 18 20:51:45 ubuntu devstack@keystone.service[80536]: ERROR keystone.server.flask.application     ret = self._execute_context(
Jul 18 20:51:45 ubuntu devstack@keystone.service[80536]: ERROR keystone.server.flask.application   File "/opt/stack/data/venv/lib/python3.10/site-packages/sqlalchemy/engine/base.py", line 1842, in _execute_context
Jul 18 20:51:45 ubuntu devstack@keystone.service[80536]: ERROR keystone.server.flask.application     return self._exec_single_context(
Jul 18 20:51:45 ubuntu devstack@keystone.service[80536]: ERROR keystone.server.flask.application   File "/opt/stack/data/venv/lib/python3.10/site-packages/sqlalchemy/engine/base.py", line 1982, in _exec_single_context
Jul 18 20:51:45 ubuntu devstack@keystone.service[80536]: ERROR keystone.server.flask.application     self._handle_dbapi_exception(
