Mar 15 05:57:39 ubuntu devstack@keystone.service[82072]: DEBUG keystone.server.flask.request_processing.req_logging [None req-b88dac28-58c4-47cd-98d0-01e7607f3aa4 None None] REQUEST_METHOD: `POST` {{(pid=82072) log_request_info /opt/stack/keystone/keystone/server/flask/request_processing/req_logging.py:26}}
Mar 15 05:57:39 ubuntu devstack@keystone.service[82072]: DEBUG keystone.server.flask.request_processing.req_logging [None req-b88dac28-58c4-47cd-98d0-01e7607f3aa4 None None] SCRIPT_NAME: `/identity` {{(pid=82072) log_request_info /opt/stack/keystone/keystone/server/flask/request_processing/req_logging.py:27}}
Mar 15 05:57:39 ubuntu devstack@keystone.service[82072]: DEBUG keystone.server.flask.request_processing.req_logging [None req-b88dac28-58c4-47cd-98d0-01e7607f3aa4 None None] PATH_INFO: `/v3/auth/tokens` {{(pid=82072) log_request_info /opt/stack/keystone/keystone/server/flask/request_processing/req_logging.py:28}}
Mar 15 05:57:39 ubuntu devstack@keystone.service[82072]: WARNING keystone.common.password_hashing [None req-b88dac28-58c4-47cd-98d0-01e7607f3aa4 None None] Truncating password to algorithm specific maximum length 72 characters.
Mar 15 05:57:39 ubuntu devstack@keystone.service[82072]: DEBUG keystone.auth.core [None req-b88dac28-58c4-47cd-98d0-01e7607f3aa4 None None] MFA Rules not processed for user `0c24b4b96c5f40039773ee9cf9309edf`. Rule list: `[]` (Enabled: `True`). {{(pid=82072) check_auth_methods_against_rules /opt/stack/keystone/keystone/auth/core.py:476}}
Mar 15 05:57:39 ubuntu devstack@keystone.service[82072]: DEBUG keystone.common.fernet_utils [None req-b88dac28-58c4-47cd-98d0-01e7607f3aa4 None None] Loaded 2 Fernet keys from /etc/keystone/fernet-keys/, but `[fernet_tokens] max_active_keys = 3`; perhaps there have not been enough key rotations to reach `max_active_keys` yet? {{(pid=82072) load_keys /opt/stack/keystone/keystone/common/fernet_utils.py:297}}
Mar 15 05:57:39 ubuntu devstack@keystone.service[82073]: DEBUG keystone.server.flask.request_processing.req_logging [None req-8ff92034-7abe-4b47-a267-4c1ee588f333 None None] REQUEST_METHOD: `GET` {{(pid=82073) log_request_info /opt/stack/keystone/keystone/server/flask/request_processing/req_logging.py:26}}
Mar 15 05:57:39 ubuntu devstack@keystone.service[82073]: DEBUG keystone.server.flask.request_processing.req_logging [None req-8ff92034-7abe-4b47-a267-4c1ee588f333 None None] SCRIPT_NAME: `/identity` {{(pid=82073) log_request_info /opt/stack/keystone/keystone/server/flask/request_processing/req_logging.py:27}}
Mar 15 05:57:39 ubuntu devstack@keystone.service[82073]: DEBUG keystone.server.flask.request_processing.req_logging [None req-8ff92034-7abe-4b47-a267-4c1ee588f333 None None] PATH_INFO: `/` {{(pid=82073) log_request_info /opt/stack/keystone/keystone/server/flask/request_processing/req_logging.py:28}}
Mar 15 05:57:39 ubuntu devstack@keystone.service[82073]: [pid: 82073|app: 0|req: 13/24] 10.201.5.82 () {54 vars in 920 bytes} [Sun Mar 15 05:57:39 2026] GET /identity => generated 270 bytes in 1 msecs (HTTP/1.1 300) 6 headers in 234 bytes (1 switches on core 0)
Mar 15 05:57:39 ubuntu devstack@keystone.service[82073]: DEBUG keystone.server.flask.request_processing.req_logging [None req-f9560a29-9de1-4554-b8c5-eceafd4ee37a None None] REQUEST_METHOD: `POST` {{(pid=82073) log_request_info /opt/stack/keystone/keystone/server/flask/request_processing/req_logging.py:26}}
Mar 15 05:57:39 ubuntu devstack@keystone.service[82073]: DEBUG keystone.server.flask.request_processing.req_logging [None req-f9560a29-9de1-4554-b8c5-eceafd4ee37a None None] SCRIPT_NAME: `/identity` {{(pid=82073) log_request_info /opt/stack/keystone/keystone/server/flask/request_processing/req_logging.py:27}}
Mar 15 05:57:39 ubuntu devstack@keystone.service[82073]: DEBUG keystone.server.flask.request_processing.req_logging [None req-f9560a29-9de1-4554-b8c5-eceafd4ee37a None None] PATH_INFO: `/v3/auth/tokens` {{(pid=82073) log_request_info /opt/stack/keystone/keystone/server/flask/request_processing/req_logging.py:28}}
Mar 15 05:57:39 ubuntu devstack@keystone.service[82073]: WARNING keystone.common.password_hashing [None req-f9560a29-9de1-4554-b8c5-eceafd4ee37a None None] Truncating password to algorithm specific maximum length 72 characters.
Mar 15 05:57:39 ubuntu devstack@keystone.service[82073]: DEBUG keystone.auth.core [None req-f9560a29-9de1-4554-b8c5-eceafd4ee37a None None] MFA Rules not processed for user `0c24b4b96c5f40039773ee9cf9309edf`. Rule list: `[]` (Enabled: `True`). {{(pid=82073) check_auth_methods_against_rules /opt/stack/keystone/keystone/auth/core.py:476}}
Mar 15 05:57:39 ubuntu devstack@keystone.service[82073]: DEBUG keystone.common.fernet_utils [None req-f9560a29-9de1-4554-b8c5-eceafd4ee37a None None] Loaded 2 Fernet keys from /etc/keystone/fernet-keys/, but `[fernet_tokens] max_active_keys = 3`; perhaps there have not been enough key rotations to reach `max_active_keys` yet? {{(pid=82073) load_keys /opt/stack/keystone/keystone/common/fernet_utils.py:297}}
Mar 15 05:57:39 ubuntu devstack@keystone.service[82072]: [pid: 82072|app: 0|req: 12/25] 10.201.5.82 () {58 vars in 1017 bytes} [Sun Mar 15 05:57:39 2026] POST /identity/v3/auth/tokens => generated 862 bytes in 208 msecs (HTTP/1.1 201) 6 headers in 363 bytes (1 switches on core 0)
Mar 15 05:57:39 ubuntu devstack@keystone.service[82073]: [pid: 82073|app: 0|req: 14/26] 10.201.5.82 () {58 vars in 1017 bytes} [Sun Mar 15 05:57:39 2026] POST /identity/v3/auth/tokens => generated 862 bytes in 70 msecs (HTTP/1.1 201) 6 headers in 363 bytes (2 switches on core 0)
Mar 15 05:57:39 ubuntu devstack@keystone.service[82072]: DEBUG keystone.server.flask.request_processing.req_logging [None req-3c233433-0d93-49bf-8c05-4eef319ffaef None None] REQUEST_METHOD: `GET` {{(pid=82072) log_request_info /opt/stack/keystone/keystone/server/flask/request_processing/req_logging.py:26}}
Mar 15 05:57:39 ubuntu devstack@keystone.service[82072]: DEBUG keystone.server.flask.request_processing.req_logging [None req-3c233433-0d93-49bf-8c05-4eef319ffaef None None] SCRIPT_NAME: `/identity` {{(pid=82072) log_request_info /opt/stack/keystone/keystone/server/flask/request_processing/req_logging.py:27}}
Mar 15 05:57:39 ubuntu devstack@keystone.service[82072]: DEBUG keystone.server.flask.request_processing.req_logging [None req-3c233433-0d93-49bf-8c05-4eef319ffaef None None] PATH_INFO: `/` {{(pid=82072) log_request_info /opt/stack/keystone/keystone/server/flask/request_processing/req_logging.py:28}}
Mar 15 05:57:39 ubuntu devstack@keystone.service[82072]: [pid: 82072|app: 0|req: 13/27] 10.201.5.82 () {54 vars in 920 bytes} [Sun Mar 15 05:57:39 2026] GET /identity => generated 270 bytes in 2 msecs (HTTP/1.1 300) 6 headers in 234 bytes (1 switches on core 0)
Mar 15 05:57:39 ubuntu devstack@keystone.service[82073]: DEBUG keystone.server.flask.request_processing.req_logging [None req-614e3441-cc83-443b-b047-23c334ca4620 None None] REQUEST_METHOD: `POST` {{(pid=82073) log_request_info /opt/stack/keystone/keystone/server/flask/request_processing/req_logging.py:26}}
Mar 15 05:57:39 ubuntu devstack@keystone.service[82073]: DEBUG keystone.server.flask.request_processing.req_logging [None req-614e3441-cc83-443b-b047-23c334ca4620 None None] SCRIPT_NAME: `/identity` {{(pid=82073) log_request_info /opt/stack/keystone/keystone/server/flask/request_processing/req_logging.py:27}}
Mar 15 05:57:39 ubuntu devstack@keystone.service[82073]: DEBUG keystone.server.flask.request_processing.req_logging [None req-614e3441-cc83-443b-b047-23c334ca4620 None None] PATH_INFO: `/v3/auth/tokens` {{(pid=82073) log_request_info /opt/stack/keystone/keystone/server/flask/request_processing/req_logging.py:28}}
Mar 15 05:57:39 ubuntu devstack@keystone.service[82073]: WARNING keystone.common.password_hashing [None req-614e3441-cc83-443b-b047-23c334ca4620 None None] Truncating password to algorithm specific maximum length 72 characters.
Mar 15 05:57:39 ubuntu devstack@keystone.service[82073]: DEBUG keystone.auth.core [None req-614e3441-cc83-443b-b047-23c334ca4620 None None] MFA Rules not processed for user `0c24b4b96c5f40039773ee9cf9309edf`. Rule list: `[]` (Enabled: `True`). {{(pid=82073) check_auth_methods_against_rules /opt/stack/keystone/keystone/auth/core.py:476}}
Mar 15 05:57:39 ubuntu devstack@keystone.service[82073]: DEBUG keystone.common.fernet_utils [None req-614e3441-cc83-443b-b047-23c334ca4620 None None] Loaded 2 Fernet keys from /etc/keystone/fernet-keys/, but `[fernet_tokens] max_active_keys = 3`; perhaps there have not been enough key rotations to reach `max_active_keys` yet? {{(pid=82073) load_keys /opt/stack/keystone/keystone/common/fernet_utils.py:297}}
Mar 15 05:57:39 ubuntu devstack@keystone.service[82072]: DEBUG keystone.server.flask.request_processing.middleware.auth_context [None req-3c233433-0d93-49bf-8c05-4eef319ffaef None None] Authenticating user token {{(pid=82072) process_request /opt/stack/data/venv/lib/python3.10/site-packages/keystonemiddleware/auth_token/__init__.py:407}}
Mar 15 05:57:39 ubuntu devstack@keystone.service[82073]: [pid: 82073|app: 0|req: 15/28] 10.201.5.82 () {58 vars in 1017 bytes} [Sun Mar 15 05:57:39 2026] POST /identity/v3/auth/tokens => generated 862 bytes in 75 msecs (HTTP/1.1 201) 6 headers in 363 bytes (1 switches on core 0)
Mar 15 05:57:39 ubuntu devstack@keystone.service[82073]: DEBUG keystone.server.flask.request_processing.middleware.auth_context [None req-614e3441-cc83-443b-b047-23c334ca4620 None None] Authenticating user token {{(pid=82073) process_request /opt/stack/data/venv/lib/python3.10/site-packages/keystonemiddleware/auth_token/__init__.py:407}}
Mar 15 05:57:39 ubuntu devstack@keystone.service[82072]: DEBUG keystone.server.flask.request_processing.middleware.auth_context [None req-3c233433-0d93-49bf-8c05-4eef319ffaef None None] Validating token access rules against request {{(pid=82072) validate_allowed_request /opt/stack/data/venv/lib/python3.10/site-packages/keystonemiddleware/auth_token/__init__.py:545}}
Mar 15 05:57:39 ubuntu devstack@keystone.service[82072]: DEBUG keystone.server.flask.request_processing.middleware.auth_context [None req-055cc08e-a097-441e-bc51-92d8b6047c8f None admin] RBAC: auth_context: {'token': <TokenModel (audit_id=teKA3XogSqSzB1jO7B9oQA, audit_chain_id=['teKA3XogSqSzB1jO7B9oQA']) at 0x7fcb8d8398a0>, 'domain_id': None, 'trust_id': None, 'trustor_id': None, 'trustee_id': None, 'domain_name': None, 'group_ids': [], 'user_id': '0c24b4b96c5f40039773ee9cf9309edf', 'user_domain_id': 'default', 'system_scope': 'all', 'project_id': None, 'project_domain_id': None, 'roles': ['admin', 'manager', 'member', 'reader'], 'is_admin_project': True, 'service_user_id': None, 'service_user_domain_id': None, 'service_project_id': None, 'service_project_domain_id': None, 'service_roles': []} {{(pid=82072) fill_context /opt/stack/keystone/keystone/server/flask/request_processing/middleware/auth_context.py:509}}
Mar 15 05:57:39 ubuntu devstack@keystone.service[82072]: DEBUG keystone.server.flask.request_processing.req_logging [None req-055cc08e-a097-441e-bc51-92d8b6047c8f None admin] REQUEST_METHOD: `GET` {{(pid=82072) log_request_info /opt/stack/keystone/keystone/server/flask/request_processing/req_logging.py:26}}
Mar 15 05:57:39 ubuntu devstack@keystone.service[82072]: DEBUG keystone.server.flask.request_processing.req_logging [None req-055cc08e-a097-441e-bc51-92d8b6047c8f None admin] SCRIPT_NAME: `/identity` {{(pid=82072) log_request_info /opt/stack/keystone/keystone/server/flask/request_processing/req_logging.py:27}}
Mar 15 05:57:39 ubuntu devstack@keystone.service[82072]: DEBUG keystone.server.flask.request_processing.req_logging [None req-055cc08e-a097-441e-bc51-92d8b6047c8f None admin] PATH_INFO: `/v3/domains/Default` {{(pid=82072) log_request_info /opt/stack/keystone/keystone/server/flask/request_processing/req_logging.py:28}}
Mar 15 05:57:39 ubuntu devstack@keystone.service[82073]: DEBUG keystone.server.flask.request_processing.middleware.auth_context [None req-614e3441-cc83-443b-b047-23c334ca4620 None None] Validating token access rules against request {{(pid=82073) validate_allowed_request /opt/stack/data/venv/lib/python3.10/site-packages/keystonemiddleware/auth_token/__init__.py:545}}
Mar 15 05:57:39 ubuntu devstack@keystone.service[82072]: DEBUG keystone.common.rbac_enforcer.enforcer [None req-055cc08e-a097-441e-bc51-92d8b6047c8f None admin] RBAC: Authorizing `identity:get_domain(domain_id=Default)` {{(pid=82072) enforce_call /opt/stack/keystone/keystone/common/rbac_enforcer/enforcer.py:494}}
Mar 15 05:57:39 ubuntu devstack@keystone.service[82072]: DEBUG keystone.common.rbac_enforcer.enforcer [None req-055cc08e-a097-441e-bc51-92d8b6047c8f None admin] RBAC: Authorization granted {{(pid=82072) enforce_call /opt/stack/keystone/keystone/common/rbac_enforcer/enforcer.py:505}}
Mar 15 05:57:39 ubuntu devstack@keystone.service[82072]: DEBUG keystone.server.flask.application [None req-055cc08e-a097-441e-bc51-92d8b6047c8f None admin] Could not find domain: Default. {{(pid=82072) _handle_keystone_exception /opt/stack/keystone/keystone/server/flask/application.py:146}}
Mar 15 05:57:39 ubuntu devstack@keystone.service[82072]: [pid: 82072|app: 0|req: 14/29] 10.201.5.82 () {56 vars in 1145 bytes} [Sun Mar 15 05:57:39 2026] GET /identity/v3/domains/Default => generated 87 bytes in 115 msecs (HTTP/1.1 404) 5 headers in 183 bytes (1 switches on core 0)
Mar 15 05:57:39 ubuntu devstack@keystone.service[82072]: DEBUG keystone.server.flask.request_processing.middleware.auth_context [None req-055cc08e-a097-441e-bc51-92d8b6047c8f None admin] Authenticating user token {{(pid=82072) process_request /opt/stack/data/venv/lib/python3.10/site-packages/keystonemiddleware/auth_token/__init__.py:407}}
Mar 15 05:57:39 ubuntu devstack@keystone.service[82073]: DEBUG keystone.server.flask.request_processing.middleware.auth_context [None req-740dd091-ddb0-4e00-892b-385293119a4e None admin] RBAC: auth_context: {'token': <TokenModel (audit_id=CRvs3vNESWuuXwkP0dU27A, audit_chain_id=['CRvs3vNESWuuXwkP0dU27A']) at 0x7fcb8ce698a0>, 'domain_id': None, 'trust_id': None, 'trustor_id': None, 'trustee_id': None, 'domain_name': None, 'group_ids': [], 'user_id': '0c24b4b96c5f40039773ee9cf9309edf', 'user_domain_id': 'default', 'system_scope': 'all', 'project_id': None, 'project_domain_id': None, 'roles': ['admin', 'manager', 'member', 'reader'], 'is_admin_project': True, 'service_user_id': None, 'service_user_domain_id': None, 'service_project_id': None, 'service_project_domain_id': None, 'service_roles': []} {{(pid=82073) fill_context /opt/stack/keystone/keystone/server/flask/request_processing/middleware/auth_context.py:509}}
Mar 15 05:57:39 ubuntu devstack@keystone.service[82073]: DEBUG keystone.server.flask.request_processing.req_logging [None req-740dd091-ddb0-4e00-892b-385293119a4e None admin] REQUEST_METHOD: `GET` {{(pid=82073) log_request_info /opt/stack/keystone/keystone/server/flask/request_processing/req_logging.py:26}}
Mar 15 05:57:39 ubuntu devstack@keystone.service[82073]: DEBUG keystone.server.flask.request_processing.req_logging [None req-740dd091-ddb0-4e00-892b-385293119a4e None admin] SCRIPT_NAME: `/identity` {{(pid=82073) log_request_info /opt/stack/keystone/keystone/server/flask/request_processing/req_logging.py:27}}
Mar 15 05:57:39 ubuntu devstack@keystone.service[82073]: DEBUG keystone.server.flask.request_processing.req_logging [None req-740dd091-ddb0-4e00-892b-385293119a4e None admin] PATH_INFO: `/v3/roles/admin` {{(pid=82073) log_request_info /opt/stack/keystone/keystone/server/flask/request_processing/req_logging.py:28}}
Mar 15 05:57:39 ubuntu devstack@keystone.service[82073]: DEBUG keystone.common.rbac_enforcer.enforcer [None req-740dd091-ddb0-4e00-892b-385293119a4e None admin] Extracting inferred target data resulted in "NOT FOUND (404)". {{(pid=82073) enforce_call /opt/stack/keystone/keystone/common/rbac_enforcer/enforcer.py:445}}
Mar 15 05:57:39 ubuntu devstack@keystone.service[82073]: DEBUG keystone.server.flask.application [None req-740dd091-ddb0-4e00-892b-385293119a4e None admin] Could not find role: admin. {{(pid=82073) _handle_keystone_exception /opt/stack/keystone/keystone/server/flask/application.py:146}}
Mar 15 05:57:39 ubuntu devstack@keystone.service[82073]: [pid: 82073|app: 0|req: 16/30] 10.201.5.82 () {56 vars in 1133 bytes} [Sun Mar 15 05:57:39 2026] GET /identity/v3/roles/admin => generated 83 bytes in 82 msecs (HTTP/1.1 404) 5 headers in 183 bytes (1 switches on core 0)
Mar 15 05:57:39 ubuntu devstack@keystone.service[82073]: DEBUG keystone.server.flask.request_processing.middleware.auth_context [None req-740dd091-ddb0-4e00-892b-385293119a4e None admin] Authenticating user token {{(pid=82073) process_request /opt/stack/data/venv/lib/python3.10/site-packages/keystonemiddleware/auth_token/__init__.py:407}}
Mar 15 05:57:39 ubuntu devstack@keystone.service[82072]: DEBUG keystone.server.flask.request_processing.middleware.auth_context [None req-055cc08e-a097-441e-bc51-92d8b6047c8f None admin] Validating token access rules against request {{(pid=82072) validate_allowed_request /opt/stack/data/venv/lib/python3.10/site-packages/keystonemiddleware/auth_token/__init__.py:545}}
Mar 15 05:57:39 ubuntu devstack@keystone.service[82073]: DEBUG keystone.server.flask.request_processing.middleware.auth_context [None req-740dd091-ddb0-4e00-892b-385293119a4e None admin] Validating token access rules against request {{(pid=82073) validate_allowed_request /opt/stack/data/venv/lib/python3.10/site-packages/keystonemiddleware/auth_token/__init__.py:545}}
Mar 15 05:57:39 ubuntu devstack@keystone.service[82073]: DEBUG keystone.server.flask.request_processing.middleware.auth_context [None req-49933c30-e3f7-4980-ade5-4ec580ce354e None admin] RBAC: auth_context: {'token': <TokenModel (audit_id=CRvs3vNESWuuXwkP0dU27A, audit_chain_id=['CRvs3vNESWuuXwkP0dU27A']) at 0x7fcb8e072dd0>, 'domain_id': None, 'trust_id': None, 'trustor_id': None, 'trustee_id': None, 'domain_name': None, 'group_ids': [], 'user_id': '0c24b4b96c5f40039773ee9cf9309edf', 'user_domain_id': 'default', 'system_scope': 'all', 'project_id': None, 'project_domain_id': None, 'roles': ['admin', 'manager', 'member', 'reader'], 'is_admin_project': True, 'service_user_id': None, 'service_user_domain_id': None, 'service_project_id': None, 'service_project_domain_id': None, 'service_roles': []} {{(pid=82073) fill_context /opt/stack/keystone/keystone/server/flask/request_processing/middleware/auth_context.py:509}}
Mar 15 05:57:39 ubuntu devstack@keystone.service[82072]: DEBUG keystone.server.flask.request_processing.middleware.auth_context [None req-44b818ff-6767-4704-b9e9-3f5848591a88 None admin] RBAC: auth_context: {'token': <TokenModel (audit_id=teKA3XogSqSzB1jO7B9oQA, audit_chain_id=['teKA3XogSqSzB1jO7B9oQA']) at 0x7fcb8cf59480>, 'domain_id': None, 'trust_id': None, 'trustor_id': None, 'trustee_id': None, 'domain_name': None, 'group_ids': [], 'user_id': '0c24b4b96c5f40039773ee9cf9309edf', 'user_domain_id': 'default', 'system_scope': 'all', 'project_id': None, 'project_domain_id': None, 'roles': ['admin', 'manager', 'member', 'reader'], 'is_admin_project': True, 'service_user_id': None, 'service_user_domain_id': None, 'service_project_id': None, 'service_project_domain_id': None, 'service_roles': []} {{(pid=82072) fill_context /opt/stack/keystone/keystone/server/flask/request_processing/middleware/auth_context.py:509}}
Mar 15 05:57:39 ubuntu devstack@keystone.service[82073]: DEBUG keystone.server.flask.request_processing.req_logging [None req-49933c30-e3f7-4980-ade5-4ec580ce354e None admin] REQUEST_METHOD: `GET` {{(pid=82073) log_request_info /opt/stack/keystone/keystone/server/flask/request_processing/req_logging.py:26}}
Mar 15 05:57:39 ubuntu devstack@keystone.service[82072]: DEBUG keystone.server.flask.request_processing.req_logging [None req-44b818ff-6767-4704-b9e9-3f5848591a88 None admin] REQUEST_METHOD: `GET` {{(pid=82072) log_request_info /opt/stack/keystone/keystone/server/flask/request_processing/req_logging.py:26}}
Mar 15 05:57:39 ubuntu devstack@keystone.service[82073]: DEBUG keystone.server.flask.request_processing.req_logging [None req-49933c30-e3f7-4980-ade5-4ec580ce354e None admin] SCRIPT_NAME: `/identity` {{(pid=82073) log_request_info /opt/stack/keystone/keystone/server/flask/request_processing/req_logging.py:27}}
Mar 15 05:57:39 ubuntu devstack@keystone.service[82072]: DEBUG keystone.server.flask.request_processing.req_logging [None req-44b818ff-6767-4704-b9e9-3f5848591a88 None admin] SCRIPT_NAME: `/identity` {{(pid=82072) log_request_info /opt/stack/keystone/keystone/server/flask/request_processing/req_logging.py:27}}
Mar 15 05:57:39 ubuntu devstack@keystone.service[82073]: DEBUG keystone.server.flask.request_processing.req_logging [None req-49933c30-e3f7-4980-ade5-4ec580ce354e None admin] PATH_INFO: `/v3/roles` {{(pid=82073) log_request_info /opt/stack/keystone/keystone/server/flask/request_processing/req_logging.py:28}}
Mar 15 05:57:39 ubuntu devstack@keystone.service[82072]: DEBUG keystone.server.flask.request_processing.req_logging [None req-44b818ff-6767-4704-b9e9-3f5848591a88 None admin] PATH_INFO: `/v3/domains` {{(pid=82072) log_request_info /opt/stack/keystone/keystone/server/flask/request_processing/req_logging.py:28}}
Mar 15 05:57:39 ubuntu devstack@keystone.service[82073]: DEBUG keystone.common.rbac_enforcer.enforcer [None req-49933c30-e3f7-4980-ade5-4ec580ce354e None admin] RBAC: Adding query filter params (name=admin) {{(pid=82073) _extract_filter_values /opt/stack/keystone/keystone/common/rbac_enforcer/enforcer.py:176}}
Mar 15 05:57:39 ubuntu devstack@keystone.service[82072]: DEBUG keystone.common.rbac_enforcer.enforcer [None req-44b818ff-6767-4704-b9e9-3f5848591a88 None admin] RBAC: Adding query filter params (name=Default) {{(pid=82072) _extract_filter_values /opt/stack/keystone/keystone/common/rbac_enforcer/enforcer.py:176}}
Mar 15 05:57:39 ubuntu devstack@keystone.service[82073]: DEBUG keystone.common.rbac_enforcer.enforcer [None req-49933c30-e3f7-4980-ade5-4ec580ce354e None admin] RBAC: Authorizing `identity:list_roles()` {{(pid=82073) enforce_call /opt/stack/keystone/keystone/common/rbac_enforcer/enforcer.py:494}}
Mar 15 05:57:39 ubuntu devstack@keystone.service[82072]: DEBUG keystone.common.rbac_enforcer.enforcer [None req-44b818ff-6767-4704-b9e9-3f5848591a88 None admin] RBAC: Authorizing `identity:list_domains()` {{(pid=82072) enforce_call /opt/stack/keystone/keystone/common/rbac_enforcer/enforcer.py:494}}
Mar 15 05:57:39 ubuntu devstack@keystone.service[82072]: DEBUG keystone.common.rbac_enforcer.enforcer [None req-44b818ff-6767-4704-b9e9-3f5848591a88 None admin] RBAC: Authorization granted {{(pid=82072) enforce_call /opt/stack/keystone/keystone/common/rbac_enforcer/enforcer.py:505}}
Mar 15 05:57:39 ubuntu devstack@keystone.service[82073]: DEBUG keystone.common.rbac_enforcer.enforcer [None req-49933c30-e3f7-4980-ade5-4ec580ce354e None admin] RBAC: Authorization granted {{(pid=82073) enforce_call /opt/stack/keystone/keystone/common/rbac_enforcer/enforcer.py:505}}
Mar 15 05:57:39 ubuntu devstack@keystone.service[82073]: [pid: 82073|app: 0|req: 17/31] 10.201.5.82 () {56 vars in 1149 bytes} [Sun Mar 15 05:57:39 2026] GET /identity/v3/roles?name=admin => generated 339 bytes in 63 msecs (HTTP/1.1 200) 5 headers in 177 bytes (2 switches on core 0)
Mar 15 05:57:39 ubuntu devstack@keystone.service[82072]: [pid: 82072|app: 0|req: 15/32] 10.201.5.82 () {56 vars in 1159 bytes} [Sun Mar 15 05:57:39 2026] GET /identity/v3/domains?name=Default => generated 308 bytes in 79 msecs (HTTP/1.1 200) 5 headers in 177 bytes (1 switches on core 0)
Mar 15 05:57:39 ubuntu devstack@keystone.service[82073]: DEBUG keystone.server.flask.request_processing.middleware.auth_context [None req-49933c30-e3f7-4980-ade5-4ec580ce354e None admin] Authenticating user token {{(pid=82073) process_request /opt/stack/data/venv/lib/python3.10/site-packages/keystonemiddleware/auth_token/__init__.py:407}}
Mar 15 05:57:39 ubuntu devstack@keystone.service[82072]: DEBUG keystone.server.flask.request_processing.middleware.auth_context [None req-44b818ff-6767-4704-b9e9-3f5848591a88 None admin] Authenticating user token {{(pid=82072) process_request /opt/stack/data/venv/lib/python3.10/site-packages/keystonemiddleware/auth_token/__init__.py:407}}
Mar 15 05:57:39 ubuntu devstack@keystone.service[82073]: DEBUG keystone.server.flask.request_processing.middleware.auth_context [None req-49933c30-e3f7-4980-ade5-4ec580ce354e None admin] Validating token access rules against request {{(pid=82073) validate_allowed_request /opt/stack/data/venv/lib/python3.10/site-packages/keystonemiddleware/auth_token/__init__.py:545}}
Mar 15 05:57:39 ubuntu devstack@keystone.service[82072]: DEBUG keystone.server.flask.request_processing.middleware.auth_context [None req-44b818ff-6767-4704-b9e9-3f5848591a88 None admin] Validating token access rules against request {{(pid=82072) validate_allowed_request /opt/stack/data/venv/lib/python3.10/site-packages/keystonemiddleware/auth_token/__init__.py:545}}
Mar 15 05:57:39 ubuntu devstack@keystone.service[82072]: DEBUG keystone.server.flask.request_processing.middleware.auth_context [None req-c9918a72-bcca-45a9-bde2-7c7160c66b90 None admin] RBAC: auth_context: {'token': <TokenModel (audit_id=teKA3XogSqSzB1jO7B9oQA, audit_chain_id=['teKA3XogSqSzB1jO7B9oQA']) at 0x7fcb8d83b880>, 'domain_id': None, 'trust_id': None, 'trustor_id': None, 'trustee_id': None, 'domain_name': None, 'group_ids': [], 'user_id': '0c24b4b96c5f40039773ee9cf9309edf', 'user_domain_id': 'default', 'system_scope': 'all', 'project_id': None, 'project_domain_id': None, 'roles': ['admin', 'manager', 'member', 'reader'], 'is_admin_project': True, 'service_user_id': None, 'service_user_domain_id': None, 'service_project_id': None, 'service_project_domain_id': None, 'service_roles': []} {{(pid=82072) fill_context /opt/stack/keystone/keystone/server/flask/request_processing/middleware/auth_context.py:509}}
Mar 15 05:57:39 ubuntu devstack@keystone.service[82072]: DEBUG keystone.server.flask.request_processing.req_logging [None req-c9918a72-bcca-45a9-bde2-7c7160c66b90 None admin] REQUEST_METHOD: `POST` {{(pid=82072) log_request_info /opt/stack/keystone/keystone/server/flask/request_processing/req_logging.py:26}}
Mar 15 05:57:39 ubuntu devstack@keystone.service[82072]: DEBUG keystone.server.flask.request_processing.req_logging [None req-c9918a72-bcca-45a9-bde2-7c7160c66b90 None admin] SCRIPT_NAME: `/identity` {{(pid=82072) log_request_info /opt/stack/keystone/keystone/server/flask/request_processing/req_logging.py:27}}
Mar 15 05:57:39 ubuntu devstack@keystone.service[82072]: DEBUG keystone.server.flask.request_processing.req_logging [None req-c9918a72-bcca-45a9-bde2-7c7160c66b90 None admin] PATH_INFO: `/v3/projects` {{(pid=82072) log_request_info /opt/stack/keystone/keystone/server/flask/request_processing/req_logging.py:28}}
Mar 15 05:57:39 ubuntu devstack@keystone.service[82073]: DEBUG keystone.server.flask.request_processing.middleware.auth_context [None req-712ab018-46f3-4345-86a8-e7e2b5d63300 None admin] RBAC: auth_context: {'token': <TokenModel (audit_id=CRvs3vNESWuuXwkP0dU27A, audit_chain_id=['CRvs3vNESWuuXwkP0dU27A']) at 0x7fcb8cedc8e0>, 'domain_id': None, 'trust_id': None, 'trustor_id': None, 'trustee_id': None, 'domain_name': None, 'group_ids': [], 'user_id': '0c24b4b96c5f40039773ee9cf9309edf', 'user_domain_id': 'default', 'system_scope': 'all', 'project_id': None, 'project_domain_id': None, 'roles': ['admin', 'manager', 'member', 'reader'], 'is_admin_project': True, 'service_user_id': None, 'service_user_domain_id': None, 'service_project_id': None, 'service_project_domain_id': None, 'service_roles': []} {{(pid=82073) fill_context /opt/stack/keystone/keystone/server/flask/request_processing/middleware/auth_context.py:509}}
Mar 15 05:57:39 ubuntu devstack@keystone.service[82073]: DEBUG keystone.server.flask.request_processing.req_logging [None req-712ab018-46f3-4345-86a8-e7e2b5d63300 None admin] REQUEST_METHOD: `GET` {{(pid=82073) log_request_info /opt/stack/keystone/keystone/server/flask/request_processing/req_logging.py:26}}
Mar 15 05:57:39 ubuntu devstack@keystone.service[82073]: DEBUG keystone.server.flask.request_processing.req_logging [None req-712ab018-46f3-4345-86a8-e7e2b5d63300 None admin] SCRIPT_NAME: `/identity` {{(pid=82073) log_request_info /opt/stack/keystone/keystone/server/flask/request_processing/req_logging.py:27}}
Mar 15 05:57:39 ubuntu devstack@keystone.service[82073]: DEBUG keystone.server.flask.request_processing.req_logging [None req-712ab018-46f3-4345-86a8-e7e2b5d63300 None admin] PATH_INFO: `/v3/users/0c24b4b96c5f40039773ee9cf9309edf` {{(pid=82073) log_request_info /opt/stack/keystone/keystone/server/flask/request_processing/req_logging.py:28}}
Mar 15 05:57:39 ubuntu devstack@keystone.service[82072]: DEBUG keystone.common.rbac_enforcer.enforcer [None req-c9918a72-bcca-45a9-bde2-7c7160c66b90 None admin] RBAC: Authorizing `identity:create_project()` {{(pid=82072) enforce_call /opt/stack/keystone/keystone/common/rbac_enforcer/enforcer.py:494}}
Mar 15 05:57:39 ubuntu devstack@keystone.service[82073]: DEBUG keystone.common.rbac_enforcer.enforcer [None req-712ab018-46f3-4345-86a8-e7e2b5d63300 None admin] RBAC: Authorizing `identity:get_user(user_id=0c24b4b96c5f40039773ee9cf9309edf)` {{(pid=82073) enforce_call /opt/stack/keystone/keystone/common/rbac_enforcer/enforcer.py:494}}
Mar 15 05:57:39 ubuntu devstack@keystone.service[82072]: DEBUG keystone.common.rbac_enforcer.enforcer [None req-c9918a72-bcca-45a9-bde2-7c7160c66b90 None admin] RBAC: Authorization granted {{(pid=82072) enforce_call /opt/stack/keystone/keystone/common/rbac_enforcer/enforcer.py:505}}
Mar 15 05:57:39 ubuntu devstack@keystone.service[82073]: DEBUG keystone.common.rbac_enforcer.enforcer [None req-712ab018-46f3-4345-86a8-e7e2b5d63300 None admin] RBAC: Authorization granted {{(pid=82073) enforce_call /opt/stack/keystone/keystone/common/rbac_enforcer/enforcer.py:505}}
Mar 15 05:57:39 ubuntu devstack@keystone.service[82073]: [pid: 82073|app: 0|req: 18/33] 10.201.5.82 () {56 vars in 1214 bytes} [Sun Mar 15 05:57:39 2026] GET /identity/v3/users/0c24b4b96c5f40039773ee9cf9309edf => generated 247 bytes in 58 msecs (HTTP/1.1 200) 5 headers in 177 bytes (1 switches on core 0)
Mar 15 05:57:39 ubuntu devstack@keystone.service[82073]: DEBUG keystone.server.flask.request_processing.req_logging [None req-64c49f2f-94b8-4f73-ae98-9c4def38301c None None] REQUEST_METHOD: `GET` {{(pid=82073) log_request_info /opt/stack/keystone/keystone/server/flask/request_processing/req_logging.py:26}}
Mar 15 05:57:39 ubuntu devstack@keystone.service[82073]: DEBUG keystone.server.flask.request_processing.req_logging [None req-64c49f2f-94b8-4f73-ae98-9c4def38301c None None] SCRIPT_NAME: `/identity` {{(pid=82073) log_request_info /opt/stack/keystone/keystone/server/flask/request_processing/req_logging.py:27}}
Mar 15 05:57:39 ubuntu devstack@keystone.service[82073]: DEBUG keystone.server.flask.request_processing.req_logging [None req-64c49f2f-94b8-4f73-ae98-9c4def38301c None None] PATH_INFO: `/` {{(pid=82073) log_request_info /opt/stack/keystone/keystone/server/flask/request_processing/req_logging.py:28}}
Mar 15 05:57:39 ubuntu devstack@keystone.service[82073]: [pid: 82073|app: 0|req: 19/34] 10.201.5.82 () {54 vars in 920 bytes} [Sun Mar 15 05:57:39 2026] GET /identity => generated 270 bytes in 1 msecs (HTTP/1.1 300) 6 headers in 234 bytes (1 switches on core 0)
Mar 15 05:57:39 ubuntu devstack@keystone.service[82073]: DEBUG keystone.server.flask.request_processing.middleware.auth_context [None req-64c49f2f-94b8-4f73-ae98-9c4def38301c None None] Authenticating user token {{(pid=82073) process_request /opt/stack/data/venv/lib/python3.10/site-packages/keystonemiddleware/auth_token/__init__.py:407}}
Mar 15 05:57:39 ubuntu devstack@keystone.service[82072]: [pid: 82072|app: 0|req: 16/35] 10.201.5.82 () {60 vars in 1177 bytes} [Sun Mar 15 05:57:39 2026] POST /identity/v3/projects => generated 301 bytes in 70 msecs (HTTP/1.1 201) 5 headers in 182 bytes (1 switches on core 0)
Mar 15 05:57:39 ubuntu devstack@keystone.service[82072]: DEBUG keystone.server.flask.request_processing.req_logging [None req-ba989984-55a9-49d2-99d9-83fe1dfa30c7 None None] REQUEST_METHOD: `POST` {{(pid=82072) log_request_info /opt/stack/keystone/keystone/server/flask/request_processing/req_logging.py:26}}
Mar 15 05:57:39 ubuntu devstack@keystone.service[82072]: DEBUG keystone.server.flask.request_processing.req_logging [None req-ba989984-55a9-49d2-99d9-83fe1dfa30c7 None None] SCRIPT_NAME: `/identity` {{(pid=82072) log_request_info /opt/stack/keystone/keystone/server/flask/request_processing/req_logging.py:27}}
Mar 15 05:57:39 ubuntu devstack@keystone.service[82072]: DEBUG keystone.server.flask.request_processing.req_logging [None req-ba989984-55a9-49d2-99d9-83fe1dfa30c7 None None] PATH_INFO: `/v3/auth/tokens` {{(pid=82072) log_request_info /opt/stack/keystone/keystone/server/flask/request_processing/req_logging.py:28}}
Mar 15 05:57:39 ubuntu devstack@keystone.service[82072]: WARNING keystone.common.password_hashing [None req-ba989984-55a9-49d2-99d9-83fe1dfa30c7 None None] Truncating password to algorithm specific maximum length 72 characters.
Mar 15 05:57:39 ubuntu devstack@keystone.service[82072]: DEBUG keystone.auth.core [None req-ba989984-55a9-49d2-99d9-83fe1dfa30c7 None None] MFA Rules not processed for user `0c24b4b96c5f40039773ee9cf9309edf`. Rule list: `[]` (Enabled: `True`). {{(pid=82072) check_auth_methods_against_rules /opt/stack/keystone/keystone/auth/core.py:476}}
Mar 15 05:57:39 ubuntu devstack@keystone.service[82072]: DEBUG keystone.common.fernet_utils [None req-ba989984-55a9-49d2-99d9-83fe1dfa30c7 None None] Loaded 2 Fernet keys from /etc/keystone/fernet-keys/, but `[fernet_tokens] max_active_keys = 3`; perhaps there have not been enough key rotations to reach `max_active_keys` yet? {{(pid=82072) load_keys /opt/stack/keystone/keystone/common/fernet_utils.py:297}}
Mar 15 05:57:39 ubuntu devstack@keystone.service[82073]: DEBUG keystone.server.flask.request_processing.middleware.auth_context [None req-64c49f2f-94b8-4f73-ae98-9c4def38301c None None] Validating token access rules against request {{(pid=82073) validate_allowed_request /opt/stack/data/venv/lib/python3.10/site-packages/keystonemiddleware/auth_token/__init__.py:545}}
Mar 15 05:57:39 ubuntu devstack@keystone.service[82072]: [pid: 82072|app: 0|req: 17/36] 10.201.5.82 () {58 vars in 1017 bytes} [Sun Mar 15 05:57:39 2026] POST /identity/v3/auth/tokens => generated 862 bytes in 49 msecs (HTTP/1.1 201) 6 headers in 363 bytes (1 switches on core 0)
Mar 15 05:57:39 ubuntu devstack@keystone.service[82072]: DEBUG keystone.server.flask.request_processing.middleware.auth_context [None req-ba989984-55a9-49d2-99d9-83fe1dfa30c7 None None] Authenticating user token {{(pid=82072) process_request /opt/stack/data/venv/lib/python3.10/site-packages/keystonemiddleware/auth_token/__init__.py:407}}
Mar 15 05:57:39 ubuntu devstack@keystone.service[82073]: DEBUG keystone.server.flask.request_processing.middleware.auth_context [None req-f0584770-899d-453c-982c-8870af9881ec None admin] RBAC: auth_context: {'token': <TokenModel (audit_id=KYFhBYyOQ5uT3e1pa68diQ, audit_chain_id=['KYFhBYyOQ5uT3e1pa68diQ']) at 0x7fcb8ce3ae00>, 'domain_id': None, 'trust_id': None, 'trustor_id': None, 'trustee_id': None, 'domain_name': None, 'group_ids': [], 'user_id': '0c24b4b96c5f40039773ee9cf9309edf', 'user_domain_id': 'default', 'system_scope': 'all', 'project_id': None, 'project_domain_id': None, 'roles': ['admin', 'manager', 'member', 'reader'], 'is_admin_project': True, 'service_user_id': None, 'service_user_domain_id': None, 'service_project_id': None, 'service_project_domain_id': None, 'service_roles': []} {{(pid=82073) fill_context /opt/stack/keystone/keystone/server/flask/request_processing/middleware/auth_context.py:509}}
Mar 15 05:57:39 ubuntu devstack@keystone.service[82073]: DEBUG keystone.server.flask.request_processing.req_logging [None req-f0584770-899d-453c-982c-8870af9881ec None admin] REQUEST_METHOD: `POST` {{(pid=82073) log_request_info /opt/stack/keystone/keystone/server/flask/request_processing/req_logging.py:26}}
Mar 15 05:57:39 ubuntu devstack@keystone.service[82073]: DEBUG keystone.server.flask.request_processing.req_logging [None req-f0584770-899d-453c-982c-8870af9881ec None admin] SCRIPT_NAME: `/identity` {{(pid=82073) log_request_info /opt/stack/keystone/keystone/server/flask/request_processing/req_logging.py:27}}
Mar 15 05:57:39 ubuntu devstack@keystone.service[82073]: DEBUG keystone.server.flask.request_processing.req_logging [None req-f0584770-899d-453c-982c-8870af9881ec None admin] PATH_INFO: `/v3/roles` {{(pid=82073) log_request_info /opt/stack/keystone/keystone/server/flask/request_processing/req_logging.py:28}}
Mar 15 05:57:39 ubuntu devstack@keystone.service[82073]: DEBUG keystone.common.rbac_enforcer.enforcer [None req-f0584770-899d-453c-982c-8870af9881ec None admin] RBAC: Authorizing `identity:create_role()` {{(pid=82073) enforce_call /opt/stack/keystone/keystone/common/rbac_enforcer/enforcer.py:494}}
Mar 15 05:57:39 ubuntu devstack@keystone.service[82073]: DEBUG keystone.common.rbac_enforcer.enforcer [None req-f0584770-899d-453c-982c-8870af9881ec None admin] RBAC: Authorization granted {{(pid=82073) enforce_call /opt/stack/keystone/keystone/common/rbac_enforcer/enforcer.py:505}}
Mar 15 05:57:39 ubuntu devstack@keystone.service[82073]: DEBUG keystone.common.sql.core [None req-f0584770-899d-453c-982c-8870af9881ec None admin] Conflict role: (pymysql.err.IntegrityError) (1062, "Duplicate entry 'service-<<null>>' for key 'role.ixu_role_name_domain_id'")
Mar 15 05:57:39 ubuntu devstack@keystone.service[82073]: [SQL: INSERT INTO `role` (id, name, description, extra) VALUES (%(id)s, %(name)s, %(description)s, %(extra)s)]
Mar 15 05:57:39 ubuntu devstack@keystone.service[82073]: [parameters: {'id': '4e2ed1fe0e90493ba7ec8b7cdc70bb65', 'name': 'service', 'description': None, 'extra': '{}'}]
Mar 15 05:57:39 ubuntu devstack@keystone.service[82073]: (Background on this error at: https://sqlalche.me/e/20/gkpj) {{(pid=82073) wrapper /opt/stack/keystone/keystone/common/sql/core.py:580}}
Mar 15 05:57:39 ubuntu devstack@keystone.service[82073]: ERROR keystone.server.flask.application [None req-f0584770-899d-453c-982c-8870af9881ec None admin] Conflict occurred attempting to store role - Duplicate entry found with name service.: keystone.exception.Conflict: Conflict occurred attempting to store role - Duplicate entry found with name service.
Mar 15 05:57:39 ubuntu devstack@keystone.service[82073]: ERROR keystone.server.flask.application Traceback (most recent call last):
Mar 15 05:57:39 ubuntu devstack@keystone.service[82073]: ERROR keystone.server.flask.application   File "/opt/stack/data/venv/lib/python3.10/site-packages/sqlalchemy/engine/base.py", line 1967, in _exec_single_context
Mar 15 05:57:39 ubuntu devstack@keystone.service[82073]: ERROR keystone.server.flask.application     self.dialect.do_execute(
Mar 15 05:57:39 ubuntu devstack@keystone.service[82073]: ERROR keystone.server.flask.application   File "/opt/stack/data/venv/lib/python3.10/site-packages/sqlalchemy/engine/default.py", line 952, in do_execute
Mar 15 05:57:39 ubuntu devstack@keystone.service[82073]: ERROR keystone.server.flask.application     cursor.execute(statement, parameters)
Mar 15 05:57:39 ubuntu devstack@keystone.service[82073]: ERROR keystone.server.flask.application   File "/opt/stack/data/venv/lib/python3.10/site-packages/pymysql/cursors.py", line 153, in execute
Mar 15 05:57:39 ubuntu devstack@keystone.service[82073]: ERROR keystone.server.flask.application     result = self._query(query)
Mar 15 05:57:39 ubuntu devstack@keystone.service[82073]: ERROR keystone.server.flask.application   File "/opt/stack/data/venv/lib/python3.10/site-packages/pymysql/cursors.py", line 322, in _query
Mar 15 05:57:39 ubuntu devstack@keystone.service[82073]: ERROR keystone.server.flask.application     conn.query(q)
Mar 15 05:57:39 ubuntu devstack@keystone.service[82073]: ERROR keystone.server.flask.application   File "/opt/stack/data/venv/lib/python3.10/site-packages/pymysql/connections.py", line 575, in query
Mar 15 05:57:39 ubuntu devstack@keystone.service[82073]: ERROR keystone.server.flask.application     self._affected_rows = self._read_query_result(unbuffered=unbuffered)
Mar 15 05:57:39 ubuntu devstack@keystone.service[82073]: ERROR keystone.server.flask.application   File "/opt/stack/data/venv/lib/python3.10/site-packages/pymysql/connections.py", line 826, in _read_query_result
Mar 15 05:57:39 ubuntu devstack@keystone.service[82073]: ERROR keystone.server.flask.application     result.read()
Mar 15 05:57:39 ubuntu devstack@keystone.service[82073]: ERROR keystone.server.flask.application   File "/opt/stack/data/venv/lib/python3.10/site-packages/pymysql/connections.py", line 1203, in read
Mar 15 05:57:39 ubuntu devstack@keystone.service[82073]: ERROR keystone.server.flask.application     first_packet = self.connection._read_packet()
Mar 15 05:57:39 ubuntu devstack@keystone.service[82073]: ERROR keystone.server.flask.application   File "/opt/stack/data/venv/lib/python3.10/site-packages/pymysql/connections.py", line 782, in _read_packet
Mar 15 05:57:39 ubuntu devstack@keystone.service[82073]: ERROR keystone.server.flask.application     packet.raise_for_error()
Mar 15 05:57:39 ubuntu devstack@keystone.service[82073]: ERROR keystone.server.flask.application   File "/opt/stack/data/venv/lib/python3.10/site-packages/pymysql/protocol.py", line 219, in raise_for_error
Mar 15 05:57:39 ubuntu devstack@keystone.service[82073]: ERROR keystone.server.flask.application     err.raise_mysql_exception(self._data)
Mar 15 05:57:39 ubuntu devstack@keystone.service[82073]: ERROR keystone.server.flask.application   File "/opt/stack/data/venv/lib/python3.10/site-packages/pymysql/err.py", line 150, in raise_mysql_exception
Mar 15 05:57:39 ubuntu devstack@keystone.service[82073]: ERROR keystone.server.flask.application     raise errorclass(errno, errval)
Mar 15 05:57:39 ubuntu devstack@keystone.service[82073]: ERROR keystone.server.flask.application pymysql.err.IntegrityError: (1062, "Duplicate entry 'service-<<null>>' for key 'role.ixu_role_name_domain_id'")
Mar 15 05:57:39 ubuntu devstack@keystone.service[82073]: ERROR keystone.server.flask.application 
Mar 15 05:57:39 ubuntu devstack@keystone.service[82073]: ERROR keystone.server.flask.application The above exception was the direct cause of the following exception:
Mar 15 05:57:39 ubuntu devstack@keystone.service[82073]: ERROR keystone.server.flask.application 
Mar 15 05:57:39 ubuntu devstack@keystone.service[82073]: ERROR keystone.server.flask.application Traceback (most recent call last):
Mar 15 05:57:39 ubuntu devstack@keystone.service[82073]: ERROR keystone.server.flask.application   File "/opt/stack/keystone/keystone/common/sql/core.py", line 575, in wrapper
Mar 15 05:57:39 ubuntu devstack@keystone.service[82073]: ERROR keystone.server.flask.application     return method(*args, **kwargs)
Mar 15 05:57:39 ubuntu devstack@keystone.service[82073]: ERROR keystone.server.flask.application   File "/opt/stack/keystone/keystone/assignment/role_backends/sql.py", line 25, in create_role
Mar 15 05:57:39 ubuntu devstack@keystone.service[82073]: ERROR keystone.server.flask.application     with sql.session_for_write() as session:
Mar 15 05:57:39 ubuntu devstack@keystone.service[82073]: ERROR keystone.server.flask.application   File "/usr/lib/python3.10/contextlib.py", line 142, in __exit__
Mar 15 05:57:39 ubuntu devstack@keystone.service[82073]: ERROR keystone.server.flask.application     next(self.gen)
Mar 15 05:57:39 ubuntu devstack@keystone.service[82073]: ERROR keystone.server.flask.application   File "/opt/stack/data/venv/lib/python3.10/site-packages/oslo_db/sqlalchemy/enginefacade.py", line 1175, in _transaction_scope
Mar 15 05:57:39 ubuntu devstack@keystone.service[82073]: ERROR keystone.server.flask.application     with current._produce_block(
Mar 15 05:57:39 ubuntu devstack@keystone.service[82073]: ERROR keystone.server.flask.application   File "/usr/lib/python3.10/contextlib.py", line 142, in __exit__
Mar 15 05:57:39 ubuntu devstack@keystone.service[82073]: ERROR keystone.server.flask.application     next(self.gen)
Mar 15 05:57:39 ubuntu devstack@keystone.service[82073]: ERROR keystone.server.flask.application   File "/opt/stack/data/venv/lib/python3.10/site-packages/oslo_db/sqlalchemy/enginefacade.py", line 837, in _session
Mar 15 05:57:39 ubuntu devstack@keystone.service[82073]: ERROR keystone.server.flask.application     with excutils.save_and_reraise_exception():
Mar 15 05:57:39 ubuntu devstack@keystone.service[82073]: ERROR keystone.server.flask.application   File "/opt/stack/data/venv/lib/python3.10/site-packages/oslo_utils/excutils.py", line 267, in __exit__
Mar 15 05:57:39 ubuntu devstack@keystone.service[82073]: ERROR keystone.server.flask.application     self.force_reraise()
Mar 15 05:57:39 ubuntu devstack@keystone.service[82073]: ERROR keystone.server.flask.application   File "/opt/stack/data/venv/lib/python3.10/site-packages/oslo_utils/excutils.py", line 233, in force_reraise
Mar 15 05:57:39 ubuntu devstack@keystone.service[82073]: ERROR keystone.server.flask.application     raise self.value
Mar 15 05:57:39 ubuntu devstack@keystone.service[82073]: ERROR keystone.server.flask.application   File "/opt/stack/data/venv/lib/python3.10/site-packages/oslo_db/sqlalchemy/enginefacade.py", line 835, in _session
Mar 15 05:57:39 ubuntu devstack@keystone.service[82073]: ERROR keystone.server.flask.application     self._end_session_transaction(self.session)
Mar 15 05:57:39 ubuntu devstack@keystone.service[82073]: ERROR keystone.server.flask.application   File "/opt/stack/data/venv/lib/python3.10/site-packages/oslo_db/sqlalchemy/enginefacade.py", line 748, in _end_session_transaction
Mar 15 05:57:39 ubuntu devstack@keystone.service[82073]: ERROR keystone.server.flask.application     session.commit()
Mar 15 05:57:39 ubuntu devstack@keystone.service[82073]: ERROR keystone.server.flask.application   File "/opt/stack/data/venv/lib/python3.10/site-packages/sqlalchemy/orm/session.py", line 2030, in commit
Mar 15 05:57:39 ubuntu devstack@keystone.service[82073]: ERROR keystone.server.flask.application     trans.commit(_to_root=True)
Mar 15 05:57:39 ubuntu devstack@keystone.service[82073]: ERROR keystone.server.flask.application   File "<string>", line 2, in commit
Mar 15 05:57:39 ubuntu devstack@keystone.service[82073]: ERROR keystone.server.flask.application   File "/opt/stack/data/venv/lib/python3.10/site-packages/sqlalchemy/orm/state_changes.py", line 137, in _go
Mar 15 05:57:39 ubuntu devstack@keystone.service[82073]: ERROR keystone.server.flask.application     ret_value = fn(self, *arg, **kw)
Mar 15 05:57:39 ubuntu devstack@keystone.service[82073]: ERROR keystone.server.flask.application   File "/opt/stack/data/venv/lib/python3.10/site-packages/sqlalchemy/orm/session.py", line 1311, in commit
Mar 15 05:57:39 ubuntu devstack@keystone.service[82073]: ERROR keystone.server.flask.application     self._prepare_impl()
Mar 15 05:57:39 ubuntu devstack@keystone.service[82073]: ERROR keystone.server.flask.application   File "<string>", line 2, in _prepare_impl
Mar 15 05:57:39 ubuntu devstack@keystone.service[82073]: ERROR keystone.server.flask.application   File "/opt/stack/data/venv/lib/python3.10/site-packages/sqlalchemy/orm/state_changes.py", line 137, in _go
Mar 15 05:57:39 ubuntu devstack@keystone.service[82073]: ERROR keystone.server.flask.application     ret_value = fn(self, *arg, **kw)
Mar 15 05:57:39 ubuntu devstack@keystone.service[82073]: ERROR keystone.server.flask.application   File "/opt/stack/data/venv/lib/python3.10/site-packages/sqlalchemy/orm/session.py", line 1286, in _prepare_impl
Mar 15 05:57:39 ubuntu devstack@keystone.service[82073]: ERROR keystone.server.flask.application     self.session.flush()
Mar 15 05:57:39 ubuntu devstack@keystone.service[82073]: ERROR keystone.server.flask.application   File "/opt/stack/data/venv/lib/python3.10/site-packages/sqlalchemy/orm/session.py", line 4331, in flush
Mar 15 05:57:39 ubuntu devstack@keystone.service[82073]: ERROR keystone.server.flask.application     self._flush(objects)
Mar 15 05:57:39 ubuntu devstack@keystone.service[82073]: ERROR keystone.server.flask.application   File "/opt/stack/data/venv/lib/python3.10/site-packages/sqlalchemy/orm/session.py", line 4466, in _flush
Mar 15 05:57:39 ubuntu devstack@keystone.service[82073]: ERROR keystone.server.flask.application     with util.safe_reraise():
Mar 15 05:57:39 ubuntu devstack@keystone.service[82073]: ERROR keystone.server.flask.application   File "/opt/stack/data/venv/lib/python3.10/site-packages/sqlalchemy/util/langhelpers.py", line 224, in __exit__
Mar 15 05:57:39 ubuntu devstack@keystone.service[82073]: ERROR keystone.server.flask.application     raise exc_value.with_traceback(exc_tb)
Mar 15 05:57:39 ubuntu devstack@keystone.service[82073]: ERROR keystone.server.flask.application   File "/opt/stack/data/venv/lib/python3.10/site-packages/sqlalchemy/orm/session.py", line 4427, in _flush
Mar 15 05:57:39 ubuntu devstack@keystone.service[82073]: ERROR keystone.server.flask.application     flush_context.execute()
Mar 15 05:57:39 ubuntu devstack@keystone.service[82073]: ERROR keystone.server.flask.application   File "/opt/stack/data/venv/lib/python3.10/site-packages/sqlalchemy/orm/unitofwork.py", line 466, in execute
Mar 15 05:57:39 ubuntu devstack@keystone.service[82073]: ERROR keystone.server.flask.application     rec.execute(self)
Mar 15 05:57:39 ubuntu devstack@keystone.service[82073]: ERROR keystone.server.flask.application   File "/opt/stack/data/venv/lib/python3.10/site-packages/sqlalchemy/orm/unitofwork.py", line 642, in execute
