Dec 11 16:26:23 ubuntu devstack@g-api.service[118582]: DEBUG glance.api.middleware.version_negotiation [None req-76f69b76-65ac-408e-926c-ec52572f7838 tempest-ImageDependencyTests-656342792 tempest-ImageDependencyTests-656342792-project-member] new path /v2/images/50a74358-7849-4ba1-90e0-c9b7ad2e3e6f {{(pid=118582) process_request /opt/stack/glance/glance/api/middleware/version_negotiation.py:70}}
Dec 11 16:26:23 ubuntu devstack@g-api.service[118583]: [pid: 118583|app: 0|req: 25/48] 127.0.0.1 () {42 vars in 1055 bytes} [Wed Dec 11 16:26:23 2024] GET /v2/images/50a74358-7849-4ba1-90e0-c9b7ad2e3e6f/file => generated 1024 bytes in 26 msecs (HTTP/1.1 200) 5 headers in 213 bytes (1 switches on core 0)
Dec 11 16:26:23 ubuntu devstack@g-api.service[118582]: [pid: 118582|app: 0|req: 24/49] 127.0.0.1 () {42 vars in 1045 bytes} [Wed Dec 11 16:26:23 2024] GET /v2/images/50a74358-7849-4ba1-90e0-c9b7ad2e3e6f => generated 808 bytes in 13 msecs (HTTP/1.1 200) 4 headers in 157 bytes (1 switches on core 0)
Dec 11 16:26:23 ubuntu devstack@g-api.service[118583]: DEBUG glance.api.middleware.version_negotiation [None req-76f69b76-65ac-408e-926c-ec52572f7838 tempest-ImageDependencyTests-656342792 tempest-ImageDependencyTests-656342792-project-member] Determining version of request: GET /v2/schemas/image Accept: */* {{(pid=118583) process_request /opt/stack/glance/glance/api/middleware/version_negotiation.py:44}}
Dec 11 16:26:23 ubuntu devstack@g-api.service[118583]: DEBUG glance.api.middleware.version_negotiation [None req-76f69b76-65ac-408e-926c-ec52572f7838 tempest-ImageDependencyTests-656342792 tempest-ImageDependencyTests-656342792-project-member] Using url versioning {{(pid=118583) process_request /opt/stack/glance/glance/api/middleware/version_negotiation.py:57}}
Dec 11 16:26:23 ubuntu devstack@g-api.service[118583]: DEBUG glance.api.middleware.version_negotiation [None req-76f69b76-65ac-408e-926c-ec52572f7838 tempest-ImageDependencyTests-656342792 tempest-ImageDependencyTests-656342792-project-member] Matched version: v2 {{(pid=118583) process_request /opt/stack/glance/glance/api/middleware/version_negotiation.py:69}}
Dec 11 16:26:23 ubuntu devstack@g-api.service[118583]: DEBUG glance.api.middleware.version_negotiation [None req-76f69b76-65ac-408e-926c-ec52572f7838 tempest-ImageDependencyTests-656342792 tempest-ImageDependencyTests-656342792-project-member] new path /v2/schemas/image {{(pid=118583) process_request /opt/stack/glance/glance/api/middleware/version_negotiation.py:70}}
Dec 11 16:26:23 ubuntu devstack@g-api.service[118583]: [pid: 118583|app: 0|req: 26/50] 127.0.0.1 () {42 vars in 985 bytes} [Wed Dec 11 16:26:23 2024] GET /v2/schemas/image => generated 6083 bytes in 4 msecs (HTTP/1.1 200) 4 headers in 158 bytes (1 switches on core 0)
Dec 11 16:26:24 ubuntu devstack@g-api.service[118582]: DEBUG glance.api.middleware.version_negotiation [None req-76f69b76-65ac-408e-926c-ec52572f7838 tempest-ImageDependencyTests-656342792 tempest-ImageDependencyTests-656342792-project-member] Determining version of request: GET /v2/images/50a74358-7849-4ba1-90e0-c9b7ad2e3e6f Accept: */* {{(pid=118582) process_request /opt/stack/glance/glance/api/middleware/version_negotiation.py:44}}
Dec 11 16:26:24 ubuntu devstack@g-api.service[118582]: DEBUG glance.api.middleware.version_negotiation [None req-76f69b76-65ac-408e-926c-ec52572f7838 tempest-ImageDependencyTests-656342792 tempest-ImageDependencyTests-656342792-project-member] Using url versioning {{(pid=118582) process_request /opt/stack/glance/glance/api/middleware/version_negotiation.py:57}}
Dec 11 16:26:24 ubuntu devstack@g-api.service[118582]: DEBUG glance.api.middleware.version_negotiation [None req-76f69b76-65ac-408e-926c-ec52572f7838 tempest-ImageDependencyTests-656342792 tempest-ImageDependencyTests-656342792-project-member] Matched version: v2 {{(pid=118582) process_request /opt/stack/glance/glance/api/middleware/version_negotiation.py:69}}
Dec 11 16:26:24 ubuntu devstack@g-api.service[118582]: DEBUG glance.api.middleware.version_negotiation [None req-76f69b76-65ac-408e-926c-ec52572f7838 tempest-ImageDependencyTests-656342792 tempest-ImageDependencyTests-656342792-project-member] new path /v2/images/50a74358-7849-4ba1-90e0-c9b7ad2e3e6f {{(pid=118582) process_request /opt/stack/glance/glance/api/middleware/version_negotiation.py:70}}
Dec 11 16:26:24 ubuntu devstack@g-api.service[118582]: [pid: 118582|app: 0|req: 25/51] 127.0.0.1 () {42 vars in 1045 bytes} [Wed Dec 11 16:26:24 2024] GET /v2/images/50a74358-7849-4ba1-90e0-c9b7ad2e3e6f => generated 808 bytes in 11 msecs (HTTP/1.1 200) 4 headers in 157 bytes (1 switches on core 0)
Dec 11 16:26:24 ubuntu devstack@g-api.service[118583]: DEBUG glance.api.middleware.version_negotiation [None req-76f69b76-65ac-408e-926c-ec52572f7838 tempest-ImageDependencyTests-656342792 tempest-ImageDependencyTests-656342792-project-member] Determining version of request: GET /v2/schemas/image Accept: */* {{(pid=118583) process_request /opt/stack/glance/glance/api/middleware/version_negotiation.py:44}}
Dec 11 16:26:24 ubuntu devstack@g-api.service[118583]: DEBUG glance.api.middleware.version_negotiation [None req-76f69b76-65ac-408e-926c-ec52572f7838 tempest-ImageDependencyTests-656342792 tempest-ImageDependencyTests-656342792-project-member] Using url versioning {{(pid=118583) process_request /opt/stack/glance/glance/api/middleware/version_negotiation.py:57}}
Dec 11 16:26:24 ubuntu devstack@g-api.service[118583]: DEBUG glance.api.middleware.version_negotiation [None req-76f69b76-65ac-408e-926c-ec52572f7838 tempest-ImageDependencyTests-656342792 tempest-ImageDependencyTests-656342792-project-member] Matched version: v2 {{(pid=118583) process_request /opt/stack/glance/glance/api/middleware/version_negotiation.py:69}}
Dec 11 16:26:24 ubuntu devstack@g-api.service[118583]: DEBUG glance.api.middleware.version_negotiation [None req-76f69b76-65ac-408e-926c-ec52572f7838 tempest-ImageDependencyTests-656342792 tempest-ImageDependencyTests-656342792-project-member] new path /v2/schemas/image {{(pid=118583) process_request /opt/stack/glance/glance/api/middleware/version_negotiation.py:70}}
Dec 11 16:26:24 ubuntu devstack@g-api.service[118583]: [pid: 118583|app: 0|req: 27/52] 127.0.0.1 () {42 vars in 985 bytes} [Wed Dec 11 16:26:24 2024] GET /v2/schemas/image => generated 6083 bytes in 3 msecs (HTTP/1.1 200) 4 headers in 158 bytes (1 switches on core 0)
Dec 11 16:26:24 ubuntu devstack@g-api.service[118582]: DEBUG glance.api.middleware.version_negotiation [None req-76f69b76-65ac-408e-926c-ec52572f7838 tempest-ImageDependencyTests-656342792 tempest-ImageDependencyTests-656342792-project-member] Determining version of request: GET /v2/images/50a74358-7849-4ba1-90e0-c9b7ad2e3e6f Accept: */* {{(pid=118582) process_request /opt/stack/glance/glance/api/middleware/version_negotiation.py:44}}
Dec 11 16:26:24 ubuntu devstack@g-api.service[118582]: DEBUG glance.api.middleware.version_negotiation [None req-76f69b76-65ac-408e-926c-ec52572f7838 tempest-ImageDependencyTests-656342792 tempest-ImageDependencyTests-656342792-project-member] Using url versioning {{(pid=118582) process_request /opt/stack/glance/glance/api/middleware/version_negotiation.py:57}}
Dec 11 16:26:24 ubuntu devstack@g-api.service[118582]: DEBUG glance.api.middleware.version_negotiation [None req-76f69b76-65ac-408e-926c-ec52572f7838 tempest-ImageDependencyTests-656342792 tempest-ImageDependencyTests-656342792-project-member] Matched version: v2 {{(pid=118582) process_request /opt/stack/glance/glance/api/middleware/version_negotiation.py:69}}
Dec 11 16:26:24 ubuntu devstack@g-api.service[118582]: DEBUG glance.api.middleware.version_negotiation [None req-76f69b76-65ac-408e-926c-ec52572f7838 tempest-ImageDependencyTests-656342792 tempest-ImageDependencyTests-656342792-project-member] new path /v2/images/50a74358-7849-4ba1-90e0-c9b7ad2e3e6f {{(pid=118582) process_request /opt/stack/glance/glance/api/middleware/version_negotiation.py:70}}
Dec 11 16:26:24 ubuntu devstack@g-api.service[118582]: [pid: 118582|app: 0|req: 26/53] 127.0.0.1 () {42 vars in 1045 bytes} [Wed Dec 11 16:26:24 2024] GET /v2/images/50a74358-7849-4ba1-90e0-c9b7ad2e3e6f => generated 808 bytes in 14 msecs (HTTP/1.1 200) 4 headers in 157 bytes (1 switches on core 0)
Dec 11 16:26:24 ubuntu devstack@g-api.service[118583]: DEBUG glance.api.middleware.version_negotiation [None req-76f69b76-65ac-408e-926c-ec52572f7838 tempest-ImageDependencyTests-656342792 tempest-ImageDependencyTests-656342792-project-member] Determining version of request: GET /v2/schemas/image Accept: */* {{(pid=118583) process_request /opt/stack/glance/glance/api/middleware/version_negotiation.py:44}}
Dec 11 16:26:24 ubuntu devstack@g-api.service[118583]: DEBUG glance.api.middleware.version_negotiation [None req-76f69b76-65ac-408e-926c-ec52572f7838 tempest-ImageDependencyTests-656342792 tempest-ImageDependencyTests-656342792-project-member] Using url versioning {{(pid=118583) process_request /opt/stack/glance/glance/api/middleware/version_negotiation.py:57}}
Dec 11 16:26:24 ubuntu devstack@g-api.service[118583]: DEBUG glance.api.middleware.version_negotiation [None req-76f69b76-65ac-408e-926c-ec52572f7838 tempest-ImageDependencyTests-656342792 tempest-ImageDependencyTests-656342792-project-member] Matched version: v2 {{(pid=118583) process_request /opt/stack/glance/glance/api/middleware/version_negotiation.py:69}}
Dec 11 16:26:24 ubuntu devstack@g-api.service[118583]: DEBUG glance.api.middleware.version_negotiation [None req-76f69b76-65ac-408e-926c-ec52572f7838 tempest-ImageDependencyTests-656342792 tempest-ImageDependencyTests-656342792-project-member] new path /v2/schemas/image {{(pid=118583) process_request /opt/stack/glance/glance/api/middleware/version_negotiation.py:70}}
Dec 11 16:26:24 ubuntu devstack@g-api.service[118583]: [pid: 118583|app: 0|req: 28/54] 127.0.0.1 () {42 vars in 985 bytes} [Wed Dec 11 16:26:24 2024] GET /v2/schemas/image => generated 6083 bytes in 6 msecs (HTTP/1.1 200) 4 headers in 158 bytes (1 switches on core 0)
Dec 11 16:26:24 ubuntu devstack@g-api.service[118582]: DEBUG glance.api.middleware.version_negotiation [None req-76f69b76-65ac-408e-926c-ec52572f7838 tempest-ImageDependencyTests-656342792 tempest-ImageDependencyTests-656342792-project-member] Determining version of request: GET /v2/images/50a74358-7849-4ba1-90e0-c9b7ad2e3e6f Accept: */* {{(pid=118582) process_request /opt/stack/glance/glance/api/middleware/version_negotiation.py:44}}
Dec 11 16:26:24 ubuntu devstack@g-api.service[118582]: DEBUG glance.api.middleware.version_negotiation [None req-76f69b76-65ac-408e-926c-ec52572f7838 tempest-ImageDependencyTests-656342792 tempest-ImageDependencyTests-656342792-project-member] Using url versioning {{(pid=118582) process_request /opt/stack/glance/glance/api/middleware/version_negotiation.py:57}}
Dec 11 16:26:24 ubuntu devstack@g-api.service[118582]: DEBUG glance.api.middleware.version_negotiation [None req-76f69b76-65ac-408e-926c-ec52572f7838 tempest-ImageDependencyTests-656342792 tempest-ImageDependencyTests-656342792-project-member] Matched version: v2 {{(pid=118582) process_request /opt/stack/glance/glance/api/middleware/version_negotiation.py:69}}
Dec 11 16:26:24 ubuntu devstack@g-api.service[118582]: DEBUG glance.api.middleware.version_negotiation [None req-76f69b76-65ac-408e-926c-ec52572f7838 tempest-ImageDependencyTests-656342792 tempest-ImageDependencyTests-656342792-project-member] new path /v2/images/50a74358-7849-4ba1-90e0-c9b7ad2e3e6f {{(pid=118582) process_request /opt/stack/glance/glance/api/middleware/version_negotiation.py:70}}
Dec 11 16:26:24 ubuntu devstack@g-api.service[118582]: [pid: 118582|app: 0|req: 27/55] 127.0.0.1 () {42 vars in 1045 bytes} [Wed Dec 11 16:26:24 2024] GET /v2/images/50a74358-7849-4ba1-90e0-c9b7ad2e3e6f => generated 808 bytes in 13 msecs (HTTP/1.1 200) 4 headers in 157 bytes (1 switches on core 0)
Dec 11 16:26:24 ubuntu devstack@g-api.service[118583]: DEBUG glance.api.middleware.version_negotiation [None req-76f69b76-65ac-408e-926c-ec52572f7838 tempest-ImageDependencyTests-656342792 tempest-ImageDependencyTests-656342792-project-member] Determining version of request: GET /v2/schemas/image Accept: */* {{(pid=118583) process_request /opt/stack/glance/glance/api/middleware/version_negotiation.py:44}}
Dec 11 16:26:24 ubuntu devstack@g-api.service[118583]: DEBUG glance.api.middleware.version_negotiation [None req-76f69b76-65ac-408e-926c-ec52572f7838 tempest-ImageDependencyTests-656342792 tempest-ImageDependencyTests-656342792-project-member] Using url versioning {{(pid=118583) process_request /opt/stack/glance/glance/api/middleware/version_negotiation.py:57}}
Dec 11 16:26:24 ubuntu devstack@g-api.service[118583]: DEBUG glance.api.middleware.version_negotiation [None req-76f69b76-65ac-408e-926c-ec52572f7838 tempest-ImageDependencyTests-656342792 tempest-ImageDependencyTests-656342792-project-member] Matched version: v2 {{(pid=118583) process_request /opt/stack/glance/glance/api/middleware/version_negotiation.py:69}}
Dec 11 16:26:24 ubuntu devstack@g-api.service[118583]: DEBUG glance.api.middleware.version_negotiation [None req-76f69b76-65ac-408e-926c-ec52572f7838 tempest-ImageDependencyTests-656342792 tempest-ImageDependencyTests-656342792-project-member] new path /v2/schemas/image {{(pid=118583) process_request /opt/stack/glance/glance/api/middleware/version_negotiation.py:70}}
Dec 11 16:26:24 ubuntu devstack@g-api.service[118583]: [pid: 118583|app: 0|req: 29/56] 127.0.0.1 () {42 vars in 985 bytes} [Wed Dec 11 16:26:24 2024] GET /v2/schemas/image => generated 6083 bytes in 4 msecs (HTTP/1.1 200) 4 headers in 158 bytes (1 switches on core 0)
Dec 11 16:26:24 ubuntu devstack@g-api.service[118582]: DEBUG glance.api.middleware.version_negotiation [None req-76f69b76-65ac-408e-926c-ec52572f7838 tempest-ImageDependencyTests-656342792 tempest-ImageDependencyTests-656342792-project-member] Determining version of request: GET /v2/schemas/image Accept: */* {{(pid=118582) process_request /opt/stack/glance/glance/api/middleware/version_negotiation.py:44}}
Dec 11 16:26:24 ubuntu devstack@g-api.service[118582]: DEBUG glance.api.middleware.version_negotiation [None req-76f69b76-65ac-408e-926c-ec52572f7838 tempest-ImageDependencyTests-656342792 tempest-ImageDependencyTests-656342792-project-member] Using url versioning {{(pid=118582) process_request /opt/stack/glance/glance/api/middleware/version_negotiation.py:57}}
Dec 11 16:26:24 ubuntu devstack@g-api.service[118582]: DEBUG glance.api.middleware.version_negotiation [None req-76f69b76-65ac-408e-926c-ec52572f7838 tempest-ImageDependencyTests-656342792 tempest-ImageDependencyTests-656342792-project-member] Matched version: v2 {{(pid=118582) process_request /opt/stack/glance/glance/api/middleware/version_negotiation.py:69}}
Dec 11 16:26:24 ubuntu devstack@g-api.service[118582]: DEBUG glance.api.middleware.version_negotiation [None req-76f69b76-65ac-408e-926c-ec52572f7838 tempest-ImageDependencyTests-656342792 tempest-ImageDependencyTests-656342792-project-member] new path /v2/schemas/image {{(pid=118582) process_request /opt/stack/glance/glance/api/middleware/version_negotiation.py:70}}
Dec 11 16:26:24 ubuntu devstack@g-api.service[118582]: [pid: 118582|app: 0|req: 28/57] 127.0.0.1 () {42 vars in 985 bytes} [Wed Dec 11 16:26:24 2024] GET /v2/schemas/image => generated 6083 bytes in 2 msecs (HTTP/1.1 200) 4 headers in 158 bytes (1 switches on core 0)
Dec 11 16:26:24 ubuntu devstack@g-api.service[118583]: DEBUG glance.api.middleware.version_negotiation [None req-76f69b76-65ac-408e-926c-ec52572f7838 tempest-ImageDependencyTests-656342792 tempest-ImageDependencyTests-656342792-project-member] Determining version of request: GET /v2/images/50a74358-7849-4ba1-90e0-c9b7ad2e3e6f Accept: */* {{(pid=118583) process_request /opt/stack/glance/glance/api/middleware/version_negotiation.py:44}}
Dec 11 16:26:24 ubuntu devstack@g-api.service[118583]: DEBUG glance.api.middleware.version_negotiation [None req-76f69b76-65ac-408e-926c-ec52572f7838 tempest-ImageDependencyTests-656342792 tempest-ImageDependencyTests-656342792-project-member] Using url versioning {{(pid=118583) process_request /opt/stack/glance/glance/api/middleware/version_negotiation.py:57}}
Dec 11 16:26:24 ubuntu devstack@g-api.service[118583]: DEBUG glance.api.middleware.version_negotiation [None req-76f69b76-65ac-408e-926c-ec52572f7838 tempest-ImageDependencyTests-656342792 tempest-ImageDependencyTests-656342792-project-member] Matched version: v2 {{(pid=118583) process_request /opt/stack/glance/glance/api/middleware/version_negotiation.py:69}}
Dec 11 16:26:24 ubuntu devstack@g-api.service[118583]: DEBUG glance.api.middleware.version_negotiation [None req-76f69b76-65ac-408e-926c-ec52572f7838 tempest-ImageDependencyTests-656342792 tempest-ImageDependencyTests-656342792-project-member] new path /v2/images/50a74358-7849-4ba1-90e0-c9b7ad2e3e6f {{(pid=118583) process_request /opt/stack/glance/glance/api/middleware/version_negotiation.py:70}}
Dec 11 16:26:24 ubuntu devstack@g-api.service[118583]: [pid: 118583|app: 0|req: 30/58] 127.0.0.1 () {42 vars in 1045 bytes} [Wed Dec 11 16:26:24 2024] GET /v2/images/50a74358-7849-4ba1-90e0-c9b7ad2e3e6f => generated 808 bytes in 11 msecs (HTTP/1.1 200) 4 headers in 157 bytes (1 switches on core 0)
Dec 11 16:26:24 ubuntu devstack@g-api.service[118582]: DEBUG glance.api.middleware.version_negotiation [None req-76f69b76-65ac-408e-926c-ec52572f7838 tempest-ImageDependencyTests-656342792 tempest-ImageDependencyTests-656342792-project-member] Determining version of request: GET /v2/images/50a74358-7849-4ba1-90e0-c9b7ad2e3e6f/file Accept: */* {{(pid=118582) process_request /opt/stack/glance/glance/api/middleware/version_negotiation.py:44}}
Dec 11 16:26:24 ubuntu devstack@g-api.service[118582]: DEBUG glance.api.middleware.version_negotiation [None req-76f69b76-65ac-408e-926c-ec52572f7838 tempest-ImageDependencyTests-656342792 tempest-ImageDependencyTests-656342792-project-member] Using url versioning {{(pid=118582) process_request /opt/stack/glance/glance/api/middleware/version_negotiation.py:57}}
Dec 11 16:26:24 ubuntu devstack@g-api.service[118582]: DEBUG glance.api.middleware.version_negotiation [None req-76f69b76-65ac-408e-926c-ec52572f7838 tempest-ImageDependencyTests-656342792 tempest-ImageDependencyTests-656342792-project-member] Matched version: v2 {{(pid=118582) process_request /opt/stack/glance/glance/api/middleware/version_negotiation.py:69}}
Dec 11 16:26:24 ubuntu devstack@g-api.service[118582]: DEBUG glance.api.middleware.version_negotiation [None req-76f69b76-65ac-408e-926c-ec52572f7838 tempest-ImageDependencyTests-656342792 tempest-ImageDependencyTests-656342792-project-member] new path /v2/images/50a74358-7849-4ba1-90e0-c9b7ad2e3e6f/file {{(pid=118582) process_request /opt/stack/glance/glance/api/middleware/version_negotiation.py:70}}
Dec 11 16:26:24 ubuntu devstack@g-api.service[118582]: DEBUG glance.api.middleware.cache [None req-76f69b76-65ac-408e-926c-ec52572f7838 tempest-ImageDependencyTests-656342792 tempest-ImageDependencyTests-656342792-project-member] Cache hit for image '50a74358-7849-4ba1-90e0-c9b7ad2e3e6f' {{(pid=118582) process_request /opt/stack/glance/glance/api/middleware/cache.py:160}}
Dec 11 16:26:24 ubuntu devstack@g-api.service[118583]: DEBUG glance.api.middleware.version_negotiation [None req-76f69b76-65ac-408e-926c-ec52572f7838 tempest-ImageDependencyTests-656342792 tempest-ImageDependencyTests-656342792-project-member] Determining version of request: GET /v2/images/50a74358-7849-4ba1-90e0-c9b7ad2e3e6f Accept: */* {{(pid=118583) process_request /opt/stack/glance/glance/api/middleware/version_negotiation.py:44}}
Dec 11 16:26:24 ubuntu devstack@g-api.service[118583]: DEBUG glance.api.middleware.version_negotiation [None req-76f69b76-65ac-408e-926c-ec52572f7838 tempest-ImageDependencyTests-656342792 tempest-ImageDependencyTests-656342792-project-member] Using url versioning {{(pid=118583) process_request /opt/stack/glance/glance/api/middleware/version_negotiation.py:57}}
Dec 11 16:26:24 ubuntu devstack@g-api.service[118583]: DEBUG glance.api.middleware.version_negotiation [None req-76f69b76-65ac-408e-926c-ec52572f7838 tempest-ImageDependencyTests-656342792 tempest-ImageDependencyTests-656342792-project-member] Matched version: v2 {{(pid=118583) process_request /opt/stack/glance/glance/api/middleware/version_negotiation.py:69}}
Dec 11 16:26:24 ubuntu devstack@g-api.service[118583]: DEBUG glance.api.middleware.version_negotiation [None req-76f69b76-65ac-408e-926c-ec52572f7838 tempest-ImageDependencyTests-656342792 tempest-ImageDependencyTests-656342792-project-member] new path /v2/images/50a74358-7849-4ba1-90e0-c9b7ad2e3e6f {{(pid=118583) process_request /opt/stack/glance/glance/api/middleware/version_negotiation.py:70}}
Dec 11 16:26:24 ubuntu devstack@g-api.service[118582]: [pid: 118582|app: 0|req: 29/59] 127.0.0.1 () {42 vars in 1055 bytes} [Wed Dec 11 16:26:24 2024] GET /v2/images/50a74358-7849-4ba1-90e0-c9b7ad2e3e6f/file => generated 1024 bytes in 21 msecs (HTTP/1.1 200) 5 headers in 213 bytes (1 switches on core 0)
Dec 11 16:26:24 ubuntu devstack@g-api.service[118583]: [pid: 118583|app: 0|req: 31/60] 127.0.0.1 () {42 vars in 1045 bytes} [Wed Dec 11 16:26:24 2024] GET /v2/images/50a74358-7849-4ba1-90e0-c9b7ad2e3e6f => generated 808 bytes in 10 msecs (HTTP/1.1 200) 4 headers in 157 bytes (1 switches on core 0)
Dec 11 16:26:24 ubuntu devstack@g-api.service[118582]: DEBUG glance.api.middleware.version_negotiation [None req-76f69b76-65ac-408e-926c-ec52572f7838 tempest-ImageDependencyTests-656342792 tempest-ImageDependencyTests-656342792-project-member] Determining version of request: GET /v2/schemas/image Accept: */* {{(pid=118582) process_request /opt/stack/glance/glance/api/middleware/version_negotiation.py:44}}
Dec 11 16:26:24 ubuntu devstack@g-api.service[118582]: DEBUG glance.api.middleware.version_negotiation [None req-76f69b76-65ac-408e-926c-ec52572f7838 tempest-ImageDependencyTests-656342792 tempest-ImageDependencyTests-656342792-project-member] Using url versioning {{(pid=118582) process_request /opt/stack/glance/glance/api/middleware/version_negotiation.py:57}}
Dec 11 16:26:24 ubuntu devstack@g-api.service[118582]: DEBUG glance.api.middleware.version_negotiation [None req-76f69b76-65ac-408e-926c-ec52572f7838 tempest-ImageDependencyTests-656342792 tempest-ImageDependencyTests-656342792-project-member] Matched version: v2 {{(pid=118582) process_request /opt/stack/glance/glance/api/middleware/version_negotiation.py:69}}
Dec 11 16:26:24 ubuntu devstack@g-api.service[118582]: DEBUG glance.api.middleware.version_negotiation [None req-76f69b76-65ac-408e-926c-ec52572f7838 tempest-ImageDependencyTests-656342792 tempest-ImageDependencyTests-656342792-project-member] new path /v2/schemas/image {{(pid=118582) process_request /opt/stack/glance/glance/api/middleware/version_negotiation.py:70}}
Dec 11 16:26:24 ubuntu devstack@g-api.service[118582]: [pid: 118582|app: 0|req: 30/61] 127.0.0.1 () {42 vars in 985 bytes} [Wed Dec 11 16:26:24 2024] GET /v2/schemas/image => generated 6083 bytes in 3 msecs (HTTP/1.1 200) 4 headers in 158 bytes (1 switches on core 0)
Dec 11 16:26:25 ubuntu devstack@g-api.service[118583]: DEBUG glance.api.middleware.version_negotiation [None req-76f69b76-65ac-408e-926c-ec52572f7838 tempest-ImageDependencyTests-656342792 tempest-ImageDependencyTests-656342792-project-member] Determining version of request: GET /v2/images/50a74358-7849-4ba1-90e0-c9b7ad2e3e6f Accept: */* {{(pid=118583) process_request /opt/stack/glance/glance/api/middleware/version_negotiation.py:44}}
Dec 11 16:26:25 ubuntu devstack@g-api.service[118583]: DEBUG glance.api.middleware.version_negotiation [None req-76f69b76-65ac-408e-926c-ec52572f7838 tempest-ImageDependencyTests-656342792 tempest-ImageDependencyTests-656342792-project-member] Using url versioning {{(pid=118583) process_request /opt/stack/glance/glance/api/middleware/version_negotiation.py:57}}
Dec 11 16:26:25 ubuntu devstack@g-api.service[118583]: DEBUG glance.api.middleware.version_negotiation [None req-76f69b76-65ac-408e-926c-ec52572f7838 tempest-ImageDependencyTests-656342792 tempest-ImageDependencyTests-656342792-project-member] Matched version: v2 {{(pid=118583) process_request /opt/stack/glance/glance/api/middleware/version_negotiation.py:69}}
Dec 11 16:26:25 ubuntu devstack@g-api.service[118583]: DEBUG glance.api.middleware.version_negotiation [None req-76f69b76-65ac-408e-926c-ec52572f7838 tempest-ImageDependencyTests-656342792 tempest-ImageDependencyTests-656342792-project-member] new path /v2/images/50a74358-7849-4ba1-90e0-c9b7ad2e3e6f {{(pid=118583) process_request /opt/stack/glance/glance/api/middleware/version_negotiation.py:70}}
Dec 11 16:26:25 ubuntu devstack@g-api.service[118583]: [pid: 118583|app: 0|req: 32/62] 127.0.0.1 () {42 vars in 1045 bytes} [Wed Dec 11 16:26:25 2024] GET /v2/images/50a74358-7849-4ba1-90e0-c9b7ad2e3e6f => generated 808 bytes in 17 msecs (HTTP/1.1 200) 4 headers in 157 bytes (1 switches on core 0)
Dec 11 16:26:25 ubuntu devstack@g-api.service[118582]: DEBUG glance.api.middleware.version_negotiation [None req-76f69b76-65ac-408e-926c-ec52572f7838 tempest-ImageDependencyTests-656342792 tempest-ImageDependencyTests-656342792-project-member] Determining version of request: GET /v2/schemas/image Accept: */* {{(pid=118582) process_request /opt/stack/glance/glance/api/middleware/version_negotiation.py:44}}
Dec 11 16:26:25 ubuntu devstack@g-api.service[118582]: DEBUG glance.api.middleware.version_negotiation [None req-76f69b76-65ac-408e-926c-ec52572f7838 tempest-ImageDependencyTests-656342792 tempest-ImageDependencyTests-656342792-project-member] Using url versioning {{(pid=118582) process_request /opt/stack/glance/glance/api/middleware/version_negotiation.py:57}}
Dec 11 16:26:25 ubuntu devstack@g-api.service[118582]: DEBUG glance.api.middleware.version_negotiation [None req-76f69b76-65ac-408e-926c-ec52572f7838 tempest-ImageDependencyTests-656342792 tempest-ImageDependencyTests-656342792-project-member] Matched version: v2 {{(pid=118582) process_request /opt/stack/glance/glance/api/middleware/version_negotiation.py:69}}
Dec 11 16:26:25 ubuntu devstack@g-api.service[118582]: DEBUG glance.api.middleware.version_negotiation [None req-76f69b76-65ac-408e-926c-ec52572f7838 tempest-ImageDependencyTests-656342792 tempest-ImageDependencyTests-656342792-project-member] new path /v2/schemas/image {{(pid=118582) process_request /opt/stack/glance/glance/api/middleware/version_negotiation.py:70}}
Dec 11 16:26:25 ubuntu devstack@g-api.service[118582]: [pid: 118582|app: 0|req: 31/63] 127.0.0.1 () {42 vars in 985 bytes} [Wed Dec 11 16:26:25 2024] GET /v2/schemas/image => generated 6083 bytes in 7 msecs (HTTP/1.1 200) 4 headers in 158 bytes (1 switches on core 0)
Dec 11 16:26:26 ubuntu devstack@g-api.service[118583]: DEBUG glance.api.middleware.version_negotiation [None req-76f69b76-65ac-408e-926c-ec52572f7838 tempest-ImageDependencyTests-656342792 tempest-ImageDependencyTests-656342792-project-member] Determining version of request: DELETE /v2/images/50a74358-7849-4ba1-90e0-c9b7ad2e3e6f Accept: application/json {{(pid=118583) process_request /opt/stack/glance/glance/api/middleware/version_negotiation.py:44}}
Dec 11 16:26:26 ubuntu devstack@g-api.service[118583]: DEBUG glance.api.middleware.version_negotiation [None req-76f69b76-65ac-408e-926c-ec52572f7838 tempest-ImageDependencyTests-656342792 tempest-ImageDependencyTests-656342792-project-member] Using url versioning {{(pid=118583) process_request /opt/stack/glance/glance/api/middleware/version_negotiation.py:57}}
Dec 11 16:26:26 ubuntu devstack@g-api.service[118583]: DEBUG glance.api.middleware.version_negotiation [None req-76f69b76-65ac-408e-926c-ec52572f7838 tempest-ImageDependencyTests-656342792 tempest-ImageDependencyTests-656342792-project-member] Matched version: v2 {{(pid=118583) process_request /opt/stack/glance/glance/api/middleware/version_negotiation.py:69}}
Dec 11 16:26:26 ubuntu devstack@g-api.service[118583]: DEBUG glance.api.middleware.version_negotiation [None req-76f69b76-65ac-408e-926c-ec52572f7838 tempest-ImageDependencyTests-656342792 tempest-ImageDependencyTests-656342792-project-member] new path /v2/images/50a74358-7849-4ba1-90e0-c9b7ad2e3e6f {{(pid=118583) process_request /opt/stack/glance/glance/api/middleware/version_negotiation.py:70}}
Dec 11 16:26:26 ubuntu devstack@g-api.service[118583]: WARNING glance.api.v2.images [None req-d9b6db5a-4a04-4700-8335-96cc47529118 tempest-ImageDependencyTests-656342792 tempest-ImageDependencyTests-656342792-project-member] After upload to backend, deletion of staged image data has failed because it cannot be found at /tmp/staging//50a74358-7849-4ba1-90e0-c9b7ad2e3e6f
Dec 11 16:26:26 ubuntu devstack@g-api.service[118583]: DEBUG glance_store.backend [None req-d9b6db5a-4a04-4700-8335-96cc47529118 tempest-ImageDependencyTests-656342792 tempest-ImageDependencyTests-656342792-project-member] Attempting to import store swift {{(pid=118583) _load_store /opt/stack/data/venv/lib/python3.10/site-packages/glance_store/backend.py:216}}
Dec 11 16:26:26 ubuntu devstack@g-api.service[118583]: DEBUG glance_store.capabilities [None req-d9b6db5a-4a04-4700-8335-96cc47529118 tempest-ImageDependencyTests-656342792 tempest-ImageDependencyTests-656342792-project-member] Store glance_store._drivers.swift.store.SingleTenantStore doesn't support updating dynamic storage capabilities. Please overwrite 'update_capabilities' method of the store to implement updating logics if needed. {{(pid=118583) update_capabilities /opt/stack/data/venv/lib/python3.10/site-packages/glance_store/capabilities.py:91}}
Dec 11 16:26:26 ubuntu devstack@g-api.service[118583]: DEBUG glance_store.driver [None req-d9b6db5a-4a04-4700-8335-96cc47529118 tempest-ImageDependencyTests-656342792 tempest-ImageDependencyTests-656342792-project-member] Late loading location class glance_store._drivers.swift.store.StoreLocation {{(pid=118583) get_store_location_class /opt/stack/data/venv/lib/python3.10/site-packages/glance_store/driver.py:133}}
Dec 11 16:26:26 ubuntu devstack@g-api.service[118583]: DEBUG glance_store.location [None req-d9b6db5a-4a04-4700-8335-96cc47529118 tempest-ImageDependencyTests-656342792 tempest-ImageDependencyTests-656342792-project-member] Registering scheme swift+https with {'store': <glance_store._drivers.swift.store.SingleTenantStore object at 0x7f42710e1ae0>, 'location_class': <class 'glance_store._drivers.swift.store.StoreLocation'>, 'store_entry': 'swift'} {{(pid=118583) register_scheme_map /opt/stack/data/venv/lib/python3.10/site-packages/glance_store/location.py:146}}
Dec 11 16:26:26 ubuntu devstack@g-api.service[118583]: DEBUG glance_store.location [None req-d9b6db5a-4a04-4700-8335-96cc47529118 tempest-ImageDependencyTests-656342792 tempest-ImageDependencyTests-656342792-project-member] Registering scheme swift+https with {'store': <glance_store._drivers.swift.store.SingleTenantStore object at 0x7f42710e1ae0>, 'location_class': <class 'glance_store._drivers.swift.store.StoreLocation'>, 'store_entry': 'swift'} {{(pid=118583) register_scheme_map /opt/stack/data/venv/lib/python3.10/site-packages/glance_store/location.py:146}}
Dec 11 16:26:26 ubuntu devstack@g-api.service[118583]: DEBUG glance_store.location [None req-d9b6db5a-4a04-4700-8335-96cc47529118 tempest-ImageDependencyTests-656342792 tempest-ImageDependencyTests-656342792-project-member] Registering scheme swift with {'store': <glance_store._drivers.swift.store.SingleTenantStore object at 0x7f42710e1ae0>, 'location_class': <class 'glance_store._drivers.swift.store.StoreLocation'>, 'store_entry': 'swift'} {{(pid=118583) register_scheme_map /opt/stack/data/venv/lib/python3.10/site-packages/glance_store/location.py:146}}
Dec 11 16:26:26 ubuntu devstack@g-api.service[118583]: DEBUG glance_store.location [None req-d9b6db5a-4a04-4700-8335-96cc47529118 tempest-ImageDependencyTests-656342792 tempest-ImageDependencyTests-656342792-project-member] Registering scheme swift+https with {'store': <glance_store._drivers.swift.store.SingleTenantStore object at 0x7f42710e1ae0>, 'location_class': <class 'glance_store._drivers.swift.store.StoreLocation'>, 'store_entry': 'swift'} {{(pid=118583) register_scheme_map /opt/stack/data/venv/lib/python3.10/site-packages/glance_store/location.py:146}}
Dec 11 16:26:26 ubuntu devstack@g-api.service[118583]: DEBUG glance_store.location [None req-d9b6db5a-4a04-4700-8335-96cc47529118 tempest-ImageDependencyTests-656342792 tempest-ImageDependencyTests-656342792-project-member] Registering scheme swift with {'store': <glance_store._drivers.swift.store.SingleTenantStore object at 0x7f42710e1ae0>, 'location_class': <class 'glance_store._drivers.swift.store.StoreLocation'>, 'store_entry': 'swift'} {{(pid=118583) register_scheme_map /opt/stack/data/venv/lib/python3.10/site-packages/glance_store/location.py:146}}
Dec 11 16:26:26 ubuntu devstack@g-api.service[118583]: DEBUG glance_store.location [None req-d9b6db5a-4a04-4700-8335-96cc47529118 tempest-ImageDependencyTests-656342792 tempest-ImageDependencyTests-656342792-project-member] Registering scheme swift+http with {'store': <glance_store._drivers.swift.store.SingleTenantStore object at 0x7f42710e1ae0>, 'location_class': <class 'glance_store._drivers.swift.store.StoreLocation'>, 'store_entry': 'swift'} {{(pid=118583) register_scheme_map /opt/stack/data/venv/lib/python3.10/site-packages/glance_store/location.py:146}}
Dec 11 16:26:26 ubuntu devstack@g-api.service[118583]: DEBUG glance_store.location [None req-d9b6db5a-4a04-4700-8335-96cc47529118 tempest-ImageDependencyTests-656342792 tempest-ImageDependencyTests-656342792-project-member] Registering scheme swift+https with {'store': <glance_store._drivers.swift.store.SingleTenantStore object at 0x7f42710e1ae0>, 'location_class': <class 'glance_store._drivers.swift.store.StoreLocation'>, 'store_entry': 'swift'} {{(pid=118583) register_scheme_map /opt/stack/data/venv/lib/python3.10/site-packages/glance_store/location.py:146}}
Dec 11 16:26:26 ubuntu devstack@g-api.service[118583]: DEBUG glance_store.location [None req-d9b6db5a-4a04-4700-8335-96cc47529118 tempest-ImageDependencyTests-656342792 tempest-ImageDependencyTests-656342792-project-member] Registering scheme swift with {'store': <glance_store._drivers.swift.store.SingleTenantStore object at 0x7f42710e1ae0>, 'location_class': <class 'glance_store._drivers.swift.store.StoreLocation'>, 'store_entry': 'swift'} {{(pid=118583) register_scheme_map /opt/stack/data/venv/lib/python3.10/site-packages/glance_store/location.py:146}}
Dec 11 16:26:26 ubuntu devstack@g-api.service[118583]: DEBUG glance_store.location [None req-d9b6db5a-4a04-4700-8335-96cc47529118 tempest-ImageDependencyTests-656342792 tempest-ImageDependencyTests-656342792-project-member] Registering scheme swift+http with {'store': <glance_store._drivers.swift.store.SingleTenantStore object at 0x7f42710e1ae0>, 'location_class': <class 'glance_store._drivers.swift.store.StoreLocation'>, 'store_entry': 'swift'} {{(pid=118583) register_scheme_map /opt/stack/data/venv/lib/python3.10/site-packages/glance_store/location.py:146}}
Dec 11 16:26:26 ubuntu devstack@g-api.service[118583]: DEBUG glance_store.location [None req-d9b6db5a-4a04-4700-8335-96cc47529118 tempest-ImageDependencyTests-656342792 tempest-ImageDependencyTests-656342792-project-member] Registering scheme swift+config with {'store': <glance_store._drivers.swift.store.SingleTenantStore object at 0x7f42710e1ae0>, 'location_class': <class 'glance_store._drivers.swift.store.StoreLocation'>, 'store_entry': 'swift'} {{(pid=118583) register_scheme_map /opt/stack/data/venv/lib/python3.10/site-packages/glance_store/location.py:146}}
Dec 11 16:26:26 ubuntu devstack@g-api.service[118583]: DEBUG keystoneclient.auth.identity.v3.base [None req-d9b6db5a-4a04-4700-8335-96cc47529118 tempest-ImageDependencyTests-656342792 tempest-ImageDependencyTests-656342792-project-member] Making authentication request to http://10.201.5.82/identity/v3/auth/tokens {{(pid=118583) get_auth_ref /opt/stack/data/venv/lib/python3.10/site-packages/keystoneclient/auth/identity/v3/base.py:185}}
Dec 11 16:26:26 ubuntu devstack@g-api.service[118583]: DEBUG keystoneclient.auth.identity.v3.base [None req-d9b6db5a-4a04-4700-8335-96cc47529118 tempest-ImageDependencyTests-656342792 tempest-ImageDependencyTests-656342792-project-member] {"token": {"methods": ["password"], "user": {"domain": {"id": "default", "name": "Default"}, "id": "fdc037d4c03b4f53a2aaba3b5ff1a04a", "name": "glance-swift", "password_expires_at": null}, "audit_ids": ["5yXCdgC7SteRpQyBxNfMNw"], "expires_at": "2024-12-11T17:26:26.000000Z", "issued_at": "2024-12-11T16:26:26.000000Z", "project": {"domain": {"id": "default", "name": "Default"}, "id": "fd659cb38b164e1284788bdee3afa446", "name": "service"}, "is_domain": false, "roles": [{"id": "47ef7a8b43834c028d883c0b031a7765", "name": "ResellerAdmin"}, {"id": "7e9c47f0d9ef49969361bc2c5d6f2a46", "name": "service"}], "catalog": [{"endpoints": [{"id": "974727a0cbb44aa29216f4703e62ea93", "interface": "public", "region_id": "RegionOne", "url": "http://10.201.5.82/image", "region": "RegionOne"}], "id": "1e809ba961d54dea97218b52df072ac7", "type": "image", "name": "glance"}, {"endpoints": [{"id": "683c6e6970fb44d3a414ac10a87b3093", "interface": "public", "region_id": "RegionOne", "url": "http://10.201.5.82:8080/v1/AUTH_fd659cb38b164e1284788bdee3afa446", "region": "RegionOne"}, {"id": "d8399452a0854917a61672bbb3f71999", "interface": "admin", "region_id": "RegionOne", "url": "http://10.201.5.82:8080", "region": "RegionOne"}], "id": "2e589675293f4a178649f9362a73abce", "type": "object-store", "name": "swift"}, {"endpoints": [{"id": "4dc8536e365949fb909d7d508a965189", "interface": "public", "region_id": "RegionOne", "url": "http://10.201.5.82/compute/v2.1", "region": "RegionOne"}], "id": "6ebd60d8c761423d81d2a0cce1c001f6", "type": "compute", "name": "nova"}, {"endpoints": [{"id": "e4b6e8ba69724fc1af9b2213494f4504", "interface": "public", "region_id": "RegionOne", "url": "http://10.201.5.82/identity", "region": "RegionOne"}], "id": "7158a7097c104fb3b85443510abdb328", "type": "identity", "name": "keystone"}, {"endpoints": [{"id": "c5e6810c9b6d4eb3aa6a70ff023e9e41", "interface": "public", "region_id": "RegionOne", "url": "http://10.201.5.82/compute/v2/fd659cb38b164e1284788bdee3afa446", "region": "RegionOne"}], "id": "8c44a8a6c4434e9fab25c3c04cb3a2b1", "type": "compute_legacy", "name": "nova_legacy"}, {"endpoints": [{"id": "e221db842dcf43ec98a738f25ebf63f5", "interface": "public", "region_id": "RegionOne", "url": "http://10.201.5.82/placement", "region": "RegionOne"}], "id": "934d34ab91094f3fae0e4c31da5a0722", "type": "placement", "name": "placement"}, {"endpoints": [{"id": "d36ffe827a804d3d90aba197f5bc126c", "interface": "public", "region_id": "RegionOne", "url": "http://10.201.5.82/volume/v3", "region": "RegionOne"}], "id": "d15839ee3c864f4a93143a40efbd95dd", "type": "block-storage", "name": "cinder"}, {"endpoints": [{"id": "6a4618200ed8407486dfad27599ba85e", "interface": "public", "region_id": "RegionOne", "url": "http://10.201.5.82:9696/networking", "region": "RegionOne"}], "id": "d50734b0c82a436a82a92ad49abb65c7", "type": "network", "name": "neutron"}]}} {{(pid=118583) get_auth_ref /opt/stack/data/venv/lib/python3.10/site-packages/keystoneclient/auth/identity/v3/base.py:190}}
Dec 11 16:26:26 ubuntu devstack@g-api.service[118583]: DEBUG keystoneclient.httpclient [None req-d9b6db5a-4a04-4700-8335-96cc47529118 tempest-ImageDependencyTests-656342792 tempest-ImageDependencyTests-656342792-project-member] Failed to find endpoint for management url admin endpoint for identity service not found {{(pid=118583) _process_management_url /opt/stack/data/venv/lib/python3.10/site-packages/keystoneclient/httpclient.py:670}}
Dec 11 16:26:26 ubuntu devstack@g-api.service[118583]: DEBUG swiftclient [None req-d9b6db5a-4a04-4700-8335-96cc47529118 tempest-ImageDependencyTests-656342792 tempest-ImageDependencyTests-656342792-project-member] REQ: curl -i http://10.201.5.82:8080/v1/AUTH_fd659cb38b164e1284788bdee3afa446/glance/50a74358-7849-4ba1-90e0-c9b7ad2e3e6f -I -H "X-Auth-Token: gAAAAABnWb0yCKtY..." {{(pid=118583) http_log /opt/stack/data/venv/lib/python3.10/site-packages/swiftclient/client.py:160}}
Dec 11 16:26:26 ubuntu devstack@g-api.service[118583]: DEBUG swiftclient [None req-d9b6db5a-4a04-4700-8335-96cc47529118 tempest-ImageDependencyTests-656342792 tempest-ImageDependencyTests-656342792-project-member] RESP STATUS: 200 OK {{(pid=118583) http_log /opt/stack/data/venv/lib/python3.10/site-packages/swiftclient/client.py:161}}
Dec 11 16:26:26 ubuntu devstack@g-api.service[118583]: DEBUG swiftclient [None req-d9b6db5a-4a04-4700-8335-96cc47529118 tempest-ImageDependencyTests-656342792 tempest-ImageDependencyTests-656342792-project-member] RESP HEADERS: {'Content-Type': 'application/octet-stream', 'Content-Length': '1024', 'Etag': '08485f090c705ee8e332c05f42026b1c', 'Last-Modified': 'Wed, 11 Dec 2024 16:26:20 GMT', 'X-Timestamp': '1733934379.87366', 'Accept-Ranges': 'bytes', 'X-Trans-Id': 'tx5e8069d12f4645c789d26-006759bd32', 'X-Openstack-Request-Id': 'tx5e8069d12f4645c789d26-006759bd32', 'Date': 'Wed, 11 Dec 2024 16:26:26 GMT'} {{(pid=118583) http_log /opt/stack/data/venv/lib/python3.10/site-packages/swiftclient/client.py:162}}
Dec 11 16:26:26 ubuntu devstack@g-api.service[118583]: DEBUG swiftclient [None req-d9b6db5a-4a04-4700-8335-96cc47529118 tempest-ImageDependencyTests-656342792 tempest-ImageDependencyTests-656342792-project-member] REQ: curl -i http://10.201.5.82:8080/v1/AUTH_fd659cb38b164e1284788bdee3afa446/glance/50a74358-7849-4ba1-90e0-c9b7ad2e3e6f DELETE -H "X-Auth-Token: gAAAAABnWb0yCKtY..." {{(pid=118583) http_log /opt/stack/data/venv/lib/python3.10/site-packages/swiftclient/client.py:160}}
Dec 11 16:26:26 ubuntu devstack@g-api.service[118583]: DEBUG swiftclient [None req-d9b6db5a-4a04-4700-8335-96cc47529118 tempest-ImageDependencyTests-656342792 tempest-ImageDependencyTests-656342792-project-member] RESP STATUS: 204 No Content {{(pid=118583) http_log /opt/stack/data/venv/lib/python3.10/site-packages/swiftclient/client.py:161}}
Dec 11 16:26:26 ubuntu devstack@g-api.service[118583]: DEBUG swiftclient [None req-d9b6db5a-4a04-4700-8335-96cc47529118 tempest-ImageDependencyTests-656342792 tempest-ImageDependencyTests-656342792-project-member] RESP HEADERS: {'Content-Type': 'text/html; charset=UTF-8', 'Content-Length': '0', 'X-Trans-Id': 'tx182ead8fa702444ca7cde-006759bd32', 'X-Openstack-Request-Id': 'tx182ead8fa702444ca7cde-006759bd32', 'Date': 'Wed, 11 Dec 2024 16:26:26 GMT'} {{(pid=118583) http_log /opt/stack/data/venv/lib/python3.10/site-packages/swiftclient/client.py:162}}
Dec 11 16:26:26 ubuntu devstack@g-api.service[118583]: DEBUG glance.api.middleware.cache [None req-d9b6db5a-4a04-4700-8335-96cc47529118 tempest-ImageDependencyTests-656342792 tempest-ImageDependencyTests-656342792-project-member] Removing image 50a74358-7849-4ba1-90e0-c9b7ad2e3e6f from cache {{(pid=118583) _process_DELETE_response /opt/stack/glance/glance/api/middleware/cache.py:264}}
Dec 11 16:26:26 ubuntu devstack@g-api.service[118583]: DEBUG glance.image_cache.drivers.centralized_db [None req-d9b6db5a-4a04-4700-8335-96cc47529118 tempest-ImageDependencyTests-656342792 tempest-ImageDependencyTests-656342792-project-member] Deleting image cache file '/opt/stack/data/glance/cache/50a74358-7849-4ba1-90e0-c9b7ad2e3e6f' {{(pid=118583) delete_cached_file /opt/stack/glance/glance/image_cache/drivers/centralized_db.py:387}}
Dec 11 16:26:26 ubuntu devstack@g-api.service[118583]: [pid: 118583|app: 0|req: 33/64] 127.0.0.1 () {38 vars in 773 bytes} [Wed Dec 11 16:26:26 2024] DELETE /v2/images/50a74358-7849-4ba1-90e0-c9b7ad2e3e6f => generated 0 bytes in 163 msecs (HTTP/1.1 204) 4 headers in 171 bytes (1 switches on core 0)
Dec 11 16:26:26 ubuntu devstack@g-api.service[118582]: DEBUG glance.api.middleware.version_negotiation [None req-76f69b76-65ac-408e-926c-ec52572f7838 tempest-ImageDependencyTests-656342792 tempest-ImageDependencyTests-656342792-project-member] Determining version of request: GET /v2/images/50a74358-7849-4ba1-90e0-c9b7ad2e3e6f Accept: application/json {{(pid=118582) process_request /opt/stack/glance/glance/api/middleware/version_negotiation.py:44}}
Dec 11 16:26:26 ubuntu devstack@g-api.service[118582]: DEBUG glance.api.middleware.version_negotiation [None req-76f69b76-65ac-408e-926c-ec52572f7838 tempest-ImageDependencyTests-656342792 tempest-ImageDependencyTests-656342792-project-member] Using url versioning {{(pid=118582) process_request /opt/stack/glance/glance/api/middleware/version_negotiation.py:57}}
Dec 11 16:26:26 ubuntu devstack@g-api.service[118582]: DEBUG glance.api.middleware.version_negotiation [None req-76f69b76-65ac-408e-926c-ec52572f7838 tempest-ImageDependencyTests-656342792 tempest-ImageDependencyTests-656342792-project-member] Matched version: v2 {{(pid=118582) process_request /opt/stack/glance/glance/api/middleware/version_negotiation.py:69}}
Dec 11 16:26:26 ubuntu devstack@g-api.service[118582]: DEBUG glance.api.middleware.version_negotiation [None req-76f69b76-65ac-408e-926c-ec52572f7838 tempest-ImageDependencyTests-656342792 tempest-ImageDependencyTests-656342792-project-member] new path /v2/images/50a74358-7849-4ba1-90e0-c9b7ad2e3e6f {{(pid=118582) process_request /opt/stack/glance/glance/api/middleware/version_negotiation.py:70}}
Dec 11 16:26:26 ubuntu devstack@g-api.service[118582]: DEBUG glance.db.sqlalchemy.api [None req-b137de69-9940-47c3-a93f-0a1d5e4222ba tempest-ImageDependencyTests-656342792 tempest-ImageDependencyTests-656342792-project-member] No image found with ID 50a74358-7849-4ba1-90e0-c9b7ad2e3e6f {{(pid=118582) _image_get /opt/stack/glance/glance/db/sqlalchemy/api.py:309}}
Dec 11 16:26:26 ubuntu devstack@g-api.service[118582]: [pid: 118582|app: 0|req: 32/65] 127.0.0.1 () {38 vars in 770 bytes} [Wed Dec 11 16:26:26 2024] GET /v2/images/50a74358-7849-4ba1-90e0-c9b7ad2e3e6f => generated 139 bytes in 13 msecs (HTTP/1.1 404) 4 headers in 164 bytes (1 switches on core 0)
Dec 11 16:26:36 ubuntu devstack@g-api.service[118583]: DEBUG dbcounter [-] [118583] Writing DB stats glance:SELECT=52,glance:UPDATE=9,glance:INSERT=1,glance:DELETE=1 {{(pid=118583) stat_writer /opt/stack/data/venv/lib/python3.10/site-packages/dbcounter.py:115}}
Dec 11 16:26:36 ubuntu devstack@g-api.service[118582]: DEBUG dbcounter [-] [118582] Writing DB stats glance:SELECT=32,glance:INSERT=2,glance:UPDATE=1 {{(pid=118582) stat_writer /opt/stack/data/venv/lib/python3.10/site-packages/dbcounter.py:115}}
