Dec 07 15:56:56 ubuntu devstack@g-api.service[119207]: DEBUG glance.api.middleware.version_negotiation [None req-a59b0d5b-4cad-4823-a07d-41ef799c2b65 tempest-ImageDependencyTests-1420941841 tempest-ImageDependencyTests-1420941841-project-member] Using url versioning {{(pid=119207) process_request /opt/stack/glance/glance/api/middleware/version_negotiation.py:57}}
Dec 07 15:56:56 ubuntu devstack@g-api.service[119207]: DEBUG glance.api.middleware.version_negotiation [None req-a59b0d5b-4cad-4823-a07d-41ef799c2b65 tempest-ImageDependencyTests-1420941841 tempest-ImageDependencyTests-1420941841-project-member] Matched version: v2 {{(pid=119207) process_request /opt/stack/glance/glance/api/middleware/version_negotiation.py:69}}
Dec 07 15:56:56 ubuntu devstack@g-api.service[119207]: DEBUG glance.api.middleware.version_negotiation [None req-a59b0d5b-4cad-4823-a07d-41ef799c2b65 tempest-ImageDependencyTests-1420941841 tempest-ImageDependencyTests-1420941841-project-member] new path /v2/images/191558ec-53b2-44b0-ad90-d130200c2fdf {{(pid=119207) process_request /opt/stack/glance/glance/api/middleware/version_negotiation.py:70}}
Dec 07 15:56:56 ubuntu devstack@g-api.service[119208]: [pid: 119208|app: 0|req: 25/48] 127.0.0.1 () {42 vars in 1055 bytes} [Sat Dec  7 15:56:56 2024] GET /v2/images/191558ec-53b2-44b0-ad90-d130200c2fdf/file => generated 1024 bytes in 23 msecs (HTTP/1.1 200) 5 headers in 213 bytes (1 switches on core 0)
Dec 07 15:56:56 ubuntu devstack@g-api.service[119207]: [pid: 119207|app: 0|req: 24/49] 127.0.0.1 () {42 vars in 1045 bytes} [Sat Dec  7 15:56:56 2024] GET /v2/images/191558ec-53b2-44b0-ad90-d130200c2fdf => generated 807 bytes in 10 msecs (HTTP/1.1 200) 4 headers in 157 bytes (1 switches on core 0)
Dec 07 15:56:56 ubuntu devstack@g-api.service[119208]: DEBUG glance.api.middleware.version_negotiation [None req-a59b0d5b-4cad-4823-a07d-41ef799c2b65 tempest-ImageDependencyTests-1420941841 tempest-ImageDependencyTests-1420941841-project-member] Determining version of request: GET /v2/schemas/image Accept: */* {{(pid=119208) process_request /opt/stack/glance/glance/api/middleware/version_negotiation.py:44}}
Dec 07 15:56:56 ubuntu devstack@g-api.service[119208]: DEBUG glance.api.middleware.version_negotiation [None req-a59b0d5b-4cad-4823-a07d-41ef799c2b65 tempest-ImageDependencyTests-1420941841 tempest-ImageDependencyTests-1420941841-project-member] Using url versioning {{(pid=119208) process_request /opt/stack/glance/glance/api/middleware/version_negotiation.py:57}}
Dec 07 15:56:56 ubuntu devstack@g-api.service[119208]: DEBUG glance.api.middleware.version_negotiation [None req-a59b0d5b-4cad-4823-a07d-41ef799c2b65 tempest-ImageDependencyTests-1420941841 tempest-ImageDependencyTests-1420941841-project-member] Matched version: v2 {{(pid=119208) process_request /opt/stack/glance/glance/api/middleware/version_negotiation.py:69}}
Dec 07 15:56:56 ubuntu devstack@g-api.service[119208]: DEBUG glance.api.middleware.version_negotiation [None req-a59b0d5b-4cad-4823-a07d-41ef799c2b65 tempest-ImageDependencyTests-1420941841 tempest-ImageDependencyTests-1420941841-project-member] new path /v2/schemas/image {{(pid=119208) process_request /opt/stack/glance/glance/api/middleware/version_negotiation.py:70}}
Dec 07 15:56:56 ubuntu devstack@g-api.service[119208]: [pid: 119208|app: 0|req: 26/50] 127.0.0.1 () {42 vars in 985 bytes} [Sat Dec  7 15:56:56 2024] GET /v2/schemas/image => generated 6083 bytes in 3 msecs (HTTP/1.1 200) 4 headers in 158 bytes (1 switches on core 0)
Dec 07 15:56:57 ubuntu devstack@g-api.service[119207]: DEBUG glance.api.middleware.version_negotiation [None req-a59b0d5b-4cad-4823-a07d-41ef799c2b65 tempest-ImageDependencyTests-1420941841 tempest-ImageDependencyTests-1420941841-project-member] Determining version of request: GET /v2/images/191558ec-53b2-44b0-ad90-d130200c2fdf Accept: */* {{(pid=119207) process_request /opt/stack/glance/glance/api/middleware/version_negotiation.py:44}}
Dec 07 15:56:57 ubuntu devstack@g-api.service[119207]: DEBUG glance.api.middleware.version_negotiation [None req-a59b0d5b-4cad-4823-a07d-41ef799c2b65 tempest-ImageDependencyTests-1420941841 tempest-ImageDependencyTests-1420941841-project-member] Using url versioning {{(pid=119207) process_request /opt/stack/glance/glance/api/middleware/version_negotiation.py:57}}
Dec 07 15:56:57 ubuntu devstack@g-api.service[119207]: DEBUG glance.api.middleware.version_negotiation [None req-a59b0d5b-4cad-4823-a07d-41ef799c2b65 tempest-ImageDependencyTests-1420941841 tempest-ImageDependencyTests-1420941841-project-member] Matched version: v2 {{(pid=119207) process_request /opt/stack/glance/glance/api/middleware/version_negotiation.py:69}}
Dec 07 15:56:57 ubuntu devstack@g-api.service[119207]: DEBUG glance.api.middleware.version_negotiation [None req-a59b0d5b-4cad-4823-a07d-41ef799c2b65 tempest-ImageDependencyTests-1420941841 tempest-ImageDependencyTests-1420941841-project-member] new path /v2/images/191558ec-53b2-44b0-ad90-d130200c2fdf {{(pid=119207) process_request /opt/stack/glance/glance/api/middleware/version_negotiation.py:70}}
Dec 07 15:56:57 ubuntu devstack@g-api.service[119207]: [pid: 119207|app: 0|req: 25/51] 127.0.0.1 () {42 vars in 1045 bytes} [Sat Dec  7 15:56:57 2024] GET /v2/images/191558ec-53b2-44b0-ad90-d130200c2fdf => generated 807 bytes in 11 msecs (HTTP/1.1 200) 4 headers in 157 bytes (1 switches on core 0)
Dec 07 15:56:57 ubuntu devstack@g-api.service[119208]: DEBUG glance.api.middleware.version_negotiation [None req-a59b0d5b-4cad-4823-a07d-41ef799c2b65 tempest-ImageDependencyTests-1420941841 tempest-ImageDependencyTests-1420941841-project-member] Determining version of request: GET /v2/schemas/image Accept: */* {{(pid=119208) process_request /opt/stack/glance/glance/api/middleware/version_negotiation.py:44}}
Dec 07 15:56:57 ubuntu devstack@g-api.service[119208]: DEBUG glance.api.middleware.version_negotiation [None req-a59b0d5b-4cad-4823-a07d-41ef799c2b65 tempest-ImageDependencyTests-1420941841 tempest-ImageDependencyTests-1420941841-project-member] Using url versioning {{(pid=119208) process_request /opt/stack/glance/glance/api/middleware/version_negotiation.py:57}}
Dec 07 15:56:57 ubuntu devstack@g-api.service[119208]: DEBUG glance.api.middleware.version_negotiation [None req-a59b0d5b-4cad-4823-a07d-41ef799c2b65 tempest-ImageDependencyTests-1420941841 tempest-ImageDependencyTests-1420941841-project-member] Matched version: v2 {{(pid=119208) process_request /opt/stack/glance/glance/api/middleware/version_negotiation.py:69}}
Dec 07 15:56:57 ubuntu devstack@g-api.service[119208]: DEBUG glance.api.middleware.version_negotiation [None req-a59b0d5b-4cad-4823-a07d-41ef799c2b65 tempest-ImageDependencyTests-1420941841 tempest-ImageDependencyTests-1420941841-project-member] new path /v2/schemas/image {{(pid=119208) process_request /opt/stack/glance/glance/api/middleware/version_negotiation.py:70}}
Dec 07 15:56:57 ubuntu devstack@g-api.service[119208]: [pid: 119208|app: 0|req: 27/52] 127.0.0.1 () {42 vars in 985 bytes} [Sat Dec  7 15:56:57 2024] GET /v2/schemas/image => generated 6083 bytes in 7 msecs (HTTP/1.1 200) 4 headers in 158 bytes (1 switches on core 0)
Dec 07 15:56:57 ubuntu devstack@g-api.service[119207]: DEBUG glance.api.middleware.version_negotiation [None req-a59b0d5b-4cad-4823-a07d-41ef799c2b65 tempest-ImageDependencyTests-1420941841 tempest-ImageDependencyTests-1420941841-project-member] Determining version of request: GET /v2/images/191558ec-53b2-44b0-ad90-d130200c2fdf Accept: */* {{(pid=119207) process_request /opt/stack/glance/glance/api/middleware/version_negotiation.py:44}}
Dec 07 15:56:57 ubuntu devstack@g-api.service[119207]: DEBUG glance.api.middleware.version_negotiation [None req-a59b0d5b-4cad-4823-a07d-41ef799c2b65 tempest-ImageDependencyTests-1420941841 tempest-ImageDependencyTests-1420941841-project-member] Using url versioning {{(pid=119207) process_request /opt/stack/glance/glance/api/middleware/version_negotiation.py:57}}
Dec 07 15:56:57 ubuntu devstack@g-api.service[119207]: DEBUG glance.api.middleware.version_negotiation [None req-a59b0d5b-4cad-4823-a07d-41ef799c2b65 tempest-ImageDependencyTests-1420941841 tempest-ImageDependencyTests-1420941841-project-member] Matched version: v2 {{(pid=119207) process_request /opt/stack/glance/glance/api/middleware/version_negotiation.py:69}}
Dec 07 15:56:57 ubuntu devstack@g-api.service[119207]: DEBUG glance.api.middleware.version_negotiation [None req-a59b0d5b-4cad-4823-a07d-41ef799c2b65 tempest-ImageDependencyTests-1420941841 tempest-ImageDependencyTests-1420941841-project-member] new path /v2/images/191558ec-53b2-44b0-ad90-d130200c2fdf {{(pid=119207) process_request /opt/stack/glance/glance/api/middleware/version_negotiation.py:70}}
Dec 07 15:56:57 ubuntu devstack@g-api.service[119207]: [pid: 119207|app: 0|req: 26/53] 127.0.0.1 () {42 vars in 1045 bytes} [Sat Dec  7 15:56:57 2024] GET /v2/images/191558ec-53b2-44b0-ad90-d130200c2fdf => generated 807 bytes in 10 msecs (HTTP/1.1 200) 4 headers in 157 bytes (1 switches on core 0)
Dec 07 15:56:57 ubuntu devstack@g-api.service[119208]: DEBUG glance.api.middleware.version_negotiation [None req-a59b0d5b-4cad-4823-a07d-41ef799c2b65 tempest-ImageDependencyTests-1420941841 tempest-ImageDependencyTests-1420941841-project-member] Determining version of request: GET /v2/schemas/image Accept: */* {{(pid=119208) process_request /opt/stack/glance/glance/api/middleware/version_negotiation.py:44}}
Dec 07 15:56:57 ubuntu devstack@g-api.service[119208]: DEBUG glance.api.middleware.version_negotiation [None req-a59b0d5b-4cad-4823-a07d-41ef799c2b65 tempest-ImageDependencyTests-1420941841 tempest-ImageDependencyTests-1420941841-project-member] Using url versioning {{(pid=119208) process_request /opt/stack/glance/glance/api/middleware/version_negotiation.py:57}}
Dec 07 15:56:57 ubuntu devstack@g-api.service[119208]: DEBUG glance.api.middleware.version_negotiation [None req-a59b0d5b-4cad-4823-a07d-41ef799c2b65 tempest-ImageDependencyTests-1420941841 tempest-ImageDependencyTests-1420941841-project-member] Matched version: v2 {{(pid=119208) process_request /opt/stack/glance/glance/api/middleware/version_negotiation.py:69}}
Dec 07 15:56:57 ubuntu devstack@g-api.service[119208]: DEBUG glance.api.middleware.version_negotiation [None req-a59b0d5b-4cad-4823-a07d-41ef799c2b65 tempest-ImageDependencyTests-1420941841 tempest-ImageDependencyTests-1420941841-project-member] new path /v2/schemas/image {{(pid=119208) process_request /opt/stack/glance/glance/api/middleware/version_negotiation.py:70}}
Dec 07 15:56:57 ubuntu devstack@g-api.service[119208]: [pid: 119208|app: 0|req: 28/54] 127.0.0.1 () {42 vars in 985 bytes} [Sat Dec  7 15:56:57 2024] GET /v2/schemas/image => generated 6083 bytes in 5 msecs (HTTP/1.1 200) 4 headers in 158 bytes (1 switches on core 0)
Dec 07 15:56:57 ubuntu devstack@g-api.service[119207]: DEBUG glance.api.middleware.version_negotiation [None req-a59b0d5b-4cad-4823-a07d-41ef799c2b65 tempest-ImageDependencyTests-1420941841 tempest-ImageDependencyTests-1420941841-project-member] Determining version of request: GET /v2/images/191558ec-53b2-44b0-ad90-d130200c2fdf Accept: */* {{(pid=119207) process_request /opt/stack/glance/glance/api/middleware/version_negotiation.py:44}}
Dec 07 15:56:57 ubuntu devstack@g-api.service[119207]: DEBUG glance.api.middleware.version_negotiation [None req-a59b0d5b-4cad-4823-a07d-41ef799c2b65 tempest-ImageDependencyTests-1420941841 tempest-ImageDependencyTests-1420941841-project-member] Using url versioning {{(pid=119207) process_request /opt/stack/glance/glance/api/middleware/version_negotiation.py:57}}
Dec 07 15:56:57 ubuntu devstack@g-api.service[119207]: DEBUG glance.api.middleware.version_negotiation [None req-a59b0d5b-4cad-4823-a07d-41ef799c2b65 tempest-ImageDependencyTests-1420941841 tempest-ImageDependencyTests-1420941841-project-member] Matched version: v2 {{(pid=119207) process_request /opt/stack/glance/glance/api/middleware/version_negotiation.py:69}}
Dec 07 15:56:57 ubuntu devstack@g-api.service[119207]: DEBUG glance.api.middleware.version_negotiation [None req-a59b0d5b-4cad-4823-a07d-41ef799c2b65 tempest-ImageDependencyTests-1420941841 tempest-ImageDependencyTests-1420941841-project-member] new path /v2/images/191558ec-53b2-44b0-ad90-d130200c2fdf {{(pid=119207) process_request /opt/stack/glance/glance/api/middleware/version_negotiation.py:70}}
Dec 07 15:56:57 ubuntu devstack@g-api.service[119207]: [pid: 119207|app: 0|req: 27/55] 127.0.0.1 () {42 vars in 1045 bytes} [Sat Dec  7 15:56:57 2024] GET /v2/images/191558ec-53b2-44b0-ad90-d130200c2fdf => generated 807 bytes in 8 msecs (HTTP/1.1 200) 4 headers in 157 bytes (1 switches on core 0)
Dec 07 15:56:57 ubuntu devstack@g-api.service[119208]: DEBUG glance.api.middleware.version_negotiation [None req-a59b0d5b-4cad-4823-a07d-41ef799c2b65 tempest-ImageDependencyTests-1420941841 tempest-ImageDependencyTests-1420941841-project-member] Determining version of request: GET /v2/schemas/image Accept: */* {{(pid=119208) process_request /opt/stack/glance/glance/api/middleware/version_negotiation.py:44}}
Dec 07 15:56:57 ubuntu devstack@g-api.service[119208]: DEBUG glance.api.middleware.version_negotiation [None req-a59b0d5b-4cad-4823-a07d-41ef799c2b65 tempest-ImageDependencyTests-1420941841 tempest-ImageDependencyTests-1420941841-project-member] Using url versioning {{(pid=119208) process_request /opt/stack/glance/glance/api/middleware/version_negotiation.py:57}}
Dec 07 15:56:57 ubuntu devstack@g-api.service[119208]: DEBUG glance.api.middleware.version_negotiation [None req-a59b0d5b-4cad-4823-a07d-41ef799c2b65 tempest-ImageDependencyTests-1420941841 tempest-ImageDependencyTests-1420941841-project-member] Matched version: v2 {{(pid=119208) process_request /opt/stack/glance/glance/api/middleware/version_negotiation.py:69}}
Dec 07 15:56:57 ubuntu devstack@g-api.service[119208]: DEBUG glance.api.middleware.version_negotiation [None req-a59b0d5b-4cad-4823-a07d-41ef799c2b65 tempest-ImageDependencyTests-1420941841 tempest-ImageDependencyTests-1420941841-project-member] new path /v2/schemas/image {{(pid=119208) process_request /opt/stack/glance/glance/api/middleware/version_negotiation.py:70}}
Dec 07 15:56:57 ubuntu devstack@g-api.service[119208]: [pid: 119208|app: 0|req: 29/56] 127.0.0.1 () {42 vars in 985 bytes} [Sat Dec  7 15:56:57 2024] GET /v2/schemas/image => generated 6083 bytes in 4 msecs (HTTP/1.1 200) 4 headers in 158 bytes (1 switches on core 0)
Dec 07 15:56:57 ubuntu devstack@g-api.service[119207]: DEBUG glance.api.middleware.version_negotiation [None req-a59b0d5b-4cad-4823-a07d-41ef799c2b65 tempest-ImageDependencyTests-1420941841 tempest-ImageDependencyTests-1420941841-project-member] Determining version of request: GET /v2/schemas/image Accept: */* {{(pid=119207) process_request /opt/stack/glance/glance/api/middleware/version_negotiation.py:44}}
Dec 07 15:56:57 ubuntu devstack@g-api.service[119207]: DEBUG glance.api.middleware.version_negotiation [None req-a59b0d5b-4cad-4823-a07d-41ef799c2b65 tempest-ImageDependencyTests-1420941841 tempest-ImageDependencyTests-1420941841-project-member] Using url versioning {{(pid=119207) process_request /opt/stack/glance/glance/api/middleware/version_negotiation.py:57}}
Dec 07 15:56:57 ubuntu devstack@g-api.service[119207]: DEBUG glance.api.middleware.version_negotiation [None req-a59b0d5b-4cad-4823-a07d-41ef799c2b65 tempest-ImageDependencyTests-1420941841 tempest-ImageDependencyTests-1420941841-project-member] Matched version: v2 {{(pid=119207) process_request /opt/stack/glance/glance/api/middleware/version_negotiation.py:69}}
Dec 07 15:56:57 ubuntu devstack@g-api.service[119207]: DEBUG glance.api.middleware.version_negotiation [None req-a59b0d5b-4cad-4823-a07d-41ef799c2b65 tempest-ImageDependencyTests-1420941841 tempest-ImageDependencyTests-1420941841-project-member] new path /v2/schemas/image {{(pid=119207) process_request /opt/stack/glance/glance/api/middleware/version_negotiation.py:70}}
Dec 07 15:56:57 ubuntu devstack@g-api.service[119207]: [pid: 119207|app: 0|req: 28/57] 127.0.0.1 () {42 vars in 985 bytes} [Sat Dec  7 15:56:57 2024] GET /v2/schemas/image => generated 6083 bytes in 2 msecs (HTTP/1.1 200) 4 headers in 158 bytes (1 switches on core 0)
Dec 07 15:56:57 ubuntu devstack@g-api.service[119208]: DEBUG glance.api.middleware.version_negotiation [None req-a59b0d5b-4cad-4823-a07d-41ef799c2b65 tempest-ImageDependencyTests-1420941841 tempest-ImageDependencyTests-1420941841-project-member] Determining version of request: GET /v2/images/191558ec-53b2-44b0-ad90-d130200c2fdf Accept: */* {{(pid=119208) process_request /opt/stack/glance/glance/api/middleware/version_negotiation.py:44}}
Dec 07 15:56:57 ubuntu devstack@g-api.service[119208]: DEBUG glance.api.middleware.version_negotiation [None req-a59b0d5b-4cad-4823-a07d-41ef799c2b65 tempest-ImageDependencyTests-1420941841 tempest-ImageDependencyTests-1420941841-project-member] Using url versioning {{(pid=119208) process_request /opt/stack/glance/glance/api/middleware/version_negotiation.py:57}}
Dec 07 15:56:57 ubuntu devstack@g-api.service[119208]: DEBUG glance.api.middleware.version_negotiation [None req-a59b0d5b-4cad-4823-a07d-41ef799c2b65 tempest-ImageDependencyTests-1420941841 tempest-ImageDependencyTests-1420941841-project-member] Matched version: v2 {{(pid=119208) process_request /opt/stack/glance/glance/api/middleware/version_negotiation.py:69}}
Dec 07 15:56:57 ubuntu devstack@g-api.service[119208]: DEBUG glance.api.middleware.version_negotiation [None req-a59b0d5b-4cad-4823-a07d-41ef799c2b65 tempest-ImageDependencyTests-1420941841 tempest-ImageDependencyTests-1420941841-project-member] new path /v2/images/191558ec-53b2-44b0-ad90-d130200c2fdf {{(pid=119208) process_request /opt/stack/glance/glance/api/middleware/version_negotiation.py:70}}
Dec 07 15:56:57 ubuntu devstack@g-api.service[119208]: [pid: 119208|app: 0|req: 30/58] 127.0.0.1 () {42 vars in 1045 bytes} [Sat Dec  7 15:56:57 2024] GET /v2/images/191558ec-53b2-44b0-ad90-d130200c2fdf => generated 807 bytes in 16 msecs (HTTP/1.1 200) 4 headers in 157 bytes (1 switches on core 0)
Dec 07 15:56:57 ubuntu devstack@g-api.service[119207]: DEBUG glance.api.middleware.version_negotiation [None req-a59b0d5b-4cad-4823-a07d-41ef799c2b65 tempest-ImageDependencyTests-1420941841 tempest-ImageDependencyTests-1420941841-project-member] Determining version of request: GET /v2/images/191558ec-53b2-44b0-ad90-d130200c2fdf/file Accept: */* {{(pid=119207) process_request /opt/stack/glance/glance/api/middleware/version_negotiation.py:44}}
Dec 07 15:56:57 ubuntu devstack@g-api.service[119207]: DEBUG glance.api.middleware.version_negotiation [None req-a59b0d5b-4cad-4823-a07d-41ef799c2b65 tempest-ImageDependencyTests-1420941841 tempest-ImageDependencyTests-1420941841-project-member] Using url versioning {{(pid=119207) process_request /opt/stack/glance/glance/api/middleware/version_negotiation.py:57}}
Dec 07 15:56:57 ubuntu devstack@g-api.service[119207]: DEBUG glance.api.middleware.version_negotiation [None req-a59b0d5b-4cad-4823-a07d-41ef799c2b65 tempest-ImageDependencyTests-1420941841 tempest-ImageDependencyTests-1420941841-project-member] Matched version: v2 {{(pid=119207) process_request /opt/stack/glance/glance/api/middleware/version_negotiation.py:69}}
Dec 07 15:56:57 ubuntu devstack@g-api.service[119207]: DEBUG glance.api.middleware.version_negotiation [None req-a59b0d5b-4cad-4823-a07d-41ef799c2b65 tempest-ImageDependencyTests-1420941841 tempest-ImageDependencyTests-1420941841-project-member] new path /v2/images/191558ec-53b2-44b0-ad90-d130200c2fdf/file {{(pid=119207) process_request /opt/stack/glance/glance/api/middleware/version_negotiation.py:70}}
Dec 07 15:56:57 ubuntu devstack@g-api.service[119207]: DEBUG glance.api.middleware.cache [None req-a59b0d5b-4cad-4823-a07d-41ef799c2b65 tempest-ImageDependencyTests-1420941841 tempest-ImageDependencyTests-1420941841-project-member] Cache hit for image '191558ec-53b2-44b0-ad90-d130200c2fdf' {{(pid=119207) process_request /opt/stack/glance/glance/api/middleware/cache.py:160}}
Dec 07 15:56:57 ubuntu devstack@g-api.service[119208]: DEBUG glance.api.middleware.version_negotiation [None req-a59b0d5b-4cad-4823-a07d-41ef799c2b65 tempest-ImageDependencyTests-1420941841 tempest-ImageDependencyTests-1420941841-project-member] Determining version of request: GET /v2/images/191558ec-53b2-44b0-ad90-d130200c2fdf Accept: */* {{(pid=119208) process_request /opt/stack/glance/glance/api/middleware/version_negotiation.py:44}}
Dec 07 15:56:57 ubuntu devstack@g-api.service[119208]: DEBUG glance.api.middleware.version_negotiation [None req-a59b0d5b-4cad-4823-a07d-41ef799c2b65 tempest-ImageDependencyTests-1420941841 tempest-ImageDependencyTests-1420941841-project-member] Using url versioning {{(pid=119208) process_request /opt/stack/glance/glance/api/middleware/version_negotiation.py:57}}
Dec 07 15:56:57 ubuntu devstack@g-api.service[119208]: DEBUG glance.api.middleware.version_negotiation [None req-a59b0d5b-4cad-4823-a07d-41ef799c2b65 tempest-ImageDependencyTests-1420941841 tempest-ImageDependencyTests-1420941841-project-member] Matched version: v2 {{(pid=119208) process_request /opt/stack/glance/glance/api/middleware/version_negotiation.py:69}}
Dec 07 15:56:57 ubuntu devstack@g-api.service[119208]: DEBUG glance.api.middleware.version_negotiation [None req-a59b0d5b-4cad-4823-a07d-41ef799c2b65 tempest-ImageDependencyTests-1420941841 tempest-ImageDependencyTests-1420941841-project-member] new path /v2/images/191558ec-53b2-44b0-ad90-d130200c2fdf {{(pid=119208) process_request /opt/stack/glance/glance/api/middleware/version_negotiation.py:70}}
Dec 07 15:56:57 ubuntu devstack@g-api.service[119207]: [pid: 119207|app: 0|req: 29/59] 127.0.0.1 () {42 vars in 1055 bytes} [Sat Dec  7 15:56:57 2024] GET /v2/images/191558ec-53b2-44b0-ad90-d130200c2fdf/file => generated 1024 bytes in 26 msecs (HTTP/1.1 200) 5 headers in 213 bytes (1 switches on core 0)
Dec 07 15:56:57 ubuntu devstack@g-api.service[119208]: [pid: 119208|app: 0|req: 31/60] 127.0.0.1 () {42 vars in 1045 bytes} [Sat Dec  7 15:56:57 2024] GET /v2/images/191558ec-53b2-44b0-ad90-d130200c2fdf => generated 807 bytes in 12 msecs (HTTP/1.1 200) 4 headers in 157 bytes (1 switches on core 0)
Dec 07 15:56:57 ubuntu devstack@g-api.service[119207]: DEBUG glance.api.middleware.version_negotiation [None req-a59b0d5b-4cad-4823-a07d-41ef799c2b65 tempest-ImageDependencyTests-1420941841 tempest-ImageDependencyTests-1420941841-project-member] Determining version of request: GET /v2/schemas/image Accept: */* {{(pid=119207) process_request /opt/stack/glance/glance/api/middleware/version_negotiation.py:44}}
Dec 07 15:56:57 ubuntu devstack@g-api.service[119207]: DEBUG glance.api.middleware.version_negotiation [None req-a59b0d5b-4cad-4823-a07d-41ef799c2b65 tempest-ImageDependencyTests-1420941841 tempest-ImageDependencyTests-1420941841-project-member] Using url versioning {{(pid=119207) process_request /opt/stack/glance/glance/api/middleware/version_negotiation.py:57}}
Dec 07 15:56:57 ubuntu devstack@g-api.service[119207]: DEBUG glance.api.middleware.version_negotiation [None req-a59b0d5b-4cad-4823-a07d-41ef799c2b65 tempest-ImageDependencyTests-1420941841 tempest-ImageDependencyTests-1420941841-project-member] Matched version: v2 {{(pid=119207) process_request /opt/stack/glance/glance/api/middleware/version_negotiation.py:69}}
Dec 07 15:56:57 ubuntu devstack@g-api.service[119207]: DEBUG glance.api.middleware.version_negotiation [None req-a59b0d5b-4cad-4823-a07d-41ef799c2b65 tempest-ImageDependencyTests-1420941841 tempest-ImageDependencyTests-1420941841-project-member] new path /v2/schemas/image {{(pid=119207) process_request /opt/stack/glance/glance/api/middleware/version_negotiation.py:70}}
Dec 07 15:56:57 ubuntu devstack@g-api.service[119207]: [pid: 119207|app: 0|req: 30/61] 127.0.0.1 () {42 vars in 985 bytes} [Sat Dec  7 15:56:57 2024] GET /v2/schemas/image => generated 6083 bytes in 3 msecs (HTTP/1.1 200) 4 headers in 158 bytes (1 switches on core 0)
Dec 07 15:56:58 ubuntu devstack@g-api.service[119208]: DEBUG glance.api.middleware.version_negotiation [None req-a59b0d5b-4cad-4823-a07d-41ef799c2b65 tempest-ImageDependencyTests-1420941841 tempest-ImageDependencyTests-1420941841-project-member] Determining version of request: GET /v2/images/191558ec-53b2-44b0-ad90-d130200c2fdf Accept: */* {{(pid=119208) process_request /opt/stack/glance/glance/api/middleware/version_negotiation.py:44}}
Dec 07 15:56:58 ubuntu devstack@g-api.service[119208]: DEBUG glance.api.middleware.version_negotiation [None req-a59b0d5b-4cad-4823-a07d-41ef799c2b65 tempest-ImageDependencyTests-1420941841 tempest-ImageDependencyTests-1420941841-project-member] Using url versioning {{(pid=119208) process_request /opt/stack/glance/glance/api/middleware/version_negotiation.py:57}}
Dec 07 15:56:58 ubuntu devstack@g-api.service[119208]: DEBUG glance.api.middleware.version_negotiation [None req-a59b0d5b-4cad-4823-a07d-41ef799c2b65 tempest-ImageDependencyTests-1420941841 tempest-ImageDependencyTests-1420941841-project-member] Matched version: v2 {{(pid=119208) process_request /opt/stack/glance/glance/api/middleware/version_negotiation.py:69}}
Dec 07 15:56:58 ubuntu devstack@g-api.service[119208]: DEBUG glance.api.middleware.version_negotiation [None req-a59b0d5b-4cad-4823-a07d-41ef799c2b65 tempest-ImageDependencyTests-1420941841 tempest-ImageDependencyTests-1420941841-project-member] new path /v2/images/191558ec-53b2-44b0-ad90-d130200c2fdf {{(pid=119208) process_request /opt/stack/glance/glance/api/middleware/version_negotiation.py:70}}
Dec 07 15:56:58 ubuntu devstack@g-api.service[119208]: [pid: 119208|app: 0|req: 32/62] 127.0.0.1 () {42 vars in 1045 bytes} [Sat Dec  7 15:56:58 2024] GET /v2/images/191558ec-53b2-44b0-ad90-d130200c2fdf => generated 807 bytes in 17 msecs (HTTP/1.1 200) 4 headers in 157 bytes (1 switches on core 0)
Dec 07 15:56:58 ubuntu devstack@g-api.service[119207]: DEBUG glance.api.middleware.version_negotiation [None req-a59b0d5b-4cad-4823-a07d-41ef799c2b65 tempest-ImageDependencyTests-1420941841 tempest-ImageDependencyTests-1420941841-project-member] Determining version of request: GET /v2/schemas/image Accept: */* {{(pid=119207) process_request /opt/stack/glance/glance/api/middleware/version_negotiation.py:44}}
Dec 07 15:56:58 ubuntu devstack@g-api.service[119207]: DEBUG glance.api.middleware.version_negotiation [None req-a59b0d5b-4cad-4823-a07d-41ef799c2b65 tempest-ImageDependencyTests-1420941841 tempest-ImageDependencyTests-1420941841-project-member] Using url versioning {{(pid=119207) process_request /opt/stack/glance/glance/api/middleware/version_negotiation.py:57}}
Dec 07 15:56:58 ubuntu devstack@g-api.service[119207]: DEBUG glance.api.middleware.version_negotiation [None req-a59b0d5b-4cad-4823-a07d-41ef799c2b65 tempest-ImageDependencyTests-1420941841 tempest-ImageDependencyTests-1420941841-project-member] Matched version: v2 {{(pid=119207) process_request /opt/stack/glance/glance/api/middleware/version_negotiation.py:69}}
Dec 07 15:56:58 ubuntu devstack@g-api.service[119207]: DEBUG glance.api.middleware.version_negotiation [None req-a59b0d5b-4cad-4823-a07d-41ef799c2b65 tempest-ImageDependencyTests-1420941841 tempest-ImageDependencyTests-1420941841-project-member] new path /v2/schemas/image {{(pid=119207) process_request /opt/stack/glance/glance/api/middleware/version_negotiation.py:70}}
Dec 07 15:56:58 ubuntu devstack@g-api.service[119207]: [pid: 119207|app: 0|req: 31/63] 127.0.0.1 () {42 vars in 985 bytes} [Sat Dec  7 15:56:58 2024] GET /v2/schemas/image => generated 6083 bytes in 3 msecs (HTTP/1.1 200) 4 headers in 158 bytes (1 switches on core 0)
Dec 07 15:56:59 ubuntu devstack@g-api.service[119208]: DEBUG glance.api.middleware.version_negotiation [None req-a59b0d5b-4cad-4823-a07d-41ef799c2b65 tempest-ImageDependencyTests-1420941841 tempest-ImageDependencyTests-1420941841-project-member] Determining version of request: DELETE /v2/images/191558ec-53b2-44b0-ad90-d130200c2fdf Accept: application/json {{(pid=119208) process_request /opt/stack/glance/glance/api/middleware/version_negotiation.py:44}}
Dec 07 15:56:59 ubuntu devstack@g-api.service[119208]: DEBUG glance.api.middleware.version_negotiation [None req-a59b0d5b-4cad-4823-a07d-41ef799c2b65 tempest-ImageDependencyTests-1420941841 tempest-ImageDependencyTests-1420941841-project-member] Using url versioning {{(pid=119208) process_request /opt/stack/glance/glance/api/middleware/version_negotiation.py:57}}
Dec 07 15:56:59 ubuntu devstack@g-api.service[119208]: DEBUG glance.api.middleware.version_negotiation [None req-a59b0d5b-4cad-4823-a07d-41ef799c2b65 tempest-ImageDependencyTests-1420941841 tempest-ImageDependencyTests-1420941841-project-member] Matched version: v2 {{(pid=119208) process_request /opt/stack/glance/glance/api/middleware/version_negotiation.py:69}}
Dec 07 15:56:59 ubuntu devstack@g-api.service[119208]: DEBUG glance.api.middleware.version_negotiation [None req-a59b0d5b-4cad-4823-a07d-41ef799c2b65 tempest-ImageDependencyTests-1420941841 tempest-ImageDependencyTests-1420941841-project-member] new path /v2/images/191558ec-53b2-44b0-ad90-d130200c2fdf {{(pid=119208) process_request /opt/stack/glance/glance/api/middleware/version_negotiation.py:70}}
Dec 07 15:56:59 ubuntu devstack@g-api.service[119208]: WARNING glance.api.v2.images [None req-39353998-9dbf-4fee-9de4-cbfead4dd761 tempest-ImageDependencyTests-1420941841 tempest-ImageDependencyTests-1420941841-project-member] After upload to backend, deletion of staged image data has failed because it cannot be found at /tmp/staging//191558ec-53b2-44b0-ad90-d130200c2fdf
Dec 07 15:56:59 ubuntu devstack@g-api.service[119208]: DEBUG glance_store.backend [None req-39353998-9dbf-4fee-9de4-cbfead4dd761 tempest-ImageDependencyTests-1420941841 tempest-ImageDependencyTests-1420941841-project-member] Attempting to import store swift {{(pid=119208) _load_store /opt/stack/data/venv/lib/python3.10/site-packages/glance_store/backend.py:216}}
Dec 07 15:56:59 ubuntu devstack@g-api.service[119208]: DEBUG glance_store.capabilities [None req-39353998-9dbf-4fee-9de4-cbfead4dd761 tempest-ImageDependencyTests-1420941841 tempest-ImageDependencyTests-1420941841-project-member] Store glance_store._drivers.swift.store.SingleTenantStore doesn't support updating dynamic storage capabilities. Please overwrite 'update_capabilities' method of the store to implement updating logics if needed. {{(pid=119208) update_capabilities /opt/stack/data/venv/lib/python3.10/site-packages/glance_store/capabilities.py:91}}
Dec 07 15:56:59 ubuntu devstack@g-api.service[119208]: DEBUG glance_store.driver [None req-39353998-9dbf-4fee-9de4-cbfead4dd761 tempest-ImageDependencyTests-1420941841 tempest-ImageDependencyTests-1420941841-project-member] Late loading location class glance_store._drivers.swift.store.StoreLocation {{(pid=119208) get_store_location_class /opt/stack/data/venv/lib/python3.10/site-packages/glance_store/driver.py:133}}
Dec 07 15:56:59 ubuntu devstack@g-api.service[119208]: DEBUG glance_store.location [None req-39353998-9dbf-4fee-9de4-cbfead4dd761 tempest-ImageDependencyTests-1420941841 tempest-ImageDependencyTests-1420941841-project-member] Registering scheme swift+https with {'store': <glance_store._drivers.swift.store.SingleTenantStore object at 0x7fa17d138370>, 'location_class': <class 'glance_store._drivers.swift.store.StoreLocation'>, 'store_entry': 'swift'} {{(pid=119208) register_scheme_map /opt/stack/data/venv/lib/python3.10/site-packages/glance_store/location.py:146}}
Dec 07 15:56:59 ubuntu devstack@g-api.service[119208]: DEBUG glance_store.location [None req-39353998-9dbf-4fee-9de4-cbfead4dd761 tempest-ImageDependencyTests-1420941841 tempest-ImageDependencyTests-1420941841-project-member] Registering scheme swift+https with {'store': <glance_store._drivers.swift.store.SingleTenantStore object at 0x7fa17d138370>, 'location_class': <class 'glance_store._drivers.swift.store.StoreLocation'>, 'store_entry': 'swift'} {{(pid=119208) register_scheme_map /opt/stack/data/venv/lib/python3.10/site-packages/glance_store/location.py:146}}
Dec 07 15:56:59 ubuntu devstack@g-api.service[119208]: DEBUG glance_store.location [None req-39353998-9dbf-4fee-9de4-cbfead4dd761 tempest-ImageDependencyTests-1420941841 tempest-ImageDependencyTests-1420941841-project-member] Registering scheme swift with {'store': <glance_store._drivers.swift.store.SingleTenantStore object at 0x7fa17d138370>, 'location_class': <class 'glance_store._drivers.swift.store.StoreLocation'>, 'store_entry': 'swift'} {{(pid=119208) register_scheme_map /opt/stack/data/venv/lib/python3.10/site-packages/glance_store/location.py:146}}
Dec 07 15:56:59 ubuntu devstack@g-api.service[119208]: DEBUG glance_store.location [None req-39353998-9dbf-4fee-9de4-cbfead4dd761 tempest-ImageDependencyTests-1420941841 tempest-ImageDependencyTests-1420941841-project-member] Registering scheme swift+https with {'store': <glance_store._drivers.swift.store.SingleTenantStore object at 0x7fa17d138370>, 'location_class': <class 'glance_store._drivers.swift.store.StoreLocation'>, 'store_entry': 'swift'} {{(pid=119208) register_scheme_map /opt/stack/data/venv/lib/python3.10/site-packages/glance_store/location.py:146}}
Dec 07 15:56:59 ubuntu devstack@g-api.service[119208]: DEBUG glance_store.location [None req-39353998-9dbf-4fee-9de4-cbfead4dd761 tempest-ImageDependencyTests-1420941841 tempest-ImageDependencyTests-1420941841-project-member] Registering scheme swift with {'store': <glance_store._drivers.swift.store.SingleTenantStore object at 0x7fa17d138370>, 'location_class': <class 'glance_store._drivers.swift.store.StoreLocation'>, 'store_entry': 'swift'} {{(pid=119208) register_scheme_map /opt/stack/data/venv/lib/python3.10/site-packages/glance_store/location.py:146}}
Dec 07 15:56:59 ubuntu devstack@g-api.service[119208]: DEBUG glance_store.location [None req-39353998-9dbf-4fee-9de4-cbfead4dd761 tempest-ImageDependencyTests-1420941841 tempest-ImageDependencyTests-1420941841-project-member] Registering scheme swift+http with {'store': <glance_store._drivers.swift.store.SingleTenantStore object at 0x7fa17d138370>, 'location_class': <class 'glance_store._drivers.swift.store.StoreLocation'>, 'store_entry': 'swift'} {{(pid=119208) register_scheme_map /opt/stack/data/venv/lib/python3.10/site-packages/glance_store/location.py:146}}
Dec 07 15:56:59 ubuntu devstack@g-api.service[119208]: DEBUG glance_store.location [None req-39353998-9dbf-4fee-9de4-cbfead4dd761 tempest-ImageDependencyTests-1420941841 tempest-ImageDependencyTests-1420941841-project-member] Registering scheme swift+https with {'store': <glance_store._drivers.swift.store.SingleTenantStore object at 0x7fa17d138370>, 'location_class': <class 'glance_store._drivers.swift.store.StoreLocation'>, 'store_entry': 'swift'} {{(pid=119208) register_scheme_map /opt/stack/data/venv/lib/python3.10/site-packages/glance_store/location.py:146}}
Dec 07 15:56:59 ubuntu devstack@g-api.service[119208]: DEBUG glance_store.location [None req-39353998-9dbf-4fee-9de4-cbfead4dd761 tempest-ImageDependencyTests-1420941841 tempest-ImageDependencyTests-1420941841-project-member] Registering scheme swift with {'store': <glance_store._drivers.swift.store.SingleTenantStore object at 0x7fa17d138370>, 'location_class': <class 'glance_store._drivers.swift.store.StoreLocation'>, 'store_entry': 'swift'} {{(pid=119208) register_scheme_map /opt/stack/data/venv/lib/python3.10/site-packages/glance_store/location.py:146}}
Dec 07 15:56:59 ubuntu devstack@g-api.service[119208]: DEBUG glance_store.location [None req-39353998-9dbf-4fee-9de4-cbfead4dd761 tempest-ImageDependencyTests-1420941841 tempest-ImageDependencyTests-1420941841-project-member] Registering scheme swift+http with {'store': <glance_store._drivers.swift.store.SingleTenantStore object at 0x7fa17d138370>, 'location_class': <class 'glance_store._drivers.swift.store.StoreLocation'>, 'store_entry': 'swift'} {{(pid=119208) register_scheme_map /opt/stack/data/venv/lib/python3.10/site-packages/glance_store/location.py:146}}
Dec 07 15:56:59 ubuntu devstack@g-api.service[119208]: DEBUG glance_store.location [None req-39353998-9dbf-4fee-9de4-cbfead4dd761 tempest-ImageDependencyTests-1420941841 tempest-ImageDependencyTests-1420941841-project-member] Registering scheme swift+config with {'store': <glance_store._drivers.swift.store.SingleTenantStore object at 0x7fa17d138370>, 'location_class': <class 'glance_store._drivers.swift.store.StoreLocation'>, 'store_entry': 'swift'} {{(pid=119208) register_scheme_map /opt/stack/data/venv/lib/python3.10/site-packages/glance_store/location.py:146}}
Dec 07 15:56:59 ubuntu devstack@g-api.service[119208]: DEBUG keystoneclient.auth.identity.v3.base [None req-39353998-9dbf-4fee-9de4-cbfead4dd761 tempest-ImageDependencyTests-1420941841 tempest-ImageDependencyTests-1420941841-project-member] Making authentication request to http://10.201.5.82/identity/v3/auth/tokens {{(pid=119208) get_auth_ref /opt/stack/data/venv/lib/python3.10/site-packages/keystoneclient/auth/identity/v3/base.py:185}}
Dec 07 15:56:59 ubuntu devstack@g-api.service[119208]: DEBUG keystoneclient.auth.identity.v3.base [None req-39353998-9dbf-4fee-9de4-cbfead4dd761 tempest-ImageDependencyTests-1420941841 tempest-ImageDependencyTests-1420941841-project-member] {"token": {"methods": ["password"], "user": {"domain": {"id": "default", "name": "Default"}, "id": "41fab39848eb481c91f4a969ee5c7039", "name": "glance-swift", "password_expires_at": null}, "audit_ids": ["6oF6YNEFTyWc3bmz3nRU3g"], "expires_at": "2024-12-07T16:56:59.000000Z", "issued_at": "2024-12-07T15:56:59.000000Z", "project": {"domain": {"id": "default", "name": "Default"}, "id": "a1d5c5416d744eb9a8e0dea450ffc3d1", "name": "service"}, "is_domain": false, "roles": [{"id": "80a8154714e3467b95b7e4fea84c3e21", "name": "service"}, {"id": "8a8b375deae141b099b347b13049acd0", "name": "ResellerAdmin"}], "catalog": [{"endpoints": [{"id": "86ceb4d368ac4bc4bf2812b70d98e6b4", "interface": "public", "region_id": "RegionOne", "url": "http://10.201.5.82/compute/v2/a1d5c5416d744eb9a8e0dea450ffc3d1", "region": "RegionOne"}], "id": "03516fb7518745edbccf1b54a08f5c96", "type": "compute_legacy", "name": "nova_legacy"}, {"endpoints": [{"id": "853a7c8576644543a06260797cbe0f66", "interface": "public", "region_id": "RegionOne", "url": "http://10.201.5.82/volume/v3", "region": "RegionOne"}], "id": "3602d82bf744495db860c2e86ae4039e", "type": "block-storage", "name": "cinder"}, {"endpoints": [{"id": "ff9237d5a58a48d692762f95d2ea9fb1", "interface": "public", "region_id": "RegionOne", "url": "http://10.201.5.82/image", "region": "RegionOne"}], "id": "4223ed37ac2d4be4b4fe2463474c1488", "type": "image", "name": "glance"}, {"endpoints": [{"id": "60e98a60bec84c96a1c367f8d7d57a25", "interface": "public", "region_id": "RegionOne", "url": "http://10.201.5.82/compute/v2.1", "region": "RegionOne"}], "id": "688b88c8c1c14bc59d91e83bae80adc4", "type": "compute", "name": "nova"}, {"endpoints": [{"id": "d30d978ff54b403ba03c99f388f080bf", "interface": "public", "region_id": "RegionOne", "url": "http://10.201.5.82/identity", "region": "RegionOne"}], "id": "8a40dfe5f90a40299c9a10a655f00321", "type": "identity", "name": "keystone"}, {"endpoints": [{"id": "2815f4f957e14688b3a515cd6fbd081b", "interface": "public", "region_id": "RegionOne", "url": "http://10.201.5.82:8080/v1/AUTH_a1d5c5416d744eb9a8e0dea450ffc3d1", "region": "RegionOne"}, {"id": "c35ebb81454245a2ac7a6d742ec222ea", "interface": "admin", "region_id": "RegionOne", "url": "http://10.201.5.82:8080", "region": "RegionOne"}], "id": "99030b2924424378858a4c9c9563f7ff", "type": "object-store", "name": "swift"}, {"endpoints": [{"id": "ce127937e36443219b6b3f1f2bc3ab5e", "interface": "public", "region_id": "RegionOne", "url": "http://10.201.5.82/placement", "region": "RegionOne"}], "id": "cdf4507fe384441aa34ee02bd1338dcd", "type": "placement", "name": "placement"}, {"endpoints": [{"id": "6ca8d725288f4defbe2432128c5f06e3", "interface": "public", "region_id": "RegionOne", "url": "http://10.201.5.82:9696/networking", "region": "RegionOne"}], "id": "d0d83bec350f4230b21f21b055b73166", "type": "network", "name": "neutron"}]}} {{(pid=119208) get_auth_ref /opt/stack/data/venv/lib/python3.10/site-packages/keystoneclient/auth/identity/v3/base.py:190}}
Dec 07 15:56:59 ubuntu devstack@g-api.service[119208]: DEBUG keystoneclient.httpclient [None req-39353998-9dbf-4fee-9de4-cbfead4dd761 tempest-ImageDependencyTests-1420941841 tempest-ImageDependencyTests-1420941841-project-member] Failed to find endpoint for management url admin endpoint for identity service not found {{(pid=119208) _process_management_url /opt/stack/data/venv/lib/python3.10/site-packages/keystoneclient/httpclient.py:670}}
Dec 07 15:56:59 ubuntu devstack@g-api.service[119208]: DEBUG swiftclient [None req-39353998-9dbf-4fee-9de4-cbfead4dd761 tempest-ImageDependencyTests-1420941841 tempest-ImageDependencyTests-1420941841-project-member] REQ: curl -i http://10.201.5.82:8080/v1/AUTH_a1d5c5416d744eb9a8e0dea450ffc3d1/glance/191558ec-53b2-44b0-ad90-d130200c2fdf -I -H "X-Auth-Token: gAAAAABnVHBLd_gX..." {{(pid=119208) http_log /opt/stack/data/venv/lib/python3.10/site-packages/swiftclient/client.py:160}}
Dec 07 15:56:59 ubuntu devstack@g-api.service[119208]: DEBUG swiftclient [None req-39353998-9dbf-4fee-9de4-cbfead4dd761 tempest-ImageDependencyTests-1420941841 tempest-ImageDependencyTests-1420941841-project-member] RESP STATUS: 200 OK {{(pid=119208) http_log /opt/stack/data/venv/lib/python3.10/site-packages/swiftclient/client.py:161}}
Dec 07 15:56:59 ubuntu devstack@g-api.service[119208]: DEBUG swiftclient [None req-39353998-9dbf-4fee-9de4-cbfead4dd761 tempest-ImageDependencyTests-1420941841 tempest-ImageDependencyTests-1420941841-project-member] RESP HEADERS: {'Content-Type': 'application/octet-stream', 'Content-Length': '1024', 'Etag': '7b978bc8f5dfe5428b92088d679a48fc', 'Last-Modified': 'Sat, 07 Dec 2024 15:56:54 GMT', 'X-Timestamp': '1733587013.31210', 'Accept-Ranges': 'bytes', 'X-Trans-Id': 'tx8a3e42b55d7f4428ac0dc-006754704b', 'X-Openstack-Request-Id': 'tx8a3e42b55d7f4428ac0dc-006754704b', 'Date': 'Sat, 07 Dec 2024 15:56:59 GMT'} {{(pid=119208) http_log /opt/stack/data/venv/lib/python3.10/site-packages/swiftclient/client.py:162}}
Dec 07 15:56:59 ubuntu devstack@g-api.service[119208]: DEBUG swiftclient [None req-39353998-9dbf-4fee-9de4-cbfead4dd761 tempest-ImageDependencyTests-1420941841 tempest-ImageDependencyTests-1420941841-project-member] REQ: curl -i http://10.201.5.82:8080/v1/AUTH_a1d5c5416d744eb9a8e0dea450ffc3d1/glance/191558ec-53b2-44b0-ad90-d130200c2fdf DELETE -H "X-Auth-Token: gAAAAABnVHBLd_gX..." {{(pid=119208) http_log /opt/stack/data/venv/lib/python3.10/site-packages/swiftclient/client.py:160}}
Dec 07 15:56:59 ubuntu devstack@g-api.service[119208]: DEBUG swiftclient [None req-39353998-9dbf-4fee-9de4-cbfead4dd761 tempest-ImageDependencyTests-1420941841 tempest-ImageDependencyTests-1420941841-project-member] RESP STATUS: 204 No Content {{(pid=119208) http_log /opt/stack/data/venv/lib/python3.10/site-packages/swiftclient/client.py:161}}
Dec 07 15:56:59 ubuntu devstack@g-api.service[119208]: DEBUG swiftclient [None req-39353998-9dbf-4fee-9de4-cbfead4dd761 tempest-ImageDependencyTests-1420941841 tempest-ImageDependencyTests-1420941841-project-member] RESP HEADERS: {'Content-Type': 'text/html; charset=UTF-8', 'Content-Length': '0', 'X-Trans-Id': 'tx123448a3bb654bfdb6c97-006754704b', 'X-Openstack-Request-Id': 'tx123448a3bb654bfdb6c97-006754704b', 'Date': 'Sat, 07 Dec 2024 15:56:59 GMT'} {{(pid=119208) http_log /opt/stack/data/venv/lib/python3.10/site-packages/swiftclient/client.py:162}}
Dec 07 15:56:59 ubuntu devstack@g-api.service[119208]: DEBUG glance.api.middleware.cache [None req-39353998-9dbf-4fee-9de4-cbfead4dd761 tempest-ImageDependencyTests-1420941841 tempest-ImageDependencyTests-1420941841-project-member] Removing image 191558ec-53b2-44b0-ad90-d130200c2fdf from cache {{(pid=119208) _process_DELETE_response /opt/stack/glance/glance/api/middleware/cache.py:264}}
Dec 07 15:56:59 ubuntu devstack@g-api.service[119208]: DEBUG glance.image_cache.drivers.centralized_db [None req-39353998-9dbf-4fee-9de4-cbfead4dd761 tempest-ImageDependencyTests-1420941841 tempest-ImageDependencyTests-1420941841-project-member] Deleting image cache file '/opt/stack/data/glance/cache/191558ec-53b2-44b0-ad90-d130200c2fdf' {{(pid=119208) delete_cached_file /opt/stack/glance/glance/image_cache/drivers/centralized_db.py:387}}
Dec 07 15:56:59 ubuntu devstack@g-api.service[119208]: [pid: 119208|app: 0|req: 33/64] 127.0.0.1 () {38 vars in 773 bytes} [Sat Dec  7 15:56:59 2024] DELETE /v2/images/191558ec-53b2-44b0-ad90-d130200c2fdf => generated 0 bytes in 175 msecs (HTTP/1.1 204) 4 headers in 171 bytes (1 switches on core 0)
Dec 07 15:56:59 ubuntu devstack@g-api.service[119207]: DEBUG glance.api.middleware.version_negotiation [None req-a59b0d5b-4cad-4823-a07d-41ef799c2b65 tempest-ImageDependencyTests-1420941841 tempest-ImageDependencyTests-1420941841-project-member] Determining version of request: GET /v2/images/191558ec-53b2-44b0-ad90-d130200c2fdf Accept: application/json {{(pid=119207) process_request /opt/stack/glance/glance/api/middleware/version_negotiation.py:44}}
Dec 07 15:56:59 ubuntu devstack@g-api.service[119207]: DEBUG glance.api.middleware.version_negotiation [None req-a59b0d5b-4cad-4823-a07d-41ef799c2b65 tempest-ImageDependencyTests-1420941841 tempest-ImageDependencyTests-1420941841-project-member] Using url versioning {{(pid=119207) process_request /opt/stack/glance/glance/api/middleware/version_negotiation.py:57}}
Dec 07 15:56:59 ubuntu devstack@g-api.service[119207]: DEBUG glance.api.middleware.version_negotiation [None req-a59b0d5b-4cad-4823-a07d-41ef799c2b65 tempest-ImageDependencyTests-1420941841 tempest-ImageDependencyTests-1420941841-project-member] Matched version: v2 {{(pid=119207) process_request /opt/stack/glance/glance/api/middleware/version_negotiation.py:69}}
Dec 07 15:56:59 ubuntu devstack@g-api.service[119207]: DEBUG glance.api.middleware.version_negotiation [None req-a59b0d5b-4cad-4823-a07d-41ef799c2b65 tempest-ImageDependencyTests-1420941841 tempest-ImageDependencyTests-1420941841-project-member] new path /v2/images/191558ec-53b2-44b0-ad90-d130200c2fdf {{(pid=119207) process_request /opt/stack/glance/glance/api/middleware/version_negotiation.py:70}}
Dec 07 15:56:59 ubuntu devstack@g-api.service[119207]: DEBUG glance.db.sqlalchemy.api [None req-5234e86e-061c-4be6-86b8-a9b709db421a tempest-ImageDependencyTests-1420941841 tempest-ImageDependencyTests-1420941841-project-member] No image found with ID 191558ec-53b2-44b0-ad90-d130200c2fdf {{(pid=119207) _image_get /opt/stack/glance/glance/db/sqlalchemy/api.py:309}}
Dec 07 15:56:59 ubuntu devstack@g-api.service[119207]: [pid: 119207|app: 0|req: 32/65] 127.0.0.1 () {38 vars in 770 bytes} [Sat Dec  7 15:56:59 2024] GET /v2/images/191558ec-53b2-44b0-ad90-d130200c2fdf => generated 139 bytes in 12 msecs (HTTP/1.1 404) 4 headers in 164 bytes (1 switches on core 0)
Dec 07 15:57:09 ubuntu devstack@g-api.service[119208]: DEBUG dbcounter [-] [119208] Writing DB stats glance:SELECT=52,glance:UPDATE=9,glance:INSERT=1,glance:DELETE=1 {{(pid=119208) stat_writer /opt/stack/data/venv/lib/python3.10/site-packages/dbcounter.py:115}}
Dec 07 15:57:09 ubuntu devstack@g-api.service[119207]: DEBUG dbcounter [-] [119207] Writing DB stats glance:SELECT=32,glance:INSERT=2,glance:UPDATE=1 {{(pid=119207) stat_writer /opt/stack/data/venv/lib/python3.10/site-packages/dbcounter.py:115}}
