Apr 17 23:45:24 ubuntu devstack@keystone.service[81959]: [pid: 81959|app: 0|req: 11/22] 10.201.5.82 () {58 vars in 1398 bytes} [Fri Apr 17 23:45:24 2026] PUT /identity/v3/domains/default/users/9bedd797e31b4955a2f0d6b2613e69b3/roles/c4f496a9d9b74beabbf93c4e7c69d5f0 => generated 0 bytes in 251 msecs (HTTP/1.1 204) 3 headers in 132 bytes (0 switches on core 0)
Apr 17 23:45:25 ubuntu devstack@keystone.service[81958]: DEBUG keystone.server.flask.request_processing.req_logging [None req-33ea0bba-8c23-4bd6-938f-7f33d818aa2f None None] REQUEST_METHOD: `GET` {{(pid=81958) log_request_info /opt/stack/keystone/keystone/server/flask/request_processing/req_logging.py:26}}
Apr 17 23:45:25 ubuntu devstack@keystone.service[81958]: DEBUG keystone.server.flask.request_processing.req_logging [None req-33ea0bba-8c23-4bd6-938f-7f33d818aa2f None None] SCRIPT_NAME: `/identity` {{(pid=81958) log_request_info /opt/stack/keystone/keystone/server/flask/request_processing/req_logging.py:27}}
Apr 17 23:45:25 ubuntu devstack@keystone.service[81958]: DEBUG keystone.server.flask.request_processing.req_logging [None req-33ea0bba-8c23-4bd6-938f-7f33d818aa2f None None] PATH_INFO: `/` {{(pid=81958) log_request_info /opt/stack/keystone/keystone/server/flask/request_processing/req_logging.py:28}}
Apr 17 23:45:25 ubuntu devstack@keystone.service[81958]: [pid: 81958|app: 0|req: 12/23] 10.201.5.82 () {54 vars in 920 bytes} [Fri Apr 17 23:45:25 2026] GET /identity => generated 270 bytes in 2 msecs (HTTP/1.1 300) 6 headers in 234 bytes (1 switches on core 0)
Apr 17 23:45:25 ubuntu devstack@keystone.service[81959]: DEBUG keystone.server.flask.request_processing.req_logging [None req-d0e50f06-3ca2-4a89-99a7-c778da5ae6bd None None] REQUEST_METHOD: `POST` {{(pid=81959) log_request_info /opt/stack/keystone/keystone/server/flask/request_processing/req_logging.py:26}}
Apr 17 23:45:25 ubuntu devstack@keystone.service[81959]: DEBUG keystone.server.flask.request_processing.req_logging [None req-d0e50f06-3ca2-4a89-99a7-c778da5ae6bd None None] SCRIPT_NAME: `/identity` {{(pid=81959) log_request_info /opt/stack/keystone/keystone/server/flask/request_processing/req_logging.py:27}}
Apr 17 23:45:25 ubuntu devstack@keystone.service[81959]: DEBUG keystone.server.flask.request_processing.req_logging [None req-d0e50f06-3ca2-4a89-99a7-c778da5ae6bd None None] PATH_INFO: `/v3/auth/tokens` {{(pid=81959) log_request_info /opt/stack/keystone/keystone/server/flask/request_processing/req_logging.py:28}}
Apr 17 23:45:25 ubuntu devstack@keystone.service[81959]: WARNING keystone.common.password_hashing [None req-d0e50f06-3ca2-4a89-99a7-c778da5ae6bd None None] Truncating password to algorithm specific maximum length 72 characters.
Apr 17 23:45:25 ubuntu devstack@keystone.service[81959]: DEBUG keystone.auth.core [None req-d0e50f06-3ca2-4a89-99a7-c778da5ae6bd None None] MFA Rules not processed for user `9bedd797e31b4955a2f0d6b2613e69b3`. Rule list: `[]` (Enabled: `True`). {{(pid=81959) check_auth_methods_against_rules /opt/stack/keystone/keystone/auth/core.py:476}}
Apr 17 23:45:25 ubuntu devstack@keystone.service[81959]: DEBUG keystone.common.fernet_utils [None req-d0e50f06-3ca2-4a89-99a7-c778da5ae6bd None None] Loaded 2 Fernet keys from /etc/keystone/fernet-keys/, but `[fernet_tokens] max_active_keys = 3`; perhaps there have not been enough key rotations to reach `max_active_keys` yet? {{(pid=81959) load_keys /opt/stack/keystone/keystone/common/fernet_utils.py:297}}
Apr 17 23:45:25 ubuntu devstack@keystone.service[81958]: DEBUG keystone.server.flask.request_processing.req_logging [None req-77f33d30-dc69-4295-bd7b-12fe0e08513e None None] REQUEST_METHOD: `GET` {{(pid=81958) log_request_info /opt/stack/keystone/keystone/server/flask/request_processing/req_logging.py:26}}
Apr 17 23:45:25 ubuntu devstack@keystone.service[81958]: DEBUG keystone.server.flask.request_processing.req_logging [None req-77f33d30-dc69-4295-bd7b-12fe0e08513e None None] SCRIPT_NAME: `/identity` {{(pid=81958) log_request_info /opt/stack/keystone/keystone/server/flask/request_processing/req_logging.py:27}}
Apr 17 23:45:25 ubuntu devstack@keystone.service[81958]: DEBUG keystone.server.flask.request_processing.req_logging [None req-77f33d30-dc69-4295-bd7b-12fe0e08513e None None] PATH_INFO: `/` {{(pid=81958) log_request_info /opt/stack/keystone/keystone/server/flask/request_processing/req_logging.py:28}}
Apr 17 23:45:25 ubuntu devstack@keystone.service[81958]: [pid: 81958|app: 0|req: 13/24] 10.201.5.82 () {54 vars in 920 bytes} [Fri Apr 17 23:45:25 2026] GET /identity => generated 270 bytes in 2 msecs (HTTP/1.1 300) 6 headers in 234 bytes (1 switches on core 0)
Apr 17 23:45:25 ubuntu devstack@keystone.service[81958]: DEBUG keystone.server.flask.request_processing.req_logging [None req-344561a3-9548-489f-b400-37c5923f41ab None None] REQUEST_METHOD: `POST` {{(pid=81958) log_request_info /opt/stack/keystone/keystone/server/flask/request_processing/req_logging.py:26}}
Apr 17 23:45:25 ubuntu devstack@keystone.service[81958]: DEBUG keystone.server.flask.request_processing.req_logging [None req-344561a3-9548-489f-b400-37c5923f41ab None None] SCRIPT_NAME: `/identity` {{(pid=81958) log_request_info /opt/stack/keystone/keystone/server/flask/request_processing/req_logging.py:27}}
Apr 17 23:45:25 ubuntu devstack@keystone.service[81958]: DEBUG keystone.server.flask.request_processing.req_logging [None req-344561a3-9548-489f-b400-37c5923f41ab None None] PATH_INFO: `/v3/auth/tokens` {{(pid=81958) log_request_info /opt/stack/keystone/keystone/server/flask/request_processing/req_logging.py:28}}
Apr 17 23:45:25 ubuntu devstack@keystone.service[81959]: [pid: 81959|app: 0|req: 12/25] 10.201.5.82 () {58 vars in 1017 bytes} [Fri Apr 17 23:45:25 2026] POST /identity/v3/auth/tokens => generated 862 bytes in 56 msecs (HTTP/1.1 201) 6 headers in 363 bytes (1 switches on core 0)
Apr 17 23:45:25 ubuntu devstack@keystone.service[81958]: WARNING keystone.common.password_hashing [None req-344561a3-9548-489f-b400-37c5923f41ab None None] Truncating password to algorithm specific maximum length 72 characters.
Apr 17 23:45:25 ubuntu devstack@keystone.service[81958]: DEBUG keystone.auth.core [None req-344561a3-9548-489f-b400-37c5923f41ab None None] MFA Rules not processed for user `9bedd797e31b4955a2f0d6b2613e69b3`. Rule list: `[]` (Enabled: `True`). {{(pid=81958) check_auth_methods_against_rules /opt/stack/keystone/keystone/auth/core.py:476}}
Apr 17 23:45:25 ubuntu devstack@keystone.service[81958]: DEBUG keystone.common.fernet_utils [None req-344561a3-9548-489f-b400-37c5923f41ab None None] Loaded 2 Fernet keys from /etc/keystone/fernet-keys/, but `[fernet_tokens] max_active_keys = 3`; perhaps there have not been enough key rotations to reach `max_active_keys` yet? {{(pid=81958) load_keys /opt/stack/keystone/keystone/common/fernet_utils.py:297}}
Apr 17 23:45:25 ubuntu devstack@keystone.service[81958]: [pid: 81958|app: 0|req: 14/26] 10.201.5.82 () {58 vars in 1017 bytes} [Fri Apr 17 23:45:25 2026] POST /identity/v3/auth/tokens => generated 862 bytes in 60 msecs (HTTP/1.1 201) 6 headers in 363 bytes (1 switches on core 0)
Apr 17 23:45:25 ubuntu devstack@keystone.service[81959]: DEBUG keystone.server.flask.request_processing.middleware.auth_context [None req-d0e50f06-3ca2-4a89-99a7-c778da5ae6bd None None] Authenticating user token {{(pid=81959) process_request /opt/stack/data/venv/lib/python3.10/site-packages/keystonemiddleware/auth_token/__init__.py:407}}
Apr 17 23:45:25 ubuntu devstack@keystone.service[81959]: DEBUG keystone.server.flask.request_processing.middleware.auth_context [None req-d0e50f06-3ca2-4a89-99a7-c778da5ae6bd None None] Validating token access rules against request {{(pid=81959) validate_allowed_request /opt/stack/data/venv/lib/python3.10/site-packages/keystonemiddleware/auth_token/__init__.py:545}}
Apr 17 23:45:25 ubuntu devstack@keystone.service[81958]: DEBUG keystone.server.flask.request_processing.req_logging [None req-98134c14-9ceb-4374-a8b4-1c8422fa0909 None None] REQUEST_METHOD: `GET` {{(pid=81958) log_request_info /opt/stack/keystone/keystone/server/flask/request_processing/req_logging.py:26}}
Apr 17 23:45:25 ubuntu devstack@keystone.service[81958]: DEBUG keystone.server.flask.request_processing.req_logging [None req-98134c14-9ceb-4374-a8b4-1c8422fa0909 None None] SCRIPT_NAME: `/identity` {{(pid=81958) log_request_info /opt/stack/keystone/keystone/server/flask/request_processing/req_logging.py:27}}
Apr 17 23:45:25 ubuntu devstack@keystone.service[81958]: DEBUG keystone.server.flask.request_processing.req_logging [None req-98134c14-9ceb-4374-a8b4-1c8422fa0909 None None] PATH_INFO: `/` {{(pid=81958) log_request_info /opt/stack/keystone/keystone/server/flask/request_processing/req_logging.py:28}}
Apr 17 23:45:25 ubuntu devstack@keystone.service[81958]: [pid: 81958|app: 0|req: 15/27] 10.201.5.82 () {54 vars in 920 bytes} [Fri Apr 17 23:45:25 2026] GET /identity => generated 270 bytes in 2 msecs (HTTP/1.1 300) 6 headers in 234 bytes (1 switches on core 0)
Apr 17 23:45:25 ubuntu devstack@keystone.service[81958]: DEBUG keystone.server.flask.request_processing.req_logging [None req-43667a68-bbf1-40e2-a1b8-67ca710e3024 None None] REQUEST_METHOD: `POST` {{(pid=81958) log_request_info /opt/stack/keystone/keystone/server/flask/request_processing/req_logging.py:26}}
Apr 17 23:45:25 ubuntu devstack@keystone.service[81958]: DEBUG keystone.server.flask.request_processing.req_logging [None req-43667a68-bbf1-40e2-a1b8-67ca710e3024 None None] SCRIPT_NAME: `/identity` {{(pid=81958) log_request_info /opt/stack/keystone/keystone/server/flask/request_processing/req_logging.py:27}}
Apr 17 23:45:25 ubuntu devstack@keystone.service[81958]: DEBUG keystone.server.flask.request_processing.req_logging [None req-43667a68-bbf1-40e2-a1b8-67ca710e3024 None None] PATH_INFO: `/v3/auth/tokens` {{(pid=81958) log_request_info /opt/stack/keystone/keystone/server/flask/request_processing/req_logging.py:28}}
Apr 17 23:45:25 ubuntu devstack@keystone.service[81959]: DEBUG keystone.server.flask.request_processing.middleware.auth_context [None req-35b28d76-be4a-4c03-8c23-4f24bf5f9153 None admin] RBAC: auth_context: {'token': <TokenModel (audit_id=ZBkLn-p4QwaZenUnAZDCQA, audit_chain_id=['ZBkLn-p4QwaZenUnAZDCQA']) at 0x7efcd1030730>, 'domain_id': None, 'trust_id': None, 'trustor_id': None, 'trustee_id': None, 'domain_name': None, 'group_ids': [], 'user_id': '9bedd797e31b4955a2f0d6b2613e69b3', 'user_domain_id': 'default', 'system_scope': 'all', 'project_id': None, 'project_domain_id': None, 'roles': ['admin', 'manager', 'member', 'reader'], 'is_admin_project': True, 'service_user_id': None, 'service_user_domain_id': None, 'service_project_id': None, 'service_project_domain_id': None, 'service_roles': []} {{(pid=81959) fill_context /opt/stack/keystone/keystone/server/flask/request_processing/middleware/auth_context.py:509}}
Apr 17 23:45:25 ubuntu devstack@keystone.service[81959]: DEBUG keystone.server.flask.request_processing.req_logging [None req-35b28d76-be4a-4c03-8c23-4f24bf5f9153 None admin] REQUEST_METHOD: `GET` {{(pid=81959) log_request_info /opt/stack/keystone/keystone/server/flask/request_processing/req_logging.py:26}}
Apr 17 23:45:25 ubuntu devstack@keystone.service[81959]: DEBUG keystone.server.flask.request_processing.req_logging [None req-35b28d76-be4a-4c03-8c23-4f24bf5f9153 None admin] SCRIPT_NAME: `/identity` {{(pid=81959) log_request_info /opt/stack/keystone/keystone/server/flask/request_processing/req_logging.py:27}}
Apr 17 23:45:25 ubuntu devstack@keystone.service[81959]: DEBUG keystone.server.flask.request_processing.req_logging [None req-35b28d76-be4a-4c03-8c23-4f24bf5f9153 None admin] PATH_INFO: `/v3/domains/Default` {{(pid=81959) log_request_info /opt/stack/keystone/keystone/server/flask/request_processing/req_logging.py:28}}
Apr 17 23:45:25 ubuntu devstack@keystone.service[81959]: DEBUG keystone.common.rbac_enforcer.enforcer [None req-35b28d76-be4a-4c03-8c23-4f24bf5f9153 None admin] RBAC: Authorizing `identity:get_domain(domain_id=Default)` {{(pid=81959) enforce_call /opt/stack/keystone/keystone/common/rbac_enforcer/enforcer.py:494}}
Apr 17 23:45:25 ubuntu devstack@keystone.service[81959]: DEBUG keystone.common.rbac_enforcer.enforcer [None req-35b28d76-be4a-4c03-8c23-4f24bf5f9153 None admin] RBAC: Authorization granted {{(pid=81959) enforce_call /opt/stack/keystone/keystone/common/rbac_enforcer/enforcer.py:505}}
Apr 17 23:45:25 ubuntu devstack@keystone.service[81959]: DEBUG keystone.server.flask.application [None req-35b28d76-be4a-4c03-8c23-4f24bf5f9153 None admin] Could not find domain: Default. {{(pid=81959) _handle_keystone_exception /opt/stack/keystone/keystone/server/flask/application.py:146}}
Apr 17 23:45:25 ubuntu devstack@keystone.service[81959]: [pid: 81959|app: 0|req: 13/28] 10.201.5.82 () {56 vars in 1145 bytes} [Fri Apr 17 23:45:25 2026] GET /identity/v3/domains/Default => generated 87 bytes in 68 msecs (HTTP/1.1 404) 5 headers in 183 bytes (1 switches on core 0)
Apr 17 23:45:25 ubuntu devstack@keystone.service[81959]: DEBUG keystone.server.flask.request_processing.middleware.auth_context [None req-35b28d76-be4a-4c03-8c23-4f24bf5f9153 None admin] Authenticating user token {{(pid=81959) process_request /opt/stack/data/venv/lib/python3.10/site-packages/keystonemiddleware/auth_token/__init__.py:407}}
Apr 17 23:45:25 ubuntu devstack@keystone.service[81958]: WARNING keystone.common.password_hashing [None req-43667a68-bbf1-40e2-a1b8-67ca710e3024 None None] Truncating password to algorithm specific maximum length 72 characters.
Apr 17 23:45:25 ubuntu devstack@keystone.service[81958]: DEBUG keystone.auth.core [None req-43667a68-bbf1-40e2-a1b8-67ca710e3024 None None] MFA Rules not processed for user `9bedd797e31b4955a2f0d6b2613e69b3`. Rule list: `[]` (Enabled: `True`). {{(pid=81958) check_auth_methods_against_rules /opt/stack/keystone/keystone/auth/core.py:476}}
Apr 17 23:45:25 ubuntu devstack@keystone.service[81958]: DEBUG keystone.common.fernet_utils [None req-43667a68-bbf1-40e2-a1b8-67ca710e3024 None None] Loaded 2 Fernet keys from /etc/keystone/fernet-keys/, but `[fernet_tokens] max_active_keys = 3`; perhaps there have not been enough key rotations to reach `max_active_keys` yet? {{(pid=81958) load_keys /opt/stack/keystone/keystone/common/fernet_utils.py:297}}
Apr 17 23:45:25 ubuntu devstack@keystone.service[81959]: DEBUG keystone.server.flask.request_processing.middleware.auth_context [None req-35b28d76-be4a-4c03-8c23-4f24bf5f9153 None admin] Validating token access rules against request {{(pid=81959) validate_allowed_request /opt/stack/data/venv/lib/python3.10/site-packages/keystonemiddleware/auth_token/__init__.py:545}}
Apr 17 23:45:25 ubuntu devstack@keystone.service[81959]: DEBUG keystone.server.flask.request_processing.middleware.auth_context [None req-13e22326-423e-4705-b6fb-a107f4d89738 None admin] RBAC: auth_context: {'token': <TokenModel (audit_id=FL2vnn0ZSjW7L0MH9xuCQQ, audit_chain_id=['FL2vnn0ZSjW7L0MH9xuCQQ']) at 0x7efcd0c91210>, 'domain_id': None, 'trust_id': None, 'trustor_id': None, 'trustee_id': None, 'domain_name': None, 'group_ids': [], 'user_id': '9bedd797e31b4955a2f0d6b2613e69b3', 'user_domain_id': 'default', 'system_scope': 'all', 'project_id': None, 'project_domain_id': None, 'roles': ['admin', 'manager', 'member', 'reader'], 'is_admin_project': True, 'service_user_id': None, 'service_user_domain_id': None, 'service_project_id': None, 'service_project_domain_id': None, 'service_roles': []} {{(pid=81959) fill_context /opt/stack/keystone/keystone/server/flask/request_processing/middleware/auth_context.py:509}}
Apr 17 23:45:25 ubuntu devstack@keystone.service[81959]: DEBUG keystone.server.flask.request_processing.req_logging [None req-13e22326-423e-4705-b6fb-a107f4d89738 None admin] REQUEST_METHOD: `GET` {{(pid=81959) log_request_info /opt/stack/keystone/keystone/server/flask/request_processing/req_logging.py:26}}
Apr 17 23:45:25 ubuntu devstack@keystone.service[81959]: DEBUG keystone.server.flask.request_processing.req_logging [None req-13e22326-423e-4705-b6fb-a107f4d89738 None admin] SCRIPT_NAME: `/identity` {{(pid=81959) log_request_info /opt/stack/keystone/keystone/server/flask/request_processing/req_logging.py:27}}
Apr 17 23:45:25 ubuntu devstack@keystone.service[81959]: DEBUG keystone.server.flask.request_processing.req_logging [None req-13e22326-423e-4705-b6fb-a107f4d89738 None admin] PATH_INFO: `/v3/roles/admin` {{(pid=81959) log_request_info /opt/stack/keystone/keystone/server/flask/request_processing/req_logging.py:28}}
Apr 17 23:45:25 ubuntu devstack@keystone.service[81959]: DEBUG keystone.common.rbac_enforcer.enforcer [None req-13e22326-423e-4705-b6fb-a107f4d89738 None admin] Extracting inferred target data resulted in "NOT FOUND (404)". {{(pid=81959) enforce_call /opt/stack/keystone/keystone/common/rbac_enforcer/enforcer.py:445}}
Apr 17 23:45:25 ubuntu devstack@keystone.service[81959]: DEBUG keystone.server.flask.application [None req-13e22326-423e-4705-b6fb-a107f4d89738 None admin] Could not find role: admin. {{(pid=81959) _handle_keystone_exception /opt/stack/keystone/keystone/server/flask/application.py:146}}
Apr 17 23:45:25 ubuntu devstack@keystone.service[81959]: [pid: 81959|app: 0|req: 14/29] 10.201.5.82 () {56 vars in 1133 bytes} [Fri Apr 17 23:45:25 2026] GET /identity/v3/roles/admin => generated 83 bytes in 64 msecs (HTTP/1.1 404) 5 headers in 183 bytes (1 switches on core 0)
Apr 17 23:45:25 ubuntu devstack@keystone.service[81959]: DEBUG keystone.server.flask.request_processing.middleware.auth_context [None req-13e22326-423e-4705-b6fb-a107f4d89738 None admin] Authenticating user token {{(pid=81959) process_request /opt/stack/data/venv/lib/python3.10/site-packages/keystonemiddleware/auth_token/__init__.py:407}}
Apr 17 23:45:25 ubuntu devstack@keystone.service[81959]: DEBUG keystone.server.flask.request_processing.middleware.auth_context [None req-13e22326-423e-4705-b6fb-a107f4d89738 None admin] Validating token access rules against request {{(pid=81959) validate_allowed_request /opt/stack/data/venv/lib/python3.10/site-packages/keystonemiddleware/auth_token/__init__.py:545}}
Apr 17 23:45:25 ubuntu devstack@keystone.service[81958]: [pid: 81958|app: 0|req: 16/30] 10.201.5.82 () {58 vars in 1017 bytes} [Fri Apr 17 23:45:25 2026] POST /identity/v3/auth/tokens => generated 862 bytes in 134 msecs (HTTP/1.1 201) 6 headers in 363 bytes (2 switches on core 0)
Apr 17 23:45:25 ubuntu devstack@keystone.service[81958]: DEBUG keystone.server.flask.request_processing.middleware.auth_context [None req-43667a68-bbf1-40e2-a1b8-67ca710e3024 None None] Authenticating user token {{(pid=81958) process_request /opt/stack/data/venv/lib/python3.10/site-packages/keystonemiddleware/auth_token/__init__.py:407}}
Apr 17 23:45:25 ubuntu devstack@keystone.service[81959]: DEBUG keystone.server.flask.request_processing.middleware.auth_context [None req-ed912a50-4a12-4ffa-a1e0-61b65ee056c3 None admin] RBAC: auth_context: {'token': <TokenModel (audit_id=ZBkLn-p4QwaZenUnAZDCQA, audit_chain_id=['ZBkLn-p4QwaZenUnAZDCQA']) at 0x7efcd1032590>, 'domain_id': None, 'trust_id': None, 'trustor_id': None, 'trustee_id': None, 'domain_name': None, 'group_ids': [], 'user_id': '9bedd797e31b4955a2f0d6b2613e69b3', 'user_domain_id': 'default', 'system_scope': 'all', 'project_id': None, 'project_domain_id': None, 'roles': ['admin', 'manager', 'member', 'reader'], 'is_admin_project': True, 'service_user_id': None, 'service_user_domain_id': None, 'service_project_id': None, 'service_project_domain_id': None, 'service_roles': []} {{(pid=81959) fill_context /opt/stack/keystone/keystone/server/flask/request_processing/middleware/auth_context.py:509}}
Apr 17 23:45:25 ubuntu devstack@keystone.service[81959]: DEBUG keystone.server.flask.request_processing.req_logging [None req-ed912a50-4a12-4ffa-a1e0-61b65ee056c3 None admin] REQUEST_METHOD: `GET` {{(pid=81959) log_request_info /opt/stack/keystone/keystone/server/flask/request_processing/req_logging.py:26}}
Apr 17 23:45:25 ubuntu devstack@keystone.service[81959]: DEBUG keystone.server.flask.request_processing.req_logging [None req-ed912a50-4a12-4ffa-a1e0-61b65ee056c3 None admin] SCRIPT_NAME: `/identity` {{(pid=81959) log_request_info /opt/stack/keystone/keystone/server/flask/request_processing/req_logging.py:27}}
Apr 17 23:45:25 ubuntu devstack@keystone.service[81959]: DEBUG keystone.server.flask.request_processing.req_logging [None req-ed912a50-4a12-4ffa-a1e0-61b65ee056c3 None admin] PATH_INFO: `/v3/domains` {{(pid=81959) log_request_info /opt/stack/keystone/keystone/server/flask/request_processing/req_logging.py:28}}
Apr 17 23:45:25 ubuntu devstack@keystone.service[81959]: DEBUG keystone.common.rbac_enforcer.enforcer [None req-ed912a50-4a12-4ffa-a1e0-61b65ee056c3 None admin] RBAC: Adding query filter params (name=Default) {{(pid=81959) _extract_filter_values /opt/stack/keystone/keystone/common/rbac_enforcer/enforcer.py:176}}
Apr 17 23:45:25 ubuntu devstack@keystone.service[81959]: DEBUG keystone.common.rbac_enforcer.enforcer [None req-ed912a50-4a12-4ffa-a1e0-61b65ee056c3 None admin] RBAC: Authorizing `identity:list_domains()` {{(pid=81959) enforce_call /opt/stack/keystone/keystone/common/rbac_enforcer/enforcer.py:494}}
Apr 17 23:45:25 ubuntu devstack@keystone.service[81959]: DEBUG keystone.common.rbac_enforcer.enforcer [None req-ed912a50-4a12-4ffa-a1e0-61b65ee056c3 None admin] RBAC: Authorization granted {{(pid=81959) enforce_call /opt/stack/keystone/keystone/common/rbac_enforcer/enforcer.py:505}}
Apr 17 23:45:25 ubuntu devstack@keystone.service[81959]: [pid: 81959|app: 0|req: 15/31] 10.201.5.82 () {56 vars in 1159 bytes} [Fri Apr 17 23:45:25 2026] GET /identity/v3/domains?name=Default => generated 308 bytes in 69 msecs (HTTP/1.1 200) 5 headers in 177 bytes (1 switches on core 0)
Apr 17 23:45:25 ubuntu devstack@keystone.service[81959]: DEBUG keystone.server.flask.request_processing.req_logging [None req-31215f00-c2d1-4bab-9c1f-c27a630e3cd3 None None] REQUEST_METHOD: `GET` {{(pid=81959) log_request_info /opt/stack/keystone/keystone/server/flask/request_processing/req_logging.py:26}}
Apr 17 23:45:25 ubuntu devstack@keystone.service[81959]: DEBUG keystone.server.flask.request_processing.req_logging [None req-31215f00-c2d1-4bab-9c1f-c27a630e3cd3 None None] SCRIPT_NAME: `/identity` {{(pid=81959) log_request_info /opt/stack/keystone/keystone/server/flask/request_processing/req_logging.py:27}}
Apr 17 23:45:25 ubuntu devstack@keystone.service[81959]: DEBUG keystone.server.flask.request_processing.req_logging [None req-31215f00-c2d1-4bab-9c1f-c27a630e3cd3 None None] PATH_INFO: `/` {{(pid=81959) log_request_info /opt/stack/keystone/keystone/server/flask/request_processing/req_logging.py:28}}
Apr 17 23:45:25 ubuntu devstack@keystone.service[81959]: [pid: 81959|app: 0|req: 16/32] 10.201.5.82 () {54 vars in 920 bytes} [Fri Apr 17 23:45:25 2026] GET /identity => generated 270 bytes in 1 msecs (HTTP/1.1 300) 6 headers in 234 bytes (1 switches on core 0)
Apr 17 23:45:25 ubuntu devstack@keystone.service[81959]: DEBUG keystone.server.flask.request_processing.middleware.auth_context [None req-31215f00-c2d1-4bab-9c1f-c27a630e3cd3 None None] Authenticating user token {{(pid=81959) process_request /opt/stack/data/venv/lib/python3.10/site-packages/keystonemiddleware/auth_token/__init__.py:407}}
Apr 17 23:45:25 ubuntu devstack@keystone.service[81958]: DEBUG keystone.server.flask.request_processing.middleware.auth_context [None req-43667a68-bbf1-40e2-a1b8-67ca710e3024 None None] Validating token access rules against request {{(pid=81958) validate_allowed_request /opt/stack/data/venv/lib/python3.10/site-packages/keystonemiddleware/auth_token/__init__.py:545}}
Apr 17 23:45:25 ubuntu devstack@keystone.service[81959]: DEBUG keystone.server.flask.request_processing.middleware.auth_context [None req-31215f00-c2d1-4bab-9c1f-c27a630e3cd3 None None] Validating token access rules against request {{(pid=81959) validate_allowed_request /opt/stack/data/venv/lib/python3.10/site-packages/keystonemiddleware/auth_token/__init__.py:545}}
Apr 17 23:45:25 ubuntu devstack@keystone.service[81958]: DEBUG keystone.server.flask.request_processing.middleware.auth_context [None req-e4d18f37-6ce0-474a-ba6c-3a59485de366 None admin] RBAC: auth_context: {'token': <TokenModel (audit_id=FL2vnn0ZSjW7L0MH9xuCQQ, audit_chain_id=['FL2vnn0ZSjW7L0MH9xuCQQ']) at 0x7efcd0ffeec0>, 'domain_id': None, 'trust_id': None, 'trustor_id': None, 'trustee_id': None, 'domain_name': None, 'group_ids': [], 'user_id': '9bedd797e31b4955a2f0d6b2613e69b3', 'user_domain_id': 'default', 'system_scope': 'all', 'project_id': None, 'project_domain_id': None, 'roles': ['admin', 'manager', 'member', 'reader'], 'is_admin_project': True, 'service_user_id': None, 'service_user_domain_id': None, 'service_project_id': None, 'service_project_domain_id': None, 'service_roles': []} {{(pid=81958) fill_context /opt/stack/keystone/keystone/server/flask/request_processing/middleware/auth_context.py:509}}
Apr 17 23:45:25 ubuntu devstack@keystone.service[81958]: DEBUG keystone.server.flask.request_processing.req_logging [None req-e4d18f37-6ce0-474a-ba6c-3a59485de366 None admin] REQUEST_METHOD: `GET` {{(pid=81958) log_request_info /opt/stack/keystone/keystone/server/flask/request_processing/req_logging.py:26}}
Apr 17 23:45:25 ubuntu devstack@keystone.service[81958]: DEBUG keystone.server.flask.request_processing.req_logging [None req-e4d18f37-6ce0-474a-ba6c-3a59485de366 None admin] SCRIPT_NAME: `/identity` {{(pid=81958) log_request_info /opt/stack/keystone/keystone/server/flask/request_processing/req_logging.py:27}}
Apr 17 23:45:25 ubuntu devstack@keystone.service[81958]: DEBUG keystone.server.flask.request_processing.req_logging [None req-e4d18f37-6ce0-474a-ba6c-3a59485de366 None admin] PATH_INFO: `/v3/roles` {{(pid=81958) log_request_info /opt/stack/keystone/keystone/server/flask/request_processing/req_logging.py:28}}
Apr 17 23:45:25 ubuntu devstack@keystone.service[81958]: DEBUG keystone.common.rbac_enforcer.enforcer [None req-e4d18f37-6ce0-474a-ba6c-3a59485de366 None admin] RBAC: Adding query filter params (name=admin) {{(pid=81958) _extract_filter_values /opt/stack/keystone/keystone/common/rbac_enforcer/enforcer.py:176}}
Apr 17 23:45:25 ubuntu devstack@keystone.service[81958]: DEBUG keystone.common.rbac_enforcer.enforcer [None req-e4d18f37-6ce0-474a-ba6c-3a59485de366 None admin] RBAC: Authorizing `identity:list_roles()` {{(pid=81958) enforce_call /opt/stack/keystone/keystone/common/rbac_enforcer/enforcer.py:494}}
Apr 17 23:45:25 ubuntu devstack@keystone.service[81958]: DEBUG keystone.common.rbac_enforcer.enforcer [None req-e4d18f37-6ce0-474a-ba6c-3a59485de366 None admin] RBAC: Authorization granted {{(pid=81958) enforce_call /opt/stack/keystone/keystone/common/rbac_enforcer/enforcer.py:505}}
Apr 17 23:45:25 ubuntu devstack@keystone.service[81958]: [pid: 81958|app: 0|req: 17/33] 10.201.5.82 () {56 vars in 1149 bytes} [Fri Apr 17 23:45:25 2026] GET /identity/v3/roles?name=admin => generated 339 bytes in 75 msecs (HTTP/1.1 200) 5 headers in 177 bytes (1 switches on core 0)
Apr 17 23:45:25 ubuntu devstack@keystone.service[81958]: DEBUG keystone.server.flask.request_processing.req_logging [None req-0e9006c3-d4b7-4547-ad14-5d29183d4577 None None] REQUEST_METHOD: `POST` {{(pid=81958) log_request_info /opt/stack/keystone/keystone/server/flask/request_processing/req_logging.py:26}}
Apr 17 23:45:25 ubuntu devstack@keystone.service[81958]: DEBUG keystone.server.flask.request_processing.req_logging [None req-0e9006c3-d4b7-4547-ad14-5d29183d4577 None None] SCRIPT_NAME: `/identity` {{(pid=81958) log_request_info /opt/stack/keystone/keystone/server/flask/request_processing/req_logging.py:27}}
Apr 17 23:45:25 ubuntu devstack@keystone.service[81958]: DEBUG keystone.server.flask.request_processing.req_logging [None req-0e9006c3-d4b7-4547-ad14-5d29183d4577 None None] PATH_INFO: `/v3/auth/tokens` {{(pid=81958) log_request_info /opt/stack/keystone/keystone/server/flask/request_processing/req_logging.py:28}}
Apr 17 23:45:25 ubuntu devstack@keystone.service[81959]: DEBUG keystone.server.flask.request_processing.middleware.auth_context [None req-e12a221c-a094-4d84-bee8-1bae1ba07af9 None admin] RBAC: auth_context: {'token': <TokenModel (audit_id=ZBkLn-p4QwaZenUnAZDCQA, audit_chain_id=['ZBkLn-p4QwaZenUnAZDCQA']) at 0x7efcd0dfb460>, 'domain_id': None, 'trust_id': None, 'trustor_id': None, 'trustee_id': None, 'domain_name': None, 'group_ids': [], 'user_id': '9bedd797e31b4955a2f0d6b2613e69b3', 'user_domain_id': 'default', 'system_scope': 'all', 'project_id': None, 'project_domain_id': None, 'roles': ['admin', 'manager', 'member', 'reader'], 'is_admin_project': True, 'service_user_id': None, 'service_user_domain_id': None, 'service_project_id': None, 'service_project_domain_id': None, 'service_roles': []} {{(pid=81959) fill_context /opt/stack/keystone/keystone/server/flask/request_processing/middleware/auth_context.py:509}}
Apr 17 23:45:25 ubuntu devstack@keystone.service[81959]: DEBUG keystone.server.flask.request_processing.req_logging [None req-e12a221c-a094-4d84-bee8-1bae1ba07af9 None admin] REQUEST_METHOD: `POST` {{(pid=81959) log_request_info /opt/stack/keystone/keystone/server/flask/request_processing/req_logging.py:26}}
Apr 17 23:45:25 ubuntu devstack@keystone.service[81959]: DEBUG keystone.server.flask.request_processing.req_logging [None req-e12a221c-a094-4d84-bee8-1bae1ba07af9 None admin] SCRIPT_NAME: `/identity` {{(pid=81959) log_request_info /opt/stack/keystone/keystone/server/flask/request_processing/req_logging.py:27}}
Apr 17 23:45:25 ubuntu devstack@keystone.service[81959]: DEBUG keystone.server.flask.request_processing.req_logging [None req-e12a221c-a094-4d84-bee8-1bae1ba07af9 None admin] PATH_INFO: `/v3/projects` {{(pid=81959) log_request_info /opt/stack/keystone/keystone/server/flask/request_processing/req_logging.py:28}}
Apr 17 23:45:25 ubuntu devstack@keystone.service[81959]: DEBUG keystone.common.rbac_enforcer.enforcer [None req-e12a221c-a094-4d84-bee8-1bae1ba07af9 None admin] RBAC: Authorizing `identity:create_project()` {{(pid=81959) enforce_call /opt/stack/keystone/keystone/common/rbac_enforcer/enforcer.py:494}}
Apr 17 23:45:25 ubuntu devstack@keystone.service[81959]: DEBUG keystone.common.rbac_enforcer.enforcer [None req-e12a221c-a094-4d84-bee8-1bae1ba07af9 None admin] RBAC: Authorization granted {{(pid=81959) enforce_call /opt/stack/keystone/keystone/common/rbac_enforcer/enforcer.py:505}}
Apr 17 23:45:25 ubuntu devstack@keystone.service[81958]: WARNING keystone.common.password_hashing [None req-0e9006c3-d4b7-4547-ad14-5d29183d4577 None None] Truncating password to algorithm specific maximum length 72 characters.
Apr 17 23:45:25 ubuntu devstack@keystone.service[81958]: DEBUG keystone.auth.core [None req-0e9006c3-d4b7-4547-ad14-5d29183d4577 None None] MFA Rules not processed for user `9bedd797e31b4955a2f0d6b2613e69b3`. Rule list: `[]` (Enabled: `True`). {{(pid=81958) check_auth_methods_against_rules /opt/stack/keystone/keystone/auth/core.py:476}}
Apr 17 23:45:25 ubuntu devstack@keystone.service[81958]: DEBUG keystone.common.fernet_utils [None req-0e9006c3-d4b7-4547-ad14-5d29183d4577 None None] Loaded 2 Fernet keys from /etc/keystone/fernet-keys/, but `[fernet_tokens] max_active_keys = 3`; perhaps there have not been enough key rotations to reach `max_active_keys` yet? {{(pid=81958) load_keys /opt/stack/keystone/keystone/common/fernet_utils.py:297}}
Apr 17 23:45:25 ubuntu devstack@keystone.service[81959]: [pid: 81959|app: 0|req: 17/34] 10.201.5.82 () {60 vars in 1177 bytes} [Fri Apr 17 23:45:25 2026] POST /identity/v3/projects => generated 301 bytes in 71 msecs (HTTP/1.1 201) 5 headers in 182 bytes (1 switches on core 0)
Apr 17 23:45:25 ubuntu devstack@keystone.service[81959]: DEBUG keystone.server.flask.request_processing.middleware.auth_context [None req-e12a221c-a094-4d84-bee8-1bae1ba07af9 None admin] Authenticating user token {{(pid=81959) process_request /opt/stack/data/venv/lib/python3.10/site-packages/keystonemiddleware/auth_token/__init__.py:407}}
Apr 17 23:45:25 ubuntu devstack@keystone.service[81958]: [pid: 81958|app: 0|req: 18/35] 10.201.5.82 () {58 vars in 1017 bytes} [Fri Apr 17 23:45:25 2026] POST /identity/v3/auth/tokens => generated 862 bytes in 48 msecs (HTTP/1.1 201) 6 headers in 363 bytes (1 switches on core 0)
Apr 17 23:45:26 ubuntu devstack@keystone.service[81959]: DEBUG keystone.server.flask.request_processing.middleware.auth_context [None req-e12a221c-a094-4d84-bee8-1bae1ba07af9 None admin] Validating token access rules against request {{(pid=81959) validate_allowed_request /opt/stack/data/venv/lib/python3.10/site-packages/keystonemiddleware/auth_token/__init__.py:545}}
Apr 17 23:45:26 ubuntu devstack@keystone.service[81959]: DEBUG keystone.server.flask.request_processing.middleware.auth_context [None req-c34889f5-09f2-4097-bf23-2798499874af None admin] RBAC: auth_context: {'token': <TokenModel (audit_id=FL2vnn0ZSjW7L0MH9xuCQQ, audit_chain_id=['FL2vnn0ZSjW7L0MH9xuCQQ']) at 0x7efcd0df8220>, 'domain_id': None, 'trust_id': None, 'trustor_id': None, 'trustee_id': None, 'domain_name': None, 'group_ids': [], 'user_id': '9bedd797e31b4955a2f0d6b2613e69b3', 'user_domain_id': 'default', 'system_scope': 'all', 'project_id': None, 'project_domain_id': None, 'roles': ['admin', 'manager', 'member', 'reader'], 'is_admin_project': True, 'service_user_id': None, 'service_user_domain_id': None, 'service_project_id': None, 'service_project_domain_id': None, 'service_roles': []} {{(pid=81959) fill_context /opt/stack/keystone/keystone/server/flask/request_processing/middleware/auth_context.py:509}}
Apr 17 23:45:26 ubuntu devstack@keystone.service[81959]: DEBUG keystone.server.flask.request_processing.req_logging [None req-c34889f5-09f2-4097-bf23-2798499874af None admin] REQUEST_METHOD: `GET` {{(pid=81959) log_request_info /opt/stack/keystone/keystone/server/flask/request_processing/req_logging.py:26}}
Apr 17 23:45:26 ubuntu devstack@keystone.service[81959]: DEBUG keystone.server.flask.request_processing.req_logging [None req-c34889f5-09f2-4097-bf23-2798499874af None admin] SCRIPT_NAME: `/identity` {{(pid=81959) log_request_info /opt/stack/keystone/keystone/server/flask/request_processing/req_logging.py:27}}
Apr 17 23:45:26 ubuntu devstack@keystone.service[81959]: DEBUG keystone.server.flask.request_processing.req_logging [None req-c34889f5-09f2-4097-bf23-2798499874af None admin] PATH_INFO: `/v3/users/9bedd797e31b4955a2f0d6b2613e69b3` {{(pid=81959) log_request_info /opt/stack/keystone/keystone/server/flask/request_processing/req_logging.py:28}}
Apr 17 23:45:26 ubuntu devstack@keystone.service[81959]: DEBUG keystone.common.rbac_enforcer.enforcer [None req-c34889f5-09f2-4097-bf23-2798499874af None admin] RBAC: Authorizing `identity:get_user(user_id=9bedd797e31b4955a2f0d6b2613e69b3)` {{(pid=81959) enforce_call /opt/stack/keystone/keystone/common/rbac_enforcer/enforcer.py:494}}
Apr 17 23:45:26 ubuntu devstack@keystone.service[81959]: DEBUG keystone.common.rbac_enforcer.enforcer [None req-c34889f5-09f2-4097-bf23-2798499874af None admin] RBAC: Authorization granted {{(pid=81959) enforce_call /opt/stack/keystone/keystone/common/rbac_enforcer/enforcer.py:505}}
Apr 17 23:45:26 ubuntu devstack@keystone.service[81959]: [pid: 81959|app: 0|req: 18/36] 10.201.5.82 () {56 vars in 1214 bytes} [Fri Apr 17 23:45:25 2026] GET /identity/v3/users/9bedd797e31b4955a2f0d6b2613e69b3 => generated 247 bytes in 79 msecs (HTTP/1.1 200) 5 headers in 177 bytes (1 switches on core 0)
Apr 17 23:45:26 ubuntu devstack@keystone.service[81958]: DEBUG keystone.server.flask.request_processing.middleware.auth_context [None req-0e9006c3-d4b7-4547-ad14-5d29183d4577 None None] Authenticating user token {{(pid=81958) process_request /opt/stack/data/venv/lib/python3.10/site-packages/keystonemiddleware/auth_token/__init__.py:407}}
Apr 17 23:45:26 ubuntu devstack@keystone.service[81959]: DEBUG keystone.server.flask.request_processing.middleware.auth_context [None req-c34889f5-09f2-4097-bf23-2798499874af None admin] Authenticating user token {{(pid=81959) process_request /opt/stack/data/venv/lib/python3.10/site-packages/keystonemiddleware/auth_token/__init__.py:407}}
Apr 17 23:45:26 ubuntu devstack@keystone.service[81958]: DEBUG keystone.server.flask.request_processing.middleware.auth_context [None req-0e9006c3-d4b7-4547-ad14-5d29183d4577 None None] Validating token access rules against request {{(pid=81958) validate_allowed_request /opt/stack/data/venv/lib/python3.10/site-packages/keystonemiddleware/auth_token/__init__.py:545}}
Apr 17 23:45:26 ubuntu devstack@keystone.service[81959]: DEBUG keystone.server.flask.request_processing.middleware.auth_context [None req-c34889f5-09f2-4097-bf23-2798499874af None admin] Validating token access rules against request {{(pid=81959) validate_allowed_request /opt/stack/data/venv/lib/python3.10/site-packages/keystonemiddleware/auth_token/__init__.py:545}}
Apr 17 23:45:26 ubuntu devstack@keystone.service[81958]: DEBUG keystone.server.flask.request_processing.middleware.auth_context [None req-06178ff9-ef65-4541-8faf-d680d84591bf None admin] RBAC: auth_context: {'token': <TokenModel (audit_id=FL2vnn0ZSjW7L0MH9xuCQQ, audit_chain_id=['FL2vnn0ZSjW7L0MH9xuCQQ']) at 0x7efcd0ffded0>, 'domain_id': None, 'trust_id': None, 'trustor_id': None, 'trustee_id': None, 'domain_name': None, 'group_ids': [], 'user_id': '9bedd797e31b4955a2f0d6b2613e69b3', 'user_domain_id': 'default', 'system_scope': 'all', 'project_id': None, 'project_domain_id': None, 'roles': ['admin', 'manager', 'member', 'reader'], 'is_admin_project': True, 'service_user_id': None, 'service_user_domain_id': None, 'service_project_id': None, 'service_project_domain_id': None, 'service_roles': []} {{(pid=81958) fill_context /opt/stack/keystone/keystone/server/flask/request_processing/middleware/auth_context.py:509}}
Apr 17 23:45:26 ubuntu devstack@keystone.service[81958]: DEBUG keystone.server.flask.request_processing.req_logging [None req-06178ff9-ef65-4541-8faf-d680d84591bf None admin] REQUEST_METHOD: `GET` {{(pid=81958) log_request_info /opt/stack/keystone/keystone/server/flask/request_processing/req_logging.py:26}}
Apr 17 23:45:26 ubuntu devstack@keystone.service[81958]: DEBUG keystone.server.flask.request_processing.req_logging [None req-06178ff9-ef65-4541-8faf-d680d84591bf None admin] SCRIPT_NAME: `/identity` {{(pid=81958) log_request_info /opt/stack/keystone/keystone/server/flask/request_processing/req_logging.py:27}}
Apr 17 23:45:26 ubuntu devstack@keystone.service[81958]: DEBUG keystone.server.flask.request_processing.req_logging [None req-06178ff9-ef65-4541-8faf-d680d84591bf None admin] PATH_INFO: `/v3/domains/default` {{(pid=81958) log_request_info /opt/stack/keystone/keystone/server/flask/request_processing/req_logging.py:28}}
Apr 17 23:45:26 ubuntu devstack@keystone.service[81958]: DEBUG keystone.common.rbac_enforcer.enforcer [None req-06178ff9-ef65-4541-8faf-d680d84591bf None admin] RBAC: Authorizing `identity:get_domain(domain_id=default)` {{(pid=81958) enforce_call /opt/stack/keystone/keystone/common/rbac_enforcer/enforcer.py:494}}
Apr 17 23:45:26 ubuntu devstack@keystone.service[81958]: DEBUG keystone.common.rbac_enforcer.enforcer [None req-06178ff9-ef65-4541-8faf-d680d84591bf None admin] RBAC: Authorization granted {{(pid=81958) enforce_call /opt/stack/keystone/keystone/common/rbac_enforcer/enforcer.py:505}}
Apr 17 23:45:26 ubuntu devstack@keystone.service[81959]: DEBUG keystone.server.flask.request_processing.middleware.auth_context [None req-c7fec8c6-80eb-4af5-9ed0-eede79d0eeb1 None admin] RBAC: auth_context: {'token': <TokenModel (audit_id=GwuUCn-RRG2strjjdQCyWQ, audit_chain_id=['GwuUCn-RRG2strjjdQCyWQ']) at 0x7efcd0cdc8e0>, 'domain_id': None, 'trust_id': None, 'trustor_id': None, 'trustee_id': None, 'domain_name': None, 'group_ids': [], 'user_id': '9bedd797e31b4955a2f0d6b2613e69b3', 'user_domain_id': 'default', 'system_scope': 'all', 'project_id': None, 'project_domain_id': None, 'roles': ['admin', 'manager', 'member', 'reader'], 'is_admin_project': True, 'service_user_id': None, 'service_user_domain_id': None, 'service_project_id': None, 'service_project_domain_id': None, 'service_roles': []} {{(pid=81959) fill_context /opt/stack/keystone/keystone/server/flask/request_processing/middleware/auth_context.py:509}}
Apr 17 23:45:26 ubuntu devstack@keystone.service[81959]: DEBUG keystone.server.flask.request_processing.req_logging [None req-c7fec8c6-80eb-4af5-9ed0-eede79d0eeb1 None admin] REQUEST_METHOD: `POST` {{(pid=81959) log_request_info /opt/stack/keystone/keystone/server/flask/request_processing/req_logging.py:26}}
Apr 17 23:45:26 ubuntu devstack@keystone.service[81959]: DEBUG keystone.server.flask.request_processing.req_logging [None req-c7fec8c6-80eb-4af5-9ed0-eede79d0eeb1 None admin] SCRIPT_NAME: `/identity` {{(pid=81959) log_request_info /opt/stack/keystone/keystone/server/flask/request_processing/req_logging.py:27}}
Apr 17 23:45:26 ubuntu devstack@keystone.service[81959]: DEBUG keystone.server.flask.request_processing.req_logging [None req-c7fec8c6-80eb-4af5-9ed0-eede79d0eeb1 None admin] PATH_INFO: `/v3/roles` {{(pid=81959) log_request_info /opt/stack/keystone/keystone/server/flask/request_processing/req_logging.py:28}}
Apr 17 23:45:26 ubuntu devstack@keystone.service[81959]: DEBUG keystone.common.rbac_enforcer.enforcer [None req-c7fec8c6-80eb-4af5-9ed0-eede79d0eeb1 None admin] RBAC: Authorizing `identity:create_role()` {{(pid=81959) enforce_call /opt/stack/keystone/keystone/common/rbac_enforcer/enforcer.py:494}}
Apr 17 23:45:26 ubuntu devstack@keystone.service[81959]: DEBUG keystone.common.rbac_enforcer.enforcer [None req-c7fec8c6-80eb-4af5-9ed0-eede79d0eeb1 None admin] RBAC: Authorization granted {{(pid=81959) enforce_call /opt/stack/keystone/keystone/common/rbac_enforcer/enforcer.py:505}}
Apr 17 23:45:26 ubuntu devstack@keystone.service[81958]: [pid: 81958|app: 0|req: 19/37] 10.201.5.82 () {56 vars in 1145 bytes} [Fri Apr 17 23:45:26 2026] GET /identity/v3/domains/default => generated 199 bytes in 123 msecs (HTTP/1.1 200) 5 headers in 177 bytes (1 switches on core 0)
Apr 17 23:45:26 ubuntu devstack@keystone.service[81958]: DEBUG keystone.server.flask.request_processing.middleware.auth_context [None req-06178ff9-ef65-4541-8faf-d680d84591bf None admin] Authenticating user token {{(pid=81958) process_request /opt/stack/data/venv/lib/python3.10/site-packages/keystonemiddleware/auth_token/__init__.py:407}}
Apr 17 23:45:26 ubuntu devstack@keystone.service[81959]: DEBUG keystone.common.sql.core [None req-c7fec8c6-80eb-4af5-9ed0-eede79d0eeb1 None admin] Conflict role: (pymysql.err.IntegrityError) (1062, "Duplicate entry 'service-<<null>>' for key 'role.ixu_role_name_domain_id'")
Apr 17 23:45:26 ubuntu devstack@keystone.service[81959]: [SQL: INSERT INTO `role` (id, name, description, extra) VALUES (%(id)s, %(name)s, %(description)s, %(extra)s)]
Apr 17 23:45:26 ubuntu devstack@keystone.service[81959]: [parameters: {'id': 'f6a3b08f68b34828912ea683709e987f', 'name': 'service', 'description': None, 'extra': '{}'}]
Apr 17 23:45:26 ubuntu devstack@keystone.service[81959]: (Background on this error at: https://sqlalche.me/e/20/gkpj) {{(pid=81959) wrapper /opt/stack/keystone/keystone/common/sql/core.py:580}}
Apr 17 23:45:26 ubuntu devstack@keystone.service[81959]: ERROR keystone.server.flask.application [None req-c7fec8c6-80eb-4af5-9ed0-eede79d0eeb1 None admin] Conflict occurred attempting to store role - Duplicate entry found with name service.: keystone.exception.Conflict: Conflict occurred attempting to store role - Duplicate entry found with name service.
Apr 17 23:45:26 ubuntu devstack@keystone.service[81959]: ERROR keystone.server.flask.application Traceback (most recent call last):
Apr 17 23:45:26 ubuntu devstack@keystone.service[81959]: ERROR keystone.server.flask.application   File "/opt/stack/data/venv/lib/python3.10/site-packages/sqlalchemy/engine/base.py", line 1967, in _exec_single_context
Apr 17 23:45:26 ubuntu devstack@keystone.service[81959]: ERROR keystone.server.flask.application     self.dialect.do_execute(
Apr 17 23:45:26 ubuntu devstack@keystone.service[81959]: ERROR keystone.server.flask.application   File "/opt/stack/data/venv/lib/python3.10/site-packages/sqlalchemy/engine/default.py", line 952, in do_execute
Apr 17 23:45:26 ubuntu devstack@keystone.service[81959]: ERROR keystone.server.flask.application     cursor.execute(statement, parameters)
Apr 17 23:45:26 ubuntu devstack@keystone.service[81959]: ERROR keystone.server.flask.application   File "/opt/stack/data/venv/lib/python3.10/site-packages/pymysql/cursors.py", line 153, in execute
Apr 17 23:45:26 ubuntu devstack@keystone.service[81959]: ERROR keystone.server.flask.application     result = self._query(query)
Apr 17 23:45:26 ubuntu devstack@keystone.service[81959]: ERROR keystone.server.flask.application   File "/opt/stack/data/venv/lib/python3.10/site-packages/pymysql/cursors.py", line 322, in _query
Apr 17 23:45:26 ubuntu devstack@keystone.service[81959]: ERROR keystone.server.flask.application     conn.query(q)
Apr 17 23:45:26 ubuntu devstack@keystone.service[81959]: ERROR keystone.server.flask.application   File "/opt/stack/data/venv/lib/python3.10/site-packages/pymysql/connections.py", line 575, in query
Apr 17 23:45:26 ubuntu devstack@keystone.service[81959]: ERROR keystone.server.flask.application     self._affected_rows = self._read_query_result(unbuffered=unbuffered)
Apr 17 23:45:26 ubuntu devstack@keystone.service[81959]: ERROR keystone.server.flask.application   File "/opt/stack/data/venv/lib/python3.10/site-packages/pymysql/connections.py", line 826, in _read_query_result
Apr 17 23:45:26 ubuntu devstack@keystone.service[81959]: ERROR keystone.server.flask.application     result.read()
Apr 17 23:45:26 ubuntu devstack@keystone.service[81959]: ERROR keystone.server.flask.application   File "/opt/stack/data/venv/lib/python3.10/site-packages/pymysql/connections.py", line 1203, in read
Apr 17 23:45:26 ubuntu devstack@keystone.service[81959]: ERROR keystone.server.flask.application     first_packet = self.connection._read_packet()
Apr 17 23:45:26 ubuntu devstack@keystone.service[81959]: ERROR keystone.server.flask.application   File "/opt/stack/data/venv/lib/python3.10/site-packages/pymysql/connections.py", line 782, in _read_packet
Apr 17 23:45:26 ubuntu devstack@keystone.service[81959]: ERROR keystone.server.flask.application     packet.raise_for_error()
Apr 17 23:45:26 ubuntu devstack@keystone.service[81959]: ERROR keystone.server.flask.application   File "/opt/stack/data/venv/lib/python3.10/site-packages/pymysql/protocol.py", line 219, in raise_for_error
Apr 17 23:45:26 ubuntu devstack@keystone.service[81959]: ERROR keystone.server.flask.application     err.raise_mysql_exception(self._data)
Apr 17 23:45:26 ubuntu devstack@keystone.service[81959]: ERROR keystone.server.flask.application   File "/opt/stack/data/venv/lib/python3.10/site-packages/pymysql/err.py", line 150, in raise_mysql_exception
Apr 17 23:45:26 ubuntu devstack@keystone.service[81959]: ERROR keystone.server.flask.application     raise errorclass(errno, errval)
Apr 17 23:45:26 ubuntu devstack@keystone.service[81959]: ERROR keystone.server.flask.application pymysql.err.IntegrityError: (1062, "Duplicate entry 'service-<<null>>' for key 'role.ixu_role_name_domain_id'")
Apr 17 23:45:26 ubuntu devstack@keystone.service[81959]: ERROR keystone.server.flask.application 
Apr 17 23:45:26 ubuntu devstack@keystone.service[81959]: ERROR keystone.server.flask.application The above exception was the direct cause of the following exception:
Apr 17 23:45:26 ubuntu devstack@keystone.service[81959]: ERROR keystone.server.flask.application 
Apr 17 23:45:26 ubuntu devstack@keystone.service[81959]: ERROR keystone.server.flask.application Traceback (most recent call last):
Apr 17 23:45:26 ubuntu devstack@keystone.service[81959]: ERROR keystone.server.flask.application   File "/opt/stack/keystone/keystone/common/sql/core.py", line 575, in wrapper
Apr 17 23:45:26 ubuntu devstack@keystone.service[81959]: ERROR keystone.server.flask.application     return method(*args, **kwargs)
Apr 17 23:45:26 ubuntu devstack@keystone.service[81959]: ERROR keystone.server.flask.application   File "/opt/stack/keystone/keystone/assignment/role_backends/sql.py", line 25, in create_role
Apr 17 23:45:26 ubuntu devstack@keystone.service[81959]: ERROR keystone.server.flask.application     with sql.session_for_write() as session:
Apr 17 23:45:26 ubuntu devstack@keystone.service[81959]: ERROR keystone.server.flask.application   File "/usr/lib/python3.10/contextlib.py", line 142, in __exit__
Apr 17 23:45:26 ubuntu devstack@keystone.service[81959]: ERROR keystone.server.flask.application     next(self.gen)
Apr 17 23:45:26 ubuntu devstack@keystone.service[81959]: ERROR keystone.server.flask.application   File "/opt/stack/data/venv/lib/python3.10/site-packages/oslo_db/sqlalchemy/enginefacade.py", line 1175, in _transaction_scope
Apr 17 23:45:26 ubuntu devstack@keystone.service[81959]: ERROR keystone.server.flask.application     with current._produce_block(
Apr 17 23:45:26 ubuntu devstack@keystone.service[81959]: ERROR keystone.server.flask.application   File "/usr/lib/python3.10/contextlib.py", line 142, in __exit__
Apr 17 23:45:26 ubuntu devstack@keystone.service[81959]: ERROR keystone.server.flask.application     next(self.gen)
Apr 17 23:45:26 ubuntu devstack@keystone.service[81959]: ERROR keystone.server.flask.application   File "/opt/stack/data/venv/lib/python3.10/site-packages/oslo_db/sqlalchemy/enginefacade.py", line 837, in _session
Apr 17 23:45:26 ubuntu devstack@keystone.service[81959]: ERROR keystone.server.flask.application     with excutils.save_and_reraise_exception():
Apr 17 23:45:26 ubuntu devstack@keystone.service[81959]: ERROR keystone.server.flask.application   File "/opt/stack/data/venv/lib/python3.10/site-packages/oslo_utils/excutils.py", line 271, in __exit__
