Jan 29 08:23:43 ubuntu devstack@keystone.service[81478]: [pid: 81478|app: 0|req: 12/23] 10.201.5.82 () {54 vars in 919 bytes} [Thu Jan 29 08:23:43 2026] GET /identity => generated 270 bytes in 1 msecs (HTTP/1.1 300) 6 headers in 234 bytes (1 switches on core 0)
Jan 29 08:23:43 ubuntu devstack@keystone.service[81478]: DEBUG keystone.server.flask.request_processing.req_logging [None req-1be6601c-dfd1-42d1-a569-2fa753df57ca None None] REQUEST_METHOD: `POST` {{(pid=81478) log_request_info /opt/stack/keystone/keystone/server/flask/request_processing/req_logging.py:26}}
Jan 29 08:23:43 ubuntu devstack@keystone.service[81478]: DEBUG keystone.server.flask.request_processing.req_logging [None req-1be6601c-dfd1-42d1-a569-2fa753df57ca None None] SCRIPT_NAME: `/identity` {{(pid=81478) log_request_info /opt/stack/keystone/keystone/server/flask/request_processing/req_logging.py:27}}
Jan 29 08:23:43 ubuntu devstack@keystone.service[81478]: DEBUG keystone.server.flask.request_processing.req_logging [None req-1be6601c-dfd1-42d1-a569-2fa753df57ca None None] PATH_INFO: `/v3/auth/tokens` {{(pid=81478) log_request_info /opt/stack/keystone/keystone/server/flask/request_processing/req_logging.py:28}}
Jan 29 08:23:43 ubuntu devstack@keystone.service[81479]: [pid: 81479|app: 0|req: 12/24] 10.201.5.82 () {58 vars in 1016 bytes} [Thu Jan 29 08:23:43 2026] POST /identity/v3/auth/tokens => generated 862 bytes in 69 msecs (HTTP/1.1 201) 6 headers in 363 bytes (1 switches on core 0)
Jan 29 08:23:43 ubuntu devstack@keystone.service[81478]: WARNING keystone.common.password_hashing [None req-1be6601c-dfd1-42d1-a569-2fa753df57ca None None] Truncating password to algorithm specific maximum length 72 characters.
Jan 29 08:23:43 ubuntu devstack@keystone.service[81478]: DEBUG keystone.auth.core [None req-1be6601c-dfd1-42d1-a569-2fa753df57ca None None] MFA Rules not processed for user `bd4024944d4b4f63a246b7968c155dc0`. Rule list: `[]` (Enabled: `True`). {{(pid=81478) check_auth_methods_against_rules /opt/stack/keystone/keystone/auth/core.py:476}}
Jan 29 08:23:43 ubuntu devstack@keystone.service[81478]: DEBUG keystone.common.fernet_utils [None req-1be6601c-dfd1-42d1-a569-2fa753df57ca None None] Loaded 2 Fernet keys from /etc/keystone/fernet-keys/, but `[fernet_tokens] max_active_keys = 3`; perhaps there have not been enough key rotations to reach `max_active_keys` yet? {{(pid=81478) load_keys /opt/stack/keystone/keystone/common/fernet_utils.py:297}}
Jan 29 08:23:43 ubuntu devstack@keystone.service[81478]: [pid: 81478|app: 0|req: 13/25] 10.201.5.82 () {58 vars in 1016 bytes} [Thu Jan 29 08:23:43 2026] POST /identity/v3/auth/tokens => generated 862 bytes in 62 msecs (HTTP/1.1 201) 6 headers in 363 bytes (3 switches on core 0)
Jan 29 08:23:43 ubuntu devstack@keystone.service[81479]: DEBUG keystone.server.flask.request_processing.middleware.auth_context [None req-3d56572b-51b5-449b-902a-757dfa51ebc6 None None] Authenticating user token {{(pid=81479) process_request /opt/stack/data/venv/lib/python3.10/site-packages/keystonemiddleware/auth_token/__init__.py:407}}
Jan 29 08:23:43 ubuntu devstack@keystone.service[81479]: DEBUG keystone.server.flask.request_processing.middleware.auth_context [None req-3d56572b-51b5-449b-902a-757dfa51ebc6 None None] Validating token access rules against request {{(pid=81479) validate_allowed_request /opt/stack/data/venv/lib/python3.10/site-packages/keystonemiddleware/auth_token/__init__.py:545}}
Jan 29 08:23:43 ubuntu devstack@keystone.service[81479]: DEBUG keystone.server.flask.request_processing.middleware.auth_context [None req-1e304366-74a3-43af-973e-2a2af967b7d4 None admin] RBAC: auth_context: {'token': <TokenModel (audit_id=mBEhHZj_T1SH9FlQidqtvw, audit_chain_id=['mBEhHZj_T1SH9FlQidqtvw']) at 0x7f1025ce0ee0>, 'domain_id': None, 'trust_id': None, 'trustor_id': None, 'trustee_id': None, 'domain_name': None, 'group_ids': [], 'user_id': 'bd4024944d4b4f63a246b7968c155dc0', 'user_domain_id': 'default', 'system_scope': 'all', 'project_id': None, 'project_domain_id': None, 'roles': ['admin', 'manager', 'member', 'reader'], 'is_admin_project': True, 'service_user_id': None, 'service_user_domain_id': None, 'service_project_id': None, 'service_project_domain_id': None, 'service_roles': []} {{(pid=81479) fill_context /opt/stack/keystone/keystone/server/flask/request_processing/middleware/auth_context.py:509}}
Jan 29 08:23:43 ubuntu devstack@keystone.service[81479]: DEBUG keystone.server.flask.request_processing.req_logging [None req-1e304366-74a3-43af-973e-2a2af967b7d4 None admin] REQUEST_METHOD: `GET` {{(pid=81479) log_request_info /opt/stack/keystone/keystone/server/flask/request_processing/req_logging.py:26}}
Jan 29 08:23:43 ubuntu devstack@keystone.service[81479]: DEBUG keystone.server.flask.request_processing.req_logging [None req-1e304366-74a3-43af-973e-2a2af967b7d4 None admin] SCRIPT_NAME: `/identity` {{(pid=81479) log_request_info /opt/stack/keystone/keystone/server/flask/request_processing/req_logging.py:27}}
Jan 29 08:23:43 ubuntu devstack@keystone.service[81479]: DEBUG keystone.server.flask.request_processing.req_logging [None req-1e304366-74a3-43af-973e-2a2af967b7d4 None admin] PATH_INFO: `/v3/roles/admin` {{(pid=81479) log_request_info /opt/stack/keystone/keystone/server/flask/request_processing/req_logging.py:28}}
Jan 29 08:23:43 ubuntu devstack@keystone.service[81479]: DEBUG keystone.common.rbac_enforcer.enforcer [None req-1e304366-74a3-43af-973e-2a2af967b7d4 None admin] Extracting inferred target data resulted in "NOT FOUND (404)". {{(pid=81479) enforce_call /opt/stack/keystone/keystone/common/rbac_enforcer/enforcer.py:445}}
Jan 29 08:23:43 ubuntu devstack@keystone.service[81479]: DEBUG keystone.server.flask.application [None req-1e304366-74a3-43af-973e-2a2af967b7d4 None admin] Could not find role: admin. {{(pid=81479) _handle_keystone_exception /opt/stack/keystone/keystone/server/flask/application.py:146}}
Jan 29 08:23:43 ubuntu devstack@keystone.service[81479]: [pid: 81479|app: 0|req: 13/26] 10.201.5.82 () {56 vars in 1132 bytes} [Thu Jan 29 08:23:43 2026] GET /identity/v3/roles/admin => generated 83 bytes in 67 msecs (HTTP/1.1 404) 5 headers in 183 bytes (1 switches on core 0)
Jan 29 08:23:43 ubuntu devstack@keystone.service[81478]: DEBUG keystone.server.flask.request_processing.req_logging [None req-42dbc733-3a11-4265-9151-30fc3ad823c5 None None] REQUEST_METHOD: `GET` {{(pid=81478) log_request_info /opt/stack/keystone/keystone/server/flask/request_processing/req_logging.py:26}}
Jan 29 08:23:43 ubuntu devstack@keystone.service[81478]: DEBUG keystone.server.flask.request_processing.req_logging [None req-42dbc733-3a11-4265-9151-30fc3ad823c5 None None] SCRIPT_NAME: `/identity` {{(pid=81478) log_request_info /opt/stack/keystone/keystone/server/flask/request_processing/req_logging.py:27}}
Jan 29 08:23:43 ubuntu devstack@keystone.service[81478]: DEBUG keystone.server.flask.request_processing.req_logging [None req-42dbc733-3a11-4265-9151-30fc3ad823c5 None None] PATH_INFO: `/` {{(pid=81478) log_request_info /opt/stack/keystone/keystone/server/flask/request_processing/req_logging.py:28}}
Jan 29 08:23:43 ubuntu devstack@keystone.service[81478]: [pid: 81478|app: 0|req: 14/27] 10.201.5.82 () {54 vars in 919 bytes} [Thu Jan 29 08:23:43 2026] GET /identity => generated 270 bytes in 2 msecs (HTTP/1.1 300) 6 headers in 234 bytes (1 switches on core 0)
Jan 29 08:23:43 ubuntu devstack@keystone.service[81479]: DEBUG keystone.server.flask.request_processing.middleware.auth_context [None req-1e304366-74a3-43af-973e-2a2af967b7d4 None admin] Authenticating user token {{(pid=81479) process_request /opt/stack/data/venv/lib/python3.10/site-packages/keystonemiddleware/auth_token/__init__.py:407}}
Jan 29 08:23:43 ubuntu devstack@keystone.service[81478]: DEBUG keystone.server.flask.request_processing.req_logging [None req-72d6ba5e-ac13-428d-a7ed-70efa654966a None None] REQUEST_METHOD: `POST` {{(pid=81478) log_request_info /opt/stack/keystone/keystone/server/flask/request_processing/req_logging.py:26}}
Jan 29 08:23:43 ubuntu devstack@keystone.service[81478]: DEBUG keystone.server.flask.request_processing.req_logging [None req-72d6ba5e-ac13-428d-a7ed-70efa654966a None None] SCRIPT_NAME: `/identity` {{(pid=81478) log_request_info /opt/stack/keystone/keystone/server/flask/request_processing/req_logging.py:27}}
Jan 29 08:23:43 ubuntu devstack@keystone.service[81478]: DEBUG keystone.server.flask.request_processing.req_logging [None req-72d6ba5e-ac13-428d-a7ed-70efa654966a None None] PATH_INFO: `/v3/auth/tokens` {{(pid=81478) log_request_info /opt/stack/keystone/keystone/server/flask/request_processing/req_logging.py:28}}
Jan 29 08:23:43 ubuntu devstack@keystone.service[81478]: WARNING keystone.common.password_hashing [None req-72d6ba5e-ac13-428d-a7ed-70efa654966a None None] Truncating password to algorithm specific maximum length 72 characters.
Jan 29 08:23:43 ubuntu devstack@keystone.service[81478]: DEBUG keystone.auth.core [None req-72d6ba5e-ac13-428d-a7ed-70efa654966a None None] MFA Rules not processed for user `bd4024944d4b4f63a246b7968c155dc0`. Rule list: `[]` (Enabled: `True`). {{(pid=81478) check_auth_methods_against_rules /opt/stack/keystone/keystone/auth/core.py:476}}
Jan 29 08:23:43 ubuntu devstack@keystone.service[81478]: DEBUG keystone.common.fernet_utils [None req-72d6ba5e-ac13-428d-a7ed-70efa654966a None None] Loaded 2 Fernet keys from /etc/keystone/fernet-keys/, but `[fernet_tokens] max_active_keys = 3`; perhaps there have not been enough key rotations to reach `max_active_keys` yet? {{(pid=81478) load_keys /opt/stack/keystone/keystone/common/fernet_utils.py:297}}
Jan 29 08:23:43 ubuntu devstack@keystone.service[81479]: DEBUG keystone.server.flask.request_processing.middleware.auth_context [None req-1e304366-74a3-43af-973e-2a2af967b7d4 None admin] Validating token access rules against request {{(pid=81479) validate_allowed_request /opt/stack/data/venv/lib/python3.10/site-packages/keystonemiddleware/auth_token/__init__.py:545}}
Jan 29 08:23:43 ubuntu devstack@keystone.service[81479]: DEBUG keystone.server.flask.request_processing.middleware.auth_context [None req-4fb25ada-45fb-4f9a-92ff-ecd2ab478d5e None admin] RBAC: auth_context: {'token': <TokenModel (audit_id=mBEhHZj_T1SH9FlQidqtvw, audit_chain_id=['mBEhHZj_T1SH9FlQidqtvw']) at 0x7f1025ce14e0>, 'domain_id': None, 'trust_id': None, 'trustor_id': None, 'trustee_id': None, 'domain_name': None, 'group_ids': [], 'user_id': 'bd4024944d4b4f63a246b7968c155dc0', 'user_domain_id': 'default', 'system_scope': 'all', 'project_id': None, 'project_domain_id': None, 'roles': ['admin', 'manager', 'member', 'reader'], 'is_admin_project': True, 'service_user_id': None, 'service_user_domain_id': None, 'service_project_id': None, 'service_project_domain_id': None, 'service_roles': []} {{(pid=81479) fill_context /opt/stack/keystone/keystone/server/flask/request_processing/middleware/auth_context.py:509}}
Jan 29 08:23:43 ubuntu devstack@keystone.service[81479]: DEBUG keystone.server.flask.request_processing.req_logging [None req-4fb25ada-45fb-4f9a-92ff-ecd2ab478d5e None admin] REQUEST_METHOD: `GET` {{(pid=81479) log_request_info /opt/stack/keystone/keystone/server/flask/request_processing/req_logging.py:26}}
Jan 29 08:23:43 ubuntu devstack@keystone.service[81479]: DEBUG keystone.server.flask.request_processing.req_logging [None req-4fb25ada-45fb-4f9a-92ff-ecd2ab478d5e None admin] SCRIPT_NAME: `/identity` {{(pid=81479) log_request_info /opt/stack/keystone/keystone/server/flask/request_processing/req_logging.py:27}}
Jan 29 08:23:43 ubuntu devstack@keystone.service[81479]: DEBUG keystone.server.flask.request_processing.req_logging [None req-4fb25ada-45fb-4f9a-92ff-ecd2ab478d5e None admin] PATH_INFO: `/v3/roles` {{(pid=81479) log_request_info /opt/stack/keystone/keystone/server/flask/request_processing/req_logging.py:28}}
Jan 29 08:23:43 ubuntu devstack@keystone.service[81479]: DEBUG keystone.common.rbac_enforcer.enforcer [None req-4fb25ada-45fb-4f9a-92ff-ecd2ab478d5e None admin] RBAC: Adding query filter params (name=admin) {{(pid=81479) _extract_filter_values /opt/stack/keystone/keystone/common/rbac_enforcer/enforcer.py:176}}
Jan 29 08:23:43 ubuntu devstack@keystone.service[81479]: DEBUG keystone.common.rbac_enforcer.enforcer [None req-4fb25ada-45fb-4f9a-92ff-ecd2ab478d5e None admin] RBAC: Authorizing `identity:list_roles()` {{(pid=81479) enforce_call /opt/stack/keystone/keystone/common/rbac_enforcer/enforcer.py:494}}
Jan 29 08:23:43 ubuntu devstack@keystone.service[81479]: DEBUG keystone.common.rbac_enforcer.enforcer [None req-4fb25ada-45fb-4f9a-92ff-ecd2ab478d5e None admin] RBAC: Authorization granted {{(pid=81479) enforce_call /opt/stack/keystone/keystone/common/rbac_enforcer/enforcer.py:505}}
Jan 29 08:23:43 ubuntu devstack@keystone.service[81478]: [pid: 81478|app: 0|req: 15/28] 10.201.5.82 () {58 vars in 1016 bytes} [Thu Jan 29 08:23:43 2026] POST /identity/v3/auth/tokens => generated 862 bytes in 55 msecs (HTTP/1.1 201) 6 headers in 363 bytes (1 switches on core 0)
Jan 29 08:23:43 ubuntu devstack@keystone.service[81478]: DEBUG keystone.server.flask.request_processing.req_logging [None req-88efa6ef-7923-496a-8628-6b3d345ed484 None None] REQUEST_METHOD: `GET` {{(pid=81478) log_request_info /opt/stack/keystone/keystone/server/flask/request_processing/req_logging.py:26}}
Jan 29 08:23:43 ubuntu devstack@keystone.service[81478]: DEBUG keystone.server.flask.request_processing.req_logging [None req-88efa6ef-7923-496a-8628-6b3d345ed484 None None] SCRIPT_NAME: `/identity` {{(pid=81478) log_request_info /opt/stack/keystone/keystone/server/flask/request_processing/req_logging.py:27}}
Jan 29 08:23:43 ubuntu devstack@keystone.service[81478]: DEBUG keystone.server.flask.request_processing.req_logging [None req-88efa6ef-7923-496a-8628-6b3d345ed484 None None] PATH_INFO: `/` {{(pid=81478) log_request_info /opt/stack/keystone/keystone/server/flask/request_processing/req_logging.py:28}}
Jan 29 08:23:43 ubuntu devstack@keystone.service[81478]: [pid: 81478|app: 0|req: 16/29] 10.201.5.82 () {54 vars in 919 bytes} [Thu Jan 29 08:23:43 2026] GET /identity => generated 270 bytes in 1 msecs (HTTP/1.1 300) 6 headers in 234 bytes (1 switches on core 0)
Jan 29 08:23:43 ubuntu devstack@keystone.service[81479]: [pid: 81479|app: 0|req: 14/30] 10.201.5.82 () {56 vars in 1148 bytes} [Thu Jan 29 08:23:43 2026] GET /identity/v3/roles?name=admin => generated 339 bytes in 60 msecs (HTTP/1.1 200) 5 headers in 177 bytes (1 switches on core 0)
Jan 29 08:23:43 ubuntu devstack@keystone.service[81479]: DEBUG keystone.server.flask.request_processing.middleware.auth_context [None req-4fb25ada-45fb-4f9a-92ff-ecd2ab478d5e None admin] Authenticating user token {{(pid=81479) process_request /opt/stack/data/venv/lib/python3.10/site-packages/keystonemiddleware/auth_token/__init__.py:407}}
Jan 29 08:23:43 ubuntu devstack@keystone.service[81478]: DEBUG keystone.server.flask.request_processing.req_logging [None req-8a3e58db-deb8-49d3-ac33-717ed7da35fc None None] REQUEST_METHOD: `POST` {{(pid=81478) log_request_info /opt/stack/keystone/keystone/server/flask/request_processing/req_logging.py:26}}
Jan 29 08:23:43 ubuntu devstack@keystone.service[81478]: DEBUG keystone.server.flask.request_processing.req_logging [None req-8a3e58db-deb8-49d3-ac33-717ed7da35fc None None] SCRIPT_NAME: `/identity` {{(pid=81478) log_request_info /opt/stack/keystone/keystone/server/flask/request_processing/req_logging.py:27}}
Jan 29 08:23:43 ubuntu devstack@keystone.service[81478]: DEBUG keystone.server.flask.request_processing.req_logging [None req-8a3e58db-deb8-49d3-ac33-717ed7da35fc None None] PATH_INFO: `/v3/auth/tokens` {{(pid=81478) log_request_info /opt/stack/keystone/keystone/server/flask/request_processing/req_logging.py:28}}
Jan 29 08:23:43 ubuntu devstack@keystone.service[81478]: WARNING keystone.common.password_hashing [None req-8a3e58db-deb8-49d3-ac33-717ed7da35fc None None] Truncating password to algorithm specific maximum length 72 characters.
Jan 29 08:23:43 ubuntu devstack@keystone.service[81479]: DEBUG keystone.server.flask.request_processing.middleware.auth_context [None req-4fb25ada-45fb-4f9a-92ff-ecd2ab478d5e None admin] Validating token access rules against request {{(pid=81479) validate_allowed_request /opt/stack/data/venv/lib/python3.10/site-packages/keystonemiddleware/auth_token/__init__.py:545}}
Jan 29 08:23:43 ubuntu devstack@keystone.service[81478]: DEBUG keystone.auth.core [None req-8a3e58db-deb8-49d3-ac33-717ed7da35fc None None] MFA Rules not processed for user `bd4024944d4b4f63a246b7968c155dc0`. Rule list: `[]` (Enabled: `True`). {{(pid=81478) check_auth_methods_against_rules /opt/stack/keystone/keystone/auth/core.py:476}}
Jan 29 08:23:43 ubuntu devstack@keystone.service[81478]: DEBUG keystone.common.fernet_utils [None req-8a3e58db-deb8-49d3-ac33-717ed7da35fc None None] Loaded 2 Fernet keys from /etc/keystone/fernet-keys/, but `[fernet_tokens] max_active_keys = 3`; perhaps there have not been enough key rotations to reach `max_active_keys` yet? {{(pid=81478) load_keys /opt/stack/keystone/keystone/common/fernet_utils.py:297}}
Jan 29 08:23:43 ubuntu devstack@keystone.service[81479]: DEBUG keystone.server.flask.request_processing.middleware.auth_context [None req-b210d60c-439f-4524-a56d-105e20f8cdbd None admin] RBAC: auth_context: {'token': <TokenModel (audit_id=RViG5vfeSqCM_Efo3kl1Qw, audit_chain_id=['RViG5vfeSqCM_Efo3kl1Qw']) at 0x7f10259e3640>, 'domain_id': None, 'trust_id': None, 'trustor_id': None, 'trustee_id': None, 'domain_name': None, 'group_ids': [], 'user_id': 'bd4024944d4b4f63a246b7968c155dc0', 'user_domain_id': 'default', 'system_scope': 'all', 'project_id': None, 'project_domain_id': None, 'roles': ['admin', 'manager', 'member', 'reader'], 'is_admin_project': True, 'service_user_id': None, 'service_user_domain_id': None, 'service_project_id': None, 'service_project_domain_id': None, 'service_roles': []} {{(pid=81479) fill_context /opt/stack/keystone/keystone/server/flask/request_processing/middleware/auth_context.py:509}}
Jan 29 08:23:43 ubuntu devstack@keystone.service[81479]: DEBUG keystone.server.flask.request_processing.req_logging [None req-b210d60c-439f-4524-a56d-105e20f8cdbd None admin] REQUEST_METHOD: `GET` {{(pid=81479) log_request_info /opt/stack/keystone/keystone/server/flask/request_processing/req_logging.py:26}}
Jan 29 08:23:43 ubuntu devstack@keystone.service[81479]: DEBUG keystone.server.flask.request_processing.req_logging [None req-b210d60c-439f-4524-a56d-105e20f8cdbd None admin] SCRIPT_NAME: `/identity` {{(pid=81479) log_request_info /opt/stack/keystone/keystone/server/flask/request_processing/req_logging.py:27}}
Jan 29 08:23:43 ubuntu devstack@keystone.service[81479]: DEBUG keystone.server.flask.request_processing.req_logging [None req-b210d60c-439f-4524-a56d-105e20f8cdbd None admin] PATH_INFO: `/v3/domains/Default` {{(pid=81479) log_request_info /opt/stack/keystone/keystone/server/flask/request_processing/req_logging.py:28}}
Jan 29 08:23:43 ubuntu devstack@keystone.service[81478]: [pid: 81478|app: 0|req: 17/31] 10.201.5.82 () {58 vars in 1016 bytes} [Thu Jan 29 08:23:43 2026] POST /identity/v3/auth/tokens => generated 862 bytes in 137 msecs (HTTP/1.1 201) 6 headers in 363 bytes (1 switches on core 0)
Jan 29 08:23:43 ubuntu devstack@keystone.service[81478]: DEBUG keystone.server.flask.request_processing.middleware.auth_context [None req-8a3e58db-deb8-49d3-ac33-717ed7da35fc None None] Authenticating user token {{(pid=81478) process_request /opt/stack/data/venv/lib/python3.10/site-packages/keystonemiddleware/auth_token/__init__.py:407}}
Jan 29 08:23:43 ubuntu devstack@keystone.service[81478]: DEBUG keystone.server.flask.request_processing.middleware.auth_context [None req-8a3e58db-deb8-49d3-ac33-717ed7da35fc None None] Validating token access rules against request {{(pid=81478) validate_allowed_request /opt/stack/data/venv/lib/python3.10/site-packages/keystonemiddleware/auth_token/__init__.py:545}}
Jan 29 08:23:43 ubuntu devstack@keystone.service[81479]: DEBUG keystone.common.rbac_enforcer.enforcer [None req-b210d60c-439f-4524-a56d-105e20f8cdbd None admin] RBAC: Authorizing `identity:get_domain(domain_id=Default)` {{(pid=81479) enforce_call /opt/stack/keystone/keystone/common/rbac_enforcer/enforcer.py:494}}
Jan 29 08:23:43 ubuntu devstack@keystone.service[81479]: DEBUG keystone.common.rbac_enforcer.enforcer [None req-b210d60c-439f-4524-a56d-105e20f8cdbd None admin] RBAC: Authorization granted {{(pid=81479) enforce_call /opt/stack/keystone/keystone/common/rbac_enforcer/enforcer.py:505}}
Jan 29 08:23:43 ubuntu devstack@keystone.service[81479]: DEBUG keystone.server.flask.application [None req-b210d60c-439f-4524-a56d-105e20f8cdbd None admin] Could not find domain: Default. {{(pid=81479) _handle_keystone_exception /opt/stack/keystone/keystone/server/flask/application.py:146}}
Jan 29 08:23:43 ubuntu devstack@keystone.service[81479]: [pid: 81479|app: 0|req: 15/32] 10.201.5.82 () {56 vars in 1100 bytes} [Thu Jan 29 08:23:43 2026] GET /identity/v3/domains/Default => generated 87 bytes in 193 msecs (HTTP/1.1 404) 5 headers in 183 bytes (1 switches on core 0)
Jan 29 08:23:43 ubuntu devstack@keystone.service[81479]: DEBUG keystone.server.flask.request_processing.middleware.auth_context [None req-b210d60c-439f-4524-a56d-105e20f8cdbd None admin] Authenticating user token {{(pid=81479) process_request /opt/stack/data/venv/lib/python3.10/site-packages/keystonemiddleware/auth_token/__init__.py:407}}
Jan 29 08:23:43 ubuntu devstack@keystone.service[81478]: DEBUG keystone.server.flask.request_processing.middleware.auth_context [None req-c9c66d8c-1ad7-4793-9390-17df020c4842 None admin] RBAC: auth_context: {'token': <TokenModel (audit_id=mBEhHZj_T1SH9FlQidqtvw, audit_chain_id=['mBEhHZj_T1SH9FlQidqtvw']) at 0x7f10268d3fd0>, 'domain_id': None, 'trust_id': None, 'trustor_id': None, 'trustee_id': None, 'domain_name': None, 'group_ids': [], 'user_id': 'bd4024944d4b4f63a246b7968c155dc0', 'user_domain_id': 'default', 'system_scope': 'all', 'project_id': None, 'project_domain_id': None, 'roles': ['admin', 'manager', 'member', 'reader'], 'is_admin_project': True, 'service_user_id': None, 'service_user_domain_id': None, 'service_project_id': None, 'service_project_domain_id': None, 'service_roles': []} {{(pid=81478) fill_context /opt/stack/keystone/keystone/server/flask/request_processing/middleware/auth_context.py:509}}
Jan 29 08:23:43 ubuntu devstack@keystone.service[81478]: DEBUG keystone.server.flask.request_processing.req_logging [None req-c9c66d8c-1ad7-4793-9390-17df020c4842 None admin] REQUEST_METHOD: `GET` {{(pid=81478) log_request_info /opt/stack/keystone/keystone/server/flask/request_processing/req_logging.py:26}}
Jan 29 08:23:43 ubuntu devstack@keystone.service[81478]: DEBUG keystone.server.flask.request_processing.req_logging [None req-c9c66d8c-1ad7-4793-9390-17df020c4842 None admin] SCRIPT_NAME: `/identity` {{(pid=81478) log_request_info /opt/stack/keystone/keystone/server/flask/request_processing/req_logging.py:27}}
Jan 29 08:23:43 ubuntu devstack@keystone.service[81478]: DEBUG keystone.server.flask.request_processing.req_logging [None req-c9c66d8c-1ad7-4793-9390-17df020c4842 None admin] PATH_INFO: `/v3/users/bd4024944d4b4f63a246b7968c155dc0` {{(pid=81478) log_request_info /opt/stack/keystone/keystone/server/flask/request_processing/req_logging.py:28}}
Jan 29 08:23:43 ubuntu devstack@keystone.service[81478]: DEBUG keystone.common.rbac_enforcer.enforcer [None req-c9c66d8c-1ad7-4793-9390-17df020c4842 None admin] RBAC: Authorizing `identity:get_user(user_id=bd4024944d4b4f63a246b7968c155dc0)` {{(pid=81478) enforce_call /opt/stack/keystone/keystone/common/rbac_enforcer/enforcer.py:494}}
Jan 29 08:23:43 ubuntu devstack@keystone.service[81478]: DEBUG keystone.common.rbac_enforcer.enforcer [None req-c9c66d8c-1ad7-4793-9390-17df020c4842 None admin] RBAC: Authorization granted {{(pid=81478) enforce_call /opt/stack/keystone/keystone/common/rbac_enforcer/enforcer.py:505}}
Jan 29 08:23:43 ubuntu devstack@keystone.service[81478]: [pid: 81478|app: 0|req: 18/33] 10.201.5.82 () {56 vars in 1213 bytes} [Thu Jan 29 08:23:43 2026] GET /identity/v3/users/bd4024944d4b4f63a246b7968c155dc0 => generated 247 bytes in 60 msecs (HTTP/1.1 200) 5 headers in 177 bytes (1 switches on core 0)
Jan 29 08:23:43 ubuntu devstack@keystone.service[81478]: DEBUG keystone.server.flask.request_processing.middleware.auth_context [None req-c9c66d8c-1ad7-4793-9390-17df020c4842 None admin] Authenticating user token {{(pid=81478) process_request /opt/stack/data/venv/lib/python3.10/site-packages/keystonemiddleware/auth_token/__init__.py:407}}
Jan 29 08:23:43 ubuntu devstack@keystone.service[81479]: DEBUG keystone.server.flask.request_processing.middleware.auth_context [None req-b210d60c-439f-4524-a56d-105e20f8cdbd None admin] Validating token access rules against request {{(pid=81479) validate_allowed_request /opt/stack/data/venv/lib/python3.10/site-packages/keystonemiddleware/auth_token/__init__.py:545}}
Jan 29 08:23:43 ubuntu devstack@keystone.service[81478]: DEBUG keystone.server.flask.request_processing.middleware.auth_context [None req-c9c66d8c-1ad7-4793-9390-17df020c4842 None admin] Validating token access rules against request {{(pid=81478) validate_allowed_request /opt/stack/data/venv/lib/python3.10/site-packages/keystonemiddleware/auth_token/__init__.py:545}}
Jan 29 08:23:43 ubuntu devstack@keystone.service[81479]: DEBUG keystone.server.flask.request_processing.middleware.auth_context [None req-0be52204-d729-4a0b-8794-80094fe1f520 None admin] RBAC: auth_context: {'token': <TokenModel (audit_id=hiwoePStRNaS_IL5OBn-8Q, audit_chain_id=['hiwoePStRNaS_IL5OBn-8Q']) at 0x7f10259be980>, 'domain_id': None, 'trust_id': None, 'trustor_id': None, 'trustee_id': None, 'domain_name': None, 'group_ids': [], 'user_id': 'bd4024944d4b4f63a246b7968c155dc0', 'user_domain_id': 'default', 'system_scope': 'all', 'project_id': None, 'project_domain_id': None, 'roles': ['admin', 'manager', 'member', 'reader'], 'is_admin_project': True, 'service_user_id': None, 'service_user_domain_id': None, 'service_project_id': None, 'service_project_domain_id': None, 'service_roles': []} {{(pid=81479) fill_context /opt/stack/keystone/keystone/server/flask/request_processing/middleware/auth_context.py:509}}
Jan 29 08:23:43 ubuntu devstack@keystone.service[81479]: DEBUG keystone.server.flask.request_processing.req_logging [None req-0be52204-d729-4a0b-8794-80094fe1f520 None admin] REQUEST_METHOD: `POST` {{(pid=81479) log_request_info /opt/stack/keystone/keystone/server/flask/request_processing/req_logging.py:26}}
Jan 29 08:23:43 ubuntu devstack@keystone.service[81479]: DEBUG keystone.server.flask.request_processing.req_logging [None req-0be52204-d729-4a0b-8794-80094fe1f520 None admin] SCRIPT_NAME: `/identity` {{(pid=81479) log_request_info /opt/stack/keystone/keystone/server/flask/request_processing/req_logging.py:27}}
Jan 29 08:23:43 ubuntu devstack@keystone.service[81479]: DEBUG keystone.server.flask.request_processing.req_logging [None req-0be52204-d729-4a0b-8794-80094fe1f520 None admin] PATH_INFO: `/v3/roles` {{(pid=81479) log_request_info /opt/stack/keystone/keystone/server/flask/request_processing/req_logging.py:28}}
Jan 29 08:23:43 ubuntu devstack@keystone.service[81479]: DEBUG keystone.common.rbac_enforcer.enforcer [None req-0be52204-d729-4a0b-8794-80094fe1f520 None admin] RBAC: Authorizing `identity:create_role()` {{(pid=81479) enforce_call /opt/stack/keystone/keystone/common/rbac_enforcer/enforcer.py:494}}
Jan 29 08:23:43 ubuntu devstack@keystone.service[81479]: DEBUG keystone.common.rbac_enforcer.enforcer [None req-0be52204-d729-4a0b-8794-80094fe1f520 None admin] RBAC: Authorization granted {{(pid=81479) enforce_call /opt/stack/keystone/keystone/common/rbac_enforcer/enforcer.py:505}}
Jan 29 08:23:43 ubuntu devstack@keystone.service[81478]: DEBUG keystone.server.flask.request_processing.middleware.auth_context [None req-923759e3-5c20-43fb-8b4e-c2c160fa0718 None admin] RBAC: auth_context: {'token': <TokenModel (audit_id=RViG5vfeSqCM_Efo3kl1Qw, audit_chain_id=['RViG5vfeSqCM_Efo3kl1Qw']) at 0x7f1025cb2ce0>, 'domain_id': None, 'trust_id': None, 'trustor_id': None, 'trustee_id': None, 'domain_name': None, 'group_ids': [], 'user_id': 'bd4024944d4b4f63a246b7968c155dc0', 'user_domain_id': 'default', 'system_scope': 'all', 'project_id': None, 'project_domain_id': None, 'roles': ['admin', 'manager', 'member', 'reader'], 'is_admin_project': True, 'service_user_id': None, 'service_user_domain_id': None, 'service_project_id': None, 'service_project_domain_id': None, 'service_roles': []} {{(pid=81478) fill_context /opt/stack/keystone/keystone/server/flask/request_processing/middleware/auth_context.py:509}}
Jan 29 08:23:43 ubuntu devstack@keystone.service[81478]: DEBUG keystone.server.flask.request_processing.req_logging [None req-923759e3-5c20-43fb-8b4e-c2c160fa0718 None admin] REQUEST_METHOD: `GET` {{(pid=81478) log_request_info /opt/stack/keystone/keystone/server/flask/request_processing/req_logging.py:26}}
Jan 29 08:23:43 ubuntu devstack@keystone.service[81478]: DEBUG keystone.server.flask.request_processing.req_logging [None req-923759e3-5c20-43fb-8b4e-c2c160fa0718 None admin] SCRIPT_NAME: `/identity` {{(pid=81478) log_request_info /opt/stack/keystone/keystone/server/flask/request_processing/req_logging.py:27}}
Jan 29 08:23:43 ubuntu devstack@keystone.service[81478]: DEBUG keystone.server.flask.request_processing.req_logging [None req-923759e3-5c20-43fb-8b4e-c2c160fa0718 None admin] PATH_INFO: `/v3/domains` {{(pid=81478) log_request_info /opt/stack/keystone/keystone/server/flask/request_processing/req_logging.py:28}}
Jan 29 08:23:43 ubuntu devstack@keystone.service[81478]: DEBUG keystone.common.rbac_enforcer.enforcer [None req-923759e3-5c20-43fb-8b4e-c2c160fa0718 None admin] RBAC: Adding query filter params (name=Default) {{(pid=81478) _extract_filter_values /opt/stack/keystone/keystone/common/rbac_enforcer/enforcer.py:176}}
Jan 29 08:23:43 ubuntu devstack@keystone.service[81478]: DEBUG keystone.common.rbac_enforcer.enforcer [None req-923759e3-5c20-43fb-8b4e-c2c160fa0718 None admin] RBAC: Authorizing `identity:list_domains()` {{(pid=81478) enforce_call /opt/stack/keystone/keystone/common/rbac_enforcer/enforcer.py:494}}
Jan 29 08:23:43 ubuntu devstack@keystone.service[81478]: DEBUG keystone.common.rbac_enforcer.enforcer [None req-923759e3-5c20-43fb-8b4e-c2c160fa0718 None admin] RBAC: Authorization granted {{(pid=81478) enforce_call /opt/stack/keystone/keystone/common/rbac_enforcer/enforcer.py:505}}
Jan 29 08:23:43 ubuntu devstack@keystone.service[81479]: [pid: 81479|app: 0|req: 16/34] 10.201.5.82 () {60 vars in 1167 bytes} [Thu Jan 29 08:23:43 2026] POST /identity/v3/roles => generated 225 bytes in 74 msecs (HTTP/1.1 201) 5 headers in 182 bytes (1 switches on core 0)
Jan 29 08:23:43 ubuntu devstack@keystone.service[81479]: DEBUG keystone.server.flask.request_processing.middleware.auth_context [None req-0be52204-d729-4a0b-8794-80094fe1f520 None admin] Authenticating user token {{(pid=81479) process_request /opt/stack/data/venv/lib/python3.10/site-packages/keystonemiddleware/auth_token/__init__.py:407}}
Jan 29 08:23:43 ubuntu devstack@keystone.service[81478]: [pid: 81478|app: 0|req: 19/35] 10.201.5.82 () {56 vars in 1101 bytes} [Thu Jan 29 08:23:43 2026] GET /identity/v3/domains?name=Default => generated 308 bytes in 79 msecs (HTTP/1.1 200) 5 headers in 177 bytes (1 switches on core 0)
Jan 29 08:23:43 ubuntu devstack@keystone.service[81478]: DEBUG keystone.server.flask.request_processing.middleware.auth_context [None req-923759e3-5c20-43fb-8b4e-c2c160fa0718 None admin] Authenticating user token {{(pid=81478) process_request /opt/stack/data/venv/lib/python3.10/site-packages/keystonemiddleware/auth_token/__init__.py:407}}
Jan 29 08:23:43 ubuntu devstack@keystone.service[81479]: DEBUG keystone.server.flask.request_processing.middleware.auth_context [None req-0be52204-d729-4a0b-8794-80094fe1f520 None admin] Validating token access rules against request {{(pid=81479) validate_allowed_request /opt/stack/data/venv/lib/python3.10/site-packages/keystonemiddleware/auth_token/__init__.py:545}}
Jan 29 08:23:43 ubuntu devstack@keystone.service[81479]: DEBUG keystone.server.flask.request_processing.middleware.auth_context [None req-1af9ebc6-2c6c-45f4-b819-892d4ff1632c None admin] RBAC: auth_context: {'token': <TokenModel (audit_id=mBEhHZj_T1SH9FlQidqtvw, audit_chain_id=['mBEhHZj_T1SH9FlQidqtvw']) at 0x7f1026605360>, 'domain_id': None, 'trust_id': None, 'trustor_id': None, 'trustee_id': None, 'domain_name': None, 'group_ids': [], 'user_id': 'bd4024944d4b4f63a246b7968c155dc0', 'user_domain_id': 'default', 'system_scope': 'all', 'project_id': None, 'project_domain_id': None, 'roles': ['admin', 'manager', 'member', 'reader'], 'is_admin_project': True, 'service_user_id': None, 'service_user_domain_id': None, 'service_project_id': None, 'service_project_domain_id': None, 'service_roles': []} {{(pid=81479) fill_context /opt/stack/keystone/keystone/server/flask/request_processing/middleware/auth_context.py:509}}
Jan 29 08:23:43 ubuntu devstack@keystone.service[81479]: DEBUG keystone.server.flask.request_processing.req_logging [None req-1af9ebc6-2c6c-45f4-b819-892d4ff1632c None admin] REQUEST_METHOD: `GET` {{(pid=81479) log_request_info /opt/stack/keystone/keystone/server/flask/request_processing/req_logging.py:26}}
Jan 29 08:23:43 ubuntu devstack@keystone.service[81479]: DEBUG keystone.server.flask.request_processing.req_logging [None req-1af9ebc6-2c6c-45f4-b819-892d4ff1632c None admin] SCRIPT_NAME: `/identity` {{(pid=81479) log_request_info /opt/stack/keystone/keystone/server/flask/request_processing/req_logging.py:27}}
Jan 29 08:23:43 ubuntu devstack@keystone.service[81479]: DEBUG keystone.server.flask.request_processing.req_logging [None req-1af9ebc6-2c6c-45f4-b819-892d4ff1632c None admin] PATH_INFO: `/v3/domains/default` {{(pid=81479) log_request_info /opt/stack/keystone/keystone/server/flask/request_processing/req_logging.py:28}}
Jan 29 08:23:43 ubuntu devstack@keystone.service[81479]: DEBUG keystone.common.rbac_enforcer.enforcer [None req-1af9ebc6-2c6c-45f4-b819-892d4ff1632c None admin] RBAC: Authorizing `identity:get_domain(domain_id=default)` {{(pid=81479) enforce_call /opt/stack/keystone/keystone/common/rbac_enforcer/enforcer.py:494}}
Jan 29 08:23:43 ubuntu devstack@keystone.service[81479]: DEBUG keystone.common.rbac_enforcer.enforcer [None req-1af9ebc6-2c6c-45f4-b819-892d4ff1632c None admin] RBAC: Authorization granted {{(pid=81479) enforce_call /opt/stack/keystone/keystone/common/rbac_enforcer/enforcer.py:505}}
Jan 29 08:23:43 ubuntu devstack@keystone.service[81479]: [pid: 81479|app: 0|req: 17/36] 10.201.5.82 () {56 vars in 1144 bytes} [Thu Jan 29 08:23:43 2026] GET /identity/v3/domains/default => generated 199 bytes in 66 msecs (HTTP/1.1 200) 5 headers in 177 bytes (1 switches on core 0)
Jan 29 08:23:43 ubuntu devstack@keystone.service[81479]: DEBUG keystone.server.flask.request_processing.middleware.auth_context [None req-1af9ebc6-2c6c-45f4-b819-892d4ff1632c None admin] Authenticating user token {{(pid=81479) process_request /opt/stack/data/venv/lib/python3.10/site-packages/keystonemiddleware/auth_token/__init__.py:407}}
Jan 29 08:23:43 ubuntu devstack@keystone.service[81478]: DEBUG keystone.server.flask.request_processing.middleware.auth_context [None req-923759e3-5c20-43fb-8b4e-c2c160fa0718 None admin] Validating token access rules against request {{(pid=81478) validate_allowed_request /opt/stack/data/venv/lib/python3.10/site-packages/keystonemiddleware/auth_token/__init__.py:545}}
Jan 29 08:23:43 ubuntu devstack@keystone.service[81479]: DEBUG keystone.server.flask.request_processing.middleware.auth_context [None req-1af9ebc6-2c6c-45f4-b819-892d4ff1632c None admin] Validating token access rules against request {{(pid=81479) validate_allowed_request /opt/stack/data/venv/lib/python3.10/site-packages/keystonemiddleware/auth_token/__init__.py:545}}
Jan 29 08:23:43 ubuntu devstack@keystone.service[81479]: DEBUG keystone.server.flask.request_processing.middleware.auth_context [None req-83cc95ec-4bd8-4ad4-9e04-15e949c9a389 None admin] RBAC: auth_context: {'token': <TokenModel (audit_id=wPuSL5l0SjWXwjWNXbQJLg, audit_chain_id=['wPuSL5l0SjWXwjWNXbQJLg']) at 0x7f10266058a0>, 'domain_id': None, 'trust_id': None, 'trustor_id': None, 'trustee_id': None, 'domain_name': None, 'group_ids': [], 'user_id': 'bd4024944d4b4f63a246b7968c155dc0', 'user_domain_id': 'default', 'system_scope': 'all', 'project_id': None, 'project_domain_id': None, 'roles': ['admin', 'manager', 'member', 'reader'], 'is_admin_project': True, 'service_user_id': None, 'service_user_domain_id': None, 'service_project_id': None, 'service_project_domain_id': None, 'service_roles': []} {{(pid=81479) fill_context /opt/stack/keystone/keystone/server/flask/request_processing/middleware/auth_context.py:509}}
Jan 29 08:23:43 ubuntu devstack@keystone.service[81479]: DEBUG keystone.server.flask.request_processing.req_logging [None req-83cc95ec-4bd8-4ad4-9e04-15e949c9a389 None admin] REQUEST_METHOD: `POST` {{(pid=81479) log_request_info /opt/stack/keystone/keystone/server/flask/request_processing/req_logging.py:26}}
Jan 29 08:23:43 ubuntu devstack@keystone.service[81479]: DEBUG keystone.server.flask.request_processing.req_logging [None req-83cc95ec-4bd8-4ad4-9e04-15e949c9a389 None admin] SCRIPT_NAME: `/identity` {{(pid=81479) log_request_info /opt/stack/keystone/keystone/server/flask/request_processing/req_logging.py:27}}
Jan 29 08:23:43 ubuntu devstack@keystone.service[81479]: DEBUG keystone.server.flask.request_processing.req_logging [None req-83cc95ec-4bd8-4ad4-9e04-15e949c9a389 None admin] PATH_INFO: `/v3/roles` {{(pid=81479) log_request_info /opt/stack/keystone/keystone/server/flask/request_processing/req_logging.py:28}}
Jan 29 08:23:43 ubuntu devstack@keystone.service[81479]: DEBUG keystone.common.rbac_enforcer.enforcer [None req-83cc95ec-4bd8-4ad4-9e04-15e949c9a389 None admin] RBAC: Authorizing `identity:create_role()` {{(pid=81479) enforce_call /opt/stack/keystone/keystone/common/rbac_enforcer/enforcer.py:494}}
Jan 29 08:23:43 ubuntu devstack@keystone.service[81479]: DEBUG keystone.common.rbac_enforcer.enforcer [None req-83cc95ec-4bd8-4ad4-9e04-15e949c9a389 None admin] RBAC: Authorization granted {{(pid=81479) enforce_call /opt/stack/keystone/keystone/common/rbac_enforcer/enforcer.py:505}}
Jan 29 08:23:43 ubuntu devstack@keystone.service[81479]: DEBUG keystone.common.sql.core [None req-83cc95ec-4bd8-4ad4-9e04-15e949c9a389 None admin] Conflict role: (pymysql.err.IntegrityError) (1062, "Duplicate entry 'service-<<null>>' for key 'role.ixu_role_name_domain_id'")
Jan 29 08:23:43 ubuntu devstack@keystone.service[81479]: [SQL: INSERT INTO `role` (id, name, description, extra) VALUES (%(id)s, %(name)s, %(description)s, %(extra)s)]
Jan 29 08:23:43 ubuntu devstack@keystone.service[81479]: [parameters: {'id': '53683f1994a94086ac53aece132c8c12', 'name': 'service', 'description': None, 'extra': '{}'}]
Jan 29 08:23:43 ubuntu devstack@keystone.service[81479]: (Background on this error at: https://sqlalche.me/e/20/gkpj) {{(pid=81479) wrapper /opt/stack/keystone/keystone/common/sql/core.py:580}}
Jan 29 08:23:43 ubuntu devstack@keystone.service[81478]: DEBUG keystone.server.flask.request_processing.middleware.auth_context [None req-ec6c0cf4-9099-4491-bc02-773cae496107 None admin] RBAC: auth_context: {'token': <TokenModel (audit_id=RViG5vfeSqCM_Efo3kl1Qw, audit_chain_id=['RViG5vfeSqCM_Efo3kl1Qw']) at 0x7f10268d3fd0>, 'domain_id': None, 'trust_id': None, 'trustor_id': None, 'trustee_id': None, 'domain_name': None, 'group_ids': [], 'user_id': 'bd4024944d4b4f63a246b7968c155dc0', 'user_domain_id': 'default', 'system_scope': 'all', 'project_id': None, 'project_domain_id': None, 'roles': ['admin', 'manager', 'member', 'reader'], 'is_admin_project': True, 'service_user_id': None, 'service_user_domain_id': None, 'service_project_id': None, 'service_project_domain_id': None, 'service_roles': []} {{(pid=81478) fill_context /opt/stack/keystone/keystone/server/flask/request_processing/middleware/auth_context.py:509}}
Jan 29 08:23:43 ubuntu devstack@keystone.service[81478]: DEBUG keystone.server.flask.request_processing.req_logging [None req-ec6c0cf4-9099-4491-bc02-773cae496107 None admin] REQUEST_METHOD: `POST` {{(pid=81478) log_request_info /opt/stack/keystone/keystone/server/flask/request_processing/req_logging.py:26}}
Jan 29 08:23:43 ubuntu devstack@keystone.service[81478]: DEBUG keystone.server.flask.request_processing.req_logging [None req-ec6c0cf4-9099-4491-bc02-773cae496107 None admin] SCRIPT_NAME: `/identity` {{(pid=81478) log_request_info /opt/stack/keystone/keystone/server/flask/request_processing/req_logging.py:27}}
Jan 29 08:23:43 ubuntu devstack@keystone.service[81478]: DEBUG keystone.server.flask.request_processing.req_logging [None req-ec6c0cf4-9099-4491-bc02-773cae496107 None admin] PATH_INFO: `/v3/projects` {{(pid=81478) log_request_info /opt/stack/keystone/keystone/server/flask/request_processing/req_logging.py:28}}
Jan 29 08:23:43 ubuntu devstack@keystone.service[81479]: ERROR keystone.server.flask.application [None req-83cc95ec-4bd8-4ad4-9e04-15e949c9a389 None admin] Conflict occurred attempting to store role - Duplicate entry found with name service.: keystone.exception.Conflict: Conflict occurred attempting to store role - Duplicate entry found with name service.
Jan 29 08:23:43 ubuntu devstack@keystone.service[81479]: ERROR keystone.server.flask.application Traceback (most recent call last):
Jan 29 08:23:43 ubuntu devstack@keystone.service[81479]: ERROR keystone.server.flask.application   File "/opt/stack/data/venv/lib/python3.10/site-packages/sqlalchemy/engine/base.py", line 1967, in _exec_single_context
Jan 29 08:23:43 ubuntu devstack@keystone.service[81479]: ERROR keystone.server.flask.application     self.dialect.do_execute(
Jan 29 08:23:43 ubuntu devstack@keystone.service[81479]: ERROR keystone.server.flask.application   File "/opt/stack/data/venv/lib/python3.10/site-packages/sqlalchemy/engine/default.py", line 951, in do_execute
Jan 29 08:23:43 ubuntu devstack@keystone.service[81479]: ERROR keystone.server.flask.application     cursor.execute(statement, parameters)
Jan 29 08:23:43 ubuntu devstack@keystone.service[81479]: ERROR keystone.server.flask.application   File "/opt/stack/data/venv/lib/python3.10/site-packages/pymysql/cursors.py", line 153, in execute
Jan 29 08:23:43 ubuntu devstack@keystone.service[81479]: ERROR keystone.server.flask.application     result = self._query(query)
Jan 29 08:23:43 ubuntu devstack@keystone.service[81479]: ERROR keystone.server.flask.application   File "/opt/stack/data/venv/lib/python3.10/site-packages/pymysql/cursors.py", line 322, in _query
Jan 29 08:23:43 ubuntu devstack@keystone.service[81479]: ERROR keystone.server.flask.application     conn.query(q)
Jan 29 08:23:43 ubuntu devstack@keystone.service[81479]: ERROR keystone.server.flask.application   File "/opt/stack/data/venv/lib/python3.10/site-packages/pymysql/connections.py", line 575, in query
Jan 29 08:23:43 ubuntu devstack@keystone.service[81479]: ERROR keystone.server.flask.application     self._affected_rows = self._read_query_result(unbuffered=unbuffered)
Jan 29 08:23:43 ubuntu devstack@keystone.service[81479]: ERROR keystone.server.flask.application   File "/opt/stack/data/venv/lib/python3.10/site-packages/pymysql/connections.py", line 826, in _read_query_result
Jan 29 08:23:43 ubuntu devstack@keystone.service[81479]: ERROR keystone.server.flask.application     result.read()
Jan 29 08:23:43 ubuntu devstack@keystone.service[81479]: ERROR keystone.server.flask.application   File "/opt/stack/data/venv/lib/python3.10/site-packages/pymysql/connections.py", line 1203, in read
Jan 29 08:23:43 ubuntu devstack@keystone.service[81479]: ERROR keystone.server.flask.application     first_packet = self.connection._read_packet()
Jan 29 08:23:43 ubuntu devstack@keystone.service[81479]: ERROR keystone.server.flask.application   File "/opt/stack/data/venv/lib/python3.10/site-packages/pymysql/connections.py", line 782, in _read_packet
Jan 29 08:23:43 ubuntu devstack@keystone.service[81479]: ERROR keystone.server.flask.application     packet.raise_for_error()
Jan 29 08:23:43 ubuntu devstack@keystone.service[81479]: ERROR keystone.server.flask.application   File "/opt/stack/data/venv/lib/python3.10/site-packages/pymysql/protocol.py", line 219, in raise_for_error
Jan 29 08:23:43 ubuntu devstack@keystone.service[81479]: ERROR keystone.server.flask.application     err.raise_mysql_exception(self._data)
Jan 29 08:23:43 ubuntu devstack@keystone.service[81479]: ERROR keystone.server.flask.application   File "/opt/stack/data/venv/lib/python3.10/site-packages/pymysql/err.py", line 150, in raise_mysql_exception
Jan 29 08:23:43 ubuntu devstack@keystone.service[81479]: ERROR keystone.server.flask.application     raise errorclass(errno, errval)
Jan 29 08:23:43 ubuntu devstack@keystone.service[81479]: ERROR keystone.server.flask.application pymysql.err.IntegrityError: (1062, "Duplicate entry 'service-<<null>>' for key 'role.ixu_role_name_domain_id'")
Jan 29 08:23:43 ubuntu devstack@keystone.service[81479]: ERROR keystone.server.flask.application 
Jan 29 08:23:43 ubuntu devstack@keystone.service[81479]: ERROR keystone.server.flask.application The above exception was the direct cause of the following exception:
Jan 29 08:23:43 ubuntu devstack@keystone.service[81479]: ERROR keystone.server.flask.application 
Jan 29 08:23:43 ubuntu devstack@keystone.service[81479]: ERROR keystone.server.flask.application Traceback (most recent call last):
Jan 29 08:23:43 ubuntu devstack@keystone.service[81479]: ERROR keystone.server.flask.application   File "/opt/stack/keystone/keystone/common/sql/core.py", line 575, in wrapper
Jan 29 08:23:43 ubuntu devstack@keystone.service[81479]: ERROR keystone.server.flask.application     return method(*args, **kwargs)
Jan 29 08:23:43 ubuntu devstack@keystone.service[81479]: ERROR keystone.server.flask.application   File "/opt/stack/keystone/keystone/assignment/role_backends/sql.py", line 25, in create_role
Jan 29 08:23:43 ubuntu devstack@keystone.service[81479]: ERROR keystone.server.flask.application     with sql.session_for_write() as session:
Jan 29 08:23:43 ubuntu devstack@keystone.service[81479]: ERROR keystone.server.flask.application   File "/usr/lib/python3.10/contextlib.py", line 142, in __exit__
Jan 29 08:23:43 ubuntu devstack@keystone.service[81479]: ERROR keystone.server.flask.application     next(self.gen)
Jan 29 08:23:43 ubuntu devstack@keystone.service[81479]: ERROR keystone.server.flask.application   File "/opt/stack/data/venv/lib/python3.10/site-packages/oslo_db/sqlalchemy/enginefacade.py", line 1175, in _transaction_scope
Jan 29 08:23:43 ubuntu devstack@keystone.service[81479]: ERROR keystone.server.flask.application     with current._produce_block(
Jan 29 08:23:43 ubuntu devstack@keystone.service[81479]: ERROR keystone.server.flask.application   File "/usr/lib/python3.10/contextlib.py", line 142, in __exit__
Jan 29 08:23:43 ubuntu devstack@keystone.service[81479]: ERROR keystone.server.flask.application     next(self.gen)
Jan 29 08:23:43 ubuntu devstack@keystone.service[81479]: ERROR keystone.server.flask.application   File "/opt/stack/data/venv/lib/python3.10/site-packages/oslo_db/sqlalchemy/enginefacade.py", line 837, in _session
Jan 29 08:23:43 ubuntu devstack@keystone.service[81479]: ERROR keystone.server.flask.application     with excutils.save_and_reraise_exception():
Jan 29 08:23:43 ubuntu devstack@keystone.service[81479]: ERROR keystone.server.flask.application   File "/opt/stack/data/venv/lib/python3.10/site-packages/oslo_utils/excutils.py", line 256, in __exit__
Jan 29 08:23:43 ubuntu devstack@keystone.service[81479]: ERROR keystone.server.flask.application     self.force_reraise()
Jan 29 08:23:43 ubuntu devstack@keystone.service[81479]: ERROR keystone.server.flask.application   File "/opt/stack/data/venv/lib/python3.10/site-packages/oslo_utils/excutils.py", line 222, in force_reraise
Jan 29 08:23:43 ubuntu devstack@keystone.service[81479]: ERROR keystone.server.flask.application     raise self.value
Jan 29 08:23:43 ubuntu devstack@keystone.service[81479]: ERROR keystone.server.flask.application   File "/opt/stack/data/venv/lib/python3.10/site-packages/oslo_db/sqlalchemy/enginefacade.py", line 835, in _session
Jan 29 08:23:43 ubuntu devstack@keystone.service[81479]: ERROR keystone.server.flask.application     self._end_session_transaction(self.session)
Jan 29 08:23:43 ubuntu devstack@keystone.service[81479]: ERROR keystone.server.flask.application   File "/opt/stack/data/venv/lib/python3.10/site-packages/oslo_db/sqlalchemy/enginefacade.py", line 748, in _end_session_transaction
Jan 29 08:23:43 ubuntu devstack@keystone.service[81479]: ERROR keystone.server.flask.application     session.commit()
Jan 29 08:23:43 ubuntu devstack@keystone.service[81479]: ERROR keystone.server.flask.application   File "/opt/stack/data/venv/lib/python3.10/site-packages/sqlalchemy/orm/session.py", line 2030, in commit
Jan 29 08:23:43 ubuntu devstack@keystone.service[81479]: ERROR keystone.server.flask.application     trans.commit(_to_root=True)
Jan 29 08:23:43 ubuntu devstack@keystone.service[81479]: ERROR keystone.server.flask.application   File "<string>", line 2, in commit
Jan 29 08:23:43 ubuntu devstack@keystone.service[81479]: ERROR keystone.server.flask.application   File "/opt/stack/data/venv/lib/python3.10/site-packages/sqlalchemy/orm/state_changes.py", line 137, in _go
Jan 29 08:23:43 ubuntu devstack@keystone.service[81479]: ERROR keystone.server.flask.application     ret_value = fn(self, *arg, **kw)
Jan 29 08:23:43 ubuntu devstack@keystone.service[81479]: ERROR keystone.server.flask.application   File "/opt/stack/data/venv/lib/python3.10/site-packages/sqlalchemy/orm/session.py", line 1311, in commit
