Feb 17 18:15:14 ubuntu devstack@keystone.service[81853]: DEBUG keystone.server.flask.request_processing.req_logging [None req-c5047848-8265-4800-929b-2928e3236c12 None None] REQUEST_METHOD: `GET` {{(pid=81853) log_request_info /opt/stack/keystone/keystone/server/flask/request_processing/req_logging.py:26}}
Feb 17 18:15:14 ubuntu devstack@keystone.service[81853]: DEBUG keystone.server.flask.request_processing.req_logging [None req-c5047848-8265-4800-929b-2928e3236c12 None None] SCRIPT_NAME: `/identity` {{(pid=81853) log_request_info /opt/stack/keystone/keystone/server/flask/request_processing/req_logging.py:27}}
Feb 17 18:15:14 ubuntu devstack@keystone.service[81853]: DEBUG keystone.server.flask.request_processing.req_logging [None req-c5047848-8265-4800-929b-2928e3236c12 None None] PATH_INFO: `/` {{(pid=81853) log_request_info /opt/stack/keystone/keystone/server/flask/request_processing/req_logging.py:28}}
Feb 17 18:15:14 ubuntu devstack@keystone.service[81853]: [pid: 81853|app: 0|req: 12/24] 10.201.5.82 () {54 vars in 919 bytes} [Tue Feb 17 18:15:14 2026] GET /identity => generated 270 bytes in 2 msecs (HTTP/1.1 300) 6 headers in 234 bytes (1 switches on core 0)
Feb 17 18:15:14 ubuntu devstack@keystone.service[81854]: DEBUG keystone.server.flask.request_processing.req_logging [None req-00df0953-176f-472f-bec6-e05504cee4d4 None None] REQUEST_METHOD: `POST` {{(pid=81854) log_request_info /opt/stack/keystone/keystone/server/flask/request_processing/req_logging.py:26}}
Feb 17 18:15:14 ubuntu devstack@keystone.service[81854]: DEBUG keystone.server.flask.request_processing.req_logging [None req-00df0953-176f-472f-bec6-e05504cee4d4 None None] SCRIPT_NAME: `/identity` {{(pid=81854) log_request_info /opt/stack/keystone/keystone/server/flask/request_processing/req_logging.py:27}}
Feb 17 18:15:14 ubuntu devstack@keystone.service[81854]: DEBUG keystone.server.flask.request_processing.req_logging [None req-00df0953-176f-472f-bec6-e05504cee4d4 None None] PATH_INFO: `/v3/auth/tokens` {{(pid=81854) log_request_info /opt/stack/keystone/keystone/server/flask/request_processing/req_logging.py:28}}
Feb 17 18:15:14 ubuntu devstack@keystone.service[81854]: WARNING keystone.common.password_hashing [None req-00df0953-176f-472f-bec6-e05504cee4d4 None None] Truncating password to algorithm specific maximum length 72 characters.
Feb 17 18:15:14 ubuntu devstack@keystone.service[81854]: DEBUG keystone.auth.core [None req-00df0953-176f-472f-bec6-e05504cee4d4 None None] MFA Rules not processed for user `1f11a7d77a0447e8b2fa505a14709b11`. Rule list: `[]` (Enabled: `True`). {{(pid=81854) check_auth_methods_against_rules /opt/stack/keystone/keystone/auth/core.py:476}}
Feb 17 18:15:14 ubuntu devstack@keystone.service[81854]: DEBUG keystone.common.fernet_utils [None req-00df0953-176f-472f-bec6-e05504cee4d4 None None] Loaded 2 Fernet keys from /etc/keystone/fernet-keys/, but `[fernet_tokens] max_active_keys = 3`; perhaps there have not been enough key rotations to reach `max_active_keys` yet? {{(pid=81854) load_keys /opt/stack/keystone/keystone/common/fernet_utils.py:297}}
Feb 17 18:15:14 ubuntu devstack@keystone.service[81853]: DEBUG keystone.server.flask.request_processing.middleware.auth_context [None req-c5047848-8265-4800-929b-2928e3236c12 None None] Authenticating user token {{(pid=81853) process_request /opt/stack/data/venv/lib/python3.10/site-packages/keystonemiddleware/auth_token/__init__.py:407}}
Feb 17 18:15:14 ubuntu devstack@keystone.service[81854]: [pid: 81854|app: 0|req: 13/25] 10.201.5.82 () {58 vars in 1016 bytes} [Tue Feb 17 18:15:14 2026] POST /identity/v3/auth/tokens => generated 862 bytes in 58 msecs (HTTP/1.1 201) 6 headers in 363 bytes (1 switches on core 0)
Feb 17 18:15:14 ubuntu devstack@keystone.service[81853]: DEBUG keystone.server.flask.request_processing.middleware.auth_context [None req-c5047848-8265-4800-929b-2928e3236c12 None None] Validating token access rules against request {{(pid=81853) validate_allowed_request /opt/stack/data/venv/lib/python3.10/site-packages/keystonemiddleware/auth_token/__init__.py:545}}
Feb 17 18:15:14 ubuntu devstack@keystone.service[81853]: DEBUG keystone.server.flask.request_processing.middleware.auth_context [None req-e957f033-7dad-46b8-aba3-a8cef1f265b6 None admin] RBAC: auth_context: {'token': <TokenModel (audit_id=CkPzyNuwQuKteueLfxyOIQ, audit_chain_id=['CkPzyNuwQuKteueLfxyOIQ']) at 0x7fa6b237caf0>, 'domain_id': None, 'trust_id': None, 'trustor_id': None, 'trustee_id': None, 'domain_name': None, 'group_ids': [], 'user_id': '1f11a7d77a0447e8b2fa505a14709b11', 'user_domain_id': 'default', 'system_scope': 'all', 'project_id': None, 'project_domain_id': None, 'roles': ['admin', 'manager', 'member', 'reader'], 'is_admin_project': True, 'service_user_id': None, 'service_user_domain_id': None, 'service_project_id': None, 'service_project_domain_id': None, 'service_roles': []} {{(pid=81853) fill_context /opt/stack/keystone/keystone/server/flask/request_processing/middleware/auth_context.py:509}}
Feb 17 18:15:14 ubuntu devstack@keystone.service[81853]: DEBUG keystone.server.flask.request_processing.req_logging [None req-e957f033-7dad-46b8-aba3-a8cef1f265b6 None admin] REQUEST_METHOD: `GET` {{(pid=81853) log_request_info /opt/stack/keystone/keystone/server/flask/request_processing/req_logging.py:26}}
Feb 17 18:15:14 ubuntu devstack@keystone.service[81853]: DEBUG keystone.server.flask.request_processing.req_logging [None req-e957f033-7dad-46b8-aba3-a8cef1f265b6 None admin] SCRIPT_NAME: `/identity` {{(pid=81853) log_request_info /opt/stack/keystone/keystone/server/flask/request_processing/req_logging.py:27}}
Feb 17 18:15:14 ubuntu devstack@keystone.service[81853]: DEBUG keystone.server.flask.request_processing.req_logging [None req-e957f033-7dad-46b8-aba3-a8cef1f265b6 None admin] PATH_INFO: `/v3/domains/Default` {{(pid=81853) log_request_info /opt/stack/keystone/keystone/server/flask/request_processing/req_logging.py:28}}
Feb 17 18:15:14 ubuntu devstack@keystone.service[81853]: DEBUG keystone.common.rbac_enforcer.enforcer [None req-e957f033-7dad-46b8-aba3-a8cef1f265b6 None admin] RBAC: Authorizing `identity:get_domain(domain_id=Default)` {{(pid=81853) enforce_call /opt/stack/keystone/keystone/common/rbac_enforcer/enforcer.py:494}}
Feb 17 18:15:14 ubuntu devstack@keystone.service[81853]: DEBUG keystone.common.rbac_enforcer.enforcer [None req-e957f033-7dad-46b8-aba3-a8cef1f265b6 None admin] RBAC: Authorization granted {{(pid=81853) enforce_call /opt/stack/keystone/keystone/common/rbac_enforcer/enforcer.py:505}}
Feb 17 18:15:14 ubuntu devstack@keystone.service[81853]: DEBUG keystone.server.flask.application [None req-e957f033-7dad-46b8-aba3-a8cef1f265b6 None admin] Could not find domain: Default. {{(pid=81853) _handle_keystone_exception /opt/stack/keystone/keystone/server/flask/application.py:146}}
Feb 17 18:15:14 ubuntu devstack@keystone.service[81853]: [pid: 81853|app: 0|req: 13/26] 10.201.5.82 () {56 vars in 1100 bytes} [Tue Feb 17 18:15:14 2026] GET /identity/v3/domains/Default => generated 87 bytes in 97 msecs (HTTP/1.1 404) 5 headers in 183 bytes (1 switches on core 0)
Feb 17 18:15:14 ubuntu devstack@keystone.service[81854]: DEBUG keystone.server.flask.request_processing.middleware.auth_context [None req-00df0953-176f-472f-bec6-e05504cee4d4 None None] Authenticating user token {{(pid=81854) process_request /opt/stack/data/venv/lib/python3.10/site-packages/keystonemiddleware/auth_token/__init__.py:407}}
Feb 17 18:15:14 ubuntu devstack@keystone.service[81853]: DEBUG keystone.server.flask.request_processing.middleware.auth_context [None req-e957f033-7dad-46b8-aba3-a8cef1f265b6 None admin] Authenticating user token {{(pid=81853) process_request /opt/stack/data/venv/lib/python3.10/site-packages/keystonemiddleware/auth_token/__init__.py:407}}
Feb 17 18:15:14 ubuntu devstack@keystone.service[81853]: DEBUG keystone.server.flask.request_processing.middleware.auth_context [None req-e957f033-7dad-46b8-aba3-a8cef1f265b6 None admin] Validating token access rules against request {{(pid=81853) validate_allowed_request /opt/stack/data/venv/lib/python3.10/site-packages/keystonemiddleware/auth_token/__init__.py:545}}
Feb 17 18:15:14 ubuntu devstack@keystone.service[81854]: DEBUG keystone.server.flask.request_processing.middleware.auth_context [None req-00df0953-176f-472f-bec6-e05504cee4d4 None None] Validating token access rules against request {{(pid=81854) validate_allowed_request /opt/stack/data/venv/lib/python3.10/site-packages/keystonemiddleware/auth_token/__init__.py:545}}
Feb 17 18:15:14 ubuntu devstack@keystone.service[81853]: DEBUG keystone.server.flask.request_processing.middleware.auth_context [None req-aec44b41-cd27-457f-916f-b2297ad4a450 None admin] RBAC: auth_context: {'token': <TokenModel (audit_id=CkPzyNuwQuKteueLfxyOIQ, audit_chain_id=['CkPzyNuwQuKteueLfxyOIQ']) at 0x7fa6b237c2e0>, 'domain_id': None, 'trust_id': None, 'trustor_id': None, 'trustee_id': None, 'domain_name': None, 'group_ids': [], 'user_id': '1f11a7d77a0447e8b2fa505a14709b11', 'user_domain_id': 'default', 'system_scope': 'all', 'project_id': None, 'project_domain_id': None, 'roles': ['admin', 'manager', 'member', 'reader'], 'is_admin_project': True, 'service_user_id': None, 'service_user_domain_id': None, 'service_project_id': None, 'service_project_domain_id': None, 'service_roles': []} {{(pid=81853) fill_context /opt/stack/keystone/keystone/server/flask/request_processing/middleware/auth_context.py:509}}
Feb 17 18:15:14 ubuntu devstack@keystone.service[81853]: DEBUG keystone.server.flask.request_processing.req_logging [None req-aec44b41-cd27-457f-916f-b2297ad4a450 None admin] REQUEST_METHOD: `GET` {{(pid=81853) log_request_info /opt/stack/keystone/keystone/server/flask/request_processing/req_logging.py:26}}
Feb 17 18:15:14 ubuntu devstack@keystone.service[81853]: DEBUG keystone.server.flask.request_processing.req_logging [None req-aec44b41-cd27-457f-916f-b2297ad4a450 None admin] SCRIPT_NAME: `/identity` {{(pid=81853) log_request_info /opt/stack/keystone/keystone/server/flask/request_processing/req_logging.py:27}}
Feb 17 18:15:14 ubuntu devstack@keystone.service[81853]: DEBUG keystone.server.flask.request_processing.req_logging [None req-aec44b41-cd27-457f-916f-b2297ad4a450 None admin] PATH_INFO: `/v3/domains` {{(pid=81853) log_request_info /opt/stack/keystone/keystone/server/flask/request_processing/req_logging.py:28}}
Feb 17 18:15:14 ubuntu devstack@keystone.service[81853]: DEBUG keystone.common.rbac_enforcer.enforcer [None req-aec44b41-cd27-457f-916f-b2297ad4a450 None admin] RBAC: Adding query filter params (name=Default) {{(pid=81853) _extract_filter_values /opt/stack/keystone/keystone/common/rbac_enforcer/enforcer.py:176}}
Feb 17 18:15:14 ubuntu devstack@keystone.service[81854]: DEBUG keystone.server.flask.request_processing.middleware.auth_context [None req-cd9b647b-5b59-4ae9-a5fc-af30eca30677 None admin] RBAC: auth_context: {'token': <TokenModel (audit_id=sf23-ZOvQGG-_1_SIruKcA, audit_chain_id=['sf23-ZOvQGG-_1_SIruKcA']) at 0x7fa6b257c820>, 'domain_id': None, 'trust_id': None, 'trustor_id': None, 'trustee_id': None, 'domain_name': None, 'group_ids': [], 'user_id': '1f11a7d77a0447e8b2fa505a14709b11', 'user_domain_id': 'default', 'system_scope': 'all', 'project_id': None, 'project_domain_id': None, 'roles': ['admin', 'manager', 'member', 'reader'], 'is_admin_project': True, 'service_user_id': None, 'service_user_domain_id': None, 'service_project_id': None, 'service_project_domain_id': None, 'service_roles': []} {{(pid=81854) fill_context /opt/stack/keystone/keystone/server/flask/request_processing/middleware/auth_context.py:509}}
Feb 17 18:15:14 ubuntu devstack@keystone.service[81854]: DEBUG keystone.server.flask.request_processing.req_logging [None req-cd9b647b-5b59-4ae9-a5fc-af30eca30677 None admin] REQUEST_METHOD: `GET` {{(pid=81854) log_request_info /opt/stack/keystone/keystone/server/flask/request_processing/req_logging.py:26}}
Feb 17 18:15:14 ubuntu devstack@keystone.service[81854]: DEBUG keystone.server.flask.request_processing.req_logging [None req-cd9b647b-5b59-4ae9-a5fc-af30eca30677 None admin] SCRIPT_NAME: `/identity` {{(pid=81854) log_request_info /opt/stack/keystone/keystone/server/flask/request_processing/req_logging.py:27}}
Feb 17 18:15:14 ubuntu devstack@keystone.service[81854]: DEBUG keystone.server.flask.request_processing.req_logging [None req-cd9b647b-5b59-4ae9-a5fc-af30eca30677 None admin] PATH_INFO: `/v3/roles/admin` {{(pid=81854) log_request_info /opt/stack/keystone/keystone/server/flask/request_processing/req_logging.py:28}}
Feb 17 18:15:14 ubuntu devstack@keystone.service[81853]: DEBUG keystone.common.rbac_enforcer.enforcer [None req-aec44b41-cd27-457f-916f-b2297ad4a450 None admin] RBAC: Authorizing `identity:list_domains()` {{(pid=81853) enforce_call /opt/stack/keystone/keystone/common/rbac_enforcer/enforcer.py:494}}
Feb 17 18:15:14 ubuntu devstack@keystone.service[81853]: DEBUG keystone.common.rbac_enforcer.enforcer [None req-aec44b41-cd27-457f-916f-b2297ad4a450 None admin] RBAC: Authorization granted {{(pid=81853) enforce_call /opt/stack/keystone/keystone/common/rbac_enforcer/enforcer.py:505}}
Feb 17 18:15:14 ubuntu devstack@keystone.service[81854]: DEBUG keystone.common.rbac_enforcer.enforcer [None req-cd9b647b-5b59-4ae9-a5fc-af30eca30677 None admin] Extracting inferred target data resulted in "NOT FOUND (404)". {{(pid=81854) enforce_call /opt/stack/keystone/keystone/common/rbac_enforcer/enforcer.py:445}}
Feb 17 18:15:14 ubuntu devstack@keystone.service[81854]: DEBUG keystone.server.flask.application [None req-cd9b647b-5b59-4ae9-a5fc-af30eca30677 None admin] Could not find role: admin. {{(pid=81854) _handle_keystone_exception /opt/stack/keystone/keystone/server/flask/application.py:146}}
Feb 17 18:15:14 ubuntu devstack@keystone.service[81853]: [pid: 81853|app: 0|req: 14/27] 10.201.5.82 () {56 vars in 1101 bytes} [Tue Feb 17 18:15:14 2026] GET /identity/v3/domains?name=Default => generated 308 bytes in 108 msecs (HTTP/1.1 200) 5 headers in 177 bytes (1 switches on core 0)
Feb 17 18:15:14 ubuntu devstack@keystone.service[81854]: [pid: 81854|app: 0|req: 14/28] 10.201.5.82 () {56 vars in 1132 bytes} [Tue Feb 17 18:15:14 2026] GET /identity/v3/roles/admin => generated 83 bytes in 111 msecs (HTTP/1.1 404) 5 headers in 183 bytes (1 switches on core 0)
Feb 17 18:15:14 ubuntu devstack@keystone.service[81853]: DEBUG keystone.server.flask.request_processing.req_logging [None req-3f6774a9-e6da-451e-bcf5-154edd54bb40 None None] REQUEST_METHOD: `GET` {{(pid=81853) log_request_info /opt/stack/keystone/keystone/server/flask/request_processing/req_logging.py:26}}
Feb 17 18:15:14 ubuntu devstack@keystone.service[81854]: DEBUG keystone.server.flask.request_processing.middleware.auth_context [None req-cd9b647b-5b59-4ae9-a5fc-af30eca30677 None admin] Authenticating user token {{(pid=81854) process_request /opt/stack/data/venv/lib/python3.10/site-packages/keystonemiddleware/auth_token/__init__.py:407}}
Feb 17 18:15:14 ubuntu devstack@keystone.service[81853]: DEBUG keystone.server.flask.request_processing.req_logging [None req-3f6774a9-e6da-451e-bcf5-154edd54bb40 None None] SCRIPT_NAME: `/identity` {{(pid=81853) log_request_info /opt/stack/keystone/keystone/server/flask/request_processing/req_logging.py:27}}
Feb 17 18:15:14 ubuntu devstack@keystone.service[81853]: DEBUG keystone.server.flask.request_processing.req_logging [None req-3f6774a9-e6da-451e-bcf5-154edd54bb40 None None] PATH_INFO: `/` {{(pid=81853) log_request_info /opt/stack/keystone/keystone/server/flask/request_processing/req_logging.py:28}}
Feb 17 18:15:14 ubuntu devstack@keystone.service[81853]: [pid: 81853|app: 0|req: 15/29] 10.201.5.82 () {54 vars in 919 bytes} [Tue Feb 17 18:15:14 2026] GET /identity => generated 270 bytes in 5 msecs (HTTP/1.1 300) 6 headers in 234 bytes (1 switches on core 0)
Feb 17 18:15:14 ubuntu devstack@keystone.service[81853]: DEBUG keystone.server.flask.request_processing.middleware.auth_context [None req-3f6774a9-e6da-451e-bcf5-154edd54bb40 None None] Authenticating user token {{(pid=81853) process_request /opt/stack/data/venv/lib/python3.10/site-packages/keystonemiddleware/auth_token/__init__.py:407}}
Feb 17 18:15:14 ubuntu devstack@keystone.service[81854]: DEBUG keystone.server.flask.request_processing.middleware.auth_context [None req-cd9b647b-5b59-4ae9-a5fc-af30eca30677 None admin] Validating token access rules against request {{(pid=81854) validate_allowed_request /opt/stack/data/venv/lib/python3.10/site-packages/keystonemiddleware/auth_token/__init__.py:545}}
Feb 17 18:15:14 ubuntu devstack@keystone.service[81853]: DEBUG keystone.server.flask.request_processing.middleware.auth_context [None req-3f6774a9-e6da-451e-bcf5-154edd54bb40 None None] Validating token access rules against request {{(pid=81853) validate_allowed_request /opt/stack/data/venv/lib/python3.10/site-packages/keystonemiddleware/auth_token/__init__.py:545}}
Feb 17 18:15:14 ubuntu devstack@keystone.service[81854]: DEBUG keystone.server.flask.request_processing.middleware.auth_context [None req-1d82c175-9b7a-4671-9053-e7da581196c4 None admin] RBAC: auth_context: {'token': <TokenModel (audit_id=CkPzyNuwQuKteueLfxyOIQ, audit_chain_id=['CkPzyNuwQuKteueLfxyOIQ']) at 0x7fa6b24a7970>, 'domain_id': None, 'trust_id': None, 'trustor_id': None, 'trustee_id': None, 'domain_name': None, 'group_ids': [], 'user_id': '1f11a7d77a0447e8b2fa505a14709b11', 'user_domain_id': 'default', 'system_scope': 'all', 'project_id': None, 'project_domain_id': None, 'roles': ['admin', 'manager', 'member', 'reader'], 'is_admin_project': True, 'service_user_id': None, 'service_user_domain_id': None, 'service_project_id': None, 'service_project_domain_id': None, 'service_roles': []} {{(pid=81854) fill_context /opt/stack/keystone/keystone/server/flask/request_processing/middleware/auth_context.py:509}}
Feb 17 18:15:14 ubuntu devstack@keystone.service[81854]: DEBUG keystone.server.flask.request_processing.req_logging [None req-1d82c175-9b7a-4671-9053-e7da581196c4 None admin] REQUEST_METHOD: `POST` {{(pid=81854) log_request_info /opt/stack/keystone/keystone/server/flask/request_processing/req_logging.py:26}}
Feb 17 18:15:14 ubuntu devstack@keystone.service[81854]: DEBUG keystone.server.flask.request_processing.req_logging [None req-1d82c175-9b7a-4671-9053-e7da581196c4 None admin] SCRIPT_NAME: `/identity` {{(pid=81854) log_request_info /opt/stack/keystone/keystone/server/flask/request_processing/req_logging.py:27}}
Feb 17 18:15:14 ubuntu devstack@keystone.service[81854]: DEBUG keystone.server.flask.request_processing.req_logging [None req-1d82c175-9b7a-4671-9053-e7da581196c4 None admin] PATH_INFO: `/v3/projects` {{(pid=81854) log_request_info /opt/stack/keystone/keystone/server/flask/request_processing/req_logging.py:28}}
Feb 17 18:15:14 ubuntu devstack@keystone.service[81853]: DEBUG keystone.server.flask.request_processing.middleware.auth_context [None req-1d43fe1a-b046-4ac8-9af5-2e3a9473d84d None admin] RBAC: auth_context: {'token': <TokenModel (audit_id=sf23-ZOvQGG-_1_SIruKcA, audit_chain_id=['sf23-ZOvQGG-_1_SIruKcA']) at 0x7fa6b2674820>, 'domain_id': None, 'trust_id': None, 'trustor_id': None, 'trustee_id': None, 'domain_name': None, 'group_ids': [], 'user_id': '1f11a7d77a0447e8b2fa505a14709b11', 'user_domain_id': 'default', 'system_scope': 'all', 'project_id': None, 'project_domain_id': None, 'roles': ['admin', 'manager', 'member', 'reader'], 'is_admin_project': True, 'service_user_id': None, 'service_user_domain_id': None, 'service_project_id': None, 'service_project_domain_id': None, 'service_roles': []} {{(pid=81853) fill_context /opt/stack/keystone/keystone/server/flask/request_processing/middleware/auth_context.py:509}}
Feb 17 18:15:14 ubuntu devstack@keystone.service[81853]: DEBUG keystone.server.flask.request_processing.req_logging [None req-1d43fe1a-b046-4ac8-9af5-2e3a9473d84d None admin] REQUEST_METHOD: `GET` {{(pid=81853) log_request_info /opt/stack/keystone/keystone/server/flask/request_processing/req_logging.py:26}}
Feb 17 18:15:14 ubuntu devstack@keystone.service[81853]: DEBUG keystone.server.flask.request_processing.req_logging [None req-1d43fe1a-b046-4ac8-9af5-2e3a9473d84d None admin] SCRIPT_NAME: `/identity` {{(pid=81853) log_request_info /opt/stack/keystone/keystone/server/flask/request_processing/req_logging.py:27}}
Feb 17 18:15:14 ubuntu devstack@keystone.service[81853]: DEBUG keystone.server.flask.request_processing.req_logging [None req-1d43fe1a-b046-4ac8-9af5-2e3a9473d84d None admin] PATH_INFO: `/v3/roles` {{(pid=81853) log_request_info /opt/stack/keystone/keystone/server/flask/request_processing/req_logging.py:28}}
Feb 17 18:15:14 ubuntu devstack@keystone.service[81854]: DEBUG keystone.common.rbac_enforcer.enforcer [None req-1d82c175-9b7a-4671-9053-e7da581196c4 None admin] RBAC: Authorizing `identity:create_project()` {{(pid=81854) enforce_call /opt/stack/keystone/keystone/common/rbac_enforcer/enforcer.py:494}}
Feb 17 18:15:14 ubuntu devstack@keystone.service[81854]: DEBUG keystone.common.rbac_enforcer.enforcer [None req-1d82c175-9b7a-4671-9053-e7da581196c4 None admin] RBAC: Authorization granted {{(pid=81854) enforce_call /opt/stack/keystone/keystone/common/rbac_enforcer/enforcer.py:505}}
Feb 17 18:15:14 ubuntu devstack@keystone.service[81853]: DEBUG keystone.common.rbac_enforcer.enforcer [None req-1d43fe1a-b046-4ac8-9af5-2e3a9473d84d None admin] RBAC: Adding query filter params (name=admin) {{(pid=81853) _extract_filter_values /opt/stack/keystone/keystone/common/rbac_enforcer/enforcer.py:176}}
Feb 17 18:15:14 ubuntu devstack@keystone.service[81853]: DEBUG keystone.common.rbac_enforcer.enforcer [None req-1d43fe1a-b046-4ac8-9af5-2e3a9473d84d None admin] RBAC: Authorizing `identity:list_roles()` {{(pid=81853) enforce_call /opt/stack/keystone/keystone/common/rbac_enforcer/enforcer.py:494}}
Feb 17 18:15:14 ubuntu devstack@keystone.service[81853]: DEBUG keystone.common.rbac_enforcer.enforcer [None req-1d43fe1a-b046-4ac8-9af5-2e3a9473d84d None admin] RBAC: Authorization granted {{(pid=81853) enforce_call /opt/stack/keystone/keystone/common/rbac_enforcer/enforcer.py:505}}
Feb 17 18:15:14 ubuntu devstack@keystone.service[81853]: [pid: 81853|app: 0|req: 16/30] 10.201.5.82 () {56 vars in 1148 bytes} [Tue Feb 17 18:15:14 2026] GET /identity/v3/roles?name=admin => generated 339 bytes in 96 msecs (HTTP/1.1 200) 5 headers in 177 bytes (1 switches on core 0)
Feb 17 18:15:14 ubuntu devstack@keystone.service[81853]: DEBUG keystone.server.flask.request_processing.req_logging [None req-661e82ba-7978-4a65-856d-a3de9660792f None None] REQUEST_METHOD: `GET` {{(pid=81853) log_request_info /opt/stack/keystone/keystone/server/flask/request_processing/req_logging.py:26}}
Feb 17 18:15:14 ubuntu devstack@keystone.service[81853]: DEBUG keystone.server.flask.request_processing.req_logging [None req-661e82ba-7978-4a65-856d-a3de9660792f None None] SCRIPT_NAME: `/identity` {{(pid=81853) log_request_info /opt/stack/keystone/keystone/server/flask/request_processing/req_logging.py:27}}
Feb 17 18:15:14 ubuntu devstack@keystone.service[81853]: DEBUG keystone.server.flask.request_processing.req_logging [None req-661e82ba-7978-4a65-856d-a3de9660792f None None] PATH_INFO: `/` {{(pid=81853) log_request_info /opt/stack/keystone/keystone/server/flask/request_processing/req_logging.py:28}}
Feb 17 18:15:14 ubuntu devstack@keystone.service[81853]: [pid: 81853|app: 0|req: 17/31] 10.201.5.82 () {54 vars in 919 bytes} [Tue Feb 17 18:15:14 2026] GET /identity => generated 270 bytes in 1 msecs (HTTP/1.1 300) 6 headers in 234 bytes (1 switches on core 0)
Feb 17 18:15:14 ubuntu devstack@keystone.service[81853]: DEBUG keystone.server.flask.request_processing.req_logging [None req-4bb2d51c-b8ca-4a82-aefd-e9fad89eec0d None None] REQUEST_METHOD: `POST` {{(pid=81853) log_request_info /opt/stack/keystone/keystone/server/flask/request_processing/req_logging.py:26}}
Feb 17 18:15:14 ubuntu devstack@keystone.service[81853]: DEBUG keystone.server.flask.request_processing.req_logging [None req-4bb2d51c-b8ca-4a82-aefd-e9fad89eec0d None None] SCRIPT_NAME: `/identity` {{(pid=81853) log_request_info /opt/stack/keystone/keystone/server/flask/request_processing/req_logging.py:27}}
Feb 17 18:15:14 ubuntu devstack@keystone.service[81853]: DEBUG keystone.server.flask.request_processing.req_logging [None req-4bb2d51c-b8ca-4a82-aefd-e9fad89eec0d None None] PATH_INFO: `/v3/auth/tokens` {{(pid=81853) log_request_info /opt/stack/keystone/keystone/server/flask/request_processing/req_logging.py:28}}
Feb 17 18:15:14 ubuntu devstack@keystone.service[81854]: [pid: 81854|app: 0|req: 15/32] 10.201.5.82 () {60 vars in 1133 bytes} [Tue Feb 17 18:15:14 2026] POST /identity/v3/projects => generated 301 bytes in 109 msecs (HTTP/1.1 201) 5 headers in 182 bytes (1 switches on core 0)
Feb 17 18:15:14 ubuntu devstack@keystone.service[81854]: DEBUG keystone.server.flask.request_processing.middleware.auth_context [None req-1d82c175-9b7a-4671-9053-e7da581196c4 None admin] Authenticating user token {{(pid=81854) process_request /opt/stack/data/venv/lib/python3.10/site-packages/keystonemiddleware/auth_token/__init__.py:407}}
Feb 17 18:15:14 ubuntu devstack@keystone.service[81853]: WARNING keystone.common.password_hashing [None req-4bb2d51c-b8ca-4a82-aefd-e9fad89eec0d None None] Truncating password to algorithm specific maximum length 72 characters.
Feb 17 18:15:14 ubuntu devstack@keystone.service[81853]: DEBUG keystone.auth.core [None req-4bb2d51c-b8ca-4a82-aefd-e9fad89eec0d None None] MFA Rules not processed for user `1f11a7d77a0447e8b2fa505a14709b11`. Rule list: `[]` (Enabled: `True`). {{(pid=81853) check_auth_methods_against_rules /opt/stack/keystone/keystone/auth/core.py:476}}
Feb 17 18:15:14 ubuntu devstack@keystone.service[81853]: DEBUG keystone.common.fernet_utils [None req-4bb2d51c-b8ca-4a82-aefd-e9fad89eec0d None None] Loaded 2 Fernet keys from /etc/keystone/fernet-keys/, but `[fernet_tokens] max_active_keys = 3`; perhaps there have not been enough key rotations to reach `max_active_keys` yet? {{(pid=81853) load_keys /opt/stack/keystone/keystone/common/fernet_utils.py:297}}
Feb 17 18:15:14 ubuntu devstack@keystone.service[81854]: DEBUG keystone.server.flask.request_processing.middleware.auth_context [None req-1d82c175-9b7a-4671-9053-e7da581196c4 None admin] Validating token access rules against request {{(pid=81854) validate_allowed_request /opt/stack/data/venv/lib/python3.10/site-packages/keystonemiddleware/auth_token/__init__.py:545}}
Feb 17 18:15:14 ubuntu devstack@keystone.service[81854]: DEBUG keystone.server.flask.request_processing.middleware.auth_context [None req-5c0c5ea7-3cdd-42ef-9f4d-129fe51ca0a2 None admin] RBAC: auth_context: {'token': <TokenModel (audit_id=sf23-ZOvQGG-_1_SIruKcA, audit_chain_id=['sf23-ZOvQGG-_1_SIruKcA']) at 0x7fa6b24a5060>, 'domain_id': None, 'trust_id': None, 'trustor_id': None, 'trustee_id': None, 'domain_name': None, 'group_ids': [], 'user_id': '1f11a7d77a0447e8b2fa505a14709b11', 'user_domain_id': 'default', 'system_scope': 'all', 'project_id': None, 'project_domain_id': None, 'roles': ['admin', 'manager', 'member', 'reader'], 'is_admin_project': True, 'service_user_id': None, 'service_user_domain_id': None, 'service_project_id': None, 'service_project_domain_id': None, 'service_roles': []} {{(pid=81854) fill_context /opt/stack/keystone/keystone/server/flask/request_processing/middleware/auth_context.py:509}}
Feb 17 18:15:14 ubuntu devstack@keystone.service[81854]: DEBUG keystone.server.flask.request_processing.req_logging [None req-5c0c5ea7-3cdd-42ef-9f4d-129fe51ca0a2 None admin] REQUEST_METHOD: `GET` {{(pid=81854) log_request_info /opt/stack/keystone/keystone/server/flask/request_processing/req_logging.py:26}}
Feb 17 18:15:14 ubuntu devstack@keystone.service[81853]: [pid: 81853|app: 0|req: 18/33] 10.201.5.82 () {58 vars in 1016 bytes} [Tue Feb 17 18:15:14 2026] POST /identity/v3/auth/tokens => generated 862 bytes in 62 msecs (HTTP/1.1 201) 6 headers in 363 bytes (1 switches on core 0)
Feb 17 18:15:14 ubuntu devstack@keystone.service[81854]: DEBUG keystone.server.flask.request_processing.req_logging [None req-5c0c5ea7-3cdd-42ef-9f4d-129fe51ca0a2 None admin] SCRIPT_NAME: `/identity` {{(pid=81854) log_request_info /opt/stack/keystone/keystone/server/flask/request_processing/req_logging.py:27}}
Feb 17 18:15:14 ubuntu devstack@keystone.service[81854]: DEBUG keystone.server.flask.request_processing.req_logging [None req-5c0c5ea7-3cdd-42ef-9f4d-129fe51ca0a2 None admin] PATH_INFO: `/v3/users/1f11a7d77a0447e8b2fa505a14709b11` {{(pid=81854) log_request_info /opt/stack/keystone/keystone/server/flask/request_processing/req_logging.py:28}}
Feb 17 18:15:14 ubuntu devstack@keystone.service[81853]: DEBUG keystone.server.flask.request_processing.req_logging [None req-063827e3-1740-4184-b9ee-6e2a163a16ad None None] REQUEST_METHOD: `POST` {{(pid=81853) log_request_info /opt/stack/keystone/keystone/server/flask/request_processing/req_logging.py:26}}
Feb 17 18:15:14 ubuntu devstack@keystone.service[81853]: DEBUG keystone.server.flask.request_processing.req_logging [None req-063827e3-1740-4184-b9ee-6e2a163a16ad None None] SCRIPT_NAME: `/identity` {{(pid=81853) log_request_info /opt/stack/keystone/keystone/server/flask/request_processing/req_logging.py:27}}
Feb 17 18:15:14 ubuntu devstack@keystone.service[81853]: DEBUG keystone.server.flask.request_processing.req_logging [None req-063827e3-1740-4184-b9ee-6e2a163a16ad None None] PATH_INFO: `/v3/auth/tokens` {{(pid=81853) log_request_info /opt/stack/keystone/keystone/server/flask/request_processing/req_logging.py:28}}
Feb 17 18:15:14 ubuntu devstack@keystone.service[81854]: DEBUG keystone.common.rbac_enforcer.enforcer [None req-5c0c5ea7-3cdd-42ef-9f4d-129fe51ca0a2 None admin] RBAC: Authorizing `identity:get_user(user_id=1f11a7d77a0447e8b2fa505a14709b11)` {{(pid=81854) enforce_call /opt/stack/keystone/keystone/common/rbac_enforcer/enforcer.py:494}}
Feb 17 18:15:14 ubuntu devstack@keystone.service[81854]: DEBUG keystone.common.rbac_enforcer.enforcer [None req-5c0c5ea7-3cdd-42ef-9f4d-129fe51ca0a2 None admin] RBAC: Authorization granted {{(pid=81854) enforce_call /opt/stack/keystone/keystone/common/rbac_enforcer/enforcer.py:505}}
Feb 17 18:15:14 ubuntu devstack@keystone.service[81854]: [pid: 81854|app: 0|req: 16/34] 10.201.5.82 () {56 vars in 1213 bytes} [Tue Feb 17 18:15:14 2026] GET /identity/v3/users/1f11a7d77a0447e8b2fa505a14709b11 => generated 247 bytes in 58 msecs (HTTP/1.1 200) 5 headers in 177 bytes (1 switches on core 0)
Feb 17 18:15:14 ubuntu devstack@keystone.service[81854]: DEBUG keystone.server.flask.request_processing.middleware.auth_context [None req-5c0c5ea7-3cdd-42ef-9f4d-129fe51ca0a2 None admin] Authenticating user token {{(pid=81854) process_request /opt/stack/data/venv/lib/python3.10/site-packages/keystonemiddleware/auth_token/__init__.py:407}}
Feb 17 18:15:14 ubuntu devstack@keystone.service[81853]: WARNING keystone.common.password_hashing [None req-063827e3-1740-4184-b9ee-6e2a163a16ad None None] Truncating password to algorithm specific maximum length 72 characters.
Feb 17 18:15:14 ubuntu devstack@keystone.service[81853]: DEBUG keystone.auth.core [None req-063827e3-1740-4184-b9ee-6e2a163a16ad None None] MFA Rules not processed for user `1f11a7d77a0447e8b2fa505a14709b11`. Rule list: `[]` (Enabled: `True`). {{(pid=81853) check_auth_methods_against_rules /opt/stack/keystone/keystone/auth/core.py:476}}
Feb 17 18:15:14 ubuntu devstack@keystone.service[81853]: DEBUG keystone.common.fernet_utils [None req-063827e3-1740-4184-b9ee-6e2a163a16ad None None] Loaded 2 Fernet keys from /etc/keystone/fernet-keys/, but `[fernet_tokens] max_active_keys = 3`; perhaps there have not been enough key rotations to reach `max_active_keys` yet? {{(pid=81853) load_keys /opt/stack/keystone/keystone/common/fernet_utils.py:297}}
Feb 17 18:15:14 ubuntu devstack@keystone.service[81854]: DEBUG keystone.server.flask.request_processing.middleware.auth_context [None req-5c0c5ea7-3cdd-42ef-9f4d-129fe51ca0a2 None admin] Validating token access rules against request {{(pid=81854) validate_allowed_request /opt/stack/data/venv/lib/python3.10/site-packages/keystonemiddleware/auth_token/__init__.py:545}}
Feb 17 18:15:14 ubuntu devstack@keystone.service[81853]: [pid: 81853|app: 0|req: 19/35] 10.201.5.82 () {58 vars in 1016 bytes} [Tue Feb 17 18:15:14 2026] POST /identity/v3/auth/tokens => generated 862 bytes in 52 msecs (HTTP/1.1 201) 6 headers in 363 bytes (1 switches on core 0)
Feb 17 18:15:14 ubuntu devstack@keystone.service[81854]: DEBUG keystone.server.flask.request_processing.middleware.auth_context [None req-19c6326b-9a02-49e9-91c4-fe0156164385 None admin] RBAC: auth_context: {'token': <TokenModel (audit_id=sf23-ZOvQGG-_1_SIruKcA, audit_chain_id=['sf23-ZOvQGG-_1_SIruKcA']) at 0x7fa6b24a6890>, 'domain_id': None, 'trust_id': None, 'trustor_id': None, 'trustee_id': None, 'domain_name': None, 'group_ids': [], 'user_id': '1f11a7d77a0447e8b2fa505a14709b11', 'user_domain_id': 'default', 'system_scope': 'all', 'project_id': None, 'project_domain_id': None, 'roles': ['admin', 'manager', 'member', 'reader'], 'is_admin_project': True, 'service_user_id': None, 'service_user_domain_id': None, 'service_project_id': None, 'service_project_domain_id': None, 'service_roles': []} {{(pid=81854) fill_context /opt/stack/keystone/keystone/server/flask/request_processing/middleware/auth_context.py:509}}
Feb 17 18:15:14 ubuntu devstack@keystone.service[81854]: DEBUG keystone.server.flask.request_processing.req_logging [None req-19c6326b-9a02-49e9-91c4-fe0156164385 None admin] REQUEST_METHOD: `GET` {{(pid=81854) log_request_info /opt/stack/keystone/keystone/server/flask/request_processing/req_logging.py:26}}
Feb 17 18:15:14 ubuntu devstack@keystone.service[81854]: DEBUG keystone.server.flask.request_processing.req_logging [None req-19c6326b-9a02-49e9-91c4-fe0156164385 None admin] SCRIPT_NAME: `/identity` {{(pid=81854) log_request_info /opt/stack/keystone/keystone/server/flask/request_processing/req_logging.py:27}}
Feb 17 18:15:14 ubuntu devstack@keystone.service[81854]: DEBUG keystone.server.flask.request_processing.req_logging [None req-19c6326b-9a02-49e9-91c4-fe0156164385 None admin] PATH_INFO: `/v3/domains/default` {{(pid=81854) log_request_info /opt/stack/keystone/keystone/server/flask/request_processing/req_logging.py:28}}
Feb 17 18:15:14 ubuntu devstack@keystone.service[81854]: DEBUG keystone.common.rbac_enforcer.enforcer [None req-19c6326b-9a02-49e9-91c4-fe0156164385 None admin] RBAC: Authorizing `identity:get_domain(domain_id=default)` {{(pid=81854) enforce_call /opt/stack/keystone/keystone/common/rbac_enforcer/enforcer.py:494}}
Feb 17 18:15:14 ubuntu devstack@keystone.service[81854]: DEBUG keystone.common.rbac_enforcer.enforcer [None req-19c6326b-9a02-49e9-91c4-fe0156164385 None admin] RBAC: Authorization granted {{(pid=81854) enforce_call /opt/stack/keystone/keystone/common/rbac_enforcer/enforcer.py:505}}
Feb 17 18:15:14 ubuntu devstack@keystone.service[81854]: [pid: 81854|app: 0|req: 17/36] 10.201.5.82 () {56 vars in 1144 bytes} [Tue Feb 17 18:15:14 2026] GET /identity/v3/domains/default => generated 199 bytes in 55 msecs (HTTP/1.1 200) 5 headers in 177 bytes (2 switches on core 0)
Feb 17 18:15:14 ubuntu devstack@keystone.service[81853]: DEBUG keystone.server.flask.request_processing.middleware.auth_context [None req-063827e3-1740-4184-b9ee-6e2a163a16ad None None] Authenticating user token {{(pid=81853) process_request /opt/stack/data/venv/lib/python3.10/site-packages/keystonemiddleware/auth_token/__init__.py:407}}
Feb 17 18:15:14 ubuntu devstack@keystone.service[81853]: DEBUG keystone.server.flask.request_processing.middleware.auth_context [None req-063827e3-1740-4184-b9ee-6e2a163a16ad None None] Validating token access rules against request {{(pid=81853) validate_allowed_request /opt/stack/data/venv/lib/python3.10/site-packages/keystonemiddleware/auth_token/__init__.py:545}}
Feb 17 18:15:14 ubuntu devstack@keystone.service[81853]: DEBUG keystone.server.flask.request_processing.middleware.auth_context [None req-d0c73142-3430-468c-9434-eb987bd77a1a None admin] RBAC: auth_context: {'token': <TokenModel (audit_id=sf23-ZOvQGG-_1_SIruKcA, audit_chain_id=['sf23-ZOvQGG-_1_SIruKcA']) at 0x7fa6b2674af0>, 'domain_id': None, 'trust_id': None, 'trustor_id': None, 'trustee_id': None, 'domain_name': None, 'group_ids': [], 'user_id': '1f11a7d77a0447e8b2fa505a14709b11', 'user_domain_id': 'default', 'system_scope': 'all', 'project_id': None, 'project_domain_id': None, 'roles': ['admin', 'manager', 'member', 'reader'], 'is_admin_project': True, 'service_user_id': None, 'service_user_domain_id': None, 'service_project_id': None, 'service_project_domain_id': None, 'service_roles': []} {{(pid=81853) fill_context /opt/stack/keystone/keystone/server/flask/request_processing/middleware/auth_context.py:509}}
Feb 17 18:15:14 ubuntu devstack@keystone.service[81853]: DEBUG keystone.server.flask.request_processing.req_logging [None req-d0c73142-3430-468c-9434-eb987bd77a1a None admin] REQUEST_METHOD: `GET` {{(pid=81853) log_request_info /opt/stack/keystone/keystone/server/flask/request_processing/req_logging.py:26}}
Feb 17 18:15:14 ubuntu devstack@keystone.service[81853]: DEBUG keystone.server.flask.request_processing.req_logging [None req-d0c73142-3430-468c-9434-eb987bd77a1a None admin] SCRIPT_NAME: `/identity` {{(pid=81853) log_request_info /opt/stack/keystone/keystone/server/flask/request_processing/req_logging.py:27}}
Feb 17 18:15:14 ubuntu devstack@keystone.service[81853]: DEBUG keystone.server.flask.request_processing.req_logging [None req-d0c73142-3430-468c-9434-eb987bd77a1a None admin] PATH_INFO: `/v3/role_assignments` {{(pid=81853) log_request_info /opt/stack/keystone/keystone/server/flask/request_processing/req_logging.py:28}}
Feb 17 18:15:14 ubuntu devstack@keystone.service[81853]: DEBUG keystone.common.rbac_enforcer.enforcer [None req-d0c73142-3430-468c-9434-eb987bd77a1a None admin] RBAC: Adding query filter params (role.id=ce0d5e3dc0f3435ba1e6d71b5822aa89, scope.domain.id=default, user.id=1f11a7d77a0447e8b2fa505a14709b11) {{(pid=81853) _extract_filter_values /opt/stack/keystone/keystone/common/rbac_enforcer/enforcer.py:176}}
Feb 17 18:15:14 ubuntu devstack@keystone.service[81853]: DEBUG keystone.common.rbac_enforcer.enforcer [None req-d0c73142-3430-468c-9434-eb987bd77a1a None admin] RBAC: Authorizing `identity:list_role_assignments()` {{(pid=81853) enforce_call /opt/stack/keystone/keystone/common/rbac_enforcer/enforcer.py:494}}
Feb 17 18:15:14 ubuntu devstack@keystone.service[81853]: DEBUG keystone.common.rbac_enforcer.enforcer [None req-d0c73142-3430-468c-9434-eb987bd77a1a None admin] RBAC: Authorization granted {{(pid=81853) enforce_call /opt/stack/keystone/keystone/common/rbac_enforcer/enforcer.py:505}}
Feb 17 18:15:14 ubuntu devstack@keystone.service[81853]: [pid: 81853|app: 0|req: 20/37] 10.201.5.82 () {56 vars in 1371 bytes} [Tue Feb 17 18:15:14 2026] GET /identity/v3/role_assignments?role.id=ce0d5e3dc0f3435ba1e6d71b5822aa89&scope.domain.id=default&user.id=1f11a7d77a0447e8b2fa505a14709b11 => generated 530 bytes in 87 msecs (HTTP/1.1 200) 5 headers in 177 bytes (1 switches on core 0)
Feb 17 18:15:14 ubuntu devstack@keystone.service[81854]: DEBUG keystone.server.flask.request_processing.middleware.auth_context [None req-19c6326b-9a02-49e9-91c4-fe0156164385 None admin] Authenticating user token {{(pid=81854) process_request /opt/stack/data/venv/lib/python3.10/site-packages/keystonemiddleware/auth_token/__init__.py:407}}
Feb 17 18:15:14 ubuntu devstack@keystone.service[81854]: DEBUG keystone.server.flask.request_processing.middleware.auth_context [None req-19c6326b-9a02-49e9-91c4-fe0156164385 None admin] Validating token access rules against request {{(pid=81854) validate_allowed_request /opt/stack/data/venv/lib/python3.10/site-packages/keystonemiddleware/auth_token/__init__.py:545}}
Feb 17 18:15:14 ubuntu devstack@keystone.service[81854]: DEBUG keystone.server.flask.request_processing.middleware.auth_context [None req-44ad1d65-1aa4-480c-9ad1-8c0760003016 None admin] RBAC: auth_context: {'token': <TokenModel (audit_id=vw_6bvfnSNGtCTHt1tTssQ, audit_chain_id=['vw_6bvfnSNGtCTHt1tTssQ']) at 0x7fa6b24a57b0>, 'domain_id': None, 'trust_id': None, 'trustor_id': None, 'trustee_id': None, 'domain_name': None, 'group_ids': [], 'user_id': '1f11a7d77a0447e8b2fa505a14709b11', 'user_domain_id': 'default', 'system_scope': 'all', 'project_id': None, 'project_domain_id': None, 'roles': ['admin', 'manager', 'member', 'reader'], 'is_admin_project': True, 'service_user_id': None, 'service_user_domain_id': None, 'service_project_id': None, 'service_project_domain_id': None, 'service_roles': []} {{(pid=81854) fill_context /opt/stack/keystone/keystone/server/flask/request_processing/middleware/auth_context.py:509}}
Feb 17 18:15:14 ubuntu devstack@keystone.service[81854]: DEBUG keystone.server.flask.request_processing.req_logging [None req-44ad1d65-1aa4-480c-9ad1-8c0760003016 None admin] REQUEST_METHOD: `POST` {{(pid=81854) log_request_info /opt/stack/keystone/keystone/server/flask/request_processing/req_logging.py:26}}
Feb 17 18:15:14 ubuntu devstack@keystone.service[81854]: DEBUG keystone.server.flask.request_processing.req_logging [None req-44ad1d65-1aa4-480c-9ad1-8c0760003016 None admin] SCRIPT_NAME: `/identity` {{(pid=81854) log_request_info /opt/stack/keystone/keystone/server/flask/request_processing/req_logging.py:27}}
Feb 17 18:15:14 ubuntu devstack@keystone.service[81854]: DEBUG keystone.server.flask.request_processing.req_logging [None req-44ad1d65-1aa4-480c-9ad1-8c0760003016 None admin] PATH_INFO: `/v3/roles` {{(pid=81854) log_request_info /opt/stack/keystone/keystone/server/flask/request_processing/req_logging.py:28}}
Feb 17 18:15:14 ubuntu devstack@keystone.service[81854]: DEBUG keystone.common.rbac_enforcer.enforcer [None req-44ad1d65-1aa4-480c-9ad1-8c0760003016 None admin] RBAC: Authorizing `identity:create_role()` {{(pid=81854) enforce_call /opt/stack/keystone/keystone/common/rbac_enforcer/enforcer.py:494}}
Feb 17 18:15:14 ubuntu devstack@keystone.service[81854]: DEBUG keystone.common.rbac_enforcer.enforcer [None req-44ad1d65-1aa4-480c-9ad1-8c0760003016 None admin] RBAC: Authorization granted {{(pid=81854) enforce_call /opt/stack/keystone/keystone/common/rbac_enforcer/enforcer.py:505}}
Feb 17 18:15:14 ubuntu devstack@keystone.service[81854]: DEBUG keystone.common.sql.core [None req-44ad1d65-1aa4-480c-9ad1-8c0760003016 None admin] Conflict role: (pymysql.err.IntegrityError) (1062, "Duplicate entry 'service-<<null>>' for key 'role.ixu_role_name_domain_id'")
Feb 17 18:15:14 ubuntu devstack@keystone.service[81854]: [SQL: INSERT INTO `role` (id, name, description, extra) VALUES (%(id)s, %(name)s, %(description)s, %(extra)s)]
Feb 17 18:15:14 ubuntu devstack@keystone.service[81854]: [parameters: {'id': '89d02a59a22d40018326bf263e828749', 'name': 'service', 'description': None, 'extra': '{}'}]
Feb 17 18:15:14 ubuntu devstack@keystone.service[81854]: (Background on this error at: https://sqlalche.me/e/20/gkpj) {{(pid=81854) wrapper /opt/stack/keystone/keystone/common/sql/core.py:580}}
Feb 17 18:15:14 ubuntu devstack@keystone.service[81854]: ERROR keystone.server.flask.application [None req-44ad1d65-1aa4-480c-9ad1-8c0760003016 None admin] Conflict occurred attempting to store role - Duplicate entry found with name service.: keystone.exception.Conflict: Conflict occurred attempting to store role - Duplicate entry found with name service.
Feb 17 18:15:14 ubuntu devstack@keystone.service[81854]: ERROR keystone.server.flask.application Traceback (most recent call last):
Feb 17 18:15:14 ubuntu devstack@keystone.service[81854]: ERROR keystone.server.flask.application   File "/opt/stack/data/venv/lib/python3.10/site-packages/sqlalchemy/engine/base.py", line 1967, in _exec_single_context
Feb 17 18:15:14 ubuntu devstack@keystone.service[81854]: ERROR keystone.server.flask.application     self.dialect.do_execute(
Feb 17 18:15:14 ubuntu devstack@keystone.service[81854]: ERROR keystone.server.flask.application   File "/opt/stack/data/venv/lib/python3.10/site-packages/sqlalchemy/engine/default.py", line 951, in do_execute
Feb 17 18:15:14 ubuntu devstack@keystone.service[81854]: ERROR keystone.server.flask.application     cursor.execute(statement, parameters)
Feb 17 18:15:14 ubuntu devstack@keystone.service[81854]: ERROR keystone.server.flask.application   File "/opt/stack/data/venv/lib/python3.10/site-packages/pymysql/cursors.py", line 153, in execute
Feb 17 18:15:14 ubuntu devstack@keystone.service[81854]: ERROR keystone.server.flask.application     result = self._query(query)
Feb 17 18:15:14 ubuntu devstack@keystone.service[81854]: ERROR keystone.server.flask.application   File "/opt/stack/data/venv/lib/python3.10/site-packages/pymysql/cursors.py", line 322, in _query
Feb 17 18:15:14 ubuntu devstack@keystone.service[81854]: ERROR keystone.server.flask.application     conn.query(q)
Feb 17 18:15:14 ubuntu devstack@keystone.service[81854]: ERROR keystone.server.flask.application   File "/opt/stack/data/venv/lib/python3.10/site-packages/pymysql/connections.py", line 575, in query
Feb 17 18:15:14 ubuntu devstack@keystone.service[81854]: ERROR keystone.server.flask.application     self._affected_rows = self._read_query_result(unbuffered=unbuffered)
Feb 17 18:15:14 ubuntu devstack@keystone.service[81854]: ERROR keystone.server.flask.application   File "/opt/stack/data/venv/lib/python3.10/site-packages/pymysql/connections.py", line 826, in _read_query_result
Feb 17 18:15:14 ubuntu devstack@keystone.service[81854]: ERROR keystone.server.flask.application     result.read()
Feb 17 18:15:14 ubuntu devstack@keystone.service[81854]: ERROR keystone.server.flask.application   File "/opt/stack/data/venv/lib/python3.10/site-packages/pymysql/connections.py", line 1203, in read
Feb 17 18:15:14 ubuntu devstack@keystone.service[81854]: ERROR keystone.server.flask.application     first_packet = self.connection._read_packet()
Feb 17 18:15:14 ubuntu devstack@keystone.service[81854]: ERROR keystone.server.flask.application   File "/opt/stack/data/venv/lib/python3.10/site-packages/pymysql/connections.py", line 782, in _read_packet
Feb 17 18:15:14 ubuntu devstack@keystone.service[81854]: ERROR keystone.server.flask.application     packet.raise_for_error()
Feb 17 18:15:14 ubuntu devstack@keystone.service[81854]: ERROR keystone.server.flask.application   File "/opt/stack/data/venv/lib/python3.10/site-packages/pymysql/protocol.py", line 219, in raise_for_error
Feb 17 18:15:14 ubuntu devstack@keystone.service[81854]: ERROR keystone.server.flask.application     err.raise_mysql_exception(self._data)
Feb 17 18:15:14 ubuntu devstack@keystone.service[81854]: ERROR keystone.server.flask.application   File "/opt/stack/data/venv/lib/python3.10/site-packages/pymysql/err.py", line 150, in raise_mysql_exception
Feb 17 18:15:14 ubuntu devstack@keystone.service[81854]: ERROR keystone.server.flask.application     raise errorclass(errno, errval)
Feb 17 18:15:14 ubuntu devstack@keystone.service[81854]: ERROR keystone.server.flask.application pymysql.err.IntegrityError: (1062, "Duplicate entry 'service-<<null>>' for key 'role.ixu_role_name_domain_id'")
Feb 17 18:15:14 ubuntu devstack@keystone.service[81854]: ERROR keystone.server.flask.application 
Feb 17 18:15:14 ubuntu devstack@keystone.service[81854]: ERROR keystone.server.flask.application The above exception was the direct cause of the following exception:
Feb 17 18:15:14 ubuntu devstack@keystone.service[81854]: ERROR keystone.server.flask.application 
Feb 17 18:15:14 ubuntu devstack@keystone.service[81854]: ERROR keystone.server.flask.application Traceback (most recent call last):
Feb 17 18:15:14 ubuntu devstack@keystone.service[81854]: ERROR keystone.server.flask.application   File "/opt/stack/keystone/keystone/common/sql/core.py", line 575, in wrapper
Feb 17 18:15:14 ubuntu devstack@keystone.service[81854]: ERROR keystone.server.flask.application     return method(*args, **kwargs)
Feb 17 18:15:14 ubuntu devstack@keystone.service[81854]: ERROR keystone.server.flask.application   File "/opt/stack/keystone/keystone/assignment/role_backends/sql.py", line 25, in create_role
Feb 17 18:15:14 ubuntu devstack@keystone.service[81854]: ERROR keystone.server.flask.application     with sql.session_for_write() as session:
Feb 17 18:15:14 ubuntu devstack@keystone.service[81854]: ERROR keystone.server.flask.application   File "/usr/lib/python3.10/contextlib.py", line 142, in __exit__
Feb 17 18:15:14 ubuntu devstack@keystone.service[81854]: ERROR keystone.server.flask.application     next(self.gen)
Feb 17 18:15:14 ubuntu devstack@keystone.service[81854]: ERROR keystone.server.flask.application   File "/opt/stack/data/venv/lib/python3.10/site-packages/oslo_db/sqlalchemy/enginefacade.py", line 1175, in _transaction_scope
Feb 17 18:15:14 ubuntu devstack@keystone.service[81854]: ERROR keystone.server.flask.application     with current._produce_block(
Feb 17 18:15:14 ubuntu devstack@keystone.service[81854]: ERROR keystone.server.flask.application   File "/usr/lib/python3.10/contextlib.py", line 142, in __exit__
Feb 17 18:15:14 ubuntu devstack@keystone.service[81854]: ERROR keystone.server.flask.application     next(self.gen)
Feb 17 18:15:14 ubuntu devstack@keystone.service[81854]: ERROR keystone.server.flask.application   File "/opt/stack/data/venv/lib/python3.10/site-packages/oslo_db/sqlalchemy/enginefacade.py", line 837, in _session
Feb 17 18:15:14 ubuntu devstack@keystone.service[81854]: ERROR keystone.server.flask.application     with excutils.save_and_reraise_exception():
Feb 17 18:15:14 ubuntu devstack@keystone.service[81854]: ERROR keystone.server.flask.application   File "/opt/stack/data/venv/lib/python3.10/site-packages/oslo_utils/excutils.py", line 256, in __exit__
Feb 17 18:15:14 ubuntu devstack@keystone.service[81854]: ERROR keystone.server.flask.application     self.force_reraise()
