Feb 24 09:27:51 ubuntu devstack@keystone.service[82206]: ERROR keystone.server.flask.application   File "/opt/stack/data/venv/lib/python3.10/site-packages/sqlalchemy/engine/default.py", line 952, in do_execute
Feb 24 09:27:51 ubuntu devstack@keystone.service[82206]: ERROR keystone.server.flask.application     cursor.execute(statement, parameters)
Feb 24 09:27:51 ubuntu devstack@keystone.service[82206]: ERROR keystone.server.flask.application   File "/opt/stack/data/venv/lib/python3.10/site-packages/pymysql/cursors.py", line 153, in execute
Feb 24 09:27:51 ubuntu devstack@keystone.service[82206]: ERROR keystone.server.flask.application     result = self._query(query)
Feb 24 09:27:51 ubuntu devstack@keystone.service[82206]: ERROR keystone.server.flask.application   File "/opt/stack/data/venv/lib/python3.10/site-packages/pymysql/cursors.py", line 322, in _query
Feb 24 09:27:51 ubuntu devstack@keystone.service[82206]: ERROR keystone.server.flask.application     conn.query(q)
Feb 24 09:27:51 ubuntu devstack@keystone.service[82206]: ERROR keystone.server.flask.application   File "/opt/stack/data/venv/lib/python3.10/site-packages/pymysql/connections.py", line 575, in query
Feb 24 09:27:51 ubuntu devstack@keystone.service[82206]: ERROR keystone.server.flask.application     self._affected_rows = self._read_query_result(unbuffered=unbuffered)
Feb 24 09:27:51 ubuntu devstack@keystone.service[82206]: ERROR keystone.server.flask.application   File "/opt/stack/data/venv/lib/python3.10/site-packages/pymysql/connections.py", line 826, in _read_query_result
Feb 24 09:27:51 ubuntu devstack@keystone.service[82206]: ERROR keystone.server.flask.application     result.read()
Feb 24 09:27:51 ubuntu devstack@keystone.service[82206]: ERROR keystone.server.flask.application   File "/opt/stack/data/venv/lib/python3.10/site-packages/pymysql/connections.py", line 1203, in read
Feb 24 09:27:51 ubuntu devstack@keystone.service[82206]: ERROR keystone.server.flask.application     first_packet = self.connection._read_packet()
Feb 24 09:27:51 ubuntu devstack@keystone.service[82206]: ERROR keystone.server.flask.application   File "/opt/stack/data/venv/lib/python3.10/site-packages/pymysql/connections.py", line 782, in _read_packet
Feb 24 09:27:51 ubuntu devstack@keystone.service[82206]: ERROR keystone.server.flask.application     packet.raise_for_error()
Feb 24 09:27:51 ubuntu devstack@keystone.service[82206]: ERROR keystone.server.flask.application   File "/opt/stack/data/venv/lib/python3.10/site-packages/pymysql/protocol.py", line 219, in raise_for_error
Feb 24 09:27:51 ubuntu devstack@keystone.service[82206]: ERROR keystone.server.flask.application     err.raise_mysql_exception(self._data)
Feb 24 09:27:51 ubuntu devstack@keystone.service[82206]: ERROR keystone.server.flask.application   File "/opt/stack/data/venv/lib/python3.10/site-packages/pymysql/err.py", line 150, in raise_mysql_exception
Feb 24 09:27:51 ubuntu devstack@keystone.service[82206]: ERROR keystone.server.flask.application     raise errorclass(errno, errval)
Feb 24 09:27:51 ubuntu devstack@keystone.service[82206]: ERROR keystone.server.flask.application oslo_db.exception.DBDuplicateEntry: (pymysql.err.IntegrityError) (1062, "Duplicate entry 'service-<<null>>' for key 'role.ixu_role_name_domain_id'")
Feb 24 09:27:51 ubuntu devstack@keystone.service[82206]: ERROR keystone.server.flask.application [SQL: INSERT INTO `role` (id, name, description, extra) VALUES (%(id)s, %(name)s, %(description)s, %(extra)s)]
Feb 24 09:27:51 ubuntu devstack@keystone.service[82206]: ERROR keystone.server.flask.application [parameters: {'id': '5a699f34c3824193a44e422e1ec43390', 'name': 'service', 'description': None, 'extra': '{}'}]
Feb 24 09:27:51 ubuntu devstack@keystone.service[82206]: ERROR keystone.server.flask.application (Background on this error at: https://sqlalche.me/e/20/gkpj)
Feb 24 09:27:51 ubuntu devstack@keystone.service[82206]: ERROR keystone.server.flask.application 
Feb 24 09:27:51 ubuntu devstack@keystone.service[82206]: ERROR keystone.server.flask.application During handling of the above exception, another exception occurred:
Feb 24 09:27:51 ubuntu devstack@keystone.service[82206]: ERROR keystone.server.flask.application 
Feb 24 09:27:51 ubuntu devstack@keystone.service[82206]: ERROR keystone.server.flask.application Traceback (most recent call last):
Feb 24 09:27:51 ubuntu devstack@keystone.service[82206]: ERROR keystone.server.flask.application   File "/opt/stack/data/venv/lib/python3.10/site-packages/flask/app.py", line 917, in full_dispatch_request
Feb 24 09:27:51 ubuntu devstack@keystone.service[82206]: ERROR keystone.server.flask.application     rv = self.dispatch_request()
Feb 24 09:27:51 ubuntu devstack@keystone.service[82206]: ERROR keystone.server.flask.application   File "/opt/stack/data/venv/lib/python3.10/site-packages/flask/app.py", line 902, in dispatch_request
Feb 24 09:27:51 ubuntu devstack@keystone.service[82206]: ERROR keystone.server.flask.application     return self.ensure_sync(self.view_functions[rule.endpoint])(**view_args)  # type: ignore[no-any-return]
Feb 24 09:27:51 ubuntu devstack@keystone.service[82206]: ERROR keystone.server.flask.application   File "/opt/stack/data/venv/lib/python3.10/site-packages/flask_restful/__init__.py", line 489, in wrapper
Feb 24 09:27:51 ubuntu devstack@keystone.service[82206]: ERROR keystone.server.flask.application     resp = resource(*args, **kwargs)
Feb 24 09:27:51 ubuntu devstack@keystone.service[82206]: ERROR keystone.server.flask.application   File "/opt/stack/data/venv/lib/python3.10/site-packages/flask/views.py", line 110, in view
Feb 24 09:27:51 ubuntu devstack@keystone.service[82206]: ERROR keystone.server.flask.application     return current_app.ensure_sync(self.dispatch_request)(**kwargs)  # type: ignore[no-any-return]
Feb 24 09:27:51 ubuntu devstack@keystone.service[82206]: ERROR keystone.server.flask.application   File "/opt/stack/data/venv/lib/python3.10/site-packages/flask_restful/__init__.py", line 604, in dispatch_request
Feb 24 09:27:51 ubuntu devstack@keystone.service[82206]: ERROR keystone.server.flask.application     resp = meth(*args, **kwargs)
Feb 24 09:27:51 ubuntu devstack@keystone.service[82206]: ERROR keystone.server.flask.application   File "/opt/stack/keystone/keystone/api/validation/__init__.py", line 86, in wrapper
Feb 24 09:27:51 ubuntu devstack@keystone.service[82206]: ERROR keystone.server.flask.application     return func(*args, **kwargs)
Feb 24 09:27:51 ubuntu devstack@keystone.service[82206]: ERROR keystone.server.flask.application   File "/opt/stack/keystone/keystone/api/validation/__init__.py", line 145, in wrapper
Feb 24 09:27:51 ubuntu devstack@keystone.service[82206]: ERROR keystone.server.flask.application     response = func(*args, **kwargs)
Feb 24 09:27:51 ubuntu devstack@keystone.service[82206]: ERROR keystone.server.flask.application   File "/opt/stack/keystone/keystone/api/roles.py", line 91, in post
Feb 24 09:27:51 ubuntu devstack@keystone.service[82206]: ERROR keystone.server.flask.application     ref = PROVIDERS.role_api.create_role(
Feb 24 09:27:51 ubuntu devstack@keystone.service[82206]: ERROR keystone.server.flask.application   File "/opt/stack/keystone/keystone/common/manager.py", line 114, in wrapped
Feb 24 09:27:51 ubuntu devstack@keystone.service[82206]: ERROR keystone.server.flask.application     __ret_val = __f(*args, **kwargs)
Feb 24 09:27:51 ubuntu devstack@keystone.service[82206]: ERROR keystone.server.flask.application   File "/opt/stack/keystone/keystone/assignment/core.py", line 1526, in create_role
Feb 24 09:27:51 ubuntu devstack@keystone.service[82206]: ERROR keystone.server.flask.application     ret = self.driver.create_role(role_id, role)
Feb 24 09:27:51 ubuntu devstack@keystone.service[82206]: ERROR keystone.server.flask.application   File "/opt/stack/keystone/keystone/common/sql/core.py", line 614, in wrapper
Feb 24 09:27:51 ubuntu devstack@keystone.service[82206]: ERROR keystone.server.flask.application     raise exception.Conflict(type=conflict_type, details=msg)
Feb 24 09:27:51 ubuntu devstack@keystone.service[82206]: ERROR keystone.server.flask.application keystone.exception.Conflict: Conflict occurred attempting to store role - Duplicate entry found with name service.
Feb 24 09:27:51 ubuntu devstack@keystone.service[82206]: ERROR keystone.server.flask.application 
Feb 24 09:27:51 ubuntu devstack@keystone.service[82206]: [pid: 82206|app: 0|req: 19/35] 10.201.5.82 () {60 vars in 1168 bytes} [Tue Feb 24 09:27:51 2026] POST /identity/v3/roles => generated 140 bytes in 67 msecs (HTTP/1.1 409) 5 headers in 183 bytes (1 switches on core 0)
Feb 24 09:27:51 ubuntu devstack@keystone.service[82206]: DEBUG keystone.server.flask.request_processing.middleware.auth_context [None req-420c791f-98c8-4463-b7d3-0e2b24a76c8e None admin] Authenticating user token {{(pid=82206) process_request /opt/stack/data/venv/lib/python3.10/site-packages/keystonemiddleware/auth_token/__init__.py:407}}
Feb 24 09:27:51 ubuntu devstack@keystone.service[82207]: [pid: 82207|app: 0|req: 17/36] 10.201.5.82 () {60 vars in 1177 bytes} [Tue Feb 24 09:27:51 2026] POST /identity/v3/projects => generated 301 bytes in 70 msecs (HTTP/1.1 201) 5 headers in 182 bytes (1 switches on core 0)
Feb 24 09:27:51 ubuntu devstack@keystone.service[82207]: DEBUG keystone.server.flask.request_processing.middleware.auth_context [None req-9e9489d5-5408-4b62-884d-8f50745c8098 None admin] Authenticating user token {{(pid=82207) process_request /opt/stack/data/venv/lib/python3.10/site-packages/keystonemiddleware/auth_token/__init__.py:407}}
Feb 24 09:27:51 ubuntu devstack@keystone.service[82207]: DEBUG keystone.server.flask.request_processing.middleware.auth_context [None req-9e9489d5-5408-4b62-884d-8f50745c8098 None admin] Validating token access rules against request {{(pid=82207) validate_allowed_request /opt/stack/data/venv/lib/python3.10/site-packages/keystonemiddleware/auth_token/__init__.py:545}}
Feb 24 09:27:51 ubuntu devstack@keystone.service[82207]: DEBUG keystone.server.flask.request_processing.middleware.auth_context [None req-52efed1f-e8ca-431d-8ae5-0209e13a7879 None admin] RBAC: auth_context: {'token': <TokenModel (audit_id=DKE0BDb2QbyEawIanE4Fdg, audit_chain_id=['DKE0BDb2QbyEawIanE4Fdg']) at 0x7ff56c2960b0>, 'domain_id': None, 'trust_id': None, 'trustor_id': None, 'trustee_id': None, 'domain_name': None, 'group_ids': [], 'user_id': '2904c235273c4238bfd168fede15017f', 'user_domain_id': 'default', 'system_scope': 'all', 'project_id': None, 'project_domain_id': None, 'roles': ['admin', 'manager', 'member', 'reader'], 'is_admin_project': True, 'service_user_id': None, 'service_user_domain_id': None, 'service_project_id': None, 'service_project_domain_id': None, 'service_roles': []} {{(pid=82207) fill_context /opt/stack/keystone/keystone/server/flask/request_processing/middleware/auth_context.py:509}}
Feb 24 09:27:51 ubuntu devstack@keystone.service[82207]: DEBUG keystone.server.flask.request_processing.req_logging [None req-52efed1f-e8ca-431d-8ae5-0209e13a7879 None admin] REQUEST_METHOD: `GET` {{(pid=82207) log_request_info /opt/stack/keystone/keystone/server/flask/request_processing/req_logging.py:26}}
Feb 24 09:27:51 ubuntu devstack@keystone.service[82207]: DEBUG keystone.server.flask.request_processing.req_logging [None req-52efed1f-e8ca-431d-8ae5-0209e13a7879 None admin] SCRIPT_NAME: `/identity` {{(pid=82207) log_request_info /opt/stack/keystone/keystone/server/flask/request_processing/req_logging.py:27}}
Feb 24 09:27:51 ubuntu devstack@keystone.service[82207]: DEBUG keystone.server.flask.request_processing.req_logging [None req-52efed1f-e8ca-431d-8ae5-0209e13a7879 None admin] PATH_INFO: `/v3/roles/service` {{(pid=82207) log_request_info /opt/stack/keystone/keystone/server/flask/request_processing/req_logging.py:28}}
Feb 24 09:27:51 ubuntu devstack@keystone.service[82207]: DEBUG keystone.common.rbac_enforcer.enforcer [None req-52efed1f-e8ca-431d-8ae5-0209e13a7879 None admin] Extracting inferred target data resulted in "NOT FOUND (404)". {{(pid=82207) enforce_call /opt/stack/keystone/keystone/common/rbac_enforcer/enforcer.py:445}}
Feb 24 09:27:51 ubuntu devstack@keystone.service[82207]: DEBUG keystone.server.flask.application [None req-52efed1f-e8ca-431d-8ae5-0209e13a7879 None admin] Could not find role: service. {{(pid=82207) _handle_keystone_exception /opt/stack/keystone/keystone/server/flask/application.py:146}}
Feb 24 09:27:51 ubuntu devstack@keystone.service[82207]: [pid: 82207|app: 0|req: 18/37] 10.201.5.82 () {56 vars in 1139 bytes} [Tue Feb 24 09:27:51 2026] GET /identity/v3/roles/service => generated 85 bytes in 64 msecs (HTTP/1.1 404) 5 headers in 183 bytes (1 switches on core 0)
Feb 24 09:27:51 ubuntu devstack@keystone.service[82207]: DEBUG keystone.server.flask.request_processing.middleware.auth_context [None req-52efed1f-e8ca-431d-8ae5-0209e13a7879 None admin] Authenticating user token {{(pid=82207) process_request /opt/stack/data/venv/lib/python3.10/site-packages/keystonemiddleware/auth_token/__init__.py:407}}
Feb 24 09:27:51 ubuntu devstack@keystone.service[82206]: DEBUG keystone.server.flask.request_processing.middleware.auth_context [None req-420c791f-98c8-4463-b7d3-0e2b24a76c8e None admin] Validating token access rules against request {{(pid=82206) validate_allowed_request /opt/stack/data/venv/lib/python3.10/site-packages/keystonemiddleware/auth_token/__init__.py:545}}
Feb 24 09:27:51 ubuntu devstack@keystone.service[82206]: DEBUG keystone.server.flask.request_processing.middleware.auth_context [None req-26b843a2-5c83-4129-ac6e-a149c7a419e2 None admin] RBAC: auth_context: {'token': <TokenModel (audit_id=yRj2QqG-RGCHG93ja4Qaiw, audit_chain_id=['yRj2QqG-RGCHG93ja4Qaiw']) at 0x7ff56b43beb0>, 'domain_id': None, 'trust_id': None, 'trustor_id': None, 'trustee_id': None, 'domain_name': None, 'group_ids': [], 'user_id': '2904c235273c4238bfd168fede15017f', 'user_domain_id': 'default', 'system_scope': 'all', 'project_id': None, 'project_domain_id': None, 'roles': ['admin', 'manager', 'member', 'reader'], 'is_admin_project': True, 'service_user_id': None, 'service_user_domain_id': None, 'service_project_id': None, 'service_project_domain_id': None, 'service_roles': []} {{(pid=82206) fill_context /opt/stack/keystone/keystone/server/flask/request_processing/middleware/auth_context.py:509}}
Feb 24 09:27:51 ubuntu devstack@keystone.service[82206]: DEBUG keystone.server.flask.request_processing.req_logging [None req-26b843a2-5c83-4129-ac6e-a149c7a419e2 None admin] REQUEST_METHOD: `GET` {{(pid=82206) log_request_info /opt/stack/keystone/keystone/server/flask/request_processing/req_logging.py:26}}
Feb 24 09:27:51 ubuntu devstack@keystone.service[82206]: DEBUG keystone.server.flask.request_processing.req_logging [None req-26b843a2-5c83-4129-ac6e-a149c7a419e2 None admin] SCRIPT_NAME: `/identity` {{(pid=82206) log_request_info /opt/stack/keystone/keystone/server/flask/request_processing/req_logging.py:27}}
Feb 24 09:27:51 ubuntu devstack@keystone.service[82206]: DEBUG keystone.server.flask.request_processing.req_logging [None req-26b843a2-5c83-4129-ac6e-a149c7a419e2 None admin] PATH_INFO: `/v3/users/2904c235273c4238bfd168fede15017f` {{(pid=82206) log_request_info /opt/stack/keystone/keystone/server/flask/request_processing/req_logging.py:28}}
Feb 24 09:27:51 ubuntu devstack@keystone.service[82206]: DEBUG keystone.common.rbac_enforcer.enforcer [None req-26b843a2-5c83-4129-ac6e-a149c7a419e2 None admin] RBAC: Authorizing `identity:get_user(user_id=2904c235273c4238bfd168fede15017f)` {{(pid=82206) enforce_call /opt/stack/keystone/keystone/common/rbac_enforcer/enforcer.py:494}}
Feb 24 09:27:51 ubuntu devstack@keystone.service[82206]: DEBUG keystone.common.rbac_enforcer.enforcer [None req-26b843a2-5c83-4129-ac6e-a149c7a419e2 None admin] RBAC: Authorization granted {{(pid=82206) enforce_call /opt/stack/keystone/keystone/common/rbac_enforcer/enforcer.py:505}}
Feb 24 09:27:51 ubuntu devstack@keystone.service[82206]: [pid: 82206|app: 0|req: 20/38] 10.201.5.82 () {56 vars in 1214 bytes} [Tue Feb 24 09:27:51 2026] GET /identity/v3/users/2904c235273c4238bfd168fede15017f => generated 247 bytes in 100 msecs (HTTP/1.1 200) 5 headers in 177 bytes (1 switches on core 0)
Feb 24 09:27:51 ubuntu devstack@keystone.service[82206]: DEBUG keystone.server.flask.request_processing.middleware.auth_context [None req-26b843a2-5c83-4129-ac6e-a149c7a419e2 None admin] Authenticating user token {{(pid=82206) process_request /opt/stack/data/venv/lib/python3.10/site-packages/keystonemiddleware/auth_token/__init__.py:407}}
Feb 24 09:27:51 ubuntu devstack@keystone.service[82207]: DEBUG keystone.server.flask.request_processing.middleware.auth_context [None req-52efed1f-e8ca-431d-8ae5-0209e13a7879 None admin] Validating token access rules against request {{(pid=82207) validate_allowed_request /opt/stack/data/venv/lib/python3.10/site-packages/keystonemiddleware/auth_token/__init__.py:545}}
Feb 24 09:27:51 ubuntu devstack@keystone.service[82206]: DEBUG keystone.server.flask.request_processing.middleware.auth_context [None req-26b843a2-5c83-4129-ac6e-a149c7a419e2 None admin] Validating token access rules against request {{(pid=82206) validate_allowed_request /opt/stack/data/venv/lib/python3.10/site-packages/keystonemiddleware/auth_token/__init__.py:545}}
Feb 24 09:27:51 ubuntu devstack@keystone.service[82207]: DEBUG keystone.server.flask.request_processing.middleware.auth_context [None req-6cec38ca-53bf-4243-a6c8-b4b7acaaad93 None admin] RBAC: auth_context: {'token': <TokenModel (audit_id=DKE0BDb2QbyEawIanE4Fdg, audit_chain_id=['DKE0BDb2QbyEawIanE4Fdg']) at 0x7ff56b9d0730>, 'domain_id': None, 'trust_id': None, 'trustor_id': None, 'trustee_id': None, 'domain_name': None, 'group_ids': [], 'user_id': '2904c235273c4238bfd168fede15017f', 'user_domain_id': 'default', 'system_scope': 'all', 'project_id': None, 'project_domain_id': None, 'roles': ['admin', 'manager', 'member', 'reader'], 'is_admin_project': True, 'service_user_id': None, 'service_user_domain_id': None, 'service_project_id': None, 'service_project_domain_id': None, 'service_roles': []} {{(pid=82207) fill_context /opt/stack/keystone/keystone/server/flask/request_processing/middleware/auth_context.py:509}}
Feb 24 09:27:51 ubuntu devstack@keystone.service[82207]: DEBUG keystone.server.flask.request_processing.req_logging [None req-6cec38ca-53bf-4243-a6c8-b4b7acaaad93 None admin] REQUEST_METHOD: `GET` {{(pid=82207) log_request_info /opt/stack/keystone/keystone/server/flask/request_processing/req_logging.py:26}}
Feb 24 09:27:51 ubuntu devstack@keystone.service[82207]: DEBUG keystone.server.flask.request_processing.req_logging [None req-6cec38ca-53bf-4243-a6c8-b4b7acaaad93 None admin] SCRIPT_NAME: `/identity` {{(pid=82207) log_request_info /opt/stack/keystone/keystone/server/flask/request_processing/req_logging.py:27}}
Feb 24 09:27:51 ubuntu devstack@keystone.service[82207]: DEBUG keystone.server.flask.request_processing.req_logging [None req-6cec38ca-53bf-4243-a6c8-b4b7acaaad93 None admin] PATH_INFO: `/v3/roles` {{(pid=82207) log_request_info /opt/stack/keystone/keystone/server/flask/request_processing/req_logging.py:28}}
Feb 24 09:27:51 ubuntu devstack@keystone.service[82206]: DEBUG keystone.server.flask.request_processing.middleware.auth_context [None req-2f938c94-1a02-4122-9893-7c3185983a56 None admin] RBAC: auth_context: {'token': <TokenModel (audit_id=yRj2QqG-RGCHG93ja4Qaiw, audit_chain_id=['yRj2QqG-RGCHG93ja4Qaiw']) at 0x7ff56b75b7f0>, 'domain_id': None, 'trust_id': None, 'trustor_id': None, 'trustee_id': None, 'domain_name': None, 'group_ids': [], 'user_id': '2904c235273c4238bfd168fede15017f', 'user_domain_id': 'default', 'system_scope': 'all', 'project_id': None, 'project_domain_id': None, 'roles': ['admin', 'manager', 'member', 'reader'], 'is_admin_project': True, 'service_user_id': None, 'service_user_domain_id': None, 'service_project_id': None, 'service_project_domain_id': None, 'service_roles': []} {{(pid=82206) fill_context /opt/stack/keystone/keystone/server/flask/request_processing/middleware/auth_context.py:509}}
Feb 24 09:27:51 ubuntu devstack@keystone.service[82206]: DEBUG keystone.server.flask.request_processing.req_logging [None req-2f938c94-1a02-4122-9893-7c3185983a56 None admin] REQUEST_METHOD: `GET` {{(pid=82206) log_request_info /opt/stack/keystone/keystone/server/flask/request_processing/req_logging.py:26}}
Feb 24 09:27:51 ubuntu devstack@keystone.service[82206]: DEBUG keystone.server.flask.request_processing.req_logging [None req-2f938c94-1a02-4122-9893-7c3185983a56 None admin] SCRIPT_NAME: `/identity` {{(pid=82206) log_request_info /opt/stack/keystone/keystone/server/flask/request_processing/req_logging.py:27}}
Feb 24 09:27:51 ubuntu devstack@keystone.service[82206]: DEBUG keystone.server.flask.request_processing.req_logging [None req-2f938c94-1a02-4122-9893-7c3185983a56 None admin] PATH_INFO: `/v3/domains/default` {{(pid=82206) log_request_info /opt/stack/keystone/keystone/server/flask/request_processing/req_logging.py:28}}
Feb 24 09:27:51 ubuntu devstack@keystone.service[82207]: DEBUG keystone.common.rbac_enforcer.enforcer [None req-6cec38ca-53bf-4243-a6c8-b4b7acaaad93 None admin] RBAC: Adding query filter params (name=service) {{(pid=82207) _extract_filter_values /opt/stack/keystone/keystone/common/rbac_enforcer/enforcer.py:176}}
Feb 24 09:27:51 ubuntu devstack@keystone.service[82206]: DEBUG keystone.common.rbac_enforcer.enforcer [None req-2f938c94-1a02-4122-9893-7c3185983a56 None admin] RBAC: Authorizing `identity:get_domain(domain_id=default)` {{(pid=82206) enforce_call /opt/stack/keystone/keystone/common/rbac_enforcer/enforcer.py:494}}
Feb 24 09:27:51 ubuntu devstack@keystone.service[82207]: DEBUG keystone.common.rbac_enforcer.enforcer [None req-6cec38ca-53bf-4243-a6c8-b4b7acaaad93 None admin] RBAC: Authorizing `identity:list_roles()` {{(pid=82207) enforce_call /opt/stack/keystone/keystone/common/rbac_enforcer/enforcer.py:494}}
Feb 24 09:27:51 ubuntu devstack@keystone.service[82206]: DEBUG keystone.common.rbac_enforcer.enforcer [None req-2f938c94-1a02-4122-9893-7c3185983a56 None admin] RBAC: Authorization granted {{(pid=82206) enforce_call /opt/stack/keystone/keystone/common/rbac_enforcer/enforcer.py:505}}
Feb 24 09:27:51 ubuntu devstack@keystone.service[82207]: DEBUG keystone.common.rbac_enforcer.enforcer [None req-6cec38ca-53bf-4243-a6c8-b4b7acaaad93 None admin] RBAC: Authorization granted {{(pid=82207) enforce_call /opt/stack/keystone/keystone/common/rbac_enforcer/enforcer.py:505}}
Feb 24 09:27:51 ubuntu devstack@keystone.service[82206]: [pid: 82206|app: 0|req: 21/39] 10.201.5.82 () {56 vars in 1145 bytes} [Tue Feb 24 09:27:51 2026] GET /identity/v3/domains/default => generated 199 bytes in 56 msecs (HTTP/1.1 200) 5 headers in 177 bytes (2 switches on core 0)
Feb 24 09:27:51 ubuntu devstack@keystone.service[82206]: DEBUG keystone.server.flask.request_processing.middleware.auth_context [None req-2f938c94-1a02-4122-9893-7c3185983a56 None admin] Authenticating user token {{(pid=82206) process_request /opt/stack/data/venv/lib/python3.10/site-packages/keystonemiddleware/auth_token/__init__.py:407}}
Feb 24 09:27:51 ubuntu devstack@keystone.service[82207]: [pid: 82207|app: 0|req: 19/40] 10.201.5.82 () {56 vars in 1153 bytes} [Tue Feb 24 09:27:51 2026] GET /identity/v3/roles?name=service => generated 343 bytes in 99 msecs (HTTP/1.1 200) 5 headers in 177 bytes (1 switches on core 0)
Feb 24 09:27:51 ubuntu devstack@keystone.service[82207]: DEBUG keystone.server.flask.request_processing.middleware.auth_context [None req-6cec38ca-53bf-4243-a6c8-b4b7acaaad93 None admin] Authenticating user token {{(pid=82207) process_request /opt/stack/data/venv/lib/python3.10/site-packages/keystonemiddleware/auth_token/__init__.py:407}}
Feb 24 09:27:51 ubuntu devstack@keystone.service[82206]: DEBUG keystone.server.flask.request_processing.middleware.auth_context [None req-2f938c94-1a02-4122-9893-7c3185983a56 None admin] Validating token access rules against request {{(pid=82206) validate_allowed_request /opt/stack/data/venv/lib/python3.10/site-packages/keystonemiddleware/auth_token/__init__.py:545}}
Feb 24 09:27:51 ubuntu devstack@keystone.service[82207]: DEBUG keystone.server.flask.request_processing.middleware.auth_context [None req-6cec38ca-53bf-4243-a6c8-b4b7acaaad93 None admin] Validating token access rules against request {{(pid=82207) validate_allowed_request /opt/stack/data/venv/lib/python3.10/site-packages/keystonemiddleware/auth_token/__init__.py:545}}
Feb 24 09:27:51 ubuntu devstack@keystone.service[82207]: DEBUG keystone.server.flask.request_processing.middleware.auth_context [None req-f2a10a9e-f5a4-4942-a4b4-7a8fb48e7e4b None admin] RBAC: auth_context: {'token': <TokenModel (audit_id=2CNOUmg2QEyPIQO5ztGbMA, audit_chain_id=['2CNOUmg2QEyPIQO5ztGbMA']) at 0x7ff56c263b20>, 'domain_id': None, 'trust_id': None, 'trustor_id': None, 'trustee_id': None, 'domain_name': None, 'group_ids': [], 'user_id': '2904c235273c4238bfd168fede15017f', 'user_domain_id': 'default', 'system_scope': 'all', 'project_id': None, 'project_domain_id': None, 'roles': ['admin', 'manager', 'member', 'reader'], 'is_admin_project': True, 'service_user_id': None, 'service_user_domain_id': None, 'service_project_id': None, 'service_project_domain_id': None, 'service_roles': []} {{(pid=82207) fill_context /opt/stack/keystone/keystone/server/flask/request_processing/middleware/auth_context.py:509}}
Feb 24 09:27:51 ubuntu devstack@keystone.service[82207]: DEBUG keystone.server.flask.request_processing.req_logging [None req-f2a10a9e-f5a4-4942-a4b4-7a8fb48e7e4b None admin] REQUEST_METHOD: `POST` {{(pid=82207) log_request_info /opt/stack/keystone/keystone/server/flask/request_processing/req_logging.py:26}}
Feb 24 09:27:51 ubuntu devstack@keystone.service[82207]: DEBUG keystone.server.flask.request_processing.req_logging [None req-f2a10a9e-f5a4-4942-a4b4-7a8fb48e7e4b None admin] SCRIPT_NAME: `/identity` {{(pid=82207) log_request_info /opt/stack/keystone/keystone/server/flask/request_processing/req_logging.py:27}}
Feb 24 09:27:51 ubuntu devstack@keystone.service[82207]: DEBUG keystone.server.flask.request_processing.req_logging [None req-f2a10a9e-f5a4-4942-a4b4-7a8fb48e7e4b None admin] PATH_INFO: `/v3/roles` {{(pid=82207) log_request_info /opt/stack/keystone/keystone/server/flask/request_processing/req_logging.py:28}}
Feb 24 09:27:51 ubuntu devstack@keystone.service[82207]: DEBUG keystone.common.rbac_enforcer.enforcer [None req-f2a10a9e-f5a4-4942-a4b4-7a8fb48e7e4b None admin] RBAC: Authorizing `identity:create_role()` {{(pid=82207) enforce_call /opt/stack/keystone/keystone/common/rbac_enforcer/enforcer.py:494}}
Feb 24 09:27:51 ubuntu devstack@keystone.service[82207]: DEBUG keystone.common.rbac_enforcer.enforcer [None req-f2a10a9e-f5a4-4942-a4b4-7a8fb48e7e4b None admin] RBAC: Authorization granted {{(pid=82207) enforce_call /opt/stack/keystone/keystone/common/rbac_enforcer/enforcer.py:505}}
Feb 24 09:27:51 ubuntu devstack@keystone.service[82207]: [pid: 82207|app: 0|req: 20/41] 10.201.5.82 () {60 vars in 1168 bytes} [Tue Feb 24 09:27:51 2026] POST /identity/v3/roles => generated 225 bytes in 156 msecs (HTTP/1.1 201) 5 headers in 182 bytes (1 switches on core 0)
Feb 24 09:27:51 ubuntu devstack@keystone.service[82206]: DEBUG keystone.server.flask.request_processing.middleware.auth_context [None req-8aea8911-e7ec-4296-84ba-2e54ba87a759 None admin] RBAC: auth_context: {'token': <TokenModel (audit_id=yRj2QqG-RGCHG93ja4Qaiw, audit_chain_id=['yRj2QqG-RGCHG93ja4Qaiw']) at 0x7ff56b8ec280>, 'domain_id': None, 'trust_id': None, 'trustor_id': None, 'trustee_id': None, 'domain_name': None, 'group_ids': [], 'user_id': '2904c235273c4238bfd168fede15017f', 'user_domain_id': 'default', 'system_scope': 'all', 'project_id': None, 'project_domain_id': None, 'roles': ['admin', 'manager', 'member', 'reader'], 'is_admin_project': True, 'service_user_id': None, 'service_user_domain_id': None, 'service_project_id': None, 'service_project_domain_id': None, 'service_roles': []} {{(pid=82206) fill_context /opt/stack/keystone/keystone/server/flask/request_processing/middleware/auth_context.py:509}}
Feb 24 09:27:51 ubuntu devstack@keystone.service[82206]: DEBUG keystone.server.flask.request_processing.req_logging [None req-8aea8911-e7ec-4296-84ba-2e54ba87a759 None admin] REQUEST_METHOD: `GET` {{(pid=82206) log_request_info /opt/stack/keystone/keystone/server/flask/request_processing/req_logging.py:26}}
Feb 24 09:27:51 ubuntu devstack@keystone.service[82206]: DEBUG keystone.server.flask.request_processing.req_logging [None req-8aea8911-e7ec-4296-84ba-2e54ba87a759 None admin] SCRIPT_NAME: `/identity` {{(pid=82206) log_request_info /opt/stack/keystone/keystone/server/flask/request_processing/req_logging.py:27}}
Feb 24 09:27:51 ubuntu devstack@keystone.service[82206]: DEBUG keystone.server.flask.request_processing.req_logging [None req-8aea8911-e7ec-4296-84ba-2e54ba87a759 None admin] PATH_INFO: `/v3/role_assignments` {{(pid=82206) log_request_info /opt/stack/keystone/keystone/server/flask/request_processing/req_logging.py:28}}
Feb 24 09:27:51 ubuntu devstack@keystone.service[82206]: DEBUG keystone.common.rbac_enforcer.enforcer [None req-8aea8911-e7ec-4296-84ba-2e54ba87a759 None admin] RBAC: Adding query filter params (role.id=134dd6a8a77944e98d9000570829f024, scope.domain.id=default, user.id=2904c235273c4238bfd168fede15017f) {{(pid=82206) _extract_filter_values /opt/stack/keystone/keystone/common/rbac_enforcer/enforcer.py:176}}
Feb 24 09:27:51 ubuntu devstack@keystone.service[82206]: DEBUG keystone.common.rbac_enforcer.enforcer [None req-8aea8911-e7ec-4296-84ba-2e54ba87a759 None admin] RBAC: Authorizing `identity:list_role_assignments()` {{(pid=82206) enforce_call /opt/stack/keystone/keystone/common/rbac_enforcer/enforcer.py:494}}
Feb 24 09:27:51 ubuntu devstack@keystone.service[82206]: DEBUG keystone.common.rbac_enforcer.enforcer [None req-8aea8911-e7ec-4296-84ba-2e54ba87a759 None admin] RBAC: Authorization granted {{(pid=82206) enforce_call /opt/stack/keystone/keystone/common/rbac_enforcer/enforcer.py:505}}
Feb 24 09:27:51 ubuntu devstack@keystone.service[82206]: [pid: 82206|app: 0|req: 22/42] 10.201.5.82 () {56 vars in 1372 bytes} [Tue Feb 24 09:27:51 2026] GET /identity/v3/role_assignments?role.id=134dd6a8a77944e98d9000570829f024&scope.domain.id=default&user.id=2904c235273c4238bfd168fede15017f => generated 530 bytes in 248 msecs (HTTP/1.1 200) 5 headers in 177 bytes (1 switches on core 0)
Feb 24 09:27:52 ubuntu devstack@keystone.service[82207]: DEBUG keystone.server.flask.request_processing.req_logging [None req-d28d5d5b-98d4-42d3-b755-bdc42a33a85a None None] REQUEST_METHOD: `GET` {{(pid=82207) log_request_info /opt/stack/keystone/keystone/server/flask/request_processing/req_logging.py:26}}
Feb 24 09:27:52 ubuntu devstack@keystone.service[82207]: DEBUG keystone.server.flask.request_processing.req_logging [None req-d28d5d5b-98d4-42d3-b755-bdc42a33a85a None None] SCRIPT_NAME: `/identity` {{(pid=82207) log_request_info /opt/stack/keystone/keystone/server/flask/request_processing/req_logging.py:27}}
Feb 24 09:27:52 ubuntu devstack@keystone.service[82207]: DEBUG keystone.server.flask.request_processing.req_logging [None req-d28d5d5b-98d4-42d3-b755-bdc42a33a85a None None] PATH_INFO: `/` {{(pid=82207) log_request_info /opt/stack/keystone/keystone/server/flask/request_processing/req_logging.py:28}}
Feb 24 09:27:52 ubuntu devstack@keystone.service[82207]: [pid: 82207|app: 0|req: 21/43] 10.201.5.82 () {54 vars in 920 bytes} [Tue Feb 24 09:27:52 2026] GET /identity => generated 270 bytes in 2 msecs (HTTP/1.1 300) 6 headers in 234 bytes (1 switches on core 0)
Feb 24 09:27:52 ubuntu devstack@keystone.service[82206]: DEBUG keystone.server.flask.request_processing.req_logging [None req-971c82df-2a93-4e0b-91d2-4c3fdfa5b1f6 None None] REQUEST_METHOD: `POST` {{(pid=82206) log_request_info /opt/stack/keystone/keystone/server/flask/request_processing/req_logging.py:26}}
Feb 24 09:27:52 ubuntu devstack@keystone.service[82206]: DEBUG keystone.server.flask.request_processing.req_logging [None req-971c82df-2a93-4e0b-91d2-4c3fdfa5b1f6 None None] SCRIPT_NAME: `/identity` {{(pid=82206) log_request_info /opt/stack/keystone/keystone/server/flask/request_processing/req_logging.py:27}}
Feb 24 09:27:52 ubuntu devstack@keystone.service[82206]: DEBUG keystone.server.flask.request_processing.req_logging [None req-971c82df-2a93-4e0b-91d2-4c3fdfa5b1f6 None None] PATH_INFO: `/v3/auth/tokens` {{(pid=82206) log_request_info /opt/stack/keystone/keystone/server/flask/request_processing/req_logging.py:28}}
Feb 24 09:27:52 ubuntu devstack@keystone.service[82206]: WARNING keystone.common.password_hashing [None req-971c82df-2a93-4e0b-91d2-4c3fdfa5b1f6 None None] Truncating password to algorithm specific maximum length 72 characters.
Feb 24 09:27:52 ubuntu devstack@keystone.service[82206]: DEBUG keystone.auth.core [None req-971c82df-2a93-4e0b-91d2-4c3fdfa5b1f6 None None] MFA Rules not processed for user `2904c235273c4238bfd168fede15017f`. Rule list: `[]` (Enabled: `True`). {{(pid=82206) check_auth_methods_against_rules /opt/stack/keystone/keystone/auth/core.py:476}}
Feb 24 09:27:52 ubuntu devstack@keystone.service[82206]: DEBUG keystone.common.fernet_utils [None req-971c82df-2a93-4e0b-91d2-4c3fdfa5b1f6 None None] Loaded 2 Fernet keys from /etc/keystone/fernet-keys/, but `[fernet_tokens] max_active_keys = 3`; perhaps there have not been enough key rotations to reach `max_active_keys` yet? {{(pid=82206) load_keys /opt/stack/keystone/keystone/common/fernet_utils.py:297}}
Feb 24 09:27:52 ubuntu devstack@keystone.service[82206]: [pid: 82206|app: 0|req: 23/44] 10.201.5.82 () {58 vars in 1017 bytes} [Tue Feb 24 09:27:52 2026] POST /identity/v3/auth/tokens => generated 862 bytes in 60 msecs (HTTP/1.1 201) 6 headers in 363 bytes (1 switches on core 0)
Feb 24 09:27:52 ubuntu devstack@keystone.service[82207]: DEBUG keystone.server.flask.request_processing.req_logging [None req-f4790264-afeb-4129-af7a-331e67d664f6 None None] REQUEST_METHOD: `GET` {{(pid=82207) log_request_info /opt/stack/keystone/keystone/server/flask/request_processing/req_logging.py:26}}
Feb 24 09:27:52 ubuntu devstack@keystone.service[82207]: DEBUG keystone.server.flask.request_processing.req_logging [None req-f4790264-afeb-4129-af7a-331e67d664f6 None None] SCRIPT_NAME: `/identity` {{(pid=82207) log_request_info /opt/stack/keystone/keystone/server/flask/request_processing/req_logging.py:27}}
Feb 24 09:27:52 ubuntu devstack@keystone.service[82207]: DEBUG keystone.server.flask.request_processing.req_logging [None req-f4790264-afeb-4129-af7a-331e67d664f6 None None] PATH_INFO: `/` {{(pid=82207) log_request_info /opt/stack/keystone/keystone/server/flask/request_processing/req_logging.py:28}}
Feb 24 09:27:52 ubuntu devstack@keystone.service[82207]: [pid: 82207|app: 0|req: 22/45] 10.201.5.82 () {54 vars in 920 bytes} [Tue Feb 24 09:27:52 2026] GET /identity => generated 270 bytes in 2 msecs (HTTP/1.1 300) 6 headers in 234 bytes (2 switches on core 0)
Feb 24 09:27:52 ubuntu devstack@keystone.service[82206]: DEBUG keystone.server.flask.request_processing.req_logging [None req-5ac7d620-8c8e-4bf0-b55b-0da788881d69 None None] REQUEST_METHOD: `POST` {{(pid=82206) log_request_info /opt/stack/keystone/keystone/server/flask/request_processing/req_logging.py:26}}
Feb 24 09:27:52 ubuntu devstack@keystone.service[82206]: DEBUG keystone.server.flask.request_processing.req_logging [None req-5ac7d620-8c8e-4bf0-b55b-0da788881d69 None None] SCRIPT_NAME: `/identity` {{(pid=82206) log_request_info /opt/stack/keystone/keystone/server/flask/request_processing/req_logging.py:27}}
Feb 24 09:27:52 ubuntu devstack@keystone.service[82206]: DEBUG keystone.server.flask.request_processing.req_logging [None req-5ac7d620-8c8e-4bf0-b55b-0da788881d69 None None] PATH_INFO: `/v3/auth/tokens` {{(pid=82206) log_request_info /opt/stack/keystone/keystone/server/flask/request_processing/req_logging.py:28}}
Feb 24 09:27:52 ubuntu devstack@keystone.service[82206]: WARNING keystone.common.password_hashing [None req-5ac7d620-8c8e-4bf0-b55b-0da788881d69 None None] Truncating password to algorithm specific maximum length 72 characters.
Feb 24 09:27:52 ubuntu devstack@keystone.service[82206]: DEBUG keystone.auth.core [None req-5ac7d620-8c8e-4bf0-b55b-0da788881d69 None None] MFA Rules not processed for user `2904c235273c4238bfd168fede15017f`. Rule list: `[]` (Enabled: `True`). {{(pid=82206) check_auth_methods_against_rules /opt/stack/keystone/keystone/auth/core.py:476}}
Feb 24 09:27:52 ubuntu devstack@keystone.service[82206]: DEBUG keystone.common.fernet_utils [None req-5ac7d620-8c8e-4bf0-b55b-0da788881d69 None None] Loaded 2 Fernet keys from /etc/keystone/fernet-keys/, but `[fernet_tokens] max_active_keys = 3`; perhaps there have not been enough key rotations to reach `max_active_keys` yet? {{(pid=82206) load_keys /opt/stack/keystone/keystone/common/fernet_utils.py:297}}
Feb 24 09:27:52 ubuntu devstack@keystone.service[82207]: DEBUG keystone.server.flask.request_processing.middleware.auth_context [None req-f4790264-afeb-4129-af7a-331e67d664f6 None None] Authenticating user token {{(pid=82207) process_request /opt/stack/data/venv/lib/python3.10/site-packages/keystonemiddleware/auth_token/__init__.py:407}}
Feb 24 09:27:52 ubuntu devstack@keystone.service[82206]: [pid: 82206|app: 0|req: 24/46] 10.201.5.82 () {58 vars in 1017 bytes} [Tue Feb 24 09:27:52 2026] POST /identity/v3/auth/tokens => generated 862 bytes in 57 msecs (HTTP/1.1 201) 6 headers in 363 bytes (1 switches on core 0)
Feb 24 09:27:52 ubuntu devstack@keystone.service[82207]: DEBUG keystone.server.flask.request_processing.middleware.auth_context [None req-f4790264-afeb-4129-af7a-331e67d664f6 None None] Validating token access rules against request {{(pid=82207) validate_allowed_request /opt/stack/data/venv/lib/python3.10/site-packages/keystonemiddleware/auth_token/__init__.py:545}}
Feb 24 09:27:52 ubuntu devstack@keystone.service[82207]: DEBUG keystone.server.flask.request_processing.middleware.auth_context [None req-1194fcc8-81de-497c-bb5c-1bc8a6fcf4c3 None admin] RBAC: auth_context: {'token': <TokenModel (audit_id=sbNPax6fSXKmEoVo23qEeQ, audit_chain_id=['sbNPax6fSXKmEoVo23qEeQ']) at 0x7ff56b92d1b0>, 'domain_id': None, 'trust_id': None, 'trustor_id': None, 'trustee_id': None, 'domain_name': None, 'group_ids': [], 'user_id': '2904c235273c4238bfd168fede15017f', 'user_domain_id': 'default', 'system_scope': 'all', 'project_id': None, 'project_domain_id': None, 'roles': ['admin', 'manager', 'member', 'reader'], 'is_admin_project': True, 'service_user_id': None, 'service_user_domain_id': None, 'service_project_id': None, 'service_project_domain_id': None, 'service_roles': []} {{(pid=82207) fill_context /opt/stack/keystone/keystone/server/flask/request_processing/middleware/auth_context.py:509}}
Feb 24 09:27:52 ubuntu devstack@keystone.service[82207]: DEBUG keystone.server.flask.request_processing.req_logging [None req-1194fcc8-81de-497c-bb5c-1bc8a6fcf4c3 None admin] REQUEST_METHOD: `GET` {{(pid=82207) log_request_info /opt/stack/keystone/keystone/server/flask/request_processing/req_logging.py:26}}
Feb 24 09:27:52 ubuntu devstack@keystone.service[82207]: DEBUG keystone.server.flask.request_processing.req_logging [None req-1194fcc8-81de-497c-bb5c-1bc8a6fcf4c3 None admin] SCRIPT_NAME: `/identity` {{(pid=82207) log_request_info /opt/stack/keystone/keystone/server/flask/request_processing/req_logging.py:27}}
Feb 24 09:27:52 ubuntu devstack@keystone.service[82207]: DEBUG keystone.server.flask.request_processing.req_logging [None req-1194fcc8-81de-497c-bb5c-1bc8a6fcf4c3 None admin] PATH_INFO: `/v3/domains/default` {{(pid=82207) log_request_info /opt/stack/keystone/keystone/server/flask/request_processing/req_logging.py:28}}
Feb 24 09:27:52 ubuntu devstack@keystone.service[82207]: DEBUG keystone.common.rbac_enforcer.enforcer [None req-1194fcc8-81de-497c-bb5c-1bc8a6fcf4c3 None admin] RBAC: Authorizing `identity:get_domain(domain_id=default)` {{(pid=82207) enforce_call /opt/stack/keystone/keystone/common/rbac_enforcer/enforcer.py:494}}
Feb 24 09:27:52 ubuntu devstack@keystone.service[82207]: DEBUG keystone.common.rbac_enforcer.enforcer [None req-1194fcc8-81de-497c-bb5c-1bc8a6fcf4c3 None admin] RBAC: Authorization granted {{(pid=82207) enforce_call /opt/stack/keystone/keystone/common/rbac_enforcer/enforcer.py:505}}
Feb 24 09:27:52 ubuntu devstack@keystone.service[82207]: [pid: 82207|app: 0|req: 23/47] 10.201.5.82 () {56 vars in 1145 bytes} [Tue Feb 24 09:27:52 2026] GET /identity/v3/domains/default => generated 199 bytes in 88 msecs (HTTP/1.1 200) 5 headers in 177 bytes (1 switches on core 0)
Feb 24 09:27:52 ubuntu devstack@keystone.service[82206]: DEBUG keystone.server.flask.request_processing.middleware.auth_context [None req-5ac7d620-8c8e-4bf0-b55b-0da788881d69 None None] Authenticating user token {{(pid=82206) process_request /opt/stack/data/venv/lib/python3.10/site-packages/keystonemiddleware/auth_token/__init__.py:407}}
Feb 24 09:27:52 ubuntu devstack@keystone.service[82207]: DEBUG keystone.server.flask.request_processing.middleware.auth_context [None req-1194fcc8-81de-497c-bb5c-1bc8a6fcf4c3 None admin] Authenticating user token {{(pid=82207) process_request /opt/stack/data/venv/lib/python3.10/site-packages/keystonemiddleware/auth_token/__init__.py:407}}
Feb 24 09:27:52 ubuntu devstack@keystone.service[82206]: DEBUG keystone.server.flask.request_processing.middleware.auth_context [None req-5ac7d620-8c8e-4bf0-b55b-0da788881d69 None None] Validating token access rules against request {{(pid=82206) validate_allowed_request /opt/stack/data/venv/lib/python3.10/site-packages/keystonemiddleware/auth_token/__init__.py:545}}
Feb 24 09:27:52 ubuntu devstack@keystone.service[82206]: DEBUG keystone.server.flask.request_processing.middleware.auth_context [None req-97196d4f-18d2-4ca1-a23c-3cc1e87b0dcd None admin] RBAC: auth_context: {'token': <TokenModel (audit_id=sbNPax6fSXKmEoVo23qEeQ, audit_chain_id=['sbNPax6fSXKmEoVo23qEeQ']) at 0x7ff56b831600>, 'domain_id': None, 'trust_id': None, 'trustor_id': None, 'trustee_id': None, 'domain_name': None, 'group_ids': [], 'user_id': '2904c235273c4238bfd168fede15017f', 'user_domain_id': 'default', 'system_scope': 'all', 'project_id': None, 'project_domain_id': None, 'roles': ['admin', 'manager', 'member', 'reader'], 'is_admin_project': True, 'service_user_id': None, 'service_user_domain_id': None, 'service_project_id': None, 'service_project_domain_id': None, 'service_roles': []} {{(pid=82206) fill_context /opt/stack/keystone/keystone/server/flask/request_processing/middleware/auth_context.py:509}}
Feb 24 09:27:52 ubuntu devstack@keystone.service[82206]: DEBUG keystone.server.flask.request_processing.req_logging [None req-97196d4f-18d2-4ca1-a23c-3cc1e87b0dcd None admin] REQUEST_METHOD: `POST` {{(pid=82206) log_request_info /opt/stack/keystone/keystone/server/flask/request_processing/req_logging.py:26}}
Feb 24 09:27:52 ubuntu devstack@keystone.service[82206]: DEBUG keystone.server.flask.request_processing.req_logging [None req-97196d4f-18d2-4ca1-a23c-3cc1e87b0dcd None admin] SCRIPT_NAME: `/identity` {{(pid=82206) log_request_info /opt/stack/keystone/keystone/server/flask/request_processing/req_logging.py:27}}
Feb 24 09:27:52 ubuntu devstack@keystone.service[82206]: DEBUG keystone.server.flask.request_processing.req_logging [None req-97196d4f-18d2-4ca1-a23c-3cc1e87b0dcd None admin] PATH_INFO: `/v3/projects` {{(pid=82206) log_request_info /opt/stack/keystone/keystone/server/flask/request_processing/req_logging.py:28}}
Feb 24 09:27:52 ubuntu devstack@keystone.service[82206]: DEBUG keystone.common.rbac_enforcer.enforcer [None req-97196d4f-18d2-4ca1-a23c-3cc1e87b0dcd None admin] RBAC: Authorizing `identity:create_project()` {{(pid=82206) enforce_call /opt/stack/keystone/keystone/common/rbac_enforcer/enforcer.py:494}}
Feb 24 09:27:52 ubuntu devstack@keystone.service[82206]: DEBUG keystone.common.rbac_enforcer.enforcer [None req-97196d4f-18d2-4ca1-a23c-3cc1e87b0dcd None admin] RBAC: Authorization granted {{(pid=82206) enforce_call /opt/stack/keystone/keystone/common/rbac_enforcer/enforcer.py:505}}
Feb 24 09:27:52 ubuntu devstack@keystone.service[82207]: DEBUG keystone.server.flask.request_processing.middleware.auth_context [None req-1194fcc8-81de-497c-bb5c-1bc8a6fcf4c3 None admin] Validating token access rules against request {{(pid=82207) validate_allowed_request /opt/stack/data/venv/lib/python3.10/site-packages/keystonemiddleware/auth_token/__init__.py:545}}
Feb 24 09:27:52 ubuntu devstack@keystone.service[82207]: DEBUG keystone.server.flask.request_processing.middleware.auth_context [None req-fdbb714c-db13-49fd-996c-14835016b54a None admin] RBAC: auth_context: {'token': <TokenModel (audit_id=3xO6VC2UTOiM-1QAoFs-Vw, audit_chain_id=['3xO6VC2UTOiM-1QAoFs-Vw']) at 0x7ff56c33fc40>, 'domain_id': None, 'trust_id': None, 'trustor_id': None, 'trustee_id': None, 'domain_name': None, 'group_ids': [], 'user_id': '2904c235273c4238bfd168fede15017f', 'user_domain_id': 'default', 'system_scope': 'all', 'project_id': None, 'project_domain_id': None, 'roles': ['admin', 'manager', 'member', 'reader'], 'is_admin_project': True, 'service_user_id': None, 'service_user_domain_id': None, 'service_project_id': None, 'service_project_domain_id': None, 'service_roles': []} {{(pid=82207) fill_context /opt/stack/keystone/keystone/server/flask/request_processing/middleware/auth_context.py:509}}
Feb 24 09:27:52 ubuntu devstack@keystone.service[82207]: DEBUG keystone.server.flask.request_processing.req_logging [None req-fdbb714c-db13-49fd-996c-14835016b54a None admin] REQUEST_METHOD: `POST` {{(pid=82207) log_request_info /opt/stack/keystone/keystone/server/flask/request_processing/req_logging.py:26}}
Feb 24 09:27:52 ubuntu devstack@keystone.service[82207]: DEBUG keystone.server.flask.request_processing.req_logging [None req-fdbb714c-db13-49fd-996c-14835016b54a None admin] SCRIPT_NAME: `/identity` {{(pid=82207) log_request_info /opt/stack/keystone/keystone/server/flask/request_processing/req_logging.py:27}}
Feb 24 09:27:52 ubuntu devstack@keystone.service[82207]: DEBUG keystone.server.flask.request_processing.req_logging [None req-fdbb714c-db13-49fd-996c-14835016b54a None admin] PATH_INFO: `/v3/roles` {{(pid=82207) log_request_info /opt/stack/keystone/keystone/server/flask/request_processing/req_logging.py:28}}
Feb 24 09:27:52 ubuntu devstack@keystone.service[82207]: DEBUG keystone.common.rbac_enforcer.enforcer [None req-fdbb714c-db13-49fd-996c-14835016b54a None admin] RBAC: Authorizing `identity:create_role()` {{(pid=82207) enforce_call /opt/stack/keystone/keystone/common/rbac_enforcer/enforcer.py:494}}
Feb 24 09:27:52 ubuntu devstack@keystone.service[82207]: DEBUG keystone.common.rbac_enforcer.enforcer [None req-fdbb714c-db13-49fd-996c-14835016b54a None admin] RBAC: Authorization granted {{(pid=82207) enforce_call /opt/stack/keystone/keystone/common/rbac_enforcer/enforcer.py:505}}
Feb 24 09:27:52 ubuntu devstack@keystone.service[82207]: [pid: 82207|app: 0|req: 24/48] 10.201.5.82 () {60 vars in 1168 bytes} [Tue Feb 24 09:27:52 2026] POST /identity/v3/roles => generated 223 bytes in 84 msecs (HTTP/1.1 201) 5 headers in 182 bytes (1 switches on core 0)
Feb 24 09:27:52 ubuntu devstack@keystone.service[82206]: [pid: 82206|app: 0|req: 25/49] 10.201.5.82 () {60 vars in 1177 bytes} [Tue Feb 24 09:27:52 2026] POST /identity/v3/projects => generated 312 bytes in 132 msecs (HTTP/1.1 201) 5 headers in 182 bytes (1 switches on core 0)
Feb 24 09:27:53 ubuntu devstack@keystone.service[82207]: DEBUG keystone.server.flask.request_processing.req_logging [None req-f9fd85a0-d61c-4fc4-931c-2d163bea9f43 None None] REQUEST_METHOD: `GET` {{(pid=82207) log_request_info /opt/stack/keystone/keystone/server/flask/request_processing/req_logging.py:26}}
Feb 24 09:27:53 ubuntu devstack@keystone.service[82207]: DEBUG keystone.server.flask.request_processing.req_logging [None req-f9fd85a0-d61c-4fc4-931c-2d163bea9f43 None None] SCRIPT_NAME: `/identity` {{(pid=82207) log_request_info /opt/stack/keystone/keystone/server/flask/request_processing/req_logging.py:27}}
Feb 24 09:27:53 ubuntu devstack@keystone.service[82207]: DEBUG keystone.server.flask.request_processing.req_logging [None req-f9fd85a0-d61c-4fc4-931c-2d163bea9f43 None None] PATH_INFO: `/` {{(pid=82207) log_request_info /opt/stack/keystone/keystone/server/flask/request_processing/req_logging.py:28}}
Feb 24 09:27:53 ubuntu devstack@keystone.service[82207]: [pid: 82207|app: 0|req: 25/50] 10.201.5.82 () {54 vars in 920 bytes} [Tue Feb 24 09:27:53 2026] GET /identity => generated 270 bytes in 2 msecs (HTTP/1.1 300) 6 headers in 234 bytes (2 switches on core 0)
Feb 24 09:27:53 ubuntu devstack@keystone.service[82206]: DEBUG keystone.server.flask.request_processing.req_logging [None req-d2398d8c-5020-4510-bf5d-afcd52cfb911 None None] REQUEST_METHOD: `POST` {{(pid=82206) log_request_info /opt/stack/keystone/keystone/server/flask/request_processing/req_logging.py:26}}
Feb 24 09:27:53 ubuntu devstack@keystone.service[82206]: DEBUG keystone.server.flask.request_processing.req_logging [None req-d2398d8c-5020-4510-bf5d-afcd52cfb911 None None] SCRIPT_NAME: `/identity` {{(pid=82206) log_request_info /opt/stack/keystone/keystone/server/flask/request_processing/req_logging.py:27}}
Feb 24 09:27:53 ubuntu devstack@keystone.service[82206]: DEBUG keystone.server.flask.request_processing.req_logging [None req-d2398d8c-5020-4510-bf5d-afcd52cfb911 None None] PATH_INFO: `/v3/auth/tokens` {{(pid=82206) log_request_info /opt/stack/keystone/keystone/server/flask/request_processing/req_logging.py:28}}
Feb 24 09:27:53 ubuntu devstack@keystone.service[82206]: WARNING keystone.common.password_hashing [None req-d2398d8c-5020-4510-bf5d-afcd52cfb911 None None] Truncating password to algorithm specific maximum length 72 characters.
