Nov 28 22:00:26 ubuntu devstack@keystone.service[69015]: ERROR keystone.server.flask.application   File "<string>", line 2, in _prepare_impl
Nov 28 22:00:26 ubuntu devstack@keystone.service[69015]: ERROR keystone.server.flask.application   File "/opt/stack/data/venv/lib/python3.10/site-packages/sqlalchemy/orm/state_changes.py", line 139, in _go
Nov 28 22:00:26 ubuntu devstack@keystone.service[69015]: ERROR keystone.server.flask.application     ret_value = fn(self, *arg, **kw)
Nov 28 22:00:26 ubuntu devstack@keystone.service[69015]: ERROR keystone.server.flask.application   File "/opt/stack/data/venv/lib/python3.10/site-packages/sqlalchemy/orm/session.py", line 1288, in _prepare_impl
Nov 28 22:00:26 ubuntu devstack@keystone.service[69015]: ERROR keystone.server.flask.application     self.session.flush()
Nov 28 22:00:26 ubuntu devstack@keystone.service[69015]: ERROR keystone.server.flask.application   File "/opt/stack/data/venv/lib/python3.10/site-packages/sqlalchemy/orm/session.py", line 4352, in flush
Nov 28 22:00:26 ubuntu devstack@keystone.service[69015]: ERROR keystone.server.flask.application     self._flush(objects)
Nov 28 22:00:26 ubuntu devstack@keystone.service[69015]: ERROR keystone.server.flask.application   File "/opt/stack/data/venv/lib/python3.10/site-packages/sqlalchemy/orm/session.py", line 4487, in _flush
Nov 28 22:00:26 ubuntu devstack@keystone.service[69015]: ERROR keystone.server.flask.application     with util.safe_reraise():
Nov 28 22:00:26 ubuntu devstack@keystone.service[69015]: ERROR keystone.server.flask.application   File "/opt/stack/data/venv/lib/python3.10/site-packages/sqlalchemy/util/langhelpers.py", line 146, in __exit__
Nov 28 22:00:26 ubuntu devstack@keystone.service[69015]: ERROR keystone.server.flask.application     raise exc_value.with_traceback(exc_tb)
Nov 28 22:00:26 ubuntu devstack@keystone.service[69015]: ERROR keystone.server.flask.application   File "/opt/stack/data/venv/lib/python3.10/site-packages/sqlalchemy/orm/session.py", line 4448, in _flush
Nov 28 22:00:26 ubuntu devstack@keystone.service[69015]: ERROR keystone.server.flask.application     flush_context.execute()
Nov 28 22:00:26 ubuntu devstack@keystone.service[69015]: ERROR keystone.server.flask.application   File "/opt/stack/data/venv/lib/python3.10/site-packages/sqlalchemy/orm/unitofwork.py", line 466, in execute
Nov 28 22:00:26 ubuntu devstack@keystone.service[69015]: ERROR keystone.server.flask.application     rec.execute(self)
Nov 28 22:00:26 ubuntu devstack@keystone.service[69015]: ERROR keystone.server.flask.application   File "/opt/stack/data/venv/lib/python3.10/site-packages/sqlalchemy/orm/unitofwork.py", line 642, in execute
Nov 28 22:00:26 ubuntu devstack@keystone.service[69015]: ERROR keystone.server.flask.application     util.preloaded.orm_persistence.save_obj(
Nov 28 22:00:26 ubuntu devstack@keystone.service[69015]: ERROR keystone.server.flask.application   File "/opt/stack/data/venv/lib/python3.10/site-packages/sqlalchemy/orm/persistence.py", line 93, in save_obj
Nov 28 22:00:26 ubuntu devstack@keystone.service[69015]: ERROR keystone.server.flask.application     _emit_insert_statements(
Nov 28 22:00:26 ubuntu devstack@keystone.service[69015]: ERROR keystone.server.flask.application   File "/opt/stack/data/venv/lib/python3.10/site-packages/sqlalchemy/orm/persistence.py", line 1048, in _emit_insert_statements
Nov 28 22:00:26 ubuntu devstack@keystone.service[69015]: ERROR keystone.server.flask.application     result = connection.execute(
Nov 28 22:00:26 ubuntu devstack@keystone.service[69015]: ERROR keystone.server.flask.application   File "/opt/stack/data/venv/lib/python3.10/site-packages/sqlalchemy/engine/base.py", line 1418, in execute
Nov 28 22:00:26 ubuntu devstack@keystone.service[69015]: ERROR keystone.server.flask.application     return meth(
Nov 28 22:00:26 ubuntu devstack@keystone.service[69015]: ERROR keystone.server.flask.application   File "/opt/stack/data/venv/lib/python3.10/site-packages/sqlalchemy/sql/elements.py", line 515, in _execute_on_connection
Nov 28 22:00:26 ubuntu devstack@keystone.service[69015]: ERROR keystone.server.flask.application     return connection._execute_clauseelement(
Nov 28 22:00:26 ubuntu devstack@keystone.service[69015]: ERROR keystone.server.flask.application   File "/opt/stack/data/venv/lib/python3.10/site-packages/sqlalchemy/engine/base.py", line 1640, in _execute_clauseelement
Nov 28 22:00:26 ubuntu devstack@keystone.service[69015]: ERROR keystone.server.flask.application     ret = self._execute_context(
Nov 28 22:00:26 ubuntu devstack@keystone.service[69015]: ERROR keystone.server.flask.application   File "/opt/stack/data/venv/lib/python3.10/site-packages/sqlalchemy/engine/base.py", line 1846, in _execute_context
Nov 28 22:00:26 ubuntu devstack@keystone.service[69015]: ERROR keystone.server.flask.application     return self._exec_single_context(
Nov 28 22:00:26 ubuntu devstack@keystone.service[69015]: ERROR keystone.server.flask.application   File "/opt/stack/data/venv/lib/python3.10/site-packages/sqlalchemy/engine/base.py", line 1986, in _exec_single_context
Nov 28 22:00:26 ubuntu devstack@keystone.service[69015]: ERROR keystone.server.flask.application     self._handle_dbapi_exception(
Nov 28 22:00:26 ubuntu devstack@keystone.service[69015]: ERROR keystone.server.flask.application   File "/opt/stack/data/venv/lib/python3.10/site-packages/sqlalchemy/engine/base.py", line 2352, in _handle_dbapi_exception
Nov 28 22:00:26 ubuntu devstack@keystone.service[69015]: ERROR keystone.server.flask.application     raise newraise.with_traceback(exc_info[2]) from e
Nov 28 22:00:26 ubuntu devstack@keystone.service[69015]: ERROR keystone.server.flask.application   File "/opt/stack/data/venv/lib/python3.10/site-packages/sqlalchemy/engine/base.py", line 1967, in _exec_single_context
Nov 28 22:00:26 ubuntu devstack@keystone.service[69015]: ERROR keystone.server.flask.application     self.dialect.do_execute(
Nov 28 22:00:26 ubuntu devstack@keystone.service[69015]: ERROR keystone.server.flask.application   File "/opt/stack/data/venv/lib/python3.10/site-packages/sqlalchemy/engine/default.py", line 941, in do_execute
Nov 28 22:00:26 ubuntu devstack@keystone.service[69015]: ERROR keystone.server.flask.application     cursor.execute(statement, parameters)
Nov 28 22:00:26 ubuntu devstack@keystone.service[69015]: ERROR keystone.server.flask.application   File "/opt/stack/data/venv/lib/python3.10/site-packages/pymysql/cursors.py", line 153, in execute
Nov 28 22:00:26 ubuntu devstack@keystone.service[69015]: ERROR keystone.server.flask.application     result = self._query(query)
Nov 28 22:00:26 ubuntu devstack@keystone.service[69015]: ERROR keystone.server.flask.application   File "/opt/stack/data/venv/lib/python3.10/site-packages/pymysql/cursors.py", line 322, in _query
Nov 28 22:00:26 ubuntu devstack@keystone.service[69015]: ERROR keystone.server.flask.application     conn.query(q)
Nov 28 22:00:26 ubuntu devstack@keystone.service[69015]: ERROR keystone.server.flask.application   File "/opt/stack/data/venv/lib/python3.10/site-packages/pymysql/connections.py", line 563, in query
Nov 28 22:00:26 ubuntu devstack@keystone.service[69015]: ERROR keystone.server.flask.application     self._affected_rows = self._read_query_result(unbuffered=unbuffered)
Nov 28 22:00:26 ubuntu devstack@keystone.service[69015]: ERROR keystone.server.flask.application   File "/opt/stack/data/venv/lib/python3.10/site-packages/pymysql/connections.py", line 825, in _read_query_result
Nov 28 22:00:26 ubuntu devstack@keystone.service[69015]: ERROR keystone.server.flask.application     result.read()
Nov 28 22:00:26 ubuntu devstack@keystone.service[69015]: ERROR keystone.server.flask.application   File "/opt/stack/data/venv/lib/python3.10/site-packages/pymysql/connections.py", line 1199, in read
Nov 28 22:00:26 ubuntu devstack@keystone.service[69015]: ERROR keystone.server.flask.application     first_packet = self.connection._read_packet()
Nov 28 22:00:26 ubuntu devstack@keystone.service[69015]: ERROR keystone.server.flask.application   File "/opt/stack/data/venv/lib/python3.10/site-packages/pymysql/connections.py", line 775, in _read_packet
Nov 28 22:00:26 ubuntu devstack@keystone.service[69015]: ERROR keystone.server.flask.application     packet.raise_for_error()
Nov 28 22:00:26 ubuntu devstack@keystone.service[69015]: ERROR keystone.server.flask.application   File "/opt/stack/data/venv/lib/python3.10/site-packages/pymysql/protocol.py", line 219, in raise_for_error
Nov 28 22:00:26 ubuntu devstack@keystone.service[69015]: ERROR keystone.server.flask.application     err.raise_mysql_exception(self._data)
Nov 28 22:00:26 ubuntu devstack@keystone.service[69015]: ERROR keystone.server.flask.application   File "/opt/stack/data/venv/lib/python3.10/site-packages/pymysql/err.py", line 150, in raise_mysql_exception
Nov 28 22:00:26 ubuntu devstack@keystone.service[69015]: ERROR keystone.server.flask.application     raise errorclass(errno, errval)
Nov 28 22:00:26 ubuntu devstack@keystone.service[69015]: ERROR keystone.server.flask.application oslo_db.exception.DBDuplicateEntry: (pymysql.err.IntegrityError) (1062, "Duplicate entry '<<keystone.domain.root>>-Default' for key 'project.ixu_project_name_domain_id'")
Nov 28 22:00:26 ubuntu devstack@keystone.service[69015]: ERROR keystone.server.flask.application [SQL: INSERT INTO project (id, name, domain_id, description, enabled, extra, parent_id, is_domain) VALUES (%(id)s, %(name)s, %(domain_id)s, %(description)s, %(enabled)s, %(extra)s, %(parent_id)s, %(is_domain)s)]
Nov 28 22:00:26 ubuntu devstack@keystone.service[69015]: ERROR keystone.server.flask.application [parameters: {'id': '48d36b8cd4c04d4cb8744e1d974fc106', 'name': 'Default', 'domain_id': '<<keystone.domain.root>>', 'description': '', 'enabled': 1, 'extra': '{}', 'parent_id': None, 'is_domain': 1}]
Nov 28 22:00:26 ubuntu devstack@keystone.service[69015]: ERROR keystone.server.flask.application (Background on this error at: https://sqlalche.me/e/20/gkpj)
Nov 28 22:00:26 ubuntu devstack@keystone.service[69015]: ERROR keystone.server.flask.application 
Nov 28 22:00:26 ubuntu devstack@keystone.service[69015]: ERROR keystone.server.flask.application During handling of the above exception, another exception occurred:
Nov 28 22:00:26 ubuntu devstack@keystone.service[69015]: ERROR keystone.server.flask.application 
Nov 28 22:00:26 ubuntu devstack@keystone.service[69015]: ERROR keystone.server.flask.application Traceback (most recent call last):
Nov 28 22:00:26 ubuntu devstack@keystone.service[69015]: ERROR keystone.server.flask.application   File "/opt/stack/keystone/keystone/resource/core.py", line 250, in create_project
Nov 28 22:00:26 ubuntu devstack@keystone.service[69015]: ERROR keystone.server.flask.application     ret = self.driver.create_project(project_id, project)
Nov 28 22:00:26 ubuntu devstack@keystone.service[69015]: ERROR keystone.server.flask.application   File "/opt/stack/keystone/keystone/common/sql/core.py", line 580, in wrapper
Nov 28 22:00:26 ubuntu devstack@keystone.service[69015]: ERROR keystone.server.flask.application     raise exception.Conflict(type=conflict_type, details=msg)
Nov 28 22:00:26 ubuntu devstack@keystone.service[69015]: ERROR keystone.server.flask.application keystone.exception.Conflict: Conflict occurred attempting to store project - Duplicate entry found with name Default.
Nov 28 22:00:26 ubuntu devstack@keystone.service[69015]: ERROR keystone.server.flask.application 
Nov 28 22:00:26 ubuntu devstack@keystone.service[69015]: ERROR keystone.server.flask.application During handling of the above exception, another exception occurred:
Nov 28 22:00:26 ubuntu devstack@keystone.service[69015]: ERROR keystone.server.flask.application 
Nov 28 22:00:26 ubuntu devstack@keystone.service[69015]: ERROR keystone.server.flask.application Traceback (most recent call last):
Nov 28 22:00:26 ubuntu devstack@keystone.service[69015]: ERROR keystone.server.flask.application   File "/opt/stack/data/venv/lib/python3.10/site-packages/flask/app.py", line 917, in full_dispatch_request
Nov 28 22:00:26 ubuntu devstack@keystone.service[69015]: ERROR keystone.server.flask.application     rv = self.dispatch_request()
Nov 28 22:00:26 ubuntu devstack@keystone.service[69015]: ERROR keystone.server.flask.application   File "/opt/stack/data/venv/lib/python3.10/site-packages/flask/app.py", line 902, in dispatch_request
Nov 28 22:00:26 ubuntu devstack@keystone.service[69015]: ERROR keystone.server.flask.application     return self.ensure_sync(self.view_functions[rule.endpoint])(**view_args)  # type: ignore[no-any-return]
Nov 28 22:00:26 ubuntu devstack@keystone.service[69015]: ERROR keystone.server.flask.application   File "/opt/stack/data/venv/lib/python3.10/site-packages/flask_restful/__init__.py", line 489, in wrapper
Nov 28 22:00:26 ubuntu devstack@keystone.service[69015]: ERROR keystone.server.flask.application     resp = resource(*args, **kwargs)
Nov 28 22:00:26 ubuntu devstack@keystone.service[69015]: ERROR keystone.server.flask.application   File "/opt/stack/data/venv/lib/python3.10/site-packages/flask/views.py", line 110, in view
Nov 28 22:00:26 ubuntu devstack@keystone.service[69015]: ERROR keystone.server.flask.application     return current_app.ensure_sync(self.dispatch_request)(**kwargs)  # type: ignore[no-any-return]
Nov 28 22:00:26 ubuntu devstack@keystone.service[69015]: ERROR keystone.server.flask.application   File "/opt/stack/data/venv/lib/python3.10/site-packages/flask_restful/__init__.py", line 604, in dispatch_request
Nov 28 22:00:26 ubuntu devstack@keystone.service[69015]: ERROR keystone.server.flask.application     resp = meth(*args, **kwargs)
Nov 28 22:00:26 ubuntu devstack@keystone.service[69015]: ERROR keystone.server.flask.application   File "/opt/stack/keystone/keystone/api/domains.py", line 141, in post
Nov 28 22:00:26 ubuntu devstack@keystone.service[69015]: ERROR keystone.server.flask.application     ref = PROVIDERS.resource_api.create_domain(
Nov 28 22:00:26 ubuntu devstack@keystone.service[69015]: ERROR keystone.server.flask.application   File "/opt/stack/keystone/keystone/common/manager.py", line 108, in wrapped
Nov 28 22:00:26 ubuntu devstack@keystone.service[69015]: ERROR keystone.server.flask.application     __ret_val = __f(*args, **kwargs)
Nov 28 22:00:26 ubuntu devstack@keystone.service[69015]: ERROR keystone.server.flask.application   File "/opt/stack/keystone/keystone/resource/core.py", line 867, in create_domain
Nov 28 22:00:26 ubuntu devstack@keystone.service[69015]: ERROR keystone.server.flask.application     is_domain_project = self.create_project(
Nov 28 22:00:26 ubuntu devstack@keystone.service[69015]: ERROR keystone.server.flask.application   File "/opt/stack/keystone/keystone/common/manager.py", line 108, in wrapped
Nov 28 22:00:26 ubuntu devstack@keystone.service[69015]: ERROR keystone.server.flask.application     __ret_val = __f(*args, **kwargs)
Nov 28 22:00:26 ubuntu devstack@keystone.service[69015]: ERROR keystone.server.flask.application   File "/opt/stack/keystone/keystone/resource/core.py", line 252, in create_project
Nov 28 22:00:26 ubuntu devstack@keystone.service[69015]: ERROR keystone.server.flask.application     raise exception.Conflict(
Nov 28 22:00:26 ubuntu devstack@keystone.service[69015]: ERROR keystone.server.flask.application keystone.exception.Conflict: Conflict occurred attempting to store project - it is not permitted to have two projects acting as domains with the same name: Default.
Nov 28 22:00:26 ubuntu devstack@keystone.service[69015]: ERROR keystone.server.flask.application 
Nov 28 22:00:26 ubuntu devstack@keystone.service[69015]: [pid: 69015|app: 0|req: 8/16] 10.201.5.82 () {60 vars in 1129 bytes} [Thu Nov 28 22:00:26 2024] POST /identity/v3/domains => generated 190 bytes in 110 msecs (HTTP/1.1 409) 5 headers in 183 bytes (1 switches on core 0)
Nov 28 22:00:26 ubuntu devstack@keystone.service[69014]: DEBUG keystone.server.flask.request_processing.middleware.auth_context [None req-07181a1a-b862-4cef-860b-fdc9ffff5cbb None admin] Validating token access rules against request {{(pid=69014) validate_allowed_request /opt/stack/data/venv/lib/python3.10/site-packages/keystonemiddleware/auth_token/__init__.py:544}}
Nov 28 22:00:26 ubuntu devstack@keystone.service[69015]: DEBUG keystone.server.flask.request_processing.middleware.auth_context [None req-5110d3ae-7cf7-448f-8cf6-26e98b0085ba None admin] Authenticating user token {{(pid=69015) process_request /opt/stack/data/venv/lib/python3.10/site-packages/keystonemiddleware/auth_token/__init__.py:406}}
Nov 28 22:00:26 ubuntu devstack@keystone.service[69014]: DEBUG keystone.server.flask.request_processing.middleware.auth_context [None req-96116f77-7aa7-482c-ae1e-830a7c774beb None admin] RBAC: auth_context: {'token': <TokenModel (audit_id=DA3MKJmlSAKClqJ8FC53Iw, audit_chain_id=['DA3MKJmlSAKClqJ8FC53Iw']) at 0x7f2f6bc4d5d0>, 'domain_id': None, 'trust_id': None, 'trustor_id': None, 'trustee_id': None, 'domain_name': None, 'group_ids': [], 'user_id': 'aee8beacc6634b0b9e2413f17058abfd', 'user_domain_id': 'default', 'system_scope': 'all', 'project_id': None, 'project_domain_id': None, 'roles': ['admin', 'manager', 'member', 'reader'], 'is_admin_project': True, 'service_user_id': None, 'service_user_domain_id': None, 'service_project_id': None, 'service_project_domain_id': None, 'service_roles': []} {{(pid=69014) fill_context /opt/stack/keystone/keystone/server/flask/request_processing/middleware/auth_context.py:506}}
Nov 28 22:00:26 ubuntu devstack@keystone.service[69014]: DEBUG keystone.server.flask.request_processing.req_logging [None req-96116f77-7aa7-482c-ae1e-830a7c774beb None admin] REQUEST_METHOD: `GET` {{(pid=69014) log_request_info /opt/stack/keystone/keystone/server/flask/request_processing/req_logging.py:26}}
Nov 28 22:00:26 ubuntu devstack@keystone.service[69014]: DEBUG keystone.server.flask.request_processing.req_logging [None req-96116f77-7aa7-482c-ae1e-830a7c774beb None admin] SCRIPT_NAME: `/identity` {{(pid=69014) log_request_info /opt/stack/keystone/keystone/server/flask/request_processing/req_logging.py:27}}
Nov 28 22:00:26 ubuntu devstack@keystone.service[69014]: DEBUG keystone.server.flask.request_processing.req_logging [None req-96116f77-7aa7-482c-ae1e-830a7c774beb None admin] PATH_INFO: `/v3/users/aee8beacc6634b0b9e2413f17058abfd` {{(pid=69014) log_request_info /opt/stack/keystone/keystone/server/flask/request_processing/req_logging.py:28}}
Nov 28 22:00:26 ubuntu devstack@keystone.service[69014]: DEBUG keystone.common.rbac_enforcer.enforcer [None req-96116f77-7aa7-482c-ae1e-830a7c774beb None admin] RBAC: Authorizing `identity:get_user(user_id=aee8beacc6634b0b9e2413f17058abfd)` {{(pid=69014) enforce_call /opt/stack/keystone/keystone/common/rbac_enforcer/enforcer.py:495}}
Nov 28 22:00:26 ubuntu devstack@keystone.service[69014]: DEBUG keystone.common.rbac_enforcer.enforcer [None req-96116f77-7aa7-482c-ae1e-830a7c774beb None admin] RBAC: Authorization granted {{(pid=69014) enforce_call /opt/stack/keystone/keystone/common/rbac_enforcer/enforcer.py:506}}
Nov 28 22:00:26 ubuntu devstack@keystone.service[69014]: [pid: 69014|app: 0|req: 9/17] 10.201.5.82 () {56 vars in 1169 bytes} [Thu Nov 28 22:00:26 2024] GET /identity/v3/users/aee8beacc6634b0b9e2413f17058abfd => generated 247 bytes in 58 msecs (HTTP/1.1 200) 5 headers in 177 bytes (2 switches on core 0)
Nov 28 22:00:26 ubuntu devstack@keystone.service[69014]: DEBUG keystone.server.flask.request_processing.middleware.auth_context [None req-96116f77-7aa7-482c-ae1e-830a7c774beb None admin] Authenticating user token {{(pid=69014) process_request /opt/stack/data/venv/lib/python3.10/site-packages/keystonemiddleware/auth_token/__init__.py:406}}
Nov 28 22:00:26 ubuntu devstack@keystone.service[69015]: DEBUG keystone.server.flask.request_processing.middleware.auth_context [None req-5110d3ae-7cf7-448f-8cf6-26e98b0085ba None admin] Validating token access rules against request {{(pid=69015) validate_allowed_request /opt/stack/data/venv/lib/python3.10/site-packages/keystonemiddleware/auth_token/__init__.py:544}}
Nov 28 22:00:26 ubuntu devstack@keystone.service[69014]: DEBUG keystone.server.flask.request_processing.middleware.auth_context [None req-96116f77-7aa7-482c-ae1e-830a7c774beb None admin] Validating token access rules against request {{(pid=69014) validate_allowed_request /opt/stack/data/venv/lib/python3.10/site-packages/keystonemiddleware/auth_token/__init__.py:544}}
Nov 28 22:00:26 ubuntu devstack@keystone.service[69015]: DEBUG keystone.server.flask.request_processing.middleware.auth_context [None req-f268a702-4e45-4839-8aa1-3610d118ac58 None admin] RBAC: auth_context: {'token': <TokenModel (audit_id=Lztl3xE8TvuPOXEx1kSrHA, audit_chain_id=['Lztl3xE8TvuPOXEx1kSrHA']) at 0x7f2f6ae16110>, 'domain_id': None, 'trust_id': None, 'trustor_id': None, 'trustee_id': None, 'domain_name': None, 'group_ids': [], 'user_id': 'aee8beacc6634b0b9e2413f17058abfd', 'user_domain_id': 'default', 'system_scope': 'all', 'project_id': None, 'project_domain_id': None, 'roles': ['admin', 'manager', 'member', 'reader'], 'is_admin_project': True, 'service_user_id': None, 'service_user_domain_id': None, 'service_project_id': None, 'service_project_domain_id': None, 'service_roles': []} {{(pid=69015) fill_context /opt/stack/keystone/keystone/server/flask/request_processing/middleware/auth_context.py:506}}
Nov 28 22:00:26 ubuntu devstack@keystone.service[69015]: DEBUG keystone.server.flask.request_processing.req_logging [None req-f268a702-4e45-4839-8aa1-3610d118ac58 None admin] REQUEST_METHOD: `GET` {{(pid=69015) log_request_info /opt/stack/keystone/keystone/server/flask/request_processing/req_logging.py:26}}
Nov 28 22:00:26 ubuntu devstack@keystone.service[69015]: DEBUG keystone.server.flask.request_processing.req_logging [None req-f268a702-4e45-4839-8aa1-3610d118ac58 None admin] SCRIPT_NAME: `/identity` {{(pid=69015) log_request_info /opt/stack/keystone/keystone/server/flask/request_processing/req_logging.py:27}}
Nov 28 22:00:26 ubuntu devstack@keystone.service[69015]: DEBUG keystone.server.flask.request_processing.req_logging [None req-f268a702-4e45-4839-8aa1-3610d118ac58 None admin] PATH_INFO: `/v3/domains/Default` {{(pid=69015) log_request_info /opt/stack/keystone/keystone/server/flask/request_processing/req_logging.py:28}}
Nov 28 22:00:26 ubuntu devstack@keystone.service[69015]: DEBUG keystone.common.rbac_enforcer.enforcer [None req-f268a702-4e45-4839-8aa1-3610d118ac58 None admin] RBAC: Authorizing `identity:get_domain(domain_id=Default)` {{(pid=69015) enforce_call /opt/stack/keystone/keystone/common/rbac_enforcer/enforcer.py:495}}
Nov 28 22:00:26 ubuntu devstack@keystone.service[69015]: DEBUG keystone.common.rbac_enforcer.enforcer [None req-f268a702-4e45-4839-8aa1-3610d118ac58 None admin] RBAC: Authorization granted {{(pid=69015) enforce_call /opt/stack/keystone/keystone/common/rbac_enforcer/enforcer.py:506}}
Nov 28 22:00:26 ubuntu devstack@keystone.service[69014]: DEBUG keystone.server.flask.request_processing.middleware.auth_context [None req-5844bc75-09dc-4d40-b3ae-277f838a2035 None admin] RBAC: auth_context: {'token': <TokenModel (audit_id=DA3MKJmlSAKClqJ8FC53Iw, audit_chain_id=['DA3MKJmlSAKClqJ8FC53Iw']) at 0x7f2f6b0a9210>, 'domain_id': None, 'trust_id': None, 'trustor_id': None, 'trustee_id': None, 'domain_name': None, 'group_ids': [], 'user_id': 'aee8beacc6634b0b9e2413f17058abfd', 'user_domain_id': 'default', 'system_scope': 'all', 'project_id': None, 'project_domain_id': None, 'roles': ['admin', 'manager', 'member', 'reader'], 'is_admin_project': True, 'service_user_id': None, 'service_user_domain_id': None, 'service_project_id': None, 'service_project_domain_id': None, 'service_roles': []} {{(pid=69014) fill_context /opt/stack/keystone/keystone/server/flask/request_processing/middleware/auth_context.py:506}}
Nov 28 22:00:26 ubuntu devstack@keystone.service[69014]: DEBUG keystone.server.flask.request_processing.req_logging [None req-5844bc75-09dc-4d40-b3ae-277f838a2035 None admin] REQUEST_METHOD: `GET` {{(pid=69014) log_request_info /opt/stack/keystone/keystone/server/flask/request_processing/req_logging.py:26}}
Nov 28 22:00:26 ubuntu devstack@keystone.service[69014]: DEBUG keystone.server.flask.request_processing.req_logging [None req-5844bc75-09dc-4d40-b3ae-277f838a2035 None admin] SCRIPT_NAME: `/identity` {{(pid=69014) log_request_info /opt/stack/keystone/keystone/server/flask/request_processing/req_logging.py:27}}
Nov 28 22:00:26 ubuntu devstack@keystone.service[69014]: DEBUG keystone.server.flask.request_processing.req_logging [None req-5844bc75-09dc-4d40-b3ae-277f838a2035 None admin] PATH_INFO: `/v3/domains/default` {{(pid=69014) log_request_info /opt/stack/keystone/keystone/server/flask/request_processing/req_logging.py:28}}
Nov 28 22:00:26 ubuntu devstack@keystone.service[69014]: DEBUG keystone.common.rbac_enforcer.enforcer [None req-5844bc75-09dc-4d40-b3ae-277f838a2035 None admin] RBAC: Authorizing `identity:get_domain(domain_id=default)` {{(pid=69014) enforce_call /opt/stack/keystone/keystone/common/rbac_enforcer/enforcer.py:495}}
Nov 28 22:00:26 ubuntu devstack@keystone.service[69015]: DEBUG keystone.server.flask.application [None req-f268a702-4e45-4839-8aa1-3610d118ac58 None admin] Could not find domain: Default. {{(pid=69015) _handle_keystone_exception /opt/stack/keystone/keystone/server/flask/application.py:152}}
Nov 28 22:00:26 ubuntu devstack@keystone.service[69014]: DEBUG keystone.common.rbac_enforcer.enforcer [None req-5844bc75-09dc-4d40-b3ae-277f838a2035 None admin] RBAC: Authorization granted {{(pid=69014) enforce_call /opt/stack/keystone/keystone/common/rbac_enforcer/enforcer.py:506}}
Nov 28 22:00:26 ubuntu devstack@keystone.service[69015]: [pid: 69015|app: 0|req: 9/18] 10.201.5.82 () {56 vars in 1100 bytes} [Thu Nov 28 22:00:26 2024] GET /identity/v3/domains/Default => generated 87 bytes in 74 msecs (HTTP/1.1 404) 5 headers in 183 bytes (1 switches on core 0)
Nov 28 22:00:26 ubuntu devstack@keystone.service[69014]: [pid: 69014|app: 0|req: 10/19] 10.201.5.82 () {56 vars in 1100 bytes} [Thu Nov 28 22:00:26 2024] GET /identity/v3/domains/default => generated 199 bytes in 51 msecs (HTTP/1.1 200) 5 headers in 177 bytes (2 switches on core 0)
Nov 28 22:00:26 ubuntu devstack@keystone.service[69014]: DEBUG keystone.server.flask.request_processing.middleware.auth_context [None req-5844bc75-09dc-4d40-b3ae-277f838a2035 None admin] Authenticating user token {{(pid=69014) process_request /opt/stack/data/venv/lib/python3.10/site-packages/keystonemiddleware/auth_token/__init__.py:406}}
Nov 28 22:00:26 ubuntu devstack@keystone.service[69015]: DEBUG keystone.server.flask.request_processing.middleware.auth_context [None req-f268a702-4e45-4839-8aa1-3610d118ac58 None admin] Authenticating user token {{(pid=69015) process_request /opt/stack/data/venv/lib/python3.10/site-packages/keystonemiddleware/auth_token/__init__.py:406}}
Nov 28 22:00:26 ubuntu devstack@keystone.service[69014]: DEBUG keystone.server.flask.request_processing.middleware.auth_context [None req-5844bc75-09dc-4d40-b3ae-277f838a2035 None admin] Validating token access rules against request {{(pid=69014) validate_allowed_request /opt/stack/data/venv/lib/python3.10/site-packages/keystonemiddleware/auth_token/__init__.py:544}}
Nov 28 22:00:26 ubuntu devstack@keystone.service[69015]: DEBUG keystone.server.flask.request_processing.middleware.auth_context [None req-f268a702-4e45-4839-8aa1-3610d118ac58 None admin] Validating token access rules against request {{(pid=69015) validate_allowed_request /opt/stack/data/venv/lib/python3.10/site-packages/keystonemiddleware/auth_token/__init__.py:544}}
Nov 28 22:00:26 ubuntu devstack@keystone.service[69014]: DEBUG keystone.server.flask.request_processing.middleware.auth_context [None req-81b1c1b9-1d87-44ac-a849-5cbcc1560593 None admin] RBAC: auth_context: {'token': <TokenModel (audit_id=DA3MKJmlSAKClqJ8FC53Iw, audit_chain_id=['DA3MKJmlSAKClqJ8FC53Iw']) at 0x7f2f6bc4d2d0>, 'domain_id': None, 'trust_id': None, 'trustor_id': None, 'trustee_id': None, 'domain_name': None, 'group_ids': [], 'user_id': 'aee8beacc6634b0b9e2413f17058abfd', 'user_domain_id': 'default', 'system_scope': 'all', 'project_id': None, 'project_domain_id': None, 'roles': ['admin', 'manager', 'member', 'reader'], 'is_admin_project': True, 'service_user_id': None, 'service_user_domain_id': None, 'service_project_id': None, 'service_project_domain_id': None, 'service_roles': []} {{(pid=69014) fill_context /opt/stack/keystone/keystone/server/flask/request_processing/middleware/auth_context.py:506}}
Nov 28 22:00:26 ubuntu devstack@keystone.service[69014]: DEBUG keystone.server.flask.request_processing.req_logging [None req-81b1c1b9-1d87-44ac-a849-5cbcc1560593 None admin] REQUEST_METHOD: `PUT` {{(pid=69014) log_request_info /opt/stack/keystone/keystone/server/flask/request_processing/req_logging.py:26}}
Nov 28 22:00:26 ubuntu devstack@keystone.service[69014]: DEBUG keystone.server.flask.request_processing.req_logging [None req-81b1c1b9-1d87-44ac-a849-5cbcc1560593 None admin] SCRIPT_NAME: `/identity` {{(pid=69014) log_request_info /opt/stack/keystone/keystone/server/flask/request_processing/req_logging.py:27}}
Nov 28 22:00:26 ubuntu devstack@keystone.service[69014]: DEBUG keystone.server.flask.request_processing.req_logging [None req-81b1c1b9-1d87-44ac-a849-5cbcc1560593 None admin] PATH_INFO: `/v3/domains/default/users/aee8beacc6634b0b9e2413f17058abfd/roles/83e5736328c74df1a1cf1935d21aff0c` {{(pid=69014) log_request_info /opt/stack/keystone/keystone/server/flask/request_processing/req_logging.py:28}}
Nov 28 22:00:26 ubuntu devstack@keystone.service[69015]: DEBUG keystone.server.flask.request_processing.middleware.auth_context [None req-95e4e2c4-8476-4352-8294-f6a4203eb38f None admin] RBAC: auth_context: {'token': <TokenModel (audit_id=Lztl3xE8TvuPOXEx1kSrHA, audit_chain_id=['Lztl3xE8TvuPOXEx1kSrHA']) at 0x7f2f6ae171f0>, 'domain_id': None, 'trust_id': None, 'trustor_id': None, 'trustee_id': None, 'domain_name': None, 'group_ids': [], 'user_id': 'aee8beacc6634b0b9e2413f17058abfd', 'user_domain_id': 'default', 'system_scope': 'all', 'project_id': None, 'project_domain_id': None, 'roles': ['admin', 'manager', 'member', 'reader'], 'is_admin_project': True, 'service_user_id': None, 'service_user_domain_id': None, 'service_project_id': None, 'service_project_domain_id': None, 'service_roles': []} {{(pid=69015) fill_context /opt/stack/keystone/keystone/server/flask/request_processing/middleware/auth_context.py:506}}
Nov 28 22:00:26 ubuntu devstack@keystone.service[69014]: DEBUG keystone.common.rbac_enforcer.enforcer [None req-81b1c1b9-1d87-44ac-a849-5cbcc1560593 None admin] RBAC: Authorizing `identity:create_grant(domain_id=default, user_id=aee8beacc6634b0b9e2413f17058abfd, role_id=83e5736328c74df1a1cf1935d21aff0c)` {{(pid=69014) enforce_call /opt/stack/keystone/keystone/common/rbac_enforcer/enforcer.py:495}}
Nov 28 22:00:26 ubuntu devstack@keystone.service[69015]: DEBUG keystone.server.flask.request_processing.req_logging [None req-95e4e2c4-8476-4352-8294-f6a4203eb38f None admin] REQUEST_METHOD: `GET` {{(pid=69015) log_request_info /opt/stack/keystone/keystone/server/flask/request_processing/req_logging.py:26}}
Nov 28 22:00:26 ubuntu devstack@keystone.service[69015]: DEBUG keystone.server.flask.request_processing.req_logging [None req-95e4e2c4-8476-4352-8294-f6a4203eb38f None admin] SCRIPT_NAME: `/identity` {{(pid=69015) log_request_info /opt/stack/keystone/keystone/server/flask/request_processing/req_logging.py:27}}
Nov 28 22:00:26 ubuntu devstack@keystone.service[69015]: DEBUG keystone.server.flask.request_processing.req_logging [None req-95e4e2c4-8476-4352-8294-f6a4203eb38f None admin] PATH_INFO: `/v3/domains` {{(pid=69015) log_request_info /opt/stack/keystone/keystone/server/flask/request_processing/req_logging.py:28}}
Nov 28 22:00:26 ubuntu devstack@keystone.service[69015]: DEBUG keystone.common.rbac_enforcer.enforcer [None req-95e4e2c4-8476-4352-8294-f6a4203eb38f None admin] RBAC: Adding query filter params (name=Default) {{(pid=69015) _extract_filter_values /opt/stack/keystone/keystone/common/rbac_enforcer/enforcer.py:176}}
Nov 28 22:00:26 ubuntu devstack@keystone.service[69015]: DEBUG keystone.common.rbac_enforcer.enforcer [None req-95e4e2c4-8476-4352-8294-f6a4203eb38f None admin] RBAC: Authorizing `identity:list_domains()` {{(pid=69015) enforce_call /opt/stack/keystone/keystone/common/rbac_enforcer/enforcer.py:495}}
Nov 28 22:00:26 ubuntu devstack@keystone.service[69014]: DEBUG keystone.common.rbac_enforcer.enforcer [None req-81b1c1b9-1d87-44ac-a849-5cbcc1560593 None admin] RBAC: Authorization granted {{(pid=69014) enforce_call /opt/stack/keystone/keystone/common/rbac_enforcer/enforcer.py:506}}
Nov 28 22:00:26 ubuntu devstack@keystone.service[69015]: DEBUG keystone.common.rbac_enforcer.enforcer [None req-95e4e2c4-8476-4352-8294-f6a4203eb38f None admin] RBAC: Authorization granted {{(pid=69015) enforce_call /opt/stack/keystone/keystone/common/rbac_enforcer/enforcer.py:506}}
Nov 28 22:00:26 ubuntu devstack@keystone.service[69015]: [pid: 69015|app: 0|req: 10/20] 10.201.5.82 () {56 vars in 1101 bytes} [Thu Nov 28 22:00:26 2024] GET /identity/v3/domains?name=Default => generated 308 bytes in 59 msecs (HTTP/1.1 200) 5 headers in 177 bytes (1 switches on core 0)
Nov 28 22:00:26 ubuntu devstack@keystone.service[69014]: [pid: 69014|app: 0|req: 11/21] 10.201.5.82 () {58 vars in 1353 bytes} [Thu Nov 28 22:00:26 2024] PUT /identity/v3/domains/default/users/aee8beacc6634b0b9e2413f17058abfd/roles/83e5736328c74df1a1cf1935d21aff0c => generated 0 bytes in 110 msecs (HTTP/1.1 204) 3 headers in 132 bytes (0 switches on core 0)
Nov 28 22:00:27 ubuntu devstack@keystone.service[69015]: DEBUG keystone.server.flask.request_processing.req_logging [None req-3f937fe9-48ee-476a-baa3-abe831ff7f20 None None] REQUEST_METHOD: `GET` {{(pid=69015) log_request_info /opt/stack/keystone/keystone/server/flask/request_processing/req_logging.py:26}}
Nov 28 22:00:27 ubuntu devstack@keystone.service[69015]: DEBUG keystone.server.flask.request_processing.req_logging [None req-3f937fe9-48ee-476a-baa3-abe831ff7f20 None None] SCRIPT_NAME: `/identity` {{(pid=69015) log_request_info /opt/stack/keystone/keystone/server/flask/request_processing/req_logging.py:27}}
Nov 28 22:00:27 ubuntu devstack@keystone.service[69015]: DEBUG keystone.server.flask.request_processing.req_logging [None req-3f937fe9-48ee-476a-baa3-abe831ff7f20 None None] PATH_INFO: `/` {{(pid=69015) log_request_info /opt/stack/keystone/keystone/server/flask/request_processing/req_logging.py:28}}
Nov 28 22:00:27 ubuntu devstack@keystone.service[69015]: [pid: 69015|app: 0|req: 11/22] 10.201.5.82 () {54 vars in 918 bytes} [Thu Nov 28 22:00:27 2024] GET /identity => generated 270 bytes in 1 msecs (HTTP/1.1 300) 6 headers in 234 bytes (1 switches on core 0)
Nov 28 22:00:27 ubuntu devstack@keystone.service[69014]: DEBUG keystone.server.flask.request_processing.req_logging [None req-cbbf788a-7427-4733-8385-3f146f6c7186 None None] REQUEST_METHOD: `POST` {{(pid=69014) log_request_info /opt/stack/keystone/keystone/server/flask/request_processing/req_logging.py:26}}
Nov 28 22:00:27 ubuntu devstack@keystone.service[69014]: DEBUG keystone.server.flask.request_processing.req_logging [None req-cbbf788a-7427-4733-8385-3f146f6c7186 None None] SCRIPT_NAME: `/identity` {{(pid=69014) log_request_info /opt/stack/keystone/keystone/server/flask/request_processing/req_logging.py:27}}
Nov 28 22:00:27 ubuntu devstack@keystone.service[69014]: DEBUG keystone.server.flask.request_processing.req_logging [None req-cbbf788a-7427-4733-8385-3f146f6c7186 None None] PATH_INFO: `/v3/auth/tokens` {{(pid=69014) log_request_info /opt/stack/keystone/keystone/server/flask/request_processing/req_logging.py:28}}
Nov 28 22:00:27 ubuntu devstack@keystone.service[69014]: WARNING keystone.common.password_hashing [None req-cbbf788a-7427-4733-8385-3f146f6c7186 None None] Truncating password to algorithm specific maximum length 72 characters.
Nov 28 22:00:27 ubuntu devstack@keystone.service[69014]: DEBUG keystone.auth.core [None req-cbbf788a-7427-4733-8385-3f146f6c7186 None None] MFA Rules not processed for user `aee8beacc6634b0b9e2413f17058abfd`. Rule list: `[]` (Enabled: `True`). {{(pid=69014) check_auth_methods_against_rules /opt/stack/keystone/keystone/auth/core.py:476}}
Nov 28 22:00:27 ubuntu devstack@keystone.service[69014]: DEBUG keystone.common.fernet_utils [None req-cbbf788a-7427-4733-8385-3f146f6c7186 None None] Loaded 2 Fernet keys from /etc/keystone/fernet-keys/, but `[fernet_tokens] max_active_keys = 3`; perhaps there have not been enough key rotations to reach `max_active_keys` yet? {{(pid=69014) load_keys /opt/stack/keystone/keystone/common/fernet_utils.py:297}}
Nov 28 22:00:27 ubuntu devstack@keystone.service[69014]: [pid: 69014|app: 0|req: 12/23] 10.201.5.82 () {58 vars in 1015 bytes} [Thu Nov 28 22:00:27 2024] POST /identity/v3/auth/tokens => generated 862 bytes in 55 msecs (HTTP/1.1 201) 6 headers in 363 bytes (1 switches on core 0)
Nov 28 22:00:27 ubuntu devstack@keystone.service[69015]: DEBUG keystone.server.flask.request_processing.req_logging [None req-f7096683-ee68-4b1a-be7c-6fbf9cc89409 None None] REQUEST_METHOD: `GET` {{(pid=69015) log_request_info /opt/stack/keystone/keystone/server/flask/request_processing/req_logging.py:26}}
Nov 28 22:00:27 ubuntu devstack@keystone.service[69015]: DEBUG keystone.server.flask.request_processing.req_logging [None req-f7096683-ee68-4b1a-be7c-6fbf9cc89409 None None] SCRIPT_NAME: `/identity` {{(pid=69015) log_request_info /opt/stack/keystone/keystone/server/flask/request_processing/req_logging.py:27}}
Nov 28 22:00:27 ubuntu devstack@keystone.service[69015]: DEBUG keystone.server.flask.request_processing.req_logging [None req-f7096683-ee68-4b1a-be7c-6fbf9cc89409 None None] PATH_INFO: `/` {{(pid=69015) log_request_info /opt/stack/keystone/keystone/server/flask/request_processing/req_logging.py:28}}
Nov 28 22:00:27 ubuntu devstack@keystone.service[69015]: [pid: 69015|app: 0|req: 12/24] 10.201.5.82 () {54 vars in 918 bytes} [Thu Nov 28 22:00:27 2024] GET /identity => generated 270 bytes in 1 msecs (HTTP/1.1 300) 6 headers in 234 bytes (1 switches on core 0)
Nov 28 22:00:27 ubuntu devstack@keystone.service[69014]: DEBUG keystone.server.flask.request_processing.req_logging [None req-21600dd1-1a56-4bb2-8ba9-929c5c62fb7b None None] REQUEST_METHOD: `POST` {{(pid=69014) log_request_info /opt/stack/keystone/keystone/server/flask/request_processing/req_logging.py:26}}
Nov 28 22:00:27 ubuntu devstack@keystone.service[69014]: DEBUG keystone.server.flask.request_processing.req_logging [None req-21600dd1-1a56-4bb2-8ba9-929c5c62fb7b None None] SCRIPT_NAME: `/identity` {{(pid=69014) log_request_info /opt/stack/keystone/keystone/server/flask/request_processing/req_logging.py:27}}
Nov 28 22:00:27 ubuntu devstack@keystone.service[69014]: DEBUG keystone.server.flask.request_processing.req_logging [None req-21600dd1-1a56-4bb2-8ba9-929c5c62fb7b None None] PATH_INFO: `/v3/auth/tokens` {{(pid=69014) log_request_info /opt/stack/keystone/keystone/server/flask/request_processing/req_logging.py:28}}
Nov 28 22:00:27 ubuntu devstack@keystone.service[69014]: WARNING keystone.common.password_hashing [None req-21600dd1-1a56-4bb2-8ba9-929c5c62fb7b None None] Truncating password to algorithm specific maximum length 72 characters.
Nov 28 22:00:27 ubuntu devstack@keystone.service[69014]: DEBUG keystone.auth.core [None req-21600dd1-1a56-4bb2-8ba9-929c5c62fb7b None None] MFA Rules not processed for user `aee8beacc6634b0b9e2413f17058abfd`. Rule list: `[]` (Enabled: `True`). {{(pid=69014) check_auth_methods_against_rules /opt/stack/keystone/keystone/auth/core.py:476}}
Nov 28 22:00:27 ubuntu devstack@keystone.service[69014]: DEBUG keystone.common.fernet_utils [None req-21600dd1-1a56-4bb2-8ba9-929c5c62fb7b None None] Loaded 2 Fernet keys from /etc/keystone/fernet-keys/, but `[fernet_tokens] max_active_keys = 3`; perhaps there have not been enough key rotations to reach `max_active_keys` yet? {{(pid=69014) load_keys /opt/stack/keystone/keystone/common/fernet_utils.py:297}}
Nov 28 22:00:27 ubuntu devstack@keystone.service[69014]: [pid: 69014|app: 0|req: 13/25] 10.201.5.82 () {58 vars in 1015 bytes} [Thu Nov 28 22:00:27 2024] POST /identity/v3/auth/tokens => generated 862 bytes in 49 msecs (HTTP/1.1 201) 6 headers in 363 bytes (1 switches on core 0)
Nov 28 22:00:27 ubuntu devstack@keystone.service[69015]: DEBUG keystone.server.flask.request_processing.middleware.auth_context [None req-f7096683-ee68-4b1a-be7c-6fbf9cc89409 None None] Authenticating user token {{(pid=69015) process_request /opt/stack/data/venv/lib/python3.10/site-packages/keystonemiddleware/auth_token/__init__.py:406}}
Nov 28 22:00:28 ubuntu devstack@keystone.service[69015]: DEBUG keystone.server.flask.request_processing.middleware.auth_context [None req-f7096683-ee68-4b1a-be7c-6fbf9cc89409 None None] Validating token access rules against request {{(pid=69015) validate_allowed_request /opt/stack/data/venv/lib/python3.10/site-packages/keystonemiddleware/auth_token/__init__.py:544}}
Nov 28 22:00:28 ubuntu devstack@keystone.service[69015]: DEBUG keystone.server.flask.request_processing.middleware.auth_context [None req-b182574b-49a2-4d7d-9a60-af844368c1d4 None admin] RBAC: auth_context: {'token': <TokenModel (audit_id=CUrG07jlRB2bD-J3jHHQqQ, audit_chain_id=['CUrG07jlRB2bD-J3jHHQqQ']) at 0x7f2f6aff6410>, 'domain_id': None, 'trust_id': None, 'trustor_id': None, 'trustee_id': None, 'domain_name': None, 'group_ids': [], 'user_id': 'aee8beacc6634b0b9e2413f17058abfd', 'user_domain_id': 'default', 'system_scope': 'all', 'project_id': None, 'project_domain_id': None, 'roles': ['admin', 'manager', 'member', 'reader'], 'is_admin_project': True, 'service_user_id': None, 'service_user_domain_id': None, 'service_project_id': None, 'service_project_domain_id': None, 'service_roles': []} {{(pid=69015) fill_context /opt/stack/keystone/keystone/server/flask/request_processing/middleware/auth_context.py:506}}
Nov 28 22:00:28 ubuntu devstack@keystone.service[69015]: DEBUG keystone.server.flask.request_processing.req_logging [None req-b182574b-49a2-4d7d-9a60-af844368c1d4 None admin] REQUEST_METHOD: `GET` {{(pid=69015) log_request_info /opt/stack/keystone/keystone/server/flask/request_processing/req_logging.py:26}}
Nov 28 22:00:28 ubuntu devstack@keystone.service[69015]: DEBUG keystone.server.flask.request_processing.req_logging [None req-b182574b-49a2-4d7d-9a60-af844368c1d4 None admin] SCRIPT_NAME: `/identity` {{(pid=69015) log_request_info /opt/stack/keystone/keystone/server/flask/request_processing/req_logging.py:27}}
Nov 28 22:00:28 ubuntu devstack@keystone.service[69015]: DEBUG keystone.server.flask.request_processing.req_logging [None req-b182574b-49a2-4d7d-9a60-af844368c1d4 None admin] PATH_INFO: `/v3/roles/admin` {{(pid=69015) log_request_info /opt/stack/keystone/keystone/server/flask/request_processing/req_logging.py:28}}
Nov 28 22:00:28 ubuntu devstack@keystone.service[69014]: DEBUG keystone.server.flask.request_processing.middleware.auth_context [None req-21600dd1-1a56-4bb2-8ba9-929c5c62fb7b None None] Authenticating user token {{(pid=69014) process_request /opt/stack/data/venv/lib/python3.10/site-packages/keystonemiddleware/auth_token/__init__.py:406}}
Nov 28 22:00:28 ubuntu devstack@keystone.service[69015]: DEBUG keystone.common.rbac_enforcer.enforcer [None req-b182574b-49a2-4d7d-9a60-af844368c1d4 None admin] Extracting inferred target data resulted in "NOT FOUND (404)". {{(pid=69015) enforce_call /opt/stack/keystone/keystone/common/rbac_enforcer/enforcer.py:445}}
Nov 28 22:00:28 ubuntu devstack@keystone.service[69015]: DEBUG keystone.server.flask.application [None req-b182574b-49a2-4d7d-9a60-af844368c1d4 None admin] Could not find role: admin. {{(pid=69015) _handle_keystone_exception /opt/stack/keystone/keystone/server/flask/application.py:152}}
Nov 28 22:00:28 ubuntu devstack@keystone.service[69015]: [pid: 69015|app: 0|req: 13/26] 10.201.5.82 () {56 vars in 1131 bytes} [Thu Nov 28 22:00:27 2024] GET /identity/v3/roles/admin => generated 83 bytes in 64 msecs (HTTP/1.1 404) 5 headers in 183 bytes (1 switches on core 0)
Nov 28 22:00:28 ubuntu devstack@keystone.service[69015]: DEBUG keystone.server.flask.request_processing.middleware.auth_context [None req-b182574b-49a2-4d7d-9a60-af844368c1d4 None admin] Authenticating user token {{(pid=69015) process_request /opt/stack/data/venv/lib/python3.10/site-packages/keystonemiddleware/auth_token/__init__.py:406}}
Nov 28 22:00:28 ubuntu devstack@keystone.service[69015]: DEBUG keystone.server.flask.request_processing.middleware.auth_context [None req-b182574b-49a2-4d7d-9a60-af844368c1d4 None admin] Validating token access rules against request {{(pid=69015) validate_allowed_request /opt/stack/data/venv/lib/python3.10/site-packages/keystonemiddleware/auth_token/__init__.py:544}}
Nov 28 22:00:28 ubuntu devstack@keystone.service[69015]: DEBUG keystone.server.flask.request_processing.middleware.auth_context [None req-2200792a-16b7-4476-896f-edc50ce59a11 None admin] RBAC: auth_context: {'token': <TokenModel (audit_id=CUrG07jlRB2bD-J3jHHQqQ, audit_chain_id=['CUrG07jlRB2bD-J3jHHQqQ']) at 0x7f2f6af67f40>, 'domain_id': None, 'trust_id': None, 'trustor_id': None, 'trustee_id': None, 'domain_name': None, 'group_ids': [], 'user_id': 'aee8beacc6634b0b9e2413f17058abfd', 'user_domain_id': 'default', 'system_scope': 'all', 'project_id': None, 'project_domain_id': None, 'roles': ['admin', 'manager', 'member', 'reader'], 'is_admin_project': True, 'service_user_id': None, 'service_user_domain_id': None, 'service_project_id': None, 'service_project_domain_id': None, 'service_roles': []} {{(pid=69015) fill_context /opt/stack/keystone/keystone/server/flask/request_processing/middleware/auth_context.py:506}}
Nov 28 22:00:28 ubuntu devstack@keystone.service[69015]: DEBUG keystone.server.flask.request_processing.req_logging [None req-2200792a-16b7-4476-896f-edc50ce59a11 None admin] REQUEST_METHOD: `GET` {{(pid=69015) log_request_info /opt/stack/keystone/keystone/server/flask/request_processing/req_logging.py:26}}
Nov 28 22:00:28 ubuntu devstack@keystone.service[69015]: DEBUG keystone.server.flask.request_processing.req_logging [None req-2200792a-16b7-4476-896f-edc50ce59a11 None admin] SCRIPT_NAME: `/identity` {{(pid=69015) log_request_info /opt/stack/keystone/keystone/server/flask/request_processing/req_logging.py:27}}
Nov 28 22:00:28 ubuntu devstack@keystone.service[69015]: DEBUG keystone.server.flask.request_processing.req_logging [None req-2200792a-16b7-4476-896f-edc50ce59a11 None admin] PATH_INFO: `/v3/roles` {{(pid=69015) log_request_info /opt/stack/keystone/keystone/server/flask/request_processing/req_logging.py:28}}
Nov 28 22:00:28 ubuntu devstack@keystone.service[69015]: DEBUG keystone.common.rbac_enforcer.enforcer [None req-2200792a-16b7-4476-896f-edc50ce59a11 None admin] RBAC: Adding query filter params (name=admin) {{(pid=69015) _extract_filter_values /opt/stack/keystone/keystone/common/rbac_enforcer/enforcer.py:176}}
Nov 28 22:00:28 ubuntu devstack@keystone.service[69015]: DEBUG keystone.common.rbac_enforcer.enforcer [None req-2200792a-16b7-4476-896f-edc50ce59a11 None admin] RBAC: Authorizing `identity:list_roles()` {{(pid=69015) enforce_call /opt/stack/keystone/keystone/common/rbac_enforcer/enforcer.py:495}}
Nov 28 22:00:28 ubuntu devstack@keystone.service[69014]: DEBUG keystone.server.flask.request_processing.middleware.auth_context [None req-21600dd1-1a56-4bb2-8ba9-929c5c62fb7b None None] Validating token access rules against request {{(pid=69014) validate_allowed_request /opt/stack/data/venv/lib/python3.10/site-packages/keystonemiddleware/auth_token/__init__.py:544}}
Nov 28 22:00:28 ubuntu devstack@keystone.service[69015]: DEBUG keystone.common.rbac_enforcer.enforcer [None req-2200792a-16b7-4476-896f-edc50ce59a11 None admin] RBAC: Authorization granted {{(pid=69015) enforce_call /opt/stack/keystone/keystone/common/rbac_enforcer/enforcer.py:506}}
Nov 28 22:00:28 ubuntu devstack@keystone.service[69015]: [pid: 69015|app: 0|req: 14/27] 10.201.5.82 () {56 vars in 1147 bytes} [Thu Nov 28 22:00:28 2024] GET /identity/v3/roles?name=admin => generated 339 bytes in 70 msecs (HTTP/1.1 200) 5 headers in 177 bytes (1 switches on core 0)
Nov 28 22:00:28 ubuntu devstack@keystone.service[69015]: DEBUG keystone.server.flask.request_processing.req_logging [None req-3f94a809-4d98-4da3-b801-05b43f3abfc0 None None] REQUEST_METHOD: `GET` {{(pid=69015) log_request_info /opt/stack/keystone/keystone/server/flask/request_processing/req_logging.py:26}}
Nov 28 22:00:28 ubuntu devstack@keystone.service[69015]: DEBUG keystone.server.flask.request_processing.req_logging [None req-3f94a809-4d98-4da3-b801-05b43f3abfc0 None None] SCRIPT_NAME: `/identity` {{(pid=69015) log_request_info /opt/stack/keystone/keystone/server/flask/request_processing/req_logging.py:27}}
Nov 28 22:00:28 ubuntu devstack@keystone.service[69015]: DEBUG keystone.server.flask.request_processing.req_logging [None req-3f94a809-4d98-4da3-b801-05b43f3abfc0 None None] PATH_INFO: `/` {{(pid=69015) log_request_info /opt/stack/keystone/keystone/server/flask/request_processing/req_logging.py:28}}
Nov 28 22:00:28 ubuntu devstack@keystone.service[69015]: [pid: 69015|app: 0|req: 15/28] 10.201.5.82 () {54 vars in 918 bytes} [Thu Nov 28 22:00:28 2024] GET /identity => generated 270 bytes in 1 msecs (HTTP/1.1 300) 6 headers in 234 bytes (1 switches on core 0)
Nov 28 22:00:28 ubuntu devstack@keystone.service[69015]: DEBUG keystone.server.flask.request_processing.middleware.auth_context [None req-3f94a809-4d98-4da3-b801-05b43f3abfc0 None None] Authenticating user token {{(pid=69015) process_request /opt/stack/data/venv/lib/python3.10/site-packages/keystonemiddleware/auth_token/__init__.py:406}}
