Feb 10 22:46:58 ubuntu devstack@g-api.service[128991]: DEBUG glance.api.middleware.cache [None req-d0513525-3349-4ca5-8aef-5a701bc8acb2 tempest-ImageDependencyTests-980540047 tempest-ImageDependencyTests-980540047-project-member] Cache hit for image '98ccbf45-2a99-49f9-9ffc-985565b5eacc' {{(pid=128991) process_request /opt/stack/glance/glance/api/middleware/cache.py:160}}
Feb 10 22:46:58 ubuntu devstack@g-api.service[128992]: DEBUG glance.api.middleware.version_negotiation [None req-d0513525-3349-4ca5-8aef-5a701bc8acb2 tempest-ImageDependencyTests-980540047 tempest-ImageDependencyTests-980540047-project-member] Determining version of request: GET /v2/images/98ccbf45-2a99-49f9-9ffc-985565b5eacc Accept: */* {{(pid=128992) process_request /opt/stack/glance/glance/api/middleware/version_negotiation.py:44}}
Feb 10 22:46:58 ubuntu devstack@g-api.service[128992]: DEBUG glance.api.middleware.version_negotiation [None req-d0513525-3349-4ca5-8aef-5a701bc8acb2 tempest-ImageDependencyTests-980540047 tempest-ImageDependencyTests-980540047-project-member] Using url versioning {{(pid=128992) process_request /opt/stack/glance/glance/api/middleware/version_negotiation.py:57}}
Feb 10 22:46:58 ubuntu devstack@g-api.service[128992]: DEBUG glance.api.middleware.version_negotiation [None req-d0513525-3349-4ca5-8aef-5a701bc8acb2 tempest-ImageDependencyTests-980540047 tempest-ImageDependencyTests-980540047-project-member] Matched version: v2 {{(pid=128992) process_request /opt/stack/glance/glance/api/middleware/version_negotiation.py:69}}
Feb 10 22:46:58 ubuntu devstack@g-api.service[128992]: DEBUG glance.api.middleware.version_negotiation [None req-d0513525-3349-4ca5-8aef-5a701bc8acb2 tempest-ImageDependencyTests-980540047 tempest-ImageDependencyTests-980540047-project-member] new path /v2/images/98ccbf45-2a99-49f9-9ffc-985565b5eacc {{(pid=128992) process_request /opt/stack/glance/glance/api/middleware/version_negotiation.py:70}}
Feb 10 22:46:58 ubuntu devstack@g-api.service[128991]: [pid: 128991|app: 0|req: 25/48] 127.0.0.1 () {42 vars in 1055 bytes} [Mon Feb 10 22:46:58 2025] GET /v2/images/98ccbf45-2a99-49f9-9ffc-985565b5eacc/file => generated 1024 bytes in 25 msecs (HTTP/1.1 200) 5 headers in 213 bytes (1 switches on core 0)
Feb 10 22:46:58 ubuntu devstack@g-api.service[128992]: [pid: 128992|app: 0|req: 24/49] 127.0.0.1 () {42 vars in 1045 bytes} [Mon Feb 10 22:46:58 2025] GET /v2/images/98ccbf45-2a99-49f9-9ffc-985565b5eacc => generated 807 bytes in 12 msecs (HTTP/1.1 200) 4 headers in 157 bytes (1 switches on core 0)
Feb 10 22:46:58 ubuntu devstack@g-api.service[128991]: DEBUG glance.api.middleware.version_negotiation [None req-d0513525-3349-4ca5-8aef-5a701bc8acb2 tempest-ImageDependencyTests-980540047 tempest-ImageDependencyTests-980540047-project-member] Determining version of request: GET /v2/schemas/image Accept: */* {{(pid=128991) process_request /opt/stack/glance/glance/api/middleware/version_negotiation.py:44}}
Feb 10 22:46:58 ubuntu devstack@g-api.service[128991]: DEBUG glance.api.middleware.version_negotiation [None req-d0513525-3349-4ca5-8aef-5a701bc8acb2 tempest-ImageDependencyTests-980540047 tempest-ImageDependencyTests-980540047-project-member] Using url versioning {{(pid=128991) process_request /opt/stack/glance/glance/api/middleware/version_negotiation.py:57}}
Feb 10 22:46:58 ubuntu devstack@g-api.service[128991]: DEBUG glance.api.middleware.version_negotiation [None req-d0513525-3349-4ca5-8aef-5a701bc8acb2 tempest-ImageDependencyTests-980540047 tempest-ImageDependencyTests-980540047-project-member] Matched version: v2 {{(pid=128991) process_request /opt/stack/glance/glance/api/middleware/version_negotiation.py:69}}
Feb 10 22:46:58 ubuntu devstack@g-api.service[128991]: DEBUG glance.api.middleware.version_negotiation [None req-d0513525-3349-4ca5-8aef-5a701bc8acb2 tempest-ImageDependencyTests-980540047 tempest-ImageDependencyTests-980540047-project-member] new path /v2/schemas/image {{(pid=128991) process_request /opt/stack/glance/glance/api/middleware/version_negotiation.py:70}}
Feb 10 22:46:58 ubuntu devstack@g-api.service[128991]: [pid: 128991|app: 0|req: 26/50] 127.0.0.1 () {42 vars in 985 bytes} [Mon Feb 10 22:46:58 2025] GET /v2/schemas/image => generated 6083 bytes in 3 msecs (HTTP/1.1 200) 4 headers in 158 bytes (1 switches on core 0)
Feb 10 22:46:59 ubuntu devstack@g-api.service[128992]: DEBUG glance.api.middleware.version_negotiation [None req-d0513525-3349-4ca5-8aef-5a701bc8acb2 tempest-ImageDependencyTests-980540047 tempest-ImageDependencyTests-980540047-project-member] Determining version of request: GET /v2/images/98ccbf45-2a99-49f9-9ffc-985565b5eacc Accept: */* {{(pid=128992) process_request /opt/stack/glance/glance/api/middleware/version_negotiation.py:44}}
Feb 10 22:46:59 ubuntu devstack@g-api.service[128992]: DEBUG glance.api.middleware.version_negotiation [None req-d0513525-3349-4ca5-8aef-5a701bc8acb2 tempest-ImageDependencyTests-980540047 tempest-ImageDependencyTests-980540047-project-member] Using url versioning {{(pid=128992) process_request /opt/stack/glance/glance/api/middleware/version_negotiation.py:57}}
Feb 10 22:46:59 ubuntu devstack@g-api.service[128992]: DEBUG glance.api.middleware.version_negotiation [None req-d0513525-3349-4ca5-8aef-5a701bc8acb2 tempest-ImageDependencyTests-980540047 tempest-ImageDependencyTests-980540047-project-member] Matched version: v2 {{(pid=128992) process_request /opt/stack/glance/glance/api/middleware/version_negotiation.py:69}}
Feb 10 22:46:59 ubuntu devstack@g-api.service[128992]: DEBUG glance.api.middleware.version_negotiation [None req-d0513525-3349-4ca5-8aef-5a701bc8acb2 tempest-ImageDependencyTests-980540047 tempest-ImageDependencyTests-980540047-project-member] new path /v2/images/98ccbf45-2a99-49f9-9ffc-985565b5eacc {{(pid=128992) process_request /opt/stack/glance/glance/api/middleware/version_negotiation.py:70}}
Feb 10 22:46:59 ubuntu devstack@g-api.service[128992]: [pid: 128992|app: 0|req: 25/51] 127.0.0.1 () {42 vars in 1045 bytes} [Mon Feb 10 22:46:59 2025] GET /v2/images/98ccbf45-2a99-49f9-9ffc-985565b5eacc => generated 807 bytes in 12 msecs (HTTP/1.1 200) 4 headers in 157 bytes (1 switches on core 0)
Feb 10 22:46:59 ubuntu devstack@g-api.service[128991]: DEBUG glance.api.middleware.version_negotiation [None req-d0513525-3349-4ca5-8aef-5a701bc8acb2 tempest-ImageDependencyTests-980540047 tempest-ImageDependencyTests-980540047-project-member] Determining version of request: GET /v2/schemas/image Accept: */* {{(pid=128991) process_request /opt/stack/glance/glance/api/middleware/version_negotiation.py:44}}
Feb 10 22:46:59 ubuntu devstack@g-api.service[128991]: DEBUG glance.api.middleware.version_negotiation [None req-d0513525-3349-4ca5-8aef-5a701bc8acb2 tempest-ImageDependencyTests-980540047 tempest-ImageDependencyTests-980540047-project-member] Using url versioning {{(pid=128991) process_request /opt/stack/glance/glance/api/middleware/version_negotiation.py:57}}
Feb 10 22:46:59 ubuntu devstack@g-api.service[128991]: DEBUG glance.api.middleware.version_negotiation [None req-d0513525-3349-4ca5-8aef-5a701bc8acb2 tempest-ImageDependencyTests-980540047 tempest-ImageDependencyTests-980540047-project-member] Matched version: v2 {{(pid=128991) process_request /opt/stack/glance/glance/api/middleware/version_negotiation.py:69}}
Feb 10 22:46:59 ubuntu devstack@g-api.service[128991]: DEBUG glance.api.middleware.version_negotiation [None req-d0513525-3349-4ca5-8aef-5a701bc8acb2 tempest-ImageDependencyTests-980540047 tempest-ImageDependencyTests-980540047-project-member] new path /v2/schemas/image {{(pid=128991) process_request /opt/stack/glance/glance/api/middleware/version_negotiation.py:70}}
Feb 10 22:46:59 ubuntu devstack@g-api.service[128991]: [pid: 128991|app: 0|req: 27/52] 127.0.0.1 () {42 vars in 985 bytes} [Mon Feb 10 22:46:59 2025] GET /v2/schemas/image => generated 6083 bytes in 6 msecs (HTTP/1.1 200) 4 headers in 158 bytes (1 switches on core 0)
Feb 10 22:46:59 ubuntu devstack@g-api.service[128992]: DEBUG glance.api.middleware.version_negotiation [None req-d0513525-3349-4ca5-8aef-5a701bc8acb2 tempest-ImageDependencyTests-980540047 tempest-ImageDependencyTests-980540047-project-member] Determining version of request: GET /v2/images/98ccbf45-2a99-49f9-9ffc-985565b5eacc Accept: */* {{(pid=128992) process_request /opt/stack/glance/glance/api/middleware/version_negotiation.py:44}}
Feb 10 22:46:59 ubuntu devstack@g-api.service[128992]: DEBUG glance.api.middleware.version_negotiation [None req-d0513525-3349-4ca5-8aef-5a701bc8acb2 tempest-ImageDependencyTests-980540047 tempest-ImageDependencyTests-980540047-project-member] Using url versioning {{(pid=128992) process_request /opt/stack/glance/glance/api/middleware/version_negotiation.py:57}}
Feb 10 22:46:59 ubuntu devstack@g-api.service[128992]: DEBUG glance.api.middleware.version_negotiation [None req-d0513525-3349-4ca5-8aef-5a701bc8acb2 tempest-ImageDependencyTests-980540047 tempest-ImageDependencyTests-980540047-project-member] Matched version: v2 {{(pid=128992) process_request /opt/stack/glance/glance/api/middleware/version_negotiation.py:69}}
Feb 10 22:46:59 ubuntu devstack@g-api.service[128992]: DEBUG glance.api.middleware.version_negotiation [None req-d0513525-3349-4ca5-8aef-5a701bc8acb2 tempest-ImageDependencyTests-980540047 tempest-ImageDependencyTests-980540047-project-member] new path /v2/images/98ccbf45-2a99-49f9-9ffc-985565b5eacc {{(pid=128992) process_request /opt/stack/glance/glance/api/middleware/version_negotiation.py:70}}
Feb 10 22:46:59 ubuntu devstack@g-api.service[128992]: [pid: 128992|app: 0|req: 26/53] 127.0.0.1 () {42 vars in 1045 bytes} [Mon Feb 10 22:46:59 2025] GET /v2/images/98ccbf45-2a99-49f9-9ffc-985565b5eacc => generated 807 bytes in 18 msecs (HTTP/1.1 200) 4 headers in 157 bytes (1 switches on core 0)
Feb 10 22:46:59 ubuntu devstack@g-api.service[128991]: DEBUG glance.api.middleware.version_negotiation [None req-d0513525-3349-4ca5-8aef-5a701bc8acb2 tempest-ImageDependencyTests-980540047 tempest-ImageDependencyTests-980540047-project-member] Determining version of request: GET /v2/schemas/image Accept: */* {{(pid=128991) process_request /opt/stack/glance/glance/api/middleware/version_negotiation.py:44}}
Feb 10 22:46:59 ubuntu devstack@g-api.service[128991]: DEBUG glance.api.middleware.version_negotiation [None req-d0513525-3349-4ca5-8aef-5a701bc8acb2 tempest-ImageDependencyTests-980540047 tempest-ImageDependencyTests-980540047-project-member] Using url versioning {{(pid=128991) process_request /opt/stack/glance/glance/api/middleware/version_negotiation.py:57}}
Feb 10 22:46:59 ubuntu devstack@g-api.service[128991]: DEBUG glance.api.middleware.version_negotiation [None req-d0513525-3349-4ca5-8aef-5a701bc8acb2 tempest-ImageDependencyTests-980540047 tempest-ImageDependencyTests-980540047-project-member] Matched version: v2 {{(pid=128991) process_request /opt/stack/glance/glance/api/middleware/version_negotiation.py:69}}
Feb 10 22:46:59 ubuntu devstack@g-api.service[128991]: DEBUG glance.api.middleware.version_negotiation [None req-d0513525-3349-4ca5-8aef-5a701bc8acb2 tempest-ImageDependencyTests-980540047 tempest-ImageDependencyTests-980540047-project-member] new path /v2/schemas/image {{(pid=128991) process_request /opt/stack/glance/glance/api/middleware/version_negotiation.py:70}}
Feb 10 22:46:59 ubuntu devstack@g-api.service[128991]: [pid: 128991|app: 0|req: 28/54] 127.0.0.1 () {42 vars in 985 bytes} [Mon Feb 10 22:46:59 2025] GET /v2/schemas/image => generated 6083 bytes in 9 msecs (HTTP/1.1 200) 4 headers in 158 bytes (1 switches on core 0)
Feb 10 22:46:59 ubuntu devstack@g-api.service[128992]: DEBUG glance.api.middleware.version_negotiation [None req-d0513525-3349-4ca5-8aef-5a701bc8acb2 tempest-ImageDependencyTests-980540047 tempest-ImageDependencyTests-980540047-project-member] Determining version of request: GET /v2/images/98ccbf45-2a99-49f9-9ffc-985565b5eacc Accept: */* {{(pid=128992) process_request /opt/stack/glance/glance/api/middleware/version_negotiation.py:44}}
Feb 10 22:46:59 ubuntu devstack@g-api.service[128992]: DEBUG glance.api.middleware.version_negotiation [None req-d0513525-3349-4ca5-8aef-5a701bc8acb2 tempest-ImageDependencyTests-980540047 tempest-ImageDependencyTests-980540047-project-member] Using url versioning {{(pid=128992) process_request /opt/stack/glance/glance/api/middleware/version_negotiation.py:57}}
Feb 10 22:46:59 ubuntu devstack@g-api.service[128992]: DEBUG glance.api.middleware.version_negotiation [None req-d0513525-3349-4ca5-8aef-5a701bc8acb2 tempest-ImageDependencyTests-980540047 tempest-ImageDependencyTests-980540047-project-member] Matched version: v2 {{(pid=128992) process_request /opt/stack/glance/glance/api/middleware/version_negotiation.py:69}}
Feb 10 22:46:59 ubuntu devstack@g-api.service[128992]: DEBUG glance.api.middleware.version_negotiation [None req-d0513525-3349-4ca5-8aef-5a701bc8acb2 tempest-ImageDependencyTests-980540047 tempest-ImageDependencyTests-980540047-project-member] new path /v2/images/98ccbf45-2a99-49f9-9ffc-985565b5eacc {{(pid=128992) process_request /opt/stack/glance/glance/api/middleware/version_negotiation.py:70}}
Feb 10 22:46:59 ubuntu devstack@g-api.service[128992]: [pid: 128992|app: 0|req: 27/55] 127.0.0.1 () {42 vars in 1045 bytes} [Mon Feb 10 22:46:59 2025] GET /v2/images/98ccbf45-2a99-49f9-9ffc-985565b5eacc => generated 807 bytes in 133 msecs (HTTP/1.1 200) 4 headers in 157 bytes (1 switches on core 0)
Feb 10 22:46:59 ubuntu devstack@g-api.service[128991]: DEBUG glance.api.middleware.version_negotiation [None req-d0513525-3349-4ca5-8aef-5a701bc8acb2 tempest-ImageDependencyTests-980540047 tempest-ImageDependencyTests-980540047-project-member] Determining version of request: GET /v2/schemas/image Accept: */* {{(pid=128991) process_request /opt/stack/glance/glance/api/middleware/version_negotiation.py:44}}
Feb 10 22:46:59 ubuntu devstack@g-api.service[128991]: DEBUG glance.api.middleware.version_negotiation [None req-d0513525-3349-4ca5-8aef-5a701bc8acb2 tempest-ImageDependencyTests-980540047 tempest-ImageDependencyTests-980540047-project-member] Using url versioning {{(pid=128991) process_request /opt/stack/glance/glance/api/middleware/version_negotiation.py:57}}
Feb 10 22:46:59 ubuntu devstack@g-api.service[128991]: DEBUG glance.api.middleware.version_negotiation [None req-d0513525-3349-4ca5-8aef-5a701bc8acb2 tempest-ImageDependencyTests-980540047 tempest-ImageDependencyTests-980540047-project-member] Matched version: v2 {{(pid=128991) process_request /opt/stack/glance/glance/api/middleware/version_negotiation.py:69}}
Feb 10 22:46:59 ubuntu devstack@g-api.service[128991]: DEBUG glance.api.middleware.version_negotiation [None req-d0513525-3349-4ca5-8aef-5a701bc8acb2 tempest-ImageDependencyTests-980540047 tempest-ImageDependencyTests-980540047-project-member] new path /v2/schemas/image {{(pid=128991) process_request /opt/stack/glance/glance/api/middleware/version_negotiation.py:70}}
Feb 10 22:46:59 ubuntu devstack@g-api.service[128991]: [pid: 128991|app: 0|req: 29/56] 127.0.0.1 () {42 vars in 985 bytes} [Mon Feb 10 22:46:59 2025] GET /v2/schemas/image => generated 6083 bytes in 3 msecs (HTTP/1.1 200) 4 headers in 158 bytes (1 switches on core 0)
Feb 10 22:46:59 ubuntu devstack@g-api.service[128992]: DEBUG glance.api.middleware.version_negotiation [None req-d0513525-3349-4ca5-8aef-5a701bc8acb2 tempest-ImageDependencyTests-980540047 tempest-ImageDependencyTests-980540047-project-member] Determining version of request: GET /v2/schemas/image Accept: */* {{(pid=128992) process_request /opt/stack/glance/glance/api/middleware/version_negotiation.py:44}}
Feb 10 22:46:59 ubuntu devstack@g-api.service[128992]: DEBUG glance.api.middleware.version_negotiation [None req-d0513525-3349-4ca5-8aef-5a701bc8acb2 tempest-ImageDependencyTests-980540047 tempest-ImageDependencyTests-980540047-project-member] Using url versioning {{(pid=128992) process_request /opt/stack/glance/glance/api/middleware/version_negotiation.py:57}}
Feb 10 22:46:59 ubuntu devstack@g-api.service[128992]: DEBUG glance.api.middleware.version_negotiation [None req-d0513525-3349-4ca5-8aef-5a701bc8acb2 tempest-ImageDependencyTests-980540047 tempest-ImageDependencyTests-980540047-project-member] Matched version: v2 {{(pid=128992) process_request /opt/stack/glance/glance/api/middleware/version_negotiation.py:69}}
Feb 10 22:46:59 ubuntu devstack@g-api.service[128992]: DEBUG glance.api.middleware.version_negotiation [None req-d0513525-3349-4ca5-8aef-5a701bc8acb2 tempest-ImageDependencyTests-980540047 tempest-ImageDependencyTests-980540047-project-member] new path /v2/schemas/image {{(pid=128992) process_request /opt/stack/glance/glance/api/middleware/version_negotiation.py:70}}
Feb 10 22:46:59 ubuntu devstack@g-api.service[128992]: [pid: 128992|app: 0|req: 28/57] 127.0.0.1 () {42 vars in 985 bytes} [Mon Feb 10 22:46:59 2025] GET /v2/schemas/image => generated 6083 bytes in 5 msecs (HTTP/1.1 200) 4 headers in 158 bytes (1 switches on core 0)
Feb 10 22:46:59 ubuntu devstack@g-api.service[128991]: DEBUG glance.api.middleware.version_negotiation [None req-d0513525-3349-4ca5-8aef-5a701bc8acb2 tempest-ImageDependencyTests-980540047 tempest-ImageDependencyTests-980540047-project-member] Determining version of request: GET /v2/images/98ccbf45-2a99-49f9-9ffc-985565b5eacc Accept: */* {{(pid=128991) process_request /opt/stack/glance/glance/api/middleware/version_negotiation.py:44}}
Feb 10 22:46:59 ubuntu devstack@g-api.service[128991]: DEBUG glance.api.middleware.version_negotiation [None req-d0513525-3349-4ca5-8aef-5a701bc8acb2 tempest-ImageDependencyTests-980540047 tempest-ImageDependencyTests-980540047-project-member] Using url versioning {{(pid=128991) process_request /opt/stack/glance/glance/api/middleware/version_negotiation.py:57}}
Feb 10 22:46:59 ubuntu devstack@g-api.service[128991]: DEBUG glance.api.middleware.version_negotiation [None req-d0513525-3349-4ca5-8aef-5a701bc8acb2 tempest-ImageDependencyTests-980540047 tempest-ImageDependencyTests-980540047-project-member] Matched version: v2 {{(pid=128991) process_request /opt/stack/glance/glance/api/middleware/version_negotiation.py:69}}
Feb 10 22:46:59 ubuntu devstack@g-api.service[128991]: DEBUG glance.api.middleware.version_negotiation [None req-d0513525-3349-4ca5-8aef-5a701bc8acb2 tempest-ImageDependencyTests-980540047 tempest-ImageDependencyTests-980540047-project-member] new path /v2/images/98ccbf45-2a99-49f9-9ffc-985565b5eacc {{(pid=128991) process_request /opt/stack/glance/glance/api/middleware/version_negotiation.py:70}}
Feb 10 22:46:59 ubuntu devstack@g-api.service[128991]: [pid: 128991|app: 0|req: 30/58] 127.0.0.1 () {42 vars in 1045 bytes} [Mon Feb 10 22:46:59 2025] GET /v2/images/98ccbf45-2a99-49f9-9ffc-985565b5eacc => generated 807 bytes in 16 msecs (HTTP/1.1 200) 4 headers in 157 bytes (1 switches on core 0)
Feb 10 22:46:59 ubuntu devstack@g-api.service[128992]: DEBUG glance.api.middleware.version_negotiation [None req-d0513525-3349-4ca5-8aef-5a701bc8acb2 tempest-ImageDependencyTests-980540047 tempest-ImageDependencyTests-980540047-project-member] Determining version of request: GET /v2/images/98ccbf45-2a99-49f9-9ffc-985565b5eacc/file Accept: */* {{(pid=128992) process_request /opt/stack/glance/glance/api/middleware/version_negotiation.py:44}}
Feb 10 22:46:59 ubuntu devstack@g-api.service[128992]: DEBUG glance.api.middleware.version_negotiation [None req-d0513525-3349-4ca5-8aef-5a701bc8acb2 tempest-ImageDependencyTests-980540047 tempest-ImageDependencyTests-980540047-project-member] Using url versioning {{(pid=128992) process_request /opt/stack/glance/glance/api/middleware/version_negotiation.py:57}}
Feb 10 22:46:59 ubuntu devstack@g-api.service[128992]: DEBUG glance.api.middleware.version_negotiation [None req-d0513525-3349-4ca5-8aef-5a701bc8acb2 tempest-ImageDependencyTests-980540047 tempest-ImageDependencyTests-980540047-project-member] Matched version: v2 {{(pid=128992) process_request /opt/stack/glance/glance/api/middleware/version_negotiation.py:69}}
Feb 10 22:46:59 ubuntu devstack@g-api.service[128992]: DEBUG glance.api.middleware.version_negotiation [None req-d0513525-3349-4ca5-8aef-5a701bc8acb2 tempest-ImageDependencyTests-980540047 tempest-ImageDependencyTests-980540047-project-member] new path /v2/images/98ccbf45-2a99-49f9-9ffc-985565b5eacc/file {{(pid=128992) process_request /opt/stack/glance/glance/api/middleware/version_negotiation.py:70}}
Feb 10 22:46:59 ubuntu devstack@g-api.service[128992]: DEBUG glance.api.middleware.cache [None req-d0513525-3349-4ca5-8aef-5a701bc8acb2 tempest-ImageDependencyTests-980540047 tempest-ImageDependencyTests-980540047-project-member] Cache hit for image '98ccbf45-2a99-49f9-9ffc-985565b5eacc' {{(pid=128992) process_request /opt/stack/glance/glance/api/middleware/cache.py:160}}
Feb 10 22:46:59 ubuntu devstack@g-api.service[128992]: [pid: 128992|app: 0|req: 29/59] 127.0.0.1 () {42 vars in 1055 bytes} [Mon Feb 10 22:46:59 2025] GET /v2/images/98ccbf45-2a99-49f9-9ffc-985565b5eacc/file => generated 1024 bytes in 27 msecs (HTTP/1.1 200) 5 headers in 213 bytes (1 switches on core 0)
Feb 10 22:46:59 ubuntu devstack@g-api.service[128991]: DEBUG glance.api.middleware.version_negotiation [None req-d0513525-3349-4ca5-8aef-5a701bc8acb2 tempest-ImageDependencyTests-980540047 tempest-ImageDependencyTests-980540047-project-member] Determining version of request: GET /v2/images/98ccbf45-2a99-49f9-9ffc-985565b5eacc Accept: */* {{(pid=128991) process_request /opt/stack/glance/glance/api/middleware/version_negotiation.py:44}}
Feb 10 22:46:59 ubuntu devstack@g-api.service[128991]: DEBUG glance.api.middleware.version_negotiation [None req-d0513525-3349-4ca5-8aef-5a701bc8acb2 tempest-ImageDependencyTests-980540047 tempest-ImageDependencyTests-980540047-project-member] Using url versioning {{(pid=128991) process_request /opt/stack/glance/glance/api/middleware/version_negotiation.py:57}}
Feb 10 22:46:59 ubuntu devstack@g-api.service[128991]: DEBUG glance.api.middleware.version_negotiation [None req-d0513525-3349-4ca5-8aef-5a701bc8acb2 tempest-ImageDependencyTests-980540047 tempest-ImageDependencyTests-980540047-project-member] Matched version: v2 {{(pid=128991) process_request /opt/stack/glance/glance/api/middleware/version_negotiation.py:69}}
Feb 10 22:46:59 ubuntu devstack@g-api.service[128991]: DEBUG glance.api.middleware.version_negotiation [None req-d0513525-3349-4ca5-8aef-5a701bc8acb2 tempest-ImageDependencyTests-980540047 tempest-ImageDependencyTests-980540047-project-member] new path /v2/images/98ccbf45-2a99-49f9-9ffc-985565b5eacc {{(pid=128991) process_request /opt/stack/glance/glance/api/middleware/version_negotiation.py:70}}
Feb 10 22:46:59 ubuntu devstack@g-api.service[128991]: [pid: 128991|app: 0|req: 31/60] 127.0.0.1 () {42 vars in 1045 bytes} [Mon Feb 10 22:46:59 2025] GET /v2/images/98ccbf45-2a99-49f9-9ffc-985565b5eacc => generated 807 bytes in 15 msecs (HTTP/1.1 200) 4 headers in 157 bytes (1 switches on core 0)
Feb 10 22:46:59 ubuntu devstack@g-api.service[128992]: DEBUG glance.api.middleware.version_negotiation [None req-d0513525-3349-4ca5-8aef-5a701bc8acb2 tempest-ImageDependencyTests-980540047 tempest-ImageDependencyTests-980540047-project-member] Determining version of request: GET /v2/schemas/image Accept: */* {{(pid=128992) process_request /opt/stack/glance/glance/api/middleware/version_negotiation.py:44}}
Feb 10 22:46:59 ubuntu devstack@g-api.service[128992]: DEBUG glance.api.middleware.version_negotiation [None req-d0513525-3349-4ca5-8aef-5a701bc8acb2 tempest-ImageDependencyTests-980540047 tempest-ImageDependencyTests-980540047-project-member] Using url versioning {{(pid=128992) process_request /opt/stack/glance/glance/api/middleware/version_negotiation.py:57}}
Feb 10 22:46:59 ubuntu devstack@g-api.service[128992]: DEBUG glance.api.middleware.version_negotiation [None req-d0513525-3349-4ca5-8aef-5a701bc8acb2 tempest-ImageDependencyTests-980540047 tempest-ImageDependencyTests-980540047-project-member] Matched version: v2 {{(pid=128992) process_request /opt/stack/glance/glance/api/middleware/version_negotiation.py:69}}
Feb 10 22:46:59 ubuntu devstack@g-api.service[128992]: DEBUG glance.api.middleware.version_negotiation [None req-d0513525-3349-4ca5-8aef-5a701bc8acb2 tempest-ImageDependencyTests-980540047 tempest-ImageDependencyTests-980540047-project-member] new path /v2/schemas/image {{(pid=128992) process_request /opt/stack/glance/glance/api/middleware/version_negotiation.py:70}}
Feb 10 22:46:59 ubuntu devstack@g-api.service[128992]: [pid: 128992|app: 0|req: 30/61] 127.0.0.1 () {42 vars in 985 bytes} [Mon Feb 10 22:46:59 2025] GET /v2/schemas/image => generated 6083 bytes in 6 msecs (HTTP/1.1 200) 4 headers in 158 bytes (1 switches on core 0)
Feb 10 22:47:00 ubuntu devstack@g-api.service[128991]: DEBUG glance.api.middleware.version_negotiation [None req-d0513525-3349-4ca5-8aef-5a701bc8acb2 tempest-ImageDependencyTests-980540047 tempest-ImageDependencyTests-980540047-project-member] Determining version of request: GET /v2/images/98ccbf45-2a99-49f9-9ffc-985565b5eacc Accept: */* {{(pid=128991) process_request /opt/stack/glance/glance/api/middleware/version_negotiation.py:44}}
Feb 10 22:47:00 ubuntu devstack@g-api.service[128991]: DEBUG glance.api.middleware.version_negotiation [None req-d0513525-3349-4ca5-8aef-5a701bc8acb2 tempest-ImageDependencyTests-980540047 tempest-ImageDependencyTests-980540047-project-member] Using url versioning {{(pid=128991) process_request /opt/stack/glance/glance/api/middleware/version_negotiation.py:57}}
Feb 10 22:47:00 ubuntu devstack@g-api.service[128991]: DEBUG glance.api.middleware.version_negotiation [None req-d0513525-3349-4ca5-8aef-5a701bc8acb2 tempest-ImageDependencyTests-980540047 tempest-ImageDependencyTests-980540047-project-member] Matched version: v2 {{(pid=128991) process_request /opt/stack/glance/glance/api/middleware/version_negotiation.py:69}}
Feb 10 22:47:00 ubuntu devstack@g-api.service[128991]: DEBUG glance.api.middleware.version_negotiation [None req-d0513525-3349-4ca5-8aef-5a701bc8acb2 tempest-ImageDependencyTests-980540047 tempest-ImageDependencyTests-980540047-project-member] new path /v2/images/98ccbf45-2a99-49f9-9ffc-985565b5eacc {{(pid=128991) process_request /opt/stack/glance/glance/api/middleware/version_negotiation.py:70}}
Feb 10 22:47:00 ubuntu devstack@g-api.service[128991]: [pid: 128991|app: 0|req: 32/62] 127.0.0.1 () {42 vars in 1045 bytes} [Mon Feb 10 22:47:00 2025] GET /v2/images/98ccbf45-2a99-49f9-9ffc-985565b5eacc => generated 807 bytes in 21 msecs (HTTP/1.1 200) 4 headers in 157 bytes (1 switches on core 0)
Feb 10 22:47:00 ubuntu devstack@g-api.service[128992]: DEBUG glance.api.middleware.version_negotiation [None req-d0513525-3349-4ca5-8aef-5a701bc8acb2 tempest-ImageDependencyTests-980540047 tempest-ImageDependencyTests-980540047-project-member] Determining version of request: GET /v2/schemas/image Accept: */* {{(pid=128992) process_request /opt/stack/glance/glance/api/middleware/version_negotiation.py:44}}
Feb 10 22:47:00 ubuntu devstack@g-api.service[128992]: DEBUG glance.api.middleware.version_negotiation [None req-d0513525-3349-4ca5-8aef-5a701bc8acb2 tempest-ImageDependencyTests-980540047 tempest-ImageDependencyTests-980540047-project-member] Using url versioning {{(pid=128992) process_request /opt/stack/glance/glance/api/middleware/version_negotiation.py:57}}
Feb 10 22:47:00 ubuntu devstack@g-api.service[128992]: DEBUG glance.api.middleware.version_negotiation [None req-d0513525-3349-4ca5-8aef-5a701bc8acb2 tempest-ImageDependencyTests-980540047 tempest-ImageDependencyTests-980540047-project-member] Matched version: v2 {{(pid=128992) process_request /opt/stack/glance/glance/api/middleware/version_negotiation.py:69}}
Feb 10 22:47:00 ubuntu devstack@g-api.service[128992]: DEBUG glance.api.middleware.version_negotiation [None req-d0513525-3349-4ca5-8aef-5a701bc8acb2 tempest-ImageDependencyTests-980540047 tempest-ImageDependencyTests-980540047-project-member] new path /v2/schemas/image {{(pid=128992) process_request /opt/stack/glance/glance/api/middleware/version_negotiation.py:70}}
Feb 10 22:47:00 ubuntu devstack@g-api.service[128992]: [pid: 128992|app: 0|req: 31/63] 127.0.0.1 () {42 vars in 985 bytes} [Mon Feb 10 22:47:00 2025] GET /v2/schemas/image => generated 6083 bytes in 4 msecs (HTTP/1.1 200) 4 headers in 158 bytes (1 switches on core 0)
Feb 10 22:47:01 ubuntu devstack@g-api.service[128991]: DEBUG glance.api.middleware.version_negotiation [None req-d0513525-3349-4ca5-8aef-5a701bc8acb2 tempest-ImageDependencyTests-980540047 tempest-ImageDependencyTests-980540047-project-member] Determining version of request: DELETE /v2/images/98ccbf45-2a99-49f9-9ffc-985565b5eacc Accept: application/json {{(pid=128991) process_request /opt/stack/glance/glance/api/middleware/version_negotiation.py:44}}
Feb 10 22:47:01 ubuntu devstack@g-api.service[128991]: DEBUG glance.api.middleware.version_negotiation [None req-d0513525-3349-4ca5-8aef-5a701bc8acb2 tempest-ImageDependencyTests-980540047 tempest-ImageDependencyTests-980540047-project-member] Using url versioning {{(pid=128991) process_request /opt/stack/glance/glance/api/middleware/version_negotiation.py:57}}
Feb 10 22:47:01 ubuntu devstack@g-api.service[128991]: DEBUG glance.api.middleware.version_negotiation [None req-d0513525-3349-4ca5-8aef-5a701bc8acb2 tempest-ImageDependencyTests-980540047 tempest-ImageDependencyTests-980540047-project-member] Matched version: v2 {{(pid=128991) process_request /opt/stack/glance/glance/api/middleware/version_negotiation.py:69}}
Feb 10 22:47:01 ubuntu devstack@g-api.service[128991]: DEBUG glance.api.middleware.version_negotiation [None req-d0513525-3349-4ca5-8aef-5a701bc8acb2 tempest-ImageDependencyTests-980540047 tempest-ImageDependencyTests-980540047-project-member] new path /v2/images/98ccbf45-2a99-49f9-9ffc-985565b5eacc {{(pid=128991) process_request /opt/stack/glance/glance/api/middleware/version_negotiation.py:70}}
Feb 10 22:47:01 ubuntu devstack@g-api.service[128991]: WARNING glance.api.v2.images [None req-738dc181-1d70-466a-893c-8075689230ff tempest-ImageDependencyTests-980540047 tempest-ImageDependencyTests-980540047-project-member] After upload to backend, deletion of staged image data has failed because it cannot be found at /tmp/staging//98ccbf45-2a99-49f9-9ffc-985565b5eacc
Feb 10 22:47:01 ubuntu devstack@g-api.service[128991]: DEBUG glance_store.backend [None req-738dc181-1d70-466a-893c-8075689230ff tempest-ImageDependencyTests-980540047 tempest-ImageDependencyTests-980540047-project-member] Attempting to import store swift {{(pid=128991) _load_store /opt/stack/data/venv/lib/python3.10/site-packages/glance_store/backend.py:216}}
Feb 10 22:47:01 ubuntu devstack@g-api.service[128991]: DEBUG glance_store.capabilities [None req-738dc181-1d70-466a-893c-8075689230ff tempest-ImageDependencyTests-980540047 tempest-ImageDependencyTests-980540047-project-member] Store glance_store._drivers.swift.store.SingleTenantStore doesn't support updating dynamic storage capabilities. Please overwrite 'update_capabilities' method of the store to implement updating logics if needed. {{(pid=128991) update_capabilities /opt/stack/data/venv/lib/python3.10/site-packages/glance_store/capabilities.py:91}}
Feb 10 22:47:01 ubuntu devstack@g-api.service[128991]: DEBUG glance_store.driver [None req-738dc181-1d70-466a-893c-8075689230ff tempest-ImageDependencyTests-980540047 tempest-ImageDependencyTests-980540047-project-member] Late loading location class glance_store._drivers.swift.store.StoreLocation {{(pid=128991) get_store_location_class /opt/stack/data/venv/lib/python3.10/site-packages/glance_store/driver.py:133}}
Feb 10 22:47:01 ubuntu devstack@g-api.service[128991]: DEBUG glance_store.location [None req-738dc181-1d70-466a-893c-8075689230ff tempest-ImageDependencyTests-980540047 tempest-ImageDependencyTests-980540047-project-member] Registering scheme swift+https with {'store': <glance_store._drivers.swift.store.SingleTenantStore object at 0x7f83b8d83e80>, 'location_class': <class 'glance_store._drivers.swift.store.StoreLocation'>, 'store_entry': 'swift'} {{(pid=128991) register_scheme_map /opt/stack/data/venv/lib/python3.10/site-packages/glance_store/location.py:146}}
Feb 10 22:47:01 ubuntu devstack@g-api.service[128991]: DEBUG glance_store.location [None req-738dc181-1d70-466a-893c-8075689230ff tempest-ImageDependencyTests-980540047 tempest-ImageDependencyTests-980540047-project-member] Registering scheme swift+https with {'store': <glance_store._drivers.swift.store.SingleTenantStore object at 0x7f83b8d83e80>, 'location_class': <class 'glance_store._drivers.swift.store.StoreLocation'>, 'store_entry': 'swift'} {{(pid=128991) register_scheme_map /opt/stack/data/venv/lib/python3.10/site-packages/glance_store/location.py:146}}
Feb 10 22:47:01 ubuntu devstack@g-api.service[128991]: DEBUG glance_store.location [None req-738dc181-1d70-466a-893c-8075689230ff tempest-ImageDependencyTests-980540047 tempest-ImageDependencyTests-980540047-project-member] Registering scheme swift with {'store': <glance_store._drivers.swift.store.SingleTenantStore object at 0x7f83b8d83e80>, 'location_class': <class 'glance_store._drivers.swift.store.StoreLocation'>, 'store_entry': 'swift'} {{(pid=128991) register_scheme_map /opt/stack/data/venv/lib/python3.10/site-packages/glance_store/location.py:146}}
Feb 10 22:47:01 ubuntu devstack@g-api.service[128991]: DEBUG glance_store.location [None req-738dc181-1d70-466a-893c-8075689230ff tempest-ImageDependencyTests-980540047 tempest-ImageDependencyTests-980540047-project-member] Registering scheme swift+https with {'store': <glance_store._drivers.swift.store.SingleTenantStore object at 0x7f83b8d83e80>, 'location_class': <class 'glance_store._drivers.swift.store.StoreLocation'>, 'store_entry': 'swift'} {{(pid=128991) register_scheme_map /opt/stack/data/venv/lib/python3.10/site-packages/glance_store/location.py:146}}
Feb 10 22:47:01 ubuntu devstack@g-api.service[128991]: DEBUG glance_store.location [None req-738dc181-1d70-466a-893c-8075689230ff tempest-ImageDependencyTests-980540047 tempest-ImageDependencyTests-980540047-project-member] Registering scheme swift with {'store': <glance_store._drivers.swift.store.SingleTenantStore object at 0x7f83b8d83e80>, 'location_class': <class 'glance_store._drivers.swift.store.StoreLocation'>, 'store_entry': 'swift'} {{(pid=128991) register_scheme_map /opt/stack/data/venv/lib/python3.10/site-packages/glance_store/location.py:146}}
Feb 10 22:47:01 ubuntu devstack@g-api.service[128991]: DEBUG glance_store.location [None req-738dc181-1d70-466a-893c-8075689230ff tempest-ImageDependencyTests-980540047 tempest-ImageDependencyTests-980540047-project-member] Registering scheme swift+http with {'store': <glance_store._drivers.swift.store.SingleTenantStore object at 0x7f83b8d83e80>, 'location_class': <class 'glance_store._drivers.swift.store.StoreLocation'>, 'store_entry': 'swift'} {{(pid=128991) register_scheme_map /opt/stack/data/venv/lib/python3.10/site-packages/glance_store/location.py:146}}
Feb 10 22:47:01 ubuntu devstack@g-api.service[128991]: DEBUG glance_store.location [None req-738dc181-1d70-466a-893c-8075689230ff tempest-ImageDependencyTests-980540047 tempest-ImageDependencyTests-980540047-project-member] Registering scheme swift+https with {'store': <glance_store._drivers.swift.store.SingleTenantStore object at 0x7f83b8d83e80>, 'location_class': <class 'glance_store._drivers.swift.store.StoreLocation'>, 'store_entry': 'swift'} {{(pid=128991) register_scheme_map /opt/stack/data/venv/lib/python3.10/site-packages/glance_store/location.py:146}}
Feb 10 22:47:01 ubuntu devstack@g-api.service[128991]: DEBUG glance_store.location [None req-738dc181-1d70-466a-893c-8075689230ff tempest-ImageDependencyTests-980540047 tempest-ImageDependencyTests-980540047-project-member] Registering scheme swift with {'store': <glance_store._drivers.swift.store.SingleTenantStore object at 0x7f83b8d83e80>, 'location_class': <class 'glance_store._drivers.swift.store.StoreLocation'>, 'store_entry': 'swift'} {{(pid=128991) register_scheme_map /opt/stack/data/venv/lib/python3.10/site-packages/glance_store/location.py:146}}
Feb 10 22:47:01 ubuntu devstack@g-api.service[128991]: DEBUG glance_store.location [None req-738dc181-1d70-466a-893c-8075689230ff tempest-ImageDependencyTests-980540047 tempest-ImageDependencyTests-980540047-project-member] Registering scheme swift+http with {'store': <glance_store._drivers.swift.store.SingleTenantStore object at 0x7f83b8d83e80>, 'location_class': <class 'glance_store._drivers.swift.store.StoreLocation'>, 'store_entry': 'swift'} {{(pid=128991) register_scheme_map /opt/stack/data/venv/lib/python3.10/site-packages/glance_store/location.py:146}}
Feb 10 22:47:01 ubuntu devstack@g-api.service[128991]: DEBUG glance_store.location [None req-738dc181-1d70-466a-893c-8075689230ff tempest-ImageDependencyTests-980540047 tempest-ImageDependencyTests-980540047-project-member] Registering scheme swift+config with {'store': <glance_store._drivers.swift.store.SingleTenantStore object at 0x7f83b8d83e80>, 'location_class': <class 'glance_store._drivers.swift.store.StoreLocation'>, 'store_entry': 'swift'} {{(pid=128991) register_scheme_map /opt/stack/data/venv/lib/python3.10/site-packages/glance_store/location.py:146}}
Feb 10 22:47:01 ubuntu devstack@g-api.service[128991]: DEBUG keystoneclient.auth.identity.v3.base [None req-738dc181-1d70-466a-893c-8075689230ff tempest-ImageDependencyTests-980540047 tempest-ImageDependencyTests-980540047-project-member] Making authentication request to http://10.201.5.82/identity/v3/auth/tokens {{(pid=128991) get_auth_ref /opt/stack/data/venv/lib/python3.10/site-packages/keystoneclient/auth/identity/v3/base.py:185}}
Feb 10 22:47:01 ubuntu devstack@g-api.service[128991]: DEBUG keystoneclient.auth.identity.v3.base [None req-738dc181-1d70-466a-893c-8075689230ff tempest-ImageDependencyTests-980540047 tempest-ImageDependencyTests-980540047-project-member] {"token": {"methods": ["password"], "user": {"domain": {"id": "default", "name": "Default"}, "id": "9470017047fc420e855d3bfa93e0e4dc", "name": "glance-swift", "password_expires_at": null}, "audit_ids": ["ffPvVgoURm-sxJTEa85wzg"], "expires_at": "2025-02-10T23:47:01.000000Z", "issued_at": "2025-02-10T22:47:01.000000Z", "project": {"domain": {"id": "default", "name": "Default"}, "id": "536ed71245b6446c980ad30dfb3bc6a5", "name": "service"}, "is_domain": false, "roles": [{"id": "ef52dca3ca1148c59876d2bd7b36d1bd", "name": "ResellerAdmin"}, {"id": "0eae21916ee2478a9c7493e21677bea9", "name": "service"}], "catalog": [{"endpoints": [{"id": "0ed52620e49e45a5b62cf6faab0f69e6", "interface": "public", "region_id": "RegionOne", "url": "http://10.201.5.82/compute/v2/536ed71245b6446c980ad30dfb3bc6a5", "region": "RegionOne"}], "id": "1c0f7459f05f4b52894a1b4bf7a8d956", "type": "compute_legacy", "name": "nova_legacy"}, {"endpoints": [{"id": "1ad533efbcc24b95ace788688c135198", "interface": "public", "region_id": "RegionOne", "url": "http://10.201.5.82:8080/v1/AUTH_536ed71245b6446c980ad30dfb3bc6a5", "region": "RegionOne"}, {"id": "2f30831841404b7bb6bcbedc62a81f1d", "interface": "admin", "region_id": "RegionOne", "url": "http://10.201.5.82:8080", "region": "RegionOne"}], "id": "420438020c7f40dc9a4dac16adba54db", "type": "object-store", "name": "swift"}, {"endpoints": [{"id": "eba0321da92c47939ee5b0cc7d866d6b", "interface": "public", "region_id": "RegionOne", "url": "http://10.201.5.82:9696/networking", "region": "RegionOne"}], "id": "8b140aef9e154c6bb8cd78e36637ea27", "type": "network", "name": "neutron"}, {"endpoints": [{"id": "5a930099ce49423e83a7a4d18ca95fc1", "interface": "public", "region_id": "RegionOne", "url": "http://10.201.5.82/image", "region": "RegionOne"}], "id": "a3712f980c4248b9940c84753562ff6a", "type": "image", "name": "glance"}, {"endpoints": [{"id": "0fa756bd3684418caa556aa644eaca47", "interface": "public", "region_id": "RegionOne", "url": "http://10.201.5.82/compute/v2.1", "region": "RegionOne"}], "id": "abbf556e06894d6d8e3615ebea0d03d7", "type": "compute", "name": "nova"}, {"endpoints": [{"id": "fd81092bebfa40048b7b60a02db0ce2f", "interface": "public", "region_id": "RegionOne", "url": "http://10.201.5.82/placement", "region": "RegionOne"}], "id": "d1ac04fed56b43ac8cb64c3c3cefe299", "type": "placement", "name": "placement"}, {"endpoints": [{"id": "3b4d38df91644471a1fb6b1a17452412", "interface": "public", "region_id": "RegionOne", "url": "http://10.201.5.82/volume/v3", "region": "RegionOne"}], "id": "f397cbfea4de4ffa8ca42746bcf60e2b", "type": "block-storage", "name": "cinder"}, {"endpoints": [{"id": "43bb8352297f4351b4b9aa82a5818da8", "interface": "public", "region_id": "RegionOne", "url": "http://10.201.5.82/identity", "region": "RegionOne"}], "id": "fa6cbddfcc4d42d4ace2775bc4108715", "type": "identity", "name": "keystone"}]}} {{(pid=128991) get_auth_ref /opt/stack/data/venv/lib/python3.10/site-packages/keystoneclient/auth/identity/v3/base.py:190}}
Feb 10 22:47:01 ubuntu devstack@g-api.service[128991]: DEBUG keystoneclient.httpclient [None req-738dc181-1d70-466a-893c-8075689230ff tempest-ImageDependencyTests-980540047 tempest-ImageDependencyTests-980540047-project-member] Failed to find endpoint for management url admin endpoint for identity service not found {{(pid=128991) _process_management_url /opt/stack/data/venv/lib/python3.10/site-packages/keystoneclient/httpclient.py:670}}
Feb 10 22:47:01 ubuntu devstack@g-api.service[128991]: DEBUG swiftclient [None req-738dc181-1d70-466a-893c-8075689230ff tempest-ImageDependencyTests-980540047 tempest-ImageDependencyTests-980540047-project-member] REQ: curl -i http://10.201.5.82:8080/v1/AUTH_536ed71245b6446c980ad30dfb3bc6a5/glance/98ccbf45-2a99-49f9-9ffc-985565b5eacc -I -H "X-Auth-Token: gAAAAABnqoHlZWJj..." {{(pid=128991) http_log /opt/stack/data/venv/lib/python3.10/site-packages/swiftclient/client.py:160}}
Feb 10 22:47:01 ubuntu devstack@g-api.service[128991]: DEBUG swiftclient [None req-738dc181-1d70-466a-893c-8075689230ff tempest-ImageDependencyTests-980540047 tempest-ImageDependencyTests-980540047-project-member] RESP STATUS: 200 OK {{(pid=128991) http_log /opt/stack/data/venv/lib/python3.10/site-packages/swiftclient/client.py:161}}
Feb 10 22:47:01 ubuntu devstack@g-api.service[128991]: DEBUG swiftclient [None req-738dc181-1d70-466a-893c-8075689230ff tempest-ImageDependencyTests-980540047 tempest-ImageDependencyTests-980540047-project-member] RESP HEADERS: {'Content-Type': 'application/octet-stream', 'Content-Length': '1024', 'Etag': '88eee6de86f92d7f583bbc7060b019a8', 'Last-Modified': 'Mon, 10 Feb 2025 22:46:55 GMT', 'X-Timestamp': '1739227614.72564', 'Accept-Ranges': 'bytes', 'X-Trans-Id': 'tx666e96ca27254ee5b5e2c-0067aa81e5', 'X-Openstack-Request-Id': 'tx666e96ca27254ee5b5e2c-0067aa81e5', 'Date': 'Mon, 10 Feb 2025 22:47:01 GMT'} {{(pid=128991) http_log /opt/stack/data/venv/lib/python3.10/site-packages/swiftclient/client.py:162}}
Feb 10 22:47:01 ubuntu devstack@g-api.service[128991]: DEBUG swiftclient [None req-738dc181-1d70-466a-893c-8075689230ff tempest-ImageDependencyTests-980540047 tempest-ImageDependencyTests-980540047-project-member] REQ: curl -i http://10.201.5.82:8080/v1/AUTH_536ed71245b6446c980ad30dfb3bc6a5/glance/98ccbf45-2a99-49f9-9ffc-985565b5eacc DELETE -H "X-Auth-Token: gAAAAABnqoHlZWJj..." {{(pid=128991) http_log /opt/stack/data/venv/lib/python3.10/site-packages/swiftclient/client.py:160}}
Feb 10 22:47:01 ubuntu devstack@g-api.service[128991]: DEBUG swiftclient [None req-738dc181-1d70-466a-893c-8075689230ff tempest-ImageDependencyTests-980540047 tempest-ImageDependencyTests-980540047-project-member] RESP STATUS: 204 No Content {{(pid=128991) http_log /opt/stack/data/venv/lib/python3.10/site-packages/swiftclient/client.py:161}}
Feb 10 22:47:01 ubuntu devstack@g-api.service[128991]: DEBUG swiftclient [None req-738dc181-1d70-466a-893c-8075689230ff tempest-ImageDependencyTests-980540047 tempest-ImageDependencyTests-980540047-project-member] RESP HEADERS: {'Content-Type': 'text/html; charset=UTF-8', 'Content-Length': '0', 'X-Trans-Id': 'tx40c025b8e8474426a3b53-0067aa81e5', 'X-Openstack-Request-Id': 'tx40c025b8e8474426a3b53-0067aa81e5', 'Date': 'Mon, 10 Feb 2025 22:47:01 GMT'} {{(pid=128991) http_log /opt/stack/data/venv/lib/python3.10/site-packages/swiftclient/client.py:162}}
Feb 10 22:47:01 ubuntu devstack@g-api.service[128991]: DEBUG glance.api.middleware.cache [None req-738dc181-1d70-466a-893c-8075689230ff tempest-ImageDependencyTests-980540047 tempest-ImageDependencyTests-980540047-project-member] Removing image 98ccbf45-2a99-49f9-9ffc-985565b5eacc from cache {{(pid=128991) _process_DELETE_response /opt/stack/glance/glance/api/middleware/cache.py:264}}
Feb 10 22:47:01 ubuntu devstack@g-api.service[128991]: DEBUG glance.image_cache.drivers.centralized_db [None req-738dc181-1d70-466a-893c-8075689230ff tempest-ImageDependencyTests-980540047 tempest-ImageDependencyTests-980540047-project-member] Deleting image cache file '/opt/stack/data/glance/cache/98ccbf45-2a99-49f9-9ffc-985565b5eacc' {{(pid=128991) delete_cached_file /opt/stack/glance/glance/image_cache/drivers/centralized_db.py:387}}
Feb 10 22:47:01 ubuntu devstack@g-api.service[128991]: [pid: 128991|app: 0|req: 33/64] 127.0.0.1 () {38 vars in 773 bytes} [Mon Feb 10 22:47:01 2025] DELETE /v2/images/98ccbf45-2a99-49f9-9ffc-985565b5eacc => generated 0 bytes in 230 msecs (HTTP/1.1 204) 4 headers in 171 bytes (1 switches on core 0)
Feb 10 22:47:01 ubuntu devstack@g-api.service[128992]: DEBUG glance.api.middleware.version_negotiation [None req-d0513525-3349-4ca5-8aef-5a701bc8acb2 tempest-ImageDependencyTests-980540047 tempest-ImageDependencyTests-980540047-project-member] Determining version of request: GET /v2/images/98ccbf45-2a99-49f9-9ffc-985565b5eacc Accept: application/json {{(pid=128992) process_request /opt/stack/glance/glance/api/middleware/version_negotiation.py:44}}
Feb 10 22:47:01 ubuntu devstack@g-api.service[128992]: DEBUG glance.api.middleware.version_negotiation [None req-d0513525-3349-4ca5-8aef-5a701bc8acb2 tempest-ImageDependencyTests-980540047 tempest-ImageDependencyTests-980540047-project-member] Using url versioning {{(pid=128992) process_request /opt/stack/glance/glance/api/middleware/version_negotiation.py:57}}
Feb 10 22:47:01 ubuntu devstack@g-api.service[128992]: DEBUG glance.api.middleware.version_negotiation [None req-d0513525-3349-4ca5-8aef-5a701bc8acb2 tempest-ImageDependencyTests-980540047 tempest-ImageDependencyTests-980540047-project-member] Matched version: v2 {{(pid=128992) process_request /opt/stack/glance/glance/api/middleware/version_negotiation.py:69}}
Feb 10 22:47:01 ubuntu devstack@g-api.service[128992]: DEBUG glance.api.middleware.version_negotiation [None req-d0513525-3349-4ca5-8aef-5a701bc8acb2 tempest-ImageDependencyTests-980540047 tempest-ImageDependencyTests-980540047-project-member] new path /v2/images/98ccbf45-2a99-49f9-9ffc-985565b5eacc {{(pid=128992) process_request /opt/stack/glance/glance/api/middleware/version_negotiation.py:70}}
Feb 10 22:47:02 ubuntu devstack@g-api.service[128992]: DEBUG glance.db.sqlalchemy.api [None req-344825e1-b137-483f-a07b-cf83f69b5dec tempest-ImageDependencyTests-980540047 tempest-ImageDependencyTests-980540047-project-member] No image found with ID 98ccbf45-2a99-49f9-9ffc-985565b5eacc {{(pid=128992) _image_get /opt/stack/glance/glance/db/sqlalchemy/api.py:309}}
Feb 10 22:47:02 ubuntu devstack@g-api.service[128992]: [pid: 128992|app: 0|req: 32/65] 127.0.0.1 () {38 vars in 770 bytes} [Mon Feb 10 22:47:01 2025] GET /v2/images/98ccbf45-2a99-49f9-9ffc-985565b5eacc => generated 139 bytes in 13 msecs (HTTP/1.1 404) 4 headers in 164 bytes (1 switches on core 0)
Feb 10 22:47:11 ubuntu devstack@g-api.service[128991]: DEBUG dbcounter [-] [128991] Writing DB stats glance:SELECT=52,glance:UPDATE=9,glance:INSERT=1,glance:DELETE=1 {{(pid=128991) stat_writer /opt/stack/data/venv/lib/python3.10/site-packages/dbcounter.py:115}}
Feb 10 22:47:12 ubuntu devstack@g-api.service[128992]: DEBUG dbcounter [-] [128992] Writing DB stats glance:SELECT=32,glance:INSERT=2,glance:UPDATE=1 {{(pid=128992) stat_writer /opt/stack/data/venv/lib/python3.10/site-packages/dbcounter.py:115}}
Feb 10 23:27:09 ubuntu devstack@g-api.service[128991]: DEBUG glance.api.middleware.version_negotiation [None req-738dc181-1d70-466a-893c-8075689230ff tempest-ImageDependencyTests-980540047 tempest-ImageDependencyTests-980540047-project-member] Determining version of request: GET /v2/images/8ff140ba-0c0d-4f66-a0f6-d850b0537ccc Accept: application/json {{(pid=128991) process_request /opt/stack/glance/glance/api/middleware/version_negotiation.py:44}}
Feb 10 23:27:09 ubuntu devstack@g-api.service[128991]: DEBUG glance.api.middleware.version_negotiation [None req-738dc181-1d70-466a-893c-8075689230ff tempest-ImageDependencyTests-980540047 tempest-ImageDependencyTests-980540047-project-member] Using url versioning {{(pid=128991) process_request /opt/stack/glance/glance/api/middleware/version_negotiation.py:57}}
Feb 10 23:27:09 ubuntu devstack@g-api.service[128991]: DEBUG glance.api.middleware.version_negotiation [None req-738dc181-1d70-466a-893c-8075689230ff tempest-ImageDependencyTests-980540047 tempest-ImageDependencyTests-980540047-project-member] Matched version: v2 {{(pid=128991) process_request /opt/stack/glance/glance/api/middleware/version_negotiation.py:69}}
Feb 10 23:27:09 ubuntu devstack@g-api.service[128991]: DEBUG glance.api.middleware.version_negotiation [None req-738dc181-1d70-466a-893c-8075689230ff tempest-ImageDependencyTests-980540047 tempest-ImageDependencyTests-980540047-project-member] new path /v2/images/8ff140ba-0c0d-4f66-a0f6-d850b0537ccc {{(pid=128991) process_request /opt/stack/glance/glance/api/middleware/version_negotiation.py:70}}
