Mar 02 06:56:41 ubuntu devstack@keystone.service[82414]: ERROR keystone.server.flask.application   File "/opt/stack/data/venv/lib/python3.10/site-packages/sqlalchemy/orm/persistence.py", line 1048, in _emit_insert_statements
Mar 02 06:56:41 ubuntu devstack@keystone.service[82414]: ERROR keystone.server.flask.application     result = connection.execute(
Mar 02 06:56:41 ubuntu devstack@keystone.service[82414]: ERROR keystone.server.flask.application   File "/opt/stack/data/venv/lib/python3.10/site-packages/sqlalchemy/engine/base.py", line 1419, in execute
Mar 02 06:56:41 ubuntu devstack@keystone.service[82414]: ERROR keystone.server.flask.application     return meth(
Mar 02 06:56:41 ubuntu devstack@keystone.service[82414]: ERROR keystone.server.flask.application   File "/opt/stack/data/venv/lib/python3.10/site-packages/sqlalchemy/sql/elements.py", line 527, in _execute_on_connection
Mar 02 06:56:41 ubuntu devstack@keystone.service[82414]: ERROR keystone.server.flask.application     return connection._execute_clauseelement(
Mar 02 06:56:41 ubuntu devstack@keystone.service[82414]: ERROR keystone.server.flask.application   File "/opt/stack/data/venv/lib/python3.10/site-packages/sqlalchemy/engine/base.py", line 1641, in _execute_clauseelement
Mar 02 06:56:41 ubuntu devstack@keystone.service[82414]: ERROR keystone.server.flask.application     ret = self._execute_context(
Mar 02 06:56:41 ubuntu devstack@keystone.service[82414]: ERROR keystone.server.flask.application   File "/opt/stack/data/venv/lib/python3.10/site-packages/sqlalchemy/engine/base.py", line 1846, in _execute_context
Mar 02 06:56:41 ubuntu devstack@keystone.service[82414]: ERROR keystone.server.flask.application     return self._exec_single_context(
Mar 02 06:56:41 ubuntu devstack@keystone.service[82414]: ERROR keystone.server.flask.application   File "/opt/stack/data/venv/lib/python3.10/site-packages/sqlalchemy/engine/base.py", line 1986, in _exec_single_context
Mar 02 06:56:41 ubuntu devstack@keystone.service[82414]: ERROR keystone.server.flask.application     self._handle_dbapi_exception(
Mar 02 06:56:41 ubuntu devstack@keystone.service[82414]: ERROR keystone.server.flask.application   File "/opt/stack/data/venv/lib/python3.10/site-packages/sqlalchemy/engine/base.py", line 2360, in _handle_dbapi_exception
Mar 02 06:56:41 ubuntu devstack@keystone.service[82414]: ERROR keystone.server.flask.application     raise newraise.with_traceback(exc_info[2]) from e
Mar 02 06:56:41 ubuntu devstack@keystone.service[82414]: ERROR keystone.server.flask.application   File "/opt/stack/data/venv/lib/python3.10/site-packages/sqlalchemy/engine/base.py", line 1967, in _exec_single_context
Mar 02 06:56:41 ubuntu devstack@keystone.service[82414]: ERROR keystone.server.flask.application     self.dialect.do_execute(
Mar 02 06:56:41 ubuntu devstack@keystone.service[82414]: ERROR keystone.server.flask.application   File "/opt/stack/data/venv/lib/python3.10/site-packages/sqlalchemy/engine/default.py", line 952, in do_execute
Mar 02 06:56:41 ubuntu devstack@keystone.service[82414]: ERROR keystone.server.flask.application     cursor.execute(statement, parameters)
Mar 02 06:56:41 ubuntu devstack@keystone.service[82414]: ERROR keystone.server.flask.application   File "/opt/stack/data/venv/lib/python3.10/site-packages/pymysql/cursors.py", line 153, in execute
Mar 02 06:56:41 ubuntu devstack@keystone.service[82414]: ERROR keystone.server.flask.application     result = self._query(query)
Mar 02 06:56:41 ubuntu devstack@keystone.service[82414]: ERROR keystone.server.flask.application   File "/opt/stack/data/venv/lib/python3.10/site-packages/pymysql/cursors.py", line 322, in _query
Mar 02 06:56:41 ubuntu devstack@keystone.service[82414]: ERROR keystone.server.flask.application     conn.query(q)
Mar 02 06:56:41 ubuntu devstack@keystone.service[82414]: ERROR keystone.server.flask.application   File "/opt/stack/data/venv/lib/python3.10/site-packages/pymysql/connections.py", line 575, in query
Mar 02 06:56:41 ubuntu devstack@keystone.service[82414]: ERROR keystone.server.flask.application     self._affected_rows = self._read_query_result(unbuffered=unbuffered)
Mar 02 06:56:41 ubuntu devstack@keystone.service[82414]: ERROR keystone.server.flask.application   File "/opt/stack/data/venv/lib/python3.10/site-packages/pymysql/connections.py", line 826, in _read_query_result
Mar 02 06:56:41 ubuntu devstack@keystone.service[82414]: ERROR keystone.server.flask.application     result.read()
Mar 02 06:56:41 ubuntu devstack@keystone.service[82414]: ERROR keystone.server.flask.application   File "/opt/stack/data/venv/lib/python3.10/site-packages/pymysql/connections.py", line 1203, in read
Mar 02 06:56:41 ubuntu devstack@keystone.service[82414]: ERROR keystone.server.flask.application     first_packet = self.connection._read_packet()
Mar 02 06:56:41 ubuntu devstack@keystone.service[82414]: ERROR keystone.server.flask.application   File "/opt/stack/data/venv/lib/python3.10/site-packages/pymysql/connections.py", line 782, in _read_packet
Mar 02 06:56:41 ubuntu devstack@keystone.service[82414]: ERROR keystone.server.flask.application     packet.raise_for_error()
Mar 02 06:56:41 ubuntu devstack@keystone.service[82414]: ERROR keystone.server.flask.application   File "/opt/stack/data/venv/lib/python3.10/site-packages/pymysql/protocol.py", line 219, in raise_for_error
Mar 02 06:56:41 ubuntu devstack@keystone.service[82414]: ERROR keystone.server.flask.application     err.raise_mysql_exception(self._data)
Mar 02 06:56:41 ubuntu devstack@keystone.service[82414]: ERROR keystone.server.flask.application   File "/opt/stack/data/venv/lib/python3.10/site-packages/pymysql/err.py", line 150, in raise_mysql_exception
Mar 02 06:56:41 ubuntu devstack@keystone.service[82414]: ERROR keystone.server.flask.application     raise errorclass(errno, errval)
Mar 02 06:56:41 ubuntu devstack@keystone.service[82414]: ERROR keystone.server.flask.application oslo_db.exception.DBDuplicateEntry: (pymysql.err.IntegrityError) (1062, "Duplicate entry 'service-<<null>>' for key 'role.ixu_role_name_domain_id'")
Mar 02 06:56:41 ubuntu devstack@keystone.service[82414]: ERROR keystone.server.flask.application [SQL: INSERT INTO `role` (id, name, description, extra) VALUES (%(id)s, %(name)s, %(description)s, %(extra)s)]
Mar 02 06:56:41 ubuntu devstack@keystone.service[82414]: ERROR keystone.server.flask.application [parameters: {'id': '7475629712c5497d9bb5a2ecb9b06ada', 'name': 'service', 'description': None, 'extra': '{}'}]
Mar 02 06:56:41 ubuntu devstack@keystone.service[82414]: ERROR keystone.server.flask.application (Background on this error at: https://sqlalche.me/e/20/gkpj)
Mar 02 06:56:41 ubuntu devstack@keystone.service[82414]: ERROR keystone.server.flask.application 
Mar 02 06:56:41 ubuntu devstack@keystone.service[82414]: ERROR keystone.server.flask.application During handling of the above exception, another exception occurred:
Mar 02 06:56:41 ubuntu devstack@keystone.service[82414]: ERROR keystone.server.flask.application 
Mar 02 06:56:41 ubuntu devstack@keystone.service[82414]: ERROR keystone.server.flask.application Traceback (most recent call last):
Mar 02 06:56:41 ubuntu devstack@keystone.service[82414]: ERROR keystone.server.flask.application   File "/opt/stack/data/venv/lib/python3.10/site-packages/flask/app.py", line 917, in full_dispatch_request
Mar 02 06:56:41 ubuntu devstack@keystone.service[82414]: ERROR keystone.server.flask.application     rv = self.dispatch_request()
Mar 02 06:56:41 ubuntu devstack@keystone.service[82414]: ERROR keystone.server.flask.application   File "/opt/stack/data/venv/lib/python3.10/site-packages/flask/app.py", line 902, in dispatch_request
Mar 02 06:56:41 ubuntu devstack@keystone.service[82414]: ERROR keystone.server.flask.application     return self.ensure_sync(self.view_functions[rule.endpoint])(**view_args)  # type: ignore[no-any-return]
Mar 02 06:56:41 ubuntu devstack@keystone.service[82414]: ERROR keystone.server.flask.application   File "/opt/stack/data/venv/lib/python3.10/site-packages/flask_restful/__init__.py", line 489, in wrapper
Mar 02 06:56:41 ubuntu devstack@keystone.service[82414]: ERROR keystone.server.flask.application     resp = resource(*args, **kwargs)
Mar 02 06:56:41 ubuntu devstack@keystone.service[82414]: ERROR keystone.server.flask.application   File "/opt/stack/data/venv/lib/python3.10/site-packages/flask/views.py", line 110, in view
Mar 02 06:56:41 ubuntu devstack@keystone.service[82414]: ERROR keystone.server.flask.application     return current_app.ensure_sync(self.dispatch_request)(**kwargs)  # type: ignore[no-any-return]
Mar 02 06:56:41 ubuntu devstack@keystone.service[82414]: ERROR keystone.server.flask.application   File "/opt/stack/data/venv/lib/python3.10/site-packages/flask_restful/__init__.py", line 604, in dispatch_request
Mar 02 06:56:41 ubuntu devstack@keystone.service[82414]: ERROR keystone.server.flask.application     resp = meth(*args, **kwargs)
Mar 02 06:56:41 ubuntu devstack@keystone.service[82414]: ERROR keystone.server.flask.application   File "/opt/stack/keystone/keystone/api/validation/__init__.py", line 86, in wrapper
Mar 02 06:56:41 ubuntu devstack@keystone.service[82414]: ERROR keystone.server.flask.application     return func(*args, **kwargs)
Mar 02 06:56:41 ubuntu devstack@keystone.service[82414]: ERROR keystone.server.flask.application   File "/opt/stack/keystone/keystone/api/validation/__init__.py", line 145, in wrapper
Mar 02 06:56:41 ubuntu devstack@keystone.service[82414]: ERROR keystone.server.flask.application     response = func(*args, **kwargs)
Mar 02 06:56:41 ubuntu devstack@keystone.service[82414]: ERROR keystone.server.flask.application   File "/opt/stack/keystone/keystone/api/roles.py", line 91, in post
Mar 02 06:56:41 ubuntu devstack@keystone.service[82414]: ERROR keystone.server.flask.application     ref = PROVIDERS.role_api.create_role(
Mar 02 06:56:41 ubuntu devstack@keystone.service[82414]: ERROR keystone.server.flask.application   File "/opt/stack/keystone/keystone/common/manager.py", line 114, in wrapped
Mar 02 06:56:41 ubuntu devstack@keystone.service[82414]: ERROR keystone.server.flask.application     __ret_val = __f(*args, **kwargs)
Mar 02 06:56:41 ubuntu devstack@keystone.service[82414]: ERROR keystone.server.flask.application   File "/opt/stack/keystone/keystone/assignment/core.py", line 1526, in create_role
Mar 02 06:56:41 ubuntu devstack@keystone.service[82414]: ERROR keystone.server.flask.application     ret = self.driver.create_role(role_id, role)
Mar 02 06:56:41 ubuntu devstack@keystone.service[82414]: ERROR keystone.server.flask.application   File "/opt/stack/keystone/keystone/common/sql/core.py", line 614, in wrapper
Mar 02 06:56:41 ubuntu devstack@keystone.service[82414]: ERROR keystone.server.flask.application     raise exception.Conflict(type=conflict_type, details=msg)
Mar 02 06:56:41 ubuntu devstack@keystone.service[82414]: ERROR keystone.server.flask.application keystone.exception.Conflict: Conflict occurred attempting to store role - Duplicate entry found with name service.
Mar 02 06:56:41 ubuntu devstack@keystone.service[82414]: ERROR keystone.server.flask.application 
Mar 02 06:56:41 ubuntu devstack@keystone.service[82414]: [pid: 82414|app: 0|req: 18/36] 10.201.5.82 () {60 vars in 1168 bytes} [Mon Mar  2 06:56:41 2026] POST /identity/v3/roles => generated 140 bytes in 83 msecs (HTTP/1.1 409) 5 headers in 183 bytes (1 switches on core 0)
Mar 02 06:56:41 ubuntu devstack@keystone.service[82414]: DEBUG keystone.server.flask.request_processing.middleware.auth_context [None req-37c03590-6405-491e-ae9b-86b2e7a43ada None admin] Authenticating user token {{(pid=82414) process_request /opt/stack/data/venv/lib/python3.10/site-packages/keystonemiddleware/auth_token/__init__.py:407}}
Mar 02 06:56:41 ubuntu devstack@keystone.service[82414]: DEBUG keystone.server.flask.request_processing.middleware.auth_context [None req-37c03590-6405-491e-ae9b-86b2e7a43ada None admin] Validating token access rules against request {{(pid=82414) validate_allowed_request /opt/stack/data/venv/lib/python3.10/site-packages/keystonemiddleware/auth_token/__init__.py:545}}
Mar 02 06:56:41 ubuntu devstack@keystone.service[82415]: [pid: 82415|app: 0|req: 19/37] 10.201.5.82 () {60 vars in 1177 bytes} [Mon Mar  2 06:56:41 2026] POST /identity/v3/projects => generated 301 bytes in 285 msecs (HTTP/1.1 201) 5 headers in 182 bytes (1 switches on core 0)
Mar 02 06:56:41 ubuntu devstack@keystone.service[82415]: DEBUG keystone.server.flask.request_processing.middleware.auth_context [None req-08fc6abb-8378-47e6-b8de-2a2188cfda5d None admin] Authenticating user token {{(pid=82415) process_request /opt/stack/data/venv/lib/python3.10/site-packages/keystonemiddleware/auth_token/__init__.py:407}}
Mar 02 06:56:41 ubuntu devstack@keystone.service[82414]: DEBUG keystone.server.flask.request_processing.middleware.auth_context [None req-8def6dc7-80f2-4077-b551-576f857f1dd2 None admin] RBAC: auth_context: {'token': <TokenModel (audit_id=diMC0aOORBqSW71DQ1pOIg, audit_chain_id=['diMC0aOORBqSW71DQ1pOIg']) at 0x7face703a6e0>, 'domain_id': None, 'trust_id': None, 'trustor_id': None, 'trustee_id': None, 'domain_name': None, 'group_ids': [], 'user_id': 'de22053086b641e88de51513b6c76617', 'user_domain_id': 'default', 'system_scope': 'all', 'project_id': None, 'project_domain_id': None, 'roles': ['admin', 'manager', 'member', 'reader'], 'is_admin_project': True, 'service_user_id': None, 'service_user_domain_id': None, 'service_project_id': None, 'service_project_domain_id': None, 'service_roles': []} {{(pid=82414) fill_context /opt/stack/keystone/keystone/server/flask/request_processing/middleware/auth_context.py:509}}
Mar 02 06:56:41 ubuntu devstack@keystone.service[82414]: DEBUG keystone.server.flask.request_processing.req_logging [None req-8def6dc7-80f2-4077-b551-576f857f1dd2 None admin] REQUEST_METHOD: `GET` {{(pid=82414) log_request_info /opt/stack/keystone/keystone/server/flask/request_processing/req_logging.py:26}}
Mar 02 06:56:41 ubuntu devstack@keystone.service[82414]: DEBUG keystone.server.flask.request_processing.req_logging [None req-8def6dc7-80f2-4077-b551-576f857f1dd2 None admin] SCRIPT_NAME: `/identity` {{(pid=82414) log_request_info /opt/stack/keystone/keystone/server/flask/request_processing/req_logging.py:27}}
Mar 02 06:56:41 ubuntu devstack@keystone.service[82414]: DEBUG keystone.server.flask.request_processing.req_logging [None req-8def6dc7-80f2-4077-b551-576f857f1dd2 None admin] PATH_INFO: `/v3/domains/default` {{(pid=82414) log_request_info /opt/stack/keystone/keystone/server/flask/request_processing/req_logging.py:28}}
Mar 02 06:56:41 ubuntu devstack@keystone.service[82414]: DEBUG keystone.common.rbac_enforcer.enforcer [None req-8def6dc7-80f2-4077-b551-576f857f1dd2 None admin] RBAC: Authorizing `identity:get_domain(domain_id=default)` {{(pid=82414) enforce_call /opt/stack/keystone/keystone/common/rbac_enforcer/enforcer.py:494}}
Mar 02 06:56:41 ubuntu devstack@keystone.service[82414]: DEBUG keystone.common.rbac_enforcer.enforcer [None req-8def6dc7-80f2-4077-b551-576f857f1dd2 None admin] RBAC: Authorization granted {{(pid=82414) enforce_call /opt/stack/keystone/keystone/common/rbac_enforcer/enforcer.py:505}}
Mar 02 06:56:41 ubuntu devstack@keystone.service[82414]: [pid: 82414|app: 0|req: 19/38] 10.201.5.82 () {56 vars in 1145 bytes} [Mon Mar  2 06:56:41 2026] GET /identity/v3/domains/default => generated 199 bytes in 56 msecs (HTTP/1.1 200) 5 headers in 177 bytes (1 switches on core 0)
Mar 02 06:56:41 ubuntu devstack@keystone.service[82414]: DEBUG keystone.server.flask.request_processing.middleware.auth_context [None req-8def6dc7-80f2-4077-b551-576f857f1dd2 None admin] Authenticating user token {{(pid=82414) process_request /opt/stack/data/venv/lib/python3.10/site-packages/keystonemiddleware/auth_token/__init__.py:407}}
Mar 02 06:56:41 ubuntu devstack@keystone.service[82415]: DEBUG keystone.server.flask.request_processing.middleware.auth_context [None req-08fc6abb-8378-47e6-b8de-2a2188cfda5d None admin] Validating token access rules against request {{(pid=82415) validate_allowed_request /opt/stack/data/venv/lib/python3.10/site-packages/keystonemiddleware/auth_token/__init__.py:545}}
Mar 02 06:56:41 ubuntu devstack@keystone.service[82414]: DEBUG keystone.server.flask.request_processing.middleware.auth_context [None req-8def6dc7-80f2-4077-b551-576f857f1dd2 None admin] Validating token access rules against request {{(pid=82414) validate_allowed_request /opt/stack/data/venv/lib/python3.10/site-packages/keystonemiddleware/auth_token/__init__.py:545}}
Mar 02 06:56:41 ubuntu devstack@keystone.service[82415]: DEBUG keystone.server.flask.request_processing.middleware.auth_context [None req-04fa02a2-d960-4ae7-8f82-cb9430be66d5 None admin] RBAC: auth_context: {'token': <TokenModel (audit_id=hJfr3pMaQ1GHVS6YNIkdUQ, audit_chain_id=['hJfr3pMaQ1GHVS6YNIkdUQ']) at 0x7face72e38b0>, 'domain_id': None, 'trust_id': None, 'trustor_id': None, 'trustee_id': None, 'domain_name': None, 'group_ids': [], 'user_id': 'de22053086b641e88de51513b6c76617', 'user_domain_id': 'default', 'system_scope': 'all', 'project_id': None, 'project_domain_id': None, 'roles': ['admin', 'manager', 'member', 'reader'], 'is_admin_project': True, 'service_user_id': None, 'service_user_domain_id': None, 'service_project_id': None, 'service_project_domain_id': None, 'service_roles': []} {{(pid=82415) fill_context /opt/stack/keystone/keystone/server/flask/request_processing/middleware/auth_context.py:509}}
Mar 02 06:56:41 ubuntu devstack@keystone.service[82415]: DEBUG keystone.server.flask.request_processing.req_logging [None req-04fa02a2-d960-4ae7-8f82-cb9430be66d5 None admin] REQUEST_METHOD: `POST` {{(pid=82415) log_request_info /opt/stack/keystone/keystone/server/flask/request_processing/req_logging.py:26}}
Mar 02 06:56:41 ubuntu devstack@keystone.service[82415]: DEBUG keystone.server.flask.request_processing.req_logging [None req-04fa02a2-d960-4ae7-8f82-cb9430be66d5 None admin] SCRIPT_NAME: `/identity` {{(pid=82415) log_request_info /opt/stack/keystone/keystone/server/flask/request_processing/req_logging.py:27}}
Mar 02 06:56:41 ubuntu devstack@keystone.service[82415]: DEBUG keystone.server.flask.request_processing.req_logging [None req-04fa02a2-d960-4ae7-8f82-cb9430be66d5 None admin] PATH_INFO: `/v3/roles` {{(pid=82415) log_request_info /opt/stack/keystone/keystone/server/flask/request_processing/req_logging.py:28}}
Mar 02 06:56:41 ubuntu devstack@keystone.service[82415]: DEBUG keystone.common.rbac_enforcer.enforcer [None req-04fa02a2-d960-4ae7-8f82-cb9430be66d5 None admin] RBAC: Authorizing `identity:create_role()` {{(pid=82415) enforce_call /opt/stack/keystone/keystone/common/rbac_enforcer/enforcer.py:494}}
Mar 02 06:56:41 ubuntu devstack@keystone.service[82414]: DEBUG keystone.server.flask.request_processing.middleware.auth_context [None req-a94bdb65-3881-43d2-8225-da64d3990fca None admin] RBAC: auth_context: {'token': <TokenModel (audit_id=SYIvEwW7QeO9NFALw3_BZQ, audit_chain_id=['SYIvEwW7QeO9NFALw3_BZQ']) at 0x7face7016500>, 'domain_id': None, 'trust_id': None, 'trustor_id': None, 'trustee_id': None, 'domain_name': None, 'group_ids': [], 'user_id': 'de22053086b641e88de51513b6c76617', 'user_domain_id': 'default', 'system_scope': 'all', 'project_id': None, 'project_domain_id': None, 'roles': ['admin', 'manager', 'member', 'reader'], 'is_admin_project': True, 'service_user_id': None, 'service_user_domain_id': None, 'service_project_id': None, 'service_project_domain_id': None, 'service_roles': []} {{(pid=82414) fill_context /opt/stack/keystone/keystone/server/flask/request_processing/middleware/auth_context.py:509}}
Mar 02 06:56:41 ubuntu devstack@keystone.service[82414]: DEBUG keystone.server.flask.request_processing.req_logging [None req-a94bdb65-3881-43d2-8225-da64d3990fca None admin] REQUEST_METHOD: `GET` {{(pid=82414) log_request_info /opt/stack/keystone/keystone/server/flask/request_processing/req_logging.py:26}}
Mar 02 06:56:41 ubuntu devstack@keystone.service[82415]: DEBUG keystone.common.rbac_enforcer.enforcer [None req-04fa02a2-d960-4ae7-8f82-cb9430be66d5 None admin] RBAC: Authorization granted {{(pid=82415) enforce_call /opt/stack/keystone/keystone/common/rbac_enforcer/enforcer.py:505}}
Mar 02 06:56:41 ubuntu devstack@keystone.service[82414]: DEBUG keystone.server.flask.request_processing.req_logging [None req-a94bdb65-3881-43d2-8225-da64d3990fca None admin] SCRIPT_NAME: `/identity` {{(pid=82414) log_request_info /opt/stack/keystone/keystone/server/flask/request_processing/req_logging.py:27}}
Mar 02 06:56:41 ubuntu devstack@keystone.service[82414]: DEBUG keystone.server.flask.request_processing.req_logging [None req-a94bdb65-3881-43d2-8225-da64d3990fca None admin] PATH_INFO: `/v3/roles/service` {{(pid=82414) log_request_info /opt/stack/keystone/keystone/server/flask/request_processing/req_logging.py:28}}
Mar 02 06:56:41 ubuntu devstack@keystone.service[82414]: DEBUG keystone.common.rbac_enforcer.enforcer [None req-a94bdb65-3881-43d2-8225-da64d3990fca None admin] Extracting inferred target data resulted in "NOT FOUND (404)". {{(pid=82414) enforce_call /opt/stack/keystone/keystone/common/rbac_enforcer/enforcer.py:445}}
Mar 02 06:56:41 ubuntu devstack@keystone.service[82414]: DEBUG keystone.server.flask.application [None req-a94bdb65-3881-43d2-8225-da64d3990fca None admin] Could not find role: service. {{(pid=82414) _handle_keystone_exception /opt/stack/keystone/keystone/server/flask/application.py:146}}
Mar 02 06:56:41 ubuntu devstack@keystone.service[82414]: [pid: 82414|app: 0|req: 20/39] 10.201.5.82 () {56 vars in 1139 bytes} [Mon Mar  2 06:56:41 2026] GET /identity/v3/roles/service => generated 85 bytes in 60 msecs (HTTP/1.1 404) 5 headers in 183 bytes (1 switches on core 0)
Mar 02 06:56:41 ubuntu devstack@keystone.service[82414]: DEBUG keystone.server.flask.request_processing.middleware.auth_context [None req-a94bdb65-3881-43d2-8225-da64d3990fca None admin] Authenticating user token {{(pid=82414) process_request /opt/stack/data/venv/lib/python3.10/site-packages/keystonemiddleware/auth_token/__init__.py:407}}
Mar 02 06:56:41 ubuntu devstack@keystone.service[82415]: [pid: 82415|app: 0|req: 20/40] 10.201.5.82 () {60 vars in 1168 bytes} [Mon Mar  2 06:56:41 2026] POST /identity/v3/roles => generated 225 bytes in 70 msecs (HTTP/1.1 201) 5 headers in 182 bytes (1 switches on core 0)
Mar 02 06:56:41 ubuntu devstack@keystone.service[82415]: DEBUG keystone.server.flask.request_processing.middleware.auth_context [None req-04fa02a2-d960-4ae7-8f82-cb9430be66d5 None admin] Authenticating user token {{(pid=82415) process_request /opt/stack/data/venv/lib/python3.10/site-packages/keystonemiddleware/auth_token/__init__.py:407}}
Mar 02 06:56:41 ubuntu devstack@keystone.service[82414]: DEBUG keystone.server.flask.request_processing.middleware.auth_context [None req-a94bdb65-3881-43d2-8225-da64d3990fca None admin] Validating token access rules against request {{(pid=82414) validate_allowed_request /opt/stack/data/venv/lib/python3.10/site-packages/keystonemiddleware/auth_token/__init__.py:545}}
Mar 02 06:56:41 ubuntu devstack@keystone.service[82415]: DEBUG keystone.server.flask.request_processing.middleware.auth_context [None req-04fa02a2-d960-4ae7-8f82-cb9430be66d5 None admin] Validating token access rules against request {{(pid=82415) validate_allowed_request /opt/stack/data/venv/lib/python3.10/site-packages/keystonemiddleware/auth_token/__init__.py:545}}
Mar 02 06:56:41 ubuntu devstack@keystone.service[82414]: DEBUG keystone.server.flask.request_processing.middleware.auth_context [None req-a07488d1-ee11-4f42-a94b-5e5503039128 None admin] RBAC: auth_context: {'token': <TokenModel (audit_id=diMC0aOORBqSW71DQ1pOIg, audit_chain_id=['diMC0aOORBqSW71DQ1pOIg']) at 0x7face70173d0>, 'domain_id': None, 'trust_id': None, 'trustor_id': None, 'trustee_id': None, 'domain_name': None, 'group_ids': [], 'user_id': 'de22053086b641e88de51513b6c76617', 'user_domain_id': 'default', 'system_scope': 'all', 'project_id': None, 'project_domain_id': None, 'roles': ['admin', 'manager', 'member', 'reader'], 'is_admin_project': True, 'service_user_id': None, 'service_user_domain_id': None, 'service_project_id': None, 'service_project_domain_id': None, 'service_roles': []} {{(pid=82414) fill_context /opt/stack/keystone/keystone/server/flask/request_processing/middleware/auth_context.py:509}}
Mar 02 06:56:41 ubuntu devstack@keystone.service[82414]: DEBUG keystone.server.flask.request_processing.req_logging [None req-a07488d1-ee11-4f42-a94b-5e5503039128 None admin] REQUEST_METHOD: `GET` {{(pid=82414) log_request_info /opt/stack/keystone/keystone/server/flask/request_processing/req_logging.py:26}}
Mar 02 06:56:41 ubuntu devstack@keystone.service[82414]: DEBUG keystone.server.flask.request_processing.req_logging [None req-a07488d1-ee11-4f42-a94b-5e5503039128 None admin] SCRIPT_NAME: `/identity` {{(pid=82414) log_request_info /opt/stack/keystone/keystone/server/flask/request_processing/req_logging.py:27}}
Mar 02 06:56:41 ubuntu devstack@keystone.service[82414]: DEBUG keystone.server.flask.request_processing.req_logging [None req-a07488d1-ee11-4f42-a94b-5e5503039128 None admin] PATH_INFO: `/v3/role_assignments` {{(pid=82414) log_request_info /opt/stack/keystone/keystone/server/flask/request_processing/req_logging.py:28}}
Mar 02 06:56:41 ubuntu devstack@keystone.service[82414]: DEBUG keystone.common.rbac_enforcer.enforcer [None req-a07488d1-ee11-4f42-a94b-5e5503039128 None admin] RBAC: Adding query filter params (role.id=7e741d865d1d453ebadd701b7b36ccb5, scope.domain.id=default, user.id=de22053086b641e88de51513b6c76617) {{(pid=82414) _extract_filter_values /opt/stack/keystone/keystone/common/rbac_enforcer/enforcer.py:176}}
Mar 02 06:56:41 ubuntu devstack@keystone.service[82414]: DEBUG keystone.common.rbac_enforcer.enforcer [None req-a07488d1-ee11-4f42-a94b-5e5503039128 None admin] RBAC: Authorizing `identity:list_role_assignments()` {{(pid=82414) enforce_call /opt/stack/keystone/keystone/common/rbac_enforcer/enforcer.py:494}}
Mar 02 06:56:41 ubuntu devstack@keystone.service[82414]: DEBUG keystone.common.rbac_enforcer.enforcer [None req-a07488d1-ee11-4f42-a94b-5e5503039128 None admin] RBAC: Authorization granted {{(pid=82414) enforce_call /opt/stack/keystone/keystone/common/rbac_enforcer/enforcer.py:505}}
Mar 02 06:56:41 ubuntu devstack@keystone.service[82415]: DEBUG keystone.server.flask.request_processing.middleware.auth_context [None req-4a526c32-f340-4418-8d36-02cb5ce2abd5 None admin] RBAC: auth_context: {'token': <TokenModel (audit_id=SYIvEwW7QeO9NFALw3_BZQ, audit_chain_id=['SYIvEwW7QeO9NFALw3_BZQ']) at 0x7face72e3b50>, 'domain_id': None, 'trust_id': None, 'trustor_id': None, 'trustee_id': None, 'domain_name': None, 'group_ids': [], 'user_id': 'de22053086b641e88de51513b6c76617', 'user_domain_id': 'default', 'system_scope': 'all', 'project_id': None, 'project_domain_id': None, 'roles': ['admin', 'manager', 'member', 'reader'], 'is_admin_project': True, 'service_user_id': None, 'service_user_domain_id': None, 'service_project_id': None, 'service_project_domain_id': None, 'service_roles': []} {{(pid=82415) fill_context /opt/stack/keystone/keystone/server/flask/request_processing/middleware/auth_context.py:509}}
Mar 02 06:56:41 ubuntu devstack@keystone.service[82415]: DEBUG keystone.server.flask.request_processing.req_logging [None req-4a526c32-f340-4418-8d36-02cb5ce2abd5 None admin] REQUEST_METHOD: `GET` {{(pid=82415) log_request_info /opt/stack/keystone/keystone/server/flask/request_processing/req_logging.py:26}}
Mar 02 06:56:41 ubuntu devstack@keystone.service[82415]: DEBUG keystone.server.flask.request_processing.req_logging [None req-4a526c32-f340-4418-8d36-02cb5ce2abd5 None admin] SCRIPT_NAME: `/identity` {{(pid=82415) log_request_info /opt/stack/keystone/keystone/server/flask/request_processing/req_logging.py:27}}
Mar 02 06:56:41 ubuntu devstack@keystone.service[82415]: DEBUG keystone.server.flask.request_processing.req_logging [None req-4a526c32-f340-4418-8d36-02cb5ce2abd5 None admin] PATH_INFO: `/v3/roles` {{(pid=82415) log_request_info /opt/stack/keystone/keystone/server/flask/request_processing/req_logging.py:28}}
Mar 02 06:56:41 ubuntu devstack@keystone.service[82415]: DEBUG keystone.common.rbac_enforcer.enforcer [None req-4a526c32-f340-4418-8d36-02cb5ce2abd5 None admin] RBAC: Adding query filter params (name=service) {{(pid=82415) _extract_filter_values /opt/stack/keystone/keystone/common/rbac_enforcer/enforcer.py:176}}
Mar 02 06:56:41 ubuntu devstack@keystone.service[82415]: DEBUG keystone.common.rbac_enforcer.enforcer [None req-4a526c32-f340-4418-8d36-02cb5ce2abd5 None admin] RBAC: Authorizing `identity:list_roles()` {{(pid=82415) enforce_call /opt/stack/keystone/keystone/common/rbac_enforcer/enforcer.py:494}}
Mar 02 06:56:41 ubuntu devstack@keystone.service[82415]: DEBUG keystone.common.rbac_enforcer.enforcer [None req-4a526c32-f340-4418-8d36-02cb5ce2abd5 None admin] RBAC: Authorization granted {{(pid=82415) enforce_call /opt/stack/keystone/keystone/common/rbac_enforcer/enforcer.py:505}}
Mar 02 06:56:41 ubuntu devstack@keystone.service[82414]: [pid: 82414|app: 0|req: 21/41] 10.201.5.82 () {56 vars in 1372 bytes} [Mon Mar  2 06:56:41 2026] GET /identity/v3/role_assignments?role.id=7e741d865d1d453ebadd701b7b36ccb5&scope.domain.id=default&user.id=de22053086b641e88de51513b6c76617 => generated 530 bytes in 59 msecs (HTTP/1.1 200) 5 headers in 177 bytes (1 switches on core 0)
Mar 02 06:56:41 ubuntu devstack@keystone.service[82415]: [pid: 82415|app: 0|req: 21/42] 10.201.5.82 () {56 vars in 1153 bytes} [Mon Mar  2 06:56:41 2026] GET /identity/v3/roles?name=service => generated 343 bytes in 62 msecs (HTTP/1.1 200) 5 headers in 177 bytes (1 switches on core 0)
Mar 02 06:56:42 ubuntu devstack@keystone.service[82414]: DEBUG keystone.server.flask.request_processing.req_logging [None req-2e8be8d6-3258-40fc-a6e4-51ddd1028105 None None] REQUEST_METHOD: `GET` {{(pid=82414) log_request_info /opt/stack/keystone/keystone/server/flask/request_processing/req_logging.py:26}}
Mar 02 06:56:42 ubuntu devstack@keystone.service[82414]: DEBUG keystone.server.flask.request_processing.req_logging [None req-2e8be8d6-3258-40fc-a6e4-51ddd1028105 None None] SCRIPT_NAME: `/identity` {{(pid=82414) log_request_info /opt/stack/keystone/keystone/server/flask/request_processing/req_logging.py:27}}
Mar 02 06:56:42 ubuntu devstack@keystone.service[82414]: DEBUG keystone.server.flask.request_processing.req_logging [None req-2e8be8d6-3258-40fc-a6e4-51ddd1028105 None None] PATH_INFO: `/` {{(pid=82414) log_request_info /opt/stack/keystone/keystone/server/flask/request_processing/req_logging.py:28}}
Mar 02 06:56:42 ubuntu devstack@keystone.service[82414]: [pid: 82414|app: 0|req: 22/43] 10.201.5.82 () {54 vars in 920 bytes} [Mon Mar  2 06:56:42 2026] GET /identity => generated 270 bytes in 2 msecs (HTTP/1.1 300) 6 headers in 234 bytes (1 switches on core 0)
Mar 02 06:56:42 ubuntu devstack@keystone.service[82415]: DEBUG keystone.server.flask.request_processing.req_logging [None req-13da92a2-c200-4fdf-9aa3-d11db9a8a770 None None] REQUEST_METHOD: `POST` {{(pid=82415) log_request_info /opt/stack/keystone/keystone/server/flask/request_processing/req_logging.py:26}}
Mar 02 06:56:42 ubuntu devstack@keystone.service[82415]: DEBUG keystone.server.flask.request_processing.req_logging [None req-13da92a2-c200-4fdf-9aa3-d11db9a8a770 None None] SCRIPT_NAME: `/identity` {{(pid=82415) log_request_info /opt/stack/keystone/keystone/server/flask/request_processing/req_logging.py:27}}
Mar 02 06:56:42 ubuntu devstack@keystone.service[82415]: DEBUG keystone.server.flask.request_processing.req_logging [None req-13da92a2-c200-4fdf-9aa3-d11db9a8a770 None None] PATH_INFO: `/v3/auth/tokens` {{(pid=82415) log_request_info /opt/stack/keystone/keystone/server/flask/request_processing/req_logging.py:28}}
Mar 02 06:56:42 ubuntu devstack@keystone.service[82415]: WARNING keystone.common.password_hashing [None req-13da92a2-c200-4fdf-9aa3-d11db9a8a770 None None] Truncating password to algorithm specific maximum length 72 characters.
Mar 02 06:56:42 ubuntu devstack@keystone.service[82415]: DEBUG keystone.auth.core [None req-13da92a2-c200-4fdf-9aa3-d11db9a8a770 None None] MFA Rules not processed for user `de22053086b641e88de51513b6c76617`. Rule list: `[]` (Enabled: `True`). {{(pid=82415) check_auth_methods_against_rules /opt/stack/keystone/keystone/auth/core.py:476}}
Mar 02 06:56:42 ubuntu devstack@keystone.service[82415]: DEBUG keystone.common.fernet_utils [None req-13da92a2-c200-4fdf-9aa3-d11db9a8a770 None None] Loaded 2 Fernet keys from /etc/keystone/fernet-keys/, but `[fernet_tokens] max_active_keys = 3`; perhaps there have not been enough key rotations to reach `max_active_keys` yet? {{(pid=82415) load_keys /opt/stack/keystone/keystone/common/fernet_utils.py:297}}
Mar 02 06:56:42 ubuntu devstack@keystone.service[82414]: DEBUG keystone.server.flask.request_processing.req_logging [None req-9ec3295e-9741-49ff-b0d6-8d74d31a8a52 None None] REQUEST_METHOD: `GET` {{(pid=82414) log_request_info /opt/stack/keystone/keystone/server/flask/request_processing/req_logging.py:26}}
Mar 02 06:56:42 ubuntu devstack@keystone.service[82414]: DEBUG keystone.server.flask.request_processing.req_logging [None req-9ec3295e-9741-49ff-b0d6-8d74d31a8a52 None None] SCRIPT_NAME: `/identity` {{(pid=82414) log_request_info /opt/stack/keystone/keystone/server/flask/request_processing/req_logging.py:27}}
Mar 02 06:56:42 ubuntu devstack@keystone.service[82414]: DEBUG keystone.server.flask.request_processing.req_logging [None req-9ec3295e-9741-49ff-b0d6-8d74d31a8a52 None None] PATH_INFO: `/` {{(pid=82414) log_request_info /opt/stack/keystone/keystone/server/flask/request_processing/req_logging.py:28}}
Mar 02 06:56:42 ubuntu devstack@keystone.service[82414]: [pid: 82414|app: 0|req: 23/44] 10.201.5.82 () {54 vars in 920 bytes} [Mon Mar  2 06:56:42 2026] GET /identity => generated 270 bytes in 2 msecs (HTTP/1.1 300) 6 headers in 234 bytes (1 switches on core 0)
Mar 02 06:56:42 ubuntu devstack@keystone.service[82414]: DEBUG keystone.server.flask.request_processing.req_logging [None req-196cc1ca-c632-480b-9731-26f086858286 None None] REQUEST_METHOD: `POST` {{(pid=82414) log_request_info /opt/stack/keystone/keystone/server/flask/request_processing/req_logging.py:26}}
Mar 02 06:56:42 ubuntu devstack@keystone.service[82414]: DEBUG keystone.server.flask.request_processing.req_logging [None req-196cc1ca-c632-480b-9731-26f086858286 None None] SCRIPT_NAME: `/identity` {{(pid=82414) log_request_info /opt/stack/keystone/keystone/server/flask/request_processing/req_logging.py:27}}
Mar 02 06:56:42 ubuntu devstack@keystone.service[82414]: DEBUG keystone.server.flask.request_processing.req_logging [None req-196cc1ca-c632-480b-9731-26f086858286 None None] PATH_INFO: `/v3/auth/tokens` {{(pid=82414) log_request_info /opt/stack/keystone/keystone/server/flask/request_processing/req_logging.py:28}}
Mar 02 06:56:42 ubuntu devstack@keystone.service[82414]: WARNING keystone.common.password_hashing [None req-196cc1ca-c632-480b-9731-26f086858286 None None] Truncating password to algorithm specific maximum length 72 characters.
Mar 02 06:56:42 ubuntu devstack@keystone.service[82415]: [pid: 82415|app: 0|req: 22/45] 10.201.5.82 () {58 vars in 1017 bytes} [Mon Mar  2 06:56:42 2026] POST /identity/v3/auth/tokens => generated 862 bytes in 61 msecs (HTTP/1.1 201) 6 headers in 363 bytes (1 switches on core 0)
Mar 02 06:56:42 ubuntu devstack@keystone.service[82414]: DEBUG keystone.auth.core [None req-196cc1ca-c632-480b-9731-26f086858286 None None] MFA Rules not processed for user `de22053086b641e88de51513b6c76617`. Rule list: `[]` (Enabled: `True`). {{(pid=82414) check_auth_methods_against_rules /opt/stack/keystone/keystone/auth/core.py:476}}
Mar 02 06:56:42 ubuntu devstack@keystone.service[82414]: DEBUG keystone.common.fernet_utils [None req-196cc1ca-c632-480b-9731-26f086858286 None None] Loaded 2 Fernet keys from /etc/keystone/fernet-keys/, but `[fernet_tokens] max_active_keys = 3`; perhaps there have not been enough key rotations to reach `max_active_keys` yet? {{(pid=82414) load_keys /opt/stack/keystone/keystone/common/fernet_utils.py:297}}
Mar 02 06:56:42 ubuntu devstack@keystone.service[82414]: [pid: 82414|app: 0|req: 24/46] 10.201.5.82 () {58 vars in 1017 bytes} [Mon Mar  2 06:56:42 2026] POST /identity/v3/auth/tokens => generated 862 bytes in 62 msecs (HTTP/1.1 201) 6 headers in 363 bytes (2 switches on core 0)
Mar 02 06:56:42 ubuntu devstack@keystone.service[82415]: DEBUG keystone.server.flask.request_processing.middleware.auth_context [None req-13da92a2-c200-4fdf-9aa3-d11db9a8a770 None None] Authenticating user token {{(pid=82415) process_request /opt/stack/data/venv/lib/python3.10/site-packages/keystonemiddleware/auth_token/__init__.py:407}}
Mar 02 06:56:42 ubuntu devstack@keystone.service[82414]: DEBUG keystone.server.flask.request_processing.middleware.auth_context [None req-196cc1ca-c632-480b-9731-26f086858286 None None] Authenticating user token {{(pid=82414) process_request /opt/stack/data/venv/lib/python3.10/site-packages/keystonemiddleware/auth_token/__init__.py:407}}
Mar 02 06:56:42 ubuntu devstack@keystone.service[82415]: DEBUG keystone.server.flask.request_processing.middleware.auth_context [None req-13da92a2-c200-4fdf-9aa3-d11db9a8a770 None None] Validating token access rules against request {{(pid=82415) validate_allowed_request /opt/stack/data/venv/lib/python3.10/site-packages/keystonemiddleware/auth_token/__init__.py:545}}
Mar 02 06:56:42 ubuntu devstack@keystone.service[82415]: DEBUG keystone.server.flask.request_processing.middleware.auth_context [None req-4b72af39-5bd3-4ef6-ac7c-06f8c693909f None admin] RBAC: auth_context: {'token': <TokenModel (audit_id=kG1EW3zSTTmwyoh3QV8jDg, audit_chain_id=['kG1EW3zSTTmwyoh3QV8jDg']) at 0x7face72e1cf0>, 'domain_id': None, 'trust_id': None, 'trustor_id': None, 'trustee_id': None, 'domain_name': None, 'group_ids': [], 'user_id': 'de22053086b641e88de51513b6c76617', 'user_domain_id': 'default', 'system_scope': 'all', 'project_id': None, 'project_domain_id': None, 'roles': ['admin', 'manager', 'member', 'reader'], 'is_admin_project': True, 'service_user_id': None, 'service_user_domain_id': None, 'service_project_id': None, 'service_project_domain_id': None, 'service_roles': []} {{(pid=82415) fill_context /opt/stack/keystone/keystone/server/flask/request_processing/middleware/auth_context.py:509}}
Mar 02 06:56:42 ubuntu devstack@keystone.service[82415]: DEBUG keystone.server.flask.request_processing.req_logging [None req-4b72af39-5bd3-4ef6-ac7c-06f8c693909f None admin] REQUEST_METHOD: `GET` {{(pid=82415) log_request_info /opt/stack/keystone/keystone/server/flask/request_processing/req_logging.py:26}}
Mar 02 06:56:42 ubuntu devstack@keystone.service[82415]: DEBUG keystone.server.flask.request_processing.req_logging [None req-4b72af39-5bd3-4ef6-ac7c-06f8c693909f None admin] SCRIPT_NAME: `/identity` {{(pid=82415) log_request_info /opt/stack/keystone/keystone/server/flask/request_processing/req_logging.py:27}}
Mar 02 06:56:42 ubuntu devstack@keystone.service[82415]: DEBUG keystone.server.flask.request_processing.req_logging [None req-4b72af39-5bd3-4ef6-ac7c-06f8c693909f None admin] PATH_INFO: `/v3/domains/default` {{(pid=82415) log_request_info /opt/stack/keystone/keystone/server/flask/request_processing/req_logging.py:28}}
Mar 02 06:56:42 ubuntu devstack@keystone.service[82415]: DEBUG keystone.common.rbac_enforcer.enforcer [None req-4b72af39-5bd3-4ef6-ac7c-06f8c693909f None admin] RBAC: Authorizing `identity:get_domain(domain_id=default)` {{(pid=82415) enforce_call /opt/stack/keystone/keystone/common/rbac_enforcer/enforcer.py:494}}
Mar 02 06:56:42 ubuntu devstack@keystone.service[82415]: DEBUG keystone.common.rbac_enforcer.enforcer [None req-4b72af39-5bd3-4ef6-ac7c-06f8c693909f None admin] RBAC: Authorization granted {{(pid=82415) enforce_call /opt/stack/keystone/keystone/common/rbac_enforcer/enforcer.py:505}}
Mar 02 06:56:42 ubuntu devstack@keystone.service[82415]: [pid: 82415|app: 0|req: 23/47] 10.201.5.82 () {56 vars in 1145 bytes} [Mon Mar  2 06:56:42 2026] GET /identity/v3/domains/default => generated 199 bytes in 67 msecs (HTTP/1.1 200) 5 headers in 177 bytes (1 switches on core 0)
Mar 02 06:56:42 ubuntu devstack@keystone.service[82414]: DEBUG keystone.server.flask.request_processing.middleware.auth_context [None req-196cc1ca-c632-480b-9731-26f086858286 None None] Validating token access rules against request {{(pid=82414) validate_allowed_request /opt/stack/data/venv/lib/python3.10/site-packages/keystonemiddleware/auth_token/__init__.py:545}}
Mar 02 06:56:42 ubuntu devstack@keystone.service[82415]: DEBUG keystone.server.flask.request_processing.middleware.auth_context [None req-4b72af39-5bd3-4ef6-ac7c-06f8c693909f None admin] Authenticating user token {{(pid=82415) process_request /opt/stack/data/venv/lib/python3.10/site-packages/keystonemiddleware/auth_token/__init__.py:407}}
Mar 02 06:56:42 ubuntu devstack@keystone.service[82414]: DEBUG keystone.server.flask.request_processing.middleware.auth_context [None req-bf7940ae-b489-4e50-ba2a-06fd90dead17 None admin] RBAC: auth_context: {'token': <TokenModel (audit_id=eCbeDQsAQpC-NKX0zwljgw, audit_chain_id=['eCbeDQsAQpC-NKX0zwljgw']) at 0x7face7014670>, 'domain_id': None, 'trust_id': None, 'trustor_id': None, 'trustee_id': None, 'domain_name': None, 'group_ids': [], 'user_id': 'de22053086b641e88de51513b6c76617', 'user_domain_id': 'default', 'system_scope': 'all', 'project_id': None, 'project_domain_id': None, 'roles': ['admin', 'manager', 'member', 'reader'], 'is_admin_project': True, 'service_user_id': None, 'service_user_domain_id': None, 'service_project_id': None, 'service_project_domain_id': None, 'service_roles': []} {{(pid=82414) fill_context /opt/stack/keystone/keystone/server/flask/request_processing/middleware/auth_context.py:509}}
Mar 02 06:56:42 ubuntu devstack@keystone.service[82414]: DEBUG keystone.server.flask.request_processing.req_logging [None req-bf7940ae-b489-4e50-ba2a-06fd90dead17 None admin] REQUEST_METHOD: `POST` {{(pid=82414) log_request_info /opt/stack/keystone/keystone/server/flask/request_processing/req_logging.py:26}}
Mar 02 06:56:42 ubuntu devstack@keystone.service[82414]: DEBUG keystone.server.flask.request_processing.req_logging [None req-bf7940ae-b489-4e50-ba2a-06fd90dead17 None admin] SCRIPT_NAME: `/identity` {{(pid=82414) log_request_info /opt/stack/keystone/keystone/server/flask/request_processing/req_logging.py:27}}
Mar 02 06:56:42 ubuntu devstack@keystone.service[82414]: DEBUG keystone.server.flask.request_processing.req_logging [None req-bf7940ae-b489-4e50-ba2a-06fd90dead17 None admin] PATH_INFO: `/v3/roles` {{(pid=82414) log_request_info /opt/stack/keystone/keystone/server/flask/request_processing/req_logging.py:28}}
Mar 02 06:56:42 ubuntu devstack@keystone.service[82414]: DEBUG keystone.common.rbac_enforcer.enforcer [None req-bf7940ae-b489-4e50-ba2a-06fd90dead17 None admin] RBAC: Authorizing `identity:create_role()` {{(pid=82414) enforce_call /opt/stack/keystone/keystone/common/rbac_enforcer/enforcer.py:494}}
Mar 02 06:56:42 ubuntu devstack@keystone.service[82414]: DEBUG keystone.common.rbac_enforcer.enforcer [None req-bf7940ae-b489-4e50-ba2a-06fd90dead17 None admin] RBAC: Authorization granted {{(pid=82414) enforce_call /opt/stack/keystone/keystone/common/rbac_enforcer/enforcer.py:505}}
Mar 02 06:56:42 ubuntu devstack@keystone.service[82414]: [pid: 82414|app: 0|req: 25/48] 10.201.5.82 () {60 vars in 1168 bytes} [Mon Mar  2 06:56:42 2026] POST /identity/v3/roles => generated 223 bytes in 68 msecs (HTTP/1.1 201) 5 headers in 182 bytes (1 switches on core 0)
Mar 02 06:56:42 ubuntu devstack@keystone.service[82415]: DEBUG keystone.server.flask.request_processing.middleware.auth_context [None req-4b72af39-5bd3-4ef6-ac7c-06f8c693909f None admin] Validating token access rules against request {{(pid=82415) validate_allowed_request /opt/stack/data/venv/lib/python3.10/site-packages/keystonemiddleware/auth_token/__init__.py:545}}
Mar 02 06:56:42 ubuntu devstack@keystone.service[82415]: DEBUG keystone.server.flask.request_processing.middleware.auth_context [None req-73b56705-f774-4aec-a064-50f30ebab253 None admin] RBAC: auth_context: {'token': <TokenModel (audit_id=kG1EW3zSTTmwyoh3QV8jDg, audit_chain_id=['kG1EW3zSTTmwyoh3QV8jDg']) at 0x7face72c5930>, 'domain_id': None, 'trust_id': None, 'trustor_id': None, 'trustee_id': None, 'domain_name': None, 'group_ids': [], 'user_id': 'de22053086b641e88de51513b6c76617', 'user_domain_id': 'default', 'system_scope': 'all', 'project_id': None, 'project_domain_id': None, 'roles': ['admin', 'manager', 'member', 'reader'], 'is_admin_project': True, 'service_user_id': None, 'service_user_domain_id': None, 'service_project_id': None, 'service_project_domain_id': None, 'service_roles': []} {{(pid=82415) fill_context /opt/stack/keystone/keystone/server/flask/request_processing/middleware/auth_context.py:509}}
Mar 02 06:56:42 ubuntu devstack@keystone.service[82415]: DEBUG keystone.server.flask.request_processing.req_logging [None req-73b56705-f774-4aec-a064-50f30ebab253 None admin] REQUEST_METHOD: `POST` {{(pid=82415) log_request_info /opt/stack/keystone/keystone/server/flask/request_processing/req_logging.py:26}}
Mar 02 06:56:42 ubuntu devstack@keystone.service[82415]: DEBUG keystone.server.flask.request_processing.req_logging [None req-73b56705-f774-4aec-a064-50f30ebab253 None admin] SCRIPT_NAME: `/identity` {{(pid=82415) log_request_info /opt/stack/keystone/keystone/server/flask/request_processing/req_logging.py:27}}
Mar 02 06:56:42 ubuntu devstack@keystone.service[82415]: DEBUG keystone.server.flask.request_processing.req_logging [None req-73b56705-f774-4aec-a064-50f30ebab253 None admin] PATH_INFO: `/v3/projects` {{(pid=82415) log_request_info /opt/stack/keystone/keystone/server/flask/request_processing/req_logging.py:28}}
Mar 02 06:56:42 ubuntu devstack@keystone.service[82415]: DEBUG keystone.common.rbac_enforcer.enforcer [None req-73b56705-f774-4aec-a064-50f30ebab253 None admin] RBAC: Authorizing `identity:create_project()` {{(pid=82415) enforce_call /opt/stack/keystone/keystone/common/rbac_enforcer/enforcer.py:494}}
Mar 02 06:56:42 ubuntu devstack@keystone.service[82415]: DEBUG keystone.common.rbac_enforcer.enforcer [None req-73b56705-f774-4aec-a064-50f30ebab253 None admin] RBAC: Authorization granted {{(pid=82415) enforce_call /opt/stack/keystone/keystone/common/rbac_enforcer/enforcer.py:505}}
Mar 02 06:56:42 ubuntu devstack@keystone.service[82415]: [pid: 82415|app: 0|req: 24/49] 10.201.5.82 () {60 vars in 1177 bytes} [Mon Mar  2 06:56:42 2026] POST /identity/v3/projects => generated 312 bytes in 85 msecs (HTTP/1.1 201) 5 headers in 182 bytes (1 switches on core 0)
Mar 02 06:56:43 ubuntu devstack@keystone.service[82414]: DEBUG keystone.server.flask.request_processing.req_logging [None req-540f0f30-df2f-4b6c-bb52-257a08f9ed1a None None] REQUEST_METHOD: `GET` {{(pid=82414) log_request_info /opt/stack/keystone/keystone/server/flask/request_processing/req_logging.py:26}}
Mar 02 06:56:43 ubuntu devstack@keystone.service[82414]: DEBUG keystone.server.flask.request_processing.req_logging [None req-540f0f30-df2f-4b6c-bb52-257a08f9ed1a None None] SCRIPT_NAME: `/identity` {{(pid=82414) log_request_info /opt/stack/keystone/keystone/server/flask/request_processing/req_logging.py:27}}
Mar 02 06:56:43 ubuntu devstack@keystone.service[82414]: DEBUG keystone.server.flask.request_processing.req_logging [None req-540f0f30-df2f-4b6c-bb52-257a08f9ed1a None None] PATH_INFO: `/` {{(pid=82414) log_request_info /opt/stack/keystone/keystone/server/flask/request_processing/req_logging.py:28}}
Mar 02 06:56:43 ubuntu devstack@keystone.service[82414]: [pid: 82414|app: 0|req: 26/50] 10.201.5.82 () {54 vars in 920 bytes} [Mon Mar  2 06:56:43 2026] GET /identity => generated 270 bytes in 4 msecs (HTTP/1.1 300) 6 headers in 234 bytes (1 switches on core 0)
Mar 02 06:56:43 ubuntu devstack@keystone.service[82415]: DEBUG keystone.server.flask.request_processing.req_logging [None req-9c66b300-0262-407e-80a3-9267c8bdd93b None None] REQUEST_METHOD: `POST` {{(pid=82415) log_request_info /opt/stack/keystone/keystone/server/flask/request_processing/req_logging.py:26}}
Mar 02 06:56:43 ubuntu devstack@keystone.service[82415]: DEBUG keystone.server.flask.request_processing.req_logging [None req-9c66b300-0262-407e-80a3-9267c8bdd93b None None] SCRIPT_NAME: `/identity` {{(pid=82415) log_request_info /opt/stack/keystone/keystone/server/flask/request_processing/req_logging.py:27}}
Mar 02 06:56:43 ubuntu devstack@keystone.service[82415]: DEBUG keystone.server.flask.request_processing.req_logging [None req-9c66b300-0262-407e-80a3-9267c8bdd93b None None] PATH_INFO: `/v3/auth/tokens` {{(pid=82415) log_request_info /opt/stack/keystone/keystone/server/flask/request_processing/req_logging.py:28}}
Mar 02 06:56:43 ubuntu devstack@keystone.service[82415]: WARNING keystone.common.password_hashing [None req-9c66b300-0262-407e-80a3-9267c8bdd93b None None] Truncating password to algorithm specific maximum length 72 characters.
Mar 02 06:56:43 ubuntu devstack@keystone.service[82415]: DEBUG keystone.auth.core [None req-9c66b300-0262-407e-80a3-9267c8bdd93b None None] MFA Rules not processed for user `de22053086b641e88de51513b6c76617`. Rule list: `[]` (Enabled: `True`). {{(pid=82415) check_auth_methods_against_rules /opt/stack/keystone/keystone/auth/core.py:476}}
Mar 02 06:56:43 ubuntu devstack@keystone.service[82415]: DEBUG keystone.common.fernet_utils [None req-9c66b300-0262-407e-80a3-9267c8bdd93b None None] Loaded 2 Fernet keys from /etc/keystone/fernet-keys/, but `[fernet_tokens] max_active_keys = 3`; perhaps there have not been enough key rotations to reach `max_active_keys` yet? {{(pid=82415) load_keys /opt/stack/keystone/keystone/common/fernet_utils.py:297}}
