Apr 09 10:44:52 ubuntu devstack@c-api.service[130687]: DEBUG cinder.api.extensions [-] Loaded extension: os-quota-class-sets {{(pid=130687) register /opt/stack/cinder/cinder/api/extensions.py:135}}
Apr 09 10:44:52 ubuntu devstack@c-api.service[130687]: DEBUG cinder.api.extensions [-] Loading extension cinder.api.contrib.volume_manage.Volume_manage {{(pid=130687) load_extension /opt/stack/cinder/cinder/api/extensions.py:194}}
Apr 09 10:44:52 ubuntu devstack@c-api.service[130687]: DEBUG cinder.api.extensions [-] Calling extension factory cinder.api.contrib.volume_manage.Volume_manage {{(pid=130687) load_extension /opt/stack/cinder/cinder/api/extensions.py:200}}
Apr 09 10:44:52 ubuntu devstack@c-api.service[130687]: DEBUG cinder.api.extensions [-] Ext name: VolumeManage {{(pid=130687) _check_extension /opt/stack/cinder/cinder/api/extensions.py:174}}
Apr 09 10:44:52 ubuntu devstack@c-api.service[130687]: DEBUG cinder.api.extensions [-] Ext alias: os-volume-manage {{(pid=130687) _check_extension /opt/stack/cinder/cinder/api/extensions.py:175}}
Apr 09 10:44:52 ubuntu devstack@c-api.service[130687]: DEBUG cinder.api.extensions [-] Ext description: Allows existing backend storage to be 'managed' by Cinder. {{(pid=130687) _check_extension /opt/stack/cinder/cinder/api/extensions.py:176}}
Apr 09 10:44:52 ubuntu devstack@c-api.service[130687]: DEBUG cinder.api.extensions [-] Ext updated: 2014-02-10T00:00:00+00:00 {{(pid=130687) _check_extension /opt/stack/cinder/cinder/api/extensions.py:178}}
Apr 09 10:44:52 ubuntu devstack@c-api.service[130687]: DEBUG cinder.api.extensions [-] Loaded extension: os-volume-manage {{(pid=130687) register /opt/stack/cinder/cinder/api/extensions.py:135}}
Apr 09 10:44:52 ubuntu devstack@c-api.service[130687]: DEBUG cinder.api.extensions [-] Loading extension cinder.api.contrib.extended_snapshot_attributes.Extended_snapshot_attributes {{(pid=130687) load_extension /opt/stack/cinder/cinder/api/extensions.py:194}}
Apr 09 10:44:52 ubuntu devstack@c-api.service[130687]: DEBUG cinder.api.extensions [-] Calling extension factory cinder.api.contrib.extended_snapshot_attributes.Extended_snapshot_attributes {{(pid=130687) load_extension /opt/stack/cinder/cinder/api/extensions.py:200}}
Apr 09 10:44:52 ubuntu devstack@c-api.service[130687]: DEBUG cinder.api.extensions [-] Ext name: ExtendedSnapshotAttributes {{(pid=130687) _check_extension /opt/stack/cinder/cinder/api/extensions.py:174}}
Apr 09 10:44:52 ubuntu devstack@c-api.service[130687]: DEBUG cinder.api.extensions [-] Ext alias: os-extended-snapshot-attributes {{(pid=130687) _check_extension /opt/stack/cinder/cinder/api/extensions.py:175}}
Apr 09 10:44:52 ubuntu devstack@c-api.service[130687]: DEBUG cinder.api.extensions [-] Ext description: Extended SnapshotAttributes support. {{(pid=130687) _check_extension /opt/stack/cinder/cinder/api/extensions.py:176}}
Apr 09 10:44:52 ubuntu devstack@c-api.service[130687]: DEBUG cinder.api.extensions [-] Ext updated: 2012-06-19T00:00:00+00:00 {{(pid=130687) _check_extension /opt/stack/cinder/cinder/api/extensions.py:178}}
Apr 09 10:44:52 ubuntu devstack@c-api.service[130687]: DEBUG cinder.api.extensions [-] Loaded extension: os-extended-snapshot-attributes {{(pid=130687) register /opt/stack/cinder/cinder/api/extensions.py:135}}
Apr 09 10:44:52 ubuntu devstack@c-api.service[130687]: DEBUG cinder.api.extensions [-] Loading extension cinder.api.contrib.availability_zones.Availability_zones {{(pid=130687) load_extension /opt/stack/cinder/cinder/api/extensions.py:194}}
Apr 09 10:44:52 ubuntu devstack@c-api.service[130687]: DEBUG cinder.api.extensions [-] Calling extension factory cinder.api.contrib.availability_zones.Availability_zones {{(pid=130687) load_extension /opt/stack/cinder/cinder/api/extensions.py:200}}
Apr 09 10:44:52 ubuntu devstack@c-api.service[130687]: DEBUG cinder.api.extensions [-] Ext name: AvailabilityZones {{(pid=130687) _check_extension /opt/stack/cinder/cinder/api/extensions.py:174}}
Apr 09 10:44:52 ubuntu devstack@c-api.service[130687]: DEBUG cinder.api.extensions [-] Ext alias: os-availability-zone {{(pid=130687) _check_extension /opt/stack/cinder/cinder/api/extensions.py:175}}
Apr 09 10:44:52 ubuntu devstack@c-api.service[130687]: DEBUG cinder.api.extensions [-] Ext description: Describe Availability Zones. {{(pid=130687) _check_extension /opt/stack/cinder/cinder/api/extensions.py:176}}
Apr 09 10:44:52 ubuntu devstack@c-api.service[130687]: DEBUG cinder.api.extensions [-] Ext updated: 2013-06-27T00:00:00+00:00 {{(pid=130687) _check_extension /opt/stack/cinder/cinder/api/extensions.py:178}}
Apr 09 10:44:52 ubuntu devstack@c-api.service[130687]: DEBUG cinder.api.extensions [-] Loaded extension: os-availability-zone {{(pid=130687) register /opt/stack/cinder/cinder/api/extensions.py:135}}
Apr 09 10:44:52 ubuntu devstack@c-api.service[130687]: DEBUG cinder.api.extensions [-] Loading extension cinder.api.contrib.scheduler_hints.Scheduler_hints {{(pid=130687) load_extension /opt/stack/cinder/cinder/api/extensions.py:194}}
Apr 09 10:44:52 ubuntu devstack@c-api.service[130687]: DEBUG cinder.api.extensions [-] Calling extension factory cinder.api.contrib.scheduler_hints.Scheduler_hints {{(pid=130687) load_extension /opt/stack/cinder/cinder/api/extensions.py:200}}
Apr 09 10:44:52 ubuntu devstack@c-api.service[130687]: DEBUG cinder.api.extensions [-] Ext name: SchedulerHints {{(pid=130687) _check_extension /opt/stack/cinder/cinder/api/extensions.py:174}}
Apr 09 10:44:52 ubuntu devstack@c-api.service[130687]: DEBUG cinder.api.extensions [-] Ext alias: OS-SCH-HNT {{(pid=130687) _check_extension /opt/stack/cinder/cinder/api/extensions.py:175}}
Apr 09 10:44:52 ubuntu devstack@c-api.service[130687]: DEBUG cinder.api.extensions [-] Ext description: Pass arbitrary key/value pairs to the scheduler. {{(pid=130687) _check_extension /opt/stack/cinder/cinder/api/extensions.py:176}}
Apr 09 10:44:52 ubuntu devstack@c-api.service[130687]: DEBUG cinder.api.extensions [-] Ext updated: 2013-04-18T00:00:00+00:00 {{(pid=130687) _check_extension /opt/stack/cinder/cinder/api/extensions.py:178}}
Apr 09 10:44:52 ubuntu devstack@c-api.service[130687]: DEBUG cinder.api.extensions [-] Loaded extension: OS-SCH-HNT {{(pid=130687) register /opt/stack/cinder/cinder/api/extensions.py:135}}
Apr 09 10:44:52 ubuntu devstack@c-api.service[130687]: DEBUG cinder.api.extensions [-] Loading extension cinder.api.contrib.volume_host_attribute.Volume_host_attribute {{(pid=130687) load_extension /opt/stack/cinder/cinder/api/extensions.py:194}}
Apr 09 10:44:52 ubuntu devstack@c-api.service[130687]: DEBUG cinder.api.extensions [-] Calling extension factory cinder.api.contrib.volume_host_attribute.Volume_host_attribute {{(pid=130687) load_extension /opt/stack/cinder/cinder/api/extensions.py:200}}
Apr 09 10:44:52 ubuntu devstack@c-api.service[130687]: DEBUG cinder.api.extensions [-] Ext name: VolumeHostAttribute {{(pid=130687) _check_extension /opt/stack/cinder/cinder/api/extensions.py:174}}
Apr 09 10:44:52 ubuntu devstack@c-api.service[130687]: DEBUG cinder.api.extensions [-] Ext alias: os-vol-host-attr {{(pid=130687) _check_extension /opt/stack/cinder/cinder/api/extensions.py:175}}
Apr 09 10:44:52 ubuntu devstack@c-api.service[130687]: DEBUG cinder.api.extensions [-] Ext description: Expose host as an attribute of a volume. {{(pid=130687) _check_extension /opt/stack/cinder/cinder/api/extensions.py:176}}
Apr 09 10:44:52 ubuntu devstack@c-api.service[130687]: DEBUG cinder.api.extensions [-] Ext updated: 2011-11-03T00:00:00+00:00 {{(pid=130687) _check_extension /opt/stack/cinder/cinder/api/extensions.py:178}}
Apr 09 10:44:52 ubuntu devstack@c-api.service[130687]: DEBUG cinder.api.extensions [-] Loaded extension: os-vol-host-attr {{(pid=130687) register /opt/stack/cinder/cinder/api/extensions.py:135}}
Apr 09 10:44:52 ubuntu devstack@c-api.service[130688]: INFO dbcounter [None req-4719016d-dec9-4ea8-ace2-87c83c8fea29 None None] Registered counter for database cinder
Apr 09 10:44:52 ubuntu devstack@c-api.service[130687]: INFO dbcounter [None req-4efa8da7-991b-4aa6-9f51-32d2dcfb4d69 None None] Registered counter for database cinder
Apr 09 10:44:52 ubuntu devstack@c-api.service[130688]: DEBUG oslo_db.sqlalchemy.engines [None req-4719016d-dec9-4ea8-ace2-87c83c8fea29 None None] MySQL server mode set to STRICT_TRANS_TABLES,STRICT_ALL_TABLES,NO_ZERO_IN_DATE,NO_ZERO_DATE,ERROR_FOR_DIVISION_BY_ZERO,TRADITIONAL,NO_ENGINE_SUBSTITUTION {{(pid=130688) _check_effective_sql_mode /opt/stack/data/venv/lib/python3.10/site-packages/oslo_db/sqlalchemy/engines.py:325}}
Apr 09 10:44:52 ubuntu devstack@c-api.service[130687]: DEBUG oslo_db.sqlalchemy.engines [None req-4efa8da7-991b-4aa6-9f51-32d2dcfb4d69 None None] MySQL server mode set to STRICT_TRANS_TABLES,STRICT_ALL_TABLES,NO_ZERO_IN_DATE,NO_ZERO_DATE,ERROR_FOR_DIVISION_BY_ZERO,TRADITIONAL,NO_ENGINE_SUBSTITUTION {{(pid=130687) _check_effective_sql_mode /opt/stack/data/venv/lib/python3.10/site-packages/oslo_db/sqlalchemy/engines.py:325}}
Apr 09 10:44:52 ubuntu devstack@c-api.service[130688]: DEBUG dbcounter [-] [130688] Writer thread running {{(pid=130688) stat_writer /opt/stack/data/venv/lib/python3.10/site-packages/dbcounter.py:102}}
Apr 09 10:44:52 ubuntu devstack@c-api.service[130688]: INFO cinder.rpc [None req-4719016d-dec9-4ea8-ace2-87c83c8fea29 None None] Automatically selected cinder-scheduler objects version 1.39 as minimum service version.
Apr 09 10:44:52 ubuntu devstack@c-api.service[130688]: INFO cinder.rpc [None req-4719016d-dec9-4ea8-ace2-87c83c8fea29 None None] Automatically selected cinder-scheduler RPC version 3.12 as minimum service version.
Apr 09 10:44:52 ubuntu devstack@c-api.service[130688]: INFO cinder.rpc [None req-4719016d-dec9-4ea8-ace2-87c83c8fea29 None None] Automatically selected cinder-volume objects version 1.39 as minimum service version.
Apr 09 10:44:52 ubuntu devstack@c-api.service[130688]: INFO cinder.rpc [None req-4719016d-dec9-4ea8-ace2-87c83c8fea29 None None] Automatically selected cinder-volume RPC version 3.20 as minimum service version.
Apr 09 10:44:52 ubuntu devstack@c-api.service[130688]: WARNING stevedore.named [None req-4719016d-dec9-4ea8-ace2-87c83c8fea29 None None] Could not load cinder.keymgr.conf_key_mgr.ConfKeyManager
Apr 09 10:44:52 ubuntu devstack@c-api.service[130688]: WARNING castellan.key_manager [None req-4719016d-dec9-4ea8-ace2-87c83c8fea29 None None] Deprecation Warning : cinder.keymgr.conf_key_mgr.ConfKeyManager is not a stevedore based driver, trying to load it as a class: stevedore.exception.NoMatches: No 'castellan.drivers' driver found, looking for 'cinder.keymgr.conf_key_mgr.ConfKeyManager'
Apr 09 10:44:52 ubuntu devstack@c-api.service[130688]: WARNING cinder.keymgr.conf_key_mgr [None req-4719016d-dec9-4ea8-ace2-87c83c8fea29 None None] This key manager is insecure and is not recommended for production deployments: stevedore.exception.NoMatches: No 'castellan.drivers' driver found, looking for 'cinder.keymgr.conf_key_mgr.ConfKeyManager'
Apr 09 10:44:52 ubuntu devstack@c-api.service[130688]: WARNING stevedore.named [None req-4719016d-dec9-4ea8-ace2-87c83c8fea29 None None] Could not load cinder.keymgr.conf_key_mgr.ConfKeyManager
Apr 09 10:44:52 ubuntu devstack@c-api.service[130688]: WARNING castellan.key_manager [None req-4719016d-dec9-4ea8-ace2-87c83c8fea29 None None] Deprecation Warning : cinder.keymgr.conf_key_mgr.ConfKeyManager is not a stevedore based driver, trying to load it as a class: stevedore.exception.NoMatches: No 'castellan.drivers' driver found, looking for 'cinder.keymgr.conf_key_mgr.ConfKeyManager'
Apr 09 10:44:52 ubuntu devstack@c-api.service[130688]: DEBUG oslo_db.sqlalchemy.engines [None req-4719016d-dec9-4ea8-ace2-87c83c8fea29 None None] MySQL server mode set to STRICT_TRANS_TABLES,STRICT_ALL_TABLES,NO_ZERO_IN_DATE,NO_ZERO_DATE,ERROR_FOR_DIVISION_BY_ZERO,TRADITIONAL,NO_ENGINE_SUBSTITUTION {{(pid=130688) _check_effective_sql_mode /opt/stack/data/venv/lib/python3.10/site-packages/oslo_db/sqlalchemy/engines.py:325}}
Apr 09 10:44:52 ubuntu devstack@c-api.service[130688]: INFO cinder.rpc [None req-4719016d-dec9-4ea8-ace2-87c83c8fea29 None None] Automatically selected cinder-backup objects version 1.39 as minimum service version.
Apr 09 10:44:52 ubuntu devstack@c-api.service[130688]: INFO cinder.rpc [None req-4719016d-dec9-4ea8-ace2-87c83c8fea29 None None] Automatically selected cinder-backup RPC version 2.4 as minimum service version.
Apr 09 10:44:52 ubuntu devstack@c-api.service[130688]: WARNING stevedore.named [None req-4719016d-dec9-4ea8-ace2-87c83c8fea29 None None] Could not load cinder.keymgr.conf_key_mgr.ConfKeyManager
Apr 09 10:44:52 ubuntu devstack@c-api.service[130688]: WARNING castellan.key_manager [None req-4719016d-dec9-4ea8-ace2-87c83c8fea29 None None] Deprecation Warning : cinder.keymgr.conf_key_mgr.ConfKeyManager is not a stevedore based driver, trying to load it as a class: stevedore.exception.NoMatches: No 'castellan.drivers' driver found, looking for 'cinder.keymgr.conf_key_mgr.ConfKeyManager'
Apr 09 10:44:52 ubuntu devstack@c-api.service[130687]: DEBUG dbcounter [-] [130687] Writer thread running {{(pid=130687) stat_writer /opt/stack/data/venv/lib/python3.10/site-packages/dbcounter.py:102}}
Apr 09 10:44:52 ubuntu devstack@c-api.service[130688]: WARNING stevedore.named [None req-4719016d-dec9-4ea8-ace2-87c83c8fea29 None None] Could not load cinder.keymgr.conf_key_mgr.ConfKeyManager
Apr 09 10:44:52 ubuntu devstack@c-api.service[130688]: WARNING castellan.key_manager [None req-4719016d-dec9-4ea8-ace2-87c83c8fea29 None None] Deprecation Warning : cinder.keymgr.conf_key_mgr.ConfKeyManager is not a stevedore based driver, trying to load it as a class: stevedore.exception.NoMatches: No 'castellan.drivers' driver found, looking for 'cinder.keymgr.conf_key_mgr.ConfKeyManager'
Apr 09 10:44:52 ubuntu devstack@c-api.service[130687]: INFO cinder.rpc [None req-4efa8da7-991b-4aa6-9f51-32d2dcfb4d69 None None] Automatically selected cinder-scheduler objects version 1.39 as minimum service version.
Apr 09 10:44:52 ubuntu devstack@c-api.service[130688]: WARNING stevedore.named [None req-4719016d-dec9-4ea8-ace2-87c83c8fea29 None None] Could not load cinder.keymgr.conf_key_mgr.ConfKeyManager
Apr 09 10:44:52 ubuntu devstack@c-api.service[130688]: WARNING castellan.key_manager [None req-4719016d-dec9-4ea8-ace2-87c83c8fea29 None None] Deprecation Warning : cinder.keymgr.conf_key_mgr.ConfKeyManager is not a stevedore based driver, trying to load it as a class: stevedore.exception.NoMatches: No 'castellan.drivers' driver found, looking for 'cinder.keymgr.conf_key_mgr.ConfKeyManager'
Apr 09 10:44:52 ubuntu devstack@c-api.service[130687]: INFO cinder.rpc [None req-4efa8da7-991b-4aa6-9f51-32d2dcfb4d69 None None] Automatically selected cinder-scheduler RPC version 3.12 as minimum service version.
Apr 09 10:44:52 ubuntu devstack@c-api.service[130688]: WARNING stevedore.named [None req-4719016d-dec9-4ea8-ace2-87c83c8fea29 None None] Could not load cinder.keymgr.conf_key_mgr.ConfKeyManager
Apr 09 10:44:52 ubuntu devstack@c-api.service[130688]: WARNING castellan.key_manager [None req-4719016d-dec9-4ea8-ace2-87c83c8fea29 None None] Deprecation Warning : cinder.keymgr.conf_key_mgr.ConfKeyManager is not a stevedore based driver, trying to load it as a class: stevedore.exception.NoMatches: No 'castellan.drivers' driver found, looking for 'cinder.keymgr.conf_key_mgr.ConfKeyManager'
Apr 09 10:44:52 ubuntu devstack@c-api.service[130687]: INFO cinder.rpc [None req-4efa8da7-991b-4aa6-9f51-32d2dcfb4d69 None None] Automatically selected cinder-volume objects version 1.39 as minimum service version.
Apr 09 10:44:52 ubuntu devstack@c-api.service[130687]: INFO cinder.rpc [None req-4efa8da7-991b-4aa6-9f51-32d2dcfb4d69 None None] Automatically selected cinder-volume RPC version 3.20 as minimum service version.
Apr 09 10:44:52 ubuntu devstack@c-api.service[130687]: WARNING stevedore.named [None req-4efa8da7-991b-4aa6-9f51-32d2dcfb4d69 None None] Could not load cinder.keymgr.conf_key_mgr.ConfKeyManager
Apr 09 10:44:52 ubuntu devstack@c-api.service[130688]: WARNING stevedore.named [None req-4719016d-dec9-4ea8-ace2-87c83c8fea29 None None] Could not load cinder.keymgr.conf_key_mgr.ConfKeyManager
Apr 09 10:44:52 ubuntu devstack@c-api.service[130688]: WARNING castellan.key_manager [None req-4719016d-dec9-4ea8-ace2-87c83c8fea29 None None] Deprecation Warning : cinder.keymgr.conf_key_mgr.ConfKeyManager is not a stevedore based driver, trying to load it as a class: stevedore.exception.NoMatches: No 'castellan.drivers' driver found, looking for 'cinder.keymgr.conf_key_mgr.ConfKeyManager'
Apr 09 10:44:52 ubuntu devstack@c-api.service[130687]: WARNING castellan.key_manager [None req-4efa8da7-991b-4aa6-9f51-32d2dcfb4d69 None None] Deprecation Warning : cinder.keymgr.conf_key_mgr.ConfKeyManager is not a stevedore based driver, trying to load it as a class: stevedore.exception.NoMatches: No 'castellan.drivers' driver found, looking for 'cinder.keymgr.conf_key_mgr.ConfKeyManager'
Apr 09 10:44:52 ubuntu devstack@c-api.service[130687]: WARNING cinder.keymgr.conf_key_mgr [None req-4efa8da7-991b-4aa6-9f51-32d2dcfb4d69 None None] This key manager is insecure and is not recommended for production deployments: stevedore.exception.NoMatches: No 'castellan.drivers' driver found, looking for 'cinder.keymgr.conf_key_mgr.ConfKeyManager'
Apr 09 10:44:52 ubuntu devstack@c-api.service[130688]: WARNING stevedore.named [None req-4719016d-dec9-4ea8-ace2-87c83c8fea29 None None] Could not load cinder.keymgr.conf_key_mgr.ConfKeyManager
Apr 09 10:44:52 ubuntu devstack@c-api.service[130688]: WARNING castellan.key_manager [None req-4719016d-dec9-4ea8-ace2-87c83c8fea29 None None] Deprecation Warning : cinder.keymgr.conf_key_mgr.ConfKeyManager is not a stevedore based driver, trying to load it as a class: stevedore.exception.NoMatches: No 'castellan.drivers' driver found, looking for 'cinder.keymgr.conf_key_mgr.ConfKeyManager'
Apr 09 10:44:52 ubuntu devstack@c-api.service[130687]: WARNING stevedore.named [None req-4efa8da7-991b-4aa6-9f51-32d2dcfb4d69 None None] Could not load cinder.keymgr.conf_key_mgr.ConfKeyManager
Apr 09 10:44:52 ubuntu devstack@c-api.service[130688]: WARNING stevedore.named [None req-4719016d-dec9-4ea8-ace2-87c83c8fea29 None None] Could not load cinder.keymgr.conf_key_mgr.ConfKeyManager
Apr 09 10:44:52 ubuntu devstack@c-api.service[130688]: WARNING castellan.key_manager [None req-4719016d-dec9-4ea8-ace2-87c83c8fea29 None None] Deprecation Warning : cinder.keymgr.conf_key_mgr.ConfKeyManager is not a stevedore based driver, trying to load it as a class: stevedore.exception.NoMatches: No 'castellan.drivers' driver found, looking for 'cinder.keymgr.conf_key_mgr.ConfKeyManager'
Apr 09 10:44:52 ubuntu devstack@c-api.service[130687]: WARNING castellan.key_manager [None req-4efa8da7-991b-4aa6-9f51-32d2dcfb4d69 None None] Deprecation Warning : cinder.keymgr.conf_key_mgr.ConfKeyManager is not a stevedore based driver, trying to load it as a class: stevedore.exception.NoMatches: No 'castellan.drivers' driver found, looking for 'cinder.keymgr.conf_key_mgr.ConfKeyManager'
Apr 09 10:44:52 ubuntu devstack@c-api.service[130688]: WARNING stevedore.named [None req-4719016d-dec9-4ea8-ace2-87c83c8fea29 None None] Could not load cinder.keymgr.conf_key_mgr.ConfKeyManager
Apr 09 10:44:52 ubuntu devstack@c-api.service[130688]: WARNING castellan.key_manager [None req-4719016d-dec9-4ea8-ace2-87c83c8fea29 None None] Deprecation Warning : cinder.keymgr.conf_key_mgr.ConfKeyManager is not a stevedore based driver, trying to load it as a class: stevedore.exception.NoMatches: No 'castellan.drivers' driver found, looking for 'cinder.keymgr.conf_key_mgr.ConfKeyManager'
Apr 09 10:44:52 ubuntu devstack@c-api.service[130688]: WARNING stevedore.named [None req-4719016d-dec9-4ea8-ace2-87c83c8fea29 None None] Could not load cinder.keymgr.conf_key_mgr.ConfKeyManager
Apr 09 10:44:52 ubuntu devstack@c-api.service[130688]: WARNING castellan.key_manager [None req-4719016d-dec9-4ea8-ace2-87c83c8fea29 None None] Deprecation Warning : cinder.keymgr.conf_key_mgr.ConfKeyManager is not a stevedore based driver, trying to load it as a class: stevedore.exception.NoMatches: No 'castellan.drivers' driver found, looking for 'cinder.keymgr.conf_key_mgr.ConfKeyManager'
Apr 09 10:44:52 ubuntu devstack@c-api.service[130687]: DEBUG oslo_db.sqlalchemy.engines [None req-4efa8da7-991b-4aa6-9f51-32d2dcfb4d69 None None] MySQL server mode set to STRICT_TRANS_TABLES,STRICT_ALL_TABLES,NO_ZERO_IN_DATE,NO_ZERO_DATE,ERROR_FOR_DIVISION_BY_ZERO,TRADITIONAL,NO_ENGINE_SUBSTITUTION {{(pid=130687) _check_effective_sql_mode /opt/stack/data/venv/lib/python3.10/site-packages/oslo_db/sqlalchemy/engines.py:325}}
Apr 09 10:44:52 ubuntu devstack@c-api.service[130688]: WARNING stevedore.named [None req-4719016d-dec9-4ea8-ace2-87c83c8fea29 None None] Could not load cinder.keymgr.conf_key_mgr.ConfKeyManager
Apr 09 10:44:52 ubuntu devstack@c-api.service[130688]: WARNING castellan.key_manager [None req-4719016d-dec9-4ea8-ace2-87c83c8fea29 None None] Deprecation Warning : cinder.keymgr.conf_key_mgr.ConfKeyManager is not a stevedore based driver, trying to load it as a class: stevedore.exception.NoMatches: No 'castellan.drivers' driver found, looking for 'cinder.keymgr.conf_key_mgr.ConfKeyManager'
Apr 09 10:44:52 ubuntu devstack@c-api.service[130688]: WARNING stevedore.named [None req-4719016d-dec9-4ea8-ace2-87c83c8fea29 None None] Could not load cinder.keymgr.conf_key_mgr.ConfKeyManager
Apr 09 10:44:52 ubuntu devstack@c-api.service[130688]: WARNING castellan.key_manager [None req-4719016d-dec9-4ea8-ace2-87c83c8fea29 None None] Deprecation Warning : cinder.keymgr.conf_key_mgr.ConfKeyManager is not a stevedore based driver, trying to load it as a class: stevedore.exception.NoMatches: No 'castellan.drivers' driver found, looking for 'cinder.keymgr.conf_key_mgr.ConfKeyManager'
Apr 09 10:44:52 ubuntu devstack@c-api.service[130688]: WARNING stevedore.named [None req-4719016d-dec9-4ea8-ace2-87c83c8fea29 None None] Could not load cinder.keymgr.conf_key_mgr.ConfKeyManager
Apr 09 10:44:52 ubuntu devstack@c-api.service[130688]: WARNING castellan.key_manager [None req-4719016d-dec9-4ea8-ace2-87c83c8fea29 None None] Deprecation Warning : cinder.keymgr.conf_key_mgr.ConfKeyManager is not a stevedore based driver, trying to load it as a class: stevedore.exception.NoMatches: No 'castellan.drivers' driver found, looking for 'cinder.keymgr.conf_key_mgr.ConfKeyManager'
Apr 09 10:44:53 ubuntu devstack@c-api.service[130687]: INFO cinder.rpc [None req-4efa8da7-991b-4aa6-9f51-32d2dcfb4d69 None None] Automatically selected cinder-backup objects version 1.39 as minimum service version.
Apr 09 10:44:53 ubuntu devstack@c-api.service[130687]: INFO cinder.rpc [None req-4efa8da7-991b-4aa6-9f51-32d2dcfb4d69 None None] Automatically selected cinder-backup RPC version 2.4 as minimum service version.
Apr 09 10:44:53 ubuntu devstack@c-api.service[130688]: WARNING stevedore.named [None req-4719016d-dec9-4ea8-ace2-87c83c8fea29 None None] Could not load cinder.keymgr.conf_key_mgr.ConfKeyManager
Apr 09 10:44:53 ubuntu devstack@c-api.service[130688]: WARNING castellan.key_manager [None req-4719016d-dec9-4ea8-ace2-87c83c8fea29 None None] Deprecation Warning : cinder.keymgr.conf_key_mgr.ConfKeyManager is not a stevedore based driver, trying to load it as a class: stevedore.exception.NoMatches: No 'castellan.drivers' driver found, looking for 'cinder.keymgr.conf_key_mgr.ConfKeyManager'
Apr 09 10:44:53 ubuntu devstack@c-api.service[130687]: WARNING stevedore.named [None req-4efa8da7-991b-4aa6-9f51-32d2dcfb4d69 None None] Could not load cinder.keymgr.conf_key_mgr.ConfKeyManager
Apr 09 10:44:53 ubuntu devstack@c-api.service[130687]: WARNING castellan.key_manager [None req-4efa8da7-991b-4aa6-9f51-32d2dcfb4d69 None None] Deprecation Warning : cinder.keymgr.conf_key_mgr.ConfKeyManager is not a stevedore based driver, trying to load it as a class: stevedore.exception.NoMatches: No 'castellan.drivers' driver found, looking for 'cinder.keymgr.conf_key_mgr.ConfKeyManager'
Apr 09 10:44:53 ubuntu devstack@c-api.service[130688]: WARNING stevedore.named [None req-4719016d-dec9-4ea8-ace2-87c83c8fea29 None None] Could not load cinder.keymgr.conf_key_mgr.ConfKeyManager
Apr 09 10:44:53 ubuntu devstack@c-api.service[130688]: WARNING castellan.key_manager [None req-4719016d-dec9-4ea8-ace2-87c83c8fea29 None None] Deprecation Warning : cinder.keymgr.conf_key_mgr.ConfKeyManager is not a stevedore based driver, trying to load it as a class: stevedore.exception.NoMatches: No 'castellan.drivers' driver found, looking for 'cinder.keymgr.conf_key_mgr.ConfKeyManager'
Apr 09 10:44:53 ubuntu devstack@c-api.service[130688]: WARNING stevedore.named [None req-4719016d-dec9-4ea8-ace2-87c83c8fea29 None None] Could not load cinder.keymgr.conf_key_mgr.ConfKeyManager
Apr 09 10:44:53 ubuntu devstack@c-api.service[130688]: WARNING castellan.key_manager [None req-4719016d-dec9-4ea8-ace2-87c83c8fea29 None None] Deprecation Warning : cinder.keymgr.conf_key_mgr.ConfKeyManager is not a stevedore based driver, trying to load it as a class: stevedore.exception.NoMatches: No 'castellan.drivers' driver found, looking for 'cinder.keymgr.conf_key_mgr.ConfKeyManager'
Apr 09 10:44:53 ubuntu devstack@c-api.service[130688]: WARNING stevedore.named [None req-4719016d-dec9-4ea8-ace2-87c83c8fea29 None None] Could not load cinder.keymgr.conf_key_mgr.ConfKeyManager
Apr 09 10:44:53 ubuntu devstack@c-api.service[130688]: WARNING castellan.key_manager [None req-4719016d-dec9-4ea8-ace2-87c83c8fea29 None None] Deprecation Warning : cinder.keymgr.conf_key_mgr.ConfKeyManager is not a stevedore based driver, trying to load it as a class: stevedore.exception.NoMatches: No 'castellan.drivers' driver found, looking for 'cinder.keymgr.conf_key_mgr.ConfKeyManager'
Apr 09 10:44:53 ubuntu devstack@c-api.service[130688]: WARNING stevedore.named [None req-4719016d-dec9-4ea8-ace2-87c83c8fea29 None None] Could not load cinder.keymgr.conf_key_mgr.ConfKeyManager
Apr 09 10:44:53 ubuntu devstack@c-api.service[130688]: WARNING castellan.key_manager [None req-4719016d-dec9-4ea8-ace2-87c83c8fea29 None None] Deprecation Warning : cinder.keymgr.conf_key_mgr.ConfKeyManager is not a stevedore based driver, trying to load it as a class: stevedore.exception.NoMatches: No 'castellan.drivers' driver found, looking for 'cinder.keymgr.conf_key_mgr.ConfKeyManager'
Apr 09 10:44:53 ubuntu devstack@c-api.service[130688]: WARNING stevedore.named [None req-4719016d-dec9-4ea8-ace2-87c83c8fea29 None None] Could not load cinder.keymgr.conf_key_mgr.ConfKeyManager
Apr 09 10:44:53 ubuntu devstack@c-api.service[130688]: WARNING castellan.key_manager [None req-4719016d-dec9-4ea8-ace2-87c83c8fea29 None None] Deprecation Warning : cinder.keymgr.conf_key_mgr.ConfKeyManager is not a stevedore based driver, trying to load it as a class: stevedore.exception.NoMatches: No 'castellan.drivers' driver found, looking for 'cinder.keymgr.conf_key_mgr.ConfKeyManager'
Apr 09 10:44:53 ubuntu devstack@c-api.service[130688]: WARNING stevedore.named [None req-4719016d-dec9-4ea8-ace2-87c83c8fea29 None None] Could not load cinder.keymgr.conf_key_mgr.ConfKeyManager
Apr 09 10:44:53 ubuntu devstack@c-api.service[130688]: WARNING castellan.key_manager [None req-4719016d-dec9-4ea8-ace2-87c83c8fea29 None None] Deprecation Warning : cinder.keymgr.conf_key_mgr.ConfKeyManager is not a stevedore based driver, trying to load it as a class: stevedore.exception.NoMatches: No 'castellan.drivers' driver found, looking for 'cinder.keymgr.conf_key_mgr.ConfKeyManager'
Apr 09 10:44:53 ubuntu devstack@c-api.service[130688]: WARNING stevedore.named [None req-4719016d-dec9-4ea8-ace2-87c83c8fea29 None None] Could not load cinder.keymgr.conf_key_mgr.ConfKeyManager
Apr 09 10:44:53 ubuntu devstack@c-api.service[130688]: WARNING castellan.key_manager [None req-4719016d-dec9-4ea8-ace2-87c83c8fea29 None None] Deprecation Warning : cinder.keymgr.conf_key_mgr.ConfKeyManager is not a stevedore based driver, trying to load it as a class: stevedore.exception.NoMatches: No 'castellan.drivers' driver found, looking for 'cinder.keymgr.conf_key_mgr.ConfKeyManager'
Apr 09 10:44:53 ubuntu devstack@c-api.service[130688]: WARNING cinder.api.contrib.hosts [None req-4719016d-dec9-4ea8-ace2-87c83c8fea29 None None] Deprecated: The Host API is deprecated and will be be removed in a future version.
Apr 09 10:44:53 ubuntu devstack@c-api.service[130688]: WARNING stevedore.named [None req-4719016d-dec9-4ea8-ace2-87c83c8fea29 None None] Could not load cinder.keymgr.conf_key_mgr.ConfKeyManager
Apr 09 10:44:53 ubuntu devstack@c-api.service[130688]: WARNING castellan.key_manager [None req-4719016d-dec9-4ea8-ace2-87c83c8fea29 None None] Deprecation Warning : cinder.keymgr.conf_key_mgr.ConfKeyManager is not a stevedore based driver, trying to load it as a class: stevedore.exception.NoMatches: No 'castellan.drivers' driver found, looking for 'cinder.keymgr.conf_key_mgr.ConfKeyManager'
Apr 09 10:44:53 ubuntu devstack@c-api.service[130688]: WARNING stevedore.named [None req-4719016d-dec9-4ea8-ace2-87c83c8fea29 None None] Could not load cinder.keymgr.conf_key_mgr.ConfKeyManager
Apr 09 10:44:53 ubuntu devstack@c-api.service[130688]: WARNING castellan.key_manager [None req-4719016d-dec9-4ea8-ace2-87c83c8fea29 None None] Deprecation Warning : cinder.keymgr.conf_key_mgr.ConfKeyManager is not a stevedore based driver, trying to load it as a class: stevedore.exception.NoMatches: No 'castellan.drivers' driver found, looking for 'cinder.keymgr.conf_key_mgr.ConfKeyManager'
Apr 09 10:44:53 ubuntu devstack@c-api.service[130688]: DEBUG cinder.api.v3.router [None req-4719016d-dec9-4ea8-ace2-87c83c8fea29 None None] Extended resource: extensions {{(pid=130688) _setup_ext_routes /opt/stack/cinder/cinder/api/v3/router.py:122}}
Apr 09 10:44:53 ubuntu devstack@c-api.service[130687]: WARNING stevedore.named [None req-4efa8da7-991b-4aa6-9f51-32d2dcfb4d69 None None] Could not load cinder.keymgr.conf_key_mgr.ConfKeyManager
Apr 09 10:44:53 ubuntu devstack@c-api.service[130687]: WARNING castellan.key_manager [None req-4efa8da7-991b-4aa6-9f51-32d2dcfb4d69 None None] Deprecation Warning : cinder.keymgr.conf_key_mgr.ConfKeyManager is not a stevedore based driver, trying to load it as a class: stevedore.exception.NoMatches: No 'castellan.drivers' driver found, looking for 'cinder.keymgr.conf_key_mgr.ConfKeyManager'
Apr 09 10:44:53 ubuntu devstack@c-api.service[130688]: DEBUG cinder.api.v3.router [None req-4719016d-dec9-4ea8-ace2-87c83c8fea29 None None] Extended resource: extra_specs {{(pid=130688) _setup_ext_routes /opt/stack/cinder/cinder/api/v3/router.py:122}}
Apr 09 10:44:53 ubuntu devstack@c-api.service[130688]: DEBUG cinder.api.v3.router [None req-4719016d-dec9-4ea8-ace2-87c83c8fea29 None None] Extended resource: encryption {{(pid=130688) _setup_ext_routes /opt/stack/cinder/cinder/api/v3/router.py:122}}
Apr 09 10:44:53 ubuntu devstack@c-api.service[130687]: WARNING stevedore.named [None req-4efa8da7-991b-4aa6-9f51-32d2dcfb4d69 None None] Could not load cinder.keymgr.conf_key_mgr.ConfKeyManager
Apr 09 10:44:53 ubuntu devstack@c-api.service[130687]: WARNING castellan.key_manager [None req-4efa8da7-991b-4aa6-9f51-32d2dcfb4d69 None None] Deprecation Warning : cinder.keymgr.conf_key_mgr.ConfKeyManager is not a stevedore based driver, trying to load it as a class: stevedore.exception.NoMatches: No 'castellan.drivers' driver found, looking for 'cinder.keymgr.conf_key_mgr.ConfKeyManager'
Apr 09 10:44:53 ubuntu devstack@c-api.service[130687]: WARNING stevedore.named [None req-4efa8da7-991b-4aa6-9f51-32d2dcfb4d69 None None] Could not load cinder.keymgr.conf_key_mgr.ConfKeyManager
Apr 09 10:44:53 ubuntu devstack@c-api.service[130687]: WARNING castellan.key_manager [None req-4efa8da7-991b-4aa6-9f51-32d2dcfb4d69 None None] Deprecation Warning : cinder.keymgr.conf_key_mgr.ConfKeyManager is not a stevedore based driver, trying to load it as a class: stevedore.exception.NoMatches: No 'castellan.drivers' driver found, looking for 'cinder.keymgr.conf_key_mgr.ConfKeyManager'
Apr 09 10:44:53 ubuntu devstack@c-api.service[130687]: WARNING stevedore.named [None req-4efa8da7-991b-4aa6-9f51-32d2dcfb4d69 None None] Could not load cinder.keymgr.conf_key_mgr.ConfKeyManager
Apr 09 10:44:53 ubuntu devstack@c-api.service[130687]: WARNING castellan.key_manager [None req-4efa8da7-991b-4aa6-9f51-32d2dcfb4d69 None None] Deprecation Warning : cinder.keymgr.conf_key_mgr.ConfKeyManager is not a stevedore based driver, trying to load it as a class: stevedore.exception.NoMatches: No 'castellan.drivers' driver found, looking for 'cinder.keymgr.conf_key_mgr.ConfKeyManager'
Apr 09 10:44:53 ubuntu devstack@c-api.service[130688]: DEBUG cinder.api.v3.router [None req-4719016d-dec9-4ea8-ace2-87c83c8fea29 None None] Extended resource: cgsnapshots {{(pid=130688) _setup_ext_routes /opt/stack/cinder/cinder/api/v3/router.py:122}}
Apr 09 10:44:53 ubuntu devstack@c-api.service[130688]: DEBUG cinder.api.v3.router [None req-4719016d-dec9-4ea8-ace2-87c83c8fea29 None None] Extended resource: capabilities {{(pid=130688) _setup_ext_routes /opt/stack/cinder/cinder/api/v3/router.py:122}}
Apr 09 10:44:53 ubuntu devstack@c-api.service[130687]: WARNING stevedore.named [None req-4efa8da7-991b-4aa6-9f51-32d2dcfb4d69 None None] Could not load cinder.keymgr.conf_key_mgr.ConfKeyManager
Apr 09 10:44:53 ubuntu devstack@c-api.service[130687]: WARNING castellan.key_manager [None req-4efa8da7-991b-4aa6-9f51-32d2dcfb4d69 None None] Deprecation Warning : cinder.keymgr.conf_key_mgr.ConfKeyManager is not a stevedore based driver, trying to load it as a class: stevedore.exception.NoMatches: No 'castellan.drivers' driver found, looking for 'cinder.keymgr.conf_key_mgr.ConfKeyManager'
Apr 09 10:44:53 ubuntu devstack@c-api.service[130688]: DEBUG cinder.api.v3.router [None req-4719016d-dec9-4ea8-ace2-87c83c8fea29 None None] Extended resource: consistencygroups {{(pid=130688) _setup_ext_routes /opt/stack/cinder/cinder/api/v3/router.py:122}}
Apr 09 10:44:53 ubuntu devstack@c-api.service[130688]: DEBUG cinder.api.v3.router [None req-4719016d-dec9-4ea8-ace2-87c83c8fea29 None None] Extended resource: encryption {{(pid=130688) _setup_ext_routes /opt/stack/cinder/cinder/api/v3/router.py:122}}
Apr 09 10:44:53 ubuntu devstack@c-api.service[130687]: WARNING stevedore.named [None req-4efa8da7-991b-4aa6-9f51-32d2dcfb4d69 None None] Could not load cinder.keymgr.conf_key_mgr.ConfKeyManager
Apr 09 10:44:53 ubuntu devstack@c-api.service[130687]: WARNING castellan.key_manager [None req-4efa8da7-991b-4aa6-9f51-32d2dcfb4d69 None None] Deprecation Warning : cinder.keymgr.conf_key_mgr.ConfKeyManager is not a stevedore based driver, trying to load it as a class: stevedore.exception.NoMatches: No 'castellan.drivers' driver found, looking for 'cinder.keymgr.conf_key_mgr.ConfKeyManager'
Apr 09 10:44:53 ubuntu devstack@c-api.service[130688]: DEBUG cinder.api.v3.router [None req-4719016d-dec9-4ea8-ace2-87c83c8fea29 None None] Extended resource: os-quota-sets {{(pid=130688) _setup_ext_routes /opt/stack/cinder/cinder/api/v3/router.py:122}}
Apr 09 10:44:53 ubuntu devstack@c-api.service[130688]: DEBUG cinder.api.v3.router [None req-4719016d-dec9-4ea8-ace2-87c83c8fea29 None None] Extended resource: qos-specs {{(pid=130688) _setup_ext_routes /opt/stack/cinder/cinder/api/v3/router.py:122}}
Apr 09 10:44:53 ubuntu devstack@c-api.service[130688]: DEBUG cinder.api.v3.router [None req-4719016d-dec9-4ea8-ace2-87c83c8fea29 None None] Extended resource: os-volume-transfer {{(pid=130688) _setup_ext_routes /opt/stack/cinder/cinder/api/v3/router.py:122}}
Apr 09 10:44:53 ubuntu devstack@c-api.service[130687]: WARNING stevedore.named [None req-4efa8da7-991b-4aa6-9f51-32d2dcfb4d69 None None] Could not load cinder.keymgr.conf_key_mgr.ConfKeyManager
Apr 09 10:44:53 ubuntu devstack@c-api.service[130687]: WARNING castellan.key_manager [None req-4efa8da7-991b-4aa6-9f51-32d2dcfb4d69 None None] Deprecation Warning : cinder.keymgr.conf_key_mgr.ConfKeyManager is not a stevedore based driver, trying to load it as a class: stevedore.exception.NoMatches: No 'castellan.drivers' driver found, looking for 'cinder.keymgr.conf_key_mgr.ConfKeyManager'
Apr 09 10:44:53 ubuntu devstack@c-api.service[130688]: DEBUG cinder.api.v3.router [None req-4719016d-dec9-4ea8-ace2-87c83c8fea29 None None] Extended resource: os-snapshot-manage {{(pid=130688) _setup_ext_routes /opt/stack/cinder/cinder/api/v3/router.py:122}}
Apr 09 10:44:53 ubuntu devstack@c-api.service[130687]: WARNING stevedore.named [None req-4efa8da7-991b-4aa6-9f51-32d2dcfb4d69 None None] Could not load cinder.keymgr.conf_key_mgr.ConfKeyManager
Apr 09 10:44:53 ubuntu devstack@c-api.service[130687]: WARNING castellan.key_manager [None req-4efa8da7-991b-4aa6-9f51-32d2dcfb4d69 None None] Deprecation Warning : cinder.keymgr.conf_key_mgr.ConfKeyManager is not a stevedore based driver, trying to load it as a class: stevedore.exception.NoMatches: No 'castellan.drivers' driver found, looking for 'cinder.keymgr.conf_key_mgr.ConfKeyManager'
Apr 09 10:44:53 ubuntu devstack@c-api.service[130688]: DEBUG cinder.api.v3.router [None req-4719016d-dec9-4ea8-ace2-87c83c8fea29 None None] Extended resource: scheduler-stats {{(pid=130688) _setup_ext_routes /opt/stack/cinder/cinder/api/v3/router.py:122}}
Apr 09 10:44:53 ubuntu devstack@c-api.service[130688]: DEBUG cinder.api.v3.router [None req-4719016d-dec9-4ea8-ace2-87c83c8fea29 None None] Extended resource: backups {{(pid=130688) _setup_ext_routes /opt/stack/cinder/cinder/api/v3/router.py:122}}
Apr 09 10:44:53 ubuntu devstack@c-api.service[130687]: WARNING stevedore.named [None req-4efa8da7-991b-4aa6-9f51-32d2dcfb4d69 None None] Could not load cinder.keymgr.conf_key_mgr.ConfKeyManager
Apr 09 10:44:53 ubuntu devstack@c-api.service[130687]: WARNING castellan.key_manager [None req-4efa8da7-991b-4aa6-9f51-32d2dcfb4d69 None None] Deprecation Warning : cinder.keymgr.conf_key_mgr.ConfKeyManager is not a stevedore based driver, trying to load it as a class: stevedore.exception.NoMatches: No 'castellan.drivers' driver found, looking for 'cinder.keymgr.conf_key_mgr.ConfKeyManager'
Apr 09 10:44:53 ubuntu devstack@c-api.service[130688]: DEBUG cinder.api.v3.router [None req-4719016d-dec9-4ea8-ace2-87c83c8fea29 None None] Extended resource: os-volume-type-access {{(pid=130688) _setup_ext_routes /opt/stack/cinder/cinder/api/v3/router.py:122}}
Apr 09 10:44:53 ubuntu devstack@c-api.service[130687]: WARNING stevedore.named [None req-4efa8da7-991b-4aa6-9f51-32d2dcfb4d69 None None] Could not load cinder.keymgr.conf_key_mgr.ConfKeyManager
Apr 09 10:44:53 ubuntu devstack@c-api.service[130687]: WARNING castellan.key_manager [None req-4efa8da7-991b-4aa6-9f51-32d2dcfb4d69 None None] Deprecation Warning : cinder.keymgr.conf_key_mgr.ConfKeyManager is not a stevedore based driver, trying to load it as a class: stevedore.exception.NoMatches: No 'castellan.drivers' driver found, looking for 'cinder.keymgr.conf_key_mgr.ConfKeyManager'
Apr 09 10:44:53 ubuntu devstack@c-api.service[130688]: DEBUG cinder.api.v3.router [None req-4719016d-dec9-4ea8-ace2-87c83c8fea29 None None] Extended resource: os-hosts {{(pid=130688) _setup_ext_routes /opt/stack/cinder/cinder/api/v3/router.py:122}}
Apr 09 10:44:53 ubuntu devstack@c-api.service[130688]: DEBUG cinder.api.v3.router [None req-4719016d-dec9-4ea8-ace2-87c83c8fea29 None None] Extended resource: os-quota-class-sets {{(pid=130688) _setup_ext_routes /opt/stack/cinder/cinder/api/v3/router.py:122}}
Apr 09 10:44:53 ubuntu devstack@c-api.service[130688]: DEBUG cinder.api.v3.router [None req-4719016d-dec9-4ea8-ace2-87c83c8fea29 None None] Extended resource: os-volume-manage {{(pid=130688) _setup_ext_routes /opt/stack/cinder/cinder/api/v3/router.py:122}}
Apr 09 10:44:53 ubuntu devstack@c-api.service[130687]: WARNING stevedore.named [None req-4efa8da7-991b-4aa6-9f51-32d2dcfb4d69 None None] Could not load cinder.keymgr.conf_key_mgr.ConfKeyManager
Apr 09 10:44:53 ubuntu devstack@c-api.service[130687]: WARNING castellan.key_manager [None req-4efa8da7-991b-4aa6-9f51-32d2dcfb4d69 None None] Deprecation Warning : cinder.keymgr.conf_key_mgr.ConfKeyManager is not a stevedore based driver, trying to load it as a class: stevedore.exception.NoMatches: No 'castellan.drivers' driver found, looking for 'cinder.keymgr.conf_key_mgr.ConfKeyManager'
Apr 09 10:44:53 ubuntu devstack@c-api.service[130688]: DEBUG cinder.api.v3.router [None req-4719016d-dec9-4ea8-ace2-87c83c8fea29 None None] Extended resource: os-availability-zone {{(pid=130688) _setup_ext_routes /opt/stack/cinder/cinder/api/v3/router.py:122}}
Apr 09 10:44:53 ubuntu devstack@c-api.service[130688]: WARNING stevedore.named [None req-4719016d-dec9-4ea8-ace2-87c83c8fea29 None None] Could not load cinder.keymgr.conf_key_mgr.ConfKeyManager
Apr 09 10:44:53 ubuntu devstack@c-api.service[130688]: WARNING castellan.key_manager [None req-4719016d-dec9-4ea8-ace2-87c83c8fea29 None None] Deprecation Warning : cinder.keymgr.conf_key_mgr.ConfKeyManager is not a stevedore based driver, trying to load it as a class: stevedore.exception.NoMatches: No 'castellan.drivers' driver found, looking for 'cinder.keymgr.conf_key_mgr.ConfKeyManager'
Apr 09 10:44:53 ubuntu devstack@c-api.service[130688]: WARNING stevedore.named [None req-4719016d-dec9-4ea8-ace2-87c83c8fea29 None None] Could not load cinder.keymgr.conf_key_mgr.ConfKeyManager
Apr 09 10:44:53 ubuntu devstack@c-api.service[130688]: WARNING castellan.key_manager [None req-4719016d-dec9-4ea8-ace2-87c83c8fea29 None None] Deprecation Warning : cinder.keymgr.conf_key_mgr.ConfKeyManager is not a stevedore based driver, trying to load it as a class: stevedore.exception.NoMatches: No 'castellan.drivers' driver found, looking for 'cinder.keymgr.conf_key_mgr.ConfKeyManager'
Apr 09 10:44:53 ubuntu devstack@c-api.service[130688]: WARNING stevedore.named [None req-4719016d-dec9-4ea8-ace2-87c83c8fea29 None None] Could not load cinder.keymgr.conf_key_mgr.ConfKeyManager
Apr 09 10:44:53 ubuntu devstack@c-api.service[130688]: WARNING castellan.key_manager [None req-4719016d-dec9-4ea8-ace2-87c83c8fea29 None None] Deprecation Warning : cinder.keymgr.conf_key_mgr.ConfKeyManager is not a stevedore based driver, trying to load it as a class: stevedore.exception.NoMatches: No 'castellan.drivers' driver found, looking for 'cinder.keymgr.conf_key_mgr.ConfKeyManager'
Apr 09 10:44:53 ubuntu devstack@c-api.service[130688]: WARNING stevedore.named [None req-4719016d-dec9-4ea8-ace2-87c83c8fea29 None None] Could not load cinder.keymgr.conf_key_mgr.ConfKeyManager
Apr 09 10:44:53 ubuntu devstack@c-api.service[130688]: WARNING castellan.key_manager [None req-4719016d-dec9-4ea8-ace2-87c83c8fea29 None None] Deprecation Warning : cinder.keymgr.conf_key_mgr.ConfKeyManager is not a stevedore based driver, trying to load it as a class: stevedore.exception.NoMatches: No 'castellan.drivers' driver found, looking for 'cinder.keymgr.conf_key_mgr.ConfKeyManager'
Apr 09 10:44:53 ubuntu devstack@c-api.service[130688]: WARNING stevedore.named [None req-4719016d-dec9-4ea8-ace2-87c83c8fea29 None None] Could not load cinder.keymgr.conf_key_mgr.ConfKeyManager
Apr 09 10:44:53 ubuntu devstack@c-api.service[130688]: WARNING castellan.key_manager [None req-4719016d-dec9-4ea8-ace2-87c83c8fea29 None None] Deprecation Warning : cinder.keymgr.conf_key_mgr.ConfKeyManager is not a stevedore based driver, trying to load it as a class: stevedore.exception.NoMatches: No 'castellan.drivers' driver found, looking for 'cinder.keymgr.conf_key_mgr.ConfKeyManager'
Apr 09 10:44:53 ubuntu devstack@c-api.service[130688]: WARNING stevedore.named [None req-4719016d-dec9-4ea8-ace2-87c83c8fea29 None None] Could not load cinder.keymgr.conf_key_mgr.ConfKeyManager
Apr 09 10:44:53 ubuntu devstack@c-api.service[130688]: WARNING castellan.key_manager [None req-4719016d-dec9-4ea8-ace2-87c83c8fea29 None None] Deprecation Warning : cinder.keymgr.conf_key_mgr.ConfKeyManager is not a stevedore based driver, trying to load it as a class: stevedore.exception.NoMatches: No 'castellan.drivers' driver found, looking for 'cinder.keymgr.conf_key_mgr.ConfKeyManager'
Apr 09 10:44:53 ubuntu devstack@c-api.service[130687]: WARNING stevedore.named [None req-4efa8da7-991b-4aa6-9f51-32d2dcfb4d69 None None] Could not load cinder.keymgr.conf_key_mgr.ConfKeyManager
Apr 09 10:44:53 ubuntu devstack@c-api.service[130688]: WARNING stevedore.named [None req-4719016d-dec9-4ea8-ace2-87c83c8fea29 None None] Could not load cinder.keymgr.conf_key_mgr.ConfKeyManager
Apr 09 10:44:53 ubuntu devstack@c-api.service[130688]: WARNING castellan.key_manager [None req-4719016d-dec9-4ea8-ace2-87c83c8fea29 None None] Deprecation Warning : cinder.keymgr.conf_key_mgr.ConfKeyManager is not a stevedore based driver, trying to load it as a class: stevedore.exception.NoMatches: No 'castellan.drivers' driver found, looking for 'cinder.keymgr.conf_key_mgr.ConfKeyManager'
Apr 09 10:44:53 ubuntu devstack@c-api.service[130687]: WARNING castellan.key_manager [None req-4efa8da7-991b-4aa6-9f51-32d2dcfb4d69 None None] Deprecation Warning : cinder.keymgr.conf_key_mgr.ConfKeyManager is not a stevedore based driver, trying to load it as a class: stevedore.exception.NoMatches: No 'castellan.drivers' driver found, looking for 'cinder.keymgr.conf_key_mgr.ConfKeyManager'
Apr 09 10:44:53 ubuntu devstack@c-api.service[130688]: DEBUG cinder.api.contrib.snapshot_actions [None req-4719016d-dec9-4ea8-ace2-87c83c8fea29 None None] SnapshotActionsController initialized {{(pid=130688) __init__ /opt/stack/cinder/cinder/api/contrib/snapshot_actions.py:33}}
Apr 09 10:44:53 ubuntu devstack@c-api.service[130688]: DEBUG cinder.api.v3.router [None req-4719016d-dec9-4ea8-ace2-87c83c8fea29 None None] Extension AdminActions extending resource: volumes {{(pid=130688) _setup_extensions /opt/stack/cinder/cinder/api/v3/router.py:155}}
Apr 09 10:44:53 ubuntu devstack@c-api.service[130688]: DEBUG cinder.api.v3.router [None req-4719016d-dec9-4ea8-ace2-87c83c8fea29 None None] Extension AdminActions extending resource: snapshots {{(pid=130688) _setup_extensions /opt/stack/cinder/cinder/api/v3/router.py:155}}
Apr 09 10:44:53 ubuntu devstack@c-api.service[130688]: DEBUG cinder.api.v3.router [None req-4719016d-dec9-4ea8-ace2-87c83c8fea29 None None] Extension AdminActions extending resource: backups {{(pid=130688) _setup_extensions /opt/stack/cinder/cinder/api/v3/router.py:155}}
Apr 09 10:44:53 ubuntu devstack@c-api.service[130688]: DEBUG cinder.api.v3.router [None req-4719016d-dec9-4ea8-ace2-87c83c8fea29 None None] Extension SnapshotUnmanage extending resource: snapshots {{(pid=130688) _setup_extensions /opt/stack/cinder/cinder/api/v3/router.py:155}}
Apr 09 10:44:53 ubuntu devstack@c-api.service[130688]: DEBUG cinder.api.v3.router [None req-4719016d-dec9-4ea8-ace2-87c83c8fea29 None None] Extension VolumeActions extending resource: volumes {{(pid=130688) _setup_extensions /opt/stack/cinder/cinder/api/v3/router.py:155}}
Apr 09 10:44:53 ubuntu devstack@c-api.service[130688]: DEBUG cinder.api.v3.router [None req-4719016d-dec9-4ea8-ace2-87c83c8fea29 None None] Extension VolumeTypeEncryption extending resource: types {{(pid=130688) _setup_extensions /opt/stack/cinder/cinder/api/v3/router.py:155}}
Apr 09 10:44:53 ubuntu devstack@c-api.service[130688]: DEBUG cinder.api.v3.router [None req-4719016d-dec9-4ea8-ace2-87c83c8fea29 None None] Extension VolumeMigStatusAttribute extending resource: volumes {{(pid=130688) _setup_extensions /opt/stack/cinder/cinder/api/v3/router.py:155}}
Apr 09 10:44:53 ubuntu devstack@c-api.service[130688]: DEBUG cinder.api.v3.router [None req-4719016d-dec9-4ea8-ace2-87c83c8fea29 None None] Extension VolumeUnmanage extending resource: volumes {{(pid=130688) _setup_extensions /opt/stack/cinder/cinder/api/v3/router.py:155}}
Apr 09 10:44:53 ubuntu devstack@c-api.service[130688]: DEBUG cinder.api.v3.router [None req-4719016d-dec9-4ea8-ace2-87c83c8fea29 None None] Extension TypesManage extending resource: types {{(pid=130688) _setup_extensions /opt/stack/cinder/cinder/api/v3/router.py:155}}
Apr 09 10:44:53 ubuntu devstack@c-api.service[130688]: DEBUG cinder.api.v3.router [None req-4719016d-dec9-4ea8-ace2-87c83c8fea29 None None] Extension VolumeImageMetadata extending resource: volumes {{(pid=130688) _setup_extensions /opt/stack/cinder/cinder/api/v3/router.py:155}}
Apr 09 10:44:53 ubuntu devstack@c-api.service[130688]: DEBUG cinder.api.v3.router [None req-4719016d-dec9-4ea8-ace2-87c83c8fea29 None None] Extension UsedLimits extending resource: limits {{(pid=130688) _setup_extensions /opt/stack/cinder/cinder/api/v3/router.py:155}}
Apr 09 10:44:53 ubuntu devstack@c-api.service[130688]: DEBUG cinder.api.v3.router [None req-4719016d-dec9-4ea8-ace2-87c83c8fea29 None None] Extension VolumeTypeAccess extending resource: types {{(pid=130688) _setup_extensions /opt/stack/cinder/cinder/api/v3/router.py:155}}
Apr 09 10:44:53 ubuntu devstack@c-api.service[130688]: DEBUG cinder.api.v3.router [None req-4719016d-dec9-4ea8-ace2-87c83c8fea29 None None] Extension VolumeTenantAttribute extending resource: volumes {{(pid=130688) _setup_extensions /opt/stack/cinder/cinder/api/v3/router.py:155}}
Apr 09 10:44:53 ubuntu devstack@c-api.service[130688]: DEBUG cinder.api.v3.router [None req-4719016d-dec9-4ea8-ace2-87c83c8fea29 None None] Extension SnapshotActions extending resource: snapshots {{(pid=130688) _setup_extensions /opt/stack/cinder/cinder/api/v3/router.py:155}}
Apr 09 10:44:53 ubuntu devstack@c-api.service[130688]: DEBUG cinder.api.v3.router [None req-4719016d-dec9-4ea8-ace2-87c83c8fea29 None None] Extension ExtendedSnapshotAttributes extending resource: snapshots {{(pid=130688) _setup_extensions /opt/stack/cinder/cinder/api/v3/router.py:155}}
