Nov 20 17:30:42 ubuntu devstack@keystone.service[81578]: DEBUG keystone.server.flask.request_processing.req_logging [None req-61f33012-7b47-4102-9b54-1ea8c111bed9 None None] PATH_INFO: `/` {{(pid=81578) log_request_info /opt/stack/keystone/keystone/server/flask/request_processing/req_logging.py:28}}
Nov 20 17:30:42 ubuntu devstack@keystone.service[81578]: [pid: 81578|app: 0|req: 13/24] 10.201.5.82 () {54 vars in 919 bytes} [Thu Nov 20 17:30:42 2025] GET /identity => generated 270 bytes in 2 msecs (HTTP/1.1 300) 6 headers in 234 bytes (1 switches on core 0)
Nov 20 17:30:42 ubuntu devstack@keystone.service[81577]: DEBUG keystone.server.flask.request_processing.req_logging [None req-e74ae45a-6b04-4fff-8e71-57d5ca0beea8 None None] REQUEST_METHOD: `POST` {{(pid=81577) log_request_info /opt/stack/keystone/keystone/server/flask/request_processing/req_logging.py:26}}
Nov 20 17:30:42 ubuntu devstack@keystone.service[81577]: DEBUG keystone.server.flask.request_processing.req_logging [None req-e74ae45a-6b04-4fff-8e71-57d5ca0beea8 None None] SCRIPT_NAME: `/identity` {{(pid=81577) log_request_info /opt/stack/keystone/keystone/server/flask/request_processing/req_logging.py:27}}
Nov 20 17:30:42 ubuntu devstack@keystone.service[81577]: DEBUG keystone.server.flask.request_processing.req_logging [None req-e74ae45a-6b04-4fff-8e71-57d5ca0beea8 None None] PATH_INFO: `/v3/auth/tokens` {{(pid=81577) log_request_info /opt/stack/keystone/keystone/server/flask/request_processing/req_logging.py:28}}
Nov 20 17:30:42 ubuntu devstack@keystone.service[81577]: WARNING keystone.common.password_hashing [None req-e74ae45a-6b04-4fff-8e71-57d5ca0beea8 None None] Truncating password to algorithm specific maximum length 72 characters.
Nov 20 17:30:42 ubuntu devstack@keystone.service[81577]: DEBUG keystone.auth.core [None req-e74ae45a-6b04-4fff-8e71-57d5ca0beea8 None None] MFA Rules not processed for user `b4c72362542143e4bd528d3c949ca331`. Rule list: `[]` (Enabled: `True`). {{(pid=81577) check_auth_methods_against_rules /opt/stack/keystone/keystone/auth/core.py:476}}
Nov 20 17:30:42 ubuntu devstack@keystone.service[81577]: DEBUG keystone.common.fernet_utils [None req-e74ae45a-6b04-4fff-8e71-57d5ca0beea8 None None] Loaded 2 Fernet keys from /etc/keystone/fernet-keys/, but `[fernet_tokens] max_active_keys = 3`; perhaps there have not been enough key rotations to reach `max_active_keys` yet? {{(pid=81577) load_keys /opt/stack/keystone/keystone/common/fernet_utils.py:297}}
Nov 20 17:30:42 ubuntu devstack@keystone.service[81577]: [pid: 81577|app: 0|req: 12/25] 10.201.5.82 () {58 vars in 1016 bytes} [Thu Nov 20 17:30:42 2025] POST /identity/v3/auth/tokens => generated 862 bytes in 53 msecs (HTTP/1.1 201) 6 headers in 363 bytes (1 switches on core 0)
Nov 20 17:30:42 ubuntu devstack@keystone.service[81578]: DEBUG keystone.server.flask.request_processing.middleware.auth_context [None req-61f33012-7b47-4102-9b54-1ea8c111bed9 None None] Authenticating user token {{(pid=81578) process_request /opt/stack/data/venv/lib/python3.10/site-packages/keystonemiddleware/auth_token/__init__.py:407}}
Nov 20 17:30:42 ubuntu devstack@keystone.service[81578]: DEBUG keystone.server.flask.request_processing.middleware.auth_context [None req-61f33012-7b47-4102-9b54-1ea8c111bed9 None None] Validating token access rules against request {{(pid=81578) validate_allowed_request /opt/stack/data/venv/lib/python3.10/site-packages/keystonemiddleware/auth_token/__init__.py:545}}
Nov 20 17:30:42 ubuntu devstack@keystone.service[81578]: DEBUG keystone.server.flask.request_processing.middleware.auth_context [None req-fa8391a5-7a78-45d0-9108-2d74fa9a0712 None admin] RBAC: auth_context: {'token': <TokenModel (audit_id=Bmo-2DltRX6VBvWpIhEqew, audit_chain_id=['Bmo-2DltRX6VBvWpIhEqew']) at 0x7f87aa222bf0>, 'domain_id': None, 'trust_id': None, 'trustor_id': None, 'trustee_id': None, 'domain_name': None, 'group_ids': [], 'user_id': 'b4c72362542143e4bd528d3c949ca331', 'user_domain_id': 'default', 'system_scope': 'all', 'project_id': None, 'project_domain_id': None, 'roles': ['admin', 'manager', 'member', 'reader'], 'is_admin_project': True, 'service_user_id': None, 'service_user_domain_id': None, 'service_project_id': None, 'service_project_domain_id': None, 'service_roles': []} {{(pid=81578) fill_context /opt/stack/keystone/keystone/server/flask/request_processing/middleware/auth_context.py:509}}
Nov 20 17:30:42 ubuntu devstack@keystone.service[81578]: DEBUG keystone.server.flask.request_processing.req_logging [None req-fa8391a5-7a78-45d0-9108-2d74fa9a0712 None admin] REQUEST_METHOD: `GET` {{(pid=81578) log_request_info /opt/stack/keystone/keystone/server/flask/request_processing/req_logging.py:26}}
Nov 20 17:30:42 ubuntu devstack@keystone.service[81578]: DEBUG keystone.server.flask.request_processing.req_logging [None req-fa8391a5-7a78-45d0-9108-2d74fa9a0712 None admin] SCRIPT_NAME: `/identity` {{(pid=81578) log_request_info /opt/stack/keystone/keystone/server/flask/request_processing/req_logging.py:27}}
Nov 20 17:30:42 ubuntu devstack@keystone.service[81578]: DEBUG keystone.server.flask.request_processing.req_logging [None req-fa8391a5-7a78-45d0-9108-2d74fa9a0712 None admin] PATH_INFO: `/v3/domains/Default` {{(pid=81578) log_request_info /opt/stack/keystone/keystone/server/flask/request_processing/req_logging.py:28}}
Nov 20 17:30:42 ubuntu devstack@keystone.service[81577]: DEBUG keystone.server.flask.request_processing.req_logging [None req-5c03b5e1-c7da-443f-9321-6cae19ce7c71 None None] REQUEST_METHOD: `GET` {{(pid=81577) log_request_info /opt/stack/keystone/keystone/server/flask/request_processing/req_logging.py:26}}
Nov 20 17:30:42 ubuntu devstack@keystone.service[81577]: DEBUG keystone.server.flask.request_processing.req_logging [None req-5c03b5e1-c7da-443f-9321-6cae19ce7c71 None None] SCRIPT_NAME: `/identity` {{(pid=81577) log_request_info /opt/stack/keystone/keystone/server/flask/request_processing/req_logging.py:27}}
Nov 20 17:30:42 ubuntu devstack@keystone.service[81577]: DEBUG keystone.server.flask.request_processing.req_logging [None req-5c03b5e1-c7da-443f-9321-6cae19ce7c71 None None] PATH_INFO: `/` {{(pid=81577) log_request_info /opt/stack/keystone/keystone/server/flask/request_processing/req_logging.py:28}}
Nov 20 17:30:42 ubuntu devstack@keystone.service[81577]: [pid: 81577|app: 0|req: 13/26] 10.201.5.82 () {54 vars in 919 bytes} [Thu Nov 20 17:30:42 2025] GET /identity => generated 270 bytes in 2 msecs (HTTP/1.1 300) 6 headers in 234 bytes (2 switches on core 0)
Nov 20 17:30:42 ubuntu devstack@keystone.service[81577]: DEBUG keystone.server.flask.request_processing.req_logging [None req-b9d4b41e-9c43-41c2-a449-19dd19e192f4 None None] REQUEST_METHOD: `POST` {{(pid=81577) log_request_info /opt/stack/keystone/keystone/server/flask/request_processing/req_logging.py:26}}
Nov 20 17:30:42 ubuntu devstack@keystone.service[81577]: DEBUG keystone.server.flask.request_processing.req_logging [None req-b9d4b41e-9c43-41c2-a449-19dd19e192f4 None None] SCRIPT_NAME: `/identity` {{(pid=81577) log_request_info /opt/stack/keystone/keystone/server/flask/request_processing/req_logging.py:27}}
Nov 20 17:30:42 ubuntu devstack@keystone.service[81577]: DEBUG keystone.server.flask.request_processing.req_logging [None req-b9d4b41e-9c43-41c2-a449-19dd19e192f4 None None] PATH_INFO: `/v3/auth/tokens` {{(pid=81577) log_request_info /opt/stack/keystone/keystone/server/flask/request_processing/req_logging.py:28}}
Nov 20 17:30:42 ubuntu devstack@keystone.service[81578]: DEBUG keystone.common.rbac_enforcer.enforcer [None req-fa8391a5-7a78-45d0-9108-2d74fa9a0712 None admin] RBAC: Authorizing `identity:get_domain(domain_id=Default)` {{(pid=81578) enforce_call /opt/stack/keystone/keystone/common/rbac_enforcer/enforcer.py:494}}
Nov 20 17:30:42 ubuntu devstack@keystone.service[81578]: DEBUG keystone.common.rbac_enforcer.enforcer [None req-fa8391a5-7a78-45d0-9108-2d74fa9a0712 None admin] RBAC: Authorization granted {{(pid=81578) enforce_call /opt/stack/keystone/keystone/common/rbac_enforcer/enforcer.py:505}}
Nov 20 17:30:42 ubuntu devstack@keystone.service[81578]: DEBUG keystone.server.flask.application [None req-fa8391a5-7a78-45d0-9108-2d74fa9a0712 None admin] Could not find domain: Default. {{(pid=81578) _handle_keystone_exception /opt/stack/keystone/keystone/server/flask/application.py:146}}
Nov 20 17:30:42 ubuntu devstack@keystone.service[81578]: [pid: 81578|app: 0|req: 14/27] 10.201.5.82 () {56 vars in 1100 bytes} [Thu Nov 20 17:30:42 2025] GET /identity/v3/domains/Default => generated 87 bytes in 88 msecs (HTTP/1.1 404) 5 headers in 183 bytes (1 switches on core 0)
Nov 20 17:30:42 ubuntu devstack@keystone.service[81577]: WARNING keystone.common.password_hashing [None req-b9d4b41e-9c43-41c2-a449-19dd19e192f4 None None] Truncating password to algorithm specific maximum length 72 characters.
Nov 20 17:30:42 ubuntu devstack@keystone.service[81578]: DEBUG keystone.server.flask.request_processing.middleware.auth_context [None req-fa8391a5-7a78-45d0-9108-2d74fa9a0712 None admin] Authenticating user token {{(pid=81578) process_request /opt/stack/data/venv/lib/python3.10/site-packages/keystonemiddleware/auth_token/__init__.py:407}}
Nov 20 17:30:42 ubuntu devstack@keystone.service[81577]: DEBUG keystone.auth.core [None req-b9d4b41e-9c43-41c2-a449-19dd19e192f4 None None] MFA Rules not processed for user `b4c72362542143e4bd528d3c949ca331`. Rule list: `[]` (Enabled: `True`). {{(pid=81577) check_auth_methods_against_rules /opt/stack/keystone/keystone/auth/core.py:476}}
Nov 20 17:30:42 ubuntu devstack@keystone.service[81577]: DEBUG keystone.common.fernet_utils [None req-b9d4b41e-9c43-41c2-a449-19dd19e192f4 None None] Loaded 2 Fernet keys from /etc/keystone/fernet-keys/, but `[fernet_tokens] max_active_keys = 3`; perhaps there have not been enough key rotations to reach `max_active_keys` yet? {{(pid=81577) load_keys /opt/stack/keystone/keystone/common/fernet_utils.py:297}}
Nov 20 17:30:42 ubuntu devstack@keystone.service[81578]: DEBUG keystone.server.flask.request_processing.middleware.auth_context [None req-fa8391a5-7a78-45d0-9108-2d74fa9a0712 None admin] Validating token access rules against request {{(pid=81578) validate_allowed_request /opt/stack/data/venv/lib/python3.10/site-packages/keystonemiddleware/auth_token/__init__.py:545}}
Nov 20 17:30:42 ubuntu devstack@keystone.service[81578]: DEBUG keystone.server.flask.request_processing.middleware.auth_context [None req-a21001a0-cd2e-4a70-97d0-b3bc2974f829 None admin] RBAC: auth_context: {'token': <TokenModel (audit_id=Bmo-2DltRX6VBvWpIhEqew, audit_chain_id=['Bmo-2DltRX6VBvWpIhEqew']) at 0x7f87aa34d690>, 'domain_id': None, 'trust_id': None, 'trustor_id': None, 'trustee_id': None, 'domain_name': None, 'group_ids': [], 'user_id': 'b4c72362542143e4bd528d3c949ca331', 'user_domain_id': 'default', 'system_scope': 'all', 'project_id': None, 'project_domain_id': None, 'roles': ['admin', 'manager', 'member', 'reader'], 'is_admin_project': True, 'service_user_id': None, 'service_user_domain_id': None, 'service_project_id': None, 'service_project_domain_id': None, 'service_roles': []} {{(pid=81578) fill_context /opt/stack/keystone/keystone/server/flask/request_processing/middleware/auth_context.py:509}}
Nov 20 17:30:42 ubuntu devstack@keystone.service[81578]: DEBUG keystone.server.flask.request_processing.req_logging [None req-a21001a0-cd2e-4a70-97d0-b3bc2974f829 None admin] REQUEST_METHOD: `GET` {{(pid=81578) log_request_info /opt/stack/keystone/keystone/server/flask/request_processing/req_logging.py:26}}
Nov 20 17:30:42 ubuntu devstack@keystone.service[81578]: DEBUG keystone.server.flask.request_processing.req_logging [None req-a21001a0-cd2e-4a70-97d0-b3bc2974f829 None admin] SCRIPT_NAME: `/identity` {{(pid=81578) log_request_info /opt/stack/keystone/keystone/server/flask/request_processing/req_logging.py:27}}
Nov 20 17:30:42 ubuntu devstack@keystone.service[81578]: DEBUG keystone.server.flask.request_processing.req_logging [None req-a21001a0-cd2e-4a70-97d0-b3bc2974f829 None admin] PATH_INFO: `/v3/domains` {{(pid=81578) log_request_info /opt/stack/keystone/keystone/server/flask/request_processing/req_logging.py:28}}
Nov 20 17:30:42 ubuntu devstack@keystone.service[81578]: DEBUG keystone.common.rbac_enforcer.enforcer [None req-a21001a0-cd2e-4a70-97d0-b3bc2974f829 None admin] RBAC: Adding query filter params (name=Default) {{(pid=81578) _extract_filter_values /opt/stack/keystone/keystone/common/rbac_enforcer/enforcer.py:176}}
Nov 20 17:30:42 ubuntu devstack@keystone.service[81578]: DEBUG keystone.common.rbac_enforcer.enforcer [None req-a21001a0-cd2e-4a70-97d0-b3bc2974f829 None admin] RBAC: Authorizing `identity:list_domains()` {{(pid=81578) enforce_call /opt/stack/keystone/keystone/common/rbac_enforcer/enforcer.py:494}}
Nov 20 17:30:42 ubuntu devstack@keystone.service[81578]: DEBUG keystone.common.rbac_enforcer.enforcer [None req-a21001a0-cd2e-4a70-97d0-b3bc2974f829 None admin] RBAC: Authorization granted {{(pid=81578) enforce_call /opt/stack/keystone/keystone/common/rbac_enforcer/enforcer.py:505}}
Nov 20 17:30:42 ubuntu devstack@keystone.service[81577]: [pid: 81577|app: 0|req: 14/28] 10.201.5.82 () {58 vars in 1016 bytes} [Thu Nov 20 17:30:42 2025] POST /identity/v3/auth/tokens => generated 862 bytes in 72 msecs (HTTP/1.1 201) 6 headers in 363 bytes (1 switches on core 0)
Nov 20 17:30:42 ubuntu devstack@keystone.service[81577]: DEBUG keystone.server.flask.request_processing.middleware.auth_context [None req-b9d4b41e-9c43-41c2-a449-19dd19e192f4 None None] Authenticating user token {{(pid=81577) process_request /opt/stack/data/venv/lib/python3.10/site-packages/keystonemiddleware/auth_token/__init__.py:407}}
Nov 20 17:30:42 ubuntu devstack@keystone.service[81578]: [pid: 81578|app: 0|req: 15/29] 10.201.5.82 () {56 vars in 1101 bytes} [Thu Nov 20 17:30:42 2025] GET /identity/v3/domains?name=Default => generated 308 bytes in 68 msecs (HTTP/1.1 200) 5 headers in 177 bytes (1 switches on core 0)
Nov 20 17:30:42 ubuntu devstack@keystone.service[81578]: DEBUG keystone.server.flask.request_processing.middleware.auth_context [None req-a21001a0-cd2e-4a70-97d0-b3bc2974f829 None admin] Authenticating user token {{(pid=81578) process_request /opt/stack/data/venv/lib/python3.10/site-packages/keystonemiddleware/auth_token/__init__.py:407}}
Nov 20 17:30:42 ubuntu devstack@keystone.service[81577]: DEBUG keystone.server.flask.request_processing.middleware.auth_context [None req-b9d4b41e-9c43-41c2-a449-19dd19e192f4 None None] Validating token access rules against request {{(pid=81577) validate_allowed_request /opt/stack/data/venv/lib/python3.10/site-packages/keystonemiddleware/auth_token/__init__.py:545}}
Nov 20 17:30:42 ubuntu devstack@keystone.service[81578]: DEBUG keystone.server.flask.request_processing.middleware.auth_context [None req-a21001a0-cd2e-4a70-97d0-b3bc2974f829 None admin] Validating token access rules against request {{(pid=81578) validate_allowed_request /opt/stack/data/venv/lib/python3.10/site-packages/keystonemiddleware/auth_token/__init__.py:545}}
Nov 20 17:30:42 ubuntu devstack@keystone.service[81577]: DEBUG keystone.server.flask.request_processing.middleware.auth_context [None req-e98b15b6-8d4c-47cc-a4d4-822407be8e35 None admin] RBAC: auth_context: {'token': <TokenModel (audit_id=CB4sIBVaSKmDHdhLN5aIZQ, audit_chain_id=['CB4sIBVaSKmDHdhLN5aIZQ']) at 0x7f87aaf7fc10>, 'domain_id': None, 'trust_id': None, 'trustor_id': None, 'trustee_id': None, 'domain_name': None, 'group_ids': [], 'user_id': 'b4c72362542143e4bd528d3c949ca331', 'user_domain_id': 'default', 'system_scope': 'all', 'project_id': None, 'project_domain_id': None, 'roles': ['admin', 'manager', 'member', 'reader'], 'is_admin_project': True, 'service_user_id': None, 'service_user_domain_id': None, 'service_project_id': None, 'service_project_domain_id': None, 'service_roles': []} {{(pid=81577) fill_context /opt/stack/keystone/keystone/server/flask/request_processing/middleware/auth_context.py:509}}
Nov 20 17:30:42 ubuntu devstack@keystone.service[81577]: DEBUG keystone.server.flask.request_processing.req_logging [None req-e98b15b6-8d4c-47cc-a4d4-822407be8e35 None admin] REQUEST_METHOD: `GET` {{(pid=81577) log_request_info /opt/stack/keystone/keystone/server/flask/request_processing/req_logging.py:26}}
Nov 20 17:30:42 ubuntu devstack@keystone.service[81577]: DEBUG keystone.server.flask.request_processing.req_logging [None req-e98b15b6-8d4c-47cc-a4d4-822407be8e35 None admin] SCRIPT_NAME: `/identity` {{(pid=81577) log_request_info /opt/stack/keystone/keystone/server/flask/request_processing/req_logging.py:27}}
Nov 20 17:30:42 ubuntu devstack@keystone.service[81577]: DEBUG keystone.server.flask.request_processing.req_logging [None req-e98b15b6-8d4c-47cc-a4d4-822407be8e35 None admin] PATH_INFO: `/v3/roles/admin` {{(pid=81577) log_request_info /opt/stack/keystone/keystone/server/flask/request_processing/req_logging.py:28}}
Nov 20 17:30:42 ubuntu devstack@keystone.service[81577]: DEBUG keystone.common.rbac_enforcer.enforcer [None req-e98b15b6-8d4c-47cc-a4d4-822407be8e35 None admin] Extracting inferred target data resulted in "NOT FOUND (404)". {{(pid=81577) enforce_call /opt/stack/keystone/keystone/common/rbac_enforcer/enforcer.py:445}}
Nov 20 17:30:42 ubuntu devstack@keystone.service[81577]: DEBUG keystone.server.flask.application [None req-e98b15b6-8d4c-47cc-a4d4-822407be8e35 None admin] Could not find role: admin. {{(pid=81577) _handle_keystone_exception /opt/stack/keystone/keystone/server/flask/application.py:146}}
Nov 20 17:30:42 ubuntu devstack@keystone.service[81577]: [pid: 81577|app: 0|req: 15/30] 10.201.5.82 () {56 vars in 1132 bytes} [Thu Nov 20 17:30:42 2025] GET /identity/v3/roles/admin => generated 83 bytes in 61 msecs (HTTP/1.1 404) 5 headers in 183 bytes (1 switches on core 0)
Nov 20 17:30:42 ubuntu devstack@keystone.service[81577]: DEBUG keystone.server.flask.request_processing.middleware.auth_context [None req-e98b15b6-8d4c-47cc-a4d4-822407be8e35 None admin] Authenticating user token {{(pid=81577) process_request /opt/stack/data/venv/lib/python3.10/site-packages/keystonemiddleware/auth_token/__init__.py:407}}
Nov 20 17:30:42 ubuntu devstack@keystone.service[81578]: DEBUG keystone.server.flask.request_processing.middleware.auth_context [None req-9a0dcd7d-a7e9-45e5-ad12-3875cf02a589 None admin] RBAC: auth_context: {'token': <TokenModel (audit_id=Bmo-2DltRX6VBvWpIhEqew, audit_chain_id=['Bmo-2DltRX6VBvWpIhEqew']) at 0x7f87aa220640>, 'domain_id': None, 'trust_id': None, 'trustor_id': None, 'trustee_id': None, 'domain_name': None, 'group_ids': [], 'user_id': 'b4c72362542143e4bd528d3c949ca331', 'user_domain_id': 'default', 'system_scope': 'all', 'project_id': None, 'project_domain_id': None, 'roles': ['admin', 'manager', 'member', 'reader'], 'is_admin_project': True, 'service_user_id': None, 'service_user_domain_id': None, 'service_project_id': None, 'service_project_domain_id': None, 'service_roles': []} {{(pid=81578) fill_context /opt/stack/keystone/keystone/server/flask/request_processing/middleware/auth_context.py:509}}
Nov 20 17:30:42 ubuntu devstack@keystone.service[81578]: DEBUG keystone.server.flask.request_processing.req_logging [None req-9a0dcd7d-a7e9-45e5-ad12-3875cf02a589 None admin] REQUEST_METHOD: `POST` {{(pid=81578) log_request_info /opt/stack/keystone/keystone/server/flask/request_processing/req_logging.py:26}}
Nov 20 17:30:42 ubuntu devstack@keystone.service[81578]: DEBUG keystone.server.flask.request_processing.req_logging [None req-9a0dcd7d-a7e9-45e5-ad12-3875cf02a589 None admin] SCRIPT_NAME: `/identity` {{(pid=81578) log_request_info /opt/stack/keystone/keystone/server/flask/request_processing/req_logging.py:27}}
Nov 20 17:30:42 ubuntu devstack@keystone.service[81578]: DEBUG keystone.server.flask.request_processing.req_logging [None req-9a0dcd7d-a7e9-45e5-ad12-3875cf02a589 None admin] PATH_INFO: `/v3/projects` {{(pid=81578) log_request_info /opt/stack/keystone/keystone/server/flask/request_processing/req_logging.py:28}}
Nov 20 17:30:42 ubuntu devstack@keystone.service[81578]: DEBUG keystone.common.rbac_enforcer.enforcer [None req-9a0dcd7d-a7e9-45e5-ad12-3875cf02a589 None admin] RBAC: Authorizing `identity:create_project()` {{(pid=81578) enforce_call /opt/stack/keystone/keystone/common/rbac_enforcer/enforcer.py:494}}
Nov 20 17:30:42 ubuntu devstack@keystone.service[81578]: DEBUG keystone.common.rbac_enforcer.enforcer [None req-9a0dcd7d-a7e9-45e5-ad12-3875cf02a589 None admin] RBAC: Authorization granted {{(pid=81578) enforce_call /opt/stack/keystone/keystone/common/rbac_enforcer/enforcer.py:505}}
Nov 20 17:30:42 ubuntu devstack@keystone.service[81577]: DEBUG keystone.server.flask.request_processing.middleware.auth_context [None req-e98b15b6-8d4c-47cc-a4d4-822407be8e35 None admin] Validating token access rules against request {{(pid=81577) validate_allowed_request /opt/stack/data/venv/lib/python3.10/site-packages/keystonemiddleware/auth_token/__init__.py:545}}
Nov 20 17:30:42 ubuntu devstack@keystone.service[81577]: DEBUG keystone.server.flask.request_processing.middleware.auth_context [None req-72003325-1db8-479b-97a1-ea49c4d91c42 None admin] RBAC: auth_context: {'token': <TokenModel (audit_id=CB4sIBVaSKmDHdhLN5aIZQ, audit_chain_id=['CB4sIBVaSKmDHdhLN5aIZQ']) at 0x7f87aaf58550>, 'domain_id': None, 'trust_id': None, 'trustor_id': None, 'trustee_id': None, 'domain_name': None, 'group_ids': [], 'user_id': 'b4c72362542143e4bd528d3c949ca331', 'user_domain_id': 'default', 'system_scope': 'all', 'project_id': None, 'project_domain_id': None, 'roles': ['admin', 'manager', 'member', 'reader'], 'is_admin_project': True, 'service_user_id': None, 'service_user_domain_id': None, 'service_project_id': None, 'service_project_domain_id': None, 'service_roles': []} {{(pid=81577) fill_context /opt/stack/keystone/keystone/server/flask/request_processing/middleware/auth_context.py:509}}
Nov 20 17:30:42 ubuntu devstack@keystone.service[81577]: DEBUG keystone.server.flask.request_processing.req_logging [None req-72003325-1db8-479b-97a1-ea49c4d91c42 None admin] REQUEST_METHOD: `GET` {{(pid=81577) log_request_info /opt/stack/keystone/keystone/server/flask/request_processing/req_logging.py:26}}
Nov 20 17:30:42 ubuntu devstack@keystone.service[81577]: DEBUG keystone.server.flask.request_processing.req_logging [None req-72003325-1db8-479b-97a1-ea49c4d91c42 None admin] SCRIPT_NAME: `/identity` {{(pid=81577) log_request_info /opt/stack/keystone/keystone/server/flask/request_processing/req_logging.py:27}}
Nov 20 17:30:42 ubuntu devstack@keystone.service[81577]: DEBUG keystone.server.flask.request_processing.req_logging [None req-72003325-1db8-479b-97a1-ea49c4d91c42 None admin] PATH_INFO: `/v3/roles` {{(pid=81577) log_request_info /opt/stack/keystone/keystone/server/flask/request_processing/req_logging.py:28}}
Nov 20 17:30:42 ubuntu devstack@keystone.service[81577]: DEBUG keystone.common.rbac_enforcer.enforcer [None req-72003325-1db8-479b-97a1-ea49c4d91c42 None admin] RBAC: Adding query filter params (name=admin) {{(pid=81577) _extract_filter_values /opt/stack/keystone/keystone/common/rbac_enforcer/enforcer.py:176}}
Nov 20 17:30:42 ubuntu devstack@keystone.service[81577]: DEBUG keystone.common.rbac_enforcer.enforcer [None req-72003325-1db8-479b-97a1-ea49c4d91c42 None admin] RBAC: Authorizing `identity:list_roles()` {{(pid=81577) enforce_call /opt/stack/keystone/keystone/common/rbac_enforcer/enforcer.py:494}}
Nov 20 17:30:42 ubuntu devstack@keystone.service[81577]: DEBUG keystone.common.rbac_enforcer.enforcer [None req-72003325-1db8-479b-97a1-ea49c4d91c42 None admin] RBAC: Authorization granted {{(pid=81577) enforce_call /opt/stack/keystone/keystone/common/rbac_enforcer/enforcer.py:505}}
Nov 20 17:30:42 ubuntu devstack@keystone.service[81577]: [pid: 81577|app: 0|req: 16/31] 10.201.5.82 () {56 vars in 1148 bytes} [Thu Nov 20 17:30:42 2025] GET /identity/v3/roles?name=admin => generated 339 bytes in 58 msecs (HTTP/1.1 200) 5 headers in 177 bytes (1 switches on core 0)
Nov 20 17:30:42 ubuntu devstack@keystone.service[81577]: DEBUG keystone.server.flask.request_processing.middleware.auth_context [None req-72003325-1db8-479b-97a1-ea49c4d91c42 None admin] Authenticating user token {{(pid=81577) process_request /opt/stack/data/venv/lib/python3.10/site-packages/keystonemiddleware/auth_token/__init__.py:407}}
Nov 20 17:30:42 ubuntu devstack@keystone.service[81578]: [pid: 81578|app: 0|req: 16/32] 10.201.5.82 () {60 vars in 1133 bytes} [Thu Nov 20 17:30:42 2025] POST /identity/v3/projects => generated 301 bytes in 142 msecs (HTTP/1.1 201) 5 headers in 182 bytes (2 switches on core 0)
Nov 20 17:30:42 ubuntu devstack@keystone.service[81578]: DEBUG keystone.server.flask.request_processing.req_logging [None req-042e188c-7abc-48e7-882c-6710d64cdc7e None None] REQUEST_METHOD: `GET` {{(pid=81578) log_request_info /opt/stack/keystone/keystone/server/flask/request_processing/req_logging.py:26}}
Nov 20 17:30:42 ubuntu devstack@keystone.service[81578]: DEBUG keystone.server.flask.request_processing.req_logging [None req-042e188c-7abc-48e7-882c-6710d64cdc7e None None] SCRIPT_NAME: `/identity` {{(pid=81578) log_request_info /opt/stack/keystone/keystone/server/flask/request_processing/req_logging.py:27}}
Nov 20 17:30:42 ubuntu devstack@keystone.service[81578]: DEBUG keystone.server.flask.request_processing.req_logging [None req-042e188c-7abc-48e7-882c-6710d64cdc7e None None] PATH_INFO: `/` {{(pid=81578) log_request_info /opt/stack/keystone/keystone/server/flask/request_processing/req_logging.py:28}}
Nov 20 17:30:42 ubuntu devstack@keystone.service[81578]: [pid: 81578|app: 0|req: 17/33] 10.201.5.82 () {54 vars in 919 bytes} [Thu Nov 20 17:30:42 2025] GET /identity => generated 270 bytes in 2 msecs (HTTP/1.1 300) 6 headers in 234 bytes (1 switches on core 0)
Nov 20 17:30:42 ubuntu devstack@keystone.service[81577]: DEBUG keystone.server.flask.request_processing.middleware.auth_context [None req-72003325-1db8-479b-97a1-ea49c4d91c42 None admin] Validating token access rules against request {{(pid=81577) validate_allowed_request /opt/stack/data/venv/lib/python3.10/site-packages/keystonemiddleware/auth_token/__init__.py:545}}
Nov 20 17:30:42 ubuntu devstack@keystone.service[81578]: DEBUG keystone.server.flask.request_processing.req_logging [None req-6c92958e-f5b9-40de-8cd3-a12e3fc0b9e0 None None] REQUEST_METHOD: `POST` {{(pid=81578) log_request_info /opt/stack/keystone/keystone/server/flask/request_processing/req_logging.py:26}}
Nov 20 17:30:42 ubuntu devstack@keystone.service[81578]: DEBUG keystone.server.flask.request_processing.req_logging [None req-6c92958e-f5b9-40de-8cd3-a12e3fc0b9e0 None None] SCRIPT_NAME: `/identity` {{(pid=81578) log_request_info /opt/stack/keystone/keystone/server/flask/request_processing/req_logging.py:27}}
Nov 20 17:30:42 ubuntu devstack@keystone.service[81578]: DEBUG keystone.server.flask.request_processing.req_logging [None req-6c92958e-f5b9-40de-8cd3-a12e3fc0b9e0 None None] PATH_INFO: `/v3/auth/tokens` {{(pid=81578) log_request_info /opt/stack/keystone/keystone/server/flask/request_processing/req_logging.py:28}}
Nov 20 17:30:42 ubuntu devstack@keystone.service[81578]: WARNING keystone.common.password_hashing [None req-6c92958e-f5b9-40de-8cd3-a12e3fc0b9e0 None None] Truncating password to algorithm specific maximum length 72 characters.
Nov 20 17:30:42 ubuntu devstack@keystone.service[81578]: DEBUG keystone.auth.core [None req-6c92958e-f5b9-40de-8cd3-a12e3fc0b9e0 None None] MFA Rules not processed for user `b4c72362542143e4bd528d3c949ca331`. Rule list: `[]` (Enabled: `True`). {{(pid=81578) check_auth_methods_against_rules /opt/stack/keystone/keystone/auth/core.py:476}}
Nov 20 17:30:42 ubuntu devstack@keystone.service[81577]: DEBUG keystone.server.flask.request_processing.middleware.auth_context [None req-8544f66a-2454-4de0-a326-65078c4a913d None admin] RBAC: auth_context: {'token': <TokenModel (audit_id=CB4sIBVaSKmDHdhLN5aIZQ, audit_chain_id=['CB4sIBVaSKmDHdhLN5aIZQ']) at 0x7f87a9fa8280>, 'domain_id': None, 'trust_id': None, 'trustor_id': None, 'trustee_id': None, 'domain_name': None, 'group_ids': [], 'user_id': 'b4c72362542143e4bd528d3c949ca331', 'user_domain_id': 'default', 'system_scope': 'all', 'project_id': None, 'project_domain_id': None, 'roles': ['admin', 'manager', 'member', 'reader'], 'is_admin_project': True, 'service_user_id': None, 'service_user_domain_id': None, 'service_project_id': None, 'service_project_domain_id': None, 'service_roles': []} {{(pid=81577) fill_context /opt/stack/keystone/keystone/server/flask/request_processing/middleware/auth_context.py:509}}
Nov 20 17:30:42 ubuntu devstack@keystone.service[81577]: DEBUG keystone.server.flask.request_processing.req_logging [None req-8544f66a-2454-4de0-a326-65078c4a913d None admin] REQUEST_METHOD: `GET` {{(pid=81577) log_request_info /opt/stack/keystone/keystone/server/flask/request_processing/req_logging.py:26}}
Nov 20 17:30:42 ubuntu devstack@keystone.service[81577]: DEBUG keystone.server.flask.request_processing.req_logging [None req-8544f66a-2454-4de0-a326-65078c4a913d None admin] SCRIPT_NAME: `/identity` {{(pid=81577) log_request_info /opt/stack/keystone/keystone/server/flask/request_processing/req_logging.py:27}}
Nov 20 17:30:42 ubuntu devstack@keystone.service[81577]: DEBUG keystone.server.flask.request_processing.req_logging [None req-8544f66a-2454-4de0-a326-65078c4a913d None admin] PATH_INFO: `/v3/users/b4c72362542143e4bd528d3c949ca331` {{(pid=81577) log_request_info /opt/stack/keystone/keystone/server/flask/request_processing/req_logging.py:28}}
Nov 20 17:30:42 ubuntu devstack@keystone.service[81578]: DEBUG keystone.common.fernet_utils [None req-6c92958e-f5b9-40de-8cd3-a12e3fc0b9e0 None None] Loaded 2 Fernet keys from /etc/keystone/fernet-keys/, but `[fernet_tokens] max_active_keys = 3`; perhaps there have not been enough key rotations to reach `max_active_keys` yet? {{(pid=81578) load_keys /opt/stack/keystone/keystone/common/fernet_utils.py:297}}
Nov 20 17:30:42 ubuntu devstack@keystone.service[81577]: DEBUG keystone.common.rbac_enforcer.enforcer [None req-8544f66a-2454-4de0-a326-65078c4a913d None admin] RBAC: Authorizing `identity:get_user(user_id=b4c72362542143e4bd528d3c949ca331)` {{(pid=81577) enforce_call /opt/stack/keystone/keystone/common/rbac_enforcer/enforcer.py:494}}
Nov 20 17:30:42 ubuntu devstack@keystone.service[81577]: DEBUG keystone.common.rbac_enforcer.enforcer [None req-8544f66a-2454-4de0-a326-65078c4a913d None admin] RBAC: Authorization granted {{(pid=81577) enforce_call /opt/stack/keystone/keystone/common/rbac_enforcer/enforcer.py:505}}
Nov 20 17:30:42 ubuntu devstack@keystone.service[81577]: [pid: 81577|app: 0|req: 17/34] 10.201.5.82 () {56 vars in 1213 bytes} [Thu Nov 20 17:30:42 2025] GET /identity/v3/users/b4c72362542143e4bd528d3c949ca331 => generated 247 bytes in 52 msecs (HTTP/1.1 200) 5 headers in 177 bytes (2 switches on core 0)
Nov 20 17:30:42 ubuntu devstack@keystone.service[81577]: DEBUG keystone.server.flask.request_processing.middleware.auth_context [None req-8544f66a-2454-4de0-a326-65078c4a913d None admin] Authenticating user token {{(pid=81577) process_request /opt/stack/data/venv/lib/python3.10/site-packages/keystonemiddleware/auth_token/__init__.py:407}}
Nov 20 17:30:42 ubuntu devstack@keystone.service[81577]: DEBUG keystone.server.flask.request_processing.middleware.auth_context [None req-8544f66a-2454-4de0-a326-65078c4a913d None admin] Validating token access rules against request {{(pid=81577) validate_allowed_request /opt/stack/data/venv/lib/python3.10/site-packages/keystonemiddleware/auth_token/__init__.py:545}}
Nov 20 17:30:42 ubuntu devstack@keystone.service[81578]: [pid: 81578|app: 0|req: 18/35] 10.201.5.82 () {58 vars in 1016 bytes} [Thu Nov 20 17:30:42 2025] POST /identity/v3/auth/tokens => generated 862 bytes in 59 msecs (HTTP/1.1 201) 6 headers in 363 bytes (2 switches on core 0)
Nov 20 17:30:42 ubuntu devstack@keystone.service[81577]: DEBUG keystone.server.flask.request_processing.middleware.auth_context [None req-76b1d943-8b37-41a6-82c7-4c8d3c1ffe14 None admin] RBAC: auth_context: {'token': <TokenModel (audit_id=CB4sIBVaSKmDHdhLN5aIZQ, audit_chain_id=['CB4sIBVaSKmDHdhLN5aIZQ']) at 0x7f87aa038dc0>, 'domain_id': None, 'trust_id': None, 'trustor_id': None, 'trustee_id': None, 'domain_name': None, 'group_ids': [], 'user_id': 'b4c72362542143e4bd528d3c949ca331', 'user_domain_id': 'default', 'system_scope': 'all', 'project_id': None, 'project_domain_id': None, 'roles': ['admin', 'manager', 'member', 'reader'], 'is_admin_project': True, 'service_user_id': None, 'service_user_domain_id': None, 'service_project_id': None, 'service_project_domain_id': None, 'service_roles': []} {{(pid=81577) fill_context /opt/stack/keystone/keystone/server/flask/request_processing/middleware/auth_context.py:509}}
Nov 20 17:30:42 ubuntu devstack@keystone.service[81577]: DEBUG keystone.server.flask.request_processing.req_logging [None req-76b1d943-8b37-41a6-82c7-4c8d3c1ffe14 None admin] REQUEST_METHOD: `GET` {{(pid=81577) log_request_info /opt/stack/keystone/keystone/server/flask/request_processing/req_logging.py:26}}
Nov 20 17:30:42 ubuntu devstack@keystone.service[81577]: DEBUG keystone.server.flask.request_processing.req_logging [None req-76b1d943-8b37-41a6-82c7-4c8d3c1ffe14 None admin] SCRIPT_NAME: `/identity` {{(pid=81577) log_request_info /opt/stack/keystone/keystone/server/flask/request_processing/req_logging.py:27}}
Nov 20 17:30:42 ubuntu devstack@keystone.service[81577]: DEBUG keystone.server.flask.request_processing.req_logging [None req-76b1d943-8b37-41a6-82c7-4c8d3c1ffe14 None admin] PATH_INFO: `/v3/domains/default` {{(pid=81577) log_request_info /opt/stack/keystone/keystone/server/flask/request_processing/req_logging.py:28}}
Nov 20 17:30:42 ubuntu devstack@keystone.service[81577]: DEBUG keystone.common.rbac_enforcer.enforcer [None req-76b1d943-8b37-41a6-82c7-4c8d3c1ffe14 None admin] RBAC: Authorizing `identity:get_domain(domain_id=default)` {{(pid=81577) enforce_call /opt/stack/keystone/keystone/common/rbac_enforcer/enforcer.py:494}}
Nov 20 17:30:42 ubuntu devstack@keystone.service[81577]: DEBUG keystone.common.rbac_enforcer.enforcer [None req-76b1d943-8b37-41a6-82c7-4c8d3c1ffe14 None admin] RBAC: Authorization granted {{(pid=81577) enforce_call /opt/stack/keystone/keystone/common/rbac_enforcer/enforcer.py:505}}
Nov 20 17:30:42 ubuntu devstack@keystone.service[81577]: [pid: 81577|app: 0|req: 18/36] 10.201.5.82 () {56 vars in 1144 bytes} [Thu Nov 20 17:30:42 2025] GET /identity/v3/domains/default => generated 199 bytes in 54 msecs (HTTP/1.1 200) 5 headers in 177 bytes (2 switches on core 0)
Nov 20 17:30:42 ubuntu devstack@keystone.service[81578]: DEBUG keystone.server.flask.request_processing.middleware.auth_context [None req-6c92958e-f5b9-40de-8cd3-a12e3fc0b9e0 None None] Authenticating user token {{(pid=81578) process_request /opt/stack/data/venv/lib/python3.10/site-packages/keystonemiddleware/auth_token/__init__.py:407}}
Nov 20 17:30:42 ubuntu devstack@keystone.service[81577]: DEBUG keystone.server.flask.request_processing.middleware.auth_context [None req-76b1d943-8b37-41a6-82c7-4c8d3c1ffe14 None admin] Authenticating user token {{(pid=81577) process_request /opt/stack/data/venv/lib/python3.10/site-packages/keystonemiddleware/auth_token/__init__.py:407}}
Nov 20 17:30:42 ubuntu devstack@keystone.service[81578]: DEBUG keystone.server.flask.request_processing.middleware.auth_context [None req-6c92958e-f5b9-40de-8cd3-a12e3fc0b9e0 None None] Validating token access rules against request {{(pid=81578) validate_allowed_request /opt/stack/data/venv/lib/python3.10/site-packages/keystonemiddleware/auth_token/__init__.py:545}}
Nov 20 17:30:42 ubuntu devstack@keystone.service[81577]: DEBUG keystone.server.flask.request_processing.middleware.auth_context [None req-76b1d943-8b37-41a6-82c7-4c8d3c1ffe14 None admin] Validating token access rules against request {{(pid=81577) validate_allowed_request /opt/stack/data/venv/lib/python3.10/site-packages/keystonemiddleware/auth_token/__init__.py:545}}
Nov 20 17:30:42 ubuntu devstack@keystone.service[81578]: DEBUG keystone.server.flask.request_processing.middleware.auth_context [None req-3b0148d5-1c9a-46c8-8f1a-6887e1ec4cc3 None admin] RBAC: auth_context: {'token': <TokenModel (audit_id=CB4sIBVaSKmDHdhLN5aIZQ, audit_chain_id=['CB4sIBVaSKmDHdhLN5aIZQ']) at 0x7f87a9d09a20>, 'domain_id': None, 'trust_id': None, 'trustor_id': None, 'trustee_id': None, 'domain_name': None, 'group_ids': [], 'user_id': 'b4c72362542143e4bd528d3c949ca331', 'user_domain_id': 'default', 'system_scope': 'all', 'project_id': None, 'project_domain_id': None, 'roles': ['admin', 'manager', 'member', 'reader'], 'is_admin_project': True, 'service_user_id': None, 'service_user_domain_id': None, 'service_project_id': None, 'service_project_domain_id': None, 'service_roles': []} {{(pid=81578) fill_context /opt/stack/keystone/keystone/server/flask/request_processing/middleware/auth_context.py:509}}
Nov 20 17:30:42 ubuntu devstack@keystone.service[81578]: DEBUG keystone.server.flask.request_processing.req_logging [None req-3b0148d5-1c9a-46c8-8f1a-6887e1ec4cc3 None admin] REQUEST_METHOD: `GET` {{(pid=81578) log_request_info /opt/stack/keystone/keystone/server/flask/request_processing/req_logging.py:26}}
Nov 20 17:30:42 ubuntu devstack@keystone.service[81578]: DEBUG keystone.server.flask.request_processing.req_logging [None req-3b0148d5-1c9a-46c8-8f1a-6887e1ec4cc3 None admin] SCRIPT_NAME: `/identity` {{(pid=81578) log_request_info /opt/stack/keystone/keystone/server/flask/request_processing/req_logging.py:27}}
Nov 20 17:30:42 ubuntu devstack@keystone.service[81578]: DEBUG keystone.server.flask.request_processing.req_logging [None req-3b0148d5-1c9a-46c8-8f1a-6887e1ec4cc3 None admin] PATH_INFO: `/v3/role_assignments` {{(pid=81578) log_request_info /opt/stack/keystone/keystone/server/flask/request_processing/req_logging.py:28}}
Nov 20 17:30:42 ubuntu devstack@keystone.service[81578]: DEBUG keystone.common.rbac_enforcer.enforcer [None req-3b0148d5-1c9a-46c8-8f1a-6887e1ec4cc3 None admin] RBAC: Adding query filter params (role.id=ae764005bcfc45e88de845cd0c838d39, scope.domain.id=default, user.id=b4c72362542143e4bd528d3c949ca331) {{(pid=81578) _extract_filter_values /opt/stack/keystone/keystone/common/rbac_enforcer/enforcer.py:176}}
Nov 20 17:30:42 ubuntu devstack@keystone.service[81578]: DEBUG keystone.common.rbac_enforcer.enforcer [None req-3b0148d5-1c9a-46c8-8f1a-6887e1ec4cc3 None admin] RBAC: Authorizing `identity:list_role_assignments()` {{(pid=81578) enforce_call /opt/stack/keystone/keystone/common/rbac_enforcer/enforcer.py:494}}
Nov 20 17:30:42 ubuntu devstack@keystone.service[81578]: DEBUG keystone.common.rbac_enforcer.enforcer [None req-3b0148d5-1c9a-46c8-8f1a-6887e1ec4cc3 None admin] RBAC: Authorization granted {{(pid=81578) enforce_call /opt/stack/keystone/keystone/common/rbac_enforcer/enforcer.py:505}}
Nov 20 17:30:42 ubuntu devstack@keystone.service[81578]: [pid: 81578|app: 0|req: 19/37] 10.201.5.82 () {56 vars in 1371 bytes} [Thu Nov 20 17:30:42 2025] GET /identity/v3/role_assignments?role.id=ae764005bcfc45e88de845cd0c838d39&scope.domain.id=default&user.id=b4c72362542143e4bd528d3c949ca331 => generated 530 bytes in 70 msecs (HTTP/1.1 200) 5 headers in 177 bytes (1 switches on core 0)
Nov 20 17:30:42 ubuntu devstack@keystone.service[81577]: DEBUG keystone.server.flask.request_processing.middleware.auth_context [None req-7f6d1ec2-2a9b-4696-a467-a56c97ac60ae None admin] RBAC: auth_context: {'token': <TokenModel (audit_id=5VYk_cc7RM2xx4kXjFcDNg, audit_chain_id=['5VYk_cc7RM2xx4kXjFcDNg']) at 0x7f87a9fab1c0>, 'domain_id': None, 'trust_id': None, 'trustor_id': None, 'trustee_id': None, 'domain_name': None, 'group_ids': [], 'user_id': 'b4c72362542143e4bd528d3c949ca331', 'user_domain_id': 'default', 'system_scope': 'all', 'project_id': None, 'project_domain_id': None, 'roles': ['admin', 'manager', 'member', 'reader'], 'is_admin_project': True, 'service_user_id': None, 'service_user_domain_id': None, 'service_project_id': None, 'service_project_domain_id': None, 'service_roles': []} {{(pid=81577) fill_context /opt/stack/keystone/keystone/server/flask/request_processing/middleware/auth_context.py:509}}
Nov 20 17:30:42 ubuntu devstack@keystone.service[81577]: DEBUG keystone.server.flask.request_processing.req_logging [None req-7f6d1ec2-2a9b-4696-a467-a56c97ac60ae None admin] REQUEST_METHOD: `POST` {{(pid=81577) log_request_info /opt/stack/keystone/keystone/server/flask/request_processing/req_logging.py:26}}
Nov 20 17:30:42 ubuntu devstack@keystone.service[81577]: DEBUG keystone.server.flask.request_processing.req_logging [None req-7f6d1ec2-2a9b-4696-a467-a56c97ac60ae None admin] SCRIPT_NAME: `/identity` {{(pid=81577) log_request_info /opt/stack/keystone/keystone/server/flask/request_processing/req_logging.py:27}}
Nov 20 17:30:42 ubuntu devstack@keystone.service[81577]: DEBUG keystone.server.flask.request_processing.req_logging [None req-7f6d1ec2-2a9b-4696-a467-a56c97ac60ae None admin] PATH_INFO: `/v3/roles` {{(pid=81577) log_request_info /opt/stack/keystone/keystone/server/flask/request_processing/req_logging.py:28}}
Nov 20 17:30:42 ubuntu devstack@keystone.service[81577]: DEBUG keystone.common.rbac_enforcer.enforcer [None req-7f6d1ec2-2a9b-4696-a467-a56c97ac60ae None admin] RBAC: Authorizing `identity:create_role()` {{(pid=81577) enforce_call /opt/stack/keystone/keystone/common/rbac_enforcer/enforcer.py:494}}
Nov 20 17:30:42 ubuntu devstack@keystone.service[81577]: DEBUG keystone.common.rbac_enforcer.enforcer [None req-7f6d1ec2-2a9b-4696-a467-a56c97ac60ae None admin] RBAC: Authorization granted {{(pid=81577) enforce_call /opt/stack/keystone/keystone/common/rbac_enforcer/enforcer.py:505}}
Nov 20 17:30:42 ubuntu devstack@keystone.service[81577]: DEBUG keystone.common.sql.core [None req-7f6d1ec2-2a9b-4696-a467-a56c97ac60ae None admin] Conflict role: (pymysql.err.IntegrityError) (1062, "Duplicate entry 'service-<<null>>' for key 'role.ixu_role_name_domain_id'")
Nov 20 17:30:42 ubuntu devstack@keystone.service[81577]: [SQL: INSERT INTO `role` (id, name, description, extra) VALUES (%(id)s, %(name)s, %(description)s, %(extra)s)]
Nov 20 17:30:42 ubuntu devstack@keystone.service[81577]: [parameters: {'id': 'bc42d25ae68d4b51bf2d502346410d88', 'name': 'service', 'description': None, 'extra': '{}'}]
Nov 20 17:30:42 ubuntu devstack@keystone.service[81577]: (Background on this error at: https://sqlalche.me/e/20/gkpj) {{(pid=81577) wrapper /opt/stack/keystone/keystone/common/sql/core.py:580}}
Nov 20 17:30:42 ubuntu devstack@keystone.service[81577]: ERROR keystone.server.flask.application [None req-7f6d1ec2-2a9b-4696-a467-a56c97ac60ae None admin] Conflict occurred attempting to store role - Duplicate entry found with name service.: keystone.exception.Conflict: Conflict occurred attempting to store role - Duplicate entry found with name service.
Nov 20 17:30:42 ubuntu devstack@keystone.service[81577]: ERROR keystone.server.flask.application Traceback (most recent call last):
Nov 20 17:30:42 ubuntu devstack@keystone.service[81577]: ERROR keystone.server.flask.application   File "/opt/stack/data/venv/lib/python3.10/site-packages/sqlalchemy/engine/base.py", line 1967, in _exec_single_context
Nov 20 17:30:42 ubuntu devstack@keystone.service[81577]: ERROR keystone.server.flask.application     self.dialect.do_execute(
Nov 20 17:30:42 ubuntu devstack@keystone.service[81577]: ERROR keystone.server.flask.application   File "/opt/stack/data/venv/lib/python3.10/site-packages/sqlalchemy/engine/default.py", line 951, in do_execute
Nov 20 17:30:42 ubuntu devstack@keystone.service[81577]: ERROR keystone.server.flask.application     cursor.execute(statement, parameters)
Nov 20 17:30:42 ubuntu devstack@keystone.service[81577]: ERROR keystone.server.flask.application   File "/opt/stack/data/venv/lib/python3.10/site-packages/pymysql/cursors.py", line 153, in execute
Nov 20 17:30:42 ubuntu devstack@keystone.service[81577]: ERROR keystone.server.flask.application     result = self._query(query)
Nov 20 17:30:42 ubuntu devstack@keystone.service[81577]: ERROR keystone.server.flask.application   File "/opt/stack/data/venv/lib/python3.10/site-packages/pymysql/cursors.py", line 322, in _query
Nov 20 17:30:42 ubuntu devstack@keystone.service[81577]: ERROR keystone.server.flask.application     conn.query(q)
Nov 20 17:30:42 ubuntu devstack@keystone.service[81577]: ERROR keystone.server.flask.application   File "/opt/stack/data/venv/lib/python3.10/site-packages/pymysql/connections.py", line 575, in query
Nov 20 17:30:42 ubuntu devstack@keystone.service[81577]: ERROR keystone.server.flask.application     self._affected_rows = self._read_query_result(unbuffered=unbuffered)
Nov 20 17:30:42 ubuntu devstack@keystone.service[81577]: ERROR keystone.server.flask.application   File "/opt/stack/data/venv/lib/python3.10/site-packages/pymysql/connections.py", line 826, in _read_query_result
Nov 20 17:30:42 ubuntu devstack@keystone.service[81577]: ERROR keystone.server.flask.application     result.read()
Nov 20 17:30:42 ubuntu devstack@keystone.service[81577]: ERROR keystone.server.flask.application   File "/opt/stack/data/venv/lib/python3.10/site-packages/pymysql/connections.py", line 1203, in read
Nov 20 17:30:42 ubuntu devstack@keystone.service[81577]: ERROR keystone.server.flask.application     first_packet = self.connection._read_packet()
Nov 20 17:30:42 ubuntu devstack@keystone.service[81577]: ERROR keystone.server.flask.application   File "/opt/stack/data/venv/lib/python3.10/site-packages/pymysql/connections.py", line 782, in _read_packet
Nov 20 17:30:42 ubuntu devstack@keystone.service[81577]: ERROR keystone.server.flask.application     packet.raise_for_error()
Nov 20 17:30:42 ubuntu devstack@keystone.service[81577]: ERROR keystone.server.flask.application   File "/opt/stack/data/venv/lib/python3.10/site-packages/pymysql/protocol.py", line 219, in raise_for_error
Nov 20 17:30:42 ubuntu devstack@keystone.service[81577]: ERROR keystone.server.flask.application     err.raise_mysql_exception(self._data)
Nov 20 17:30:42 ubuntu devstack@keystone.service[81577]: ERROR keystone.server.flask.application   File "/opt/stack/data/venv/lib/python3.10/site-packages/pymysql/err.py", line 150, in raise_mysql_exception
Nov 20 17:30:42 ubuntu devstack@keystone.service[81577]: ERROR keystone.server.flask.application     raise errorclass(errno, errval)
Nov 20 17:30:42 ubuntu devstack@keystone.service[81577]: ERROR keystone.server.flask.application pymysql.err.IntegrityError: (1062, "Duplicate entry 'service-<<null>>' for key 'role.ixu_role_name_domain_id'")
Nov 20 17:30:42 ubuntu devstack@keystone.service[81577]: ERROR keystone.server.flask.application 
Nov 20 17:30:42 ubuntu devstack@keystone.service[81577]: ERROR keystone.server.flask.application The above exception was the direct cause of the following exception:
Nov 20 17:30:42 ubuntu devstack@keystone.service[81577]: ERROR keystone.server.flask.application 
Nov 20 17:30:42 ubuntu devstack@keystone.service[81577]: ERROR keystone.server.flask.application Traceback (most recent call last):
Nov 20 17:30:42 ubuntu devstack@keystone.service[81577]: ERROR keystone.server.flask.application   File "/opt/stack/keystone/keystone/common/sql/core.py", line 575, in wrapper
Nov 20 17:30:42 ubuntu devstack@keystone.service[81577]: ERROR keystone.server.flask.application     return method(*args, **kwargs)
Nov 20 17:30:42 ubuntu devstack@keystone.service[81577]: ERROR keystone.server.flask.application   File "/opt/stack/keystone/keystone/assignment/role_backends/sql.py", line 25, in create_role
Nov 20 17:30:42 ubuntu devstack@keystone.service[81577]: ERROR keystone.server.flask.application     with sql.session_for_write() as session:
Nov 20 17:30:42 ubuntu devstack@keystone.service[81577]: ERROR keystone.server.flask.application   File "/usr/lib/python3.10/contextlib.py", line 142, in __exit__
Nov 20 17:30:42 ubuntu devstack@keystone.service[81577]: ERROR keystone.server.flask.application     next(self.gen)
Nov 20 17:30:42 ubuntu devstack@keystone.service[81577]: ERROR keystone.server.flask.application   File "/opt/stack/data/venv/lib/python3.10/site-packages/oslo_db/sqlalchemy/enginefacade.py", line 1199, in _transaction_scope
Nov 20 17:30:42 ubuntu devstack@keystone.service[81577]: ERROR keystone.server.flask.application     with current._produce_block(
Nov 20 17:30:42 ubuntu devstack@keystone.service[81577]: ERROR keystone.server.flask.application   File "/usr/lib/python3.10/contextlib.py", line 142, in __exit__
Nov 20 17:30:42 ubuntu devstack@keystone.service[81577]: ERROR keystone.server.flask.application     next(self.gen)
Nov 20 17:30:42 ubuntu devstack@keystone.service[81577]: ERROR keystone.server.flask.application   File "/opt/stack/data/venv/lib/python3.10/site-packages/oslo_db/sqlalchemy/enginefacade.py", line 850, in _session
Nov 20 17:30:42 ubuntu devstack@keystone.service[81577]: ERROR keystone.server.flask.application     with excutils.save_and_reraise_exception():
Nov 20 17:30:42 ubuntu devstack@keystone.service[81577]: ERROR keystone.server.flask.application   File "/opt/stack/data/venv/lib/python3.10/site-packages/oslo_utils/excutils.py", line 227, in __exit__
Nov 20 17:30:42 ubuntu devstack@keystone.service[81577]: ERROR keystone.server.flask.application     self.force_reraise()
Nov 20 17:30:42 ubuntu devstack@keystone.service[81577]: ERROR keystone.server.flask.application   File "/opt/stack/data/venv/lib/python3.10/site-packages/oslo_utils/excutils.py", line 200, in force_reraise
Nov 20 17:30:42 ubuntu devstack@keystone.service[81577]: ERROR keystone.server.flask.application     raise self.value
Nov 20 17:30:42 ubuntu devstack@keystone.service[81577]: ERROR keystone.server.flask.application   File "/opt/stack/data/venv/lib/python3.10/site-packages/oslo_db/sqlalchemy/enginefacade.py", line 848, in _session
