Nov 13 00:01:10 ubuntu devstack@keystone.service[81556]: DEBUG keystone.server.flask.common [-] Adding resource routes to API roles: ['/roles' {}] {{(pid=81556) _add_mapped_resources /opt/stack/keystone/keystone/server/flask/common.py:483}}
Nov 13 00:01:10 ubuntu devstack@keystone.service[81556]: DEBUG keystone.server.flask.common [-] Adding resource routes to API roles: ['/roles/<string:role_id>' {}] {{(pid=81556) _add_mapped_resources /opt/stack/keystone/keystone/server/flask/common.py:483}}
Nov 13 00:01:10 ubuntu devstack@keystone.service[81556]: DEBUG keystone.server.flask.common [-] Adding resource routes to API roles: ['/roles/<string:prior_role_id>/implies' {}] {{(pid=81556) _add_mapped_resources /opt/stack/keystone/keystone/server/flask/common.py:483}}
Nov 13 00:01:10 ubuntu devstack@keystone.service[81556]: DEBUG keystone.server.flask.common [-] Adding resource routes to API roles: ['/roles/<string:prior_role_id>/implies/<string:implied_role_id>' {}] {{(pid=81556) _add_mapped_resources /opt/stack/keystone/keystone/server/flask/common.py:483}}
Nov 13 00:01:10 ubuntu devstack@keystone.service[81556]: DEBUG keystone.server.flask.common [-] Adding resource routes to API s3tokens: ['/s3tokens' {}] {{(pid=81556) _add_mapped_resources /opt/stack/keystone/keystone/server/flask/common.py:483}}
Nov 13 00:01:10 ubuntu devstack@keystone.service[81556]: DEBUG keystone.server.flask.common [-] Adding resource routes to API services: ['/services' {}] {{(pid=81556) _add_mapped_resources /opt/stack/keystone/keystone/server/flask/common.py:483}}
Nov 13 00:01:10 ubuntu devstack@keystone.service[81556]: DEBUG keystone.server.flask.common [-] Adding resource routes to API services: ['/services/<string:service_id>' {}] {{(pid=81556) _add_mapped_resources /opt/stack/keystone/keystone/server/flask/common.py:483}}
Nov 13 00:01:10 ubuntu devstack@keystone.service[81556]: DEBUG keystone.server.flask.common [-] Adding resource routes to API system: ['/system/users/<string:user_id>/roles' {}] {{(pid=81556) _add_mapped_resources /opt/stack/keystone/keystone/server/flask/common.py:483}}
Nov 13 00:01:10 ubuntu devstack@keystone.service[81556]: DEBUG keystone.server.flask.common [-] Adding resource routes to API system: ['/system/users/<string:user_id>/roles/<string:role_id>' {}] {{(pid=81556) _add_mapped_resources /opt/stack/keystone/keystone/server/flask/common.py:483}}
Nov 13 00:01:10 ubuntu devstack@keystone.service[81556]: DEBUG keystone.server.flask.common [-] Adding resource routes to API system: ['/system/groups/<string:group_id>/roles' {}] {{(pid=81556) _add_mapped_resources /opt/stack/keystone/keystone/server/flask/common.py:483}}
Nov 13 00:01:10 ubuntu devstack@keystone.service[81556]: DEBUG keystone.server.flask.common [-] Adding resource routes to API system: ['/system/groups/<string:group_id>/roles/<string:role_id>' {}] {{(pid=81556) _add_mapped_resources /opt/stack/keystone/keystone/server/flask/common.py:483}}
Nov 13 00:01:10 ubuntu devstack@keystone.service[81556]: DEBUG keystone.server.flask.common [-] Adding resource routes to API trusts: ['/trusts' {}] {{(pid=81556) _add_mapped_resources /opt/stack/keystone/keystone/server/flask/common.py:483}}
Nov 13 00:01:10 ubuntu devstack@keystone.service[81556]: DEBUG keystone.server.flask.common [-] Adding resource routes to API trusts: ['/trusts/<string:trust_id>' {}] {{(pid=81556) _add_mapped_resources /opt/stack/keystone/keystone/server/flask/common.py:483}}
Nov 13 00:01:10 ubuntu devstack@keystone.service[81556]: DEBUG keystone.server.flask.common [-] Adding resource routes to API trusts: ['/trusts/<string:trust_id>/roles' {}] {{(pid=81556) _add_mapped_resources /opt/stack/keystone/keystone/server/flask/common.py:483}}
Nov 13 00:01:10 ubuntu devstack@keystone.service[81556]: DEBUG keystone.server.flask.common [-] Adding resource routes to API trusts: ['/trusts/<string:trust_id>/roles/<string:role_id>' {}] {{(pid=81556) _add_mapped_resources /opt/stack/keystone/keystone/server/flask/common.py:483}}
Nov 13 00:01:10 ubuntu devstack@keystone.service[81555]: WSGI app 0 (mountpoint='') ready in 2 seconds on interpreter 0x55cffdd98d40 pid: 81555 (default app)
Nov 13 00:01:10 ubuntu devstack@keystone.service[81555]: DEBUG keystone.server.flask.request_processing.req_logging [None req-8c6c6c0b-fec4-49aa-a9bd-156fc191cdd4 None None] REQUEST_METHOD: `GET` {{(pid=81555) log_request_info /opt/stack/keystone/keystone/server/flask/request_processing/req_logging.py:26}}
Nov 13 00:01:10 ubuntu devstack@keystone.service[81555]: DEBUG keystone.server.flask.request_processing.req_logging [None req-8c6c6c0b-fec4-49aa-a9bd-156fc191cdd4 None None] SCRIPT_NAME: `/identity` {{(pid=81555) log_request_info /opt/stack/keystone/keystone/server/flask/request_processing/req_logging.py:27}}
Nov 13 00:01:10 ubuntu devstack@keystone.service[81556]: DEBUG keystone.server.flask.common [-] Adding resource routes to API users: ['/users' {}] {{(pid=81556) _add_mapped_resources /opt/stack/keystone/keystone/server/flask/common.py:483}}
Nov 13 00:01:10 ubuntu devstack@keystone.service[81555]: DEBUG keystone.server.flask.request_processing.req_logging [None req-8c6c6c0b-fec4-49aa-a9bd-156fc191cdd4 None None] PATH_INFO: `/v3` {{(pid=81555) log_request_info /opt/stack/keystone/keystone/server/flask/request_processing/req_logging.py:28}}
Nov 13 00:01:10 ubuntu devstack@keystone.service[81556]: DEBUG keystone.server.flask.common [-] Adding resource routes to API users: ['/users/<string:user_id>' {}] {{(pid=81556) _add_mapped_resources /opt/stack/keystone/keystone/server/flask/common.py:483}}
Nov 13 00:01:10 ubuntu devstack@keystone.service[81556]: DEBUG keystone.server.flask.common [-] Adding resource routes to API users: ['/users/<string:user_id>/password' {}] {{(pid=81556) _add_mapped_resources /opt/stack/keystone/keystone/server/flask/common.py:483}}
Nov 13 00:01:10 ubuntu devstack@keystone.service[81556]: DEBUG keystone.server.flask.common [-] Adding resource routes to API users: ['/users/<string:user_id>/groups' {}] {{(pid=81556) _add_mapped_resources /opt/stack/keystone/keystone/server/flask/common.py:483}}
Nov 13 00:01:10 ubuntu devstack@keystone.service[81556]: DEBUG keystone.server.flask.common [-] Adding resource routes to API users: ['/users/<string:user_id>/projects' {}] {{(pid=81556) _add_mapped_resources /opt/stack/keystone/keystone/server/flask/common.py:483}}
Nov 13 00:01:10 ubuntu devstack@keystone.service[81556]: DEBUG keystone.server.flask.common [-] Adding resource routes to API users: ['/users/<string:user_id>/credentials/OS-EC2' {}] {{(pid=81556) _add_mapped_resources /opt/stack/keystone/keystone/server/flask/common.py:483}}
Nov 13 00:01:10 ubuntu devstack@keystone.service[81556]: DEBUG keystone.server.flask.common [-] Adding resource routes to API users: ['/users/<string:user_id>/credentials/OS-EC2/<string:credential_id>' {}] {{(pid=81556) _add_mapped_resources /opt/stack/keystone/keystone/server/flask/common.py:483}}
Nov 13 00:01:10 ubuntu devstack@keystone.service[81556]: DEBUG keystone.server.flask.common [-] Adding resource routes to API users: ['/users/<string:user_id>/OS-OAUTH1/access_tokens' {}] {{(pid=81556) _add_mapped_resources /opt/stack/keystone/keystone/server/flask/common.py:483}}
Nov 13 00:01:10 ubuntu devstack@keystone.service[81556]: DEBUG keystone.server.flask.common [-] Adding resource routes to API users: ['/users/<string:user_id>/OS-OAUTH1/access_tokens/<string:access_token_id>' {}] {{(pid=81556) _add_mapped_resources /opt/stack/keystone/keystone/server/flask/common.py:483}}
Nov 13 00:01:10 ubuntu devstack@keystone.service[81556]: DEBUG keystone.server.flask.common [-] Adding resource routes to API users: ['/users/<string:user_id>/OS-OAUTH1/access_tokens/<string:access_token_id>/roles' {}] {{(pid=81556) _add_mapped_resources /opt/stack/keystone/keystone/server/flask/common.py:483}}
Nov 13 00:01:10 ubuntu devstack@keystone.service[81555]: [pid: 81555|app: 0|req: 1/1] 10.201.5.82 () {50 vars in 783 bytes} [Thu Nov 13 00:01:10 2025] GET /identity/v3/ => generated 255 bytes in 2 msecs (HTTP/1.1 200) 5 headers in 177 bytes (1 switches on core 0)
Nov 13 00:01:10 ubuntu devstack@keystone.service[81556]: DEBUG keystone.server.flask.common [-] Adding resource routes to API users: ['/users/<string:user_id>/OS-OAUTH1/access_tokens/<string:access_token_id>/roles/<string:role_id>' {}] {{(pid=81556) _add_mapped_resources /opt/stack/keystone/keystone/server/flask/common.py:483}}
Nov 13 00:01:10 ubuntu devstack@keystone.service[81556]: DEBUG keystone.server.flask.common [-] Adding resource routes to API users: ['/users/<string:user_id>/application_credentials' {}] {{(pid=81556) _add_mapped_resources /opt/stack/keystone/keystone/server/flask/common.py:483}}
Nov 13 00:01:10 ubuntu devstack@keystone.service[81556]: DEBUG keystone.server.flask.common [-] Adding resource routes to API users: ['/users/<string:user_id>/application_credentials/<string:application_credential_id>' {}] {{(pid=81556) _add_mapped_resources /opt/stack/keystone/keystone/server/flask/common.py:483}}
Nov 13 00:01:10 ubuntu devstack@keystone.service[81556]: DEBUG keystone.server.flask.common [-] Adding resource routes to API users: ['/users/<string:user_id>/access_rules' {}] {{(pid=81556) _add_mapped_resources /opt/stack/keystone/keystone/server/flask/common.py:483}}
Nov 13 00:01:10 ubuntu devstack@keystone.service[81556]: DEBUG keystone.server.flask.common [-] Adding resource routes to API users: ['/users/<string:user_id>/access_rules/<string:access_rule_id>' {}] {{(pid=81556) _add_mapped_resources /opt/stack/keystone/keystone/server/flask/common.py:483}}
Nov 13 00:01:10 ubuntu devstack@keystone.service[81556]: WSGI app 0 (mountpoint='') ready in 2 seconds on interpreter 0x55cffdd98d40 pid: 81556 (default app)
Nov 13 00:01:15 ubuntu devstack@keystone.service[81555]: DEBUG keystone.server.flask.request_processing.req_logging [None req-9484defc-7cd3-4055-8505-834134ae30eb None None] REQUEST_METHOD: `GET` {{(pid=81555) log_request_info /opt/stack/keystone/keystone/server/flask/request_processing/req_logging.py:26}}
Nov 13 00:01:15 ubuntu devstack@keystone.service[81555]: DEBUG keystone.server.flask.request_processing.req_logging [None req-9484defc-7cd3-4055-8505-834134ae30eb None None] SCRIPT_NAME: `/identity` {{(pid=81555) log_request_info /opt/stack/keystone/keystone/server/flask/request_processing/req_logging.py:27}}
Nov 13 00:01:15 ubuntu devstack@keystone.service[81555]: DEBUG keystone.server.flask.request_processing.req_logging [None req-9484defc-7cd3-4055-8505-834134ae30eb None None] PATH_INFO: `/` {{(pid=81555) log_request_info /opt/stack/keystone/keystone/server/flask/request_processing/req_logging.py:28}}
Nov 13 00:01:15 ubuntu devstack@keystone.service[81555]: [pid: 81555|app: 0|req: 2/2] 10.201.5.82 () {54 vars in 919 bytes} [Thu Nov 13 00:01:15 2025] GET /identity => generated 270 bytes in 5 msecs (HTTP/1.1 300) 6 headers in 234 bytes (1 switches on core 0)
Nov 13 00:01:15 ubuntu devstack@keystone.service[81556]: DEBUG keystone.server.flask.request_processing.req_logging [None req-576df52d-ccdc-4a5c-8941-ba4ff8091736 None None] REQUEST_METHOD: `POST` {{(pid=81556) log_request_info /opt/stack/keystone/keystone/server/flask/request_processing/req_logging.py:26}}
Nov 13 00:01:15 ubuntu devstack@keystone.service[81556]: DEBUG keystone.server.flask.request_processing.req_logging [None req-576df52d-ccdc-4a5c-8941-ba4ff8091736 None None] SCRIPT_NAME: `/identity` {{(pid=81556) log_request_info /opt/stack/keystone/keystone/server/flask/request_processing/req_logging.py:27}}
Nov 13 00:01:15 ubuntu devstack@keystone.service[81556]: DEBUG keystone.server.flask.request_processing.req_logging [None req-576df52d-ccdc-4a5c-8941-ba4ff8091736 None None] PATH_INFO: `/v3/auth/tokens` {{(pid=81556) log_request_info /opt/stack/keystone/keystone/server/flask/request_processing/req_logging.py:28}}
Nov 13 00:01:15 ubuntu devstack@keystone.service[81556]: INFO dbcounter [None req-576df52d-ccdc-4a5c-8941-ba4ff8091736 None None] Registered counter for database keystone
Nov 13 00:01:15 ubuntu devstack@keystone.service[81556]: DEBUG oslo_db.sqlalchemy.engines [None req-576df52d-ccdc-4a5c-8941-ba4ff8091736 None None] MySQL server mode set to STRICT_TRANS_TABLES,STRICT_ALL_TABLES,NO_ZERO_IN_DATE,NO_ZERO_DATE,ERROR_FOR_DIVISION_BY_ZERO,TRADITIONAL,NO_ENGINE_SUBSTITUTION {{(pid=81556) _check_effective_sql_mode /opt/stack/data/venv/lib/python3.10/site-packages/oslo_db/sqlalchemy/engines.py:397}}
Nov 13 00:01:15 ubuntu devstack@keystone.service[81556]: DEBUG dbcounter [-] [81556] Writer thread running {{(pid=81556) stat_writer /opt/stack/data/venv/lib/python3.10/site-packages/dbcounter.py:102}}
Nov 13 00:01:15 ubuntu devstack@keystone.service[81556]: WARNING keystone.common.password_hashing [None req-576df52d-ccdc-4a5c-8941-ba4ff8091736 None None] Truncating password to algorithm specific maximum length 72 characters.
Nov 13 00:01:15 ubuntu devstack@keystone.service[81556]: DEBUG keystone.auth.core [None req-576df52d-ccdc-4a5c-8941-ba4ff8091736 None None] MFA Rules not processed for user `e4758a08486d464dbc1378d9cf6cc971`. Rule list: `[]` (Enabled: `True`). {{(pid=81556) check_auth_methods_against_rules /opt/stack/keystone/keystone/auth/core.py:476}}
Nov 13 00:01:15 ubuntu devstack@keystone.service[81556]: DEBUG keystone.common.fernet_utils [None req-576df52d-ccdc-4a5c-8941-ba4ff8091736 None None] Loaded 2 Fernet keys from /etc/keystone/fernet-keys/, but `[fernet_tokens] max_active_keys = 3`; perhaps there have not been enough key rotations to reach `max_active_keys` yet? {{(pid=81556) load_keys /opt/stack/keystone/keystone/common/fernet_utils.py:297}}
Nov 13 00:01:16 ubuntu devstack@keystone.service[81556]: [pid: 81556|app: 0|req: 1/3] 10.201.5.82 () {58 vars in 1016 bytes} [Thu Nov 13 00:01:15 2025] POST /identity/v3/auth/tokens => generated 977 bytes in 333 msecs (HTTP/1.1 201) 6 headers in 384 bytes (2 switches on core 0)
Nov 13 00:01:16 ubuntu devstack@keystone.service[81555]: DEBUG keystone.server.flask.request_processing.middleware.auth_context [None req-9484defc-7cd3-4055-8505-834134ae30eb None None] Authenticating user token {{(pid=81555) process_request /opt/stack/data/venv/lib/python3.10/site-packages/keystonemiddleware/auth_token/__init__.py:407}}
Nov 13 00:01:16 ubuntu devstack@keystone.service[81555]: INFO dbcounter [None req-9484defc-7cd3-4055-8505-834134ae30eb None None] Registered counter for database keystone
Nov 13 00:01:16 ubuntu devstack@keystone.service[81555]: DEBUG oslo_db.sqlalchemy.engines [None req-9484defc-7cd3-4055-8505-834134ae30eb None None] MySQL server mode set to STRICT_TRANS_TABLES,STRICT_ALL_TABLES,NO_ZERO_IN_DATE,NO_ZERO_DATE,ERROR_FOR_DIVISION_BY_ZERO,TRADITIONAL,NO_ENGINE_SUBSTITUTION {{(pid=81555) _check_effective_sql_mode /opt/stack/data/venv/lib/python3.10/site-packages/oslo_db/sqlalchemy/engines.py:397}}
Nov 13 00:01:16 ubuntu devstack@keystone.service[81555]: DEBUG dbcounter [-] [81555] Writer thread running {{(pid=81555) stat_writer /opt/stack/data/venv/lib/python3.10/site-packages/dbcounter.py:102}}
Nov 13 00:01:16 ubuntu devstack@keystone.service[81555]: DEBUG keystone.server.flask.request_processing.middleware.auth_context [None req-9484defc-7cd3-4055-8505-834134ae30eb None None] Validating token access rules against request {{(pid=81555) validate_allowed_request /opt/stack/data/venv/lib/python3.10/site-packages/keystonemiddleware/auth_token/__init__.py:545}}
Nov 13 00:01:16 ubuntu devstack@keystone.service[81555]: DEBUG keystone.server.flask.request_processing.middleware.auth_context [None req-5b33b5db-fcfc-461c-9723-5b09eeb296eb admin admin] RBAC: auth_context: {'token': <TokenModel (audit_id=f30pyUA3R9ibfJSCK_a_9w, audit_chain_id=['f30pyUA3R9ibfJSCK_a_9w']) at 0x7f909ebbece0>, 'domain_id': None, 'trust_id': None, 'trustor_id': None, 'trustee_id': None, 'domain_name': None, 'group_ids': [], 'user_id': 'e4758a08486d464dbc1378d9cf6cc971', 'user_domain_id': 'default', 'system_scope': None, 'project_id': '81a477c433f84b898c23db06292e0da8', 'project_domain_id': 'default', 'roles': ['manager', 'reader', 'member', 'admin'], 'is_admin_project': True, 'service_user_id': None, 'service_user_domain_id': None, 'service_project_id': None, 'service_project_domain_id': None, 'service_roles': []} {{(pid=81555) fill_context /opt/stack/keystone/keystone/server/flask/request_processing/middleware/auth_context.py:509}}
Nov 13 00:01:16 ubuntu devstack@keystone.service[81555]: DEBUG keystone.server.flask.request_processing.req_logging [None req-5b33b5db-fcfc-461c-9723-5b09eeb296eb admin admin] REQUEST_METHOD: `GET` {{(pid=81555) log_request_info /opt/stack/keystone/keystone/server/flask/request_processing/req_logging.py:26}}
Nov 13 00:01:16 ubuntu devstack@keystone.service[81555]: DEBUG keystone.server.flask.request_processing.req_logging [None req-5b33b5db-fcfc-461c-9723-5b09eeb296eb admin admin] SCRIPT_NAME: `/identity` {{(pid=81555) log_request_info /opt/stack/keystone/keystone/server/flask/request_processing/req_logging.py:27}}
Nov 13 00:01:16 ubuntu devstack@keystone.service[81555]: DEBUG keystone.server.flask.request_processing.req_logging [None req-5b33b5db-fcfc-461c-9723-5b09eeb296eb admin admin] PATH_INFO: `/v3/auth/tokens` {{(pid=81555) log_request_info /opt/stack/keystone/keystone/server/flask/request_processing/req_logging.py:28}}
Nov 13 00:01:16 ubuntu devstack@keystone.service[81555]: DEBUG keystone.common.rbac_enforcer.enforcer [None req-5b33b5db-fcfc-461c-9723-5b09eeb296eb admin admin] RBAC: Authorizing `identity:validate_token()` {{(pid=81555) enforce_call /opt/stack/keystone/keystone/common/rbac_enforcer/enforcer.py:494}}
Nov 13 00:01:16 ubuntu devstack@keystone.service[81555]: WARNING keystone.common.rbac_enforcer.enforcer [None req-5b33b5db-fcfc-461c-9723-5b09eeb296eb admin admin] Deprecated policy rules found. Use oslopolicy-policy-generator and oslopolicy-policy-upgrade to detect and resolve deprecated policies in your configuration.
Nov 13 00:01:16 ubuntu devstack@keystone.service[81555]: DEBUG keystone.common.rbac_enforcer.enforcer [None req-5b33b5db-fcfc-461c-9723-5b09eeb296eb admin admin] RBAC: Authorization granted {{(pid=81555) enforce_call /opt/stack/keystone/keystone/common/rbac_enforcer/enforcer.py:505}}
Nov 13 00:01:16 ubuntu devstack@keystone.service[81555]: [pid: 81555|app: 0|req: 3/4] 10.201.5.82 () {58 vars in 1316 bytes} [Thu Nov 13 00:01:16 2025] GET /identity/v3/auth/tokens => generated 977 bytes in 168 msecs (HTTP/1.1 200) 6 headers in 379 bytes (1 switches on core 0)
Nov 13 00:01:16 ubuntu devstack@keystone.service[81556]: DEBUG keystone.server.flask.request_processing.middleware.auth_context [None req-576df52d-ccdc-4a5c-8941-ba4ff8091736 None None] Authenticating user token {{(pid=81556) process_request /opt/stack/data/venv/lib/python3.10/site-packages/keystonemiddleware/auth_token/__init__.py:407}}
Nov 13 00:01:16 ubuntu devstack@keystone.service[81556]: DEBUG keystone.server.flask.request_processing.middleware.auth_context [None req-576df52d-ccdc-4a5c-8941-ba4ff8091736 None None] Validating token access rules against request {{(pid=81556) validate_allowed_request /opt/stack/data/venv/lib/python3.10/site-packages/keystonemiddleware/auth_token/__init__.py:545}}
Nov 13 00:01:16 ubuntu devstack@keystone.service[81556]: DEBUG keystone.server.flask.request_processing.middleware.auth_context [None req-721162cd-9ac8-4073-8f2d-112b75ce9a11 admin admin] RBAC: auth_context: {'token': <TokenModel (audit_id=f30pyUA3R9ibfJSCK_a_9w, audit_chain_id=['f30pyUA3R9ibfJSCK_a_9w']) at 0x7f909ebc2d10>, 'domain_id': None, 'trust_id': None, 'trustor_id': None, 'trustee_id': None, 'domain_name': None, 'group_ids': [], 'user_id': 'e4758a08486d464dbc1378d9cf6cc971', 'user_domain_id': 'default', 'system_scope': None, 'project_id': '81a477c433f84b898c23db06292e0da8', 'project_domain_id': 'default', 'roles': ['manager', 'reader', 'member', 'admin'], 'is_admin_project': True, 'service_user_id': None, 'service_user_domain_id': None, 'service_project_id': None, 'service_project_domain_id': None, 'service_roles': []} {{(pid=81556) fill_context /opt/stack/keystone/keystone/server/flask/request_processing/middleware/auth_context.py:509}}
Nov 13 00:01:16 ubuntu devstack@keystone.service[81556]: DEBUG keystone.server.flask.request_processing.req_logging [None req-721162cd-9ac8-4073-8f2d-112b75ce9a11 admin admin] REQUEST_METHOD: `GET` {{(pid=81556) log_request_info /opt/stack/keystone/keystone/server/flask/request_processing/req_logging.py:26}}
Nov 13 00:01:16 ubuntu devstack@keystone.service[81556]: DEBUG keystone.server.flask.request_processing.req_logging [None req-721162cd-9ac8-4073-8f2d-112b75ce9a11 admin admin] SCRIPT_NAME: `/identity` {{(pid=81556) log_request_info /opt/stack/keystone/keystone/server/flask/request_processing/req_logging.py:27}}
Nov 13 00:01:16 ubuntu devstack@keystone.service[81556]: DEBUG keystone.server.flask.request_processing.req_logging [None req-721162cd-9ac8-4073-8f2d-112b75ce9a11 admin admin] PATH_INFO: `/v3/projects/81a477c433f84b898c23db06292e0da8` {{(pid=81556) log_request_info /opt/stack/keystone/keystone/server/flask/request_processing/req_logging.py:28}}
Nov 13 00:01:16 ubuntu devstack@keystone.service[81556]: DEBUG keystone.common.rbac_enforcer.enforcer [None req-721162cd-9ac8-4073-8f2d-112b75ce9a11 admin admin] RBAC: Authorizing `identity:get_project(project_id=81a477c433f84b898c23db06292e0da8)` {{(pid=81556) enforce_call /opt/stack/keystone/keystone/common/rbac_enforcer/enforcer.py:494}}
Nov 13 00:01:16 ubuntu devstack@keystone.service[81556]: WARNING keystone.common.rbac_enforcer.enforcer [None req-721162cd-9ac8-4073-8f2d-112b75ce9a11 admin admin] Deprecated policy rules found. Use oslopolicy-policy-generator and oslopolicy-policy-upgrade to detect and resolve deprecated policies in your configuration.
Nov 13 00:01:16 ubuntu devstack@keystone.service[81556]: DEBUG keystone.common.rbac_enforcer.enforcer [None req-721162cd-9ac8-4073-8f2d-112b75ce9a11 admin admin] RBAC: Authorization granted {{(pid=81556) enforce_call /opt/stack/keystone/keystone/common/rbac_enforcer/enforcer.py:505}}
Nov 13 00:01:16 ubuntu devstack@keystone.service[81556]: [pid: 81556|app: 0|req: 2/5] 10.201.5.82 () {56 vars in 1199 bytes} [Thu Nov 13 00:01:16 2025] GET /identity/v3/projects/81a477c433f84b898c23db06292e0da8 => generated 344 bytes in 38 msecs (HTTP/1.1 200) 5 headers in 177 bytes (1 switches on core 0)
Nov 13 00:01:17 ubuntu devstack@keystone.service[81555]: DEBUG keystone.server.flask.request_processing.req_logging [None req-3d1ea313-8a92-40c2-8717-d769a4efeb95 None None] REQUEST_METHOD: `GET` {{(pid=81555) log_request_info /opt/stack/keystone/keystone/server/flask/request_processing/req_logging.py:26}}
Nov 13 00:01:17 ubuntu devstack@keystone.service[81555]: DEBUG keystone.server.flask.request_processing.req_logging [None req-3d1ea313-8a92-40c2-8717-d769a4efeb95 None None] SCRIPT_NAME: `/identity` {{(pid=81555) log_request_info /opt/stack/keystone/keystone/server/flask/request_processing/req_logging.py:27}}
Nov 13 00:01:17 ubuntu devstack@keystone.service[81555]: DEBUG keystone.server.flask.request_processing.req_logging [None req-3d1ea313-8a92-40c2-8717-d769a4efeb95 None None] PATH_INFO: `/` {{(pid=81555) log_request_info /opt/stack/keystone/keystone/server/flask/request_processing/req_logging.py:28}}
Nov 13 00:01:17 ubuntu devstack@keystone.service[81555]: [pid: 81555|app: 0|req: 4/6] 10.201.5.82 () {54 vars in 919 bytes} [Thu Nov 13 00:01:17 2025] GET /identity => generated 270 bytes in 5 msecs (HTTP/1.1 300) 6 headers in 234 bytes (1 switches on core 0)
Nov 13 00:01:17 ubuntu devstack@keystone.service[81556]: DEBUG keystone.server.flask.request_processing.req_logging [None req-bb390f3a-c643-4421-a2cf-605b4e99030e None None] REQUEST_METHOD: `POST` {{(pid=81556) log_request_info /opt/stack/keystone/keystone/server/flask/request_processing/req_logging.py:26}}
Nov 13 00:01:17 ubuntu devstack@keystone.service[81556]: DEBUG keystone.server.flask.request_processing.req_logging [None req-bb390f3a-c643-4421-a2cf-605b4e99030e None None] SCRIPT_NAME: `/identity` {{(pid=81556) log_request_info /opt/stack/keystone/keystone/server/flask/request_processing/req_logging.py:27}}
Nov 13 00:01:17 ubuntu devstack@keystone.service[81556]: DEBUG keystone.server.flask.request_processing.req_logging [None req-bb390f3a-c643-4421-a2cf-605b4e99030e None None] PATH_INFO: `/v3/auth/tokens` {{(pid=81556) log_request_info /opt/stack/keystone/keystone/server/flask/request_processing/req_logging.py:28}}
Nov 13 00:01:17 ubuntu devstack@keystone.service[81556]: WARNING keystone.common.password_hashing [None req-bb390f3a-c643-4421-a2cf-605b4e99030e None None] Truncating password to algorithm specific maximum length 72 characters.
Nov 13 00:01:17 ubuntu devstack@keystone.service[81556]: DEBUG keystone.auth.core [None req-bb390f3a-c643-4421-a2cf-605b4e99030e None None] MFA Rules not processed for user `e4758a08486d464dbc1378d9cf6cc971`. Rule list: `[]` (Enabled: `True`). {{(pid=81556) check_auth_methods_against_rules /opt/stack/keystone/keystone/auth/core.py:476}}
Nov 13 00:01:17 ubuntu devstack@keystone.service[81556]: DEBUG keystone.common.fernet_utils [None req-bb390f3a-c643-4421-a2cf-605b4e99030e None None] Loaded 2 Fernet keys from /etc/keystone/fernet-keys/, but `[fernet_tokens] max_active_keys = 3`; perhaps there have not been enough key rotations to reach `max_active_keys` yet? {{(pid=81556) load_keys /opt/stack/keystone/keystone/common/fernet_utils.py:297}}
Nov 13 00:01:17 ubuntu devstack@keystone.service[81556]: [pid: 81556|app: 0|req: 3/7] 10.201.5.82 () {58 vars in 1016 bytes} [Thu Nov 13 00:01:17 2025] POST /identity/v3/auth/tokens => generated 977 bytes in 30 msecs (HTTP/1.1 201) 6 headers in 384 bytes (2 switches on core 0)
Nov 13 00:01:17 ubuntu devstack@keystone.service[81555]: DEBUG keystone.server.flask.request_processing.middleware.auth_context [None req-3d1ea313-8a92-40c2-8717-d769a4efeb95 None None] Authenticating user token {{(pid=81555) process_request /opt/stack/data/venv/lib/python3.10/site-packages/keystonemiddleware/auth_token/__init__.py:407}}
Nov 13 00:01:17 ubuntu devstack@keystone.service[81555]: DEBUG keystone.server.flask.request_processing.middleware.auth_context [None req-3d1ea313-8a92-40c2-8717-d769a4efeb95 None None] Validating token access rules against request {{(pid=81555) validate_allowed_request /opt/stack/data/venv/lib/python3.10/site-packages/keystonemiddleware/auth_token/__init__.py:545}}
Nov 13 00:01:17 ubuntu devstack@keystone.service[81555]: DEBUG keystone.server.flask.request_processing.middleware.auth_context [None req-691046f6-f7de-44b7-8ca5-c34d3a64b196 admin admin] RBAC: auth_context: {'token': <TokenModel (audit_id=6s0xXdsESpy1zdtDOvvZTQ, audit_chain_id=['6s0xXdsESpy1zdtDOvvZTQ']) at 0x7f909df8b280>, 'domain_id': None, 'trust_id': None, 'trustor_id': None, 'trustee_id': None, 'domain_name': None, 'group_ids': [], 'user_id': 'e4758a08486d464dbc1378d9cf6cc971', 'user_domain_id': 'default', 'system_scope': None, 'project_id': '81a477c433f84b898c23db06292e0da8', 'project_domain_id': 'default', 'roles': ['manager', 'reader', 'member', 'admin'], 'is_admin_project': True, 'service_user_id': None, 'service_user_domain_id': None, 'service_project_id': None, 'service_project_domain_id': None, 'service_roles': []} {{(pid=81555) fill_context /opt/stack/keystone/keystone/server/flask/request_processing/middleware/auth_context.py:509}}
Nov 13 00:01:17 ubuntu devstack@keystone.service[81555]: DEBUG keystone.server.flask.request_processing.req_logging [None req-691046f6-f7de-44b7-8ca5-c34d3a64b196 admin admin] REQUEST_METHOD: `GET` {{(pid=81555) log_request_info /opt/stack/keystone/keystone/server/flask/request_processing/req_logging.py:26}}
Nov 13 00:01:17 ubuntu devstack@keystone.service[81555]: DEBUG keystone.server.flask.request_processing.req_logging [None req-691046f6-f7de-44b7-8ca5-c34d3a64b196 admin admin] SCRIPT_NAME: `/identity` {{(pid=81555) log_request_info /opt/stack/keystone/keystone/server/flask/request_processing/req_logging.py:27}}
Nov 13 00:01:17 ubuntu devstack@keystone.service[81555]: DEBUG keystone.server.flask.request_processing.req_logging [None req-691046f6-f7de-44b7-8ca5-c34d3a64b196 admin admin] PATH_INFO: `/v3/users/admin` {{(pid=81555) log_request_info /opt/stack/keystone/keystone/server/flask/request_processing/req_logging.py:28}}
Nov 13 00:01:17 ubuntu devstack@keystone.service[81555]: DEBUG keystone.common.rbac_enforcer.enforcer [None req-691046f6-f7de-44b7-8ca5-c34d3a64b196 admin admin] RBAC: Authorizing `identity:get_user(user_id=admin)` {{(pid=81555) enforce_call /opt/stack/keystone/keystone/common/rbac_enforcer/enforcer.py:494}}
Nov 13 00:01:17 ubuntu devstack@keystone.service[81555]: DEBUG keystone.common.rbac_enforcer.enforcer [None req-691046f6-f7de-44b7-8ca5-c34d3a64b196 admin admin] RBAC: Authorization granted {{(pid=81555) enforce_call /opt/stack/keystone/keystone/common/rbac_enforcer/enforcer.py:505}}
Nov 13 00:01:17 ubuntu devstack@keystone.service[81555]: DEBUG keystone.server.flask.application [None req-691046f6-f7de-44b7-8ca5-c34d3a64b196 admin admin] Could not find user: admin. {{(pid=81555) _handle_keystone_exception /opt/stack/keystone/keystone/server/flask/application.py:146}}
Nov 13 00:01:17 ubuntu devstack@keystone.service[81555]: [pid: 81555|app: 0|req: 5/8] 10.201.5.82 () {56 vars in 1153 bytes} [Thu Nov 13 00:01:17 2025] GET /identity/v3/users/admin => generated 83 bytes in 41 msecs (HTTP/1.1 404) 5 headers in 183 bytes (1 switches on core 0)
Nov 13 00:01:17 ubuntu devstack@keystone.service[81556]: DEBUG keystone.server.flask.request_processing.middleware.auth_context [None req-bb390f3a-c643-4421-a2cf-605b4e99030e None None] Authenticating user token {{(pid=81556) process_request /opt/stack/data/venv/lib/python3.10/site-packages/keystonemiddleware/auth_token/__init__.py:407}}
Nov 13 00:01:17 ubuntu devstack@keystone.service[81556]: DEBUG keystone.server.flask.request_processing.middleware.auth_context [None req-bb390f3a-c643-4421-a2cf-605b4e99030e None None] Validating token access rules against request {{(pid=81556) validate_allowed_request /opt/stack/data/venv/lib/python3.10/site-packages/keystonemiddleware/auth_token/__init__.py:545}}
Nov 13 00:01:17 ubuntu devstack@keystone.service[81556]: DEBUG keystone.server.flask.request_processing.middleware.auth_context [None req-d3eccbe6-6ac1-440a-8c0c-0e2f5cc1e21f admin admin] RBAC: auth_context: {'token': <TokenModel (audit_id=6s0xXdsESpy1zdtDOvvZTQ, audit_chain_id=['6s0xXdsESpy1zdtDOvvZTQ']) at 0x7f909df97af0>, 'domain_id': None, 'trust_id': None, 'trustor_id': None, 'trustee_id': None, 'domain_name': None, 'group_ids': [], 'user_id': 'e4758a08486d464dbc1378d9cf6cc971', 'user_domain_id': 'default', 'system_scope': None, 'project_id': '81a477c433f84b898c23db06292e0da8', 'project_domain_id': 'default', 'roles': ['manager', 'reader', 'member', 'admin'], 'is_admin_project': True, 'service_user_id': None, 'service_user_domain_id': None, 'service_project_id': None, 'service_project_domain_id': None, 'service_roles': []} {{(pid=81556) fill_context /opt/stack/keystone/keystone/server/flask/request_processing/middleware/auth_context.py:509}}
Nov 13 00:01:17 ubuntu devstack@keystone.service[81556]: DEBUG keystone.server.flask.request_processing.req_logging [None req-d3eccbe6-6ac1-440a-8c0c-0e2f5cc1e21f admin admin] REQUEST_METHOD: `GET` {{(pid=81556) log_request_info /opt/stack/keystone/keystone/server/flask/request_processing/req_logging.py:26}}
Nov 13 00:01:17 ubuntu devstack@keystone.service[81556]: DEBUG keystone.server.flask.request_processing.req_logging [None req-d3eccbe6-6ac1-440a-8c0c-0e2f5cc1e21f admin admin] SCRIPT_NAME: `/identity` {{(pid=81556) log_request_info /opt/stack/keystone/keystone/server/flask/request_processing/req_logging.py:27}}
Nov 13 00:01:17 ubuntu devstack@keystone.service[81556]: DEBUG keystone.server.flask.request_processing.req_logging [None req-d3eccbe6-6ac1-440a-8c0c-0e2f5cc1e21f admin admin] PATH_INFO: `/v3/users` {{(pid=81556) log_request_info /opt/stack/keystone/keystone/server/flask/request_processing/req_logging.py:28}}
Nov 13 00:01:17 ubuntu devstack@keystone.service[81556]: DEBUG keystone.common.rbac_enforcer.enforcer [None req-d3eccbe6-6ac1-440a-8c0c-0e2f5cc1e21f admin admin] RBAC: Adding query filter params (name=admin) {{(pid=81556) _extract_filter_values /opt/stack/keystone/keystone/common/rbac_enforcer/enforcer.py:176}}
Nov 13 00:01:17 ubuntu devstack@keystone.service[81556]: DEBUG keystone.common.rbac_enforcer.enforcer [None req-d3eccbe6-6ac1-440a-8c0c-0e2f5cc1e21f admin admin] RBAC: Authorizing `identity:list_users()` {{(pid=81556) enforce_call /opt/stack/keystone/keystone/common/rbac_enforcer/enforcer.py:494}}
Nov 13 00:01:17 ubuntu devstack@keystone.service[81556]: DEBUG keystone.common.rbac_enforcer.enforcer [None req-d3eccbe6-6ac1-440a-8c0c-0e2f5cc1e21f admin admin] RBAC: Authorization granted {{(pid=81556) enforce_call /opt/stack/keystone/keystone/common/rbac_enforcer/enforcer.py:505}}
Nov 13 00:01:17 ubuntu devstack@keystone.service[81556]: [pid: 81556|app: 0|req: 4/9] 10.201.5.82 () {56 vars in 1169 bytes} [Thu Nov 13 00:01:17 2025] GET /identity/v3/users?name=admin => generated 352 bytes in 43 msecs (HTTP/1.1 200) 5 headers in 177 bytes (1 switches on core 0)
Nov 13 00:01:19 ubuntu devstack@keystone.service[81555]: DEBUG keystone.server.flask.request_processing.req_logging [None req-5f92ff8f-b1ea-4246-ae17-58633c57955a None None] REQUEST_METHOD: `GET` {{(pid=81555) log_request_info /opt/stack/keystone/keystone/server/flask/request_processing/req_logging.py:26}}
Nov 13 00:01:19 ubuntu devstack@keystone.service[81555]: DEBUG keystone.server.flask.request_processing.req_logging [None req-5f92ff8f-b1ea-4246-ae17-58633c57955a None None] SCRIPT_NAME: `/identity` {{(pid=81555) log_request_info /opt/stack/keystone/keystone/server/flask/request_processing/req_logging.py:27}}
Nov 13 00:01:19 ubuntu devstack@keystone.service[81555]: DEBUG keystone.server.flask.request_processing.req_logging [None req-5f92ff8f-b1ea-4246-ae17-58633c57955a None None] PATH_INFO: `/` {{(pid=81555) log_request_info /opt/stack/keystone/keystone/server/flask/request_processing/req_logging.py:28}}
Nov 13 00:01:19 ubuntu devstack@keystone.service[81555]: [pid: 81555|app: 0|req: 6/10] 10.201.5.82 () {54 vars in 919 bytes} [Thu Nov 13 00:01:19 2025] GET /identity => generated 270 bytes in 2 msecs (HTTP/1.1 300) 6 headers in 234 bytes (1 switches on core 0)
Nov 13 00:01:19 ubuntu devstack@keystone.service[81555]: DEBUG keystone.server.flask.request_processing.req_logging [None req-67d1efb9-e444-4d66-8a8a-bd5dac62d953 None None] REQUEST_METHOD: `GET` {{(pid=81555) log_request_info /opt/stack/keystone/keystone/server/flask/request_processing/req_logging.py:26}}
Nov 13 00:01:19 ubuntu devstack@keystone.service[81555]: DEBUG keystone.server.flask.request_processing.req_logging [None req-67d1efb9-e444-4d66-8a8a-bd5dac62d953 None None] SCRIPT_NAME: `/identity` {{(pid=81555) log_request_info /opt/stack/keystone/keystone/server/flask/request_processing/req_logging.py:27}}
Nov 13 00:01:19 ubuntu devstack@keystone.service[81555]: DEBUG keystone.server.flask.request_processing.req_logging [None req-67d1efb9-e444-4d66-8a8a-bd5dac62d953 None None] PATH_INFO: `/` {{(pid=81555) log_request_info /opt/stack/keystone/keystone/server/flask/request_processing/req_logging.py:28}}
Nov 13 00:01:19 ubuntu devstack@keystone.service[81556]: DEBUG keystone.server.flask.request_processing.req_logging [None req-0defd75d-fd91-40fa-99d4-33ecc9477a20 None None] REQUEST_METHOD: `POST` {{(pid=81556) log_request_info /opt/stack/keystone/keystone/server/flask/request_processing/req_logging.py:26}}
Nov 13 00:01:19 ubuntu devstack@keystone.service[81555]: [pid: 81555|app: 0|req: 7/11] 10.201.5.82 () {54 vars in 919 bytes} [Thu Nov 13 00:01:19 2025] GET /identity => generated 270 bytes in 1 msecs (HTTP/1.1 300) 6 headers in 234 bytes (2 switches on core 0)
Nov 13 00:01:19 ubuntu devstack@keystone.service[81556]: DEBUG keystone.server.flask.request_processing.req_logging [None req-0defd75d-fd91-40fa-99d4-33ecc9477a20 None None] SCRIPT_NAME: `/identity` {{(pid=81556) log_request_info /opt/stack/keystone/keystone/server/flask/request_processing/req_logging.py:27}}
Nov 13 00:01:19 ubuntu devstack@keystone.service[81556]: DEBUG keystone.server.flask.request_processing.req_logging [None req-0defd75d-fd91-40fa-99d4-33ecc9477a20 None None] PATH_INFO: `/v3/auth/tokens` {{(pid=81556) log_request_info /opt/stack/keystone/keystone/server/flask/request_processing/req_logging.py:28}}
Nov 13 00:01:19 ubuntu devstack@keystone.service[81555]: DEBUG keystone.server.flask.request_processing.req_logging [None req-8c313e96-3231-4985-9aa2-bfd1772fde2f None None] REQUEST_METHOD: `POST` {{(pid=81555) log_request_info /opt/stack/keystone/keystone/server/flask/request_processing/req_logging.py:26}}
Nov 13 00:01:19 ubuntu devstack@keystone.service[81555]: DEBUG keystone.server.flask.request_processing.req_logging [None req-8c313e96-3231-4985-9aa2-bfd1772fde2f None None] SCRIPT_NAME: `/identity` {{(pid=81555) log_request_info /opt/stack/keystone/keystone/server/flask/request_processing/req_logging.py:27}}
Nov 13 00:01:19 ubuntu devstack@keystone.service[81555]: DEBUG keystone.server.flask.request_processing.req_logging [None req-8c313e96-3231-4985-9aa2-bfd1772fde2f None None] PATH_INFO: `/v3/auth/tokens` {{(pid=81555) log_request_info /opt/stack/keystone/keystone/server/flask/request_processing/req_logging.py:28}}
Nov 13 00:01:19 ubuntu devstack@keystone.service[81556]: WARNING keystone.common.password_hashing [None req-0defd75d-fd91-40fa-99d4-33ecc9477a20 None None] Truncating password to algorithm specific maximum length 72 characters.
Nov 13 00:01:19 ubuntu devstack@keystone.service[81555]: WARNING keystone.common.password_hashing [None req-8c313e96-3231-4985-9aa2-bfd1772fde2f None None] Truncating password to algorithm specific maximum length 72 characters.
Nov 13 00:01:19 ubuntu devstack@keystone.service[81556]: DEBUG keystone.auth.core [None req-0defd75d-fd91-40fa-99d4-33ecc9477a20 None None] MFA Rules not processed for user `e4758a08486d464dbc1378d9cf6cc971`. Rule list: `[]` (Enabled: `True`). {{(pid=81556) check_auth_methods_against_rules /opt/stack/keystone/keystone/auth/core.py:476}}
Nov 13 00:01:19 ubuntu devstack@keystone.service[81556]: DEBUG keystone.common.fernet_utils [None req-0defd75d-fd91-40fa-99d4-33ecc9477a20 None None] Loaded 2 Fernet keys from /etc/keystone/fernet-keys/, but `[fernet_tokens] max_active_keys = 3`; perhaps there have not been enough key rotations to reach `max_active_keys` yet? {{(pid=81556) load_keys /opt/stack/keystone/keystone/common/fernet_utils.py:297}}
Nov 13 00:01:19 ubuntu devstack@keystone.service[81555]: DEBUG keystone.auth.core [None req-8c313e96-3231-4985-9aa2-bfd1772fde2f None None] MFA Rules not processed for user `e4758a08486d464dbc1378d9cf6cc971`. Rule list: `[]` (Enabled: `True`). {{(pid=81555) check_auth_methods_against_rules /opt/stack/keystone/keystone/auth/core.py:476}}
Nov 13 00:01:19 ubuntu devstack@keystone.service[81555]: DEBUG keystone.common.fernet_utils [None req-8c313e96-3231-4985-9aa2-bfd1772fde2f None None] Loaded 2 Fernet keys from /etc/keystone/fernet-keys/, but `[fernet_tokens] max_active_keys = 3`; perhaps there have not been enough key rotations to reach `max_active_keys` yet? {{(pid=81555) load_keys /opt/stack/keystone/keystone/common/fernet_utils.py:297}}
Nov 13 00:01:19 ubuntu devstack@keystone.service[81556]: [pid: 81556|app: 0|req: 5/12] 10.201.5.82 () {58 vars in 1016 bytes} [Thu Nov 13 00:01:19 2025] POST /identity/v3/auth/tokens => generated 862 bytes in 72 msecs (HTTP/1.1 201) 6 headers in 363 bytes (1 switches on core 0)
Nov 13 00:01:19 ubuntu devstack@keystone.service[81555]: [pid: 81555|app: 0|req: 8/13] 10.201.5.82 () {58 vars in 1016 bytes} [Thu Nov 13 00:01:19 2025] POST /identity/v3/auth/tokens => generated 862 bytes in 75 msecs (HTTP/1.1 201) 6 headers in 363 bytes (1 switches on core 0)
Nov 13 00:01:19 ubuntu devstack@keystone.service[81556]: DEBUG keystone.server.flask.request_processing.middleware.auth_context [None req-0defd75d-fd91-40fa-99d4-33ecc9477a20 None None] Authenticating user token {{(pid=81556) process_request /opt/stack/data/venv/lib/python3.10/site-packages/keystonemiddleware/auth_token/__init__.py:407}}
Nov 13 00:01:19 ubuntu devstack@keystone.service[81555]: DEBUG keystone.server.flask.request_processing.middleware.auth_context [None req-8c313e96-3231-4985-9aa2-bfd1772fde2f None None] Authenticating user token {{(pid=81555) process_request /opt/stack/data/venv/lib/python3.10/site-packages/keystonemiddleware/auth_token/__init__.py:407}}
Nov 13 00:01:19 ubuntu devstack@keystone.service[81555]: DEBUG keystone.server.flask.request_processing.middleware.auth_context [None req-8c313e96-3231-4985-9aa2-bfd1772fde2f None None] Validating token access rules against request {{(pid=81555) validate_allowed_request /opt/stack/data/venv/lib/python3.10/site-packages/keystonemiddleware/auth_token/__init__.py:545}}
Nov 13 00:01:19 ubuntu devstack@keystone.service[81556]: DEBUG keystone.server.flask.request_processing.middleware.auth_context [None req-0defd75d-fd91-40fa-99d4-33ecc9477a20 None None] Validating token access rules against request {{(pid=81556) validate_allowed_request /opt/stack/data/venv/lib/python3.10/site-packages/keystonemiddleware/auth_token/__init__.py:545}}
Nov 13 00:01:19 ubuntu devstack@keystone.service[81555]: DEBUG keystone.server.flask.request_processing.middleware.auth_context [None req-8c2f9b19-d698-4356-b89f-6aa36589f23e None admin] RBAC: auth_context: {'token': <TokenModel (audit_id=irAMmdt7QG-qU7W6lh9FXA, audit_chain_id=['irAMmdt7QG-qU7W6lh9FXA']) at 0x7f909df9fcd0>, 'domain_id': None, 'trust_id': None, 'trustor_id': None, 'trustee_id': None, 'domain_name': None, 'group_ids': [], 'user_id': 'e4758a08486d464dbc1378d9cf6cc971', 'user_domain_id': 'default', 'system_scope': 'all', 'project_id': None, 'project_domain_id': None, 'roles': ['admin', 'manager', 'member', 'reader'], 'is_admin_project': True, 'service_user_id': None, 'service_user_domain_id': None, 'service_project_id': None, 'service_project_domain_id': None, 'service_roles': []} {{(pid=81555) fill_context /opt/stack/keystone/keystone/server/flask/request_processing/middleware/auth_context.py:509}}
Nov 13 00:01:19 ubuntu devstack@keystone.service[81555]: DEBUG keystone.server.flask.request_processing.req_logging [None req-8c2f9b19-d698-4356-b89f-6aa36589f23e None admin] REQUEST_METHOD: `POST` {{(pid=81555) log_request_info /opt/stack/keystone/keystone/server/flask/request_processing/req_logging.py:26}}
Nov 13 00:01:19 ubuntu devstack@keystone.service[81555]: DEBUG keystone.server.flask.request_processing.req_logging [None req-8c2f9b19-d698-4356-b89f-6aa36589f23e None admin] SCRIPT_NAME: `/identity` {{(pid=81555) log_request_info /opt/stack/keystone/keystone/server/flask/request_processing/req_logging.py:27}}
Nov 13 00:01:19 ubuntu devstack@keystone.service[81555]: DEBUG keystone.server.flask.request_processing.req_logging [None req-8c2f9b19-d698-4356-b89f-6aa36589f23e None admin] PATH_INFO: `/v3/domains` {{(pid=81555) log_request_info /opt/stack/keystone/keystone/server/flask/request_processing/req_logging.py:28}}
Nov 13 00:01:19 ubuntu devstack@keystone.service[81555]: DEBUG keystone.common.rbac_enforcer.enforcer [None req-8c2f9b19-d698-4356-b89f-6aa36589f23e None admin] RBAC: Authorizing `identity:create_domain()` {{(pid=81555) enforce_call /opt/stack/keystone/keystone/common/rbac_enforcer/enforcer.py:494}}
Nov 13 00:01:19 ubuntu devstack@keystone.service[81555]: DEBUG keystone.common.rbac_enforcer.enforcer [None req-8c2f9b19-d698-4356-b89f-6aa36589f23e None admin] RBAC: Authorization granted {{(pid=81555) enforce_call /opt/stack/keystone/keystone/common/rbac_enforcer/enforcer.py:505}}
Nov 13 00:01:19 ubuntu devstack@keystone.service[81555]: DEBUG keystone.common.sql.core [None req-8c2f9b19-d698-4356-b89f-6aa36589f23e None admin] Conflict project: (pymysql.err.IntegrityError) (1062, "Duplicate entry '<<keystone.domain.root>>-Default' for key 'project.ixu_project_name_domain_id'")
Nov 13 00:01:19 ubuntu devstack@keystone.service[81555]: [SQL: INSERT INTO project (id, name, domain_id, description, enabled, extra, parent_id, is_domain) VALUES (%(id)s, %(name)s, %(domain_id)s, %(description)s, %(enabled)s, %(extra)s, %(parent_id)s, %(is_domain)s)]
Nov 13 00:01:19 ubuntu devstack@keystone.service[81555]: [parameters: {'id': 'd2d314ba847c4c8ca04af9030cf040ac', 'name': 'Default', 'domain_id': '<<keystone.domain.root>>', 'description': '', 'enabled': 1, 'extra': '{}', 'parent_id': None, 'is_domain': 1}]
Nov 13 00:01:19 ubuntu devstack@keystone.service[81555]: (Background on this error at: https://sqlalche.me/e/20/gkpj) {{(pid=81555) wrapper /opt/stack/keystone/keystone/common/sql/core.py:580}}
Nov 13 00:01:19 ubuntu devstack@keystone.service[81556]: DEBUG keystone.server.flask.request_processing.middleware.auth_context [None req-69f69f26-2b48-4d00-919c-074755c31c08 None admin] RBAC: auth_context: {'token': <TokenModel (audit_id=0tYjMoEBTTWFpxSYt4P0AQ, audit_chain_id=['0tYjMoEBTTWFpxSYt4P0AQ']) at 0x7f909df974f0>, 'domain_id': None, 'trust_id': None, 'trustor_id': None, 'trustee_id': None, 'domain_name': None, 'group_ids': [], 'user_id': 'e4758a08486d464dbc1378d9cf6cc971', 'user_domain_id': 'default', 'system_scope': 'all', 'project_id': None, 'project_domain_id': None, 'roles': ['admin', 'manager', 'member', 'reader'], 'is_admin_project': True, 'service_user_id': None, 'service_user_domain_id': None, 'service_project_id': None, 'service_project_domain_id': None, 'service_roles': []} {{(pid=81556) fill_context /opt/stack/keystone/keystone/server/flask/request_processing/middleware/auth_context.py:509}}
Nov 13 00:01:19 ubuntu devstack@keystone.service[81556]: DEBUG keystone.server.flask.request_processing.req_logging [None req-69f69f26-2b48-4d00-919c-074755c31c08 None admin] REQUEST_METHOD: `GET` {{(pid=81556) log_request_info /opt/stack/keystone/keystone/server/flask/request_processing/req_logging.py:26}}
Nov 13 00:01:19 ubuntu devstack@keystone.service[81556]: DEBUG keystone.server.flask.request_processing.req_logging [None req-69f69f26-2b48-4d00-919c-074755c31c08 None admin] SCRIPT_NAME: `/identity` {{(pid=81556) log_request_info /opt/stack/keystone/keystone/server/flask/request_processing/req_logging.py:27}}
Nov 13 00:01:19 ubuntu devstack@keystone.service[81556]: DEBUG keystone.server.flask.request_processing.req_logging [None req-69f69f26-2b48-4d00-919c-074755c31c08 None admin] PATH_INFO: `/v3/roles/admin` {{(pid=81556) log_request_info /opt/stack/keystone/keystone/server/flask/request_processing/req_logging.py:28}}
Nov 13 00:01:19 ubuntu devstack@keystone.service[81555]: ERROR keystone.server.flask.application [None req-8c2f9b19-d698-4356-b89f-6aa36589f23e None admin] Conflict occurred attempting to store project - it is not permitted to have two projects acting as domains with the same name: Default.: keystone.exception.Conflict: Conflict occurred attempting to store project - it is not permitted to have two projects acting as domains with the same name: Default.
Nov 13 00:01:19 ubuntu devstack@keystone.service[81555]: ERROR keystone.server.flask.application Traceback (most recent call last):
Nov 13 00:01:19 ubuntu devstack@keystone.service[81555]: ERROR keystone.server.flask.application   File "/opt/stack/data/venv/lib/python3.10/site-packages/sqlalchemy/engine/base.py", line 1967, in _exec_single_context
Nov 13 00:01:19 ubuntu devstack@keystone.service[81555]: ERROR keystone.server.flask.application     self.dialect.do_execute(
Nov 13 00:01:19 ubuntu devstack@keystone.service[81555]: ERROR keystone.server.flask.application   File "/opt/stack/data/venv/lib/python3.10/site-packages/sqlalchemy/engine/default.py", line 951, in do_execute
Nov 13 00:01:19 ubuntu devstack@keystone.service[81555]: ERROR keystone.server.flask.application     cursor.execute(statement, parameters)
Nov 13 00:01:19 ubuntu devstack@keystone.service[81555]: ERROR keystone.server.flask.application   File "/opt/stack/data/venv/lib/python3.10/site-packages/pymysql/cursors.py", line 153, in execute
Nov 13 00:01:19 ubuntu devstack@keystone.service[81555]: ERROR keystone.server.flask.application     result = self._query(query)
Nov 13 00:01:19 ubuntu devstack@keystone.service[81555]: ERROR keystone.server.flask.application   File "/opt/stack/data/venv/lib/python3.10/site-packages/pymysql/cursors.py", line 322, in _query
Nov 13 00:01:19 ubuntu devstack@keystone.service[81555]: ERROR keystone.server.flask.application     conn.query(q)
Nov 13 00:01:19 ubuntu devstack@keystone.service[81555]: ERROR keystone.server.flask.application   File "/opt/stack/data/venv/lib/python3.10/site-packages/pymysql/connections.py", line 575, in query
Nov 13 00:01:19 ubuntu devstack@keystone.service[81555]: ERROR keystone.server.flask.application     self._affected_rows = self._read_query_result(unbuffered=unbuffered)
Nov 13 00:01:19 ubuntu devstack@keystone.service[81555]: ERROR keystone.server.flask.application   File "/opt/stack/data/venv/lib/python3.10/site-packages/pymysql/connections.py", line 826, in _read_query_result
Nov 13 00:01:19 ubuntu devstack@keystone.service[81555]: ERROR keystone.server.flask.application     result.read()
Nov 13 00:01:19 ubuntu devstack@keystone.service[81555]: ERROR keystone.server.flask.application   File "/opt/stack/data/venv/lib/python3.10/site-packages/pymysql/connections.py", line 1203, in read
Nov 13 00:01:19 ubuntu devstack@keystone.service[81555]: ERROR keystone.server.flask.application     first_packet = self.connection._read_packet()
