Apr 08 07:48:45 ubuntu devstack@keystone.service[80708]: DEBUG keystone.server.flask.common [-] Adding resource routes to API system: ['/system/groups/<string:group_id>/roles' {}] {{(pid=80708) _add_mapped_resources /opt/stack/keystone/keystone/server/flask/common.py:483}}
Apr 08 07:48:45 ubuntu devstack@keystone.service[80708]: DEBUG keystone.server.flask.common [-] Adding resource routes to API system: ['/system/groups/<string:group_id>/roles/<string:role_id>' {}] {{(pid=80708) _add_mapped_resources /opt/stack/keystone/keystone/server/flask/common.py:483}}
Apr 08 07:48:45 ubuntu devstack@keystone.service[80708]: DEBUG keystone.server.flask.common [-] Adding resource routes to API trusts: ['/trusts' {}] {{(pid=80708) _add_mapped_resources /opt/stack/keystone/keystone/server/flask/common.py:483}}
Apr 08 07:48:45 ubuntu devstack@keystone.service[80708]: DEBUG keystone.server.flask.common [-] Adding resource routes to API trusts: ['/trusts/<string:trust_id>' {}] {{(pid=80708) _add_mapped_resources /opt/stack/keystone/keystone/server/flask/common.py:483}}
Apr 08 07:48:45 ubuntu devstack@keystone.service[80708]: DEBUG keystone.server.flask.common [-] Adding resource routes to API trusts: ['/trusts/<string:trust_id>/roles' {}] {{(pid=80708) _add_mapped_resources /opt/stack/keystone/keystone/server/flask/common.py:483}}
Apr 08 07:48:45 ubuntu devstack@keystone.service[80708]: DEBUG keystone.server.flask.common [-] Adding resource routes to API trusts: ['/trusts/<string:trust_id>/roles/<string:role_id>' {}] {{(pid=80708) _add_mapped_resources /opt/stack/keystone/keystone/server/flask/common.py:483}}
Apr 08 07:48:45 ubuntu devstack@keystone.service[80708]: DEBUG keystone.server.flask.common [-] Adding resource routes to API users: ['/users' {}] {{(pid=80708) _add_mapped_resources /opt/stack/keystone/keystone/server/flask/common.py:483}}
Apr 08 07:48:45 ubuntu devstack@keystone.service[80708]: DEBUG keystone.server.flask.common [-] Adding resource routes to API users: ['/users/<string:user_id>' {}] {{(pid=80708) _add_mapped_resources /opt/stack/keystone/keystone/server/flask/common.py:483}}
Apr 08 07:48:45 ubuntu devstack@keystone.service[80708]: DEBUG keystone.server.flask.common [-] Adding resource routes to API users: ['/users/<string:user_id>/password' {}] {{(pid=80708) _add_mapped_resources /opt/stack/keystone/keystone/server/flask/common.py:483}}
Apr 08 07:48:45 ubuntu devstack@keystone.service[80708]: DEBUG keystone.server.flask.common [-] Adding resource routes to API users: ['/users/<string:user_id>/groups' {}] {{(pid=80708) _add_mapped_resources /opt/stack/keystone/keystone/server/flask/common.py:483}}
Apr 08 07:48:45 ubuntu devstack@keystone.service[80708]: DEBUG keystone.server.flask.common [-] Adding resource routes to API users: ['/users/<string:user_id>/projects' {}] {{(pid=80708) _add_mapped_resources /opt/stack/keystone/keystone/server/flask/common.py:483}}
Apr 08 07:48:45 ubuntu devstack@keystone.service[80708]: DEBUG keystone.server.flask.common [-] Adding resource routes to API users: ['/users/<string:user_id>/credentials/OS-EC2' {}] {{(pid=80708) _add_mapped_resources /opt/stack/keystone/keystone/server/flask/common.py:483}}
Apr 08 07:48:45 ubuntu devstack@keystone.service[80708]: DEBUG keystone.server.flask.common [-] Adding resource routes to API users: ['/users/<string:user_id>/credentials/OS-EC2/<string:credential_id>' {}] {{(pid=80708) _add_mapped_resources /opt/stack/keystone/keystone/server/flask/common.py:483}}
Apr 08 07:48:45 ubuntu devstack@keystone.service[80708]: DEBUG keystone.server.flask.common [-] Adding resource routes to API users: ['/users/<string:user_id>/OS-OAUTH1/access_tokens' {}] {{(pid=80708) _add_mapped_resources /opt/stack/keystone/keystone/server/flask/common.py:483}}
Apr 08 07:48:45 ubuntu devstack@keystone.service[80708]: DEBUG keystone.server.flask.common [-] Adding resource routes to API users: ['/users/<string:user_id>/OS-OAUTH1/access_tokens/<string:access_token_id>' {}] {{(pid=80708) _add_mapped_resources /opt/stack/keystone/keystone/server/flask/common.py:483}}
Apr 08 07:48:45 ubuntu devstack@keystone.service[80708]: DEBUG keystone.server.flask.common [-] Adding resource routes to API users: ['/users/<string:user_id>/OS-OAUTH1/access_tokens/<string:access_token_id>/roles' {}] {{(pid=80708) _add_mapped_resources /opt/stack/keystone/keystone/server/flask/common.py:483}}
Apr 08 07:48:45 ubuntu devstack@keystone.service[80708]: DEBUG keystone.server.flask.common [-] Adding resource routes to API users: ['/users/<string:user_id>/OS-OAUTH1/access_tokens/<string:access_token_id>/roles/<string:role_id>' {}] {{(pid=80708) _add_mapped_resources /opt/stack/keystone/keystone/server/flask/common.py:483}}
Apr 08 07:48:45 ubuntu devstack@keystone.service[80708]: DEBUG keystone.server.flask.common [-] Adding resource routes to API users: ['/users/<string:user_id>/application_credentials' {}] {{(pid=80708) _add_mapped_resources /opt/stack/keystone/keystone/server/flask/common.py:483}}
Apr 08 07:48:45 ubuntu devstack@keystone.service[80708]: DEBUG keystone.server.flask.common [-] Adding resource routes to API users: ['/users/<string:user_id>/application_credentials/<string:application_credential_id>' {}] {{(pid=80708) _add_mapped_resources /opt/stack/keystone/keystone/server/flask/common.py:483}}
Apr 08 07:48:45 ubuntu devstack@keystone.service[80708]: DEBUG keystone.server.flask.common [-] Adding resource routes to API users: ['/users/<string:user_id>/access_rules' {}] {{(pid=80708) _add_mapped_resources /opt/stack/keystone/keystone/server/flask/common.py:483}}
Apr 08 07:48:45 ubuntu devstack@keystone.service[80708]: DEBUG keystone.server.flask.common [-] Adding resource routes to API users: ['/users/<string:user_id>/access_rules/<string:access_rule_id>' {}] {{(pid=80708) _add_mapped_resources /opt/stack/keystone/keystone/server/flask/common.py:483}}
Apr 08 07:48:45 ubuntu devstack@keystone.service[80709]: WSGI app 0 (mountpoint='') ready in 2 seconds on interpreter 0x55b9b785ed40 pid: 80709 (default app)
Apr 08 07:48:45 ubuntu devstack@keystone.service[80709]: DEBUG keystone.server.flask.request_processing.req_logging [None req-7662b225-21bb-4434-8dde-71a0e96841ce None None] REQUEST_METHOD: `GET` {{(pid=80709) log_request_info /opt/stack/keystone/keystone/server/flask/request_processing/req_logging.py:26}}
Apr 08 07:48:45 ubuntu devstack@keystone.service[80709]: DEBUG keystone.server.flask.request_processing.req_logging [None req-7662b225-21bb-4434-8dde-71a0e96841ce None None] SCRIPT_NAME: `/identity` {{(pid=80709) log_request_info /opt/stack/keystone/keystone/server/flask/request_processing/req_logging.py:27}}
Apr 08 07:48:45 ubuntu devstack@keystone.service[80709]: DEBUG keystone.server.flask.request_processing.req_logging [None req-7662b225-21bb-4434-8dde-71a0e96841ce None None] PATH_INFO: `/v3` {{(pid=80709) log_request_info /opt/stack/keystone/keystone/server/flask/request_processing/req_logging.py:28}}
Apr 08 07:48:45 ubuntu devstack@keystone.service[80709]: [pid: 80709|app: 0|req: 1/1] 10.201.5.82 () {50 vars in 783 bytes} [Tue Apr  8 07:48:45 2025] GET /identity/v3/ => generated 255 bytes in 3 msecs (HTTP/1.1 200) 5 headers in 177 bytes (1 switches on core 0)
Apr 08 07:48:45 ubuntu devstack@keystone.service[80708]: WSGI app 0 (mountpoint='') ready in 2 seconds on interpreter 0x55b9b785ed40 pid: 80708 (default app)
Apr 08 07:48:51 ubuntu devstack@keystone.service[80709]: DEBUG keystone.server.flask.request_processing.req_logging [None req-eccf2ea4-f200-459f-b132-b2de7947810a None None] REQUEST_METHOD: `GET` {{(pid=80709) log_request_info /opt/stack/keystone/keystone/server/flask/request_processing/req_logging.py:26}}
Apr 08 07:48:51 ubuntu devstack@keystone.service[80709]: DEBUG keystone.server.flask.request_processing.req_logging [None req-eccf2ea4-f200-459f-b132-b2de7947810a None None] SCRIPT_NAME: `/identity` {{(pid=80709) log_request_info /opt/stack/keystone/keystone/server/flask/request_processing/req_logging.py:27}}
Apr 08 07:48:51 ubuntu devstack@keystone.service[80709]: DEBUG keystone.server.flask.request_processing.req_logging [None req-eccf2ea4-f200-459f-b132-b2de7947810a None None] PATH_INFO: `/` {{(pid=80709) log_request_info /opt/stack/keystone/keystone/server/flask/request_processing/req_logging.py:28}}
Apr 08 07:48:51 ubuntu devstack@keystone.service[80709]: [pid: 80709|app: 0|req: 2/2] 10.201.5.82 () {54 vars in 919 bytes} [Tue Apr  8 07:48:51 2025] GET /identity => generated 270 bytes in 2 msecs (HTTP/1.1 300) 6 headers in 234 bytes (2 switches on core 0)
Apr 08 07:48:51 ubuntu devstack@keystone.service[80708]: DEBUG keystone.server.flask.request_processing.req_logging [None req-71952d6c-fd42-43aa-be3f-bf579e505320 None None] REQUEST_METHOD: `POST` {{(pid=80708) log_request_info /opt/stack/keystone/keystone/server/flask/request_processing/req_logging.py:26}}
Apr 08 07:48:51 ubuntu devstack@keystone.service[80708]: DEBUG keystone.server.flask.request_processing.req_logging [None req-71952d6c-fd42-43aa-be3f-bf579e505320 None None] SCRIPT_NAME: `/identity` {{(pid=80708) log_request_info /opt/stack/keystone/keystone/server/flask/request_processing/req_logging.py:27}}
Apr 08 07:48:51 ubuntu devstack@keystone.service[80708]: DEBUG keystone.server.flask.request_processing.req_logging [None req-71952d6c-fd42-43aa-be3f-bf579e505320 None None] PATH_INFO: `/v3/auth/tokens` {{(pid=80708) log_request_info /opt/stack/keystone/keystone/server/flask/request_processing/req_logging.py:28}}
Apr 08 07:48:51 ubuntu devstack@keystone.service[80708]: INFO dbcounter [None req-71952d6c-fd42-43aa-be3f-bf579e505320 None None] Registered counter for database keystone
Apr 08 07:48:51 ubuntu devstack@keystone.service[80708]: DEBUG oslo_db.sqlalchemy.engines [None req-71952d6c-fd42-43aa-be3f-bf579e505320 None None] MySQL server mode set to STRICT_TRANS_TABLES,STRICT_ALL_TABLES,NO_ZERO_IN_DATE,NO_ZERO_DATE,ERROR_FOR_DIVISION_BY_ZERO,TRADITIONAL,NO_ENGINE_SUBSTITUTION {{(pid=80708) _check_effective_sql_mode /opt/stack/data/venv/lib/python3.10/site-packages/oslo_db/sqlalchemy/engines.py:397}}
Apr 08 07:48:51 ubuntu devstack@keystone.service[80708]: DEBUG dbcounter [-] [80708] Writer thread running {{(pid=80708) stat_writer /opt/stack/data/venv/lib/python3.10/site-packages/dbcounter.py:102}}
Apr 08 07:48:51 ubuntu devstack@keystone.service[80708]: WARNING keystone.common.password_hashing [None req-71952d6c-fd42-43aa-be3f-bf579e505320 None None] Truncating password to algorithm specific maximum length 72 characters.
Apr 08 07:48:51 ubuntu devstack@keystone.service[80708]: DEBUG keystone.auth.core [None req-71952d6c-fd42-43aa-be3f-bf579e505320 None None] MFA Rules not processed for user `95f9125e0f7d4f608eac2db8c4fe878b`. Rule list: `[]` (Enabled: `True`). {{(pid=80708) check_auth_methods_against_rules /opt/stack/keystone/keystone/auth/core.py:476}}
Apr 08 07:48:51 ubuntu devstack@keystone.service[80708]: DEBUG keystone.common.fernet_utils [None req-71952d6c-fd42-43aa-be3f-bf579e505320 None None] Loaded 2 Fernet keys from /etc/keystone/fernet-keys/, but `[fernet_tokens] max_active_keys = 3`; perhaps there have not been enough key rotations to reach `max_active_keys` yet? {{(pid=80708) load_keys /opt/stack/keystone/keystone/common/fernet_utils.py:297}}
Apr 08 07:48:51 ubuntu devstack@keystone.service[80708]: [pid: 80708|app: 0|req: 1/3] 10.201.5.82 () {58 vars in 1016 bytes} [Tue Apr  8 07:48:51 2025] POST /identity/v3/auth/tokens => generated 977 bytes in 306 msecs (HTTP/1.1 201) 6 headers in 384 bytes (1 switches on core 0)
Apr 08 07:48:51 ubuntu devstack@keystone.service[80709]: DEBUG keystone.server.flask.request_processing.middleware.auth_context [None req-eccf2ea4-f200-459f-b132-b2de7947810a None None] Authenticating user token {{(pid=80709) process_request /opt/stack/data/venv/lib/python3.10/site-packages/keystonemiddleware/auth_token/__init__.py:406}}
Apr 08 07:48:51 ubuntu devstack@keystone.service[80709]: INFO dbcounter [None req-eccf2ea4-f200-459f-b132-b2de7947810a None None] Registered counter for database keystone
Apr 08 07:48:51 ubuntu devstack@keystone.service[80709]: DEBUG oslo_db.sqlalchemy.engines [None req-eccf2ea4-f200-459f-b132-b2de7947810a None None] MySQL server mode set to STRICT_TRANS_TABLES,STRICT_ALL_TABLES,NO_ZERO_IN_DATE,NO_ZERO_DATE,ERROR_FOR_DIVISION_BY_ZERO,TRADITIONAL,NO_ENGINE_SUBSTITUTION {{(pid=80709) _check_effective_sql_mode /opt/stack/data/venv/lib/python3.10/site-packages/oslo_db/sqlalchemy/engines.py:397}}
Apr 08 07:48:51 ubuntu devstack@keystone.service[80709]: DEBUG dbcounter [-] [80709] Writer thread running {{(pid=80709) stat_writer /opt/stack/data/venv/lib/python3.10/site-packages/dbcounter.py:102}}
Apr 08 07:48:51 ubuntu devstack@keystone.service[80709]: DEBUG keystone.server.flask.request_processing.middleware.auth_context [None req-eccf2ea4-f200-459f-b132-b2de7947810a None None] Validating token access rules against request {{(pid=80709) validate_allowed_request /opt/stack/data/venv/lib/python3.10/site-packages/keystonemiddleware/auth_token/__init__.py:544}}
Apr 08 07:48:51 ubuntu devstack@keystone.service[80709]: DEBUG keystone.server.flask.request_processing.middleware.auth_context [None req-bdc3caa1-8b19-48da-aee8-19e4af32e267 admin admin] RBAC: auth_context: {'token': <TokenModel (audit_id=mCLlvo5_TdmYHLGDakAsIQ, audit_chain_id=['mCLlvo5_TdmYHLGDakAsIQ']) at 0x7f7f30315300>, 'domain_id': None, 'trust_id': None, 'trustor_id': None, 'trustee_id': None, 'domain_name': None, 'group_ids': [], 'user_id': '95f9125e0f7d4f608eac2db8c4fe878b', 'user_domain_id': 'default', 'system_scope': None, 'project_id': '728543176ce9445f9fc7a0b479c40807', 'project_domain_id': 'default', 'roles': ['admin', 'member', 'reader', 'manager'], 'is_admin_project': True, 'service_user_id': None, 'service_user_domain_id': None, 'service_project_id': None, 'service_project_domain_id': None, 'service_roles': []} {{(pid=80709) fill_context /opt/stack/keystone/keystone/server/flask/request_processing/middleware/auth_context.py:506}}
Apr 08 07:48:51 ubuntu devstack@keystone.service[80709]: DEBUG keystone.server.flask.request_processing.req_logging [None req-bdc3caa1-8b19-48da-aee8-19e4af32e267 admin admin] REQUEST_METHOD: `GET` {{(pid=80709) log_request_info /opt/stack/keystone/keystone/server/flask/request_processing/req_logging.py:26}}
Apr 08 07:48:51 ubuntu devstack@keystone.service[80709]: DEBUG keystone.server.flask.request_processing.req_logging [None req-bdc3caa1-8b19-48da-aee8-19e4af32e267 admin admin] SCRIPT_NAME: `/identity` {{(pid=80709) log_request_info /opt/stack/keystone/keystone/server/flask/request_processing/req_logging.py:27}}
Apr 08 07:48:51 ubuntu devstack@keystone.service[80709]: DEBUG keystone.server.flask.request_processing.req_logging [None req-bdc3caa1-8b19-48da-aee8-19e4af32e267 admin admin] PATH_INFO: `/v3/auth/tokens` {{(pid=80709) log_request_info /opt/stack/keystone/keystone/server/flask/request_processing/req_logging.py:28}}
Apr 08 07:48:51 ubuntu devstack@keystone.service[80709]: DEBUG keystone.common.rbac_enforcer.enforcer [None req-bdc3caa1-8b19-48da-aee8-19e4af32e267 admin admin] RBAC: Authorizing `identity:validate_token()` {{(pid=80709) enforce_call /opt/stack/keystone/keystone/common/rbac_enforcer/enforcer.py:495}}
Apr 08 07:48:51 ubuntu devstack@keystone.service[80709]: WARNING keystone.common.rbac_enforcer.enforcer [None req-bdc3caa1-8b19-48da-aee8-19e4af32e267 admin admin] Deprecated policy rules found. Use oslopolicy-policy-generator and oslopolicy-policy-upgrade to detect and resolve deprecated policies in your configuration.
Apr 08 07:48:51 ubuntu devstack@keystone.service[80709]: DEBUG keystone.common.rbac_enforcer.enforcer [None req-bdc3caa1-8b19-48da-aee8-19e4af32e267 admin admin] RBAC: Authorization granted {{(pid=80709) enforce_call /opt/stack/keystone/keystone/common/rbac_enforcer/enforcer.py:506}}
Apr 08 07:48:51 ubuntu devstack@keystone.service[80709]: [pid: 80709|app: 0|req: 3/4] 10.201.5.82 () {58 vars in 1316 bytes} [Tue Apr  8 07:48:51 2025] GET /identity/v3/auth/tokens => generated 977 bytes in 160 msecs (HTTP/1.1 200) 6 headers in 379 bytes (1 switches on core 0)
Apr 08 07:48:51 ubuntu devstack@keystone.service[80708]: DEBUG keystone.server.flask.request_processing.middleware.auth_context [None req-71952d6c-fd42-43aa-be3f-bf579e505320 None None] Authenticating user token {{(pid=80708) process_request /opt/stack/data/venv/lib/python3.10/site-packages/keystonemiddleware/auth_token/__init__.py:406}}
Apr 08 07:48:51 ubuntu devstack@keystone.service[80708]: DEBUG keystone.server.flask.request_processing.middleware.auth_context [None req-71952d6c-fd42-43aa-be3f-bf579e505320 None None] Validating token access rules against request {{(pid=80708) validate_allowed_request /opt/stack/data/venv/lib/python3.10/site-packages/keystonemiddleware/auth_token/__init__.py:544}}
Apr 08 07:48:51 ubuntu devstack@keystone.service[80708]: DEBUG keystone.server.flask.request_processing.middleware.auth_context [None req-f7de1cc5-b4ff-4b1d-ad55-cc446a783eaa admin admin] RBAC: auth_context: {'token': <TokenModel (audit_id=mCLlvo5_TdmYHLGDakAsIQ, audit_chain_id=['mCLlvo5_TdmYHLGDakAsIQ']) at 0x7f7f3051dc30>, 'domain_id': None, 'trust_id': None, 'trustor_id': None, 'trustee_id': None, 'domain_name': None, 'group_ids': [], 'user_id': '95f9125e0f7d4f608eac2db8c4fe878b', 'user_domain_id': 'default', 'system_scope': None, 'project_id': '728543176ce9445f9fc7a0b479c40807', 'project_domain_id': 'default', 'roles': ['admin', 'member', 'reader', 'manager'], 'is_admin_project': True, 'service_user_id': None, 'service_user_domain_id': None, 'service_project_id': None, 'service_project_domain_id': None, 'service_roles': []} {{(pid=80708) fill_context /opt/stack/keystone/keystone/server/flask/request_processing/middleware/auth_context.py:506}}
Apr 08 07:48:51 ubuntu devstack@keystone.service[80708]: DEBUG keystone.server.flask.request_processing.req_logging [None req-f7de1cc5-b4ff-4b1d-ad55-cc446a783eaa admin admin] REQUEST_METHOD: `GET` {{(pid=80708) log_request_info /opt/stack/keystone/keystone/server/flask/request_processing/req_logging.py:26}}
Apr 08 07:48:51 ubuntu devstack@keystone.service[80708]: DEBUG keystone.server.flask.request_processing.req_logging [None req-f7de1cc5-b4ff-4b1d-ad55-cc446a783eaa admin admin] SCRIPT_NAME: `/identity` {{(pid=80708) log_request_info /opt/stack/keystone/keystone/server/flask/request_processing/req_logging.py:27}}
Apr 08 07:48:51 ubuntu devstack@keystone.service[80708]: DEBUG keystone.server.flask.request_processing.req_logging [None req-f7de1cc5-b4ff-4b1d-ad55-cc446a783eaa admin admin] PATH_INFO: `/v3/projects/728543176ce9445f9fc7a0b479c40807` {{(pid=80708) log_request_info /opt/stack/keystone/keystone/server/flask/request_processing/req_logging.py:28}}
Apr 08 07:48:51 ubuntu devstack@keystone.service[80708]: DEBUG keystone.common.rbac_enforcer.enforcer [None req-f7de1cc5-b4ff-4b1d-ad55-cc446a783eaa admin admin] RBAC: Authorizing `identity:get_project(project_id=728543176ce9445f9fc7a0b479c40807)` {{(pid=80708) enforce_call /opt/stack/keystone/keystone/common/rbac_enforcer/enforcer.py:495}}
Apr 08 07:48:51 ubuntu devstack@keystone.service[80708]: WARNING keystone.common.rbac_enforcer.enforcer [None req-f7de1cc5-b4ff-4b1d-ad55-cc446a783eaa admin admin] Deprecated policy rules found. Use oslopolicy-policy-generator and oslopolicy-policy-upgrade to detect and resolve deprecated policies in your configuration.
Apr 08 07:48:51 ubuntu devstack@keystone.service[80708]: DEBUG keystone.common.rbac_enforcer.enforcer [None req-f7de1cc5-b4ff-4b1d-ad55-cc446a783eaa admin admin] RBAC: Authorization granted {{(pid=80708) enforce_call /opt/stack/keystone/keystone/common/rbac_enforcer/enforcer.py:506}}
Apr 08 07:48:51 ubuntu devstack@keystone.service[80708]: [pid: 80708|app: 0|req: 2/5] 10.201.5.82 () {56 vars in 1199 bytes} [Tue Apr  8 07:48:51 2025] GET /identity/v3/projects/728543176ce9445f9fc7a0b479c40807 => generated 344 bytes in 33 msecs (HTTP/1.1 200) 5 headers in 177 bytes (1 switches on core 0)
Apr 08 07:48:52 ubuntu devstack@keystone.service[80709]: DEBUG keystone.server.flask.request_processing.req_logging [None req-45293bd6-a823-495d-8ffb-36ac1a7a1411 None None] REQUEST_METHOD: `GET` {{(pid=80709) log_request_info /opt/stack/keystone/keystone/server/flask/request_processing/req_logging.py:26}}
Apr 08 07:48:52 ubuntu devstack@keystone.service[80709]: DEBUG keystone.server.flask.request_processing.req_logging [None req-45293bd6-a823-495d-8ffb-36ac1a7a1411 None None] SCRIPT_NAME: `/identity` {{(pid=80709) log_request_info /opt/stack/keystone/keystone/server/flask/request_processing/req_logging.py:27}}
Apr 08 07:48:52 ubuntu devstack@keystone.service[80709]: DEBUG keystone.server.flask.request_processing.req_logging [None req-45293bd6-a823-495d-8ffb-36ac1a7a1411 None None] PATH_INFO: `/` {{(pid=80709) log_request_info /opt/stack/keystone/keystone/server/flask/request_processing/req_logging.py:28}}
Apr 08 07:48:52 ubuntu devstack@keystone.service[80709]: [pid: 80709|app: 0|req: 4/6] 10.201.5.82 () {54 vars in 919 bytes} [Tue Apr  8 07:48:52 2025] GET /identity => generated 270 bytes in 5 msecs (HTTP/1.1 300) 6 headers in 234 bytes (1 switches on core 0)
Apr 08 07:48:53 ubuntu devstack@keystone.service[80708]: DEBUG keystone.server.flask.request_processing.req_logging [None req-1c2b47db-675b-4693-895d-35d389820edf None None] REQUEST_METHOD: `POST` {{(pid=80708) log_request_info /opt/stack/keystone/keystone/server/flask/request_processing/req_logging.py:26}}
Apr 08 07:48:53 ubuntu devstack@keystone.service[80708]: DEBUG keystone.server.flask.request_processing.req_logging [None req-1c2b47db-675b-4693-895d-35d389820edf None None] SCRIPT_NAME: `/identity` {{(pid=80708) log_request_info /opt/stack/keystone/keystone/server/flask/request_processing/req_logging.py:27}}
Apr 08 07:48:53 ubuntu devstack@keystone.service[80708]: DEBUG keystone.server.flask.request_processing.req_logging [None req-1c2b47db-675b-4693-895d-35d389820edf None None] PATH_INFO: `/v3/auth/tokens` {{(pid=80708) log_request_info /opt/stack/keystone/keystone/server/flask/request_processing/req_logging.py:28}}
Apr 08 07:48:53 ubuntu devstack@keystone.service[80708]: WARNING keystone.common.password_hashing [None req-1c2b47db-675b-4693-895d-35d389820edf None None] Truncating password to algorithm specific maximum length 72 characters.
Apr 08 07:48:53 ubuntu devstack@keystone.service[80708]: DEBUG keystone.auth.core [None req-1c2b47db-675b-4693-895d-35d389820edf None None] MFA Rules not processed for user `95f9125e0f7d4f608eac2db8c4fe878b`. Rule list: `[]` (Enabled: `True`). {{(pid=80708) check_auth_methods_against_rules /opt/stack/keystone/keystone/auth/core.py:476}}
Apr 08 07:48:53 ubuntu devstack@keystone.service[80708]: DEBUG keystone.common.fernet_utils [None req-1c2b47db-675b-4693-895d-35d389820edf None None] Loaded 2 Fernet keys from /etc/keystone/fernet-keys/, but `[fernet_tokens] max_active_keys = 3`; perhaps there have not been enough key rotations to reach `max_active_keys` yet? {{(pid=80708) load_keys /opt/stack/keystone/keystone/common/fernet_utils.py:297}}
Apr 08 07:48:53 ubuntu devstack@keystone.service[80708]: [pid: 80708|app: 0|req: 3/7] 10.201.5.82 () {58 vars in 1016 bytes} [Tue Apr  8 07:48:53 2025] POST /identity/v3/auth/tokens => generated 977 bytes in 42 msecs (HTTP/1.1 201) 6 headers in 384 bytes (1 switches on core 0)
Apr 08 07:48:53 ubuntu devstack@keystone.service[80709]: DEBUG keystone.server.flask.request_processing.middleware.auth_context [None req-45293bd6-a823-495d-8ffb-36ac1a7a1411 None None] Authenticating user token {{(pid=80709) process_request /opt/stack/data/venv/lib/python3.10/site-packages/keystonemiddleware/auth_token/__init__.py:406}}
Apr 08 07:48:53 ubuntu devstack@keystone.service[80709]: DEBUG keystone.server.flask.request_processing.middleware.auth_context [None req-45293bd6-a823-495d-8ffb-36ac1a7a1411 None None] Validating token access rules against request {{(pid=80709) validate_allowed_request /opt/stack/data/venv/lib/python3.10/site-packages/keystonemiddleware/auth_token/__init__.py:544}}
Apr 08 07:48:53 ubuntu devstack@keystone.service[80709]: DEBUG keystone.server.flask.request_processing.middleware.auth_context [None req-80ef2d9c-b297-4559-bb8b-a8fa5cdd5a67 admin admin] RBAC: auth_context: {'token': <TokenModel (audit_id=U8_92K8MQByJhf6HeKxFMw, audit_chain_id=['U8_92K8MQByJhf6HeKxFMw']) at 0x7f7f300b68f0>, 'domain_id': None, 'trust_id': None, 'trustor_id': None, 'trustee_id': None, 'domain_name': None, 'group_ids': [], 'user_id': '95f9125e0f7d4f608eac2db8c4fe878b', 'user_domain_id': 'default', 'system_scope': None, 'project_id': '728543176ce9445f9fc7a0b479c40807', 'project_domain_id': 'default', 'roles': ['admin', 'member', 'reader', 'manager'], 'is_admin_project': True, 'service_user_id': None, 'service_user_domain_id': None, 'service_project_id': None, 'service_project_domain_id': None, 'service_roles': []} {{(pid=80709) fill_context /opt/stack/keystone/keystone/server/flask/request_processing/middleware/auth_context.py:506}}
Apr 08 07:48:53 ubuntu devstack@keystone.service[80709]: DEBUG keystone.server.flask.request_processing.req_logging [None req-80ef2d9c-b297-4559-bb8b-a8fa5cdd5a67 admin admin] REQUEST_METHOD: `GET` {{(pid=80709) log_request_info /opt/stack/keystone/keystone/server/flask/request_processing/req_logging.py:26}}
Apr 08 07:48:53 ubuntu devstack@keystone.service[80709]: DEBUG keystone.server.flask.request_processing.req_logging [None req-80ef2d9c-b297-4559-bb8b-a8fa5cdd5a67 admin admin] SCRIPT_NAME: `/identity` {{(pid=80709) log_request_info /opt/stack/keystone/keystone/server/flask/request_processing/req_logging.py:27}}
Apr 08 07:48:53 ubuntu devstack@keystone.service[80709]: DEBUG keystone.server.flask.request_processing.req_logging [None req-80ef2d9c-b297-4559-bb8b-a8fa5cdd5a67 admin admin] PATH_INFO: `/v3/users/admin` {{(pid=80709) log_request_info /opt/stack/keystone/keystone/server/flask/request_processing/req_logging.py:28}}
Apr 08 07:48:53 ubuntu devstack@keystone.service[80709]: DEBUG keystone.common.rbac_enforcer.enforcer [None req-80ef2d9c-b297-4559-bb8b-a8fa5cdd5a67 admin admin] RBAC: Authorizing `identity:get_user(user_id=admin)` {{(pid=80709) enforce_call /opt/stack/keystone/keystone/common/rbac_enforcer/enforcer.py:495}}
Apr 08 07:48:53 ubuntu devstack@keystone.service[80709]: DEBUG keystone.common.rbac_enforcer.enforcer [None req-80ef2d9c-b297-4559-bb8b-a8fa5cdd5a67 admin admin] RBAC: Authorization granted {{(pid=80709) enforce_call /opt/stack/keystone/keystone/common/rbac_enforcer/enforcer.py:506}}
Apr 08 07:48:53 ubuntu devstack@keystone.service[80709]: DEBUG keystone.server.flask.application [None req-80ef2d9c-b297-4559-bb8b-a8fa5cdd5a67 admin admin] Could not find user: admin. {{(pid=80709) _handle_keystone_exception /opt/stack/keystone/keystone/server/flask/application.py:146}}
Apr 08 07:48:53 ubuntu devstack@keystone.service[80709]: [pid: 80709|app: 0|req: 5/8] 10.201.5.82 () {56 vars in 1153 bytes} [Tue Apr  8 07:48:53 2025] GET /identity/v3/users/admin => generated 83 bytes in 46 msecs (HTTP/1.1 404) 5 headers in 183 bytes (1 switches on core 0)
Apr 08 07:48:53 ubuntu devstack@keystone.service[80708]: DEBUG keystone.server.flask.request_processing.middleware.auth_context [None req-1c2b47db-675b-4693-895d-35d389820edf None None] Authenticating user token {{(pid=80708) process_request /opt/stack/data/venv/lib/python3.10/site-packages/keystonemiddleware/auth_token/__init__.py:406}}
Apr 08 07:48:53 ubuntu devstack@keystone.service[80708]: DEBUG keystone.server.flask.request_processing.middleware.auth_context [None req-1c2b47db-675b-4693-895d-35d389820edf None None] Validating token access rules against request {{(pid=80708) validate_allowed_request /opt/stack/data/venv/lib/python3.10/site-packages/keystonemiddleware/auth_token/__init__.py:544}}
Apr 08 07:48:53 ubuntu devstack@keystone.service[80708]: DEBUG keystone.server.flask.request_processing.middleware.auth_context [None req-6f866f35-df98-42fa-b0bb-fb04218b2f8b admin admin] RBAC: auth_context: {'token': <TokenModel (audit_id=U8_92K8MQByJhf6HeKxFMw, audit_chain_id=['U8_92K8MQByJhf6HeKxFMw']) at 0x7f7f3051dc90>, 'domain_id': None, 'trust_id': None, 'trustor_id': None, 'trustee_id': None, 'domain_name': None, 'group_ids': [], 'user_id': '95f9125e0f7d4f608eac2db8c4fe878b', 'user_domain_id': 'default', 'system_scope': None, 'project_id': '728543176ce9445f9fc7a0b479c40807', 'project_domain_id': 'default', 'roles': ['admin', 'member', 'reader', 'manager'], 'is_admin_project': True, 'service_user_id': None, 'service_user_domain_id': None, 'service_project_id': None, 'service_project_domain_id': None, 'service_roles': []} {{(pid=80708) fill_context /opt/stack/keystone/keystone/server/flask/request_processing/middleware/auth_context.py:506}}
Apr 08 07:48:53 ubuntu devstack@keystone.service[80708]: DEBUG keystone.server.flask.request_processing.req_logging [None req-6f866f35-df98-42fa-b0bb-fb04218b2f8b admin admin] REQUEST_METHOD: `GET` {{(pid=80708) log_request_info /opt/stack/keystone/keystone/server/flask/request_processing/req_logging.py:26}}
Apr 08 07:48:53 ubuntu devstack@keystone.service[80708]: DEBUG keystone.server.flask.request_processing.req_logging [None req-6f866f35-df98-42fa-b0bb-fb04218b2f8b admin admin] SCRIPT_NAME: `/identity` {{(pid=80708) log_request_info /opt/stack/keystone/keystone/server/flask/request_processing/req_logging.py:27}}
Apr 08 07:48:53 ubuntu devstack@keystone.service[80708]: DEBUG keystone.server.flask.request_processing.req_logging [None req-6f866f35-df98-42fa-b0bb-fb04218b2f8b admin admin] PATH_INFO: `/v3/users` {{(pid=80708) log_request_info /opt/stack/keystone/keystone/server/flask/request_processing/req_logging.py:28}}
Apr 08 07:48:53 ubuntu devstack@keystone.service[80708]: DEBUG keystone.common.rbac_enforcer.enforcer [None req-6f866f35-df98-42fa-b0bb-fb04218b2f8b admin admin] RBAC: Adding query filter params (name=admin) {{(pid=80708) _extract_filter_values /opt/stack/keystone/keystone/common/rbac_enforcer/enforcer.py:176}}
Apr 08 07:48:53 ubuntu devstack@keystone.service[80708]: DEBUG keystone.common.rbac_enforcer.enforcer [None req-6f866f35-df98-42fa-b0bb-fb04218b2f8b admin admin] RBAC: Authorizing `identity:list_users()` {{(pid=80708) enforce_call /opt/stack/keystone/keystone/common/rbac_enforcer/enforcer.py:495}}
Apr 08 07:48:53 ubuntu devstack@keystone.service[80708]: DEBUG keystone.common.rbac_enforcer.enforcer [None req-6f866f35-df98-42fa-b0bb-fb04218b2f8b admin admin] RBAC: Authorization granted {{(pid=80708) enforce_call /opt/stack/keystone/keystone/common/rbac_enforcer/enforcer.py:506}}
Apr 08 07:48:53 ubuntu devstack@keystone.service[80708]: [pid: 80708|app: 0|req: 4/9] 10.201.5.82 () {56 vars in 1169 bytes} [Tue Apr  8 07:48:53 2025] GET /identity/v3/users?name=admin => generated 352 bytes in 50 msecs (HTTP/1.1 200) 5 headers in 177 bytes (1 switches on core 0)
Apr 08 07:48:54 ubuntu devstack@keystone.service[80709]: DEBUG keystone.server.flask.request_processing.req_logging [None req-2c5683ec-11d5-43f8-adce-04d5495b1363 None None] REQUEST_METHOD: `GET` {{(pid=80709) log_request_info /opt/stack/keystone/keystone/server/flask/request_processing/req_logging.py:26}}
Apr 08 07:48:54 ubuntu devstack@keystone.service[80709]: DEBUG keystone.server.flask.request_processing.req_logging [None req-2c5683ec-11d5-43f8-adce-04d5495b1363 None None] SCRIPT_NAME: `/identity` {{(pid=80709) log_request_info /opt/stack/keystone/keystone/server/flask/request_processing/req_logging.py:27}}
Apr 08 07:48:54 ubuntu devstack@keystone.service[80709]: DEBUG keystone.server.flask.request_processing.req_logging [None req-2c5683ec-11d5-43f8-adce-04d5495b1363 None None] PATH_INFO: `/` {{(pid=80709) log_request_info /opt/stack/keystone/keystone/server/flask/request_processing/req_logging.py:28}}
Apr 08 07:48:54 ubuntu devstack@keystone.service[80709]: [pid: 80709|app: 0|req: 6/10] 10.201.5.82 () {54 vars in 919 bytes} [Tue Apr  8 07:48:54 2025] GET /identity => generated 270 bytes in 2 msecs (HTTP/1.1 300) 6 headers in 234 bytes (1 switches on core 0)
Apr 08 07:48:54 ubuntu devstack@keystone.service[80708]: DEBUG keystone.server.flask.request_processing.req_logging [None req-883c150b-7e1c-4d04-8cee-4d15e2de3228 None None] REQUEST_METHOD: `POST` {{(pid=80708) log_request_info /opt/stack/keystone/keystone/server/flask/request_processing/req_logging.py:26}}
Apr 08 07:48:54 ubuntu devstack@keystone.service[80708]: DEBUG keystone.server.flask.request_processing.req_logging [None req-883c150b-7e1c-4d04-8cee-4d15e2de3228 None None] SCRIPT_NAME: `/identity` {{(pid=80708) log_request_info /opt/stack/keystone/keystone/server/flask/request_processing/req_logging.py:27}}
Apr 08 07:48:54 ubuntu devstack@keystone.service[80708]: DEBUG keystone.server.flask.request_processing.req_logging [None req-883c150b-7e1c-4d04-8cee-4d15e2de3228 None None] PATH_INFO: `/v3/auth/tokens` {{(pid=80708) log_request_info /opt/stack/keystone/keystone/server/flask/request_processing/req_logging.py:28}}
Apr 08 07:48:54 ubuntu devstack@keystone.service[80708]: WARNING keystone.common.password_hashing [None req-883c150b-7e1c-4d04-8cee-4d15e2de3228 None None] Truncating password to algorithm specific maximum length 72 characters.
Apr 08 07:48:54 ubuntu devstack@keystone.service[80708]: DEBUG keystone.auth.core [None req-883c150b-7e1c-4d04-8cee-4d15e2de3228 None None] MFA Rules not processed for user `95f9125e0f7d4f608eac2db8c4fe878b`. Rule list: `[]` (Enabled: `True`). {{(pid=80708) check_auth_methods_against_rules /opt/stack/keystone/keystone/auth/core.py:476}}
Apr 08 07:48:54 ubuntu devstack@keystone.service[80708]: DEBUG keystone.common.fernet_utils [None req-883c150b-7e1c-4d04-8cee-4d15e2de3228 None None] Loaded 2 Fernet keys from /etc/keystone/fernet-keys/, but `[fernet_tokens] max_active_keys = 3`; perhaps there have not been enough key rotations to reach `max_active_keys` yet? {{(pid=80708) load_keys /opt/stack/keystone/keystone/common/fernet_utils.py:297}}
Apr 08 07:48:54 ubuntu devstack@keystone.service[80708]: [pid: 80708|app: 0|req: 5/11] 10.201.5.82 () {58 vars in 1016 bytes} [Tue Apr  8 07:48:54 2025] POST /identity/v3/auth/tokens => generated 862 bytes in 77 msecs (HTTP/1.1 201) 6 headers in 363 bytes (1 switches on core 0)
Apr 08 07:48:54 ubuntu devstack@keystone.service[80709]: DEBUG keystone.server.flask.request_processing.req_logging [None req-af715d74-7a50-4103-8e46-5cac0cd650ec None None] REQUEST_METHOD: `GET` {{(pid=80709) log_request_info /opt/stack/keystone/keystone/server/flask/request_processing/req_logging.py:26}}
Apr 08 07:48:54 ubuntu devstack@keystone.service[80709]: DEBUG keystone.server.flask.request_processing.req_logging [None req-af715d74-7a50-4103-8e46-5cac0cd650ec None None] SCRIPT_NAME: `/identity` {{(pid=80709) log_request_info /opt/stack/keystone/keystone/server/flask/request_processing/req_logging.py:27}}
Apr 08 07:48:54 ubuntu devstack@keystone.service[80709]: DEBUG keystone.server.flask.request_processing.req_logging [None req-af715d74-7a50-4103-8e46-5cac0cd650ec None None] PATH_INFO: `/` {{(pid=80709) log_request_info /opt/stack/keystone/keystone/server/flask/request_processing/req_logging.py:28}}
Apr 08 07:48:54 ubuntu devstack@keystone.service[80709]: [pid: 80709|app: 0|req: 7/12] 10.201.5.82 () {54 vars in 919 bytes} [Tue Apr  8 07:48:54 2025] GET /identity => generated 270 bytes in 2 msecs (HTTP/1.1 300) 6 headers in 234 bytes (1 switches on core 0)
Apr 08 07:48:54 ubuntu devstack@keystone.service[80708]: DEBUG keystone.server.flask.request_processing.req_logging [None req-5dfe8095-8a03-4fdf-b297-0fff9aac48de None None] REQUEST_METHOD: `POST` {{(pid=80708) log_request_info /opt/stack/keystone/keystone/server/flask/request_processing/req_logging.py:26}}
Apr 08 07:48:54 ubuntu devstack@keystone.service[80708]: DEBUG keystone.server.flask.request_processing.req_logging [None req-5dfe8095-8a03-4fdf-b297-0fff9aac48de None None] SCRIPT_NAME: `/identity` {{(pid=80708) log_request_info /opt/stack/keystone/keystone/server/flask/request_processing/req_logging.py:27}}
Apr 08 07:48:54 ubuntu devstack@keystone.service[80708]: DEBUG keystone.server.flask.request_processing.req_logging [None req-5dfe8095-8a03-4fdf-b297-0fff9aac48de None None] PATH_INFO: `/v3/auth/tokens` {{(pid=80708) log_request_info /opt/stack/keystone/keystone/server/flask/request_processing/req_logging.py:28}}
Apr 08 07:48:54 ubuntu devstack@keystone.service[80708]: WARNING keystone.common.password_hashing [None req-5dfe8095-8a03-4fdf-b297-0fff9aac48de None None] Truncating password to algorithm specific maximum length 72 characters.
Apr 08 07:48:54 ubuntu devstack@keystone.service[80708]: DEBUG keystone.auth.core [None req-5dfe8095-8a03-4fdf-b297-0fff9aac48de None None] MFA Rules not processed for user `95f9125e0f7d4f608eac2db8c4fe878b`. Rule list: `[]` (Enabled: `True`). {{(pid=80708) check_auth_methods_against_rules /opt/stack/keystone/keystone/auth/core.py:476}}
Apr 08 07:48:54 ubuntu devstack@keystone.service[80708]: DEBUG keystone.common.fernet_utils [None req-5dfe8095-8a03-4fdf-b297-0fff9aac48de None None] Loaded 2 Fernet keys from /etc/keystone/fernet-keys/, but `[fernet_tokens] max_active_keys = 3`; perhaps there have not been enough key rotations to reach `max_active_keys` yet? {{(pid=80708) load_keys /opt/stack/keystone/keystone/common/fernet_utils.py:297}}
Apr 08 07:48:54 ubuntu devstack@keystone.service[80709]: DEBUG keystone.server.flask.request_processing.middleware.auth_context [None req-af715d74-7a50-4103-8e46-5cac0cd650ec None None] Authenticating user token {{(pid=80709) process_request /opt/stack/data/venv/lib/python3.10/site-packages/keystonemiddleware/auth_token/__init__.py:406}}
Apr 08 07:48:54 ubuntu devstack@keystone.service[80708]: [pid: 80708|app: 0|req: 6/13] 10.201.5.82 () {58 vars in 1016 bytes} [Tue Apr  8 07:48:54 2025] POST /identity/v3/auth/tokens => generated 862 bytes in 71 msecs (HTTP/1.1 201) 6 headers in 363 bytes (1 switches on core 0)
Apr 08 07:48:54 ubuntu devstack@keystone.service[80709]: DEBUG keystone.server.flask.request_processing.middleware.auth_context [None req-af715d74-7a50-4103-8e46-5cac0cd650ec None None] Validating token access rules against request {{(pid=80709) validate_allowed_request /opt/stack/data/venv/lib/python3.10/site-packages/keystonemiddleware/auth_token/__init__.py:544}}
Apr 08 07:48:54 ubuntu devstack@keystone.service[80709]: DEBUG keystone.server.flask.request_processing.middleware.auth_context [None req-b6d5e3b9-7b4e-4905-9194-efb3eb9ea73e None admin] RBAC: auth_context: {'token': <TokenModel (audit_id=0-iV4BsKTQqJHdAH8ZLu3A, audit_chain_id=['0-iV4BsKTQqJHdAH8ZLu3A']) at 0x7f7f2f714160>, 'domain_id': None, 'trust_id': None, 'trustor_id': None, 'trustee_id': None, 'domain_name': None, 'group_ids': [], 'user_id': '95f9125e0f7d4f608eac2db8c4fe878b', 'user_domain_id': 'default', 'system_scope': 'all', 'project_id': None, 'project_domain_id': None, 'roles': ['admin', 'manager', 'member', 'reader'], 'is_admin_project': True, 'service_user_id': None, 'service_user_domain_id': None, 'service_project_id': None, 'service_project_domain_id': None, 'service_roles': []} {{(pid=80709) fill_context /opt/stack/keystone/keystone/server/flask/request_processing/middleware/auth_context.py:506}}
Apr 08 07:48:54 ubuntu devstack@keystone.service[80709]: DEBUG keystone.server.flask.request_processing.req_logging [None req-b6d5e3b9-7b4e-4905-9194-efb3eb9ea73e None admin] REQUEST_METHOD: `GET` {{(pid=80709) log_request_info /opt/stack/keystone/keystone/server/flask/request_processing/req_logging.py:26}}
Apr 08 07:48:54 ubuntu devstack@keystone.service[80709]: DEBUG keystone.server.flask.request_processing.req_logging [None req-b6d5e3b9-7b4e-4905-9194-efb3eb9ea73e None admin] SCRIPT_NAME: `/identity` {{(pid=80709) log_request_info /opt/stack/keystone/keystone/server/flask/request_processing/req_logging.py:27}}
Apr 08 07:48:54 ubuntu devstack@keystone.service[80709]: DEBUG keystone.server.flask.request_processing.req_logging [None req-b6d5e3b9-7b4e-4905-9194-efb3eb9ea73e None admin] PATH_INFO: `/v3/roles/admin` {{(pid=80709) log_request_info /opt/stack/keystone/keystone/server/flask/request_processing/req_logging.py:28}}
Apr 08 07:48:54 ubuntu devstack@keystone.service[80709]: DEBUG keystone.common.rbac_enforcer.enforcer [None req-b6d5e3b9-7b4e-4905-9194-efb3eb9ea73e None admin] Extracting inferred target data resulted in "NOT FOUND (404)". {{(pid=80709) enforce_call /opt/stack/keystone/keystone/common/rbac_enforcer/enforcer.py:445}}
Apr 08 07:48:54 ubuntu devstack@keystone.service[80709]: DEBUG keystone.server.flask.application [None req-b6d5e3b9-7b4e-4905-9194-efb3eb9ea73e None admin] Could not find role: admin. {{(pid=80709) _handle_keystone_exception /opt/stack/keystone/keystone/server/flask/application.py:146}}
Apr 08 07:48:54 ubuntu devstack@keystone.service[80709]: [pid: 80709|app: 0|req: 8/14] 10.201.5.82 () {56 vars in 1132 bytes} [Tue Apr  8 07:48:54 2025] GET /identity/v3/roles/admin => generated 83 bytes in 107 msecs (HTTP/1.1 404) 5 headers in 183 bytes (1 switches on core 0)
Apr 08 07:48:54 ubuntu devstack@keystone.service[80708]: DEBUG keystone.server.flask.request_processing.middleware.auth_context [None req-5dfe8095-8a03-4fdf-b297-0fff9aac48de None None] Authenticating user token {{(pid=80708) process_request /opt/stack/data/venv/lib/python3.10/site-packages/keystonemiddleware/auth_token/__init__.py:406}}
Apr 08 07:48:54 ubuntu devstack@keystone.service[80709]: DEBUG keystone.server.flask.request_processing.middleware.auth_context [None req-b6d5e3b9-7b4e-4905-9194-efb3eb9ea73e None admin] Authenticating user token {{(pid=80709) process_request /opt/stack/data/venv/lib/python3.10/site-packages/keystonemiddleware/auth_token/__init__.py:406}}
Apr 08 07:48:54 ubuntu devstack@keystone.service[80708]: DEBUG keystone.server.flask.request_processing.middleware.auth_context [None req-5dfe8095-8a03-4fdf-b297-0fff9aac48de None None] Validating token access rules against request {{(pid=80708) validate_allowed_request /opt/stack/data/venv/lib/python3.10/site-packages/keystonemiddleware/auth_token/__init__.py:544}}
Apr 08 07:48:54 ubuntu devstack@keystone.service[80709]: DEBUG keystone.server.flask.request_processing.middleware.auth_context [None req-b6d5e3b9-7b4e-4905-9194-efb3eb9ea73e None admin] Validating token access rules against request {{(pid=80709) validate_allowed_request /opt/stack/data/venv/lib/python3.10/site-packages/keystonemiddleware/auth_token/__init__.py:544}}
Apr 08 07:48:54 ubuntu devstack@keystone.service[80708]: DEBUG keystone.server.flask.request_processing.middleware.auth_context [None req-92135eca-69ff-4957-83ea-1d9e3fcca693 None admin] RBAC: auth_context: {'token': <TokenModel (audit_id=0-iV4BsKTQqJHdAH8ZLu3A, audit_chain_id=['0-iV4BsKTQqJHdAH8ZLu3A']) at 0x7f7f2f81fa60>, 'domain_id': None, 'trust_id': None, 'trustor_id': None, 'trustee_id': None, 'domain_name': None, 'group_ids': [], 'user_id': '95f9125e0f7d4f608eac2db8c4fe878b', 'user_domain_id': 'default', 'system_scope': 'all', 'project_id': None, 'project_domain_id': None, 'roles': ['admin', 'manager', 'member', 'reader'], 'is_admin_project': True, 'service_user_id': None, 'service_user_domain_id': None, 'service_project_id': None, 'service_project_domain_id': None, 'service_roles': []} {{(pid=80708) fill_context /opt/stack/keystone/keystone/server/flask/request_processing/middleware/auth_context.py:506}}
Apr 08 07:48:54 ubuntu devstack@keystone.service[80708]: DEBUG keystone.server.flask.request_processing.req_logging [None req-92135eca-69ff-4957-83ea-1d9e3fcca693 None admin] REQUEST_METHOD: `GET` {{(pid=80708) log_request_info /opt/stack/keystone/keystone/server/flask/request_processing/req_logging.py:26}}
Apr 08 07:48:54 ubuntu devstack@keystone.service[80708]: DEBUG keystone.server.flask.request_processing.req_logging [None req-92135eca-69ff-4957-83ea-1d9e3fcca693 None admin] SCRIPT_NAME: `/identity` {{(pid=80708) log_request_info /opt/stack/keystone/keystone/server/flask/request_processing/req_logging.py:27}}
Apr 08 07:48:54 ubuntu devstack@keystone.service[80708]: DEBUG keystone.server.flask.request_processing.req_logging [None req-92135eca-69ff-4957-83ea-1d9e3fcca693 None admin] PATH_INFO: `/v3/roles` {{(pid=80708) log_request_info /opt/stack/keystone/keystone/server/flask/request_processing/req_logging.py:28}}
Apr 08 07:48:54 ubuntu devstack@keystone.service[80708]: DEBUG keystone.common.rbac_enforcer.enforcer [None req-92135eca-69ff-4957-83ea-1d9e3fcca693 None admin] RBAC: Adding query filter params (name=admin) {{(pid=80708) _extract_filter_values /opt/stack/keystone/keystone/common/rbac_enforcer/enforcer.py:176}}
Apr 08 07:48:54 ubuntu devstack@keystone.service[80708]: DEBUG keystone.common.rbac_enforcer.enforcer [None req-92135eca-69ff-4957-83ea-1d9e3fcca693 None admin] RBAC: Authorizing `identity:list_roles()` {{(pid=80708) enforce_call /opt/stack/keystone/keystone/common/rbac_enforcer/enforcer.py:495}}
Apr 08 07:48:54 ubuntu devstack@keystone.service[80708]: DEBUG keystone.common.rbac_enforcer.enforcer [None req-92135eca-69ff-4957-83ea-1d9e3fcca693 None admin] RBAC: Authorization granted {{(pid=80708) enforce_call /opt/stack/keystone/keystone/common/rbac_enforcer/enforcer.py:506}}
Apr 08 07:48:54 ubuntu devstack@keystone.service[80708]: [pid: 80708|app: 0|req: 7/15] 10.201.5.82 () {56 vars in 1148 bytes} [Tue Apr  8 07:48:54 2025] GET /identity/v3/roles?name=admin => generated 339 bytes in 71 msecs (HTTP/1.1 200) 5 headers in 177 bytes (1 switches on core 0)
Apr 08 07:48:54 ubuntu devstack@keystone.service[80709]: DEBUG keystone.server.flask.request_processing.middleware.auth_context [None req-dbc7cc92-53d9-4d0e-b552-08cb4f11e481 None admin] RBAC: auth_context: {'token': <TokenModel (audit_id=Gca6EZnqThOIf8BCAA5E0A, audit_chain_id=['Gca6EZnqThOIf8BCAA5E0A']) at 0x7f7f2f717370>, 'domain_id': None, 'trust_id': None, 'trustor_id': None, 'trustee_id': None, 'domain_name': None, 'group_ids': [], 'user_id': '95f9125e0f7d4f608eac2db8c4fe878b', 'user_domain_id': 'default', 'system_scope': 'all', 'project_id': None, 'project_domain_id': None, 'roles': ['admin', 'manager', 'member', 'reader'], 'is_admin_project': True, 'service_user_id': None, 'service_user_domain_id': None, 'service_project_id': None, 'service_project_domain_id': None, 'service_roles': []} {{(pid=80709) fill_context /opt/stack/keystone/keystone/server/flask/request_processing/middleware/auth_context.py:506}}
Apr 08 07:48:54 ubuntu devstack@keystone.service[80709]: DEBUG keystone.server.flask.request_processing.req_logging [None req-dbc7cc92-53d9-4d0e-b552-08cb4f11e481 None admin] REQUEST_METHOD: `POST` {{(pid=80709) log_request_info /opt/stack/keystone/keystone/server/flask/request_processing/req_logging.py:26}}
Apr 08 07:48:54 ubuntu devstack@keystone.service[80709]: DEBUG keystone.server.flask.request_processing.req_logging [None req-dbc7cc92-53d9-4d0e-b552-08cb4f11e481 None admin] SCRIPT_NAME: `/identity` {{(pid=80709) log_request_info /opt/stack/keystone/keystone/server/flask/request_processing/req_logging.py:27}}
Apr 08 07:48:54 ubuntu devstack@keystone.service[80709]: DEBUG keystone.server.flask.request_processing.req_logging [None req-dbc7cc92-53d9-4d0e-b552-08cb4f11e481 None admin] PATH_INFO: `/v3/domains` {{(pid=80709) log_request_info /opt/stack/keystone/keystone/server/flask/request_processing/req_logging.py:28}}
Apr 08 07:48:54 ubuntu devstack@keystone.service[80709]: DEBUG keystone.common.rbac_enforcer.enforcer [None req-dbc7cc92-53d9-4d0e-b552-08cb4f11e481 None admin] RBAC: Authorizing `identity:create_domain()` {{(pid=80709) enforce_call /opt/stack/keystone/keystone/common/rbac_enforcer/enforcer.py:495}}
Apr 08 07:48:54 ubuntu devstack@keystone.service[80709]: DEBUG keystone.common.rbac_enforcer.enforcer [None req-dbc7cc92-53d9-4d0e-b552-08cb4f11e481 None admin] RBAC: Authorization granted {{(pid=80709) enforce_call /opt/stack/keystone/keystone/common/rbac_enforcer/enforcer.py:506}}
Apr 08 07:48:54 ubuntu devstack@keystone.service[80708]: DEBUG keystone.server.flask.request_processing.middleware.auth_context [None req-92135eca-69ff-4957-83ea-1d9e3fcca693 None admin] Authenticating user token {{(pid=80708) process_request /opt/stack/data/venv/lib/python3.10/site-packages/keystonemiddleware/auth_token/__init__.py:406}}
Apr 08 07:48:54 ubuntu devstack@keystone.service[80709]: DEBUG keystone.common.sql.core [None req-dbc7cc92-53d9-4d0e-b552-08cb4f11e481 None admin] Conflict project: (pymysql.err.IntegrityError) (1062, "Duplicate entry '<<keystone.domain.root>>-Default' for key 'project.ixu_project_name_domain_id'")
Apr 08 07:48:54 ubuntu devstack@keystone.service[80709]: [SQL: INSERT INTO project (id, name, domain_id, description, enabled, extra, parent_id, is_domain) VALUES (%(id)s, %(name)s, %(domain_id)s, %(description)s, %(enabled)s, %(extra)s, %(parent_id)s, %(is_domain)s)]
Apr 08 07:48:54 ubuntu devstack@keystone.service[80709]: [parameters: {'id': 'b47539c8056e4fed80095dba320718ec', 'name': 'Default', 'domain_id': '<<keystone.domain.root>>', 'description': '', 'enabled': 1, 'extra': '{}', 'parent_id': None, 'is_domain': 1}]
Apr 08 07:48:54 ubuntu devstack@keystone.service[80709]: (Background on this error at: https://sqlalche.me/e/20/gkpj) {{(pid=80709) wrapper /opt/stack/keystone/keystone/common/sql/core.py:580}}
Apr 08 07:48:54 ubuntu devstack@keystone.service[80709]: ERROR keystone.server.flask.application [None req-dbc7cc92-53d9-4d0e-b552-08cb4f11e481 None admin] Conflict occurred attempting to store project - it is not permitted to have two projects acting as domains with the same name: Default.: keystone.exception.Conflict: Conflict occurred attempting to store project - it is not permitted to have two projects acting as domains with the same name: Default.
