Feb 15 10:01:50 ubuntu devstack@g-api.service[128970]: DEBUG glance.api.middleware.cache [None req-972067d8-08e8-4b72-9008-b57ceb38414c tempest-ImageDependencyTests-753887540 tempest-ImageDependencyTests-753887540-project-member] Cache hit for image '7a16e4db-04b7-40b5-9f5c-0046ac36d673' {{(pid=128970) process_request /opt/stack/glance/glance/api/middleware/cache.py:160}}
Feb 15 10:01:50 ubuntu devstack@g-api.service[128969]: DEBUG glance.api.middleware.version_negotiation [None req-972067d8-08e8-4b72-9008-b57ceb38414c tempest-ImageDependencyTests-753887540 tempest-ImageDependencyTests-753887540-project-member] Determining version of request: GET /v2/images/7a16e4db-04b7-40b5-9f5c-0046ac36d673 Accept: */* {{(pid=128969) process_request /opt/stack/glance/glance/api/middleware/version_negotiation.py:44}}
Feb 15 10:01:50 ubuntu devstack@g-api.service[128969]: DEBUG glance.api.middleware.version_negotiation [None req-972067d8-08e8-4b72-9008-b57ceb38414c tempest-ImageDependencyTests-753887540 tempest-ImageDependencyTests-753887540-project-member] Using url versioning {{(pid=128969) process_request /opt/stack/glance/glance/api/middleware/version_negotiation.py:57}}
Feb 15 10:01:50 ubuntu devstack@g-api.service[128969]: DEBUG glance.api.middleware.version_negotiation [None req-972067d8-08e8-4b72-9008-b57ceb38414c tempest-ImageDependencyTests-753887540 tempest-ImageDependencyTests-753887540-project-member] Matched version: v2 {{(pid=128969) process_request /opt/stack/glance/glance/api/middleware/version_negotiation.py:69}}
Feb 15 10:01:50 ubuntu devstack@g-api.service[128969]: DEBUG glance.api.middleware.version_negotiation [None req-972067d8-08e8-4b72-9008-b57ceb38414c tempest-ImageDependencyTests-753887540 tempest-ImageDependencyTests-753887540-project-member] new path /v2/images/7a16e4db-04b7-40b5-9f5c-0046ac36d673 {{(pid=128969) process_request /opt/stack/glance/glance/api/middleware/version_negotiation.py:70}}
Feb 15 10:01:50 ubuntu devstack@g-api.service[128970]: [pid: 128970|app: 0|req: 25/48] 127.0.0.1 () {42 vars in 1055 bytes} [Sat Feb 15 10:01:50 2025] GET /v2/images/7a16e4db-04b7-40b5-9f5c-0046ac36d673/file => generated 1024 bytes in 25 msecs (HTTP/1.1 200) 5 headers in 213 bytes (1 switches on core 0)
Feb 15 10:01:50 ubuntu devstack@g-api.service[128969]: [pid: 128969|app: 0|req: 24/49] 127.0.0.1 () {42 vars in 1045 bytes} [Sat Feb 15 10:01:50 2025] GET /v2/images/7a16e4db-04b7-40b5-9f5c-0046ac36d673 => generated 807 bytes in 14 msecs (HTTP/1.1 200) 4 headers in 157 bytes (1 switches on core 0)
Feb 15 10:01:50 ubuntu devstack@g-api.service[128970]: DEBUG glance.api.middleware.version_negotiation [None req-972067d8-08e8-4b72-9008-b57ceb38414c tempest-ImageDependencyTests-753887540 tempest-ImageDependencyTests-753887540-project-member] Determining version of request: GET /v2/schemas/image Accept: */* {{(pid=128970) process_request /opt/stack/glance/glance/api/middleware/version_negotiation.py:44}}
Feb 15 10:01:50 ubuntu devstack@g-api.service[128970]: DEBUG glance.api.middleware.version_negotiation [None req-972067d8-08e8-4b72-9008-b57ceb38414c tempest-ImageDependencyTests-753887540 tempest-ImageDependencyTests-753887540-project-member] Using url versioning {{(pid=128970) process_request /opt/stack/glance/glance/api/middleware/version_negotiation.py:57}}
Feb 15 10:01:50 ubuntu devstack@g-api.service[128970]: DEBUG glance.api.middleware.version_negotiation [None req-972067d8-08e8-4b72-9008-b57ceb38414c tempest-ImageDependencyTests-753887540 tempest-ImageDependencyTests-753887540-project-member] Matched version: v2 {{(pid=128970) process_request /opt/stack/glance/glance/api/middleware/version_negotiation.py:69}}
Feb 15 10:01:50 ubuntu devstack@g-api.service[128970]: DEBUG glance.api.middleware.version_negotiation [None req-972067d8-08e8-4b72-9008-b57ceb38414c tempest-ImageDependencyTests-753887540 tempest-ImageDependencyTests-753887540-project-member] new path /v2/schemas/image {{(pid=128970) process_request /opt/stack/glance/glance/api/middleware/version_negotiation.py:70}}
Feb 15 10:01:50 ubuntu devstack@g-api.service[128970]: [pid: 128970|app: 0|req: 26/50] 127.0.0.1 () {42 vars in 985 bytes} [Sat Feb 15 10:01:50 2025] GET /v2/schemas/image => generated 6083 bytes in 8 msecs (HTTP/1.1 200) 4 headers in 158 bytes (1 switches on core 0)
Feb 15 10:01:51 ubuntu devstack@g-api.service[128969]: DEBUG glance.api.middleware.version_negotiation [None req-972067d8-08e8-4b72-9008-b57ceb38414c tempest-ImageDependencyTests-753887540 tempest-ImageDependencyTests-753887540-project-member] Determining version of request: GET /v2/images/7a16e4db-04b7-40b5-9f5c-0046ac36d673 Accept: */* {{(pid=128969) process_request /opt/stack/glance/glance/api/middleware/version_negotiation.py:44}}
Feb 15 10:01:51 ubuntu devstack@g-api.service[128969]: DEBUG glance.api.middleware.version_negotiation [None req-972067d8-08e8-4b72-9008-b57ceb38414c tempest-ImageDependencyTests-753887540 tempest-ImageDependencyTests-753887540-project-member] Using url versioning {{(pid=128969) process_request /opt/stack/glance/glance/api/middleware/version_negotiation.py:57}}
Feb 15 10:01:51 ubuntu devstack@g-api.service[128969]: DEBUG glance.api.middleware.version_negotiation [None req-972067d8-08e8-4b72-9008-b57ceb38414c tempest-ImageDependencyTests-753887540 tempest-ImageDependencyTests-753887540-project-member] Matched version: v2 {{(pid=128969) process_request /opt/stack/glance/glance/api/middleware/version_negotiation.py:69}}
Feb 15 10:01:51 ubuntu devstack@g-api.service[128969]: DEBUG glance.api.middleware.version_negotiation [None req-972067d8-08e8-4b72-9008-b57ceb38414c tempest-ImageDependencyTests-753887540 tempest-ImageDependencyTests-753887540-project-member] new path /v2/images/7a16e4db-04b7-40b5-9f5c-0046ac36d673 {{(pid=128969) process_request /opt/stack/glance/glance/api/middleware/version_negotiation.py:70}}
Feb 15 10:01:51 ubuntu devstack@g-api.service[128969]: [pid: 128969|app: 0|req: 25/51] 127.0.0.1 () {42 vars in 1045 bytes} [Sat Feb 15 10:01:51 2025] GET /v2/images/7a16e4db-04b7-40b5-9f5c-0046ac36d673 => generated 807 bytes in 12 msecs (HTTP/1.1 200) 4 headers in 157 bytes (1 switches on core 0)
Feb 15 10:01:51 ubuntu devstack@g-api.service[128970]: DEBUG glance.api.middleware.version_negotiation [None req-972067d8-08e8-4b72-9008-b57ceb38414c tempest-ImageDependencyTests-753887540 tempest-ImageDependencyTests-753887540-project-member] Determining version of request: GET /v2/schemas/image Accept: */* {{(pid=128970) process_request /opt/stack/glance/glance/api/middleware/version_negotiation.py:44}}
Feb 15 10:01:51 ubuntu devstack@g-api.service[128970]: DEBUG glance.api.middleware.version_negotiation [None req-972067d8-08e8-4b72-9008-b57ceb38414c tempest-ImageDependencyTests-753887540 tempest-ImageDependencyTests-753887540-project-member] Using url versioning {{(pid=128970) process_request /opt/stack/glance/glance/api/middleware/version_negotiation.py:57}}
Feb 15 10:01:51 ubuntu devstack@g-api.service[128970]: DEBUG glance.api.middleware.version_negotiation [None req-972067d8-08e8-4b72-9008-b57ceb38414c tempest-ImageDependencyTests-753887540 tempest-ImageDependencyTests-753887540-project-member] Matched version: v2 {{(pid=128970) process_request /opt/stack/glance/glance/api/middleware/version_negotiation.py:69}}
Feb 15 10:01:51 ubuntu devstack@g-api.service[128970]: DEBUG glance.api.middleware.version_negotiation [None req-972067d8-08e8-4b72-9008-b57ceb38414c tempest-ImageDependencyTests-753887540 tempest-ImageDependencyTests-753887540-project-member] new path /v2/schemas/image {{(pid=128970) process_request /opt/stack/glance/glance/api/middleware/version_negotiation.py:70}}
Feb 15 10:01:51 ubuntu devstack@g-api.service[128970]: [pid: 128970|app: 0|req: 27/52] 127.0.0.1 () {42 vars in 985 bytes} [Sat Feb 15 10:01:51 2025] GET /v2/schemas/image => generated 6083 bytes in 8 msecs (HTTP/1.1 200) 4 headers in 158 bytes (1 switches on core 0)
Feb 15 10:01:52 ubuntu devstack@g-api.service[128969]: DEBUG glance.api.middleware.version_negotiation [None req-972067d8-08e8-4b72-9008-b57ceb38414c tempest-ImageDependencyTests-753887540 tempest-ImageDependencyTests-753887540-project-member] Determining version of request: GET /v2/images/7a16e4db-04b7-40b5-9f5c-0046ac36d673 Accept: */* {{(pid=128969) process_request /opt/stack/glance/glance/api/middleware/version_negotiation.py:44}}
Feb 15 10:01:52 ubuntu devstack@g-api.service[128969]: DEBUG glance.api.middleware.version_negotiation [None req-972067d8-08e8-4b72-9008-b57ceb38414c tempest-ImageDependencyTests-753887540 tempest-ImageDependencyTests-753887540-project-member] Using url versioning {{(pid=128969) process_request /opt/stack/glance/glance/api/middleware/version_negotiation.py:57}}
Feb 15 10:01:52 ubuntu devstack@g-api.service[128969]: DEBUG glance.api.middleware.version_negotiation [None req-972067d8-08e8-4b72-9008-b57ceb38414c tempest-ImageDependencyTests-753887540 tempest-ImageDependencyTests-753887540-project-member] Matched version: v2 {{(pid=128969) process_request /opt/stack/glance/glance/api/middleware/version_negotiation.py:69}}
Feb 15 10:01:52 ubuntu devstack@g-api.service[128969]: DEBUG glance.api.middleware.version_negotiation [None req-972067d8-08e8-4b72-9008-b57ceb38414c tempest-ImageDependencyTests-753887540 tempest-ImageDependencyTests-753887540-project-member] new path /v2/images/7a16e4db-04b7-40b5-9f5c-0046ac36d673 {{(pid=128969) process_request /opt/stack/glance/glance/api/middleware/version_negotiation.py:70}}
Feb 15 10:01:53 ubuntu devstack@g-api.service[128969]: [pid: 128969|app: 0|req: 26/53] 127.0.0.1 () {42 vars in 1045 bytes} [Sat Feb 15 10:01:52 2025] GET /v2/images/7a16e4db-04b7-40b5-9f5c-0046ac36d673 => generated 807 bytes in 23 msecs (HTTP/1.1 200) 4 headers in 157 bytes (1 switches on core 0)
Feb 15 10:01:53 ubuntu devstack@g-api.service[128970]: DEBUG glance.api.middleware.version_negotiation [None req-972067d8-08e8-4b72-9008-b57ceb38414c tempest-ImageDependencyTests-753887540 tempest-ImageDependencyTests-753887540-project-member] Determining version of request: GET /v2/schemas/image Accept: */* {{(pid=128970) process_request /opt/stack/glance/glance/api/middleware/version_negotiation.py:44}}
Feb 15 10:01:53 ubuntu devstack@g-api.service[128970]: DEBUG glance.api.middleware.version_negotiation [None req-972067d8-08e8-4b72-9008-b57ceb38414c tempest-ImageDependencyTests-753887540 tempest-ImageDependencyTests-753887540-project-member] Using url versioning {{(pid=128970) process_request /opt/stack/glance/glance/api/middleware/version_negotiation.py:57}}
Feb 15 10:01:53 ubuntu devstack@g-api.service[128970]: DEBUG glance.api.middleware.version_negotiation [None req-972067d8-08e8-4b72-9008-b57ceb38414c tempest-ImageDependencyTests-753887540 tempest-ImageDependencyTests-753887540-project-member] Matched version: v2 {{(pid=128970) process_request /opt/stack/glance/glance/api/middleware/version_negotiation.py:69}}
Feb 15 10:01:53 ubuntu devstack@g-api.service[128970]: DEBUG glance.api.middleware.version_negotiation [None req-972067d8-08e8-4b72-9008-b57ceb38414c tempest-ImageDependencyTests-753887540 tempest-ImageDependencyTests-753887540-project-member] new path /v2/schemas/image {{(pid=128970) process_request /opt/stack/glance/glance/api/middleware/version_negotiation.py:70}}
Feb 15 10:01:53 ubuntu devstack@g-api.service[128970]: [pid: 128970|app: 0|req: 28/54] 127.0.0.1 () {42 vars in 985 bytes} [Sat Feb 15 10:01:53 2025] GET /v2/schemas/image => generated 6083 bytes in 4 msecs (HTTP/1.1 200) 4 headers in 158 bytes (1 switches on core 0)
Feb 15 10:01:53 ubuntu devstack@g-api.service[128969]: DEBUG glance.api.middleware.version_negotiation [None req-972067d8-08e8-4b72-9008-b57ceb38414c tempest-ImageDependencyTests-753887540 tempest-ImageDependencyTests-753887540-project-member] Determining version of request: GET /v2/images/7a16e4db-04b7-40b5-9f5c-0046ac36d673 Accept: */* {{(pid=128969) process_request /opt/stack/glance/glance/api/middleware/version_negotiation.py:44}}
Feb 15 10:01:53 ubuntu devstack@g-api.service[128969]: DEBUG glance.api.middleware.version_negotiation [None req-972067d8-08e8-4b72-9008-b57ceb38414c tempest-ImageDependencyTests-753887540 tempest-ImageDependencyTests-753887540-project-member] Using url versioning {{(pid=128969) process_request /opt/stack/glance/glance/api/middleware/version_negotiation.py:57}}
Feb 15 10:01:53 ubuntu devstack@g-api.service[128969]: DEBUG glance.api.middleware.version_negotiation [None req-972067d8-08e8-4b72-9008-b57ceb38414c tempest-ImageDependencyTests-753887540 tempest-ImageDependencyTests-753887540-project-member] Matched version: v2 {{(pid=128969) process_request /opt/stack/glance/glance/api/middleware/version_negotiation.py:69}}
Feb 15 10:01:53 ubuntu devstack@g-api.service[128969]: DEBUG glance.api.middleware.version_negotiation [None req-972067d8-08e8-4b72-9008-b57ceb38414c tempest-ImageDependencyTests-753887540 tempest-ImageDependencyTests-753887540-project-member] new path /v2/images/7a16e4db-04b7-40b5-9f5c-0046ac36d673 {{(pid=128969) process_request /opt/stack/glance/glance/api/middleware/version_negotiation.py:70}}
Feb 15 10:01:53 ubuntu devstack@g-api.service[128969]: [pid: 128969|app: 0|req: 27/55] 127.0.0.1 () {42 vars in 1045 bytes} [Sat Feb 15 10:01:53 2025] GET /v2/images/7a16e4db-04b7-40b5-9f5c-0046ac36d673 => generated 807 bytes in 12 msecs (HTTP/1.1 200) 4 headers in 157 bytes (1 switches on core 0)
Feb 15 10:01:53 ubuntu devstack@g-api.service[128970]: DEBUG glance.api.middleware.version_negotiation [None req-972067d8-08e8-4b72-9008-b57ceb38414c tempest-ImageDependencyTests-753887540 tempest-ImageDependencyTests-753887540-project-member] Determining version of request: GET /v2/schemas/image Accept: */* {{(pid=128970) process_request /opt/stack/glance/glance/api/middleware/version_negotiation.py:44}}
Feb 15 10:01:53 ubuntu devstack@g-api.service[128970]: DEBUG glance.api.middleware.version_negotiation [None req-972067d8-08e8-4b72-9008-b57ceb38414c tempest-ImageDependencyTests-753887540 tempest-ImageDependencyTests-753887540-project-member] Using url versioning {{(pid=128970) process_request /opt/stack/glance/glance/api/middleware/version_negotiation.py:57}}
Feb 15 10:01:53 ubuntu devstack@g-api.service[128970]: DEBUG glance.api.middleware.version_negotiation [None req-972067d8-08e8-4b72-9008-b57ceb38414c tempest-ImageDependencyTests-753887540 tempest-ImageDependencyTests-753887540-project-member] Matched version: v2 {{(pid=128970) process_request /opt/stack/glance/glance/api/middleware/version_negotiation.py:69}}
Feb 15 10:01:53 ubuntu devstack@g-api.service[128970]: DEBUG glance.api.middleware.version_negotiation [None req-972067d8-08e8-4b72-9008-b57ceb38414c tempest-ImageDependencyTests-753887540 tempest-ImageDependencyTests-753887540-project-member] new path /v2/schemas/image {{(pid=128970) process_request /opt/stack/glance/glance/api/middleware/version_negotiation.py:70}}
Feb 15 10:01:53 ubuntu devstack@g-api.service[128970]: [pid: 128970|app: 0|req: 29/56] 127.0.0.1 () {42 vars in 985 bytes} [Sat Feb 15 10:01:53 2025] GET /v2/schemas/image => generated 6083 bytes in 8 msecs (HTTP/1.1 200) 4 headers in 158 bytes (1 switches on core 0)
Feb 15 10:01:53 ubuntu devstack@g-api.service[128969]: DEBUG glance.api.middleware.version_negotiation [None req-972067d8-08e8-4b72-9008-b57ceb38414c tempest-ImageDependencyTests-753887540 tempest-ImageDependencyTests-753887540-project-member] Determining version of request: GET /v2/schemas/image Accept: */* {{(pid=128969) process_request /opt/stack/glance/glance/api/middleware/version_negotiation.py:44}}
Feb 15 10:01:53 ubuntu devstack@g-api.service[128969]: DEBUG glance.api.middleware.version_negotiation [None req-972067d8-08e8-4b72-9008-b57ceb38414c tempest-ImageDependencyTests-753887540 tempest-ImageDependencyTests-753887540-project-member] Using url versioning {{(pid=128969) process_request /opt/stack/glance/glance/api/middleware/version_negotiation.py:57}}
Feb 15 10:01:53 ubuntu devstack@g-api.service[128969]: DEBUG glance.api.middleware.version_negotiation [None req-972067d8-08e8-4b72-9008-b57ceb38414c tempest-ImageDependencyTests-753887540 tempest-ImageDependencyTests-753887540-project-member] Matched version: v2 {{(pid=128969) process_request /opt/stack/glance/glance/api/middleware/version_negotiation.py:69}}
Feb 15 10:01:53 ubuntu devstack@g-api.service[128969]: DEBUG glance.api.middleware.version_negotiation [None req-972067d8-08e8-4b72-9008-b57ceb38414c tempest-ImageDependencyTests-753887540 tempest-ImageDependencyTests-753887540-project-member] new path /v2/schemas/image {{(pid=128969) process_request /opt/stack/glance/glance/api/middleware/version_negotiation.py:70}}
Feb 15 10:01:53 ubuntu devstack@g-api.service[128969]: [pid: 128969|app: 0|req: 28/57] 127.0.0.1 () {42 vars in 985 bytes} [Sat Feb 15 10:01:53 2025] GET /v2/schemas/image => generated 6083 bytes in 5 msecs (HTTP/1.1 200) 4 headers in 158 bytes (1 switches on core 0)
Feb 15 10:01:53 ubuntu devstack@g-api.service[128970]: DEBUG glance.api.middleware.version_negotiation [None req-972067d8-08e8-4b72-9008-b57ceb38414c tempest-ImageDependencyTests-753887540 tempest-ImageDependencyTests-753887540-project-member] Determining version of request: GET /v2/images/7a16e4db-04b7-40b5-9f5c-0046ac36d673 Accept: */* {{(pid=128970) process_request /opt/stack/glance/glance/api/middleware/version_negotiation.py:44}}
Feb 15 10:01:53 ubuntu devstack@g-api.service[128970]: DEBUG glance.api.middleware.version_negotiation [None req-972067d8-08e8-4b72-9008-b57ceb38414c tempest-ImageDependencyTests-753887540 tempest-ImageDependencyTests-753887540-project-member] Using url versioning {{(pid=128970) process_request /opt/stack/glance/glance/api/middleware/version_negotiation.py:57}}
Feb 15 10:01:53 ubuntu devstack@g-api.service[128970]: DEBUG glance.api.middleware.version_negotiation [None req-972067d8-08e8-4b72-9008-b57ceb38414c tempest-ImageDependencyTests-753887540 tempest-ImageDependencyTests-753887540-project-member] Matched version: v2 {{(pid=128970) process_request /opt/stack/glance/glance/api/middleware/version_negotiation.py:69}}
Feb 15 10:01:53 ubuntu devstack@g-api.service[128970]: DEBUG glance.api.middleware.version_negotiation [None req-972067d8-08e8-4b72-9008-b57ceb38414c tempest-ImageDependencyTests-753887540 tempest-ImageDependencyTests-753887540-project-member] new path /v2/images/7a16e4db-04b7-40b5-9f5c-0046ac36d673 {{(pid=128970) process_request /opt/stack/glance/glance/api/middleware/version_negotiation.py:70}}
Feb 15 10:01:53 ubuntu devstack@g-api.service[128970]: [pid: 128970|app: 0|req: 30/58] 127.0.0.1 () {42 vars in 1045 bytes} [Sat Feb 15 10:01:53 2025] GET /v2/images/7a16e4db-04b7-40b5-9f5c-0046ac36d673 => generated 807 bytes in 14 msecs (HTTP/1.1 200) 4 headers in 157 bytes (1 switches on core 0)
Feb 15 10:01:53 ubuntu devstack@g-api.service[128969]: DEBUG glance.api.middleware.version_negotiation [None req-972067d8-08e8-4b72-9008-b57ceb38414c tempest-ImageDependencyTests-753887540 tempest-ImageDependencyTests-753887540-project-member] Determining version of request: GET /v2/images/7a16e4db-04b7-40b5-9f5c-0046ac36d673/file Accept: */* {{(pid=128969) process_request /opt/stack/glance/glance/api/middleware/version_negotiation.py:44}}
Feb 15 10:01:53 ubuntu devstack@g-api.service[128969]: DEBUG glance.api.middleware.version_negotiation [None req-972067d8-08e8-4b72-9008-b57ceb38414c tempest-ImageDependencyTests-753887540 tempest-ImageDependencyTests-753887540-project-member] Using url versioning {{(pid=128969) process_request /opt/stack/glance/glance/api/middleware/version_negotiation.py:57}}
Feb 15 10:01:53 ubuntu devstack@g-api.service[128969]: DEBUG glance.api.middleware.version_negotiation [None req-972067d8-08e8-4b72-9008-b57ceb38414c tempest-ImageDependencyTests-753887540 tempest-ImageDependencyTests-753887540-project-member] Matched version: v2 {{(pid=128969) process_request /opt/stack/glance/glance/api/middleware/version_negotiation.py:69}}
Feb 15 10:01:53 ubuntu devstack@g-api.service[128969]: DEBUG glance.api.middleware.version_negotiation [None req-972067d8-08e8-4b72-9008-b57ceb38414c tempest-ImageDependencyTests-753887540 tempest-ImageDependencyTests-753887540-project-member] new path /v2/images/7a16e4db-04b7-40b5-9f5c-0046ac36d673/file {{(pid=128969) process_request /opt/stack/glance/glance/api/middleware/version_negotiation.py:70}}
Feb 15 10:01:53 ubuntu devstack@g-api.service[128969]: DEBUG glance.api.middleware.cache [None req-972067d8-08e8-4b72-9008-b57ceb38414c tempest-ImageDependencyTests-753887540 tempest-ImageDependencyTests-753887540-project-member] Cache hit for image '7a16e4db-04b7-40b5-9f5c-0046ac36d673' {{(pid=128969) process_request /opt/stack/glance/glance/api/middleware/cache.py:160}}
Feb 15 10:01:53 ubuntu devstack@g-api.service[128970]: DEBUG glance.api.middleware.version_negotiation [None req-972067d8-08e8-4b72-9008-b57ceb38414c tempest-ImageDependencyTests-753887540 tempest-ImageDependencyTests-753887540-project-member] Determining version of request: GET /v2/images/7a16e4db-04b7-40b5-9f5c-0046ac36d673 Accept: */* {{(pid=128970) process_request /opt/stack/glance/glance/api/middleware/version_negotiation.py:44}}
Feb 15 10:01:53 ubuntu devstack@g-api.service[128970]: DEBUG glance.api.middleware.version_negotiation [None req-972067d8-08e8-4b72-9008-b57ceb38414c tempest-ImageDependencyTests-753887540 tempest-ImageDependencyTests-753887540-project-member] Using url versioning {{(pid=128970) process_request /opt/stack/glance/glance/api/middleware/version_negotiation.py:57}}
Feb 15 10:01:53 ubuntu devstack@g-api.service[128970]: DEBUG glance.api.middleware.version_negotiation [None req-972067d8-08e8-4b72-9008-b57ceb38414c tempest-ImageDependencyTests-753887540 tempest-ImageDependencyTests-753887540-project-member] Matched version: v2 {{(pid=128970) process_request /opt/stack/glance/glance/api/middleware/version_negotiation.py:69}}
Feb 15 10:01:53 ubuntu devstack@g-api.service[128970]: DEBUG glance.api.middleware.version_negotiation [None req-972067d8-08e8-4b72-9008-b57ceb38414c tempest-ImageDependencyTests-753887540 tempest-ImageDependencyTests-753887540-project-member] new path /v2/images/7a16e4db-04b7-40b5-9f5c-0046ac36d673 {{(pid=128970) process_request /opt/stack/glance/glance/api/middleware/version_negotiation.py:70}}
Feb 15 10:01:53 ubuntu devstack@g-api.service[128969]: [pid: 128969|app: 0|req: 29/59] 127.0.0.1 () {42 vars in 1055 bytes} [Sat Feb 15 10:01:53 2025] GET /v2/images/7a16e4db-04b7-40b5-9f5c-0046ac36d673/file => generated 1024 bytes in 30 msecs (HTTP/1.1 200) 5 headers in 213 bytes (1 switches on core 0)
Feb 15 10:01:53 ubuntu devstack@g-api.service[128970]: [pid: 128970|app: 0|req: 31/60] 127.0.0.1 () {42 vars in 1045 bytes} [Sat Feb 15 10:01:53 2025] GET /v2/images/7a16e4db-04b7-40b5-9f5c-0046ac36d673 => generated 807 bytes in 15 msecs (HTTP/1.1 200) 4 headers in 157 bytes (1 switches on core 0)
Feb 15 10:01:53 ubuntu devstack@g-api.service[128969]: DEBUG glance.api.middleware.version_negotiation [None req-972067d8-08e8-4b72-9008-b57ceb38414c tempest-ImageDependencyTests-753887540 tempest-ImageDependencyTests-753887540-project-member] Determining version of request: GET /v2/schemas/image Accept: */* {{(pid=128969) process_request /opt/stack/glance/glance/api/middleware/version_negotiation.py:44}}
Feb 15 10:01:53 ubuntu devstack@g-api.service[128969]: DEBUG glance.api.middleware.version_negotiation [None req-972067d8-08e8-4b72-9008-b57ceb38414c tempest-ImageDependencyTests-753887540 tempest-ImageDependencyTests-753887540-project-member] Using url versioning {{(pid=128969) process_request /opt/stack/glance/glance/api/middleware/version_negotiation.py:57}}
Feb 15 10:01:53 ubuntu devstack@g-api.service[128969]: DEBUG glance.api.middleware.version_negotiation [None req-972067d8-08e8-4b72-9008-b57ceb38414c tempest-ImageDependencyTests-753887540 tempest-ImageDependencyTests-753887540-project-member] Matched version: v2 {{(pid=128969) process_request /opt/stack/glance/glance/api/middleware/version_negotiation.py:69}}
Feb 15 10:01:53 ubuntu devstack@g-api.service[128969]: DEBUG glance.api.middleware.version_negotiation [None req-972067d8-08e8-4b72-9008-b57ceb38414c tempest-ImageDependencyTests-753887540 tempest-ImageDependencyTests-753887540-project-member] new path /v2/schemas/image {{(pid=128969) process_request /opt/stack/glance/glance/api/middleware/version_negotiation.py:70}}
Feb 15 10:01:53 ubuntu devstack@g-api.service[128969]: [pid: 128969|app: 0|req: 30/61] 127.0.0.1 () {42 vars in 985 bytes} [Sat Feb 15 10:01:53 2025] GET /v2/schemas/image => generated 6083 bytes in 3 msecs (HTTP/1.1 200) 4 headers in 158 bytes (1 switches on core 0)
Feb 15 10:01:53 ubuntu devstack@g-api.service[128970]: DEBUG glance.api.middleware.version_negotiation [None req-972067d8-08e8-4b72-9008-b57ceb38414c tempest-ImageDependencyTests-753887540 tempest-ImageDependencyTests-753887540-project-member] Determining version of request: GET /v2/images/7a16e4db-04b7-40b5-9f5c-0046ac36d673 Accept: */* {{(pid=128970) process_request /opt/stack/glance/glance/api/middleware/version_negotiation.py:44}}
Feb 15 10:01:53 ubuntu devstack@g-api.service[128970]: DEBUG glance.api.middleware.version_negotiation [None req-972067d8-08e8-4b72-9008-b57ceb38414c tempest-ImageDependencyTests-753887540 tempest-ImageDependencyTests-753887540-project-member] Using url versioning {{(pid=128970) process_request /opt/stack/glance/glance/api/middleware/version_negotiation.py:57}}
Feb 15 10:01:53 ubuntu devstack@g-api.service[128970]: DEBUG glance.api.middleware.version_negotiation [None req-972067d8-08e8-4b72-9008-b57ceb38414c tempest-ImageDependencyTests-753887540 tempest-ImageDependencyTests-753887540-project-member] Matched version: v2 {{(pid=128970) process_request /opt/stack/glance/glance/api/middleware/version_negotiation.py:69}}
Feb 15 10:01:53 ubuntu devstack@g-api.service[128970]: DEBUG glance.api.middleware.version_negotiation [None req-972067d8-08e8-4b72-9008-b57ceb38414c tempest-ImageDependencyTests-753887540 tempest-ImageDependencyTests-753887540-project-member] new path /v2/images/7a16e4db-04b7-40b5-9f5c-0046ac36d673 {{(pid=128970) process_request /opt/stack/glance/glance/api/middleware/version_negotiation.py:70}}
Feb 15 10:01:53 ubuntu devstack@g-api.service[128970]: [pid: 128970|app: 0|req: 32/62] 127.0.0.1 () {42 vars in 1045 bytes} [Sat Feb 15 10:01:53 2025] GET /v2/images/7a16e4db-04b7-40b5-9f5c-0046ac36d673 => generated 807 bytes in 22 msecs (HTTP/1.1 200) 4 headers in 157 bytes (1 switches on core 0)
Feb 15 10:01:53 ubuntu devstack@g-api.service[128969]: DEBUG glance.api.middleware.version_negotiation [None req-972067d8-08e8-4b72-9008-b57ceb38414c tempest-ImageDependencyTests-753887540 tempest-ImageDependencyTests-753887540-project-member] Determining version of request: GET /v2/schemas/image Accept: */* {{(pid=128969) process_request /opt/stack/glance/glance/api/middleware/version_negotiation.py:44}}
Feb 15 10:01:53 ubuntu devstack@g-api.service[128969]: DEBUG glance.api.middleware.version_negotiation [None req-972067d8-08e8-4b72-9008-b57ceb38414c tempest-ImageDependencyTests-753887540 tempest-ImageDependencyTests-753887540-project-member] Using url versioning {{(pid=128969) process_request /opt/stack/glance/glance/api/middleware/version_negotiation.py:57}}
Feb 15 10:01:53 ubuntu devstack@g-api.service[128969]: DEBUG glance.api.middleware.version_negotiation [None req-972067d8-08e8-4b72-9008-b57ceb38414c tempest-ImageDependencyTests-753887540 tempest-ImageDependencyTests-753887540-project-member] Matched version: v2 {{(pid=128969) process_request /opt/stack/glance/glance/api/middleware/version_negotiation.py:69}}
Feb 15 10:01:53 ubuntu devstack@g-api.service[128969]: DEBUG glance.api.middleware.version_negotiation [None req-972067d8-08e8-4b72-9008-b57ceb38414c tempest-ImageDependencyTests-753887540 tempest-ImageDependencyTests-753887540-project-member] new path /v2/schemas/image {{(pid=128969) process_request /opt/stack/glance/glance/api/middleware/version_negotiation.py:70}}
Feb 15 10:01:53 ubuntu devstack@g-api.service[128969]: [pid: 128969|app: 0|req: 31/63] 127.0.0.1 () {42 vars in 985 bytes} [Sat Feb 15 10:01:53 2025] GET /v2/schemas/image => generated 6083 bytes in 9 msecs (HTTP/1.1 200) 4 headers in 158 bytes (1 switches on core 0)
Feb 15 10:01:55 ubuntu devstack@g-api.service[128970]: DEBUG glance.api.middleware.version_negotiation [None req-972067d8-08e8-4b72-9008-b57ceb38414c tempest-ImageDependencyTests-753887540 tempest-ImageDependencyTests-753887540-project-member] Determining version of request: DELETE /v2/images/7a16e4db-04b7-40b5-9f5c-0046ac36d673 Accept: application/json {{(pid=128970) process_request /opt/stack/glance/glance/api/middleware/version_negotiation.py:44}}
Feb 15 10:01:55 ubuntu devstack@g-api.service[128970]: DEBUG glance.api.middleware.version_negotiation [None req-972067d8-08e8-4b72-9008-b57ceb38414c tempest-ImageDependencyTests-753887540 tempest-ImageDependencyTests-753887540-project-member] Using url versioning {{(pid=128970) process_request /opt/stack/glance/glance/api/middleware/version_negotiation.py:57}}
Feb 15 10:01:55 ubuntu devstack@g-api.service[128970]: DEBUG glance.api.middleware.version_negotiation [None req-972067d8-08e8-4b72-9008-b57ceb38414c tempest-ImageDependencyTests-753887540 tempest-ImageDependencyTests-753887540-project-member] Matched version: v2 {{(pid=128970) process_request /opt/stack/glance/glance/api/middleware/version_negotiation.py:69}}
Feb 15 10:01:55 ubuntu devstack@g-api.service[128970]: DEBUG glance.api.middleware.version_negotiation [None req-972067d8-08e8-4b72-9008-b57ceb38414c tempest-ImageDependencyTests-753887540 tempest-ImageDependencyTests-753887540-project-member] new path /v2/images/7a16e4db-04b7-40b5-9f5c-0046ac36d673 {{(pid=128970) process_request /opt/stack/glance/glance/api/middleware/version_negotiation.py:70}}
Feb 15 10:01:55 ubuntu devstack@g-api.service[128970]: WARNING glance.api.v2.images [None req-9cb0b557-cc8d-4b66-b3df-03dab95c3e33 tempest-ImageDependencyTests-753887540 tempest-ImageDependencyTests-753887540-project-member] After upload to backend, deletion of staged image data has failed because it cannot be found at /tmp/staging//7a16e4db-04b7-40b5-9f5c-0046ac36d673
Feb 15 10:01:55 ubuntu devstack@g-api.service[128970]: DEBUG glance_store.backend [None req-9cb0b557-cc8d-4b66-b3df-03dab95c3e33 tempest-ImageDependencyTests-753887540 tempest-ImageDependencyTests-753887540-project-member] Attempting to import store swift {{(pid=128970) _load_store /opt/stack/data/venv/lib/python3.10/site-packages/glance_store/backend.py:216}}
Feb 15 10:01:55 ubuntu devstack@g-api.service[128970]: DEBUG glance_store.capabilities [None req-9cb0b557-cc8d-4b66-b3df-03dab95c3e33 tempest-ImageDependencyTests-753887540 tempest-ImageDependencyTests-753887540-project-member] Store glance_store._drivers.swift.store.SingleTenantStore doesn't support updating dynamic storage capabilities. Please overwrite 'update_capabilities' method of the store to implement updating logics if needed. {{(pid=128970) update_capabilities /opt/stack/data/venv/lib/python3.10/site-packages/glance_store/capabilities.py:91}}
Feb 15 10:01:55 ubuntu devstack@g-api.service[128970]: DEBUG glance_store.driver [None req-9cb0b557-cc8d-4b66-b3df-03dab95c3e33 tempest-ImageDependencyTests-753887540 tempest-ImageDependencyTests-753887540-project-member] Late loading location class glance_store._drivers.swift.store.StoreLocation {{(pid=128970) get_store_location_class /opt/stack/data/venv/lib/python3.10/site-packages/glance_store/driver.py:133}}
Feb 15 10:01:55 ubuntu devstack@g-api.service[128970]: DEBUG glance_store.location [None req-9cb0b557-cc8d-4b66-b3df-03dab95c3e33 tempest-ImageDependencyTests-753887540 tempest-ImageDependencyTests-753887540-project-member] Registering scheme swift+https with {'store': <glance_store._drivers.swift.store.SingleTenantStore object at 0x7fea08689ed0>, 'location_class': <class 'glance_store._drivers.swift.store.StoreLocation'>, 'store_entry': 'swift'} {{(pid=128970) register_scheme_map /opt/stack/data/venv/lib/python3.10/site-packages/glance_store/location.py:146}}
Feb 15 10:01:55 ubuntu devstack@g-api.service[128970]: DEBUG glance_store.location [None req-9cb0b557-cc8d-4b66-b3df-03dab95c3e33 tempest-ImageDependencyTests-753887540 tempest-ImageDependencyTests-753887540-project-member] Registering scheme swift+https with {'store': <glance_store._drivers.swift.store.SingleTenantStore object at 0x7fea08689ed0>, 'location_class': <class 'glance_store._drivers.swift.store.StoreLocation'>, 'store_entry': 'swift'} {{(pid=128970) register_scheme_map /opt/stack/data/venv/lib/python3.10/site-packages/glance_store/location.py:146}}
Feb 15 10:01:55 ubuntu devstack@g-api.service[128970]: DEBUG glance_store.location [None req-9cb0b557-cc8d-4b66-b3df-03dab95c3e33 tempest-ImageDependencyTests-753887540 tempest-ImageDependencyTests-753887540-project-member] Registering scheme swift with {'store': <glance_store._drivers.swift.store.SingleTenantStore object at 0x7fea08689ed0>, 'location_class': <class 'glance_store._drivers.swift.store.StoreLocation'>, 'store_entry': 'swift'} {{(pid=128970) register_scheme_map /opt/stack/data/venv/lib/python3.10/site-packages/glance_store/location.py:146}}
Feb 15 10:01:55 ubuntu devstack@g-api.service[128970]: DEBUG glance_store.location [None req-9cb0b557-cc8d-4b66-b3df-03dab95c3e33 tempest-ImageDependencyTests-753887540 tempest-ImageDependencyTests-753887540-project-member] Registering scheme swift+https with {'store': <glance_store._drivers.swift.store.SingleTenantStore object at 0x7fea08689ed0>, 'location_class': <class 'glance_store._drivers.swift.store.StoreLocation'>, 'store_entry': 'swift'} {{(pid=128970) register_scheme_map /opt/stack/data/venv/lib/python3.10/site-packages/glance_store/location.py:146}}
Feb 15 10:01:55 ubuntu devstack@g-api.service[128970]: DEBUG glance_store.location [None req-9cb0b557-cc8d-4b66-b3df-03dab95c3e33 tempest-ImageDependencyTests-753887540 tempest-ImageDependencyTests-753887540-project-member] Registering scheme swift with {'store': <glance_store._drivers.swift.store.SingleTenantStore object at 0x7fea08689ed0>, 'location_class': <class 'glance_store._drivers.swift.store.StoreLocation'>, 'store_entry': 'swift'} {{(pid=128970) register_scheme_map /opt/stack/data/venv/lib/python3.10/site-packages/glance_store/location.py:146}}
Feb 15 10:01:55 ubuntu devstack@g-api.service[128970]: DEBUG glance_store.location [None req-9cb0b557-cc8d-4b66-b3df-03dab95c3e33 tempest-ImageDependencyTests-753887540 tempest-ImageDependencyTests-753887540-project-member] Registering scheme swift+http with {'store': <glance_store._drivers.swift.store.SingleTenantStore object at 0x7fea08689ed0>, 'location_class': <class 'glance_store._drivers.swift.store.StoreLocation'>, 'store_entry': 'swift'} {{(pid=128970) register_scheme_map /opt/stack/data/venv/lib/python3.10/site-packages/glance_store/location.py:146}}
Feb 15 10:01:55 ubuntu devstack@g-api.service[128970]: DEBUG glance_store.location [None req-9cb0b557-cc8d-4b66-b3df-03dab95c3e33 tempest-ImageDependencyTests-753887540 tempest-ImageDependencyTests-753887540-project-member] Registering scheme swift+https with {'store': <glance_store._drivers.swift.store.SingleTenantStore object at 0x7fea08689ed0>, 'location_class': <class 'glance_store._drivers.swift.store.StoreLocation'>, 'store_entry': 'swift'} {{(pid=128970) register_scheme_map /opt/stack/data/venv/lib/python3.10/site-packages/glance_store/location.py:146}}
Feb 15 10:01:55 ubuntu devstack@g-api.service[128970]: DEBUG glance_store.location [None req-9cb0b557-cc8d-4b66-b3df-03dab95c3e33 tempest-ImageDependencyTests-753887540 tempest-ImageDependencyTests-753887540-project-member] Registering scheme swift with {'store': <glance_store._drivers.swift.store.SingleTenantStore object at 0x7fea08689ed0>, 'location_class': <class 'glance_store._drivers.swift.store.StoreLocation'>, 'store_entry': 'swift'} {{(pid=128970) register_scheme_map /opt/stack/data/venv/lib/python3.10/site-packages/glance_store/location.py:146}}
Feb 15 10:01:55 ubuntu devstack@g-api.service[128970]: DEBUG glance_store.location [None req-9cb0b557-cc8d-4b66-b3df-03dab95c3e33 tempest-ImageDependencyTests-753887540 tempest-ImageDependencyTests-753887540-project-member] Registering scheme swift+http with {'store': <glance_store._drivers.swift.store.SingleTenantStore object at 0x7fea08689ed0>, 'location_class': <class 'glance_store._drivers.swift.store.StoreLocation'>, 'store_entry': 'swift'} {{(pid=128970) register_scheme_map /opt/stack/data/venv/lib/python3.10/site-packages/glance_store/location.py:146}}
Feb 15 10:01:55 ubuntu devstack@g-api.service[128970]: DEBUG glance_store.location [None req-9cb0b557-cc8d-4b66-b3df-03dab95c3e33 tempest-ImageDependencyTests-753887540 tempest-ImageDependencyTests-753887540-project-member] Registering scheme swift+config with {'store': <glance_store._drivers.swift.store.SingleTenantStore object at 0x7fea08689ed0>, 'location_class': <class 'glance_store._drivers.swift.store.StoreLocation'>, 'store_entry': 'swift'} {{(pid=128970) register_scheme_map /opt/stack/data/venv/lib/python3.10/site-packages/glance_store/location.py:146}}
Feb 15 10:01:55 ubuntu devstack@g-api.service[128970]: DEBUG keystoneclient.auth.identity.v3.base [None req-9cb0b557-cc8d-4b66-b3df-03dab95c3e33 tempest-ImageDependencyTests-753887540 tempest-ImageDependencyTests-753887540-project-member] Making authentication request to http://10.201.5.82/identity/v3/auth/tokens {{(pid=128970) get_auth_ref /opt/stack/data/venv/lib/python3.10/site-packages/keystoneclient/auth/identity/v3/base.py:185}}
Feb 15 10:01:55 ubuntu devstack@g-api.service[128970]: DEBUG keystoneclient.auth.identity.v3.base [None req-9cb0b557-cc8d-4b66-b3df-03dab95c3e33 tempest-ImageDependencyTests-753887540 tempest-ImageDependencyTests-753887540-project-member] {"token": {"methods": ["password"], "user": {"domain": {"id": "default", "name": "Default"}, "id": "37b61125c5274ca2aec5706c392ab7a4", "name": "glance-swift", "password_expires_at": null}, "audit_ids": ["6uC6uwLFSsWWtqdW1Og0fw"], "expires_at": "2025-02-15T11:01:55.000000Z", "issued_at": "2025-02-15T10:01:55.000000Z", "project": {"domain": {"id": "default", "name": "Default"}, "id": "9908c87ea4cc41f4b11be29a69701c21", "name": "service"}, "is_domain": false, "roles": [{"id": "a4b97a2914cc48cbb0af2e6930fd2cf6", "name": "service"}, {"id": "cd697c9ed27947ffbc78e1f46f0cae1f", "name": "ResellerAdmin"}], "catalog": [{"endpoints": [{"id": "6a739a73b4d74aafa4e6e13194930254", "interface": "public", "region_id": "RegionOne", "url": "http://10.201.5.82:9696/networking", "region": "RegionOne"}], "id": "09280a51d2e94554b84c9a4309ece0ac", "type": "network", "name": "neutron"}, {"endpoints": [{"id": "d8383a24691b4d28a21543d9779dde0f", "interface": "public", "region_id": "RegionOne", "url": "http://10.201.5.82/image", "region": "RegionOne"}], "id": "30c9609a9ab643eb96ebbe8742a01282", "type": "image", "name": "glance"}, {"endpoints": [{"id": "6fc3f763cd8d4eeda3a2e6977317eaed", "interface": "public", "region_id": "RegionOne", "url": "http://10.201.5.82/placement", "region": "RegionOne"}], "id": "35ba091bcacb4960bdcdb9e7cd596e56", "type": "placement", "name": "placement"}, {"endpoints": [{"id": "393abf582d9e4eebbfcc1a0d6eafa2ab", "interface": "public", "region_id": "RegionOne", "url": "http://10.201.5.82/identity", "region": "RegionOne"}], "id": "38874a37925d4bd8982e2af5bf468206", "type": "identity", "name": "keystone"}, {"endpoints": [{"id": "5f3139bdff8045adbc6c58aaec2faefa", "interface": "public", "region_id": "RegionOne", "url": "http://10.201.5.82:8080/v1/AUTH_9908c87ea4cc41f4b11be29a69701c21", "region": "RegionOne"}, {"id": "ac6aa9e5404c4441aa90cddcfa9edee6", "interface": "admin", "region_id": "RegionOne", "url": "http://10.201.5.82:8080", "region": "RegionOne"}], "id": "84418c1eb7244a7fafc15e0690748172", "type": "object-store", "name": "swift"}, {"endpoints": [{"id": "9aa1307cb1154210a16dd5c22af9d7a4", "interface": "public", "region_id": "RegionOne", "url": "http://10.201.5.82/compute/v2/9908c87ea4cc41f4b11be29a69701c21", "region": "RegionOne"}], "id": "9c06afb308d24f6ea54791785a1ece4e", "type": "compute_legacy", "name": "nova_legacy"}, {"endpoints": [{"id": "0d986b3711754d39af8af7a867faac32", "interface": "public", "region_id": "RegionOne", "url": "http://10.201.5.82/volume/v3", "region": "RegionOne"}], "id": "a68694f577bb4f23988518c321b434f2", "type": "block-storage", "name": "cinder"}, {"endpoints": [{"id": "34a17b3e9ea24bdd9cfcf15f339239bd", "interface": "public", "region_id": "RegionOne", "url": "http://10.201.5.82/compute/v2.1", "region": "RegionOne"}], "id": "efbc8959397a4f9c811e872ad38fc682", "type": "compute", "name": "nova"}]}} {{(pid=128970) get_auth_ref /opt/stack/data/venv/lib/python3.10/site-packages/keystoneclient/auth/identity/v3/base.py:190}}
Feb 15 10:01:55 ubuntu devstack@g-api.service[128970]: DEBUG keystoneclient.httpclient [None req-9cb0b557-cc8d-4b66-b3df-03dab95c3e33 tempest-ImageDependencyTests-753887540 tempest-ImageDependencyTests-753887540-project-member] Failed to find endpoint for management url admin endpoint for identity service not found {{(pid=128970) _process_management_url /opt/stack/data/venv/lib/python3.10/site-packages/keystoneclient/httpclient.py:670}}
Feb 15 10:01:55 ubuntu devstack@g-api.service[128970]: DEBUG swiftclient [None req-9cb0b557-cc8d-4b66-b3df-03dab95c3e33 tempest-ImageDependencyTests-753887540 tempest-ImageDependencyTests-753887540-project-member] REQ: curl -i http://10.201.5.82:8080/v1/AUTH_9908c87ea4cc41f4b11be29a69701c21/glance/7a16e4db-04b7-40b5-9f5c-0046ac36d673 -I -H "X-Auth-Token: gAAAAABnsGYTxOXF..." {{(pid=128970) http_log /opt/stack/data/venv/lib/python3.10/site-packages/swiftclient/client.py:160}}
Feb 15 10:01:55 ubuntu devstack@g-api.service[128970]: DEBUG swiftclient [None req-9cb0b557-cc8d-4b66-b3df-03dab95c3e33 tempest-ImageDependencyTests-753887540 tempest-ImageDependencyTests-753887540-project-member] RESP STATUS: 200 OK {{(pid=128970) http_log /opt/stack/data/venv/lib/python3.10/site-packages/swiftclient/client.py:161}}
Feb 15 10:01:55 ubuntu devstack@g-api.service[128970]: DEBUG swiftclient [None req-9cb0b557-cc8d-4b66-b3df-03dab95c3e33 tempest-ImageDependencyTests-753887540 tempest-ImageDependencyTests-753887540-project-member] RESP HEADERS: {'Content-Type': 'application/octet-stream', 'Content-Length': '1024', 'Etag': 'e6dc10e7f4df8d538fccccd5f4e7a367', 'Last-Modified': 'Sat, 15 Feb 2025 10:01:47 GMT', 'X-Timestamp': '1739613706.53766', 'Accept-Ranges': 'bytes', 'X-Trans-Id': 'tx410dbcbe611f4e52ae520-0067b06613', 'X-Openstack-Request-Id': 'tx410dbcbe611f4e52ae520-0067b06613', 'Date': 'Sat, 15 Feb 2025 10:01:55 GMT'} {{(pid=128970) http_log /opt/stack/data/venv/lib/python3.10/site-packages/swiftclient/client.py:162}}
Feb 15 10:01:55 ubuntu devstack@g-api.service[128970]: DEBUG swiftclient [None req-9cb0b557-cc8d-4b66-b3df-03dab95c3e33 tempest-ImageDependencyTests-753887540 tempest-ImageDependencyTests-753887540-project-member] REQ: curl -i http://10.201.5.82:8080/v1/AUTH_9908c87ea4cc41f4b11be29a69701c21/glance/7a16e4db-04b7-40b5-9f5c-0046ac36d673 DELETE -H "X-Auth-Token: gAAAAABnsGYTxOXF..." {{(pid=128970) http_log /opt/stack/data/venv/lib/python3.10/site-packages/swiftclient/client.py:160}}
Feb 15 10:01:55 ubuntu devstack@g-api.service[128970]: DEBUG swiftclient [None req-9cb0b557-cc8d-4b66-b3df-03dab95c3e33 tempest-ImageDependencyTests-753887540 tempest-ImageDependencyTests-753887540-project-member] RESP STATUS: 204 No Content {{(pid=128970) http_log /opt/stack/data/venv/lib/python3.10/site-packages/swiftclient/client.py:161}}
Feb 15 10:01:55 ubuntu devstack@g-api.service[128970]: DEBUG swiftclient [None req-9cb0b557-cc8d-4b66-b3df-03dab95c3e33 tempest-ImageDependencyTests-753887540 tempest-ImageDependencyTests-753887540-project-member] RESP HEADERS: {'Content-Type': 'text/html; charset=UTF-8', 'Content-Length': '0', 'X-Trans-Id': 'tx3f89b0c09ae34611bf541-0067b06613', 'X-Openstack-Request-Id': 'tx3f89b0c09ae34611bf541-0067b06613', 'Date': 'Sat, 15 Feb 2025 10:01:55 GMT'} {{(pid=128970) http_log /opt/stack/data/venv/lib/python3.10/site-packages/swiftclient/client.py:162}}
Feb 15 10:01:55 ubuntu devstack@g-api.service[128970]: DEBUG glance.api.middleware.cache [None req-9cb0b557-cc8d-4b66-b3df-03dab95c3e33 tempest-ImageDependencyTests-753887540 tempest-ImageDependencyTests-753887540-project-member] Removing image 7a16e4db-04b7-40b5-9f5c-0046ac36d673 from cache {{(pid=128970) _process_DELETE_response /opt/stack/glance/glance/api/middleware/cache.py:264}}
Feb 15 10:01:55 ubuntu devstack@g-api.service[128970]: DEBUG glance.image_cache.drivers.centralized_db [None req-9cb0b557-cc8d-4b66-b3df-03dab95c3e33 tempest-ImageDependencyTests-753887540 tempest-ImageDependencyTests-753887540-project-member] Deleting image cache file '/opt/stack/data/glance/cache/7a16e4db-04b7-40b5-9f5c-0046ac36d673' {{(pid=128970) delete_cached_file /opt/stack/glance/glance/image_cache/drivers/centralized_db.py:387}}
Feb 15 10:01:55 ubuntu devstack@g-api.service[128970]: [pid: 128970|app: 0|req: 33/64] 127.0.0.1 () {38 vars in 773 bytes} [Sat Feb 15 10:01:55 2025] DELETE /v2/images/7a16e4db-04b7-40b5-9f5c-0046ac36d673 => generated 0 bytes in 190 msecs (HTTP/1.1 204) 4 headers in 171 bytes (1 switches on core 0)
Feb 15 10:01:55 ubuntu devstack@g-api.service[128969]: DEBUG glance.api.middleware.version_negotiation [None req-972067d8-08e8-4b72-9008-b57ceb38414c tempest-ImageDependencyTests-753887540 tempest-ImageDependencyTests-753887540-project-member] Determining version of request: GET /v2/images/7a16e4db-04b7-40b5-9f5c-0046ac36d673 Accept: application/json {{(pid=128969) process_request /opt/stack/glance/glance/api/middleware/version_negotiation.py:44}}
Feb 15 10:01:55 ubuntu devstack@g-api.service[128969]: DEBUG glance.api.middleware.version_negotiation [None req-972067d8-08e8-4b72-9008-b57ceb38414c tempest-ImageDependencyTests-753887540 tempest-ImageDependencyTests-753887540-project-member] Using url versioning {{(pid=128969) process_request /opt/stack/glance/glance/api/middleware/version_negotiation.py:57}}
Feb 15 10:01:55 ubuntu devstack@g-api.service[128969]: DEBUG glance.api.middleware.version_negotiation [None req-972067d8-08e8-4b72-9008-b57ceb38414c tempest-ImageDependencyTests-753887540 tempest-ImageDependencyTests-753887540-project-member] Matched version: v2 {{(pid=128969) process_request /opt/stack/glance/glance/api/middleware/version_negotiation.py:69}}
Feb 15 10:01:55 ubuntu devstack@g-api.service[128969]: DEBUG glance.api.middleware.version_negotiation [None req-972067d8-08e8-4b72-9008-b57ceb38414c tempest-ImageDependencyTests-753887540 tempest-ImageDependencyTests-753887540-project-member] new path /v2/images/7a16e4db-04b7-40b5-9f5c-0046ac36d673 {{(pid=128969) process_request /opt/stack/glance/glance/api/middleware/version_negotiation.py:70}}
Feb 15 10:01:55 ubuntu devstack@g-api.service[128969]: DEBUG glance.db.sqlalchemy.api [None req-c8a31a56-88d4-49f0-b69d-f4318ecd4789 tempest-ImageDependencyTests-753887540 tempest-ImageDependencyTests-753887540-project-member] No image found with ID 7a16e4db-04b7-40b5-9f5c-0046ac36d673 {{(pid=128969) _image_get /opt/stack/glance/glance/db/sqlalchemy/api.py:309}}
Feb 15 10:01:55 ubuntu devstack@g-api.service[128969]: [pid: 128969|app: 0|req: 32/65] 127.0.0.1 () {38 vars in 770 bytes} [Sat Feb 15 10:01:55 2025] GET /v2/images/7a16e4db-04b7-40b5-9f5c-0046ac36d673 => generated 139 bytes in 140 msecs (HTTP/1.1 404) 4 headers in 164 bytes (1 switches on core 0)
Feb 15 10:02:05 ubuntu devstack@g-api.service[128970]: DEBUG dbcounter [-] [128970] Writing DB stats glance:SELECT=52,glance:UPDATE=9,glance:INSERT=1,glance:DELETE=1 {{(pid=128970) stat_writer /opt/stack/data/venv/lib/python3.10/site-packages/dbcounter.py:115}}
Feb 15 10:02:05 ubuntu devstack@g-api.service[128969]: DEBUG dbcounter [-] [128969] Writing DB stats glance:SELECT=32,glance:INSERT=2,glance:UPDATE=1 {{(pid=128969) stat_writer /opt/stack/data/venv/lib/python3.10/site-packages/dbcounter.py:115}}
Feb 15 10:41:58 ubuntu devstack@g-api.service[128970]: DEBUG glance.api.middleware.version_negotiation [None req-9cb0b557-cc8d-4b66-b3df-03dab95c3e33 tempest-ImageDependencyTests-753887540 tempest-ImageDependencyTests-753887540-project-member] Determining version of request: GET /v2/images/42000623-ced9-45c5-8065-b691ca607d31 Accept: application/json {{(pid=128970) process_request /opt/stack/glance/glance/api/middleware/version_negotiation.py:44}}
Feb 15 10:41:58 ubuntu devstack@g-api.service[128970]: DEBUG glance.api.middleware.version_negotiation [None req-9cb0b557-cc8d-4b66-b3df-03dab95c3e33 tempest-ImageDependencyTests-753887540 tempest-ImageDependencyTests-753887540-project-member] Using url versioning {{(pid=128970) process_request /opt/stack/glance/glance/api/middleware/version_negotiation.py:57}}
Feb 15 10:41:58 ubuntu devstack@g-api.service[128970]: DEBUG glance.api.middleware.version_negotiation [None req-9cb0b557-cc8d-4b66-b3df-03dab95c3e33 tempest-ImageDependencyTests-753887540 tempest-ImageDependencyTests-753887540-project-member] Matched version: v2 {{(pid=128970) process_request /opt/stack/glance/glance/api/middleware/version_negotiation.py:69}}
Feb 15 10:41:58 ubuntu devstack@g-api.service[128970]: DEBUG glance.api.middleware.version_negotiation [None req-9cb0b557-cc8d-4b66-b3df-03dab95c3e33 tempest-ImageDependencyTests-753887540 tempest-ImageDependencyTests-753887540-project-member] new path /v2/images/42000623-ced9-45c5-8065-b691ca607d31 {{(pid=128970) process_request /opt/stack/glance/glance/api/middleware/version_negotiation.py:70}}
