Jan 27 09:01:33 ubuntu devstack@keystone.service[80032]: DEBUG keystone.server.flask.common [-] Adding resource routes to API users: ['/users/<string:user_id>/OS-OAUTH1/access_tokens/<string:access_token_id>/roles/<string:role_id>' {}] {{(pid=80032) _add_mapped_resources /opt/stack/keystone/keystone/server/flask/common.py:483}}
Jan 27 09:01:33 ubuntu devstack@keystone.service[80032]: DEBUG keystone.server.flask.common [-] Adding resource routes to API users: ['/users/<string:user_id>/application_credentials' {}] {{(pid=80032) _add_mapped_resources /opt/stack/keystone/keystone/server/flask/common.py:483}}
Jan 27 09:01:33 ubuntu devstack@keystone.service[80032]: DEBUG keystone.server.flask.common [-] Adding resource routes to API users: ['/users/<string:user_id>/application_credentials/<string:application_credential_id>' {}] {{(pid=80032) _add_mapped_resources /opt/stack/keystone/keystone/server/flask/common.py:483}}
Jan 27 09:01:33 ubuntu devstack@keystone.service[80032]: DEBUG keystone.server.flask.common [-] Adding resource routes to API users: ['/users/<string:user_id>/access_rules' {}] {{(pid=80032) _add_mapped_resources /opt/stack/keystone/keystone/server/flask/common.py:483}}
Jan 27 09:01:33 ubuntu devstack@keystone.service[80032]: DEBUG keystone.server.flask.common [-] Adding resource routes to API users: ['/users/<string:user_id>/access_rules/<string:access_rule_id>' {}] {{(pid=80032) _add_mapped_resources /opt/stack/keystone/keystone/server/flask/common.py:483}}
Jan 27 09:01:33 ubuntu devstack@keystone.service[80033]: WSGI app 0 (mountpoint='') ready in 2 seconds on interpreter 0x55b89defed40 pid: 80033 (default app)
Jan 27 09:01:33 ubuntu devstack@keystone.service[80033]: DEBUG keystone.server.flask.request_processing.req_logging [None req-f91d79b0-45ae-44b3-9beb-84577f501485 None None] REQUEST_METHOD: `GET` {{(pid=80033) log_request_info /opt/stack/keystone/keystone/server/flask/request_processing/req_logging.py:26}}
Jan 27 09:01:33 ubuntu devstack@keystone.service[80033]: DEBUG keystone.server.flask.request_processing.req_logging [None req-f91d79b0-45ae-44b3-9beb-84577f501485 None None] SCRIPT_NAME: `/identity` {{(pid=80033) log_request_info /opt/stack/keystone/keystone/server/flask/request_processing/req_logging.py:27}}
Jan 27 09:01:33 ubuntu devstack@keystone.service[80033]: DEBUG keystone.server.flask.request_processing.req_logging [None req-f91d79b0-45ae-44b3-9beb-84577f501485 None None] PATH_INFO: `/v3` {{(pid=80033) log_request_info /opt/stack/keystone/keystone/server/flask/request_processing/req_logging.py:28}}
Jan 27 09:01:33 ubuntu devstack@keystone.service[80033]: [pid: 80033|app: 0|req: 1/1] 10.201.5.82 () {50 vars in 783 bytes} [Mon Jan 27 09:01:33 2025] GET /identity/v3/ => generated 255 bytes in 5 msecs (HTTP/1.1 200) 5 headers in 177 bytes (1 switches on core 0)
Jan 27 09:01:33 ubuntu devstack@keystone.service[80032]: WSGI app 0 (mountpoint='') ready in 2 seconds on interpreter 0x55b89defed40 pid: 80032 (default app)
Jan 27 09:01:38 ubuntu devstack@keystone.service[80033]: DEBUG keystone.server.flask.request_processing.req_logging [None req-7fa20538-f7ea-4b66-8f3d-d826d236fa4e None None] REQUEST_METHOD: `GET` {{(pid=80033) log_request_info /opt/stack/keystone/keystone/server/flask/request_processing/req_logging.py:26}}
Jan 27 09:01:38 ubuntu devstack@keystone.service[80033]: DEBUG keystone.server.flask.request_processing.req_logging [None req-7fa20538-f7ea-4b66-8f3d-d826d236fa4e None None] SCRIPT_NAME: `/identity` {{(pid=80033) log_request_info /opt/stack/keystone/keystone/server/flask/request_processing/req_logging.py:27}}
Jan 27 09:01:38 ubuntu devstack@keystone.service[80033]: DEBUG keystone.server.flask.request_processing.req_logging [None req-7fa20538-f7ea-4b66-8f3d-d826d236fa4e None None] PATH_INFO: `/` {{(pid=80033) log_request_info /opt/stack/keystone/keystone/server/flask/request_processing/req_logging.py:28}}
Jan 27 09:01:38 ubuntu devstack@keystone.service[80033]: [pid: 80033|app: 0|req: 2/2] 10.201.5.82 () {54 vars in 918 bytes} [Mon Jan 27 09:01:38 2025] GET /identity => generated 270 bytes in 2 msecs (HTTP/1.1 300) 6 headers in 234 bytes (2 switches on core 0)
Jan 27 09:01:38 ubuntu devstack@keystone.service[80032]: DEBUG keystone.server.flask.request_processing.req_logging [None req-62193d4b-d428-4390-8f87-fc51ee6bbafa None None] REQUEST_METHOD: `POST` {{(pid=80032) log_request_info /opt/stack/keystone/keystone/server/flask/request_processing/req_logging.py:26}}
Jan 27 09:01:38 ubuntu devstack@keystone.service[80032]: DEBUG keystone.server.flask.request_processing.req_logging [None req-62193d4b-d428-4390-8f87-fc51ee6bbafa None None] SCRIPT_NAME: `/identity` {{(pid=80032) log_request_info /opt/stack/keystone/keystone/server/flask/request_processing/req_logging.py:27}}
Jan 27 09:01:38 ubuntu devstack@keystone.service[80032]: DEBUG keystone.server.flask.request_processing.req_logging [None req-62193d4b-d428-4390-8f87-fc51ee6bbafa None None] PATH_INFO: `/v3/auth/tokens` {{(pid=80032) log_request_info /opt/stack/keystone/keystone/server/flask/request_processing/req_logging.py:28}}
Jan 27 09:01:38 ubuntu devstack@keystone.service[80032]: INFO dbcounter [None req-62193d4b-d428-4390-8f87-fc51ee6bbafa None None] Registered counter for database keystone
Jan 27 09:01:38 ubuntu devstack@keystone.service[80032]: DEBUG oslo_db.sqlalchemy.engines [None req-62193d4b-d428-4390-8f87-fc51ee6bbafa None None] MySQL server mode set to STRICT_TRANS_TABLES,STRICT_ALL_TABLES,NO_ZERO_IN_DATE,NO_ZERO_DATE,ERROR_FOR_DIVISION_BY_ZERO,TRADITIONAL,NO_ENGINE_SUBSTITUTION {{(pid=80032) _check_effective_sql_mode /opt/stack/data/venv/lib/python3.10/site-packages/oslo_db/sqlalchemy/engines.py:395}}
Jan 27 09:01:38 ubuntu devstack@keystone.service[80032]: DEBUG dbcounter [-] [80032] Writer thread running {{(pid=80032) stat_writer /opt/stack/data/venv/lib/python3.10/site-packages/dbcounter.py:102}}
Jan 27 09:01:38 ubuntu devstack@keystone.service[80032]: WARNING keystone.common.password_hashing [None req-62193d4b-d428-4390-8f87-fc51ee6bbafa None None] Truncating password to algorithm specific maximum length 72 characters.
Jan 27 09:01:38 ubuntu devstack@keystone.service[80032]: DEBUG keystone.auth.core [None req-62193d4b-d428-4390-8f87-fc51ee6bbafa None None] MFA Rules not processed for user `998b46517f0543d682dd29d4d6e204e7`. Rule list: `[]` (Enabled: `True`). {{(pid=80032) check_auth_methods_against_rules /opt/stack/keystone/keystone/auth/core.py:476}}
Jan 27 09:01:38 ubuntu devstack@keystone.service[80032]: DEBUG keystone.common.fernet_utils [None req-62193d4b-d428-4390-8f87-fc51ee6bbafa None None] Loaded 2 Fernet keys from /etc/keystone/fernet-keys/, but `[fernet_tokens] max_active_keys = 3`; perhaps there have not been enough key rotations to reach `max_active_keys` yet? {{(pid=80032) load_keys /opt/stack/keystone/keystone/common/fernet_utils.py:297}}
Jan 27 09:01:38 ubuntu devstack@keystone.service[80032]: [pid: 80032|app: 0|req: 1/3] 10.201.5.82 () {58 vars in 1015 bytes} [Mon Jan 27 09:01:38 2025] POST /identity/v3/auth/tokens => generated 977 bytes in 272 msecs (HTTP/1.1 201) 6 headers in 384 bytes (1 switches on core 0)
Jan 27 09:01:38 ubuntu devstack@keystone.service[80033]: DEBUG keystone.server.flask.request_processing.middleware.auth_context [None req-7fa20538-f7ea-4b66-8f3d-d826d236fa4e None None] Authenticating user token {{(pid=80033) process_request /opt/stack/data/venv/lib/python3.10/site-packages/keystonemiddleware/auth_token/__init__.py:406}}
Jan 27 09:01:38 ubuntu devstack@keystone.service[80033]: INFO dbcounter [None req-7fa20538-f7ea-4b66-8f3d-d826d236fa4e None None] Registered counter for database keystone
Jan 27 09:01:38 ubuntu devstack@keystone.service[80033]: DEBUG oslo_db.sqlalchemy.engines [None req-7fa20538-f7ea-4b66-8f3d-d826d236fa4e None None] MySQL server mode set to STRICT_TRANS_TABLES,STRICT_ALL_TABLES,NO_ZERO_IN_DATE,NO_ZERO_DATE,ERROR_FOR_DIVISION_BY_ZERO,TRADITIONAL,NO_ENGINE_SUBSTITUTION {{(pid=80033) _check_effective_sql_mode /opt/stack/data/venv/lib/python3.10/site-packages/oslo_db/sqlalchemy/engines.py:395}}
Jan 27 09:01:38 ubuntu devstack@keystone.service[80033]: DEBUG dbcounter [-] [80033] Writer thread running {{(pid=80033) stat_writer /opt/stack/data/venv/lib/python3.10/site-packages/dbcounter.py:102}}
Jan 27 09:01:38 ubuntu devstack@keystone.service[80033]: DEBUG keystone.server.flask.request_processing.middleware.auth_context [None req-7fa20538-f7ea-4b66-8f3d-d826d236fa4e None None] Validating token access rules against request {{(pid=80033) validate_allowed_request /opt/stack/data/venv/lib/python3.10/site-packages/keystonemiddleware/auth_token/__init__.py:544}}
Jan 27 09:01:38 ubuntu devstack@keystone.service[80033]: DEBUG keystone.server.flask.request_processing.middleware.auth_context [None req-1659ba20-05c7-4499-a6ae-df89e3645329 admin admin] RBAC: auth_context: {'token': <TokenModel (audit_id=Ns4id98OSkeV7Ali8BaCug, audit_chain_id=['Ns4id98OSkeV7Ali8BaCug']) at 0x7efcb7075000>, 'domain_id': None, 'trust_id': None, 'trustor_id': None, 'trustee_id': None, 'domain_name': None, 'group_ids': [], 'user_id': '998b46517f0543d682dd29d4d6e204e7', 'user_domain_id': 'default', 'system_scope': None, 'project_id': '81169ed7b58847f3b09e30b273b146de', 'project_domain_id': 'default', 'roles': ['manager', 'member', 'admin', 'reader'], 'is_admin_project': True, 'service_user_id': None, 'service_user_domain_id': None, 'service_project_id': None, 'service_project_domain_id': None, 'service_roles': []} {{(pid=80033) fill_context /opt/stack/keystone/keystone/server/flask/request_processing/middleware/auth_context.py:506}}
Jan 27 09:01:38 ubuntu devstack@keystone.service[80033]: DEBUG keystone.server.flask.request_processing.req_logging [None req-1659ba20-05c7-4499-a6ae-df89e3645329 admin admin] REQUEST_METHOD: `GET` {{(pid=80033) log_request_info /opt/stack/keystone/keystone/server/flask/request_processing/req_logging.py:26}}
Jan 27 09:01:38 ubuntu devstack@keystone.service[80033]: DEBUG keystone.server.flask.request_processing.req_logging [None req-1659ba20-05c7-4499-a6ae-df89e3645329 admin admin] SCRIPT_NAME: `/identity` {{(pid=80033) log_request_info /opt/stack/keystone/keystone/server/flask/request_processing/req_logging.py:27}}
Jan 27 09:01:38 ubuntu devstack@keystone.service[80033]: DEBUG keystone.server.flask.request_processing.req_logging [None req-1659ba20-05c7-4499-a6ae-df89e3645329 admin admin] PATH_INFO: `/v3/auth/tokens` {{(pid=80033) log_request_info /opt/stack/keystone/keystone/server/flask/request_processing/req_logging.py:28}}
Jan 27 09:01:38 ubuntu devstack@keystone.service[80033]: DEBUG keystone.common.rbac_enforcer.enforcer [None req-1659ba20-05c7-4499-a6ae-df89e3645329 admin admin] RBAC: Authorizing `identity:validate_token()` {{(pid=80033) enforce_call /opt/stack/keystone/keystone/common/rbac_enforcer/enforcer.py:495}}
Jan 27 09:01:38 ubuntu devstack@keystone.service[80033]: WARNING keystone.common.rbac_enforcer.enforcer [None req-1659ba20-05c7-4499-a6ae-df89e3645329 admin admin] Deprecated policy rules found. Use oslopolicy-policy-generator and oslopolicy-policy-upgrade to detect and resolve deprecated policies in your configuration.
Jan 27 09:01:38 ubuntu devstack@keystone.service[80033]: DEBUG keystone.common.rbac_enforcer.enforcer [None req-1659ba20-05c7-4499-a6ae-df89e3645329 admin admin] RBAC: Authorization granted {{(pid=80033) enforce_call /opt/stack/keystone/keystone/common/rbac_enforcer/enforcer.py:506}}
Jan 27 09:01:38 ubuntu devstack@keystone.service[80033]: [pid: 80033|app: 0|req: 3/4] 10.201.5.82 () {58 vars in 1316 bytes} [Mon Jan 27 09:01:38 2025] GET /identity/v3/auth/tokens => generated 977 bytes in 154 msecs (HTTP/1.1 200) 6 headers in 379 bytes (1 switches on core 0)
Jan 27 09:01:38 ubuntu devstack@keystone.service[80032]: DEBUG keystone.server.flask.request_processing.middleware.auth_context [None req-62193d4b-d428-4390-8f87-fc51ee6bbafa None None] Authenticating user token {{(pid=80032) process_request /opt/stack/data/venv/lib/python3.10/site-packages/keystonemiddleware/auth_token/__init__.py:406}}
Jan 27 09:01:38 ubuntu devstack@keystone.service[80032]: DEBUG keystone.server.flask.request_processing.middleware.auth_context [None req-62193d4b-d428-4390-8f87-fc51ee6bbafa None None] Validating token access rules against request {{(pid=80032) validate_allowed_request /opt/stack/data/venv/lib/python3.10/site-packages/keystonemiddleware/auth_token/__init__.py:544}}
Jan 27 09:01:38 ubuntu devstack@keystone.service[80032]: DEBUG keystone.server.flask.request_processing.middleware.auth_context [None req-a38c30d0-5a4e-4582-adf3-d1c2c679c4c5 admin admin] RBAC: auth_context: {'token': <TokenModel (audit_id=Ns4id98OSkeV7Ali8BaCug, audit_chain_id=['Ns4id98OSkeV7Ali8BaCug']) at 0x7efcb706cbe0>, 'domain_id': None, 'trust_id': None, 'trustor_id': None, 'trustee_id': None, 'domain_name': None, 'group_ids': [], 'user_id': '998b46517f0543d682dd29d4d6e204e7', 'user_domain_id': 'default', 'system_scope': None, 'project_id': '81169ed7b58847f3b09e30b273b146de', 'project_domain_id': 'default', 'roles': ['manager', 'member', 'admin', 'reader'], 'is_admin_project': True, 'service_user_id': None, 'service_user_domain_id': None, 'service_project_id': None, 'service_project_domain_id': None, 'service_roles': []} {{(pid=80032) fill_context /opt/stack/keystone/keystone/server/flask/request_processing/middleware/auth_context.py:506}}
Jan 27 09:01:38 ubuntu devstack@keystone.service[80032]: DEBUG keystone.server.flask.request_processing.req_logging [None req-a38c30d0-5a4e-4582-adf3-d1c2c679c4c5 admin admin] REQUEST_METHOD: `GET` {{(pid=80032) log_request_info /opt/stack/keystone/keystone/server/flask/request_processing/req_logging.py:26}}
Jan 27 09:01:38 ubuntu devstack@keystone.service[80032]: DEBUG keystone.server.flask.request_processing.req_logging [None req-a38c30d0-5a4e-4582-adf3-d1c2c679c4c5 admin admin] SCRIPT_NAME: `/identity` {{(pid=80032) log_request_info /opt/stack/keystone/keystone/server/flask/request_processing/req_logging.py:27}}
Jan 27 09:01:38 ubuntu devstack@keystone.service[80032]: DEBUG keystone.server.flask.request_processing.req_logging [None req-a38c30d0-5a4e-4582-adf3-d1c2c679c4c5 admin admin] PATH_INFO: `/v3/projects/81169ed7b58847f3b09e30b273b146de` {{(pid=80032) log_request_info /opt/stack/keystone/keystone/server/flask/request_processing/req_logging.py:28}}
Jan 27 09:01:38 ubuntu devstack@keystone.service[80032]: DEBUG keystone.common.rbac_enforcer.enforcer [None req-a38c30d0-5a4e-4582-adf3-d1c2c679c4c5 admin admin] RBAC: Authorizing `identity:get_project(project_id=81169ed7b58847f3b09e30b273b146de)` {{(pid=80032) enforce_call /opt/stack/keystone/keystone/common/rbac_enforcer/enforcer.py:495}}
Jan 27 09:01:38 ubuntu devstack@keystone.service[80032]: WARNING keystone.common.rbac_enforcer.enforcer [None req-a38c30d0-5a4e-4582-adf3-d1c2c679c4c5 admin admin] Deprecated policy rules found. Use oslopolicy-policy-generator and oslopolicy-policy-upgrade to detect and resolve deprecated policies in your configuration.
Jan 27 09:01:38 ubuntu devstack@keystone.service[80032]: DEBUG keystone.common.rbac_enforcer.enforcer [None req-a38c30d0-5a4e-4582-adf3-d1c2c679c4c5 admin admin] RBAC: Authorization granted {{(pid=80032) enforce_call /opt/stack/keystone/keystone/common/rbac_enforcer/enforcer.py:506}}
Jan 27 09:01:38 ubuntu devstack@keystone.service[80032]: [pid: 80032|app: 0|req: 2/5] 10.201.5.82 () {56 vars in 1199 bytes} [Mon Jan 27 09:01:38 2025] GET /identity/v3/projects/81169ed7b58847f3b09e30b273b146de => generated 344 bytes in 37 msecs (HTTP/1.1 200) 5 headers in 177 bytes (1 switches on core 0)
Jan 27 09:01:39 ubuntu devstack@keystone.service[80033]: DEBUG keystone.server.flask.request_processing.req_logging [None req-65f87688-c1a9-472f-be2d-737537154cfe None None] REQUEST_METHOD: `GET` {{(pid=80033) log_request_info /opt/stack/keystone/keystone/server/flask/request_processing/req_logging.py:26}}
Jan 27 09:01:39 ubuntu devstack@keystone.service[80033]: DEBUG keystone.server.flask.request_processing.req_logging [None req-65f87688-c1a9-472f-be2d-737537154cfe None None] SCRIPT_NAME: `/identity` {{(pid=80033) log_request_info /opt/stack/keystone/keystone/server/flask/request_processing/req_logging.py:27}}
Jan 27 09:01:39 ubuntu devstack@keystone.service[80033]: DEBUG keystone.server.flask.request_processing.req_logging [None req-65f87688-c1a9-472f-be2d-737537154cfe None None] PATH_INFO: `/` {{(pid=80033) log_request_info /opt/stack/keystone/keystone/server/flask/request_processing/req_logging.py:28}}
Jan 27 09:01:39 ubuntu devstack@keystone.service[80033]: [pid: 80033|app: 0|req: 4/6] 10.201.5.82 () {54 vars in 918 bytes} [Mon Jan 27 09:01:39 2025] GET /identity => generated 270 bytes in 5 msecs (HTTP/1.1 300) 6 headers in 234 bytes (1 switches on core 0)
Jan 27 09:01:39 ubuntu devstack@keystone.service[80032]: DEBUG keystone.server.flask.request_processing.req_logging [None req-e1c5fa89-2a33-4219-ab85-39a58535f27a None None] REQUEST_METHOD: `POST` {{(pid=80032) log_request_info /opt/stack/keystone/keystone/server/flask/request_processing/req_logging.py:26}}
Jan 27 09:01:39 ubuntu devstack@keystone.service[80032]: DEBUG keystone.server.flask.request_processing.req_logging [None req-e1c5fa89-2a33-4219-ab85-39a58535f27a None None] SCRIPT_NAME: `/identity` {{(pid=80032) log_request_info /opt/stack/keystone/keystone/server/flask/request_processing/req_logging.py:27}}
Jan 27 09:01:39 ubuntu devstack@keystone.service[80032]: DEBUG keystone.server.flask.request_processing.req_logging [None req-e1c5fa89-2a33-4219-ab85-39a58535f27a None None] PATH_INFO: `/v3/auth/tokens` {{(pid=80032) log_request_info /opt/stack/keystone/keystone/server/flask/request_processing/req_logging.py:28}}
Jan 27 09:01:39 ubuntu devstack@keystone.service[80032]: WARNING keystone.common.password_hashing [None req-e1c5fa89-2a33-4219-ab85-39a58535f27a None None] Truncating password to algorithm specific maximum length 72 characters.
Jan 27 09:01:39 ubuntu devstack@keystone.service[80032]: DEBUG keystone.auth.core [None req-e1c5fa89-2a33-4219-ab85-39a58535f27a None None] MFA Rules not processed for user `998b46517f0543d682dd29d4d6e204e7`. Rule list: `[]` (Enabled: `True`). {{(pid=80032) check_auth_methods_against_rules /opt/stack/keystone/keystone/auth/core.py:476}}
Jan 27 09:01:39 ubuntu devstack@keystone.service[80032]: DEBUG keystone.common.fernet_utils [None req-e1c5fa89-2a33-4219-ab85-39a58535f27a None None] Loaded 2 Fernet keys from /etc/keystone/fernet-keys/, but `[fernet_tokens] max_active_keys = 3`; perhaps there have not been enough key rotations to reach `max_active_keys` yet? {{(pid=80032) load_keys /opt/stack/keystone/keystone/common/fernet_utils.py:297}}
Jan 27 09:01:39 ubuntu devstack@keystone.service[80032]: [pid: 80032|app: 0|req: 3/7] 10.201.5.82 () {58 vars in 1015 bytes} [Mon Jan 27 09:01:39 2025] POST /identity/v3/auth/tokens => generated 977 bytes in 32 msecs (HTTP/1.1 201) 6 headers in 384 bytes (1 switches on core 0)
Jan 27 09:01:39 ubuntu devstack@keystone.service[80033]: DEBUG keystone.server.flask.request_processing.middleware.auth_context [None req-65f87688-c1a9-472f-be2d-737537154cfe None None] Authenticating user token {{(pid=80033) process_request /opt/stack/data/venv/lib/python3.10/site-packages/keystonemiddleware/auth_token/__init__.py:406}}
Jan 27 09:01:39 ubuntu devstack@keystone.service[80033]: DEBUG keystone.server.flask.request_processing.middleware.auth_context [None req-65f87688-c1a9-472f-be2d-737537154cfe None None] Validating token access rules against request {{(pid=80033) validate_allowed_request /opt/stack/data/venv/lib/python3.10/site-packages/keystonemiddleware/auth_token/__init__.py:544}}
Jan 27 09:01:39 ubuntu devstack@keystone.service[80033]: DEBUG keystone.server.flask.request_processing.middleware.auth_context [None req-ad1a28a9-4dae-47f2-81b3-34f495bd37ef admin admin] RBAC: auth_context: {'token': <TokenModel (audit_id=8mMfb8J8SkifWcWuMY1AOg, audit_chain_id=['8mMfb8J8SkifWcWuMY1AOg']) at 0x7efcb6419810>, 'domain_id': None, 'trust_id': None, 'trustor_id': None, 'trustee_id': None, 'domain_name': None, 'group_ids': [], 'user_id': '998b46517f0543d682dd29d4d6e204e7', 'user_domain_id': 'default', 'system_scope': None, 'project_id': '81169ed7b58847f3b09e30b273b146de', 'project_domain_id': 'default', 'roles': ['manager', 'member', 'admin', 'reader'], 'is_admin_project': True, 'service_user_id': None, 'service_user_domain_id': None, 'service_project_id': None, 'service_project_domain_id': None, 'service_roles': []} {{(pid=80033) fill_context /opt/stack/keystone/keystone/server/flask/request_processing/middleware/auth_context.py:506}}
Jan 27 09:01:39 ubuntu devstack@keystone.service[80033]: DEBUG keystone.server.flask.request_processing.req_logging [None req-ad1a28a9-4dae-47f2-81b3-34f495bd37ef admin admin] REQUEST_METHOD: `GET` {{(pid=80033) log_request_info /opt/stack/keystone/keystone/server/flask/request_processing/req_logging.py:26}}
Jan 27 09:01:39 ubuntu devstack@keystone.service[80033]: DEBUG keystone.server.flask.request_processing.req_logging [None req-ad1a28a9-4dae-47f2-81b3-34f495bd37ef admin admin] SCRIPT_NAME: `/identity` {{(pid=80033) log_request_info /opt/stack/keystone/keystone/server/flask/request_processing/req_logging.py:27}}
Jan 27 09:01:39 ubuntu devstack@keystone.service[80033]: DEBUG keystone.server.flask.request_processing.req_logging [None req-ad1a28a9-4dae-47f2-81b3-34f495bd37ef admin admin] PATH_INFO: `/v3/users/admin` {{(pid=80033) log_request_info /opt/stack/keystone/keystone/server/flask/request_processing/req_logging.py:28}}
Jan 27 09:01:39 ubuntu devstack@keystone.service[80033]: DEBUG keystone.common.rbac_enforcer.enforcer [None req-ad1a28a9-4dae-47f2-81b3-34f495bd37ef admin admin] RBAC: Authorizing `identity:get_user(user_id=admin)` {{(pid=80033) enforce_call /opt/stack/keystone/keystone/common/rbac_enforcer/enforcer.py:495}}
Jan 27 09:01:39 ubuntu devstack@keystone.service[80033]: DEBUG keystone.common.rbac_enforcer.enforcer [None req-ad1a28a9-4dae-47f2-81b3-34f495bd37ef admin admin] RBAC: Authorization granted {{(pid=80033) enforce_call /opt/stack/keystone/keystone/common/rbac_enforcer/enforcer.py:506}}
Jan 27 09:01:39 ubuntu devstack@keystone.service[80033]: DEBUG keystone.server.flask.application [None req-ad1a28a9-4dae-47f2-81b3-34f495bd37ef admin admin] Could not find user: admin. {{(pid=80033) _handle_keystone_exception /opt/stack/keystone/keystone/server/flask/application.py:152}}
Jan 27 09:01:39 ubuntu devstack@keystone.service[80033]: [pid: 80033|app: 0|req: 5/8] 10.201.5.82 () {56 vars in 1152 bytes} [Mon Jan 27 09:01:39 2025] GET /identity/v3/users/admin => generated 83 bytes in 44 msecs (HTTP/1.1 404) 5 headers in 183 bytes (1 switches on core 0)
Jan 27 09:01:39 ubuntu devstack@keystone.service[80032]: DEBUG keystone.server.flask.request_processing.middleware.auth_context [None req-e1c5fa89-2a33-4219-ab85-39a58535f27a None None] Authenticating user token {{(pid=80032) process_request /opt/stack/data/venv/lib/python3.10/site-packages/keystonemiddleware/auth_token/__init__.py:406}}
Jan 27 09:01:39 ubuntu devstack@keystone.service[80032]: DEBUG keystone.server.flask.request_processing.middleware.auth_context [None req-e1c5fa89-2a33-4219-ab85-39a58535f27a None None] Validating token access rules against request {{(pid=80032) validate_allowed_request /opt/stack/data/venv/lib/python3.10/site-packages/keystonemiddleware/auth_token/__init__.py:544}}
Jan 27 09:01:39 ubuntu devstack@keystone.service[80032]: DEBUG keystone.server.flask.request_processing.middleware.auth_context [None req-ad61f349-0ed4-446b-b725-c2f0b2cd3e66 admin admin] RBAC: auth_context: {'token': <TokenModel (audit_id=8mMfb8J8SkifWcWuMY1AOg, audit_chain_id=['8mMfb8J8SkifWcWuMY1AOg']) at 0x7efcb6482ef0>, 'domain_id': None, 'trust_id': None, 'trustor_id': None, 'trustee_id': None, 'domain_name': None, 'group_ids': [], 'user_id': '998b46517f0543d682dd29d4d6e204e7', 'user_domain_id': 'default', 'system_scope': None, 'project_id': '81169ed7b58847f3b09e30b273b146de', 'project_domain_id': 'default', 'roles': ['manager', 'member', 'admin', 'reader'], 'is_admin_project': True, 'service_user_id': None, 'service_user_domain_id': None, 'service_project_id': None, 'service_project_domain_id': None, 'service_roles': []} {{(pid=80032) fill_context /opt/stack/keystone/keystone/server/flask/request_processing/middleware/auth_context.py:506}}
Jan 27 09:01:39 ubuntu devstack@keystone.service[80032]: DEBUG keystone.server.flask.request_processing.req_logging [None req-ad61f349-0ed4-446b-b725-c2f0b2cd3e66 admin admin] REQUEST_METHOD: `GET` {{(pid=80032) log_request_info /opt/stack/keystone/keystone/server/flask/request_processing/req_logging.py:26}}
Jan 27 09:01:39 ubuntu devstack@keystone.service[80032]: DEBUG keystone.server.flask.request_processing.req_logging [None req-ad61f349-0ed4-446b-b725-c2f0b2cd3e66 admin admin] SCRIPT_NAME: `/identity` {{(pid=80032) log_request_info /opt/stack/keystone/keystone/server/flask/request_processing/req_logging.py:27}}
Jan 27 09:01:39 ubuntu devstack@keystone.service[80032]: DEBUG keystone.server.flask.request_processing.req_logging [None req-ad61f349-0ed4-446b-b725-c2f0b2cd3e66 admin admin] PATH_INFO: `/v3/users` {{(pid=80032) log_request_info /opt/stack/keystone/keystone/server/flask/request_processing/req_logging.py:28}}
Jan 27 09:01:39 ubuntu devstack@keystone.service[80032]: DEBUG keystone.common.rbac_enforcer.enforcer [None req-ad61f349-0ed4-446b-b725-c2f0b2cd3e66 admin admin] RBAC: Adding query filter params (name=admin) {{(pid=80032) _extract_filter_values /opt/stack/keystone/keystone/common/rbac_enforcer/enforcer.py:176}}
Jan 27 09:01:39 ubuntu devstack@keystone.service[80032]: DEBUG keystone.common.rbac_enforcer.enforcer [None req-ad61f349-0ed4-446b-b725-c2f0b2cd3e66 admin admin] RBAC: Authorizing `identity:list_users()` {{(pid=80032) enforce_call /opt/stack/keystone/keystone/common/rbac_enforcer/enforcer.py:495}}
Jan 27 09:01:39 ubuntu devstack@keystone.service[80032]: DEBUG keystone.common.rbac_enforcer.enforcer [None req-ad61f349-0ed4-446b-b725-c2f0b2cd3e66 admin admin] RBAC: Authorization granted {{(pid=80032) enforce_call /opt/stack/keystone/keystone/common/rbac_enforcer/enforcer.py:506}}
Jan 27 09:01:39 ubuntu devstack@keystone.service[80032]: [pid: 80032|app: 0|req: 4/9] 10.201.5.82 () {56 vars in 1168 bytes} [Mon Jan 27 09:01:39 2025] GET /identity/v3/users?name=admin => generated 352 bytes in 39 msecs (HTTP/1.1 200) 5 headers in 177 bytes (1 switches on core 0)
Jan 27 09:01:41 ubuntu devstack@keystone.service[80033]: DEBUG keystone.server.flask.request_processing.req_logging [None req-4f397a2e-59cd-496e-923e-276105d9ebed None None] REQUEST_METHOD: `GET` {{(pid=80033) log_request_info /opt/stack/keystone/keystone/server/flask/request_processing/req_logging.py:26}}
Jan 27 09:01:41 ubuntu devstack@keystone.service[80033]: DEBUG keystone.server.flask.request_processing.req_logging [None req-4f397a2e-59cd-496e-923e-276105d9ebed None None] SCRIPT_NAME: `/identity` {{(pid=80033) log_request_info /opt/stack/keystone/keystone/server/flask/request_processing/req_logging.py:27}}
Jan 27 09:01:41 ubuntu devstack@keystone.service[80033]: DEBUG keystone.server.flask.request_processing.req_logging [None req-4f397a2e-59cd-496e-923e-276105d9ebed None None] PATH_INFO: `/` {{(pid=80033) log_request_info /opt/stack/keystone/keystone/server/flask/request_processing/req_logging.py:28}}
Jan 27 09:01:41 ubuntu devstack@keystone.service[80033]: [pid: 80033|app: 0|req: 6/10] 10.201.5.82 () {54 vars in 918 bytes} [Mon Jan 27 09:01:41 2025] GET /identity => generated 270 bytes in 2 msecs (HTTP/1.1 300) 6 headers in 234 bytes (2 switches on core 0)
Jan 27 09:01:41 ubuntu devstack@keystone.service[80032]: DEBUG keystone.server.flask.request_processing.req_logging [None req-5ecd849f-92ce-460d-9ee0-62e591a1c945 None None] REQUEST_METHOD: `POST` {{(pid=80032) log_request_info /opt/stack/keystone/keystone/server/flask/request_processing/req_logging.py:26}}
Jan 27 09:01:41 ubuntu devstack@keystone.service[80032]: DEBUG keystone.server.flask.request_processing.req_logging [None req-5ecd849f-92ce-460d-9ee0-62e591a1c945 None None] SCRIPT_NAME: `/identity` {{(pid=80032) log_request_info /opt/stack/keystone/keystone/server/flask/request_processing/req_logging.py:27}}
Jan 27 09:01:41 ubuntu devstack@keystone.service[80032]: DEBUG keystone.server.flask.request_processing.req_logging [None req-5ecd849f-92ce-460d-9ee0-62e591a1c945 None None] PATH_INFO: `/v3/auth/tokens` {{(pid=80032) log_request_info /opt/stack/keystone/keystone/server/flask/request_processing/req_logging.py:28}}
Jan 27 09:01:41 ubuntu devstack@keystone.service[80032]: WARNING keystone.common.password_hashing [None req-5ecd849f-92ce-460d-9ee0-62e591a1c945 None None] Truncating password to algorithm specific maximum length 72 characters.
Jan 27 09:01:41 ubuntu devstack@keystone.service[80032]: DEBUG keystone.auth.core [None req-5ecd849f-92ce-460d-9ee0-62e591a1c945 None None] MFA Rules not processed for user `998b46517f0543d682dd29d4d6e204e7`. Rule list: `[]` (Enabled: `True`). {{(pid=80032) check_auth_methods_against_rules /opt/stack/keystone/keystone/auth/core.py:476}}
Jan 27 09:01:41 ubuntu devstack@keystone.service[80032]: DEBUG keystone.common.fernet_utils [None req-5ecd849f-92ce-460d-9ee0-62e591a1c945 None None] Loaded 2 Fernet keys from /etc/keystone/fernet-keys/, but `[fernet_tokens] max_active_keys = 3`; perhaps there have not been enough key rotations to reach `max_active_keys` yet? {{(pid=80032) load_keys /opt/stack/keystone/keystone/common/fernet_utils.py:297}}
Jan 27 09:01:41 ubuntu devstack@keystone.service[80033]: DEBUG keystone.server.flask.request_processing.req_logging [None req-1edacf5c-ebff-4745-8a04-3c56f5f05bf2 None None] REQUEST_METHOD: `GET` {{(pid=80033) log_request_info /opt/stack/keystone/keystone/server/flask/request_processing/req_logging.py:26}}
Jan 27 09:01:41 ubuntu devstack@keystone.service[80033]: DEBUG keystone.server.flask.request_processing.req_logging [None req-1edacf5c-ebff-4745-8a04-3c56f5f05bf2 None None] SCRIPT_NAME: `/identity` {{(pid=80033) log_request_info /opt/stack/keystone/keystone/server/flask/request_processing/req_logging.py:27}}
Jan 27 09:01:41 ubuntu devstack@keystone.service[80033]: DEBUG keystone.server.flask.request_processing.req_logging [None req-1edacf5c-ebff-4745-8a04-3c56f5f05bf2 None None] PATH_INFO: `/` {{(pid=80033) log_request_info /opt/stack/keystone/keystone/server/flask/request_processing/req_logging.py:28}}
Jan 27 09:01:41 ubuntu devstack@keystone.service[80033]: [pid: 80033|app: 0|req: 7/11] 10.201.5.82 () {54 vars in 918 bytes} [Mon Jan 27 09:01:41 2025] GET /identity => generated 270 bytes in 2 msecs (HTTP/1.1 300) 6 headers in 234 bytes (2 switches on core 0)
Jan 27 09:01:41 ubuntu devstack@keystone.service[80033]: DEBUG keystone.server.flask.request_processing.req_logging [None req-4928a857-cb89-4766-b389-e0bc6d94fc30 None None] REQUEST_METHOD: `POST` {{(pid=80033) log_request_info /opt/stack/keystone/keystone/server/flask/request_processing/req_logging.py:26}}
Jan 27 09:01:41 ubuntu devstack@keystone.service[80033]: DEBUG keystone.server.flask.request_processing.req_logging [None req-4928a857-cb89-4766-b389-e0bc6d94fc30 None None] SCRIPT_NAME: `/identity` {{(pid=80033) log_request_info /opt/stack/keystone/keystone/server/flask/request_processing/req_logging.py:27}}
Jan 27 09:01:41 ubuntu devstack@keystone.service[80033]: DEBUG keystone.server.flask.request_processing.req_logging [None req-4928a857-cb89-4766-b389-e0bc6d94fc30 None None] PATH_INFO: `/v3/auth/tokens` {{(pid=80033) log_request_info /opt/stack/keystone/keystone/server/flask/request_processing/req_logging.py:28}}
Jan 27 09:01:41 ubuntu devstack@keystone.service[80033]: WARNING keystone.common.password_hashing [None req-4928a857-cb89-4766-b389-e0bc6d94fc30 None None] Truncating password to algorithm specific maximum length 72 characters.
Jan 27 09:01:41 ubuntu devstack@keystone.service[80032]: [pid: 80032|app: 0|req: 5/12] 10.201.5.82 () {58 vars in 1015 bytes} [Mon Jan 27 09:01:41 2025] POST /identity/v3/auth/tokens => generated 862 bytes in 73 msecs (HTTP/1.1 201) 6 headers in 363 bytes (2 switches on core 0)
Jan 27 09:01:41 ubuntu devstack@keystone.service[80033]: DEBUG keystone.auth.core [None req-4928a857-cb89-4766-b389-e0bc6d94fc30 None None] MFA Rules not processed for user `998b46517f0543d682dd29d4d6e204e7`. Rule list: `[]` (Enabled: `True`). {{(pid=80033) check_auth_methods_against_rules /opt/stack/keystone/keystone/auth/core.py:476}}
Jan 27 09:01:41 ubuntu devstack@keystone.service[80033]: DEBUG keystone.common.fernet_utils [None req-4928a857-cb89-4766-b389-e0bc6d94fc30 None None] Loaded 2 Fernet keys from /etc/keystone/fernet-keys/, but `[fernet_tokens] max_active_keys = 3`; perhaps there have not been enough key rotations to reach `max_active_keys` yet? {{(pid=80033) load_keys /opt/stack/keystone/keystone/common/fernet_utils.py:297}}
Jan 27 09:01:41 ubuntu devstack@keystone.service[80033]: [pid: 80033|app: 0|req: 8/13] 10.201.5.82 () {58 vars in 1015 bytes} [Mon Jan 27 09:01:41 2025] POST /identity/v3/auth/tokens => generated 862 bytes in 72 msecs (HTTP/1.1 201) 6 headers in 363 bytes (2 switches on core 0)
Jan 27 09:01:41 ubuntu devstack@keystone.service[80032]: DEBUG keystone.server.flask.request_processing.middleware.auth_context [None req-5ecd849f-92ce-460d-9ee0-62e591a1c945 None None] Authenticating user token {{(pid=80032) process_request /opt/stack/data/venv/lib/python3.10/site-packages/keystonemiddleware/auth_token/__init__.py:406}}
Jan 27 09:01:41 ubuntu devstack@keystone.service[80032]: DEBUG keystone.server.flask.request_processing.middleware.auth_context [None req-5ecd849f-92ce-460d-9ee0-62e591a1c945 None None] Validating token access rules against request {{(pid=80032) validate_allowed_request /opt/stack/data/venv/lib/python3.10/site-packages/keystonemiddleware/auth_token/__init__.py:544}}
Jan 27 09:01:41 ubuntu devstack@keystone.service[80032]: DEBUG keystone.server.flask.request_processing.middleware.auth_context [None req-b92092a6-e93c-4f16-b969-96087e3ea43a None admin] RBAC: auth_context: {'token': <TokenModel (audit_id=6vRL0ZasSpyFHZj2h8ofzw, audit_chain_id=['6vRL0ZasSpyFHZj2h8ofzw']) at 0x7efcb706cf10>, 'domain_id': None, 'trust_id': None, 'trustor_id': None, 'trustee_id': None, 'domain_name': None, 'group_ids': [], 'user_id': '998b46517f0543d682dd29d4d6e204e7', 'user_domain_id': 'default', 'system_scope': 'all', 'project_id': None, 'project_domain_id': None, 'roles': ['admin', 'manager', 'member', 'reader'], 'is_admin_project': True, 'service_user_id': None, 'service_user_domain_id': None, 'service_project_id': None, 'service_project_domain_id': None, 'service_roles': []} {{(pid=80032) fill_context /opt/stack/keystone/keystone/server/flask/request_processing/middleware/auth_context.py:506}}
Jan 27 09:01:41 ubuntu devstack@keystone.service[80032]: DEBUG keystone.server.flask.request_processing.req_logging [None req-b92092a6-e93c-4f16-b969-96087e3ea43a None admin] REQUEST_METHOD: `GET` {{(pid=80032) log_request_info /opt/stack/keystone/keystone/server/flask/request_processing/req_logging.py:26}}
Jan 27 09:01:41 ubuntu devstack@keystone.service[80032]: DEBUG keystone.server.flask.request_processing.req_logging [None req-b92092a6-e93c-4f16-b969-96087e3ea43a None admin] SCRIPT_NAME: `/identity` {{(pid=80032) log_request_info /opt/stack/keystone/keystone/server/flask/request_processing/req_logging.py:27}}
Jan 27 09:01:41 ubuntu devstack@keystone.service[80032]: DEBUG keystone.server.flask.request_processing.req_logging [None req-b92092a6-e93c-4f16-b969-96087e3ea43a None admin] PATH_INFO: `/v3/roles/admin` {{(pid=80032) log_request_info /opt/stack/keystone/keystone/server/flask/request_processing/req_logging.py:28}}
Jan 27 09:01:41 ubuntu devstack@keystone.service[80033]: DEBUG keystone.server.flask.request_processing.middleware.auth_context [None req-4928a857-cb89-4766-b389-e0bc6d94fc30 None None] Authenticating user token {{(pid=80033) process_request /opt/stack/data/venv/lib/python3.10/site-packages/keystonemiddleware/auth_token/__init__.py:406}}
Jan 27 09:01:41 ubuntu devstack@keystone.service[80032]: DEBUG keystone.common.rbac_enforcer.enforcer [None req-b92092a6-e93c-4f16-b969-96087e3ea43a None admin] Extracting inferred target data resulted in "NOT FOUND (404)". {{(pid=80032) enforce_call /opt/stack/keystone/keystone/common/rbac_enforcer/enforcer.py:445}}
Jan 27 09:01:41 ubuntu devstack@keystone.service[80032]: DEBUG keystone.server.flask.application [None req-b92092a6-e93c-4f16-b969-96087e3ea43a None admin] Could not find role: admin. {{(pid=80032) _handle_keystone_exception /opt/stack/keystone/keystone/server/flask/application.py:152}}
Jan 27 09:01:41 ubuntu devstack@keystone.service[80032]: [pid: 80032|app: 0|req: 6/14] 10.201.5.82 () {56 vars in 1088 bytes} [Mon Jan 27 09:01:41 2025] GET /identity/v3/roles/admin => generated 83 bytes in 72 msecs (HTTP/1.1 404) 5 headers in 183 bytes (2 switches on core 0)
Jan 27 09:01:41 ubuntu devstack@keystone.service[80032]: DEBUG keystone.server.flask.request_processing.middleware.auth_context [None req-b92092a6-e93c-4f16-b969-96087e3ea43a None admin] Authenticating user token {{(pid=80032) process_request /opt/stack/data/venv/lib/python3.10/site-packages/keystonemiddleware/auth_token/__init__.py:406}}
Jan 27 09:01:41 ubuntu devstack@keystone.service[80032]: DEBUG keystone.server.flask.request_processing.middleware.auth_context [None req-b92092a6-e93c-4f16-b969-96087e3ea43a None admin] Validating token access rules against request {{(pid=80032) validate_allowed_request /opt/stack/data/venv/lib/python3.10/site-packages/keystonemiddleware/auth_token/__init__.py:544}}
Jan 27 09:01:41 ubuntu devstack@keystone.service[80033]: DEBUG keystone.server.flask.request_processing.middleware.auth_context [None req-4928a857-cb89-4766-b389-e0bc6d94fc30 None None] Validating token access rules against request {{(pid=80033) validate_allowed_request /opt/stack/data/venv/lib/python3.10/site-packages/keystonemiddleware/auth_token/__init__.py:544}}
Jan 27 09:01:41 ubuntu devstack@keystone.service[80032]: DEBUG keystone.server.flask.request_processing.middleware.auth_context [None req-6f73802e-31cd-45da-845c-00e711378e77 None admin] RBAC: auth_context: {'token': <TokenModel (audit_id=6vRL0ZasSpyFHZj2h8ofzw, audit_chain_id=['6vRL0ZasSpyFHZj2h8ofzw']) at 0x7efcb62362c0>, 'domain_id': None, 'trust_id': None, 'trustor_id': None, 'trustee_id': None, 'domain_name': None, 'group_ids': [], 'user_id': '998b46517f0543d682dd29d4d6e204e7', 'user_domain_id': 'default', 'system_scope': 'all', 'project_id': None, 'project_domain_id': None, 'roles': ['admin', 'manager', 'member', 'reader'], 'is_admin_project': True, 'service_user_id': None, 'service_user_domain_id': None, 'service_project_id': None, 'service_project_domain_id': None, 'service_roles': []} {{(pid=80032) fill_context /opt/stack/keystone/keystone/server/flask/request_processing/middleware/auth_context.py:506}}
Jan 27 09:01:41 ubuntu devstack@keystone.service[80032]: DEBUG keystone.server.flask.request_processing.req_logging [None req-6f73802e-31cd-45da-845c-00e711378e77 None admin] REQUEST_METHOD: `GET` {{(pid=80032) log_request_info /opt/stack/keystone/keystone/server/flask/request_processing/req_logging.py:26}}
Jan 27 09:01:41 ubuntu devstack@keystone.service[80032]: DEBUG keystone.server.flask.request_processing.req_logging [None req-6f73802e-31cd-45da-845c-00e711378e77 None admin] SCRIPT_NAME: `/identity` {{(pid=80032) log_request_info /opt/stack/keystone/keystone/server/flask/request_processing/req_logging.py:27}}
Jan 27 09:01:41 ubuntu devstack@keystone.service[80032]: DEBUG keystone.server.flask.request_processing.req_logging [None req-6f73802e-31cd-45da-845c-00e711378e77 None admin] PATH_INFO: `/v3/roles` {{(pid=80032) log_request_info /opt/stack/keystone/keystone/server/flask/request_processing/req_logging.py:28}}
Jan 27 09:01:41 ubuntu devstack@keystone.service[80032]: DEBUG keystone.common.rbac_enforcer.enforcer [None req-6f73802e-31cd-45da-845c-00e711378e77 None admin] RBAC: Adding query filter params (name=admin) {{(pid=80032) _extract_filter_values /opt/stack/keystone/keystone/common/rbac_enforcer/enforcer.py:176}}
Jan 27 09:01:41 ubuntu devstack@keystone.service[80032]: DEBUG keystone.common.rbac_enforcer.enforcer [None req-6f73802e-31cd-45da-845c-00e711378e77 None admin] RBAC: Authorizing `identity:list_roles()` {{(pid=80032) enforce_call /opt/stack/keystone/keystone/common/rbac_enforcer/enforcer.py:495}}
Jan 27 09:01:41 ubuntu devstack@keystone.service[80033]: DEBUG keystone.server.flask.request_processing.middleware.auth_context [None req-1643a9ee-5973-4617-a868-af8d8ef42fbb None admin] RBAC: auth_context: {'token': <TokenModel (audit_id=pnVV6JHnS1-DVoO5mYSUzQ, audit_chain_id=['pnVV6JHnS1-DVoO5mYSUzQ']) at 0x7efcb645a6e0>, 'domain_id': None, 'trust_id': None, 'trustor_id': None, 'trustee_id': None, 'domain_name': None, 'group_ids': [], 'user_id': '998b46517f0543d682dd29d4d6e204e7', 'user_domain_id': 'default', 'system_scope': 'all', 'project_id': None, 'project_domain_id': None, 'roles': ['admin', 'manager', 'member', 'reader'], 'is_admin_project': True, 'service_user_id': None, 'service_user_domain_id': None, 'service_project_id': None, 'service_project_domain_id': None, 'service_roles': []} {{(pid=80033) fill_context /opt/stack/keystone/keystone/server/flask/request_processing/middleware/auth_context.py:506}}
Jan 27 09:01:41 ubuntu devstack@keystone.service[80032]: DEBUG keystone.common.rbac_enforcer.enforcer [None req-6f73802e-31cd-45da-845c-00e711378e77 None admin] RBAC: Authorization granted {{(pid=80032) enforce_call /opt/stack/keystone/keystone/common/rbac_enforcer/enforcer.py:506}}
Jan 27 09:01:41 ubuntu devstack@keystone.service[80033]: DEBUG keystone.server.flask.request_processing.req_logging [None req-1643a9ee-5973-4617-a868-af8d8ef42fbb None admin] REQUEST_METHOD: `POST` {{(pid=80033) log_request_info /opt/stack/keystone/keystone/server/flask/request_processing/req_logging.py:26}}
Jan 27 09:01:41 ubuntu devstack@keystone.service[80033]: DEBUG keystone.server.flask.request_processing.req_logging [None req-1643a9ee-5973-4617-a868-af8d8ef42fbb None admin] SCRIPT_NAME: `/identity` {{(pid=80033) log_request_info /opt/stack/keystone/keystone/server/flask/request_processing/req_logging.py:27}}
Jan 27 09:01:41 ubuntu devstack@keystone.service[80033]: DEBUG keystone.server.flask.request_processing.req_logging [None req-1643a9ee-5973-4617-a868-af8d8ef42fbb None admin] PATH_INFO: `/v3/domains` {{(pid=80033) log_request_info /opt/stack/keystone/keystone/server/flask/request_processing/req_logging.py:28}}
Jan 27 09:01:41 ubuntu devstack@keystone.service[80033]: DEBUG keystone.common.rbac_enforcer.enforcer [None req-1643a9ee-5973-4617-a868-af8d8ef42fbb None admin] RBAC: Authorizing `identity:create_domain()` {{(pid=80033) enforce_call /opt/stack/keystone/keystone/common/rbac_enforcer/enforcer.py:495}}
Jan 27 09:01:41 ubuntu devstack@keystone.service[80033]: DEBUG keystone.common.rbac_enforcer.enforcer [None req-1643a9ee-5973-4617-a868-af8d8ef42fbb None admin] RBAC: Authorization granted {{(pid=80033) enforce_call /opt/stack/keystone/keystone/common/rbac_enforcer/enforcer.py:506}}
Jan 27 09:01:41 ubuntu devstack@keystone.service[80032]: [pid: 80032|app: 0|req: 7/15] 10.201.5.82 () {56 vars in 1091 bytes} [Mon Jan 27 09:01:41 2025] GET /identity/v3/roles?name=admin => generated 339 bytes in 60 msecs (HTTP/1.1 200) 5 headers in 177 bytes (2 switches on core 0)
Jan 27 09:01:41 ubuntu devstack@keystone.service[80033]: DEBUG keystone.common.sql.core [None req-1643a9ee-5973-4617-a868-af8d8ef42fbb None admin] Conflict project: (pymysql.err.IntegrityError) (1062, "Duplicate entry '<<keystone.domain.root>>-Default' for key 'project.ixu_project_name_domain_id'")
Jan 27 09:01:41 ubuntu devstack@keystone.service[80033]: [SQL: INSERT INTO project (id, name, domain_id, description, enabled, extra, parent_id, is_domain) VALUES (%(id)s, %(name)s, %(domain_id)s, %(description)s, %(enabled)s, %(extra)s, %(parent_id)s, %(is_domain)s)]
Jan 27 09:01:41 ubuntu devstack@keystone.service[80033]: [parameters: {'id': '9e01cea2ecc74b72b84e6c7976689ba6', 'name': 'Default', 'domain_id': '<<keystone.domain.root>>', 'description': '', 'enabled': 1, 'extra': '{}', 'parent_id': None, 'is_domain': 1}]
Jan 27 09:01:41 ubuntu devstack@keystone.service[80033]: (Background on this error at: https://sqlalche.me/e/20/gkpj) {{(pid=80033) wrapper /opt/stack/keystone/keystone/common/sql/core.py:580}}
Jan 27 09:01:41 ubuntu devstack@keystone.service[80032]: DEBUG keystone.server.flask.request_processing.middleware.auth_context [None req-6f73802e-31cd-45da-845c-00e711378e77 None admin] Authenticating user token {{(pid=80032) process_request /opt/stack/data/venv/lib/python3.10/site-packages/keystonemiddleware/auth_token/__init__.py:406}}
Jan 27 09:01:41 ubuntu devstack@keystone.service[80033]: ERROR keystone.server.flask.application [None req-1643a9ee-5973-4617-a868-af8d8ef42fbb None admin] Conflict occurred attempting to store project - it is not permitted to have two projects acting as domains with the same name: Default.: keystone.exception.Conflict: Conflict occurred attempting to store project - it is not permitted to have two projects acting as domains with the same name: Default.
Jan 27 09:01:41 ubuntu devstack@keystone.service[80033]: ERROR keystone.server.flask.application Traceback (most recent call last):
Jan 27 09:01:41 ubuntu devstack@keystone.service[80033]: ERROR keystone.server.flask.application   File "/opt/stack/data/venv/lib/python3.10/site-packages/sqlalchemy/engine/base.py", line 1964, in _exec_single_context
Jan 27 09:01:41 ubuntu devstack@keystone.service[80033]: ERROR keystone.server.flask.application     self.dialect.do_execute(
Jan 27 09:01:41 ubuntu devstack@keystone.service[80033]: ERROR keystone.server.flask.application   File "/opt/stack/data/venv/lib/python3.10/site-packages/sqlalchemy/engine/default.py", line 942, in do_execute
Jan 27 09:01:41 ubuntu devstack@keystone.service[80033]: ERROR keystone.server.flask.application     cursor.execute(statement, parameters)
Jan 27 09:01:41 ubuntu devstack@keystone.service[80033]: ERROR keystone.server.flask.application   File "/opt/stack/data/venv/lib/python3.10/site-packages/pymysql/cursors.py", line 153, in execute
Jan 27 09:01:41 ubuntu devstack@keystone.service[80033]: ERROR keystone.server.flask.application     result = self._query(query)
Jan 27 09:01:41 ubuntu devstack@keystone.service[80033]: ERROR keystone.server.flask.application   File "/opt/stack/data/venv/lib/python3.10/site-packages/pymysql/cursors.py", line 322, in _query
Jan 27 09:01:41 ubuntu devstack@keystone.service[80033]: ERROR keystone.server.flask.application     conn.query(q)
Jan 27 09:01:41 ubuntu devstack@keystone.service[80033]: ERROR keystone.server.flask.application   File "/opt/stack/data/venv/lib/python3.10/site-packages/pymysql/connections.py", line 563, in query
Jan 27 09:01:41 ubuntu devstack@keystone.service[80033]: ERROR keystone.server.flask.application     self._affected_rows = self._read_query_result(unbuffered=unbuffered)
Jan 27 09:01:41 ubuntu devstack@keystone.service[80033]: ERROR keystone.server.flask.application   File "/opt/stack/data/venv/lib/python3.10/site-packages/pymysql/connections.py", line 825, in _read_query_result
Jan 27 09:01:41 ubuntu devstack@keystone.service[80033]: ERROR keystone.server.flask.application     result.read()
Jan 27 09:01:41 ubuntu devstack@keystone.service[80033]: ERROR keystone.server.flask.application   File "/opt/stack/data/venv/lib/python3.10/site-packages/pymysql/connections.py", line 1199, in read
Jan 27 09:01:41 ubuntu devstack@keystone.service[80033]: ERROR keystone.server.flask.application     first_packet = self.connection._read_packet()
Jan 27 09:01:41 ubuntu devstack@keystone.service[80033]: ERROR keystone.server.flask.application   File "/opt/stack/data/venv/lib/python3.10/site-packages/pymysql/connections.py", line 775, in _read_packet
Jan 27 09:01:41 ubuntu devstack@keystone.service[80033]: ERROR keystone.server.flask.application     packet.raise_for_error()
Jan 27 09:01:41 ubuntu devstack@keystone.service[80033]: ERROR keystone.server.flask.application   File "/opt/stack/data/venv/lib/python3.10/site-packages/pymysql/protocol.py", line 219, in raise_for_error
Jan 27 09:01:41 ubuntu devstack@keystone.service[80033]: ERROR keystone.server.flask.application     err.raise_mysql_exception(self._data)
Jan 27 09:01:41 ubuntu devstack@keystone.service[80033]: ERROR keystone.server.flask.application   File "/opt/stack/data/venv/lib/python3.10/site-packages/pymysql/err.py", line 150, in raise_mysql_exception
Jan 27 09:01:41 ubuntu devstack@keystone.service[80033]: ERROR keystone.server.flask.application     raise errorclass(errno, errval)
Jan 27 09:01:41 ubuntu devstack@keystone.service[80033]: ERROR keystone.server.flask.application pymysql.err.IntegrityError: (1062, "Duplicate entry '<<keystone.domain.root>>-Default' for key 'project.ixu_project_name_domain_id'")
Jan 27 09:01:41 ubuntu devstack@keystone.service[80033]: ERROR keystone.server.flask.application 
Jan 27 09:01:41 ubuntu devstack@keystone.service[80033]: ERROR keystone.server.flask.application The above exception was the direct cause of the following exception:
Jan 27 09:01:41 ubuntu devstack@keystone.service[80033]: ERROR keystone.server.flask.application 
Jan 27 09:01:41 ubuntu devstack@keystone.service[80033]: ERROR keystone.server.flask.application Traceback (most recent call last):
Jan 27 09:01:41 ubuntu devstack@keystone.service[80033]: ERROR keystone.server.flask.application   File "/opt/stack/keystone/keystone/common/sql/core.py", line 575, in wrapper
