Feb 05 18:50:15 ubuntu devstack@keystone.service[81739]: ERROR keystone.server.flask.application   File "/opt/stack/data/venv/lib/python3.10/site-packages/sqlalchemy/engine/base.py", line 1967, in _exec_single_context
Feb 05 18:50:15 ubuntu devstack@keystone.service[81739]: ERROR keystone.server.flask.application     self.dialect.do_execute(
Feb 05 18:50:15 ubuntu devstack@keystone.service[81739]: ERROR keystone.server.flask.application   File "/opt/stack/data/venv/lib/python3.10/site-packages/sqlalchemy/engine/default.py", line 951, in do_execute
Feb 05 18:50:15 ubuntu devstack@keystone.service[81739]: ERROR keystone.server.flask.application     cursor.execute(statement, parameters)
Feb 05 18:50:15 ubuntu devstack@keystone.service[81739]: ERROR keystone.server.flask.application   File "/opt/stack/data/venv/lib/python3.10/site-packages/pymysql/cursors.py", line 153, in execute
Feb 05 18:50:15 ubuntu devstack@keystone.service[81739]: ERROR keystone.server.flask.application     result = self._query(query)
Feb 05 18:50:15 ubuntu devstack@keystone.service[81739]: ERROR keystone.server.flask.application   File "/opt/stack/data/venv/lib/python3.10/site-packages/pymysql/cursors.py", line 322, in _query
Feb 05 18:50:15 ubuntu devstack@keystone.service[81739]: ERROR keystone.server.flask.application     conn.query(q)
Feb 05 18:50:15 ubuntu devstack@keystone.service[81739]: ERROR keystone.server.flask.application   File "/opt/stack/data/venv/lib/python3.10/site-packages/pymysql/connections.py", line 575, in query
Feb 05 18:50:15 ubuntu devstack@keystone.service[81739]: ERROR keystone.server.flask.application     self._affected_rows = self._read_query_result(unbuffered=unbuffered)
Feb 05 18:50:15 ubuntu devstack@keystone.service[81739]: ERROR keystone.server.flask.application   File "/opt/stack/data/venv/lib/python3.10/site-packages/pymysql/connections.py", line 826, in _read_query_result
Feb 05 18:50:15 ubuntu devstack@keystone.service[81739]: ERROR keystone.server.flask.application     result.read()
Feb 05 18:50:15 ubuntu devstack@keystone.service[81739]: ERROR keystone.server.flask.application   File "/opt/stack/data/venv/lib/python3.10/site-packages/pymysql/connections.py", line 1203, in read
Feb 05 18:50:15 ubuntu devstack@keystone.service[81739]: ERROR keystone.server.flask.application     first_packet = self.connection._read_packet()
Feb 05 18:50:15 ubuntu devstack@keystone.service[81739]: ERROR keystone.server.flask.application   File "/opt/stack/data/venv/lib/python3.10/site-packages/pymysql/connections.py", line 782, in _read_packet
Feb 05 18:50:15 ubuntu devstack@keystone.service[81739]: ERROR keystone.server.flask.application     packet.raise_for_error()
Feb 05 18:50:15 ubuntu devstack@keystone.service[81739]: ERROR keystone.server.flask.application   File "/opt/stack/data/venv/lib/python3.10/site-packages/pymysql/protocol.py", line 219, in raise_for_error
Feb 05 18:50:15 ubuntu devstack@keystone.service[81739]: ERROR keystone.server.flask.application     err.raise_mysql_exception(self._data)
Feb 05 18:50:15 ubuntu devstack@keystone.service[81739]: ERROR keystone.server.flask.application   File "/opt/stack/data/venv/lib/python3.10/site-packages/pymysql/err.py", line 150, in raise_mysql_exception
Feb 05 18:50:15 ubuntu devstack@keystone.service[81739]: ERROR keystone.server.flask.application     raise errorclass(errno, errval)
Feb 05 18:50:15 ubuntu devstack@keystone.service[81739]: ERROR keystone.server.flask.application oslo_db.exception.DBDuplicateEntry: (pymysql.err.IntegrityError) (1062, "Duplicate entry 'service-<<null>>' for key 'role.ixu_role_name_domain_id'")
Feb 05 18:50:15 ubuntu devstack@keystone.service[81739]: ERROR keystone.server.flask.application [SQL: INSERT INTO `role` (id, name, description, extra) VALUES (%(id)s, %(name)s, %(description)s, %(extra)s)]
Feb 05 18:50:15 ubuntu devstack@keystone.service[81739]: ERROR keystone.server.flask.application [parameters: {'id': '39d5db37dce7465da79aa4e5a58d6e71', 'name': 'service', 'description': None, 'extra': '{}'}]
Feb 05 18:50:15 ubuntu devstack@keystone.service[81739]: ERROR keystone.server.flask.application (Background on this error at: https://sqlalche.me/e/20/gkpj)
Feb 05 18:50:15 ubuntu devstack@keystone.service[81739]: ERROR keystone.server.flask.application 
Feb 05 18:50:15 ubuntu devstack@keystone.service[81739]: ERROR keystone.server.flask.application During handling of the above exception, another exception occurred:
Feb 05 18:50:15 ubuntu devstack@keystone.service[81739]: ERROR keystone.server.flask.application 
Feb 05 18:50:15 ubuntu devstack@keystone.service[81739]: ERROR keystone.server.flask.application Traceback (most recent call last):
Feb 05 18:50:15 ubuntu devstack@keystone.service[81739]: ERROR keystone.server.flask.application   File "/opt/stack/data/venv/lib/python3.10/site-packages/flask/app.py", line 917, in full_dispatch_request
Feb 05 18:50:15 ubuntu devstack@keystone.service[81739]: ERROR keystone.server.flask.application     rv = self.dispatch_request()
Feb 05 18:50:15 ubuntu devstack@keystone.service[81739]: ERROR keystone.server.flask.application   File "/opt/stack/data/venv/lib/python3.10/site-packages/flask/app.py", line 902, in dispatch_request
Feb 05 18:50:15 ubuntu devstack@keystone.service[81739]: ERROR keystone.server.flask.application     return self.ensure_sync(self.view_functions[rule.endpoint])(**view_args)  # type: ignore[no-any-return]
Feb 05 18:50:15 ubuntu devstack@keystone.service[81739]: ERROR keystone.server.flask.application   File "/opt/stack/data/venv/lib/python3.10/site-packages/flask_restful/__init__.py", line 489, in wrapper
Feb 05 18:50:15 ubuntu devstack@keystone.service[81739]: ERROR keystone.server.flask.application     resp = resource(*args, **kwargs)
Feb 05 18:50:15 ubuntu devstack@keystone.service[81739]: ERROR keystone.server.flask.application   File "/opt/stack/data/venv/lib/python3.10/site-packages/flask/views.py", line 110, in view
Feb 05 18:50:15 ubuntu devstack@keystone.service[81739]: ERROR keystone.server.flask.application     return current_app.ensure_sync(self.dispatch_request)(**kwargs)  # type: ignore[no-any-return]
Feb 05 18:50:15 ubuntu devstack@keystone.service[81739]: ERROR keystone.server.flask.application   File "/opt/stack/data/venv/lib/python3.10/site-packages/flask_restful/__init__.py", line 604, in dispatch_request
Feb 05 18:50:15 ubuntu devstack@keystone.service[81739]: ERROR keystone.server.flask.application     resp = meth(*args, **kwargs)
Feb 05 18:50:15 ubuntu devstack@keystone.service[81739]: ERROR keystone.server.flask.application   File "/opt/stack/keystone/keystone/api/validation/__init__.py", line 86, in wrapper
Feb 05 18:50:15 ubuntu devstack@keystone.service[81739]: ERROR keystone.server.flask.application     return func(*args, **kwargs)
Feb 05 18:50:15 ubuntu devstack@keystone.service[81739]: ERROR keystone.server.flask.application   File "/opt/stack/keystone/keystone/api/validation/__init__.py", line 145, in wrapper
Feb 05 18:50:15 ubuntu devstack@keystone.service[81739]: ERROR keystone.server.flask.application     response = func(*args, **kwargs)
Feb 05 18:50:15 ubuntu devstack@keystone.service[81739]: ERROR keystone.server.flask.application   File "/opt/stack/keystone/keystone/api/roles.py", line 91, in post
Feb 05 18:50:15 ubuntu devstack@keystone.service[81739]: ERROR keystone.server.flask.application     ref = PROVIDERS.role_api.create_role(
Feb 05 18:50:15 ubuntu devstack@keystone.service[81739]: ERROR keystone.server.flask.application   File "/opt/stack/keystone/keystone/common/manager.py", line 114, in wrapped
Feb 05 18:50:15 ubuntu devstack@keystone.service[81739]: ERROR keystone.server.flask.application     __ret_val = __f(*args, **kwargs)
Feb 05 18:50:15 ubuntu devstack@keystone.service[81739]: ERROR keystone.server.flask.application   File "/opt/stack/keystone/keystone/assignment/core.py", line 1526, in create_role
Feb 05 18:50:15 ubuntu devstack@keystone.service[81739]: ERROR keystone.server.flask.application     ret = self.driver.create_role(role_id, role)
Feb 05 18:50:15 ubuntu devstack@keystone.service[81739]: ERROR keystone.server.flask.application   File "/opt/stack/keystone/keystone/common/sql/core.py", line 614, in wrapper
Feb 05 18:50:15 ubuntu devstack@keystone.service[81739]: ERROR keystone.server.flask.application     raise exception.Conflict(type=conflict_type, details=msg)
Feb 05 18:50:15 ubuntu devstack@keystone.service[81739]: ERROR keystone.server.flask.application keystone.exception.Conflict: Conflict occurred attempting to store role - Duplicate entry found with name service.
Feb 05 18:50:15 ubuntu devstack@keystone.service[81739]: ERROR keystone.server.flask.application 
Feb 05 18:50:15 ubuntu devstack@keystone.service[81739]: [pid: 81739|app: 0|req: 18/34] 10.201.5.82 () {60 vars in 1167 bytes} [Thu Feb  5 18:50:14 2026] POST /identity/v3/roles => generated 140 bytes in 108 msecs (HTTP/1.1 409) 5 headers in 183 bytes (1 switches on core 0)
Feb 05 18:50:15 ubuntu devstack@keystone.service[81739]: DEBUG keystone.server.flask.request_processing.req_logging [None req-0131aa00-99f8-4c94-961c-f4c15887b5b8 None None] REQUEST_METHOD: `GET` {{(pid=81739) log_request_info /opt/stack/keystone/keystone/server/flask/request_processing/req_logging.py:26}}
Feb 05 18:50:15 ubuntu devstack@keystone.service[81739]: DEBUG keystone.server.flask.request_processing.req_logging [None req-0131aa00-99f8-4c94-961c-f4c15887b5b8 None None] SCRIPT_NAME: `/identity` {{(pid=81739) log_request_info /opt/stack/keystone/keystone/server/flask/request_processing/req_logging.py:27}}
Feb 05 18:50:15 ubuntu devstack@keystone.service[81739]: DEBUG keystone.server.flask.request_processing.req_logging [None req-0131aa00-99f8-4c94-961c-f4c15887b5b8 None None] PATH_INFO: `/` {{(pid=81739) log_request_info /opt/stack/keystone/keystone/server/flask/request_processing/req_logging.py:28}}
Feb 05 18:50:15 ubuntu devstack@keystone.service[81739]: [pid: 81739|app: 0|req: 19/35] 10.201.5.82 () {54 vars in 919 bytes} [Thu Feb  5 18:50:15 2026] GET /identity => generated 270 bytes in 1 msecs (HTTP/1.1 300) 6 headers in 234 bytes (1 switches on core 0)
Feb 05 18:50:15 ubuntu devstack@keystone.service[81739]: DEBUG keystone.server.flask.request_processing.req_logging [None req-95be7dd3-2854-497a-bad6-13128ee00481 None None] REQUEST_METHOD: `POST` {{(pid=81739) log_request_info /opt/stack/keystone/keystone/server/flask/request_processing/req_logging.py:26}}
Feb 05 18:50:15 ubuntu devstack@keystone.service[81739]: DEBUG keystone.server.flask.request_processing.req_logging [None req-95be7dd3-2854-497a-bad6-13128ee00481 None None] SCRIPT_NAME: `/identity` {{(pid=81739) log_request_info /opt/stack/keystone/keystone/server/flask/request_processing/req_logging.py:27}}
Feb 05 18:50:15 ubuntu devstack@keystone.service[81739]: DEBUG keystone.server.flask.request_processing.req_logging [None req-95be7dd3-2854-497a-bad6-13128ee00481 None None] PATH_INFO: `/v3/auth/tokens` {{(pid=81739) log_request_info /opt/stack/keystone/keystone/server/flask/request_processing/req_logging.py:28}}
Feb 05 18:50:15 ubuntu devstack@keystone.service[81738]: [pid: 81738|app: 0|req: 17/36] 10.201.5.82 () {56 vars in 1144 bytes} [Thu Feb  5 18:50:14 2026] GET /identity/v3/domains/default => generated 199 bytes in 74 msecs (HTTP/1.1 200) 5 headers in 177 bytes (1 switches on core 0)
Feb 05 18:50:15 ubuntu devstack@keystone.service[81738]: DEBUG keystone.server.flask.request_processing.middleware.auth_context [None req-0ecadaff-d2d2-4327-9303-fe6f3cc6f7b6 None admin] Authenticating user token {{(pid=81738) process_request /opt/stack/data/venv/lib/python3.10/site-packages/keystonemiddleware/auth_token/__init__.py:407}}
Feb 05 18:50:15 ubuntu devstack@keystone.service[81739]: WARNING keystone.common.password_hashing [None req-95be7dd3-2854-497a-bad6-13128ee00481 None None] Truncating password to algorithm specific maximum length 72 characters.
Feb 05 18:50:15 ubuntu devstack@keystone.service[81739]: DEBUG keystone.auth.core [None req-95be7dd3-2854-497a-bad6-13128ee00481 None None] MFA Rules not processed for user `a1a1ed3fff684c6db1a71e2ac6501499`. Rule list: `[]` (Enabled: `True`). {{(pid=81739) check_auth_methods_against_rules /opt/stack/keystone/keystone/auth/core.py:476}}
Feb 05 18:50:15 ubuntu devstack@keystone.service[81739]: DEBUG keystone.common.fernet_utils [None req-95be7dd3-2854-497a-bad6-13128ee00481 None None] Loaded 2 Fernet keys from /etc/keystone/fernet-keys/, but `[fernet_tokens] max_active_keys = 3`; perhaps there have not been enough key rotations to reach `max_active_keys` yet? {{(pid=81739) load_keys /opt/stack/keystone/keystone/common/fernet_utils.py:297}}
Feb 05 18:50:15 ubuntu devstack@keystone.service[81738]: DEBUG keystone.server.flask.request_processing.middleware.auth_context [None req-0ecadaff-d2d2-4327-9303-fe6f3cc6f7b6 None admin] Validating token access rules against request {{(pid=81738) validate_allowed_request /opt/stack/data/venv/lib/python3.10/site-packages/keystonemiddleware/auth_token/__init__.py:545}}
Feb 05 18:50:15 ubuntu devstack@keystone.service[81739]: [pid: 81739|app: 0|req: 20/37] 10.201.5.82 () {58 vars in 1016 bytes} [Thu Feb  5 18:50:15 2026] POST /identity/v3/auth/tokens => generated 862 bytes in 56 msecs (HTTP/1.1 201) 6 headers in 363 bytes (3 switches on core 0)
Feb 05 18:50:15 ubuntu devstack@keystone.service[81739]: DEBUG keystone.server.flask.request_processing.middleware.auth_context [None req-95be7dd3-2854-497a-bad6-13128ee00481 None None] Authenticating user token {{(pid=81739) process_request /opt/stack/data/venv/lib/python3.10/site-packages/keystonemiddleware/auth_token/__init__.py:407}}
Feb 05 18:50:15 ubuntu devstack@keystone.service[81738]: DEBUG keystone.server.flask.request_processing.middleware.auth_context [None req-e23827b3-fb2f-4e23-aa94-7927e8bd43cb None admin] RBAC: auth_context: {'token': <TokenModel (audit_id=2wOFRFnhS4atbAizJyHzDw, audit_chain_id=['2wOFRFnhS4atbAizJyHzDw']) at 0x7f32a4c14400>, 'domain_id': None, 'trust_id': None, 'trustor_id': None, 'trustee_id': None, 'domain_name': None, 'group_ids': [], 'user_id': 'a1a1ed3fff684c6db1a71e2ac6501499', 'user_domain_id': 'default', 'system_scope': 'all', 'project_id': None, 'project_domain_id': None, 'roles': ['admin', 'manager', 'member', 'reader'], 'is_admin_project': True, 'service_user_id': None, 'service_user_domain_id': None, 'service_project_id': None, 'service_project_domain_id': None, 'service_roles': []} {{(pid=81738) fill_context /opt/stack/keystone/keystone/server/flask/request_processing/middleware/auth_context.py:509}}
Feb 05 18:50:15 ubuntu devstack@keystone.service[81738]: DEBUG keystone.server.flask.request_processing.req_logging [None req-e23827b3-fb2f-4e23-aa94-7927e8bd43cb None admin] REQUEST_METHOD: `GET` {{(pid=81738) log_request_info /opt/stack/keystone/keystone/server/flask/request_processing/req_logging.py:26}}
Feb 05 18:50:15 ubuntu devstack@keystone.service[81738]: DEBUG keystone.server.flask.request_processing.req_logging [None req-e23827b3-fb2f-4e23-aa94-7927e8bd43cb None admin] SCRIPT_NAME: `/identity` {{(pid=81738) log_request_info /opt/stack/keystone/keystone/server/flask/request_processing/req_logging.py:27}}
Feb 05 18:50:15 ubuntu devstack@keystone.service[81738]: DEBUG keystone.server.flask.request_processing.req_logging [None req-e23827b3-fb2f-4e23-aa94-7927e8bd43cb None admin] PATH_INFO: `/v3/roles/service` {{(pid=81738) log_request_info /opt/stack/keystone/keystone/server/flask/request_processing/req_logging.py:28}}
Feb 05 18:50:15 ubuntu devstack@keystone.service[81738]: DEBUG keystone.common.rbac_enforcer.enforcer [None req-e23827b3-fb2f-4e23-aa94-7927e8bd43cb None admin] Extracting inferred target data resulted in "NOT FOUND (404)". {{(pid=81738) enforce_call /opt/stack/keystone/keystone/common/rbac_enforcer/enforcer.py:445}}
Feb 05 18:50:15 ubuntu devstack@keystone.service[81738]: DEBUG keystone.server.flask.application [None req-e23827b3-fb2f-4e23-aa94-7927e8bd43cb None admin] Could not find role: service. {{(pid=81738) _handle_keystone_exception /opt/stack/keystone/keystone/server/flask/application.py:146}}
Feb 05 18:50:15 ubuntu devstack@keystone.service[81738]: [pid: 81738|app: 0|req: 18/38] 10.201.5.82 () {56 vars in 1138 bytes} [Thu Feb  5 18:50:15 2026] GET /identity/v3/roles/service => generated 85 bytes in 79 msecs (HTTP/1.1 404) 5 headers in 183 bytes (1 switches on core 0)
Feb 05 18:50:15 ubuntu devstack@keystone.service[81738]: DEBUG keystone.server.flask.request_processing.middleware.auth_context [None req-e23827b3-fb2f-4e23-aa94-7927e8bd43cb None admin] Authenticating user token {{(pid=81738) process_request /opt/stack/data/venv/lib/python3.10/site-packages/keystonemiddleware/auth_token/__init__.py:407}}
Feb 05 18:50:15 ubuntu devstack@keystone.service[81739]: DEBUG keystone.server.flask.request_processing.middleware.auth_context [None req-95be7dd3-2854-497a-bad6-13128ee00481 None None] Validating token access rules against request {{(pid=81739) validate_allowed_request /opt/stack/data/venv/lib/python3.10/site-packages/keystonemiddleware/auth_token/__init__.py:545}}
Feb 05 18:50:15 ubuntu devstack@keystone.service[81739]: DEBUG keystone.server.flask.request_processing.middleware.auth_context [None req-6e7a7e2d-2f4c-44de-8891-a0743e46f88e None admin] RBAC: auth_context: {'token': <TokenModel (audit_id=51VQGFpmS5WpHJqz1lz9Wg, audit_chain_id=['51VQGFpmS5WpHJqz1lz9Wg']) at 0x7f32a4d7f9d0>, 'domain_id': None, 'trust_id': None, 'trustor_id': None, 'trustee_id': None, 'domain_name': None, 'group_ids': [], 'user_id': 'a1a1ed3fff684c6db1a71e2ac6501499', 'user_domain_id': 'default', 'system_scope': 'all', 'project_id': None, 'project_domain_id': None, 'roles': ['admin', 'manager', 'member', 'reader'], 'is_admin_project': True, 'service_user_id': None, 'service_user_domain_id': None, 'service_project_id': None, 'service_project_domain_id': None, 'service_roles': []} {{(pid=81739) fill_context /opt/stack/keystone/keystone/server/flask/request_processing/middleware/auth_context.py:509}}
Feb 05 18:50:15 ubuntu devstack@keystone.service[81739]: DEBUG keystone.server.flask.request_processing.req_logging [None req-6e7a7e2d-2f4c-44de-8891-a0743e46f88e None admin] REQUEST_METHOD: `GET` {{(pid=81739) log_request_info /opt/stack/keystone/keystone/server/flask/request_processing/req_logging.py:26}}
Feb 05 18:50:15 ubuntu devstack@keystone.service[81739]: DEBUG keystone.server.flask.request_processing.req_logging [None req-6e7a7e2d-2f4c-44de-8891-a0743e46f88e None admin] SCRIPT_NAME: `/identity` {{(pid=81739) log_request_info /opt/stack/keystone/keystone/server/flask/request_processing/req_logging.py:27}}
Feb 05 18:50:15 ubuntu devstack@keystone.service[81739]: DEBUG keystone.server.flask.request_processing.req_logging [None req-6e7a7e2d-2f4c-44de-8891-a0743e46f88e None admin] PATH_INFO: `/v3/role_assignments` {{(pid=81739) log_request_info /opt/stack/keystone/keystone/server/flask/request_processing/req_logging.py:28}}
Feb 05 18:50:15 ubuntu devstack@keystone.service[81739]: DEBUG keystone.common.rbac_enforcer.enforcer [None req-6e7a7e2d-2f4c-44de-8891-a0743e46f88e None admin] RBAC: Adding query filter params (role.id=a8e3cf6271ff4bdfab6b0200a69200a2, scope.domain.id=default, user.id=a1a1ed3fff684c6db1a71e2ac6501499) {{(pid=81739) _extract_filter_values /opt/stack/keystone/keystone/common/rbac_enforcer/enforcer.py:176}}
Feb 05 18:50:15 ubuntu devstack@keystone.service[81739]: DEBUG keystone.common.rbac_enforcer.enforcer [None req-6e7a7e2d-2f4c-44de-8891-a0743e46f88e None admin] RBAC: Authorizing `identity:list_role_assignments()` {{(pid=81739) enforce_call /opt/stack/keystone/keystone/common/rbac_enforcer/enforcer.py:494}}
Feb 05 18:50:15 ubuntu devstack@keystone.service[81739]: DEBUG keystone.common.rbac_enforcer.enforcer [None req-6e7a7e2d-2f4c-44de-8891-a0743e46f88e None admin] RBAC: Authorization granted {{(pid=81739) enforce_call /opt/stack/keystone/keystone/common/rbac_enforcer/enforcer.py:505}}
Feb 05 18:50:15 ubuntu devstack@keystone.service[81739]: [pid: 81739|app: 0|req: 21/39] 10.201.5.82 () {56 vars in 1371 bytes} [Thu Feb  5 18:50:15 2026] GET /identity/v3/role_assignments?role.id=a8e3cf6271ff4bdfab6b0200a69200a2&scope.domain.id=default&user.id=a1a1ed3fff684c6db1a71e2ac6501499 => generated 530 bytes in 65 msecs (HTTP/1.1 200) 5 headers in 177 bytes (1 switches on core 0)
Feb 05 18:50:15 ubuntu devstack@keystone.service[81738]: DEBUG keystone.server.flask.request_processing.middleware.auth_context [None req-e23827b3-fb2f-4e23-aa94-7927e8bd43cb None admin] Validating token access rules against request {{(pid=81738) validate_allowed_request /opt/stack/data/venv/lib/python3.10/site-packages/keystonemiddleware/auth_token/__init__.py:545}}
Feb 05 18:50:15 ubuntu devstack@keystone.service[81738]: DEBUG keystone.server.flask.request_processing.middleware.auth_context [None req-ab820a09-742d-4d31-be5b-1f5c80bdf0d8 None admin] RBAC: auth_context: {'token': <TokenModel (audit_id=2wOFRFnhS4atbAizJyHzDw, audit_chain_id=['2wOFRFnhS4atbAizJyHzDw']) at 0x7f32a4c14520>, 'domain_id': None, 'trust_id': None, 'trustor_id': None, 'trustee_id': None, 'domain_name': None, 'group_ids': [], 'user_id': 'a1a1ed3fff684c6db1a71e2ac6501499', 'user_domain_id': 'default', 'system_scope': 'all', 'project_id': None, 'project_domain_id': None, 'roles': ['admin', 'manager', 'member', 'reader'], 'is_admin_project': True, 'service_user_id': None, 'service_user_domain_id': None, 'service_project_id': None, 'service_project_domain_id': None, 'service_roles': []} {{(pid=81738) fill_context /opt/stack/keystone/keystone/server/flask/request_processing/middleware/auth_context.py:509}}
Feb 05 18:50:15 ubuntu devstack@keystone.service[81738]: DEBUG keystone.server.flask.request_processing.req_logging [None req-ab820a09-742d-4d31-be5b-1f5c80bdf0d8 None admin] REQUEST_METHOD: `GET` {{(pid=81738) log_request_info /opt/stack/keystone/keystone/server/flask/request_processing/req_logging.py:26}}
Feb 05 18:50:15 ubuntu devstack@keystone.service[81738]: DEBUG keystone.server.flask.request_processing.req_logging [None req-ab820a09-742d-4d31-be5b-1f5c80bdf0d8 None admin] SCRIPT_NAME: `/identity` {{(pid=81738) log_request_info /opt/stack/keystone/keystone/server/flask/request_processing/req_logging.py:27}}
Feb 05 18:50:15 ubuntu devstack@keystone.service[81738]: DEBUG keystone.server.flask.request_processing.req_logging [None req-ab820a09-742d-4d31-be5b-1f5c80bdf0d8 None admin] PATH_INFO: `/v3/roles` {{(pid=81738) log_request_info /opt/stack/keystone/keystone/server/flask/request_processing/req_logging.py:28}}
Feb 05 18:50:15 ubuntu devstack@keystone.service[81738]: DEBUG keystone.common.rbac_enforcer.enforcer [None req-ab820a09-742d-4d31-be5b-1f5c80bdf0d8 None admin] RBAC: Adding query filter params (name=service) {{(pid=81738) _extract_filter_values /opt/stack/keystone/keystone/common/rbac_enforcer/enforcer.py:176}}
Feb 05 18:50:15 ubuntu devstack@keystone.service[81738]: DEBUG keystone.common.rbac_enforcer.enforcer [None req-ab820a09-742d-4d31-be5b-1f5c80bdf0d8 None admin] RBAC: Authorizing `identity:list_roles()` {{(pid=81738) enforce_call /opt/stack/keystone/keystone/common/rbac_enforcer/enforcer.py:494}}
Feb 05 18:50:15 ubuntu devstack@keystone.service[81738]: DEBUG keystone.common.rbac_enforcer.enforcer [None req-ab820a09-742d-4d31-be5b-1f5c80bdf0d8 None admin] RBAC: Authorization granted {{(pid=81738) enforce_call /opt/stack/keystone/keystone/common/rbac_enforcer/enforcer.py:505}}
Feb 05 18:50:15 ubuntu devstack@keystone.service[81738]: [pid: 81738|app: 0|req: 19/40] 10.201.5.82 () {56 vars in 1152 bytes} [Thu Feb  5 18:50:15 2026] GET /identity/v3/roles?name=service => generated 343 bytes in 69 msecs (HTTP/1.1 200) 5 headers in 177 bytes (2 switches on core 0)
Feb 05 18:50:15 ubuntu devstack@keystone.service[81739]: DEBUG keystone.server.flask.request_processing.middleware.auth_context [None req-6e7a7e2d-2f4c-44de-8891-a0743e46f88e None admin] Authenticating user token {{(pid=81739) process_request /opt/stack/data/venv/lib/python3.10/site-packages/keystonemiddleware/auth_token/__init__.py:407}}
Feb 05 18:50:15 ubuntu devstack@keystone.service[81739]: DEBUG keystone.server.flask.request_processing.middleware.auth_context [None req-6e7a7e2d-2f4c-44de-8891-a0743e46f88e None admin] Validating token access rules against request {{(pid=81739) validate_allowed_request /opt/stack/data/venv/lib/python3.10/site-packages/keystonemiddleware/auth_token/__init__.py:545}}
Feb 05 18:50:15 ubuntu devstack@keystone.service[81739]: DEBUG keystone.server.flask.request_processing.middleware.auth_context [None req-b7c7f223-0350-4328-9126-dda3453bc6b6 None admin] RBAC: auth_context: {'token': <TokenModel (audit_id=vQAVsVmRQJW1C0QBV0MEIg, audit_chain_id=['vQAVsVmRQJW1C0QBV0MEIg']) at 0x7f32a4d7e440>, 'domain_id': None, 'trust_id': None, 'trustor_id': None, 'trustee_id': None, 'domain_name': None, 'group_ids': [], 'user_id': 'a1a1ed3fff684c6db1a71e2ac6501499', 'user_domain_id': 'default', 'system_scope': 'all', 'project_id': None, 'project_domain_id': None, 'roles': ['admin', 'manager', 'member', 'reader'], 'is_admin_project': True, 'service_user_id': None, 'service_user_domain_id': None, 'service_project_id': None, 'service_project_domain_id': None, 'service_roles': []} {{(pid=81739) fill_context /opt/stack/keystone/keystone/server/flask/request_processing/middleware/auth_context.py:509}}
Feb 05 18:50:15 ubuntu devstack@keystone.service[81739]: DEBUG keystone.server.flask.request_processing.req_logging [None req-b7c7f223-0350-4328-9126-dda3453bc6b6 None admin] REQUEST_METHOD: `POST` {{(pid=81739) log_request_info /opt/stack/keystone/keystone/server/flask/request_processing/req_logging.py:26}}
Feb 05 18:50:15 ubuntu devstack@keystone.service[81739]: DEBUG keystone.server.flask.request_processing.req_logging [None req-b7c7f223-0350-4328-9126-dda3453bc6b6 None admin] SCRIPT_NAME: `/identity` {{(pid=81739) log_request_info /opt/stack/keystone/keystone/server/flask/request_processing/req_logging.py:27}}
Feb 05 18:50:15 ubuntu devstack@keystone.service[81739]: DEBUG keystone.server.flask.request_processing.req_logging [None req-b7c7f223-0350-4328-9126-dda3453bc6b6 None admin] PATH_INFO: `/v3/roles` {{(pid=81739) log_request_info /opt/stack/keystone/keystone/server/flask/request_processing/req_logging.py:28}}
Feb 05 18:50:15 ubuntu devstack@keystone.service[81739]: DEBUG keystone.common.rbac_enforcer.enforcer [None req-b7c7f223-0350-4328-9126-dda3453bc6b6 None admin] RBAC: Authorizing `identity:create_role()` {{(pid=81739) enforce_call /opt/stack/keystone/keystone/common/rbac_enforcer/enforcer.py:494}}
Feb 05 18:50:15 ubuntu devstack@keystone.service[81739]: DEBUG keystone.common.rbac_enforcer.enforcer [None req-b7c7f223-0350-4328-9126-dda3453bc6b6 None admin] RBAC: Authorization granted {{(pid=81739) enforce_call /opt/stack/keystone/keystone/common/rbac_enforcer/enforcer.py:505}}
Feb 05 18:50:15 ubuntu devstack@keystone.service[81739]: [pid: 81739|app: 0|req: 22/41] 10.201.5.82 () {60 vars in 1167 bytes} [Thu Feb  5 18:50:15 2026] POST /identity/v3/roles => generated 225 bytes in 271 msecs (HTTP/1.1 201) 5 headers in 182 bytes (1 switches on core 0)
Feb 05 18:50:15 ubuntu devstack@keystone.service[81738]: DEBUG keystone.server.flask.request_processing.req_logging [None req-d1a1dcad-a71a-465b-b585-fb1beb8743cc None None] REQUEST_METHOD: `GET` {{(pid=81738) log_request_info /opt/stack/keystone/keystone/server/flask/request_processing/req_logging.py:26}}
Feb 05 18:50:15 ubuntu devstack@keystone.service[81738]: DEBUG keystone.server.flask.request_processing.req_logging [None req-d1a1dcad-a71a-465b-b585-fb1beb8743cc None None] SCRIPT_NAME: `/identity` {{(pid=81738) log_request_info /opt/stack/keystone/keystone/server/flask/request_processing/req_logging.py:27}}
Feb 05 18:50:15 ubuntu devstack@keystone.service[81738]: DEBUG keystone.server.flask.request_processing.req_logging [None req-d1a1dcad-a71a-465b-b585-fb1beb8743cc None None] PATH_INFO: `/` {{(pid=81738) log_request_info /opt/stack/keystone/keystone/server/flask/request_processing/req_logging.py:28}}
Feb 05 18:50:15 ubuntu devstack@keystone.service[81738]: [pid: 81738|app: 0|req: 20/42] 10.201.5.82 () {54 vars in 919 bytes} [Thu Feb  5 18:50:15 2026] GET /identity => generated 270 bytes in 7 msecs (HTTP/1.1 300) 6 headers in 234 bytes (1 switches on core 0)
Feb 05 18:50:15 ubuntu devstack@keystone.service[81739]: DEBUG keystone.server.flask.request_processing.req_logging [None req-ee026d91-f297-4e1b-a3dd-053a41388a76 None None] REQUEST_METHOD: `POST` {{(pid=81739) log_request_info /opt/stack/keystone/keystone/server/flask/request_processing/req_logging.py:26}}
Feb 05 18:50:15 ubuntu devstack@keystone.service[81739]: DEBUG keystone.server.flask.request_processing.req_logging [None req-ee026d91-f297-4e1b-a3dd-053a41388a76 None None] SCRIPT_NAME: `/identity` {{(pid=81739) log_request_info /opt/stack/keystone/keystone/server/flask/request_processing/req_logging.py:27}}
Feb 05 18:50:15 ubuntu devstack@keystone.service[81739]: DEBUG keystone.server.flask.request_processing.req_logging [None req-ee026d91-f297-4e1b-a3dd-053a41388a76 None None] PATH_INFO: `/v3/auth/tokens` {{(pid=81739) log_request_info /opt/stack/keystone/keystone/server/flask/request_processing/req_logging.py:28}}
Feb 05 18:50:15 ubuntu devstack@keystone.service[81738]: DEBUG keystone.server.flask.request_processing.req_logging [None req-7441634b-baa1-4a70-89e4-a49554c2876c None None] REQUEST_METHOD: `GET` {{(pid=81738) log_request_info /opt/stack/keystone/keystone/server/flask/request_processing/req_logging.py:26}}
Feb 05 18:50:15 ubuntu devstack@keystone.service[81738]: DEBUG keystone.server.flask.request_processing.req_logging [None req-7441634b-baa1-4a70-89e4-a49554c2876c None None] SCRIPT_NAME: `/identity` {{(pid=81738) log_request_info /opt/stack/keystone/keystone/server/flask/request_processing/req_logging.py:27}}
Feb 05 18:50:15 ubuntu devstack@keystone.service[81738]: DEBUG keystone.server.flask.request_processing.req_logging [None req-7441634b-baa1-4a70-89e4-a49554c2876c None None] PATH_INFO: `/` {{(pid=81738) log_request_info /opt/stack/keystone/keystone/server/flask/request_processing/req_logging.py:28}}
Feb 05 18:50:15 ubuntu devstack@keystone.service[81739]: WARNING keystone.common.password_hashing [None req-ee026d91-f297-4e1b-a3dd-053a41388a76 None None] Truncating password to algorithm specific maximum length 72 characters.
Feb 05 18:50:15 ubuntu devstack@keystone.service[81738]: [pid: 81738|app: 0|req: 21/43] 10.201.5.82 () {54 vars in 919 bytes} [Thu Feb  5 18:50:15 2026] GET /identity => generated 270 bytes in 3 msecs (HTTP/1.1 300) 6 headers in 234 bytes (1 switches on core 0)
Feb 05 18:50:15 ubuntu devstack@keystone.service[81738]: DEBUG keystone.server.flask.request_processing.req_logging [None req-260d0f8c-e34e-4bb7-8aa3-b403a8e37837 None None] REQUEST_METHOD: `POST` {{(pid=81738) log_request_info /opt/stack/keystone/keystone/server/flask/request_processing/req_logging.py:26}}
Feb 05 18:50:15 ubuntu devstack@keystone.service[81738]: DEBUG keystone.server.flask.request_processing.req_logging [None req-260d0f8c-e34e-4bb7-8aa3-b403a8e37837 None None] SCRIPT_NAME: `/identity` {{(pid=81738) log_request_info /opt/stack/keystone/keystone/server/flask/request_processing/req_logging.py:27}}
Feb 05 18:50:15 ubuntu devstack@keystone.service[81738]: DEBUG keystone.server.flask.request_processing.req_logging [None req-260d0f8c-e34e-4bb7-8aa3-b403a8e37837 None None] PATH_INFO: `/v3/auth/tokens` {{(pid=81738) log_request_info /opt/stack/keystone/keystone/server/flask/request_processing/req_logging.py:28}}
Feb 05 18:50:15 ubuntu devstack@keystone.service[81739]: DEBUG keystone.auth.core [None req-ee026d91-f297-4e1b-a3dd-053a41388a76 None None] MFA Rules not processed for user `a1a1ed3fff684c6db1a71e2ac6501499`. Rule list: `[]` (Enabled: `True`). {{(pid=81739) check_auth_methods_against_rules /opt/stack/keystone/keystone/auth/core.py:476}}
Feb 05 18:50:15 ubuntu devstack@keystone.service[81739]: DEBUG keystone.common.fernet_utils [None req-ee026d91-f297-4e1b-a3dd-053a41388a76 None None] Loaded 2 Fernet keys from /etc/keystone/fernet-keys/, but `[fernet_tokens] max_active_keys = 3`; perhaps there have not been enough key rotations to reach `max_active_keys` yet? {{(pid=81739) load_keys /opt/stack/keystone/keystone/common/fernet_utils.py:297}}
Feb 05 18:50:16 ubuntu devstack@keystone.service[81738]: WARNING keystone.common.password_hashing [None req-260d0f8c-e34e-4bb7-8aa3-b403a8e37837 None None] Truncating password to algorithm specific maximum length 72 characters.
Feb 05 18:50:16 ubuntu devstack@keystone.service[81738]: DEBUG keystone.auth.core [None req-260d0f8c-e34e-4bb7-8aa3-b403a8e37837 None None] MFA Rules not processed for user `a1a1ed3fff684c6db1a71e2ac6501499`. Rule list: `[]` (Enabled: `True`). {{(pid=81738) check_auth_methods_against_rules /opt/stack/keystone/keystone/auth/core.py:476}}
Feb 05 18:50:16 ubuntu devstack@keystone.service[81738]: DEBUG keystone.common.fernet_utils [None req-260d0f8c-e34e-4bb7-8aa3-b403a8e37837 None None] Loaded 2 Fernet keys from /etc/keystone/fernet-keys/, but `[fernet_tokens] max_active_keys = 3`; perhaps there have not been enough key rotations to reach `max_active_keys` yet? {{(pid=81738) load_keys /opt/stack/keystone/keystone/common/fernet_utils.py:297}}
Feb 05 18:50:16 ubuntu devstack@keystone.service[81739]: [pid: 81739|app: 0|req: 23/44] 10.201.5.82 () {58 vars in 1016 bytes} [Thu Feb  5 18:50:15 2026] POST /identity/v3/auth/tokens => generated 862 bytes in 60 msecs (HTTP/1.1 201) 6 headers in 363 bytes (2 switches on core 0)
Feb 05 18:50:16 ubuntu devstack@keystone.service[81738]: [pid: 81738|app: 0|req: 22/45] 10.201.5.82 () {58 vars in 1016 bytes} [Thu Feb  5 18:50:15 2026] POST /identity/v3/auth/tokens => generated 862 bytes in 65 msecs (HTTP/1.1 201) 6 headers in 363 bytes (1 switches on core 0)
Feb 05 18:50:16 ubuntu devstack@keystone.service[81739]: DEBUG keystone.server.flask.request_processing.middleware.auth_context [None req-ee026d91-f297-4e1b-a3dd-053a41388a76 None None] Authenticating user token {{(pid=81739) process_request /opt/stack/data/venv/lib/python3.10/site-packages/keystonemiddleware/auth_token/__init__.py:407}}
Feb 05 18:50:16 ubuntu devstack@keystone.service[81738]: DEBUG keystone.server.flask.request_processing.middleware.auth_context [None req-260d0f8c-e34e-4bb7-8aa3-b403a8e37837 None None] Authenticating user token {{(pid=81738) process_request /opt/stack/data/venv/lib/python3.10/site-packages/keystonemiddleware/auth_token/__init__.py:407}}
Feb 05 18:50:16 ubuntu devstack@keystone.service[81739]: DEBUG keystone.server.flask.request_processing.middleware.auth_context [None req-ee026d91-f297-4e1b-a3dd-053a41388a76 None None] Validating token access rules against request {{(pid=81739) validate_allowed_request /opt/stack/data/venv/lib/python3.10/site-packages/keystonemiddleware/auth_token/__init__.py:545}}
Feb 05 18:50:16 ubuntu devstack@keystone.service[81739]: DEBUG keystone.server.flask.request_processing.middleware.auth_context [None req-61c05e71-96be-47dc-bac2-c547c26fa0f1 None admin] RBAC: auth_context: {'token': <TokenModel (audit_id=6NjT0oMEQqir27t3TnUgvA, audit_chain_id=['6NjT0oMEQqir27t3TnUgvA']) at 0x7f32a4876b00>, 'domain_id': None, 'trust_id': None, 'trustor_id': None, 'trustee_id': None, 'domain_name': None, 'group_ids': [], 'user_id': 'a1a1ed3fff684c6db1a71e2ac6501499', 'user_domain_id': 'default', 'system_scope': 'all', 'project_id': None, 'project_domain_id': None, 'roles': ['admin', 'manager', 'member', 'reader'], 'is_admin_project': True, 'service_user_id': None, 'service_user_domain_id': None, 'service_project_id': None, 'service_project_domain_id': None, 'service_roles': []} {{(pid=81739) fill_context /opt/stack/keystone/keystone/server/flask/request_processing/middleware/auth_context.py:509}}
Feb 05 18:50:16 ubuntu devstack@keystone.service[81739]: DEBUG keystone.server.flask.request_processing.req_logging [None req-61c05e71-96be-47dc-bac2-c547c26fa0f1 None admin] REQUEST_METHOD: `GET` {{(pid=81739) log_request_info /opt/stack/keystone/keystone/server/flask/request_processing/req_logging.py:26}}
Feb 05 18:50:16 ubuntu devstack@keystone.service[81739]: DEBUG keystone.server.flask.request_processing.req_logging [None req-61c05e71-96be-47dc-bac2-c547c26fa0f1 None admin] SCRIPT_NAME: `/identity` {{(pid=81739) log_request_info /opt/stack/keystone/keystone/server/flask/request_processing/req_logging.py:27}}
Feb 05 18:50:16 ubuntu devstack@keystone.service[81739]: DEBUG keystone.server.flask.request_processing.req_logging [None req-61c05e71-96be-47dc-bac2-c547c26fa0f1 None admin] PATH_INFO: `/v3/domains/default` {{(pid=81739) log_request_info /opt/stack/keystone/keystone/server/flask/request_processing/req_logging.py:28}}
Feb 05 18:50:16 ubuntu devstack@keystone.service[81739]: DEBUG keystone.common.rbac_enforcer.enforcer [None req-61c05e71-96be-47dc-bac2-c547c26fa0f1 None admin] RBAC: Authorizing `identity:get_domain(domain_id=default)` {{(pid=81739) enforce_call /opt/stack/keystone/keystone/common/rbac_enforcer/enforcer.py:494}}
Feb 05 18:50:16 ubuntu devstack@keystone.service[81739]: DEBUG keystone.common.rbac_enforcer.enforcer [None req-61c05e71-96be-47dc-bac2-c547c26fa0f1 None admin] RBAC: Authorization granted {{(pid=81739) enforce_call /opt/stack/keystone/keystone/common/rbac_enforcer/enforcer.py:505}}
Feb 05 18:50:16 ubuntu devstack@keystone.service[81739]: [pid: 81739|app: 0|req: 24/46] 10.201.5.82 () {56 vars in 1100 bytes} [Thu Feb  5 18:50:16 2026] GET /identity/v3/domains/default => generated 199 bytes in 66 msecs (HTTP/1.1 200) 5 headers in 177 bytes (2 switches on core 0)
Feb 05 18:50:16 ubuntu devstack@keystone.service[81739]: DEBUG keystone.server.flask.request_processing.middleware.auth_context [None req-61c05e71-96be-47dc-bac2-c547c26fa0f1 None admin] Authenticating user token {{(pid=81739) process_request /opt/stack/data/venv/lib/python3.10/site-packages/keystonemiddleware/auth_token/__init__.py:407}}
Feb 05 18:50:16 ubuntu devstack@keystone.service[81738]: DEBUG keystone.server.flask.request_processing.middleware.auth_context [None req-260d0f8c-e34e-4bb7-8aa3-b403a8e37837 None None] Validating token access rules against request {{(pid=81738) validate_allowed_request /opt/stack/data/venv/lib/python3.10/site-packages/keystonemiddleware/auth_token/__init__.py:545}}
Feb 05 18:50:16 ubuntu devstack@keystone.service[81739]: DEBUG keystone.server.flask.request_processing.middleware.auth_context [None req-61c05e71-96be-47dc-bac2-c547c26fa0f1 None admin] Validating token access rules against request {{(pid=81739) validate_allowed_request /opt/stack/data/venv/lib/python3.10/site-packages/keystonemiddleware/auth_token/__init__.py:545}}
Feb 05 18:50:16 ubuntu devstack@keystone.service[81738]: DEBUG keystone.server.flask.request_processing.middleware.auth_context [None req-8ae4142e-d8c4-4221-bc03-2464399969ca None admin] RBAC: auth_context: {'token': <TokenModel (audit_id=uu0U4k_eSTCgyWAz5P1SXw, audit_chain_id=['uu0U4k_eSTCgyWAz5P1SXw']) at 0x7f32a4e03790>, 'domain_id': None, 'trust_id': None, 'trustor_id': None, 'trustee_id': None, 'domain_name': None, 'group_ids': [], 'user_id': 'a1a1ed3fff684c6db1a71e2ac6501499', 'user_domain_id': 'default', 'system_scope': 'all', 'project_id': None, 'project_domain_id': None, 'roles': ['admin', 'manager', 'member', 'reader'], 'is_admin_project': True, 'service_user_id': None, 'service_user_domain_id': None, 'service_project_id': None, 'service_project_domain_id': None, 'service_roles': []} {{(pid=81738) fill_context /opt/stack/keystone/keystone/server/flask/request_processing/middleware/auth_context.py:509}}
Feb 05 18:50:16 ubuntu devstack@keystone.service[81738]: DEBUG keystone.server.flask.request_processing.req_logging [None req-8ae4142e-d8c4-4221-bc03-2464399969ca None admin] REQUEST_METHOD: `POST` {{(pid=81738) log_request_info /opt/stack/keystone/keystone/server/flask/request_processing/req_logging.py:26}}
Feb 05 18:50:16 ubuntu devstack@keystone.service[81738]: DEBUG keystone.server.flask.request_processing.req_logging [None req-8ae4142e-d8c4-4221-bc03-2464399969ca None admin] SCRIPT_NAME: `/identity` {{(pid=81738) log_request_info /opt/stack/keystone/keystone/server/flask/request_processing/req_logging.py:27}}
Feb 05 18:50:16 ubuntu devstack@keystone.service[81738]: DEBUG keystone.server.flask.request_processing.req_logging [None req-8ae4142e-d8c4-4221-bc03-2464399969ca None admin] PATH_INFO: `/v3/roles` {{(pid=81738) log_request_info /opt/stack/keystone/keystone/server/flask/request_processing/req_logging.py:28}}
Feb 05 18:50:16 ubuntu devstack@keystone.service[81738]: DEBUG keystone.common.rbac_enforcer.enforcer [None req-8ae4142e-d8c4-4221-bc03-2464399969ca None admin] RBAC: Authorizing `identity:create_role()` {{(pid=81738) enforce_call /opt/stack/keystone/keystone/common/rbac_enforcer/enforcer.py:494}}
Feb 05 18:50:16 ubuntu devstack@keystone.service[81738]: DEBUG keystone.common.rbac_enforcer.enforcer [None req-8ae4142e-d8c4-4221-bc03-2464399969ca None admin] RBAC: Authorization granted {{(pid=81738) enforce_call /opt/stack/keystone/keystone/common/rbac_enforcer/enforcer.py:505}}
Feb 05 18:50:16 ubuntu devstack@keystone.service[81739]: DEBUG keystone.server.flask.request_processing.middleware.auth_context [None req-005c4cde-4013-4adc-bd60-adc2c521a97e None admin] RBAC: auth_context: {'token': <TokenModel (audit_id=6NjT0oMEQqir27t3TnUgvA, audit_chain_id=['6NjT0oMEQqir27t3TnUgvA']) at 0x7f32a57af100>, 'domain_id': None, 'trust_id': None, 'trustor_id': None, 'trustee_id': None, 'domain_name': None, 'group_ids': [], 'user_id': 'a1a1ed3fff684c6db1a71e2ac6501499', 'user_domain_id': 'default', 'system_scope': 'all', 'project_id': None, 'project_domain_id': None, 'roles': ['admin', 'manager', 'member', 'reader'], 'is_admin_project': True, 'service_user_id': None, 'service_user_domain_id': None, 'service_project_id': None, 'service_project_domain_id': None, 'service_roles': []} {{(pid=81739) fill_context /opt/stack/keystone/keystone/server/flask/request_processing/middleware/auth_context.py:509}}
Feb 05 18:50:16 ubuntu devstack@keystone.service[81739]: DEBUG keystone.server.flask.request_processing.req_logging [None req-005c4cde-4013-4adc-bd60-adc2c521a97e None admin] REQUEST_METHOD: `POST` {{(pid=81739) log_request_info /opt/stack/keystone/keystone/server/flask/request_processing/req_logging.py:26}}
Feb 05 18:50:16 ubuntu devstack@keystone.service[81739]: DEBUG keystone.server.flask.request_processing.req_logging [None req-005c4cde-4013-4adc-bd60-adc2c521a97e None admin] SCRIPT_NAME: `/identity` {{(pid=81739) log_request_info /opt/stack/keystone/keystone/server/flask/request_processing/req_logging.py:27}}
Feb 05 18:50:16 ubuntu devstack@keystone.service[81739]: DEBUG keystone.server.flask.request_processing.req_logging [None req-005c4cde-4013-4adc-bd60-adc2c521a97e None admin] PATH_INFO: `/v3/projects` {{(pid=81739) log_request_info /opt/stack/keystone/keystone/server/flask/request_processing/req_logging.py:28}}
Feb 05 18:50:16 ubuntu devstack@keystone.service[81739]: DEBUG keystone.common.rbac_enforcer.enforcer [None req-005c4cde-4013-4adc-bd60-adc2c521a97e None admin] RBAC: Authorizing `identity:create_project()` {{(pid=81739) enforce_call /opt/stack/keystone/keystone/common/rbac_enforcer/enforcer.py:494}}
Feb 05 18:50:16 ubuntu devstack@keystone.service[81739]: DEBUG keystone.common.rbac_enforcer.enforcer [None req-005c4cde-4013-4adc-bd60-adc2c521a97e None admin] RBAC: Authorization granted {{(pid=81739) enforce_call /opt/stack/keystone/keystone/common/rbac_enforcer/enforcer.py:505}}
Feb 05 18:50:16 ubuntu devstack@keystone.service[81738]: [pid: 81738|app: 0|req: 23/47] 10.201.5.82 () {60 vars in 1167 bytes} [Thu Feb  5 18:50:16 2026] POST /identity/v3/roles => generated 223 bytes in 82 msecs (HTTP/1.1 201) 5 headers in 182 bytes (2 switches on core 0)
Feb 05 18:50:16 ubuntu devstack@keystone.service[81739]: [pid: 81739|app: 0|req: 25/48] 10.201.5.82 () {60 vars in 1133 bytes} [Thu Feb  5 18:50:16 2026] POST /identity/v3/projects => generated 312 bytes in 73 msecs (HTTP/1.1 201) 5 headers in 182 bytes (2 switches on core 0)
Feb 05 18:50:17 ubuntu devstack@keystone.service[81738]: DEBUG keystone.server.flask.request_processing.req_logging [None req-23410a44-c538-485c-ac8d-6f15cf3065fd None None] REQUEST_METHOD: `GET` {{(pid=81738) log_request_info /opt/stack/keystone/keystone/server/flask/request_processing/req_logging.py:26}}
Feb 05 18:50:17 ubuntu devstack@keystone.service[81738]: DEBUG keystone.server.flask.request_processing.req_logging [None req-23410a44-c538-485c-ac8d-6f15cf3065fd None None] SCRIPT_NAME: `/identity` {{(pid=81738) log_request_info /opt/stack/keystone/keystone/server/flask/request_processing/req_logging.py:27}}
Feb 05 18:50:17 ubuntu devstack@keystone.service[81738]: DEBUG keystone.server.flask.request_processing.req_logging [None req-23410a44-c538-485c-ac8d-6f15cf3065fd None None] PATH_INFO: `/` {{(pid=81738) log_request_info /opt/stack/keystone/keystone/server/flask/request_processing/req_logging.py:28}}
Feb 05 18:50:17 ubuntu devstack@keystone.service[81738]: [pid: 81738|app: 0|req: 24/49] 10.201.5.82 () {54 vars in 919 bytes} [Thu Feb  5 18:50:17 2026] GET /identity => generated 270 bytes in 2 msecs (HTTP/1.1 300) 6 headers in 234 bytes (2 switches on core 0)
Feb 05 18:50:17 ubuntu devstack@keystone.service[81739]: DEBUG keystone.server.flask.request_processing.req_logging [None req-adf19fd2-e0d2-4b5e-bb82-11b12d2cdf1f None None] REQUEST_METHOD: `POST` {{(pid=81739) log_request_info /opt/stack/keystone/keystone/server/flask/request_processing/req_logging.py:26}}
Feb 05 18:50:17 ubuntu devstack@keystone.service[81739]: DEBUG keystone.server.flask.request_processing.req_logging [None req-adf19fd2-e0d2-4b5e-bb82-11b12d2cdf1f None None] SCRIPT_NAME: `/identity` {{(pid=81739) log_request_info /opt/stack/keystone/keystone/server/flask/request_processing/req_logging.py:27}}
Feb 05 18:50:17 ubuntu devstack@keystone.service[81739]: DEBUG keystone.server.flask.request_processing.req_logging [None req-adf19fd2-e0d2-4b5e-bb82-11b12d2cdf1f None None] PATH_INFO: `/v3/auth/tokens` {{(pid=81739) log_request_info /opt/stack/keystone/keystone/server/flask/request_processing/req_logging.py:28}}
Feb 05 18:50:17 ubuntu devstack@keystone.service[81739]: WARNING keystone.common.password_hashing [None req-adf19fd2-e0d2-4b5e-bb82-11b12d2cdf1f None None] Truncating password to algorithm specific maximum length 72 characters.
Feb 05 18:50:17 ubuntu devstack@keystone.service[81739]: DEBUG keystone.auth.core [None req-adf19fd2-e0d2-4b5e-bb82-11b12d2cdf1f None None] MFA Rules not processed for user `a1a1ed3fff684c6db1a71e2ac6501499`. Rule list: `[]` (Enabled: `True`). {{(pid=81739) check_auth_methods_against_rules /opt/stack/keystone/keystone/auth/core.py:476}}
Feb 05 18:50:17 ubuntu devstack@keystone.service[81739]: DEBUG keystone.common.fernet_utils [None req-adf19fd2-e0d2-4b5e-bb82-11b12d2cdf1f None None] Loaded 2 Fernet keys from /etc/keystone/fernet-keys/, but `[fernet_tokens] max_active_keys = 3`; perhaps there have not been enough key rotations to reach `max_active_keys` yet? {{(pid=81739) load_keys /opt/stack/keystone/keystone/common/fernet_utils.py:297}}
Feb 05 18:50:17 ubuntu devstack@keystone.service[81739]: [pid: 81739|app: 0|req: 26/50] 10.201.5.82 () {58 vars in 1016 bytes} [Thu Feb  5 18:50:17 2026] POST /identity/v3/auth/tokens => generated 862 bytes in 92 msecs (HTTP/1.1 201) 6 headers in 363 bytes (1 switches on core 0)
Feb 05 18:50:17 ubuntu devstack@keystone.service[81738]: DEBUG keystone.server.flask.request_processing.middleware.auth_context [None req-23410a44-c538-485c-ac8d-6f15cf3065fd None None] Authenticating user token {{(pid=81738) process_request /opt/stack/data/venv/lib/python3.10/site-packages/keystonemiddleware/auth_token/__init__.py:407}}
Feb 05 18:50:17 ubuntu devstack@keystone.service[81738]: DEBUG keystone.server.flask.request_processing.middleware.auth_context [None req-23410a44-c538-485c-ac8d-6f15cf3065fd None None] Validating token access rules against request {{(pid=81738) validate_allowed_request /opt/stack/data/venv/lib/python3.10/site-packages/keystonemiddleware/auth_token/__init__.py:545}}
Feb 05 18:50:17 ubuntu devstack@keystone.service[81738]: DEBUG keystone.server.flask.request_processing.middleware.auth_context [None req-b625fe3a-1a08-4b6c-bb63-2792fb103c10 None admin] RBAC: auth_context: {'token': <TokenModel (audit_id=gQUQP7ZBSqS4sbDqYg-x7g, audit_chain_id=['gQUQP7ZBSqS4sbDqYg-x7g']) at 0x7f32a4b0c640>, 'domain_id': None, 'trust_id': None, 'trustor_id': None, 'trustee_id': None, 'domain_name': None, 'group_ids': [], 'user_id': 'a1a1ed3fff684c6db1a71e2ac6501499', 'user_domain_id': 'default', 'system_scope': 'all', 'project_id': None, 'project_domain_id': None, 'roles': ['admin', 'manager', 'member', 'reader'], 'is_admin_project': True, 'service_user_id': None, 'service_user_domain_id': None, 'service_project_id': None, 'service_project_domain_id': None, 'service_roles': []} {{(pid=81738) fill_context /opt/stack/keystone/keystone/server/flask/request_processing/middleware/auth_context.py:509}}
Feb 05 18:50:17 ubuntu devstack@keystone.service[81738]: DEBUG keystone.server.flask.request_processing.req_logging [None req-b625fe3a-1a08-4b6c-bb63-2792fb103c10 None admin] REQUEST_METHOD: `GET` {{(pid=81738) log_request_info /opt/stack/keystone/keystone/server/flask/request_processing/req_logging.py:26}}
Feb 05 18:50:17 ubuntu devstack@keystone.service[81738]: DEBUG keystone.server.flask.request_processing.req_logging [None req-b625fe3a-1a08-4b6c-bb63-2792fb103c10 None admin] SCRIPT_NAME: `/identity` {{(pid=81738) log_request_info /opt/stack/keystone/keystone/server/flask/request_processing/req_logging.py:27}}
