Oct 16 14:39:38 ubuntu devstack@keystone.service[81420]: DEBUG keystone.server.flask.request_processing.req_logging [None req-247406ed-42ac-47a6-a88d-bdc2b207ba54 None None] PATH_INFO: `/` {{(pid=81420) log_request_info /opt/stack/keystone/keystone/server/flask/request_processing/req_logging.py:28}}
Oct 16 14:39:38 ubuntu devstack@keystone.service[81420]: [pid: 81420|app: 0|req: 13/24] 10.201.5.82 () {54 vars in 919 bytes} [Thu Oct 16 14:39:38 2025] GET /identity => generated 270 bytes in 2 msecs (HTTP/1.1 300) 6 headers in 234 bytes (1 switches on core 0)
Oct 16 14:39:38 ubuntu devstack@keystone.service[81419]: DEBUG keystone.server.flask.request_processing.req_logging [None req-505f7126-dbd1-43a5-bc42-cc514f8475ce None None] REQUEST_METHOD: `POST` {{(pid=81419) log_request_info /opt/stack/keystone/keystone/server/flask/request_processing/req_logging.py:26}}
Oct 16 14:39:38 ubuntu devstack@keystone.service[81419]: DEBUG keystone.server.flask.request_processing.req_logging [None req-505f7126-dbd1-43a5-bc42-cc514f8475ce None None] SCRIPT_NAME: `/identity` {{(pid=81419) log_request_info /opt/stack/keystone/keystone/server/flask/request_processing/req_logging.py:27}}
Oct 16 14:39:38 ubuntu devstack@keystone.service[81419]: DEBUG keystone.server.flask.request_processing.req_logging [None req-505f7126-dbd1-43a5-bc42-cc514f8475ce None None] PATH_INFO: `/v3/auth/tokens` {{(pid=81419) log_request_info /opt/stack/keystone/keystone/server/flask/request_processing/req_logging.py:28}}
Oct 16 14:39:38 ubuntu devstack@keystone.service[81419]: WARNING keystone.common.password_hashing [None req-505f7126-dbd1-43a5-bc42-cc514f8475ce None None] Truncating password to algorithm specific maximum length 72 characters.
Oct 16 14:39:38 ubuntu devstack@keystone.service[81419]: DEBUG keystone.auth.core [None req-505f7126-dbd1-43a5-bc42-cc514f8475ce None None] MFA Rules not processed for user `278a0a28ea1648d88f95156149747f85`. Rule list: `[]` (Enabled: `True`). {{(pid=81419) check_auth_methods_against_rules /opt/stack/keystone/keystone/auth/core.py:476}}
Oct 16 14:39:38 ubuntu devstack@keystone.service[81419]: DEBUG keystone.common.fernet_utils [None req-505f7126-dbd1-43a5-bc42-cc514f8475ce None None] Loaded 2 Fernet keys from /etc/keystone/fernet-keys/, but `[fernet_tokens] max_active_keys = 3`; perhaps there have not been enough key rotations to reach `max_active_keys` yet? {{(pid=81419) load_keys /opt/stack/keystone/keystone/common/fernet_utils.py:297}}
Oct 16 14:39:38 ubuntu devstack@keystone.service[81419]: [pid: 81419|app: 0|req: 12/25] 10.201.5.82 () {58 vars in 1016 bytes} [Thu Oct 16 14:39:38 2025] POST /identity/v3/auth/tokens => generated 862 bytes in 67 msecs (HTTP/1.1 201) 6 headers in 363 bytes (1 switches on core 0)
Oct 16 14:39:38 ubuntu devstack@keystone.service[81420]: DEBUG keystone.server.flask.request_processing.middleware.auth_context [None req-247406ed-42ac-47a6-a88d-bdc2b207ba54 None None] Authenticating user token {{(pid=81420) process_request /opt/stack/data/venv/lib/python3.10/site-packages/keystonemiddleware/auth_token/__init__.py:407}}
Oct 16 14:39:38 ubuntu devstack@keystone.service[81419]: DEBUG keystone.server.flask.request_processing.middleware.auth_context [None req-505f7126-dbd1-43a5-bc42-cc514f8475ce None None] Authenticating user token {{(pid=81419) process_request /opt/stack/data/venv/lib/python3.10/site-packages/keystonemiddleware/auth_token/__init__.py:407}}
Oct 16 14:39:38 ubuntu devstack@keystone.service[81420]: DEBUG keystone.server.flask.request_processing.middleware.auth_context [None req-247406ed-42ac-47a6-a88d-bdc2b207ba54 None None] Validating token access rules against request {{(pid=81420) validate_allowed_request /opt/stack/data/venv/lib/python3.10/site-packages/keystonemiddleware/auth_token/__init__.py:545}}
Oct 16 14:39:38 ubuntu devstack@keystone.service[81420]: DEBUG keystone.server.flask.request_processing.middleware.auth_context [None req-4fef07bd-5c32-4d4b-b39d-edf288b9a860 None admin] RBAC: auth_context: {'token': <TokenModel (audit_id=GD4R4B1IQgSifunVTi9Czw, audit_chain_id=['GD4R4B1IQgSifunVTi9Czw']) at 0x7f6164a40ee0>, 'domain_id': None, 'trust_id': None, 'trustor_id': None, 'trustee_id': None, 'domain_name': None, 'group_ids': [], 'user_id': '278a0a28ea1648d88f95156149747f85', 'user_domain_id': 'default', 'system_scope': 'all', 'project_id': None, 'project_domain_id': None, 'roles': ['admin', 'manager', 'member', 'reader'], 'is_admin_project': True, 'service_user_id': None, 'service_user_domain_id': None, 'service_project_id': None, 'service_project_domain_id': None, 'service_roles': []} {{(pid=81420) fill_context /opt/stack/keystone/keystone/server/flask/request_processing/middleware/auth_context.py:509}}
Oct 16 14:39:38 ubuntu devstack@keystone.service[81420]: DEBUG keystone.server.flask.request_processing.req_logging [None req-4fef07bd-5c32-4d4b-b39d-edf288b9a860 None admin] REQUEST_METHOD: `GET` {{(pid=81420) log_request_info /opt/stack/keystone/keystone/server/flask/request_processing/req_logging.py:26}}
Oct 16 14:39:38 ubuntu devstack@keystone.service[81420]: DEBUG keystone.server.flask.request_processing.req_logging [None req-4fef07bd-5c32-4d4b-b39d-edf288b9a860 None admin] SCRIPT_NAME: `/identity` {{(pid=81420) log_request_info /opt/stack/keystone/keystone/server/flask/request_processing/req_logging.py:27}}
Oct 16 14:39:38 ubuntu devstack@keystone.service[81420]: DEBUG keystone.server.flask.request_processing.req_logging [None req-4fef07bd-5c32-4d4b-b39d-edf288b9a860 None admin] PATH_INFO: `/v3/roles/admin` {{(pid=81420) log_request_info /opt/stack/keystone/keystone/server/flask/request_processing/req_logging.py:28}}
Oct 16 14:39:38 ubuntu devstack@keystone.service[81420]: DEBUG keystone.common.rbac_enforcer.enforcer [None req-4fef07bd-5c32-4d4b-b39d-edf288b9a860 None admin] Extracting inferred target data resulted in "NOT FOUND (404)". {{(pid=81420) enforce_call /opt/stack/keystone/keystone/common/rbac_enforcer/enforcer.py:445}}
Oct 16 14:39:38 ubuntu devstack@keystone.service[81420]: DEBUG keystone.server.flask.application [None req-4fef07bd-5c32-4d4b-b39d-edf288b9a860 None admin] Could not find role: admin. {{(pid=81420) _handle_keystone_exception /opt/stack/keystone/keystone/server/flask/application.py:146}}
Oct 16 14:39:38 ubuntu devstack@keystone.service[81420]: [pid: 81420|app: 0|req: 14/26] 10.201.5.82 () {56 vars in 1132 bytes} [Thu Oct 16 14:39:38 2025] GET /identity/v3/roles/admin => generated 83 bytes in 117 msecs (HTTP/1.1 404) 5 headers in 183 bytes (1 switches on core 0)
Oct 16 14:39:38 ubuntu devstack@keystone.service[81420]: DEBUG keystone.server.flask.request_processing.middleware.auth_context [None req-4fef07bd-5c32-4d4b-b39d-edf288b9a860 None admin] Authenticating user token {{(pid=81420) process_request /opt/stack/data/venv/lib/python3.10/site-packages/keystonemiddleware/auth_token/__init__.py:407}}
Oct 16 14:39:38 ubuntu devstack@keystone.service[81419]: DEBUG keystone.server.flask.request_processing.middleware.auth_context [None req-505f7126-dbd1-43a5-bc42-cc514f8475ce None None] Validating token access rules against request {{(pid=81419) validate_allowed_request /opt/stack/data/venv/lib/python3.10/site-packages/keystonemiddleware/auth_token/__init__.py:545}}
Oct 16 14:39:38 ubuntu devstack@keystone.service[81419]: DEBUG keystone.server.flask.request_processing.middleware.auth_context [None req-d2d838f6-d140-42c2-abc5-30dd3ef345a2 None admin] RBAC: auth_context: {'token': <TokenModel (audit_id=07cjqgyYSeGhkVJXXlYySA, audit_chain_id=['07cjqgyYSeGhkVJXXlYySA']) at 0x7f61648a6e90>, 'domain_id': None, 'trust_id': None, 'trustor_id': None, 'trustee_id': None, 'domain_name': None, 'group_ids': [], 'user_id': '278a0a28ea1648d88f95156149747f85', 'user_domain_id': 'default', 'system_scope': 'all', 'project_id': None, 'project_domain_id': None, 'roles': ['admin', 'manager', 'member', 'reader'], 'is_admin_project': True, 'service_user_id': None, 'service_user_domain_id': None, 'service_project_id': None, 'service_project_domain_id': None, 'service_roles': []} {{(pid=81419) fill_context /opt/stack/keystone/keystone/server/flask/request_processing/middleware/auth_context.py:509}}
Oct 16 14:39:38 ubuntu devstack@keystone.service[81419]: DEBUG keystone.server.flask.request_processing.req_logging [None req-d2d838f6-d140-42c2-abc5-30dd3ef345a2 None admin] REQUEST_METHOD: `GET` {{(pid=81419) log_request_info /opt/stack/keystone/keystone/server/flask/request_processing/req_logging.py:26}}
Oct 16 14:39:38 ubuntu devstack@keystone.service[81419]: DEBUG keystone.server.flask.request_processing.req_logging [None req-d2d838f6-d140-42c2-abc5-30dd3ef345a2 None admin] SCRIPT_NAME: `/identity` {{(pid=81419) log_request_info /opt/stack/keystone/keystone/server/flask/request_processing/req_logging.py:27}}
Oct 16 14:39:38 ubuntu devstack@keystone.service[81419]: DEBUG keystone.server.flask.request_processing.req_logging [None req-d2d838f6-d140-42c2-abc5-30dd3ef345a2 None admin] PATH_INFO: `/v3/domains/Default` {{(pid=81419) log_request_info /opt/stack/keystone/keystone/server/flask/request_processing/req_logging.py:28}}
Oct 16 14:39:38 ubuntu devstack@keystone.service[81419]: DEBUG keystone.common.rbac_enforcer.enforcer [None req-d2d838f6-d140-42c2-abc5-30dd3ef345a2 None admin] RBAC: Authorizing `identity:get_domain(domain_id=Default)` {{(pid=81419) enforce_call /opt/stack/keystone/keystone/common/rbac_enforcer/enforcer.py:494}}
Oct 16 14:39:38 ubuntu devstack@keystone.service[81419]: DEBUG keystone.common.rbac_enforcer.enforcer [None req-d2d838f6-d140-42c2-abc5-30dd3ef345a2 None admin] RBAC: Authorization granted {{(pid=81419) enforce_call /opt/stack/keystone/keystone/common/rbac_enforcer/enforcer.py:505}}
Oct 16 14:39:38 ubuntu devstack@keystone.service[81420]: DEBUG keystone.server.flask.request_processing.middleware.auth_context [None req-4fef07bd-5c32-4d4b-b39d-edf288b9a860 None admin] Validating token access rules against request {{(pid=81420) validate_allowed_request /opt/stack/data/venv/lib/python3.10/site-packages/keystonemiddleware/auth_token/__init__.py:545}}
Oct 16 14:39:38 ubuntu devstack@keystone.service[81419]: DEBUG keystone.server.flask.application [None req-d2d838f6-d140-42c2-abc5-30dd3ef345a2 None admin] Could not find domain: Default. {{(pid=81419) _handle_keystone_exception /opt/stack/keystone/keystone/server/flask/application.py:146}}
Oct 16 14:39:38 ubuntu devstack@keystone.service[81419]: [pid: 81419|app: 0|req: 13/27] 10.201.5.82 () {56 vars in 1100 bytes} [Thu Oct 16 14:39:38 2025] GET /identity/v3/domains/Default => generated 87 bytes in 197 msecs (HTTP/1.1 404) 5 headers in 183 bytes (1 switches on core 0)
Oct 16 14:39:38 ubuntu devstack@keystone.service[81419]: DEBUG keystone.server.flask.request_processing.middleware.auth_context [None req-d2d838f6-d140-42c2-abc5-30dd3ef345a2 None admin] Authenticating user token {{(pid=81419) process_request /opt/stack/data/venv/lib/python3.10/site-packages/keystonemiddleware/auth_token/__init__.py:407}}
Oct 16 14:39:38 ubuntu devstack@keystone.service[81420]: DEBUG keystone.server.flask.request_processing.middleware.auth_context [None req-b69e9112-6ac3-416f-9add-10a2f5553de3 None admin] RBAC: auth_context: {'token': <TokenModel (audit_id=GD4R4B1IQgSifunVTi9Czw, audit_chain_id=['GD4R4B1IQgSifunVTi9Czw']) at 0x7f6164c7abc0>, 'domain_id': None, 'trust_id': None, 'trustor_id': None, 'trustee_id': None, 'domain_name': None, 'group_ids': [], 'user_id': '278a0a28ea1648d88f95156149747f85', 'user_domain_id': 'default', 'system_scope': 'all', 'project_id': None, 'project_domain_id': None, 'roles': ['admin', 'manager', 'member', 'reader'], 'is_admin_project': True, 'service_user_id': None, 'service_user_domain_id': None, 'service_project_id': None, 'service_project_domain_id': None, 'service_roles': []} {{(pid=81420) fill_context /opt/stack/keystone/keystone/server/flask/request_processing/middleware/auth_context.py:509}}
Oct 16 14:39:38 ubuntu devstack@keystone.service[81420]: DEBUG keystone.server.flask.request_processing.req_logging [None req-b69e9112-6ac3-416f-9add-10a2f5553de3 None admin] REQUEST_METHOD: `GET` {{(pid=81420) log_request_info /opt/stack/keystone/keystone/server/flask/request_processing/req_logging.py:26}}
Oct 16 14:39:38 ubuntu devstack@keystone.service[81420]: DEBUG keystone.server.flask.request_processing.req_logging [None req-b69e9112-6ac3-416f-9add-10a2f5553de3 None admin] SCRIPT_NAME: `/identity` {{(pid=81420) log_request_info /opt/stack/keystone/keystone/server/flask/request_processing/req_logging.py:27}}
Oct 16 14:39:38 ubuntu devstack@keystone.service[81420]: DEBUG keystone.server.flask.request_processing.req_logging [None req-b69e9112-6ac3-416f-9add-10a2f5553de3 None admin] PATH_INFO: `/v3/roles` {{(pid=81420) log_request_info /opt/stack/keystone/keystone/server/flask/request_processing/req_logging.py:28}}
Oct 16 14:39:38 ubuntu devstack@keystone.service[81419]: DEBUG keystone.server.flask.request_processing.middleware.auth_context [None req-d2d838f6-d140-42c2-abc5-30dd3ef345a2 None admin] Validating token access rules against request {{(pid=81419) validate_allowed_request /opt/stack/data/venv/lib/python3.10/site-packages/keystonemiddleware/auth_token/__init__.py:545}}
Oct 16 14:39:38 ubuntu devstack@keystone.service[81420]: DEBUG keystone.common.rbac_enforcer.enforcer [None req-b69e9112-6ac3-416f-9add-10a2f5553de3 None admin] RBAC: Adding query filter params (name=admin) {{(pid=81420) _extract_filter_values /opt/stack/keystone/keystone/common/rbac_enforcer/enforcer.py:176}}
Oct 16 14:39:38 ubuntu devstack@keystone.service[81420]: DEBUG keystone.common.rbac_enforcer.enforcer [None req-b69e9112-6ac3-416f-9add-10a2f5553de3 None admin] RBAC: Authorizing `identity:list_roles()` {{(pid=81420) enforce_call /opt/stack/keystone/keystone/common/rbac_enforcer/enforcer.py:494}}
Oct 16 14:39:38 ubuntu devstack@keystone.service[81420]: DEBUG keystone.common.rbac_enforcer.enforcer [None req-b69e9112-6ac3-416f-9add-10a2f5553de3 None admin] RBAC: Authorization granted {{(pid=81420) enforce_call /opt/stack/keystone/keystone/common/rbac_enforcer/enforcer.py:505}}
Oct 16 14:39:38 ubuntu devstack@keystone.service[81420]: [pid: 81420|app: 0|req: 15/28] 10.201.5.82 () {56 vars in 1148 bytes} [Thu Oct 16 14:39:38 2025] GET /identity/v3/roles?name=admin => generated 339 bytes in 124 msecs (HTTP/1.1 200) 5 headers in 177 bytes (1 switches on core 0)
Oct 16 14:39:38 ubuntu devstack@keystone.service[81420]: DEBUG keystone.server.flask.request_processing.middleware.auth_context [None req-b69e9112-6ac3-416f-9add-10a2f5553de3 None admin] Authenticating user token {{(pid=81420) process_request /opt/stack/data/venv/lib/python3.10/site-packages/keystonemiddleware/auth_token/__init__.py:407}}
Oct 16 14:39:38 ubuntu devstack@keystone.service[81419]: DEBUG keystone.server.flask.request_processing.middleware.auth_context [None req-746c9ec3-19ee-486c-a1fa-c42bb68bb264 None admin] RBAC: auth_context: {'token': <TokenModel (audit_id=07cjqgyYSeGhkVJXXlYySA, audit_chain_id=['07cjqgyYSeGhkVJXXlYySA']) at 0x7f6164b5e350>, 'domain_id': None, 'trust_id': None, 'trustor_id': None, 'trustee_id': None, 'domain_name': None, 'group_ids': [], 'user_id': '278a0a28ea1648d88f95156149747f85', 'user_domain_id': 'default', 'system_scope': 'all', 'project_id': None, 'project_domain_id': None, 'roles': ['admin', 'manager', 'member', 'reader'], 'is_admin_project': True, 'service_user_id': None, 'service_user_domain_id': None, 'service_project_id': None, 'service_project_domain_id': None, 'service_roles': []} {{(pid=81419) fill_context /opt/stack/keystone/keystone/server/flask/request_processing/middleware/auth_context.py:509}}
Oct 16 14:39:38 ubuntu devstack@keystone.service[81419]: DEBUG keystone.server.flask.request_processing.req_logging [None req-746c9ec3-19ee-486c-a1fa-c42bb68bb264 None admin] REQUEST_METHOD: `GET` {{(pid=81419) log_request_info /opt/stack/keystone/keystone/server/flask/request_processing/req_logging.py:26}}
Oct 16 14:39:38 ubuntu devstack@keystone.service[81419]: DEBUG keystone.server.flask.request_processing.req_logging [None req-746c9ec3-19ee-486c-a1fa-c42bb68bb264 None admin] SCRIPT_NAME: `/identity` {{(pid=81419) log_request_info /opt/stack/keystone/keystone/server/flask/request_processing/req_logging.py:27}}
Oct 16 14:39:38 ubuntu devstack@keystone.service[81419]: DEBUG keystone.server.flask.request_processing.req_logging [None req-746c9ec3-19ee-486c-a1fa-c42bb68bb264 None admin] PATH_INFO: `/v3/domains` {{(pid=81419) log_request_info /opt/stack/keystone/keystone/server/flask/request_processing/req_logging.py:28}}
Oct 16 14:39:38 ubuntu devstack@keystone.service[81419]: DEBUG keystone.common.rbac_enforcer.enforcer [None req-746c9ec3-19ee-486c-a1fa-c42bb68bb264 None admin] RBAC: Adding query filter params (name=Default) {{(pid=81419) _extract_filter_values /opt/stack/keystone/keystone/common/rbac_enforcer/enforcer.py:176}}
Oct 16 14:39:38 ubuntu devstack@keystone.service[81419]: DEBUG keystone.common.rbac_enforcer.enforcer [None req-746c9ec3-19ee-486c-a1fa-c42bb68bb264 None admin] RBAC: Authorizing `identity:list_domains()` {{(pid=81419) enforce_call /opt/stack/keystone/keystone/common/rbac_enforcer/enforcer.py:494}}
Oct 16 14:39:38 ubuntu devstack@keystone.service[81419]: DEBUG keystone.common.rbac_enforcer.enforcer [None req-746c9ec3-19ee-486c-a1fa-c42bb68bb264 None admin] RBAC: Authorization granted {{(pid=81419) enforce_call /opt/stack/keystone/keystone/common/rbac_enforcer/enforcer.py:505}}
Oct 16 14:39:38 ubuntu devstack@keystone.service[81419]: [pid: 81419|app: 0|req: 14/29] 10.201.5.82 () {56 vars in 1101 bytes} [Thu Oct 16 14:39:38 2025] GET /identity/v3/domains?name=Default => generated 308 bytes in 65 msecs (HTTP/1.1 200) 5 headers in 177 bytes (2 switches on core 0)
Oct 16 14:39:38 ubuntu devstack@keystone.service[81419]: DEBUG keystone.server.flask.request_processing.middleware.auth_context [None req-746c9ec3-19ee-486c-a1fa-c42bb68bb264 None admin] Authenticating user token {{(pid=81419) process_request /opt/stack/data/venv/lib/python3.10/site-packages/keystonemiddleware/auth_token/__init__.py:407}}
Oct 16 14:39:38 ubuntu devstack@keystone.service[81420]: DEBUG keystone.server.flask.request_processing.middleware.auth_context [None req-b69e9112-6ac3-416f-9add-10a2f5553de3 None admin] Validating token access rules against request {{(pid=81420) validate_allowed_request /opt/stack/data/venv/lib/python3.10/site-packages/keystonemiddleware/auth_token/__init__.py:545}}
Oct 16 14:39:38 ubuntu devstack@keystone.service[81419]: DEBUG keystone.server.flask.request_processing.middleware.auth_context [None req-746c9ec3-19ee-486c-a1fa-c42bb68bb264 None admin] Validating token access rules against request {{(pid=81419) validate_allowed_request /opt/stack/data/venv/lib/python3.10/site-packages/keystonemiddleware/auth_token/__init__.py:545}}
Oct 16 14:39:38 ubuntu devstack@keystone.service[81419]: DEBUG keystone.server.flask.request_processing.middleware.auth_context [None req-c3df7eea-e795-4373-83fc-8c76f8c731a7 None admin] RBAC: auth_context: {'token': <TokenModel (audit_id=07cjqgyYSeGhkVJXXlYySA, audit_chain_id=['07cjqgyYSeGhkVJXXlYySA']) at 0x7f61648ca830>, 'domain_id': None, 'trust_id': None, 'trustor_id': None, 'trustee_id': None, 'domain_name': None, 'group_ids': [], 'user_id': '278a0a28ea1648d88f95156149747f85', 'user_domain_id': 'default', 'system_scope': 'all', 'project_id': None, 'project_domain_id': None, 'roles': ['admin', 'manager', 'member', 'reader'], 'is_admin_project': True, 'service_user_id': None, 'service_user_domain_id': None, 'service_project_id': None, 'service_project_domain_id': None, 'service_roles': []} {{(pid=81419) fill_context /opt/stack/keystone/keystone/server/flask/request_processing/middleware/auth_context.py:509}}
Oct 16 14:39:38 ubuntu devstack@keystone.service[81420]: DEBUG keystone.server.flask.request_processing.middleware.auth_context [None req-6b55be9b-b75e-4a06-beba-3ff99fa5177e None admin] RBAC: auth_context: {'token': <TokenModel (audit_id=GD4R4B1IQgSifunVTi9Czw, audit_chain_id=['GD4R4B1IQgSifunVTi9Czw']) at 0x7f6164cfce20>, 'domain_id': None, 'trust_id': None, 'trustor_id': None, 'trustee_id': None, 'domain_name': None, 'group_ids': [], 'user_id': '278a0a28ea1648d88f95156149747f85', 'user_domain_id': 'default', 'system_scope': 'all', 'project_id': None, 'project_domain_id': None, 'roles': ['admin', 'manager', 'member', 'reader'], 'is_admin_project': True, 'service_user_id': None, 'service_user_domain_id': None, 'service_project_id': None, 'service_project_domain_id': None, 'service_roles': []} {{(pid=81420) fill_context /opt/stack/keystone/keystone/server/flask/request_processing/middleware/auth_context.py:509}}
Oct 16 14:39:38 ubuntu devstack@keystone.service[81419]: DEBUG keystone.server.flask.request_processing.req_logging [None req-c3df7eea-e795-4373-83fc-8c76f8c731a7 None admin] REQUEST_METHOD: `POST` {{(pid=81419) log_request_info /opt/stack/keystone/keystone/server/flask/request_processing/req_logging.py:26}}
Oct 16 14:39:38 ubuntu devstack@keystone.service[81419]: DEBUG keystone.server.flask.request_processing.req_logging [None req-c3df7eea-e795-4373-83fc-8c76f8c731a7 None admin] SCRIPT_NAME: `/identity` {{(pid=81419) log_request_info /opt/stack/keystone/keystone/server/flask/request_processing/req_logging.py:27}}
Oct 16 14:39:38 ubuntu devstack@keystone.service[81419]: DEBUG keystone.server.flask.request_processing.req_logging [None req-c3df7eea-e795-4373-83fc-8c76f8c731a7 None admin] PATH_INFO: `/v3/projects` {{(pid=81419) log_request_info /opt/stack/keystone/keystone/server/flask/request_processing/req_logging.py:28}}
Oct 16 14:39:38 ubuntu devstack@keystone.service[81420]: DEBUG keystone.server.flask.request_processing.req_logging [None req-6b55be9b-b75e-4a06-beba-3ff99fa5177e None admin] REQUEST_METHOD: `GET` {{(pid=81420) log_request_info /opt/stack/keystone/keystone/server/flask/request_processing/req_logging.py:26}}
Oct 16 14:39:38 ubuntu devstack@keystone.service[81420]: DEBUG keystone.server.flask.request_processing.req_logging [None req-6b55be9b-b75e-4a06-beba-3ff99fa5177e None admin] SCRIPT_NAME: `/identity` {{(pid=81420) log_request_info /opt/stack/keystone/keystone/server/flask/request_processing/req_logging.py:27}}
Oct 16 14:39:38 ubuntu devstack@keystone.service[81420]: DEBUG keystone.server.flask.request_processing.req_logging [None req-6b55be9b-b75e-4a06-beba-3ff99fa5177e None admin] PATH_INFO: `/v3/users/278a0a28ea1648d88f95156149747f85` {{(pid=81420) log_request_info /opt/stack/keystone/keystone/server/flask/request_processing/req_logging.py:28}}
Oct 16 14:39:38 ubuntu devstack@keystone.service[81419]: DEBUG keystone.common.rbac_enforcer.enforcer [None req-c3df7eea-e795-4373-83fc-8c76f8c731a7 None admin] RBAC: Authorizing `identity:create_project()` {{(pid=81419) enforce_call /opt/stack/keystone/keystone/common/rbac_enforcer/enforcer.py:494}}
Oct 16 14:39:38 ubuntu devstack@keystone.service[81420]: DEBUG keystone.common.rbac_enforcer.enforcer [None req-6b55be9b-b75e-4a06-beba-3ff99fa5177e None admin] RBAC: Authorizing `identity:get_user(user_id=278a0a28ea1648d88f95156149747f85)` {{(pid=81420) enforce_call /opt/stack/keystone/keystone/common/rbac_enforcer/enforcer.py:494}}
Oct 16 14:39:38 ubuntu devstack@keystone.service[81419]: DEBUG keystone.common.rbac_enforcer.enforcer [None req-c3df7eea-e795-4373-83fc-8c76f8c731a7 None admin] RBAC: Authorization granted {{(pid=81419) enforce_call /opt/stack/keystone/keystone/common/rbac_enforcer/enforcer.py:505}}
Oct 16 14:39:38 ubuntu devstack@keystone.service[81420]: DEBUG keystone.common.rbac_enforcer.enforcer [None req-6b55be9b-b75e-4a06-beba-3ff99fa5177e None admin] RBAC: Authorization granted {{(pid=81420) enforce_call /opt/stack/keystone/keystone/common/rbac_enforcer/enforcer.py:505}}
Oct 16 14:39:38 ubuntu devstack@keystone.service[81420]: [pid: 81420|app: 0|req: 16/30] 10.201.5.82 () {56 vars in 1213 bytes} [Thu Oct 16 14:39:38 2025] GET /identity/v3/users/278a0a28ea1648d88f95156149747f85 => generated 247 bytes in 74 msecs (HTTP/1.1 200) 5 headers in 177 bytes (1 switches on core 0)
Oct 16 14:39:38 ubuntu devstack@keystone.service[81420]: DEBUG keystone.server.flask.request_processing.req_logging [None req-a8dbcbd2-e5ad-4db7-b007-1a617d2b852d None None] REQUEST_METHOD: `GET` {{(pid=81420) log_request_info /opt/stack/keystone/keystone/server/flask/request_processing/req_logging.py:26}}
Oct 16 14:39:38 ubuntu devstack@keystone.service[81420]: DEBUG keystone.server.flask.request_processing.req_logging [None req-a8dbcbd2-e5ad-4db7-b007-1a617d2b852d None None] SCRIPT_NAME: `/identity` {{(pid=81420) log_request_info /opt/stack/keystone/keystone/server/flask/request_processing/req_logging.py:27}}
Oct 16 14:39:38 ubuntu devstack@keystone.service[81420]: DEBUG keystone.server.flask.request_processing.req_logging [None req-a8dbcbd2-e5ad-4db7-b007-1a617d2b852d None None] PATH_INFO: `/` {{(pid=81420) log_request_info /opt/stack/keystone/keystone/server/flask/request_processing/req_logging.py:28}}
Oct 16 14:39:38 ubuntu devstack@keystone.service[81420]: [pid: 81420|app: 0|req: 17/31] 10.201.5.82 () {54 vars in 919 bytes} [Thu Oct 16 14:39:38 2025] GET /identity => generated 270 bytes in 1 msecs (HTTP/1.1 300) 6 headers in 234 bytes (1 switches on core 0)
Oct 16 14:39:38 ubuntu devstack@keystone.service[81420]: DEBUG keystone.server.flask.request_processing.req_logging [None req-46de3bda-821a-491b-bdd1-fbec6cc5f17a None None] REQUEST_METHOD: `POST` {{(pid=81420) log_request_info /opt/stack/keystone/keystone/server/flask/request_processing/req_logging.py:26}}
Oct 16 14:39:38 ubuntu devstack@keystone.service[81420]: DEBUG keystone.server.flask.request_processing.req_logging [None req-46de3bda-821a-491b-bdd1-fbec6cc5f17a None None] SCRIPT_NAME: `/identity` {{(pid=81420) log_request_info /opt/stack/keystone/keystone/server/flask/request_processing/req_logging.py:27}}
Oct 16 14:39:38 ubuntu devstack@keystone.service[81420]: DEBUG keystone.server.flask.request_processing.req_logging [None req-46de3bda-821a-491b-bdd1-fbec6cc5f17a None None] PATH_INFO: `/v3/auth/tokens` {{(pid=81420) log_request_info /opt/stack/keystone/keystone/server/flask/request_processing/req_logging.py:28}}
Oct 16 14:39:38 ubuntu devstack@keystone.service[81420]: WARNING keystone.common.password_hashing [None req-46de3bda-821a-491b-bdd1-fbec6cc5f17a None None] Truncating password to algorithm specific maximum length 72 characters.
Oct 16 14:39:38 ubuntu devstack@keystone.service[81419]: [pid: 81419|app: 0|req: 15/32] 10.201.5.82 () {60 vars in 1133 bytes} [Thu Oct 16 14:39:38 2025] POST /identity/v3/projects => generated 301 bytes in 75 msecs (HTTP/1.1 201) 5 headers in 182 bytes (1 switches on core 0)
Oct 16 14:39:38 ubuntu devstack@keystone.service[81420]: DEBUG keystone.auth.core [None req-46de3bda-821a-491b-bdd1-fbec6cc5f17a None None] MFA Rules not processed for user `278a0a28ea1648d88f95156149747f85`. Rule list: `[]` (Enabled: `True`). {{(pid=81420) check_auth_methods_against_rules /opt/stack/keystone/keystone/auth/core.py:476}}
Oct 16 14:39:38 ubuntu devstack@keystone.service[81419]: DEBUG keystone.server.flask.request_processing.middleware.auth_context [None req-c3df7eea-e795-4373-83fc-8c76f8c731a7 None admin] Authenticating user token {{(pid=81419) process_request /opt/stack/data/venv/lib/python3.10/site-packages/keystonemiddleware/auth_token/__init__.py:407}}
Oct 16 14:39:38 ubuntu devstack@keystone.service[81420]: DEBUG keystone.common.fernet_utils [None req-46de3bda-821a-491b-bdd1-fbec6cc5f17a None None] Loaded 2 Fernet keys from /etc/keystone/fernet-keys/, but `[fernet_tokens] max_active_keys = 3`; perhaps there have not been enough key rotations to reach `max_active_keys` yet? {{(pid=81420) load_keys /opt/stack/keystone/keystone/common/fernet_utils.py:297}}
Oct 16 14:39:38 ubuntu devstack@keystone.service[81419]: DEBUG keystone.server.flask.request_processing.middleware.auth_context [None req-c3df7eea-e795-4373-83fc-8c76f8c731a7 None admin] Validating token access rules against request {{(pid=81419) validate_allowed_request /opt/stack/data/venv/lib/python3.10/site-packages/keystonemiddleware/auth_token/__init__.py:545}}
Oct 16 14:39:38 ubuntu devstack@keystone.service[81420]: [pid: 81420|app: 0|req: 18/33] 10.201.5.82 () {58 vars in 1016 bytes} [Thu Oct 16 14:39:38 2025] POST /identity/v3/auth/tokens => generated 862 bytes in 56 msecs (HTTP/1.1 201) 6 headers in 363 bytes (1 switches on core 0)
Oct 16 14:39:38 ubuntu devstack@keystone.service[81419]: DEBUG keystone.server.flask.request_processing.middleware.auth_context [None req-a00e914e-3cae-4174-a254-9f37014d88ad None admin] RBAC: auth_context: {'token': <TokenModel (audit_id=GD4R4B1IQgSifunVTi9Czw, audit_chain_id=['GD4R4B1IQgSifunVTi9Czw']) at 0x7f6164c833d0>, 'domain_id': None, 'trust_id': None, 'trustor_id': None, 'trustee_id': None, 'domain_name': None, 'group_ids': [], 'user_id': '278a0a28ea1648d88f95156149747f85', 'user_domain_id': 'default', 'system_scope': 'all', 'project_id': None, 'project_domain_id': None, 'roles': ['admin', 'manager', 'member', 'reader'], 'is_admin_project': True, 'service_user_id': None, 'service_user_domain_id': None, 'service_project_id': None, 'service_project_domain_id': None, 'service_roles': []} {{(pid=81419) fill_context /opt/stack/keystone/keystone/server/flask/request_processing/middleware/auth_context.py:509}}
Oct 16 14:39:38 ubuntu devstack@keystone.service[81419]: DEBUG keystone.server.flask.request_processing.req_logging [None req-a00e914e-3cae-4174-a254-9f37014d88ad None admin] REQUEST_METHOD: `GET` {{(pid=81419) log_request_info /opt/stack/keystone/keystone/server/flask/request_processing/req_logging.py:26}}
Oct 16 14:39:38 ubuntu devstack@keystone.service[81419]: DEBUG keystone.server.flask.request_processing.req_logging [None req-a00e914e-3cae-4174-a254-9f37014d88ad None admin] SCRIPT_NAME: `/identity` {{(pid=81419) log_request_info /opt/stack/keystone/keystone/server/flask/request_processing/req_logging.py:27}}
Oct 16 14:39:38 ubuntu devstack@keystone.service[81419]: DEBUG keystone.server.flask.request_processing.req_logging [None req-a00e914e-3cae-4174-a254-9f37014d88ad None admin] PATH_INFO: `/v3/domains/default` {{(pid=81419) log_request_info /opt/stack/keystone/keystone/server/flask/request_processing/req_logging.py:28}}
Oct 16 14:39:38 ubuntu devstack@keystone.service[81419]: DEBUG keystone.common.rbac_enforcer.enforcer [None req-a00e914e-3cae-4174-a254-9f37014d88ad None admin] RBAC: Authorizing `identity:get_domain(domain_id=default)` {{(pid=81419) enforce_call /opt/stack/keystone/keystone/common/rbac_enforcer/enforcer.py:494}}
Oct 16 14:39:38 ubuntu devstack@keystone.service[81419]: DEBUG keystone.common.rbac_enforcer.enforcer [None req-a00e914e-3cae-4174-a254-9f37014d88ad None admin] RBAC: Authorization granted {{(pid=81419) enforce_call /opt/stack/keystone/keystone/common/rbac_enforcer/enforcer.py:505}}
Oct 16 14:39:38 ubuntu devstack@keystone.service[81419]: [pid: 81419|app: 0|req: 16/34] 10.201.5.82 () {56 vars in 1144 bytes} [Thu Oct 16 14:39:38 2025] GET /identity/v3/domains/default => generated 199 bytes in 59 msecs (HTTP/1.1 200) 5 headers in 177 bytes (1 switches on core 0)
Oct 16 14:39:38 ubuntu devstack@keystone.service[81420]: DEBUG keystone.server.flask.request_processing.middleware.auth_context [None req-46de3bda-821a-491b-bdd1-fbec6cc5f17a None None] Authenticating user token {{(pid=81420) process_request /opt/stack/data/venv/lib/python3.10/site-packages/keystonemiddleware/auth_token/__init__.py:407}}
Oct 16 14:39:38 ubuntu devstack@keystone.service[81420]: DEBUG keystone.server.flask.request_processing.middleware.auth_context [None req-46de3bda-821a-491b-bdd1-fbec6cc5f17a None None] Validating token access rules against request {{(pid=81420) validate_allowed_request /opt/stack/data/venv/lib/python3.10/site-packages/keystonemiddleware/auth_token/__init__.py:545}}
Oct 16 14:39:38 ubuntu devstack@keystone.service[81420]: DEBUG keystone.server.flask.request_processing.middleware.auth_context [None req-9042c358-5c49-4e26-9db0-4ca1143767bd None admin] RBAC: auth_context: {'token': <TokenModel (audit_id=GD4R4B1IQgSifunVTi9Czw, audit_chain_id=['GD4R4B1IQgSifunVTi9Czw']) at 0x7f6164cfcca0>, 'domain_id': None, 'trust_id': None, 'trustor_id': None, 'trustee_id': None, 'domain_name': None, 'group_ids': [], 'user_id': '278a0a28ea1648d88f95156149747f85', 'user_domain_id': 'default', 'system_scope': 'all', 'project_id': None, 'project_domain_id': None, 'roles': ['admin', 'manager', 'member', 'reader'], 'is_admin_project': True, 'service_user_id': None, 'service_user_domain_id': None, 'service_project_id': None, 'service_project_domain_id': None, 'service_roles': []} {{(pid=81420) fill_context /opt/stack/keystone/keystone/server/flask/request_processing/middleware/auth_context.py:509}}
Oct 16 14:39:38 ubuntu devstack@keystone.service[81420]: DEBUG keystone.server.flask.request_processing.req_logging [None req-9042c358-5c49-4e26-9db0-4ca1143767bd None admin] REQUEST_METHOD: `GET` {{(pid=81420) log_request_info /opt/stack/keystone/keystone/server/flask/request_processing/req_logging.py:26}}
Oct 16 14:39:38 ubuntu devstack@keystone.service[81420]: DEBUG keystone.server.flask.request_processing.req_logging [None req-9042c358-5c49-4e26-9db0-4ca1143767bd None admin] SCRIPT_NAME: `/identity` {{(pid=81420) log_request_info /opt/stack/keystone/keystone/server/flask/request_processing/req_logging.py:27}}
Oct 16 14:39:38 ubuntu devstack@keystone.service[81420]: DEBUG keystone.server.flask.request_processing.req_logging [None req-9042c358-5c49-4e26-9db0-4ca1143767bd None admin] PATH_INFO: `/v3/role_assignments` {{(pid=81420) log_request_info /opt/stack/keystone/keystone/server/flask/request_processing/req_logging.py:28}}
Oct 16 14:39:38 ubuntu devstack@keystone.service[81420]: DEBUG keystone.common.rbac_enforcer.enforcer [None req-9042c358-5c49-4e26-9db0-4ca1143767bd None admin] RBAC: Adding query filter params (role.id=8b291bcedf2141aab9814f63658457cc, scope.domain.id=default, user.id=278a0a28ea1648d88f95156149747f85) {{(pid=81420) _extract_filter_values /opt/stack/keystone/keystone/common/rbac_enforcer/enforcer.py:176}}
Oct 16 14:39:38 ubuntu devstack@keystone.service[81420]: DEBUG keystone.common.rbac_enforcer.enforcer [None req-9042c358-5c49-4e26-9db0-4ca1143767bd None admin] RBAC: Authorizing `identity:list_role_assignments()` {{(pid=81420) enforce_call /opt/stack/keystone/keystone/common/rbac_enforcer/enforcer.py:494}}
Oct 16 14:39:38 ubuntu devstack@keystone.service[81420]: DEBUG keystone.common.rbac_enforcer.enforcer [None req-9042c358-5c49-4e26-9db0-4ca1143767bd None admin] RBAC: Authorization granted {{(pid=81420) enforce_call /opt/stack/keystone/keystone/common/rbac_enforcer/enforcer.py:505}}
Oct 16 14:39:38 ubuntu devstack@keystone.service[81420]: [pid: 81420|app: 0|req: 19/35] 10.201.5.82 () {56 vars in 1371 bytes} [Thu Oct 16 14:39:38 2025] GET /identity/v3/role_assignments?role.id=8b291bcedf2141aab9814f63658457cc&scope.domain.id=default&user.id=278a0a28ea1648d88f95156149747f85 => generated 530 bytes in 62 msecs (HTTP/1.1 200) 5 headers in 177 bytes (1 switches on core 0)
Oct 16 14:39:38 ubuntu devstack@keystone.service[81419]: DEBUG keystone.server.flask.request_processing.req_logging [None req-d7d8a3a3-3e22-49f7-bb26-21655ba460d5 None None] REQUEST_METHOD: `GET` {{(pid=81419) log_request_info /opt/stack/keystone/keystone/server/flask/request_processing/req_logging.py:26}}
Oct 16 14:39:38 ubuntu devstack@keystone.service[81419]: DEBUG keystone.server.flask.request_processing.req_logging [None req-d7d8a3a3-3e22-49f7-bb26-21655ba460d5 None None] SCRIPT_NAME: `/identity` {{(pid=81419) log_request_info /opt/stack/keystone/keystone/server/flask/request_processing/req_logging.py:27}}
Oct 16 14:39:38 ubuntu devstack@keystone.service[81419]: DEBUG keystone.server.flask.request_processing.req_logging [None req-d7d8a3a3-3e22-49f7-bb26-21655ba460d5 None None] PATH_INFO: `/` {{(pid=81419) log_request_info /opt/stack/keystone/keystone/server/flask/request_processing/req_logging.py:28}}
Oct 16 14:39:38 ubuntu devstack@keystone.service[81419]: [pid: 81419|app: 0|req: 17/36] 10.201.5.82 () {54 vars in 919 bytes} [Thu Oct 16 14:39:38 2025] GET /identity => generated 270 bytes in 2 msecs (HTTP/1.1 300) 6 headers in 234 bytes (1 switches on core 0)
Oct 16 14:39:38 ubuntu devstack@keystone.service[81420]: DEBUG keystone.server.flask.request_processing.req_logging [None req-0ac2148e-fb79-4be7-917c-1d7ccba7c8c7 None None] REQUEST_METHOD: `POST` {{(pid=81420) log_request_info /opt/stack/keystone/keystone/server/flask/request_processing/req_logging.py:26}}
Oct 16 14:39:38 ubuntu devstack@keystone.service[81420]: DEBUG keystone.server.flask.request_processing.req_logging [None req-0ac2148e-fb79-4be7-917c-1d7ccba7c8c7 None None] SCRIPT_NAME: `/identity` {{(pid=81420) log_request_info /opt/stack/keystone/keystone/server/flask/request_processing/req_logging.py:27}}
Oct 16 14:39:38 ubuntu devstack@keystone.service[81420]: DEBUG keystone.server.flask.request_processing.req_logging [None req-0ac2148e-fb79-4be7-917c-1d7ccba7c8c7 None None] PATH_INFO: `/v3/auth/tokens` {{(pid=81420) log_request_info /opt/stack/keystone/keystone/server/flask/request_processing/req_logging.py:28}}
Oct 16 14:39:38 ubuntu devstack@keystone.service[81420]: WARNING keystone.common.password_hashing [None req-0ac2148e-fb79-4be7-917c-1d7ccba7c8c7 None None] Truncating password to algorithm specific maximum length 72 characters.
Oct 16 14:39:38 ubuntu devstack@keystone.service[81420]: DEBUG keystone.auth.core [None req-0ac2148e-fb79-4be7-917c-1d7ccba7c8c7 None None] MFA Rules not processed for user `278a0a28ea1648d88f95156149747f85`. Rule list: `[]` (Enabled: `True`). {{(pid=81420) check_auth_methods_against_rules /opt/stack/keystone/keystone/auth/core.py:476}}
Oct 16 14:39:38 ubuntu devstack@keystone.service[81420]: DEBUG keystone.common.fernet_utils [None req-0ac2148e-fb79-4be7-917c-1d7ccba7c8c7 None None] Loaded 2 Fernet keys from /etc/keystone/fernet-keys/, but `[fernet_tokens] max_active_keys = 3`; perhaps there have not been enough key rotations to reach `max_active_keys` yet? {{(pid=81420) load_keys /opt/stack/keystone/keystone/common/fernet_utils.py:297}}
Oct 16 14:39:38 ubuntu devstack@keystone.service[81419]: DEBUG keystone.server.flask.request_processing.middleware.auth_context [None req-d7d8a3a3-3e22-49f7-bb26-21655ba460d5 None None] Authenticating user token {{(pid=81419) process_request /opt/stack/data/venv/lib/python3.10/site-packages/keystonemiddleware/auth_token/__init__.py:407}}
Oct 16 14:39:38 ubuntu devstack@keystone.service[81420]: [pid: 81420|app: 0|req: 20/37] 10.201.5.82 () {58 vars in 1016 bytes} [Thu Oct 16 14:39:38 2025] POST /identity/v3/auth/tokens => generated 862 bytes in 65 msecs (HTTP/1.1 201) 6 headers in 363 bytes (1 switches on core 0)
Oct 16 14:39:39 ubuntu devstack@keystone.service[81419]: DEBUG keystone.server.flask.request_processing.middleware.auth_context [None req-d7d8a3a3-3e22-49f7-bb26-21655ba460d5 None None] Validating token access rules against request {{(pid=81419) validate_allowed_request /opt/stack/data/venv/lib/python3.10/site-packages/keystonemiddleware/auth_token/__init__.py:545}}
Oct 16 14:39:39 ubuntu devstack@keystone.service[81419]: DEBUG keystone.server.flask.request_processing.middleware.auth_context [None req-930a87c0-e6b9-438c-b54b-cd82468d89e5 None admin] RBAC: auth_context: {'token': <TokenModel (audit_id=GH20AmTfSEqOVY9zmly_VQ, audit_chain_id=['GH20AmTfSEqOVY9zmly_VQ']) at 0x7f61658c9a50>, 'domain_id': None, 'trust_id': None, 'trustor_id': None, 'trustee_id': None, 'domain_name': None, 'group_ids': [], 'user_id': '278a0a28ea1648d88f95156149747f85', 'user_domain_id': 'default', 'system_scope': 'all', 'project_id': None, 'project_domain_id': None, 'roles': ['admin', 'manager', 'member', 'reader'], 'is_admin_project': True, 'service_user_id': None, 'service_user_domain_id': None, 'service_project_id': None, 'service_project_domain_id': None, 'service_roles': []} {{(pid=81419) fill_context /opt/stack/keystone/keystone/server/flask/request_processing/middleware/auth_context.py:509}}
Oct 16 14:39:39 ubuntu devstack@keystone.service[81419]: DEBUG keystone.server.flask.request_processing.req_logging [None req-930a87c0-e6b9-438c-b54b-cd82468d89e5 None admin] REQUEST_METHOD: `POST` {{(pid=81419) log_request_info /opt/stack/keystone/keystone/server/flask/request_processing/req_logging.py:26}}
Oct 16 14:39:39 ubuntu devstack@keystone.service[81419]: DEBUG keystone.server.flask.request_processing.req_logging [None req-930a87c0-e6b9-438c-b54b-cd82468d89e5 None admin] SCRIPT_NAME: `/identity` {{(pid=81419) log_request_info /opt/stack/keystone/keystone/server/flask/request_processing/req_logging.py:27}}
Oct 16 14:39:39 ubuntu devstack@keystone.service[81419]: DEBUG keystone.server.flask.request_processing.req_logging [None req-930a87c0-e6b9-438c-b54b-cd82468d89e5 None admin] PATH_INFO: `/v3/roles` {{(pid=81419) log_request_info /opt/stack/keystone/keystone/server/flask/request_processing/req_logging.py:28}}
Oct 16 14:39:39 ubuntu devstack@keystone.service[81419]: DEBUG keystone.common.rbac_enforcer.enforcer [None req-930a87c0-e6b9-438c-b54b-cd82468d89e5 None admin] RBAC: Authorizing `identity:create_role()` {{(pid=81419) enforce_call /opt/stack/keystone/keystone/common/rbac_enforcer/enforcer.py:494}}
Oct 16 14:39:39 ubuntu devstack@keystone.service[81419]: DEBUG keystone.common.rbac_enforcer.enforcer [None req-930a87c0-e6b9-438c-b54b-cd82468d89e5 None admin] RBAC: Authorization granted {{(pid=81419) enforce_call /opt/stack/keystone/keystone/common/rbac_enforcer/enforcer.py:505}}
Oct 16 14:39:39 ubuntu devstack@keystone.service[81419]: DEBUG keystone.common.sql.core [None req-930a87c0-e6b9-438c-b54b-cd82468d89e5 None admin] Conflict role: (pymysql.err.IntegrityError) (1062, "Duplicate entry 'service-<<null>>' for key 'role.ixu_role_name_domain_id'")
Oct 16 14:39:39 ubuntu devstack@keystone.service[81419]: [SQL: INSERT INTO `role` (id, name, description, extra) VALUES (%(id)s, %(name)s, %(description)s, %(extra)s)]
Oct 16 14:39:39 ubuntu devstack@keystone.service[81419]: [parameters: {'id': '1f59b045f46541dda0bc7c958ff493a1', 'name': 'service', 'description': None, 'extra': '{}'}]
Oct 16 14:39:39 ubuntu devstack@keystone.service[81419]: (Background on this error at: https://sqlalche.me/e/20/gkpj) {{(pid=81419) wrapper /opt/stack/keystone/keystone/common/sql/core.py:580}}
Oct 16 14:39:39 ubuntu devstack@keystone.service[81419]: ERROR keystone.server.flask.application [None req-930a87c0-e6b9-438c-b54b-cd82468d89e5 None admin] Conflict occurred attempting to store role - Duplicate entry found with name service.: keystone.exception.Conflict: Conflict occurred attempting to store role - Duplicate entry found with name service.
Oct 16 14:39:39 ubuntu devstack@keystone.service[81419]: ERROR keystone.server.flask.application Traceback (most recent call last):
Oct 16 14:39:39 ubuntu devstack@keystone.service[81419]: ERROR keystone.server.flask.application   File "/opt/stack/data/venv/lib/python3.10/site-packages/sqlalchemy/engine/base.py", line 1961, in _exec_single_context
Oct 16 14:39:39 ubuntu devstack@keystone.service[81419]: ERROR keystone.server.flask.application     self.dialect.do_execute(
Oct 16 14:39:39 ubuntu devstack@keystone.service[81419]: ERROR keystone.server.flask.application   File "/opt/stack/data/venv/lib/python3.10/site-packages/sqlalchemy/engine/default.py", line 944, in do_execute
Oct 16 14:39:39 ubuntu devstack@keystone.service[81419]: ERROR keystone.server.flask.application     cursor.execute(statement, parameters)
Oct 16 14:39:39 ubuntu devstack@keystone.service[81419]: ERROR keystone.server.flask.application   File "/opt/stack/data/venv/lib/python3.10/site-packages/pymysql/cursors.py", line 153, in execute
Oct 16 14:39:39 ubuntu devstack@keystone.service[81419]: ERROR keystone.server.flask.application     result = self._query(query)
Oct 16 14:39:39 ubuntu devstack@keystone.service[81419]: ERROR keystone.server.flask.application   File "/opt/stack/data/venv/lib/python3.10/site-packages/pymysql/cursors.py", line 322, in _query
Oct 16 14:39:39 ubuntu devstack@keystone.service[81419]: ERROR keystone.server.flask.application     conn.query(q)
Oct 16 14:39:39 ubuntu devstack@keystone.service[81419]: ERROR keystone.server.flask.application   File "/opt/stack/data/venv/lib/python3.10/site-packages/pymysql/connections.py", line 563, in query
Oct 16 14:39:39 ubuntu devstack@keystone.service[81419]: ERROR keystone.server.flask.application     self._affected_rows = self._read_query_result(unbuffered=unbuffered)
Oct 16 14:39:39 ubuntu devstack@keystone.service[81419]: ERROR keystone.server.flask.application   File "/opt/stack/data/venv/lib/python3.10/site-packages/pymysql/connections.py", line 825, in _read_query_result
Oct 16 14:39:39 ubuntu devstack@keystone.service[81419]: ERROR keystone.server.flask.application     result.read()
Oct 16 14:39:39 ubuntu devstack@keystone.service[81419]: ERROR keystone.server.flask.application   File "/opt/stack/data/venv/lib/python3.10/site-packages/pymysql/connections.py", line 1199, in read
Oct 16 14:39:39 ubuntu devstack@keystone.service[81419]: ERROR keystone.server.flask.application     first_packet = self.connection._read_packet()
Oct 16 14:39:39 ubuntu devstack@keystone.service[81419]: ERROR keystone.server.flask.application   File "/opt/stack/data/venv/lib/python3.10/site-packages/pymysql/connections.py", line 775, in _read_packet
Oct 16 14:39:39 ubuntu devstack@keystone.service[81419]: ERROR keystone.server.flask.application     packet.raise_for_error()
Oct 16 14:39:39 ubuntu devstack@keystone.service[81419]: ERROR keystone.server.flask.application   File "/opt/stack/data/venv/lib/python3.10/site-packages/pymysql/protocol.py", line 219, in raise_for_error
Oct 16 14:39:39 ubuntu devstack@keystone.service[81419]: ERROR keystone.server.flask.application     err.raise_mysql_exception(self._data)
Oct 16 14:39:39 ubuntu devstack@keystone.service[81419]: ERROR keystone.server.flask.application   File "/opt/stack/data/venv/lib/python3.10/site-packages/pymysql/err.py", line 150, in raise_mysql_exception
Oct 16 14:39:39 ubuntu devstack@keystone.service[81419]: ERROR keystone.server.flask.application     raise errorclass(errno, errval)
Oct 16 14:39:39 ubuntu devstack@keystone.service[81419]: ERROR keystone.server.flask.application pymysql.err.IntegrityError: (1062, "Duplicate entry 'service-<<null>>' for key 'role.ixu_role_name_domain_id'")
Oct 16 14:39:39 ubuntu devstack@keystone.service[81419]: ERROR keystone.server.flask.application 
Oct 16 14:39:39 ubuntu devstack@keystone.service[81419]: ERROR keystone.server.flask.application The above exception was the direct cause of the following exception:
Oct 16 14:39:39 ubuntu devstack@keystone.service[81419]: ERROR keystone.server.flask.application 
Oct 16 14:39:39 ubuntu devstack@keystone.service[81419]: ERROR keystone.server.flask.application Traceback (most recent call last):
Oct 16 14:39:39 ubuntu devstack@keystone.service[81419]: ERROR keystone.server.flask.application   File "/opt/stack/keystone/keystone/common/sql/core.py", line 575, in wrapper
Oct 16 14:39:39 ubuntu devstack@keystone.service[81419]: ERROR keystone.server.flask.application     return method(*args, **kwargs)
Oct 16 14:39:39 ubuntu devstack@keystone.service[81419]: ERROR keystone.server.flask.application   File "/opt/stack/keystone/keystone/assignment/role_backends/sql.py", line 25, in create_role
Oct 16 14:39:39 ubuntu devstack@keystone.service[81419]: ERROR keystone.server.flask.application     with sql.session_for_write() as session:
Oct 16 14:39:39 ubuntu devstack@keystone.service[81419]: ERROR keystone.server.flask.application   File "/usr/lib/python3.10/contextlib.py", line 142, in __exit__
Oct 16 14:39:39 ubuntu devstack@keystone.service[81419]: ERROR keystone.server.flask.application     next(self.gen)
Oct 16 14:39:39 ubuntu devstack@keystone.service[81419]: ERROR keystone.server.flask.application   File "/opt/stack/data/venv/lib/python3.10/site-packages/oslo_db/sqlalchemy/enginefacade.py", line 1199, in _transaction_scope
Oct 16 14:39:39 ubuntu devstack@keystone.service[81419]: ERROR keystone.server.flask.application     with current._produce_block(
Oct 16 14:39:39 ubuntu devstack@keystone.service[81419]: ERROR keystone.server.flask.application   File "/usr/lib/python3.10/contextlib.py", line 142, in __exit__
Oct 16 14:39:39 ubuntu devstack@keystone.service[81419]: ERROR keystone.server.flask.application     next(self.gen)
Oct 16 14:39:39 ubuntu devstack@keystone.service[81419]: ERROR keystone.server.flask.application   File "/opt/stack/data/venv/lib/python3.10/site-packages/oslo_db/sqlalchemy/enginefacade.py", line 850, in _session
Oct 16 14:39:39 ubuntu devstack@keystone.service[81419]: ERROR keystone.server.flask.application     with excutils.save_and_reraise_exception():
Oct 16 14:39:39 ubuntu devstack@keystone.service[81419]: ERROR keystone.server.flask.application   File "/opt/stack/data/venv/lib/python3.10/site-packages/oslo_utils/excutils.py", line 227, in __exit__
Oct 16 14:39:39 ubuntu devstack@keystone.service[81419]: ERROR keystone.server.flask.application     self.force_reraise()
Oct 16 14:39:39 ubuntu devstack@keystone.service[81419]: ERROR keystone.server.flask.application   File "/opt/stack/data/venv/lib/python3.10/site-packages/oslo_utils/excutils.py", line 200, in force_reraise
Oct 16 14:39:39 ubuntu devstack@keystone.service[81419]: ERROR keystone.server.flask.application     raise self.value
Oct 16 14:39:39 ubuntu devstack@keystone.service[81419]: ERROR keystone.server.flask.application   File "/opt/stack/data/venv/lib/python3.10/site-packages/oslo_db/sqlalchemy/enginefacade.py", line 848, in _session
