Jan 28 13:58:49 ubuntu devstack@keystone.service[81562]: DEBUG keystone.server.flask.request_processing.req_logging [None req-1d0b2949-11eb-4a13-9a1c-4deababdf5dc None None] PATH_INFO: `/v3/auth/tokens` {{(pid=81562) log_request_info /opt/stack/keystone/keystone/server/flask/request_processing/req_logging.py:28}}
Jan 28 13:58:49 ubuntu devstack@keystone.service[81561]: WARNING keystone.common.password_hashing [None req-0b30e75f-7ec4-4f99-a772-e620cd8adaad None None] Truncating password to algorithm specific maximum length 72 characters.
Jan 28 13:58:49 ubuntu devstack@keystone.service[81562]: WARNING keystone.common.password_hashing [None req-1d0b2949-11eb-4a13-9a1c-4deababdf5dc None None] Truncating password to algorithm specific maximum length 72 characters.
Jan 28 13:58:49 ubuntu devstack@keystone.service[81561]: DEBUG keystone.auth.core [None req-0b30e75f-7ec4-4f99-a772-e620cd8adaad None None] MFA Rules not processed for user `9bfca1ec553e4c328d4c350ab825a79d`. Rule list: `[]` (Enabled: `True`). {{(pid=81561) check_auth_methods_against_rules /opt/stack/keystone/keystone/auth/core.py:476}}
Jan 28 13:58:49 ubuntu devstack@keystone.service[81561]: DEBUG keystone.common.fernet_utils [None req-0b30e75f-7ec4-4f99-a772-e620cd8adaad None None] Loaded 2 Fernet keys from /etc/keystone/fernet-keys/, but `[fernet_tokens] max_active_keys = 3`; perhaps there have not been enough key rotations to reach `max_active_keys` yet? {{(pid=81561) load_keys /opt/stack/keystone/keystone/common/fernet_utils.py:297}}
Jan 28 13:58:49 ubuntu devstack@keystone.service[81562]: DEBUG keystone.auth.core [None req-1d0b2949-11eb-4a13-9a1c-4deababdf5dc None None] MFA Rules not processed for user `9bfca1ec553e4c328d4c350ab825a79d`. Rule list: `[]` (Enabled: `True`). {{(pid=81562) check_auth_methods_against_rules /opt/stack/keystone/keystone/auth/core.py:476}}
Jan 28 13:58:49 ubuntu devstack@keystone.service[81562]: DEBUG keystone.common.fernet_utils [None req-1d0b2949-11eb-4a13-9a1c-4deababdf5dc None None] Loaded 2 Fernet keys from /etc/keystone/fernet-keys/, but `[fernet_tokens] max_active_keys = 3`; perhaps there have not been enough key rotations to reach `max_active_keys` yet? {{(pid=81562) load_keys /opt/stack/keystone/keystone/common/fernet_utils.py:297}}
Jan 28 13:58:49 ubuntu devstack@keystone.service[81561]: [pid: 81561|app: 0|req: 11/24] 10.201.5.82 () {58 vars in 1016 bytes} [Wed Jan 28 13:58:49 2026] POST /identity/v3/auth/tokens => generated 862 bytes in 77 msecs (HTTP/1.1 201) 6 headers in 363 bytes (1 switches on core 0)
Jan 28 13:58:49 ubuntu devstack@keystone.service[81562]: [pid: 81562|app: 0|req: 14/25] 10.201.5.82 () {58 vars in 1016 bytes} [Wed Jan 28 13:58:49 2026] POST /identity/v3/auth/tokens => generated 862 bytes in 80 msecs (HTTP/1.1 201) 6 headers in 363 bytes (2 switches on core 0)
Jan 28 13:58:49 ubuntu devstack@keystone.service[81561]: DEBUG keystone.server.flask.request_processing.req_logging [None req-7182c8b6-b1d8-4d08-b583-e38c96c18624 None None] REQUEST_METHOD: `GET` {{(pid=81561) log_request_info /opt/stack/keystone/keystone/server/flask/request_processing/req_logging.py:26}}
Jan 28 13:58:49 ubuntu devstack@keystone.service[81561]: DEBUG keystone.server.flask.request_processing.req_logging [None req-7182c8b6-b1d8-4d08-b583-e38c96c18624 None None] SCRIPT_NAME: `/identity` {{(pid=81561) log_request_info /opt/stack/keystone/keystone/server/flask/request_processing/req_logging.py:27}}
Jan 28 13:58:49 ubuntu devstack@keystone.service[81561]: DEBUG keystone.server.flask.request_processing.req_logging [None req-7182c8b6-b1d8-4d08-b583-e38c96c18624 None None] PATH_INFO: `/` {{(pid=81561) log_request_info /opt/stack/keystone/keystone/server/flask/request_processing/req_logging.py:28}}
Jan 28 13:58:49 ubuntu devstack@keystone.service[81561]: [pid: 81561|app: 0|req: 12/26] 10.201.5.82 () {54 vars in 919 bytes} [Wed Jan 28 13:58:49 2026] GET /identity => generated 270 bytes in 2 msecs (HTTP/1.1 300) 6 headers in 234 bytes (1 switches on core 0)
Jan 28 13:58:49 ubuntu devstack@keystone.service[81562]: DEBUG keystone.server.flask.request_processing.req_logging [None req-c3431fab-3e3c-4d33-8e7a-55723f29b299 None None] REQUEST_METHOD: `POST` {{(pid=81562) log_request_info /opt/stack/keystone/keystone/server/flask/request_processing/req_logging.py:26}}
Jan 28 13:58:49 ubuntu devstack@keystone.service[81562]: DEBUG keystone.server.flask.request_processing.req_logging [None req-c3431fab-3e3c-4d33-8e7a-55723f29b299 None None] SCRIPT_NAME: `/identity` {{(pid=81562) log_request_info /opt/stack/keystone/keystone/server/flask/request_processing/req_logging.py:27}}
Jan 28 13:58:49 ubuntu devstack@keystone.service[81562]: DEBUG keystone.server.flask.request_processing.req_logging [None req-c3431fab-3e3c-4d33-8e7a-55723f29b299 None None] PATH_INFO: `/v3/auth/tokens` {{(pid=81562) log_request_info /opt/stack/keystone/keystone/server/flask/request_processing/req_logging.py:28}}
Jan 28 13:58:49 ubuntu devstack@keystone.service[81561]: DEBUG keystone.server.flask.request_processing.middleware.auth_context [None req-7182c8b6-b1d8-4d08-b583-e38c96c18624 None None] Authenticating user token {{(pid=81561) process_request /opt/stack/data/venv/lib/python3.10/site-packages/keystonemiddleware/auth_token/__init__.py:407}}
Jan 28 13:58:49 ubuntu devstack@keystone.service[81562]: WARNING keystone.common.password_hashing [None req-c3431fab-3e3c-4d33-8e7a-55723f29b299 None None] Truncating password to algorithm specific maximum length 72 characters.
Jan 28 13:58:49 ubuntu devstack@keystone.service[81562]: DEBUG keystone.auth.core [None req-c3431fab-3e3c-4d33-8e7a-55723f29b299 None None] MFA Rules not processed for user `9bfca1ec553e4c328d4c350ab825a79d`. Rule list: `[]` (Enabled: `True`). {{(pid=81562) check_auth_methods_against_rules /opt/stack/keystone/keystone/auth/core.py:476}}
Jan 28 13:58:49 ubuntu devstack@keystone.service[81562]: DEBUG keystone.common.fernet_utils [None req-c3431fab-3e3c-4d33-8e7a-55723f29b299 None None] Loaded 2 Fernet keys from /etc/keystone/fernet-keys/, but `[fernet_tokens] max_active_keys = 3`; perhaps there have not been enough key rotations to reach `max_active_keys` yet? {{(pid=81562) load_keys /opt/stack/keystone/keystone/common/fernet_utils.py:297}}
Jan 28 13:58:49 ubuntu devstack@keystone.service[81562]: [pid: 81562|app: 0|req: 15/27] 10.201.5.82 () {58 vars in 1016 bytes} [Wed Jan 28 13:58:49 2026] POST /identity/v3/auth/tokens => generated 862 bytes in 62 msecs (HTTP/1.1 201) 6 headers in 363 bytes (1 switches on core 0)
Jan 28 13:58:49 ubuntu devstack@keystone.service[81561]: DEBUG keystone.server.flask.request_processing.middleware.auth_context [None req-7182c8b6-b1d8-4d08-b583-e38c96c18624 None None] Validating token access rules against request {{(pid=81561) validate_allowed_request /opt/stack/data/venv/lib/python3.10/site-packages/keystonemiddleware/auth_token/__init__.py:545}}
Jan 28 13:58:49 ubuntu devstack@keystone.service[81562]: DEBUG keystone.server.flask.request_processing.middleware.auth_context [None req-c3431fab-3e3c-4d33-8e7a-55723f29b299 None None] Authenticating user token {{(pid=81562) process_request /opt/stack/data/venv/lib/python3.10/site-packages/keystonemiddleware/auth_token/__init__.py:407}}
Jan 28 13:58:49 ubuntu devstack@keystone.service[81561]: DEBUG keystone.server.flask.request_processing.middleware.auth_context [None req-faeaf232-e3e1-447b-affe-7b83aad463f0 None admin] RBAC: auth_context: {'token': <TokenModel (audit_id=kMSQSqbCRWyZ40nrCIxYqg, audit_chain_id=['kMSQSqbCRWyZ40nrCIxYqg']) at 0x7fd4edebcee0>, 'domain_id': None, 'trust_id': None, 'trustor_id': None, 'trustee_id': None, 'domain_name': None, 'group_ids': [], 'user_id': '9bfca1ec553e4c328d4c350ab825a79d', 'user_domain_id': 'default', 'system_scope': 'all', 'project_id': None, 'project_domain_id': None, 'roles': ['admin', 'manager', 'member', 'reader'], 'is_admin_project': True, 'service_user_id': None, 'service_user_domain_id': None, 'service_project_id': None, 'service_project_domain_id': None, 'service_roles': []} {{(pid=81561) fill_context /opt/stack/keystone/keystone/server/flask/request_processing/middleware/auth_context.py:509}}
Jan 28 13:58:49 ubuntu devstack@keystone.service[81561]: DEBUG keystone.server.flask.request_processing.req_logging [None req-faeaf232-e3e1-447b-affe-7b83aad463f0 None admin] REQUEST_METHOD: `GET` {{(pid=81561) log_request_info /opt/stack/keystone/keystone/server/flask/request_processing/req_logging.py:26}}
Jan 28 13:58:49 ubuntu devstack@keystone.service[81561]: DEBUG keystone.server.flask.request_processing.req_logging [None req-faeaf232-e3e1-447b-affe-7b83aad463f0 None admin] SCRIPT_NAME: `/identity` {{(pid=81561) log_request_info /opt/stack/keystone/keystone/server/flask/request_processing/req_logging.py:27}}
Jan 28 13:58:49 ubuntu devstack@keystone.service[81561]: DEBUG keystone.server.flask.request_processing.req_logging [None req-faeaf232-e3e1-447b-affe-7b83aad463f0 None admin] PATH_INFO: `/v3/roles/admin` {{(pid=81561) log_request_info /opt/stack/keystone/keystone/server/flask/request_processing/req_logging.py:28}}
Jan 28 13:58:49 ubuntu devstack@keystone.service[81561]: DEBUG keystone.common.rbac_enforcer.enforcer [None req-faeaf232-e3e1-447b-affe-7b83aad463f0 None admin] Extracting inferred target data resulted in "NOT FOUND (404)". {{(pid=81561) enforce_call /opt/stack/keystone/keystone/common/rbac_enforcer/enforcer.py:445}}
Jan 28 13:58:49 ubuntu devstack@keystone.service[81561]: DEBUG keystone.server.flask.application [None req-faeaf232-e3e1-447b-affe-7b83aad463f0 None admin] Could not find role: admin. {{(pid=81561) _handle_keystone_exception /opt/stack/keystone/keystone/server/flask/application.py:146}}
Jan 28 13:58:49 ubuntu devstack@keystone.service[81561]: [pid: 81561|app: 0|req: 13/28] 10.201.5.82 () {56 vars in 1132 bytes} [Wed Jan 28 13:58:49 2026] GET /identity/v3/roles/admin => generated 83 bytes in 91 msecs (HTTP/1.1 404) 5 headers in 183 bytes (1 switches on core 0)
Jan 28 13:58:49 ubuntu devstack@keystone.service[81561]: DEBUG keystone.server.flask.request_processing.middleware.auth_context [None req-faeaf232-e3e1-447b-affe-7b83aad463f0 None admin] Authenticating user token {{(pid=81561) process_request /opt/stack/data/venv/lib/python3.10/site-packages/keystonemiddleware/auth_token/__init__.py:407}}
Jan 28 13:58:49 ubuntu devstack@keystone.service[81562]: DEBUG keystone.server.flask.request_processing.middleware.auth_context [None req-c3431fab-3e3c-4d33-8e7a-55723f29b299 None None] Validating token access rules against request {{(pid=81562) validate_allowed_request /opt/stack/data/venv/lib/python3.10/site-packages/keystonemiddleware/auth_token/__init__.py:545}}
Jan 28 13:58:49 ubuntu devstack@keystone.service[81561]: DEBUG keystone.server.flask.request_processing.middleware.auth_context [None req-faeaf232-e3e1-447b-affe-7b83aad463f0 None admin] Validating token access rules against request {{(pid=81561) validate_allowed_request /opt/stack/data/venv/lib/python3.10/site-packages/keystonemiddleware/auth_token/__init__.py:545}}
Jan 28 13:58:49 ubuntu devstack@keystone.service[81562]: DEBUG keystone.server.flask.request_processing.middleware.auth_context [None req-e24e06f2-da72-4a33-b17a-172bbcd97f99 None admin] RBAC: auth_context: {'token': <TokenModel (audit_id=FrJL3e2vRC-Q86QVIEGw_Q, audit_chain_id=['FrJL3e2vRC-Q86QVIEGw_Q']) at 0x7fd4ee019ff0>, 'domain_id': None, 'trust_id': None, 'trustor_id': None, 'trustee_id': None, 'domain_name': None, 'group_ids': [], 'user_id': '9bfca1ec553e4c328d4c350ab825a79d', 'user_domain_id': 'default', 'system_scope': 'all', 'project_id': None, 'project_domain_id': None, 'roles': ['admin', 'manager', 'member', 'reader'], 'is_admin_project': True, 'service_user_id': None, 'service_user_domain_id': None, 'service_project_id': None, 'service_project_domain_id': None, 'service_roles': []} {{(pid=81562) fill_context /opt/stack/keystone/keystone/server/flask/request_processing/middleware/auth_context.py:509}}
Jan 28 13:58:49 ubuntu devstack@keystone.service[81562]: DEBUG keystone.server.flask.request_processing.req_logging [None req-e24e06f2-da72-4a33-b17a-172bbcd97f99 None admin] REQUEST_METHOD: `GET` {{(pid=81562) log_request_info /opt/stack/keystone/keystone/server/flask/request_processing/req_logging.py:26}}
Jan 28 13:58:49 ubuntu devstack@keystone.service[81562]: DEBUG keystone.server.flask.request_processing.req_logging [None req-e24e06f2-da72-4a33-b17a-172bbcd97f99 None admin] SCRIPT_NAME: `/identity` {{(pid=81562) log_request_info /opt/stack/keystone/keystone/server/flask/request_processing/req_logging.py:27}}
Jan 28 13:58:49 ubuntu devstack@keystone.service[81562]: DEBUG keystone.server.flask.request_processing.req_logging [None req-e24e06f2-da72-4a33-b17a-172bbcd97f99 None admin] PATH_INFO: `/v3/domains/Default` {{(pid=81562) log_request_info /opt/stack/keystone/keystone/server/flask/request_processing/req_logging.py:28}}
Jan 28 13:58:49 ubuntu devstack@keystone.service[81562]: DEBUG keystone.common.rbac_enforcer.enforcer [None req-e24e06f2-da72-4a33-b17a-172bbcd97f99 None admin] RBAC: Authorizing `identity:get_domain(domain_id=Default)` {{(pid=81562) enforce_call /opt/stack/keystone/keystone/common/rbac_enforcer/enforcer.py:494}}
Jan 28 13:58:49 ubuntu devstack@keystone.service[81562]: DEBUG keystone.common.rbac_enforcer.enforcer [None req-e24e06f2-da72-4a33-b17a-172bbcd97f99 None admin] RBAC: Authorization granted {{(pid=81562) enforce_call /opt/stack/keystone/keystone/common/rbac_enforcer/enforcer.py:505}}
Jan 28 13:58:49 ubuntu devstack@keystone.service[81562]: DEBUG keystone.server.flask.application [None req-e24e06f2-da72-4a33-b17a-172bbcd97f99 None admin] Could not find domain: Default. {{(pid=81562) _handle_keystone_exception /opt/stack/keystone/keystone/server/flask/application.py:146}}
Jan 28 13:58:49 ubuntu devstack@keystone.service[81562]: [pid: 81562|app: 0|req: 16/29] 10.201.5.82 () {56 vars in 1100 bytes} [Wed Jan 28 13:58:49 2026] GET /identity/v3/domains/Default => generated 87 bytes in 72 msecs (HTTP/1.1 404) 5 headers in 183 bytes (2 switches on core 0)
Jan 28 13:58:49 ubuntu devstack@keystone.service[81562]: DEBUG keystone.server.flask.request_processing.middleware.auth_context [None req-e24e06f2-da72-4a33-b17a-172bbcd97f99 None admin] Authenticating user token {{(pid=81562) process_request /opt/stack/data/venv/lib/python3.10/site-packages/keystonemiddleware/auth_token/__init__.py:407}}
Jan 28 13:58:49 ubuntu devstack@keystone.service[81561]: DEBUG keystone.server.flask.request_processing.middleware.auth_context [None req-522ead64-bf5f-4168-8f1f-47a6ce08b216 None admin] RBAC: auth_context: {'token': <TokenModel (audit_id=kMSQSqbCRWyZ40nrCIxYqg, audit_chain_id=['kMSQSqbCRWyZ40nrCIxYqg']) at 0x7fd4edcf2050>, 'domain_id': None, 'trust_id': None, 'trustor_id': None, 'trustee_id': None, 'domain_name': None, 'group_ids': [], 'user_id': '9bfca1ec553e4c328d4c350ab825a79d', 'user_domain_id': 'default', 'system_scope': 'all', 'project_id': None, 'project_domain_id': None, 'roles': ['admin', 'manager', 'member', 'reader'], 'is_admin_project': True, 'service_user_id': None, 'service_user_domain_id': None, 'service_project_id': None, 'service_project_domain_id': None, 'service_roles': []} {{(pid=81561) fill_context /opt/stack/keystone/keystone/server/flask/request_processing/middleware/auth_context.py:509}}
Jan 28 13:58:49 ubuntu devstack@keystone.service[81561]: DEBUG keystone.server.flask.request_processing.req_logging [None req-522ead64-bf5f-4168-8f1f-47a6ce08b216 None admin] REQUEST_METHOD: `GET` {{(pid=81561) log_request_info /opt/stack/keystone/keystone/server/flask/request_processing/req_logging.py:26}}
Jan 28 13:58:49 ubuntu devstack@keystone.service[81561]: DEBUG keystone.server.flask.request_processing.req_logging [None req-522ead64-bf5f-4168-8f1f-47a6ce08b216 None admin] SCRIPT_NAME: `/identity` {{(pid=81561) log_request_info /opt/stack/keystone/keystone/server/flask/request_processing/req_logging.py:27}}
Jan 28 13:58:49 ubuntu devstack@keystone.service[81561]: DEBUG keystone.server.flask.request_processing.req_logging [None req-522ead64-bf5f-4168-8f1f-47a6ce08b216 None admin] PATH_INFO: `/v3/roles` {{(pid=81561) log_request_info /opt/stack/keystone/keystone/server/flask/request_processing/req_logging.py:28}}
Jan 28 13:58:49 ubuntu devstack@keystone.service[81561]: DEBUG keystone.common.rbac_enforcer.enforcer [None req-522ead64-bf5f-4168-8f1f-47a6ce08b216 None admin] RBAC: Adding query filter params (name=admin) {{(pid=81561) _extract_filter_values /opt/stack/keystone/keystone/common/rbac_enforcer/enforcer.py:176}}
Jan 28 13:58:49 ubuntu devstack@keystone.service[81561]: DEBUG keystone.common.rbac_enforcer.enforcer [None req-522ead64-bf5f-4168-8f1f-47a6ce08b216 None admin] RBAC: Authorizing `identity:list_roles()` {{(pid=81561) enforce_call /opt/stack/keystone/keystone/common/rbac_enforcer/enforcer.py:494}}
Jan 28 13:58:49 ubuntu devstack@keystone.service[81561]: DEBUG keystone.common.rbac_enforcer.enforcer [None req-522ead64-bf5f-4168-8f1f-47a6ce08b216 None admin] RBAC: Authorization granted {{(pid=81561) enforce_call /opt/stack/keystone/keystone/common/rbac_enforcer/enforcer.py:505}}
Jan 28 13:58:49 ubuntu devstack@keystone.service[81561]: [pid: 81561|app: 0|req: 14/30] 10.201.5.82 () {56 vars in 1148 bytes} [Wed Jan 28 13:58:49 2026] GET /identity/v3/roles?name=admin => generated 339 bytes in 64 msecs (HTTP/1.1 200) 5 headers in 177 bytes (1 switches on core 0)
Jan 28 13:58:49 ubuntu devstack@keystone.service[81561]: DEBUG keystone.server.flask.request_processing.middleware.auth_context [None req-522ead64-bf5f-4168-8f1f-47a6ce08b216 None admin] Authenticating user token {{(pid=81561) process_request /opt/stack/data/venv/lib/python3.10/site-packages/keystonemiddleware/auth_token/__init__.py:407}}
Jan 28 13:58:49 ubuntu devstack@keystone.service[81562]: DEBUG keystone.server.flask.request_processing.middleware.auth_context [None req-e24e06f2-da72-4a33-b17a-172bbcd97f99 None admin] Validating token access rules against request {{(pid=81562) validate_allowed_request /opt/stack/data/venv/lib/python3.10/site-packages/keystonemiddleware/auth_token/__init__.py:545}}
Jan 28 13:58:49 ubuntu devstack@keystone.service[81561]: DEBUG keystone.server.flask.request_processing.middleware.auth_context [None req-522ead64-bf5f-4168-8f1f-47a6ce08b216 None admin] Validating token access rules against request {{(pid=81561) validate_allowed_request /opt/stack/data/venv/lib/python3.10/site-packages/keystonemiddleware/auth_token/__init__.py:545}}
Jan 28 13:58:49 ubuntu devstack@keystone.service[81562]: DEBUG keystone.server.flask.request_processing.middleware.auth_context [None req-8e4bbafc-7af9-4709-9f35-59e99fbe9869 None admin] RBAC: auth_context: {'token': <TokenModel (audit_id=FrJL3e2vRC-Q86QVIEGw_Q, audit_chain_id=['FrJL3e2vRC-Q86QVIEGw_Q']) at 0x7fd4edbcc1c0>, 'domain_id': None, 'trust_id': None, 'trustor_id': None, 'trustee_id': None, 'domain_name': None, 'group_ids': [], 'user_id': '9bfca1ec553e4c328d4c350ab825a79d', 'user_domain_id': 'default', 'system_scope': 'all', 'project_id': None, 'project_domain_id': None, 'roles': ['admin', 'manager', 'member', 'reader'], 'is_admin_project': True, 'service_user_id': None, 'service_user_domain_id': None, 'service_project_id': None, 'service_project_domain_id': None, 'service_roles': []} {{(pid=81562) fill_context /opt/stack/keystone/keystone/server/flask/request_processing/middleware/auth_context.py:509}}
Jan 28 13:58:49 ubuntu devstack@keystone.service[81562]: DEBUG keystone.server.flask.request_processing.req_logging [None req-8e4bbafc-7af9-4709-9f35-59e99fbe9869 None admin] REQUEST_METHOD: `GET` {{(pid=81562) log_request_info /opt/stack/keystone/keystone/server/flask/request_processing/req_logging.py:26}}
Jan 28 13:58:49 ubuntu devstack@keystone.service[81562]: DEBUG keystone.server.flask.request_processing.req_logging [None req-8e4bbafc-7af9-4709-9f35-59e99fbe9869 None admin] SCRIPT_NAME: `/identity` {{(pid=81562) log_request_info /opt/stack/keystone/keystone/server/flask/request_processing/req_logging.py:27}}
Jan 28 13:58:49 ubuntu devstack@keystone.service[81562]: DEBUG keystone.server.flask.request_processing.req_logging [None req-8e4bbafc-7af9-4709-9f35-59e99fbe9869 None admin] PATH_INFO: `/v3/domains` {{(pid=81562) log_request_info /opt/stack/keystone/keystone/server/flask/request_processing/req_logging.py:28}}
Jan 28 13:58:49 ubuntu devstack@keystone.service[81562]: DEBUG keystone.common.rbac_enforcer.enforcer [None req-8e4bbafc-7af9-4709-9f35-59e99fbe9869 None admin] RBAC: Adding query filter params (name=Default) {{(pid=81562) _extract_filter_values /opt/stack/keystone/keystone/common/rbac_enforcer/enforcer.py:176}}
Jan 28 13:58:49 ubuntu devstack@keystone.service[81562]: DEBUG keystone.common.rbac_enforcer.enforcer [None req-8e4bbafc-7af9-4709-9f35-59e99fbe9869 None admin] RBAC: Authorizing `identity:list_domains()` {{(pid=81562) enforce_call /opt/stack/keystone/keystone/common/rbac_enforcer/enforcer.py:494}}
Jan 28 13:58:49 ubuntu devstack@keystone.service[81562]: DEBUG keystone.common.rbac_enforcer.enforcer [None req-8e4bbafc-7af9-4709-9f35-59e99fbe9869 None admin] RBAC: Authorization granted {{(pid=81562) enforce_call /opt/stack/keystone/keystone/common/rbac_enforcer/enforcer.py:505}}
Jan 28 13:58:49 ubuntu devstack@keystone.service[81562]: [pid: 81562|app: 0|req: 17/31] 10.201.5.82 () {56 vars in 1101 bytes} [Wed Jan 28 13:58:49 2026] GET /identity/v3/domains?name=Default => generated 308 bytes in 60 msecs (HTTP/1.1 200) 5 headers in 177 bytes (2 switches on core 0)
Jan 28 13:58:49 ubuntu devstack@keystone.service[81562]: DEBUG keystone.server.flask.request_processing.middleware.auth_context [None req-8e4bbafc-7af9-4709-9f35-59e99fbe9869 None admin] Authenticating user token {{(pid=81562) process_request /opt/stack/data/venv/lib/python3.10/site-packages/keystonemiddleware/auth_token/__init__.py:407}}
Jan 28 13:58:49 ubuntu devstack@keystone.service[81561]: DEBUG keystone.server.flask.request_processing.middleware.auth_context [None req-83f1cab9-41ad-44a3-a192-77a8b72ec8a0 None admin] RBAC: auth_context: {'token': <TokenModel (audit_id=kMSQSqbCRWyZ40nrCIxYqg, audit_chain_id=['kMSQSqbCRWyZ40nrCIxYqg']) at 0x7fd4edca8a30>, 'domain_id': None, 'trust_id': None, 'trustor_id': None, 'trustee_id': None, 'domain_name': None, 'group_ids': [], 'user_id': '9bfca1ec553e4c328d4c350ab825a79d', 'user_domain_id': 'default', 'system_scope': 'all', 'project_id': None, 'project_domain_id': None, 'roles': ['admin', 'manager', 'member', 'reader'], 'is_admin_project': True, 'service_user_id': None, 'service_user_domain_id': None, 'service_project_id': None, 'service_project_domain_id': None, 'service_roles': []} {{(pid=81561) fill_context /opt/stack/keystone/keystone/server/flask/request_processing/middleware/auth_context.py:509}}
Jan 28 13:58:49 ubuntu devstack@keystone.service[81561]: DEBUG keystone.server.flask.request_processing.req_logging [None req-83f1cab9-41ad-44a3-a192-77a8b72ec8a0 None admin] REQUEST_METHOD: `GET` {{(pid=81561) log_request_info /opt/stack/keystone/keystone/server/flask/request_processing/req_logging.py:26}}
Jan 28 13:58:49 ubuntu devstack@keystone.service[81561]: DEBUG keystone.server.flask.request_processing.req_logging [None req-83f1cab9-41ad-44a3-a192-77a8b72ec8a0 None admin] SCRIPT_NAME: `/identity` {{(pid=81561) log_request_info /opt/stack/keystone/keystone/server/flask/request_processing/req_logging.py:27}}
Jan 28 13:58:49 ubuntu devstack@keystone.service[81561]: DEBUG keystone.server.flask.request_processing.req_logging [None req-83f1cab9-41ad-44a3-a192-77a8b72ec8a0 None admin] PATH_INFO: `/v3/users/9bfca1ec553e4c328d4c350ab825a79d` {{(pid=81561) log_request_info /opt/stack/keystone/keystone/server/flask/request_processing/req_logging.py:28}}
Jan 28 13:58:49 ubuntu devstack@keystone.service[81561]: DEBUG keystone.common.rbac_enforcer.enforcer [None req-83f1cab9-41ad-44a3-a192-77a8b72ec8a0 None admin] RBAC: Authorizing `identity:get_user(user_id=9bfca1ec553e4c328d4c350ab825a79d)` {{(pid=81561) enforce_call /opt/stack/keystone/keystone/common/rbac_enforcer/enforcer.py:494}}
Jan 28 13:58:49 ubuntu devstack@keystone.service[81561]: DEBUG keystone.common.rbac_enforcer.enforcer [None req-83f1cab9-41ad-44a3-a192-77a8b72ec8a0 None admin] RBAC: Authorization granted {{(pid=81561) enforce_call /opt/stack/keystone/keystone/common/rbac_enforcer/enforcer.py:505}}
Jan 28 13:58:49 ubuntu devstack@keystone.service[81561]: [pid: 81561|app: 0|req: 15/32] 10.201.5.82 () {56 vars in 1213 bytes} [Wed Jan 28 13:58:49 2026] GET /identity/v3/users/9bfca1ec553e4c328d4c350ab825a79d => generated 247 bytes in 57 msecs (HTTP/1.1 200) 5 headers in 177 bytes (2 switches on core 0)
Jan 28 13:58:49 ubuntu devstack@keystone.service[81561]: DEBUG keystone.server.flask.request_processing.req_logging [None req-616dc66e-915c-4a04-94f1-3fd7f82e0349 None None] REQUEST_METHOD: `GET` {{(pid=81561) log_request_info /opt/stack/keystone/keystone/server/flask/request_processing/req_logging.py:26}}
Jan 28 13:58:49 ubuntu devstack@keystone.service[81561]: DEBUG keystone.server.flask.request_processing.req_logging [None req-616dc66e-915c-4a04-94f1-3fd7f82e0349 None None] SCRIPT_NAME: `/identity` {{(pid=81561) log_request_info /opt/stack/keystone/keystone/server/flask/request_processing/req_logging.py:27}}
Jan 28 13:58:49 ubuntu devstack@keystone.service[81561]: DEBUG keystone.server.flask.request_processing.req_logging [None req-616dc66e-915c-4a04-94f1-3fd7f82e0349 None None] PATH_INFO: `/` {{(pid=81561) log_request_info /opt/stack/keystone/keystone/server/flask/request_processing/req_logging.py:28}}
Jan 28 13:58:49 ubuntu devstack@keystone.service[81561]: [pid: 81561|app: 0|req: 16/33] 10.201.5.82 () {54 vars in 919 bytes} [Wed Jan 28 13:58:49 2026] GET /identity => generated 270 bytes in 5 msecs (HTTP/1.1 300) 6 headers in 234 bytes (1 switches on core 0)
Jan 28 13:58:49 ubuntu devstack@keystone.service[81561]: DEBUG keystone.server.flask.request_processing.middleware.auth_context [None req-616dc66e-915c-4a04-94f1-3fd7f82e0349 None None] Authenticating user token {{(pid=81561) process_request /opt/stack/data/venv/lib/python3.10/site-packages/keystonemiddleware/auth_token/__init__.py:407}}
Jan 28 13:58:49 ubuntu devstack@keystone.service[81562]: DEBUG keystone.server.flask.request_processing.middleware.auth_context [None req-8e4bbafc-7af9-4709-9f35-59e99fbe9869 None admin] Validating token access rules against request {{(pid=81562) validate_allowed_request /opt/stack/data/venv/lib/python3.10/site-packages/keystonemiddleware/auth_token/__init__.py:545}}
Jan 28 13:58:49 ubuntu devstack@keystone.service[81562]: DEBUG keystone.server.flask.request_processing.middleware.auth_context [None req-152c94f0-7453-4991-8814-5b2398cff294 None admin] RBAC: auth_context: {'token': <TokenModel (audit_id=FrJL3e2vRC-Q86QVIEGw_Q, audit_chain_id=['FrJL3e2vRC-Q86QVIEGw_Q']) at 0x7fd4ef150490>, 'domain_id': None, 'trust_id': None, 'trustor_id': None, 'trustee_id': None, 'domain_name': None, 'group_ids': [], 'user_id': '9bfca1ec553e4c328d4c350ab825a79d', 'user_domain_id': 'default', 'system_scope': 'all', 'project_id': None, 'project_domain_id': None, 'roles': ['admin', 'manager', 'member', 'reader'], 'is_admin_project': True, 'service_user_id': None, 'service_user_domain_id': None, 'service_project_id': None, 'service_project_domain_id': None, 'service_roles': []} {{(pid=81562) fill_context /opt/stack/keystone/keystone/server/flask/request_processing/middleware/auth_context.py:509}}
Jan 28 13:58:49 ubuntu devstack@keystone.service[81561]: DEBUG keystone.server.flask.request_processing.middleware.auth_context [None req-616dc66e-915c-4a04-94f1-3fd7f82e0349 None None] Validating token access rules against request {{(pid=81561) validate_allowed_request /opt/stack/data/venv/lib/python3.10/site-packages/keystonemiddleware/auth_token/__init__.py:545}}
Jan 28 13:58:49 ubuntu devstack@keystone.service[81562]: DEBUG keystone.server.flask.request_processing.req_logging [None req-152c94f0-7453-4991-8814-5b2398cff294 None admin] REQUEST_METHOD: `POST` {{(pid=81562) log_request_info /opt/stack/keystone/keystone/server/flask/request_processing/req_logging.py:26}}
Jan 28 13:58:49 ubuntu devstack@keystone.service[81562]: DEBUG keystone.server.flask.request_processing.req_logging [None req-152c94f0-7453-4991-8814-5b2398cff294 None admin] SCRIPT_NAME: `/identity` {{(pid=81562) log_request_info /opt/stack/keystone/keystone/server/flask/request_processing/req_logging.py:27}}
Jan 28 13:58:49 ubuntu devstack@keystone.service[81562]: DEBUG keystone.server.flask.request_processing.req_logging [None req-152c94f0-7453-4991-8814-5b2398cff294 None admin] PATH_INFO: `/v3/projects` {{(pid=81562) log_request_info /opt/stack/keystone/keystone/server/flask/request_processing/req_logging.py:28}}
Jan 28 13:58:49 ubuntu devstack@keystone.service[81562]: DEBUG keystone.common.rbac_enforcer.enforcer [None req-152c94f0-7453-4991-8814-5b2398cff294 None admin] RBAC: Authorizing `identity:create_project()` {{(pid=81562) enforce_call /opt/stack/keystone/keystone/common/rbac_enforcer/enforcer.py:494}}
Jan 28 13:58:49 ubuntu devstack@keystone.service[81562]: DEBUG keystone.common.rbac_enforcer.enforcer [None req-152c94f0-7453-4991-8814-5b2398cff294 None admin] RBAC: Authorization granted {{(pid=81562) enforce_call /opt/stack/keystone/keystone/common/rbac_enforcer/enforcer.py:505}}
Jan 28 13:58:49 ubuntu devstack@keystone.service[81561]: DEBUG keystone.server.flask.request_processing.middleware.auth_context [None req-19b10536-6f1a-4ae4-b88e-dad79bbc6bd3 None admin] RBAC: auth_context: {'token': <TokenModel (audit_id=kMSQSqbCRWyZ40nrCIxYqg, audit_chain_id=['kMSQSqbCRWyZ40nrCIxYqg']) at 0x7fd4edcf08b0>, 'domain_id': None, 'trust_id': None, 'trustor_id': None, 'trustee_id': None, 'domain_name': None, 'group_ids': [], 'user_id': '9bfca1ec553e4c328d4c350ab825a79d', 'user_domain_id': 'default', 'system_scope': 'all', 'project_id': None, 'project_domain_id': None, 'roles': ['admin', 'manager', 'member', 'reader'], 'is_admin_project': True, 'service_user_id': None, 'service_user_domain_id': None, 'service_project_id': None, 'service_project_domain_id': None, 'service_roles': []} {{(pid=81561) fill_context /opt/stack/keystone/keystone/server/flask/request_processing/middleware/auth_context.py:509}}
Jan 28 13:58:49 ubuntu devstack@keystone.service[81561]: DEBUG keystone.server.flask.request_processing.req_logging [None req-19b10536-6f1a-4ae4-b88e-dad79bbc6bd3 None admin] REQUEST_METHOD: `GET` {{(pid=81561) log_request_info /opt/stack/keystone/keystone/server/flask/request_processing/req_logging.py:26}}
Jan 28 13:58:49 ubuntu devstack@keystone.service[81561]: DEBUG keystone.server.flask.request_processing.req_logging [None req-19b10536-6f1a-4ae4-b88e-dad79bbc6bd3 None admin] SCRIPT_NAME: `/identity` {{(pid=81561) log_request_info /opt/stack/keystone/keystone/server/flask/request_processing/req_logging.py:27}}
Jan 28 13:58:49 ubuntu devstack@keystone.service[81561]: DEBUG keystone.server.flask.request_processing.req_logging [None req-19b10536-6f1a-4ae4-b88e-dad79bbc6bd3 None admin] PATH_INFO: `/v3/domains/default` {{(pid=81561) log_request_info /opt/stack/keystone/keystone/server/flask/request_processing/req_logging.py:28}}
Jan 28 13:58:49 ubuntu devstack@keystone.service[81561]: DEBUG keystone.common.rbac_enforcer.enforcer [None req-19b10536-6f1a-4ae4-b88e-dad79bbc6bd3 None admin] RBAC: Authorizing `identity:get_domain(domain_id=default)` {{(pid=81561) enforce_call /opt/stack/keystone/keystone/common/rbac_enforcer/enforcer.py:494}}
Jan 28 13:58:49 ubuntu devstack@keystone.service[81561]: DEBUG keystone.common.rbac_enforcer.enforcer [None req-19b10536-6f1a-4ae4-b88e-dad79bbc6bd3 None admin] RBAC: Authorization granted {{(pid=81561) enforce_call /opt/stack/keystone/keystone/common/rbac_enforcer/enforcer.py:505}}
Jan 28 13:58:49 ubuntu devstack@keystone.service[81561]: [pid: 81561|app: 0|req: 17/34] 10.201.5.82 () {56 vars in 1144 bytes} [Wed Jan 28 13:58:49 2026] GET /identity/v3/domains/default => generated 199 bytes in 59 msecs (HTTP/1.1 200) 5 headers in 177 bytes (2 switches on core 0)
Jan 28 13:58:49 ubuntu devstack@keystone.service[81561]: DEBUG keystone.server.flask.request_processing.req_logging [None req-c2ba8122-9696-4dd9-b3a8-10bb29fcc16f None None] REQUEST_METHOD: `POST` {{(pid=81561) log_request_info /opt/stack/keystone/keystone/server/flask/request_processing/req_logging.py:26}}
Jan 28 13:58:49 ubuntu devstack@keystone.service[81561]: DEBUG keystone.server.flask.request_processing.req_logging [None req-c2ba8122-9696-4dd9-b3a8-10bb29fcc16f None None] SCRIPT_NAME: `/identity` {{(pid=81561) log_request_info /opt/stack/keystone/keystone/server/flask/request_processing/req_logging.py:27}}
Jan 28 13:58:49 ubuntu devstack@keystone.service[81561]: DEBUG keystone.server.flask.request_processing.req_logging [None req-c2ba8122-9696-4dd9-b3a8-10bb29fcc16f None None] PATH_INFO: `/v3/auth/tokens` {{(pid=81561) log_request_info /opt/stack/keystone/keystone/server/flask/request_processing/req_logging.py:28}}
Jan 28 13:58:49 ubuntu devstack@keystone.service[81561]: WARNING keystone.common.password_hashing [None req-c2ba8122-9696-4dd9-b3a8-10bb29fcc16f None None] Truncating password to algorithm specific maximum length 72 characters.
Jan 28 13:58:49 ubuntu devstack@keystone.service[81561]: DEBUG keystone.auth.core [None req-c2ba8122-9696-4dd9-b3a8-10bb29fcc16f None None] MFA Rules not processed for user `9bfca1ec553e4c328d4c350ab825a79d`. Rule list: `[]` (Enabled: `True`). {{(pid=81561) check_auth_methods_against_rules /opt/stack/keystone/keystone/auth/core.py:476}}
Jan 28 13:58:49 ubuntu devstack@keystone.service[81561]: DEBUG keystone.common.fernet_utils [None req-c2ba8122-9696-4dd9-b3a8-10bb29fcc16f None None] Loaded 2 Fernet keys from /etc/keystone/fernet-keys/, but `[fernet_tokens] max_active_keys = 3`; perhaps there have not been enough key rotations to reach `max_active_keys` yet? {{(pid=81561) load_keys /opt/stack/keystone/keystone/common/fernet_utils.py:297}}
Jan 28 13:58:49 ubuntu devstack@keystone.service[81561]: [pid: 81561|app: 0|req: 18/35] 10.201.5.82 () {58 vars in 1016 bytes} [Wed Jan 28 13:58:49 2026] POST /identity/v3/auth/tokens => generated 862 bytes in 52 msecs (HTTP/1.1 201) 6 headers in 363 bytes (1 switches on core 0)
Jan 28 13:58:49 ubuntu devstack@keystone.service[81561]: DEBUG keystone.server.flask.request_processing.middleware.auth_context [None req-c2ba8122-9696-4dd9-b3a8-10bb29fcc16f None None] Authenticating user token {{(pid=81561) process_request /opt/stack/data/venv/lib/python3.10/site-packages/keystonemiddleware/auth_token/__init__.py:407}}
Jan 28 13:58:49 ubuntu devstack@keystone.service[81561]: DEBUG keystone.server.flask.request_processing.middleware.auth_context [None req-c2ba8122-9696-4dd9-b3a8-10bb29fcc16f None None] Validating token access rules against request {{(pid=81561) validate_allowed_request /opt/stack/data/venv/lib/python3.10/site-packages/keystonemiddleware/auth_token/__init__.py:545}}
Jan 28 13:58:49 ubuntu devstack@keystone.service[81561]: DEBUG keystone.server.flask.request_processing.middleware.auth_context [None req-bb33d689-d7bd-487d-8548-3f2c03501106 None admin] RBAC: auth_context: {'token': <TokenModel (audit_id=kMSQSqbCRWyZ40nrCIxYqg, audit_chain_id=['kMSQSqbCRWyZ40nrCIxYqg']) at 0x7fd4ee079720>, 'domain_id': None, 'trust_id': None, 'trustor_id': None, 'trustee_id': None, 'domain_name': None, 'group_ids': [], 'user_id': '9bfca1ec553e4c328d4c350ab825a79d', 'user_domain_id': 'default', 'system_scope': 'all', 'project_id': None, 'project_domain_id': None, 'roles': ['admin', 'manager', 'member', 'reader'], 'is_admin_project': True, 'service_user_id': None, 'service_user_domain_id': None, 'service_project_id': None, 'service_project_domain_id': None, 'service_roles': []} {{(pid=81561) fill_context /opt/stack/keystone/keystone/server/flask/request_processing/middleware/auth_context.py:509}}
Jan 28 13:58:49 ubuntu devstack@keystone.service[81561]: DEBUG keystone.server.flask.request_processing.req_logging [None req-bb33d689-d7bd-487d-8548-3f2c03501106 None admin] REQUEST_METHOD: `GET` {{(pid=81561) log_request_info /opt/stack/keystone/keystone/server/flask/request_processing/req_logging.py:26}}
Jan 28 13:58:49 ubuntu devstack@keystone.service[81561]: DEBUG keystone.server.flask.request_processing.req_logging [None req-bb33d689-d7bd-487d-8548-3f2c03501106 None admin] SCRIPT_NAME: `/identity` {{(pid=81561) log_request_info /opt/stack/keystone/keystone/server/flask/request_processing/req_logging.py:27}}
Jan 28 13:58:49 ubuntu devstack@keystone.service[81561]: DEBUG keystone.server.flask.request_processing.req_logging [None req-bb33d689-d7bd-487d-8548-3f2c03501106 None admin] PATH_INFO: `/v3/role_assignments` {{(pid=81561) log_request_info /opt/stack/keystone/keystone/server/flask/request_processing/req_logging.py:28}}
Jan 28 13:58:49 ubuntu devstack@keystone.service[81561]: DEBUG keystone.common.rbac_enforcer.enforcer [None req-bb33d689-d7bd-487d-8548-3f2c03501106 None admin] RBAC: Adding query filter params (role.id=606d64713b9c4891bb4b14c2809c587b, scope.domain.id=default, user.id=9bfca1ec553e4c328d4c350ab825a79d) {{(pid=81561) _extract_filter_values /opt/stack/keystone/keystone/common/rbac_enforcer/enforcer.py:176}}
Jan 28 13:58:49 ubuntu devstack@keystone.service[81561]: DEBUG keystone.common.rbac_enforcer.enforcer [None req-bb33d689-d7bd-487d-8548-3f2c03501106 None admin] RBAC: Authorizing `identity:list_role_assignments()` {{(pid=81561) enforce_call /opt/stack/keystone/keystone/common/rbac_enforcer/enforcer.py:494}}
Jan 28 13:58:49 ubuntu devstack@keystone.service[81561]: DEBUG keystone.common.rbac_enforcer.enforcer [None req-bb33d689-d7bd-487d-8548-3f2c03501106 None admin] RBAC: Authorization granted {{(pid=81561) enforce_call /opt/stack/keystone/keystone/common/rbac_enforcer/enforcer.py:505}}
Jan 28 13:58:49 ubuntu devstack@keystone.service[81561]: [pid: 81561|app: 0|req: 19/36] 10.201.5.82 () {56 vars in 1371 bytes} [Wed Jan 28 13:58:49 2026] GET /identity/v3/role_assignments?role.id=606d64713b9c4891bb4b14c2809c587b&scope.domain.id=default&user.id=9bfca1ec553e4c328d4c350ab825a79d => generated 530 bytes in 57 msecs (HTTP/1.1 200) 5 headers in 177 bytes (1 switches on core 0)
Jan 28 13:58:49 ubuntu devstack@keystone.service[81561]: DEBUG keystone.server.flask.request_processing.middleware.auth_context [None req-bb33d689-d7bd-487d-8548-3f2c03501106 None admin] Authenticating user token {{(pid=81561) process_request /opt/stack/data/venv/lib/python3.10/site-packages/keystonemiddleware/auth_token/__init__.py:407}}
Jan 28 13:58:49 ubuntu devstack@keystone.service[81562]: [pid: 81562|app: 0|req: 18/37] 10.201.5.82 () {60 vars in 1133 bytes} [Wed Jan 28 13:58:49 2026] POST /identity/v3/projects => generated 301 bytes in 230 msecs (HTTP/1.1 201) 5 headers in 182 bytes (1 switches on core 0)
Jan 28 13:58:49 ubuntu devstack@keystone.service[81561]: DEBUG keystone.server.flask.request_processing.middleware.auth_context [None req-bb33d689-d7bd-487d-8548-3f2c03501106 None admin] Validating token access rules against request {{(pid=81561) validate_allowed_request /opt/stack/data/venv/lib/python3.10/site-packages/keystonemiddleware/auth_token/__init__.py:545}}
Jan 28 13:58:49 ubuntu devstack@keystone.service[81561]: DEBUG keystone.server.flask.request_processing.middleware.auth_context [None req-0d3eb780-1bbe-4201-81da-840b8bb4d0de None admin] RBAC: auth_context: {'token': <TokenModel (audit_id=yiBbvmrJRvGUKJl6yBpyhg, audit_chain_id=['yiBbvmrJRvGUKJl6yBpyhg']) at 0x7fd4ee07ad10>, 'domain_id': None, 'trust_id': None, 'trustor_id': None, 'trustee_id': None, 'domain_name': None, 'group_ids': [], 'user_id': '9bfca1ec553e4c328d4c350ab825a79d', 'user_domain_id': 'default', 'system_scope': 'all', 'project_id': None, 'project_domain_id': None, 'roles': ['admin', 'manager', 'member', 'reader'], 'is_admin_project': True, 'service_user_id': None, 'service_user_domain_id': None, 'service_project_id': None, 'service_project_domain_id': None, 'service_roles': []} {{(pid=81561) fill_context /opt/stack/keystone/keystone/server/flask/request_processing/middleware/auth_context.py:509}}
Jan 28 13:58:49 ubuntu devstack@keystone.service[81561]: DEBUG keystone.server.flask.request_processing.req_logging [None req-0d3eb780-1bbe-4201-81da-840b8bb4d0de None admin] REQUEST_METHOD: `POST` {{(pid=81561) log_request_info /opt/stack/keystone/keystone/server/flask/request_processing/req_logging.py:26}}
Jan 28 13:58:49 ubuntu devstack@keystone.service[81561]: DEBUG keystone.server.flask.request_processing.req_logging [None req-0d3eb780-1bbe-4201-81da-840b8bb4d0de None admin] SCRIPT_NAME: `/identity` {{(pid=81561) log_request_info /opt/stack/keystone/keystone/server/flask/request_processing/req_logging.py:27}}
Jan 28 13:58:49 ubuntu devstack@keystone.service[81561]: DEBUG keystone.server.flask.request_processing.req_logging [None req-0d3eb780-1bbe-4201-81da-840b8bb4d0de None admin] PATH_INFO: `/v3/roles` {{(pid=81561) log_request_info /opt/stack/keystone/keystone/server/flask/request_processing/req_logging.py:28}}
Jan 28 13:58:49 ubuntu devstack@keystone.service[81561]: DEBUG keystone.common.rbac_enforcer.enforcer [None req-0d3eb780-1bbe-4201-81da-840b8bb4d0de None admin] RBAC: Authorizing `identity:create_role()` {{(pid=81561) enforce_call /opt/stack/keystone/keystone/common/rbac_enforcer/enforcer.py:494}}
Jan 28 13:58:49 ubuntu devstack@keystone.service[81561]: DEBUG keystone.common.rbac_enforcer.enforcer [None req-0d3eb780-1bbe-4201-81da-840b8bb4d0de None admin] RBAC: Authorization granted {{(pid=81561) enforce_call /opt/stack/keystone/keystone/common/rbac_enforcer/enforcer.py:505}}
Jan 28 13:58:49 ubuntu devstack@keystone.service[81561]: DEBUG keystone.common.sql.core [None req-0d3eb780-1bbe-4201-81da-840b8bb4d0de None admin] Conflict role: (pymysql.err.IntegrityError) (1062, "Duplicate entry 'service-<<null>>' for key 'role.ixu_role_name_domain_id'")
Jan 28 13:58:49 ubuntu devstack@keystone.service[81561]: [SQL: INSERT INTO `role` (id, name, description, extra) VALUES (%(id)s, %(name)s, %(description)s, %(extra)s)]
Jan 28 13:58:49 ubuntu devstack@keystone.service[81561]: [parameters: {'id': '18c562d59fcb42e18f90a2265defbeed', 'name': 'service', 'description': None, 'extra': '{}'}]
Jan 28 13:58:49 ubuntu devstack@keystone.service[81561]: (Background on this error at: https://sqlalche.me/e/20/gkpj) {{(pid=81561) wrapper /opt/stack/keystone/keystone/common/sql/core.py:580}}
Jan 28 13:58:49 ubuntu devstack@keystone.service[81561]: ERROR keystone.server.flask.application [None req-0d3eb780-1bbe-4201-81da-840b8bb4d0de None admin] Conflict occurred attempting to store role - Duplicate entry found with name service.: keystone.exception.Conflict: Conflict occurred attempting to store role - Duplicate entry found with name service.
Jan 28 13:58:49 ubuntu devstack@keystone.service[81561]: ERROR keystone.server.flask.application Traceback (most recent call last):
Jan 28 13:58:49 ubuntu devstack@keystone.service[81561]: ERROR keystone.server.flask.application   File "/opt/stack/data/venv/lib/python3.10/site-packages/sqlalchemy/engine/base.py", line 1967, in _exec_single_context
Jan 28 13:58:49 ubuntu devstack@keystone.service[81561]: ERROR keystone.server.flask.application     self.dialect.do_execute(
Jan 28 13:58:49 ubuntu devstack@keystone.service[81561]: ERROR keystone.server.flask.application   File "/opt/stack/data/venv/lib/python3.10/site-packages/sqlalchemy/engine/default.py", line 951, in do_execute
Jan 28 13:58:49 ubuntu devstack@keystone.service[81561]: ERROR keystone.server.flask.application     cursor.execute(statement, parameters)
Jan 28 13:58:49 ubuntu devstack@keystone.service[81561]: ERROR keystone.server.flask.application   File "/opt/stack/data/venv/lib/python3.10/site-packages/pymysql/cursors.py", line 153, in execute
Jan 28 13:58:49 ubuntu devstack@keystone.service[81561]: ERROR keystone.server.flask.application     result = self._query(query)
Jan 28 13:58:49 ubuntu devstack@keystone.service[81561]: ERROR keystone.server.flask.application   File "/opt/stack/data/venv/lib/python3.10/site-packages/pymysql/cursors.py", line 322, in _query
Jan 28 13:58:49 ubuntu devstack@keystone.service[81561]: ERROR keystone.server.flask.application     conn.query(q)
Jan 28 13:58:49 ubuntu devstack@keystone.service[81561]: ERROR keystone.server.flask.application   File "/opt/stack/data/venv/lib/python3.10/site-packages/pymysql/connections.py", line 575, in query
Jan 28 13:58:49 ubuntu devstack@keystone.service[81561]: ERROR keystone.server.flask.application     self._affected_rows = self._read_query_result(unbuffered=unbuffered)
Jan 28 13:58:49 ubuntu devstack@keystone.service[81561]: ERROR keystone.server.flask.application   File "/opt/stack/data/venv/lib/python3.10/site-packages/pymysql/connections.py", line 826, in _read_query_result
Jan 28 13:58:49 ubuntu devstack@keystone.service[81561]: ERROR keystone.server.flask.application     result.read()
Jan 28 13:58:49 ubuntu devstack@keystone.service[81561]: ERROR keystone.server.flask.application   File "/opt/stack/data/venv/lib/python3.10/site-packages/pymysql/connections.py", line 1203, in read
Jan 28 13:58:49 ubuntu devstack@keystone.service[81561]: ERROR keystone.server.flask.application     first_packet = self.connection._read_packet()
Jan 28 13:58:49 ubuntu devstack@keystone.service[81561]: ERROR keystone.server.flask.application   File "/opt/stack/data/venv/lib/python3.10/site-packages/pymysql/connections.py", line 782, in _read_packet
Jan 28 13:58:49 ubuntu devstack@keystone.service[81561]: ERROR keystone.server.flask.application     packet.raise_for_error()
Jan 28 13:58:49 ubuntu devstack@keystone.service[81561]: ERROR keystone.server.flask.application   File "/opt/stack/data/venv/lib/python3.10/site-packages/pymysql/protocol.py", line 219, in raise_for_error
Jan 28 13:58:49 ubuntu devstack@keystone.service[81561]: ERROR keystone.server.flask.application     err.raise_mysql_exception(self._data)
Jan 28 13:58:49 ubuntu devstack@keystone.service[81561]: ERROR keystone.server.flask.application   File "/opt/stack/data/venv/lib/python3.10/site-packages/pymysql/err.py", line 150, in raise_mysql_exception
Jan 28 13:58:49 ubuntu devstack@keystone.service[81561]: ERROR keystone.server.flask.application     raise errorclass(errno, errval)
Jan 28 13:58:49 ubuntu devstack@keystone.service[81561]: ERROR keystone.server.flask.application pymysql.err.IntegrityError: (1062, "Duplicate entry 'service-<<null>>' for key 'role.ixu_role_name_domain_id'")
Jan 28 13:58:49 ubuntu devstack@keystone.service[81561]: ERROR keystone.server.flask.application 
Jan 28 13:58:49 ubuntu devstack@keystone.service[81561]: ERROR keystone.server.flask.application The above exception was the direct cause of the following exception:
Jan 28 13:58:49 ubuntu devstack@keystone.service[81561]: ERROR keystone.server.flask.application 
Jan 28 13:58:49 ubuntu devstack@keystone.service[81561]: ERROR keystone.server.flask.application Traceback (most recent call last):
Jan 28 13:58:49 ubuntu devstack@keystone.service[81561]: ERROR keystone.server.flask.application   File "/opt/stack/keystone/keystone/common/sql/core.py", line 575, in wrapper
Jan 28 13:58:49 ubuntu devstack@keystone.service[81561]: ERROR keystone.server.flask.application     return method(*args, **kwargs)
Jan 28 13:58:49 ubuntu devstack@keystone.service[81561]: ERROR keystone.server.flask.application   File "/opt/stack/keystone/keystone/assignment/role_backends/sql.py", line 25, in create_role
Jan 28 13:58:49 ubuntu devstack@keystone.service[81561]: ERROR keystone.server.flask.application     with sql.session_for_write() as session:
Jan 28 13:58:49 ubuntu devstack@keystone.service[81561]: ERROR keystone.server.flask.application   File "/usr/lib/python3.10/contextlib.py", line 142, in __exit__
Jan 28 13:58:49 ubuntu devstack@keystone.service[81561]: ERROR keystone.server.flask.application     next(self.gen)
Jan 28 13:58:49 ubuntu devstack@keystone.service[81561]: ERROR keystone.server.flask.application   File "/opt/stack/data/venv/lib/python3.10/site-packages/oslo_db/sqlalchemy/enginefacade.py", line 1175, in _transaction_scope
Jan 28 13:58:49 ubuntu devstack@keystone.service[81561]: ERROR keystone.server.flask.application     with current._produce_block(
Jan 28 13:58:49 ubuntu devstack@keystone.service[81561]: ERROR keystone.server.flask.application   File "/usr/lib/python3.10/contextlib.py", line 142, in __exit__
Jan 28 13:58:49 ubuntu devstack@keystone.service[81561]: ERROR keystone.server.flask.application     next(self.gen)
Jan 28 13:58:49 ubuntu devstack@keystone.service[81561]: ERROR keystone.server.flask.application   File "/opt/stack/data/venv/lib/python3.10/site-packages/oslo_db/sqlalchemy/enginefacade.py", line 837, in _session
Jan 28 13:58:49 ubuntu devstack@keystone.service[81561]: ERROR keystone.server.flask.application     with excutils.save_and_reraise_exception():
Jan 28 13:58:49 ubuntu devstack@keystone.service[81561]: ERROR keystone.server.flask.application   File "/opt/stack/data/venv/lib/python3.10/site-packages/oslo_utils/excutils.py", line 256, in __exit__
Jan 28 13:58:49 ubuntu devstack@keystone.service[81561]: ERROR keystone.server.flask.application     self.force_reraise()
Jan 28 13:58:49 ubuntu devstack@keystone.service[81561]: ERROR keystone.server.flask.application   File "/opt/stack/data/venv/lib/python3.10/site-packages/oslo_utils/excutils.py", line 222, in force_reraise
Jan 28 13:58:49 ubuntu devstack@keystone.service[81561]: ERROR keystone.server.flask.application     raise self.value
Jan 28 13:58:49 ubuntu devstack@keystone.service[81561]: ERROR keystone.server.flask.application   File "/opt/stack/data/venv/lib/python3.10/site-packages/oslo_db/sqlalchemy/enginefacade.py", line 835, in _session
