Jul 18 10:32:28 ubuntu devstack@keystone.service[81762]: DEBUG keystone.server.flask.request_processing.middleware.auth_context [None req-d50e44f1-9cf3-4f0d-b1f2-ec494d967503 None admin] RBAC: auth_context: {'token': <TokenModel (audit_id=gj_-ERjuRyGeq2lHvV8bXA, audit_chain_id=['gj_-ERjuRyGeq2lHvV8bXA']) at 0x7fd558351c90>, 'domain_id': None, 'trust_id': None, 'trustor_id': None, 'trustee_id': None, 'domain_name': None, 'group_ids': [], 'user_id': '373eab8e42ad489a9c45c1902b3d52ed', 'user_domain_id': 'default', 'system_scope': 'all', 'project_id': None, 'project_domain_id': None, 'roles': ['admin', 'manager', 'member', 'reader'], 'is_admin_project': True, 'service_user_id': None, 'service_user_domain_id': None, 'service_project_id': None, 'service_project_domain_id': None, 'service_roles': []} {{(pid=81762) fill_context /opt/stack/keystone/keystone/server/flask/request_processing/middleware/auth_context.py:509}}
Jul 18 10:32:28 ubuntu devstack@keystone.service[81762]: DEBUG keystone.server.flask.request_processing.req_logging [None req-d50e44f1-9cf3-4f0d-b1f2-ec494d967503 None admin] REQUEST_METHOD: `GET` {{(pid=81762) log_request_info /opt/stack/keystone/keystone/server/flask/request_processing/req_logging.py:26}}
Jul 18 10:32:28 ubuntu devstack@keystone.service[81762]: DEBUG keystone.server.flask.request_processing.req_logging [None req-d50e44f1-9cf3-4f0d-b1f2-ec494d967503 None admin] SCRIPT_NAME: `/identity` {{(pid=81762) log_request_info /opt/stack/keystone/keystone/server/flask/request_processing/req_logging.py:27}}
Jul 18 10:32:28 ubuntu devstack@keystone.service[81762]: DEBUG keystone.server.flask.request_processing.req_logging [None req-d50e44f1-9cf3-4f0d-b1f2-ec494d967503 None admin] PATH_INFO: `/v3/roles/admin` {{(pid=81762) log_request_info /opt/stack/keystone/keystone/server/flask/request_processing/req_logging.py:28}}
Jul 18 10:32:28 ubuntu devstack@keystone.service[81762]: DEBUG keystone.common.rbac_enforcer.enforcer [None req-d50e44f1-9cf3-4f0d-b1f2-ec494d967503 None admin] Extracting inferred target data resulted in "NOT FOUND (404)". {{(pid=81762) enforce_call /opt/stack/keystone/keystone/common/rbac_enforcer/enforcer.py:445}}
Jul 18 10:32:28 ubuntu devstack@keystone.service[81762]: DEBUG keystone.server.flask.application [None req-d50e44f1-9cf3-4f0d-b1f2-ec494d967503 None admin] Could not find role: admin. {{(pid=81762) _handle_keystone_exception /opt/stack/keystone/keystone/server/flask/application.py:146}}
Jul 18 10:32:28 ubuntu devstack@keystone.service[81762]: [pid: 81762|app: 0|req: 13/24] 10.201.5.82 () {56 vars in 1132 bytes} [Fri Jul 18 10:32:28 2025] GET /identity/v3/roles/admin => generated 83 bytes in 74 msecs (HTTP/1.1 404) 5 headers in 183 bytes (1 switches on core 0)
Jul 18 10:32:28 ubuntu devstack@keystone.service[81763]: DEBUG keystone.server.flask.request_processing.middleware.auth_context [None req-e6b06ea4-86d8-476d-9f11-90149bb8f11a None None] Authenticating user token {{(pid=81763) process_request /opt/stack/data/venv/lib/python3.10/site-packages/keystonemiddleware/auth_token/__init__.py:407}}
Jul 18 10:32:28 ubuntu devstack@keystone.service[81762]: DEBUG keystone.server.flask.request_processing.req_logging [None req-7fcf9b1e-a631-422c-995e-e78e8f2c7a64 None None] REQUEST_METHOD: `GET` {{(pid=81762) log_request_info /opt/stack/keystone/keystone/server/flask/request_processing/req_logging.py:26}}
Jul 18 10:32:28 ubuntu devstack@keystone.service[81762]: DEBUG keystone.server.flask.request_processing.req_logging [None req-7fcf9b1e-a631-422c-995e-e78e8f2c7a64 None None] SCRIPT_NAME: `/identity` {{(pid=81762) log_request_info /opt/stack/keystone/keystone/server/flask/request_processing/req_logging.py:27}}
Jul 18 10:32:28 ubuntu devstack@keystone.service[81762]: DEBUG keystone.server.flask.request_processing.req_logging [None req-7fcf9b1e-a631-422c-995e-e78e8f2c7a64 None None] PATH_INFO: `/` {{(pid=81762) log_request_info /opt/stack/keystone/keystone/server/flask/request_processing/req_logging.py:28}}
Jul 18 10:32:28 ubuntu devstack@keystone.service[81762]: [pid: 81762|app: 0|req: 14/25] 10.201.5.82 () {54 vars in 919 bytes} [Fri Jul 18 10:32:28 2025] GET /identity => generated 270 bytes in 2 msecs (HTTP/1.1 300) 6 headers in 234 bytes (1 switches on core 0)
Jul 18 10:32:28 ubuntu devstack@keystone.service[81762]: DEBUG keystone.server.flask.request_processing.req_logging [None req-6b9d6ae5-d618-4a26-a4f9-d93c5205eefd None None] REQUEST_METHOD: `POST` {{(pid=81762) log_request_info /opt/stack/keystone/keystone/server/flask/request_processing/req_logging.py:26}}
Jul 18 10:32:28 ubuntu devstack@keystone.service[81762]: DEBUG keystone.server.flask.request_processing.req_logging [None req-6b9d6ae5-d618-4a26-a4f9-d93c5205eefd None None] SCRIPT_NAME: `/identity` {{(pid=81762) log_request_info /opt/stack/keystone/keystone/server/flask/request_processing/req_logging.py:27}}
Jul 18 10:32:28 ubuntu devstack@keystone.service[81762]: DEBUG keystone.server.flask.request_processing.req_logging [None req-6b9d6ae5-d618-4a26-a4f9-d93c5205eefd None None] PATH_INFO: `/v3/auth/tokens` {{(pid=81762) log_request_info /opt/stack/keystone/keystone/server/flask/request_processing/req_logging.py:28}}
Jul 18 10:32:28 ubuntu devstack@keystone.service[81762]: WARNING keystone.common.password_hashing [None req-6b9d6ae5-d618-4a26-a4f9-d93c5205eefd None None] Truncating password to algorithm specific maximum length 72 characters.
Jul 18 10:32:28 ubuntu devstack@keystone.service[81763]: DEBUG keystone.server.flask.request_processing.middleware.auth_context [None req-e6b06ea4-86d8-476d-9f11-90149bb8f11a None None] Validating token access rules against request {{(pid=81763) validate_allowed_request /opt/stack/data/venv/lib/python3.10/site-packages/keystonemiddleware/auth_token/__init__.py:545}}
Jul 18 10:32:28 ubuntu devstack@keystone.service[81762]: DEBUG keystone.auth.core [None req-6b9d6ae5-d618-4a26-a4f9-d93c5205eefd None None] MFA Rules not processed for user `373eab8e42ad489a9c45c1902b3d52ed`. Rule list: `[]` (Enabled: `True`). {{(pid=81762) check_auth_methods_against_rules /opt/stack/keystone/keystone/auth/core.py:476}}
Jul 18 10:32:28 ubuntu devstack@keystone.service[81762]: DEBUG keystone.common.fernet_utils [None req-6b9d6ae5-d618-4a26-a4f9-d93c5205eefd None None] Loaded 2 Fernet keys from /etc/keystone/fernet-keys/, but `[fernet_tokens] max_active_keys = 3`; perhaps there have not been enough key rotations to reach `max_active_keys` yet? {{(pid=81762) load_keys /opt/stack/keystone/keystone/common/fernet_utils.py:297}}
Jul 18 10:32:28 ubuntu devstack@keystone.service[81763]: DEBUG keystone.server.flask.request_processing.middleware.auth_context [None req-950eb9fb-eee5-49f7-b073-58f17575a784 None admin] RBAC: auth_context: {'token': <TokenModel (audit_id=gj_-ERjuRyGeq2lHvV8bXA, audit_chain_id=['gj_-ERjuRyGeq2lHvV8bXA']) at 0x7fd5583f4130>, 'domain_id': None, 'trust_id': None, 'trustor_id': None, 'trustee_id': None, 'domain_name': None, 'group_ids': [], 'user_id': '373eab8e42ad489a9c45c1902b3d52ed', 'user_domain_id': 'default', 'system_scope': 'all', 'project_id': None, 'project_domain_id': None, 'roles': ['admin', 'manager', 'member', 'reader'], 'is_admin_project': True, 'service_user_id': None, 'service_user_domain_id': None, 'service_project_id': None, 'service_project_domain_id': None, 'service_roles': []} {{(pid=81763) fill_context /opt/stack/keystone/keystone/server/flask/request_processing/middleware/auth_context.py:509}}
Jul 18 10:32:28 ubuntu devstack@keystone.service[81763]: DEBUG keystone.server.flask.request_processing.req_logging [None req-950eb9fb-eee5-49f7-b073-58f17575a784 None admin] REQUEST_METHOD: `GET` {{(pid=81763) log_request_info /opt/stack/keystone/keystone/server/flask/request_processing/req_logging.py:26}}
Jul 18 10:32:28 ubuntu devstack@keystone.service[81763]: DEBUG keystone.server.flask.request_processing.req_logging [None req-950eb9fb-eee5-49f7-b073-58f17575a784 None admin] SCRIPT_NAME: `/identity` {{(pid=81763) log_request_info /opt/stack/keystone/keystone/server/flask/request_processing/req_logging.py:27}}
Jul 18 10:32:28 ubuntu devstack@keystone.service[81763]: DEBUG keystone.server.flask.request_processing.req_logging [None req-950eb9fb-eee5-49f7-b073-58f17575a784 None admin] PATH_INFO: `/v3/roles` {{(pid=81763) log_request_info /opt/stack/keystone/keystone/server/flask/request_processing/req_logging.py:28}}
Jul 18 10:32:28 ubuntu devstack@keystone.service[81763]: DEBUG keystone.common.rbac_enforcer.enforcer [None req-950eb9fb-eee5-49f7-b073-58f17575a784 None admin] RBAC: Adding query filter params (name=admin) {{(pid=81763) _extract_filter_values /opt/stack/keystone/keystone/common/rbac_enforcer/enforcer.py:176}}
Jul 18 10:32:28 ubuntu devstack@keystone.service[81763]: DEBUG keystone.common.rbac_enforcer.enforcer [None req-950eb9fb-eee5-49f7-b073-58f17575a784 None admin] RBAC: Authorizing `identity:list_roles()` {{(pid=81763) enforce_call /opt/stack/keystone/keystone/common/rbac_enforcer/enforcer.py:494}}
Jul 18 10:32:28 ubuntu devstack@keystone.service[81763]: DEBUG keystone.common.rbac_enforcer.enforcer [None req-950eb9fb-eee5-49f7-b073-58f17575a784 None admin] RBAC: Authorization granted {{(pid=81763) enforce_call /opt/stack/keystone/keystone/common/rbac_enforcer/enforcer.py:505}}
Jul 18 10:32:28 ubuntu devstack@keystone.service[81763]: [pid: 81763|app: 0|req: 12/26] 10.201.5.82 () {56 vars in 1148 bytes} [Fri Jul 18 10:32:28 2025] GET /identity/v3/roles?name=admin => generated 339 bytes in 79 msecs (HTTP/1.1 200) 5 headers in 177 bytes (1 switches on core 0)
Jul 18 10:32:28 ubuntu devstack@keystone.service[81763]: DEBUG keystone.server.flask.request_processing.middleware.auth_context [None req-950eb9fb-eee5-49f7-b073-58f17575a784 None admin] Authenticating user token {{(pid=81763) process_request /opt/stack/data/venv/lib/python3.10/site-packages/keystonemiddleware/auth_token/__init__.py:407}}
Jul 18 10:32:28 ubuntu devstack@keystone.service[81762]: [pid: 81762|app: 0|req: 15/27] 10.201.5.82 () {58 vars in 1016 bytes} [Fri Jul 18 10:32:28 2025] POST /identity/v3/auth/tokens => generated 862 bytes in 82 msecs (HTTP/1.1 201) 6 headers in 363 bytes (2 switches on core 0)
Jul 18 10:32:28 ubuntu devstack@keystone.service[81763]: DEBUG keystone.server.flask.request_processing.middleware.auth_context [None req-950eb9fb-eee5-49f7-b073-58f17575a784 None admin] Validating token access rules against request {{(pid=81763) validate_allowed_request /opt/stack/data/venv/lib/python3.10/site-packages/keystonemiddleware/auth_token/__init__.py:545}}
Jul 18 10:32:28 ubuntu devstack@keystone.service[81763]: DEBUG keystone.server.flask.request_processing.middleware.auth_context [None req-70ab7cb5-00ce-48b3-9c1e-77b9a44441af None admin] RBAC: auth_context: {'token': <TokenModel (audit_id=gj_-ERjuRyGeq2lHvV8bXA, audit_chain_id=['gj_-ERjuRyGeq2lHvV8bXA']) at 0x7fd5580d7bb0>, 'domain_id': None, 'trust_id': None, 'trustor_id': None, 'trustee_id': None, 'domain_name': None, 'group_ids': [], 'user_id': '373eab8e42ad489a9c45c1902b3d52ed', 'user_domain_id': 'default', 'system_scope': 'all', 'project_id': None, 'project_domain_id': None, 'roles': ['admin', 'manager', 'member', 'reader'], 'is_admin_project': True, 'service_user_id': None, 'service_user_domain_id': None, 'service_project_id': None, 'service_project_domain_id': None, 'service_roles': []} {{(pid=81763) fill_context /opt/stack/keystone/keystone/server/flask/request_processing/middleware/auth_context.py:509}}
Jul 18 10:32:28 ubuntu devstack@keystone.service[81763]: DEBUG keystone.server.flask.request_processing.req_logging [None req-70ab7cb5-00ce-48b3-9c1e-77b9a44441af None admin] REQUEST_METHOD: `GET` {{(pid=81763) log_request_info /opt/stack/keystone/keystone/server/flask/request_processing/req_logging.py:26}}
Jul 18 10:32:28 ubuntu devstack@keystone.service[81763]: DEBUG keystone.server.flask.request_processing.req_logging [None req-70ab7cb5-00ce-48b3-9c1e-77b9a44441af None admin] SCRIPT_NAME: `/identity` {{(pid=81763) log_request_info /opt/stack/keystone/keystone/server/flask/request_processing/req_logging.py:27}}
Jul 18 10:32:28 ubuntu devstack@keystone.service[81763]: DEBUG keystone.server.flask.request_processing.req_logging [None req-70ab7cb5-00ce-48b3-9c1e-77b9a44441af None admin] PATH_INFO: `/v3/users/373eab8e42ad489a9c45c1902b3d52ed` {{(pid=81763) log_request_info /opt/stack/keystone/keystone/server/flask/request_processing/req_logging.py:28}}
Jul 18 10:32:28 ubuntu devstack@keystone.service[81763]: DEBUG keystone.common.rbac_enforcer.enforcer [None req-70ab7cb5-00ce-48b3-9c1e-77b9a44441af None admin] RBAC: Authorizing `identity:get_user(user_id=373eab8e42ad489a9c45c1902b3d52ed)` {{(pid=81763) enforce_call /opt/stack/keystone/keystone/common/rbac_enforcer/enforcer.py:494}}
Jul 18 10:32:28 ubuntu devstack@keystone.service[81763]: DEBUG keystone.common.rbac_enforcer.enforcer [None req-70ab7cb5-00ce-48b3-9c1e-77b9a44441af None admin] RBAC: Authorization granted {{(pid=81763) enforce_call /opt/stack/keystone/keystone/common/rbac_enforcer/enforcer.py:505}}
Jul 18 10:32:28 ubuntu devstack@keystone.service[81763]: [pid: 81763|app: 0|req: 13/28] 10.201.5.82 () {56 vars in 1213 bytes} [Fri Jul 18 10:32:28 2025] GET /identity/v3/users/373eab8e42ad489a9c45c1902b3d52ed => generated 247 bytes in 90 msecs (HTTP/1.1 200) 5 headers in 177 bytes (1 switches on core 0)
Jul 18 10:32:28 ubuntu devstack@keystone.service[81762]: DEBUG keystone.server.flask.request_processing.middleware.auth_context [None req-6b9d6ae5-d618-4a26-a4f9-d93c5205eefd None None] Authenticating user token {{(pid=81762) process_request /opt/stack/data/venv/lib/python3.10/site-packages/keystonemiddleware/auth_token/__init__.py:407}}
Jul 18 10:32:28 ubuntu devstack@keystone.service[81763]: DEBUG keystone.server.flask.request_processing.req_logging [None req-78472595-07a4-4259-a2c8-37715b666771 None None] REQUEST_METHOD: `GET` {{(pid=81763) log_request_info /opt/stack/keystone/keystone/server/flask/request_processing/req_logging.py:26}}
Jul 18 10:32:28 ubuntu devstack@keystone.service[81763]: DEBUG keystone.server.flask.request_processing.req_logging [None req-78472595-07a4-4259-a2c8-37715b666771 None None] SCRIPT_NAME: `/identity` {{(pid=81763) log_request_info /opt/stack/keystone/keystone/server/flask/request_processing/req_logging.py:27}}
Jul 18 10:32:28 ubuntu devstack@keystone.service[81763]: DEBUG keystone.server.flask.request_processing.req_logging [None req-78472595-07a4-4259-a2c8-37715b666771 None None] PATH_INFO: `/` {{(pid=81763) log_request_info /opt/stack/keystone/keystone/server/flask/request_processing/req_logging.py:28}}
Jul 18 10:32:28 ubuntu devstack@keystone.service[81763]: [pid: 81763|app: 0|req: 14/29] 10.201.5.82 () {54 vars in 919 bytes} [Fri Jul 18 10:32:28 2025] GET /identity => generated 270 bytes in 1 msecs (HTTP/1.1 300) 6 headers in 234 bytes (1 switches on core 0)
Jul 18 10:32:28 ubuntu devstack@keystone.service[81763]: DEBUG keystone.server.flask.request_processing.req_logging [None req-ab5660ab-e7c3-47f4-ae11-6608329ae841 None None] REQUEST_METHOD: `POST` {{(pid=81763) log_request_info /opt/stack/keystone/keystone/server/flask/request_processing/req_logging.py:26}}
Jul 18 10:32:28 ubuntu devstack@keystone.service[81763]: DEBUG keystone.server.flask.request_processing.req_logging [None req-ab5660ab-e7c3-47f4-ae11-6608329ae841 None None] SCRIPT_NAME: `/identity` {{(pid=81763) log_request_info /opt/stack/keystone/keystone/server/flask/request_processing/req_logging.py:27}}
Jul 18 10:32:28 ubuntu devstack@keystone.service[81763]: DEBUG keystone.server.flask.request_processing.req_logging [None req-ab5660ab-e7c3-47f4-ae11-6608329ae841 None None] PATH_INFO: `/v3/auth/tokens` {{(pid=81763) log_request_info /opt/stack/keystone/keystone/server/flask/request_processing/req_logging.py:28}}
Jul 18 10:32:28 ubuntu devstack@keystone.service[81763]: WARNING keystone.common.password_hashing [None req-ab5660ab-e7c3-47f4-ae11-6608329ae841 None None] Truncating password to algorithm specific maximum length 72 characters.
Jul 18 10:32:28 ubuntu devstack@keystone.service[81763]: DEBUG keystone.auth.core [None req-ab5660ab-e7c3-47f4-ae11-6608329ae841 None None] MFA Rules not processed for user `373eab8e42ad489a9c45c1902b3d52ed`. Rule list: `[]` (Enabled: `True`). {{(pid=81763) check_auth_methods_against_rules /opt/stack/keystone/keystone/auth/core.py:476}}
Jul 18 10:32:28 ubuntu devstack@keystone.service[81763]: DEBUG keystone.common.fernet_utils [None req-ab5660ab-e7c3-47f4-ae11-6608329ae841 None None] Loaded 2 Fernet keys from /etc/keystone/fernet-keys/, but `[fernet_tokens] max_active_keys = 3`; perhaps there have not been enough key rotations to reach `max_active_keys` yet? {{(pid=81763) load_keys /opt/stack/keystone/keystone/common/fernet_utils.py:297}}
Jul 18 10:32:28 ubuntu devstack@keystone.service[81762]: DEBUG keystone.server.flask.request_processing.middleware.auth_context [None req-6b9d6ae5-d618-4a26-a4f9-d93c5205eefd None None] Validating token access rules against request {{(pid=81762) validate_allowed_request /opt/stack/data/venv/lib/python3.10/site-packages/keystonemiddleware/auth_token/__init__.py:545}}
Jul 18 10:32:28 ubuntu devstack@keystone.service[81763]: [pid: 81763|app: 0|req: 15/30] 10.201.5.82 () {58 vars in 1016 bytes} [Fri Jul 18 10:32:28 2025] POST /identity/v3/auth/tokens => generated 862 bytes in 71 msecs (HTTP/1.1 201) 6 headers in 363 bytes (1 switches on core 0)
Jul 18 10:32:28 ubuntu devstack@keystone.service[81763]: DEBUG keystone.server.flask.request_processing.req_logging [None req-c0649da0-a946-45fa-89af-108314bdd2e2 None None] REQUEST_METHOD: `GET` {{(pid=81763) log_request_info /opt/stack/keystone/keystone/server/flask/request_processing/req_logging.py:26}}
Jul 18 10:32:28 ubuntu devstack@keystone.service[81763]: DEBUG keystone.server.flask.request_processing.req_logging [None req-c0649da0-a946-45fa-89af-108314bdd2e2 None None] SCRIPT_NAME: `/identity` {{(pid=81763) log_request_info /opt/stack/keystone/keystone/server/flask/request_processing/req_logging.py:27}}
Jul 18 10:32:28 ubuntu devstack@keystone.service[81763]: DEBUG keystone.server.flask.request_processing.req_logging [None req-c0649da0-a946-45fa-89af-108314bdd2e2 None None] PATH_INFO: `/` {{(pid=81763) log_request_info /opt/stack/keystone/keystone/server/flask/request_processing/req_logging.py:28}}
Jul 18 10:32:28 ubuntu devstack@keystone.service[81763]: [pid: 81763|app: 0|req: 16/31] 10.201.5.82 () {54 vars in 919 bytes} [Fri Jul 18 10:32:28 2025] GET /identity => generated 270 bytes in 1 msecs (HTTP/1.1 300) 6 headers in 234 bytes (1 switches on core 0)
Jul 18 10:32:28 ubuntu devstack@keystone.service[81762]: DEBUG keystone.server.flask.request_processing.middleware.auth_context [None req-57d7c89a-9851-4ffe-b94b-a7f23db3cba8 None admin] RBAC: auth_context: {'token': <TokenModel (audit_id=gj_-ERjuRyGeq2lHvV8bXA, audit_chain_id=['gj_-ERjuRyGeq2lHvV8bXA']) at 0x7fd5583b6b60>, 'domain_id': None, 'trust_id': None, 'trustor_id': None, 'trustee_id': None, 'domain_name': None, 'group_ids': [], 'user_id': '373eab8e42ad489a9c45c1902b3d52ed', 'user_domain_id': 'default', 'system_scope': 'all', 'project_id': None, 'project_domain_id': None, 'roles': ['admin', 'manager', 'member', 'reader'], 'is_admin_project': True, 'service_user_id': None, 'service_user_domain_id': None, 'service_project_id': None, 'service_project_domain_id': None, 'service_roles': []} {{(pid=81762) fill_context /opt/stack/keystone/keystone/server/flask/request_processing/middleware/auth_context.py:509}}
Jul 18 10:32:28 ubuntu devstack@keystone.service[81762]: DEBUG keystone.server.flask.request_processing.req_logging [None req-57d7c89a-9851-4ffe-b94b-a7f23db3cba8 None admin] REQUEST_METHOD: `GET` {{(pid=81762) log_request_info /opt/stack/keystone/keystone/server/flask/request_processing/req_logging.py:26}}
Jul 18 10:32:28 ubuntu devstack@keystone.service[81762]: DEBUG keystone.server.flask.request_processing.req_logging [None req-57d7c89a-9851-4ffe-b94b-a7f23db3cba8 None admin] SCRIPT_NAME: `/identity` {{(pid=81762) log_request_info /opt/stack/keystone/keystone/server/flask/request_processing/req_logging.py:27}}
Jul 18 10:32:28 ubuntu devstack@keystone.service[81762]: DEBUG keystone.server.flask.request_processing.req_logging [None req-57d7c89a-9851-4ffe-b94b-a7f23db3cba8 None admin] PATH_INFO: `/v3/domains/default` {{(pid=81762) log_request_info /opt/stack/keystone/keystone/server/flask/request_processing/req_logging.py:28}}
Jul 18 10:32:28 ubuntu devstack@keystone.service[81763]: DEBUG keystone.server.flask.request_processing.req_logging [None req-2434aca9-4e81-4a27-8e5b-72eab5f2e418 None None] REQUEST_METHOD: `POST` {{(pid=81763) log_request_info /opt/stack/keystone/keystone/server/flask/request_processing/req_logging.py:26}}
Jul 18 10:32:28 ubuntu devstack@keystone.service[81763]: DEBUG keystone.server.flask.request_processing.req_logging [None req-2434aca9-4e81-4a27-8e5b-72eab5f2e418 None None] SCRIPT_NAME: `/identity` {{(pid=81763) log_request_info /opt/stack/keystone/keystone/server/flask/request_processing/req_logging.py:27}}
Jul 18 10:32:28 ubuntu devstack@keystone.service[81763]: DEBUG keystone.server.flask.request_processing.req_logging [None req-2434aca9-4e81-4a27-8e5b-72eab5f2e418 None None] PATH_INFO: `/v3/auth/tokens` {{(pid=81763) log_request_info /opt/stack/keystone/keystone/server/flask/request_processing/req_logging.py:28}}
Jul 18 10:32:28 ubuntu devstack@keystone.service[81762]: DEBUG keystone.common.rbac_enforcer.enforcer [None req-57d7c89a-9851-4ffe-b94b-a7f23db3cba8 None admin] RBAC: Authorizing `identity:get_domain(domain_id=default)` {{(pid=81762) enforce_call /opt/stack/keystone/keystone/common/rbac_enforcer/enforcer.py:494}}
Jul 18 10:32:28 ubuntu devstack@keystone.service[81762]: DEBUG keystone.common.rbac_enforcer.enforcer [None req-57d7c89a-9851-4ffe-b94b-a7f23db3cba8 None admin] RBAC: Authorization granted {{(pid=81762) enforce_call /opt/stack/keystone/keystone/common/rbac_enforcer/enforcer.py:505}}
Jul 18 10:32:28 ubuntu devstack@keystone.service[81762]: [pid: 81762|app: 0|req: 16/32] 10.201.5.82 () {56 vars in 1144 bytes} [Fri Jul 18 10:32:28 2025] GET /identity/v3/domains/default => generated 199 bytes in 105 msecs (HTTP/1.1 200) 5 headers in 177 bytes (1 switches on core 0)
Jul 18 10:32:28 ubuntu devstack@keystone.service[81762]: DEBUG keystone.server.flask.request_processing.middleware.auth_context [None req-57d7c89a-9851-4ffe-b94b-a7f23db3cba8 None admin] Authenticating user token {{(pid=81762) process_request /opt/stack/data/venv/lib/python3.10/site-packages/keystonemiddleware/auth_token/__init__.py:407}}
Jul 18 10:32:28 ubuntu devstack@keystone.service[81763]: WARNING keystone.common.password_hashing [None req-2434aca9-4e81-4a27-8e5b-72eab5f2e418 None None] Truncating password to algorithm specific maximum length 72 characters.
Jul 18 10:32:28 ubuntu devstack@keystone.service[81763]: DEBUG keystone.auth.core [None req-2434aca9-4e81-4a27-8e5b-72eab5f2e418 None None] MFA Rules not processed for user `373eab8e42ad489a9c45c1902b3d52ed`. Rule list: `[]` (Enabled: `True`). {{(pid=81763) check_auth_methods_against_rules /opt/stack/keystone/keystone/auth/core.py:476}}
Jul 18 10:32:28 ubuntu devstack@keystone.service[81763]: DEBUG keystone.common.fernet_utils [None req-2434aca9-4e81-4a27-8e5b-72eab5f2e418 None None] Loaded 2 Fernet keys from /etc/keystone/fernet-keys/, but `[fernet_tokens] max_active_keys = 3`; perhaps there have not been enough key rotations to reach `max_active_keys` yet? {{(pid=81763) load_keys /opt/stack/keystone/keystone/common/fernet_utils.py:297}}
Jul 18 10:32:28 ubuntu devstack@keystone.service[81762]: DEBUG keystone.server.flask.request_processing.middleware.auth_context [None req-57d7c89a-9851-4ffe-b94b-a7f23db3cba8 None admin] Validating token access rules against request {{(pid=81762) validate_allowed_request /opt/stack/data/venv/lib/python3.10/site-packages/keystonemiddleware/auth_token/__init__.py:545}}
Jul 18 10:32:28 ubuntu devstack@keystone.service[81763]: [pid: 81763|app: 0|req: 17/33] 10.201.5.82 () {58 vars in 1016 bytes} [Fri Jul 18 10:32:28 2025] POST /identity/v3/auth/tokens => generated 862 bytes in 62 msecs (HTTP/1.1 201) 6 headers in 363 bytes (1 switches on core 0)
Jul 18 10:32:28 ubuntu devstack@keystone.service[81763]: DEBUG keystone.server.flask.request_processing.middleware.auth_context [None req-2434aca9-4e81-4a27-8e5b-72eab5f2e418 None None] Authenticating user token {{(pid=81763) process_request /opt/stack/data/venv/lib/python3.10/site-packages/keystonemiddleware/auth_token/__init__.py:407}}
Jul 18 10:32:28 ubuntu devstack@keystone.service[81762]: DEBUG keystone.server.flask.request_processing.middleware.auth_context [None req-29f59d00-e2c4-4ff8-a445-90e3a23cb330 None admin] RBAC: auth_context: {'token': <TokenModel (audit_id=gj_-ERjuRyGeq2lHvV8bXA, audit_chain_id=['gj_-ERjuRyGeq2lHvV8bXA']) at 0x7fd5583513c0>, 'domain_id': None, 'trust_id': None, 'trustor_id': None, 'trustee_id': None, 'domain_name': None, 'group_ids': [], 'user_id': '373eab8e42ad489a9c45c1902b3d52ed', 'user_domain_id': 'default', 'system_scope': 'all', 'project_id': None, 'project_domain_id': None, 'roles': ['admin', 'manager', 'member', 'reader'], 'is_admin_project': True, 'service_user_id': None, 'service_user_domain_id': None, 'service_project_id': None, 'service_project_domain_id': None, 'service_roles': []} {{(pid=81762) fill_context /opt/stack/keystone/keystone/server/flask/request_processing/middleware/auth_context.py:509}}
Jul 18 10:32:28 ubuntu devstack@keystone.service[81762]: DEBUG keystone.server.flask.request_processing.req_logging [None req-29f59d00-e2c4-4ff8-a445-90e3a23cb330 None admin] REQUEST_METHOD: `GET` {{(pid=81762) log_request_info /opt/stack/keystone/keystone/server/flask/request_processing/req_logging.py:26}}
Jul 18 10:32:28 ubuntu devstack@keystone.service[81762]: DEBUG keystone.server.flask.request_processing.req_logging [None req-29f59d00-e2c4-4ff8-a445-90e3a23cb330 None admin] SCRIPT_NAME: `/identity` {{(pid=81762) log_request_info /opt/stack/keystone/keystone/server/flask/request_processing/req_logging.py:27}}
Jul 18 10:32:28 ubuntu devstack@keystone.service[81762]: DEBUG keystone.server.flask.request_processing.req_logging [None req-29f59d00-e2c4-4ff8-a445-90e3a23cb330 None admin] PATH_INFO: `/v3/role_assignments` {{(pid=81762) log_request_info /opt/stack/keystone/keystone/server/flask/request_processing/req_logging.py:28}}
Jul 18 10:32:28 ubuntu devstack@keystone.service[81762]: DEBUG keystone.common.rbac_enforcer.enforcer [None req-29f59d00-e2c4-4ff8-a445-90e3a23cb330 None admin] RBAC: Adding query filter params (role.id=afb97b29f97e4193bc5ee1700d490bb9, scope.domain.id=default, user.id=373eab8e42ad489a9c45c1902b3d52ed) {{(pid=81762) _extract_filter_values /opt/stack/keystone/keystone/common/rbac_enforcer/enforcer.py:176}}
Jul 18 10:32:28 ubuntu devstack@keystone.service[81762]: DEBUG keystone.common.rbac_enforcer.enforcer [None req-29f59d00-e2c4-4ff8-a445-90e3a23cb330 None admin] RBAC: Authorizing `identity:list_role_assignments()` {{(pid=81762) enforce_call /opt/stack/keystone/keystone/common/rbac_enforcer/enforcer.py:494}}
Jul 18 10:32:28 ubuntu devstack@keystone.service[81762]: DEBUG keystone.common.rbac_enforcer.enforcer [None req-29f59d00-e2c4-4ff8-a445-90e3a23cb330 None admin] RBAC: Authorization granted {{(pid=81762) enforce_call /opt/stack/keystone/keystone/common/rbac_enforcer/enforcer.py:505}}
Jul 18 10:32:28 ubuntu devstack@keystone.service[81763]: DEBUG keystone.server.flask.request_processing.middleware.auth_context [None req-2434aca9-4e81-4a27-8e5b-72eab5f2e418 None None] Validating token access rules against request {{(pid=81763) validate_allowed_request /opt/stack/data/venv/lib/python3.10/site-packages/keystonemiddleware/auth_token/__init__.py:545}}
Jul 18 10:32:28 ubuntu devstack@keystone.service[81762]: [pid: 81762|app: 0|req: 17/34] 10.201.5.82 () {56 vars in 1371 bytes} [Fri Jul 18 10:32:28 2025] GET /identity/v3/role_assignments?role.id=afb97b29f97e4193bc5ee1700d490bb9&scope.domain.id=default&user.id=373eab8e42ad489a9c45c1902b3d52ed => generated 530 bytes in 103 msecs (HTTP/1.1 200) 5 headers in 177 bytes (1 switches on core 0)
Jul 18 10:32:28 ubuntu devstack@keystone.service[81763]: DEBUG keystone.server.flask.request_processing.middleware.auth_context [None req-022d86f6-e9cb-4c6e-82de-c2dd5ba27374 None admin] RBAC: auth_context: {'token': <TokenModel (audit_id=sUNudh94TiuATSj1B4A80w, audit_chain_id=['sUNudh94TiuATSj1B4A80w']) at 0x7fd5580b0c10>, 'domain_id': None, 'trust_id': None, 'trustor_id': None, 'trustee_id': None, 'domain_name': None, 'group_ids': [], 'user_id': '373eab8e42ad489a9c45c1902b3d52ed', 'user_domain_id': 'default', 'system_scope': 'all', 'project_id': None, 'project_domain_id': None, 'roles': ['admin', 'manager', 'member', 'reader'], 'is_admin_project': True, 'service_user_id': None, 'service_user_domain_id': None, 'service_project_id': None, 'service_project_domain_id': None, 'service_roles': []} {{(pid=81763) fill_context /opt/stack/keystone/keystone/server/flask/request_processing/middleware/auth_context.py:509}}
Jul 18 10:32:28 ubuntu devstack@keystone.service[81763]: DEBUG keystone.server.flask.request_processing.req_logging [None req-022d86f6-e9cb-4c6e-82de-c2dd5ba27374 None admin] REQUEST_METHOD: `GET` {{(pid=81763) log_request_info /opt/stack/keystone/keystone/server/flask/request_processing/req_logging.py:26}}
Jul 18 10:32:28 ubuntu devstack@keystone.service[81763]: DEBUG keystone.server.flask.request_processing.req_logging [None req-022d86f6-e9cb-4c6e-82de-c2dd5ba27374 None admin] SCRIPT_NAME: `/identity` {{(pid=81763) log_request_info /opt/stack/keystone/keystone/server/flask/request_processing/req_logging.py:27}}
Jul 18 10:32:28 ubuntu devstack@keystone.service[81763]: DEBUG keystone.server.flask.request_processing.req_logging [None req-022d86f6-e9cb-4c6e-82de-c2dd5ba27374 None admin] PATH_INFO: `/v3/domains/Default` {{(pid=81763) log_request_info /opt/stack/keystone/keystone/server/flask/request_processing/req_logging.py:28}}
Jul 18 10:32:28 ubuntu devstack@keystone.service[81763]: DEBUG keystone.common.rbac_enforcer.enforcer [None req-022d86f6-e9cb-4c6e-82de-c2dd5ba27374 None admin] RBAC: Authorizing `identity:get_domain(domain_id=Default)` {{(pid=81763) enforce_call /opt/stack/keystone/keystone/common/rbac_enforcer/enforcer.py:494}}
Jul 18 10:32:28 ubuntu devstack@keystone.service[81763]: DEBUG keystone.common.rbac_enforcer.enforcer [None req-022d86f6-e9cb-4c6e-82de-c2dd5ba27374 None admin] RBAC: Authorization granted {{(pid=81763) enforce_call /opt/stack/keystone/keystone/common/rbac_enforcer/enforcer.py:505}}
Jul 18 10:32:28 ubuntu devstack@keystone.service[81763]: DEBUG keystone.server.flask.application [None req-022d86f6-e9cb-4c6e-82de-c2dd5ba27374 None admin] Could not find domain: Default. {{(pid=81763) _handle_keystone_exception /opt/stack/keystone/keystone/server/flask/application.py:146}}
Jul 18 10:32:28 ubuntu devstack@keystone.service[81763]: [pid: 81763|app: 0|req: 18/35] 10.201.5.82 () {56 vars in 1100 bytes} [Fri Jul 18 10:32:28 2025] GET /identity/v3/domains/Default => generated 87 bytes in 82 msecs (HTTP/1.1 404) 5 headers in 183 bytes (1 switches on core 0)
Jul 18 10:32:28 ubuntu devstack@keystone.service[81762]: DEBUG keystone.server.flask.request_processing.middleware.auth_context [None req-29f59d00-e2c4-4ff8-a445-90e3a23cb330 None admin] Authenticating user token {{(pid=81762) process_request /opt/stack/data/venv/lib/python3.10/site-packages/keystonemiddleware/auth_token/__init__.py:407}}
Jul 18 10:32:28 ubuntu devstack@keystone.service[81763]: DEBUG keystone.server.flask.request_processing.middleware.auth_context [None req-022d86f6-e9cb-4c6e-82de-c2dd5ba27374 None admin] Authenticating user token {{(pid=81763) process_request /opt/stack/data/venv/lib/python3.10/site-packages/keystonemiddleware/auth_token/__init__.py:407}}
Jul 18 10:32:28 ubuntu devstack@keystone.service[81762]: DEBUG keystone.server.flask.request_processing.middleware.auth_context [None req-29f59d00-e2c4-4ff8-a445-90e3a23cb330 None admin] Validating token access rules against request {{(pid=81762) validate_allowed_request /opt/stack/data/venv/lib/python3.10/site-packages/keystonemiddleware/auth_token/__init__.py:545}}
Jul 18 10:32:28 ubuntu devstack@keystone.service[81762]: DEBUG keystone.server.flask.request_processing.middleware.auth_context [None req-fdec12e3-ca74-444e-8e60-9738efa7fa93 None admin] RBAC: auth_context: {'token': <TokenModel (audit_id=sUNudh94TiuATSj1B4A80w, audit_chain_id=['sUNudh94TiuATSj1B4A80w']) at 0x7fd558353ca0>, 'domain_id': None, 'trust_id': None, 'trustor_id': None, 'trustee_id': None, 'domain_name': None, 'group_ids': [], 'user_id': '373eab8e42ad489a9c45c1902b3d52ed', 'user_domain_id': 'default', 'system_scope': 'all', 'project_id': None, 'project_domain_id': None, 'roles': ['admin', 'manager', 'member', 'reader'], 'is_admin_project': True, 'service_user_id': None, 'service_user_domain_id': None, 'service_project_id': None, 'service_project_domain_id': None, 'service_roles': []} {{(pid=81762) fill_context /opt/stack/keystone/keystone/server/flask/request_processing/middleware/auth_context.py:509}}
Jul 18 10:32:28 ubuntu devstack@keystone.service[81762]: DEBUG keystone.server.flask.request_processing.req_logging [None req-fdec12e3-ca74-444e-8e60-9738efa7fa93 None admin] REQUEST_METHOD: `GET` {{(pid=81762) log_request_info /opt/stack/keystone/keystone/server/flask/request_processing/req_logging.py:26}}
Jul 18 10:32:28 ubuntu devstack@keystone.service[81762]: DEBUG keystone.server.flask.request_processing.req_logging [None req-fdec12e3-ca74-444e-8e60-9738efa7fa93 None admin] SCRIPT_NAME: `/identity` {{(pid=81762) log_request_info /opt/stack/keystone/keystone/server/flask/request_processing/req_logging.py:27}}
Jul 18 10:32:28 ubuntu devstack@keystone.service[81762]: DEBUG keystone.server.flask.request_processing.req_logging [None req-fdec12e3-ca74-444e-8e60-9738efa7fa93 None admin] PATH_INFO: `/v3/domains` {{(pid=81762) log_request_info /opt/stack/keystone/keystone/server/flask/request_processing/req_logging.py:28}}
Jul 18 10:32:28 ubuntu devstack@keystone.service[81762]: DEBUG keystone.common.rbac_enforcer.enforcer [None req-fdec12e3-ca74-444e-8e60-9738efa7fa93 None admin] RBAC: Adding query filter params (name=Default) {{(pid=81762) _extract_filter_values /opt/stack/keystone/keystone/common/rbac_enforcer/enforcer.py:176}}
Jul 18 10:32:28 ubuntu devstack@keystone.service[81762]: DEBUG keystone.common.rbac_enforcer.enforcer [None req-fdec12e3-ca74-444e-8e60-9738efa7fa93 None admin] RBAC: Authorizing `identity:list_domains()` {{(pid=81762) enforce_call /opt/stack/keystone/keystone/common/rbac_enforcer/enforcer.py:494}}
Jul 18 10:32:28 ubuntu devstack@keystone.service[81762]: DEBUG keystone.common.rbac_enforcer.enforcer [None req-fdec12e3-ca74-444e-8e60-9738efa7fa93 None admin] RBAC: Authorization granted {{(pid=81762) enforce_call /opt/stack/keystone/keystone/common/rbac_enforcer/enforcer.py:505}}
Jul 18 10:32:28 ubuntu devstack@keystone.service[81762]: [pid: 81762|app: 0|req: 18/36] 10.201.5.82 () {56 vars in 1101 bytes} [Fri Jul 18 10:32:28 2025] GET /identity/v3/domains?name=Default => generated 308 bytes in 85 msecs (HTTP/1.1 200) 5 headers in 177 bytes (1 switches on core 0)
Jul 18 10:32:28 ubuntu devstack@keystone.service[81762]: DEBUG keystone.server.flask.request_processing.middleware.auth_context [None req-fdec12e3-ca74-444e-8e60-9738efa7fa93 None admin] Authenticating user token {{(pid=81762) process_request /opt/stack/data/venv/lib/python3.10/site-packages/keystonemiddleware/auth_token/__init__.py:407}}
Jul 18 10:32:28 ubuntu devstack@keystone.service[81763]: DEBUG keystone.server.flask.request_processing.middleware.auth_context [None req-022d86f6-e9cb-4c6e-82de-c2dd5ba27374 None admin] Validating token access rules against request {{(pid=81763) validate_allowed_request /opt/stack/data/venv/lib/python3.10/site-packages/keystonemiddleware/auth_token/__init__.py:545}}
Jul 18 10:32:28 ubuntu devstack@keystone.service[81763]: DEBUG keystone.server.flask.request_processing.middleware.auth_context [None req-2150f91a-07a9-4bca-9455-52b2a5c1d094 None admin] RBAC: auth_context: {'token': <TokenModel (audit_id=qi8RCOXdQ-Oeff0h5wp_Mg, audit_chain_id=['qi8RCOXdQ-Oeff0h5wp_Mg']) at 0x7fd5580d55d0>, 'domain_id': None, 'trust_id': None, 'trustor_id': None, 'trustee_id': None, 'domain_name': None, 'group_ids': [], 'user_id': '373eab8e42ad489a9c45c1902b3d52ed', 'user_domain_id': 'default', 'system_scope': 'all', 'project_id': None, 'project_domain_id': None, 'roles': ['admin', 'manager', 'member', 'reader'], 'is_admin_project': True, 'service_user_id': None, 'service_user_domain_id': None, 'service_project_id': None, 'service_project_domain_id': None, 'service_roles': []} {{(pid=81763) fill_context /opt/stack/keystone/keystone/server/flask/request_processing/middleware/auth_context.py:509}}
Jul 18 10:32:28 ubuntu devstack@keystone.service[81763]: DEBUG keystone.server.flask.request_processing.req_logging [None req-2150f91a-07a9-4bca-9455-52b2a5c1d094 None admin] REQUEST_METHOD: `POST` {{(pid=81763) log_request_info /opt/stack/keystone/keystone/server/flask/request_processing/req_logging.py:26}}
Jul 18 10:32:28 ubuntu devstack@keystone.service[81763]: DEBUG keystone.server.flask.request_processing.req_logging [None req-2150f91a-07a9-4bca-9455-52b2a5c1d094 None admin] SCRIPT_NAME: `/identity` {{(pid=81763) log_request_info /opt/stack/keystone/keystone/server/flask/request_processing/req_logging.py:27}}
Jul 18 10:32:28 ubuntu devstack@keystone.service[81763]: DEBUG keystone.server.flask.request_processing.req_logging [None req-2150f91a-07a9-4bca-9455-52b2a5c1d094 None admin] PATH_INFO: `/v3/roles` {{(pid=81763) log_request_info /opt/stack/keystone/keystone/server/flask/request_processing/req_logging.py:28}}
Jul 18 10:32:28 ubuntu devstack@keystone.service[81763]: DEBUG keystone.common.rbac_enforcer.enforcer [None req-2150f91a-07a9-4bca-9455-52b2a5c1d094 None admin] RBAC: Authorizing `identity:create_role()` {{(pid=81763) enforce_call /opt/stack/keystone/keystone/common/rbac_enforcer/enforcer.py:494}}
Jul 18 10:32:28 ubuntu devstack@keystone.service[81763]: DEBUG keystone.common.rbac_enforcer.enforcer [None req-2150f91a-07a9-4bca-9455-52b2a5c1d094 None admin] RBAC: Authorization granted {{(pid=81763) enforce_call /opt/stack/keystone/keystone/common/rbac_enforcer/enforcer.py:505}}
Jul 18 10:32:28 ubuntu devstack@keystone.service[81762]: DEBUG keystone.server.flask.request_processing.middleware.auth_context [None req-fdec12e3-ca74-444e-8e60-9738efa7fa93 None admin] Validating token access rules against request {{(pid=81762) validate_allowed_request /opt/stack/data/venv/lib/python3.10/site-packages/keystonemiddleware/auth_token/__init__.py:545}}
Jul 18 10:32:28 ubuntu devstack@keystone.service[81763]: DEBUG keystone.common.sql.core [None req-2150f91a-07a9-4bca-9455-52b2a5c1d094 None admin] Conflict role: (pymysql.err.IntegrityError) (1062, "Duplicate entry 'service-<<null>>' for key 'role.ixu_role_name_domain_id'")
Jul 18 10:32:28 ubuntu devstack@keystone.service[81763]: [SQL: INSERT INTO `role` (id, name, description, extra) VALUES (%(id)s, %(name)s, %(description)s, %(extra)s)]
Jul 18 10:32:28 ubuntu devstack@keystone.service[81763]: [parameters: {'id': 'b46417ad7880494ab53f3fb29061fb08', 'name': 'service', 'description': None, 'extra': '{}'}]
Jul 18 10:32:28 ubuntu devstack@keystone.service[81763]: (Background on this error at: https://sqlalche.me/e/20/gkpj) {{(pid=81763) wrapper /opt/stack/keystone/keystone/common/sql/core.py:580}}
Jul 18 10:32:28 ubuntu devstack@keystone.service[81763]: ERROR keystone.server.flask.application [None req-2150f91a-07a9-4bca-9455-52b2a5c1d094 None admin] Conflict occurred attempting to store role - Duplicate entry found with name service.: keystone.exception.Conflict: Conflict occurred attempting to store role - Duplicate entry found with name service.
Jul 18 10:32:28 ubuntu devstack@keystone.service[81763]: ERROR keystone.server.flask.application Traceback (most recent call last):
Jul 18 10:32:28 ubuntu devstack@keystone.service[81763]: ERROR keystone.server.flask.application   File "/opt/stack/data/venv/lib/python3.10/site-packages/sqlalchemy/engine/base.py", line 1963, in _exec_single_context
Jul 18 10:32:28 ubuntu devstack@keystone.service[81763]: ERROR keystone.server.flask.application     self.dialect.do_execute(
Jul 18 10:32:28 ubuntu devstack@keystone.service[81763]: ERROR keystone.server.flask.application   File "/opt/stack/data/venv/lib/python3.10/site-packages/sqlalchemy/engine/default.py", line 943, in do_execute
Jul 18 10:32:28 ubuntu devstack@keystone.service[81763]: ERROR keystone.server.flask.application     cursor.execute(statement, parameters)
Jul 18 10:32:28 ubuntu devstack@keystone.service[81763]: ERROR keystone.server.flask.application   File "/opt/stack/data/venv/lib/python3.10/site-packages/pymysql/cursors.py", line 153, in execute
Jul 18 10:32:28 ubuntu devstack@keystone.service[81763]: ERROR keystone.server.flask.application     result = self._query(query)
Jul 18 10:32:28 ubuntu devstack@keystone.service[81763]: ERROR keystone.server.flask.application   File "/opt/stack/data/venv/lib/python3.10/site-packages/pymysql/cursors.py", line 322, in _query
Jul 18 10:32:28 ubuntu devstack@keystone.service[81763]: ERROR keystone.server.flask.application     conn.query(q)
Jul 18 10:32:28 ubuntu devstack@keystone.service[81763]: ERROR keystone.server.flask.application   File "/opt/stack/data/venv/lib/python3.10/site-packages/pymysql/connections.py", line 563, in query
Jul 18 10:32:28 ubuntu devstack@keystone.service[81763]: ERROR keystone.server.flask.application     self._affected_rows = self._read_query_result(unbuffered=unbuffered)
Jul 18 10:32:28 ubuntu devstack@keystone.service[81763]: ERROR keystone.server.flask.application   File "/opt/stack/data/venv/lib/python3.10/site-packages/pymysql/connections.py", line 825, in _read_query_result
Jul 18 10:32:28 ubuntu devstack@keystone.service[81763]: ERROR keystone.server.flask.application     result.read()
Jul 18 10:32:28 ubuntu devstack@keystone.service[81763]: ERROR keystone.server.flask.application   File "/opt/stack/data/venv/lib/python3.10/site-packages/pymysql/connections.py", line 1199, in read
Jul 18 10:32:28 ubuntu devstack@keystone.service[81763]: ERROR keystone.server.flask.application     first_packet = self.connection._read_packet()
Jul 18 10:32:28 ubuntu devstack@keystone.service[81763]: ERROR keystone.server.flask.application   File "/opt/stack/data/venv/lib/python3.10/site-packages/pymysql/connections.py", line 775, in _read_packet
Jul 18 10:32:28 ubuntu devstack@keystone.service[81763]: ERROR keystone.server.flask.application     packet.raise_for_error()
Jul 18 10:32:28 ubuntu devstack@keystone.service[81763]: ERROR keystone.server.flask.application   File "/opt/stack/data/venv/lib/python3.10/site-packages/pymysql/protocol.py", line 219, in raise_for_error
Jul 18 10:32:28 ubuntu devstack@keystone.service[81763]: ERROR keystone.server.flask.application     err.raise_mysql_exception(self._data)
Jul 18 10:32:28 ubuntu devstack@keystone.service[81763]: ERROR keystone.server.flask.application   File "/opt/stack/data/venv/lib/python3.10/site-packages/pymysql/err.py", line 150, in raise_mysql_exception
Jul 18 10:32:28 ubuntu devstack@keystone.service[81763]: ERROR keystone.server.flask.application     raise errorclass(errno, errval)
Jul 18 10:32:28 ubuntu devstack@keystone.service[81763]: ERROR keystone.server.flask.application pymysql.err.IntegrityError: (1062, "Duplicate entry 'service-<<null>>' for key 'role.ixu_role_name_domain_id'")
Jul 18 10:32:28 ubuntu devstack@keystone.service[81763]: ERROR keystone.server.flask.application 
Jul 18 10:32:28 ubuntu devstack@keystone.service[81763]: ERROR keystone.server.flask.application The above exception was the direct cause of the following exception:
Jul 18 10:32:28 ubuntu devstack@keystone.service[81763]: ERROR keystone.server.flask.application 
Jul 18 10:32:28 ubuntu devstack@keystone.service[81763]: ERROR keystone.server.flask.application Traceback (most recent call last):
Jul 18 10:32:28 ubuntu devstack@keystone.service[81763]: ERROR keystone.server.flask.application   File "/opt/stack/keystone/keystone/common/sql/core.py", line 575, in wrapper
Jul 18 10:32:28 ubuntu devstack@keystone.service[81763]: ERROR keystone.server.flask.application     return method(*args, **kwargs)
Jul 18 10:32:28 ubuntu devstack@keystone.service[81763]: ERROR keystone.server.flask.application   File "/opt/stack/keystone/keystone/assignment/role_backends/sql.py", line 25, in create_role
Jul 18 10:32:28 ubuntu devstack@keystone.service[81763]: ERROR keystone.server.flask.application     with sql.session_for_write() as session:
Jul 18 10:32:28 ubuntu devstack@keystone.service[81763]: ERROR keystone.server.flask.application   File "/usr/lib/python3.10/contextlib.py", line 142, in __exit__
Jul 18 10:32:28 ubuntu devstack@keystone.service[81763]: ERROR keystone.server.flask.application     next(self.gen)
Jul 18 10:32:28 ubuntu devstack@keystone.service[81763]: ERROR keystone.server.flask.application   File "/opt/stack/data/venv/lib/python3.10/site-packages/oslo_db/sqlalchemy/enginefacade.py", line 1199, in _transaction_scope
Jul 18 10:32:28 ubuntu devstack@keystone.service[81763]: ERROR keystone.server.flask.application     with current._produce_block(
Jul 18 10:32:28 ubuntu devstack@keystone.service[81763]: ERROR keystone.server.flask.application   File "/usr/lib/python3.10/contextlib.py", line 142, in __exit__
Jul 18 10:32:28 ubuntu devstack@keystone.service[81763]: ERROR keystone.server.flask.application     next(self.gen)
Jul 18 10:32:28 ubuntu devstack@keystone.service[81763]: ERROR keystone.server.flask.application   File "/opt/stack/data/venv/lib/python3.10/site-packages/oslo_db/sqlalchemy/enginefacade.py", line 850, in _session
Jul 18 10:32:28 ubuntu devstack@keystone.service[81763]: ERROR keystone.server.flask.application     with excutils.save_and_reraise_exception():
Jul 18 10:32:28 ubuntu devstack@keystone.service[81763]: ERROR keystone.server.flask.application   File "/opt/stack/data/venv/lib/python3.10/site-packages/oslo_utils/excutils.py", line 227, in __exit__
Jul 18 10:32:28 ubuntu devstack@keystone.service[81763]: ERROR keystone.server.flask.application     self.force_reraise()
Jul 18 10:32:28 ubuntu devstack@keystone.service[81763]: ERROR keystone.server.flask.application   File "/opt/stack/data/venv/lib/python3.10/site-packages/oslo_utils/excutils.py", line 200, in force_reraise
Jul 18 10:32:28 ubuntu devstack@keystone.service[81763]: ERROR keystone.server.flask.application     raise self.value
Jul 18 10:32:28 ubuntu devstack@keystone.service[81763]: ERROR keystone.server.flask.application   File "/opt/stack/data/venv/lib/python3.10/site-packages/oslo_db/sqlalchemy/enginefacade.py", line 848, in _session
Jul 18 10:32:28 ubuntu devstack@keystone.service[81763]: ERROR keystone.server.flask.application     self._end_session_transaction(self.session)
Jul 18 10:32:28 ubuntu devstack@keystone.service[81763]: ERROR keystone.server.flask.application   File "/opt/stack/data/venv/lib/python3.10/site-packages/oslo_db/sqlalchemy/enginefacade.py", line 761, in _end_session_transaction
Jul 18 10:32:28 ubuntu devstack@keystone.service[81763]: ERROR keystone.server.flask.application     session.commit()
Jul 18 10:32:28 ubuntu devstack@keystone.service[81763]: ERROR keystone.server.flask.application   File "/opt/stack/data/venv/lib/python3.10/site-packages/sqlalchemy/orm/session.py", line 2032, in commit
Jul 18 10:32:28 ubuntu devstack@keystone.service[81763]: ERROR keystone.server.flask.application     trans.commit(_to_root=True)
Jul 18 10:32:28 ubuntu devstack@keystone.service[81763]: ERROR keystone.server.flask.application   File "<string>", line 2, in commit
Jul 18 10:32:28 ubuntu devstack@keystone.service[81763]: ERROR keystone.server.flask.application   File "/opt/stack/data/venv/lib/python3.10/site-packages/sqlalchemy/orm/state_changes.py", line 139, in _go
Jul 18 10:32:28 ubuntu devstack@keystone.service[81763]: ERROR keystone.server.flask.application     ret_value = fn(self, *arg, **kw)
Jul 18 10:32:28 ubuntu devstack@keystone.service[81763]: ERROR keystone.server.flask.application   File "/opt/stack/data/venv/lib/python3.10/site-packages/sqlalchemy/orm/session.py", line 1313, in commit
Jul 18 10:32:28 ubuntu devstack@keystone.service[81763]: ERROR keystone.server.flask.application     self._prepare_impl()
Jul 18 10:32:28 ubuntu devstack@keystone.service[81763]: ERROR keystone.server.flask.application   File "<string>", line 2, in _prepare_impl
Jul 18 10:32:28 ubuntu devstack@keystone.service[81763]: ERROR keystone.server.flask.application   File "/opt/stack/data/venv/lib/python3.10/site-packages/sqlalchemy/orm/state_changes.py", line 139, in _go
Jul 18 10:32:28 ubuntu devstack@keystone.service[81763]: ERROR keystone.server.flask.application     ret_value = fn(self, *arg, **kw)
Jul 18 10:32:28 ubuntu devstack@keystone.service[81763]: ERROR keystone.server.flask.application   File "/opt/stack/data/venv/lib/python3.10/site-packages/sqlalchemy/orm/session.py", line 1288, in _prepare_impl
Jul 18 10:32:28 ubuntu devstack@keystone.service[81763]: ERROR keystone.server.flask.application     self.session.flush()
Jul 18 10:32:28 ubuntu devstack@keystone.service[81763]: ERROR keystone.server.flask.application   File "/opt/stack/data/venv/lib/python3.10/site-packages/sqlalchemy/orm/session.py", line 4345, in flush
Jul 18 10:32:28 ubuntu devstack@keystone.service[81763]: ERROR keystone.server.flask.application     self._flush(objects)
