Feb 13 16:40:11 ubuntu devstack@keystone.service[81694]: ERROR keystone.server.flask.application     raise newraise.with_traceback(exc_info[2]) from e
Feb 13 16:40:11 ubuntu devstack@keystone.service[81694]: ERROR keystone.server.flask.application   File "/opt/stack/data/venv/lib/python3.10/site-packages/sqlalchemy/engine/base.py", line 1967, in _exec_single_context
Feb 13 16:40:11 ubuntu devstack@keystone.service[81694]: ERROR keystone.server.flask.application     self.dialect.do_execute(
Feb 13 16:40:11 ubuntu devstack@keystone.service[81694]: ERROR keystone.server.flask.application   File "/opt/stack/data/venv/lib/python3.10/site-packages/sqlalchemy/engine/default.py", line 951, in do_execute
Feb 13 16:40:11 ubuntu devstack@keystone.service[81694]: ERROR keystone.server.flask.application     cursor.execute(statement, parameters)
Feb 13 16:40:11 ubuntu devstack@keystone.service[81694]: ERROR keystone.server.flask.application   File "/opt/stack/data/venv/lib/python3.10/site-packages/pymysql/cursors.py", line 153, in execute
Feb 13 16:40:11 ubuntu devstack@keystone.service[81694]: ERROR keystone.server.flask.application     result = self._query(query)
Feb 13 16:40:11 ubuntu devstack@keystone.service[81694]: ERROR keystone.server.flask.application   File "/opt/stack/data/venv/lib/python3.10/site-packages/pymysql/cursors.py", line 322, in _query
Feb 13 16:40:11 ubuntu devstack@keystone.service[81694]: ERROR keystone.server.flask.application     conn.query(q)
Feb 13 16:40:11 ubuntu devstack@keystone.service[81694]: ERROR keystone.server.flask.application   File "/opt/stack/data/venv/lib/python3.10/site-packages/pymysql/connections.py", line 575, in query
Feb 13 16:40:11 ubuntu devstack@keystone.service[81694]: ERROR keystone.server.flask.application     self._affected_rows = self._read_query_result(unbuffered=unbuffered)
Feb 13 16:40:11 ubuntu devstack@keystone.service[81694]: ERROR keystone.server.flask.application   File "/opt/stack/data/venv/lib/python3.10/site-packages/pymysql/connections.py", line 826, in _read_query_result
Feb 13 16:40:11 ubuntu devstack@keystone.service[81694]: ERROR keystone.server.flask.application     result.read()
Feb 13 16:40:11 ubuntu devstack@keystone.service[81694]: ERROR keystone.server.flask.application   File "/opt/stack/data/venv/lib/python3.10/site-packages/pymysql/connections.py", line 1203, in read
Feb 13 16:40:11 ubuntu devstack@keystone.service[81694]: ERROR keystone.server.flask.application     first_packet = self.connection._read_packet()
Feb 13 16:40:11 ubuntu devstack@keystone.service[81694]: ERROR keystone.server.flask.application   File "/opt/stack/data/venv/lib/python3.10/site-packages/pymysql/connections.py", line 782, in _read_packet
Feb 13 16:40:11 ubuntu devstack@keystone.service[81694]: ERROR keystone.server.flask.application     packet.raise_for_error()
Feb 13 16:40:11 ubuntu devstack@keystone.service[81694]: ERROR keystone.server.flask.application   File "/opt/stack/data/venv/lib/python3.10/site-packages/pymysql/protocol.py", line 219, in raise_for_error
Feb 13 16:40:11 ubuntu devstack@keystone.service[81694]: ERROR keystone.server.flask.application     err.raise_mysql_exception(self._data)
Feb 13 16:40:11 ubuntu devstack@keystone.service[81694]: ERROR keystone.server.flask.application   File "/opt/stack/data/venv/lib/python3.10/site-packages/pymysql/err.py", line 150, in raise_mysql_exception
Feb 13 16:40:11 ubuntu devstack@keystone.service[81694]: ERROR keystone.server.flask.application     raise errorclass(errno, errval)
Feb 13 16:40:11 ubuntu devstack@keystone.service[81694]: ERROR keystone.server.flask.application oslo_db.exception.DBDuplicateEntry: (pymysql.err.IntegrityError) (1062, "Duplicate entry 'service-<<null>>' for key 'role.ixu_role_name_domain_id'")
Feb 13 16:40:11 ubuntu devstack@keystone.service[81694]: ERROR keystone.server.flask.application [SQL: INSERT INTO `role` (id, name, description, extra) VALUES (%(id)s, %(name)s, %(description)s, %(extra)s)]
Feb 13 16:40:11 ubuntu devstack@keystone.service[81694]: ERROR keystone.server.flask.application [parameters: {'id': '478c71b172944e6fa31c1bb916e95418', 'name': 'service', 'description': None, 'extra': '{}'}]
Feb 13 16:40:11 ubuntu devstack@keystone.service[81694]: ERROR keystone.server.flask.application (Background on this error at: https://sqlalche.me/e/20/gkpj)
Feb 13 16:40:11 ubuntu devstack@keystone.service[81694]: ERROR keystone.server.flask.application 
Feb 13 16:40:11 ubuntu devstack@keystone.service[81694]: ERROR keystone.server.flask.application During handling of the above exception, another exception occurred:
Feb 13 16:40:11 ubuntu devstack@keystone.service[81694]: ERROR keystone.server.flask.application 
Feb 13 16:40:11 ubuntu devstack@keystone.service[81694]: ERROR keystone.server.flask.application Traceback (most recent call last):
Feb 13 16:40:11 ubuntu devstack@keystone.service[81694]: ERROR keystone.server.flask.application   File "/opt/stack/data/venv/lib/python3.10/site-packages/flask/app.py", line 917, in full_dispatch_request
Feb 13 16:40:11 ubuntu devstack@keystone.service[81694]: ERROR keystone.server.flask.application     rv = self.dispatch_request()
Feb 13 16:40:11 ubuntu devstack@keystone.service[81694]: ERROR keystone.server.flask.application   File "/opt/stack/data/venv/lib/python3.10/site-packages/flask/app.py", line 902, in dispatch_request
Feb 13 16:40:11 ubuntu devstack@keystone.service[81694]: ERROR keystone.server.flask.application     return self.ensure_sync(self.view_functions[rule.endpoint])(**view_args)  # type: ignore[no-any-return]
Feb 13 16:40:11 ubuntu devstack@keystone.service[81694]: ERROR keystone.server.flask.application   File "/opt/stack/data/venv/lib/python3.10/site-packages/flask_restful/__init__.py", line 489, in wrapper
Feb 13 16:40:11 ubuntu devstack@keystone.service[81694]: ERROR keystone.server.flask.application     resp = resource(*args, **kwargs)
Feb 13 16:40:11 ubuntu devstack@keystone.service[81694]: ERROR keystone.server.flask.application   File "/opt/stack/data/venv/lib/python3.10/site-packages/flask/views.py", line 110, in view
Feb 13 16:40:11 ubuntu devstack@keystone.service[81694]: ERROR keystone.server.flask.application     return current_app.ensure_sync(self.dispatch_request)(**kwargs)  # type: ignore[no-any-return]
Feb 13 16:40:11 ubuntu devstack@keystone.service[81694]: ERROR keystone.server.flask.application   File "/opt/stack/data/venv/lib/python3.10/site-packages/flask_restful/__init__.py", line 604, in dispatch_request
Feb 13 16:40:11 ubuntu devstack@keystone.service[81694]: ERROR keystone.server.flask.application     resp = meth(*args, **kwargs)
Feb 13 16:40:11 ubuntu devstack@keystone.service[81694]: ERROR keystone.server.flask.application   File "/opt/stack/keystone/keystone/api/validation/__init__.py", line 86, in wrapper
Feb 13 16:40:11 ubuntu devstack@keystone.service[81694]: ERROR keystone.server.flask.application     return func(*args, **kwargs)
Feb 13 16:40:11 ubuntu devstack@keystone.service[81694]: ERROR keystone.server.flask.application   File "/opt/stack/keystone/keystone/api/validation/__init__.py", line 145, in wrapper
Feb 13 16:40:11 ubuntu devstack@keystone.service[81694]: ERROR keystone.server.flask.application     response = func(*args, **kwargs)
Feb 13 16:40:11 ubuntu devstack@keystone.service[81694]: ERROR keystone.server.flask.application   File "/opt/stack/keystone/keystone/api/roles.py", line 91, in post
Feb 13 16:40:11 ubuntu devstack@keystone.service[81694]: ERROR keystone.server.flask.application     ref = PROVIDERS.role_api.create_role(
Feb 13 16:40:11 ubuntu devstack@keystone.service[81694]: ERROR keystone.server.flask.application   File "/opt/stack/keystone/keystone/common/manager.py", line 114, in wrapped
Feb 13 16:40:11 ubuntu devstack@keystone.service[81694]: ERROR keystone.server.flask.application     __ret_val = __f(*args, **kwargs)
Feb 13 16:40:11 ubuntu devstack@keystone.service[81694]: ERROR keystone.server.flask.application   File "/opt/stack/keystone/keystone/assignment/core.py", line 1526, in create_role
Feb 13 16:40:11 ubuntu devstack@keystone.service[81694]: ERROR keystone.server.flask.application     ret = self.driver.create_role(role_id, role)
Feb 13 16:40:11 ubuntu devstack@keystone.service[81694]: ERROR keystone.server.flask.application   File "/opt/stack/keystone/keystone/common/sql/core.py", line 614, in wrapper
Feb 13 16:40:11 ubuntu devstack@keystone.service[81694]: ERROR keystone.server.flask.application     raise exception.Conflict(type=conflict_type, details=msg)
Feb 13 16:40:11 ubuntu devstack@keystone.service[81694]: ERROR keystone.server.flask.application keystone.exception.Conflict: Conflict occurred attempting to store role - Duplicate entry found with name service.
Feb 13 16:40:11 ubuntu devstack@keystone.service[81694]: ERROR keystone.server.flask.application 
Feb 13 16:40:11 ubuntu devstack@keystone.service[81694]: [pid: 81694|app: 0|req: 18/36] 10.201.5.82 () {60 vars in 1167 bytes} [Fri Feb 13 16:40:11 2026] POST /identity/v3/roles => generated 140 bytes in 75 msecs (HTTP/1.1 409) 5 headers in 183 bytes (1 switches on core 0)
Feb 13 16:40:11 ubuntu devstack@keystone.service[81694]: DEBUG keystone.server.flask.request_processing.middleware.auth_context [None req-78e71108-4648-453e-b4ca-00a457468a42 None admin] Authenticating user token {{(pid=81694) process_request /opt/stack/data/venv/lib/python3.10/site-packages/keystonemiddleware/auth_token/__init__.py:407}}
Feb 13 16:40:11 ubuntu devstack@keystone.service[81695]: DEBUG keystone.server.flask.request_processing.middleware.auth_context [None req-d12446db-c631-4883-ae90-d14f15a07675 None admin] Validating token access rules against request {{(pid=81695) validate_allowed_request /opt/stack/data/venv/lib/python3.10/site-packages/keystonemiddleware/auth_token/__init__.py:545}}
Feb 13 16:40:11 ubuntu devstack@keystone.service[81695]: DEBUG keystone.server.flask.request_processing.middleware.auth_context [None req-655ca04f-dd28-4a80-b6d6-d3648c6dd0fb None admin] RBAC: auth_context: {'token': <TokenModel (audit_id=RNsKptEIT0ilY1jWEK8yQQ, audit_chain_id=['RNsKptEIT0ilY1jWEK8yQQ']) at 0x7f050c4d2980>, 'domain_id': None, 'trust_id': None, 'trustor_id': None, 'trustee_id': None, 'domain_name': None, 'group_ids': [], 'user_id': '88b64758948b49449910cd75d4ef834a', 'user_domain_id': 'default', 'system_scope': 'all', 'project_id': None, 'project_domain_id': None, 'roles': ['admin', 'manager', 'member', 'reader'], 'is_admin_project': True, 'service_user_id': None, 'service_user_domain_id': None, 'service_project_id': None, 'service_project_domain_id': None, 'service_roles': []} {{(pid=81695) fill_context /opt/stack/keystone/keystone/server/flask/request_processing/middleware/auth_context.py:509}}
Feb 13 16:40:11 ubuntu devstack@keystone.service[81695]: DEBUG keystone.server.flask.request_processing.req_logging [None req-655ca04f-dd28-4a80-b6d6-d3648c6dd0fb None admin] REQUEST_METHOD: `GET` {{(pid=81695) log_request_info /opt/stack/keystone/keystone/server/flask/request_processing/req_logging.py:26}}
Feb 13 16:40:11 ubuntu devstack@keystone.service[81695]: DEBUG keystone.server.flask.request_processing.req_logging [None req-655ca04f-dd28-4a80-b6d6-d3648c6dd0fb None admin] SCRIPT_NAME: `/identity` {{(pid=81695) log_request_info /opt/stack/keystone/keystone/server/flask/request_processing/req_logging.py:27}}
Feb 13 16:40:11 ubuntu devstack@keystone.service[81695]: DEBUG keystone.server.flask.request_processing.req_logging [None req-655ca04f-dd28-4a80-b6d6-d3648c6dd0fb None admin] PATH_INFO: `/v3/domains/default` {{(pid=81695) log_request_info /opt/stack/keystone/keystone/server/flask/request_processing/req_logging.py:28}}
Feb 13 16:40:11 ubuntu devstack@keystone.service[81695]: DEBUG keystone.common.rbac_enforcer.enforcer [None req-655ca04f-dd28-4a80-b6d6-d3648c6dd0fb None admin] RBAC: Authorizing `identity:get_domain(domain_id=default)` {{(pid=81695) enforce_call /opt/stack/keystone/keystone/common/rbac_enforcer/enforcer.py:494}}
Feb 13 16:40:11 ubuntu devstack@keystone.service[81695]: DEBUG keystone.common.rbac_enforcer.enforcer [None req-655ca04f-dd28-4a80-b6d6-d3648c6dd0fb None admin] RBAC: Authorization granted {{(pid=81695) enforce_call /opt/stack/keystone/keystone/common/rbac_enforcer/enforcer.py:505}}
Feb 13 16:40:11 ubuntu devstack@keystone.service[81695]: [pid: 81695|app: 0|req: 19/37] 10.201.5.82 () {56 vars in 1144 bytes} [Fri Feb 13 16:40:11 2026] GET /identity/v3/domains/default => generated 199 bytes in 83 msecs (HTTP/1.1 200) 5 headers in 177 bytes (2 switches on core 0)
Feb 13 16:40:11 ubuntu devstack@keystone.service[81695]: DEBUG keystone.server.flask.request_processing.middleware.auth_context [None req-655ca04f-dd28-4a80-b6d6-d3648c6dd0fb None admin] Authenticating user token {{(pid=81695) process_request /opt/stack/data/venv/lib/python3.10/site-packages/keystonemiddleware/auth_token/__init__.py:407}}
Feb 13 16:40:11 ubuntu devstack@keystone.service[81694]: DEBUG keystone.server.flask.request_processing.middleware.auth_context [None req-78e71108-4648-453e-b4ca-00a457468a42 None admin] Validating token access rules against request {{(pid=81694) validate_allowed_request /opt/stack/data/venv/lib/python3.10/site-packages/keystonemiddleware/auth_token/__init__.py:545}}
Feb 13 16:40:11 ubuntu devstack@keystone.service[81695]: DEBUG keystone.server.flask.request_processing.middleware.auth_context [None req-655ca04f-dd28-4a80-b6d6-d3648c6dd0fb None admin] Validating token access rules against request {{(pid=81695) validate_allowed_request /opt/stack/data/venv/lib/python3.10/site-packages/keystonemiddleware/auth_token/__init__.py:545}}
Feb 13 16:40:11 ubuntu devstack@keystone.service[81695]: DEBUG keystone.server.flask.request_processing.middleware.auth_context [None req-a4ef0be3-a3ea-4e23-ad79-cd1dd72a8aa1 None admin] RBAC: auth_context: {'token': <TokenModel (audit_id=RNsKptEIT0ilY1jWEK8yQQ, audit_chain_id=['RNsKptEIT0ilY1jWEK8yQQ']) at 0x7f050c4d1570>, 'domain_id': None, 'trust_id': None, 'trustor_id': None, 'trustee_id': None, 'domain_name': None, 'group_ids': [], 'user_id': '88b64758948b49449910cd75d4ef834a', 'user_domain_id': 'default', 'system_scope': 'all', 'project_id': None, 'project_domain_id': None, 'roles': ['admin', 'manager', 'member', 'reader'], 'is_admin_project': True, 'service_user_id': None, 'service_user_domain_id': None, 'service_project_id': None, 'service_project_domain_id': None, 'service_roles': []} {{(pid=81695) fill_context /opt/stack/keystone/keystone/server/flask/request_processing/middleware/auth_context.py:509}}
Feb 13 16:40:11 ubuntu devstack@keystone.service[81695]: DEBUG keystone.server.flask.request_processing.req_logging [None req-a4ef0be3-a3ea-4e23-ad79-cd1dd72a8aa1 None admin] REQUEST_METHOD: `GET` {{(pid=81695) log_request_info /opt/stack/keystone/keystone/server/flask/request_processing/req_logging.py:26}}
Feb 13 16:40:11 ubuntu devstack@keystone.service[81694]: DEBUG keystone.server.flask.request_processing.middleware.auth_context [None req-38e03fe0-2df2-447f-aa68-045f1392ef4b None admin] RBAC: auth_context: {'token': <TokenModel (audit_id=dXFCeVVITsm3PVT19g09NA, audit_chain_id=['dXFCeVVITsm3PVT19g09NA']) at 0x7f050b7f6b90>, 'domain_id': None, 'trust_id': None, 'trustor_id': None, 'trustee_id': None, 'domain_name': None, 'group_ids': [], 'user_id': '88b64758948b49449910cd75d4ef834a', 'user_domain_id': 'default', 'system_scope': 'all', 'project_id': None, 'project_domain_id': None, 'roles': ['admin', 'manager', 'member', 'reader'], 'is_admin_project': True, 'service_user_id': None, 'service_user_domain_id': None, 'service_project_id': None, 'service_project_domain_id': None, 'service_roles': []} {{(pid=81694) fill_context /opt/stack/keystone/keystone/server/flask/request_processing/middleware/auth_context.py:509}}
Feb 13 16:40:11 ubuntu devstack@keystone.service[81695]: DEBUG keystone.server.flask.request_processing.req_logging [None req-a4ef0be3-a3ea-4e23-ad79-cd1dd72a8aa1 None admin] SCRIPT_NAME: `/identity` {{(pid=81695) log_request_info /opt/stack/keystone/keystone/server/flask/request_processing/req_logging.py:27}}
Feb 13 16:40:11 ubuntu devstack@keystone.service[81694]: DEBUG keystone.server.flask.request_processing.req_logging [None req-38e03fe0-2df2-447f-aa68-045f1392ef4b None admin] REQUEST_METHOD: `GET` {{(pid=81694) log_request_info /opt/stack/keystone/keystone/server/flask/request_processing/req_logging.py:26}}
Feb 13 16:40:11 ubuntu devstack@keystone.service[81694]: DEBUG keystone.server.flask.request_processing.req_logging [None req-38e03fe0-2df2-447f-aa68-045f1392ef4b None admin] SCRIPT_NAME: `/identity` {{(pid=81694) log_request_info /opt/stack/keystone/keystone/server/flask/request_processing/req_logging.py:27}}
Feb 13 16:40:11 ubuntu devstack@keystone.service[81694]: DEBUG keystone.server.flask.request_processing.req_logging [None req-38e03fe0-2df2-447f-aa68-045f1392ef4b None admin] PATH_INFO: `/v3/roles/service` {{(pid=81694) log_request_info /opt/stack/keystone/keystone/server/flask/request_processing/req_logging.py:28}}
Feb 13 16:40:11 ubuntu devstack@keystone.service[81695]: DEBUG keystone.server.flask.request_processing.req_logging [None req-a4ef0be3-a3ea-4e23-ad79-cd1dd72a8aa1 None admin] PATH_INFO: `/v3/role_assignments` {{(pid=81695) log_request_info /opt/stack/keystone/keystone/server/flask/request_processing/req_logging.py:28}}
Feb 13 16:40:11 ubuntu devstack@keystone.service[81695]: DEBUG keystone.common.rbac_enforcer.enforcer [None req-a4ef0be3-a3ea-4e23-ad79-cd1dd72a8aa1 None admin] RBAC: Adding query filter params (role.id=370075ea96294e4b9f23215c64cc2874, scope.domain.id=default, user.id=88b64758948b49449910cd75d4ef834a) {{(pid=81695) _extract_filter_values /opt/stack/keystone/keystone/common/rbac_enforcer/enforcer.py:176}}
Feb 13 16:40:11 ubuntu devstack@keystone.service[81695]: DEBUG keystone.common.rbac_enforcer.enforcer [None req-a4ef0be3-a3ea-4e23-ad79-cd1dd72a8aa1 None admin] RBAC: Authorizing `identity:list_role_assignments()` {{(pid=81695) enforce_call /opt/stack/keystone/keystone/common/rbac_enforcer/enforcer.py:494}}
Feb 13 16:40:11 ubuntu devstack@keystone.service[81695]: DEBUG keystone.common.rbac_enforcer.enforcer [None req-a4ef0be3-a3ea-4e23-ad79-cd1dd72a8aa1 None admin] RBAC: Authorization granted {{(pid=81695) enforce_call /opt/stack/keystone/keystone/common/rbac_enforcer/enforcer.py:505}}
Feb 13 16:40:11 ubuntu devstack@keystone.service[81695]: [pid: 81695|app: 0|req: 20/38] 10.201.5.82 () {56 vars in 1371 bytes} [Fri Feb 13 16:40:11 2026] GET /identity/v3/role_assignments?role.id=370075ea96294e4b9f23215c64cc2874&scope.domain.id=default&user.id=88b64758948b49449910cd75d4ef834a => generated 530 bytes in 66 msecs (HTTP/1.1 200) 5 headers in 177 bytes (2 switches on core 0)
Feb 13 16:40:11 ubuntu devstack@keystone.service[81695]: DEBUG keystone.server.flask.request_processing.middleware.auth_context [None req-a4ef0be3-a3ea-4e23-ad79-cd1dd72a8aa1 None admin] Authenticating user token {{(pid=81695) process_request /opt/stack/data/venv/lib/python3.10/site-packages/keystonemiddleware/auth_token/__init__.py:407}}
Feb 13 16:40:11 ubuntu devstack@keystone.service[81694]: DEBUG keystone.common.rbac_enforcer.enforcer [None req-38e03fe0-2df2-447f-aa68-045f1392ef4b None admin] Extracting inferred target data resulted in "NOT FOUND (404)". {{(pid=81694) enforce_call /opt/stack/keystone/keystone/common/rbac_enforcer/enforcer.py:445}}
Feb 13 16:40:11 ubuntu devstack@keystone.service[81694]: DEBUG keystone.server.flask.application [None req-38e03fe0-2df2-447f-aa68-045f1392ef4b None admin] Could not find role: service. {{(pid=81694) _handle_keystone_exception /opt/stack/keystone/keystone/server/flask/application.py:146}}
Feb 13 16:40:11 ubuntu devstack@keystone.service[81694]: [pid: 81694|app: 0|req: 19/39] 10.201.5.82 () {56 vars in 1138 bytes} [Fri Feb 13 16:40:11 2026] GET /identity/v3/roles/service => generated 85 bytes in 138 msecs (HTTP/1.1 404) 5 headers in 183 bytes (1 switches on core 0)
Feb 13 16:40:11 ubuntu devstack@keystone.service[81694]: DEBUG keystone.server.flask.request_processing.middleware.auth_context [None req-38e03fe0-2df2-447f-aa68-045f1392ef4b None admin] Authenticating user token {{(pid=81694) process_request /opt/stack/data/venv/lib/python3.10/site-packages/keystonemiddleware/auth_token/__init__.py:407}}
Feb 13 16:40:11 ubuntu devstack@keystone.service[81695]: DEBUG keystone.server.flask.request_processing.middleware.auth_context [None req-a4ef0be3-a3ea-4e23-ad79-cd1dd72a8aa1 None admin] Validating token access rules against request {{(pid=81695) validate_allowed_request /opt/stack/data/venv/lib/python3.10/site-packages/keystonemiddleware/auth_token/__init__.py:545}}
Feb 13 16:40:11 ubuntu devstack@keystone.service[81695]: DEBUG keystone.server.flask.request_processing.middleware.auth_context [None req-b7f8b75c-1cf4-45b6-820b-7b4e247d8741 None admin] RBAC: auth_context: {'token': <TokenModel (audit_id=1VSbH26YQmSh8246Y75X5A, audit_chain_id=['1VSbH26YQmSh8246Y75X5A']) at 0x7f050c4d1cf0>, 'domain_id': None, 'trust_id': None, 'trustor_id': None, 'trustee_id': None, 'domain_name': None, 'group_ids': [], 'user_id': '88b64758948b49449910cd75d4ef834a', 'user_domain_id': 'default', 'system_scope': 'all', 'project_id': None, 'project_domain_id': None, 'roles': ['admin', 'manager', 'member', 'reader'], 'is_admin_project': True, 'service_user_id': None, 'service_user_domain_id': None, 'service_project_id': None, 'service_project_domain_id': None, 'service_roles': []} {{(pid=81695) fill_context /opt/stack/keystone/keystone/server/flask/request_processing/middleware/auth_context.py:509}}
Feb 13 16:40:11 ubuntu devstack@keystone.service[81695]: DEBUG keystone.server.flask.request_processing.req_logging [None req-b7f8b75c-1cf4-45b6-820b-7b4e247d8741 None admin] REQUEST_METHOD: `POST` {{(pid=81695) log_request_info /opt/stack/keystone/keystone/server/flask/request_processing/req_logging.py:26}}
Feb 13 16:40:11 ubuntu devstack@keystone.service[81695]: DEBUG keystone.server.flask.request_processing.req_logging [None req-b7f8b75c-1cf4-45b6-820b-7b4e247d8741 None admin] SCRIPT_NAME: `/identity` {{(pid=81695) log_request_info /opt/stack/keystone/keystone/server/flask/request_processing/req_logging.py:27}}
Feb 13 16:40:11 ubuntu devstack@keystone.service[81695]: DEBUG keystone.server.flask.request_processing.req_logging [None req-b7f8b75c-1cf4-45b6-820b-7b4e247d8741 None admin] PATH_INFO: `/v3/roles` {{(pid=81695) log_request_info /opt/stack/keystone/keystone/server/flask/request_processing/req_logging.py:28}}
Feb 13 16:40:11 ubuntu devstack@keystone.service[81695]: DEBUG keystone.common.rbac_enforcer.enforcer [None req-b7f8b75c-1cf4-45b6-820b-7b4e247d8741 None admin] RBAC: Authorizing `identity:create_role()` {{(pid=81695) enforce_call /opt/stack/keystone/keystone/common/rbac_enforcer/enforcer.py:494}}
Feb 13 16:40:11 ubuntu devstack@keystone.service[81695]: DEBUG keystone.common.rbac_enforcer.enforcer [None req-b7f8b75c-1cf4-45b6-820b-7b4e247d8741 None admin] RBAC: Authorization granted {{(pid=81695) enforce_call /opt/stack/keystone/keystone/common/rbac_enforcer/enforcer.py:505}}
Feb 13 16:40:11 ubuntu devstack@keystone.service[81695]: [pid: 81695|app: 0|req: 21/40] 10.201.5.82 () {60 vars in 1167 bytes} [Fri Feb 13 16:40:11 2026] POST /identity/v3/roles => generated 225 bytes in 77 msecs (HTTP/1.1 201) 5 headers in 182 bytes (1 switches on core 0)
Feb 13 16:40:11 ubuntu devstack@keystone.service[81694]: DEBUG keystone.server.flask.request_processing.middleware.auth_context [None req-38e03fe0-2df2-447f-aa68-045f1392ef4b None admin] Validating token access rules against request {{(pid=81694) validate_allowed_request /opt/stack/data/venv/lib/python3.10/site-packages/keystonemiddleware/auth_token/__init__.py:545}}
Feb 13 16:40:11 ubuntu devstack@keystone.service[81694]: DEBUG keystone.server.flask.request_processing.middleware.auth_context [None req-48f29078-3046-4228-903c-7bf4a4642fb2 None admin] RBAC: auth_context: {'token': <TokenModel (audit_id=dXFCeVVITsm3PVT19g09NA, audit_chain_id=['dXFCeVVITsm3PVT19g09NA']) at 0x7f050c3152d0>, 'domain_id': None, 'trust_id': None, 'trustor_id': None, 'trustee_id': None, 'domain_name': None, 'group_ids': [], 'user_id': '88b64758948b49449910cd75d4ef834a', 'user_domain_id': 'default', 'system_scope': 'all', 'project_id': None, 'project_domain_id': None, 'roles': ['admin', 'manager', 'member', 'reader'], 'is_admin_project': True, 'service_user_id': None, 'service_user_domain_id': None, 'service_project_id': None, 'service_project_domain_id': None, 'service_roles': []} {{(pid=81694) fill_context /opt/stack/keystone/keystone/server/flask/request_processing/middleware/auth_context.py:509}}
Feb 13 16:40:11 ubuntu devstack@keystone.service[81694]: DEBUG keystone.server.flask.request_processing.req_logging [None req-48f29078-3046-4228-903c-7bf4a4642fb2 None admin] REQUEST_METHOD: `GET` {{(pid=81694) log_request_info /opt/stack/keystone/keystone/server/flask/request_processing/req_logging.py:26}}
Feb 13 16:40:11 ubuntu devstack@keystone.service[81694]: DEBUG keystone.server.flask.request_processing.req_logging [None req-48f29078-3046-4228-903c-7bf4a4642fb2 None admin] SCRIPT_NAME: `/identity` {{(pid=81694) log_request_info /opt/stack/keystone/keystone/server/flask/request_processing/req_logging.py:27}}
Feb 13 16:40:11 ubuntu devstack@keystone.service[81694]: DEBUG keystone.server.flask.request_processing.req_logging [None req-48f29078-3046-4228-903c-7bf4a4642fb2 None admin] PATH_INFO: `/v3/roles` {{(pid=81694) log_request_info /opt/stack/keystone/keystone/server/flask/request_processing/req_logging.py:28}}
Feb 13 16:40:11 ubuntu devstack@keystone.service[81694]: DEBUG keystone.common.rbac_enforcer.enforcer [None req-48f29078-3046-4228-903c-7bf4a4642fb2 None admin] RBAC: Adding query filter params (name=service) {{(pid=81694) _extract_filter_values /opt/stack/keystone/keystone/common/rbac_enforcer/enforcer.py:176}}
Feb 13 16:40:11 ubuntu devstack@keystone.service[81694]: DEBUG keystone.common.rbac_enforcer.enforcer [None req-48f29078-3046-4228-903c-7bf4a4642fb2 None admin] RBAC: Authorizing `identity:list_roles()` {{(pid=81694) enforce_call /opt/stack/keystone/keystone/common/rbac_enforcer/enforcer.py:494}}
Feb 13 16:40:11 ubuntu devstack@keystone.service[81694]: DEBUG keystone.common.rbac_enforcer.enforcer [None req-48f29078-3046-4228-903c-7bf4a4642fb2 None admin] RBAC: Authorization granted {{(pid=81694) enforce_call /opt/stack/keystone/keystone/common/rbac_enforcer/enforcer.py:505}}
Feb 13 16:40:11 ubuntu devstack@keystone.service[81694]: [pid: 81694|app: 0|req: 20/41] 10.201.5.82 () {56 vars in 1152 bytes} [Fri Feb 13 16:40:11 2026] GET /identity/v3/roles?name=service => generated 343 bytes in 253 msecs (HTTP/1.1 200) 5 headers in 177 bytes (1 switches on core 0)
Feb 13 16:40:11 ubuntu devstack@keystone.service[81695]: DEBUG keystone.server.flask.request_processing.req_logging [None req-b0ae4c09-f3e7-4206-bf7f-b05710c88c80 None None] REQUEST_METHOD: `GET` {{(pid=81695) log_request_info /opt/stack/keystone/keystone/server/flask/request_processing/req_logging.py:26}}
Feb 13 16:40:11 ubuntu devstack@keystone.service[81695]: DEBUG keystone.server.flask.request_processing.req_logging [None req-b0ae4c09-f3e7-4206-bf7f-b05710c88c80 None None] SCRIPT_NAME: `/identity` {{(pid=81695) log_request_info /opt/stack/keystone/keystone/server/flask/request_processing/req_logging.py:27}}
Feb 13 16:40:11 ubuntu devstack@keystone.service[81695]: DEBUG keystone.server.flask.request_processing.req_logging [None req-b0ae4c09-f3e7-4206-bf7f-b05710c88c80 None None] PATH_INFO: `/` {{(pid=81695) log_request_info /opt/stack/keystone/keystone/server/flask/request_processing/req_logging.py:28}}
Feb 13 16:40:11 ubuntu devstack@keystone.service[81695]: [pid: 81695|app: 0|req: 22/42] 10.201.5.82 () {54 vars in 919 bytes} [Fri Feb 13 16:40:11 2026] GET /identity => generated 270 bytes in 5 msecs (HTTP/1.1 300) 6 headers in 234 bytes (1 switches on core 0)
Feb 13 16:40:11 ubuntu devstack@keystone.service[81694]: DEBUG keystone.server.flask.request_processing.req_logging [None req-ccb54e14-1434-4f84-9ab4-d873b83663f4 None None] REQUEST_METHOD: `GET` {{(pid=81694) log_request_info /opt/stack/keystone/keystone/server/flask/request_processing/req_logging.py:26}}
Feb 13 16:40:11 ubuntu devstack@keystone.service[81694]: DEBUG keystone.server.flask.request_processing.req_logging [None req-ccb54e14-1434-4f84-9ab4-d873b83663f4 None None] SCRIPT_NAME: `/identity` {{(pid=81694) log_request_info /opt/stack/keystone/keystone/server/flask/request_processing/req_logging.py:27}}
Feb 13 16:40:11 ubuntu devstack@keystone.service[81694]: DEBUG keystone.server.flask.request_processing.req_logging [None req-ccb54e14-1434-4f84-9ab4-d873b83663f4 None None] PATH_INFO: `/` {{(pid=81694) log_request_info /opt/stack/keystone/keystone/server/flask/request_processing/req_logging.py:28}}
Feb 13 16:40:11 ubuntu devstack@keystone.service[81694]: [pid: 81694|app: 0|req: 21/43] 10.201.5.82 () {54 vars in 919 bytes} [Fri Feb 13 16:40:11 2026] GET /identity => generated 270 bytes in 1 msecs (HTTP/1.1 300) 6 headers in 234 bytes (1 switches on core 0)
Feb 13 16:40:11 ubuntu devstack@keystone.service[81695]: DEBUG keystone.server.flask.request_processing.req_logging [None req-7d71cdb2-97ae-4e0e-be9c-bb7bf166b07e None None] REQUEST_METHOD: `POST` {{(pid=81695) log_request_info /opt/stack/keystone/keystone/server/flask/request_processing/req_logging.py:26}}
Feb 13 16:40:11 ubuntu devstack@keystone.service[81695]: DEBUG keystone.server.flask.request_processing.req_logging [None req-7d71cdb2-97ae-4e0e-be9c-bb7bf166b07e None None] SCRIPT_NAME: `/identity` {{(pid=81695) log_request_info /opt/stack/keystone/keystone/server/flask/request_processing/req_logging.py:27}}
Feb 13 16:40:11 ubuntu devstack@keystone.service[81694]: DEBUG keystone.server.flask.request_processing.req_logging [None req-ba6f862f-79b2-489b-8396-2f4fa805a56d None None] REQUEST_METHOD: `POST` {{(pid=81694) log_request_info /opt/stack/keystone/keystone/server/flask/request_processing/req_logging.py:26}}
Feb 13 16:40:11 ubuntu devstack@keystone.service[81694]: DEBUG keystone.server.flask.request_processing.req_logging [None req-ba6f862f-79b2-489b-8396-2f4fa805a56d None None] SCRIPT_NAME: `/identity` {{(pid=81694) log_request_info /opt/stack/keystone/keystone/server/flask/request_processing/req_logging.py:27}}
Feb 13 16:40:11 ubuntu devstack@keystone.service[81694]: DEBUG keystone.server.flask.request_processing.req_logging [None req-ba6f862f-79b2-489b-8396-2f4fa805a56d None None] PATH_INFO: `/v3/auth/tokens` {{(pid=81694) log_request_info /opt/stack/keystone/keystone/server/flask/request_processing/req_logging.py:28}}
Feb 13 16:40:11 ubuntu devstack@keystone.service[81695]: DEBUG keystone.server.flask.request_processing.req_logging [None req-7d71cdb2-97ae-4e0e-be9c-bb7bf166b07e None None] PATH_INFO: `/v3/auth/tokens` {{(pid=81695) log_request_info /opt/stack/keystone/keystone/server/flask/request_processing/req_logging.py:28}}
Feb 13 16:40:11 ubuntu devstack@keystone.service[81694]: WARNING keystone.common.password_hashing [None req-ba6f862f-79b2-489b-8396-2f4fa805a56d None None] Truncating password to algorithm specific maximum length 72 characters.
Feb 13 16:40:11 ubuntu devstack@keystone.service[81695]: WARNING keystone.common.password_hashing [None req-7d71cdb2-97ae-4e0e-be9c-bb7bf166b07e None None] Truncating password to algorithm specific maximum length 72 characters.
Feb 13 16:40:11 ubuntu devstack@keystone.service[81694]: DEBUG keystone.auth.core [None req-ba6f862f-79b2-489b-8396-2f4fa805a56d None None] MFA Rules not processed for user `88b64758948b49449910cd75d4ef834a`. Rule list: `[]` (Enabled: `True`). {{(pid=81694) check_auth_methods_against_rules /opt/stack/keystone/keystone/auth/core.py:476}}
Feb 13 16:40:11 ubuntu devstack@keystone.service[81694]: DEBUG keystone.common.fernet_utils [None req-ba6f862f-79b2-489b-8396-2f4fa805a56d None None] Loaded 2 Fernet keys from /etc/keystone/fernet-keys/, but `[fernet_tokens] max_active_keys = 3`; perhaps there have not been enough key rotations to reach `max_active_keys` yet? {{(pid=81694) load_keys /opt/stack/keystone/keystone/common/fernet_utils.py:297}}
Feb 13 16:40:11 ubuntu devstack@keystone.service[81695]: DEBUG keystone.auth.core [None req-7d71cdb2-97ae-4e0e-be9c-bb7bf166b07e None None] MFA Rules not processed for user `88b64758948b49449910cd75d4ef834a`. Rule list: `[]` (Enabled: `True`). {{(pid=81695) check_auth_methods_against_rules /opt/stack/keystone/keystone/auth/core.py:476}}
Feb 13 16:40:11 ubuntu devstack@keystone.service[81695]: DEBUG keystone.common.fernet_utils [None req-7d71cdb2-97ae-4e0e-be9c-bb7bf166b07e None None] Loaded 2 Fernet keys from /etc/keystone/fernet-keys/, but `[fernet_tokens] max_active_keys = 3`; perhaps there have not been enough key rotations to reach `max_active_keys` yet? {{(pid=81695) load_keys /opt/stack/keystone/keystone/common/fernet_utils.py:297}}
Feb 13 16:40:11 ubuntu devstack@keystone.service[81694]: [pid: 81694|app: 0|req: 22/44] 10.201.5.82 () {58 vars in 1016 bytes} [Fri Feb 13 16:40:11 2026] POST /identity/v3/auth/tokens => generated 862 bytes in 51 msecs (HTTP/1.1 201) 6 headers in 363 bytes (1 switches on core 0)
Feb 13 16:40:11 ubuntu devstack@keystone.service[81695]: [pid: 81695|app: 0|req: 23/45] 10.201.5.82 () {58 vars in 1016 bytes} [Fri Feb 13 16:40:11 2026] POST /identity/v3/auth/tokens => generated 862 bytes in 57 msecs (HTTP/1.1 201) 6 headers in 363 bytes (1 switches on core 0)
Feb 13 16:40:11 ubuntu devstack@keystone.service[81694]: DEBUG keystone.server.flask.request_processing.middleware.auth_context [None req-ba6f862f-79b2-489b-8396-2f4fa805a56d None None] Authenticating user token {{(pid=81694) process_request /opt/stack/data/venv/lib/python3.10/site-packages/keystonemiddleware/auth_token/__init__.py:407}}
Feb 13 16:40:12 ubuntu devstack@keystone.service[81695]: DEBUG keystone.server.flask.request_processing.middleware.auth_context [None req-7d71cdb2-97ae-4e0e-be9c-bb7bf166b07e None None] Authenticating user token {{(pid=81695) process_request /opt/stack/data/venv/lib/python3.10/site-packages/keystonemiddleware/auth_token/__init__.py:407}}
Feb 13 16:40:12 ubuntu devstack@keystone.service[81694]: DEBUG keystone.server.flask.request_processing.middleware.auth_context [None req-ba6f862f-79b2-489b-8396-2f4fa805a56d None None] Validating token access rules against request {{(pid=81694) validate_allowed_request /opt/stack/data/venv/lib/python3.10/site-packages/keystonemiddleware/auth_token/__init__.py:545}}
Feb 13 16:40:12 ubuntu devstack@keystone.service[81694]: DEBUG keystone.server.flask.request_processing.middleware.auth_context [None req-8d37e671-8950-42ae-b8c1-1f0f896cee73 None admin] RBAC: auth_context: {'token': <TokenModel (audit_id=Y2rNgFzZTVClS8Sc7JHLDg, audit_chain_id=['Y2rNgFzZTVClS8Sc7JHLDg']) at 0x7f050bac43a0>, 'domain_id': None, 'trust_id': None, 'trustor_id': None, 'trustee_id': None, 'domain_name': None, 'group_ids': [], 'user_id': '88b64758948b49449910cd75d4ef834a', 'user_domain_id': 'default', 'system_scope': 'all', 'project_id': None, 'project_domain_id': None, 'roles': ['admin', 'manager', 'member', 'reader'], 'is_admin_project': True, 'service_user_id': None, 'service_user_domain_id': None, 'service_project_id': None, 'service_project_domain_id': None, 'service_roles': []} {{(pid=81694) fill_context /opt/stack/keystone/keystone/server/flask/request_processing/middleware/auth_context.py:509}}
Feb 13 16:40:12 ubuntu devstack@keystone.service[81694]: DEBUG keystone.server.flask.request_processing.req_logging [None req-8d37e671-8950-42ae-b8c1-1f0f896cee73 None admin] REQUEST_METHOD: `POST` {{(pid=81694) log_request_info /opt/stack/keystone/keystone/server/flask/request_processing/req_logging.py:26}}
Feb 13 16:40:12 ubuntu devstack@keystone.service[81694]: DEBUG keystone.server.flask.request_processing.req_logging [None req-8d37e671-8950-42ae-b8c1-1f0f896cee73 None admin] SCRIPT_NAME: `/identity` {{(pid=81694) log_request_info /opt/stack/keystone/keystone/server/flask/request_processing/req_logging.py:27}}
Feb 13 16:40:12 ubuntu devstack@keystone.service[81694]: DEBUG keystone.server.flask.request_processing.req_logging [None req-8d37e671-8950-42ae-b8c1-1f0f896cee73 None admin] PATH_INFO: `/v3/roles` {{(pid=81694) log_request_info /opt/stack/keystone/keystone/server/flask/request_processing/req_logging.py:28}}
Feb 13 16:40:12 ubuntu devstack@keystone.service[81694]: DEBUG keystone.common.rbac_enforcer.enforcer [None req-8d37e671-8950-42ae-b8c1-1f0f896cee73 None admin] RBAC: Authorizing `identity:create_role()` {{(pid=81694) enforce_call /opt/stack/keystone/keystone/common/rbac_enforcer/enforcer.py:494}}
Feb 13 16:40:12 ubuntu devstack@keystone.service[81694]: DEBUG keystone.common.rbac_enforcer.enforcer [None req-8d37e671-8950-42ae-b8c1-1f0f896cee73 None admin] RBAC: Authorization granted {{(pid=81694) enforce_call /opt/stack/keystone/keystone/common/rbac_enforcer/enforcer.py:505}}
Feb 13 16:40:12 ubuntu devstack@keystone.service[81695]: DEBUG keystone.server.flask.request_processing.middleware.auth_context [None req-7d71cdb2-97ae-4e0e-be9c-bb7bf166b07e None None] Validating token access rules against request {{(pid=81695) validate_allowed_request /opt/stack/data/venv/lib/python3.10/site-packages/keystonemiddleware/auth_token/__init__.py:545}}
Feb 13 16:40:12 ubuntu devstack@keystone.service[81695]: DEBUG keystone.server.flask.request_processing.middleware.auth_context [None req-32f4c6a8-70df-4ff9-8d3d-a1a98c95450f None admin] RBAC: auth_context: {'token': <TokenModel (audit_id=oUKdk8_USR-UgxfXLka5bA, audit_chain_id=['oUKdk8_USR-UgxfXLka5bA']) at 0x7f050c4d2980>, 'domain_id': None, 'trust_id': None, 'trustor_id': None, 'trustee_id': None, 'domain_name': None, 'group_ids': [], 'user_id': '88b64758948b49449910cd75d4ef834a', 'user_domain_id': 'default', 'system_scope': 'all', 'project_id': None, 'project_domain_id': None, 'roles': ['admin', 'manager', 'member', 'reader'], 'is_admin_project': True, 'service_user_id': None, 'service_user_domain_id': None, 'service_project_id': None, 'service_project_domain_id': None, 'service_roles': []} {{(pid=81695) fill_context /opt/stack/keystone/keystone/server/flask/request_processing/middleware/auth_context.py:509}}
Feb 13 16:40:12 ubuntu devstack@keystone.service[81695]: DEBUG keystone.server.flask.request_processing.req_logging [None req-32f4c6a8-70df-4ff9-8d3d-a1a98c95450f None admin] REQUEST_METHOD: `GET` {{(pid=81695) log_request_info /opt/stack/keystone/keystone/server/flask/request_processing/req_logging.py:26}}
Feb 13 16:40:12 ubuntu devstack@keystone.service[81695]: DEBUG keystone.server.flask.request_processing.req_logging [None req-32f4c6a8-70df-4ff9-8d3d-a1a98c95450f None admin] SCRIPT_NAME: `/identity` {{(pid=81695) log_request_info /opt/stack/keystone/keystone/server/flask/request_processing/req_logging.py:27}}
Feb 13 16:40:12 ubuntu devstack@keystone.service[81695]: DEBUG keystone.server.flask.request_processing.req_logging [None req-32f4c6a8-70df-4ff9-8d3d-a1a98c95450f None admin] PATH_INFO: `/v3/domains/default` {{(pid=81695) log_request_info /opt/stack/keystone/keystone/server/flask/request_processing/req_logging.py:28}}
Feb 13 16:40:12 ubuntu devstack@keystone.service[81695]: DEBUG keystone.common.rbac_enforcer.enforcer [None req-32f4c6a8-70df-4ff9-8d3d-a1a98c95450f None admin] RBAC: Authorizing `identity:get_domain(domain_id=default)` {{(pid=81695) enforce_call /opt/stack/keystone/keystone/common/rbac_enforcer/enforcer.py:494}}
Feb 13 16:40:12 ubuntu devstack@keystone.service[81695]: DEBUG keystone.common.rbac_enforcer.enforcer [None req-32f4c6a8-70df-4ff9-8d3d-a1a98c95450f None admin] RBAC: Authorization granted {{(pid=81695) enforce_call /opt/stack/keystone/keystone/common/rbac_enforcer/enforcer.py:505}}
Feb 13 16:40:12 ubuntu devstack@keystone.service[81695]: [pid: 81695|app: 0|req: 24/46] 10.201.5.82 () {56 vars in 1100 bytes} [Fri Feb 13 16:40:12 2026] GET /identity/v3/domains/default => generated 199 bytes in 72 msecs (HTTP/1.1 200) 5 headers in 177 bytes (1 switches on core 0)
Feb 13 16:40:12 ubuntu devstack@keystone.service[81695]: DEBUG keystone.server.flask.request_processing.middleware.auth_context [None req-32f4c6a8-70df-4ff9-8d3d-a1a98c95450f None admin] Authenticating user token {{(pid=81695) process_request /opt/stack/data/venv/lib/python3.10/site-packages/keystonemiddleware/auth_token/__init__.py:407}}
Feb 13 16:40:12 ubuntu devstack@keystone.service[81694]: [pid: 81694|app: 0|req: 23/47] 10.201.5.82 () {60 vars in 1167 bytes} [Fri Feb 13 16:40:11 2026] POST /identity/v3/roles => generated 223 bytes in 117 msecs (HTTP/1.1 201) 5 headers in 182 bytes (1 switches on core 0)
Feb 13 16:40:12 ubuntu devstack@keystone.service[81695]: DEBUG keystone.server.flask.request_processing.middleware.auth_context [None req-32f4c6a8-70df-4ff9-8d3d-a1a98c95450f None admin] Validating token access rules against request {{(pid=81695) validate_allowed_request /opt/stack/data/venv/lib/python3.10/site-packages/keystonemiddleware/auth_token/__init__.py:545}}
Feb 13 16:40:12 ubuntu devstack@keystone.service[81695]: DEBUG keystone.server.flask.request_processing.middleware.auth_context [None req-eda593f7-2479-42be-8528-e8904d8ee388 None admin] RBAC: auth_context: {'token': <TokenModel (audit_id=oUKdk8_USR-UgxfXLka5bA, audit_chain_id=['oUKdk8_USR-UgxfXLka5bA']) at 0x7f050c4d3070>, 'domain_id': None, 'trust_id': None, 'trustor_id': None, 'trustee_id': None, 'domain_name': None, 'group_ids': [], 'user_id': '88b64758948b49449910cd75d4ef834a', 'user_domain_id': 'default', 'system_scope': 'all', 'project_id': None, 'project_domain_id': None, 'roles': ['admin', 'manager', 'member', 'reader'], 'is_admin_project': True, 'service_user_id': None, 'service_user_domain_id': None, 'service_project_id': None, 'service_project_domain_id': None, 'service_roles': []} {{(pid=81695) fill_context /opt/stack/keystone/keystone/server/flask/request_processing/middleware/auth_context.py:509}}
Feb 13 16:40:12 ubuntu devstack@keystone.service[81695]: DEBUG keystone.server.flask.request_processing.req_logging [None req-eda593f7-2479-42be-8528-e8904d8ee388 None admin] REQUEST_METHOD: `POST` {{(pid=81695) log_request_info /opt/stack/keystone/keystone/server/flask/request_processing/req_logging.py:26}}
Feb 13 16:40:12 ubuntu devstack@keystone.service[81695]: DEBUG keystone.server.flask.request_processing.req_logging [None req-eda593f7-2479-42be-8528-e8904d8ee388 None admin] SCRIPT_NAME: `/identity` {{(pid=81695) log_request_info /opt/stack/keystone/keystone/server/flask/request_processing/req_logging.py:27}}
Feb 13 16:40:12 ubuntu devstack@keystone.service[81695]: DEBUG keystone.server.flask.request_processing.req_logging [None req-eda593f7-2479-42be-8528-e8904d8ee388 None admin] PATH_INFO: `/v3/projects` {{(pid=81695) log_request_info /opt/stack/keystone/keystone/server/flask/request_processing/req_logging.py:28}}
Feb 13 16:40:12 ubuntu devstack@keystone.service[81695]: DEBUG keystone.common.rbac_enforcer.enforcer [None req-eda593f7-2479-42be-8528-e8904d8ee388 None admin] RBAC: Authorizing `identity:create_project()` {{(pid=81695) enforce_call /opt/stack/keystone/keystone/common/rbac_enforcer/enforcer.py:494}}
Feb 13 16:40:12 ubuntu devstack@keystone.service[81695]: DEBUG keystone.common.rbac_enforcer.enforcer [None req-eda593f7-2479-42be-8528-e8904d8ee388 None admin] RBAC: Authorization granted {{(pid=81695) enforce_call /opt/stack/keystone/keystone/common/rbac_enforcer/enforcer.py:505}}
Feb 13 16:40:12 ubuntu devstack@keystone.service[81695]: [pid: 81695|app: 0|req: 25/48] 10.201.5.82 () {60 vars in 1133 bytes} [Fri Feb 13 16:40:12 2026] POST /identity/v3/projects => generated 312 bytes in 73 msecs (HTTP/1.1 201) 5 headers in 182 bytes (2 switches on core 0)
Feb 13 16:40:13 ubuntu devstack@keystone.service[81694]: DEBUG keystone.server.flask.request_processing.req_logging [None req-9d1d7658-d68d-4583-9c53-ba7b9856e3e0 None None] REQUEST_METHOD: `GET` {{(pid=81694) log_request_info /opt/stack/keystone/keystone/server/flask/request_processing/req_logging.py:26}}
Feb 13 16:40:13 ubuntu devstack@keystone.service[81694]: DEBUG keystone.server.flask.request_processing.req_logging [None req-9d1d7658-d68d-4583-9c53-ba7b9856e3e0 None None] SCRIPT_NAME: `/identity` {{(pid=81694) log_request_info /opt/stack/keystone/keystone/server/flask/request_processing/req_logging.py:27}}
Feb 13 16:40:13 ubuntu devstack@keystone.service[81694]: DEBUG keystone.server.flask.request_processing.req_logging [None req-9d1d7658-d68d-4583-9c53-ba7b9856e3e0 None None] PATH_INFO: `/` {{(pid=81694) log_request_info /opt/stack/keystone/keystone/server/flask/request_processing/req_logging.py:28}}
Feb 13 16:40:13 ubuntu devstack@keystone.service[81694]: [pid: 81694|app: 0|req: 24/49] 10.201.5.82 () {54 vars in 919 bytes} [Fri Feb 13 16:40:13 2026] GET /identity => generated 270 bytes in 2 msecs (HTTP/1.1 300) 6 headers in 234 bytes (1 switches on core 0)
Feb 13 16:40:13 ubuntu devstack@keystone.service[81695]: DEBUG keystone.server.flask.request_processing.req_logging [None req-81e68920-8324-4a95-9020-61ecae416792 None None] REQUEST_METHOD: `POST` {{(pid=81695) log_request_info /opt/stack/keystone/keystone/server/flask/request_processing/req_logging.py:26}}
Feb 13 16:40:13 ubuntu devstack@keystone.service[81695]: DEBUG keystone.server.flask.request_processing.req_logging [None req-81e68920-8324-4a95-9020-61ecae416792 None None] SCRIPT_NAME: `/identity` {{(pid=81695) log_request_info /opt/stack/keystone/keystone/server/flask/request_processing/req_logging.py:27}}
Feb 13 16:40:13 ubuntu devstack@keystone.service[81695]: DEBUG keystone.server.flask.request_processing.req_logging [None req-81e68920-8324-4a95-9020-61ecae416792 None None] PATH_INFO: `/v3/auth/tokens` {{(pid=81695) log_request_info /opt/stack/keystone/keystone/server/flask/request_processing/req_logging.py:28}}
Feb 13 16:40:13 ubuntu devstack@keystone.service[81695]: WARNING keystone.common.password_hashing [None req-81e68920-8324-4a95-9020-61ecae416792 None None] Truncating password to algorithm specific maximum length 72 characters.
Feb 13 16:40:13 ubuntu devstack@keystone.service[81695]: DEBUG keystone.auth.core [None req-81e68920-8324-4a95-9020-61ecae416792 None None] MFA Rules not processed for user `88b64758948b49449910cd75d4ef834a`. Rule list: `[]` (Enabled: `True`). {{(pid=81695) check_auth_methods_against_rules /opt/stack/keystone/keystone/auth/core.py:476}}
Feb 13 16:40:13 ubuntu devstack@keystone.service[81695]: DEBUG keystone.common.fernet_utils [None req-81e68920-8324-4a95-9020-61ecae416792 None None] Loaded 2 Fernet keys from /etc/keystone/fernet-keys/, but `[fernet_tokens] max_active_keys = 3`; perhaps there have not been enough key rotations to reach `max_active_keys` yet? {{(pid=81695) load_keys /opt/stack/keystone/keystone/common/fernet_utils.py:297}}
Feb 13 16:40:13 ubuntu devstack@keystone.service[81695]: [pid: 81695|app: 0|req: 26/50] 10.201.5.82 () {58 vars in 1016 bytes} [Fri Feb 13 16:40:13 2026] POST /identity/v3/auth/tokens => generated 862 bytes in 56 msecs (HTTP/1.1 201) 6 headers in 363 bytes (1 switches on core 0)
Feb 13 16:40:13 ubuntu devstack@keystone.service[81694]: DEBUG keystone.server.flask.request_processing.middleware.auth_context [None req-9d1d7658-d68d-4583-9c53-ba7b9856e3e0 None None] Authenticating user token {{(pid=81694) process_request /opt/stack/data/venv/lib/python3.10/site-packages/keystonemiddleware/auth_token/__init__.py:407}}
Feb 13 16:40:13 ubuntu devstack@keystone.service[81694]: DEBUG keystone.server.flask.request_processing.middleware.auth_context [None req-9d1d7658-d68d-4583-9c53-ba7b9856e3e0 None None] Validating token access rules against request {{(pid=81694) validate_allowed_request /opt/stack/data/venv/lib/python3.10/site-packages/keystonemiddleware/auth_token/__init__.py:545}}
Feb 13 16:40:13 ubuntu devstack@keystone.service[81694]: DEBUG keystone.server.flask.request_processing.middleware.auth_context [None req-e4980947-5b2c-4336-ba99-95905dedfba2 None admin] RBAC: auth_context: {'token': <TokenModel (audit_id=SQXYv1ZdQS2oGpN5mHWdnQ, audit_chain_id=['SQXYv1ZdQS2oGpN5mHWdnQ']) at 0x7f050b469ae0>, 'domain_id': None, 'trust_id': None, 'trustor_id': None, 'trustee_id': None, 'domain_name': None, 'group_ids': [], 'user_id': '88b64758948b49449910cd75d4ef834a', 'user_domain_id': 'default', 'system_scope': 'all', 'project_id': None, 'project_domain_id': None, 'roles': ['admin', 'manager', 'member', 'reader'], 'is_admin_project': True, 'service_user_id': None, 'service_user_domain_id': None, 'service_project_id': None, 'service_project_domain_id': None, 'service_roles': []} {{(pid=81694) fill_context /opt/stack/keystone/keystone/server/flask/request_processing/middleware/auth_context.py:509}}
Feb 13 16:40:13 ubuntu devstack@keystone.service[81694]: DEBUG keystone.server.flask.request_processing.req_logging [None req-e4980947-5b2c-4336-ba99-95905dedfba2 None admin] REQUEST_METHOD: `GET` {{(pid=81694) log_request_info /opt/stack/keystone/keystone/server/flask/request_processing/req_logging.py:26}}
Feb 13 16:40:13 ubuntu devstack@keystone.service[81694]: DEBUG keystone.server.flask.request_processing.req_logging [None req-e4980947-5b2c-4336-ba99-95905dedfba2 None admin] SCRIPT_NAME: `/identity` {{(pid=81694) log_request_info /opt/stack/keystone/keystone/server/flask/request_processing/req_logging.py:27}}
Feb 13 16:40:13 ubuntu devstack@keystone.service[81694]: DEBUG keystone.server.flask.request_processing.req_logging [None req-e4980947-5b2c-4336-ba99-95905dedfba2 None admin] PATH_INFO: `/v3/domains/default` {{(pid=81694) log_request_info /opt/stack/keystone/keystone/server/flask/request_processing/req_logging.py:28}}
