Jan 06 22:14:22 ubuntu devstack@keystone.service[81345]: DEBUG keystone.server.flask.request_processing.req_logging [None req-ed436d6f-c30a-4306-82d8-920e6491bcf5 None None] REQUEST_METHOD: `GET` {{(pid=81345) log_request_info /opt/stack/keystone/keystone/server/flask/request_processing/req_logging.py:26}}
Jan 06 22:14:22 ubuntu devstack@keystone.service[81345]: DEBUG keystone.server.flask.request_processing.req_logging [None req-ed436d6f-c30a-4306-82d8-920e6491bcf5 None None] SCRIPT_NAME: `/identity` {{(pid=81345) log_request_info /opt/stack/keystone/keystone/server/flask/request_processing/req_logging.py:27}}
Jan 06 22:14:22 ubuntu devstack@keystone.service[81345]: DEBUG keystone.server.flask.request_processing.req_logging [None req-ed436d6f-c30a-4306-82d8-920e6491bcf5 None None] PATH_INFO: `/` {{(pid=81345) log_request_info /opt/stack/keystone/keystone/server/flask/request_processing/req_logging.py:28}}
Jan 06 22:14:22 ubuntu devstack@keystone.service[81345]: [pid: 81345|app: 0|req: 12/23] 10.201.5.82 () {54 vars in 919 bytes} [Tue Jan  6 22:14:22 2026] GET /identity => generated 270 bytes in 2 msecs (HTTP/1.1 300) 6 headers in 234 bytes (1 switches on core 0)
Jan 06 22:14:22 ubuntu devstack@keystone.service[81345]: DEBUG keystone.server.flask.request_processing.req_logging [None req-edec40ce-48aa-4310-a36f-7dd2ff427dee None None] REQUEST_METHOD: `POST` {{(pid=81345) log_request_info /opt/stack/keystone/keystone/server/flask/request_processing/req_logging.py:26}}
Jan 06 22:14:22 ubuntu devstack@keystone.service[81345]: DEBUG keystone.server.flask.request_processing.req_logging [None req-edec40ce-48aa-4310-a36f-7dd2ff427dee None None] SCRIPT_NAME: `/identity` {{(pid=81345) log_request_info /opt/stack/keystone/keystone/server/flask/request_processing/req_logging.py:27}}
Jan 06 22:14:22 ubuntu devstack@keystone.service[81345]: DEBUG keystone.server.flask.request_processing.req_logging [None req-edec40ce-48aa-4310-a36f-7dd2ff427dee None None] PATH_INFO: `/v3/auth/tokens` {{(pid=81345) log_request_info /opt/stack/keystone/keystone/server/flask/request_processing/req_logging.py:28}}
Jan 06 22:14:23 ubuntu devstack@keystone.service[81345]: WARNING keystone.common.password_hashing [None req-edec40ce-48aa-4310-a36f-7dd2ff427dee None None] Truncating password to algorithm specific maximum length 72 characters.
Jan 06 22:14:23 ubuntu devstack@keystone.service[81344]: [pid: 81344|app: 0|req: 12/24] 10.201.5.82 () {58 vars in 1016 bytes} [Tue Jan  6 22:14:22 2026] POST /identity/v3/auth/tokens => generated 862 bytes in 56 msecs (HTTP/1.1 201) 6 headers in 363 bytes (1 switches on core 0)
Jan 06 22:14:23 ubuntu devstack@keystone.service[81345]: DEBUG keystone.auth.core [None req-edec40ce-48aa-4310-a36f-7dd2ff427dee None None] MFA Rules not processed for user `4fbdd604ed0e480fa336974acad24937`. Rule list: `[]` (Enabled: `True`). {{(pid=81345) check_auth_methods_against_rules /opt/stack/keystone/keystone/auth/core.py:476}}
Jan 06 22:14:23 ubuntu devstack@keystone.service[81345]: DEBUG keystone.common.fernet_utils [None req-edec40ce-48aa-4310-a36f-7dd2ff427dee None None] Loaded 2 Fernet keys from /etc/keystone/fernet-keys/, but `[fernet_tokens] max_active_keys = 3`; perhaps there have not been enough key rotations to reach `max_active_keys` yet? {{(pid=81345) load_keys /opt/stack/keystone/keystone/common/fernet_utils.py:297}}
Jan 06 22:14:23 ubuntu devstack@keystone.service[81345]: [pid: 81345|app: 0|req: 13/25] 10.201.5.82 () {58 vars in 1016 bytes} [Tue Jan  6 22:14:22 2026] POST /identity/v3/auth/tokens => generated 862 bytes in 61 msecs (HTTP/1.1 201) 6 headers in 363 bytes (1 switches on core 0)
Jan 06 22:14:23 ubuntu devstack@keystone.service[81344]: DEBUG keystone.server.flask.request_processing.req_logging [None req-7e1965e4-1dcf-4559-b336-0f36bcf87bd8 None None] REQUEST_METHOD: `GET` {{(pid=81344) log_request_info /opt/stack/keystone/keystone/server/flask/request_processing/req_logging.py:26}}
Jan 06 22:14:23 ubuntu devstack@keystone.service[81344]: DEBUG keystone.server.flask.request_processing.req_logging [None req-7e1965e4-1dcf-4559-b336-0f36bcf87bd8 None None] SCRIPT_NAME: `/identity` {{(pid=81344) log_request_info /opt/stack/keystone/keystone/server/flask/request_processing/req_logging.py:27}}
Jan 06 22:14:23 ubuntu devstack@keystone.service[81344]: DEBUG keystone.server.flask.request_processing.req_logging [None req-7e1965e4-1dcf-4559-b336-0f36bcf87bd8 None None] PATH_INFO: `/` {{(pid=81344) log_request_info /opt/stack/keystone/keystone/server/flask/request_processing/req_logging.py:28}}
Jan 06 22:14:23 ubuntu devstack@keystone.service[81344]: [pid: 81344|app: 0|req: 13/26] 10.201.5.82 () {54 vars in 919 bytes} [Tue Jan  6 22:14:23 2026] GET /identity => generated 270 bytes in 2 msecs (HTTP/1.1 300) 6 headers in 234 bytes (1 switches on core 0)
Jan 06 22:14:23 ubuntu devstack@keystone.service[81345]: DEBUG keystone.server.flask.request_processing.req_logging [None req-8acef1da-aa37-4e65-ace5-1eede706e561 None None] REQUEST_METHOD: `POST` {{(pid=81345) log_request_info /opt/stack/keystone/keystone/server/flask/request_processing/req_logging.py:26}}
Jan 06 22:14:23 ubuntu devstack@keystone.service[81345]: DEBUG keystone.server.flask.request_processing.req_logging [None req-8acef1da-aa37-4e65-ace5-1eede706e561 None None] SCRIPT_NAME: `/identity` {{(pid=81345) log_request_info /opt/stack/keystone/keystone/server/flask/request_processing/req_logging.py:27}}
Jan 06 22:14:23 ubuntu devstack@keystone.service[81345]: DEBUG keystone.server.flask.request_processing.req_logging [None req-8acef1da-aa37-4e65-ace5-1eede706e561 None None] PATH_INFO: `/v3/auth/tokens` {{(pid=81345) log_request_info /opt/stack/keystone/keystone/server/flask/request_processing/req_logging.py:28}}
Jan 06 22:14:23 ubuntu devstack@keystone.service[81344]: DEBUG keystone.server.flask.request_processing.middleware.auth_context [None req-7e1965e4-1dcf-4559-b336-0f36bcf87bd8 None None] Authenticating user token {{(pid=81344) process_request /opt/stack/data/venv/lib/python3.10/site-packages/keystonemiddleware/auth_token/__init__.py:407}}
Jan 06 22:14:23 ubuntu devstack@keystone.service[81345]: WARNING keystone.common.password_hashing [None req-8acef1da-aa37-4e65-ace5-1eede706e561 None None] Truncating password to algorithm specific maximum length 72 characters.
Jan 06 22:14:23 ubuntu devstack@keystone.service[81345]: DEBUG keystone.auth.core [None req-8acef1da-aa37-4e65-ace5-1eede706e561 None None] MFA Rules not processed for user `4fbdd604ed0e480fa336974acad24937`. Rule list: `[]` (Enabled: `True`). {{(pid=81345) check_auth_methods_against_rules /opt/stack/keystone/keystone/auth/core.py:476}}
Jan 06 22:14:23 ubuntu devstack@keystone.service[81345]: DEBUG keystone.common.fernet_utils [None req-8acef1da-aa37-4e65-ace5-1eede706e561 None None] Loaded 2 Fernet keys from /etc/keystone/fernet-keys/, but `[fernet_tokens] max_active_keys = 3`; perhaps there have not been enough key rotations to reach `max_active_keys` yet? {{(pid=81345) load_keys /opt/stack/keystone/keystone/common/fernet_utils.py:297}}
Jan 06 22:14:23 ubuntu devstack@keystone.service[81345]: [pid: 81345|app: 0|req: 14/27] 10.201.5.82 () {58 vars in 1016 bytes} [Tue Jan  6 22:14:23 2026] POST /identity/v3/auth/tokens => generated 862 bytes in 70 msecs (HTTP/1.1 201) 6 headers in 363 bytes (1 switches on core 0)
Jan 06 22:14:23 ubuntu devstack@keystone.service[81345]: DEBUG keystone.server.flask.request_processing.middleware.auth_context [None req-8acef1da-aa37-4e65-ace5-1eede706e561 None None] Authenticating user token {{(pid=81345) process_request /opt/stack/data/venv/lib/python3.10/site-packages/keystonemiddleware/auth_token/__init__.py:407}}
Jan 06 22:14:23 ubuntu devstack@keystone.service[81344]: DEBUG keystone.server.flask.request_processing.middleware.auth_context [None req-7e1965e4-1dcf-4559-b336-0f36bcf87bd8 None None] Validating token access rules against request {{(pid=81344) validate_allowed_request /opt/stack/data/venv/lib/python3.10/site-packages/keystonemiddleware/auth_token/__init__.py:545}}
Jan 06 22:14:23 ubuntu devstack@keystone.service[81344]: DEBUG keystone.server.flask.request_processing.middleware.auth_context [None req-5dbc818f-9eac-463b-a587-97eb81696a6e None admin] RBAC: auth_context: {'token': <TokenModel (audit_id=SRanvhT0TD6VcXZgGBgzRw, audit_chain_id=['SRanvhT0TD6VcXZgGBgzRw']) at 0x7f52b61054b0>, 'domain_id': None, 'trust_id': None, 'trustor_id': None, 'trustee_id': None, 'domain_name': None, 'group_ids': [], 'user_id': '4fbdd604ed0e480fa336974acad24937', 'user_domain_id': 'default', 'system_scope': 'all', 'project_id': None, 'project_domain_id': None, 'roles': ['admin', 'manager', 'member', 'reader'], 'is_admin_project': True, 'service_user_id': None, 'service_user_domain_id': None, 'service_project_id': None, 'service_project_domain_id': None, 'service_roles': []} {{(pid=81344) fill_context /opt/stack/keystone/keystone/server/flask/request_processing/middleware/auth_context.py:509}}
Jan 06 22:14:23 ubuntu devstack@keystone.service[81344]: DEBUG keystone.server.flask.request_processing.req_logging [None req-5dbc818f-9eac-463b-a587-97eb81696a6e None admin] REQUEST_METHOD: `GET` {{(pid=81344) log_request_info /opt/stack/keystone/keystone/server/flask/request_processing/req_logging.py:26}}
Jan 06 22:14:23 ubuntu devstack@keystone.service[81344]: DEBUG keystone.server.flask.request_processing.req_logging [None req-5dbc818f-9eac-463b-a587-97eb81696a6e None admin] SCRIPT_NAME: `/identity` {{(pid=81344) log_request_info /opt/stack/keystone/keystone/server/flask/request_processing/req_logging.py:27}}
Jan 06 22:14:23 ubuntu devstack@keystone.service[81344]: DEBUG keystone.server.flask.request_processing.req_logging [None req-5dbc818f-9eac-463b-a587-97eb81696a6e None admin] PATH_INFO: `/v3/domains/Default` {{(pid=81344) log_request_info /opt/stack/keystone/keystone/server/flask/request_processing/req_logging.py:28}}
Jan 06 22:14:23 ubuntu devstack@keystone.service[81345]: DEBUG keystone.server.flask.request_processing.middleware.auth_context [None req-8acef1da-aa37-4e65-ace5-1eede706e561 None None] Validating token access rules against request {{(pid=81345) validate_allowed_request /opt/stack/data/venv/lib/python3.10/site-packages/keystonemiddleware/auth_token/__init__.py:545}}
Jan 06 22:14:23 ubuntu devstack@keystone.service[81344]: DEBUG keystone.common.rbac_enforcer.enforcer [None req-5dbc818f-9eac-463b-a587-97eb81696a6e None admin] RBAC: Authorizing `identity:get_domain(domain_id=Default)` {{(pid=81344) enforce_call /opt/stack/keystone/keystone/common/rbac_enforcer/enforcer.py:494}}
Jan 06 22:14:23 ubuntu devstack@keystone.service[81344]: DEBUG keystone.common.rbac_enforcer.enforcer [None req-5dbc818f-9eac-463b-a587-97eb81696a6e None admin] RBAC: Authorization granted {{(pid=81344) enforce_call /opt/stack/keystone/keystone/common/rbac_enforcer/enforcer.py:505}}
Jan 06 22:14:23 ubuntu devstack@keystone.service[81345]: DEBUG keystone.server.flask.request_processing.middleware.auth_context [None req-253f2f13-89ef-42f8-b3a6-9394e6aa58e5 None admin] RBAC: auth_context: {'token': <TokenModel (audit_id=49c-wv25SKe0VQDLWJMv8A, audit_chain_id=['49c-wv25SKe0VQDLWJMv8A']) at 0x7f52b54d5f90>, 'domain_id': None, 'trust_id': None, 'trustor_id': None, 'trustee_id': None, 'domain_name': None, 'group_ids': [], 'user_id': '4fbdd604ed0e480fa336974acad24937', 'user_domain_id': 'default', 'system_scope': 'all', 'project_id': None, 'project_domain_id': None, 'roles': ['admin', 'manager', 'member', 'reader'], 'is_admin_project': True, 'service_user_id': None, 'service_user_domain_id': None, 'service_project_id': None, 'service_project_domain_id': None, 'service_roles': []} {{(pid=81345) fill_context /opt/stack/keystone/keystone/server/flask/request_processing/middleware/auth_context.py:509}}
Jan 06 22:14:23 ubuntu devstack@keystone.service[81345]: DEBUG keystone.server.flask.request_processing.req_logging [None req-253f2f13-89ef-42f8-b3a6-9394e6aa58e5 None admin] REQUEST_METHOD: `GET` {{(pid=81345) log_request_info /opt/stack/keystone/keystone/server/flask/request_processing/req_logging.py:26}}
Jan 06 22:14:23 ubuntu devstack@keystone.service[81345]: DEBUG keystone.server.flask.request_processing.req_logging [None req-253f2f13-89ef-42f8-b3a6-9394e6aa58e5 None admin] SCRIPT_NAME: `/identity` {{(pid=81345) log_request_info /opt/stack/keystone/keystone/server/flask/request_processing/req_logging.py:27}}
Jan 06 22:14:23 ubuntu devstack@keystone.service[81345]: DEBUG keystone.server.flask.request_processing.req_logging [None req-253f2f13-89ef-42f8-b3a6-9394e6aa58e5 None admin] PATH_INFO: `/v3/roles/admin` {{(pid=81345) log_request_info /opt/stack/keystone/keystone/server/flask/request_processing/req_logging.py:28}}
Jan 06 22:14:23 ubuntu devstack@keystone.service[81345]: DEBUG keystone.common.rbac_enforcer.enforcer [None req-253f2f13-89ef-42f8-b3a6-9394e6aa58e5 None admin] Extracting inferred target data resulted in "NOT FOUND (404)". {{(pid=81345) enforce_call /opt/stack/keystone/keystone/common/rbac_enforcer/enforcer.py:445}}
Jan 06 22:14:23 ubuntu devstack@keystone.service[81344]: DEBUG keystone.server.flask.application [None req-5dbc818f-9eac-463b-a587-97eb81696a6e None admin] Could not find domain: Default. {{(pid=81344) _handle_keystone_exception /opt/stack/keystone/keystone/server/flask/application.py:146}}
Jan 06 22:14:23 ubuntu devstack@keystone.service[81344]: [pid: 81344|app: 0|req: 14/28] 10.201.5.82 () {56 vars in 1100 bytes} [Tue Jan  6 22:14:23 2026] GET /identity/v3/domains/Default => generated 87 bytes in 148 msecs (HTTP/1.1 404) 5 headers in 183 bytes (2 switches on core 0)
Jan 06 22:14:23 ubuntu devstack@keystone.service[81345]: DEBUG keystone.server.flask.application [None req-253f2f13-89ef-42f8-b3a6-9394e6aa58e5 None admin] Could not find role: admin. {{(pid=81345) _handle_keystone_exception /opt/stack/keystone/keystone/server/flask/application.py:146}}
Jan 06 22:14:23 ubuntu devstack@keystone.service[81345]: [pid: 81345|app: 0|req: 15/29] 10.201.5.82 () {56 vars in 1132 bytes} [Tue Jan  6 22:14:23 2026] GET /identity/v3/roles/admin => generated 83 bytes in 64 msecs (HTTP/1.1 404) 5 headers in 183 bytes (2 switches on core 0)
Jan 06 22:14:23 ubuntu devstack@keystone.service[81344]: DEBUG keystone.server.flask.request_processing.middleware.auth_context [None req-5dbc818f-9eac-463b-a587-97eb81696a6e None admin] Authenticating user token {{(pid=81344) process_request /opt/stack/data/venv/lib/python3.10/site-packages/keystonemiddleware/auth_token/__init__.py:407}}
Jan 06 22:14:23 ubuntu devstack@keystone.service[81345]: DEBUG keystone.server.flask.request_processing.middleware.auth_context [None req-253f2f13-89ef-42f8-b3a6-9394e6aa58e5 None admin] Authenticating user token {{(pid=81345) process_request /opt/stack/data/venv/lib/python3.10/site-packages/keystonemiddleware/auth_token/__init__.py:407}}
Jan 06 22:14:23 ubuntu devstack@keystone.service[81345]: DEBUG keystone.server.flask.request_processing.middleware.auth_context [None req-253f2f13-89ef-42f8-b3a6-9394e6aa58e5 None admin] Validating token access rules against request {{(pid=81345) validate_allowed_request /opt/stack/data/venv/lib/python3.10/site-packages/keystonemiddleware/auth_token/__init__.py:545}}
Jan 06 22:14:23 ubuntu devstack@keystone.service[81345]: DEBUG keystone.server.flask.request_processing.middleware.auth_context [None req-4b3b5b33-ea27-40b2-9647-bedc5c323dad None admin] RBAC: auth_context: {'token': <TokenModel (audit_id=49c-wv25SKe0VQDLWJMv8A, audit_chain_id=['49c-wv25SKe0VQDLWJMv8A']) at 0x7f52b5391300>, 'domain_id': None, 'trust_id': None, 'trustor_id': None, 'trustee_id': None, 'domain_name': None, 'group_ids': [], 'user_id': '4fbdd604ed0e480fa336974acad24937', 'user_domain_id': 'default', 'system_scope': 'all', 'project_id': None, 'project_domain_id': None, 'roles': ['admin', 'manager', 'member', 'reader'], 'is_admin_project': True, 'service_user_id': None, 'service_user_domain_id': None, 'service_project_id': None, 'service_project_domain_id': None, 'service_roles': []} {{(pid=81345) fill_context /opt/stack/keystone/keystone/server/flask/request_processing/middleware/auth_context.py:509}}
Jan 06 22:14:23 ubuntu devstack@keystone.service[81345]: DEBUG keystone.server.flask.request_processing.req_logging [None req-4b3b5b33-ea27-40b2-9647-bedc5c323dad None admin] REQUEST_METHOD: `GET` {{(pid=81345) log_request_info /opt/stack/keystone/keystone/server/flask/request_processing/req_logging.py:26}}
Jan 06 22:14:23 ubuntu devstack@keystone.service[81345]: DEBUG keystone.server.flask.request_processing.req_logging [None req-4b3b5b33-ea27-40b2-9647-bedc5c323dad None admin] SCRIPT_NAME: `/identity` {{(pid=81345) log_request_info /opt/stack/keystone/keystone/server/flask/request_processing/req_logging.py:27}}
Jan 06 22:14:23 ubuntu devstack@keystone.service[81345]: DEBUG keystone.server.flask.request_processing.req_logging [None req-4b3b5b33-ea27-40b2-9647-bedc5c323dad None admin] PATH_INFO: `/v3/roles` {{(pid=81345) log_request_info /opt/stack/keystone/keystone/server/flask/request_processing/req_logging.py:28}}
Jan 06 22:14:23 ubuntu devstack@keystone.service[81345]: DEBUG keystone.common.rbac_enforcer.enforcer [None req-4b3b5b33-ea27-40b2-9647-bedc5c323dad None admin] RBAC: Adding query filter params (name=admin) {{(pid=81345) _extract_filter_values /opt/stack/keystone/keystone/common/rbac_enforcer/enforcer.py:176}}
Jan 06 22:14:23 ubuntu devstack@keystone.service[81345]: DEBUG keystone.common.rbac_enforcer.enforcer [None req-4b3b5b33-ea27-40b2-9647-bedc5c323dad None admin] RBAC: Authorizing `identity:list_roles()` {{(pid=81345) enforce_call /opt/stack/keystone/keystone/common/rbac_enforcer/enforcer.py:494}}
Jan 06 22:14:23 ubuntu devstack@keystone.service[81345]: DEBUG keystone.common.rbac_enforcer.enforcer [None req-4b3b5b33-ea27-40b2-9647-bedc5c323dad None admin] RBAC: Authorization granted {{(pid=81345) enforce_call /opt/stack/keystone/keystone/common/rbac_enforcer/enforcer.py:505}}
Jan 06 22:14:23 ubuntu devstack@keystone.service[81345]: [pid: 81345|app: 0|req: 16/30] 10.201.5.82 () {56 vars in 1148 bytes} [Tue Jan  6 22:14:23 2026] GET /identity/v3/roles?name=admin => generated 339 bytes in 57 msecs (HTTP/1.1 200) 5 headers in 177 bytes (1 switches on core 0)
Jan 06 22:14:23 ubuntu devstack@keystone.service[81345]: DEBUG keystone.server.flask.request_processing.middleware.auth_context [None req-4b3b5b33-ea27-40b2-9647-bedc5c323dad None admin] Authenticating user token {{(pid=81345) process_request /opt/stack/data/venv/lib/python3.10/site-packages/keystonemiddleware/auth_token/__init__.py:407}}
Jan 06 22:14:23 ubuntu devstack@keystone.service[81344]: DEBUG keystone.server.flask.request_processing.middleware.auth_context [None req-5dbc818f-9eac-463b-a587-97eb81696a6e None admin] Validating token access rules against request {{(pid=81344) validate_allowed_request /opt/stack/data/venv/lib/python3.10/site-packages/keystonemiddleware/auth_token/__init__.py:545}}
Jan 06 22:14:23 ubuntu devstack@keystone.service[81345]: DEBUG keystone.server.flask.request_processing.middleware.auth_context [None req-4b3b5b33-ea27-40b2-9647-bedc5c323dad None admin] Validating token access rules against request {{(pid=81345) validate_allowed_request /opt/stack/data/venv/lib/python3.10/site-packages/keystonemiddleware/auth_token/__init__.py:545}}
Jan 06 22:14:23 ubuntu devstack@keystone.service[81344]: DEBUG keystone.server.flask.request_processing.middleware.auth_context [None req-1f706437-014d-4470-a54d-fcf379b30fdf None admin] RBAC: auth_context: {'token': <TokenModel (audit_id=SRanvhT0TD6VcXZgGBgzRw, audit_chain_id=['SRanvhT0TD6VcXZgGBgzRw']) at 0x7f52b5365e40>, 'domain_id': None, 'trust_id': None, 'trustor_id': None, 'trustee_id': None, 'domain_name': None, 'group_ids': [], 'user_id': '4fbdd604ed0e480fa336974acad24937', 'user_domain_id': 'default', 'system_scope': 'all', 'project_id': None, 'project_domain_id': None, 'roles': ['admin', 'manager', 'member', 'reader'], 'is_admin_project': True, 'service_user_id': None, 'service_user_domain_id': None, 'service_project_id': None, 'service_project_domain_id': None, 'service_roles': []} {{(pid=81344) fill_context /opt/stack/keystone/keystone/server/flask/request_processing/middleware/auth_context.py:509}}
Jan 06 22:14:23 ubuntu devstack@keystone.service[81344]: DEBUG keystone.server.flask.request_processing.req_logging [None req-1f706437-014d-4470-a54d-fcf379b30fdf None admin] REQUEST_METHOD: `GET` {{(pid=81344) log_request_info /opt/stack/keystone/keystone/server/flask/request_processing/req_logging.py:26}}
Jan 06 22:14:23 ubuntu devstack@keystone.service[81344]: DEBUG keystone.server.flask.request_processing.req_logging [None req-1f706437-014d-4470-a54d-fcf379b30fdf None admin] SCRIPT_NAME: `/identity` {{(pid=81344) log_request_info /opt/stack/keystone/keystone/server/flask/request_processing/req_logging.py:27}}
Jan 06 22:14:23 ubuntu devstack@keystone.service[81344]: DEBUG keystone.server.flask.request_processing.req_logging [None req-1f706437-014d-4470-a54d-fcf379b30fdf None admin] PATH_INFO: `/v3/domains` {{(pid=81344) log_request_info /opt/stack/keystone/keystone/server/flask/request_processing/req_logging.py:28}}
Jan 06 22:14:23 ubuntu devstack@keystone.service[81344]: DEBUG keystone.common.rbac_enforcer.enforcer [None req-1f706437-014d-4470-a54d-fcf379b30fdf None admin] RBAC: Adding query filter params (name=Default) {{(pid=81344) _extract_filter_values /opt/stack/keystone/keystone/common/rbac_enforcer/enforcer.py:176}}
Jan 06 22:14:23 ubuntu devstack@keystone.service[81344]: DEBUG keystone.common.rbac_enforcer.enforcer [None req-1f706437-014d-4470-a54d-fcf379b30fdf None admin] RBAC: Authorizing `identity:list_domains()` {{(pid=81344) enforce_call /opt/stack/keystone/keystone/common/rbac_enforcer/enforcer.py:494}}
Jan 06 22:14:23 ubuntu devstack@keystone.service[81344]: DEBUG keystone.common.rbac_enforcer.enforcer [None req-1f706437-014d-4470-a54d-fcf379b30fdf None admin] RBAC: Authorization granted {{(pid=81344) enforce_call /opt/stack/keystone/keystone/common/rbac_enforcer/enforcer.py:505}}
Jan 06 22:14:23 ubuntu devstack@keystone.service[81345]: DEBUG keystone.server.flask.request_processing.middleware.auth_context [None req-29b8ae78-e524-4690-b2fb-84eb0afc1ed9 None admin] RBAC: auth_context: {'token': <TokenModel (audit_id=49c-wv25SKe0VQDLWJMv8A, audit_chain_id=['49c-wv25SKe0VQDLWJMv8A']) at 0x7f52b5373880>, 'domain_id': None, 'trust_id': None, 'trustor_id': None, 'trustee_id': None, 'domain_name': None, 'group_ids': [], 'user_id': '4fbdd604ed0e480fa336974acad24937', 'user_domain_id': 'default', 'system_scope': 'all', 'project_id': None, 'project_domain_id': None, 'roles': ['admin', 'manager', 'member', 'reader'], 'is_admin_project': True, 'service_user_id': None, 'service_user_domain_id': None, 'service_project_id': None, 'service_project_domain_id': None, 'service_roles': []} {{(pid=81345) fill_context /opt/stack/keystone/keystone/server/flask/request_processing/middleware/auth_context.py:509}}
Jan 06 22:14:23 ubuntu devstack@keystone.service[81345]: DEBUG keystone.server.flask.request_processing.req_logging [None req-29b8ae78-e524-4690-b2fb-84eb0afc1ed9 None admin] REQUEST_METHOD: `GET` {{(pid=81345) log_request_info /opt/stack/keystone/keystone/server/flask/request_processing/req_logging.py:26}}
Jan 06 22:14:23 ubuntu devstack@keystone.service[81345]: DEBUG keystone.server.flask.request_processing.req_logging [None req-29b8ae78-e524-4690-b2fb-84eb0afc1ed9 None admin] SCRIPT_NAME: `/identity` {{(pid=81345) log_request_info /opt/stack/keystone/keystone/server/flask/request_processing/req_logging.py:27}}
Jan 06 22:14:23 ubuntu devstack@keystone.service[81345]: DEBUG keystone.server.flask.request_processing.req_logging [None req-29b8ae78-e524-4690-b2fb-84eb0afc1ed9 None admin] PATH_INFO: `/v3/users/4fbdd604ed0e480fa336974acad24937` {{(pid=81345) log_request_info /opt/stack/keystone/keystone/server/flask/request_processing/req_logging.py:28}}
Jan 06 22:14:23 ubuntu devstack@keystone.service[81345]: DEBUG keystone.common.rbac_enforcer.enforcer [None req-29b8ae78-e524-4690-b2fb-84eb0afc1ed9 None admin] RBAC: Authorizing `identity:get_user(user_id=4fbdd604ed0e480fa336974acad24937)` {{(pid=81345) enforce_call /opt/stack/keystone/keystone/common/rbac_enforcer/enforcer.py:494}}
Jan 06 22:14:23 ubuntu devstack@keystone.service[81344]: [pid: 81344|app: 0|req: 15/31] 10.201.5.82 () {56 vars in 1101 bytes} [Tue Jan  6 22:14:23 2026] GET /identity/v3/domains?name=Default => generated 308 bytes in 114 msecs (HTTP/1.1 200) 5 headers in 177 bytes (2 switches on core 0)
Jan 06 22:14:23 ubuntu devstack@keystone.service[81344]: DEBUG keystone.server.flask.request_processing.middleware.auth_context [None req-1f706437-014d-4470-a54d-fcf379b30fdf None admin] Authenticating user token {{(pid=81344) process_request /opt/stack/data/venv/lib/python3.10/site-packages/keystonemiddleware/auth_token/__init__.py:407}}
Jan 06 22:14:23 ubuntu devstack@keystone.service[81345]: DEBUG keystone.common.rbac_enforcer.enforcer [None req-29b8ae78-e524-4690-b2fb-84eb0afc1ed9 None admin] RBAC: Authorization granted {{(pid=81345) enforce_call /opt/stack/keystone/keystone/common/rbac_enforcer/enforcer.py:505}}
Jan 06 22:14:23 ubuntu devstack@keystone.service[81345]: [pid: 81345|app: 0|req: 17/32] 10.201.5.82 () {56 vars in 1213 bytes} [Tue Jan  6 22:14:23 2026] GET /identity/v3/users/4fbdd604ed0e480fa336974acad24937 => generated 247 bytes in 53 msecs (HTTP/1.1 200) 5 headers in 177 bytes (1 switches on core 0)
Jan 06 22:14:23 ubuntu devstack@keystone.service[81345]: DEBUG keystone.server.flask.request_processing.middleware.auth_context [None req-29b8ae78-e524-4690-b2fb-84eb0afc1ed9 None admin] Authenticating user token {{(pid=81345) process_request /opt/stack/data/venv/lib/python3.10/site-packages/keystonemiddleware/auth_token/__init__.py:407}}
Jan 06 22:14:23 ubuntu devstack@keystone.service[81344]: DEBUG keystone.server.flask.request_processing.middleware.auth_context [None req-1f706437-014d-4470-a54d-fcf379b30fdf None admin] Validating token access rules against request {{(pid=81344) validate_allowed_request /opt/stack/data/venv/lib/python3.10/site-packages/keystonemiddleware/auth_token/__init__.py:545}}
Jan 06 22:14:23 ubuntu devstack@keystone.service[81345]: DEBUG keystone.server.flask.request_processing.middleware.auth_context [None req-29b8ae78-e524-4690-b2fb-84eb0afc1ed9 None admin] Validating token access rules against request {{(pid=81345) validate_allowed_request /opt/stack/data/venv/lib/python3.10/site-packages/keystonemiddleware/auth_token/__init__.py:545}}
Jan 06 22:14:23 ubuntu devstack@keystone.service[81344]: DEBUG keystone.server.flask.request_processing.middleware.auth_context [None req-28de2f05-5b5f-4de0-9298-2af5fa1d19ff None admin] RBAC: auth_context: {'token': <TokenModel (audit_id=kJABqNGFRqumUzgzLnn33g, audit_chain_id=['kJABqNGFRqumUzgzLnn33g']) at 0x7f52b4f8e860>, 'domain_id': None, 'trust_id': None, 'trustor_id': None, 'trustee_id': None, 'domain_name': None, 'group_ids': [], 'user_id': '4fbdd604ed0e480fa336974acad24937', 'user_domain_id': 'default', 'system_scope': 'all', 'project_id': None, 'project_domain_id': None, 'roles': ['admin', 'manager', 'member', 'reader'], 'is_admin_project': True, 'service_user_id': None, 'service_user_domain_id': None, 'service_project_id': None, 'service_project_domain_id': None, 'service_roles': []} {{(pid=81344) fill_context /opt/stack/keystone/keystone/server/flask/request_processing/middleware/auth_context.py:509}}
Jan 06 22:14:23 ubuntu devstack@keystone.service[81344]: DEBUG keystone.server.flask.request_processing.req_logging [None req-28de2f05-5b5f-4de0-9298-2af5fa1d19ff None admin] REQUEST_METHOD: `POST` {{(pid=81344) log_request_info /opt/stack/keystone/keystone/server/flask/request_processing/req_logging.py:26}}
Jan 06 22:14:23 ubuntu devstack@keystone.service[81344]: DEBUG keystone.server.flask.request_processing.req_logging [None req-28de2f05-5b5f-4de0-9298-2af5fa1d19ff None admin] SCRIPT_NAME: `/identity` {{(pid=81344) log_request_info /opt/stack/keystone/keystone/server/flask/request_processing/req_logging.py:27}}
Jan 06 22:14:23 ubuntu devstack@keystone.service[81345]: DEBUG keystone.server.flask.request_processing.middleware.auth_context [None req-3afffe0d-bc55-4722-95a5-2f0e6c7613e7 None admin] RBAC: auth_context: {'token': <TokenModel (audit_id=SRanvhT0TD6VcXZgGBgzRw, audit_chain_id=['SRanvhT0TD6VcXZgGBgzRw']) at 0x7f52b5373250>, 'domain_id': None, 'trust_id': None, 'trustor_id': None, 'trustee_id': None, 'domain_name': None, 'group_ids': [], 'user_id': '4fbdd604ed0e480fa336974acad24937', 'user_domain_id': 'default', 'system_scope': 'all', 'project_id': None, 'project_domain_id': None, 'roles': ['admin', 'manager', 'member', 'reader'], 'is_admin_project': True, 'service_user_id': None, 'service_user_domain_id': None, 'service_project_id': None, 'service_project_domain_id': None, 'service_roles': []} {{(pid=81345) fill_context /opt/stack/keystone/keystone/server/flask/request_processing/middleware/auth_context.py:509}}
Jan 06 22:14:23 ubuntu devstack@keystone.service[81344]: DEBUG keystone.server.flask.request_processing.req_logging [None req-28de2f05-5b5f-4de0-9298-2af5fa1d19ff None admin] PATH_INFO: `/v3/roles` {{(pid=81344) log_request_info /opt/stack/keystone/keystone/server/flask/request_processing/req_logging.py:28}}
Jan 06 22:14:23 ubuntu devstack@keystone.service[81345]: DEBUG keystone.server.flask.request_processing.req_logging [None req-3afffe0d-bc55-4722-95a5-2f0e6c7613e7 None admin] REQUEST_METHOD: `POST` {{(pid=81345) log_request_info /opt/stack/keystone/keystone/server/flask/request_processing/req_logging.py:26}}
Jan 06 22:14:23 ubuntu devstack@keystone.service[81345]: DEBUG keystone.server.flask.request_processing.req_logging [None req-3afffe0d-bc55-4722-95a5-2f0e6c7613e7 None admin] SCRIPT_NAME: `/identity` {{(pid=81345) log_request_info /opt/stack/keystone/keystone/server/flask/request_processing/req_logging.py:27}}
Jan 06 22:14:23 ubuntu devstack@keystone.service[81345]: DEBUG keystone.server.flask.request_processing.req_logging [None req-3afffe0d-bc55-4722-95a5-2f0e6c7613e7 None admin] PATH_INFO: `/v3/projects` {{(pid=81345) log_request_info /opt/stack/keystone/keystone/server/flask/request_processing/req_logging.py:28}}
Jan 06 22:14:23 ubuntu devstack@keystone.service[81344]: DEBUG keystone.common.rbac_enforcer.enforcer [None req-28de2f05-5b5f-4de0-9298-2af5fa1d19ff None admin] RBAC: Authorizing `identity:create_role()` {{(pid=81344) enforce_call /opt/stack/keystone/keystone/common/rbac_enforcer/enforcer.py:494}}
Jan 06 22:14:23 ubuntu devstack@keystone.service[81345]: DEBUG keystone.common.rbac_enforcer.enforcer [None req-3afffe0d-bc55-4722-95a5-2f0e6c7613e7 None admin] RBAC: Authorizing `identity:create_project()` {{(pid=81345) enforce_call /opt/stack/keystone/keystone/common/rbac_enforcer/enforcer.py:494}}
Jan 06 22:14:23 ubuntu devstack@keystone.service[81344]: DEBUG keystone.common.rbac_enforcer.enforcer [None req-28de2f05-5b5f-4de0-9298-2af5fa1d19ff None admin] RBAC: Authorization granted {{(pid=81344) enforce_call /opt/stack/keystone/keystone/common/rbac_enforcer/enforcer.py:505}}
Jan 06 22:14:23 ubuntu devstack@keystone.service[81345]: DEBUG keystone.common.rbac_enforcer.enforcer [None req-3afffe0d-bc55-4722-95a5-2f0e6c7613e7 None admin] RBAC: Authorization granted {{(pid=81345) enforce_call /opt/stack/keystone/keystone/common/rbac_enforcer/enforcer.py:505}}
Jan 06 22:14:23 ubuntu devstack@keystone.service[81344]: DEBUG keystone.common.sql.core [None req-28de2f05-5b5f-4de0-9298-2af5fa1d19ff None admin] Conflict role: (pymysql.err.IntegrityError) (1062, "Duplicate entry 'service-<<null>>' for key 'role.ixu_role_name_domain_id'")
Jan 06 22:14:23 ubuntu devstack@keystone.service[81344]: [SQL: INSERT INTO `role` (id, name, description, extra) VALUES (%(id)s, %(name)s, %(description)s, %(extra)s)]
Jan 06 22:14:23 ubuntu devstack@keystone.service[81344]: [parameters: {'id': 'ca1b7136c0a4469d8c6f9208e72e913d', 'name': 'service', 'description': None, 'extra': '{}'}]
Jan 06 22:14:23 ubuntu devstack@keystone.service[81344]: (Background on this error at: https://sqlalche.me/e/20/gkpj) {{(pid=81344) wrapper /opt/stack/keystone/keystone/common/sql/core.py:580}}
Jan 06 22:14:23 ubuntu devstack@keystone.service[81344]: ERROR keystone.server.flask.application [None req-28de2f05-5b5f-4de0-9298-2af5fa1d19ff None admin] Conflict occurred attempting to store role - Duplicate entry found with name service.: keystone.exception.Conflict: Conflict occurred attempting to store role - Duplicate entry found with name service.
Jan 06 22:14:23 ubuntu devstack@keystone.service[81344]: ERROR keystone.server.flask.application Traceback (most recent call last):
Jan 06 22:14:23 ubuntu devstack@keystone.service[81344]: ERROR keystone.server.flask.application   File "/opt/stack/data/venv/lib/python3.10/site-packages/sqlalchemy/engine/base.py", line 1967, in _exec_single_context
Jan 06 22:14:23 ubuntu devstack@keystone.service[81344]: ERROR keystone.server.flask.application     self.dialect.do_execute(
Jan 06 22:14:23 ubuntu devstack@keystone.service[81344]: ERROR keystone.server.flask.application   File "/opt/stack/data/venv/lib/python3.10/site-packages/sqlalchemy/engine/default.py", line 951, in do_execute
Jan 06 22:14:23 ubuntu devstack@keystone.service[81344]: ERROR keystone.server.flask.application     cursor.execute(statement, parameters)
Jan 06 22:14:23 ubuntu devstack@keystone.service[81344]: ERROR keystone.server.flask.application   File "/opt/stack/data/venv/lib/python3.10/site-packages/pymysql/cursors.py", line 153, in execute
Jan 06 22:14:23 ubuntu devstack@keystone.service[81344]: ERROR keystone.server.flask.application     result = self._query(query)
Jan 06 22:14:23 ubuntu devstack@keystone.service[81344]: ERROR keystone.server.flask.application   File "/opt/stack/data/venv/lib/python3.10/site-packages/pymysql/cursors.py", line 322, in _query
Jan 06 22:14:23 ubuntu devstack@keystone.service[81344]: ERROR keystone.server.flask.application     conn.query(q)
Jan 06 22:14:23 ubuntu devstack@keystone.service[81344]: ERROR keystone.server.flask.application   File "/opt/stack/data/venv/lib/python3.10/site-packages/pymysql/connections.py", line 575, in query
Jan 06 22:14:23 ubuntu devstack@keystone.service[81344]: ERROR keystone.server.flask.application     self._affected_rows = self._read_query_result(unbuffered=unbuffered)
Jan 06 22:14:23 ubuntu devstack@keystone.service[81344]: ERROR keystone.server.flask.application   File "/opt/stack/data/venv/lib/python3.10/site-packages/pymysql/connections.py", line 826, in _read_query_result
Jan 06 22:14:23 ubuntu devstack@keystone.service[81344]: ERROR keystone.server.flask.application     result.read()
Jan 06 22:14:23 ubuntu devstack@keystone.service[81344]: ERROR keystone.server.flask.application   File "/opt/stack/data/venv/lib/python3.10/site-packages/pymysql/connections.py", line 1203, in read
Jan 06 22:14:23 ubuntu devstack@keystone.service[81344]: ERROR keystone.server.flask.application     first_packet = self.connection._read_packet()
Jan 06 22:14:23 ubuntu devstack@keystone.service[81344]: ERROR keystone.server.flask.application   File "/opt/stack/data/venv/lib/python3.10/site-packages/pymysql/connections.py", line 782, in _read_packet
Jan 06 22:14:23 ubuntu devstack@keystone.service[81344]: ERROR keystone.server.flask.application     packet.raise_for_error()
Jan 06 22:14:23 ubuntu devstack@keystone.service[81344]: ERROR keystone.server.flask.application   File "/opt/stack/data/venv/lib/python3.10/site-packages/pymysql/protocol.py", line 219, in raise_for_error
Jan 06 22:14:23 ubuntu devstack@keystone.service[81344]: ERROR keystone.server.flask.application     err.raise_mysql_exception(self._data)
Jan 06 22:14:23 ubuntu devstack@keystone.service[81344]: ERROR keystone.server.flask.application   File "/opt/stack/data/venv/lib/python3.10/site-packages/pymysql/err.py", line 150, in raise_mysql_exception
Jan 06 22:14:23 ubuntu devstack@keystone.service[81344]: ERROR keystone.server.flask.application     raise errorclass(errno, errval)
Jan 06 22:14:23 ubuntu devstack@keystone.service[81344]: ERROR keystone.server.flask.application pymysql.err.IntegrityError: (1062, "Duplicate entry 'service-<<null>>' for key 'role.ixu_role_name_domain_id'")
Jan 06 22:14:23 ubuntu devstack@keystone.service[81344]: ERROR keystone.server.flask.application 
Jan 06 22:14:23 ubuntu devstack@keystone.service[81344]: ERROR keystone.server.flask.application The above exception was the direct cause of the following exception:
Jan 06 22:14:23 ubuntu devstack@keystone.service[81344]: ERROR keystone.server.flask.application 
Jan 06 22:14:23 ubuntu devstack@keystone.service[81344]: ERROR keystone.server.flask.application Traceback (most recent call last):
Jan 06 22:14:23 ubuntu devstack@keystone.service[81344]: ERROR keystone.server.flask.application   File "/opt/stack/keystone/keystone/common/sql/core.py", line 575, in wrapper
Jan 06 22:14:23 ubuntu devstack@keystone.service[81344]: ERROR keystone.server.flask.application     return method(*args, **kwargs)
Jan 06 22:14:23 ubuntu devstack@keystone.service[81344]: ERROR keystone.server.flask.application   File "/opt/stack/keystone/keystone/assignment/role_backends/sql.py", line 25, in create_role
Jan 06 22:14:23 ubuntu devstack@keystone.service[81344]: ERROR keystone.server.flask.application     with sql.session_for_write() as session:
Jan 06 22:14:23 ubuntu devstack@keystone.service[81344]: ERROR keystone.server.flask.application   File "/usr/lib/python3.10/contextlib.py", line 142, in __exit__
Jan 06 22:14:23 ubuntu devstack@keystone.service[81344]: ERROR keystone.server.flask.application     next(self.gen)
Jan 06 22:14:23 ubuntu devstack@keystone.service[81344]: ERROR keystone.server.flask.application   File "/opt/stack/data/venv/lib/python3.10/site-packages/oslo_db/sqlalchemy/enginefacade.py", line 1199, in _transaction_scope
Jan 06 22:14:23 ubuntu devstack@keystone.service[81344]: ERROR keystone.server.flask.application     with current._produce_block(
Jan 06 22:14:23 ubuntu devstack@keystone.service[81344]: ERROR keystone.server.flask.application   File "/usr/lib/python3.10/contextlib.py", line 142, in __exit__
Jan 06 22:14:23 ubuntu devstack@keystone.service[81344]: ERROR keystone.server.flask.application     next(self.gen)
Jan 06 22:14:23 ubuntu devstack@keystone.service[81344]: ERROR keystone.server.flask.application   File "/opt/stack/data/venv/lib/python3.10/site-packages/oslo_db/sqlalchemy/enginefacade.py", line 850, in _session
Jan 06 22:14:23 ubuntu devstack@keystone.service[81344]: ERROR keystone.server.flask.application     with excutils.save_and_reraise_exception():
Jan 06 22:14:23 ubuntu devstack@keystone.service[81344]: ERROR keystone.server.flask.application   File "/opt/stack/data/venv/lib/python3.10/site-packages/oslo_utils/excutils.py", line 256, in __exit__
Jan 06 22:14:23 ubuntu devstack@keystone.service[81344]: ERROR keystone.server.flask.application     self.force_reraise()
Jan 06 22:14:23 ubuntu devstack@keystone.service[81344]: ERROR keystone.server.flask.application   File "/opt/stack/data/venv/lib/python3.10/site-packages/oslo_utils/excutils.py", line 222, in force_reraise
Jan 06 22:14:23 ubuntu devstack@keystone.service[81344]: ERROR keystone.server.flask.application     raise self.value
Jan 06 22:14:23 ubuntu devstack@keystone.service[81344]: ERROR keystone.server.flask.application   File "/opt/stack/data/venv/lib/python3.10/site-packages/oslo_db/sqlalchemy/enginefacade.py", line 848, in _session
Jan 06 22:14:23 ubuntu devstack@keystone.service[81344]: ERROR keystone.server.flask.application     self._end_session_transaction(self.session)
Jan 06 22:14:23 ubuntu devstack@keystone.service[81344]: ERROR keystone.server.flask.application   File "/opt/stack/data/venv/lib/python3.10/site-packages/oslo_db/sqlalchemy/enginefacade.py", line 761, in _end_session_transaction
Jan 06 22:14:23 ubuntu devstack@keystone.service[81344]: ERROR keystone.server.flask.application     session.commit()
Jan 06 22:14:23 ubuntu devstack@keystone.service[81344]: ERROR keystone.server.flask.application   File "/opt/stack/data/venv/lib/python3.10/site-packages/sqlalchemy/orm/session.py", line 2030, in commit
Jan 06 22:14:23 ubuntu devstack@keystone.service[81344]: ERROR keystone.server.flask.application     trans.commit(_to_root=True)
Jan 06 22:14:23 ubuntu devstack@keystone.service[81344]: ERROR keystone.server.flask.application   File "<string>", line 2, in commit
Jan 06 22:14:23 ubuntu devstack@keystone.service[81344]: ERROR keystone.server.flask.application   File "/opt/stack/data/venv/lib/python3.10/site-packages/sqlalchemy/orm/state_changes.py", line 137, in _go
Jan 06 22:14:23 ubuntu devstack@keystone.service[81344]: ERROR keystone.server.flask.application     ret_value = fn(self, *arg, **kw)
Jan 06 22:14:23 ubuntu devstack@keystone.service[81344]: ERROR keystone.server.flask.application   File "/opt/stack/data/venv/lib/python3.10/site-packages/sqlalchemy/orm/session.py", line 1311, in commit
Jan 06 22:14:23 ubuntu devstack@keystone.service[81344]: ERROR keystone.server.flask.application     self._prepare_impl()
Jan 06 22:14:23 ubuntu devstack@keystone.service[81344]: ERROR keystone.server.flask.application   File "<string>", line 2, in _prepare_impl
Jan 06 22:14:23 ubuntu devstack@keystone.service[81344]: ERROR keystone.server.flask.application   File "/opt/stack/data/venv/lib/python3.10/site-packages/sqlalchemy/orm/state_changes.py", line 137, in _go
Jan 06 22:14:23 ubuntu devstack@keystone.service[81344]: ERROR keystone.server.flask.application     ret_value = fn(self, *arg, **kw)
Jan 06 22:14:23 ubuntu devstack@keystone.service[81344]: ERROR keystone.server.flask.application   File "/opt/stack/data/venv/lib/python3.10/site-packages/sqlalchemy/orm/session.py", line 1286, in _prepare_impl
Jan 06 22:14:23 ubuntu devstack@keystone.service[81344]: ERROR keystone.server.flask.application     self.session.flush()
Jan 06 22:14:23 ubuntu devstack@keystone.service[81344]: ERROR keystone.server.flask.application   File "/opt/stack/data/venv/lib/python3.10/site-packages/sqlalchemy/orm/session.py", line 4331, in flush
Jan 06 22:14:23 ubuntu devstack@keystone.service[81344]: ERROR keystone.server.flask.application     self._flush(objects)
Jan 06 22:14:23 ubuntu devstack@keystone.service[81344]: ERROR keystone.server.flask.application   File "/opt/stack/data/venv/lib/python3.10/site-packages/sqlalchemy/orm/session.py", line 4466, in _flush
Jan 06 22:14:23 ubuntu devstack@keystone.service[81344]: ERROR keystone.server.flask.application     with util.safe_reraise():
Jan 06 22:14:23 ubuntu devstack@keystone.service[81344]: ERROR keystone.server.flask.application   File "/opt/stack/data/venv/lib/python3.10/site-packages/sqlalchemy/util/langhelpers.py", line 224, in __exit__
Jan 06 22:14:23 ubuntu devstack@keystone.service[81344]: ERROR keystone.server.flask.application     raise exc_value.with_traceback(exc_tb)
Jan 06 22:14:23 ubuntu devstack@keystone.service[81344]: ERROR keystone.server.flask.application   File "/opt/stack/data/venv/lib/python3.10/site-packages/sqlalchemy/orm/session.py", line 4427, in _flush
Jan 06 22:14:23 ubuntu devstack@keystone.service[81344]: ERROR keystone.server.flask.application     flush_context.execute()
Jan 06 22:14:23 ubuntu devstack@keystone.service[81344]: ERROR keystone.server.flask.application   File "/opt/stack/data/venv/lib/python3.10/site-packages/sqlalchemy/orm/unitofwork.py", line 466, in execute
Jan 06 22:14:23 ubuntu devstack@keystone.service[81344]: ERROR keystone.server.flask.application     rec.execute(self)
Jan 06 22:14:23 ubuntu devstack@keystone.service[81344]: ERROR keystone.server.flask.application   File "/opt/stack/data/venv/lib/python3.10/site-packages/sqlalchemy/orm/unitofwork.py", line 642, in execute
Jan 06 22:14:23 ubuntu devstack@keystone.service[81344]: ERROR keystone.server.flask.application     util.preloaded.orm_persistence.save_obj(
Jan 06 22:14:23 ubuntu devstack@keystone.service[81344]: ERROR keystone.server.flask.application   File "/opt/stack/data/venv/lib/python3.10/site-packages/sqlalchemy/orm/persistence.py", line 93, in save_obj
Jan 06 22:14:23 ubuntu devstack@keystone.service[81344]: ERROR keystone.server.flask.application     _emit_insert_statements(
Jan 06 22:14:23 ubuntu devstack@keystone.service[81344]: ERROR keystone.server.flask.application   File "/opt/stack/data/venv/lib/python3.10/site-packages/sqlalchemy/orm/persistence.py", line 1048, in _emit_insert_statements
Jan 06 22:14:23 ubuntu devstack@keystone.service[81344]: ERROR keystone.server.flask.application     result = connection.execute(
Jan 06 22:14:23 ubuntu devstack@keystone.service[81344]: ERROR keystone.server.flask.application   File "/opt/stack/data/venv/lib/python3.10/site-packages/sqlalchemy/engine/base.py", line 1419, in execute
Jan 06 22:14:23 ubuntu devstack@keystone.service[81344]: ERROR keystone.server.flask.application     return meth(
Jan 06 22:14:23 ubuntu devstack@keystone.service[81344]: ERROR keystone.server.flask.application   File "/opt/stack/data/venv/lib/python3.10/site-packages/sqlalchemy/sql/elements.py", line 526, in _execute_on_connection
Jan 06 22:14:23 ubuntu devstack@keystone.service[81344]: ERROR keystone.server.flask.application     return connection._execute_clauseelement(
Jan 06 22:14:23 ubuntu devstack@keystone.service[81344]: ERROR keystone.server.flask.application   File "/opt/stack/data/venv/lib/python3.10/site-packages/sqlalchemy/engine/base.py", line 1641, in _execute_clauseelement
Jan 06 22:14:23 ubuntu devstack@keystone.service[81344]: ERROR keystone.server.flask.application     ret = self._execute_context(
Jan 06 22:14:23 ubuntu devstack@keystone.service[81344]: ERROR keystone.server.flask.application   File "/opt/stack/data/venv/lib/python3.10/site-packages/sqlalchemy/engine/base.py", line 1846, in _execute_context
Jan 06 22:14:23 ubuntu devstack@keystone.service[81344]: ERROR keystone.server.flask.application     return self._exec_single_context(
Jan 06 22:14:23 ubuntu devstack@keystone.service[81344]: ERROR keystone.server.flask.application   File "/opt/stack/data/venv/lib/python3.10/site-packages/sqlalchemy/engine/base.py", line 1986, in _exec_single_context
Jan 06 22:14:23 ubuntu devstack@keystone.service[81344]: ERROR keystone.server.flask.application     self._handle_dbapi_exception(
Jan 06 22:14:23 ubuntu devstack@keystone.service[81344]: ERROR keystone.server.flask.application   File "/opt/stack/data/venv/lib/python3.10/site-packages/sqlalchemy/engine/base.py", line 2352, in _handle_dbapi_exception
Jan 06 22:14:23 ubuntu devstack@keystone.service[81344]: ERROR keystone.server.flask.application     raise newraise.with_traceback(exc_info[2]) from e
Jan 06 22:14:23 ubuntu devstack@keystone.service[81344]: ERROR keystone.server.flask.application   File "/opt/stack/data/venv/lib/python3.10/site-packages/sqlalchemy/engine/base.py", line 1967, in _exec_single_context
Jan 06 22:14:23 ubuntu devstack@keystone.service[81344]: ERROR keystone.server.flask.application     self.dialect.do_execute(
Jan 06 22:14:23 ubuntu devstack@keystone.service[81344]: ERROR keystone.server.flask.application   File "/opt/stack/data/venv/lib/python3.10/site-packages/sqlalchemy/engine/default.py", line 951, in do_execute
Jan 06 22:14:23 ubuntu devstack@keystone.service[81344]: ERROR keystone.server.flask.application     cursor.execute(statement, parameters)
Jan 06 22:14:23 ubuntu devstack@keystone.service[81344]: ERROR keystone.server.flask.application   File "/opt/stack/data/venv/lib/python3.10/site-packages/pymysql/cursors.py", line 153, in execute
Jan 06 22:14:23 ubuntu devstack@keystone.service[81344]: ERROR keystone.server.flask.application     result = self._query(query)
Jan 06 22:14:23 ubuntu devstack@keystone.service[81344]: ERROR keystone.server.flask.application   File "/opt/stack/data/venv/lib/python3.10/site-packages/pymysql/cursors.py", line 322, in _query
Jan 06 22:14:23 ubuntu devstack@keystone.service[81344]: ERROR keystone.server.flask.application     conn.query(q)
Jan 06 22:14:23 ubuntu devstack@keystone.service[81344]: ERROR keystone.server.flask.application   File "/opt/stack/data/venv/lib/python3.10/site-packages/pymysql/connections.py", line 575, in query
Jan 06 22:14:23 ubuntu devstack@keystone.service[81344]: ERROR keystone.server.flask.application     self._affected_rows = self._read_query_result(unbuffered=unbuffered)
Jan 06 22:14:23 ubuntu devstack@keystone.service[81344]: ERROR keystone.server.flask.application   File "/opt/stack/data/venv/lib/python3.10/site-packages/pymysql/connections.py", line 826, in _read_query_result
Jan 06 22:14:23 ubuntu devstack@keystone.service[81344]: ERROR keystone.server.flask.application     result.read()
Jan 06 22:14:23 ubuntu devstack@keystone.service[81344]: ERROR keystone.server.flask.application   File "/opt/stack/data/venv/lib/python3.10/site-packages/pymysql/connections.py", line 1203, in read
Jan 06 22:14:23 ubuntu devstack@keystone.service[81344]: ERROR keystone.server.flask.application     first_packet = self.connection._read_packet()
Jan 06 22:14:23 ubuntu devstack@keystone.service[81344]: ERROR keystone.server.flask.application   File "/opt/stack/data/venv/lib/python3.10/site-packages/pymysql/connections.py", line 782, in _read_packet
Jan 06 22:14:23 ubuntu devstack@keystone.service[81344]: ERROR keystone.server.flask.application     packet.raise_for_error()
Jan 06 22:14:23 ubuntu devstack@keystone.service[81344]: ERROR keystone.server.flask.application   File "/opt/stack/data/venv/lib/python3.10/site-packages/pymysql/protocol.py", line 219, in raise_for_error
