Oct 31 14:06:10 ubuntu devstack@keystone.service[81565]: DEBUG keystone.server.flask.request_processing.req_logging [None req-a8cd7f87-a09a-468e-9a60-305f74d5c041 None None] PATH_INFO: `/v3` {{(pid=81565) log_request_info /opt/stack/keystone/keystone/server/flask/request_processing/req_logging.py:28}}
Oct 31 14:06:10 ubuntu devstack@keystone.service[81566]: DEBUG keystone.server.flask.common [-] Adding resource routes to API role_assignments: ['/role_assignments' {}] {{(pid=81566) _add_mapped_resources /opt/stack/keystone/keystone/server/flask/common.py:483}}
Oct 31 14:06:10 ubuntu devstack@keystone.service[81566]: DEBUG keystone.server.flask.common [-] Adding resource routes to API role_inferences: ['/role_inferences' {}] {{(pid=81566) _add_mapped_resources /opt/stack/keystone/keystone/server/flask/common.py:483}}
Oct 31 14:06:10 ubuntu devstack@keystone.service[81565]: [pid: 81565|app: 0|req: 1/1] 10.201.5.82 () {50 vars in 783 bytes} [Fri Oct 31 14:06:10 2025] GET /identity/v3/ => generated 255 bytes in 2 msecs (HTTP/1.1 200) 5 headers in 177 bytes (1 switches on core 0)
Oct 31 14:06:10 ubuntu devstack@keystone.service[81566]: DEBUG keystone.server.flask.common [-] Adding resource routes to API roles: ['/roles' {}] {{(pid=81566) _add_mapped_resources /opt/stack/keystone/keystone/server/flask/common.py:483}}
Oct 31 14:06:10 ubuntu devstack@keystone.service[81566]: DEBUG keystone.server.flask.common [-] Adding resource routes to API roles: ['/roles/<string:role_id>' {}] {{(pid=81566) _add_mapped_resources /opt/stack/keystone/keystone/server/flask/common.py:483}}
Oct 31 14:06:10 ubuntu devstack@keystone.service[81566]: DEBUG keystone.server.flask.common [-] Adding resource routes to API roles: ['/roles/<string:prior_role_id>/implies' {}] {{(pid=81566) _add_mapped_resources /opt/stack/keystone/keystone/server/flask/common.py:483}}
Oct 31 14:06:10 ubuntu devstack@keystone.service[81566]: DEBUG keystone.server.flask.common [-] Adding resource routes to API roles: ['/roles/<string:prior_role_id>/implies/<string:implied_role_id>' {}] {{(pid=81566) _add_mapped_resources /opt/stack/keystone/keystone/server/flask/common.py:483}}
Oct 31 14:06:10 ubuntu devstack@keystone.service[81566]: DEBUG keystone.server.flask.common [-] Adding resource routes to API s3tokens: ['/s3tokens' {}] {{(pid=81566) _add_mapped_resources /opt/stack/keystone/keystone/server/flask/common.py:483}}
Oct 31 14:06:10 ubuntu devstack@keystone.service[81566]: DEBUG keystone.server.flask.common [-] Adding resource routes to API services: ['/services' {}] {{(pid=81566) _add_mapped_resources /opt/stack/keystone/keystone/server/flask/common.py:483}}
Oct 31 14:06:10 ubuntu devstack@keystone.service[81566]: DEBUG keystone.server.flask.common [-] Adding resource routes to API services: ['/services/<string:service_id>' {}] {{(pid=81566) _add_mapped_resources /opt/stack/keystone/keystone/server/flask/common.py:483}}
Oct 31 14:06:10 ubuntu devstack@keystone.service[81566]: DEBUG keystone.server.flask.common [-] Adding resource routes to API system: ['/system/users/<string:user_id>/roles' {}] {{(pid=81566) _add_mapped_resources /opt/stack/keystone/keystone/server/flask/common.py:483}}
Oct 31 14:06:10 ubuntu devstack@keystone.service[81566]: DEBUG keystone.server.flask.common [-] Adding resource routes to API system: ['/system/users/<string:user_id>/roles/<string:role_id>' {}] {{(pid=81566) _add_mapped_resources /opt/stack/keystone/keystone/server/flask/common.py:483}}
Oct 31 14:06:10 ubuntu devstack@keystone.service[81566]: DEBUG keystone.server.flask.common [-] Adding resource routes to API system: ['/system/groups/<string:group_id>/roles' {}] {{(pid=81566) _add_mapped_resources /opt/stack/keystone/keystone/server/flask/common.py:483}}
Oct 31 14:06:10 ubuntu devstack@keystone.service[81566]: DEBUG keystone.server.flask.common [-] Adding resource routes to API system: ['/system/groups/<string:group_id>/roles/<string:role_id>' {}] {{(pid=81566) _add_mapped_resources /opt/stack/keystone/keystone/server/flask/common.py:483}}
Oct 31 14:06:10 ubuntu devstack@keystone.service[81566]: DEBUG keystone.server.flask.common [-] Adding resource routes to API trusts: ['/trusts' {}] {{(pid=81566) _add_mapped_resources /opt/stack/keystone/keystone/server/flask/common.py:483}}
Oct 31 14:06:10 ubuntu devstack@keystone.service[81566]: DEBUG keystone.server.flask.common [-] Adding resource routes to API trusts: ['/trusts/<string:trust_id>' {}] {{(pid=81566) _add_mapped_resources /opt/stack/keystone/keystone/server/flask/common.py:483}}
Oct 31 14:06:10 ubuntu devstack@keystone.service[81566]: DEBUG keystone.server.flask.common [-] Adding resource routes to API trusts: ['/trusts/<string:trust_id>/roles' {}] {{(pid=81566) _add_mapped_resources /opt/stack/keystone/keystone/server/flask/common.py:483}}
Oct 31 14:06:10 ubuntu devstack@keystone.service[81566]: DEBUG keystone.server.flask.common [-] Adding resource routes to API trusts: ['/trusts/<string:trust_id>/roles/<string:role_id>' {}] {{(pid=81566) _add_mapped_resources /opt/stack/keystone/keystone/server/flask/common.py:483}}
Oct 31 14:06:10 ubuntu devstack@keystone.service[81566]: DEBUG keystone.server.flask.common [-] Adding resource routes to API users: ['/users' {}] {{(pid=81566) _add_mapped_resources /opt/stack/keystone/keystone/server/flask/common.py:483}}
Oct 31 14:06:10 ubuntu devstack@keystone.service[81566]: DEBUG keystone.server.flask.common [-] Adding resource routes to API users: ['/users/<string:user_id>' {}] {{(pid=81566) _add_mapped_resources /opt/stack/keystone/keystone/server/flask/common.py:483}}
Oct 31 14:06:10 ubuntu devstack@keystone.service[81566]: DEBUG keystone.server.flask.common [-] Adding resource routes to API users: ['/users/<string:user_id>/password' {}] {{(pid=81566) _add_mapped_resources /opt/stack/keystone/keystone/server/flask/common.py:483}}
Oct 31 14:06:10 ubuntu devstack@keystone.service[81566]: DEBUG keystone.server.flask.common [-] Adding resource routes to API users: ['/users/<string:user_id>/groups' {}] {{(pid=81566) _add_mapped_resources /opt/stack/keystone/keystone/server/flask/common.py:483}}
Oct 31 14:06:10 ubuntu devstack@keystone.service[81566]: DEBUG keystone.server.flask.common [-] Adding resource routes to API users: ['/users/<string:user_id>/projects' {}] {{(pid=81566) _add_mapped_resources /opt/stack/keystone/keystone/server/flask/common.py:483}}
Oct 31 14:06:10 ubuntu devstack@keystone.service[81566]: DEBUG keystone.server.flask.common [-] Adding resource routes to API users: ['/users/<string:user_id>/credentials/OS-EC2' {}] {{(pid=81566) _add_mapped_resources /opt/stack/keystone/keystone/server/flask/common.py:483}}
Oct 31 14:06:10 ubuntu devstack@keystone.service[81566]: DEBUG keystone.server.flask.common [-] Adding resource routes to API users: ['/users/<string:user_id>/credentials/OS-EC2/<string:credential_id>' {}] {{(pid=81566) _add_mapped_resources /opt/stack/keystone/keystone/server/flask/common.py:483}}
Oct 31 14:06:10 ubuntu devstack@keystone.service[81566]: DEBUG keystone.server.flask.common [-] Adding resource routes to API users: ['/users/<string:user_id>/OS-OAUTH1/access_tokens' {}] {{(pid=81566) _add_mapped_resources /opt/stack/keystone/keystone/server/flask/common.py:483}}
Oct 31 14:06:10 ubuntu devstack@keystone.service[81566]: DEBUG keystone.server.flask.common [-] Adding resource routes to API users: ['/users/<string:user_id>/OS-OAUTH1/access_tokens/<string:access_token_id>' {}] {{(pid=81566) _add_mapped_resources /opt/stack/keystone/keystone/server/flask/common.py:483}}
Oct 31 14:06:10 ubuntu devstack@keystone.service[81566]: DEBUG keystone.server.flask.common [-] Adding resource routes to API users: ['/users/<string:user_id>/OS-OAUTH1/access_tokens/<string:access_token_id>/roles' {}] {{(pid=81566) _add_mapped_resources /opt/stack/keystone/keystone/server/flask/common.py:483}}
Oct 31 14:06:10 ubuntu devstack@keystone.service[81566]: DEBUG keystone.server.flask.common [-] Adding resource routes to API users: ['/users/<string:user_id>/OS-OAUTH1/access_tokens/<string:access_token_id>/roles/<string:role_id>' {}] {{(pid=81566) _add_mapped_resources /opt/stack/keystone/keystone/server/flask/common.py:483}}
Oct 31 14:06:10 ubuntu devstack@keystone.service[81566]: DEBUG keystone.server.flask.common [-] Adding resource routes to API users: ['/users/<string:user_id>/application_credentials' {}] {{(pid=81566) _add_mapped_resources /opt/stack/keystone/keystone/server/flask/common.py:483}}
Oct 31 14:06:10 ubuntu devstack@keystone.service[81566]: DEBUG keystone.server.flask.common [-] Adding resource routes to API users: ['/users/<string:user_id>/application_credentials/<string:application_credential_id>' {}] {{(pid=81566) _add_mapped_resources /opt/stack/keystone/keystone/server/flask/common.py:483}}
Oct 31 14:06:10 ubuntu devstack@keystone.service[81566]: DEBUG keystone.server.flask.common [-] Adding resource routes to API users: ['/users/<string:user_id>/access_rules' {}] {{(pid=81566) _add_mapped_resources /opt/stack/keystone/keystone/server/flask/common.py:483}}
Oct 31 14:06:10 ubuntu devstack@keystone.service[81566]: DEBUG keystone.server.flask.common [-] Adding resource routes to API users: ['/users/<string:user_id>/access_rules/<string:access_rule_id>' {}] {{(pid=81566) _add_mapped_resources /opt/stack/keystone/keystone/server/flask/common.py:483}}
Oct 31 14:06:10 ubuntu devstack@keystone.service[81566]: WSGI app 0 (mountpoint='') ready in 2 seconds on interpreter 0x55ee14fe9d40 pid: 81566 (default app)
Oct 31 14:06:16 ubuntu devstack@keystone.service[81565]: DEBUG keystone.server.flask.request_processing.req_logging [None req-2e6e80c3-7c32-4cf1-81c3-c37b0879028a None None] REQUEST_METHOD: `GET` {{(pid=81565) log_request_info /opt/stack/keystone/keystone/server/flask/request_processing/req_logging.py:26}}
Oct 31 14:06:16 ubuntu devstack@keystone.service[81565]: DEBUG keystone.server.flask.request_processing.req_logging [None req-2e6e80c3-7c32-4cf1-81c3-c37b0879028a None None] SCRIPT_NAME: `/identity` {{(pid=81565) log_request_info /opt/stack/keystone/keystone/server/flask/request_processing/req_logging.py:27}}
Oct 31 14:06:16 ubuntu devstack@keystone.service[81565]: DEBUG keystone.server.flask.request_processing.req_logging [None req-2e6e80c3-7c32-4cf1-81c3-c37b0879028a None None] PATH_INFO: `/` {{(pid=81565) log_request_info /opt/stack/keystone/keystone/server/flask/request_processing/req_logging.py:28}}
Oct 31 14:06:16 ubuntu devstack@keystone.service[81565]: [pid: 81565|app: 0|req: 2/2] 10.201.5.82 () {54 vars in 919 bytes} [Fri Oct 31 14:06:16 2025] GET /identity => generated 270 bytes in 6 msecs (HTTP/1.1 300) 6 headers in 234 bytes (1 switches on core 0)
Oct 31 14:06:16 ubuntu devstack@keystone.service[81566]: DEBUG keystone.server.flask.request_processing.req_logging [None req-a55b0905-b949-44d7-96c2-129db7b864ef None None] REQUEST_METHOD: `POST` {{(pid=81566) log_request_info /opt/stack/keystone/keystone/server/flask/request_processing/req_logging.py:26}}
Oct 31 14:06:16 ubuntu devstack@keystone.service[81566]: DEBUG keystone.server.flask.request_processing.req_logging [None req-a55b0905-b949-44d7-96c2-129db7b864ef None None] SCRIPT_NAME: `/identity` {{(pid=81566) log_request_info /opt/stack/keystone/keystone/server/flask/request_processing/req_logging.py:27}}
Oct 31 14:06:16 ubuntu devstack@keystone.service[81566]: DEBUG keystone.server.flask.request_processing.req_logging [None req-a55b0905-b949-44d7-96c2-129db7b864ef None None] PATH_INFO: `/v3/auth/tokens` {{(pid=81566) log_request_info /opt/stack/keystone/keystone/server/flask/request_processing/req_logging.py:28}}
Oct 31 14:06:16 ubuntu devstack@keystone.service[81566]: INFO dbcounter [None req-a55b0905-b949-44d7-96c2-129db7b864ef None None] Registered counter for database keystone
Oct 31 14:06:16 ubuntu devstack@keystone.service[81566]: DEBUG oslo_db.sqlalchemy.engines [None req-a55b0905-b949-44d7-96c2-129db7b864ef None None] MySQL server mode set to STRICT_TRANS_TABLES,STRICT_ALL_TABLES,NO_ZERO_IN_DATE,NO_ZERO_DATE,ERROR_FOR_DIVISION_BY_ZERO,TRADITIONAL,NO_ENGINE_SUBSTITUTION {{(pid=81566) _check_effective_sql_mode /opt/stack/data/venv/lib/python3.10/site-packages/oslo_db/sqlalchemy/engines.py:397}}
Oct 31 14:06:16 ubuntu devstack@keystone.service[81566]: DEBUG dbcounter [-] [81566] Writer thread running {{(pid=81566) stat_writer /opt/stack/data/venv/lib/python3.10/site-packages/dbcounter.py:102}}
Oct 31 14:06:16 ubuntu devstack@keystone.service[81566]: WARNING keystone.common.password_hashing [None req-a55b0905-b949-44d7-96c2-129db7b864ef None None] Truncating password to algorithm specific maximum length 72 characters.
Oct 31 14:06:16 ubuntu devstack@keystone.service[81566]: DEBUG keystone.auth.core [None req-a55b0905-b949-44d7-96c2-129db7b864ef None None] MFA Rules not processed for user `84285e5199ef4f62b4c73966b5922c1e`. Rule list: `[]` (Enabled: `True`). {{(pid=81566) check_auth_methods_against_rules /opt/stack/keystone/keystone/auth/core.py:476}}
Oct 31 14:06:16 ubuntu devstack@keystone.service[81566]: DEBUG keystone.common.fernet_utils [None req-a55b0905-b949-44d7-96c2-129db7b864ef None None] Loaded 2 Fernet keys from /etc/keystone/fernet-keys/, but `[fernet_tokens] max_active_keys = 3`; perhaps there have not been enough key rotations to reach `max_active_keys` yet? {{(pid=81566) load_keys /opt/stack/keystone/keystone/common/fernet_utils.py:297}}
Oct 31 14:06:16 ubuntu devstack@keystone.service[81566]: [pid: 81566|app: 0|req: 1/3] 10.201.5.82 () {58 vars in 1016 bytes} [Fri Oct 31 14:06:16 2025] POST /identity/v3/auth/tokens => generated 977 bytes in 303 msecs (HTTP/1.1 201) 6 headers in 384 bytes (1 switches on core 0)
Oct 31 14:06:16 ubuntu devstack@keystone.service[81565]: DEBUG keystone.server.flask.request_processing.middleware.auth_context [None req-2e6e80c3-7c32-4cf1-81c3-c37b0879028a None None] Authenticating user token {{(pid=81565) process_request /opt/stack/data/venv/lib/python3.10/site-packages/keystonemiddleware/auth_token/__init__.py:407}}
Oct 31 14:06:16 ubuntu devstack@keystone.service[81565]: INFO dbcounter [None req-2e6e80c3-7c32-4cf1-81c3-c37b0879028a None None] Registered counter for database keystone
Oct 31 14:06:16 ubuntu devstack@keystone.service[81565]: DEBUG oslo_db.sqlalchemy.engines [None req-2e6e80c3-7c32-4cf1-81c3-c37b0879028a None None] MySQL server mode set to STRICT_TRANS_TABLES,STRICT_ALL_TABLES,NO_ZERO_IN_DATE,NO_ZERO_DATE,ERROR_FOR_DIVISION_BY_ZERO,TRADITIONAL,NO_ENGINE_SUBSTITUTION {{(pid=81565) _check_effective_sql_mode /opt/stack/data/venv/lib/python3.10/site-packages/oslo_db/sqlalchemy/engines.py:397}}
Oct 31 14:06:16 ubuntu devstack@keystone.service[81565]: DEBUG dbcounter [-] [81565] Writer thread running {{(pid=81565) stat_writer /opt/stack/data/venv/lib/python3.10/site-packages/dbcounter.py:102}}
Oct 31 14:06:16 ubuntu devstack@keystone.service[81565]: DEBUG keystone.server.flask.request_processing.middleware.auth_context [None req-2e6e80c3-7c32-4cf1-81c3-c37b0879028a None None] Validating token access rules against request {{(pid=81565) validate_allowed_request /opt/stack/data/venv/lib/python3.10/site-packages/keystonemiddleware/auth_token/__init__.py:545}}
Oct 31 14:06:16 ubuntu devstack@keystone.service[81565]: DEBUG keystone.server.flask.request_processing.middleware.auth_context [None req-967d01ce-0f6c-4f72-a852-5f0cd6727981 admin admin] RBAC: auth_context: {'token': <TokenModel (audit_id=vqxrZ7GcQnGxJ9l4sVyPGw, audit_chain_id=['vqxrZ7GcQnGxJ9l4sVyPGw']) at 0x7f1abc632a40>, 'domain_id': None, 'trust_id': None, 'trustor_id': None, 'trustee_id': None, 'domain_name': None, 'group_ids': [], 'user_id': '84285e5199ef4f62b4c73966b5922c1e', 'user_domain_id': 'default', 'system_scope': None, 'project_id': 'b447b211a7744f9b8b17c8e1c7ca77c1', 'project_domain_id': 'default', 'roles': ['member', 'admin', 'manager', 'reader'], 'is_admin_project': True, 'service_user_id': None, 'service_user_domain_id': None, 'service_project_id': None, 'service_project_domain_id': None, 'service_roles': []} {{(pid=81565) fill_context /opt/stack/keystone/keystone/server/flask/request_processing/middleware/auth_context.py:509}}
Oct 31 14:06:16 ubuntu devstack@keystone.service[81565]: DEBUG keystone.server.flask.request_processing.req_logging [None req-967d01ce-0f6c-4f72-a852-5f0cd6727981 admin admin] REQUEST_METHOD: `GET` {{(pid=81565) log_request_info /opt/stack/keystone/keystone/server/flask/request_processing/req_logging.py:26}}
Oct 31 14:06:16 ubuntu devstack@keystone.service[81565]: DEBUG keystone.server.flask.request_processing.req_logging [None req-967d01ce-0f6c-4f72-a852-5f0cd6727981 admin admin] SCRIPT_NAME: `/identity` {{(pid=81565) log_request_info /opt/stack/keystone/keystone/server/flask/request_processing/req_logging.py:27}}
Oct 31 14:06:16 ubuntu devstack@keystone.service[81565]: DEBUG keystone.server.flask.request_processing.req_logging [None req-967d01ce-0f6c-4f72-a852-5f0cd6727981 admin admin] PATH_INFO: `/v3/auth/tokens` {{(pid=81565) log_request_info /opt/stack/keystone/keystone/server/flask/request_processing/req_logging.py:28}}
Oct 31 14:06:16 ubuntu devstack@keystone.service[81565]: DEBUG keystone.common.rbac_enforcer.enforcer [None req-967d01ce-0f6c-4f72-a852-5f0cd6727981 admin admin] RBAC: Authorizing `identity:validate_token()` {{(pid=81565) enforce_call /opt/stack/keystone/keystone/common/rbac_enforcer/enforcer.py:494}}
Oct 31 14:06:16 ubuntu devstack@keystone.service[81565]: WARNING keystone.common.rbac_enforcer.enforcer [None req-967d01ce-0f6c-4f72-a852-5f0cd6727981 admin admin] Deprecated policy rules found. Use oslopolicy-policy-generator and oslopolicy-policy-upgrade to detect and resolve deprecated policies in your configuration.
Oct 31 14:06:16 ubuntu devstack@keystone.service[81565]: DEBUG keystone.common.rbac_enforcer.enforcer [None req-967d01ce-0f6c-4f72-a852-5f0cd6727981 admin admin] RBAC: Authorization granted {{(pid=81565) enforce_call /opt/stack/keystone/keystone/common/rbac_enforcer/enforcer.py:505}}
Oct 31 14:06:16 ubuntu devstack@keystone.service[81565]: [pid: 81565|app: 0|req: 3/4] 10.201.5.82 () {58 vars in 1316 bytes} [Fri Oct 31 14:06:16 2025] GET /identity/v3/auth/tokens => generated 977 bytes in 159 msecs (HTTP/1.1 200) 6 headers in 379 bytes (1 switches on core 0)
Oct 31 14:06:16 ubuntu devstack@keystone.service[81566]: DEBUG keystone.server.flask.request_processing.middleware.auth_context [None req-a55b0905-b949-44d7-96c2-129db7b864ef None None] Authenticating user token {{(pid=81566) process_request /opt/stack/data/venv/lib/python3.10/site-packages/keystonemiddleware/auth_token/__init__.py:407}}
Oct 31 14:06:16 ubuntu devstack@keystone.service[81566]: DEBUG keystone.server.flask.request_processing.middleware.auth_context [None req-a55b0905-b949-44d7-96c2-129db7b864ef None None] Validating token access rules against request {{(pid=81566) validate_allowed_request /opt/stack/data/venv/lib/python3.10/site-packages/keystonemiddleware/auth_token/__init__.py:545}}
Oct 31 14:06:16 ubuntu devstack@keystone.service[81566]: DEBUG keystone.server.flask.request_processing.middleware.auth_context [None req-9fb422e2-3ba3-490c-81b2-31876a4d8ae2 admin admin] RBAC: auth_context: {'token': <TokenModel (audit_id=vqxrZ7GcQnGxJ9l4sVyPGw, audit_chain_id=['vqxrZ7GcQnGxJ9l4sVyPGw']) at 0x7f1abc66a9e0>, 'domain_id': None, 'trust_id': None, 'trustor_id': None, 'trustee_id': None, 'domain_name': None, 'group_ids': [], 'user_id': '84285e5199ef4f62b4c73966b5922c1e', 'user_domain_id': 'default', 'system_scope': None, 'project_id': 'b447b211a7744f9b8b17c8e1c7ca77c1', 'project_domain_id': 'default', 'roles': ['member', 'admin', 'manager', 'reader'], 'is_admin_project': True, 'service_user_id': None, 'service_user_domain_id': None, 'service_project_id': None, 'service_project_domain_id': None, 'service_roles': []} {{(pid=81566) fill_context /opt/stack/keystone/keystone/server/flask/request_processing/middleware/auth_context.py:509}}
Oct 31 14:06:16 ubuntu devstack@keystone.service[81566]: DEBUG keystone.server.flask.request_processing.req_logging [None req-9fb422e2-3ba3-490c-81b2-31876a4d8ae2 admin admin] REQUEST_METHOD: `GET` {{(pid=81566) log_request_info /opt/stack/keystone/keystone/server/flask/request_processing/req_logging.py:26}}
Oct 31 14:06:16 ubuntu devstack@keystone.service[81566]: DEBUG keystone.server.flask.request_processing.req_logging [None req-9fb422e2-3ba3-490c-81b2-31876a4d8ae2 admin admin] SCRIPT_NAME: `/identity` {{(pid=81566) log_request_info /opt/stack/keystone/keystone/server/flask/request_processing/req_logging.py:27}}
Oct 31 14:06:16 ubuntu devstack@keystone.service[81566]: DEBUG keystone.server.flask.request_processing.req_logging [None req-9fb422e2-3ba3-490c-81b2-31876a4d8ae2 admin admin] PATH_INFO: `/v3/projects/b447b211a7744f9b8b17c8e1c7ca77c1` {{(pid=81566) log_request_info /opt/stack/keystone/keystone/server/flask/request_processing/req_logging.py:28}}
Oct 31 14:06:16 ubuntu devstack@keystone.service[81566]: DEBUG keystone.common.rbac_enforcer.enforcer [None req-9fb422e2-3ba3-490c-81b2-31876a4d8ae2 admin admin] RBAC: Authorizing `identity:get_project(project_id=b447b211a7744f9b8b17c8e1c7ca77c1)` {{(pid=81566) enforce_call /opt/stack/keystone/keystone/common/rbac_enforcer/enforcer.py:494}}
Oct 31 14:06:16 ubuntu devstack@keystone.service[81566]: WARNING keystone.common.rbac_enforcer.enforcer [None req-9fb422e2-3ba3-490c-81b2-31876a4d8ae2 admin admin] Deprecated policy rules found. Use oslopolicy-policy-generator and oslopolicy-policy-upgrade to detect and resolve deprecated policies in your configuration.
Oct 31 14:06:16 ubuntu devstack@keystone.service[81566]: DEBUG keystone.common.rbac_enforcer.enforcer [None req-9fb422e2-3ba3-490c-81b2-31876a4d8ae2 admin admin] RBAC: Authorization granted {{(pid=81566) enforce_call /opt/stack/keystone/keystone/common/rbac_enforcer/enforcer.py:505}}
Oct 31 14:06:16 ubuntu devstack@keystone.service[81566]: [pid: 81566|app: 0|req: 2/5] 10.201.5.82 () {56 vars in 1199 bytes} [Fri Oct 31 14:06:16 2025] GET /identity/v3/projects/b447b211a7744f9b8b17c8e1c7ca77c1 => generated 344 bytes in 38 msecs (HTTP/1.1 200) 5 headers in 177 bytes (1 switches on core 0)
Oct 31 14:06:18 ubuntu devstack@keystone.service[81565]: DEBUG keystone.server.flask.request_processing.req_logging [None req-08ebae68-80fb-4cc0-a017-eb8495922096 None None] REQUEST_METHOD: `GET` {{(pid=81565) log_request_info /opt/stack/keystone/keystone/server/flask/request_processing/req_logging.py:26}}
Oct 31 14:06:18 ubuntu devstack@keystone.service[81565]: DEBUG keystone.server.flask.request_processing.req_logging [None req-08ebae68-80fb-4cc0-a017-eb8495922096 None None] SCRIPT_NAME: `/identity` {{(pid=81565) log_request_info /opt/stack/keystone/keystone/server/flask/request_processing/req_logging.py:27}}
Oct 31 14:06:18 ubuntu devstack@keystone.service[81565]: DEBUG keystone.server.flask.request_processing.req_logging [None req-08ebae68-80fb-4cc0-a017-eb8495922096 None None] PATH_INFO: `/` {{(pid=81565) log_request_info /opt/stack/keystone/keystone/server/flask/request_processing/req_logging.py:28}}
Oct 31 14:06:18 ubuntu devstack@keystone.service[81565]: [pid: 81565|app: 0|req: 4/6] 10.201.5.82 () {54 vars in 919 bytes} [Fri Oct 31 14:06:18 2025] GET /identity => generated 270 bytes in 2 msecs (HTTP/1.1 300) 6 headers in 234 bytes (1 switches on core 0)
Oct 31 14:06:18 ubuntu devstack@keystone.service[81566]: DEBUG keystone.server.flask.request_processing.req_logging [None req-964f5386-8359-442a-b260-b82f88f37daa None None] REQUEST_METHOD: `POST` {{(pid=81566) log_request_info /opt/stack/keystone/keystone/server/flask/request_processing/req_logging.py:26}}
Oct 31 14:06:18 ubuntu devstack@keystone.service[81566]: DEBUG keystone.server.flask.request_processing.req_logging [None req-964f5386-8359-442a-b260-b82f88f37daa None None] SCRIPT_NAME: `/identity` {{(pid=81566) log_request_info /opt/stack/keystone/keystone/server/flask/request_processing/req_logging.py:27}}
Oct 31 14:06:18 ubuntu devstack@keystone.service[81566]: DEBUG keystone.server.flask.request_processing.req_logging [None req-964f5386-8359-442a-b260-b82f88f37daa None None] PATH_INFO: `/v3/auth/tokens` {{(pid=81566) log_request_info /opt/stack/keystone/keystone/server/flask/request_processing/req_logging.py:28}}
Oct 31 14:06:18 ubuntu devstack@keystone.service[81566]: WARNING keystone.common.password_hashing [None req-964f5386-8359-442a-b260-b82f88f37daa None None] Truncating password to algorithm specific maximum length 72 characters.
Oct 31 14:06:18 ubuntu devstack@keystone.service[81566]: DEBUG keystone.auth.core [None req-964f5386-8359-442a-b260-b82f88f37daa None None] MFA Rules not processed for user `84285e5199ef4f62b4c73966b5922c1e`. Rule list: `[]` (Enabled: `True`). {{(pid=81566) check_auth_methods_against_rules /opt/stack/keystone/keystone/auth/core.py:476}}
Oct 31 14:06:18 ubuntu devstack@keystone.service[81566]: DEBUG keystone.common.fernet_utils [None req-964f5386-8359-442a-b260-b82f88f37daa None None] Loaded 2 Fernet keys from /etc/keystone/fernet-keys/, but `[fernet_tokens] max_active_keys = 3`; perhaps there have not been enough key rotations to reach `max_active_keys` yet? {{(pid=81566) load_keys /opt/stack/keystone/keystone/common/fernet_utils.py:297}}
Oct 31 14:06:18 ubuntu devstack@keystone.service[81566]: [pid: 81566|app: 0|req: 3/7] 10.201.5.82 () {58 vars in 1016 bytes} [Fri Oct 31 14:06:18 2025] POST /identity/v3/auth/tokens => generated 977 bytes in 31 msecs (HTTP/1.1 201) 6 headers in 384 bytes (1 switches on core 0)
Oct 31 14:06:18 ubuntu devstack@keystone.service[81565]: DEBUG keystone.server.flask.request_processing.middleware.auth_context [None req-08ebae68-80fb-4cc0-a017-eb8495922096 None None] Authenticating user token {{(pid=81565) process_request /opt/stack/data/venv/lib/python3.10/site-packages/keystonemiddleware/auth_token/__init__.py:407}}
Oct 31 14:06:18 ubuntu devstack@keystone.service[81565]: DEBUG keystone.server.flask.request_processing.middleware.auth_context [None req-08ebae68-80fb-4cc0-a017-eb8495922096 None None] Validating token access rules against request {{(pid=81565) validate_allowed_request /opt/stack/data/venv/lib/python3.10/site-packages/keystonemiddleware/auth_token/__init__.py:545}}
Oct 31 14:06:18 ubuntu devstack@keystone.service[81565]: DEBUG keystone.server.flask.request_processing.middleware.auth_context [None req-467ef555-a8e2-47cf-8829-e91d3989ccbb admin admin] RBAC: auth_context: {'token': <TokenModel (audit_id=-c5Ej86NQ52qqHTuYF2QnQ, audit_chain_id=['-c5Ej86NQ52qqHTuYF2QnQ']) at 0x7f1abc3f6e60>, 'domain_id': None, 'trust_id': None, 'trustor_id': None, 'trustee_id': None, 'domain_name': None, 'group_ids': [], 'user_id': '84285e5199ef4f62b4c73966b5922c1e', 'user_domain_id': 'default', 'system_scope': None, 'project_id': 'b447b211a7744f9b8b17c8e1c7ca77c1', 'project_domain_id': 'default', 'roles': ['member', 'admin', 'manager', 'reader'], 'is_admin_project': True, 'service_user_id': None, 'service_user_domain_id': None, 'service_project_id': None, 'service_project_domain_id': None, 'service_roles': []} {{(pid=81565) fill_context /opt/stack/keystone/keystone/server/flask/request_processing/middleware/auth_context.py:509}}
Oct 31 14:06:18 ubuntu devstack@keystone.service[81565]: DEBUG keystone.server.flask.request_processing.req_logging [None req-467ef555-a8e2-47cf-8829-e91d3989ccbb admin admin] REQUEST_METHOD: `GET` {{(pid=81565) log_request_info /opt/stack/keystone/keystone/server/flask/request_processing/req_logging.py:26}}
Oct 31 14:06:18 ubuntu devstack@keystone.service[81565]: DEBUG keystone.server.flask.request_processing.req_logging [None req-467ef555-a8e2-47cf-8829-e91d3989ccbb admin admin] SCRIPT_NAME: `/identity` {{(pid=81565) log_request_info /opt/stack/keystone/keystone/server/flask/request_processing/req_logging.py:27}}
Oct 31 14:06:18 ubuntu devstack@keystone.service[81565]: DEBUG keystone.server.flask.request_processing.req_logging [None req-467ef555-a8e2-47cf-8829-e91d3989ccbb admin admin] PATH_INFO: `/v3/users/admin` {{(pid=81565) log_request_info /opt/stack/keystone/keystone/server/flask/request_processing/req_logging.py:28}}
Oct 31 14:06:18 ubuntu devstack@keystone.service[81565]: DEBUG keystone.common.rbac_enforcer.enforcer [None req-467ef555-a8e2-47cf-8829-e91d3989ccbb admin admin] RBAC: Authorizing `identity:get_user(user_id=admin)` {{(pid=81565) enforce_call /opt/stack/keystone/keystone/common/rbac_enforcer/enforcer.py:494}}
Oct 31 14:06:18 ubuntu devstack@keystone.service[81565]: DEBUG keystone.common.rbac_enforcer.enforcer [None req-467ef555-a8e2-47cf-8829-e91d3989ccbb admin admin] RBAC: Authorization granted {{(pid=81565) enforce_call /opt/stack/keystone/keystone/common/rbac_enforcer/enforcer.py:505}}
Oct 31 14:06:18 ubuntu devstack@keystone.service[81565]: DEBUG keystone.server.flask.application [None req-467ef555-a8e2-47cf-8829-e91d3989ccbb admin admin] Could not find user: admin. {{(pid=81565) _handle_keystone_exception /opt/stack/keystone/keystone/server/flask/application.py:146}}
Oct 31 14:06:18 ubuntu devstack@keystone.service[81565]: [pid: 81565|app: 0|req: 5/8] 10.201.5.82 () {56 vars in 1153 bytes} [Fri Oct 31 14:06:18 2025] GET /identity/v3/users/admin => generated 83 bytes in 33 msecs (HTTP/1.1 404) 5 headers in 183 bytes (1 switches on core 0)
Oct 31 14:06:18 ubuntu devstack@keystone.service[81566]: DEBUG keystone.server.flask.request_processing.middleware.auth_context [None req-964f5386-8359-442a-b260-b82f88f37daa None None] Authenticating user token {{(pid=81566) process_request /opt/stack/data/venv/lib/python3.10/site-packages/keystonemiddleware/auth_token/__init__.py:407}}
Oct 31 14:06:18 ubuntu devstack@keystone.service[81566]: DEBUG keystone.server.flask.request_processing.middleware.auth_context [None req-964f5386-8359-442a-b260-b82f88f37daa None None] Validating token access rules against request {{(pid=81566) validate_allowed_request /opt/stack/data/venv/lib/python3.10/site-packages/keystonemiddleware/auth_token/__init__.py:545}}
Oct 31 14:06:18 ubuntu devstack@keystone.service[81566]: DEBUG keystone.server.flask.request_processing.middleware.auth_context [None req-57c18c58-cf75-4727-aa66-f25e2da9ea38 admin admin] RBAC: auth_context: {'token': <TokenModel (audit_id=-c5Ej86NQ52qqHTuYF2QnQ, audit_chain_id=['-c5Ej86NQ52qqHTuYF2QnQ']) at 0x7f1abc66a4a0>, 'domain_id': None, 'trust_id': None, 'trustor_id': None, 'trustee_id': None, 'domain_name': None, 'group_ids': [], 'user_id': '84285e5199ef4f62b4c73966b5922c1e', 'user_domain_id': 'default', 'system_scope': None, 'project_id': 'b447b211a7744f9b8b17c8e1c7ca77c1', 'project_domain_id': 'default', 'roles': ['member', 'admin', 'manager', 'reader'], 'is_admin_project': True, 'service_user_id': None, 'service_user_domain_id': None, 'service_project_id': None, 'service_project_domain_id': None, 'service_roles': []} {{(pid=81566) fill_context /opt/stack/keystone/keystone/server/flask/request_processing/middleware/auth_context.py:509}}
Oct 31 14:06:18 ubuntu devstack@keystone.service[81566]: DEBUG keystone.server.flask.request_processing.req_logging [None req-57c18c58-cf75-4727-aa66-f25e2da9ea38 admin admin] REQUEST_METHOD: `GET` {{(pid=81566) log_request_info /opt/stack/keystone/keystone/server/flask/request_processing/req_logging.py:26}}
Oct 31 14:06:18 ubuntu devstack@keystone.service[81566]: DEBUG keystone.server.flask.request_processing.req_logging [None req-57c18c58-cf75-4727-aa66-f25e2da9ea38 admin admin] SCRIPT_NAME: `/identity` {{(pid=81566) log_request_info /opt/stack/keystone/keystone/server/flask/request_processing/req_logging.py:27}}
Oct 31 14:06:18 ubuntu devstack@keystone.service[81566]: DEBUG keystone.server.flask.request_processing.req_logging [None req-57c18c58-cf75-4727-aa66-f25e2da9ea38 admin admin] PATH_INFO: `/v3/users` {{(pid=81566) log_request_info /opt/stack/keystone/keystone/server/flask/request_processing/req_logging.py:28}}
Oct 31 14:06:18 ubuntu devstack@keystone.service[81566]: DEBUG keystone.common.rbac_enforcer.enforcer [None req-57c18c58-cf75-4727-aa66-f25e2da9ea38 admin admin] RBAC: Adding query filter params (name=admin) {{(pid=81566) _extract_filter_values /opt/stack/keystone/keystone/common/rbac_enforcer/enforcer.py:176}}
Oct 31 14:06:18 ubuntu devstack@keystone.service[81566]: DEBUG keystone.common.rbac_enforcer.enforcer [None req-57c18c58-cf75-4727-aa66-f25e2da9ea38 admin admin] RBAC: Authorizing `identity:list_users()` {{(pid=81566) enforce_call /opt/stack/keystone/keystone/common/rbac_enforcer/enforcer.py:494}}
Oct 31 14:06:18 ubuntu devstack@keystone.service[81566]: DEBUG keystone.common.rbac_enforcer.enforcer [None req-57c18c58-cf75-4727-aa66-f25e2da9ea38 admin admin] RBAC: Authorization granted {{(pid=81566) enforce_call /opt/stack/keystone/keystone/common/rbac_enforcer/enforcer.py:505}}
Oct 31 14:06:18 ubuntu devstack@keystone.service[81566]: [pid: 81566|app: 0|req: 4/9] 10.201.5.82 () {56 vars in 1169 bytes} [Fri Oct 31 14:06:18 2025] GET /identity/v3/users?name=admin => generated 352 bytes in 40 msecs (HTTP/1.1 200) 5 headers in 177 bytes (1 switches on core 0)
Oct 31 14:06:19 ubuntu devstack@keystone.service[81565]: DEBUG keystone.server.flask.request_processing.req_logging [None req-7a000527-50fe-450e-aed1-51bc0aabf5fb None None] REQUEST_METHOD: `GET` {{(pid=81565) log_request_info /opt/stack/keystone/keystone/server/flask/request_processing/req_logging.py:26}}
Oct 31 14:06:19 ubuntu devstack@keystone.service[81565]: DEBUG keystone.server.flask.request_processing.req_logging [None req-7a000527-50fe-450e-aed1-51bc0aabf5fb None None] SCRIPT_NAME: `/identity` {{(pid=81565) log_request_info /opt/stack/keystone/keystone/server/flask/request_processing/req_logging.py:27}}
Oct 31 14:06:19 ubuntu devstack@keystone.service[81565]: DEBUG keystone.server.flask.request_processing.req_logging [None req-7a000527-50fe-450e-aed1-51bc0aabf5fb None None] PATH_INFO: `/` {{(pid=81565) log_request_info /opt/stack/keystone/keystone/server/flask/request_processing/req_logging.py:28}}
Oct 31 14:06:19 ubuntu devstack@keystone.service[81565]: [pid: 81565|app: 0|req: 6/10] 10.201.5.82 () {54 vars in 919 bytes} [Fri Oct 31 14:06:19 2025] GET /identity => generated 270 bytes in 3 msecs (HTTP/1.1 300) 6 headers in 234 bytes (1 switches on core 0)
Oct 31 14:06:19 ubuntu devstack@keystone.service[81566]: DEBUG keystone.server.flask.request_processing.req_logging [None req-2c54e016-03f8-4a47-a19f-2cff5f8bf129 None None] REQUEST_METHOD: `POST` {{(pid=81566) log_request_info /opt/stack/keystone/keystone/server/flask/request_processing/req_logging.py:26}}
Oct 31 14:06:19 ubuntu devstack@keystone.service[81566]: DEBUG keystone.server.flask.request_processing.req_logging [None req-2c54e016-03f8-4a47-a19f-2cff5f8bf129 None None] SCRIPT_NAME: `/identity` {{(pid=81566) log_request_info /opt/stack/keystone/keystone/server/flask/request_processing/req_logging.py:27}}
Oct 31 14:06:19 ubuntu devstack@keystone.service[81566]: DEBUG keystone.server.flask.request_processing.req_logging [None req-2c54e016-03f8-4a47-a19f-2cff5f8bf129 None None] PATH_INFO: `/v3/auth/tokens` {{(pid=81566) log_request_info /opt/stack/keystone/keystone/server/flask/request_processing/req_logging.py:28}}
Oct 31 14:06:19 ubuntu devstack@keystone.service[81566]: WARNING keystone.common.password_hashing [None req-2c54e016-03f8-4a47-a19f-2cff5f8bf129 None None] Truncating password to algorithm specific maximum length 72 characters.
Oct 31 14:06:19 ubuntu devstack@keystone.service[81566]: DEBUG keystone.auth.core [None req-2c54e016-03f8-4a47-a19f-2cff5f8bf129 None None] MFA Rules not processed for user `84285e5199ef4f62b4c73966b5922c1e`. Rule list: `[]` (Enabled: `True`). {{(pid=81566) check_auth_methods_against_rules /opt/stack/keystone/keystone/auth/core.py:476}}
Oct 31 14:06:19 ubuntu devstack@keystone.service[81566]: DEBUG keystone.common.fernet_utils [None req-2c54e016-03f8-4a47-a19f-2cff5f8bf129 None None] Loaded 2 Fernet keys from /etc/keystone/fernet-keys/, but `[fernet_tokens] max_active_keys = 3`; perhaps there have not been enough key rotations to reach `max_active_keys` yet? {{(pid=81566) load_keys /opt/stack/keystone/keystone/common/fernet_utils.py:297}}
Oct 31 14:06:19 ubuntu devstack@keystone.service[81566]: [pid: 81566|app: 0|req: 5/11] 10.201.5.82 () {58 vars in 1016 bytes} [Fri Oct 31 14:06:19 2025] POST /identity/v3/auth/tokens => generated 862 bytes in 76 msecs (HTTP/1.1 201) 6 headers in 363 bytes (2 switches on core 0)
Oct 31 14:06:19 ubuntu devstack@keystone.service[81565]: DEBUG keystone.server.flask.request_processing.req_logging [None req-d8c152de-f07e-4bd3-8610-8ff6800dd9f3 None None] REQUEST_METHOD: `GET` {{(pid=81565) log_request_info /opt/stack/keystone/keystone/server/flask/request_processing/req_logging.py:26}}
Oct 31 14:06:19 ubuntu devstack@keystone.service[81565]: DEBUG keystone.server.flask.request_processing.req_logging [None req-d8c152de-f07e-4bd3-8610-8ff6800dd9f3 None None] SCRIPT_NAME: `/identity` {{(pid=81565) log_request_info /opt/stack/keystone/keystone/server/flask/request_processing/req_logging.py:27}}
Oct 31 14:06:19 ubuntu devstack@keystone.service[81565]: DEBUG keystone.server.flask.request_processing.req_logging [None req-d8c152de-f07e-4bd3-8610-8ff6800dd9f3 None None] PATH_INFO: `/` {{(pid=81565) log_request_info /opt/stack/keystone/keystone/server/flask/request_processing/req_logging.py:28}}
Oct 31 14:06:19 ubuntu devstack@keystone.service[81565]: [pid: 81565|app: 0|req: 7/12] 10.201.5.82 () {54 vars in 919 bytes} [Fri Oct 31 14:06:19 2025] GET /identity => generated 270 bytes in 6 msecs (HTTP/1.1 300) 6 headers in 234 bytes (1 switches on core 0)
Oct 31 14:06:19 ubuntu devstack@keystone.service[81566]: DEBUG keystone.server.flask.request_processing.req_logging [None req-1e6a117f-1ee3-4ccb-a898-635d50dc3d9b None None] REQUEST_METHOD: `POST` {{(pid=81566) log_request_info /opt/stack/keystone/keystone/server/flask/request_processing/req_logging.py:26}}
Oct 31 14:06:19 ubuntu devstack@keystone.service[81566]: DEBUG keystone.server.flask.request_processing.req_logging [None req-1e6a117f-1ee3-4ccb-a898-635d50dc3d9b None None] SCRIPT_NAME: `/identity` {{(pid=81566) log_request_info /opt/stack/keystone/keystone/server/flask/request_processing/req_logging.py:27}}
Oct 31 14:06:19 ubuntu devstack@keystone.service[81566]: DEBUG keystone.server.flask.request_processing.req_logging [None req-1e6a117f-1ee3-4ccb-a898-635d50dc3d9b None None] PATH_INFO: `/v3/auth/tokens` {{(pid=81566) log_request_info /opt/stack/keystone/keystone/server/flask/request_processing/req_logging.py:28}}
Oct 31 14:06:19 ubuntu devstack@keystone.service[81565]: DEBUG keystone.server.flask.request_processing.middleware.auth_context [None req-d8c152de-f07e-4bd3-8610-8ff6800dd9f3 None None] Authenticating user token {{(pid=81565) process_request /opt/stack/data/venv/lib/python3.10/site-packages/keystonemiddleware/auth_token/__init__.py:407}}
Oct 31 14:06:19 ubuntu devstack@keystone.service[81566]: WARNING keystone.common.password_hashing [None req-1e6a117f-1ee3-4ccb-a898-635d50dc3d9b None None] Truncating password to algorithm specific maximum length 72 characters.
Oct 31 14:06:19 ubuntu devstack@keystone.service[81566]: DEBUG keystone.auth.core [None req-1e6a117f-1ee3-4ccb-a898-635d50dc3d9b None None] MFA Rules not processed for user `84285e5199ef4f62b4c73966b5922c1e`. Rule list: `[]` (Enabled: `True`). {{(pid=81566) check_auth_methods_against_rules /opt/stack/keystone/keystone/auth/core.py:476}}
Oct 31 14:06:19 ubuntu devstack@keystone.service[81566]: DEBUG keystone.common.fernet_utils [None req-1e6a117f-1ee3-4ccb-a898-635d50dc3d9b None None] Loaded 2 Fernet keys from /etc/keystone/fernet-keys/, but `[fernet_tokens] max_active_keys = 3`; perhaps there have not been enough key rotations to reach `max_active_keys` yet? {{(pid=81566) load_keys /opt/stack/keystone/keystone/common/fernet_utils.py:297}}
Oct 31 14:06:19 ubuntu devstack@keystone.service[81565]: DEBUG keystone.server.flask.request_processing.middleware.auth_context [None req-d8c152de-f07e-4bd3-8610-8ff6800dd9f3 None None] Validating token access rules against request {{(pid=81565) validate_allowed_request /opt/stack/data/venv/lib/python3.10/site-packages/keystonemiddleware/auth_token/__init__.py:545}}
Oct 31 14:06:19 ubuntu devstack@keystone.service[81566]: [pid: 81566|app: 0|req: 6/13] 10.201.5.82 () {58 vars in 1016 bytes} [Fri Oct 31 14:06:19 2025] POST /identity/v3/auth/tokens => generated 862 bytes in 68 msecs (HTTP/1.1 201) 6 headers in 363 bytes (1 switches on core 0)
Oct 31 14:06:19 ubuntu devstack@keystone.service[81565]: DEBUG keystone.server.flask.request_processing.middleware.auth_context [None req-134ad163-f5c5-4e83-97ff-5a7336933d4c None admin] RBAC: auth_context: {'token': <TokenModel (audit_id=vO5xdRKGQtygY9O7qoZH5Q, audit_chain_id=['vO5xdRKGQtygY9O7qoZH5Q']) at 0x7f1abba94fa0>, 'domain_id': None, 'trust_id': None, 'trustor_id': None, 'trustee_id': None, 'domain_name': None, 'group_ids': [], 'user_id': '84285e5199ef4f62b4c73966b5922c1e', 'user_domain_id': 'default', 'system_scope': 'all', 'project_id': None, 'project_domain_id': None, 'roles': ['admin', 'manager', 'member', 'reader'], 'is_admin_project': True, 'service_user_id': None, 'service_user_domain_id': None, 'service_project_id': None, 'service_project_domain_id': None, 'service_roles': []} {{(pid=81565) fill_context /opt/stack/keystone/keystone/server/flask/request_processing/middleware/auth_context.py:509}}
Oct 31 14:06:19 ubuntu devstack@keystone.service[81565]: DEBUG keystone.server.flask.request_processing.req_logging [None req-134ad163-f5c5-4e83-97ff-5a7336933d4c None admin] REQUEST_METHOD: `GET` {{(pid=81565) log_request_info /opt/stack/keystone/keystone/server/flask/request_processing/req_logging.py:26}}
Oct 31 14:06:19 ubuntu devstack@keystone.service[81565]: DEBUG keystone.server.flask.request_processing.req_logging [None req-134ad163-f5c5-4e83-97ff-5a7336933d4c None admin] SCRIPT_NAME: `/identity` {{(pid=81565) log_request_info /opt/stack/keystone/keystone/server/flask/request_processing/req_logging.py:27}}
Oct 31 14:06:19 ubuntu devstack@keystone.service[81565]: DEBUG keystone.server.flask.request_processing.req_logging [None req-134ad163-f5c5-4e83-97ff-5a7336933d4c None admin] PATH_INFO: `/v3/roles/admin` {{(pid=81565) log_request_info /opt/stack/keystone/keystone/server/flask/request_processing/req_logging.py:28}}
Oct 31 14:06:19 ubuntu devstack@keystone.service[81565]: DEBUG keystone.common.rbac_enforcer.enforcer [None req-134ad163-f5c5-4e83-97ff-5a7336933d4c None admin] Extracting inferred target data resulted in "NOT FOUND (404)". {{(pid=81565) enforce_call /opt/stack/keystone/keystone/common/rbac_enforcer/enforcer.py:445}}
Oct 31 14:06:19 ubuntu devstack@keystone.service[81565]: DEBUG keystone.server.flask.application [None req-134ad163-f5c5-4e83-97ff-5a7336933d4c None admin] Could not find role: admin. {{(pid=81565) _handle_keystone_exception /opt/stack/keystone/keystone/server/flask/application.py:146}}
Oct 31 14:06:19 ubuntu devstack@keystone.service[81565]: [pid: 81565|app: 0|req: 8/14] 10.201.5.82 () {56 vars in 1132 bytes} [Fri Oct 31 14:06:19 2025] GET /identity/v3/roles/admin => generated 83 bytes in 94 msecs (HTTP/1.1 404) 5 headers in 183 bytes (1 switches on core 0)
Oct 31 14:06:19 ubuntu devstack@keystone.service[81566]: DEBUG keystone.server.flask.request_processing.middleware.auth_context [None req-1e6a117f-1ee3-4ccb-a898-635d50dc3d9b None None] Authenticating user token {{(pid=81566) process_request /opt/stack/data/venv/lib/python3.10/site-packages/keystonemiddleware/auth_token/__init__.py:407}}
Oct 31 14:06:19 ubuntu devstack@keystone.service[81566]: DEBUG keystone.server.flask.request_processing.middleware.auth_context [None req-1e6a117f-1ee3-4ccb-a898-635d50dc3d9b None None] Validating token access rules against request {{(pid=81566) validate_allowed_request /opt/stack/data/venv/lib/python3.10/site-packages/keystonemiddleware/auth_token/__init__.py:545}}
Oct 31 14:06:19 ubuntu devstack@keystone.service[81565]: DEBUG keystone.server.flask.request_processing.middleware.auth_context [None req-134ad163-f5c5-4e83-97ff-5a7336933d4c None admin] Authenticating user token {{(pid=81565) process_request /opt/stack/data/venv/lib/python3.10/site-packages/keystonemiddleware/auth_token/__init__.py:407}}
Oct 31 14:06:19 ubuntu devstack@keystone.service[81566]: DEBUG keystone.server.flask.request_processing.middleware.auth_context [None req-599845e9-5c1f-4f07-af03-15a64581d1e5 None admin] RBAC: auth_context: {'token': <TokenModel (audit_id=vO5xdRKGQtygY9O7qoZH5Q, audit_chain_id=['vO5xdRKGQtygY9O7qoZH5Q']) at 0x7f1abc66a860>, 'domain_id': None, 'trust_id': None, 'trustor_id': None, 'trustee_id': None, 'domain_name': None, 'group_ids': [], 'user_id': '84285e5199ef4f62b4c73966b5922c1e', 'user_domain_id': 'default', 'system_scope': 'all', 'project_id': None, 'project_domain_id': None, 'roles': ['admin', 'manager', 'member', 'reader'], 'is_admin_project': True, 'service_user_id': None, 'service_user_domain_id': None, 'service_project_id': None, 'service_project_domain_id': None, 'service_roles': []} {{(pid=81566) fill_context /opt/stack/keystone/keystone/server/flask/request_processing/middleware/auth_context.py:509}}
Oct 31 14:06:19 ubuntu devstack@keystone.service[81566]: DEBUG keystone.server.flask.request_processing.req_logging [None req-599845e9-5c1f-4f07-af03-15a64581d1e5 None admin] REQUEST_METHOD: `GET` {{(pid=81566) log_request_info /opt/stack/keystone/keystone/server/flask/request_processing/req_logging.py:26}}
Oct 31 14:06:19 ubuntu devstack@keystone.service[81566]: DEBUG keystone.server.flask.request_processing.req_logging [None req-599845e9-5c1f-4f07-af03-15a64581d1e5 None admin] SCRIPT_NAME: `/identity` {{(pid=81566) log_request_info /opt/stack/keystone/keystone/server/flask/request_processing/req_logging.py:27}}
Oct 31 14:06:19 ubuntu devstack@keystone.service[81566]: DEBUG keystone.server.flask.request_processing.req_logging [None req-599845e9-5c1f-4f07-af03-15a64581d1e5 None admin] PATH_INFO: `/v3/roles` {{(pid=81566) log_request_info /opt/stack/keystone/keystone/server/flask/request_processing/req_logging.py:28}}
Oct 31 14:06:19 ubuntu devstack@keystone.service[81566]: DEBUG keystone.common.rbac_enforcer.enforcer [None req-599845e9-5c1f-4f07-af03-15a64581d1e5 None admin] RBAC: Adding query filter params (name=admin) {{(pid=81566) _extract_filter_values /opt/stack/keystone/keystone/common/rbac_enforcer/enforcer.py:176}}
Oct 31 14:06:19 ubuntu devstack@keystone.service[81566]: DEBUG keystone.common.rbac_enforcer.enforcer [None req-599845e9-5c1f-4f07-af03-15a64581d1e5 None admin] RBAC: Authorizing `identity:list_roles()` {{(pid=81566) enforce_call /opt/stack/keystone/keystone/common/rbac_enforcer/enforcer.py:494}}
Oct 31 14:06:19 ubuntu devstack@keystone.service[81566]: DEBUG keystone.common.rbac_enforcer.enforcer [None req-599845e9-5c1f-4f07-af03-15a64581d1e5 None admin] RBAC: Authorization granted {{(pid=81566) enforce_call /opt/stack/keystone/keystone/common/rbac_enforcer/enforcer.py:505}}
Oct 31 14:06:19 ubuntu devstack@keystone.service[81566]: [pid: 81566|app: 0|req: 7/15] 10.201.5.82 () {56 vars in 1148 bytes} [Fri Oct 31 14:06:19 2025] GET /identity/v3/roles?name=admin => generated 339 bytes in 77 msecs (HTTP/1.1 200) 5 headers in 177 bytes (1 switches on core 0)
Oct 31 14:06:19 ubuntu devstack@keystone.service[81566]: DEBUG keystone.server.flask.request_processing.middleware.auth_context [None req-599845e9-5c1f-4f07-af03-15a64581d1e5 None admin] Authenticating user token {{(pid=81566) process_request /opt/stack/data/venv/lib/python3.10/site-packages/keystonemiddleware/auth_token/__init__.py:407}}
Oct 31 14:06:19 ubuntu devstack@keystone.service[81565]: DEBUG keystone.server.flask.request_processing.middleware.auth_context [None req-134ad163-f5c5-4e83-97ff-5a7336933d4c None admin] Validating token access rules against request {{(pid=81565) validate_allowed_request /opt/stack/data/venv/lib/python3.10/site-packages/keystonemiddleware/auth_token/__init__.py:545}}
Oct 31 14:06:19 ubuntu devstack@keystone.service[81566]: DEBUG keystone.server.flask.request_processing.middleware.auth_context [None req-599845e9-5c1f-4f07-af03-15a64581d1e5 None admin] Validating token access rules against request {{(pid=81566) validate_allowed_request /opt/stack/data/venv/lib/python3.10/site-packages/keystonemiddleware/auth_token/__init__.py:545}}
Oct 31 14:06:19 ubuntu devstack@keystone.service[81565]: DEBUG keystone.server.flask.request_processing.middleware.auth_context [None req-5a3dd99f-1d58-4c3e-9fd8-dad61bddb405 None admin] RBAC: auth_context: {'token': <TokenModel (audit_id=nLP1ENVZRG2lPBkplXGW1w, audit_chain_id=['nLP1ENVZRG2lPBkplXGW1w']) at 0x7f1abba96350>, 'domain_id': None, 'trust_id': None, 'trustor_id': None, 'trustee_id': None, 'domain_name': None, 'group_ids': [], 'user_id': '84285e5199ef4f62b4c73966b5922c1e', 'user_domain_id': 'default', 'system_scope': 'all', 'project_id': None, 'project_domain_id': None, 'roles': ['admin', 'manager', 'member', 'reader'], 'is_admin_project': True, 'service_user_id': None, 'service_user_domain_id': None, 'service_project_id': None, 'service_project_domain_id': None, 'service_roles': []} {{(pid=81565) fill_context /opt/stack/keystone/keystone/server/flask/request_processing/middleware/auth_context.py:509}}
Oct 31 14:06:19 ubuntu devstack@keystone.service[81565]: DEBUG keystone.server.flask.request_processing.req_logging [None req-5a3dd99f-1d58-4c3e-9fd8-dad61bddb405 None admin] REQUEST_METHOD: `POST` {{(pid=81565) log_request_info /opt/stack/keystone/keystone/server/flask/request_processing/req_logging.py:26}}
