Aug 07 01:04:59 ubuntu devstack@g-api.service[118047]: DEBUG glance.common.config [None req-32ec04ce-f639-4e1c-98d5-090fbbcb4950 None None] key_manager.fixed_key          = None {{(pid=118047) log_opt_values /opt/stack/data/venv/lib/python3.10/site-packages/oslo_config/cfg.py:2620}}
Aug 07 01:04:59 ubuntu devstack@g-api.service[118048]: DEBUG glance.common.config [None req-7a582192-b261-425e-ad4a-642ede5a39dc None None] ******************************************************************************** {{(pid=118048) log_opt_values /opt/stack/data/venv/lib/python3.10/site-packages/oslo_config/cfg.py:2624}}
Aug 07 01:04:59 ubuntu devstack@g-api.service[118047]: DEBUG glance.common.config [None req-32ec04ce-f639-4e1c-98d5-090fbbcb4950 None None] barbican.auth_endpoint         = http://localhost/identity/v3 {{(pid=118047) log_opt_values /opt/stack/data/venv/lib/python3.10/site-packages/oslo_config/cfg.py:2620}}
Aug 07 01:04:59 ubuntu devstack@g-api.service[118047]: DEBUG glance.common.config [None req-32ec04ce-f639-4e1c-98d5-090fbbcb4950 None None] barbican.barbican_api_version  = None {{(pid=118047) log_opt_values /opt/stack/data/venv/lib/python3.10/site-packages/oslo_config/cfg.py:2620}}
Aug 07 01:04:59 ubuntu devstack@g-api.service[118048]: WSGI app 0 (mountpoint='') ready in 3 seconds on interpreter 0x56189dfa3e00 pid: 118048 (default app)
Aug 07 01:04:59 ubuntu devstack@g-api.service[118047]: DEBUG glance.common.config [None req-32ec04ce-f639-4e1c-98d5-090fbbcb4950 None None] barbican.barbican_endpoint     = None {{(pid=118047) log_opt_values /opt/stack/data/venv/lib/python3.10/site-packages/oslo_config/cfg.py:2620}}
Aug 07 01:04:59 ubuntu devstack@g-api.service[118047]: DEBUG glance.common.config [None req-32ec04ce-f639-4e1c-98d5-090fbbcb4950 None None] barbican.barbican_endpoint_type = public {{(pid=118047) log_opt_values /opt/stack/data/venv/lib/python3.10/site-packages/oslo_config/cfg.py:2620}}
Aug 07 01:04:59 ubuntu devstack@g-api.service[118047]: DEBUG glance.common.config [None req-32ec04ce-f639-4e1c-98d5-090fbbcb4950 None None] barbican.barbican_region_name  = None {{(pid=118047) log_opt_values /opt/stack/data/venv/lib/python3.10/site-packages/oslo_config/cfg.py:2620}}
Aug 07 01:04:59 ubuntu devstack@g-api.service[118047]: DEBUG glance.common.config [None req-32ec04ce-f639-4e1c-98d5-090fbbcb4950 None None] barbican.cafile                = None {{(pid=118047) log_opt_values /opt/stack/data/venv/lib/python3.10/site-packages/oslo_config/cfg.py:2620}}
Aug 07 01:04:59 ubuntu devstack@g-api.service[118047]: DEBUG glance.common.config [None req-32ec04ce-f639-4e1c-98d5-090fbbcb4950 None None] barbican.certfile              = None {{(pid=118047) log_opt_values /opt/stack/data/venv/lib/python3.10/site-packages/oslo_config/cfg.py:2620}}
Aug 07 01:04:59 ubuntu devstack@g-api.service[118047]: DEBUG glance.common.config [None req-32ec04ce-f639-4e1c-98d5-090fbbcb4950 None None] barbican.collect_timing        = False {{(pid=118047) log_opt_values /opt/stack/data/venv/lib/python3.10/site-packages/oslo_config/cfg.py:2620}}
Aug 07 01:04:59 ubuntu devstack@g-api.service[118048]: DEBUG glance.api.middleware.version_negotiation [None req-7a582192-b261-425e-ad4a-642ede5a39dc None None] Determining version of request: GET / Accept: */* {{(pid=118048) process_request /opt/stack/glance/glance/api/middleware/version_negotiation.py:44}}
Aug 07 01:04:59 ubuntu devstack@g-api.service[118047]: DEBUG glance.common.config [None req-32ec04ce-f639-4e1c-98d5-090fbbcb4950 None None] barbican.insecure              = False {{(pid=118047) log_opt_values /opt/stack/data/venv/lib/python3.10/site-packages/oslo_config/cfg.py:2620}}
Aug 07 01:04:59 ubuntu devstack@g-api.service[118047]: DEBUG glance.common.config [None req-32ec04ce-f639-4e1c-98d5-090fbbcb4950 None None] barbican.keyfile               = None {{(pid=118047) log_opt_values /opt/stack/data/venv/lib/python3.10/site-packages/oslo_config/cfg.py:2620}}
Aug 07 01:04:59 ubuntu devstack@g-api.service[118047]: DEBUG glance.common.config [None req-32ec04ce-f639-4e1c-98d5-090fbbcb4950 None None] barbican.number_of_retries     = 60 {{(pid=118047) log_opt_values /opt/stack/data/venv/lib/python3.10/site-packages/oslo_config/cfg.py:2620}}
Aug 07 01:04:59 ubuntu devstack@g-api.service[118048]: DEBUG glance.api.middleware.version_negotiation [None req-7a582192-b261-425e-ad4a-642ede5a39dc None None] Using url versioning {{(pid=118048) process_request /opt/stack/glance/glance/api/middleware/version_negotiation.py:57}}
Aug 07 01:04:59 ubuntu devstack@g-api.service[118047]: DEBUG glance.common.config [None req-32ec04ce-f639-4e1c-98d5-090fbbcb4950 None None] barbican.retry_delay           = 1 {{(pid=118047) log_opt_values /opt/stack/data/venv/lib/python3.10/site-packages/oslo_config/cfg.py:2620}}
Aug 07 01:04:59 ubuntu devstack@g-api.service[118047]: DEBUG glance.common.config [None req-32ec04ce-f639-4e1c-98d5-090fbbcb4950 None None] barbican.send_service_user_token = False {{(pid=118047) log_opt_values /opt/stack/data/venv/lib/python3.10/site-packages/oslo_config/cfg.py:2620}}
Aug 07 01:04:59 ubuntu devstack@g-api.service[118047]: DEBUG glance.common.config [None req-32ec04ce-f639-4e1c-98d5-090fbbcb4950 None None] barbican.split_loggers         = False {{(pid=118047) log_opt_values /opt/stack/data/venv/lib/python3.10/site-packages/oslo_config/cfg.py:2620}}
Aug 07 01:04:59 ubuntu devstack@g-api.service[118048]: DEBUG glance.api.middleware.version_negotiation [None req-7a582192-b261-425e-ad4a-642ede5a39dc None None] Unknown version. Returning version choices. {{(pid=118048) process_request /opt/stack/glance/glance/api/middleware/version_negotiation.py:64}}
Aug 07 01:04:59 ubuntu devstack@g-api.service[118047]: DEBUG glance.common.config [None req-32ec04ce-f639-4e1c-98d5-090fbbcb4950 None None] barbican.timeout               = None {{(pid=118047) log_opt_values /opt/stack/data/venv/lib/python3.10/site-packages/oslo_config/cfg.py:2620}}
Aug 07 01:04:59 ubuntu devstack@g-api.service[118047]: DEBUG glance.common.config [None req-32ec04ce-f639-4e1c-98d5-090fbbcb4950 None None] barbican.verify_ssl            = True {{(pid=118047) log_opt_values /opt/stack/data/venv/lib/python3.10/site-packages/oslo_config/cfg.py:2620}}
Aug 07 01:04:59 ubuntu devstack@g-api.service[118047]: DEBUG glance.common.config [None req-32ec04ce-f639-4e1c-98d5-090fbbcb4950 None None] barbican.verify_ssl_path       = None {{(pid=118047) log_opt_values /opt/stack/data/venv/lib/python3.10/site-packages/oslo_config/cfg.py:2620}}
Aug 07 01:04:59 ubuntu devstack@g-api.service[118047]: DEBUG glance.common.config [None req-32ec04ce-f639-4e1c-98d5-090fbbcb4950 None None] barbican_service_user.auth_section = None {{(pid=118047) log_opt_values /opt/stack/data/venv/lib/python3.10/site-packages/oslo_config/cfg.py:2620}}
Aug 07 01:04:59 ubuntu devstack@g-api.service[118047]: DEBUG glance.common.config [None req-32ec04ce-f639-4e1c-98d5-090fbbcb4950 None None] barbican_service_user.auth_type = None {{(pid=118047) log_opt_values /opt/stack/data/venv/lib/python3.10/site-packages/oslo_config/cfg.py:2620}}
Aug 07 01:04:59 ubuntu devstack@g-api.service[118047]: DEBUG glance.common.config [None req-32ec04ce-f639-4e1c-98d5-090fbbcb4950 None None] barbican_service_user.cafile   = None {{(pid=118047) log_opt_values /opt/stack/data/venv/lib/python3.10/site-packages/oslo_config/cfg.py:2620}}
Aug 07 01:04:59 ubuntu devstack@g-api.service[118047]: DEBUG glance.common.config [None req-32ec04ce-f639-4e1c-98d5-090fbbcb4950 None None] barbican_service_user.certfile = None {{(pid=118047) log_opt_values /opt/stack/data/venv/lib/python3.10/site-packages/oslo_config/cfg.py:2620}}
Aug 07 01:04:59 ubuntu devstack@g-api.service[118047]: DEBUG glance.common.config [None req-32ec04ce-f639-4e1c-98d5-090fbbcb4950 None None] barbican_service_user.collect_timing = False {{(pid=118047) log_opt_values /opt/stack/data/venv/lib/python3.10/site-packages/oslo_config/cfg.py:2620}}
Aug 07 01:04:59 ubuntu devstack@g-api.service[118047]: DEBUG glance.common.config [None req-32ec04ce-f639-4e1c-98d5-090fbbcb4950 None None] barbican_service_user.insecure = False {{(pid=118047) log_opt_values /opt/stack/data/venv/lib/python3.10/site-packages/oslo_config/cfg.py:2620}}
Aug 07 01:04:59 ubuntu devstack@g-api.service[118048]: [pid: 118048|app: 0|req: 1/1] 127.0.0.1 () {32 vars in 386 bytes} [Wed Aug  7 01:04:59 2024] GET / => generated 1407 bytes in 2 msecs (HTTP/1.1 300) 3 headers in 106 bytes (1 switches on core 0)
Aug 07 01:04:59 ubuntu devstack@g-api.service[118047]: DEBUG glance.common.config [None req-32ec04ce-f639-4e1c-98d5-090fbbcb4950 None None] barbican_service_user.keyfile  = None {{(pid=118047) log_opt_values /opt/stack/data/venv/lib/python3.10/site-packages/oslo_config/cfg.py:2620}}
Aug 07 01:04:59 ubuntu devstack@g-api.service[118047]: DEBUG glance.common.config [None req-32ec04ce-f639-4e1c-98d5-090fbbcb4950 None None] barbican_service_user.split_loggers = False {{(pid=118047) log_opt_values /opt/stack/data/venv/lib/python3.10/site-packages/oslo_config/cfg.py:2620}}
Aug 07 01:04:59 ubuntu devstack@g-api.service[118047]: DEBUG glance.common.config [None req-32ec04ce-f639-4e1c-98d5-090fbbcb4950 None None] barbican_service_user.timeout  = None {{(pid=118047) log_opt_values /opt/stack/data/venv/lib/python3.10/site-packages/oslo_config/cfg.py:2620}}
Aug 07 01:04:59 ubuntu devstack@g-api.service[118047]: DEBUG glance.common.config [None req-32ec04ce-f639-4e1c-98d5-090fbbcb4950 None None] database.backend               = sqlalchemy {{(pid=118047) log_opt_values /opt/stack/data/venv/lib/python3.10/site-packages/oslo_config/cfg.py:2620}}
Aug 07 01:04:59 ubuntu devstack@g-api.service[118047]: DEBUG glance.common.config [None req-32ec04ce-f639-4e1c-98d5-090fbbcb4950 None None] database.connection            = **** {{(pid=118047) log_opt_values /opt/stack/data/venv/lib/python3.10/site-packages/oslo_config/cfg.py:2620}}
Aug 07 01:04:59 ubuntu devstack@g-api.service[118047]: DEBUG glance.common.config [None req-32ec04ce-f639-4e1c-98d5-090fbbcb4950 None None] database.connection_debug      = 0 {{(pid=118047) log_opt_values /opt/stack/data/venv/lib/python3.10/site-packages/oslo_config/cfg.py:2620}}
Aug 07 01:04:59 ubuntu devstack@g-api.service[118047]: DEBUG glance.common.config [None req-32ec04ce-f639-4e1c-98d5-090fbbcb4950 None None] database.connection_parameters =  {{(pid=118047) log_opt_values /opt/stack/data/venv/lib/python3.10/site-packages/oslo_config/cfg.py:2620}}
Aug 07 01:04:59 ubuntu devstack@g-api.service[118047]: DEBUG glance.common.config [None req-32ec04ce-f639-4e1c-98d5-090fbbcb4950 None None] database.connection_recycle_time = 3600 {{(pid=118047) log_opt_values /opt/stack/data/venv/lib/python3.10/site-packages/oslo_config/cfg.py:2620}}
Aug 07 01:04:59 ubuntu devstack@g-api.service[118047]: DEBUG glance.common.config [None req-32ec04ce-f639-4e1c-98d5-090fbbcb4950 None None] database.connection_trace      = False {{(pid=118047) log_opt_values /opt/stack/data/venv/lib/python3.10/site-packages/oslo_config/cfg.py:2620}}
Aug 07 01:04:59 ubuntu devstack@g-api.service[118047]: DEBUG glance.common.config [None req-32ec04ce-f639-4e1c-98d5-090fbbcb4950 None None] database.db_inc_retry_interval = True {{(pid=118047) log_opt_values /opt/stack/data/venv/lib/python3.10/site-packages/oslo_config/cfg.py:2620}}
Aug 07 01:04:59 ubuntu devstack@g-api.service[118047]: DEBUG glance.common.config [None req-32ec04ce-f639-4e1c-98d5-090fbbcb4950 None None] database.db_max_retries        = 20 {{(pid=118047) log_opt_values /opt/stack/data/venv/lib/python3.10/site-packages/oslo_config/cfg.py:2620}}
Aug 07 01:04:59 ubuntu devstack@g-api.service[118047]: DEBUG glance.common.config [None req-32ec04ce-f639-4e1c-98d5-090fbbcb4950 None None] database.db_max_retry_interval = 10 {{(pid=118047) log_opt_values /opt/stack/data/venv/lib/python3.10/site-packages/oslo_config/cfg.py:2620}}
Aug 07 01:04:59 ubuntu devstack@g-api.service[118047]: DEBUG glance.common.config [None req-32ec04ce-f639-4e1c-98d5-090fbbcb4950 None None] database.db_retry_interval     = 1 {{(pid=118047) log_opt_values /opt/stack/data/venv/lib/python3.10/site-packages/oslo_config/cfg.py:2620}}
Aug 07 01:04:59 ubuntu devstack@g-api.service[118047]: DEBUG glance.common.config [None req-32ec04ce-f639-4e1c-98d5-090fbbcb4950 None None] database.max_overflow          = 50 {{(pid=118047) log_opt_values /opt/stack/data/venv/lib/python3.10/site-packages/oslo_config/cfg.py:2620}}
Aug 07 01:04:59 ubuntu devstack@g-api.service[118047]: DEBUG glance.common.config [None req-32ec04ce-f639-4e1c-98d5-090fbbcb4950 None None] database.max_pool_size         = 5 {{(pid=118047) log_opt_values /opt/stack/data/venv/lib/python3.10/site-packages/oslo_config/cfg.py:2620}}
Aug 07 01:04:59 ubuntu devstack@g-api.service[118047]: DEBUG glance.common.config [None req-32ec04ce-f639-4e1c-98d5-090fbbcb4950 None None] database.max_retries           = 10 {{(pid=118047) log_opt_values /opt/stack/data/venv/lib/python3.10/site-packages/oslo_config/cfg.py:2620}}
Aug 07 01:04:59 ubuntu devstack@g-api.service[118047]: DEBUG glance.common.config [None req-32ec04ce-f639-4e1c-98d5-090fbbcb4950 None None] database.mysql_sql_mode        = TRADITIONAL {{(pid=118047) log_opt_values /opt/stack/data/venv/lib/python3.10/site-packages/oslo_config/cfg.py:2620}}
Aug 07 01:04:59 ubuntu devstack@g-api.service[118047]: DEBUG glance.common.config [None req-32ec04ce-f639-4e1c-98d5-090fbbcb4950 None None] database.mysql_wsrep_sync_wait = None {{(pid=118047) log_opt_values /opt/stack/data/venv/lib/python3.10/site-packages/oslo_config/cfg.py:2620}}
Aug 07 01:04:59 ubuntu devstack@g-api.service[118047]: DEBUG glance.common.config [None req-32ec04ce-f639-4e1c-98d5-090fbbcb4950 None None] database.pool_timeout          = None {{(pid=118047) log_opt_values /opt/stack/data/venv/lib/python3.10/site-packages/oslo_config/cfg.py:2620}}
Aug 07 01:04:59 ubuntu devstack@g-api.service[118047]: DEBUG glance.common.config [None req-32ec04ce-f639-4e1c-98d5-090fbbcb4950 None None] database.retry_interval        = 10 {{(pid=118047) log_opt_values /opt/stack/data/venv/lib/python3.10/site-packages/oslo_config/cfg.py:2620}}
Aug 07 01:04:59 ubuntu devstack@g-api.service[118047]: DEBUG glance.common.config [None req-32ec04ce-f639-4e1c-98d5-090fbbcb4950 None None] database.slave_connection      = **** {{(pid=118047) log_opt_values /opt/stack/data/venv/lib/python3.10/site-packages/oslo_config/cfg.py:2620}}
Aug 07 01:04:59 ubuntu devstack@g-api.service[118047]: DEBUG glance.common.config [None req-32ec04ce-f639-4e1c-98d5-090fbbcb4950 None None] database.sqlite_synchronous    = True {{(pid=118047) log_opt_values /opt/stack/data/venv/lib/python3.10/site-packages/oslo_config/cfg.py:2620}}
Aug 07 01:04:59 ubuntu devstack@g-api.service[118047]: DEBUG glance.common.config [None req-32ec04ce-f639-4e1c-98d5-090fbbcb4950 None None] database.use_db_reconnect      = False {{(pid=118047) log_opt_values /opt/stack/data/venv/lib/python3.10/site-packages/oslo_config/cfg.py:2620}}
Aug 07 01:04:59 ubuntu devstack@g-api.service[118047]: DEBUG glance.common.config [None req-32ec04ce-f639-4e1c-98d5-090fbbcb4950 None None] healthcheck.allowed_source_ranges = [] {{(pid=118047) log_opt_values /opt/stack/data/venv/lib/python3.10/site-packages/oslo_config/cfg.py:2620}}
Aug 07 01:04:59 ubuntu devstack@g-api.service[118047]: DEBUG glance.common.config [None req-32ec04ce-f639-4e1c-98d5-090fbbcb4950 None None] healthcheck.backends           = ['disable_by_file'] {{(pid=118047) log_opt_values /opt/stack/data/venv/lib/python3.10/site-packages/oslo_config/cfg.py:2620}}
Aug 07 01:04:59 ubuntu devstack@g-api.service[118047]: DEBUG glance.common.config [None req-32ec04ce-f639-4e1c-98d5-090fbbcb4950 None None] healthcheck.detailed           = False {{(pid=118047) log_opt_values /opt/stack/data/venv/lib/python3.10/site-packages/oslo_config/cfg.py:2620}}
Aug 07 01:04:59 ubuntu devstack@g-api.service[118047]: DEBUG glance.common.config [None req-32ec04ce-f639-4e1c-98d5-090fbbcb4950 None None] healthcheck.disable_by_file_path = None {{(pid=118047) log_opt_values /opt/stack/data/venv/lib/python3.10/site-packages/oslo_config/cfg.py:2620}}
Aug 07 01:04:59 ubuntu devstack@g-api.service[118047]: DEBUG glance.common.config [None req-32ec04ce-f639-4e1c-98d5-090fbbcb4950 None None] healthcheck.ignore_proxied_requests = False {{(pid=118047) log_opt_values /opt/stack/data/venv/lib/python3.10/site-packages/oslo_config/cfg.py:2620}}
Aug 07 01:04:59 ubuntu devstack@g-api.service[118047]: DEBUG glance.common.config [None req-32ec04ce-f639-4e1c-98d5-090fbbcb4950 None None] healthcheck.path               = /healthcheck {{(pid=118047) log_opt_values /opt/stack/data/venv/lib/python3.10/site-packages/oslo_config/cfg.py:2620}}
Aug 07 01:04:59 ubuntu devstack@g-api.service[118047]: DEBUG glance.common.config [None req-32ec04ce-f639-4e1c-98d5-090fbbcb4950 None None] ******************************************************************************** {{(pid=118047) log_opt_values /opt/stack/data/venv/lib/python3.10/site-packages/oslo_config/cfg.py:2624}}
Aug 07 01:04:59 ubuntu devstack@g-api.service[118047]: WSGI app 0 (mountpoint='') ready in 3 seconds on interpreter 0x56189dfa3e00 pid: 118047 (default app)
Aug 07 01:05:04 ubuntu devstack@g-api.service[118048]: DEBUG glance.api.middleware.version_negotiation [None req-7a582192-b261-425e-ad4a-642ede5a39dc None None] Determining version of request: GET / Accept: application/json {{(pid=118048) process_request /opt/stack/glance/glance/api/middleware/version_negotiation.py:44}}
Aug 07 01:05:04 ubuntu devstack@g-api.service[118048]: DEBUG glance.api.middleware.version_negotiation [None req-7a582192-b261-425e-ad4a-642ede5a39dc None None] Using url versioning {{(pid=118048) process_request /opt/stack/glance/glance/api/middleware/version_negotiation.py:57}}
Aug 07 01:05:04 ubuntu devstack@g-api.service[118048]: DEBUG glance.api.middleware.version_negotiation [None req-7a582192-b261-425e-ad4a-642ede5a39dc None None] Unknown version. Returning version choices. {{(pid=118048) process_request /opt/stack/glance/glance/api/middleware/version_negotiation.py:64}}
Aug 07 01:05:04 ubuntu devstack@g-api.service[118048]: [pid: 118048|app: 0|req: 2/2] 127.0.0.1 () {34 vars in 502 bytes} [Wed Aug  7 01:05:04 2024] GET / => generated 1407 bytes in 2 msecs (HTTP/1.1 300) 3 headers in 106 bytes (1 switches on core 0)
Aug 07 01:05:05 ubuntu devstack@g-api.service[118047]: DEBUG glance.api.middleware.version_negotiation [None req-32ec04ce-f639-4e1c-98d5-090fbbcb4950 None None] Determining version of request: POST /v2/images Accept: */* {{(pid=118047) process_request /opt/stack/glance/glance/api/middleware/version_negotiation.py:44}}
Aug 07 01:05:05 ubuntu devstack@g-api.service[118047]: DEBUG glance.api.middleware.version_negotiation [None req-32ec04ce-f639-4e1c-98d5-090fbbcb4950 None None] Using url versioning {{(pid=118047) process_request /opt/stack/glance/glance/api/middleware/version_negotiation.py:57}}
Aug 07 01:05:05 ubuntu devstack@g-api.service[118047]: DEBUG glance.api.middleware.version_negotiation [None req-32ec04ce-f639-4e1c-98d5-090fbbcb4950 None None] Matched version: v2 {{(pid=118047) process_request /opt/stack/glance/glance/api/middleware/version_negotiation.py:69}}
Aug 07 01:05:05 ubuntu devstack@g-api.service[118047]: DEBUG glance.api.middleware.version_negotiation [None req-32ec04ce-f639-4e1c-98d5-090fbbcb4950 None None] new path /v2/images {{(pid=118047) process_request /opt/stack/glance/glance/api/middleware/version_negotiation.py:70}}
Aug 07 01:05:05 ubuntu devstack@g-api.service[118047]: [pid: 118047|app: 0|req: 1/3] 127.0.0.1 () {40 vars in 765 bytes} [Wed Aug  7 01:05:05 2024] POST /v2/images => generated 807 bytes in 986 msecs (HTTP/1.1 201) 6 headers in 314 bytes (1 switches on core 0)
Aug 07 01:05:06 ubuntu devstack@g-api.service[118048]: DEBUG glance.api.middleware.version_negotiation [None req-7a582192-b261-425e-ad4a-642ede5a39dc None None] Determining version of request: PUT /v2/images/f057cbc9-9134-4fdf-a26c-86af6d2c4d15/file Accept:  {{(pid=118048) process_request /opt/stack/glance/glance/api/middleware/version_negotiation.py:44}}
Aug 07 01:05:06 ubuntu devstack@g-api.service[118048]: DEBUG glance.api.middleware.version_negotiation [None req-7a582192-b261-425e-ad4a-642ede5a39dc None None] Using url versioning {{(pid=118048) process_request /opt/stack/glance/glance/api/middleware/version_negotiation.py:57}}
Aug 07 01:05:06 ubuntu devstack@g-api.service[118048]: DEBUG glance.api.middleware.version_negotiation [None req-7a582192-b261-425e-ad4a-642ede5a39dc None None] Matched version: v2 {{(pid=118048) process_request /opt/stack/glance/glance/api/middleware/version_negotiation.py:69}}
Aug 07 01:05:06 ubuntu devstack@g-api.service[118048]: DEBUG glance.api.middleware.version_negotiation [None req-7a582192-b261-425e-ad4a-642ede5a39dc None None] new path /v2/images/f057cbc9-9134-4fdf-a26c-86af6d2c4d15/file {{(pid=118048) process_request /opt/stack/glance/glance/api/middleware/version_negotiation.py:70}}
Aug 07 01:05:06 ubuntu devstack@g-api.service[118048]: INFO glance.api.v2.image_data [None req-aeb8965f-25c7-4644-a63a-ebe6c72c385f admin admin] Unable to create trust: no such option collect_timing in group [keystone_authtoken] Use the existing user token.
Aug 07 01:05:07 ubuntu devstack@g-api.service[118048]: DEBUG glance.location [None req-aeb8965f-25c7-4644-a63a-ebe6c72c385f admin admin] Enabling in-flight format inspection for qcow2 {{(pid=118048) set_data /opt/stack/glance/glance/location.py:592}}
Aug 07 01:05:07 ubuntu devstack@g-api.service[118048]: DEBUG glance_store.backend [None req-aeb8965f-25c7-4644-a63a-ebe6c72c385f admin admin] Attempting to import store swift {{(pid=118048) _load_store /opt/stack/data/venv/lib/python3.10/site-packages/glance_store/backend.py:216}}
Aug 07 01:05:07 ubuntu devstack@g-api.service[118048]: DEBUG glance_store.capabilities [None req-aeb8965f-25c7-4644-a63a-ebe6c72c385f admin admin] Store glance_store._drivers.swift.store.SingleTenantStore doesn't support updating dynamic storage capabilities. Please overwrite 'update_capabilities' method of the store to implement updating logics if needed. {{(pid=118048) update_capabilities /opt/stack/data/venv/lib/python3.10/site-packages/glance_store/capabilities.py:91}}
Aug 07 01:05:07 ubuntu devstack@g-api.service[118048]: DEBUG glance_store.driver [None req-aeb8965f-25c7-4644-a63a-ebe6c72c385f admin admin] Late loading location class glance_store._drivers.swift.store.StoreLocation {{(pid=118048) get_store_location_class /opt/stack/data/venv/lib/python3.10/site-packages/glance_store/driver.py:133}}
Aug 07 01:05:07 ubuntu devstack@g-api.service[118048]: DEBUG glance_store.location [None req-aeb8965f-25c7-4644-a63a-ebe6c72c385f admin admin] Registering scheme swift+https with {'store': <glance_store._drivers.swift.store.SingleTenantStore object at 0x7f50f305ee90>, 'location_class': <class 'glance_store._drivers.swift.store.StoreLocation'>, 'store_entry': 'swift'} {{(pid=118048) register_scheme_map /opt/stack/data/venv/lib/python3.10/site-packages/glance_store/location.py:146}}
Aug 07 01:05:07 ubuntu devstack@g-api.service[118048]: DEBUG glance_store.location [None req-aeb8965f-25c7-4644-a63a-ebe6c72c385f admin admin] Registering scheme swift+https with {'store': <glance_store._drivers.swift.store.SingleTenantStore object at 0x7f50f305ee90>, 'location_class': <class 'glance_store._drivers.swift.store.StoreLocation'>, 'store_entry': 'swift'} {{(pid=118048) register_scheme_map /opt/stack/data/venv/lib/python3.10/site-packages/glance_store/location.py:146}}
Aug 07 01:05:07 ubuntu devstack@g-api.service[118048]: DEBUG glance_store.location [None req-aeb8965f-25c7-4644-a63a-ebe6c72c385f admin admin] Registering scheme swift with {'store': <glance_store._drivers.swift.store.SingleTenantStore object at 0x7f50f305ee90>, 'location_class': <class 'glance_store._drivers.swift.store.StoreLocation'>, 'store_entry': 'swift'} {{(pid=118048) register_scheme_map /opt/stack/data/venv/lib/python3.10/site-packages/glance_store/location.py:146}}
Aug 07 01:05:07 ubuntu devstack@g-api.service[118048]: DEBUG glance_store.location [None req-aeb8965f-25c7-4644-a63a-ebe6c72c385f admin admin] Registering scheme swift+https with {'store': <glance_store._drivers.swift.store.SingleTenantStore object at 0x7f50f305ee90>, 'location_class': <class 'glance_store._drivers.swift.store.StoreLocation'>, 'store_entry': 'swift'} {{(pid=118048) register_scheme_map /opt/stack/data/venv/lib/python3.10/site-packages/glance_store/location.py:146}}
Aug 07 01:05:07 ubuntu devstack@g-api.service[118048]: DEBUG glance_store.location [None req-aeb8965f-25c7-4644-a63a-ebe6c72c385f admin admin] Registering scheme swift with {'store': <glance_store._drivers.swift.store.SingleTenantStore object at 0x7f50f305ee90>, 'location_class': <class 'glance_store._drivers.swift.store.StoreLocation'>, 'store_entry': 'swift'} {{(pid=118048) register_scheme_map /opt/stack/data/venv/lib/python3.10/site-packages/glance_store/location.py:146}}
Aug 07 01:05:07 ubuntu devstack@g-api.service[118048]: DEBUG glance_store.location [None req-aeb8965f-25c7-4644-a63a-ebe6c72c385f admin admin] Registering scheme swift+http with {'store': <glance_store._drivers.swift.store.SingleTenantStore object at 0x7f50f305ee90>, 'location_class': <class 'glance_store._drivers.swift.store.StoreLocation'>, 'store_entry': 'swift'} {{(pid=118048) register_scheme_map /opt/stack/data/venv/lib/python3.10/site-packages/glance_store/location.py:146}}
Aug 07 01:05:07 ubuntu devstack@g-api.service[118048]: DEBUG glance_store.location [None req-aeb8965f-25c7-4644-a63a-ebe6c72c385f admin admin] Registering scheme swift+https with {'store': <glance_store._drivers.swift.store.SingleTenantStore object at 0x7f50f305ee90>, 'location_class': <class 'glance_store._drivers.swift.store.StoreLocation'>, 'store_entry': 'swift'} {{(pid=118048) register_scheme_map /opt/stack/data/venv/lib/python3.10/site-packages/glance_store/location.py:146}}
Aug 07 01:05:07 ubuntu devstack@g-api.service[118048]: DEBUG glance_store.location [None req-aeb8965f-25c7-4644-a63a-ebe6c72c385f admin admin] Registering scheme swift with {'store': <glance_store._drivers.swift.store.SingleTenantStore object at 0x7f50f305ee90>, 'location_class': <class 'glance_store._drivers.swift.store.StoreLocation'>, 'store_entry': 'swift'} {{(pid=118048) register_scheme_map /opt/stack/data/venv/lib/python3.10/site-packages/glance_store/location.py:146}}
Aug 07 01:05:07 ubuntu devstack@g-api.service[118048]: DEBUG glance_store.location [None req-aeb8965f-25c7-4644-a63a-ebe6c72c385f admin admin] Registering scheme swift+http with {'store': <glance_store._drivers.swift.store.SingleTenantStore object at 0x7f50f305ee90>, 'location_class': <class 'glance_store._drivers.swift.store.StoreLocation'>, 'store_entry': 'swift'} {{(pid=118048) register_scheme_map /opt/stack/data/venv/lib/python3.10/site-packages/glance_store/location.py:146}}
Aug 07 01:05:07 ubuntu devstack@g-api.service[118048]: DEBUG glance_store.location [None req-aeb8965f-25c7-4644-a63a-ebe6c72c385f admin admin] Registering scheme swift+config with {'store': <glance_store._drivers.swift.store.SingleTenantStore object at 0x7f50f305ee90>, 'location_class': <class 'glance_store._drivers.swift.store.StoreLocation'>, 'store_entry': 'swift'} {{(pid=118048) register_scheme_map /opt/stack/data/venv/lib/python3.10/site-packages/glance_store/location.py:146}}
Aug 07 01:05:07 ubuntu devstack@g-api.service[118048]: INFO swiftclient [None req-aeb8965f-25c7-4644-a63a-ebe6c72c385f admin admin] REQ: curl -i http://10.201.5.82:8080/v1/AUTH_3185fa94563545bcbd55f24bb0aaba77/glance -I -H "X-Auth-Token: gAAAAABmsshDZvD6..."
Aug 07 01:05:07 ubuntu devstack@g-api.service[118048]: INFO swiftclient [None req-aeb8965f-25c7-4644-a63a-ebe6c72c385f admin admin] RESP STATUS: 404 Not Found
Aug 07 01:05:07 ubuntu devstack@g-api.service[118048]: INFO swiftclient [None req-aeb8965f-25c7-4644-a63a-ebe6c72c385f admin admin] RESP HEADERS: {'Content-Type': 'text/html; charset=UTF-8', 'Content-Length': '0', 'X-Container-Sharding': 'False', 'X-Trans-Id': 'txbc0e9ebd36564a1ab0317-0066b2c843', 'X-Openstack-Request-Id': 'txbc0e9ebd36564a1ab0317-0066b2c843', 'Date': 'Wed, 07 Aug 2024 01:05:07 GMT'}
Aug 07 01:05:07 ubuntu devstack@g-api.service[118048]: INFO glance_store._drivers.swift.store [None req-aeb8965f-25c7-4644-a63a-ebe6c72c385f admin admin] Creating swift container glance
Aug 07 01:05:07 ubuntu devstack@g-api.service[118048]: DEBUG swiftclient [None req-aeb8965f-25c7-4644-a63a-ebe6c72c385f admin admin] REQ: curl -i http://10.201.5.82:8080/v1/AUTH_3185fa94563545bcbd55f24bb0aaba77/glance -X PUT -H "X-Auth-Token: gAAAAABmsshDZvD6..." -H "Content-Length: 0" {{(pid=118048) http_log /opt/stack/data/venv/lib/python3.10/site-packages/swiftclient/client.py:160}}
Aug 07 01:05:07 ubuntu devstack@g-api.service[118048]: DEBUG swiftclient [None req-aeb8965f-25c7-4644-a63a-ebe6c72c385f admin admin] RESP STATUS: 201 Created {{(pid=118048) http_log /opt/stack/data/venv/lib/python3.10/site-packages/swiftclient/client.py:161}}
Aug 07 01:05:07 ubuntu devstack@g-api.service[118048]: DEBUG swiftclient [None req-aeb8965f-25c7-4644-a63a-ebe6c72c385f admin admin] RESP HEADERS: {'Content-Type': 'text/html; charset=UTF-8', 'Content-Length': '0', 'X-Trans-Id': 'tx4d669b2f2e5d456ca7a3c-0066b2c843', 'X-Openstack-Request-Id': 'tx4d669b2f2e5d456ca7a3c-0066b2c843', 'Date': 'Wed, 07 Aug 2024 01:05:07 GMT'} {{(pid=118048) http_log /opt/stack/data/venv/lib/python3.10/site-packages/swiftclient/client.py:162}}
Aug 07 01:05:07 ubuntu devstack@g-api.service[118048]: DEBUG glance_store._drivers.swift.store [None req-aeb8965f-25c7-4644-a63a-ebe6c72c385f admin admin] Adding image object 'f057cbc9-9134-4fdf-a26c-86af6d2c4d15' to Swift {{(pid=118048) add /opt/stack/data/venv/lib/python3.10/site-packages/glance_store/_drivers/swift/store.py:941}}
Aug 07 01:05:07 ubuntu devstack@g-api.service[118048]: DEBUG swiftclient [None req-aeb8965f-25c7-4644-a63a-ebe6c72c385f admin admin] REQ: curl -i http://10.201.5.82:8080/v1/AUTH_3185fa94563545bcbd55f24bb0aaba77/glance/f057cbc9-9134-4fdf-a26c-86af6d2c4d15 -X PUT -H "X-Auth-Token: gAAAAABmsshDZvD6..." -H "Content-Length: 21430272" {{(pid=118048) http_log /opt/stack/data/venv/lib/python3.10/site-packages/swiftclient/client.py:160}}
Aug 07 01:05:07 ubuntu devstack@g-api.service[118048]: DEBUG swiftclient [None req-aeb8965f-25c7-4644-a63a-ebe6c72c385f admin admin] RESP STATUS: 201 Created {{(pid=118048) http_log /opt/stack/data/venv/lib/python3.10/site-packages/swiftclient/client.py:161}}
Aug 07 01:05:07 ubuntu devstack@g-api.service[118048]: DEBUG swiftclient [None req-aeb8965f-25c7-4644-a63a-ebe6c72c385f admin admin] RESP HEADERS: {'Content-Type': 'text/html; charset=UTF-8', 'Content-Length': '0', 'Etag': 'c8fc807773e5354afe61636071771906', 'Last-Modified': 'Wed, 07 Aug 2024 01:05:08 GMT', 'X-Trans-Id': 'tx456c3b7e18084b50a44c1-0066b2c843', 'X-Openstack-Request-Id': 'tx456c3b7e18084b50a44c1-0066b2c843', 'Date': 'Wed, 07 Aug 2024 01:05:07 GMT'} {{(pid=118048) http_log /opt/stack/data/venv/lib/python3.10/site-packages/swiftclient/client.py:162}}
Aug 07 01:05:07 ubuntu devstack@g-api.service[118048]: INFO glance.location [None req-aeb8965f-25c7-4644-a63a-ebe6c72c385f admin admin] Image format matched and virtual size computed: 117440512
Aug 07 01:05:07 ubuntu devstack@g-api.service[118048]: DEBUG glance_store.backend [None req-aeb8965f-25c7-4644-a63a-ebe6c72c385f admin admin] Attempting to import store swift {{(pid=118048) _load_store /opt/stack/data/venv/lib/python3.10/site-packages/glance_store/backend.py:216}}
Aug 07 01:05:07 ubuntu devstack@g-api.service[118048]: DEBUG glance_store.capabilities [None req-aeb8965f-25c7-4644-a63a-ebe6c72c385f admin admin] Store glance_store._drivers.swift.store.SingleTenantStore doesn't support updating dynamic storage capabilities. Please overwrite 'update_capabilities' method of the store to implement updating logics if needed. {{(pid=118048) update_capabilities /opt/stack/data/venv/lib/python3.10/site-packages/glance_store/capabilities.py:91}}
Aug 07 01:05:07 ubuntu devstack@g-api.service[118048]: DEBUG glance_store.driver [None req-aeb8965f-25c7-4644-a63a-ebe6c72c385f admin admin] Late loading location class glance_store._drivers.swift.store.StoreLocation {{(pid=118048) get_store_location_class /opt/stack/data/venv/lib/python3.10/site-packages/glance_store/driver.py:133}}
Aug 07 01:05:07 ubuntu devstack@g-api.service[118048]: DEBUG glance_store.location [None req-aeb8965f-25c7-4644-a63a-ebe6c72c385f admin admin] Registering scheme swift+https with {'store': <glance_store._drivers.swift.store.SingleTenantStore object at 0x7f50f3e297b0>, 'location_class': <class 'glance_store._drivers.swift.store.StoreLocation'>, 'store_entry': 'swift'} {{(pid=118048) register_scheme_map /opt/stack/data/venv/lib/python3.10/site-packages/glance_store/location.py:146}}
Aug 07 01:05:07 ubuntu devstack@g-api.service[118048]: DEBUG glance_store.location [None req-aeb8965f-25c7-4644-a63a-ebe6c72c385f admin admin] Registering scheme swift+https with {'store': <glance_store._drivers.swift.store.SingleTenantStore object at 0x7f50f3e297b0>, 'location_class': <class 'glance_store._drivers.swift.store.StoreLocation'>, 'store_entry': 'swift'} {{(pid=118048) register_scheme_map /opt/stack/data/venv/lib/python3.10/site-packages/glance_store/location.py:146}}
Aug 07 01:05:07 ubuntu devstack@g-api.service[118048]: DEBUG glance_store.location [None req-aeb8965f-25c7-4644-a63a-ebe6c72c385f admin admin] Registering scheme swift with {'store': <glance_store._drivers.swift.store.SingleTenantStore object at 0x7f50f3e297b0>, 'location_class': <class 'glance_store._drivers.swift.store.StoreLocation'>, 'store_entry': 'swift'} {{(pid=118048) register_scheme_map /opt/stack/data/venv/lib/python3.10/site-packages/glance_store/location.py:146}}
Aug 07 01:05:07 ubuntu devstack@g-api.service[118048]: DEBUG glance_store.location [None req-aeb8965f-25c7-4644-a63a-ebe6c72c385f admin admin] Registering scheme swift+https with {'store': <glance_store._drivers.swift.store.SingleTenantStore object at 0x7f50f3e297b0>, 'location_class': <class 'glance_store._drivers.swift.store.StoreLocation'>, 'store_entry': 'swift'} {{(pid=118048) register_scheme_map /opt/stack/data/venv/lib/python3.10/site-packages/glance_store/location.py:146}}
Aug 07 01:05:07 ubuntu devstack@g-api.service[118048]: DEBUG glance_store.location [None req-aeb8965f-25c7-4644-a63a-ebe6c72c385f admin admin] Registering scheme swift with {'store': <glance_store._drivers.swift.store.SingleTenantStore object at 0x7f50f3e297b0>, 'location_class': <class 'glance_store._drivers.swift.store.StoreLocation'>, 'store_entry': 'swift'} {{(pid=118048) register_scheme_map /opt/stack/data/venv/lib/python3.10/site-packages/glance_store/location.py:146}}
Aug 07 01:05:07 ubuntu devstack@g-api.service[118048]: DEBUG glance_store.location [None req-aeb8965f-25c7-4644-a63a-ebe6c72c385f admin admin] Registering scheme swift+http with {'store': <glance_store._drivers.swift.store.SingleTenantStore object at 0x7f50f3e297b0>, 'location_class': <class 'glance_store._drivers.swift.store.StoreLocation'>, 'store_entry': 'swift'} {{(pid=118048) register_scheme_map /opt/stack/data/venv/lib/python3.10/site-packages/glance_store/location.py:146}}
Aug 07 01:05:07 ubuntu devstack@g-api.service[118048]: DEBUG glance_store.location [None req-aeb8965f-25c7-4644-a63a-ebe6c72c385f admin admin] Registering scheme swift+https with {'store': <glance_store._drivers.swift.store.SingleTenantStore object at 0x7f50f3e297b0>, 'location_class': <class 'glance_store._drivers.swift.store.StoreLocation'>, 'store_entry': 'swift'} {{(pid=118048) register_scheme_map /opt/stack/data/venv/lib/python3.10/site-packages/glance_store/location.py:146}}
Aug 07 01:05:07 ubuntu devstack@g-api.service[118048]: DEBUG glance_store.location [None req-aeb8965f-25c7-4644-a63a-ebe6c72c385f admin admin] Registering scheme swift with {'store': <glance_store._drivers.swift.store.SingleTenantStore object at 0x7f50f3e297b0>, 'location_class': <class 'glance_store._drivers.swift.store.StoreLocation'>, 'store_entry': 'swift'} {{(pid=118048) register_scheme_map /opt/stack/data/venv/lib/python3.10/site-packages/glance_store/location.py:146}}
Aug 07 01:05:07 ubuntu devstack@g-api.service[118048]: DEBUG glance_store.location [None req-aeb8965f-25c7-4644-a63a-ebe6c72c385f admin admin] Registering scheme swift+http with {'store': <glance_store._drivers.swift.store.SingleTenantStore object at 0x7f50f3e297b0>, 'location_class': <class 'glance_store._drivers.swift.store.StoreLocation'>, 'store_entry': 'swift'} {{(pid=118048) register_scheme_map /opt/stack/data/venv/lib/python3.10/site-packages/glance_store/location.py:146}}
Aug 07 01:05:07 ubuntu devstack@g-api.service[118048]: DEBUG glance_store.location [None req-aeb8965f-25c7-4644-a63a-ebe6c72c385f admin admin] Registering scheme swift+config with {'store': <glance_store._drivers.swift.store.SingleTenantStore object at 0x7f50f3e297b0>, 'location_class': <class 'glance_store._drivers.swift.store.StoreLocation'>, 'store_entry': 'swift'} {{(pid=118048) register_scheme_map /opt/stack/data/venv/lib/python3.10/site-packages/glance_store/location.py:146}}
Aug 07 01:05:07 ubuntu devstack@g-api.service[118048]: DEBUG glance_store.backend [None req-aeb8965f-25c7-4644-a63a-ebe6c72c385f admin admin] Skipping store.set_acls... not implemented. {{(pid=118048) set_acls /opt/stack/data/venv/lib/python3.10/site-packages/glance_store/backend.py:508}}
Aug 07 01:05:07 ubuntu devstack@g-api.service[118048]: [pid: 118048|app: 0|req: 3/4] 127.0.0.1 () {40 vars in 858 bytes} [Wed Aug  7 01:05:06 2024] PUT /v2/images/f057cbc9-9134-4fdf-a26c-86af6d2c4d15/file => generated 0 bytes in 1889 msecs (HTTP/1.1 204) 4 headers in 171 bytes (1 switches on core 0)
Aug 07 01:05:15 ubuntu devstack@g-api.service[118047]: DEBUG dbcounter [-] [118047] Writing DB stats glance:INSERT=9,glance:SELECT=5 {{(pid=118047) stat_writer /opt/stack/data/venv/lib/python3.10/site-packages/dbcounter.py:115}}
Aug 07 01:05:17 ubuntu devstack@g-api.service[118048]: DEBUG dbcounter [-] [118048] Writing DB stats glance:INSERT=5,glance:SELECT=18,glance:UPDATE=2 {{(pid=118048) stat_writer /opt/stack/data/venv/lib/python3.10/site-packages/dbcounter.py:115}}
Aug 07 01:05:44 ubuntu devstack@g-api.service[118047]: DEBUG glance.api.middleware.version_negotiation [None req-8e10c516-5785-4018-84bf-79001b7fe9ff admin admin] Determining version of request: GET / Accept: application/json {{(pid=118047) process_request /opt/stack/glance/glance/api/middleware/version_negotiation.py:44}}
Aug 07 01:05:44 ubuntu devstack@g-api.service[118047]: DEBUG glance.api.middleware.version_negotiation [None req-8e10c516-5785-4018-84bf-79001b7fe9ff admin admin] Using url versioning {{(pid=118047) process_request /opt/stack/glance/glance/api/middleware/version_negotiation.py:57}}
Aug 07 01:05:44 ubuntu devstack@g-api.service[118047]: DEBUG glance.api.middleware.version_negotiation [None req-8e10c516-5785-4018-84bf-79001b7fe9ff admin admin] Unknown version. Returning version choices. {{(pid=118047) process_request /opt/stack/glance/glance/api/middleware/version_negotiation.py:64}}
Aug 07 01:05:44 ubuntu devstack@g-api.service[118047]: [pid: 118047|app: 0|req: 2/5] 127.0.0.1 () {34 vars in 502 bytes} [Wed Aug  7 01:05:44 2024] GET / => generated 1407 bytes in 2 msecs (HTTP/1.1 300) 3 headers in 106 bytes (1 switches on core 0)
Aug 07 01:05:44 ubuntu devstack@g-api.service[118048]: DEBUG glance.api.middleware.version_negotiation [None req-aeb8965f-25c7-4644-a63a-ebe6c72c385f admin admin] Determining version of request: GET /v2/images Accept: application/json {{(pid=118048) process_request /opt/stack/glance/glance/api/middleware/version_negotiation.py:44}}
Aug 07 01:05:44 ubuntu devstack@g-api.service[118048]: DEBUG glance.api.middleware.version_negotiation [None req-aeb8965f-25c7-4644-a63a-ebe6c72c385f admin admin] Using url versioning {{(pid=118048) process_request /opt/stack/glance/glance/api/middleware/version_negotiation.py:57}}
Aug 07 01:05:44 ubuntu devstack@g-api.service[118048]: DEBUG glance.api.middleware.version_negotiation [None req-aeb8965f-25c7-4644-a63a-ebe6c72c385f admin admin] Matched version: v2 {{(pid=118048) process_request /opt/stack/glance/glance/api/middleware/version_negotiation.py:69}}
Aug 07 01:05:44 ubuntu devstack@g-api.service[118048]: DEBUG glance.api.middleware.version_negotiation [None req-aeb8965f-25c7-4644-a63a-ebe6c72c385f admin admin] new path /v2/images {{(pid=118048) process_request /opt/stack/glance/glance/api/middleware/version_negotiation.py:70}}
Aug 07 01:05:44 ubuntu devstack@g-api.service[118048]: [pid: 118048|app: 0|req: 4/6] 127.0.0.1 () {36 vars in 724 bytes} [Wed Aug  7 01:05:44 2024] GET /v2/images => generated 1045 bytes in 322 msecs (HTTP/1.1 200) 4 headers in 158 bytes (1 switches on core 0)
Aug 07 01:05:49 ubuntu devstack@g-api.service[118047]: DEBUG glance.api.middleware.version_negotiation [None req-8e10c516-5785-4018-84bf-79001b7fe9ff admin admin] Determining version of request: GET / Accept: application/json {{(pid=118047) process_request /opt/stack/glance/glance/api/middleware/version_negotiation.py:44}}
Aug 07 01:05:49 ubuntu devstack@g-api.service[118047]: DEBUG glance.api.middleware.version_negotiation [None req-8e10c516-5785-4018-84bf-79001b7fe9ff admin admin] Using url versioning {{(pid=118047) process_request /opt/stack/glance/glance/api/middleware/version_negotiation.py:57}}
Aug 07 01:05:49 ubuntu devstack@g-api.service[118047]: DEBUG glance.api.middleware.version_negotiation [None req-8e10c516-5785-4018-84bf-79001b7fe9ff admin admin] Unknown version. Returning version choices. {{(pid=118047) process_request /opt/stack/glance/glance/api/middleware/version_negotiation.py:64}}
Aug 07 01:05:49 ubuntu devstack@g-api.service[118047]: [pid: 118047|app: 0|req: 3/7] 127.0.0.1 () {34 vars in 502 bytes} [Wed Aug  7 01:05:49 2024] GET / => generated 1407 bytes in 3 msecs (HTTP/1.1 300) 3 headers in 106 bytes (1 switches on core 0)
Aug 07 01:05:49 ubuntu devstack@g-api.service[118048]: DEBUG glance.api.middleware.version_negotiation [None req-b4851845-7455-43fe-9121-1c75cc9c280c admin admin] Determining version of request: GET /v2/images/f057cbc9-9134-4fdf-a26c-86af6d2c4d15 Accept: */* {{(pid=118048) process_request /opt/stack/glance/glance/api/middleware/version_negotiation.py:44}}
Aug 07 01:05:49 ubuntu devstack@g-api.service[118048]: DEBUG glance.api.middleware.version_negotiation [None req-b4851845-7455-43fe-9121-1c75cc9c280c admin admin] Using url versioning {{(pid=118048) process_request /opt/stack/glance/glance/api/middleware/version_negotiation.py:57}}
Aug 07 01:05:49 ubuntu devstack@g-api.service[118048]: DEBUG glance.api.middleware.version_negotiation [None req-b4851845-7455-43fe-9121-1c75cc9c280c admin admin] Matched version: v2 {{(pid=118048) process_request /opt/stack/glance/glance/api/middleware/version_negotiation.py:69}}
Aug 07 01:05:49 ubuntu devstack@g-api.service[118048]: DEBUG glance.api.middleware.version_negotiation [None req-b4851845-7455-43fe-9121-1c75cc9c280c admin admin] new path /v2/images/f057cbc9-9134-4fdf-a26c-86af6d2c4d15 {{(pid=118048) process_request /opt/stack/glance/glance/api/middleware/version_negotiation.py:70}}
Aug 07 01:05:50 ubuntu devstack@g-api.service[118048]: [pid: 118048|app: 0|req: 5/8] 127.0.0.1 () {36 vars in 785 bytes} [Wed Aug  7 01:05:49 2024] GET /v2/images/f057cbc9-9134-4fdf-a26c-86af6d2c4d15 => generated 976 bytes in 235 msecs (HTTP/1.1 200) 4 headers in 157 bytes (1 switches on core 0)
Aug 07 01:05:53 ubuntu devstack@g-api.service[118047]: DEBUG glance.api.middleware.version_negotiation [None req-8e10c516-5785-4018-84bf-79001b7fe9ff admin admin] Determining version of request: GET / Accept: application/json {{(pid=118047) process_request /opt/stack/glance/glance/api/middleware/version_negotiation.py:44}}
Aug 07 01:05:53 ubuntu devstack@g-api.service[118047]: DEBUG glance.api.middleware.version_negotiation [None req-8e10c516-5785-4018-84bf-79001b7fe9ff admin admin] Using url versioning {{(pid=118047) process_request /opt/stack/glance/glance/api/middleware/version_negotiation.py:57}}
Aug 07 01:05:53 ubuntu devstack@g-api.service[118047]: DEBUG glance.api.middleware.version_negotiation [None req-8e10c516-5785-4018-84bf-79001b7fe9ff admin admin] Unknown version. Returning version choices. {{(pid=118047) process_request /opt/stack/glance/glance/api/middleware/version_negotiation.py:64}}
Aug 07 01:05:53 ubuntu devstack@g-api.service[118047]: [pid: 118047|app: 0|req: 4/9] 127.0.0.1 () {34 vars in 502 bytes} [Wed Aug  7 01:05:53 2024] GET / => generated 1407 bytes in 1 msecs (HTTP/1.1 300) 3 headers in 106 bytes (1 switches on core 0)
Aug 07 01:05:53 ubuntu devstack@g-api.service[118048]: DEBUG glance.api.middleware.version_negotiation [None req-dddf15c9-4d37-4bdd-8d5c-ec394513e3d9 admin admin] Determining version of request: GET /v2/images/f057cbc9-9134-4fdf-a26c-86af6d2c4d15 Accept: */* {{(pid=118048) process_request /opt/stack/glance/glance/api/middleware/version_negotiation.py:44}}
Aug 07 01:05:53 ubuntu devstack@g-api.service[118048]: DEBUG glance.api.middleware.version_negotiation [None req-dddf15c9-4d37-4bdd-8d5c-ec394513e3d9 admin admin] Using url versioning {{(pid=118048) process_request /opt/stack/glance/glance/api/middleware/version_negotiation.py:57}}
Aug 07 01:05:53 ubuntu devstack@g-api.service[118048]: DEBUG glance.api.middleware.version_negotiation [None req-dddf15c9-4d37-4bdd-8d5c-ec394513e3d9 admin admin] Matched version: v2 {{(pid=118048) process_request /opt/stack/glance/glance/api/middleware/version_negotiation.py:69}}
Aug 07 01:05:53 ubuntu devstack@g-api.service[118048]: DEBUG glance.api.middleware.version_negotiation [None req-dddf15c9-4d37-4bdd-8d5c-ec394513e3d9 admin admin] new path /v2/images/f057cbc9-9134-4fdf-a26c-86af6d2c4d15 {{(pid=118048) process_request /opt/stack/glance/glance/api/middleware/version_negotiation.py:70}}
Aug 07 01:05:53 ubuntu devstack@g-api.service[118048]: [pid: 118048|app: 0|req: 6/10] 127.0.0.1 () {36 vars in 785 bytes} [Wed Aug  7 01:05:53 2024] GET /v2/images/f057cbc9-9134-4fdf-a26c-86af6d2c4d15 => generated 976 bytes in 204 msecs (HTTP/1.1 200) 4 headers in 157 bytes (1 switches on core 0)
Aug 07 01:06:03 ubuntu devstack@g-api.service[118048]: DEBUG dbcounter [-] [118048] Writing DB stats glance:SELECT=5 {{(pid=118048) stat_writer /opt/stack/data/venv/lib/python3.10/site-packages/dbcounter.py:115}}
Aug 07 01:06:44 ubuntu devstack@g-api.service[118047]: DEBUG glance.api.middleware.version_negotiation [None req-8e10c516-5785-4018-84bf-79001b7fe9ff admin admin] Determining version of request: GET / Accept: application/json {{(pid=118047) process_request /opt/stack/glance/glance/api/middleware/version_negotiation.py:44}}
Aug 07 01:06:44 ubuntu devstack@g-api.service[118047]: DEBUG glance.api.middleware.version_negotiation [None req-8e10c516-5785-4018-84bf-79001b7fe9ff admin admin] Using url versioning {{(pid=118047) process_request /opt/stack/glance/glance/api/middleware/version_negotiation.py:57}}
Aug 07 01:06:44 ubuntu devstack@g-api.service[118047]: DEBUG glance.api.middleware.version_negotiation [None req-8e10c516-5785-4018-84bf-79001b7fe9ff admin admin] Unknown version. Returning version choices. {{(pid=118047) process_request /opt/stack/glance/glance/api/middleware/version_negotiation.py:64}}
Aug 07 01:06:44 ubuntu devstack@g-api.service[118047]: [pid: 118047|app: 0|req: 5/11] 127.0.0.1 () {36 vars in 474 bytes} [Wed Aug  7 01:06:44 2024] GET / => generated 1407 bytes in 3 msecs (HTTP/1.1 300) 3 headers in 106 bytes (1 switches on core 0)
Aug 07 01:09:04 ubuntu devstack@g-api.service[118048]: DEBUG glance.api.middleware.version_negotiation [None req-7203f8d3-f5bc-405e-baad-284389bc9d01 admin admin] Determining version of request: GET /versions Accept: */* {{(pid=118048) process_request /opt/stack/glance/glance/api/middleware/version_negotiation.py:44}}
Aug 07 01:09:04 ubuntu devstack@g-api.service[118048]: [pid: 118048|app: 0|req: 7/12] 127.0.0.1 () {38 vars in 691 bytes} [Wed Aug  7 01:09:04 2024] GET /versions => generated 1407 bytes in 10 msecs (HTTP/1.1 200) 3 headers in 92 bytes (1 switches on core 0)
Aug 07 01:09:04 ubuntu devstack@g-api.service[118047]: DEBUG glance.api.middleware.version_negotiation [None req-8e10c516-5785-4018-84bf-79001b7fe9ff admin admin] Determining version of request: GET /v2/schemas/image Accept: */* {{(pid=118047) process_request /opt/stack/glance/glance/api/middleware/version_negotiation.py:44}}
Aug 07 01:09:04 ubuntu devstack@g-api.service[118047]: DEBUG glance.api.middleware.version_negotiation [None req-8e10c516-5785-4018-84bf-79001b7fe9ff admin admin] Using url versioning {{(pid=118047) process_request /opt/stack/glance/glance/api/middleware/version_negotiation.py:57}}
Aug 07 01:09:04 ubuntu devstack@g-api.service[118047]: DEBUG glance.api.middleware.version_negotiation [None req-8e10c516-5785-4018-84bf-79001b7fe9ff admin admin] Matched version: v2 {{(pid=118047) process_request /opt/stack/glance/glance/api/middleware/version_negotiation.py:69}}
Aug 07 01:09:04 ubuntu devstack@g-api.service[118047]: DEBUG glance.api.middleware.version_negotiation [None req-8e10c516-5785-4018-84bf-79001b7fe9ff admin admin] new path /v2/schemas/image {{(pid=118047) process_request /opt/stack/glance/glance/api/middleware/version_negotiation.py:70}}
Aug 07 01:09:04 ubuntu devstack@g-api.service[118047]: [pid: 118047|app: 0|req: 6/13] 127.0.0.1 () {38 vars in 707 bytes} [Wed Aug  7 01:09:04 2024] GET /v2/schemas/image => generated 6083 bytes in 116 msecs (HTTP/1.1 200) 4 headers in 158 bytes (1 switches on core 0)
