Dec 18 15:15:22 ubuntu devstack@g-api.service[118885]: DEBUG glance.api.middleware.cache [None req-c2e834d6-9025-485b-a541-50f097c06369 tempest-ImageDependencyTests-824653143 tempest-ImageDependencyTests-824653143-project-member] Cache hit for image '614142a8-a0b4-4228-958e-ab74ee96db95' {{(pid=118885) process_request /opt/stack/glance/glance/api/middleware/cache.py:160}}
Dec 18 15:15:22 ubuntu devstack@g-api.service[118884]: DEBUG glance.api.middleware.version_negotiation [None req-c2e834d6-9025-485b-a541-50f097c06369 tempest-ImageDependencyTests-824653143 tempest-ImageDependencyTests-824653143-project-member] Determining version of request: GET /v2/images/614142a8-a0b4-4228-958e-ab74ee96db95 Accept: */* {{(pid=118884) process_request /opt/stack/glance/glance/api/middleware/version_negotiation.py:44}}
Dec 18 15:15:22 ubuntu devstack@g-api.service[118884]: DEBUG glance.api.middleware.version_negotiation [None req-c2e834d6-9025-485b-a541-50f097c06369 tempest-ImageDependencyTests-824653143 tempest-ImageDependencyTests-824653143-project-member] Using url versioning {{(pid=118884) process_request /opt/stack/glance/glance/api/middleware/version_negotiation.py:57}}
Dec 18 15:15:22 ubuntu devstack@g-api.service[118884]: DEBUG glance.api.middleware.version_negotiation [None req-c2e834d6-9025-485b-a541-50f097c06369 tempest-ImageDependencyTests-824653143 tempest-ImageDependencyTests-824653143-project-member] Matched version: v2 {{(pid=118884) process_request /opt/stack/glance/glance/api/middleware/version_negotiation.py:69}}
Dec 18 15:15:22 ubuntu devstack@g-api.service[118884]: DEBUG glance.api.middleware.version_negotiation [None req-c2e834d6-9025-485b-a541-50f097c06369 tempest-ImageDependencyTests-824653143 tempest-ImageDependencyTests-824653143-project-member] new path /v2/images/614142a8-a0b4-4228-958e-ab74ee96db95 {{(pid=118884) process_request /opt/stack/glance/glance/api/middleware/version_negotiation.py:70}}
Dec 18 15:15:22 ubuntu devstack@g-api.service[118885]: [pid: 118885|app: 0|req: 25/48] 127.0.0.1 () {42 vars in 1055 bytes} [Wed Dec 18 15:15:22 2024] GET /v2/images/614142a8-a0b4-4228-958e-ab74ee96db95/file => generated 1024 bytes in 27 msecs (HTTP/1.1 200) 5 headers in 213 bytes (1 switches on core 0)
Dec 18 15:15:22 ubuntu devstack@g-api.service[118884]: [pid: 118884|app: 0|req: 24/49] 127.0.0.1 () {42 vars in 1045 bytes} [Wed Dec 18 15:15:22 2024] GET /v2/images/614142a8-a0b4-4228-958e-ab74ee96db95 => generated 808 bytes in 13 msecs (HTTP/1.1 200) 4 headers in 157 bytes (1 switches on core 0)
Dec 18 15:15:22 ubuntu devstack@g-api.service[118885]: DEBUG glance.api.middleware.version_negotiation [None req-c2e834d6-9025-485b-a541-50f097c06369 tempest-ImageDependencyTests-824653143 tempest-ImageDependencyTests-824653143-project-member] Determining version of request: GET /v2/schemas/image Accept: */* {{(pid=118885) process_request /opt/stack/glance/glance/api/middleware/version_negotiation.py:44}}
Dec 18 15:15:22 ubuntu devstack@g-api.service[118885]: DEBUG glance.api.middleware.version_negotiation [None req-c2e834d6-9025-485b-a541-50f097c06369 tempest-ImageDependencyTests-824653143 tempest-ImageDependencyTests-824653143-project-member] Using url versioning {{(pid=118885) process_request /opt/stack/glance/glance/api/middleware/version_negotiation.py:57}}
Dec 18 15:15:22 ubuntu devstack@g-api.service[118885]: DEBUG glance.api.middleware.version_negotiation [None req-c2e834d6-9025-485b-a541-50f097c06369 tempest-ImageDependencyTests-824653143 tempest-ImageDependencyTests-824653143-project-member] Matched version: v2 {{(pid=118885) process_request /opt/stack/glance/glance/api/middleware/version_negotiation.py:69}}
Dec 18 15:15:22 ubuntu devstack@g-api.service[118885]: DEBUG glance.api.middleware.version_negotiation [None req-c2e834d6-9025-485b-a541-50f097c06369 tempest-ImageDependencyTests-824653143 tempest-ImageDependencyTests-824653143-project-member] new path /v2/schemas/image {{(pid=118885) process_request /opt/stack/glance/glance/api/middleware/version_negotiation.py:70}}
Dec 18 15:15:22 ubuntu devstack@g-api.service[118885]: [pid: 118885|app: 0|req: 26/50] 127.0.0.1 () {42 vars in 985 bytes} [Wed Dec 18 15:15:22 2024] GET /v2/schemas/image => generated 6083 bytes in 4 msecs (HTTP/1.1 200) 4 headers in 158 bytes (1 switches on core 0)
Dec 18 15:15:22 ubuntu devstack@g-api.service[118884]: DEBUG glance.api.middleware.version_negotiation [None req-c2e834d6-9025-485b-a541-50f097c06369 tempest-ImageDependencyTests-824653143 tempest-ImageDependencyTests-824653143-project-member] Determining version of request: GET /v2/images/614142a8-a0b4-4228-958e-ab74ee96db95 Accept: */* {{(pid=118884) process_request /opt/stack/glance/glance/api/middleware/version_negotiation.py:44}}
Dec 18 15:15:22 ubuntu devstack@g-api.service[118884]: DEBUG glance.api.middleware.version_negotiation [None req-c2e834d6-9025-485b-a541-50f097c06369 tempest-ImageDependencyTests-824653143 tempest-ImageDependencyTests-824653143-project-member] Using url versioning {{(pid=118884) process_request /opt/stack/glance/glance/api/middleware/version_negotiation.py:57}}
Dec 18 15:15:22 ubuntu devstack@g-api.service[118884]: DEBUG glance.api.middleware.version_negotiation [None req-c2e834d6-9025-485b-a541-50f097c06369 tempest-ImageDependencyTests-824653143 tempest-ImageDependencyTests-824653143-project-member] Matched version: v2 {{(pid=118884) process_request /opt/stack/glance/glance/api/middleware/version_negotiation.py:69}}
Dec 18 15:15:22 ubuntu devstack@g-api.service[118884]: DEBUG glance.api.middleware.version_negotiation [None req-c2e834d6-9025-485b-a541-50f097c06369 tempest-ImageDependencyTests-824653143 tempest-ImageDependencyTests-824653143-project-member] new path /v2/images/614142a8-a0b4-4228-958e-ab74ee96db95 {{(pid=118884) process_request /opt/stack/glance/glance/api/middleware/version_negotiation.py:70}}
Dec 18 15:15:22 ubuntu devstack@g-api.service[118884]: [pid: 118884|app: 0|req: 25/51] 127.0.0.1 () {42 vars in 1045 bytes} [Wed Dec 18 15:15:22 2024] GET /v2/images/614142a8-a0b4-4228-958e-ab74ee96db95 => generated 808 bytes in 19 msecs (HTTP/1.1 200) 4 headers in 157 bytes (1 switches on core 0)
Dec 18 15:15:22 ubuntu devstack@g-api.service[118885]: DEBUG glance.api.middleware.version_negotiation [None req-c2e834d6-9025-485b-a541-50f097c06369 tempest-ImageDependencyTests-824653143 tempest-ImageDependencyTests-824653143-project-member] Determining version of request: GET /v2/schemas/image Accept: */* {{(pid=118885) process_request /opt/stack/glance/glance/api/middleware/version_negotiation.py:44}}
Dec 18 15:15:22 ubuntu devstack@g-api.service[118885]: DEBUG glance.api.middleware.version_negotiation [None req-c2e834d6-9025-485b-a541-50f097c06369 tempest-ImageDependencyTests-824653143 tempest-ImageDependencyTests-824653143-project-member] Using url versioning {{(pid=118885) process_request /opt/stack/glance/glance/api/middleware/version_negotiation.py:57}}
Dec 18 15:15:22 ubuntu devstack@g-api.service[118885]: DEBUG glance.api.middleware.version_negotiation [None req-c2e834d6-9025-485b-a541-50f097c06369 tempest-ImageDependencyTests-824653143 tempest-ImageDependencyTests-824653143-project-member] Matched version: v2 {{(pid=118885) process_request /opt/stack/glance/glance/api/middleware/version_negotiation.py:69}}
Dec 18 15:15:22 ubuntu devstack@g-api.service[118885]: DEBUG glance.api.middleware.version_negotiation [None req-c2e834d6-9025-485b-a541-50f097c06369 tempest-ImageDependencyTests-824653143 tempest-ImageDependencyTests-824653143-project-member] new path /v2/schemas/image {{(pid=118885) process_request /opt/stack/glance/glance/api/middleware/version_negotiation.py:70}}
Dec 18 15:15:22 ubuntu devstack@g-api.service[118885]: [pid: 118885|app: 0|req: 27/52] 127.0.0.1 () {42 vars in 985 bytes} [Wed Dec 18 15:15:22 2024] GET /v2/schemas/image => generated 6083 bytes in 5 msecs (HTTP/1.1 200) 4 headers in 158 bytes (1 switches on core 0)
Dec 18 15:15:23 ubuntu devstack@g-api.service[118884]: DEBUG glance.api.middleware.version_negotiation [None req-c2e834d6-9025-485b-a541-50f097c06369 tempest-ImageDependencyTests-824653143 tempest-ImageDependencyTests-824653143-project-member] Determining version of request: GET /v2/images/614142a8-a0b4-4228-958e-ab74ee96db95 Accept: */* {{(pid=118884) process_request /opt/stack/glance/glance/api/middleware/version_negotiation.py:44}}
Dec 18 15:15:23 ubuntu devstack@g-api.service[118884]: DEBUG glance.api.middleware.version_negotiation [None req-c2e834d6-9025-485b-a541-50f097c06369 tempest-ImageDependencyTests-824653143 tempest-ImageDependencyTests-824653143-project-member] Using url versioning {{(pid=118884) process_request /opt/stack/glance/glance/api/middleware/version_negotiation.py:57}}
Dec 18 15:15:23 ubuntu devstack@g-api.service[118884]: DEBUG glance.api.middleware.version_negotiation [None req-c2e834d6-9025-485b-a541-50f097c06369 tempest-ImageDependencyTests-824653143 tempest-ImageDependencyTests-824653143-project-member] Matched version: v2 {{(pid=118884) process_request /opt/stack/glance/glance/api/middleware/version_negotiation.py:69}}
Dec 18 15:15:23 ubuntu devstack@g-api.service[118884]: DEBUG glance.api.middleware.version_negotiation [None req-c2e834d6-9025-485b-a541-50f097c06369 tempest-ImageDependencyTests-824653143 tempest-ImageDependencyTests-824653143-project-member] new path /v2/images/614142a8-a0b4-4228-958e-ab74ee96db95 {{(pid=118884) process_request /opt/stack/glance/glance/api/middleware/version_negotiation.py:70}}
Dec 18 15:15:23 ubuntu devstack@g-api.service[118884]: [pid: 118884|app: 0|req: 26/53] 127.0.0.1 () {42 vars in 1045 bytes} [Wed Dec 18 15:15:23 2024] GET /v2/images/614142a8-a0b4-4228-958e-ab74ee96db95 => generated 808 bytes in 13 msecs (HTTP/1.1 200) 4 headers in 157 bytes (1 switches on core 0)
Dec 18 15:15:23 ubuntu devstack@g-api.service[118885]: DEBUG glance.api.middleware.version_negotiation [None req-c2e834d6-9025-485b-a541-50f097c06369 tempest-ImageDependencyTests-824653143 tempest-ImageDependencyTests-824653143-project-member] Determining version of request: GET /v2/schemas/image Accept: */* {{(pid=118885) process_request /opt/stack/glance/glance/api/middleware/version_negotiation.py:44}}
Dec 18 15:15:23 ubuntu devstack@g-api.service[118885]: DEBUG glance.api.middleware.version_negotiation [None req-c2e834d6-9025-485b-a541-50f097c06369 tempest-ImageDependencyTests-824653143 tempest-ImageDependencyTests-824653143-project-member] Using url versioning {{(pid=118885) process_request /opt/stack/glance/glance/api/middleware/version_negotiation.py:57}}
Dec 18 15:15:23 ubuntu devstack@g-api.service[118885]: DEBUG glance.api.middleware.version_negotiation [None req-c2e834d6-9025-485b-a541-50f097c06369 tempest-ImageDependencyTests-824653143 tempest-ImageDependencyTests-824653143-project-member] Matched version: v2 {{(pid=118885) process_request /opt/stack/glance/glance/api/middleware/version_negotiation.py:69}}
Dec 18 15:15:23 ubuntu devstack@g-api.service[118885]: DEBUG glance.api.middleware.version_negotiation [None req-c2e834d6-9025-485b-a541-50f097c06369 tempest-ImageDependencyTests-824653143 tempest-ImageDependencyTests-824653143-project-member] new path /v2/schemas/image {{(pid=118885) process_request /opt/stack/glance/glance/api/middleware/version_negotiation.py:70}}
Dec 18 15:15:23 ubuntu devstack@g-api.service[118885]: [pid: 118885|app: 0|req: 28/54] 127.0.0.1 () {42 vars in 985 bytes} [Wed Dec 18 15:15:23 2024] GET /v2/schemas/image => generated 6083 bytes in 6 msecs (HTTP/1.1 200) 4 headers in 158 bytes (1 switches on core 0)
Dec 18 15:15:23 ubuntu devstack@g-api.service[118884]: DEBUG glance.api.middleware.version_negotiation [None req-c2e834d6-9025-485b-a541-50f097c06369 tempest-ImageDependencyTests-824653143 tempest-ImageDependencyTests-824653143-project-member] Determining version of request: GET /v2/images/614142a8-a0b4-4228-958e-ab74ee96db95 Accept: */* {{(pid=118884) process_request /opt/stack/glance/glance/api/middleware/version_negotiation.py:44}}
Dec 18 15:15:23 ubuntu devstack@g-api.service[118884]: DEBUG glance.api.middleware.version_negotiation [None req-c2e834d6-9025-485b-a541-50f097c06369 tempest-ImageDependencyTests-824653143 tempest-ImageDependencyTests-824653143-project-member] Using url versioning {{(pid=118884) process_request /opt/stack/glance/glance/api/middleware/version_negotiation.py:57}}
Dec 18 15:15:23 ubuntu devstack@g-api.service[118884]: DEBUG glance.api.middleware.version_negotiation [None req-c2e834d6-9025-485b-a541-50f097c06369 tempest-ImageDependencyTests-824653143 tempest-ImageDependencyTests-824653143-project-member] Matched version: v2 {{(pid=118884) process_request /opt/stack/glance/glance/api/middleware/version_negotiation.py:69}}
Dec 18 15:15:23 ubuntu devstack@g-api.service[118884]: DEBUG glance.api.middleware.version_negotiation [None req-c2e834d6-9025-485b-a541-50f097c06369 tempest-ImageDependencyTests-824653143 tempest-ImageDependencyTests-824653143-project-member] new path /v2/images/614142a8-a0b4-4228-958e-ab74ee96db95 {{(pid=118884) process_request /opt/stack/glance/glance/api/middleware/version_negotiation.py:70}}
Dec 18 15:15:23 ubuntu devstack@g-api.service[118884]: [pid: 118884|app: 0|req: 27/55] 127.0.0.1 () {42 vars in 1045 bytes} [Wed Dec 18 15:15:23 2024] GET /v2/images/614142a8-a0b4-4228-958e-ab74ee96db95 => generated 808 bytes in 10 msecs (HTTP/1.1 200) 4 headers in 157 bytes (1 switches on core 0)
Dec 18 15:15:23 ubuntu devstack@g-api.service[118885]: DEBUG glance.api.middleware.version_negotiation [None req-c2e834d6-9025-485b-a541-50f097c06369 tempest-ImageDependencyTests-824653143 tempest-ImageDependencyTests-824653143-project-member] Determining version of request: GET /v2/schemas/image Accept: */* {{(pid=118885) process_request /opt/stack/glance/glance/api/middleware/version_negotiation.py:44}}
Dec 18 15:15:23 ubuntu devstack@g-api.service[118885]: DEBUG glance.api.middleware.version_negotiation [None req-c2e834d6-9025-485b-a541-50f097c06369 tempest-ImageDependencyTests-824653143 tempest-ImageDependencyTests-824653143-project-member] Using url versioning {{(pid=118885) process_request /opt/stack/glance/glance/api/middleware/version_negotiation.py:57}}
Dec 18 15:15:23 ubuntu devstack@g-api.service[118885]: DEBUG glance.api.middleware.version_negotiation [None req-c2e834d6-9025-485b-a541-50f097c06369 tempest-ImageDependencyTests-824653143 tempest-ImageDependencyTests-824653143-project-member] Matched version: v2 {{(pid=118885) process_request /opt/stack/glance/glance/api/middleware/version_negotiation.py:69}}
Dec 18 15:15:23 ubuntu devstack@g-api.service[118885]: DEBUG glance.api.middleware.version_negotiation [None req-c2e834d6-9025-485b-a541-50f097c06369 tempest-ImageDependencyTests-824653143 tempest-ImageDependencyTests-824653143-project-member] new path /v2/schemas/image {{(pid=118885) process_request /opt/stack/glance/glance/api/middleware/version_negotiation.py:70}}
Dec 18 15:15:23 ubuntu devstack@g-api.service[118885]: [pid: 118885|app: 0|req: 29/56] 127.0.0.1 () {42 vars in 985 bytes} [Wed Dec 18 15:15:23 2024] GET /v2/schemas/image => generated 6083 bytes in 4 msecs (HTTP/1.1 200) 4 headers in 158 bytes (1 switches on core 0)
Dec 18 15:15:23 ubuntu devstack@g-api.service[118884]: DEBUG glance.api.middleware.version_negotiation [None req-c2e834d6-9025-485b-a541-50f097c06369 tempest-ImageDependencyTests-824653143 tempest-ImageDependencyTests-824653143-project-member] Determining version of request: GET /v2/schemas/image Accept: */* {{(pid=118884) process_request /opt/stack/glance/glance/api/middleware/version_negotiation.py:44}}
Dec 18 15:15:23 ubuntu devstack@g-api.service[118884]: DEBUG glance.api.middleware.version_negotiation [None req-c2e834d6-9025-485b-a541-50f097c06369 tempest-ImageDependencyTests-824653143 tempest-ImageDependencyTests-824653143-project-member] Using url versioning {{(pid=118884) process_request /opt/stack/glance/glance/api/middleware/version_negotiation.py:57}}
Dec 18 15:15:23 ubuntu devstack@g-api.service[118884]: DEBUG glance.api.middleware.version_negotiation [None req-c2e834d6-9025-485b-a541-50f097c06369 tempest-ImageDependencyTests-824653143 tempest-ImageDependencyTests-824653143-project-member] Matched version: v2 {{(pid=118884) process_request /opt/stack/glance/glance/api/middleware/version_negotiation.py:69}}
Dec 18 15:15:23 ubuntu devstack@g-api.service[118884]: DEBUG glance.api.middleware.version_negotiation [None req-c2e834d6-9025-485b-a541-50f097c06369 tempest-ImageDependencyTests-824653143 tempest-ImageDependencyTests-824653143-project-member] new path /v2/schemas/image {{(pid=118884) process_request /opt/stack/glance/glance/api/middleware/version_negotiation.py:70}}
Dec 18 15:15:23 ubuntu devstack@g-api.service[118884]: [pid: 118884|app: 0|req: 28/57] 127.0.0.1 () {42 vars in 985 bytes} [Wed Dec 18 15:15:23 2024] GET /v2/schemas/image => generated 6083 bytes in 3 msecs (HTTP/1.1 200) 4 headers in 158 bytes (1 switches on core 0)
Dec 18 15:15:23 ubuntu devstack@g-api.service[118885]: DEBUG glance.api.middleware.version_negotiation [None req-c2e834d6-9025-485b-a541-50f097c06369 tempest-ImageDependencyTests-824653143 tempest-ImageDependencyTests-824653143-project-member] Determining version of request: GET /v2/images/614142a8-a0b4-4228-958e-ab74ee96db95 Accept: */* {{(pid=118885) process_request /opt/stack/glance/glance/api/middleware/version_negotiation.py:44}}
Dec 18 15:15:23 ubuntu devstack@g-api.service[118885]: DEBUG glance.api.middleware.version_negotiation [None req-c2e834d6-9025-485b-a541-50f097c06369 tempest-ImageDependencyTests-824653143 tempest-ImageDependencyTests-824653143-project-member] Using url versioning {{(pid=118885) process_request /opt/stack/glance/glance/api/middleware/version_negotiation.py:57}}
Dec 18 15:15:23 ubuntu devstack@g-api.service[118885]: DEBUG glance.api.middleware.version_negotiation [None req-c2e834d6-9025-485b-a541-50f097c06369 tempest-ImageDependencyTests-824653143 tempest-ImageDependencyTests-824653143-project-member] Matched version: v2 {{(pid=118885) process_request /opt/stack/glance/glance/api/middleware/version_negotiation.py:69}}
Dec 18 15:15:23 ubuntu devstack@g-api.service[118885]: DEBUG glance.api.middleware.version_negotiation [None req-c2e834d6-9025-485b-a541-50f097c06369 tempest-ImageDependencyTests-824653143 tempest-ImageDependencyTests-824653143-project-member] new path /v2/images/614142a8-a0b4-4228-958e-ab74ee96db95 {{(pid=118885) process_request /opt/stack/glance/glance/api/middleware/version_negotiation.py:70}}
Dec 18 15:15:23 ubuntu devstack@g-api.service[118885]: [pid: 118885|app: 0|req: 30/58] 127.0.0.1 () {42 vars in 1045 bytes} [Wed Dec 18 15:15:23 2024] GET /v2/images/614142a8-a0b4-4228-958e-ab74ee96db95 => generated 808 bytes in 12 msecs (HTTP/1.1 200) 4 headers in 157 bytes (1 switches on core 0)
Dec 18 15:15:23 ubuntu devstack@g-api.service[118884]: DEBUG glance.api.middleware.version_negotiation [None req-c2e834d6-9025-485b-a541-50f097c06369 tempest-ImageDependencyTests-824653143 tempest-ImageDependencyTests-824653143-project-member] Determining version of request: GET /v2/images/614142a8-a0b4-4228-958e-ab74ee96db95/file Accept: */* {{(pid=118884) process_request /opt/stack/glance/glance/api/middleware/version_negotiation.py:44}}
Dec 18 15:15:23 ubuntu devstack@g-api.service[118884]: DEBUG glance.api.middleware.version_negotiation [None req-c2e834d6-9025-485b-a541-50f097c06369 tempest-ImageDependencyTests-824653143 tempest-ImageDependencyTests-824653143-project-member] Using url versioning {{(pid=118884) process_request /opt/stack/glance/glance/api/middleware/version_negotiation.py:57}}
Dec 18 15:15:23 ubuntu devstack@g-api.service[118884]: DEBUG glance.api.middleware.version_negotiation [None req-c2e834d6-9025-485b-a541-50f097c06369 tempest-ImageDependencyTests-824653143 tempest-ImageDependencyTests-824653143-project-member] Matched version: v2 {{(pid=118884) process_request /opt/stack/glance/glance/api/middleware/version_negotiation.py:69}}
Dec 18 15:15:23 ubuntu devstack@g-api.service[118884]: DEBUG glance.api.middleware.version_negotiation [None req-c2e834d6-9025-485b-a541-50f097c06369 tempest-ImageDependencyTests-824653143 tempest-ImageDependencyTests-824653143-project-member] new path /v2/images/614142a8-a0b4-4228-958e-ab74ee96db95/file {{(pid=118884) process_request /opt/stack/glance/glance/api/middleware/version_negotiation.py:70}}
Dec 18 15:15:23 ubuntu devstack@g-api.service[118884]: DEBUG glance.api.middleware.cache [None req-c2e834d6-9025-485b-a541-50f097c06369 tempest-ImageDependencyTests-824653143 tempest-ImageDependencyTests-824653143-project-member] Cache hit for image '614142a8-a0b4-4228-958e-ab74ee96db95' {{(pid=118884) process_request /opt/stack/glance/glance/api/middleware/cache.py:160}}
Dec 18 15:15:23 ubuntu devstack@g-api.service[118885]: DEBUG glance.api.middleware.version_negotiation [None req-c2e834d6-9025-485b-a541-50f097c06369 tempest-ImageDependencyTests-824653143 tempest-ImageDependencyTests-824653143-project-member] Determining version of request: GET /v2/images/614142a8-a0b4-4228-958e-ab74ee96db95 Accept: */* {{(pid=118885) process_request /opt/stack/glance/glance/api/middleware/version_negotiation.py:44}}
Dec 18 15:15:23 ubuntu devstack@g-api.service[118885]: DEBUG glance.api.middleware.version_negotiation [None req-c2e834d6-9025-485b-a541-50f097c06369 tempest-ImageDependencyTests-824653143 tempest-ImageDependencyTests-824653143-project-member] Using url versioning {{(pid=118885) process_request /opt/stack/glance/glance/api/middleware/version_negotiation.py:57}}
Dec 18 15:15:23 ubuntu devstack@g-api.service[118885]: DEBUG glance.api.middleware.version_negotiation [None req-c2e834d6-9025-485b-a541-50f097c06369 tempest-ImageDependencyTests-824653143 tempest-ImageDependencyTests-824653143-project-member] Matched version: v2 {{(pid=118885) process_request /opt/stack/glance/glance/api/middleware/version_negotiation.py:69}}
Dec 18 15:15:23 ubuntu devstack@g-api.service[118885]: DEBUG glance.api.middleware.version_negotiation [None req-c2e834d6-9025-485b-a541-50f097c06369 tempest-ImageDependencyTests-824653143 tempest-ImageDependencyTests-824653143-project-member] new path /v2/images/614142a8-a0b4-4228-958e-ab74ee96db95 {{(pid=118885) process_request /opt/stack/glance/glance/api/middleware/version_negotiation.py:70}}
Dec 18 15:15:23 ubuntu devstack@g-api.service[118884]: [pid: 118884|app: 0|req: 29/59] 127.0.0.1 () {42 vars in 1055 bytes} [Wed Dec 18 15:15:23 2024] GET /v2/images/614142a8-a0b4-4228-958e-ab74ee96db95/file => generated 1024 bytes in 25 msecs (HTTP/1.1 200) 5 headers in 213 bytes (1 switches on core 0)
Dec 18 15:15:23 ubuntu devstack@g-api.service[118885]: [pid: 118885|app: 0|req: 31/60] 127.0.0.1 () {42 vars in 1045 bytes} [Wed Dec 18 15:15:23 2024] GET /v2/images/614142a8-a0b4-4228-958e-ab74ee96db95 => generated 808 bytes in 11 msecs (HTTP/1.1 200) 4 headers in 157 bytes (1 switches on core 0)
Dec 18 15:15:23 ubuntu devstack@g-api.service[118884]: DEBUG glance.api.middleware.version_negotiation [None req-c2e834d6-9025-485b-a541-50f097c06369 tempest-ImageDependencyTests-824653143 tempest-ImageDependencyTests-824653143-project-member] Determining version of request: GET /v2/schemas/image Accept: */* {{(pid=118884) process_request /opt/stack/glance/glance/api/middleware/version_negotiation.py:44}}
Dec 18 15:15:23 ubuntu devstack@g-api.service[118884]: DEBUG glance.api.middleware.version_negotiation [None req-c2e834d6-9025-485b-a541-50f097c06369 tempest-ImageDependencyTests-824653143 tempest-ImageDependencyTests-824653143-project-member] Using url versioning {{(pid=118884) process_request /opt/stack/glance/glance/api/middleware/version_negotiation.py:57}}
Dec 18 15:15:23 ubuntu devstack@g-api.service[118884]: DEBUG glance.api.middleware.version_negotiation [None req-c2e834d6-9025-485b-a541-50f097c06369 tempest-ImageDependencyTests-824653143 tempest-ImageDependencyTests-824653143-project-member] Matched version: v2 {{(pid=118884) process_request /opt/stack/glance/glance/api/middleware/version_negotiation.py:69}}
Dec 18 15:15:23 ubuntu devstack@g-api.service[118884]: DEBUG glance.api.middleware.version_negotiation [None req-c2e834d6-9025-485b-a541-50f097c06369 tempest-ImageDependencyTests-824653143 tempest-ImageDependencyTests-824653143-project-member] new path /v2/schemas/image {{(pid=118884) process_request /opt/stack/glance/glance/api/middleware/version_negotiation.py:70}}
Dec 18 15:15:23 ubuntu devstack@g-api.service[118884]: [pid: 118884|app: 0|req: 30/61] 127.0.0.1 () {42 vars in 985 bytes} [Wed Dec 18 15:15:23 2024] GET /v2/schemas/image => generated 6083 bytes in 3 msecs (HTTP/1.1 200) 4 headers in 158 bytes (1 switches on core 0)
Dec 18 15:15:23 ubuntu devstack@g-api.service[118885]: DEBUG glance.api.middleware.version_negotiation [None req-c2e834d6-9025-485b-a541-50f097c06369 tempest-ImageDependencyTests-824653143 tempest-ImageDependencyTests-824653143-project-member] Determining version of request: GET /v2/images/614142a8-a0b4-4228-958e-ab74ee96db95 Accept: */* {{(pid=118885) process_request /opt/stack/glance/glance/api/middleware/version_negotiation.py:44}}
Dec 18 15:15:23 ubuntu devstack@g-api.service[118885]: DEBUG glance.api.middleware.version_negotiation [None req-c2e834d6-9025-485b-a541-50f097c06369 tempest-ImageDependencyTests-824653143 tempest-ImageDependencyTests-824653143-project-member] Using url versioning {{(pid=118885) process_request /opt/stack/glance/glance/api/middleware/version_negotiation.py:57}}
Dec 18 15:15:23 ubuntu devstack@g-api.service[118885]: DEBUG glance.api.middleware.version_negotiation [None req-c2e834d6-9025-485b-a541-50f097c06369 tempest-ImageDependencyTests-824653143 tempest-ImageDependencyTests-824653143-project-member] Matched version: v2 {{(pid=118885) process_request /opt/stack/glance/glance/api/middleware/version_negotiation.py:69}}
Dec 18 15:15:23 ubuntu devstack@g-api.service[118885]: DEBUG glance.api.middleware.version_negotiation [None req-c2e834d6-9025-485b-a541-50f097c06369 tempest-ImageDependencyTests-824653143 tempest-ImageDependencyTests-824653143-project-member] new path /v2/images/614142a8-a0b4-4228-958e-ab74ee96db95 {{(pid=118885) process_request /opt/stack/glance/glance/api/middleware/version_negotiation.py:70}}
Dec 18 15:15:23 ubuntu devstack@g-api.service[118885]: [pid: 118885|app: 0|req: 32/62] 127.0.0.1 () {42 vars in 1045 bytes} [Wed Dec 18 15:15:23 2024] GET /v2/images/614142a8-a0b4-4228-958e-ab74ee96db95 => generated 808 bytes in 16 msecs (HTTP/1.1 200) 4 headers in 157 bytes (1 switches on core 0)
Dec 18 15:15:23 ubuntu devstack@g-api.service[118884]: DEBUG glance.api.middleware.version_negotiation [None req-c2e834d6-9025-485b-a541-50f097c06369 tempest-ImageDependencyTests-824653143 tempest-ImageDependencyTests-824653143-project-member] Determining version of request: GET /v2/schemas/image Accept: */* {{(pid=118884) process_request /opt/stack/glance/glance/api/middleware/version_negotiation.py:44}}
Dec 18 15:15:23 ubuntu devstack@g-api.service[118884]: DEBUG glance.api.middleware.version_negotiation [None req-c2e834d6-9025-485b-a541-50f097c06369 tempest-ImageDependencyTests-824653143 tempest-ImageDependencyTests-824653143-project-member] Using url versioning {{(pid=118884) process_request /opt/stack/glance/glance/api/middleware/version_negotiation.py:57}}
Dec 18 15:15:23 ubuntu devstack@g-api.service[118884]: DEBUG glance.api.middleware.version_negotiation [None req-c2e834d6-9025-485b-a541-50f097c06369 tempest-ImageDependencyTests-824653143 tempest-ImageDependencyTests-824653143-project-member] Matched version: v2 {{(pid=118884) process_request /opt/stack/glance/glance/api/middleware/version_negotiation.py:69}}
Dec 18 15:15:23 ubuntu devstack@g-api.service[118884]: DEBUG glance.api.middleware.version_negotiation [None req-c2e834d6-9025-485b-a541-50f097c06369 tempest-ImageDependencyTests-824653143 tempest-ImageDependencyTests-824653143-project-member] new path /v2/schemas/image {{(pid=118884) process_request /opt/stack/glance/glance/api/middleware/version_negotiation.py:70}}
Dec 18 15:15:23 ubuntu devstack@g-api.service[118884]: [pid: 118884|app: 0|req: 31/63] 127.0.0.1 () {42 vars in 985 bytes} [Wed Dec 18 15:15:23 2024] GET /v2/schemas/image => generated 6083 bytes in 8 msecs (HTTP/1.1 200) 4 headers in 158 bytes (1 switches on core 0)
Dec 18 15:15:25 ubuntu devstack@g-api.service[118885]: DEBUG glance.api.middleware.version_negotiation [None req-c2e834d6-9025-485b-a541-50f097c06369 tempest-ImageDependencyTests-824653143 tempest-ImageDependencyTests-824653143-project-member] Determining version of request: DELETE /v2/images/614142a8-a0b4-4228-958e-ab74ee96db95 Accept: application/json {{(pid=118885) process_request /opt/stack/glance/glance/api/middleware/version_negotiation.py:44}}
Dec 18 15:15:25 ubuntu devstack@g-api.service[118885]: DEBUG glance.api.middleware.version_negotiation [None req-c2e834d6-9025-485b-a541-50f097c06369 tempest-ImageDependencyTests-824653143 tempest-ImageDependencyTests-824653143-project-member] Using url versioning {{(pid=118885) process_request /opt/stack/glance/glance/api/middleware/version_negotiation.py:57}}
Dec 18 15:15:25 ubuntu devstack@g-api.service[118885]: DEBUG glance.api.middleware.version_negotiation [None req-c2e834d6-9025-485b-a541-50f097c06369 tempest-ImageDependencyTests-824653143 tempest-ImageDependencyTests-824653143-project-member] Matched version: v2 {{(pid=118885) process_request /opt/stack/glance/glance/api/middleware/version_negotiation.py:69}}
Dec 18 15:15:25 ubuntu devstack@g-api.service[118885]: DEBUG glance.api.middleware.version_negotiation [None req-c2e834d6-9025-485b-a541-50f097c06369 tempest-ImageDependencyTests-824653143 tempest-ImageDependencyTests-824653143-project-member] new path /v2/images/614142a8-a0b4-4228-958e-ab74ee96db95 {{(pid=118885) process_request /opt/stack/glance/glance/api/middleware/version_negotiation.py:70}}
Dec 18 15:15:25 ubuntu devstack@g-api.service[118885]: WARNING glance.api.v2.images [None req-e071d515-4467-45ae-a084-bc86b5c8873a tempest-ImageDependencyTests-824653143 tempest-ImageDependencyTests-824653143-project-member] After upload to backend, deletion of staged image data has failed because it cannot be found at /tmp/staging//614142a8-a0b4-4228-958e-ab74ee96db95
Dec 18 15:15:25 ubuntu devstack@g-api.service[118885]: DEBUG glance_store.backend [None req-e071d515-4467-45ae-a084-bc86b5c8873a tempest-ImageDependencyTests-824653143 tempest-ImageDependencyTests-824653143-project-member] Attempting to import store swift {{(pid=118885) _load_store /opt/stack/data/venv/lib/python3.10/site-packages/glance_store/backend.py:216}}
Dec 18 15:15:25 ubuntu devstack@g-api.service[118885]: DEBUG glance_store.capabilities [None req-e071d515-4467-45ae-a084-bc86b5c8873a tempest-ImageDependencyTests-824653143 tempest-ImageDependencyTests-824653143-project-member] Store glance_store._drivers.swift.store.SingleTenantStore doesn't support updating dynamic storage capabilities. Please overwrite 'update_capabilities' method of the store to implement updating logics if needed. {{(pid=118885) update_capabilities /opt/stack/data/venv/lib/python3.10/site-packages/glance_store/capabilities.py:91}}
Dec 18 15:15:25 ubuntu devstack@g-api.service[118885]: DEBUG glance_store.driver [None req-e071d515-4467-45ae-a084-bc86b5c8873a tempest-ImageDependencyTests-824653143 tempest-ImageDependencyTests-824653143-project-member] Late loading location class glance_store._drivers.swift.store.StoreLocation {{(pid=118885) get_store_location_class /opt/stack/data/venv/lib/python3.10/site-packages/glance_store/driver.py:133}}
Dec 18 15:15:25 ubuntu devstack@g-api.service[118885]: DEBUG glance_store.location [None req-e071d515-4467-45ae-a084-bc86b5c8873a tempest-ImageDependencyTests-824653143 tempest-ImageDependencyTests-824653143-project-member] Registering scheme swift+https with {'store': <glance_store._drivers.swift.store.SingleTenantStore object at 0x7f2b90ed37c0>, 'location_class': <class 'glance_store._drivers.swift.store.StoreLocation'>, 'store_entry': 'swift'} {{(pid=118885) register_scheme_map /opt/stack/data/venv/lib/python3.10/site-packages/glance_store/location.py:146}}
Dec 18 15:15:25 ubuntu devstack@g-api.service[118885]: DEBUG glance_store.location [None req-e071d515-4467-45ae-a084-bc86b5c8873a tempest-ImageDependencyTests-824653143 tempest-ImageDependencyTests-824653143-project-member] Registering scheme swift+https with {'store': <glance_store._drivers.swift.store.SingleTenantStore object at 0x7f2b90ed37c0>, 'location_class': <class 'glance_store._drivers.swift.store.StoreLocation'>, 'store_entry': 'swift'} {{(pid=118885) register_scheme_map /opt/stack/data/venv/lib/python3.10/site-packages/glance_store/location.py:146}}
Dec 18 15:15:25 ubuntu devstack@g-api.service[118885]: DEBUG glance_store.location [None req-e071d515-4467-45ae-a084-bc86b5c8873a tempest-ImageDependencyTests-824653143 tempest-ImageDependencyTests-824653143-project-member] Registering scheme swift with {'store': <glance_store._drivers.swift.store.SingleTenantStore object at 0x7f2b90ed37c0>, 'location_class': <class 'glance_store._drivers.swift.store.StoreLocation'>, 'store_entry': 'swift'} {{(pid=118885) register_scheme_map /opt/stack/data/venv/lib/python3.10/site-packages/glance_store/location.py:146}}
Dec 18 15:15:25 ubuntu devstack@g-api.service[118885]: DEBUG glance_store.location [None req-e071d515-4467-45ae-a084-bc86b5c8873a tempest-ImageDependencyTests-824653143 tempest-ImageDependencyTests-824653143-project-member] Registering scheme swift+https with {'store': <glance_store._drivers.swift.store.SingleTenantStore object at 0x7f2b90ed37c0>, 'location_class': <class 'glance_store._drivers.swift.store.StoreLocation'>, 'store_entry': 'swift'} {{(pid=118885) register_scheme_map /opt/stack/data/venv/lib/python3.10/site-packages/glance_store/location.py:146}}
Dec 18 15:15:25 ubuntu devstack@g-api.service[118885]: DEBUG glance_store.location [None req-e071d515-4467-45ae-a084-bc86b5c8873a tempest-ImageDependencyTests-824653143 tempest-ImageDependencyTests-824653143-project-member] Registering scheme swift with {'store': <glance_store._drivers.swift.store.SingleTenantStore object at 0x7f2b90ed37c0>, 'location_class': <class 'glance_store._drivers.swift.store.StoreLocation'>, 'store_entry': 'swift'} {{(pid=118885) register_scheme_map /opt/stack/data/venv/lib/python3.10/site-packages/glance_store/location.py:146}}
Dec 18 15:15:25 ubuntu devstack@g-api.service[118885]: DEBUG glance_store.location [None req-e071d515-4467-45ae-a084-bc86b5c8873a tempest-ImageDependencyTests-824653143 tempest-ImageDependencyTests-824653143-project-member] Registering scheme swift+http with {'store': <glance_store._drivers.swift.store.SingleTenantStore object at 0x7f2b90ed37c0>, 'location_class': <class 'glance_store._drivers.swift.store.StoreLocation'>, 'store_entry': 'swift'} {{(pid=118885) register_scheme_map /opt/stack/data/venv/lib/python3.10/site-packages/glance_store/location.py:146}}
Dec 18 15:15:25 ubuntu devstack@g-api.service[118885]: DEBUG glance_store.location [None req-e071d515-4467-45ae-a084-bc86b5c8873a tempest-ImageDependencyTests-824653143 tempest-ImageDependencyTests-824653143-project-member] Registering scheme swift+https with {'store': <glance_store._drivers.swift.store.SingleTenantStore object at 0x7f2b90ed37c0>, 'location_class': <class 'glance_store._drivers.swift.store.StoreLocation'>, 'store_entry': 'swift'} {{(pid=118885) register_scheme_map /opt/stack/data/venv/lib/python3.10/site-packages/glance_store/location.py:146}}
Dec 18 15:15:25 ubuntu devstack@g-api.service[118885]: DEBUG glance_store.location [None req-e071d515-4467-45ae-a084-bc86b5c8873a tempest-ImageDependencyTests-824653143 tempest-ImageDependencyTests-824653143-project-member] Registering scheme swift with {'store': <glance_store._drivers.swift.store.SingleTenantStore object at 0x7f2b90ed37c0>, 'location_class': <class 'glance_store._drivers.swift.store.StoreLocation'>, 'store_entry': 'swift'} {{(pid=118885) register_scheme_map /opt/stack/data/venv/lib/python3.10/site-packages/glance_store/location.py:146}}
Dec 18 15:15:25 ubuntu devstack@g-api.service[118885]: DEBUG glance_store.location [None req-e071d515-4467-45ae-a084-bc86b5c8873a tempest-ImageDependencyTests-824653143 tempest-ImageDependencyTests-824653143-project-member] Registering scheme swift+http with {'store': <glance_store._drivers.swift.store.SingleTenantStore object at 0x7f2b90ed37c0>, 'location_class': <class 'glance_store._drivers.swift.store.StoreLocation'>, 'store_entry': 'swift'} {{(pid=118885) register_scheme_map /opt/stack/data/venv/lib/python3.10/site-packages/glance_store/location.py:146}}
Dec 18 15:15:25 ubuntu devstack@g-api.service[118885]: DEBUG glance_store.location [None req-e071d515-4467-45ae-a084-bc86b5c8873a tempest-ImageDependencyTests-824653143 tempest-ImageDependencyTests-824653143-project-member] Registering scheme swift+config with {'store': <glance_store._drivers.swift.store.SingleTenantStore object at 0x7f2b90ed37c0>, 'location_class': <class 'glance_store._drivers.swift.store.StoreLocation'>, 'store_entry': 'swift'} {{(pid=118885) register_scheme_map /opt/stack/data/venv/lib/python3.10/site-packages/glance_store/location.py:146}}
Dec 18 15:15:25 ubuntu devstack@g-api.service[118885]: DEBUG keystoneclient.auth.identity.v3.base [None req-e071d515-4467-45ae-a084-bc86b5c8873a tempest-ImageDependencyTests-824653143 tempest-ImageDependencyTests-824653143-project-member] Making authentication request to http://10.201.5.82/identity/v3/auth/tokens {{(pid=118885) get_auth_ref /opt/stack/data/venv/lib/python3.10/site-packages/keystoneclient/auth/identity/v3/base.py:185}}
Dec 18 15:15:25 ubuntu devstack@g-api.service[118885]: DEBUG keystoneclient.auth.identity.v3.base [None req-e071d515-4467-45ae-a084-bc86b5c8873a tempest-ImageDependencyTests-824653143 tempest-ImageDependencyTests-824653143-project-member] {"token": {"methods": ["password"], "user": {"domain": {"id": "default", "name": "Default"}, "id": "b4b3172a35e644848907318ad97095c2", "name": "glance-swift", "password_expires_at": null}, "audit_ids": ["pnlfYDpxQjCDTSeqFOhmVA"], "expires_at": "2024-12-18T16:15:25.000000Z", "issued_at": "2024-12-18T15:15:25.000000Z", "project": {"domain": {"id": "default", "name": "Default"}, "id": "0678795b69d44a27949a208c326a6c28", "name": "service"}, "is_domain": false, "roles": [{"id": "64e6baa410144bad8dc0c88ec6629444", "name": "ResellerAdmin"}, {"id": "787fcce149af416bb7eec3d02e9ef940", "name": "service"}], "catalog": [{"endpoints": [{"id": "53dd8c56a9db4501a31a15c654b9ef0c", "interface": "public", "region_id": "RegionOne", "url": "http://10.201.5.82/placement", "region": "RegionOne"}], "id": "0c610cefd3e64694824a61fbdfa7b135", "type": "placement", "name": "placement"}, {"endpoints": [{"id": "a4a76826ea204d1b86db6f116f7f0945", "interface": "public", "region_id": "RegionOne", "url": "http://10.201.5.82/volume/v3", "region": "RegionOne"}], "id": "348f2ade654e462fa09bd792ae079b59", "type": "block-storage", "name": "cinder"}, {"endpoints": [{"id": "1cb3b15374694597ba7856187c14e175", "interface": "public", "region_id": "RegionOne", "url": "http://10.201.5.82/identity", "region": "RegionOne"}], "id": "51271f6c5b6748aea53fb1df99b01f74", "type": "identity", "name": "keystone"}, {"endpoints": [{"id": "0a998c1eda3a428eb61e4b9a0edf1476", "interface": "public", "region_id": "RegionOne", "url": "http://10.201.5.82/compute/v2/0678795b69d44a27949a208c326a6c28", "region": "RegionOne"}], "id": "5178cac525aa410fab5e702239cb83c6", "type": "compute_legacy", "name": "nova_legacy"}, {"endpoints": [{"id": "29efba96818042598844ee55681a4643", "interface": "public", "region_id": "RegionOne", "url": "http://10.201.5.82:8080/v1/AUTH_0678795b69d44a27949a208c326a6c28", "region": "RegionOne"}, {"id": "f7f017d4f28044ec9eeb466f3b0d48cb", "interface": "admin", "region_id": "RegionOne", "url": "http://10.201.5.82:8080", "region": "RegionOne"}], "id": "5df2629212084e7a9189d9f7b472c20b", "type": "object-store", "name": "swift"}, {"endpoints": [{"id": "a89f057b4d8b4a17ba83acc3501721f8", "interface": "public", "region_id": "RegionOne", "url": "http://10.201.5.82:9696/networking", "region": "RegionOne"}], "id": "870eaa85dbed460a8e2f2558bcf73e83", "type": "network", "name": "neutron"}, {"endpoints": [{"id": "793ad89b5d6741a982b39779f94b7ff6", "interface": "public", "region_id": "RegionOne", "url": "http://10.201.5.82/compute/v2.1", "region": "RegionOne"}], "id": "af6d87aafaf745a28e96d048ed9f5cf9", "type": "compute", "name": "nova"}, {"endpoints": [{"id": "1536c153efe4418081681e125d47e971", "interface": "public", "region_id": "RegionOne", "url": "http://10.201.5.82/image", "region": "RegionOne"}], "id": "e711d995823e43028a124bae6a117c64", "type": "image", "name": "glance"}]}} {{(pid=118885) get_auth_ref /opt/stack/data/venv/lib/python3.10/site-packages/keystoneclient/auth/identity/v3/base.py:190}}
Dec 18 15:15:25 ubuntu devstack@g-api.service[118885]: DEBUG keystoneclient.httpclient [None req-e071d515-4467-45ae-a084-bc86b5c8873a tempest-ImageDependencyTests-824653143 tempest-ImageDependencyTests-824653143-project-member] Failed to find endpoint for management url admin endpoint for identity service not found {{(pid=118885) _process_management_url /opt/stack/data/venv/lib/python3.10/site-packages/keystoneclient/httpclient.py:670}}
Dec 18 15:15:25 ubuntu devstack@g-api.service[118885]: DEBUG swiftclient [None req-e071d515-4467-45ae-a084-bc86b5c8873a tempest-ImageDependencyTests-824653143 tempest-ImageDependencyTests-824653143-project-member] REQ: curl -i http://10.201.5.82:8080/v1/AUTH_0678795b69d44a27949a208c326a6c28/glance/614142a8-a0b4-4228-958e-ab74ee96db95 -I -H "X-Auth-Token: gAAAAABnYucNV9aK..." {{(pid=118885) http_log /opt/stack/data/venv/lib/python3.10/site-packages/swiftclient/client.py:160}}
Dec 18 15:15:25 ubuntu devstack@g-api.service[118885]: DEBUG swiftclient [None req-e071d515-4467-45ae-a084-bc86b5c8873a tempest-ImageDependencyTests-824653143 tempest-ImageDependencyTests-824653143-project-member] RESP STATUS: 200 OK {{(pid=118885) http_log /opt/stack/data/venv/lib/python3.10/site-packages/swiftclient/client.py:161}}
Dec 18 15:15:25 ubuntu devstack@g-api.service[118885]: DEBUG swiftclient [None req-e071d515-4467-45ae-a084-bc86b5c8873a tempest-ImageDependencyTests-824653143 tempest-ImageDependencyTests-824653143-project-member] RESP HEADERS: {'Content-Type': 'application/octet-stream', 'Content-Length': '1024', 'Etag': '8e1e4e7b3a1ddab2e9d6dd4005f9b134', 'Last-Modified': 'Wed, 18 Dec 2024 15:15:19 GMT', 'X-Timestamp': '1734534918.22412', 'Accept-Ranges': 'bytes', 'X-Trans-Id': 'tx43a9be37633c406c9e54a-006762e70d', 'X-Openstack-Request-Id': 'tx43a9be37633c406c9e54a-006762e70d', 'Date': 'Wed, 18 Dec 2024 15:15:25 GMT'} {{(pid=118885) http_log /opt/stack/data/venv/lib/python3.10/site-packages/swiftclient/client.py:162}}
Dec 18 15:15:25 ubuntu devstack@g-api.service[118885]: DEBUG swiftclient [None req-e071d515-4467-45ae-a084-bc86b5c8873a tempest-ImageDependencyTests-824653143 tempest-ImageDependencyTests-824653143-project-member] REQ: curl -i http://10.201.5.82:8080/v1/AUTH_0678795b69d44a27949a208c326a6c28/glance/614142a8-a0b4-4228-958e-ab74ee96db95 DELETE -H "X-Auth-Token: gAAAAABnYucNV9aK..." {{(pid=118885) http_log /opt/stack/data/venv/lib/python3.10/site-packages/swiftclient/client.py:160}}
Dec 18 15:15:25 ubuntu devstack@g-api.service[118885]: DEBUG swiftclient [None req-e071d515-4467-45ae-a084-bc86b5c8873a tempest-ImageDependencyTests-824653143 tempest-ImageDependencyTests-824653143-project-member] RESP STATUS: 204 No Content {{(pid=118885) http_log /opt/stack/data/venv/lib/python3.10/site-packages/swiftclient/client.py:161}}
Dec 18 15:15:25 ubuntu devstack@g-api.service[118885]: DEBUG swiftclient [None req-e071d515-4467-45ae-a084-bc86b5c8873a tempest-ImageDependencyTests-824653143 tempest-ImageDependencyTests-824653143-project-member] RESP HEADERS: {'Content-Type': 'text/html; charset=UTF-8', 'Content-Length': '0', 'X-Trans-Id': 'tx511801d9ae0b46edbf271-006762e70d', 'X-Openstack-Request-Id': 'tx511801d9ae0b46edbf271-006762e70d', 'Date': 'Wed, 18 Dec 2024 15:15:25 GMT'} {{(pid=118885) http_log /opt/stack/data/venv/lib/python3.10/site-packages/swiftclient/client.py:162}}
Dec 18 15:15:25 ubuntu devstack@g-api.service[118885]: DEBUG glance.api.middleware.cache [None req-e071d515-4467-45ae-a084-bc86b5c8873a tempest-ImageDependencyTests-824653143 tempest-ImageDependencyTests-824653143-project-member] Removing image 614142a8-a0b4-4228-958e-ab74ee96db95 from cache {{(pid=118885) _process_DELETE_response /opt/stack/glance/glance/api/middleware/cache.py:264}}
Dec 18 15:15:25 ubuntu devstack@g-api.service[118885]: DEBUG glance.image_cache.drivers.centralized_db [None req-e071d515-4467-45ae-a084-bc86b5c8873a tempest-ImageDependencyTests-824653143 tempest-ImageDependencyTests-824653143-project-member] Deleting image cache file '/opt/stack/data/glance/cache/614142a8-a0b4-4228-958e-ab74ee96db95' {{(pid=118885) delete_cached_file /opt/stack/glance/glance/image_cache/drivers/centralized_db.py:387}}
Dec 18 15:15:25 ubuntu devstack@g-api.service[118885]: [pid: 118885|app: 0|req: 33/64] 127.0.0.1 () {38 vars in 773 bytes} [Wed Dec 18 15:15:25 2024] DELETE /v2/images/614142a8-a0b4-4228-958e-ab74ee96db95 => generated 0 bytes in 176 msecs (HTTP/1.1 204) 4 headers in 171 bytes (1 switches on core 0)
Dec 18 15:15:25 ubuntu devstack@g-api.service[118884]: DEBUG glance.api.middleware.version_negotiation [None req-c2e834d6-9025-485b-a541-50f097c06369 tempest-ImageDependencyTests-824653143 tempest-ImageDependencyTests-824653143-project-member] Determining version of request: GET /v2/images/614142a8-a0b4-4228-958e-ab74ee96db95 Accept: application/json {{(pid=118884) process_request /opt/stack/glance/glance/api/middleware/version_negotiation.py:44}}
Dec 18 15:15:25 ubuntu devstack@g-api.service[118884]: DEBUG glance.api.middleware.version_negotiation [None req-c2e834d6-9025-485b-a541-50f097c06369 tempest-ImageDependencyTests-824653143 tempest-ImageDependencyTests-824653143-project-member] Using url versioning {{(pid=118884) process_request /opt/stack/glance/glance/api/middleware/version_negotiation.py:57}}
Dec 18 15:15:25 ubuntu devstack@g-api.service[118884]: DEBUG glance.api.middleware.version_negotiation [None req-c2e834d6-9025-485b-a541-50f097c06369 tempest-ImageDependencyTests-824653143 tempest-ImageDependencyTests-824653143-project-member] Matched version: v2 {{(pid=118884) process_request /opt/stack/glance/glance/api/middleware/version_negotiation.py:69}}
Dec 18 15:15:25 ubuntu devstack@g-api.service[118884]: DEBUG glance.api.middleware.version_negotiation [None req-c2e834d6-9025-485b-a541-50f097c06369 tempest-ImageDependencyTests-824653143 tempest-ImageDependencyTests-824653143-project-member] new path /v2/images/614142a8-a0b4-4228-958e-ab74ee96db95 {{(pid=118884) process_request /opt/stack/glance/glance/api/middleware/version_negotiation.py:70}}
Dec 18 15:15:25 ubuntu devstack@g-api.service[118884]: DEBUG glance.db.sqlalchemy.api [None req-2808354d-ce1a-42dc-80a1-ca9fdf705245 tempest-ImageDependencyTests-824653143 tempest-ImageDependencyTests-824653143-project-member] No image found with ID 614142a8-a0b4-4228-958e-ab74ee96db95 {{(pid=118884) _image_get /opt/stack/glance/glance/db/sqlalchemy/api.py:309}}
Dec 18 15:15:25 ubuntu devstack@g-api.service[118884]: [pid: 118884|app: 0|req: 32/65] 127.0.0.1 () {38 vars in 770 bytes} [Wed Dec 18 15:15:25 2024] GET /v2/images/614142a8-a0b4-4228-958e-ab74ee96db95 => generated 139 bytes in 10 msecs (HTTP/1.1 404) 4 headers in 164 bytes (1 switches on core 0)
Dec 18 15:15:35 ubuntu devstack@g-api.service[118885]: DEBUG dbcounter [-] [118885] Writing DB stats glance:SELECT=52,glance:UPDATE=9,glance:INSERT=1,glance:DELETE=1 {{(pid=118885) stat_writer /opt/stack/data/venv/lib/python3.10/site-packages/dbcounter.py:115}}
Dec 18 15:15:35 ubuntu devstack@g-api.service[118884]: DEBUG dbcounter [-] [118884] Writing DB stats glance:SELECT=32,glance:INSERT=2,glance:UPDATE=1 {{(pid=118884) stat_writer /opt/stack/data/venv/lib/python3.10/site-packages/dbcounter.py:115}}
