Jun 03 08:25:40 ubuntu devstack@keystone.service[80970]: ERROR keystone.server.flask.application   File "/opt/stack/data/venv/lib/python3.10/site-packages/pymysql/cursors.py", line 153, in execute
Jun 03 08:25:40 ubuntu devstack@keystone.service[80970]: ERROR keystone.server.flask.application     result = self._query(query)
Jun 03 08:25:40 ubuntu devstack@keystone.service[80970]: ERROR keystone.server.flask.application   File "/opt/stack/data/venv/lib/python3.10/site-packages/pymysql/cursors.py", line 322, in _query
Jun 03 08:25:40 ubuntu devstack@keystone.service[80970]: ERROR keystone.server.flask.application     conn.query(q)
Jun 03 08:25:40 ubuntu devstack@keystone.service[80970]: ERROR keystone.server.flask.application   File "/opt/stack/data/venv/lib/python3.10/site-packages/pymysql/connections.py", line 563, in query
Jun 03 08:25:40 ubuntu devstack@keystone.service[80970]: ERROR keystone.server.flask.application     self._affected_rows = self._read_query_result(unbuffered=unbuffered)
Jun 03 08:25:40 ubuntu devstack@keystone.service[80970]: ERROR keystone.server.flask.application   File "/opt/stack/data/venv/lib/python3.10/site-packages/pymysql/connections.py", line 825, in _read_query_result
Jun 03 08:25:40 ubuntu devstack@keystone.service[80970]: ERROR keystone.server.flask.application     result.read()
Jun 03 08:25:40 ubuntu devstack@keystone.service[80970]: ERROR keystone.server.flask.application   File "/opt/stack/data/venv/lib/python3.10/site-packages/pymysql/connections.py", line 1199, in read
Jun 03 08:25:40 ubuntu devstack@keystone.service[80970]: ERROR keystone.server.flask.application     first_packet = self.connection._read_packet()
Jun 03 08:25:40 ubuntu devstack@keystone.service[80970]: ERROR keystone.server.flask.application   File "/opt/stack/data/venv/lib/python3.10/site-packages/pymysql/connections.py", line 775, in _read_packet
Jun 03 08:25:40 ubuntu devstack@keystone.service[80970]: ERROR keystone.server.flask.application     packet.raise_for_error()
Jun 03 08:25:40 ubuntu devstack@keystone.service[80970]: ERROR keystone.server.flask.application   File "/opt/stack/data/venv/lib/python3.10/site-packages/pymysql/protocol.py", line 219, in raise_for_error
Jun 03 08:25:40 ubuntu devstack@keystone.service[80970]: ERROR keystone.server.flask.application     err.raise_mysql_exception(self._data)
Jun 03 08:25:40 ubuntu devstack@keystone.service[80970]: ERROR keystone.server.flask.application   File "/opt/stack/data/venv/lib/python3.10/site-packages/pymysql/err.py", line 150, in raise_mysql_exception
Jun 03 08:25:40 ubuntu devstack@keystone.service[80970]: ERROR keystone.server.flask.application     raise errorclass(errno, errval)
Jun 03 08:25:40 ubuntu devstack@keystone.service[80970]: ERROR keystone.server.flask.application oslo_db.exception.DBDuplicateEntry: (pymysql.err.IntegrityError) (1062, "Duplicate entry 'service-<<null>>' for key 'role.ixu_role_name_domain_id'")
Jun 03 08:25:40 ubuntu devstack@keystone.service[80970]: ERROR keystone.server.flask.application [SQL: INSERT INTO `role` (id, name, description, extra) VALUES (%(id)s, %(name)s, %(description)s, %(extra)s)]
Jun 03 08:25:40 ubuntu devstack@keystone.service[80970]: ERROR keystone.server.flask.application [parameters: {'id': '8595795c1a2947fc86a049bde8d29f3e', 'name': 'service', 'description': None, 'extra': '{}'}]
Jun 03 08:25:40 ubuntu devstack@keystone.service[80970]: ERROR keystone.server.flask.application (Background on this error at: https://sqlalche.me/e/20/gkpj)
Jun 03 08:25:40 ubuntu devstack@keystone.service[80970]: ERROR keystone.server.flask.application 
Jun 03 08:25:40 ubuntu devstack@keystone.service[80970]: ERROR keystone.server.flask.application During handling of the above exception, another exception occurred:
Jun 03 08:25:40 ubuntu devstack@keystone.service[80970]: ERROR keystone.server.flask.application 
Jun 03 08:25:40 ubuntu devstack@keystone.service[80970]: ERROR keystone.server.flask.application Traceback (most recent call last):
Jun 03 08:25:40 ubuntu devstack@keystone.service[80970]: ERROR keystone.server.flask.application   File "/opt/stack/data/venv/lib/python3.10/site-packages/flask/app.py", line 917, in full_dispatch_request
Jun 03 08:25:40 ubuntu devstack@keystone.service[80970]: ERROR keystone.server.flask.application     rv = self.dispatch_request()
Jun 03 08:25:40 ubuntu devstack@keystone.service[80970]: ERROR keystone.server.flask.application   File "/opt/stack/data/venv/lib/python3.10/site-packages/flask/app.py", line 902, in dispatch_request
Jun 03 08:25:40 ubuntu devstack@keystone.service[80970]: ERROR keystone.server.flask.application     return self.ensure_sync(self.view_functions[rule.endpoint])(**view_args)  # type: ignore[no-any-return]
Jun 03 08:25:40 ubuntu devstack@keystone.service[80970]: ERROR keystone.server.flask.application   File "/opt/stack/data/venv/lib/python3.10/site-packages/flask_restful/__init__.py", line 489, in wrapper
Jun 03 08:25:40 ubuntu devstack@keystone.service[80970]: ERROR keystone.server.flask.application     resp = resource(*args, **kwargs)
Jun 03 08:25:40 ubuntu devstack@keystone.service[80970]: ERROR keystone.server.flask.application   File "/opt/stack/data/venv/lib/python3.10/site-packages/flask/views.py", line 110, in view
Jun 03 08:25:40 ubuntu devstack@keystone.service[80970]: ERROR keystone.server.flask.application     return current_app.ensure_sync(self.dispatch_request)(**kwargs)  # type: ignore[no-any-return]
Jun 03 08:25:40 ubuntu devstack@keystone.service[80970]: ERROR keystone.server.flask.application   File "/opt/stack/data/venv/lib/python3.10/site-packages/flask_restful/__init__.py", line 604, in dispatch_request
Jun 03 08:25:40 ubuntu devstack@keystone.service[80970]: ERROR keystone.server.flask.application     resp = meth(*args, **kwargs)
Jun 03 08:25:40 ubuntu devstack@keystone.service[80970]: ERROR keystone.server.flask.application   File "/opt/stack/keystone/keystone/api/validation/__init__.py", line 80, in wrapper
Jun 03 08:25:40 ubuntu devstack@keystone.service[80970]: ERROR keystone.server.flask.application     return func(*args, **kwargs)
Jun 03 08:25:40 ubuntu devstack@keystone.service[80970]: ERROR keystone.server.flask.application   File "/opt/stack/keystone/keystone/api/validation/__init__.py", line 139, in wrapper
Jun 03 08:25:40 ubuntu devstack@keystone.service[80970]: ERROR keystone.server.flask.application     response = func(*args, **kwargs)
Jun 03 08:25:40 ubuntu devstack@keystone.service[80970]: ERROR keystone.server.flask.application   File "/opt/stack/keystone/keystone/api/roles.py", line 91, in post
Jun 03 08:25:40 ubuntu devstack@keystone.service[80970]: ERROR keystone.server.flask.application     ref = PROVIDERS.role_api.create_role(
Jun 03 08:25:40 ubuntu devstack@keystone.service[80970]: ERROR keystone.server.flask.application   File "/opt/stack/keystone/keystone/common/manager.py", line 114, in wrapped
Jun 03 08:25:40 ubuntu devstack@keystone.service[80970]: ERROR keystone.server.flask.application     __ret_val = __f(*args, **kwargs)
Jun 03 08:25:40 ubuntu devstack@keystone.service[80970]: ERROR keystone.server.flask.application   File "/opt/stack/keystone/keystone/assignment/core.py", line 1496, in create_role
Jun 03 08:25:40 ubuntu devstack@keystone.service[80970]: ERROR keystone.server.flask.application     ret = self.driver.create_role(role_id, role)
Jun 03 08:25:40 ubuntu devstack@keystone.service[80970]: ERROR keystone.server.flask.application   File "/opt/stack/keystone/keystone/common/sql/core.py", line 614, in wrapper
Jun 03 08:25:40 ubuntu devstack@keystone.service[80970]: ERROR keystone.server.flask.application     raise exception.Conflict(type=conflict_type, details=msg)
Jun 03 08:25:40 ubuntu devstack@keystone.service[80970]: ERROR keystone.server.flask.application keystone.exception.Conflict: Conflict occurred attempting to store role - Duplicate entry found with name service.
Jun 03 08:25:40 ubuntu devstack@keystone.service[80970]: ERROR keystone.server.flask.application 
Jun 03 08:25:40 ubuntu devstack@keystone.service[80970]: [pid: 80970|app: 0|req: 17/36] 10.201.5.82 () {60 vars in 1167 bytes} [Tue Jun  3 08:25:40 2025] POST /identity/v3/roles => generated 140 bytes in 100 msecs (HTTP/1.1 409) 5 headers in 183 bytes (1 switches on core 0)
Jun 03 08:25:40 ubuntu devstack@keystone.service[80970]: DEBUG keystone.server.flask.request_processing.middleware.auth_context [None req-2d79f27d-428b-4578-8855-29153bf78bd5 None admin] Authenticating user token {{(pid=80970) process_request /opt/stack/data/venv/lib/python3.10/site-packages/keystonemiddleware/auth_token/__init__.py:407}}
Jun 03 08:25:40 ubuntu devstack@keystone.service[80971]: DEBUG keystone.server.flask.request_processing.middleware.auth_context [None req-f63a9db4-a5d2-4ab5-94ba-03c036ec6317 None admin] Validating token access rules against request {{(pid=80971) validate_allowed_request /opt/stack/data/venv/lib/python3.10/site-packages/keystonemiddleware/auth_token/__init__.py:545}}
Jun 03 08:25:40 ubuntu devstack@keystone.service[80971]: DEBUG keystone.server.flask.request_processing.middleware.auth_context [None req-08567dff-cca3-4a90-be68-47349fd056b2 None admin] RBAC: auth_context: {'token': <TokenModel (audit_id=agZJocdmSMaygNkZSzfGHQ, audit_chain_id=['agZJocdmSMaygNkZSzfGHQ']) at 0x7f01cddd7700>, 'domain_id': None, 'trust_id': None, 'trustor_id': None, 'trustee_id': None, 'domain_name': None, 'group_ids': [], 'user_id': 'fd1bf1b8ec7d45ac866f07bac434a170', 'user_domain_id': 'default', 'system_scope': 'all', 'project_id': None, 'project_domain_id': None, 'roles': ['admin', 'manager', 'member', 'reader'], 'is_admin_project': True, 'service_user_id': None, 'service_user_domain_id': None, 'service_project_id': None, 'service_project_domain_id': None, 'service_roles': []} {{(pid=80971) fill_context /opt/stack/keystone/keystone/server/flask/request_processing/middleware/auth_context.py:509}}
Jun 03 08:25:40 ubuntu devstack@keystone.service[80971]: DEBUG keystone.server.flask.request_processing.req_logging [None req-08567dff-cca3-4a90-be68-47349fd056b2 None admin] REQUEST_METHOD: `GET` {{(pid=80971) log_request_info /opt/stack/keystone/keystone/server/flask/request_processing/req_logging.py:26}}
Jun 03 08:25:40 ubuntu devstack@keystone.service[80971]: DEBUG keystone.server.flask.request_processing.req_logging [None req-08567dff-cca3-4a90-be68-47349fd056b2 None admin] SCRIPT_NAME: `/identity` {{(pid=80971) log_request_info /opt/stack/keystone/keystone/server/flask/request_processing/req_logging.py:27}}
Jun 03 08:25:40 ubuntu devstack@keystone.service[80971]: DEBUG keystone.server.flask.request_processing.req_logging [None req-08567dff-cca3-4a90-be68-47349fd056b2 None admin] PATH_INFO: `/v3/domains/default` {{(pid=80971) log_request_info /opt/stack/keystone/keystone/server/flask/request_processing/req_logging.py:28}}
Jun 03 08:25:40 ubuntu devstack@keystone.service[80971]: DEBUG keystone.common.rbac_enforcer.enforcer [None req-08567dff-cca3-4a90-be68-47349fd056b2 None admin] RBAC: Authorizing `identity:get_domain(domain_id=default)` {{(pid=80971) enforce_call /opt/stack/keystone/keystone/common/rbac_enforcer/enforcer.py:494}}
Jun 03 08:25:40 ubuntu devstack@keystone.service[80971]: DEBUG keystone.common.rbac_enforcer.enforcer [None req-08567dff-cca3-4a90-be68-47349fd056b2 None admin] RBAC: Authorization granted {{(pid=80971) enforce_call /opt/stack/keystone/keystone/common/rbac_enforcer/enforcer.py:505}}
Jun 03 08:25:40 ubuntu devstack@keystone.service[80971]: [pid: 80971|app: 0|req: 20/37] 10.201.5.82 () {56 vars in 1144 bytes} [Tue Jun  3 08:25:40 2025] GET /identity/v3/domains/default => generated 199 bytes in 63 msecs (HTTP/1.1 200) 5 headers in 177 bytes (2 switches on core 0)
Jun 03 08:25:40 ubuntu devstack@keystone.service[80971]: DEBUG keystone.server.flask.request_processing.middleware.auth_context [None req-08567dff-cca3-4a90-be68-47349fd056b2 None admin] Authenticating user token {{(pid=80971) process_request /opt/stack/data/venv/lib/python3.10/site-packages/keystonemiddleware/auth_token/__init__.py:407}}
Jun 03 08:25:40 ubuntu devstack@keystone.service[80970]: DEBUG keystone.server.flask.request_processing.middleware.auth_context [None req-2d79f27d-428b-4578-8855-29153bf78bd5 None admin] Validating token access rules against request {{(pid=80970) validate_allowed_request /opt/stack/data/venv/lib/python3.10/site-packages/keystonemiddleware/auth_token/__init__.py:545}}
Jun 03 08:25:40 ubuntu devstack@keystone.service[80971]: DEBUG keystone.server.flask.request_processing.middleware.auth_context [None req-08567dff-cca3-4a90-be68-47349fd056b2 None admin] Validating token access rules against request {{(pid=80971) validate_allowed_request /opt/stack/data/venv/lib/python3.10/site-packages/keystonemiddleware/auth_token/__init__.py:545}}
Jun 03 08:25:40 ubuntu devstack@keystone.service[80970]: DEBUG keystone.server.flask.request_processing.middleware.auth_context [None req-b02e25b0-d174-45d3-99de-9108d1d0e0a6 None admin] RBAC: auth_context: {'token': <TokenModel (audit_id=e4TyflXaQ5yh94uS0c5U5Q, audit_chain_id=['e4TyflXaQ5yh94uS0c5U5Q']) at 0x7f01cda9ab30>, 'domain_id': None, 'trust_id': None, 'trustor_id': None, 'trustee_id': None, 'domain_name': None, 'group_ids': [], 'user_id': 'fd1bf1b8ec7d45ac866f07bac434a170', 'user_domain_id': 'default', 'system_scope': 'all', 'project_id': None, 'project_domain_id': None, 'roles': ['admin', 'manager', 'member', 'reader'], 'is_admin_project': True, 'service_user_id': None, 'service_user_domain_id': None, 'service_project_id': None, 'service_project_domain_id': None, 'service_roles': []} {{(pid=80970) fill_context /opt/stack/keystone/keystone/server/flask/request_processing/middleware/auth_context.py:509}}
Jun 03 08:25:40 ubuntu devstack@keystone.service[80970]: DEBUG keystone.server.flask.request_processing.req_logging [None req-b02e25b0-d174-45d3-99de-9108d1d0e0a6 None admin] REQUEST_METHOD: `GET` {{(pid=80970) log_request_info /opt/stack/keystone/keystone/server/flask/request_processing/req_logging.py:26}}
Jun 03 08:25:40 ubuntu devstack@keystone.service[80970]: DEBUG keystone.server.flask.request_processing.req_logging [None req-b02e25b0-d174-45d3-99de-9108d1d0e0a6 None admin] SCRIPT_NAME: `/identity` {{(pid=80970) log_request_info /opt/stack/keystone/keystone/server/flask/request_processing/req_logging.py:27}}
Jun 03 08:25:40 ubuntu devstack@keystone.service[80970]: DEBUG keystone.server.flask.request_processing.req_logging [None req-b02e25b0-d174-45d3-99de-9108d1d0e0a6 None admin] PATH_INFO: `/v3/roles/service` {{(pid=80970) log_request_info /opt/stack/keystone/keystone/server/flask/request_processing/req_logging.py:28}}
Jun 03 08:25:40 ubuntu devstack@keystone.service[80971]: DEBUG keystone.server.flask.request_processing.middleware.auth_context [None req-5bfdfd0b-463b-4c37-a9d7-28dfc0e7d114 None admin] RBAC: auth_context: {'token': <TokenModel (audit_id=agZJocdmSMaygNkZSzfGHQ, audit_chain_id=['agZJocdmSMaygNkZSzfGHQ']) at 0x7f01cddd7d00>, 'domain_id': None, 'trust_id': None, 'trustor_id': None, 'trustee_id': None, 'domain_name': None, 'group_ids': [], 'user_id': 'fd1bf1b8ec7d45ac866f07bac434a170', 'user_domain_id': 'default', 'system_scope': 'all', 'project_id': None, 'project_domain_id': None, 'roles': ['admin', 'manager', 'member', 'reader'], 'is_admin_project': True, 'service_user_id': None, 'service_user_domain_id': None, 'service_project_id': None, 'service_project_domain_id': None, 'service_roles': []} {{(pid=80971) fill_context /opt/stack/keystone/keystone/server/flask/request_processing/middleware/auth_context.py:509}}
Jun 03 08:25:40 ubuntu devstack@keystone.service[80971]: DEBUG keystone.server.flask.request_processing.req_logging [None req-5bfdfd0b-463b-4c37-a9d7-28dfc0e7d114 None admin] REQUEST_METHOD: `GET` {{(pid=80971) log_request_info /opt/stack/keystone/keystone/server/flask/request_processing/req_logging.py:26}}
Jun 03 08:25:40 ubuntu devstack@keystone.service[80971]: DEBUG keystone.server.flask.request_processing.req_logging [None req-5bfdfd0b-463b-4c37-a9d7-28dfc0e7d114 None admin] SCRIPT_NAME: `/identity` {{(pid=80971) log_request_info /opt/stack/keystone/keystone/server/flask/request_processing/req_logging.py:27}}
Jun 03 08:25:40 ubuntu devstack@keystone.service[80971]: DEBUG keystone.server.flask.request_processing.req_logging [None req-5bfdfd0b-463b-4c37-a9d7-28dfc0e7d114 None admin] PATH_INFO: `/v3/role_assignments` {{(pid=80971) log_request_info /opt/stack/keystone/keystone/server/flask/request_processing/req_logging.py:28}}
Jun 03 08:25:40 ubuntu devstack@keystone.service[80970]: DEBUG keystone.common.rbac_enforcer.enforcer [None req-b02e25b0-d174-45d3-99de-9108d1d0e0a6 None admin] Extracting inferred target data resulted in "NOT FOUND (404)". {{(pid=80970) enforce_call /opt/stack/keystone/keystone/common/rbac_enforcer/enforcer.py:445}}
Jun 03 08:25:40 ubuntu devstack@keystone.service[80971]: DEBUG keystone.common.rbac_enforcer.enforcer [None req-5bfdfd0b-463b-4c37-a9d7-28dfc0e7d114 None admin] RBAC: Adding query filter params (role.id=d31cd210eb3c4ed9a1158c9a85c3c073, scope.domain.id=default, user.id=fd1bf1b8ec7d45ac866f07bac434a170) {{(pid=80971) _extract_filter_values /opt/stack/keystone/keystone/common/rbac_enforcer/enforcer.py:176}}
Jun 03 08:25:40 ubuntu devstack@keystone.service[80971]: DEBUG keystone.common.rbac_enforcer.enforcer [None req-5bfdfd0b-463b-4c37-a9d7-28dfc0e7d114 None admin] RBAC: Authorizing `identity:list_role_assignments()` {{(pid=80971) enforce_call /opt/stack/keystone/keystone/common/rbac_enforcer/enforcer.py:494}}
Jun 03 08:25:40 ubuntu devstack@keystone.service[80971]: DEBUG keystone.common.rbac_enforcer.enforcer [None req-5bfdfd0b-463b-4c37-a9d7-28dfc0e7d114 None admin] RBAC: Authorization granted {{(pid=80971) enforce_call /opt/stack/keystone/keystone/common/rbac_enforcer/enforcer.py:505}}
Jun 03 08:25:40 ubuntu devstack@keystone.service[80970]: DEBUG keystone.server.flask.application [None req-b02e25b0-d174-45d3-99de-9108d1d0e0a6 None admin] Could not find role: service. {{(pid=80970) _handle_keystone_exception /opt/stack/keystone/keystone/server/flask/application.py:146}}
Jun 03 08:25:40 ubuntu devstack@keystone.service[80970]: [pid: 80970|app: 0|req: 18/38] 10.201.5.82 () {56 vars in 1138 bytes} [Tue Jun  3 08:25:40 2025] GET /identity/v3/roles/service => generated 85 bytes in 101 msecs (HTTP/1.1 404) 5 headers in 183 bytes (1 switches on core 0)
Jun 03 08:25:40 ubuntu devstack@keystone.service[80970]: DEBUG keystone.server.flask.request_processing.middleware.auth_context [None req-b02e25b0-d174-45d3-99de-9108d1d0e0a6 None admin] Authenticating user token {{(pid=80970) process_request /opt/stack/data/venv/lib/python3.10/site-packages/keystonemiddleware/auth_token/__init__.py:407}}
Jun 03 08:25:40 ubuntu devstack@keystone.service[80971]: [pid: 80971|app: 0|req: 21/39] 10.201.5.82 () {56 vars in 1371 bytes} [Tue Jun  3 08:25:40 2025] GET /identity/v3/role_assignments?role.id=d31cd210eb3c4ed9a1158c9a85c3c073&scope.domain.id=default&user.id=fd1bf1b8ec7d45ac866f07bac434a170 => generated 530 bytes in 64 msecs (HTTP/1.1 200) 5 headers in 177 bytes (2 switches on core 0)
Jun 03 08:25:40 ubuntu devstack@keystone.service[80971]: DEBUG keystone.server.flask.request_processing.middleware.auth_context [None req-5bfdfd0b-463b-4c37-a9d7-28dfc0e7d114 None admin] Authenticating user token {{(pid=80971) process_request /opt/stack/data/venv/lib/python3.10/site-packages/keystonemiddleware/auth_token/__init__.py:407}}
Jun 03 08:25:40 ubuntu devstack@keystone.service[80970]: DEBUG keystone.server.flask.request_processing.middleware.auth_context [None req-b02e25b0-d174-45d3-99de-9108d1d0e0a6 None admin] Validating token access rules against request {{(pid=80970) validate_allowed_request /opt/stack/data/venv/lib/python3.10/site-packages/keystonemiddleware/auth_token/__init__.py:545}}
Jun 03 08:25:40 ubuntu devstack@keystone.service[80971]: DEBUG keystone.server.flask.request_processing.middleware.auth_context [None req-5bfdfd0b-463b-4c37-a9d7-28dfc0e7d114 None admin] Validating token access rules against request {{(pid=80971) validate_allowed_request /opt/stack/data/venv/lib/python3.10/site-packages/keystonemiddleware/auth_token/__init__.py:545}}
Jun 03 08:25:40 ubuntu devstack@keystone.service[80970]: DEBUG keystone.server.flask.request_processing.middleware.auth_context [None req-1f5b5b3d-38f8-4678-8a4c-3edcbdca07d4 None admin] RBAC: auth_context: {'token': <TokenModel (audit_id=9mRphm20TFqC_8_dK1QrgA, audit_chain_id=['9mRphm20TFqC_8_dK1QrgA']) at 0x7f01cda98700>, 'domain_id': None, 'trust_id': None, 'trustor_id': None, 'trustee_id': None, 'domain_name': None, 'group_ids': [], 'user_id': 'fd1bf1b8ec7d45ac866f07bac434a170', 'user_domain_id': 'default', 'system_scope': 'all', 'project_id': None, 'project_domain_id': None, 'roles': ['admin', 'manager', 'member', 'reader'], 'is_admin_project': True, 'service_user_id': None, 'service_user_domain_id': None, 'service_project_id': None, 'service_project_domain_id': None, 'service_roles': []} {{(pid=80970) fill_context /opt/stack/keystone/keystone/server/flask/request_processing/middleware/auth_context.py:509}}
Jun 03 08:25:40 ubuntu devstack@keystone.service[80970]: DEBUG keystone.server.flask.request_processing.req_logging [None req-1f5b5b3d-38f8-4678-8a4c-3edcbdca07d4 None admin] REQUEST_METHOD: `POST` {{(pid=80970) log_request_info /opt/stack/keystone/keystone/server/flask/request_processing/req_logging.py:26}}
Jun 03 08:25:40 ubuntu devstack@keystone.service[80970]: DEBUG keystone.server.flask.request_processing.req_logging [None req-1f5b5b3d-38f8-4678-8a4c-3edcbdca07d4 None admin] SCRIPT_NAME: `/identity` {{(pid=80970) log_request_info /opt/stack/keystone/keystone/server/flask/request_processing/req_logging.py:27}}
Jun 03 08:25:40 ubuntu devstack@keystone.service[80970]: DEBUG keystone.server.flask.request_processing.req_logging [None req-1f5b5b3d-38f8-4678-8a4c-3edcbdca07d4 None admin] PATH_INFO: `/v3/roles` {{(pid=80970) log_request_info /opt/stack/keystone/keystone/server/flask/request_processing/req_logging.py:28}}
Jun 03 08:25:40 ubuntu devstack@keystone.service[80970]: DEBUG keystone.common.rbac_enforcer.enforcer [None req-1f5b5b3d-38f8-4678-8a4c-3edcbdca07d4 None admin] RBAC: Authorizing `identity:create_role()` {{(pid=80970) enforce_call /opt/stack/keystone/keystone/common/rbac_enforcer/enforcer.py:494}}
Jun 03 08:25:40 ubuntu devstack@keystone.service[80970]: DEBUG keystone.common.rbac_enforcer.enforcer [None req-1f5b5b3d-38f8-4678-8a4c-3edcbdca07d4 None admin] RBAC: Authorization granted {{(pid=80970) enforce_call /opt/stack/keystone/keystone/common/rbac_enforcer/enforcer.py:505}}
Jun 03 08:25:40 ubuntu devstack@keystone.service[80971]: DEBUG keystone.server.flask.request_processing.middleware.auth_context [None req-2db9c208-4b54-410e-af8c-c38460f38a49 None admin] RBAC: auth_context: {'token': <TokenModel (audit_id=e4TyflXaQ5yh94uS0c5U5Q, audit_chain_id=['e4TyflXaQ5yh94uS0c5U5Q']) at 0x7f01cddd6a10>, 'domain_id': None, 'trust_id': None, 'trustor_id': None, 'trustee_id': None, 'domain_name': None, 'group_ids': [], 'user_id': 'fd1bf1b8ec7d45ac866f07bac434a170', 'user_domain_id': 'default', 'system_scope': 'all', 'project_id': None, 'project_domain_id': None, 'roles': ['admin', 'manager', 'member', 'reader'], 'is_admin_project': True, 'service_user_id': None, 'service_user_domain_id': None, 'service_project_id': None, 'service_project_domain_id': None, 'service_roles': []} {{(pid=80971) fill_context /opt/stack/keystone/keystone/server/flask/request_processing/middleware/auth_context.py:509}}
Jun 03 08:25:40 ubuntu devstack@keystone.service[80971]: DEBUG keystone.server.flask.request_processing.req_logging [None req-2db9c208-4b54-410e-af8c-c38460f38a49 None admin] REQUEST_METHOD: `GET` {{(pid=80971) log_request_info /opt/stack/keystone/keystone/server/flask/request_processing/req_logging.py:26}}
Jun 03 08:25:40 ubuntu devstack@keystone.service[80971]: DEBUG keystone.server.flask.request_processing.req_logging [None req-2db9c208-4b54-410e-af8c-c38460f38a49 None admin] SCRIPT_NAME: `/identity` {{(pid=80971) log_request_info /opt/stack/keystone/keystone/server/flask/request_processing/req_logging.py:27}}
Jun 03 08:25:40 ubuntu devstack@keystone.service[80971]: DEBUG keystone.server.flask.request_processing.req_logging [None req-2db9c208-4b54-410e-af8c-c38460f38a49 None admin] PATH_INFO: `/v3/roles` {{(pid=80971) log_request_info /opt/stack/keystone/keystone/server/flask/request_processing/req_logging.py:28}}
Jun 03 08:25:40 ubuntu devstack@keystone.service[80971]: DEBUG keystone.common.rbac_enforcer.enforcer [None req-2db9c208-4b54-410e-af8c-c38460f38a49 None admin] RBAC: Adding query filter params (name=service) {{(pid=80971) _extract_filter_values /opt/stack/keystone/keystone/common/rbac_enforcer/enforcer.py:176}}
Jun 03 08:25:40 ubuntu devstack@keystone.service[80971]: DEBUG keystone.common.rbac_enforcer.enforcer [None req-2db9c208-4b54-410e-af8c-c38460f38a49 None admin] RBAC: Authorizing `identity:list_roles()` {{(pid=80971) enforce_call /opt/stack/keystone/keystone/common/rbac_enforcer/enforcer.py:494}}
Jun 03 08:25:40 ubuntu devstack@keystone.service[80971]: DEBUG keystone.common.rbac_enforcer.enforcer [None req-2db9c208-4b54-410e-af8c-c38460f38a49 None admin] RBAC: Authorization granted {{(pid=80971) enforce_call /opt/stack/keystone/keystone/common/rbac_enforcer/enforcer.py:505}}
Jun 03 08:25:40 ubuntu devstack@keystone.service[80971]: [pid: 80971|app: 0|req: 22/40] 10.201.5.82 () {56 vars in 1152 bytes} [Tue Jun  3 08:25:40 2025] GET /identity/v3/roles?name=service => generated 343 bytes in 68 msecs (HTTP/1.1 200) 5 headers in 177 bytes (1 switches on core 0)
Jun 03 08:25:40 ubuntu devstack@keystone.service[80970]: [pid: 80970|app: 0|req: 19/41] 10.201.5.82 () {60 vars in 1167 bytes} [Tue Jun  3 08:25:40 2025] POST /identity/v3/roles => generated 225 bytes in 271 msecs (HTTP/1.1 201) 5 headers in 182 bytes (1 switches on core 0)
Jun 03 08:25:41 ubuntu devstack@keystone.service[80971]: DEBUG keystone.server.flask.request_processing.req_logging [None req-2420f01e-15ae-48c3-bb16-ba7f43a61453 None None] REQUEST_METHOD: `GET` {{(pid=80971) log_request_info /opt/stack/keystone/keystone/server/flask/request_processing/req_logging.py:26}}
Jun 03 08:25:41 ubuntu devstack@keystone.service[80971]: DEBUG keystone.server.flask.request_processing.req_logging [None req-2420f01e-15ae-48c3-bb16-ba7f43a61453 None None] SCRIPT_NAME: `/identity` {{(pid=80971) log_request_info /opt/stack/keystone/keystone/server/flask/request_processing/req_logging.py:27}}
Jun 03 08:25:41 ubuntu devstack@keystone.service[80971]: DEBUG keystone.server.flask.request_processing.req_logging [None req-2420f01e-15ae-48c3-bb16-ba7f43a61453 None None] PATH_INFO: `/` {{(pid=80971) log_request_info /opt/stack/keystone/keystone/server/flask/request_processing/req_logging.py:28}}
Jun 03 08:25:41 ubuntu devstack@keystone.service[80971]: [pid: 80971|app: 0|req: 23/42] 10.201.5.82 () {54 vars in 919 bytes} [Tue Jun  3 08:25:41 2025] GET /identity => generated 270 bytes in 5 msecs (HTTP/1.1 300) 6 headers in 234 bytes (1 switches on core 0)
Jun 03 08:25:41 ubuntu devstack@keystone.service[80970]: DEBUG keystone.server.flask.request_processing.req_logging [None req-ca357ead-fba5-4c88-bf1b-57451adf4969 None None] REQUEST_METHOD: `POST` {{(pid=80970) log_request_info /opt/stack/keystone/keystone/server/flask/request_processing/req_logging.py:26}}
Jun 03 08:25:41 ubuntu devstack@keystone.service[80970]: DEBUG keystone.server.flask.request_processing.req_logging [None req-ca357ead-fba5-4c88-bf1b-57451adf4969 None None] SCRIPT_NAME: `/identity` {{(pid=80970) log_request_info /opt/stack/keystone/keystone/server/flask/request_processing/req_logging.py:27}}
Jun 03 08:25:41 ubuntu devstack@keystone.service[80970]: DEBUG keystone.server.flask.request_processing.req_logging [None req-ca357ead-fba5-4c88-bf1b-57451adf4969 None None] PATH_INFO: `/v3/auth/tokens` {{(pid=80970) log_request_info /opt/stack/keystone/keystone/server/flask/request_processing/req_logging.py:28}}
Jun 03 08:25:41 ubuntu devstack@keystone.service[80970]: WARNING keystone.common.password_hashing [None req-ca357ead-fba5-4c88-bf1b-57451adf4969 None None] Truncating password to algorithm specific maximum length 72 characters.
Jun 03 08:25:41 ubuntu devstack@keystone.service[80970]: DEBUG keystone.auth.core [None req-ca357ead-fba5-4c88-bf1b-57451adf4969 None None] MFA Rules not processed for user `fd1bf1b8ec7d45ac866f07bac434a170`. Rule list: `[]` (Enabled: `True`). {{(pid=80970) check_auth_methods_against_rules /opt/stack/keystone/keystone/auth/core.py:476}}
Jun 03 08:25:41 ubuntu devstack@keystone.service[80970]: DEBUG keystone.common.fernet_utils [None req-ca357ead-fba5-4c88-bf1b-57451adf4969 None None] Loaded 2 Fernet keys from /etc/keystone/fernet-keys/, but `[fernet_tokens] max_active_keys = 3`; perhaps there have not been enough key rotations to reach `max_active_keys` yet? {{(pid=80970) load_keys /opt/stack/keystone/keystone/common/fernet_utils.py:297}}
Jun 03 08:25:41 ubuntu devstack@keystone.service[80971]: DEBUG keystone.server.flask.request_processing.req_logging [None req-0aca6d93-369c-46b1-bc89-5838eaa1bd37 None None] REQUEST_METHOD: `GET` {{(pid=80971) log_request_info /opt/stack/keystone/keystone/server/flask/request_processing/req_logging.py:26}}
Jun 03 08:25:41 ubuntu devstack@keystone.service[80971]: DEBUG keystone.server.flask.request_processing.req_logging [None req-0aca6d93-369c-46b1-bc89-5838eaa1bd37 None None] SCRIPT_NAME: `/identity` {{(pid=80971) log_request_info /opt/stack/keystone/keystone/server/flask/request_processing/req_logging.py:27}}
Jun 03 08:25:41 ubuntu devstack@keystone.service[80971]: DEBUG keystone.server.flask.request_processing.req_logging [None req-0aca6d93-369c-46b1-bc89-5838eaa1bd37 None None] PATH_INFO: `/` {{(pid=80971) log_request_info /opt/stack/keystone/keystone/server/flask/request_processing/req_logging.py:28}}
Jun 03 08:25:41 ubuntu devstack@keystone.service[80971]: [pid: 80971|app: 0|req: 24/43] 10.201.5.82 () {54 vars in 919 bytes} [Tue Jun  3 08:25:41 2025] GET /identity => generated 270 bytes in 4 msecs (HTTP/1.1 300) 6 headers in 234 bytes (1 switches on core 0)
Jun 03 08:25:41 ubuntu devstack@keystone.service[80971]: DEBUG keystone.server.flask.request_processing.req_logging [None req-d7f9b4ac-41d3-43d6-8d4a-c8683ba6bff6 None None] REQUEST_METHOD: `POST` {{(pid=80971) log_request_info /opt/stack/keystone/keystone/server/flask/request_processing/req_logging.py:26}}
Jun 03 08:25:41 ubuntu devstack@keystone.service[80971]: DEBUG keystone.server.flask.request_processing.req_logging [None req-d7f9b4ac-41d3-43d6-8d4a-c8683ba6bff6 None None] SCRIPT_NAME: `/identity` {{(pid=80971) log_request_info /opt/stack/keystone/keystone/server/flask/request_processing/req_logging.py:27}}
Jun 03 08:25:41 ubuntu devstack@keystone.service[80971]: DEBUG keystone.server.flask.request_processing.req_logging [None req-d7f9b4ac-41d3-43d6-8d4a-c8683ba6bff6 None None] PATH_INFO: `/v3/auth/tokens` {{(pid=80971) log_request_info /opt/stack/keystone/keystone/server/flask/request_processing/req_logging.py:28}}
Jun 03 08:25:41 ubuntu devstack@keystone.service[80971]: WARNING keystone.common.password_hashing [None req-d7f9b4ac-41d3-43d6-8d4a-c8683ba6bff6 None None] Truncating password to algorithm specific maximum length 72 characters.
Jun 03 08:25:41 ubuntu devstack@keystone.service[80970]: [pid: 80970|app: 0|req: 20/44] 10.201.5.82 () {58 vars in 1016 bytes} [Tue Jun  3 08:25:41 2025] POST /identity/v3/auth/tokens => generated 862 bytes in 61 msecs (HTTP/1.1 201) 6 headers in 363 bytes (1 switches on core 0)
Jun 03 08:25:41 ubuntu devstack@keystone.service[80971]: DEBUG keystone.auth.core [None req-d7f9b4ac-41d3-43d6-8d4a-c8683ba6bff6 None None] MFA Rules not processed for user `fd1bf1b8ec7d45ac866f07bac434a170`. Rule list: `[]` (Enabled: `True`). {{(pid=80971) check_auth_methods_against_rules /opt/stack/keystone/keystone/auth/core.py:476}}
Jun 03 08:25:41 ubuntu devstack@keystone.service[80971]: DEBUG keystone.common.fernet_utils [None req-d7f9b4ac-41d3-43d6-8d4a-c8683ba6bff6 None None] Loaded 2 Fernet keys from /etc/keystone/fernet-keys/, but `[fernet_tokens] max_active_keys = 3`; perhaps there have not been enough key rotations to reach `max_active_keys` yet? {{(pid=80971) load_keys /opt/stack/keystone/keystone/common/fernet_utils.py:297}}
Jun 03 08:25:41 ubuntu devstack@keystone.service[80971]: [pid: 80971|app: 0|req: 25/45] 10.201.5.82 () {58 vars in 1016 bytes} [Tue Jun  3 08:25:41 2025] POST /identity/v3/auth/tokens => generated 862 bytes in 56 msecs (HTTP/1.1 201) 6 headers in 363 bytes (1 switches on core 0)
Jun 03 08:25:41 ubuntu devstack@keystone.service[80970]: DEBUG keystone.server.flask.request_processing.middleware.auth_context [None req-ca357ead-fba5-4c88-bf1b-57451adf4969 None None] Authenticating user token {{(pid=80970) process_request /opt/stack/data/venv/lib/python3.10/site-packages/keystonemiddleware/auth_token/__init__.py:407}}
Jun 03 08:25:41 ubuntu devstack@keystone.service[80970]: DEBUG keystone.server.flask.request_processing.middleware.auth_context [None req-ca357ead-fba5-4c88-bf1b-57451adf4969 None None] Validating token access rules against request {{(pid=80970) validate_allowed_request /opt/stack/data/venv/lib/python3.10/site-packages/keystonemiddleware/auth_token/__init__.py:545}}
Jun 03 08:25:41 ubuntu devstack@keystone.service[80971]: DEBUG keystone.server.flask.request_processing.middleware.auth_context [None req-d7f9b4ac-41d3-43d6-8d4a-c8683ba6bff6 None None] Authenticating user token {{(pid=80971) process_request /opt/stack/data/venv/lib/python3.10/site-packages/keystonemiddleware/auth_token/__init__.py:407}}
Jun 03 08:25:41 ubuntu devstack@keystone.service[80970]: DEBUG keystone.server.flask.request_processing.middleware.auth_context [None req-852dfb4b-9d7e-4a2c-8037-45ca847aaa0e None admin] RBAC: auth_context: {'token': <TokenModel (audit_id=LO6oxlWAQJqGWpR4TVrH5g, audit_chain_id=['LO6oxlWAQJqGWpR4TVrH5g']) at 0x7f01cda0a3b0>, 'domain_id': None, 'trust_id': None, 'trustor_id': None, 'trustee_id': None, 'domain_name': None, 'group_ids': [], 'user_id': 'fd1bf1b8ec7d45ac866f07bac434a170', 'user_domain_id': 'default', 'system_scope': 'all', 'project_id': None, 'project_domain_id': None, 'roles': ['admin', 'manager', 'member', 'reader'], 'is_admin_project': True, 'service_user_id': None, 'service_user_domain_id': None, 'service_project_id': None, 'service_project_domain_id': None, 'service_roles': []} {{(pid=80970) fill_context /opt/stack/keystone/keystone/server/flask/request_processing/middleware/auth_context.py:509}}
Jun 03 08:25:41 ubuntu devstack@keystone.service[80970]: DEBUG keystone.server.flask.request_processing.req_logging [None req-852dfb4b-9d7e-4a2c-8037-45ca847aaa0e None admin] REQUEST_METHOD: `GET` {{(pid=80970) log_request_info /opt/stack/keystone/keystone/server/flask/request_processing/req_logging.py:26}}
Jun 03 08:25:41 ubuntu devstack@keystone.service[80970]: DEBUG keystone.server.flask.request_processing.req_logging [None req-852dfb4b-9d7e-4a2c-8037-45ca847aaa0e None admin] SCRIPT_NAME: `/identity` {{(pid=80970) log_request_info /opt/stack/keystone/keystone/server/flask/request_processing/req_logging.py:27}}
Jun 03 08:25:41 ubuntu devstack@keystone.service[80970]: DEBUG keystone.server.flask.request_processing.req_logging [None req-852dfb4b-9d7e-4a2c-8037-45ca847aaa0e None admin] PATH_INFO: `/v3/domains/default` {{(pid=80970) log_request_info /opt/stack/keystone/keystone/server/flask/request_processing/req_logging.py:28}}
Jun 03 08:25:41 ubuntu devstack@keystone.service[80970]: DEBUG keystone.common.rbac_enforcer.enforcer [None req-852dfb4b-9d7e-4a2c-8037-45ca847aaa0e None admin] RBAC: Authorizing `identity:get_domain(domain_id=default)` {{(pid=80970) enforce_call /opt/stack/keystone/keystone/common/rbac_enforcer/enforcer.py:494}}
Jun 03 08:25:41 ubuntu devstack@keystone.service[80970]: DEBUG keystone.common.rbac_enforcer.enforcer [None req-852dfb4b-9d7e-4a2c-8037-45ca847aaa0e None admin] RBAC: Authorization granted {{(pid=80970) enforce_call /opt/stack/keystone/keystone/common/rbac_enforcer/enforcer.py:505}}
Jun 03 08:25:41 ubuntu devstack@keystone.service[80970]: [pid: 80970|app: 0|req: 21/46] 10.201.5.82 () {56 vars in 1100 bytes} [Tue Jun  3 08:25:41 2025] GET /identity/v3/domains/default => generated 199 bytes in 70 msecs (HTTP/1.1 200) 5 headers in 177 bytes (1 switches on core 0)
Jun 03 08:25:41 ubuntu devstack@keystone.service[80970]: DEBUG keystone.server.flask.request_processing.middleware.auth_context [None req-852dfb4b-9d7e-4a2c-8037-45ca847aaa0e None admin] Authenticating user token {{(pid=80970) process_request /opt/stack/data/venv/lib/python3.10/site-packages/keystonemiddleware/auth_token/__init__.py:407}}
Jun 03 08:25:41 ubuntu devstack@keystone.service[80971]: DEBUG keystone.server.flask.request_processing.middleware.auth_context [None req-d7f9b4ac-41d3-43d6-8d4a-c8683ba6bff6 None None] Validating token access rules against request {{(pid=80971) validate_allowed_request /opt/stack/data/venv/lib/python3.10/site-packages/keystonemiddleware/auth_token/__init__.py:545}}
Jun 03 08:25:41 ubuntu devstack@keystone.service[80970]: DEBUG keystone.server.flask.request_processing.middleware.auth_context [None req-852dfb4b-9d7e-4a2c-8037-45ca847aaa0e None admin] Validating token access rules against request {{(pid=80970) validate_allowed_request /opt/stack/data/venv/lib/python3.10/site-packages/keystonemiddleware/auth_token/__init__.py:545}}
Jun 03 08:25:41 ubuntu devstack@keystone.service[80971]: DEBUG keystone.server.flask.request_processing.middleware.auth_context [None req-07e72627-3f18-4491-a519-7c84f5addd3f None admin] RBAC: auth_context: {'token': <TokenModel (audit_id=EDM5ILf9S1iU2wG8mJyfyQ, audit_chain_id=['EDM5ILf9S1iU2wG8mJyfyQ']) at 0x7f01cdfea320>, 'domain_id': None, 'trust_id': None, 'trustor_id': None, 'trustee_id': None, 'domain_name': None, 'group_ids': [], 'user_id': 'fd1bf1b8ec7d45ac866f07bac434a170', 'user_domain_id': 'default', 'system_scope': 'all', 'project_id': None, 'project_domain_id': None, 'roles': ['admin', 'manager', 'member', 'reader'], 'is_admin_project': True, 'service_user_id': None, 'service_user_domain_id': None, 'service_project_id': None, 'service_project_domain_id': None, 'service_roles': []} {{(pid=80971) fill_context /opt/stack/keystone/keystone/server/flask/request_processing/middleware/auth_context.py:509}}
Jun 03 08:25:41 ubuntu devstack@keystone.service[80971]: DEBUG keystone.server.flask.request_processing.req_logging [None req-07e72627-3f18-4491-a519-7c84f5addd3f None admin] REQUEST_METHOD: `POST` {{(pid=80971) log_request_info /opt/stack/keystone/keystone/server/flask/request_processing/req_logging.py:26}}
Jun 03 08:25:41 ubuntu devstack@keystone.service[80971]: DEBUG keystone.server.flask.request_processing.req_logging [None req-07e72627-3f18-4491-a519-7c84f5addd3f None admin] SCRIPT_NAME: `/identity` {{(pid=80971) log_request_info /opt/stack/keystone/keystone/server/flask/request_processing/req_logging.py:27}}
Jun 03 08:25:41 ubuntu devstack@keystone.service[80971]: DEBUG keystone.server.flask.request_processing.req_logging [None req-07e72627-3f18-4491-a519-7c84f5addd3f None admin] PATH_INFO: `/v3/roles` {{(pid=80971) log_request_info /opt/stack/keystone/keystone/server/flask/request_processing/req_logging.py:28}}
Jun 03 08:25:41 ubuntu devstack@keystone.service[80971]: DEBUG keystone.common.rbac_enforcer.enforcer [None req-07e72627-3f18-4491-a519-7c84f5addd3f None admin] RBAC: Authorizing `identity:create_role()` {{(pid=80971) enforce_call /opt/stack/keystone/keystone/common/rbac_enforcer/enforcer.py:494}}
Jun 03 08:25:41 ubuntu devstack@keystone.service[80971]: DEBUG keystone.common.rbac_enforcer.enforcer [None req-07e72627-3f18-4491-a519-7c84f5addd3f None admin] RBAC: Authorization granted {{(pid=80971) enforce_call /opt/stack/keystone/keystone/common/rbac_enforcer/enforcer.py:505}}
Jun 03 08:25:41 ubuntu devstack@keystone.service[80970]: DEBUG keystone.server.flask.request_processing.middleware.auth_context [None req-e147ffe3-e098-4ae9-a1a0-6fa75867fed8 None admin] RBAC: auth_context: {'token': <TokenModel (audit_id=LO6oxlWAQJqGWpR4TVrH5g, audit_chain_id=['LO6oxlWAQJqGWpR4TVrH5g']) at 0x7f01cdf7dae0>, 'domain_id': None, 'trust_id': None, 'trustor_id': None, 'trustee_id': None, 'domain_name': None, 'group_ids': [], 'user_id': 'fd1bf1b8ec7d45ac866f07bac434a170', 'user_domain_id': 'default', 'system_scope': 'all', 'project_id': None, 'project_domain_id': None, 'roles': ['admin', 'manager', 'member', 'reader'], 'is_admin_project': True, 'service_user_id': None, 'service_user_domain_id': None, 'service_project_id': None, 'service_project_domain_id': None, 'service_roles': []} {{(pid=80970) fill_context /opt/stack/keystone/keystone/server/flask/request_processing/middleware/auth_context.py:509}}
Jun 03 08:25:41 ubuntu devstack@keystone.service[80970]: DEBUG keystone.server.flask.request_processing.req_logging [None req-e147ffe3-e098-4ae9-a1a0-6fa75867fed8 None admin] REQUEST_METHOD: `POST` {{(pid=80970) log_request_info /opt/stack/keystone/keystone/server/flask/request_processing/req_logging.py:26}}
Jun 03 08:25:41 ubuntu devstack@keystone.service[80970]: DEBUG keystone.server.flask.request_processing.req_logging [None req-e147ffe3-e098-4ae9-a1a0-6fa75867fed8 None admin] SCRIPT_NAME: `/identity` {{(pid=80970) log_request_info /opt/stack/keystone/keystone/server/flask/request_processing/req_logging.py:27}}
Jun 03 08:25:41 ubuntu devstack@keystone.service[80970]: DEBUG keystone.server.flask.request_processing.req_logging [None req-e147ffe3-e098-4ae9-a1a0-6fa75867fed8 None admin] PATH_INFO: `/v3/projects` {{(pid=80970) log_request_info /opt/stack/keystone/keystone/server/flask/request_processing/req_logging.py:28}}
Jun 03 08:25:41 ubuntu devstack@keystone.service[80970]: DEBUG keystone.common.rbac_enforcer.enforcer [None req-e147ffe3-e098-4ae9-a1a0-6fa75867fed8 None admin] RBAC: Authorizing `identity:create_project()` {{(pid=80970) enforce_call /opt/stack/keystone/keystone/common/rbac_enforcer/enforcer.py:494}}
Jun 03 08:25:41 ubuntu devstack@keystone.service[80971]: [pid: 80971|app: 0|req: 26/47] 10.201.5.82 () {60 vars in 1167 bytes} [Tue Jun  3 08:25:41 2025] POST /identity/v3/roles => generated 223 bytes in 80 msecs (HTTP/1.1 201) 5 headers in 182 bytes (1 switches on core 0)
Jun 03 08:25:41 ubuntu devstack@keystone.service[80970]: DEBUG keystone.common.rbac_enforcer.enforcer [None req-e147ffe3-e098-4ae9-a1a0-6fa75867fed8 None admin] RBAC: Authorization granted {{(pid=80970) enforce_call /opt/stack/keystone/keystone/common/rbac_enforcer/enforcer.py:505}}
Jun 03 08:25:41 ubuntu devstack@keystone.service[80970]: [pid: 80970|app: 0|req: 22/48] 10.201.5.82 () {60 vars in 1133 bytes} [Tue Jun  3 08:25:41 2025] POST /identity/v3/projects => generated 312 bytes in 73 msecs (HTTP/1.1 201) 5 headers in 182 bytes (1 switches on core 0)
Jun 03 08:25:42 ubuntu devstack@keystone.service[80971]: DEBUG keystone.server.flask.request_processing.req_logging [None req-9cf6c9cf-86f0-41f6-8797-b52d21fbc8c2 None None] REQUEST_METHOD: `GET` {{(pid=80971) log_request_info /opt/stack/keystone/keystone/server/flask/request_processing/req_logging.py:26}}
Jun 03 08:25:42 ubuntu devstack@keystone.service[80971]: DEBUG keystone.server.flask.request_processing.req_logging [None req-9cf6c9cf-86f0-41f6-8797-b52d21fbc8c2 None None] SCRIPT_NAME: `/identity` {{(pid=80971) log_request_info /opt/stack/keystone/keystone/server/flask/request_processing/req_logging.py:27}}
Jun 03 08:25:42 ubuntu devstack@keystone.service[80971]: DEBUG keystone.server.flask.request_processing.req_logging [None req-9cf6c9cf-86f0-41f6-8797-b52d21fbc8c2 None None] PATH_INFO: `/` {{(pid=80971) log_request_info /opt/stack/keystone/keystone/server/flask/request_processing/req_logging.py:28}}
Jun 03 08:25:42 ubuntu devstack@keystone.service[80971]: [pid: 80971|app: 0|req: 27/49] 10.201.5.82 () {54 vars in 919 bytes} [Tue Jun  3 08:25:42 2025] GET /identity => generated 270 bytes in 2 msecs (HTTP/1.1 300) 6 headers in 234 bytes (1 switches on core 0)
Jun 03 08:25:42 ubuntu devstack@keystone.service[80970]: DEBUG keystone.server.flask.request_processing.req_logging [None req-743bbde7-4734-4e57-9d3e-75b4a22d56e8 None None] REQUEST_METHOD: `POST` {{(pid=80970) log_request_info /opt/stack/keystone/keystone/server/flask/request_processing/req_logging.py:26}}
Jun 03 08:25:42 ubuntu devstack@keystone.service[80970]: DEBUG keystone.server.flask.request_processing.req_logging [None req-743bbde7-4734-4e57-9d3e-75b4a22d56e8 None None] SCRIPT_NAME: `/identity` {{(pid=80970) log_request_info /opt/stack/keystone/keystone/server/flask/request_processing/req_logging.py:27}}
Jun 03 08:25:42 ubuntu devstack@keystone.service[80970]: DEBUG keystone.server.flask.request_processing.req_logging [None req-743bbde7-4734-4e57-9d3e-75b4a22d56e8 None None] PATH_INFO: `/v3/auth/tokens` {{(pid=80970) log_request_info /opt/stack/keystone/keystone/server/flask/request_processing/req_logging.py:28}}
Jun 03 08:25:42 ubuntu devstack@keystone.service[80970]: WARNING keystone.common.password_hashing [None req-743bbde7-4734-4e57-9d3e-75b4a22d56e8 None None] Truncating password to algorithm specific maximum length 72 characters.
Jun 03 08:25:42 ubuntu devstack@keystone.service[80970]: DEBUG keystone.auth.core [None req-743bbde7-4734-4e57-9d3e-75b4a22d56e8 None None] MFA Rules not processed for user `fd1bf1b8ec7d45ac866f07bac434a170`. Rule list: `[]` (Enabled: `True`). {{(pid=80970) check_auth_methods_against_rules /opt/stack/keystone/keystone/auth/core.py:476}}
Jun 03 08:25:42 ubuntu devstack@keystone.service[80970]: DEBUG keystone.common.fernet_utils [None req-743bbde7-4734-4e57-9d3e-75b4a22d56e8 None None] Loaded 2 Fernet keys from /etc/keystone/fernet-keys/, but `[fernet_tokens] max_active_keys = 3`; perhaps there have not been enough key rotations to reach `max_active_keys` yet? {{(pid=80970) load_keys /opt/stack/keystone/keystone/common/fernet_utils.py:297}}
Jun 03 08:25:42 ubuntu devstack@keystone.service[80970]: [pid: 80970|app: 0|req: 23/50] 10.201.5.82 () {58 vars in 1016 bytes} [Tue Jun  3 08:25:42 2025] POST /identity/v3/auth/tokens => generated 862 bytes in 59 msecs (HTTP/1.1 201) 6 headers in 363 bytes (1 switches on core 0)
Jun 03 08:25:42 ubuntu devstack@keystone.service[80971]: DEBUG keystone.server.flask.request_processing.middleware.auth_context [None req-9cf6c9cf-86f0-41f6-8797-b52d21fbc8c2 None None] Authenticating user token {{(pid=80971) process_request /opt/stack/data/venv/lib/python3.10/site-packages/keystonemiddleware/auth_token/__init__.py:407}}
Jun 03 08:25:42 ubuntu devstack@keystone.service[80971]: DEBUG keystone.server.flask.request_processing.middleware.auth_context [None req-9cf6c9cf-86f0-41f6-8797-b52d21fbc8c2 None None] Validating token access rules against request {{(pid=80971) validate_allowed_request /opt/stack/data/venv/lib/python3.10/site-packages/keystonemiddleware/auth_token/__init__.py:545}}
Jun 03 08:25:42 ubuntu devstack@keystone.service[80971]: DEBUG keystone.server.flask.request_processing.middleware.auth_context [None req-1e08dc00-c451-494c-9934-caa306841c86 None admin] RBAC: auth_context: {'token': <TokenModel (audit_id=8HTqK1jbTNqTOqYEucClGw, audit_chain_id=['8HTqK1jbTNqTOqYEucClGw']) at 0x7f01cdda8910>, 'domain_id': None, 'trust_id': None, 'trustor_id': None, 'trustee_id': None, 'domain_name': None, 'group_ids': [], 'user_id': 'fd1bf1b8ec7d45ac866f07bac434a170', 'user_domain_id': 'default', 'system_scope': 'all', 'project_id': None, 'project_domain_id': None, 'roles': ['admin', 'manager', 'member', 'reader'], 'is_admin_project': True, 'service_user_id': None, 'service_user_domain_id': None, 'service_project_id': None, 'service_project_domain_id': None, 'service_roles': []} {{(pid=80971) fill_context /opt/stack/keystone/keystone/server/flask/request_processing/middleware/auth_context.py:509}}
Jun 03 08:25:42 ubuntu devstack@keystone.service[80971]: DEBUG keystone.server.flask.request_processing.req_logging [None req-1e08dc00-c451-494c-9934-caa306841c86 None admin] REQUEST_METHOD: `GET` {{(pid=80971) log_request_info /opt/stack/keystone/keystone/server/flask/request_processing/req_logging.py:26}}
Jun 03 08:25:42 ubuntu devstack@keystone.service[80971]: DEBUG keystone.server.flask.request_processing.req_logging [None req-1e08dc00-c451-494c-9934-caa306841c86 None admin] SCRIPT_NAME: `/identity` {{(pid=80971) log_request_info /opt/stack/keystone/keystone/server/flask/request_processing/req_logging.py:27}}
Jun 03 08:25:42 ubuntu devstack@keystone.service[80971]: DEBUG keystone.server.flask.request_processing.req_logging [None req-1e08dc00-c451-494c-9934-caa306841c86 None admin] PATH_INFO: `/v3/domains/default` {{(pid=80971) log_request_info /opt/stack/keystone/keystone/server/flask/request_processing/req_logging.py:28}}
Jun 03 08:25:42 ubuntu devstack@keystone.service[80971]: DEBUG keystone.common.rbac_enforcer.enforcer [None req-1e08dc00-c451-494c-9934-caa306841c86 None admin] RBAC: Authorizing `identity:get_domain(domain_id=default)` {{(pid=80971) enforce_call /opt/stack/keystone/keystone/common/rbac_enforcer/enforcer.py:494}}
Jun 03 08:25:42 ubuntu devstack@keystone.service[80971]: DEBUG keystone.common.rbac_enforcer.enforcer [None req-1e08dc00-c451-494c-9934-caa306841c86 None admin] RBAC: Authorization granted {{(pid=80971) enforce_call /opt/stack/keystone/keystone/common/rbac_enforcer/enforcer.py:505}}
Jun 03 08:25:42 ubuntu devstack@keystone.service[80971]: [pid: 80971|app: 0|req: 28/51] 10.201.5.82 () {56 vars in 1100 bytes} [Tue Jun  3 08:25:42 2025] GET /identity/v3/domains/default => generated 199 bytes in 86 msecs (HTTP/1.1 200) 5 headers in 177 bytes (1 switches on core 0)
