Aug 09 00:16:09 ubuntu devstack@c-api.service[115317]: DEBUG cinder.api.extensions [-] Ext description: Quota classes management support. {{(pid=115317) _check_extension /opt/stack/cinder/cinder/api/extensions.py:181}}
Aug 09 00:16:09 ubuntu devstack@c-api.service[115317]: DEBUG cinder.api.extensions [-] Ext updated: 2012-03-12T00:00:00+00:00 {{(pid=115317) _check_extension /opt/stack/cinder/cinder/api/extensions.py:183}}
Aug 09 00:16:09 ubuntu devstack@c-api.service[115317]: DEBUG cinder.api.extensions [-] Loaded extension: os-quota-class-sets {{(pid=115317) register /opt/stack/cinder/cinder/api/extensions.py:140}}
Aug 09 00:16:09 ubuntu devstack@c-api.service[115317]: DEBUG cinder.api.extensions [-] Loading extension cinder.api.contrib.volume_manage.Volume_manage {{(pid=115317) load_extension /opt/stack/cinder/cinder/api/extensions.py:199}}
Aug 09 00:16:09 ubuntu devstack@c-api.service[115317]: DEBUG cinder.api.extensions [-] Calling extension factory cinder.api.contrib.volume_manage.Volume_manage {{(pid=115317) load_extension /opt/stack/cinder/cinder/api/extensions.py:205}}
Aug 09 00:16:09 ubuntu devstack@c-api.service[115317]: DEBUG cinder.api.extensions [-] Ext name: VolumeManage {{(pid=115317) _check_extension /opt/stack/cinder/cinder/api/extensions.py:179}}
Aug 09 00:16:09 ubuntu devstack@c-api.service[115317]: DEBUG cinder.api.extensions [-] Ext alias: os-volume-manage {{(pid=115317) _check_extension /opt/stack/cinder/cinder/api/extensions.py:180}}
Aug 09 00:16:09 ubuntu devstack@c-api.service[115317]: DEBUG cinder.api.extensions [-] Ext description: Allows existing backend storage to be 'managed' by Cinder. {{(pid=115317) _check_extension /opt/stack/cinder/cinder/api/extensions.py:181}}
Aug 09 00:16:09 ubuntu devstack@c-api.service[115317]: DEBUG cinder.api.extensions [-] Ext updated: 2014-02-10T00:00:00+00:00 {{(pid=115317) _check_extension /opt/stack/cinder/cinder/api/extensions.py:183}}
Aug 09 00:16:09 ubuntu devstack@c-api.service[115317]: DEBUG cinder.api.extensions [-] Loaded extension: os-volume-manage {{(pid=115317) register /opt/stack/cinder/cinder/api/extensions.py:140}}
Aug 09 00:16:09 ubuntu devstack@c-api.service[115317]: DEBUG cinder.api.extensions [-] Loading extension cinder.api.contrib.extended_snapshot_attributes.Extended_snapshot_attributes {{(pid=115317) load_extension /opt/stack/cinder/cinder/api/extensions.py:199}}
Aug 09 00:16:09 ubuntu devstack@c-api.service[115317]: DEBUG cinder.api.extensions [-] Calling extension factory cinder.api.contrib.extended_snapshot_attributes.Extended_snapshot_attributes {{(pid=115317) load_extension /opt/stack/cinder/cinder/api/extensions.py:205}}
Aug 09 00:16:09 ubuntu devstack@c-api.service[115317]: DEBUG cinder.api.extensions [-] Ext name: ExtendedSnapshotAttributes {{(pid=115317) _check_extension /opt/stack/cinder/cinder/api/extensions.py:179}}
Aug 09 00:16:09 ubuntu devstack@c-api.service[115317]: DEBUG cinder.api.extensions [-] Ext alias: os-extended-snapshot-attributes {{(pid=115317) _check_extension /opt/stack/cinder/cinder/api/extensions.py:180}}
Aug 09 00:16:09 ubuntu devstack@c-api.service[115317]: DEBUG cinder.api.extensions [-] Ext description: Extended SnapshotAttributes support. {{(pid=115317) _check_extension /opt/stack/cinder/cinder/api/extensions.py:181}}
Aug 09 00:16:09 ubuntu devstack@c-api.service[115317]: DEBUG cinder.api.extensions [-] Ext updated: 2012-06-19T00:00:00+00:00 {{(pid=115317) _check_extension /opt/stack/cinder/cinder/api/extensions.py:183}}
Aug 09 00:16:09 ubuntu devstack@c-api.service[115317]: DEBUG cinder.api.extensions [-] Loaded extension: os-extended-snapshot-attributes {{(pid=115317) register /opt/stack/cinder/cinder/api/extensions.py:140}}
Aug 09 00:16:09 ubuntu devstack@c-api.service[115317]: DEBUG cinder.api.extensions [-] Loading extension cinder.api.contrib.availability_zones.Availability_zones {{(pid=115317) load_extension /opt/stack/cinder/cinder/api/extensions.py:199}}
Aug 09 00:16:09 ubuntu devstack@c-api.service[115317]: DEBUG cinder.api.extensions [-] Calling extension factory cinder.api.contrib.availability_zones.Availability_zones {{(pid=115317) load_extension /opt/stack/cinder/cinder/api/extensions.py:205}}
Aug 09 00:16:09 ubuntu devstack@c-api.service[115317]: DEBUG cinder.api.extensions [-] Ext name: AvailabilityZones {{(pid=115317) _check_extension /opt/stack/cinder/cinder/api/extensions.py:179}}
Aug 09 00:16:09 ubuntu devstack@c-api.service[115317]: DEBUG cinder.api.extensions [-] Ext alias: os-availability-zone {{(pid=115317) _check_extension /opt/stack/cinder/cinder/api/extensions.py:180}}
Aug 09 00:16:09 ubuntu devstack@c-api.service[115317]: DEBUG cinder.api.extensions [-] Ext description: Describe Availability Zones. {{(pid=115317) _check_extension /opt/stack/cinder/cinder/api/extensions.py:181}}
Aug 09 00:16:09 ubuntu devstack@c-api.service[115317]: DEBUG cinder.api.extensions [-] Ext updated: 2013-06-27T00:00:00+00:00 {{(pid=115317) _check_extension /opt/stack/cinder/cinder/api/extensions.py:183}}
Aug 09 00:16:09 ubuntu devstack@c-api.service[115317]: DEBUG cinder.api.extensions [-] Loaded extension: os-availability-zone {{(pid=115317) register /opt/stack/cinder/cinder/api/extensions.py:140}}
Aug 09 00:16:09 ubuntu devstack@c-api.service[115317]: DEBUG cinder.api.extensions [-] Loading extension cinder.api.contrib.scheduler_hints.Scheduler_hints {{(pid=115317) load_extension /opt/stack/cinder/cinder/api/extensions.py:199}}
Aug 09 00:16:09 ubuntu devstack@c-api.service[115317]: DEBUG cinder.api.extensions [-] Calling extension factory cinder.api.contrib.scheduler_hints.Scheduler_hints {{(pid=115317) load_extension /opt/stack/cinder/cinder/api/extensions.py:205}}
Aug 09 00:16:09 ubuntu devstack@c-api.service[115317]: DEBUG cinder.api.extensions [-] Ext name: SchedulerHints {{(pid=115317) _check_extension /opt/stack/cinder/cinder/api/extensions.py:179}}
Aug 09 00:16:09 ubuntu devstack@c-api.service[115317]: DEBUG cinder.api.extensions [-] Ext alias: OS-SCH-HNT {{(pid=115317) _check_extension /opt/stack/cinder/cinder/api/extensions.py:180}}
Aug 09 00:16:09 ubuntu devstack@c-api.service[115317]: DEBUG cinder.api.extensions [-] Ext description: Pass arbitrary key/value pairs to the scheduler. {{(pid=115317) _check_extension /opt/stack/cinder/cinder/api/extensions.py:181}}
Aug 09 00:16:09 ubuntu devstack@c-api.service[115317]: DEBUG cinder.api.extensions [-] Ext updated: 2013-04-18T00:00:00+00:00 {{(pid=115317) _check_extension /opt/stack/cinder/cinder/api/extensions.py:183}}
Aug 09 00:16:09 ubuntu devstack@c-api.service[115317]: DEBUG cinder.api.extensions [-] Loaded extension: OS-SCH-HNT {{(pid=115317) register /opt/stack/cinder/cinder/api/extensions.py:140}}
Aug 09 00:16:09 ubuntu devstack@c-api.service[115317]: DEBUG cinder.api.extensions [-] Loading extension cinder.api.contrib.volume_host_attribute.Volume_host_attribute {{(pid=115317) load_extension /opt/stack/cinder/cinder/api/extensions.py:199}}
Aug 09 00:16:09 ubuntu devstack@c-api.service[115317]: DEBUG cinder.api.extensions [-] Calling extension factory cinder.api.contrib.volume_host_attribute.Volume_host_attribute {{(pid=115317) load_extension /opt/stack/cinder/cinder/api/extensions.py:205}}
Aug 09 00:16:09 ubuntu devstack@c-api.service[115317]: DEBUG cinder.api.extensions [-] Ext name: VolumeHostAttribute {{(pid=115317) _check_extension /opt/stack/cinder/cinder/api/extensions.py:179}}
Aug 09 00:16:09 ubuntu devstack@c-api.service[115317]: DEBUG cinder.api.extensions [-] Ext alias: os-vol-host-attr {{(pid=115317) _check_extension /opt/stack/cinder/cinder/api/extensions.py:180}}
Aug 09 00:16:09 ubuntu devstack@c-api.service[115317]: DEBUG cinder.api.extensions [-] Ext description: Expose host as an attribute of a volume. {{(pid=115317) _check_extension /opt/stack/cinder/cinder/api/extensions.py:181}}
Aug 09 00:16:09 ubuntu devstack@c-api.service[115317]: DEBUG cinder.api.extensions [-] Ext updated: 2011-11-03T00:00:00+00:00 {{(pid=115317) _check_extension /opt/stack/cinder/cinder/api/extensions.py:183}}
Aug 09 00:16:09 ubuntu devstack@c-api.service[115317]: DEBUG cinder.api.extensions [-] Loaded extension: os-vol-host-attr {{(pid=115317) register /opt/stack/cinder/cinder/api/extensions.py:140}}
Aug 09 00:16:09 ubuntu devstack@c-api.service[115318]: INFO dbcounter [None req-b66a5f0f-6042-4582-86c6-3171aca2ed01 None None] Registered counter for database cinder
Aug 09 00:16:09 ubuntu devstack@c-api.service[115317]: INFO dbcounter [None req-eac59d31-c497-4848-869d-cd5d8a28d869 None None] Registered counter for database cinder
Aug 09 00:16:09 ubuntu devstack@c-api.service[115318]: DEBUG oslo_db.sqlalchemy.engines [None req-b66a5f0f-6042-4582-86c6-3171aca2ed01 None None] MySQL server mode set to STRICT_TRANS_TABLES,STRICT_ALL_TABLES,NO_ZERO_IN_DATE,NO_ZERO_DATE,ERROR_FOR_DIVISION_BY_ZERO,TRADITIONAL,NO_ENGINE_SUBSTITUTION {{(pid=115318) _check_effective_sql_mode /opt/stack/data/venv/lib/python3.10/site-packages/oslo_db/sqlalchemy/engines.py:342}}
Aug 09 00:16:09 ubuntu devstack@c-api.service[115317]: DEBUG oslo_db.sqlalchemy.engines [None req-eac59d31-c497-4848-869d-cd5d8a28d869 None None] MySQL server mode set to STRICT_TRANS_TABLES,STRICT_ALL_TABLES,NO_ZERO_IN_DATE,NO_ZERO_DATE,ERROR_FOR_DIVISION_BY_ZERO,TRADITIONAL,NO_ENGINE_SUBSTITUTION {{(pid=115317) _check_effective_sql_mode /opt/stack/data/venv/lib/python3.10/site-packages/oslo_db/sqlalchemy/engines.py:342}}
Aug 09 00:16:09 ubuntu devstack@c-api.service[115317]: DEBUG dbcounter [-] [115317] Writer thread running {{(pid=115317) stat_writer /opt/stack/data/venv/lib/python3.10/site-packages/dbcounter.py:102}}
Aug 09 00:16:09 ubuntu devstack@c-api.service[115317]: INFO cinder.rpc [None req-eac59d31-c497-4848-869d-cd5d8a28d869 None None] Automatically selected cinder-scheduler objects version 1.39 as minimum service version.
Aug 09 00:16:09 ubuntu devstack@c-api.service[115317]: INFO cinder.rpc [None req-eac59d31-c497-4848-869d-cd5d8a28d869 None None] Automatically selected cinder-scheduler RPC version 3.12 as minimum service version.
Aug 09 00:16:09 ubuntu devstack@c-api.service[115317]: INFO cinder.rpc [None req-eac59d31-c497-4848-869d-cd5d8a28d869 None None] Automatically selected cinder-volume objects version 1.39 as minimum service version.
Aug 09 00:16:09 ubuntu devstack@c-api.service[115317]: INFO cinder.rpc [None req-eac59d31-c497-4848-869d-cd5d8a28d869 None None] Automatically selected cinder-volume RPC version 3.19 as minimum service version.
Aug 09 00:16:09 ubuntu devstack@c-api.service[115317]: WARNING stevedore.named [None req-eac59d31-c497-4848-869d-cd5d8a28d869 None None] Could not load cinder.keymgr.conf_key_mgr.ConfKeyManager
Aug 09 00:16:09 ubuntu devstack@c-api.service[115317]: WARNING castellan.key_manager [None req-eac59d31-c497-4848-869d-cd5d8a28d869 None None] Deprecation Warning : cinder.keymgr.conf_key_mgr.ConfKeyManager is not a stevedore based driver, trying to load it as a class: stevedore.exception.NoMatches: No 'castellan.drivers' driver found, looking for 'cinder.keymgr.conf_key_mgr.ConfKeyManager'
Aug 09 00:16:09 ubuntu devstack@c-api.service[115317]: WARNING cinder.keymgr.conf_key_mgr [None req-eac59d31-c497-4848-869d-cd5d8a28d869 None None] This key manager is insecure and is not recommended for production deployments: stevedore.exception.NoMatches: No 'castellan.drivers' driver found, looking for 'cinder.keymgr.conf_key_mgr.ConfKeyManager'
Aug 09 00:16:09 ubuntu devstack@c-api.service[115317]: DEBUG oslo_db.sqlalchemy.engines [None req-eac59d31-c497-4848-869d-cd5d8a28d869 None None] MySQL server mode set to STRICT_TRANS_TABLES,STRICT_ALL_TABLES,NO_ZERO_IN_DATE,NO_ZERO_DATE,ERROR_FOR_DIVISION_BY_ZERO,TRADITIONAL,NO_ENGINE_SUBSTITUTION {{(pid=115317) _check_effective_sql_mode /opt/stack/data/venv/lib/python3.10/site-packages/oslo_db/sqlalchemy/engines.py:342}}
Aug 09 00:16:09 ubuntu devstack@c-api.service[115317]: INFO cinder.rpc [None req-eac59d31-c497-4848-869d-cd5d8a28d869 None None] Automatically selected cinder-backup objects version 1.39 as minimum service version.
Aug 09 00:16:09 ubuntu devstack@c-api.service[115317]: INFO cinder.rpc [None req-eac59d31-c497-4848-869d-cd5d8a28d869 None None] Automatically selected cinder-backup RPC version 2.4 as minimum service version.
Aug 09 00:16:09 ubuntu devstack@c-api.service[115317]: WARNING stevedore.named [None req-eac59d31-c497-4848-869d-cd5d8a28d869 None None] Could not load cinder.keymgr.conf_key_mgr.ConfKeyManager
Aug 09 00:16:09 ubuntu devstack@c-api.service[115317]: WARNING castellan.key_manager [None req-eac59d31-c497-4848-869d-cd5d8a28d869 None None] Deprecation Warning : cinder.keymgr.conf_key_mgr.ConfKeyManager is not a stevedore based driver, trying to load it as a class: stevedore.exception.NoMatches: No 'castellan.drivers' driver found, looking for 'cinder.keymgr.conf_key_mgr.ConfKeyManager'
Aug 09 00:16:09 ubuntu devstack@c-api.service[115317]: WARNING stevedore.named [None req-eac59d31-c497-4848-869d-cd5d8a28d869 None None] Could not load cinder.keymgr.conf_key_mgr.ConfKeyManager
Aug 09 00:16:09 ubuntu devstack@c-api.service[115317]: WARNING castellan.key_manager [None req-eac59d31-c497-4848-869d-cd5d8a28d869 None None] Deprecation Warning : cinder.keymgr.conf_key_mgr.ConfKeyManager is not a stevedore based driver, trying to load it as a class: stevedore.exception.NoMatches: No 'castellan.drivers' driver found, looking for 'cinder.keymgr.conf_key_mgr.ConfKeyManager'
Aug 09 00:16:09 ubuntu devstack@c-api.service[115317]: WARNING stevedore.named [None req-eac59d31-c497-4848-869d-cd5d8a28d869 None None] Could not load cinder.keymgr.conf_key_mgr.ConfKeyManager
Aug 09 00:16:09 ubuntu devstack@c-api.service[115317]: WARNING castellan.key_manager [None req-eac59d31-c497-4848-869d-cd5d8a28d869 None None] Deprecation Warning : cinder.keymgr.conf_key_mgr.ConfKeyManager is not a stevedore based driver, trying to load it as a class: stevedore.exception.NoMatches: No 'castellan.drivers' driver found, looking for 'cinder.keymgr.conf_key_mgr.ConfKeyManager'
Aug 09 00:16:09 ubuntu devstack@c-api.service[115317]: WARNING stevedore.named [None req-eac59d31-c497-4848-869d-cd5d8a28d869 None None] Could not load cinder.keymgr.conf_key_mgr.ConfKeyManager
Aug 09 00:16:09 ubuntu devstack@c-api.service[115317]: WARNING castellan.key_manager [None req-eac59d31-c497-4848-869d-cd5d8a28d869 None None] Deprecation Warning : cinder.keymgr.conf_key_mgr.ConfKeyManager is not a stevedore based driver, trying to load it as a class: stevedore.exception.NoMatches: No 'castellan.drivers' driver found, looking for 'cinder.keymgr.conf_key_mgr.ConfKeyManager'
Aug 09 00:16:09 ubuntu devstack@c-api.service[115317]: WARNING stevedore.named [None req-eac59d31-c497-4848-869d-cd5d8a28d869 None None] Could not load cinder.keymgr.conf_key_mgr.ConfKeyManager
Aug 09 00:16:09 ubuntu devstack@c-api.service[115317]: WARNING castellan.key_manager [None req-eac59d31-c497-4848-869d-cd5d8a28d869 None None] Deprecation Warning : cinder.keymgr.conf_key_mgr.ConfKeyManager is not a stevedore based driver, trying to load it as a class: stevedore.exception.NoMatches: No 'castellan.drivers' driver found, looking for 'cinder.keymgr.conf_key_mgr.ConfKeyManager'
Aug 09 00:16:09 ubuntu devstack@c-api.service[115317]: WARNING stevedore.named [None req-eac59d31-c497-4848-869d-cd5d8a28d869 None None] Could not load cinder.keymgr.conf_key_mgr.ConfKeyManager
Aug 09 00:16:09 ubuntu devstack@c-api.service[115317]: WARNING castellan.key_manager [None req-eac59d31-c497-4848-869d-cd5d8a28d869 None None] Deprecation Warning : cinder.keymgr.conf_key_mgr.ConfKeyManager is not a stevedore based driver, trying to load it as a class: stevedore.exception.NoMatches: No 'castellan.drivers' driver found, looking for 'cinder.keymgr.conf_key_mgr.ConfKeyManager'
Aug 09 00:16:09 ubuntu devstack@c-api.service[115317]: WARNING stevedore.named [None req-eac59d31-c497-4848-869d-cd5d8a28d869 None None] Could not load cinder.keymgr.conf_key_mgr.ConfKeyManager
Aug 09 00:16:09 ubuntu devstack@c-api.service[115317]: WARNING castellan.key_manager [None req-eac59d31-c497-4848-869d-cd5d8a28d869 None None] Deprecation Warning : cinder.keymgr.conf_key_mgr.ConfKeyManager is not a stevedore based driver, trying to load it as a class: stevedore.exception.NoMatches: No 'castellan.drivers' driver found, looking for 'cinder.keymgr.conf_key_mgr.ConfKeyManager'
Aug 09 00:16:09 ubuntu devstack@c-api.service[115318]: DEBUG dbcounter [-] [115318] Writer thread running {{(pid=115318) stat_writer /opt/stack/data/venv/lib/python3.10/site-packages/dbcounter.py:102}}
Aug 09 00:16:09 ubuntu devstack@c-api.service[115317]: WARNING stevedore.named [None req-eac59d31-c497-4848-869d-cd5d8a28d869 None None] Could not load cinder.keymgr.conf_key_mgr.ConfKeyManager
Aug 09 00:16:09 ubuntu devstack@c-api.service[115317]: WARNING castellan.key_manager [None req-eac59d31-c497-4848-869d-cd5d8a28d869 None None] Deprecation Warning : cinder.keymgr.conf_key_mgr.ConfKeyManager is not a stevedore based driver, trying to load it as a class: stevedore.exception.NoMatches: No 'castellan.drivers' driver found, looking for 'cinder.keymgr.conf_key_mgr.ConfKeyManager'
Aug 09 00:16:09 ubuntu devstack@c-api.service[115318]: INFO cinder.rpc [None req-b66a5f0f-6042-4582-86c6-3171aca2ed01 None None] Automatically selected cinder-scheduler objects version 1.39 as minimum service version.
Aug 09 00:16:09 ubuntu devstack@c-api.service[115317]: WARNING stevedore.named [None req-eac59d31-c497-4848-869d-cd5d8a28d869 None None] Could not load cinder.keymgr.conf_key_mgr.ConfKeyManager
Aug 09 00:16:09 ubuntu devstack@c-api.service[115317]: WARNING castellan.key_manager [None req-eac59d31-c497-4848-869d-cd5d8a28d869 None None] Deprecation Warning : cinder.keymgr.conf_key_mgr.ConfKeyManager is not a stevedore based driver, trying to load it as a class: stevedore.exception.NoMatches: No 'castellan.drivers' driver found, looking for 'cinder.keymgr.conf_key_mgr.ConfKeyManager'
Aug 09 00:16:09 ubuntu devstack@c-api.service[115318]: INFO cinder.rpc [None req-b66a5f0f-6042-4582-86c6-3171aca2ed01 None None] Automatically selected cinder-scheduler RPC version 3.12 as minimum service version.
Aug 09 00:16:09 ubuntu devstack@c-api.service[115317]: WARNING stevedore.named [None req-eac59d31-c497-4848-869d-cd5d8a28d869 None None] Could not load cinder.keymgr.conf_key_mgr.ConfKeyManager
Aug 09 00:16:09 ubuntu devstack@c-api.service[115317]: WARNING castellan.key_manager [None req-eac59d31-c497-4848-869d-cd5d8a28d869 None None] Deprecation Warning : cinder.keymgr.conf_key_mgr.ConfKeyManager is not a stevedore based driver, trying to load it as a class: stevedore.exception.NoMatches: No 'castellan.drivers' driver found, looking for 'cinder.keymgr.conf_key_mgr.ConfKeyManager'
Aug 09 00:16:09 ubuntu devstack@c-api.service[115318]: INFO cinder.rpc [None req-b66a5f0f-6042-4582-86c6-3171aca2ed01 None None] Automatically selected cinder-volume objects version 1.39 as minimum service version.
Aug 09 00:16:09 ubuntu devstack@c-api.service[115318]: INFO cinder.rpc [None req-b66a5f0f-6042-4582-86c6-3171aca2ed01 None None] Automatically selected cinder-volume RPC version 3.19 as minimum service version.
Aug 09 00:16:09 ubuntu devstack@c-api.service[115317]: WARNING stevedore.named [None req-eac59d31-c497-4848-869d-cd5d8a28d869 None None] Could not load cinder.keymgr.conf_key_mgr.ConfKeyManager
Aug 09 00:16:09 ubuntu devstack@c-api.service[115318]: WARNING stevedore.named [None req-b66a5f0f-6042-4582-86c6-3171aca2ed01 None None] Could not load cinder.keymgr.conf_key_mgr.ConfKeyManager
Aug 09 00:16:09 ubuntu devstack@c-api.service[115317]: WARNING castellan.key_manager [None req-eac59d31-c497-4848-869d-cd5d8a28d869 None None] Deprecation Warning : cinder.keymgr.conf_key_mgr.ConfKeyManager is not a stevedore based driver, trying to load it as a class: stevedore.exception.NoMatches: No 'castellan.drivers' driver found, looking for 'cinder.keymgr.conf_key_mgr.ConfKeyManager'
Aug 09 00:16:09 ubuntu devstack@c-api.service[115318]: WARNING castellan.key_manager [None req-b66a5f0f-6042-4582-86c6-3171aca2ed01 None None] Deprecation Warning : cinder.keymgr.conf_key_mgr.ConfKeyManager is not a stevedore based driver, trying to load it as a class: stevedore.exception.NoMatches: No 'castellan.drivers' driver found, looking for 'cinder.keymgr.conf_key_mgr.ConfKeyManager'
Aug 09 00:16:09 ubuntu devstack@c-api.service[115318]: WARNING cinder.keymgr.conf_key_mgr [None req-b66a5f0f-6042-4582-86c6-3171aca2ed01 None None] This key manager is insecure and is not recommended for production deployments: stevedore.exception.NoMatches: No 'castellan.drivers' driver found, looking for 'cinder.keymgr.conf_key_mgr.ConfKeyManager'
Aug 09 00:16:09 ubuntu devstack@c-api.service[115317]: WARNING stevedore.named [None req-eac59d31-c497-4848-869d-cd5d8a28d869 None None] Could not load cinder.keymgr.conf_key_mgr.ConfKeyManager
Aug 09 00:16:09 ubuntu devstack@c-api.service[115317]: WARNING castellan.key_manager [None req-eac59d31-c497-4848-869d-cd5d8a28d869 None None] Deprecation Warning : cinder.keymgr.conf_key_mgr.ConfKeyManager is not a stevedore based driver, trying to load it as a class: stevedore.exception.NoMatches: No 'castellan.drivers' driver found, looking for 'cinder.keymgr.conf_key_mgr.ConfKeyManager'
Aug 09 00:16:09 ubuntu devstack@c-api.service[115317]: WARNING stevedore.named [None req-eac59d31-c497-4848-869d-cd5d8a28d869 None None] Could not load cinder.keymgr.conf_key_mgr.ConfKeyManager
Aug 09 00:16:09 ubuntu devstack@c-api.service[115317]: WARNING castellan.key_manager [None req-eac59d31-c497-4848-869d-cd5d8a28d869 None None] Deprecation Warning : cinder.keymgr.conf_key_mgr.ConfKeyManager is not a stevedore based driver, trying to load it as a class: stevedore.exception.NoMatches: No 'castellan.drivers' driver found, looking for 'cinder.keymgr.conf_key_mgr.ConfKeyManager'
Aug 09 00:16:09 ubuntu devstack@c-api.service[115317]: WARNING stevedore.named [None req-eac59d31-c497-4848-869d-cd5d8a28d869 None None] Could not load cinder.keymgr.conf_key_mgr.ConfKeyManager
Aug 09 00:16:09 ubuntu devstack@c-api.service[115317]: WARNING castellan.key_manager [None req-eac59d31-c497-4848-869d-cd5d8a28d869 None None] Deprecation Warning : cinder.keymgr.conf_key_mgr.ConfKeyManager is not a stevedore based driver, trying to load it as a class: stevedore.exception.NoMatches: No 'castellan.drivers' driver found, looking for 'cinder.keymgr.conf_key_mgr.ConfKeyManager'
Aug 09 00:16:09 ubuntu devstack@c-api.service[115317]: WARNING stevedore.named [None req-eac59d31-c497-4848-869d-cd5d8a28d869 None None] Could not load cinder.keymgr.conf_key_mgr.ConfKeyManager
Aug 09 00:16:09 ubuntu devstack@c-api.service[115317]: WARNING castellan.key_manager [None req-eac59d31-c497-4848-869d-cd5d8a28d869 None None] Deprecation Warning : cinder.keymgr.conf_key_mgr.ConfKeyManager is not a stevedore based driver, trying to load it as a class: stevedore.exception.NoMatches: No 'castellan.drivers' driver found, looking for 'cinder.keymgr.conf_key_mgr.ConfKeyManager'
Aug 09 00:16:09 ubuntu devstack@c-api.service[115317]: WARNING stevedore.named [None req-eac59d31-c497-4848-869d-cd5d8a28d869 None None] Could not load cinder.keymgr.conf_key_mgr.ConfKeyManager
Aug 09 00:16:09 ubuntu devstack@c-api.service[115317]: WARNING castellan.key_manager [None req-eac59d31-c497-4848-869d-cd5d8a28d869 None None] Deprecation Warning : cinder.keymgr.conf_key_mgr.ConfKeyManager is not a stevedore based driver, trying to load it as a class: stevedore.exception.NoMatches: No 'castellan.drivers' driver found, looking for 'cinder.keymgr.conf_key_mgr.ConfKeyManager'
Aug 09 00:16:09 ubuntu devstack@c-api.service[115318]: DEBUG oslo_db.sqlalchemy.engines [None req-b66a5f0f-6042-4582-86c6-3171aca2ed01 None None] MySQL server mode set to STRICT_TRANS_TABLES,STRICT_ALL_TABLES,NO_ZERO_IN_DATE,NO_ZERO_DATE,ERROR_FOR_DIVISION_BY_ZERO,TRADITIONAL,NO_ENGINE_SUBSTITUTION {{(pid=115318) _check_effective_sql_mode /opt/stack/data/venv/lib/python3.10/site-packages/oslo_db/sqlalchemy/engines.py:342}}
Aug 09 00:16:09 ubuntu devstack@c-api.service[115317]: WARNING stevedore.named [None req-eac59d31-c497-4848-869d-cd5d8a28d869 None None] Could not load cinder.keymgr.conf_key_mgr.ConfKeyManager
Aug 09 00:16:09 ubuntu devstack@c-api.service[115317]: WARNING castellan.key_manager [None req-eac59d31-c497-4848-869d-cd5d8a28d869 None None] Deprecation Warning : cinder.keymgr.conf_key_mgr.ConfKeyManager is not a stevedore based driver, trying to load it as a class: stevedore.exception.NoMatches: No 'castellan.drivers' driver found, looking for 'cinder.keymgr.conf_key_mgr.ConfKeyManager'
Aug 09 00:16:09 ubuntu devstack@c-api.service[115317]: WARNING stevedore.named [None req-eac59d31-c497-4848-869d-cd5d8a28d869 None None] Could not load cinder.keymgr.conf_key_mgr.ConfKeyManager
Aug 09 00:16:09 ubuntu devstack@c-api.service[115317]: WARNING castellan.key_manager [None req-eac59d31-c497-4848-869d-cd5d8a28d869 None None] Deprecation Warning : cinder.keymgr.conf_key_mgr.ConfKeyManager is not a stevedore based driver, trying to load it as a class: stevedore.exception.NoMatches: No 'castellan.drivers' driver found, looking for 'cinder.keymgr.conf_key_mgr.ConfKeyManager'
Aug 09 00:16:09 ubuntu devstack@c-api.service[115317]: WARNING stevedore.named [None req-eac59d31-c497-4848-869d-cd5d8a28d869 None None] Could not load cinder.keymgr.conf_key_mgr.ConfKeyManager
Aug 09 00:16:09 ubuntu devstack@c-api.service[115317]: WARNING castellan.key_manager [None req-eac59d31-c497-4848-869d-cd5d8a28d869 None None] Deprecation Warning : cinder.keymgr.conf_key_mgr.ConfKeyManager is not a stevedore based driver, trying to load it as a class: stevedore.exception.NoMatches: No 'castellan.drivers' driver found, looking for 'cinder.keymgr.conf_key_mgr.ConfKeyManager'
Aug 09 00:16:09 ubuntu devstack@c-api.service[115317]: WARNING stevedore.named [None req-eac59d31-c497-4848-869d-cd5d8a28d869 None None] Could not load cinder.keymgr.conf_key_mgr.ConfKeyManager
Aug 09 00:16:09 ubuntu devstack@c-api.service[115317]: WARNING castellan.key_manager [None req-eac59d31-c497-4848-869d-cd5d8a28d869 None None] Deprecation Warning : cinder.keymgr.conf_key_mgr.ConfKeyManager is not a stevedore based driver, trying to load it as a class: stevedore.exception.NoMatches: No 'castellan.drivers' driver found, looking for 'cinder.keymgr.conf_key_mgr.ConfKeyManager'
Aug 09 00:16:09 ubuntu devstack@c-api.service[115317]: WARNING stevedore.named [None req-eac59d31-c497-4848-869d-cd5d8a28d869 None None] Could not load cinder.keymgr.conf_key_mgr.ConfKeyManager
Aug 09 00:16:09 ubuntu devstack@c-api.service[115317]: WARNING castellan.key_manager [None req-eac59d31-c497-4848-869d-cd5d8a28d869 None None] Deprecation Warning : cinder.keymgr.conf_key_mgr.ConfKeyManager is not a stevedore based driver, trying to load it as a class: stevedore.exception.NoMatches: No 'castellan.drivers' driver found, looking for 'cinder.keymgr.conf_key_mgr.ConfKeyManager'
Aug 09 00:16:09 ubuntu devstack@c-api.service[115317]: WARNING stevedore.named [None req-eac59d31-c497-4848-869d-cd5d8a28d869 None None] Could not load cinder.keymgr.conf_key_mgr.ConfKeyManager
Aug 09 00:16:09 ubuntu devstack@c-api.service[115317]: WARNING castellan.key_manager [None req-eac59d31-c497-4848-869d-cd5d8a28d869 None None] Deprecation Warning : cinder.keymgr.conf_key_mgr.ConfKeyManager is not a stevedore based driver, trying to load it as a class: stevedore.exception.NoMatches: No 'castellan.drivers' driver found, looking for 'cinder.keymgr.conf_key_mgr.ConfKeyManager'
Aug 09 00:16:09 ubuntu devstack@c-api.service[115318]: INFO cinder.rpc [None req-b66a5f0f-6042-4582-86c6-3171aca2ed01 None None] Automatically selected cinder-backup objects version 1.39 as minimum service version.
Aug 09 00:16:09 ubuntu devstack@c-api.service[115317]: WARNING cinder.api.contrib.hosts [None req-eac59d31-c497-4848-869d-cd5d8a28d869 None None] Deprecated: The Host API is deprecated and will be be removed in a future version.
Aug 09 00:16:09 ubuntu devstack@c-api.service[115317]: WARNING stevedore.named [None req-eac59d31-c497-4848-869d-cd5d8a28d869 None None] Could not load cinder.keymgr.conf_key_mgr.ConfKeyManager
Aug 09 00:16:09 ubuntu devstack@c-api.service[115317]: WARNING castellan.key_manager [None req-eac59d31-c497-4848-869d-cd5d8a28d869 None None] Deprecation Warning : cinder.keymgr.conf_key_mgr.ConfKeyManager is not a stevedore based driver, trying to load it as a class: stevedore.exception.NoMatches: No 'castellan.drivers' driver found, looking for 'cinder.keymgr.conf_key_mgr.ConfKeyManager'
Aug 09 00:16:09 ubuntu devstack@c-api.service[115317]: WARNING stevedore.named [None req-eac59d31-c497-4848-869d-cd5d8a28d869 None None] Could not load cinder.keymgr.conf_key_mgr.ConfKeyManager
Aug 09 00:16:09 ubuntu devstack@c-api.service[115317]: WARNING castellan.key_manager [None req-eac59d31-c497-4848-869d-cd5d8a28d869 None None] Deprecation Warning : cinder.keymgr.conf_key_mgr.ConfKeyManager is not a stevedore based driver, trying to load it as a class: stevedore.exception.NoMatches: No 'castellan.drivers' driver found, looking for 'cinder.keymgr.conf_key_mgr.ConfKeyManager'
Aug 09 00:16:09 ubuntu devstack@c-api.service[115317]: DEBUG cinder.api.openstack [None req-eac59d31-c497-4848-869d-cd5d8a28d869 None None] Extended resource: extensions {{(pid=115317) _setup_ext_routes /opt/stack/cinder/cinder/api/openstack/__init__.py:129}}
Aug 09 00:16:09 ubuntu devstack@c-api.service[115317]: DEBUG cinder.api.openstack [None req-eac59d31-c497-4848-869d-cd5d8a28d869 None None] Extended resource: extra_specs {{(pid=115317) _setup_ext_routes /opt/stack/cinder/cinder/api/openstack/__init__.py:129}}
Aug 09 00:16:09 ubuntu devstack@c-api.service[115318]: INFO cinder.rpc [None req-b66a5f0f-6042-4582-86c6-3171aca2ed01 None None] Automatically selected cinder-backup RPC version 2.4 as minimum service version.
Aug 09 00:16:09 ubuntu devstack@c-api.service[115318]: WARNING stevedore.named [None req-b66a5f0f-6042-4582-86c6-3171aca2ed01 None None] Could not load cinder.keymgr.conf_key_mgr.ConfKeyManager
Aug 09 00:16:09 ubuntu devstack@c-api.service[115318]: WARNING castellan.key_manager [None req-b66a5f0f-6042-4582-86c6-3171aca2ed01 None None] Deprecation Warning : cinder.keymgr.conf_key_mgr.ConfKeyManager is not a stevedore based driver, trying to load it as a class: stevedore.exception.NoMatches: No 'castellan.drivers' driver found, looking for 'cinder.keymgr.conf_key_mgr.ConfKeyManager'
Aug 09 00:16:09 ubuntu devstack@c-api.service[115318]: WARNING stevedore.named [None req-b66a5f0f-6042-4582-86c6-3171aca2ed01 None None] Could not load cinder.keymgr.conf_key_mgr.ConfKeyManager
Aug 09 00:16:09 ubuntu devstack@c-api.service[115318]: WARNING castellan.key_manager [None req-b66a5f0f-6042-4582-86c6-3171aca2ed01 None None] Deprecation Warning : cinder.keymgr.conf_key_mgr.ConfKeyManager is not a stevedore based driver, trying to load it as a class: stevedore.exception.NoMatches: No 'castellan.drivers' driver found, looking for 'cinder.keymgr.conf_key_mgr.ConfKeyManager'
Aug 09 00:16:09 ubuntu devstack@c-api.service[115318]: WARNING stevedore.named [None req-b66a5f0f-6042-4582-86c6-3171aca2ed01 None None] Could not load cinder.keymgr.conf_key_mgr.ConfKeyManager
Aug 09 00:16:09 ubuntu devstack@c-api.service[115318]: WARNING castellan.key_manager [None req-b66a5f0f-6042-4582-86c6-3171aca2ed01 None None] Deprecation Warning : cinder.keymgr.conf_key_mgr.ConfKeyManager is not a stevedore based driver, trying to load it as a class: stevedore.exception.NoMatches: No 'castellan.drivers' driver found, looking for 'cinder.keymgr.conf_key_mgr.ConfKeyManager'
Aug 09 00:16:09 ubuntu devstack@c-api.service[115317]: DEBUG cinder.api.openstack [None req-eac59d31-c497-4848-869d-cd5d8a28d869 None None] Extended resource: encryption {{(pid=115317) _setup_ext_routes /opt/stack/cinder/cinder/api/openstack/__init__.py:129}}
Aug 09 00:16:09 ubuntu devstack@c-api.service[115317]: DEBUG cinder.api.openstack [None req-eac59d31-c497-4848-869d-cd5d8a28d869 None None] Extended resource: cgsnapshots {{(pid=115317) _setup_ext_routes /opt/stack/cinder/cinder/api/openstack/__init__.py:129}}
Aug 09 00:16:09 ubuntu devstack@c-api.service[115317]: DEBUG cinder.api.openstack [None req-eac59d31-c497-4848-869d-cd5d8a28d869 None None] Extended resource: capabilities {{(pid=115317) _setup_ext_routes /opt/stack/cinder/cinder/api/openstack/__init__.py:129}}
Aug 09 00:16:09 ubuntu devstack@c-api.service[115317]: DEBUG cinder.api.openstack [None req-eac59d31-c497-4848-869d-cd5d8a28d869 None None] Extended resource: consistencygroups {{(pid=115317) _setup_ext_routes /opt/stack/cinder/cinder/api/openstack/__init__.py:129}}
Aug 09 00:16:09 ubuntu devstack@c-api.service[115317]: DEBUG cinder.api.openstack [None req-eac59d31-c497-4848-869d-cd5d8a28d869 None None] Extended resource: os-services {{(pid=115317) _setup_ext_routes /opt/stack/cinder/cinder/api/openstack/__init__.py:129}}
Aug 09 00:16:09 ubuntu devstack@c-api.service[115317]: DEBUG cinder.api.openstack [None req-eac59d31-c497-4848-869d-cd5d8a28d869 None None] Extended resource: encryption {{(pid=115317) _setup_ext_routes /opt/stack/cinder/cinder/api/openstack/__init__.py:129}}
Aug 09 00:16:09 ubuntu devstack@c-api.service[115317]: DEBUG cinder.api.openstack [None req-eac59d31-c497-4848-869d-cd5d8a28d869 None None] Extended resource: os-quota-sets {{(pid=115317) _setup_ext_routes /opt/stack/cinder/cinder/api/openstack/__init__.py:129}}
Aug 09 00:16:09 ubuntu devstack@c-api.service[115318]: WARNING stevedore.named [None req-b66a5f0f-6042-4582-86c6-3171aca2ed01 None None] Could not load cinder.keymgr.conf_key_mgr.ConfKeyManager
Aug 09 00:16:09 ubuntu devstack@c-api.service[115318]: WARNING castellan.key_manager [None req-b66a5f0f-6042-4582-86c6-3171aca2ed01 None None] Deprecation Warning : cinder.keymgr.conf_key_mgr.ConfKeyManager is not a stevedore based driver, trying to load it as a class: stevedore.exception.NoMatches: No 'castellan.drivers' driver found, looking for 'cinder.keymgr.conf_key_mgr.ConfKeyManager'
Aug 09 00:16:09 ubuntu devstack@c-api.service[115317]: DEBUG cinder.api.openstack [None req-eac59d31-c497-4848-869d-cd5d8a28d869 None None] Extended resource: qos-specs {{(pid=115317) _setup_ext_routes /opt/stack/cinder/cinder/api/openstack/__init__.py:129}}
Aug 09 00:16:09 ubuntu devstack@c-api.service[115317]: DEBUG cinder.api.openstack [None req-eac59d31-c497-4848-869d-cd5d8a28d869 None None] Extended resource: os-volume-transfer {{(pid=115317) _setup_ext_routes /opt/stack/cinder/cinder/api/openstack/__init__.py:129}}
Aug 09 00:16:09 ubuntu devstack@c-api.service[115318]: WARNING stevedore.named [None req-b66a5f0f-6042-4582-86c6-3171aca2ed01 None None] Could not load cinder.keymgr.conf_key_mgr.ConfKeyManager
Aug 09 00:16:09 ubuntu devstack@c-api.service[115317]: DEBUG cinder.api.openstack [None req-eac59d31-c497-4848-869d-cd5d8a28d869 None None] Extended resource: os-snapshot-manage {{(pid=115317) _setup_ext_routes /opt/stack/cinder/cinder/api/openstack/__init__.py:129}}
Aug 09 00:16:09 ubuntu devstack@c-api.service[115318]: WARNING castellan.key_manager [None req-b66a5f0f-6042-4582-86c6-3171aca2ed01 None None] Deprecation Warning : cinder.keymgr.conf_key_mgr.ConfKeyManager is not a stevedore based driver, trying to load it as a class: stevedore.exception.NoMatches: No 'castellan.drivers' driver found, looking for 'cinder.keymgr.conf_key_mgr.ConfKeyManager'
Aug 09 00:16:09 ubuntu devstack@c-api.service[115317]: DEBUG cinder.api.openstack [None req-eac59d31-c497-4848-869d-cd5d8a28d869 None None] Extended resource: scheduler-stats {{(pid=115317) _setup_ext_routes /opt/stack/cinder/cinder/api/openstack/__init__.py:129}}
Aug 09 00:16:09 ubuntu devstack@c-api.service[115317]: DEBUG cinder.api.openstack [None req-eac59d31-c497-4848-869d-cd5d8a28d869 None None] Extended resource: backups {{(pid=115317) _setup_ext_routes /opt/stack/cinder/cinder/api/openstack/__init__.py:129}}
Aug 09 00:16:09 ubuntu devstack@c-api.service[115318]: WARNING stevedore.named [None req-b66a5f0f-6042-4582-86c6-3171aca2ed01 None None] Could not load cinder.keymgr.conf_key_mgr.ConfKeyManager
Aug 09 00:16:09 ubuntu devstack@c-api.service[115318]: WARNING castellan.key_manager [None req-b66a5f0f-6042-4582-86c6-3171aca2ed01 None None] Deprecation Warning : cinder.keymgr.conf_key_mgr.ConfKeyManager is not a stevedore based driver, trying to load it as a class: stevedore.exception.NoMatches: No 'castellan.drivers' driver found, looking for 'cinder.keymgr.conf_key_mgr.ConfKeyManager'
Aug 09 00:16:09 ubuntu devstack@c-api.service[115317]: DEBUG cinder.api.openstack [None req-eac59d31-c497-4848-869d-cd5d8a28d869 None None] Extended resource: os-volume-type-access {{(pid=115317) _setup_ext_routes /opt/stack/cinder/cinder/api/openstack/__init__.py:129}}
Aug 09 00:16:09 ubuntu devstack@c-api.service[115317]: DEBUG cinder.api.openstack [None req-eac59d31-c497-4848-869d-cd5d8a28d869 None None] Extended resource: os-hosts {{(pid=115317) _setup_ext_routes /opt/stack/cinder/cinder/api/openstack/__init__.py:129}}
Aug 09 00:16:09 ubuntu devstack@c-api.service[115317]: DEBUG cinder.api.openstack [None req-eac59d31-c497-4848-869d-cd5d8a28d869 None None] Extended resource: os-quota-class-sets {{(pid=115317) _setup_ext_routes /opt/stack/cinder/cinder/api/openstack/__init__.py:129}}
Aug 09 00:16:09 ubuntu devstack@c-api.service[115318]: WARNING stevedore.named [None req-b66a5f0f-6042-4582-86c6-3171aca2ed01 None None] Could not load cinder.keymgr.conf_key_mgr.ConfKeyManager
Aug 09 00:16:09 ubuntu devstack@c-api.service[115318]: WARNING castellan.key_manager [None req-b66a5f0f-6042-4582-86c6-3171aca2ed01 None None] Deprecation Warning : cinder.keymgr.conf_key_mgr.ConfKeyManager is not a stevedore based driver, trying to load it as a class: stevedore.exception.NoMatches: No 'castellan.drivers' driver found, looking for 'cinder.keymgr.conf_key_mgr.ConfKeyManager'
Aug 09 00:16:09 ubuntu devstack@c-api.service[115317]: DEBUG cinder.api.openstack [None req-eac59d31-c497-4848-869d-cd5d8a28d869 None None] Extended resource: os-volume-manage {{(pid=115317) _setup_ext_routes /opt/stack/cinder/cinder/api/openstack/__init__.py:129}}
Aug 09 00:16:09 ubuntu devstack@c-api.service[115317]: DEBUG cinder.api.openstack [None req-eac59d31-c497-4848-869d-cd5d8a28d869 None None] Extended resource: os-availability-zone {{(pid=115317) _setup_ext_routes /opt/stack/cinder/cinder/api/openstack/__init__.py:129}}
Aug 09 00:16:09 ubuntu devstack@c-api.service[115318]: WARNING stevedore.named [None req-b66a5f0f-6042-4582-86c6-3171aca2ed01 None None] Could not load cinder.keymgr.conf_key_mgr.ConfKeyManager
Aug 09 00:16:09 ubuntu devstack@c-api.service[115318]: WARNING castellan.key_manager [None req-b66a5f0f-6042-4582-86c6-3171aca2ed01 None None] Deprecation Warning : cinder.keymgr.conf_key_mgr.ConfKeyManager is not a stevedore based driver, trying to load it as a class: stevedore.exception.NoMatches: No 'castellan.drivers' driver found, looking for 'cinder.keymgr.conf_key_mgr.ConfKeyManager'
Aug 09 00:16:09 ubuntu devstack@c-api.service[115317]: WARNING stevedore.named [None req-eac59d31-c497-4848-869d-cd5d8a28d869 None None] Could not load cinder.keymgr.conf_key_mgr.ConfKeyManager
Aug 09 00:16:09 ubuntu devstack@c-api.service[115317]: WARNING castellan.key_manager [None req-eac59d31-c497-4848-869d-cd5d8a28d869 None None] Deprecation Warning : cinder.keymgr.conf_key_mgr.ConfKeyManager is not a stevedore based driver, trying to load it as a class: stevedore.exception.NoMatches: No 'castellan.drivers' driver found, looking for 'cinder.keymgr.conf_key_mgr.ConfKeyManager'
Aug 09 00:16:09 ubuntu devstack@c-api.service[115317]: WARNING stevedore.named [None req-eac59d31-c497-4848-869d-cd5d8a28d869 None None] Could not load cinder.keymgr.conf_key_mgr.ConfKeyManager
Aug 09 00:16:09 ubuntu devstack@c-api.service[115317]: WARNING castellan.key_manager [None req-eac59d31-c497-4848-869d-cd5d8a28d869 None None] Deprecation Warning : cinder.keymgr.conf_key_mgr.ConfKeyManager is not a stevedore based driver, trying to load it as a class: stevedore.exception.NoMatches: No 'castellan.drivers' driver found, looking for 'cinder.keymgr.conf_key_mgr.ConfKeyManager'
Aug 09 00:16:09 ubuntu devstack@c-api.service[115317]: WARNING stevedore.named [None req-eac59d31-c497-4848-869d-cd5d8a28d869 None None] Could not load cinder.keymgr.conf_key_mgr.ConfKeyManager
Aug 09 00:16:09 ubuntu devstack@c-api.service[115317]: WARNING castellan.key_manager [None req-eac59d31-c497-4848-869d-cd5d8a28d869 None None] Deprecation Warning : cinder.keymgr.conf_key_mgr.ConfKeyManager is not a stevedore based driver, trying to load it as a class: stevedore.exception.NoMatches: No 'castellan.drivers' driver found, looking for 'cinder.keymgr.conf_key_mgr.ConfKeyManager'
Aug 09 00:16:09 ubuntu devstack@c-api.service[115317]: WARNING stevedore.named [None req-eac59d31-c497-4848-869d-cd5d8a28d869 None None] Could not load cinder.keymgr.conf_key_mgr.ConfKeyManager
Aug 09 00:16:09 ubuntu devstack@c-api.service[115317]: WARNING castellan.key_manager [None req-eac59d31-c497-4848-869d-cd5d8a28d869 None None] Deprecation Warning : cinder.keymgr.conf_key_mgr.ConfKeyManager is not a stevedore based driver, trying to load it as a class: stevedore.exception.NoMatches: No 'castellan.drivers' driver found, looking for 'cinder.keymgr.conf_key_mgr.ConfKeyManager'
Aug 09 00:16:09 ubuntu devstack@c-api.service[115317]: WARNING stevedore.named [None req-eac59d31-c497-4848-869d-cd5d8a28d869 None None] Could not load cinder.keymgr.conf_key_mgr.ConfKeyManager
Aug 09 00:16:09 ubuntu devstack@c-api.service[115317]: WARNING castellan.key_manager [None req-eac59d31-c497-4848-869d-cd5d8a28d869 None None] Deprecation Warning : cinder.keymgr.conf_key_mgr.ConfKeyManager is not a stevedore based driver, trying to load it as a class: stevedore.exception.NoMatches: No 'castellan.drivers' driver found, looking for 'cinder.keymgr.conf_key_mgr.ConfKeyManager'
Aug 09 00:16:09 ubuntu devstack@c-api.service[115317]: WARNING stevedore.named [None req-eac59d31-c497-4848-869d-cd5d8a28d869 None None] Could not load cinder.keymgr.conf_key_mgr.ConfKeyManager
Aug 09 00:16:09 ubuntu devstack@c-api.service[115317]: WARNING castellan.key_manager [None req-eac59d31-c497-4848-869d-cd5d8a28d869 None None] Deprecation Warning : cinder.keymgr.conf_key_mgr.ConfKeyManager is not a stevedore based driver, trying to load it as a class: stevedore.exception.NoMatches: No 'castellan.drivers' driver found, looking for 'cinder.keymgr.conf_key_mgr.ConfKeyManager'
Aug 09 00:16:09 ubuntu devstack@c-api.service[115318]: WARNING stevedore.named [None req-b66a5f0f-6042-4582-86c6-3171aca2ed01 None None] Could not load cinder.keymgr.conf_key_mgr.ConfKeyManager
Aug 09 00:16:09 ubuntu devstack@c-api.service[115318]: WARNING castellan.key_manager [None req-b66a5f0f-6042-4582-86c6-3171aca2ed01 None None] Deprecation Warning : cinder.keymgr.conf_key_mgr.ConfKeyManager is not a stevedore based driver, trying to load it as a class: stevedore.exception.NoMatches: No 'castellan.drivers' driver found, looking for 'cinder.keymgr.conf_key_mgr.ConfKeyManager'
Aug 09 00:16:09 ubuntu devstack@c-api.service[115317]: WARNING stevedore.named [None req-eac59d31-c497-4848-869d-cd5d8a28d869 None None] Could not load cinder.keymgr.conf_key_mgr.ConfKeyManager
Aug 09 00:16:09 ubuntu devstack@c-api.service[115317]: WARNING castellan.key_manager [None req-eac59d31-c497-4848-869d-cd5d8a28d869 None None] Deprecation Warning : cinder.keymgr.conf_key_mgr.ConfKeyManager is not a stevedore based driver, trying to load it as a class: stevedore.exception.NoMatches: No 'castellan.drivers' driver found, looking for 'cinder.keymgr.conf_key_mgr.ConfKeyManager'
Aug 09 00:16:09 ubuntu devstack@c-api.service[115317]: WARNING stevedore.named [None req-eac59d31-c497-4848-869d-cd5d8a28d869 None None] Could not load cinder.keymgr.conf_key_mgr.ConfKeyManager
Aug 09 00:16:09 ubuntu devstack@c-api.service[115317]: WARNING castellan.key_manager [None req-eac59d31-c497-4848-869d-cd5d8a28d869 None None] Deprecation Warning : cinder.keymgr.conf_key_mgr.ConfKeyManager is not a stevedore based driver, trying to load it as a class: stevedore.exception.NoMatches: No 'castellan.drivers' driver found, looking for 'cinder.keymgr.conf_key_mgr.ConfKeyManager'
Aug 09 00:16:09 ubuntu devstack@c-api.service[115317]: WARNING stevedore.named [None req-eac59d31-c497-4848-869d-cd5d8a28d869 None None] Could not load cinder.keymgr.conf_key_mgr.ConfKeyManager
Aug 09 00:16:09 ubuntu devstack@c-api.service[115317]: WARNING castellan.key_manager [None req-eac59d31-c497-4848-869d-cd5d8a28d869 None None] Deprecation Warning : cinder.keymgr.conf_key_mgr.ConfKeyManager is not a stevedore based driver, trying to load it as a class: stevedore.exception.NoMatches: No 'castellan.drivers' driver found, looking for 'cinder.keymgr.conf_key_mgr.ConfKeyManager'
Aug 09 00:16:09 ubuntu devstack@c-api.service[115317]: WARNING stevedore.named [None req-eac59d31-c497-4848-869d-cd5d8a28d869 None None] Could not load cinder.keymgr.conf_key_mgr.ConfKeyManager
Aug 09 00:16:09 ubuntu devstack@c-api.service[115317]: WARNING castellan.key_manager [None req-eac59d31-c497-4848-869d-cd5d8a28d869 None None] Deprecation Warning : cinder.keymgr.conf_key_mgr.ConfKeyManager is not a stevedore based driver, trying to load it as a class: stevedore.exception.NoMatches: No 'castellan.drivers' driver found, looking for 'cinder.keymgr.conf_key_mgr.ConfKeyManager'
Aug 09 00:16:09 ubuntu devstack@c-api.service[115318]: WARNING stevedore.named [None req-b66a5f0f-6042-4582-86c6-3171aca2ed01 None None] Could not load cinder.keymgr.conf_key_mgr.ConfKeyManager
Aug 09 00:16:09 ubuntu devstack@c-api.service[115317]: DEBUG cinder.api.contrib.snapshot_actions [None req-eac59d31-c497-4848-869d-cd5d8a28d869 None None] SnapshotActionsController initialized {{(pid=115317) __init__ /opt/stack/cinder/cinder/api/contrib/snapshot_actions.py:33}}
Aug 09 00:16:09 ubuntu devstack@c-api.service[115318]: WARNING castellan.key_manager [None req-b66a5f0f-6042-4582-86c6-3171aca2ed01 None None] Deprecation Warning : cinder.keymgr.conf_key_mgr.ConfKeyManager is not a stevedore based driver, trying to load it as a class: stevedore.exception.NoMatches: No 'castellan.drivers' driver found, looking for 'cinder.keymgr.conf_key_mgr.ConfKeyManager'
Aug 09 00:16:09 ubuntu devstack@c-api.service[115317]: DEBUG cinder.api.openstack [None req-eac59d31-c497-4848-869d-cd5d8a28d869 None None] Extension AdminActions extending resource: volumes {{(pid=115317) _setup_extensions /opt/stack/cinder/cinder/api/openstack/__init__.py:159}}
Aug 09 00:16:09 ubuntu devstack@c-api.service[115317]: DEBUG cinder.api.openstack [None req-eac59d31-c497-4848-869d-cd5d8a28d869 None None] Extension AdminActions extending resource: snapshots {{(pid=115317) _setup_extensions /opt/stack/cinder/cinder/api/openstack/__init__.py:159}}
Aug 09 00:16:09 ubuntu devstack@c-api.service[115317]: DEBUG cinder.api.openstack [None req-eac59d31-c497-4848-869d-cd5d8a28d869 None None] Extension AdminActions extending resource: backups {{(pid=115317) _setup_extensions /opt/stack/cinder/cinder/api/openstack/__init__.py:159}}
Aug 09 00:16:09 ubuntu devstack@c-api.service[115317]: DEBUG cinder.api.openstack [None req-eac59d31-c497-4848-869d-cd5d8a28d869 None None] Extension SnapshotUnmanage extending resource: snapshots {{(pid=115317) _setup_extensions /opt/stack/cinder/cinder/api/openstack/__init__.py:159}}
Aug 09 00:16:09 ubuntu devstack@c-api.service[115317]: DEBUG cinder.api.openstack [None req-eac59d31-c497-4848-869d-cd5d8a28d869 None None] Extension VolumeActions extending resource: volumes {{(pid=115317) _setup_extensions /opt/stack/cinder/cinder/api/openstack/__init__.py:159}}
Aug 09 00:16:09 ubuntu devstack@c-api.service[115317]: DEBUG cinder.api.openstack [None req-eac59d31-c497-4848-869d-cd5d8a28d869 None None] Extension VolumeTypeEncryption extending resource: types {{(pid=115317) _setup_extensions /opt/stack/cinder/cinder/api/openstack/__init__.py:159}}
Aug 09 00:16:09 ubuntu devstack@c-api.service[115317]: DEBUG cinder.api.openstack [None req-eac59d31-c497-4848-869d-cd5d8a28d869 None None] Extension VolumeMigStatusAttribute extending resource: volumes {{(pid=115317) _setup_extensions /opt/stack/cinder/cinder/api/openstack/__init__.py:159}}
Aug 09 00:16:09 ubuntu devstack@c-api.service[115317]: DEBUG cinder.api.openstack [None req-eac59d31-c497-4848-869d-cd5d8a28d869 None None] Extension VolumeUnmanage extending resource: volumes {{(pid=115317) _setup_extensions /opt/stack/cinder/cinder/api/openstack/__init__.py:159}}
Aug 09 00:16:09 ubuntu devstack@c-api.service[115317]: DEBUG cinder.api.openstack [None req-eac59d31-c497-4848-869d-cd5d8a28d869 None None] Extension TypesManage extending resource: types {{(pid=115317) _setup_extensions /opt/stack/cinder/cinder/api/openstack/__init__.py:159}}
Aug 09 00:16:09 ubuntu devstack@c-api.service[115317]: DEBUG cinder.api.openstack [None req-eac59d31-c497-4848-869d-cd5d8a28d869 None None] Extension VolumeImageMetadata extending resource: volumes {{(pid=115317) _setup_extensions /opt/stack/cinder/cinder/api/openstack/__init__.py:159}}
Aug 09 00:16:09 ubuntu devstack@c-api.service[115317]: DEBUG cinder.api.openstack [None req-eac59d31-c497-4848-869d-cd5d8a28d869 None None] Extension UsedLimits extending resource: limits {{(pid=115317) _setup_extensions /opt/stack/cinder/cinder/api/openstack/__init__.py:159}}
Aug 09 00:16:09 ubuntu devstack@c-api.service[115317]: DEBUG cinder.api.openstack [None req-eac59d31-c497-4848-869d-cd5d8a28d869 None None] Extension VolumeTypeAccess extending resource: types {{(pid=115317) _setup_extensions /opt/stack/cinder/cinder/api/openstack/__init__.py:159}}
