Mar 06 08:51:52 ubuntu devstack@keystone.service[81657]: [pid: 81657|app: 0|req: 12/23] 10.201.5.82 () {54 vars in 920 bytes} [Fri Mar  6 08:51:52 2026] GET /identity => generated 270 bytes in 3 msecs (HTTP/1.1 300) 6 headers in 234 bytes (1 switches on core 0)
Mar 06 08:51:52 ubuntu devstack@keystone.service[81658]: DEBUG keystone.server.flask.request_processing.req_logging [None req-331c394f-6152-4274-8417-edef8fe447e8 None None] REQUEST_METHOD: `POST` {{(pid=81658) log_request_info /opt/stack/keystone/keystone/server/flask/request_processing/req_logging.py:26}}
Mar 06 08:51:52 ubuntu devstack@keystone.service[81658]: DEBUG keystone.server.flask.request_processing.req_logging [None req-331c394f-6152-4274-8417-edef8fe447e8 None None] SCRIPT_NAME: `/identity` {{(pid=81658) log_request_info /opt/stack/keystone/keystone/server/flask/request_processing/req_logging.py:27}}
Mar 06 08:51:52 ubuntu devstack@keystone.service[81658]: DEBUG keystone.server.flask.request_processing.req_logging [None req-331c394f-6152-4274-8417-edef8fe447e8 None None] PATH_INFO: `/v3/auth/tokens` {{(pid=81658) log_request_info /opt/stack/keystone/keystone/server/flask/request_processing/req_logging.py:28}}
Mar 06 08:51:52 ubuntu devstack@keystone.service[81658]: WARNING keystone.common.password_hashing [None req-331c394f-6152-4274-8417-edef8fe447e8 None None] Truncating password to algorithm specific maximum length 72 characters.
Mar 06 08:51:52 ubuntu devstack@keystone.service[81658]: DEBUG keystone.auth.core [None req-331c394f-6152-4274-8417-edef8fe447e8 None None] MFA Rules not processed for user `67f7920fccb140f0b67e8ad39c7c75a7`. Rule list: `[]` (Enabled: `True`). {{(pid=81658) check_auth_methods_against_rules /opt/stack/keystone/keystone/auth/core.py:476}}
Mar 06 08:51:52 ubuntu devstack@keystone.service[81658]: DEBUG keystone.common.fernet_utils [None req-331c394f-6152-4274-8417-edef8fe447e8 None None] Loaded 2 Fernet keys from /etc/keystone/fernet-keys/, but `[fernet_tokens] max_active_keys = 3`; perhaps there have not been enough key rotations to reach `max_active_keys` yet? {{(pid=81658) load_keys /opt/stack/keystone/keystone/common/fernet_utils.py:297}}
Mar 06 08:51:52 ubuntu devstack@keystone.service[81658]: [pid: 81658|app: 0|req: 12/24] 10.201.5.82 () {58 vars in 1017 bytes} [Fri Mar  6 08:51:52 2026] POST /identity/v3/auth/tokens => generated 862 bytes in 53 msecs (HTTP/1.1 201) 6 headers in 363 bytes (1 switches on core 0)
Mar 06 08:51:52 ubuntu devstack@keystone.service[81657]: DEBUG keystone.server.flask.request_processing.middleware.auth_context [None req-68811673-ce34-4481-8fce-25d2feeefd47 None None] Authenticating user token {{(pid=81657) process_request /opt/stack/data/venv/lib/python3.10/site-packages/keystonemiddleware/auth_token/__init__.py:407}}
Mar 06 08:51:52 ubuntu devstack@keystone.service[81657]: DEBUG keystone.server.flask.request_processing.middleware.auth_context [None req-68811673-ce34-4481-8fce-25d2feeefd47 None None] Validating token access rules against request {{(pid=81657) validate_allowed_request /opt/stack/data/venv/lib/python3.10/site-packages/keystonemiddleware/auth_token/__init__.py:545}}
Mar 06 08:51:52 ubuntu devstack@keystone.service[81657]: DEBUG keystone.server.flask.request_processing.middleware.auth_context [None req-f4bd4328-795a-432c-90d4-442d37f41a42 None admin] RBAC: auth_context: {'token': <TokenModel (audit_id=k-6LRf8pS7OhU2Gxlr8Vrg, audit_chain_id=['k-6LRf8pS7OhU2Gxlr8Vrg']) at 0x7fc32e9302e0>, 'domain_id': None, 'trust_id': None, 'trustor_id': None, 'trustee_id': None, 'domain_name': None, 'group_ids': [], 'user_id': '67f7920fccb140f0b67e8ad39c7c75a7', 'user_domain_id': 'default', 'system_scope': 'all', 'project_id': None, 'project_domain_id': None, 'roles': ['admin', 'manager', 'member', 'reader'], 'is_admin_project': True, 'service_user_id': None, 'service_user_domain_id': None, 'service_project_id': None, 'service_project_domain_id': None, 'service_roles': []} {{(pid=81657) fill_context /opt/stack/keystone/keystone/server/flask/request_processing/middleware/auth_context.py:509}}
Mar 06 08:51:52 ubuntu devstack@keystone.service[81657]: DEBUG keystone.server.flask.request_processing.req_logging [None req-f4bd4328-795a-432c-90d4-442d37f41a42 None admin] REQUEST_METHOD: `GET` {{(pid=81657) log_request_info /opt/stack/keystone/keystone/server/flask/request_processing/req_logging.py:26}}
Mar 06 08:51:52 ubuntu devstack@keystone.service[81657]: DEBUG keystone.server.flask.request_processing.req_logging [None req-f4bd4328-795a-432c-90d4-442d37f41a42 None admin] SCRIPT_NAME: `/identity` {{(pid=81657) log_request_info /opt/stack/keystone/keystone/server/flask/request_processing/req_logging.py:27}}
Mar 06 08:51:52 ubuntu devstack@keystone.service[81657]: DEBUG keystone.server.flask.request_processing.req_logging [None req-f4bd4328-795a-432c-90d4-442d37f41a42 None admin] PATH_INFO: `/v3/roles/admin` {{(pid=81657) log_request_info /opt/stack/keystone/keystone/server/flask/request_processing/req_logging.py:28}}
Mar 06 08:51:52 ubuntu devstack@keystone.service[81657]: DEBUG keystone.common.rbac_enforcer.enforcer [None req-f4bd4328-795a-432c-90d4-442d37f41a42 None admin] Extracting inferred target data resulted in "NOT FOUND (404)". {{(pid=81657) enforce_call /opt/stack/keystone/keystone/common/rbac_enforcer/enforcer.py:445}}
Mar 06 08:51:52 ubuntu devstack@keystone.service[81657]: DEBUG keystone.server.flask.application [None req-f4bd4328-795a-432c-90d4-442d37f41a42 None admin] Could not find role: admin. {{(pid=81657) _handle_keystone_exception /opt/stack/keystone/keystone/server/flask/application.py:146}}
Mar 06 08:51:52 ubuntu devstack@keystone.service[81657]: [pid: 81657|app: 0|req: 13/25] 10.201.5.82 () {56 vars in 1133 bytes} [Fri Mar  6 08:51:52 2026] GET /identity/v3/roles/admin => generated 83 bytes in 185 msecs (HTTP/1.1 404) 5 headers in 183 bytes (1 switches on core 0)
Mar 06 08:51:52 ubuntu devstack@keystone.service[81658]: DEBUG keystone.server.flask.request_processing.middleware.auth_context [None req-331c394f-6152-4274-8417-edef8fe447e8 None None] Authenticating user token {{(pid=81658) process_request /opt/stack/data/venv/lib/python3.10/site-packages/keystonemiddleware/auth_token/__init__.py:407}}
Mar 06 08:51:52 ubuntu devstack@keystone.service[81658]: DEBUG keystone.server.flask.request_processing.middleware.auth_context [None req-331c394f-6152-4274-8417-edef8fe447e8 None None] Validating token access rules against request {{(pid=81658) validate_allowed_request /opt/stack/data/venv/lib/python3.10/site-packages/keystonemiddleware/auth_token/__init__.py:545}}
Mar 06 08:51:52 ubuntu devstack@keystone.service[81658]: DEBUG keystone.server.flask.request_processing.middleware.auth_context [None req-974aea7b-5d44-40a4-97b9-404d28ca3aa3 None admin] RBAC: auth_context: {'token': <TokenModel (audit_id=k-6LRf8pS7OhU2Gxlr8Vrg, audit_chain_id=['k-6LRf8pS7OhU2Gxlr8Vrg']) at 0x7fc32e996110>, 'domain_id': None, 'trust_id': None, 'trustor_id': None, 'trustee_id': None, 'domain_name': None, 'group_ids': [], 'user_id': '67f7920fccb140f0b67e8ad39c7c75a7', 'user_domain_id': 'default', 'system_scope': 'all', 'project_id': None, 'project_domain_id': None, 'roles': ['admin', 'manager', 'member', 'reader'], 'is_admin_project': True, 'service_user_id': None, 'service_user_domain_id': None, 'service_project_id': None, 'service_project_domain_id': None, 'service_roles': []} {{(pid=81658) fill_context /opt/stack/keystone/keystone/server/flask/request_processing/middleware/auth_context.py:509}}
Mar 06 08:51:52 ubuntu devstack@keystone.service[81658]: DEBUG keystone.server.flask.request_processing.req_logging [None req-974aea7b-5d44-40a4-97b9-404d28ca3aa3 None admin] REQUEST_METHOD: `GET` {{(pid=81658) log_request_info /opt/stack/keystone/keystone/server/flask/request_processing/req_logging.py:26}}
Mar 06 08:51:52 ubuntu devstack@keystone.service[81658]: DEBUG keystone.server.flask.request_processing.req_logging [None req-974aea7b-5d44-40a4-97b9-404d28ca3aa3 None admin] SCRIPT_NAME: `/identity` {{(pid=81658) log_request_info /opt/stack/keystone/keystone/server/flask/request_processing/req_logging.py:27}}
Mar 06 08:51:52 ubuntu devstack@keystone.service[81658]: DEBUG keystone.server.flask.request_processing.req_logging [None req-974aea7b-5d44-40a4-97b9-404d28ca3aa3 None admin] PATH_INFO: `/v3/roles` {{(pid=81658) log_request_info /opt/stack/keystone/keystone/server/flask/request_processing/req_logging.py:28}}
Mar 06 08:51:52 ubuntu devstack@keystone.service[81658]: DEBUG keystone.common.rbac_enforcer.enforcer [None req-974aea7b-5d44-40a4-97b9-404d28ca3aa3 None admin] RBAC: Adding query filter params (name=admin) {{(pid=81658) _extract_filter_values /opt/stack/keystone/keystone/common/rbac_enforcer/enforcer.py:176}}
Mar 06 08:51:52 ubuntu devstack@keystone.service[81658]: DEBUG keystone.common.rbac_enforcer.enforcer [None req-974aea7b-5d44-40a4-97b9-404d28ca3aa3 None admin] RBAC: Authorizing `identity:list_roles()` {{(pid=81658) enforce_call /opt/stack/keystone/keystone/common/rbac_enforcer/enforcer.py:494}}
Mar 06 08:51:52 ubuntu devstack@keystone.service[81658]: DEBUG keystone.common.rbac_enforcer.enforcer [None req-974aea7b-5d44-40a4-97b9-404d28ca3aa3 None admin] RBAC: Authorization granted {{(pid=81658) enforce_call /opt/stack/keystone/keystone/common/rbac_enforcer/enforcer.py:505}}
Mar 06 08:51:52 ubuntu devstack@keystone.service[81658]: [pid: 81658|app: 0|req: 13/26] 10.201.5.82 () {56 vars in 1149 bytes} [Fri Mar  6 08:51:52 2026] GET /identity/v3/roles?name=admin => generated 339 bytes in 61 msecs (HTTP/1.1 200) 5 headers in 177 bytes (1 switches on core 0)
Mar 06 08:51:52 ubuntu devstack@keystone.service[81657]: DEBUG keystone.server.flask.request_processing.middleware.auth_context [None req-f4bd4328-795a-432c-90d4-442d37f41a42 None admin] Authenticating user token {{(pid=81657) process_request /opt/stack/data/venv/lib/python3.10/site-packages/keystonemiddleware/auth_token/__init__.py:407}}
Mar 06 08:51:52 ubuntu devstack@keystone.service[81658]: DEBUG keystone.server.flask.request_processing.req_logging [None req-de51a763-61db-41dc-9c1b-e3a5ca0ee4a6 None None] REQUEST_METHOD: `GET` {{(pid=81658) log_request_info /opt/stack/keystone/keystone/server/flask/request_processing/req_logging.py:26}}
Mar 06 08:51:52 ubuntu devstack@keystone.service[81658]: DEBUG keystone.server.flask.request_processing.req_logging [None req-de51a763-61db-41dc-9c1b-e3a5ca0ee4a6 None None] SCRIPT_NAME: `/identity` {{(pid=81658) log_request_info /opt/stack/keystone/keystone/server/flask/request_processing/req_logging.py:27}}
Mar 06 08:51:52 ubuntu devstack@keystone.service[81658]: DEBUG keystone.server.flask.request_processing.req_logging [None req-de51a763-61db-41dc-9c1b-e3a5ca0ee4a6 None None] PATH_INFO: `/` {{(pid=81658) log_request_info /opt/stack/keystone/keystone/server/flask/request_processing/req_logging.py:28}}
Mar 06 08:51:52 ubuntu devstack@keystone.service[81658]: [pid: 81658|app: 0|req: 14/27] 10.201.5.82 () {54 vars in 920 bytes} [Fri Mar  6 08:51:52 2026] GET /identity => generated 270 bytes in 1 msecs (HTTP/1.1 300) 6 headers in 234 bytes (1 switches on core 0)
Mar 06 08:51:52 ubuntu devstack@keystone.service[81658]: DEBUG keystone.server.flask.request_processing.req_logging [None req-739002eb-65b4-4ac7-ac0c-4cb45e22fbe3 None None] REQUEST_METHOD: `POST` {{(pid=81658) log_request_info /opt/stack/keystone/keystone/server/flask/request_processing/req_logging.py:26}}
Mar 06 08:51:52 ubuntu devstack@keystone.service[81658]: DEBUG keystone.server.flask.request_processing.req_logging [None req-739002eb-65b4-4ac7-ac0c-4cb45e22fbe3 None None] SCRIPT_NAME: `/identity` {{(pid=81658) log_request_info /opt/stack/keystone/keystone/server/flask/request_processing/req_logging.py:27}}
Mar 06 08:51:52 ubuntu devstack@keystone.service[81658]: DEBUG keystone.server.flask.request_processing.req_logging [None req-739002eb-65b4-4ac7-ac0c-4cb45e22fbe3 None None] PATH_INFO: `/v3/auth/tokens` {{(pid=81658) log_request_info /opt/stack/keystone/keystone/server/flask/request_processing/req_logging.py:28}}
Mar 06 08:51:52 ubuntu devstack@keystone.service[81658]: WARNING keystone.common.password_hashing [None req-739002eb-65b4-4ac7-ac0c-4cb45e22fbe3 None None] Truncating password to algorithm specific maximum length 72 characters.
Mar 06 08:51:52 ubuntu devstack@keystone.service[81658]: DEBUG keystone.auth.core [None req-739002eb-65b4-4ac7-ac0c-4cb45e22fbe3 None None] MFA Rules not processed for user `67f7920fccb140f0b67e8ad39c7c75a7`. Rule list: `[]` (Enabled: `True`). {{(pid=81658) check_auth_methods_against_rules /opt/stack/keystone/keystone/auth/core.py:476}}
Mar 06 08:51:52 ubuntu devstack@keystone.service[81658]: DEBUG keystone.common.fernet_utils [None req-739002eb-65b4-4ac7-ac0c-4cb45e22fbe3 None None] Loaded 2 Fernet keys from /etc/keystone/fernet-keys/, but `[fernet_tokens] max_active_keys = 3`; perhaps there have not been enough key rotations to reach `max_active_keys` yet? {{(pid=81658) load_keys /opt/stack/keystone/keystone/common/fernet_utils.py:297}}
Mar 06 08:51:52 ubuntu devstack@keystone.service[81657]: DEBUG keystone.server.flask.request_processing.middleware.auth_context [None req-f4bd4328-795a-432c-90d4-442d37f41a42 None admin] Validating token access rules against request {{(pid=81657) validate_allowed_request /opt/stack/data/venv/lib/python3.10/site-packages/keystonemiddleware/auth_token/__init__.py:545}}
Mar 06 08:51:52 ubuntu devstack@keystone.service[81658]: [pid: 81658|app: 0|req: 15/28] 10.201.5.82 () {58 vars in 1017 bytes} [Fri Mar  6 08:51:52 2026] POST /identity/v3/auth/tokens => generated 862 bytes in 65 msecs (HTTP/1.1 201) 6 headers in 363 bytes (1 switches on core 0)
Mar 06 08:51:52 ubuntu devstack@keystone.service[81657]: DEBUG keystone.server.flask.request_processing.middleware.auth_context [None req-7b568c05-1987-46d2-bf00-07aefc646cab None admin] RBAC: auth_context: {'token': <TokenModel (audit_id=k-6LRf8pS7OhU2Gxlr8Vrg, audit_chain_id=['k-6LRf8pS7OhU2Gxlr8Vrg']) at 0x7fc32edcb5b0>, 'domain_id': None, 'trust_id': None, 'trustor_id': None, 'trustee_id': None, 'domain_name': None, 'group_ids': [], 'user_id': '67f7920fccb140f0b67e8ad39c7c75a7', 'user_domain_id': 'default', 'system_scope': 'all', 'project_id': None, 'project_domain_id': None, 'roles': ['admin', 'manager', 'member', 'reader'], 'is_admin_project': True, 'service_user_id': None, 'service_user_domain_id': None, 'service_project_id': None, 'service_project_domain_id': None, 'service_roles': []} {{(pid=81657) fill_context /opt/stack/keystone/keystone/server/flask/request_processing/middleware/auth_context.py:509}}
Mar 06 08:51:52 ubuntu devstack@keystone.service[81657]: DEBUG keystone.server.flask.request_processing.req_logging [None req-7b568c05-1987-46d2-bf00-07aefc646cab None admin] REQUEST_METHOD: `GET` {{(pid=81657) log_request_info /opt/stack/keystone/keystone/server/flask/request_processing/req_logging.py:26}}
Mar 06 08:51:52 ubuntu devstack@keystone.service[81657]: DEBUG keystone.server.flask.request_processing.req_logging [None req-7b568c05-1987-46d2-bf00-07aefc646cab None admin] SCRIPT_NAME: `/identity` {{(pid=81657) log_request_info /opt/stack/keystone/keystone/server/flask/request_processing/req_logging.py:27}}
Mar 06 08:51:52 ubuntu devstack@keystone.service[81657]: DEBUG keystone.server.flask.request_processing.req_logging [None req-7b568c05-1987-46d2-bf00-07aefc646cab None admin] PATH_INFO: `/v3/users/67f7920fccb140f0b67e8ad39c7c75a7` {{(pid=81657) log_request_info /opt/stack/keystone/keystone/server/flask/request_processing/req_logging.py:28}}
Mar 06 08:51:52 ubuntu devstack@keystone.service[81657]: DEBUG keystone.common.rbac_enforcer.enforcer [None req-7b568c05-1987-46d2-bf00-07aefc646cab None admin] RBAC: Authorizing `identity:get_user(user_id=67f7920fccb140f0b67e8ad39c7c75a7)` {{(pid=81657) enforce_call /opt/stack/keystone/keystone/common/rbac_enforcer/enforcer.py:494}}
Mar 06 08:51:52 ubuntu devstack@keystone.service[81657]: DEBUG keystone.common.rbac_enforcer.enforcer [None req-7b568c05-1987-46d2-bf00-07aefc646cab None admin] RBAC: Authorization granted {{(pid=81657) enforce_call /opt/stack/keystone/keystone/common/rbac_enforcer/enforcer.py:505}}
Mar 06 08:51:52 ubuntu devstack@keystone.service[81657]: [pid: 81657|app: 0|req: 14/29] 10.201.5.82 () {56 vars in 1214 bytes} [Fri Mar  6 08:51:52 2026] GET /identity/v3/users/67f7920fccb140f0b67e8ad39c7c75a7 => generated 247 bytes in 108 msecs (HTTP/1.1 200) 5 headers in 177 bytes (1 switches on core 0)
Mar 06 08:51:52 ubuntu devstack@keystone.service[81658]: DEBUG keystone.server.flask.request_processing.middleware.auth_context [None req-739002eb-65b4-4ac7-ac0c-4cb45e22fbe3 None None] Authenticating user token {{(pid=81658) process_request /opt/stack/data/venv/lib/python3.10/site-packages/keystonemiddleware/auth_token/__init__.py:407}}
Mar 06 08:51:52 ubuntu devstack@keystone.service[81657]: DEBUG keystone.server.flask.request_processing.req_logging [None req-a92b7599-25f9-49ed-a3c2-c46deb995c15 None None] REQUEST_METHOD: `GET` {{(pid=81657) log_request_info /opt/stack/keystone/keystone/server/flask/request_processing/req_logging.py:26}}
Mar 06 08:51:52 ubuntu devstack@keystone.service[81657]: DEBUG keystone.server.flask.request_processing.req_logging [None req-a92b7599-25f9-49ed-a3c2-c46deb995c15 None None] SCRIPT_NAME: `/identity` {{(pid=81657) log_request_info /opt/stack/keystone/keystone/server/flask/request_processing/req_logging.py:27}}
Mar 06 08:51:52 ubuntu devstack@keystone.service[81657]: DEBUG keystone.server.flask.request_processing.req_logging [None req-a92b7599-25f9-49ed-a3c2-c46deb995c15 None None] PATH_INFO: `/` {{(pid=81657) log_request_info /opt/stack/keystone/keystone/server/flask/request_processing/req_logging.py:28}}
Mar 06 08:51:52 ubuntu devstack@keystone.service[81657]: [pid: 81657|app: 0|req: 15/30] 10.201.5.82 () {54 vars in 920 bytes} [Fri Mar  6 08:51:52 2026] GET /identity => generated 270 bytes in 1 msecs (HTTP/1.1 300) 6 headers in 234 bytes (1 switches on core 0)
Mar 06 08:51:52 ubuntu devstack@keystone.service[81657]: DEBUG keystone.server.flask.request_processing.req_logging [None req-af9ec1a9-ad3a-4617-a33a-f475cb5ef065 None None] REQUEST_METHOD: `POST` {{(pid=81657) log_request_info /opt/stack/keystone/keystone/server/flask/request_processing/req_logging.py:26}}
Mar 06 08:51:52 ubuntu devstack@keystone.service[81657]: DEBUG keystone.server.flask.request_processing.req_logging [None req-af9ec1a9-ad3a-4617-a33a-f475cb5ef065 None None] SCRIPT_NAME: `/identity` {{(pid=81657) log_request_info /opt/stack/keystone/keystone/server/flask/request_processing/req_logging.py:27}}
Mar 06 08:51:52 ubuntu devstack@keystone.service[81657]: DEBUG keystone.server.flask.request_processing.req_logging [None req-af9ec1a9-ad3a-4617-a33a-f475cb5ef065 None None] PATH_INFO: `/v3/auth/tokens` {{(pid=81657) log_request_info /opt/stack/keystone/keystone/server/flask/request_processing/req_logging.py:28}}
Mar 06 08:51:52 ubuntu devstack@keystone.service[81658]: DEBUG keystone.server.flask.request_processing.middleware.auth_context [None req-739002eb-65b4-4ac7-ac0c-4cb45e22fbe3 None None] Validating token access rules against request {{(pid=81658) validate_allowed_request /opt/stack/data/venv/lib/python3.10/site-packages/keystonemiddleware/auth_token/__init__.py:545}}
Mar 06 08:51:52 ubuntu devstack@keystone.service[81657]: WARNING keystone.common.password_hashing [None req-af9ec1a9-ad3a-4617-a33a-f475cb5ef065 None None] Truncating password to algorithm specific maximum length 72 characters.
Mar 06 08:51:52 ubuntu devstack@keystone.service[81658]: DEBUG keystone.server.flask.request_processing.middleware.auth_context [None req-3f23eee0-f582-49a5-b30f-669281be107c None admin] RBAC: auth_context: {'token': <TokenModel (audit_id=k-6LRf8pS7OhU2Gxlr8Vrg, audit_chain_id=['k-6LRf8pS7OhU2Gxlr8Vrg']) at 0x7fc32ec548e0>, 'domain_id': None, 'trust_id': None, 'trustor_id': None, 'trustee_id': None, 'domain_name': None, 'group_ids': [], 'user_id': '67f7920fccb140f0b67e8ad39c7c75a7', 'user_domain_id': 'default', 'system_scope': 'all', 'project_id': None, 'project_domain_id': None, 'roles': ['admin', 'manager', 'member', 'reader'], 'is_admin_project': True, 'service_user_id': None, 'service_user_domain_id': None, 'service_project_id': None, 'service_project_domain_id': None, 'service_roles': []} {{(pid=81658) fill_context /opt/stack/keystone/keystone/server/flask/request_processing/middleware/auth_context.py:509}}
Mar 06 08:51:52 ubuntu devstack@keystone.service[81658]: DEBUG keystone.server.flask.request_processing.req_logging [None req-3f23eee0-f582-49a5-b30f-669281be107c None admin] REQUEST_METHOD: `GET` {{(pid=81658) log_request_info /opt/stack/keystone/keystone/server/flask/request_processing/req_logging.py:26}}
Mar 06 08:51:52 ubuntu devstack@keystone.service[81658]: DEBUG keystone.server.flask.request_processing.req_logging [None req-3f23eee0-f582-49a5-b30f-669281be107c None admin] SCRIPT_NAME: `/identity` {{(pid=81658) log_request_info /opt/stack/keystone/keystone/server/flask/request_processing/req_logging.py:27}}
Mar 06 08:51:52 ubuntu devstack@keystone.service[81658]: DEBUG keystone.server.flask.request_processing.req_logging [None req-3f23eee0-f582-49a5-b30f-669281be107c None admin] PATH_INFO: `/v3/domains/default` {{(pid=81658) log_request_info /opt/stack/keystone/keystone/server/flask/request_processing/req_logging.py:28}}
Mar 06 08:51:52 ubuntu devstack@keystone.service[81658]: DEBUG keystone.common.rbac_enforcer.enforcer [None req-3f23eee0-f582-49a5-b30f-669281be107c None admin] RBAC: Authorizing `identity:get_domain(domain_id=default)` {{(pid=81658) enforce_call /opt/stack/keystone/keystone/common/rbac_enforcer/enforcer.py:494}}
Mar 06 08:51:52 ubuntu devstack@keystone.service[81658]: DEBUG keystone.common.rbac_enforcer.enforcer [None req-3f23eee0-f582-49a5-b30f-669281be107c None admin] RBAC: Authorization granted {{(pid=81658) enforce_call /opt/stack/keystone/keystone/common/rbac_enforcer/enforcer.py:505}}
Mar 06 08:51:52 ubuntu devstack@keystone.service[81657]: DEBUG keystone.auth.core [None req-af9ec1a9-ad3a-4617-a33a-f475cb5ef065 None None] MFA Rules not processed for user `67f7920fccb140f0b67e8ad39c7c75a7`. Rule list: `[]` (Enabled: `True`). {{(pid=81657) check_auth_methods_against_rules /opt/stack/keystone/keystone/auth/core.py:476}}
Mar 06 08:51:52 ubuntu devstack@keystone.service[81657]: DEBUG keystone.common.fernet_utils [None req-af9ec1a9-ad3a-4617-a33a-f475cb5ef065 None None] Loaded 2 Fernet keys from /etc/keystone/fernet-keys/, but `[fernet_tokens] max_active_keys = 3`; perhaps there have not been enough key rotations to reach `max_active_keys` yet? {{(pid=81657) load_keys /opt/stack/keystone/keystone/common/fernet_utils.py:297}}
Mar 06 08:51:52 ubuntu devstack@keystone.service[81658]: [pid: 81658|app: 0|req: 16/31] 10.201.5.82 () {56 vars in 1145 bytes} [Fri Mar  6 08:51:52 2026] GET /identity/v3/domains/default => generated 199 bytes in 79 msecs (HTTP/1.1 200) 5 headers in 177 bytes (2 switches on core 0)
Mar 06 08:51:52 ubuntu devstack@keystone.service[81658]: DEBUG keystone.server.flask.request_processing.middleware.auth_context [None req-3f23eee0-f582-49a5-b30f-669281be107c None admin] Authenticating user token {{(pid=81658) process_request /opt/stack/data/venv/lib/python3.10/site-packages/keystonemiddleware/auth_token/__init__.py:407}}
Mar 06 08:51:53 ubuntu devstack@keystone.service[81657]: [pid: 81657|app: 0|req: 16/32] 10.201.5.82 () {58 vars in 1017 bytes} [Fri Mar  6 08:51:52 2026] POST /identity/v3/auth/tokens => generated 862 bytes in 107 msecs (HTTP/1.1 201) 6 headers in 363 bytes (1 switches on core 0)
Mar 06 08:51:53 ubuntu devstack@keystone.service[81657]: DEBUG keystone.server.flask.request_processing.req_logging [None req-0f508a54-bb19-4aa6-98c2-93eaa5b077ac None None] REQUEST_METHOD: `GET` {{(pid=81657) log_request_info /opt/stack/keystone/keystone/server/flask/request_processing/req_logging.py:26}}
Mar 06 08:51:53 ubuntu devstack@keystone.service[81657]: DEBUG keystone.server.flask.request_processing.req_logging [None req-0f508a54-bb19-4aa6-98c2-93eaa5b077ac None None] SCRIPT_NAME: `/identity` {{(pid=81657) log_request_info /opt/stack/keystone/keystone/server/flask/request_processing/req_logging.py:27}}
Mar 06 08:51:53 ubuntu devstack@keystone.service[81657]: DEBUG keystone.server.flask.request_processing.req_logging [None req-0f508a54-bb19-4aa6-98c2-93eaa5b077ac None None] PATH_INFO: `/` {{(pid=81657) log_request_info /opt/stack/keystone/keystone/server/flask/request_processing/req_logging.py:28}}
Mar 06 08:51:53 ubuntu devstack@keystone.service[81657]: [pid: 81657|app: 0|req: 17/33] 10.201.5.82 () {54 vars in 920 bytes} [Fri Mar  6 08:51:53 2026] GET /identity => generated 270 bytes in 2 msecs (HTTP/1.1 300) 6 headers in 234 bytes (1 switches on core 0)
Mar 06 08:51:53 ubuntu devstack@keystone.service[81657]: DEBUG keystone.server.flask.request_processing.middleware.auth_context [None req-0f508a54-bb19-4aa6-98c2-93eaa5b077ac None None] Authenticating user token {{(pid=81657) process_request /opt/stack/data/venv/lib/python3.10/site-packages/keystonemiddleware/auth_token/__init__.py:407}}
Mar 06 08:51:53 ubuntu devstack@keystone.service[81658]: DEBUG keystone.server.flask.request_processing.middleware.auth_context [None req-3f23eee0-f582-49a5-b30f-669281be107c None admin] Validating token access rules against request {{(pid=81658) validate_allowed_request /opt/stack/data/venv/lib/python3.10/site-packages/keystonemiddleware/auth_token/__init__.py:545}}
Mar 06 08:51:53 ubuntu devstack@keystone.service[81658]: DEBUG keystone.server.flask.request_processing.middleware.auth_context [None req-b000f105-9066-4a03-b0e2-9a10aa760a04 None admin] RBAC: auth_context: {'token': <TokenModel (audit_id=k-6LRf8pS7OhU2Gxlr8Vrg, audit_chain_id=['k-6LRf8pS7OhU2Gxlr8Vrg']) at 0x7fc32e996e30>, 'domain_id': None, 'trust_id': None, 'trustor_id': None, 'trustee_id': None, 'domain_name': None, 'group_ids': [], 'user_id': '67f7920fccb140f0b67e8ad39c7c75a7', 'user_domain_id': 'default', 'system_scope': 'all', 'project_id': None, 'project_domain_id': None, 'roles': ['admin', 'manager', 'member', 'reader'], 'is_admin_project': True, 'service_user_id': None, 'service_user_domain_id': None, 'service_project_id': None, 'service_project_domain_id': None, 'service_roles': []} {{(pid=81658) fill_context /opt/stack/keystone/keystone/server/flask/request_processing/middleware/auth_context.py:509}}
Mar 06 08:51:53 ubuntu devstack@keystone.service[81658]: DEBUG keystone.server.flask.request_processing.req_logging [None req-b000f105-9066-4a03-b0e2-9a10aa760a04 None admin] REQUEST_METHOD: `GET` {{(pid=81658) log_request_info /opt/stack/keystone/keystone/server/flask/request_processing/req_logging.py:26}}
Mar 06 08:51:53 ubuntu devstack@keystone.service[81658]: DEBUG keystone.server.flask.request_processing.req_logging [None req-b000f105-9066-4a03-b0e2-9a10aa760a04 None admin] SCRIPT_NAME: `/identity` {{(pid=81658) log_request_info /opt/stack/keystone/keystone/server/flask/request_processing/req_logging.py:27}}
Mar 06 08:51:53 ubuntu devstack@keystone.service[81658]: DEBUG keystone.server.flask.request_processing.req_logging [None req-b000f105-9066-4a03-b0e2-9a10aa760a04 None admin] PATH_INFO: `/v3/role_assignments` {{(pid=81658) log_request_info /opt/stack/keystone/keystone/server/flask/request_processing/req_logging.py:28}}
Mar 06 08:51:53 ubuntu devstack@keystone.service[81658]: DEBUG keystone.common.rbac_enforcer.enforcer [None req-b000f105-9066-4a03-b0e2-9a10aa760a04 None admin] RBAC: Adding query filter params (role.id=f386f2c6be3342ec87f1f4a4eb51bf1c, scope.domain.id=default, user.id=67f7920fccb140f0b67e8ad39c7c75a7) {{(pid=81658) _extract_filter_values /opt/stack/keystone/keystone/common/rbac_enforcer/enforcer.py:176}}
Mar 06 08:51:53 ubuntu devstack@keystone.service[81658]: DEBUG keystone.common.rbac_enforcer.enforcer [None req-b000f105-9066-4a03-b0e2-9a10aa760a04 None admin] RBAC: Authorizing `identity:list_role_assignments()` {{(pid=81658) enforce_call /opt/stack/keystone/keystone/common/rbac_enforcer/enforcer.py:494}}
Mar 06 08:51:53 ubuntu devstack@keystone.service[81658]: DEBUG keystone.common.rbac_enforcer.enforcer [None req-b000f105-9066-4a03-b0e2-9a10aa760a04 None admin] RBAC: Authorization granted {{(pid=81658) enforce_call /opt/stack/keystone/keystone/common/rbac_enforcer/enforcer.py:505}}
Mar 06 08:51:53 ubuntu devstack@keystone.service[81658]: [pid: 81658|app: 0|req: 17/34] 10.201.5.82 () {56 vars in 1372 bytes} [Fri Mar  6 08:51:52 2026] GET /identity/v3/role_assignments?role.id=f386f2c6be3342ec87f1f4a4eb51bf1c&scope.domain.id=default&user.id=67f7920fccb140f0b67e8ad39c7c75a7 => generated 530 bytes in 117 msecs (HTTP/1.1 200) 5 headers in 177 bytes (1 switches on core 0)
Mar 06 08:51:53 ubuntu devstack@keystone.service[81658]: DEBUG keystone.server.flask.request_processing.req_logging [None req-d3a55196-4cf1-4541-971a-6f1149a9b007 None None] REQUEST_METHOD: `POST` {{(pid=81658) log_request_info /opt/stack/keystone/keystone/server/flask/request_processing/req_logging.py:26}}
Mar 06 08:51:53 ubuntu devstack@keystone.service[81658]: DEBUG keystone.server.flask.request_processing.req_logging [None req-d3a55196-4cf1-4541-971a-6f1149a9b007 None None] SCRIPT_NAME: `/identity` {{(pid=81658) log_request_info /opt/stack/keystone/keystone/server/flask/request_processing/req_logging.py:27}}
Mar 06 08:51:53 ubuntu devstack@keystone.service[81658]: DEBUG keystone.server.flask.request_processing.req_logging [None req-d3a55196-4cf1-4541-971a-6f1149a9b007 None None] PATH_INFO: `/v3/auth/tokens` {{(pid=81658) log_request_info /opt/stack/keystone/keystone/server/flask/request_processing/req_logging.py:28}}
Mar 06 08:51:53 ubuntu devstack@keystone.service[81658]: WARNING keystone.common.password_hashing [None req-d3a55196-4cf1-4541-971a-6f1149a9b007 None None] Truncating password to algorithm specific maximum length 72 characters.
Mar 06 08:51:53 ubuntu devstack@keystone.service[81657]: DEBUG keystone.server.flask.request_processing.middleware.auth_context [None req-0f508a54-bb19-4aa6-98c2-93eaa5b077ac None None] Validating token access rules against request {{(pid=81657) validate_allowed_request /opt/stack/data/venv/lib/python3.10/site-packages/keystonemiddleware/auth_token/__init__.py:545}}
Mar 06 08:51:53 ubuntu devstack@keystone.service[81658]: DEBUG keystone.auth.core [None req-d3a55196-4cf1-4541-971a-6f1149a9b007 None None] MFA Rules not processed for user `67f7920fccb140f0b67e8ad39c7c75a7`. Rule list: `[]` (Enabled: `True`). {{(pid=81658) check_auth_methods_against_rules /opt/stack/keystone/keystone/auth/core.py:476}}
Mar 06 08:51:53 ubuntu devstack@keystone.service[81658]: DEBUG keystone.common.fernet_utils [None req-d3a55196-4cf1-4541-971a-6f1149a9b007 None None] Loaded 2 Fernet keys from /etc/keystone/fernet-keys/, but `[fernet_tokens] max_active_keys = 3`; perhaps there have not been enough key rotations to reach `max_active_keys` yet? {{(pid=81658) load_keys /opt/stack/keystone/keystone/common/fernet_utils.py:297}}
Mar 06 08:51:53 ubuntu devstack@keystone.service[81657]: DEBUG keystone.server.flask.request_processing.middleware.auth_context [None req-a9637651-c963-4cf9-a211-8fb4328dca4e None admin] RBAC: auth_context: {'token': <TokenModel (audit_id=OpjRkWlXSGyVJV0CWTdJfg, audit_chain_id=['OpjRkWlXSGyVJV0CWTdJfg']) at 0x7fc32ed973a0>, 'domain_id': None, 'trust_id': None, 'trustor_id': None, 'trustee_id': None, 'domain_name': None, 'group_ids': [], 'user_id': '67f7920fccb140f0b67e8ad39c7c75a7', 'user_domain_id': 'default', 'system_scope': 'all', 'project_id': None, 'project_domain_id': None, 'roles': ['admin', 'manager', 'member', 'reader'], 'is_admin_project': True, 'service_user_id': None, 'service_user_domain_id': None, 'service_project_id': None, 'service_project_domain_id': None, 'service_roles': []} {{(pid=81657) fill_context /opt/stack/keystone/keystone/server/flask/request_processing/middleware/auth_context.py:509}}
Mar 06 08:51:53 ubuntu devstack@keystone.service[81657]: DEBUG keystone.server.flask.request_processing.req_logging [None req-a9637651-c963-4cf9-a211-8fb4328dca4e None admin] REQUEST_METHOD: `GET` {{(pid=81657) log_request_info /opt/stack/keystone/keystone/server/flask/request_processing/req_logging.py:26}}
Mar 06 08:51:53 ubuntu devstack@keystone.service[81657]: DEBUG keystone.server.flask.request_processing.req_logging [None req-a9637651-c963-4cf9-a211-8fb4328dca4e None admin] SCRIPT_NAME: `/identity` {{(pid=81657) log_request_info /opt/stack/keystone/keystone/server/flask/request_processing/req_logging.py:27}}
Mar 06 08:51:53 ubuntu devstack@keystone.service[81657]: DEBUG keystone.server.flask.request_processing.req_logging [None req-a9637651-c963-4cf9-a211-8fb4328dca4e None admin] PATH_INFO: `/v3/domains/Default` {{(pid=81657) log_request_info /opt/stack/keystone/keystone/server/flask/request_processing/req_logging.py:28}}
Mar 06 08:51:53 ubuntu devstack@keystone.service[81657]: DEBUG keystone.common.rbac_enforcer.enforcer [None req-a9637651-c963-4cf9-a211-8fb4328dca4e None admin] RBAC: Authorizing `identity:get_domain(domain_id=Default)` {{(pid=81657) enforce_call /opt/stack/keystone/keystone/common/rbac_enforcer/enforcer.py:494}}
Mar 06 08:51:53 ubuntu devstack@keystone.service[81657]: DEBUG keystone.common.rbac_enforcer.enforcer [None req-a9637651-c963-4cf9-a211-8fb4328dca4e None admin] RBAC: Authorization granted {{(pid=81657) enforce_call /opt/stack/keystone/keystone/common/rbac_enforcer/enforcer.py:505}}
Mar 06 08:51:53 ubuntu devstack@keystone.service[81657]: DEBUG keystone.server.flask.application [None req-a9637651-c963-4cf9-a211-8fb4328dca4e None admin] Could not find domain: Default. {{(pid=81657) _handle_keystone_exception /opt/stack/keystone/keystone/server/flask/application.py:146}}
Mar 06 08:51:53 ubuntu devstack@keystone.service[81657]: [pid: 81657|app: 0|req: 18/35] 10.201.5.82 () {56 vars in 1145 bytes} [Fri Mar  6 08:51:53 2026] GET /identity/v3/domains/Default => generated 87 bytes in 128 msecs (HTTP/1.1 404) 5 headers in 183 bytes (1 switches on core 0)
Mar 06 08:51:53 ubuntu devstack@keystone.service[81657]: DEBUG keystone.server.flask.request_processing.middleware.auth_context [None req-a9637651-c963-4cf9-a211-8fb4328dca4e None admin] Authenticating user token {{(pid=81657) process_request /opt/stack/data/venv/lib/python3.10/site-packages/keystonemiddleware/auth_token/__init__.py:407}}
Mar 06 08:51:53 ubuntu devstack@keystone.service[81658]: [pid: 81658|app: 0|req: 18/36] 10.201.5.82 () {58 vars in 1017 bytes} [Fri Mar  6 08:51:53 2026] POST /identity/v3/auth/tokens => generated 862 bytes in 98 msecs (HTTP/1.1 201) 6 headers in 363 bytes (1 switches on core 0)
Mar 06 08:51:53 ubuntu devstack@keystone.service[81657]: DEBUG keystone.server.flask.request_processing.middleware.auth_context [None req-a9637651-c963-4cf9-a211-8fb4328dca4e None admin] Validating token access rules against request {{(pid=81657) validate_allowed_request /opt/stack/data/venv/lib/python3.10/site-packages/keystonemiddleware/auth_token/__init__.py:545}}
Mar 06 08:51:53 ubuntu devstack@keystone.service[81657]: DEBUG keystone.server.flask.request_processing.middleware.auth_context [None req-7e503ca3-b0c3-465d-b1f7-cc238181e63c None admin] RBAC: auth_context: {'token': <TokenModel (audit_id=OpjRkWlXSGyVJV0CWTdJfg, audit_chain_id=['OpjRkWlXSGyVJV0CWTdJfg']) at 0x7fc32e9321d0>, 'domain_id': None, 'trust_id': None, 'trustor_id': None, 'trustee_id': None, 'domain_name': None, 'group_ids': [], 'user_id': '67f7920fccb140f0b67e8ad39c7c75a7', 'user_domain_id': 'default', 'system_scope': 'all', 'project_id': None, 'project_domain_id': None, 'roles': ['admin', 'manager', 'member', 'reader'], 'is_admin_project': True, 'service_user_id': None, 'service_user_domain_id': None, 'service_project_id': None, 'service_project_domain_id': None, 'service_roles': []} {{(pid=81657) fill_context /opt/stack/keystone/keystone/server/flask/request_processing/middleware/auth_context.py:509}}
Mar 06 08:51:53 ubuntu devstack@keystone.service[81657]: DEBUG keystone.server.flask.request_processing.req_logging [None req-7e503ca3-b0c3-465d-b1f7-cc238181e63c None admin] REQUEST_METHOD: `GET` {{(pid=81657) log_request_info /opt/stack/keystone/keystone/server/flask/request_processing/req_logging.py:26}}
Mar 06 08:51:53 ubuntu devstack@keystone.service[81657]: DEBUG keystone.server.flask.request_processing.req_logging [None req-7e503ca3-b0c3-465d-b1f7-cc238181e63c None admin] SCRIPT_NAME: `/identity` {{(pid=81657) log_request_info /opt/stack/keystone/keystone/server/flask/request_processing/req_logging.py:27}}
Mar 06 08:51:53 ubuntu devstack@keystone.service[81657]: DEBUG keystone.server.flask.request_processing.req_logging [None req-7e503ca3-b0c3-465d-b1f7-cc238181e63c None admin] PATH_INFO: `/v3/domains` {{(pid=81657) log_request_info /opt/stack/keystone/keystone/server/flask/request_processing/req_logging.py:28}}
Mar 06 08:51:53 ubuntu devstack@keystone.service[81657]: DEBUG keystone.common.rbac_enforcer.enforcer [None req-7e503ca3-b0c3-465d-b1f7-cc238181e63c None admin] RBAC: Adding query filter params (name=Default) {{(pid=81657) _extract_filter_values /opt/stack/keystone/keystone/common/rbac_enforcer/enforcer.py:176}}
Mar 06 08:51:53 ubuntu devstack@keystone.service[81657]: DEBUG keystone.common.rbac_enforcer.enforcer [None req-7e503ca3-b0c3-465d-b1f7-cc238181e63c None admin] RBAC: Authorizing `identity:list_domains()` {{(pid=81657) enforce_call /opt/stack/keystone/keystone/common/rbac_enforcer/enforcer.py:494}}
Mar 06 08:51:53 ubuntu devstack@keystone.service[81657]: DEBUG keystone.common.rbac_enforcer.enforcer [None req-7e503ca3-b0c3-465d-b1f7-cc238181e63c None admin] RBAC: Authorization granted {{(pid=81657) enforce_call /opt/stack/keystone/keystone/common/rbac_enforcer/enforcer.py:505}}
Mar 06 08:51:53 ubuntu devstack@keystone.service[81657]: [pid: 81657|app: 0|req: 19/37] 10.201.5.82 () {56 vars in 1159 bytes} [Fri Mar  6 08:51:53 2026] GET /identity/v3/domains?name=Default => generated 308 bytes in 70 msecs (HTTP/1.1 200) 5 headers in 177 bytes (1 switches on core 0)
Mar 06 08:51:53 ubuntu devstack@keystone.service[81658]: DEBUG keystone.server.flask.request_processing.middleware.auth_context [None req-d3a55196-4cf1-4541-971a-6f1149a9b007 None None] Authenticating user token {{(pid=81658) process_request /opt/stack/data/venv/lib/python3.10/site-packages/keystonemiddleware/auth_token/__init__.py:407}}
Mar 06 08:51:53 ubuntu devstack@keystone.service[81657]: DEBUG keystone.server.flask.request_processing.middleware.auth_context [None req-7e503ca3-b0c3-465d-b1f7-cc238181e63c None admin] Authenticating user token {{(pid=81657) process_request /opt/stack/data/venv/lib/python3.10/site-packages/keystonemiddleware/auth_token/__init__.py:407}}
Mar 06 08:51:53 ubuntu devstack@keystone.service[81657]: DEBUG keystone.server.flask.request_processing.middleware.auth_context [None req-7e503ca3-b0c3-465d-b1f7-cc238181e63c None admin] Validating token access rules against request {{(pid=81657) validate_allowed_request /opt/stack/data/venv/lib/python3.10/site-packages/keystonemiddleware/auth_token/__init__.py:545}}
Mar 06 08:51:53 ubuntu devstack@keystone.service[81657]: DEBUG keystone.server.flask.request_processing.middleware.auth_context [None req-46c2e823-5ab4-48d2-93d5-f157e410a2d9 None admin] RBAC: auth_context: {'token': <TokenModel (audit_id=SrPH89IORfmEtp4PF9PKBg, audit_chain_id=['SrPH89IORfmEtp4PF9PKBg']) at 0x7fc32edea5c0>, 'domain_id': None, 'trust_id': None, 'trustor_id': None, 'trustee_id': None, 'domain_name': None, 'group_ids': [], 'user_id': '67f7920fccb140f0b67e8ad39c7c75a7', 'user_domain_id': 'default', 'system_scope': 'all', 'project_id': None, 'project_domain_id': None, 'roles': ['admin', 'manager', 'member', 'reader'], 'is_admin_project': True, 'service_user_id': None, 'service_user_domain_id': None, 'service_project_id': None, 'service_project_domain_id': None, 'service_roles': []} {{(pid=81657) fill_context /opt/stack/keystone/keystone/server/flask/request_processing/middleware/auth_context.py:509}}
Mar 06 08:51:53 ubuntu devstack@keystone.service[81657]: DEBUG keystone.server.flask.request_processing.req_logging [None req-46c2e823-5ab4-48d2-93d5-f157e410a2d9 None admin] REQUEST_METHOD: `POST` {{(pid=81657) log_request_info /opt/stack/keystone/keystone/server/flask/request_processing/req_logging.py:26}}
Mar 06 08:51:53 ubuntu devstack@keystone.service[81657]: DEBUG keystone.server.flask.request_processing.req_logging [None req-46c2e823-5ab4-48d2-93d5-f157e410a2d9 None admin] SCRIPT_NAME: `/identity` {{(pid=81657) log_request_info /opt/stack/keystone/keystone/server/flask/request_processing/req_logging.py:27}}
Mar 06 08:51:53 ubuntu devstack@keystone.service[81657]: DEBUG keystone.server.flask.request_processing.req_logging [None req-46c2e823-5ab4-48d2-93d5-f157e410a2d9 None admin] PATH_INFO: `/v3/roles` {{(pid=81657) log_request_info /opt/stack/keystone/keystone/server/flask/request_processing/req_logging.py:28}}
Mar 06 08:51:53 ubuntu devstack@keystone.service[81657]: DEBUG keystone.common.rbac_enforcer.enforcer [None req-46c2e823-5ab4-48d2-93d5-f157e410a2d9 None admin] RBAC: Authorizing `identity:create_role()` {{(pid=81657) enforce_call /opt/stack/keystone/keystone/common/rbac_enforcer/enforcer.py:494}}
Mar 06 08:51:53 ubuntu devstack@keystone.service[81657]: DEBUG keystone.common.rbac_enforcer.enforcer [None req-46c2e823-5ab4-48d2-93d5-f157e410a2d9 None admin] RBAC: Authorization granted {{(pid=81657) enforce_call /opt/stack/keystone/keystone/common/rbac_enforcer/enforcer.py:505}}
Mar 06 08:51:53 ubuntu devstack@keystone.service[81657]: DEBUG keystone.common.sql.core [None req-46c2e823-5ab4-48d2-93d5-f157e410a2d9 None admin] Conflict role: (pymysql.err.IntegrityError) (1062, "Duplicate entry 'service-<<null>>' for key 'role.ixu_role_name_domain_id'")
Mar 06 08:51:53 ubuntu devstack@keystone.service[81657]: [SQL: INSERT INTO `role` (id, name, description, extra) VALUES (%(id)s, %(name)s, %(description)s, %(extra)s)]
Mar 06 08:51:53 ubuntu devstack@keystone.service[81657]: [parameters: {'id': '7283b2da5c5b4830817a92329be77345', 'name': 'service', 'description': None, 'extra': '{}'}]
Mar 06 08:51:53 ubuntu devstack@keystone.service[81657]: (Background on this error at: https://sqlalche.me/e/20/gkpj) {{(pid=81657) wrapper /opt/stack/keystone/keystone/common/sql/core.py:580}}
Mar 06 08:51:53 ubuntu devstack@keystone.service[81658]: DEBUG keystone.server.flask.request_processing.middleware.auth_context [None req-d3a55196-4cf1-4541-971a-6f1149a9b007 None None] Validating token access rules against request {{(pid=81658) validate_allowed_request /opt/stack/data/venv/lib/python3.10/site-packages/keystonemiddleware/auth_token/__init__.py:545}}
Mar 06 08:51:53 ubuntu devstack@keystone.service[81657]: ERROR keystone.server.flask.application [None req-46c2e823-5ab4-48d2-93d5-f157e410a2d9 None admin] Conflict occurred attempting to store role - Duplicate entry found with name service.: keystone.exception.Conflict: Conflict occurred attempting to store role - Duplicate entry found with name service.
Mar 06 08:51:53 ubuntu devstack@keystone.service[81657]: ERROR keystone.server.flask.application Traceback (most recent call last):
Mar 06 08:51:53 ubuntu devstack@keystone.service[81657]: ERROR keystone.server.flask.application   File "/opt/stack/data/venv/lib/python3.10/site-packages/sqlalchemy/engine/base.py", line 1967, in _exec_single_context
Mar 06 08:51:53 ubuntu devstack@keystone.service[81657]: ERROR keystone.server.flask.application     self.dialect.do_execute(
Mar 06 08:51:53 ubuntu devstack@keystone.service[81657]: ERROR keystone.server.flask.application   File "/opt/stack/data/venv/lib/python3.10/site-packages/sqlalchemy/engine/default.py", line 952, in do_execute
Mar 06 08:51:53 ubuntu devstack@keystone.service[81657]: ERROR keystone.server.flask.application     cursor.execute(statement, parameters)
Mar 06 08:51:53 ubuntu devstack@keystone.service[81657]: ERROR keystone.server.flask.application   File "/opt/stack/data/venv/lib/python3.10/site-packages/pymysql/cursors.py", line 153, in execute
Mar 06 08:51:53 ubuntu devstack@keystone.service[81657]: ERROR keystone.server.flask.application     result = self._query(query)
Mar 06 08:51:53 ubuntu devstack@keystone.service[81657]: ERROR keystone.server.flask.application   File "/opt/stack/data/venv/lib/python3.10/site-packages/pymysql/cursors.py", line 322, in _query
Mar 06 08:51:53 ubuntu devstack@keystone.service[81657]: ERROR keystone.server.flask.application     conn.query(q)
Mar 06 08:51:53 ubuntu devstack@keystone.service[81657]: ERROR keystone.server.flask.application   File "/opt/stack/data/venv/lib/python3.10/site-packages/pymysql/connections.py", line 575, in query
Mar 06 08:51:53 ubuntu devstack@keystone.service[81657]: ERROR keystone.server.flask.application     self._affected_rows = self._read_query_result(unbuffered=unbuffered)
Mar 06 08:51:53 ubuntu devstack@keystone.service[81657]: ERROR keystone.server.flask.application   File "/opt/stack/data/venv/lib/python3.10/site-packages/pymysql/connections.py", line 826, in _read_query_result
Mar 06 08:51:53 ubuntu devstack@keystone.service[81657]: ERROR keystone.server.flask.application     result.read()
Mar 06 08:51:53 ubuntu devstack@keystone.service[81657]: ERROR keystone.server.flask.application   File "/opt/stack/data/venv/lib/python3.10/site-packages/pymysql/connections.py", line 1203, in read
Mar 06 08:51:53 ubuntu devstack@keystone.service[81657]: ERROR keystone.server.flask.application     first_packet = self.connection._read_packet()
Mar 06 08:51:53 ubuntu devstack@keystone.service[81657]: ERROR keystone.server.flask.application   File "/opt/stack/data/venv/lib/python3.10/site-packages/pymysql/connections.py", line 782, in _read_packet
Mar 06 08:51:53 ubuntu devstack@keystone.service[81657]: ERROR keystone.server.flask.application     packet.raise_for_error()
Mar 06 08:51:53 ubuntu devstack@keystone.service[81657]: ERROR keystone.server.flask.application   File "/opt/stack/data/venv/lib/python3.10/site-packages/pymysql/protocol.py", line 219, in raise_for_error
Mar 06 08:51:53 ubuntu devstack@keystone.service[81657]: ERROR keystone.server.flask.application     err.raise_mysql_exception(self._data)
Mar 06 08:51:53 ubuntu devstack@keystone.service[81657]: ERROR keystone.server.flask.application   File "/opt/stack/data/venv/lib/python3.10/site-packages/pymysql/err.py", line 150, in raise_mysql_exception
Mar 06 08:51:53 ubuntu devstack@keystone.service[81657]: ERROR keystone.server.flask.application     raise errorclass(errno, errval)
Mar 06 08:51:53 ubuntu devstack@keystone.service[81657]: ERROR keystone.server.flask.application pymysql.err.IntegrityError: (1062, "Duplicate entry 'service-<<null>>' for key 'role.ixu_role_name_domain_id'")
Mar 06 08:51:53 ubuntu devstack@keystone.service[81657]: ERROR keystone.server.flask.application 
Mar 06 08:51:53 ubuntu devstack@keystone.service[81657]: ERROR keystone.server.flask.application The above exception was the direct cause of the following exception:
Mar 06 08:51:53 ubuntu devstack@keystone.service[81657]: ERROR keystone.server.flask.application 
Mar 06 08:51:53 ubuntu devstack@keystone.service[81657]: ERROR keystone.server.flask.application Traceback (most recent call last):
Mar 06 08:51:53 ubuntu devstack@keystone.service[81657]: ERROR keystone.server.flask.application   File "/opt/stack/keystone/keystone/common/sql/core.py", line 575, in wrapper
Mar 06 08:51:53 ubuntu devstack@keystone.service[81657]: ERROR keystone.server.flask.application     return method(*args, **kwargs)
Mar 06 08:51:53 ubuntu devstack@keystone.service[81657]: ERROR keystone.server.flask.application   File "/opt/stack/keystone/keystone/assignment/role_backends/sql.py", line 25, in create_role
Mar 06 08:51:53 ubuntu devstack@keystone.service[81657]: ERROR keystone.server.flask.application     with sql.session_for_write() as session:
Mar 06 08:51:53 ubuntu devstack@keystone.service[81657]: ERROR keystone.server.flask.application   File "/usr/lib/python3.10/contextlib.py", line 142, in __exit__
Mar 06 08:51:53 ubuntu devstack@keystone.service[81657]: ERROR keystone.server.flask.application     next(self.gen)
Mar 06 08:51:53 ubuntu devstack@keystone.service[81657]: ERROR keystone.server.flask.application   File "/opt/stack/data/venv/lib/python3.10/site-packages/oslo_db/sqlalchemy/enginefacade.py", line 1175, in _transaction_scope
Mar 06 08:51:53 ubuntu devstack@keystone.service[81657]: ERROR keystone.server.flask.application     with current._produce_block(
Mar 06 08:51:53 ubuntu devstack@keystone.service[81657]: ERROR keystone.server.flask.application   File "/usr/lib/python3.10/contextlib.py", line 142, in __exit__
Mar 06 08:51:53 ubuntu devstack@keystone.service[81657]: ERROR keystone.server.flask.application     next(self.gen)
Mar 06 08:51:53 ubuntu devstack@keystone.service[81657]: ERROR keystone.server.flask.application   File "/opt/stack/data/venv/lib/python3.10/site-packages/oslo_db/sqlalchemy/enginefacade.py", line 837, in _session
Mar 06 08:51:53 ubuntu devstack@keystone.service[81657]: ERROR keystone.server.flask.application     with excutils.save_and_reraise_exception():
Mar 06 08:51:53 ubuntu devstack@keystone.service[81657]: ERROR keystone.server.flask.application   File "/opt/stack/data/venv/lib/python3.10/site-packages/oslo_utils/excutils.py", line 267, in __exit__
Mar 06 08:51:53 ubuntu devstack@keystone.service[81657]: ERROR keystone.server.flask.application     self.force_reraise()
Mar 06 08:51:53 ubuntu devstack@keystone.service[81657]: ERROR keystone.server.flask.application   File "/opt/stack/data/venv/lib/python3.10/site-packages/oslo_utils/excutils.py", line 233, in force_reraise
