Mar 25 13:41:55 ubuntu devstack@keystone.service[81592]: DEBUG keystone.server.flask.request_processing.req_logging [None req-10977b25-2255-4c0a-83ca-9fb1547636b8 None None] REQUEST_METHOD: `POST` {{(pid=81592) log_request_info /opt/stack/keystone/keystone/server/flask/request_processing/req_logging.py:26}}
Mar 25 13:41:55 ubuntu devstack@keystone.service[81592]: DEBUG keystone.server.flask.request_processing.req_logging [None req-10977b25-2255-4c0a-83ca-9fb1547636b8 None None] SCRIPT_NAME: `/identity` {{(pid=81592) log_request_info /opt/stack/keystone/keystone/server/flask/request_processing/req_logging.py:27}}
Mar 25 13:41:55 ubuntu devstack@keystone.service[81592]: DEBUG keystone.server.flask.request_processing.req_logging [None req-10977b25-2255-4c0a-83ca-9fb1547636b8 None None] PATH_INFO: `/v3/auth/tokens` {{(pid=81592) log_request_info /opt/stack/keystone/keystone/server/flask/request_processing/req_logging.py:28}}
Mar 25 13:41:55 ubuntu devstack@keystone.service[81591]: DEBUG keystone.server.flask.request_processing.req_logging [None req-9a9910c2-4067-4657-9cda-b1fa58a0c4a8 None None] REQUEST_METHOD: `GET` {{(pid=81591) log_request_info /opt/stack/keystone/keystone/server/flask/request_processing/req_logging.py:26}}
Mar 25 13:41:55 ubuntu devstack@keystone.service[81591]: DEBUG keystone.server.flask.request_processing.req_logging [None req-9a9910c2-4067-4657-9cda-b1fa58a0c4a8 None None] SCRIPT_NAME: `/identity` {{(pid=81591) log_request_info /opt/stack/keystone/keystone/server/flask/request_processing/req_logging.py:27}}
Mar 25 13:41:55 ubuntu devstack@keystone.service[81591]: DEBUG keystone.server.flask.request_processing.req_logging [None req-9a9910c2-4067-4657-9cda-b1fa58a0c4a8 None None] PATH_INFO: `/` {{(pid=81591) log_request_info /opt/stack/keystone/keystone/server/flask/request_processing/req_logging.py:28}}
Mar 25 13:41:55 ubuntu devstack@keystone.service[81591]: [pid: 81591|app: 0|req: 12/24] 10.201.5.82 () {54 vars in 920 bytes} [Wed Mar 25 13:41:55 2026] GET /identity => generated 270 bytes in 3 msecs (HTTP/1.1 300) 6 headers in 234 bytes (1 switches on core 0)
Mar 25 13:41:55 ubuntu devstack@keystone.service[81591]: DEBUG keystone.server.flask.request_processing.req_logging [None req-00ee03df-a2b9-446d-9321-d600c3bf4349 None None] REQUEST_METHOD: `POST` {{(pid=81591) log_request_info /opt/stack/keystone/keystone/server/flask/request_processing/req_logging.py:26}}
Mar 25 13:41:55 ubuntu devstack@keystone.service[81591]: DEBUG keystone.server.flask.request_processing.req_logging [None req-00ee03df-a2b9-446d-9321-d600c3bf4349 None None] SCRIPT_NAME: `/identity` {{(pid=81591) log_request_info /opt/stack/keystone/keystone/server/flask/request_processing/req_logging.py:27}}
Mar 25 13:41:55 ubuntu devstack@keystone.service[81591]: DEBUG keystone.server.flask.request_processing.req_logging [None req-00ee03df-a2b9-446d-9321-d600c3bf4349 None None] PATH_INFO: `/v3/auth/tokens` {{(pid=81591) log_request_info /opt/stack/keystone/keystone/server/flask/request_processing/req_logging.py:28}}
Mar 25 13:41:55 ubuntu devstack@keystone.service[81592]: WARNING keystone.common.password_hashing [None req-10977b25-2255-4c0a-83ca-9fb1547636b8 None None] Truncating password to algorithm specific maximum length 72 characters.
Mar 25 13:41:55 ubuntu devstack@keystone.service[81591]: WARNING keystone.common.password_hashing [None req-00ee03df-a2b9-446d-9321-d600c3bf4349 None None] Truncating password to algorithm specific maximum length 72 characters.
Mar 25 13:41:55 ubuntu devstack@keystone.service[81592]: DEBUG keystone.auth.core [None req-10977b25-2255-4c0a-83ca-9fb1547636b8 None None] MFA Rules not processed for user `df2ee942c9bb4c65b226a3fd0f674494`. Rule list: `[]` (Enabled: `True`). {{(pid=81592) check_auth_methods_against_rules /opt/stack/keystone/keystone/auth/core.py:476}}
Mar 25 13:41:55 ubuntu devstack@keystone.service[81592]: DEBUG keystone.common.fernet_utils [None req-10977b25-2255-4c0a-83ca-9fb1547636b8 None None] Loaded 2 Fernet keys from /etc/keystone/fernet-keys/, but `[fernet_tokens] max_active_keys = 3`; perhaps there have not been enough key rotations to reach `max_active_keys` yet? {{(pid=81592) load_keys /opt/stack/keystone/keystone/common/fernet_utils.py:297}}
Mar 25 13:41:55 ubuntu devstack@keystone.service[81591]: DEBUG keystone.auth.core [None req-00ee03df-a2b9-446d-9321-d600c3bf4349 None None] MFA Rules not processed for user `df2ee942c9bb4c65b226a3fd0f674494`. Rule list: `[]` (Enabled: `True`). {{(pid=81591) check_auth_methods_against_rules /opt/stack/keystone/keystone/auth/core.py:476}}
Mar 25 13:41:55 ubuntu devstack@keystone.service[81591]: DEBUG keystone.common.fernet_utils [None req-00ee03df-a2b9-446d-9321-d600c3bf4349 None None] Loaded 2 Fernet keys from /etc/keystone/fernet-keys/, but `[fernet_tokens] max_active_keys = 3`; perhaps there have not been enough key rotations to reach `max_active_keys` yet? {{(pid=81591) load_keys /opt/stack/keystone/keystone/common/fernet_utils.py:297}}
Mar 25 13:41:56 ubuntu devstack@keystone.service[81592]: [pid: 81592|app: 0|req: 13/25] 10.201.5.82 () {58 vars in 1017 bytes} [Wed Mar 25 13:41:55 2026] POST /identity/v3/auth/tokens => generated 862 bytes in 167 msecs (HTTP/1.1 201) 6 headers in 363 bytes (1 switches on core 0)
Mar 25 13:41:56 ubuntu devstack@keystone.service[81591]: [pid: 81591|app: 0|req: 13/26] 10.201.5.82 () {58 vars in 1017 bytes} [Wed Mar 25 13:41:55 2026] POST /identity/v3/auth/tokens => generated 862 bytes in 70 msecs (HTTP/1.1 201) 6 headers in 363 bytes (1 switches on core 0)
Mar 25 13:41:56 ubuntu devstack@keystone.service[81592]: DEBUG keystone.server.flask.request_processing.middleware.auth_context [None req-10977b25-2255-4c0a-83ca-9fb1547636b8 None None] Authenticating user token {{(pid=81592) process_request /opt/stack/data/venv/lib/python3.10/site-packages/keystonemiddleware/auth_token/__init__.py:407}}
Mar 25 13:41:56 ubuntu devstack@keystone.service[81591]: DEBUG keystone.server.flask.request_processing.middleware.auth_context [None req-00ee03df-a2b9-446d-9321-d600c3bf4349 None None] Authenticating user token {{(pid=81591) process_request /opt/stack/data/venv/lib/python3.10/site-packages/keystonemiddleware/auth_token/__init__.py:407}}
Mar 25 13:41:56 ubuntu devstack@keystone.service[81592]: DEBUG keystone.server.flask.request_processing.middleware.auth_context [None req-10977b25-2255-4c0a-83ca-9fb1547636b8 None None] Validating token access rules against request {{(pid=81592) validate_allowed_request /opt/stack/data/venv/lib/python3.10/site-packages/keystonemiddleware/auth_token/__init__.py:545}}
Mar 25 13:41:56 ubuntu devstack@keystone.service[81592]: DEBUG keystone.server.flask.request_processing.middleware.auth_context [None req-ef0e123c-d06f-49ad-8c4d-eadfea32c166 None admin] RBAC: auth_context: {'token': <TokenModel (audit_id=BzUMn05JQh24xcnqLZNg1Q, audit_chain_id=['BzUMn05JQh24xcnqLZNg1Q']) at 0x7f52d7ebb9a0>, 'domain_id': None, 'trust_id': None, 'trustor_id': None, 'trustee_id': None, 'domain_name': None, 'group_ids': [], 'user_id': 'df2ee942c9bb4c65b226a3fd0f674494', 'user_domain_id': 'default', 'system_scope': 'all', 'project_id': None, 'project_domain_id': None, 'roles': ['admin', 'manager', 'member', 'reader'], 'is_admin_project': True, 'service_user_id': None, 'service_user_domain_id': None, 'service_project_id': None, 'service_project_domain_id': None, 'service_roles': []} {{(pid=81592) fill_context /opt/stack/keystone/keystone/server/flask/request_processing/middleware/auth_context.py:509}}
Mar 25 13:41:56 ubuntu devstack@keystone.service[81592]: DEBUG keystone.server.flask.request_processing.req_logging [None req-ef0e123c-d06f-49ad-8c4d-eadfea32c166 None admin] REQUEST_METHOD: `GET` {{(pid=81592) log_request_info /opt/stack/keystone/keystone/server/flask/request_processing/req_logging.py:26}}
Mar 25 13:41:56 ubuntu devstack@keystone.service[81592]: DEBUG keystone.server.flask.request_processing.req_logging [None req-ef0e123c-d06f-49ad-8c4d-eadfea32c166 None admin] SCRIPT_NAME: `/identity` {{(pid=81592) log_request_info /opt/stack/keystone/keystone/server/flask/request_processing/req_logging.py:27}}
Mar 25 13:41:56 ubuntu devstack@keystone.service[81592]: DEBUG keystone.server.flask.request_processing.req_logging [None req-ef0e123c-d06f-49ad-8c4d-eadfea32c166 None admin] PATH_INFO: `/v3/domains/Default` {{(pid=81592) log_request_info /opt/stack/keystone/keystone/server/flask/request_processing/req_logging.py:28}}
Mar 25 13:41:56 ubuntu devstack@keystone.service[81592]: DEBUG keystone.common.rbac_enforcer.enforcer [None req-ef0e123c-d06f-49ad-8c4d-eadfea32c166 None admin] RBAC: Authorizing `identity:get_domain(domain_id=Default)` {{(pid=81592) enforce_call /opt/stack/keystone/keystone/common/rbac_enforcer/enforcer.py:494}}
Mar 25 13:41:56 ubuntu devstack@keystone.service[81592]: DEBUG keystone.common.rbac_enforcer.enforcer [None req-ef0e123c-d06f-49ad-8c4d-eadfea32c166 None admin] RBAC: Authorization granted {{(pid=81592) enforce_call /opt/stack/keystone/keystone/common/rbac_enforcer/enforcer.py:505}}
Mar 25 13:41:56 ubuntu devstack@keystone.service[81592]: DEBUG keystone.server.flask.application [None req-ef0e123c-d06f-49ad-8c4d-eadfea32c166 None admin] Could not find domain: Default. {{(pid=81592) _handle_keystone_exception /opt/stack/keystone/keystone/server/flask/application.py:146}}
Mar 25 13:41:56 ubuntu devstack@keystone.service[81592]: [pid: 81592|app: 0|req: 14/27] 10.201.5.82 () {56 vars in 1145 bytes} [Wed Mar 25 13:41:56 2026] GET /identity/v3/domains/Default => generated 87 bytes in 75 msecs (HTTP/1.1 404) 5 headers in 183 bytes (1 switches on core 0)
Mar 25 13:41:56 ubuntu devstack@keystone.service[81592]: DEBUG keystone.server.flask.request_processing.req_logging [None req-9e84bd64-a339-40db-a6b5-5d0aba24099a None None] REQUEST_METHOD: `GET` {{(pid=81592) log_request_info /opt/stack/keystone/keystone/server/flask/request_processing/req_logging.py:26}}
Mar 25 13:41:56 ubuntu devstack@keystone.service[81592]: DEBUG keystone.server.flask.request_processing.req_logging [None req-9e84bd64-a339-40db-a6b5-5d0aba24099a None None] SCRIPT_NAME: `/identity` {{(pid=81592) log_request_info /opt/stack/keystone/keystone/server/flask/request_processing/req_logging.py:27}}
Mar 25 13:41:56 ubuntu devstack@keystone.service[81592]: DEBUG keystone.server.flask.request_processing.req_logging [None req-9e84bd64-a339-40db-a6b5-5d0aba24099a None None] PATH_INFO: `/` {{(pid=81592) log_request_info /opt/stack/keystone/keystone/server/flask/request_processing/req_logging.py:28}}
Mar 25 13:41:56 ubuntu devstack@keystone.service[81592]: [pid: 81592|app: 0|req: 15/28] 10.201.5.82 () {54 vars in 920 bytes} [Wed Mar 25 13:41:56 2026] GET /identity => generated 270 bytes in 1 msecs (HTTP/1.1 300) 6 headers in 234 bytes (1 switches on core 0)
Mar 25 13:41:56 ubuntu devstack@keystone.service[81592]: DEBUG keystone.server.flask.request_processing.req_logging [None req-9efc9157-4bad-49ad-afe5-11f78cc9ef60 None None] REQUEST_METHOD: `POST` {{(pid=81592) log_request_info /opt/stack/keystone/keystone/server/flask/request_processing/req_logging.py:26}}
Mar 25 13:41:56 ubuntu devstack@keystone.service[81592]: DEBUG keystone.server.flask.request_processing.req_logging [None req-9efc9157-4bad-49ad-afe5-11f78cc9ef60 None None] SCRIPT_NAME: `/identity` {{(pid=81592) log_request_info /opt/stack/keystone/keystone/server/flask/request_processing/req_logging.py:27}}
Mar 25 13:41:56 ubuntu devstack@keystone.service[81592]: DEBUG keystone.server.flask.request_processing.req_logging [None req-9efc9157-4bad-49ad-afe5-11f78cc9ef60 None None] PATH_INFO: `/v3/auth/tokens` {{(pid=81592) log_request_info /opt/stack/keystone/keystone/server/flask/request_processing/req_logging.py:28}}
Mar 25 13:41:56 ubuntu devstack@keystone.service[81591]: DEBUG keystone.server.flask.request_processing.middleware.auth_context [None req-00ee03df-a2b9-446d-9321-d600c3bf4349 None None] Validating token access rules against request {{(pid=81591) validate_allowed_request /opt/stack/data/venv/lib/python3.10/site-packages/keystonemiddleware/auth_token/__init__.py:545}}
Mar 25 13:41:56 ubuntu devstack@keystone.service[81592]: WARNING keystone.common.password_hashing [None req-9efc9157-4bad-49ad-afe5-11f78cc9ef60 None None] Truncating password to algorithm specific maximum length 72 characters.
Mar 25 13:41:56 ubuntu devstack@keystone.service[81592]: DEBUG keystone.auth.core [None req-9efc9157-4bad-49ad-afe5-11f78cc9ef60 None None] MFA Rules not processed for user `df2ee942c9bb4c65b226a3fd0f674494`. Rule list: `[]` (Enabled: `True`). {{(pid=81592) check_auth_methods_against_rules /opt/stack/keystone/keystone/auth/core.py:476}}
Mar 25 13:41:56 ubuntu devstack@keystone.service[81592]: DEBUG keystone.common.fernet_utils [None req-9efc9157-4bad-49ad-afe5-11f78cc9ef60 None None] Loaded 2 Fernet keys from /etc/keystone/fernet-keys/, but `[fernet_tokens] max_active_keys = 3`; perhaps there have not been enough key rotations to reach `max_active_keys` yet? {{(pid=81592) load_keys /opt/stack/keystone/keystone/common/fernet_utils.py:297}}
Mar 25 13:41:56 ubuntu devstack@keystone.service[81591]: DEBUG keystone.server.flask.request_processing.middleware.auth_context [None req-4997c5a2-87c1-4a4f-846b-a5b78378a8be None admin] RBAC: auth_context: {'token': <TokenModel (audit_id=-avb6NILTzuizDWgVXQY2w, audit_chain_id=['-avb6NILTzuizDWgVXQY2w']) at 0x7f52d71fac20>, 'domain_id': None, 'trust_id': None, 'trustor_id': None, 'trustee_id': None, 'domain_name': None, 'group_ids': [], 'user_id': 'df2ee942c9bb4c65b226a3fd0f674494', 'user_domain_id': 'default', 'system_scope': 'all', 'project_id': None, 'project_domain_id': None, 'roles': ['admin', 'manager', 'member', 'reader'], 'is_admin_project': True, 'service_user_id': None, 'service_user_domain_id': None, 'service_project_id': None, 'service_project_domain_id': None, 'service_roles': []} {{(pid=81591) fill_context /opt/stack/keystone/keystone/server/flask/request_processing/middleware/auth_context.py:509}}
Mar 25 13:41:56 ubuntu devstack@keystone.service[81591]: DEBUG keystone.server.flask.request_processing.req_logging [None req-4997c5a2-87c1-4a4f-846b-a5b78378a8be None admin] REQUEST_METHOD: `GET` {{(pid=81591) log_request_info /opt/stack/keystone/keystone/server/flask/request_processing/req_logging.py:26}}
Mar 25 13:41:56 ubuntu devstack@keystone.service[81591]: DEBUG keystone.server.flask.request_processing.req_logging [None req-4997c5a2-87c1-4a4f-846b-a5b78378a8be None admin] SCRIPT_NAME: `/identity` {{(pid=81591) log_request_info /opt/stack/keystone/keystone/server/flask/request_processing/req_logging.py:27}}
Mar 25 13:41:56 ubuntu devstack@keystone.service[81592]: [pid: 81592|app: 0|req: 16/29] 10.201.5.82 () {58 vars in 1017 bytes} [Wed Mar 25 13:41:56 2026] POST /identity/v3/auth/tokens => generated 862 bytes in 47 msecs (HTTP/1.1 201) 6 headers in 363 bytes (1 switches on core 0)
Mar 25 13:41:56 ubuntu devstack@keystone.service[81591]: DEBUG keystone.server.flask.request_processing.req_logging [None req-4997c5a2-87c1-4a4f-846b-a5b78378a8be None admin] PATH_INFO: `/v3/roles/admin` {{(pid=81591) log_request_info /opt/stack/keystone/keystone/server/flask/request_processing/req_logging.py:28}}
Mar 25 13:41:56 ubuntu devstack@keystone.service[81592]: DEBUG keystone.server.flask.request_processing.middleware.auth_context [None req-9efc9157-4bad-49ad-afe5-11f78cc9ef60 None None] Authenticating user token {{(pid=81592) process_request /opt/stack/data/venv/lib/python3.10/site-packages/keystonemiddleware/auth_token/__init__.py:407}}
Mar 25 13:41:56 ubuntu devstack@keystone.service[81591]: DEBUG keystone.common.rbac_enforcer.enforcer [None req-4997c5a2-87c1-4a4f-846b-a5b78378a8be None admin] Extracting inferred target data resulted in "NOT FOUND (404)". {{(pid=81591) enforce_call /opt/stack/keystone/keystone/common/rbac_enforcer/enforcer.py:445}}
Mar 25 13:41:56 ubuntu devstack@keystone.service[81591]: DEBUG keystone.server.flask.application [None req-4997c5a2-87c1-4a4f-846b-a5b78378a8be None admin] Could not find role: admin. {{(pid=81591) _handle_keystone_exception /opt/stack/keystone/keystone/server/flask/application.py:146}}
Mar 25 13:41:56 ubuntu devstack@keystone.service[81591]: [pid: 81591|app: 0|req: 14/30] 10.201.5.82 () {56 vars in 1133 bytes} [Wed Mar 25 13:41:56 2026] GET /identity/v3/roles/admin => generated 83 bytes in 118 msecs (HTTP/1.1 404) 5 headers in 183 bytes (1 switches on core 0)
Mar 25 13:41:56 ubuntu devstack@keystone.service[81591]: DEBUG keystone.server.flask.request_processing.middleware.auth_context [None req-4997c5a2-87c1-4a4f-846b-a5b78378a8be None admin] Authenticating user token {{(pid=81591) process_request /opt/stack/data/venv/lib/python3.10/site-packages/keystonemiddleware/auth_token/__init__.py:407}}
Mar 25 13:41:56 ubuntu devstack@keystone.service[81592]: DEBUG keystone.server.flask.request_processing.middleware.auth_context [None req-9efc9157-4bad-49ad-afe5-11f78cc9ef60 None None] Validating token access rules against request {{(pid=81592) validate_allowed_request /opt/stack/data/venv/lib/python3.10/site-packages/keystonemiddleware/auth_token/__init__.py:545}}
Mar 25 13:41:56 ubuntu devstack@keystone.service[81591]: DEBUG keystone.server.flask.request_processing.middleware.auth_context [None req-4997c5a2-87c1-4a4f-846b-a5b78378a8be None admin] Validating token access rules against request {{(pid=81591) validate_allowed_request /opt/stack/data/venv/lib/python3.10/site-packages/keystonemiddleware/auth_token/__init__.py:545}}
Mar 25 13:41:56 ubuntu devstack@keystone.service[81592]: DEBUG keystone.server.flask.request_processing.middleware.auth_context [None req-5207e493-f7d7-426b-95a4-38e11397af82 None admin] RBAC: auth_context: {'token': <TokenModel (audit_id=BzUMn05JQh24xcnqLZNg1Q, audit_chain_id=['BzUMn05JQh24xcnqLZNg1Q']) at 0x7f52d72286a0>, 'domain_id': None, 'trust_id': None, 'trustor_id': None, 'trustee_id': None, 'domain_name': None, 'group_ids': [], 'user_id': 'df2ee942c9bb4c65b226a3fd0f674494', 'user_domain_id': 'default', 'system_scope': 'all', 'project_id': None, 'project_domain_id': None, 'roles': ['admin', 'manager', 'member', 'reader'], 'is_admin_project': True, 'service_user_id': None, 'service_user_domain_id': None, 'service_project_id': None, 'service_project_domain_id': None, 'service_roles': []} {{(pid=81592) fill_context /opt/stack/keystone/keystone/server/flask/request_processing/middleware/auth_context.py:509}}
Mar 25 13:41:56 ubuntu devstack@keystone.service[81592]: DEBUG keystone.server.flask.request_processing.req_logging [None req-5207e493-f7d7-426b-95a4-38e11397af82 None admin] REQUEST_METHOD: `GET` {{(pid=81592) log_request_info /opt/stack/keystone/keystone/server/flask/request_processing/req_logging.py:26}}
Mar 25 13:41:56 ubuntu devstack@keystone.service[81592]: DEBUG keystone.server.flask.request_processing.req_logging [None req-5207e493-f7d7-426b-95a4-38e11397af82 None admin] SCRIPT_NAME: `/identity` {{(pid=81592) log_request_info /opt/stack/keystone/keystone/server/flask/request_processing/req_logging.py:27}}
Mar 25 13:41:56 ubuntu devstack@keystone.service[81592]: DEBUG keystone.server.flask.request_processing.req_logging [None req-5207e493-f7d7-426b-95a4-38e11397af82 None admin] PATH_INFO: `/v3/domains` {{(pid=81592) log_request_info /opt/stack/keystone/keystone/server/flask/request_processing/req_logging.py:28}}
Mar 25 13:41:56 ubuntu devstack@keystone.service[81592]: DEBUG keystone.common.rbac_enforcer.enforcer [None req-5207e493-f7d7-426b-95a4-38e11397af82 None admin] RBAC: Adding query filter params (name=Default) {{(pid=81592) _extract_filter_values /opt/stack/keystone/keystone/common/rbac_enforcer/enforcer.py:176}}
Mar 25 13:41:56 ubuntu devstack@keystone.service[81592]: DEBUG keystone.common.rbac_enforcer.enforcer [None req-5207e493-f7d7-426b-95a4-38e11397af82 None admin] RBAC: Authorizing `identity:list_domains()` {{(pid=81592) enforce_call /opt/stack/keystone/keystone/common/rbac_enforcer/enforcer.py:494}}
Mar 25 13:41:56 ubuntu devstack@keystone.service[81592]: DEBUG keystone.common.rbac_enforcer.enforcer [None req-5207e493-f7d7-426b-95a4-38e11397af82 None admin] RBAC: Authorization granted {{(pid=81592) enforce_call /opt/stack/keystone/keystone/common/rbac_enforcer/enforcer.py:505}}
Mar 25 13:41:56 ubuntu devstack@keystone.service[81592]: [pid: 81592|app: 0|req: 17/31] 10.201.5.82 () {56 vars in 1159 bytes} [Wed Mar 25 13:41:56 2026] GET /identity/v3/domains?name=Default => generated 308 bytes in 64 msecs (HTTP/1.1 200) 5 headers in 177 bytes (1 switches on core 0)
Mar 25 13:41:56 ubuntu devstack@keystone.service[81592]: DEBUG keystone.server.flask.request_processing.req_logging [None req-0827dc6a-1335-4025-aec3-150ba66f14f3 None None] REQUEST_METHOD: `GET` {{(pid=81592) log_request_info /opt/stack/keystone/keystone/server/flask/request_processing/req_logging.py:26}}
Mar 25 13:41:56 ubuntu devstack@keystone.service[81592]: DEBUG keystone.server.flask.request_processing.req_logging [None req-0827dc6a-1335-4025-aec3-150ba66f14f3 None None] SCRIPT_NAME: `/identity` {{(pid=81592) log_request_info /opt/stack/keystone/keystone/server/flask/request_processing/req_logging.py:27}}
Mar 25 13:41:56 ubuntu devstack@keystone.service[81592]: DEBUG keystone.server.flask.request_processing.req_logging [None req-0827dc6a-1335-4025-aec3-150ba66f14f3 None None] PATH_INFO: `/` {{(pid=81592) log_request_info /opt/stack/keystone/keystone/server/flask/request_processing/req_logging.py:28}}
Mar 25 13:41:56 ubuntu devstack@keystone.service[81592]: [pid: 81592|app: 0|req: 18/32] 10.201.5.82 () {54 vars in 920 bytes} [Wed Mar 25 13:41:56 2026] GET /identity => generated 270 bytes in 1 msecs (HTTP/1.1 300) 6 headers in 234 bytes (1 switches on core 0)
Mar 25 13:41:56 ubuntu devstack@keystone.service[81592]: DEBUG keystone.server.flask.request_processing.middleware.auth_context [None req-0827dc6a-1335-4025-aec3-150ba66f14f3 None None] Authenticating user token {{(pid=81592) process_request /opt/stack/data/venv/lib/python3.10/site-packages/keystonemiddleware/auth_token/__init__.py:407}}
Mar 25 13:41:56 ubuntu devstack@keystone.service[81591]: DEBUG keystone.server.flask.request_processing.middleware.auth_context [None req-1e00d276-2e86-4e63-a91d-c9f775264555 None admin] RBAC: auth_context: {'token': <TokenModel (audit_id=-avb6NILTzuizDWgVXQY2w, audit_chain_id=['-avb6NILTzuizDWgVXQY2w']) at 0x7f52d7be3730>, 'domain_id': None, 'trust_id': None, 'trustor_id': None, 'trustee_id': None, 'domain_name': None, 'group_ids': [], 'user_id': 'df2ee942c9bb4c65b226a3fd0f674494', 'user_domain_id': 'default', 'system_scope': 'all', 'project_id': None, 'project_domain_id': None, 'roles': ['admin', 'manager', 'member', 'reader'], 'is_admin_project': True, 'service_user_id': None, 'service_user_domain_id': None, 'service_project_id': None, 'service_project_domain_id': None, 'service_roles': []} {{(pid=81591) fill_context /opt/stack/keystone/keystone/server/flask/request_processing/middleware/auth_context.py:509}}
Mar 25 13:41:56 ubuntu devstack@keystone.service[81591]: DEBUG keystone.server.flask.request_processing.req_logging [None req-1e00d276-2e86-4e63-a91d-c9f775264555 None admin] REQUEST_METHOD: `GET` {{(pid=81591) log_request_info /opt/stack/keystone/keystone/server/flask/request_processing/req_logging.py:26}}
Mar 25 13:41:56 ubuntu devstack@keystone.service[81591]: DEBUG keystone.server.flask.request_processing.req_logging [None req-1e00d276-2e86-4e63-a91d-c9f775264555 None admin] SCRIPT_NAME: `/identity` {{(pid=81591) log_request_info /opt/stack/keystone/keystone/server/flask/request_processing/req_logging.py:27}}
Mar 25 13:41:56 ubuntu devstack@keystone.service[81591]: DEBUG keystone.server.flask.request_processing.req_logging [None req-1e00d276-2e86-4e63-a91d-c9f775264555 None admin] PATH_INFO: `/v3/roles` {{(pid=81591) log_request_info /opt/stack/keystone/keystone/server/flask/request_processing/req_logging.py:28}}
Mar 25 13:41:56 ubuntu devstack@keystone.service[81591]: DEBUG keystone.common.rbac_enforcer.enforcer [None req-1e00d276-2e86-4e63-a91d-c9f775264555 None admin] RBAC: Adding query filter params (name=admin) {{(pid=81591) _extract_filter_values /opt/stack/keystone/keystone/common/rbac_enforcer/enforcer.py:176}}
Mar 25 13:41:56 ubuntu devstack@keystone.service[81591]: DEBUG keystone.common.rbac_enforcer.enforcer [None req-1e00d276-2e86-4e63-a91d-c9f775264555 None admin] RBAC: Authorizing `identity:list_roles()` {{(pid=81591) enforce_call /opt/stack/keystone/keystone/common/rbac_enforcer/enforcer.py:494}}
Mar 25 13:41:56 ubuntu devstack@keystone.service[81591]: DEBUG keystone.common.rbac_enforcer.enforcer [None req-1e00d276-2e86-4e63-a91d-c9f775264555 None admin] RBAC: Authorization granted {{(pid=81591) enforce_call /opt/stack/keystone/keystone/common/rbac_enforcer/enforcer.py:505}}
Mar 25 13:41:56 ubuntu devstack@keystone.service[81591]: [pid: 81591|app: 0|req: 15/33] 10.201.5.82 () {56 vars in 1149 bytes} [Wed Mar 25 13:41:56 2026] GET /identity/v3/roles?name=admin => generated 339 bytes in 71 msecs (HTTP/1.1 200) 5 headers in 177 bytes (1 switches on core 0)
Mar 25 13:41:56 ubuntu devstack@keystone.service[81591]: DEBUG keystone.server.flask.request_processing.req_logging [None req-34396776-5285-4234-80c7-24e99b0506aa None None] REQUEST_METHOD: `POST` {{(pid=81591) log_request_info /opt/stack/keystone/keystone/server/flask/request_processing/req_logging.py:26}}
Mar 25 13:41:56 ubuntu devstack@keystone.service[81591]: DEBUG keystone.server.flask.request_processing.req_logging [None req-34396776-5285-4234-80c7-24e99b0506aa None None] SCRIPT_NAME: `/identity` {{(pid=81591) log_request_info /opt/stack/keystone/keystone/server/flask/request_processing/req_logging.py:27}}
Mar 25 13:41:56 ubuntu devstack@keystone.service[81591]: DEBUG keystone.server.flask.request_processing.req_logging [None req-34396776-5285-4234-80c7-24e99b0506aa None None] PATH_INFO: `/v3/auth/tokens` {{(pid=81591) log_request_info /opt/stack/keystone/keystone/server/flask/request_processing/req_logging.py:28}}
Mar 25 13:41:56 ubuntu devstack@keystone.service[81591]: WARNING keystone.common.password_hashing [None req-34396776-5285-4234-80c7-24e99b0506aa None None] Truncating password to algorithm specific maximum length 72 characters.
Mar 25 13:41:56 ubuntu devstack@keystone.service[81591]: DEBUG keystone.auth.core [None req-34396776-5285-4234-80c7-24e99b0506aa None None] MFA Rules not processed for user `df2ee942c9bb4c65b226a3fd0f674494`. Rule list: `[]` (Enabled: `True`). {{(pid=81591) check_auth_methods_against_rules /opt/stack/keystone/keystone/auth/core.py:476}}
Mar 25 13:41:56 ubuntu devstack@keystone.service[81591]: DEBUG keystone.common.fernet_utils [None req-34396776-5285-4234-80c7-24e99b0506aa None None] Loaded 2 Fernet keys from /etc/keystone/fernet-keys/, but `[fernet_tokens] max_active_keys = 3`; perhaps there have not been enough key rotations to reach `max_active_keys` yet? {{(pid=81591) load_keys /opt/stack/keystone/keystone/common/fernet_utils.py:297}}
Mar 25 13:41:56 ubuntu devstack@keystone.service[81592]: DEBUG keystone.server.flask.request_processing.middleware.auth_context [None req-0827dc6a-1335-4025-aec3-150ba66f14f3 None None] Validating token access rules against request {{(pid=81592) validate_allowed_request /opt/stack/data/venv/lib/python3.10/site-packages/keystonemiddleware/auth_token/__init__.py:545}}
Mar 25 13:41:56 ubuntu devstack@keystone.service[81592]: DEBUG keystone.server.flask.request_processing.middleware.auth_context [None req-f297379e-f9d0-4c63-97dd-86f028f6b4c1 None admin] RBAC: auth_context: {'token': <TokenModel (audit_id=BzUMn05JQh24xcnqLZNg1Q, audit_chain_id=['BzUMn05JQh24xcnqLZNg1Q']) at 0x7f52d6e6c130>, 'domain_id': None, 'trust_id': None, 'trustor_id': None, 'trustee_id': None, 'domain_name': None, 'group_ids': [], 'user_id': 'df2ee942c9bb4c65b226a3fd0f674494', 'user_domain_id': 'default', 'system_scope': 'all', 'project_id': None, 'project_domain_id': None, 'roles': ['admin', 'manager', 'member', 'reader'], 'is_admin_project': True, 'service_user_id': None, 'service_user_domain_id': None, 'service_project_id': None, 'service_project_domain_id': None, 'service_roles': []} {{(pid=81592) fill_context /opt/stack/keystone/keystone/server/flask/request_processing/middleware/auth_context.py:509}}
Mar 25 13:41:56 ubuntu devstack@keystone.service[81592]: DEBUG keystone.server.flask.request_processing.req_logging [None req-f297379e-f9d0-4c63-97dd-86f028f6b4c1 None admin] REQUEST_METHOD: `POST` {{(pid=81592) log_request_info /opt/stack/keystone/keystone/server/flask/request_processing/req_logging.py:26}}
Mar 25 13:41:56 ubuntu devstack@keystone.service[81592]: DEBUG keystone.server.flask.request_processing.req_logging [None req-f297379e-f9d0-4c63-97dd-86f028f6b4c1 None admin] SCRIPT_NAME: `/identity` {{(pid=81592) log_request_info /opt/stack/keystone/keystone/server/flask/request_processing/req_logging.py:27}}
Mar 25 13:41:56 ubuntu devstack@keystone.service[81592]: DEBUG keystone.server.flask.request_processing.req_logging [None req-f297379e-f9d0-4c63-97dd-86f028f6b4c1 None admin] PATH_INFO: `/v3/projects` {{(pid=81592) log_request_info /opt/stack/keystone/keystone/server/flask/request_processing/req_logging.py:28}}
Mar 25 13:41:56 ubuntu devstack@keystone.service[81592]: DEBUG keystone.common.rbac_enforcer.enforcer [None req-f297379e-f9d0-4c63-97dd-86f028f6b4c1 None admin] RBAC: Authorizing `identity:create_project()` {{(pid=81592) enforce_call /opt/stack/keystone/keystone/common/rbac_enforcer/enforcer.py:494}}
Mar 25 13:41:56 ubuntu devstack@keystone.service[81592]: DEBUG keystone.common.rbac_enforcer.enforcer [None req-f297379e-f9d0-4c63-97dd-86f028f6b4c1 None admin] RBAC: Authorization granted {{(pid=81592) enforce_call /opt/stack/keystone/keystone/common/rbac_enforcer/enforcer.py:505}}
Mar 25 13:41:56 ubuntu devstack@keystone.service[81591]: [pid: 81591|app: 0|req: 16/34] 10.201.5.82 () {58 vars in 1017 bytes} [Wed Mar 25 13:41:56 2026] POST /identity/v3/auth/tokens => generated 862 bytes in 51 msecs (HTTP/1.1 201) 6 headers in 363 bytes (1 switches on core 0)
Mar 25 13:41:56 ubuntu devstack@keystone.service[81591]: DEBUG keystone.server.flask.request_processing.middleware.auth_context [None req-34396776-5285-4234-80c7-24e99b0506aa None None] Authenticating user token {{(pid=81591) process_request /opt/stack/data/venv/lib/python3.10/site-packages/keystonemiddleware/auth_token/__init__.py:407}}
Mar 25 13:41:56 ubuntu devstack@keystone.service[81592]: [pid: 81592|app: 0|req: 19/35] 10.201.5.82 () {60 vars in 1177 bytes} [Wed Mar 25 13:41:56 2026] POST /identity/v3/projects => generated 301 bytes in 74 msecs (HTTP/1.1 201) 5 headers in 182 bytes (1 switches on core 0)
Mar 25 13:41:56 ubuntu devstack@keystone.service[81591]: DEBUG keystone.server.flask.request_processing.middleware.auth_context [None req-34396776-5285-4234-80c7-24e99b0506aa None None] Validating token access rules against request {{(pid=81591) validate_allowed_request /opt/stack/data/venv/lib/python3.10/site-packages/keystonemiddleware/auth_token/__init__.py:545}}
Mar 25 13:41:56 ubuntu devstack@keystone.service[81591]: DEBUG keystone.server.flask.request_processing.middleware.auth_context [None req-2083f34f-f539-4193-9b28-6c0c2927b30f None admin] RBAC: auth_context: {'token': <TokenModel (audit_id=-avb6NILTzuizDWgVXQY2w, audit_chain_id=['-avb6NILTzuizDWgVXQY2w']) at 0x7f52d706e7d0>, 'domain_id': None, 'trust_id': None, 'trustor_id': None, 'trustee_id': None, 'domain_name': None, 'group_ids': [], 'user_id': 'df2ee942c9bb4c65b226a3fd0f674494', 'user_domain_id': 'default', 'system_scope': 'all', 'project_id': None, 'project_domain_id': None, 'roles': ['admin', 'manager', 'member', 'reader'], 'is_admin_project': True, 'service_user_id': None, 'service_user_domain_id': None, 'service_project_id': None, 'service_project_domain_id': None, 'service_roles': []} {{(pid=81591) fill_context /opt/stack/keystone/keystone/server/flask/request_processing/middleware/auth_context.py:509}}
Mar 25 13:41:56 ubuntu devstack@keystone.service[81591]: DEBUG keystone.server.flask.request_processing.req_logging [None req-2083f34f-f539-4193-9b28-6c0c2927b30f None admin] REQUEST_METHOD: `GET` {{(pid=81591) log_request_info /opt/stack/keystone/keystone/server/flask/request_processing/req_logging.py:26}}
Mar 25 13:41:56 ubuntu devstack@keystone.service[81591]: DEBUG keystone.server.flask.request_processing.req_logging [None req-2083f34f-f539-4193-9b28-6c0c2927b30f None admin] SCRIPT_NAME: `/identity` {{(pid=81591) log_request_info /opt/stack/keystone/keystone/server/flask/request_processing/req_logging.py:27}}
Mar 25 13:41:56 ubuntu devstack@keystone.service[81591]: DEBUG keystone.server.flask.request_processing.req_logging [None req-2083f34f-f539-4193-9b28-6c0c2927b30f None admin] PATH_INFO: `/v3/users/df2ee942c9bb4c65b226a3fd0f674494` {{(pid=81591) log_request_info /opt/stack/keystone/keystone/server/flask/request_processing/req_logging.py:28}}
Mar 25 13:41:56 ubuntu devstack@keystone.service[81591]: DEBUG keystone.common.rbac_enforcer.enforcer [None req-2083f34f-f539-4193-9b28-6c0c2927b30f None admin] RBAC: Authorizing `identity:get_user(user_id=df2ee942c9bb4c65b226a3fd0f674494)` {{(pid=81591) enforce_call /opt/stack/keystone/keystone/common/rbac_enforcer/enforcer.py:494}}
Mar 25 13:41:56 ubuntu devstack@keystone.service[81591]: DEBUG keystone.common.rbac_enforcer.enforcer [None req-2083f34f-f539-4193-9b28-6c0c2927b30f None admin] RBAC: Authorization granted {{(pid=81591) enforce_call /opt/stack/keystone/keystone/common/rbac_enforcer/enforcer.py:505}}
Mar 25 13:41:56 ubuntu devstack@keystone.service[81591]: [pid: 81591|app: 0|req: 17/36] 10.201.5.82 () {56 vars in 1214 bytes} [Wed Mar 25 13:41:56 2026] GET /identity/v3/users/df2ee942c9bb4c65b226a3fd0f674494 => generated 247 bytes in 72 msecs (HTTP/1.1 200) 5 headers in 177 bytes (1 switches on core 0)
Mar 25 13:41:56 ubuntu devstack@keystone.service[81592]: DEBUG keystone.server.flask.request_processing.middleware.auth_context [None req-f297379e-f9d0-4c63-97dd-86f028f6b4c1 None admin] Authenticating user token {{(pid=81592) process_request /opt/stack/data/venv/lib/python3.10/site-packages/keystonemiddleware/auth_token/__init__.py:407}}
Mar 25 13:41:56 ubuntu devstack@keystone.service[81591]: DEBUG keystone.server.flask.request_processing.middleware.auth_context [None req-2083f34f-f539-4193-9b28-6c0c2927b30f None admin] Authenticating user token {{(pid=81591) process_request /opt/stack/data/venv/lib/python3.10/site-packages/keystonemiddleware/auth_token/__init__.py:407}}
Mar 25 13:41:56 ubuntu devstack@keystone.service[81592]: DEBUG keystone.server.flask.request_processing.middleware.auth_context [None req-f297379e-f9d0-4c63-97dd-86f028f6b4c1 None admin] Validating token access rules against request {{(pid=81592) validate_allowed_request /opt/stack/data/venv/lib/python3.10/site-packages/keystonemiddleware/auth_token/__init__.py:545}}
Mar 25 13:41:56 ubuntu devstack@keystone.service[81591]: DEBUG keystone.server.flask.request_processing.middleware.auth_context [None req-2083f34f-f539-4193-9b28-6c0c2927b30f None admin] Validating token access rules against request {{(pid=81591) validate_allowed_request /opt/stack/data/venv/lib/python3.10/site-packages/keystonemiddleware/auth_token/__init__.py:545}}
Mar 25 13:41:56 ubuntu devstack@keystone.service[81591]: DEBUG keystone.server.flask.request_processing.middleware.auth_context [None req-72f27f6a-0f97-45fd-85ac-99f8eff32f12 None admin] RBAC: auth_context: {'token': <TokenModel (audit_id=E6ioejp0SSCDdWvZQCqVZg, audit_chain_id=['E6ioejp0SSCDdWvZQCqVZg']) at 0x7f52d70532e0>, 'domain_id': None, 'trust_id': None, 'trustor_id': None, 'trustee_id': None, 'domain_name': None, 'group_ids': [], 'user_id': 'df2ee942c9bb4c65b226a3fd0f674494', 'user_domain_id': 'default', 'system_scope': 'all', 'project_id': None, 'project_domain_id': None, 'roles': ['admin', 'manager', 'member', 'reader'], 'is_admin_project': True, 'service_user_id': None, 'service_user_domain_id': None, 'service_project_id': None, 'service_project_domain_id': None, 'service_roles': []} {{(pid=81591) fill_context /opt/stack/keystone/keystone/server/flask/request_processing/middleware/auth_context.py:509}}
Mar 25 13:41:56 ubuntu devstack@keystone.service[81591]: DEBUG keystone.server.flask.request_processing.req_logging [None req-72f27f6a-0f97-45fd-85ac-99f8eff32f12 None admin] REQUEST_METHOD: `POST` {{(pid=81591) log_request_info /opt/stack/keystone/keystone/server/flask/request_processing/req_logging.py:26}}
Mar 25 13:41:56 ubuntu devstack@keystone.service[81591]: DEBUG keystone.server.flask.request_processing.req_logging [None req-72f27f6a-0f97-45fd-85ac-99f8eff32f12 None admin] SCRIPT_NAME: `/identity` {{(pid=81591) log_request_info /opt/stack/keystone/keystone/server/flask/request_processing/req_logging.py:27}}
Mar 25 13:41:56 ubuntu devstack@keystone.service[81591]: DEBUG keystone.server.flask.request_processing.req_logging [None req-72f27f6a-0f97-45fd-85ac-99f8eff32f12 None admin] PATH_INFO: `/v3/roles` {{(pid=81591) log_request_info /opt/stack/keystone/keystone/server/flask/request_processing/req_logging.py:28}}
Mar 25 13:41:56 ubuntu devstack@keystone.service[81591]: DEBUG keystone.common.rbac_enforcer.enforcer [None req-72f27f6a-0f97-45fd-85ac-99f8eff32f12 None admin] RBAC: Authorizing `identity:create_role()` {{(pid=81591) enforce_call /opt/stack/keystone/keystone/common/rbac_enforcer/enforcer.py:494}}
Mar 25 13:41:56 ubuntu devstack@keystone.service[81591]: DEBUG keystone.common.rbac_enforcer.enforcer [None req-72f27f6a-0f97-45fd-85ac-99f8eff32f12 None admin] RBAC: Authorization granted {{(pid=81591) enforce_call /opt/stack/keystone/keystone/common/rbac_enforcer/enforcer.py:505}}
Mar 25 13:41:56 ubuntu devstack@keystone.service[81591]: DEBUG keystone.common.sql.core [None req-72f27f6a-0f97-45fd-85ac-99f8eff32f12 None admin] Conflict role: (pymysql.err.IntegrityError) (1062, "Duplicate entry 'service-<<null>>' for key 'role.ixu_role_name_domain_id'")
Mar 25 13:41:56 ubuntu devstack@keystone.service[81591]: [SQL: INSERT INTO `role` (id, name, description, extra) VALUES (%(id)s, %(name)s, %(description)s, %(extra)s)]
Mar 25 13:41:56 ubuntu devstack@keystone.service[81591]: [parameters: {'id': 'e8147627465c41b49c71073aa4ce0b87', 'name': 'service', 'description': None, 'extra': '{}'}]
Mar 25 13:41:56 ubuntu devstack@keystone.service[81591]: (Background on this error at: https://sqlalche.me/e/20/gkpj) {{(pid=81591) wrapper /opt/stack/keystone/keystone/common/sql/core.py:580}}
Mar 25 13:41:56 ubuntu devstack@keystone.service[81592]: DEBUG keystone.server.flask.request_processing.middleware.auth_context [None req-a0904beb-f250-485d-9f0a-dfb16a9ac693 None admin] RBAC: auth_context: {'token': <TokenModel (audit_id=-avb6NILTzuizDWgVXQY2w, audit_chain_id=['-avb6NILTzuizDWgVXQY2w']) at 0x7f52d7228f40>, 'domain_id': None, 'trust_id': None, 'trustor_id': None, 'trustee_id': None, 'domain_name': None, 'group_ids': [], 'user_id': 'df2ee942c9bb4c65b226a3fd0f674494', 'user_domain_id': 'default', 'system_scope': 'all', 'project_id': None, 'project_domain_id': None, 'roles': ['admin', 'manager', 'member', 'reader'], 'is_admin_project': True, 'service_user_id': None, 'service_user_domain_id': None, 'service_project_id': None, 'service_project_domain_id': None, 'service_roles': []} {{(pid=81592) fill_context /opt/stack/keystone/keystone/server/flask/request_processing/middleware/auth_context.py:509}}
Mar 25 13:41:56 ubuntu devstack@keystone.service[81592]: DEBUG keystone.server.flask.request_processing.req_logging [None req-a0904beb-f250-485d-9f0a-dfb16a9ac693 None admin] REQUEST_METHOD: `GET` {{(pid=81592) log_request_info /opt/stack/keystone/keystone/server/flask/request_processing/req_logging.py:26}}
Mar 25 13:41:56 ubuntu devstack@keystone.service[81592]: DEBUG keystone.server.flask.request_processing.req_logging [None req-a0904beb-f250-485d-9f0a-dfb16a9ac693 None admin] SCRIPT_NAME: `/identity` {{(pid=81592) log_request_info /opt/stack/keystone/keystone/server/flask/request_processing/req_logging.py:27}}
Mar 25 13:41:56 ubuntu devstack@keystone.service[81592]: DEBUG keystone.server.flask.request_processing.req_logging [None req-a0904beb-f250-485d-9f0a-dfb16a9ac693 None admin] PATH_INFO: `/v3/domains/default` {{(pid=81592) log_request_info /opt/stack/keystone/keystone/server/flask/request_processing/req_logging.py:28}}
Mar 25 13:41:56 ubuntu devstack@keystone.service[81592]: DEBUG keystone.common.rbac_enforcer.enforcer [None req-a0904beb-f250-485d-9f0a-dfb16a9ac693 None admin] RBAC: Authorizing `identity:get_domain(domain_id=default)` {{(pid=81592) enforce_call /opt/stack/keystone/keystone/common/rbac_enforcer/enforcer.py:494}}
Mar 25 13:41:56 ubuntu devstack@keystone.service[81592]: DEBUG keystone.common.rbac_enforcer.enforcer [None req-a0904beb-f250-485d-9f0a-dfb16a9ac693 None admin] RBAC: Authorization granted {{(pid=81592) enforce_call /opt/stack/keystone/keystone/common/rbac_enforcer/enforcer.py:505}}
Mar 25 13:41:56 ubuntu devstack@keystone.service[81592]: [pid: 81592|app: 0|req: 20/37] 10.201.5.82 () {56 vars in 1145 bytes} [Wed Mar 25 13:41:56 2026] GET /identity/v3/domains/default => generated 199 bytes in 93 msecs (HTTP/1.1 200) 5 headers in 177 bytes (1 switches on core 0)
Mar 25 13:41:56 ubuntu devstack@keystone.service[81591]: ERROR keystone.server.flask.application [None req-72f27f6a-0f97-45fd-85ac-99f8eff32f12 None admin] Conflict occurred attempting to store role - Duplicate entry found with name service.: keystone.exception.Conflict: Conflict occurred attempting to store role - Duplicate entry found with name service.
Mar 25 13:41:56 ubuntu devstack@keystone.service[81591]: ERROR keystone.server.flask.application Traceback (most recent call last):
Mar 25 13:41:56 ubuntu devstack@keystone.service[81591]: ERROR keystone.server.flask.application   File "/opt/stack/data/venv/lib/python3.10/site-packages/sqlalchemy/engine/base.py", line 1967, in _exec_single_context
Mar 25 13:41:56 ubuntu devstack@keystone.service[81591]: ERROR keystone.server.flask.application     self.dialect.do_execute(
Mar 25 13:41:56 ubuntu devstack@keystone.service[81591]: ERROR keystone.server.flask.application   File "/opt/stack/data/venv/lib/python3.10/site-packages/sqlalchemy/engine/default.py", line 952, in do_execute
Mar 25 13:41:56 ubuntu devstack@keystone.service[81591]: ERROR keystone.server.flask.application     cursor.execute(statement, parameters)
Mar 25 13:41:56 ubuntu devstack@keystone.service[81591]: ERROR keystone.server.flask.application   File "/opt/stack/data/venv/lib/python3.10/site-packages/pymysql/cursors.py", line 153, in execute
Mar 25 13:41:56 ubuntu devstack@keystone.service[81591]: ERROR keystone.server.flask.application     result = self._query(query)
Mar 25 13:41:56 ubuntu devstack@keystone.service[81591]: ERROR keystone.server.flask.application   File "/opt/stack/data/venv/lib/python3.10/site-packages/pymysql/cursors.py", line 322, in _query
Mar 25 13:41:56 ubuntu devstack@keystone.service[81591]: ERROR keystone.server.flask.application     conn.query(q)
Mar 25 13:41:56 ubuntu devstack@keystone.service[81591]: ERROR keystone.server.flask.application   File "/opt/stack/data/venv/lib/python3.10/site-packages/pymysql/connections.py", line 575, in query
Mar 25 13:41:56 ubuntu devstack@keystone.service[81591]: ERROR keystone.server.flask.application     self._affected_rows = self._read_query_result(unbuffered=unbuffered)
Mar 25 13:41:56 ubuntu devstack@keystone.service[81591]: ERROR keystone.server.flask.application   File "/opt/stack/data/venv/lib/python3.10/site-packages/pymysql/connections.py", line 826, in _read_query_result
Mar 25 13:41:56 ubuntu devstack@keystone.service[81591]: ERROR keystone.server.flask.application     result.read()
Mar 25 13:41:56 ubuntu devstack@keystone.service[81591]: ERROR keystone.server.flask.application   File "/opt/stack/data/venv/lib/python3.10/site-packages/pymysql/connections.py", line 1203, in read
Mar 25 13:41:56 ubuntu devstack@keystone.service[81591]: ERROR keystone.server.flask.application     first_packet = self.connection._read_packet()
Mar 25 13:41:56 ubuntu devstack@keystone.service[81591]: ERROR keystone.server.flask.application   File "/opt/stack/data/venv/lib/python3.10/site-packages/pymysql/connections.py", line 782, in _read_packet
Mar 25 13:41:56 ubuntu devstack@keystone.service[81591]: ERROR keystone.server.flask.application     packet.raise_for_error()
Mar 25 13:41:56 ubuntu devstack@keystone.service[81591]: ERROR keystone.server.flask.application   File "/opt/stack/data/venv/lib/python3.10/site-packages/pymysql/protocol.py", line 219, in raise_for_error
Mar 25 13:41:56 ubuntu devstack@keystone.service[81591]: ERROR keystone.server.flask.application     err.raise_mysql_exception(self._data)
Mar 25 13:41:56 ubuntu devstack@keystone.service[81591]: ERROR keystone.server.flask.application   File "/opt/stack/data/venv/lib/python3.10/site-packages/pymysql/err.py", line 150, in raise_mysql_exception
Mar 25 13:41:56 ubuntu devstack@keystone.service[81591]: ERROR keystone.server.flask.application     raise errorclass(errno, errval)
Mar 25 13:41:56 ubuntu devstack@keystone.service[81591]: ERROR keystone.server.flask.application pymysql.err.IntegrityError: (1062, "Duplicate entry 'service-<<null>>' for key 'role.ixu_role_name_domain_id'")
Mar 25 13:41:56 ubuntu devstack@keystone.service[81591]: ERROR keystone.server.flask.application 
Mar 25 13:41:56 ubuntu devstack@keystone.service[81591]: ERROR keystone.server.flask.application The above exception was the direct cause of the following exception:
Mar 25 13:41:56 ubuntu devstack@keystone.service[81591]: ERROR keystone.server.flask.application 
Mar 25 13:41:56 ubuntu devstack@keystone.service[81591]: ERROR keystone.server.flask.application Traceback (most recent call last):
Mar 25 13:41:56 ubuntu devstack@keystone.service[81591]: ERROR keystone.server.flask.application   File "/opt/stack/keystone/keystone/common/sql/core.py", line 575, in wrapper
Mar 25 13:41:56 ubuntu devstack@keystone.service[81591]: ERROR keystone.server.flask.application     return method(*args, **kwargs)
Mar 25 13:41:56 ubuntu devstack@keystone.service[81591]: ERROR keystone.server.flask.application   File "/opt/stack/keystone/keystone/assignment/role_backends/sql.py", line 25, in create_role
Mar 25 13:41:56 ubuntu devstack@keystone.service[81591]: ERROR keystone.server.flask.application     with sql.session_for_write() as session:
Mar 25 13:41:56 ubuntu devstack@keystone.service[81591]: ERROR keystone.server.flask.application   File "/usr/lib/python3.10/contextlib.py", line 142, in __exit__
Mar 25 13:41:56 ubuntu devstack@keystone.service[81591]: ERROR keystone.server.flask.application     next(self.gen)
Mar 25 13:41:56 ubuntu devstack@keystone.service[81591]: ERROR keystone.server.flask.application   File "/opt/stack/data/venv/lib/python3.10/site-packages/oslo_db/sqlalchemy/enginefacade.py", line 1175, in _transaction_scope
Mar 25 13:41:56 ubuntu devstack@keystone.service[81591]: ERROR keystone.server.flask.application     with current._produce_block(
Mar 25 13:41:56 ubuntu devstack@keystone.service[81591]: ERROR keystone.server.flask.application   File "/usr/lib/python3.10/contextlib.py", line 142, in __exit__
Mar 25 13:41:56 ubuntu devstack@keystone.service[81591]: ERROR keystone.server.flask.application     next(self.gen)
Mar 25 13:41:56 ubuntu devstack@keystone.service[81591]: ERROR keystone.server.flask.application   File "/opt/stack/data/venv/lib/python3.10/site-packages/oslo_db/sqlalchemy/enginefacade.py", line 837, in _session
Mar 25 13:41:56 ubuntu devstack@keystone.service[81591]: ERROR keystone.server.flask.application     with excutils.save_and_reraise_exception():
Mar 25 13:41:56 ubuntu devstack@keystone.service[81591]: ERROR keystone.server.flask.application   File "/opt/stack/data/venv/lib/python3.10/site-packages/oslo_utils/excutils.py", line 267, in __exit__
Mar 25 13:41:56 ubuntu devstack@keystone.service[81591]: ERROR keystone.server.flask.application     self.force_reraise()
Mar 25 13:41:56 ubuntu devstack@keystone.service[81591]: ERROR keystone.server.flask.application   File "/opt/stack/data/venv/lib/python3.10/site-packages/oslo_utils/excutils.py", line 233, in force_reraise
Mar 25 13:41:56 ubuntu devstack@keystone.service[81591]: ERROR keystone.server.flask.application     raise self.value
Mar 25 13:41:56 ubuntu devstack@keystone.service[81591]: ERROR keystone.server.flask.application   File "/opt/stack/data/venv/lib/python3.10/site-packages/oslo_db/sqlalchemy/enginefacade.py", line 835, in _session
Mar 25 13:41:56 ubuntu devstack@keystone.service[81591]: ERROR keystone.server.flask.application     self._end_session_transaction(self.session)
Mar 25 13:41:56 ubuntu devstack@keystone.service[81591]: ERROR keystone.server.flask.application   File "/opt/stack/data/venv/lib/python3.10/site-packages/oslo_db/sqlalchemy/enginefacade.py", line 748, in _end_session_transaction
Mar 25 13:41:56 ubuntu devstack@keystone.service[81591]: ERROR keystone.server.flask.application     session.commit()
Mar 25 13:41:56 ubuntu devstack@keystone.service[81591]: ERROR keystone.server.flask.application   File "/opt/stack/data/venv/lib/python3.10/site-packages/sqlalchemy/orm/session.py", line 2030, in commit
Mar 25 13:41:56 ubuntu devstack@keystone.service[81591]: ERROR keystone.server.flask.application     trans.commit(_to_root=True)
Mar 25 13:41:56 ubuntu devstack@keystone.service[81591]: ERROR keystone.server.flask.application   File "<string>", line 2, in commit
Mar 25 13:41:56 ubuntu devstack@keystone.service[81591]: ERROR keystone.server.flask.application   File "/opt/stack/data/venv/lib/python3.10/site-packages/sqlalchemy/orm/state_changes.py", line 137, in _go
