Aug 22 12:58:32 ubuntu devstack@keystone.service[69433]: ERROR keystone.server.flask.application   File "/opt/stack/data/venv/lib/python3.10/site-packages/oslo_utils/excutils.py", line 200, in force_reraise
Aug 22 12:58:32 ubuntu devstack@keystone.service[69433]: ERROR keystone.server.flask.application     raise self.value
Aug 22 12:58:32 ubuntu devstack@keystone.service[69433]: ERROR keystone.server.flask.application   File "/opt/stack/data/venv/lib/python3.10/site-packages/oslo_db/sqlalchemy/enginefacade.py", line 647, in _session
Aug 22 12:58:32 ubuntu devstack@keystone.service[69433]: ERROR keystone.server.flask.application     self._end_session_transaction(self.session)
Aug 22 12:58:32 ubuntu devstack@keystone.service[69433]: ERROR keystone.server.flask.application   File "/opt/stack/data/venv/lib/python3.10/site-packages/oslo_db/sqlalchemy/enginefacade.py", line 675, in _end_session_transaction
Aug 22 12:58:32 ubuntu devstack@keystone.service[69433]: ERROR keystone.server.flask.application     session.commit()
Aug 22 12:58:32 ubuntu devstack@keystone.service[69433]: ERROR keystone.server.flask.application   File "/opt/stack/data/venv/lib/python3.10/site-packages/sqlalchemy/orm/session.py", line 2017, in commit
Aug 22 12:58:32 ubuntu devstack@keystone.service[69433]: ERROR keystone.server.flask.application     trans.commit(_to_root=True)
Aug 22 12:58:32 ubuntu devstack@keystone.service[69433]: ERROR keystone.server.flask.application   File "<string>", line 2, in commit
Aug 22 12:58:32 ubuntu devstack@keystone.service[69433]: ERROR keystone.server.flask.application   File "/opt/stack/data/venv/lib/python3.10/site-packages/sqlalchemy/orm/state_changes.py", line 139, in _go
Aug 22 12:58:32 ubuntu devstack@keystone.service[69433]: ERROR keystone.server.flask.application     ret_value = fn(self, *arg, **kw)
Aug 22 12:58:32 ubuntu devstack@keystone.service[69433]: ERROR keystone.server.flask.application   File "/opt/stack/data/venv/lib/python3.10/site-packages/sqlalchemy/orm/session.py", line 1302, in commit
Aug 22 12:58:32 ubuntu devstack@keystone.service[69433]: ERROR keystone.server.flask.application     self._prepare_impl()
Aug 22 12:58:32 ubuntu devstack@keystone.service[69433]: ERROR keystone.server.flask.application   File "<string>", line 2, in _prepare_impl
Aug 22 12:58:32 ubuntu devstack@keystone.service[69433]: ERROR keystone.server.flask.application   File "/opt/stack/data/venv/lib/python3.10/site-packages/sqlalchemy/orm/state_changes.py", line 139, in _go
Aug 22 12:58:32 ubuntu devstack@keystone.service[69433]: ERROR keystone.server.flask.application     ret_value = fn(self, *arg, **kw)
Aug 22 12:58:32 ubuntu devstack@keystone.service[69433]: ERROR keystone.server.flask.application   File "/opt/stack/data/venv/lib/python3.10/site-packages/sqlalchemy/orm/session.py", line 1277, in _prepare_impl
Aug 22 12:58:32 ubuntu devstack@keystone.service[69433]: ERROR keystone.server.flask.application     self.session.flush()
Aug 22 12:58:32 ubuntu devstack@keystone.service[69433]: ERROR keystone.server.flask.application   File "/opt/stack/data/venv/lib/python3.10/site-packages/sqlalchemy/orm/session.py", line 4341, in flush
Aug 22 12:58:32 ubuntu devstack@keystone.service[69433]: ERROR keystone.server.flask.application     self._flush(objects)
Aug 22 12:58:32 ubuntu devstack@keystone.service[69433]: ERROR keystone.server.flask.application   File "/opt/stack/data/venv/lib/python3.10/site-packages/sqlalchemy/orm/session.py", line 4476, in _flush
Aug 22 12:58:32 ubuntu devstack@keystone.service[69433]: ERROR keystone.server.flask.application     with util.safe_reraise():
Aug 22 12:58:32 ubuntu devstack@keystone.service[69433]: ERROR keystone.server.flask.application   File "/opt/stack/data/venv/lib/python3.10/site-packages/sqlalchemy/util/langhelpers.py", line 146, in __exit__
Aug 22 12:58:32 ubuntu devstack@keystone.service[69433]: ERROR keystone.server.flask.application     raise exc_value.with_traceback(exc_tb)
Aug 22 12:58:32 ubuntu devstack@keystone.service[69433]: ERROR keystone.server.flask.application   File "/opt/stack/data/venv/lib/python3.10/site-packages/sqlalchemy/orm/session.py", line 4437, in _flush
Aug 22 12:58:32 ubuntu devstack@keystone.service[69433]: ERROR keystone.server.flask.application     flush_context.execute()
Aug 22 12:58:32 ubuntu devstack@keystone.service[69433]: ERROR keystone.server.flask.application   File "/opt/stack/data/venv/lib/python3.10/site-packages/sqlalchemy/orm/unitofwork.py", line 466, in execute
Aug 22 12:58:32 ubuntu devstack@keystone.service[69433]: ERROR keystone.server.flask.application     rec.execute(self)
Aug 22 12:58:32 ubuntu devstack@keystone.service[69433]: ERROR keystone.server.flask.application   File "/opt/stack/data/venv/lib/python3.10/site-packages/sqlalchemy/orm/unitofwork.py", line 642, in execute
Aug 22 12:58:32 ubuntu devstack@keystone.service[69433]: ERROR keystone.server.flask.application     util.preloaded.orm_persistence.save_obj(
Aug 22 12:58:32 ubuntu devstack@keystone.service[69433]: ERROR keystone.server.flask.application   File "/opt/stack/data/venv/lib/python3.10/site-packages/sqlalchemy/orm/persistence.py", line 93, in save_obj
Aug 22 12:58:32 ubuntu devstack@keystone.service[69433]: ERROR keystone.server.flask.application     _emit_insert_statements(
Aug 22 12:58:32 ubuntu devstack@keystone.service[69433]: ERROR keystone.server.flask.application   File "/opt/stack/data/venv/lib/python3.10/site-packages/sqlalchemy/orm/persistence.py", line 1048, in _emit_insert_statements
Aug 22 12:58:32 ubuntu devstack@keystone.service[69433]: ERROR keystone.server.flask.application     result = connection.execute(
Aug 22 12:58:32 ubuntu devstack@keystone.service[69433]: ERROR keystone.server.flask.application   File "/opt/stack/data/venv/lib/python3.10/site-packages/sqlalchemy/engine/base.py", line 1418, in execute
Aug 22 12:58:32 ubuntu devstack@keystone.service[69433]: ERROR keystone.server.flask.application     return meth(
Aug 22 12:58:32 ubuntu devstack@keystone.service[69433]: ERROR keystone.server.flask.application   File "/opt/stack/data/venv/lib/python3.10/site-packages/sqlalchemy/sql/elements.py", line 515, in _execute_on_connection
Aug 22 12:58:32 ubuntu devstack@keystone.service[69433]: ERROR keystone.server.flask.application     return connection._execute_clauseelement(
Aug 22 12:58:32 ubuntu devstack@keystone.service[69433]: ERROR keystone.server.flask.application   File "/opt/stack/data/venv/lib/python3.10/site-packages/sqlalchemy/engine/base.py", line 1640, in _execute_clauseelement
Aug 22 12:58:32 ubuntu devstack@keystone.service[69433]: ERROR keystone.server.flask.application     ret = self._execute_context(
Aug 22 12:58:32 ubuntu devstack@keystone.service[69433]: ERROR keystone.server.flask.application   File "/opt/stack/data/venv/lib/python3.10/site-packages/sqlalchemy/engine/base.py", line 1846, in _execute_context
Aug 22 12:58:32 ubuntu devstack@keystone.service[69433]: ERROR keystone.server.flask.application     return self._exec_single_context(
Aug 22 12:58:32 ubuntu devstack@keystone.service[69433]: ERROR keystone.server.flask.application   File "/opt/stack/data/venv/lib/python3.10/site-packages/sqlalchemy/engine/base.py", line 1986, in _exec_single_context
Aug 22 12:58:32 ubuntu devstack@keystone.service[69433]: ERROR keystone.server.flask.application     self._handle_dbapi_exception(
Aug 22 12:58:32 ubuntu devstack@keystone.service[69433]: ERROR keystone.server.flask.application   File "/opt/stack/data/venv/lib/python3.10/site-packages/sqlalchemy/engine/base.py", line 2350, in _handle_dbapi_exception
Aug 22 12:58:32 ubuntu devstack@keystone.service[69433]: ERROR keystone.server.flask.application     raise newraise.with_traceback(exc_info[2]) from e
Aug 22 12:58:32 ubuntu devstack@keystone.service[69433]: ERROR keystone.server.flask.application   File "/opt/stack/data/venv/lib/python3.10/site-packages/sqlalchemy/engine/base.py", line 1967, in _exec_single_context
Aug 22 12:58:32 ubuntu devstack@keystone.service[69433]: ERROR keystone.server.flask.application     self.dialect.do_execute(
Aug 22 12:58:32 ubuntu devstack@keystone.service[69433]: ERROR keystone.server.flask.application   File "/opt/stack/data/venv/lib/python3.10/site-packages/sqlalchemy/engine/default.py", line 924, in do_execute
Aug 22 12:58:32 ubuntu devstack@keystone.service[69433]: ERROR keystone.server.flask.application     cursor.execute(statement, parameters)
Aug 22 12:58:32 ubuntu devstack@keystone.service[69433]: ERROR keystone.server.flask.application   File "/opt/stack/data/venv/lib/python3.10/site-packages/pymysql/cursors.py", line 153, in execute
Aug 22 12:58:32 ubuntu devstack@keystone.service[69433]: ERROR keystone.server.flask.application     result = self._query(query)
Aug 22 12:58:32 ubuntu devstack@keystone.service[69433]: ERROR keystone.server.flask.application   File "/opt/stack/data/venv/lib/python3.10/site-packages/pymysql/cursors.py", line 322, in _query
Aug 22 12:58:32 ubuntu devstack@keystone.service[69433]: ERROR keystone.server.flask.application     conn.query(q)
Aug 22 12:58:32 ubuntu devstack@keystone.service[69433]: ERROR keystone.server.flask.application   File "/opt/stack/data/venv/lib/python3.10/site-packages/pymysql/connections.py", line 563, in query
Aug 22 12:58:32 ubuntu devstack@keystone.service[69433]: ERROR keystone.server.flask.application     self._affected_rows = self._read_query_result(unbuffered=unbuffered)
Aug 22 12:58:32 ubuntu devstack@keystone.service[69433]: ERROR keystone.server.flask.application   File "/opt/stack/data/venv/lib/python3.10/site-packages/pymysql/connections.py", line 825, in _read_query_result
Aug 22 12:58:32 ubuntu devstack@keystone.service[69433]: ERROR keystone.server.flask.application     result.read()
Aug 22 12:58:32 ubuntu devstack@keystone.service[69433]: ERROR keystone.server.flask.application   File "/opt/stack/data/venv/lib/python3.10/site-packages/pymysql/connections.py", line 1199, in read
Aug 22 12:58:32 ubuntu devstack@keystone.service[69433]: ERROR keystone.server.flask.application     first_packet = self.connection._read_packet()
Aug 22 12:58:32 ubuntu devstack@keystone.service[69433]: ERROR keystone.server.flask.application   File "/opt/stack/data/venv/lib/python3.10/site-packages/pymysql/connections.py", line 775, in _read_packet
Aug 22 12:58:32 ubuntu devstack@keystone.service[69433]: ERROR keystone.server.flask.application     packet.raise_for_error()
Aug 22 12:58:32 ubuntu devstack@keystone.service[69433]: ERROR keystone.server.flask.application   File "/opt/stack/data/venv/lib/python3.10/site-packages/pymysql/protocol.py", line 219, in raise_for_error
Aug 22 12:58:32 ubuntu devstack@keystone.service[69433]: ERROR keystone.server.flask.application     err.raise_mysql_exception(self._data)
Aug 22 12:58:32 ubuntu devstack@keystone.service[69433]: ERROR keystone.server.flask.application   File "/opt/stack/data/venv/lib/python3.10/site-packages/pymysql/err.py", line 150, in raise_mysql_exception
Aug 22 12:58:32 ubuntu devstack@keystone.service[69433]: ERROR keystone.server.flask.application     raise errorclass(errno, errval)
Aug 22 12:58:32 ubuntu devstack@keystone.service[69433]: ERROR keystone.server.flask.application oslo_db.exception.DBDuplicateEntry: (pymysql.err.IntegrityError) (1062, "Duplicate entry '<<keystone.domain.root>>-Default' for key 'project.ixu_project_name_domain_id'")
Aug 22 12:58:32 ubuntu devstack@keystone.service[69433]: ERROR keystone.server.flask.application [SQL: INSERT INTO project (id, name, domain_id, description, enabled, extra, parent_id, is_domain) VALUES (%(id)s, %(name)s, %(domain_id)s, %(description)s, %(enabled)s, %(extra)s, %(parent_id)s, %(is_domain)s)]
Aug 22 12:58:32 ubuntu devstack@keystone.service[69433]: ERROR keystone.server.flask.application [parameters: {'id': '86d0cf9d8f4246409faf0757aa8b275e', 'name': 'Default', 'domain_id': '<<keystone.domain.root>>', 'description': '', 'enabled': 1, 'extra': '{}', 'parent_id': None, 'is_domain': 1}]
Aug 22 12:58:32 ubuntu devstack@keystone.service[69433]: ERROR keystone.server.flask.application (Background on this error at: https://sqlalche.me/e/20/gkpj)
Aug 22 12:58:32 ubuntu devstack@keystone.service[69433]: ERROR keystone.server.flask.application 
Aug 22 12:58:32 ubuntu devstack@keystone.service[69433]: ERROR keystone.server.flask.application During handling of the above exception, another exception occurred:
Aug 22 12:58:32 ubuntu devstack@keystone.service[69433]: ERROR keystone.server.flask.application 
Aug 22 12:58:32 ubuntu devstack@keystone.service[69433]: ERROR keystone.server.flask.application Traceback (most recent call last):
Aug 22 12:58:32 ubuntu devstack@keystone.service[69433]: ERROR keystone.server.flask.application   File "/opt/stack/keystone/keystone/resource/core.py", line 250, in create_project
Aug 22 12:58:32 ubuntu devstack@keystone.service[69433]: ERROR keystone.server.flask.application     ret = self.driver.create_project(project_id, project)
Aug 22 12:58:32 ubuntu devstack@keystone.service[69433]: ERROR keystone.server.flask.application   File "/opt/stack/keystone/keystone/common/sql/core.py", line 581, in wrapper
Aug 22 12:58:32 ubuntu devstack@keystone.service[69433]: ERROR keystone.server.flask.application     raise exception.Conflict(type=conflict_type, details=msg)
Aug 22 12:58:32 ubuntu devstack@keystone.service[69433]: ERROR keystone.server.flask.application keystone.exception.Conflict: Conflict occurred attempting to store project - Duplicate entry found with name Default.
Aug 22 12:58:32 ubuntu devstack@keystone.service[69433]: ERROR keystone.server.flask.application 
Aug 22 12:58:32 ubuntu devstack@keystone.service[69433]: ERROR keystone.server.flask.application During handling of the above exception, another exception occurred:
Aug 22 12:58:32 ubuntu devstack@keystone.service[69433]: ERROR keystone.server.flask.application 
Aug 22 12:58:32 ubuntu devstack@keystone.service[69433]: ERROR keystone.server.flask.application Traceback (most recent call last):
Aug 22 12:58:32 ubuntu devstack@keystone.service[69433]: ERROR keystone.server.flask.application   File "/opt/stack/data/venv/lib/python3.10/site-packages/flask/app.py", line 880, in full_dispatch_request
Aug 22 12:58:32 ubuntu devstack@keystone.service[69433]: ERROR keystone.server.flask.application     rv = self.dispatch_request()
Aug 22 12:58:32 ubuntu devstack@keystone.service[69433]: ERROR keystone.server.flask.application   File "/opt/stack/data/venv/lib/python3.10/site-packages/flask/app.py", line 865, in dispatch_request
Aug 22 12:58:32 ubuntu devstack@keystone.service[69433]: ERROR keystone.server.flask.application     return self.ensure_sync(self.view_functions[rule.endpoint])(**view_args)  # type: ignore[no-any-return]
Aug 22 12:58:32 ubuntu devstack@keystone.service[69433]: ERROR keystone.server.flask.application   File "/opt/stack/data/venv/lib/python3.10/site-packages/flask_restful/__init__.py", line 489, in wrapper
Aug 22 12:58:32 ubuntu devstack@keystone.service[69433]: ERROR keystone.server.flask.application     resp = resource(*args, **kwargs)
Aug 22 12:58:32 ubuntu devstack@keystone.service[69433]: ERROR keystone.server.flask.application   File "/opt/stack/data/venv/lib/python3.10/site-packages/flask/views.py", line 110, in view
Aug 22 12:58:32 ubuntu devstack@keystone.service[69433]: ERROR keystone.server.flask.application     return current_app.ensure_sync(self.dispatch_request)(**kwargs)  # type: ignore[no-any-return]
Aug 22 12:58:32 ubuntu devstack@keystone.service[69433]: ERROR keystone.server.flask.application   File "/opt/stack/data/venv/lib/python3.10/site-packages/flask_restful/__init__.py", line 604, in dispatch_request
Aug 22 12:58:32 ubuntu devstack@keystone.service[69433]: ERROR keystone.server.flask.application     resp = meth(*args, **kwargs)
Aug 22 12:58:32 ubuntu devstack@keystone.service[69433]: ERROR keystone.server.flask.application   File "/opt/stack/keystone/keystone/api/domains.py", line 140, in post
Aug 22 12:58:32 ubuntu devstack@keystone.service[69433]: ERROR keystone.server.flask.application     ref = PROVIDERS.resource_api.create_domain(
Aug 22 12:58:32 ubuntu devstack@keystone.service[69433]: ERROR keystone.server.flask.application   File "/opt/stack/keystone/keystone/common/manager.py", line 111, in wrapped
Aug 22 12:58:32 ubuntu devstack@keystone.service[69433]: ERROR keystone.server.flask.application     __ret_val = __f(*args, **kwargs)
Aug 22 12:58:32 ubuntu devstack@keystone.service[69433]: ERROR keystone.server.flask.application   File "/opt/stack/keystone/keystone/resource/core.py", line 867, in create_domain
Aug 22 12:58:32 ubuntu devstack@keystone.service[69433]: ERROR keystone.server.flask.application     is_domain_project = self.create_project(
Aug 22 12:58:32 ubuntu devstack@keystone.service[69433]: ERROR keystone.server.flask.application   File "/opt/stack/keystone/keystone/common/manager.py", line 111, in wrapped
Aug 22 12:58:32 ubuntu devstack@keystone.service[69433]: ERROR keystone.server.flask.application     __ret_val = __f(*args, **kwargs)
Aug 22 12:58:32 ubuntu devstack@keystone.service[69433]: ERROR keystone.server.flask.application   File "/opt/stack/keystone/keystone/resource/core.py", line 252, in create_project
Aug 22 12:58:32 ubuntu devstack@keystone.service[69433]: ERROR keystone.server.flask.application     raise exception.Conflict(
Aug 22 12:58:32 ubuntu devstack@keystone.service[69433]: ERROR keystone.server.flask.application keystone.exception.Conflict: Conflict occurred attempting to store project - it is not permitted to have two projects acting as domains with the same name: Default.
Aug 22 12:58:32 ubuntu devstack@keystone.service[69433]: ERROR keystone.server.flask.application 
Aug 22 12:58:32 ubuntu devstack@keystone.service[69433]: [pid: 69433|app: 0|req: 7/16] 10.201.5.82 () {60 vars in 1137 bytes} [Thu Aug 22 12:58:32 2024] POST /identity/v3/domains => generated 190 bytes in 105 msecs (HTTP/1.1 409) 5 headers in 183 bytes (2 switches on core 0)
Aug 22 12:58:32 ubuntu devstack@keystone.service[69432]: DEBUG keystone.server.flask.request_processing.middleware.auth_context [None req-57a4da12-707c-49d0-b847-4466fd0ac631 None admin] Validating token access rules against request {{(pid=69432) validate_allowed_request /opt/stack/data/venv/lib/python3.10/site-packages/keystonemiddleware/auth_token/__init__.py:544}}
Aug 22 12:58:32 ubuntu devstack@keystone.service[69433]: DEBUG keystone.server.flask.request_processing.middleware.auth_context [None req-ec461760-6cc7-43a0-bd95-048f582b5ba5 None admin] Authenticating user token {{(pid=69433) process_request /opt/stack/data/venv/lib/python3.10/site-packages/keystonemiddleware/auth_token/__init__.py:406}}
Aug 22 12:58:32 ubuntu devstack@keystone.service[69432]: DEBUG keystone.server.flask.request_processing.middleware.auth_context [None req-8b565114-d377-4713-a509-580d2b8ad486 None admin] RBAC: auth_context: {'token': <TokenModel (audit_id=i6QQyYIHRqah6EdsII_o2A, audit_chain_id=['i6QQyYIHRqah6EdsII_o2A']) at 0x7f7c36a8c0d0>, 'domain_id': None, 'trust_id': None, 'trustor_id': None, 'trustee_id': None, 'domain_name': None, 'group_ids': [], 'user_id': '17eef74443b64048ad256a0c40f5a8ca', 'user_domain_id': 'default', 'system_scope': 'all', 'project_id': None, 'project_domain_id': None, 'roles': ['admin', 'manager', 'member', 'reader'], 'is_admin_project': True, 'service_user_id': None, 'service_user_domain_id': None, 'service_project_id': None, 'service_project_domain_id': None, 'service_roles': []} {{(pid=69432) fill_context /opt/stack/keystone/keystone/server/flask/request_processing/middleware/auth_context.py:511}}
Aug 22 12:58:32 ubuntu devstack@keystone.service[69432]: DEBUG keystone.server.flask.request_processing.req_logging [None req-8b565114-d377-4713-a509-580d2b8ad486 None admin] REQUEST_METHOD: `GET` {{(pid=69432) log_request_info /opt/stack/keystone/keystone/server/flask/request_processing/req_logging.py:27}}
Aug 22 12:58:32 ubuntu devstack@keystone.service[69432]: DEBUG keystone.server.flask.request_processing.req_logging [None req-8b565114-d377-4713-a509-580d2b8ad486 None admin] SCRIPT_NAME: `/identity` {{(pid=69432) log_request_info /opt/stack/keystone/keystone/server/flask/request_processing/req_logging.py:28}}
Aug 22 12:58:32 ubuntu devstack@keystone.service[69432]: DEBUG keystone.server.flask.request_processing.req_logging [None req-8b565114-d377-4713-a509-580d2b8ad486 None admin] PATH_INFO: `/v3/users/17eef74443b64048ad256a0c40f5a8ca` {{(pid=69432) log_request_info /opt/stack/keystone/keystone/server/flask/request_processing/req_logging.py:29}}
Aug 22 12:58:32 ubuntu devstack@keystone.service[69432]: DEBUG keystone.common.rbac_enforcer.enforcer [None req-8b565114-d377-4713-a509-580d2b8ad486 None admin] RBAC: Authorizing `identity:get_user(user_id=17eef74443b64048ad256a0c40f5a8ca)` {{(pid=69432) enforce_call /opt/stack/keystone/keystone/common/rbac_enforcer/enforcer.py:504}}
Aug 22 12:58:32 ubuntu devstack@keystone.service[69432]: DEBUG keystone.common.rbac_enforcer.enforcer [None req-8b565114-d377-4713-a509-580d2b8ad486 None admin] RBAC: Authorization granted {{(pid=69432) enforce_call /opt/stack/keystone/keystone/common/rbac_enforcer/enforcer.py:515}}
Aug 22 12:58:32 ubuntu devstack@keystone.service[69432]: [pid: 69432|app: 0|req: 10/17] 10.201.5.82 () {56 vars in 1177 bytes} [Thu Aug 22 12:58:32 2024] GET /identity/v3/users/17eef74443b64048ad256a0c40f5a8ca => generated 247 bytes in 51 msecs (HTTP/1.1 200) 5 headers in 177 bytes (2 switches on core 0)
Aug 22 12:58:32 ubuntu devstack@keystone.service[69432]: DEBUG keystone.server.flask.request_processing.middleware.auth_context [None req-8b565114-d377-4713-a509-580d2b8ad486 None admin] Authenticating user token {{(pid=69432) process_request /opt/stack/data/venv/lib/python3.10/site-packages/keystonemiddleware/auth_token/__init__.py:406}}
Aug 22 12:58:32 ubuntu devstack@keystone.service[69433]: DEBUG keystone.server.flask.request_processing.middleware.auth_context [None req-ec461760-6cc7-43a0-bd95-048f582b5ba5 None admin] Validating token access rules against request {{(pid=69433) validate_allowed_request /opt/stack/data/venv/lib/python3.10/site-packages/keystonemiddleware/auth_token/__init__.py:544}}
Aug 22 12:58:32 ubuntu devstack@keystone.service[69432]: DEBUG keystone.server.flask.request_processing.middleware.auth_context [None req-8b565114-d377-4713-a509-580d2b8ad486 None admin] Validating token access rules against request {{(pid=69432) validate_allowed_request /opt/stack/data/venv/lib/python3.10/site-packages/keystonemiddleware/auth_token/__init__.py:544}}
Aug 22 12:58:32 ubuntu devstack@keystone.service[69433]: DEBUG keystone.server.flask.request_processing.middleware.auth_context [None req-fbf4f2ca-c19c-4210-89c0-0ce86f522148 None admin] RBAC: auth_context: {'token': <TokenModel (audit_id=BRhrFQz7TBK5u8iSeUsxAg, audit_chain_id=['BRhrFQz7TBK5u8iSeUsxAg']) at 0x7f7c36981810>, 'domain_id': None, 'trust_id': None, 'trustor_id': None, 'trustee_id': None, 'domain_name': None, 'group_ids': [], 'user_id': '17eef74443b64048ad256a0c40f5a8ca', 'user_domain_id': 'default', 'system_scope': 'all', 'project_id': None, 'project_domain_id': None, 'roles': ['admin', 'manager', 'member', 'reader'], 'is_admin_project': True, 'service_user_id': None, 'service_user_domain_id': None, 'service_project_id': None, 'service_project_domain_id': None, 'service_roles': []} {{(pid=69433) fill_context /opt/stack/keystone/keystone/server/flask/request_processing/middleware/auth_context.py:511}}
Aug 22 12:58:32 ubuntu devstack@keystone.service[69433]: DEBUG keystone.server.flask.request_processing.req_logging [None req-fbf4f2ca-c19c-4210-89c0-0ce86f522148 None admin] REQUEST_METHOD: `GET` {{(pid=69433) log_request_info /opt/stack/keystone/keystone/server/flask/request_processing/req_logging.py:27}}
Aug 22 12:58:32 ubuntu devstack@keystone.service[69433]: DEBUG keystone.server.flask.request_processing.req_logging [None req-fbf4f2ca-c19c-4210-89c0-0ce86f522148 None admin] SCRIPT_NAME: `/identity` {{(pid=69433) log_request_info /opt/stack/keystone/keystone/server/flask/request_processing/req_logging.py:28}}
Aug 22 12:58:32 ubuntu devstack@keystone.service[69433]: DEBUG keystone.server.flask.request_processing.req_logging [None req-fbf4f2ca-c19c-4210-89c0-0ce86f522148 None admin] PATH_INFO: `/v3/domains/Default` {{(pid=69433) log_request_info /opt/stack/keystone/keystone/server/flask/request_processing/req_logging.py:29}}
Aug 22 12:58:32 ubuntu devstack@keystone.service[69433]: DEBUG keystone.common.rbac_enforcer.enforcer [None req-fbf4f2ca-c19c-4210-89c0-0ce86f522148 None admin] RBAC: Authorizing `identity:get_domain(domain_id=Default)` {{(pid=69433) enforce_call /opt/stack/keystone/keystone/common/rbac_enforcer/enforcer.py:504}}
Aug 22 12:58:32 ubuntu devstack@keystone.service[69433]: DEBUG keystone.common.rbac_enforcer.enforcer [None req-fbf4f2ca-c19c-4210-89c0-0ce86f522148 None admin] RBAC: Authorization granted {{(pid=69433) enforce_call /opt/stack/keystone/keystone/common/rbac_enforcer/enforcer.py:515}}
Aug 22 12:58:32 ubuntu devstack@keystone.service[69432]: DEBUG keystone.server.flask.request_processing.middleware.auth_context [None req-1d4e4e69-f76f-4eb5-b638-04a53ec2e8d9 None admin] RBAC: auth_context: {'token': <TokenModel (audit_id=i6QQyYIHRqah6EdsII_o2A, audit_chain_id=['i6QQyYIHRqah6EdsII_o2A']) at 0x7f7c36be7e80>, 'domain_id': None, 'trust_id': None, 'trustor_id': None, 'trustee_id': None, 'domain_name': None, 'group_ids': [], 'user_id': '17eef74443b64048ad256a0c40f5a8ca', 'user_domain_id': 'default', 'system_scope': 'all', 'project_id': None, 'project_domain_id': None, 'roles': ['admin', 'manager', 'member', 'reader'], 'is_admin_project': True, 'service_user_id': None, 'service_user_domain_id': None, 'service_project_id': None, 'service_project_domain_id': None, 'service_roles': []} {{(pid=69432) fill_context /opt/stack/keystone/keystone/server/flask/request_processing/middleware/auth_context.py:511}}
Aug 22 12:58:32 ubuntu devstack@keystone.service[69432]: DEBUG keystone.server.flask.request_processing.req_logging [None req-1d4e4e69-f76f-4eb5-b638-04a53ec2e8d9 None admin] REQUEST_METHOD: `GET` {{(pid=69432) log_request_info /opt/stack/keystone/keystone/server/flask/request_processing/req_logging.py:27}}
Aug 22 12:58:32 ubuntu devstack@keystone.service[69432]: DEBUG keystone.server.flask.request_processing.req_logging [None req-1d4e4e69-f76f-4eb5-b638-04a53ec2e8d9 None admin] SCRIPT_NAME: `/identity` {{(pid=69432) log_request_info /opt/stack/keystone/keystone/server/flask/request_processing/req_logging.py:28}}
Aug 22 12:58:32 ubuntu devstack@keystone.service[69432]: DEBUG keystone.server.flask.request_processing.req_logging [None req-1d4e4e69-f76f-4eb5-b638-04a53ec2e8d9 None admin] PATH_INFO: `/v3/domains/default` {{(pid=69432) log_request_info /opt/stack/keystone/keystone/server/flask/request_processing/req_logging.py:29}}
Aug 22 12:58:32 ubuntu devstack@keystone.service[69432]: DEBUG keystone.common.rbac_enforcer.enforcer [None req-1d4e4e69-f76f-4eb5-b638-04a53ec2e8d9 None admin] RBAC: Authorizing `identity:get_domain(domain_id=default)` {{(pid=69432) enforce_call /opt/stack/keystone/keystone/common/rbac_enforcer/enforcer.py:504}}
Aug 22 12:58:32 ubuntu devstack@keystone.service[69432]: DEBUG keystone.common.rbac_enforcer.enforcer [None req-1d4e4e69-f76f-4eb5-b638-04a53ec2e8d9 None admin] RBAC: Authorization granted {{(pid=69432) enforce_call /opt/stack/keystone/keystone/common/rbac_enforcer/enforcer.py:515}}
Aug 22 12:58:32 ubuntu devstack@keystone.service[69432]: [pid: 69432|app: 0|req: 11/18] 10.201.5.82 () {56 vars in 1108 bytes} [Thu Aug 22 12:58:32 2024] GET /identity/v3/domains/default => generated 199 bytes in 51 msecs (HTTP/1.1 200) 5 headers in 177 bytes (2 switches on core 0)
Aug 22 12:58:32 ubuntu devstack@keystone.service[69433]: DEBUG keystone.server.flask.application [None req-fbf4f2ca-c19c-4210-89c0-0ce86f522148 None admin] Could not find domain: Default. {{(pid=69433) _handle_keystone_exception /opt/stack/keystone/keystone/server/flask/application.py:96}}
Aug 22 12:58:32 ubuntu devstack@keystone.service[69433]: [pid: 69433|app: 0|req: 8/19] 10.201.5.82 () {56 vars in 1108 bytes} [Thu Aug 22 12:58:32 2024] GET /identity/v3/domains/Default => generated 87 bytes in 76 msecs (HTTP/1.1 404) 5 headers in 183 bytes (2 switches on core 0)
Aug 22 12:58:32 ubuntu devstack@keystone.service[69432]: DEBUG keystone.server.flask.request_processing.middleware.auth_context [None req-1d4e4e69-f76f-4eb5-b638-04a53ec2e8d9 None admin] Authenticating user token {{(pid=69432) process_request /opt/stack/data/venv/lib/python3.10/site-packages/keystonemiddleware/auth_token/__init__.py:406}}
Aug 22 12:58:32 ubuntu devstack@keystone.service[69433]: DEBUG keystone.server.flask.request_processing.middleware.auth_context [None req-fbf4f2ca-c19c-4210-89c0-0ce86f522148 None admin] Authenticating user token {{(pid=69433) process_request /opt/stack/data/venv/lib/python3.10/site-packages/keystonemiddleware/auth_token/__init__.py:406}}
Aug 22 12:58:32 ubuntu devstack@keystone.service[69432]: DEBUG keystone.server.flask.request_processing.middleware.auth_context [None req-1d4e4e69-f76f-4eb5-b638-04a53ec2e8d9 None admin] Validating token access rules against request {{(pid=69432) validate_allowed_request /opt/stack/data/venv/lib/python3.10/site-packages/keystonemiddleware/auth_token/__init__.py:544}}
Aug 22 12:58:32 ubuntu devstack@keystone.service[69433]: DEBUG keystone.server.flask.request_processing.middleware.auth_context [None req-fbf4f2ca-c19c-4210-89c0-0ce86f522148 None admin] Validating token access rules against request {{(pid=69433) validate_allowed_request /opt/stack/data/venv/lib/python3.10/site-packages/keystonemiddleware/auth_token/__init__.py:544}}
Aug 22 12:58:32 ubuntu devstack@keystone.service[69433]: DEBUG keystone.server.flask.request_processing.middleware.auth_context [None req-66d6ee31-0c59-4de6-8467-f4776e944051 None admin] RBAC: auth_context: {'token': <TokenModel (audit_id=i6QQyYIHRqah6EdsII_o2A, audit_chain_id=['i6QQyYIHRqah6EdsII_o2A']) at 0x7f7c369810c0>, 'domain_id': None, 'trust_id': None, 'trustor_id': None, 'trustee_id': None, 'domain_name': None, 'group_ids': [], 'user_id': '17eef74443b64048ad256a0c40f5a8ca', 'user_domain_id': 'default', 'system_scope': 'all', 'project_id': None, 'project_domain_id': None, 'roles': ['admin', 'manager', 'member', 'reader'], 'is_admin_project': True, 'service_user_id': None, 'service_user_domain_id': None, 'service_project_id': None, 'service_project_domain_id': None, 'service_roles': []} {{(pid=69433) fill_context /opt/stack/keystone/keystone/server/flask/request_processing/middleware/auth_context.py:511}}
Aug 22 12:58:32 ubuntu devstack@keystone.service[69432]: DEBUG keystone.server.flask.request_processing.middleware.auth_context [None req-3dfe35de-0092-4a14-a5b3-d44d686bb298 None admin] RBAC: auth_context: {'token': <TokenModel (audit_id=BRhrFQz7TBK5u8iSeUsxAg, audit_chain_id=['BRhrFQz7TBK5u8iSeUsxAg']) at 0x7f7c36be7d00>, 'domain_id': None, 'trust_id': None, 'trustor_id': None, 'trustee_id': None, 'domain_name': None, 'group_ids': [], 'user_id': '17eef74443b64048ad256a0c40f5a8ca', 'user_domain_id': 'default', 'system_scope': 'all', 'project_id': None, 'project_domain_id': None, 'roles': ['admin', 'manager', 'member', 'reader'], 'is_admin_project': True, 'service_user_id': None, 'service_user_domain_id': None, 'service_project_id': None, 'service_project_domain_id': None, 'service_roles': []} {{(pid=69432) fill_context /opt/stack/keystone/keystone/server/flask/request_processing/middleware/auth_context.py:511}}
Aug 22 12:58:32 ubuntu devstack@keystone.service[69433]: DEBUG keystone.server.flask.request_processing.req_logging [None req-66d6ee31-0c59-4de6-8467-f4776e944051 None admin] REQUEST_METHOD: `PUT` {{(pid=69433) log_request_info /opt/stack/keystone/keystone/server/flask/request_processing/req_logging.py:27}}
Aug 22 12:58:32 ubuntu devstack@keystone.service[69432]: DEBUG keystone.server.flask.request_processing.req_logging [None req-3dfe35de-0092-4a14-a5b3-d44d686bb298 None admin] REQUEST_METHOD: `GET` {{(pid=69432) log_request_info /opt/stack/keystone/keystone/server/flask/request_processing/req_logging.py:27}}
Aug 22 12:58:32 ubuntu devstack@keystone.service[69433]: DEBUG keystone.server.flask.request_processing.req_logging [None req-66d6ee31-0c59-4de6-8467-f4776e944051 None admin] SCRIPT_NAME: `/identity` {{(pid=69433) log_request_info /opt/stack/keystone/keystone/server/flask/request_processing/req_logging.py:28}}
Aug 22 12:58:32 ubuntu devstack@keystone.service[69432]: DEBUG keystone.server.flask.request_processing.req_logging [None req-3dfe35de-0092-4a14-a5b3-d44d686bb298 None admin] SCRIPT_NAME: `/identity` {{(pid=69432) log_request_info /opt/stack/keystone/keystone/server/flask/request_processing/req_logging.py:28}}
Aug 22 12:58:32 ubuntu devstack@keystone.service[69433]: DEBUG keystone.server.flask.request_processing.req_logging [None req-66d6ee31-0c59-4de6-8467-f4776e944051 None admin] PATH_INFO: `/v3/domains/default/users/17eef74443b64048ad256a0c40f5a8ca/roles/514a26d25eb542e490636e08d8223ff7` {{(pid=69433) log_request_info /opt/stack/keystone/keystone/server/flask/request_processing/req_logging.py:29}}
Aug 22 12:58:32 ubuntu devstack@keystone.service[69432]: DEBUG keystone.server.flask.request_processing.req_logging [None req-3dfe35de-0092-4a14-a5b3-d44d686bb298 None admin] PATH_INFO: `/v3/domains` {{(pid=69432) log_request_info /opt/stack/keystone/keystone/server/flask/request_processing/req_logging.py:29}}
Aug 22 12:58:32 ubuntu devstack@keystone.service[69432]: DEBUG keystone.common.rbac_enforcer.enforcer [None req-3dfe35de-0092-4a14-a5b3-d44d686bb298 None admin] RBAC: Adding query filter params (name=Default) {{(pid=69432) _extract_filter_values /opt/stack/keystone/keystone/common/rbac_enforcer/enforcer.py:185}}
Aug 22 12:58:32 ubuntu devstack@keystone.service[69432]: DEBUG keystone.common.rbac_enforcer.enforcer [None req-3dfe35de-0092-4a14-a5b3-d44d686bb298 None admin] RBAC: Authorizing `identity:list_domains()` {{(pid=69432) enforce_call /opt/stack/keystone/keystone/common/rbac_enforcer/enforcer.py:504}}
Aug 22 12:58:32 ubuntu devstack@keystone.service[69433]: DEBUG keystone.common.rbac_enforcer.enforcer [None req-66d6ee31-0c59-4de6-8467-f4776e944051 None admin] RBAC: Authorizing `identity:create_grant(domain_id=default, user_id=17eef74443b64048ad256a0c40f5a8ca, role_id=514a26d25eb542e490636e08d8223ff7)` {{(pid=69433) enforce_call /opt/stack/keystone/keystone/common/rbac_enforcer/enforcer.py:504}}
Aug 22 12:58:32 ubuntu devstack@keystone.service[69432]: DEBUG keystone.common.rbac_enforcer.enforcer [None req-3dfe35de-0092-4a14-a5b3-d44d686bb298 None admin] RBAC: Authorization granted {{(pid=69432) enforce_call /opt/stack/keystone/keystone/common/rbac_enforcer/enforcer.py:515}}
Aug 22 12:58:32 ubuntu devstack@keystone.service[69433]: DEBUG keystone.common.rbac_enforcer.enforcer [None req-66d6ee31-0c59-4de6-8467-f4776e944051 None admin] RBAC: Authorization granted {{(pid=69433) enforce_call /opt/stack/keystone/keystone/common/rbac_enforcer/enforcer.py:515}}
Aug 22 12:58:32 ubuntu devstack@keystone.service[69432]: [pid: 69432|app: 0|req: 12/20] 10.201.5.82 () {56 vars in 1109 bytes} [Thu Aug 22 12:58:32 2024] GET /identity/v3/domains?name=Default => generated 308 bytes in 59 msecs (HTTP/1.1 200) 5 headers in 177 bytes (2 switches on core 0)
Aug 22 12:58:32 ubuntu devstack@keystone.service[69433]: [pid: 69433|app: 0|req: 9/21] 10.201.5.82 () {58 vars in 1361 bytes} [Thu Aug 22 12:58:32 2024] PUT /identity/v3/domains/default/users/17eef74443b64048ad256a0c40f5a8ca/roles/514a26d25eb542e490636e08d8223ff7 => generated 0 bytes in 125 msecs (HTTP/1.1 204) 3 headers in 132 bytes (0 switches on core 0)
Aug 22 12:58:34 ubuntu devstack@keystone.service[69432]: DEBUG keystone.server.flask.request_processing.req_logging [None req-6850da4f-71eb-4d7e-8e4d-a9b4745a9cc4 None None] REQUEST_METHOD: `GET` {{(pid=69432) log_request_info /opt/stack/keystone/keystone/server/flask/request_processing/req_logging.py:27}}
Aug 22 12:58:34 ubuntu devstack@keystone.service[69432]: DEBUG keystone.server.flask.request_processing.req_logging [None req-6850da4f-71eb-4d7e-8e4d-a9b4745a9cc4 None None] SCRIPT_NAME: `/identity` {{(pid=69432) log_request_info /opt/stack/keystone/keystone/server/flask/request_processing/req_logging.py:28}}
Aug 22 12:58:34 ubuntu devstack@keystone.service[69432]: DEBUG keystone.server.flask.request_processing.req_logging [None req-6850da4f-71eb-4d7e-8e4d-a9b4745a9cc4 None None] PATH_INFO: `/` {{(pid=69432) log_request_info /opt/stack/keystone/keystone/server/flask/request_processing/req_logging.py:29}}
Aug 22 12:58:34 ubuntu devstack@keystone.service[69432]: [pid: 69432|app: 0|req: 13/22] 10.201.5.82 () {54 vars in 926 bytes} [Thu Aug 22 12:58:34 2024] GET /identity => generated 270 bytes in 1 msecs (HTTP/1.1 300) 6 headers in 234 bytes (1 switches on core 0)
Aug 22 12:58:34 ubuntu devstack@keystone.service[69433]: DEBUG keystone.server.flask.request_processing.req_logging [None req-f2d9d760-229d-4db7-9db4-e94f0d18af63 None None] REQUEST_METHOD: `POST` {{(pid=69433) log_request_info /opt/stack/keystone/keystone/server/flask/request_processing/req_logging.py:27}}
Aug 22 12:58:34 ubuntu devstack@keystone.service[69433]: DEBUG keystone.server.flask.request_processing.req_logging [None req-f2d9d760-229d-4db7-9db4-e94f0d18af63 None None] SCRIPT_NAME: `/identity` {{(pid=69433) log_request_info /opt/stack/keystone/keystone/server/flask/request_processing/req_logging.py:28}}
Aug 22 12:58:34 ubuntu devstack@keystone.service[69433]: DEBUG keystone.server.flask.request_processing.req_logging [None req-f2d9d760-229d-4db7-9db4-e94f0d18af63 None None] PATH_INFO: `/v3/auth/tokens` {{(pid=69433) log_request_info /opt/stack/keystone/keystone/server/flask/request_processing/req_logging.py:29}}
Aug 22 12:58:34 ubuntu devstack@keystone.service[69433]: WARNING keystone.common.password_hashing [None req-f2d9d760-229d-4db7-9db4-e94f0d18af63 None None] Truncating password to algorithm specific maximum length 72 characters.
Aug 22 12:58:34 ubuntu devstack@keystone.service[69433]: DEBUG keystone.auth.core [None req-f2d9d760-229d-4db7-9db4-e94f0d18af63 None None] MFA Rules not processed for user `17eef74443b64048ad256a0c40f5a8ca`. Rule list: `[]` (Enabled: `True`). {{(pid=69433) check_auth_methods_against_rules /opt/stack/keystone/keystone/auth/core.py:477}}
Aug 22 12:58:34 ubuntu devstack@keystone.service[69433]: DEBUG keystone.common.fernet_utils [None req-f2d9d760-229d-4db7-9db4-e94f0d18af63 None None] Loaded 2 Fernet keys from /etc/keystone/fernet-keys/, but `[fernet_tokens] max_active_keys = 3`; perhaps there have not been enough key rotations to reach `max_active_keys` yet? {{(pid=69433) load_keys /opt/stack/keystone/keystone/common/fernet_utils.py:299}}
Aug 22 12:58:34 ubuntu devstack@keystone.service[69433]: [pid: 69433|app: 0|req: 10/23] 10.201.5.82 () {58 vars in 1023 bytes} [Thu Aug 22 12:58:34 2024] POST /identity/v3/auth/tokens => generated 862 bytes in 55 msecs (HTTP/1.1 201) 6 headers in 363 bytes (1 switches on core 0)
Aug 22 12:58:34 ubuntu devstack@keystone.service[69432]: DEBUG keystone.server.flask.request_processing.middleware.auth_context [None req-6850da4f-71eb-4d7e-8e4d-a9b4745a9cc4 None None] Authenticating user token {{(pid=69432) process_request /opt/stack/data/venv/lib/python3.10/site-packages/keystonemiddleware/auth_token/__init__.py:406}}
Aug 22 12:58:34 ubuntu devstack@keystone.service[69432]: DEBUG keystone.server.flask.request_processing.middleware.auth_context [None req-6850da4f-71eb-4d7e-8e4d-a9b4745a9cc4 None None] Validating token access rules against request {{(pid=69432) validate_allowed_request /opt/stack/data/venv/lib/python3.10/site-packages/keystonemiddleware/auth_token/__init__.py:544}}
Aug 22 12:58:34 ubuntu devstack@keystone.service[69432]: DEBUG keystone.server.flask.request_processing.middleware.auth_context [None req-d9beba20-473a-4694-b168-1db4859e27c1 None admin] RBAC: auth_context: {'token': <TokenModel (audit_id=hSL_pPTDRRKWR3ENYbzqaQ, audit_chain_id=['hSL_pPTDRRKWR3ENYbzqaQ']) at 0x7f7c36be71c0>, 'domain_id': None, 'trust_id': None, 'trustor_id': None, 'trustee_id': None, 'domain_name': None, 'group_ids': [], 'user_id': '17eef74443b64048ad256a0c40f5a8ca', 'user_domain_id': 'default', 'system_scope': 'all', 'project_id': None, 'project_domain_id': None, 'roles': ['admin', 'manager', 'member', 'reader'], 'is_admin_project': True, 'service_user_id': None, 'service_user_domain_id': None, 'service_project_id': None, 'service_project_domain_id': None, 'service_roles': []} {{(pid=69432) fill_context /opt/stack/keystone/keystone/server/flask/request_processing/middleware/auth_context.py:511}}
Aug 22 12:58:34 ubuntu devstack@keystone.service[69432]: DEBUG keystone.server.flask.request_processing.req_logging [None req-d9beba20-473a-4694-b168-1db4859e27c1 None admin] REQUEST_METHOD: `GET` {{(pid=69432) log_request_info /opt/stack/keystone/keystone/server/flask/request_processing/req_logging.py:27}}
Aug 22 12:58:34 ubuntu devstack@keystone.service[69432]: DEBUG keystone.server.flask.request_processing.req_logging [None req-d9beba20-473a-4694-b168-1db4859e27c1 None admin] SCRIPT_NAME: `/identity` {{(pid=69432) log_request_info /opt/stack/keystone/keystone/server/flask/request_processing/req_logging.py:28}}
Aug 22 12:58:34 ubuntu devstack@keystone.service[69432]: DEBUG keystone.server.flask.request_processing.req_logging [None req-d9beba20-473a-4694-b168-1db4859e27c1 None admin] PATH_INFO: `/v3/roles/admin` {{(pid=69432) log_request_info /opt/stack/keystone/keystone/server/flask/request_processing/req_logging.py:29}}
Aug 22 12:58:34 ubuntu devstack@keystone.service[69432]: DEBUG keystone.common.rbac_enforcer.enforcer [None req-d9beba20-473a-4694-b168-1db4859e27c1 None admin] Extracting inferred target data resulted in "NOT FOUND (404)". {{(pid=69432) enforce_call /opt/stack/keystone/keystone/common/rbac_enforcer/enforcer.py:454}}
Aug 22 12:58:34 ubuntu devstack@keystone.service[69432]: DEBUG keystone.server.flask.application [None req-d9beba20-473a-4694-b168-1db4859e27c1 None admin] Could not find role: admin. {{(pid=69432) _handle_keystone_exception /opt/stack/keystone/keystone/server/flask/application.py:96}}
Aug 22 12:58:34 ubuntu devstack@keystone.service[69432]: [pid: 69432|app: 0|req: 14/24] 10.201.5.82 () {56 vars in 1096 bytes} [Thu Aug 22 12:58:34 2024] GET /identity/v3/roles/admin => generated 83 bytes in 64 msecs (HTTP/1.1 404) 5 headers in 183 bytes (1 switches on core 0)
Aug 22 12:58:34 ubuntu devstack@keystone.service[69433]: DEBUG keystone.server.flask.request_processing.middleware.auth_context [None req-f2d9d760-229d-4db7-9db4-e94f0d18af63 None None] Authenticating user token {{(pid=69433) process_request /opt/stack/data/venv/lib/python3.10/site-packages/keystonemiddleware/auth_token/__init__.py:406}}
Aug 22 12:58:34 ubuntu devstack@keystone.service[69433]: DEBUG keystone.server.flask.request_processing.middleware.auth_context [None req-f2d9d760-229d-4db7-9db4-e94f0d18af63 None None] Validating token access rules against request {{(pid=69433) validate_allowed_request /opt/stack/data/venv/lib/python3.10/site-packages/keystonemiddleware/auth_token/__init__.py:544}}
Aug 22 12:58:34 ubuntu devstack@keystone.service[69432]: DEBUG keystone.server.flask.request_processing.req_logging [None req-4a1b21f0-fc90-489c-83f9-f4211ae473b3 None None] REQUEST_METHOD: `GET` {{(pid=69432) log_request_info /opt/stack/keystone/keystone/server/flask/request_processing/req_logging.py:27}}
Aug 22 12:58:34 ubuntu devstack@keystone.service[69432]: DEBUG keystone.server.flask.request_processing.req_logging [None req-4a1b21f0-fc90-489c-83f9-f4211ae473b3 None None] SCRIPT_NAME: `/identity` {{(pid=69432) log_request_info /opt/stack/keystone/keystone/server/flask/request_processing/req_logging.py:28}}
Aug 22 12:58:34 ubuntu devstack@keystone.service[69432]: DEBUG keystone.server.flask.request_processing.req_logging [None req-4a1b21f0-fc90-489c-83f9-f4211ae473b3 None None] PATH_INFO: `/` {{(pid=69432) log_request_info /opt/stack/keystone/keystone/server/flask/request_processing/req_logging.py:29}}
Aug 22 12:58:34 ubuntu devstack@keystone.service[69432]: [pid: 69432|app: 0|req: 15/25] 10.201.5.82 () {54 vars in 926 bytes} [Thu Aug 22 12:58:34 2024] GET /identity => generated 270 bytes in 2 msecs (HTTP/1.1 300) 6 headers in 234 bytes (2 switches on core 0)
Aug 22 12:58:34 ubuntu devstack@keystone.service[69433]: DEBUG keystone.server.flask.request_processing.middleware.auth_context [None req-d268f6f7-46d2-439b-90e9-8907c37926cf None admin] RBAC: auth_context: {'token': <TokenModel (audit_id=hSL_pPTDRRKWR3ENYbzqaQ, audit_chain_id=['hSL_pPTDRRKWR3ENYbzqaQ']) at 0x7f7c36982650>, 'domain_id': None, 'trust_id': None, 'trustor_id': None, 'trustee_id': None, 'domain_name': None, 'group_ids': [], 'user_id': '17eef74443b64048ad256a0c40f5a8ca', 'user_domain_id': 'default', 'system_scope': 'all', 'project_id': None, 'project_domain_id': None, 'roles': ['admin', 'manager', 'member', 'reader'], 'is_admin_project': True, 'service_user_id': None, 'service_user_domain_id': None, 'service_project_id': None, 'service_project_domain_id': None, 'service_roles': []} {{(pid=69433) fill_context /opt/stack/keystone/keystone/server/flask/request_processing/middleware/auth_context.py:511}}
Aug 22 12:58:34 ubuntu devstack@keystone.service[69433]: DEBUG keystone.server.flask.request_processing.req_logging [None req-d268f6f7-46d2-439b-90e9-8907c37926cf None admin] REQUEST_METHOD: `GET` {{(pid=69433) log_request_info /opt/stack/keystone/keystone/server/flask/request_processing/req_logging.py:27}}
Aug 22 12:58:34 ubuntu devstack@keystone.service[69433]: DEBUG keystone.server.flask.request_processing.req_logging [None req-d268f6f7-46d2-439b-90e9-8907c37926cf None admin] SCRIPT_NAME: `/identity` {{(pid=69433) log_request_info /opt/stack/keystone/keystone/server/flask/request_processing/req_logging.py:28}}
Aug 22 12:58:34 ubuntu devstack@keystone.service[69433]: DEBUG keystone.server.flask.request_processing.req_logging [None req-d268f6f7-46d2-439b-90e9-8907c37926cf None admin] PATH_INFO: `/v3/roles` {{(pid=69433) log_request_info /opt/stack/keystone/keystone/server/flask/request_processing/req_logging.py:29}}
Aug 22 12:58:34 ubuntu devstack@keystone.service[69432]: DEBUG keystone.server.flask.request_processing.req_logging [None req-d5c2bcb0-33ef-40e8-bdc5-62f24a131c6d None None] REQUEST_METHOD: `POST` {{(pid=69432) log_request_info /opt/stack/keystone/keystone/server/flask/request_processing/req_logging.py:27}}
Aug 22 12:58:34 ubuntu devstack@keystone.service[69432]: DEBUG keystone.server.flask.request_processing.req_logging [None req-d5c2bcb0-33ef-40e8-bdc5-62f24a131c6d None None] SCRIPT_NAME: `/identity` {{(pid=69432) log_request_info /opt/stack/keystone/keystone/server/flask/request_processing/req_logging.py:28}}
Aug 22 12:58:34 ubuntu devstack@keystone.service[69433]: DEBUG keystone.common.rbac_enforcer.enforcer [None req-d268f6f7-46d2-439b-90e9-8907c37926cf None admin] RBAC: Adding query filter params (name=admin) {{(pid=69433) _extract_filter_values /opt/stack/keystone/keystone/common/rbac_enforcer/enforcer.py:185}}
Aug 22 12:58:34 ubuntu devstack@keystone.service[69432]: DEBUG keystone.server.flask.request_processing.req_logging [None req-d5c2bcb0-33ef-40e8-bdc5-62f24a131c6d None None] PATH_INFO: `/v3/auth/tokens` {{(pid=69432) log_request_info /opt/stack/keystone/keystone/server/flask/request_processing/req_logging.py:29}}
Aug 22 12:58:34 ubuntu devstack@keystone.service[69433]: DEBUG keystone.common.rbac_enforcer.enforcer [None req-d268f6f7-46d2-439b-90e9-8907c37926cf None admin] RBAC: Authorizing `identity:list_roles()` {{(pid=69433) enforce_call /opt/stack/keystone/keystone/common/rbac_enforcer/enforcer.py:504}}
Aug 22 12:58:34 ubuntu devstack@keystone.service[69433]: DEBUG keystone.common.rbac_enforcer.enforcer [None req-d268f6f7-46d2-439b-90e9-8907c37926cf None admin] RBAC: Authorization granted {{(pid=69433) enforce_call /opt/stack/keystone/keystone/common/rbac_enforcer/enforcer.py:515}}
Aug 22 12:58:34 ubuntu devstack@keystone.service[69433]: [pid: 69433|app: 0|req: 11/26] 10.201.5.82 () {56 vars in 1099 bytes} [Thu Aug 22 12:58:34 2024] GET /identity/v3/roles?name=admin => generated 339 bytes in 89 msecs (HTTP/1.1 200) 5 headers in 177 bytes (1 switches on core 0)
Aug 22 12:58:34 ubuntu devstack@keystone.service[69432]: WARNING keystone.common.password_hashing [None req-d5c2bcb0-33ef-40e8-bdc5-62f24a131c6d None None] Truncating password to algorithm specific maximum length 72 characters.
Aug 22 12:58:34 ubuntu devstack@keystone.service[69433]: DEBUG keystone.server.flask.request_processing.middleware.auth_context [None req-d268f6f7-46d2-439b-90e9-8907c37926cf None admin] Authenticating user token {{(pid=69433) process_request /opt/stack/data/venv/lib/python3.10/site-packages/keystonemiddleware/auth_token/__init__.py:406}}
Aug 22 12:58:34 ubuntu devstack@keystone.service[69432]: DEBUG passlib.handlers.bcrypt [None req-d5c2bcb0-33ef-40e8-bdc5-62f24a131c6d None None] detected 'bcrypt' backend, version '4.0.1' {{(pid=69432) _load_backend_mixin /opt/stack/data/venv/lib/python3.10/site-packages/passlib/handlers/bcrypt.py:625}}
Aug 22 12:58:34 ubuntu devstack@keystone.service[69432]: DEBUG passlib.handlers.bcrypt [None req-d5c2bcb0-33ef-40e8-bdc5-62f24a131c6d None None] 'bcrypt' backend lacks $2$ support, enabling workaround {{(pid=69432) _finalize_backend_mixin /opt/stack/data/venv/lib/python3.10/site-packages/passlib/handlers/bcrypt.py:406}}
