Dec 12 08:12:12 ubuntu devstack@keystone.service[68748]: DEBUG keystone.server.flask.request_processing.req_logging [None req-9e476f0c-d503-4bd3-a5a9-644bfac12598 None None] SCRIPT_NAME: `/identity` {{(pid=68748) log_request_info /opt/stack/keystone/keystone/server/flask/request_processing/req_logging.py:27}}
Dec 12 08:12:12 ubuntu devstack@keystone.service[68748]: DEBUG keystone.server.flask.request_processing.req_logging [None req-9e476f0c-d503-4bd3-a5a9-644bfac12598 None None] PATH_INFO: `/` {{(pid=68748) log_request_info /opt/stack/keystone/keystone/server/flask/request_processing/req_logging.py:28}}
Dec 12 08:12:12 ubuntu devstack@keystone.service[68748]: [pid: 68748|app: 0|req: 2/2] 10.201.5.82 () {54 vars in 918 bytes} [Thu Dec 12 08:12:12 2024] GET /identity => generated 270 bytes in 4 msecs (HTTP/1.1 300) 6 headers in 234 bytes (1 switches on core 0)
Dec 12 08:12:12 ubuntu devstack@keystone.service[68747]: DEBUG keystone.server.flask.request_processing.req_logging [None req-ab0d97dd-73d7-44b0-8e48-9a1b98405e5e None None] REQUEST_METHOD: `POST` {{(pid=68747) log_request_info /opt/stack/keystone/keystone/server/flask/request_processing/req_logging.py:26}}
Dec 12 08:12:12 ubuntu devstack@keystone.service[68747]: DEBUG keystone.server.flask.request_processing.req_logging [None req-ab0d97dd-73d7-44b0-8e48-9a1b98405e5e None None] SCRIPT_NAME: `/identity` {{(pid=68747) log_request_info /opt/stack/keystone/keystone/server/flask/request_processing/req_logging.py:27}}
Dec 12 08:12:12 ubuntu devstack@keystone.service[68747]: DEBUG keystone.server.flask.request_processing.req_logging [None req-ab0d97dd-73d7-44b0-8e48-9a1b98405e5e None None] PATH_INFO: `/v3/auth/tokens` {{(pid=68747) log_request_info /opt/stack/keystone/keystone/server/flask/request_processing/req_logging.py:28}}
Dec 12 08:12:12 ubuntu devstack@keystone.service[68747]: INFO dbcounter [None req-ab0d97dd-73d7-44b0-8e48-9a1b98405e5e None None] Registered counter for database keystone
Dec 12 08:12:12 ubuntu devstack@keystone.service[68747]: DEBUG oslo_db.sqlalchemy.engines [None req-ab0d97dd-73d7-44b0-8e48-9a1b98405e5e None None] MySQL server mode set to STRICT_TRANS_TABLES,STRICT_ALL_TABLES,NO_ZERO_IN_DATE,NO_ZERO_DATE,ERROR_FOR_DIVISION_BY_ZERO,TRADITIONAL,NO_ENGINE_SUBSTITUTION {{(pid=68747) _check_effective_sql_mode /opt/stack/data/venv/lib/python3.10/site-packages/oslo_db/sqlalchemy/engines.py:342}}
Dec 12 08:12:12 ubuntu devstack@keystone.service[68747]: DEBUG dbcounter [-] [68747] Writer thread running {{(pid=68747) stat_writer /opt/stack/data/venv/lib/python3.10/site-packages/dbcounter.py:102}}
Dec 12 08:12:12 ubuntu devstack@keystone.service[68747]: WARNING keystone.common.password_hashing [None req-ab0d97dd-73d7-44b0-8e48-9a1b98405e5e None None] Truncating password to algorithm specific maximum length 72 characters.
Dec 12 08:12:12 ubuntu devstack@keystone.service[68747]: DEBUG keystone.auth.core [None req-ab0d97dd-73d7-44b0-8e48-9a1b98405e5e None None] MFA Rules not processed for user `bc3a05a958884a979df003205a4802f1`. Rule list: `[]` (Enabled: `True`). {{(pid=68747) check_auth_methods_against_rules /opt/stack/keystone/keystone/auth/core.py:476}}
Dec 12 08:12:12 ubuntu devstack@keystone.service[68747]: DEBUG keystone.common.fernet_utils [None req-ab0d97dd-73d7-44b0-8e48-9a1b98405e5e None None] Loaded 2 Fernet keys from /etc/keystone/fernet-keys/, but `[fernet_tokens] max_active_keys = 3`; perhaps there have not been enough key rotations to reach `max_active_keys` yet? {{(pid=68747) load_keys /opt/stack/keystone/keystone/common/fernet_utils.py:297}}
Dec 12 08:12:12 ubuntu devstack@keystone.service[68747]: [pid: 68747|app: 0|req: 1/3] 10.201.5.82 () {58 vars in 1015 bytes} [Thu Dec 12 08:12:12 2024] POST /identity/v3/auth/tokens => generated 977 bytes in 240 msecs (HTTP/1.1 201) 6 headers in 384 bytes (2 switches on core 0)
Dec 12 08:12:12 ubuntu devstack@keystone.service[68748]: DEBUG keystone.server.flask.request_processing.middleware.auth_context [None req-9e476f0c-d503-4bd3-a5a9-644bfac12598 None None] Authenticating user token {{(pid=68748) process_request /opt/stack/data/venv/lib/python3.10/site-packages/keystonemiddleware/auth_token/__init__.py:406}}
Dec 12 08:12:12 ubuntu devstack@keystone.service[68748]: INFO dbcounter [None req-9e476f0c-d503-4bd3-a5a9-644bfac12598 None None] Registered counter for database keystone
Dec 12 08:12:12 ubuntu devstack@keystone.service[68748]: DEBUG oslo_db.sqlalchemy.engines [None req-9e476f0c-d503-4bd3-a5a9-644bfac12598 None None] MySQL server mode set to STRICT_TRANS_TABLES,STRICT_ALL_TABLES,NO_ZERO_IN_DATE,NO_ZERO_DATE,ERROR_FOR_DIVISION_BY_ZERO,TRADITIONAL,NO_ENGINE_SUBSTITUTION {{(pid=68748) _check_effective_sql_mode /opt/stack/data/venv/lib/python3.10/site-packages/oslo_db/sqlalchemy/engines.py:342}}
Dec 12 08:12:12 ubuntu devstack@keystone.service[68748]: DEBUG dbcounter [-] [68748] Writer thread running {{(pid=68748) stat_writer /opt/stack/data/venv/lib/python3.10/site-packages/dbcounter.py:102}}
Dec 12 08:12:12 ubuntu devstack@keystone.service[68748]: DEBUG keystone.server.flask.request_processing.middleware.auth_context [None req-9e476f0c-d503-4bd3-a5a9-644bfac12598 None None] Validating token access rules against request {{(pid=68748) validate_allowed_request /opt/stack/data/venv/lib/python3.10/site-packages/keystonemiddleware/auth_token/__init__.py:544}}
Dec 12 08:12:12 ubuntu devstack@keystone.service[68748]: DEBUG keystone.server.flask.request_processing.middleware.auth_context [None req-89f9fdf2-90c1-4dae-8879-96d25fb02582 admin admin] RBAC: auth_context: {'token': <TokenModel (audit_id=Uv7VtTAJRX6zfjE9Aj90Yw, audit_chain_id=['Uv7VtTAJRX6zfjE9Aj90Yw']) at 0x7f395c5d9870>, 'domain_id': None, 'trust_id': None, 'trustor_id': None, 'trustee_id': None, 'domain_name': None, 'group_ids': [], 'user_id': 'bc3a05a958884a979df003205a4802f1', 'user_domain_id': 'default', 'system_scope': None, 'project_id': '748f03a36e0a493b8b94685905ce7a9a', 'project_domain_id': 'default', 'roles': ['member', 'reader', 'admin', 'manager'], 'is_admin_project': True, 'service_user_id': None, 'service_user_domain_id': None, 'service_project_id': None, 'service_project_domain_id': None, 'service_roles': []} {{(pid=68748) fill_context /opt/stack/keystone/keystone/server/flask/request_processing/middleware/auth_context.py:506}}
Dec 12 08:12:12 ubuntu devstack@keystone.service[68748]: DEBUG keystone.server.flask.request_processing.req_logging [None req-89f9fdf2-90c1-4dae-8879-96d25fb02582 admin admin] REQUEST_METHOD: `GET` {{(pid=68748) log_request_info /opt/stack/keystone/keystone/server/flask/request_processing/req_logging.py:26}}
Dec 12 08:12:12 ubuntu devstack@keystone.service[68748]: DEBUG keystone.server.flask.request_processing.req_logging [None req-89f9fdf2-90c1-4dae-8879-96d25fb02582 admin admin] SCRIPT_NAME: `/identity` {{(pid=68748) log_request_info /opt/stack/keystone/keystone/server/flask/request_processing/req_logging.py:27}}
Dec 12 08:12:12 ubuntu devstack@keystone.service[68748]: DEBUG keystone.server.flask.request_processing.req_logging [None req-89f9fdf2-90c1-4dae-8879-96d25fb02582 admin admin] PATH_INFO: `/v3/auth/tokens` {{(pid=68748) log_request_info /opt/stack/keystone/keystone/server/flask/request_processing/req_logging.py:28}}
Dec 12 08:12:12 ubuntu devstack@keystone.service[68748]: DEBUG keystone.common.rbac_enforcer.enforcer [None req-89f9fdf2-90c1-4dae-8879-96d25fb02582 admin admin] RBAC: Authorizing `identity:validate_token()` {{(pid=68748) enforce_call /opt/stack/keystone/keystone/common/rbac_enforcer/enforcer.py:495}}
Dec 12 08:12:12 ubuntu devstack@keystone.service[68748]: WARNING keystone.common.rbac_enforcer.enforcer [None req-89f9fdf2-90c1-4dae-8879-96d25fb02582 admin admin] Deprecated policy rules found. Use oslopolicy-policy-generator and oslopolicy-policy-upgrade to detect and resolve deprecated policies in your configuration.
Dec 12 08:12:12 ubuntu devstack@keystone.service[68748]: DEBUG keystone.common.rbac_enforcer.enforcer [None req-89f9fdf2-90c1-4dae-8879-96d25fb02582 admin admin] RBAC: Authorization granted {{(pid=68748) enforce_call /opt/stack/keystone/keystone/common/rbac_enforcer/enforcer.py:506}}
Dec 12 08:12:12 ubuntu devstack@keystone.service[68748]: [pid: 68748|app: 0|req: 3/4] 10.201.5.82 () {58 vars in 1316 bytes} [Thu Dec 12 08:12:12 2024] GET /identity/v3/auth/tokens => generated 977 bytes in 175 msecs (HTTP/1.1 200) 6 headers in 379 bytes (1 switches on core 0)
Dec 12 08:12:12 ubuntu devstack@keystone.service[68747]: DEBUG keystone.server.flask.request_processing.middleware.auth_context [None req-ab0d97dd-73d7-44b0-8e48-9a1b98405e5e None None] Authenticating user token {{(pid=68747) process_request /opt/stack/data/venv/lib/python3.10/site-packages/keystonemiddleware/auth_token/__init__.py:406}}
Dec 12 08:12:12 ubuntu devstack@keystone.service[68747]: DEBUG keystone.server.flask.request_processing.middleware.auth_context [None req-ab0d97dd-73d7-44b0-8e48-9a1b98405e5e None None] Validating token access rules against request {{(pid=68747) validate_allowed_request /opt/stack/data/venv/lib/python3.10/site-packages/keystonemiddleware/auth_token/__init__.py:544}}
Dec 12 08:12:12 ubuntu devstack@keystone.service[68747]: DEBUG keystone.server.flask.request_processing.middleware.auth_context [None req-ff9690a0-6496-4518-a8a1-2d6e1fef0163 admin admin] RBAC: auth_context: {'token': <TokenModel (audit_id=Uv7VtTAJRX6zfjE9Aj90Yw, audit_chain_id=['Uv7VtTAJRX6zfjE9Aj90Yw']) at 0x7f395c605210>, 'domain_id': None, 'trust_id': None, 'trustor_id': None, 'trustee_id': None, 'domain_name': None, 'group_ids': [], 'user_id': 'bc3a05a958884a979df003205a4802f1', 'user_domain_id': 'default', 'system_scope': None, 'project_id': '748f03a36e0a493b8b94685905ce7a9a', 'project_domain_id': 'default', 'roles': ['member', 'reader', 'admin', 'manager'], 'is_admin_project': True, 'service_user_id': None, 'service_user_domain_id': None, 'service_project_id': None, 'service_project_domain_id': None, 'service_roles': []} {{(pid=68747) fill_context /opt/stack/keystone/keystone/server/flask/request_processing/middleware/auth_context.py:506}}
Dec 12 08:12:12 ubuntu devstack@keystone.service[68747]: DEBUG keystone.server.flask.request_processing.req_logging [None req-ff9690a0-6496-4518-a8a1-2d6e1fef0163 admin admin] REQUEST_METHOD: `GET` {{(pid=68747) log_request_info /opt/stack/keystone/keystone/server/flask/request_processing/req_logging.py:26}}
Dec 12 08:12:12 ubuntu devstack@keystone.service[68747]: DEBUG keystone.server.flask.request_processing.req_logging [None req-ff9690a0-6496-4518-a8a1-2d6e1fef0163 admin admin] SCRIPT_NAME: `/identity` {{(pid=68747) log_request_info /opt/stack/keystone/keystone/server/flask/request_processing/req_logging.py:27}}
Dec 12 08:12:12 ubuntu devstack@keystone.service[68747]: DEBUG keystone.server.flask.request_processing.req_logging [None req-ff9690a0-6496-4518-a8a1-2d6e1fef0163 admin admin] PATH_INFO: `/v3/projects/748f03a36e0a493b8b94685905ce7a9a` {{(pid=68747) log_request_info /opt/stack/keystone/keystone/server/flask/request_processing/req_logging.py:28}}
Dec 12 08:12:12 ubuntu devstack@keystone.service[68747]: DEBUG keystone.common.rbac_enforcer.enforcer [None req-ff9690a0-6496-4518-a8a1-2d6e1fef0163 admin admin] RBAC: Authorizing `identity:get_project(project_id=748f03a36e0a493b8b94685905ce7a9a)` {{(pid=68747) enforce_call /opt/stack/keystone/keystone/common/rbac_enforcer/enforcer.py:495}}
Dec 12 08:12:12 ubuntu devstack@keystone.service[68747]: WARNING keystone.common.rbac_enforcer.enforcer [None req-ff9690a0-6496-4518-a8a1-2d6e1fef0163 admin admin] Deprecated policy rules found. Use oslopolicy-policy-generator and oslopolicy-policy-upgrade to detect and resolve deprecated policies in your configuration.
Dec 12 08:12:12 ubuntu devstack@keystone.service[68747]: DEBUG keystone.common.rbac_enforcer.enforcer [None req-ff9690a0-6496-4518-a8a1-2d6e1fef0163 admin admin] RBAC: Authorization granted {{(pid=68747) enforce_call /opt/stack/keystone/keystone/common/rbac_enforcer/enforcer.py:506}}
Dec 12 08:12:12 ubuntu devstack@keystone.service[68747]: [pid: 68747|app: 0|req: 2/5] 10.201.5.82 () {56 vars in 1199 bytes} [Thu Dec 12 08:12:12 2024] GET /identity/v3/projects/748f03a36e0a493b8b94685905ce7a9a => generated 344 bytes in 28 msecs (HTTP/1.1 200) 5 headers in 177 bytes (1 switches on core 0)
Dec 12 08:12:13 ubuntu devstack@keystone.service[68748]: DEBUG keystone.server.flask.request_processing.req_logging [None req-0bc05ffe-80bc-4aa7-9f29-3a560df57676 None None] REQUEST_METHOD: `GET` {{(pid=68748) log_request_info /opt/stack/keystone/keystone/server/flask/request_processing/req_logging.py:26}}
Dec 12 08:12:13 ubuntu devstack@keystone.service[68748]: DEBUG keystone.server.flask.request_processing.req_logging [None req-0bc05ffe-80bc-4aa7-9f29-3a560df57676 None None] SCRIPT_NAME: `/identity` {{(pid=68748) log_request_info /opt/stack/keystone/keystone/server/flask/request_processing/req_logging.py:27}}
Dec 12 08:12:13 ubuntu devstack@keystone.service[68748]: DEBUG keystone.server.flask.request_processing.req_logging [None req-0bc05ffe-80bc-4aa7-9f29-3a560df57676 None None] PATH_INFO: `/` {{(pid=68748) log_request_info /opt/stack/keystone/keystone/server/flask/request_processing/req_logging.py:28}}
Dec 12 08:12:13 ubuntu devstack@keystone.service[68748]: [pid: 68748|app: 0|req: 4/6] 10.201.5.82 () {54 vars in 918 bytes} [Thu Dec 12 08:12:13 2024] GET /identity => generated 270 bytes in 6 msecs (HTTP/1.1 300) 6 headers in 234 bytes (1 switches on core 0)
Dec 12 08:12:13 ubuntu devstack@keystone.service[68747]: DEBUG keystone.server.flask.request_processing.req_logging [None req-69c37b1d-1ee1-4ee0-a61b-b9d4a1949e7d None None] REQUEST_METHOD: `POST` {{(pid=68747) log_request_info /opt/stack/keystone/keystone/server/flask/request_processing/req_logging.py:26}}
Dec 12 08:12:13 ubuntu devstack@keystone.service[68747]: DEBUG keystone.server.flask.request_processing.req_logging [None req-69c37b1d-1ee1-4ee0-a61b-b9d4a1949e7d None None] SCRIPT_NAME: `/identity` {{(pid=68747) log_request_info /opt/stack/keystone/keystone/server/flask/request_processing/req_logging.py:27}}
Dec 12 08:12:13 ubuntu devstack@keystone.service[68747]: DEBUG keystone.server.flask.request_processing.req_logging [None req-69c37b1d-1ee1-4ee0-a61b-b9d4a1949e7d None None] PATH_INFO: `/v3/auth/tokens` {{(pid=68747) log_request_info /opt/stack/keystone/keystone/server/flask/request_processing/req_logging.py:28}}
Dec 12 08:12:13 ubuntu devstack@keystone.service[68747]: WARNING keystone.common.password_hashing [None req-69c37b1d-1ee1-4ee0-a61b-b9d4a1949e7d None None] Truncating password to algorithm specific maximum length 72 characters.
Dec 12 08:12:13 ubuntu devstack@keystone.service[68747]: DEBUG keystone.auth.core [None req-69c37b1d-1ee1-4ee0-a61b-b9d4a1949e7d None None] MFA Rules not processed for user `bc3a05a958884a979df003205a4802f1`. Rule list: `[]` (Enabled: `True`). {{(pid=68747) check_auth_methods_against_rules /opt/stack/keystone/keystone/auth/core.py:476}}
Dec 12 08:12:13 ubuntu devstack@keystone.service[68747]: DEBUG keystone.common.fernet_utils [None req-69c37b1d-1ee1-4ee0-a61b-b9d4a1949e7d None None] Loaded 2 Fernet keys from /etc/keystone/fernet-keys/, but `[fernet_tokens] max_active_keys = 3`; perhaps there have not been enough key rotations to reach `max_active_keys` yet? {{(pid=68747) load_keys /opt/stack/keystone/keystone/common/fernet_utils.py:297}}
Dec 12 08:12:13 ubuntu devstack@keystone.service[68747]: [pid: 68747|app: 0|req: 3/7] 10.201.5.82 () {58 vars in 1015 bytes} [Thu Dec 12 08:12:13 2024] POST /identity/v3/auth/tokens => generated 977 bytes in 43 msecs (HTTP/1.1 201) 6 headers in 384 bytes (1 switches on core 0)
Dec 12 08:12:13 ubuntu devstack@keystone.service[68748]: DEBUG keystone.server.flask.request_processing.middleware.auth_context [None req-0bc05ffe-80bc-4aa7-9f29-3a560df57676 None None] Authenticating user token {{(pid=68748) process_request /opt/stack/data/venv/lib/python3.10/site-packages/keystonemiddleware/auth_token/__init__.py:406}}
Dec 12 08:12:13 ubuntu devstack@keystone.service[68748]: DEBUG keystone.server.flask.request_processing.middleware.auth_context [None req-0bc05ffe-80bc-4aa7-9f29-3a560df57676 None None] Validating token access rules against request {{(pid=68748) validate_allowed_request /opt/stack/data/venv/lib/python3.10/site-packages/keystonemiddleware/auth_token/__init__.py:544}}
Dec 12 08:12:13 ubuntu devstack@keystone.service[68748]: DEBUG keystone.server.flask.request_processing.middleware.auth_context [None req-85c9022c-4770-4367-8003-781a5960d620 admin admin] RBAC: auth_context: {'token': <TokenModel (audit_id=_b2mbDnrQ0G0hAI8BQr_zw, audit_chain_id=['_b2mbDnrQ0G0hAI8BQr_zw']) at 0x7f395b992050>, 'domain_id': None, 'trust_id': None, 'trustor_id': None, 'trustee_id': None, 'domain_name': None, 'group_ids': [], 'user_id': 'bc3a05a958884a979df003205a4802f1', 'user_domain_id': 'default', 'system_scope': None, 'project_id': '748f03a36e0a493b8b94685905ce7a9a', 'project_domain_id': 'default', 'roles': ['member', 'reader', 'admin', 'manager'], 'is_admin_project': True, 'service_user_id': None, 'service_user_domain_id': None, 'service_project_id': None, 'service_project_domain_id': None, 'service_roles': []} {{(pid=68748) fill_context /opt/stack/keystone/keystone/server/flask/request_processing/middleware/auth_context.py:506}}
Dec 12 08:12:13 ubuntu devstack@keystone.service[68748]: DEBUG keystone.server.flask.request_processing.req_logging [None req-85c9022c-4770-4367-8003-781a5960d620 admin admin] REQUEST_METHOD: `GET` {{(pid=68748) log_request_info /opt/stack/keystone/keystone/server/flask/request_processing/req_logging.py:26}}
Dec 12 08:12:13 ubuntu devstack@keystone.service[68748]: DEBUG keystone.server.flask.request_processing.req_logging [None req-85c9022c-4770-4367-8003-781a5960d620 admin admin] SCRIPT_NAME: `/identity` {{(pid=68748) log_request_info /opt/stack/keystone/keystone/server/flask/request_processing/req_logging.py:27}}
Dec 12 08:12:13 ubuntu devstack@keystone.service[68748]: DEBUG keystone.server.flask.request_processing.req_logging [None req-85c9022c-4770-4367-8003-781a5960d620 admin admin] PATH_INFO: `/v3/users/admin` {{(pid=68748) log_request_info /opt/stack/keystone/keystone/server/flask/request_processing/req_logging.py:28}}
Dec 12 08:12:13 ubuntu devstack@keystone.service[68748]: DEBUG keystone.common.rbac_enforcer.enforcer [None req-85c9022c-4770-4367-8003-781a5960d620 admin admin] RBAC: Authorizing `identity:get_user(user_id=admin)` {{(pid=68748) enforce_call /opt/stack/keystone/keystone/common/rbac_enforcer/enforcer.py:495}}
Dec 12 08:12:13 ubuntu devstack@keystone.service[68748]: DEBUG keystone.common.rbac_enforcer.enforcer [None req-85c9022c-4770-4367-8003-781a5960d620 admin admin] RBAC: Authorization granted {{(pid=68748) enforce_call /opt/stack/keystone/keystone/common/rbac_enforcer/enforcer.py:506}}
Dec 12 08:12:13 ubuntu devstack@keystone.service[68748]: DEBUG keystone.server.flask.application [None req-85c9022c-4770-4367-8003-781a5960d620 admin admin] Could not find user: admin. {{(pid=68748) _handle_keystone_exception /opt/stack/keystone/keystone/server/flask/application.py:152}}
Dec 12 08:12:13 ubuntu devstack@keystone.service[68748]: [pid: 68748|app: 0|req: 5/8] 10.201.5.82 () {56 vars in 1152 bytes} [Thu Dec 12 08:12:13 2024] GET /identity/v3/users/admin => generated 83 bytes in 41 msecs (HTTP/1.1 404) 5 headers in 183 bytes (1 switches on core 0)
Dec 12 08:12:14 ubuntu devstack@keystone.service[68747]: DEBUG keystone.server.flask.request_processing.middleware.auth_context [None req-69c37b1d-1ee1-4ee0-a61b-b9d4a1949e7d None None] Authenticating user token {{(pid=68747) process_request /opt/stack/data/venv/lib/python3.10/site-packages/keystonemiddleware/auth_token/__init__.py:406}}
Dec 12 08:12:14 ubuntu devstack@keystone.service[68747]: DEBUG keystone.server.flask.request_processing.middleware.auth_context [None req-69c37b1d-1ee1-4ee0-a61b-b9d4a1949e7d None None] Validating token access rules against request {{(pid=68747) validate_allowed_request /opt/stack/data/venv/lib/python3.10/site-packages/keystonemiddleware/auth_token/__init__.py:544}}
Dec 12 08:12:14 ubuntu devstack@keystone.service[68747]: DEBUG keystone.server.flask.request_processing.middleware.auth_context [None req-8f74edb7-4f62-41db-90f4-93e41aa46b3a admin admin] RBAC: auth_context: {'token': <TokenModel (audit_id=_b2mbDnrQ0G0hAI8BQr_zw, audit_chain_id=['_b2mbDnrQ0G0hAI8BQr_zw']) at 0x7f395b907490>, 'domain_id': None, 'trust_id': None, 'trustor_id': None, 'trustee_id': None, 'domain_name': None, 'group_ids': [], 'user_id': 'bc3a05a958884a979df003205a4802f1', 'user_domain_id': 'default', 'system_scope': None, 'project_id': '748f03a36e0a493b8b94685905ce7a9a', 'project_domain_id': 'default', 'roles': ['member', 'reader', 'admin', 'manager'], 'is_admin_project': True, 'service_user_id': None, 'service_user_domain_id': None, 'service_project_id': None, 'service_project_domain_id': None, 'service_roles': []} {{(pid=68747) fill_context /opt/stack/keystone/keystone/server/flask/request_processing/middleware/auth_context.py:506}}
Dec 12 08:12:14 ubuntu devstack@keystone.service[68747]: DEBUG keystone.server.flask.request_processing.req_logging [None req-8f74edb7-4f62-41db-90f4-93e41aa46b3a admin admin] REQUEST_METHOD: `GET` {{(pid=68747) log_request_info /opt/stack/keystone/keystone/server/flask/request_processing/req_logging.py:26}}
Dec 12 08:12:14 ubuntu devstack@keystone.service[68747]: DEBUG keystone.server.flask.request_processing.req_logging [None req-8f74edb7-4f62-41db-90f4-93e41aa46b3a admin admin] SCRIPT_NAME: `/identity` {{(pid=68747) log_request_info /opt/stack/keystone/keystone/server/flask/request_processing/req_logging.py:27}}
Dec 12 08:12:14 ubuntu devstack@keystone.service[68747]: DEBUG keystone.server.flask.request_processing.req_logging [None req-8f74edb7-4f62-41db-90f4-93e41aa46b3a admin admin] PATH_INFO: `/v3/users` {{(pid=68747) log_request_info /opt/stack/keystone/keystone/server/flask/request_processing/req_logging.py:28}}
Dec 12 08:12:14 ubuntu devstack@keystone.service[68747]: DEBUG keystone.common.rbac_enforcer.enforcer [None req-8f74edb7-4f62-41db-90f4-93e41aa46b3a admin admin] RBAC: Adding query filter params (name=admin) {{(pid=68747) _extract_filter_values /opt/stack/keystone/keystone/common/rbac_enforcer/enforcer.py:176}}
Dec 12 08:12:14 ubuntu devstack@keystone.service[68747]: DEBUG keystone.common.rbac_enforcer.enforcer [None req-8f74edb7-4f62-41db-90f4-93e41aa46b3a admin admin] RBAC: Authorizing `identity:list_users()` {{(pid=68747) enforce_call /opt/stack/keystone/keystone/common/rbac_enforcer/enforcer.py:495}}
Dec 12 08:12:14 ubuntu devstack@keystone.service[68747]: DEBUG keystone.common.rbac_enforcer.enforcer [None req-8f74edb7-4f62-41db-90f4-93e41aa46b3a admin admin] RBAC: Authorization granted {{(pid=68747) enforce_call /opt/stack/keystone/keystone/common/rbac_enforcer/enforcer.py:506}}
Dec 12 08:12:14 ubuntu devstack@keystone.service[68747]: [pid: 68747|app: 0|req: 4/9] 10.201.5.82 () {56 vars in 1168 bytes} [Thu Dec 12 08:12:13 2024] GET /identity/v3/users?name=admin => generated 352 bytes in 43 msecs (HTTP/1.1 200) 5 headers in 177 bytes (1 switches on core 0)
Dec 12 08:12:15 ubuntu devstack@keystone.service[68748]: DEBUG keystone.server.flask.request_processing.req_logging [None req-8adc2349-f804-4dd0-8458-3571f88f9e49 None None] REQUEST_METHOD: `GET` {{(pid=68748) log_request_info /opt/stack/keystone/keystone/server/flask/request_processing/req_logging.py:26}}
Dec 12 08:12:15 ubuntu devstack@keystone.service[68748]: DEBUG keystone.server.flask.request_processing.req_logging [None req-8adc2349-f804-4dd0-8458-3571f88f9e49 None None] SCRIPT_NAME: `/identity` {{(pid=68748) log_request_info /opt/stack/keystone/keystone/server/flask/request_processing/req_logging.py:27}}
Dec 12 08:12:15 ubuntu devstack@keystone.service[68748]: DEBUG keystone.server.flask.request_processing.req_logging [None req-8adc2349-f804-4dd0-8458-3571f88f9e49 None None] PATH_INFO: `/` {{(pid=68748) log_request_info /opt/stack/keystone/keystone/server/flask/request_processing/req_logging.py:28}}
Dec 12 08:12:15 ubuntu devstack@keystone.service[68748]: [pid: 68748|app: 0|req: 6/10] 10.201.5.82 () {54 vars in 918 bytes} [Thu Dec 12 08:12:15 2024] GET /identity => generated 270 bytes in 2 msecs (HTTP/1.1 300) 6 headers in 234 bytes (1 switches on core 0)
Dec 12 08:12:15 ubuntu devstack@keystone.service[68747]: DEBUG keystone.server.flask.request_processing.req_logging [None req-934cde27-72b8-40e2-b856-fd62056deae4 None None] REQUEST_METHOD: `POST` {{(pid=68747) log_request_info /opt/stack/keystone/keystone/server/flask/request_processing/req_logging.py:26}}
Dec 12 08:12:15 ubuntu devstack@keystone.service[68747]: DEBUG keystone.server.flask.request_processing.req_logging [None req-934cde27-72b8-40e2-b856-fd62056deae4 None None] SCRIPT_NAME: `/identity` {{(pid=68747) log_request_info /opt/stack/keystone/keystone/server/flask/request_processing/req_logging.py:27}}
Dec 12 08:12:15 ubuntu devstack@keystone.service[68747]: DEBUG keystone.server.flask.request_processing.req_logging [None req-934cde27-72b8-40e2-b856-fd62056deae4 None None] PATH_INFO: `/v3/auth/tokens` {{(pid=68747) log_request_info /opt/stack/keystone/keystone/server/flask/request_processing/req_logging.py:28}}
Dec 12 08:12:15 ubuntu devstack@keystone.service[68747]: WARNING keystone.common.password_hashing [None req-934cde27-72b8-40e2-b856-fd62056deae4 None None] Truncating password to algorithm specific maximum length 72 characters.
Dec 12 08:12:15 ubuntu devstack@keystone.service[68747]: DEBUG keystone.auth.core [None req-934cde27-72b8-40e2-b856-fd62056deae4 None None] MFA Rules not processed for user `bc3a05a958884a979df003205a4802f1`. Rule list: `[]` (Enabled: `True`). {{(pid=68747) check_auth_methods_against_rules /opt/stack/keystone/keystone/auth/core.py:476}}
Dec 12 08:12:15 ubuntu devstack@keystone.service[68747]: DEBUG keystone.common.fernet_utils [None req-934cde27-72b8-40e2-b856-fd62056deae4 None None] Loaded 2 Fernet keys from /etc/keystone/fernet-keys/, but `[fernet_tokens] max_active_keys = 3`; perhaps there have not been enough key rotations to reach `max_active_keys` yet? {{(pid=68747) load_keys /opt/stack/keystone/keystone/common/fernet_utils.py:297}}
Dec 12 08:12:15 ubuntu devstack@keystone.service[68747]: [pid: 68747|app: 0|req: 5/11] 10.201.5.82 () {58 vars in 1015 bytes} [Thu Dec 12 08:12:15 2024] POST /identity/v3/auth/tokens => generated 862 bytes in 82 msecs (HTTP/1.1 201) 6 headers in 363 bytes (1 switches on core 0)
Dec 12 08:12:15 ubuntu devstack@keystone.service[68748]: DEBUG keystone.server.flask.request_processing.req_logging [None req-54d853fd-517b-40f5-a9e9-62dad46d8614 None None] REQUEST_METHOD: `GET` {{(pid=68748) log_request_info /opt/stack/keystone/keystone/server/flask/request_processing/req_logging.py:26}}
Dec 12 08:12:15 ubuntu devstack@keystone.service[68748]: DEBUG keystone.server.flask.request_processing.req_logging [None req-54d853fd-517b-40f5-a9e9-62dad46d8614 None None] SCRIPT_NAME: `/identity` {{(pid=68748) log_request_info /opt/stack/keystone/keystone/server/flask/request_processing/req_logging.py:27}}
Dec 12 08:12:15 ubuntu devstack@keystone.service[68748]: DEBUG keystone.server.flask.request_processing.req_logging [None req-54d853fd-517b-40f5-a9e9-62dad46d8614 None None] PATH_INFO: `/` {{(pid=68748) log_request_info /opt/stack/keystone/keystone/server/flask/request_processing/req_logging.py:28}}
Dec 12 08:12:15 ubuntu devstack@keystone.service[68748]: [pid: 68748|app: 0|req: 7/12] 10.201.5.82 () {54 vars in 918 bytes} [Thu Dec 12 08:12:15 2024] GET /identity => generated 270 bytes in 2 msecs (HTTP/1.1 300) 6 headers in 234 bytes (1 switches on core 0)
Dec 12 08:12:15 ubuntu devstack@keystone.service[68747]: DEBUG keystone.server.flask.request_processing.req_logging [None req-f7667c53-042c-4354-93f8-17b530149d83 None None] REQUEST_METHOD: `POST` {{(pid=68747) log_request_info /opt/stack/keystone/keystone/server/flask/request_processing/req_logging.py:26}}
Dec 12 08:12:15 ubuntu devstack@keystone.service[68747]: DEBUG keystone.server.flask.request_processing.req_logging [None req-f7667c53-042c-4354-93f8-17b530149d83 None None] SCRIPT_NAME: `/identity` {{(pid=68747) log_request_info /opt/stack/keystone/keystone/server/flask/request_processing/req_logging.py:27}}
Dec 12 08:12:15 ubuntu devstack@keystone.service[68747]: DEBUG keystone.server.flask.request_processing.req_logging [None req-f7667c53-042c-4354-93f8-17b530149d83 None None] PATH_INFO: `/v3/auth/tokens` {{(pid=68747) log_request_info /opt/stack/keystone/keystone/server/flask/request_processing/req_logging.py:28}}
Dec 12 08:12:15 ubuntu devstack@keystone.service[68748]: DEBUG keystone.server.flask.request_processing.middleware.auth_context [None req-54d853fd-517b-40f5-a9e9-62dad46d8614 None None] Authenticating user token {{(pid=68748) process_request /opt/stack/data/venv/lib/python3.10/site-packages/keystonemiddleware/auth_token/__init__.py:406}}
Dec 12 08:12:15 ubuntu devstack@keystone.service[68747]: WARNING keystone.common.password_hashing [None req-f7667c53-042c-4354-93f8-17b530149d83 None None] Truncating password to algorithm specific maximum length 72 characters.
Dec 12 08:12:15 ubuntu devstack@keystone.service[68747]: DEBUG keystone.auth.core [None req-f7667c53-042c-4354-93f8-17b530149d83 None None] MFA Rules not processed for user `bc3a05a958884a979df003205a4802f1`. Rule list: `[]` (Enabled: `True`). {{(pid=68747) check_auth_methods_against_rules /opt/stack/keystone/keystone/auth/core.py:476}}
Dec 12 08:12:15 ubuntu devstack@keystone.service[68747]: DEBUG keystone.common.fernet_utils [None req-f7667c53-042c-4354-93f8-17b530149d83 None None] Loaded 2 Fernet keys from /etc/keystone/fernet-keys/, but `[fernet_tokens] max_active_keys = 3`; perhaps there have not been enough key rotations to reach `max_active_keys` yet? {{(pid=68747) load_keys /opt/stack/keystone/keystone/common/fernet_utils.py:297}}
Dec 12 08:12:15 ubuntu devstack@keystone.service[68747]: [pid: 68747|app: 0|req: 6/13] 10.201.5.82 () {58 vars in 1015 bytes} [Thu Dec 12 08:12:15 2024] POST /identity/v3/auth/tokens => generated 862 bytes in 61 msecs (HTTP/1.1 201) 6 headers in 363 bytes (1 switches on core 0)
Dec 12 08:12:15 ubuntu devstack@keystone.service[68748]: DEBUG keystone.server.flask.request_processing.middleware.auth_context [None req-54d853fd-517b-40f5-a9e9-62dad46d8614 None None] Validating token access rules against request {{(pid=68748) validate_allowed_request /opt/stack/data/venv/lib/python3.10/site-packages/keystonemiddleware/auth_token/__init__.py:544}}
Dec 12 08:12:15 ubuntu devstack@keystone.service[68748]: DEBUG keystone.server.flask.request_processing.middleware.auth_context [None req-1c4acc0a-d812-434e-9140-1b9720b029e4 None admin] RBAC: auth_context: {'token': <TokenModel (audit_id=SP8Zq-W4QUaSXcPRKzGE_Q, audit_chain_id=['SP8Zq-W4QUaSXcPRKzGE_Q']) at 0x7f395ba34190>, 'domain_id': None, 'trust_id': None, 'trustor_id': None, 'trustee_id': None, 'domain_name': None, 'group_ids': [], 'user_id': 'bc3a05a958884a979df003205a4802f1', 'user_domain_id': 'default', 'system_scope': 'all', 'project_id': None, 'project_domain_id': None, 'roles': ['admin', 'manager', 'member', 'reader'], 'is_admin_project': True, 'service_user_id': None, 'service_user_domain_id': None, 'service_project_id': None, 'service_project_domain_id': None, 'service_roles': []} {{(pid=68748) fill_context /opt/stack/keystone/keystone/server/flask/request_processing/middleware/auth_context.py:506}}
Dec 12 08:12:15 ubuntu devstack@keystone.service[68748]: DEBUG keystone.server.flask.request_processing.req_logging [None req-1c4acc0a-d812-434e-9140-1b9720b029e4 None admin] REQUEST_METHOD: `GET` {{(pid=68748) log_request_info /opt/stack/keystone/keystone/server/flask/request_processing/req_logging.py:26}}
Dec 12 08:12:15 ubuntu devstack@keystone.service[68748]: DEBUG keystone.server.flask.request_processing.req_logging [None req-1c4acc0a-d812-434e-9140-1b9720b029e4 None admin] SCRIPT_NAME: `/identity` {{(pid=68748) log_request_info /opt/stack/keystone/keystone/server/flask/request_processing/req_logging.py:27}}
Dec 12 08:12:15 ubuntu devstack@keystone.service[68748]: DEBUG keystone.server.flask.request_processing.req_logging [None req-1c4acc0a-d812-434e-9140-1b9720b029e4 None admin] PATH_INFO: `/v3/roles/admin` {{(pid=68748) log_request_info /opt/stack/keystone/keystone/server/flask/request_processing/req_logging.py:28}}
Dec 12 08:12:15 ubuntu devstack@keystone.service[68748]: DEBUG keystone.common.rbac_enforcer.enforcer [None req-1c4acc0a-d812-434e-9140-1b9720b029e4 None admin] Extracting inferred target data resulted in "NOT FOUND (404)". {{(pid=68748) enforce_call /opt/stack/keystone/keystone/common/rbac_enforcer/enforcer.py:445}}
Dec 12 08:12:15 ubuntu devstack@keystone.service[68748]: DEBUG keystone.server.flask.application [None req-1c4acc0a-d812-434e-9140-1b9720b029e4 None admin] Could not find role: admin. {{(pid=68748) _handle_keystone_exception /opt/stack/keystone/keystone/server/flask/application.py:152}}
Dec 12 08:12:15 ubuntu devstack@keystone.service[68748]: [pid: 68748|app: 0|req: 8/14] 10.201.5.82 () {56 vars in 1088 bytes} [Thu Dec 12 08:12:15 2024] GET /identity/v3/roles/admin => generated 83 bytes in 92 msecs (HTTP/1.1 404) 5 headers in 183 bytes (1 switches on core 0)
Dec 12 08:12:15 ubuntu devstack@keystone.service[68747]: DEBUG keystone.server.flask.request_processing.middleware.auth_context [None req-f7667c53-042c-4354-93f8-17b530149d83 None None] Authenticating user token {{(pid=68747) process_request /opt/stack/data/venv/lib/python3.10/site-packages/keystonemiddleware/auth_token/__init__.py:406}}
Dec 12 08:12:15 ubuntu devstack@keystone.service[68747]: DEBUG keystone.server.flask.request_processing.middleware.auth_context [None req-f7667c53-042c-4354-93f8-17b530149d83 None None] Validating token access rules against request {{(pid=68747) validate_allowed_request /opt/stack/data/venv/lib/python3.10/site-packages/keystonemiddleware/auth_token/__init__.py:544}}
Dec 12 08:12:15 ubuntu devstack@keystone.service[68748]: DEBUG keystone.server.flask.request_processing.middleware.auth_context [None req-1c4acc0a-d812-434e-9140-1b9720b029e4 None admin] Authenticating user token {{(pid=68748) process_request /opt/stack/data/venv/lib/python3.10/site-packages/keystonemiddleware/auth_token/__init__.py:406}}
Dec 12 08:12:15 ubuntu devstack@keystone.service[68747]: DEBUG keystone.server.flask.request_processing.middleware.auth_context [None req-ce2c21ce-b79c-4232-844a-a92fa0b6dc21 None admin] RBAC: auth_context: {'token': <TokenModel (audit_id=SP8Zq-W4QUaSXcPRKzGE_Q, audit_chain_id=['SP8Zq-W4QUaSXcPRKzGE_Q']) at 0x7f395b917d00>, 'domain_id': None, 'trust_id': None, 'trustor_id': None, 'trustee_id': None, 'domain_name': None, 'group_ids': [], 'user_id': 'bc3a05a958884a979df003205a4802f1', 'user_domain_id': 'default', 'system_scope': 'all', 'project_id': None, 'project_domain_id': None, 'roles': ['admin', 'manager', 'member', 'reader'], 'is_admin_project': True, 'service_user_id': None, 'service_user_domain_id': None, 'service_project_id': None, 'service_project_domain_id': None, 'service_roles': []} {{(pid=68747) fill_context /opt/stack/keystone/keystone/server/flask/request_processing/middleware/auth_context.py:506}}
Dec 12 08:12:15 ubuntu devstack@keystone.service[68747]: DEBUG keystone.server.flask.request_processing.req_logging [None req-ce2c21ce-b79c-4232-844a-a92fa0b6dc21 None admin] REQUEST_METHOD: `GET` {{(pid=68747) log_request_info /opt/stack/keystone/keystone/server/flask/request_processing/req_logging.py:26}}
Dec 12 08:12:15 ubuntu devstack@keystone.service[68747]: DEBUG keystone.server.flask.request_processing.req_logging [None req-ce2c21ce-b79c-4232-844a-a92fa0b6dc21 None admin] SCRIPT_NAME: `/identity` {{(pid=68747) log_request_info /opt/stack/keystone/keystone/server/flask/request_processing/req_logging.py:27}}
Dec 12 08:12:15 ubuntu devstack@keystone.service[68747]: DEBUG keystone.server.flask.request_processing.req_logging [None req-ce2c21ce-b79c-4232-844a-a92fa0b6dc21 None admin] PATH_INFO: `/v3/roles` {{(pid=68747) log_request_info /opt/stack/keystone/keystone/server/flask/request_processing/req_logging.py:28}}
Dec 12 08:12:15 ubuntu devstack@keystone.service[68747]: DEBUG keystone.common.rbac_enforcer.enforcer [None req-ce2c21ce-b79c-4232-844a-a92fa0b6dc21 None admin] RBAC: Adding query filter params (name=admin) {{(pid=68747) _extract_filter_values /opt/stack/keystone/keystone/common/rbac_enforcer/enforcer.py:176}}
Dec 12 08:12:15 ubuntu devstack@keystone.service[68747]: DEBUG keystone.common.rbac_enforcer.enforcer [None req-ce2c21ce-b79c-4232-844a-a92fa0b6dc21 None admin] RBAC: Authorizing `identity:list_roles()` {{(pid=68747) enforce_call /opt/stack/keystone/keystone/common/rbac_enforcer/enforcer.py:495}}
Dec 12 08:12:15 ubuntu devstack@keystone.service[68747]: DEBUG keystone.common.rbac_enforcer.enforcer [None req-ce2c21ce-b79c-4232-844a-a92fa0b6dc21 None admin] RBAC: Authorization granted {{(pid=68747) enforce_call /opt/stack/keystone/keystone/common/rbac_enforcer/enforcer.py:506}}
Dec 12 08:12:15 ubuntu devstack@keystone.service[68747]: [pid: 68747|app: 0|req: 7/15] 10.201.5.82 () {56 vars in 1091 bytes} [Thu Dec 12 08:12:15 2024] GET /identity/v3/roles?name=admin => generated 339 bytes in 65 msecs (HTTP/1.1 200) 5 headers in 177 bytes (2 switches on core 0)
Dec 12 08:12:15 ubuntu devstack@keystone.service[68747]: DEBUG keystone.server.flask.request_processing.middleware.auth_context [None req-ce2c21ce-b79c-4232-844a-a92fa0b6dc21 None admin] Authenticating user token {{(pid=68747) process_request /opt/stack/data/venv/lib/python3.10/site-packages/keystonemiddleware/auth_token/__init__.py:406}}
Dec 12 08:12:15 ubuntu devstack@keystone.service[68748]: DEBUG keystone.server.flask.request_processing.middleware.auth_context [None req-1c4acc0a-d812-434e-9140-1b9720b029e4 None admin] Validating token access rules against request {{(pid=68748) validate_allowed_request /opt/stack/data/venv/lib/python3.10/site-packages/keystonemiddleware/auth_token/__init__.py:544}}
Dec 12 08:12:15 ubuntu devstack@keystone.service[68747]: DEBUG keystone.server.flask.request_processing.middleware.auth_context [None req-ce2c21ce-b79c-4232-844a-a92fa0b6dc21 None admin] Validating token access rules against request {{(pid=68747) validate_allowed_request /opt/stack/data/venv/lib/python3.10/site-packages/keystonemiddleware/auth_token/__init__.py:544}}
Dec 12 08:12:15 ubuntu devstack@keystone.service[68748]: DEBUG keystone.server.flask.request_processing.middleware.auth_context [None req-2a55988a-9127-446b-adff-9008d5712ed3 None admin] RBAC: auth_context: {'token': <TokenModel (audit_id=jueESSrqRxO41Ha1Ce7YzA, audit_chain_id=['jueESSrqRxO41Ha1Ce7YzA']) at 0x7f395ba371c0>, 'domain_id': None, 'trust_id': None, 'trustor_id': None, 'trustee_id': None, 'domain_name': None, 'group_ids': [], 'user_id': 'bc3a05a958884a979df003205a4802f1', 'user_domain_id': 'default', 'system_scope': 'all', 'project_id': None, 'project_domain_id': None, 'roles': ['admin', 'manager', 'member', 'reader'], 'is_admin_project': True, 'service_user_id': None, 'service_user_domain_id': None, 'service_project_id': None, 'service_project_domain_id': None, 'service_roles': []} {{(pid=68748) fill_context /opt/stack/keystone/keystone/server/flask/request_processing/middleware/auth_context.py:506}}
Dec 12 08:12:15 ubuntu devstack@keystone.service[68748]: DEBUG keystone.server.flask.request_processing.req_logging [None req-2a55988a-9127-446b-adff-9008d5712ed3 None admin] REQUEST_METHOD: `POST` {{(pid=68748) log_request_info /opt/stack/keystone/keystone/server/flask/request_processing/req_logging.py:26}}
Dec 12 08:12:15 ubuntu devstack@keystone.service[68748]: DEBUG keystone.server.flask.request_processing.req_logging [None req-2a55988a-9127-446b-adff-9008d5712ed3 None admin] SCRIPT_NAME: `/identity` {{(pid=68748) log_request_info /opt/stack/keystone/keystone/server/flask/request_processing/req_logging.py:27}}
Dec 12 08:12:15 ubuntu devstack@keystone.service[68748]: DEBUG keystone.server.flask.request_processing.req_logging [None req-2a55988a-9127-446b-adff-9008d5712ed3 None admin] PATH_INFO: `/v3/domains` {{(pid=68748) log_request_info /opt/stack/keystone/keystone/server/flask/request_processing/req_logging.py:28}}
Dec 12 08:12:15 ubuntu devstack@keystone.service[68747]: DEBUG keystone.server.flask.request_processing.middleware.auth_context [None req-b7696fe1-d2d3-4ad1-bd95-b2487a442c5d None admin] RBAC: auth_context: {'token': <TokenModel (audit_id=SP8Zq-W4QUaSXcPRKzGE_Q, audit_chain_id=['SP8Zq-W4QUaSXcPRKzGE_Q']) at 0x7f395b9695a0>, 'domain_id': None, 'trust_id': None, 'trustor_id': None, 'trustee_id': None, 'domain_name': None, 'group_ids': [], 'user_id': 'bc3a05a958884a979df003205a4802f1', 'user_domain_id': 'default', 'system_scope': 'all', 'project_id': None, 'project_domain_id': None, 'roles': ['admin', 'manager', 'member', 'reader'], 'is_admin_project': True, 'service_user_id': None, 'service_user_domain_id': None, 'service_project_id': None, 'service_project_domain_id': None, 'service_roles': []} {{(pid=68747) fill_context /opt/stack/keystone/keystone/server/flask/request_processing/middleware/auth_context.py:506}}
Dec 12 08:12:15 ubuntu devstack@keystone.service[68748]: DEBUG keystone.common.rbac_enforcer.enforcer [None req-2a55988a-9127-446b-adff-9008d5712ed3 None admin] RBAC: Authorizing `identity:create_domain()` {{(pid=68748) enforce_call /opt/stack/keystone/keystone/common/rbac_enforcer/enforcer.py:495}}
Dec 12 08:12:15 ubuntu devstack@keystone.service[68747]: DEBUG keystone.server.flask.request_processing.req_logging [None req-b7696fe1-d2d3-4ad1-bd95-b2487a442c5d None admin] REQUEST_METHOD: `GET` {{(pid=68747) log_request_info /opt/stack/keystone/keystone/server/flask/request_processing/req_logging.py:26}}
Dec 12 08:12:15 ubuntu devstack@keystone.service[68747]: DEBUG keystone.server.flask.request_processing.req_logging [None req-b7696fe1-d2d3-4ad1-bd95-b2487a442c5d None admin] SCRIPT_NAME: `/identity` {{(pid=68747) log_request_info /opt/stack/keystone/keystone/server/flask/request_processing/req_logging.py:27}}
Dec 12 08:12:15 ubuntu devstack@keystone.service[68747]: DEBUG keystone.server.flask.request_processing.req_logging [None req-b7696fe1-d2d3-4ad1-bd95-b2487a442c5d None admin] PATH_INFO: `/v3/users/bc3a05a958884a979df003205a4802f1` {{(pid=68747) log_request_info /opt/stack/keystone/keystone/server/flask/request_processing/req_logging.py:28}}
Dec 12 08:12:15 ubuntu devstack@keystone.service[68748]: DEBUG keystone.common.rbac_enforcer.enforcer [None req-2a55988a-9127-446b-adff-9008d5712ed3 None admin] RBAC: Authorization granted {{(pid=68748) enforce_call /opt/stack/keystone/keystone/common/rbac_enforcer/enforcer.py:506}}
Dec 12 08:12:15 ubuntu devstack@keystone.service[68747]: DEBUG keystone.common.rbac_enforcer.enforcer [None req-b7696fe1-d2d3-4ad1-bd95-b2487a442c5d None admin] RBAC: Authorizing `identity:get_user(user_id=bc3a05a958884a979df003205a4802f1)` {{(pid=68747) enforce_call /opt/stack/keystone/keystone/common/rbac_enforcer/enforcer.py:495}}
Dec 12 08:12:15 ubuntu devstack@keystone.service[68747]: DEBUG keystone.common.rbac_enforcer.enforcer [None req-b7696fe1-d2d3-4ad1-bd95-b2487a442c5d None admin] RBAC: Authorization granted {{(pid=68747) enforce_call /opt/stack/keystone/keystone/common/rbac_enforcer/enforcer.py:506}}
Dec 12 08:12:15 ubuntu devstack@keystone.service[68747]: [pid: 68747|app: 0|req: 8/16] 10.201.5.82 () {56 vars in 1169 bytes} [Thu Dec 12 08:12:15 2024] GET /identity/v3/users/bc3a05a958884a979df003205a4802f1 => generated 247 bytes in 54 msecs (HTTP/1.1 200) 5 headers in 177 bytes (2 switches on core 0)
Dec 12 08:12:15 ubuntu devstack@keystone.service[68748]: DEBUG keystone.common.sql.core [None req-2a55988a-9127-446b-adff-9008d5712ed3 None admin] Conflict project: (pymysql.err.IntegrityError) (1062, "Duplicate entry '<<keystone.domain.root>>-Default' for key 'project.ixu_project_name_domain_id'")
Dec 12 08:12:15 ubuntu devstack@keystone.service[68748]: [SQL: INSERT INTO project (id, name, domain_id, description, enabled, extra, parent_id, is_domain) VALUES (%(id)s, %(name)s, %(domain_id)s, %(description)s, %(enabled)s, %(extra)s, %(parent_id)s, %(is_domain)s)]
Dec 12 08:12:15 ubuntu devstack@keystone.service[68748]: [parameters: {'id': '922c8cdd8b644e399649d67557fcb72f', 'name': 'Default', 'domain_id': '<<keystone.domain.root>>', 'description': '', 'enabled': 1, 'extra': '{}', 'parent_id': None, 'is_domain': 1}]
Dec 12 08:12:15 ubuntu devstack@keystone.service[68748]: (Background on this error at: https://sqlalche.me/e/20/gkpj) {{(pid=68748) wrapper /opt/stack/keystone/keystone/common/sql/core.py:580}}
Dec 12 08:12:15 ubuntu devstack@keystone.service[68747]: DEBUG keystone.server.flask.request_processing.middleware.auth_context [None req-b7696fe1-d2d3-4ad1-bd95-b2487a442c5d None admin] Authenticating user token {{(pid=68747) process_request /opt/stack/data/venv/lib/python3.10/site-packages/keystonemiddleware/auth_token/__init__.py:406}}
Dec 12 08:12:15 ubuntu devstack@keystone.service[68748]: ERROR keystone.server.flask.application [None req-2a55988a-9127-446b-adff-9008d5712ed3 None admin] Conflict occurred attempting to store project - it is not permitted to have two projects acting as domains with the same name: Default.: keystone.exception.Conflict: Conflict occurred attempting to store project - it is not permitted to have two projects acting as domains with the same name: Default.
Dec 12 08:12:15 ubuntu devstack@keystone.service[68748]: ERROR keystone.server.flask.application Traceback (most recent call last):
Dec 12 08:12:15 ubuntu devstack@keystone.service[68748]: ERROR keystone.server.flask.application   File "/opt/stack/data/venv/lib/python3.10/site-packages/sqlalchemy/engine/base.py", line 1967, in _exec_single_context
Dec 12 08:12:15 ubuntu devstack@keystone.service[68748]: ERROR keystone.server.flask.application     self.dialect.do_execute(
Dec 12 08:12:15 ubuntu devstack@keystone.service[68748]: ERROR keystone.server.flask.application   File "/opt/stack/data/venv/lib/python3.10/site-packages/sqlalchemy/engine/default.py", line 941, in do_execute
Dec 12 08:12:15 ubuntu devstack@keystone.service[68748]: ERROR keystone.server.flask.application     cursor.execute(statement, parameters)
Dec 12 08:12:15 ubuntu devstack@keystone.service[68748]: ERROR keystone.server.flask.application   File "/opt/stack/data/venv/lib/python3.10/site-packages/pymysql/cursors.py", line 153, in execute
Dec 12 08:12:15 ubuntu devstack@keystone.service[68748]: ERROR keystone.server.flask.application     result = self._query(query)
Dec 12 08:12:15 ubuntu devstack@keystone.service[68748]: ERROR keystone.server.flask.application   File "/opt/stack/data/venv/lib/python3.10/site-packages/pymysql/cursors.py", line 322, in _query
Dec 12 08:12:15 ubuntu devstack@keystone.service[68748]: ERROR keystone.server.flask.application     conn.query(q)
Dec 12 08:12:15 ubuntu devstack@keystone.service[68748]: ERROR keystone.server.flask.application   File "/opt/stack/data/venv/lib/python3.10/site-packages/pymysql/connections.py", line 563, in query
Dec 12 08:12:15 ubuntu devstack@keystone.service[68748]: ERROR keystone.server.flask.application     self._affected_rows = self._read_query_result(unbuffered=unbuffered)
Dec 12 08:12:15 ubuntu devstack@keystone.service[68748]: ERROR keystone.server.flask.application   File "/opt/stack/data/venv/lib/python3.10/site-packages/pymysql/connections.py", line 825, in _read_query_result
Dec 12 08:12:15 ubuntu devstack@keystone.service[68748]: ERROR keystone.server.flask.application     result.read()
Dec 12 08:12:15 ubuntu devstack@keystone.service[68748]: ERROR keystone.server.flask.application   File "/opt/stack/data/venv/lib/python3.10/site-packages/pymysql/connections.py", line 1199, in read
Dec 12 08:12:15 ubuntu devstack@keystone.service[68748]: ERROR keystone.server.flask.application     first_packet = self.connection._read_packet()
Dec 12 08:12:15 ubuntu devstack@keystone.service[68748]: ERROR keystone.server.flask.application   File "/opt/stack/data/venv/lib/python3.10/site-packages/pymysql/connections.py", line 775, in _read_packet
Dec 12 08:12:15 ubuntu devstack@keystone.service[68748]: ERROR keystone.server.flask.application     packet.raise_for_error()
Dec 12 08:12:15 ubuntu devstack@keystone.service[68748]: ERROR keystone.server.flask.application   File "/opt/stack/data/venv/lib/python3.10/site-packages/pymysql/protocol.py", line 219, in raise_for_error
Dec 12 08:12:15 ubuntu devstack@keystone.service[68748]: ERROR keystone.server.flask.application     err.raise_mysql_exception(self._data)
Dec 12 08:12:15 ubuntu devstack@keystone.service[68748]: ERROR keystone.server.flask.application   File "/opt/stack/data/venv/lib/python3.10/site-packages/pymysql/err.py", line 150, in raise_mysql_exception
Dec 12 08:12:15 ubuntu devstack@keystone.service[68748]: ERROR keystone.server.flask.application     raise errorclass(errno, errval)
Dec 12 08:12:15 ubuntu devstack@keystone.service[68748]: ERROR keystone.server.flask.application pymysql.err.IntegrityError: (1062, "Duplicate entry '<<keystone.domain.root>>-Default' for key 'project.ixu_project_name_domain_id'")
Dec 12 08:12:15 ubuntu devstack@keystone.service[68748]: ERROR keystone.server.flask.application 
Dec 12 08:12:15 ubuntu devstack@keystone.service[68748]: ERROR keystone.server.flask.application The above exception was the direct cause of the following exception:
Dec 12 08:12:15 ubuntu devstack@keystone.service[68748]: ERROR keystone.server.flask.application 
Dec 12 08:12:15 ubuntu devstack@keystone.service[68748]: ERROR keystone.server.flask.application Traceback (most recent call last):
