Mar 11 20:54:03 ubuntu devstack@keystone.service[81613]: DEBUG keystone.server.flask.request_processing.req_logging [None req-80fcef9e-60f3-4703-8978-004e9f7b0f66 None None] REQUEST_METHOD: `POST` {{(pid=81613) log_request_info /opt/stack/keystone/keystone/server/flask/request_processing/req_logging.py:26}}
Mar 11 20:54:03 ubuntu devstack@keystone.service[81613]: DEBUG keystone.server.flask.request_processing.req_logging [None req-80fcef9e-60f3-4703-8978-004e9f7b0f66 None None] SCRIPT_NAME: `/identity` {{(pid=81613) log_request_info /opt/stack/keystone/keystone/server/flask/request_processing/req_logging.py:27}}
Mar 11 20:54:03 ubuntu devstack@keystone.service[81613]: DEBUG keystone.server.flask.request_processing.req_logging [None req-80fcef9e-60f3-4703-8978-004e9f7b0f66 None None] PATH_INFO: `/v3/auth/tokens` {{(pid=81613) log_request_info /opt/stack/keystone/keystone/server/flask/request_processing/req_logging.py:28}}
Mar 11 20:54:03 ubuntu devstack@keystone.service[81614]: DEBUG keystone.server.flask.request_processing.req_logging [None req-000bd703-518f-4bcc-8a4f-cedf28187b39 None None] REQUEST_METHOD: `GET` {{(pid=81614) log_request_info /opt/stack/keystone/keystone/server/flask/request_processing/req_logging.py:26}}
Mar 11 20:54:03 ubuntu devstack@keystone.service[81614]: DEBUG keystone.server.flask.request_processing.req_logging [None req-000bd703-518f-4bcc-8a4f-cedf28187b39 None None] SCRIPT_NAME: `/identity` {{(pid=81614) log_request_info /opt/stack/keystone/keystone/server/flask/request_processing/req_logging.py:27}}
Mar 11 20:54:03 ubuntu devstack@keystone.service[81614]: DEBUG keystone.server.flask.request_processing.req_logging [None req-000bd703-518f-4bcc-8a4f-cedf28187b39 None None] PATH_INFO: `/` {{(pid=81614) log_request_info /opt/stack/keystone/keystone/server/flask/request_processing/req_logging.py:28}}
Mar 11 20:54:03 ubuntu devstack@keystone.service[81614]: [pid: 81614|app: 0|req: 12/24] 10.201.5.82 () {54 vars in 920 bytes} [Wed Mar 11 20:54:03 2026] GET /identity => generated 270 bytes in 2 msecs (HTTP/1.1 300) 6 headers in 234 bytes (1 switches on core 0)
Mar 11 20:54:03 ubuntu devstack@keystone.service[81614]: DEBUG keystone.server.flask.request_processing.req_logging [None req-f8dad4d9-65f6-4891-aea0-f7ad3c61f732 None None] REQUEST_METHOD: `POST` {{(pid=81614) log_request_info /opt/stack/keystone/keystone/server/flask/request_processing/req_logging.py:26}}
Mar 11 20:54:03 ubuntu devstack@keystone.service[81614]: DEBUG keystone.server.flask.request_processing.req_logging [None req-f8dad4d9-65f6-4891-aea0-f7ad3c61f732 None None] SCRIPT_NAME: `/identity` {{(pid=81614) log_request_info /opt/stack/keystone/keystone/server/flask/request_processing/req_logging.py:27}}
Mar 11 20:54:03 ubuntu devstack@keystone.service[81614]: DEBUG keystone.server.flask.request_processing.req_logging [None req-f8dad4d9-65f6-4891-aea0-f7ad3c61f732 None None] PATH_INFO: `/v3/auth/tokens` {{(pid=81614) log_request_info /opt/stack/keystone/keystone/server/flask/request_processing/req_logging.py:28}}
Mar 11 20:54:03 ubuntu devstack@keystone.service[81613]: WARNING keystone.common.password_hashing [None req-80fcef9e-60f3-4703-8978-004e9f7b0f66 None None] Truncating password to algorithm specific maximum length 72 characters.
Mar 11 20:54:03 ubuntu devstack@keystone.service[81614]: WARNING keystone.common.password_hashing [None req-f8dad4d9-65f6-4891-aea0-f7ad3c61f732 None None] Truncating password to algorithm specific maximum length 72 characters.
Mar 11 20:54:03 ubuntu devstack@keystone.service[81613]: DEBUG keystone.auth.core [None req-80fcef9e-60f3-4703-8978-004e9f7b0f66 None None] MFA Rules not processed for user `c1721246c7f34e8db1a22093b17f121d`. Rule list: `[]` (Enabled: `True`). {{(pid=81613) check_auth_methods_against_rules /opt/stack/keystone/keystone/auth/core.py:476}}
Mar 11 20:54:03 ubuntu devstack@keystone.service[81613]: DEBUG keystone.common.fernet_utils [None req-80fcef9e-60f3-4703-8978-004e9f7b0f66 None None] Loaded 2 Fernet keys from /etc/keystone/fernet-keys/, but `[fernet_tokens] max_active_keys = 3`; perhaps there have not been enough key rotations to reach `max_active_keys` yet? {{(pid=81613) load_keys /opt/stack/keystone/keystone/common/fernet_utils.py:297}}
Mar 11 20:54:03 ubuntu devstack@keystone.service[81614]: DEBUG keystone.auth.core [None req-f8dad4d9-65f6-4891-aea0-f7ad3c61f732 None None] MFA Rules not processed for user `c1721246c7f34e8db1a22093b17f121d`. Rule list: `[]` (Enabled: `True`). {{(pid=81614) check_auth_methods_against_rules /opt/stack/keystone/keystone/auth/core.py:476}}
Mar 11 20:54:03 ubuntu devstack@keystone.service[81614]: DEBUG keystone.common.fernet_utils [None req-f8dad4d9-65f6-4891-aea0-f7ad3c61f732 None None] Loaded 2 Fernet keys from /etc/keystone/fernet-keys/, but `[fernet_tokens] max_active_keys = 3`; perhaps there have not been enough key rotations to reach `max_active_keys` yet? {{(pid=81614) load_keys /opt/stack/keystone/keystone/common/fernet_utils.py:297}}
Mar 11 20:54:03 ubuntu devstack@keystone.service[81613]: [pid: 81613|app: 0|req: 13/25] 10.201.5.82 () {58 vars in 1017 bytes} [Wed Mar 11 20:54:03 2026] POST /identity/v3/auth/tokens => generated 862 bytes in 248 msecs (HTTP/1.1 201) 6 headers in 363 bytes (1 switches on core 0)
Mar 11 20:54:03 ubuntu devstack@keystone.service[81614]: [pid: 81614|app: 0|req: 13/26] 10.201.5.82 () {58 vars in 1017 bytes} [Wed Mar 11 20:54:03 2026] POST /identity/v3/auth/tokens => generated 862 bytes in 106 msecs (HTTP/1.1 201) 6 headers in 363 bytes (2 switches on core 0)
Mar 11 20:54:03 ubuntu devstack@keystone.service[81613]: DEBUG keystone.server.flask.request_processing.middleware.auth_context [None req-80fcef9e-60f3-4703-8978-004e9f7b0f66 None None] Authenticating user token {{(pid=81613) process_request /opt/stack/data/venv/lib/python3.10/site-packages/keystonemiddleware/auth_token/__init__.py:407}}
Mar 11 20:54:04 ubuntu devstack@keystone.service[81614]: DEBUG keystone.server.flask.request_processing.middleware.auth_context [None req-f8dad4d9-65f6-4891-aea0-f7ad3c61f732 None None] Authenticating user token {{(pid=81614) process_request /opt/stack/data/venv/lib/python3.10/site-packages/keystonemiddleware/auth_token/__init__.py:407}}
Mar 11 20:54:04 ubuntu devstack@keystone.service[81613]: DEBUG keystone.server.flask.request_processing.middleware.auth_context [None req-80fcef9e-60f3-4703-8978-004e9f7b0f66 None None] Validating token access rules against request {{(pid=81613) validate_allowed_request /opt/stack/data/venv/lib/python3.10/site-packages/keystonemiddleware/auth_token/__init__.py:545}}
Mar 11 20:54:04 ubuntu devstack@keystone.service[81613]: DEBUG keystone.server.flask.request_processing.middleware.auth_context [None req-c4b645eb-3a92-4247-b97a-bf35a20c4131 None admin] RBAC: auth_context: {'token': <TokenModel (audit_id=8PcvHoa8T0CdKx9wucelAA, audit_chain_id=['8PcvHoa8T0CdKx9wucelAA']) at 0x7f87a823ce50>, 'domain_id': None, 'trust_id': None, 'trustor_id': None, 'trustee_id': None, 'domain_name': None, 'group_ids': [], 'user_id': 'c1721246c7f34e8db1a22093b17f121d', 'user_domain_id': 'default', 'system_scope': 'all', 'project_id': None, 'project_domain_id': None, 'roles': ['admin', 'manager', 'member', 'reader'], 'is_admin_project': True, 'service_user_id': None, 'service_user_domain_id': None, 'service_project_id': None, 'service_project_domain_id': None, 'service_roles': []} {{(pid=81613) fill_context /opt/stack/keystone/keystone/server/flask/request_processing/middleware/auth_context.py:509}}
Mar 11 20:54:04 ubuntu devstack@keystone.service[81613]: DEBUG keystone.server.flask.request_processing.req_logging [None req-c4b645eb-3a92-4247-b97a-bf35a20c4131 None admin] REQUEST_METHOD: `GET` {{(pid=81613) log_request_info /opt/stack/keystone/keystone/server/flask/request_processing/req_logging.py:26}}
Mar 11 20:54:04 ubuntu devstack@keystone.service[81613]: DEBUG keystone.server.flask.request_processing.req_logging [None req-c4b645eb-3a92-4247-b97a-bf35a20c4131 None admin] SCRIPT_NAME: `/identity` {{(pid=81613) log_request_info /opt/stack/keystone/keystone/server/flask/request_processing/req_logging.py:27}}
Mar 11 20:54:04 ubuntu devstack@keystone.service[81613]: DEBUG keystone.server.flask.request_processing.req_logging [None req-c4b645eb-3a92-4247-b97a-bf35a20c4131 None admin] PATH_INFO: `/v3/roles/admin` {{(pid=81613) log_request_info /opt/stack/keystone/keystone/server/flask/request_processing/req_logging.py:28}}
Mar 11 20:54:04 ubuntu devstack@keystone.service[81614]: DEBUG keystone.server.flask.request_processing.middleware.auth_context [None req-f8dad4d9-65f6-4891-aea0-f7ad3c61f732 None None] Validating token access rules against request {{(pid=81614) validate_allowed_request /opt/stack/data/venv/lib/python3.10/site-packages/keystonemiddleware/auth_token/__init__.py:545}}
Mar 11 20:54:04 ubuntu devstack@keystone.service[81613]: DEBUG keystone.common.rbac_enforcer.enforcer [None req-c4b645eb-3a92-4247-b97a-bf35a20c4131 None admin] Extracting inferred target data resulted in "NOT FOUND (404)". {{(pid=81613) enforce_call /opt/stack/keystone/keystone/common/rbac_enforcer/enforcer.py:445}}
Mar 11 20:54:04 ubuntu devstack@keystone.service[81613]: DEBUG keystone.server.flask.application [None req-c4b645eb-3a92-4247-b97a-bf35a20c4131 None admin] Could not find role: admin. {{(pid=81613) _handle_keystone_exception /opt/stack/keystone/keystone/server/flask/application.py:146}}
Mar 11 20:54:04 ubuntu devstack@keystone.service[81613]: [pid: 81613|app: 0|req: 14/27] 10.201.5.82 () {56 vars in 1133 bytes} [Wed Mar 11 20:54:03 2026] GET /identity/v3/roles/admin => generated 83 bytes in 93 msecs (HTTP/1.1 404) 5 headers in 183 bytes (1 switches on core 0)
Mar 11 20:54:04 ubuntu devstack@keystone.service[81613]: DEBUG keystone.server.flask.request_processing.req_logging [None req-7a9d441c-8d89-485b-acfe-245c2ebcdd8a None None] REQUEST_METHOD: `GET` {{(pid=81613) log_request_info /opt/stack/keystone/keystone/server/flask/request_processing/req_logging.py:26}}
Mar 11 20:54:04 ubuntu devstack@keystone.service[81613]: DEBUG keystone.server.flask.request_processing.req_logging [None req-7a9d441c-8d89-485b-acfe-245c2ebcdd8a None None] SCRIPT_NAME: `/identity` {{(pid=81613) log_request_info /opt/stack/keystone/keystone/server/flask/request_processing/req_logging.py:27}}
Mar 11 20:54:04 ubuntu devstack@keystone.service[81613]: DEBUG keystone.server.flask.request_processing.req_logging [None req-7a9d441c-8d89-485b-acfe-245c2ebcdd8a None None] PATH_INFO: `/` {{(pid=81613) log_request_info /opt/stack/keystone/keystone/server/flask/request_processing/req_logging.py:28}}
Mar 11 20:54:04 ubuntu devstack@keystone.service[81613]: [pid: 81613|app: 0|req: 15/28] 10.201.5.82 () {54 vars in 920 bytes} [Wed Mar 11 20:54:04 2026] GET /identity => generated 270 bytes in 2 msecs (HTTP/1.1 300) 6 headers in 234 bytes (1 switches on core 0)
Mar 11 20:54:04 ubuntu devstack@keystone.service[81613]: DEBUG keystone.server.flask.request_processing.req_logging [None req-b99536ba-0c22-4aee-b463-697cca3860ee None None] REQUEST_METHOD: `POST` {{(pid=81613) log_request_info /opt/stack/keystone/keystone/server/flask/request_processing/req_logging.py:26}}
Mar 11 20:54:04 ubuntu devstack@keystone.service[81614]: DEBUG keystone.server.flask.request_processing.middleware.auth_context [None req-62d0e9cc-df4d-46d5-9b66-cf8f9f25c30c None admin] RBAC: auth_context: {'token': <TokenModel (audit_id=mTh2KxL_RUCPjxOfK1nHlA, audit_chain_id=['mTh2KxL_RUCPjxOfK1nHlA']) at 0x7f87a814d4b0>, 'domain_id': None, 'trust_id': None, 'trustor_id': None, 'trustee_id': None, 'domain_name': None, 'group_ids': [], 'user_id': 'c1721246c7f34e8db1a22093b17f121d', 'user_domain_id': 'default', 'system_scope': 'all', 'project_id': None, 'project_domain_id': None, 'roles': ['admin', 'manager', 'member', 'reader'], 'is_admin_project': True, 'service_user_id': None, 'service_user_domain_id': None, 'service_project_id': None, 'service_project_domain_id': None, 'service_roles': []} {{(pid=81614) fill_context /opt/stack/keystone/keystone/server/flask/request_processing/middleware/auth_context.py:509}}
Mar 11 20:54:04 ubuntu devstack@keystone.service[81613]: DEBUG keystone.server.flask.request_processing.req_logging [None req-b99536ba-0c22-4aee-b463-697cca3860ee None None] SCRIPT_NAME: `/identity` {{(pid=81613) log_request_info /opt/stack/keystone/keystone/server/flask/request_processing/req_logging.py:27}}
Mar 11 20:54:04 ubuntu devstack@keystone.service[81613]: DEBUG keystone.server.flask.request_processing.req_logging [None req-b99536ba-0c22-4aee-b463-697cca3860ee None None] PATH_INFO: `/v3/auth/tokens` {{(pid=81613) log_request_info /opt/stack/keystone/keystone/server/flask/request_processing/req_logging.py:28}}
Mar 11 20:54:04 ubuntu devstack@keystone.service[81614]: DEBUG keystone.server.flask.request_processing.req_logging [None req-62d0e9cc-df4d-46d5-9b66-cf8f9f25c30c None admin] REQUEST_METHOD: `GET` {{(pid=81614) log_request_info /opt/stack/keystone/keystone/server/flask/request_processing/req_logging.py:26}}
Mar 11 20:54:04 ubuntu devstack@keystone.service[81614]: DEBUG keystone.server.flask.request_processing.req_logging [None req-62d0e9cc-df4d-46d5-9b66-cf8f9f25c30c None admin] SCRIPT_NAME: `/identity` {{(pid=81614) log_request_info /opt/stack/keystone/keystone/server/flask/request_processing/req_logging.py:27}}
Mar 11 20:54:04 ubuntu devstack@keystone.service[81614]: DEBUG keystone.server.flask.request_processing.req_logging [None req-62d0e9cc-df4d-46d5-9b66-cf8f9f25c30c None admin] PATH_INFO: `/v3/domains/Default` {{(pid=81614) log_request_info /opt/stack/keystone/keystone/server/flask/request_processing/req_logging.py:28}}
Mar 11 20:54:04 ubuntu devstack@keystone.service[81614]: DEBUG keystone.common.rbac_enforcer.enforcer [None req-62d0e9cc-df4d-46d5-9b66-cf8f9f25c30c None admin] RBAC: Authorizing `identity:get_domain(domain_id=Default)` {{(pid=81614) enforce_call /opt/stack/keystone/keystone/common/rbac_enforcer/enforcer.py:494}}
Mar 11 20:54:04 ubuntu devstack@keystone.service[81614]: DEBUG keystone.common.rbac_enforcer.enforcer [None req-62d0e9cc-df4d-46d5-9b66-cf8f9f25c30c None admin] RBAC: Authorization granted {{(pid=81614) enforce_call /opt/stack/keystone/keystone/common/rbac_enforcer/enforcer.py:505}}
Mar 11 20:54:04 ubuntu devstack@keystone.service[81614]: DEBUG keystone.server.flask.application [None req-62d0e9cc-df4d-46d5-9b66-cf8f9f25c30c None admin] Could not find domain: Default. {{(pid=81614) _handle_keystone_exception /opt/stack/keystone/keystone/server/flask/application.py:146}}
Mar 11 20:54:04 ubuntu devstack@keystone.service[81614]: [pid: 81614|app: 0|req: 14/29] 10.201.5.82 () {56 vars in 1145 bytes} [Wed Mar 11 20:54:04 2026] GET /identity/v3/domains/Default => generated 87 bytes in 89 msecs (HTTP/1.1 404) 5 headers in 183 bytes (1 switches on core 0)
Mar 11 20:54:04 ubuntu devstack@keystone.service[81613]: WARNING keystone.common.password_hashing [None req-b99536ba-0c22-4aee-b463-697cca3860ee None None] Truncating password to algorithm specific maximum length 72 characters.
Mar 11 20:54:04 ubuntu devstack@keystone.service[81614]: DEBUG keystone.server.flask.request_processing.middleware.auth_context [None req-62d0e9cc-df4d-46d5-9b66-cf8f9f25c30c None admin] Authenticating user token {{(pid=81614) process_request /opt/stack/data/venv/lib/python3.10/site-packages/keystonemiddleware/auth_token/__init__.py:407}}
Mar 11 20:54:04 ubuntu devstack@keystone.service[81613]: DEBUG keystone.auth.core [None req-b99536ba-0c22-4aee-b463-697cca3860ee None None] MFA Rules not processed for user `c1721246c7f34e8db1a22093b17f121d`. Rule list: `[]` (Enabled: `True`). {{(pid=81613) check_auth_methods_against_rules /opt/stack/keystone/keystone/auth/core.py:476}}
Mar 11 20:54:04 ubuntu devstack@keystone.service[81613]: DEBUG keystone.common.fernet_utils [None req-b99536ba-0c22-4aee-b463-697cca3860ee None None] Loaded 2 Fernet keys from /etc/keystone/fernet-keys/, but `[fernet_tokens] max_active_keys = 3`; perhaps there have not been enough key rotations to reach `max_active_keys` yet? {{(pid=81613) load_keys /opt/stack/keystone/keystone/common/fernet_utils.py:297}}
Mar 11 20:54:04 ubuntu devstack@keystone.service[81614]: DEBUG keystone.server.flask.request_processing.middleware.auth_context [None req-62d0e9cc-df4d-46d5-9b66-cf8f9f25c30c None admin] Validating token access rules against request {{(pid=81614) validate_allowed_request /opt/stack/data/venv/lib/python3.10/site-packages/keystonemiddleware/auth_token/__init__.py:545}}
Mar 11 20:54:04 ubuntu devstack@keystone.service[81614]: DEBUG keystone.server.flask.request_processing.middleware.auth_context [None req-e2a5a498-eff3-401f-8311-687f8d609088 None admin] RBAC: auth_context: {'token': <TokenModel (audit_id=8PcvHoa8T0CdKx9wucelAA, audit_chain_id=['8PcvHoa8T0CdKx9wucelAA']) at 0x7f87a3dfcfa0>, 'domain_id': None, 'trust_id': None, 'trustor_id': None, 'trustee_id': None, 'domain_name': None, 'group_ids': [], 'user_id': 'c1721246c7f34e8db1a22093b17f121d', 'user_domain_id': 'default', 'system_scope': 'all', 'project_id': None, 'project_domain_id': None, 'roles': ['admin', 'manager', 'member', 'reader'], 'is_admin_project': True, 'service_user_id': None, 'service_user_domain_id': None, 'service_project_id': None, 'service_project_domain_id': None, 'service_roles': []} {{(pid=81614) fill_context /opt/stack/keystone/keystone/server/flask/request_processing/middleware/auth_context.py:509}}
Mar 11 20:54:04 ubuntu devstack@keystone.service[81614]: DEBUG keystone.server.flask.request_processing.req_logging [None req-e2a5a498-eff3-401f-8311-687f8d609088 None admin] REQUEST_METHOD: `GET` {{(pid=81614) log_request_info /opt/stack/keystone/keystone/server/flask/request_processing/req_logging.py:26}}
Mar 11 20:54:04 ubuntu devstack@keystone.service[81614]: DEBUG keystone.server.flask.request_processing.req_logging [None req-e2a5a498-eff3-401f-8311-687f8d609088 None admin] SCRIPT_NAME: `/identity` {{(pid=81614) log_request_info /opt/stack/keystone/keystone/server/flask/request_processing/req_logging.py:27}}
Mar 11 20:54:04 ubuntu devstack@keystone.service[81614]: DEBUG keystone.server.flask.request_processing.req_logging [None req-e2a5a498-eff3-401f-8311-687f8d609088 None admin] PATH_INFO: `/v3/roles` {{(pid=81614) log_request_info /opt/stack/keystone/keystone/server/flask/request_processing/req_logging.py:28}}
Mar 11 20:54:04 ubuntu devstack@keystone.service[81614]: DEBUG keystone.common.rbac_enforcer.enforcer [None req-e2a5a498-eff3-401f-8311-687f8d609088 None admin] RBAC: Adding query filter params (name=admin) {{(pid=81614) _extract_filter_values /opt/stack/keystone/keystone/common/rbac_enforcer/enforcer.py:176}}
Mar 11 20:54:04 ubuntu devstack@keystone.service[81614]: DEBUG keystone.common.rbac_enforcer.enforcer [None req-e2a5a498-eff3-401f-8311-687f8d609088 None admin] RBAC: Authorizing `identity:list_roles()` {{(pid=81614) enforce_call /opt/stack/keystone/keystone/common/rbac_enforcer/enforcer.py:494}}
Mar 11 20:54:04 ubuntu devstack@keystone.service[81614]: DEBUG keystone.common.rbac_enforcer.enforcer [None req-e2a5a498-eff3-401f-8311-687f8d609088 None admin] RBAC: Authorization granted {{(pid=81614) enforce_call /opt/stack/keystone/keystone/common/rbac_enforcer/enforcer.py:505}}
Mar 11 20:54:04 ubuntu devstack@keystone.service[81614]: [pid: 81614|app: 0|req: 15/30] 10.201.5.82 () {56 vars in 1149 bytes} [Wed Mar 11 20:54:04 2026] GET /identity/v3/roles?name=admin => generated 339 bytes in 78 msecs (HTTP/1.1 200) 5 headers in 177 bytes (1 switches on core 0)
Mar 11 20:54:04 ubuntu devstack@keystone.service[81614]: DEBUG keystone.server.flask.request_processing.middleware.auth_context [None req-e2a5a498-eff3-401f-8311-687f8d609088 None admin] Authenticating user token {{(pid=81614) process_request /opt/stack/data/venv/lib/python3.10/site-packages/keystonemiddleware/auth_token/__init__.py:407}}
Mar 11 20:54:04 ubuntu devstack@keystone.service[81613]: [pid: 81613|app: 0|req: 16/31] 10.201.5.82 () {58 vars in 1017 bytes} [Wed Mar 11 20:54:04 2026] POST /identity/v3/auth/tokens => generated 862 bytes in 127 msecs (HTTP/1.1 201) 6 headers in 363 bytes (2 switches on core 0)
Mar 11 20:54:04 ubuntu devstack@keystone.service[81613]: DEBUG keystone.server.flask.request_processing.middleware.auth_context [None req-b99536ba-0c22-4aee-b463-697cca3860ee None None] Authenticating user token {{(pid=81613) process_request /opt/stack/data/venv/lib/python3.10/site-packages/keystonemiddleware/auth_token/__init__.py:407}}
Mar 11 20:54:04 ubuntu devstack@keystone.service[81614]: DEBUG keystone.server.flask.request_processing.middleware.auth_context [None req-e2a5a498-eff3-401f-8311-687f8d609088 None admin] Validating token access rules against request {{(pid=81614) validate_allowed_request /opt/stack/data/venv/lib/python3.10/site-packages/keystonemiddleware/auth_token/__init__.py:545}}
Mar 11 20:54:04 ubuntu devstack@keystone.service[81614]: DEBUG keystone.server.flask.request_processing.middleware.auth_context [None req-4d114be0-bf55-40af-8c20-39ee3240dfff None admin] RBAC: auth_context: {'token': <TokenModel (audit_id=mTh2KxL_RUCPjxOfK1nHlA, audit_chain_id=['mTh2KxL_RUCPjxOfK1nHlA']) at 0x7f87a8175ae0>, 'domain_id': None, 'trust_id': None, 'trustor_id': None, 'trustee_id': None, 'domain_name': None, 'group_ids': [], 'user_id': 'c1721246c7f34e8db1a22093b17f121d', 'user_domain_id': 'default', 'system_scope': 'all', 'project_id': None, 'project_domain_id': None, 'roles': ['admin', 'manager', 'member', 'reader'], 'is_admin_project': True, 'service_user_id': None, 'service_user_domain_id': None, 'service_project_id': None, 'service_project_domain_id': None, 'service_roles': []} {{(pid=81614) fill_context /opt/stack/keystone/keystone/server/flask/request_processing/middleware/auth_context.py:509}}
Mar 11 20:54:04 ubuntu devstack@keystone.service[81614]: DEBUG keystone.server.flask.request_processing.req_logging [None req-4d114be0-bf55-40af-8c20-39ee3240dfff None admin] REQUEST_METHOD: `GET` {{(pid=81614) log_request_info /opt/stack/keystone/keystone/server/flask/request_processing/req_logging.py:26}}
Mar 11 20:54:04 ubuntu devstack@keystone.service[81614]: DEBUG keystone.server.flask.request_processing.req_logging [None req-4d114be0-bf55-40af-8c20-39ee3240dfff None admin] SCRIPT_NAME: `/identity` {{(pid=81614) log_request_info /opt/stack/keystone/keystone/server/flask/request_processing/req_logging.py:27}}
Mar 11 20:54:04 ubuntu devstack@keystone.service[81614]: DEBUG keystone.server.flask.request_processing.req_logging [None req-4d114be0-bf55-40af-8c20-39ee3240dfff None admin] PATH_INFO: `/v3/domains` {{(pid=81614) log_request_info /opt/stack/keystone/keystone/server/flask/request_processing/req_logging.py:28}}
Mar 11 20:54:04 ubuntu devstack@keystone.service[81614]: DEBUG keystone.common.rbac_enforcer.enforcer [None req-4d114be0-bf55-40af-8c20-39ee3240dfff None admin] RBAC: Adding query filter params (name=Default) {{(pid=81614) _extract_filter_values /opt/stack/keystone/keystone/common/rbac_enforcer/enforcer.py:176}}
Mar 11 20:54:04 ubuntu devstack@keystone.service[81614]: DEBUG keystone.common.rbac_enforcer.enforcer [None req-4d114be0-bf55-40af-8c20-39ee3240dfff None admin] RBAC: Authorizing `identity:list_domains()` {{(pid=81614) enforce_call /opt/stack/keystone/keystone/common/rbac_enforcer/enforcer.py:494}}
Mar 11 20:54:04 ubuntu devstack@keystone.service[81614]: DEBUG keystone.common.rbac_enforcer.enforcer [None req-4d114be0-bf55-40af-8c20-39ee3240dfff None admin] RBAC: Authorization granted {{(pid=81614) enforce_call /opt/stack/keystone/keystone/common/rbac_enforcer/enforcer.py:505}}
Mar 11 20:54:04 ubuntu devstack@keystone.service[81614]: [pid: 81614|app: 0|req: 16/32] 10.201.5.82 () {56 vars in 1159 bytes} [Wed Mar 11 20:54:04 2026] GET /identity/v3/domains?name=Default => generated 308 bytes in 63 msecs (HTTP/1.1 200) 5 headers in 177 bytes (1 switches on core 0)
Mar 11 20:54:04 ubuntu devstack@keystone.service[81614]: DEBUG keystone.server.flask.request_processing.middleware.auth_context [None req-4d114be0-bf55-40af-8c20-39ee3240dfff None admin] Authenticating user token {{(pid=81614) process_request /opt/stack/data/venv/lib/python3.10/site-packages/keystonemiddleware/auth_token/__init__.py:407}}
Mar 11 20:54:04 ubuntu devstack@keystone.service[81614]: DEBUG keystone.server.flask.request_processing.middleware.auth_context [None req-4d114be0-bf55-40af-8c20-39ee3240dfff None admin] Validating token access rules against request {{(pid=81614) validate_allowed_request /opt/stack/data/venv/lib/python3.10/site-packages/keystonemiddleware/auth_token/__init__.py:545}}
Mar 11 20:54:04 ubuntu devstack@keystone.service[81613]: DEBUG keystone.server.flask.request_processing.middleware.auth_context [None req-b99536ba-0c22-4aee-b463-697cca3860ee None None] Validating token access rules against request {{(pid=81613) validate_allowed_request /opt/stack/data/venv/lib/python3.10/site-packages/keystonemiddleware/auth_token/__init__.py:545}}
Mar 11 20:54:04 ubuntu devstack@keystone.service[81614]: DEBUG keystone.server.flask.request_processing.middleware.auth_context [None req-e77caf27-54e3-4fcd-9946-667958f7dfa2 None admin] RBAC: auth_context: {'token': <TokenModel (audit_id=mTh2KxL_RUCPjxOfK1nHlA, audit_chain_id=['mTh2KxL_RUCPjxOfK1nHlA']) at 0x7f87a3f3bb80>, 'domain_id': None, 'trust_id': None, 'trustor_id': None, 'trustee_id': None, 'domain_name': None, 'group_ids': [], 'user_id': 'c1721246c7f34e8db1a22093b17f121d', 'user_domain_id': 'default', 'system_scope': 'all', 'project_id': None, 'project_domain_id': None, 'roles': ['admin', 'manager', 'member', 'reader'], 'is_admin_project': True, 'service_user_id': None, 'service_user_domain_id': None, 'service_project_id': None, 'service_project_domain_id': None, 'service_roles': []} {{(pid=81614) fill_context /opt/stack/keystone/keystone/server/flask/request_processing/middleware/auth_context.py:509}}
Mar 11 20:54:04 ubuntu devstack@keystone.service[81614]: DEBUG keystone.server.flask.request_processing.req_logging [None req-e77caf27-54e3-4fcd-9946-667958f7dfa2 None admin] REQUEST_METHOD: `POST` {{(pid=81614) log_request_info /opt/stack/keystone/keystone/server/flask/request_processing/req_logging.py:26}}
Mar 11 20:54:04 ubuntu devstack@keystone.service[81614]: DEBUG keystone.server.flask.request_processing.req_logging [None req-e77caf27-54e3-4fcd-9946-667958f7dfa2 None admin] SCRIPT_NAME: `/identity` {{(pid=81614) log_request_info /opt/stack/keystone/keystone/server/flask/request_processing/req_logging.py:27}}
Mar 11 20:54:04 ubuntu devstack@keystone.service[81614]: DEBUG keystone.server.flask.request_processing.req_logging [None req-e77caf27-54e3-4fcd-9946-667958f7dfa2 None admin] PATH_INFO: `/v3/projects` {{(pid=81614) log_request_info /opt/stack/keystone/keystone/server/flask/request_processing/req_logging.py:28}}
Mar 11 20:54:04 ubuntu devstack@keystone.service[81614]: DEBUG keystone.common.rbac_enforcer.enforcer [None req-e77caf27-54e3-4fcd-9946-667958f7dfa2 None admin] RBAC: Authorizing `identity:create_project()` {{(pid=81614) enforce_call /opt/stack/keystone/keystone/common/rbac_enforcer/enforcer.py:494}}
Mar 11 20:54:04 ubuntu devstack@keystone.service[81614]: DEBUG keystone.common.rbac_enforcer.enforcer [None req-e77caf27-54e3-4fcd-9946-667958f7dfa2 None admin] RBAC: Authorization granted {{(pid=81614) enforce_call /opt/stack/keystone/keystone/common/rbac_enforcer/enforcer.py:505}}
Mar 11 20:54:04 ubuntu devstack@keystone.service[81613]: DEBUG keystone.server.flask.request_processing.middleware.auth_context [None req-e54111f2-0275-49a2-9088-c0a7937debce None admin] RBAC: auth_context: {'token': <TokenModel (audit_id=8PcvHoa8T0CdKx9wucelAA, audit_chain_id=['8PcvHoa8T0CdKx9wucelAA']) at 0x7f87a81a4520>, 'domain_id': None, 'trust_id': None, 'trustor_id': None, 'trustee_id': None, 'domain_name': None, 'group_ids': [], 'user_id': 'c1721246c7f34e8db1a22093b17f121d', 'user_domain_id': 'default', 'system_scope': 'all', 'project_id': None, 'project_domain_id': None, 'roles': ['admin', 'manager', 'member', 'reader'], 'is_admin_project': True, 'service_user_id': None, 'service_user_domain_id': None, 'service_project_id': None, 'service_project_domain_id': None, 'service_roles': []} {{(pid=81613) fill_context /opt/stack/keystone/keystone/server/flask/request_processing/middleware/auth_context.py:509}}
Mar 11 20:54:04 ubuntu devstack@keystone.service[81613]: DEBUG keystone.server.flask.request_processing.req_logging [None req-e54111f2-0275-49a2-9088-c0a7937debce None admin] REQUEST_METHOD: `GET` {{(pid=81613) log_request_info /opt/stack/keystone/keystone/server/flask/request_processing/req_logging.py:26}}
Mar 11 20:54:04 ubuntu devstack@keystone.service[81613]: DEBUG keystone.server.flask.request_processing.req_logging [None req-e54111f2-0275-49a2-9088-c0a7937debce None admin] SCRIPT_NAME: `/identity` {{(pid=81613) log_request_info /opt/stack/keystone/keystone/server/flask/request_processing/req_logging.py:27}}
Mar 11 20:54:04 ubuntu devstack@keystone.service[81613]: DEBUG keystone.server.flask.request_processing.req_logging [None req-e54111f2-0275-49a2-9088-c0a7937debce None admin] PATH_INFO: `/v3/users/c1721246c7f34e8db1a22093b17f121d` {{(pid=81613) log_request_info /opt/stack/keystone/keystone/server/flask/request_processing/req_logging.py:28}}
Mar 11 20:54:04 ubuntu devstack@keystone.service[81613]: DEBUG keystone.common.rbac_enforcer.enforcer [None req-e54111f2-0275-49a2-9088-c0a7937debce None admin] RBAC: Authorizing `identity:get_user(user_id=c1721246c7f34e8db1a22093b17f121d)` {{(pid=81613) enforce_call /opt/stack/keystone/keystone/common/rbac_enforcer/enforcer.py:494}}
Mar 11 20:54:04 ubuntu devstack@keystone.service[81613]: DEBUG keystone.common.rbac_enforcer.enforcer [None req-e54111f2-0275-49a2-9088-c0a7937debce None admin] RBAC: Authorization granted {{(pid=81613) enforce_call /opt/stack/keystone/keystone/common/rbac_enforcer/enforcer.py:505}}
Mar 11 20:54:04 ubuntu devstack@keystone.service[81613]: [pid: 81613|app: 0|req: 17/33] 10.201.5.82 () {56 vars in 1214 bytes} [Wed Mar 11 20:54:04 2026] GET /identity/v3/users/c1721246c7f34e8db1a22093b17f121d => generated 247 bytes in 158 msecs (HTTP/1.1 200) 5 headers in 177 bytes (1 switches on core 0)
Mar 11 20:54:04 ubuntu devstack@keystone.service[81613]: DEBUG keystone.server.flask.request_processing.middleware.auth_context [None req-e54111f2-0275-49a2-9088-c0a7937debce None admin] Authenticating user token {{(pid=81613) process_request /opt/stack/data/venv/lib/python3.10/site-packages/keystonemiddleware/auth_token/__init__.py:407}}
Mar 11 20:54:04 ubuntu devstack@keystone.service[81613]: DEBUG keystone.server.flask.request_processing.middleware.auth_context [None req-e54111f2-0275-49a2-9088-c0a7937debce None admin] Validating token access rules against request {{(pid=81613) validate_allowed_request /opt/stack/data/venv/lib/python3.10/site-packages/keystonemiddleware/auth_token/__init__.py:545}}
Mar 11 20:54:04 ubuntu devstack@keystone.service[81614]: [pid: 81614|app: 0|req: 17/34] 10.201.5.82 () {60 vars in 1177 bytes} [Wed Mar 11 20:54:04 2026] POST /identity/v3/projects => generated 301 bytes in 229 msecs (HTTP/1.1 201) 5 headers in 182 bytes (1 switches on core 0)
Mar 11 20:54:04 ubuntu devstack@keystone.service[81614]: DEBUG keystone.server.flask.request_processing.middleware.auth_context [None req-e77caf27-54e3-4fcd-9946-667958f7dfa2 None admin] Authenticating user token {{(pid=81614) process_request /opt/stack/data/venv/lib/python3.10/site-packages/keystonemiddleware/auth_token/__init__.py:407}}
Mar 11 20:54:04 ubuntu devstack@keystone.service[81613]: DEBUG keystone.server.flask.request_processing.middleware.auth_context [None req-04114990-122a-4980-b1ce-4dc91cb19024 None admin] RBAC: auth_context: {'token': <TokenModel (audit_id=8PcvHoa8T0CdKx9wucelAA, audit_chain_id=['8PcvHoa8T0CdKx9wucelAA']) at 0x7f87a81a4280>, 'domain_id': None, 'trust_id': None, 'trustor_id': None, 'trustee_id': None, 'domain_name': None, 'group_ids': [], 'user_id': 'c1721246c7f34e8db1a22093b17f121d', 'user_domain_id': 'default', 'system_scope': 'all', 'project_id': None, 'project_domain_id': None, 'roles': ['admin', 'manager', 'member', 'reader'], 'is_admin_project': True, 'service_user_id': None, 'service_user_domain_id': None, 'service_project_id': None, 'service_project_domain_id': None, 'service_roles': []} {{(pid=81613) fill_context /opt/stack/keystone/keystone/server/flask/request_processing/middleware/auth_context.py:509}}
Mar 11 20:54:04 ubuntu devstack@keystone.service[81613]: DEBUG keystone.server.flask.request_processing.req_logging [None req-04114990-122a-4980-b1ce-4dc91cb19024 None admin] REQUEST_METHOD: `GET` {{(pid=81613) log_request_info /opt/stack/keystone/keystone/server/flask/request_processing/req_logging.py:26}}
Mar 11 20:54:04 ubuntu devstack@keystone.service[81613]: DEBUG keystone.server.flask.request_processing.req_logging [None req-04114990-122a-4980-b1ce-4dc91cb19024 None admin] SCRIPT_NAME: `/identity` {{(pid=81613) log_request_info /opt/stack/keystone/keystone/server/flask/request_processing/req_logging.py:27}}
Mar 11 20:54:04 ubuntu devstack@keystone.service[81613]: DEBUG keystone.server.flask.request_processing.req_logging [None req-04114990-122a-4980-b1ce-4dc91cb19024 None admin] PATH_INFO: `/v3/domains/default` {{(pid=81613) log_request_info /opt/stack/keystone/keystone/server/flask/request_processing/req_logging.py:28}}
Mar 11 20:54:04 ubuntu devstack@keystone.service[81613]: DEBUG keystone.common.rbac_enforcer.enforcer [None req-04114990-122a-4980-b1ce-4dc91cb19024 None admin] RBAC: Authorizing `identity:get_domain(domain_id=default)` {{(pid=81613) enforce_call /opt/stack/keystone/keystone/common/rbac_enforcer/enforcer.py:494}}
Mar 11 20:54:04 ubuntu devstack@keystone.service[81613]: DEBUG keystone.common.rbac_enforcer.enforcer [None req-04114990-122a-4980-b1ce-4dc91cb19024 None admin] RBAC: Authorization granted {{(pid=81613) enforce_call /opt/stack/keystone/keystone/common/rbac_enforcer/enforcer.py:505}}
Mar 11 20:54:04 ubuntu devstack@keystone.service[81613]: [pid: 81613|app: 0|req: 18/35] 10.201.5.82 () {56 vars in 1145 bytes} [Wed Mar 11 20:54:04 2026] GET /identity/v3/domains/default => generated 199 bytes in 115 msecs (HTTP/1.1 200) 5 headers in 177 bytes (2 switches on core 0)
Mar 11 20:54:04 ubuntu devstack@keystone.service[81613]: DEBUG keystone.server.flask.request_processing.middleware.auth_context [None req-04114990-122a-4980-b1ce-4dc91cb19024 None admin] Authenticating user token {{(pid=81613) process_request /opt/stack/data/venv/lib/python3.10/site-packages/keystonemiddleware/auth_token/__init__.py:407}}
Mar 11 20:54:04 ubuntu devstack@keystone.service[81613]: DEBUG keystone.server.flask.request_processing.middleware.auth_context [None req-04114990-122a-4980-b1ce-4dc91cb19024 None admin] Validating token access rules against request {{(pid=81613) validate_allowed_request /opt/stack/data/venv/lib/python3.10/site-packages/keystonemiddleware/auth_token/__init__.py:545}}
Mar 11 20:54:04 ubuntu devstack@keystone.service[81614]: DEBUG keystone.server.flask.request_processing.middleware.auth_context [None req-e77caf27-54e3-4fcd-9946-667958f7dfa2 None admin] Validating token access rules against request {{(pid=81614) validate_allowed_request /opt/stack/data/venv/lib/python3.10/site-packages/keystonemiddleware/auth_token/__init__.py:545}}
Mar 11 20:54:04 ubuntu devstack@keystone.service[81613]: DEBUG keystone.server.flask.request_processing.middleware.auth_context [None req-1208f451-bb57-47c1-956d-d7cad4f2ff4b None admin] RBAC: auth_context: {'token': <TokenModel (audit_id=8PcvHoa8T0CdKx9wucelAA, audit_chain_id=['8PcvHoa8T0CdKx9wucelAA']) at 0x7f87a81a43d0>, 'domain_id': None, 'trust_id': None, 'trustor_id': None, 'trustee_id': None, 'domain_name': None, 'group_ids': [], 'user_id': 'c1721246c7f34e8db1a22093b17f121d', 'user_domain_id': 'default', 'system_scope': 'all', 'project_id': None, 'project_domain_id': None, 'roles': ['admin', 'manager', 'member', 'reader'], 'is_admin_project': True, 'service_user_id': None, 'service_user_domain_id': None, 'service_project_id': None, 'service_project_domain_id': None, 'service_roles': []} {{(pid=81613) fill_context /opt/stack/keystone/keystone/server/flask/request_processing/middleware/auth_context.py:509}}
Mar 11 20:54:04 ubuntu devstack@keystone.service[81613]: DEBUG keystone.server.flask.request_processing.req_logging [None req-1208f451-bb57-47c1-956d-d7cad4f2ff4b None admin] REQUEST_METHOD: `GET` {{(pid=81613) log_request_info /opt/stack/keystone/keystone/server/flask/request_processing/req_logging.py:26}}
Mar 11 20:54:04 ubuntu devstack@keystone.service[81613]: DEBUG keystone.server.flask.request_processing.req_logging [None req-1208f451-bb57-47c1-956d-d7cad4f2ff4b None admin] SCRIPT_NAME: `/identity` {{(pid=81613) log_request_info /opt/stack/keystone/keystone/server/flask/request_processing/req_logging.py:27}}
Mar 11 20:54:04 ubuntu devstack@keystone.service[81613]: DEBUG keystone.server.flask.request_processing.req_logging [None req-1208f451-bb57-47c1-956d-d7cad4f2ff4b None admin] PATH_INFO: `/v3/role_assignments` {{(pid=81613) log_request_info /opt/stack/keystone/keystone/server/flask/request_processing/req_logging.py:28}}
Mar 11 20:54:04 ubuntu devstack@keystone.service[81613]: DEBUG keystone.common.rbac_enforcer.enforcer [None req-1208f451-bb57-47c1-956d-d7cad4f2ff4b None admin] RBAC: Adding query filter params (role.id=35188a49da6b4319b7b6988cb10c7b05, scope.domain.id=default, user.id=c1721246c7f34e8db1a22093b17f121d) {{(pid=81613) _extract_filter_values /opt/stack/keystone/keystone/common/rbac_enforcer/enforcer.py:176}}
Mar 11 20:54:04 ubuntu devstack@keystone.service[81613]: DEBUG keystone.common.rbac_enforcer.enforcer [None req-1208f451-bb57-47c1-956d-d7cad4f2ff4b None admin] RBAC: Authorizing `identity:list_role_assignments()` {{(pid=81613) enforce_call /opt/stack/keystone/keystone/common/rbac_enforcer/enforcer.py:494}}
Mar 11 20:54:04 ubuntu devstack@keystone.service[81613]: DEBUG keystone.common.rbac_enforcer.enforcer [None req-1208f451-bb57-47c1-956d-d7cad4f2ff4b None admin] RBAC: Authorization granted {{(pid=81613) enforce_call /opt/stack/keystone/keystone/common/rbac_enforcer/enforcer.py:505}}
Mar 11 20:54:04 ubuntu devstack@keystone.service[81613]: [pid: 81613|app: 0|req: 19/36] 10.201.5.82 () {56 vars in 1372 bytes} [Wed Mar 11 20:54:04 2026] GET /identity/v3/role_assignments?role.id=35188a49da6b4319b7b6988cb10c7b05&scope.domain.id=default&user.id=c1721246c7f34e8db1a22093b17f121d => generated 530 bytes in 70 msecs (HTTP/1.1 200) 5 headers in 177 bytes (1 switches on core 0)
Mar 11 20:54:04 ubuntu devstack@keystone.service[81614]: DEBUG keystone.server.flask.request_processing.middleware.auth_context [None req-f049c2c3-0517-448a-9108-21627a23a497 None admin] RBAC: auth_context: {'token': <TokenModel (audit_id=824FII5XQVKLUGSGUF-aLA, audit_chain_id=['824FII5XQVKLUGSGUF-aLA']) at 0x7f87a3a195d0>, 'domain_id': None, 'trust_id': None, 'trustor_id': None, 'trustee_id': None, 'domain_name': None, 'group_ids': [], 'user_id': 'c1721246c7f34e8db1a22093b17f121d', 'user_domain_id': 'default', 'system_scope': 'all', 'project_id': None, 'project_domain_id': None, 'roles': ['admin', 'manager', 'member', 'reader'], 'is_admin_project': True, 'service_user_id': None, 'service_user_domain_id': None, 'service_project_id': None, 'service_project_domain_id': None, 'service_roles': []} {{(pid=81614) fill_context /opt/stack/keystone/keystone/server/flask/request_processing/middleware/auth_context.py:509}}
Mar 11 20:54:04 ubuntu devstack@keystone.service[81614]: DEBUG keystone.server.flask.request_processing.req_logging [None req-f049c2c3-0517-448a-9108-21627a23a497 None admin] REQUEST_METHOD: `POST` {{(pid=81614) log_request_info /opt/stack/keystone/keystone/server/flask/request_processing/req_logging.py:26}}
Mar 11 20:54:04 ubuntu devstack@keystone.service[81614]: DEBUG keystone.server.flask.request_processing.req_logging [None req-f049c2c3-0517-448a-9108-21627a23a497 None admin] SCRIPT_NAME: `/identity` {{(pid=81614) log_request_info /opt/stack/keystone/keystone/server/flask/request_processing/req_logging.py:27}}
Mar 11 20:54:04 ubuntu devstack@keystone.service[81614]: DEBUG keystone.server.flask.request_processing.req_logging [None req-f049c2c3-0517-448a-9108-21627a23a497 None admin] PATH_INFO: `/v3/roles` {{(pid=81614) log_request_info /opt/stack/keystone/keystone/server/flask/request_processing/req_logging.py:28}}
Mar 11 20:54:04 ubuntu devstack@keystone.service[81614]: DEBUG keystone.common.rbac_enforcer.enforcer [None req-f049c2c3-0517-448a-9108-21627a23a497 None admin] RBAC: Authorizing `identity:create_role()` {{(pid=81614) enforce_call /opt/stack/keystone/keystone/common/rbac_enforcer/enforcer.py:494}}
Mar 11 20:54:04 ubuntu devstack@keystone.service[81614]: DEBUG keystone.common.rbac_enforcer.enforcer [None req-f049c2c3-0517-448a-9108-21627a23a497 None admin] RBAC: Authorization granted {{(pid=81614) enforce_call /opt/stack/keystone/keystone/common/rbac_enforcer/enforcer.py:505}}
Mar 11 20:54:04 ubuntu devstack@keystone.service[81614]: DEBUG keystone.common.sql.core [None req-f049c2c3-0517-448a-9108-21627a23a497 None admin] Conflict role: (pymysql.err.IntegrityError) (1062, "Duplicate entry 'service-<<null>>' for key 'role.ixu_role_name_domain_id'")
Mar 11 20:54:04 ubuntu devstack@keystone.service[81614]: [SQL: INSERT INTO `role` (id, name, description, extra) VALUES (%(id)s, %(name)s, %(description)s, %(extra)s)]
Mar 11 20:54:04 ubuntu devstack@keystone.service[81614]: [parameters: {'id': 'ab2c42b86db04ebaa36e08b54a72883c', 'name': 'service', 'description': None, 'extra': '{}'}]
Mar 11 20:54:04 ubuntu devstack@keystone.service[81614]: (Background on this error at: https://sqlalche.me/e/20/gkpj) {{(pid=81614) wrapper /opt/stack/keystone/keystone/common/sql/core.py:580}}
Mar 11 20:54:04 ubuntu devstack@keystone.service[81614]: ERROR keystone.server.flask.application [None req-f049c2c3-0517-448a-9108-21627a23a497 None admin] Conflict occurred attempting to store role - Duplicate entry found with name service.: keystone.exception.Conflict: Conflict occurred attempting to store role - Duplicate entry found with name service.
Mar 11 20:54:04 ubuntu devstack@keystone.service[81614]: ERROR keystone.server.flask.application Traceback (most recent call last):
Mar 11 20:54:04 ubuntu devstack@keystone.service[81614]: ERROR keystone.server.flask.application   File "/opt/stack/data/venv/lib/python3.10/site-packages/sqlalchemy/engine/base.py", line 1967, in _exec_single_context
Mar 11 20:54:04 ubuntu devstack@keystone.service[81614]: ERROR keystone.server.flask.application     self.dialect.do_execute(
Mar 11 20:54:04 ubuntu devstack@keystone.service[81614]: ERROR keystone.server.flask.application   File "/opt/stack/data/venv/lib/python3.10/site-packages/sqlalchemy/engine/default.py", line 952, in do_execute
Mar 11 20:54:04 ubuntu devstack@keystone.service[81614]: ERROR keystone.server.flask.application     cursor.execute(statement, parameters)
Mar 11 20:54:04 ubuntu devstack@keystone.service[81614]: ERROR keystone.server.flask.application   File "/opt/stack/data/venv/lib/python3.10/site-packages/pymysql/cursors.py", line 153, in execute
Mar 11 20:54:04 ubuntu devstack@keystone.service[81614]: ERROR keystone.server.flask.application     result = self._query(query)
Mar 11 20:54:04 ubuntu devstack@keystone.service[81614]: ERROR keystone.server.flask.application   File "/opt/stack/data/venv/lib/python3.10/site-packages/pymysql/cursors.py", line 322, in _query
Mar 11 20:54:04 ubuntu devstack@keystone.service[81614]: ERROR keystone.server.flask.application     conn.query(q)
Mar 11 20:54:04 ubuntu devstack@keystone.service[81614]: ERROR keystone.server.flask.application   File "/opt/stack/data/venv/lib/python3.10/site-packages/pymysql/connections.py", line 575, in query
Mar 11 20:54:04 ubuntu devstack@keystone.service[81614]: ERROR keystone.server.flask.application     self._affected_rows = self._read_query_result(unbuffered=unbuffered)
Mar 11 20:54:04 ubuntu devstack@keystone.service[81614]: ERROR keystone.server.flask.application   File "/opt/stack/data/venv/lib/python3.10/site-packages/pymysql/connections.py", line 826, in _read_query_result
Mar 11 20:54:04 ubuntu devstack@keystone.service[81614]: ERROR keystone.server.flask.application     result.read()
Mar 11 20:54:04 ubuntu devstack@keystone.service[81614]: ERROR keystone.server.flask.application   File "/opt/stack/data/venv/lib/python3.10/site-packages/pymysql/connections.py", line 1203, in read
Mar 11 20:54:04 ubuntu devstack@keystone.service[81614]: ERROR keystone.server.flask.application     first_packet = self.connection._read_packet()
Mar 11 20:54:04 ubuntu devstack@keystone.service[81614]: ERROR keystone.server.flask.application   File "/opt/stack/data/venv/lib/python3.10/site-packages/pymysql/connections.py", line 782, in _read_packet
Mar 11 20:54:04 ubuntu devstack@keystone.service[81614]: ERROR keystone.server.flask.application     packet.raise_for_error()
Mar 11 20:54:04 ubuntu devstack@keystone.service[81614]: ERROR keystone.server.flask.application   File "/opt/stack/data/venv/lib/python3.10/site-packages/pymysql/protocol.py", line 219, in raise_for_error
Mar 11 20:54:04 ubuntu devstack@keystone.service[81614]: ERROR keystone.server.flask.application     err.raise_mysql_exception(self._data)
Mar 11 20:54:04 ubuntu devstack@keystone.service[81614]: ERROR keystone.server.flask.application   File "/opt/stack/data/venv/lib/python3.10/site-packages/pymysql/err.py", line 150, in raise_mysql_exception
Mar 11 20:54:04 ubuntu devstack@keystone.service[81614]: ERROR keystone.server.flask.application     raise errorclass(errno, errval)
Mar 11 20:54:04 ubuntu devstack@keystone.service[81614]: ERROR keystone.server.flask.application pymysql.err.IntegrityError: (1062, "Duplicate entry 'service-<<null>>' for key 'role.ixu_role_name_domain_id'")
Mar 11 20:54:04 ubuntu devstack@keystone.service[81614]: ERROR keystone.server.flask.application 
Mar 11 20:54:04 ubuntu devstack@keystone.service[81614]: ERROR keystone.server.flask.application The above exception was the direct cause of the following exception:
Mar 11 20:54:04 ubuntu devstack@keystone.service[81614]: ERROR keystone.server.flask.application 
Mar 11 20:54:04 ubuntu devstack@keystone.service[81614]: ERROR keystone.server.flask.application Traceback (most recent call last):
Mar 11 20:54:04 ubuntu devstack@keystone.service[81614]: ERROR keystone.server.flask.application   File "/opt/stack/keystone/keystone/common/sql/core.py", line 575, in wrapper
Mar 11 20:54:04 ubuntu devstack@keystone.service[81614]: ERROR keystone.server.flask.application     return method(*args, **kwargs)
Mar 11 20:54:04 ubuntu devstack@keystone.service[81614]: ERROR keystone.server.flask.application   File "/opt/stack/keystone/keystone/assignment/role_backends/sql.py", line 25, in create_role
Mar 11 20:54:04 ubuntu devstack@keystone.service[81614]: ERROR keystone.server.flask.application     with sql.session_for_write() as session:
Mar 11 20:54:04 ubuntu devstack@keystone.service[81614]: ERROR keystone.server.flask.application   File "/usr/lib/python3.10/contextlib.py", line 142, in __exit__
Mar 11 20:54:04 ubuntu devstack@keystone.service[81614]: ERROR keystone.server.flask.application     next(self.gen)
Mar 11 20:54:04 ubuntu devstack@keystone.service[81614]: ERROR keystone.server.flask.application   File "/opt/stack/data/venv/lib/python3.10/site-packages/oslo_db/sqlalchemy/enginefacade.py", line 1175, in _transaction_scope
Mar 11 20:54:04 ubuntu devstack@keystone.service[81614]: ERROR keystone.server.flask.application     with current._produce_block(
Mar 11 20:54:04 ubuntu devstack@keystone.service[81614]: ERROR keystone.server.flask.application   File "/usr/lib/python3.10/contextlib.py", line 142, in __exit__
Mar 11 20:54:04 ubuntu devstack@keystone.service[81614]: ERROR keystone.server.flask.application     next(self.gen)
Mar 11 20:54:04 ubuntu devstack@keystone.service[81614]: ERROR keystone.server.flask.application   File "/opt/stack/data/venv/lib/python3.10/site-packages/oslo_db/sqlalchemy/enginefacade.py", line 837, in _session
Mar 11 20:54:04 ubuntu devstack@keystone.service[81614]: ERROR keystone.server.flask.application     with excutils.save_and_reraise_exception():
Mar 11 20:54:04 ubuntu devstack@keystone.service[81614]: ERROR keystone.server.flask.application   File "/opt/stack/data/venv/lib/python3.10/site-packages/oslo_utils/excutils.py", line 267, in __exit__
Mar 11 20:54:04 ubuntu devstack@keystone.service[81614]: ERROR keystone.server.flask.application     self.force_reraise()
Mar 11 20:54:04 ubuntu devstack@keystone.service[81614]: ERROR keystone.server.flask.application   File "/opt/stack/data/venv/lib/python3.10/site-packages/oslo_utils/excutils.py", line 233, in force_reraise
Mar 11 20:54:04 ubuntu devstack@keystone.service[81614]: ERROR keystone.server.flask.application     raise self.value
Mar 11 20:54:04 ubuntu devstack@keystone.service[81614]: ERROR keystone.server.flask.application   File "/opt/stack/data/venv/lib/python3.10/site-packages/oslo_db/sqlalchemy/enginefacade.py", line 835, in _session
Mar 11 20:54:04 ubuntu devstack@keystone.service[81614]: ERROR keystone.server.flask.application     self._end_session_transaction(self.session)
Mar 11 20:54:04 ubuntu devstack@keystone.service[81614]: ERROR keystone.server.flask.application   File "/opt/stack/data/venv/lib/python3.10/site-packages/oslo_db/sqlalchemy/enginefacade.py", line 748, in _end_session_transaction
Mar 11 20:54:04 ubuntu devstack@keystone.service[81614]: ERROR keystone.server.flask.application     session.commit()
