Apr 06 13:35:33 ubuntu devstack@keystone.service[82031]: DEBUG keystone.server.flask.request_processing.req_logging [None req-dfe5ac8b-85ae-47af-97a0-b325b40680ec None None] SCRIPT_NAME: `/identity` {{(pid=82031) log_request_info /opt/stack/keystone/keystone/server/flask/request_processing/req_logging.py:27}}
Apr 06 13:35:33 ubuntu devstack@keystone.service[82031]: DEBUG keystone.server.flask.request_processing.req_logging [None req-dfe5ac8b-85ae-47af-97a0-b325b40680ec None None] PATH_INFO: `/v3/auth/tokens` {{(pid=82031) log_request_info /opt/stack/keystone/keystone/server/flask/request_processing/req_logging.py:28}}
Apr 06 13:35:33 ubuntu devstack@keystone.service[82031]: WARNING keystone.common.password_hashing [None req-dfe5ac8b-85ae-47af-97a0-b325b40680ec None None] Truncating password to algorithm specific maximum length 72 characters.
Apr 06 13:35:33 ubuntu devstack@keystone.service[82030]: DEBUG keystone.server.flask.request_processing.req_logging [None req-ee799000-a7cc-4aa1-9223-238cd8d9374a None None] REQUEST_METHOD: `GET` {{(pid=82030) log_request_info /opt/stack/keystone/keystone/server/flask/request_processing/req_logging.py:26}}
Apr 06 13:35:33 ubuntu devstack@keystone.service[82030]: DEBUG keystone.server.flask.request_processing.req_logging [None req-ee799000-a7cc-4aa1-9223-238cd8d9374a None None] SCRIPT_NAME: `/identity` {{(pid=82030) log_request_info /opt/stack/keystone/keystone/server/flask/request_processing/req_logging.py:27}}
Apr 06 13:35:33 ubuntu devstack@keystone.service[82030]: DEBUG keystone.server.flask.request_processing.req_logging [None req-ee799000-a7cc-4aa1-9223-238cd8d9374a None None] PATH_INFO: `/` {{(pid=82030) log_request_info /opt/stack/keystone/keystone/server/flask/request_processing/req_logging.py:28}}
Apr 06 13:35:33 ubuntu devstack@keystone.service[82030]: [pid: 82030|app: 0|req: 13/24] 10.201.5.82 () {54 vars in 920 bytes} [Mon Apr  6 13:35:33 2026] GET /identity => generated 270 bytes in 1 msecs (HTTP/1.1 300) 6 headers in 234 bytes (2 switches on core 0)
Apr 06 13:35:33 ubuntu devstack@keystone.service[82031]: DEBUG keystone.auth.core [None req-dfe5ac8b-85ae-47af-97a0-b325b40680ec None None] MFA Rules not processed for user `3b17bb1e40aa4b99aa357947b10304c5`. Rule list: `[]` (Enabled: `True`). {{(pid=82031) check_auth_methods_against_rules /opt/stack/keystone/keystone/auth/core.py:476}}
Apr 06 13:35:33 ubuntu devstack@keystone.service[82030]: DEBUG keystone.server.flask.request_processing.req_logging [None req-b6fdb4f9-1310-4c7e-848a-f7fd4d03eba9 None None] REQUEST_METHOD: `POST` {{(pid=82030) log_request_info /opt/stack/keystone/keystone/server/flask/request_processing/req_logging.py:26}}
Apr 06 13:35:33 ubuntu devstack@keystone.service[82030]: DEBUG keystone.server.flask.request_processing.req_logging [None req-b6fdb4f9-1310-4c7e-848a-f7fd4d03eba9 None None] SCRIPT_NAME: `/identity` {{(pid=82030) log_request_info /opt/stack/keystone/keystone/server/flask/request_processing/req_logging.py:27}}
Apr 06 13:35:33 ubuntu devstack@keystone.service[82030]: DEBUG keystone.server.flask.request_processing.req_logging [None req-b6fdb4f9-1310-4c7e-848a-f7fd4d03eba9 None None] PATH_INFO: `/v3/auth/tokens` {{(pid=82030) log_request_info /opt/stack/keystone/keystone/server/flask/request_processing/req_logging.py:28}}
Apr 06 13:35:33 ubuntu devstack@keystone.service[82031]: DEBUG keystone.common.fernet_utils [None req-dfe5ac8b-85ae-47af-97a0-b325b40680ec None None] Loaded 2 Fernet keys from /etc/keystone/fernet-keys/, but `[fernet_tokens] max_active_keys = 3`; perhaps there have not been enough key rotations to reach `max_active_keys` yet? {{(pid=82031) load_keys /opt/stack/keystone/keystone/common/fernet_utils.py:297}}
Apr 06 13:35:33 ubuntu devstack@keystone.service[82030]: WARNING keystone.common.password_hashing [None req-b6fdb4f9-1310-4c7e-848a-f7fd4d03eba9 None None] Truncating password to algorithm specific maximum length 72 characters.
Apr 06 13:35:33 ubuntu devstack@keystone.service[82030]: DEBUG keystone.auth.core [None req-b6fdb4f9-1310-4c7e-848a-f7fd4d03eba9 None None] MFA Rules not processed for user `3b17bb1e40aa4b99aa357947b10304c5`. Rule list: `[]` (Enabled: `True`). {{(pid=82030) check_auth_methods_against_rules /opt/stack/keystone/keystone/auth/core.py:476}}
Apr 06 13:35:33 ubuntu devstack@keystone.service[82030]: DEBUG keystone.common.fernet_utils [None req-b6fdb4f9-1310-4c7e-848a-f7fd4d03eba9 None None] Loaded 2 Fernet keys from /etc/keystone/fernet-keys/, but `[fernet_tokens] max_active_keys = 3`; perhaps there have not been enough key rotations to reach `max_active_keys` yet? {{(pid=82030) load_keys /opt/stack/keystone/keystone/common/fernet_utils.py:297}}
Apr 06 13:35:33 ubuntu devstack@keystone.service[82031]: [pid: 82031|app: 0|req: 12/25] 10.201.5.82 () {58 vars in 1017 bytes} [Mon Apr  6 13:35:33 2026] POST /identity/v3/auth/tokens => generated 862 bytes in 69 msecs (HTTP/1.1 201) 6 headers in 363 bytes (1 switches on core 0)
Apr 06 13:35:33 ubuntu devstack@keystone.service[82030]: [pid: 82030|app: 0|req: 14/26] 10.201.5.82 () {58 vars in 1017 bytes} [Mon Apr  6 13:35:33 2026] POST /identity/v3/auth/tokens => generated 862 bytes in 64 msecs (HTTP/1.1 201) 6 headers in 363 bytes (2 switches on core 0)
Apr 06 13:35:33 ubuntu devstack@keystone.service[82031]: DEBUG keystone.server.flask.request_processing.middleware.auth_context [None req-dfe5ac8b-85ae-47af-97a0-b325b40680ec None None] Authenticating user token {{(pid=82031) process_request /opt/stack/data/venv/lib/python3.10/site-packages/keystonemiddleware/auth_token/__init__.py:407}}
Apr 06 13:35:33 ubuntu devstack@keystone.service[82030]: DEBUG keystone.server.flask.request_processing.middleware.auth_context [None req-b6fdb4f9-1310-4c7e-848a-f7fd4d03eba9 None None] Authenticating user token {{(pid=82030) process_request /opt/stack/data/venv/lib/python3.10/site-packages/keystonemiddleware/auth_token/__init__.py:407}}
Apr 06 13:35:33 ubuntu devstack@keystone.service[82031]: DEBUG keystone.server.flask.request_processing.middleware.auth_context [None req-dfe5ac8b-85ae-47af-97a0-b325b40680ec None None] Validating token access rules against request {{(pid=82031) validate_allowed_request /opt/stack/data/venv/lib/python3.10/site-packages/keystonemiddleware/auth_token/__init__.py:545}}
Apr 06 13:35:33 ubuntu devstack@keystone.service[82030]: DEBUG keystone.server.flask.request_processing.middleware.auth_context [None req-b6fdb4f9-1310-4c7e-848a-f7fd4d03eba9 None None] Validating token access rules against request {{(pid=82030) validate_allowed_request /opt/stack/data/venv/lib/python3.10/site-packages/keystonemiddleware/auth_token/__init__.py:545}}
Apr 06 13:35:33 ubuntu devstack@keystone.service[82031]: DEBUG keystone.server.flask.request_processing.middleware.auth_context [None req-dd5dece4-c91a-491d-ac9e-c4bfaced1673 None admin] RBAC: auth_context: {'token': <TokenModel (audit_id=YXxz31wtQQKLf0A4kFequA, audit_chain_id=['YXxz31wtQQKLf0A4kFequA']) at 0x7f729299e470>, 'domain_id': None, 'trust_id': None, 'trustor_id': None, 'trustee_id': None, 'domain_name': None, 'group_ids': [], 'user_id': '3b17bb1e40aa4b99aa357947b10304c5', 'user_domain_id': 'default', 'system_scope': 'all', 'project_id': None, 'project_domain_id': None, 'roles': ['admin', 'manager', 'member', 'reader'], 'is_admin_project': True, 'service_user_id': None, 'service_user_domain_id': None, 'service_project_id': None, 'service_project_domain_id': None, 'service_roles': []} {{(pid=82031) fill_context /opt/stack/keystone/keystone/server/flask/request_processing/middleware/auth_context.py:509}}
Apr 06 13:35:33 ubuntu devstack@keystone.service[82031]: DEBUG keystone.server.flask.request_processing.req_logging [None req-dd5dece4-c91a-491d-ac9e-c4bfaced1673 None admin] REQUEST_METHOD: `GET` {{(pid=82031) log_request_info /opt/stack/keystone/keystone/server/flask/request_processing/req_logging.py:26}}
Apr 06 13:35:33 ubuntu devstack@keystone.service[82031]: DEBUG keystone.server.flask.request_processing.req_logging [None req-dd5dece4-c91a-491d-ac9e-c4bfaced1673 None admin] SCRIPT_NAME: `/identity` {{(pid=82031) log_request_info /opt/stack/keystone/keystone/server/flask/request_processing/req_logging.py:27}}
Apr 06 13:35:33 ubuntu devstack@keystone.service[82031]: DEBUG keystone.server.flask.request_processing.req_logging [None req-dd5dece4-c91a-491d-ac9e-c4bfaced1673 None admin] PATH_INFO: `/v3/domains/Default` {{(pid=82031) log_request_info /opt/stack/keystone/keystone/server/flask/request_processing/req_logging.py:28}}
Apr 06 13:35:33 ubuntu devstack@keystone.service[82030]: DEBUG keystone.server.flask.request_processing.middleware.auth_context [None req-119bfbfa-8a6f-4423-8471-03288b45f9f0 None admin] RBAC: auth_context: {'token': <TokenModel (audit_id=3JEVQ4QRQ-6-V-G8-L_CUQ, audit_chain_id=['3JEVQ4QRQ-6-V-G8-L_CUQ']) at 0x7f72926ccc70>, 'domain_id': None, 'trust_id': None, 'trustor_id': None, 'trustee_id': None, 'domain_name': None, 'group_ids': [], 'user_id': '3b17bb1e40aa4b99aa357947b10304c5', 'user_domain_id': 'default', 'system_scope': 'all', 'project_id': None, 'project_domain_id': None, 'roles': ['admin', 'manager', 'member', 'reader'], 'is_admin_project': True, 'service_user_id': None, 'service_user_domain_id': None, 'service_project_id': None, 'service_project_domain_id': None, 'service_roles': []} {{(pid=82030) fill_context /opt/stack/keystone/keystone/server/flask/request_processing/middleware/auth_context.py:509}}
Apr 06 13:35:33 ubuntu devstack@keystone.service[82030]: DEBUG keystone.server.flask.request_processing.req_logging [None req-119bfbfa-8a6f-4423-8471-03288b45f9f0 None admin] REQUEST_METHOD: `GET` {{(pid=82030) log_request_info /opt/stack/keystone/keystone/server/flask/request_processing/req_logging.py:26}}
Apr 06 13:35:33 ubuntu devstack@keystone.service[82030]: DEBUG keystone.server.flask.request_processing.req_logging [None req-119bfbfa-8a6f-4423-8471-03288b45f9f0 None admin] SCRIPT_NAME: `/identity` {{(pid=82030) log_request_info /opt/stack/keystone/keystone/server/flask/request_processing/req_logging.py:27}}
Apr 06 13:35:33 ubuntu devstack@keystone.service[82030]: DEBUG keystone.server.flask.request_processing.req_logging [None req-119bfbfa-8a6f-4423-8471-03288b45f9f0 None admin] PATH_INFO: `/v3/roles/admin` {{(pid=82030) log_request_info /opt/stack/keystone/keystone/server/flask/request_processing/req_logging.py:28}}
Apr 06 13:35:33 ubuntu devstack@keystone.service[82030]: DEBUG keystone.common.rbac_enforcer.enforcer [None req-119bfbfa-8a6f-4423-8471-03288b45f9f0 None admin] Extracting inferred target data resulted in "NOT FOUND (404)". {{(pid=82030) enforce_call /opt/stack/keystone/keystone/common/rbac_enforcer/enforcer.py:445}}
Apr 06 13:35:33 ubuntu devstack@keystone.service[82030]: DEBUG keystone.server.flask.application [None req-119bfbfa-8a6f-4423-8471-03288b45f9f0 None admin] Could not find role: admin. {{(pid=82030) _handle_keystone_exception /opt/stack/keystone/keystone/server/flask/application.py:146}}
Apr 06 13:35:33 ubuntu devstack@keystone.service[82031]: DEBUG keystone.common.rbac_enforcer.enforcer [None req-dd5dece4-c91a-491d-ac9e-c4bfaced1673 None admin] RBAC: Authorizing `identity:get_domain(domain_id=Default)` {{(pid=82031) enforce_call /opt/stack/keystone/keystone/common/rbac_enforcer/enforcer.py:494}}
Apr 06 13:35:33 ubuntu devstack@keystone.service[82030]: [pid: 82030|app: 0|req: 15/27] 10.201.5.82 () {56 vars in 1133 bytes} [Mon Apr  6 13:35:33 2026] GET /identity/v3/roles/admin => generated 83 bytes in 74 msecs (HTTP/1.1 404) 5 headers in 183 bytes (1 switches on core 0)
Apr 06 13:35:33 ubuntu devstack@keystone.service[82030]: DEBUG keystone.server.flask.request_processing.req_logging [None req-411f11e3-590e-4cef-a7a7-fb2e30d6035a None None] REQUEST_METHOD: `GET` {{(pid=82030) log_request_info /opt/stack/keystone/keystone/server/flask/request_processing/req_logging.py:26}}
Apr 06 13:35:33 ubuntu devstack@keystone.service[82030]: DEBUG keystone.server.flask.request_processing.req_logging [None req-411f11e3-590e-4cef-a7a7-fb2e30d6035a None None] SCRIPT_NAME: `/identity` {{(pid=82030) log_request_info /opt/stack/keystone/keystone/server/flask/request_processing/req_logging.py:27}}
Apr 06 13:35:33 ubuntu devstack@keystone.service[82030]: DEBUG keystone.server.flask.request_processing.req_logging [None req-411f11e3-590e-4cef-a7a7-fb2e30d6035a None None] PATH_INFO: `/` {{(pid=82030) log_request_info /opt/stack/keystone/keystone/server/flask/request_processing/req_logging.py:28}}
Apr 06 13:35:33 ubuntu devstack@keystone.service[82031]: DEBUG keystone.common.rbac_enforcer.enforcer [None req-dd5dece4-c91a-491d-ac9e-c4bfaced1673 None admin] RBAC: Authorization granted {{(pid=82031) enforce_call /opt/stack/keystone/keystone/common/rbac_enforcer/enforcer.py:505}}
Apr 06 13:35:33 ubuntu devstack@keystone.service[82030]: [pid: 82030|app: 0|req: 16/28] 10.201.5.82 () {54 vars in 920 bytes} [Mon Apr  6 13:35:33 2026] GET /identity => generated 270 bytes in 1 msecs (HTTP/1.1 300) 6 headers in 234 bytes (1 switches on core 0)
Apr 06 13:35:33 ubuntu devstack@keystone.service[82030]: DEBUG keystone.server.flask.request_processing.req_logging [None req-bbd47113-2faa-4677-bee6-40bce7330c9e None None] REQUEST_METHOD: `POST` {{(pid=82030) log_request_info /opt/stack/keystone/keystone/server/flask/request_processing/req_logging.py:26}}
Apr 06 13:35:33 ubuntu devstack@keystone.service[82030]: DEBUG keystone.server.flask.request_processing.req_logging [None req-bbd47113-2faa-4677-bee6-40bce7330c9e None None] SCRIPT_NAME: `/identity` {{(pid=82030) log_request_info /opt/stack/keystone/keystone/server/flask/request_processing/req_logging.py:27}}
Apr 06 13:35:33 ubuntu devstack@keystone.service[82030]: DEBUG keystone.server.flask.request_processing.req_logging [None req-bbd47113-2faa-4677-bee6-40bce7330c9e None None] PATH_INFO: `/v3/auth/tokens` {{(pid=82030) log_request_info /opt/stack/keystone/keystone/server/flask/request_processing/req_logging.py:28}}
Apr 06 13:35:33 ubuntu devstack@keystone.service[82031]: DEBUG keystone.server.flask.application [None req-dd5dece4-c91a-491d-ac9e-c4bfaced1673 None admin] Could not find domain: Default. {{(pid=82031) _handle_keystone_exception /opt/stack/keystone/keystone/server/flask/application.py:146}}
Apr 06 13:35:33 ubuntu devstack@keystone.service[82031]: [pid: 82031|app: 0|req: 13/29] 10.201.5.82 () {56 vars in 1145 bytes} [Mon Apr  6 13:35:33 2026] GET /identity/v3/domains/Default => generated 87 bytes in 87 msecs (HTTP/1.1 404) 5 headers in 183 bytes (1 switches on core 0)
Apr 06 13:35:33 ubuntu devstack@keystone.service[82031]: DEBUG keystone.server.flask.request_processing.middleware.auth_context [None req-dd5dece4-c91a-491d-ac9e-c4bfaced1673 None admin] Authenticating user token {{(pid=82031) process_request /opt/stack/data/venv/lib/python3.10/site-packages/keystonemiddleware/auth_token/__init__.py:407}}
Apr 06 13:35:33 ubuntu devstack@keystone.service[82030]: WARNING keystone.common.password_hashing [None req-bbd47113-2faa-4677-bee6-40bce7330c9e None None] Truncating password to algorithm specific maximum length 72 characters.
Apr 06 13:35:33 ubuntu devstack@keystone.service[82030]: DEBUG keystone.auth.core [None req-bbd47113-2faa-4677-bee6-40bce7330c9e None None] MFA Rules not processed for user `3b17bb1e40aa4b99aa357947b10304c5`. Rule list: `[]` (Enabled: `True`). {{(pid=82030) check_auth_methods_against_rules /opt/stack/keystone/keystone/auth/core.py:476}}
Apr 06 13:35:33 ubuntu devstack@keystone.service[82030]: DEBUG keystone.common.fernet_utils [None req-bbd47113-2faa-4677-bee6-40bce7330c9e None None] Loaded 2 Fernet keys from /etc/keystone/fernet-keys/, but `[fernet_tokens] max_active_keys = 3`; perhaps there have not been enough key rotations to reach `max_active_keys` yet? {{(pid=82030) load_keys /opt/stack/keystone/keystone/common/fernet_utils.py:297}}
Apr 06 13:35:33 ubuntu devstack@keystone.service[82030]: [pid: 82030|app: 0|req: 17/30] 10.201.5.82 () {58 vars in 1017 bytes} [Mon Apr  6 13:35:33 2026] POST /identity/v3/auth/tokens => generated 862 bytes in 50 msecs (HTTP/1.1 201) 6 headers in 363 bytes (1 switches on core 0)
Apr 06 13:35:33 ubuntu devstack@keystone.service[82030]: DEBUG keystone.server.flask.request_processing.middleware.auth_context [None req-bbd47113-2faa-4677-bee6-40bce7330c9e None None] Authenticating user token {{(pid=82030) process_request /opt/stack/data/venv/lib/python3.10/site-packages/keystonemiddleware/auth_token/__init__.py:407}}
Apr 06 13:35:33 ubuntu devstack@keystone.service[82031]: DEBUG keystone.server.flask.request_processing.middleware.auth_context [None req-dd5dece4-c91a-491d-ac9e-c4bfaced1673 None admin] Validating token access rules against request {{(pid=82031) validate_allowed_request /opt/stack/data/venv/lib/python3.10/site-packages/keystonemiddleware/auth_token/__init__.py:545}}
Apr 06 13:35:33 ubuntu devstack@keystone.service[82030]: DEBUG keystone.server.flask.request_processing.middleware.auth_context [None req-bbd47113-2faa-4677-bee6-40bce7330c9e None None] Validating token access rules against request {{(pid=82030) validate_allowed_request /opt/stack/data/venv/lib/python3.10/site-packages/keystonemiddleware/auth_token/__init__.py:545}}
Apr 06 13:35:33 ubuntu devstack@keystone.service[82031]: DEBUG keystone.server.flask.request_processing.middleware.auth_context [None req-28fa85ee-6296-4a98-9b8b-c80121bbf77a None admin] RBAC: auth_context: {'token': <TokenModel (audit_id=3JEVQ4QRQ-6-V-G8-L_CUQ, audit_chain_id=['3JEVQ4QRQ-6-V-G8-L_CUQ']) at 0x7f72927cb7c0>, 'domain_id': None, 'trust_id': None, 'trustor_id': None, 'trustee_id': None, 'domain_name': None, 'group_ids': [], 'user_id': '3b17bb1e40aa4b99aa357947b10304c5', 'user_domain_id': 'default', 'system_scope': 'all', 'project_id': None, 'project_domain_id': None, 'roles': ['admin', 'manager', 'member', 'reader'], 'is_admin_project': True, 'service_user_id': None, 'service_user_domain_id': None, 'service_project_id': None, 'service_project_domain_id': None, 'service_roles': []} {{(pid=82031) fill_context /opt/stack/keystone/keystone/server/flask/request_processing/middleware/auth_context.py:509}}
Apr 06 13:35:33 ubuntu devstack@keystone.service[82031]: DEBUG keystone.server.flask.request_processing.req_logging [None req-28fa85ee-6296-4a98-9b8b-c80121bbf77a None admin] REQUEST_METHOD: `GET` {{(pid=82031) log_request_info /opt/stack/keystone/keystone/server/flask/request_processing/req_logging.py:26}}
Apr 06 13:35:33 ubuntu devstack@keystone.service[82031]: DEBUG keystone.server.flask.request_processing.req_logging [None req-28fa85ee-6296-4a98-9b8b-c80121bbf77a None admin] SCRIPT_NAME: `/identity` {{(pid=82031) log_request_info /opt/stack/keystone/keystone/server/flask/request_processing/req_logging.py:27}}
Apr 06 13:35:33 ubuntu devstack@keystone.service[82031]: DEBUG keystone.server.flask.request_processing.req_logging [None req-28fa85ee-6296-4a98-9b8b-c80121bbf77a None admin] PATH_INFO: `/v3/roles` {{(pid=82031) log_request_info /opt/stack/keystone/keystone/server/flask/request_processing/req_logging.py:28}}
Apr 06 13:35:33 ubuntu devstack@keystone.service[82031]: DEBUG keystone.common.rbac_enforcer.enforcer [None req-28fa85ee-6296-4a98-9b8b-c80121bbf77a None admin] RBAC: Adding query filter params (name=admin) {{(pid=82031) _extract_filter_values /opt/stack/keystone/keystone/common/rbac_enforcer/enforcer.py:176}}
Apr 06 13:35:33 ubuntu devstack@keystone.service[82031]: DEBUG keystone.common.rbac_enforcer.enforcer [None req-28fa85ee-6296-4a98-9b8b-c80121bbf77a None admin] RBAC: Authorizing `identity:list_roles()` {{(pid=82031) enforce_call /opt/stack/keystone/keystone/common/rbac_enforcer/enforcer.py:494}}
Apr 06 13:35:33 ubuntu devstack@keystone.service[82031]: DEBUG keystone.common.rbac_enforcer.enforcer [None req-28fa85ee-6296-4a98-9b8b-c80121bbf77a None admin] RBAC: Authorization granted {{(pid=82031) enforce_call /opt/stack/keystone/keystone/common/rbac_enforcer/enforcer.py:505}}
Apr 06 13:35:33 ubuntu devstack@keystone.service[82030]: DEBUG keystone.server.flask.request_processing.middleware.auth_context [None req-fc4f1207-8d06-4283-831c-3b82eb7b7e98 None admin] RBAC: auth_context: {'token': <TokenModel (audit_id=YXxz31wtQQKLf0A4kFequA, audit_chain_id=['YXxz31wtQQKLf0A4kFequA']) at 0x7f72926ccaf0>, 'domain_id': None, 'trust_id': None, 'trustor_id': None, 'trustee_id': None, 'domain_name': None, 'group_ids': [], 'user_id': '3b17bb1e40aa4b99aa357947b10304c5', 'user_domain_id': 'default', 'system_scope': 'all', 'project_id': None, 'project_domain_id': None, 'roles': ['admin', 'manager', 'member', 'reader'], 'is_admin_project': True, 'service_user_id': None, 'service_user_domain_id': None, 'service_project_id': None, 'service_project_domain_id': None, 'service_roles': []} {{(pid=82030) fill_context /opt/stack/keystone/keystone/server/flask/request_processing/middleware/auth_context.py:509}}
Apr 06 13:35:33 ubuntu devstack@keystone.service[82030]: DEBUG keystone.server.flask.request_processing.req_logging [None req-fc4f1207-8d06-4283-831c-3b82eb7b7e98 None admin] REQUEST_METHOD: `GET` {{(pid=82030) log_request_info /opt/stack/keystone/keystone/server/flask/request_processing/req_logging.py:26}}
Apr 06 13:35:33 ubuntu devstack@keystone.service[82030]: DEBUG keystone.server.flask.request_processing.req_logging [None req-fc4f1207-8d06-4283-831c-3b82eb7b7e98 None admin] SCRIPT_NAME: `/identity` {{(pid=82030) log_request_info /opt/stack/keystone/keystone/server/flask/request_processing/req_logging.py:27}}
Apr 06 13:35:33 ubuntu devstack@keystone.service[82030]: DEBUG keystone.server.flask.request_processing.req_logging [None req-fc4f1207-8d06-4283-831c-3b82eb7b7e98 None admin] PATH_INFO: `/v3/domains` {{(pid=82030) log_request_info /opt/stack/keystone/keystone/server/flask/request_processing/req_logging.py:28}}
Apr 06 13:35:33 ubuntu devstack@keystone.service[82030]: DEBUG keystone.common.rbac_enforcer.enforcer [None req-fc4f1207-8d06-4283-831c-3b82eb7b7e98 None admin] RBAC: Adding query filter params (name=Default) {{(pid=82030) _extract_filter_values /opt/stack/keystone/keystone/common/rbac_enforcer/enforcer.py:176}}
Apr 06 13:35:33 ubuntu devstack@keystone.service[82030]: DEBUG keystone.common.rbac_enforcer.enforcer [None req-fc4f1207-8d06-4283-831c-3b82eb7b7e98 None admin] RBAC: Authorizing `identity:list_domains()` {{(pid=82030) enforce_call /opt/stack/keystone/keystone/common/rbac_enforcer/enforcer.py:494}}
Apr 06 13:35:33 ubuntu devstack@keystone.service[82030]: DEBUG keystone.common.rbac_enforcer.enforcer [None req-fc4f1207-8d06-4283-831c-3b82eb7b7e98 None admin] RBAC: Authorization granted {{(pid=82030) enforce_call /opt/stack/keystone/keystone/common/rbac_enforcer/enforcer.py:505}}
Apr 06 13:35:33 ubuntu devstack@keystone.service[82031]: [pid: 82031|app: 0|req: 14/31] 10.201.5.82 () {56 vars in 1149 bytes} [Mon Apr  6 13:35:33 2026] GET /identity/v3/roles?name=admin => generated 339 bytes in 103 msecs (HTTP/1.1 200) 5 headers in 177 bytes (1 switches on core 0)
Apr 06 13:35:33 ubuntu devstack@keystone.service[82031]: DEBUG keystone.server.flask.request_processing.middleware.auth_context [None req-28fa85ee-6296-4a98-9b8b-c80121bbf77a None admin] Authenticating user token {{(pid=82031) process_request /opt/stack/data/venv/lib/python3.10/site-packages/keystonemiddleware/auth_token/__init__.py:407}}
Apr 06 13:35:33 ubuntu devstack@keystone.service[82030]: [pid: 82030|app: 0|req: 18/32] 10.201.5.82 () {56 vars in 1159 bytes} [Mon Apr  6 13:35:33 2026] GET /identity/v3/domains?name=Default => generated 308 bytes in 65 msecs (HTTP/1.1 200) 5 headers in 177 bytes (1 switches on core 0)
Apr 06 13:35:33 ubuntu devstack@keystone.service[82030]: DEBUG keystone.server.flask.request_processing.middleware.auth_context [None req-fc4f1207-8d06-4283-831c-3b82eb7b7e98 None admin] Authenticating user token {{(pid=82030) process_request /opt/stack/data/venv/lib/python3.10/site-packages/keystonemiddleware/auth_token/__init__.py:407}}
Apr 06 13:35:33 ubuntu devstack@keystone.service[82030]: DEBUG keystone.server.flask.request_processing.middleware.auth_context [None req-fc4f1207-8d06-4283-831c-3b82eb7b7e98 None admin] Validating token access rules against request {{(pid=82030) validate_allowed_request /opt/stack/data/venv/lib/python3.10/site-packages/keystonemiddleware/auth_token/__init__.py:545}}
Apr 06 13:35:33 ubuntu devstack@keystone.service[82031]: DEBUG keystone.server.flask.request_processing.middleware.auth_context [None req-28fa85ee-6296-4a98-9b8b-c80121bbf77a None admin] Validating token access rules against request {{(pid=82031) validate_allowed_request /opt/stack/data/venv/lib/python3.10/site-packages/keystonemiddleware/auth_token/__init__.py:545}}
Apr 06 13:35:33 ubuntu devstack@keystone.service[82030]: DEBUG keystone.server.flask.request_processing.middleware.auth_context [None req-a6b73487-e18f-4936-abe0-3df3012740c4 None admin] RBAC: auth_context: {'token': <TokenModel (audit_id=YXxz31wtQQKLf0A4kFequA, audit_chain_id=['YXxz31wtQQKLf0A4kFequA']) at 0x7f7292999930>, 'domain_id': None, 'trust_id': None, 'trustor_id': None, 'trustee_id': None, 'domain_name': None, 'group_ids': [], 'user_id': '3b17bb1e40aa4b99aa357947b10304c5', 'user_domain_id': 'default', 'system_scope': 'all', 'project_id': None, 'project_domain_id': None, 'roles': ['admin', 'manager', 'member', 'reader'], 'is_admin_project': True, 'service_user_id': None, 'service_user_domain_id': None, 'service_project_id': None, 'service_project_domain_id': None, 'service_roles': []} {{(pid=82030) fill_context /opt/stack/keystone/keystone/server/flask/request_processing/middleware/auth_context.py:509}}
Apr 06 13:35:33 ubuntu devstack@keystone.service[82030]: DEBUG keystone.server.flask.request_processing.req_logging [None req-a6b73487-e18f-4936-abe0-3df3012740c4 None admin] REQUEST_METHOD: `POST` {{(pid=82030) log_request_info /opt/stack/keystone/keystone/server/flask/request_processing/req_logging.py:26}}
Apr 06 13:35:33 ubuntu devstack@keystone.service[82030]: DEBUG keystone.server.flask.request_processing.req_logging [None req-a6b73487-e18f-4936-abe0-3df3012740c4 None admin] SCRIPT_NAME: `/identity` {{(pid=82030) log_request_info /opt/stack/keystone/keystone/server/flask/request_processing/req_logging.py:27}}
Apr 06 13:35:33 ubuntu devstack@keystone.service[82030]: DEBUG keystone.server.flask.request_processing.req_logging [None req-a6b73487-e18f-4936-abe0-3df3012740c4 None admin] PATH_INFO: `/v3/projects` {{(pid=82030) log_request_info /opt/stack/keystone/keystone/server/flask/request_processing/req_logging.py:28}}
Apr 06 13:35:33 ubuntu devstack@keystone.service[82030]: DEBUG keystone.common.rbac_enforcer.enforcer [None req-a6b73487-e18f-4936-abe0-3df3012740c4 None admin] RBAC: Authorizing `identity:create_project()` {{(pid=82030) enforce_call /opt/stack/keystone/keystone/common/rbac_enforcer/enforcer.py:494}}
Apr 06 13:35:33 ubuntu devstack@keystone.service[82030]: DEBUG keystone.common.rbac_enforcer.enforcer [None req-a6b73487-e18f-4936-abe0-3df3012740c4 None admin] RBAC: Authorization granted {{(pid=82030) enforce_call /opt/stack/keystone/keystone/common/rbac_enforcer/enforcer.py:505}}
Apr 06 13:35:33 ubuntu devstack@keystone.service[82031]: DEBUG keystone.server.flask.request_processing.middleware.auth_context [None req-41c8ee16-1cc7-4046-b1a2-004c73f643ea None admin] RBAC: auth_context: {'token': <TokenModel (audit_id=3JEVQ4QRQ-6-V-G8-L_CUQ, audit_chain_id=['3JEVQ4QRQ-6-V-G8-L_CUQ']) at 0x7f72927cbd00>, 'domain_id': None, 'trust_id': None, 'trustor_id': None, 'trustee_id': None, 'domain_name': None, 'group_ids': [], 'user_id': '3b17bb1e40aa4b99aa357947b10304c5', 'user_domain_id': 'default', 'system_scope': 'all', 'project_id': None, 'project_domain_id': None, 'roles': ['admin', 'manager', 'member', 'reader'], 'is_admin_project': True, 'service_user_id': None, 'service_user_domain_id': None, 'service_project_id': None, 'service_project_domain_id': None, 'service_roles': []} {{(pid=82031) fill_context /opt/stack/keystone/keystone/server/flask/request_processing/middleware/auth_context.py:509}}
Apr 06 13:35:33 ubuntu devstack@keystone.service[82031]: DEBUG keystone.server.flask.request_processing.req_logging [None req-41c8ee16-1cc7-4046-b1a2-004c73f643ea None admin] REQUEST_METHOD: `GET` {{(pid=82031) log_request_info /opt/stack/keystone/keystone/server/flask/request_processing/req_logging.py:26}}
Apr 06 13:35:33 ubuntu devstack@keystone.service[82031]: DEBUG keystone.server.flask.request_processing.req_logging [None req-41c8ee16-1cc7-4046-b1a2-004c73f643ea None admin] SCRIPT_NAME: `/identity` {{(pid=82031) log_request_info /opt/stack/keystone/keystone/server/flask/request_processing/req_logging.py:27}}
Apr 06 13:35:33 ubuntu devstack@keystone.service[82031]: DEBUG keystone.server.flask.request_processing.req_logging [None req-41c8ee16-1cc7-4046-b1a2-004c73f643ea None admin] PATH_INFO: `/v3/users/3b17bb1e40aa4b99aa357947b10304c5` {{(pid=82031) log_request_info /opt/stack/keystone/keystone/server/flask/request_processing/req_logging.py:28}}
Apr 06 13:35:33 ubuntu devstack@keystone.service[82031]: DEBUG keystone.common.rbac_enforcer.enforcer [None req-41c8ee16-1cc7-4046-b1a2-004c73f643ea None admin] RBAC: Authorizing `identity:get_user(user_id=3b17bb1e40aa4b99aa357947b10304c5)` {{(pid=82031) enforce_call /opt/stack/keystone/keystone/common/rbac_enforcer/enforcer.py:494}}
Apr 06 13:35:33 ubuntu devstack@keystone.service[82031]: DEBUG keystone.common.rbac_enforcer.enforcer [None req-41c8ee16-1cc7-4046-b1a2-004c73f643ea None admin] RBAC: Authorization granted {{(pid=82031) enforce_call /opt/stack/keystone/keystone/common/rbac_enforcer/enforcer.py:505}}
Apr 06 13:35:33 ubuntu devstack@keystone.service[82031]: [pid: 82031|app: 0|req: 15/33] 10.201.5.82 () {56 vars in 1214 bytes} [Mon Apr  6 13:35:33 2026] GET /identity/v3/users/3b17bb1e40aa4b99aa357947b10304c5 => generated 247 bytes in 89 msecs (HTTP/1.1 200) 5 headers in 177 bytes (1 switches on core 0)
Apr 06 13:35:33 ubuntu devstack@keystone.service[82031]: DEBUG keystone.server.flask.request_processing.middleware.auth_context [None req-41c8ee16-1cc7-4046-b1a2-004c73f643ea None admin] Authenticating user token {{(pid=82031) process_request /opt/stack/data/venv/lib/python3.10/site-packages/keystonemiddleware/auth_token/__init__.py:407}}
Apr 06 13:35:33 ubuntu devstack@keystone.service[82031]: DEBUG keystone.server.flask.request_processing.middleware.auth_context [None req-41c8ee16-1cc7-4046-b1a2-004c73f643ea None admin] Validating token access rules against request {{(pid=82031) validate_allowed_request /opt/stack/data/venv/lib/python3.10/site-packages/keystonemiddleware/auth_token/__init__.py:545}}
Apr 06 13:35:33 ubuntu devstack@keystone.service[82031]: DEBUG keystone.server.flask.request_processing.middleware.auth_context [None req-e50cc127-0c28-4bc3-a4c4-03495e49e6cc None admin] RBAC: auth_context: {'token': <TokenModel (audit_id=3JEVQ4QRQ-6-V-G8-L_CUQ, audit_chain_id=['3JEVQ4QRQ-6-V-G8-L_CUQ']) at 0x7f72927cbbe0>, 'domain_id': None, 'trust_id': None, 'trustor_id': None, 'trustee_id': None, 'domain_name': None, 'group_ids': [], 'user_id': '3b17bb1e40aa4b99aa357947b10304c5', 'user_domain_id': 'default', 'system_scope': 'all', 'project_id': None, 'project_domain_id': None, 'roles': ['admin', 'manager', 'member', 'reader'], 'is_admin_project': True, 'service_user_id': None, 'service_user_domain_id': None, 'service_project_id': None, 'service_project_domain_id': None, 'service_roles': []} {{(pid=82031) fill_context /opt/stack/keystone/keystone/server/flask/request_processing/middleware/auth_context.py:509}}
Apr 06 13:35:33 ubuntu devstack@keystone.service[82031]: DEBUG keystone.server.flask.request_processing.req_logging [None req-e50cc127-0c28-4bc3-a4c4-03495e49e6cc None admin] REQUEST_METHOD: `GET` {{(pid=82031) log_request_info /opt/stack/keystone/keystone/server/flask/request_processing/req_logging.py:26}}
Apr 06 13:35:33 ubuntu devstack@keystone.service[82031]: DEBUG keystone.server.flask.request_processing.req_logging [None req-e50cc127-0c28-4bc3-a4c4-03495e49e6cc None admin] SCRIPT_NAME: `/identity` {{(pid=82031) log_request_info /opt/stack/keystone/keystone/server/flask/request_processing/req_logging.py:27}}
Apr 06 13:35:33 ubuntu devstack@keystone.service[82031]: DEBUG keystone.server.flask.request_processing.req_logging [None req-e50cc127-0c28-4bc3-a4c4-03495e49e6cc None admin] PATH_INFO: `/v3/domains/default` {{(pid=82031) log_request_info /opt/stack/keystone/keystone/server/flask/request_processing/req_logging.py:28}}
Apr 06 13:35:33 ubuntu devstack@keystone.service[82031]: DEBUG keystone.common.rbac_enforcer.enforcer [None req-e50cc127-0c28-4bc3-a4c4-03495e49e6cc None admin] RBAC: Authorizing `identity:get_domain(domain_id=default)` {{(pid=82031) enforce_call /opt/stack/keystone/keystone/common/rbac_enforcer/enforcer.py:494}}
Apr 06 13:35:33 ubuntu devstack@keystone.service[82031]: DEBUG keystone.common.rbac_enforcer.enforcer [None req-e50cc127-0c28-4bc3-a4c4-03495e49e6cc None admin] RBAC: Authorization granted {{(pid=82031) enforce_call /opt/stack/keystone/keystone/common/rbac_enforcer/enforcer.py:505}}
Apr 06 13:35:33 ubuntu devstack@keystone.service[82031]: [pid: 82031|app: 0|req: 16/34] 10.201.5.82 () {56 vars in 1145 bytes} [Mon Apr  6 13:35:33 2026] GET /identity/v3/domains/default => generated 199 bytes in 114 msecs (HTTP/1.1 200) 5 headers in 177 bytes (1 switches on core 0)
Apr 06 13:35:33 ubuntu devstack@keystone.service[82031]: DEBUG keystone.server.flask.request_processing.middleware.auth_context [None req-e50cc127-0c28-4bc3-a4c4-03495e49e6cc None admin] Authenticating user token {{(pid=82031) process_request /opt/stack/data/venv/lib/python3.10/site-packages/keystonemiddleware/auth_token/__init__.py:407}}
Apr 06 13:35:33 ubuntu devstack@keystone.service[82031]: DEBUG keystone.server.flask.request_processing.middleware.auth_context [None req-e50cc127-0c28-4bc3-a4c4-03495e49e6cc None admin] Validating token access rules against request {{(pid=82031) validate_allowed_request /opt/stack/data/venv/lib/python3.10/site-packages/keystonemiddleware/auth_token/__init__.py:545}}
Apr 06 13:35:33 ubuntu devstack@keystone.service[82031]: DEBUG keystone.server.flask.request_processing.middleware.auth_context [None req-3103d5a0-d340-472c-b715-f1793d39eb6d None admin] RBAC: auth_context: {'token': <TokenModel (audit_id=Oznx2cAxQgOESaC7KIdOMA, audit_chain_id=['Oznx2cAxQgOESaC7KIdOMA']) at 0x7f72927c9d50>, 'domain_id': None, 'trust_id': None, 'trustor_id': None, 'trustee_id': None, 'domain_name': None, 'group_ids': [], 'user_id': '3b17bb1e40aa4b99aa357947b10304c5', 'user_domain_id': 'default', 'system_scope': 'all', 'project_id': None, 'project_domain_id': None, 'roles': ['admin', 'manager', 'member', 'reader'], 'is_admin_project': True, 'service_user_id': None, 'service_user_domain_id': None, 'service_project_id': None, 'service_project_domain_id': None, 'service_roles': []} {{(pid=82031) fill_context /opt/stack/keystone/keystone/server/flask/request_processing/middleware/auth_context.py:509}}
Apr 06 13:35:33 ubuntu devstack@keystone.service[82031]: DEBUG keystone.server.flask.request_processing.req_logging [None req-3103d5a0-d340-472c-b715-f1793d39eb6d None admin] REQUEST_METHOD: `POST` {{(pid=82031) log_request_info /opt/stack/keystone/keystone/server/flask/request_processing/req_logging.py:26}}
Apr 06 13:35:33 ubuntu devstack@keystone.service[82031]: DEBUG keystone.server.flask.request_processing.req_logging [None req-3103d5a0-d340-472c-b715-f1793d39eb6d None admin] SCRIPT_NAME: `/identity` {{(pid=82031) log_request_info /opt/stack/keystone/keystone/server/flask/request_processing/req_logging.py:27}}
Apr 06 13:35:33 ubuntu devstack@keystone.service[82031]: DEBUG keystone.server.flask.request_processing.req_logging [None req-3103d5a0-d340-472c-b715-f1793d39eb6d None admin] PATH_INFO: `/v3/roles` {{(pid=82031) log_request_info /opt/stack/keystone/keystone/server/flask/request_processing/req_logging.py:28}}
Apr 06 13:35:33 ubuntu devstack@keystone.service[82031]: DEBUG keystone.common.rbac_enforcer.enforcer [None req-3103d5a0-d340-472c-b715-f1793d39eb6d None admin] RBAC: Authorizing `identity:create_role()` {{(pid=82031) enforce_call /opt/stack/keystone/keystone/common/rbac_enforcer/enforcer.py:494}}
Apr 06 13:35:33 ubuntu devstack@keystone.service[82031]: DEBUG keystone.common.rbac_enforcer.enforcer [None req-3103d5a0-d340-472c-b715-f1793d39eb6d None admin] RBAC: Authorization granted {{(pid=82031) enforce_call /opt/stack/keystone/keystone/common/rbac_enforcer/enforcer.py:505}}
Apr 06 13:35:33 ubuntu devstack@keystone.service[82031]: DEBUG keystone.common.sql.core [None req-3103d5a0-d340-472c-b715-f1793d39eb6d None admin] Conflict role: (pymysql.err.IntegrityError) (1062, "Duplicate entry 'service-<<null>>' for key 'role.ixu_role_name_domain_id'")
Apr 06 13:35:33 ubuntu devstack@keystone.service[82031]: [SQL: INSERT INTO `role` (id, name, description, extra) VALUES (%(id)s, %(name)s, %(description)s, %(extra)s)]
Apr 06 13:35:33 ubuntu devstack@keystone.service[82031]: [parameters: {'id': '7a325095180c44838dfbda5518a5335b', 'name': 'service', 'description': None, 'extra': '{}'}]
Apr 06 13:35:33 ubuntu devstack@keystone.service[82031]: (Background on this error at: https://sqlalche.me/e/20/gkpj) {{(pid=82031) wrapper /opt/stack/keystone/keystone/common/sql/core.py:580}}
Apr 06 13:35:33 ubuntu devstack@keystone.service[82031]: ERROR keystone.server.flask.application [None req-3103d5a0-d340-472c-b715-f1793d39eb6d None admin] Conflict occurred attempting to store role - Duplicate entry found with name service.: keystone.exception.Conflict: Conflict occurred attempting to store role - Duplicate entry found with name service.
Apr 06 13:35:33 ubuntu devstack@keystone.service[82031]: ERROR keystone.server.flask.application Traceback (most recent call last):
Apr 06 13:35:33 ubuntu devstack@keystone.service[82031]: ERROR keystone.server.flask.application   File "/opt/stack/data/venv/lib/python3.10/site-packages/sqlalchemy/engine/base.py", line 1967, in _exec_single_context
Apr 06 13:35:33 ubuntu devstack@keystone.service[82031]: ERROR keystone.server.flask.application     self.dialect.do_execute(
Apr 06 13:35:33 ubuntu devstack@keystone.service[82031]: ERROR keystone.server.flask.application   File "/opt/stack/data/venv/lib/python3.10/site-packages/sqlalchemy/engine/default.py", line 952, in do_execute
Apr 06 13:35:33 ubuntu devstack@keystone.service[82031]: ERROR keystone.server.flask.application     cursor.execute(statement, parameters)
Apr 06 13:35:33 ubuntu devstack@keystone.service[82031]: ERROR keystone.server.flask.application   File "/opt/stack/data/venv/lib/python3.10/site-packages/pymysql/cursors.py", line 153, in execute
Apr 06 13:35:33 ubuntu devstack@keystone.service[82031]: ERROR keystone.server.flask.application     result = self._query(query)
Apr 06 13:35:33 ubuntu devstack@keystone.service[82031]: ERROR keystone.server.flask.application   File "/opt/stack/data/venv/lib/python3.10/site-packages/pymysql/cursors.py", line 322, in _query
Apr 06 13:35:33 ubuntu devstack@keystone.service[82031]: ERROR keystone.server.flask.application     conn.query(q)
Apr 06 13:35:33 ubuntu devstack@keystone.service[82031]: ERROR keystone.server.flask.application   File "/opt/stack/data/venv/lib/python3.10/site-packages/pymysql/connections.py", line 575, in query
Apr 06 13:35:33 ubuntu devstack@keystone.service[82031]: ERROR keystone.server.flask.application     self._affected_rows = self._read_query_result(unbuffered=unbuffered)
Apr 06 13:35:33 ubuntu devstack@keystone.service[82031]: ERROR keystone.server.flask.application   File "/opt/stack/data/venv/lib/python3.10/site-packages/pymysql/connections.py", line 826, in _read_query_result
Apr 06 13:35:33 ubuntu devstack@keystone.service[82031]: ERROR keystone.server.flask.application     result.read()
Apr 06 13:35:33 ubuntu devstack@keystone.service[82031]: ERROR keystone.server.flask.application   File "/opt/stack/data/venv/lib/python3.10/site-packages/pymysql/connections.py", line 1203, in read
Apr 06 13:35:33 ubuntu devstack@keystone.service[82031]: ERROR keystone.server.flask.application     first_packet = self.connection._read_packet()
Apr 06 13:35:33 ubuntu devstack@keystone.service[82031]: ERROR keystone.server.flask.application   File "/opt/stack/data/venv/lib/python3.10/site-packages/pymysql/connections.py", line 782, in _read_packet
Apr 06 13:35:33 ubuntu devstack@keystone.service[82031]: ERROR keystone.server.flask.application     packet.raise_for_error()
Apr 06 13:35:33 ubuntu devstack@keystone.service[82031]: ERROR keystone.server.flask.application   File "/opt/stack/data/venv/lib/python3.10/site-packages/pymysql/protocol.py", line 219, in raise_for_error
Apr 06 13:35:33 ubuntu devstack@keystone.service[82031]: ERROR keystone.server.flask.application     err.raise_mysql_exception(self._data)
Apr 06 13:35:33 ubuntu devstack@keystone.service[82031]: ERROR keystone.server.flask.application   File "/opt/stack/data/venv/lib/python3.10/site-packages/pymysql/err.py", line 150, in raise_mysql_exception
Apr 06 13:35:33 ubuntu devstack@keystone.service[82031]: ERROR keystone.server.flask.application     raise errorclass(errno, errval)
Apr 06 13:35:33 ubuntu devstack@keystone.service[82031]: ERROR keystone.server.flask.application pymysql.err.IntegrityError: (1062, "Duplicate entry 'service-<<null>>' for key 'role.ixu_role_name_domain_id'")
Apr 06 13:35:33 ubuntu devstack@keystone.service[82031]: ERROR keystone.server.flask.application 
Apr 06 13:35:33 ubuntu devstack@keystone.service[82031]: ERROR keystone.server.flask.application The above exception was the direct cause of the following exception:
Apr 06 13:35:33 ubuntu devstack@keystone.service[82031]: ERROR keystone.server.flask.application 
Apr 06 13:35:33 ubuntu devstack@keystone.service[82031]: ERROR keystone.server.flask.application Traceback (most recent call last):
Apr 06 13:35:33 ubuntu devstack@keystone.service[82031]: ERROR keystone.server.flask.application   File "/opt/stack/keystone/keystone/common/sql/core.py", line 575, in wrapper
Apr 06 13:35:33 ubuntu devstack@keystone.service[82031]: ERROR keystone.server.flask.application     return method(*args, **kwargs)
Apr 06 13:35:33 ubuntu devstack@keystone.service[82031]: ERROR keystone.server.flask.application   File "/opt/stack/keystone/keystone/assignment/role_backends/sql.py", line 25, in create_role
Apr 06 13:35:33 ubuntu devstack@keystone.service[82031]: ERROR keystone.server.flask.application     with sql.session_for_write() as session:
Apr 06 13:35:33 ubuntu devstack@keystone.service[82031]: ERROR keystone.server.flask.application   File "/usr/lib/python3.10/contextlib.py", line 142, in __exit__
Apr 06 13:35:33 ubuntu devstack@keystone.service[82031]: ERROR keystone.server.flask.application     next(self.gen)
Apr 06 13:35:33 ubuntu devstack@keystone.service[82031]: ERROR keystone.server.flask.application   File "/opt/stack/data/venv/lib/python3.10/site-packages/oslo_db/sqlalchemy/enginefacade.py", line 1175, in _transaction_scope
Apr 06 13:35:33 ubuntu devstack@keystone.service[82031]: ERROR keystone.server.flask.application     with current._produce_block(
Apr 06 13:35:33 ubuntu devstack@keystone.service[82031]: ERROR keystone.server.flask.application   File "/usr/lib/python3.10/contextlib.py", line 142, in __exit__
Apr 06 13:35:33 ubuntu devstack@keystone.service[82031]: ERROR keystone.server.flask.application     next(self.gen)
Apr 06 13:35:33 ubuntu devstack@keystone.service[82031]: ERROR keystone.server.flask.application   File "/opt/stack/data/venv/lib/python3.10/site-packages/oslo_db/sqlalchemy/enginefacade.py", line 837, in _session
Apr 06 13:35:33 ubuntu devstack@keystone.service[82031]: ERROR keystone.server.flask.application     with excutils.save_and_reraise_exception():
Apr 06 13:35:33 ubuntu devstack@keystone.service[82031]: ERROR keystone.server.flask.application   File "/opt/stack/data/venv/lib/python3.10/site-packages/oslo_utils/excutils.py", line 267, in __exit__
Apr 06 13:35:33 ubuntu devstack@keystone.service[82031]: ERROR keystone.server.flask.application     self.force_reraise()
Apr 06 13:35:33 ubuntu devstack@keystone.service[82031]: ERROR keystone.server.flask.application   File "/opt/stack/data/venv/lib/python3.10/site-packages/oslo_utils/excutils.py", line 233, in force_reraise
Apr 06 13:35:33 ubuntu devstack@keystone.service[82031]: ERROR keystone.server.flask.application     raise self.value
Apr 06 13:35:33 ubuntu devstack@keystone.service[82031]: ERROR keystone.server.flask.application   File "/opt/stack/data/venv/lib/python3.10/site-packages/oslo_db/sqlalchemy/enginefacade.py", line 835, in _session
Apr 06 13:35:33 ubuntu devstack@keystone.service[82031]: ERROR keystone.server.flask.application     self._end_session_transaction(self.session)
Apr 06 13:35:33 ubuntu devstack@keystone.service[82031]: ERROR keystone.server.flask.application   File "/opt/stack/data/venv/lib/python3.10/site-packages/oslo_db/sqlalchemy/enginefacade.py", line 748, in _end_session_transaction
Apr 06 13:35:33 ubuntu devstack@keystone.service[82031]: ERROR keystone.server.flask.application     session.commit()
Apr 06 13:35:33 ubuntu devstack@keystone.service[82031]: ERROR keystone.server.flask.application   File "/opt/stack/data/venv/lib/python3.10/site-packages/sqlalchemy/orm/session.py", line 2030, in commit
Apr 06 13:35:33 ubuntu devstack@keystone.service[82031]: ERROR keystone.server.flask.application     trans.commit(_to_root=True)
Apr 06 13:35:33 ubuntu devstack@keystone.service[82031]: ERROR keystone.server.flask.application   File "<string>", line 2, in commit
Apr 06 13:35:33 ubuntu devstack@keystone.service[82031]: ERROR keystone.server.flask.application   File "/opt/stack/data/venv/lib/python3.10/site-packages/sqlalchemy/orm/state_changes.py", line 137, in _go
Apr 06 13:35:33 ubuntu devstack@keystone.service[82031]: ERROR keystone.server.flask.application     ret_value = fn(self, *arg, **kw)
Apr 06 13:35:33 ubuntu devstack@keystone.service[82031]: ERROR keystone.server.flask.application   File "/opt/stack/data/venv/lib/python3.10/site-packages/sqlalchemy/orm/session.py", line 1311, in commit
Apr 06 13:35:33 ubuntu devstack@keystone.service[82031]: ERROR keystone.server.flask.application     self._prepare_impl()
Apr 06 13:35:33 ubuntu devstack@keystone.service[82031]: ERROR keystone.server.flask.application   File "<string>", line 2, in _prepare_impl
Apr 06 13:35:33 ubuntu devstack@keystone.service[82031]: ERROR keystone.server.flask.application   File "/opt/stack/data/venv/lib/python3.10/site-packages/sqlalchemy/orm/state_changes.py", line 137, in _go
Apr 06 13:35:33 ubuntu devstack@keystone.service[82031]: ERROR keystone.server.flask.application     ret_value = fn(self, *arg, **kw)
Apr 06 13:35:33 ubuntu devstack@keystone.service[82031]: ERROR keystone.server.flask.application   File "/opt/stack/data/venv/lib/python3.10/site-packages/sqlalchemy/orm/session.py", line 1286, in _prepare_impl
Apr 06 13:35:33 ubuntu devstack@keystone.service[82031]: ERROR keystone.server.flask.application     self.session.flush()
Apr 06 13:35:33 ubuntu devstack@keystone.service[82031]: ERROR keystone.server.flask.application   File "/opt/stack/data/venv/lib/python3.10/site-packages/sqlalchemy/orm/session.py", line 4331, in flush
Apr 06 13:35:33 ubuntu devstack@keystone.service[82031]: ERROR keystone.server.flask.application     self._flush(objects)
Apr 06 13:35:33 ubuntu devstack@keystone.service[82031]: ERROR keystone.server.flask.application   File "/opt/stack/data/venv/lib/python3.10/site-packages/sqlalchemy/orm/session.py", line 4466, in _flush
Apr 06 13:35:33 ubuntu devstack@keystone.service[82031]: ERROR keystone.server.flask.application     with util.safe_reraise():
Apr 06 13:35:33 ubuntu devstack@keystone.service[82031]: ERROR keystone.server.flask.application   File "/opt/stack/data/venv/lib/python3.10/site-packages/sqlalchemy/util/langhelpers.py", line 121, in __exit__
Apr 06 13:35:33 ubuntu devstack@keystone.service[82031]: ERROR keystone.server.flask.application     raise exc_value.with_traceback(exc_tb)
Apr 06 13:35:33 ubuntu devstack@keystone.service[82031]: ERROR keystone.server.flask.application   File "/opt/stack/data/venv/lib/python3.10/site-packages/sqlalchemy/orm/session.py", line 4427, in _flush
Apr 06 13:35:33 ubuntu devstack@keystone.service[82031]: ERROR keystone.server.flask.application     flush_context.execute()
Apr 06 13:35:33 ubuntu devstack@keystone.service[82031]: ERROR keystone.server.flask.application   File "/opt/stack/data/venv/lib/python3.10/site-packages/sqlalchemy/orm/unitofwork.py", line 466, in execute
Apr 06 13:35:33 ubuntu devstack@keystone.service[82031]: ERROR keystone.server.flask.application     rec.execute(self)
Apr 06 13:35:33 ubuntu devstack@keystone.service[82031]: ERROR keystone.server.flask.application   File "/opt/stack/data/venv/lib/python3.10/site-packages/sqlalchemy/orm/unitofwork.py", line 642, in execute
Apr 06 13:35:33 ubuntu devstack@keystone.service[82031]: ERROR keystone.server.flask.application     util.preloaded.orm_persistence.save_obj(
Apr 06 13:35:33 ubuntu devstack@keystone.service[82031]: ERROR keystone.server.flask.application   File "/opt/stack/data/venv/lib/python3.10/site-packages/sqlalchemy/orm/persistence.py", line 93, in save_obj
Apr 06 13:35:33 ubuntu devstack@keystone.service[82031]: ERROR keystone.server.flask.application     _emit_insert_statements(
Apr 06 13:35:33 ubuntu devstack@keystone.service[82031]: ERROR keystone.server.flask.application   File "/opt/stack/data/venv/lib/python3.10/site-packages/sqlalchemy/orm/persistence.py", line 1048, in _emit_insert_statements
Apr 06 13:35:33 ubuntu devstack@keystone.service[82031]: ERROR keystone.server.flask.application     result = connection.execute(
