Feb 19 02:14:24 ubuntu devstack@keystone.service[81887]: ERROR keystone.server.flask.application 
Feb 19 02:14:24 ubuntu devstack@keystone.service[81887]: ERROR keystone.server.flask.application Traceback (most recent call last):
Feb 19 02:14:24 ubuntu devstack@keystone.service[81887]: ERROR keystone.server.flask.application   File "/opt/stack/data/venv/lib/python3.10/site-packages/flask/app.py", line 917, in full_dispatch_request
Feb 19 02:14:24 ubuntu devstack@keystone.service[81887]: ERROR keystone.server.flask.application     rv = self.dispatch_request()
Feb 19 02:14:24 ubuntu devstack@keystone.service[81887]: ERROR keystone.server.flask.application   File "/opt/stack/data/venv/lib/python3.10/site-packages/flask/app.py", line 902, in dispatch_request
Feb 19 02:14:24 ubuntu devstack@keystone.service[81887]: ERROR keystone.server.flask.application     return self.ensure_sync(self.view_functions[rule.endpoint])(**view_args)  # type: ignore[no-any-return]
Feb 19 02:14:24 ubuntu devstack@keystone.service[81887]: ERROR keystone.server.flask.application   File "/opt/stack/data/venv/lib/python3.10/site-packages/flask_restful/__init__.py", line 489, in wrapper
Feb 19 02:14:24 ubuntu devstack@keystone.service[81887]: ERROR keystone.server.flask.application     resp = resource(*args, **kwargs)
Feb 19 02:14:24 ubuntu devstack@keystone.service[81887]: ERROR keystone.server.flask.application   File "/opt/stack/data/venv/lib/python3.10/site-packages/flask/views.py", line 110, in view
Feb 19 02:14:24 ubuntu devstack@keystone.service[81887]: ERROR keystone.server.flask.application     return current_app.ensure_sync(self.dispatch_request)(**kwargs)  # type: ignore[no-any-return]
Feb 19 02:14:24 ubuntu devstack@keystone.service[81887]: ERROR keystone.server.flask.application   File "/opt/stack/data/venv/lib/python3.10/site-packages/flask_restful/__init__.py", line 604, in dispatch_request
Feb 19 02:14:24 ubuntu devstack@keystone.service[81887]: ERROR keystone.server.flask.application     resp = meth(*args, **kwargs)
Feb 19 02:14:24 ubuntu devstack@keystone.service[81887]: ERROR keystone.server.flask.application   File "/opt/stack/keystone/keystone/api/validation/__init__.py", line 86, in wrapper
Feb 19 02:14:24 ubuntu devstack@keystone.service[81887]: ERROR keystone.server.flask.application     return func(*args, **kwargs)
Feb 19 02:14:24 ubuntu devstack@keystone.service[81887]: ERROR keystone.server.flask.application   File "/opt/stack/keystone/keystone/api/validation/__init__.py", line 145, in wrapper
Feb 19 02:14:24 ubuntu devstack@keystone.service[81887]: ERROR keystone.server.flask.application     response = func(*args, **kwargs)
Feb 19 02:14:24 ubuntu devstack@keystone.service[81887]: ERROR keystone.server.flask.application   File "/opt/stack/keystone/keystone/api/roles.py", line 91, in post
Feb 19 02:14:24 ubuntu devstack@keystone.service[81887]: ERROR keystone.server.flask.application     ref = PROVIDERS.role_api.create_role(
Feb 19 02:14:24 ubuntu devstack@keystone.service[81887]: ERROR keystone.server.flask.application   File "/opt/stack/keystone/keystone/common/manager.py", line 114, in wrapped
Feb 19 02:14:24 ubuntu devstack@keystone.service[81887]: ERROR keystone.server.flask.application     __ret_val = __f(*args, **kwargs)
Feb 19 02:14:24 ubuntu devstack@keystone.service[81887]: ERROR keystone.server.flask.application   File "/opt/stack/keystone/keystone/assignment/core.py", line 1526, in create_role
Feb 19 02:14:24 ubuntu devstack@keystone.service[81887]: ERROR keystone.server.flask.application     ret = self.driver.create_role(role_id, role)
Feb 19 02:14:24 ubuntu devstack@keystone.service[81887]: ERROR keystone.server.flask.application   File "/opt/stack/keystone/keystone/common/sql/core.py", line 614, in wrapper
Feb 19 02:14:24 ubuntu devstack@keystone.service[81887]: ERROR keystone.server.flask.application     raise exception.Conflict(type=conflict_type, details=msg)
Feb 19 02:14:24 ubuntu devstack@keystone.service[81887]: ERROR keystone.server.flask.application keystone.exception.Conflict: Conflict occurred attempting to store role - Duplicate entry found with name service.
Feb 19 02:14:24 ubuntu devstack@keystone.service[81887]: ERROR keystone.server.flask.application 
Feb 19 02:14:24 ubuntu devstack@keystone.service[81887]: [pid: 81887|app: 0|req: 15/34] 10.201.5.82 () {60 vars in 1168 bytes} [Thu Feb 19 02:14:24 2026] POST /identity/v3/roles => generated 140 bytes in 104 msecs (HTTP/1.1 409) 5 headers in 183 bytes (1 switches on core 0)
Feb 19 02:14:24 ubuntu devstack@keystone.service[81887]: DEBUG keystone.server.flask.request_processing.middleware.auth_context [None req-942adc75-5a64-40ae-9d45-c79fc477fa2f None admin] Authenticating user token {{(pid=81887) process_request /opt/stack/data/venv/lib/python3.10/site-packages/keystonemiddleware/auth_token/__init__.py:407}}
Feb 19 02:14:25 ubuntu devstack@keystone.service[81887]: DEBUG keystone.server.flask.request_processing.middleware.auth_context [None req-942adc75-5a64-40ae-9d45-c79fc477fa2f None admin] Validating token access rules against request {{(pid=81887) validate_allowed_request /opt/stack/data/venv/lib/python3.10/site-packages/keystonemiddleware/auth_token/__init__.py:545}}
Feb 19 02:14:25 ubuntu devstack@keystone.service[81887]: DEBUG keystone.server.flask.request_processing.middleware.auth_context [None req-014e8c06-7cb1-467a-9f7e-9d0cf0c945e4 None admin] RBAC: auth_context: {'token': <TokenModel (audit_id=nCLzaTwSQCKLZzxB0LNOoA, audit_chain_id=['nCLzaTwSQCKLZzxB0LNOoA']) at 0x7fdf06bcb7f0>, 'domain_id': None, 'trust_id': None, 'trustor_id': None, 'trustee_id': None, 'domain_name': None, 'group_ids': [], 'user_id': '8d968cc65a814a5fbdc97edd6516e59d', 'user_domain_id': 'default', 'system_scope': 'all', 'project_id': None, 'project_domain_id': None, 'roles': ['admin', 'manager', 'member', 'reader'], 'is_admin_project': True, 'service_user_id': None, 'service_user_domain_id': None, 'service_project_id': None, 'service_project_domain_id': None, 'service_roles': []} {{(pid=81887) fill_context /opt/stack/keystone/keystone/server/flask/request_processing/middleware/auth_context.py:509}}
Feb 19 02:14:25 ubuntu devstack@keystone.service[81887]: DEBUG keystone.server.flask.request_processing.req_logging [None req-014e8c06-7cb1-467a-9f7e-9d0cf0c945e4 None admin] REQUEST_METHOD: `GET` {{(pid=81887) log_request_info /opt/stack/keystone/keystone/server/flask/request_processing/req_logging.py:26}}
Feb 19 02:14:25 ubuntu devstack@keystone.service[81887]: DEBUG keystone.server.flask.request_processing.req_logging [None req-014e8c06-7cb1-467a-9f7e-9d0cf0c945e4 None admin] SCRIPT_NAME: `/identity` {{(pid=81887) log_request_info /opt/stack/keystone/keystone/server/flask/request_processing/req_logging.py:27}}
Feb 19 02:14:25 ubuntu devstack@keystone.service[81887]: DEBUG keystone.server.flask.request_processing.req_logging [None req-014e8c06-7cb1-467a-9f7e-9d0cf0c945e4 None admin] PATH_INFO: `/v3/roles/service` {{(pid=81887) log_request_info /opt/stack/keystone/keystone/server/flask/request_processing/req_logging.py:28}}
Feb 19 02:14:25 ubuntu devstack@keystone.service[81887]: DEBUG keystone.common.rbac_enforcer.enforcer [None req-014e8c06-7cb1-467a-9f7e-9d0cf0c945e4 None admin] Extracting inferred target data resulted in "NOT FOUND (404)". {{(pid=81887) enforce_call /opt/stack/keystone/keystone/common/rbac_enforcer/enforcer.py:445}}
Feb 19 02:14:25 ubuntu devstack@keystone.service[81887]: DEBUG keystone.server.flask.application [None req-014e8c06-7cb1-467a-9f7e-9d0cf0c945e4 None admin] Could not find role: service. {{(pid=81887) _handle_keystone_exception /opt/stack/keystone/keystone/server/flask/application.py:146}}
Feb 19 02:14:25 ubuntu devstack@keystone.service[81887]: [pid: 81887|app: 0|req: 16/35] 10.201.5.82 () {56 vars in 1139 bytes} [Thu Feb 19 02:14:24 2026] GET /identity/v3/roles/service => generated 85 bytes in 134 msecs (HTTP/1.1 404) 5 headers in 183 bytes (2 switches on core 0)
Feb 19 02:14:25 ubuntu devstack@keystone.service[81887]: DEBUG keystone.server.flask.request_processing.middleware.auth_context [None req-014e8c06-7cb1-467a-9f7e-9d0cf0c945e4 None admin] Authenticating user token {{(pid=81887) process_request /opt/stack/data/venv/lib/python3.10/site-packages/keystonemiddleware/auth_token/__init__.py:407}}
Feb 19 02:14:25 ubuntu devstack@keystone.service[81887]: DEBUG keystone.server.flask.request_processing.middleware.auth_context [None req-014e8c06-7cb1-467a-9f7e-9d0cf0c945e4 None admin] Validating token access rules against request {{(pid=81887) validate_allowed_request /opt/stack/data/venv/lib/python3.10/site-packages/keystonemiddleware/auth_token/__init__.py:545}}
Feb 19 02:14:25 ubuntu devstack@keystone.service[81887]: DEBUG keystone.server.flask.request_processing.middleware.auth_context [None req-136f74fd-7f31-46a0-b9af-a41219887957 None admin] RBAC: auth_context: {'token': <TokenModel (audit_id=x2YA5EGtR8i6_WrSlVkfEA, audit_chain_id=['x2YA5EGtR8i6_WrSlVkfEA']) at 0x7fdf06bc29e0>, 'domain_id': None, 'trust_id': None, 'trustor_id': None, 'trustee_id': None, 'domain_name': None, 'group_ids': [], 'user_id': '8d968cc65a814a5fbdc97edd6516e59d', 'user_domain_id': 'default', 'system_scope': 'all', 'project_id': None, 'project_domain_id': None, 'roles': ['admin', 'manager', 'member', 'reader'], 'is_admin_project': True, 'service_user_id': None, 'service_user_domain_id': None, 'service_project_id': None, 'service_project_domain_id': None, 'service_roles': []} {{(pid=81887) fill_context /opt/stack/keystone/keystone/server/flask/request_processing/middleware/auth_context.py:509}}
Feb 19 02:14:25 ubuntu devstack@keystone.service[81887]: DEBUG keystone.server.flask.request_processing.req_logging [None req-136f74fd-7f31-46a0-b9af-a41219887957 None admin] REQUEST_METHOD: `GET` {{(pid=81887) log_request_info /opt/stack/keystone/keystone/server/flask/request_processing/req_logging.py:26}}
Feb 19 02:14:25 ubuntu devstack@keystone.service[81887]: DEBUG keystone.server.flask.request_processing.req_logging [None req-136f74fd-7f31-46a0-b9af-a41219887957 None admin] SCRIPT_NAME: `/identity` {{(pid=81887) log_request_info /opt/stack/keystone/keystone/server/flask/request_processing/req_logging.py:27}}
Feb 19 02:14:25 ubuntu devstack@keystone.service[81887]: DEBUG keystone.server.flask.request_processing.req_logging [None req-136f74fd-7f31-46a0-b9af-a41219887957 None admin] PATH_INFO: `/v3/roles/admin` {{(pid=81887) log_request_info /opt/stack/keystone/keystone/server/flask/request_processing/req_logging.py:28}}
Feb 19 02:14:25 ubuntu devstack@keystone.service[81887]: DEBUG keystone.common.rbac_enforcer.enforcer [None req-136f74fd-7f31-46a0-b9af-a41219887957 None admin] Extracting inferred target data resulted in "NOT FOUND (404)". {{(pid=81887) enforce_call /opt/stack/keystone/keystone/common/rbac_enforcer/enforcer.py:445}}
Feb 19 02:14:25 ubuntu devstack@keystone.service[81887]: DEBUG keystone.server.flask.application [None req-136f74fd-7f31-46a0-b9af-a41219887957 None admin] Could not find role: admin. {{(pid=81887) _handle_keystone_exception /opt/stack/keystone/keystone/server/flask/application.py:146}}
Feb 19 02:14:25 ubuntu devstack@keystone.service[81887]: [pid: 81887|app: 0|req: 17/36] 10.201.5.82 () {56 vars in 1133 bytes} [Thu Feb 19 02:14:25 2026] GET /identity/v3/roles/admin => generated 83 bytes in 65 msecs (HTTP/1.1 404) 5 headers in 183 bytes (1 switches on core 0)
Feb 19 02:14:25 ubuntu devstack@keystone.service[81887]: DEBUG keystone.server.flask.request_processing.middleware.auth_context [None req-136f74fd-7f31-46a0-b9af-a41219887957 None admin] Authenticating user token {{(pid=81887) process_request /opt/stack/data/venv/lib/python3.10/site-packages/keystonemiddleware/auth_token/__init__.py:407}}
Feb 19 02:14:25 ubuntu devstack@keystone.service[81888]: [pid: 81888|app: 0|req: 20/37] 10.201.5.82 () {60 vars in 1177 bytes} [Thu Feb 19 02:14:24 2026] POST /identity/v3/projects => generated 301 bytes in 319 msecs (HTTP/1.1 201) 5 headers in 182 bytes (1 switches on core 0)
Feb 19 02:14:25 ubuntu devstack@keystone.service[81888]: DEBUG keystone.server.flask.request_processing.middleware.auth_context [None req-dc4eb1be-188e-4094-9ecd-0080b80ac6d7 None admin] Authenticating user token {{(pid=81888) process_request /opt/stack/data/venv/lib/python3.10/site-packages/keystonemiddleware/auth_token/__init__.py:407}}
Feb 19 02:14:25 ubuntu devstack@keystone.service[81887]: DEBUG keystone.server.flask.request_processing.middleware.auth_context [None req-136f74fd-7f31-46a0-b9af-a41219887957 None admin] Validating token access rules against request {{(pid=81887) validate_allowed_request /opt/stack/data/venv/lib/python3.10/site-packages/keystonemiddleware/auth_token/__init__.py:545}}
Feb 19 02:14:25 ubuntu devstack@keystone.service[81887]: DEBUG keystone.server.flask.request_processing.middleware.auth_context [None req-97ede093-ebd1-4b23-80d0-0ff0ad2097e5 None admin] RBAC: auth_context: {'token': <TokenModel (audit_id=nCLzaTwSQCKLZzxB0LNOoA, audit_chain_id=['nCLzaTwSQCKLZzxB0LNOoA']) at 0x7fdf068a0760>, 'domain_id': None, 'trust_id': None, 'trustor_id': None, 'trustee_id': None, 'domain_name': None, 'group_ids': [], 'user_id': '8d968cc65a814a5fbdc97edd6516e59d', 'user_domain_id': 'default', 'system_scope': 'all', 'project_id': None, 'project_domain_id': None, 'roles': ['admin', 'manager', 'member', 'reader'], 'is_admin_project': True, 'service_user_id': None, 'service_user_domain_id': None, 'service_project_id': None, 'service_project_domain_id': None, 'service_roles': []} {{(pid=81887) fill_context /opt/stack/keystone/keystone/server/flask/request_processing/middleware/auth_context.py:509}}
Feb 19 02:14:25 ubuntu devstack@keystone.service[81887]: DEBUG keystone.server.flask.request_processing.req_logging [None req-97ede093-ebd1-4b23-80d0-0ff0ad2097e5 None admin] REQUEST_METHOD: `GET` {{(pid=81887) log_request_info /opt/stack/keystone/keystone/server/flask/request_processing/req_logging.py:26}}
Feb 19 02:14:25 ubuntu devstack@keystone.service[81887]: DEBUG keystone.server.flask.request_processing.req_logging [None req-97ede093-ebd1-4b23-80d0-0ff0ad2097e5 None admin] SCRIPT_NAME: `/identity` {{(pid=81887) log_request_info /opt/stack/keystone/keystone/server/flask/request_processing/req_logging.py:27}}
Feb 19 02:14:25 ubuntu devstack@keystone.service[81887]: DEBUG keystone.server.flask.request_processing.req_logging [None req-97ede093-ebd1-4b23-80d0-0ff0ad2097e5 None admin] PATH_INFO: `/v3/roles` {{(pid=81887) log_request_info /opt/stack/keystone/keystone/server/flask/request_processing/req_logging.py:28}}
Feb 19 02:14:25 ubuntu devstack@keystone.service[81887]: DEBUG keystone.common.rbac_enforcer.enforcer [None req-97ede093-ebd1-4b23-80d0-0ff0ad2097e5 None admin] RBAC: Adding query filter params (name=service) {{(pid=81887) _extract_filter_values /opt/stack/keystone/keystone/common/rbac_enforcer/enforcer.py:176}}
Feb 19 02:14:25 ubuntu devstack@keystone.service[81887]: DEBUG keystone.common.rbac_enforcer.enforcer [None req-97ede093-ebd1-4b23-80d0-0ff0ad2097e5 None admin] RBAC: Authorizing `identity:list_roles()` {{(pid=81887) enforce_call /opt/stack/keystone/keystone/common/rbac_enforcer/enforcer.py:494}}
Feb 19 02:14:25 ubuntu devstack@keystone.service[81887]: DEBUG keystone.common.rbac_enforcer.enforcer [None req-97ede093-ebd1-4b23-80d0-0ff0ad2097e5 None admin] RBAC: Authorization granted {{(pid=81887) enforce_call /opt/stack/keystone/keystone/common/rbac_enforcer/enforcer.py:505}}
Feb 19 02:14:25 ubuntu devstack@keystone.service[81888]: DEBUG keystone.server.flask.request_processing.middleware.auth_context [None req-dc4eb1be-188e-4094-9ecd-0080b80ac6d7 None admin] Validating token access rules against request {{(pid=81888) validate_allowed_request /opt/stack/data/venv/lib/python3.10/site-packages/keystonemiddleware/auth_token/__init__.py:545}}
Feb 19 02:14:25 ubuntu devstack@keystone.service[81887]: [pid: 81887|app: 0|req: 18/38] 10.201.5.82 () {56 vars in 1153 bytes} [Thu Feb 19 02:14:25 2026] GET /identity/v3/roles?name=service => generated 343 bytes in 67 msecs (HTTP/1.1 200) 5 headers in 177 bytes (1 switches on core 0)
Feb 19 02:14:25 ubuntu devstack@keystone.service[81887]: DEBUG keystone.server.flask.request_processing.req_logging [None req-bbdeccdd-9a00-4a4e-b903-e241a30e66a3 None None] REQUEST_METHOD: `GET` {{(pid=81887) log_request_info /opt/stack/keystone/keystone/server/flask/request_processing/req_logging.py:26}}
Feb 19 02:14:25 ubuntu devstack@keystone.service[81887]: DEBUG keystone.server.flask.request_processing.req_logging [None req-bbdeccdd-9a00-4a4e-b903-e241a30e66a3 None None] SCRIPT_NAME: `/identity` {{(pid=81887) log_request_info /opt/stack/keystone/keystone/server/flask/request_processing/req_logging.py:27}}
Feb 19 02:14:25 ubuntu devstack@keystone.service[81887]: DEBUG keystone.server.flask.request_processing.req_logging [None req-bbdeccdd-9a00-4a4e-b903-e241a30e66a3 None None] PATH_INFO: `/` {{(pid=81887) log_request_info /opt/stack/keystone/keystone/server/flask/request_processing/req_logging.py:28}}
Feb 19 02:14:25 ubuntu devstack@keystone.service[81888]: DEBUG keystone.server.flask.request_processing.middleware.auth_context [None req-cd522838-0412-4482-9ac3-a3bb93f510ce None admin] RBAC: auth_context: {'token': <TokenModel (audit_id=x2YA5EGtR8i6_WrSlVkfEA, audit_chain_id=['x2YA5EGtR8i6_WrSlVkfEA']) at 0x7fdf068dfc70>, 'domain_id': None, 'trust_id': None, 'trustor_id': None, 'trustee_id': None, 'domain_name': None, 'group_ids': [], 'user_id': '8d968cc65a814a5fbdc97edd6516e59d', 'user_domain_id': 'default', 'system_scope': 'all', 'project_id': None, 'project_domain_id': None, 'roles': ['admin', 'manager', 'member', 'reader'], 'is_admin_project': True, 'service_user_id': None, 'service_user_domain_id': None, 'service_project_id': None, 'service_project_domain_id': None, 'service_roles': []} {{(pid=81888) fill_context /opt/stack/keystone/keystone/server/flask/request_processing/middleware/auth_context.py:509}}
Feb 19 02:14:25 ubuntu devstack@keystone.service[81888]: DEBUG keystone.server.flask.request_processing.req_logging [None req-cd522838-0412-4482-9ac3-a3bb93f510ce None admin] REQUEST_METHOD: `GET` {{(pid=81888) log_request_info /opt/stack/keystone/keystone/server/flask/request_processing/req_logging.py:26}}
Feb 19 02:14:25 ubuntu devstack@keystone.service[81887]: [pid: 81887|app: 0|req: 19/39] 10.201.5.82 () {54 vars in 920 bytes} [Thu Feb 19 02:14:25 2026] GET /identity => generated 270 bytes in 1 msecs (HTTP/1.1 300) 6 headers in 234 bytes (1 switches on core 0)
Feb 19 02:14:25 ubuntu devstack@keystone.service[81888]: DEBUG keystone.server.flask.request_processing.req_logging [None req-cd522838-0412-4482-9ac3-a3bb93f510ce None admin] SCRIPT_NAME: `/identity` {{(pid=81888) log_request_info /opt/stack/keystone/keystone/server/flask/request_processing/req_logging.py:27}}
Feb 19 02:14:25 ubuntu devstack@keystone.service[81888]: DEBUG keystone.server.flask.request_processing.req_logging [None req-cd522838-0412-4482-9ac3-a3bb93f510ce None admin] PATH_INFO: `/v3/roles` {{(pid=81888) log_request_info /opt/stack/keystone/keystone/server/flask/request_processing/req_logging.py:28}}
Feb 19 02:14:25 ubuntu devstack@keystone.service[81888]: DEBUG keystone.common.rbac_enforcer.enforcer [None req-cd522838-0412-4482-9ac3-a3bb93f510ce None admin] RBAC: Adding query filter params (name=admin) {{(pid=81888) _extract_filter_values /opt/stack/keystone/keystone/common/rbac_enforcer/enforcer.py:176}}
Feb 19 02:14:25 ubuntu devstack@keystone.service[81887]: DEBUG keystone.server.flask.request_processing.req_logging [None req-cfeccfda-a228-4f0c-a1eb-0f4c79acef9a None None] REQUEST_METHOD: `POST` {{(pid=81887) log_request_info /opt/stack/keystone/keystone/server/flask/request_processing/req_logging.py:26}}
Feb 19 02:14:25 ubuntu devstack@keystone.service[81887]: DEBUG keystone.server.flask.request_processing.req_logging [None req-cfeccfda-a228-4f0c-a1eb-0f4c79acef9a None None] SCRIPT_NAME: `/identity` {{(pid=81887) log_request_info /opt/stack/keystone/keystone/server/flask/request_processing/req_logging.py:27}}
Feb 19 02:14:25 ubuntu devstack@keystone.service[81887]: DEBUG keystone.server.flask.request_processing.req_logging [None req-cfeccfda-a228-4f0c-a1eb-0f4c79acef9a None None] PATH_INFO: `/v3/auth/tokens` {{(pid=81887) log_request_info /opt/stack/keystone/keystone/server/flask/request_processing/req_logging.py:28}}
Feb 19 02:14:25 ubuntu devstack@keystone.service[81888]: DEBUG keystone.common.rbac_enforcer.enforcer [None req-cd522838-0412-4482-9ac3-a3bb93f510ce None admin] RBAC: Authorizing `identity:list_roles()` {{(pid=81888) enforce_call /opt/stack/keystone/keystone/common/rbac_enforcer/enforcer.py:494}}
Feb 19 02:14:25 ubuntu devstack@keystone.service[81888]: DEBUG keystone.common.rbac_enforcer.enforcer [None req-cd522838-0412-4482-9ac3-a3bb93f510ce None admin] RBAC: Authorization granted {{(pid=81888) enforce_call /opt/stack/keystone/keystone/common/rbac_enforcer/enforcer.py:505}}
Feb 19 02:14:25 ubuntu devstack@keystone.service[81888]: [pid: 81888|app: 0|req: 21/40] 10.201.5.82 () {56 vars in 1149 bytes} [Thu Feb 19 02:14:25 2026] GET /identity/v3/roles?name=admin => generated 339 bytes in 73 msecs (HTTP/1.1 200) 5 headers in 177 bytes (1 switches on core 0)
Feb 19 02:14:25 ubuntu devstack@keystone.service[81887]: WARNING keystone.common.password_hashing [None req-cfeccfda-a228-4f0c-a1eb-0f4c79acef9a None None] Truncating password to algorithm specific maximum length 72 characters.
Feb 19 02:14:25 ubuntu devstack@keystone.service[81888]: DEBUG keystone.server.flask.request_processing.middleware.auth_context [None req-cd522838-0412-4482-9ac3-a3bb93f510ce None admin] Authenticating user token {{(pid=81888) process_request /opt/stack/data/venv/lib/python3.10/site-packages/keystonemiddleware/auth_token/__init__.py:407}}
Feb 19 02:14:25 ubuntu devstack@keystone.service[81887]: DEBUG keystone.auth.core [None req-cfeccfda-a228-4f0c-a1eb-0f4c79acef9a None None] MFA Rules not processed for user `8d968cc65a814a5fbdc97edd6516e59d`. Rule list: `[]` (Enabled: `True`). {{(pid=81887) check_auth_methods_against_rules /opt/stack/keystone/keystone/auth/core.py:476}}
Feb 19 02:14:25 ubuntu devstack@keystone.service[81887]: DEBUG keystone.common.fernet_utils [None req-cfeccfda-a228-4f0c-a1eb-0f4c79acef9a None None] Loaded 2 Fernet keys from /etc/keystone/fernet-keys/, but `[fernet_tokens] max_active_keys = 3`; perhaps there have not been enough key rotations to reach `max_active_keys` yet? {{(pid=81887) load_keys /opt/stack/keystone/keystone/common/fernet_utils.py:297}}
Feb 19 02:14:25 ubuntu devstack@keystone.service[81887]: [pid: 81887|app: 0|req: 20/41] 10.201.5.82 () {58 vars in 1017 bytes} [Thu Feb 19 02:14:25 2026] POST /identity/v3/auth/tokens => generated 862 bytes in 63 msecs (HTTP/1.1 201) 6 headers in 363 bytes (1 switches on core 0)
Feb 19 02:14:25 ubuntu devstack@keystone.service[81888]: DEBUG keystone.server.flask.request_processing.middleware.auth_context [None req-cd522838-0412-4482-9ac3-a3bb93f510ce None admin] Validating token access rules against request {{(pid=81888) validate_allowed_request /opt/stack/data/venv/lib/python3.10/site-packages/keystonemiddleware/auth_token/__init__.py:545}}
Feb 19 02:14:25 ubuntu devstack@keystone.service[81888]: DEBUG keystone.server.flask.request_processing.middleware.auth_context [None req-bd86a1dc-6a1b-4efd-8ec6-e7ccff4e1dc3 None admin] RBAC: auth_context: {'token': <TokenModel (audit_id=x2YA5EGtR8i6_WrSlVkfEA, audit_chain_id=['x2YA5EGtR8i6_WrSlVkfEA']) at 0x7fdf068df460>, 'domain_id': None, 'trust_id': None, 'trustor_id': None, 'trustee_id': None, 'domain_name': None, 'group_ids': [], 'user_id': '8d968cc65a814a5fbdc97edd6516e59d', 'user_domain_id': 'default', 'system_scope': 'all', 'project_id': None, 'project_domain_id': None, 'roles': ['admin', 'manager', 'member', 'reader'], 'is_admin_project': True, 'service_user_id': None, 'service_user_domain_id': None, 'service_project_id': None, 'service_project_domain_id': None, 'service_roles': []} {{(pid=81888) fill_context /opt/stack/keystone/keystone/server/flask/request_processing/middleware/auth_context.py:509}}
Feb 19 02:14:25 ubuntu devstack@keystone.service[81888]: DEBUG keystone.server.flask.request_processing.req_logging [None req-bd86a1dc-6a1b-4efd-8ec6-e7ccff4e1dc3 None admin] REQUEST_METHOD: `GET` {{(pid=81888) log_request_info /opt/stack/keystone/keystone/server/flask/request_processing/req_logging.py:26}}
Feb 19 02:14:25 ubuntu devstack@keystone.service[81888]: DEBUG keystone.server.flask.request_processing.req_logging [None req-bd86a1dc-6a1b-4efd-8ec6-e7ccff4e1dc3 None admin] SCRIPT_NAME: `/identity` {{(pid=81888) log_request_info /opt/stack/keystone/keystone/server/flask/request_processing/req_logging.py:27}}
Feb 19 02:14:25 ubuntu devstack@keystone.service[81888]: DEBUG keystone.server.flask.request_processing.req_logging [None req-bd86a1dc-6a1b-4efd-8ec6-e7ccff4e1dc3 None admin] PATH_INFO: `/v3/users/8d968cc65a814a5fbdc97edd6516e59d` {{(pid=81888) log_request_info /opt/stack/keystone/keystone/server/flask/request_processing/req_logging.py:28}}
Feb 19 02:14:25 ubuntu devstack@keystone.service[81888]: DEBUG keystone.common.rbac_enforcer.enforcer [None req-bd86a1dc-6a1b-4efd-8ec6-e7ccff4e1dc3 None admin] RBAC: Authorizing `identity:get_user(user_id=8d968cc65a814a5fbdc97edd6516e59d)` {{(pid=81888) enforce_call /opt/stack/keystone/keystone/common/rbac_enforcer/enforcer.py:494}}
Feb 19 02:14:25 ubuntu devstack@keystone.service[81888]: DEBUG keystone.common.rbac_enforcer.enforcer [None req-bd86a1dc-6a1b-4efd-8ec6-e7ccff4e1dc3 None admin] RBAC: Authorization granted {{(pid=81888) enforce_call /opt/stack/keystone/keystone/common/rbac_enforcer/enforcer.py:505}}
Feb 19 02:14:25 ubuntu devstack@keystone.service[81888]: [pid: 81888|app: 0|req: 22/42] 10.201.5.82 () {56 vars in 1214 bytes} [Thu Feb 19 02:14:25 2026] GET /identity/v3/users/8d968cc65a814a5fbdc97edd6516e59d => generated 247 bytes in 110 msecs (HTTP/1.1 200) 5 headers in 177 bytes (2 switches on core 0)
Feb 19 02:14:25 ubuntu devstack@keystone.service[81887]: DEBUG keystone.server.flask.request_processing.middleware.auth_context [None req-cfeccfda-a228-4f0c-a1eb-0f4c79acef9a None None] Authenticating user token {{(pid=81887) process_request /opt/stack/data/venv/lib/python3.10/site-packages/keystonemiddleware/auth_token/__init__.py:407}}
Feb 19 02:14:25 ubuntu devstack@keystone.service[81887]: DEBUG keystone.server.flask.request_processing.middleware.auth_context [None req-cfeccfda-a228-4f0c-a1eb-0f4c79acef9a None None] Validating token access rules against request {{(pid=81887) validate_allowed_request /opt/stack/data/venv/lib/python3.10/site-packages/keystonemiddleware/auth_token/__init__.py:545}}
Feb 19 02:14:25 ubuntu devstack@keystone.service[81887]: DEBUG keystone.server.flask.request_processing.middleware.auth_context [None req-7884015e-1887-4028-98ad-26b2ba9e6d94 None admin] RBAC: auth_context: {'token': <TokenModel (audit_id=x2YA5EGtR8i6_WrSlVkfEA, audit_chain_id=['x2YA5EGtR8i6_WrSlVkfEA']) at 0x7fdf068a0a90>, 'domain_id': None, 'trust_id': None, 'trustor_id': None, 'trustee_id': None, 'domain_name': None, 'group_ids': [], 'user_id': '8d968cc65a814a5fbdc97edd6516e59d', 'user_domain_id': 'default', 'system_scope': 'all', 'project_id': None, 'project_domain_id': None, 'roles': ['admin', 'manager', 'member', 'reader'], 'is_admin_project': True, 'service_user_id': None, 'service_user_domain_id': None, 'service_project_id': None, 'service_project_domain_id': None, 'service_roles': []} {{(pid=81887) fill_context /opt/stack/keystone/keystone/server/flask/request_processing/middleware/auth_context.py:509}}
Feb 19 02:14:25 ubuntu devstack@keystone.service[81887]: DEBUG keystone.server.flask.request_processing.req_logging [None req-7884015e-1887-4028-98ad-26b2ba9e6d94 None admin] REQUEST_METHOD: `GET` {{(pid=81887) log_request_info /opt/stack/keystone/keystone/server/flask/request_processing/req_logging.py:26}}
Feb 19 02:14:25 ubuntu devstack@keystone.service[81887]: DEBUG keystone.server.flask.request_processing.req_logging [None req-7884015e-1887-4028-98ad-26b2ba9e6d94 None admin] SCRIPT_NAME: `/identity` {{(pid=81887) log_request_info /opt/stack/keystone/keystone/server/flask/request_processing/req_logging.py:27}}
Feb 19 02:14:25 ubuntu devstack@keystone.service[81887]: DEBUG keystone.server.flask.request_processing.req_logging [None req-7884015e-1887-4028-98ad-26b2ba9e6d94 None admin] PATH_INFO: `/v3/domains/default` {{(pid=81887) log_request_info /opt/stack/keystone/keystone/server/flask/request_processing/req_logging.py:28}}
Feb 19 02:14:25 ubuntu devstack@keystone.service[81887]: DEBUG keystone.common.rbac_enforcer.enforcer [None req-7884015e-1887-4028-98ad-26b2ba9e6d94 None admin] RBAC: Authorizing `identity:get_domain(domain_id=default)` {{(pid=81887) enforce_call /opt/stack/keystone/keystone/common/rbac_enforcer/enforcer.py:494}}
Feb 19 02:14:25 ubuntu devstack@keystone.service[81887]: DEBUG keystone.common.rbac_enforcer.enforcer [None req-7884015e-1887-4028-98ad-26b2ba9e6d94 None admin] RBAC: Authorization granted {{(pid=81887) enforce_call /opt/stack/keystone/keystone/common/rbac_enforcer/enforcer.py:505}}
Feb 19 02:14:25 ubuntu devstack@keystone.service[81887]: [pid: 81887|app: 0|req: 21/43] 10.201.5.82 () {56 vars in 1145 bytes} [Thu Feb 19 02:14:25 2026] GET /identity/v3/domains/default => generated 199 bytes in 63 msecs (HTTP/1.1 200) 5 headers in 177 bytes (1 switches on core 0)
Feb 19 02:14:25 ubuntu devstack@keystone.service[81888]: DEBUG keystone.server.flask.request_processing.middleware.auth_context [None req-bd86a1dc-6a1b-4efd-8ec6-e7ccff4e1dc3 None admin] Authenticating user token {{(pid=81888) process_request /opt/stack/data/venv/lib/python3.10/site-packages/keystonemiddleware/auth_token/__init__.py:407}}
Feb 19 02:14:25 ubuntu devstack@keystone.service[81888]: DEBUG keystone.server.flask.request_processing.middleware.auth_context [None req-bd86a1dc-6a1b-4efd-8ec6-e7ccff4e1dc3 None admin] Validating token access rules against request {{(pid=81888) validate_allowed_request /opt/stack/data/venv/lib/python3.10/site-packages/keystonemiddleware/auth_token/__init__.py:545}}
Feb 19 02:14:25 ubuntu devstack@keystone.service[81887]: DEBUG keystone.server.flask.request_processing.middleware.auth_context [None req-7884015e-1887-4028-98ad-26b2ba9e6d94 None admin] Authenticating user token {{(pid=81887) process_request /opt/stack/data/venv/lib/python3.10/site-packages/keystonemiddleware/auth_token/__init__.py:407}}
Feb 19 02:14:25 ubuntu devstack@keystone.service[81888]: DEBUG keystone.server.flask.request_processing.middleware.auth_context [None req-9bb77b93-a378-4875-8e49-f59fcd615258 None admin] RBAC: auth_context: {'token': <TokenModel (audit_id=x2YA5EGtR8i6_WrSlVkfEA, audit_chain_id=['x2YA5EGtR8i6_WrSlVkfEA']) at 0x7fdf06860700>, 'domain_id': None, 'trust_id': None, 'trustor_id': None, 'trustee_id': None, 'domain_name': None, 'group_ids': [], 'user_id': '8d968cc65a814a5fbdc97edd6516e59d', 'user_domain_id': 'default', 'system_scope': 'all', 'project_id': None, 'project_domain_id': None, 'roles': ['admin', 'manager', 'member', 'reader'], 'is_admin_project': True, 'service_user_id': None, 'service_user_domain_id': None, 'service_project_id': None, 'service_project_domain_id': None, 'service_roles': []} {{(pid=81888) fill_context /opt/stack/keystone/keystone/server/flask/request_processing/middleware/auth_context.py:509}}
Feb 19 02:14:25 ubuntu devstack@keystone.service[81888]: DEBUG keystone.server.flask.request_processing.req_logging [None req-9bb77b93-a378-4875-8e49-f59fcd615258 None admin] REQUEST_METHOD: `GET` {{(pid=81888) log_request_info /opt/stack/keystone/keystone/server/flask/request_processing/req_logging.py:26}}
Feb 19 02:14:25 ubuntu devstack@keystone.service[81888]: DEBUG keystone.server.flask.request_processing.req_logging [None req-9bb77b93-a378-4875-8e49-f59fcd615258 None admin] SCRIPT_NAME: `/identity` {{(pid=81888) log_request_info /opt/stack/keystone/keystone/server/flask/request_processing/req_logging.py:27}}
Feb 19 02:14:25 ubuntu devstack@keystone.service[81888]: DEBUG keystone.server.flask.request_processing.req_logging [None req-9bb77b93-a378-4875-8e49-f59fcd615258 None admin] PATH_INFO: `/v3/role_assignments` {{(pid=81888) log_request_info /opt/stack/keystone/keystone/server/flask/request_processing/req_logging.py:28}}
Feb 19 02:14:25 ubuntu devstack@keystone.service[81888]: DEBUG keystone.common.rbac_enforcer.enforcer [None req-9bb77b93-a378-4875-8e49-f59fcd615258 None admin] RBAC: Adding query filter params (role.id=652c459e1bab468ab2fedf74f26dfcef, scope.domain.id=default, user.id=8d968cc65a814a5fbdc97edd6516e59d) {{(pid=81888) _extract_filter_values /opt/stack/keystone/keystone/common/rbac_enforcer/enforcer.py:176}}
Feb 19 02:14:25 ubuntu devstack@keystone.service[81888]: DEBUG keystone.common.rbac_enforcer.enforcer [None req-9bb77b93-a378-4875-8e49-f59fcd615258 None admin] RBAC: Authorizing `identity:list_role_assignments()` {{(pid=81888) enforce_call /opt/stack/keystone/keystone/common/rbac_enforcer/enforcer.py:494}}
Feb 19 02:14:25 ubuntu devstack@keystone.service[81888]: DEBUG keystone.common.rbac_enforcer.enforcer [None req-9bb77b93-a378-4875-8e49-f59fcd615258 None admin] RBAC: Authorization granted {{(pid=81888) enforce_call /opt/stack/keystone/keystone/common/rbac_enforcer/enforcer.py:505}}
Feb 19 02:14:25 ubuntu devstack@keystone.service[81888]: [pid: 81888|app: 0|req: 23/44] 10.201.5.82 () {56 vars in 1372 bytes} [Thu Feb 19 02:14:25 2026] GET /identity/v3/role_assignments?role.id=652c459e1bab468ab2fedf74f26dfcef&scope.domain.id=default&user.id=8d968cc65a814a5fbdc97edd6516e59d => generated 530 bytes in 73 msecs (HTTP/1.1 200) 5 headers in 177 bytes (1 switches on core 0)
Feb 19 02:14:25 ubuntu devstack@keystone.service[81887]: DEBUG keystone.server.flask.request_processing.middleware.auth_context [None req-7884015e-1887-4028-98ad-26b2ba9e6d94 None admin] Validating token access rules against request {{(pid=81887) validate_allowed_request /opt/stack/data/venv/lib/python3.10/site-packages/keystonemiddleware/auth_token/__init__.py:545}}
Feb 19 02:14:25 ubuntu devstack@keystone.service[81887]: DEBUG keystone.server.flask.request_processing.middleware.auth_context [None req-68601b83-80b4-42ef-bf34-bd4406f8e190 None admin] RBAC: auth_context: {'token': <TokenModel (audit_id=Wakn43z6SQuWQhKv9qtW9Q, audit_chain_id=['Wakn43z6SQuWQhKv9qtW9Q']) at 0x7fdf06bc2800>, 'domain_id': None, 'trust_id': None, 'trustor_id': None, 'trustee_id': None, 'domain_name': None, 'group_ids': [], 'user_id': '8d968cc65a814a5fbdc97edd6516e59d', 'user_domain_id': 'default', 'system_scope': 'all', 'project_id': None, 'project_domain_id': None, 'roles': ['admin', 'manager', 'member', 'reader'], 'is_admin_project': True, 'service_user_id': None, 'service_user_domain_id': None, 'service_project_id': None, 'service_project_domain_id': None, 'service_roles': []} {{(pid=81887) fill_context /opt/stack/keystone/keystone/server/flask/request_processing/middleware/auth_context.py:509}}
Feb 19 02:14:25 ubuntu devstack@keystone.service[81887]: DEBUG keystone.server.flask.request_processing.req_logging [None req-68601b83-80b4-42ef-bf34-bd4406f8e190 None admin] REQUEST_METHOD: `POST` {{(pid=81887) log_request_info /opt/stack/keystone/keystone/server/flask/request_processing/req_logging.py:26}}
Feb 19 02:14:25 ubuntu devstack@keystone.service[81887]: DEBUG keystone.server.flask.request_processing.req_logging [None req-68601b83-80b4-42ef-bf34-bd4406f8e190 None admin] SCRIPT_NAME: `/identity` {{(pid=81887) log_request_info /opt/stack/keystone/keystone/server/flask/request_processing/req_logging.py:27}}
Feb 19 02:14:25 ubuntu devstack@keystone.service[81887]: DEBUG keystone.server.flask.request_processing.req_logging [None req-68601b83-80b4-42ef-bf34-bd4406f8e190 None admin] PATH_INFO: `/v3/roles` {{(pid=81887) log_request_info /opt/stack/keystone/keystone/server/flask/request_processing/req_logging.py:28}}
Feb 19 02:14:25 ubuntu devstack@keystone.service[81887]: DEBUG keystone.common.rbac_enforcer.enforcer [None req-68601b83-80b4-42ef-bf34-bd4406f8e190 None admin] RBAC: Authorizing `identity:create_role()` {{(pid=81887) enforce_call /opt/stack/keystone/keystone/common/rbac_enforcer/enforcer.py:494}}
Feb 19 02:14:25 ubuntu devstack@keystone.service[81887]: DEBUG keystone.common.rbac_enforcer.enforcer [None req-68601b83-80b4-42ef-bf34-bd4406f8e190 None admin] RBAC: Authorization granted {{(pid=81887) enforce_call /opt/stack/keystone/keystone/common/rbac_enforcer/enforcer.py:505}}
Feb 19 02:14:25 ubuntu devstack@keystone.service[81887]: [pid: 81887|app: 0|req: 22/45] 10.201.5.82 () {60 vars in 1168 bytes} [Thu Feb 19 02:14:25 2026] POST /identity/v3/roles => generated 223 bytes in 84 msecs (HTTP/1.1 201) 5 headers in 182 bytes (2 switches on core 0)
Feb 19 02:14:25 ubuntu devstack@keystone.service[81888]: DEBUG keystone.server.flask.request_processing.req_logging [None req-5d6042cb-9de2-45a9-8b25-64fbbfc150cb None None] REQUEST_METHOD: `GET` {{(pid=81888) log_request_info /opt/stack/keystone/keystone/server/flask/request_processing/req_logging.py:26}}
Feb 19 02:14:25 ubuntu devstack@keystone.service[81888]: DEBUG keystone.server.flask.request_processing.req_logging [None req-5d6042cb-9de2-45a9-8b25-64fbbfc150cb None None] SCRIPT_NAME: `/identity` {{(pid=81888) log_request_info /opt/stack/keystone/keystone/server/flask/request_processing/req_logging.py:27}}
Feb 19 02:14:25 ubuntu devstack@keystone.service[81888]: DEBUG keystone.server.flask.request_processing.req_logging [None req-5d6042cb-9de2-45a9-8b25-64fbbfc150cb None None] PATH_INFO: `/` {{(pid=81888) log_request_info /opt/stack/keystone/keystone/server/flask/request_processing/req_logging.py:28}}
Feb 19 02:14:25 ubuntu devstack@keystone.service[81888]: [pid: 81888|app: 0|req: 24/46] 10.201.5.82 () {54 vars in 920 bytes} [Thu Feb 19 02:14:25 2026] GET /identity => generated 270 bytes in 2 msecs (HTTP/1.1 300) 6 headers in 234 bytes (1 switches on core 0)
Feb 19 02:14:25 ubuntu devstack@keystone.service[81887]: DEBUG keystone.server.flask.request_processing.req_logging [None req-9ac50493-7ff0-4907-b3fc-bd25691593ce None None] REQUEST_METHOD: `POST` {{(pid=81887) log_request_info /opt/stack/keystone/keystone/server/flask/request_processing/req_logging.py:26}}
Feb 19 02:14:25 ubuntu devstack@keystone.service[81887]: DEBUG keystone.server.flask.request_processing.req_logging [None req-9ac50493-7ff0-4907-b3fc-bd25691593ce None None] SCRIPT_NAME: `/identity` {{(pid=81887) log_request_info /opt/stack/keystone/keystone/server/flask/request_processing/req_logging.py:27}}
Feb 19 02:14:25 ubuntu devstack@keystone.service[81887]: DEBUG keystone.server.flask.request_processing.req_logging [None req-9ac50493-7ff0-4907-b3fc-bd25691593ce None None] PATH_INFO: `/v3/auth/tokens` {{(pid=81887) log_request_info /opt/stack/keystone/keystone/server/flask/request_processing/req_logging.py:28}}
Feb 19 02:14:25 ubuntu devstack@keystone.service[81887]: WARNING keystone.common.password_hashing [None req-9ac50493-7ff0-4907-b3fc-bd25691593ce None None] Truncating password to algorithm specific maximum length 72 characters.
Feb 19 02:14:25 ubuntu devstack@keystone.service[81887]: DEBUG keystone.auth.core [None req-9ac50493-7ff0-4907-b3fc-bd25691593ce None None] MFA Rules not processed for user `8d968cc65a814a5fbdc97edd6516e59d`. Rule list: `[]` (Enabled: `True`). {{(pid=81887) check_auth_methods_against_rules /opt/stack/keystone/keystone/auth/core.py:476}}
Feb 19 02:14:25 ubuntu devstack@keystone.service[81887]: DEBUG keystone.common.fernet_utils [None req-9ac50493-7ff0-4907-b3fc-bd25691593ce None None] Loaded 2 Fernet keys from /etc/keystone/fernet-keys/, but `[fernet_tokens] max_active_keys = 3`; perhaps there have not been enough key rotations to reach `max_active_keys` yet? {{(pid=81887) load_keys /opt/stack/keystone/keystone/common/fernet_utils.py:297}}
Feb 19 02:14:25 ubuntu devstack@keystone.service[81887]: [pid: 81887|app: 0|req: 23/47] 10.201.5.82 () {58 vars in 1017 bytes} [Thu Feb 19 02:14:25 2026] POST /identity/v3/auth/tokens => generated 862 bytes in 63 msecs (HTTP/1.1 201) 6 headers in 363 bytes (1 switches on core 0)
Feb 19 02:14:25 ubuntu devstack@keystone.service[81888]: DEBUG keystone.server.flask.request_processing.middleware.auth_context [None req-5d6042cb-9de2-45a9-8b25-64fbbfc150cb None None] Authenticating user token {{(pid=81888) process_request /opt/stack/data/venv/lib/python3.10/site-packages/keystonemiddleware/auth_token/__init__.py:407}}
Feb 19 02:14:25 ubuntu devstack@keystone.service[81888]: DEBUG keystone.server.flask.request_processing.middleware.auth_context [None req-5d6042cb-9de2-45a9-8b25-64fbbfc150cb None None] Validating token access rules against request {{(pid=81888) validate_allowed_request /opt/stack/data/venv/lib/python3.10/site-packages/keystonemiddleware/auth_token/__init__.py:545}}
Feb 19 02:14:25 ubuntu devstack@keystone.service[81888]: DEBUG keystone.server.flask.request_processing.middleware.auth_context [None req-a19f99be-a986-4432-9bc1-ffbbd4dbb01b None admin] RBAC: auth_context: {'token': <TokenModel (audit_id=tCNRRc5YR06KAtOtKXbcoQ, audit_chain_id=['tCNRRc5YR06KAtOtKXbcoQ']) at 0x7fdf06862ec0>, 'domain_id': None, 'trust_id': None, 'trustor_id': None, 'trustee_id': None, 'domain_name': None, 'group_ids': [], 'user_id': '8d968cc65a814a5fbdc97edd6516e59d', 'user_domain_id': 'default', 'system_scope': 'all', 'project_id': None, 'project_domain_id': None, 'roles': ['admin', 'manager', 'member', 'reader'], 'is_admin_project': True, 'service_user_id': None, 'service_user_domain_id': None, 'service_project_id': None, 'service_project_domain_id': None, 'service_roles': []} {{(pid=81888) fill_context /opt/stack/keystone/keystone/server/flask/request_processing/middleware/auth_context.py:509}}
Feb 19 02:14:25 ubuntu devstack@keystone.service[81888]: DEBUG keystone.server.flask.request_processing.req_logging [None req-a19f99be-a986-4432-9bc1-ffbbd4dbb01b None admin] REQUEST_METHOD: `GET` {{(pid=81888) log_request_info /opt/stack/keystone/keystone/server/flask/request_processing/req_logging.py:26}}
Feb 19 02:14:25 ubuntu devstack@keystone.service[81888]: DEBUG keystone.server.flask.request_processing.req_logging [None req-a19f99be-a986-4432-9bc1-ffbbd4dbb01b None admin] SCRIPT_NAME: `/identity` {{(pid=81888) log_request_info /opt/stack/keystone/keystone/server/flask/request_processing/req_logging.py:27}}
Feb 19 02:14:25 ubuntu devstack@keystone.service[81888]: DEBUG keystone.server.flask.request_processing.req_logging [None req-a19f99be-a986-4432-9bc1-ffbbd4dbb01b None admin] PATH_INFO: `/v3/domains/default` {{(pid=81888) log_request_info /opt/stack/keystone/keystone/server/flask/request_processing/req_logging.py:28}}
Feb 19 02:14:25 ubuntu devstack@keystone.service[81888]: DEBUG keystone.common.rbac_enforcer.enforcer [None req-a19f99be-a986-4432-9bc1-ffbbd4dbb01b None admin] RBAC: Authorizing `identity:get_domain(domain_id=default)` {{(pid=81888) enforce_call /opt/stack/keystone/keystone/common/rbac_enforcer/enforcer.py:494}}
Feb 19 02:14:25 ubuntu devstack@keystone.service[81888]: DEBUG keystone.common.rbac_enforcer.enforcer [None req-a19f99be-a986-4432-9bc1-ffbbd4dbb01b None admin] RBAC: Authorization granted {{(pid=81888) enforce_call /opt/stack/keystone/keystone/common/rbac_enforcer/enforcer.py:505}}
Feb 19 02:14:25 ubuntu devstack@keystone.service[81888]: [pid: 81888|app: 0|req: 25/48] 10.201.5.82 () {56 vars in 1145 bytes} [Thu Feb 19 02:14:25 2026] GET /identity/v3/domains/default => generated 199 bytes in 104 msecs (HTTP/1.1 200) 5 headers in 177 bytes (1 switches on core 0)
Feb 19 02:14:25 ubuntu devstack@keystone.service[81887]: DEBUG keystone.server.flask.request_processing.middleware.auth_context [None req-9ac50493-7ff0-4907-b3fc-bd25691593ce None None] Authenticating user token {{(pid=81887) process_request /opt/stack/data/venv/lib/python3.10/site-packages/keystonemiddleware/auth_token/__init__.py:407}}
Feb 19 02:14:26 ubuntu devstack@keystone.service[81887]: DEBUG keystone.server.flask.request_processing.middleware.auth_context [None req-9ac50493-7ff0-4907-b3fc-bd25691593ce None None] Validating token access rules against request {{(pid=81887) validate_allowed_request /opt/stack/data/venv/lib/python3.10/site-packages/keystonemiddleware/auth_token/__init__.py:545}}
Feb 19 02:14:26 ubuntu devstack@keystone.service[81887]: DEBUG keystone.server.flask.request_processing.middleware.auth_context [None req-9040492c-35d1-43bf-8cb2-9364ad4908bc None admin] RBAC: auth_context: {'token': <TokenModel (audit_id=tCNRRc5YR06KAtOtKXbcoQ, audit_chain_id=['tCNRRc5YR06KAtOtKXbcoQ']) at 0x7fdf06b4fee0>, 'domain_id': None, 'trust_id': None, 'trustor_id': None, 'trustee_id': None, 'domain_name': None, 'group_ids': [], 'user_id': '8d968cc65a814a5fbdc97edd6516e59d', 'user_domain_id': 'default', 'system_scope': 'all', 'project_id': None, 'project_domain_id': None, 'roles': ['admin', 'manager', 'member', 'reader'], 'is_admin_project': True, 'service_user_id': None, 'service_user_domain_id': None, 'service_project_id': None, 'service_project_domain_id': None, 'service_roles': []} {{(pid=81887) fill_context /opt/stack/keystone/keystone/server/flask/request_processing/middleware/auth_context.py:509}}
Feb 19 02:14:26 ubuntu devstack@keystone.service[81887]: DEBUG keystone.server.flask.request_processing.req_logging [None req-9040492c-35d1-43bf-8cb2-9364ad4908bc None admin] REQUEST_METHOD: `POST` {{(pid=81887) log_request_info /opt/stack/keystone/keystone/server/flask/request_processing/req_logging.py:26}}
Feb 19 02:14:26 ubuntu devstack@keystone.service[81887]: DEBUG keystone.server.flask.request_processing.req_logging [None req-9040492c-35d1-43bf-8cb2-9364ad4908bc None admin] SCRIPT_NAME: `/identity` {{(pid=81887) log_request_info /opt/stack/keystone/keystone/server/flask/request_processing/req_logging.py:27}}
Feb 19 02:14:26 ubuntu devstack@keystone.service[81887]: DEBUG keystone.server.flask.request_processing.req_logging [None req-9040492c-35d1-43bf-8cb2-9364ad4908bc None admin] PATH_INFO: `/v3/projects` {{(pid=81887) log_request_info /opt/stack/keystone/keystone/server/flask/request_processing/req_logging.py:28}}
Feb 19 02:14:26 ubuntu devstack@keystone.service[81887]: DEBUG keystone.common.rbac_enforcer.enforcer [None req-9040492c-35d1-43bf-8cb2-9364ad4908bc None admin] RBAC: Authorizing `identity:create_project()` {{(pid=81887) enforce_call /opt/stack/keystone/keystone/common/rbac_enforcer/enforcer.py:494}}
Feb 19 02:14:26 ubuntu devstack@keystone.service[81887]: DEBUG keystone.common.rbac_enforcer.enforcer [None req-9040492c-35d1-43bf-8cb2-9364ad4908bc None admin] RBAC: Authorization granted {{(pid=81887) enforce_call /opt/stack/keystone/keystone/common/rbac_enforcer/enforcer.py:505}}
Feb 19 02:14:26 ubuntu devstack@keystone.service[81887]: [pid: 81887|app: 0|req: 24/49] 10.201.5.82 () {60 vars in 1177 bytes} [Thu Feb 19 02:14:25 2026] POST /identity/v3/projects => generated 312 bytes in 85 msecs (HTTP/1.1 201) 5 headers in 182 bytes (1 switches on core 0)
Feb 19 02:14:27 ubuntu devstack@keystone.service[81888]: DEBUG keystone.server.flask.request_processing.req_logging [None req-f2e867c6-66e1-4d32-bf0b-8cae8a6464e1 None None] REQUEST_METHOD: `GET` {{(pid=81888) log_request_info /opt/stack/keystone/keystone/server/flask/request_processing/req_logging.py:26}}
Feb 19 02:14:27 ubuntu devstack@keystone.service[81888]: DEBUG keystone.server.flask.request_processing.req_logging [None req-f2e867c6-66e1-4d32-bf0b-8cae8a6464e1 None None] SCRIPT_NAME: `/identity` {{(pid=81888) log_request_info /opt/stack/keystone/keystone/server/flask/request_processing/req_logging.py:27}}
Feb 19 02:14:27 ubuntu devstack@keystone.service[81888]: DEBUG keystone.server.flask.request_processing.req_logging [None req-f2e867c6-66e1-4d32-bf0b-8cae8a6464e1 None None] PATH_INFO: `/` {{(pid=81888) log_request_info /opt/stack/keystone/keystone/server/flask/request_processing/req_logging.py:28}}
Feb 19 02:14:27 ubuntu devstack@keystone.service[81888]: [pid: 81888|app: 0|req: 26/50] 10.201.5.82 () {54 vars in 920 bytes} [Thu Feb 19 02:14:27 2026] GET /identity => generated 270 bytes in 2 msecs (HTTP/1.1 300) 6 headers in 234 bytes (2 switches on core 0)
Feb 19 02:14:27 ubuntu devstack@keystone.service[81887]: DEBUG keystone.server.flask.request_processing.req_logging [None req-c7dc6465-c036-449e-8647-23b9941b16af None None] REQUEST_METHOD: `POST` {{(pid=81887) log_request_info /opt/stack/keystone/keystone/server/flask/request_processing/req_logging.py:26}}
Feb 19 02:14:27 ubuntu devstack@keystone.service[81887]: DEBUG keystone.server.flask.request_processing.req_logging [None req-c7dc6465-c036-449e-8647-23b9941b16af None None] SCRIPT_NAME: `/identity` {{(pid=81887) log_request_info /opt/stack/keystone/keystone/server/flask/request_processing/req_logging.py:27}}
Feb 19 02:14:27 ubuntu devstack@keystone.service[81887]: DEBUG keystone.server.flask.request_processing.req_logging [None req-c7dc6465-c036-449e-8647-23b9941b16af None None] PATH_INFO: `/v3/auth/tokens` {{(pid=81887) log_request_info /opt/stack/keystone/keystone/server/flask/request_processing/req_logging.py:28}}
Feb 19 02:14:27 ubuntu devstack@keystone.service[81887]: WARNING keystone.common.password_hashing [None req-c7dc6465-c036-449e-8647-23b9941b16af None None] Truncating password to algorithm specific maximum length 72 characters.
Feb 19 02:14:27 ubuntu devstack@keystone.service[81887]: DEBUG keystone.auth.core [None req-c7dc6465-c036-449e-8647-23b9941b16af None None] MFA Rules not processed for user `8d968cc65a814a5fbdc97edd6516e59d`. Rule list: `[]` (Enabled: `True`). {{(pid=81887) check_auth_methods_against_rules /opt/stack/keystone/keystone/auth/core.py:476}}
