Aug 07 19:19:04 ubuntu devstack@g-api.service[117910]: DEBUG glance.common.config [None req-0f0211ed-ba9d-42b4-86e8-da2a44e61c8e None None] barbican_service_user.split_loggers = False {{(pid=117910) log_opt_values /opt/stack/data/venv/lib/python3.10/site-packages/oslo_config/cfg.py:2620}}
Aug 07 19:19:04 ubuntu devstack@g-api.service[117911]: DEBUG glance.common.config [None req-11809550-eda7-4d6e-9ee9-57b160384f7f None None] database.connection            = **** {{(pid=117911) log_opt_values /opt/stack/data/venv/lib/python3.10/site-packages/oslo_config/cfg.py:2620}}
Aug 07 19:19:04 ubuntu devstack@g-api.service[117910]: DEBUG glance.common.config [None req-0f0211ed-ba9d-42b4-86e8-da2a44e61c8e None None] barbican_service_user.timeout  = None {{(pid=117910) log_opt_values /opt/stack/data/venv/lib/python3.10/site-packages/oslo_config/cfg.py:2620}}
Aug 07 19:19:04 ubuntu devstack@g-api.service[117911]: DEBUG glance.common.config [None req-11809550-eda7-4d6e-9ee9-57b160384f7f None None] database.connection_debug      = 0 {{(pid=117911) log_opt_values /opt/stack/data/venv/lib/python3.10/site-packages/oslo_config/cfg.py:2620}}
Aug 07 19:19:04 ubuntu devstack@g-api.service[117910]: DEBUG glance.common.config [None req-0f0211ed-ba9d-42b4-86e8-da2a44e61c8e None None] database.backend               = sqlalchemy {{(pid=117910) log_opt_values /opt/stack/data/venv/lib/python3.10/site-packages/oslo_config/cfg.py:2620}}
Aug 07 19:19:04 ubuntu devstack@g-api.service[117911]: DEBUG glance.common.config [None req-11809550-eda7-4d6e-9ee9-57b160384f7f None None] database.connection_parameters =  {{(pid=117911) log_opt_values /opt/stack/data/venv/lib/python3.10/site-packages/oslo_config/cfg.py:2620}}
Aug 07 19:19:04 ubuntu devstack@g-api.service[117910]: DEBUG glance.common.config [None req-0f0211ed-ba9d-42b4-86e8-da2a44e61c8e None None] database.connection            = **** {{(pid=117910) log_opt_values /opt/stack/data/venv/lib/python3.10/site-packages/oslo_config/cfg.py:2620}}
Aug 07 19:19:04 ubuntu devstack@g-api.service[117911]: DEBUG glance.common.config [None req-11809550-eda7-4d6e-9ee9-57b160384f7f None None] database.connection_recycle_time = 3600 {{(pid=117911) log_opt_values /opt/stack/data/venv/lib/python3.10/site-packages/oslo_config/cfg.py:2620}}
Aug 07 19:19:04 ubuntu devstack@g-api.service[117910]: DEBUG glance.common.config [None req-0f0211ed-ba9d-42b4-86e8-da2a44e61c8e None None] database.connection_debug      = 0 {{(pid=117910) log_opt_values /opt/stack/data/venv/lib/python3.10/site-packages/oslo_config/cfg.py:2620}}
Aug 07 19:19:04 ubuntu devstack@g-api.service[117911]: DEBUG glance.common.config [None req-11809550-eda7-4d6e-9ee9-57b160384f7f None None] database.connection_trace      = False {{(pid=117911) log_opt_values /opt/stack/data/venv/lib/python3.10/site-packages/oslo_config/cfg.py:2620}}
Aug 07 19:19:04 ubuntu devstack@g-api.service[117910]: DEBUG glance.common.config [None req-0f0211ed-ba9d-42b4-86e8-da2a44e61c8e None None] database.connection_parameters =  {{(pid=117910) log_opt_values /opt/stack/data/venv/lib/python3.10/site-packages/oslo_config/cfg.py:2620}}
Aug 07 19:19:04 ubuntu devstack@g-api.service[117911]: DEBUG glance.common.config [None req-11809550-eda7-4d6e-9ee9-57b160384f7f None None] database.db_inc_retry_interval = True {{(pid=117911) log_opt_values /opt/stack/data/venv/lib/python3.10/site-packages/oslo_config/cfg.py:2620}}
Aug 07 19:19:04 ubuntu devstack@g-api.service[117910]: DEBUG glance.common.config [None req-0f0211ed-ba9d-42b4-86e8-da2a44e61c8e None None] database.connection_recycle_time = 3600 {{(pid=117910) log_opt_values /opt/stack/data/venv/lib/python3.10/site-packages/oslo_config/cfg.py:2620}}
Aug 07 19:19:04 ubuntu devstack@g-api.service[117911]: DEBUG glance.common.config [None req-11809550-eda7-4d6e-9ee9-57b160384f7f None None] database.db_max_retries        = 20 {{(pid=117911) log_opt_values /opt/stack/data/venv/lib/python3.10/site-packages/oslo_config/cfg.py:2620}}
Aug 07 19:19:04 ubuntu devstack@g-api.service[117910]: DEBUG glance.common.config [None req-0f0211ed-ba9d-42b4-86e8-da2a44e61c8e None None] database.connection_trace      = False {{(pid=117910) log_opt_values /opt/stack/data/venv/lib/python3.10/site-packages/oslo_config/cfg.py:2620}}
Aug 07 19:19:04 ubuntu devstack@g-api.service[117910]: DEBUG glance.common.config [None req-0f0211ed-ba9d-42b4-86e8-da2a44e61c8e None None] database.db_inc_retry_interval = True {{(pid=117910) log_opt_values /opt/stack/data/venv/lib/python3.10/site-packages/oslo_config/cfg.py:2620}}
Aug 07 19:19:04 ubuntu devstack@g-api.service[117911]: DEBUG glance.common.config [None req-11809550-eda7-4d6e-9ee9-57b160384f7f None None] database.db_max_retry_interval = 10 {{(pid=117911) log_opt_values /opt/stack/data/venv/lib/python3.10/site-packages/oslo_config/cfg.py:2620}}
Aug 07 19:19:04 ubuntu devstack@g-api.service[117910]: DEBUG glance.common.config [None req-0f0211ed-ba9d-42b4-86e8-da2a44e61c8e None None] database.db_max_retries        = 20 {{(pid=117910) log_opt_values /opt/stack/data/venv/lib/python3.10/site-packages/oslo_config/cfg.py:2620}}
Aug 07 19:19:04 ubuntu devstack@g-api.service[117911]: DEBUG glance.common.config [None req-11809550-eda7-4d6e-9ee9-57b160384f7f None None] database.db_retry_interval     = 1 {{(pid=117911) log_opt_values /opt/stack/data/venv/lib/python3.10/site-packages/oslo_config/cfg.py:2620}}
Aug 07 19:19:04 ubuntu devstack@g-api.service[117911]: DEBUG glance.common.config [None req-11809550-eda7-4d6e-9ee9-57b160384f7f None None] database.max_overflow          = 50 {{(pid=117911) log_opt_values /opt/stack/data/venv/lib/python3.10/site-packages/oslo_config/cfg.py:2620}}
Aug 07 19:19:04 ubuntu devstack@g-api.service[117910]: DEBUG glance.common.config [None req-0f0211ed-ba9d-42b4-86e8-da2a44e61c8e None None] database.db_max_retry_interval = 10 {{(pid=117910) log_opt_values /opt/stack/data/venv/lib/python3.10/site-packages/oslo_config/cfg.py:2620}}
Aug 07 19:19:04 ubuntu devstack@g-api.service[117911]: DEBUG glance.common.config [None req-11809550-eda7-4d6e-9ee9-57b160384f7f None None] database.max_pool_size         = 5 {{(pid=117911) log_opt_values /opt/stack/data/venv/lib/python3.10/site-packages/oslo_config/cfg.py:2620}}
Aug 07 19:19:04 ubuntu devstack@g-api.service[117910]: DEBUG glance.common.config [None req-0f0211ed-ba9d-42b4-86e8-da2a44e61c8e None None] database.db_retry_interval     = 1 {{(pid=117910) log_opt_values /opt/stack/data/venv/lib/python3.10/site-packages/oslo_config/cfg.py:2620}}
Aug 07 19:19:04 ubuntu devstack@g-api.service[117911]: DEBUG glance.common.config [None req-11809550-eda7-4d6e-9ee9-57b160384f7f None None] database.max_retries           = 10 {{(pid=117911) log_opt_values /opt/stack/data/venv/lib/python3.10/site-packages/oslo_config/cfg.py:2620}}
Aug 07 19:19:04 ubuntu devstack@g-api.service[117910]: DEBUG glance.common.config [None req-0f0211ed-ba9d-42b4-86e8-da2a44e61c8e None None] database.max_overflow          = 50 {{(pid=117910) log_opt_values /opt/stack/data/venv/lib/python3.10/site-packages/oslo_config/cfg.py:2620}}
Aug 07 19:19:04 ubuntu devstack@g-api.service[117911]: DEBUG glance.common.config [None req-11809550-eda7-4d6e-9ee9-57b160384f7f None None] database.mysql_sql_mode        = TRADITIONAL {{(pid=117911) log_opt_values /opt/stack/data/venv/lib/python3.10/site-packages/oslo_config/cfg.py:2620}}
Aug 07 19:19:04 ubuntu devstack@g-api.service[117910]: DEBUG glance.common.config [None req-0f0211ed-ba9d-42b4-86e8-da2a44e61c8e None None] database.max_pool_size         = 5 {{(pid=117910) log_opt_values /opt/stack/data/venv/lib/python3.10/site-packages/oslo_config/cfg.py:2620}}
Aug 07 19:19:04 ubuntu devstack@g-api.service[117911]: DEBUG glance.common.config [None req-11809550-eda7-4d6e-9ee9-57b160384f7f None None] database.mysql_wsrep_sync_wait = None {{(pid=117911) log_opt_values /opt/stack/data/venv/lib/python3.10/site-packages/oslo_config/cfg.py:2620}}
Aug 07 19:19:04 ubuntu devstack@g-api.service[117910]: DEBUG glance.common.config [None req-0f0211ed-ba9d-42b4-86e8-da2a44e61c8e None None] database.max_retries           = 10 {{(pid=117910) log_opt_values /opt/stack/data/venv/lib/python3.10/site-packages/oslo_config/cfg.py:2620}}
Aug 07 19:19:04 ubuntu devstack@g-api.service[117911]: DEBUG glance.common.config [None req-11809550-eda7-4d6e-9ee9-57b160384f7f None None] database.pool_timeout          = None {{(pid=117911) log_opt_values /opt/stack/data/venv/lib/python3.10/site-packages/oslo_config/cfg.py:2620}}
Aug 07 19:19:04 ubuntu devstack@g-api.service[117910]: DEBUG glance.common.config [None req-0f0211ed-ba9d-42b4-86e8-da2a44e61c8e None None] database.mysql_sql_mode        = TRADITIONAL {{(pid=117910) log_opt_values /opt/stack/data/venv/lib/python3.10/site-packages/oslo_config/cfg.py:2620}}
Aug 07 19:19:04 ubuntu devstack@g-api.service[117911]: DEBUG glance.common.config [None req-11809550-eda7-4d6e-9ee9-57b160384f7f None None] database.retry_interval        = 10 {{(pid=117911) log_opt_values /opt/stack/data/venv/lib/python3.10/site-packages/oslo_config/cfg.py:2620}}
Aug 07 19:19:04 ubuntu devstack@g-api.service[117910]: DEBUG glance.common.config [None req-0f0211ed-ba9d-42b4-86e8-da2a44e61c8e None None] database.mysql_wsrep_sync_wait = None {{(pid=117910) log_opt_values /opt/stack/data/venv/lib/python3.10/site-packages/oslo_config/cfg.py:2620}}
Aug 07 19:19:04 ubuntu devstack@g-api.service[117911]: DEBUG glance.common.config [None req-11809550-eda7-4d6e-9ee9-57b160384f7f None None] database.slave_connection      = **** {{(pid=117911) log_opt_values /opt/stack/data/venv/lib/python3.10/site-packages/oslo_config/cfg.py:2620}}
Aug 07 19:19:04 ubuntu devstack@g-api.service[117910]: DEBUG glance.common.config [None req-0f0211ed-ba9d-42b4-86e8-da2a44e61c8e None None] database.pool_timeout          = None {{(pid=117910) log_opt_values /opt/stack/data/venv/lib/python3.10/site-packages/oslo_config/cfg.py:2620}}
Aug 07 19:19:04 ubuntu devstack@g-api.service[117911]: DEBUG glance.common.config [None req-11809550-eda7-4d6e-9ee9-57b160384f7f None None] database.sqlite_synchronous    = True {{(pid=117911) log_opt_values /opt/stack/data/venv/lib/python3.10/site-packages/oslo_config/cfg.py:2620}}
Aug 07 19:19:04 ubuntu devstack@g-api.service[117910]: DEBUG glance.common.config [None req-0f0211ed-ba9d-42b4-86e8-da2a44e61c8e None None] database.retry_interval        = 10 {{(pid=117910) log_opt_values /opt/stack/data/venv/lib/python3.10/site-packages/oslo_config/cfg.py:2620}}
Aug 07 19:19:04 ubuntu devstack@g-api.service[117911]: DEBUG glance.common.config [None req-11809550-eda7-4d6e-9ee9-57b160384f7f None None] database.use_db_reconnect      = False {{(pid=117911) log_opt_values /opt/stack/data/venv/lib/python3.10/site-packages/oslo_config/cfg.py:2620}}
Aug 07 19:19:04 ubuntu devstack@g-api.service[117910]: DEBUG glance.common.config [None req-0f0211ed-ba9d-42b4-86e8-da2a44e61c8e None None] database.slave_connection      = **** {{(pid=117910) log_opt_values /opt/stack/data/venv/lib/python3.10/site-packages/oslo_config/cfg.py:2620}}
Aug 07 19:19:04 ubuntu devstack@g-api.service[117911]: DEBUG glance.common.config [None req-11809550-eda7-4d6e-9ee9-57b160384f7f None None] healthcheck.allowed_source_ranges = [] {{(pid=117911) log_opt_values /opt/stack/data/venv/lib/python3.10/site-packages/oslo_config/cfg.py:2620}}
Aug 07 19:19:04 ubuntu devstack@g-api.service[117910]: DEBUG glance.common.config [None req-0f0211ed-ba9d-42b4-86e8-da2a44e61c8e None None] database.sqlite_synchronous    = True {{(pid=117910) log_opt_values /opt/stack/data/venv/lib/python3.10/site-packages/oslo_config/cfg.py:2620}}
Aug 07 19:19:04 ubuntu devstack@g-api.service[117911]: DEBUG glance.common.config [None req-11809550-eda7-4d6e-9ee9-57b160384f7f None None] healthcheck.backends           = ['disable_by_file'] {{(pid=117911) log_opt_values /opt/stack/data/venv/lib/python3.10/site-packages/oslo_config/cfg.py:2620}}
Aug 07 19:19:04 ubuntu devstack@g-api.service[117910]: DEBUG glance.common.config [None req-0f0211ed-ba9d-42b4-86e8-da2a44e61c8e None None] database.use_db_reconnect      = False {{(pid=117910) log_opt_values /opt/stack/data/venv/lib/python3.10/site-packages/oslo_config/cfg.py:2620}}
Aug 07 19:19:04 ubuntu devstack@g-api.service[117911]: DEBUG glance.common.config [None req-11809550-eda7-4d6e-9ee9-57b160384f7f None None] healthcheck.detailed           = False {{(pid=117911) log_opt_values /opt/stack/data/venv/lib/python3.10/site-packages/oslo_config/cfg.py:2620}}
Aug 07 19:19:04 ubuntu devstack@g-api.service[117910]: DEBUG glance.common.config [None req-0f0211ed-ba9d-42b4-86e8-da2a44e61c8e None None] healthcheck.allowed_source_ranges = [] {{(pid=117910) log_opt_values /opt/stack/data/venv/lib/python3.10/site-packages/oslo_config/cfg.py:2620}}
Aug 07 19:19:04 ubuntu devstack@g-api.service[117911]: DEBUG glance.common.config [None req-11809550-eda7-4d6e-9ee9-57b160384f7f None None] healthcheck.disable_by_file_path = None {{(pid=117911) log_opt_values /opt/stack/data/venv/lib/python3.10/site-packages/oslo_config/cfg.py:2620}}
Aug 07 19:19:04 ubuntu devstack@g-api.service[117910]: DEBUG glance.common.config [None req-0f0211ed-ba9d-42b4-86e8-da2a44e61c8e None None] healthcheck.backends           = ['disable_by_file'] {{(pid=117910) log_opt_values /opt/stack/data/venv/lib/python3.10/site-packages/oslo_config/cfg.py:2620}}
Aug 07 19:19:04 ubuntu devstack@g-api.service[117911]: DEBUG glance.common.config [None req-11809550-eda7-4d6e-9ee9-57b160384f7f None None] healthcheck.ignore_proxied_requests = False {{(pid=117911) log_opt_values /opt/stack/data/venv/lib/python3.10/site-packages/oslo_config/cfg.py:2620}}
Aug 07 19:19:04 ubuntu devstack@g-api.service[117910]: DEBUG glance.common.config [None req-0f0211ed-ba9d-42b4-86e8-da2a44e61c8e None None] healthcheck.detailed           = False {{(pid=117910) log_opt_values /opt/stack/data/venv/lib/python3.10/site-packages/oslo_config/cfg.py:2620}}
Aug 07 19:19:04 ubuntu devstack@g-api.service[117911]: DEBUG glance.common.config [None req-11809550-eda7-4d6e-9ee9-57b160384f7f None None] healthcheck.path               = /healthcheck {{(pid=117911) log_opt_values /opt/stack/data/venv/lib/python3.10/site-packages/oslo_config/cfg.py:2620}}
Aug 07 19:19:04 ubuntu devstack@g-api.service[117910]: DEBUG glance.common.config [None req-0f0211ed-ba9d-42b4-86e8-da2a44e61c8e None None] healthcheck.disable_by_file_path = None {{(pid=117910) log_opt_values /opt/stack/data/venv/lib/python3.10/site-packages/oslo_config/cfg.py:2620}}
Aug 07 19:19:04 ubuntu devstack@g-api.service[117911]: DEBUG glance.common.config [None req-11809550-eda7-4d6e-9ee9-57b160384f7f None None] ******************************************************************************** {{(pid=117911) log_opt_values /opt/stack/data/venv/lib/python3.10/site-packages/oslo_config/cfg.py:2624}}
Aug 07 19:19:04 ubuntu devstack@g-api.service[117911]: WSGI app 0 (mountpoint='') ready in 2 seconds on interpreter 0x5643f3c0fe00 pid: 117911 (default app)
Aug 07 19:19:04 ubuntu devstack@g-api.service[117910]: DEBUG glance.common.config [None req-0f0211ed-ba9d-42b4-86e8-da2a44e61c8e None None] healthcheck.ignore_proxied_requests = False {{(pid=117910) log_opt_values /opt/stack/data/venv/lib/python3.10/site-packages/oslo_config/cfg.py:2620}}
Aug 07 19:19:04 ubuntu devstack@g-api.service[117910]: DEBUG glance.common.config [None req-0f0211ed-ba9d-42b4-86e8-da2a44e61c8e None None] healthcheck.path               = /healthcheck {{(pid=117910) log_opt_values /opt/stack/data/venv/lib/python3.10/site-packages/oslo_config/cfg.py:2620}}
Aug 07 19:19:04 ubuntu devstack@g-api.service[117910]: DEBUG glance.common.config [None req-0f0211ed-ba9d-42b4-86e8-da2a44e61c8e None None] ******************************************************************************** {{(pid=117910) log_opt_values /opt/stack/data/venv/lib/python3.10/site-packages/oslo_config/cfg.py:2624}}
Aug 07 19:19:04 ubuntu devstack@g-api.service[117910]: WSGI app 0 (mountpoint='') ready in 2 seconds on interpreter 0x5643f3c0fe00 pid: 117910 (default app)
Aug 07 19:19:04 ubuntu devstack@g-api.service[117911]: DEBUG glance.api.middleware.version_negotiation [None req-11809550-eda7-4d6e-9ee9-57b160384f7f None None] Determining version of request: GET / Accept: */* {{(pid=117911) process_request /opt/stack/glance/glance/api/middleware/version_negotiation.py:44}}
Aug 07 19:19:04 ubuntu devstack@g-api.service[117911]: DEBUG glance.api.middleware.version_negotiation [None req-11809550-eda7-4d6e-9ee9-57b160384f7f None None] Using url versioning {{(pid=117911) process_request /opt/stack/glance/glance/api/middleware/version_negotiation.py:57}}
Aug 07 19:19:04 ubuntu devstack@g-api.service[117911]: DEBUG glance.api.middleware.version_negotiation [None req-11809550-eda7-4d6e-9ee9-57b160384f7f None None] Unknown version. Returning version choices. {{(pid=117911) process_request /opt/stack/glance/glance/api/middleware/version_negotiation.py:64}}
Aug 07 19:19:04 ubuntu devstack@g-api.service[117911]: [pid: 117911|app: 0|req: 1/1] 127.0.0.1 () {32 vars in 386 bytes} [Wed Aug  7 19:19:04 2024] GET / => generated 1407 bytes in 1 msecs (HTTP/1.1 300) 3 headers in 106 bytes (1 switches on core 0)
Aug 07 19:19:10 ubuntu devstack@g-api.service[117910]: DEBUG glance.api.middleware.version_negotiation [None req-0f0211ed-ba9d-42b4-86e8-da2a44e61c8e None None] Determining version of request: GET / Accept: application/json {{(pid=117910) process_request /opt/stack/glance/glance/api/middleware/version_negotiation.py:44}}
Aug 07 19:19:10 ubuntu devstack@g-api.service[117910]: DEBUG glance.api.middleware.version_negotiation [None req-0f0211ed-ba9d-42b4-86e8-da2a44e61c8e None None] Using url versioning {{(pid=117910) process_request /opt/stack/glance/glance/api/middleware/version_negotiation.py:57}}
Aug 07 19:19:10 ubuntu devstack@g-api.service[117910]: DEBUG glance.api.middleware.version_negotiation [None req-0f0211ed-ba9d-42b4-86e8-da2a44e61c8e None None] Unknown version. Returning version choices. {{(pid=117910) process_request /opt/stack/glance/glance/api/middleware/version_negotiation.py:64}}
Aug 07 19:19:10 ubuntu devstack@g-api.service[117910]: [pid: 117910|app: 0|req: 1/2] 127.0.0.1 () {34 vars in 502 bytes} [Wed Aug  7 19:19:10 2024] GET / => generated 1407 bytes in 6 msecs (HTTP/1.1 300) 3 headers in 106 bytes (1 switches on core 0)
Aug 07 19:19:10 ubuntu devstack@g-api.service[117911]: DEBUG glance.api.middleware.version_negotiation [None req-11809550-eda7-4d6e-9ee9-57b160384f7f None None] Determining version of request: POST /v2/images Accept: */* {{(pid=117911) process_request /opt/stack/glance/glance/api/middleware/version_negotiation.py:44}}
Aug 07 19:19:10 ubuntu devstack@g-api.service[117911]: DEBUG glance.api.middleware.version_negotiation [None req-11809550-eda7-4d6e-9ee9-57b160384f7f None None] Using url versioning {{(pid=117911) process_request /opt/stack/glance/glance/api/middleware/version_negotiation.py:57}}
Aug 07 19:19:10 ubuntu devstack@g-api.service[117911]: DEBUG glance.api.middleware.version_negotiation [None req-11809550-eda7-4d6e-9ee9-57b160384f7f None None] Matched version: v2 {{(pid=117911) process_request /opt/stack/glance/glance/api/middleware/version_negotiation.py:69}}
Aug 07 19:19:10 ubuntu devstack@g-api.service[117911]: DEBUG glance.api.middleware.version_negotiation [None req-11809550-eda7-4d6e-9ee9-57b160384f7f None None] new path /v2/images {{(pid=117911) process_request /opt/stack/glance/glance/api/middleware/version_negotiation.py:70}}
Aug 07 19:19:11 ubuntu devstack@g-api.service[117911]: [pid: 117911|app: 0|req: 2/3] 127.0.0.1 () {40 vars in 765 bytes} [Wed Aug  7 19:19:10 2024] POST /v2/images => generated 807 bytes in 1053 msecs (HTTP/1.1 201) 6 headers in 314 bytes (1 switches on core 0)
Aug 07 19:19:11 ubuntu devstack@g-api.service[117910]: DEBUG glance.api.middleware.version_negotiation [None req-0f0211ed-ba9d-42b4-86e8-da2a44e61c8e None None] Determining version of request: PUT /v2/images/54d8c7e3-8d5b-464b-9be7-535e0cb43c6d/file Accept:  {{(pid=117910) process_request /opt/stack/glance/glance/api/middleware/version_negotiation.py:44}}
Aug 07 19:19:11 ubuntu devstack@g-api.service[117910]: DEBUG glance.api.middleware.version_negotiation [None req-0f0211ed-ba9d-42b4-86e8-da2a44e61c8e None None] Using url versioning {{(pid=117910) process_request /opt/stack/glance/glance/api/middleware/version_negotiation.py:57}}
Aug 07 19:19:11 ubuntu devstack@g-api.service[117910]: DEBUG glance.api.middleware.version_negotiation [None req-0f0211ed-ba9d-42b4-86e8-da2a44e61c8e None None] Matched version: v2 {{(pid=117910) process_request /opt/stack/glance/glance/api/middleware/version_negotiation.py:69}}
Aug 07 19:19:11 ubuntu devstack@g-api.service[117910]: DEBUG glance.api.middleware.version_negotiation [None req-0f0211ed-ba9d-42b4-86e8-da2a44e61c8e None None] new path /v2/images/54d8c7e3-8d5b-464b-9be7-535e0cb43c6d/file {{(pid=117910) process_request /opt/stack/glance/glance/api/middleware/version_negotiation.py:70}}
Aug 07 19:19:11 ubuntu devstack@g-api.service[117910]: INFO glance.api.v2.image_data [None req-45dca788-f5e5-4288-9443-9b241e662022 admin admin] Unable to create trust: no such option collect_timing in group [keystone_authtoken] Use the existing user token.
Aug 07 19:19:12 ubuntu devstack@g-api.service[117910]: DEBUG glance.location [None req-45dca788-f5e5-4288-9443-9b241e662022 admin admin] Enabling in-flight format inspection for qcow2 {{(pid=117910) set_data /opt/stack/glance/glance/location.py:592}}
Aug 07 19:19:12 ubuntu devstack@g-api.service[117910]: DEBUG glance_store.backend [None req-45dca788-f5e5-4288-9443-9b241e662022 admin admin] Attempting to import store swift {{(pid=117910) _load_store /opt/stack/data/venv/lib/python3.10/site-packages/glance_store/backend.py:216}}
Aug 07 19:19:12 ubuntu devstack@g-api.service[117910]: DEBUG glance_store.capabilities [None req-45dca788-f5e5-4288-9443-9b241e662022 admin admin] Store glance_store._drivers.swift.store.SingleTenantStore doesn't support updating dynamic storage capabilities. Please overwrite 'update_capabilities' method of the store to implement updating logics if needed. {{(pid=117910) update_capabilities /opt/stack/data/venv/lib/python3.10/site-packages/glance_store/capabilities.py:91}}
Aug 07 19:19:12 ubuntu devstack@g-api.service[117910]: DEBUG glance_store.driver [None req-45dca788-f5e5-4288-9443-9b241e662022 admin admin] Late loading location class glance_store._drivers.swift.store.StoreLocation {{(pid=117910) get_store_location_class /opt/stack/data/venv/lib/python3.10/site-packages/glance_store/driver.py:133}}
Aug 07 19:19:12 ubuntu devstack@g-api.service[117910]: DEBUG glance_store.location [None req-45dca788-f5e5-4288-9443-9b241e662022 admin admin] Registering scheme swift+https with {'store': <glance_store._drivers.swift.store.SingleTenantStore object at 0x7fcea5085b70>, 'location_class': <class 'glance_store._drivers.swift.store.StoreLocation'>, 'store_entry': 'swift'} {{(pid=117910) register_scheme_map /opt/stack/data/venv/lib/python3.10/site-packages/glance_store/location.py:146}}
Aug 07 19:19:12 ubuntu devstack@g-api.service[117910]: DEBUG glance_store.location [None req-45dca788-f5e5-4288-9443-9b241e662022 admin admin] Registering scheme swift+https with {'store': <glance_store._drivers.swift.store.SingleTenantStore object at 0x7fcea5085b70>, 'location_class': <class 'glance_store._drivers.swift.store.StoreLocation'>, 'store_entry': 'swift'} {{(pid=117910) register_scheme_map /opt/stack/data/venv/lib/python3.10/site-packages/glance_store/location.py:146}}
Aug 07 19:19:12 ubuntu devstack@g-api.service[117910]: DEBUG glance_store.location [None req-45dca788-f5e5-4288-9443-9b241e662022 admin admin] Registering scheme swift with {'store': <glance_store._drivers.swift.store.SingleTenantStore object at 0x7fcea5085b70>, 'location_class': <class 'glance_store._drivers.swift.store.StoreLocation'>, 'store_entry': 'swift'} {{(pid=117910) register_scheme_map /opt/stack/data/venv/lib/python3.10/site-packages/glance_store/location.py:146}}
Aug 07 19:19:12 ubuntu devstack@g-api.service[117910]: DEBUG glance_store.location [None req-45dca788-f5e5-4288-9443-9b241e662022 admin admin] Registering scheme swift+https with {'store': <glance_store._drivers.swift.store.SingleTenantStore object at 0x7fcea5085b70>, 'location_class': <class 'glance_store._drivers.swift.store.StoreLocation'>, 'store_entry': 'swift'} {{(pid=117910) register_scheme_map /opt/stack/data/venv/lib/python3.10/site-packages/glance_store/location.py:146}}
Aug 07 19:19:12 ubuntu devstack@g-api.service[117910]: DEBUG glance_store.location [None req-45dca788-f5e5-4288-9443-9b241e662022 admin admin] Registering scheme swift with {'store': <glance_store._drivers.swift.store.SingleTenantStore object at 0x7fcea5085b70>, 'location_class': <class 'glance_store._drivers.swift.store.StoreLocation'>, 'store_entry': 'swift'} {{(pid=117910) register_scheme_map /opt/stack/data/venv/lib/python3.10/site-packages/glance_store/location.py:146}}
Aug 07 19:19:12 ubuntu devstack@g-api.service[117910]: DEBUG glance_store.location [None req-45dca788-f5e5-4288-9443-9b241e662022 admin admin] Registering scheme swift+http with {'store': <glance_store._drivers.swift.store.SingleTenantStore object at 0x7fcea5085b70>, 'location_class': <class 'glance_store._drivers.swift.store.StoreLocation'>, 'store_entry': 'swift'} {{(pid=117910) register_scheme_map /opt/stack/data/venv/lib/python3.10/site-packages/glance_store/location.py:146}}
Aug 07 19:19:12 ubuntu devstack@g-api.service[117910]: DEBUG glance_store.location [None req-45dca788-f5e5-4288-9443-9b241e662022 admin admin] Registering scheme swift+https with {'store': <glance_store._drivers.swift.store.SingleTenantStore object at 0x7fcea5085b70>, 'location_class': <class 'glance_store._drivers.swift.store.StoreLocation'>, 'store_entry': 'swift'} {{(pid=117910) register_scheme_map /opt/stack/data/venv/lib/python3.10/site-packages/glance_store/location.py:146}}
Aug 07 19:19:12 ubuntu devstack@g-api.service[117910]: DEBUG glance_store.location [None req-45dca788-f5e5-4288-9443-9b241e662022 admin admin] Registering scheme swift with {'store': <glance_store._drivers.swift.store.SingleTenantStore object at 0x7fcea5085b70>, 'location_class': <class 'glance_store._drivers.swift.store.StoreLocation'>, 'store_entry': 'swift'} {{(pid=117910) register_scheme_map /opt/stack/data/venv/lib/python3.10/site-packages/glance_store/location.py:146}}
Aug 07 19:19:12 ubuntu devstack@g-api.service[117910]: DEBUG glance_store.location [None req-45dca788-f5e5-4288-9443-9b241e662022 admin admin] Registering scheme swift+http with {'store': <glance_store._drivers.swift.store.SingleTenantStore object at 0x7fcea5085b70>, 'location_class': <class 'glance_store._drivers.swift.store.StoreLocation'>, 'store_entry': 'swift'} {{(pid=117910) register_scheme_map /opt/stack/data/venv/lib/python3.10/site-packages/glance_store/location.py:146}}
Aug 07 19:19:12 ubuntu devstack@g-api.service[117910]: DEBUG glance_store.location [None req-45dca788-f5e5-4288-9443-9b241e662022 admin admin] Registering scheme swift+config with {'store': <glance_store._drivers.swift.store.SingleTenantStore object at 0x7fcea5085b70>, 'location_class': <class 'glance_store._drivers.swift.store.StoreLocation'>, 'store_entry': 'swift'} {{(pid=117910) register_scheme_map /opt/stack/data/venv/lib/python3.10/site-packages/glance_store/location.py:146}}
Aug 07 19:19:12 ubuntu devstack@g-api.service[117910]: INFO swiftclient [None req-45dca788-f5e5-4288-9443-9b241e662022 admin admin] REQ: curl -i http://10.201.5.82:8080/v1/AUTH_dcd9ab00597146a7bcdc72b7c62a3a4a/glance -I -H "X-Auth-Token: gAAAAABms8iw5Wgr..."
Aug 07 19:19:12 ubuntu devstack@g-api.service[117910]: INFO swiftclient [None req-45dca788-f5e5-4288-9443-9b241e662022 admin admin] RESP STATUS: 404 Not Found
Aug 07 19:19:12 ubuntu devstack@g-api.service[117910]: INFO swiftclient [None req-45dca788-f5e5-4288-9443-9b241e662022 admin admin] RESP HEADERS: {'Content-Type': 'text/html; charset=UTF-8', 'Content-Length': '0', 'X-Container-Sharding': 'False', 'X-Trans-Id': 'tx3bfc39ce5fb44e17a5320-0066b3c8b0', 'X-Openstack-Request-Id': 'tx3bfc39ce5fb44e17a5320-0066b3c8b0', 'Date': 'Wed, 07 Aug 2024 19:19:12 GMT'}
Aug 07 19:19:12 ubuntu devstack@g-api.service[117910]: INFO glance_store._drivers.swift.store [None req-45dca788-f5e5-4288-9443-9b241e662022 admin admin] Creating swift container glance
Aug 07 19:19:12 ubuntu devstack@g-api.service[117910]: DEBUG swiftclient [None req-45dca788-f5e5-4288-9443-9b241e662022 admin admin] REQ: curl -i http://10.201.5.82:8080/v1/AUTH_dcd9ab00597146a7bcdc72b7c62a3a4a/glance -X PUT -H "X-Auth-Token: gAAAAABms8iw5Wgr..." -H "Content-Length: 0" {{(pid=117910) http_log /opt/stack/data/venv/lib/python3.10/site-packages/swiftclient/client.py:160}}
Aug 07 19:19:12 ubuntu devstack@g-api.service[117910]: DEBUG swiftclient [None req-45dca788-f5e5-4288-9443-9b241e662022 admin admin] RESP STATUS: 201 Created {{(pid=117910) http_log /opt/stack/data/venv/lib/python3.10/site-packages/swiftclient/client.py:161}}
Aug 07 19:19:12 ubuntu devstack@g-api.service[117910]: DEBUG swiftclient [None req-45dca788-f5e5-4288-9443-9b241e662022 admin admin] RESP HEADERS: {'Content-Type': 'text/html; charset=UTF-8', 'Content-Length': '0', 'X-Trans-Id': 'tx67291db58ad543789915e-0066b3c8b0', 'X-Openstack-Request-Id': 'tx67291db58ad543789915e-0066b3c8b0', 'Date': 'Wed, 07 Aug 2024 19:19:12 GMT'} {{(pid=117910) http_log /opt/stack/data/venv/lib/python3.10/site-packages/swiftclient/client.py:162}}
Aug 07 19:19:12 ubuntu devstack@g-api.service[117910]: DEBUG glance_store._drivers.swift.store [None req-45dca788-f5e5-4288-9443-9b241e662022 admin admin] Adding image object '54d8c7e3-8d5b-464b-9be7-535e0cb43c6d' to Swift {{(pid=117910) add /opt/stack/data/venv/lib/python3.10/site-packages/glance_store/_drivers/swift/store.py:941}}
Aug 07 19:19:13 ubuntu devstack@g-api.service[117910]: DEBUG swiftclient [None req-45dca788-f5e5-4288-9443-9b241e662022 admin admin] REQ: curl -i http://10.201.5.82:8080/v1/AUTH_dcd9ab00597146a7bcdc72b7c62a3a4a/glance/54d8c7e3-8d5b-464b-9be7-535e0cb43c6d -X PUT -H "X-Auth-Token: gAAAAABms8iw5Wgr..." -H "Content-Length: 21430272" {{(pid=117910) http_log /opt/stack/data/venv/lib/python3.10/site-packages/swiftclient/client.py:160}}
Aug 07 19:19:13 ubuntu devstack@g-api.service[117910]: DEBUG swiftclient [None req-45dca788-f5e5-4288-9443-9b241e662022 admin admin] RESP STATUS: 201 Created {{(pid=117910) http_log /opt/stack/data/venv/lib/python3.10/site-packages/swiftclient/client.py:161}}
Aug 07 19:19:13 ubuntu devstack@g-api.service[117910]: DEBUG swiftclient [None req-45dca788-f5e5-4288-9443-9b241e662022 admin admin] RESP HEADERS: {'Content-Type': 'text/html; charset=UTF-8', 'Content-Length': '0', 'Etag': 'c8fc807773e5354afe61636071771906', 'Last-Modified': 'Wed, 07 Aug 2024 19:19:13 GMT', 'X-Trans-Id': 'tx9dd02b0be9b74ab8a59f0-0066b3c8b0', 'X-Openstack-Request-Id': 'tx9dd02b0be9b74ab8a59f0-0066b3c8b0', 'Date': 'Wed, 07 Aug 2024 19:19:13 GMT'} {{(pid=117910) http_log /opt/stack/data/venv/lib/python3.10/site-packages/swiftclient/client.py:162}}
Aug 07 19:19:13 ubuntu devstack@g-api.service[117910]: INFO glance.location [None req-45dca788-f5e5-4288-9443-9b241e662022 admin admin] Image format matched and virtual size computed: 117440512
Aug 07 19:19:13 ubuntu devstack@g-api.service[117910]: DEBUG glance_store.backend [None req-45dca788-f5e5-4288-9443-9b241e662022 admin admin] Attempting to import store swift {{(pid=117910) _load_store /opt/stack/data/venv/lib/python3.10/site-packages/glance_store/backend.py:216}}
Aug 07 19:19:13 ubuntu devstack@g-api.service[117910]: DEBUG glance_store.capabilities [None req-45dca788-f5e5-4288-9443-9b241e662022 admin admin] Store glance_store._drivers.swift.store.SingleTenantStore doesn't support updating dynamic storage capabilities. Please overwrite 'update_capabilities' method of the store to implement updating logics if needed. {{(pid=117910) update_capabilities /opt/stack/data/venv/lib/python3.10/site-packages/glance_store/capabilities.py:91}}
Aug 07 19:19:13 ubuntu devstack@g-api.service[117910]: DEBUG glance_store.driver [None req-45dca788-f5e5-4288-9443-9b241e662022 admin admin] Late loading location class glance_store._drivers.swift.store.StoreLocation {{(pid=117910) get_store_location_class /opt/stack/data/venv/lib/python3.10/site-packages/glance_store/driver.py:133}}
Aug 07 19:19:13 ubuntu devstack@g-api.service[117910]: DEBUG glance_store.location [None req-45dca788-f5e5-4288-9443-9b241e662022 admin admin] Registering scheme swift+https with {'store': <glance_store._drivers.swift.store.SingleTenantStore object at 0x7fce9ef4bcd0>, 'location_class': <class 'glance_store._drivers.swift.store.StoreLocation'>, 'store_entry': 'swift'} {{(pid=117910) register_scheme_map /opt/stack/data/venv/lib/python3.10/site-packages/glance_store/location.py:146}}
Aug 07 19:19:13 ubuntu devstack@g-api.service[117910]: DEBUG glance_store.location [None req-45dca788-f5e5-4288-9443-9b241e662022 admin admin] Registering scheme swift+https with {'store': <glance_store._drivers.swift.store.SingleTenantStore object at 0x7fce9ef4bcd0>, 'location_class': <class 'glance_store._drivers.swift.store.StoreLocation'>, 'store_entry': 'swift'} {{(pid=117910) register_scheme_map /opt/stack/data/venv/lib/python3.10/site-packages/glance_store/location.py:146}}
Aug 07 19:19:13 ubuntu devstack@g-api.service[117910]: DEBUG glance_store.location [None req-45dca788-f5e5-4288-9443-9b241e662022 admin admin] Registering scheme swift with {'store': <glance_store._drivers.swift.store.SingleTenantStore object at 0x7fce9ef4bcd0>, 'location_class': <class 'glance_store._drivers.swift.store.StoreLocation'>, 'store_entry': 'swift'} {{(pid=117910) register_scheme_map /opt/stack/data/venv/lib/python3.10/site-packages/glance_store/location.py:146}}
Aug 07 19:19:13 ubuntu devstack@g-api.service[117910]: DEBUG glance_store.location [None req-45dca788-f5e5-4288-9443-9b241e662022 admin admin] Registering scheme swift+https with {'store': <glance_store._drivers.swift.store.SingleTenantStore object at 0x7fce9ef4bcd0>, 'location_class': <class 'glance_store._drivers.swift.store.StoreLocation'>, 'store_entry': 'swift'} {{(pid=117910) register_scheme_map /opt/stack/data/venv/lib/python3.10/site-packages/glance_store/location.py:146}}
Aug 07 19:19:13 ubuntu devstack@g-api.service[117910]: DEBUG glance_store.location [None req-45dca788-f5e5-4288-9443-9b241e662022 admin admin] Registering scheme swift with {'store': <glance_store._drivers.swift.store.SingleTenantStore object at 0x7fce9ef4bcd0>, 'location_class': <class 'glance_store._drivers.swift.store.StoreLocation'>, 'store_entry': 'swift'} {{(pid=117910) register_scheme_map /opt/stack/data/venv/lib/python3.10/site-packages/glance_store/location.py:146}}
Aug 07 19:19:13 ubuntu devstack@g-api.service[117910]: DEBUG glance_store.location [None req-45dca788-f5e5-4288-9443-9b241e662022 admin admin] Registering scheme swift+http with {'store': <glance_store._drivers.swift.store.SingleTenantStore object at 0x7fce9ef4bcd0>, 'location_class': <class 'glance_store._drivers.swift.store.StoreLocation'>, 'store_entry': 'swift'} {{(pid=117910) register_scheme_map /opt/stack/data/venv/lib/python3.10/site-packages/glance_store/location.py:146}}
Aug 07 19:19:13 ubuntu devstack@g-api.service[117910]: DEBUG glance_store.location [None req-45dca788-f5e5-4288-9443-9b241e662022 admin admin] Registering scheme swift+https with {'store': <glance_store._drivers.swift.store.SingleTenantStore object at 0x7fce9ef4bcd0>, 'location_class': <class 'glance_store._drivers.swift.store.StoreLocation'>, 'store_entry': 'swift'} {{(pid=117910) register_scheme_map /opt/stack/data/venv/lib/python3.10/site-packages/glance_store/location.py:146}}
Aug 07 19:19:13 ubuntu devstack@g-api.service[117910]: DEBUG glance_store.location [None req-45dca788-f5e5-4288-9443-9b241e662022 admin admin] Registering scheme swift with {'store': <glance_store._drivers.swift.store.SingleTenantStore object at 0x7fce9ef4bcd0>, 'location_class': <class 'glance_store._drivers.swift.store.StoreLocation'>, 'store_entry': 'swift'} {{(pid=117910) register_scheme_map /opt/stack/data/venv/lib/python3.10/site-packages/glance_store/location.py:146}}
Aug 07 19:19:13 ubuntu devstack@g-api.service[117910]: DEBUG glance_store.location [None req-45dca788-f5e5-4288-9443-9b241e662022 admin admin] Registering scheme swift+http with {'store': <glance_store._drivers.swift.store.SingleTenantStore object at 0x7fce9ef4bcd0>, 'location_class': <class 'glance_store._drivers.swift.store.StoreLocation'>, 'store_entry': 'swift'} {{(pid=117910) register_scheme_map /opt/stack/data/venv/lib/python3.10/site-packages/glance_store/location.py:146}}
Aug 07 19:19:13 ubuntu devstack@g-api.service[117910]: DEBUG glance_store.location [None req-45dca788-f5e5-4288-9443-9b241e662022 admin admin] Registering scheme swift+config with {'store': <glance_store._drivers.swift.store.SingleTenantStore object at 0x7fce9ef4bcd0>, 'location_class': <class 'glance_store._drivers.swift.store.StoreLocation'>, 'store_entry': 'swift'} {{(pid=117910) register_scheme_map /opt/stack/data/venv/lib/python3.10/site-packages/glance_store/location.py:146}}
Aug 07 19:19:13 ubuntu devstack@g-api.service[117910]: DEBUG glance_store.backend [None req-45dca788-f5e5-4288-9443-9b241e662022 admin admin] Skipping store.set_acls... not implemented. {{(pid=117910) set_acls /opt/stack/data/venv/lib/python3.10/site-packages/glance_store/backend.py:508}}
Aug 07 19:19:13 ubuntu devstack@g-api.service[117910]: [pid: 117910|app: 0|req: 2/4] 127.0.0.1 () {40 vars in 858 bytes} [Wed Aug  7 19:19:11 2024] PUT /v2/images/54d8c7e3-8d5b-464b-9be7-535e0cb43c6d/file => generated 0 bytes in 1787 msecs (HTTP/1.1 204) 4 headers in 171 bytes (1 switches on core 0)
Aug 07 19:19:21 ubuntu devstack@g-api.service[117911]: DEBUG dbcounter [-] [117911] Writing DB stats glance:INSERT=9,glance:SELECT=5 {{(pid=117911) stat_writer /opt/stack/data/venv/lib/python3.10/site-packages/dbcounter.py:115}}
Aug 07 19:19:23 ubuntu devstack@g-api.service[117910]: DEBUG dbcounter [-] [117910] Writing DB stats glance:INSERT=5,glance:SELECT=18,glance:UPDATE=2 {{(pid=117910) stat_writer /opt/stack/data/venv/lib/python3.10/site-packages/dbcounter.py:115}}
Aug 07 19:19:49 ubuntu devstack@g-api.service[117911]: DEBUG glance.api.middleware.version_negotiation [None req-1800409a-ade9-402d-aaba-10c1dbf171c9 admin admin] Determining version of request: GET / Accept: application/json {{(pid=117911) process_request /opt/stack/glance/glance/api/middleware/version_negotiation.py:44}}
Aug 07 19:19:49 ubuntu devstack@g-api.service[117911]: DEBUG glance.api.middleware.version_negotiation [None req-1800409a-ade9-402d-aaba-10c1dbf171c9 admin admin] Using url versioning {{(pid=117911) process_request /opt/stack/glance/glance/api/middleware/version_negotiation.py:57}}
Aug 07 19:19:49 ubuntu devstack@g-api.service[117911]: DEBUG glance.api.middleware.version_negotiation [None req-1800409a-ade9-402d-aaba-10c1dbf171c9 admin admin] Unknown version. Returning version choices. {{(pid=117911) process_request /opt/stack/glance/glance/api/middleware/version_negotiation.py:64}}
Aug 07 19:19:49 ubuntu devstack@g-api.service[117911]: [pid: 117911|app: 0|req: 3/5] 127.0.0.1 () {34 vars in 502 bytes} [Wed Aug  7 19:19:49 2024] GET / => generated 1407 bytes in 3 msecs (HTTP/1.1 300) 3 headers in 106 bytes (1 switches on core 0)
Aug 07 19:19:49 ubuntu devstack@g-api.service[117910]: DEBUG glance.api.middleware.version_negotiation [None req-45dca788-f5e5-4288-9443-9b241e662022 admin admin] Determining version of request: GET /v2/images Accept: application/json {{(pid=117910) process_request /opt/stack/glance/glance/api/middleware/version_negotiation.py:44}}
Aug 07 19:19:49 ubuntu devstack@g-api.service[117910]: DEBUG glance.api.middleware.version_negotiation [None req-45dca788-f5e5-4288-9443-9b241e662022 admin admin] Using url versioning {{(pid=117910) process_request /opt/stack/glance/glance/api/middleware/version_negotiation.py:57}}
Aug 07 19:19:49 ubuntu devstack@g-api.service[117910]: DEBUG glance.api.middleware.version_negotiation [None req-45dca788-f5e5-4288-9443-9b241e662022 admin admin] Matched version: v2 {{(pid=117910) process_request /opt/stack/glance/glance/api/middleware/version_negotiation.py:69}}
Aug 07 19:19:49 ubuntu devstack@g-api.service[117910]: DEBUG glance.api.middleware.version_negotiation [None req-45dca788-f5e5-4288-9443-9b241e662022 admin admin] new path /v2/images {{(pid=117910) process_request /opt/stack/glance/glance/api/middleware/version_negotiation.py:70}}
Aug 07 19:19:50 ubuntu devstack@g-api.service[117910]: [pid: 117910|app: 0|req: 3/6] 127.0.0.1 () {36 vars in 724 bytes} [Wed Aug  7 19:19:49 2024] GET /v2/images => generated 1045 bytes in 382 msecs (HTTP/1.1 200) 4 headers in 158 bytes (1 switches on core 0)
Aug 07 19:19:55 ubuntu devstack@g-api.service[117911]: DEBUG glance.api.middleware.version_negotiation [None req-1800409a-ade9-402d-aaba-10c1dbf171c9 admin admin] Determining version of request: GET / Accept: application/json {{(pid=117911) process_request /opt/stack/glance/glance/api/middleware/version_negotiation.py:44}}
Aug 07 19:19:55 ubuntu devstack@g-api.service[117911]: DEBUG glance.api.middleware.version_negotiation [None req-1800409a-ade9-402d-aaba-10c1dbf171c9 admin admin] Using url versioning {{(pid=117911) process_request /opt/stack/glance/glance/api/middleware/version_negotiation.py:57}}
Aug 07 19:19:55 ubuntu devstack@g-api.service[117911]: DEBUG glance.api.middleware.version_negotiation [None req-1800409a-ade9-402d-aaba-10c1dbf171c9 admin admin] Unknown version. Returning version choices. {{(pid=117911) process_request /opt/stack/glance/glance/api/middleware/version_negotiation.py:64}}
Aug 07 19:19:55 ubuntu devstack@g-api.service[117911]: [pid: 117911|app: 0|req: 4/7] 127.0.0.1 () {34 vars in 502 bytes} [Wed Aug  7 19:19:55 2024] GET / => generated 1407 bytes in 4 msecs (HTTP/1.1 300) 3 headers in 106 bytes (1 switches on core 0)
Aug 07 19:19:55 ubuntu devstack@g-api.service[117910]: DEBUG glance.api.middleware.version_negotiation [None req-4562ebff-fc6b-4a8d-ab5b-43def78d2b3e admin admin] Determining version of request: GET /v2/images/54d8c7e3-8d5b-464b-9be7-535e0cb43c6d Accept: */* {{(pid=117910) process_request /opt/stack/glance/glance/api/middleware/version_negotiation.py:44}}
Aug 07 19:19:55 ubuntu devstack@g-api.service[117910]: DEBUG glance.api.middleware.version_negotiation [None req-4562ebff-fc6b-4a8d-ab5b-43def78d2b3e admin admin] Using url versioning {{(pid=117910) process_request /opt/stack/glance/glance/api/middleware/version_negotiation.py:57}}
Aug 07 19:19:55 ubuntu devstack@g-api.service[117910]: DEBUG glance.api.middleware.version_negotiation [None req-4562ebff-fc6b-4a8d-ab5b-43def78d2b3e admin admin] Matched version: v2 {{(pid=117910) process_request /opt/stack/glance/glance/api/middleware/version_negotiation.py:69}}
Aug 07 19:19:55 ubuntu devstack@g-api.service[117910]: DEBUG glance.api.middleware.version_negotiation [None req-4562ebff-fc6b-4a8d-ab5b-43def78d2b3e admin admin] new path /v2/images/54d8c7e3-8d5b-464b-9be7-535e0cb43c6d {{(pid=117910) process_request /opt/stack/glance/glance/api/middleware/version_negotiation.py:70}}
Aug 07 19:19:55 ubuntu devstack@g-api.service[117910]: [pid: 117910|app: 0|req: 4/8] 127.0.0.1 () {36 vars in 785 bytes} [Wed Aug  7 19:19:55 2024] GET /v2/images/54d8c7e3-8d5b-464b-9be7-535e0cb43c6d => generated 976 bytes in 190 msecs (HTTP/1.1 200) 4 headers in 157 bytes (1 switches on core 0)
Aug 07 19:19:58 ubuntu devstack@g-api.service[117911]: DEBUG glance.api.middleware.version_negotiation [None req-1800409a-ade9-402d-aaba-10c1dbf171c9 admin admin] Determining version of request: GET / Accept: application/json {{(pid=117911) process_request /opt/stack/glance/glance/api/middleware/version_negotiation.py:44}}
Aug 07 19:19:58 ubuntu devstack@g-api.service[117911]: DEBUG glance.api.middleware.version_negotiation [None req-1800409a-ade9-402d-aaba-10c1dbf171c9 admin admin] Using url versioning {{(pid=117911) process_request /opt/stack/glance/glance/api/middleware/version_negotiation.py:57}}
Aug 07 19:19:58 ubuntu devstack@g-api.service[117911]: DEBUG glance.api.middleware.version_negotiation [None req-1800409a-ade9-402d-aaba-10c1dbf171c9 admin admin] Unknown version. Returning version choices. {{(pid=117911) process_request /opt/stack/glance/glance/api/middleware/version_negotiation.py:64}}
Aug 07 19:19:58 ubuntu devstack@g-api.service[117911]: [pid: 117911|app: 0|req: 5/9] 127.0.0.1 () {34 vars in 502 bytes} [Wed Aug  7 19:19:58 2024] GET / => generated 1407 bytes in 4 msecs (HTTP/1.1 300) 3 headers in 106 bytes (1 switches on core 0)
Aug 07 19:19:58 ubuntu devstack@g-api.service[117910]: DEBUG glance.api.middleware.version_negotiation [None req-047e2427-98d7-4e02-bb8a-2631f3be242a admin admin] Determining version of request: GET /v2/images/54d8c7e3-8d5b-464b-9be7-535e0cb43c6d Accept: */* {{(pid=117910) process_request /opt/stack/glance/glance/api/middleware/version_negotiation.py:44}}
Aug 07 19:19:58 ubuntu devstack@g-api.service[117910]: DEBUG glance.api.middleware.version_negotiation [None req-047e2427-98d7-4e02-bb8a-2631f3be242a admin admin] Using url versioning {{(pid=117910) process_request /opt/stack/glance/glance/api/middleware/version_negotiation.py:57}}
Aug 07 19:19:58 ubuntu devstack@g-api.service[117910]: DEBUG glance.api.middleware.version_negotiation [None req-047e2427-98d7-4e02-bb8a-2631f3be242a admin admin] Matched version: v2 {{(pid=117910) process_request /opt/stack/glance/glance/api/middleware/version_negotiation.py:69}}
Aug 07 19:19:58 ubuntu devstack@g-api.service[117910]: DEBUG glance.api.middleware.version_negotiation [None req-047e2427-98d7-4e02-bb8a-2631f3be242a admin admin] new path /v2/images/54d8c7e3-8d5b-464b-9be7-535e0cb43c6d {{(pid=117910) process_request /opt/stack/glance/glance/api/middleware/version_negotiation.py:70}}
Aug 07 19:19:58 ubuntu devstack@g-api.service[117910]: [pid: 117910|app: 0|req: 5/10] 127.0.0.1 () {36 vars in 785 bytes} [Wed Aug  7 19:19:58 2024] GET /v2/images/54d8c7e3-8d5b-464b-9be7-535e0cb43c6d => generated 976 bytes in 205 msecs (HTTP/1.1 200) 4 headers in 157 bytes (1 switches on core 0)
Aug 07 19:20:08 ubuntu devstack@g-api.service[117910]: DEBUG dbcounter [-] [117910] Writing DB stats glance:SELECT=5 {{(pid=117910) stat_writer /opt/stack/data/venv/lib/python3.10/site-packages/dbcounter.py:115}}
Aug 07 19:20:48 ubuntu devstack@g-api.service[117911]: DEBUG glance.api.middleware.version_negotiation [None req-1800409a-ade9-402d-aaba-10c1dbf171c9 admin admin] Determining version of request: GET / Accept: application/json {{(pid=117911) process_request /opt/stack/glance/glance/api/middleware/version_negotiation.py:44}}
Aug 07 19:20:48 ubuntu devstack@g-api.service[117911]: DEBUG glance.api.middleware.version_negotiation [None req-1800409a-ade9-402d-aaba-10c1dbf171c9 admin admin] Using url versioning {{(pid=117911) process_request /opt/stack/glance/glance/api/middleware/version_negotiation.py:57}}
Aug 07 19:20:48 ubuntu devstack@g-api.service[117911]: DEBUG glance.api.middleware.version_negotiation [None req-1800409a-ade9-402d-aaba-10c1dbf171c9 admin admin] Unknown version. Returning version choices. {{(pid=117911) process_request /opt/stack/glance/glance/api/middleware/version_negotiation.py:64}}
Aug 07 19:20:48 ubuntu devstack@g-api.service[117911]: [pid: 117911|app: 0|req: 6/11] 127.0.0.1 () {36 vars in 474 bytes} [Wed Aug  7 19:20:48 2024] GET / => generated 1407 bytes in 1 msecs (HTTP/1.1 300) 3 headers in 106 bytes (1 switches on core 0)
Aug 07 19:22:58 ubuntu devstack@g-api.service[117910]: DEBUG glance.api.middleware.version_negotiation [None req-9694e1f3-6a56-4137-91cd-f01687edf00f admin admin] Determining version of request: GET /versions Accept: */* {{(pid=117910) process_request /opt/stack/glance/glance/api/middleware/version_negotiation.py:44}}
Aug 07 19:22:58 ubuntu devstack@g-api.service[117910]: [pid: 117910|app: 0|req: 6/12] 127.0.0.1 () {38 vars in 691 bytes} [Wed Aug  7 19:22:58 2024] GET /versions => generated 1407 bytes in 2 msecs (HTTP/1.1 200) 3 headers in 92 bytes (1 switches on core 0)
Aug 07 19:22:58 ubuntu devstack@g-api.service[117911]: DEBUG glance.api.middleware.version_negotiation [None req-1800409a-ade9-402d-aaba-10c1dbf171c9 admin admin] Determining version of request: GET /v2/schemas/image Accept: */* {{(pid=117911) process_request /opt/stack/glance/glance/api/middleware/version_negotiation.py:44}}
Aug 07 19:22:58 ubuntu devstack@g-api.service[117911]: DEBUG glance.api.middleware.version_negotiation [None req-1800409a-ade9-402d-aaba-10c1dbf171c9 admin admin] Using url versioning {{(pid=117911) process_request /opt/stack/glance/glance/api/middleware/version_negotiation.py:57}}
Aug 07 19:22:58 ubuntu devstack@g-api.service[117911]: DEBUG glance.api.middleware.version_negotiation [None req-1800409a-ade9-402d-aaba-10c1dbf171c9 admin admin] Matched version: v2 {{(pid=117911) process_request /opt/stack/glance/glance/api/middleware/version_negotiation.py:69}}
Aug 07 19:22:58 ubuntu devstack@g-api.service[117911]: DEBUG glance.api.middleware.version_negotiation [None req-1800409a-ade9-402d-aaba-10c1dbf171c9 admin admin] new path /v2/schemas/image {{(pid=117911) process_request /opt/stack/glance/glance/api/middleware/version_negotiation.py:70}}
Aug 07 19:22:59 ubuntu devstack@g-api.service[117911]: [pid: 117911|app: 0|req: 7/13] 127.0.0.1 () {38 vars in 707 bytes} [Wed Aug  7 19:22:58 2024] GET /v2/schemas/image => generated 6083 bytes in 95 msecs (HTTP/1.1 200) 4 headers in 158 bytes (1 switches on core 0)
