Jul 08 11:31:43 ubuntu devstack@c-api.service[114508]: DEBUG cinder.api.extensions [-] Ext updated: 2012-03-12T00:00:00+00:00 {{(pid=114508) _check_extension /opt/stack/cinder/cinder/api/extensions.py:183}}
Jul 08 11:31:43 ubuntu devstack@c-api.service[114508]: DEBUG cinder.api.extensions [-] Loaded extension: os-quota-class-sets {{(pid=114508) register /opt/stack/cinder/cinder/api/extensions.py:140}}
Jul 08 11:31:43 ubuntu devstack@c-api.service[114508]: DEBUG cinder.api.extensions [-] Loading extension cinder.api.contrib.volume_manage.Volume_manage {{(pid=114508) load_extension /opt/stack/cinder/cinder/api/extensions.py:199}}
Jul 08 11:31:43 ubuntu devstack@c-api.service[114508]: DEBUG cinder.api.extensions [-] Calling extension factory cinder.api.contrib.volume_manage.Volume_manage {{(pid=114508) load_extension /opt/stack/cinder/cinder/api/extensions.py:205}}
Jul 08 11:31:43 ubuntu devstack@c-api.service[114508]: DEBUG cinder.api.extensions [-] Ext name: VolumeManage {{(pid=114508) _check_extension /opt/stack/cinder/cinder/api/extensions.py:179}}
Jul 08 11:31:43 ubuntu devstack@c-api.service[114508]: DEBUG cinder.api.extensions [-] Ext alias: os-volume-manage {{(pid=114508) _check_extension /opt/stack/cinder/cinder/api/extensions.py:180}}
Jul 08 11:31:43 ubuntu devstack@c-api.service[114508]: DEBUG cinder.api.extensions [-] Ext description: Allows existing backend storage to be 'managed' by Cinder. {{(pid=114508) _check_extension /opt/stack/cinder/cinder/api/extensions.py:181}}
Jul 08 11:31:43 ubuntu devstack@c-api.service[114508]: DEBUG cinder.api.extensions [-] Ext updated: 2014-02-10T00:00:00+00:00 {{(pid=114508) _check_extension /opt/stack/cinder/cinder/api/extensions.py:183}}
Jul 08 11:31:43 ubuntu devstack@c-api.service[114508]: DEBUG cinder.api.extensions [-] Loaded extension: os-volume-manage {{(pid=114508) register /opt/stack/cinder/cinder/api/extensions.py:140}}
Jul 08 11:31:43 ubuntu devstack@c-api.service[114508]: DEBUG cinder.api.extensions [-] Loading extension cinder.api.contrib.extended_snapshot_attributes.Extended_snapshot_attributes {{(pid=114508) load_extension /opt/stack/cinder/cinder/api/extensions.py:199}}
Jul 08 11:31:43 ubuntu devstack@c-api.service[114508]: DEBUG cinder.api.extensions [-] Calling extension factory cinder.api.contrib.extended_snapshot_attributes.Extended_snapshot_attributes {{(pid=114508) load_extension /opt/stack/cinder/cinder/api/extensions.py:205}}
Jul 08 11:31:43 ubuntu devstack@c-api.service[114508]: DEBUG cinder.api.extensions [-] Ext name: ExtendedSnapshotAttributes {{(pid=114508) _check_extension /opt/stack/cinder/cinder/api/extensions.py:179}}
Jul 08 11:31:43 ubuntu devstack@c-api.service[114508]: DEBUG cinder.api.extensions [-] Ext alias: os-extended-snapshot-attributes {{(pid=114508) _check_extension /opt/stack/cinder/cinder/api/extensions.py:180}}
Jul 08 11:31:43 ubuntu devstack@c-api.service[114507]: INFO dbcounter [None req-c66116c3-778e-4f30-8a80-5943996de75e None None] Registered counter for database cinder
Jul 08 11:31:43 ubuntu devstack@c-api.service[114508]: DEBUG cinder.api.extensions [-] Ext description: Extended SnapshotAttributes support. {{(pid=114508) _check_extension /opt/stack/cinder/cinder/api/extensions.py:181}}
Jul 08 11:31:43 ubuntu devstack@c-api.service[114508]: DEBUG cinder.api.extensions [-] Ext updated: 2012-06-19T00:00:00+00:00 {{(pid=114508) _check_extension /opt/stack/cinder/cinder/api/extensions.py:183}}
Jul 08 11:31:43 ubuntu devstack@c-api.service[114508]: DEBUG cinder.api.extensions [-] Loaded extension: os-extended-snapshot-attributes {{(pid=114508) register /opt/stack/cinder/cinder/api/extensions.py:140}}
Jul 08 11:31:43 ubuntu devstack@c-api.service[114508]: DEBUG cinder.api.extensions [-] Loading extension cinder.api.contrib.availability_zones.Availability_zones {{(pid=114508) load_extension /opt/stack/cinder/cinder/api/extensions.py:199}}
Jul 08 11:31:43 ubuntu devstack@c-api.service[114508]: DEBUG cinder.api.extensions [-] Calling extension factory cinder.api.contrib.availability_zones.Availability_zones {{(pid=114508) load_extension /opt/stack/cinder/cinder/api/extensions.py:205}}
Jul 08 11:31:43 ubuntu devstack@c-api.service[114508]: DEBUG cinder.api.extensions [-] Ext name: AvailabilityZones {{(pid=114508) _check_extension /opt/stack/cinder/cinder/api/extensions.py:179}}
Jul 08 11:31:43 ubuntu devstack@c-api.service[114508]: DEBUG cinder.api.extensions [-] Ext alias: os-availability-zone {{(pid=114508) _check_extension /opt/stack/cinder/cinder/api/extensions.py:180}}
Jul 08 11:31:43 ubuntu devstack@c-api.service[114508]: DEBUG cinder.api.extensions [-] Ext description: Describe Availability Zones. {{(pid=114508) _check_extension /opt/stack/cinder/cinder/api/extensions.py:181}}
Jul 08 11:31:43 ubuntu devstack@c-api.service[114508]: DEBUG cinder.api.extensions [-] Ext updated: 2013-06-27T00:00:00+00:00 {{(pid=114508) _check_extension /opt/stack/cinder/cinder/api/extensions.py:183}}
Jul 08 11:31:43 ubuntu devstack@c-api.service[114508]: DEBUG cinder.api.extensions [-] Loaded extension: os-availability-zone {{(pid=114508) register /opt/stack/cinder/cinder/api/extensions.py:140}}
Jul 08 11:31:43 ubuntu devstack@c-api.service[114508]: DEBUG cinder.api.extensions [-] Loading extension cinder.api.contrib.scheduler_hints.Scheduler_hints {{(pid=114508) load_extension /opt/stack/cinder/cinder/api/extensions.py:199}}
Jul 08 11:31:43 ubuntu devstack@c-api.service[114508]: DEBUG cinder.api.extensions [-] Calling extension factory cinder.api.contrib.scheduler_hints.Scheduler_hints {{(pid=114508) load_extension /opt/stack/cinder/cinder/api/extensions.py:205}}
Jul 08 11:31:43 ubuntu devstack@c-api.service[114508]: DEBUG cinder.api.extensions [-] Ext name: SchedulerHints {{(pid=114508) _check_extension /opt/stack/cinder/cinder/api/extensions.py:179}}
Jul 08 11:31:43 ubuntu devstack@c-api.service[114508]: DEBUG cinder.api.extensions [-] Ext alias: OS-SCH-HNT {{(pid=114508) _check_extension /opt/stack/cinder/cinder/api/extensions.py:180}}
Jul 08 11:31:43 ubuntu devstack@c-api.service[114508]: DEBUG cinder.api.extensions [-] Ext description: Pass arbitrary key/value pairs to the scheduler. {{(pid=114508) _check_extension /opt/stack/cinder/cinder/api/extensions.py:181}}
Jul 08 11:31:43 ubuntu devstack@c-api.service[114508]: DEBUG cinder.api.extensions [-] Ext updated: 2013-04-18T00:00:00+00:00 {{(pid=114508) _check_extension /opt/stack/cinder/cinder/api/extensions.py:183}}
Jul 08 11:31:43 ubuntu devstack@c-api.service[114508]: DEBUG cinder.api.extensions [-] Loaded extension: OS-SCH-HNT {{(pid=114508) register /opt/stack/cinder/cinder/api/extensions.py:140}}
Jul 08 11:31:43 ubuntu devstack@c-api.service[114508]: DEBUG cinder.api.extensions [-] Loading extension cinder.api.contrib.volume_host_attribute.Volume_host_attribute {{(pid=114508) load_extension /opt/stack/cinder/cinder/api/extensions.py:199}}
Jul 08 11:31:43 ubuntu devstack@c-api.service[114508]: DEBUG cinder.api.extensions [-] Calling extension factory cinder.api.contrib.volume_host_attribute.Volume_host_attribute {{(pid=114508) load_extension /opt/stack/cinder/cinder/api/extensions.py:205}}
Jul 08 11:31:43 ubuntu devstack@c-api.service[114508]: DEBUG cinder.api.extensions [-] Ext name: VolumeHostAttribute {{(pid=114508) _check_extension /opt/stack/cinder/cinder/api/extensions.py:179}}
Jul 08 11:31:43 ubuntu devstack@c-api.service[114508]: DEBUG cinder.api.extensions [-] Ext alias: os-vol-host-attr {{(pid=114508) _check_extension /opt/stack/cinder/cinder/api/extensions.py:180}}
Jul 08 11:31:43 ubuntu devstack@c-api.service[114508]: DEBUG cinder.api.extensions [-] Ext description: Expose host as an attribute of a volume. {{(pid=114508) _check_extension /opt/stack/cinder/cinder/api/extensions.py:181}}
Jul 08 11:31:43 ubuntu devstack@c-api.service[114508]: DEBUG cinder.api.extensions [-] Ext updated: 2011-11-03T00:00:00+00:00 {{(pid=114508) _check_extension /opt/stack/cinder/cinder/api/extensions.py:183}}
Jul 08 11:31:43 ubuntu devstack@c-api.service[114508]: DEBUG cinder.api.extensions [-] Loaded extension: os-vol-host-attr {{(pid=114508) register /opt/stack/cinder/cinder/api/extensions.py:140}}
Jul 08 11:31:43 ubuntu devstack@c-api.service[114507]: DEBUG oslo_db.sqlalchemy.engines [None req-c66116c3-778e-4f30-8a80-5943996de75e None None] MySQL server mode set to STRICT_TRANS_TABLES,STRICT_ALL_TABLES,NO_ZERO_IN_DATE,NO_ZERO_DATE,ERROR_FOR_DIVISION_BY_ZERO,TRADITIONAL,NO_ENGINE_SUBSTITUTION {{(pid=114507) _check_effective_sql_mode /opt/stack/data/venv/lib/python3.10/site-packages/oslo_db/sqlalchemy/engines.py:342}}
Jul 08 11:31:44 ubuntu devstack@c-api.service[114508]: INFO dbcounter [None req-7e59d5d2-248a-4504-ac2e-1aa6d3487bcb None None] Registered counter for database cinder
Jul 08 11:31:44 ubuntu devstack@c-api.service[114508]: DEBUG oslo_db.sqlalchemy.engines [None req-7e59d5d2-248a-4504-ac2e-1aa6d3487bcb None None] MySQL server mode set to STRICT_TRANS_TABLES,STRICT_ALL_TABLES,NO_ZERO_IN_DATE,NO_ZERO_DATE,ERROR_FOR_DIVISION_BY_ZERO,TRADITIONAL,NO_ENGINE_SUBSTITUTION {{(pid=114508) _check_effective_sql_mode /opt/stack/data/venv/lib/python3.10/site-packages/oslo_db/sqlalchemy/engines.py:342}}
Jul 08 11:31:44 ubuntu devstack@c-api.service[114507]: DEBUG dbcounter [-] [114507] Writer thread running {{(pid=114507) stat_writer /opt/stack/data/venv/lib/python3.10/site-packages/dbcounter.py:102}}
Jul 08 11:31:44 ubuntu devstack@c-api.service[114507]: INFO cinder.rpc [None req-c66116c3-778e-4f30-8a80-5943996de75e None None] Automatically selected cinder-scheduler objects version 1.39 as minimum service version.
Jul 08 11:31:44 ubuntu devstack@c-api.service[114507]: INFO cinder.rpc [None req-c66116c3-778e-4f30-8a80-5943996de75e None None] Automatically selected cinder-scheduler RPC version 3.12 as minimum service version.
Jul 08 11:31:44 ubuntu devstack@c-api.service[114507]: INFO cinder.rpc [None req-c66116c3-778e-4f30-8a80-5943996de75e None None] Automatically selected cinder-volume objects version 1.39 as minimum service version.
Jul 08 11:31:44 ubuntu devstack@c-api.service[114507]: INFO cinder.rpc [None req-c66116c3-778e-4f30-8a80-5943996de75e None None] Automatically selected cinder-volume RPC version 3.19 as minimum service version.
Jul 08 11:31:44 ubuntu devstack@c-api.service[114507]: WARNING stevedore.named [None req-c66116c3-778e-4f30-8a80-5943996de75e None None] Could not load cinder.keymgr.conf_key_mgr.ConfKeyManager
Jul 08 11:31:44 ubuntu devstack@c-api.service[114507]: WARNING castellan.key_manager [None req-c66116c3-778e-4f30-8a80-5943996de75e None None] Deprecation Warning : cinder.keymgr.conf_key_mgr.ConfKeyManager is not a stevedore based driver, trying to load it as a class: stevedore.exception.NoMatches: No 'castellan.drivers' driver found, looking for 'cinder.keymgr.conf_key_mgr.ConfKeyManager'
Jul 08 11:31:44 ubuntu devstack@c-api.service[114507]: WARNING cinder.keymgr.conf_key_mgr [None req-c66116c3-778e-4f30-8a80-5943996de75e None None] This key manager is insecure and is not recommended for production deployments: stevedore.exception.NoMatches: No 'castellan.drivers' driver found, looking for 'cinder.keymgr.conf_key_mgr.ConfKeyManager'
Jul 08 11:31:44 ubuntu devstack@c-api.service[114507]: DEBUG oslo_db.sqlalchemy.engines [None req-c66116c3-778e-4f30-8a80-5943996de75e None None] MySQL server mode set to STRICT_TRANS_TABLES,STRICT_ALL_TABLES,NO_ZERO_IN_DATE,NO_ZERO_DATE,ERROR_FOR_DIVISION_BY_ZERO,TRADITIONAL,NO_ENGINE_SUBSTITUTION {{(pid=114507) _check_effective_sql_mode /opt/stack/data/venv/lib/python3.10/site-packages/oslo_db/sqlalchemy/engines.py:342}}
Jul 08 11:31:44 ubuntu devstack@c-api.service[114507]: INFO cinder.rpc [None req-c66116c3-778e-4f30-8a80-5943996de75e None None] Automatically selected cinder-backup objects version 1.39 as minimum service version.
Jul 08 11:31:44 ubuntu devstack@c-api.service[114507]: INFO cinder.rpc [None req-c66116c3-778e-4f30-8a80-5943996de75e None None] Automatically selected cinder-backup RPC version 2.4 as minimum service version.
Jul 08 11:31:44 ubuntu devstack@c-api.service[114507]: WARNING stevedore.named [None req-c66116c3-778e-4f30-8a80-5943996de75e None None] Could not load cinder.keymgr.conf_key_mgr.ConfKeyManager
Jul 08 11:31:44 ubuntu devstack@c-api.service[114507]: WARNING castellan.key_manager [None req-c66116c3-778e-4f30-8a80-5943996de75e None None] Deprecation Warning : cinder.keymgr.conf_key_mgr.ConfKeyManager is not a stevedore based driver, trying to load it as a class: stevedore.exception.NoMatches: No 'castellan.drivers' driver found, looking for 'cinder.keymgr.conf_key_mgr.ConfKeyManager'
Jul 08 11:31:44 ubuntu devstack@c-api.service[114507]: WARNING stevedore.named [None req-c66116c3-778e-4f30-8a80-5943996de75e None None] Could not load cinder.keymgr.conf_key_mgr.ConfKeyManager
Jul 08 11:31:44 ubuntu devstack@c-api.service[114507]: WARNING castellan.key_manager [None req-c66116c3-778e-4f30-8a80-5943996de75e None None] Deprecation Warning : cinder.keymgr.conf_key_mgr.ConfKeyManager is not a stevedore based driver, trying to load it as a class: stevedore.exception.NoMatches: No 'castellan.drivers' driver found, looking for 'cinder.keymgr.conf_key_mgr.ConfKeyManager'
Jul 08 11:31:44 ubuntu devstack@c-api.service[114507]: WARNING stevedore.named [None req-c66116c3-778e-4f30-8a80-5943996de75e None None] Could not load cinder.keymgr.conf_key_mgr.ConfKeyManager
Jul 08 11:31:44 ubuntu devstack@c-api.service[114507]: WARNING castellan.key_manager [None req-c66116c3-778e-4f30-8a80-5943996de75e None None] Deprecation Warning : cinder.keymgr.conf_key_mgr.ConfKeyManager is not a stevedore based driver, trying to load it as a class: stevedore.exception.NoMatches: No 'castellan.drivers' driver found, looking for 'cinder.keymgr.conf_key_mgr.ConfKeyManager'
Jul 08 11:31:44 ubuntu devstack@c-api.service[114507]: WARNING stevedore.named [None req-c66116c3-778e-4f30-8a80-5943996de75e None None] Could not load cinder.keymgr.conf_key_mgr.ConfKeyManager
Jul 08 11:31:44 ubuntu devstack@c-api.service[114507]: WARNING castellan.key_manager [None req-c66116c3-778e-4f30-8a80-5943996de75e None None] Deprecation Warning : cinder.keymgr.conf_key_mgr.ConfKeyManager is not a stevedore based driver, trying to load it as a class: stevedore.exception.NoMatches: No 'castellan.drivers' driver found, looking for 'cinder.keymgr.conf_key_mgr.ConfKeyManager'
Jul 08 11:31:44 ubuntu devstack@c-api.service[114507]: WARNING stevedore.named [None req-c66116c3-778e-4f30-8a80-5943996de75e None None] Could not load cinder.keymgr.conf_key_mgr.ConfKeyManager
Jul 08 11:31:44 ubuntu devstack@c-api.service[114507]: WARNING castellan.key_manager [None req-c66116c3-778e-4f30-8a80-5943996de75e None None] Deprecation Warning : cinder.keymgr.conf_key_mgr.ConfKeyManager is not a stevedore based driver, trying to load it as a class: stevedore.exception.NoMatches: No 'castellan.drivers' driver found, looking for 'cinder.keymgr.conf_key_mgr.ConfKeyManager'
Jul 08 11:31:44 ubuntu devstack@c-api.service[114507]: WARNING stevedore.named [None req-c66116c3-778e-4f30-8a80-5943996de75e None None] Could not load cinder.keymgr.conf_key_mgr.ConfKeyManager
Jul 08 11:31:44 ubuntu devstack@c-api.service[114507]: WARNING castellan.key_manager [None req-c66116c3-778e-4f30-8a80-5943996de75e None None] Deprecation Warning : cinder.keymgr.conf_key_mgr.ConfKeyManager is not a stevedore based driver, trying to load it as a class: stevedore.exception.NoMatches: No 'castellan.drivers' driver found, looking for 'cinder.keymgr.conf_key_mgr.ConfKeyManager'
Jul 08 11:31:44 ubuntu devstack@c-api.service[114507]: WARNING stevedore.named [None req-c66116c3-778e-4f30-8a80-5943996de75e None None] Could not load cinder.keymgr.conf_key_mgr.ConfKeyManager
Jul 08 11:31:44 ubuntu devstack@c-api.service[114507]: WARNING castellan.key_manager [None req-c66116c3-778e-4f30-8a80-5943996de75e None None] Deprecation Warning : cinder.keymgr.conf_key_mgr.ConfKeyManager is not a stevedore based driver, trying to load it as a class: stevedore.exception.NoMatches: No 'castellan.drivers' driver found, looking for 'cinder.keymgr.conf_key_mgr.ConfKeyManager'
Jul 08 11:31:44 ubuntu devstack@c-api.service[114507]: WARNING stevedore.named [None req-c66116c3-778e-4f30-8a80-5943996de75e None None] Could not load cinder.keymgr.conf_key_mgr.ConfKeyManager
Jul 08 11:31:44 ubuntu devstack@c-api.service[114507]: WARNING castellan.key_manager [None req-c66116c3-778e-4f30-8a80-5943996de75e None None] Deprecation Warning : cinder.keymgr.conf_key_mgr.ConfKeyManager is not a stevedore based driver, trying to load it as a class: stevedore.exception.NoMatches: No 'castellan.drivers' driver found, looking for 'cinder.keymgr.conf_key_mgr.ConfKeyManager'
Jul 08 11:31:44 ubuntu devstack@c-api.service[114507]: WARNING stevedore.named [None req-c66116c3-778e-4f30-8a80-5943996de75e None None] Could not load cinder.keymgr.conf_key_mgr.ConfKeyManager
Jul 08 11:31:44 ubuntu devstack@c-api.service[114507]: WARNING castellan.key_manager [None req-c66116c3-778e-4f30-8a80-5943996de75e None None] Deprecation Warning : cinder.keymgr.conf_key_mgr.ConfKeyManager is not a stevedore based driver, trying to load it as a class: stevedore.exception.NoMatches: No 'castellan.drivers' driver found, looking for 'cinder.keymgr.conf_key_mgr.ConfKeyManager'
Jul 08 11:31:44 ubuntu devstack@c-api.service[114507]: WARNING stevedore.named [None req-c66116c3-778e-4f30-8a80-5943996de75e None None] Could not load cinder.keymgr.conf_key_mgr.ConfKeyManager
Jul 08 11:31:44 ubuntu devstack@c-api.service[114507]: WARNING castellan.key_manager [None req-c66116c3-778e-4f30-8a80-5943996de75e None None] Deprecation Warning : cinder.keymgr.conf_key_mgr.ConfKeyManager is not a stevedore based driver, trying to load it as a class: stevedore.exception.NoMatches: No 'castellan.drivers' driver found, looking for 'cinder.keymgr.conf_key_mgr.ConfKeyManager'
Jul 08 11:31:44 ubuntu devstack@c-api.service[114507]: WARNING stevedore.named [None req-c66116c3-778e-4f30-8a80-5943996de75e None None] Could not load cinder.keymgr.conf_key_mgr.ConfKeyManager
Jul 08 11:31:44 ubuntu devstack@c-api.service[114507]: WARNING castellan.key_manager [None req-c66116c3-778e-4f30-8a80-5943996de75e None None] Deprecation Warning : cinder.keymgr.conf_key_mgr.ConfKeyManager is not a stevedore based driver, trying to load it as a class: stevedore.exception.NoMatches: No 'castellan.drivers' driver found, looking for 'cinder.keymgr.conf_key_mgr.ConfKeyManager'
Jul 08 11:31:44 ubuntu devstack@c-api.service[114507]: WARNING stevedore.named [None req-c66116c3-778e-4f30-8a80-5943996de75e None None] Could not load cinder.keymgr.conf_key_mgr.ConfKeyManager
Jul 08 11:31:44 ubuntu devstack@c-api.service[114507]: WARNING castellan.key_manager [None req-c66116c3-778e-4f30-8a80-5943996de75e None None] Deprecation Warning : cinder.keymgr.conf_key_mgr.ConfKeyManager is not a stevedore based driver, trying to load it as a class: stevedore.exception.NoMatches: No 'castellan.drivers' driver found, looking for 'cinder.keymgr.conf_key_mgr.ConfKeyManager'
Jul 08 11:31:44 ubuntu devstack@c-api.service[114507]: WARNING stevedore.named [None req-c66116c3-778e-4f30-8a80-5943996de75e None None] Could not load cinder.keymgr.conf_key_mgr.ConfKeyManager
Jul 08 11:31:44 ubuntu devstack@c-api.service[114507]: WARNING castellan.key_manager [None req-c66116c3-778e-4f30-8a80-5943996de75e None None] Deprecation Warning : cinder.keymgr.conf_key_mgr.ConfKeyManager is not a stevedore based driver, trying to load it as a class: stevedore.exception.NoMatches: No 'castellan.drivers' driver found, looking for 'cinder.keymgr.conf_key_mgr.ConfKeyManager'
Jul 08 11:31:44 ubuntu devstack@c-api.service[114507]: WARNING stevedore.named [None req-c66116c3-778e-4f30-8a80-5943996de75e None None] Could not load cinder.keymgr.conf_key_mgr.ConfKeyManager
Jul 08 11:31:44 ubuntu devstack@c-api.service[114507]: WARNING castellan.key_manager [None req-c66116c3-778e-4f30-8a80-5943996de75e None None] Deprecation Warning : cinder.keymgr.conf_key_mgr.ConfKeyManager is not a stevedore based driver, trying to load it as a class: stevedore.exception.NoMatches: No 'castellan.drivers' driver found, looking for 'cinder.keymgr.conf_key_mgr.ConfKeyManager'
Jul 08 11:31:44 ubuntu devstack@c-api.service[114507]: WARNING stevedore.named [None req-c66116c3-778e-4f30-8a80-5943996de75e None None] Could not load cinder.keymgr.conf_key_mgr.ConfKeyManager
Jul 08 11:31:44 ubuntu devstack@c-api.service[114507]: WARNING castellan.key_manager [None req-c66116c3-778e-4f30-8a80-5943996de75e None None] Deprecation Warning : cinder.keymgr.conf_key_mgr.ConfKeyManager is not a stevedore based driver, trying to load it as a class: stevedore.exception.NoMatches: No 'castellan.drivers' driver found, looking for 'cinder.keymgr.conf_key_mgr.ConfKeyManager'
Jul 08 11:31:44 ubuntu devstack@c-api.service[114507]: WARNING stevedore.named [None req-c66116c3-778e-4f30-8a80-5943996de75e None None] Could not load cinder.keymgr.conf_key_mgr.ConfKeyManager
Jul 08 11:31:44 ubuntu devstack@c-api.service[114507]: WARNING castellan.key_manager [None req-c66116c3-778e-4f30-8a80-5943996de75e None None] Deprecation Warning : cinder.keymgr.conf_key_mgr.ConfKeyManager is not a stevedore based driver, trying to load it as a class: stevedore.exception.NoMatches: No 'castellan.drivers' driver found, looking for 'cinder.keymgr.conf_key_mgr.ConfKeyManager'
Jul 08 11:31:44 ubuntu devstack@c-api.service[114507]: WARNING stevedore.named [None req-c66116c3-778e-4f30-8a80-5943996de75e None None] Could not load cinder.keymgr.conf_key_mgr.ConfKeyManager
Jul 08 11:31:44 ubuntu devstack@c-api.service[114507]: WARNING castellan.key_manager [None req-c66116c3-778e-4f30-8a80-5943996de75e None None] Deprecation Warning : cinder.keymgr.conf_key_mgr.ConfKeyManager is not a stevedore based driver, trying to load it as a class: stevedore.exception.NoMatches: No 'castellan.drivers' driver found, looking for 'cinder.keymgr.conf_key_mgr.ConfKeyManager'
Jul 08 11:31:44 ubuntu devstack@c-api.service[114507]: WARNING stevedore.named [None req-c66116c3-778e-4f30-8a80-5943996de75e None None] Could not load cinder.keymgr.conf_key_mgr.ConfKeyManager
Jul 08 11:31:44 ubuntu devstack@c-api.service[114507]: WARNING castellan.key_manager [None req-c66116c3-778e-4f30-8a80-5943996de75e None None] Deprecation Warning : cinder.keymgr.conf_key_mgr.ConfKeyManager is not a stevedore based driver, trying to load it as a class: stevedore.exception.NoMatches: No 'castellan.drivers' driver found, looking for 'cinder.keymgr.conf_key_mgr.ConfKeyManager'
Jul 08 11:31:44 ubuntu devstack@c-api.service[114507]: WARNING stevedore.named [None req-c66116c3-778e-4f30-8a80-5943996de75e None None] Could not load cinder.keymgr.conf_key_mgr.ConfKeyManager
Jul 08 11:31:44 ubuntu devstack@c-api.service[114507]: WARNING castellan.key_manager [None req-c66116c3-778e-4f30-8a80-5943996de75e None None] Deprecation Warning : cinder.keymgr.conf_key_mgr.ConfKeyManager is not a stevedore based driver, trying to load it as a class: stevedore.exception.NoMatches: No 'castellan.drivers' driver found, looking for 'cinder.keymgr.conf_key_mgr.ConfKeyManager'
Jul 08 11:31:44 ubuntu devstack@c-api.service[114507]: WARNING stevedore.named [None req-c66116c3-778e-4f30-8a80-5943996de75e None None] Could not load cinder.keymgr.conf_key_mgr.ConfKeyManager
Jul 08 11:31:44 ubuntu devstack@c-api.service[114507]: WARNING castellan.key_manager [None req-c66116c3-778e-4f30-8a80-5943996de75e None None] Deprecation Warning : cinder.keymgr.conf_key_mgr.ConfKeyManager is not a stevedore based driver, trying to load it as a class: stevedore.exception.NoMatches: No 'castellan.drivers' driver found, looking for 'cinder.keymgr.conf_key_mgr.ConfKeyManager'
Jul 08 11:31:44 ubuntu devstack@c-api.service[114507]: WARNING stevedore.named [None req-c66116c3-778e-4f30-8a80-5943996de75e None None] Could not load cinder.keymgr.conf_key_mgr.ConfKeyManager
Jul 08 11:31:44 ubuntu devstack@c-api.service[114507]: WARNING castellan.key_manager [None req-c66116c3-778e-4f30-8a80-5943996de75e None None] Deprecation Warning : cinder.keymgr.conf_key_mgr.ConfKeyManager is not a stevedore based driver, trying to load it as a class: stevedore.exception.NoMatches: No 'castellan.drivers' driver found, looking for 'cinder.keymgr.conf_key_mgr.ConfKeyManager'
Jul 08 11:31:44 ubuntu devstack@c-api.service[114507]: WARNING stevedore.named [None req-c66116c3-778e-4f30-8a80-5943996de75e None None] Could not load cinder.keymgr.conf_key_mgr.ConfKeyManager
Jul 08 11:31:44 ubuntu devstack@c-api.service[114507]: WARNING castellan.key_manager [None req-c66116c3-778e-4f30-8a80-5943996de75e None None] Deprecation Warning : cinder.keymgr.conf_key_mgr.ConfKeyManager is not a stevedore based driver, trying to load it as a class: stevedore.exception.NoMatches: No 'castellan.drivers' driver found, looking for 'cinder.keymgr.conf_key_mgr.ConfKeyManager'
Jul 08 11:31:44 ubuntu devstack@c-api.service[114507]: WARNING cinder.api.contrib.hosts [None req-c66116c3-778e-4f30-8a80-5943996de75e None None] Deprecated: The Host API is deprecated and will be be removed in a future version.
Jul 08 11:31:44 ubuntu devstack@c-api.service[114507]: WARNING stevedore.named [None req-c66116c3-778e-4f30-8a80-5943996de75e None None] Could not load cinder.keymgr.conf_key_mgr.ConfKeyManager
Jul 08 11:31:44 ubuntu devstack@c-api.service[114507]: WARNING castellan.key_manager [None req-c66116c3-778e-4f30-8a80-5943996de75e None None] Deprecation Warning : cinder.keymgr.conf_key_mgr.ConfKeyManager is not a stevedore based driver, trying to load it as a class: stevedore.exception.NoMatches: No 'castellan.drivers' driver found, looking for 'cinder.keymgr.conf_key_mgr.ConfKeyManager'
Jul 08 11:31:44 ubuntu devstack@c-api.service[114507]: WARNING stevedore.named [None req-c66116c3-778e-4f30-8a80-5943996de75e None None] Could not load cinder.keymgr.conf_key_mgr.ConfKeyManager
Jul 08 11:31:44 ubuntu devstack@c-api.service[114507]: WARNING castellan.key_manager [None req-c66116c3-778e-4f30-8a80-5943996de75e None None] Deprecation Warning : cinder.keymgr.conf_key_mgr.ConfKeyManager is not a stevedore based driver, trying to load it as a class: stevedore.exception.NoMatches: No 'castellan.drivers' driver found, looking for 'cinder.keymgr.conf_key_mgr.ConfKeyManager'
Jul 08 11:31:44 ubuntu devstack@c-api.service[114507]: DEBUG cinder.api.openstack [None req-c66116c3-778e-4f30-8a80-5943996de75e None None] Extended resource: extensions {{(pid=114507) _setup_ext_routes /opt/stack/cinder/cinder/api/openstack/__init__.py:129}}
Jul 08 11:31:44 ubuntu devstack@c-api.service[114507]: DEBUG cinder.api.openstack [None req-c66116c3-778e-4f30-8a80-5943996de75e None None] Extended resource: extra_specs {{(pid=114507) _setup_ext_routes /opt/stack/cinder/cinder/api/openstack/__init__.py:129}}
Jul 08 11:31:44 ubuntu devstack@c-api.service[114507]: DEBUG cinder.api.openstack [None req-c66116c3-778e-4f30-8a80-5943996de75e None None] Extended resource: encryption {{(pid=114507) _setup_ext_routes /opt/stack/cinder/cinder/api/openstack/__init__.py:129}}
Jul 08 11:31:44 ubuntu devstack@c-api.service[114507]: DEBUG cinder.api.openstack [None req-c66116c3-778e-4f30-8a80-5943996de75e None None] Extended resource: cgsnapshots {{(pid=114507) _setup_ext_routes /opt/stack/cinder/cinder/api/openstack/__init__.py:129}}
Jul 08 11:31:44 ubuntu devstack@c-api.service[114507]: DEBUG cinder.api.openstack [None req-c66116c3-778e-4f30-8a80-5943996de75e None None] Extended resource: capabilities {{(pid=114507) _setup_ext_routes /opt/stack/cinder/cinder/api/openstack/__init__.py:129}}
Jul 08 11:31:44 ubuntu devstack@c-api.service[114507]: DEBUG cinder.api.openstack [None req-c66116c3-778e-4f30-8a80-5943996de75e None None] Extended resource: consistencygroups {{(pid=114507) _setup_ext_routes /opt/stack/cinder/cinder/api/openstack/__init__.py:129}}
Jul 08 11:31:44 ubuntu devstack@c-api.service[114508]: DEBUG dbcounter [-] [114508] Writer thread running {{(pid=114508) stat_writer /opt/stack/data/venv/lib/python3.10/site-packages/dbcounter.py:102}}
Jul 08 11:31:44 ubuntu devstack@c-api.service[114508]: INFO cinder.rpc [None req-7e59d5d2-248a-4504-ac2e-1aa6d3487bcb None None] Automatically selected cinder-scheduler objects version 1.39 as minimum service version.
Jul 08 11:31:44 ubuntu devstack@c-api.service[114507]: DEBUG cinder.api.openstack [None req-c66116c3-778e-4f30-8a80-5943996de75e None None] Extended resource: os-services {{(pid=114507) _setup_ext_routes /opt/stack/cinder/cinder/api/openstack/__init__.py:129}}
Jul 08 11:31:44 ubuntu devstack@c-api.service[114507]: DEBUG cinder.api.openstack [None req-c66116c3-778e-4f30-8a80-5943996de75e None None] Extended resource: encryption {{(pid=114507) _setup_ext_routes /opt/stack/cinder/cinder/api/openstack/__init__.py:129}}
Jul 08 11:31:44 ubuntu devstack@c-api.service[114508]: INFO cinder.rpc [None req-7e59d5d2-248a-4504-ac2e-1aa6d3487bcb None None] Automatically selected cinder-scheduler RPC version 3.12 as minimum service version.
Jul 08 11:31:44 ubuntu devstack@c-api.service[114507]: DEBUG cinder.api.openstack [None req-c66116c3-778e-4f30-8a80-5943996de75e None None] Extended resource: os-quota-sets {{(pid=114507) _setup_ext_routes /opt/stack/cinder/cinder/api/openstack/__init__.py:129}}
Jul 08 11:31:44 ubuntu devstack@c-api.service[114508]: INFO cinder.rpc [None req-7e59d5d2-248a-4504-ac2e-1aa6d3487bcb None None] Automatically selected cinder-volume objects version 1.39 as minimum service version.
Jul 08 11:31:44 ubuntu devstack@c-api.service[114507]: DEBUG cinder.api.openstack [None req-c66116c3-778e-4f30-8a80-5943996de75e None None] Extended resource: qos-specs {{(pid=114507) _setup_ext_routes /opt/stack/cinder/cinder/api/openstack/__init__.py:129}}
Jul 08 11:31:44 ubuntu devstack@c-api.service[114508]: INFO cinder.rpc [None req-7e59d5d2-248a-4504-ac2e-1aa6d3487bcb None None] Automatically selected cinder-volume RPC version 3.19 as minimum service version.
Jul 08 11:31:44 ubuntu devstack@c-api.service[114507]: DEBUG cinder.api.openstack [None req-c66116c3-778e-4f30-8a80-5943996de75e None None] Extended resource: os-volume-transfer {{(pid=114507) _setup_ext_routes /opt/stack/cinder/cinder/api/openstack/__init__.py:129}}
Jul 08 11:31:44 ubuntu devstack@c-api.service[114508]: WARNING stevedore.named [None req-7e59d5d2-248a-4504-ac2e-1aa6d3487bcb None None] Could not load cinder.keymgr.conf_key_mgr.ConfKeyManager
Jul 08 11:31:44 ubuntu devstack@c-api.service[114508]: WARNING castellan.key_manager [None req-7e59d5d2-248a-4504-ac2e-1aa6d3487bcb None None] Deprecation Warning : cinder.keymgr.conf_key_mgr.ConfKeyManager is not a stevedore based driver, trying to load it as a class: stevedore.exception.NoMatches: No 'castellan.drivers' driver found, looking for 'cinder.keymgr.conf_key_mgr.ConfKeyManager'
Jul 08 11:31:44 ubuntu devstack@c-api.service[114508]: WARNING cinder.keymgr.conf_key_mgr [None req-7e59d5d2-248a-4504-ac2e-1aa6d3487bcb None None] This key manager is insecure and is not recommended for production deployments: stevedore.exception.NoMatches: No 'castellan.drivers' driver found, looking for 'cinder.keymgr.conf_key_mgr.ConfKeyManager'
Jul 08 11:31:44 ubuntu devstack@c-api.service[114507]: DEBUG cinder.api.openstack [None req-c66116c3-778e-4f30-8a80-5943996de75e None None] Extended resource: os-snapshot-manage {{(pid=114507) _setup_ext_routes /opt/stack/cinder/cinder/api/openstack/__init__.py:129}}
Jul 08 11:31:44 ubuntu devstack@c-api.service[114507]: DEBUG cinder.api.openstack [None req-c66116c3-778e-4f30-8a80-5943996de75e None None] Extended resource: scheduler-stats {{(pid=114507) _setup_ext_routes /opt/stack/cinder/cinder/api/openstack/__init__.py:129}}
Jul 08 11:31:44 ubuntu devstack@c-api.service[114508]: DEBUG oslo_db.sqlalchemy.engines [None req-7e59d5d2-248a-4504-ac2e-1aa6d3487bcb None None] MySQL server mode set to STRICT_TRANS_TABLES,STRICT_ALL_TABLES,NO_ZERO_IN_DATE,NO_ZERO_DATE,ERROR_FOR_DIVISION_BY_ZERO,TRADITIONAL,NO_ENGINE_SUBSTITUTION {{(pid=114508) _check_effective_sql_mode /opt/stack/data/venv/lib/python3.10/site-packages/oslo_db/sqlalchemy/engines.py:342}}
Jul 08 11:31:44 ubuntu devstack@c-api.service[114507]: DEBUG cinder.api.openstack [None req-c66116c3-778e-4f30-8a80-5943996de75e None None] Extended resource: backups {{(pid=114507) _setup_ext_routes /opt/stack/cinder/cinder/api/openstack/__init__.py:129}}
Jul 08 11:31:44 ubuntu devstack@c-api.service[114508]: INFO cinder.rpc [None req-7e59d5d2-248a-4504-ac2e-1aa6d3487bcb None None] Automatically selected cinder-backup objects version 1.39 as minimum service version.
Jul 08 11:31:44 ubuntu devstack@c-api.service[114507]: DEBUG cinder.api.openstack [None req-c66116c3-778e-4f30-8a80-5943996de75e None None] Extended resource: os-volume-type-access {{(pid=114507) _setup_ext_routes /opt/stack/cinder/cinder/api/openstack/__init__.py:129}}
Jul 08 11:31:44 ubuntu devstack@c-api.service[114508]: INFO cinder.rpc [None req-7e59d5d2-248a-4504-ac2e-1aa6d3487bcb None None] Automatically selected cinder-backup RPC version 2.4 as minimum service version.
Jul 08 11:31:44 ubuntu devstack@c-api.service[114508]: WARNING stevedore.named [None req-7e59d5d2-248a-4504-ac2e-1aa6d3487bcb None None] Could not load cinder.keymgr.conf_key_mgr.ConfKeyManager
Jul 08 11:31:44 ubuntu devstack@c-api.service[114508]: WARNING castellan.key_manager [None req-7e59d5d2-248a-4504-ac2e-1aa6d3487bcb None None] Deprecation Warning : cinder.keymgr.conf_key_mgr.ConfKeyManager is not a stevedore based driver, trying to load it as a class: stevedore.exception.NoMatches: No 'castellan.drivers' driver found, looking for 'cinder.keymgr.conf_key_mgr.ConfKeyManager'
Jul 08 11:31:44 ubuntu devstack@c-api.service[114507]: DEBUG cinder.api.openstack [None req-c66116c3-778e-4f30-8a80-5943996de75e None None] Extended resource: os-hosts {{(pid=114507) _setup_ext_routes /opt/stack/cinder/cinder/api/openstack/__init__.py:129}}
Jul 08 11:31:44 ubuntu devstack@c-api.service[114508]: WARNING stevedore.named [None req-7e59d5d2-248a-4504-ac2e-1aa6d3487bcb None None] Could not load cinder.keymgr.conf_key_mgr.ConfKeyManager
Jul 08 11:31:44 ubuntu devstack@c-api.service[114508]: WARNING castellan.key_manager [None req-7e59d5d2-248a-4504-ac2e-1aa6d3487bcb None None] Deprecation Warning : cinder.keymgr.conf_key_mgr.ConfKeyManager is not a stevedore based driver, trying to load it as a class: stevedore.exception.NoMatches: No 'castellan.drivers' driver found, looking for 'cinder.keymgr.conf_key_mgr.ConfKeyManager'
Jul 08 11:31:44 ubuntu devstack@c-api.service[114507]: DEBUG cinder.api.openstack [None req-c66116c3-778e-4f30-8a80-5943996de75e None None] Extended resource: os-quota-class-sets {{(pid=114507) _setup_ext_routes /opt/stack/cinder/cinder/api/openstack/__init__.py:129}}
Jul 08 11:31:44 ubuntu devstack@c-api.service[114508]: WARNING stevedore.named [None req-7e59d5d2-248a-4504-ac2e-1aa6d3487bcb None None] Could not load cinder.keymgr.conf_key_mgr.ConfKeyManager
Jul 08 11:31:44 ubuntu devstack@c-api.service[114508]: WARNING castellan.key_manager [None req-7e59d5d2-248a-4504-ac2e-1aa6d3487bcb None None] Deprecation Warning : cinder.keymgr.conf_key_mgr.ConfKeyManager is not a stevedore based driver, trying to load it as a class: stevedore.exception.NoMatches: No 'castellan.drivers' driver found, looking for 'cinder.keymgr.conf_key_mgr.ConfKeyManager'
Jul 08 11:31:44 ubuntu devstack@c-api.service[114507]: DEBUG cinder.api.openstack [None req-c66116c3-778e-4f30-8a80-5943996de75e None None] Extended resource: os-volume-manage {{(pid=114507) _setup_ext_routes /opt/stack/cinder/cinder/api/openstack/__init__.py:129}}
Jul 08 11:31:44 ubuntu devstack@c-api.service[114507]: DEBUG cinder.api.openstack [None req-c66116c3-778e-4f30-8a80-5943996de75e None None] Extended resource: os-availability-zone {{(pid=114507) _setup_ext_routes /opt/stack/cinder/cinder/api/openstack/__init__.py:129}}
Jul 08 11:31:44 ubuntu devstack@c-api.service[114507]: WARNING stevedore.named [None req-c66116c3-778e-4f30-8a80-5943996de75e None None] Could not load cinder.keymgr.conf_key_mgr.ConfKeyManager
Jul 08 11:31:44 ubuntu devstack@c-api.service[114507]: WARNING castellan.key_manager [None req-c66116c3-778e-4f30-8a80-5943996de75e None None] Deprecation Warning : cinder.keymgr.conf_key_mgr.ConfKeyManager is not a stevedore based driver, trying to load it as a class: stevedore.exception.NoMatches: No 'castellan.drivers' driver found, looking for 'cinder.keymgr.conf_key_mgr.ConfKeyManager'
Jul 08 11:31:44 ubuntu devstack@c-api.service[114507]: WARNING stevedore.named [None req-c66116c3-778e-4f30-8a80-5943996de75e None None] Could not load cinder.keymgr.conf_key_mgr.ConfKeyManager
Jul 08 11:31:44 ubuntu devstack@c-api.service[114507]: WARNING castellan.key_manager [None req-c66116c3-778e-4f30-8a80-5943996de75e None None] Deprecation Warning : cinder.keymgr.conf_key_mgr.ConfKeyManager is not a stevedore based driver, trying to load it as a class: stevedore.exception.NoMatches: No 'castellan.drivers' driver found, looking for 'cinder.keymgr.conf_key_mgr.ConfKeyManager'
Jul 08 11:31:44 ubuntu devstack@c-api.service[114507]: WARNING stevedore.named [None req-c66116c3-778e-4f30-8a80-5943996de75e None None] Could not load cinder.keymgr.conf_key_mgr.ConfKeyManager
Jul 08 11:31:44 ubuntu devstack@c-api.service[114507]: WARNING castellan.key_manager [None req-c66116c3-778e-4f30-8a80-5943996de75e None None] Deprecation Warning : cinder.keymgr.conf_key_mgr.ConfKeyManager is not a stevedore based driver, trying to load it as a class: stevedore.exception.NoMatches: No 'castellan.drivers' driver found, looking for 'cinder.keymgr.conf_key_mgr.ConfKeyManager'
Jul 08 11:31:44 ubuntu devstack@c-api.service[114507]: WARNING stevedore.named [None req-c66116c3-778e-4f30-8a80-5943996de75e None None] Could not load cinder.keymgr.conf_key_mgr.ConfKeyManager
Jul 08 11:31:44 ubuntu devstack@c-api.service[114507]: WARNING castellan.key_manager [None req-c66116c3-778e-4f30-8a80-5943996de75e None None] Deprecation Warning : cinder.keymgr.conf_key_mgr.ConfKeyManager is not a stevedore based driver, trying to load it as a class: stevedore.exception.NoMatches: No 'castellan.drivers' driver found, looking for 'cinder.keymgr.conf_key_mgr.ConfKeyManager'
Jul 08 11:31:44 ubuntu devstack@c-api.service[114507]: WARNING stevedore.named [None req-c66116c3-778e-4f30-8a80-5943996de75e None None] Could not load cinder.keymgr.conf_key_mgr.ConfKeyManager
Jul 08 11:31:44 ubuntu devstack@c-api.service[114507]: WARNING castellan.key_manager [None req-c66116c3-778e-4f30-8a80-5943996de75e None None] Deprecation Warning : cinder.keymgr.conf_key_mgr.ConfKeyManager is not a stevedore based driver, trying to load it as a class: stevedore.exception.NoMatches: No 'castellan.drivers' driver found, looking for 'cinder.keymgr.conf_key_mgr.ConfKeyManager'
Jul 08 11:31:44 ubuntu devstack@c-api.service[114507]: WARNING stevedore.named [None req-c66116c3-778e-4f30-8a80-5943996de75e None None] Could not load cinder.keymgr.conf_key_mgr.ConfKeyManager
Jul 08 11:31:44 ubuntu devstack@c-api.service[114507]: WARNING castellan.key_manager [None req-c66116c3-778e-4f30-8a80-5943996de75e None None] Deprecation Warning : cinder.keymgr.conf_key_mgr.ConfKeyManager is not a stevedore based driver, trying to load it as a class: stevedore.exception.NoMatches: No 'castellan.drivers' driver found, looking for 'cinder.keymgr.conf_key_mgr.ConfKeyManager'
Jul 08 11:31:44 ubuntu devstack@c-api.service[114507]: WARNING stevedore.named [None req-c66116c3-778e-4f30-8a80-5943996de75e None None] Could not load cinder.keymgr.conf_key_mgr.ConfKeyManager
Jul 08 11:31:44 ubuntu devstack@c-api.service[114507]: WARNING castellan.key_manager [None req-c66116c3-778e-4f30-8a80-5943996de75e None None] Deprecation Warning : cinder.keymgr.conf_key_mgr.ConfKeyManager is not a stevedore based driver, trying to load it as a class: stevedore.exception.NoMatches: No 'castellan.drivers' driver found, looking for 'cinder.keymgr.conf_key_mgr.ConfKeyManager'
Jul 08 11:31:44 ubuntu devstack@c-api.service[114507]: WARNING stevedore.named [None req-c66116c3-778e-4f30-8a80-5943996de75e None None] Could not load cinder.keymgr.conf_key_mgr.ConfKeyManager
Jul 08 11:31:44 ubuntu devstack@c-api.service[114507]: WARNING castellan.key_manager [None req-c66116c3-778e-4f30-8a80-5943996de75e None None] Deprecation Warning : cinder.keymgr.conf_key_mgr.ConfKeyManager is not a stevedore based driver, trying to load it as a class: stevedore.exception.NoMatches: No 'castellan.drivers' driver found, looking for 'cinder.keymgr.conf_key_mgr.ConfKeyManager'
Jul 08 11:31:44 ubuntu devstack@c-api.service[114508]: WARNING stevedore.named [None req-7e59d5d2-248a-4504-ac2e-1aa6d3487bcb None None] Could not load cinder.keymgr.conf_key_mgr.ConfKeyManager
Jul 08 11:31:44 ubuntu devstack@c-api.service[114508]: WARNING castellan.key_manager [None req-7e59d5d2-248a-4504-ac2e-1aa6d3487bcb None None] Deprecation Warning : cinder.keymgr.conf_key_mgr.ConfKeyManager is not a stevedore based driver, trying to load it as a class: stevedore.exception.NoMatches: No 'castellan.drivers' driver found, looking for 'cinder.keymgr.conf_key_mgr.ConfKeyManager'
Jul 08 11:31:44 ubuntu devstack@c-api.service[114507]: WARNING stevedore.named [None req-c66116c3-778e-4f30-8a80-5943996de75e None None] Could not load cinder.keymgr.conf_key_mgr.ConfKeyManager
Jul 08 11:31:44 ubuntu devstack@c-api.service[114507]: WARNING castellan.key_manager [None req-c66116c3-778e-4f30-8a80-5943996de75e None None] Deprecation Warning : cinder.keymgr.conf_key_mgr.ConfKeyManager is not a stevedore based driver, trying to load it as a class: stevedore.exception.NoMatches: No 'castellan.drivers' driver found, looking for 'cinder.keymgr.conf_key_mgr.ConfKeyManager'
Jul 08 11:31:44 ubuntu devstack@c-api.service[114507]: WARNING stevedore.named [None req-c66116c3-778e-4f30-8a80-5943996de75e None None] Could not load cinder.keymgr.conf_key_mgr.ConfKeyManager
Jul 08 11:31:44 ubuntu devstack@c-api.service[114507]: WARNING castellan.key_manager [None req-c66116c3-778e-4f30-8a80-5943996de75e None None] Deprecation Warning : cinder.keymgr.conf_key_mgr.ConfKeyManager is not a stevedore based driver, trying to load it as a class: stevedore.exception.NoMatches: No 'castellan.drivers' driver found, looking for 'cinder.keymgr.conf_key_mgr.ConfKeyManager'
Jul 08 11:31:44 ubuntu devstack@c-api.service[114507]: DEBUG cinder.api.contrib.snapshot_actions [None req-c66116c3-778e-4f30-8a80-5943996de75e None None] SnapshotActionsController initialized {{(pid=114507) __init__ /opt/stack/cinder/cinder/api/contrib/snapshot_actions.py:33}}
Jul 08 11:31:44 ubuntu devstack@c-api.service[114507]: DEBUG cinder.api.openstack [None req-c66116c3-778e-4f30-8a80-5943996de75e None None] Extension AdminActions extending resource: volumes {{(pid=114507) _setup_extensions /opt/stack/cinder/cinder/api/openstack/__init__.py:159}}
Jul 08 11:31:44 ubuntu devstack@c-api.service[114507]: DEBUG cinder.api.openstack [None req-c66116c3-778e-4f30-8a80-5943996de75e None None] Extension AdminActions extending resource: snapshots {{(pid=114507) _setup_extensions /opt/stack/cinder/cinder/api/openstack/__init__.py:159}}
Jul 08 11:31:44 ubuntu devstack@c-api.service[114507]: DEBUG cinder.api.openstack [None req-c66116c3-778e-4f30-8a80-5943996de75e None None] Extension AdminActions extending resource: backups {{(pid=114507) _setup_extensions /opt/stack/cinder/cinder/api/openstack/__init__.py:159}}
Jul 08 11:31:44 ubuntu devstack@c-api.service[114507]: DEBUG cinder.api.openstack [None req-c66116c3-778e-4f30-8a80-5943996de75e None None] Extension SnapshotUnmanage extending resource: snapshots {{(pid=114507) _setup_extensions /opt/stack/cinder/cinder/api/openstack/__init__.py:159}}
Jul 08 11:31:44 ubuntu devstack@c-api.service[114507]: DEBUG cinder.api.openstack [None req-c66116c3-778e-4f30-8a80-5943996de75e None None] Extension VolumeActions extending resource: volumes {{(pid=114507) _setup_extensions /opt/stack/cinder/cinder/api/openstack/__init__.py:159}}
Jul 08 11:31:44 ubuntu devstack@c-api.service[114507]: DEBUG cinder.api.openstack [None req-c66116c3-778e-4f30-8a80-5943996de75e None None] Extension VolumeTypeEncryption extending resource: types {{(pid=114507) _setup_extensions /opt/stack/cinder/cinder/api/openstack/__init__.py:159}}
Jul 08 11:31:44 ubuntu devstack@c-api.service[114507]: DEBUG cinder.api.openstack [None req-c66116c3-778e-4f30-8a80-5943996de75e None None] Extension VolumeMigStatusAttribute extending resource: volumes {{(pid=114507) _setup_extensions /opt/stack/cinder/cinder/api/openstack/__init__.py:159}}
Jul 08 11:31:44 ubuntu devstack@c-api.service[114507]: DEBUG cinder.api.openstack [None req-c66116c3-778e-4f30-8a80-5943996de75e None None] Extension VolumeUnmanage extending resource: volumes {{(pid=114507) _setup_extensions /opt/stack/cinder/cinder/api/openstack/__init__.py:159}}
Jul 08 11:31:44 ubuntu devstack@c-api.service[114507]: DEBUG cinder.api.openstack [None req-c66116c3-778e-4f30-8a80-5943996de75e None None] Extension TypesManage extending resource: types {{(pid=114507) _setup_extensions /opt/stack/cinder/cinder/api/openstack/__init__.py:159}}
Jul 08 11:31:44 ubuntu devstack@c-api.service[114507]: DEBUG cinder.api.openstack [None req-c66116c3-778e-4f30-8a80-5943996de75e None None] Extension VolumeImageMetadata extending resource: volumes {{(pid=114507) _setup_extensions /opt/stack/cinder/cinder/api/openstack/__init__.py:159}}
Jul 08 11:31:44 ubuntu devstack@c-api.service[114507]: DEBUG cinder.api.openstack [None req-c66116c3-778e-4f30-8a80-5943996de75e None None] Extension UsedLimits extending resource: limits {{(pid=114507) _setup_extensions /opt/stack/cinder/cinder/api/openstack/__init__.py:159}}
Jul 08 11:31:44 ubuntu devstack@c-api.service[114507]: DEBUG cinder.api.openstack [None req-c66116c3-778e-4f30-8a80-5943996de75e None None] Extension VolumeTypeAccess extending resource: types {{(pid=114507) _setup_extensions /opt/stack/cinder/cinder/api/openstack/__init__.py:159}}
Jul 08 11:31:44 ubuntu devstack@c-api.service[114507]: DEBUG cinder.api.openstack [None req-c66116c3-778e-4f30-8a80-5943996de75e None None] Extension VolumeTenantAttribute extending resource: volumes {{(pid=114507) _setup_extensions /opt/stack/cinder/cinder/api/openstack/__init__.py:159}}
Jul 08 11:31:44 ubuntu devstack@c-api.service[114507]: DEBUG cinder.api.openstack [None req-c66116c3-778e-4f30-8a80-5943996de75e None None] Extension SnapshotActions extending resource: snapshots {{(pid=114507) _setup_extensions /opt/stack/cinder/cinder/api/openstack/__init__.py:159}}
Jul 08 11:31:44 ubuntu devstack@c-api.service[114507]: DEBUG cinder.api.openstack [None req-c66116c3-778e-4f30-8a80-5943996de75e None None] Extension ExtendedSnapshotAttributes extending resource: snapshots {{(pid=114507) _setup_extensions /opt/stack/cinder/cinder/api/openstack/__init__.py:159}}
Jul 08 11:31:44 ubuntu devstack@c-api.service[114507]: DEBUG cinder.api.openstack [None req-c66116c3-778e-4f30-8a80-5943996de75e None None] Extension VolumeHostAttribute extending resource: volumes {{(pid=114507) _setup_extensions /opt/stack/cinder/cinder/api/openstack/__init__.py:159}}
Jul 08 11:31:44 ubuntu devstack@c-api.service[114508]: WARNING stevedore.named [None req-7e59d5d2-248a-4504-ac2e-1aa6d3487bcb None None] Could not load cinder.keymgr.conf_key_mgr.ConfKeyManager
Jul 08 11:31:44 ubuntu devstack@c-api.service[114508]: WARNING castellan.key_manager [None req-7e59d5d2-248a-4504-ac2e-1aa6d3487bcb None None] Deprecation Warning : cinder.keymgr.conf_key_mgr.ConfKeyManager is not a stevedore based driver, trying to load it as a class: stevedore.exception.NoMatches: No 'castellan.drivers' driver found, looking for 'cinder.keymgr.conf_key_mgr.ConfKeyManager'
Jul 08 11:31:44 ubuntu devstack@c-api.service[114507]: WARNING keystonemiddleware.auth_token [None req-c66116c3-778e-4f30-8a80-5943996de75e None None] AuthToken middleware is set with keystone_authtoken.service_token_roles_required set to False. This is backwards compatible but deprecated behaviour. Please set this to True.
Jul 08 11:31:44 ubuntu devstack@c-api.service[114508]: WARNING stevedore.named [None req-7e59d5d2-248a-4504-ac2e-1aa6d3487bcb None None] Could not load cinder.keymgr.conf_key_mgr.ConfKeyManager
Jul 08 11:31:44 ubuntu devstack@c-api.service[114508]: WARNING castellan.key_manager [None req-7e59d5d2-248a-4504-ac2e-1aa6d3487bcb None None] Deprecation Warning : cinder.keymgr.conf_key_mgr.ConfKeyManager is not a stevedore based driver, trying to load it as a class: stevedore.exception.NoMatches: No 'castellan.drivers' driver found, looking for 'cinder.keymgr.conf_key_mgr.ConfKeyManager'
Jul 08 11:31:44 ubuntu devstack@c-api.service[114507]: WARNING keystonemiddleware.auth_token [None req-c66116c3-778e-4f30-8a80-5943996de75e None None] Configuring www_authenticate_uri to point to the public identity endpoint is required; clients may not be able to authenticate against an admin endpoint
Jul 08 11:31:44 ubuntu devstack@c-api.service[114507]: WSGI app 0 (mountpoint='') ready in 3 seconds on interpreter 0x55b6fb4cdd40 pid: 114507 (default app)
Jul 08 11:31:44 ubuntu devstack@c-api.service[114508]: WARNING stevedore.named [None req-7e59d5d2-248a-4504-ac2e-1aa6d3487bcb None None] Could not load cinder.keymgr.conf_key_mgr.ConfKeyManager
Jul 08 11:31:44 ubuntu devstack@c-api.service[114508]: WARNING castellan.key_manager [None req-7e59d5d2-248a-4504-ac2e-1aa6d3487bcb None None] Deprecation Warning : cinder.keymgr.conf_key_mgr.ConfKeyManager is not a stevedore based driver, trying to load it as a class: stevedore.exception.NoMatches: No 'castellan.drivers' driver found, looking for 'cinder.keymgr.conf_key_mgr.ConfKeyManager'
