Feb 17 15:23:16 ubuntu devstack@keystone.service[82105]: ERROR keystone.server.flask.application   File "/opt/stack/data/venv/lib/python3.10/site-packages/sqlalchemy/orm/persistence.py", line 1048, in _emit_insert_statements
Feb 17 15:23:16 ubuntu devstack@keystone.service[82105]: ERROR keystone.server.flask.application     result = connection.execute(
Feb 17 15:23:16 ubuntu devstack@keystone.service[82105]: ERROR keystone.server.flask.application   File "/opt/stack/data/venv/lib/python3.10/site-packages/sqlalchemy/engine/base.py", line 1419, in execute
Feb 17 15:23:16 ubuntu devstack@keystone.service[82105]: ERROR keystone.server.flask.application     return meth(
Feb 17 15:23:16 ubuntu devstack@keystone.service[82105]: ERROR keystone.server.flask.application   File "/opt/stack/data/venv/lib/python3.10/site-packages/sqlalchemy/sql/elements.py", line 526, in _execute_on_connection
Feb 17 15:23:16 ubuntu devstack@keystone.service[82105]: ERROR keystone.server.flask.application     return connection._execute_clauseelement(
Feb 17 15:23:16 ubuntu devstack@keystone.service[82105]: ERROR keystone.server.flask.application   File "/opt/stack/data/venv/lib/python3.10/site-packages/sqlalchemy/engine/base.py", line 1641, in _execute_clauseelement
Feb 17 15:23:16 ubuntu devstack@keystone.service[82105]: ERROR keystone.server.flask.application     ret = self._execute_context(
Feb 17 15:23:16 ubuntu devstack@keystone.service[82105]: ERROR keystone.server.flask.application   File "/opt/stack/data/venv/lib/python3.10/site-packages/sqlalchemy/engine/base.py", line 1846, in _execute_context
Feb 17 15:23:16 ubuntu devstack@keystone.service[82105]: ERROR keystone.server.flask.application     return self._exec_single_context(
Feb 17 15:23:16 ubuntu devstack@keystone.service[82105]: ERROR keystone.server.flask.application   File "/opt/stack/data/venv/lib/python3.10/site-packages/sqlalchemy/engine/base.py", line 1986, in _exec_single_context
Feb 17 15:23:16 ubuntu devstack@keystone.service[82105]: ERROR keystone.server.flask.application     self._handle_dbapi_exception(
Feb 17 15:23:16 ubuntu devstack@keystone.service[82105]: ERROR keystone.server.flask.application   File "/opt/stack/data/venv/lib/python3.10/site-packages/sqlalchemy/engine/base.py", line 2352, in _handle_dbapi_exception
Feb 17 15:23:16 ubuntu devstack@keystone.service[82105]: ERROR keystone.server.flask.application     raise newraise.with_traceback(exc_info[2]) from e
Feb 17 15:23:16 ubuntu devstack@keystone.service[82105]: ERROR keystone.server.flask.application   File "/opt/stack/data/venv/lib/python3.10/site-packages/sqlalchemy/engine/base.py", line 1967, in _exec_single_context
Feb 17 15:23:16 ubuntu devstack@keystone.service[82105]: ERROR keystone.server.flask.application     self.dialect.do_execute(
Feb 17 15:23:16 ubuntu devstack@keystone.service[82105]: ERROR keystone.server.flask.application   File "/opt/stack/data/venv/lib/python3.10/site-packages/sqlalchemy/engine/default.py", line 951, in do_execute
Feb 17 15:23:16 ubuntu devstack@keystone.service[82105]: ERROR keystone.server.flask.application     cursor.execute(statement, parameters)
Feb 17 15:23:16 ubuntu devstack@keystone.service[82105]: ERROR keystone.server.flask.application   File "/opt/stack/data/venv/lib/python3.10/site-packages/pymysql/cursors.py", line 153, in execute
Feb 17 15:23:16 ubuntu devstack@keystone.service[82105]: ERROR keystone.server.flask.application     result = self._query(query)
Feb 17 15:23:16 ubuntu devstack@keystone.service[82105]: ERROR keystone.server.flask.application   File "/opt/stack/data/venv/lib/python3.10/site-packages/pymysql/cursors.py", line 322, in _query
Feb 17 15:23:16 ubuntu devstack@keystone.service[82105]: ERROR keystone.server.flask.application     conn.query(q)
Feb 17 15:23:16 ubuntu devstack@keystone.service[82105]: ERROR keystone.server.flask.application   File "/opt/stack/data/venv/lib/python3.10/site-packages/pymysql/connections.py", line 575, in query
Feb 17 15:23:16 ubuntu devstack@keystone.service[82105]: ERROR keystone.server.flask.application     self._affected_rows = self._read_query_result(unbuffered=unbuffered)
Feb 17 15:23:16 ubuntu devstack@keystone.service[82105]: ERROR keystone.server.flask.application   File "/opt/stack/data/venv/lib/python3.10/site-packages/pymysql/connections.py", line 826, in _read_query_result
Feb 17 15:23:16 ubuntu devstack@keystone.service[82105]: ERROR keystone.server.flask.application     result.read()
Feb 17 15:23:16 ubuntu devstack@keystone.service[82105]: ERROR keystone.server.flask.application   File "/opt/stack/data/venv/lib/python3.10/site-packages/pymysql/connections.py", line 1203, in read
Feb 17 15:23:16 ubuntu devstack@keystone.service[82105]: ERROR keystone.server.flask.application     first_packet = self.connection._read_packet()
Feb 17 15:23:16 ubuntu devstack@keystone.service[82105]: ERROR keystone.server.flask.application   File "/opt/stack/data/venv/lib/python3.10/site-packages/pymysql/connections.py", line 782, in _read_packet
Feb 17 15:23:16 ubuntu devstack@keystone.service[82105]: ERROR keystone.server.flask.application     packet.raise_for_error()
Feb 17 15:23:16 ubuntu devstack@keystone.service[82105]: ERROR keystone.server.flask.application   File "/opt/stack/data/venv/lib/python3.10/site-packages/pymysql/protocol.py", line 219, in raise_for_error
Feb 17 15:23:16 ubuntu devstack@keystone.service[82105]: ERROR keystone.server.flask.application     err.raise_mysql_exception(self._data)
Feb 17 15:23:16 ubuntu devstack@keystone.service[82105]: ERROR keystone.server.flask.application   File "/opt/stack/data/venv/lib/python3.10/site-packages/pymysql/err.py", line 150, in raise_mysql_exception
Feb 17 15:23:16 ubuntu devstack@keystone.service[82105]: ERROR keystone.server.flask.application     raise errorclass(errno, errval)
Feb 17 15:23:16 ubuntu devstack@keystone.service[82105]: ERROR keystone.server.flask.application oslo_db.exception.DBDuplicateEntry: (pymysql.err.IntegrityError) (1062, "Duplicate entry 'service-<<null>>' for key 'role.ixu_role_name_domain_id'")
Feb 17 15:23:16 ubuntu devstack@keystone.service[82105]: ERROR keystone.server.flask.application [SQL: INSERT INTO `role` (id, name, description, extra) VALUES (%(id)s, %(name)s, %(description)s, %(extra)s)]
Feb 17 15:23:16 ubuntu devstack@keystone.service[82105]: ERROR keystone.server.flask.application [parameters: {'id': '36ec45a56e044102ba586d4b7a51dd1a', 'name': 'service', 'description': None, 'extra': '{}'}]
Feb 17 15:23:16 ubuntu devstack@keystone.service[82105]: ERROR keystone.server.flask.application (Background on this error at: https://sqlalche.me/e/20/gkpj)
Feb 17 15:23:16 ubuntu devstack@keystone.service[82105]: ERROR keystone.server.flask.application 
Feb 17 15:23:16 ubuntu devstack@keystone.service[82105]: ERROR keystone.server.flask.application During handling of the above exception, another exception occurred:
Feb 17 15:23:16 ubuntu devstack@keystone.service[82105]: ERROR keystone.server.flask.application 
Feb 17 15:23:16 ubuntu devstack@keystone.service[82105]: ERROR keystone.server.flask.application Traceback (most recent call last):
Feb 17 15:23:16 ubuntu devstack@keystone.service[82105]: ERROR keystone.server.flask.application   File "/opt/stack/data/venv/lib/python3.10/site-packages/flask/app.py", line 917, in full_dispatch_request
Feb 17 15:23:16 ubuntu devstack@keystone.service[82105]: ERROR keystone.server.flask.application     rv = self.dispatch_request()
Feb 17 15:23:16 ubuntu devstack@keystone.service[82105]: ERROR keystone.server.flask.application   File "/opt/stack/data/venv/lib/python3.10/site-packages/flask/app.py", line 902, in dispatch_request
Feb 17 15:23:16 ubuntu devstack@keystone.service[82105]: ERROR keystone.server.flask.application     return self.ensure_sync(self.view_functions[rule.endpoint])(**view_args)  # type: ignore[no-any-return]
Feb 17 15:23:16 ubuntu devstack@keystone.service[82105]: ERROR keystone.server.flask.application   File "/opt/stack/data/venv/lib/python3.10/site-packages/flask_restful/__init__.py", line 489, in wrapper
Feb 17 15:23:16 ubuntu devstack@keystone.service[82105]: ERROR keystone.server.flask.application     resp = resource(*args, **kwargs)
Feb 17 15:23:16 ubuntu devstack@keystone.service[82105]: ERROR keystone.server.flask.application   File "/opt/stack/data/venv/lib/python3.10/site-packages/flask/views.py", line 110, in view
Feb 17 15:23:16 ubuntu devstack@keystone.service[82105]: ERROR keystone.server.flask.application     return current_app.ensure_sync(self.dispatch_request)(**kwargs)  # type: ignore[no-any-return]
Feb 17 15:23:16 ubuntu devstack@keystone.service[82105]: ERROR keystone.server.flask.application   File "/opt/stack/data/venv/lib/python3.10/site-packages/flask_restful/__init__.py", line 604, in dispatch_request
Feb 17 15:23:16 ubuntu devstack@keystone.service[82105]: ERROR keystone.server.flask.application     resp = meth(*args, **kwargs)
Feb 17 15:23:16 ubuntu devstack@keystone.service[82105]: ERROR keystone.server.flask.application   File "/opt/stack/keystone/keystone/api/validation/__init__.py", line 86, in wrapper
Feb 17 15:23:16 ubuntu devstack@keystone.service[82105]: ERROR keystone.server.flask.application     return func(*args, **kwargs)
Feb 17 15:23:16 ubuntu devstack@keystone.service[82105]: ERROR keystone.server.flask.application   File "/opt/stack/keystone/keystone/api/validation/__init__.py", line 145, in wrapper
Feb 17 15:23:16 ubuntu devstack@keystone.service[82105]: ERROR keystone.server.flask.application     response = func(*args, **kwargs)
Feb 17 15:23:16 ubuntu devstack@keystone.service[82105]: ERROR keystone.server.flask.application   File "/opt/stack/keystone/keystone/api/roles.py", line 91, in post
Feb 17 15:23:16 ubuntu devstack@keystone.service[82105]: ERROR keystone.server.flask.application     ref = PROVIDERS.role_api.create_role(
Feb 17 15:23:16 ubuntu devstack@keystone.service[82105]: ERROR keystone.server.flask.application   File "/opt/stack/keystone/keystone/common/manager.py", line 114, in wrapped
Feb 17 15:23:16 ubuntu devstack@keystone.service[82105]: ERROR keystone.server.flask.application     __ret_val = __f(*args, **kwargs)
Feb 17 15:23:16 ubuntu devstack@keystone.service[82105]: ERROR keystone.server.flask.application   File "/opt/stack/keystone/keystone/assignment/core.py", line 1526, in create_role
Feb 17 15:23:16 ubuntu devstack@keystone.service[82105]: ERROR keystone.server.flask.application     ret = self.driver.create_role(role_id, role)
Feb 17 15:23:16 ubuntu devstack@keystone.service[82105]: ERROR keystone.server.flask.application   File "/opt/stack/keystone/keystone/common/sql/core.py", line 614, in wrapper
Feb 17 15:23:16 ubuntu devstack@keystone.service[82105]: ERROR keystone.server.flask.application     raise exception.Conflict(type=conflict_type, details=msg)
Feb 17 15:23:16 ubuntu devstack@keystone.service[82105]: ERROR keystone.server.flask.application keystone.exception.Conflict: Conflict occurred attempting to store role - Duplicate entry found with name service.
Feb 17 15:23:16 ubuntu devstack@keystone.service[82105]: ERROR keystone.server.flask.application 
Feb 17 15:23:16 ubuntu devstack@keystone.service[82105]: [pid: 82105|app: 0|req: 17/36] 10.201.5.82 () {60 vars in 1167 bytes} [Tue Feb 17 15:23:16 2026] POST /identity/v3/roles => generated 140 bytes in 231 msecs (HTTP/1.1 409) 5 headers in 183 bytes (1 switches on core 0)
Feb 17 15:23:16 ubuntu devstack@keystone.service[82105]: DEBUG keystone.server.flask.request_processing.req_logging [None req-e0287a1c-7d55-4ab5-b9f0-1e361163c0d5 None None] REQUEST_METHOD: `POST` {{(pid=82105) log_request_info /opt/stack/keystone/keystone/server/flask/request_processing/req_logging.py:26}}
Feb 17 15:23:16 ubuntu devstack@keystone.service[82105]: DEBUG keystone.server.flask.request_processing.req_logging [None req-e0287a1c-7d55-4ab5-b9f0-1e361163c0d5 None None] SCRIPT_NAME: `/identity` {{(pid=82105) log_request_info /opt/stack/keystone/keystone/server/flask/request_processing/req_logging.py:27}}
Feb 17 15:23:16 ubuntu devstack@keystone.service[82105]: DEBUG keystone.server.flask.request_processing.req_logging [None req-e0287a1c-7d55-4ab5-b9f0-1e361163c0d5 None None] PATH_INFO: `/v3/auth/tokens` {{(pid=82105) log_request_info /opt/stack/keystone/keystone/server/flask/request_processing/req_logging.py:28}}
Feb 17 15:23:16 ubuntu devstack@keystone.service[82106]: DEBUG keystone.server.flask.request_processing.middleware.auth_context [None req-677728e3-642a-4ae9-a8c5-a72b0bb517df None admin] RBAC: auth_context: {'token': <TokenModel (audit_id=eXxDViVSRxab7QoOAtlgwg, audit_chain_id=['eXxDViVSRxab7QoOAtlgwg']) at 0x7fcfbab83a60>, 'domain_id': None, 'trust_id': None, 'trustor_id': None, 'trustee_id': None, 'domain_name': None, 'group_ids': [], 'user_id': '724736cfa5a343318324af54af76f51a', 'user_domain_id': 'default', 'system_scope': 'all', 'project_id': None, 'project_domain_id': None, 'roles': ['admin', 'manager', 'member', 'reader'], 'is_admin_project': True, 'service_user_id': None, 'service_user_domain_id': None, 'service_project_id': None, 'service_project_domain_id': None, 'service_roles': []} {{(pid=82106) fill_context /opt/stack/keystone/keystone/server/flask/request_processing/middleware/auth_context.py:509}}
Feb 17 15:23:16 ubuntu devstack@keystone.service[82106]: DEBUG keystone.server.flask.request_processing.req_logging [None req-677728e3-642a-4ae9-a8c5-a72b0bb517df None admin] REQUEST_METHOD: `POST` {{(pid=82106) log_request_info /opt/stack/keystone/keystone/server/flask/request_processing/req_logging.py:26}}
Feb 17 15:23:16 ubuntu devstack@keystone.service[82106]: DEBUG keystone.server.flask.request_processing.req_logging [None req-677728e3-642a-4ae9-a8c5-a72b0bb517df None admin] SCRIPT_NAME: `/identity` {{(pid=82106) log_request_info /opt/stack/keystone/keystone/server/flask/request_processing/req_logging.py:27}}
Feb 17 15:23:16 ubuntu devstack@keystone.service[82106]: DEBUG keystone.server.flask.request_processing.req_logging [None req-677728e3-642a-4ae9-a8c5-a72b0bb517df None admin] PATH_INFO: `/v3/projects` {{(pid=82106) log_request_info /opt/stack/keystone/keystone/server/flask/request_processing/req_logging.py:28}}
Feb 17 15:23:16 ubuntu devstack@keystone.service[82105]: WARNING keystone.common.password_hashing [None req-e0287a1c-7d55-4ab5-b9f0-1e361163c0d5 None None] Truncating password to algorithm specific maximum length 72 characters.
Feb 17 15:23:16 ubuntu devstack@keystone.service[82106]: DEBUG keystone.common.rbac_enforcer.enforcer [None req-677728e3-642a-4ae9-a8c5-a72b0bb517df None admin] RBAC: Authorizing `identity:create_project()` {{(pid=82106) enforce_call /opt/stack/keystone/keystone/common/rbac_enforcer/enforcer.py:494}}
Feb 17 15:23:16 ubuntu devstack@keystone.service[82106]: DEBUG keystone.common.rbac_enforcer.enforcer [None req-677728e3-642a-4ae9-a8c5-a72b0bb517df None admin] RBAC: Authorization granted {{(pid=82106) enforce_call /opt/stack/keystone/keystone/common/rbac_enforcer/enforcer.py:505}}
Feb 17 15:23:16 ubuntu devstack@keystone.service[82105]: DEBUG keystone.auth.core [None req-e0287a1c-7d55-4ab5-b9f0-1e361163c0d5 None None] MFA Rules not processed for user `724736cfa5a343318324af54af76f51a`. Rule list: `[]` (Enabled: `True`). {{(pid=82105) check_auth_methods_against_rules /opt/stack/keystone/keystone/auth/core.py:476}}
Feb 17 15:23:16 ubuntu devstack@keystone.service[82105]: DEBUG keystone.common.fernet_utils [None req-e0287a1c-7d55-4ab5-b9f0-1e361163c0d5 None None] Loaded 2 Fernet keys from /etc/keystone/fernet-keys/, but `[fernet_tokens] max_active_keys = 3`; perhaps there have not been enough key rotations to reach `max_active_keys` yet? {{(pid=82105) load_keys /opt/stack/keystone/keystone/common/fernet_utils.py:297}}
Feb 17 15:23:16 ubuntu devstack@keystone.service[82105]: [pid: 82105|app: 0|req: 18/37] 10.201.5.82 () {58 vars in 1016 bytes} [Tue Feb 17 15:23:16 2026] POST /identity/v3/auth/tokens => generated 862 bytes in 73 msecs (HTTP/1.1 201) 6 headers in 363 bytes (1 switches on core 0)
Feb 17 15:23:16 ubuntu devstack@keystone.service[82105]: DEBUG keystone.server.flask.request_processing.middleware.auth_context [None req-e0287a1c-7d55-4ab5-b9f0-1e361163c0d5 None None] Authenticating user token {{(pid=82105) process_request /opt/stack/data/venv/lib/python3.10/site-packages/keystonemiddleware/auth_token/__init__.py:407}}
Feb 17 15:23:16 ubuntu devstack@keystone.service[82106]: [pid: 82106|app: 0|req: 20/38] 10.201.5.82 () {60 vars in 1133 bytes} [Tue Feb 17 15:23:16 2026] POST /identity/v3/projects => generated 301 bytes in 315 msecs (HTTP/1.1 201) 5 headers in 182 bytes (1 switches on core 0)
Feb 17 15:23:16 ubuntu devstack@keystone.service[82105]: DEBUG keystone.server.flask.request_processing.middleware.auth_context [None req-e0287a1c-7d55-4ab5-b9f0-1e361163c0d5 None None] Validating token access rules against request {{(pid=82105) validate_allowed_request /opt/stack/data/venv/lib/python3.10/site-packages/keystonemiddleware/auth_token/__init__.py:545}}
Feb 17 15:23:16 ubuntu devstack@keystone.service[82105]: DEBUG keystone.server.flask.request_processing.middleware.auth_context [None req-9b42cdbc-f908-484a-abf6-fe02a421ffb2 None admin] RBAC: auth_context: {'token': <TokenModel (audit_id=zUR1TLqvScSYF_S4r-7pTQ, audit_chain_id=['zUR1TLqvScSYF_S4r-7pTQ']) at 0x7fcfbb875570>, 'domain_id': None, 'trust_id': None, 'trustor_id': None, 'trustee_id': None, 'domain_name': None, 'group_ids': [], 'user_id': '724736cfa5a343318324af54af76f51a', 'user_domain_id': 'default', 'system_scope': 'all', 'project_id': None, 'project_domain_id': None, 'roles': ['admin', 'manager', 'member', 'reader'], 'is_admin_project': True, 'service_user_id': None, 'service_user_domain_id': None, 'service_project_id': None, 'service_project_domain_id': None, 'service_roles': []} {{(pid=82105) fill_context /opt/stack/keystone/keystone/server/flask/request_processing/middleware/auth_context.py:509}}
Feb 17 15:23:16 ubuntu devstack@keystone.service[82105]: DEBUG keystone.server.flask.request_processing.req_logging [None req-9b42cdbc-f908-484a-abf6-fe02a421ffb2 None admin] REQUEST_METHOD: `GET` {{(pid=82105) log_request_info /opt/stack/keystone/keystone/server/flask/request_processing/req_logging.py:26}}
Feb 17 15:23:16 ubuntu devstack@keystone.service[82105]: DEBUG keystone.server.flask.request_processing.req_logging [None req-9b42cdbc-f908-484a-abf6-fe02a421ffb2 None admin] SCRIPT_NAME: `/identity` {{(pid=82105) log_request_info /opt/stack/keystone/keystone/server/flask/request_processing/req_logging.py:27}}
Feb 17 15:23:16 ubuntu devstack@keystone.service[82105]: DEBUG keystone.server.flask.request_processing.req_logging [None req-9b42cdbc-f908-484a-abf6-fe02a421ffb2 None admin] PATH_INFO: `/v3/roles/service` {{(pid=82105) log_request_info /opt/stack/keystone/keystone/server/flask/request_processing/req_logging.py:28}}
Feb 17 15:23:16 ubuntu devstack@keystone.service[82105]: DEBUG keystone.common.rbac_enforcer.enforcer [None req-9b42cdbc-f908-484a-abf6-fe02a421ffb2 None admin] Extracting inferred target data resulted in "NOT FOUND (404)". {{(pid=82105) enforce_call /opt/stack/keystone/keystone/common/rbac_enforcer/enforcer.py:445}}
Feb 17 15:23:16 ubuntu devstack@keystone.service[82105]: DEBUG keystone.server.flask.application [None req-9b42cdbc-f908-484a-abf6-fe02a421ffb2 None admin] Could not find role: service. {{(pid=82105) _handle_keystone_exception /opt/stack/keystone/keystone/server/flask/application.py:146}}
Feb 17 15:23:16 ubuntu devstack@keystone.service[82105]: [pid: 82105|app: 0|req: 19/39] 10.201.5.82 () {56 vars in 1138 bytes} [Tue Feb 17 15:23:16 2026] GET /identity/v3/roles/service => generated 85 bytes in 95 msecs (HTTP/1.1 404) 5 headers in 183 bytes (1 switches on core 0)
Feb 17 15:23:16 ubuntu devstack@keystone.service[82106]: DEBUG keystone.server.flask.request_processing.middleware.auth_context [None req-677728e3-642a-4ae9-a8c5-a72b0bb517df None admin] Authenticating user token {{(pid=82106) process_request /opt/stack/data/venv/lib/python3.10/site-packages/keystonemiddleware/auth_token/__init__.py:407}}
Feb 17 15:23:16 ubuntu devstack@keystone.service[82105]: DEBUG keystone.server.flask.request_processing.middleware.auth_context [None req-9b42cdbc-f908-484a-abf6-fe02a421ffb2 None admin] Authenticating user token {{(pid=82105) process_request /opt/stack/data/venv/lib/python3.10/site-packages/keystonemiddleware/auth_token/__init__.py:407}}
Feb 17 15:23:16 ubuntu devstack@keystone.service[82106]: DEBUG keystone.server.flask.request_processing.middleware.auth_context [None req-677728e3-642a-4ae9-a8c5-a72b0bb517df None admin] Validating token access rules against request {{(pid=82106) validate_allowed_request /opt/stack/data/venv/lib/python3.10/site-packages/keystonemiddleware/auth_token/__init__.py:545}}
Feb 17 15:23:16 ubuntu devstack@keystone.service[82106]: DEBUG keystone.server.flask.request_processing.middleware.auth_context [None req-8f9f0180-5735-4db4-81ab-613fed3bf05b None admin] RBAC: auth_context: {'token': <TokenModel (audit_id=zUR1TLqvScSYF_S4r-7pTQ, audit_chain_id=['zUR1TLqvScSYF_S4r-7pTQ']) at 0x7fcfba6f5b40>, 'domain_id': None, 'trust_id': None, 'trustor_id': None, 'trustee_id': None, 'domain_name': None, 'group_ids': [], 'user_id': '724736cfa5a343318324af54af76f51a', 'user_domain_id': 'default', 'system_scope': 'all', 'project_id': None, 'project_domain_id': None, 'roles': ['admin', 'manager', 'member', 'reader'], 'is_admin_project': True, 'service_user_id': None, 'service_user_domain_id': None, 'service_project_id': None, 'service_project_domain_id': None, 'service_roles': []} {{(pid=82106) fill_context /opt/stack/keystone/keystone/server/flask/request_processing/middleware/auth_context.py:509}}
Feb 17 15:23:16 ubuntu devstack@keystone.service[82106]: DEBUG keystone.server.flask.request_processing.req_logging [None req-8f9f0180-5735-4db4-81ab-613fed3bf05b None admin] REQUEST_METHOD: `GET` {{(pid=82106) log_request_info /opt/stack/keystone/keystone/server/flask/request_processing/req_logging.py:26}}
Feb 17 15:23:16 ubuntu devstack@keystone.service[82106]: DEBUG keystone.server.flask.request_processing.req_logging [None req-8f9f0180-5735-4db4-81ab-613fed3bf05b None admin] SCRIPT_NAME: `/identity` {{(pid=82106) log_request_info /opt/stack/keystone/keystone/server/flask/request_processing/req_logging.py:27}}
Feb 17 15:23:16 ubuntu devstack@keystone.service[82106]: DEBUG keystone.server.flask.request_processing.req_logging [None req-8f9f0180-5735-4db4-81ab-613fed3bf05b None admin] PATH_INFO: `/v3/roles` {{(pid=82106) log_request_info /opt/stack/keystone/keystone/server/flask/request_processing/req_logging.py:28}}
Feb 17 15:23:16 ubuntu devstack@keystone.service[82106]: DEBUG keystone.common.rbac_enforcer.enforcer [None req-8f9f0180-5735-4db4-81ab-613fed3bf05b None admin] RBAC: Adding query filter params (name=service) {{(pid=82106) _extract_filter_values /opt/stack/keystone/keystone/common/rbac_enforcer/enforcer.py:176}}
Feb 17 15:23:16 ubuntu devstack@keystone.service[82106]: DEBUG keystone.common.rbac_enforcer.enforcer [None req-8f9f0180-5735-4db4-81ab-613fed3bf05b None admin] RBAC: Authorizing `identity:list_roles()` {{(pid=82106) enforce_call /opt/stack/keystone/keystone/common/rbac_enforcer/enforcer.py:494}}
Feb 17 15:23:16 ubuntu devstack@keystone.service[82106]: DEBUG keystone.common.rbac_enforcer.enforcer [None req-8f9f0180-5735-4db4-81ab-613fed3bf05b None admin] RBAC: Authorization granted {{(pid=82106) enforce_call /opt/stack/keystone/keystone/common/rbac_enforcer/enforcer.py:505}}
Feb 17 15:23:16 ubuntu devstack@keystone.service[82106]: [pid: 82106|app: 0|req: 21/40] 10.201.5.82 () {56 vars in 1152 bytes} [Tue Feb 17 15:23:16 2026] GET /identity/v3/roles?name=service => generated 343 bytes in 87 msecs (HTTP/1.1 200) 5 headers in 177 bytes (1 switches on core 0)
Feb 17 15:23:16 ubuntu devstack@keystone.service[82105]: DEBUG keystone.server.flask.request_processing.middleware.auth_context [None req-9b42cdbc-f908-484a-abf6-fe02a421ffb2 None admin] Validating token access rules against request {{(pid=82105) validate_allowed_request /opt/stack/data/venv/lib/python3.10/site-packages/keystonemiddleware/auth_token/__init__.py:545}}
Feb 17 15:23:16 ubuntu devstack@keystone.service[82105]: DEBUG keystone.server.flask.request_processing.middleware.auth_context [None req-2de2c1d3-e394-4dca-8868-13c01ea3d581 None admin] RBAC: auth_context: {'token': <TokenModel (audit_id=FX79SzVJTvqXo92NFPDbiA, audit_chain_id=['FX79SzVJTvqXo92NFPDbiA']) at 0x7fcfbad2f970>, 'domain_id': None, 'trust_id': None, 'trustor_id': None, 'trustee_id': None, 'domain_name': None, 'group_ids': [], 'user_id': '724736cfa5a343318324af54af76f51a', 'user_domain_id': 'default', 'system_scope': 'all', 'project_id': None, 'project_domain_id': None, 'roles': ['admin', 'manager', 'member', 'reader'], 'is_admin_project': True, 'service_user_id': None, 'service_user_domain_id': None, 'service_project_id': None, 'service_project_domain_id': None, 'service_roles': []} {{(pid=82105) fill_context /opt/stack/keystone/keystone/server/flask/request_processing/middleware/auth_context.py:509}}
Feb 17 15:23:16 ubuntu devstack@keystone.service[82105]: DEBUG keystone.server.flask.request_processing.req_logging [None req-2de2c1d3-e394-4dca-8868-13c01ea3d581 None admin] REQUEST_METHOD: `POST` {{(pid=82105) log_request_info /opt/stack/keystone/keystone/server/flask/request_processing/req_logging.py:26}}
Feb 17 15:23:16 ubuntu devstack@keystone.service[82105]: DEBUG keystone.server.flask.request_processing.req_logging [None req-2de2c1d3-e394-4dca-8868-13c01ea3d581 None admin] SCRIPT_NAME: `/identity` {{(pid=82105) log_request_info /opt/stack/keystone/keystone/server/flask/request_processing/req_logging.py:27}}
Feb 17 15:23:16 ubuntu devstack@keystone.service[82105]: DEBUG keystone.server.flask.request_processing.req_logging [None req-2de2c1d3-e394-4dca-8868-13c01ea3d581 None admin] PATH_INFO: `/v3/roles` {{(pid=82105) log_request_info /opt/stack/keystone/keystone/server/flask/request_processing/req_logging.py:28}}
Feb 17 15:23:16 ubuntu devstack@keystone.service[82105]: DEBUG keystone.common.rbac_enforcer.enforcer [None req-2de2c1d3-e394-4dca-8868-13c01ea3d581 None admin] RBAC: Authorizing `identity:create_role()` {{(pid=82105) enforce_call /opt/stack/keystone/keystone/common/rbac_enforcer/enforcer.py:494}}
Feb 17 15:23:16 ubuntu devstack@keystone.service[82105]: DEBUG keystone.common.rbac_enforcer.enforcer [None req-2de2c1d3-e394-4dca-8868-13c01ea3d581 None admin] RBAC: Authorization granted {{(pid=82105) enforce_call /opt/stack/keystone/keystone/common/rbac_enforcer/enforcer.py:505}}
Feb 17 15:23:16 ubuntu devstack@keystone.service[82105]: [pid: 82105|app: 0|req: 20/41] 10.201.5.82 () {60 vars in 1167 bytes} [Tue Feb 17 15:23:16 2026] POST /identity/v3/roles => generated 225 bytes in 102 msecs (HTTP/1.1 201) 5 headers in 182 bytes (1 switches on core 0)
Feb 17 15:23:16 ubuntu devstack@keystone.service[82106]: DEBUG keystone.server.flask.request_processing.req_logging [None req-075b0b1b-903d-4063-bbe2-d805014f9b45 None None] REQUEST_METHOD: `GET` {{(pid=82106) log_request_info /opt/stack/keystone/keystone/server/flask/request_processing/req_logging.py:26}}
Feb 17 15:23:16 ubuntu devstack@keystone.service[82106]: DEBUG keystone.server.flask.request_processing.req_logging [None req-075b0b1b-903d-4063-bbe2-d805014f9b45 None None] SCRIPT_NAME: `/identity` {{(pid=82106) log_request_info /opt/stack/keystone/keystone/server/flask/request_processing/req_logging.py:27}}
Feb 17 15:23:16 ubuntu devstack@keystone.service[82106]: DEBUG keystone.server.flask.request_processing.req_logging [None req-075b0b1b-903d-4063-bbe2-d805014f9b45 None None] PATH_INFO: `/` {{(pid=82106) log_request_info /opt/stack/keystone/keystone/server/flask/request_processing/req_logging.py:28}}
Feb 17 15:23:16 ubuntu devstack@keystone.service[82106]: [pid: 82106|app: 0|req: 22/42] 10.201.5.82 () {54 vars in 919 bytes} [Tue Feb 17 15:23:16 2026] GET /identity => generated 270 bytes in 2 msecs (HTTP/1.1 300) 6 headers in 234 bytes (1 switches on core 0)
Feb 17 15:23:16 ubuntu devstack@keystone.service[82105]: DEBUG keystone.server.flask.request_processing.req_logging [None req-d8036e27-ce00-43ed-954f-0cf514e65306 None None] REQUEST_METHOD: `POST` {{(pid=82105) log_request_info /opt/stack/keystone/keystone/server/flask/request_processing/req_logging.py:26}}
Feb 17 15:23:16 ubuntu devstack@keystone.service[82105]: DEBUG keystone.server.flask.request_processing.req_logging [None req-d8036e27-ce00-43ed-954f-0cf514e65306 None None] SCRIPT_NAME: `/identity` {{(pid=82105) log_request_info /opt/stack/keystone/keystone/server/flask/request_processing/req_logging.py:27}}
Feb 17 15:23:16 ubuntu devstack@keystone.service[82105]: DEBUG keystone.server.flask.request_processing.req_logging [None req-d8036e27-ce00-43ed-954f-0cf514e65306 None None] PATH_INFO: `/v3/auth/tokens` {{(pid=82105) log_request_info /opt/stack/keystone/keystone/server/flask/request_processing/req_logging.py:28}}
Feb 17 15:23:16 ubuntu devstack@keystone.service[82106]: DEBUG keystone.server.flask.request_processing.req_logging [None req-575365ae-23c5-437a-be0e-595a6fe8f635 None None] REQUEST_METHOD: `GET` {{(pid=82106) log_request_info /opt/stack/keystone/keystone/server/flask/request_processing/req_logging.py:26}}
Feb 17 15:23:16 ubuntu devstack@keystone.service[82106]: DEBUG keystone.server.flask.request_processing.req_logging [None req-575365ae-23c5-437a-be0e-595a6fe8f635 None None] SCRIPT_NAME: `/identity` {{(pid=82106) log_request_info /opt/stack/keystone/keystone/server/flask/request_processing/req_logging.py:27}}
Feb 17 15:23:16 ubuntu devstack@keystone.service[82106]: DEBUG keystone.server.flask.request_processing.req_logging [None req-575365ae-23c5-437a-be0e-595a6fe8f635 None None] PATH_INFO: `/` {{(pid=82106) log_request_info /opt/stack/keystone/keystone/server/flask/request_processing/req_logging.py:28}}
Feb 17 15:23:16 ubuntu devstack@keystone.service[82106]: [pid: 82106|app: 0|req: 23/43] 10.201.5.82 () {54 vars in 919 bytes} [Tue Feb 17 15:23:16 2026] GET /identity => generated 270 bytes in 2 msecs (HTTP/1.1 300) 6 headers in 234 bytes (1 switches on core 0)
Feb 17 15:23:16 ubuntu devstack@keystone.service[82106]: DEBUG keystone.server.flask.request_processing.req_logging [None req-bea389d6-efda-4d12-9f61-abae7821a85d None None] REQUEST_METHOD: `POST` {{(pid=82106) log_request_info /opt/stack/keystone/keystone/server/flask/request_processing/req_logging.py:26}}
Feb 17 15:23:16 ubuntu devstack@keystone.service[82106]: DEBUG keystone.server.flask.request_processing.req_logging [None req-bea389d6-efda-4d12-9f61-abae7821a85d None None] SCRIPT_NAME: `/identity` {{(pid=82106) log_request_info /opt/stack/keystone/keystone/server/flask/request_processing/req_logging.py:27}}
Feb 17 15:23:16 ubuntu devstack@keystone.service[82106]: DEBUG keystone.server.flask.request_processing.req_logging [None req-bea389d6-efda-4d12-9f61-abae7821a85d None None] PATH_INFO: `/v3/auth/tokens` {{(pid=82106) log_request_info /opt/stack/keystone/keystone/server/flask/request_processing/req_logging.py:28}}
Feb 17 15:23:16 ubuntu devstack@keystone.service[82105]: WARNING keystone.common.password_hashing [None req-d8036e27-ce00-43ed-954f-0cf514e65306 None None] Truncating password to algorithm specific maximum length 72 characters.
Feb 17 15:23:16 ubuntu devstack@keystone.service[82105]: DEBUG keystone.auth.core [None req-d8036e27-ce00-43ed-954f-0cf514e65306 None None] MFA Rules not processed for user `724736cfa5a343318324af54af76f51a`. Rule list: `[]` (Enabled: `True`). {{(pid=82105) check_auth_methods_against_rules /opt/stack/keystone/keystone/auth/core.py:476}}
Feb 17 15:23:16 ubuntu devstack@keystone.service[82106]: WARNING keystone.common.password_hashing [None req-bea389d6-efda-4d12-9f61-abae7821a85d None None] Truncating password to algorithm specific maximum length 72 characters.
Feb 17 15:23:16 ubuntu devstack@keystone.service[82105]: DEBUG keystone.common.fernet_utils [None req-d8036e27-ce00-43ed-954f-0cf514e65306 None None] Loaded 2 Fernet keys from /etc/keystone/fernet-keys/, but `[fernet_tokens] max_active_keys = 3`; perhaps there have not been enough key rotations to reach `max_active_keys` yet? {{(pid=82105) load_keys /opt/stack/keystone/keystone/common/fernet_utils.py:297}}
Feb 17 15:23:16 ubuntu devstack@keystone.service[82106]: DEBUG keystone.auth.core [None req-bea389d6-efda-4d12-9f61-abae7821a85d None None] MFA Rules not processed for user `724736cfa5a343318324af54af76f51a`. Rule list: `[]` (Enabled: `True`). {{(pid=82106) check_auth_methods_against_rules /opt/stack/keystone/keystone/auth/core.py:476}}
Feb 17 15:23:16 ubuntu devstack@keystone.service[82106]: DEBUG keystone.common.fernet_utils [None req-bea389d6-efda-4d12-9f61-abae7821a85d None None] Loaded 2 Fernet keys from /etc/keystone/fernet-keys/, but `[fernet_tokens] max_active_keys = 3`; perhaps there have not been enough key rotations to reach `max_active_keys` yet? {{(pid=82106) load_keys /opt/stack/keystone/keystone/common/fernet_utils.py:297}}
Feb 17 15:23:16 ubuntu devstack@keystone.service[82105]: [pid: 82105|app: 0|req: 21/44] 10.201.5.82 () {58 vars in 1016 bytes} [Tue Feb 17 15:23:16 2026] POST /identity/v3/auth/tokens => generated 862 bytes in 60 msecs (HTTP/1.1 201) 6 headers in 363 bytes (1 switches on core 0)
Feb 17 15:23:16 ubuntu devstack@keystone.service[82106]: [pid: 82106|app: 0|req: 24/45] 10.201.5.82 () {58 vars in 1016 bytes} [Tue Feb 17 15:23:16 2026] POST /identity/v3/auth/tokens => generated 862 bytes in 53 msecs (HTTP/1.1 201) 6 headers in 363 bytes (1 switches on core 0)
Feb 17 15:23:16 ubuntu devstack@keystone.service[82105]: DEBUG keystone.server.flask.request_processing.middleware.auth_context [None req-d8036e27-ce00-43ed-954f-0cf514e65306 None None] Authenticating user token {{(pid=82105) process_request /opt/stack/data/venv/lib/python3.10/site-packages/keystonemiddleware/auth_token/__init__.py:407}}
Feb 17 15:23:16 ubuntu devstack@keystone.service[82106]: DEBUG keystone.server.flask.request_processing.middleware.auth_context [None req-bea389d6-efda-4d12-9f61-abae7821a85d None None] Authenticating user token {{(pid=82106) process_request /opt/stack/data/venv/lib/python3.10/site-packages/keystonemiddleware/auth_token/__init__.py:407}}
Feb 17 15:23:16 ubuntu devstack@keystone.service[82105]: DEBUG keystone.server.flask.request_processing.middleware.auth_context [None req-d8036e27-ce00-43ed-954f-0cf514e65306 None None] Validating token access rules against request {{(pid=82105) validate_allowed_request /opt/stack/data/venv/lib/python3.10/site-packages/keystonemiddleware/auth_token/__init__.py:545}}
Feb 17 15:23:16 ubuntu devstack@keystone.service[82106]: DEBUG keystone.server.flask.request_processing.middleware.auth_context [None req-bea389d6-efda-4d12-9f61-abae7821a85d None None] Validating token access rules against request {{(pid=82106) validate_allowed_request /opt/stack/data/venv/lib/python3.10/site-packages/keystonemiddleware/auth_token/__init__.py:545}}
Feb 17 15:23:16 ubuntu devstack@keystone.service[82105]: DEBUG keystone.server.flask.request_processing.middleware.auth_context [None req-8ed74149-a3f2-4fc3-8d87-ea10c8e527d9 None admin] RBAC: auth_context: {'token': <TokenModel (audit_id=FvmvQvT5QJqufxpoPQsWPw, audit_chain_id=['FvmvQvT5QJqufxpoPQsWPw']) at 0x7fcfbb5458d0>, 'domain_id': None, 'trust_id': None, 'trustor_id': None, 'trustee_id': None, 'domain_name': None, 'group_ids': [], 'user_id': '724736cfa5a343318324af54af76f51a', 'user_domain_id': 'default', 'system_scope': 'all', 'project_id': None, 'project_domain_id': None, 'roles': ['admin', 'manager', 'member', 'reader'], 'is_admin_project': True, 'service_user_id': None, 'service_user_domain_id': None, 'service_project_id': None, 'service_project_domain_id': None, 'service_roles': []} {{(pid=82105) fill_context /opt/stack/keystone/keystone/server/flask/request_processing/middleware/auth_context.py:509}}
Feb 17 15:23:16 ubuntu devstack@keystone.service[82105]: DEBUG keystone.server.flask.request_processing.req_logging [None req-8ed74149-a3f2-4fc3-8d87-ea10c8e527d9 None admin] REQUEST_METHOD: `POST` {{(pid=82105) log_request_info /opt/stack/keystone/keystone/server/flask/request_processing/req_logging.py:26}}
Feb 17 15:23:16 ubuntu devstack@keystone.service[82105]: DEBUG keystone.server.flask.request_processing.req_logging [None req-8ed74149-a3f2-4fc3-8d87-ea10c8e527d9 None admin] SCRIPT_NAME: `/identity` {{(pid=82105) log_request_info /opt/stack/keystone/keystone/server/flask/request_processing/req_logging.py:27}}
Feb 17 15:23:16 ubuntu devstack@keystone.service[82105]: DEBUG keystone.server.flask.request_processing.req_logging [None req-8ed74149-a3f2-4fc3-8d87-ea10c8e527d9 None admin] PATH_INFO: `/v3/roles` {{(pid=82105) log_request_info /opt/stack/keystone/keystone/server/flask/request_processing/req_logging.py:28}}
Feb 17 15:23:16 ubuntu devstack@keystone.service[82105]: DEBUG keystone.common.rbac_enforcer.enforcer [None req-8ed74149-a3f2-4fc3-8d87-ea10c8e527d9 None admin] RBAC: Authorizing `identity:create_role()` {{(pid=82105) enforce_call /opt/stack/keystone/keystone/common/rbac_enforcer/enforcer.py:494}}
Feb 17 15:23:16 ubuntu devstack@keystone.service[82105]: DEBUG keystone.common.rbac_enforcer.enforcer [None req-8ed74149-a3f2-4fc3-8d87-ea10c8e527d9 None admin] RBAC: Authorization granted {{(pid=82105) enforce_call /opt/stack/keystone/keystone/common/rbac_enforcer/enforcer.py:505}}
Feb 17 15:23:17 ubuntu devstack@keystone.service[82106]: DEBUG keystone.server.flask.request_processing.middleware.auth_context [None req-803e7319-5274-4d39-ab6e-b87b825acfa7 None admin] RBAC: auth_context: {'token': <TokenModel (audit_id=SdCm1Y3XTFipFoo2-U1VHw, audit_chain_id=['SdCm1Y3XTFipFoo2-U1VHw']) at 0x7fcfba71a770>, 'domain_id': None, 'trust_id': None, 'trustor_id': None, 'trustee_id': None, 'domain_name': None, 'group_ids': [], 'user_id': '724736cfa5a343318324af54af76f51a', 'user_domain_id': 'default', 'system_scope': 'all', 'project_id': None, 'project_domain_id': None, 'roles': ['admin', 'manager', 'member', 'reader'], 'is_admin_project': True, 'service_user_id': None, 'service_user_domain_id': None, 'service_project_id': None, 'service_project_domain_id': None, 'service_roles': []} {{(pid=82106) fill_context /opt/stack/keystone/keystone/server/flask/request_processing/middleware/auth_context.py:509}}
Feb 17 15:23:17 ubuntu devstack@keystone.service[82106]: DEBUG keystone.server.flask.request_processing.req_logging [None req-803e7319-5274-4d39-ab6e-b87b825acfa7 None admin] REQUEST_METHOD: `GET` {{(pid=82106) log_request_info /opt/stack/keystone/keystone/server/flask/request_processing/req_logging.py:26}}
Feb 17 15:23:17 ubuntu devstack@keystone.service[82106]: DEBUG keystone.server.flask.request_processing.req_logging [None req-803e7319-5274-4d39-ab6e-b87b825acfa7 None admin] SCRIPT_NAME: `/identity` {{(pid=82106) log_request_info /opt/stack/keystone/keystone/server/flask/request_processing/req_logging.py:27}}
Feb 17 15:23:17 ubuntu devstack@keystone.service[82106]: DEBUG keystone.server.flask.request_processing.req_logging [None req-803e7319-5274-4d39-ab6e-b87b825acfa7 None admin] PATH_INFO: `/v3/domains/default` {{(pid=82106) log_request_info /opt/stack/keystone/keystone/server/flask/request_processing/req_logging.py:28}}
Feb 17 15:23:17 ubuntu devstack@keystone.service[82105]: [pid: 82105|app: 0|req: 22/46] 10.201.5.82 () {60 vars in 1167 bytes} [Tue Feb 17 15:23:16 2026] POST /identity/v3/roles => generated 223 bytes in 74 msecs (HTTP/1.1 201) 5 headers in 182 bytes (1 switches on core 0)
Feb 17 15:23:17 ubuntu devstack@keystone.service[82106]: DEBUG keystone.common.rbac_enforcer.enforcer [None req-803e7319-5274-4d39-ab6e-b87b825acfa7 None admin] RBAC: Authorizing `identity:get_domain(domain_id=default)` {{(pid=82106) enforce_call /opt/stack/keystone/keystone/common/rbac_enforcer/enforcer.py:494}}
Feb 17 15:23:17 ubuntu devstack@keystone.service[82106]: DEBUG keystone.common.rbac_enforcer.enforcer [None req-803e7319-5274-4d39-ab6e-b87b825acfa7 None admin] RBAC: Authorization granted {{(pid=82106) enforce_call /opt/stack/keystone/keystone/common/rbac_enforcer/enforcer.py:505}}
Feb 17 15:23:17 ubuntu devstack@keystone.service[82106]: [pid: 82106|app: 0|req: 25/47] 10.201.5.82 () {56 vars in 1100 bytes} [Tue Feb 17 15:23:16 2026] GET /identity/v3/domains/default => generated 199 bytes in 80 msecs (HTTP/1.1 200) 5 headers in 177 bytes (2 switches on core 0)
Feb 17 15:23:17 ubuntu devstack@keystone.service[82105]: DEBUG keystone.server.flask.request_processing.middleware.auth_context [None req-8ed74149-a3f2-4fc3-8d87-ea10c8e527d9 None admin] Authenticating user token {{(pid=82105) process_request /opt/stack/data/venv/lib/python3.10/site-packages/keystonemiddleware/auth_token/__init__.py:407}}
Feb 17 15:23:17 ubuntu devstack@keystone.service[82105]: DEBUG keystone.server.flask.request_processing.middleware.auth_context [None req-8ed74149-a3f2-4fc3-8d87-ea10c8e527d9 None admin] Validating token access rules against request {{(pid=82105) validate_allowed_request /opt/stack/data/venv/lib/python3.10/site-packages/keystonemiddleware/auth_token/__init__.py:545}}
Feb 17 15:23:17 ubuntu devstack@keystone.service[82105]: DEBUG keystone.server.flask.request_processing.middleware.auth_context [None req-8d032ddb-8454-409f-80f1-1c435b24afe2 None admin] RBAC: auth_context: {'token': <TokenModel (audit_id=SdCm1Y3XTFipFoo2-U1VHw, audit_chain_id=['SdCm1Y3XTFipFoo2-U1VHw']) at 0x7fcfbb546290>, 'domain_id': None, 'trust_id': None, 'trustor_id': None, 'trustee_id': None, 'domain_name': None, 'group_ids': [], 'user_id': '724736cfa5a343318324af54af76f51a', 'user_domain_id': 'default', 'system_scope': 'all', 'project_id': None, 'project_domain_id': None, 'roles': ['admin', 'manager', 'member', 'reader'], 'is_admin_project': True, 'service_user_id': None, 'service_user_domain_id': None, 'service_project_id': None, 'service_project_domain_id': None, 'service_roles': []} {{(pid=82105) fill_context /opt/stack/keystone/keystone/server/flask/request_processing/middleware/auth_context.py:509}}
Feb 17 15:23:17 ubuntu devstack@keystone.service[82105]: DEBUG keystone.server.flask.request_processing.req_logging [None req-8d032ddb-8454-409f-80f1-1c435b24afe2 None admin] REQUEST_METHOD: `POST` {{(pid=82105) log_request_info /opt/stack/keystone/keystone/server/flask/request_processing/req_logging.py:26}}
Feb 17 15:23:17 ubuntu devstack@keystone.service[82105]: DEBUG keystone.server.flask.request_processing.req_logging [None req-8d032ddb-8454-409f-80f1-1c435b24afe2 None admin] SCRIPT_NAME: `/identity` {{(pid=82105) log_request_info /opt/stack/keystone/keystone/server/flask/request_processing/req_logging.py:27}}
Feb 17 15:23:17 ubuntu devstack@keystone.service[82105]: DEBUG keystone.server.flask.request_processing.req_logging [None req-8d032ddb-8454-409f-80f1-1c435b24afe2 None admin] PATH_INFO: `/v3/projects` {{(pid=82105) log_request_info /opt/stack/keystone/keystone/server/flask/request_processing/req_logging.py:28}}
Feb 17 15:23:17 ubuntu devstack@keystone.service[82105]: DEBUG keystone.common.rbac_enforcer.enforcer [None req-8d032ddb-8454-409f-80f1-1c435b24afe2 None admin] RBAC: Authorizing `identity:create_project()` {{(pid=82105) enforce_call /opt/stack/keystone/keystone/common/rbac_enforcer/enforcer.py:494}}
Feb 17 15:23:17 ubuntu devstack@keystone.service[82105]: DEBUG keystone.common.rbac_enforcer.enforcer [None req-8d032ddb-8454-409f-80f1-1c435b24afe2 None admin] RBAC: Authorization granted {{(pid=82105) enforce_call /opt/stack/keystone/keystone/common/rbac_enforcer/enforcer.py:505}}
Feb 17 15:23:17 ubuntu devstack@keystone.service[82105]: [pid: 82105|app: 0|req: 23/48] 10.201.5.82 () {60 vars in 1133 bytes} [Tue Feb 17 15:23:17 2026] POST /identity/v3/projects => generated 312 bytes in 77 msecs (HTTP/1.1 201) 5 headers in 182 bytes (1 switches on core 0)
Feb 17 15:23:18 ubuntu devstack@keystone.service[82106]: DEBUG keystone.server.flask.request_processing.req_logging [None req-fe245741-72e1-4556-9442-af57e6a7d365 None None] REQUEST_METHOD: `GET` {{(pid=82106) log_request_info /opt/stack/keystone/keystone/server/flask/request_processing/req_logging.py:26}}
Feb 17 15:23:18 ubuntu devstack@keystone.service[82106]: DEBUG keystone.server.flask.request_processing.req_logging [None req-fe245741-72e1-4556-9442-af57e6a7d365 None None] SCRIPT_NAME: `/identity` {{(pid=82106) log_request_info /opt/stack/keystone/keystone/server/flask/request_processing/req_logging.py:27}}
Feb 17 15:23:18 ubuntu devstack@keystone.service[82106]: DEBUG keystone.server.flask.request_processing.req_logging [None req-fe245741-72e1-4556-9442-af57e6a7d365 None None] PATH_INFO: `/` {{(pid=82106) log_request_info /opt/stack/keystone/keystone/server/flask/request_processing/req_logging.py:28}}
Feb 17 15:23:18 ubuntu devstack@keystone.service[82106]: [pid: 82106|app: 0|req: 26/49] 10.201.5.82 () {54 vars in 919 bytes} [Tue Feb 17 15:23:18 2026] GET /identity => generated 270 bytes in 4 msecs (HTTP/1.1 300) 6 headers in 234 bytes (1 switches on core 0)
Feb 17 15:23:18 ubuntu devstack@keystone.service[82105]: DEBUG keystone.server.flask.request_processing.req_logging [None req-7897bfec-6f34-42df-8ab7-cdca7803a557 None None] REQUEST_METHOD: `POST` {{(pid=82105) log_request_info /opt/stack/keystone/keystone/server/flask/request_processing/req_logging.py:26}}
Feb 17 15:23:18 ubuntu devstack@keystone.service[82105]: DEBUG keystone.server.flask.request_processing.req_logging [None req-7897bfec-6f34-42df-8ab7-cdca7803a557 None None] SCRIPT_NAME: `/identity` {{(pid=82105) log_request_info /opt/stack/keystone/keystone/server/flask/request_processing/req_logging.py:27}}
Feb 17 15:23:18 ubuntu devstack@keystone.service[82105]: DEBUG keystone.server.flask.request_processing.req_logging [None req-7897bfec-6f34-42df-8ab7-cdca7803a557 None None] PATH_INFO: `/v3/auth/tokens` {{(pid=82105) log_request_info /opt/stack/keystone/keystone/server/flask/request_processing/req_logging.py:28}}
Feb 17 15:23:18 ubuntu devstack@keystone.service[82105]: WARNING keystone.common.password_hashing [None req-7897bfec-6f34-42df-8ab7-cdca7803a557 None None] Truncating password to algorithm specific maximum length 72 characters.
Feb 17 15:23:18 ubuntu devstack@keystone.service[82105]: DEBUG keystone.auth.core [None req-7897bfec-6f34-42df-8ab7-cdca7803a557 None None] MFA Rules not processed for user `724736cfa5a343318324af54af76f51a`. Rule list: `[]` (Enabled: `True`). {{(pid=82105) check_auth_methods_against_rules /opt/stack/keystone/keystone/auth/core.py:476}}
Feb 17 15:23:18 ubuntu devstack@keystone.service[82105]: DEBUG keystone.common.fernet_utils [None req-7897bfec-6f34-42df-8ab7-cdca7803a557 None None] Loaded 2 Fernet keys from /etc/keystone/fernet-keys/, but `[fernet_tokens] max_active_keys = 3`; perhaps there have not been enough key rotations to reach `max_active_keys` yet? {{(pid=82105) load_keys /opt/stack/keystone/keystone/common/fernet_utils.py:297}}
Feb 17 15:23:18 ubuntu devstack@keystone.service[82105]: [pid: 82105|app: 0|req: 24/50] 10.201.5.82 () {58 vars in 1016 bytes} [Tue Feb 17 15:23:18 2026] POST /identity/v3/auth/tokens => generated 862 bytes in 59 msecs (HTTP/1.1 201) 6 headers in 363 bytes (1 switches on core 0)
Feb 17 15:23:18 ubuntu devstack@keystone.service[82106]: DEBUG keystone.server.flask.request_processing.middleware.auth_context [None req-fe245741-72e1-4556-9442-af57e6a7d365 None None] Authenticating user token {{(pid=82106) process_request /opt/stack/data/venv/lib/python3.10/site-packages/keystonemiddleware/auth_token/__init__.py:407}}
Feb 17 15:23:18 ubuntu devstack@keystone.service[82106]: DEBUG keystone.server.flask.request_processing.middleware.auth_context [None req-fe245741-72e1-4556-9442-af57e6a7d365 None None] Validating token access rules against request {{(pid=82106) validate_allowed_request /opt/stack/data/venv/lib/python3.10/site-packages/keystonemiddleware/auth_token/__init__.py:545}}
Feb 17 15:23:18 ubuntu devstack@keystone.service[82106]: DEBUG keystone.server.flask.request_processing.middleware.auth_context [None req-e5c2578d-8b2f-4243-803c-6bf93e475d53 None admin] RBAC: auth_context: {'token': <TokenModel (audit_id=FI3Loff0TPGeBU4zvFcPbA, audit_chain_id=['FI3Loff0TPGeBU4zvFcPbA']) at 0x7fcfba55f640>, 'domain_id': None, 'trust_id': None, 'trustor_id': None, 'trustee_id': None, 'domain_name': None, 'group_ids': [], 'user_id': '724736cfa5a343318324af54af76f51a', 'user_domain_id': 'default', 'system_scope': 'all', 'project_id': None, 'project_domain_id': None, 'roles': ['admin', 'manager', 'member', 'reader'], 'is_admin_project': True, 'service_user_id': None, 'service_user_domain_id': None, 'service_project_id': None, 'service_project_domain_id': None, 'service_roles': []} {{(pid=82106) fill_context /opt/stack/keystone/keystone/server/flask/request_processing/middleware/auth_context.py:509}}
Feb 17 15:23:18 ubuntu devstack@keystone.service[82106]: DEBUG keystone.server.flask.request_processing.req_logging [None req-e5c2578d-8b2f-4243-803c-6bf93e475d53 None admin] REQUEST_METHOD: `GET` {{(pid=82106) log_request_info /opt/stack/keystone/keystone/server/flask/request_processing/req_logging.py:26}}
Feb 17 15:23:18 ubuntu devstack@keystone.service[82106]: DEBUG keystone.server.flask.request_processing.req_logging [None req-e5c2578d-8b2f-4243-803c-6bf93e475d53 None admin] SCRIPT_NAME: `/identity` {{(pid=82106) log_request_info /opt/stack/keystone/keystone/server/flask/request_processing/req_logging.py:27}}
