Aug 21 14:35:13 ubuntu devstack@keystone.service[69027]: ERROR keystone.server.flask.application     self._flush(objects)
Aug 21 14:35:13 ubuntu devstack@keystone.service[69027]: ERROR keystone.server.flask.application   File "/opt/stack/data/venv/lib/python3.10/site-packages/sqlalchemy/orm/session.py", line 4476, in _flush
Aug 21 14:35:13 ubuntu devstack@keystone.service[69027]: ERROR keystone.server.flask.application     with util.safe_reraise():
Aug 21 14:35:13 ubuntu devstack@keystone.service[69027]: ERROR keystone.server.flask.application   File "/opt/stack/data/venv/lib/python3.10/site-packages/sqlalchemy/util/langhelpers.py", line 146, in __exit__
Aug 21 14:35:13 ubuntu devstack@keystone.service[69027]: ERROR keystone.server.flask.application     raise exc_value.with_traceback(exc_tb)
Aug 21 14:35:13 ubuntu devstack@keystone.service[69027]: ERROR keystone.server.flask.application   File "/opt/stack/data/venv/lib/python3.10/site-packages/sqlalchemy/orm/session.py", line 4437, in _flush
Aug 21 14:35:13 ubuntu devstack@keystone.service[69027]: ERROR keystone.server.flask.application     flush_context.execute()
Aug 21 14:35:13 ubuntu devstack@keystone.service[69027]: ERROR keystone.server.flask.application   File "/opt/stack/data/venv/lib/python3.10/site-packages/sqlalchemy/orm/unitofwork.py", line 466, in execute
Aug 21 14:35:13 ubuntu devstack@keystone.service[69027]: ERROR keystone.server.flask.application     rec.execute(self)
Aug 21 14:35:13 ubuntu devstack@keystone.service[69027]: ERROR keystone.server.flask.application   File "/opt/stack/data/venv/lib/python3.10/site-packages/sqlalchemy/orm/unitofwork.py", line 642, in execute
Aug 21 14:35:13 ubuntu devstack@keystone.service[69027]: ERROR keystone.server.flask.application     util.preloaded.orm_persistence.save_obj(
Aug 21 14:35:13 ubuntu devstack@keystone.service[69027]: ERROR keystone.server.flask.application   File "/opt/stack/data/venv/lib/python3.10/site-packages/sqlalchemy/orm/persistence.py", line 93, in save_obj
Aug 21 14:35:13 ubuntu devstack@keystone.service[69027]: ERROR keystone.server.flask.application     _emit_insert_statements(
Aug 21 14:35:13 ubuntu devstack@keystone.service[69027]: ERROR keystone.server.flask.application   File "/opt/stack/data/venv/lib/python3.10/site-packages/sqlalchemy/orm/persistence.py", line 1048, in _emit_insert_statements
Aug 21 14:35:13 ubuntu devstack@keystone.service[69027]: ERROR keystone.server.flask.application     result = connection.execute(
Aug 21 14:35:13 ubuntu devstack@keystone.service[69027]: ERROR keystone.server.flask.application   File "/opt/stack/data/venv/lib/python3.10/site-packages/sqlalchemy/engine/base.py", line 1418, in execute
Aug 21 14:35:13 ubuntu devstack@keystone.service[69027]: ERROR keystone.server.flask.application     return meth(
Aug 21 14:35:13 ubuntu devstack@keystone.service[69027]: ERROR keystone.server.flask.application   File "/opt/stack/data/venv/lib/python3.10/site-packages/sqlalchemy/sql/elements.py", line 515, in _execute_on_connection
Aug 21 14:35:13 ubuntu devstack@keystone.service[69027]: ERROR keystone.server.flask.application     return connection._execute_clauseelement(
Aug 21 14:35:13 ubuntu devstack@keystone.service[69027]: ERROR keystone.server.flask.application   File "/opt/stack/data/venv/lib/python3.10/site-packages/sqlalchemy/engine/base.py", line 1640, in _execute_clauseelement
Aug 21 14:35:13 ubuntu devstack@keystone.service[69027]: ERROR keystone.server.flask.application     ret = self._execute_context(
Aug 21 14:35:13 ubuntu devstack@keystone.service[69027]: ERROR keystone.server.flask.application   File "/opt/stack/data/venv/lib/python3.10/site-packages/sqlalchemy/engine/base.py", line 1846, in _execute_context
Aug 21 14:35:13 ubuntu devstack@keystone.service[69027]: ERROR keystone.server.flask.application     return self._exec_single_context(
Aug 21 14:35:13 ubuntu devstack@keystone.service[69027]: ERROR keystone.server.flask.application   File "/opt/stack/data/venv/lib/python3.10/site-packages/sqlalchemy/engine/base.py", line 1986, in _exec_single_context
Aug 21 14:35:13 ubuntu devstack@keystone.service[69027]: ERROR keystone.server.flask.application     self._handle_dbapi_exception(
Aug 21 14:35:13 ubuntu devstack@keystone.service[69027]: ERROR keystone.server.flask.application   File "/opt/stack/data/venv/lib/python3.10/site-packages/sqlalchemy/engine/base.py", line 2350, in _handle_dbapi_exception
Aug 21 14:35:13 ubuntu devstack@keystone.service[69027]: ERROR keystone.server.flask.application     raise newraise.with_traceback(exc_info[2]) from e
Aug 21 14:35:13 ubuntu devstack@keystone.service[69027]: ERROR keystone.server.flask.application   File "/opt/stack/data/venv/lib/python3.10/site-packages/sqlalchemy/engine/base.py", line 1967, in _exec_single_context
Aug 21 14:35:13 ubuntu devstack@keystone.service[69027]: ERROR keystone.server.flask.application     self.dialect.do_execute(
Aug 21 14:35:13 ubuntu devstack@keystone.service[69027]: ERROR keystone.server.flask.application   File "/opt/stack/data/venv/lib/python3.10/site-packages/sqlalchemy/engine/default.py", line 924, in do_execute
Aug 21 14:35:13 ubuntu devstack@keystone.service[69027]: ERROR keystone.server.flask.application     cursor.execute(statement, parameters)
Aug 21 14:35:13 ubuntu devstack@keystone.service[69027]: ERROR keystone.server.flask.application   File "/opt/stack/data/venv/lib/python3.10/site-packages/pymysql/cursors.py", line 153, in execute
Aug 21 14:35:13 ubuntu devstack@keystone.service[69027]: ERROR keystone.server.flask.application     result = self._query(query)
Aug 21 14:35:13 ubuntu devstack@keystone.service[69027]: ERROR keystone.server.flask.application   File "/opt/stack/data/venv/lib/python3.10/site-packages/pymysql/cursors.py", line 322, in _query
Aug 21 14:35:13 ubuntu devstack@keystone.service[69027]: ERROR keystone.server.flask.application     conn.query(q)
Aug 21 14:35:13 ubuntu devstack@keystone.service[69027]: ERROR keystone.server.flask.application   File "/opt/stack/data/venv/lib/python3.10/site-packages/pymysql/connections.py", line 563, in query
Aug 21 14:35:13 ubuntu devstack@keystone.service[69027]: ERROR keystone.server.flask.application     self._affected_rows = self._read_query_result(unbuffered=unbuffered)
Aug 21 14:35:13 ubuntu devstack@keystone.service[69027]: ERROR keystone.server.flask.application   File "/opt/stack/data/venv/lib/python3.10/site-packages/pymysql/connections.py", line 825, in _read_query_result
Aug 21 14:35:13 ubuntu devstack@keystone.service[69027]: ERROR keystone.server.flask.application     result.read()
Aug 21 14:35:13 ubuntu devstack@keystone.service[69027]: ERROR keystone.server.flask.application   File "/opt/stack/data/venv/lib/python3.10/site-packages/pymysql/connections.py", line 1199, in read
Aug 21 14:35:13 ubuntu devstack@keystone.service[69027]: ERROR keystone.server.flask.application     first_packet = self.connection._read_packet()
Aug 21 14:35:13 ubuntu devstack@keystone.service[69027]: ERROR keystone.server.flask.application   File "/opt/stack/data/venv/lib/python3.10/site-packages/pymysql/connections.py", line 775, in _read_packet
Aug 21 14:35:13 ubuntu devstack@keystone.service[69027]: ERROR keystone.server.flask.application     packet.raise_for_error()
Aug 21 14:35:13 ubuntu devstack@keystone.service[69027]: ERROR keystone.server.flask.application   File "/opt/stack/data/venv/lib/python3.10/site-packages/pymysql/protocol.py", line 219, in raise_for_error
Aug 21 14:35:13 ubuntu devstack@keystone.service[69027]: ERROR keystone.server.flask.application     err.raise_mysql_exception(self._data)
Aug 21 14:35:13 ubuntu devstack@keystone.service[69027]: ERROR keystone.server.flask.application   File "/opt/stack/data/venv/lib/python3.10/site-packages/pymysql/err.py", line 150, in raise_mysql_exception
Aug 21 14:35:13 ubuntu devstack@keystone.service[69027]: ERROR keystone.server.flask.application     raise errorclass(errno, errval)
Aug 21 14:35:13 ubuntu devstack@keystone.service[69027]: ERROR keystone.server.flask.application oslo_db.exception.DBDuplicateEntry: (pymysql.err.IntegrityError) (1062, "Duplicate entry '<<keystone.domain.root>>-Default' for key 'project.ixu_project_name_domain_id'")
Aug 21 14:35:13 ubuntu devstack@keystone.service[69027]: ERROR keystone.server.flask.application [SQL: INSERT INTO project (id, name, domain_id, description, enabled, extra, parent_id, is_domain) VALUES (%(id)s, %(name)s, %(domain_id)s, %(description)s, %(enabled)s, %(extra)s, %(parent_id)s, %(is_domain)s)]
Aug 21 14:35:13 ubuntu devstack@keystone.service[69027]: ERROR keystone.server.flask.application [parameters: {'id': '79f51e707d1d473da6cf59ee955bfacd', 'name': 'Default', 'domain_id': '<<keystone.domain.root>>', 'description': '', 'enabled': 1, 'extra': '{}', 'parent_id': None, 'is_domain': 1}]
Aug 21 14:35:13 ubuntu devstack@keystone.service[69027]: ERROR keystone.server.flask.application (Background on this error at: https://sqlalche.me/e/20/gkpj)
Aug 21 14:35:13 ubuntu devstack@keystone.service[69027]: ERROR keystone.server.flask.application 
Aug 21 14:35:13 ubuntu devstack@keystone.service[69027]: ERROR keystone.server.flask.application During handling of the above exception, another exception occurred:
Aug 21 14:35:13 ubuntu devstack@keystone.service[69027]: ERROR keystone.server.flask.application 
Aug 21 14:35:13 ubuntu devstack@keystone.service[69027]: ERROR keystone.server.flask.application Traceback (most recent call last):
Aug 21 14:35:13 ubuntu devstack@keystone.service[69027]: ERROR keystone.server.flask.application   File "/opt/stack/keystone/keystone/resource/core.py", line 250, in create_project
Aug 21 14:35:13 ubuntu devstack@keystone.service[69027]: ERROR keystone.server.flask.application     ret = self.driver.create_project(project_id, project)
Aug 21 14:35:13 ubuntu devstack@keystone.service[69027]: ERROR keystone.server.flask.application   File "/opt/stack/keystone/keystone/common/sql/core.py", line 581, in wrapper
Aug 21 14:35:13 ubuntu devstack@keystone.service[69027]: ERROR keystone.server.flask.application     raise exception.Conflict(type=conflict_type, details=msg)
Aug 21 14:35:13 ubuntu devstack@keystone.service[69027]: ERROR keystone.server.flask.application keystone.exception.Conflict: Conflict occurred attempting to store project - Duplicate entry found with name Default.
Aug 21 14:35:13 ubuntu devstack@keystone.service[69027]: ERROR keystone.server.flask.application 
Aug 21 14:35:13 ubuntu devstack@keystone.service[69027]: ERROR keystone.server.flask.application During handling of the above exception, another exception occurred:
Aug 21 14:35:13 ubuntu devstack@keystone.service[69027]: ERROR keystone.server.flask.application 
Aug 21 14:35:13 ubuntu devstack@keystone.service[69027]: ERROR keystone.server.flask.application Traceback (most recent call last):
Aug 21 14:35:13 ubuntu devstack@keystone.service[69027]: ERROR keystone.server.flask.application   File "/opt/stack/data/venv/lib/python3.10/site-packages/flask/app.py", line 880, in full_dispatch_request
Aug 21 14:35:13 ubuntu devstack@keystone.service[69027]: ERROR keystone.server.flask.application     rv = self.dispatch_request()
Aug 21 14:35:13 ubuntu devstack@keystone.service[69027]: ERROR keystone.server.flask.application   File "/opt/stack/data/venv/lib/python3.10/site-packages/flask/app.py", line 865, in dispatch_request
Aug 21 14:35:13 ubuntu devstack@keystone.service[69027]: ERROR keystone.server.flask.application     return self.ensure_sync(self.view_functions[rule.endpoint])(**view_args)  # type: ignore[no-any-return]
Aug 21 14:35:13 ubuntu devstack@keystone.service[69027]: ERROR keystone.server.flask.application   File "/opt/stack/data/venv/lib/python3.10/site-packages/flask_restful/__init__.py", line 489, in wrapper
Aug 21 14:35:13 ubuntu devstack@keystone.service[69027]: ERROR keystone.server.flask.application     resp = resource(*args, **kwargs)
Aug 21 14:35:13 ubuntu devstack@keystone.service[69027]: ERROR keystone.server.flask.application   File "/opt/stack/data/venv/lib/python3.10/site-packages/flask/views.py", line 110, in view
Aug 21 14:35:13 ubuntu devstack@keystone.service[69027]: ERROR keystone.server.flask.application     return current_app.ensure_sync(self.dispatch_request)(**kwargs)  # type: ignore[no-any-return]
Aug 21 14:35:13 ubuntu devstack@keystone.service[69027]: ERROR keystone.server.flask.application   File "/opt/stack/data/venv/lib/python3.10/site-packages/flask_restful/__init__.py", line 604, in dispatch_request
Aug 21 14:35:13 ubuntu devstack@keystone.service[69027]: ERROR keystone.server.flask.application     resp = meth(*args, **kwargs)
Aug 21 14:35:13 ubuntu devstack@keystone.service[69027]: ERROR keystone.server.flask.application   File "/opt/stack/keystone/keystone/api/domains.py", line 140, in post
Aug 21 14:35:13 ubuntu devstack@keystone.service[69027]: ERROR keystone.server.flask.application     ref = PROVIDERS.resource_api.create_domain(
Aug 21 14:35:13 ubuntu devstack@keystone.service[69027]: ERROR keystone.server.flask.application   File "/opt/stack/keystone/keystone/common/manager.py", line 111, in wrapped
Aug 21 14:35:13 ubuntu devstack@keystone.service[69027]: ERROR keystone.server.flask.application     __ret_val = __f(*args, **kwargs)
Aug 21 14:35:13 ubuntu devstack@keystone.service[69027]: ERROR keystone.server.flask.application   File "/opt/stack/keystone/keystone/resource/core.py", line 867, in create_domain
Aug 21 14:35:13 ubuntu devstack@keystone.service[69027]: ERROR keystone.server.flask.application     is_domain_project = self.create_project(
Aug 21 14:35:13 ubuntu devstack@keystone.service[69027]: ERROR keystone.server.flask.application   File "/opt/stack/keystone/keystone/common/manager.py", line 111, in wrapped
Aug 21 14:35:13 ubuntu devstack@keystone.service[69027]: ERROR keystone.server.flask.application     __ret_val = __f(*args, **kwargs)
Aug 21 14:35:13 ubuntu devstack@keystone.service[69027]: ERROR keystone.server.flask.application   File "/opt/stack/keystone/keystone/resource/core.py", line 252, in create_project
Aug 21 14:35:13 ubuntu devstack@keystone.service[69027]: ERROR keystone.server.flask.application     raise exception.Conflict(
Aug 21 14:35:13 ubuntu devstack@keystone.service[69027]: ERROR keystone.server.flask.application keystone.exception.Conflict: Conflict occurred attempting to store project - it is not permitted to have two projects acting as domains with the same name: Default.
Aug 21 14:35:13 ubuntu devstack@keystone.service[69027]: ERROR keystone.server.flask.application 
Aug 21 14:35:13 ubuntu devstack@keystone.service[69027]: [pid: 69027|app: 0|req: 8/15] 10.201.5.82 () {60 vars in 1137 bytes} [Wed Aug 21 14:35:13 2024] POST /identity/v3/domains => generated 190 bytes in 86 msecs (HTTP/1.1 409) 5 headers in 183 bytes (1 switches on core 0)
Aug 21 14:35:13 ubuntu devstack@keystone.service[69027]: DEBUG keystone.server.flask.request_processing.middleware.auth_context [None req-48b7de8b-98cd-4a49-9c9e-641d2a941c8e None admin] Authenticating user token {{(pid=69027) process_request /opt/stack/data/venv/lib/python3.10/site-packages/keystonemiddleware/auth_token/__init__.py:406}}
Aug 21 14:35:13 ubuntu devstack@keystone.service[69026]: DEBUG keystone.server.flask.request_processing.middleware.auth_context [None req-79209e44-e492-4734-891d-4ed47dad3bd6 None admin] RBAC: auth_context: {'token': <TokenModel (audit_id=vF6iBGn0R3ua9r9hFXV_dg, audit_chain_id=['vF6iBGn0R3ua9r9hFXV_dg']) at 0x7f2680eb4280>, 'domain_id': None, 'trust_id': None, 'trustor_id': None, 'trustee_id': None, 'domain_name': None, 'group_ids': [], 'user_id': 'c57f80d1456e408cb66c8e33dd178af7', 'user_domain_id': 'default', 'system_scope': 'all', 'project_id': None, 'project_domain_id': None, 'roles': ['admin', 'manager', 'member', 'reader'], 'is_admin_project': True, 'service_user_id': None, 'service_user_domain_id': None, 'service_project_id': None, 'service_project_domain_id': None, 'service_roles': []} {{(pid=69026) fill_context /opt/stack/keystone/keystone/server/flask/request_processing/middleware/auth_context.py:511}}
Aug 21 14:35:13 ubuntu devstack@keystone.service[69026]: DEBUG keystone.server.flask.request_processing.req_logging [None req-79209e44-e492-4734-891d-4ed47dad3bd6 None admin] REQUEST_METHOD: `GET` {{(pid=69026) log_request_info /opt/stack/keystone/keystone/server/flask/request_processing/req_logging.py:27}}
Aug 21 14:35:13 ubuntu devstack@keystone.service[69026]: DEBUG keystone.server.flask.request_processing.req_logging [None req-79209e44-e492-4734-891d-4ed47dad3bd6 None admin] SCRIPT_NAME: `/identity` {{(pid=69026) log_request_info /opt/stack/keystone/keystone/server/flask/request_processing/req_logging.py:28}}
Aug 21 14:35:13 ubuntu devstack@keystone.service[69026]: DEBUG keystone.server.flask.request_processing.req_logging [None req-79209e44-e492-4734-891d-4ed47dad3bd6 None admin] PATH_INFO: `/v3/roles` {{(pid=69026) log_request_info /opt/stack/keystone/keystone/server/flask/request_processing/req_logging.py:29}}
Aug 21 14:35:13 ubuntu devstack@keystone.service[69026]: DEBUG keystone.common.rbac_enforcer.enforcer [None req-79209e44-e492-4734-891d-4ed47dad3bd6 None admin] RBAC: Adding query filter params (name=admin) {{(pid=69026) _extract_filter_values /opt/stack/keystone/keystone/common/rbac_enforcer/enforcer.py:185}}
Aug 21 14:35:13 ubuntu devstack@keystone.service[69026]: DEBUG keystone.common.rbac_enforcer.enforcer [None req-79209e44-e492-4734-891d-4ed47dad3bd6 None admin] RBAC: Authorizing `identity:list_roles()` {{(pid=69026) enforce_call /opt/stack/keystone/keystone/common/rbac_enforcer/enforcer.py:504}}
Aug 21 14:35:13 ubuntu devstack@keystone.service[69026]: DEBUG keystone.common.rbac_enforcer.enforcer [None req-79209e44-e492-4734-891d-4ed47dad3bd6 None admin] RBAC: Authorization granted {{(pid=69026) enforce_call /opt/stack/keystone/keystone/common/rbac_enforcer/enforcer.py:515}}
Aug 21 14:35:13 ubuntu devstack@keystone.service[69026]: [pid: 69026|app: 0|req: 8/16] 10.201.5.82 () {56 vars in 1099 bytes} [Wed Aug 21 14:35:13 2024] GET /identity/v3/roles?name=admin => generated 339 bytes in 86 msecs (HTTP/1.1 200) 5 headers in 177 bytes (1 switches on core 0)
Aug 21 14:35:13 ubuntu devstack@keystone.service[69026]: DEBUG keystone.server.flask.request_processing.middleware.auth_context [None req-79209e44-e492-4734-891d-4ed47dad3bd6 None admin] Authenticating user token {{(pid=69026) process_request /opt/stack/data/venv/lib/python3.10/site-packages/keystonemiddleware/auth_token/__init__.py:406}}
Aug 21 14:35:13 ubuntu devstack@keystone.service[69027]: DEBUG keystone.server.flask.request_processing.middleware.auth_context [None req-48b7de8b-98cd-4a49-9c9e-641d2a941c8e None admin] Validating token access rules against request {{(pid=69027) validate_allowed_request /opt/stack/data/venv/lib/python3.10/site-packages/keystonemiddleware/auth_token/__init__.py:544}}
Aug 21 14:35:13 ubuntu devstack@keystone.service[69026]: DEBUG keystone.server.flask.request_processing.middleware.auth_context [None req-79209e44-e492-4734-891d-4ed47dad3bd6 None admin] Validating token access rules against request {{(pid=69026) validate_allowed_request /opt/stack/data/venv/lib/python3.10/site-packages/keystonemiddleware/auth_token/__init__.py:544}}
Aug 21 14:35:13 ubuntu devstack@keystone.service[69027]: DEBUG keystone.server.flask.request_processing.middleware.auth_context [None req-21547a7e-061e-469b-a3d1-712a22a9f0af None admin] RBAC: auth_context: {'token': <TokenModel (audit_id=CRTzdYL9RteizBJNSH-TJg, audit_chain_id=['CRTzdYL9RteizBJNSH-TJg']) at 0x7f2680d9d9c0>, 'domain_id': None, 'trust_id': None, 'trustor_id': None, 'trustee_id': None, 'domain_name': None, 'group_ids': [], 'user_id': 'c57f80d1456e408cb66c8e33dd178af7', 'user_domain_id': 'default', 'system_scope': 'all', 'project_id': None, 'project_domain_id': None, 'roles': ['admin', 'manager', 'member', 'reader'], 'is_admin_project': True, 'service_user_id': None, 'service_user_domain_id': None, 'service_project_id': None, 'service_project_domain_id': None, 'service_roles': []} {{(pid=69027) fill_context /opt/stack/keystone/keystone/server/flask/request_processing/middleware/auth_context.py:511}}
Aug 21 14:35:13 ubuntu devstack@keystone.service[69027]: DEBUG keystone.server.flask.request_processing.req_logging [None req-21547a7e-061e-469b-a3d1-712a22a9f0af None admin] REQUEST_METHOD: `GET` {{(pid=69027) log_request_info /opt/stack/keystone/keystone/server/flask/request_processing/req_logging.py:27}}
Aug 21 14:35:13 ubuntu devstack@keystone.service[69027]: DEBUG keystone.server.flask.request_processing.req_logging [None req-21547a7e-061e-469b-a3d1-712a22a9f0af None admin] SCRIPT_NAME: `/identity` {{(pid=69027) log_request_info /opt/stack/keystone/keystone/server/flask/request_processing/req_logging.py:28}}
Aug 21 14:35:13 ubuntu devstack@keystone.service[69027]: DEBUG keystone.server.flask.request_processing.req_logging [None req-21547a7e-061e-469b-a3d1-712a22a9f0af None admin] PATH_INFO: `/v3/domains/Default` {{(pid=69027) log_request_info /opt/stack/keystone/keystone/server/flask/request_processing/req_logging.py:29}}
Aug 21 14:35:13 ubuntu devstack@keystone.service[69027]: DEBUG keystone.common.rbac_enforcer.enforcer [None req-21547a7e-061e-469b-a3d1-712a22a9f0af None admin] RBAC: Authorizing `identity:get_domain(domain_id=Default)` {{(pid=69027) enforce_call /opt/stack/keystone/keystone/common/rbac_enforcer/enforcer.py:504}}
Aug 21 14:35:13 ubuntu devstack@keystone.service[69027]: DEBUG keystone.common.rbac_enforcer.enforcer [None req-21547a7e-061e-469b-a3d1-712a22a9f0af None admin] RBAC: Authorization granted {{(pid=69027) enforce_call /opt/stack/keystone/keystone/common/rbac_enforcer/enforcer.py:515}}
Aug 21 14:35:13 ubuntu devstack@keystone.service[69026]: DEBUG keystone.server.flask.request_processing.middleware.auth_context [None req-a24ea100-889a-4b9c-8036-c79abb0e3c5f None admin] RBAC: auth_context: {'token': <TokenModel (audit_id=vF6iBGn0R3ua9r9hFXV_dg, audit_chain_id=['vF6iBGn0R3ua9r9hFXV_dg']) at 0x7f2680eb4040>, 'domain_id': None, 'trust_id': None, 'trustor_id': None, 'trustee_id': None, 'domain_name': None, 'group_ids': [], 'user_id': 'c57f80d1456e408cb66c8e33dd178af7', 'user_domain_id': 'default', 'system_scope': 'all', 'project_id': None, 'project_domain_id': None, 'roles': ['admin', 'manager', 'member', 'reader'], 'is_admin_project': True, 'service_user_id': None, 'service_user_domain_id': None, 'service_project_id': None, 'service_project_domain_id': None, 'service_roles': []} {{(pid=69026) fill_context /opt/stack/keystone/keystone/server/flask/request_processing/middleware/auth_context.py:511}}
Aug 21 14:35:13 ubuntu devstack@keystone.service[69026]: DEBUG keystone.server.flask.request_processing.req_logging [None req-a24ea100-889a-4b9c-8036-c79abb0e3c5f None admin] REQUEST_METHOD: `GET` {{(pid=69026) log_request_info /opt/stack/keystone/keystone/server/flask/request_processing/req_logging.py:27}}
Aug 21 14:35:13 ubuntu devstack@keystone.service[69026]: DEBUG keystone.server.flask.request_processing.req_logging [None req-a24ea100-889a-4b9c-8036-c79abb0e3c5f None admin] SCRIPT_NAME: `/identity` {{(pid=69026) log_request_info /opt/stack/keystone/keystone/server/flask/request_processing/req_logging.py:28}}
Aug 21 14:35:13 ubuntu devstack@keystone.service[69026]: DEBUG keystone.server.flask.request_processing.req_logging [None req-a24ea100-889a-4b9c-8036-c79abb0e3c5f None admin] PATH_INFO: `/v3/users/c57f80d1456e408cb66c8e33dd178af7` {{(pid=69026) log_request_info /opt/stack/keystone/keystone/server/flask/request_processing/req_logging.py:29}}
Aug 21 14:35:13 ubuntu devstack@keystone.service[69026]: DEBUG keystone.common.rbac_enforcer.enforcer [None req-a24ea100-889a-4b9c-8036-c79abb0e3c5f None admin] RBAC: Authorizing `identity:get_user(user_id=c57f80d1456e408cb66c8e33dd178af7)` {{(pid=69026) enforce_call /opt/stack/keystone/keystone/common/rbac_enforcer/enforcer.py:504}}
Aug 21 14:35:13 ubuntu devstack@keystone.service[69026]: DEBUG keystone.common.rbac_enforcer.enforcer [None req-a24ea100-889a-4b9c-8036-c79abb0e3c5f None admin] RBAC: Authorization granted {{(pid=69026) enforce_call /opt/stack/keystone/keystone/common/rbac_enforcer/enforcer.py:515}}
Aug 21 14:35:13 ubuntu devstack@keystone.service[69027]: DEBUG keystone.server.flask.application [None req-21547a7e-061e-469b-a3d1-712a22a9f0af None admin] Could not find domain: Default. {{(pid=69027) _handle_keystone_exception /opt/stack/keystone/keystone/server/flask/application.py:96}}
Aug 21 14:35:13 ubuntu devstack@keystone.service[69026]: [pid: 69026|app: 0|req: 9/17] 10.201.5.82 () {56 vars in 1177 bytes} [Wed Aug 21 14:35:13 2024] GET /identity/v3/users/c57f80d1456e408cb66c8e33dd178af7 => generated 247 bytes in 54 msecs (HTTP/1.1 200) 5 headers in 177 bytes (2 switches on core 0)
Aug 21 14:35:13 ubuntu devstack@keystone.service[69027]: [pid: 69027|app: 0|req: 9/18] 10.201.5.82 () {56 vars in 1108 bytes} [Wed Aug 21 14:35:13 2024] GET /identity/v3/domains/Default => generated 87 bytes in 66 msecs (HTTP/1.1 404) 5 headers in 183 bytes (1 switches on core 0)
Aug 21 14:35:13 ubuntu devstack@keystone.service[69026]: DEBUG keystone.server.flask.request_processing.middleware.auth_context [None req-a24ea100-889a-4b9c-8036-c79abb0e3c5f None admin] Authenticating user token {{(pid=69026) process_request /opt/stack/data/venv/lib/python3.10/site-packages/keystonemiddleware/auth_token/__init__.py:406}}
Aug 21 14:35:13 ubuntu devstack@keystone.service[69027]: DEBUG keystone.server.flask.request_processing.middleware.auth_context [None req-21547a7e-061e-469b-a3d1-712a22a9f0af None admin] Authenticating user token {{(pid=69027) process_request /opt/stack/data/venv/lib/python3.10/site-packages/keystonemiddleware/auth_token/__init__.py:406}}
Aug 21 14:35:13 ubuntu devstack@keystone.service[69026]: DEBUG keystone.server.flask.request_processing.middleware.auth_context [None req-a24ea100-889a-4b9c-8036-c79abb0e3c5f None admin] Validating token access rules against request {{(pid=69026) validate_allowed_request /opt/stack/data/venv/lib/python3.10/site-packages/keystonemiddleware/auth_token/__init__.py:544}}
Aug 21 14:35:13 ubuntu devstack@keystone.service[69027]: DEBUG keystone.server.flask.request_processing.middleware.auth_context [None req-21547a7e-061e-469b-a3d1-712a22a9f0af None admin] Validating token access rules against request {{(pid=69027) validate_allowed_request /opt/stack/data/venv/lib/python3.10/site-packages/keystonemiddleware/auth_token/__init__.py:544}}
Aug 21 14:35:13 ubuntu devstack@keystone.service[69026]: DEBUG keystone.server.flask.request_processing.middleware.auth_context [None req-4d8ab406-b807-48cb-a1e4-c4eaf6f2f3c0 None admin] RBAC: auth_context: {'token': <TokenModel (audit_id=vF6iBGn0R3ua9r9hFXV_dg, audit_chain_id=['vF6iBGn0R3ua9r9hFXV_dg']) at 0x7f2680e12c80>, 'domain_id': None, 'trust_id': None, 'trustor_id': None, 'trustee_id': None, 'domain_name': None, 'group_ids': [], 'user_id': 'c57f80d1456e408cb66c8e33dd178af7', 'user_domain_id': 'default', 'system_scope': 'all', 'project_id': None, 'project_domain_id': None, 'roles': ['admin', 'manager', 'member', 'reader'], 'is_admin_project': True, 'service_user_id': None, 'service_user_domain_id': None, 'service_project_id': None, 'service_project_domain_id': None, 'service_roles': []} {{(pid=69026) fill_context /opt/stack/keystone/keystone/server/flask/request_processing/middleware/auth_context.py:511}}
Aug 21 14:35:13 ubuntu devstack@keystone.service[69026]: DEBUG keystone.server.flask.request_processing.req_logging [None req-4d8ab406-b807-48cb-a1e4-c4eaf6f2f3c0 None admin] REQUEST_METHOD: `GET` {{(pid=69026) log_request_info /opt/stack/keystone/keystone/server/flask/request_processing/req_logging.py:27}}
Aug 21 14:35:13 ubuntu devstack@keystone.service[69026]: DEBUG keystone.server.flask.request_processing.req_logging [None req-4d8ab406-b807-48cb-a1e4-c4eaf6f2f3c0 None admin] SCRIPT_NAME: `/identity` {{(pid=69026) log_request_info /opt/stack/keystone/keystone/server/flask/request_processing/req_logging.py:28}}
Aug 21 14:35:13 ubuntu devstack@keystone.service[69026]: DEBUG keystone.server.flask.request_processing.req_logging [None req-4d8ab406-b807-48cb-a1e4-c4eaf6f2f3c0 None admin] PATH_INFO: `/v3/domains/default` {{(pid=69026) log_request_info /opt/stack/keystone/keystone/server/flask/request_processing/req_logging.py:29}}
Aug 21 14:35:13 ubuntu devstack@keystone.service[69026]: DEBUG keystone.common.rbac_enforcer.enforcer [None req-4d8ab406-b807-48cb-a1e4-c4eaf6f2f3c0 None admin] RBAC: Authorizing `identity:get_domain(domain_id=default)` {{(pid=69026) enforce_call /opt/stack/keystone/keystone/common/rbac_enforcer/enforcer.py:504}}
Aug 21 14:35:13 ubuntu devstack@keystone.service[69026]: DEBUG keystone.common.rbac_enforcer.enforcer [None req-4d8ab406-b807-48cb-a1e4-c4eaf6f2f3c0 None admin] RBAC: Authorization granted {{(pid=69026) enforce_call /opt/stack/keystone/keystone/common/rbac_enforcer/enforcer.py:515}}
Aug 21 14:35:13 ubuntu devstack@keystone.service[69026]: [pid: 69026|app: 0|req: 10/19] 10.201.5.82 () {56 vars in 1108 bytes} [Wed Aug 21 14:35:13 2024] GET /identity/v3/domains/default => generated 199 bytes in 53 msecs (HTTP/1.1 200) 5 headers in 177 bytes (1 switches on core 0)
Aug 21 14:35:13 ubuntu devstack@keystone.service[69026]: DEBUG keystone.server.flask.request_processing.middleware.auth_context [None req-4d8ab406-b807-48cb-a1e4-c4eaf6f2f3c0 None admin] Authenticating user token {{(pid=69026) process_request /opt/stack/data/venv/lib/python3.10/site-packages/keystonemiddleware/auth_token/__init__.py:406}}
Aug 21 14:35:13 ubuntu devstack@keystone.service[69027]: DEBUG keystone.server.flask.request_processing.middleware.auth_context [None req-bfc22651-b704-4296-931a-9387463f6467 None admin] RBAC: auth_context: {'token': <TokenModel (audit_id=CRTzdYL9RteizBJNSH-TJg, audit_chain_id=['CRTzdYL9RteizBJNSH-TJg']) at 0x7f2680d9da20>, 'domain_id': None, 'trust_id': None, 'trustor_id': None, 'trustee_id': None, 'domain_name': None, 'group_ids': [], 'user_id': 'c57f80d1456e408cb66c8e33dd178af7', 'user_domain_id': 'default', 'system_scope': 'all', 'project_id': None, 'project_domain_id': None, 'roles': ['admin', 'manager', 'member', 'reader'], 'is_admin_project': True, 'service_user_id': None, 'service_user_domain_id': None, 'service_project_id': None, 'service_project_domain_id': None, 'service_roles': []} {{(pid=69027) fill_context /opt/stack/keystone/keystone/server/flask/request_processing/middleware/auth_context.py:511}}
Aug 21 14:35:13 ubuntu devstack@keystone.service[69027]: DEBUG keystone.server.flask.request_processing.req_logging [None req-bfc22651-b704-4296-931a-9387463f6467 None admin] REQUEST_METHOD: `GET` {{(pid=69027) log_request_info /opt/stack/keystone/keystone/server/flask/request_processing/req_logging.py:27}}
Aug 21 14:35:13 ubuntu devstack@keystone.service[69027]: DEBUG keystone.server.flask.request_processing.req_logging [None req-bfc22651-b704-4296-931a-9387463f6467 None admin] SCRIPT_NAME: `/identity` {{(pid=69027) log_request_info /opt/stack/keystone/keystone/server/flask/request_processing/req_logging.py:28}}
Aug 21 14:35:13 ubuntu devstack@keystone.service[69027]: DEBUG keystone.server.flask.request_processing.req_logging [None req-bfc22651-b704-4296-931a-9387463f6467 None admin] PATH_INFO: `/v3/domains` {{(pid=69027) log_request_info /opt/stack/keystone/keystone/server/flask/request_processing/req_logging.py:29}}
Aug 21 14:35:13 ubuntu devstack@keystone.service[69027]: DEBUG keystone.common.rbac_enforcer.enforcer [None req-bfc22651-b704-4296-931a-9387463f6467 None admin] RBAC: Adding query filter params (name=Default) {{(pid=69027) _extract_filter_values /opt/stack/keystone/keystone/common/rbac_enforcer/enforcer.py:185}}
Aug 21 14:35:13 ubuntu devstack@keystone.service[69027]: DEBUG keystone.common.rbac_enforcer.enforcer [None req-bfc22651-b704-4296-931a-9387463f6467 None admin] RBAC: Authorizing `identity:list_domains()` {{(pid=69027) enforce_call /opt/stack/keystone/keystone/common/rbac_enforcer/enforcer.py:504}}
Aug 21 14:35:13 ubuntu devstack@keystone.service[69027]: DEBUG keystone.common.rbac_enforcer.enforcer [None req-bfc22651-b704-4296-931a-9387463f6467 None admin] RBAC: Authorization granted {{(pid=69027) enforce_call /opt/stack/keystone/keystone/common/rbac_enforcer/enforcer.py:515}}
Aug 21 14:35:13 ubuntu devstack@keystone.service[69027]: [pid: 69027|app: 0|req: 10/20] 10.201.5.82 () {56 vars in 1109 bytes} [Wed Aug 21 14:35:13 2024] GET /identity/v3/domains?name=Default => generated 308 bytes in 61 msecs (HTTP/1.1 200) 5 headers in 177 bytes (2 switches on core 0)
Aug 21 14:35:13 ubuntu devstack@keystone.service[69026]: DEBUG keystone.server.flask.request_processing.middleware.auth_context [None req-4d8ab406-b807-48cb-a1e4-c4eaf6f2f3c0 None admin] Validating token access rules against request {{(pid=69026) validate_allowed_request /opt/stack/data/venv/lib/python3.10/site-packages/keystonemiddleware/auth_token/__init__.py:544}}
Aug 21 14:35:13 ubuntu devstack@keystone.service[69026]: DEBUG keystone.server.flask.request_processing.middleware.auth_context [None req-c3e8eab9-38b9-46bb-a15b-3bec2543c0c1 None admin] RBAC: auth_context: {'token': <TokenModel (audit_id=vF6iBGn0R3ua9r9hFXV_dg, audit_chain_id=['vF6iBGn0R3ua9r9hFXV_dg']) at 0x7f2680dcc880>, 'domain_id': None, 'trust_id': None, 'trustor_id': None, 'trustee_id': None, 'domain_name': None, 'group_ids': [], 'user_id': 'c57f80d1456e408cb66c8e33dd178af7', 'user_domain_id': 'default', 'system_scope': 'all', 'project_id': None, 'project_domain_id': None, 'roles': ['admin', 'manager', 'member', 'reader'], 'is_admin_project': True, 'service_user_id': None, 'service_user_domain_id': None, 'service_project_id': None, 'service_project_domain_id': None, 'service_roles': []} {{(pid=69026) fill_context /opt/stack/keystone/keystone/server/flask/request_processing/middleware/auth_context.py:511}}
Aug 21 14:35:13 ubuntu devstack@keystone.service[69026]: DEBUG keystone.server.flask.request_processing.req_logging [None req-c3e8eab9-38b9-46bb-a15b-3bec2543c0c1 None admin] REQUEST_METHOD: `PUT` {{(pid=69026) log_request_info /opt/stack/keystone/keystone/server/flask/request_processing/req_logging.py:27}}
Aug 21 14:35:13 ubuntu devstack@keystone.service[69026]: DEBUG keystone.server.flask.request_processing.req_logging [None req-c3e8eab9-38b9-46bb-a15b-3bec2543c0c1 None admin] SCRIPT_NAME: `/identity` {{(pid=69026) log_request_info /opt/stack/keystone/keystone/server/flask/request_processing/req_logging.py:28}}
Aug 21 14:35:13 ubuntu devstack@keystone.service[69026]: DEBUG keystone.server.flask.request_processing.req_logging [None req-c3e8eab9-38b9-46bb-a15b-3bec2543c0c1 None admin] PATH_INFO: `/v3/domains/default/users/c57f80d1456e408cb66c8e33dd178af7/roles/771504bf98ea49a0839edc4285a53c0b` {{(pid=69026) log_request_info /opt/stack/keystone/keystone/server/flask/request_processing/req_logging.py:29}}
Aug 21 14:35:13 ubuntu devstack@keystone.service[69026]: DEBUG keystone.common.rbac_enforcer.enforcer [None req-c3e8eab9-38b9-46bb-a15b-3bec2543c0c1 None admin] RBAC: Authorizing `identity:create_grant(domain_id=default, user_id=c57f80d1456e408cb66c8e33dd178af7, role_id=771504bf98ea49a0839edc4285a53c0b)` {{(pid=69026) enforce_call /opt/stack/keystone/keystone/common/rbac_enforcer/enforcer.py:504}}
Aug 21 14:35:13 ubuntu devstack@keystone.service[69026]: DEBUG keystone.common.rbac_enforcer.enforcer [None req-c3e8eab9-38b9-46bb-a15b-3bec2543c0c1 None admin] RBAC: Authorization granted {{(pid=69026) enforce_call /opt/stack/keystone/keystone/common/rbac_enforcer/enforcer.py:515}}
Aug 21 14:35:13 ubuntu devstack@keystone.service[69026]: [pid: 69026|app: 0|req: 11/21] 10.201.5.82 () {58 vars in 1361 bytes} [Wed Aug 21 14:35:13 2024] PUT /identity/v3/domains/default/users/c57f80d1456e408cb66c8e33dd178af7/roles/771504bf98ea49a0839edc4285a53c0b => generated 0 bytes in 120 msecs (HTTP/1.1 204) 3 headers in 132 bytes (0 switches on core 0)
Aug 21 14:35:14 ubuntu devstack@keystone.service[69027]: DEBUG keystone.server.flask.request_processing.req_logging [None req-6c51ba5a-1df3-4aa7-ab50-9451b47547b8 None None] REQUEST_METHOD: `GET` {{(pid=69027) log_request_info /opt/stack/keystone/keystone/server/flask/request_processing/req_logging.py:27}}
Aug 21 14:35:14 ubuntu devstack@keystone.service[69027]: DEBUG keystone.server.flask.request_processing.req_logging [None req-6c51ba5a-1df3-4aa7-ab50-9451b47547b8 None None] SCRIPT_NAME: `/identity` {{(pid=69027) log_request_info /opt/stack/keystone/keystone/server/flask/request_processing/req_logging.py:28}}
Aug 21 14:35:14 ubuntu devstack@keystone.service[69027]: DEBUG keystone.server.flask.request_processing.req_logging [None req-6c51ba5a-1df3-4aa7-ab50-9451b47547b8 None None] PATH_INFO: `/` {{(pid=69027) log_request_info /opt/stack/keystone/keystone/server/flask/request_processing/req_logging.py:29}}
Aug 21 14:35:14 ubuntu devstack@keystone.service[69027]: [pid: 69027|app: 0|req: 11/22] 10.201.5.82 () {54 vars in 926 bytes} [Wed Aug 21 14:35:14 2024] GET /identity => generated 270 bytes in 2 msecs (HTTP/1.1 300) 6 headers in 234 bytes (1 switches on core 0)
Aug 21 14:35:14 ubuntu devstack@keystone.service[69027]: DEBUG keystone.server.flask.request_processing.req_logging [None req-180658c4-d780-4665-9630-05af8cb33f85 None None] REQUEST_METHOD: `GET` {{(pid=69027) log_request_info /opt/stack/keystone/keystone/server/flask/request_processing/req_logging.py:27}}
Aug 21 14:35:14 ubuntu devstack@keystone.service[69027]: DEBUG keystone.server.flask.request_processing.req_logging [None req-180658c4-d780-4665-9630-05af8cb33f85 None None] SCRIPT_NAME: `/identity` {{(pid=69027) log_request_info /opt/stack/keystone/keystone/server/flask/request_processing/req_logging.py:28}}
Aug 21 14:35:14 ubuntu devstack@keystone.service[69027]: DEBUG keystone.server.flask.request_processing.req_logging [None req-180658c4-d780-4665-9630-05af8cb33f85 None None] PATH_INFO: `/` {{(pid=69027) log_request_info /opt/stack/keystone/keystone/server/flask/request_processing/req_logging.py:29}}
Aug 21 14:35:14 ubuntu devstack@keystone.service[69027]: [pid: 69027|app: 0|req: 12/23] 10.201.5.82 () {54 vars in 926 bytes} [Wed Aug 21 14:35:14 2024] GET /identity => generated 270 bytes in 1 msecs (HTTP/1.1 300) 6 headers in 234 bytes (1 switches on core 0)
Aug 21 14:35:14 ubuntu devstack@keystone.service[69026]: DEBUG keystone.server.flask.request_processing.req_logging [None req-ad65feba-26b9-43e5-9b74-44fb0474cb13 None None] REQUEST_METHOD: `POST` {{(pid=69026) log_request_info /opt/stack/keystone/keystone/server/flask/request_processing/req_logging.py:27}}
Aug 21 14:35:14 ubuntu devstack@keystone.service[69026]: DEBUG keystone.server.flask.request_processing.req_logging [None req-ad65feba-26b9-43e5-9b74-44fb0474cb13 None None] SCRIPT_NAME: `/identity` {{(pid=69026) log_request_info /opt/stack/keystone/keystone/server/flask/request_processing/req_logging.py:28}}
Aug 21 14:35:14 ubuntu devstack@keystone.service[69026]: DEBUG keystone.server.flask.request_processing.req_logging [None req-ad65feba-26b9-43e5-9b74-44fb0474cb13 None None] PATH_INFO: `/v3/auth/tokens` {{(pid=69026) log_request_info /opt/stack/keystone/keystone/server/flask/request_processing/req_logging.py:29}}
Aug 21 14:35:14 ubuntu devstack@keystone.service[69027]: DEBUG keystone.server.flask.request_processing.req_logging [None req-84023a3a-fd1e-4699-8a43-07d3d3382944 None None] REQUEST_METHOD: `POST` {{(pid=69027) log_request_info /opt/stack/keystone/keystone/server/flask/request_processing/req_logging.py:27}}
Aug 21 14:35:14 ubuntu devstack@keystone.service[69027]: DEBUG keystone.server.flask.request_processing.req_logging [None req-84023a3a-fd1e-4699-8a43-07d3d3382944 None None] SCRIPT_NAME: `/identity` {{(pid=69027) log_request_info /opt/stack/keystone/keystone/server/flask/request_processing/req_logging.py:28}}
Aug 21 14:35:14 ubuntu devstack@keystone.service[69027]: DEBUG keystone.server.flask.request_processing.req_logging [None req-84023a3a-fd1e-4699-8a43-07d3d3382944 None None] PATH_INFO: `/v3/auth/tokens` {{(pid=69027) log_request_info /opt/stack/keystone/keystone/server/flask/request_processing/req_logging.py:29}}
Aug 21 14:35:14 ubuntu devstack@keystone.service[69027]: WARNING keystone.common.password_hashing [None req-84023a3a-fd1e-4699-8a43-07d3d3382944 None None] Truncating password to algorithm specific maximum length 72 characters.
Aug 21 14:35:14 ubuntu devstack@keystone.service[69026]: WARNING keystone.common.password_hashing [None req-ad65feba-26b9-43e5-9b74-44fb0474cb13 None None] Truncating password to algorithm specific maximum length 72 characters.
Aug 21 14:35:14 ubuntu devstack@keystone.service[69026]: DEBUG passlib.handlers.bcrypt [None req-ad65feba-26b9-43e5-9b74-44fb0474cb13 None None] detected 'bcrypt' backend, version '4.0.1' {{(pid=69026) _load_backend_mixin /opt/stack/data/venv/lib/python3.10/site-packages/passlib/handlers/bcrypt.py:625}}
Aug 21 14:35:14 ubuntu devstack@keystone.service[69026]: DEBUG passlib.handlers.bcrypt [None req-ad65feba-26b9-43e5-9b74-44fb0474cb13 None None] 'bcrypt' backend lacks $2$ support, enabling workaround {{(pid=69026) _finalize_backend_mixin /opt/stack/data/venv/lib/python3.10/site-packages/passlib/handlers/bcrypt.py:406}}
Aug 21 14:35:14 ubuntu devstack@keystone.service[69027]: DEBUG keystone.auth.core [None req-84023a3a-fd1e-4699-8a43-07d3d3382944 None None] MFA Rules not processed for user `c57f80d1456e408cb66c8e33dd178af7`. Rule list: `[]` (Enabled: `True`). {{(pid=69027) check_auth_methods_against_rules /opt/stack/keystone/keystone/auth/core.py:477}}
Aug 21 14:35:14 ubuntu devstack@keystone.service[69027]: DEBUG keystone.common.fernet_utils [None req-84023a3a-fd1e-4699-8a43-07d3d3382944 None None] Loaded 2 Fernet keys from /etc/keystone/fernet-keys/, but `[fernet_tokens] max_active_keys = 3`; perhaps there have not been enough key rotations to reach `max_active_keys` yet? {{(pid=69027) load_keys /opt/stack/keystone/keystone/common/fernet_utils.py:299}}
Aug 21 14:35:14 ubuntu devstack@keystone.service[69026]: DEBUG keystone.auth.core [None req-ad65feba-26b9-43e5-9b74-44fb0474cb13 None None] MFA Rules not processed for user `c57f80d1456e408cb66c8e33dd178af7`. Rule list: `[]` (Enabled: `True`). {{(pid=69026) check_auth_methods_against_rules /opt/stack/keystone/keystone/auth/core.py:477}}
Aug 21 14:35:14 ubuntu devstack@keystone.service[69026]: DEBUG keystone.common.fernet_utils [None req-ad65feba-26b9-43e5-9b74-44fb0474cb13 None None] Loaded 2 Fernet keys from /etc/keystone/fernet-keys/, but `[fernet_tokens] max_active_keys = 3`; perhaps there have not been enough key rotations to reach `max_active_keys` yet? {{(pid=69026) load_keys /opt/stack/keystone/keystone/common/fernet_utils.py:299}}
Aug 21 14:35:14 ubuntu devstack@keystone.service[69027]: [pid: 69027|app: 0|req: 13/24] 10.201.5.82 () {58 vars in 1023 bytes} [Wed Aug 21 14:35:14 2024] POST /identity/v3/auth/tokens => generated 862 bytes in 64 msecs (HTTP/1.1 201) 6 headers in 363 bytes (1 switches on core 0)
Aug 21 14:35:14 ubuntu devstack@keystone.service[69026]: [pid: 69026|app: 0|req: 12/25] 10.201.5.82 () {58 vars in 1023 bytes} [Wed Aug 21 14:35:14 2024] POST /identity/v3/auth/tokens => generated 862 bytes in 89 msecs (HTTP/1.1 201) 6 headers in 363 bytes (1 switches on core 0)
Aug 21 14:35:14 ubuntu devstack@keystone.service[69027]: DEBUG keystone.server.flask.request_processing.middleware.auth_context [None req-84023a3a-fd1e-4699-8a43-07d3d3382944 None None] Authenticating user token {{(pid=69027) process_request /opt/stack/data/venv/lib/python3.10/site-packages/keystonemiddleware/auth_token/__init__.py:406}}
Aug 21 14:35:14 ubuntu devstack@keystone.service[69026]: DEBUG keystone.server.flask.request_processing.middleware.auth_context [None req-ad65feba-26b9-43e5-9b74-44fb0474cb13 None None] Authenticating user token {{(pid=69026) process_request /opt/stack/data/venv/lib/python3.10/site-packages/keystonemiddleware/auth_token/__init__.py:406}}
Aug 21 14:35:14 ubuntu devstack@keystone.service[69027]: DEBUG keystone.server.flask.request_processing.middleware.auth_context [None req-84023a3a-fd1e-4699-8a43-07d3d3382944 None None] Validating token access rules against request {{(pid=69027) validate_allowed_request /opt/stack/data/venv/lib/python3.10/site-packages/keystonemiddleware/auth_token/__init__.py:544}}
Aug 21 14:35:14 ubuntu devstack@keystone.service[69026]: DEBUG keystone.server.flask.request_processing.middleware.auth_context [None req-ad65feba-26b9-43e5-9b74-44fb0474cb13 None None] Validating token access rules against request {{(pid=69026) validate_allowed_request /opt/stack/data/venv/lib/python3.10/site-packages/keystonemiddleware/auth_token/__init__.py:544}}
Aug 21 14:35:14 ubuntu devstack@keystone.service[69027]: DEBUG keystone.server.flask.request_processing.middleware.auth_context [None req-7bc70279-dc7e-4fc8-8589-04939a9e8132 None admin] RBAC: auth_context: {'token': <TokenModel (audit_id=0HRdVO9HSkuICz4e28qTxg, audit_chain_id=['0HRdVO9HSkuICz4e28qTxg']) at 0x7f2680d4b9d0>, 'domain_id': None, 'trust_id': None, 'trustor_id': None, 'trustee_id': None, 'domain_name': None, 'group_ids': [], 'user_id': 'c57f80d1456e408cb66c8e33dd178af7', 'user_domain_id': 'default', 'system_scope': 'all', 'project_id': None, 'project_domain_id': None, 'roles': ['admin', 'manager', 'member', 'reader'], 'is_admin_project': True, 'service_user_id': None, 'service_user_domain_id': None, 'service_project_id': None, 'service_project_domain_id': None, 'service_roles': []} {{(pid=69027) fill_context /opt/stack/keystone/keystone/server/flask/request_processing/middleware/auth_context.py:511}}
Aug 21 14:35:14 ubuntu devstack@keystone.service[69027]: DEBUG keystone.server.flask.request_processing.req_logging [None req-7bc70279-dc7e-4fc8-8589-04939a9e8132 None admin] REQUEST_METHOD: `GET` {{(pid=69027) log_request_info /opt/stack/keystone/keystone/server/flask/request_processing/req_logging.py:27}}
Aug 21 14:35:14 ubuntu devstack@keystone.service[69027]: DEBUG keystone.server.flask.request_processing.req_logging [None req-7bc70279-dc7e-4fc8-8589-04939a9e8132 None admin] SCRIPT_NAME: `/identity` {{(pid=69027) log_request_info /opt/stack/keystone/keystone/server/flask/request_processing/req_logging.py:28}}
Aug 21 14:35:14 ubuntu devstack@keystone.service[69027]: DEBUG keystone.server.flask.request_processing.req_logging [None req-7bc70279-dc7e-4fc8-8589-04939a9e8132 None admin] PATH_INFO: `/v3/roles/admin` {{(pid=69027) log_request_info /opt/stack/keystone/keystone/server/flask/request_processing/req_logging.py:29}}
Aug 21 14:35:14 ubuntu devstack@keystone.service[69027]: DEBUG keystone.common.rbac_enforcer.enforcer [None req-7bc70279-dc7e-4fc8-8589-04939a9e8132 None admin] Extracting inferred target data resulted in "NOT FOUND (404)". {{(pid=69027) enforce_call /opt/stack/keystone/keystone/common/rbac_enforcer/enforcer.py:454}}
Aug 21 14:35:14 ubuntu devstack@keystone.service[69026]: DEBUG keystone.server.flask.request_processing.middleware.auth_context [None req-98e70ff8-a10b-4256-998c-449d80b53008 None admin] RBAC: auth_context: {'token': <TokenModel (audit_id=vpb0Adk9S9uq5Q-HmgYcOQ, audit_chain_id=['vpb0Adk9S9uq5Q-HmgYcOQ']) at 0x7f2681a7a650>, 'domain_id': None, 'trust_id': None, 'trustor_id': None, 'trustee_id': None, 'domain_name': None, 'group_ids': [], 'user_id': 'c57f80d1456e408cb66c8e33dd178af7', 'user_domain_id': 'default', 'system_scope': 'all', 'project_id': None, 'project_domain_id': None, 'roles': ['admin', 'manager', 'member', 'reader'], 'is_admin_project': True, 'service_user_id': None, 'service_user_domain_id': None, 'service_project_id': None, 'service_project_domain_id': None, 'service_roles': []} {{(pid=69026) fill_context /opt/stack/keystone/keystone/server/flask/request_processing/middleware/auth_context.py:511}}
Aug 21 14:35:14 ubuntu devstack@keystone.service[69026]: DEBUG keystone.server.flask.request_processing.req_logging [None req-98e70ff8-a10b-4256-998c-449d80b53008 None admin] REQUEST_METHOD: `GET` {{(pid=69026) log_request_info /opt/stack/keystone/keystone/server/flask/request_processing/req_logging.py:27}}
Aug 21 14:35:14 ubuntu devstack@keystone.service[69026]: DEBUG keystone.server.flask.request_processing.req_logging [None req-98e70ff8-a10b-4256-998c-449d80b53008 None admin] SCRIPT_NAME: `/identity` {{(pid=69026) log_request_info /opt/stack/keystone/keystone/server/flask/request_processing/req_logging.py:28}}
Aug 21 14:35:14 ubuntu devstack@keystone.service[69026]: DEBUG keystone.server.flask.request_processing.req_logging [None req-98e70ff8-a10b-4256-998c-449d80b53008 None admin] PATH_INFO: `/v3/domains/Default` {{(pid=69026) log_request_info /opt/stack/keystone/keystone/server/flask/request_processing/req_logging.py:29}}
Aug 21 14:35:14 ubuntu devstack@keystone.service[69027]: DEBUG keystone.server.flask.application [None req-7bc70279-dc7e-4fc8-8589-04939a9e8132 None admin] Could not find role: admin. {{(pid=69027) _handle_keystone_exception /opt/stack/keystone/keystone/server/flask/application.py:96}}
Aug 21 14:35:14 ubuntu devstack@keystone.service[69027]: [pid: 69027|app: 0|req: 14/26] 10.201.5.82 () {56 vars in 1096 bytes} [Wed Aug 21 14:35:14 2024] GET /identity/v3/roles/admin => generated 83 bytes in 73 msecs (HTTP/1.1 404) 5 headers in 183 bytes (1 switches on core 0)
Aug 21 14:35:14 ubuntu devstack@keystone.service[69027]: DEBUG keystone.server.flask.request_processing.middleware.auth_context [None req-7bc70279-dc7e-4fc8-8589-04939a9e8132 None admin] Authenticating user token {{(pid=69027) process_request /opt/stack/data/venv/lib/python3.10/site-packages/keystonemiddleware/auth_token/__init__.py:406}}
