SHELL=/bin/sh
PWD=/home/ubuntu
LOGNAME=ubuntu
XDG_SESSION_TYPE=tty
MOTD_SHOWN=pam
HOME=/home/ubuntu
LANG=C.UTF-8
SSH_CONNECTION=10.201.4.33 48982 10.201.5.82 22
XDG_SESSION_CLASS=user
USER=ubuntu
SHLVL=1
XDG_SESSION_ID=6
XDG_RUNTIME_DIR=/run/user/1000
SSH_CLIENT=10.201.4.33 48982 22
PATH=/usr/local/sbin:/usr/local/bin:/usr/sbin:/usr/bin:/sbin:/bin:/usr/games:/usr/local/games:/snap/bin
DBUS_SESSION_BUS_ADDRESS=unix:path=/run/user/1000/bus
_=/usr/bin/env
15:12:44 RT program started
15:12:44 RT patch id: refs/changes/35/925535/3 - Calling various functions
15:12:44 RT Inside install_packages
Ign:1 http://security.ubuntu.com/ubuntu jammy-security InRelease
Ign:2 http://archive.ubuntu.com/ubuntu jammy InRelease
Ign:1 http://security.ubuntu.com/ubuntu jammy-security InRelease
Err:3 http://security.ubuntu.com/ubuntu jammy-security Release
  404  Not found [IP: 10.120.125.146 80]
Ign:4 http://archive.ubuntu.com/ubuntu jammy-updates InRelease
Get:5 http://archive.ubuntu.com/ubuntu jammy-backports InRelease [127 kB]
Ign:2 http://archive.ubuntu.com/ubuntu jammy InRelease
Ign:4 http://archive.ubuntu.com/ubuntu jammy-updates InRelease
Get:6 http://archive.ubuntu.com/ubuntu jammy Release [269 kB]
Ign:4 http://archive.ubuntu.com/ubuntu jammy-updates InRelease
Ign:7 http://archive.ubuntu.com/ubuntu jammy Release.gpg
Err:4 http://archive.ubuntu.com/ubuntu jammy-updates InRelease
  Connection failed [IP: 10.120.125.146 80]
Ign:7 http://archive.ubuntu.com/ubuntu jammy Release.gpg
Get:7 http://archive.ubuntu.com/ubuntu jammy Release.gpg [819 B]
Reading package lists...
