Aug 28 10:16:06 ubuntu devstack@g-api.service[118830]: DEBUG glance.common.config [None req-92c64418-451d-4f4b-a31a-1ecef21c56fa None None] barbican_service_user.collect_timing = False {{(pid=118830) log_opt_values /opt/stack/data/venv/lib/python3.10/site-packages/oslo_config/cfg.py:2620}}
Aug 28 10:16:06 ubuntu devstack@g-api.service[118831]: DEBUG glance.common.config [None req-60b83c1c-7137-49c9-a678-e04d2f580c02 None None] database.backend               = sqlalchemy {{(pid=118831) log_opt_values /opt/stack/data/venv/lib/python3.10/site-packages/oslo_config/cfg.py:2620}}
Aug 28 10:16:06 ubuntu devstack@g-api.service[118830]: DEBUG glance.common.config [None req-92c64418-451d-4f4b-a31a-1ecef21c56fa None None] barbican_service_user.insecure = False {{(pid=118830) log_opt_values /opt/stack/data/venv/lib/python3.10/site-packages/oslo_config/cfg.py:2620}}
Aug 28 10:16:06 ubuntu devstack@g-api.service[118830]: DEBUG glance.common.config [None req-92c64418-451d-4f4b-a31a-1ecef21c56fa None None] barbican_service_user.keyfile  = None {{(pid=118830) log_opt_values /opt/stack/data/venv/lib/python3.10/site-packages/oslo_config/cfg.py:2620}}
Aug 28 10:16:06 ubuntu devstack@g-api.service[118831]: DEBUG glance.common.config [None req-60b83c1c-7137-49c9-a678-e04d2f580c02 None None] database.connection            = **** {{(pid=118831) log_opt_values /opt/stack/data/venv/lib/python3.10/site-packages/oslo_config/cfg.py:2620}}
Aug 28 10:16:06 ubuntu devstack@g-api.service[118830]: DEBUG glance.common.config [None req-92c64418-451d-4f4b-a31a-1ecef21c56fa None None] barbican_service_user.split_loggers = False {{(pid=118830) log_opt_values /opt/stack/data/venv/lib/python3.10/site-packages/oslo_config/cfg.py:2620}}
Aug 28 10:16:06 ubuntu devstack@g-api.service[118831]: DEBUG glance.common.config [None req-60b83c1c-7137-49c9-a678-e04d2f580c02 None None] database.connection_debug      = 0 {{(pid=118831) log_opt_values /opt/stack/data/venv/lib/python3.10/site-packages/oslo_config/cfg.py:2620}}
Aug 28 10:16:06 ubuntu devstack@g-api.service[118830]: DEBUG glance.common.config [None req-92c64418-451d-4f4b-a31a-1ecef21c56fa None None] barbican_service_user.timeout  = None {{(pid=118830) log_opt_values /opt/stack/data/venv/lib/python3.10/site-packages/oslo_config/cfg.py:2620}}
Aug 28 10:16:06 ubuntu devstack@g-api.service[118831]: DEBUG glance.common.config [None req-60b83c1c-7137-49c9-a678-e04d2f580c02 None None] database.connection_parameters =  {{(pid=118831) log_opt_values /opt/stack/data/venv/lib/python3.10/site-packages/oslo_config/cfg.py:2620}}
Aug 28 10:16:06 ubuntu devstack@g-api.service[118830]: DEBUG glance.common.config [None req-92c64418-451d-4f4b-a31a-1ecef21c56fa None None] database.backend               = sqlalchemy {{(pid=118830) log_opt_values /opt/stack/data/venv/lib/python3.10/site-packages/oslo_config/cfg.py:2620}}
Aug 28 10:16:06 ubuntu devstack@g-api.service[118831]: DEBUG glance.common.config [None req-60b83c1c-7137-49c9-a678-e04d2f580c02 None None] database.connection_recycle_time = 3600 {{(pid=118831) log_opt_values /opt/stack/data/venv/lib/python3.10/site-packages/oslo_config/cfg.py:2620}}
Aug 28 10:16:06 ubuntu devstack@g-api.service[118830]: DEBUG glance.common.config [None req-92c64418-451d-4f4b-a31a-1ecef21c56fa None None] database.connection            = **** {{(pid=118830) log_opt_values /opt/stack/data/venv/lib/python3.10/site-packages/oslo_config/cfg.py:2620}}
Aug 28 10:16:06 ubuntu devstack@g-api.service[118831]: DEBUG glance.common.config [None req-60b83c1c-7137-49c9-a678-e04d2f580c02 None None] database.connection_trace      = False {{(pid=118831) log_opt_values /opt/stack/data/venv/lib/python3.10/site-packages/oslo_config/cfg.py:2620}}
Aug 28 10:16:06 ubuntu devstack@g-api.service[118830]: DEBUG glance.common.config [None req-92c64418-451d-4f4b-a31a-1ecef21c56fa None None] database.connection_debug      = 0 {{(pid=118830) log_opt_values /opt/stack/data/venv/lib/python3.10/site-packages/oslo_config/cfg.py:2620}}
Aug 28 10:16:06 ubuntu devstack@g-api.service[118831]: DEBUG glance.common.config [None req-60b83c1c-7137-49c9-a678-e04d2f580c02 None None] database.db_inc_retry_interval = True {{(pid=118831) log_opt_values /opt/stack/data/venv/lib/python3.10/site-packages/oslo_config/cfg.py:2620}}
Aug 28 10:16:06 ubuntu devstack@g-api.service[118830]: DEBUG glance.common.config [None req-92c64418-451d-4f4b-a31a-1ecef21c56fa None None] database.connection_parameters =  {{(pid=118830) log_opt_values /opt/stack/data/venv/lib/python3.10/site-packages/oslo_config/cfg.py:2620}}
Aug 28 10:16:06 ubuntu devstack@g-api.service[118831]: DEBUG glance.common.config [None req-60b83c1c-7137-49c9-a678-e04d2f580c02 None None] database.db_max_retries        = 20 {{(pid=118831) log_opt_values /opt/stack/data/venv/lib/python3.10/site-packages/oslo_config/cfg.py:2620}}
Aug 28 10:16:06 ubuntu devstack@g-api.service[118830]: DEBUG glance.common.config [None req-92c64418-451d-4f4b-a31a-1ecef21c56fa None None] database.connection_recycle_time = 3600 {{(pid=118830) log_opt_values /opt/stack/data/venv/lib/python3.10/site-packages/oslo_config/cfg.py:2620}}
Aug 28 10:16:06 ubuntu devstack@g-api.service[118831]: DEBUG glance.common.config [None req-60b83c1c-7137-49c9-a678-e04d2f580c02 None None] database.db_max_retry_interval = 10 {{(pid=118831) log_opt_values /opt/stack/data/venv/lib/python3.10/site-packages/oslo_config/cfg.py:2620}}
Aug 28 10:16:06 ubuntu devstack@g-api.service[118830]: DEBUG glance.common.config [None req-92c64418-451d-4f4b-a31a-1ecef21c56fa None None] database.connection_trace      = False {{(pid=118830) log_opt_values /opt/stack/data/venv/lib/python3.10/site-packages/oslo_config/cfg.py:2620}}
Aug 28 10:16:06 ubuntu devstack@g-api.service[118831]: DEBUG glance.common.config [None req-60b83c1c-7137-49c9-a678-e04d2f580c02 None None] database.db_retry_interval     = 1 {{(pid=118831) log_opt_values /opt/stack/data/venv/lib/python3.10/site-packages/oslo_config/cfg.py:2620}}
Aug 28 10:16:06 ubuntu devstack@g-api.service[118830]: DEBUG glance.common.config [None req-92c64418-451d-4f4b-a31a-1ecef21c56fa None None] database.db_inc_retry_interval = True {{(pid=118830) log_opt_values /opt/stack/data/venv/lib/python3.10/site-packages/oslo_config/cfg.py:2620}}
Aug 28 10:16:06 ubuntu devstack@g-api.service[118831]: DEBUG glance.common.config [None req-60b83c1c-7137-49c9-a678-e04d2f580c02 None None] database.max_overflow          = 50 {{(pid=118831) log_opt_values /opt/stack/data/venv/lib/python3.10/site-packages/oslo_config/cfg.py:2620}}
Aug 28 10:16:06 ubuntu devstack@g-api.service[118830]: DEBUG glance.common.config [None req-92c64418-451d-4f4b-a31a-1ecef21c56fa None None] database.db_max_retries        = 20 {{(pid=118830) log_opt_values /opt/stack/data/venv/lib/python3.10/site-packages/oslo_config/cfg.py:2620}}
Aug 28 10:16:06 ubuntu devstack@g-api.service[118831]: DEBUG glance.common.config [None req-60b83c1c-7137-49c9-a678-e04d2f580c02 None None] database.max_pool_size         = 5 {{(pid=118831) log_opt_values /opt/stack/data/venv/lib/python3.10/site-packages/oslo_config/cfg.py:2620}}
Aug 28 10:16:06 ubuntu devstack@g-api.service[118830]: DEBUG glance.common.config [None req-92c64418-451d-4f4b-a31a-1ecef21c56fa None None] database.db_max_retry_interval = 10 {{(pid=118830) log_opt_values /opt/stack/data/venv/lib/python3.10/site-packages/oslo_config/cfg.py:2620}}
Aug 28 10:16:06 ubuntu devstack@g-api.service[118831]: DEBUG glance.common.config [None req-60b83c1c-7137-49c9-a678-e04d2f580c02 None None] database.max_retries           = 10 {{(pid=118831) log_opt_values /opt/stack/data/venv/lib/python3.10/site-packages/oslo_config/cfg.py:2620}}
Aug 28 10:16:06 ubuntu devstack@g-api.service[118830]: DEBUG glance.common.config [None req-92c64418-451d-4f4b-a31a-1ecef21c56fa None None] database.db_retry_interval     = 1 {{(pid=118830) log_opt_values /opt/stack/data/venv/lib/python3.10/site-packages/oslo_config/cfg.py:2620}}
Aug 28 10:16:06 ubuntu devstack@g-api.service[118831]: DEBUG glance.common.config [None req-60b83c1c-7137-49c9-a678-e04d2f580c02 None None] database.mysql_sql_mode        = TRADITIONAL {{(pid=118831) log_opt_values /opt/stack/data/venv/lib/python3.10/site-packages/oslo_config/cfg.py:2620}}
Aug 28 10:16:06 ubuntu devstack@g-api.service[118830]: DEBUG glance.common.config [None req-92c64418-451d-4f4b-a31a-1ecef21c56fa None None] database.max_overflow          = 50 {{(pid=118830) log_opt_values /opt/stack/data/venv/lib/python3.10/site-packages/oslo_config/cfg.py:2620}}
Aug 28 10:16:06 ubuntu devstack@g-api.service[118831]: DEBUG glance.common.config [None req-60b83c1c-7137-49c9-a678-e04d2f580c02 None None] database.mysql_wsrep_sync_wait = None {{(pid=118831) log_opt_values /opt/stack/data/venv/lib/python3.10/site-packages/oslo_config/cfg.py:2620}}
Aug 28 10:16:06 ubuntu devstack@g-api.service[118831]: DEBUG glance.common.config [None req-60b83c1c-7137-49c9-a678-e04d2f580c02 None None] database.pool_timeout          = None {{(pid=118831) log_opt_values /opt/stack/data/venv/lib/python3.10/site-packages/oslo_config/cfg.py:2620}}
Aug 28 10:16:06 ubuntu devstack@g-api.service[118830]: DEBUG glance.common.config [None req-92c64418-451d-4f4b-a31a-1ecef21c56fa None None] database.max_pool_size         = 5 {{(pid=118830) log_opt_values /opt/stack/data/venv/lib/python3.10/site-packages/oslo_config/cfg.py:2620}}
Aug 28 10:16:06 ubuntu devstack@g-api.service[118831]: DEBUG glance.common.config [None req-60b83c1c-7137-49c9-a678-e04d2f580c02 None None] database.retry_interval        = 10 {{(pid=118831) log_opt_values /opt/stack/data/venv/lib/python3.10/site-packages/oslo_config/cfg.py:2620}}
Aug 28 10:16:06 ubuntu devstack@g-api.service[118830]: DEBUG glance.common.config [None req-92c64418-451d-4f4b-a31a-1ecef21c56fa None None] database.max_retries           = 10 {{(pid=118830) log_opt_values /opt/stack/data/venv/lib/python3.10/site-packages/oslo_config/cfg.py:2620}}
Aug 28 10:16:06 ubuntu devstack@g-api.service[118831]: DEBUG glance.common.config [None req-60b83c1c-7137-49c9-a678-e04d2f580c02 None None] database.slave_connection      = **** {{(pid=118831) log_opt_values /opt/stack/data/venv/lib/python3.10/site-packages/oslo_config/cfg.py:2620}}
Aug 28 10:16:06 ubuntu devstack@g-api.service[118830]: DEBUG glance.common.config [None req-92c64418-451d-4f4b-a31a-1ecef21c56fa None None] database.mysql_sql_mode        = TRADITIONAL {{(pid=118830) log_opt_values /opt/stack/data/venv/lib/python3.10/site-packages/oslo_config/cfg.py:2620}}
Aug 28 10:16:06 ubuntu devstack@g-api.service[118831]: DEBUG glance.common.config [None req-60b83c1c-7137-49c9-a678-e04d2f580c02 None None] database.sqlite_synchronous    = True {{(pid=118831) log_opt_values /opt/stack/data/venv/lib/python3.10/site-packages/oslo_config/cfg.py:2620}}
Aug 28 10:16:06 ubuntu devstack@g-api.service[118830]: DEBUG glance.common.config [None req-92c64418-451d-4f4b-a31a-1ecef21c56fa None None] database.mysql_wsrep_sync_wait = None {{(pid=118830) log_opt_values /opt/stack/data/venv/lib/python3.10/site-packages/oslo_config/cfg.py:2620}}
Aug 28 10:16:06 ubuntu devstack@g-api.service[118831]: DEBUG glance.common.config [None req-60b83c1c-7137-49c9-a678-e04d2f580c02 None None] database.use_db_reconnect      = False {{(pid=118831) log_opt_values /opt/stack/data/venv/lib/python3.10/site-packages/oslo_config/cfg.py:2620}}
Aug 28 10:16:06 ubuntu devstack@g-api.service[118830]: DEBUG glance.common.config [None req-92c64418-451d-4f4b-a31a-1ecef21c56fa None None] database.pool_timeout          = None {{(pid=118830) log_opt_values /opt/stack/data/venv/lib/python3.10/site-packages/oslo_config/cfg.py:2620}}
Aug 28 10:16:06 ubuntu devstack@g-api.service[118831]: DEBUG glance.common.config [None req-60b83c1c-7137-49c9-a678-e04d2f580c02 None None] healthcheck.allowed_source_ranges = [] {{(pid=118831) log_opt_values /opt/stack/data/venv/lib/python3.10/site-packages/oslo_config/cfg.py:2620}}
Aug 28 10:16:06 ubuntu devstack@g-api.service[118830]: DEBUG glance.common.config [None req-92c64418-451d-4f4b-a31a-1ecef21c56fa None None] database.retry_interval        = 10 {{(pid=118830) log_opt_values /opt/stack/data/venv/lib/python3.10/site-packages/oslo_config/cfg.py:2620}}
Aug 28 10:16:06 ubuntu devstack@g-api.service[118831]: DEBUG glance.common.config [None req-60b83c1c-7137-49c9-a678-e04d2f580c02 None None] healthcheck.backends           = ['disable_by_file'] {{(pid=118831) log_opt_values /opt/stack/data/venv/lib/python3.10/site-packages/oslo_config/cfg.py:2620}}
Aug 28 10:16:06 ubuntu devstack@g-api.service[118830]: DEBUG glance.common.config [None req-92c64418-451d-4f4b-a31a-1ecef21c56fa None None] database.slave_connection      = **** {{(pid=118830) log_opt_values /opt/stack/data/venv/lib/python3.10/site-packages/oslo_config/cfg.py:2620}}
Aug 28 10:16:06 ubuntu devstack@g-api.service[118831]: DEBUG glance.common.config [None req-60b83c1c-7137-49c9-a678-e04d2f580c02 None None] healthcheck.detailed           = False {{(pid=118831) log_opt_values /opt/stack/data/venv/lib/python3.10/site-packages/oslo_config/cfg.py:2620}}
Aug 28 10:16:06 ubuntu devstack@g-api.service[118830]: DEBUG glance.common.config [None req-92c64418-451d-4f4b-a31a-1ecef21c56fa None None] database.sqlite_synchronous    = True {{(pid=118830) log_opt_values /opt/stack/data/venv/lib/python3.10/site-packages/oslo_config/cfg.py:2620}}
Aug 28 10:16:06 ubuntu devstack@g-api.service[118831]: DEBUG glance.common.config [None req-60b83c1c-7137-49c9-a678-e04d2f580c02 None None] healthcheck.disable_by_file_path = None {{(pid=118831) log_opt_values /opt/stack/data/venv/lib/python3.10/site-packages/oslo_config/cfg.py:2620}}
Aug 28 10:16:06 ubuntu devstack@g-api.service[118830]: DEBUG glance.common.config [None req-92c64418-451d-4f4b-a31a-1ecef21c56fa None None] database.use_db_reconnect      = False {{(pid=118830) log_opt_values /opt/stack/data/venv/lib/python3.10/site-packages/oslo_config/cfg.py:2620}}
Aug 28 10:16:06 ubuntu devstack@g-api.service[118831]: DEBUG glance.common.config [None req-60b83c1c-7137-49c9-a678-e04d2f580c02 None None] healthcheck.ignore_proxied_requests = False {{(pid=118831) log_opt_values /opt/stack/data/venv/lib/python3.10/site-packages/oslo_config/cfg.py:2620}}
Aug 28 10:16:06 ubuntu devstack@g-api.service[118830]: DEBUG glance.common.config [None req-92c64418-451d-4f4b-a31a-1ecef21c56fa None None] healthcheck.allowed_source_ranges = [] {{(pid=118830) log_opt_values /opt/stack/data/venv/lib/python3.10/site-packages/oslo_config/cfg.py:2620}}
Aug 28 10:16:06 ubuntu devstack@g-api.service[118830]: DEBUG glance.common.config [None req-92c64418-451d-4f4b-a31a-1ecef21c56fa None None] healthcheck.backends           = ['disable_by_file'] {{(pid=118830) log_opt_values /opt/stack/data/venv/lib/python3.10/site-packages/oslo_config/cfg.py:2620}}
Aug 28 10:16:06 ubuntu devstack@g-api.service[118831]: DEBUG glance.common.config [None req-60b83c1c-7137-49c9-a678-e04d2f580c02 None None] healthcheck.path               = /healthcheck {{(pid=118831) log_opt_values /opt/stack/data/venv/lib/python3.10/site-packages/oslo_config/cfg.py:2620}}
Aug 28 10:16:06 ubuntu devstack@g-api.service[118830]: DEBUG glance.common.config [None req-92c64418-451d-4f4b-a31a-1ecef21c56fa None None] healthcheck.detailed           = False {{(pid=118830) log_opt_values /opt/stack/data/venv/lib/python3.10/site-packages/oslo_config/cfg.py:2620}}
Aug 28 10:16:06 ubuntu devstack@g-api.service[118831]: DEBUG glance.common.config [None req-60b83c1c-7137-49c9-a678-e04d2f580c02 None None] ******************************************************************************** {{(pid=118831) log_opt_values /opt/stack/data/venv/lib/python3.10/site-packages/oslo_config/cfg.py:2624}}
Aug 28 10:16:06 ubuntu devstack@g-api.service[118830]: DEBUG glance.common.config [None req-92c64418-451d-4f4b-a31a-1ecef21c56fa None None] healthcheck.disable_by_file_path = None {{(pid=118830) log_opt_values /opt/stack/data/venv/lib/python3.10/site-packages/oslo_config/cfg.py:2620}}
Aug 28 10:16:06 ubuntu devstack@g-api.service[118831]: WSGI app 0 (mountpoint='') ready in 3 seconds on interpreter 0x562901045e00 pid: 118831 (default app)
Aug 28 10:16:06 ubuntu devstack@g-api.service[118830]: DEBUG glance.common.config [None req-92c64418-451d-4f4b-a31a-1ecef21c56fa None None] healthcheck.ignore_proxied_requests = False {{(pid=118830) log_opt_values /opt/stack/data/venv/lib/python3.10/site-packages/oslo_config/cfg.py:2620}}
Aug 28 10:16:06 ubuntu devstack@g-api.service[118830]: DEBUG glance.common.config [None req-92c64418-451d-4f4b-a31a-1ecef21c56fa None None] healthcheck.path               = /healthcheck {{(pid=118830) log_opt_values /opt/stack/data/venv/lib/python3.10/site-packages/oslo_config/cfg.py:2620}}
Aug 28 10:16:06 ubuntu devstack@g-api.service[118830]: DEBUG glance.common.config [None req-92c64418-451d-4f4b-a31a-1ecef21c56fa None None] ******************************************************************************** {{(pid=118830) log_opt_values /opt/stack/data/venv/lib/python3.10/site-packages/oslo_config/cfg.py:2624}}
Aug 28 10:16:06 ubuntu devstack@g-api.service[118830]: WSGI app 0 (mountpoint='') ready in 3 seconds on interpreter 0x562901045e00 pid: 118830 (default app)
Aug 28 10:16:06 ubuntu devstack@g-api.service[118831]: DEBUG glance.api.middleware.version_negotiation [None req-60b83c1c-7137-49c9-a678-e04d2f580c02 None None] Determining version of request: GET / Accept: */* {{(pid=118831) process_request /opt/stack/glance/glance/api/middleware/version_negotiation.py:44}}
Aug 28 10:16:06 ubuntu devstack@g-api.service[118831]: DEBUG glance.api.middleware.version_negotiation [None req-60b83c1c-7137-49c9-a678-e04d2f580c02 None None] Using url versioning {{(pid=118831) process_request /opt/stack/glance/glance/api/middleware/version_negotiation.py:57}}
Aug 28 10:16:06 ubuntu devstack@g-api.service[118831]: DEBUG glance.api.middleware.version_negotiation [None req-60b83c1c-7137-49c9-a678-e04d2f580c02 None None] Unknown version. Returning version choices. {{(pid=118831) process_request /opt/stack/glance/glance/api/middleware/version_negotiation.py:64}}
Aug 28 10:16:06 ubuntu devstack@g-api.service[118831]: [pid: 118831|app: 0|req: 1/1] 127.0.0.1 () {32 vars in 386 bytes} [Wed Aug 28 10:16:06 2024] GET / => generated 1407 bytes in 1 msecs (HTTP/1.1 300) 3 headers in 106 bytes (1 switches on core 0)
Aug 28 10:16:12 ubuntu devstack@g-api.service[118830]: DEBUG glance.api.middleware.version_negotiation [None req-92c64418-451d-4f4b-a31a-1ecef21c56fa None None] Determining version of request: GET / Accept: application/json {{(pid=118830) process_request /opt/stack/glance/glance/api/middleware/version_negotiation.py:44}}
Aug 28 10:16:12 ubuntu devstack@g-api.service[118830]: DEBUG glance.api.middleware.version_negotiation [None req-92c64418-451d-4f4b-a31a-1ecef21c56fa None None] Using url versioning {{(pid=118830) process_request /opt/stack/glance/glance/api/middleware/version_negotiation.py:57}}
Aug 28 10:16:12 ubuntu devstack@g-api.service[118830]: DEBUG glance.api.middleware.version_negotiation [None req-92c64418-451d-4f4b-a31a-1ecef21c56fa None None] Unknown version. Returning version choices. {{(pid=118830) process_request /opt/stack/glance/glance/api/middleware/version_negotiation.py:64}}
Aug 28 10:16:12 ubuntu devstack@g-api.service[118830]: [pid: 118830|app: 0|req: 1/2] 127.0.0.1 () {34 vars in 502 bytes} [Wed Aug 28 10:16:12 2024] GET / => generated 1407 bytes in 5 msecs (HTTP/1.1 300) 3 headers in 106 bytes (1 switches on core 0)
Aug 28 10:16:12 ubuntu devstack@g-api.service[118831]: DEBUG glance.api.middleware.version_negotiation [None req-60b83c1c-7137-49c9-a678-e04d2f580c02 None None] Determining version of request: POST /v2/images Accept: */* {{(pid=118831) process_request /opt/stack/glance/glance/api/middleware/version_negotiation.py:44}}
Aug 28 10:16:12 ubuntu devstack@g-api.service[118831]: DEBUG glance.api.middleware.version_negotiation [None req-60b83c1c-7137-49c9-a678-e04d2f580c02 None None] Using url versioning {{(pid=118831) process_request /opt/stack/glance/glance/api/middleware/version_negotiation.py:57}}
Aug 28 10:16:12 ubuntu devstack@g-api.service[118831]: DEBUG glance.api.middleware.version_negotiation [None req-60b83c1c-7137-49c9-a678-e04d2f580c02 None None] Matched version: v2 {{(pid=118831) process_request /opt/stack/glance/glance/api/middleware/version_negotiation.py:69}}
Aug 28 10:16:12 ubuntu devstack@g-api.service[118831]: DEBUG glance.api.middleware.version_negotiation [None req-60b83c1c-7137-49c9-a678-e04d2f580c02 None None] new path /v2/images {{(pid=118831) process_request /opt/stack/glance/glance/api/middleware/version_negotiation.py:70}}
Aug 28 10:16:13 ubuntu devstack@g-api.service[118831]: [pid: 118831|app: 0|req: 2/3] 127.0.0.1 () {40 vars in 765 bytes} [Wed Aug 28 10:16:12 2024] POST /v2/images => generated 807 bytes in 894 msecs (HTTP/1.1 201) 6 headers in 314 bytes (1 switches on core 0)
Aug 28 10:16:13 ubuntu devstack@g-api.service[118830]: DEBUG glance.api.middleware.version_negotiation [None req-92c64418-451d-4f4b-a31a-1ecef21c56fa None None] Determining version of request: PUT /v2/images/174b0b95-ebbb-4f30-8686-1e8b09d67cbe/file Accept:  {{(pid=118830) process_request /opt/stack/glance/glance/api/middleware/version_negotiation.py:44}}
Aug 28 10:16:13 ubuntu devstack@g-api.service[118830]: DEBUG glance.api.middleware.version_negotiation [None req-92c64418-451d-4f4b-a31a-1ecef21c56fa None None] Using url versioning {{(pid=118830) process_request /opt/stack/glance/glance/api/middleware/version_negotiation.py:57}}
Aug 28 10:16:13 ubuntu devstack@g-api.service[118830]: DEBUG glance.api.middleware.version_negotiation [None req-92c64418-451d-4f4b-a31a-1ecef21c56fa None None] Matched version: v2 {{(pid=118830) process_request /opt/stack/glance/glance/api/middleware/version_negotiation.py:69}}
Aug 28 10:16:13 ubuntu devstack@g-api.service[118830]: DEBUG glance.api.middleware.version_negotiation [None req-92c64418-451d-4f4b-a31a-1ecef21c56fa None None] new path /v2/images/174b0b95-ebbb-4f30-8686-1e8b09d67cbe/file {{(pid=118830) process_request /opt/stack/glance/glance/api/middleware/version_negotiation.py:70}}
Aug 28 10:16:13 ubuntu devstack@g-api.service[118830]: INFO glance.api.v2.image_data [None req-eede8715-a6d4-4f9d-8dda-763f9fd0dcc3 admin admin] Unable to create trust: no such option collect_timing in group [keystone_authtoken] Use the existing user token.
Aug 28 10:16:14 ubuntu devstack@g-api.service[118830]: DEBUG glance.location [None req-eede8715-a6d4-4f9d-8dda-763f9fd0dcc3 admin admin] Enabling in-flight format inspection for qcow2 {{(pid=118830) set_data /opt/stack/glance/glance/location.py:592}}
Aug 28 10:16:14 ubuntu devstack@g-api.service[118830]: DEBUG glance_store.backend [None req-eede8715-a6d4-4f9d-8dda-763f9fd0dcc3 admin admin] Attempting to import store swift {{(pid=118830) _load_store /opt/stack/data/venv/lib/python3.10/site-packages/glance_store/backend.py:216}}
Aug 28 10:16:14 ubuntu devstack@g-api.service[118830]: DEBUG glance_store.capabilities [None req-eede8715-a6d4-4f9d-8dda-763f9fd0dcc3 admin admin] Store glance_store._drivers.swift.store.SingleTenantStore doesn't support updating dynamic storage capabilities. Please overwrite 'update_capabilities' method of the store to implement updating logics if needed. {{(pid=118830) update_capabilities /opt/stack/data/venv/lib/python3.10/site-packages/glance_store/capabilities.py:91}}
Aug 28 10:16:14 ubuntu devstack@g-api.service[118830]: DEBUG glance_store.driver [None req-eede8715-a6d4-4f9d-8dda-763f9fd0dcc3 admin admin] Late loading location class glance_store._drivers.swift.store.StoreLocation {{(pid=118830) get_store_location_class /opt/stack/data/venv/lib/python3.10/site-packages/glance_store/driver.py:133}}
Aug 28 10:16:14 ubuntu devstack@g-api.service[118830]: DEBUG glance_store.location [None req-eede8715-a6d4-4f9d-8dda-763f9fd0dcc3 admin admin] Registering scheme swift+https with {'store': <glance_store._drivers.swift.store.SingleTenantStore object at 0x7f0e2160db70>, 'location_class': <class 'glance_store._drivers.swift.store.StoreLocation'>, 'store_entry': 'swift'} {{(pid=118830) register_scheme_map /opt/stack/data/venv/lib/python3.10/site-packages/glance_store/location.py:146}}
Aug 28 10:16:14 ubuntu devstack@g-api.service[118830]: DEBUG glance_store.location [None req-eede8715-a6d4-4f9d-8dda-763f9fd0dcc3 admin admin] Registering scheme swift+https with {'store': <glance_store._drivers.swift.store.SingleTenantStore object at 0x7f0e2160db70>, 'location_class': <class 'glance_store._drivers.swift.store.StoreLocation'>, 'store_entry': 'swift'} {{(pid=118830) register_scheme_map /opt/stack/data/venv/lib/python3.10/site-packages/glance_store/location.py:146}}
Aug 28 10:16:14 ubuntu devstack@g-api.service[118830]: DEBUG glance_store.location [None req-eede8715-a6d4-4f9d-8dda-763f9fd0dcc3 admin admin] Registering scheme swift with {'store': <glance_store._drivers.swift.store.SingleTenantStore object at 0x7f0e2160db70>, 'location_class': <class 'glance_store._drivers.swift.store.StoreLocation'>, 'store_entry': 'swift'} {{(pid=118830) register_scheme_map /opt/stack/data/venv/lib/python3.10/site-packages/glance_store/location.py:146}}
Aug 28 10:16:14 ubuntu devstack@g-api.service[118830]: DEBUG glance_store.location [None req-eede8715-a6d4-4f9d-8dda-763f9fd0dcc3 admin admin] Registering scheme swift+https with {'store': <glance_store._drivers.swift.store.SingleTenantStore object at 0x7f0e2160db70>, 'location_class': <class 'glance_store._drivers.swift.store.StoreLocation'>, 'store_entry': 'swift'} {{(pid=118830) register_scheme_map /opt/stack/data/venv/lib/python3.10/site-packages/glance_store/location.py:146}}
Aug 28 10:16:14 ubuntu devstack@g-api.service[118830]: DEBUG glance_store.location [None req-eede8715-a6d4-4f9d-8dda-763f9fd0dcc3 admin admin] Registering scheme swift with {'store': <glance_store._drivers.swift.store.SingleTenantStore object at 0x7f0e2160db70>, 'location_class': <class 'glance_store._drivers.swift.store.StoreLocation'>, 'store_entry': 'swift'} {{(pid=118830) register_scheme_map /opt/stack/data/venv/lib/python3.10/site-packages/glance_store/location.py:146}}
Aug 28 10:16:14 ubuntu devstack@g-api.service[118830]: DEBUG glance_store.location [None req-eede8715-a6d4-4f9d-8dda-763f9fd0dcc3 admin admin] Registering scheme swift+http with {'store': <glance_store._drivers.swift.store.SingleTenantStore object at 0x7f0e2160db70>, 'location_class': <class 'glance_store._drivers.swift.store.StoreLocation'>, 'store_entry': 'swift'} {{(pid=118830) register_scheme_map /opt/stack/data/venv/lib/python3.10/site-packages/glance_store/location.py:146}}
Aug 28 10:16:14 ubuntu devstack@g-api.service[118830]: DEBUG glance_store.location [None req-eede8715-a6d4-4f9d-8dda-763f9fd0dcc3 admin admin] Registering scheme swift+https with {'store': <glance_store._drivers.swift.store.SingleTenantStore object at 0x7f0e2160db70>, 'location_class': <class 'glance_store._drivers.swift.store.StoreLocation'>, 'store_entry': 'swift'} {{(pid=118830) register_scheme_map /opt/stack/data/venv/lib/python3.10/site-packages/glance_store/location.py:146}}
Aug 28 10:16:14 ubuntu devstack@g-api.service[118830]: DEBUG glance_store.location [None req-eede8715-a6d4-4f9d-8dda-763f9fd0dcc3 admin admin] Registering scheme swift with {'store': <glance_store._drivers.swift.store.SingleTenantStore object at 0x7f0e2160db70>, 'location_class': <class 'glance_store._drivers.swift.store.StoreLocation'>, 'store_entry': 'swift'} {{(pid=118830) register_scheme_map /opt/stack/data/venv/lib/python3.10/site-packages/glance_store/location.py:146}}
Aug 28 10:16:14 ubuntu devstack@g-api.service[118830]: DEBUG glance_store.location [None req-eede8715-a6d4-4f9d-8dda-763f9fd0dcc3 admin admin] Registering scheme swift+http with {'store': <glance_store._drivers.swift.store.SingleTenantStore object at 0x7f0e2160db70>, 'location_class': <class 'glance_store._drivers.swift.store.StoreLocation'>, 'store_entry': 'swift'} {{(pid=118830) register_scheme_map /opt/stack/data/venv/lib/python3.10/site-packages/glance_store/location.py:146}}
Aug 28 10:16:14 ubuntu devstack@g-api.service[118830]: DEBUG glance_store.location [None req-eede8715-a6d4-4f9d-8dda-763f9fd0dcc3 admin admin] Registering scheme swift+config with {'store': <glance_store._drivers.swift.store.SingleTenantStore object at 0x7f0e2160db70>, 'location_class': <class 'glance_store._drivers.swift.store.StoreLocation'>, 'store_entry': 'swift'} {{(pid=118830) register_scheme_map /opt/stack/data/venv/lib/python3.10/site-packages/glance_store/location.py:146}}
Aug 28 10:16:14 ubuntu devstack@g-api.service[118830]: INFO swiftclient [None req-eede8715-a6d4-4f9d-8dda-763f9fd0dcc3 admin admin] REQ: curl -i http://10.201.5.82:8080/v1/AUTH_4673981ef0f94f1a9a4e49e10c643d3c/glance -I -H "X-Auth-Token: gAAAAABmzvjuk3T1..."
Aug 28 10:16:14 ubuntu devstack@g-api.service[118830]: INFO swiftclient [None req-eede8715-a6d4-4f9d-8dda-763f9fd0dcc3 admin admin] RESP STATUS: 404 Not Found
Aug 28 10:16:14 ubuntu devstack@g-api.service[118830]: INFO swiftclient [None req-eede8715-a6d4-4f9d-8dda-763f9fd0dcc3 admin admin] RESP HEADERS: {'Content-Type': 'text/html; charset=UTF-8', 'Content-Length': '0', 'X-Container-Sharding': 'False', 'X-Trans-Id': 'txee3ae494aa454ffd98a6d-0066cef8ee', 'X-Openstack-Request-Id': 'txee3ae494aa454ffd98a6d-0066cef8ee', 'Date': 'Wed, 28 Aug 2024 10:16:14 GMT'}
Aug 28 10:16:14 ubuntu devstack@g-api.service[118830]: INFO glance_store._drivers.swift.store [None req-eede8715-a6d4-4f9d-8dda-763f9fd0dcc3 admin admin] Creating swift container glance
Aug 28 10:16:14 ubuntu devstack@g-api.service[118830]: DEBUG swiftclient [None req-eede8715-a6d4-4f9d-8dda-763f9fd0dcc3 admin admin] REQ: curl -i http://10.201.5.82:8080/v1/AUTH_4673981ef0f94f1a9a4e49e10c643d3c/glance -X PUT -H "X-Auth-Token: gAAAAABmzvjuk3T1..." -H "Content-Length: 0" {{(pid=118830) http_log /opt/stack/data/venv/lib/python3.10/site-packages/swiftclient/client.py:160}}
Aug 28 10:16:14 ubuntu devstack@g-api.service[118830]: DEBUG swiftclient [None req-eede8715-a6d4-4f9d-8dda-763f9fd0dcc3 admin admin] RESP STATUS: 201 Created {{(pid=118830) http_log /opt/stack/data/venv/lib/python3.10/site-packages/swiftclient/client.py:161}}
Aug 28 10:16:14 ubuntu devstack@g-api.service[118830]: DEBUG swiftclient [None req-eede8715-a6d4-4f9d-8dda-763f9fd0dcc3 admin admin] RESP HEADERS: {'Content-Type': 'text/html; charset=UTF-8', 'Content-Length': '0', 'X-Trans-Id': 'tx421a4dc99e354e3f916a4-0066cef8ee', 'X-Openstack-Request-Id': 'tx421a4dc99e354e3f916a4-0066cef8ee', 'Date': 'Wed, 28 Aug 2024 10:16:14 GMT'} {{(pid=118830) http_log /opt/stack/data/venv/lib/python3.10/site-packages/swiftclient/client.py:162}}
Aug 28 10:16:14 ubuntu devstack@g-api.service[118830]: DEBUG glance_store._drivers.swift.store [None req-eede8715-a6d4-4f9d-8dda-763f9fd0dcc3 admin admin] Adding image object '174b0b95-ebbb-4f30-8686-1e8b09d67cbe' to Swift {{(pid=118830) add /opt/stack/data/venv/lib/python3.10/site-packages/glance_store/_drivers/swift/store.py:941}}
Aug 28 10:16:14 ubuntu devstack@g-api.service[118830]: DEBUG swiftclient [None req-eede8715-a6d4-4f9d-8dda-763f9fd0dcc3 admin admin] REQ: curl -i http://10.201.5.82:8080/v1/AUTH_4673981ef0f94f1a9a4e49e10c643d3c/glance/174b0b95-ebbb-4f30-8686-1e8b09d67cbe -X PUT -H "X-Auth-Token: gAAAAABmzvjuk3T1..." -H "Content-Length: 21430272" {{(pid=118830) http_log /opt/stack/data/venv/lib/python3.10/site-packages/swiftclient/client.py:160}}
Aug 28 10:16:14 ubuntu devstack@g-api.service[118830]: DEBUG swiftclient [None req-eede8715-a6d4-4f9d-8dda-763f9fd0dcc3 admin admin] RESP STATUS: 201 Created {{(pid=118830) http_log /opt/stack/data/venv/lib/python3.10/site-packages/swiftclient/client.py:161}}
Aug 28 10:16:14 ubuntu devstack@g-api.service[118830]: DEBUG swiftclient [None req-eede8715-a6d4-4f9d-8dda-763f9fd0dcc3 admin admin] RESP HEADERS: {'Content-Type': 'text/html; charset=UTF-8', 'Content-Length': '0', 'Etag': 'c8fc807773e5354afe61636071771906', 'Last-Modified': 'Wed, 28 Aug 2024 10:16:15 GMT', 'X-Trans-Id': 'txabc11933798a4f1cad836-0066cef8ee', 'X-Openstack-Request-Id': 'txabc11933798a4f1cad836-0066cef8ee', 'Date': 'Wed, 28 Aug 2024 10:16:14 GMT'} {{(pid=118830) http_log /opt/stack/data/venv/lib/python3.10/site-packages/swiftclient/client.py:162}}
Aug 28 10:16:14 ubuntu devstack@g-api.service[118830]: INFO glance.location [None req-eede8715-a6d4-4f9d-8dda-763f9fd0dcc3 admin admin] Image format matched and virtual size computed: 117440512
Aug 28 10:16:14 ubuntu devstack@g-api.service[118830]: DEBUG glance_store.backend [None req-eede8715-a6d4-4f9d-8dda-763f9fd0dcc3 admin admin] Attempting to import store swift {{(pid=118830) _load_store /opt/stack/data/venv/lib/python3.10/site-packages/glance_store/backend.py:216}}
Aug 28 10:16:14 ubuntu devstack@g-api.service[118830]: DEBUG glance_store.capabilities [None req-eede8715-a6d4-4f9d-8dda-763f9fd0dcc3 admin admin] Store glance_store._drivers.swift.store.SingleTenantStore doesn't support updating dynamic storage capabilities. Please overwrite 'update_capabilities' method of the store to implement updating logics if needed. {{(pid=118830) update_capabilities /opt/stack/data/venv/lib/python3.10/site-packages/glance_store/capabilities.py:91}}
Aug 28 10:16:14 ubuntu devstack@g-api.service[118830]: DEBUG glance_store.driver [None req-eede8715-a6d4-4f9d-8dda-763f9fd0dcc3 admin admin] Late loading location class glance_store._drivers.swift.store.StoreLocation {{(pid=118830) get_store_location_class /opt/stack/data/venv/lib/python3.10/site-packages/glance_store/driver.py:133}}
Aug 28 10:16:14 ubuntu devstack@g-api.service[118830]: DEBUG glance_store.location [None req-eede8715-a6d4-4f9d-8dda-763f9fd0dcc3 admin admin] Registering scheme swift+https with {'store': <glance_store._drivers.swift.store.SingleTenantStore object at 0x7f0e203a3be0>, 'location_class': <class 'glance_store._drivers.swift.store.StoreLocation'>, 'store_entry': 'swift'} {{(pid=118830) register_scheme_map /opt/stack/data/venv/lib/python3.10/site-packages/glance_store/location.py:146}}
Aug 28 10:16:14 ubuntu devstack@g-api.service[118830]: DEBUG glance_store.location [None req-eede8715-a6d4-4f9d-8dda-763f9fd0dcc3 admin admin] Registering scheme swift+https with {'store': <glance_store._drivers.swift.store.SingleTenantStore object at 0x7f0e203a3be0>, 'location_class': <class 'glance_store._drivers.swift.store.StoreLocation'>, 'store_entry': 'swift'} {{(pid=118830) register_scheme_map /opt/stack/data/venv/lib/python3.10/site-packages/glance_store/location.py:146}}
Aug 28 10:16:14 ubuntu devstack@g-api.service[118830]: DEBUG glance_store.location [None req-eede8715-a6d4-4f9d-8dda-763f9fd0dcc3 admin admin] Registering scheme swift with {'store': <glance_store._drivers.swift.store.SingleTenantStore object at 0x7f0e203a3be0>, 'location_class': <class 'glance_store._drivers.swift.store.StoreLocation'>, 'store_entry': 'swift'} {{(pid=118830) register_scheme_map /opt/stack/data/venv/lib/python3.10/site-packages/glance_store/location.py:146}}
Aug 28 10:16:14 ubuntu devstack@g-api.service[118830]: DEBUG glance_store.location [None req-eede8715-a6d4-4f9d-8dda-763f9fd0dcc3 admin admin] Registering scheme swift+https with {'store': <glance_store._drivers.swift.store.SingleTenantStore object at 0x7f0e203a3be0>, 'location_class': <class 'glance_store._drivers.swift.store.StoreLocation'>, 'store_entry': 'swift'} {{(pid=118830) register_scheme_map /opt/stack/data/venv/lib/python3.10/site-packages/glance_store/location.py:146}}
Aug 28 10:16:14 ubuntu devstack@g-api.service[118830]: DEBUG glance_store.location [None req-eede8715-a6d4-4f9d-8dda-763f9fd0dcc3 admin admin] Registering scheme swift with {'store': <glance_store._drivers.swift.store.SingleTenantStore object at 0x7f0e203a3be0>, 'location_class': <class 'glance_store._drivers.swift.store.StoreLocation'>, 'store_entry': 'swift'} {{(pid=118830) register_scheme_map /opt/stack/data/venv/lib/python3.10/site-packages/glance_store/location.py:146}}
Aug 28 10:16:14 ubuntu devstack@g-api.service[118830]: DEBUG glance_store.location [None req-eede8715-a6d4-4f9d-8dda-763f9fd0dcc3 admin admin] Registering scheme swift+http with {'store': <glance_store._drivers.swift.store.SingleTenantStore object at 0x7f0e203a3be0>, 'location_class': <class 'glance_store._drivers.swift.store.StoreLocation'>, 'store_entry': 'swift'} {{(pid=118830) register_scheme_map /opt/stack/data/venv/lib/python3.10/site-packages/glance_store/location.py:146}}
Aug 28 10:16:14 ubuntu devstack@g-api.service[118830]: DEBUG glance_store.location [None req-eede8715-a6d4-4f9d-8dda-763f9fd0dcc3 admin admin] Registering scheme swift+https with {'store': <glance_store._drivers.swift.store.SingleTenantStore object at 0x7f0e203a3be0>, 'location_class': <class 'glance_store._drivers.swift.store.StoreLocation'>, 'store_entry': 'swift'} {{(pid=118830) register_scheme_map /opt/stack/data/venv/lib/python3.10/site-packages/glance_store/location.py:146}}
Aug 28 10:16:14 ubuntu devstack@g-api.service[118830]: DEBUG glance_store.location [None req-eede8715-a6d4-4f9d-8dda-763f9fd0dcc3 admin admin] Registering scheme swift with {'store': <glance_store._drivers.swift.store.SingleTenantStore object at 0x7f0e203a3be0>, 'location_class': <class 'glance_store._drivers.swift.store.StoreLocation'>, 'store_entry': 'swift'} {{(pid=118830) register_scheme_map /opt/stack/data/venv/lib/python3.10/site-packages/glance_store/location.py:146}}
Aug 28 10:16:14 ubuntu devstack@g-api.service[118830]: DEBUG glance_store.location [None req-eede8715-a6d4-4f9d-8dda-763f9fd0dcc3 admin admin] Registering scheme swift+http with {'store': <glance_store._drivers.swift.store.SingleTenantStore object at 0x7f0e203a3be0>, 'location_class': <class 'glance_store._drivers.swift.store.StoreLocation'>, 'store_entry': 'swift'} {{(pid=118830) register_scheme_map /opt/stack/data/venv/lib/python3.10/site-packages/glance_store/location.py:146}}
Aug 28 10:16:14 ubuntu devstack@g-api.service[118830]: DEBUG glance_store.location [None req-eede8715-a6d4-4f9d-8dda-763f9fd0dcc3 admin admin] Registering scheme swift+config with {'store': <glance_store._drivers.swift.store.SingleTenantStore object at 0x7f0e203a3be0>, 'location_class': <class 'glance_store._drivers.swift.store.StoreLocation'>, 'store_entry': 'swift'} {{(pid=118830) register_scheme_map /opt/stack/data/venv/lib/python3.10/site-packages/glance_store/location.py:146}}
Aug 28 10:16:14 ubuntu devstack@g-api.service[118830]: DEBUG glance_store.backend [None req-eede8715-a6d4-4f9d-8dda-763f9fd0dcc3 admin admin] Skipping store.set_acls... not implemented. {{(pid=118830) set_acls /opt/stack/data/venv/lib/python3.10/site-packages/glance_store/backend.py:508}}
Aug 28 10:16:14 ubuntu devstack@g-api.service[118830]: [pid: 118830|app: 0|req: 2/4] 127.0.0.1 () {40 vars in 858 bytes} [Wed Aug 28 10:16:13 2024] PUT /v2/images/174b0b95-ebbb-4f30-8686-1e8b09d67cbe/file => generated 0 bytes in 1756 msecs (HTTP/1.1 204) 4 headers in 171 bytes (1 switches on core 0)
Aug 28 10:16:23 ubuntu devstack@g-api.service[118831]: DEBUG dbcounter [-] [118831] Writing DB stats glance:INSERT=9,glance:SELECT=5 {{(pid=118831) stat_writer /opt/stack/data/venv/lib/python3.10/site-packages/dbcounter.py:115}}
Aug 28 10:16:24 ubuntu devstack@g-api.service[118830]: DEBUG dbcounter [-] [118830] Writing DB stats glance:INSERT=5,glance:SELECT=18,glance:UPDATE=2 {{(pid=118830) stat_writer /opt/stack/data/venv/lib/python3.10/site-packages/dbcounter.py:115}}
Aug 28 10:16:50 ubuntu devstack@g-api.service[118831]: DEBUG glance.api.middleware.version_negotiation [None req-1e023fb2-aeec-462d-99fd-1212871b7a77 admin admin] Determining version of request: GET / Accept: application/json {{(pid=118831) process_request /opt/stack/glance/glance/api/middleware/version_negotiation.py:44}}
Aug 28 10:16:50 ubuntu devstack@g-api.service[118831]: DEBUG glance.api.middleware.version_negotiation [None req-1e023fb2-aeec-462d-99fd-1212871b7a77 admin admin] Using url versioning {{(pid=118831) process_request /opt/stack/glance/glance/api/middleware/version_negotiation.py:57}}
Aug 28 10:16:50 ubuntu devstack@g-api.service[118831]: DEBUG glance.api.middleware.version_negotiation [None req-1e023fb2-aeec-462d-99fd-1212871b7a77 admin admin] Unknown version. Returning version choices. {{(pid=118831) process_request /opt/stack/glance/glance/api/middleware/version_negotiation.py:64}}
Aug 28 10:16:50 ubuntu devstack@g-api.service[118831]: [pid: 118831|app: 0|req: 3/5] 127.0.0.1 () {34 vars in 502 bytes} [Wed Aug 28 10:16:50 2024] GET / => generated 1407 bytes in 7 msecs (HTTP/1.1 300) 3 headers in 106 bytes (1 switches on core 0)
Aug 28 10:16:50 ubuntu devstack@g-api.service[118830]: DEBUG glance.api.middleware.version_negotiation [None req-eede8715-a6d4-4f9d-8dda-763f9fd0dcc3 admin admin] Determining version of request: GET /v2/images Accept: application/json {{(pid=118830) process_request /opt/stack/glance/glance/api/middleware/version_negotiation.py:44}}
Aug 28 10:16:50 ubuntu devstack@g-api.service[118830]: DEBUG glance.api.middleware.version_negotiation [None req-eede8715-a6d4-4f9d-8dda-763f9fd0dcc3 admin admin] Using url versioning {{(pid=118830) process_request /opt/stack/glance/glance/api/middleware/version_negotiation.py:57}}
Aug 28 10:16:50 ubuntu devstack@g-api.service[118830]: DEBUG glance.api.middleware.version_negotiation [None req-eede8715-a6d4-4f9d-8dda-763f9fd0dcc3 admin admin] Matched version: v2 {{(pid=118830) process_request /opt/stack/glance/glance/api/middleware/version_negotiation.py:69}}
Aug 28 10:16:50 ubuntu devstack@g-api.service[118830]: DEBUG glance.api.middleware.version_negotiation [None req-eede8715-a6d4-4f9d-8dda-763f9fd0dcc3 admin admin] new path /v2/images {{(pid=118830) process_request /opt/stack/glance/glance/api/middleware/version_negotiation.py:70}}
Aug 28 10:16:50 ubuntu devstack@g-api.service[118830]: [pid: 118830|app: 0|req: 3/6] 127.0.0.1 () {36 vars in 724 bytes} [Wed Aug 28 10:16:50 2024] GET /v2/images => generated 1045 bytes in 315 msecs (HTTP/1.1 200) 4 headers in 158 bytes (1 switches on core 0)
Aug 28 10:16:55 ubuntu devstack@g-api.service[118831]: DEBUG glance.api.middleware.version_negotiation [None req-1e023fb2-aeec-462d-99fd-1212871b7a77 admin admin] Determining version of request: GET / Accept: application/json {{(pid=118831) process_request /opt/stack/glance/glance/api/middleware/version_negotiation.py:44}}
Aug 28 10:16:55 ubuntu devstack@g-api.service[118831]: DEBUG glance.api.middleware.version_negotiation [None req-1e023fb2-aeec-462d-99fd-1212871b7a77 admin admin] Using url versioning {{(pid=118831) process_request /opt/stack/glance/glance/api/middleware/version_negotiation.py:57}}
Aug 28 10:16:55 ubuntu devstack@g-api.service[118831]: DEBUG glance.api.middleware.version_negotiation [None req-1e023fb2-aeec-462d-99fd-1212871b7a77 admin admin] Unknown version. Returning version choices. {{(pid=118831) process_request /opt/stack/glance/glance/api/middleware/version_negotiation.py:64}}
Aug 28 10:16:55 ubuntu devstack@g-api.service[118831]: [pid: 118831|app: 0|req: 4/7] 127.0.0.1 () {34 vars in 502 bytes} [Wed Aug 28 10:16:55 2024] GET / => generated 1407 bytes in 1 msecs (HTTP/1.1 300) 3 headers in 106 bytes (1 switches on core 0)
Aug 28 10:16:55 ubuntu devstack@g-api.service[118830]: DEBUG glance.api.middleware.version_negotiation [None req-4b81bf79-819c-4a1d-9e46-301dc73e9d8c admin admin] Determining version of request: GET /v2/images/174b0b95-ebbb-4f30-8686-1e8b09d67cbe Accept: */* {{(pid=118830) process_request /opt/stack/glance/glance/api/middleware/version_negotiation.py:44}}
Aug 28 10:16:55 ubuntu devstack@g-api.service[118830]: DEBUG glance.api.middleware.version_negotiation [None req-4b81bf79-819c-4a1d-9e46-301dc73e9d8c admin admin] Using url versioning {{(pid=118830) process_request /opt/stack/glance/glance/api/middleware/version_negotiation.py:57}}
Aug 28 10:16:55 ubuntu devstack@g-api.service[118830]: DEBUG glance.api.middleware.version_negotiation [None req-4b81bf79-819c-4a1d-9e46-301dc73e9d8c admin admin] Matched version: v2 {{(pid=118830) process_request /opt/stack/glance/glance/api/middleware/version_negotiation.py:69}}
Aug 28 10:16:55 ubuntu devstack@g-api.service[118830]: DEBUG glance.api.middleware.version_negotiation [None req-4b81bf79-819c-4a1d-9e46-301dc73e9d8c admin admin] new path /v2/images/174b0b95-ebbb-4f30-8686-1e8b09d67cbe {{(pid=118830) process_request /opt/stack/glance/glance/api/middleware/version_negotiation.py:70}}
Aug 28 10:16:55 ubuntu devstack@g-api.service[118830]: [pid: 118830|app: 0|req: 4/8] 127.0.0.1 () {36 vars in 785 bytes} [Wed Aug 28 10:16:55 2024] GET /v2/images/174b0b95-ebbb-4f30-8686-1e8b09d67cbe => generated 976 bytes in 206 msecs (HTTP/1.1 200) 4 headers in 157 bytes (1 switches on core 0)
Aug 28 10:16:58 ubuntu devstack@g-api.service[118831]: DEBUG glance.api.middleware.version_negotiation [None req-1e023fb2-aeec-462d-99fd-1212871b7a77 admin admin] Determining version of request: GET / Accept: application/json {{(pid=118831) process_request /opt/stack/glance/glance/api/middleware/version_negotiation.py:44}}
Aug 28 10:16:58 ubuntu devstack@g-api.service[118831]: DEBUG glance.api.middleware.version_negotiation [None req-1e023fb2-aeec-462d-99fd-1212871b7a77 admin admin] Using url versioning {{(pid=118831) process_request /opt/stack/glance/glance/api/middleware/version_negotiation.py:57}}
Aug 28 10:16:58 ubuntu devstack@g-api.service[118831]: DEBUG glance.api.middleware.version_negotiation [None req-1e023fb2-aeec-462d-99fd-1212871b7a77 admin admin] Unknown version. Returning version choices. {{(pid=118831) process_request /opt/stack/glance/glance/api/middleware/version_negotiation.py:64}}
Aug 28 10:16:58 ubuntu devstack@g-api.service[118831]: [pid: 118831|app: 0|req: 5/9] 127.0.0.1 () {34 vars in 502 bytes} [Wed Aug 28 10:16:58 2024] GET / => generated 1407 bytes in 1 msecs (HTTP/1.1 300) 3 headers in 106 bytes (1 switches on core 0)
Aug 28 10:16:58 ubuntu devstack@g-api.service[118830]: DEBUG glance.api.middleware.version_negotiation [None req-b3ad7171-10b7-44c2-a916-cea5d23367d8 admin admin] Determining version of request: GET /v2/images/174b0b95-ebbb-4f30-8686-1e8b09d67cbe Accept: */* {{(pid=118830) process_request /opt/stack/glance/glance/api/middleware/version_negotiation.py:44}}
Aug 28 10:16:58 ubuntu devstack@g-api.service[118830]: DEBUG glance.api.middleware.version_negotiation [None req-b3ad7171-10b7-44c2-a916-cea5d23367d8 admin admin] Using url versioning {{(pid=118830) process_request /opt/stack/glance/glance/api/middleware/version_negotiation.py:57}}
Aug 28 10:16:58 ubuntu devstack@g-api.service[118830]: DEBUG glance.api.middleware.version_negotiation [None req-b3ad7171-10b7-44c2-a916-cea5d23367d8 admin admin] Matched version: v2 {{(pid=118830) process_request /opt/stack/glance/glance/api/middleware/version_negotiation.py:69}}
Aug 28 10:16:58 ubuntu devstack@g-api.service[118830]: DEBUG glance.api.middleware.version_negotiation [None req-b3ad7171-10b7-44c2-a916-cea5d23367d8 admin admin] new path /v2/images/174b0b95-ebbb-4f30-8686-1e8b09d67cbe {{(pid=118830) process_request /opt/stack/glance/glance/api/middleware/version_negotiation.py:70}}
Aug 28 10:16:58 ubuntu devstack@g-api.service[118830]: [pid: 118830|app: 0|req: 5/10] 127.0.0.1 () {36 vars in 785 bytes} [Wed Aug 28 10:16:58 2024] GET /v2/images/174b0b95-ebbb-4f30-8686-1e8b09d67cbe => generated 976 bytes in 200 msecs (HTTP/1.1 200) 4 headers in 157 bytes (1 switches on core 0)
Aug 28 10:17:08 ubuntu devstack@g-api.service[118830]: DEBUG dbcounter [-] [118830] Writing DB stats glance:SELECT=5 {{(pid=118830) stat_writer /opt/stack/data/venv/lib/python3.10/site-packages/dbcounter.py:115}}
Aug 28 10:17:50 ubuntu devstack@g-api.service[118831]: DEBUG glance.api.middleware.version_negotiation [None req-1e023fb2-aeec-462d-99fd-1212871b7a77 admin admin] Determining version of request: GET / Accept: application/json {{(pid=118831) process_request /opt/stack/glance/glance/api/middleware/version_negotiation.py:44}}
Aug 28 10:17:50 ubuntu devstack@g-api.service[118831]: DEBUG glance.api.middleware.version_negotiation [None req-1e023fb2-aeec-462d-99fd-1212871b7a77 admin admin] Using url versioning {{(pid=118831) process_request /opt/stack/glance/glance/api/middleware/version_negotiation.py:57}}
Aug 28 10:17:50 ubuntu devstack@g-api.service[118831]: DEBUG glance.api.middleware.version_negotiation [None req-1e023fb2-aeec-462d-99fd-1212871b7a77 admin admin] Unknown version. Returning version choices. {{(pid=118831) process_request /opt/stack/glance/glance/api/middleware/version_negotiation.py:64}}
Aug 28 10:17:50 ubuntu devstack@g-api.service[118831]: [pid: 118831|app: 0|req: 6/11] 127.0.0.1 () {36 vars in 474 bytes} [Wed Aug 28 10:17:50 2024] GET / => generated 1407 bytes in 2 msecs (HTTP/1.1 300) 3 headers in 106 bytes (1 switches on core 0)
Aug 28 10:20:03 ubuntu devstack@g-api.service[118830]: DEBUG glance.api.middleware.version_negotiation [None req-75843530-880e-4330-a626-6e3a12422617 admin admin] Determining version of request: GET /versions Accept: */* {{(pid=118830) process_request /opt/stack/glance/glance/api/middleware/version_negotiation.py:44}}
Aug 28 10:20:03 ubuntu devstack@g-api.service[118830]: [pid: 118830|app: 0|req: 6/12] 127.0.0.1 () {38 vars in 691 bytes} [Wed Aug 28 10:20:03 2024] GET /versions => generated 1407 bytes in 9 msecs (HTTP/1.1 200) 3 headers in 92 bytes (1 switches on core 0)
Aug 28 10:20:03 ubuntu devstack@g-api.service[118831]: DEBUG glance.api.middleware.version_negotiation [None req-1e023fb2-aeec-462d-99fd-1212871b7a77 admin admin] Determining version of request: GET /v2/schemas/image Accept: */* {{(pid=118831) process_request /opt/stack/glance/glance/api/middleware/version_negotiation.py:44}}
