Mar 16 18:24:23 ubuntu devstack@keystone.service[81658]: ERROR keystone.server.flask.application     ret_value = fn(self, *arg, **kw)
Mar 16 18:24:23 ubuntu devstack@keystone.service[81658]: ERROR keystone.server.flask.application   File "/opt/stack/data/venv/lib/python3.10/site-packages/sqlalchemy/orm/session.py", line 1311, in commit
Mar 16 18:24:23 ubuntu devstack@keystone.service[81658]: ERROR keystone.server.flask.application     self._prepare_impl()
Mar 16 18:24:23 ubuntu devstack@keystone.service[81658]: ERROR keystone.server.flask.application   File "<string>", line 2, in _prepare_impl
Mar 16 18:24:23 ubuntu devstack@keystone.service[81658]: ERROR keystone.server.flask.application   File "/opt/stack/data/venv/lib/python3.10/site-packages/sqlalchemy/orm/state_changes.py", line 137, in _go
Mar 16 18:24:23 ubuntu devstack@keystone.service[81658]: ERROR keystone.server.flask.application     ret_value = fn(self, *arg, **kw)
Mar 16 18:24:23 ubuntu devstack@keystone.service[81658]: ERROR keystone.server.flask.application   File "/opt/stack/data/venv/lib/python3.10/site-packages/sqlalchemy/orm/session.py", line 1286, in _prepare_impl
Mar 16 18:24:23 ubuntu devstack@keystone.service[81658]: ERROR keystone.server.flask.application     self.session.flush()
Mar 16 18:24:23 ubuntu devstack@keystone.service[81658]: ERROR keystone.server.flask.application   File "/opt/stack/data/venv/lib/python3.10/site-packages/sqlalchemy/orm/session.py", line 4331, in flush
Mar 16 18:24:23 ubuntu devstack@keystone.service[81658]: ERROR keystone.server.flask.application     self._flush(objects)
Mar 16 18:24:23 ubuntu devstack@keystone.service[81658]: ERROR keystone.server.flask.application   File "/opt/stack/data/venv/lib/python3.10/site-packages/sqlalchemy/orm/session.py", line 4466, in _flush
Mar 16 18:24:23 ubuntu devstack@keystone.service[81658]: ERROR keystone.server.flask.application     with util.safe_reraise():
Mar 16 18:24:23 ubuntu devstack@keystone.service[81658]: ERROR keystone.server.flask.application   File "/opt/stack/data/venv/lib/python3.10/site-packages/sqlalchemy/util/langhelpers.py", line 224, in __exit__
Mar 16 18:24:23 ubuntu devstack@keystone.service[81658]: ERROR keystone.server.flask.application     raise exc_value.with_traceback(exc_tb)
Mar 16 18:24:23 ubuntu devstack@keystone.service[81658]: ERROR keystone.server.flask.application   File "/opt/stack/data/venv/lib/python3.10/site-packages/sqlalchemy/orm/session.py", line 4427, in _flush
Mar 16 18:24:23 ubuntu devstack@keystone.service[81658]: ERROR keystone.server.flask.application     flush_context.execute()
Mar 16 18:24:23 ubuntu devstack@keystone.service[81658]: ERROR keystone.server.flask.application   File "/opt/stack/data/venv/lib/python3.10/site-packages/sqlalchemy/orm/unitofwork.py", line 466, in execute
Mar 16 18:24:23 ubuntu devstack@keystone.service[81658]: ERROR keystone.server.flask.application     rec.execute(self)
Mar 16 18:24:23 ubuntu devstack@keystone.service[81658]: ERROR keystone.server.flask.application   File "/opt/stack/data/venv/lib/python3.10/site-packages/sqlalchemy/orm/unitofwork.py", line 642, in execute
Mar 16 18:24:23 ubuntu devstack@keystone.service[81658]: ERROR keystone.server.flask.application     util.preloaded.orm_persistence.save_obj(
Mar 16 18:24:23 ubuntu devstack@keystone.service[81658]: ERROR keystone.server.flask.application   File "/opt/stack/data/venv/lib/python3.10/site-packages/sqlalchemy/orm/persistence.py", line 93, in save_obj
Mar 16 18:24:23 ubuntu devstack@keystone.service[81658]: ERROR keystone.server.flask.application     _emit_insert_statements(
Mar 16 18:24:23 ubuntu devstack@keystone.service[81658]: ERROR keystone.server.flask.application   File "/opt/stack/data/venv/lib/python3.10/site-packages/sqlalchemy/orm/persistence.py", line 1048, in _emit_insert_statements
Mar 16 18:24:23 ubuntu devstack@keystone.service[81658]: ERROR keystone.server.flask.application     result = connection.execute(
Mar 16 18:24:23 ubuntu devstack@keystone.service[81658]: ERROR keystone.server.flask.application   File "/opt/stack/data/venv/lib/python3.10/site-packages/sqlalchemy/engine/base.py", line 1419, in execute
Mar 16 18:24:23 ubuntu devstack@keystone.service[81658]: ERROR keystone.server.flask.application     return meth(
Mar 16 18:24:23 ubuntu devstack@keystone.service[81658]: ERROR keystone.server.flask.application   File "/opt/stack/data/venv/lib/python3.10/site-packages/sqlalchemy/sql/elements.py", line 527, in _execute_on_connection
Mar 16 18:24:23 ubuntu devstack@keystone.service[81658]: ERROR keystone.server.flask.application     return connection._execute_clauseelement(
Mar 16 18:24:23 ubuntu devstack@keystone.service[81658]: ERROR keystone.server.flask.application   File "/opt/stack/data/venv/lib/python3.10/site-packages/sqlalchemy/engine/base.py", line 1641, in _execute_clauseelement
Mar 16 18:24:23 ubuntu devstack@keystone.service[81658]: ERROR keystone.server.flask.application     ret = self._execute_context(
Mar 16 18:24:23 ubuntu devstack@keystone.service[81658]: ERROR keystone.server.flask.application   File "/opt/stack/data/venv/lib/python3.10/site-packages/sqlalchemy/engine/base.py", line 1846, in _execute_context
Mar 16 18:24:23 ubuntu devstack@keystone.service[81658]: ERROR keystone.server.flask.application     return self._exec_single_context(
Mar 16 18:24:23 ubuntu devstack@keystone.service[81658]: ERROR keystone.server.flask.application   File "/opt/stack/data/venv/lib/python3.10/site-packages/sqlalchemy/engine/base.py", line 1986, in _exec_single_context
Mar 16 18:24:23 ubuntu devstack@keystone.service[81658]: ERROR keystone.server.flask.application     self._handle_dbapi_exception(
Mar 16 18:24:23 ubuntu devstack@keystone.service[81658]: ERROR keystone.server.flask.application   File "/opt/stack/data/venv/lib/python3.10/site-packages/sqlalchemy/engine/base.py", line 2360, in _handle_dbapi_exception
Mar 16 18:24:23 ubuntu devstack@keystone.service[81658]: ERROR keystone.server.flask.application     raise newraise.with_traceback(exc_info[2]) from e
Mar 16 18:24:23 ubuntu devstack@keystone.service[81658]: ERROR keystone.server.flask.application   File "/opt/stack/data/venv/lib/python3.10/site-packages/sqlalchemy/engine/base.py", line 1967, in _exec_single_context
Mar 16 18:24:23 ubuntu devstack@keystone.service[81658]: ERROR keystone.server.flask.application     self.dialect.do_execute(
Mar 16 18:24:23 ubuntu devstack@keystone.service[81658]: ERROR keystone.server.flask.application   File "/opt/stack/data/venv/lib/python3.10/site-packages/sqlalchemy/engine/default.py", line 952, in do_execute
Mar 16 18:24:23 ubuntu devstack@keystone.service[81658]: ERROR keystone.server.flask.application     cursor.execute(statement, parameters)
Mar 16 18:24:23 ubuntu devstack@keystone.service[81658]: ERROR keystone.server.flask.application   File "/opt/stack/data/venv/lib/python3.10/site-packages/pymysql/cursors.py", line 153, in execute
Mar 16 18:24:23 ubuntu devstack@keystone.service[81658]: ERROR keystone.server.flask.application     result = self._query(query)
Mar 16 18:24:23 ubuntu devstack@keystone.service[81658]: ERROR keystone.server.flask.application   File "/opt/stack/data/venv/lib/python3.10/site-packages/pymysql/cursors.py", line 322, in _query
Mar 16 18:24:23 ubuntu devstack@keystone.service[81658]: ERROR keystone.server.flask.application     conn.query(q)
Mar 16 18:24:23 ubuntu devstack@keystone.service[81658]: ERROR keystone.server.flask.application   File "/opt/stack/data/venv/lib/python3.10/site-packages/pymysql/connections.py", line 575, in query
Mar 16 18:24:23 ubuntu devstack@keystone.service[81658]: ERROR keystone.server.flask.application     self._affected_rows = self._read_query_result(unbuffered=unbuffered)
Mar 16 18:24:23 ubuntu devstack@keystone.service[81658]: ERROR keystone.server.flask.application   File "/opt/stack/data/venv/lib/python3.10/site-packages/pymysql/connections.py", line 826, in _read_query_result
Mar 16 18:24:23 ubuntu devstack@keystone.service[81658]: ERROR keystone.server.flask.application     result.read()
Mar 16 18:24:23 ubuntu devstack@keystone.service[81658]: ERROR keystone.server.flask.application   File "/opt/stack/data/venv/lib/python3.10/site-packages/pymysql/connections.py", line 1203, in read
Mar 16 18:24:23 ubuntu devstack@keystone.service[81658]: ERROR keystone.server.flask.application     first_packet = self.connection._read_packet()
Mar 16 18:24:23 ubuntu devstack@keystone.service[81658]: ERROR keystone.server.flask.application   File "/opt/stack/data/venv/lib/python3.10/site-packages/pymysql/connections.py", line 782, in _read_packet
Mar 16 18:24:23 ubuntu devstack@keystone.service[81658]: ERROR keystone.server.flask.application     packet.raise_for_error()
Mar 16 18:24:23 ubuntu devstack@keystone.service[81658]: ERROR keystone.server.flask.application   File "/opt/stack/data/venv/lib/python3.10/site-packages/pymysql/protocol.py", line 219, in raise_for_error
Mar 16 18:24:23 ubuntu devstack@keystone.service[81658]: ERROR keystone.server.flask.application     err.raise_mysql_exception(self._data)
Mar 16 18:24:23 ubuntu devstack@keystone.service[81658]: ERROR keystone.server.flask.application   File "/opt/stack/data/venv/lib/python3.10/site-packages/pymysql/err.py", line 150, in raise_mysql_exception
Mar 16 18:24:23 ubuntu devstack@keystone.service[81658]: ERROR keystone.server.flask.application     raise errorclass(errno, errval)
Mar 16 18:24:23 ubuntu devstack@keystone.service[81658]: ERROR keystone.server.flask.application oslo_db.exception.DBDuplicateEntry: (pymysql.err.IntegrityError) (1062, "Duplicate entry 'service-<<null>>' for key 'role.ixu_role_name_domain_id'")
Mar 16 18:24:23 ubuntu devstack@keystone.service[81658]: ERROR keystone.server.flask.application [SQL: INSERT INTO `role` (id, name, description, extra) VALUES (%(id)s, %(name)s, %(description)s, %(extra)s)]
Mar 16 18:24:23 ubuntu devstack@keystone.service[81658]: ERROR keystone.server.flask.application [parameters: {'id': '8c7e161ff5b34ed28cb0fd92eba948d9', 'name': 'service', 'description': None, 'extra': '{}'}]
Mar 16 18:24:23 ubuntu devstack@keystone.service[81658]: ERROR keystone.server.flask.application (Background on this error at: https://sqlalche.me/e/20/gkpj)
Mar 16 18:24:23 ubuntu devstack@keystone.service[81658]: ERROR keystone.server.flask.application 
Mar 16 18:24:23 ubuntu devstack@keystone.service[81658]: ERROR keystone.server.flask.application During handling of the above exception, another exception occurred:
Mar 16 18:24:23 ubuntu devstack@keystone.service[81658]: ERROR keystone.server.flask.application 
Mar 16 18:24:23 ubuntu devstack@keystone.service[81658]: ERROR keystone.server.flask.application Traceback (most recent call last):
Mar 16 18:24:23 ubuntu devstack@keystone.service[81658]: ERROR keystone.server.flask.application   File "/opt/stack/data/venv/lib/python3.10/site-packages/flask/app.py", line 917, in full_dispatch_request
Mar 16 18:24:23 ubuntu devstack@keystone.service[81658]: ERROR keystone.server.flask.application     rv = self.dispatch_request()
Mar 16 18:24:23 ubuntu devstack@keystone.service[81658]: ERROR keystone.server.flask.application   File "/opt/stack/data/venv/lib/python3.10/site-packages/flask/app.py", line 902, in dispatch_request
Mar 16 18:24:23 ubuntu devstack@keystone.service[81658]: ERROR keystone.server.flask.application     return self.ensure_sync(self.view_functions[rule.endpoint])(**view_args)  # type: ignore[no-any-return]
Mar 16 18:24:23 ubuntu devstack@keystone.service[81658]: ERROR keystone.server.flask.application   File "/opt/stack/data/venv/lib/python3.10/site-packages/flask_restful/__init__.py", line 489, in wrapper
Mar 16 18:24:23 ubuntu devstack@keystone.service[81658]: ERROR keystone.server.flask.application     resp = resource(*args, **kwargs)
Mar 16 18:24:23 ubuntu devstack@keystone.service[81658]: ERROR keystone.server.flask.application   File "/opt/stack/data/venv/lib/python3.10/site-packages/flask/views.py", line 110, in view
Mar 16 18:24:23 ubuntu devstack@keystone.service[81658]: ERROR keystone.server.flask.application     return current_app.ensure_sync(self.dispatch_request)(**kwargs)  # type: ignore[no-any-return]
Mar 16 18:24:23 ubuntu devstack@keystone.service[81658]: ERROR keystone.server.flask.application   File "/opt/stack/data/venv/lib/python3.10/site-packages/flask_restful/__init__.py", line 604, in dispatch_request
Mar 16 18:24:23 ubuntu devstack@keystone.service[81658]: ERROR keystone.server.flask.application     resp = meth(*args, **kwargs)
Mar 16 18:24:23 ubuntu devstack@keystone.service[81658]: ERROR keystone.server.flask.application   File "/opt/stack/keystone/keystone/api/validation/__init__.py", line 86, in wrapper
Mar 16 18:24:23 ubuntu devstack@keystone.service[81658]: ERROR keystone.server.flask.application     return func(*args, **kwargs)
Mar 16 18:24:23 ubuntu devstack@keystone.service[81658]: ERROR keystone.server.flask.application   File "/opt/stack/keystone/keystone/api/validation/__init__.py", line 145, in wrapper
Mar 16 18:24:23 ubuntu devstack@keystone.service[81658]: ERROR keystone.server.flask.application     response = func(*args, **kwargs)
Mar 16 18:24:23 ubuntu devstack@keystone.service[81658]: ERROR keystone.server.flask.application   File "/opt/stack/keystone/keystone/api/roles.py", line 91, in post
Mar 16 18:24:23 ubuntu devstack@keystone.service[81658]: ERROR keystone.server.flask.application     ref = PROVIDERS.role_api.create_role(
Mar 16 18:24:23 ubuntu devstack@keystone.service[81658]: ERROR keystone.server.flask.application   File "/opt/stack/keystone/keystone/common/manager.py", line 114, in wrapped
Mar 16 18:24:23 ubuntu devstack@keystone.service[81658]: ERROR keystone.server.flask.application     __ret_val = __f(*args, **kwargs)
Mar 16 18:24:23 ubuntu devstack@keystone.service[81658]: ERROR keystone.server.flask.application   File "/opt/stack/keystone/keystone/assignment/core.py", line 1526, in create_role
Mar 16 18:24:23 ubuntu devstack@keystone.service[81658]: ERROR keystone.server.flask.application     ret = self.driver.create_role(role_id, role)
Mar 16 18:24:23 ubuntu devstack@keystone.service[81658]: ERROR keystone.server.flask.application   File "/opt/stack/keystone/keystone/common/sql/core.py", line 614, in wrapper
Mar 16 18:24:23 ubuntu devstack@keystone.service[81658]: ERROR keystone.server.flask.application     raise exception.Conflict(type=conflict_type, details=msg)
Mar 16 18:24:23 ubuntu devstack@keystone.service[81658]: ERROR keystone.server.flask.application keystone.exception.Conflict: Conflict occurred attempting to store role - Duplicate entry found with name service.
Mar 16 18:24:23 ubuntu devstack@keystone.service[81658]: ERROR keystone.server.flask.application 
Mar 16 18:24:23 ubuntu devstack@keystone.service[81657]: [pid: 81657|app: 0|req: 20/38] 10.201.5.82 () {56 vars in 1145 bytes} [Mon Mar 16 18:24:23 2026] GET /identity/v3/domains/default => generated 199 bytes in 58 msecs (HTTP/1.1 200) 5 headers in 177 bytes (2 switches on core 0)
Mar 16 18:24:23 ubuntu devstack@keystone.service[81658]: [pid: 81658|app: 0|req: 18/37] 10.201.5.82 () {60 vars in 1168 bytes} [Mon Mar 16 18:24:23 2026] POST /identity/v3/roles => generated 140 bytes in 170 msecs (HTTP/1.1 409) 5 headers in 183 bytes (1 switches on core 0)
Mar 16 18:24:23 ubuntu devstack@keystone.service[81658]: DEBUG keystone.server.flask.request_processing.middleware.auth_context [None req-0965d2bb-a98b-4afa-8d2e-da4fb9e6162d None admin] Authenticating user token {{(pid=81658) process_request /opt/stack/data/venv/lib/python3.10/site-packages/keystonemiddleware/auth_token/__init__.py:407}}
Mar 16 18:24:23 ubuntu devstack@keystone.service[81657]: DEBUG keystone.server.flask.request_processing.middleware.auth_context [None req-cd954308-b0da-4103-ab2d-0fb787083525 None admin] Authenticating user token {{(pid=81657) process_request /opt/stack/data/venv/lib/python3.10/site-packages/keystonemiddleware/auth_token/__init__.py:407}}
Mar 16 18:24:23 ubuntu devstack@keystone.service[81657]: DEBUG keystone.server.flask.request_processing.middleware.auth_context [None req-cd954308-b0da-4103-ab2d-0fb787083525 None admin] Validating token access rules against request {{(pid=81657) validate_allowed_request /opt/stack/data/venv/lib/python3.10/site-packages/keystonemiddleware/auth_token/__init__.py:545}}
Mar 16 18:24:23 ubuntu devstack@keystone.service[81658]: DEBUG keystone.server.flask.request_processing.middleware.auth_context [None req-0965d2bb-a98b-4afa-8d2e-da4fb9e6162d None admin] Validating token access rules against request {{(pid=81658) validate_allowed_request /opt/stack/data/venv/lib/python3.10/site-packages/keystonemiddleware/auth_token/__init__.py:545}}
Mar 16 18:24:23 ubuntu devstack@keystone.service[81657]: DEBUG keystone.server.flask.request_processing.middleware.auth_context [None req-13858fe9-60bc-428f-ba56-9c15f39dfc8d None admin] RBAC: auth_context: {'token': <TokenModel (audit_id=btSgPq6qSy-CCl_gQH7bQA, audit_chain_id=['btSgPq6qSy-CCl_gQH7bQA']) at 0x7f69c8fdbd00>, 'domain_id': None, 'trust_id': None, 'trustor_id': None, 'trustee_id': None, 'domain_name': None, 'group_ids': [], 'user_id': '393dd37ef9494d2493c18c4a455c9d6c', 'user_domain_id': 'default', 'system_scope': 'all', 'project_id': None, 'project_domain_id': None, 'roles': ['admin', 'manager', 'member', 'reader'], 'is_admin_project': True, 'service_user_id': None, 'service_user_domain_id': None, 'service_project_id': None, 'service_project_domain_id': None, 'service_roles': []} {{(pid=81657) fill_context /opt/stack/keystone/keystone/server/flask/request_processing/middleware/auth_context.py:509}}
Mar 16 18:24:23 ubuntu devstack@keystone.service[81657]: DEBUG keystone.server.flask.request_processing.req_logging [None req-13858fe9-60bc-428f-ba56-9c15f39dfc8d None admin] REQUEST_METHOD: `GET` {{(pid=81657) log_request_info /opt/stack/keystone/keystone/server/flask/request_processing/req_logging.py:26}}
Mar 16 18:24:23 ubuntu devstack@keystone.service[81657]: DEBUG keystone.server.flask.request_processing.req_logging [None req-13858fe9-60bc-428f-ba56-9c15f39dfc8d None admin] SCRIPT_NAME: `/identity` {{(pid=81657) log_request_info /opt/stack/keystone/keystone/server/flask/request_processing/req_logging.py:27}}
Mar 16 18:24:23 ubuntu devstack@keystone.service[81658]: DEBUG keystone.server.flask.request_processing.middleware.auth_context [None req-d9e77d21-b623-47d5-abfc-ec7db0703a93 None admin] RBAC: auth_context: {'token': <TokenModel (audit_id=dTekXJUWS162HqWWEuhTHA, audit_chain_id=['dTekXJUWS162HqWWEuhTHA']) at 0x7f69c929a290>, 'domain_id': None, 'trust_id': None, 'trustor_id': None, 'trustee_id': None, 'domain_name': None, 'group_ids': [], 'user_id': '393dd37ef9494d2493c18c4a455c9d6c', 'user_domain_id': 'default', 'system_scope': 'all', 'project_id': None, 'project_domain_id': None, 'roles': ['admin', 'manager', 'member', 'reader'], 'is_admin_project': True, 'service_user_id': None, 'service_user_domain_id': None, 'service_project_id': None, 'service_project_domain_id': None, 'service_roles': []} {{(pid=81658) fill_context /opt/stack/keystone/keystone/server/flask/request_processing/middleware/auth_context.py:509}}
Mar 16 18:24:23 ubuntu devstack@keystone.service[81657]: DEBUG keystone.server.flask.request_processing.req_logging [None req-13858fe9-60bc-428f-ba56-9c15f39dfc8d None admin] PATH_INFO: `/v3/role_assignments` {{(pid=81657) log_request_info /opt/stack/keystone/keystone/server/flask/request_processing/req_logging.py:28}}
Mar 16 18:24:23 ubuntu devstack@keystone.service[81658]: DEBUG keystone.server.flask.request_processing.req_logging [None req-d9e77d21-b623-47d5-abfc-ec7db0703a93 None admin] REQUEST_METHOD: `GET` {{(pid=81658) log_request_info /opt/stack/keystone/keystone/server/flask/request_processing/req_logging.py:26}}
Mar 16 18:24:23 ubuntu devstack@keystone.service[81658]: DEBUG keystone.server.flask.request_processing.req_logging [None req-d9e77d21-b623-47d5-abfc-ec7db0703a93 None admin] SCRIPT_NAME: `/identity` {{(pid=81658) log_request_info /opt/stack/keystone/keystone/server/flask/request_processing/req_logging.py:27}}
Mar 16 18:24:23 ubuntu devstack@keystone.service[81658]: DEBUG keystone.server.flask.request_processing.req_logging [None req-d9e77d21-b623-47d5-abfc-ec7db0703a93 None admin] PATH_INFO: `/v3/roles/service` {{(pid=81658) log_request_info /opt/stack/keystone/keystone/server/flask/request_processing/req_logging.py:28}}
Mar 16 18:24:23 ubuntu devstack@keystone.service[81657]: DEBUG keystone.common.rbac_enforcer.enforcer [None req-13858fe9-60bc-428f-ba56-9c15f39dfc8d None admin] RBAC: Adding query filter params (role.id=5e7f6afef29f4dbd9e15641d5e9af577, scope.domain.id=default, user.id=393dd37ef9494d2493c18c4a455c9d6c) {{(pid=81657) _extract_filter_values /opt/stack/keystone/keystone/common/rbac_enforcer/enforcer.py:176}}
Mar 16 18:24:23 ubuntu devstack@keystone.service[81657]: DEBUG keystone.common.rbac_enforcer.enforcer [None req-13858fe9-60bc-428f-ba56-9c15f39dfc8d None admin] RBAC: Authorizing `identity:list_role_assignments()` {{(pid=81657) enforce_call /opt/stack/keystone/keystone/common/rbac_enforcer/enforcer.py:494}}
Mar 16 18:24:23 ubuntu devstack@keystone.service[81657]: DEBUG keystone.common.rbac_enforcer.enforcer [None req-13858fe9-60bc-428f-ba56-9c15f39dfc8d None admin] RBAC: Authorization granted {{(pid=81657) enforce_call /opt/stack/keystone/keystone/common/rbac_enforcer/enforcer.py:505}}
Mar 16 18:24:23 ubuntu devstack@keystone.service[81658]: DEBUG keystone.common.rbac_enforcer.enforcer [None req-d9e77d21-b623-47d5-abfc-ec7db0703a93 None admin] Extracting inferred target data resulted in "NOT FOUND (404)". {{(pid=81658) enforce_call /opt/stack/keystone/keystone/common/rbac_enforcer/enforcer.py:445}}
Mar 16 18:24:23 ubuntu devstack@keystone.service[81658]: DEBUG keystone.server.flask.application [None req-d9e77d21-b623-47d5-abfc-ec7db0703a93 None admin] Could not find role: service. {{(pid=81658) _handle_keystone_exception /opt/stack/keystone/keystone/server/flask/application.py:146}}
Mar 16 18:24:23 ubuntu devstack@keystone.service[81658]: [pid: 81658|app: 0|req: 19/39] 10.201.5.82 () {56 vars in 1139 bytes} [Mon Mar 16 18:24:23 2026] GET /identity/v3/roles/service => generated 85 bytes in 60 msecs (HTTP/1.1 404) 5 headers in 183 bytes (1 switches on core 0)
Mar 16 18:24:23 ubuntu devstack@keystone.service[81658]: DEBUG keystone.server.flask.request_processing.middleware.auth_context [None req-d9e77d21-b623-47d5-abfc-ec7db0703a93 None admin] Authenticating user token {{(pid=81658) process_request /opt/stack/data/venv/lib/python3.10/site-packages/keystonemiddleware/auth_token/__init__.py:407}}
Mar 16 18:24:23 ubuntu devstack@keystone.service[81657]: [pid: 81657|app: 0|req: 21/40] 10.201.5.82 () {56 vars in 1372 bytes} [Mon Mar 16 18:24:23 2026] GET /identity/v3/role_assignments?role.id=5e7f6afef29f4dbd9e15641d5e9af577&scope.domain.id=default&user.id=393dd37ef9494d2493c18c4a455c9d6c => generated 530 bytes in 61 msecs (HTTP/1.1 200) 5 headers in 177 bytes (1 switches on core 0)
Mar 16 18:24:23 ubuntu devstack@keystone.service[81657]: DEBUG keystone.server.flask.request_processing.middleware.auth_context [None req-13858fe9-60bc-428f-ba56-9c15f39dfc8d None admin] Authenticating user token {{(pid=81657) process_request /opt/stack/data/venv/lib/python3.10/site-packages/keystonemiddleware/auth_token/__init__.py:407}}
Mar 16 18:24:23 ubuntu devstack@keystone.service[81657]: DEBUG keystone.server.flask.request_processing.middleware.auth_context [None req-13858fe9-60bc-428f-ba56-9c15f39dfc8d None admin] Validating token access rules against request {{(pid=81657) validate_allowed_request /opt/stack/data/venv/lib/python3.10/site-packages/keystonemiddleware/auth_token/__init__.py:545}}
Mar 16 18:24:23 ubuntu devstack@keystone.service[81658]: DEBUG keystone.server.flask.request_processing.middleware.auth_context [None req-d9e77d21-b623-47d5-abfc-ec7db0703a93 None admin] Validating token access rules against request {{(pid=81658) validate_allowed_request /opt/stack/data/venv/lib/python3.10/site-packages/keystonemiddleware/auth_token/__init__.py:545}}
Mar 16 18:24:23 ubuntu devstack@keystone.service[81657]: DEBUG keystone.server.flask.request_processing.middleware.auth_context [None req-3486ba65-5306-4354-9345-8f581b744641 None admin] RBAC: auth_context: {'token': <TokenModel (audit_id=dTekXJUWS162HqWWEuhTHA, audit_chain_id=['dTekXJUWS162HqWWEuhTHA']) at 0x7f69c8fdb430>, 'domain_id': None, 'trust_id': None, 'trustor_id': None, 'trustee_id': None, 'domain_name': None, 'group_ids': [], 'user_id': '393dd37ef9494d2493c18c4a455c9d6c', 'user_domain_id': 'default', 'system_scope': 'all', 'project_id': None, 'project_domain_id': None, 'roles': ['admin', 'manager', 'member', 'reader'], 'is_admin_project': True, 'service_user_id': None, 'service_user_domain_id': None, 'service_project_id': None, 'service_project_domain_id': None, 'service_roles': []} {{(pid=81657) fill_context /opt/stack/keystone/keystone/server/flask/request_processing/middleware/auth_context.py:509}}
Mar 16 18:24:23 ubuntu devstack@keystone.service[81657]: DEBUG keystone.server.flask.request_processing.req_logging [None req-3486ba65-5306-4354-9345-8f581b744641 None admin] REQUEST_METHOD: `GET` {{(pid=81657) log_request_info /opt/stack/keystone/keystone/server/flask/request_processing/req_logging.py:26}}
Mar 16 18:24:23 ubuntu devstack@keystone.service[81657]: DEBUG keystone.server.flask.request_processing.req_logging [None req-3486ba65-5306-4354-9345-8f581b744641 None admin] SCRIPT_NAME: `/identity` {{(pid=81657) log_request_info /opt/stack/keystone/keystone/server/flask/request_processing/req_logging.py:27}}
Mar 16 18:24:23 ubuntu devstack@keystone.service[81657]: DEBUG keystone.server.flask.request_processing.req_logging [None req-3486ba65-5306-4354-9345-8f581b744641 None admin] PATH_INFO: `/v3/roles` {{(pid=81657) log_request_info /opt/stack/keystone/keystone/server/flask/request_processing/req_logging.py:28}}
Mar 16 18:24:23 ubuntu devstack@keystone.service[81658]: DEBUG keystone.server.flask.request_processing.middleware.auth_context [None req-71729de2-0a86-40a5-b8bf-1ecb96e896c4 None admin] RBAC: auth_context: {'token': <TokenModel (audit_id=HqXPKULuQB60ebv2igw1tw, audit_chain_id=['HqXPKULuQB60ebv2igw1tw']) at 0x7f69c9e83040>, 'domain_id': None, 'trust_id': None, 'trustor_id': None, 'trustee_id': None, 'domain_name': None, 'group_ids': [], 'user_id': '393dd37ef9494d2493c18c4a455c9d6c', 'user_domain_id': 'default', 'system_scope': 'all', 'project_id': None, 'project_domain_id': None, 'roles': ['admin', 'manager', 'member', 'reader'], 'is_admin_project': True, 'service_user_id': None, 'service_user_domain_id': None, 'service_project_id': None, 'service_project_domain_id': None, 'service_roles': []} {{(pid=81658) fill_context /opt/stack/keystone/keystone/server/flask/request_processing/middleware/auth_context.py:509}}
Mar 16 18:24:23 ubuntu devstack@keystone.service[81658]: DEBUG keystone.server.flask.request_processing.req_logging [None req-71729de2-0a86-40a5-b8bf-1ecb96e896c4 None admin] REQUEST_METHOD: `POST` {{(pid=81658) log_request_info /opt/stack/keystone/keystone/server/flask/request_processing/req_logging.py:26}}
Mar 16 18:24:23 ubuntu devstack@keystone.service[81658]: DEBUG keystone.server.flask.request_processing.req_logging [None req-71729de2-0a86-40a5-b8bf-1ecb96e896c4 None admin] SCRIPT_NAME: `/identity` {{(pid=81658) log_request_info /opt/stack/keystone/keystone/server/flask/request_processing/req_logging.py:27}}
Mar 16 18:24:23 ubuntu devstack@keystone.service[81658]: DEBUG keystone.server.flask.request_processing.req_logging [None req-71729de2-0a86-40a5-b8bf-1ecb96e896c4 None admin] PATH_INFO: `/v3/roles` {{(pid=81658) log_request_info /opt/stack/keystone/keystone/server/flask/request_processing/req_logging.py:28}}
Mar 16 18:24:23 ubuntu devstack@keystone.service[81657]: DEBUG keystone.common.rbac_enforcer.enforcer [None req-3486ba65-5306-4354-9345-8f581b744641 None admin] RBAC: Adding query filter params (name=service) {{(pid=81657) _extract_filter_values /opt/stack/keystone/keystone/common/rbac_enforcer/enforcer.py:176}}
Mar 16 18:24:23 ubuntu devstack@keystone.service[81657]: DEBUG keystone.common.rbac_enforcer.enforcer [None req-3486ba65-5306-4354-9345-8f581b744641 None admin] RBAC: Authorizing `identity:list_roles()` {{(pid=81657) enforce_call /opt/stack/keystone/keystone/common/rbac_enforcer/enforcer.py:494}}
Mar 16 18:24:23 ubuntu devstack@keystone.service[81658]: DEBUG keystone.common.rbac_enforcer.enforcer [None req-71729de2-0a86-40a5-b8bf-1ecb96e896c4 None admin] RBAC: Authorizing `identity:create_role()` {{(pid=81658) enforce_call /opt/stack/keystone/keystone/common/rbac_enforcer/enforcer.py:494}}
Mar 16 18:24:23 ubuntu devstack@keystone.service[81657]: DEBUG keystone.common.rbac_enforcer.enforcer [None req-3486ba65-5306-4354-9345-8f581b744641 None admin] RBAC: Authorization granted {{(pid=81657) enforce_call /opt/stack/keystone/keystone/common/rbac_enforcer/enforcer.py:505}}
Mar 16 18:24:23 ubuntu devstack@keystone.service[81658]: DEBUG keystone.common.rbac_enforcer.enforcer [None req-71729de2-0a86-40a5-b8bf-1ecb96e896c4 None admin] RBAC: Authorization granted {{(pid=81658) enforce_call /opt/stack/keystone/keystone/common/rbac_enforcer/enforcer.py:505}}
Mar 16 18:24:23 ubuntu devstack@keystone.service[81657]: [pid: 81657|app: 0|req: 22/41] 10.201.5.82 () {56 vars in 1153 bytes} [Mon Mar 16 18:24:23 2026] GET /identity/v3/roles?name=service => generated 343 bytes in 59 msecs (HTTP/1.1 200) 5 headers in 177 bytes (2 switches on core 0)
Mar 16 18:24:23 ubuntu devstack@keystone.service[81658]: [pid: 81658|app: 0|req: 20/42] 10.201.5.82 () {60 vars in 1168 bytes} [Mon Mar 16 18:24:23 2026] POST /identity/v3/roles => generated 225 bytes in 71 msecs (HTTP/1.1 201) 5 headers in 182 bytes (1 switches on core 0)
Mar 16 18:24:24 ubuntu devstack@keystone.service[81657]: DEBUG keystone.server.flask.request_processing.req_logging [None req-0da27906-000d-4912-aa08-269a859d8bd1 None None] REQUEST_METHOD: `GET` {{(pid=81657) log_request_info /opt/stack/keystone/keystone/server/flask/request_processing/req_logging.py:26}}
Mar 16 18:24:24 ubuntu devstack@keystone.service[81657]: DEBUG keystone.server.flask.request_processing.req_logging [None req-0da27906-000d-4912-aa08-269a859d8bd1 None None] SCRIPT_NAME: `/identity` {{(pid=81657) log_request_info /opt/stack/keystone/keystone/server/flask/request_processing/req_logging.py:27}}
Mar 16 18:24:24 ubuntu devstack@keystone.service[81657]: DEBUG keystone.server.flask.request_processing.req_logging [None req-0da27906-000d-4912-aa08-269a859d8bd1 None None] PATH_INFO: `/` {{(pid=81657) log_request_info /opt/stack/keystone/keystone/server/flask/request_processing/req_logging.py:28}}
Mar 16 18:24:24 ubuntu devstack@keystone.service[81657]: [pid: 81657|app: 0|req: 23/43] 10.201.5.82 () {54 vars in 920 bytes} [Mon Mar 16 18:24:24 2026] GET /identity => generated 270 bytes in 5 msecs (HTTP/1.1 300) 6 headers in 234 bytes (1 switches on core 0)
Mar 16 18:24:24 ubuntu devstack@keystone.service[81658]: DEBUG keystone.server.flask.request_processing.req_logging [None req-37d0425f-cafd-4455-8a2d-889f8d5fc068 None None] REQUEST_METHOD: `POST` {{(pid=81658) log_request_info /opt/stack/keystone/keystone/server/flask/request_processing/req_logging.py:26}}
Mar 16 18:24:24 ubuntu devstack@keystone.service[81658]: DEBUG keystone.server.flask.request_processing.req_logging [None req-37d0425f-cafd-4455-8a2d-889f8d5fc068 None None] SCRIPT_NAME: `/identity` {{(pid=81658) log_request_info /opt/stack/keystone/keystone/server/flask/request_processing/req_logging.py:27}}
Mar 16 18:24:24 ubuntu devstack@keystone.service[81658]: DEBUG keystone.server.flask.request_processing.req_logging [None req-37d0425f-cafd-4455-8a2d-889f8d5fc068 None None] PATH_INFO: `/v3/auth/tokens` {{(pid=81658) log_request_info /opt/stack/keystone/keystone/server/flask/request_processing/req_logging.py:28}}
Mar 16 18:24:24 ubuntu devstack@keystone.service[81658]: WARNING keystone.common.password_hashing [None req-37d0425f-cafd-4455-8a2d-889f8d5fc068 None None] Truncating password to algorithm specific maximum length 72 characters.
Mar 16 18:24:24 ubuntu devstack@keystone.service[81658]: DEBUG keystone.auth.core [None req-37d0425f-cafd-4455-8a2d-889f8d5fc068 None None] MFA Rules not processed for user `393dd37ef9494d2493c18c4a455c9d6c`. Rule list: `[]` (Enabled: `True`). {{(pid=81658) check_auth_methods_against_rules /opt/stack/keystone/keystone/auth/core.py:476}}
Mar 16 18:24:24 ubuntu devstack@keystone.service[81658]: DEBUG keystone.common.fernet_utils [None req-37d0425f-cafd-4455-8a2d-889f8d5fc068 None None] Loaded 2 Fernet keys from /etc/keystone/fernet-keys/, but `[fernet_tokens] max_active_keys = 3`; perhaps there have not been enough key rotations to reach `max_active_keys` yet? {{(pid=81658) load_keys /opt/stack/keystone/keystone/common/fernet_utils.py:297}}
Mar 16 18:24:24 ubuntu devstack@keystone.service[81657]: DEBUG keystone.server.flask.request_processing.req_logging [None req-750704b8-1732-452c-8029-1f0da8aae4f0 None None] REQUEST_METHOD: `GET` {{(pid=81657) log_request_info /opt/stack/keystone/keystone/server/flask/request_processing/req_logging.py:26}}
Mar 16 18:24:24 ubuntu devstack@keystone.service[81657]: DEBUG keystone.server.flask.request_processing.req_logging [None req-750704b8-1732-452c-8029-1f0da8aae4f0 None None] SCRIPT_NAME: `/identity` {{(pid=81657) log_request_info /opt/stack/keystone/keystone/server/flask/request_processing/req_logging.py:27}}
Mar 16 18:24:24 ubuntu devstack@keystone.service[81657]: DEBUG keystone.server.flask.request_processing.req_logging [None req-750704b8-1732-452c-8029-1f0da8aae4f0 None None] PATH_INFO: `/` {{(pid=81657) log_request_info /opt/stack/keystone/keystone/server/flask/request_processing/req_logging.py:28}}
Mar 16 18:24:24 ubuntu devstack@keystone.service[81657]: [pid: 81657|app: 0|req: 24/44] 10.201.5.82 () {54 vars in 920 bytes} [Mon Mar 16 18:24:24 2026] GET /identity => generated 270 bytes in 4 msecs (HTTP/1.1 300) 6 headers in 234 bytes (1 switches on core 0)
Mar 16 18:24:24 ubuntu devstack@keystone.service[81657]: DEBUG keystone.server.flask.request_processing.req_logging [None req-6dd35597-6491-405c-9844-3956e77c9336 None None] REQUEST_METHOD: `POST` {{(pid=81657) log_request_info /opt/stack/keystone/keystone/server/flask/request_processing/req_logging.py:26}}
Mar 16 18:24:24 ubuntu devstack@keystone.service[81657]: DEBUG keystone.server.flask.request_processing.req_logging [None req-6dd35597-6491-405c-9844-3956e77c9336 None None] SCRIPT_NAME: `/identity` {{(pid=81657) log_request_info /opt/stack/keystone/keystone/server/flask/request_processing/req_logging.py:27}}
Mar 16 18:24:24 ubuntu devstack@keystone.service[81657]: DEBUG keystone.server.flask.request_processing.req_logging [None req-6dd35597-6491-405c-9844-3956e77c9336 None None] PATH_INFO: `/v3/auth/tokens` {{(pid=81657) log_request_info /opt/stack/keystone/keystone/server/flask/request_processing/req_logging.py:28}}
Mar 16 18:24:24 ubuntu devstack@keystone.service[81658]: [pid: 81658|app: 0|req: 21/45] 10.201.5.82 () {58 vars in 1017 bytes} [Mon Mar 16 18:24:24 2026] POST /identity/v3/auth/tokens => generated 862 bytes in 57 msecs (HTTP/1.1 201) 6 headers in 363 bytes (1 switches on core 0)
Mar 16 18:24:24 ubuntu devstack@keystone.service[81657]: WARNING keystone.common.password_hashing [None req-6dd35597-6491-405c-9844-3956e77c9336 None None] Truncating password to algorithm specific maximum length 72 characters.
Mar 16 18:24:24 ubuntu devstack@keystone.service[81657]: DEBUG keystone.auth.core [None req-6dd35597-6491-405c-9844-3956e77c9336 None None] MFA Rules not processed for user `393dd37ef9494d2493c18c4a455c9d6c`. Rule list: `[]` (Enabled: `True`). {{(pid=81657) check_auth_methods_against_rules /opt/stack/keystone/keystone/auth/core.py:476}}
Mar 16 18:24:24 ubuntu devstack@keystone.service[81657]: DEBUG keystone.common.fernet_utils [None req-6dd35597-6491-405c-9844-3956e77c9336 None None] Loaded 2 Fernet keys from /etc/keystone/fernet-keys/, but `[fernet_tokens] max_active_keys = 3`; perhaps there have not been enough key rotations to reach `max_active_keys` yet? {{(pid=81657) load_keys /opt/stack/keystone/keystone/common/fernet_utils.py:297}}
Mar 16 18:24:24 ubuntu devstack@keystone.service[81657]: [pid: 81657|app: 0|req: 25/46] 10.201.5.82 () {58 vars in 1017 bytes} [Mon Mar 16 18:24:24 2026] POST /identity/v3/auth/tokens => generated 862 bytes in 55 msecs (HTTP/1.1 201) 6 headers in 363 bytes (1 switches on core 0)
Mar 16 18:24:24 ubuntu devstack@keystone.service[81658]: DEBUG keystone.server.flask.request_processing.middleware.auth_context [None req-37d0425f-cafd-4455-8a2d-889f8d5fc068 None None] Authenticating user token {{(pid=81658) process_request /opt/stack/data/venv/lib/python3.10/site-packages/keystonemiddleware/auth_token/__init__.py:407}}
Mar 16 18:24:24 ubuntu devstack@keystone.service[81658]: DEBUG keystone.server.flask.request_processing.middleware.auth_context [None req-37d0425f-cafd-4455-8a2d-889f8d5fc068 None None] Validating token access rules against request {{(pid=81658) validate_allowed_request /opt/stack/data/venv/lib/python3.10/site-packages/keystonemiddleware/auth_token/__init__.py:545}}
Mar 16 18:24:24 ubuntu devstack@keystone.service[81658]: DEBUG keystone.server.flask.request_processing.middleware.auth_context [None req-bd69efda-8c49-4980-9929-f1dcb21ca37f None admin] RBAC: auth_context: {'token': <TokenModel (audit_id=XZtfL24rTS2S5Y9RjBLHLQ, audit_chain_id=['XZtfL24rTS2S5Y9RjBLHLQ']) at 0x7f69c9e362f0>, 'domain_id': None, 'trust_id': None, 'trustor_id': None, 'trustee_id': None, 'domain_name': None, 'group_ids': [], 'user_id': '393dd37ef9494d2493c18c4a455c9d6c', 'user_domain_id': 'default', 'system_scope': 'all', 'project_id': None, 'project_domain_id': None, 'roles': ['admin', 'manager', 'member', 'reader'], 'is_admin_project': True, 'service_user_id': None, 'service_user_domain_id': None, 'service_project_id': None, 'service_project_domain_id': None, 'service_roles': []} {{(pid=81658) fill_context /opt/stack/keystone/keystone/server/flask/request_processing/middleware/auth_context.py:509}}
Mar 16 18:24:24 ubuntu devstack@keystone.service[81658]: DEBUG keystone.server.flask.request_processing.req_logging [None req-bd69efda-8c49-4980-9929-f1dcb21ca37f None admin] REQUEST_METHOD: `GET` {{(pid=81658) log_request_info /opt/stack/keystone/keystone/server/flask/request_processing/req_logging.py:26}}
Mar 16 18:24:24 ubuntu devstack@keystone.service[81658]: DEBUG keystone.server.flask.request_processing.req_logging [None req-bd69efda-8c49-4980-9929-f1dcb21ca37f None admin] SCRIPT_NAME: `/identity` {{(pid=81658) log_request_info /opt/stack/keystone/keystone/server/flask/request_processing/req_logging.py:27}}
Mar 16 18:24:24 ubuntu devstack@keystone.service[81658]: DEBUG keystone.server.flask.request_processing.req_logging [None req-bd69efda-8c49-4980-9929-f1dcb21ca37f None admin] PATH_INFO: `/v3/domains/default` {{(pid=81658) log_request_info /opt/stack/keystone/keystone/server/flask/request_processing/req_logging.py:28}}
Mar 16 18:24:24 ubuntu devstack@keystone.service[81658]: DEBUG keystone.common.rbac_enforcer.enforcer [None req-bd69efda-8c49-4980-9929-f1dcb21ca37f None admin] RBAC: Authorizing `identity:get_domain(domain_id=default)` {{(pid=81658) enforce_call /opt/stack/keystone/keystone/common/rbac_enforcer/enforcer.py:494}}
Mar 16 18:24:24 ubuntu devstack@keystone.service[81657]: DEBUG keystone.server.flask.request_processing.middleware.auth_context [None req-6dd35597-6491-405c-9844-3956e77c9336 None None] Authenticating user token {{(pid=81657) process_request /opt/stack/data/venv/lib/python3.10/site-packages/keystonemiddleware/auth_token/__init__.py:407}}
Mar 16 18:24:24 ubuntu devstack@keystone.service[81658]: DEBUG keystone.common.rbac_enforcer.enforcer [None req-bd69efda-8c49-4980-9929-f1dcb21ca37f None admin] RBAC: Authorization granted {{(pid=81658) enforce_call /opt/stack/keystone/keystone/common/rbac_enforcer/enforcer.py:505}}
Mar 16 18:24:24 ubuntu devstack@keystone.service[81658]: [pid: 81658|app: 0|req: 22/47] 10.201.5.82 () {56 vars in 1145 bytes} [Mon Mar 16 18:24:24 2026] GET /identity/v3/domains/default => generated 199 bytes in 63 msecs (HTTP/1.1 200) 5 headers in 177 bytes (1 switches on core 0)
Mar 16 18:24:24 ubuntu devstack@keystone.service[81658]: DEBUG keystone.server.flask.request_processing.middleware.auth_context [None req-bd69efda-8c49-4980-9929-f1dcb21ca37f None admin] Authenticating user token {{(pid=81658) process_request /opt/stack/data/venv/lib/python3.10/site-packages/keystonemiddleware/auth_token/__init__.py:407}}
Mar 16 18:24:24 ubuntu devstack@keystone.service[81657]: DEBUG keystone.server.flask.request_processing.middleware.auth_context [None req-6dd35597-6491-405c-9844-3956e77c9336 None None] Validating token access rules against request {{(pid=81657) validate_allowed_request /opt/stack/data/venv/lib/python3.10/site-packages/keystonemiddleware/auth_token/__init__.py:545}}
Mar 16 18:24:24 ubuntu devstack@keystone.service[81658]: DEBUG keystone.server.flask.request_processing.middleware.auth_context [None req-bd69efda-8c49-4980-9929-f1dcb21ca37f None admin] Validating token access rules against request {{(pid=81658) validate_allowed_request /opt/stack/data/venv/lib/python3.10/site-packages/keystonemiddleware/auth_token/__init__.py:545}}
Mar 16 18:24:24 ubuntu devstack@keystone.service[81657]: DEBUG keystone.server.flask.request_processing.middleware.auth_context [None req-ec5a238f-a760-46a2-bd83-4c2fec216b57 None admin] RBAC: auth_context: {'token': <TokenModel (audit_id=7EKWbMtsQa--14gSL9U2RA, audit_chain_id=['7EKWbMtsQa--14gSL9U2RA']) at 0x7f69c9b2d900>, 'domain_id': None, 'trust_id': None, 'trustor_id': None, 'trustee_id': None, 'domain_name': None, 'group_ids': [], 'user_id': '393dd37ef9494d2493c18c4a455c9d6c', 'user_domain_id': 'default', 'system_scope': 'all', 'project_id': None, 'project_domain_id': None, 'roles': ['admin', 'manager', 'member', 'reader'], 'is_admin_project': True, 'service_user_id': None, 'service_user_domain_id': None, 'service_project_id': None, 'service_project_domain_id': None, 'service_roles': []} {{(pid=81657) fill_context /opt/stack/keystone/keystone/server/flask/request_processing/middleware/auth_context.py:509}}
Mar 16 18:24:24 ubuntu devstack@keystone.service[81657]: DEBUG keystone.server.flask.request_processing.req_logging [None req-ec5a238f-a760-46a2-bd83-4c2fec216b57 None admin] REQUEST_METHOD: `POST` {{(pid=81657) log_request_info /opt/stack/keystone/keystone/server/flask/request_processing/req_logging.py:26}}
Mar 16 18:24:24 ubuntu devstack@keystone.service[81657]: DEBUG keystone.server.flask.request_processing.req_logging [None req-ec5a238f-a760-46a2-bd83-4c2fec216b57 None admin] SCRIPT_NAME: `/identity` {{(pid=81657) log_request_info /opt/stack/keystone/keystone/server/flask/request_processing/req_logging.py:27}}
Mar 16 18:24:24 ubuntu devstack@keystone.service[81657]: DEBUG keystone.server.flask.request_processing.req_logging [None req-ec5a238f-a760-46a2-bd83-4c2fec216b57 None admin] PATH_INFO: `/v3/roles` {{(pid=81657) log_request_info /opt/stack/keystone/keystone/server/flask/request_processing/req_logging.py:28}}
Mar 16 18:24:24 ubuntu devstack@keystone.service[81657]: DEBUG keystone.common.rbac_enforcer.enforcer [None req-ec5a238f-a760-46a2-bd83-4c2fec216b57 None admin] RBAC: Authorizing `identity:create_role()` {{(pid=81657) enforce_call /opt/stack/keystone/keystone/common/rbac_enforcer/enforcer.py:494}}
Mar 16 18:24:24 ubuntu devstack@keystone.service[81657]: DEBUG keystone.common.rbac_enforcer.enforcer [None req-ec5a238f-a760-46a2-bd83-4c2fec216b57 None admin] RBAC: Authorization granted {{(pid=81657) enforce_call /opt/stack/keystone/keystone/common/rbac_enforcer/enforcer.py:505}}
Mar 16 18:24:24 ubuntu devstack@keystone.service[81658]: DEBUG keystone.server.flask.request_processing.middleware.auth_context [None req-c1240ec0-f5bd-4cbe-bc04-0b9694c1f83c None admin] RBAC: auth_context: {'token': <TokenModel (audit_id=XZtfL24rTS2S5Y9RjBLHLQ, audit_chain_id=['XZtfL24rTS2S5Y9RjBLHLQ']) at 0x7f69c8d5b310>, 'domain_id': None, 'trust_id': None, 'trustor_id': None, 'trustee_id': None, 'domain_name': None, 'group_ids': [], 'user_id': '393dd37ef9494d2493c18c4a455c9d6c', 'user_domain_id': 'default', 'system_scope': 'all', 'project_id': None, 'project_domain_id': None, 'roles': ['admin', 'manager', 'member', 'reader'], 'is_admin_project': True, 'service_user_id': None, 'service_user_domain_id': None, 'service_project_id': None, 'service_project_domain_id': None, 'service_roles': []} {{(pid=81658) fill_context /opt/stack/keystone/keystone/server/flask/request_processing/middleware/auth_context.py:509}}
Mar 16 18:24:24 ubuntu devstack@keystone.service[81658]: DEBUG keystone.server.flask.request_processing.req_logging [None req-c1240ec0-f5bd-4cbe-bc04-0b9694c1f83c None admin] REQUEST_METHOD: `POST` {{(pid=81658) log_request_info /opt/stack/keystone/keystone/server/flask/request_processing/req_logging.py:26}}
Mar 16 18:24:24 ubuntu devstack@keystone.service[81658]: DEBUG keystone.server.flask.request_processing.req_logging [None req-c1240ec0-f5bd-4cbe-bc04-0b9694c1f83c None admin] SCRIPT_NAME: `/identity` {{(pid=81658) log_request_info /opt/stack/keystone/keystone/server/flask/request_processing/req_logging.py:27}}
Mar 16 18:24:24 ubuntu devstack@keystone.service[81658]: DEBUG keystone.server.flask.request_processing.req_logging [None req-c1240ec0-f5bd-4cbe-bc04-0b9694c1f83c None admin] PATH_INFO: `/v3/projects` {{(pid=81658) log_request_info /opt/stack/keystone/keystone/server/flask/request_processing/req_logging.py:28}}
Mar 16 18:24:24 ubuntu devstack@keystone.service[81658]: DEBUG keystone.common.rbac_enforcer.enforcer [None req-c1240ec0-f5bd-4cbe-bc04-0b9694c1f83c None admin] RBAC: Authorizing `identity:create_project()` {{(pid=81658) enforce_call /opt/stack/keystone/keystone/common/rbac_enforcer/enforcer.py:494}}
Mar 16 18:24:24 ubuntu devstack@keystone.service[81658]: DEBUG keystone.common.rbac_enforcer.enforcer [None req-c1240ec0-f5bd-4cbe-bc04-0b9694c1f83c None admin] RBAC: Authorization granted {{(pid=81658) enforce_call /opt/stack/keystone/keystone/common/rbac_enforcer/enforcer.py:505}}
Mar 16 18:24:24 ubuntu devstack@keystone.service[81658]: [pid: 81658|app: 0|req: 23/48] 10.201.5.82 () {60 vars in 1177 bytes} [Mon Mar 16 18:24:24 2026] POST /identity/v3/projects => generated 312 bytes in 77 msecs (HTTP/1.1 201) 5 headers in 182 bytes (1 switches on core 0)
Mar 16 18:24:24 ubuntu devstack@keystone.service[81657]: [pid: 81657|app: 0|req: 26/49] 10.201.5.82 () {60 vars in 1168 bytes} [Mon Mar 16 18:24:24 2026] POST /identity/v3/roles => generated 223 bytes in 219 msecs (HTTP/1.1 201) 5 headers in 182 bytes (1 switches on core 0)
Mar 16 18:24:25 ubuntu devstack@keystone.service[81658]: DEBUG keystone.server.flask.request_processing.req_logging [None req-9a5f3e03-64e6-4981-941b-3e02df53126c None None] REQUEST_METHOD: `GET` {{(pid=81658) log_request_info /opt/stack/keystone/keystone/server/flask/request_processing/req_logging.py:26}}
Mar 16 18:24:25 ubuntu devstack@keystone.service[81658]: DEBUG keystone.server.flask.request_processing.req_logging [None req-9a5f3e03-64e6-4981-941b-3e02df53126c None None] SCRIPT_NAME: `/identity` {{(pid=81658) log_request_info /opt/stack/keystone/keystone/server/flask/request_processing/req_logging.py:27}}
Mar 16 18:24:25 ubuntu devstack@keystone.service[81658]: DEBUG keystone.server.flask.request_processing.req_logging [None req-9a5f3e03-64e6-4981-941b-3e02df53126c None None] PATH_INFO: `/` {{(pid=81658) log_request_info /opt/stack/keystone/keystone/server/flask/request_processing/req_logging.py:28}}
Mar 16 18:24:25 ubuntu devstack@keystone.service[81658]: [pid: 81658|app: 0|req: 24/50] 10.201.5.82 () {54 vars in 920 bytes} [Mon Mar 16 18:24:25 2026] GET /identity => generated 270 bytes in 4 msecs (HTTP/1.1 300) 6 headers in 234 bytes (1 switches on core 0)
Mar 16 18:24:25 ubuntu devstack@keystone.service[81657]: DEBUG keystone.server.flask.request_processing.req_logging [None req-3307909c-865d-4184-bace-be4668c8037d None None] REQUEST_METHOD: `POST` {{(pid=81657) log_request_info /opt/stack/keystone/keystone/server/flask/request_processing/req_logging.py:26}}
Mar 16 18:24:25 ubuntu devstack@keystone.service[81657]: DEBUG keystone.server.flask.request_processing.req_logging [None req-3307909c-865d-4184-bace-be4668c8037d None None] SCRIPT_NAME: `/identity` {{(pid=81657) log_request_info /opt/stack/keystone/keystone/server/flask/request_processing/req_logging.py:27}}
Mar 16 18:24:25 ubuntu devstack@keystone.service[81657]: DEBUG keystone.server.flask.request_processing.req_logging [None req-3307909c-865d-4184-bace-be4668c8037d None None] PATH_INFO: `/v3/auth/tokens` {{(pid=81657) log_request_info /opt/stack/keystone/keystone/server/flask/request_processing/req_logging.py:28}}
Mar 16 18:24:25 ubuntu devstack@keystone.service[81657]: WARNING keystone.common.password_hashing [None req-3307909c-865d-4184-bace-be4668c8037d None None] Truncating password to algorithm specific maximum length 72 characters.
Mar 16 18:24:25 ubuntu devstack@keystone.service[81657]: DEBUG keystone.auth.core [None req-3307909c-865d-4184-bace-be4668c8037d None None] MFA Rules not processed for user `393dd37ef9494d2493c18c4a455c9d6c`. Rule list: `[]` (Enabled: `True`). {{(pid=81657) check_auth_methods_against_rules /opt/stack/keystone/keystone/auth/core.py:476}}
