Mar 16 18:24:22 ubuntu devstack@keystone.service[81657]: [pid: 81657|app: 0|req: 11/23] 10.201.5.82 () {54 vars in 920 bytes} [Mon Mar 16 18:24:22 2026] GET /identity => generated 270 bytes in 2 msecs (HTTP/1.1 300) 6 headers in 234 bytes (1 switches on core 0)
Mar 16 18:24:22 ubuntu devstack@keystone.service[81658]: DEBUG keystone.server.flask.request_processing.req_logging [None req-f2fc3016-aa8f-441e-bfcb-afd73281ab9e None None] REQUEST_METHOD: `POST` {{(pid=81658) log_request_info /opt/stack/keystone/keystone/server/flask/request_processing/req_logging.py:26}}
Mar 16 18:24:22 ubuntu devstack@keystone.service[81658]: DEBUG keystone.server.flask.request_processing.req_logging [None req-f2fc3016-aa8f-441e-bfcb-afd73281ab9e None None] SCRIPT_NAME: `/identity` {{(pid=81658) log_request_info /opt/stack/keystone/keystone/server/flask/request_processing/req_logging.py:27}}
Mar 16 18:24:22 ubuntu devstack@keystone.service[81658]: DEBUG keystone.server.flask.request_processing.req_logging [None req-f2fc3016-aa8f-441e-bfcb-afd73281ab9e None None] PATH_INFO: `/v3/auth/tokens` {{(pid=81658) log_request_info /opt/stack/keystone/keystone/server/flask/request_processing/req_logging.py:28}}
Mar 16 18:24:22 ubuntu devstack@keystone.service[81658]: WARNING keystone.common.password_hashing [None req-f2fc3016-aa8f-441e-bfcb-afd73281ab9e None None] Truncating password to algorithm specific maximum length 72 characters.
Mar 16 18:24:22 ubuntu devstack@keystone.service[81658]: DEBUG keystone.auth.core [None req-f2fc3016-aa8f-441e-bfcb-afd73281ab9e None None] MFA Rules not processed for user `393dd37ef9494d2493c18c4a455c9d6c`. Rule list: `[]` (Enabled: `True`). {{(pid=81658) check_auth_methods_against_rules /opt/stack/keystone/keystone/auth/core.py:476}}
Mar 16 18:24:22 ubuntu devstack@keystone.service[81658]: DEBUG keystone.common.fernet_utils [None req-f2fc3016-aa8f-441e-bfcb-afd73281ab9e None None] Loaded 2 Fernet keys from /etc/keystone/fernet-keys/, but `[fernet_tokens] max_active_keys = 3`; perhaps there have not been enough key rotations to reach `max_active_keys` yet? {{(pid=81658) load_keys /opt/stack/keystone/keystone/common/fernet_utils.py:297}}
Mar 16 18:24:22 ubuntu devstack@keystone.service[81658]: [pid: 81658|app: 0|req: 13/24] 10.201.5.82 () {58 vars in 1017 bytes} [Mon Mar 16 18:24:22 2026] POST /identity/v3/auth/tokens => generated 862 bytes in 55 msecs (HTTP/1.1 201) 6 headers in 363 bytes (2 switches on core 0)
Mar 16 18:24:22 ubuntu devstack@keystone.service[81657]: DEBUG keystone.server.flask.request_processing.req_logging [None req-13f205e0-3ff8-4dc3-a0cf-657984db7aba None None] REQUEST_METHOD: `GET` {{(pid=81657) log_request_info /opt/stack/keystone/keystone/server/flask/request_processing/req_logging.py:26}}
Mar 16 18:24:22 ubuntu devstack@keystone.service[81657]: DEBUG keystone.server.flask.request_processing.req_logging [None req-13f205e0-3ff8-4dc3-a0cf-657984db7aba None None] SCRIPT_NAME: `/identity` {{(pid=81657) log_request_info /opt/stack/keystone/keystone/server/flask/request_processing/req_logging.py:27}}
Mar 16 18:24:22 ubuntu devstack@keystone.service[81657]: DEBUG keystone.server.flask.request_processing.req_logging [None req-13f205e0-3ff8-4dc3-a0cf-657984db7aba None None] PATH_INFO: `/` {{(pid=81657) log_request_info /opt/stack/keystone/keystone/server/flask/request_processing/req_logging.py:28}}
Mar 16 18:24:22 ubuntu devstack@keystone.service[81657]: [pid: 81657|app: 0|req: 12/25] 10.201.5.82 () {54 vars in 920 bytes} [Mon Mar 16 18:24:22 2026] GET /identity => generated 270 bytes in 2 msecs (HTTP/1.1 300) 6 headers in 234 bytes (1 switches on core 0)
Mar 16 18:24:22 ubuntu devstack@keystone.service[81658]: DEBUG keystone.server.flask.request_processing.req_logging [None req-201a0dd6-3168-4348-9a07-ee296a10e154 None None] REQUEST_METHOD: `POST` {{(pid=81658) log_request_info /opt/stack/keystone/keystone/server/flask/request_processing/req_logging.py:26}}
Mar 16 18:24:22 ubuntu devstack@keystone.service[81658]: DEBUG keystone.server.flask.request_processing.req_logging [None req-201a0dd6-3168-4348-9a07-ee296a10e154 None None] SCRIPT_NAME: `/identity` {{(pid=81658) log_request_info /opt/stack/keystone/keystone/server/flask/request_processing/req_logging.py:27}}
Mar 16 18:24:22 ubuntu devstack@keystone.service[81658]: DEBUG keystone.server.flask.request_processing.req_logging [None req-201a0dd6-3168-4348-9a07-ee296a10e154 None None] PATH_INFO: `/v3/auth/tokens` {{(pid=81658) log_request_info /opt/stack/keystone/keystone/server/flask/request_processing/req_logging.py:28}}
Mar 16 18:24:22 ubuntu devstack@keystone.service[81658]: WARNING keystone.common.password_hashing [None req-201a0dd6-3168-4348-9a07-ee296a10e154 None None] Truncating password to algorithm specific maximum length 72 characters.
Mar 16 18:24:22 ubuntu devstack@keystone.service[81658]: DEBUG keystone.auth.core [None req-201a0dd6-3168-4348-9a07-ee296a10e154 None None] MFA Rules not processed for user `393dd37ef9494d2493c18c4a455c9d6c`. Rule list: `[]` (Enabled: `True`). {{(pid=81658) check_auth_methods_against_rules /opt/stack/keystone/keystone/auth/core.py:476}}
Mar 16 18:24:22 ubuntu devstack@keystone.service[81658]: DEBUG keystone.common.fernet_utils [None req-201a0dd6-3168-4348-9a07-ee296a10e154 None None] Loaded 2 Fernet keys from /etc/keystone/fernet-keys/, but `[fernet_tokens] max_active_keys = 3`; perhaps there have not been enough key rotations to reach `max_active_keys` yet? {{(pid=81658) load_keys /opt/stack/keystone/keystone/common/fernet_utils.py:297}}
Mar 16 18:24:22 ubuntu devstack@keystone.service[81657]: DEBUG keystone.server.flask.request_processing.req_logging [None req-32b28d85-75e3-499d-ba8e-b6e8492f93fc None None] REQUEST_METHOD: `GET` {{(pid=81657) log_request_info /opt/stack/keystone/keystone/server/flask/request_processing/req_logging.py:26}}
Mar 16 18:24:22 ubuntu devstack@keystone.service[81657]: DEBUG keystone.server.flask.request_processing.req_logging [None req-32b28d85-75e3-499d-ba8e-b6e8492f93fc None None] SCRIPT_NAME: `/identity` {{(pid=81657) log_request_info /opt/stack/keystone/keystone/server/flask/request_processing/req_logging.py:27}}
Mar 16 18:24:22 ubuntu devstack@keystone.service[81657]: DEBUG keystone.server.flask.request_processing.req_logging [None req-32b28d85-75e3-499d-ba8e-b6e8492f93fc None None] PATH_INFO: `/` {{(pid=81657) log_request_info /opt/stack/keystone/keystone/server/flask/request_processing/req_logging.py:28}}
Mar 16 18:24:22 ubuntu devstack@keystone.service[81657]: [pid: 81657|app: 0|req: 13/26] 10.201.5.82 () {54 vars in 920 bytes} [Mon Mar 16 18:24:22 2026] GET /identity => generated 270 bytes in 2 msecs (HTTP/1.1 300) 6 headers in 234 bytes (1 switches on core 0)
Mar 16 18:24:22 ubuntu devstack@keystone.service[81657]: DEBUG keystone.server.flask.request_processing.req_logging [None req-47f2545c-53b6-41bd-9055-7f8942f26f8c None None] REQUEST_METHOD: `POST` {{(pid=81657) log_request_info /opt/stack/keystone/keystone/server/flask/request_processing/req_logging.py:26}}
Mar 16 18:24:22 ubuntu devstack@keystone.service[81657]: DEBUG keystone.server.flask.request_processing.req_logging [None req-47f2545c-53b6-41bd-9055-7f8942f26f8c None None] SCRIPT_NAME: `/identity` {{(pid=81657) log_request_info /opt/stack/keystone/keystone/server/flask/request_processing/req_logging.py:27}}
Mar 16 18:24:22 ubuntu devstack@keystone.service[81657]: DEBUG keystone.server.flask.request_processing.req_logging [None req-47f2545c-53b6-41bd-9055-7f8942f26f8c None None] PATH_INFO: `/v3/auth/tokens` {{(pid=81657) log_request_info /opt/stack/keystone/keystone/server/flask/request_processing/req_logging.py:28}}
Mar 16 18:24:22 ubuntu devstack@keystone.service[81657]: WARNING keystone.common.password_hashing [None req-47f2545c-53b6-41bd-9055-7f8942f26f8c None None] Truncating password to algorithm specific maximum length 72 characters.
Mar 16 18:24:22 ubuntu devstack@keystone.service[81657]: DEBUG keystone.auth.core [None req-47f2545c-53b6-41bd-9055-7f8942f26f8c None None] MFA Rules not processed for user `393dd37ef9494d2493c18c4a455c9d6c`. Rule list: `[]` (Enabled: `True`). {{(pid=81657) check_auth_methods_against_rules /opt/stack/keystone/keystone/auth/core.py:476}}
Mar 16 18:24:22 ubuntu devstack@keystone.service[81657]: DEBUG keystone.common.fernet_utils [None req-47f2545c-53b6-41bd-9055-7f8942f26f8c None None] Loaded 2 Fernet keys from /etc/keystone/fernet-keys/, but `[fernet_tokens] max_active_keys = 3`; perhaps there have not been enough key rotations to reach `max_active_keys` yet? {{(pid=81657) load_keys /opt/stack/keystone/keystone/common/fernet_utils.py:297}}
Mar 16 18:24:22 ubuntu devstack@keystone.service[81658]: [pid: 81658|app: 0|req: 14/27] 10.201.5.82 () {58 vars in 1017 bytes} [Mon Mar 16 18:24:22 2026] POST /identity/v3/auth/tokens => generated 862 bytes in 62 msecs (HTTP/1.1 201) 6 headers in 363 bytes (1 switches on core 0)
Mar 16 18:24:22 ubuntu devstack@keystone.service[81657]: [pid: 81657|app: 0|req: 14/28] 10.201.5.82 () {58 vars in 1017 bytes} [Mon Mar 16 18:24:22 2026] POST /identity/v3/auth/tokens => generated 862 bytes in 74 msecs (HTTP/1.1 201) 6 headers in 363 bytes (1 switches on core 0)
Mar 16 18:24:22 ubuntu devstack@keystone.service[81658]: DEBUG keystone.server.flask.request_processing.middleware.auth_context [None req-201a0dd6-3168-4348-9a07-ee296a10e154 None None] Authenticating user token {{(pid=81658) process_request /opt/stack/data/venv/lib/python3.10/site-packages/keystonemiddleware/auth_token/__init__.py:407}}
Mar 16 18:24:22 ubuntu devstack@keystone.service[81658]: DEBUG keystone.server.flask.request_processing.middleware.auth_context [None req-201a0dd6-3168-4348-9a07-ee296a10e154 None None] Validating token access rules against request {{(pid=81658) validate_allowed_request /opt/stack/data/venv/lib/python3.10/site-packages/keystonemiddleware/auth_token/__init__.py:545}}
Mar 16 18:24:22 ubuntu devstack@keystone.service[81658]: DEBUG keystone.server.flask.request_processing.middleware.auth_context [None req-80b2d423-0a44-40a3-a48c-1e8839bc083d None admin] RBAC: auth_context: {'token': <TokenModel (audit_id=hEBBvrLiR-uXFqM2aEpFKQ, audit_chain_id=['hEBBvrLiR-uXFqM2aEpFKQ']) at 0x7f69c8d03eb0>, 'domain_id': None, 'trust_id': None, 'trustor_id': None, 'trustee_id': None, 'domain_name': None, 'group_ids': [], 'user_id': '393dd37ef9494d2493c18c4a455c9d6c', 'user_domain_id': 'default', 'system_scope': 'all', 'project_id': None, 'project_domain_id': None, 'roles': ['admin', 'manager', 'member', 'reader'], 'is_admin_project': True, 'service_user_id': None, 'service_user_domain_id': None, 'service_project_id': None, 'service_project_domain_id': None, 'service_roles': []} {{(pid=81658) fill_context /opt/stack/keystone/keystone/server/flask/request_processing/middleware/auth_context.py:509}}
Mar 16 18:24:22 ubuntu devstack@keystone.service[81658]: DEBUG keystone.server.flask.request_processing.req_logging [None req-80b2d423-0a44-40a3-a48c-1e8839bc083d None admin] REQUEST_METHOD: `GET` {{(pid=81658) log_request_info /opt/stack/keystone/keystone/server/flask/request_processing/req_logging.py:26}}
Mar 16 18:24:22 ubuntu devstack@keystone.service[81658]: DEBUG keystone.server.flask.request_processing.req_logging [None req-80b2d423-0a44-40a3-a48c-1e8839bc083d None admin] SCRIPT_NAME: `/identity` {{(pid=81658) log_request_info /opt/stack/keystone/keystone/server/flask/request_processing/req_logging.py:27}}
Mar 16 18:24:22 ubuntu devstack@keystone.service[81658]: DEBUG keystone.server.flask.request_processing.req_logging [None req-80b2d423-0a44-40a3-a48c-1e8839bc083d None admin] PATH_INFO: `/v3/domains/Default` {{(pid=81658) log_request_info /opt/stack/keystone/keystone/server/flask/request_processing/req_logging.py:28}}
Mar 16 18:24:22 ubuntu devstack@keystone.service[81658]: DEBUG keystone.common.rbac_enforcer.enforcer [None req-80b2d423-0a44-40a3-a48c-1e8839bc083d None admin] RBAC: Authorizing `identity:get_domain(domain_id=Default)` {{(pid=81658) enforce_call /opt/stack/keystone/keystone/common/rbac_enforcer/enforcer.py:494}}
Mar 16 18:24:22 ubuntu devstack@keystone.service[81658]: DEBUG keystone.common.rbac_enforcer.enforcer [None req-80b2d423-0a44-40a3-a48c-1e8839bc083d None admin] RBAC: Authorization granted {{(pid=81658) enforce_call /opt/stack/keystone/keystone/common/rbac_enforcer/enforcer.py:505}}
Mar 16 18:24:22 ubuntu devstack@keystone.service[81658]: DEBUG keystone.server.flask.application [None req-80b2d423-0a44-40a3-a48c-1e8839bc083d None admin] Could not find domain: Default. {{(pid=81658) _handle_keystone_exception /opt/stack/keystone/keystone/server/flask/application.py:146}}
Mar 16 18:24:22 ubuntu devstack@keystone.service[81658]: [pid: 81658|app: 0|req: 15/29] 10.201.5.82 () {56 vars in 1145 bytes} [Mon Mar 16 18:24:22 2026] GET /identity/v3/domains/Default => generated 87 bytes in 68 msecs (HTTP/1.1 404) 5 headers in 183 bytes (1 switches on core 0)
Mar 16 18:24:22 ubuntu devstack@keystone.service[81657]: DEBUG keystone.server.flask.request_processing.middleware.auth_context [None req-47f2545c-53b6-41bd-9055-7f8942f26f8c None None] Authenticating user token {{(pid=81657) process_request /opt/stack/data/venv/lib/python3.10/site-packages/keystonemiddleware/auth_token/__init__.py:407}}
Mar 16 18:24:22 ubuntu devstack@keystone.service[81658]: DEBUG keystone.server.flask.request_processing.middleware.auth_context [None req-80b2d423-0a44-40a3-a48c-1e8839bc083d None admin] Authenticating user token {{(pid=81658) process_request /opt/stack/data/venv/lib/python3.10/site-packages/keystonemiddleware/auth_token/__init__.py:407}}
Mar 16 18:24:23 ubuntu devstack@keystone.service[81657]: DEBUG keystone.server.flask.request_processing.middleware.auth_context [None req-47f2545c-53b6-41bd-9055-7f8942f26f8c None None] Validating token access rules against request {{(pid=81657) validate_allowed_request /opt/stack/data/venv/lib/python3.10/site-packages/keystonemiddleware/auth_token/__init__.py:545}}
Mar 16 18:24:23 ubuntu devstack@keystone.service[81658]: DEBUG keystone.server.flask.request_processing.middleware.auth_context [None req-80b2d423-0a44-40a3-a48c-1e8839bc083d None admin] Validating token access rules against request {{(pid=81658) validate_allowed_request /opt/stack/data/venv/lib/python3.10/site-packages/keystonemiddleware/auth_token/__init__.py:545}}
Mar 16 18:24:23 ubuntu devstack@keystone.service[81657]: DEBUG keystone.server.flask.request_processing.middleware.auth_context [None req-84c70891-bc6d-4c17-b211-69ee70a379f4 None admin] RBAC: auth_context: {'token': <TokenModel (audit_id=hEBBvrLiR-uXFqM2aEpFKQ, audit_chain_id=['hEBBvrLiR-uXFqM2aEpFKQ']) at 0x7f69c9b2d3c0>, 'domain_id': None, 'trust_id': None, 'trustor_id': None, 'trustee_id': None, 'domain_name': None, 'group_ids': [], 'user_id': '393dd37ef9494d2493c18c4a455c9d6c', 'user_domain_id': 'default', 'system_scope': 'all', 'project_id': None, 'project_domain_id': None, 'roles': ['admin', 'manager', 'member', 'reader'], 'is_admin_project': True, 'service_user_id': None, 'service_user_domain_id': None, 'service_project_id': None, 'service_project_domain_id': None, 'service_roles': []} {{(pid=81657) fill_context /opt/stack/keystone/keystone/server/flask/request_processing/middleware/auth_context.py:509}}
Mar 16 18:24:23 ubuntu devstack@keystone.service[81657]: DEBUG keystone.server.flask.request_processing.req_logging [None req-84c70891-bc6d-4c17-b211-69ee70a379f4 None admin] REQUEST_METHOD: `GET` {{(pid=81657) log_request_info /opt/stack/keystone/keystone/server/flask/request_processing/req_logging.py:26}}
Mar 16 18:24:23 ubuntu devstack@keystone.service[81657]: DEBUG keystone.server.flask.request_processing.req_logging [None req-84c70891-bc6d-4c17-b211-69ee70a379f4 None admin] SCRIPT_NAME: `/identity` {{(pid=81657) log_request_info /opt/stack/keystone/keystone/server/flask/request_processing/req_logging.py:27}}
Mar 16 18:24:23 ubuntu devstack@keystone.service[81657]: DEBUG keystone.server.flask.request_processing.req_logging [None req-84c70891-bc6d-4c17-b211-69ee70a379f4 None admin] PATH_INFO: `/v3/domains` {{(pid=81657) log_request_info /opt/stack/keystone/keystone/server/flask/request_processing/req_logging.py:28}}
Mar 16 18:24:23 ubuntu devstack@keystone.service[81657]: DEBUG keystone.common.rbac_enforcer.enforcer [None req-84c70891-bc6d-4c17-b211-69ee70a379f4 None admin] RBAC: Adding query filter params (name=Default) {{(pid=81657) _extract_filter_values /opt/stack/keystone/keystone/common/rbac_enforcer/enforcer.py:176}}
Mar 16 18:24:23 ubuntu devstack@keystone.service[81657]: DEBUG keystone.common.rbac_enforcer.enforcer [None req-84c70891-bc6d-4c17-b211-69ee70a379f4 None admin] RBAC: Authorizing `identity:list_domains()` {{(pid=81657) enforce_call /opt/stack/keystone/keystone/common/rbac_enforcer/enforcer.py:494}}
Mar 16 18:24:23 ubuntu devstack@keystone.service[81657]: DEBUG keystone.common.rbac_enforcer.enforcer [None req-84c70891-bc6d-4c17-b211-69ee70a379f4 None admin] RBAC: Authorization granted {{(pid=81657) enforce_call /opt/stack/keystone/keystone/common/rbac_enforcer/enforcer.py:505}}
Mar 16 18:24:23 ubuntu devstack@keystone.service[81657]: [pid: 81657|app: 0|req: 15/30] 10.201.5.82 () {56 vars in 1159 bytes} [Mon Mar 16 18:24:22 2026] GET /identity/v3/domains?name=Default => generated 308 bytes in 119 msecs (HTTP/1.1 200) 5 headers in 177 bytes (1 switches on core 0)
Mar 16 18:24:23 ubuntu devstack@keystone.service[81657]: DEBUG keystone.server.flask.request_processing.req_logging [None req-523b74ae-38eb-4235-af1d-7496f62f93f7 None None] REQUEST_METHOD: `GET` {{(pid=81657) log_request_info /opt/stack/keystone/keystone/server/flask/request_processing/req_logging.py:26}}
Mar 16 18:24:23 ubuntu devstack@keystone.service[81657]: DEBUG keystone.server.flask.request_processing.req_logging [None req-523b74ae-38eb-4235-af1d-7496f62f93f7 None None] SCRIPT_NAME: `/identity` {{(pid=81657) log_request_info /opt/stack/keystone/keystone/server/flask/request_processing/req_logging.py:27}}
Mar 16 18:24:23 ubuntu devstack@keystone.service[81657]: DEBUG keystone.server.flask.request_processing.req_logging [None req-523b74ae-38eb-4235-af1d-7496f62f93f7 None None] PATH_INFO: `/` {{(pid=81657) log_request_info /opt/stack/keystone/keystone/server/flask/request_processing/req_logging.py:28}}
Mar 16 18:24:23 ubuntu devstack@keystone.service[81657]: [pid: 81657|app: 0|req: 16/31] 10.201.5.82 () {54 vars in 920 bytes} [Mon Mar 16 18:24:23 2026] GET /identity => generated 270 bytes in 2 msecs (HTTP/1.1 300) 6 headers in 234 bytes (1 switches on core 0)
Mar 16 18:24:23 ubuntu devstack@keystone.service[81657]: DEBUG keystone.server.flask.request_processing.req_logging [None req-3129952b-a6c0-45c0-99f2-18f133a459ee None None] REQUEST_METHOD: `POST` {{(pid=81657) log_request_info /opt/stack/keystone/keystone/server/flask/request_processing/req_logging.py:26}}
Mar 16 18:24:23 ubuntu devstack@keystone.service[81657]: DEBUG keystone.server.flask.request_processing.req_logging [None req-3129952b-a6c0-45c0-99f2-18f133a459ee None None] SCRIPT_NAME: `/identity` {{(pid=81657) log_request_info /opt/stack/keystone/keystone/server/flask/request_processing/req_logging.py:27}}
Mar 16 18:24:23 ubuntu devstack@keystone.service[81657]: DEBUG keystone.server.flask.request_processing.req_logging [None req-3129952b-a6c0-45c0-99f2-18f133a459ee None None] PATH_INFO: `/v3/auth/tokens` {{(pid=81657) log_request_info /opt/stack/keystone/keystone/server/flask/request_processing/req_logging.py:28}}
Mar 16 18:24:23 ubuntu devstack@keystone.service[81658]: DEBUG keystone.server.flask.request_processing.middleware.auth_context [None req-f1ecbf86-0abd-4fa5-9a72-8b27f939530d None admin] RBAC: auth_context: {'token': <TokenModel (audit_id=btSgPq6qSy-CCl_gQH7bQA, audit_chain_id=['btSgPq6qSy-CCl_gQH7bQA']) at 0x7f69c8d599f0>, 'domain_id': None, 'trust_id': None, 'trustor_id': None, 'trustee_id': None, 'domain_name': None, 'group_ids': [], 'user_id': '393dd37ef9494d2493c18c4a455c9d6c', 'user_domain_id': 'default', 'system_scope': 'all', 'project_id': None, 'project_domain_id': None, 'roles': ['admin', 'manager', 'member', 'reader'], 'is_admin_project': True, 'service_user_id': None, 'service_user_domain_id': None, 'service_project_id': None, 'service_project_domain_id': None, 'service_roles': []} {{(pid=81658) fill_context /opt/stack/keystone/keystone/server/flask/request_processing/middleware/auth_context.py:509}}
Mar 16 18:24:23 ubuntu devstack@keystone.service[81658]: DEBUG keystone.server.flask.request_processing.req_logging [None req-f1ecbf86-0abd-4fa5-9a72-8b27f939530d None admin] REQUEST_METHOD: `GET` {{(pid=81658) log_request_info /opt/stack/keystone/keystone/server/flask/request_processing/req_logging.py:26}}
Mar 16 18:24:23 ubuntu devstack@keystone.service[81658]: DEBUG keystone.server.flask.request_processing.req_logging [None req-f1ecbf86-0abd-4fa5-9a72-8b27f939530d None admin] SCRIPT_NAME: `/identity` {{(pid=81658) log_request_info /opt/stack/keystone/keystone/server/flask/request_processing/req_logging.py:27}}
Mar 16 18:24:23 ubuntu devstack@keystone.service[81658]: DEBUG keystone.server.flask.request_processing.req_logging [None req-f1ecbf86-0abd-4fa5-9a72-8b27f939530d None admin] PATH_INFO: `/v3/roles/admin` {{(pid=81658) log_request_info /opt/stack/keystone/keystone/server/flask/request_processing/req_logging.py:28}}
Mar 16 18:24:23 ubuntu devstack@keystone.service[81657]: WARNING keystone.common.password_hashing [None req-3129952b-a6c0-45c0-99f2-18f133a459ee None None] Truncating password to algorithm specific maximum length 72 characters.
Mar 16 18:24:23 ubuntu devstack@keystone.service[81658]: DEBUG keystone.common.rbac_enforcer.enforcer [None req-f1ecbf86-0abd-4fa5-9a72-8b27f939530d None admin] Extracting inferred target data resulted in "NOT FOUND (404)". {{(pid=81658) enforce_call /opt/stack/keystone/keystone/common/rbac_enforcer/enforcer.py:445}}
Mar 16 18:24:23 ubuntu devstack@keystone.service[81658]: DEBUG keystone.server.flask.application [None req-f1ecbf86-0abd-4fa5-9a72-8b27f939530d None admin] Could not find role: admin. {{(pid=81658) _handle_keystone_exception /opt/stack/keystone/keystone/server/flask/application.py:146}}
Mar 16 18:24:23 ubuntu devstack@keystone.service[81658]: [pid: 81658|app: 0|req: 16/32] 10.201.5.82 () {56 vars in 1133 bytes} [Mon Mar 16 18:24:22 2026] GET /identity/v3/roles/admin => generated 83 bytes in 102 msecs (HTTP/1.1 404) 5 headers in 183 bytes (1 switches on core 0)
Mar 16 18:24:23 ubuntu devstack@keystone.service[81658]: DEBUG keystone.server.flask.request_processing.middleware.auth_context [None req-f1ecbf86-0abd-4fa5-9a72-8b27f939530d None admin] Authenticating user token {{(pid=81658) process_request /opt/stack/data/venv/lib/python3.10/site-packages/keystonemiddleware/auth_token/__init__.py:407}}
Mar 16 18:24:23 ubuntu devstack@keystone.service[81657]: DEBUG keystone.auth.core [None req-3129952b-a6c0-45c0-99f2-18f133a459ee None None] MFA Rules not processed for user `393dd37ef9494d2493c18c4a455c9d6c`. Rule list: `[]` (Enabled: `True`). {{(pid=81657) check_auth_methods_against_rules /opt/stack/keystone/keystone/auth/core.py:476}}
Mar 16 18:24:23 ubuntu devstack@keystone.service[81657]: DEBUG keystone.common.fernet_utils [None req-3129952b-a6c0-45c0-99f2-18f133a459ee None None] Loaded 2 Fernet keys from /etc/keystone/fernet-keys/, but `[fernet_tokens] max_active_keys = 3`; perhaps there have not been enough key rotations to reach `max_active_keys` yet? {{(pid=81657) load_keys /opt/stack/keystone/keystone/common/fernet_utils.py:297}}
Mar 16 18:24:23 ubuntu devstack@keystone.service[81658]: DEBUG keystone.server.flask.request_processing.middleware.auth_context [None req-f1ecbf86-0abd-4fa5-9a72-8b27f939530d None admin] Validating token access rules against request {{(pid=81658) validate_allowed_request /opt/stack/data/venv/lib/python3.10/site-packages/keystonemiddleware/auth_token/__init__.py:545}}
Mar 16 18:24:23 ubuntu devstack@keystone.service[81657]: [pid: 81657|app: 0|req: 17/33] 10.201.5.82 () {58 vars in 1017 bytes} [Mon Mar 16 18:24:23 2026] POST /identity/v3/auth/tokens => generated 862 bytes in 54 msecs (HTTP/1.1 201) 6 headers in 363 bytes (1 switches on core 0)
Mar 16 18:24:23 ubuntu devstack@keystone.service[81657]: DEBUG keystone.server.flask.request_processing.middleware.auth_context [None req-3129952b-a6c0-45c0-99f2-18f133a459ee None None] Authenticating user token {{(pid=81657) process_request /opt/stack/data/venv/lib/python3.10/site-packages/keystonemiddleware/auth_token/__init__.py:407}}
Mar 16 18:24:23 ubuntu devstack@keystone.service[81658]: DEBUG keystone.server.flask.request_processing.middleware.auth_context [None req-be70d407-5098-4dde-a68b-858f27aa7d52 None admin] RBAC: auth_context: {'token': <TokenModel (audit_id=hEBBvrLiR-uXFqM2aEpFKQ, audit_chain_id=['hEBBvrLiR-uXFqM2aEpFKQ']) at 0x7f69c8d5bf10>, 'domain_id': None, 'trust_id': None, 'trustor_id': None, 'trustee_id': None, 'domain_name': None, 'group_ids': [], 'user_id': '393dd37ef9494d2493c18c4a455c9d6c', 'user_domain_id': 'default', 'system_scope': 'all', 'project_id': None, 'project_domain_id': None, 'roles': ['admin', 'manager', 'member', 'reader'], 'is_admin_project': True, 'service_user_id': None, 'service_user_domain_id': None, 'service_project_id': None, 'service_project_domain_id': None, 'service_roles': []} {{(pid=81658) fill_context /opt/stack/keystone/keystone/server/flask/request_processing/middleware/auth_context.py:509}}
Mar 16 18:24:23 ubuntu devstack@keystone.service[81658]: DEBUG keystone.server.flask.request_processing.req_logging [None req-be70d407-5098-4dde-a68b-858f27aa7d52 None admin] REQUEST_METHOD: `POST` {{(pid=81658) log_request_info /opt/stack/keystone/keystone/server/flask/request_processing/req_logging.py:26}}
Mar 16 18:24:23 ubuntu devstack@keystone.service[81658]: DEBUG keystone.server.flask.request_processing.req_logging [None req-be70d407-5098-4dde-a68b-858f27aa7d52 None admin] SCRIPT_NAME: `/identity` {{(pid=81658) log_request_info /opt/stack/keystone/keystone/server/flask/request_processing/req_logging.py:27}}
Mar 16 18:24:23 ubuntu devstack@keystone.service[81658]: DEBUG keystone.server.flask.request_processing.req_logging [None req-be70d407-5098-4dde-a68b-858f27aa7d52 None admin] PATH_INFO: `/v3/projects` {{(pid=81658) log_request_info /opt/stack/keystone/keystone/server/flask/request_processing/req_logging.py:28}}
Mar 16 18:24:23 ubuntu devstack@keystone.service[81658]: DEBUG keystone.common.rbac_enforcer.enforcer [None req-be70d407-5098-4dde-a68b-858f27aa7d52 None admin] RBAC: Authorizing `identity:create_project()` {{(pid=81658) enforce_call /opt/stack/keystone/keystone/common/rbac_enforcer/enforcer.py:494}}
Mar 16 18:24:23 ubuntu devstack@keystone.service[81658]: DEBUG keystone.common.rbac_enforcer.enforcer [None req-be70d407-5098-4dde-a68b-858f27aa7d52 None admin] RBAC: Authorization granted {{(pid=81658) enforce_call /opt/stack/keystone/keystone/common/rbac_enforcer/enforcer.py:505}}
Mar 16 18:24:23 ubuntu devstack@keystone.service[81658]: [pid: 81658|app: 0|req: 17/34] 10.201.5.82 () {60 vars in 1177 bytes} [Mon Mar 16 18:24:23 2026] POST /identity/v3/projects => generated 301 bytes in 70 msecs (HTTP/1.1 201) 5 headers in 182 bytes (1 switches on core 0)
Mar 16 18:24:23 ubuntu devstack@keystone.service[81658]: DEBUG keystone.server.flask.request_processing.middleware.auth_context [None req-be70d407-5098-4dde-a68b-858f27aa7d52 None admin] Authenticating user token {{(pid=81658) process_request /opt/stack/data/venv/lib/python3.10/site-packages/keystonemiddleware/auth_token/__init__.py:407}}
Mar 16 18:24:23 ubuntu devstack@keystone.service[81657]: DEBUG keystone.server.flask.request_processing.middleware.auth_context [None req-3129952b-a6c0-45c0-99f2-18f133a459ee None None] Validating token access rules against request {{(pid=81657) validate_allowed_request /opt/stack/data/venv/lib/python3.10/site-packages/keystonemiddleware/auth_token/__init__.py:545}}
Mar 16 18:24:23 ubuntu devstack@keystone.service[81657]: DEBUG keystone.server.flask.request_processing.middleware.auth_context [None req-73c160f5-73ef-4879-9b82-3723a5bb5ff3 None admin] RBAC: auth_context: {'token': <TokenModel (audit_id=btSgPq6qSy-CCl_gQH7bQA, audit_chain_id=['btSgPq6qSy-CCl_gQH7bQA']) at 0x7f69c91367a0>, 'domain_id': None, 'trust_id': None, 'trustor_id': None, 'trustee_id': None, 'domain_name': None, 'group_ids': [], 'user_id': '393dd37ef9494d2493c18c4a455c9d6c', 'user_domain_id': 'default', 'system_scope': 'all', 'project_id': None, 'project_domain_id': None, 'roles': ['admin', 'manager', 'member', 'reader'], 'is_admin_project': True, 'service_user_id': None, 'service_user_domain_id': None, 'service_project_id': None, 'service_project_domain_id': None, 'service_roles': []} {{(pid=81657) fill_context /opt/stack/keystone/keystone/server/flask/request_processing/middleware/auth_context.py:509}}
Mar 16 18:24:23 ubuntu devstack@keystone.service[81657]: DEBUG keystone.server.flask.request_processing.req_logging [None req-73c160f5-73ef-4879-9b82-3723a5bb5ff3 None admin] REQUEST_METHOD: `GET` {{(pid=81657) log_request_info /opt/stack/keystone/keystone/server/flask/request_processing/req_logging.py:26}}
Mar 16 18:24:23 ubuntu devstack@keystone.service[81657]: DEBUG keystone.server.flask.request_processing.req_logging [None req-73c160f5-73ef-4879-9b82-3723a5bb5ff3 None admin] SCRIPT_NAME: `/identity` {{(pid=81657) log_request_info /opt/stack/keystone/keystone/server/flask/request_processing/req_logging.py:27}}
Mar 16 18:24:23 ubuntu devstack@keystone.service[81657]: DEBUG keystone.server.flask.request_processing.req_logging [None req-73c160f5-73ef-4879-9b82-3723a5bb5ff3 None admin] PATH_INFO: `/v3/roles` {{(pid=81657) log_request_info /opt/stack/keystone/keystone/server/flask/request_processing/req_logging.py:28}}
Mar 16 18:24:23 ubuntu devstack@keystone.service[81657]: DEBUG keystone.common.rbac_enforcer.enforcer [None req-73c160f5-73ef-4879-9b82-3723a5bb5ff3 None admin] RBAC: Adding query filter params (name=admin) {{(pid=81657) _extract_filter_values /opt/stack/keystone/keystone/common/rbac_enforcer/enforcer.py:176}}
Mar 16 18:24:23 ubuntu devstack@keystone.service[81657]: DEBUG keystone.common.rbac_enforcer.enforcer [None req-73c160f5-73ef-4879-9b82-3723a5bb5ff3 None admin] RBAC: Authorizing `identity:list_roles()` {{(pid=81657) enforce_call /opt/stack/keystone/keystone/common/rbac_enforcer/enforcer.py:494}}
Mar 16 18:24:23 ubuntu devstack@keystone.service[81657]: DEBUG keystone.common.rbac_enforcer.enforcer [None req-73c160f5-73ef-4879-9b82-3723a5bb5ff3 None admin] RBAC: Authorization granted {{(pid=81657) enforce_call /opt/stack/keystone/keystone/common/rbac_enforcer/enforcer.py:505}}
Mar 16 18:24:23 ubuntu devstack@keystone.service[81657]: [pid: 81657|app: 0|req: 18/35] 10.201.5.82 () {56 vars in 1149 bytes} [Mon Mar 16 18:24:23 2026] GET /identity/v3/roles?name=admin => generated 339 bytes in 72 msecs (HTTP/1.1 200) 5 headers in 177 bytes (1 switches on core 0)
Mar 16 18:24:23 ubuntu devstack@keystone.service[81657]: DEBUG keystone.server.flask.request_processing.middleware.auth_context [None req-73c160f5-73ef-4879-9b82-3723a5bb5ff3 None admin] Authenticating user token {{(pid=81657) process_request /opt/stack/data/venv/lib/python3.10/site-packages/keystonemiddleware/auth_token/__init__.py:407}}
Mar 16 18:24:23 ubuntu devstack@keystone.service[81657]: DEBUG keystone.server.flask.request_processing.middleware.auth_context [None req-73c160f5-73ef-4879-9b82-3723a5bb5ff3 None admin] Validating token access rules against request {{(pid=81657) validate_allowed_request /opt/stack/data/venv/lib/python3.10/site-packages/keystonemiddleware/auth_token/__init__.py:545}}
Mar 16 18:24:23 ubuntu devstack@keystone.service[81658]: DEBUG keystone.server.flask.request_processing.middleware.auth_context [None req-be70d407-5098-4dde-a68b-858f27aa7d52 None admin] Validating token access rules against request {{(pid=81658) validate_allowed_request /opt/stack/data/venv/lib/python3.10/site-packages/keystonemiddleware/auth_token/__init__.py:545}}
Mar 16 18:24:23 ubuntu devstack@keystone.service[81657]: DEBUG keystone.server.flask.request_processing.middleware.auth_context [None req-bed0ae26-c76c-4e40-acc7-3dec43eb518b None admin] RBAC: auth_context: {'token': <TokenModel (audit_id=btSgPq6qSy-CCl_gQH7bQA, audit_chain_id=['btSgPq6qSy-CCl_gQH7bQA']) at 0x7f69c8fdb850>, 'domain_id': None, 'trust_id': None, 'trustor_id': None, 'trustee_id': None, 'domain_name': None, 'group_ids': [], 'user_id': '393dd37ef9494d2493c18c4a455c9d6c', 'user_domain_id': 'default', 'system_scope': 'all', 'project_id': None, 'project_domain_id': None, 'roles': ['admin', 'manager', 'member', 'reader'], 'is_admin_project': True, 'service_user_id': None, 'service_user_domain_id': None, 'service_project_id': None, 'service_project_domain_id': None, 'service_roles': []} {{(pid=81657) fill_context /opt/stack/keystone/keystone/server/flask/request_processing/middleware/auth_context.py:509}}
Mar 16 18:24:23 ubuntu devstack@keystone.service[81657]: DEBUG keystone.server.flask.request_processing.req_logging [None req-bed0ae26-c76c-4e40-acc7-3dec43eb518b None admin] REQUEST_METHOD: `GET` {{(pid=81657) log_request_info /opt/stack/keystone/keystone/server/flask/request_processing/req_logging.py:26}}
Mar 16 18:24:23 ubuntu devstack@keystone.service[81657]: DEBUG keystone.server.flask.request_processing.req_logging [None req-bed0ae26-c76c-4e40-acc7-3dec43eb518b None admin] SCRIPT_NAME: `/identity` {{(pid=81657) log_request_info /opt/stack/keystone/keystone/server/flask/request_processing/req_logging.py:27}}
Mar 16 18:24:23 ubuntu devstack@keystone.service[81657]: DEBUG keystone.server.flask.request_processing.req_logging [None req-bed0ae26-c76c-4e40-acc7-3dec43eb518b None admin] PATH_INFO: `/v3/users/393dd37ef9494d2493c18c4a455c9d6c` {{(pid=81657) log_request_info /opt/stack/keystone/keystone/server/flask/request_processing/req_logging.py:28}}
Mar 16 18:24:23 ubuntu devstack@keystone.service[81657]: DEBUG keystone.common.rbac_enforcer.enforcer [None req-bed0ae26-c76c-4e40-acc7-3dec43eb518b None admin] RBAC: Authorizing `identity:get_user(user_id=393dd37ef9494d2493c18c4a455c9d6c)` {{(pid=81657) enforce_call /opt/stack/keystone/keystone/common/rbac_enforcer/enforcer.py:494}}
Mar 16 18:24:23 ubuntu devstack@keystone.service[81657]: DEBUG keystone.common.rbac_enforcer.enforcer [None req-bed0ae26-c76c-4e40-acc7-3dec43eb518b None admin] RBAC: Authorization granted {{(pid=81657) enforce_call /opt/stack/keystone/keystone/common/rbac_enforcer/enforcer.py:505}}
Mar 16 18:24:23 ubuntu devstack@keystone.service[81657]: [pid: 81657|app: 0|req: 19/36] 10.201.5.82 () {56 vars in 1214 bytes} [Mon Mar 16 18:24:23 2026] GET /identity/v3/users/393dd37ef9494d2493c18c4a455c9d6c => generated 247 bytes in 60 msecs (HTTP/1.1 200) 5 headers in 177 bytes (1 switches on core 0)
Mar 16 18:24:23 ubuntu devstack@keystone.service[81657]: DEBUG keystone.server.flask.request_processing.middleware.auth_context [None req-bed0ae26-c76c-4e40-acc7-3dec43eb518b None admin] Authenticating user token {{(pid=81657) process_request /opt/stack/data/venv/lib/python3.10/site-packages/keystonemiddleware/auth_token/__init__.py:407}}
Mar 16 18:24:23 ubuntu devstack@keystone.service[81657]: DEBUG keystone.server.flask.request_processing.middleware.auth_context [None req-bed0ae26-c76c-4e40-acc7-3dec43eb518b None admin] Validating token access rules against request {{(pid=81657) validate_allowed_request /opt/stack/data/venv/lib/python3.10/site-packages/keystonemiddleware/auth_token/__init__.py:545}}
Mar 16 18:24:23 ubuntu devstack@keystone.service[81658]: DEBUG keystone.server.flask.request_processing.middleware.auth_context [None req-0965d2bb-a98b-4afa-8d2e-da4fb9e6162d None admin] RBAC: auth_context: {'token': <TokenModel (audit_id=dTekXJUWS162HqWWEuhTHA, audit_chain_id=['dTekXJUWS162HqWWEuhTHA']) at 0x7f69c8cb2c80>, 'domain_id': None, 'trust_id': None, 'trustor_id': None, 'trustee_id': None, 'domain_name': None, 'group_ids': [], 'user_id': '393dd37ef9494d2493c18c4a455c9d6c', 'user_domain_id': 'default', 'system_scope': 'all', 'project_id': None, 'project_domain_id': None, 'roles': ['admin', 'manager', 'member', 'reader'], 'is_admin_project': True, 'service_user_id': None, 'service_user_domain_id': None, 'service_project_id': None, 'service_project_domain_id': None, 'service_roles': []} {{(pid=81658) fill_context /opt/stack/keystone/keystone/server/flask/request_processing/middleware/auth_context.py:509}}
Mar 16 18:24:23 ubuntu devstack@keystone.service[81658]: DEBUG keystone.server.flask.request_processing.req_logging [None req-0965d2bb-a98b-4afa-8d2e-da4fb9e6162d None admin] REQUEST_METHOD: `POST` {{(pid=81658) log_request_info /opt/stack/keystone/keystone/server/flask/request_processing/req_logging.py:26}}
Mar 16 18:24:23 ubuntu devstack@keystone.service[81658]: DEBUG keystone.server.flask.request_processing.req_logging [None req-0965d2bb-a98b-4afa-8d2e-da4fb9e6162d None admin] SCRIPT_NAME: `/identity` {{(pid=81658) log_request_info /opt/stack/keystone/keystone/server/flask/request_processing/req_logging.py:27}}
Mar 16 18:24:23 ubuntu devstack@keystone.service[81658]: DEBUG keystone.server.flask.request_processing.req_logging [None req-0965d2bb-a98b-4afa-8d2e-da4fb9e6162d None admin] PATH_INFO: `/v3/roles` {{(pid=81658) log_request_info /opt/stack/keystone/keystone/server/flask/request_processing/req_logging.py:28}}
Mar 16 18:24:23 ubuntu devstack@keystone.service[81658]: DEBUG keystone.common.rbac_enforcer.enforcer [None req-0965d2bb-a98b-4afa-8d2e-da4fb9e6162d None admin] RBAC: Authorizing `identity:create_role()` {{(pid=81658) enforce_call /opt/stack/keystone/keystone/common/rbac_enforcer/enforcer.py:494}}
Mar 16 18:24:23 ubuntu devstack@keystone.service[81658]: DEBUG keystone.common.rbac_enforcer.enforcer [None req-0965d2bb-a98b-4afa-8d2e-da4fb9e6162d None admin] RBAC: Authorization granted {{(pid=81658) enforce_call /opt/stack/keystone/keystone/common/rbac_enforcer/enforcer.py:505}}
Mar 16 18:24:23 ubuntu devstack@keystone.service[81657]: DEBUG keystone.server.flask.request_processing.middleware.auth_context [None req-cd954308-b0da-4103-ab2d-0fb787083525 None admin] RBAC: auth_context: {'token': <TokenModel (audit_id=btSgPq6qSy-CCl_gQH7bQA, audit_chain_id=['btSgPq6qSy-CCl_gQH7bQA']) at 0x7f69c919e9e0>, 'domain_id': None, 'trust_id': None, 'trustor_id': None, 'trustee_id': None, 'domain_name': None, 'group_ids': [], 'user_id': '393dd37ef9494d2493c18c4a455c9d6c', 'user_domain_id': 'default', 'system_scope': 'all', 'project_id': None, 'project_domain_id': None, 'roles': ['admin', 'manager', 'member', 'reader'], 'is_admin_project': True, 'service_user_id': None, 'service_user_domain_id': None, 'service_project_id': None, 'service_project_domain_id': None, 'service_roles': []} {{(pid=81657) fill_context /opt/stack/keystone/keystone/server/flask/request_processing/middleware/auth_context.py:509}}
Mar 16 18:24:23 ubuntu devstack@keystone.service[81658]: DEBUG keystone.common.sql.core [None req-0965d2bb-a98b-4afa-8d2e-da4fb9e6162d None admin] Conflict role: (pymysql.err.IntegrityError) (1062, "Duplicate entry 'service-<<null>>' for key 'role.ixu_role_name_domain_id'")
Mar 16 18:24:23 ubuntu devstack@keystone.service[81658]: [SQL: INSERT INTO `role` (id, name, description, extra) VALUES (%(id)s, %(name)s, %(description)s, %(extra)s)]
Mar 16 18:24:23 ubuntu devstack@keystone.service[81658]: [parameters: {'id': '8c7e161ff5b34ed28cb0fd92eba948d9', 'name': 'service', 'description': None, 'extra': '{}'}]
Mar 16 18:24:23 ubuntu devstack@keystone.service[81658]: (Background on this error at: https://sqlalche.me/e/20/gkpj) {{(pid=81658) wrapper /opt/stack/keystone/keystone/common/sql/core.py:580}}
Mar 16 18:24:23 ubuntu devstack@keystone.service[81657]: DEBUG keystone.server.flask.request_processing.req_logging [None req-cd954308-b0da-4103-ab2d-0fb787083525 None admin] REQUEST_METHOD: `GET` {{(pid=81657) log_request_info /opt/stack/keystone/keystone/server/flask/request_processing/req_logging.py:26}}
Mar 16 18:24:23 ubuntu devstack@keystone.service[81657]: DEBUG keystone.server.flask.request_processing.req_logging [None req-cd954308-b0da-4103-ab2d-0fb787083525 None admin] SCRIPT_NAME: `/identity` {{(pid=81657) log_request_info /opt/stack/keystone/keystone/server/flask/request_processing/req_logging.py:27}}
Mar 16 18:24:23 ubuntu devstack@keystone.service[81657]: DEBUG keystone.server.flask.request_processing.req_logging [None req-cd954308-b0da-4103-ab2d-0fb787083525 None admin] PATH_INFO: `/v3/domains/default` {{(pid=81657) log_request_info /opt/stack/keystone/keystone/server/flask/request_processing/req_logging.py:28}}
Mar 16 18:24:23 ubuntu devstack@keystone.service[81657]: DEBUG keystone.common.rbac_enforcer.enforcer [None req-cd954308-b0da-4103-ab2d-0fb787083525 None admin] RBAC: Authorizing `identity:get_domain(domain_id=default)` {{(pid=81657) enforce_call /opt/stack/keystone/keystone/common/rbac_enforcer/enforcer.py:494}}
Mar 16 18:24:23 ubuntu devstack@keystone.service[81657]: DEBUG keystone.common.rbac_enforcer.enforcer [None req-cd954308-b0da-4103-ab2d-0fb787083525 None admin] RBAC: Authorization granted {{(pid=81657) enforce_call /opt/stack/keystone/keystone/common/rbac_enforcer/enforcer.py:505}}
Mar 16 18:24:23 ubuntu devstack@keystone.service[81658]: ERROR keystone.server.flask.application [None req-0965d2bb-a98b-4afa-8d2e-da4fb9e6162d None admin] Conflict occurred attempting to store role - Duplicate entry found with name service.: keystone.exception.Conflict: Conflict occurred attempting to store role - Duplicate entry found with name service.
Mar 16 18:24:23 ubuntu devstack@keystone.service[81658]: ERROR keystone.server.flask.application Traceback (most recent call last):
Mar 16 18:24:23 ubuntu devstack@keystone.service[81658]: ERROR keystone.server.flask.application   File "/opt/stack/data/venv/lib/python3.10/site-packages/sqlalchemy/engine/base.py", line 1967, in _exec_single_context
Mar 16 18:24:23 ubuntu devstack@keystone.service[81658]: ERROR keystone.server.flask.application     self.dialect.do_execute(
Mar 16 18:24:23 ubuntu devstack@keystone.service[81658]: ERROR keystone.server.flask.application   File "/opt/stack/data/venv/lib/python3.10/site-packages/sqlalchemy/engine/default.py", line 952, in do_execute
Mar 16 18:24:23 ubuntu devstack@keystone.service[81658]: ERROR keystone.server.flask.application     cursor.execute(statement, parameters)
Mar 16 18:24:23 ubuntu devstack@keystone.service[81658]: ERROR keystone.server.flask.application   File "/opt/stack/data/venv/lib/python3.10/site-packages/pymysql/cursors.py", line 153, in execute
Mar 16 18:24:23 ubuntu devstack@keystone.service[81658]: ERROR keystone.server.flask.application     result = self._query(query)
Mar 16 18:24:23 ubuntu devstack@keystone.service[81658]: ERROR keystone.server.flask.application   File "/opt/stack/data/venv/lib/python3.10/site-packages/pymysql/cursors.py", line 322, in _query
Mar 16 18:24:23 ubuntu devstack@keystone.service[81658]: ERROR keystone.server.flask.application     conn.query(q)
Mar 16 18:24:23 ubuntu devstack@keystone.service[81658]: ERROR keystone.server.flask.application   File "/opt/stack/data/venv/lib/python3.10/site-packages/pymysql/connections.py", line 575, in query
Mar 16 18:24:23 ubuntu devstack@keystone.service[81658]: ERROR keystone.server.flask.application     self._affected_rows = self._read_query_result(unbuffered=unbuffered)
Mar 16 18:24:23 ubuntu devstack@keystone.service[81658]: ERROR keystone.server.flask.application   File "/opt/stack/data/venv/lib/python3.10/site-packages/pymysql/connections.py", line 826, in _read_query_result
Mar 16 18:24:23 ubuntu devstack@keystone.service[81658]: ERROR keystone.server.flask.application     result.read()
Mar 16 18:24:23 ubuntu devstack@keystone.service[81658]: ERROR keystone.server.flask.application   File "/opt/stack/data/venv/lib/python3.10/site-packages/pymysql/connections.py", line 1203, in read
Mar 16 18:24:23 ubuntu devstack@keystone.service[81658]: ERROR keystone.server.flask.application     first_packet = self.connection._read_packet()
Mar 16 18:24:23 ubuntu devstack@keystone.service[81658]: ERROR keystone.server.flask.application   File "/opt/stack/data/venv/lib/python3.10/site-packages/pymysql/connections.py", line 782, in _read_packet
Mar 16 18:24:23 ubuntu devstack@keystone.service[81658]: ERROR keystone.server.flask.application     packet.raise_for_error()
Mar 16 18:24:23 ubuntu devstack@keystone.service[81658]: ERROR keystone.server.flask.application   File "/opt/stack/data/venv/lib/python3.10/site-packages/pymysql/protocol.py", line 219, in raise_for_error
Mar 16 18:24:23 ubuntu devstack@keystone.service[81658]: ERROR keystone.server.flask.application     err.raise_mysql_exception(self._data)
Mar 16 18:24:23 ubuntu devstack@keystone.service[81658]: ERROR keystone.server.flask.application   File "/opt/stack/data/venv/lib/python3.10/site-packages/pymysql/err.py", line 150, in raise_mysql_exception
Mar 16 18:24:23 ubuntu devstack@keystone.service[81658]: ERROR keystone.server.flask.application     raise errorclass(errno, errval)
Mar 16 18:24:23 ubuntu devstack@keystone.service[81658]: ERROR keystone.server.flask.application pymysql.err.IntegrityError: (1062, "Duplicate entry 'service-<<null>>' for key 'role.ixu_role_name_domain_id'")
Mar 16 18:24:23 ubuntu devstack@keystone.service[81658]: ERROR keystone.server.flask.application 
Mar 16 18:24:23 ubuntu devstack@keystone.service[81658]: ERROR keystone.server.flask.application The above exception was the direct cause of the following exception:
Mar 16 18:24:23 ubuntu devstack@keystone.service[81658]: ERROR keystone.server.flask.application 
Mar 16 18:24:23 ubuntu devstack@keystone.service[81658]: ERROR keystone.server.flask.application Traceback (most recent call last):
Mar 16 18:24:23 ubuntu devstack@keystone.service[81658]: ERROR keystone.server.flask.application   File "/opt/stack/keystone/keystone/common/sql/core.py", line 575, in wrapper
Mar 16 18:24:23 ubuntu devstack@keystone.service[81658]: ERROR keystone.server.flask.application     return method(*args, **kwargs)
Mar 16 18:24:23 ubuntu devstack@keystone.service[81658]: ERROR keystone.server.flask.application   File "/opt/stack/keystone/keystone/assignment/role_backends/sql.py", line 25, in create_role
Mar 16 18:24:23 ubuntu devstack@keystone.service[81658]: ERROR keystone.server.flask.application     with sql.session_for_write() as session:
Mar 16 18:24:23 ubuntu devstack@keystone.service[81658]: ERROR keystone.server.flask.application   File "/usr/lib/python3.10/contextlib.py", line 142, in __exit__
Mar 16 18:24:23 ubuntu devstack@keystone.service[81658]: ERROR keystone.server.flask.application     next(self.gen)
Mar 16 18:24:23 ubuntu devstack@keystone.service[81658]: ERROR keystone.server.flask.application   File "/opt/stack/data/venv/lib/python3.10/site-packages/oslo_db/sqlalchemy/enginefacade.py", line 1175, in _transaction_scope
Mar 16 18:24:23 ubuntu devstack@keystone.service[81658]: ERROR keystone.server.flask.application     with current._produce_block(
Mar 16 18:24:23 ubuntu devstack@keystone.service[81658]: ERROR keystone.server.flask.application   File "/usr/lib/python3.10/contextlib.py", line 142, in __exit__
Mar 16 18:24:23 ubuntu devstack@keystone.service[81658]: ERROR keystone.server.flask.application     next(self.gen)
Mar 16 18:24:23 ubuntu devstack@keystone.service[81658]: ERROR keystone.server.flask.application   File "/opt/stack/data/venv/lib/python3.10/site-packages/oslo_db/sqlalchemy/enginefacade.py", line 837, in _session
Mar 16 18:24:23 ubuntu devstack@keystone.service[81658]: ERROR keystone.server.flask.application     with excutils.save_and_reraise_exception():
Mar 16 18:24:23 ubuntu devstack@keystone.service[81658]: ERROR keystone.server.flask.application   File "/opt/stack/data/venv/lib/python3.10/site-packages/oslo_utils/excutils.py", line 267, in __exit__
Mar 16 18:24:23 ubuntu devstack@keystone.service[81658]: ERROR keystone.server.flask.application     self.force_reraise()
Mar 16 18:24:23 ubuntu devstack@keystone.service[81658]: ERROR keystone.server.flask.application   File "/opt/stack/data/venv/lib/python3.10/site-packages/oslo_utils/excutils.py", line 233, in force_reraise
Mar 16 18:24:23 ubuntu devstack@keystone.service[81658]: ERROR keystone.server.flask.application     raise self.value
Mar 16 18:24:23 ubuntu devstack@keystone.service[81658]: ERROR keystone.server.flask.application   File "/opt/stack/data/venv/lib/python3.10/site-packages/oslo_db/sqlalchemy/enginefacade.py", line 835, in _session
Mar 16 18:24:23 ubuntu devstack@keystone.service[81658]: ERROR keystone.server.flask.application     self._end_session_transaction(self.session)
Mar 16 18:24:23 ubuntu devstack@keystone.service[81658]: ERROR keystone.server.flask.application   File "/opt/stack/data/venv/lib/python3.10/site-packages/oslo_db/sqlalchemy/enginefacade.py", line 748, in _end_session_transaction
Mar 16 18:24:23 ubuntu devstack@keystone.service[81658]: ERROR keystone.server.flask.application     session.commit()
Mar 16 18:24:23 ubuntu devstack@keystone.service[81658]: ERROR keystone.server.flask.application   File "/opt/stack/data/venv/lib/python3.10/site-packages/sqlalchemy/orm/session.py", line 2030, in commit
Mar 16 18:24:23 ubuntu devstack@keystone.service[81658]: ERROR keystone.server.flask.application     trans.commit(_to_root=True)
Mar 16 18:24:23 ubuntu devstack@keystone.service[81658]: ERROR keystone.server.flask.application   File "<string>", line 2, in commit
Mar 16 18:24:23 ubuntu devstack@keystone.service[81658]: ERROR keystone.server.flask.application   File "/opt/stack/data/venv/lib/python3.10/site-packages/sqlalchemy/orm/state_changes.py", line 137, in _go
