Dec 18 01:31:43 ubuntu devstack@g-api.service[119133]: DEBUG glance.api.middleware.cache [None req-4f3f98a0-b7b9-4b3b-9116-26aa69b8a7cf tempest-ImageDependencyTests-851318450 tempest-ImageDependencyTests-851318450-project-member] Cache hit for image 'b8a7441c-2970-4422-9088-b9e5f4263dea' {{(pid=119133) process_request /opt/stack/glance/glance/api/middleware/cache.py:160}}
Dec 18 01:31:43 ubuntu devstack@g-api.service[119132]: DEBUG glance.api.middleware.version_negotiation [None req-4f3f98a0-b7b9-4b3b-9116-26aa69b8a7cf tempest-ImageDependencyTests-851318450 tempest-ImageDependencyTests-851318450-project-member] Determining version of request: GET /v2/images/b8a7441c-2970-4422-9088-b9e5f4263dea Accept: */* {{(pid=119132) process_request /opt/stack/glance/glance/api/middleware/version_negotiation.py:44}}
Dec 18 01:31:43 ubuntu devstack@g-api.service[119132]: DEBUG glance.api.middleware.version_negotiation [None req-4f3f98a0-b7b9-4b3b-9116-26aa69b8a7cf tempest-ImageDependencyTests-851318450 tempest-ImageDependencyTests-851318450-project-member] Using url versioning {{(pid=119132) process_request /opt/stack/glance/glance/api/middleware/version_negotiation.py:57}}
Dec 18 01:31:43 ubuntu devstack@g-api.service[119132]: DEBUG glance.api.middleware.version_negotiation [None req-4f3f98a0-b7b9-4b3b-9116-26aa69b8a7cf tempest-ImageDependencyTests-851318450 tempest-ImageDependencyTests-851318450-project-member] Matched version: v2 {{(pid=119132) process_request /opt/stack/glance/glance/api/middleware/version_negotiation.py:69}}
Dec 18 01:31:43 ubuntu devstack@g-api.service[119132]: DEBUG glance.api.middleware.version_negotiation [None req-4f3f98a0-b7b9-4b3b-9116-26aa69b8a7cf tempest-ImageDependencyTests-851318450 tempest-ImageDependencyTests-851318450-project-member] new path /v2/images/b8a7441c-2970-4422-9088-b9e5f4263dea {{(pid=119132) process_request /opt/stack/glance/glance/api/middleware/version_negotiation.py:70}}
Dec 18 01:31:43 ubuntu devstack@g-api.service[119133]: [pid: 119133|app: 0|req: 25/48] 127.0.0.1 () {42 vars in 1055 bytes} [Wed Dec 18 01:31:43 2024] GET /v2/images/b8a7441c-2970-4422-9088-b9e5f4263dea/file => generated 1024 bytes in 24 msecs (HTTP/1.1 200) 5 headers in 213 bytes (1 switches on core 0)
Dec 18 01:31:43 ubuntu devstack@g-api.service[119132]: [pid: 119132|app: 0|req: 24/49] 127.0.0.1 () {42 vars in 1045 bytes} [Wed Dec 18 01:31:43 2024] GET /v2/images/b8a7441c-2970-4422-9088-b9e5f4263dea => generated 808 bytes in 9 msecs (HTTP/1.1 200) 4 headers in 157 bytes (1 switches on core 0)
Dec 18 01:31:43 ubuntu devstack@g-api.service[119133]: DEBUG glance.api.middleware.version_negotiation [None req-4f3f98a0-b7b9-4b3b-9116-26aa69b8a7cf tempest-ImageDependencyTests-851318450 tempest-ImageDependencyTests-851318450-project-member] Determining version of request: GET /v2/schemas/image Accept: */* {{(pid=119133) process_request /opt/stack/glance/glance/api/middleware/version_negotiation.py:44}}
Dec 18 01:31:43 ubuntu devstack@g-api.service[119133]: DEBUG glance.api.middleware.version_negotiation [None req-4f3f98a0-b7b9-4b3b-9116-26aa69b8a7cf tempest-ImageDependencyTests-851318450 tempest-ImageDependencyTests-851318450-project-member] Using url versioning {{(pid=119133) process_request /opt/stack/glance/glance/api/middleware/version_negotiation.py:57}}
Dec 18 01:31:43 ubuntu devstack@g-api.service[119133]: DEBUG glance.api.middleware.version_negotiation [None req-4f3f98a0-b7b9-4b3b-9116-26aa69b8a7cf tempest-ImageDependencyTests-851318450 tempest-ImageDependencyTests-851318450-project-member] Matched version: v2 {{(pid=119133) process_request /opt/stack/glance/glance/api/middleware/version_negotiation.py:69}}
Dec 18 01:31:43 ubuntu devstack@g-api.service[119133]: DEBUG glance.api.middleware.version_negotiation [None req-4f3f98a0-b7b9-4b3b-9116-26aa69b8a7cf tempest-ImageDependencyTests-851318450 tempest-ImageDependencyTests-851318450-project-member] new path /v2/schemas/image {{(pid=119133) process_request /opt/stack/glance/glance/api/middleware/version_negotiation.py:70}}
Dec 18 01:31:43 ubuntu devstack@g-api.service[119133]: [pid: 119133|app: 0|req: 26/50] 127.0.0.1 () {42 vars in 985 bytes} [Wed Dec 18 01:31:43 2024] GET /v2/schemas/image => generated 6083 bytes in 3 msecs (HTTP/1.1 200) 4 headers in 158 bytes (1 switches on core 0)
Dec 18 01:31:43 ubuntu devstack@g-api.service[119132]: DEBUG glance.api.middleware.version_negotiation [None req-4f3f98a0-b7b9-4b3b-9116-26aa69b8a7cf tempest-ImageDependencyTests-851318450 tempest-ImageDependencyTests-851318450-project-member] Determining version of request: GET /v2/images/b8a7441c-2970-4422-9088-b9e5f4263dea Accept: */* {{(pid=119132) process_request /opt/stack/glance/glance/api/middleware/version_negotiation.py:44}}
Dec 18 01:31:43 ubuntu devstack@g-api.service[119132]: DEBUG glance.api.middleware.version_negotiation [None req-4f3f98a0-b7b9-4b3b-9116-26aa69b8a7cf tempest-ImageDependencyTests-851318450 tempest-ImageDependencyTests-851318450-project-member] Using url versioning {{(pid=119132) process_request /opt/stack/glance/glance/api/middleware/version_negotiation.py:57}}
Dec 18 01:31:43 ubuntu devstack@g-api.service[119132]: DEBUG glance.api.middleware.version_negotiation [None req-4f3f98a0-b7b9-4b3b-9116-26aa69b8a7cf tempest-ImageDependencyTests-851318450 tempest-ImageDependencyTests-851318450-project-member] Matched version: v2 {{(pid=119132) process_request /opt/stack/glance/glance/api/middleware/version_negotiation.py:69}}
Dec 18 01:31:43 ubuntu devstack@g-api.service[119132]: DEBUG glance.api.middleware.version_negotiation [None req-4f3f98a0-b7b9-4b3b-9116-26aa69b8a7cf tempest-ImageDependencyTests-851318450 tempest-ImageDependencyTests-851318450-project-member] new path /v2/images/b8a7441c-2970-4422-9088-b9e5f4263dea {{(pid=119132) process_request /opt/stack/glance/glance/api/middleware/version_negotiation.py:70}}
Dec 18 01:31:43 ubuntu devstack@g-api.service[119132]: [pid: 119132|app: 0|req: 25/51] 127.0.0.1 () {42 vars in 1045 bytes} [Wed Dec 18 01:31:43 2024] GET /v2/images/b8a7441c-2970-4422-9088-b9e5f4263dea => generated 808 bytes in 15 msecs (HTTP/1.1 200) 4 headers in 157 bytes (1 switches on core 0)
Dec 18 01:31:43 ubuntu devstack@g-api.service[119133]: DEBUG glance.api.middleware.version_negotiation [None req-4f3f98a0-b7b9-4b3b-9116-26aa69b8a7cf tempest-ImageDependencyTests-851318450 tempest-ImageDependencyTests-851318450-project-member] Determining version of request: GET /v2/schemas/image Accept: */* {{(pid=119133) process_request /opt/stack/glance/glance/api/middleware/version_negotiation.py:44}}
Dec 18 01:31:43 ubuntu devstack@g-api.service[119133]: DEBUG glance.api.middleware.version_negotiation [None req-4f3f98a0-b7b9-4b3b-9116-26aa69b8a7cf tempest-ImageDependencyTests-851318450 tempest-ImageDependencyTests-851318450-project-member] Using url versioning {{(pid=119133) process_request /opt/stack/glance/glance/api/middleware/version_negotiation.py:57}}
Dec 18 01:31:43 ubuntu devstack@g-api.service[119133]: DEBUG glance.api.middleware.version_negotiation [None req-4f3f98a0-b7b9-4b3b-9116-26aa69b8a7cf tempest-ImageDependencyTests-851318450 tempest-ImageDependencyTests-851318450-project-member] Matched version: v2 {{(pid=119133) process_request /opt/stack/glance/glance/api/middleware/version_negotiation.py:69}}
Dec 18 01:31:43 ubuntu devstack@g-api.service[119133]: DEBUG glance.api.middleware.version_negotiation [None req-4f3f98a0-b7b9-4b3b-9116-26aa69b8a7cf tempest-ImageDependencyTests-851318450 tempest-ImageDependencyTests-851318450-project-member] new path /v2/schemas/image {{(pid=119133) process_request /opt/stack/glance/glance/api/middleware/version_negotiation.py:70}}
Dec 18 01:31:43 ubuntu devstack@g-api.service[119133]: [pid: 119133|app: 0|req: 27/52] 127.0.0.1 () {42 vars in 985 bytes} [Wed Dec 18 01:31:43 2024] GET /v2/schemas/image => generated 6083 bytes in 4 msecs (HTTP/1.1 200) 4 headers in 158 bytes (1 switches on core 0)
Dec 18 01:31:43 ubuntu devstack@g-api.service[119132]: DEBUG glance.api.middleware.version_negotiation [None req-4f3f98a0-b7b9-4b3b-9116-26aa69b8a7cf tempest-ImageDependencyTests-851318450 tempest-ImageDependencyTests-851318450-project-member] Determining version of request: GET /v2/images/b8a7441c-2970-4422-9088-b9e5f4263dea Accept: */* {{(pid=119132) process_request /opt/stack/glance/glance/api/middleware/version_negotiation.py:44}}
Dec 18 01:31:43 ubuntu devstack@g-api.service[119132]: DEBUG glance.api.middleware.version_negotiation [None req-4f3f98a0-b7b9-4b3b-9116-26aa69b8a7cf tempest-ImageDependencyTests-851318450 tempest-ImageDependencyTests-851318450-project-member] Using url versioning {{(pid=119132) process_request /opt/stack/glance/glance/api/middleware/version_negotiation.py:57}}
Dec 18 01:31:43 ubuntu devstack@g-api.service[119132]: DEBUG glance.api.middleware.version_negotiation [None req-4f3f98a0-b7b9-4b3b-9116-26aa69b8a7cf tempest-ImageDependencyTests-851318450 tempest-ImageDependencyTests-851318450-project-member] Matched version: v2 {{(pid=119132) process_request /opt/stack/glance/glance/api/middleware/version_negotiation.py:69}}
Dec 18 01:31:43 ubuntu devstack@g-api.service[119132]: DEBUG glance.api.middleware.version_negotiation [None req-4f3f98a0-b7b9-4b3b-9116-26aa69b8a7cf tempest-ImageDependencyTests-851318450 tempest-ImageDependencyTests-851318450-project-member] new path /v2/images/b8a7441c-2970-4422-9088-b9e5f4263dea {{(pid=119132) process_request /opt/stack/glance/glance/api/middleware/version_negotiation.py:70}}
Dec 18 01:31:43 ubuntu devstack@g-api.service[119132]: [pid: 119132|app: 0|req: 26/53] 127.0.0.1 () {42 vars in 1045 bytes} [Wed Dec 18 01:31:43 2024] GET /v2/images/b8a7441c-2970-4422-9088-b9e5f4263dea => generated 808 bytes in 14 msecs (HTTP/1.1 200) 4 headers in 157 bytes (1 switches on core 0)
Dec 18 01:31:43 ubuntu devstack@g-api.service[119133]: DEBUG glance.api.middleware.version_negotiation [None req-4f3f98a0-b7b9-4b3b-9116-26aa69b8a7cf tempest-ImageDependencyTests-851318450 tempest-ImageDependencyTests-851318450-project-member] Determining version of request: GET /v2/schemas/image Accept: */* {{(pid=119133) process_request /opt/stack/glance/glance/api/middleware/version_negotiation.py:44}}
Dec 18 01:31:43 ubuntu devstack@g-api.service[119133]: DEBUG glance.api.middleware.version_negotiation [None req-4f3f98a0-b7b9-4b3b-9116-26aa69b8a7cf tempest-ImageDependencyTests-851318450 tempest-ImageDependencyTests-851318450-project-member] Using url versioning {{(pid=119133) process_request /opt/stack/glance/glance/api/middleware/version_negotiation.py:57}}
Dec 18 01:31:43 ubuntu devstack@g-api.service[119133]: DEBUG glance.api.middleware.version_negotiation [None req-4f3f98a0-b7b9-4b3b-9116-26aa69b8a7cf tempest-ImageDependencyTests-851318450 tempest-ImageDependencyTests-851318450-project-member] Matched version: v2 {{(pid=119133) process_request /opt/stack/glance/glance/api/middleware/version_negotiation.py:69}}
Dec 18 01:31:43 ubuntu devstack@g-api.service[119133]: DEBUG glance.api.middleware.version_negotiation [None req-4f3f98a0-b7b9-4b3b-9116-26aa69b8a7cf tempest-ImageDependencyTests-851318450 tempest-ImageDependencyTests-851318450-project-member] new path /v2/schemas/image {{(pid=119133) process_request /opt/stack/glance/glance/api/middleware/version_negotiation.py:70}}
Dec 18 01:31:43 ubuntu devstack@g-api.service[119133]: [pid: 119133|app: 0|req: 28/54] 127.0.0.1 () {42 vars in 985 bytes} [Wed Dec 18 01:31:43 2024] GET /v2/schemas/image => generated 6083 bytes in 6 msecs (HTTP/1.1 200) 4 headers in 158 bytes (1 switches on core 0)
Dec 18 01:31:43 ubuntu devstack@g-api.service[119132]: DEBUG glance.api.middleware.version_negotiation [None req-4f3f98a0-b7b9-4b3b-9116-26aa69b8a7cf tempest-ImageDependencyTests-851318450 tempest-ImageDependencyTests-851318450-project-member] Determining version of request: GET /v2/images/b8a7441c-2970-4422-9088-b9e5f4263dea Accept: */* {{(pid=119132) process_request /opt/stack/glance/glance/api/middleware/version_negotiation.py:44}}
Dec 18 01:31:43 ubuntu devstack@g-api.service[119132]: DEBUG glance.api.middleware.version_negotiation [None req-4f3f98a0-b7b9-4b3b-9116-26aa69b8a7cf tempest-ImageDependencyTests-851318450 tempest-ImageDependencyTests-851318450-project-member] Using url versioning {{(pid=119132) process_request /opt/stack/glance/glance/api/middleware/version_negotiation.py:57}}
Dec 18 01:31:43 ubuntu devstack@g-api.service[119132]: DEBUG glance.api.middleware.version_negotiation [None req-4f3f98a0-b7b9-4b3b-9116-26aa69b8a7cf tempest-ImageDependencyTests-851318450 tempest-ImageDependencyTests-851318450-project-member] Matched version: v2 {{(pid=119132) process_request /opt/stack/glance/glance/api/middleware/version_negotiation.py:69}}
Dec 18 01:31:43 ubuntu devstack@g-api.service[119132]: DEBUG glance.api.middleware.version_negotiation [None req-4f3f98a0-b7b9-4b3b-9116-26aa69b8a7cf tempest-ImageDependencyTests-851318450 tempest-ImageDependencyTests-851318450-project-member] new path /v2/images/b8a7441c-2970-4422-9088-b9e5f4263dea {{(pid=119132) process_request /opt/stack/glance/glance/api/middleware/version_negotiation.py:70}}
Dec 18 01:31:43 ubuntu devstack@g-api.service[119132]: [pid: 119132|app: 0|req: 27/55] 127.0.0.1 () {42 vars in 1045 bytes} [Wed Dec 18 01:31:43 2024] GET /v2/images/b8a7441c-2970-4422-9088-b9e5f4263dea => generated 808 bytes in 7 msecs (HTTP/1.1 200) 4 headers in 157 bytes (1 switches on core 0)
Dec 18 01:31:43 ubuntu devstack@g-api.service[119133]: DEBUG glance.api.middleware.version_negotiation [None req-4f3f98a0-b7b9-4b3b-9116-26aa69b8a7cf tempest-ImageDependencyTests-851318450 tempest-ImageDependencyTests-851318450-project-member] Determining version of request: GET /v2/schemas/image Accept: */* {{(pid=119133) process_request /opt/stack/glance/glance/api/middleware/version_negotiation.py:44}}
Dec 18 01:31:43 ubuntu devstack@g-api.service[119133]: DEBUG glance.api.middleware.version_negotiation [None req-4f3f98a0-b7b9-4b3b-9116-26aa69b8a7cf tempest-ImageDependencyTests-851318450 tempest-ImageDependencyTests-851318450-project-member] Using url versioning {{(pid=119133) process_request /opt/stack/glance/glance/api/middleware/version_negotiation.py:57}}
Dec 18 01:31:43 ubuntu devstack@g-api.service[119133]: DEBUG glance.api.middleware.version_negotiation [None req-4f3f98a0-b7b9-4b3b-9116-26aa69b8a7cf tempest-ImageDependencyTests-851318450 tempest-ImageDependencyTests-851318450-project-member] Matched version: v2 {{(pid=119133) process_request /opt/stack/glance/glance/api/middleware/version_negotiation.py:69}}
Dec 18 01:31:43 ubuntu devstack@g-api.service[119133]: DEBUG glance.api.middleware.version_negotiation [None req-4f3f98a0-b7b9-4b3b-9116-26aa69b8a7cf tempest-ImageDependencyTests-851318450 tempest-ImageDependencyTests-851318450-project-member] new path /v2/schemas/image {{(pid=119133) process_request /opt/stack/glance/glance/api/middleware/version_negotiation.py:70}}
Dec 18 01:31:43 ubuntu devstack@g-api.service[119133]: [pid: 119133|app: 0|req: 29/56] 127.0.0.1 () {42 vars in 985 bytes} [Wed Dec 18 01:31:43 2024] GET /v2/schemas/image => generated 6083 bytes in 4 msecs (HTTP/1.1 200) 4 headers in 158 bytes (1 switches on core 0)
Dec 18 01:31:43 ubuntu devstack@g-api.service[119132]: DEBUG glance.api.middleware.version_negotiation [None req-4f3f98a0-b7b9-4b3b-9116-26aa69b8a7cf tempest-ImageDependencyTests-851318450 tempest-ImageDependencyTests-851318450-project-member] Determining version of request: GET /v2/schemas/image Accept: */* {{(pid=119132) process_request /opt/stack/glance/glance/api/middleware/version_negotiation.py:44}}
Dec 18 01:31:43 ubuntu devstack@g-api.service[119132]: DEBUG glance.api.middleware.version_negotiation [None req-4f3f98a0-b7b9-4b3b-9116-26aa69b8a7cf tempest-ImageDependencyTests-851318450 tempest-ImageDependencyTests-851318450-project-member] Using url versioning {{(pid=119132) process_request /opt/stack/glance/glance/api/middleware/version_negotiation.py:57}}
Dec 18 01:31:43 ubuntu devstack@g-api.service[119132]: DEBUG glance.api.middleware.version_negotiation [None req-4f3f98a0-b7b9-4b3b-9116-26aa69b8a7cf tempest-ImageDependencyTests-851318450 tempest-ImageDependencyTests-851318450-project-member] Matched version: v2 {{(pid=119132) process_request /opt/stack/glance/glance/api/middleware/version_negotiation.py:69}}
Dec 18 01:31:43 ubuntu devstack@g-api.service[119132]: DEBUG glance.api.middleware.version_negotiation [None req-4f3f98a0-b7b9-4b3b-9116-26aa69b8a7cf tempest-ImageDependencyTests-851318450 tempest-ImageDependencyTests-851318450-project-member] new path /v2/schemas/image {{(pid=119132) process_request /opt/stack/glance/glance/api/middleware/version_negotiation.py:70}}
Dec 18 01:31:43 ubuntu devstack@g-api.service[119132]: [pid: 119132|app: 0|req: 28/57] 127.0.0.1 () {42 vars in 985 bytes} [Wed Dec 18 01:31:43 2024] GET /v2/schemas/image => generated 6083 bytes in 2 msecs (HTTP/1.1 200) 4 headers in 158 bytes (1 switches on core 0)
Dec 18 01:31:43 ubuntu devstack@g-api.service[119133]: DEBUG glance.api.middleware.version_negotiation [None req-4f3f98a0-b7b9-4b3b-9116-26aa69b8a7cf tempest-ImageDependencyTests-851318450 tempest-ImageDependencyTests-851318450-project-member] Determining version of request: GET /v2/images/b8a7441c-2970-4422-9088-b9e5f4263dea Accept: */* {{(pid=119133) process_request /opt/stack/glance/glance/api/middleware/version_negotiation.py:44}}
Dec 18 01:31:43 ubuntu devstack@g-api.service[119133]: DEBUG glance.api.middleware.version_negotiation [None req-4f3f98a0-b7b9-4b3b-9116-26aa69b8a7cf tempest-ImageDependencyTests-851318450 tempest-ImageDependencyTests-851318450-project-member] Using url versioning {{(pid=119133) process_request /opt/stack/glance/glance/api/middleware/version_negotiation.py:57}}
Dec 18 01:31:43 ubuntu devstack@g-api.service[119133]: DEBUG glance.api.middleware.version_negotiation [None req-4f3f98a0-b7b9-4b3b-9116-26aa69b8a7cf tempest-ImageDependencyTests-851318450 tempest-ImageDependencyTests-851318450-project-member] Matched version: v2 {{(pid=119133) process_request /opt/stack/glance/glance/api/middleware/version_negotiation.py:69}}
Dec 18 01:31:43 ubuntu devstack@g-api.service[119133]: DEBUG glance.api.middleware.version_negotiation [None req-4f3f98a0-b7b9-4b3b-9116-26aa69b8a7cf tempest-ImageDependencyTests-851318450 tempest-ImageDependencyTests-851318450-project-member] new path /v2/images/b8a7441c-2970-4422-9088-b9e5f4263dea {{(pid=119133) process_request /opt/stack/glance/glance/api/middleware/version_negotiation.py:70}}
Dec 18 01:31:43 ubuntu devstack@g-api.service[119133]: [pid: 119133|app: 0|req: 30/58] 127.0.0.1 () {42 vars in 1045 bytes} [Wed Dec 18 01:31:43 2024] GET /v2/images/b8a7441c-2970-4422-9088-b9e5f4263dea => generated 808 bytes in 9 msecs (HTTP/1.1 200) 4 headers in 157 bytes (1 switches on core 0)
Dec 18 01:31:43 ubuntu devstack@g-api.service[119132]: DEBUG glance.api.middleware.version_negotiation [None req-4f3f98a0-b7b9-4b3b-9116-26aa69b8a7cf tempest-ImageDependencyTests-851318450 tempest-ImageDependencyTests-851318450-project-member] Determining version of request: GET /v2/images/b8a7441c-2970-4422-9088-b9e5f4263dea/file Accept: */* {{(pid=119132) process_request /opt/stack/glance/glance/api/middleware/version_negotiation.py:44}}
Dec 18 01:31:43 ubuntu devstack@g-api.service[119132]: DEBUG glance.api.middleware.version_negotiation [None req-4f3f98a0-b7b9-4b3b-9116-26aa69b8a7cf tempest-ImageDependencyTests-851318450 tempest-ImageDependencyTests-851318450-project-member] Using url versioning {{(pid=119132) process_request /opt/stack/glance/glance/api/middleware/version_negotiation.py:57}}
Dec 18 01:31:43 ubuntu devstack@g-api.service[119132]: DEBUG glance.api.middleware.version_negotiation [None req-4f3f98a0-b7b9-4b3b-9116-26aa69b8a7cf tempest-ImageDependencyTests-851318450 tempest-ImageDependencyTests-851318450-project-member] Matched version: v2 {{(pid=119132) process_request /opt/stack/glance/glance/api/middleware/version_negotiation.py:69}}
Dec 18 01:31:43 ubuntu devstack@g-api.service[119132]: DEBUG glance.api.middleware.version_negotiation [None req-4f3f98a0-b7b9-4b3b-9116-26aa69b8a7cf tempest-ImageDependencyTests-851318450 tempest-ImageDependencyTests-851318450-project-member] new path /v2/images/b8a7441c-2970-4422-9088-b9e5f4263dea/file {{(pid=119132) process_request /opt/stack/glance/glance/api/middleware/version_negotiation.py:70}}
Dec 18 01:31:43 ubuntu devstack@g-api.service[119132]: DEBUG glance.api.middleware.cache [None req-4f3f98a0-b7b9-4b3b-9116-26aa69b8a7cf tempest-ImageDependencyTests-851318450 tempest-ImageDependencyTests-851318450-project-member] Cache hit for image 'b8a7441c-2970-4422-9088-b9e5f4263dea' {{(pid=119132) process_request /opt/stack/glance/glance/api/middleware/cache.py:160}}
Dec 18 01:31:43 ubuntu devstack@g-api.service[119133]: DEBUG glance.api.middleware.version_negotiation [None req-4f3f98a0-b7b9-4b3b-9116-26aa69b8a7cf tempest-ImageDependencyTests-851318450 tempest-ImageDependencyTests-851318450-project-member] Determining version of request: GET /v2/images/b8a7441c-2970-4422-9088-b9e5f4263dea Accept: */* {{(pid=119133) process_request /opt/stack/glance/glance/api/middleware/version_negotiation.py:44}}
Dec 18 01:31:43 ubuntu devstack@g-api.service[119133]: DEBUG glance.api.middleware.version_negotiation [None req-4f3f98a0-b7b9-4b3b-9116-26aa69b8a7cf tempest-ImageDependencyTests-851318450 tempest-ImageDependencyTests-851318450-project-member] Using url versioning {{(pid=119133) process_request /opt/stack/glance/glance/api/middleware/version_negotiation.py:57}}
Dec 18 01:31:43 ubuntu devstack@g-api.service[119133]: DEBUG glance.api.middleware.version_negotiation [None req-4f3f98a0-b7b9-4b3b-9116-26aa69b8a7cf tempest-ImageDependencyTests-851318450 tempest-ImageDependencyTests-851318450-project-member] Matched version: v2 {{(pid=119133) process_request /opt/stack/glance/glance/api/middleware/version_negotiation.py:69}}
Dec 18 01:31:43 ubuntu devstack@g-api.service[119133]: DEBUG glance.api.middleware.version_negotiation [None req-4f3f98a0-b7b9-4b3b-9116-26aa69b8a7cf tempest-ImageDependencyTests-851318450 tempest-ImageDependencyTests-851318450-project-member] new path /v2/images/b8a7441c-2970-4422-9088-b9e5f4263dea {{(pid=119133) process_request /opt/stack/glance/glance/api/middleware/version_negotiation.py:70}}
Dec 18 01:31:43 ubuntu devstack@g-api.service[119133]: [pid: 119133|app: 0|req: 31/59] 127.0.0.1 () {42 vars in 1045 bytes} [Wed Dec 18 01:31:43 2024] GET /v2/images/b8a7441c-2970-4422-9088-b9e5f4263dea => generated 808 bytes in 9 msecs (HTTP/1.1 200) 4 headers in 157 bytes (1 switches on core 0)
Dec 18 01:31:43 ubuntu devstack@g-api.service[119132]: [pid: 119132|app: 0|req: 29/60] 127.0.0.1 () {42 vars in 1055 bytes} [Wed Dec 18 01:31:43 2024] GET /v2/images/b8a7441c-2970-4422-9088-b9e5f4263dea/file => generated 1024 bytes in 29 msecs (HTTP/1.1 200) 5 headers in 213 bytes (1 switches on core 0)
Dec 18 01:31:43 ubuntu devstack@g-api.service[119133]: DEBUG glance.api.middleware.version_negotiation [None req-4f3f98a0-b7b9-4b3b-9116-26aa69b8a7cf tempest-ImageDependencyTests-851318450 tempest-ImageDependencyTests-851318450-project-member] Determining version of request: GET /v2/schemas/image Accept: */* {{(pid=119133) process_request /opt/stack/glance/glance/api/middleware/version_negotiation.py:44}}
Dec 18 01:31:43 ubuntu devstack@g-api.service[119133]: DEBUG glance.api.middleware.version_negotiation [None req-4f3f98a0-b7b9-4b3b-9116-26aa69b8a7cf tempest-ImageDependencyTests-851318450 tempest-ImageDependencyTests-851318450-project-member] Using url versioning {{(pid=119133) process_request /opt/stack/glance/glance/api/middleware/version_negotiation.py:57}}
Dec 18 01:31:43 ubuntu devstack@g-api.service[119133]: DEBUG glance.api.middleware.version_negotiation [None req-4f3f98a0-b7b9-4b3b-9116-26aa69b8a7cf tempest-ImageDependencyTests-851318450 tempest-ImageDependencyTests-851318450-project-member] Matched version: v2 {{(pid=119133) process_request /opt/stack/glance/glance/api/middleware/version_negotiation.py:69}}
Dec 18 01:31:43 ubuntu devstack@g-api.service[119133]: DEBUG glance.api.middleware.version_negotiation [None req-4f3f98a0-b7b9-4b3b-9116-26aa69b8a7cf tempest-ImageDependencyTests-851318450 tempest-ImageDependencyTests-851318450-project-member] new path /v2/schemas/image {{(pid=119133) process_request /opt/stack/glance/glance/api/middleware/version_negotiation.py:70}}
Dec 18 01:31:43 ubuntu devstack@g-api.service[119133]: [pid: 119133|app: 0|req: 32/61] 127.0.0.1 () {42 vars in 985 bytes} [Wed Dec 18 01:31:43 2024] GET /v2/schemas/image => generated 6083 bytes in 5 msecs (HTTP/1.1 200) 4 headers in 158 bytes (1 switches on core 0)
Dec 18 01:31:44 ubuntu devstack@g-api.service[119132]: DEBUG glance.api.middleware.version_negotiation [None req-4f3f98a0-b7b9-4b3b-9116-26aa69b8a7cf tempest-ImageDependencyTests-851318450 tempest-ImageDependencyTests-851318450-project-member] Determining version of request: GET /v2/images/b8a7441c-2970-4422-9088-b9e5f4263dea Accept: */* {{(pid=119132) process_request /opt/stack/glance/glance/api/middleware/version_negotiation.py:44}}
Dec 18 01:31:44 ubuntu devstack@g-api.service[119132]: DEBUG glance.api.middleware.version_negotiation [None req-4f3f98a0-b7b9-4b3b-9116-26aa69b8a7cf tempest-ImageDependencyTests-851318450 tempest-ImageDependencyTests-851318450-project-member] Using url versioning {{(pid=119132) process_request /opt/stack/glance/glance/api/middleware/version_negotiation.py:57}}
Dec 18 01:31:44 ubuntu devstack@g-api.service[119132]: DEBUG glance.api.middleware.version_negotiation [None req-4f3f98a0-b7b9-4b3b-9116-26aa69b8a7cf tempest-ImageDependencyTests-851318450 tempest-ImageDependencyTests-851318450-project-member] Matched version: v2 {{(pid=119132) process_request /opt/stack/glance/glance/api/middleware/version_negotiation.py:69}}
Dec 18 01:31:44 ubuntu devstack@g-api.service[119132]: DEBUG glance.api.middleware.version_negotiation [None req-4f3f98a0-b7b9-4b3b-9116-26aa69b8a7cf tempest-ImageDependencyTests-851318450 tempest-ImageDependencyTests-851318450-project-member] new path /v2/images/b8a7441c-2970-4422-9088-b9e5f4263dea {{(pid=119132) process_request /opt/stack/glance/glance/api/middleware/version_negotiation.py:70}}
Dec 18 01:31:44 ubuntu devstack@g-api.service[119132]: [pid: 119132|app: 0|req: 30/62] 127.0.0.1 () {42 vars in 1045 bytes} [Wed Dec 18 01:31:44 2024] GET /v2/images/b8a7441c-2970-4422-9088-b9e5f4263dea => generated 808 bytes in 12 msecs (HTTP/1.1 200) 4 headers in 157 bytes (1 switches on core 0)
Dec 18 01:31:44 ubuntu devstack@g-api.service[119133]: DEBUG glance.api.middleware.version_negotiation [None req-4f3f98a0-b7b9-4b3b-9116-26aa69b8a7cf tempest-ImageDependencyTests-851318450 tempest-ImageDependencyTests-851318450-project-member] Determining version of request: GET /v2/schemas/image Accept: */* {{(pid=119133) process_request /opt/stack/glance/glance/api/middleware/version_negotiation.py:44}}
Dec 18 01:31:44 ubuntu devstack@g-api.service[119133]: DEBUG glance.api.middleware.version_negotiation [None req-4f3f98a0-b7b9-4b3b-9116-26aa69b8a7cf tempest-ImageDependencyTests-851318450 tempest-ImageDependencyTests-851318450-project-member] Using url versioning {{(pid=119133) process_request /opt/stack/glance/glance/api/middleware/version_negotiation.py:57}}
Dec 18 01:31:44 ubuntu devstack@g-api.service[119133]: DEBUG glance.api.middleware.version_negotiation [None req-4f3f98a0-b7b9-4b3b-9116-26aa69b8a7cf tempest-ImageDependencyTests-851318450 tempest-ImageDependencyTests-851318450-project-member] Matched version: v2 {{(pid=119133) process_request /opt/stack/glance/glance/api/middleware/version_negotiation.py:69}}
Dec 18 01:31:44 ubuntu devstack@g-api.service[119133]: DEBUG glance.api.middleware.version_negotiation [None req-4f3f98a0-b7b9-4b3b-9116-26aa69b8a7cf tempest-ImageDependencyTests-851318450 tempest-ImageDependencyTests-851318450-project-member] new path /v2/schemas/image {{(pid=119133) process_request /opt/stack/glance/glance/api/middleware/version_negotiation.py:70}}
Dec 18 01:31:44 ubuntu devstack@g-api.service[119133]: [pid: 119133|app: 0|req: 33/63] 127.0.0.1 () {42 vars in 985 bytes} [Wed Dec 18 01:31:44 2024] GET /v2/schemas/image => generated 6083 bytes in 3 msecs (HTTP/1.1 200) 4 headers in 158 bytes (1 switches on core 0)
Dec 18 01:31:45 ubuntu devstack@g-api.service[119132]: DEBUG glance.api.middleware.version_negotiation [None req-4f3f98a0-b7b9-4b3b-9116-26aa69b8a7cf tempest-ImageDependencyTests-851318450 tempest-ImageDependencyTests-851318450-project-member] Determining version of request: DELETE /v2/images/b8a7441c-2970-4422-9088-b9e5f4263dea Accept: application/json {{(pid=119132) process_request /opt/stack/glance/glance/api/middleware/version_negotiation.py:44}}
Dec 18 01:31:45 ubuntu devstack@g-api.service[119132]: DEBUG glance.api.middleware.version_negotiation [None req-4f3f98a0-b7b9-4b3b-9116-26aa69b8a7cf tempest-ImageDependencyTests-851318450 tempest-ImageDependencyTests-851318450-project-member] Using url versioning {{(pid=119132) process_request /opt/stack/glance/glance/api/middleware/version_negotiation.py:57}}
Dec 18 01:31:45 ubuntu devstack@g-api.service[119132]: DEBUG glance.api.middleware.version_negotiation [None req-4f3f98a0-b7b9-4b3b-9116-26aa69b8a7cf tempest-ImageDependencyTests-851318450 tempest-ImageDependencyTests-851318450-project-member] Matched version: v2 {{(pid=119132) process_request /opt/stack/glance/glance/api/middleware/version_negotiation.py:69}}
Dec 18 01:31:45 ubuntu devstack@g-api.service[119132]: DEBUG glance.api.middleware.version_negotiation [None req-4f3f98a0-b7b9-4b3b-9116-26aa69b8a7cf tempest-ImageDependencyTests-851318450 tempest-ImageDependencyTests-851318450-project-member] new path /v2/images/b8a7441c-2970-4422-9088-b9e5f4263dea {{(pid=119132) process_request /opt/stack/glance/glance/api/middleware/version_negotiation.py:70}}
Dec 18 01:31:45 ubuntu devstack@g-api.service[119132]: WARNING glance.api.v2.images [None req-fb8cc632-8f1a-4c0f-88c4-ccc8aa9965f0 tempest-ImageDependencyTests-851318450 tempest-ImageDependencyTests-851318450-project-member] After upload to backend, deletion of staged image data has failed because it cannot be found at /tmp/staging//b8a7441c-2970-4422-9088-b9e5f4263dea
Dec 18 01:31:45 ubuntu devstack@g-api.service[119132]: DEBUG glance_store.backend [None req-fb8cc632-8f1a-4c0f-88c4-ccc8aa9965f0 tempest-ImageDependencyTests-851318450 tempest-ImageDependencyTests-851318450-project-member] Attempting to import store swift {{(pid=119132) _load_store /opt/stack/data/venv/lib/python3.10/site-packages/glance_store/backend.py:216}}
Dec 18 01:31:45 ubuntu devstack@g-api.service[119132]: DEBUG glance_store.capabilities [None req-fb8cc632-8f1a-4c0f-88c4-ccc8aa9965f0 tempest-ImageDependencyTests-851318450 tempest-ImageDependencyTests-851318450-project-member] Store glance_store._drivers.swift.store.SingleTenantStore doesn't support updating dynamic storage capabilities. Please overwrite 'update_capabilities' method of the store to implement updating logics if needed. {{(pid=119132) update_capabilities /opt/stack/data/venv/lib/python3.10/site-packages/glance_store/capabilities.py:91}}
Dec 18 01:31:45 ubuntu devstack@g-api.service[119132]: DEBUG glance_store.driver [None req-fb8cc632-8f1a-4c0f-88c4-ccc8aa9965f0 tempest-ImageDependencyTests-851318450 tempest-ImageDependencyTests-851318450-project-member] Late loading location class glance_store._drivers.swift.store.StoreLocation {{(pid=119132) get_store_location_class /opt/stack/data/venv/lib/python3.10/site-packages/glance_store/driver.py:133}}
Dec 18 01:31:45 ubuntu devstack@g-api.service[119132]: DEBUG glance_store.location [None req-fb8cc632-8f1a-4c0f-88c4-ccc8aa9965f0 tempest-ImageDependencyTests-851318450 tempest-ImageDependencyTests-851318450-project-member] Registering scheme swift+https with {'store': <glance_store._drivers.swift.store.SingleTenantStore object at 0x7fd1639a7c40>, 'location_class': <class 'glance_store._drivers.swift.store.StoreLocation'>, 'store_entry': 'swift'} {{(pid=119132) register_scheme_map /opt/stack/data/venv/lib/python3.10/site-packages/glance_store/location.py:146}}
Dec 18 01:31:45 ubuntu devstack@g-api.service[119132]: DEBUG glance_store.location [None req-fb8cc632-8f1a-4c0f-88c4-ccc8aa9965f0 tempest-ImageDependencyTests-851318450 tempest-ImageDependencyTests-851318450-project-member] Registering scheme swift+https with {'store': <glance_store._drivers.swift.store.SingleTenantStore object at 0x7fd1639a7c40>, 'location_class': <class 'glance_store._drivers.swift.store.StoreLocation'>, 'store_entry': 'swift'} {{(pid=119132) register_scheme_map /opt/stack/data/venv/lib/python3.10/site-packages/glance_store/location.py:146}}
Dec 18 01:31:45 ubuntu devstack@g-api.service[119132]: DEBUG glance_store.location [None req-fb8cc632-8f1a-4c0f-88c4-ccc8aa9965f0 tempest-ImageDependencyTests-851318450 tempest-ImageDependencyTests-851318450-project-member] Registering scheme swift with {'store': <glance_store._drivers.swift.store.SingleTenantStore object at 0x7fd1639a7c40>, 'location_class': <class 'glance_store._drivers.swift.store.StoreLocation'>, 'store_entry': 'swift'} {{(pid=119132) register_scheme_map /opt/stack/data/venv/lib/python3.10/site-packages/glance_store/location.py:146}}
Dec 18 01:31:45 ubuntu devstack@g-api.service[119132]: DEBUG glance_store.location [None req-fb8cc632-8f1a-4c0f-88c4-ccc8aa9965f0 tempest-ImageDependencyTests-851318450 tempest-ImageDependencyTests-851318450-project-member] Registering scheme swift+https with {'store': <glance_store._drivers.swift.store.SingleTenantStore object at 0x7fd1639a7c40>, 'location_class': <class 'glance_store._drivers.swift.store.StoreLocation'>, 'store_entry': 'swift'} {{(pid=119132) register_scheme_map /opt/stack/data/venv/lib/python3.10/site-packages/glance_store/location.py:146}}
Dec 18 01:31:45 ubuntu devstack@g-api.service[119132]: DEBUG glance_store.location [None req-fb8cc632-8f1a-4c0f-88c4-ccc8aa9965f0 tempest-ImageDependencyTests-851318450 tempest-ImageDependencyTests-851318450-project-member] Registering scheme swift with {'store': <glance_store._drivers.swift.store.SingleTenantStore object at 0x7fd1639a7c40>, 'location_class': <class 'glance_store._drivers.swift.store.StoreLocation'>, 'store_entry': 'swift'} {{(pid=119132) register_scheme_map /opt/stack/data/venv/lib/python3.10/site-packages/glance_store/location.py:146}}
Dec 18 01:31:45 ubuntu devstack@g-api.service[119132]: DEBUG glance_store.location [None req-fb8cc632-8f1a-4c0f-88c4-ccc8aa9965f0 tempest-ImageDependencyTests-851318450 tempest-ImageDependencyTests-851318450-project-member] Registering scheme swift+http with {'store': <glance_store._drivers.swift.store.SingleTenantStore object at 0x7fd1639a7c40>, 'location_class': <class 'glance_store._drivers.swift.store.StoreLocation'>, 'store_entry': 'swift'} {{(pid=119132) register_scheme_map /opt/stack/data/venv/lib/python3.10/site-packages/glance_store/location.py:146}}
Dec 18 01:31:45 ubuntu devstack@g-api.service[119132]: DEBUG glance_store.location [None req-fb8cc632-8f1a-4c0f-88c4-ccc8aa9965f0 tempest-ImageDependencyTests-851318450 tempest-ImageDependencyTests-851318450-project-member] Registering scheme swift+https with {'store': <glance_store._drivers.swift.store.SingleTenantStore object at 0x7fd1639a7c40>, 'location_class': <class 'glance_store._drivers.swift.store.StoreLocation'>, 'store_entry': 'swift'} {{(pid=119132) register_scheme_map /opt/stack/data/venv/lib/python3.10/site-packages/glance_store/location.py:146}}
Dec 18 01:31:45 ubuntu devstack@g-api.service[119132]: DEBUG glance_store.location [None req-fb8cc632-8f1a-4c0f-88c4-ccc8aa9965f0 tempest-ImageDependencyTests-851318450 tempest-ImageDependencyTests-851318450-project-member] Registering scheme swift with {'store': <glance_store._drivers.swift.store.SingleTenantStore object at 0x7fd1639a7c40>, 'location_class': <class 'glance_store._drivers.swift.store.StoreLocation'>, 'store_entry': 'swift'} {{(pid=119132) register_scheme_map /opt/stack/data/venv/lib/python3.10/site-packages/glance_store/location.py:146}}
Dec 18 01:31:45 ubuntu devstack@g-api.service[119132]: DEBUG glance_store.location [None req-fb8cc632-8f1a-4c0f-88c4-ccc8aa9965f0 tempest-ImageDependencyTests-851318450 tempest-ImageDependencyTests-851318450-project-member] Registering scheme swift+http with {'store': <glance_store._drivers.swift.store.SingleTenantStore object at 0x7fd1639a7c40>, 'location_class': <class 'glance_store._drivers.swift.store.StoreLocation'>, 'store_entry': 'swift'} {{(pid=119132) register_scheme_map /opt/stack/data/venv/lib/python3.10/site-packages/glance_store/location.py:146}}
Dec 18 01:31:45 ubuntu devstack@g-api.service[119132]: DEBUG glance_store.location [None req-fb8cc632-8f1a-4c0f-88c4-ccc8aa9965f0 tempest-ImageDependencyTests-851318450 tempest-ImageDependencyTests-851318450-project-member] Registering scheme swift+config with {'store': <glance_store._drivers.swift.store.SingleTenantStore object at 0x7fd1639a7c40>, 'location_class': <class 'glance_store._drivers.swift.store.StoreLocation'>, 'store_entry': 'swift'} {{(pid=119132) register_scheme_map /opt/stack/data/venv/lib/python3.10/site-packages/glance_store/location.py:146}}
Dec 18 01:31:45 ubuntu devstack@g-api.service[119132]: DEBUG keystoneclient.auth.identity.v3.base [None req-fb8cc632-8f1a-4c0f-88c4-ccc8aa9965f0 tempest-ImageDependencyTests-851318450 tempest-ImageDependencyTests-851318450-project-member] Making authentication request to http://10.201.5.82/identity/v3/auth/tokens {{(pid=119132) get_auth_ref /opt/stack/data/venv/lib/python3.10/site-packages/keystoneclient/auth/identity/v3/base.py:185}}
Dec 18 01:31:45 ubuntu devstack@g-api.service[119132]: DEBUG keystoneclient.auth.identity.v3.base [None req-fb8cc632-8f1a-4c0f-88c4-ccc8aa9965f0 tempest-ImageDependencyTests-851318450 tempest-ImageDependencyTests-851318450-project-member] {"token": {"methods": ["password"], "user": {"domain": {"id": "default", "name": "Default"}, "id": "edc9fd08351944f7a4e24825634efdd0", "name": "glance-swift", "password_expires_at": null}, "audit_ids": ["k2Gt7y9rT6yjmAbXXp8gIA"], "expires_at": "2024-12-18T02:31:45.000000Z", "issued_at": "2024-12-18T01:31:45.000000Z", "project": {"domain": {"id": "default", "name": "Default"}, "id": "5fdea948053747c5a3ee5487c0a1aad8", "name": "service"}, "is_domain": false, "roles": [{"id": "f1dce03cd1ba4cc7912a4984b021e8ae", "name": "service"}, {"id": "a85e65e17443419396446754f30c0b4d", "name": "ResellerAdmin"}], "catalog": [{"endpoints": [{"id": "44670061396848f683af78865b6eda93", "interface": "public", "region_id": "RegionOne", "url": "http://10.201.5.82/identity", "region": "RegionOne"}], "id": "510326982a9046a5ae8966f410ca2a46", "type": "identity", "name": "keystone"}, {"endpoints": [{"id": "359baf45ae6f4e67886463c18cfabba4", "interface": "public", "region_id": "RegionOne", "url": "http://10.201.5.82/image", "region": "RegionOne"}], "id": "71c851bba9604423a7370f2742ffa6d5", "type": "image", "name": "glance"}, {"endpoints": [{"id": "1be476df9e1941259d194a0fdbdcab78", "interface": "public", "region_id": "RegionOne", "url": "http://10.201.5.82:8080/v1/AUTH_5fdea948053747c5a3ee5487c0a1aad8", "region": "RegionOne"}, {"id": "41a9f3d4758347799ed0a966480f6770", "interface": "admin", "region_id": "RegionOne", "url": "http://10.201.5.82:8080", "region": "RegionOne"}], "id": "727ccec257e8429bb30dc5e85c670657", "type": "object-store", "name": "swift"}, {"endpoints": [{"id": "22b20d7a0801448fbcc433fa930d522b", "interface": "public", "region_id": "RegionOne", "url": "http://10.201.5.82/compute/v2/5fdea948053747c5a3ee5487c0a1aad8", "region": "RegionOne"}], "id": "91fe81b53126445fa1b2a52d864869c7", "type": "compute_legacy", "name": "nova_legacy"}, {"endpoints": [{"id": "99cfa3d373f94c299a457404bff6e326", "interface": "public", "region_id": "RegionOne", "url": "http://10.201.5.82/volume/v3", "region": "RegionOne"}], "id": "da5e4da22c854558a9d24a0d35781e1f", "type": "block-storage", "name": "cinder"}, {"endpoints": [{"id": "4e73eea18980410fa6f108330c194735", "interface": "public", "region_id": "RegionOne", "url": "http://10.201.5.82:9696/networking", "region": "RegionOne"}], "id": "e8b6c84806bb4b95b5fa6c585c9ca476", "type": "network", "name": "neutron"}, {"endpoints": [{"id": "00170b813af44cc193712b286f23e0c1", "interface": "public", "region_id": "RegionOne", "url": "http://10.201.5.82/placement", "region": "RegionOne"}], "id": "f24c5ba3a81247819695331ad6a63ba3", "type": "placement", "name": "placement"}, {"endpoints": [{"id": "233efa8be5ec4b339c1cba797a96d520", "interface": "public", "region_id": "RegionOne", "url": "http://10.201.5.82/compute/v2.1", "region": "RegionOne"}], "id": "f92d339014a14d649d091572eb309fd0", "type": "compute", "name": "nova"}]}} {{(pid=119132) get_auth_ref /opt/stack/data/venv/lib/python3.10/site-packages/keystoneclient/auth/identity/v3/base.py:190}}
Dec 18 01:31:45 ubuntu devstack@g-api.service[119132]: DEBUG keystoneclient.httpclient [None req-fb8cc632-8f1a-4c0f-88c4-ccc8aa9965f0 tempest-ImageDependencyTests-851318450 tempest-ImageDependencyTests-851318450-project-member] Failed to find endpoint for management url admin endpoint for identity service not found {{(pid=119132) _process_management_url /opt/stack/data/venv/lib/python3.10/site-packages/keystoneclient/httpclient.py:670}}
Dec 18 01:31:45 ubuntu devstack@g-api.service[119132]: DEBUG swiftclient [None req-fb8cc632-8f1a-4c0f-88c4-ccc8aa9965f0 tempest-ImageDependencyTests-851318450 tempest-ImageDependencyTests-851318450-project-member] REQ: curl -i http://10.201.5.82:8080/v1/AUTH_5fdea948053747c5a3ee5487c0a1aad8/glance/b8a7441c-2970-4422-9088-b9e5f4263dea -I -H "X-Auth-Token: gAAAAABnYiYB_79R..." {{(pid=119132) http_log /opt/stack/data/venv/lib/python3.10/site-packages/swiftclient/client.py:160}}
Dec 18 01:31:45 ubuntu devstack@g-api.service[119132]: DEBUG swiftclient [None req-fb8cc632-8f1a-4c0f-88c4-ccc8aa9965f0 tempest-ImageDependencyTests-851318450 tempest-ImageDependencyTests-851318450-project-member] RESP STATUS: 200 OK {{(pid=119132) http_log /opt/stack/data/venv/lib/python3.10/site-packages/swiftclient/client.py:161}}
Dec 18 01:31:45 ubuntu devstack@g-api.service[119132]: DEBUG swiftclient [None req-fb8cc632-8f1a-4c0f-88c4-ccc8aa9965f0 tempest-ImageDependencyTests-851318450 tempest-ImageDependencyTests-851318450-project-member] RESP HEADERS: {'Content-Type': 'application/octet-stream', 'Content-Length': '1024', 'Etag': 'ec5aa2c373edf1bf691da060a1fce2c4', 'Last-Modified': 'Wed, 18 Dec 2024 01:31:40 GMT', 'X-Timestamp': '1734485499.34399', 'Accept-Ranges': 'bytes', 'X-Trans-Id': 'txf07e0fde9d3d4c28a8432-0067622601', 'X-Openstack-Request-Id': 'txf07e0fde9d3d4c28a8432-0067622601', 'Date': 'Wed, 18 Dec 2024 01:31:45 GMT'} {{(pid=119132) http_log /opt/stack/data/venv/lib/python3.10/site-packages/swiftclient/client.py:162}}
Dec 18 01:31:45 ubuntu devstack@g-api.service[119132]: DEBUG swiftclient [None req-fb8cc632-8f1a-4c0f-88c4-ccc8aa9965f0 tempest-ImageDependencyTests-851318450 tempest-ImageDependencyTests-851318450-project-member] REQ: curl -i http://10.201.5.82:8080/v1/AUTH_5fdea948053747c5a3ee5487c0a1aad8/glance/b8a7441c-2970-4422-9088-b9e5f4263dea DELETE -H "X-Auth-Token: gAAAAABnYiYB_79R..." {{(pid=119132) http_log /opt/stack/data/venv/lib/python3.10/site-packages/swiftclient/client.py:160}}
Dec 18 01:31:45 ubuntu devstack@g-api.service[119132]: DEBUG swiftclient [None req-fb8cc632-8f1a-4c0f-88c4-ccc8aa9965f0 tempest-ImageDependencyTests-851318450 tempest-ImageDependencyTests-851318450-project-member] RESP STATUS: 204 No Content {{(pid=119132) http_log /opt/stack/data/venv/lib/python3.10/site-packages/swiftclient/client.py:161}}
Dec 18 01:31:45 ubuntu devstack@g-api.service[119132]: DEBUG swiftclient [None req-fb8cc632-8f1a-4c0f-88c4-ccc8aa9965f0 tempest-ImageDependencyTests-851318450 tempest-ImageDependencyTests-851318450-project-member] RESP HEADERS: {'Content-Type': 'text/html; charset=UTF-8', 'Content-Length': '0', 'X-Trans-Id': 'txb16087fc2de541f78f3a5-0067622601', 'X-Openstack-Request-Id': 'txb16087fc2de541f78f3a5-0067622601', 'Date': 'Wed, 18 Dec 2024 01:31:45 GMT'} {{(pid=119132) http_log /opt/stack/data/venv/lib/python3.10/site-packages/swiftclient/client.py:162}}
Dec 18 01:31:45 ubuntu devstack@g-api.service[119132]: DEBUG glance.api.middleware.cache [None req-fb8cc632-8f1a-4c0f-88c4-ccc8aa9965f0 tempest-ImageDependencyTests-851318450 tempest-ImageDependencyTests-851318450-project-member] Removing image b8a7441c-2970-4422-9088-b9e5f4263dea from cache {{(pid=119132) _process_DELETE_response /opt/stack/glance/glance/api/middleware/cache.py:264}}
Dec 18 01:31:45 ubuntu devstack@g-api.service[119132]: DEBUG glance.image_cache.drivers.centralized_db [None req-fb8cc632-8f1a-4c0f-88c4-ccc8aa9965f0 tempest-ImageDependencyTests-851318450 tempest-ImageDependencyTests-851318450-project-member] Deleting image cache file '/opt/stack/data/glance/cache/b8a7441c-2970-4422-9088-b9e5f4263dea' {{(pid=119132) delete_cached_file /opt/stack/glance/glance/image_cache/drivers/centralized_db.py:387}}
Dec 18 01:31:45 ubuntu devstack@g-api.service[119132]: [pid: 119132|app: 0|req: 31/64] 127.0.0.1 () {38 vars in 773 bytes} [Wed Dec 18 01:31:45 2024] DELETE /v2/images/b8a7441c-2970-4422-9088-b9e5f4263dea => generated 0 bytes in 162 msecs (HTTP/1.1 204) 4 headers in 171 bytes (1 switches on core 0)
Dec 18 01:31:45 ubuntu devstack@g-api.service[119133]: DEBUG glance.api.middleware.version_negotiation [None req-4f3f98a0-b7b9-4b3b-9116-26aa69b8a7cf tempest-ImageDependencyTests-851318450 tempest-ImageDependencyTests-851318450-project-member] Determining version of request: GET /v2/images/b8a7441c-2970-4422-9088-b9e5f4263dea Accept: application/json {{(pid=119133) process_request /opt/stack/glance/glance/api/middleware/version_negotiation.py:44}}
Dec 18 01:31:45 ubuntu devstack@g-api.service[119133]: DEBUG glance.api.middleware.version_negotiation [None req-4f3f98a0-b7b9-4b3b-9116-26aa69b8a7cf tempest-ImageDependencyTests-851318450 tempest-ImageDependencyTests-851318450-project-member] Using url versioning {{(pid=119133) process_request /opt/stack/glance/glance/api/middleware/version_negotiation.py:57}}
Dec 18 01:31:45 ubuntu devstack@g-api.service[119133]: DEBUG glance.api.middleware.version_negotiation [None req-4f3f98a0-b7b9-4b3b-9116-26aa69b8a7cf tempest-ImageDependencyTests-851318450 tempest-ImageDependencyTests-851318450-project-member] Matched version: v2 {{(pid=119133) process_request /opt/stack/glance/glance/api/middleware/version_negotiation.py:69}}
Dec 18 01:31:45 ubuntu devstack@g-api.service[119133]: DEBUG glance.api.middleware.version_negotiation [None req-4f3f98a0-b7b9-4b3b-9116-26aa69b8a7cf tempest-ImageDependencyTests-851318450 tempest-ImageDependencyTests-851318450-project-member] new path /v2/images/b8a7441c-2970-4422-9088-b9e5f4263dea {{(pid=119133) process_request /opt/stack/glance/glance/api/middleware/version_negotiation.py:70}}
Dec 18 01:31:45 ubuntu devstack@g-api.service[119133]: DEBUG glance.db.sqlalchemy.api [None req-327e362d-83af-4bc3-b10c-2a07499210e7 tempest-ImageDependencyTests-851318450 tempest-ImageDependencyTests-851318450-project-member] No image found with ID b8a7441c-2970-4422-9088-b9e5f4263dea {{(pid=119133) _image_get /opt/stack/glance/glance/db/sqlalchemy/api.py:309}}
Dec 18 01:31:45 ubuntu devstack@g-api.service[119133]: [pid: 119133|app: 0|req: 34/65] 127.0.0.1 () {38 vars in 770 bytes} [Wed Dec 18 01:31:45 2024] GET /v2/images/b8a7441c-2970-4422-9088-b9e5f4263dea => generated 139 bytes in 10 msecs (HTTP/1.1 404) 4 headers in 164 bytes (1 switches on core 0)
Dec 18 01:31:55 ubuntu devstack@g-api.service[119132]: DEBUG dbcounter [-] [119132] Writing DB stats glance:SELECT=43,glance:INSERT=2,glance:UPDATE=7,glance:DELETE=1 {{(pid=119132) stat_writer /opt/stack/data/venv/lib/python3.10/site-packages/dbcounter.py:115}}
Dec 18 01:31:55 ubuntu devstack@g-api.service[119133]: DEBUG dbcounter [-] [119133] Writing DB stats glance:SELECT=41,glance:UPDATE=3,glance:INSERT=1 {{(pid=119133) stat_writer /opt/stack/data/venv/lib/python3.10/site-packages/dbcounter.py:115}}
