Mar 02 07:39:35 ubuntu devstack@keystone.service[81807]: DEBUG keystone.server.flask.request_processing.req_logging [None req-20cb55fa-0b05-4355-a498-90f67922af1d None None] SCRIPT_NAME: `/identity` {{(pid=81807) log_request_info /opt/stack/keystone/keystone/server/flask/request_processing/req_logging.py:27}}
Mar 02 07:39:35 ubuntu devstack@keystone.service[81807]: DEBUG keystone.server.flask.request_processing.req_logging [None req-20cb55fa-0b05-4355-a498-90f67922af1d None None] PATH_INFO: `/v3/auth/tokens` {{(pid=81807) log_request_info /opt/stack/keystone/keystone/server/flask/request_processing/req_logging.py:28}}
Mar 02 07:39:35 ubuntu devstack@keystone.service[81807]: WARNING keystone.common.password_hashing [None req-20cb55fa-0b05-4355-a498-90f67922af1d None None] Truncating password to algorithm specific maximum length 72 characters.
Mar 02 07:39:35 ubuntu devstack@keystone.service[81807]: DEBUG keystone.auth.core [None req-20cb55fa-0b05-4355-a498-90f67922af1d None None] MFA Rules not processed for user `57ce98f3aaa343a098075da82f3e9312`. Rule list: `[]` (Enabled: `True`). {{(pid=81807) check_auth_methods_against_rules /opt/stack/keystone/keystone/auth/core.py:476}}
Mar 02 07:39:35 ubuntu devstack@keystone.service[81807]: DEBUG keystone.common.fernet_utils [None req-20cb55fa-0b05-4355-a498-90f67922af1d None None] Loaded 2 Fernet keys from /etc/keystone/fernet-keys/, but `[fernet_tokens] max_active_keys = 3`; perhaps there have not been enough key rotations to reach `max_active_keys` yet? {{(pid=81807) load_keys /opt/stack/keystone/keystone/common/fernet_utils.py:297}}
Mar 02 07:39:35 ubuntu devstack@keystone.service[81807]: [pid: 81807|app: 0|req: 13/24] 10.201.5.82 () {58 vars in 1017 bytes} [Mon Mar  2 07:39:35 2026] POST /identity/v3/auth/tokens => generated 862 bytes in 61 msecs (HTTP/1.1 201) 6 headers in 363 bytes (1 switches on core 0)
Mar 02 07:39:35 ubuntu devstack@keystone.service[81806]: DEBUG keystone.server.flask.request_processing.req_logging [None req-bf27860f-97fd-4363-ad57-df02114e707c None None] REQUEST_METHOD: `GET` {{(pid=81806) log_request_info /opt/stack/keystone/keystone/server/flask/request_processing/req_logging.py:26}}
Mar 02 07:39:35 ubuntu devstack@keystone.service[81806]: DEBUG keystone.server.flask.request_processing.req_logging [None req-bf27860f-97fd-4363-ad57-df02114e707c None None] SCRIPT_NAME: `/identity` {{(pid=81806) log_request_info /opt/stack/keystone/keystone/server/flask/request_processing/req_logging.py:27}}
Mar 02 07:39:35 ubuntu devstack@keystone.service[81806]: DEBUG keystone.server.flask.request_processing.req_logging [None req-bf27860f-97fd-4363-ad57-df02114e707c None None] PATH_INFO: `/` {{(pid=81806) log_request_info /opt/stack/keystone/keystone/server/flask/request_processing/req_logging.py:28}}
Mar 02 07:39:35 ubuntu devstack@keystone.service[81806]: [pid: 81806|app: 0|req: 12/25] 10.201.5.82 () {54 vars in 920 bytes} [Mon Mar  2 07:39:35 2026] GET /identity => generated 270 bytes in 2 msecs (HTTP/1.1 300) 6 headers in 234 bytes (1 switches on core 0)
Mar 02 07:39:35 ubuntu devstack@keystone.service[81807]: DEBUG keystone.server.flask.request_processing.req_logging [None req-5c27b2ca-129f-4172-acd8-064609187aa0 None None] REQUEST_METHOD: `POST` {{(pid=81807) log_request_info /opt/stack/keystone/keystone/server/flask/request_processing/req_logging.py:26}}
Mar 02 07:39:35 ubuntu devstack@keystone.service[81807]: DEBUG keystone.server.flask.request_processing.req_logging [None req-5c27b2ca-129f-4172-acd8-064609187aa0 None None] SCRIPT_NAME: `/identity` {{(pid=81807) log_request_info /opt/stack/keystone/keystone/server/flask/request_processing/req_logging.py:27}}
Mar 02 07:39:35 ubuntu devstack@keystone.service[81807]: DEBUG keystone.server.flask.request_processing.req_logging [None req-5c27b2ca-129f-4172-acd8-064609187aa0 None None] PATH_INFO: `/v3/auth/tokens` {{(pid=81807) log_request_info /opt/stack/keystone/keystone/server/flask/request_processing/req_logging.py:28}}
Mar 02 07:39:35 ubuntu devstack@keystone.service[81807]: WARNING keystone.common.password_hashing [None req-5c27b2ca-129f-4172-acd8-064609187aa0 None None] Truncating password to algorithm specific maximum length 72 characters.
Mar 02 07:39:35 ubuntu devstack@keystone.service[81807]: DEBUG keystone.auth.core [None req-5c27b2ca-129f-4172-acd8-064609187aa0 None None] MFA Rules not processed for user `57ce98f3aaa343a098075da82f3e9312`. Rule list: `[]` (Enabled: `True`). {{(pid=81807) check_auth_methods_against_rules /opt/stack/keystone/keystone/auth/core.py:476}}
Mar 02 07:39:35 ubuntu devstack@keystone.service[81807]: DEBUG keystone.common.fernet_utils [None req-5c27b2ca-129f-4172-acd8-064609187aa0 None None] Loaded 2 Fernet keys from /etc/keystone/fernet-keys/, but `[fernet_tokens] max_active_keys = 3`; perhaps there have not been enough key rotations to reach `max_active_keys` yet? {{(pid=81807) load_keys /opt/stack/keystone/keystone/common/fernet_utils.py:297}}
Mar 02 07:39:35 ubuntu devstack@keystone.service[81806]: DEBUG keystone.server.flask.request_processing.middleware.auth_context [None req-bf27860f-97fd-4363-ad57-df02114e707c None None] Authenticating user token {{(pid=81806) process_request /opt/stack/data/venv/lib/python3.10/site-packages/keystonemiddleware/auth_token/__init__.py:407}}
Mar 02 07:39:35 ubuntu devstack@keystone.service[81807]: [pid: 81807|app: 0|req: 14/26] 10.201.5.82 () {58 vars in 1017 bytes} [Mon Mar  2 07:39:35 2026] POST /identity/v3/auth/tokens => generated 862 bytes in 80 msecs (HTTP/1.1 201) 6 headers in 363 bytes (1 switches on core 0)
Mar 02 07:39:35 ubuntu devstack@keystone.service[81806]: DEBUG keystone.server.flask.request_processing.middleware.auth_context [None req-bf27860f-97fd-4363-ad57-df02114e707c None None] Validating token access rules against request {{(pid=81806) validate_allowed_request /opt/stack/data/venv/lib/python3.10/site-packages/keystonemiddleware/auth_token/__init__.py:545}}
Mar 02 07:39:35 ubuntu devstack@keystone.service[81806]: DEBUG keystone.server.flask.request_processing.middleware.auth_context [None req-9d85fd0c-02c8-46bc-a383-c1b4b5b38a67 None admin] RBAC: auth_context: {'token': <TokenModel (audit_id=c29gIDMSQJeiU8vseYgPXA, audit_chain_id=['c29gIDMSQJeiU8vseYgPXA']) at 0x7fc237537340>, 'domain_id': None, 'trust_id': None, 'trustor_id': None, 'trustee_id': None, 'domain_name': None, 'group_ids': [], 'user_id': '57ce98f3aaa343a098075da82f3e9312', 'user_domain_id': 'default', 'system_scope': 'all', 'project_id': None, 'project_domain_id': None, 'roles': ['admin', 'manager', 'member', 'reader'], 'is_admin_project': True, 'service_user_id': None, 'service_user_domain_id': None, 'service_project_id': None, 'service_project_domain_id': None, 'service_roles': []} {{(pid=81806) fill_context /opt/stack/keystone/keystone/server/flask/request_processing/middleware/auth_context.py:509}}
Mar 02 07:39:35 ubuntu devstack@keystone.service[81806]: DEBUG keystone.server.flask.request_processing.req_logging [None req-9d85fd0c-02c8-46bc-a383-c1b4b5b38a67 None admin] REQUEST_METHOD: `GET` {{(pid=81806) log_request_info /opt/stack/keystone/keystone/server/flask/request_processing/req_logging.py:26}}
Mar 02 07:39:35 ubuntu devstack@keystone.service[81806]: DEBUG keystone.server.flask.request_processing.req_logging [None req-9d85fd0c-02c8-46bc-a383-c1b4b5b38a67 None admin] SCRIPT_NAME: `/identity` {{(pid=81806) log_request_info /opt/stack/keystone/keystone/server/flask/request_processing/req_logging.py:27}}
Mar 02 07:39:35 ubuntu devstack@keystone.service[81806]: DEBUG keystone.server.flask.request_processing.req_logging [None req-9d85fd0c-02c8-46bc-a383-c1b4b5b38a67 None admin] PATH_INFO: `/v3/domains/Default` {{(pid=81806) log_request_info /opt/stack/keystone/keystone/server/flask/request_processing/req_logging.py:28}}
Mar 02 07:39:35 ubuntu devstack@keystone.service[81806]: DEBUG keystone.common.rbac_enforcer.enforcer [None req-9d85fd0c-02c8-46bc-a383-c1b4b5b38a67 None admin] RBAC: Authorizing `identity:get_domain(domain_id=Default)` {{(pid=81806) enforce_call /opt/stack/keystone/keystone/common/rbac_enforcer/enforcer.py:494}}
Mar 02 07:39:35 ubuntu devstack@keystone.service[81806]: DEBUG keystone.common.rbac_enforcer.enforcer [None req-9d85fd0c-02c8-46bc-a383-c1b4b5b38a67 None admin] RBAC: Authorization granted {{(pid=81806) enforce_call /opt/stack/keystone/keystone/common/rbac_enforcer/enforcer.py:505}}
Mar 02 07:39:35 ubuntu devstack@keystone.service[81806]: DEBUG keystone.server.flask.application [None req-9d85fd0c-02c8-46bc-a383-c1b4b5b38a67 None admin] Could not find domain: Default. {{(pid=81806) _handle_keystone_exception /opt/stack/keystone/keystone/server/flask/application.py:146}}
Mar 02 07:39:35 ubuntu devstack@keystone.service[81806]: [pid: 81806|app: 0|req: 13/27] 10.201.5.82 () {56 vars in 1145 bytes} [Mon Mar  2 07:39:35 2026] GET /identity/v3/domains/Default => generated 87 bytes in 94 msecs (HTTP/1.1 404) 5 headers in 183 bytes (1 switches on core 0)
Mar 02 07:39:35 ubuntu devstack@keystone.service[81807]: DEBUG keystone.server.flask.request_processing.middleware.auth_context [None req-5c27b2ca-129f-4172-acd8-064609187aa0 None None] Authenticating user token {{(pid=81807) process_request /opt/stack/data/venv/lib/python3.10/site-packages/keystonemiddleware/auth_token/__init__.py:407}}
Mar 02 07:39:35 ubuntu devstack@keystone.service[81807]: DEBUG keystone.server.flask.request_processing.middleware.auth_context [None req-5c27b2ca-129f-4172-acd8-064609187aa0 None None] Validating token access rules against request {{(pid=81807) validate_allowed_request /opt/stack/data/venv/lib/python3.10/site-packages/keystonemiddleware/auth_token/__init__.py:545}}
Mar 02 07:39:35 ubuntu devstack@keystone.service[81807]: DEBUG keystone.server.flask.request_processing.middleware.auth_context [None req-b23db5e7-58a9-47c7-96f3-9cd95a4ef26a None admin] RBAC: auth_context: {'token': <TokenModel (audit_id=c29gIDMSQJeiU8vseYgPXA, audit_chain_id=['c29gIDMSQJeiU8vseYgPXA']) at 0x7fc2383efd00>, 'domain_id': None, 'trust_id': None, 'trustor_id': None, 'trustee_id': None, 'domain_name': None, 'group_ids': [], 'user_id': '57ce98f3aaa343a098075da82f3e9312', 'user_domain_id': 'default', 'system_scope': 'all', 'project_id': None, 'project_domain_id': None, 'roles': ['admin', 'manager', 'member', 'reader'], 'is_admin_project': True, 'service_user_id': None, 'service_user_domain_id': None, 'service_project_id': None, 'service_project_domain_id': None, 'service_roles': []} {{(pid=81807) fill_context /opt/stack/keystone/keystone/server/flask/request_processing/middleware/auth_context.py:509}}
Mar 02 07:39:35 ubuntu devstack@keystone.service[81807]: DEBUG keystone.server.flask.request_processing.req_logging [None req-b23db5e7-58a9-47c7-96f3-9cd95a4ef26a None admin] REQUEST_METHOD: `GET` {{(pid=81807) log_request_info /opt/stack/keystone/keystone/server/flask/request_processing/req_logging.py:26}}
Mar 02 07:39:35 ubuntu devstack@keystone.service[81807]: DEBUG keystone.server.flask.request_processing.req_logging [None req-b23db5e7-58a9-47c7-96f3-9cd95a4ef26a None admin] SCRIPT_NAME: `/identity` {{(pid=81807) log_request_info /opt/stack/keystone/keystone/server/flask/request_processing/req_logging.py:27}}
Mar 02 07:39:35 ubuntu devstack@keystone.service[81807]: DEBUG keystone.server.flask.request_processing.req_logging [None req-b23db5e7-58a9-47c7-96f3-9cd95a4ef26a None admin] PATH_INFO: `/v3/domains` {{(pid=81807) log_request_info /opt/stack/keystone/keystone/server/flask/request_processing/req_logging.py:28}}
Mar 02 07:39:35 ubuntu devstack@keystone.service[81806]: DEBUG keystone.server.flask.request_processing.req_logging [None req-818c3052-f41f-479c-954a-7147d1a575f8 None None] REQUEST_METHOD: `GET` {{(pid=81806) log_request_info /opt/stack/keystone/keystone/server/flask/request_processing/req_logging.py:26}}
Mar 02 07:39:35 ubuntu devstack@keystone.service[81806]: DEBUG keystone.server.flask.request_processing.req_logging [None req-818c3052-f41f-479c-954a-7147d1a575f8 None None] SCRIPT_NAME: `/identity` {{(pid=81806) log_request_info /opt/stack/keystone/keystone/server/flask/request_processing/req_logging.py:27}}
Mar 02 07:39:35 ubuntu devstack@keystone.service[81806]: DEBUG keystone.server.flask.request_processing.req_logging [None req-818c3052-f41f-479c-954a-7147d1a575f8 None None] PATH_INFO: `/` {{(pid=81806) log_request_info /opt/stack/keystone/keystone/server/flask/request_processing/req_logging.py:28}}
Mar 02 07:39:35 ubuntu devstack@keystone.service[81806]: [pid: 81806|app: 0|req: 14/28] 10.201.5.82 () {54 vars in 920 bytes} [Mon Mar  2 07:39:35 2026] GET /identity => generated 270 bytes in 1 msecs (HTTP/1.1 300) 6 headers in 234 bytes (1 switches on core 0)
Mar 02 07:39:35 ubuntu devstack@keystone.service[81807]: DEBUG keystone.common.rbac_enforcer.enforcer [None req-b23db5e7-58a9-47c7-96f3-9cd95a4ef26a None admin] RBAC: Adding query filter params (name=Default) {{(pid=81807) _extract_filter_values /opt/stack/keystone/keystone/common/rbac_enforcer/enforcer.py:176}}
Mar 02 07:39:35 ubuntu devstack@keystone.service[81807]: DEBUG keystone.common.rbac_enforcer.enforcer [None req-b23db5e7-58a9-47c7-96f3-9cd95a4ef26a None admin] RBAC: Authorizing `identity:list_domains()` {{(pid=81807) enforce_call /opt/stack/keystone/keystone/common/rbac_enforcer/enforcer.py:494}}
Mar 02 07:39:35 ubuntu devstack@keystone.service[81806]: DEBUG keystone.server.flask.request_processing.req_logging [None req-c5b846d9-9874-4b69-8da8-175268291654 None None] REQUEST_METHOD: `POST` {{(pid=81806) log_request_info /opt/stack/keystone/keystone/server/flask/request_processing/req_logging.py:26}}
Mar 02 07:39:35 ubuntu devstack@keystone.service[81806]: DEBUG keystone.server.flask.request_processing.req_logging [None req-c5b846d9-9874-4b69-8da8-175268291654 None None] SCRIPT_NAME: `/identity` {{(pid=81806) log_request_info /opt/stack/keystone/keystone/server/flask/request_processing/req_logging.py:27}}
Mar 02 07:39:35 ubuntu devstack@keystone.service[81806]: DEBUG keystone.server.flask.request_processing.req_logging [None req-c5b846d9-9874-4b69-8da8-175268291654 None None] PATH_INFO: `/v3/auth/tokens` {{(pid=81806) log_request_info /opt/stack/keystone/keystone/server/flask/request_processing/req_logging.py:28}}
Mar 02 07:39:35 ubuntu devstack@keystone.service[81806]: WARNING keystone.common.password_hashing [None req-c5b846d9-9874-4b69-8da8-175268291654 None None] Truncating password to algorithm specific maximum length 72 characters.
Mar 02 07:39:35 ubuntu devstack@keystone.service[81807]: DEBUG keystone.common.rbac_enforcer.enforcer [None req-b23db5e7-58a9-47c7-96f3-9cd95a4ef26a None admin] RBAC: Authorization granted {{(pid=81807) enforce_call /opt/stack/keystone/keystone/common/rbac_enforcer/enforcer.py:505}}
Mar 02 07:39:35 ubuntu devstack@keystone.service[81806]: DEBUG keystone.auth.core [None req-c5b846d9-9874-4b69-8da8-175268291654 None None] MFA Rules not processed for user `57ce98f3aaa343a098075da82f3e9312`. Rule list: `[]` (Enabled: `True`). {{(pid=81806) check_auth_methods_against_rules /opt/stack/keystone/keystone/auth/core.py:476}}
Mar 02 07:39:35 ubuntu devstack@keystone.service[81806]: DEBUG keystone.common.fernet_utils [None req-c5b846d9-9874-4b69-8da8-175268291654 None None] Loaded 2 Fernet keys from /etc/keystone/fernet-keys/, but `[fernet_tokens] max_active_keys = 3`; perhaps there have not been enough key rotations to reach `max_active_keys` yet? {{(pid=81806) load_keys /opt/stack/keystone/keystone/common/fernet_utils.py:297}}
Mar 02 07:39:35 ubuntu devstack@keystone.service[81807]: [pid: 81807|app: 0|req: 15/29] 10.201.5.82 () {56 vars in 1159 bytes} [Mon Mar  2 07:39:35 2026] GET /identity/v3/domains?name=Default => generated 308 bytes in 91 msecs (HTTP/1.1 200) 5 headers in 177 bytes (1 switches on core 0)
Mar 02 07:39:35 ubuntu devstack@keystone.service[81807]: DEBUG keystone.server.flask.request_processing.middleware.auth_context [None req-b23db5e7-58a9-47c7-96f3-9cd95a4ef26a None admin] Authenticating user token {{(pid=81807) process_request /opt/stack/data/venv/lib/python3.10/site-packages/keystonemiddleware/auth_token/__init__.py:407}}
Mar 02 07:39:35 ubuntu devstack@keystone.service[81806]: [pid: 81806|app: 0|req: 15/30] 10.201.5.82 () {58 vars in 1017 bytes} [Mon Mar  2 07:39:35 2026] POST /identity/v3/auth/tokens => generated 862 bytes in 62 msecs (HTTP/1.1 201) 6 headers in 363 bytes (1 switches on core 0)
Mar 02 07:39:35 ubuntu devstack@keystone.service[81806]: DEBUG keystone.server.flask.request_processing.middleware.auth_context [None req-c5b846d9-9874-4b69-8da8-175268291654 None None] Authenticating user token {{(pid=81806) process_request /opt/stack/data/venv/lib/python3.10/site-packages/keystonemiddleware/auth_token/__init__.py:407}}
Mar 02 07:39:35 ubuntu devstack@keystone.service[81807]: DEBUG keystone.server.flask.request_processing.middleware.auth_context [None req-b23db5e7-58a9-47c7-96f3-9cd95a4ef26a None admin] Validating token access rules against request {{(pid=81807) validate_allowed_request /opt/stack/data/venv/lib/python3.10/site-packages/keystonemiddleware/auth_token/__init__.py:545}}
Mar 02 07:39:35 ubuntu devstack@keystone.service[81807]: DEBUG keystone.server.flask.request_processing.middleware.auth_context [None req-2a060d10-a1cb-463b-bb58-4d3963b5153f None admin] RBAC: auth_context: {'token': <TokenModel (audit_id=CvwZRE-uQc2VgHqzji3Sqg, audit_chain_id=['CvwZRE-uQc2VgHqzji3Sqg']) at 0x7fc2371bc5b0>, 'domain_id': None, 'trust_id': None, 'trustor_id': None, 'trustee_id': None, 'domain_name': None, 'group_ids': [], 'user_id': '57ce98f3aaa343a098075da82f3e9312', 'user_domain_id': 'default', 'system_scope': 'all', 'project_id': None, 'project_domain_id': None, 'roles': ['admin', 'manager', 'member', 'reader'], 'is_admin_project': True, 'service_user_id': None, 'service_user_domain_id': None, 'service_project_id': None, 'service_project_domain_id': None, 'service_roles': []} {{(pid=81807) fill_context /opt/stack/keystone/keystone/server/flask/request_processing/middleware/auth_context.py:509}}
Mar 02 07:39:35 ubuntu devstack@keystone.service[81807]: DEBUG keystone.server.flask.request_processing.req_logging [None req-2a060d10-a1cb-463b-bb58-4d3963b5153f None admin] REQUEST_METHOD: `GET` {{(pid=81807) log_request_info /opt/stack/keystone/keystone/server/flask/request_processing/req_logging.py:26}}
Mar 02 07:39:35 ubuntu devstack@keystone.service[81807]: DEBUG keystone.server.flask.request_processing.req_logging [None req-2a060d10-a1cb-463b-bb58-4d3963b5153f None admin] SCRIPT_NAME: `/identity` {{(pid=81807) log_request_info /opt/stack/keystone/keystone/server/flask/request_processing/req_logging.py:27}}
Mar 02 07:39:35 ubuntu devstack@keystone.service[81807]: DEBUG keystone.server.flask.request_processing.req_logging [None req-2a060d10-a1cb-463b-bb58-4d3963b5153f None admin] PATH_INFO: `/v3/roles/admin` {{(pid=81807) log_request_info /opt/stack/keystone/keystone/server/flask/request_processing/req_logging.py:28}}
Mar 02 07:39:35 ubuntu devstack@keystone.service[81806]: DEBUG keystone.server.flask.request_processing.middleware.auth_context [None req-c5b846d9-9874-4b69-8da8-175268291654 None None] Validating token access rules against request {{(pid=81806) validate_allowed_request /opt/stack/data/venv/lib/python3.10/site-packages/keystonemiddleware/auth_token/__init__.py:545}}
Mar 02 07:39:35 ubuntu devstack@keystone.service[81807]: DEBUG keystone.common.rbac_enforcer.enforcer [None req-2a060d10-a1cb-463b-bb58-4d3963b5153f None admin] Extracting inferred target data resulted in "NOT FOUND (404)". {{(pid=81807) enforce_call /opt/stack/keystone/keystone/common/rbac_enforcer/enforcer.py:445}}
Mar 02 07:39:35 ubuntu devstack@keystone.service[81807]: DEBUG keystone.server.flask.application [None req-2a060d10-a1cb-463b-bb58-4d3963b5153f None admin] Could not find role: admin. {{(pid=81807) _handle_keystone_exception /opt/stack/keystone/keystone/server/flask/application.py:146}}
Mar 02 07:39:35 ubuntu devstack@keystone.service[81807]: [pid: 81807|app: 0|req: 16/31] 10.201.5.82 () {56 vars in 1133 bytes} [Mon Mar  2 07:39:35 2026] GET /identity/v3/roles/admin => generated 83 bytes in 70 msecs (HTTP/1.1 404) 5 headers in 183 bytes (1 switches on core 0)
Mar 02 07:39:35 ubuntu devstack@keystone.service[81807]: DEBUG keystone.server.flask.request_processing.req_logging [None req-2294c0ea-9ecc-4f88-a708-29b7f847a999 None None] REQUEST_METHOD: `GET` {{(pid=81807) log_request_info /opt/stack/keystone/keystone/server/flask/request_processing/req_logging.py:26}}
Mar 02 07:39:35 ubuntu devstack@keystone.service[81807]: DEBUG keystone.server.flask.request_processing.req_logging [None req-2294c0ea-9ecc-4f88-a708-29b7f847a999 None None] SCRIPT_NAME: `/identity` {{(pid=81807) log_request_info /opt/stack/keystone/keystone/server/flask/request_processing/req_logging.py:27}}
Mar 02 07:39:35 ubuntu devstack@keystone.service[81807]: DEBUG keystone.server.flask.request_processing.req_logging [None req-2294c0ea-9ecc-4f88-a708-29b7f847a999 None None] PATH_INFO: `/` {{(pid=81807) log_request_info /opt/stack/keystone/keystone/server/flask/request_processing/req_logging.py:28}}
Mar 02 07:39:35 ubuntu devstack@keystone.service[81807]: [pid: 81807|app: 0|req: 17/32] 10.201.5.82 () {54 vars in 920 bytes} [Mon Mar  2 07:39:35 2026] GET /identity => generated 270 bytes in 2 msecs (HTTP/1.1 300) 6 headers in 234 bytes (1 switches on core 0)
Mar 02 07:39:35 ubuntu devstack@keystone.service[81807]: DEBUG keystone.server.flask.request_processing.req_logging [None req-78064068-b168-4066-a4d5-492cc4f5a278 None None] REQUEST_METHOD: `POST` {{(pid=81807) log_request_info /opt/stack/keystone/keystone/server/flask/request_processing/req_logging.py:26}}
Mar 02 07:39:35 ubuntu devstack@keystone.service[81807]: DEBUG keystone.server.flask.request_processing.req_logging [None req-78064068-b168-4066-a4d5-492cc4f5a278 None None] SCRIPT_NAME: `/identity` {{(pid=81807) log_request_info /opt/stack/keystone/keystone/server/flask/request_processing/req_logging.py:27}}
Mar 02 07:39:35 ubuntu devstack@keystone.service[81807]: DEBUG keystone.server.flask.request_processing.req_logging [None req-78064068-b168-4066-a4d5-492cc4f5a278 None None] PATH_INFO: `/v3/auth/tokens` {{(pid=81807) log_request_info /opt/stack/keystone/keystone/server/flask/request_processing/req_logging.py:28}}
Mar 02 07:39:35 ubuntu devstack@keystone.service[81806]: DEBUG keystone.server.flask.request_processing.middleware.auth_context [None req-22009011-ba59-49f5-ac55-7f40da69083e None admin] RBAC: auth_context: {'token': <TokenModel (audit_id=c29gIDMSQJeiU8vseYgPXA, audit_chain_id=['c29gIDMSQJeiU8vseYgPXA']) at 0x7fc23750f640>, 'domain_id': None, 'trust_id': None, 'trustor_id': None, 'trustee_id': None, 'domain_name': None, 'group_ids': [], 'user_id': '57ce98f3aaa343a098075da82f3e9312', 'user_domain_id': 'default', 'system_scope': 'all', 'project_id': None, 'project_domain_id': None, 'roles': ['admin', 'manager', 'member', 'reader'], 'is_admin_project': True, 'service_user_id': None, 'service_user_domain_id': None, 'service_project_id': None, 'service_project_domain_id': None, 'service_roles': []} {{(pid=81806) fill_context /opt/stack/keystone/keystone/server/flask/request_processing/middleware/auth_context.py:509}}
Mar 02 07:39:35 ubuntu devstack@keystone.service[81806]: DEBUG keystone.server.flask.request_processing.req_logging [None req-22009011-ba59-49f5-ac55-7f40da69083e None admin] REQUEST_METHOD: `POST` {{(pid=81806) log_request_info /opt/stack/keystone/keystone/server/flask/request_processing/req_logging.py:26}}
Mar 02 07:39:35 ubuntu devstack@keystone.service[81806]: DEBUG keystone.server.flask.request_processing.req_logging [None req-22009011-ba59-49f5-ac55-7f40da69083e None admin] SCRIPT_NAME: `/identity` {{(pid=81806) log_request_info /opt/stack/keystone/keystone/server/flask/request_processing/req_logging.py:27}}
Mar 02 07:39:35 ubuntu devstack@keystone.service[81806]: DEBUG keystone.server.flask.request_processing.req_logging [None req-22009011-ba59-49f5-ac55-7f40da69083e None admin] PATH_INFO: `/v3/projects` {{(pid=81806) log_request_info /opt/stack/keystone/keystone/server/flask/request_processing/req_logging.py:28}}
Mar 02 07:39:35 ubuntu devstack@keystone.service[81806]: DEBUG keystone.common.rbac_enforcer.enforcer [None req-22009011-ba59-49f5-ac55-7f40da69083e None admin] RBAC: Authorizing `identity:create_project()` {{(pid=81806) enforce_call /opt/stack/keystone/keystone/common/rbac_enforcer/enforcer.py:494}}
Mar 02 07:39:35 ubuntu devstack@keystone.service[81807]: WARNING keystone.common.password_hashing [None req-78064068-b168-4066-a4d5-492cc4f5a278 None None] Truncating password to algorithm specific maximum length 72 characters.
Mar 02 07:39:35 ubuntu devstack@keystone.service[81806]: DEBUG keystone.common.rbac_enforcer.enforcer [None req-22009011-ba59-49f5-ac55-7f40da69083e None admin] RBAC: Authorization granted {{(pid=81806) enforce_call /opt/stack/keystone/keystone/common/rbac_enforcer/enforcer.py:505}}
Mar 02 07:39:35 ubuntu devstack@keystone.service[81807]: DEBUG keystone.auth.core [None req-78064068-b168-4066-a4d5-492cc4f5a278 None None] MFA Rules not processed for user `57ce98f3aaa343a098075da82f3e9312`. Rule list: `[]` (Enabled: `True`). {{(pid=81807) check_auth_methods_against_rules /opt/stack/keystone/keystone/auth/core.py:476}}
Mar 02 07:39:35 ubuntu devstack@keystone.service[81807]: DEBUG keystone.common.fernet_utils [None req-78064068-b168-4066-a4d5-492cc4f5a278 None None] Loaded 2 Fernet keys from /etc/keystone/fernet-keys/, but `[fernet_tokens] max_active_keys = 3`; perhaps there have not been enough key rotations to reach `max_active_keys` yet? {{(pid=81807) load_keys /opt/stack/keystone/keystone/common/fernet_utils.py:297}}
Mar 02 07:39:36 ubuntu devstack@keystone.service[81807]: [pid: 81807|app: 0|req: 18/33] 10.201.5.82 () {58 vars in 1017 bytes} [Mon Mar  2 07:39:35 2026] POST /identity/v3/auth/tokens => generated 862 bytes in 109 msecs (HTTP/1.1 201) 6 headers in 363 bytes (1 switches on core 0)
Mar 02 07:39:36 ubuntu devstack@keystone.service[81807]: DEBUG keystone.server.flask.request_processing.middleware.auth_context [None req-78064068-b168-4066-a4d5-492cc4f5a278 None None] Authenticating user token {{(pid=81807) process_request /opt/stack/data/venv/lib/python3.10/site-packages/keystonemiddleware/auth_token/__init__.py:407}}
Mar 02 07:39:36 ubuntu devstack@keystone.service[81807]: DEBUG keystone.server.flask.request_processing.middleware.auth_context [None req-78064068-b168-4066-a4d5-492cc4f5a278 None None] Validating token access rules against request {{(pid=81807) validate_allowed_request /opt/stack/data/venv/lib/python3.10/site-packages/keystonemiddleware/auth_token/__init__.py:545}}
Mar 02 07:39:36 ubuntu devstack@keystone.service[81807]: DEBUG keystone.server.flask.request_processing.middleware.auth_context [None req-8681b706-d91b-48d4-8c45-2649ec934342 None admin] RBAC: auth_context: {'token': <TokenModel (audit_id=CvwZRE-uQc2VgHqzji3Sqg, audit_chain_id=['CvwZRE-uQc2VgHqzji3Sqg']) at 0x7fc237649210>, 'domain_id': None, 'trust_id': None, 'trustor_id': None, 'trustee_id': None, 'domain_name': None, 'group_ids': [], 'user_id': '57ce98f3aaa343a098075da82f3e9312', 'user_domain_id': 'default', 'system_scope': 'all', 'project_id': None, 'project_domain_id': None, 'roles': ['admin', 'manager', 'member', 'reader'], 'is_admin_project': True, 'service_user_id': None, 'service_user_domain_id': None, 'service_project_id': None, 'service_project_domain_id': None, 'service_roles': []} {{(pid=81807) fill_context /opt/stack/keystone/keystone/server/flask/request_processing/middleware/auth_context.py:509}}
Mar 02 07:39:36 ubuntu devstack@keystone.service[81807]: DEBUG keystone.server.flask.request_processing.req_logging [None req-8681b706-d91b-48d4-8c45-2649ec934342 None admin] REQUEST_METHOD: `GET` {{(pid=81807) log_request_info /opt/stack/keystone/keystone/server/flask/request_processing/req_logging.py:26}}
Mar 02 07:39:36 ubuntu devstack@keystone.service[81807]: DEBUG keystone.server.flask.request_processing.req_logging [None req-8681b706-d91b-48d4-8c45-2649ec934342 None admin] SCRIPT_NAME: `/identity` {{(pid=81807) log_request_info /opt/stack/keystone/keystone/server/flask/request_processing/req_logging.py:27}}
Mar 02 07:39:36 ubuntu devstack@keystone.service[81807]: DEBUG keystone.server.flask.request_processing.req_logging [None req-8681b706-d91b-48d4-8c45-2649ec934342 None admin] PATH_INFO: `/v3/roles` {{(pid=81807) log_request_info /opt/stack/keystone/keystone/server/flask/request_processing/req_logging.py:28}}
Mar 02 07:39:36 ubuntu devstack@keystone.service[81807]: DEBUG keystone.common.rbac_enforcer.enforcer [None req-8681b706-d91b-48d4-8c45-2649ec934342 None admin] RBAC: Adding query filter params (name=admin) {{(pid=81807) _extract_filter_values /opt/stack/keystone/keystone/common/rbac_enforcer/enforcer.py:176}}
Mar 02 07:39:36 ubuntu devstack@keystone.service[81807]: DEBUG keystone.common.rbac_enforcer.enforcer [None req-8681b706-d91b-48d4-8c45-2649ec934342 None admin] RBAC: Authorizing `identity:list_roles()` {{(pid=81807) enforce_call /opt/stack/keystone/keystone/common/rbac_enforcer/enforcer.py:494}}
Mar 02 07:39:36 ubuntu devstack@keystone.service[81807]: DEBUG keystone.common.rbac_enforcer.enforcer [None req-8681b706-d91b-48d4-8c45-2649ec934342 None admin] RBAC: Authorization granted {{(pid=81807) enforce_call /opt/stack/keystone/keystone/common/rbac_enforcer/enforcer.py:505}}
Mar 02 07:39:36 ubuntu devstack@keystone.service[81807]: [pid: 81807|app: 0|req: 19/34] 10.201.5.82 () {56 vars in 1149 bytes} [Mon Mar  2 07:39:36 2026] GET /identity/v3/roles?name=admin => generated 339 bytes in 61 msecs (HTTP/1.1 200) 5 headers in 177 bytes (1 switches on core 0)
Mar 02 07:39:36 ubuntu devstack@keystone.service[81807]: DEBUG keystone.server.flask.request_processing.middleware.auth_context [None req-8681b706-d91b-48d4-8c45-2649ec934342 None admin] Authenticating user token {{(pid=81807) process_request /opt/stack/data/venv/lib/python3.10/site-packages/keystonemiddleware/auth_token/__init__.py:407}}
Mar 02 07:39:36 ubuntu devstack@keystone.service[81806]: [pid: 81806|app: 0|req: 16/35] 10.201.5.82 () {60 vars in 1177 bytes} [Mon Mar  2 07:39:35 2026] POST /identity/v3/projects => generated 301 bytes in 245 msecs (HTTP/1.1 201) 5 headers in 182 bytes (1 switches on core 0)
Mar 02 07:39:36 ubuntu devstack@keystone.service[81806]: DEBUG keystone.server.flask.request_processing.middleware.auth_context [None req-22009011-ba59-49f5-ac55-7f40da69083e None admin] Authenticating user token {{(pid=81806) process_request /opt/stack/data/venv/lib/python3.10/site-packages/keystonemiddleware/auth_token/__init__.py:407}}
Mar 02 07:39:36 ubuntu devstack@keystone.service[81806]: DEBUG keystone.server.flask.request_processing.middleware.auth_context [None req-22009011-ba59-49f5-ac55-7f40da69083e None admin] Validating token access rules against request {{(pid=81806) validate_allowed_request /opt/stack/data/venv/lib/python3.10/site-packages/keystonemiddleware/auth_token/__init__.py:545}}
Mar 02 07:39:36 ubuntu devstack@keystone.service[81806]: DEBUG keystone.server.flask.request_processing.middleware.auth_context [None req-5aac678f-f357-4500-91ed-494920b666b8 None admin] RBAC: auth_context: {'token': <TokenModel (audit_id=CvwZRE-uQc2VgHqzji3Sqg, audit_chain_id=['CvwZRE-uQc2VgHqzji3Sqg']) at 0x7fc237469bd0>, 'domain_id': None, 'trust_id': None, 'trustor_id': None, 'trustee_id': None, 'domain_name': None, 'group_ids': [], 'user_id': '57ce98f3aaa343a098075da82f3e9312', 'user_domain_id': 'default', 'system_scope': 'all', 'project_id': None, 'project_domain_id': None, 'roles': ['admin', 'manager', 'member', 'reader'], 'is_admin_project': True, 'service_user_id': None, 'service_user_domain_id': None, 'service_project_id': None, 'service_project_domain_id': None, 'service_roles': []} {{(pid=81806) fill_context /opt/stack/keystone/keystone/server/flask/request_processing/middleware/auth_context.py:509}}
Mar 02 07:39:36 ubuntu devstack@keystone.service[81806]: DEBUG keystone.server.flask.request_processing.req_logging [None req-5aac678f-f357-4500-91ed-494920b666b8 None admin] REQUEST_METHOD: `GET` {{(pid=81806) log_request_info /opt/stack/keystone/keystone/server/flask/request_processing/req_logging.py:26}}
Mar 02 07:39:36 ubuntu devstack@keystone.service[81806]: DEBUG keystone.server.flask.request_processing.req_logging [None req-5aac678f-f357-4500-91ed-494920b666b8 None admin] SCRIPT_NAME: `/identity` {{(pid=81806) log_request_info /opt/stack/keystone/keystone/server/flask/request_processing/req_logging.py:27}}
Mar 02 07:39:36 ubuntu devstack@keystone.service[81806]: DEBUG keystone.server.flask.request_processing.req_logging [None req-5aac678f-f357-4500-91ed-494920b666b8 None admin] PATH_INFO: `/v3/users/57ce98f3aaa343a098075da82f3e9312` {{(pid=81806) log_request_info /opt/stack/keystone/keystone/server/flask/request_processing/req_logging.py:28}}
Mar 02 07:39:36 ubuntu devstack@keystone.service[81806]: DEBUG keystone.common.rbac_enforcer.enforcer [None req-5aac678f-f357-4500-91ed-494920b666b8 None admin] RBAC: Authorizing `identity:get_user(user_id=57ce98f3aaa343a098075da82f3e9312)` {{(pid=81806) enforce_call /opt/stack/keystone/keystone/common/rbac_enforcer/enforcer.py:494}}
Mar 02 07:39:36 ubuntu devstack@keystone.service[81806]: DEBUG keystone.common.rbac_enforcer.enforcer [None req-5aac678f-f357-4500-91ed-494920b666b8 None admin] RBAC: Authorization granted {{(pid=81806) enforce_call /opt/stack/keystone/keystone/common/rbac_enforcer/enforcer.py:505}}
Mar 02 07:39:36 ubuntu devstack@keystone.service[81807]: DEBUG keystone.server.flask.request_processing.middleware.auth_context [None req-8681b706-d91b-48d4-8c45-2649ec934342 None admin] Validating token access rules against request {{(pid=81807) validate_allowed_request /opt/stack/data/venv/lib/python3.10/site-packages/keystonemiddleware/auth_token/__init__.py:545}}
Mar 02 07:39:36 ubuntu devstack@keystone.service[81806]: [pid: 81806|app: 0|req: 17/36] 10.201.5.82 () {56 vars in 1214 bytes} [Mon Mar  2 07:39:36 2026] GET /identity/v3/users/57ce98f3aaa343a098075da82f3e9312 => generated 247 bytes in 55 msecs (HTTP/1.1 200) 5 headers in 177 bytes (1 switches on core 0)
Mar 02 07:39:36 ubuntu devstack@keystone.service[81806]: DEBUG keystone.server.flask.request_processing.middleware.auth_context [None req-5aac678f-f357-4500-91ed-494920b666b8 None admin] Authenticating user token {{(pid=81806) process_request /opt/stack/data/venv/lib/python3.10/site-packages/keystonemiddleware/auth_token/__init__.py:407}}
Mar 02 07:39:36 ubuntu devstack@keystone.service[81806]: DEBUG keystone.server.flask.request_processing.middleware.auth_context [None req-5aac678f-f357-4500-91ed-494920b666b8 None admin] Validating token access rules against request {{(pid=81806) validate_allowed_request /opt/stack/data/venv/lib/python3.10/site-packages/keystonemiddleware/auth_token/__init__.py:545}}
Mar 02 07:39:36 ubuntu devstack@keystone.service[81806]: DEBUG keystone.server.flask.request_processing.middleware.auth_context [None req-559e78ec-6c61-4f88-acbd-98db71112fa3 None admin] RBAC: auth_context: {'token': <TokenModel (audit_id=CvwZRE-uQc2VgHqzji3Sqg, audit_chain_id=['CvwZRE-uQc2VgHqzji3Sqg']) at 0x7fc2373b13f0>, 'domain_id': None, 'trust_id': None, 'trustor_id': None, 'trustee_id': None, 'domain_name': None, 'group_ids': [], 'user_id': '57ce98f3aaa343a098075da82f3e9312', 'user_domain_id': 'default', 'system_scope': 'all', 'project_id': None, 'project_domain_id': None, 'roles': ['admin', 'manager', 'member', 'reader'], 'is_admin_project': True, 'service_user_id': None, 'service_user_domain_id': None, 'service_project_id': None, 'service_project_domain_id': None, 'service_roles': []} {{(pid=81806) fill_context /opt/stack/keystone/keystone/server/flask/request_processing/middleware/auth_context.py:509}}
Mar 02 07:39:36 ubuntu devstack@keystone.service[81806]: DEBUG keystone.server.flask.request_processing.req_logging [None req-559e78ec-6c61-4f88-acbd-98db71112fa3 None admin] REQUEST_METHOD: `GET` {{(pid=81806) log_request_info /opt/stack/keystone/keystone/server/flask/request_processing/req_logging.py:26}}
Mar 02 07:39:36 ubuntu devstack@keystone.service[81806]: DEBUG keystone.server.flask.request_processing.req_logging [None req-559e78ec-6c61-4f88-acbd-98db71112fa3 None admin] SCRIPT_NAME: `/identity` {{(pid=81806) log_request_info /opt/stack/keystone/keystone/server/flask/request_processing/req_logging.py:27}}
Mar 02 07:39:36 ubuntu devstack@keystone.service[81806]: DEBUG keystone.server.flask.request_processing.req_logging [None req-559e78ec-6c61-4f88-acbd-98db71112fa3 None admin] PATH_INFO: `/v3/domains/default` {{(pid=81806) log_request_info /opt/stack/keystone/keystone/server/flask/request_processing/req_logging.py:28}}
Mar 02 07:39:36 ubuntu devstack@keystone.service[81806]: DEBUG keystone.common.rbac_enforcer.enforcer [None req-559e78ec-6c61-4f88-acbd-98db71112fa3 None admin] RBAC: Authorizing `identity:get_domain(domain_id=default)` {{(pid=81806) enforce_call /opt/stack/keystone/keystone/common/rbac_enforcer/enforcer.py:494}}
Mar 02 07:39:36 ubuntu devstack@keystone.service[81807]: DEBUG keystone.server.flask.request_processing.middleware.auth_context [None req-3e9ba040-4f23-4941-8cd8-6a6a7adf2491 None admin] RBAC: auth_context: {'token': <TokenModel (audit_id=wzRj9q54QV6UtB53MloYfA, audit_chain_id=['wzRj9q54QV6UtB53MloYfA']) at 0x7fc237633220>, 'domain_id': None, 'trust_id': None, 'trustor_id': None, 'trustee_id': None, 'domain_name': None, 'group_ids': [], 'user_id': '57ce98f3aaa343a098075da82f3e9312', 'user_domain_id': 'default', 'system_scope': 'all', 'project_id': None, 'project_domain_id': None, 'roles': ['admin', 'manager', 'member', 'reader'], 'is_admin_project': True, 'service_user_id': None, 'service_user_domain_id': None, 'service_project_id': None, 'service_project_domain_id': None, 'service_roles': []} {{(pid=81807) fill_context /opt/stack/keystone/keystone/server/flask/request_processing/middleware/auth_context.py:509}}
Mar 02 07:39:36 ubuntu devstack@keystone.service[81807]: DEBUG keystone.server.flask.request_processing.req_logging [None req-3e9ba040-4f23-4941-8cd8-6a6a7adf2491 None admin] REQUEST_METHOD: `POST` {{(pid=81807) log_request_info /opt/stack/keystone/keystone/server/flask/request_processing/req_logging.py:26}}
Mar 02 07:39:36 ubuntu devstack@keystone.service[81807]: DEBUG keystone.server.flask.request_processing.req_logging [None req-3e9ba040-4f23-4941-8cd8-6a6a7adf2491 None admin] SCRIPT_NAME: `/identity` {{(pid=81807) log_request_info /opt/stack/keystone/keystone/server/flask/request_processing/req_logging.py:27}}
Mar 02 07:39:36 ubuntu devstack@keystone.service[81807]: DEBUG keystone.server.flask.request_processing.req_logging [None req-3e9ba040-4f23-4941-8cd8-6a6a7adf2491 None admin] PATH_INFO: `/v3/roles` {{(pid=81807) log_request_info /opt/stack/keystone/keystone/server/flask/request_processing/req_logging.py:28}}
Mar 02 07:39:36 ubuntu devstack@keystone.service[81806]: DEBUG keystone.common.rbac_enforcer.enforcer [None req-559e78ec-6c61-4f88-acbd-98db71112fa3 None admin] RBAC: Authorization granted {{(pid=81806) enforce_call /opt/stack/keystone/keystone/common/rbac_enforcer/enforcer.py:505}}
Mar 02 07:39:36 ubuntu devstack@keystone.service[81807]: DEBUG keystone.common.rbac_enforcer.enforcer [None req-3e9ba040-4f23-4941-8cd8-6a6a7adf2491 None admin] RBAC: Authorizing `identity:create_role()` {{(pid=81807) enforce_call /opt/stack/keystone/keystone/common/rbac_enforcer/enforcer.py:494}}
Mar 02 07:39:36 ubuntu devstack@keystone.service[81806]: [pid: 81806|app: 0|req: 18/37] 10.201.5.82 () {56 vars in 1145 bytes} [Mon Mar  2 07:39:36 2026] GET /identity/v3/domains/default => generated 199 bytes in 61 msecs (HTTP/1.1 200) 5 headers in 177 bytes (1 switches on core 0)
Mar 02 07:39:36 ubuntu devstack@keystone.service[81807]: DEBUG keystone.common.rbac_enforcer.enforcer [None req-3e9ba040-4f23-4941-8cd8-6a6a7adf2491 None admin] RBAC: Authorization granted {{(pid=81807) enforce_call /opt/stack/keystone/keystone/common/rbac_enforcer/enforcer.py:505}}
Mar 02 07:39:36 ubuntu devstack@keystone.service[81806]: DEBUG keystone.server.flask.request_processing.middleware.auth_context [None req-559e78ec-6c61-4f88-acbd-98db71112fa3 None admin] Authenticating user token {{(pid=81806) process_request /opt/stack/data/venv/lib/python3.10/site-packages/keystonemiddleware/auth_token/__init__.py:407}}
Mar 02 07:39:36 ubuntu devstack@keystone.service[81807]: DEBUG keystone.common.sql.core [None req-3e9ba040-4f23-4941-8cd8-6a6a7adf2491 None admin] Conflict role: (pymysql.err.IntegrityError) (1062, "Duplicate entry 'service-<<null>>' for key 'role.ixu_role_name_domain_id'")
Mar 02 07:39:36 ubuntu devstack@keystone.service[81807]: [SQL: INSERT INTO `role` (id, name, description, extra) VALUES (%(id)s, %(name)s, %(description)s, %(extra)s)]
Mar 02 07:39:36 ubuntu devstack@keystone.service[81807]: [parameters: {'id': 'b830cd84de6a43b199b04781b01204d4', 'name': 'service', 'description': None, 'extra': '{}'}]
Mar 02 07:39:36 ubuntu devstack@keystone.service[81807]: (Background on this error at: https://sqlalche.me/e/20/gkpj) {{(pid=81807) wrapper /opt/stack/keystone/keystone/common/sql/core.py:580}}
Mar 02 07:39:36 ubuntu devstack@keystone.service[81807]: ERROR keystone.server.flask.application [None req-3e9ba040-4f23-4941-8cd8-6a6a7adf2491 None admin] Conflict occurred attempting to store role - Duplicate entry found with name service.: keystone.exception.Conflict: Conflict occurred attempting to store role - Duplicate entry found with name service.
Mar 02 07:39:36 ubuntu devstack@keystone.service[81807]: ERROR keystone.server.flask.application Traceback (most recent call last):
Mar 02 07:39:36 ubuntu devstack@keystone.service[81807]: ERROR keystone.server.flask.application   File "/opt/stack/data/venv/lib/python3.10/site-packages/sqlalchemy/engine/base.py", line 1967, in _exec_single_context
Mar 02 07:39:36 ubuntu devstack@keystone.service[81807]: ERROR keystone.server.flask.application     self.dialect.do_execute(
Mar 02 07:39:36 ubuntu devstack@keystone.service[81807]: ERROR keystone.server.flask.application   File "/opt/stack/data/venv/lib/python3.10/site-packages/sqlalchemy/engine/default.py", line 952, in do_execute
Mar 02 07:39:36 ubuntu devstack@keystone.service[81807]: ERROR keystone.server.flask.application     cursor.execute(statement, parameters)
Mar 02 07:39:36 ubuntu devstack@keystone.service[81807]: ERROR keystone.server.flask.application   File "/opt/stack/data/venv/lib/python3.10/site-packages/pymysql/cursors.py", line 153, in execute
Mar 02 07:39:36 ubuntu devstack@keystone.service[81807]: ERROR keystone.server.flask.application     result = self._query(query)
Mar 02 07:39:36 ubuntu devstack@keystone.service[81807]: ERROR keystone.server.flask.application   File "/opt/stack/data/venv/lib/python3.10/site-packages/pymysql/cursors.py", line 322, in _query
Mar 02 07:39:36 ubuntu devstack@keystone.service[81807]: ERROR keystone.server.flask.application     conn.query(q)
Mar 02 07:39:36 ubuntu devstack@keystone.service[81807]: ERROR keystone.server.flask.application   File "/opt/stack/data/venv/lib/python3.10/site-packages/pymysql/connections.py", line 575, in query
Mar 02 07:39:36 ubuntu devstack@keystone.service[81807]: ERROR keystone.server.flask.application     self._affected_rows = self._read_query_result(unbuffered=unbuffered)
Mar 02 07:39:36 ubuntu devstack@keystone.service[81807]: ERROR keystone.server.flask.application   File "/opt/stack/data/venv/lib/python3.10/site-packages/pymysql/connections.py", line 826, in _read_query_result
Mar 02 07:39:36 ubuntu devstack@keystone.service[81807]: ERROR keystone.server.flask.application     result.read()
Mar 02 07:39:36 ubuntu devstack@keystone.service[81807]: ERROR keystone.server.flask.application   File "/opt/stack/data/venv/lib/python3.10/site-packages/pymysql/connections.py", line 1203, in read
Mar 02 07:39:36 ubuntu devstack@keystone.service[81807]: ERROR keystone.server.flask.application     first_packet = self.connection._read_packet()
Mar 02 07:39:36 ubuntu devstack@keystone.service[81807]: ERROR keystone.server.flask.application   File "/opt/stack/data/venv/lib/python3.10/site-packages/pymysql/connections.py", line 782, in _read_packet
Mar 02 07:39:36 ubuntu devstack@keystone.service[81807]: ERROR keystone.server.flask.application     packet.raise_for_error()
Mar 02 07:39:36 ubuntu devstack@keystone.service[81807]: ERROR keystone.server.flask.application   File "/opt/stack/data/venv/lib/python3.10/site-packages/pymysql/protocol.py", line 219, in raise_for_error
Mar 02 07:39:36 ubuntu devstack@keystone.service[81807]: ERROR keystone.server.flask.application     err.raise_mysql_exception(self._data)
Mar 02 07:39:36 ubuntu devstack@keystone.service[81807]: ERROR keystone.server.flask.application   File "/opt/stack/data/venv/lib/python3.10/site-packages/pymysql/err.py", line 150, in raise_mysql_exception
Mar 02 07:39:36 ubuntu devstack@keystone.service[81807]: ERROR keystone.server.flask.application     raise errorclass(errno, errval)
Mar 02 07:39:36 ubuntu devstack@keystone.service[81807]: ERROR keystone.server.flask.application pymysql.err.IntegrityError: (1062, "Duplicate entry 'service-<<null>>' for key 'role.ixu_role_name_domain_id'")
Mar 02 07:39:36 ubuntu devstack@keystone.service[81807]: ERROR keystone.server.flask.application 
Mar 02 07:39:36 ubuntu devstack@keystone.service[81807]: ERROR keystone.server.flask.application The above exception was the direct cause of the following exception:
Mar 02 07:39:36 ubuntu devstack@keystone.service[81807]: ERROR keystone.server.flask.application 
Mar 02 07:39:36 ubuntu devstack@keystone.service[81807]: ERROR keystone.server.flask.application Traceback (most recent call last):
Mar 02 07:39:36 ubuntu devstack@keystone.service[81807]: ERROR keystone.server.flask.application   File "/opt/stack/keystone/keystone/common/sql/core.py", line 575, in wrapper
Mar 02 07:39:36 ubuntu devstack@keystone.service[81807]: ERROR keystone.server.flask.application     return method(*args, **kwargs)
Mar 02 07:39:36 ubuntu devstack@keystone.service[81807]: ERROR keystone.server.flask.application   File "/opt/stack/keystone/keystone/assignment/role_backends/sql.py", line 25, in create_role
Mar 02 07:39:36 ubuntu devstack@keystone.service[81807]: ERROR keystone.server.flask.application     with sql.session_for_write() as session:
Mar 02 07:39:36 ubuntu devstack@keystone.service[81807]: ERROR keystone.server.flask.application   File "/usr/lib/python3.10/contextlib.py", line 142, in __exit__
Mar 02 07:39:36 ubuntu devstack@keystone.service[81807]: ERROR keystone.server.flask.application     next(self.gen)
Mar 02 07:39:36 ubuntu devstack@keystone.service[81807]: ERROR keystone.server.flask.application   File "/opt/stack/data/venv/lib/python3.10/site-packages/oslo_db/sqlalchemy/enginefacade.py", line 1175, in _transaction_scope
Mar 02 07:39:36 ubuntu devstack@keystone.service[81807]: ERROR keystone.server.flask.application     with current._produce_block(
Mar 02 07:39:36 ubuntu devstack@keystone.service[81807]: ERROR keystone.server.flask.application   File "/usr/lib/python3.10/contextlib.py", line 142, in __exit__
Mar 02 07:39:36 ubuntu devstack@keystone.service[81807]: ERROR keystone.server.flask.application     next(self.gen)
Mar 02 07:39:36 ubuntu devstack@keystone.service[81807]: ERROR keystone.server.flask.application   File "/opt/stack/data/venv/lib/python3.10/site-packages/oslo_db/sqlalchemy/enginefacade.py", line 837, in _session
Mar 02 07:39:36 ubuntu devstack@keystone.service[81807]: ERROR keystone.server.flask.application     with excutils.save_and_reraise_exception():
Mar 02 07:39:36 ubuntu devstack@keystone.service[81807]: ERROR keystone.server.flask.application   File "/opt/stack/data/venv/lib/python3.10/site-packages/oslo_utils/excutils.py", line 267, in __exit__
Mar 02 07:39:36 ubuntu devstack@keystone.service[81807]: ERROR keystone.server.flask.application     self.force_reraise()
Mar 02 07:39:36 ubuntu devstack@keystone.service[81807]: ERROR keystone.server.flask.application   File "/opt/stack/data/venv/lib/python3.10/site-packages/oslo_utils/excutils.py", line 233, in force_reraise
Mar 02 07:39:36 ubuntu devstack@keystone.service[81807]: ERROR keystone.server.flask.application     raise self.value
Mar 02 07:39:36 ubuntu devstack@keystone.service[81807]: ERROR keystone.server.flask.application   File "/opt/stack/data/venv/lib/python3.10/site-packages/oslo_db/sqlalchemy/enginefacade.py", line 835, in _session
Mar 02 07:39:36 ubuntu devstack@keystone.service[81807]: ERROR keystone.server.flask.application     self._end_session_transaction(self.session)
Mar 02 07:39:36 ubuntu devstack@keystone.service[81807]: ERROR keystone.server.flask.application   File "/opt/stack/data/venv/lib/python3.10/site-packages/oslo_db/sqlalchemy/enginefacade.py", line 748, in _end_session_transaction
Mar 02 07:39:36 ubuntu devstack@keystone.service[81807]: ERROR keystone.server.flask.application     session.commit()
Mar 02 07:39:36 ubuntu devstack@keystone.service[81807]: ERROR keystone.server.flask.application   File "/opt/stack/data/venv/lib/python3.10/site-packages/sqlalchemy/orm/session.py", line 2030, in commit
Mar 02 07:39:36 ubuntu devstack@keystone.service[81807]: ERROR keystone.server.flask.application     trans.commit(_to_root=True)
Mar 02 07:39:36 ubuntu devstack@keystone.service[81807]: ERROR keystone.server.flask.application   File "<string>", line 2, in commit
Mar 02 07:39:36 ubuntu devstack@keystone.service[81807]: ERROR keystone.server.flask.application   File "/opt/stack/data/venv/lib/python3.10/site-packages/sqlalchemy/orm/state_changes.py", line 137, in _go
