Feb 26 16:17:15 ubuntu devstack@keystone.service[81808]: [pid: 81808|app: 0|req: 11/23] 10.201.5.82 () {54 vars in 920 bytes} [Thu Feb 26 16:17:15 2026] GET /identity => generated 270 bytes in 2 msecs (HTTP/1.1 300) 6 headers in 234 bytes (1 switches on core 0)
Feb 26 16:17:15 ubuntu devstack@keystone.service[81809]: DEBUG keystone.server.flask.request_processing.req_logging [None req-27ec686a-7c5b-41a5-99ce-d060f24cc679 None None] REQUEST_METHOD: `POST` {{(pid=81809) log_request_info /opt/stack/keystone/keystone/server/flask/request_processing/req_logging.py:26}}
Feb 26 16:17:15 ubuntu devstack@keystone.service[81809]: DEBUG keystone.server.flask.request_processing.req_logging [None req-27ec686a-7c5b-41a5-99ce-d060f24cc679 None None] SCRIPT_NAME: `/identity` {{(pid=81809) log_request_info /opt/stack/keystone/keystone/server/flask/request_processing/req_logging.py:27}}
Feb 26 16:17:15 ubuntu devstack@keystone.service[81809]: DEBUG keystone.server.flask.request_processing.req_logging [None req-27ec686a-7c5b-41a5-99ce-d060f24cc679 None None] PATH_INFO: `/v3/auth/tokens` {{(pid=81809) log_request_info /opt/stack/keystone/keystone/server/flask/request_processing/req_logging.py:28}}
Feb 26 16:17:16 ubuntu devstack@keystone.service[81809]: WARNING keystone.common.password_hashing [None req-27ec686a-7c5b-41a5-99ce-d060f24cc679 None None] Truncating password to algorithm specific maximum length 72 characters.
Feb 26 16:17:16 ubuntu devstack@keystone.service[81809]: DEBUG keystone.auth.core [None req-27ec686a-7c5b-41a5-99ce-d060f24cc679 None None] MFA Rules not processed for user `c982ce19d3634c65a8deaf2aa2022fe1`. Rule list: `[]` (Enabled: `True`). {{(pid=81809) check_auth_methods_against_rules /opt/stack/keystone/keystone/auth/core.py:476}}
Feb 26 16:17:16 ubuntu devstack@keystone.service[81809]: DEBUG keystone.common.fernet_utils [None req-27ec686a-7c5b-41a5-99ce-d060f24cc679 None None] Loaded 2 Fernet keys from /etc/keystone/fernet-keys/, but `[fernet_tokens] max_active_keys = 3`; perhaps there have not been enough key rotations to reach `max_active_keys` yet? {{(pid=81809) load_keys /opt/stack/keystone/keystone/common/fernet_utils.py:297}}
Feb 26 16:17:16 ubuntu devstack@keystone.service[81809]: [pid: 81809|app: 0|req: 13/24] 10.201.5.82 () {58 vars in 1017 bytes} [Thu Feb 26 16:17:15 2026] POST /identity/v3/auth/tokens => generated 862 bytes in 189 msecs (HTTP/1.1 201) 6 headers in 363 bytes (1 switches on core 0)
Feb 26 16:17:16 ubuntu devstack@keystone.service[81808]: DEBUG keystone.server.flask.request_processing.req_logging [None req-d79ea104-7d0c-47ef-a05b-e7d1a2bb352e None None] REQUEST_METHOD: `GET` {{(pid=81808) log_request_info /opt/stack/keystone/keystone/server/flask/request_processing/req_logging.py:26}}
Feb 26 16:17:16 ubuntu devstack@keystone.service[81808]: DEBUG keystone.server.flask.request_processing.req_logging [None req-d79ea104-7d0c-47ef-a05b-e7d1a2bb352e None None] SCRIPT_NAME: `/identity` {{(pid=81808) log_request_info /opt/stack/keystone/keystone/server/flask/request_processing/req_logging.py:27}}
Feb 26 16:17:16 ubuntu devstack@keystone.service[81808]: DEBUG keystone.server.flask.request_processing.req_logging [None req-d79ea104-7d0c-47ef-a05b-e7d1a2bb352e None None] PATH_INFO: `/` {{(pid=81808) log_request_info /opt/stack/keystone/keystone/server/flask/request_processing/req_logging.py:28}}
Feb 26 16:17:16 ubuntu devstack@keystone.service[81808]: [pid: 81808|app: 0|req: 12/25] 10.201.5.82 () {54 vars in 920 bytes} [Thu Feb 26 16:17:16 2026] GET /identity => generated 270 bytes in 1 msecs (HTTP/1.1 300) 6 headers in 234 bytes (1 switches on core 0)
Feb 26 16:17:16 ubuntu devstack@keystone.service[81809]: DEBUG keystone.server.flask.request_processing.req_logging [None req-cd7c9ce1-0ce5-41c1-ac88-aab5f66e8b29 None None] REQUEST_METHOD: `POST` {{(pid=81809) log_request_info /opt/stack/keystone/keystone/server/flask/request_processing/req_logging.py:26}}
Feb 26 16:17:16 ubuntu devstack@keystone.service[81809]: DEBUG keystone.server.flask.request_processing.req_logging [None req-cd7c9ce1-0ce5-41c1-ac88-aab5f66e8b29 None None] SCRIPT_NAME: `/identity` {{(pid=81809) log_request_info /opt/stack/keystone/keystone/server/flask/request_processing/req_logging.py:27}}
Feb 26 16:17:16 ubuntu devstack@keystone.service[81809]: DEBUG keystone.server.flask.request_processing.req_logging [None req-cd7c9ce1-0ce5-41c1-ac88-aab5f66e8b29 None None] PATH_INFO: `/v3/auth/tokens` {{(pid=81809) log_request_info /opt/stack/keystone/keystone/server/flask/request_processing/req_logging.py:28}}
Feb 26 16:17:16 ubuntu devstack@keystone.service[81809]: WARNING keystone.common.password_hashing [None req-cd7c9ce1-0ce5-41c1-ac88-aab5f66e8b29 None None] Truncating password to algorithm specific maximum length 72 characters.
Feb 26 16:17:16 ubuntu devstack@keystone.service[81809]: DEBUG keystone.auth.core [None req-cd7c9ce1-0ce5-41c1-ac88-aab5f66e8b29 None None] MFA Rules not processed for user `c982ce19d3634c65a8deaf2aa2022fe1`. Rule list: `[]` (Enabled: `True`). {{(pid=81809) check_auth_methods_against_rules /opt/stack/keystone/keystone/auth/core.py:476}}
Feb 26 16:17:16 ubuntu devstack@keystone.service[81809]: DEBUG keystone.common.fernet_utils [None req-cd7c9ce1-0ce5-41c1-ac88-aab5f66e8b29 None None] Loaded 2 Fernet keys from /etc/keystone/fernet-keys/, but `[fernet_tokens] max_active_keys = 3`; perhaps there have not been enough key rotations to reach `max_active_keys` yet? {{(pid=81809) load_keys /opt/stack/keystone/keystone/common/fernet_utils.py:297}}
Feb 26 16:17:16 ubuntu devstack@keystone.service[81808]: DEBUG keystone.server.flask.request_processing.req_logging [None req-68c278fb-3383-4204-8216-3c435eef5121 None None] REQUEST_METHOD: `GET` {{(pid=81808) log_request_info /opt/stack/keystone/keystone/server/flask/request_processing/req_logging.py:26}}
Feb 26 16:17:16 ubuntu devstack@keystone.service[81808]: DEBUG keystone.server.flask.request_processing.req_logging [None req-68c278fb-3383-4204-8216-3c435eef5121 None None] SCRIPT_NAME: `/identity` {{(pid=81808) log_request_info /opt/stack/keystone/keystone/server/flask/request_processing/req_logging.py:27}}
Feb 26 16:17:16 ubuntu devstack@keystone.service[81808]: DEBUG keystone.server.flask.request_processing.req_logging [None req-68c278fb-3383-4204-8216-3c435eef5121 None None] PATH_INFO: `/` {{(pid=81808) log_request_info /opt/stack/keystone/keystone/server/flask/request_processing/req_logging.py:28}}
Feb 26 16:17:16 ubuntu devstack@keystone.service[81808]: [pid: 81808|app: 0|req: 13/26] 10.201.5.82 () {54 vars in 920 bytes} [Thu Feb 26 16:17:16 2026] GET /identity => generated 270 bytes in 1 msecs (HTTP/1.1 300) 6 headers in 234 bytes (1 switches on core 0)
Feb 26 16:17:16 ubuntu devstack@keystone.service[81808]: DEBUG keystone.server.flask.request_processing.req_logging [None req-3866938f-25aa-4c8c-b716-b283546b15b2 None None] REQUEST_METHOD: `POST` {{(pid=81808) log_request_info /opt/stack/keystone/keystone/server/flask/request_processing/req_logging.py:26}}
Feb 26 16:17:16 ubuntu devstack@keystone.service[81808]: DEBUG keystone.server.flask.request_processing.req_logging [None req-3866938f-25aa-4c8c-b716-b283546b15b2 None None] SCRIPT_NAME: `/identity` {{(pid=81808) log_request_info /opt/stack/keystone/keystone/server/flask/request_processing/req_logging.py:27}}
Feb 26 16:17:16 ubuntu devstack@keystone.service[81808]: DEBUG keystone.server.flask.request_processing.req_logging [None req-3866938f-25aa-4c8c-b716-b283546b15b2 None None] PATH_INFO: `/v3/auth/tokens` {{(pid=81808) log_request_info /opt/stack/keystone/keystone/server/flask/request_processing/req_logging.py:28}}
Feb 26 16:17:16 ubuntu devstack@keystone.service[81809]: [pid: 81809|app: 0|req: 14/27] 10.201.5.82 () {58 vars in 1017 bytes} [Thu Feb 26 16:17:16 2026] POST /identity/v3/auth/tokens => generated 862 bytes in 68 msecs (HTTP/1.1 201) 6 headers in 363 bytes (2 switches on core 0)
Feb 26 16:17:16 ubuntu devstack@keystone.service[81809]: DEBUG keystone.server.flask.request_processing.middleware.auth_context [None req-cd7c9ce1-0ce5-41c1-ac88-aab5f66e8b29 None None] Authenticating user token {{(pid=81809) process_request /opt/stack/data/venv/lib/python3.10/site-packages/keystonemiddleware/auth_token/__init__.py:407}}
Feb 26 16:17:16 ubuntu devstack@keystone.service[81808]: WARNING keystone.common.password_hashing [None req-3866938f-25aa-4c8c-b716-b283546b15b2 None None] Truncating password to algorithm specific maximum length 72 characters.
Feb 26 16:17:16 ubuntu devstack@keystone.service[81808]: DEBUG keystone.auth.core [None req-3866938f-25aa-4c8c-b716-b283546b15b2 None None] MFA Rules not processed for user `c982ce19d3634c65a8deaf2aa2022fe1`. Rule list: `[]` (Enabled: `True`). {{(pid=81808) check_auth_methods_against_rules /opt/stack/keystone/keystone/auth/core.py:476}}
Feb 26 16:17:16 ubuntu devstack@keystone.service[81808]: DEBUG keystone.common.fernet_utils [None req-3866938f-25aa-4c8c-b716-b283546b15b2 None None] Loaded 2 Fernet keys from /etc/keystone/fernet-keys/, but `[fernet_tokens] max_active_keys = 3`; perhaps there have not been enough key rotations to reach `max_active_keys` yet? {{(pid=81808) load_keys /opt/stack/keystone/keystone/common/fernet_utils.py:297}}
Feb 26 16:17:16 ubuntu devstack@keystone.service[81809]: DEBUG keystone.server.flask.request_processing.middleware.auth_context [None req-cd7c9ce1-0ce5-41c1-ac88-aab5f66e8b29 None None] Validating token access rules against request {{(pid=81809) validate_allowed_request /opt/stack/data/venv/lib/python3.10/site-packages/keystonemiddleware/auth_token/__init__.py:545}}
Feb 26 16:17:16 ubuntu devstack@keystone.service[81809]: DEBUG keystone.server.flask.request_processing.middleware.auth_context [None req-3c78cefa-a2b0-42b9-a3be-57851ea4fca3 None admin] RBAC: auth_context: {'token': <TokenModel (audit_id=UHLPUzRDQHOqzwL_jtxH-g, audit_chain_id=['UHLPUzRDQHOqzwL_jtxH-g']) at 0x7fc4b61fb1c0>, 'domain_id': None, 'trust_id': None, 'trustor_id': None, 'trustee_id': None, 'domain_name': None, 'group_ids': [], 'user_id': 'c982ce19d3634c65a8deaf2aa2022fe1', 'user_domain_id': 'default', 'system_scope': 'all', 'project_id': None, 'project_domain_id': None, 'roles': ['admin', 'manager', 'member', 'reader'], 'is_admin_project': True, 'service_user_id': None, 'service_user_domain_id': None, 'service_project_id': None, 'service_project_domain_id': None, 'service_roles': []} {{(pid=81809) fill_context /opt/stack/keystone/keystone/server/flask/request_processing/middleware/auth_context.py:509}}
Feb 26 16:17:16 ubuntu devstack@keystone.service[81809]: DEBUG keystone.server.flask.request_processing.req_logging [None req-3c78cefa-a2b0-42b9-a3be-57851ea4fca3 None admin] REQUEST_METHOD: `GET` {{(pid=81809) log_request_info /opt/stack/keystone/keystone/server/flask/request_processing/req_logging.py:26}}
Feb 26 16:17:16 ubuntu devstack@keystone.service[81809]: DEBUG keystone.server.flask.request_processing.req_logging [None req-3c78cefa-a2b0-42b9-a3be-57851ea4fca3 None admin] SCRIPT_NAME: `/identity` {{(pid=81809) log_request_info /opt/stack/keystone/keystone/server/flask/request_processing/req_logging.py:27}}
Feb 26 16:17:16 ubuntu devstack@keystone.service[81809]: DEBUG keystone.server.flask.request_processing.req_logging [None req-3c78cefa-a2b0-42b9-a3be-57851ea4fca3 None admin] PATH_INFO: `/v3/roles/admin` {{(pid=81809) log_request_info /opt/stack/keystone/keystone/server/flask/request_processing/req_logging.py:28}}
Feb 26 16:17:16 ubuntu devstack@keystone.service[81809]: DEBUG keystone.common.rbac_enforcer.enforcer [None req-3c78cefa-a2b0-42b9-a3be-57851ea4fca3 None admin] Extracting inferred target data resulted in "NOT FOUND (404)". {{(pid=81809) enforce_call /opt/stack/keystone/keystone/common/rbac_enforcer/enforcer.py:445}}
Feb 26 16:17:16 ubuntu devstack@keystone.service[81809]: DEBUG keystone.server.flask.application [None req-3c78cefa-a2b0-42b9-a3be-57851ea4fca3 None admin] Could not find role: admin. {{(pid=81809) _handle_keystone_exception /opt/stack/keystone/keystone/server/flask/application.py:146}}
Feb 26 16:17:16 ubuntu devstack@keystone.service[81809]: [pid: 81809|app: 0|req: 15/28] 10.201.5.82 () {56 vars in 1133 bytes} [Thu Feb 26 16:17:16 2026] GET /identity/v3/roles/admin => generated 83 bytes in 74 msecs (HTTP/1.1 404) 5 headers in 183 bytes (1 switches on core 0)
Feb 26 16:17:16 ubuntu devstack@keystone.service[81809]: DEBUG keystone.server.flask.request_processing.middleware.auth_context [None req-3c78cefa-a2b0-42b9-a3be-57851ea4fca3 None admin] Authenticating user token {{(pid=81809) process_request /opt/stack/data/venv/lib/python3.10/site-packages/keystonemiddleware/auth_token/__init__.py:407}}
Feb 26 16:17:16 ubuntu devstack@keystone.service[81808]: [pid: 81808|app: 0|req: 14/29] 10.201.5.82 () {58 vars in 1017 bytes} [Thu Feb 26 16:17:16 2026] POST /identity/v3/auth/tokens => generated 862 bytes in 106 msecs (HTTP/1.1 201) 6 headers in 363 bytes (1 switches on core 0)
Feb 26 16:17:16 ubuntu devstack@keystone.service[81808]: DEBUG keystone.server.flask.request_processing.req_logging [None req-e4d3057e-0b1b-43ea-9038-02ca90b02586 None None] REQUEST_METHOD: `GET` {{(pid=81808) log_request_info /opt/stack/keystone/keystone/server/flask/request_processing/req_logging.py:26}}
Feb 26 16:17:16 ubuntu devstack@keystone.service[81808]: DEBUG keystone.server.flask.request_processing.req_logging [None req-e4d3057e-0b1b-43ea-9038-02ca90b02586 None None] SCRIPT_NAME: `/identity` {{(pid=81808) log_request_info /opt/stack/keystone/keystone/server/flask/request_processing/req_logging.py:27}}
Feb 26 16:17:16 ubuntu devstack@keystone.service[81808]: DEBUG keystone.server.flask.request_processing.req_logging [None req-e4d3057e-0b1b-43ea-9038-02ca90b02586 None None] PATH_INFO: `/` {{(pid=81808) log_request_info /opt/stack/keystone/keystone/server/flask/request_processing/req_logging.py:28}}
Feb 26 16:17:16 ubuntu devstack@keystone.service[81808]: [pid: 81808|app: 0|req: 15/30] 10.201.5.82 () {54 vars in 920 bytes} [Thu Feb 26 16:17:16 2026] GET /identity => generated 270 bytes in 1 msecs (HTTP/1.1 300) 6 headers in 234 bytes (1 switches on core 0)
Feb 26 16:17:16 ubuntu devstack@keystone.service[81808]: DEBUG keystone.server.flask.request_processing.req_logging [None req-6267e343-4ac5-4db9-b78b-5b62b693cb35 None None] REQUEST_METHOD: `POST` {{(pid=81808) log_request_info /opt/stack/keystone/keystone/server/flask/request_processing/req_logging.py:26}}
Feb 26 16:17:16 ubuntu devstack@keystone.service[81808]: DEBUG keystone.server.flask.request_processing.req_logging [None req-6267e343-4ac5-4db9-b78b-5b62b693cb35 None None] SCRIPT_NAME: `/identity` {{(pid=81808) log_request_info /opt/stack/keystone/keystone/server/flask/request_processing/req_logging.py:27}}
Feb 26 16:17:16 ubuntu devstack@keystone.service[81808]: DEBUG keystone.server.flask.request_processing.req_logging [None req-6267e343-4ac5-4db9-b78b-5b62b693cb35 None None] PATH_INFO: `/v3/auth/tokens` {{(pid=81808) log_request_info /opt/stack/keystone/keystone/server/flask/request_processing/req_logging.py:28}}
Feb 26 16:17:16 ubuntu devstack@keystone.service[81809]: DEBUG keystone.server.flask.request_processing.middleware.auth_context [None req-3c78cefa-a2b0-42b9-a3be-57851ea4fca3 None admin] Validating token access rules against request {{(pid=81809) validate_allowed_request /opt/stack/data/venv/lib/python3.10/site-packages/keystonemiddleware/auth_token/__init__.py:545}}
Feb 26 16:17:16 ubuntu devstack@keystone.service[81808]: WARNING keystone.common.password_hashing [None req-6267e343-4ac5-4db9-b78b-5b62b693cb35 None None] Truncating password to algorithm specific maximum length 72 characters.
Feb 26 16:17:16 ubuntu devstack@keystone.service[81808]: DEBUG keystone.auth.core [None req-6267e343-4ac5-4db9-b78b-5b62b693cb35 None None] MFA Rules not processed for user `c982ce19d3634c65a8deaf2aa2022fe1`. Rule list: `[]` (Enabled: `True`). {{(pid=81808) check_auth_methods_against_rules /opt/stack/keystone/keystone/auth/core.py:476}}
Feb 26 16:17:16 ubuntu devstack@keystone.service[81808]: DEBUG keystone.common.fernet_utils [None req-6267e343-4ac5-4db9-b78b-5b62b693cb35 None None] Loaded 2 Fernet keys from /etc/keystone/fernet-keys/, but `[fernet_tokens] max_active_keys = 3`; perhaps there have not been enough key rotations to reach `max_active_keys` yet? {{(pid=81808) load_keys /opt/stack/keystone/keystone/common/fernet_utils.py:297}}
Feb 26 16:17:16 ubuntu devstack@keystone.service[81809]: DEBUG keystone.server.flask.request_processing.middleware.auth_context [None req-c73a6569-d47a-43c4-ac14-1bc7ff64303c None admin] RBAC: auth_context: {'token': <TokenModel (audit_id=UHLPUzRDQHOqzwL_jtxH-g, audit_chain_id=['UHLPUzRDQHOqzwL_jtxH-g']) at 0x7fc4b5337340>, 'domain_id': None, 'trust_id': None, 'trustor_id': None, 'trustee_id': None, 'domain_name': None, 'group_ids': [], 'user_id': 'c982ce19d3634c65a8deaf2aa2022fe1', 'user_domain_id': 'default', 'system_scope': 'all', 'project_id': None, 'project_domain_id': None, 'roles': ['admin', 'manager', 'member', 'reader'], 'is_admin_project': True, 'service_user_id': None, 'service_user_domain_id': None, 'service_project_id': None, 'service_project_domain_id': None, 'service_roles': []} {{(pid=81809) fill_context /opt/stack/keystone/keystone/server/flask/request_processing/middleware/auth_context.py:509}}
Feb 26 16:17:16 ubuntu devstack@keystone.service[81809]: DEBUG keystone.server.flask.request_processing.req_logging [None req-c73a6569-d47a-43c4-ac14-1bc7ff64303c None admin] REQUEST_METHOD: `GET` {{(pid=81809) log_request_info /opt/stack/keystone/keystone/server/flask/request_processing/req_logging.py:26}}
Feb 26 16:17:16 ubuntu devstack@keystone.service[81809]: DEBUG keystone.server.flask.request_processing.req_logging [None req-c73a6569-d47a-43c4-ac14-1bc7ff64303c None admin] SCRIPT_NAME: `/identity` {{(pid=81809) log_request_info /opt/stack/keystone/keystone/server/flask/request_processing/req_logging.py:27}}
Feb 26 16:17:16 ubuntu devstack@keystone.service[81809]: DEBUG keystone.server.flask.request_processing.req_logging [None req-c73a6569-d47a-43c4-ac14-1bc7ff64303c None admin] PATH_INFO: `/v3/roles` {{(pid=81809) log_request_info /opt/stack/keystone/keystone/server/flask/request_processing/req_logging.py:28}}
Feb 26 16:17:16 ubuntu devstack@keystone.service[81809]: DEBUG keystone.common.rbac_enforcer.enforcer [None req-c73a6569-d47a-43c4-ac14-1bc7ff64303c None admin] RBAC: Adding query filter params (name=admin) {{(pid=81809) _extract_filter_values /opt/stack/keystone/keystone/common/rbac_enforcer/enforcer.py:176}}
Feb 26 16:17:16 ubuntu devstack@keystone.service[81809]: DEBUG keystone.common.rbac_enforcer.enforcer [None req-c73a6569-d47a-43c4-ac14-1bc7ff64303c None admin] RBAC: Authorizing `identity:list_roles()` {{(pid=81809) enforce_call /opt/stack/keystone/keystone/common/rbac_enforcer/enforcer.py:494}}
Feb 26 16:17:16 ubuntu devstack@keystone.service[81809]: DEBUG keystone.common.rbac_enforcer.enforcer [None req-c73a6569-d47a-43c4-ac14-1bc7ff64303c None admin] RBAC: Authorization granted {{(pid=81809) enforce_call /opt/stack/keystone/keystone/common/rbac_enforcer/enforcer.py:505}}
Feb 26 16:17:16 ubuntu devstack@keystone.service[81809]: [pid: 81809|app: 0|req: 16/31] 10.201.5.82 () {56 vars in 1149 bytes} [Thu Feb 26 16:17:16 2026] GET /identity/v3/roles?name=admin => generated 339 bytes in 90 msecs (HTTP/1.1 200) 5 headers in 177 bytes (2 switches on core 0)
Feb 26 16:17:16 ubuntu devstack@keystone.service[81809]: DEBUG keystone.server.flask.request_processing.middleware.auth_context [None req-c73a6569-d47a-43c4-ac14-1bc7ff64303c None admin] Authenticating user token {{(pid=81809) process_request /opt/stack/data/venv/lib/python3.10/site-packages/keystonemiddleware/auth_token/__init__.py:407}}
Feb 26 16:17:16 ubuntu devstack@keystone.service[81808]: [pid: 81808|app: 0|req: 16/32] 10.201.5.82 () {58 vars in 1017 bytes} [Thu Feb 26 16:17:16 2026] POST /identity/v3/auth/tokens => generated 862 bytes in 69 msecs (HTTP/1.1 201) 6 headers in 363 bytes (1 switches on core 0)
Feb 26 16:17:16 ubuntu devstack@keystone.service[81808]: DEBUG keystone.server.flask.request_processing.middleware.auth_context [None req-6267e343-4ac5-4db9-b78b-5b62b693cb35 None None] Authenticating user token {{(pid=81808) process_request /opt/stack/data/venv/lib/python3.10/site-packages/keystonemiddleware/auth_token/__init__.py:407}}
Feb 26 16:17:16 ubuntu devstack@keystone.service[81809]: DEBUG keystone.server.flask.request_processing.middleware.auth_context [None req-c73a6569-d47a-43c4-ac14-1bc7ff64303c None admin] Validating token access rules against request {{(pid=81809) validate_allowed_request /opt/stack/data/venv/lib/python3.10/site-packages/keystonemiddleware/auth_token/__init__.py:545}}
Feb 26 16:17:16 ubuntu devstack@keystone.service[81809]: DEBUG keystone.server.flask.request_processing.middleware.auth_context [None req-d4438a24-b8e1-45d6-9b6b-52676700e1dc None admin] RBAC: auth_context: {'token': <TokenModel (audit_id=bZQZ1KiYStmHNn54qKYmeQ, audit_chain_id=['bZQZ1KiYStmHNn54qKYmeQ']) at 0x7fc4b5377be0>, 'domain_id': None, 'trust_id': None, 'trustor_id': None, 'trustee_id': None, 'domain_name': None, 'group_ids': [], 'user_id': 'c982ce19d3634c65a8deaf2aa2022fe1', 'user_domain_id': 'default', 'system_scope': 'all', 'project_id': None, 'project_domain_id': None, 'roles': ['admin', 'manager', 'member', 'reader'], 'is_admin_project': True, 'service_user_id': None, 'service_user_domain_id': None, 'service_project_id': None, 'service_project_domain_id': None, 'service_roles': []} {{(pid=81809) fill_context /opt/stack/keystone/keystone/server/flask/request_processing/middleware/auth_context.py:509}}
Feb 26 16:17:16 ubuntu devstack@keystone.service[81808]: DEBUG keystone.server.flask.request_processing.middleware.auth_context [None req-6267e343-4ac5-4db9-b78b-5b62b693cb35 None None] Validating token access rules against request {{(pid=81808) validate_allowed_request /opt/stack/data/venv/lib/python3.10/site-packages/keystonemiddleware/auth_token/__init__.py:545}}
Feb 26 16:17:16 ubuntu devstack@keystone.service[81809]: DEBUG keystone.server.flask.request_processing.req_logging [None req-d4438a24-b8e1-45d6-9b6b-52676700e1dc None admin] REQUEST_METHOD: `GET` {{(pid=81809) log_request_info /opt/stack/keystone/keystone/server/flask/request_processing/req_logging.py:26}}
Feb 26 16:17:16 ubuntu devstack@keystone.service[81809]: DEBUG keystone.server.flask.request_processing.req_logging [None req-d4438a24-b8e1-45d6-9b6b-52676700e1dc None admin] SCRIPT_NAME: `/identity` {{(pid=81809) log_request_info /opt/stack/keystone/keystone/server/flask/request_processing/req_logging.py:27}}
Feb 26 16:17:16 ubuntu devstack@keystone.service[81809]: DEBUG keystone.server.flask.request_processing.req_logging [None req-d4438a24-b8e1-45d6-9b6b-52676700e1dc None admin] PATH_INFO: `/v3/domains/Default` {{(pid=81809) log_request_info /opt/stack/keystone/keystone/server/flask/request_processing/req_logging.py:28}}
Feb 26 16:17:16 ubuntu devstack@keystone.service[81809]: DEBUG keystone.common.rbac_enforcer.enforcer [None req-d4438a24-b8e1-45d6-9b6b-52676700e1dc None admin] RBAC: Authorizing `identity:get_domain(domain_id=Default)` {{(pid=81809) enforce_call /opt/stack/keystone/keystone/common/rbac_enforcer/enforcer.py:494}}
Feb 26 16:17:16 ubuntu devstack@keystone.service[81809]: DEBUG keystone.common.rbac_enforcer.enforcer [None req-d4438a24-b8e1-45d6-9b6b-52676700e1dc None admin] RBAC: Authorization granted {{(pid=81809) enforce_call /opt/stack/keystone/keystone/common/rbac_enforcer/enforcer.py:505}}
Feb 26 16:17:16 ubuntu devstack@keystone.service[81808]: DEBUG keystone.server.flask.request_processing.middleware.auth_context [None req-8663d0eb-f9f4-4b54-ac6c-3ebd45e592a5 None admin] RBAC: auth_context: {'token': <TokenModel (audit_id=UHLPUzRDQHOqzwL_jtxH-g, audit_chain_id=['UHLPUzRDQHOqzwL_jtxH-g']) at 0x7fc4b5589ff0>, 'domain_id': None, 'trust_id': None, 'trustor_id': None, 'trustee_id': None, 'domain_name': None, 'group_ids': [], 'user_id': 'c982ce19d3634c65a8deaf2aa2022fe1', 'user_domain_id': 'default', 'system_scope': 'all', 'project_id': None, 'project_domain_id': None, 'roles': ['admin', 'manager', 'member', 'reader'], 'is_admin_project': True, 'service_user_id': None, 'service_user_domain_id': None, 'service_project_id': None, 'service_project_domain_id': None, 'service_roles': []} {{(pid=81808) fill_context /opt/stack/keystone/keystone/server/flask/request_processing/middleware/auth_context.py:509}}
Feb 26 16:17:16 ubuntu devstack@keystone.service[81808]: DEBUG keystone.server.flask.request_processing.req_logging [None req-8663d0eb-f9f4-4b54-ac6c-3ebd45e592a5 None admin] REQUEST_METHOD: `GET` {{(pid=81808) log_request_info /opt/stack/keystone/keystone/server/flask/request_processing/req_logging.py:26}}
Feb 26 16:17:16 ubuntu devstack@keystone.service[81809]: DEBUG keystone.server.flask.application [None req-d4438a24-b8e1-45d6-9b6b-52676700e1dc None admin] Could not find domain: Default. {{(pid=81809) _handle_keystone_exception /opt/stack/keystone/keystone/server/flask/application.py:146}}
Feb 26 16:17:16 ubuntu devstack@keystone.service[81808]: DEBUG keystone.server.flask.request_processing.req_logging [None req-8663d0eb-f9f4-4b54-ac6c-3ebd45e592a5 None admin] SCRIPT_NAME: `/identity` {{(pid=81808) log_request_info /opt/stack/keystone/keystone/server/flask/request_processing/req_logging.py:27}}
Feb 26 16:17:16 ubuntu devstack@keystone.service[81808]: DEBUG keystone.server.flask.request_processing.req_logging [None req-8663d0eb-f9f4-4b54-ac6c-3ebd45e592a5 None admin] PATH_INFO: `/v3/users/c982ce19d3634c65a8deaf2aa2022fe1` {{(pid=81808) log_request_info /opt/stack/keystone/keystone/server/flask/request_processing/req_logging.py:28}}
Feb 26 16:17:16 ubuntu devstack@keystone.service[81809]: [pid: 81809|app: 0|req: 17/33] 10.201.5.82 () {56 vars in 1145 bytes} [Thu Feb 26 16:17:16 2026] GET /identity/v3/domains/Default => generated 87 bytes in 84 msecs (HTTP/1.1 404) 5 headers in 183 bytes (1 switches on core 0)
Feb 26 16:17:16 ubuntu devstack@keystone.service[81808]: DEBUG keystone.common.rbac_enforcer.enforcer [None req-8663d0eb-f9f4-4b54-ac6c-3ebd45e592a5 None admin] RBAC: Authorizing `identity:get_user(user_id=c982ce19d3634c65a8deaf2aa2022fe1)` {{(pid=81808) enforce_call /opt/stack/keystone/keystone/common/rbac_enforcer/enforcer.py:494}}
Feb 26 16:17:16 ubuntu devstack@keystone.service[81808]: DEBUG keystone.common.rbac_enforcer.enforcer [None req-8663d0eb-f9f4-4b54-ac6c-3ebd45e592a5 None admin] RBAC: Authorization granted {{(pid=81808) enforce_call /opt/stack/keystone/keystone/common/rbac_enforcer/enforcer.py:505}}
Feb 26 16:17:16 ubuntu devstack@keystone.service[81808]: [pid: 81808|app: 0|req: 17/34] 10.201.5.82 () {56 vars in 1214 bytes} [Thu Feb 26 16:17:16 2026] GET /identity/v3/users/c982ce19d3634c65a8deaf2aa2022fe1 => generated 247 bytes in 63 msecs (HTTP/1.1 200) 5 headers in 177 bytes (1 switches on core 0)
Feb 26 16:17:16 ubuntu devstack@keystone.service[81809]: DEBUG keystone.server.flask.request_processing.middleware.auth_context [None req-d4438a24-b8e1-45d6-9b6b-52676700e1dc None admin] Authenticating user token {{(pid=81809) process_request /opt/stack/data/venv/lib/python3.10/site-packages/keystonemiddleware/auth_token/__init__.py:407}}
Feb 26 16:17:16 ubuntu devstack@keystone.service[81808]: DEBUG keystone.server.flask.request_processing.middleware.auth_context [None req-8663d0eb-f9f4-4b54-ac6c-3ebd45e592a5 None admin] Authenticating user token {{(pid=81808) process_request /opt/stack/data/venv/lib/python3.10/site-packages/keystonemiddleware/auth_token/__init__.py:407}}
Feb 26 16:17:16 ubuntu devstack@keystone.service[81809]: DEBUG keystone.server.flask.request_processing.middleware.auth_context [None req-d4438a24-b8e1-45d6-9b6b-52676700e1dc None admin] Validating token access rules against request {{(pid=81809) validate_allowed_request /opt/stack/data/venv/lib/python3.10/site-packages/keystonemiddleware/auth_token/__init__.py:545}}
Feb 26 16:17:16 ubuntu devstack@keystone.service[81808]: DEBUG keystone.server.flask.request_processing.middleware.auth_context [None req-8663d0eb-f9f4-4b54-ac6c-3ebd45e592a5 None admin] Validating token access rules against request {{(pid=81808) validate_allowed_request /opt/stack/data/venv/lib/python3.10/site-packages/keystonemiddleware/auth_token/__init__.py:545}}
Feb 26 16:17:16 ubuntu devstack@keystone.service[81809]: DEBUG keystone.server.flask.request_processing.middleware.auth_context [None req-d1cb6c78-5446-4693-a5bc-21213835cb28 None admin] RBAC: auth_context: {'token': <TokenModel (audit_id=bZQZ1KiYStmHNn54qKYmeQ, audit_chain_id=['bZQZ1KiYStmHNn54qKYmeQ']) at 0x7fc4b5ef4b20>, 'domain_id': None, 'trust_id': None, 'trustor_id': None, 'trustee_id': None, 'domain_name': None, 'group_ids': [], 'user_id': 'c982ce19d3634c65a8deaf2aa2022fe1', 'user_domain_id': 'default', 'system_scope': 'all', 'project_id': None, 'project_domain_id': None, 'roles': ['admin', 'manager', 'member', 'reader'], 'is_admin_project': True, 'service_user_id': None, 'service_user_domain_id': None, 'service_project_id': None, 'service_project_domain_id': None, 'service_roles': []} {{(pid=81809) fill_context /opt/stack/keystone/keystone/server/flask/request_processing/middleware/auth_context.py:509}}
Feb 26 16:17:16 ubuntu devstack@keystone.service[81809]: DEBUG keystone.server.flask.request_processing.req_logging [None req-d1cb6c78-5446-4693-a5bc-21213835cb28 None admin] REQUEST_METHOD: `GET` {{(pid=81809) log_request_info /opt/stack/keystone/keystone/server/flask/request_processing/req_logging.py:26}}
Feb 26 16:17:16 ubuntu devstack@keystone.service[81809]: DEBUG keystone.server.flask.request_processing.req_logging [None req-d1cb6c78-5446-4693-a5bc-21213835cb28 None admin] SCRIPT_NAME: `/identity` {{(pid=81809) log_request_info /opt/stack/keystone/keystone/server/flask/request_processing/req_logging.py:27}}
Feb 26 16:17:16 ubuntu devstack@keystone.service[81808]: DEBUG keystone.server.flask.request_processing.middleware.auth_context [None req-e34b9e80-0721-4f64-a65f-6dc338ab61ae None admin] RBAC: auth_context: {'token': <TokenModel (audit_id=UHLPUzRDQHOqzwL_jtxH-g, audit_chain_id=['UHLPUzRDQHOqzwL_jtxH-g']) at 0x7fc4b5244460>, 'domain_id': None, 'trust_id': None, 'trustor_id': None, 'trustee_id': None, 'domain_name': None, 'group_ids': [], 'user_id': 'c982ce19d3634c65a8deaf2aa2022fe1', 'user_domain_id': 'default', 'system_scope': 'all', 'project_id': None, 'project_domain_id': None, 'roles': ['admin', 'manager', 'member', 'reader'], 'is_admin_project': True, 'service_user_id': None, 'service_user_domain_id': None, 'service_project_id': None, 'service_project_domain_id': None, 'service_roles': []} {{(pid=81808) fill_context /opt/stack/keystone/keystone/server/flask/request_processing/middleware/auth_context.py:509}}
Feb 26 16:17:16 ubuntu devstack@keystone.service[81809]: DEBUG keystone.server.flask.request_processing.req_logging [None req-d1cb6c78-5446-4693-a5bc-21213835cb28 None admin] PATH_INFO: `/v3/domains` {{(pid=81809) log_request_info /opt/stack/keystone/keystone/server/flask/request_processing/req_logging.py:28}}
Feb 26 16:17:16 ubuntu devstack@keystone.service[81808]: DEBUG keystone.server.flask.request_processing.req_logging [None req-e34b9e80-0721-4f64-a65f-6dc338ab61ae None admin] REQUEST_METHOD: `GET` {{(pid=81808) log_request_info /opt/stack/keystone/keystone/server/flask/request_processing/req_logging.py:26}}
Feb 26 16:17:16 ubuntu devstack@keystone.service[81808]: DEBUG keystone.server.flask.request_processing.req_logging [None req-e34b9e80-0721-4f64-a65f-6dc338ab61ae None admin] SCRIPT_NAME: `/identity` {{(pid=81808) log_request_info /opt/stack/keystone/keystone/server/flask/request_processing/req_logging.py:27}}
Feb 26 16:17:16 ubuntu devstack@keystone.service[81808]: DEBUG keystone.server.flask.request_processing.req_logging [None req-e34b9e80-0721-4f64-a65f-6dc338ab61ae None admin] PATH_INFO: `/v3/domains/default` {{(pid=81808) log_request_info /opt/stack/keystone/keystone/server/flask/request_processing/req_logging.py:28}}
Feb 26 16:17:16 ubuntu devstack@keystone.service[81808]: DEBUG keystone.common.rbac_enforcer.enforcer [None req-e34b9e80-0721-4f64-a65f-6dc338ab61ae None admin] RBAC: Authorizing `identity:get_domain(domain_id=default)` {{(pid=81808) enforce_call /opt/stack/keystone/keystone/common/rbac_enforcer/enforcer.py:494}}
Feb 26 16:17:16 ubuntu devstack@keystone.service[81809]: DEBUG keystone.common.rbac_enforcer.enforcer [None req-d1cb6c78-5446-4693-a5bc-21213835cb28 None admin] RBAC: Adding query filter params (name=Default) {{(pid=81809) _extract_filter_values /opt/stack/keystone/keystone/common/rbac_enforcer/enforcer.py:176}}
Feb 26 16:17:16 ubuntu devstack@keystone.service[81809]: DEBUG keystone.common.rbac_enforcer.enforcer [None req-d1cb6c78-5446-4693-a5bc-21213835cb28 None admin] RBAC: Authorizing `identity:list_domains()` {{(pid=81809) enforce_call /opt/stack/keystone/keystone/common/rbac_enforcer/enforcer.py:494}}
Feb 26 16:17:16 ubuntu devstack@keystone.service[81808]: DEBUG keystone.common.rbac_enforcer.enforcer [None req-e34b9e80-0721-4f64-a65f-6dc338ab61ae None admin] RBAC: Authorization granted {{(pid=81808) enforce_call /opt/stack/keystone/keystone/common/rbac_enforcer/enforcer.py:505}}
Feb 26 16:17:16 ubuntu devstack@keystone.service[81809]: DEBUG keystone.common.rbac_enforcer.enforcer [None req-d1cb6c78-5446-4693-a5bc-21213835cb28 None admin] RBAC: Authorization granted {{(pid=81809) enforce_call /opt/stack/keystone/keystone/common/rbac_enforcer/enforcer.py:505}}
Feb 26 16:17:16 ubuntu devstack@keystone.service[81808]: [pid: 81808|app: 0|req: 18/35] 10.201.5.82 () {56 vars in 1145 bytes} [Thu Feb 26 16:17:16 2026] GET /identity/v3/domains/default => generated 199 bytes in 63 msecs (HTTP/1.1 200) 5 headers in 177 bytes (1 switches on core 0)
Feb 26 16:17:16 ubuntu devstack@keystone.service[81808]: DEBUG keystone.server.flask.request_processing.middleware.auth_context [None req-e34b9e80-0721-4f64-a65f-6dc338ab61ae None admin] Authenticating user token {{(pid=81808) process_request /opt/stack/data/venv/lib/python3.10/site-packages/keystonemiddleware/auth_token/__init__.py:407}}
Feb 26 16:17:16 ubuntu devstack@keystone.service[81809]: [pid: 81809|app: 0|req: 18/36] 10.201.5.82 () {56 vars in 1159 bytes} [Thu Feb 26 16:17:16 2026] GET /identity/v3/domains?name=Default => generated 308 bytes in 75 msecs (HTTP/1.1 200) 5 headers in 177 bytes (2 switches on core 0)
Feb 26 16:17:16 ubuntu devstack@keystone.service[81809]: DEBUG keystone.server.flask.request_processing.middleware.auth_context [None req-d1cb6c78-5446-4693-a5bc-21213835cb28 None admin] Authenticating user token {{(pid=81809) process_request /opt/stack/data/venv/lib/python3.10/site-packages/keystonemiddleware/auth_token/__init__.py:407}}
Feb 26 16:17:16 ubuntu devstack@keystone.service[81808]: DEBUG keystone.server.flask.request_processing.middleware.auth_context [None req-e34b9e80-0721-4f64-a65f-6dc338ab61ae None admin] Validating token access rules against request {{(pid=81808) validate_allowed_request /opt/stack/data/venv/lib/python3.10/site-packages/keystonemiddleware/auth_token/__init__.py:545}}
Feb 26 16:17:16 ubuntu devstack@keystone.service[81809]: DEBUG keystone.server.flask.request_processing.middleware.auth_context [None req-d1cb6c78-5446-4693-a5bc-21213835cb28 None admin] Validating token access rules against request {{(pid=81809) validate_allowed_request /opt/stack/data/venv/lib/python3.10/site-packages/keystonemiddleware/auth_token/__init__.py:545}}
Feb 26 16:17:16 ubuntu devstack@keystone.service[81808]: DEBUG keystone.server.flask.request_processing.middleware.auth_context [None req-cf329237-b39b-4f40-84ad-38eb13f6a96d None admin] RBAC: auth_context: {'token': <TokenModel (audit_id=fIE64xxOQby3gemtbMo49w, audit_chain_id=['fIE64xxOQby3gemtbMo49w']) at 0x7fc4b5588700>, 'domain_id': None, 'trust_id': None, 'trustor_id': None, 'trustee_id': None, 'domain_name': None, 'group_ids': [], 'user_id': 'c982ce19d3634c65a8deaf2aa2022fe1', 'user_domain_id': 'default', 'system_scope': 'all', 'project_id': None, 'project_domain_id': None, 'roles': ['admin', 'manager', 'member', 'reader'], 'is_admin_project': True, 'service_user_id': None, 'service_user_domain_id': None, 'service_project_id': None, 'service_project_domain_id': None, 'service_roles': []} {{(pid=81808) fill_context /opt/stack/keystone/keystone/server/flask/request_processing/middleware/auth_context.py:509}}
Feb 26 16:17:16 ubuntu devstack@keystone.service[81808]: DEBUG keystone.server.flask.request_processing.req_logging [None req-cf329237-b39b-4f40-84ad-38eb13f6a96d None admin] REQUEST_METHOD: `POST` {{(pid=81808) log_request_info /opt/stack/keystone/keystone/server/flask/request_processing/req_logging.py:26}}
Feb 26 16:17:16 ubuntu devstack@keystone.service[81808]: DEBUG keystone.server.flask.request_processing.req_logging [None req-cf329237-b39b-4f40-84ad-38eb13f6a96d None admin] SCRIPT_NAME: `/identity` {{(pid=81808) log_request_info /opt/stack/keystone/keystone/server/flask/request_processing/req_logging.py:27}}
Feb 26 16:17:16 ubuntu devstack@keystone.service[81808]: DEBUG keystone.server.flask.request_processing.req_logging [None req-cf329237-b39b-4f40-84ad-38eb13f6a96d None admin] PATH_INFO: `/v3/roles` {{(pid=81808) log_request_info /opt/stack/keystone/keystone/server/flask/request_processing/req_logging.py:28}}
Feb 26 16:17:16 ubuntu devstack@keystone.service[81808]: DEBUG keystone.common.rbac_enforcer.enforcer [None req-cf329237-b39b-4f40-84ad-38eb13f6a96d None admin] RBAC: Authorizing `identity:create_role()` {{(pid=81808) enforce_call /opt/stack/keystone/keystone/common/rbac_enforcer/enforcer.py:494}}
Feb 26 16:17:16 ubuntu devstack@keystone.service[81808]: DEBUG keystone.common.rbac_enforcer.enforcer [None req-cf329237-b39b-4f40-84ad-38eb13f6a96d None admin] RBAC: Authorization granted {{(pid=81808) enforce_call /opt/stack/keystone/keystone/common/rbac_enforcer/enforcer.py:505}}
Feb 26 16:17:16 ubuntu devstack@keystone.service[81809]: DEBUG keystone.server.flask.request_processing.middleware.auth_context [None req-24d60228-8546-499b-8fe7-0434b7db8e46 None admin] RBAC: auth_context: {'token': <TokenModel (audit_id=UHLPUzRDQHOqzwL_jtxH-g, audit_chain_id=['UHLPUzRDQHOqzwL_jtxH-g']) at 0x7fc4b5552200>, 'domain_id': None, 'trust_id': None, 'trustor_id': None, 'trustee_id': None, 'domain_name': None, 'group_ids': [], 'user_id': 'c982ce19d3634c65a8deaf2aa2022fe1', 'user_domain_id': 'default', 'system_scope': 'all', 'project_id': None, 'project_domain_id': None, 'roles': ['admin', 'manager', 'member', 'reader'], 'is_admin_project': True, 'service_user_id': None, 'service_user_domain_id': None, 'service_project_id': None, 'service_project_domain_id': None, 'service_roles': []} {{(pid=81809) fill_context /opt/stack/keystone/keystone/server/flask/request_processing/middleware/auth_context.py:509}}
Feb 26 16:17:16 ubuntu devstack@keystone.service[81809]: DEBUG keystone.server.flask.request_processing.req_logging [None req-24d60228-8546-499b-8fe7-0434b7db8e46 None admin] REQUEST_METHOD: `GET` {{(pid=81809) log_request_info /opt/stack/keystone/keystone/server/flask/request_processing/req_logging.py:26}}
Feb 26 16:17:16 ubuntu devstack@keystone.service[81809]: DEBUG keystone.server.flask.request_processing.req_logging [None req-24d60228-8546-499b-8fe7-0434b7db8e46 None admin] SCRIPT_NAME: `/identity` {{(pid=81809) log_request_info /opt/stack/keystone/keystone/server/flask/request_processing/req_logging.py:27}}
Feb 26 16:17:16 ubuntu devstack@keystone.service[81809]: DEBUG keystone.server.flask.request_processing.req_logging [None req-24d60228-8546-499b-8fe7-0434b7db8e46 None admin] PATH_INFO: `/v3/role_assignments` {{(pid=81809) log_request_info /opt/stack/keystone/keystone/server/flask/request_processing/req_logging.py:28}}
Feb 26 16:17:16 ubuntu devstack@keystone.service[81808]: DEBUG keystone.common.sql.core [None req-cf329237-b39b-4f40-84ad-38eb13f6a96d None admin] Conflict role: (pymysql.err.IntegrityError) (1062, "Duplicate entry 'service-<<null>>' for key 'role.ixu_role_name_domain_id'")
Feb 26 16:17:16 ubuntu devstack@keystone.service[81808]: [SQL: INSERT INTO `role` (id, name, description, extra) VALUES (%(id)s, %(name)s, %(description)s, %(extra)s)]
Feb 26 16:17:16 ubuntu devstack@keystone.service[81808]: [parameters: {'id': '43870ce867b54a38b1bb544c75f5553f', 'name': 'service', 'description': None, 'extra': '{}'}]
Feb 26 16:17:16 ubuntu devstack@keystone.service[81808]: (Background on this error at: https://sqlalche.me/e/20/gkpj) {{(pid=81808) wrapper /opt/stack/keystone/keystone/common/sql/core.py:580}}
Feb 26 16:17:16 ubuntu devstack@keystone.service[81809]: DEBUG keystone.common.rbac_enforcer.enforcer [None req-24d60228-8546-499b-8fe7-0434b7db8e46 None admin] RBAC: Adding query filter params (role.id=28dc342b779444839b0ed2c886a2092e, scope.domain.id=default, user.id=c982ce19d3634c65a8deaf2aa2022fe1) {{(pid=81809) _extract_filter_values /opt/stack/keystone/keystone/common/rbac_enforcer/enforcer.py:176}}
Feb 26 16:17:16 ubuntu devstack@keystone.service[81809]: DEBUG keystone.common.rbac_enforcer.enforcer [None req-24d60228-8546-499b-8fe7-0434b7db8e46 None admin] RBAC: Authorizing `identity:list_role_assignments()` {{(pid=81809) enforce_call /opt/stack/keystone/keystone/common/rbac_enforcer/enforcer.py:494}}
Feb 26 16:17:16 ubuntu devstack@keystone.service[81809]: DEBUG keystone.common.rbac_enforcer.enforcer [None req-24d60228-8546-499b-8fe7-0434b7db8e46 None admin] RBAC: Authorization granted {{(pid=81809) enforce_call /opt/stack/keystone/keystone/common/rbac_enforcer/enforcer.py:505}}
Feb 26 16:17:16 ubuntu devstack@keystone.service[81808]: ERROR keystone.server.flask.application [None req-cf329237-b39b-4f40-84ad-38eb13f6a96d None admin] Conflict occurred attempting to store role - Duplicate entry found with name service.: keystone.exception.Conflict: Conflict occurred attempting to store role - Duplicate entry found with name service.
Feb 26 16:17:16 ubuntu devstack@keystone.service[81808]: ERROR keystone.server.flask.application Traceback (most recent call last):
Feb 26 16:17:16 ubuntu devstack@keystone.service[81808]: ERROR keystone.server.flask.application   File "/opt/stack/data/venv/lib/python3.10/site-packages/sqlalchemy/engine/base.py", line 1967, in _exec_single_context
Feb 26 16:17:16 ubuntu devstack@keystone.service[81808]: ERROR keystone.server.flask.application     self.dialect.do_execute(
Feb 26 16:17:16 ubuntu devstack@keystone.service[81808]: ERROR keystone.server.flask.application   File "/opt/stack/data/venv/lib/python3.10/site-packages/sqlalchemy/engine/default.py", line 952, in do_execute
Feb 26 16:17:16 ubuntu devstack@keystone.service[81808]: ERROR keystone.server.flask.application     cursor.execute(statement, parameters)
Feb 26 16:17:16 ubuntu devstack@keystone.service[81808]: ERROR keystone.server.flask.application   File "/opt/stack/data/venv/lib/python3.10/site-packages/pymysql/cursors.py", line 153, in execute
Feb 26 16:17:16 ubuntu devstack@keystone.service[81808]: ERROR keystone.server.flask.application     result = self._query(query)
Feb 26 16:17:16 ubuntu devstack@keystone.service[81808]: ERROR keystone.server.flask.application   File "/opt/stack/data/venv/lib/python3.10/site-packages/pymysql/cursors.py", line 322, in _query
Feb 26 16:17:16 ubuntu devstack@keystone.service[81808]: ERROR keystone.server.flask.application     conn.query(q)
Feb 26 16:17:16 ubuntu devstack@keystone.service[81808]: ERROR keystone.server.flask.application   File "/opt/stack/data/venv/lib/python3.10/site-packages/pymysql/connections.py", line 575, in query
Feb 26 16:17:16 ubuntu devstack@keystone.service[81808]: ERROR keystone.server.flask.application     self._affected_rows = self._read_query_result(unbuffered=unbuffered)
Feb 26 16:17:16 ubuntu devstack@keystone.service[81808]: ERROR keystone.server.flask.application   File "/opt/stack/data/venv/lib/python3.10/site-packages/pymysql/connections.py", line 826, in _read_query_result
Feb 26 16:17:16 ubuntu devstack@keystone.service[81808]: ERROR keystone.server.flask.application     result.read()
Feb 26 16:17:16 ubuntu devstack@keystone.service[81808]: ERROR keystone.server.flask.application   File "/opt/stack/data/venv/lib/python3.10/site-packages/pymysql/connections.py", line 1203, in read
Feb 26 16:17:16 ubuntu devstack@keystone.service[81808]: ERROR keystone.server.flask.application     first_packet = self.connection._read_packet()
Feb 26 16:17:16 ubuntu devstack@keystone.service[81808]: ERROR keystone.server.flask.application   File "/opt/stack/data/venv/lib/python3.10/site-packages/pymysql/connections.py", line 782, in _read_packet
Feb 26 16:17:16 ubuntu devstack@keystone.service[81808]: ERROR keystone.server.flask.application     packet.raise_for_error()
Feb 26 16:17:16 ubuntu devstack@keystone.service[81808]: ERROR keystone.server.flask.application   File "/opt/stack/data/venv/lib/python3.10/site-packages/pymysql/protocol.py", line 219, in raise_for_error
Feb 26 16:17:16 ubuntu devstack@keystone.service[81808]: ERROR keystone.server.flask.application     err.raise_mysql_exception(self._data)
Feb 26 16:17:16 ubuntu devstack@keystone.service[81808]: ERROR keystone.server.flask.application   File "/opt/stack/data/venv/lib/python3.10/site-packages/pymysql/err.py", line 150, in raise_mysql_exception
Feb 26 16:17:16 ubuntu devstack@keystone.service[81808]: ERROR keystone.server.flask.application     raise errorclass(errno, errval)
Feb 26 16:17:16 ubuntu devstack@keystone.service[81808]: ERROR keystone.server.flask.application pymysql.err.IntegrityError: (1062, "Duplicate entry 'service-<<null>>' for key 'role.ixu_role_name_domain_id'")
Feb 26 16:17:16 ubuntu devstack@keystone.service[81808]: ERROR keystone.server.flask.application 
Feb 26 16:17:16 ubuntu devstack@keystone.service[81808]: ERROR keystone.server.flask.application The above exception was the direct cause of the following exception:
Feb 26 16:17:16 ubuntu devstack@keystone.service[81808]: ERROR keystone.server.flask.application 
Feb 26 16:17:16 ubuntu devstack@keystone.service[81808]: ERROR keystone.server.flask.application Traceback (most recent call last):
Feb 26 16:17:16 ubuntu devstack@keystone.service[81808]: ERROR keystone.server.flask.application   File "/opt/stack/keystone/keystone/common/sql/core.py", line 575, in wrapper
Feb 26 16:17:16 ubuntu devstack@keystone.service[81808]: ERROR keystone.server.flask.application     return method(*args, **kwargs)
Feb 26 16:17:16 ubuntu devstack@keystone.service[81808]: ERROR keystone.server.flask.application   File "/opt/stack/keystone/keystone/assignment/role_backends/sql.py", line 25, in create_role
Feb 26 16:17:16 ubuntu devstack@keystone.service[81808]: ERROR keystone.server.flask.application     with sql.session_for_write() as session:
Feb 26 16:17:16 ubuntu devstack@keystone.service[81808]: ERROR keystone.server.flask.application   File "/usr/lib/python3.10/contextlib.py", line 142, in __exit__
Feb 26 16:17:16 ubuntu devstack@keystone.service[81808]: ERROR keystone.server.flask.application     next(self.gen)
Feb 26 16:17:16 ubuntu devstack@keystone.service[81808]: ERROR keystone.server.flask.application   File "/opt/stack/data/venv/lib/python3.10/site-packages/oslo_db/sqlalchemy/enginefacade.py", line 1175, in _transaction_scope
Feb 26 16:17:16 ubuntu devstack@keystone.service[81808]: ERROR keystone.server.flask.application     with current._produce_block(
Feb 26 16:17:16 ubuntu devstack@keystone.service[81808]: ERROR keystone.server.flask.application   File "/usr/lib/python3.10/contextlib.py", line 142, in __exit__
Feb 26 16:17:16 ubuntu devstack@keystone.service[81808]: ERROR keystone.server.flask.application     next(self.gen)
Feb 26 16:17:16 ubuntu devstack@keystone.service[81808]: ERROR keystone.server.flask.application   File "/opt/stack/data/venv/lib/python3.10/site-packages/oslo_db/sqlalchemy/enginefacade.py", line 837, in _session
Feb 26 16:17:16 ubuntu devstack@keystone.service[81808]: ERROR keystone.server.flask.application     with excutils.save_and_reraise_exception():
Feb 26 16:17:16 ubuntu devstack@keystone.service[81808]: ERROR keystone.server.flask.application   File "/opt/stack/data/venv/lib/python3.10/site-packages/oslo_utils/excutils.py", line 267, in __exit__
Feb 26 16:17:16 ubuntu devstack@keystone.service[81808]: ERROR keystone.server.flask.application     self.force_reraise()
Feb 26 16:17:16 ubuntu devstack@keystone.service[81808]: ERROR keystone.server.flask.application   File "/opt/stack/data/venv/lib/python3.10/site-packages/oslo_utils/excutils.py", line 233, in force_reraise
Feb 26 16:17:16 ubuntu devstack@keystone.service[81808]: ERROR keystone.server.flask.application     raise self.value
Feb 26 16:17:16 ubuntu devstack@keystone.service[81808]: ERROR keystone.server.flask.application   File "/opt/stack/data/venv/lib/python3.10/site-packages/oslo_db/sqlalchemy/enginefacade.py", line 835, in _session
Feb 26 16:17:16 ubuntu devstack@keystone.service[81808]: ERROR keystone.server.flask.application     self._end_session_transaction(self.session)
Feb 26 16:17:16 ubuntu devstack@keystone.service[81808]: ERROR keystone.server.flask.application   File "/opt/stack/data/venv/lib/python3.10/site-packages/oslo_db/sqlalchemy/enginefacade.py", line 748, in _end_session_transaction
Feb 26 16:17:16 ubuntu devstack@keystone.service[81808]: ERROR keystone.server.flask.application     session.commit()
Feb 26 16:17:16 ubuntu devstack@keystone.service[81808]: ERROR keystone.server.flask.application   File "/opt/stack/data/venv/lib/python3.10/site-packages/sqlalchemy/orm/session.py", line 2030, in commit
Feb 26 16:17:16 ubuntu devstack@keystone.service[81808]: ERROR keystone.server.flask.application     trans.commit(_to_root=True)
