Mar 31 05:03:15 ubuntu devstack@keystone.service[81980]: ERROR keystone.server.flask.application   File "/opt/stack/data/venv/lib/python3.10/site-packages/sqlalchemy/orm/session.py", line 4427, in _flush
Mar 31 05:03:15 ubuntu devstack@keystone.service[81980]: ERROR keystone.server.flask.application     flush_context.execute()
Mar 31 05:03:15 ubuntu devstack@keystone.service[81980]: ERROR keystone.server.flask.application   File "/opt/stack/data/venv/lib/python3.10/site-packages/sqlalchemy/orm/unitofwork.py", line 466, in execute
Mar 31 05:03:15 ubuntu devstack@keystone.service[81980]: ERROR keystone.server.flask.application     rec.execute(self)
Mar 31 05:03:15 ubuntu devstack@keystone.service[81980]: ERROR keystone.server.flask.application   File "/opt/stack/data/venv/lib/python3.10/site-packages/sqlalchemy/orm/unitofwork.py", line 642, in execute
Mar 31 05:03:15 ubuntu devstack@keystone.service[81980]: ERROR keystone.server.flask.application     util.preloaded.orm_persistence.save_obj(
Mar 31 05:03:15 ubuntu devstack@keystone.service[81980]: ERROR keystone.server.flask.application   File "/opt/stack/data/venv/lib/python3.10/site-packages/sqlalchemy/orm/persistence.py", line 93, in save_obj
Mar 31 05:03:15 ubuntu devstack@keystone.service[81980]: ERROR keystone.server.flask.application     _emit_insert_statements(
Mar 31 05:03:15 ubuntu devstack@keystone.service[81980]: ERROR keystone.server.flask.application   File "/opt/stack/data/venv/lib/python3.10/site-packages/sqlalchemy/orm/persistence.py", line 1048, in _emit_insert_statements
Mar 31 05:03:15 ubuntu devstack@keystone.service[81980]: ERROR keystone.server.flask.application     result = connection.execute(
Mar 31 05:03:15 ubuntu devstack@keystone.service[81980]: ERROR keystone.server.flask.application   File "/opt/stack/data/venv/lib/python3.10/site-packages/sqlalchemy/engine/base.py", line 1419, in execute
Mar 31 05:03:15 ubuntu devstack@keystone.service[81980]: ERROR keystone.server.flask.application     return meth(
Mar 31 05:03:15 ubuntu devstack@keystone.service[81980]: ERROR keystone.server.flask.application   File "/opt/stack/data/venv/lib/python3.10/site-packages/sqlalchemy/sql/elements.py", line 527, in _execute_on_connection
Mar 31 05:03:15 ubuntu devstack@keystone.service[81980]: ERROR keystone.server.flask.application     return connection._execute_clauseelement(
Mar 31 05:03:15 ubuntu devstack@keystone.service[81980]: ERROR keystone.server.flask.application   File "/opt/stack/data/venv/lib/python3.10/site-packages/sqlalchemy/engine/base.py", line 1641, in _execute_clauseelement
Mar 31 05:03:15 ubuntu devstack@keystone.service[81980]: ERROR keystone.server.flask.application     ret = self._execute_context(
Mar 31 05:03:15 ubuntu devstack@keystone.service[81980]: ERROR keystone.server.flask.application   File "/opt/stack/data/venv/lib/python3.10/site-packages/sqlalchemy/engine/base.py", line 1846, in _execute_context
Mar 31 05:03:15 ubuntu devstack@keystone.service[81980]: ERROR keystone.server.flask.application     return self._exec_single_context(
Mar 31 05:03:15 ubuntu devstack@keystone.service[81980]: ERROR keystone.server.flask.application   File "/opt/stack/data/venv/lib/python3.10/site-packages/sqlalchemy/engine/base.py", line 1986, in _exec_single_context
Mar 31 05:03:15 ubuntu devstack@keystone.service[81980]: ERROR keystone.server.flask.application     self._handle_dbapi_exception(
Mar 31 05:03:15 ubuntu devstack@keystone.service[81980]: ERROR keystone.server.flask.application   File "/opt/stack/data/venv/lib/python3.10/site-packages/sqlalchemy/engine/base.py", line 2360, in _handle_dbapi_exception
Mar 31 05:03:15 ubuntu devstack@keystone.service[81980]: ERROR keystone.server.flask.application     raise newraise.with_traceback(exc_info[2]) from e
Mar 31 05:03:15 ubuntu devstack@keystone.service[81980]: ERROR keystone.server.flask.application   File "/opt/stack/data/venv/lib/python3.10/site-packages/sqlalchemy/engine/base.py", line 1967, in _exec_single_context
Mar 31 05:03:15 ubuntu devstack@keystone.service[81980]: ERROR keystone.server.flask.application     self.dialect.do_execute(
Mar 31 05:03:15 ubuntu devstack@keystone.service[81980]: ERROR keystone.server.flask.application   File "/opt/stack/data/venv/lib/python3.10/site-packages/sqlalchemy/engine/default.py", line 952, in do_execute
Mar 31 05:03:15 ubuntu devstack@keystone.service[81980]: ERROR keystone.server.flask.application     cursor.execute(statement, parameters)
Mar 31 05:03:15 ubuntu devstack@keystone.service[81980]: ERROR keystone.server.flask.application   File "/opt/stack/data/venv/lib/python3.10/site-packages/pymysql/cursors.py", line 153, in execute
Mar 31 05:03:15 ubuntu devstack@keystone.service[81980]: ERROR keystone.server.flask.application     result = self._query(query)
Mar 31 05:03:15 ubuntu devstack@keystone.service[81980]: ERROR keystone.server.flask.application   File "/opt/stack/data/venv/lib/python3.10/site-packages/pymysql/cursors.py", line 322, in _query
Mar 31 05:03:15 ubuntu devstack@keystone.service[81980]: ERROR keystone.server.flask.application     conn.query(q)
Mar 31 05:03:15 ubuntu devstack@keystone.service[81980]: ERROR keystone.server.flask.application   File "/opt/stack/data/venv/lib/python3.10/site-packages/pymysql/connections.py", line 575, in query
Mar 31 05:03:15 ubuntu devstack@keystone.service[81980]: ERROR keystone.server.flask.application     self._affected_rows = self._read_query_result(unbuffered=unbuffered)
Mar 31 05:03:15 ubuntu devstack@keystone.service[81980]: ERROR keystone.server.flask.application   File "/opt/stack/data/venv/lib/python3.10/site-packages/pymysql/connections.py", line 826, in _read_query_result
Mar 31 05:03:15 ubuntu devstack@keystone.service[81980]: ERROR keystone.server.flask.application     result.read()
Mar 31 05:03:15 ubuntu devstack@keystone.service[81980]: ERROR keystone.server.flask.application   File "/opt/stack/data/venv/lib/python3.10/site-packages/pymysql/connections.py", line 1203, in read
Mar 31 05:03:15 ubuntu devstack@keystone.service[81980]: ERROR keystone.server.flask.application     first_packet = self.connection._read_packet()
Mar 31 05:03:15 ubuntu devstack@keystone.service[81980]: ERROR keystone.server.flask.application   File "/opt/stack/data/venv/lib/python3.10/site-packages/pymysql/connections.py", line 782, in _read_packet
Mar 31 05:03:15 ubuntu devstack@keystone.service[81980]: ERROR keystone.server.flask.application     packet.raise_for_error()
Mar 31 05:03:15 ubuntu devstack@keystone.service[81980]: ERROR keystone.server.flask.application   File "/opt/stack/data/venv/lib/python3.10/site-packages/pymysql/protocol.py", line 219, in raise_for_error
Mar 31 05:03:15 ubuntu devstack@keystone.service[81980]: ERROR keystone.server.flask.application     err.raise_mysql_exception(self._data)
Mar 31 05:03:15 ubuntu devstack@keystone.service[81980]: ERROR keystone.server.flask.application   File "/opt/stack/data/venv/lib/python3.10/site-packages/pymysql/err.py", line 150, in raise_mysql_exception
Mar 31 05:03:15 ubuntu devstack@keystone.service[81980]: ERROR keystone.server.flask.application     raise errorclass(errno, errval)
Mar 31 05:03:15 ubuntu devstack@keystone.service[81980]: ERROR keystone.server.flask.application oslo_db.exception.DBDuplicateEntry: (pymysql.err.IntegrityError) (1062, "Duplicate entry 'service-<<null>>' for key 'role.ixu_role_name_domain_id'")
Mar 31 05:03:15 ubuntu devstack@keystone.service[81980]: ERROR keystone.server.flask.application [SQL: INSERT INTO `role` (id, name, description, extra) VALUES (%(id)s, %(name)s, %(description)s, %(extra)s)]
Mar 31 05:03:15 ubuntu devstack@keystone.service[81980]: ERROR keystone.server.flask.application [parameters: {'id': 'dfd0191df3ab422087301031a5a9cb51', 'name': 'service', 'description': None, 'extra': '{}'}]
Mar 31 05:03:15 ubuntu devstack@keystone.service[81980]: ERROR keystone.server.flask.application (Background on this error at: https://sqlalche.me/e/20/gkpj)
Mar 31 05:03:15 ubuntu devstack@keystone.service[81980]: ERROR keystone.server.flask.application 
Mar 31 05:03:15 ubuntu devstack@keystone.service[81980]: ERROR keystone.server.flask.application During handling of the above exception, another exception occurred:
Mar 31 05:03:15 ubuntu devstack@keystone.service[81980]: ERROR keystone.server.flask.application 
Mar 31 05:03:15 ubuntu devstack@keystone.service[81980]: ERROR keystone.server.flask.application Traceback (most recent call last):
Mar 31 05:03:15 ubuntu devstack@keystone.service[81980]: ERROR keystone.server.flask.application   File "/opt/stack/data/venv/lib/python3.10/site-packages/flask/app.py", line 917, in full_dispatch_request
Mar 31 05:03:15 ubuntu devstack@keystone.service[81980]: ERROR keystone.server.flask.application     rv = self.dispatch_request()
Mar 31 05:03:15 ubuntu devstack@keystone.service[81980]: ERROR keystone.server.flask.application   File "/opt/stack/data/venv/lib/python3.10/site-packages/flask/app.py", line 902, in dispatch_request
Mar 31 05:03:15 ubuntu devstack@keystone.service[81980]: ERROR keystone.server.flask.application     return self.ensure_sync(self.view_functions[rule.endpoint])(**view_args)  # type: ignore[no-any-return]
Mar 31 05:03:15 ubuntu devstack@keystone.service[81980]: ERROR keystone.server.flask.application   File "/opt/stack/data/venv/lib/python3.10/site-packages/flask_restful/__init__.py", line 489, in wrapper
Mar 31 05:03:15 ubuntu devstack@keystone.service[81980]: ERROR keystone.server.flask.application     resp = resource(*args, **kwargs)
Mar 31 05:03:15 ubuntu devstack@keystone.service[81980]: ERROR keystone.server.flask.application   File "/opt/stack/data/venv/lib/python3.10/site-packages/flask/views.py", line 110, in view
Mar 31 05:03:15 ubuntu devstack@keystone.service[81980]: ERROR keystone.server.flask.application     return current_app.ensure_sync(self.dispatch_request)(**kwargs)  # type: ignore[no-any-return]
Mar 31 05:03:15 ubuntu devstack@keystone.service[81980]: ERROR keystone.server.flask.application   File "/opt/stack/data/venv/lib/python3.10/site-packages/flask_restful/__init__.py", line 604, in dispatch_request
Mar 31 05:03:15 ubuntu devstack@keystone.service[81980]: ERROR keystone.server.flask.application     resp = meth(*args, **kwargs)
Mar 31 05:03:15 ubuntu devstack@keystone.service[81980]: ERROR keystone.server.flask.application   File "/opt/stack/keystone/keystone/api/validation/__init__.py", line 86, in wrapper
Mar 31 05:03:15 ubuntu devstack@keystone.service[81980]: ERROR keystone.server.flask.application     return func(*args, **kwargs)
Mar 31 05:03:15 ubuntu devstack@keystone.service[81980]: ERROR keystone.server.flask.application   File "/opt/stack/keystone/keystone/api/validation/__init__.py", line 145, in wrapper
Mar 31 05:03:15 ubuntu devstack@keystone.service[81980]: ERROR keystone.server.flask.application     response = func(*args, **kwargs)
Mar 31 05:03:15 ubuntu devstack@keystone.service[81980]: ERROR keystone.server.flask.application   File "/opt/stack/keystone/keystone/api/roles.py", line 91, in post
Mar 31 05:03:15 ubuntu devstack@keystone.service[81980]: ERROR keystone.server.flask.application     ref = PROVIDERS.role_api.create_role(
Mar 31 05:03:15 ubuntu devstack@keystone.service[81980]: ERROR keystone.server.flask.application   File "/opt/stack/keystone/keystone/common/manager.py", line 114, in wrapped
Mar 31 05:03:15 ubuntu devstack@keystone.service[81980]: ERROR keystone.server.flask.application     __ret_val = __f(*args, **kwargs)
Mar 31 05:03:15 ubuntu devstack@keystone.service[81980]: ERROR keystone.server.flask.application   File "/opt/stack/keystone/keystone/assignment/core.py", line 1526, in create_role
Mar 31 05:03:15 ubuntu devstack@keystone.service[81980]: ERROR keystone.server.flask.application     ret = self.driver.create_role(role_id, role)
Mar 31 05:03:15 ubuntu devstack@keystone.service[81980]: ERROR keystone.server.flask.application   File "/opt/stack/keystone/keystone/common/sql/core.py", line 614, in wrapper
Mar 31 05:03:15 ubuntu devstack@keystone.service[81980]: ERROR keystone.server.flask.application     raise exception.Conflict(type=conflict_type, details=msg)
Mar 31 05:03:15 ubuntu devstack@keystone.service[81980]: ERROR keystone.server.flask.application keystone.exception.Conflict: Conflict occurred attempting to store role - Duplicate entry found with name service.
Mar 31 05:03:15 ubuntu devstack@keystone.service[81980]: ERROR keystone.server.flask.application 
Mar 31 05:03:15 ubuntu devstack@keystone.service[81980]: [pid: 81980|app: 0|req: 20/37] 10.201.5.82 () {60 vars in 1168 bytes} [Tue Mar 31 05:03:15 2026] POST /identity/v3/roles => generated 140 bytes in 64 msecs (HTTP/1.1 409) 5 headers in 183 bytes (1 switches on core 0)
Mar 31 05:03:15 ubuntu devstack@keystone.service[81980]: DEBUG keystone.server.flask.request_processing.middleware.auth_context [None req-ffa56e80-a055-422e-892b-f19998d1f5fc None admin] Authenticating user token {{(pid=81980) process_request /opt/stack/data/venv/lib/python3.10/site-packages/keystonemiddleware/auth_token/__init__.py:407}}
Mar 31 05:03:15 ubuntu devstack@keystone.service[81979]: DEBUG keystone.server.flask.request_processing.middleware.auth_context [None req-b95ed842-c0d3-4469-8409-a40c1cc24a7b None admin] RBAC: auth_context: {'token': <TokenModel (audit_id=I1RMgitfRxezygs6uEAANA, audit_chain_id=['I1RMgitfRxezygs6uEAANA']) at 0x7f3ed6506c50>, 'domain_id': None, 'trust_id': None, 'trustor_id': None, 'trustee_id': None, 'domain_name': None, 'group_ids': [], 'user_id': '9b62ec1f34014a3c8e67f756d7bacd25', 'user_domain_id': 'default', 'system_scope': 'all', 'project_id': None, 'project_domain_id': None, 'roles': ['admin', 'manager', 'member', 'reader'], 'is_admin_project': True, 'service_user_id': None, 'service_user_domain_id': None, 'service_project_id': None, 'service_project_domain_id': None, 'service_roles': []} {{(pid=81979) fill_context /opt/stack/keystone/keystone/server/flask/request_processing/middleware/auth_context.py:509}}
Mar 31 05:03:15 ubuntu devstack@keystone.service[81979]: DEBUG keystone.server.flask.request_processing.req_logging [None req-b95ed842-c0d3-4469-8409-a40c1cc24a7b None admin] REQUEST_METHOD: `GET` {{(pid=81979) log_request_info /opt/stack/keystone/keystone/server/flask/request_processing/req_logging.py:26}}
Mar 31 05:03:15 ubuntu devstack@keystone.service[81979]: DEBUG keystone.server.flask.request_processing.req_logging [None req-b95ed842-c0d3-4469-8409-a40c1cc24a7b None admin] SCRIPT_NAME: `/identity` {{(pid=81979) log_request_info /opt/stack/keystone/keystone/server/flask/request_processing/req_logging.py:27}}
Mar 31 05:03:15 ubuntu devstack@keystone.service[81979]: DEBUG keystone.server.flask.request_processing.req_logging [None req-b95ed842-c0d3-4469-8409-a40c1cc24a7b None admin] PATH_INFO: `/v3/domains` {{(pid=81979) log_request_info /opt/stack/keystone/keystone/server/flask/request_processing/req_logging.py:28}}
Mar 31 05:03:15 ubuntu devstack@keystone.service[81979]: DEBUG keystone.common.rbac_enforcer.enforcer [None req-b95ed842-c0d3-4469-8409-a40c1cc24a7b None admin] RBAC: Adding query filter params (name=Default) {{(pid=81979) _extract_filter_values /opt/stack/keystone/keystone/common/rbac_enforcer/enforcer.py:176}}
Mar 31 05:03:15 ubuntu devstack@keystone.service[81979]: DEBUG keystone.common.rbac_enforcer.enforcer [None req-b95ed842-c0d3-4469-8409-a40c1cc24a7b None admin] RBAC: Authorizing `identity:list_domains()` {{(pid=81979) enforce_call /opt/stack/keystone/keystone/common/rbac_enforcer/enforcer.py:494}}
Mar 31 05:03:15 ubuntu devstack@keystone.service[81979]: DEBUG keystone.common.rbac_enforcer.enforcer [None req-b95ed842-c0d3-4469-8409-a40c1cc24a7b None admin] RBAC: Authorization granted {{(pid=81979) enforce_call /opt/stack/keystone/keystone/common/rbac_enforcer/enforcer.py:505}}
Mar 31 05:03:15 ubuntu devstack@keystone.service[81980]: DEBUG keystone.server.flask.request_processing.middleware.auth_context [None req-ffa56e80-a055-422e-892b-f19998d1f5fc None admin] Validating token access rules against request {{(pid=81980) validate_allowed_request /opt/stack/data/venv/lib/python3.10/site-packages/keystonemiddleware/auth_token/__init__.py:545}}
Mar 31 05:03:15 ubuntu devstack@keystone.service[81980]: DEBUG keystone.server.flask.request_processing.middleware.auth_context [None req-88efc613-03bd-412a-84fd-cb5e73673670 None admin] RBAC: auth_context: {'token': <TokenModel (audit_id=bm7uuHIVSs289kbi8Y1XDw, audit_chain_id=['bm7uuHIVSs289kbi8Y1XDw']) at 0x7f3ed63eb670>, 'domain_id': None, 'trust_id': None, 'trustor_id': None, 'trustee_id': None, 'domain_name': None, 'group_ids': [], 'user_id': '9b62ec1f34014a3c8e67f756d7bacd25', 'user_domain_id': 'default', 'system_scope': 'all', 'project_id': None, 'project_domain_id': None, 'roles': ['admin', 'manager', 'member', 'reader'], 'is_admin_project': True, 'service_user_id': None, 'service_user_domain_id': None, 'service_project_id': None, 'service_project_domain_id': None, 'service_roles': []} {{(pid=81980) fill_context /opt/stack/keystone/keystone/server/flask/request_processing/middleware/auth_context.py:509}}
Mar 31 05:03:15 ubuntu devstack@keystone.service[81980]: DEBUG keystone.server.flask.request_processing.req_logging [None req-88efc613-03bd-412a-84fd-cb5e73673670 None admin] REQUEST_METHOD: `GET` {{(pid=81980) log_request_info /opt/stack/keystone/keystone/server/flask/request_processing/req_logging.py:26}}
Mar 31 05:03:15 ubuntu devstack@keystone.service[81980]: DEBUG keystone.server.flask.request_processing.req_logging [None req-88efc613-03bd-412a-84fd-cb5e73673670 None admin] SCRIPT_NAME: `/identity` {{(pid=81980) log_request_info /opt/stack/keystone/keystone/server/flask/request_processing/req_logging.py:27}}
Mar 31 05:03:15 ubuntu devstack@keystone.service[81980]: DEBUG keystone.server.flask.request_processing.req_logging [None req-88efc613-03bd-412a-84fd-cb5e73673670 None admin] PATH_INFO: `/v3/roles/service` {{(pid=81980) log_request_info /opt/stack/keystone/keystone/server/flask/request_processing/req_logging.py:28}}
Mar 31 05:03:15 ubuntu devstack@keystone.service[81980]: DEBUG keystone.common.rbac_enforcer.enforcer [None req-88efc613-03bd-412a-84fd-cb5e73673670 None admin] Extracting inferred target data resulted in "NOT FOUND (404)". {{(pid=81980) enforce_call /opt/stack/keystone/keystone/common/rbac_enforcer/enforcer.py:445}}
Mar 31 05:03:15 ubuntu devstack@keystone.service[81979]: [pid: 81979|app: 0|req: 18/38] 10.201.5.82 () {56 vars in 1159 bytes} [Tue Mar 31 05:03:15 2026] GET /identity/v3/domains?name=Default => generated 308 bytes in 187 msecs (HTTP/1.1 200) 5 headers in 177 bytes (1 switches on core 0)
Mar 31 05:03:15 ubuntu devstack@keystone.service[81980]: DEBUG keystone.server.flask.application [None req-88efc613-03bd-412a-84fd-cb5e73673670 None admin] Could not find role: service. {{(pid=81980) _handle_keystone_exception /opt/stack/keystone/keystone/server/flask/application.py:146}}
Mar 31 05:03:15 ubuntu devstack@keystone.service[81980]: [pid: 81980|app: 0|req: 21/39] 10.201.5.82 () {56 vars in 1139 bytes} [Tue Mar 31 05:03:15 2026] GET /identity/v3/roles/service => generated 85 bytes in 63 msecs (HTTP/1.1 404) 5 headers in 183 bytes (1 switches on core 0)
Mar 31 05:03:15 ubuntu devstack@keystone.service[81979]: DEBUG keystone.server.flask.request_processing.middleware.auth_context [None req-b95ed842-c0d3-4469-8409-a40c1cc24a7b None admin] Authenticating user token {{(pid=81979) process_request /opt/stack/data/venv/lib/python3.10/site-packages/keystonemiddleware/auth_token/__init__.py:407}}
Mar 31 05:03:15 ubuntu devstack@keystone.service[81980]: DEBUG keystone.server.flask.request_processing.middleware.auth_context [None req-88efc613-03bd-412a-84fd-cb5e73673670 None admin] Authenticating user token {{(pid=81980) process_request /opt/stack/data/venv/lib/python3.10/site-packages/keystonemiddleware/auth_token/__init__.py:407}}
Mar 31 05:03:15 ubuntu devstack@keystone.service[81979]: DEBUG keystone.server.flask.request_processing.middleware.auth_context [None req-b95ed842-c0d3-4469-8409-a40c1cc24a7b None admin] Validating token access rules against request {{(pid=81979) validate_allowed_request /opt/stack/data/venv/lib/python3.10/site-packages/keystonemiddleware/auth_token/__init__.py:545}}
Mar 31 05:03:15 ubuntu devstack@keystone.service[81979]: DEBUG keystone.server.flask.request_processing.middleware.auth_context [None req-d5a20e3b-85f3-4e6c-8b0e-003b3c6ef5d7 None admin] RBAC: auth_context: {'token': <TokenModel (audit_id=bm7uuHIVSs289kbi8Y1XDw, audit_chain_id=['bm7uuHIVSs289kbi8Y1XDw']) at 0x7f3ed6505540>, 'domain_id': None, 'trust_id': None, 'trustor_id': None, 'trustee_id': None, 'domain_name': None, 'group_ids': [], 'user_id': '9b62ec1f34014a3c8e67f756d7bacd25', 'user_domain_id': 'default', 'system_scope': 'all', 'project_id': None, 'project_domain_id': None, 'roles': ['admin', 'manager', 'member', 'reader'], 'is_admin_project': True, 'service_user_id': None, 'service_user_domain_id': None, 'service_project_id': None, 'service_project_domain_id': None, 'service_roles': []} {{(pid=81979) fill_context /opt/stack/keystone/keystone/server/flask/request_processing/middleware/auth_context.py:509}}
Mar 31 05:03:15 ubuntu devstack@keystone.service[81979]: DEBUG keystone.server.flask.request_processing.req_logging [None req-d5a20e3b-85f3-4e6c-8b0e-003b3c6ef5d7 None admin] REQUEST_METHOD: `GET` {{(pid=81979) log_request_info /opt/stack/keystone/keystone/server/flask/request_processing/req_logging.py:26}}
Mar 31 05:03:15 ubuntu devstack@keystone.service[81979]: DEBUG keystone.server.flask.request_processing.req_logging [None req-d5a20e3b-85f3-4e6c-8b0e-003b3c6ef5d7 None admin] SCRIPT_NAME: `/identity` {{(pid=81979) log_request_info /opt/stack/keystone/keystone/server/flask/request_processing/req_logging.py:27}}
Mar 31 05:03:15 ubuntu devstack@keystone.service[81979]: DEBUG keystone.server.flask.request_processing.req_logging [None req-d5a20e3b-85f3-4e6c-8b0e-003b3c6ef5d7 None admin] PATH_INFO: `/v3/roles` {{(pid=81979) log_request_info /opt/stack/keystone/keystone/server/flask/request_processing/req_logging.py:28}}
Mar 31 05:03:15 ubuntu devstack@keystone.service[81979]: DEBUG keystone.common.rbac_enforcer.enforcer [None req-d5a20e3b-85f3-4e6c-8b0e-003b3c6ef5d7 None admin] RBAC: Adding query filter params (name=service) {{(pid=81979) _extract_filter_values /opt/stack/keystone/keystone/common/rbac_enforcer/enforcer.py:176}}
Mar 31 05:03:15 ubuntu devstack@keystone.service[81979]: DEBUG keystone.common.rbac_enforcer.enforcer [None req-d5a20e3b-85f3-4e6c-8b0e-003b3c6ef5d7 None admin] RBAC: Authorizing `identity:list_roles()` {{(pid=81979) enforce_call /opt/stack/keystone/keystone/common/rbac_enforcer/enforcer.py:494}}
Mar 31 05:03:15 ubuntu devstack@keystone.service[81979]: DEBUG keystone.common.rbac_enforcer.enforcer [None req-d5a20e3b-85f3-4e6c-8b0e-003b3c6ef5d7 None admin] RBAC: Authorization granted {{(pid=81979) enforce_call /opt/stack/keystone/keystone/common/rbac_enforcer/enforcer.py:505}}
Mar 31 05:03:15 ubuntu devstack@keystone.service[81979]: [pid: 81979|app: 0|req: 19/40] 10.201.5.82 () {56 vars in 1153 bytes} [Tue Mar 31 05:03:15 2026] GET /identity/v3/roles?name=service => generated 343 bytes in 122 msecs (HTTP/1.1 200) 5 headers in 177 bytes (1 switches on core 0)
Mar 31 05:03:15 ubuntu devstack@keystone.service[81979]: DEBUG keystone.server.flask.request_processing.middleware.auth_context [None req-d5a20e3b-85f3-4e6c-8b0e-003b3c6ef5d7 None admin] Authenticating user token {{(pid=81979) process_request /opt/stack/data/venv/lib/python3.10/site-packages/keystonemiddleware/auth_token/__init__.py:407}}
Mar 31 05:03:16 ubuntu devstack@keystone.service[81980]: DEBUG keystone.server.flask.request_processing.middleware.auth_context [None req-88efc613-03bd-412a-84fd-cb5e73673670 None admin] Validating token access rules against request {{(pid=81980) validate_allowed_request /opt/stack/data/venv/lib/python3.10/site-packages/keystonemiddleware/auth_token/__init__.py:545}}
Mar 31 05:03:16 ubuntu devstack@keystone.service[81979]: DEBUG keystone.server.flask.request_processing.middleware.auth_context [None req-d5a20e3b-85f3-4e6c-8b0e-003b3c6ef5d7 None admin] Validating token access rules against request {{(pid=81979) validate_allowed_request /opt/stack/data/venv/lib/python3.10/site-packages/keystonemiddleware/auth_token/__init__.py:545}}
Mar 31 05:03:16 ubuntu devstack@keystone.service[81980]: DEBUG keystone.server.flask.request_processing.middleware.auth_context [None req-8c7821bf-f64f-42cd-8c3a-1660f98ce1a2 None admin] RBAC: auth_context: {'token': <TokenModel (audit_id=I1RMgitfRxezygs6uEAANA, audit_chain_id=['I1RMgitfRxezygs6uEAANA']) at 0x7f3ed669f160>, 'domain_id': None, 'trust_id': None, 'trustor_id': None, 'trustee_id': None, 'domain_name': None, 'group_ids': [], 'user_id': '9b62ec1f34014a3c8e67f756d7bacd25', 'user_domain_id': 'default', 'system_scope': 'all', 'project_id': None, 'project_domain_id': None, 'roles': ['admin', 'manager', 'member', 'reader'], 'is_admin_project': True, 'service_user_id': None, 'service_user_domain_id': None, 'service_project_id': None, 'service_project_domain_id': None, 'service_roles': []} {{(pid=81980) fill_context /opt/stack/keystone/keystone/server/flask/request_processing/middleware/auth_context.py:509}}
Mar 31 05:03:16 ubuntu devstack@keystone.service[81980]: DEBUG keystone.server.flask.request_processing.req_logging [None req-8c7821bf-f64f-42cd-8c3a-1660f98ce1a2 None admin] REQUEST_METHOD: `POST` {{(pid=81980) log_request_info /opt/stack/keystone/keystone/server/flask/request_processing/req_logging.py:26}}
Mar 31 05:03:16 ubuntu devstack@keystone.service[81980]: DEBUG keystone.server.flask.request_processing.req_logging [None req-8c7821bf-f64f-42cd-8c3a-1660f98ce1a2 None admin] SCRIPT_NAME: `/identity` {{(pid=81980) log_request_info /opt/stack/keystone/keystone/server/flask/request_processing/req_logging.py:27}}
Mar 31 05:03:16 ubuntu devstack@keystone.service[81980]: DEBUG keystone.server.flask.request_processing.req_logging [None req-8c7821bf-f64f-42cd-8c3a-1660f98ce1a2 None admin] PATH_INFO: `/v3/projects` {{(pid=81980) log_request_info /opt/stack/keystone/keystone/server/flask/request_processing/req_logging.py:28}}
Mar 31 05:03:16 ubuntu devstack@keystone.service[81979]: DEBUG keystone.server.flask.request_processing.middleware.auth_context [None req-64057538-72e2-4832-a760-a4435cb65c5f None admin] RBAC: auth_context: {'token': <TokenModel (audit_id=SnJjnZsdRsi2AU2RWcGYkw, audit_chain_id=['SnJjnZsdRsi2AU2RWcGYkw']) at 0x7f3ed6505a80>, 'domain_id': None, 'trust_id': None, 'trustor_id': None, 'trustee_id': None, 'domain_name': None, 'group_ids': [], 'user_id': '9b62ec1f34014a3c8e67f756d7bacd25', 'user_domain_id': 'default', 'system_scope': 'all', 'project_id': None, 'project_domain_id': None, 'roles': ['admin', 'manager', 'member', 'reader'], 'is_admin_project': True, 'service_user_id': None, 'service_user_domain_id': None, 'service_project_id': None, 'service_project_domain_id': None, 'service_roles': []} {{(pid=81979) fill_context /opt/stack/keystone/keystone/server/flask/request_processing/middleware/auth_context.py:509}}
Mar 31 05:03:16 ubuntu devstack@keystone.service[81979]: DEBUG keystone.server.flask.request_processing.req_logging [None req-64057538-72e2-4832-a760-a4435cb65c5f None admin] REQUEST_METHOD: `POST` {{(pid=81979) log_request_info /opt/stack/keystone/keystone/server/flask/request_processing/req_logging.py:26}}
Mar 31 05:03:16 ubuntu devstack@keystone.service[81979]: DEBUG keystone.server.flask.request_processing.req_logging [None req-64057538-72e2-4832-a760-a4435cb65c5f None admin] SCRIPT_NAME: `/identity` {{(pid=81979) log_request_info /opt/stack/keystone/keystone/server/flask/request_processing/req_logging.py:27}}
Mar 31 05:03:16 ubuntu devstack@keystone.service[81979]: DEBUG keystone.server.flask.request_processing.req_logging [None req-64057538-72e2-4832-a760-a4435cb65c5f None admin] PATH_INFO: `/v3/roles` {{(pid=81979) log_request_info /opt/stack/keystone/keystone/server/flask/request_processing/req_logging.py:28}}
Mar 31 05:03:16 ubuntu devstack@keystone.service[81980]: DEBUG keystone.common.rbac_enforcer.enforcer [None req-8c7821bf-f64f-42cd-8c3a-1660f98ce1a2 None admin] RBAC: Authorizing `identity:create_project()` {{(pid=81980) enforce_call /opt/stack/keystone/keystone/common/rbac_enforcer/enforcer.py:494}}
Mar 31 05:03:16 ubuntu devstack@keystone.service[81980]: DEBUG keystone.common.rbac_enforcer.enforcer [None req-8c7821bf-f64f-42cd-8c3a-1660f98ce1a2 None admin] RBAC: Authorization granted {{(pid=81980) enforce_call /opt/stack/keystone/keystone/common/rbac_enforcer/enforcer.py:505}}
Mar 31 05:03:16 ubuntu devstack@keystone.service[81979]: DEBUG keystone.common.rbac_enforcer.enforcer [None req-64057538-72e2-4832-a760-a4435cb65c5f None admin] RBAC: Authorizing `identity:create_role()` {{(pid=81979) enforce_call /opt/stack/keystone/keystone/common/rbac_enforcer/enforcer.py:494}}
Mar 31 05:03:16 ubuntu devstack@keystone.service[81979]: DEBUG keystone.common.rbac_enforcer.enforcer [None req-64057538-72e2-4832-a760-a4435cb65c5f None admin] RBAC: Authorization granted {{(pid=81979) enforce_call /opt/stack/keystone/keystone/common/rbac_enforcer/enforcer.py:505}}
Mar 31 05:03:16 ubuntu devstack@keystone.service[81979]: [pid: 81979|app: 0|req: 20/41] 10.201.5.82 () {60 vars in 1168 bytes} [Tue Mar 31 05:03:15 2026] POST /identity/v3/roles => generated 225 bytes in 72 msecs (HTTP/1.1 201) 5 headers in 182 bytes (1 switches on core 0)
Mar 31 05:03:16 ubuntu devstack@keystone.service[81980]: [pid: 81980|app: 0|req: 22/42] 10.201.5.82 () {60 vars in 1177 bytes} [Tue Mar 31 05:03:15 2026] POST /identity/v3/projects => generated 301 bytes in 251 msecs (HTTP/1.1 201) 5 headers in 182 bytes (1 switches on core 0)
Mar 31 05:03:16 ubuntu devstack@keystone.service[81979]: DEBUG keystone.server.flask.request_processing.req_logging [None req-fec3cc30-be78-483a-abc3-addd86248b50 None None] REQUEST_METHOD: `GET` {{(pid=81979) log_request_info /opt/stack/keystone/keystone/server/flask/request_processing/req_logging.py:26}}
Mar 31 05:03:16 ubuntu devstack@keystone.service[81979]: DEBUG keystone.server.flask.request_processing.req_logging [None req-fec3cc30-be78-483a-abc3-addd86248b50 None None] SCRIPT_NAME: `/identity` {{(pid=81979) log_request_info /opt/stack/keystone/keystone/server/flask/request_processing/req_logging.py:27}}
Mar 31 05:03:16 ubuntu devstack@keystone.service[81979]: DEBUG keystone.server.flask.request_processing.req_logging [None req-fec3cc30-be78-483a-abc3-addd86248b50 None None] PATH_INFO: `/` {{(pid=81979) log_request_info /opt/stack/keystone/keystone/server/flask/request_processing/req_logging.py:28}}
Mar 31 05:03:16 ubuntu devstack@keystone.service[81979]: [pid: 81979|app: 0|req: 21/43] 10.201.5.82 () {54 vars in 920 bytes} [Tue Mar 31 05:03:16 2026] GET /identity => generated 270 bytes in 5 msecs (HTTP/1.1 300) 6 headers in 234 bytes (1 switches on core 0)
Mar 31 05:03:16 ubuntu devstack@keystone.service[81980]: DEBUG keystone.server.flask.request_processing.req_logging [None req-36b3acfe-5c44-4d8e-80b5-1aff9062821d None None] REQUEST_METHOD: `POST` {{(pid=81980) log_request_info /opt/stack/keystone/keystone/server/flask/request_processing/req_logging.py:26}}
Mar 31 05:03:16 ubuntu devstack@keystone.service[81980]: DEBUG keystone.server.flask.request_processing.req_logging [None req-36b3acfe-5c44-4d8e-80b5-1aff9062821d None None] SCRIPT_NAME: `/identity` {{(pid=81980) log_request_info /opt/stack/keystone/keystone/server/flask/request_processing/req_logging.py:27}}
Mar 31 05:03:16 ubuntu devstack@keystone.service[81980]: DEBUG keystone.server.flask.request_processing.req_logging [None req-36b3acfe-5c44-4d8e-80b5-1aff9062821d None None] PATH_INFO: `/v3/auth/tokens` {{(pid=81980) log_request_info /opt/stack/keystone/keystone/server/flask/request_processing/req_logging.py:28}}
Mar 31 05:03:16 ubuntu devstack@keystone.service[81980]: WARNING keystone.common.password_hashing [None req-36b3acfe-5c44-4d8e-80b5-1aff9062821d None None] Truncating password to algorithm specific maximum length 72 characters.
Mar 31 05:03:16 ubuntu devstack@keystone.service[81979]: DEBUG keystone.server.flask.request_processing.req_logging [None req-f4cb3191-ef54-4f55-8b80-1ce3835993d0 None None] REQUEST_METHOD: `GET` {{(pid=81979) log_request_info /opt/stack/keystone/keystone/server/flask/request_processing/req_logging.py:26}}
Mar 31 05:03:16 ubuntu devstack@keystone.service[81979]: DEBUG keystone.server.flask.request_processing.req_logging [None req-f4cb3191-ef54-4f55-8b80-1ce3835993d0 None None] SCRIPT_NAME: `/identity` {{(pid=81979) log_request_info /opt/stack/keystone/keystone/server/flask/request_processing/req_logging.py:27}}
Mar 31 05:03:16 ubuntu devstack@keystone.service[81979]: DEBUG keystone.server.flask.request_processing.req_logging [None req-f4cb3191-ef54-4f55-8b80-1ce3835993d0 None None] PATH_INFO: `/` {{(pid=81979) log_request_info /opt/stack/keystone/keystone/server/flask/request_processing/req_logging.py:28}}
Mar 31 05:03:16 ubuntu devstack@keystone.service[81979]: [pid: 81979|app: 0|req: 22/44] 10.201.5.82 () {54 vars in 920 bytes} [Tue Mar 31 05:03:16 2026] GET /identity => generated 270 bytes in 3 msecs (HTTP/1.1 300) 6 headers in 234 bytes (1 switches on core 0)
Mar 31 05:03:16 ubuntu devstack@keystone.service[81980]: DEBUG keystone.auth.core [None req-36b3acfe-5c44-4d8e-80b5-1aff9062821d None None] MFA Rules not processed for user `9b62ec1f34014a3c8e67f756d7bacd25`. Rule list: `[]` (Enabled: `True`). {{(pid=81980) check_auth_methods_against_rules /opt/stack/keystone/keystone/auth/core.py:476}}
Mar 31 05:03:16 ubuntu devstack@keystone.service[81979]: DEBUG keystone.server.flask.request_processing.req_logging [None req-24527e60-2b34-4cd5-a690-3ddbf507ea6b None None] REQUEST_METHOD: `POST` {{(pid=81979) log_request_info /opt/stack/keystone/keystone/server/flask/request_processing/req_logging.py:26}}
Mar 31 05:03:16 ubuntu devstack@keystone.service[81980]: DEBUG keystone.common.fernet_utils [None req-36b3acfe-5c44-4d8e-80b5-1aff9062821d None None] Loaded 2 Fernet keys from /etc/keystone/fernet-keys/, but `[fernet_tokens] max_active_keys = 3`; perhaps there have not been enough key rotations to reach `max_active_keys` yet? {{(pid=81980) load_keys /opt/stack/keystone/keystone/common/fernet_utils.py:297}}
Mar 31 05:03:16 ubuntu devstack@keystone.service[81979]: DEBUG keystone.server.flask.request_processing.req_logging [None req-24527e60-2b34-4cd5-a690-3ddbf507ea6b None None] SCRIPT_NAME: `/identity` {{(pid=81979) log_request_info /opt/stack/keystone/keystone/server/flask/request_processing/req_logging.py:27}}
Mar 31 05:03:16 ubuntu devstack@keystone.service[81979]: DEBUG keystone.server.flask.request_processing.req_logging [None req-24527e60-2b34-4cd5-a690-3ddbf507ea6b None None] PATH_INFO: `/v3/auth/tokens` {{(pid=81979) log_request_info /opt/stack/keystone/keystone/server/flask/request_processing/req_logging.py:28}}
Mar 31 05:03:16 ubuntu devstack@keystone.service[81979]: WARNING keystone.common.password_hashing [None req-24527e60-2b34-4cd5-a690-3ddbf507ea6b None None] Truncating password to algorithm specific maximum length 72 characters.
Mar 31 05:03:16 ubuntu devstack@keystone.service[81979]: DEBUG keystone.auth.core [None req-24527e60-2b34-4cd5-a690-3ddbf507ea6b None None] MFA Rules not processed for user `9b62ec1f34014a3c8e67f756d7bacd25`. Rule list: `[]` (Enabled: `True`). {{(pid=81979) check_auth_methods_against_rules /opt/stack/keystone/keystone/auth/core.py:476}}
Mar 31 05:03:16 ubuntu devstack@keystone.service[81979]: DEBUG keystone.common.fernet_utils [None req-24527e60-2b34-4cd5-a690-3ddbf507ea6b None None] Loaded 2 Fernet keys from /etc/keystone/fernet-keys/, but `[fernet_tokens] max_active_keys = 3`; perhaps there have not been enough key rotations to reach `max_active_keys` yet? {{(pid=81979) load_keys /opt/stack/keystone/keystone/common/fernet_utils.py:297}}
Mar 31 05:03:16 ubuntu devstack@keystone.service[81980]: [pid: 81980|app: 0|req: 23/45] 10.201.5.82 () {58 vars in 1017 bytes} [Tue Mar 31 05:03:16 2026] POST /identity/v3/auth/tokens => generated 862 bytes in 54 msecs (HTTP/1.1 201) 6 headers in 363 bytes (1 switches on core 0)
Mar 31 05:03:16 ubuntu devstack@keystone.service[81979]: [pid: 81979|app: 0|req: 23/46] 10.201.5.82 () {58 vars in 1017 bytes} [Tue Mar 31 05:03:16 2026] POST /identity/v3/auth/tokens => generated 862 bytes in 66 msecs (HTTP/1.1 201) 6 headers in 363 bytes (1 switches on core 0)
Mar 31 05:03:16 ubuntu devstack@keystone.service[81980]: DEBUG keystone.server.flask.request_processing.middleware.auth_context [None req-36b3acfe-5c44-4d8e-80b5-1aff9062821d None None] Authenticating user token {{(pid=81980) process_request /opt/stack/data/venv/lib/python3.10/site-packages/keystonemiddleware/auth_token/__init__.py:407}}
Mar 31 05:03:16 ubuntu devstack@keystone.service[81980]: DEBUG keystone.server.flask.request_processing.middleware.auth_context [None req-36b3acfe-5c44-4d8e-80b5-1aff9062821d None None] Validating token access rules against request {{(pid=81980) validate_allowed_request /opt/stack/data/venv/lib/python3.10/site-packages/keystonemiddleware/auth_token/__init__.py:545}}
Mar 31 05:03:16 ubuntu devstack@keystone.service[81979]: DEBUG keystone.server.flask.request_processing.middleware.auth_context [None req-24527e60-2b34-4cd5-a690-3ddbf507ea6b None None] Authenticating user token {{(pid=81979) process_request /opt/stack/data/venv/lib/python3.10/site-packages/keystonemiddleware/auth_token/__init__.py:407}}
Mar 31 05:03:16 ubuntu devstack@keystone.service[81980]: DEBUG keystone.server.flask.request_processing.middleware.auth_context [None req-b0766a19-b109-48e8-bc95-fea2420c7cdb None admin] RBAC: auth_context: {'token': <TokenModel (audit_id=EtZxagoUTH6SxwiOH8BLRA, audit_chain_id=['EtZxagoUTH6SxwiOH8BLRA']) at 0x7f3ed61c1d80>, 'domain_id': None, 'trust_id': None, 'trustor_id': None, 'trustee_id': None, 'domain_name': None, 'group_ids': [], 'user_id': '9b62ec1f34014a3c8e67f756d7bacd25', 'user_domain_id': 'default', 'system_scope': 'all', 'project_id': None, 'project_domain_id': None, 'roles': ['admin', 'manager', 'member', 'reader'], 'is_admin_project': True, 'service_user_id': None, 'service_user_domain_id': None, 'service_project_id': None, 'service_project_domain_id': None, 'service_roles': []} {{(pid=81980) fill_context /opt/stack/keystone/keystone/server/flask/request_processing/middleware/auth_context.py:509}}
Mar 31 05:03:16 ubuntu devstack@keystone.service[81980]: DEBUG keystone.server.flask.request_processing.req_logging [None req-b0766a19-b109-48e8-bc95-fea2420c7cdb None admin] REQUEST_METHOD: `POST` {{(pid=81980) log_request_info /opt/stack/keystone/keystone/server/flask/request_processing/req_logging.py:26}}
Mar 31 05:03:16 ubuntu devstack@keystone.service[81980]: DEBUG keystone.server.flask.request_processing.req_logging [None req-b0766a19-b109-48e8-bc95-fea2420c7cdb None admin] SCRIPT_NAME: `/identity` {{(pid=81980) log_request_info /opt/stack/keystone/keystone/server/flask/request_processing/req_logging.py:27}}
Mar 31 05:03:16 ubuntu devstack@keystone.service[81980]: DEBUG keystone.server.flask.request_processing.req_logging [None req-b0766a19-b109-48e8-bc95-fea2420c7cdb None admin] PATH_INFO: `/v3/roles` {{(pid=81980) log_request_info /opt/stack/keystone/keystone/server/flask/request_processing/req_logging.py:28}}
Mar 31 05:03:16 ubuntu devstack@keystone.service[81980]: DEBUG keystone.common.rbac_enforcer.enforcer [None req-b0766a19-b109-48e8-bc95-fea2420c7cdb None admin] RBAC: Authorizing `identity:create_role()` {{(pid=81980) enforce_call /opt/stack/keystone/keystone/common/rbac_enforcer/enforcer.py:494}}
Mar 31 05:03:16 ubuntu devstack@keystone.service[81980]: DEBUG keystone.common.rbac_enforcer.enforcer [None req-b0766a19-b109-48e8-bc95-fea2420c7cdb None admin] RBAC: Authorization granted {{(pid=81980) enforce_call /opt/stack/keystone/keystone/common/rbac_enforcer/enforcer.py:505}}
Mar 31 05:03:16 ubuntu devstack@keystone.service[81980]: [pid: 81980|app: 0|req: 24/47] 10.201.5.82 () {60 vars in 1168 bytes} [Tue Mar 31 05:03:16 2026] POST /identity/v3/roles => generated 223 bytes in 62 msecs (HTTP/1.1 201) 5 headers in 182 bytes (2 switches on core 0)
Mar 31 05:03:16 ubuntu devstack@keystone.service[81979]: DEBUG keystone.server.flask.request_processing.middleware.auth_context [None req-24527e60-2b34-4cd5-a690-3ddbf507ea6b None None] Validating token access rules against request {{(pid=81979) validate_allowed_request /opt/stack/data/venv/lib/python3.10/site-packages/keystonemiddleware/auth_token/__init__.py:545}}
Mar 31 05:03:16 ubuntu devstack@keystone.service[81979]: DEBUG keystone.server.flask.request_processing.middleware.auth_context [None req-3f7d83c0-0982-40d3-be09-f5eb2ca6e888 None admin] RBAC: auth_context: {'token': <TokenModel (audit_id=XmQhX_FJTou_q8MipttoRg, audit_chain_id=['XmQhX_FJTou_q8MipttoRg']) at 0x7f3ed70ddc60>, 'domain_id': None, 'trust_id': None, 'trustor_id': None, 'trustee_id': None, 'domain_name': None, 'group_ids': [], 'user_id': '9b62ec1f34014a3c8e67f756d7bacd25', 'user_domain_id': 'default', 'system_scope': 'all', 'project_id': None, 'project_domain_id': None, 'roles': ['admin', 'manager', 'member', 'reader'], 'is_admin_project': True, 'service_user_id': None, 'service_user_domain_id': None, 'service_project_id': None, 'service_project_domain_id': None, 'service_roles': []} {{(pid=81979) fill_context /opt/stack/keystone/keystone/server/flask/request_processing/middleware/auth_context.py:509}}
Mar 31 05:03:16 ubuntu devstack@keystone.service[81979]: DEBUG keystone.server.flask.request_processing.req_logging [None req-3f7d83c0-0982-40d3-be09-f5eb2ca6e888 None admin] REQUEST_METHOD: `GET` {{(pid=81979) log_request_info /opt/stack/keystone/keystone/server/flask/request_processing/req_logging.py:26}}
Mar 31 05:03:16 ubuntu devstack@keystone.service[81979]: DEBUG keystone.server.flask.request_processing.req_logging [None req-3f7d83c0-0982-40d3-be09-f5eb2ca6e888 None admin] SCRIPT_NAME: `/identity` {{(pid=81979) log_request_info /opt/stack/keystone/keystone/server/flask/request_processing/req_logging.py:27}}
Mar 31 05:03:16 ubuntu devstack@keystone.service[81979]: DEBUG keystone.server.flask.request_processing.req_logging [None req-3f7d83c0-0982-40d3-be09-f5eb2ca6e888 None admin] PATH_INFO: `/v3/domains/default` {{(pid=81979) log_request_info /opt/stack/keystone/keystone/server/flask/request_processing/req_logging.py:28}}
Mar 31 05:03:16 ubuntu devstack@keystone.service[81979]: DEBUG keystone.common.rbac_enforcer.enforcer [None req-3f7d83c0-0982-40d3-be09-f5eb2ca6e888 None admin] RBAC: Authorizing `identity:get_domain(domain_id=default)` {{(pid=81979) enforce_call /opt/stack/keystone/keystone/common/rbac_enforcer/enforcer.py:494}}
Mar 31 05:03:16 ubuntu devstack@keystone.service[81979]: DEBUG keystone.common.rbac_enforcer.enforcer [None req-3f7d83c0-0982-40d3-be09-f5eb2ca6e888 None admin] RBAC: Authorization granted {{(pid=81979) enforce_call /opt/stack/keystone/keystone/common/rbac_enforcer/enforcer.py:505}}
Mar 31 05:03:16 ubuntu devstack@keystone.service[81979]: [pid: 81979|app: 0|req: 24/48] 10.201.5.82 () {56 vars in 1145 bytes} [Tue Mar 31 05:03:16 2026] GET /identity/v3/domains/default => generated 199 bytes in 68 msecs (HTTP/1.1 200) 5 headers in 177 bytes (1 switches on core 0)
Mar 31 05:03:16 ubuntu devstack@keystone.service[81980]: DEBUG keystone.server.flask.request_processing.middleware.auth_context [None req-b0766a19-b109-48e8-bc95-fea2420c7cdb None admin] Authenticating user token {{(pid=81980) process_request /opt/stack/data/venv/lib/python3.10/site-packages/keystonemiddleware/auth_token/__init__.py:407}}
Mar 31 05:03:16 ubuntu devstack@keystone.service[81980]: DEBUG keystone.server.flask.request_processing.middleware.auth_context [None req-b0766a19-b109-48e8-bc95-fea2420c7cdb None admin] Validating token access rules against request {{(pid=81980) validate_allowed_request /opt/stack/data/venv/lib/python3.10/site-packages/keystonemiddleware/auth_token/__init__.py:545}}
Mar 31 05:03:16 ubuntu devstack@keystone.service[81980]: DEBUG keystone.server.flask.request_processing.middleware.auth_context [None req-7cee0dac-62a9-438e-bd5d-0c28a1f867ab None admin] RBAC: auth_context: {'token': <TokenModel (audit_id=XmQhX_FJTou_q8MipttoRg, audit_chain_id=['XmQhX_FJTou_q8MipttoRg']) at 0x7f3ed61c1de0>, 'domain_id': None, 'trust_id': None, 'trustor_id': None, 'trustee_id': None, 'domain_name': None, 'group_ids': [], 'user_id': '9b62ec1f34014a3c8e67f756d7bacd25', 'user_domain_id': 'default', 'system_scope': 'all', 'project_id': None, 'project_domain_id': None, 'roles': ['admin', 'manager', 'member', 'reader'], 'is_admin_project': True, 'service_user_id': None, 'service_user_domain_id': None, 'service_project_id': None, 'service_project_domain_id': None, 'service_roles': []} {{(pid=81980) fill_context /opt/stack/keystone/keystone/server/flask/request_processing/middleware/auth_context.py:509}}
Mar 31 05:03:16 ubuntu devstack@keystone.service[81980]: DEBUG keystone.server.flask.request_processing.req_logging [None req-7cee0dac-62a9-438e-bd5d-0c28a1f867ab None admin] REQUEST_METHOD: `POST` {{(pid=81980) log_request_info /opt/stack/keystone/keystone/server/flask/request_processing/req_logging.py:26}}
Mar 31 05:03:16 ubuntu devstack@keystone.service[81980]: DEBUG keystone.server.flask.request_processing.req_logging [None req-7cee0dac-62a9-438e-bd5d-0c28a1f867ab None admin] SCRIPT_NAME: `/identity` {{(pid=81980) log_request_info /opt/stack/keystone/keystone/server/flask/request_processing/req_logging.py:27}}
Mar 31 05:03:16 ubuntu devstack@keystone.service[81980]: DEBUG keystone.server.flask.request_processing.req_logging [None req-7cee0dac-62a9-438e-bd5d-0c28a1f867ab None admin] PATH_INFO: `/v3/projects` {{(pid=81980) log_request_info /opt/stack/keystone/keystone/server/flask/request_processing/req_logging.py:28}}
Mar 31 05:03:16 ubuntu devstack@keystone.service[81980]: DEBUG keystone.common.rbac_enforcer.enforcer [None req-7cee0dac-62a9-438e-bd5d-0c28a1f867ab None admin] RBAC: Authorizing `identity:create_project()` {{(pid=81980) enforce_call /opt/stack/keystone/keystone/common/rbac_enforcer/enforcer.py:494}}
Mar 31 05:03:16 ubuntu devstack@keystone.service[81980]: DEBUG keystone.common.rbac_enforcer.enforcer [None req-7cee0dac-62a9-438e-bd5d-0c28a1f867ab None admin] RBAC: Authorization granted {{(pid=81980) enforce_call /opt/stack/keystone/keystone/common/rbac_enforcer/enforcer.py:505}}
Mar 31 05:03:16 ubuntu devstack@keystone.service[81980]: [pid: 81980|app: 0|req: 25/49] 10.201.5.82 () {60 vars in 1177 bytes} [Tue Mar 31 05:03:16 2026] POST /identity/v3/projects => generated 312 bytes in 74 msecs (HTTP/1.1 201) 5 headers in 182 bytes (2 switches on core 0)
Mar 31 05:03:18 ubuntu devstack@keystone.service[81979]: DEBUG keystone.server.flask.request_processing.req_logging [None req-08150385-6ce9-4834-9f68-62d3b18ae0d3 None None] REQUEST_METHOD: `GET` {{(pid=81979) log_request_info /opt/stack/keystone/keystone/server/flask/request_processing/req_logging.py:26}}
Mar 31 05:03:18 ubuntu devstack@keystone.service[81979]: DEBUG keystone.server.flask.request_processing.req_logging [None req-08150385-6ce9-4834-9f68-62d3b18ae0d3 None None] SCRIPT_NAME: `/identity` {{(pid=81979) log_request_info /opt/stack/keystone/keystone/server/flask/request_processing/req_logging.py:27}}
Mar 31 05:03:18 ubuntu devstack@keystone.service[81979]: DEBUG keystone.server.flask.request_processing.req_logging [None req-08150385-6ce9-4834-9f68-62d3b18ae0d3 None None] PATH_INFO: `/` {{(pid=81979) log_request_info /opt/stack/keystone/keystone/server/flask/request_processing/req_logging.py:28}}
Mar 31 05:03:18 ubuntu devstack@keystone.service[81979]: [pid: 81979|app: 0|req: 25/50] 10.201.5.82 () {54 vars in 920 bytes} [Tue Mar 31 05:03:18 2026] GET /identity => generated 270 bytes in 6 msecs (HTTP/1.1 300) 6 headers in 234 bytes (1 switches on core 0)
Mar 31 05:03:18 ubuntu devstack@keystone.service[81980]: DEBUG keystone.server.flask.request_processing.req_logging [None req-6f394a76-a310-4837-9eaa-0ddb3ceca4f0 None None] REQUEST_METHOD: `POST` {{(pid=81980) log_request_info /opt/stack/keystone/keystone/server/flask/request_processing/req_logging.py:26}}
Mar 31 05:03:18 ubuntu devstack@keystone.service[81980]: DEBUG keystone.server.flask.request_processing.req_logging [None req-6f394a76-a310-4837-9eaa-0ddb3ceca4f0 None None] SCRIPT_NAME: `/identity` {{(pid=81980) log_request_info /opt/stack/keystone/keystone/server/flask/request_processing/req_logging.py:27}}
Mar 31 05:03:18 ubuntu devstack@keystone.service[81980]: DEBUG keystone.server.flask.request_processing.req_logging [None req-6f394a76-a310-4837-9eaa-0ddb3ceca4f0 None None] PATH_INFO: `/v3/auth/tokens` {{(pid=81980) log_request_info /opt/stack/keystone/keystone/server/flask/request_processing/req_logging.py:28}}
Mar 31 05:03:18 ubuntu devstack@keystone.service[81980]: WARNING keystone.common.password_hashing [None req-6f394a76-a310-4837-9eaa-0ddb3ceca4f0 None None] Truncating password to algorithm specific maximum length 72 characters.
Mar 31 05:03:18 ubuntu devstack@keystone.service[81980]: DEBUG keystone.auth.core [None req-6f394a76-a310-4837-9eaa-0ddb3ceca4f0 None None] MFA Rules not processed for user `9b62ec1f34014a3c8e67f756d7bacd25`. Rule list: `[]` (Enabled: `True`). {{(pid=81980) check_auth_methods_against_rules /opt/stack/keystone/keystone/auth/core.py:476}}
