Feb 04 10:09:44 ubuntu devstack@keystone.service[82244]: WARNING keystone.common.password_hashing [None req-9a619b98-b998-46c9-9b43-dbe91d6b2ed3 None None] Truncating password to algorithm specific maximum length 72 characters.
Feb 04 10:09:44 ubuntu devstack@keystone.service[82244]: DEBUG keystone.auth.core [None req-9a619b98-b998-46c9-9b43-dbe91d6b2ed3 None None] MFA Rules not processed for user `69838cd955ac41838bb57a54fa1f43fd`. Rule list: `[]` (Enabled: `True`). {{(pid=82244) check_auth_methods_against_rules /opt/stack/keystone/keystone/auth/core.py:476}}
Feb 04 10:09:44 ubuntu devstack@keystone.service[82244]: DEBUG keystone.common.fernet_utils [None req-9a619b98-b998-46c9-9b43-dbe91d6b2ed3 None None] Loaded 2 Fernet keys from /etc/keystone/fernet-keys/, but `[fernet_tokens] max_active_keys = 3`; perhaps there have not been enough key rotations to reach `max_active_keys` yet? {{(pid=82244) load_keys /opt/stack/keystone/keystone/common/fernet_utils.py:297}}
Feb 04 10:09:44 ubuntu devstack@keystone.service[82245]: WARNING keystone.common.password_hashing [None req-fd9a48ef-9069-45b3-b6e8-7211cf277a99 None None] Truncating password to algorithm specific maximum length 72 characters.
Feb 04 10:09:44 ubuntu devstack@keystone.service[82245]: DEBUG keystone.auth.core [None req-fd9a48ef-9069-45b3-b6e8-7211cf277a99 None None] MFA Rules not processed for user `69838cd955ac41838bb57a54fa1f43fd`. Rule list: `[]` (Enabled: `True`). {{(pid=82245) check_auth_methods_against_rules /opt/stack/keystone/keystone/auth/core.py:476}}
Feb 04 10:09:44 ubuntu devstack@keystone.service[82245]: DEBUG keystone.common.fernet_utils [None req-fd9a48ef-9069-45b3-b6e8-7211cf277a99 None None] Loaded 2 Fernet keys from /etc/keystone/fernet-keys/, but `[fernet_tokens] max_active_keys = 3`; perhaps there have not been enough key rotations to reach `max_active_keys` yet? {{(pid=82245) load_keys /opt/stack/keystone/keystone/common/fernet_utils.py:297}}
Feb 04 10:09:45 ubuntu devstack@keystone.service[82244]: [pid: 82244|app: 0|req: 13/24] 10.201.5.82 () {58 vars in 1016 bytes} [Wed Feb  4 10:09:44 2026] POST /identity/v3/auth/tokens => generated 862 bytes in 73 msecs (HTTP/1.1 201) 6 headers in 363 bytes (1 switches on core 0)
Feb 04 10:09:45 ubuntu devstack@keystone.service[82245]: [pid: 82245|app: 0|req: 12/25] 10.201.5.82 () {58 vars in 1016 bytes} [Wed Feb  4 10:09:44 2026] POST /identity/v3/auth/tokens => generated 862 bytes in 69 msecs (HTTP/1.1 201) 6 headers in 363 bytes (2 switches on core 0)
Feb 04 10:09:45 ubuntu devstack@keystone.service[82244]: DEBUG keystone.server.flask.request_processing.middleware.auth_context [None req-9a619b98-b998-46c9-9b43-dbe91d6b2ed3 None None] Authenticating user token {{(pid=82244) process_request /opt/stack/data/venv/lib/python3.10/site-packages/keystonemiddleware/auth_token/__init__.py:407}}
Feb 04 10:09:45 ubuntu devstack@keystone.service[82245]: DEBUG keystone.server.flask.request_processing.middleware.auth_context [None req-fd9a48ef-9069-45b3-b6e8-7211cf277a99 None None] Authenticating user token {{(pid=82245) process_request /opt/stack/data/venv/lib/python3.10/site-packages/keystonemiddleware/auth_token/__init__.py:407}}
Feb 04 10:09:45 ubuntu devstack@keystone.service[82244]: DEBUG keystone.server.flask.request_processing.middleware.auth_context [None req-9a619b98-b998-46c9-9b43-dbe91d6b2ed3 None None] Validating token access rules against request {{(pid=82244) validate_allowed_request /opt/stack/data/venv/lib/python3.10/site-packages/keystonemiddleware/auth_token/__init__.py:545}}
Feb 04 10:09:45 ubuntu devstack@keystone.service[82245]: DEBUG keystone.server.flask.request_processing.middleware.auth_context [None req-fd9a48ef-9069-45b3-b6e8-7211cf277a99 None None] Validating token access rules against request {{(pid=82245) validate_allowed_request /opt/stack/data/venv/lib/python3.10/site-packages/keystonemiddleware/auth_token/__init__.py:545}}
Feb 04 10:09:45 ubuntu devstack@keystone.service[82244]: DEBUG keystone.server.flask.request_processing.middleware.auth_context [None req-f1006517-db2d-46d7-b4c5-759e3feb7f3a None admin] RBAC: auth_context: {'token': <TokenModel (audit_id=UX2y2A5uSdSugO5igc8oiA, audit_chain_id=['UX2y2A5uSdSugO5igc8oiA']) at 0x7fa696583730>, 'domain_id': None, 'trust_id': None, 'trustor_id': None, 'trustee_id': None, 'domain_name': None, 'group_ids': [], 'user_id': '69838cd955ac41838bb57a54fa1f43fd', 'user_domain_id': 'default', 'system_scope': 'all', 'project_id': None, 'project_domain_id': None, 'roles': ['admin', 'manager', 'member', 'reader'], 'is_admin_project': True, 'service_user_id': None, 'service_user_domain_id': None, 'service_project_id': None, 'service_project_domain_id': None, 'service_roles': []} {{(pid=82244) fill_context /opt/stack/keystone/keystone/server/flask/request_processing/middleware/auth_context.py:509}}
Feb 04 10:09:45 ubuntu devstack@keystone.service[82244]: DEBUG keystone.server.flask.request_processing.req_logging [None req-f1006517-db2d-46d7-b4c5-759e3feb7f3a None admin] REQUEST_METHOD: `GET` {{(pid=82244) log_request_info /opt/stack/keystone/keystone/server/flask/request_processing/req_logging.py:26}}
Feb 04 10:09:45 ubuntu devstack@keystone.service[82244]: DEBUG keystone.server.flask.request_processing.req_logging [None req-f1006517-db2d-46d7-b4c5-759e3feb7f3a None admin] SCRIPT_NAME: `/identity` {{(pid=82244) log_request_info /opt/stack/keystone/keystone/server/flask/request_processing/req_logging.py:27}}
Feb 04 10:09:45 ubuntu devstack@keystone.service[82244]: DEBUG keystone.server.flask.request_processing.req_logging [None req-f1006517-db2d-46d7-b4c5-759e3feb7f3a None admin] PATH_INFO: `/v3/domains/Default` {{(pid=82244) log_request_info /opt/stack/keystone/keystone/server/flask/request_processing/req_logging.py:28}}
Feb 04 10:09:45 ubuntu devstack@keystone.service[82245]: DEBUG keystone.server.flask.request_processing.middleware.auth_context [None req-22ebb782-9e64-45a6-a2b5-85d9eed23007 None admin] RBAC: auth_context: {'token': <TokenModel (audit_id=yQ_nAb48RSKoR1LCIFEchg, audit_chain_id=['yQ_nAb48RSKoR1LCIFEchg']) at 0x7fa6965bdde0>, 'domain_id': None, 'trust_id': None, 'trustor_id': None, 'trustee_id': None, 'domain_name': None, 'group_ids': [], 'user_id': '69838cd955ac41838bb57a54fa1f43fd', 'user_domain_id': 'default', 'system_scope': 'all', 'project_id': None, 'project_domain_id': None, 'roles': ['admin', 'manager', 'member', 'reader'], 'is_admin_project': True, 'service_user_id': None, 'service_user_domain_id': None, 'service_project_id': None, 'service_project_domain_id': None, 'service_roles': []} {{(pid=82245) fill_context /opt/stack/keystone/keystone/server/flask/request_processing/middleware/auth_context.py:509}}
Feb 04 10:09:45 ubuntu devstack@keystone.service[82245]: DEBUG keystone.server.flask.request_processing.req_logging [None req-22ebb782-9e64-45a6-a2b5-85d9eed23007 None admin] REQUEST_METHOD: `GET` {{(pid=82245) log_request_info /opt/stack/keystone/keystone/server/flask/request_processing/req_logging.py:26}}
Feb 04 10:09:45 ubuntu devstack@keystone.service[82245]: DEBUG keystone.server.flask.request_processing.req_logging [None req-22ebb782-9e64-45a6-a2b5-85d9eed23007 None admin] SCRIPT_NAME: `/identity` {{(pid=82245) log_request_info /opt/stack/keystone/keystone/server/flask/request_processing/req_logging.py:27}}
Feb 04 10:09:45 ubuntu devstack@keystone.service[82245]: DEBUG keystone.server.flask.request_processing.req_logging [None req-22ebb782-9e64-45a6-a2b5-85d9eed23007 None admin] PATH_INFO: `/v3/roles/admin` {{(pid=82245) log_request_info /opt/stack/keystone/keystone/server/flask/request_processing/req_logging.py:28}}
Feb 04 10:09:45 ubuntu devstack@keystone.service[82244]: DEBUG keystone.common.rbac_enforcer.enforcer [None req-f1006517-db2d-46d7-b4c5-759e3feb7f3a None admin] RBAC: Authorizing `identity:get_domain(domain_id=Default)` {{(pid=82244) enforce_call /opt/stack/keystone/keystone/common/rbac_enforcer/enforcer.py:494}}
Feb 04 10:09:45 ubuntu devstack@keystone.service[82244]: DEBUG keystone.common.rbac_enforcer.enforcer [None req-f1006517-db2d-46d7-b4c5-759e3feb7f3a None admin] RBAC: Authorization granted {{(pid=82244) enforce_call /opt/stack/keystone/keystone/common/rbac_enforcer/enforcer.py:505}}
Feb 04 10:09:45 ubuntu devstack@keystone.service[82245]: DEBUG keystone.common.rbac_enforcer.enforcer [None req-22ebb782-9e64-45a6-a2b5-85d9eed23007 None admin] Extracting inferred target data resulted in "NOT FOUND (404)". {{(pid=82245) enforce_call /opt/stack/keystone/keystone/common/rbac_enforcer/enforcer.py:445}}
Feb 04 10:09:45 ubuntu devstack@keystone.service[82245]: DEBUG keystone.server.flask.application [None req-22ebb782-9e64-45a6-a2b5-85d9eed23007 None admin] Could not find role: admin. {{(pid=82245) _handle_keystone_exception /opt/stack/keystone/keystone/server/flask/application.py:146}}
Feb 04 10:09:45 ubuntu devstack@keystone.service[82245]: [pid: 82245|app: 0|req: 13/26] 10.201.5.82 () {56 vars in 1132 bytes} [Wed Feb  4 10:09:45 2026] GET /identity/v3/roles/admin => generated 83 bytes in 92 msecs (HTTP/1.1 404) 5 headers in 183 bytes (1 switches on core 0)
Feb 04 10:09:45 ubuntu devstack@keystone.service[82245]: DEBUG keystone.server.flask.request_processing.middleware.auth_context [None req-22ebb782-9e64-45a6-a2b5-85d9eed23007 None admin] Authenticating user token {{(pid=82245) process_request /opt/stack/data/venv/lib/python3.10/site-packages/keystonemiddleware/auth_token/__init__.py:407}}
Feb 04 10:09:45 ubuntu devstack@keystone.service[82244]: DEBUG keystone.server.flask.application [None req-f1006517-db2d-46d7-b4c5-759e3feb7f3a None admin] Could not find domain: Default. {{(pid=82244) _handle_keystone_exception /opt/stack/keystone/keystone/server/flask/application.py:146}}
Feb 04 10:09:45 ubuntu devstack@keystone.service[82244]: [pid: 82244|app: 0|req: 14/27] 10.201.5.82 () {56 vars in 1100 bytes} [Wed Feb  4 10:09:45 2026] GET /identity/v3/domains/Default => generated 87 bytes in 111 msecs (HTTP/1.1 404) 5 headers in 183 bytes (1 switches on core 0)
Feb 04 10:09:45 ubuntu devstack@keystone.service[82244]: DEBUG keystone.server.flask.request_processing.middleware.auth_context [None req-f1006517-db2d-46d7-b4c5-759e3feb7f3a None admin] Authenticating user token {{(pid=82244) process_request /opt/stack/data/venv/lib/python3.10/site-packages/keystonemiddleware/auth_token/__init__.py:407}}
Feb 04 10:09:45 ubuntu devstack@keystone.service[82245]: DEBUG keystone.server.flask.request_processing.middleware.auth_context [None req-22ebb782-9e64-45a6-a2b5-85d9eed23007 None admin] Validating token access rules against request {{(pid=82245) validate_allowed_request /opt/stack/data/venv/lib/python3.10/site-packages/keystonemiddleware/auth_token/__init__.py:545}}
Feb 04 10:09:45 ubuntu devstack@keystone.service[82244]: DEBUG keystone.server.flask.request_processing.middleware.auth_context [None req-f1006517-db2d-46d7-b4c5-759e3feb7f3a None admin] Validating token access rules against request {{(pid=82244) validate_allowed_request /opt/stack/data/venv/lib/python3.10/site-packages/keystonemiddleware/auth_token/__init__.py:545}}
Feb 04 10:09:45 ubuntu devstack@keystone.service[82245]: DEBUG keystone.server.flask.request_processing.middleware.auth_context [None req-8a31d2da-2701-4cfe-8f09-4e84a78a9590 None admin] RBAC: auth_context: {'token': <TokenModel (audit_id=yQ_nAb48RSKoR1LCIFEchg, audit_chain_id=['yQ_nAb48RSKoR1LCIFEchg']) at 0x7fa6966062f0>, 'domain_id': None, 'trust_id': None, 'trustor_id': None, 'trustee_id': None, 'domain_name': None, 'group_ids': [], 'user_id': '69838cd955ac41838bb57a54fa1f43fd', 'user_domain_id': 'default', 'system_scope': 'all', 'project_id': None, 'project_domain_id': None, 'roles': ['admin', 'manager', 'member', 'reader'], 'is_admin_project': True, 'service_user_id': None, 'service_user_domain_id': None, 'service_project_id': None, 'service_project_domain_id': None, 'service_roles': []} {{(pid=82245) fill_context /opt/stack/keystone/keystone/server/flask/request_processing/middleware/auth_context.py:509}}
Feb 04 10:09:45 ubuntu devstack@keystone.service[82245]: DEBUG keystone.server.flask.request_processing.req_logging [None req-8a31d2da-2701-4cfe-8f09-4e84a78a9590 None admin] REQUEST_METHOD: `GET` {{(pid=82245) log_request_info /opt/stack/keystone/keystone/server/flask/request_processing/req_logging.py:26}}
Feb 04 10:09:45 ubuntu devstack@keystone.service[82245]: DEBUG keystone.server.flask.request_processing.req_logging [None req-8a31d2da-2701-4cfe-8f09-4e84a78a9590 None admin] SCRIPT_NAME: `/identity` {{(pid=82245) log_request_info /opt/stack/keystone/keystone/server/flask/request_processing/req_logging.py:27}}
Feb 04 10:09:45 ubuntu devstack@keystone.service[82245]: DEBUG keystone.server.flask.request_processing.req_logging [None req-8a31d2da-2701-4cfe-8f09-4e84a78a9590 None admin] PATH_INFO: `/v3/roles` {{(pid=82245) log_request_info /opt/stack/keystone/keystone/server/flask/request_processing/req_logging.py:28}}
Feb 04 10:09:45 ubuntu devstack@keystone.service[82245]: DEBUG keystone.common.rbac_enforcer.enforcer [None req-8a31d2da-2701-4cfe-8f09-4e84a78a9590 None admin] RBAC: Adding query filter params (name=admin) {{(pid=82245) _extract_filter_values /opt/stack/keystone/keystone/common/rbac_enforcer/enforcer.py:176}}
Feb 04 10:09:45 ubuntu devstack@keystone.service[82245]: DEBUG keystone.common.rbac_enforcer.enforcer [None req-8a31d2da-2701-4cfe-8f09-4e84a78a9590 None admin] RBAC: Authorizing `identity:list_roles()` {{(pid=82245) enforce_call /opt/stack/keystone/keystone/common/rbac_enforcer/enforcer.py:494}}
Feb 04 10:09:45 ubuntu devstack@keystone.service[82245]: DEBUG keystone.common.rbac_enforcer.enforcer [None req-8a31d2da-2701-4cfe-8f09-4e84a78a9590 None admin] RBAC: Authorization granted {{(pid=82245) enforce_call /opt/stack/keystone/keystone/common/rbac_enforcer/enforcer.py:505}}
Feb 04 10:09:45 ubuntu devstack@keystone.service[82245]: [pid: 82245|app: 0|req: 14/28] 10.201.5.82 () {56 vars in 1148 bytes} [Wed Feb  4 10:09:45 2026] GET /identity/v3/roles?name=admin => generated 339 bytes in 86 msecs (HTTP/1.1 200) 5 headers in 177 bytes (2 switches on core 0)
Feb 04 10:09:45 ubuntu devstack@keystone.service[82245]: DEBUG keystone.server.flask.request_processing.req_logging [None req-2c6260f0-2850-4994-8c0c-5e321d87aba9 None None] REQUEST_METHOD: `GET` {{(pid=82245) log_request_info /opt/stack/keystone/keystone/server/flask/request_processing/req_logging.py:26}}
Feb 04 10:09:45 ubuntu devstack@keystone.service[82245]: DEBUG keystone.server.flask.request_processing.req_logging [None req-2c6260f0-2850-4994-8c0c-5e321d87aba9 None None] SCRIPT_NAME: `/identity` {{(pid=82245) log_request_info /opt/stack/keystone/keystone/server/flask/request_processing/req_logging.py:27}}
Feb 04 10:09:45 ubuntu devstack@keystone.service[82245]: DEBUG keystone.server.flask.request_processing.req_logging [None req-2c6260f0-2850-4994-8c0c-5e321d87aba9 None None] PATH_INFO: `/` {{(pid=82245) log_request_info /opt/stack/keystone/keystone/server/flask/request_processing/req_logging.py:28}}
Feb 04 10:09:45 ubuntu devstack@keystone.service[82245]: [pid: 82245|app: 0|req: 15/29] 10.201.5.82 () {54 vars in 919 bytes} [Wed Feb  4 10:09:45 2026] GET /identity => generated 270 bytes in 1 msecs (HTTP/1.1 300) 6 headers in 234 bytes (1 switches on core 0)
Feb 04 10:09:45 ubuntu devstack@keystone.service[82245]: DEBUG keystone.server.flask.request_processing.req_logging [None req-8bd23175-a4c4-489e-adb3-352ad47aa4d8 None None] REQUEST_METHOD: `POST` {{(pid=82245) log_request_info /opt/stack/keystone/keystone/server/flask/request_processing/req_logging.py:26}}
Feb 04 10:09:45 ubuntu devstack@keystone.service[82245]: DEBUG keystone.server.flask.request_processing.req_logging [None req-8bd23175-a4c4-489e-adb3-352ad47aa4d8 None None] SCRIPT_NAME: `/identity` {{(pid=82245) log_request_info /opt/stack/keystone/keystone/server/flask/request_processing/req_logging.py:27}}
Feb 04 10:09:45 ubuntu devstack@keystone.service[82245]: DEBUG keystone.server.flask.request_processing.req_logging [None req-8bd23175-a4c4-489e-adb3-352ad47aa4d8 None None] PATH_INFO: `/v3/auth/tokens` {{(pid=82245) log_request_info /opt/stack/keystone/keystone/server/flask/request_processing/req_logging.py:28}}
Feb 04 10:09:45 ubuntu devstack@keystone.service[82244]: DEBUG keystone.server.flask.request_processing.middleware.auth_context [None req-594007ee-99b2-4c8d-ad24-24986d6c95ac None admin] RBAC: auth_context: {'token': <TokenModel (audit_id=UX2y2A5uSdSugO5igc8oiA, audit_chain_id=['UX2y2A5uSdSugO5igc8oiA']) at 0x7fa69653ba30>, 'domain_id': None, 'trust_id': None, 'trustor_id': None, 'trustee_id': None, 'domain_name': None, 'group_ids': [], 'user_id': '69838cd955ac41838bb57a54fa1f43fd', 'user_domain_id': 'default', 'system_scope': 'all', 'project_id': None, 'project_domain_id': None, 'roles': ['admin', 'manager', 'member', 'reader'], 'is_admin_project': True, 'service_user_id': None, 'service_user_domain_id': None, 'service_project_id': None, 'service_project_domain_id': None, 'service_roles': []} {{(pid=82244) fill_context /opt/stack/keystone/keystone/server/flask/request_processing/middleware/auth_context.py:509}}
Feb 04 10:09:45 ubuntu devstack@keystone.service[82244]: DEBUG keystone.server.flask.request_processing.req_logging [None req-594007ee-99b2-4c8d-ad24-24986d6c95ac None admin] REQUEST_METHOD: `GET` {{(pid=82244) log_request_info /opt/stack/keystone/keystone/server/flask/request_processing/req_logging.py:26}}
Feb 04 10:09:45 ubuntu devstack@keystone.service[82244]: DEBUG keystone.server.flask.request_processing.req_logging [None req-594007ee-99b2-4c8d-ad24-24986d6c95ac None admin] SCRIPT_NAME: `/identity` {{(pid=82244) log_request_info /opt/stack/keystone/keystone/server/flask/request_processing/req_logging.py:27}}
Feb 04 10:09:45 ubuntu devstack@keystone.service[82244]: DEBUG keystone.server.flask.request_processing.req_logging [None req-594007ee-99b2-4c8d-ad24-24986d6c95ac None admin] PATH_INFO: `/v3/domains` {{(pid=82244) log_request_info /opt/stack/keystone/keystone/server/flask/request_processing/req_logging.py:28}}
Feb 04 10:09:45 ubuntu devstack@keystone.service[82244]: DEBUG keystone.common.rbac_enforcer.enforcer [None req-594007ee-99b2-4c8d-ad24-24986d6c95ac None admin] RBAC: Adding query filter params (name=Default) {{(pid=82244) _extract_filter_values /opt/stack/keystone/keystone/common/rbac_enforcer/enforcer.py:176}}
Feb 04 10:09:45 ubuntu devstack@keystone.service[82245]: WARNING keystone.common.password_hashing [None req-8bd23175-a4c4-489e-adb3-352ad47aa4d8 None None] Truncating password to algorithm specific maximum length 72 characters.
Feb 04 10:09:45 ubuntu devstack@keystone.service[82244]: DEBUG keystone.common.rbac_enforcer.enforcer [None req-594007ee-99b2-4c8d-ad24-24986d6c95ac None admin] RBAC: Authorizing `identity:list_domains()` {{(pid=82244) enforce_call /opt/stack/keystone/keystone/common/rbac_enforcer/enforcer.py:494}}
Feb 04 10:09:45 ubuntu devstack@keystone.service[82244]: DEBUG keystone.common.rbac_enforcer.enforcer [None req-594007ee-99b2-4c8d-ad24-24986d6c95ac None admin] RBAC: Authorization granted {{(pid=82244) enforce_call /opt/stack/keystone/keystone/common/rbac_enforcer/enforcer.py:505}}
Feb 04 10:09:45 ubuntu devstack@keystone.service[82245]: DEBUG keystone.auth.core [None req-8bd23175-a4c4-489e-adb3-352ad47aa4d8 None None] MFA Rules not processed for user `69838cd955ac41838bb57a54fa1f43fd`. Rule list: `[]` (Enabled: `True`). {{(pid=82245) check_auth_methods_against_rules /opt/stack/keystone/keystone/auth/core.py:476}}
Feb 04 10:09:45 ubuntu devstack@keystone.service[82245]: DEBUG keystone.common.fernet_utils [None req-8bd23175-a4c4-489e-adb3-352ad47aa4d8 None None] Loaded 2 Fernet keys from /etc/keystone/fernet-keys/, but `[fernet_tokens] max_active_keys = 3`; perhaps there have not been enough key rotations to reach `max_active_keys` yet? {{(pid=82245) load_keys /opt/stack/keystone/keystone/common/fernet_utils.py:297}}
Feb 04 10:09:45 ubuntu devstack@keystone.service[82244]: [pid: 82244|app: 0|req: 15/30] 10.201.5.82 () {56 vars in 1101 bytes} [Wed Feb  4 10:09:45 2026] GET /identity/v3/domains?name=Default => generated 308 bytes in 112 msecs (HTTP/1.1 200) 5 headers in 177 bytes (1 switches on core 0)
Feb 04 10:09:45 ubuntu devstack@keystone.service[82244]: DEBUG keystone.server.flask.request_processing.middleware.auth_context [None req-594007ee-99b2-4c8d-ad24-24986d6c95ac None admin] Authenticating user token {{(pid=82244) process_request /opt/stack/data/venv/lib/python3.10/site-packages/keystonemiddleware/auth_token/__init__.py:407}}
Feb 04 10:09:45 ubuntu devstack@keystone.service[82245]: [pid: 82245|app: 0|req: 16/31] 10.201.5.82 () {58 vars in 1016 bytes} [Wed Feb  4 10:09:45 2026] POST /identity/v3/auth/tokens => generated 862 bytes in 50 msecs (HTTP/1.1 201) 6 headers in 363 bytes (2 switches on core 0)
Feb 04 10:09:45 ubuntu devstack@keystone.service[82245]: DEBUG keystone.server.flask.request_processing.middleware.auth_context [None req-8bd23175-a4c4-489e-adb3-352ad47aa4d8 None None] Authenticating user token {{(pid=82245) process_request /opt/stack/data/venv/lib/python3.10/site-packages/keystonemiddleware/auth_token/__init__.py:407}}
Feb 04 10:09:45 ubuntu devstack@keystone.service[82245]: DEBUG keystone.server.flask.request_processing.middleware.auth_context [None req-8bd23175-a4c4-489e-adb3-352ad47aa4d8 None None] Validating token access rules against request {{(pid=82245) validate_allowed_request /opt/stack/data/venv/lib/python3.10/site-packages/keystonemiddleware/auth_token/__init__.py:545}}
Feb 04 10:09:45 ubuntu devstack@keystone.service[82245]: DEBUG keystone.server.flask.request_processing.middleware.auth_context [None req-6c1efe4d-c544-4e66-8a13-d3fd32986cec None admin] RBAC: auth_context: {'token': <TokenModel (audit_id=UX2y2A5uSdSugO5igc8oiA, audit_chain_id=['UX2y2A5uSdSugO5igc8oiA']) at 0x7fa696604220>, 'domain_id': None, 'trust_id': None, 'trustor_id': None, 'trustee_id': None, 'domain_name': None, 'group_ids': [], 'user_id': '69838cd955ac41838bb57a54fa1f43fd', 'user_domain_id': 'default', 'system_scope': 'all', 'project_id': None, 'project_domain_id': None, 'roles': ['admin', 'manager', 'member', 'reader'], 'is_admin_project': True, 'service_user_id': None, 'service_user_domain_id': None, 'service_project_id': None, 'service_project_domain_id': None, 'service_roles': []} {{(pid=82245) fill_context /opt/stack/keystone/keystone/server/flask/request_processing/middleware/auth_context.py:509}}
Feb 04 10:09:45 ubuntu devstack@keystone.service[82245]: DEBUG keystone.server.flask.request_processing.req_logging [None req-6c1efe4d-c544-4e66-8a13-d3fd32986cec None admin] REQUEST_METHOD: `POST` {{(pid=82245) log_request_info /opt/stack/keystone/keystone/server/flask/request_processing/req_logging.py:26}}
Feb 04 10:09:45 ubuntu devstack@keystone.service[82245]: DEBUG keystone.server.flask.request_processing.req_logging [None req-6c1efe4d-c544-4e66-8a13-d3fd32986cec None admin] SCRIPT_NAME: `/identity` {{(pid=82245) log_request_info /opt/stack/keystone/keystone/server/flask/request_processing/req_logging.py:27}}
Feb 04 10:09:45 ubuntu devstack@keystone.service[82245]: DEBUG keystone.server.flask.request_processing.req_logging [None req-6c1efe4d-c544-4e66-8a13-d3fd32986cec None admin] PATH_INFO: `/v3/projects` {{(pid=82245) log_request_info /opt/stack/keystone/keystone/server/flask/request_processing/req_logging.py:28}}
Feb 04 10:09:45 ubuntu devstack@keystone.service[82245]: DEBUG keystone.common.rbac_enforcer.enforcer [None req-6c1efe4d-c544-4e66-8a13-d3fd32986cec None admin] RBAC: Authorizing `identity:create_project()` {{(pid=82245) enforce_call /opt/stack/keystone/keystone/common/rbac_enforcer/enforcer.py:494}}
Feb 04 10:09:45 ubuntu devstack@keystone.service[82245]: DEBUG keystone.common.rbac_enforcer.enforcer [None req-6c1efe4d-c544-4e66-8a13-d3fd32986cec None admin] RBAC: Authorization granted {{(pid=82245) enforce_call /opt/stack/keystone/keystone/common/rbac_enforcer/enforcer.py:505}}
Feb 04 10:09:45 ubuntu devstack@keystone.service[82244]: DEBUG keystone.server.flask.request_processing.middleware.auth_context [None req-594007ee-99b2-4c8d-ad24-24986d6c95ac None admin] Validating token access rules against request {{(pid=82244) validate_allowed_request /opt/stack/data/venv/lib/python3.10/site-packages/keystonemiddleware/auth_token/__init__.py:545}}
Feb 04 10:09:45 ubuntu devstack@keystone.service[82244]: DEBUG keystone.server.flask.request_processing.middleware.auth_context [None req-238fa82b-6357-4205-ad20-f4df2804a7a8 None admin] RBAC: auth_context: {'token': <TokenModel (audit_id=yQ_nAb48RSKoR1LCIFEchg, audit_chain_id=['yQ_nAb48RSKoR1LCIFEchg']) at 0x7fa696583310>, 'domain_id': None, 'trust_id': None, 'trustor_id': None, 'trustee_id': None, 'domain_name': None, 'group_ids': [], 'user_id': '69838cd955ac41838bb57a54fa1f43fd', 'user_domain_id': 'default', 'system_scope': 'all', 'project_id': None, 'project_domain_id': None, 'roles': ['admin', 'manager', 'member', 'reader'], 'is_admin_project': True, 'service_user_id': None, 'service_user_domain_id': None, 'service_project_id': None, 'service_project_domain_id': None, 'service_roles': []} {{(pid=82244) fill_context /opt/stack/keystone/keystone/server/flask/request_processing/middleware/auth_context.py:509}}
Feb 04 10:09:45 ubuntu devstack@keystone.service[82244]: DEBUG keystone.server.flask.request_processing.req_logging [None req-238fa82b-6357-4205-ad20-f4df2804a7a8 None admin] REQUEST_METHOD: `GET` {{(pid=82244) log_request_info /opt/stack/keystone/keystone/server/flask/request_processing/req_logging.py:26}}
Feb 04 10:09:45 ubuntu devstack@keystone.service[82244]: DEBUG keystone.server.flask.request_processing.req_logging [None req-238fa82b-6357-4205-ad20-f4df2804a7a8 None admin] SCRIPT_NAME: `/identity` {{(pid=82244) log_request_info /opt/stack/keystone/keystone/server/flask/request_processing/req_logging.py:27}}
Feb 04 10:09:45 ubuntu devstack@keystone.service[82244]: DEBUG keystone.server.flask.request_processing.req_logging [None req-238fa82b-6357-4205-ad20-f4df2804a7a8 None admin] PATH_INFO: `/v3/users/69838cd955ac41838bb57a54fa1f43fd` {{(pid=82244) log_request_info /opt/stack/keystone/keystone/server/flask/request_processing/req_logging.py:28}}
Feb 04 10:09:45 ubuntu devstack@keystone.service[82244]: DEBUG keystone.common.rbac_enforcer.enforcer [None req-238fa82b-6357-4205-ad20-f4df2804a7a8 None admin] RBAC: Authorizing `identity:get_user(user_id=69838cd955ac41838bb57a54fa1f43fd)` {{(pid=82244) enforce_call /opt/stack/keystone/keystone/common/rbac_enforcer/enforcer.py:494}}
Feb 04 10:09:45 ubuntu devstack@keystone.service[82244]: DEBUG keystone.common.rbac_enforcer.enforcer [None req-238fa82b-6357-4205-ad20-f4df2804a7a8 None admin] RBAC: Authorization granted {{(pid=82244) enforce_call /opt/stack/keystone/keystone/common/rbac_enforcer/enforcer.py:505}}
Feb 04 10:09:45 ubuntu devstack@keystone.service[82244]: [pid: 82244|app: 0|req: 16/32] 10.201.5.82 () {56 vars in 1213 bytes} [Wed Feb  4 10:09:45 2026] GET /identity/v3/users/69838cd955ac41838bb57a54fa1f43fd => generated 247 bytes in 144 msecs (HTTP/1.1 200) 5 headers in 177 bytes (1 switches on core 0)
Feb 04 10:09:45 ubuntu devstack@keystone.service[82244]: DEBUG keystone.server.flask.request_processing.middleware.auth_context [None req-238fa82b-6357-4205-ad20-f4df2804a7a8 None admin] Authenticating user token {{(pid=82244) process_request /opt/stack/data/venv/lib/python3.10/site-packages/keystonemiddleware/auth_token/__init__.py:407}}
Feb 04 10:09:45 ubuntu devstack@keystone.service[82245]: [pid: 82245|app: 0|req: 17/33] 10.201.5.82 () {60 vars in 1133 bytes} [Wed Feb  4 10:09:45 2026] POST /identity/v3/projects => generated 301 bytes in 263 msecs (HTTP/1.1 201) 5 headers in 182 bytes (1 switches on core 0)
Feb 04 10:09:45 ubuntu devstack@keystone.service[82245]: DEBUG keystone.server.flask.request_processing.req_logging [None req-ac3579a0-21c2-4eb3-a210-8db89f8b203b None None] REQUEST_METHOD: `GET` {{(pid=82245) log_request_info /opt/stack/keystone/keystone/server/flask/request_processing/req_logging.py:26}}
Feb 04 10:09:45 ubuntu devstack@keystone.service[82245]: DEBUG keystone.server.flask.request_processing.req_logging [None req-ac3579a0-21c2-4eb3-a210-8db89f8b203b None None] SCRIPT_NAME: `/identity` {{(pid=82245) log_request_info /opt/stack/keystone/keystone/server/flask/request_processing/req_logging.py:27}}
Feb 04 10:09:45 ubuntu devstack@keystone.service[82245]: DEBUG keystone.server.flask.request_processing.req_logging [None req-ac3579a0-21c2-4eb3-a210-8db89f8b203b None None] PATH_INFO: `/` {{(pid=82245) log_request_info /opt/stack/keystone/keystone/server/flask/request_processing/req_logging.py:28}}
Feb 04 10:09:45 ubuntu devstack@keystone.service[82245]: [pid: 82245|app: 0|req: 18/34] 10.201.5.82 () {54 vars in 919 bytes} [Wed Feb  4 10:09:45 2026] GET /identity => generated 270 bytes in 2 msecs (HTTP/1.1 300) 6 headers in 234 bytes (1 switches on core 0)
Feb 04 10:09:45 ubuntu devstack@keystone.service[82245]: DEBUG keystone.server.flask.request_processing.middleware.auth_context [None req-ac3579a0-21c2-4eb3-a210-8db89f8b203b None None] Authenticating user token {{(pid=82245) process_request /opt/stack/data/venv/lib/python3.10/site-packages/keystonemiddleware/auth_token/__init__.py:407}}
Feb 04 10:09:45 ubuntu devstack@keystone.service[82244]: DEBUG keystone.server.flask.request_processing.middleware.auth_context [None req-238fa82b-6357-4205-ad20-f4df2804a7a8 None admin] Validating token access rules against request {{(pid=82244) validate_allowed_request /opt/stack/data/venv/lib/python3.10/site-packages/keystonemiddleware/auth_token/__init__.py:545}}
Feb 04 10:09:45 ubuntu devstack@keystone.service[82244]: DEBUG keystone.server.flask.request_processing.middleware.auth_context [None req-df5239d1-0d53-4948-870d-40011db34c91 None admin] RBAC: auth_context: {'token': <TokenModel (audit_id=yQ_nAb48RSKoR1LCIFEchg, audit_chain_id=['yQ_nAb48RSKoR1LCIFEchg']) at 0x7fa69651f100>, 'domain_id': None, 'trust_id': None, 'trustor_id': None, 'trustee_id': None, 'domain_name': None, 'group_ids': [], 'user_id': '69838cd955ac41838bb57a54fa1f43fd', 'user_domain_id': 'default', 'system_scope': 'all', 'project_id': None, 'project_domain_id': None, 'roles': ['admin', 'manager', 'member', 'reader'], 'is_admin_project': True, 'service_user_id': None, 'service_user_domain_id': None, 'service_project_id': None, 'service_project_domain_id': None, 'service_roles': []} {{(pid=82244) fill_context /opt/stack/keystone/keystone/server/flask/request_processing/middleware/auth_context.py:509}}
Feb 04 10:09:45 ubuntu devstack@keystone.service[82244]: DEBUG keystone.server.flask.request_processing.req_logging [None req-df5239d1-0d53-4948-870d-40011db34c91 None admin] REQUEST_METHOD: `GET` {{(pid=82244) log_request_info /opt/stack/keystone/keystone/server/flask/request_processing/req_logging.py:26}}
Feb 04 10:09:45 ubuntu devstack@keystone.service[82244]: DEBUG keystone.server.flask.request_processing.req_logging [None req-df5239d1-0d53-4948-870d-40011db34c91 None admin] SCRIPT_NAME: `/identity` {{(pid=82244) log_request_info /opt/stack/keystone/keystone/server/flask/request_processing/req_logging.py:27}}
Feb 04 10:09:45 ubuntu devstack@keystone.service[82245]: DEBUG keystone.server.flask.request_processing.middleware.auth_context [None req-ac3579a0-21c2-4eb3-a210-8db89f8b203b None None] Validating token access rules against request {{(pid=82245) validate_allowed_request /opt/stack/data/venv/lib/python3.10/site-packages/keystonemiddleware/auth_token/__init__.py:545}}
Feb 04 10:09:45 ubuntu devstack@keystone.service[82244]: DEBUG keystone.server.flask.request_processing.req_logging [None req-df5239d1-0d53-4948-870d-40011db34c91 None admin] PATH_INFO: `/v3/domains/default` {{(pid=82244) log_request_info /opt/stack/keystone/keystone/server/flask/request_processing/req_logging.py:28}}
Feb 04 10:09:45 ubuntu devstack@keystone.service[82244]: DEBUG keystone.common.rbac_enforcer.enforcer [None req-df5239d1-0d53-4948-870d-40011db34c91 None admin] RBAC: Authorizing `identity:get_domain(domain_id=default)` {{(pid=82244) enforce_call /opt/stack/keystone/keystone/common/rbac_enforcer/enforcer.py:494}}
Feb 04 10:09:45 ubuntu devstack@keystone.service[82244]: DEBUG keystone.common.rbac_enforcer.enforcer [None req-df5239d1-0d53-4948-870d-40011db34c91 None admin] RBAC: Authorization granted {{(pid=82244) enforce_call /opt/stack/keystone/keystone/common/rbac_enforcer/enforcer.py:505}}
Feb 04 10:09:45 ubuntu devstack@keystone.service[82244]: [pid: 82244|app: 0|req: 17/35] 10.201.5.82 () {56 vars in 1144 bytes} [Wed Feb  4 10:09:45 2026] GET /identity/v3/domains/default => generated 199 bytes in 187 msecs (HTTP/1.1 200) 5 headers in 177 bytes (1 switches on core 0)
Feb 04 10:09:45 ubuntu devstack@keystone.service[82244]: DEBUG keystone.server.flask.request_processing.req_logging [None req-0bacc481-6e44-4f5c-a24d-44a2dcb82c76 None None] REQUEST_METHOD: `POST` {{(pid=82244) log_request_info /opt/stack/keystone/keystone/server/flask/request_processing/req_logging.py:26}}
Feb 04 10:09:45 ubuntu devstack@keystone.service[82244]: DEBUG keystone.server.flask.request_processing.req_logging [None req-0bacc481-6e44-4f5c-a24d-44a2dcb82c76 None None] SCRIPT_NAME: `/identity` {{(pid=82244) log_request_info /opt/stack/keystone/keystone/server/flask/request_processing/req_logging.py:27}}
Feb 04 10:09:45 ubuntu devstack@keystone.service[82244]: DEBUG keystone.server.flask.request_processing.req_logging [None req-0bacc481-6e44-4f5c-a24d-44a2dcb82c76 None None] PATH_INFO: `/v3/auth/tokens` {{(pid=82244) log_request_info /opt/stack/keystone/keystone/server/flask/request_processing/req_logging.py:28}}
Feb 04 10:09:45 ubuntu devstack@keystone.service[82244]: WARNING keystone.common.password_hashing [None req-0bacc481-6e44-4f5c-a24d-44a2dcb82c76 None None] Truncating password to algorithm specific maximum length 72 characters.
Feb 04 10:09:45 ubuntu devstack@keystone.service[82244]: DEBUG keystone.auth.core [None req-0bacc481-6e44-4f5c-a24d-44a2dcb82c76 None None] MFA Rules not processed for user `69838cd955ac41838bb57a54fa1f43fd`. Rule list: `[]` (Enabled: `True`). {{(pid=82244) check_auth_methods_against_rules /opt/stack/keystone/keystone/auth/core.py:476}}
Feb 04 10:09:45 ubuntu devstack@keystone.service[82245]: DEBUG keystone.server.flask.request_processing.middleware.auth_context [None req-86a31f4d-66ec-4429-a43c-9605ce2b56c7 None admin] RBAC: auth_context: {'token': <TokenModel (audit_id=kmRDZ_D4QiGHXL_bkeQKUg, audit_chain_id=['kmRDZ_D4QiGHXL_bkeQKUg']) at 0x7fa6961005e0>, 'domain_id': None, 'trust_id': None, 'trustor_id': None, 'trustee_id': None, 'domain_name': None, 'group_ids': [], 'user_id': '69838cd955ac41838bb57a54fa1f43fd', 'user_domain_id': 'default', 'system_scope': 'all', 'project_id': None, 'project_domain_id': None, 'roles': ['admin', 'manager', 'member', 'reader'], 'is_admin_project': True, 'service_user_id': None, 'service_user_domain_id': None, 'service_project_id': None, 'service_project_domain_id': None, 'service_roles': []} {{(pid=82245) fill_context /opt/stack/keystone/keystone/server/flask/request_processing/middleware/auth_context.py:509}}
Feb 04 10:09:45 ubuntu devstack@keystone.service[82245]: DEBUG keystone.server.flask.request_processing.req_logging [None req-86a31f4d-66ec-4429-a43c-9605ce2b56c7 None admin] REQUEST_METHOD: `POST` {{(pid=82245) log_request_info /opt/stack/keystone/keystone/server/flask/request_processing/req_logging.py:26}}
Feb 04 10:09:45 ubuntu devstack@keystone.service[82244]: DEBUG keystone.common.fernet_utils [None req-0bacc481-6e44-4f5c-a24d-44a2dcb82c76 None None] Loaded 2 Fernet keys from /etc/keystone/fernet-keys/, but `[fernet_tokens] max_active_keys = 3`; perhaps there have not been enough key rotations to reach `max_active_keys` yet? {{(pid=82244) load_keys /opt/stack/keystone/keystone/common/fernet_utils.py:297}}
Feb 04 10:09:45 ubuntu devstack@keystone.service[82245]: DEBUG keystone.server.flask.request_processing.req_logging [None req-86a31f4d-66ec-4429-a43c-9605ce2b56c7 None admin] SCRIPT_NAME: `/identity` {{(pid=82245) log_request_info /opt/stack/keystone/keystone/server/flask/request_processing/req_logging.py:27}}
Feb 04 10:09:45 ubuntu devstack@keystone.service[82245]: DEBUG keystone.server.flask.request_processing.req_logging [None req-86a31f4d-66ec-4429-a43c-9605ce2b56c7 None admin] PATH_INFO: `/v3/roles` {{(pid=82245) log_request_info /opt/stack/keystone/keystone/server/flask/request_processing/req_logging.py:28}}
Feb 04 10:09:45 ubuntu devstack@keystone.service[82245]: DEBUG keystone.common.rbac_enforcer.enforcer [None req-86a31f4d-66ec-4429-a43c-9605ce2b56c7 None admin] RBAC: Authorizing `identity:create_role()` {{(pid=82245) enforce_call /opt/stack/keystone/keystone/common/rbac_enforcer/enforcer.py:494}}
Feb 04 10:09:45 ubuntu devstack@keystone.service[82245]: DEBUG keystone.common.rbac_enforcer.enforcer [None req-86a31f4d-66ec-4429-a43c-9605ce2b56c7 None admin] RBAC: Authorization granted {{(pid=82245) enforce_call /opt/stack/keystone/keystone/common/rbac_enforcer/enforcer.py:505}}
Feb 04 10:09:45 ubuntu devstack@keystone.service[82245]: DEBUG keystone.common.sql.core [None req-86a31f4d-66ec-4429-a43c-9605ce2b56c7 None admin] Conflict role: (pymysql.err.IntegrityError) (1062, "Duplicate entry 'service-<<null>>' for key 'role.ixu_role_name_domain_id'")
Feb 04 10:09:45 ubuntu devstack@keystone.service[82245]: [SQL: INSERT INTO `role` (id, name, description, extra) VALUES (%(id)s, %(name)s, %(description)s, %(extra)s)]
Feb 04 10:09:45 ubuntu devstack@keystone.service[82245]: [parameters: {'id': '3dc23fa540184dd18d14bb179ba314c0', 'name': 'service', 'description': None, 'extra': '{}'}]
Feb 04 10:09:45 ubuntu devstack@keystone.service[82245]: (Background on this error at: https://sqlalche.me/e/20/gkpj) {{(pid=82245) wrapper /opt/stack/keystone/keystone/common/sql/core.py:580}}
Feb 04 10:09:45 ubuntu devstack@keystone.service[82245]: ERROR keystone.server.flask.application [None req-86a31f4d-66ec-4429-a43c-9605ce2b56c7 None admin] Conflict occurred attempting to store role - Duplicate entry found with name service.: keystone.exception.Conflict: Conflict occurred attempting to store role - Duplicate entry found with name service.
Feb 04 10:09:45 ubuntu devstack@keystone.service[82245]: ERROR keystone.server.flask.application Traceback (most recent call last):
Feb 04 10:09:45 ubuntu devstack@keystone.service[82245]: ERROR keystone.server.flask.application   File "/opt/stack/data/venv/lib/python3.10/site-packages/sqlalchemy/engine/base.py", line 1967, in _exec_single_context
Feb 04 10:09:45 ubuntu devstack@keystone.service[82245]: ERROR keystone.server.flask.application     self.dialect.do_execute(
Feb 04 10:09:45 ubuntu devstack@keystone.service[82245]: ERROR keystone.server.flask.application   File "/opt/stack/data/venv/lib/python3.10/site-packages/sqlalchemy/engine/default.py", line 951, in do_execute
Feb 04 10:09:45 ubuntu devstack@keystone.service[82245]: ERROR keystone.server.flask.application     cursor.execute(statement, parameters)
Feb 04 10:09:45 ubuntu devstack@keystone.service[82245]: ERROR keystone.server.flask.application   File "/opt/stack/data/venv/lib/python3.10/site-packages/pymysql/cursors.py", line 153, in execute
Feb 04 10:09:45 ubuntu devstack@keystone.service[82245]: ERROR keystone.server.flask.application     result = self._query(query)
Feb 04 10:09:45 ubuntu devstack@keystone.service[82245]: ERROR keystone.server.flask.application   File "/opt/stack/data/venv/lib/python3.10/site-packages/pymysql/cursors.py", line 322, in _query
Feb 04 10:09:45 ubuntu devstack@keystone.service[82245]: ERROR keystone.server.flask.application     conn.query(q)
Feb 04 10:09:45 ubuntu devstack@keystone.service[82245]: ERROR keystone.server.flask.application   File "/opt/stack/data/venv/lib/python3.10/site-packages/pymysql/connections.py", line 575, in query
Feb 04 10:09:45 ubuntu devstack@keystone.service[82245]: ERROR keystone.server.flask.application     self._affected_rows = self._read_query_result(unbuffered=unbuffered)
Feb 04 10:09:45 ubuntu devstack@keystone.service[82245]: ERROR keystone.server.flask.application   File "/opt/stack/data/venv/lib/python3.10/site-packages/pymysql/connections.py", line 826, in _read_query_result
Feb 04 10:09:45 ubuntu devstack@keystone.service[82245]: ERROR keystone.server.flask.application     result.read()
Feb 04 10:09:45 ubuntu devstack@keystone.service[82245]: ERROR keystone.server.flask.application   File "/opt/stack/data/venv/lib/python3.10/site-packages/pymysql/connections.py", line 1203, in read
Feb 04 10:09:45 ubuntu devstack@keystone.service[82245]: ERROR keystone.server.flask.application     first_packet = self.connection._read_packet()
Feb 04 10:09:45 ubuntu devstack@keystone.service[82245]: ERROR keystone.server.flask.application   File "/opt/stack/data/venv/lib/python3.10/site-packages/pymysql/connections.py", line 782, in _read_packet
Feb 04 10:09:45 ubuntu devstack@keystone.service[82245]: ERROR keystone.server.flask.application     packet.raise_for_error()
Feb 04 10:09:45 ubuntu devstack@keystone.service[82245]: ERROR keystone.server.flask.application   File "/opt/stack/data/venv/lib/python3.10/site-packages/pymysql/protocol.py", line 219, in raise_for_error
Feb 04 10:09:45 ubuntu devstack@keystone.service[82245]: ERROR keystone.server.flask.application     err.raise_mysql_exception(self._data)
Feb 04 10:09:45 ubuntu devstack@keystone.service[82245]: ERROR keystone.server.flask.application   File "/opt/stack/data/venv/lib/python3.10/site-packages/pymysql/err.py", line 150, in raise_mysql_exception
Feb 04 10:09:45 ubuntu devstack@keystone.service[82245]: ERROR keystone.server.flask.application     raise errorclass(errno, errval)
Feb 04 10:09:45 ubuntu devstack@keystone.service[82245]: ERROR keystone.server.flask.application pymysql.err.IntegrityError: (1062, "Duplicate entry 'service-<<null>>' for key 'role.ixu_role_name_domain_id'")
Feb 04 10:09:45 ubuntu devstack@keystone.service[82245]: ERROR keystone.server.flask.application 
Feb 04 10:09:45 ubuntu devstack@keystone.service[82245]: ERROR keystone.server.flask.application The above exception was the direct cause of the following exception:
Feb 04 10:09:45 ubuntu devstack@keystone.service[82245]: ERROR keystone.server.flask.application 
Feb 04 10:09:45 ubuntu devstack@keystone.service[82245]: ERROR keystone.server.flask.application Traceback (most recent call last):
Feb 04 10:09:45 ubuntu devstack@keystone.service[82245]: ERROR keystone.server.flask.application   File "/opt/stack/keystone/keystone/common/sql/core.py", line 575, in wrapper
Feb 04 10:09:45 ubuntu devstack@keystone.service[82245]: ERROR keystone.server.flask.application     return method(*args, **kwargs)
Feb 04 10:09:45 ubuntu devstack@keystone.service[82245]: ERROR keystone.server.flask.application   File "/opt/stack/keystone/keystone/assignment/role_backends/sql.py", line 25, in create_role
Feb 04 10:09:45 ubuntu devstack@keystone.service[82245]: ERROR keystone.server.flask.application     with sql.session_for_write() as session:
Feb 04 10:09:45 ubuntu devstack@keystone.service[82245]: ERROR keystone.server.flask.application   File "/usr/lib/python3.10/contextlib.py", line 142, in __exit__
Feb 04 10:09:45 ubuntu devstack@keystone.service[82245]: ERROR keystone.server.flask.application     next(self.gen)
Feb 04 10:09:45 ubuntu devstack@keystone.service[82245]: ERROR keystone.server.flask.application   File "/opt/stack/data/venv/lib/python3.10/site-packages/oslo_db/sqlalchemy/enginefacade.py", line 1175, in _transaction_scope
Feb 04 10:09:45 ubuntu devstack@keystone.service[82245]: ERROR keystone.server.flask.application     with current._produce_block(
Feb 04 10:09:45 ubuntu devstack@keystone.service[82245]: ERROR keystone.server.flask.application   File "/usr/lib/python3.10/contextlib.py", line 142, in __exit__
Feb 04 10:09:45 ubuntu devstack@keystone.service[82245]: ERROR keystone.server.flask.application     next(self.gen)
Feb 04 10:09:45 ubuntu devstack@keystone.service[82245]: ERROR keystone.server.flask.application   File "/opt/stack/data/venv/lib/python3.10/site-packages/oslo_db/sqlalchemy/enginefacade.py", line 837, in _session
Feb 04 10:09:45 ubuntu devstack@keystone.service[82245]: ERROR keystone.server.flask.application     with excutils.save_and_reraise_exception():
Feb 04 10:09:45 ubuntu devstack@keystone.service[82245]: ERROR keystone.server.flask.application   File "/opt/stack/data/venv/lib/python3.10/site-packages/oslo_utils/excutils.py", line 256, in __exit__
Feb 04 10:09:45 ubuntu devstack@keystone.service[82245]: ERROR keystone.server.flask.application     self.force_reraise()
Feb 04 10:09:45 ubuntu devstack@keystone.service[82245]: ERROR keystone.server.flask.application   File "/opt/stack/data/venv/lib/python3.10/site-packages/oslo_utils/excutils.py", line 222, in force_reraise
Feb 04 10:09:45 ubuntu devstack@keystone.service[82245]: ERROR keystone.server.flask.application     raise self.value
Feb 04 10:09:45 ubuntu devstack@keystone.service[82245]: ERROR keystone.server.flask.application   File "/opt/stack/data/venv/lib/python3.10/site-packages/oslo_db/sqlalchemy/enginefacade.py", line 835, in _session
Feb 04 10:09:45 ubuntu devstack@keystone.service[82245]: ERROR keystone.server.flask.application     self._end_session_transaction(self.session)
Feb 04 10:09:45 ubuntu devstack@keystone.service[82245]: ERROR keystone.server.flask.application   File "/opt/stack/data/venv/lib/python3.10/site-packages/oslo_db/sqlalchemy/enginefacade.py", line 748, in _end_session_transaction
Feb 04 10:09:45 ubuntu devstack@keystone.service[82245]: ERROR keystone.server.flask.application     session.commit()
Feb 04 10:09:45 ubuntu devstack@keystone.service[82245]: ERROR keystone.server.flask.application   File "/opt/stack/data/venv/lib/python3.10/site-packages/sqlalchemy/orm/session.py", line 2030, in commit
Feb 04 10:09:45 ubuntu devstack@keystone.service[82245]: ERROR keystone.server.flask.application     trans.commit(_to_root=True)
Feb 04 10:09:45 ubuntu devstack@keystone.service[82245]: ERROR keystone.server.flask.application   File "<string>", line 2, in commit
Feb 04 10:09:45 ubuntu devstack@keystone.service[82245]: ERROR keystone.server.flask.application   File "/opt/stack/data/venv/lib/python3.10/site-packages/sqlalchemy/orm/state_changes.py", line 137, in _go
Feb 04 10:09:45 ubuntu devstack@keystone.service[82245]: ERROR keystone.server.flask.application     ret_value = fn(self, *arg, **kw)
Feb 04 10:09:45 ubuntu devstack@keystone.service[82245]: ERROR keystone.server.flask.application   File "/opt/stack/data/venv/lib/python3.10/site-packages/sqlalchemy/orm/session.py", line 1311, in commit
Feb 04 10:09:45 ubuntu devstack@keystone.service[82245]: ERROR keystone.server.flask.application     self._prepare_impl()
Feb 04 10:09:45 ubuntu devstack@keystone.service[82245]: ERROR keystone.server.flask.application   File "<string>", line 2, in _prepare_impl
Feb 04 10:09:45 ubuntu devstack@keystone.service[82245]: ERROR keystone.server.flask.application   File "/opt/stack/data/venv/lib/python3.10/site-packages/sqlalchemy/orm/state_changes.py", line 137, in _go
Feb 04 10:09:45 ubuntu devstack@keystone.service[82245]: ERROR keystone.server.flask.application     ret_value = fn(self, *arg, **kw)
Feb 04 10:09:45 ubuntu devstack@keystone.service[82245]: ERROR keystone.server.flask.application   File "/opt/stack/data/venv/lib/python3.10/site-packages/sqlalchemy/orm/session.py", line 1286, in _prepare_impl
Feb 04 10:09:45 ubuntu devstack@keystone.service[82245]: ERROR keystone.server.flask.application     self.session.flush()
Feb 04 10:09:45 ubuntu devstack@keystone.service[82245]: ERROR keystone.server.flask.application   File "/opt/stack/data/venv/lib/python3.10/site-packages/sqlalchemy/orm/session.py", line 4331, in flush
Feb 04 10:09:45 ubuntu devstack@keystone.service[82245]: ERROR keystone.server.flask.application     self._flush(objects)
Feb 04 10:09:45 ubuntu devstack@keystone.service[82245]: ERROR keystone.server.flask.application   File "/opt/stack/data/venv/lib/python3.10/site-packages/sqlalchemy/orm/session.py", line 4466, in _flush
Feb 04 10:09:45 ubuntu devstack@keystone.service[82245]: ERROR keystone.server.flask.application     with util.safe_reraise():
Feb 04 10:09:45 ubuntu devstack@keystone.service[82245]: ERROR keystone.server.flask.application   File "/opt/stack/data/venv/lib/python3.10/site-packages/sqlalchemy/util/langhelpers.py", line 224, in __exit__
Feb 04 10:09:45 ubuntu devstack@keystone.service[82245]: ERROR keystone.server.flask.application     raise exc_value.with_traceback(exc_tb)
Feb 04 10:09:45 ubuntu devstack@keystone.service[82245]: ERROR keystone.server.flask.application   File "/opt/stack/data/venv/lib/python3.10/site-packages/sqlalchemy/orm/session.py", line 4427, in _flush
Feb 04 10:09:45 ubuntu devstack@keystone.service[82245]: ERROR keystone.server.flask.application     flush_context.execute()
Feb 04 10:09:45 ubuntu devstack@keystone.service[82245]: ERROR keystone.server.flask.application   File "/opt/stack/data/venv/lib/python3.10/site-packages/sqlalchemy/orm/unitofwork.py", line 466, in execute
Feb 04 10:09:45 ubuntu devstack@keystone.service[82245]: ERROR keystone.server.flask.application     rec.execute(self)
Feb 04 10:09:45 ubuntu devstack@keystone.service[82245]: ERROR keystone.server.flask.application   File "/opt/stack/data/venv/lib/python3.10/site-packages/sqlalchemy/orm/unitofwork.py", line 642, in execute
Feb 04 10:09:45 ubuntu devstack@keystone.service[82245]: ERROR keystone.server.flask.application     util.preloaded.orm_persistence.save_obj(
