Jul 08 14:05:19 ubuntu devstack@keystone.service[80833]: WARNING keystone.common.password_hashing [None req-6c827b58-9d13-4a5b-af46-2541735b603f None None] Truncating password to algorithm specific maximum length 72 characters.
Jul 08 14:05:19 ubuntu devstack@keystone.service[80832]: DEBUG keystone.auth.core [None req-259f19ab-396c-4a07-a95b-851969ef649a None None] MFA Rules not processed for user `6cbea52803184a7da71967367b1fbc0d`. Rule list: `[]` (Enabled: `True`). {{(pid=80832) check_auth_methods_against_rules /opt/stack/keystone/keystone/auth/core.py:476}}
Jul 08 14:05:19 ubuntu devstack@keystone.service[80832]: DEBUG keystone.common.fernet_utils [None req-259f19ab-396c-4a07-a95b-851969ef649a None None] Loaded 2 Fernet keys from /etc/keystone/fernet-keys/, but `[fernet_tokens] max_active_keys = 3`; perhaps there have not been enough key rotations to reach `max_active_keys` yet? {{(pid=80832) load_keys /opt/stack/keystone/keystone/common/fernet_utils.py:297}}
Jul 08 14:05:19 ubuntu devstack@keystone.service[80833]: DEBUG keystone.auth.core [None req-6c827b58-9d13-4a5b-af46-2541735b603f None None] MFA Rules not processed for user `6cbea52803184a7da71967367b1fbc0d`. Rule list: `[]` (Enabled: `True`). {{(pid=80833) check_auth_methods_against_rules /opt/stack/keystone/keystone/auth/core.py:476}}
Jul 08 14:05:19 ubuntu devstack@keystone.service[80833]: DEBUG keystone.common.fernet_utils [None req-6c827b58-9d13-4a5b-af46-2541735b603f None None] Loaded 2 Fernet keys from /etc/keystone/fernet-keys/, but `[fernet_tokens] max_active_keys = 3`; perhaps there have not been enough key rotations to reach `max_active_keys` yet? {{(pid=80833) load_keys /opt/stack/keystone/keystone/common/fernet_utils.py:297}}
Jul 08 14:05:19 ubuntu devstack@keystone.service[80832]: [pid: 80832|app: 0|req: 12/24] 10.201.5.82 () {58 vars in 1016 bytes} [Tue Jul  8 14:05:19 2025] POST /identity/v3/auth/tokens => generated 862 bytes in 71 msecs (HTTP/1.1 201) 6 headers in 363 bytes (2 switches on core 0)
Jul 08 14:05:19 ubuntu devstack@keystone.service[80833]: [pid: 80833|app: 0|req: 13/25] 10.201.5.82 () {58 vars in 1016 bytes} [Tue Jul  8 14:05:19 2025] POST /identity/v3/auth/tokens => generated 862 bytes in 72 msecs (HTTP/1.1 201) 6 headers in 363 bytes (1 switches on core 0)
Jul 08 14:05:19 ubuntu devstack@keystone.service[80832]: DEBUG keystone.server.flask.request_processing.req_logging [None req-a32627cc-02a9-45ae-96c7-bb4acba81279 None None] REQUEST_METHOD: `GET` {{(pid=80832) log_request_info /opt/stack/keystone/keystone/server/flask/request_processing/req_logging.py:26}}
Jul 08 14:05:19 ubuntu devstack@keystone.service[80832]: DEBUG keystone.server.flask.request_processing.req_logging [None req-a32627cc-02a9-45ae-96c7-bb4acba81279 None None] SCRIPT_NAME: `/identity` {{(pid=80832) log_request_info /opt/stack/keystone/keystone/server/flask/request_processing/req_logging.py:27}}
Jul 08 14:05:19 ubuntu devstack@keystone.service[80832]: DEBUG keystone.server.flask.request_processing.req_logging [None req-a32627cc-02a9-45ae-96c7-bb4acba81279 None None] PATH_INFO: `/` {{(pid=80832) log_request_info /opt/stack/keystone/keystone/server/flask/request_processing/req_logging.py:28}}
Jul 08 14:05:19 ubuntu devstack@keystone.service[80832]: [pid: 80832|app: 0|req: 13/26] 10.201.5.82 () {54 vars in 919 bytes} [Tue Jul  8 14:05:19 2025] GET /identity => generated 270 bytes in 1 msecs (HTTP/1.1 300) 6 headers in 234 bytes (1 switches on core 0)
Jul 08 14:05:19 ubuntu devstack@keystone.service[80833]: DEBUG keystone.server.flask.request_processing.req_logging [None req-543d2029-45da-44a5-b081-717b8bc9c077 None None] REQUEST_METHOD: `POST` {{(pid=80833) log_request_info /opt/stack/keystone/keystone/server/flask/request_processing/req_logging.py:26}}
Jul 08 14:05:19 ubuntu devstack@keystone.service[80833]: DEBUG keystone.server.flask.request_processing.req_logging [None req-543d2029-45da-44a5-b081-717b8bc9c077 None None] SCRIPT_NAME: `/identity` {{(pid=80833) log_request_info /opt/stack/keystone/keystone/server/flask/request_processing/req_logging.py:27}}
Jul 08 14:05:19 ubuntu devstack@keystone.service[80833]: DEBUG keystone.server.flask.request_processing.req_logging [None req-543d2029-45da-44a5-b081-717b8bc9c077 None None] PATH_INFO: `/v3/auth/tokens` {{(pid=80833) log_request_info /opt/stack/keystone/keystone/server/flask/request_processing/req_logging.py:28}}
Jul 08 14:05:19 ubuntu devstack@keystone.service[80833]: WARNING keystone.common.password_hashing [None req-543d2029-45da-44a5-b081-717b8bc9c077 None None] Truncating password to algorithm specific maximum length 72 characters.
Jul 08 14:05:19 ubuntu devstack@keystone.service[80833]: DEBUG keystone.auth.core [None req-543d2029-45da-44a5-b081-717b8bc9c077 None None] MFA Rules not processed for user `6cbea52803184a7da71967367b1fbc0d`. Rule list: `[]` (Enabled: `True`). {{(pid=80833) check_auth_methods_against_rules /opt/stack/keystone/keystone/auth/core.py:476}}
Jul 08 14:05:19 ubuntu devstack@keystone.service[80833]: DEBUG keystone.common.fernet_utils [None req-543d2029-45da-44a5-b081-717b8bc9c077 None None] Loaded 2 Fernet keys from /etc/keystone/fernet-keys/, but `[fernet_tokens] max_active_keys = 3`; perhaps there have not been enough key rotations to reach `max_active_keys` yet? {{(pid=80833) load_keys /opt/stack/keystone/keystone/common/fernet_utils.py:297}}
Jul 08 14:05:19 ubuntu devstack@keystone.service[80832]: DEBUG keystone.server.flask.request_processing.middleware.auth_context [None req-a32627cc-02a9-45ae-96c7-bb4acba81279 None None] Authenticating user token {{(pid=80832) process_request /opt/stack/data/venv/lib/python3.10/site-packages/keystonemiddleware/auth_token/__init__.py:407}}
Jul 08 14:05:19 ubuntu devstack@keystone.service[80833]: [pid: 80833|app: 0|req: 14/27] 10.201.5.82 () {58 vars in 1016 bytes} [Tue Jul  8 14:05:19 2025] POST /identity/v3/auth/tokens => generated 862 bytes in 56 msecs (HTTP/1.1 201) 6 headers in 363 bytes (1 switches on core 0)
Jul 08 14:05:19 ubuntu devstack@keystone.service[80832]: DEBUG keystone.server.flask.request_processing.middleware.auth_context [None req-a32627cc-02a9-45ae-96c7-bb4acba81279 None None] Validating token access rules against request {{(pid=80832) validate_allowed_request /opt/stack/data/venv/lib/python3.10/site-packages/keystonemiddleware/auth_token/__init__.py:545}}
Jul 08 14:05:19 ubuntu devstack@keystone.service[80833]: DEBUG keystone.server.flask.request_processing.middleware.auth_context [None req-543d2029-45da-44a5-b081-717b8bc9c077 None None] Authenticating user token {{(pid=80833) process_request /opt/stack/data/venv/lib/python3.10/site-packages/keystonemiddleware/auth_token/__init__.py:407}}
Jul 08 14:05:19 ubuntu devstack@keystone.service[80832]: DEBUG keystone.server.flask.request_processing.middleware.auth_context [None req-937cb737-26da-4185-afdf-af9a28e5860b None admin] RBAC: auth_context: {'token': <TokenModel (audit_id=YjgXcCoNRSyTJoEfJBY1TQ, audit_chain_id=['YjgXcCoNRSyTJoEfJBY1TQ']) at 0x7fe631626320>, 'domain_id': None, 'trust_id': None, 'trustor_id': None, 'trustee_id': None, 'domain_name': None, 'group_ids': [], 'user_id': '6cbea52803184a7da71967367b1fbc0d', 'user_domain_id': 'default', 'system_scope': 'all', 'project_id': None, 'project_domain_id': None, 'roles': ['admin', 'manager', 'member', 'reader'], 'is_admin_project': True, 'service_user_id': None, 'service_user_domain_id': None, 'service_project_id': None, 'service_project_domain_id': None, 'service_roles': []} {{(pid=80832) fill_context /opt/stack/keystone/keystone/server/flask/request_processing/middleware/auth_context.py:509}}
Jul 08 14:05:19 ubuntu devstack@keystone.service[80832]: DEBUG keystone.server.flask.request_processing.req_logging [None req-937cb737-26da-4185-afdf-af9a28e5860b None admin] REQUEST_METHOD: `GET` {{(pid=80832) log_request_info /opt/stack/keystone/keystone/server/flask/request_processing/req_logging.py:26}}
Jul 08 14:05:19 ubuntu devstack@keystone.service[80832]: DEBUG keystone.server.flask.request_processing.req_logging [None req-937cb737-26da-4185-afdf-af9a28e5860b None admin] SCRIPT_NAME: `/identity` {{(pid=80832) log_request_info /opt/stack/keystone/keystone/server/flask/request_processing/req_logging.py:27}}
Jul 08 14:05:19 ubuntu devstack@keystone.service[80832]: DEBUG keystone.server.flask.request_processing.req_logging [None req-937cb737-26da-4185-afdf-af9a28e5860b None admin] PATH_INFO: `/v3/roles/admin` {{(pid=80832) log_request_info /opt/stack/keystone/keystone/server/flask/request_processing/req_logging.py:28}}
Jul 08 14:05:19 ubuntu devstack@keystone.service[80832]: DEBUG keystone.common.rbac_enforcer.enforcer [None req-937cb737-26da-4185-afdf-af9a28e5860b None admin] Extracting inferred target data resulted in "NOT FOUND (404)". {{(pid=80832) enforce_call /opt/stack/keystone/keystone/common/rbac_enforcer/enforcer.py:445}}
Jul 08 14:05:19 ubuntu devstack@keystone.service[80832]: DEBUG keystone.server.flask.application [None req-937cb737-26da-4185-afdf-af9a28e5860b None admin] Could not find role: admin. {{(pid=80832) _handle_keystone_exception /opt/stack/keystone/keystone/server/flask/application.py:146}}
Jul 08 14:05:19 ubuntu devstack@keystone.service[80832]: [pid: 80832|app: 0|req: 14/28] 10.201.5.82 () {56 vars in 1132 bytes} [Tue Jul  8 14:05:19 2025] GET /identity/v3/roles/admin => generated 83 bytes in 63 msecs (HTTP/1.1 404) 5 headers in 183 bytes (1 switches on core 0)
Jul 08 14:05:19 ubuntu devstack@keystone.service[80832]: DEBUG keystone.server.flask.request_processing.middleware.auth_context [None req-937cb737-26da-4185-afdf-af9a28e5860b None admin] Authenticating user token {{(pid=80832) process_request /opt/stack/data/venv/lib/python3.10/site-packages/keystonemiddleware/auth_token/__init__.py:407}}
Jul 08 14:05:19 ubuntu devstack@keystone.service[80833]: DEBUG keystone.server.flask.request_processing.middleware.auth_context [None req-543d2029-45da-44a5-b081-717b8bc9c077 None None] Validating token access rules against request {{(pid=80833) validate_allowed_request /opt/stack/data/venv/lib/python3.10/site-packages/keystonemiddleware/auth_token/__init__.py:545}}
Jul 08 14:05:19 ubuntu devstack@keystone.service[80833]: DEBUG keystone.server.flask.request_processing.middleware.auth_context [None req-0b2b03ef-df65-4066-ab8e-bba9938117d9 None admin] RBAC: auth_context: {'token': <TokenModel (audit_id=DXI8fsiXQBa-Pgq49nCHxg, audit_chain_id=['DXI8fsiXQBa-Pgq49nCHxg']) at 0x7fe6304dfa30>, 'domain_id': None, 'trust_id': None, 'trustor_id': None, 'trustee_id': None, 'domain_name': None, 'group_ids': [], 'user_id': '6cbea52803184a7da71967367b1fbc0d', 'user_domain_id': 'default', 'system_scope': 'all', 'project_id': None, 'project_domain_id': None, 'roles': ['admin', 'manager', 'member', 'reader'], 'is_admin_project': True, 'service_user_id': None, 'service_user_domain_id': None, 'service_project_id': None, 'service_project_domain_id': None, 'service_roles': []} {{(pid=80833) fill_context /opt/stack/keystone/keystone/server/flask/request_processing/middleware/auth_context.py:509}}
Jul 08 14:05:19 ubuntu devstack@keystone.service[80832]: DEBUG keystone.server.flask.request_processing.middleware.auth_context [None req-937cb737-26da-4185-afdf-af9a28e5860b None admin] Validating token access rules against request {{(pid=80832) validate_allowed_request /opt/stack/data/venv/lib/python3.10/site-packages/keystonemiddleware/auth_token/__init__.py:545}}
Jul 08 14:05:19 ubuntu devstack@keystone.service[80833]: DEBUG keystone.server.flask.request_processing.req_logging [None req-0b2b03ef-df65-4066-ab8e-bba9938117d9 None admin] REQUEST_METHOD: `GET` {{(pid=80833) log_request_info /opt/stack/keystone/keystone/server/flask/request_processing/req_logging.py:26}}
Jul 08 14:05:19 ubuntu devstack@keystone.service[80833]: DEBUG keystone.server.flask.request_processing.req_logging [None req-0b2b03ef-df65-4066-ab8e-bba9938117d9 None admin] SCRIPT_NAME: `/identity` {{(pid=80833) log_request_info /opt/stack/keystone/keystone/server/flask/request_processing/req_logging.py:27}}
Jul 08 14:05:19 ubuntu devstack@keystone.service[80833]: DEBUG keystone.server.flask.request_processing.req_logging [None req-0b2b03ef-df65-4066-ab8e-bba9938117d9 None admin] PATH_INFO: `/v3/domains/Default` {{(pid=80833) log_request_info /opt/stack/keystone/keystone/server/flask/request_processing/req_logging.py:28}}
Jul 08 14:05:19 ubuntu devstack@keystone.service[80833]: DEBUG keystone.common.rbac_enforcer.enforcer [None req-0b2b03ef-df65-4066-ab8e-bba9938117d9 None admin] RBAC: Authorizing `identity:get_domain(domain_id=Default)` {{(pid=80833) enforce_call /opt/stack/keystone/keystone/common/rbac_enforcer/enforcer.py:494}}
Jul 08 14:05:19 ubuntu devstack@keystone.service[80833]: DEBUG keystone.common.rbac_enforcer.enforcer [None req-0b2b03ef-df65-4066-ab8e-bba9938117d9 None admin] RBAC: Authorization granted {{(pid=80833) enforce_call /opt/stack/keystone/keystone/common/rbac_enforcer/enforcer.py:505}}
Jul 08 14:05:19 ubuntu devstack@keystone.service[80833]: DEBUG keystone.server.flask.application [None req-0b2b03ef-df65-4066-ab8e-bba9938117d9 None admin] Could not find domain: Default. {{(pid=80833) _handle_keystone_exception /opt/stack/keystone/keystone/server/flask/application.py:146}}
Jul 08 14:05:19 ubuntu devstack@keystone.service[80833]: [pid: 80833|app: 0|req: 15/29] 10.201.5.82 () {56 vars in 1100 bytes} [Tue Jul  8 14:05:19 2025] GET /identity/v3/domains/Default => generated 87 bytes in 78 msecs (HTTP/1.1 404) 5 headers in 183 bytes (2 switches on core 0)
Jul 08 14:05:19 ubuntu devstack@keystone.service[80832]: DEBUG keystone.server.flask.request_processing.middleware.auth_context [None req-f85787b3-ca3b-4509-ac5b-c9eab63b7ce5 None admin] RBAC: auth_context: {'token': <TokenModel (audit_id=YjgXcCoNRSyTJoEfJBY1TQ, audit_chain_id=['YjgXcCoNRSyTJoEfJBY1TQ']) at 0x7fe630917f70>, 'domain_id': None, 'trust_id': None, 'trustor_id': None, 'trustee_id': None, 'domain_name': None, 'group_ids': [], 'user_id': '6cbea52803184a7da71967367b1fbc0d', 'user_domain_id': 'default', 'system_scope': 'all', 'project_id': None, 'project_domain_id': None, 'roles': ['admin', 'manager', 'member', 'reader'], 'is_admin_project': True, 'service_user_id': None, 'service_user_domain_id': None, 'service_project_id': None, 'service_project_domain_id': None, 'service_roles': []} {{(pid=80832) fill_context /opt/stack/keystone/keystone/server/flask/request_processing/middleware/auth_context.py:509}}
Jul 08 14:05:19 ubuntu devstack@keystone.service[80832]: DEBUG keystone.server.flask.request_processing.req_logging [None req-f85787b3-ca3b-4509-ac5b-c9eab63b7ce5 None admin] REQUEST_METHOD: `GET` {{(pid=80832) log_request_info /opt/stack/keystone/keystone/server/flask/request_processing/req_logging.py:26}}
Jul 08 14:05:19 ubuntu devstack@keystone.service[80832]: DEBUG keystone.server.flask.request_processing.req_logging [None req-f85787b3-ca3b-4509-ac5b-c9eab63b7ce5 None admin] SCRIPT_NAME: `/identity` {{(pid=80832) log_request_info /opt/stack/keystone/keystone/server/flask/request_processing/req_logging.py:27}}
Jul 08 14:05:19 ubuntu devstack@keystone.service[80832]: DEBUG keystone.server.flask.request_processing.req_logging [None req-f85787b3-ca3b-4509-ac5b-c9eab63b7ce5 None admin] PATH_INFO: `/v3/roles` {{(pid=80832) log_request_info /opt/stack/keystone/keystone/server/flask/request_processing/req_logging.py:28}}
Jul 08 14:05:19 ubuntu devstack@keystone.service[80833]: DEBUG keystone.server.flask.request_processing.middleware.auth_context [None req-0b2b03ef-df65-4066-ab8e-bba9938117d9 None admin] Authenticating user token {{(pid=80833) process_request /opt/stack/data/venv/lib/python3.10/site-packages/keystonemiddleware/auth_token/__init__.py:407}}
Jul 08 14:05:19 ubuntu devstack@keystone.service[80832]: DEBUG keystone.common.rbac_enforcer.enforcer [None req-f85787b3-ca3b-4509-ac5b-c9eab63b7ce5 None admin] RBAC: Adding query filter params (name=admin) {{(pid=80832) _extract_filter_values /opt/stack/keystone/keystone/common/rbac_enforcer/enforcer.py:176}}
Jul 08 14:05:19 ubuntu devstack@keystone.service[80832]: DEBUG keystone.common.rbac_enforcer.enforcer [None req-f85787b3-ca3b-4509-ac5b-c9eab63b7ce5 None admin] RBAC: Authorizing `identity:list_roles()` {{(pid=80832) enforce_call /opt/stack/keystone/keystone/common/rbac_enforcer/enforcer.py:494}}
Jul 08 14:05:19 ubuntu devstack@keystone.service[80832]: DEBUG keystone.common.rbac_enforcer.enforcer [None req-f85787b3-ca3b-4509-ac5b-c9eab63b7ce5 None admin] RBAC: Authorization granted {{(pid=80832) enforce_call /opt/stack/keystone/keystone/common/rbac_enforcer/enforcer.py:505}}
Jul 08 14:05:19 ubuntu devstack@keystone.service[80832]: [pid: 80832|app: 0|req: 15/30] 10.201.5.82 () {56 vars in 1148 bytes} [Tue Jul  8 14:05:19 2025] GET /identity/v3/roles?name=admin => generated 339 bytes in 63 msecs (HTTP/1.1 200) 5 headers in 177 bytes (1 switches on core 0)
Jul 08 14:05:19 ubuntu devstack@keystone.service[80832]: DEBUG keystone.server.flask.request_processing.middleware.auth_context [None req-f85787b3-ca3b-4509-ac5b-c9eab63b7ce5 None admin] Authenticating user token {{(pid=80832) process_request /opt/stack/data/venv/lib/python3.10/site-packages/keystonemiddleware/auth_token/__init__.py:407}}
Jul 08 14:05:19 ubuntu devstack@keystone.service[80833]: DEBUG keystone.server.flask.request_processing.middleware.auth_context [None req-0b2b03ef-df65-4066-ab8e-bba9938117d9 None admin] Validating token access rules against request {{(pid=80833) validate_allowed_request /opt/stack/data/venv/lib/python3.10/site-packages/keystonemiddleware/auth_token/__init__.py:545}}
Jul 08 14:05:19 ubuntu devstack@keystone.service[80832]: DEBUG keystone.server.flask.request_processing.middleware.auth_context [None req-f85787b3-ca3b-4509-ac5b-c9eab63b7ce5 None admin] Validating token access rules against request {{(pid=80832) validate_allowed_request /opt/stack/data/venv/lib/python3.10/site-packages/keystonemiddleware/auth_token/__init__.py:545}}
Jul 08 14:05:19 ubuntu devstack@keystone.service[80833]: DEBUG keystone.server.flask.request_processing.middleware.auth_context [None req-b68c2173-674b-4d1c-9b36-a5b272e66286 None admin] RBAC: auth_context: {'token': <TokenModel (audit_id=DXI8fsiXQBa-Pgq49nCHxg, audit_chain_id=['DXI8fsiXQBa-Pgq49nCHxg']) at 0x7fe630339630>, 'domain_id': None, 'trust_id': None, 'trustor_id': None, 'trustee_id': None, 'domain_name': None, 'group_ids': [], 'user_id': '6cbea52803184a7da71967367b1fbc0d', 'user_domain_id': 'default', 'system_scope': 'all', 'project_id': None, 'project_domain_id': None, 'roles': ['admin', 'manager', 'member', 'reader'], 'is_admin_project': True, 'service_user_id': None, 'service_user_domain_id': None, 'service_project_id': None, 'service_project_domain_id': None, 'service_roles': []} {{(pid=80833) fill_context /opt/stack/keystone/keystone/server/flask/request_processing/middleware/auth_context.py:509}}
Jul 08 14:05:19 ubuntu devstack@keystone.service[80833]: DEBUG keystone.server.flask.request_processing.req_logging [None req-b68c2173-674b-4d1c-9b36-a5b272e66286 None admin] REQUEST_METHOD: `GET` {{(pid=80833) log_request_info /opt/stack/keystone/keystone/server/flask/request_processing/req_logging.py:26}}
Jul 08 14:05:19 ubuntu devstack@keystone.service[80833]: DEBUG keystone.server.flask.request_processing.req_logging [None req-b68c2173-674b-4d1c-9b36-a5b272e66286 None admin] SCRIPT_NAME: `/identity` {{(pid=80833) log_request_info /opt/stack/keystone/keystone/server/flask/request_processing/req_logging.py:27}}
Jul 08 14:05:19 ubuntu devstack@keystone.service[80833]: DEBUG keystone.server.flask.request_processing.req_logging [None req-b68c2173-674b-4d1c-9b36-a5b272e66286 None admin] PATH_INFO: `/v3/domains` {{(pid=80833) log_request_info /opt/stack/keystone/keystone/server/flask/request_processing/req_logging.py:28}}
Jul 08 14:05:19 ubuntu devstack@keystone.service[80833]: DEBUG keystone.common.rbac_enforcer.enforcer [None req-b68c2173-674b-4d1c-9b36-a5b272e66286 None admin] RBAC: Adding query filter params (name=Default) {{(pid=80833) _extract_filter_values /opt/stack/keystone/keystone/common/rbac_enforcer/enforcer.py:176}}
Jul 08 14:05:19 ubuntu devstack@keystone.service[80833]: DEBUG keystone.common.rbac_enforcer.enforcer [None req-b68c2173-674b-4d1c-9b36-a5b272e66286 None admin] RBAC: Authorizing `identity:list_domains()` {{(pid=80833) enforce_call /opt/stack/keystone/keystone/common/rbac_enforcer/enforcer.py:494}}
Jul 08 14:05:19 ubuntu devstack@keystone.service[80833]: DEBUG keystone.common.rbac_enforcer.enforcer [None req-b68c2173-674b-4d1c-9b36-a5b272e66286 None admin] RBAC: Authorization granted {{(pid=80833) enforce_call /opt/stack/keystone/keystone/common/rbac_enforcer/enforcer.py:505}}
Jul 08 14:05:19 ubuntu devstack@keystone.service[80832]: DEBUG keystone.server.flask.request_processing.middleware.auth_context [None req-9dfc0f3e-f9d4-4b24-9b51-7cefa8b13d3c None admin] RBAC: auth_context: {'token': <TokenModel (audit_id=YjgXcCoNRSyTJoEfJBY1TQ, audit_chain_id=['YjgXcCoNRSyTJoEfJBY1TQ']) at 0x7fe6307c0b50>, 'domain_id': None, 'trust_id': None, 'trustor_id': None, 'trustee_id': None, 'domain_name': None, 'group_ids': [], 'user_id': '6cbea52803184a7da71967367b1fbc0d', 'user_domain_id': 'default', 'system_scope': 'all', 'project_id': None, 'project_domain_id': None, 'roles': ['admin', 'manager', 'member', 'reader'], 'is_admin_project': True, 'service_user_id': None, 'service_user_domain_id': None, 'service_project_id': None, 'service_project_domain_id': None, 'service_roles': []} {{(pid=80832) fill_context /opt/stack/keystone/keystone/server/flask/request_processing/middleware/auth_context.py:509}}
Jul 08 14:05:19 ubuntu devstack@keystone.service[80832]: DEBUG keystone.server.flask.request_processing.req_logging [None req-9dfc0f3e-f9d4-4b24-9b51-7cefa8b13d3c None admin] REQUEST_METHOD: `GET` {{(pid=80832) log_request_info /opt/stack/keystone/keystone/server/flask/request_processing/req_logging.py:26}}
Jul 08 14:05:19 ubuntu devstack@keystone.service[80832]: DEBUG keystone.server.flask.request_processing.req_logging [None req-9dfc0f3e-f9d4-4b24-9b51-7cefa8b13d3c None admin] SCRIPT_NAME: `/identity` {{(pid=80832) log_request_info /opt/stack/keystone/keystone/server/flask/request_processing/req_logging.py:27}}
Jul 08 14:05:19 ubuntu devstack@keystone.service[80832]: DEBUG keystone.server.flask.request_processing.req_logging [None req-9dfc0f3e-f9d4-4b24-9b51-7cefa8b13d3c None admin] PATH_INFO: `/v3/users/6cbea52803184a7da71967367b1fbc0d` {{(pid=80832) log_request_info /opt/stack/keystone/keystone/server/flask/request_processing/req_logging.py:28}}
Jul 08 14:05:19 ubuntu devstack@keystone.service[80833]: [pid: 80833|app: 0|req: 16/31] 10.201.5.82 () {56 vars in 1101 bytes} [Tue Jul  8 14:05:19 2025] GET /identity/v3/domains?name=Default => generated 308 bytes in 66 msecs (HTTP/1.1 200) 5 headers in 177 bytes (1 switches on core 0)
Jul 08 14:05:19 ubuntu devstack@keystone.service[80832]: DEBUG keystone.common.rbac_enforcer.enforcer [None req-9dfc0f3e-f9d4-4b24-9b51-7cefa8b13d3c None admin] RBAC: Authorizing `identity:get_user(user_id=6cbea52803184a7da71967367b1fbc0d)` {{(pid=80832) enforce_call /opt/stack/keystone/keystone/common/rbac_enforcer/enforcer.py:494}}
Jul 08 14:05:19 ubuntu devstack@keystone.service[80833]: DEBUG keystone.server.flask.request_processing.req_logging [None req-f61b2c54-61ae-47e0-b62f-a758cc2b7a97 None None] REQUEST_METHOD: `GET` {{(pid=80833) log_request_info /opt/stack/keystone/keystone/server/flask/request_processing/req_logging.py:26}}
Jul 08 14:05:19 ubuntu devstack@keystone.service[80833]: DEBUG keystone.server.flask.request_processing.req_logging [None req-f61b2c54-61ae-47e0-b62f-a758cc2b7a97 None None] SCRIPT_NAME: `/identity` {{(pid=80833) log_request_info /opt/stack/keystone/keystone/server/flask/request_processing/req_logging.py:27}}
Jul 08 14:05:19 ubuntu devstack@keystone.service[80832]: DEBUG keystone.common.rbac_enforcer.enforcer [None req-9dfc0f3e-f9d4-4b24-9b51-7cefa8b13d3c None admin] RBAC: Authorization granted {{(pid=80832) enforce_call /opt/stack/keystone/keystone/common/rbac_enforcer/enforcer.py:505}}
Jul 08 14:05:19 ubuntu devstack@keystone.service[80833]: DEBUG keystone.server.flask.request_processing.req_logging [None req-f61b2c54-61ae-47e0-b62f-a758cc2b7a97 None None] PATH_INFO: `/` {{(pid=80833) log_request_info /opt/stack/keystone/keystone/server/flask/request_processing/req_logging.py:28}}
Jul 08 14:05:19 ubuntu devstack@keystone.service[80833]: [pid: 80833|app: 0|req: 17/32] 10.201.5.82 () {54 vars in 919 bytes} [Tue Jul  8 14:05:19 2025] GET /identity => generated 270 bytes in 1 msecs (HTTP/1.1 300) 6 headers in 234 bytes (1 switches on core 0)
Jul 08 14:05:19 ubuntu devstack@keystone.service[80832]: [pid: 80832|app: 0|req: 16/33] 10.201.5.82 () {56 vars in 1213 bytes} [Tue Jul  8 14:05:19 2025] GET /identity/v3/users/6cbea52803184a7da71967367b1fbc0d => generated 247 bytes in 56 msecs (HTTP/1.1 200) 5 headers in 177 bytes (1 switches on core 0)
Jul 08 14:05:19 ubuntu devstack@keystone.service[80833]: DEBUG keystone.server.flask.request_processing.middleware.auth_context [None req-f61b2c54-61ae-47e0-b62f-a758cc2b7a97 None None] Authenticating user token {{(pid=80833) process_request /opt/stack/data/venv/lib/python3.10/site-packages/keystonemiddleware/auth_token/__init__.py:407}}
Jul 08 14:05:19 ubuntu devstack@keystone.service[80832]: DEBUG keystone.server.flask.request_processing.req_logging [None req-b0ea661f-2d58-4f34-8ee3-57447e341f24 None None] REQUEST_METHOD: `POST` {{(pid=80832) log_request_info /opt/stack/keystone/keystone/server/flask/request_processing/req_logging.py:26}}
Jul 08 14:05:19 ubuntu devstack@keystone.service[80832]: DEBUG keystone.server.flask.request_processing.req_logging [None req-b0ea661f-2d58-4f34-8ee3-57447e341f24 None None] SCRIPT_NAME: `/identity` {{(pid=80832) log_request_info /opt/stack/keystone/keystone/server/flask/request_processing/req_logging.py:27}}
Jul 08 14:05:19 ubuntu devstack@keystone.service[80832]: DEBUG keystone.server.flask.request_processing.req_logging [None req-b0ea661f-2d58-4f34-8ee3-57447e341f24 None None] PATH_INFO: `/v3/auth/tokens` {{(pid=80832) log_request_info /opt/stack/keystone/keystone/server/flask/request_processing/req_logging.py:28}}
Jul 08 14:05:19 ubuntu devstack@keystone.service[80832]: WARNING keystone.common.password_hashing [None req-b0ea661f-2d58-4f34-8ee3-57447e341f24 None None] Truncating password to algorithm specific maximum length 72 characters.
Jul 08 14:05:19 ubuntu devstack@keystone.service[80832]: DEBUG keystone.auth.core [None req-b0ea661f-2d58-4f34-8ee3-57447e341f24 None None] MFA Rules not processed for user `6cbea52803184a7da71967367b1fbc0d`. Rule list: `[]` (Enabled: `True`). {{(pid=80832) check_auth_methods_against_rules /opt/stack/keystone/keystone/auth/core.py:476}}
Jul 08 14:05:19 ubuntu devstack@keystone.service[80832]: DEBUG keystone.common.fernet_utils [None req-b0ea661f-2d58-4f34-8ee3-57447e341f24 None None] Loaded 2 Fernet keys from /etc/keystone/fernet-keys/, but `[fernet_tokens] max_active_keys = 3`; perhaps there have not been enough key rotations to reach `max_active_keys` yet? {{(pid=80832) load_keys /opt/stack/keystone/keystone/common/fernet_utils.py:297}}
Jul 08 14:05:19 ubuntu devstack@keystone.service[80833]: DEBUG keystone.server.flask.request_processing.middleware.auth_context [None req-f61b2c54-61ae-47e0-b62f-a758cc2b7a97 None None] Validating token access rules against request {{(pid=80833) validate_allowed_request /opt/stack/data/venv/lib/python3.10/site-packages/keystonemiddleware/auth_token/__init__.py:545}}
Jul 08 14:05:19 ubuntu devstack@keystone.service[80832]: [pid: 80832|app: 0|req: 17/34] 10.201.5.82 () {58 vars in 1016 bytes} [Tue Jul  8 14:05:19 2025] POST /identity/v3/auth/tokens => generated 862 bytes in 48 msecs (HTTP/1.1 201) 6 headers in 363 bytes (1 switches on core 0)
Jul 08 14:05:19 ubuntu devstack@keystone.service[80832]: DEBUG keystone.server.flask.request_processing.middleware.auth_context [None req-b0ea661f-2d58-4f34-8ee3-57447e341f24 None None] Authenticating user token {{(pid=80832) process_request /opt/stack/data/venv/lib/python3.10/site-packages/keystonemiddleware/auth_token/__init__.py:407}}
Jul 08 14:05:19 ubuntu devstack@keystone.service[80833]: DEBUG keystone.server.flask.request_processing.middleware.auth_context [None req-297f6c73-5c6c-4ece-b17e-53d861554384 None admin] RBAC: auth_context: {'token': <TokenModel (audit_id=DXI8fsiXQBa-Pgq49nCHxg, audit_chain_id=['DXI8fsiXQBa-Pgq49nCHxg']) at 0x7fe6303387c0>, 'domain_id': None, 'trust_id': None, 'trustor_id': None, 'trustee_id': None, 'domain_name': None, 'group_ids': [], 'user_id': '6cbea52803184a7da71967367b1fbc0d', 'user_domain_id': 'default', 'system_scope': 'all', 'project_id': None, 'project_domain_id': None, 'roles': ['admin', 'manager', 'member', 'reader'], 'is_admin_project': True, 'service_user_id': None, 'service_user_domain_id': None, 'service_project_id': None, 'service_project_domain_id': None, 'service_roles': []} {{(pid=80833) fill_context /opt/stack/keystone/keystone/server/flask/request_processing/middleware/auth_context.py:509}}
Jul 08 14:05:19 ubuntu devstack@keystone.service[80833]: DEBUG keystone.server.flask.request_processing.req_logging [None req-297f6c73-5c6c-4ece-b17e-53d861554384 None admin] REQUEST_METHOD: `POST` {{(pid=80833) log_request_info /opt/stack/keystone/keystone/server/flask/request_processing/req_logging.py:26}}
Jul 08 14:05:19 ubuntu devstack@keystone.service[80833]: DEBUG keystone.server.flask.request_processing.req_logging [None req-297f6c73-5c6c-4ece-b17e-53d861554384 None admin] SCRIPT_NAME: `/identity` {{(pid=80833) log_request_info /opt/stack/keystone/keystone/server/flask/request_processing/req_logging.py:27}}
Jul 08 14:05:19 ubuntu devstack@keystone.service[80833]: DEBUG keystone.server.flask.request_processing.req_logging [None req-297f6c73-5c6c-4ece-b17e-53d861554384 None admin] PATH_INFO: `/v3/projects` {{(pid=80833) log_request_info /opt/stack/keystone/keystone/server/flask/request_processing/req_logging.py:28}}
Jul 08 14:05:19 ubuntu devstack@keystone.service[80833]: DEBUG keystone.common.rbac_enforcer.enforcer [None req-297f6c73-5c6c-4ece-b17e-53d861554384 None admin] RBAC: Authorizing `identity:create_project()` {{(pid=80833) enforce_call /opt/stack/keystone/keystone/common/rbac_enforcer/enforcer.py:494}}
Jul 08 14:05:19 ubuntu devstack@keystone.service[80833]: DEBUG keystone.common.rbac_enforcer.enforcer [None req-297f6c73-5c6c-4ece-b17e-53d861554384 None admin] RBAC: Authorization granted {{(pid=80833) enforce_call /opt/stack/keystone/keystone/common/rbac_enforcer/enforcer.py:505}}
Jul 08 14:05:19 ubuntu devstack@keystone.service[80833]: [pid: 80833|app: 0|req: 18/35] 10.201.5.82 () {60 vars in 1133 bytes} [Tue Jul  8 14:05:19 2025] POST /identity/v3/projects => generated 301 bytes in 73 msecs (HTTP/1.1 201) 5 headers in 182 bytes (1 switches on core 0)
Jul 08 14:05:19 ubuntu devstack@keystone.service[80833]: DEBUG keystone.server.flask.request_processing.middleware.auth_context [None req-297f6c73-5c6c-4ece-b17e-53d861554384 None admin] Authenticating user token {{(pid=80833) process_request /opt/stack/data/venv/lib/python3.10/site-packages/keystonemiddleware/auth_token/__init__.py:407}}
Jul 08 14:05:19 ubuntu devstack@keystone.service[80832]: DEBUG keystone.server.flask.request_processing.middleware.auth_context [None req-b0ea661f-2d58-4f34-8ee3-57447e341f24 None None] Validating token access rules against request {{(pid=80832) validate_allowed_request /opt/stack/data/venv/lib/python3.10/site-packages/keystonemiddleware/auth_token/__init__.py:545}}
Jul 08 14:05:19 ubuntu devstack@keystone.service[80832]: DEBUG keystone.server.flask.request_processing.middleware.auth_context [None req-c8c0a54c-330b-4ad9-998e-388b38b5eee6 None admin] RBAC: auth_context: {'token': <TokenModel (audit_id=YjgXcCoNRSyTJoEfJBY1TQ, audit_chain_id=['YjgXcCoNRSyTJoEfJBY1TQ']) at 0x7fe6307c3b80>, 'domain_id': None, 'trust_id': None, 'trustor_id': None, 'trustee_id': None, 'domain_name': None, 'group_ids': [], 'user_id': '6cbea52803184a7da71967367b1fbc0d', 'user_domain_id': 'default', 'system_scope': 'all', 'project_id': None, 'project_domain_id': None, 'roles': ['admin', 'manager', 'member', 'reader'], 'is_admin_project': True, 'service_user_id': None, 'service_user_domain_id': None, 'service_project_id': None, 'service_project_domain_id': None, 'service_roles': []} {{(pid=80832) fill_context /opt/stack/keystone/keystone/server/flask/request_processing/middleware/auth_context.py:509}}
Jul 08 14:05:19 ubuntu devstack@keystone.service[80832]: DEBUG keystone.server.flask.request_processing.req_logging [None req-c8c0a54c-330b-4ad9-998e-388b38b5eee6 None admin] REQUEST_METHOD: `GET` {{(pid=80832) log_request_info /opt/stack/keystone/keystone/server/flask/request_processing/req_logging.py:26}}
Jul 08 14:05:19 ubuntu devstack@keystone.service[80832]: DEBUG keystone.server.flask.request_processing.req_logging [None req-c8c0a54c-330b-4ad9-998e-388b38b5eee6 None admin] SCRIPT_NAME: `/identity` {{(pid=80832) log_request_info /opt/stack/keystone/keystone/server/flask/request_processing/req_logging.py:27}}
Jul 08 14:05:19 ubuntu devstack@keystone.service[80832]: DEBUG keystone.server.flask.request_processing.req_logging [None req-c8c0a54c-330b-4ad9-998e-388b38b5eee6 None admin] PATH_INFO: `/v3/domains/default` {{(pid=80832) log_request_info /opt/stack/keystone/keystone/server/flask/request_processing/req_logging.py:28}}
Jul 08 14:05:19 ubuntu devstack@keystone.service[80832]: DEBUG keystone.common.rbac_enforcer.enforcer [None req-c8c0a54c-330b-4ad9-998e-388b38b5eee6 None admin] RBAC: Authorizing `identity:get_domain(domain_id=default)` {{(pid=80832) enforce_call /opt/stack/keystone/keystone/common/rbac_enforcer/enforcer.py:494}}
Jul 08 14:05:19 ubuntu devstack@keystone.service[80832]: DEBUG keystone.common.rbac_enforcer.enforcer [None req-c8c0a54c-330b-4ad9-998e-388b38b5eee6 None admin] RBAC: Authorization granted {{(pid=80832) enforce_call /opt/stack/keystone/keystone/common/rbac_enforcer/enforcer.py:505}}
Jul 08 14:05:19 ubuntu devstack@keystone.service[80832]: [pid: 80832|app: 0|req: 18/36] 10.201.5.82 () {56 vars in 1144 bytes} [Tue Jul  8 14:05:19 2025] GET /identity/v3/domains/default => generated 199 bytes in 51 msecs (HTTP/1.1 200) 5 headers in 177 bytes (1 switches on core 0)
Jul 08 14:05:19 ubuntu devstack@keystone.service[80832]: DEBUG keystone.server.flask.request_processing.middleware.auth_context [None req-c8c0a54c-330b-4ad9-998e-388b38b5eee6 None admin] Authenticating user token {{(pid=80832) process_request /opt/stack/data/venv/lib/python3.10/site-packages/keystonemiddleware/auth_token/__init__.py:407}}
Jul 08 14:05:19 ubuntu devstack@keystone.service[80832]: DEBUG keystone.server.flask.request_processing.middleware.auth_context [None req-c8c0a54c-330b-4ad9-998e-388b38b5eee6 None admin] Validating token access rules against request {{(pid=80832) validate_allowed_request /opt/stack/data/venv/lib/python3.10/site-packages/keystonemiddleware/auth_token/__init__.py:545}}
Jul 08 14:05:19 ubuntu devstack@keystone.service[80832]: DEBUG keystone.server.flask.request_processing.middleware.auth_context [None req-55674c81-e49e-41c5-a306-dd8b9e26e9c0 None admin] RBAC: auth_context: {'token': <TokenModel (audit_id=YjgXcCoNRSyTJoEfJBY1TQ, audit_chain_id=['YjgXcCoNRSyTJoEfJBY1TQ']) at 0x7fe6307c2530>, 'domain_id': None, 'trust_id': None, 'trustor_id': None, 'trustee_id': None, 'domain_name': None, 'group_ids': [], 'user_id': '6cbea52803184a7da71967367b1fbc0d', 'user_domain_id': 'default', 'system_scope': 'all', 'project_id': None, 'project_domain_id': None, 'roles': ['admin', 'manager', 'member', 'reader'], 'is_admin_project': True, 'service_user_id': None, 'service_user_domain_id': None, 'service_project_id': None, 'service_project_domain_id': None, 'service_roles': []} {{(pid=80832) fill_context /opt/stack/keystone/keystone/server/flask/request_processing/middleware/auth_context.py:509}}
Jul 08 14:05:19 ubuntu devstack@keystone.service[80832]: DEBUG keystone.server.flask.request_processing.req_logging [None req-55674c81-e49e-41c5-a306-dd8b9e26e9c0 None admin] REQUEST_METHOD: `GET` {{(pid=80832) log_request_info /opt/stack/keystone/keystone/server/flask/request_processing/req_logging.py:26}}
Jul 08 14:05:19 ubuntu devstack@keystone.service[80832]: DEBUG keystone.server.flask.request_processing.req_logging [None req-55674c81-e49e-41c5-a306-dd8b9e26e9c0 None admin] SCRIPT_NAME: `/identity` {{(pid=80832) log_request_info /opt/stack/keystone/keystone/server/flask/request_processing/req_logging.py:27}}
Jul 08 14:05:19 ubuntu devstack@keystone.service[80832]: DEBUG keystone.server.flask.request_processing.req_logging [None req-55674c81-e49e-41c5-a306-dd8b9e26e9c0 None admin] PATH_INFO: `/v3/role_assignments` {{(pid=80832) log_request_info /opt/stack/keystone/keystone/server/flask/request_processing/req_logging.py:28}}
Jul 08 14:05:19 ubuntu devstack@keystone.service[80832]: DEBUG keystone.common.rbac_enforcer.enforcer [None req-55674c81-e49e-41c5-a306-dd8b9e26e9c0 None admin] RBAC: Adding query filter params (role.id=de408d4ba4e24c50963fa7599567630e, scope.domain.id=default, user.id=6cbea52803184a7da71967367b1fbc0d) {{(pid=80832) _extract_filter_values /opt/stack/keystone/keystone/common/rbac_enforcer/enforcer.py:176}}
Jul 08 14:05:19 ubuntu devstack@keystone.service[80832]: DEBUG keystone.common.rbac_enforcer.enforcer [None req-55674c81-e49e-41c5-a306-dd8b9e26e9c0 None admin] RBAC: Authorizing `identity:list_role_assignments()` {{(pid=80832) enforce_call /opt/stack/keystone/keystone/common/rbac_enforcer/enforcer.py:494}}
Jul 08 14:05:19 ubuntu devstack@keystone.service[80832]: DEBUG keystone.common.rbac_enforcer.enforcer [None req-55674c81-e49e-41c5-a306-dd8b9e26e9c0 None admin] RBAC: Authorization granted {{(pid=80832) enforce_call /opt/stack/keystone/keystone/common/rbac_enforcer/enforcer.py:505}}
Jul 08 14:05:19 ubuntu devstack@keystone.service[80832]: [pid: 80832|app: 0|req: 19/37] 10.201.5.82 () {56 vars in 1371 bytes} [Tue Jul  8 14:05:19 2025] GET /identity/v3/role_assignments?role.id=de408d4ba4e24c50963fa7599567630e&scope.domain.id=default&user.id=6cbea52803184a7da71967367b1fbc0d => generated 530 bytes in 56 msecs (HTTP/1.1 200) 5 headers in 177 bytes (2 switches on core 0)
Jul 08 14:05:19 ubuntu devstack@keystone.service[80833]: DEBUG keystone.server.flask.request_processing.middleware.auth_context [None req-297f6c73-5c6c-4ece-b17e-53d861554384 None admin] Validating token access rules against request {{(pid=80833) validate_allowed_request /opt/stack/data/venv/lib/python3.10/site-packages/keystonemiddleware/auth_token/__init__.py:545}}
Jul 08 14:05:19 ubuntu devstack@keystone.service[80833]: DEBUG keystone.server.flask.request_processing.middleware.auth_context [None req-8d917aca-f366-4356-9e0a-dd7a3d27a921 None admin] RBAC: auth_context: {'token': <TokenModel (audit_id=BU_Ig10OT-Sh20-ezsRHCA, audit_chain_id=['BU_Ig10OT-Sh20-ezsRHCA']) at 0x7fe6304df7c0>, 'domain_id': None, 'trust_id': None, 'trustor_id': None, 'trustee_id': None, 'domain_name': None, 'group_ids': [], 'user_id': '6cbea52803184a7da71967367b1fbc0d', 'user_domain_id': 'default', 'system_scope': 'all', 'project_id': None, 'project_domain_id': None, 'roles': ['admin', 'manager', 'member', 'reader'], 'is_admin_project': True, 'service_user_id': None, 'service_user_domain_id': None, 'service_project_id': None, 'service_project_domain_id': None, 'service_roles': []} {{(pid=80833) fill_context /opt/stack/keystone/keystone/server/flask/request_processing/middleware/auth_context.py:509}}
Jul 08 14:05:19 ubuntu devstack@keystone.service[80833]: DEBUG keystone.server.flask.request_processing.req_logging [None req-8d917aca-f366-4356-9e0a-dd7a3d27a921 None admin] REQUEST_METHOD: `POST` {{(pid=80833) log_request_info /opt/stack/keystone/keystone/server/flask/request_processing/req_logging.py:26}}
Jul 08 14:05:19 ubuntu devstack@keystone.service[80833]: DEBUG keystone.server.flask.request_processing.req_logging [None req-8d917aca-f366-4356-9e0a-dd7a3d27a921 None admin] SCRIPT_NAME: `/identity` {{(pid=80833) log_request_info /opt/stack/keystone/keystone/server/flask/request_processing/req_logging.py:27}}
Jul 08 14:05:19 ubuntu devstack@keystone.service[80833]: DEBUG keystone.server.flask.request_processing.req_logging [None req-8d917aca-f366-4356-9e0a-dd7a3d27a921 None admin] PATH_INFO: `/v3/roles` {{(pid=80833) log_request_info /opt/stack/keystone/keystone/server/flask/request_processing/req_logging.py:28}}
Jul 08 14:05:19 ubuntu devstack@keystone.service[80833]: DEBUG keystone.common.rbac_enforcer.enforcer [None req-8d917aca-f366-4356-9e0a-dd7a3d27a921 None admin] RBAC: Authorizing `identity:create_role()` {{(pid=80833) enforce_call /opt/stack/keystone/keystone/common/rbac_enforcer/enforcer.py:494}}
Jul 08 14:05:19 ubuntu devstack@keystone.service[80833]: DEBUG keystone.common.rbac_enforcer.enforcer [None req-8d917aca-f366-4356-9e0a-dd7a3d27a921 None admin] RBAC: Authorization granted {{(pid=80833) enforce_call /opt/stack/keystone/keystone/common/rbac_enforcer/enforcer.py:505}}
Jul 08 14:05:19 ubuntu devstack@keystone.service[80833]: DEBUG keystone.common.sql.core [None req-8d917aca-f366-4356-9e0a-dd7a3d27a921 None admin] Conflict role: (pymysql.err.IntegrityError) (1062, "Duplicate entry 'service-<<null>>' for key 'role.ixu_role_name_domain_id'")
Jul 08 14:05:19 ubuntu devstack@keystone.service[80833]: [SQL: INSERT INTO `role` (id, name, description, extra) VALUES (%(id)s, %(name)s, %(description)s, %(extra)s)]
Jul 08 14:05:19 ubuntu devstack@keystone.service[80833]: [parameters: {'id': '5dcce466a01948e182daf03f67d297f4', 'name': 'service', 'description': None, 'extra': '{}'}]
Jul 08 14:05:19 ubuntu devstack@keystone.service[80833]: (Background on this error at: https://sqlalche.me/e/20/gkpj) {{(pid=80833) wrapper /opt/stack/keystone/keystone/common/sql/core.py:580}}
Jul 08 14:05:19 ubuntu devstack@keystone.service[80833]: ERROR keystone.server.flask.application [None req-8d917aca-f366-4356-9e0a-dd7a3d27a921 None admin] Conflict occurred attempting to store role - Duplicate entry found with name service.: keystone.exception.Conflict: Conflict occurred attempting to store role - Duplicate entry found with name service.
Jul 08 14:05:19 ubuntu devstack@keystone.service[80833]: ERROR keystone.server.flask.application Traceback (most recent call last):
Jul 08 14:05:19 ubuntu devstack@keystone.service[80833]: ERROR keystone.server.flask.application   File "/opt/stack/data/venv/lib/python3.10/site-packages/sqlalchemy/engine/base.py", line 1963, in _exec_single_context
Jul 08 14:05:19 ubuntu devstack@keystone.service[80833]: ERROR keystone.server.flask.application     self.dialect.do_execute(
Jul 08 14:05:19 ubuntu devstack@keystone.service[80833]: ERROR keystone.server.flask.application   File "/opt/stack/data/venv/lib/python3.10/site-packages/sqlalchemy/engine/default.py", line 943, in do_execute
Jul 08 14:05:19 ubuntu devstack@keystone.service[80833]: ERROR keystone.server.flask.application     cursor.execute(statement, parameters)
Jul 08 14:05:19 ubuntu devstack@keystone.service[80833]: ERROR keystone.server.flask.application   File "/opt/stack/data/venv/lib/python3.10/site-packages/pymysql/cursors.py", line 153, in execute
Jul 08 14:05:19 ubuntu devstack@keystone.service[80833]: ERROR keystone.server.flask.application     result = self._query(query)
Jul 08 14:05:19 ubuntu devstack@keystone.service[80833]: ERROR keystone.server.flask.application   File "/opt/stack/data/venv/lib/python3.10/site-packages/pymysql/cursors.py", line 322, in _query
Jul 08 14:05:19 ubuntu devstack@keystone.service[80833]: ERROR keystone.server.flask.application     conn.query(q)
Jul 08 14:05:19 ubuntu devstack@keystone.service[80833]: ERROR keystone.server.flask.application   File "/opt/stack/data/venv/lib/python3.10/site-packages/pymysql/connections.py", line 563, in query
Jul 08 14:05:19 ubuntu devstack@keystone.service[80833]: ERROR keystone.server.flask.application     self._affected_rows = self._read_query_result(unbuffered=unbuffered)
Jul 08 14:05:19 ubuntu devstack@keystone.service[80833]: ERROR keystone.server.flask.application   File "/opt/stack/data/venv/lib/python3.10/site-packages/pymysql/connections.py", line 825, in _read_query_result
Jul 08 14:05:19 ubuntu devstack@keystone.service[80833]: ERROR keystone.server.flask.application     result.read()
Jul 08 14:05:19 ubuntu devstack@keystone.service[80833]: ERROR keystone.server.flask.application   File "/opt/stack/data/venv/lib/python3.10/site-packages/pymysql/connections.py", line 1199, in read
Jul 08 14:05:19 ubuntu devstack@keystone.service[80833]: ERROR keystone.server.flask.application     first_packet = self.connection._read_packet()
Jul 08 14:05:19 ubuntu devstack@keystone.service[80833]: ERROR keystone.server.flask.application   File "/opt/stack/data/venv/lib/python3.10/site-packages/pymysql/connections.py", line 775, in _read_packet
Jul 08 14:05:19 ubuntu devstack@keystone.service[80833]: ERROR keystone.server.flask.application     packet.raise_for_error()
Jul 08 14:05:19 ubuntu devstack@keystone.service[80833]: ERROR keystone.server.flask.application   File "/opt/stack/data/venv/lib/python3.10/site-packages/pymysql/protocol.py", line 219, in raise_for_error
Jul 08 14:05:19 ubuntu devstack@keystone.service[80833]: ERROR keystone.server.flask.application     err.raise_mysql_exception(self._data)
Jul 08 14:05:19 ubuntu devstack@keystone.service[80833]: ERROR keystone.server.flask.application   File "/opt/stack/data/venv/lib/python3.10/site-packages/pymysql/err.py", line 150, in raise_mysql_exception
Jul 08 14:05:19 ubuntu devstack@keystone.service[80833]: ERROR keystone.server.flask.application     raise errorclass(errno, errval)
Jul 08 14:05:19 ubuntu devstack@keystone.service[80833]: ERROR keystone.server.flask.application pymysql.err.IntegrityError: (1062, "Duplicate entry 'service-<<null>>' for key 'role.ixu_role_name_domain_id'")
Jul 08 14:05:19 ubuntu devstack@keystone.service[80833]: ERROR keystone.server.flask.application 
Jul 08 14:05:19 ubuntu devstack@keystone.service[80833]: ERROR keystone.server.flask.application The above exception was the direct cause of the following exception:
Jul 08 14:05:19 ubuntu devstack@keystone.service[80833]: ERROR keystone.server.flask.application 
Jul 08 14:05:19 ubuntu devstack@keystone.service[80833]: ERROR keystone.server.flask.application Traceback (most recent call last):
Jul 08 14:05:19 ubuntu devstack@keystone.service[80833]: ERROR keystone.server.flask.application   File "/opt/stack/keystone/keystone/common/sql/core.py", line 575, in wrapper
Jul 08 14:05:19 ubuntu devstack@keystone.service[80833]: ERROR keystone.server.flask.application     return method(*args, **kwargs)
Jul 08 14:05:19 ubuntu devstack@keystone.service[80833]: ERROR keystone.server.flask.application   File "/opt/stack/keystone/keystone/assignment/role_backends/sql.py", line 25, in create_role
Jul 08 14:05:19 ubuntu devstack@keystone.service[80833]: ERROR keystone.server.flask.application     with sql.session_for_write() as session:
Jul 08 14:05:19 ubuntu devstack@keystone.service[80833]: ERROR keystone.server.flask.application   File "/usr/lib/python3.10/contextlib.py", line 142, in __exit__
Jul 08 14:05:19 ubuntu devstack@keystone.service[80833]: ERROR keystone.server.flask.application     next(self.gen)
Jul 08 14:05:19 ubuntu devstack@keystone.service[80833]: ERROR keystone.server.flask.application   File "/opt/stack/data/venv/lib/python3.10/site-packages/oslo_db/sqlalchemy/enginefacade.py", line 1199, in _transaction_scope
Jul 08 14:05:19 ubuntu devstack@keystone.service[80833]: ERROR keystone.server.flask.application     with current._produce_block(
Jul 08 14:05:19 ubuntu devstack@keystone.service[80833]: ERROR keystone.server.flask.application   File "/usr/lib/python3.10/contextlib.py", line 142, in __exit__
Jul 08 14:05:19 ubuntu devstack@keystone.service[80833]: ERROR keystone.server.flask.application     next(self.gen)
Jul 08 14:05:19 ubuntu devstack@keystone.service[80833]: ERROR keystone.server.flask.application   File "/opt/stack/data/venv/lib/python3.10/site-packages/oslo_db/sqlalchemy/enginefacade.py", line 850, in _session
Jul 08 14:05:19 ubuntu devstack@keystone.service[80833]: ERROR keystone.server.flask.application     with excutils.save_and_reraise_exception():
Jul 08 14:05:19 ubuntu devstack@keystone.service[80833]: ERROR keystone.server.flask.application   File "/opt/stack/data/venv/lib/python3.10/site-packages/oslo_utils/excutils.py", line 227, in __exit__
Jul 08 14:05:19 ubuntu devstack@keystone.service[80833]: ERROR keystone.server.flask.application     self.force_reraise()
Jul 08 14:05:19 ubuntu devstack@keystone.service[80833]: ERROR keystone.server.flask.application   File "/opt/stack/data/venv/lib/python3.10/site-packages/oslo_utils/excutils.py", line 200, in force_reraise
Jul 08 14:05:19 ubuntu devstack@keystone.service[80833]: ERROR keystone.server.flask.application     raise self.value
Jul 08 14:05:19 ubuntu devstack@keystone.service[80833]: ERROR keystone.server.flask.application   File "/opt/stack/data/venv/lib/python3.10/site-packages/oslo_db/sqlalchemy/enginefacade.py", line 848, in _session
Jul 08 14:05:19 ubuntu devstack@keystone.service[80833]: ERROR keystone.server.flask.application     self._end_session_transaction(self.session)
Jul 08 14:05:19 ubuntu devstack@keystone.service[80833]: ERROR keystone.server.flask.application   File "/opt/stack/data/venv/lib/python3.10/site-packages/oslo_db/sqlalchemy/enginefacade.py", line 761, in _end_session_transaction
Jul 08 14:05:19 ubuntu devstack@keystone.service[80833]: ERROR keystone.server.flask.application     session.commit()
