Jul 18 22:38:26 ubuntu devstack@keystone.service[80941]: DEBUG keystone.server.flask.common [-] Adding resource routes to API roles: ['/roles' {}] {{(pid=80941) _add_mapped_resources /opt/stack/keystone/keystone/server/flask/common.py:483}}
Jul 18 22:38:26 ubuntu devstack@keystone.service[80941]: DEBUG keystone.server.flask.common [-] Adding resource routes to API roles: ['/roles/<string:role_id>' {}] {{(pid=80941) _add_mapped_resources /opt/stack/keystone/keystone/server/flask/common.py:483}}
Jul 18 22:38:26 ubuntu devstack@keystone.service[80941]: DEBUG keystone.server.flask.common [-] Adding resource routes to API roles: ['/roles/<string:prior_role_id>/implies' {}] {{(pid=80941) _add_mapped_resources /opt/stack/keystone/keystone/server/flask/common.py:483}}
Jul 18 22:38:26 ubuntu devstack@keystone.service[80941]: DEBUG keystone.server.flask.common [-] Adding resource routes to API roles: ['/roles/<string:prior_role_id>/implies/<string:implied_role_id>' {}] {{(pid=80941) _add_mapped_resources /opt/stack/keystone/keystone/server/flask/common.py:483}}
Jul 18 22:38:26 ubuntu devstack@keystone.service[80941]: DEBUG keystone.server.flask.common [-] Adding resource routes to API s3tokens: ['/s3tokens' {}] {{(pid=80941) _add_mapped_resources /opt/stack/keystone/keystone/server/flask/common.py:483}}
Jul 18 22:38:26 ubuntu devstack@keystone.service[80941]: DEBUG keystone.server.flask.common [-] Adding resource routes to API services: ['/services' {}] {{(pid=80941) _add_mapped_resources /opt/stack/keystone/keystone/server/flask/common.py:483}}
Jul 18 22:38:26 ubuntu devstack@keystone.service[80941]: DEBUG keystone.server.flask.common [-] Adding resource routes to API services: ['/services/<string:service_id>' {}] {{(pid=80941) _add_mapped_resources /opt/stack/keystone/keystone/server/flask/common.py:483}}
Jul 18 22:38:26 ubuntu devstack@keystone.service[80941]: DEBUG keystone.server.flask.common [-] Adding resource routes to API system: ['/system/users/<string:user_id>/roles' {}] {{(pid=80941) _add_mapped_resources /opt/stack/keystone/keystone/server/flask/common.py:483}}
Jul 18 22:38:26 ubuntu devstack@keystone.service[80942]: WSGI app 0 (mountpoint='') ready in 2 seconds on interpreter 0x55b2aa201d40 pid: 80942 (default app)
Jul 18 22:38:26 ubuntu devstack@keystone.service[80941]: DEBUG keystone.server.flask.common [-] Adding resource routes to API system: ['/system/users/<string:user_id>/roles/<string:role_id>' {}] {{(pid=80941) _add_mapped_resources /opt/stack/keystone/keystone/server/flask/common.py:483}}
Jul 18 22:38:26 ubuntu devstack@keystone.service[80941]: DEBUG keystone.server.flask.common [-] Adding resource routes to API system: ['/system/groups/<string:group_id>/roles' {}] {{(pid=80941) _add_mapped_resources /opt/stack/keystone/keystone/server/flask/common.py:483}}
Jul 18 22:38:26 ubuntu devstack@keystone.service[80941]: DEBUG keystone.server.flask.common [-] Adding resource routes to API system: ['/system/groups/<string:group_id>/roles/<string:role_id>' {}] {{(pid=80941) _add_mapped_resources /opt/stack/keystone/keystone/server/flask/common.py:483}}
Jul 18 22:38:26 ubuntu devstack@keystone.service[80942]: DEBUG keystone.server.flask.request_processing.req_logging [None req-d97ec74c-1aa1-42a5-b8a2-d9fc3bd3f691 None None] REQUEST_METHOD: `GET` {{(pid=80942) log_request_info /opt/stack/keystone/keystone/server/flask/request_processing/req_logging.py:26}}
Jul 18 22:38:26 ubuntu devstack@keystone.service[80942]: DEBUG keystone.server.flask.request_processing.req_logging [None req-d97ec74c-1aa1-42a5-b8a2-d9fc3bd3f691 None None] SCRIPT_NAME: `/identity` {{(pid=80942) log_request_info /opt/stack/keystone/keystone/server/flask/request_processing/req_logging.py:27}}
Jul 18 22:38:26 ubuntu devstack@keystone.service[80942]: DEBUG keystone.server.flask.request_processing.req_logging [None req-d97ec74c-1aa1-42a5-b8a2-d9fc3bd3f691 None None] PATH_INFO: `/v3` {{(pid=80942) log_request_info /opt/stack/keystone/keystone/server/flask/request_processing/req_logging.py:28}}
Jul 18 22:38:26 ubuntu devstack@keystone.service[80941]: DEBUG keystone.server.flask.common [-] Adding resource routes to API trusts: ['/trusts' {}] {{(pid=80941) _add_mapped_resources /opt/stack/keystone/keystone/server/flask/common.py:483}}
Jul 18 22:38:26 ubuntu devstack@keystone.service[80942]: [pid: 80942|app: 0|req: 1/1] 10.201.5.82 () {50 vars in 783 bytes} [Fri Jul 18 22:38:26 2025] GET /identity/v3/ => generated 255 bytes in 3 msecs (HTTP/1.1 200) 5 headers in 177 bytes (1 switches on core 0)
Jul 18 22:38:26 ubuntu devstack@keystone.service[80941]: DEBUG keystone.server.flask.common [-] Adding resource routes to API trusts: ['/trusts/<string:trust_id>' {}] {{(pid=80941) _add_mapped_resources /opt/stack/keystone/keystone/server/flask/common.py:483}}
Jul 18 22:38:26 ubuntu devstack@keystone.service[80941]: DEBUG keystone.server.flask.common [-] Adding resource routes to API trusts: ['/trusts/<string:trust_id>/roles' {}] {{(pid=80941) _add_mapped_resources /opt/stack/keystone/keystone/server/flask/common.py:483}}
Jul 18 22:38:26 ubuntu devstack@keystone.service[80941]: DEBUG keystone.server.flask.common [-] Adding resource routes to API trusts: ['/trusts/<string:trust_id>/roles/<string:role_id>' {}] {{(pid=80941) _add_mapped_resources /opt/stack/keystone/keystone/server/flask/common.py:483}}
Jul 18 22:38:26 ubuntu devstack@keystone.service[80941]: DEBUG keystone.server.flask.common [-] Adding resource routes to API users: ['/users' {}] {{(pid=80941) _add_mapped_resources /opt/stack/keystone/keystone/server/flask/common.py:483}}
Jul 18 22:38:26 ubuntu devstack@keystone.service[80941]: DEBUG keystone.server.flask.common [-] Adding resource routes to API users: ['/users/<string:user_id>' {}] {{(pid=80941) _add_mapped_resources /opt/stack/keystone/keystone/server/flask/common.py:483}}
Jul 18 22:38:26 ubuntu devstack@keystone.service[80941]: DEBUG keystone.server.flask.common [-] Adding resource routes to API users: ['/users/<string:user_id>/password' {}] {{(pid=80941) _add_mapped_resources /opt/stack/keystone/keystone/server/flask/common.py:483}}
Jul 18 22:38:26 ubuntu devstack@keystone.service[80941]: DEBUG keystone.server.flask.common [-] Adding resource routes to API users: ['/users/<string:user_id>/groups' {}] {{(pid=80941) _add_mapped_resources /opt/stack/keystone/keystone/server/flask/common.py:483}}
Jul 18 22:38:26 ubuntu devstack@keystone.service[80941]: DEBUG keystone.server.flask.common [-] Adding resource routes to API users: ['/users/<string:user_id>/projects' {}] {{(pid=80941) _add_mapped_resources /opt/stack/keystone/keystone/server/flask/common.py:483}}
Jul 18 22:38:26 ubuntu devstack@keystone.service[80941]: DEBUG keystone.server.flask.common [-] Adding resource routes to API users: ['/users/<string:user_id>/credentials/OS-EC2' {}] {{(pid=80941) _add_mapped_resources /opt/stack/keystone/keystone/server/flask/common.py:483}}
Jul 18 22:38:26 ubuntu devstack@keystone.service[80941]: DEBUG keystone.server.flask.common [-] Adding resource routes to API users: ['/users/<string:user_id>/credentials/OS-EC2/<string:credential_id>' {}] {{(pid=80941) _add_mapped_resources /opt/stack/keystone/keystone/server/flask/common.py:483}}
Jul 18 22:38:26 ubuntu devstack@keystone.service[80941]: DEBUG keystone.server.flask.common [-] Adding resource routes to API users: ['/users/<string:user_id>/OS-OAUTH1/access_tokens' {}] {{(pid=80941) _add_mapped_resources /opt/stack/keystone/keystone/server/flask/common.py:483}}
Jul 18 22:38:26 ubuntu devstack@keystone.service[80941]: DEBUG keystone.server.flask.common [-] Adding resource routes to API users: ['/users/<string:user_id>/OS-OAUTH1/access_tokens/<string:access_token_id>' {}] {{(pid=80941) _add_mapped_resources /opt/stack/keystone/keystone/server/flask/common.py:483}}
Jul 18 22:38:26 ubuntu devstack@keystone.service[80941]: DEBUG keystone.server.flask.common [-] Adding resource routes to API users: ['/users/<string:user_id>/OS-OAUTH1/access_tokens/<string:access_token_id>/roles' {}] {{(pid=80941) _add_mapped_resources /opt/stack/keystone/keystone/server/flask/common.py:483}}
Jul 18 22:38:26 ubuntu devstack@keystone.service[80941]: DEBUG keystone.server.flask.common [-] Adding resource routes to API users: ['/users/<string:user_id>/OS-OAUTH1/access_tokens/<string:access_token_id>/roles/<string:role_id>' {}] {{(pid=80941) _add_mapped_resources /opt/stack/keystone/keystone/server/flask/common.py:483}}
Jul 18 22:38:26 ubuntu devstack@keystone.service[80941]: DEBUG keystone.server.flask.common [-] Adding resource routes to API users: ['/users/<string:user_id>/application_credentials' {}] {{(pid=80941) _add_mapped_resources /opt/stack/keystone/keystone/server/flask/common.py:483}}
Jul 18 22:38:26 ubuntu devstack@keystone.service[80941]: DEBUG keystone.server.flask.common [-] Adding resource routes to API users: ['/users/<string:user_id>/application_credentials/<string:application_credential_id>' {}] {{(pid=80941) _add_mapped_resources /opt/stack/keystone/keystone/server/flask/common.py:483}}
Jul 18 22:38:26 ubuntu devstack@keystone.service[80941]: DEBUG keystone.server.flask.common [-] Adding resource routes to API users: ['/users/<string:user_id>/access_rules' {}] {{(pid=80941) _add_mapped_resources /opt/stack/keystone/keystone/server/flask/common.py:483}}
Jul 18 22:38:26 ubuntu devstack@keystone.service[80941]: DEBUG keystone.server.flask.common [-] Adding resource routes to API users: ['/users/<string:user_id>/access_rules/<string:access_rule_id>' {}] {{(pid=80941) _add_mapped_resources /opt/stack/keystone/keystone/server/flask/common.py:483}}
Jul 18 22:38:26 ubuntu devstack@keystone.service[80941]: WSGI app 0 (mountpoint='') ready in 2 seconds on interpreter 0x55b2aa201d40 pid: 80941 (default app)
Jul 18 22:38:30 ubuntu devstack@keystone.service[80942]: DEBUG keystone.server.flask.request_processing.req_logging [None req-37826c37-bcc9-46f2-861d-d21b29674f8a None None] REQUEST_METHOD: `GET` {{(pid=80942) log_request_info /opt/stack/keystone/keystone/server/flask/request_processing/req_logging.py:26}}
Jul 18 22:38:30 ubuntu devstack@keystone.service[80942]: DEBUG keystone.server.flask.request_processing.req_logging [None req-37826c37-bcc9-46f2-861d-d21b29674f8a None None] SCRIPT_NAME: `/identity` {{(pid=80942) log_request_info /opt/stack/keystone/keystone/server/flask/request_processing/req_logging.py:27}}
Jul 18 22:38:30 ubuntu devstack@keystone.service[80942]: DEBUG keystone.server.flask.request_processing.req_logging [None req-37826c37-bcc9-46f2-861d-d21b29674f8a None None] PATH_INFO: `/` {{(pid=80942) log_request_info /opt/stack/keystone/keystone/server/flask/request_processing/req_logging.py:28}}
Jul 18 22:38:30 ubuntu devstack@keystone.service[80942]: [pid: 80942|app: 0|req: 2/2] 10.201.5.82 () {54 vars in 919 bytes} [Fri Jul 18 22:38:30 2025] GET /identity => generated 270 bytes in 4 msecs (HTTP/1.1 300) 6 headers in 234 bytes (1 switches on core 0)
Jul 18 22:38:30 ubuntu devstack@keystone.service[80941]: DEBUG keystone.server.flask.request_processing.req_logging [None req-062c7f32-96f1-4bae-90e7-f501e85ccb47 None None] REQUEST_METHOD: `POST` {{(pid=80941) log_request_info /opt/stack/keystone/keystone/server/flask/request_processing/req_logging.py:26}}
Jul 18 22:38:30 ubuntu devstack@keystone.service[80941]: DEBUG keystone.server.flask.request_processing.req_logging [None req-062c7f32-96f1-4bae-90e7-f501e85ccb47 None None] SCRIPT_NAME: `/identity` {{(pid=80941) log_request_info /opt/stack/keystone/keystone/server/flask/request_processing/req_logging.py:27}}
Jul 18 22:38:30 ubuntu devstack@keystone.service[80941]: DEBUG keystone.server.flask.request_processing.req_logging [None req-062c7f32-96f1-4bae-90e7-f501e85ccb47 None None] PATH_INFO: `/v3/auth/tokens` {{(pid=80941) log_request_info /opt/stack/keystone/keystone/server/flask/request_processing/req_logging.py:28}}
Jul 18 22:38:30 ubuntu devstack@keystone.service[80941]: INFO dbcounter [None req-062c7f32-96f1-4bae-90e7-f501e85ccb47 None None] Registered counter for database keystone
Jul 18 22:38:30 ubuntu devstack@keystone.service[80941]: DEBUG oslo_db.sqlalchemy.engines [None req-062c7f32-96f1-4bae-90e7-f501e85ccb47 None None] MySQL server mode set to STRICT_TRANS_TABLES,STRICT_ALL_TABLES,NO_ZERO_IN_DATE,NO_ZERO_DATE,ERROR_FOR_DIVISION_BY_ZERO,TRADITIONAL,NO_ENGINE_SUBSTITUTION {{(pid=80941) _check_effective_sql_mode /opt/stack/data/venv/lib/python3.10/site-packages/oslo_db/sqlalchemy/engines.py:397}}
Jul 18 22:38:30 ubuntu devstack@keystone.service[80941]: DEBUG dbcounter [-] [80941] Writer thread running {{(pid=80941) stat_writer /opt/stack/data/venv/lib/python3.10/site-packages/dbcounter.py:102}}
Jul 18 22:38:30 ubuntu devstack@keystone.service[80941]: WARNING keystone.common.password_hashing [None req-062c7f32-96f1-4bae-90e7-f501e85ccb47 None None] Truncating password to algorithm specific maximum length 72 characters.
Jul 18 22:38:30 ubuntu devstack@keystone.service[80941]: DEBUG keystone.auth.core [None req-062c7f32-96f1-4bae-90e7-f501e85ccb47 None None] MFA Rules not processed for user `d76a651a308e48af8d2d16aa1b01ef7c`. Rule list: `[]` (Enabled: `True`). {{(pid=80941) check_auth_methods_against_rules /opt/stack/keystone/keystone/auth/core.py:476}}
Jul 18 22:38:30 ubuntu devstack@keystone.service[80941]: DEBUG keystone.common.fernet_utils [None req-062c7f32-96f1-4bae-90e7-f501e85ccb47 None None] Loaded 2 Fernet keys from /etc/keystone/fernet-keys/, but `[fernet_tokens] max_active_keys = 3`; perhaps there have not been enough key rotations to reach `max_active_keys` yet? {{(pid=80941) load_keys /opt/stack/keystone/keystone/common/fernet_utils.py:297}}
Jul 18 22:38:30 ubuntu devstack@keystone.service[80941]: [pid: 80941|app: 0|req: 1/3] 10.201.5.82 () {58 vars in 1016 bytes} [Fri Jul 18 22:38:30 2025] POST /identity/v3/auth/tokens => generated 977 bytes in 318 msecs (HTTP/1.1 201) 6 headers in 384 bytes (1 switches on core 0)
Jul 18 22:38:30 ubuntu devstack@keystone.service[80942]: DEBUG keystone.server.flask.request_processing.middleware.auth_context [None req-37826c37-bcc9-46f2-861d-d21b29674f8a None None] Authenticating user token {{(pid=80942) process_request /opt/stack/data/venv/lib/python3.10/site-packages/keystonemiddleware/auth_token/__init__.py:407}}
Jul 18 22:38:30 ubuntu devstack@keystone.service[80942]: INFO dbcounter [None req-37826c37-bcc9-46f2-861d-d21b29674f8a None None] Registered counter for database keystone
Jul 18 22:38:30 ubuntu devstack@keystone.service[80942]: DEBUG oslo_db.sqlalchemy.engines [None req-37826c37-bcc9-46f2-861d-d21b29674f8a None None] MySQL server mode set to STRICT_TRANS_TABLES,STRICT_ALL_TABLES,NO_ZERO_IN_DATE,NO_ZERO_DATE,ERROR_FOR_DIVISION_BY_ZERO,TRADITIONAL,NO_ENGINE_SUBSTITUTION {{(pid=80942) _check_effective_sql_mode /opt/stack/data/venv/lib/python3.10/site-packages/oslo_db/sqlalchemy/engines.py:397}}
Jul 18 22:38:31 ubuntu devstack@keystone.service[80942]: DEBUG dbcounter [-] [80942] Writer thread running {{(pid=80942) stat_writer /opt/stack/data/venv/lib/python3.10/site-packages/dbcounter.py:102}}
Jul 18 22:38:31 ubuntu devstack@keystone.service[80942]: DEBUG keystone.server.flask.request_processing.middleware.auth_context [None req-37826c37-bcc9-46f2-861d-d21b29674f8a None None] Validating token access rules against request {{(pid=80942) validate_allowed_request /opt/stack/data/venv/lib/python3.10/site-packages/keystonemiddleware/auth_token/__init__.py:545}}
Jul 18 22:38:31 ubuntu devstack@keystone.service[80942]: DEBUG keystone.server.flask.request_processing.middleware.auth_context [None req-3126d0f3-2819-42d2-9c43-47bf1a4e4743 admin admin] RBAC: auth_context: {'token': <TokenModel (audit_id=D3wip2sNTPW6f9vYpaFc5Q, audit_chain_id=['D3wip2sNTPW6f9vYpaFc5Q']) at 0x7f8b422e5b70>, 'domain_id': None, 'trust_id': None, 'trustor_id': None, 'trustee_id': None, 'domain_name': None, 'group_ids': [], 'user_id': 'd76a651a308e48af8d2d16aa1b01ef7c', 'user_domain_id': 'default', 'system_scope': None, 'project_id': '659c583f35e745629277e1b321274a47', 'project_domain_id': 'default', 'roles': ['member', 'reader', 'manager', 'admin'], 'is_admin_project': True, 'service_user_id': None, 'service_user_domain_id': None, 'service_project_id': None, 'service_project_domain_id': None, 'service_roles': []} {{(pid=80942) fill_context /opt/stack/keystone/keystone/server/flask/request_processing/middleware/auth_context.py:509}}
Jul 18 22:38:31 ubuntu devstack@keystone.service[80942]: DEBUG keystone.server.flask.request_processing.req_logging [None req-3126d0f3-2819-42d2-9c43-47bf1a4e4743 admin admin] REQUEST_METHOD: `GET` {{(pid=80942) log_request_info /opt/stack/keystone/keystone/server/flask/request_processing/req_logging.py:26}}
Jul 18 22:38:31 ubuntu devstack@keystone.service[80942]: DEBUG keystone.server.flask.request_processing.req_logging [None req-3126d0f3-2819-42d2-9c43-47bf1a4e4743 admin admin] SCRIPT_NAME: `/identity` {{(pid=80942) log_request_info /opt/stack/keystone/keystone/server/flask/request_processing/req_logging.py:27}}
Jul 18 22:38:31 ubuntu devstack@keystone.service[80942]: DEBUG keystone.server.flask.request_processing.req_logging [None req-3126d0f3-2819-42d2-9c43-47bf1a4e4743 admin admin] PATH_INFO: `/v3/auth/tokens` {{(pid=80942) log_request_info /opt/stack/keystone/keystone/server/flask/request_processing/req_logging.py:28}}
Jul 18 22:38:31 ubuntu devstack@keystone.service[80942]: DEBUG keystone.common.rbac_enforcer.enforcer [None req-3126d0f3-2819-42d2-9c43-47bf1a4e4743 admin admin] RBAC: Authorizing `identity:validate_token()` {{(pid=80942) enforce_call /opt/stack/keystone/keystone/common/rbac_enforcer/enforcer.py:494}}
Jul 18 22:38:31 ubuntu devstack@keystone.service[80942]: WARNING keystone.common.rbac_enforcer.enforcer [None req-3126d0f3-2819-42d2-9c43-47bf1a4e4743 admin admin] Deprecated policy rules found. Use oslopolicy-policy-generator and oslopolicy-policy-upgrade to detect and resolve deprecated policies in your configuration.
Jul 18 22:38:31 ubuntu devstack@keystone.service[80942]: DEBUG keystone.common.rbac_enforcer.enforcer [None req-3126d0f3-2819-42d2-9c43-47bf1a4e4743 admin admin] RBAC: Authorization granted {{(pid=80942) enforce_call /opt/stack/keystone/keystone/common/rbac_enforcer/enforcer.py:505}}
Jul 18 22:38:31 ubuntu devstack@keystone.service[80942]: [pid: 80942|app: 0|req: 3/4] 10.201.5.82 () {58 vars in 1316 bytes} [Fri Jul 18 22:38:30 2025] GET /identity/v3/auth/tokens => generated 977 bytes in 171 msecs (HTTP/1.1 200) 6 headers in 379 bytes (1 switches on core 0)
Jul 18 22:38:31 ubuntu devstack@keystone.service[80941]: DEBUG keystone.server.flask.request_processing.middleware.auth_context [None req-062c7f32-96f1-4bae-90e7-f501e85ccb47 None None] Authenticating user token {{(pid=80941) process_request /opt/stack/data/venv/lib/python3.10/site-packages/keystonemiddleware/auth_token/__init__.py:407}}
Jul 18 22:38:31 ubuntu devstack@keystone.service[80941]: DEBUG keystone.server.flask.request_processing.middleware.auth_context [None req-062c7f32-96f1-4bae-90e7-f501e85ccb47 None None] Validating token access rules against request {{(pid=80941) validate_allowed_request /opt/stack/data/venv/lib/python3.10/site-packages/keystonemiddleware/auth_token/__init__.py:545}}
Jul 18 22:38:31 ubuntu devstack@keystone.service[80941]: DEBUG keystone.server.flask.request_processing.middleware.auth_context [None req-0da570da-f1ff-4870-bc59-ea8cff73e3ef admin admin] RBAC: auth_context: {'token': <TokenModel (audit_id=D3wip2sNTPW6f9vYpaFc5Q, audit_chain_id=['D3wip2sNTPW6f9vYpaFc5Q']) at 0x7f8b424bf010>, 'domain_id': None, 'trust_id': None, 'trustor_id': None, 'trustee_id': None, 'domain_name': None, 'group_ids': [], 'user_id': 'd76a651a308e48af8d2d16aa1b01ef7c', 'user_domain_id': 'default', 'system_scope': None, 'project_id': '659c583f35e745629277e1b321274a47', 'project_domain_id': 'default', 'roles': ['member', 'reader', 'manager', 'admin'], 'is_admin_project': True, 'service_user_id': None, 'service_user_domain_id': None, 'service_project_id': None, 'service_project_domain_id': None, 'service_roles': []} {{(pid=80941) fill_context /opt/stack/keystone/keystone/server/flask/request_processing/middleware/auth_context.py:509}}
Jul 18 22:38:31 ubuntu devstack@keystone.service[80941]: DEBUG keystone.server.flask.request_processing.req_logging [None req-0da570da-f1ff-4870-bc59-ea8cff73e3ef admin admin] REQUEST_METHOD: `GET` {{(pid=80941) log_request_info /opt/stack/keystone/keystone/server/flask/request_processing/req_logging.py:26}}
Jul 18 22:38:31 ubuntu devstack@keystone.service[80941]: DEBUG keystone.server.flask.request_processing.req_logging [None req-0da570da-f1ff-4870-bc59-ea8cff73e3ef admin admin] SCRIPT_NAME: `/identity` {{(pid=80941) log_request_info /opt/stack/keystone/keystone/server/flask/request_processing/req_logging.py:27}}
Jul 18 22:38:31 ubuntu devstack@keystone.service[80941]: DEBUG keystone.server.flask.request_processing.req_logging [None req-0da570da-f1ff-4870-bc59-ea8cff73e3ef admin admin] PATH_INFO: `/v3/projects/659c583f35e745629277e1b321274a47` {{(pid=80941) log_request_info /opt/stack/keystone/keystone/server/flask/request_processing/req_logging.py:28}}
Jul 18 22:38:31 ubuntu devstack@keystone.service[80941]: DEBUG keystone.common.rbac_enforcer.enforcer [None req-0da570da-f1ff-4870-bc59-ea8cff73e3ef admin admin] RBAC: Authorizing `identity:get_project(project_id=659c583f35e745629277e1b321274a47)` {{(pid=80941) enforce_call /opt/stack/keystone/keystone/common/rbac_enforcer/enforcer.py:494}}
Jul 18 22:38:31 ubuntu devstack@keystone.service[80941]: WARNING keystone.common.rbac_enforcer.enforcer [None req-0da570da-f1ff-4870-bc59-ea8cff73e3ef admin admin] Deprecated policy rules found. Use oslopolicy-policy-generator and oslopolicy-policy-upgrade to detect and resolve deprecated policies in your configuration.
Jul 18 22:38:31 ubuntu devstack@keystone.service[80941]: DEBUG keystone.common.rbac_enforcer.enforcer [None req-0da570da-f1ff-4870-bc59-ea8cff73e3ef admin admin] RBAC: Authorization granted {{(pid=80941) enforce_call /opt/stack/keystone/keystone/common/rbac_enforcer/enforcer.py:505}}
Jul 18 22:38:31 ubuntu devstack@keystone.service[80941]: [pid: 80941|app: 0|req: 2/5] 10.201.5.82 () {56 vars in 1199 bytes} [Fri Jul 18 22:38:31 2025] GET /identity/v3/projects/659c583f35e745629277e1b321274a47 => generated 344 bytes in 38 msecs (HTTP/1.1 200) 5 headers in 177 bytes (1 switches on core 0)
Jul 18 22:38:32 ubuntu devstack@keystone.service[80942]: DEBUG keystone.server.flask.request_processing.req_logging [None req-407facd5-d02d-4c88-a775-ee17297f6d01 None None] REQUEST_METHOD: `GET` {{(pid=80942) log_request_info /opt/stack/keystone/keystone/server/flask/request_processing/req_logging.py:26}}
Jul 18 22:38:32 ubuntu devstack@keystone.service[80942]: DEBUG keystone.server.flask.request_processing.req_logging [None req-407facd5-d02d-4c88-a775-ee17297f6d01 None None] SCRIPT_NAME: `/identity` {{(pid=80942) log_request_info /opt/stack/keystone/keystone/server/flask/request_processing/req_logging.py:27}}
Jul 18 22:38:32 ubuntu devstack@keystone.service[80942]: DEBUG keystone.server.flask.request_processing.req_logging [None req-407facd5-d02d-4c88-a775-ee17297f6d01 None None] PATH_INFO: `/` {{(pid=80942) log_request_info /opt/stack/keystone/keystone/server/flask/request_processing/req_logging.py:28}}
Jul 18 22:38:32 ubuntu devstack@keystone.service[80942]: [pid: 80942|app: 0|req: 4/6] 10.201.5.82 () {54 vars in 919 bytes} [Fri Jul 18 22:38:32 2025] GET /identity => generated 270 bytes in 4 msecs (HTTP/1.1 300) 6 headers in 234 bytes (1 switches on core 0)
Jul 18 22:38:32 ubuntu devstack@keystone.service[80941]: DEBUG keystone.server.flask.request_processing.req_logging [None req-10f01399-d908-4a1c-9ef5-6e13f80dc13f None None] REQUEST_METHOD: `POST` {{(pid=80941) log_request_info /opt/stack/keystone/keystone/server/flask/request_processing/req_logging.py:26}}
Jul 18 22:38:32 ubuntu devstack@keystone.service[80941]: DEBUG keystone.server.flask.request_processing.req_logging [None req-10f01399-d908-4a1c-9ef5-6e13f80dc13f None None] SCRIPT_NAME: `/identity` {{(pid=80941) log_request_info /opt/stack/keystone/keystone/server/flask/request_processing/req_logging.py:27}}
Jul 18 22:38:32 ubuntu devstack@keystone.service[80941]: DEBUG keystone.server.flask.request_processing.req_logging [None req-10f01399-d908-4a1c-9ef5-6e13f80dc13f None None] PATH_INFO: `/v3/auth/tokens` {{(pid=80941) log_request_info /opt/stack/keystone/keystone/server/flask/request_processing/req_logging.py:28}}
Jul 18 22:38:32 ubuntu devstack@keystone.service[80941]: WARNING keystone.common.password_hashing [None req-10f01399-d908-4a1c-9ef5-6e13f80dc13f None None] Truncating password to algorithm specific maximum length 72 characters.
Jul 18 22:38:32 ubuntu devstack@keystone.service[80941]: DEBUG keystone.auth.core [None req-10f01399-d908-4a1c-9ef5-6e13f80dc13f None None] MFA Rules not processed for user `d76a651a308e48af8d2d16aa1b01ef7c`. Rule list: `[]` (Enabled: `True`). {{(pid=80941) check_auth_methods_against_rules /opt/stack/keystone/keystone/auth/core.py:476}}
Jul 18 22:38:32 ubuntu devstack@keystone.service[80941]: DEBUG keystone.common.fernet_utils [None req-10f01399-d908-4a1c-9ef5-6e13f80dc13f None None] Loaded 2 Fernet keys from /etc/keystone/fernet-keys/, but `[fernet_tokens] max_active_keys = 3`; perhaps there have not been enough key rotations to reach `max_active_keys` yet? {{(pid=80941) load_keys /opt/stack/keystone/keystone/common/fernet_utils.py:297}}
Jul 18 22:38:32 ubuntu devstack@keystone.service[80941]: [pid: 80941|app: 0|req: 3/7] 10.201.5.82 () {58 vars in 1016 bytes} [Fri Jul 18 22:38:32 2025] POST /identity/v3/auth/tokens => generated 977 bytes in 33 msecs (HTTP/1.1 201) 6 headers in 384 bytes (1 switches on core 0)
Jul 18 22:38:32 ubuntu devstack@keystone.service[80942]: DEBUG keystone.server.flask.request_processing.middleware.auth_context [None req-407facd5-d02d-4c88-a775-ee17297f6d01 None None] Authenticating user token {{(pid=80942) process_request /opt/stack/data/venv/lib/python3.10/site-packages/keystonemiddleware/auth_token/__init__.py:407}}
Jul 18 22:38:32 ubuntu devstack@keystone.service[80942]: DEBUG keystone.server.flask.request_processing.middleware.auth_context [None req-407facd5-d02d-4c88-a775-ee17297f6d01 None None] Validating token access rules against request {{(pid=80942) validate_allowed_request /opt/stack/data/venv/lib/python3.10/site-packages/keystonemiddleware/auth_token/__init__.py:545}}
Jul 18 22:38:32 ubuntu devstack@keystone.service[80942]: DEBUG keystone.server.flask.request_processing.middleware.auth_context [None req-fc0415bf-a2d8-468f-b4c6-f6fc9754679c admin admin] RBAC: auth_context: {'token': <TokenModel (audit_id=rJB92kCNQviK7FM48LBvPw, audit_chain_id=['rJB92kCNQviK7FM48LBvPw']) at 0x7f8b4169dfc0>, 'domain_id': None, 'trust_id': None, 'trustor_id': None, 'trustee_id': None, 'domain_name': None, 'group_ids': [], 'user_id': 'd76a651a308e48af8d2d16aa1b01ef7c', 'user_domain_id': 'default', 'system_scope': None, 'project_id': '659c583f35e745629277e1b321274a47', 'project_domain_id': 'default', 'roles': ['member', 'reader', 'manager', 'admin'], 'is_admin_project': True, 'service_user_id': None, 'service_user_domain_id': None, 'service_project_id': None, 'service_project_domain_id': None, 'service_roles': []} {{(pid=80942) fill_context /opt/stack/keystone/keystone/server/flask/request_processing/middleware/auth_context.py:509}}
Jul 18 22:38:32 ubuntu devstack@keystone.service[80942]: DEBUG keystone.server.flask.request_processing.req_logging [None req-fc0415bf-a2d8-468f-b4c6-f6fc9754679c admin admin] REQUEST_METHOD: `GET` {{(pid=80942) log_request_info /opt/stack/keystone/keystone/server/flask/request_processing/req_logging.py:26}}
Jul 18 22:38:32 ubuntu devstack@keystone.service[80942]: DEBUG keystone.server.flask.request_processing.req_logging [None req-fc0415bf-a2d8-468f-b4c6-f6fc9754679c admin admin] SCRIPT_NAME: `/identity` {{(pid=80942) log_request_info /opt/stack/keystone/keystone/server/flask/request_processing/req_logging.py:27}}
Jul 18 22:38:32 ubuntu devstack@keystone.service[80942]: DEBUG keystone.server.flask.request_processing.req_logging [None req-fc0415bf-a2d8-468f-b4c6-f6fc9754679c admin admin] PATH_INFO: `/v3/users/admin` {{(pid=80942) log_request_info /opt/stack/keystone/keystone/server/flask/request_processing/req_logging.py:28}}
Jul 18 22:38:32 ubuntu devstack@keystone.service[80942]: DEBUG keystone.common.rbac_enforcer.enforcer [None req-fc0415bf-a2d8-468f-b4c6-f6fc9754679c admin admin] RBAC: Authorizing `identity:get_user(user_id=admin)` {{(pid=80942) enforce_call /opt/stack/keystone/keystone/common/rbac_enforcer/enforcer.py:494}}
Jul 18 22:38:32 ubuntu devstack@keystone.service[80942]: DEBUG keystone.common.rbac_enforcer.enforcer [None req-fc0415bf-a2d8-468f-b4c6-f6fc9754679c admin admin] RBAC: Authorization granted {{(pid=80942) enforce_call /opt/stack/keystone/keystone/common/rbac_enforcer/enforcer.py:505}}
Jul 18 22:38:32 ubuntu devstack@keystone.service[80942]: DEBUG keystone.server.flask.application [None req-fc0415bf-a2d8-468f-b4c6-f6fc9754679c admin admin] Could not find user: admin. {{(pid=80942) _handle_keystone_exception /opt/stack/keystone/keystone/server/flask/application.py:146}}
Jul 18 22:38:32 ubuntu devstack@keystone.service[80942]: [pid: 80942|app: 0|req: 5/8] 10.201.5.82 () {56 vars in 1153 bytes} [Fri Jul 18 22:38:32 2025] GET /identity/v3/users/admin => generated 83 bytes in 42 msecs (HTTP/1.1 404) 5 headers in 183 bytes (1 switches on core 0)
Jul 18 22:38:32 ubuntu devstack@keystone.service[80941]: DEBUG keystone.server.flask.request_processing.middleware.auth_context [None req-10f01399-d908-4a1c-9ef5-6e13f80dc13f None None] Authenticating user token {{(pid=80941) process_request /opt/stack/data/venv/lib/python3.10/site-packages/keystonemiddleware/auth_token/__init__.py:407}}
Jul 18 22:38:32 ubuntu devstack@keystone.service[80941]: DEBUG keystone.server.flask.request_processing.middleware.auth_context [None req-10f01399-d908-4a1c-9ef5-6e13f80dc13f None None] Validating token access rules against request {{(pid=80941) validate_allowed_request /opt/stack/data/venv/lib/python3.10/site-packages/keystonemiddleware/auth_token/__init__.py:545}}
Jul 18 22:38:32 ubuntu devstack@keystone.service[80941]: DEBUG keystone.server.flask.request_processing.middleware.auth_context [None req-0b87d8ce-6b6b-4d97-a391-ce0f25fa9c76 admin admin] RBAC: auth_context: {'token': <TokenModel (audit_id=rJB92kCNQviK7FM48LBvPw, audit_chain_id=['rJB92kCNQviK7FM48LBvPw']) at 0x7f8b422e1cf0>, 'domain_id': None, 'trust_id': None, 'trustor_id': None, 'trustee_id': None, 'domain_name': None, 'group_ids': [], 'user_id': 'd76a651a308e48af8d2d16aa1b01ef7c', 'user_domain_id': 'default', 'system_scope': None, 'project_id': '659c583f35e745629277e1b321274a47', 'project_domain_id': 'default', 'roles': ['member', 'reader', 'manager', 'admin'], 'is_admin_project': True, 'service_user_id': None, 'service_user_domain_id': None, 'service_project_id': None, 'service_project_domain_id': None, 'service_roles': []} {{(pid=80941) fill_context /opt/stack/keystone/keystone/server/flask/request_processing/middleware/auth_context.py:509}}
Jul 18 22:38:32 ubuntu devstack@keystone.service[80941]: DEBUG keystone.server.flask.request_processing.req_logging [None req-0b87d8ce-6b6b-4d97-a391-ce0f25fa9c76 admin admin] REQUEST_METHOD: `GET` {{(pid=80941) log_request_info /opt/stack/keystone/keystone/server/flask/request_processing/req_logging.py:26}}
Jul 18 22:38:32 ubuntu devstack@keystone.service[80941]: DEBUG keystone.server.flask.request_processing.req_logging [None req-0b87d8ce-6b6b-4d97-a391-ce0f25fa9c76 admin admin] SCRIPT_NAME: `/identity` {{(pid=80941) log_request_info /opt/stack/keystone/keystone/server/flask/request_processing/req_logging.py:27}}
Jul 18 22:38:32 ubuntu devstack@keystone.service[80941]: DEBUG keystone.server.flask.request_processing.req_logging [None req-0b87d8ce-6b6b-4d97-a391-ce0f25fa9c76 admin admin] PATH_INFO: `/v3/users` {{(pid=80941) log_request_info /opt/stack/keystone/keystone/server/flask/request_processing/req_logging.py:28}}
Jul 18 22:38:32 ubuntu devstack@keystone.service[80941]: DEBUG keystone.common.rbac_enforcer.enforcer [None req-0b87d8ce-6b6b-4d97-a391-ce0f25fa9c76 admin admin] RBAC: Adding query filter params (name=admin) {{(pid=80941) _extract_filter_values /opt/stack/keystone/keystone/common/rbac_enforcer/enforcer.py:176}}
Jul 18 22:38:32 ubuntu devstack@keystone.service[80941]: DEBUG keystone.common.rbac_enforcer.enforcer [None req-0b87d8ce-6b6b-4d97-a391-ce0f25fa9c76 admin admin] RBAC: Authorizing `identity:list_users()` {{(pid=80941) enforce_call /opt/stack/keystone/keystone/common/rbac_enforcer/enforcer.py:494}}
Jul 18 22:38:32 ubuntu devstack@keystone.service[80941]: DEBUG keystone.common.rbac_enforcer.enforcer [None req-0b87d8ce-6b6b-4d97-a391-ce0f25fa9c76 admin admin] RBAC: Authorization granted {{(pid=80941) enforce_call /opt/stack/keystone/keystone/common/rbac_enforcer/enforcer.py:505}}
Jul 18 22:38:32 ubuntu devstack@keystone.service[80941]: [pid: 80941|app: 0|req: 4/9] 10.201.5.82 () {56 vars in 1169 bytes} [Fri Jul 18 22:38:32 2025] GET /identity/v3/users?name=admin => generated 352 bytes in 42 msecs (HTTP/1.1 200) 5 headers in 177 bytes (1 switches on core 0)
Jul 18 22:38:33 ubuntu devstack@keystone.service[80942]: DEBUG keystone.server.flask.request_processing.req_logging [None req-145f3a26-8579-4f60-86cb-bfc7b241c8c9 None None] REQUEST_METHOD: `GET` {{(pid=80942) log_request_info /opt/stack/keystone/keystone/server/flask/request_processing/req_logging.py:26}}
Jul 18 22:38:33 ubuntu devstack@keystone.service[80942]: DEBUG keystone.server.flask.request_processing.req_logging [None req-145f3a26-8579-4f60-86cb-bfc7b241c8c9 None None] SCRIPT_NAME: `/identity` {{(pid=80942) log_request_info /opt/stack/keystone/keystone/server/flask/request_processing/req_logging.py:27}}
Jul 18 22:38:33 ubuntu devstack@keystone.service[80942]: DEBUG keystone.server.flask.request_processing.req_logging [None req-145f3a26-8579-4f60-86cb-bfc7b241c8c9 None None] PATH_INFO: `/` {{(pid=80942) log_request_info /opt/stack/keystone/keystone/server/flask/request_processing/req_logging.py:28}}
Jul 18 22:38:33 ubuntu devstack@keystone.service[80942]: [pid: 80942|app: 0|req: 6/10] 10.201.5.82 () {54 vars in 919 bytes} [Fri Jul 18 22:38:33 2025] GET /identity => generated 270 bytes in 4 msecs (HTTP/1.1 300) 6 headers in 234 bytes (1 switches on core 0)
Jul 18 22:38:33 ubuntu devstack@keystone.service[80941]: DEBUG keystone.server.flask.request_processing.req_logging [None req-b4133d10-48c6-48df-8a52-b4780ba8fb68 None None] REQUEST_METHOD: `POST` {{(pid=80941) log_request_info /opt/stack/keystone/keystone/server/flask/request_processing/req_logging.py:26}}
Jul 18 22:38:33 ubuntu devstack@keystone.service[80941]: DEBUG keystone.server.flask.request_processing.req_logging [None req-b4133d10-48c6-48df-8a52-b4780ba8fb68 None None] SCRIPT_NAME: `/identity` {{(pid=80941) log_request_info /opt/stack/keystone/keystone/server/flask/request_processing/req_logging.py:27}}
Jul 18 22:38:33 ubuntu devstack@keystone.service[80941]: DEBUG keystone.server.flask.request_processing.req_logging [None req-b4133d10-48c6-48df-8a52-b4780ba8fb68 None None] PATH_INFO: `/v3/auth/tokens` {{(pid=80941) log_request_info /opt/stack/keystone/keystone/server/flask/request_processing/req_logging.py:28}}
Jul 18 22:38:33 ubuntu devstack@keystone.service[80941]: WARNING keystone.common.password_hashing [None req-b4133d10-48c6-48df-8a52-b4780ba8fb68 None None] Truncating password to algorithm specific maximum length 72 characters.
Jul 18 22:38:33 ubuntu devstack@keystone.service[80941]: DEBUG keystone.auth.core [None req-b4133d10-48c6-48df-8a52-b4780ba8fb68 None None] MFA Rules not processed for user `d76a651a308e48af8d2d16aa1b01ef7c`. Rule list: `[]` (Enabled: `True`). {{(pid=80941) check_auth_methods_against_rules /opt/stack/keystone/keystone/auth/core.py:476}}
Jul 18 22:38:33 ubuntu devstack@keystone.service[80941]: DEBUG keystone.common.fernet_utils [None req-b4133d10-48c6-48df-8a52-b4780ba8fb68 None None] Loaded 2 Fernet keys from /etc/keystone/fernet-keys/, but `[fernet_tokens] max_active_keys = 3`; perhaps there have not been enough key rotations to reach `max_active_keys` yet? {{(pid=80941) load_keys /opt/stack/keystone/keystone/common/fernet_utils.py:297}}
Jul 18 22:38:33 ubuntu devstack@keystone.service[80942]: DEBUG keystone.server.flask.request_processing.req_logging [None req-6e3aa250-dd01-4a2a-8ae5-2944175807bc None None] REQUEST_METHOD: `GET` {{(pid=80942) log_request_info /opt/stack/keystone/keystone/server/flask/request_processing/req_logging.py:26}}
Jul 18 22:38:33 ubuntu devstack@keystone.service[80942]: DEBUG keystone.server.flask.request_processing.req_logging [None req-6e3aa250-dd01-4a2a-8ae5-2944175807bc None None] SCRIPT_NAME: `/identity` {{(pid=80942) log_request_info /opt/stack/keystone/keystone/server/flask/request_processing/req_logging.py:27}}
Jul 18 22:38:33 ubuntu devstack@keystone.service[80942]: DEBUG keystone.server.flask.request_processing.req_logging [None req-6e3aa250-dd01-4a2a-8ae5-2944175807bc None None] PATH_INFO: `/` {{(pid=80942) log_request_info /opt/stack/keystone/keystone/server/flask/request_processing/req_logging.py:28}}
Jul 18 22:38:33 ubuntu devstack@keystone.service[80942]: [pid: 80942|app: 0|req: 7/11] 10.201.5.82 () {54 vars in 919 bytes} [Fri Jul 18 22:38:33 2025] GET /identity => generated 270 bytes in 4 msecs (HTTP/1.1 300) 6 headers in 234 bytes (1 switches on core 0)
Jul 18 22:38:33 ubuntu devstack@keystone.service[80942]: DEBUG keystone.server.flask.request_processing.req_logging [None req-9c604c72-0c88-46e4-80a0-97ca5d21fe2d None None] REQUEST_METHOD: `POST` {{(pid=80942) log_request_info /opt/stack/keystone/keystone/server/flask/request_processing/req_logging.py:26}}
Jul 18 22:38:33 ubuntu devstack@keystone.service[80942]: DEBUG keystone.server.flask.request_processing.req_logging [None req-9c604c72-0c88-46e4-80a0-97ca5d21fe2d None None] SCRIPT_NAME: `/identity` {{(pid=80942) log_request_info /opt/stack/keystone/keystone/server/flask/request_processing/req_logging.py:27}}
Jul 18 22:38:33 ubuntu devstack@keystone.service[80942]: DEBUG keystone.server.flask.request_processing.req_logging [None req-9c604c72-0c88-46e4-80a0-97ca5d21fe2d None None] PATH_INFO: `/v3/auth/tokens` {{(pid=80942) log_request_info /opt/stack/keystone/keystone/server/flask/request_processing/req_logging.py:28}}
Jul 18 22:38:33 ubuntu devstack@keystone.service[80942]: WARNING keystone.common.password_hashing [None req-9c604c72-0c88-46e4-80a0-97ca5d21fe2d None None] Truncating password to algorithm specific maximum length 72 characters.
Jul 18 22:38:33 ubuntu devstack@keystone.service[80942]: DEBUG keystone.auth.core [None req-9c604c72-0c88-46e4-80a0-97ca5d21fe2d None None] MFA Rules not processed for user `d76a651a308e48af8d2d16aa1b01ef7c`. Rule list: `[]` (Enabled: `True`). {{(pid=80942) check_auth_methods_against_rules /opt/stack/keystone/keystone/auth/core.py:476}}
Jul 18 22:38:33 ubuntu devstack@keystone.service[80942]: DEBUG keystone.common.fernet_utils [None req-9c604c72-0c88-46e4-80a0-97ca5d21fe2d None None] Loaded 2 Fernet keys from /etc/keystone/fernet-keys/, but `[fernet_tokens] max_active_keys = 3`; perhaps there have not been enough key rotations to reach `max_active_keys` yet? {{(pid=80942) load_keys /opt/stack/keystone/keystone/common/fernet_utils.py:297}}
Jul 18 22:38:33 ubuntu devstack@keystone.service[80941]: [pid: 80941|app: 0|req: 5/12] 10.201.5.82 () {58 vars in 1016 bytes} [Fri Jul 18 22:38:33 2025] POST /identity/v3/auth/tokens => generated 862 bytes in 67 msecs (HTTP/1.1 201) 6 headers in 363 bytes (2 switches on core 0)
Jul 18 22:38:33 ubuntu devstack@keystone.service[80942]: [pid: 80942|app: 0|req: 8/13] 10.201.5.82 () {58 vars in 1016 bytes} [Fri Jul 18 22:38:33 2025] POST /identity/v3/auth/tokens => generated 862 bytes in 68 msecs (HTTP/1.1 201) 6 headers in 363 bytes (1 switches on core 0)
Jul 18 22:38:33 ubuntu devstack@keystone.service[80941]: DEBUG keystone.server.flask.request_processing.middleware.auth_context [None req-b4133d10-48c6-48df-8a52-b4780ba8fb68 None None] Authenticating user token {{(pid=80941) process_request /opt/stack/data/venv/lib/python3.10/site-packages/keystonemiddleware/auth_token/__init__.py:407}}
Jul 18 22:38:33 ubuntu devstack@keystone.service[80942]: DEBUG keystone.server.flask.request_processing.middleware.auth_context [None req-9c604c72-0c88-46e4-80a0-97ca5d21fe2d None None] Authenticating user token {{(pid=80942) process_request /opt/stack/data/venv/lib/python3.10/site-packages/keystonemiddleware/auth_token/__init__.py:407}}
Jul 18 22:38:33 ubuntu devstack@keystone.service[80941]: DEBUG keystone.server.flask.request_processing.middleware.auth_context [None req-b4133d10-48c6-48df-8a52-b4780ba8fb68 None None] Validating token access rules against request {{(pid=80941) validate_allowed_request /opt/stack/data/venv/lib/python3.10/site-packages/keystonemiddleware/auth_token/__init__.py:545}}
Jul 18 22:38:34 ubuntu devstack@keystone.service[80941]: DEBUG keystone.server.flask.request_processing.middleware.auth_context [None req-7d4163b0-9113-47c9-a249-ea89f3c7b07b None admin] RBAC: auth_context: {'token': <TokenModel (audit_id=ZH6v_E1fQEa1WsM9R-KaBA, audit_chain_id=['ZH6v_E1fQEa1WsM9R-KaBA']) at 0x7f8b422e1ae0>, 'domain_id': None, 'trust_id': None, 'trustor_id': None, 'trustee_id': None, 'domain_name': None, 'group_ids': [], 'user_id': 'd76a651a308e48af8d2d16aa1b01ef7c', 'user_domain_id': 'default', 'system_scope': 'all', 'project_id': None, 'project_domain_id': None, 'roles': ['admin', 'manager', 'member', 'reader'], 'is_admin_project': True, 'service_user_id': None, 'service_user_domain_id': None, 'service_project_id': None, 'service_project_domain_id': None, 'service_roles': []} {{(pid=80941) fill_context /opt/stack/keystone/keystone/server/flask/request_processing/middleware/auth_context.py:509}}
Jul 18 22:38:34 ubuntu devstack@keystone.service[80941]: DEBUG keystone.server.flask.request_processing.req_logging [None req-7d4163b0-9113-47c9-a249-ea89f3c7b07b None admin] REQUEST_METHOD: `GET` {{(pid=80941) log_request_info /opt/stack/keystone/keystone/server/flask/request_processing/req_logging.py:26}}
Jul 18 22:38:34 ubuntu devstack@keystone.service[80941]: DEBUG keystone.server.flask.request_processing.req_logging [None req-7d4163b0-9113-47c9-a249-ea89f3c7b07b None admin] SCRIPT_NAME: `/identity` {{(pid=80941) log_request_info /opt/stack/keystone/keystone/server/flask/request_processing/req_logging.py:27}}
Jul 18 22:38:34 ubuntu devstack@keystone.service[80941]: DEBUG keystone.server.flask.request_processing.req_logging [None req-7d4163b0-9113-47c9-a249-ea89f3c7b07b None admin] PATH_INFO: `/v3/roles/admin` {{(pid=80941) log_request_info /opt/stack/keystone/keystone/server/flask/request_processing/req_logging.py:28}}
Jul 18 22:38:34 ubuntu devstack@keystone.service[80941]: DEBUG keystone.common.rbac_enforcer.enforcer [None req-7d4163b0-9113-47c9-a249-ea89f3c7b07b None admin] Extracting inferred target data resulted in "NOT FOUND (404)". {{(pid=80941) enforce_call /opt/stack/keystone/keystone/common/rbac_enforcer/enforcer.py:445}}
Jul 18 22:38:34 ubuntu devstack@keystone.service[80941]: DEBUG keystone.server.flask.application [None req-7d4163b0-9113-47c9-a249-ea89f3c7b07b None admin] Could not find role: admin. {{(pid=80941) _handle_keystone_exception /opt/stack/keystone/keystone/server/flask/application.py:146}}
Jul 18 22:38:34 ubuntu devstack@keystone.service[80941]: [pid: 80941|app: 0|req: 6/14] 10.201.5.82 () {56 vars in 1132 bytes} [Fri Jul 18 22:38:33 2025] GET /identity/v3/roles/admin => generated 83 bytes in 73 msecs (HTTP/1.1 404) 5 headers in 183 bytes (1 switches on core 0)
Jul 18 22:38:34 ubuntu devstack@keystone.service[80942]: DEBUG keystone.server.flask.request_processing.middleware.auth_context [None req-9c604c72-0c88-46e4-80a0-97ca5d21fe2d None None] Validating token access rules against request {{(pid=80942) validate_allowed_request /opt/stack/data/venv/lib/python3.10/site-packages/keystonemiddleware/auth_token/__init__.py:545}}
Jul 18 22:38:34 ubuntu devstack@keystone.service[80941]: DEBUG keystone.server.flask.request_processing.middleware.auth_context [None req-7d4163b0-9113-47c9-a249-ea89f3c7b07b None admin] Authenticating user token {{(pid=80941) process_request /opt/stack/data/venv/lib/python3.10/site-packages/keystonemiddleware/auth_token/__init__.py:407}}
Jul 18 22:38:34 ubuntu devstack@keystone.service[80942]: DEBUG keystone.server.flask.request_processing.middleware.auth_context [None req-1ff21175-32ab-41c3-9346-7687988d6dd6 None admin] RBAC: auth_context: {'token': <TokenModel (audit_id=z9Lj2AyzRcuHADa1QseAAQ, audit_chain_id=['z9Lj2AyzRcuHADa1QseAAQ']) at 0x7f8b4154a830>, 'domain_id': None, 'trust_id': None, 'trustor_id': None, 'trustee_id': None, 'domain_name': None, 'group_ids': [], 'user_id': 'd76a651a308e48af8d2d16aa1b01ef7c', 'user_domain_id': 'default', 'system_scope': 'all', 'project_id': None, 'project_domain_id': None, 'roles': ['admin', 'manager', 'member', 'reader'], 'is_admin_project': True, 'service_user_id': None, 'service_user_domain_id': None, 'service_project_id': None, 'service_project_domain_id': None, 'service_roles': []} {{(pid=80942) fill_context /opt/stack/keystone/keystone/server/flask/request_processing/middleware/auth_context.py:509}}
Jul 18 22:38:34 ubuntu devstack@keystone.service[80942]: DEBUG keystone.server.flask.request_processing.req_logging [None req-1ff21175-32ab-41c3-9346-7687988d6dd6 None admin] REQUEST_METHOD: `POST` {{(pid=80942) log_request_info /opt/stack/keystone/keystone/server/flask/request_processing/req_logging.py:26}}
Jul 18 22:38:34 ubuntu devstack@keystone.service[80942]: DEBUG keystone.server.flask.request_processing.req_logging [None req-1ff21175-32ab-41c3-9346-7687988d6dd6 None admin] SCRIPT_NAME: `/identity` {{(pid=80942) log_request_info /opt/stack/keystone/keystone/server/flask/request_processing/req_logging.py:27}}
Jul 18 22:38:34 ubuntu devstack@keystone.service[80942]: DEBUG keystone.server.flask.request_processing.req_logging [None req-1ff21175-32ab-41c3-9346-7687988d6dd6 None admin] PATH_INFO: `/v3/domains` {{(pid=80942) log_request_info /opt/stack/keystone/keystone/server/flask/request_processing/req_logging.py:28}}
Jul 18 22:38:34 ubuntu devstack@keystone.service[80942]: DEBUG keystone.common.rbac_enforcer.enforcer [None req-1ff21175-32ab-41c3-9346-7687988d6dd6 None admin] RBAC: Authorizing `identity:create_domain()` {{(pid=80942) enforce_call /opt/stack/keystone/keystone/common/rbac_enforcer/enforcer.py:494}}
Jul 18 22:38:34 ubuntu devstack@keystone.service[80942]: DEBUG keystone.common.rbac_enforcer.enforcer [None req-1ff21175-32ab-41c3-9346-7687988d6dd6 None admin] RBAC: Authorization granted {{(pid=80942) enforce_call /opt/stack/keystone/keystone/common/rbac_enforcer/enforcer.py:505}}
Jul 18 22:38:34 ubuntu devstack@keystone.service[80942]: DEBUG keystone.common.sql.core [None req-1ff21175-32ab-41c3-9346-7687988d6dd6 None admin] Conflict project: (pymysql.err.IntegrityError) (1062, "Duplicate entry '<<keystone.domain.root>>-Default' for key 'project.ixu_project_name_domain_id'")
Jul 18 22:38:34 ubuntu devstack@keystone.service[80942]: [SQL: INSERT INTO project (id, name, domain_id, description, enabled, extra, parent_id, is_domain) VALUES (%(id)s, %(name)s, %(domain_id)s, %(description)s, %(enabled)s, %(extra)s, %(parent_id)s, %(is_domain)s)]
Jul 18 22:38:34 ubuntu devstack@keystone.service[80942]: [parameters: {'id': 'f77cde802dc2446aa7702c47d2b21ce7', 'name': 'Default', 'domain_id': '<<keystone.domain.root>>', 'description': '', 'enabled': 1, 'extra': '{}', 'parent_id': None, 'is_domain': 1}]
Jul 18 22:38:34 ubuntu devstack@keystone.service[80942]: (Background on this error at: https://sqlalche.me/e/20/gkpj) {{(pid=80942) wrapper /opt/stack/keystone/keystone/common/sql/core.py:580}}
Jul 18 22:38:34 ubuntu devstack@keystone.service[80941]: DEBUG keystone.server.flask.request_processing.middleware.auth_context [None req-7d4163b0-9113-47c9-a249-ea89f3c7b07b None admin] Validating token access rules against request {{(pid=80941) validate_allowed_request /opt/stack/data/venv/lib/python3.10/site-packages/keystonemiddleware/auth_token/__init__.py:545}}
Jul 18 22:38:34 ubuntu devstack@keystone.service[80942]: ERROR keystone.server.flask.application [None req-1ff21175-32ab-41c3-9346-7687988d6dd6 None admin] Conflict occurred attempting to store project - it is not permitted to have two projects acting as domains with the same name: Default.: keystone.exception.Conflict: Conflict occurred attempting to store project - it is not permitted to have two projects acting as domains with the same name: Default.
Jul 18 22:38:34 ubuntu devstack@keystone.service[80942]: ERROR keystone.server.flask.application Traceback (most recent call last):
Jul 18 22:38:34 ubuntu devstack@keystone.service[80942]: ERROR keystone.server.flask.application   File "/opt/stack/data/venv/lib/python3.10/site-packages/sqlalchemy/engine/base.py", line 1963, in _exec_single_context
Jul 18 22:38:34 ubuntu devstack@keystone.service[80942]: ERROR keystone.server.flask.application     self.dialect.do_execute(
Jul 18 22:38:34 ubuntu devstack@keystone.service[80942]: ERROR keystone.server.flask.application   File "/opt/stack/data/venv/lib/python3.10/site-packages/sqlalchemy/engine/default.py", line 943, in do_execute
Jul 18 22:38:34 ubuntu devstack@keystone.service[80942]: ERROR keystone.server.flask.application     cursor.execute(statement, parameters)
Jul 18 22:38:34 ubuntu devstack@keystone.service[80942]: ERROR keystone.server.flask.application   File "/opt/stack/data/venv/lib/python3.10/site-packages/pymysql/cursors.py", line 153, in execute
