Feb 06 15:27:30 ubuntu devstack@keystone.service[82132]: DEBUG keystone.server.flask.request_processing.req_logging [None req-5f040a98-235f-4e13-acfa-f492a20c6eb8 None None] REQUEST_METHOD: `GET` {{(pid=82132) log_request_info /opt/stack/keystone/keystone/server/flask/request_processing/req_logging.py:26}}
Feb 06 15:27:30 ubuntu devstack@keystone.service[82132]: DEBUG keystone.server.flask.request_processing.req_logging [None req-5f040a98-235f-4e13-acfa-f492a20c6eb8 None None] SCRIPT_NAME: `/identity` {{(pid=82132) log_request_info /opt/stack/keystone/keystone/server/flask/request_processing/req_logging.py:27}}
Feb 06 15:27:30 ubuntu devstack@keystone.service[82132]: DEBUG keystone.server.flask.request_processing.req_logging [None req-5f040a98-235f-4e13-acfa-f492a20c6eb8 None None] PATH_INFO: `/` {{(pid=82132) log_request_info /opt/stack/keystone/keystone/server/flask/request_processing/req_logging.py:28}}
Feb 06 15:27:30 ubuntu devstack@keystone.service[82132]: [pid: 82132|app: 0|req: 13/24] 10.201.5.82 () {54 vars in 919 bytes} [Fri Feb  6 15:27:30 2026] GET /identity => generated 270 bytes in 2 msecs (HTTP/1.1 300) 6 headers in 234 bytes (1 switches on core 0)
Feb 06 15:27:30 ubuntu devstack@keystone.service[82132]: DEBUG keystone.server.flask.request_processing.req_logging [None req-e8b4045f-c93a-4d09-8a9a-08411083b34b None None] REQUEST_METHOD: `POST` {{(pid=82132) log_request_info /opt/stack/keystone/keystone/server/flask/request_processing/req_logging.py:26}}
Feb 06 15:27:30 ubuntu devstack@keystone.service[82132]: DEBUG keystone.server.flask.request_processing.req_logging [None req-e8b4045f-c93a-4d09-8a9a-08411083b34b None None] SCRIPT_NAME: `/identity` {{(pid=82132) log_request_info /opt/stack/keystone/keystone/server/flask/request_processing/req_logging.py:27}}
Feb 06 15:27:30 ubuntu devstack@keystone.service[82132]: DEBUG keystone.server.flask.request_processing.req_logging [None req-e8b4045f-c93a-4d09-8a9a-08411083b34b None None] PATH_INFO: `/v3/auth/tokens` {{(pid=82132) log_request_info /opt/stack/keystone/keystone/server/flask/request_processing/req_logging.py:28}}
Feb 06 15:27:30 ubuntu devstack@keystone.service[82132]: WARNING keystone.common.password_hashing [None req-e8b4045f-c93a-4d09-8a9a-08411083b34b None None] Truncating password to algorithm specific maximum length 72 characters.
Feb 06 15:27:30 ubuntu devstack@keystone.service[82132]: DEBUG keystone.auth.core [None req-e8b4045f-c93a-4d09-8a9a-08411083b34b None None] MFA Rules not processed for user `a75a08ea356e40f08aa21f84a75eb589`. Rule list: `[]` (Enabled: `True`). {{(pid=82132) check_auth_methods_against_rules /opt/stack/keystone/keystone/auth/core.py:476}}
Feb 06 15:27:30 ubuntu devstack@keystone.service[82132]: DEBUG keystone.common.fernet_utils [None req-e8b4045f-c93a-4d09-8a9a-08411083b34b None None] Loaded 2 Fernet keys from /etc/keystone/fernet-keys/, but `[fernet_tokens] max_active_keys = 3`; perhaps there have not been enough key rotations to reach `max_active_keys` yet? {{(pid=82132) load_keys /opt/stack/keystone/keystone/common/fernet_utils.py:297}}
Feb 06 15:27:30 ubuntu devstack@keystone.service[82133]: DEBUG keystone.server.flask.request_processing.middleware.auth_context [None req-e7088e74-5470-454c-8b3b-dcbdcf80d3ac None None] Validating token access rules against request {{(pid=82133) validate_allowed_request /opt/stack/data/venv/lib/python3.10/site-packages/keystonemiddleware/auth_token/__init__.py:545}}
Feb 06 15:27:30 ubuntu devstack@keystone.service[82132]: [pid: 82132|app: 0|req: 14/25] 10.201.5.82 () {58 vars in 1016 bytes} [Fri Feb  6 15:27:30 2026] POST /identity/v3/auth/tokens => generated 862 bytes in 75 msecs (HTTP/1.1 201) 6 headers in 363 bytes (1 switches on core 0)
Feb 06 15:27:30 ubuntu devstack@keystone.service[82133]: DEBUG keystone.server.flask.request_processing.middleware.auth_context [None req-5d984e06-9b5e-446d-83db-13a5914d0323 None admin] RBAC: auth_context: {'token': <TokenModel (audit_id=ZFe80vcBSwKlVDP3plcBXA, audit_chain_id=['ZFe80vcBSwKlVDP3plcBXA']) at 0x7f8715725c30>, 'domain_id': None, 'trust_id': None, 'trustor_id': None, 'trustee_id': None, 'domain_name': None, 'group_ids': [], 'user_id': 'a75a08ea356e40f08aa21f84a75eb589', 'user_domain_id': 'default', 'system_scope': 'all', 'project_id': None, 'project_domain_id': None, 'roles': ['admin', 'manager', 'member', 'reader'], 'is_admin_project': True, 'service_user_id': None, 'service_user_domain_id': None, 'service_project_id': None, 'service_project_domain_id': None, 'service_roles': []} {{(pid=82133) fill_context /opt/stack/keystone/keystone/server/flask/request_processing/middleware/auth_context.py:509}}
Feb 06 15:27:30 ubuntu devstack@keystone.service[82133]: DEBUG keystone.server.flask.request_processing.req_logging [None req-5d984e06-9b5e-446d-83db-13a5914d0323 None admin] REQUEST_METHOD: `GET` {{(pid=82133) log_request_info /opt/stack/keystone/keystone/server/flask/request_processing/req_logging.py:26}}
Feb 06 15:27:30 ubuntu devstack@keystone.service[82133]: DEBUG keystone.server.flask.request_processing.req_logging [None req-5d984e06-9b5e-446d-83db-13a5914d0323 None admin] SCRIPT_NAME: `/identity` {{(pid=82133) log_request_info /opt/stack/keystone/keystone/server/flask/request_processing/req_logging.py:27}}
Feb 06 15:27:30 ubuntu devstack@keystone.service[82133]: DEBUG keystone.server.flask.request_processing.req_logging [None req-5d984e06-9b5e-446d-83db-13a5914d0323 None admin] PATH_INFO: `/v3/roles/admin` {{(pid=82133) log_request_info /opt/stack/keystone/keystone/server/flask/request_processing/req_logging.py:28}}
Feb 06 15:27:30 ubuntu devstack@keystone.service[82133]: DEBUG keystone.common.rbac_enforcer.enforcer [None req-5d984e06-9b5e-446d-83db-13a5914d0323 None admin] Extracting inferred target data resulted in "NOT FOUND (404)". {{(pid=82133) enforce_call /opt/stack/keystone/keystone/common/rbac_enforcer/enforcer.py:445}}
Feb 06 15:27:30 ubuntu devstack@keystone.service[82133]: DEBUG keystone.server.flask.application [None req-5d984e06-9b5e-446d-83db-13a5914d0323 None admin] Could not find role: admin. {{(pid=82133) _handle_keystone_exception /opt/stack/keystone/keystone/server/flask/application.py:146}}
Feb 06 15:27:30 ubuntu devstack@keystone.service[82133]: [pid: 82133|app: 0|req: 12/26] 10.201.5.82 () {56 vars in 1132 bytes} [Fri Feb  6 15:27:30 2026] GET /identity/v3/roles/admin => generated 83 bytes in 107 msecs (HTTP/1.1 404) 5 headers in 183 bytes (1 switches on core 0)
Feb 06 15:27:30 ubuntu devstack@keystone.service[82132]: DEBUG keystone.server.flask.request_processing.middleware.auth_context [None req-e8b4045f-c93a-4d09-8a9a-08411083b34b None None] Authenticating user token {{(pid=82132) process_request /opt/stack/data/venv/lib/python3.10/site-packages/keystonemiddleware/auth_token/__init__.py:407}}
Feb 06 15:27:30 ubuntu devstack@keystone.service[82133]: DEBUG keystone.server.flask.request_processing.req_logging [None req-dc9ca508-6964-486c-a174-33f7292cae0f None None] REQUEST_METHOD: `GET` {{(pid=82133) log_request_info /opt/stack/keystone/keystone/server/flask/request_processing/req_logging.py:26}}
Feb 06 15:27:30 ubuntu devstack@keystone.service[82133]: DEBUG keystone.server.flask.request_processing.req_logging [None req-dc9ca508-6964-486c-a174-33f7292cae0f None None] SCRIPT_NAME: `/identity` {{(pid=82133) log_request_info /opt/stack/keystone/keystone/server/flask/request_processing/req_logging.py:27}}
Feb 06 15:27:30 ubuntu devstack@keystone.service[82133]: DEBUG keystone.server.flask.request_processing.req_logging [None req-dc9ca508-6964-486c-a174-33f7292cae0f None None] PATH_INFO: `/` {{(pid=82133) log_request_info /opt/stack/keystone/keystone/server/flask/request_processing/req_logging.py:28}}
Feb 06 15:27:30 ubuntu devstack@keystone.service[82133]: [pid: 82133|app: 0|req: 13/27] 10.201.5.82 () {54 vars in 919 bytes} [Fri Feb  6 15:27:30 2026] GET /identity => generated 270 bytes in 1 msecs (HTTP/1.1 300) 6 headers in 234 bytes (1 switches on core 0)
Feb 06 15:27:30 ubuntu devstack@keystone.service[82133]: DEBUG keystone.server.flask.request_processing.req_logging [None req-e135fa5c-69d4-43c8-8902-c99a4fd89a69 None None] REQUEST_METHOD: `POST` {{(pid=82133) log_request_info /opt/stack/keystone/keystone/server/flask/request_processing/req_logging.py:26}}
Feb 06 15:27:30 ubuntu devstack@keystone.service[82133]: DEBUG keystone.server.flask.request_processing.req_logging [None req-e135fa5c-69d4-43c8-8902-c99a4fd89a69 None None] SCRIPT_NAME: `/identity` {{(pid=82133) log_request_info /opt/stack/keystone/keystone/server/flask/request_processing/req_logging.py:27}}
Feb 06 15:27:30 ubuntu devstack@keystone.service[82133]: DEBUG keystone.server.flask.request_processing.req_logging [None req-e135fa5c-69d4-43c8-8902-c99a4fd89a69 None None] PATH_INFO: `/v3/auth/tokens` {{(pid=82133) log_request_info /opt/stack/keystone/keystone/server/flask/request_processing/req_logging.py:28}}
Feb 06 15:27:30 ubuntu devstack@keystone.service[82132]: DEBUG keystone.server.flask.request_processing.middleware.auth_context [None req-e8b4045f-c93a-4d09-8a9a-08411083b34b None None] Validating token access rules against request {{(pid=82132) validate_allowed_request /opt/stack/data/venv/lib/python3.10/site-packages/keystonemiddleware/auth_token/__init__.py:545}}
Feb 06 15:27:30 ubuntu devstack@keystone.service[82133]: WARNING keystone.common.password_hashing [None req-e135fa5c-69d4-43c8-8902-c99a4fd89a69 None None] Truncating password to algorithm specific maximum length 72 characters.
Feb 06 15:27:30 ubuntu devstack@keystone.service[82133]: DEBUG keystone.auth.core [None req-e135fa5c-69d4-43c8-8902-c99a4fd89a69 None None] MFA Rules not processed for user `a75a08ea356e40f08aa21f84a75eb589`. Rule list: `[]` (Enabled: `True`). {{(pid=82133) check_auth_methods_against_rules /opt/stack/keystone/keystone/auth/core.py:476}}
Feb 06 15:27:30 ubuntu devstack@keystone.service[82133]: DEBUG keystone.common.fernet_utils [None req-e135fa5c-69d4-43c8-8902-c99a4fd89a69 None None] Loaded 2 Fernet keys from /etc/keystone/fernet-keys/, but `[fernet_tokens] max_active_keys = 3`; perhaps there have not been enough key rotations to reach `max_active_keys` yet? {{(pid=82133) load_keys /opt/stack/keystone/keystone/common/fernet_utils.py:297}}
Feb 06 15:27:30 ubuntu devstack@keystone.service[82132]: DEBUG keystone.server.flask.request_processing.middleware.auth_context [None req-a167bb77-2030-4dfa-8042-38678f1f57ab None admin] RBAC: auth_context: {'token': <TokenModel (audit_id=ZFe80vcBSwKlVDP3plcBXA, audit_chain_id=['ZFe80vcBSwKlVDP3plcBXA']) at 0x7f87155c7010>, 'domain_id': None, 'trust_id': None, 'trustor_id': None, 'trustee_id': None, 'domain_name': None, 'group_ids': [], 'user_id': 'a75a08ea356e40f08aa21f84a75eb589', 'user_domain_id': 'default', 'system_scope': 'all', 'project_id': None, 'project_domain_id': None, 'roles': ['admin', 'manager', 'member', 'reader'], 'is_admin_project': True, 'service_user_id': None, 'service_user_domain_id': None, 'service_project_id': None, 'service_project_domain_id': None, 'service_roles': []} {{(pid=82132) fill_context /opt/stack/keystone/keystone/server/flask/request_processing/middleware/auth_context.py:509}}
Feb 06 15:27:30 ubuntu devstack@keystone.service[82132]: DEBUG keystone.server.flask.request_processing.req_logging [None req-a167bb77-2030-4dfa-8042-38678f1f57ab None admin] REQUEST_METHOD: `GET` {{(pid=82132) log_request_info /opt/stack/keystone/keystone/server/flask/request_processing/req_logging.py:26}}
Feb 06 15:27:30 ubuntu devstack@keystone.service[82132]: DEBUG keystone.server.flask.request_processing.req_logging [None req-a167bb77-2030-4dfa-8042-38678f1f57ab None admin] SCRIPT_NAME: `/identity` {{(pid=82132) log_request_info /opt/stack/keystone/keystone/server/flask/request_processing/req_logging.py:27}}
Feb 06 15:27:30 ubuntu devstack@keystone.service[82132]: DEBUG keystone.server.flask.request_processing.req_logging [None req-a167bb77-2030-4dfa-8042-38678f1f57ab None admin] PATH_INFO: `/v3/roles` {{(pid=82132) log_request_info /opt/stack/keystone/keystone/server/flask/request_processing/req_logging.py:28}}
Feb 06 15:27:30 ubuntu devstack@keystone.service[82132]: DEBUG keystone.common.rbac_enforcer.enforcer [None req-a167bb77-2030-4dfa-8042-38678f1f57ab None admin] RBAC: Adding query filter params (name=admin) {{(pid=82132) _extract_filter_values /opt/stack/keystone/keystone/common/rbac_enforcer/enforcer.py:176}}
Feb 06 15:27:30 ubuntu devstack@keystone.service[82132]: DEBUG keystone.common.rbac_enforcer.enforcer [None req-a167bb77-2030-4dfa-8042-38678f1f57ab None admin] RBAC: Authorizing `identity:list_roles()` {{(pid=82132) enforce_call /opt/stack/keystone/keystone/common/rbac_enforcer/enforcer.py:494}}
Feb 06 15:27:30 ubuntu devstack@keystone.service[82132]: DEBUG keystone.common.rbac_enforcer.enforcer [None req-a167bb77-2030-4dfa-8042-38678f1f57ab None admin] RBAC: Authorization granted {{(pid=82132) enforce_call /opt/stack/keystone/keystone/common/rbac_enforcer/enforcer.py:505}}
Feb 06 15:27:30 ubuntu devstack@keystone.service[82133]: [pid: 82133|app: 0|req: 14/28] 10.201.5.82 () {58 vars in 1016 bytes} [Fri Feb  6 15:27:30 2026] POST /identity/v3/auth/tokens => generated 862 bytes in 60 msecs (HTTP/1.1 201) 6 headers in 363 bytes (1 switches on core 0)
Feb 06 15:27:30 ubuntu devstack@keystone.service[82133]: DEBUG keystone.server.flask.request_processing.middleware.auth_context [None req-e135fa5c-69d4-43c8-8902-c99a4fd89a69 None None] Authenticating user token {{(pid=82133) process_request /opt/stack/data/venv/lib/python3.10/site-packages/keystonemiddleware/auth_token/__init__.py:407}}
Feb 06 15:27:30 ubuntu devstack@keystone.service[82132]: [pid: 82132|app: 0|req: 15/29] 10.201.5.82 () {56 vars in 1148 bytes} [Fri Feb  6 15:27:30 2026] GET /identity/v3/roles?name=admin => generated 339 bytes in 99 msecs (HTTP/1.1 200) 5 headers in 177 bytes (1 switches on core 0)
Feb 06 15:27:30 ubuntu devstack@keystone.service[82132]: DEBUG keystone.server.flask.request_processing.middleware.auth_context [None req-a167bb77-2030-4dfa-8042-38678f1f57ab None admin] Authenticating user token {{(pid=82132) process_request /opt/stack/data/venv/lib/python3.10/site-packages/keystonemiddleware/auth_token/__init__.py:407}}
Feb 06 15:27:30 ubuntu devstack@keystone.service[82133]: DEBUG keystone.server.flask.request_processing.middleware.auth_context [None req-e135fa5c-69d4-43c8-8902-c99a4fd89a69 None None] Validating token access rules against request {{(pid=82133) validate_allowed_request /opt/stack/data/venv/lib/python3.10/site-packages/keystonemiddleware/auth_token/__init__.py:545}}
Feb 06 15:27:30 ubuntu devstack@keystone.service[82133]: DEBUG keystone.server.flask.request_processing.middleware.auth_context [None req-8c1d1127-fa96-44b9-8fa9-26c31149c7c5 None admin] RBAC: auth_context: {'token': <TokenModel (audit_id=LqMrWOJCTjq-FW_lBLzjZg, audit_chain_id=['LqMrWOJCTjq-FW_lBLzjZg']) at 0x7f8715846740>, 'domain_id': None, 'trust_id': None, 'trustor_id': None, 'trustee_id': None, 'domain_name': None, 'group_ids': [], 'user_id': 'a75a08ea356e40f08aa21f84a75eb589', 'user_domain_id': 'default', 'system_scope': 'all', 'project_id': None, 'project_domain_id': None, 'roles': ['admin', 'manager', 'member', 'reader'], 'is_admin_project': True, 'service_user_id': None, 'service_user_domain_id': None, 'service_project_id': None, 'service_project_domain_id': None, 'service_roles': []} {{(pid=82133) fill_context /opt/stack/keystone/keystone/server/flask/request_processing/middleware/auth_context.py:509}}
Feb 06 15:27:30 ubuntu devstack@keystone.service[82133]: DEBUG keystone.server.flask.request_processing.req_logging [None req-8c1d1127-fa96-44b9-8fa9-26c31149c7c5 None admin] REQUEST_METHOD: `GET` {{(pid=82133) log_request_info /opt/stack/keystone/keystone/server/flask/request_processing/req_logging.py:26}}
Feb 06 15:27:30 ubuntu devstack@keystone.service[82133]: DEBUG keystone.server.flask.request_processing.req_logging [None req-8c1d1127-fa96-44b9-8fa9-26c31149c7c5 None admin] SCRIPT_NAME: `/identity` {{(pid=82133) log_request_info /opt/stack/keystone/keystone/server/flask/request_processing/req_logging.py:27}}
Feb 06 15:27:30 ubuntu devstack@keystone.service[82133]: DEBUG keystone.server.flask.request_processing.req_logging [None req-8c1d1127-fa96-44b9-8fa9-26c31149c7c5 None admin] PATH_INFO: `/v3/domains/Default` {{(pid=82133) log_request_info /opt/stack/keystone/keystone/server/flask/request_processing/req_logging.py:28}}
Feb 06 15:27:30 ubuntu devstack@keystone.service[82133]: DEBUG keystone.common.rbac_enforcer.enforcer [None req-8c1d1127-fa96-44b9-8fa9-26c31149c7c5 None admin] RBAC: Authorizing `identity:get_domain(domain_id=Default)` {{(pid=82133) enforce_call /opt/stack/keystone/keystone/common/rbac_enforcer/enforcer.py:494}}
Feb 06 15:27:30 ubuntu devstack@keystone.service[82133]: DEBUG keystone.common.rbac_enforcer.enforcer [None req-8c1d1127-fa96-44b9-8fa9-26c31149c7c5 None admin] RBAC: Authorization granted {{(pid=82133) enforce_call /opt/stack/keystone/keystone/common/rbac_enforcer/enforcer.py:505}}
Feb 06 15:27:30 ubuntu devstack@keystone.service[82133]: DEBUG keystone.server.flask.application [None req-8c1d1127-fa96-44b9-8fa9-26c31149c7c5 None admin] Could not find domain: Default. {{(pid=82133) _handle_keystone_exception /opt/stack/keystone/keystone/server/flask/application.py:146}}
Feb 06 15:27:30 ubuntu devstack@keystone.service[82133]: [pid: 82133|app: 0|req: 15/30] 10.201.5.82 () {56 vars in 1100 bytes} [Fri Feb  6 15:27:30 2026] GET /identity/v3/domains/Default => generated 87 bytes in 84 msecs (HTTP/1.1 404) 5 headers in 183 bytes (1 switches on core 0)
Feb 06 15:27:30 ubuntu devstack@keystone.service[82133]: DEBUG keystone.server.flask.request_processing.middleware.auth_context [None req-8c1d1127-fa96-44b9-8fa9-26c31149c7c5 None admin] Authenticating user token {{(pid=82133) process_request /opt/stack/data/venv/lib/python3.10/site-packages/keystonemiddleware/auth_token/__init__.py:407}}
Feb 06 15:27:30 ubuntu devstack@keystone.service[82132]: DEBUG keystone.server.flask.request_processing.middleware.auth_context [None req-a167bb77-2030-4dfa-8042-38678f1f57ab None admin] Validating token access rules against request {{(pid=82132) validate_allowed_request /opt/stack/data/venv/lib/python3.10/site-packages/keystonemiddleware/auth_token/__init__.py:545}}
Feb 06 15:27:30 ubuntu devstack@keystone.service[82133]: DEBUG keystone.server.flask.request_processing.middleware.auth_context [None req-8c1d1127-fa96-44b9-8fa9-26c31149c7c5 None admin] Validating token access rules against request {{(pid=82133) validate_allowed_request /opt/stack/data/venv/lib/python3.10/site-packages/keystonemiddleware/auth_token/__init__.py:545}}
Feb 06 15:27:30 ubuntu devstack@keystone.service[82132]: DEBUG keystone.server.flask.request_processing.middleware.auth_context [None req-46cb30ae-c25c-4b7c-9bd5-bae0539bd692 None admin] RBAC: auth_context: {'token': <TokenModel (audit_id=ZFe80vcBSwKlVDP3plcBXA, audit_chain_id=['ZFe80vcBSwKlVDP3plcBXA']) at 0x7f8715657640>, 'domain_id': None, 'trust_id': None, 'trustor_id': None, 'trustee_id': None, 'domain_name': None, 'group_ids': [], 'user_id': 'a75a08ea356e40f08aa21f84a75eb589', 'user_domain_id': 'default', 'system_scope': 'all', 'project_id': None, 'project_domain_id': None, 'roles': ['admin', 'manager', 'member', 'reader'], 'is_admin_project': True, 'service_user_id': None, 'service_user_domain_id': None, 'service_project_id': None, 'service_project_domain_id': None, 'service_roles': []} {{(pid=82132) fill_context /opt/stack/keystone/keystone/server/flask/request_processing/middleware/auth_context.py:509}}
Feb 06 15:27:30 ubuntu devstack@keystone.service[82132]: DEBUG keystone.server.flask.request_processing.req_logging [None req-46cb30ae-c25c-4b7c-9bd5-bae0539bd692 None admin] REQUEST_METHOD: `GET` {{(pid=82132) log_request_info /opt/stack/keystone/keystone/server/flask/request_processing/req_logging.py:26}}
Feb 06 15:27:30 ubuntu devstack@keystone.service[82132]: DEBUG keystone.server.flask.request_processing.req_logging [None req-46cb30ae-c25c-4b7c-9bd5-bae0539bd692 None admin] SCRIPT_NAME: `/identity` {{(pid=82132) log_request_info /opt/stack/keystone/keystone/server/flask/request_processing/req_logging.py:27}}
Feb 06 15:27:30 ubuntu devstack@keystone.service[82132]: DEBUG keystone.server.flask.request_processing.req_logging [None req-46cb30ae-c25c-4b7c-9bd5-bae0539bd692 None admin] PATH_INFO: `/v3/users/a75a08ea356e40f08aa21f84a75eb589` {{(pid=82132) log_request_info /opt/stack/keystone/keystone/server/flask/request_processing/req_logging.py:28}}
Feb 06 15:27:30 ubuntu devstack@keystone.service[82133]: DEBUG keystone.server.flask.request_processing.middleware.auth_context [None req-3303911b-e80e-4af5-8d45-f5188ebd6f93 None admin] RBAC: auth_context: {'token': <TokenModel (audit_id=LqMrWOJCTjq-FW_lBLzjZg, audit_chain_id=['LqMrWOJCTjq-FW_lBLzjZg']) at 0x7f87157240d0>, 'domain_id': None, 'trust_id': None, 'trustor_id': None, 'trustee_id': None, 'domain_name': None, 'group_ids': [], 'user_id': 'a75a08ea356e40f08aa21f84a75eb589', 'user_domain_id': 'default', 'system_scope': 'all', 'project_id': None, 'project_domain_id': None, 'roles': ['admin', 'manager', 'member', 'reader'], 'is_admin_project': True, 'service_user_id': None, 'service_user_domain_id': None, 'service_project_id': None, 'service_project_domain_id': None, 'service_roles': []} {{(pid=82133) fill_context /opt/stack/keystone/keystone/server/flask/request_processing/middleware/auth_context.py:509}}
Feb 06 15:27:30 ubuntu devstack@keystone.service[82133]: DEBUG keystone.server.flask.request_processing.req_logging [None req-3303911b-e80e-4af5-8d45-f5188ebd6f93 None admin] REQUEST_METHOD: `GET` {{(pid=82133) log_request_info /opt/stack/keystone/keystone/server/flask/request_processing/req_logging.py:26}}
Feb 06 15:27:30 ubuntu devstack@keystone.service[82133]: DEBUG keystone.server.flask.request_processing.req_logging [None req-3303911b-e80e-4af5-8d45-f5188ebd6f93 None admin] SCRIPT_NAME: `/identity` {{(pid=82133) log_request_info /opt/stack/keystone/keystone/server/flask/request_processing/req_logging.py:27}}
Feb 06 15:27:30 ubuntu devstack@keystone.service[82133]: DEBUG keystone.server.flask.request_processing.req_logging [None req-3303911b-e80e-4af5-8d45-f5188ebd6f93 None admin] PATH_INFO: `/v3/domains` {{(pid=82133) log_request_info /opt/stack/keystone/keystone/server/flask/request_processing/req_logging.py:28}}
Feb 06 15:27:30 ubuntu devstack@keystone.service[82133]: DEBUG keystone.common.rbac_enforcer.enforcer [None req-3303911b-e80e-4af5-8d45-f5188ebd6f93 None admin] RBAC: Adding query filter params (name=Default) {{(pid=82133) _extract_filter_values /opt/stack/keystone/keystone/common/rbac_enforcer/enforcer.py:176}}
Feb 06 15:27:30 ubuntu devstack@keystone.service[82133]: DEBUG keystone.common.rbac_enforcer.enforcer [None req-3303911b-e80e-4af5-8d45-f5188ebd6f93 None admin] RBAC: Authorizing `identity:list_domains()` {{(pid=82133) enforce_call /opt/stack/keystone/keystone/common/rbac_enforcer/enforcer.py:494}}
Feb 06 15:27:30 ubuntu devstack@keystone.service[82132]: DEBUG keystone.common.rbac_enforcer.enforcer [None req-46cb30ae-c25c-4b7c-9bd5-bae0539bd692 None admin] RBAC: Authorizing `identity:get_user(user_id=a75a08ea356e40f08aa21f84a75eb589)` {{(pid=82132) enforce_call /opt/stack/keystone/keystone/common/rbac_enforcer/enforcer.py:494}}
Feb 06 15:27:30 ubuntu devstack@keystone.service[82133]: DEBUG keystone.common.rbac_enforcer.enforcer [None req-3303911b-e80e-4af5-8d45-f5188ebd6f93 None admin] RBAC: Authorization granted {{(pid=82133) enforce_call /opt/stack/keystone/keystone/common/rbac_enforcer/enforcer.py:505}}
Feb 06 15:27:30 ubuntu devstack@keystone.service[82132]: DEBUG keystone.common.rbac_enforcer.enforcer [None req-46cb30ae-c25c-4b7c-9bd5-bae0539bd692 None admin] RBAC: Authorization granted {{(pid=82132) enforce_call /opt/stack/keystone/keystone/common/rbac_enforcer/enforcer.py:505}}
Feb 06 15:27:30 ubuntu devstack@keystone.service[82132]: [pid: 82132|app: 0|req: 16/31] 10.201.5.82 () {56 vars in 1213 bytes} [Fri Feb  6 15:27:30 2026] GET /identity/v3/users/a75a08ea356e40f08aa21f84a75eb589 => generated 247 bytes in 143 msecs (HTTP/1.1 200) 5 headers in 177 bytes (1 switches on core 0)
Feb 06 15:27:30 ubuntu devstack@keystone.service[82132]: DEBUG keystone.server.flask.request_processing.req_logging [None req-68171d30-ed2e-4bb8-afb6-4f3037af786b None None] REQUEST_METHOD: `GET` {{(pid=82132) log_request_info /opt/stack/keystone/keystone/server/flask/request_processing/req_logging.py:26}}
Feb 06 15:27:30 ubuntu devstack@keystone.service[82132]: DEBUG keystone.server.flask.request_processing.req_logging [None req-68171d30-ed2e-4bb8-afb6-4f3037af786b None None] SCRIPT_NAME: `/identity` {{(pid=82132) log_request_info /opt/stack/keystone/keystone/server/flask/request_processing/req_logging.py:27}}
Feb 06 15:27:30 ubuntu devstack@keystone.service[82132]: DEBUG keystone.server.flask.request_processing.req_logging [None req-68171d30-ed2e-4bb8-afb6-4f3037af786b None None] PATH_INFO: `/` {{(pid=82132) log_request_info /opt/stack/keystone/keystone/server/flask/request_processing/req_logging.py:28}}
Feb 06 15:27:30 ubuntu devstack@keystone.service[82132]: [pid: 82132|app: 0|req: 17/32] 10.201.5.82 () {54 vars in 919 bytes} [Fri Feb  6 15:27:30 2026] GET /identity => generated 270 bytes in 1 msecs (HTTP/1.1 300) 6 headers in 234 bytes (1 switches on core 0)
Feb 06 15:27:30 ubuntu devstack@keystone.service[82132]: DEBUG keystone.server.flask.request_processing.req_logging [None req-618cf2bd-e3b8-44b8-81d4-03fd5ca98311 None None] REQUEST_METHOD: `POST` {{(pid=82132) log_request_info /opt/stack/keystone/keystone/server/flask/request_processing/req_logging.py:26}}
Feb 06 15:27:30 ubuntu devstack@keystone.service[82132]: DEBUG keystone.server.flask.request_processing.req_logging [None req-618cf2bd-e3b8-44b8-81d4-03fd5ca98311 None None] SCRIPT_NAME: `/identity` {{(pid=82132) log_request_info /opt/stack/keystone/keystone/server/flask/request_processing/req_logging.py:27}}
Feb 06 15:27:30 ubuntu devstack@keystone.service[82132]: DEBUG keystone.server.flask.request_processing.req_logging [None req-618cf2bd-e3b8-44b8-81d4-03fd5ca98311 None None] PATH_INFO: `/v3/auth/tokens` {{(pid=82132) log_request_info /opt/stack/keystone/keystone/server/flask/request_processing/req_logging.py:28}}
Feb 06 15:27:30 ubuntu devstack@keystone.service[82133]: [pid: 82133|app: 0|req: 16/33] 10.201.5.82 () {56 vars in 1101 bytes} [Fri Feb  6 15:27:30 2026] GET /identity/v3/domains?name=Default => generated 308 bytes in 72 msecs (HTTP/1.1 200) 5 headers in 177 bytes (1 switches on core 0)
Feb 06 15:27:30 ubuntu devstack@keystone.service[82133]: DEBUG keystone.server.flask.request_processing.middleware.auth_context [None req-3303911b-e80e-4af5-8d45-f5188ebd6f93 None admin] Authenticating user token {{(pid=82133) process_request /opt/stack/data/venv/lib/python3.10/site-packages/keystonemiddleware/auth_token/__init__.py:407}}
Feb 06 15:27:30 ubuntu devstack@keystone.service[82132]: WARNING keystone.common.password_hashing [None req-618cf2bd-e3b8-44b8-81d4-03fd5ca98311 None None] Truncating password to algorithm specific maximum length 72 characters.
Feb 06 15:27:30 ubuntu devstack@keystone.service[82132]: DEBUG keystone.auth.core [None req-618cf2bd-e3b8-44b8-81d4-03fd5ca98311 None None] MFA Rules not processed for user `a75a08ea356e40f08aa21f84a75eb589`. Rule list: `[]` (Enabled: `True`). {{(pid=82132) check_auth_methods_against_rules /opt/stack/keystone/keystone/auth/core.py:476}}
Feb 06 15:27:30 ubuntu devstack@keystone.service[82132]: DEBUG keystone.common.fernet_utils [None req-618cf2bd-e3b8-44b8-81d4-03fd5ca98311 None None] Loaded 2 Fernet keys from /etc/keystone/fernet-keys/, but `[fernet_tokens] max_active_keys = 3`; perhaps there have not been enough key rotations to reach `max_active_keys` yet? {{(pid=82132) load_keys /opt/stack/keystone/keystone/common/fernet_utils.py:297}}
Feb 06 15:27:30 ubuntu devstack@keystone.service[82133]: DEBUG keystone.server.flask.request_processing.middleware.auth_context [None req-3303911b-e80e-4af5-8d45-f5188ebd6f93 None admin] Validating token access rules against request {{(pid=82133) validate_allowed_request /opt/stack/data/venv/lib/python3.10/site-packages/keystonemiddleware/auth_token/__init__.py:545}}
Feb 06 15:27:30 ubuntu devstack@keystone.service[82132]: [pid: 82132|app: 0|req: 18/34] 10.201.5.82 () {58 vars in 1016 bytes} [Fri Feb  6 15:27:30 2026] POST /identity/v3/auth/tokens => generated 862 bytes in 52 msecs (HTTP/1.1 201) 6 headers in 363 bytes (1 switches on core 0)
Feb 06 15:27:30 ubuntu devstack@keystone.service[82132]: DEBUG keystone.server.flask.request_processing.middleware.auth_context [None req-618cf2bd-e3b8-44b8-81d4-03fd5ca98311 None None] Authenticating user token {{(pid=82132) process_request /opt/stack/data/venv/lib/python3.10/site-packages/keystonemiddleware/auth_token/__init__.py:407}}
Feb 06 15:27:30 ubuntu devstack@keystone.service[82133]: DEBUG keystone.server.flask.request_processing.middleware.auth_context [None req-21bf56cd-76c2-48c5-aca6-bedced33a1d7 None admin] RBAC: auth_context: {'token': <TokenModel (audit_id=ZFe80vcBSwKlVDP3plcBXA, audit_chain_id=['ZFe80vcBSwKlVDP3plcBXA']) at 0x7f8715724d00>, 'domain_id': None, 'trust_id': None, 'trustor_id': None, 'trustee_id': None, 'domain_name': None, 'group_ids': [], 'user_id': 'a75a08ea356e40f08aa21f84a75eb589', 'user_domain_id': 'default', 'system_scope': 'all', 'project_id': None, 'project_domain_id': None, 'roles': ['admin', 'manager', 'member', 'reader'], 'is_admin_project': True, 'service_user_id': None, 'service_user_domain_id': None, 'service_project_id': None, 'service_project_domain_id': None, 'service_roles': []} {{(pid=82133) fill_context /opt/stack/keystone/keystone/server/flask/request_processing/middleware/auth_context.py:509}}
Feb 06 15:27:30 ubuntu devstack@keystone.service[82133]: DEBUG keystone.server.flask.request_processing.req_logging [None req-21bf56cd-76c2-48c5-aca6-bedced33a1d7 None admin] REQUEST_METHOD: `GET` {{(pid=82133) log_request_info /opt/stack/keystone/keystone/server/flask/request_processing/req_logging.py:26}}
Feb 06 15:27:30 ubuntu devstack@keystone.service[82133]: DEBUG keystone.server.flask.request_processing.req_logging [None req-21bf56cd-76c2-48c5-aca6-bedced33a1d7 None admin] SCRIPT_NAME: `/identity` {{(pid=82133) log_request_info /opt/stack/keystone/keystone/server/flask/request_processing/req_logging.py:27}}
Feb 06 15:27:30 ubuntu devstack@keystone.service[82133]: DEBUG keystone.server.flask.request_processing.req_logging [None req-21bf56cd-76c2-48c5-aca6-bedced33a1d7 None admin] PATH_INFO: `/v3/domains/default` {{(pid=82133) log_request_info /opt/stack/keystone/keystone/server/flask/request_processing/req_logging.py:28}}
Feb 06 15:27:30 ubuntu devstack@keystone.service[82133]: DEBUG keystone.common.rbac_enforcer.enforcer [None req-21bf56cd-76c2-48c5-aca6-bedced33a1d7 None admin] RBAC: Authorizing `identity:get_domain(domain_id=default)` {{(pid=82133) enforce_call /opt/stack/keystone/keystone/common/rbac_enforcer/enforcer.py:494}}
Feb 06 15:27:30 ubuntu devstack@keystone.service[82133]: DEBUG keystone.common.rbac_enforcer.enforcer [None req-21bf56cd-76c2-48c5-aca6-bedced33a1d7 None admin] RBAC: Authorization granted {{(pid=82133) enforce_call /opt/stack/keystone/keystone/common/rbac_enforcer/enforcer.py:505}}
Feb 06 15:27:30 ubuntu devstack@keystone.service[82133]: [pid: 82133|app: 0|req: 17/35] 10.201.5.82 () {56 vars in 1144 bytes} [Fri Feb  6 15:27:30 2026] GET /identity/v3/domains/default => generated 199 bytes in 65 msecs (HTTP/1.1 200) 5 headers in 177 bytes (1 switches on core 0)
Feb 06 15:27:30 ubuntu devstack@keystone.service[82133]: DEBUG keystone.server.flask.request_processing.middleware.auth_context [None req-21bf56cd-76c2-48c5-aca6-bedced33a1d7 None admin] Authenticating user token {{(pid=82133) process_request /opt/stack/data/venv/lib/python3.10/site-packages/keystonemiddleware/auth_token/__init__.py:407}}
Feb 06 15:27:30 ubuntu devstack@keystone.service[82132]: DEBUG keystone.server.flask.request_processing.middleware.auth_context [None req-618cf2bd-e3b8-44b8-81d4-03fd5ca98311 None None] Validating token access rules against request {{(pid=82132) validate_allowed_request /opt/stack/data/venv/lib/python3.10/site-packages/keystonemiddleware/auth_token/__init__.py:545}}
Feb 06 15:27:30 ubuntu devstack@keystone.service[82133]: DEBUG keystone.server.flask.request_processing.middleware.auth_context [None req-21bf56cd-76c2-48c5-aca6-bedced33a1d7 None admin] Validating token access rules against request {{(pid=82133) validate_allowed_request /opt/stack/data/venv/lib/python3.10/site-packages/keystonemiddleware/auth_token/__init__.py:545}}
Feb 06 15:27:30 ubuntu devstack@keystone.service[82132]: DEBUG keystone.server.flask.request_processing.middleware.auth_context [None req-7c6bded2-c46c-4700-9420-52826aee115a None admin] RBAC: auth_context: {'token': <TokenModel (audit_id=63oCIxWrTWicZmsYlP-x8g, audit_chain_id=['63oCIxWrTWicZmsYlP-x8g']) at 0x7f8715657cd0>, 'domain_id': None, 'trust_id': None, 'trustor_id': None, 'trustee_id': None, 'domain_name': None, 'group_ids': [], 'user_id': 'a75a08ea356e40f08aa21f84a75eb589', 'user_domain_id': 'default', 'system_scope': 'all', 'project_id': None, 'project_domain_id': None, 'roles': ['admin', 'manager', 'member', 'reader'], 'is_admin_project': True, 'service_user_id': None, 'service_user_domain_id': None, 'service_project_id': None, 'service_project_domain_id': None, 'service_roles': []} {{(pid=82132) fill_context /opt/stack/keystone/keystone/server/flask/request_processing/middleware/auth_context.py:509}}
Feb 06 15:27:30 ubuntu devstack@keystone.service[82132]: DEBUG keystone.server.flask.request_processing.req_logging [None req-7c6bded2-c46c-4700-9420-52826aee115a None admin] REQUEST_METHOD: `POST` {{(pid=82132) log_request_info /opt/stack/keystone/keystone/server/flask/request_processing/req_logging.py:26}}
Feb 06 15:27:30 ubuntu devstack@keystone.service[82132]: DEBUG keystone.server.flask.request_processing.req_logging [None req-7c6bded2-c46c-4700-9420-52826aee115a None admin] SCRIPT_NAME: `/identity` {{(pid=82132) log_request_info /opt/stack/keystone/keystone/server/flask/request_processing/req_logging.py:27}}
Feb 06 15:27:30 ubuntu devstack@keystone.service[82132]: DEBUG keystone.server.flask.request_processing.req_logging [None req-7c6bded2-c46c-4700-9420-52826aee115a None admin] PATH_INFO: `/v3/roles` {{(pid=82132) log_request_info /opt/stack/keystone/keystone/server/flask/request_processing/req_logging.py:28}}
Feb 06 15:27:30 ubuntu devstack@keystone.service[82132]: DEBUG keystone.common.rbac_enforcer.enforcer [None req-7c6bded2-c46c-4700-9420-52826aee115a None admin] RBAC: Authorizing `identity:create_role()` {{(pid=82132) enforce_call /opt/stack/keystone/keystone/common/rbac_enforcer/enforcer.py:494}}
Feb 06 15:27:30 ubuntu devstack@keystone.service[82132]: DEBUG keystone.common.rbac_enforcer.enforcer [None req-7c6bded2-c46c-4700-9420-52826aee115a None admin] RBAC: Authorization granted {{(pid=82132) enforce_call /opt/stack/keystone/keystone/common/rbac_enforcer/enforcer.py:505}}
Feb 06 15:27:30 ubuntu devstack@keystone.service[82132]: DEBUG keystone.common.sql.core [None req-7c6bded2-c46c-4700-9420-52826aee115a None admin] Conflict role: (pymysql.err.IntegrityError) (1062, "Duplicate entry 'service-<<null>>' for key 'role.ixu_role_name_domain_id'")
Feb 06 15:27:30 ubuntu devstack@keystone.service[82132]: [SQL: INSERT INTO `role` (id, name, description, extra) VALUES (%(id)s, %(name)s, %(description)s, %(extra)s)]
Feb 06 15:27:30 ubuntu devstack@keystone.service[82132]: [parameters: {'id': 'e74a874ad39a4abeacbd45b74f670141', 'name': 'service', 'description': None, 'extra': '{}'}]
Feb 06 15:27:30 ubuntu devstack@keystone.service[82132]: (Background on this error at: https://sqlalche.me/e/20/gkpj) {{(pid=82132) wrapper /opt/stack/keystone/keystone/common/sql/core.py:580}}
Feb 06 15:27:30 ubuntu devstack@keystone.service[82133]: DEBUG keystone.server.flask.request_processing.middleware.auth_context [None req-fe246ca2-0bef-4632-99fa-991abb374f87 None admin] RBAC: auth_context: {'token': <TokenModel (audit_id=LqMrWOJCTjq-FW_lBLzjZg, audit_chain_id=['LqMrWOJCTjq-FW_lBLzjZg']) at 0x7f8715404370>, 'domain_id': None, 'trust_id': None, 'trustor_id': None, 'trustee_id': None, 'domain_name': None, 'group_ids': [], 'user_id': 'a75a08ea356e40f08aa21f84a75eb589', 'user_domain_id': 'default', 'system_scope': 'all', 'project_id': None, 'project_domain_id': None, 'roles': ['admin', 'manager', 'member', 'reader'], 'is_admin_project': True, 'service_user_id': None, 'service_user_domain_id': None, 'service_project_id': None, 'service_project_domain_id': None, 'service_roles': []} {{(pid=82133) fill_context /opt/stack/keystone/keystone/server/flask/request_processing/middleware/auth_context.py:509}}
Feb 06 15:27:30 ubuntu devstack@keystone.service[82133]: DEBUG keystone.server.flask.request_processing.req_logging [None req-fe246ca2-0bef-4632-99fa-991abb374f87 None admin] REQUEST_METHOD: `POST` {{(pid=82133) log_request_info /opt/stack/keystone/keystone/server/flask/request_processing/req_logging.py:26}}
Feb 06 15:27:30 ubuntu devstack@keystone.service[82133]: DEBUG keystone.server.flask.request_processing.req_logging [None req-fe246ca2-0bef-4632-99fa-991abb374f87 None admin] SCRIPT_NAME: `/identity` {{(pid=82133) log_request_info /opt/stack/keystone/keystone/server/flask/request_processing/req_logging.py:27}}
Feb 06 15:27:30 ubuntu devstack@keystone.service[82133]: DEBUG keystone.server.flask.request_processing.req_logging [None req-fe246ca2-0bef-4632-99fa-991abb374f87 None admin] PATH_INFO: `/v3/projects` {{(pid=82133) log_request_info /opt/stack/keystone/keystone/server/flask/request_processing/req_logging.py:28}}
Feb 06 15:27:30 ubuntu devstack@keystone.service[82133]: DEBUG keystone.common.rbac_enforcer.enforcer [None req-fe246ca2-0bef-4632-99fa-991abb374f87 None admin] RBAC: Authorizing `identity:create_project()` {{(pid=82133) enforce_call /opt/stack/keystone/keystone/common/rbac_enforcer/enforcer.py:494}}
Feb 06 15:27:30 ubuntu devstack@keystone.service[82133]: DEBUG keystone.common.rbac_enforcer.enforcer [None req-fe246ca2-0bef-4632-99fa-991abb374f87 None admin] RBAC: Authorization granted {{(pid=82133) enforce_call /opt/stack/keystone/keystone/common/rbac_enforcer/enforcer.py:505}}
Feb 06 15:27:30 ubuntu devstack@keystone.service[82132]: ERROR keystone.server.flask.application [None req-7c6bded2-c46c-4700-9420-52826aee115a None admin] Conflict occurred attempting to store role - Duplicate entry found with name service.: keystone.exception.Conflict: Conflict occurred attempting to store role - Duplicate entry found with name service.
Feb 06 15:27:30 ubuntu devstack@keystone.service[82132]: ERROR keystone.server.flask.application Traceback (most recent call last):
Feb 06 15:27:30 ubuntu devstack@keystone.service[82132]: ERROR keystone.server.flask.application   File "/opt/stack/data/venv/lib/python3.10/site-packages/sqlalchemy/engine/base.py", line 1967, in _exec_single_context
Feb 06 15:27:30 ubuntu devstack@keystone.service[82132]: ERROR keystone.server.flask.application     self.dialect.do_execute(
Feb 06 15:27:30 ubuntu devstack@keystone.service[82132]: ERROR keystone.server.flask.application   File "/opt/stack/data/venv/lib/python3.10/site-packages/sqlalchemy/engine/default.py", line 951, in do_execute
Feb 06 15:27:30 ubuntu devstack@keystone.service[82132]: ERROR keystone.server.flask.application     cursor.execute(statement, parameters)
Feb 06 15:27:30 ubuntu devstack@keystone.service[82132]: ERROR keystone.server.flask.application   File "/opt/stack/data/venv/lib/python3.10/site-packages/pymysql/cursors.py", line 153, in execute
Feb 06 15:27:30 ubuntu devstack@keystone.service[82132]: ERROR keystone.server.flask.application     result = self._query(query)
Feb 06 15:27:30 ubuntu devstack@keystone.service[82132]: ERROR keystone.server.flask.application   File "/opt/stack/data/venv/lib/python3.10/site-packages/pymysql/cursors.py", line 322, in _query
Feb 06 15:27:30 ubuntu devstack@keystone.service[82132]: ERROR keystone.server.flask.application     conn.query(q)
Feb 06 15:27:30 ubuntu devstack@keystone.service[82132]: ERROR keystone.server.flask.application   File "/opt/stack/data/venv/lib/python3.10/site-packages/pymysql/connections.py", line 575, in query
Feb 06 15:27:30 ubuntu devstack@keystone.service[82132]: ERROR keystone.server.flask.application     self._affected_rows = self._read_query_result(unbuffered=unbuffered)
Feb 06 15:27:30 ubuntu devstack@keystone.service[82132]: ERROR keystone.server.flask.application   File "/opt/stack/data/venv/lib/python3.10/site-packages/pymysql/connections.py", line 826, in _read_query_result
Feb 06 15:27:30 ubuntu devstack@keystone.service[82132]: ERROR keystone.server.flask.application     result.read()
Feb 06 15:27:30 ubuntu devstack@keystone.service[82132]: ERROR keystone.server.flask.application   File "/opt/stack/data/venv/lib/python3.10/site-packages/pymysql/connections.py", line 1203, in read
Feb 06 15:27:30 ubuntu devstack@keystone.service[82132]: ERROR keystone.server.flask.application     first_packet = self.connection._read_packet()
Feb 06 15:27:30 ubuntu devstack@keystone.service[82132]: ERROR keystone.server.flask.application   File "/opt/stack/data/venv/lib/python3.10/site-packages/pymysql/connections.py", line 782, in _read_packet
Feb 06 15:27:30 ubuntu devstack@keystone.service[82132]: ERROR keystone.server.flask.application     packet.raise_for_error()
Feb 06 15:27:30 ubuntu devstack@keystone.service[82132]: ERROR keystone.server.flask.application   File "/opt/stack/data/venv/lib/python3.10/site-packages/pymysql/protocol.py", line 219, in raise_for_error
Feb 06 15:27:30 ubuntu devstack@keystone.service[82132]: ERROR keystone.server.flask.application     err.raise_mysql_exception(self._data)
Feb 06 15:27:30 ubuntu devstack@keystone.service[82132]: ERROR keystone.server.flask.application   File "/opt/stack/data/venv/lib/python3.10/site-packages/pymysql/err.py", line 150, in raise_mysql_exception
Feb 06 15:27:30 ubuntu devstack@keystone.service[82132]: ERROR keystone.server.flask.application     raise errorclass(errno, errval)
Feb 06 15:27:30 ubuntu devstack@keystone.service[82132]: ERROR keystone.server.flask.application pymysql.err.IntegrityError: (1062, "Duplicate entry 'service-<<null>>' for key 'role.ixu_role_name_domain_id'")
Feb 06 15:27:30 ubuntu devstack@keystone.service[82132]: ERROR keystone.server.flask.application 
Feb 06 15:27:30 ubuntu devstack@keystone.service[82132]: ERROR keystone.server.flask.application The above exception was the direct cause of the following exception:
Feb 06 15:27:30 ubuntu devstack@keystone.service[82132]: ERROR keystone.server.flask.application 
Feb 06 15:27:30 ubuntu devstack@keystone.service[82132]: ERROR keystone.server.flask.application Traceback (most recent call last):
Feb 06 15:27:30 ubuntu devstack@keystone.service[82132]: ERROR keystone.server.flask.application   File "/opt/stack/keystone/keystone/common/sql/core.py", line 575, in wrapper
Feb 06 15:27:30 ubuntu devstack@keystone.service[82132]: ERROR keystone.server.flask.application     return method(*args, **kwargs)
Feb 06 15:27:30 ubuntu devstack@keystone.service[82132]: ERROR keystone.server.flask.application   File "/opt/stack/keystone/keystone/assignment/role_backends/sql.py", line 25, in create_role
Feb 06 15:27:30 ubuntu devstack@keystone.service[82132]: ERROR keystone.server.flask.application     with sql.session_for_write() as session:
Feb 06 15:27:30 ubuntu devstack@keystone.service[82132]: ERROR keystone.server.flask.application   File "/usr/lib/python3.10/contextlib.py", line 142, in __exit__
Feb 06 15:27:30 ubuntu devstack@keystone.service[82132]: ERROR keystone.server.flask.application     next(self.gen)
Feb 06 15:27:30 ubuntu devstack@keystone.service[82132]: ERROR keystone.server.flask.application   File "/opt/stack/data/venv/lib/python3.10/site-packages/oslo_db/sqlalchemy/enginefacade.py", line 1175, in _transaction_scope
Feb 06 15:27:30 ubuntu devstack@keystone.service[82132]: ERROR keystone.server.flask.application     with current._produce_block(
Feb 06 15:27:30 ubuntu devstack@keystone.service[82132]: ERROR keystone.server.flask.application   File "/usr/lib/python3.10/contextlib.py", line 142, in __exit__
Feb 06 15:27:30 ubuntu devstack@keystone.service[82132]: ERROR keystone.server.flask.application     next(self.gen)
Feb 06 15:27:30 ubuntu devstack@keystone.service[82132]: ERROR keystone.server.flask.application   File "/opt/stack/data/venv/lib/python3.10/site-packages/oslo_db/sqlalchemy/enginefacade.py", line 837, in _session
Feb 06 15:27:30 ubuntu devstack@keystone.service[82132]: ERROR keystone.server.flask.application     with excutils.save_and_reraise_exception():
Feb 06 15:27:30 ubuntu devstack@keystone.service[82132]: ERROR keystone.server.flask.application   File "/opt/stack/data/venv/lib/python3.10/site-packages/oslo_utils/excutils.py", line 256, in __exit__
Feb 06 15:27:30 ubuntu devstack@keystone.service[82132]: ERROR keystone.server.flask.application     self.force_reraise()
Feb 06 15:27:30 ubuntu devstack@keystone.service[82132]: ERROR keystone.server.flask.application   File "/opt/stack/data/venv/lib/python3.10/site-packages/oslo_utils/excutils.py", line 222, in force_reraise
Feb 06 15:27:30 ubuntu devstack@keystone.service[82132]: ERROR keystone.server.flask.application     raise self.value
Feb 06 15:27:30 ubuntu devstack@keystone.service[82132]: ERROR keystone.server.flask.application   File "/opt/stack/data/venv/lib/python3.10/site-packages/oslo_db/sqlalchemy/enginefacade.py", line 835, in _session
Feb 06 15:27:30 ubuntu devstack@keystone.service[82132]: ERROR keystone.server.flask.application     self._end_session_transaction(self.session)
Feb 06 15:27:30 ubuntu devstack@keystone.service[82132]: ERROR keystone.server.flask.application   File "/opt/stack/data/venv/lib/python3.10/site-packages/oslo_db/sqlalchemy/enginefacade.py", line 748, in _end_session_transaction
Feb 06 15:27:30 ubuntu devstack@keystone.service[82132]: ERROR keystone.server.flask.application     session.commit()
Feb 06 15:27:30 ubuntu devstack@keystone.service[82132]: ERROR keystone.server.flask.application   File "/opt/stack/data/venv/lib/python3.10/site-packages/sqlalchemy/orm/session.py", line 2030, in commit
Feb 06 15:27:30 ubuntu devstack@keystone.service[82132]: ERROR keystone.server.flask.application     trans.commit(_to_root=True)
Feb 06 15:27:30 ubuntu devstack@keystone.service[82132]: ERROR keystone.server.flask.application   File "<string>", line 2, in commit
Feb 06 15:27:30 ubuntu devstack@keystone.service[82132]: ERROR keystone.server.flask.application   File "/opt/stack/data/venv/lib/python3.10/site-packages/sqlalchemy/orm/state_changes.py", line 137, in _go
Feb 06 15:27:30 ubuntu devstack@keystone.service[82132]: ERROR keystone.server.flask.application     ret_value = fn(self, *arg, **kw)
Feb 06 15:27:30 ubuntu devstack@keystone.service[82132]: ERROR keystone.server.flask.application   File "/opt/stack/data/venv/lib/python3.10/site-packages/sqlalchemy/orm/session.py", line 1311, in commit
Feb 06 15:27:30 ubuntu devstack@keystone.service[82132]: ERROR keystone.server.flask.application     self._prepare_impl()
Feb 06 15:27:30 ubuntu devstack@keystone.service[82132]: ERROR keystone.server.flask.application   File "<string>", line 2, in _prepare_impl
Feb 06 15:27:30 ubuntu devstack@keystone.service[82132]: ERROR keystone.server.flask.application   File "/opt/stack/data/venv/lib/python3.10/site-packages/sqlalchemy/orm/state_changes.py", line 137, in _go
Feb 06 15:27:30 ubuntu devstack@keystone.service[82132]: ERROR keystone.server.flask.application     ret_value = fn(self, *arg, **kw)
Feb 06 15:27:30 ubuntu devstack@keystone.service[82132]: ERROR keystone.server.flask.application   File "/opt/stack/data/venv/lib/python3.10/site-packages/sqlalchemy/orm/session.py", line 1286, in _prepare_impl
Feb 06 15:27:30 ubuntu devstack@keystone.service[82132]: ERROR keystone.server.flask.application     self.session.flush()
Feb 06 15:27:30 ubuntu devstack@keystone.service[82132]: ERROR keystone.server.flask.application   File "/opt/stack/data/venv/lib/python3.10/site-packages/sqlalchemy/orm/session.py", line 4331, in flush
Feb 06 15:27:30 ubuntu devstack@keystone.service[82132]: ERROR keystone.server.flask.application     self._flush(objects)
Feb 06 15:27:30 ubuntu devstack@keystone.service[82132]: ERROR keystone.server.flask.application   File "/opt/stack/data/venv/lib/python3.10/site-packages/sqlalchemy/orm/session.py", line 4466, in _flush
Feb 06 15:27:30 ubuntu devstack@keystone.service[82132]: ERROR keystone.server.flask.application     with util.safe_reraise():
Feb 06 15:27:30 ubuntu devstack@keystone.service[82132]: ERROR keystone.server.flask.application   File "/opt/stack/data/venv/lib/python3.10/site-packages/sqlalchemy/util/langhelpers.py", line 224, in __exit__
Feb 06 15:27:30 ubuntu devstack@keystone.service[82132]: ERROR keystone.server.flask.application     raise exc_value.with_traceback(exc_tb)
Feb 06 15:27:30 ubuntu devstack@keystone.service[82132]: ERROR keystone.server.flask.application   File "/opt/stack/data/venv/lib/python3.10/site-packages/sqlalchemy/orm/session.py", line 4427, in _flush
Feb 06 15:27:30 ubuntu devstack@keystone.service[82132]: ERROR keystone.server.flask.application     flush_context.execute()
Feb 06 15:27:30 ubuntu devstack@keystone.service[82132]: ERROR keystone.server.flask.application   File "/opt/stack/data/venv/lib/python3.10/site-packages/sqlalchemy/orm/unitofwork.py", line 466, in execute
