Nov 25 07:15:58 ubuntu devstack@g-api.service[119769]: DEBUG glance.api.middleware.version_negotiation [None req-34a81c44-3cc3-41a6-82d8-cabaf64d5e0b tempest-ImageDependencyTests-945755773 tempest-ImageDependencyTests-945755773-project-member] Matched version: v2 {{(pid=119769) process_request /opt/stack/glance/glance/api/middleware/version_negotiation.py:69}}
Nov 25 07:15:58 ubuntu devstack@g-api.service[119769]: DEBUG glance.api.middleware.version_negotiation [None req-34a81c44-3cc3-41a6-82d8-cabaf64d5e0b tempest-ImageDependencyTests-945755773 tempest-ImageDependencyTests-945755773-project-member] new path /v2/images/f08fc52b-1ca1-4bc5-bf13-33ee05ff6048 {{(pid=119769) process_request /opt/stack/glance/glance/api/middleware/version_negotiation.py:70}}
Nov 25 07:15:58 ubuntu devstack@g-api.service[119770]: [pid: 119770|app: 0|req: 25/48] 127.0.0.1 () {42 vars in 1055 bytes} [Mon Nov 25 07:15:58 2024] GET /v2/images/f08fc52b-1ca1-4bc5-bf13-33ee05ff6048/file => generated 1024 bytes in 28 msecs (HTTP/1.1 200) 5 headers in 213 bytes (1 switches on core 0)
Nov 25 07:15:58 ubuntu devstack@g-api.service[119769]: [pid: 119769|app: 0|req: 24/49] 127.0.0.1 () {42 vars in 1045 bytes} [Mon Nov 25 07:15:58 2024] GET /v2/images/f08fc52b-1ca1-4bc5-bf13-33ee05ff6048 => generated 807 bytes in 11 msecs (HTTP/1.1 200) 4 headers in 157 bytes (1 switches on core 0)
Nov 25 07:15:58 ubuntu devstack@g-api.service[119770]: DEBUG glance.api.middleware.version_negotiation [None req-34a81c44-3cc3-41a6-82d8-cabaf64d5e0b tempest-ImageDependencyTests-945755773 tempest-ImageDependencyTests-945755773-project-member] Determining version of request: GET /v2/schemas/image Accept: */* {{(pid=119770) process_request /opt/stack/glance/glance/api/middleware/version_negotiation.py:44}}
Nov 25 07:15:58 ubuntu devstack@g-api.service[119770]: DEBUG glance.api.middleware.version_negotiation [None req-34a81c44-3cc3-41a6-82d8-cabaf64d5e0b tempest-ImageDependencyTests-945755773 tempest-ImageDependencyTests-945755773-project-member] Using url versioning {{(pid=119770) process_request /opt/stack/glance/glance/api/middleware/version_negotiation.py:57}}
Nov 25 07:15:58 ubuntu devstack@g-api.service[119770]: DEBUG glance.api.middleware.version_negotiation [None req-34a81c44-3cc3-41a6-82d8-cabaf64d5e0b tempest-ImageDependencyTests-945755773 tempest-ImageDependencyTests-945755773-project-member] Matched version: v2 {{(pid=119770) process_request /opt/stack/glance/glance/api/middleware/version_negotiation.py:69}}
Nov 25 07:15:58 ubuntu devstack@g-api.service[119770]: DEBUG glance.api.middleware.version_negotiation [None req-34a81c44-3cc3-41a6-82d8-cabaf64d5e0b tempest-ImageDependencyTests-945755773 tempest-ImageDependencyTests-945755773-project-member] new path /v2/schemas/image {{(pid=119770) process_request /opt/stack/glance/glance/api/middleware/version_negotiation.py:70}}
Nov 25 07:15:58 ubuntu devstack@g-api.service[119770]: [pid: 119770|app: 0|req: 26/50] 127.0.0.1 () {42 vars in 985 bytes} [Mon Nov 25 07:15:58 2024] GET /v2/schemas/image => generated 6083 bytes in 3 msecs (HTTP/1.1 200) 4 headers in 158 bytes (1 switches on core 0)
Nov 25 07:15:58 ubuntu devstack@g-api.service[119769]: DEBUG glance.api.middleware.version_negotiation [None req-34a81c44-3cc3-41a6-82d8-cabaf64d5e0b tempest-ImageDependencyTests-945755773 tempest-ImageDependencyTests-945755773-project-member] Determining version of request: GET /v2/images/f08fc52b-1ca1-4bc5-bf13-33ee05ff6048 Accept: */* {{(pid=119769) process_request /opt/stack/glance/glance/api/middleware/version_negotiation.py:44}}
Nov 25 07:15:58 ubuntu devstack@g-api.service[119769]: DEBUG glance.api.middleware.version_negotiation [None req-34a81c44-3cc3-41a6-82d8-cabaf64d5e0b tempest-ImageDependencyTests-945755773 tempest-ImageDependencyTests-945755773-project-member] Using url versioning {{(pid=119769) process_request /opt/stack/glance/glance/api/middleware/version_negotiation.py:57}}
Nov 25 07:15:58 ubuntu devstack@g-api.service[119769]: DEBUG glance.api.middleware.version_negotiation [None req-34a81c44-3cc3-41a6-82d8-cabaf64d5e0b tempest-ImageDependencyTests-945755773 tempest-ImageDependencyTests-945755773-project-member] Matched version: v2 {{(pid=119769) process_request /opt/stack/glance/glance/api/middleware/version_negotiation.py:69}}
Nov 25 07:15:58 ubuntu devstack@g-api.service[119769]: DEBUG glance.api.middleware.version_negotiation [None req-34a81c44-3cc3-41a6-82d8-cabaf64d5e0b tempest-ImageDependencyTests-945755773 tempest-ImageDependencyTests-945755773-project-member] new path /v2/images/f08fc52b-1ca1-4bc5-bf13-33ee05ff6048 {{(pid=119769) process_request /opt/stack/glance/glance/api/middleware/version_negotiation.py:70}}
Nov 25 07:15:58 ubuntu devstack@g-api.service[119769]: [pid: 119769|app: 0|req: 25/51] 127.0.0.1 () {42 vars in 1045 bytes} [Mon Nov 25 07:15:58 2024] GET /v2/images/f08fc52b-1ca1-4bc5-bf13-33ee05ff6048 => generated 807 bytes in 11 msecs (HTTP/1.1 200) 4 headers in 157 bytes (1 switches on core 0)
Nov 25 07:15:58 ubuntu devstack@g-api.service[119770]: DEBUG glance.api.middleware.version_negotiation [None req-34a81c44-3cc3-41a6-82d8-cabaf64d5e0b tempest-ImageDependencyTests-945755773 tempest-ImageDependencyTests-945755773-project-member] Determining version of request: GET /v2/schemas/image Accept: */* {{(pid=119770) process_request /opt/stack/glance/glance/api/middleware/version_negotiation.py:44}}
Nov 25 07:15:58 ubuntu devstack@g-api.service[119770]: DEBUG glance.api.middleware.version_negotiation [None req-34a81c44-3cc3-41a6-82d8-cabaf64d5e0b tempest-ImageDependencyTests-945755773 tempest-ImageDependencyTests-945755773-project-member] Using url versioning {{(pid=119770) process_request /opt/stack/glance/glance/api/middleware/version_negotiation.py:57}}
Nov 25 07:15:58 ubuntu devstack@g-api.service[119770]: DEBUG glance.api.middleware.version_negotiation [None req-34a81c44-3cc3-41a6-82d8-cabaf64d5e0b tempest-ImageDependencyTests-945755773 tempest-ImageDependencyTests-945755773-project-member] Matched version: v2 {{(pid=119770) process_request /opt/stack/glance/glance/api/middleware/version_negotiation.py:69}}
Nov 25 07:15:58 ubuntu devstack@g-api.service[119770]: DEBUG glance.api.middleware.version_negotiation [None req-34a81c44-3cc3-41a6-82d8-cabaf64d5e0b tempest-ImageDependencyTests-945755773 tempest-ImageDependencyTests-945755773-project-member] new path /v2/schemas/image {{(pid=119770) process_request /opt/stack/glance/glance/api/middleware/version_negotiation.py:70}}
Nov 25 07:15:58 ubuntu devstack@g-api.service[119770]: [pid: 119770|app: 0|req: 27/52] 127.0.0.1 () {42 vars in 985 bytes} [Mon Nov 25 07:15:58 2024] GET /v2/schemas/image => generated 6083 bytes in 8 msecs (HTTP/1.1 200) 4 headers in 158 bytes (1 switches on core 0)
Nov 25 07:15:59 ubuntu devstack@g-api.service[119769]: DEBUG glance.api.middleware.version_negotiation [None req-34a81c44-3cc3-41a6-82d8-cabaf64d5e0b tempest-ImageDependencyTests-945755773 tempest-ImageDependencyTests-945755773-project-member] Determining version of request: GET /v2/images/f08fc52b-1ca1-4bc5-bf13-33ee05ff6048 Accept: */* {{(pid=119769) process_request /opt/stack/glance/glance/api/middleware/version_negotiation.py:44}}
Nov 25 07:15:59 ubuntu devstack@g-api.service[119769]: DEBUG glance.api.middleware.version_negotiation [None req-34a81c44-3cc3-41a6-82d8-cabaf64d5e0b tempest-ImageDependencyTests-945755773 tempest-ImageDependencyTests-945755773-project-member] Using url versioning {{(pid=119769) process_request /opt/stack/glance/glance/api/middleware/version_negotiation.py:57}}
Nov 25 07:15:59 ubuntu devstack@g-api.service[119769]: DEBUG glance.api.middleware.version_negotiation [None req-34a81c44-3cc3-41a6-82d8-cabaf64d5e0b tempest-ImageDependencyTests-945755773 tempest-ImageDependencyTests-945755773-project-member] Matched version: v2 {{(pid=119769) process_request /opt/stack/glance/glance/api/middleware/version_negotiation.py:69}}
Nov 25 07:15:59 ubuntu devstack@g-api.service[119769]: DEBUG glance.api.middleware.version_negotiation [None req-34a81c44-3cc3-41a6-82d8-cabaf64d5e0b tempest-ImageDependencyTests-945755773 tempest-ImageDependencyTests-945755773-project-member] new path /v2/images/f08fc52b-1ca1-4bc5-bf13-33ee05ff6048 {{(pid=119769) process_request /opt/stack/glance/glance/api/middleware/version_negotiation.py:70}}
Nov 25 07:15:59 ubuntu devstack@g-api.service[119769]: [pid: 119769|app: 0|req: 26/53] 127.0.0.1 () {42 vars in 1045 bytes} [Mon Nov 25 07:15:59 2024] GET /v2/images/f08fc52b-1ca1-4bc5-bf13-33ee05ff6048 => generated 807 bytes in 18 msecs (HTTP/1.1 200) 4 headers in 157 bytes (1 switches on core 0)
Nov 25 07:15:59 ubuntu devstack@g-api.service[119770]: DEBUG glance.api.middleware.version_negotiation [None req-34a81c44-3cc3-41a6-82d8-cabaf64d5e0b tempest-ImageDependencyTests-945755773 tempest-ImageDependencyTests-945755773-project-member] Determining version of request: GET /v2/schemas/image Accept: */* {{(pid=119770) process_request /opt/stack/glance/glance/api/middleware/version_negotiation.py:44}}
Nov 25 07:15:59 ubuntu devstack@g-api.service[119770]: DEBUG glance.api.middleware.version_negotiation [None req-34a81c44-3cc3-41a6-82d8-cabaf64d5e0b tempest-ImageDependencyTests-945755773 tempest-ImageDependencyTests-945755773-project-member] Using url versioning {{(pid=119770) process_request /opt/stack/glance/glance/api/middleware/version_negotiation.py:57}}
Nov 25 07:15:59 ubuntu devstack@g-api.service[119770]: DEBUG glance.api.middleware.version_negotiation [None req-34a81c44-3cc3-41a6-82d8-cabaf64d5e0b tempest-ImageDependencyTests-945755773 tempest-ImageDependencyTests-945755773-project-member] Matched version: v2 {{(pid=119770) process_request /opt/stack/glance/glance/api/middleware/version_negotiation.py:69}}
Nov 25 07:15:59 ubuntu devstack@g-api.service[119770]: DEBUG glance.api.middleware.version_negotiation [None req-34a81c44-3cc3-41a6-82d8-cabaf64d5e0b tempest-ImageDependencyTests-945755773 tempest-ImageDependencyTests-945755773-project-member] new path /v2/schemas/image {{(pid=119770) process_request /opt/stack/glance/glance/api/middleware/version_negotiation.py:70}}
Nov 25 07:15:59 ubuntu devstack@g-api.service[119770]: [pid: 119770|app: 0|req: 28/54] 127.0.0.1 () {42 vars in 985 bytes} [Mon Nov 25 07:15:59 2024] GET /v2/schemas/image => generated 6083 bytes in 8 msecs (HTTP/1.1 200) 4 headers in 158 bytes (1 switches on core 0)
Nov 25 07:15:59 ubuntu devstack@g-api.service[119769]: DEBUG glance.api.middleware.version_negotiation [None req-34a81c44-3cc3-41a6-82d8-cabaf64d5e0b tempest-ImageDependencyTests-945755773 tempest-ImageDependencyTests-945755773-project-member] Determining version of request: GET /v2/images/f08fc52b-1ca1-4bc5-bf13-33ee05ff6048 Accept: */* {{(pid=119769) process_request /opt/stack/glance/glance/api/middleware/version_negotiation.py:44}}
Nov 25 07:15:59 ubuntu devstack@g-api.service[119769]: DEBUG glance.api.middleware.version_negotiation [None req-34a81c44-3cc3-41a6-82d8-cabaf64d5e0b tempest-ImageDependencyTests-945755773 tempest-ImageDependencyTests-945755773-project-member] Using url versioning {{(pid=119769) process_request /opt/stack/glance/glance/api/middleware/version_negotiation.py:57}}
Nov 25 07:15:59 ubuntu devstack@g-api.service[119769]: DEBUG glance.api.middleware.version_negotiation [None req-34a81c44-3cc3-41a6-82d8-cabaf64d5e0b tempest-ImageDependencyTests-945755773 tempest-ImageDependencyTests-945755773-project-member] Matched version: v2 {{(pid=119769) process_request /opt/stack/glance/glance/api/middleware/version_negotiation.py:69}}
Nov 25 07:15:59 ubuntu devstack@g-api.service[119769]: DEBUG glance.api.middleware.version_negotiation [None req-34a81c44-3cc3-41a6-82d8-cabaf64d5e0b tempest-ImageDependencyTests-945755773 tempest-ImageDependencyTests-945755773-project-member] new path /v2/images/f08fc52b-1ca1-4bc5-bf13-33ee05ff6048 {{(pid=119769) process_request /opt/stack/glance/glance/api/middleware/version_negotiation.py:70}}
Nov 25 07:15:59 ubuntu devstack@g-api.service[119769]: [pid: 119769|app: 0|req: 27/55] 127.0.0.1 () {42 vars in 1045 bytes} [Mon Nov 25 07:15:59 2024] GET /v2/images/f08fc52b-1ca1-4bc5-bf13-33ee05ff6048 => generated 807 bytes in 12 msecs (HTTP/1.1 200) 4 headers in 157 bytes (1 switches on core 0)
Nov 25 07:15:59 ubuntu devstack@g-api.service[119770]: DEBUG glance.api.middleware.version_negotiation [None req-34a81c44-3cc3-41a6-82d8-cabaf64d5e0b tempest-ImageDependencyTests-945755773 tempest-ImageDependencyTests-945755773-project-member] Determining version of request: GET /v2/schemas/image Accept: */* {{(pid=119770) process_request /opt/stack/glance/glance/api/middleware/version_negotiation.py:44}}
Nov 25 07:15:59 ubuntu devstack@g-api.service[119770]: DEBUG glance.api.middleware.version_negotiation [None req-34a81c44-3cc3-41a6-82d8-cabaf64d5e0b tempest-ImageDependencyTests-945755773 tempest-ImageDependencyTests-945755773-project-member] Using url versioning {{(pid=119770) process_request /opt/stack/glance/glance/api/middleware/version_negotiation.py:57}}
Nov 25 07:15:59 ubuntu devstack@g-api.service[119770]: DEBUG glance.api.middleware.version_negotiation [None req-34a81c44-3cc3-41a6-82d8-cabaf64d5e0b tempest-ImageDependencyTests-945755773 tempest-ImageDependencyTests-945755773-project-member] Matched version: v2 {{(pid=119770) process_request /opt/stack/glance/glance/api/middleware/version_negotiation.py:69}}
Nov 25 07:15:59 ubuntu devstack@g-api.service[119770]: DEBUG glance.api.middleware.version_negotiation [None req-34a81c44-3cc3-41a6-82d8-cabaf64d5e0b tempest-ImageDependencyTests-945755773 tempest-ImageDependencyTests-945755773-project-member] new path /v2/schemas/image {{(pid=119770) process_request /opt/stack/glance/glance/api/middleware/version_negotiation.py:70}}
Nov 25 07:15:59 ubuntu devstack@g-api.service[119770]: [pid: 119770|app: 0|req: 29/56] 127.0.0.1 () {42 vars in 985 bytes} [Mon Nov 25 07:15:59 2024] GET /v2/schemas/image => generated 6083 bytes in 6 msecs (HTTP/1.1 200) 4 headers in 158 bytes (1 switches on core 0)
Nov 25 07:15:59 ubuntu devstack@g-api.service[119769]: DEBUG glance.api.middleware.version_negotiation [None req-34a81c44-3cc3-41a6-82d8-cabaf64d5e0b tempest-ImageDependencyTests-945755773 tempest-ImageDependencyTests-945755773-project-member] Determining version of request: GET /v2/schemas/image Accept: */* {{(pid=119769) process_request /opt/stack/glance/glance/api/middleware/version_negotiation.py:44}}
Nov 25 07:15:59 ubuntu devstack@g-api.service[119769]: DEBUG glance.api.middleware.version_negotiation [None req-34a81c44-3cc3-41a6-82d8-cabaf64d5e0b tempest-ImageDependencyTests-945755773 tempest-ImageDependencyTests-945755773-project-member] Using url versioning {{(pid=119769) process_request /opt/stack/glance/glance/api/middleware/version_negotiation.py:57}}
Nov 25 07:15:59 ubuntu devstack@g-api.service[119769]: DEBUG glance.api.middleware.version_negotiation [None req-34a81c44-3cc3-41a6-82d8-cabaf64d5e0b tempest-ImageDependencyTests-945755773 tempest-ImageDependencyTests-945755773-project-member] Matched version: v2 {{(pid=119769) process_request /opt/stack/glance/glance/api/middleware/version_negotiation.py:69}}
Nov 25 07:15:59 ubuntu devstack@g-api.service[119769]: DEBUG glance.api.middleware.version_negotiation [None req-34a81c44-3cc3-41a6-82d8-cabaf64d5e0b tempest-ImageDependencyTests-945755773 tempest-ImageDependencyTests-945755773-project-member] new path /v2/schemas/image {{(pid=119769) process_request /opt/stack/glance/glance/api/middleware/version_negotiation.py:70}}
Nov 25 07:15:59 ubuntu devstack@g-api.service[119769]: [pid: 119769|app: 0|req: 28/57] 127.0.0.1 () {42 vars in 985 bytes} [Mon Nov 25 07:15:59 2024] GET /v2/schemas/image => generated 6083 bytes in 3 msecs (HTTP/1.1 200) 4 headers in 158 bytes (1 switches on core 0)
Nov 25 07:15:59 ubuntu devstack@g-api.service[119770]: DEBUG glance.api.middleware.version_negotiation [None req-34a81c44-3cc3-41a6-82d8-cabaf64d5e0b tempest-ImageDependencyTests-945755773 tempest-ImageDependencyTests-945755773-project-member] Determining version of request: GET /v2/images/f08fc52b-1ca1-4bc5-bf13-33ee05ff6048 Accept: */* {{(pid=119770) process_request /opt/stack/glance/glance/api/middleware/version_negotiation.py:44}}
Nov 25 07:15:59 ubuntu devstack@g-api.service[119770]: DEBUG glance.api.middleware.version_negotiation [None req-34a81c44-3cc3-41a6-82d8-cabaf64d5e0b tempest-ImageDependencyTests-945755773 tempest-ImageDependencyTests-945755773-project-member] Using url versioning {{(pid=119770) process_request /opt/stack/glance/glance/api/middleware/version_negotiation.py:57}}
Nov 25 07:15:59 ubuntu devstack@g-api.service[119770]: DEBUG glance.api.middleware.version_negotiation [None req-34a81c44-3cc3-41a6-82d8-cabaf64d5e0b tempest-ImageDependencyTests-945755773 tempest-ImageDependencyTests-945755773-project-member] Matched version: v2 {{(pid=119770) process_request /opt/stack/glance/glance/api/middleware/version_negotiation.py:69}}
Nov 25 07:15:59 ubuntu devstack@g-api.service[119770]: DEBUG glance.api.middleware.version_negotiation [None req-34a81c44-3cc3-41a6-82d8-cabaf64d5e0b tempest-ImageDependencyTests-945755773 tempest-ImageDependencyTests-945755773-project-member] new path /v2/images/f08fc52b-1ca1-4bc5-bf13-33ee05ff6048 {{(pid=119770) process_request /opt/stack/glance/glance/api/middleware/version_negotiation.py:70}}
Nov 25 07:15:59 ubuntu devstack@g-api.service[119770]: [pid: 119770|app: 0|req: 30/58] 127.0.0.1 () {42 vars in 1045 bytes} [Mon Nov 25 07:15:59 2024] GET /v2/images/f08fc52b-1ca1-4bc5-bf13-33ee05ff6048 => generated 807 bytes in 16 msecs (HTTP/1.1 200) 4 headers in 157 bytes (1 switches on core 0)
Nov 25 07:15:59 ubuntu devstack@g-api.service[119769]: DEBUG glance.api.middleware.version_negotiation [None req-34a81c44-3cc3-41a6-82d8-cabaf64d5e0b tempest-ImageDependencyTests-945755773 tempest-ImageDependencyTests-945755773-project-member] Determining version of request: GET /v2/images/f08fc52b-1ca1-4bc5-bf13-33ee05ff6048/file Accept: */* {{(pid=119769) process_request /opt/stack/glance/glance/api/middleware/version_negotiation.py:44}}
Nov 25 07:15:59 ubuntu devstack@g-api.service[119769]: DEBUG glance.api.middleware.version_negotiation [None req-34a81c44-3cc3-41a6-82d8-cabaf64d5e0b tempest-ImageDependencyTests-945755773 tempest-ImageDependencyTests-945755773-project-member] Using url versioning {{(pid=119769) process_request /opt/stack/glance/glance/api/middleware/version_negotiation.py:57}}
Nov 25 07:15:59 ubuntu devstack@g-api.service[119769]: DEBUG glance.api.middleware.version_negotiation [None req-34a81c44-3cc3-41a6-82d8-cabaf64d5e0b tempest-ImageDependencyTests-945755773 tempest-ImageDependencyTests-945755773-project-member] Matched version: v2 {{(pid=119769) process_request /opt/stack/glance/glance/api/middleware/version_negotiation.py:69}}
Nov 25 07:15:59 ubuntu devstack@g-api.service[119769]: DEBUG glance.api.middleware.version_negotiation [None req-34a81c44-3cc3-41a6-82d8-cabaf64d5e0b tempest-ImageDependencyTests-945755773 tempest-ImageDependencyTests-945755773-project-member] new path /v2/images/f08fc52b-1ca1-4bc5-bf13-33ee05ff6048/file {{(pid=119769) process_request /opt/stack/glance/glance/api/middleware/version_negotiation.py:70}}
Nov 25 07:15:59 ubuntu devstack@g-api.service[119769]: DEBUG glance.api.middleware.cache [None req-34a81c44-3cc3-41a6-82d8-cabaf64d5e0b tempest-ImageDependencyTests-945755773 tempest-ImageDependencyTests-945755773-project-member] Cache hit for image 'f08fc52b-1ca1-4bc5-bf13-33ee05ff6048' {{(pid=119769) process_request /opt/stack/glance/glance/api/middleware/cache.py:160}}
Nov 25 07:15:59 ubuntu devstack@g-api.service[119770]: DEBUG glance.api.middleware.version_negotiation [None req-34a81c44-3cc3-41a6-82d8-cabaf64d5e0b tempest-ImageDependencyTests-945755773 tempest-ImageDependencyTests-945755773-project-member] Determining version of request: GET /v2/images/f08fc52b-1ca1-4bc5-bf13-33ee05ff6048 Accept: */* {{(pid=119770) process_request /opt/stack/glance/glance/api/middleware/version_negotiation.py:44}}
Nov 25 07:15:59 ubuntu devstack@g-api.service[119770]: DEBUG glance.api.middleware.version_negotiation [None req-34a81c44-3cc3-41a6-82d8-cabaf64d5e0b tempest-ImageDependencyTests-945755773 tempest-ImageDependencyTests-945755773-project-member] Using url versioning {{(pid=119770) process_request /opt/stack/glance/glance/api/middleware/version_negotiation.py:57}}
Nov 25 07:15:59 ubuntu devstack@g-api.service[119770]: DEBUG glance.api.middleware.version_negotiation [None req-34a81c44-3cc3-41a6-82d8-cabaf64d5e0b tempest-ImageDependencyTests-945755773 tempest-ImageDependencyTests-945755773-project-member] Matched version: v2 {{(pid=119770) process_request /opt/stack/glance/glance/api/middleware/version_negotiation.py:69}}
Nov 25 07:15:59 ubuntu devstack@g-api.service[119770]: DEBUG glance.api.middleware.version_negotiation [None req-34a81c44-3cc3-41a6-82d8-cabaf64d5e0b tempest-ImageDependencyTests-945755773 tempest-ImageDependencyTests-945755773-project-member] new path /v2/images/f08fc52b-1ca1-4bc5-bf13-33ee05ff6048 {{(pid=119770) process_request /opt/stack/glance/glance/api/middleware/version_negotiation.py:70}}
Nov 25 07:15:59 ubuntu devstack@g-api.service[119769]: [pid: 119769|app: 0|req: 29/59] 127.0.0.1 () {42 vars in 1055 bytes} [Mon Nov 25 07:15:59 2024] GET /v2/images/f08fc52b-1ca1-4bc5-bf13-33ee05ff6048/file => generated 1024 bytes in 25 msecs (HTTP/1.1 200) 5 headers in 213 bytes (1 switches on core 0)
Nov 25 07:15:59 ubuntu devstack@g-api.service[119770]: [pid: 119770|app: 0|req: 31/60] 127.0.0.1 () {42 vars in 1045 bytes} [Mon Nov 25 07:15:59 2024] GET /v2/images/f08fc52b-1ca1-4bc5-bf13-33ee05ff6048 => generated 807 bytes in 9 msecs (HTTP/1.1 200) 4 headers in 157 bytes (1 switches on core 0)
Nov 25 07:15:59 ubuntu devstack@g-api.service[119769]: DEBUG glance.api.middleware.version_negotiation [None req-34a81c44-3cc3-41a6-82d8-cabaf64d5e0b tempest-ImageDependencyTests-945755773 tempest-ImageDependencyTests-945755773-project-member] Determining version of request: GET /v2/schemas/image Accept: */* {{(pid=119769) process_request /opt/stack/glance/glance/api/middleware/version_negotiation.py:44}}
Nov 25 07:15:59 ubuntu devstack@g-api.service[119769]: DEBUG glance.api.middleware.version_negotiation [None req-34a81c44-3cc3-41a6-82d8-cabaf64d5e0b tempest-ImageDependencyTests-945755773 tempest-ImageDependencyTests-945755773-project-member] Using url versioning {{(pid=119769) process_request /opt/stack/glance/glance/api/middleware/version_negotiation.py:57}}
Nov 25 07:15:59 ubuntu devstack@g-api.service[119769]: DEBUG glance.api.middleware.version_negotiation [None req-34a81c44-3cc3-41a6-82d8-cabaf64d5e0b tempest-ImageDependencyTests-945755773 tempest-ImageDependencyTests-945755773-project-member] Matched version: v2 {{(pid=119769) process_request /opt/stack/glance/glance/api/middleware/version_negotiation.py:69}}
Nov 25 07:15:59 ubuntu devstack@g-api.service[119769]: DEBUG glance.api.middleware.version_negotiation [None req-34a81c44-3cc3-41a6-82d8-cabaf64d5e0b tempest-ImageDependencyTests-945755773 tempest-ImageDependencyTests-945755773-project-member] new path /v2/schemas/image {{(pid=119769) process_request /opt/stack/glance/glance/api/middleware/version_negotiation.py:70}}
Nov 25 07:15:59 ubuntu devstack@g-api.service[119769]: [pid: 119769|app: 0|req: 30/61] 127.0.0.1 () {42 vars in 985 bytes} [Mon Nov 25 07:15:59 2024] GET /v2/schemas/image => generated 6083 bytes in 2 msecs (HTTP/1.1 200) 4 headers in 158 bytes (1 switches on core 0)
Nov 25 07:15:59 ubuntu devstack@g-api.service[119770]: DEBUG glance.api.middleware.version_negotiation [None req-34a81c44-3cc3-41a6-82d8-cabaf64d5e0b tempest-ImageDependencyTests-945755773 tempest-ImageDependencyTests-945755773-project-member] Determining version of request: GET /v2/images/f08fc52b-1ca1-4bc5-bf13-33ee05ff6048 Accept: */* {{(pid=119770) process_request /opt/stack/glance/glance/api/middleware/version_negotiation.py:44}}
Nov 25 07:15:59 ubuntu devstack@g-api.service[119770]: DEBUG glance.api.middleware.version_negotiation [None req-34a81c44-3cc3-41a6-82d8-cabaf64d5e0b tempest-ImageDependencyTests-945755773 tempest-ImageDependencyTests-945755773-project-member] Using url versioning {{(pid=119770) process_request /opt/stack/glance/glance/api/middleware/version_negotiation.py:57}}
Nov 25 07:15:59 ubuntu devstack@g-api.service[119770]: DEBUG glance.api.middleware.version_negotiation [None req-34a81c44-3cc3-41a6-82d8-cabaf64d5e0b tempest-ImageDependencyTests-945755773 tempest-ImageDependencyTests-945755773-project-member] Matched version: v2 {{(pid=119770) process_request /opt/stack/glance/glance/api/middleware/version_negotiation.py:69}}
Nov 25 07:15:59 ubuntu devstack@g-api.service[119770]: DEBUG glance.api.middleware.version_negotiation [None req-34a81c44-3cc3-41a6-82d8-cabaf64d5e0b tempest-ImageDependencyTests-945755773 tempest-ImageDependencyTests-945755773-project-member] new path /v2/images/f08fc52b-1ca1-4bc5-bf13-33ee05ff6048 {{(pid=119770) process_request /opt/stack/glance/glance/api/middleware/version_negotiation.py:70}}
Nov 25 07:15:59 ubuntu devstack@g-api.service[119770]: [pid: 119770|app: 0|req: 32/62] 127.0.0.1 () {42 vars in 1045 bytes} [Mon Nov 25 07:15:59 2024] GET /v2/images/f08fc52b-1ca1-4bc5-bf13-33ee05ff6048 => generated 807 bytes in 10 msecs (HTTP/1.1 200) 4 headers in 157 bytes (1 switches on core 0)
Nov 25 07:15:59 ubuntu devstack@g-api.service[119769]: DEBUG glance.api.middleware.version_negotiation [None req-34a81c44-3cc3-41a6-82d8-cabaf64d5e0b tempest-ImageDependencyTests-945755773 tempest-ImageDependencyTests-945755773-project-member] Determining version of request: GET /v2/schemas/image Accept: */* {{(pid=119769) process_request /opt/stack/glance/glance/api/middleware/version_negotiation.py:44}}
Nov 25 07:15:59 ubuntu devstack@g-api.service[119769]: DEBUG glance.api.middleware.version_negotiation [None req-34a81c44-3cc3-41a6-82d8-cabaf64d5e0b tempest-ImageDependencyTests-945755773 tempest-ImageDependencyTests-945755773-project-member] Using url versioning {{(pid=119769) process_request /opt/stack/glance/glance/api/middleware/version_negotiation.py:57}}
Nov 25 07:15:59 ubuntu devstack@g-api.service[119769]: DEBUG glance.api.middleware.version_negotiation [None req-34a81c44-3cc3-41a6-82d8-cabaf64d5e0b tempest-ImageDependencyTests-945755773 tempest-ImageDependencyTests-945755773-project-member] Matched version: v2 {{(pid=119769) process_request /opt/stack/glance/glance/api/middleware/version_negotiation.py:69}}
Nov 25 07:15:59 ubuntu devstack@g-api.service[119769]: DEBUG glance.api.middleware.version_negotiation [None req-34a81c44-3cc3-41a6-82d8-cabaf64d5e0b tempest-ImageDependencyTests-945755773 tempest-ImageDependencyTests-945755773-project-member] new path /v2/schemas/image {{(pid=119769) process_request /opt/stack/glance/glance/api/middleware/version_negotiation.py:70}}
Nov 25 07:15:59 ubuntu devstack@g-api.service[119769]: [pid: 119769|app: 0|req: 31/63] 127.0.0.1 () {42 vars in 985 bytes} [Mon Nov 25 07:15:59 2024] GET /v2/schemas/image => generated 6083 bytes in 7 msecs (HTTP/1.1 200) 4 headers in 158 bytes (1 switches on core 0)
Nov 25 07:16:01 ubuntu devstack@g-api.service[119770]: DEBUG glance.api.middleware.version_negotiation [None req-34a81c44-3cc3-41a6-82d8-cabaf64d5e0b tempest-ImageDependencyTests-945755773 tempest-ImageDependencyTests-945755773-project-member] Determining version of request: DELETE /v2/images/f08fc52b-1ca1-4bc5-bf13-33ee05ff6048 Accept: application/json {{(pid=119770) process_request /opt/stack/glance/glance/api/middleware/version_negotiation.py:44}}
Nov 25 07:16:01 ubuntu devstack@g-api.service[119770]: DEBUG glance.api.middleware.version_negotiation [None req-34a81c44-3cc3-41a6-82d8-cabaf64d5e0b tempest-ImageDependencyTests-945755773 tempest-ImageDependencyTests-945755773-project-member] Using url versioning {{(pid=119770) process_request /opt/stack/glance/glance/api/middleware/version_negotiation.py:57}}
Nov 25 07:16:01 ubuntu devstack@g-api.service[119770]: DEBUG glance.api.middleware.version_negotiation [None req-34a81c44-3cc3-41a6-82d8-cabaf64d5e0b tempest-ImageDependencyTests-945755773 tempest-ImageDependencyTests-945755773-project-member] Matched version: v2 {{(pid=119770) process_request /opt/stack/glance/glance/api/middleware/version_negotiation.py:69}}
Nov 25 07:16:01 ubuntu devstack@g-api.service[119770]: DEBUG glance.api.middleware.version_negotiation [None req-34a81c44-3cc3-41a6-82d8-cabaf64d5e0b tempest-ImageDependencyTests-945755773 tempest-ImageDependencyTests-945755773-project-member] new path /v2/images/f08fc52b-1ca1-4bc5-bf13-33ee05ff6048 {{(pid=119770) process_request /opt/stack/glance/glance/api/middleware/version_negotiation.py:70}}
Nov 25 07:16:01 ubuntu devstack@g-api.service[119770]: WARNING glance.api.v2.images [None req-1dddb728-17cb-47eb-86d1-15fe33a0d53a tempest-ImageDependencyTests-945755773 tempest-ImageDependencyTests-945755773-project-member] After upload to backend, deletion of staged image data has failed because it cannot be found at /tmp/staging//f08fc52b-1ca1-4bc5-bf13-33ee05ff6048
Nov 25 07:16:01 ubuntu devstack@g-api.service[119770]: DEBUG glance_store.backend [None req-1dddb728-17cb-47eb-86d1-15fe33a0d53a tempest-ImageDependencyTests-945755773 tempest-ImageDependencyTests-945755773-project-member] Attempting to import store swift {{(pid=119770) _load_store /opt/stack/data/venv/lib/python3.10/site-packages/glance_store/backend.py:216}}
Nov 25 07:16:01 ubuntu devstack@g-api.service[119770]: DEBUG glance_store.capabilities [None req-1dddb728-17cb-47eb-86d1-15fe33a0d53a tempest-ImageDependencyTests-945755773 tempest-ImageDependencyTests-945755773-project-member] Store glance_store._drivers.swift.store.SingleTenantStore doesn't support updating dynamic storage capabilities. Please overwrite 'update_capabilities' method of the store to implement updating logics if needed. {{(pid=119770) update_capabilities /opt/stack/data/venv/lib/python3.10/site-packages/glance_store/capabilities.py:91}}
Nov 25 07:16:01 ubuntu devstack@g-api.service[119770]: DEBUG glance_store.driver [None req-1dddb728-17cb-47eb-86d1-15fe33a0d53a tempest-ImageDependencyTests-945755773 tempest-ImageDependencyTests-945755773-project-member] Late loading location class glance_store._drivers.swift.store.StoreLocation {{(pid=119770) get_store_location_class /opt/stack/data/venv/lib/python3.10/site-packages/glance_store/driver.py:133}}
Nov 25 07:16:01 ubuntu devstack@g-api.service[119770]: DEBUG glance_store.location [None req-1dddb728-17cb-47eb-86d1-15fe33a0d53a tempest-ImageDependencyTests-945755773 tempest-ImageDependencyTests-945755773-project-member] Registering scheme swift+https with {'store': <glance_store._drivers.swift.store.SingleTenantStore object at 0x7f11268a7280>, 'location_class': <class 'glance_store._drivers.swift.store.StoreLocation'>, 'store_entry': 'swift'} {{(pid=119770) register_scheme_map /opt/stack/data/venv/lib/python3.10/site-packages/glance_store/location.py:146}}
Nov 25 07:16:01 ubuntu devstack@g-api.service[119770]: DEBUG glance_store.location [None req-1dddb728-17cb-47eb-86d1-15fe33a0d53a tempest-ImageDependencyTests-945755773 tempest-ImageDependencyTests-945755773-project-member] Registering scheme swift+https with {'store': <glance_store._drivers.swift.store.SingleTenantStore object at 0x7f11268a7280>, 'location_class': <class 'glance_store._drivers.swift.store.StoreLocation'>, 'store_entry': 'swift'} {{(pid=119770) register_scheme_map /opt/stack/data/venv/lib/python3.10/site-packages/glance_store/location.py:146}}
Nov 25 07:16:01 ubuntu devstack@g-api.service[119770]: DEBUG glance_store.location [None req-1dddb728-17cb-47eb-86d1-15fe33a0d53a tempest-ImageDependencyTests-945755773 tempest-ImageDependencyTests-945755773-project-member] Registering scheme swift with {'store': <glance_store._drivers.swift.store.SingleTenantStore object at 0x7f11268a7280>, 'location_class': <class 'glance_store._drivers.swift.store.StoreLocation'>, 'store_entry': 'swift'} {{(pid=119770) register_scheme_map /opt/stack/data/venv/lib/python3.10/site-packages/glance_store/location.py:146}}
Nov 25 07:16:01 ubuntu devstack@g-api.service[119770]: DEBUG glance_store.location [None req-1dddb728-17cb-47eb-86d1-15fe33a0d53a tempest-ImageDependencyTests-945755773 tempest-ImageDependencyTests-945755773-project-member] Registering scheme swift+https with {'store': <glance_store._drivers.swift.store.SingleTenantStore object at 0x7f11268a7280>, 'location_class': <class 'glance_store._drivers.swift.store.StoreLocation'>, 'store_entry': 'swift'} {{(pid=119770) register_scheme_map /opt/stack/data/venv/lib/python3.10/site-packages/glance_store/location.py:146}}
Nov 25 07:16:01 ubuntu devstack@g-api.service[119770]: DEBUG glance_store.location [None req-1dddb728-17cb-47eb-86d1-15fe33a0d53a tempest-ImageDependencyTests-945755773 tempest-ImageDependencyTests-945755773-project-member] Registering scheme swift with {'store': <glance_store._drivers.swift.store.SingleTenantStore object at 0x7f11268a7280>, 'location_class': <class 'glance_store._drivers.swift.store.StoreLocation'>, 'store_entry': 'swift'} {{(pid=119770) register_scheme_map /opt/stack/data/venv/lib/python3.10/site-packages/glance_store/location.py:146}}
Nov 25 07:16:01 ubuntu devstack@g-api.service[119770]: DEBUG glance_store.location [None req-1dddb728-17cb-47eb-86d1-15fe33a0d53a tempest-ImageDependencyTests-945755773 tempest-ImageDependencyTests-945755773-project-member] Registering scheme swift+http with {'store': <glance_store._drivers.swift.store.SingleTenantStore object at 0x7f11268a7280>, 'location_class': <class 'glance_store._drivers.swift.store.StoreLocation'>, 'store_entry': 'swift'} {{(pid=119770) register_scheme_map /opt/stack/data/venv/lib/python3.10/site-packages/glance_store/location.py:146}}
Nov 25 07:16:01 ubuntu devstack@g-api.service[119770]: DEBUG glance_store.location [None req-1dddb728-17cb-47eb-86d1-15fe33a0d53a tempest-ImageDependencyTests-945755773 tempest-ImageDependencyTests-945755773-project-member] Registering scheme swift+https with {'store': <glance_store._drivers.swift.store.SingleTenantStore object at 0x7f11268a7280>, 'location_class': <class 'glance_store._drivers.swift.store.StoreLocation'>, 'store_entry': 'swift'} {{(pid=119770) register_scheme_map /opt/stack/data/venv/lib/python3.10/site-packages/glance_store/location.py:146}}
Nov 25 07:16:01 ubuntu devstack@g-api.service[119770]: DEBUG glance_store.location [None req-1dddb728-17cb-47eb-86d1-15fe33a0d53a tempest-ImageDependencyTests-945755773 tempest-ImageDependencyTests-945755773-project-member] Registering scheme swift with {'store': <glance_store._drivers.swift.store.SingleTenantStore object at 0x7f11268a7280>, 'location_class': <class 'glance_store._drivers.swift.store.StoreLocation'>, 'store_entry': 'swift'} {{(pid=119770) register_scheme_map /opt/stack/data/venv/lib/python3.10/site-packages/glance_store/location.py:146}}
Nov 25 07:16:01 ubuntu devstack@g-api.service[119770]: DEBUG glance_store.location [None req-1dddb728-17cb-47eb-86d1-15fe33a0d53a tempest-ImageDependencyTests-945755773 tempest-ImageDependencyTests-945755773-project-member] Registering scheme swift+http with {'store': <glance_store._drivers.swift.store.SingleTenantStore object at 0x7f11268a7280>, 'location_class': <class 'glance_store._drivers.swift.store.StoreLocation'>, 'store_entry': 'swift'} {{(pid=119770) register_scheme_map /opt/stack/data/venv/lib/python3.10/site-packages/glance_store/location.py:146}}
Nov 25 07:16:01 ubuntu devstack@g-api.service[119770]: DEBUG glance_store.location [None req-1dddb728-17cb-47eb-86d1-15fe33a0d53a tempest-ImageDependencyTests-945755773 tempest-ImageDependencyTests-945755773-project-member] Registering scheme swift+config with {'store': <glance_store._drivers.swift.store.SingleTenantStore object at 0x7f11268a7280>, 'location_class': <class 'glance_store._drivers.swift.store.StoreLocation'>, 'store_entry': 'swift'} {{(pid=119770) register_scheme_map /opt/stack/data/venv/lib/python3.10/site-packages/glance_store/location.py:146}}
Nov 25 07:16:01 ubuntu devstack@g-api.service[119770]: DEBUG keystoneclient.auth.identity.v3.base [None req-1dddb728-17cb-47eb-86d1-15fe33a0d53a tempest-ImageDependencyTests-945755773 tempest-ImageDependencyTests-945755773-project-member] Making authentication request to http://10.201.5.82/identity/v3/auth/tokens {{(pid=119770) get_auth_ref /opt/stack/data/venv/lib/python3.10/site-packages/keystoneclient/auth/identity/v3/base.py:185}}
Nov 25 07:16:01 ubuntu devstack@g-api.service[119770]: DEBUG keystoneclient.auth.identity.v3.base [None req-1dddb728-17cb-47eb-86d1-15fe33a0d53a tempest-ImageDependencyTests-945755773 tempest-ImageDependencyTests-945755773-project-member] {"token": {"methods": ["password"], "user": {"domain": {"id": "default", "name": "Default"}, "id": "677185c25db147a3999d2951b7cb20b1", "name": "glance-swift", "password_expires_at": null}, "audit_ids": ["kGewzB4BSUaoakKGIFDHIQ"], "expires_at": "2024-11-25T08:16:01.000000Z", "issued_at": "2024-11-25T07:16:01.000000Z", "project": {"domain": {"id": "default", "name": "Default"}, "id": "8c370220e08d4adda691529983021fba", "name": "service"}, "is_domain": false, "roles": [{"id": "a7ab2737bcb4471b97c1bccaccff0e49", "name": "ResellerAdmin"}, {"id": "b632180234124dc096d7c7051b425b8f", "name": "service"}], "catalog": [{"endpoints": [{"id": "030f392f3e43494fbbf858accb286f0b", "interface": "public", "region_id": "RegionOne", "url": "http://10.201.5.82/identity", "region": "RegionOne"}], "id": "02451e2797fc4e30938fd6a77d71f763", "type": "identity", "name": "keystone"}, {"endpoints": [{"id": "8c3ab6f9b27c473691287f9d4fc06ab3", "interface": "public", "region_id": "RegionOne", "url": "http://10.201.5.82/compute/v2/8c370220e08d4adda691529983021fba", "region": "RegionOne"}], "id": "09e474c6ac4840f785f311e2333ddf44", "type": "compute_legacy", "name": "nova_legacy"}, {"endpoints": [{"id": "ef6c636197e44143aca63ac6757870e5", "interface": "public", "region_id": "RegionOne", "url": "http://10.201.5.82/compute/v2.1", "region": "RegionOne"}], "id": "09f85bc2a22543a78f3aab84297c673b", "type": "compute", "name": "nova"}, {"endpoints": [{"id": "644487e414ae491ea4a8b785c0408b01", "interface": "admin", "region_id": "RegionOne", "url": "http://10.201.5.82:8080", "region": "RegionOne"}, {"id": "b8d9004e5713435b9b9763b55e27231a", "interface": "public", "region_id": "RegionOne", "url": "http://10.201.5.82:8080/v1/AUTH_8c370220e08d4adda691529983021fba", "region": "RegionOne"}], "id": "1d1643ece5cb41d0af4309ab3f961cef", "type": "object-store", "name": "swift"}, {"endpoints": [{"id": "f9f055bab1eb443799b022337e8f2413", "interface": "public", "region_id": "RegionOne", "url": "http://10.201.5.82/placement", "region": "RegionOne"}], "id": "43e5b9fee7944ce0b32feb198ec46b74", "type": "placement", "name": "placement"}, {"endpoints": [{"id": "226ac2d4cfc940a19f6dbb7e05e7656a", "interface": "public", "region_id": "RegionOne", "url": "http://10.201.5.82/volume/v3", "region": "RegionOne"}], "id": "68f59f00f31f43cb9e6fefdaea694f1a", "type": "block-storage", "name": "cinder"}, {"endpoints": [{"id": "a2668543e0754daf91b52359b5ac6e06", "interface": "public", "region_id": "RegionOne", "url": "http://10.201.5.82/image", "region": "RegionOne"}], "id": "b37ccedd424f4f83bf9390509d1043d4", "type": "image", "name": "glance"}, {"endpoints": [{"id": "f43a5ced36a14707b9880a87bdc8653a", "interface": "public", "region_id": "RegionOne", "url": "http://10.201.5.82:9696/networking", "region": "RegionOne"}], "id": "c6e0f50915dd45b5a46920c842641551", "type": "network", "name": "neutron"}]}} {{(pid=119770) get_auth_ref /opt/stack/data/venv/lib/python3.10/site-packages/keystoneclient/auth/identity/v3/base.py:190}}
Nov 25 07:16:01 ubuntu devstack@g-api.service[119770]: DEBUG keystoneclient.httpclient [None req-1dddb728-17cb-47eb-86d1-15fe33a0d53a tempest-ImageDependencyTests-945755773 tempest-ImageDependencyTests-945755773-project-member] Failed to find endpoint for management url admin endpoint for identity service not found {{(pid=119770) _process_management_url /opt/stack/data/venv/lib/python3.10/site-packages/keystoneclient/httpclient.py:670}}
Nov 25 07:16:01 ubuntu devstack@g-api.service[119770]: DEBUG swiftclient [None req-1dddb728-17cb-47eb-86d1-15fe33a0d53a tempest-ImageDependencyTests-945755773 tempest-ImageDependencyTests-945755773-project-member] REQ: curl -i http://10.201.5.82:8080/v1/AUTH_8c370220e08d4adda691529983021fba/glance/f08fc52b-1ca1-4bc5-bf13-33ee05ff6048 -I -H "X-Auth-Token: gAAAAABnRCQxeUt6..." {{(pid=119770) http_log /opt/stack/data/venv/lib/python3.10/site-packages/swiftclient/client.py:160}}
Nov 25 07:16:01 ubuntu devstack@g-api.service[119770]: DEBUG swiftclient [None req-1dddb728-17cb-47eb-86d1-15fe33a0d53a tempest-ImageDependencyTests-945755773 tempest-ImageDependencyTests-945755773-project-member] RESP STATUS: 200 OK {{(pid=119770) http_log /opt/stack/data/venv/lib/python3.10/site-packages/swiftclient/client.py:161}}
Nov 25 07:16:01 ubuntu devstack@g-api.service[119770]: DEBUG swiftclient [None req-1dddb728-17cb-47eb-86d1-15fe33a0d53a tempest-ImageDependencyTests-945755773 tempest-ImageDependencyTests-945755773-project-member] RESP HEADERS: {'Content-Type': 'application/octet-stream', 'Content-Length': '1024', 'Etag': 'd8c540cfb07ac0cdaf5822cafe0f07c1', 'Last-Modified': 'Mon, 25 Nov 2024 07:15:55 GMT', 'X-Timestamp': '1732518954.02507', 'Accept-Ranges': 'bytes', 'X-Trans-Id': 'tx8f4b7c70a0964e94a7844-0067442431', 'X-Openstack-Request-Id': 'tx8f4b7c70a0964e94a7844-0067442431', 'Date': 'Mon, 25 Nov 2024 07:16:01 GMT'} {{(pid=119770) http_log /opt/stack/data/venv/lib/python3.10/site-packages/swiftclient/client.py:162}}
Nov 25 07:16:01 ubuntu devstack@g-api.service[119770]: DEBUG swiftclient [None req-1dddb728-17cb-47eb-86d1-15fe33a0d53a tempest-ImageDependencyTests-945755773 tempest-ImageDependencyTests-945755773-project-member] REQ: curl -i http://10.201.5.82:8080/v1/AUTH_8c370220e08d4adda691529983021fba/glance/f08fc52b-1ca1-4bc5-bf13-33ee05ff6048 DELETE -H "X-Auth-Token: gAAAAABnRCQxeUt6..." {{(pid=119770) http_log /opt/stack/data/venv/lib/python3.10/site-packages/swiftclient/client.py:160}}
Nov 25 07:16:01 ubuntu devstack@g-api.service[119770]: DEBUG swiftclient [None req-1dddb728-17cb-47eb-86d1-15fe33a0d53a tempest-ImageDependencyTests-945755773 tempest-ImageDependencyTests-945755773-project-member] RESP STATUS: 204 No Content {{(pid=119770) http_log /opt/stack/data/venv/lib/python3.10/site-packages/swiftclient/client.py:161}}
Nov 25 07:16:01 ubuntu devstack@g-api.service[119770]: DEBUG swiftclient [None req-1dddb728-17cb-47eb-86d1-15fe33a0d53a tempest-ImageDependencyTests-945755773 tempest-ImageDependencyTests-945755773-project-member] RESP HEADERS: {'Content-Type': 'text/html; charset=UTF-8', 'Content-Length': '0', 'X-Trans-Id': 'txb2a67037e2244e3c9f887-0067442431', 'X-Openstack-Request-Id': 'txb2a67037e2244e3c9f887-0067442431', 'Date': 'Mon, 25 Nov 2024 07:16:01 GMT'} {{(pid=119770) http_log /opt/stack/data/venv/lib/python3.10/site-packages/swiftclient/client.py:162}}
Nov 25 07:16:01 ubuntu devstack@g-api.service[119770]: DEBUG glance.api.middleware.cache [None req-1dddb728-17cb-47eb-86d1-15fe33a0d53a tempest-ImageDependencyTests-945755773 tempest-ImageDependencyTests-945755773-project-member] Removing image f08fc52b-1ca1-4bc5-bf13-33ee05ff6048 from cache {{(pid=119770) _process_DELETE_response /opt/stack/glance/glance/api/middleware/cache.py:264}}
Nov 25 07:16:01 ubuntu devstack@g-api.service[119770]: DEBUG glance.image_cache.drivers.centralized_db [None req-1dddb728-17cb-47eb-86d1-15fe33a0d53a tempest-ImageDependencyTests-945755773 tempest-ImageDependencyTests-945755773-project-member] Deleting image cache file '/opt/stack/data/glance/cache/f08fc52b-1ca1-4bc5-bf13-33ee05ff6048' {{(pid=119770) delete_cached_file /opt/stack/glance/glance/image_cache/drivers/centralized_db.py:387}}
Nov 25 07:16:01 ubuntu devstack@g-api.service[119770]: [pid: 119770|app: 0|req: 33/64] 127.0.0.1 () {38 vars in 773 bytes} [Mon Nov 25 07:16:01 2024] DELETE /v2/images/f08fc52b-1ca1-4bc5-bf13-33ee05ff6048 => generated 0 bytes in 184 msecs (HTTP/1.1 204) 4 headers in 171 bytes (1 switches on core 0)
Nov 25 07:16:01 ubuntu devstack@g-api.service[119769]: DEBUG glance.api.middleware.version_negotiation [None req-34a81c44-3cc3-41a6-82d8-cabaf64d5e0b tempest-ImageDependencyTests-945755773 tempest-ImageDependencyTests-945755773-project-member] Determining version of request: GET /v2/images/f08fc52b-1ca1-4bc5-bf13-33ee05ff6048 Accept: application/json {{(pid=119769) process_request /opt/stack/glance/glance/api/middleware/version_negotiation.py:44}}
Nov 25 07:16:01 ubuntu devstack@g-api.service[119769]: DEBUG glance.api.middleware.version_negotiation [None req-34a81c44-3cc3-41a6-82d8-cabaf64d5e0b tempest-ImageDependencyTests-945755773 tempest-ImageDependencyTests-945755773-project-member] Using url versioning {{(pid=119769) process_request /opt/stack/glance/glance/api/middleware/version_negotiation.py:57}}
Nov 25 07:16:01 ubuntu devstack@g-api.service[119769]: DEBUG glance.api.middleware.version_negotiation [None req-34a81c44-3cc3-41a6-82d8-cabaf64d5e0b tempest-ImageDependencyTests-945755773 tempest-ImageDependencyTests-945755773-project-member] Matched version: v2 {{(pid=119769) process_request /opt/stack/glance/glance/api/middleware/version_negotiation.py:69}}
Nov 25 07:16:01 ubuntu devstack@g-api.service[119769]: DEBUG glance.api.middleware.version_negotiation [None req-34a81c44-3cc3-41a6-82d8-cabaf64d5e0b tempest-ImageDependencyTests-945755773 tempest-ImageDependencyTests-945755773-project-member] new path /v2/images/f08fc52b-1ca1-4bc5-bf13-33ee05ff6048 {{(pid=119769) process_request /opt/stack/glance/glance/api/middleware/version_negotiation.py:70}}
Nov 25 07:16:01 ubuntu devstack@g-api.service[119769]: DEBUG glance.db.sqlalchemy.api [None req-a42b6d77-b464-4cf3-b829-5b980d747bd6 tempest-ImageDependencyTests-945755773 tempest-ImageDependencyTests-945755773-project-member] No image found with ID f08fc52b-1ca1-4bc5-bf13-33ee05ff6048 {{(pid=119769) _image_get /opt/stack/glance/glance/db/sqlalchemy/api.py:309}}
Nov 25 07:16:01 ubuntu devstack@g-api.service[119769]: [pid: 119769|app: 0|req: 32/65] 127.0.0.1 () {38 vars in 770 bytes} [Mon Nov 25 07:16:01 2024] GET /v2/images/f08fc52b-1ca1-4bc5-bf13-33ee05ff6048 => generated 139 bytes in 12 msecs (HTTP/1.1 404) 4 headers in 164 bytes (1 switches on core 0)
Nov 25 07:16:11 ubuntu devstack@g-api.service[119770]: DEBUG dbcounter [-] [119770] Writing DB stats glance:SELECT=52,glance:UPDATE=9,glance:INSERT=1,glance:DELETE=1 {{(pid=119770) stat_writer /opt/stack/data/venv/lib/python3.10/site-packages/dbcounter.py:115}}
Nov 25 07:16:11 ubuntu devstack@g-api.service[119769]: DEBUG dbcounter [-] [119769] Writing DB stats glance:SELECT=32,glance:INSERT=2,glance:UPDATE=1 {{(pid=119769) stat_writer /opt/stack/data/venv/lib/python3.10/site-packages/dbcounter.py:115}}
