Dec 04 10:11:37 ubuntu devstack@g-api.service[118283]: DEBUG glance.api.middleware.version_negotiation [None req-ced9b4ab-b46a-4e9f-b205-b1dcd314737b tempest-ImageDependencyTests-1651294454 tempest-ImageDependencyTests-1651294454-project-member] Using url versioning {{(pid=118283) process_request /opt/stack/glance/glance/api/middleware/version_negotiation.py:57}}
Dec 04 10:11:37 ubuntu devstack@g-api.service[118283]: DEBUG glance.api.middleware.version_negotiation [None req-ced9b4ab-b46a-4e9f-b205-b1dcd314737b tempest-ImageDependencyTests-1651294454 tempest-ImageDependencyTests-1651294454-project-member] Matched version: v2 {{(pid=118283) process_request /opt/stack/glance/glance/api/middleware/version_negotiation.py:69}}
Dec 04 10:11:37 ubuntu devstack@g-api.service[118284]: [pid: 118284|app: 0|req: 25/48] 127.0.0.1 () {42 vars in 1055 bytes} [Wed Dec  4 10:11:37 2024] GET /v2/images/d9e2f832-a51d-4cd1-9803-1b1593a7a102/file => generated 1024 bytes in 29 msecs (HTTP/1.1 200) 5 headers in 213 bytes (1 switches on core 0)
Dec 04 10:11:37 ubuntu devstack@g-api.service[118283]: DEBUG glance.api.middleware.version_negotiation [None req-ced9b4ab-b46a-4e9f-b205-b1dcd314737b tempest-ImageDependencyTests-1651294454 tempest-ImageDependencyTests-1651294454-project-member] new path /v2/images/d9e2f832-a51d-4cd1-9803-1b1593a7a102 {{(pid=118283) process_request /opt/stack/glance/glance/api/middleware/version_negotiation.py:70}}
Dec 04 10:11:37 ubuntu devstack@g-api.service[118283]: [pid: 118283|app: 0|req: 24/49] 127.0.0.1 () {42 vars in 1045 bytes} [Wed Dec  4 10:11:37 2024] GET /v2/images/d9e2f832-a51d-4cd1-9803-1b1593a7a102 => generated 807 bytes in 17 msecs (HTTP/1.1 200) 4 headers in 157 bytes (1 switches on core 0)
Dec 04 10:11:37 ubuntu devstack@g-api.service[118284]: DEBUG glance.api.middleware.version_negotiation [None req-ced9b4ab-b46a-4e9f-b205-b1dcd314737b tempest-ImageDependencyTests-1651294454 tempest-ImageDependencyTests-1651294454-project-member] Determining version of request: GET /v2/schemas/image Accept: */* {{(pid=118284) process_request /opt/stack/glance/glance/api/middleware/version_negotiation.py:44}}
Dec 04 10:11:37 ubuntu devstack@g-api.service[118284]: DEBUG glance.api.middleware.version_negotiation [None req-ced9b4ab-b46a-4e9f-b205-b1dcd314737b tempest-ImageDependencyTests-1651294454 tempest-ImageDependencyTests-1651294454-project-member] Using url versioning {{(pid=118284) process_request /opt/stack/glance/glance/api/middleware/version_negotiation.py:57}}
Dec 04 10:11:37 ubuntu devstack@g-api.service[118284]: DEBUG glance.api.middleware.version_negotiation [None req-ced9b4ab-b46a-4e9f-b205-b1dcd314737b tempest-ImageDependencyTests-1651294454 tempest-ImageDependencyTests-1651294454-project-member] Matched version: v2 {{(pid=118284) process_request /opt/stack/glance/glance/api/middleware/version_negotiation.py:69}}
Dec 04 10:11:37 ubuntu devstack@g-api.service[118284]: DEBUG glance.api.middleware.version_negotiation [None req-ced9b4ab-b46a-4e9f-b205-b1dcd314737b tempest-ImageDependencyTests-1651294454 tempest-ImageDependencyTests-1651294454-project-member] new path /v2/schemas/image {{(pid=118284) process_request /opt/stack/glance/glance/api/middleware/version_negotiation.py:70}}
Dec 04 10:11:37 ubuntu devstack@g-api.service[118284]: [pid: 118284|app: 0|req: 26/50] 127.0.0.1 () {42 vars in 985 bytes} [Wed Dec  4 10:11:37 2024] GET /v2/schemas/image => generated 6083 bytes in 4 msecs (HTTP/1.1 200) 4 headers in 158 bytes (1 switches on core 0)
Dec 04 10:11:38 ubuntu devstack@g-api.service[118283]: DEBUG glance.api.middleware.version_negotiation [None req-ced9b4ab-b46a-4e9f-b205-b1dcd314737b tempest-ImageDependencyTests-1651294454 tempest-ImageDependencyTests-1651294454-project-member] Determining version of request: GET /v2/images/d9e2f832-a51d-4cd1-9803-1b1593a7a102 Accept: */* {{(pid=118283) process_request /opt/stack/glance/glance/api/middleware/version_negotiation.py:44}}
Dec 04 10:11:38 ubuntu devstack@g-api.service[118283]: DEBUG glance.api.middleware.version_negotiation [None req-ced9b4ab-b46a-4e9f-b205-b1dcd314737b tempest-ImageDependencyTests-1651294454 tempest-ImageDependencyTests-1651294454-project-member] Using url versioning {{(pid=118283) process_request /opt/stack/glance/glance/api/middleware/version_negotiation.py:57}}
Dec 04 10:11:38 ubuntu devstack@g-api.service[118283]: DEBUG glance.api.middleware.version_negotiation [None req-ced9b4ab-b46a-4e9f-b205-b1dcd314737b tempest-ImageDependencyTests-1651294454 tempest-ImageDependencyTests-1651294454-project-member] Matched version: v2 {{(pid=118283) process_request /opt/stack/glance/glance/api/middleware/version_negotiation.py:69}}
Dec 04 10:11:38 ubuntu devstack@g-api.service[118283]: DEBUG glance.api.middleware.version_negotiation [None req-ced9b4ab-b46a-4e9f-b205-b1dcd314737b tempest-ImageDependencyTests-1651294454 tempest-ImageDependencyTests-1651294454-project-member] new path /v2/images/d9e2f832-a51d-4cd1-9803-1b1593a7a102 {{(pid=118283) process_request /opt/stack/glance/glance/api/middleware/version_negotiation.py:70}}
Dec 04 10:11:38 ubuntu devstack@g-api.service[118283]: [pid: 118283|app: 0|req: 25/51] 127.0.0.1 () {42 vars in 1045 bytes} [Wed Dec  4 10:11:38 2024] GET /v2/images/d9e2f832-a51d-4cd1-9803-1b1593a7a102 => generated 807 bytes in 18 msecs (HTTP/1.1 200) 4 headers in 157 bytes (1 switches on core 0)
Dec 04 10:11:38 ubuntu devstack@g-api.service[118284]: DEBUG glance.api.middleware.version_negotiation [None req-ced9b4ab-b46a-4e9f-b205-b1dcd314737b tempest-ImageDependencyTests-1651294454 tempest-ImageDependencyTests-1651294454-project-member] Determining version of request: GET /v2/schemas/image Accept: */* {{(pid=118284) process_request /opt/stack/glance/glance/api/middleware/version_negotiation.py:44}}
Dec 04 10:11:38 ubuntu devstack@g-api.service[118284]: DEBUG glance.api.middleware.version_negotiation [None req-ced9b4ab-b46a-4e9f-b205-b1dcd314737b tempest-ImageDependencyTests-1651294454 tempest-ImageDependencyTests-1651294454-project-member] Using url versioning {{(pid=118284) process_request /opt/stack/glance/glance/api/middleware/version_negotiation.py:57}}
Dec 04 10:11:38 ubuntu devstack@g-api.service[118284]: DEBUG glance.api.middleware.version_negotiation [None req-ced9b4ab-b46a-4e9f-b205-b1dcd314737b tempest-ImageDependencyTests-1651294454 tempest-ImageDependencyTests-1651294454-project-member] Matched version: v2 {{(pid=118284) process_request /opt/stack/glance/glance/api/middleware/version_negotiation.py:69}}
Dec 04 10:11:38 ubuntu devstack@g-api.service[118284]: DEBUG glance.api.middleware.version_negotiation [None req-ced9b4ab-b46a-4e9f-b205-b1dcd314737b tempest-ImageDependencyTests-1651294454 tempest-ImageDependencyTests-1651294454-project-member] new path /v2/schemas/image {{(pid=118284) process_request /opt/stack/glance/glance/api/middleware/version_negotiation.py:70}}
Dec 04 10:11:38 ubuntu devstack@g-api.service[118284]: [pid: 118284|app: 0|req: 27/52] 127.0.0.1 () {42 vars in 985 bytes} [Wed Dec  4 10:11:38 2024] GET /v2/schemas/image => generated 6083 bytes in 8 msecs (HTTP/1.1 200) 4 headers in 158 bytes (1 switches on core 0)
Dec 04 10:11:38 ubuntu devstack@g-api.service[118283]: DEBUG glance.api.middleware.version_negotiation [None req-ced9b4ab-b46a-4e9f-b205-b1dcd314737b tempest-ImageDependencyTests-1651294454 tempest-ImageDependencyTests-1651294454-project-member] Determining version of request: GET /v2/images/d9e2f832-a51d-4cd1-9803-1b1593a7a102 Accept: */* {{(pid=118283) process_request /opt/stack/glance/glance/api/middleware/version_negotiation.py:44}}
Dec 04 10:11:38 ubuntu devstack@g-api.service[118283]: DEBUG glance.api.middleware.version_negotiation [None req-ced9b4ab-b46a-4e9f-b205-b1dcd314737b tempest-ImageDependencyTests-1651294454 tempest-ImageDependencyTests-1651294454-project-member] Using url versioning {{(pid=118283) process_request /opt/stack/glance/glance/api/middleware/version_negotiation.py:57}}
Dec 04 10:11:38 ubuntu devstack@g-api.service[118283]: DEBUG glance.api.middleware.version_negotiation [None req-ced9b4ab-b46a-4e9f-b205-b1dcd314737b tempest-ImageDependencyTests-1651294454 tempest-ImageDependencyTests-1651294454-project-member] Matched version: v2 {{(pid=118283) process_request /opt/stack/glance/glance/api/middleware/version_negotiation.py:69}}
Dec 04 10:11:38 ubuntu devstack@g-api.service[118283]: DEBUG glance.api.middleware.version_negotiation [None req-ced9b4ab-b46a-4e9f-b205-b1dcd314737b tempest-ImageDependencyTests-1651294454 tempest-ImageDependencyTests-1651294454-project-member] new path /v2/images/d9e2f832-a51d-4cd1-9803-1b1593a7a102 {{(pid=118283) process_request /opt/stack/glance/glance/api/middleware/version_negotiation.py:70}}
Dec 04 10:11:38 ubuntu devstack@g-api.service[118283]: [pid: 118283|app: 0|req: 26/53] 127.0.0.1 () {42 vars in 1045 bytes} [Wed Dec  4 10:11:38 2024] GET /v2/images/d9e2f832-a51d-4cd1-9803-1b1593a7a102 => generated 807 bytes in 10 msecs (HTTP/1.1 200) 4 headers in 157 bytes (1 switches on core 0)
Dec 04 10:11:38 ubuntu devstack@g-api.service[118284]: DEBUG glance.api.middleware.version_negotiation [None req-ced9b4ab-b46a-4e9f-b205-b1dcd314737b tempest-ImageDependencyTests-1651294454 tempest-ImageDependencyTests-1651294454-project-member] Determining version of request: GET /v2/schemas/image Accept: */* {{(pid=118284) process_request /opt/stack/glance/glance/api/middleware/version_negotiation.py:44}}
Dec 04 10:11:38 ubuntu devstack@g-api.service[118284]: DEBUG glance.api.middleware.version_negotiation [None req-ced9b4ab-b46a-4e9f-b205-b1dcd314737b tempest-ImageDependencyTests-1651294454 tempest-ImageDependencyTests-1651294454-project-member] Using url versioning {{(pid=118284) process_request /opt/stack/glance/glance/api/middleware/version_negotiation.py:57}}
Dec 04 10:11:38 ubuntu devstack@g-api.service[118284]: DEBUG glance.api.middleware.version_negotiation [None req-ced9b4ab-b46a-4e9f-b205-b1dcd314737b tempest-ImageDependencyTests-1651294454 tempest-ImageDependencyTests-1651294454-project-member] Matched version: v2 {{(pid=118284) process_request /opt/stack/glance/glance/api/middleware/version_negotiation.py:69}}
Dec 04 10:11:38 ubuntu devstack@g-api.service[118284]: DEBUG glance.api.middleware.version_negotiation [None req-ced9b4ab-b46a-4e9f-b205-b1dcd314737b tempest-ImageDependencyTests-1651294454 tempest-ImageDependencyTests-1651294454-project-member] new path /v2/schemas/image {{(pid=118284) process_request /opt/stack/glance/glance/api/middleware/version_negotiation.py:70}}
Dec 04 10:11:38 ubuntu devstack@g-api.service[118284]: [pid: 118284|app: 0|req: 28/54] 127.0.0.1 () {42 vars in 985 bytes} [Wed Dec  4 10:11:38 2024] GET /v2/schemas/image => generated 6083 bytes in 6 msecs (HTTP/1.1 200) 4 headers in 158 bytes (1 switches on core 0)
Dec 04 10:11:38 ubuntu devstack@g-api.service[118283]: DEBUG glance.api.middleware.version_negotiation [None req-ced9b4ab-b46a-4e9f-b205-b1dcd314737b tempest-ImageDependencyTests-1651294454 tempest-ImageDependencyTests-1651294454-project-member] Determining version of request: GET /v2/images/d9e2f832-a51d-4cd1-9803-1b1593a7a102 Accept: */* {{(pid=118283) process_request /opt/stack/glance/glance/api/middleware/version_negotiation.py:44}}
Dec 04 10:11:38 ubuntu devstack@g-api.service[118283]: DEBUG glance.api.middleware.version_negotiation [None req-ced9b4ab-b46a-4e9f-b205-b1dcd314737b tempest-ImageDependencyTests-1651294454 tempest-ImageDependencyTests-1651294454-project-member] Using url versioning {{(pid=118283) process_request /opt/stack/glance/glance/api/middleware/version_negotiation.py:57}}
Dec 04 10:11:38 ubuntu devstack@g-api.service[118283]: DEBUG glance.api.middleware.version_negotiation [None req-ced9b4ab-b46a-4e9f-b205-b1dcd314737b tempest-ImageDependencyTests-1651294454 tempest-ImageDependencyTests-1651294454-project-member] Matched version: v2 {{(pid=118283) process_request /opt/stack/glance/glance/api/middleware/version_negotiation.py:69}}
Dec 04 10:11:38 ubuntu devstack@g-api.service[118283]: DEBUG glance.api.middleware.version_negotiation [None req-ced9b4ab-b46a-4e9f-b205-b1dcd314737b tempest-ImageDependencyTests-1651294454 tempest-ImageDependencyTests-1651294454-project-member] new path /v2/images/d9e2f832-a51d-4cd1-9803-1b1593a7a102 {{(pid=118283) process_request /opt/stack/glance/glance/api/middleware/version_negotiation.py:70}}
Dec 04 10:11:38 ubuntu devstack@g-api.service[118283]: [pid: 118283|app: 0|req: 27/55] 127.0.0.1 () {42 vars in 1045 bytes} [Wed Dec  4 10:11:38 2024] GET /v2/images/d9e2f832-a51d-4cd1-9803-1b1593a7a102 => generated 807 bytes in 18 msecs (HTTP/1.1 200) 4 headers in 157 bytes (1 switches on core 0)
Dec 04 10:11:38 ubuntu devstack@g-api.service[118284]: DEBUG glance.api.middleware.version_negotiation [None req-ced9b4ab-b46a-4e9f-b205-b1dcd314737b tempest-ImageDependencyTests-1651294454 tempest-ImageDependencyTests-1651294454-project-member] Determining version of request: GET /v2/schemas/image Accept: */* {{(pid=118284) process_request /opt/stack/glance/glance/api/middleware/version_negotiation.py:44}}
Dec 04 10:11:38 ubuntu devstack@g-api.service[118284]: DEBUG glance.api.middleware.version_negotiation [None req-ced9b4ab-b46a-4e9f-b205-b1dcd314737b tempest-ImageDependencyTests-1651294454 tempest-ImageDependencyTests-1651294454-project-member] Using url versioning {{(pid=118284) process_request /opt/stack/glance/glance/api/middleware/version_negotiation.py:57}}
Dec 04 10:11:38 ubuntu devstack@g-api.service[118284]: DEBUG glance.api.middleware.version_negotiation [None req-ced9b4ab-b46a-4e9f-b205-b1dcd314737b tempest-ImageDependencyTests-1651294454 tempest-ImageDependencyTests-1651294454-project-member] Matched version: v2 {{(pid=118284) process_request /opt/stack/glance/glance/api/middleware/version_negotiation.py:69}}
Dec 04 10:11:38 ubuntu devstack@g-api.service[118284]: DEBUG glance.api.middleware.version_negotiation [None req-ced9b4ab-b46a-4e9f-b205-b1dcd314737b tempest-ImageDependencyTests-1651294454 tempest-ImageDependencyTests-1651294454-project-member] new path /v2/schemas/image {{(pid=118284) process_request /opt/stack/glance/glance/api/middleware/version_negotiation.py:70}}
Dec 04 10:11:38 ubuntu devstack@g-api.service[118284]: [pid: 118284|app: 0|req: 29/56] 127.0.0.1 () {42 vars in 985 bytes} [Wed Dec  4 10:11:38 2024] GET /v2/schemas/image => generated 6083 bytes in 8 msecs (HTTP/1.1 200) 4 headers in 158 bytes (1 switches on core 0)
Dec 04 10:11:38 ubuntu devstack@g-api.service[118283]: DEBUG glance.api.middleware.version_negotiation [None req-ced9b4ab-b46a-4e9f-b205-b1dcd314737b tempest-ImageDependencyTests-1651294454 tempest-ImageDependencyTests-1651294454-project-member] Determining version of request: GET /v2/schemas/image Accept: */* {{(pid=118283) process_request /opt/stack/glance/glance/api/middleware/version_negotiation.py:44}}
Dec 04 10:11:38 ubuntu devstack@g-api.service[118283]: DEBUG glance.api.middleware.version_negotiation [None req-ced9b4ab-b46a-4e9f-b205-b1dcd314737b tempest-ImageDependencyTests-1651294454 tempest-ImageDependencyTests-1651294454-project-member] Using url versioning {{(pid=118283) process_request /opt/stack/glance/glance/api/middleware/version_negotiation.py:57}}
Dec 04 10:11:38 ubuntu devstack@g-api.service[118283]: DEBUG glance.api.middleware.version_negotiation [None req-ced9b4ab-b46a-4e9f-b205-b1dcd314737b tempest-ImageDependencyTests-1651294454 tempest-ImageDependencyTests-1651294454-project-member] Matched version: v2 {{(pid=118283) process_request /opt/stack/glance/glance/api/middleware/version_negotiation.py:69}}
Dec 04 10:11:38 ubuntu devstack@g-api.service[118283]: DEBUG glance.api.middleware.version_negotiation [None req-ced9b4ab-b46a-4e9f-b205-b1dcd314737b tempest-ImageDependencyTests-1651294454 tempest-ImageDependencyTests-1651294454-project-member] new path /v2/schemas/image {{(pid=118283) process_request /opt/stack/glance/glance/api/middleware/version_negotiation.py:70}}
Dec 04 10:11:38 ubuntu devstack@g-api.service[118283]: [pid: 118283|app: 0|req: 28/57] 127.0.0.1 () {42 vars in 985 bytes} [Wed Dec  4 10:11:38 2024] GET /v2/schemas/image => generated 6083 bytes in 3 msecs (HTTP/1.1 200) 4 headers in 158 bytes (1 switches on core 0)
Dec 04 10:11:38 ubuntu devstack@g-api.service[118284]: DEBUG glance.api.middleware.version_negotiation [None req-ced9b4ab-b46a-4e9f-b205-b1dcd314737b tempest-ImageDependencyTests-1651294454 tempest-ImageDependencyTests-1651294454-project-member] Determining version of request: GET /v2/images/d9e2f832-a51d-4cd1-9803-1b1593a7a102 Accept: */* {{(pid=118284) process_request /opt/stack/glance/glance/api/middleware/version_negotiation.py:44}}
Dec 04 10:11:38 ubuntu devstack@g-api.service[118284]: DEBUG glance.api.middleware.version_negotiation [None req-ced9b4ab-b46a-4e9f-b205-b1dcd314737b tempest-ImageDependencyTests-1651294454 tempest-ImageDependencyTests-1651294454-project-member] Using url versioning {{(pid=118284) process_request /opt/stack/glance/glance/api/middleware/version_negotiation.py:57}}
Dec 04 10:11:38 ubuntu devstack@g-api.service[118284]: DEBUG glance.api.middleware.version_negotiation [None req-ced9b4ab-b46a-4e9f-b205-b1dcd314737b tempest-ImageDependencyTests-1651294454 tempest-ImageDependencyTests-1651294454-project-member] Matched version: v2 {{(pid=118284) process_request /opt/stack/glance/glance/api/middleware/version_negotiation.py:69}}
Dec 04 10:11:38 ubuntu devstack@g-api.service[118284]: DEBUG glance.api.middleware.version_negotiation [None req-ced9b4ab-b46a-4e9f-b205-b1dcd314737b tempest-ImageDependencyTests-1651294454 tempest-ImageDependencyTests-1651294454-project-member] new path /v2/images/d9e2f832-a51d-4cd1-9803-1b1593a7a102 {{(pid=118284) process_request /opt/stack/glance/glance/api/middleware/version_negotiation.py:70}}
Dec 04 10:11:38 ubuntu devstack@g-api.service[118284]: [pid: 118284|app: 0|req: 30/58] 127.0.0.1 () {42 vars in 1045 bytes} [Wed Dec  4 10:11:38 2024] GET /v2/images/d9e2f832-a51d-4cd1-9803-1b1593a7a102 => generated 807 bytes in 19 msecs (HTTP/1.1 200) 4 headers in 157 bytes (1 switches on core 0)
Dec 04 10:11:38 ubuntu devstack@g-api.service[118283]: DEBUG glance.api.middleware.version_negotiation [None req-ced9b4ab-b46a-4e9f-b205-b1dcd314737b tempest-ImageDependencyTests-1651294454 tempest-ImageDependencyTests-1651294454-project-member] Determining version of request: GET /v2/images/d9e2f832-a51d-4cd1-9803-1b1593a7a102/file Accept: */* {{(pid=118283) process_request /opt/stack/glance/glance/api/middleware/version_negotiation.py:44}}
Dec 04 10:11:38 ubuntu devstack@g-api.service[118283]: DEBUG glance.api.middleware.version_negotiation [None req-ced9b4ab-b46a-4e9f-b205-b1dcd314737b tempest-ImageDependencyTests-1651294454 tempest-ImageDependencyTests-1651294454-project-member] Using url versioning {{(pid=118283) process_request /opt/stack/glance/glance/api/middleware/version_negotiation.py:57}}
Dec 04 10:11:38 ubuntu devstack@g-api.service[118283]: DEBUG glance.api.middleware.version_negotiation [None req-ced9b4ab-b46a-4e9f-b205-b1dcd314737b tempest-ImageDependencyTests-1651294454 tempest-ImageDependencyTests-1651294454-project-member] Matched version: v2 {{(pid=118283) process_request /opt/stack/glance/glance/api/middleware/version_negotiation.py:69}}
Dec 04 10:11:38 ubuntu devstack@g-api.service[118283]: DEBUG glance.api.middleware.version_negotiation [None req-ced9b4ab-b46a-4e9f-b205-b1dcd314737b tempest-ImageDependencyTests-1651294454 tempest-ImageDependencyTests-1651294454-project-member] new path /v2/images/d9e2f832-a51d-4cd1-9803-1b1593a7a102/file {{(pid=118283) process_request /opt/stack/glance/glance/api/middleware/version_negotiation.py:70}}
Dec 04 10:11:38 ubuntu devstack@g-api.service[118283]: DEBUG glance.api.middleware.cache [None req-ced9b4ab-b46a-4e9f-b205-b1dcd314737b tempest-ImageDependencyTests-1651294454 tempest-ImageDependencyTests-1651294454-project-member] Cache hit for image 'd9e2f832-a51d-4cd1-9803-1b1593a7a102' {{(pid=118283) process_request /opt/stack/glance/glance/api/middleware/cache.py:160}}
Dec 04 10:11:38 ubuntu devstack@g-api.service[118284]: DEBUG glance.api.middleware.version_negotiation [None req-ced9b4ab-b46a-4e9f-b205-b1dcd314737b tempest-ImageDependencyTests-1651294454 tempest-ImageDependencyTests-1651294454-project-member] Determining version of request: GET /v2/images/d9e2f832-a51d-4cd1-9803-1b1593a7a102 Accept: */* {{(pid=118284) process_request /opt/stack/glance/glance/api/middleware/version_negotiation.py:44}}
Dec 04 10:11:38 ubuntu devstack@g-api.service[118283]: [pid: 118283|app: 0|req: 29/59] 127.0.0.1 () {42 vars in 1055 bytes} [Wed Dec  4 10:11:38 2024] GET /v2/images/d9e2f832-a51d-4cd1-9803-1b1593a7a102/file => generated 1024 bytes in 28 msecs (HTTP/1.1 200) 5 headers in 213 bytes (1 switches on core 0)
Dec 04 10:11:38 ubuntu devstack@g-api.service[118284]: DEBUG glance.api.middleware.version_negotiation [None req-ced9b4ab-b46a-4e9f-b205-b1dcd314737b tempest-ImageDependencyTests-1651294454 tempest-ImageDependencyTests-1651294454-project-member] Using url versioning {{(pid=118284) process_request /opt/stack/glance/glance/api/middleware/version_negotiation.py:57}}
Dec 04 10:11:38 ubuntu devstack@g-api.service[118284]: DEBUG glance.api.middleware.version_negotiation [None req-ced9b4ab-b46a-4e9f-b205-b1dcd314737b tempest-ImageDependencyTests-1651294454 tempest-ImageDependencyTests-1651294454-project-member] Matched version: v2 {{(pid=118284) process_request /opt/stack/glance/glance/api/middleware/version_negotiation.py:69}}
Dec 04 10:11:38 ubuntu devstack@g-api.service[118284]: DEBUG glance.api.middleware.version_negotiation [None req-ced9b4ab-b46a-4e9f-b205-b1dcd314737b tempest-ImageDependencyTests-1651294454 tempest-ImageDependencyTests-1651294454-project-member] new path /v2/images/d9e2f832-a51d-4cd1-9803-1b1593a7a102 {{(pid=118284) process_request /opt/stack/glance/glance/api/middleware/version_negotiation.py:70}}
Dec 04 10:11:38 ubuntu devstack@g-api.service[118284]: [pid: 118284|app: 0|req: 31/60] 127.0.0.1 () {42 vars in 1045 bytes} [Wed Dec  4 10:11:38 2024] GET /v2/images/d9e2f832-a51d-4cd1-9803-1b1593a7a102 => generated 807 bytes in 15 msecs (HTTP/1.1 200) 4 headers in 157 bytes (1 switches on core 0)
Dec 04 10:11:38 ubuntu devstack@g-api.service[118283]: DEBUG glance.api.middleware.version_negotiation [None req-ced9b4ab-b46a-4e9f-b205-b1dcd314737b tempest-ImageDependencyTests-1651294454 tempest-ImageDependencyTests-1651294454-project-member] Determining version of request: GET /v2/schemas/image Accept: */* {{(pid=118283) process_request /opt/stack/glance/glance/api/middleware/version_negotiation.py:44}}
Dec 04 10:11:38 ubuntu devstack@g-api.service[118283]: DEBUG glance.api.middleware.version_negotiation [None req-ced9b4ab-b46a-4e9f-b205-b1dcd314737b tempest-ImageDependencyTests-1651294454 tempest-ImageDependencyTests-1651294454-project-member] Using url versioning {{(pid=118283) process_request /opt/stack/glance/glance/api/middleware/version_negotiation.py:57}}
Dec 04 10:11:38 ubuntu devstack@g-api.service[118283]: DEBUG glance.api.middleware.version_negotiation [None req-ced9b4ab-b46a-4e9f-b205-b1dcd314737b tempest-ImageDependencyTests-1651294454 tempest-ImageDependencyTests-1651294454-project-member] Matched version: v2 {{(pid=118283) process_request /opt/stack/glance/glance/api/middleware/version_negotiation.py:69}}
Dec 04 10:11:38 ubuntu devstack@g-api.service[118283]: DEBUG glance.api.middleware.version_negotiation [None req-ced9b4ab-b46a-4e9f-b205-b1dcd314737b tempest-ImageDependencyTests-1651294454 tempest-ImageDependencyTests-1651294454-project-member] new path /v2/schemas/image {{(pid=118283) process_request /opt/stack/glance/glance/api/middleware/version_negotiation.py:70}}
Dec 04 10:11:38 ubuntu devstack@g-api.service[118283]: [pid: 118283|app: 0|req: 30/61] 127.0.0.1 () {42 vars in 985 bytes} [Wed Dec  4 10:11:38 2024] GET /v2/schemas/image => generated 6083 bytes in 9 msecs (HTTP/1.1 200) 4 headers in 158 bytes (1 switches on core 0)
Dec 04 10:11:39 ubuntu devstack@g-api.service[118284]: DEBUG glance.api.middleware.version_negotiation [None req-ced9b4ab-b46a-4e9f-b205-b1dcd314737b tempest-ImageDependencyTests-1651294454 tempest-ImageDependencyTests-1651294454-project-member] Determining version of request: GET /v2/images/d9e2f832-a51d-4cd1-9803-1b1593a7a102 Accept: */* {{(pid=118284) process_request /opt/stack/glance/glance/api/middleware/version_negotiation.py:44}}
Dec 04 10:11:39 ubuntu devstack@g-api.service[118284]: DEBUG glance.api.middleware.version_negotiation [None req-ced9b4ab-b46a-4e9f-b205-b1dcd314737b tempest-ImageDependencyTests-1651294454 tempest-ImageDependencyTests-1651294454-project-member] Using url versioning {{(pid=118284) process_request /opt/stack/glance/glance/api/middleware/version_negotiation.py:57}}
Dec 04 10:11:39 ubuntu devstack@g-api.service[118284]: DEBUG glance.api.middleware.version_negotiation [None req-ced9b4ab-b46a-4e9f-b205-b1dcd314737b tempest-ImageDependencyTests-1651294454 tempest-ImageDependencyTests-1651294454-project-member] Matched version: v2 {{(pid=118284) process_request /opt/stack/glance/glance/api/middleware/version_negotiation.py:69}}
Dec 04 10:11:39 ubuntu devstack@g-api.service[118284]: DEBUG glance.api.middleware.version_negotiation [None req-ced9b4ab-b46a-4e9f-b205-b1dcd314737b tempest-ImageDependencyTests-1651294454 tempest-ImageDependencyTests-1651294454-project-member] new path /v2/images/d9e2f832-a51d-4cd1-9803-1b1593a7a102 {{(pid=118284) process_request /opt/stack/glance/glance/api/middleware/version_negotiation.py:70}}
Dec 04 10:11:39 ubuntu devstack@g-api.service[118284]: [pid: 118284|app: 0|req: 32/62] 127.0.0.1 () {42 vars in 1045 bytes} [Wed Dec  4 10:11:39 2024] GET /v2/images/d9e2f832-a51d-4cd1-9803-1b1593a7a102 => generated 807 bytes in 18 msecs (HTTP/1.1 200) 4 headers in 157 bytes (1 switches on core 0)
Dec 04 10:11:39 ubuntu devstack@g-api.service[118283]: DEBUG glance.api.middleware.version_negotiation [None req-ced9b4ab-b46a-4e9f-b205-b1dcd314737b tempest-ImageDependencyTests-1651294454 tempest-ImageDependencyTests-1651294454-project-member] Determining version of request: GET /v2/schemas/image Accept: */* {{(pid=118283) process_request /opt/stack/glance/glance/api/middleware/version_negotiation.py:44}}
Dec 04 10:11:39 ubuntu devstack@g-api.service[118283]: DEBUG glance.api.middleware.version_negotiation [None req-ced9b4ab-b46a-4e9f-b205-b1dcd314737b tempest-ImageDependencyTests-1651294454 tempest-ImageDependencyTests-1651294454-project-member] Using url versioning {{(pid=118283) process_request /opt/stack/glance/glance/api/middleware/version_negotiation.py:57}}
Dec 04 10:11:39 ubuntu devstack@g-api.service[118283]: DEBUG glance.api.middleware.version_negotiation [None req-ced9b4ab-b46a-4e9f-b205-b1dcd314737b tempest-ImageDependencyTests-1651294454 tempest-ImageDependencyTests-1651294454-project-member] Matched version: v2 {{(pid=118283) process_request /opt/stack/glance/glance/api/middleware/version_negotiation.py:69}}
Dec 04 10:11:39 ubuntu devstack@g-api.service[118283]: DEBUG glance.api.middleware.version_negotiation [None req-ced9b4ab-b46a-4e9f-b205-b1dcd314737b tempest-ImageDependencyTests-1651294454 tempest-ImageDependencyTests-1651294454-project-member] new path /v2/schemas/image {{(pid=118283) process_request /opt/stack/glance/glance/api/middleware/version_negotiation.py:70}}
Dec 04 10:11:39 ubuntu devstack@g-api.service[118283]: [pid: 118283|app: 0|req: 31/63] 127.0.0.1 () {42 vars in 985 bytes} [Wed Dec  4 10:11:39 2024] GET /v2/schemas/image => generated 6083 bytes in 5 msecs (HTTP/1.1 200) 4 headers in 158 bytes (1 switches on core 0)
Dec 04 10:11:40 ubuntu devstack@g-api.service[118284]: DEBUG glance.api.middleware.version_negotiation [None req-ced9b4ab-b46a-4e9f-b205-b1dcd314737b tempest-ImageDependencyTests-1651294454 tempest-ImageDependencyTests-1651294454-project-member] Determining version of request: DELETE /v2/images/d9e2f832-a51d-4cd1-9803-1b1593a7a102 Accept: application/json {{(pid=118284) process_request /opt/stack/glance/glance/api/middleware/version_negotiation.py:44}}
Dec 04 10:11:40 ubuntu devstack@g-api.service[118284]: DEBUG glance.api.middleware.version_negotiation [None req-ced9b4ab-b46a-4e9f-b205-b1dcd314737b tempest-ImageDependencyTests-1651294454 tempest-ImageDependencyTests-1651294454-project-member] Using url versioning {{(pid=118284) process_request /opt/stack/glance/glance/api/middleware/version_negotiation.py:57}}
Dec 04 10:11:40 ubuntu devstack@g-api.service[118284]: DEBUG glance.api.middleware.version_negotiation [None req-ced9b4ab-b46a-4e9f-b205-b1dcd314737b tempest-ImageDependencyTests-1651294454 tempest-ImageDependencyTests-1651294454-project-member] Matched version: v2 {{(pid=118284) process_request /opt/stack/glance/glance/api/middleware/version_negotiation.py:69}}
Dec 04 10:11:40 ubuntu devstack@g-api.service[118284]: DEBUG glance.api.middleware.version_negotiation [None req-ced9b4ab-b46a-4e9f-b205-b1dcd314737b tempest-ImageDependencyTests-1651294454 tempest-ImageDependencyTests-1651294454-project-member] new path /v2/images/d9e2f832-a51d-4cd1-9803-1b1593a7a102 {{(pid=118284) process_request /opt/stack/glance/glance/api/middleware/version_negotiation.py:70}}
Dec 04 10:11:40 ubuntu devstack@g-api.service[118284]: WARNING glance.api.v2.images [None req-088dc112-ee9a-4e23-a59a-930bbe3d2332 tempest-ImageDependencyTests-1651294454 tempest-ImageDependencyTests-1651294454-project-member] After upload to backend, deletion of staged image data has failed because it cannot be found at /tmp/staging//d9e2f832-a51d-4cd1-9803-1b1593a7a102
Dec 04 10:11:40 ubuntu devstack@g-api.service[118284]: DEBUG glance_store.backend [None req-088dc112-ee9a-4e23-a59a-930bbe3d2332 tempest-ImageDependencyTests-1651294454 tempest-ImageDependencyTests-1651294454-project-member] Attempting to import store swift {{(pid=118284) _load_store /opt/stack/data/venv/lib/python3.10/site-packages/glance_store/backend.py:216}}
Dec 04 10:11:40 ubuntu devstack@g-api.service[118284]: DEBUG glance_store.capabilities [None req-088dc112-ee9a-4e23-a59a-930bbe3d2332 tempest-ImageDependencyTests-1651294454 tempest-ImageDependencyTests-1651294454-project-member] Store glance_store._drivers.swift.store.SingleTenantStore doesn't support updating dynamic storage capabilities. Please overwrite 'update_capabilities' method of the store to implement updating logics if needed. {{(pid=118284) update_capabilities /opt/stack/data/venv/lib/python3.10/site-packages/glance_store/capabilities.py:91}}
Dec 04 10:11:40 ubuntu devstack@g-api.service[118284]: DEBUG glance_store.driver [None req-088dc112-ee9a-4e23-a59a-930bbe3d2332 tempest-ImageDependencyTests-1651294454 tempest-ImageDependencyTests-1651294454-project-member] Late loading location class glance_store._drivers.swift.store.StoreLocation {{(pid=118284) get_store_location_class /opt/stack/data/venv/lib/python3.10/site-packages/glance_store/driver.py:133}}
Dec 04 10:11:40 ubuntu devstack@g-api.service[118284]: DEBUG glance_store.location [None req-088dc112-ee9a-4e23-a59a-930bbe3d2332 tempest-ImageDependencyTests-1651294454 tempest-ImageDependencyTests-1651294454-project-member] Registering scheme swift+https with {'store': <glance_store._drivers.swift.store.SingleTenantStore object at 0x7f25f0e7b910>, 'location_class': <class 'glance_store._drivers.swift.store.StoreLocation'>, 'store_entry': 'swift'} {{(pid=118284) register_scheme_map /opt/stack/data/venv/lib/python3.10/site-packages/glance_store/location.py:146}}
Dec 04 10:11:40 ubuntu devstack@g-api.service[118284]: DEBUG glance_store.location [None req-088dc112-ee9a-4e23-a59a-930bbe3d2332 tempest-ImageDependencyTests-1651294454 tempest-ImageDependencyTests-1651294454-project-member] Registering scheme swift+https with {'store': <glance_store._drivers.swift.store.SingleTenantStore object at 0x7f25f0e7b910>, 'location_class': <class 'glance_store._drivers.swift.store.StoreLocation'>, 'store_entry': 'swift'} {{(pid=118284) register_scheme_map /opt/stack/data/venv/lib/python3.10/site-packages/glance_store/location.py:146}}
Dec 04 10:11:40 ubuntu devstack@g-api.service[118284]: DEBUG glance_store.location [None req-088dc112-ee9a-4e23-a59a-930bbe3d2332 tempest-ImageDependencyTests-1651294454 tempest-ImageDependencyTests-1651294454-project-member] Registering scheme swift with {'store': <glance_store._drivers.swift.store.SingleTenantStore object at 0x7f25f0e7b910>, 'location_class': <class 'glance_store._drivers.swift.store.StoreLocation'>, 'store_entry': 'swift'} {{(pid=118284) register_scheme_map /opt/stack/data/venv/lib/python3.10/site-packages/glance_store/location.py:146}}
Dec 04 10:11:40 ubuntu devstack@g-api.service[118284]: DEBUG glance_store.location [None req-088dc112-ee9a-4e23-a59a-930bbe3d2332 tempest-ImageDependencyTests-1651294454 tempest-ImageDependencyTests-1651294454-project-member] Registering scheme swift+https with {'store': <glance_store._drivers.swift.store.SingleTenantStore object at 0x7f25f0e7b910>, 'location_class': <class 'glance_store._drivers.swift.store.StoreLocation'>, 'store_entry': 'swift'} {{(pid=118284) register_scheme_map /opt/stack/data/venv/lib/python3.10/site-packages/glance_store/location.py:146}}
Dec 04 10:11:40 ubuntu devstack@g-api.service[118284]: DEBUG glance_store.location [None req-088dc112-ee9a-4e23-a59a-930bbe3d2332 tempest-ImageDependencyTests-1651294454 tempest-ImageDependencyTests-1651294454-project-member] Registering scheme swift with {'store': <glance_store._drivers.swift.store.SingleTenantStore object at 0x7f25f0e7b910>, 'location_class': <class 'glance_store._drivers.swift.store.StoreLocation'>, 'store_entry': 'swift'} {{(pid=118284) register_scheme_map /opt/stack/data/venv/lib/python3.10/site-packages/glance_store/location.py:146}}
Dec 04 10:11:40 ubuntu devstack@g-api.service[118284]: DEBUG glance_store.location [None req-088dc112-ee9a-4e23-a59a-930bbe3d2332 tempest-ImageDependencyTests-1651294454 tempest-ImageDependencyTests-1651294454-project-member] Registering scheme swift+http with {'store': <glance_store._drivers.swift.store.SingleTenantStore object at 0x7f25f0e7b910>, 'location_class': <class 'glance_store._drivers.swift.store.StoreLocation'>, 'store_entry': 'swift'} {{(pid=118284) register_scheme_map /opt/stack/data/venv/lib/python3.10/site-packages/glance_store/location.py:146}}
Dec 04 10:11:40 ubuntu devstack@g-api.service[118284]: DEBUG glance_store.location [None req-088dc112-ee9a-4e23-a59a-930bbe3d2332 tempest-ImageDependencyTests-1651294454 tempest-ImageDependencyTests-1651294454-project-member] Registering scheme swift+https with {'store': <glance_store._drivers.swift.store.SingleTenantStore object at 0x7f25f0e7b910>, 'location_class': <class 'glance_store._drivers.swift.store.StoreLocation'>, 'store_entry': 'swift'} {{(pid=118284) register_scheme_map /opt/stack/data/venv/lib/python3.10/site-packages/glance_store/location.py:146}}
Dec 04 10:11:40 ubuntu devstack@g-api.service[118284]: DEBUG glance_store.location [None req-088dc112-ee9a-4e23-a59a-930bbe3d2332 tempest-ImageDependencyTests-1651294454 tempest-ImageDependencyTests-1651294454-project-member] Registering scheme swift with {'store': <glance_store._drivers.swift.store.SingleTenantStore object at 0x7f25f0e7b910>, 'location_class': <class 'glance_store._drivers.swift.store.StoreLocation'>, 'store_entry': 'swift'} {{(pid=118284) register_scheme_map /opt/stack/data/venv/lib/python3.10/site-packages/glance_store/location.py:146}}
Dec 04 10:11:40 ubuntu devstack@g-api.service[118284]: DEBUG glance_store.location [None req-088dc112-ee9a-4e23-a59a-930bbe3d2332 tempest-ImageDependencyTests-1651294454 tempest-ImageDependencyTests-1651294454-project-member] Registering scheme swift+http with {'store': <glance_store._drivers.swift.store.SingleTenantStore object at 0x7f25f0e7b910>, 'location_class': <class 'glance_store._drivers.swift.store.StoreLocation'>, 'store_entry': 'swift'} {{(pid=118284) register_scheme_map /opt/stack/data/venv/lib/python3.10/site-packages/glance_store/location.py:146}}
Dec 04 10:11:40 ubuntu devstack@g-api.service[118284]: DEBUG glance_store.location [None req-088dc112-ee9a-4e23-a59a-930bbe3d2332 tempest-ImageDependencyTests-1651294454 tempest-ImageDependencyTests-1651294454-project-member] Registering scheme swift+config with {'store': <glance_store._drivers.swift.store.SingleTenantStore object at 0x7f25f0e7b910>, 'location_class': <class 'glance_store._drivers.swift.store.StoreLocation'>, 'store_entry': 'swift'} {{(pid=118284) register_scheme_map /opt/stack/data/venv/lib/python3.10/site-packages/glance_store/location.py:146}}
Dec 04 10:11:40 ubuntu devstack@g-api.service[118284]: DEBUG keystoneclient.auth.identity.v3.base [None req-088dc112-ee9a-4e23-a59a-930bbe3d2332 tempest-ImageDependencyTests-1651294454 tempest-ImageDependencyTests-1651294454-project-member] Making authentication request to http://10.201.5.82/identity/v3/auth/tokens {{(pid=118284) get_auth_ref /opt/stack/data/venv/lib/python3.10/site-packages/keystoneclient/auth/identity/v3/base.py:185}}
Dec 04 10:11:40 ubuntu devstack@g-api.service[118284]: DEBUG keystoneclient.auth.identity.v3.base [None req-088dc112-ee9a-4e23-a59a-930bbe3d2332 tempest-ImageDependencyTests-1651294454 tempest-ImageDependencyTests-1651294454-project-member] {"token": {"methods": ["password"], "user": {"domain": {"id": "default", "name": "Default"}, "id": "9615299020cc4924998d65bf42280ca9", "name": "glance-swift", "password_expires_at": null}, "audit_ids": ["vU2aCwhtSi6pCg4iBRYwnw"], "expires_at": "2024-12-04T11:11:40.000000Z", "issued_at": "2024-12-04T10:11:40.000000Z", "project": {"domain": {"id": "default", "name": "Default"}, "id": "07d1c7dc16e5433f952e92cdb1a6c770", "name": "service"}, "is_domain": false, "roles": [{"id": "1ee5910d61cc4702abb8eddfc6045acb", "name": "service"}, {"id": "53b0b4d6412b40928bbf9d619d863ff5", "name": "ResellerAdmin"}], "catalog": [{"endpoints": [{"id": "81b26b0069f84c178f4e0078f665e91d", "interface": "public", "region_id": "RegionOne", "url": "http://10.201.5.82/placement", "region": "RegionOne"}], "id": "0e5a5098fd3c451b892baf397d620ff6", "type": "placement", "name": "placement"}, {"endpoints": [{"id": "50125482bb9a42cd927ffab330356d7f", "interface": "public", "region_id": "RegionOne", "url": "http://10.201.5.82/compute/v2/07d1c7dc16e5433f952e92cdb1a6c770", "region": "RegionOne"}], "id": "320089c32b3c45cf917c7d775245c9d3", "type": "compute_legacy", "name": "nova_legacy"}, {"endpoints": [{"id": "51ab704c40e04d80ba2e78fd6e6ee987", "interface": "public", "region_id": "RegionOne", "url": "http://10.201.5.82/compute/v2.1", "region": "RegionOne"}], "id": "45a7b6ce759e48a6b2fc477ff52814eb", "type": "compute", "name": "nova"}, {"endpoints": [{"id": "8a0d754b0163438d9751d63d807b00f1", "interface": "public", "region_id": "RegionOne", "url": "http://10.201.5.82/volume/v3", "region": "RegionOne"}], "id": "483f6193e8d14b3493382b13ff394bbd", "type": "block-storage", "name": "cinder"}, {"endpoints": [{"id": "dfea554372bb455b8b3c376fa432e84c", "interface": "public", "region_id": "RegionOne", "url": "http://10.201.5.82:8080/v1/AUTH_07d1c7dc16e5433f952e92cdb1a6c770", "region": "RegionOne"}, {"id": "f2a4871c95be457490e176ac5e257d43", "interface": "admin", "region_id": "RegionOne", "url": "http://10.201.5.82:8080", "region": "RegionOne"}], "id": "74aa9ade3e264e2e90c00fc0f6e86439", "type": "object-store", "name": "swift"}, {"endpoints": [{"id": "68dde9d7282241e58ad80a78008059e2", "interface": "public", "region_id": "RegionOne", "url": "http://10.201.5.82/image", "region": "RegionOne"}], "id": "7d602e4c80a54d5e83eabd167a9b191a", "type": "image", "name": "glance"}, {"endpoints": [{"id": "df2cde66b7644eb0894f2461c2940bda", "interface": "public", "region_id": "RegionOne", "url": "http://10.201.5.82/identity", "region": "RegionOne"}], "id": "aee1b614158e4b3aa2ee796e993a710c", "type": "identity", "name": "keystone"}, {"endpoints": [{"id": "80bf45bcaf6a418482f6c750b6a3dfae", "interface": "public", "region_id": "RegionOne", "url": "http://10.201.5.82:9696/networking", "region": "RegionOne"}], "id": "e04de5f91a124db4bc6a685544151fd4", "type": "network", "name": "neutron"}]}} {{(pid=118284) get_auth_ref /opt/stack/data/venv/lib/python3.10/site-packages/keystoneclient/auth/identity/v3/base.py:190}}
Dec 04 10:11:40 ubuntu devstack@g-api.service[118284]: DEBUG keystoneclient.httpclient [None req-088dc112-ee9a-4e23-a59a-930bbe3d2332 tempest-ImageDependencyTests-1651294454 tempest-ImageDependencyTests-1651294454-project-member] Failed to find endpoint for management url admin endpoint for identity service not found {{(pid=118284) _process_management_url /opt/stack/data/venv/lib/python3.10/site-packages/keystoneclient/httpclient.py:670}}
Dec 04 10:11:40 ubuntu devstack@g-api.service[118284]: DEBUG swiftclient [None req-088dc112-ee9a-4e23-a59a-930bbe3d2332 tempest-ImageDependencyTests-1651294454 tempest-ImageDependencyTests-1651294454-project-member] REQ: curl -i http://10.201.5.82:8080/v1/AUTH_07d1c7dc16e5433f952e92cdb1a6c770/glance/d9e2f832-a51d-4cd1-9803-1b1593a7a102 -I -H "X-Auth-Token: gAAAAABnUCrceCeS..." {{(pid=118284) http_log /opt/stack/data/venv/lib/python3.10/site-packages/swiftclient/client.py:160}}
Dec 04 10:11:40 ubuntu devstack@g-api.service[118284]: DEBUG swiftclient [None req-088dc112-ee9a-4e23-a59a-930bbe3d2332 tempest-ImageDependencyTests-1651294454 tempest-ImageDependencyTests-1651294454-project-member] RESP STATUS: 200 OK {{(pid=118284) http_log /opt/stack/data/venv/lib/python3.10/site-packages/swiftclient/client.py:161}}
Dec 04 10:11:40 ubuntu devstack@g-api.service[118284]: DEBUG swiftclient [None req-088dc112-ee9a-4e23-a59a-930bbe3d2332 tempest-ImageDependencyTests-1651294454 tempest-ImageDependencyTests-1651294454-project-member] RESP HEADERS: {'Content-Type': 'application/octet-stream', 'Content-Length': '1024', 'Etag': '72cb33fba66e7ff6d12e00b351aa2ed2', 'Last-Modified': 'Wed, 04 Dec 2024 10:11:33 GMT', 'X-Timestamp': '1733307092.79756', 'Accept-Ranges': 'bytes', 'X-Trans-Id': 'tx12efbf1f3cf64c07975a6-0067502adc', 'X-Openstack-Request-Id': 'tx12efbf1f3cf64c07975a6-0067502adc', 'Date': 'Wed, 04 Dec 2024 10:11:40 GMT'} {{(pid=118284) http_log /opt/stack/data/venv/lib/python3.10/site-packages/swiftclient/client.py:162}}
Dec 04 10:11:40 ubuntu devstack@g-api.service[118284]: DEBUG swiftclient [None req-088dc112-ee9a-4e23-a59a-930bbe3d2332 tempest-ImageDependencyTests-1651294454 tempest-ImageDependencyTests-1651294454-project-member] REQ: curl -i http://10.201.5.82:8080/v1/AUTH_07d1c7dc16e5433f952e92cdb1a6c770/glance/d9e2f832-a51d-4cd1-9803-1b1593a7a102 DELETE -H "X-Auth-Token: gAAAAABnUCrceCeS..." {{(pid=118284) http_log /opt/stack/data/venv/lib/python3.10/site-packages/swiftclient/client.py:160}}
Dec 04 10:11:40 ubuntu devstack@g-api.service[118284]: DEBUG swiftclient [None req-088dc112-ee9a-4e23-a59a-930bbe3d2332 tempest-ImageDependencyTests-1651294454 tempest-ImageDependencyTests-1651294454-project-member] RESP STATUS: 204 No Content {{(pid=118284) http_log /opt/stack/data/venv/lib/python3.10/site-packages/swiftclient/client.py:161}}
Dec 04 10:11:40 ubuntu devstack@g-api.service[118284]: DEBUG swiftclient [None req-088dc112-ee9a-4e23-a59a-930bbe3d2332 tempest-ImageDependencyTests-1651294454 tempest-ImageDependencyTests-1651294454-project-member] RESP HEADERS: {'Content-Type': 'text/html; charset=UTF-8', 'Content-Length': '0', 'X-Trans-Id': 'txd7998fdf47384116b06bc-0067502adc', 'X-Openstack-Request-Id': 'txd7998fdf47384116b06bc-0067502adc', 'Date': 'Wed, 04 Dec 2024 10:11:40 GMT'} {{(pid=118284) http_log /opt/stack/data/venv/lib/python3.10/site-packages/swiftclient/client.py:162}}
Dec 04 10:11:41 ubuntu devstack@g-api.service[118284]: DEBUG glance.api.middleware.cache [None req-088dc112-ee9a-4e23-a59a-930bbe3d2332 tempest-ImageDependencyTests-1651294454 tempest-ImageDependencyTests-1651294454-project-member] Removing image d9e2f832-a51d-4cd1-9803-1b1593a7a102 from cache {{(pid=118284) _process_DELETE_response /opt/stack/glance/glance/api/middleware/cache.py:264}}
Dec 04 10:11:41 ubuntu devstack@g-api.service[118284]: DEBUG glance.image_cache.drivers.centralized_db [None req-088dc112-ee9a-4e23-a59a-930bbe3d2332 tempest-ImageDependencyTests-1651294454 tempest-ImageDependencyTests-1651294454-project-member] Deleting image cache file '/opt/stack/data/glance/cache/d9e2f832-a51d-4cd1-9803-1b1593a7a102' {{(pid=118284) delete_cached_file /opt/stack/glance/glance/image_cache/drivers/centralized_db.py:387}}
Dec 04 10:11:41 ubuntu devstack@g-api.service[118284]: [pid: 118284|app: 0|req: 33/64] 127.0.0.1 () {38 vars in 773 bytes} [Wed Dec  4 10:11:40 2024] DELETE /v2/images/d9e2f832-a51d-4cd1-9803-1b1593a7a102 => generated 0 bytes in 213 msecs (HTTP/1.1 204) 4 headers in 171 bytes (1 switches on core 0)
Dec 04 10:11:41 ubuntu devstack@g-api.service[118283]: DEBUG glance.api.middleware.version_negotiation [None req-ced9b4ab-b46a-4e9f-b205-b1dcd314737b tempest-ImageDependencyTests-1651294454 tempest-ImageDependencyTests-1651294454-project-member] Determining version of request: GET /v2/images/d9e2f832-a51d-4cd1-9803-1b1593a7a102 Accept: application/json {{(pid=118283) process_request /opt/stack/glance/glance/api/middleware/version_negotiation.py:44}}
Dec 04 10:11:41 ubuntu devstack@g-api.service[118283]: DEBUG glance.api.middleware.version_negotiation [None req-ced9b4ab-b46a-4e9f-b205-b1dcd314737b tempest-ImageDependencyTests-1651294454 tempest-ImageDependencyTests-1651294454-project-member] Using url versioning {{(pid=118283) process_request /opt/stack/glance/glance/api/middleware/version_negotiation.py:57}}
Dec 04 10:11:41 ubuntu devstack@g-api.service[118283]: DEBUG glance.api.middleware.version_negotiation [None req-ced9b4ab-b46a-4e9f-b205-b1dcd314737b tempest-ImageDependencyTests-1651294454 tempest-ImageDependencyTests-1651294454-project-member] Matched version: v2 {{(pid=118283) process_request /opt/stack/glance/glance/api/middleware/version_negotiation.py:69}}
Dec 04 10:11:41 ubuntu devstack@g-api.service[118283]: DEBUG glance.api.middleware.version_negotiation [None req-ced9b4ab-b46a-4e9f-b205-b1dcd314737b tempest-ImageDependencyTests-1651294454 tempest-ImageDependencyTests-1651294454-project-member] new path /v2/images/d9e2f832-a51d-4cd1-9803-1b1593a7a102 {{(pid=118283) process_request /opt/stack/glance/glance/api/middleware/version_negotiation.py:70}}
Dec 04 10:11:41 ubuntu devstack@g-api.service[118283]: DEBUG glance.db.sqlalchemy.api [None req-7f0dbc2d-2d6d-47a2-b9b5-464f018e201f tempest-ImageDependencyTests-1651294454 tempest-ImageDependencyTests-1651294454-project-member] No image found with ID d9e2f832-a51d-4cd1-9803-1b1593a7a102 {{(pid=118283) _image_get /opt/stack/glance/glance/db/sqlalchemy/api.py:309}}
Dec 04 10:11:41 ubuntu devstack@g-api.service[118283]: [pid: 118283|app: 0|req: 32/65] 127.0.0.1 () {38 vars in 770 bytes} [Wed Dec  4 10:11:41 2024] GET /v2/images/d9e2f832-a51d-4cd1-9803-1b1593a7a102 => generated 139 bytes in 9 msecs (HTTP/1.1 404) 4 headers in 164 bytes (1 switches on core 0)
Dec 04 10:11:51 ubuntu devstack@g-api.service[118284]: DEBUG dbcounter [-] [118284] Writing DB stats glance:SELECT=52,glance:UPDATE=9,glance:INSERT=1,glance:DELETE=1 {{(pid=118284) stat_writer /opt/stack/data/venv/lib/python3.10/site-packages/dbcounter.py:115}}
Dec 04 10:11:51 ubuntu devstack@g-api.service[118283]: DEBUG dbcounter [-] [118283] Writing DB stats glance:SELECT=32,glance:INSERT=2,glance:UPDATE=1 {{(pid=118283) stat_writer /opt/stack/data/venv/lib/python3.10/site-packages/dbcounter.py:115}}
