Nov 28 05:28:32 ubuntu devstack@g-api.service[118313]: DEBUG glance.api.middleware.version_negotiation [None req-784d721b-5e92-491e-8d37-f2ca770754f4 tempest-ImageDependencyTests-1547512657 tempest-ImageDependencyTests-1547512657-project-member] Using url versioning {{(pid=118313) process_request /opt/stack/glance/glance/api/middleware/version_negotiation.py:57}}
Nov 28 05:28:32 ubuntu devstack@g-api.service[118313]: DEBUG glance.api.middleware.version_negotiation [None req-784d721b-5e92-491e-8d37-f2ca770754f4 tempest-ImageDependencyTests-1547512657 tempest-ImageDependencyTests-1547512657-project-member] Matched version: v2 {{(pid=118313) process_request /opt/stack/glance/glance/api/middleware/version_negotiation.py:69}}
Nov 28 05:28:32 ubuntu devstack@g-api.service[118314]: [pid: 118314|app: 0|req: 25/48] 127.0.0.1 () {42 vars in 1055 bytes} [Thu Nov 28 05:28:32 2024] GET /v2/images/23953e7e-27c5-437e-a1e7-35a5f7bb8b37/file => generated 1024 bytes in 32 msecs (HTTP/1.1 200) 5 headers in 213 bytes (1 switches on core 0)
Nov 28 05:28:32 ubuntu devstack@g-api.service[118313]: DEBUG glance.api.middleware.version_negotiation [None req-784d721b-5e92-491e-8d37-f2ca770754f4 tempest-ImageDependencyTests-1547512657 tempest-ImageDependencyTests-1547512657-project-member] new path /v2/images/23953e7e-27c5-437e-a1e7-35a5f7bb8b37 {{(pid=118313) process_request /opt/stack/glance/glance/api/middleware/version_negotiation.py:70}}
Nov 28 05:28:32 ubuntu devstack@g-api.service[118313]: [pid: 118313|app: 0|req: 24/49] 127.0.0.1 () {42 vars in 1045 bytes} [Thu Nov 28 05:28:32 2024] GET /v2/images/23953e7e-27c5-437e-a1e7-35a5f7bb8b37 => generated 807 bytes in 13 msecs (HTTP/1.1 200) 4 headers in 157 bytes (1 switches on core 0)
Nov 28 05:28:32 ubuntu devstack@g-api.service[118314]: DEBUG glance.api.middleware.version_negotiation [None req-784d721b-5e92-491e-8d37-f2ca770754f4 tempest-ImageDependencyTests-1547512657 tempest-ImageDependencyTests-1547512657-project-member] Determining version of request: GET /v2/schemas/image Accept: */* {{(pid=118314) process_request /opt/stack/glance/glance/api/middleware/version_negotiation.py:44}}
Nov 28 05:28:32 ubuntu devstack@g-api.service[118314]: DEBUG glance.api.middleware.version_negotiation [None req-784d721b-5e92-491e-8d37-f2ca770754f4 tempest-ImageDependencyTests-1547512657 tempest-ImageDependencyTests-1547512657-project-member] Using url versioning {{(pid=118314) process_request /opt/stack/glance/glance/api/middleware/version_negotiation.py:57}}
Nov 28 05:28:32 ubuntu devstack@g-api.service[118314]: DEBUG glance.api.middleware.version_negotiation [None req-784d721b-5e92-491e-8d37-f2ca770754f4 tempest-ImageDependencyTests-1547512657 tempest-ImageDependencyTests-1547512657-project-member] Matched version: v2 {{(pid=118314) process_request /opt/stack/glance/glance/api/middleware/version_negotiation.py:69}}
Nov 28 05:28:32 ubuntu devstack@g-api.service[118314]: DEBUG glance.api.middleware.version_negotiation [None req-784d721b-5e92-491e-8d37-f2ca770754f4 tempest-ImageDependencyTests-1547512657 tempest-ImageDependencyTests-1547512657-project-member] new path /v2/schemas/image {{(pid=118314) process_request /opt/stack/glance/glance/api/middleware/version_negotiation.py:70}}
Nov 28 05:28:32 ubuntu devstack@g-api.service[118314]: [pid: 118314|app: 0|req: 26/50] 127.0.0.1 () {42 vars in 985 bytes} [Thu Nov 28 05:28:32 2024] GET /v2/schemas/image => generated 6083 bytes in 8 msecs (HTTP/1.1 200) 4 headers in 158 bytes (1 switches on core 0)
Nov 28 05:28:33 ubuntu devstack@g-api.service[118313]: DEBUG glance.api.middleware.version_negotiation [None req-784d721b-5e92-491e-8d37-f2ca770754f4 tempest-ImageDependencyTests-1547512657 tempest-ImageDependencyTests-1547512657-project-member] Determining version of request: GET /v2/images/23953e7e-27c5-437e-a1e7-35a5f7bb8b37 Accept: */* {{(pid=118313) process_request /opt/stack/glance/glance/api/middleware/version_negotiation.py:44}}
Nov 28 05:28:33 ubuntu devstack@g-api.service[118313]: DEBUG glance.api.middleware.version_negotiation [None req-784d721b-5e92-491e-8d37-f2ca770754f4 tempest-ImageDependencyTests-1547512657 tempest-ImageDependencyTests-1547512657-project-member] Using url versioning {{(pid=118313) process_request /opt/stack/glance/glance/api/middleware/version_negotiation.py:57}}
Nov 28 05:28:33 ubuntu devstack@g-api.service[118313]: DEBUG glance.api.middleware.version_negotiation [None req-784d721b-5e92-491e-8d37-f2ca770754f4 tempest-ImageDependencyTests-1547512657 tempest-ImageDependencyTests-1547512657-project-member] Matched version: v2 {{(pid=118313) process_request /opt/stack/glance/glance/api/middleware/version_negotiation.py:69}}
Nov 28 05:28:33 ubuntu devstack@g-api.service[118313]: DEBUG glance.api.middleware.version_negotiation [None req-784d721b-5e92-491e-8d37-f2ca770754f4 tempest-ImageDependencyTests-1547512657 tempest-ImageDependencyTests-1547512657-project-member] new path /v2/images/23953e7e-27c5-437e-a1e7-35a5f7bb8b37 {{(pid=118313) process_request /opt/stack/glance/glance/api/middleware/version_negotiation.py:70}}
Nov 28 05:28:33 ubuntu devstack@g-api.service[118313]: [pid: 118313|app: 0|req: 25/51] 127.0.0.1 () {42 vars in 1045 bytes} [Thu Nov 28 05:28:33 2024] GET /v2/images/23953e7e-27c5-437e-a1e7-35a5f7bb8b37 => generated 807 bytes in 13 msecs (HTTP/1.1 200) 4 headers in 157 bytes (1 switches on core 0)
Nov 28 05:28:33 ubuntu devstack@g-api.service[118314]: DEBUG glance.api.middleware.version_negotiation [None req-784d721b-5e92-491e-8d37-f2ca770754f4 tempest-ImageDependencyTests-1547512657 tempest-ImageDependencyTests-1547512657-project-member] Determining version of request: GET /v2/schemas/image Accept: */* {{(pid=118314) process_request /opt/stack/glance/glance/api/middleware/version_negotiation.py:44}}
Nov 28 05:28:33 ubuntu devstack@g-api.service[118314]: DEBUG glance.api.middleware.version_negotiation [None req-784d721b-5e92-491e-8d37-f2ca770754f4 tempest-ImageDependencyTests-1547512657 tempest-ImageDependencyTests-1547512657-project-member] Using url versioning {{(pid=118314) process_request /opt/stack/glance/glance/api/middleware/version_negotiation.py:57}}
Nov 28 05:28:33 ubuntu devstack@g-api.service[118314]: DEBUG glance.api.middleware.version_negotiation [None req-784d721b-5e92-491e-8d37-f2ca770754f4 tempest-ImageDependencyTests-1547512657 tempest-ImageDependencyTests-1547512657-project-member] Matched version: v2 {{(pid=118314) process_request /opt/stack/glance/glance/api/middleware/version_negotiation.py:69}}
Nov 28 05:28:33 ubuntu devstack@g-api.service[118314]: DEBUG glance.api.middleware.version_negotiation [None req-784d721b-5e92-491e-8d37-f2ca770754f4 tempest-ImageDependencyTests-1547512657 tempest-ImageDependencyTests-1547512657-project-member] new path /v2/schemas/image {{(pid=118314) process_request /opt/stack/glance/glance/api/middleware/version_negotiation.py:70}}
Nov 28 05:28:33 ubuntu devstack@g-api.service[118314]: [pid: 118314|app: 0|req: 27/52] 127.0.0.1 () {42 vars in 985 bytes} [Thu Nov 28 05:28:33 2024] GET /v2/schemas/image => generated 6083 bytes in 5 msecs (HTTP/1.1 200) 4 headers in 158 bytes (1 switches on core 0)
Nov 28 05:28:33 ubuntu devstack@g-api.service[118313]: DEBUG glance.api.middleware.version_negotiation [None req-784d721b-5e92-491e-8d37-f2ca770754f4 tempest-ImageDependencyTests-1547512657 tempest-ImageDependencyTests-1547512657-project-member] Determining version of request: GET /v2/images/23953e7e-27c5-437e-a1e7-35a5f7bb8b37 Accept: */* {{(pid=118313) process_request /opt/stack/glance/glance/api/middleware/version_negotiation.py:44}}
Nov 28 05:28:33 ubuntu devstack@g-api.service[118313]: DEBUG glance.api.middleware.version_negotiation [None req-784d721b-5e92-491e-8d37-f2ca770754f4 tempest-ImageDependencyTests-1547512657 tempest-ImageDependencyTests-1547512657-project-member] Using url versioning {{(pid=118313) process_request /opt/stack/glance/glance/api/middleware/version_negotiation.py:57}}
Nov 28 05:28:33 ubuntu devstack@g-api.service[118313]: DEBUG glance.api.middleware.version_negotiation [None req-784d721b-5e92-491e-8d37-f2ca770754f4 tempest-ImageDependencyTests-1547512657 tempest-ImageDependencyTests-1547512657-project-member] Matched version: v2 {{(pid=118313) process_request /opt/stack/glance/glance/api/middleware/version_negotiation.py:69}}
Nov 28 05:28:33 ubuntu devstack@g-api.service[118313]: DEBUG glance.api.middleware.version_negotiation [None req-784d721b-5e92-491e-8d37-f2ca770754f4 tempest-ImageDependencyTests-1547512657 tempest-ImageDependencyTests-1547512657-project-member] new path /v2/images/23953e7e-27c5-437e-a1e7-35a5f7bb8b37 {{(pid=118313) process_request /opt/stack/glance/glance/api/middleware/version_negotiation.py:70}}
Nov 28 05:28:33 ubuntu devstack@g-api.service[118313]: [pid: 118313|app: 0|req: 26/53] 127.0.0.1 () {42 vars in 1045 bytes} [Thu Nov 28 05:28:33 2024] GET /v2/images/23953e7e-27c5-437e-a1e7-35a5f7bb8b37 => generated 807 bytes in 11 msecs (HTTP/1.1 200) 4 headers in 157 bytes (1 switches on core 0)
Nov 28 05:28:33 ubuntu devstack@g-api.service[118314]: DEBUG glance.api.middleware.version_negotiation [None req-784d721b-5e92-491e-8d37-f2ca770754f4 tempest-ImageDependencyTests-1547512657 tempest-ImageDependencyTests-1547512657-project-member] Determining version of request: GET /v2/schemas/image Accept: */* {{(pid=118314) process_request /opt/stack/glance/glance/api/middleware/version_negotiation.py:44}}
Nov 28 05:28:33 ubuntu devstack@g-api.service[118314]: DEBUG glance.api.middleware.version_negotiation [None req-784d721b-5e92-491e-8d37-f2ca770754f4 tempest-ImageDependencyTests-1547512657 tempest-ImageDependencyTests-1547512657-project-member] Using url versioning {{(pid=118314) process_request /opt/stack/glance/glance/api/middleware/version_negotiation.py:57}}
Nov 28 05:28:33 ubuntu devstack@g-api.service[118314]: DEBUG glance.api.middleware.version_negotiation [None req-784d721b-5e92-491e-8d37-f2ca770754f4 tempest-ImageDependencyTests-1547512657 tempest-ImageDependencyTests-1547512657-project-member] Matched version: v2 {{(pid=118314) process_request /opt/stack/glance/glance/api/middleware/version_negotiation.py:69}}
Nov 28 05:28:33 ubuntu devstack@g-api.service[118314]: DEBUG glance.api.middleware.version_negotiation [None req-784d721b-5e92-491e-8d37-f2ca770754f4 tempest-ImageDependencyTests-1547512657 tempest-ImageDependencyTests-1547512657-project-member] new path /v2/schemas/image {{(pid=118314) process_request /opt/stack/glance/glance/api/middleware/version_negotiation.py:70}}
Nov 28 05:28:33 ubuntu devstack@g-api.service[118314]: [pid: 118314|app: 0|req: 28/54] 127.0.0.1 () {42 vars in 985 bytes} [Thu Nov 28 05:28:33 2024] GET /v2/schemas/image => generated 6083 bytes in 7 msecs (HTTP/1.1 200) 4 headers in 158 bytes (1 switches on core 0)
Nov 28 05:28:33 ubuntu devstack@g-api.service[118313]: DEBUG glance.api.middleware.version_negotiation [None req-784d721b-5e92-491e-8d37-f2ca770754f4 tempest-ImageDependencyTests-1547512657 tempest-ImageDependencyTests-1547512657-project-member] Determining version of request: GET /v2/images/23953e7e-27c5-437e-a1e7-35a5f7bb8b37 Accept: */* {{(pid=118313) process_request /opt/stack/glance/glance/api/middleware/version_negotiation.py:44}}
Nov 28 05:28:33 ubuntu devstack@g-api.service[118313]: DEBUG glance.api.middleware.version_negotiation [None req-784d721b-5e92-491e-8d37-f2ca770754f4 tempest-ImageDependencyTests-1547512657 tempest-ImageDependencyTests-1547512657-project-member] Using url versioning {{(pid=118313) process_request /opt/stack/glance/glance/api/middleware/version_negotiation.py:57}}
Nov 28 05:28:33 ubuntu devstack@g-api.service[118313]: DEBUG glance.api.middleware.version_negotiation [None req-784d721b-5e92-491e-8d37-f2ca770754f4 tempest-ImageDependencyTests-1547512657 tempest-ImageDependencyTests-1547512657-project-member] Matched version: v2 {{(pid=118313) process_request /opt/stack/glance/glance/api/middleware/version_negotiation.py:69}}
Nov 28 05:28:33 ubuntu devstack@g-api.service[118313]: DEBUG glance.api.middleware.version_negotiation [None req-784d721b-5e92-491e-8d37-f2ca770754f4 tempest-ImageDependencyTests-1547512657 tempest-ImageDependencyTests-1547512657-project-member] new path /v2/images/23953e7e-27c5-437e-a1e7-35a5f7bb8b37 {{(pid=118313) process_request /opt/stack/glance/glance/api/middleware/version_negotiation.py:70}}
Nov 28 05:28:33 ubuntu devstack@g-api.service[118313]: [pid: 118313|app: 0|req: 27/55] 127.0.0.1 () {42 vars in 1045 bytes} [Thu Nov 28 05:28:33 2024] GET /v2/images/23953e7e-27c5-437e-a1e7-35a5f7bb8b37 => generated 807 bytes in 14 msecs (HTTP/1.1 200) 4 headers in 157 bytes (1 switches on core 0)
Nov 28 05:28:33 ubuntu devstack@g-api.service[118314]: DEBUG glance.api.middleware.version_negotiation [None req-784d721b-5e92-491e-8d37-f2ca770754f4 tempest-ImageDependencyTests-1547512657 tempest-ImageDependencyTests-1547512657-project-member] Determining version of request: GET /v2/schemas/image Accept: */* {{(pid=118314) process_request /opt/stack/glance/glance/api/middleware/version_negotiation.py:44}}
Nov 28 05:28:33 ubuntu devstack@g-api.service[118314]: DEBUG glance.api.middleware.version_negotiation [None req-784d721b-5e92-491e-8d37-f2ca770754f4 tempest-ImageDependencyTests-1547512657 tempest-ImageDependencyTests-1547512657-project-member] Using url versioning {{(pid=118314) process_request /opt/stack/glance/glance/api/middleware/version_negotiation.py:57}}
Nov 28 05:28:33 ubuntu devstack@g-api.service[118314]: DEBUG glance.api.middleware.version_negotiation [None req-784d721b-5e92-491e-8d37-f2ca770754f4 tempest-ImageDependencyTests-1547512657 tempest-ImageDependencyTests-1547512657-project-member] Matched version: v2 {{(pid=118314) process_request /opt/stack/glance/glance/api/middleware/version_negotiation.py:69}}
Nov 28 05:28:33 ubuntu devstack@g-api.service[118314]: DEBUG glance.api.middleware.version_negotiation [None req-784d721b-5e92-491e-8d37-f2ca770754f4 tempest-ImageDependencyTests-1547512657 tempest-ImageDependencyTests-1547512657-project-member] new path /v2/schemas/image {{(pid=118314) process_request /opt/stack/glance/glance/api/middleware/version_negotiation.py:70}}
Nov 28 05:28:33 ubuntu devstack@g-api.service[118314]: [pid: 118314|app: 0|req: 29/56] 127.0.0.1 () {42 vars in 985 bytes} [Thu Nov 28 05:28:33 2024] GET /v2/schemas/image => generated 6083 bytes in 7 msecs (HTTP/1.1 200) 4 headers in 158 bytes (1 switches on core 0)
Nov 28 05:28:33 ubuntu devstack@g-api.service[118313]: DEBUG glance.api.middleware.version_negotiation [None req-784d721b-5e92-491e-8d37-f2ca770754f4 tempest-ImageDependencyTests-1547512657 tempest-ImageDependencyTests-1547512657-project-member] Determining version of request: GET /v2/schemas/image Accept: */* {{(pid=118313) process_request /opt/stack/glance/glance/api/middleware/version_negotiation.py:44}}
Nov 28 05:28:33 ubuntu devstack@g-api.service[118313]: DEBUG glance.api.middleware.version_negotiation [None req-784d721b-5e92-491e-8d37-f2ca770754f4 tempest-ImageDependencyTests-1547512657 tempest-ImageDependencyTests-1547512657-project-member] Using url versioning {{(pid=118313) process_request /opt/stack/glance/glance/api/middleware/version_negotiation.py:57}}
Nov 28 05:28:33 ubuntu devstack@g-api.service[118313]: DEBUG glance.api.middleware.version_negotiation [None req-784d721b-5e92-491e-8d37-f2ca770754f4 tempest-ImageDependencyTests-1547512657 tempest-ImageDependencyTests-1547512657-project-member] Matched version: v2 {{(pid=118313) process_request /opt/stack/glance/glance/api/middleware/version_negotiation.py:69}}
Nov 28 05:28:33 ubuntu devstack@g-api.service[118313]: DEBUG glance.api.middleware.version_negotiation [None req-784d721b-5e92-491e-8d37-f2ca770754f4 tempest-ImageDependencyTests-1547512657 tempest-ImageDependencyTests-1547512657-project-member] new path /v2/schemas/image {{(pid=118313) process_request /opt/stack/glance/glance/api/middleware/version_negotiation.py:70}}
Nov 28 05:28:33 ubuntu devstack@g-api.service[118313]: [pid: 118313|app: 0|req: 28/57] 127.0.0.1 () {42 vars in 985 bytes} [Thu Nov 28 05:28:33 2024] GET /v2/schemas/image => generated 6083 bytes in 3 msecs (HTTP/1.1 200) 4 headers in 158 bytes (1 switches on core 0)
Nov 28 05:28:33 ubuntu devstack@g-api.service[118314]: DEBUG glance.api.middleware.version_negotiation [None req-784d721b-5e92-491e-8d37-f2ca770754f4 tempest-ImageDependencyTests-1547512657 tempest-ImageDependencyTests-1547512657-project-member] Determining version of request: GET /v2/images/23953e7e-27c5-437e-a1e7-35a5f7bb8b37 Accept: */* {{(pid=118314) process_request /opt/stack/glance/glance/api/middleware/version_negotiation.py:44}}
Nov 28 05:28:33 ubuntu devstack@g-api.service[118314]: DEBUG glance.api.middleware.version_negotiation [None req-784d721b-5e92-491e-8d37-f2ca770754f4 tempest-ImageDependencyTests-1547512657 tempest-ImageDependencyTests-1547512657-project-member] Using url versioning {{(pid=118314) process_request /opt/stack/glance/glance/api/middleware/version_negotiation.py:57}}
Nov 28 05:28:33 ubuntu devstack@g-api.service[118314]: DEBUG glance.api.middleware.version_negotiation [None req-784d721b-5e92-491e-8d37-f2ca770754f4 tempest-ImageDependencyTests-1547512657 tempest-ImageDependencyTests-1547512657-project-member] Matched version: v2 {{(pid=118314) process_request /opt/stack/glance/glance/api/middleware/version_negotiation.py:69}}
Nov 28 05:28:33 ubuntu devstack@g-api.service[118314]: DEBUG glance.api.middleware.version_negotiation [None req-784d721b-5e92-491e-8d37-f2ca770754f4 tempest-ImageDependencyTests-1547512657 tempest-ImageDependencyTests-1547512657-project-member] new path /v2/images/23953e7e-27c5-437e-a1e7-35a5f7bb8b37 {{(pid=118314) process_request /opt/stack/glance/glance/api/middleware/version_negotiation.py:70}}
Nov 28 05:28:33 ubuntu devstack@g-api.service[118314]: [pid: 118314|app: 0|req: 30/58] 127.0.0.1 () {42 vars in 1045 bytes} [Thu Nov 28 05:28:33 2024] GET /v2/images/23953e7e-27c5-437e-a1e7-35a5f7bb8b37 => generated 807 bytes in 18 msecs (HTTP/1.1 200) 4 headers in 157 bytes (1 switches on core 0)
Nov 28 05:28:33 ubuntu devstack@g-api.service[118313]: DEBUG glance.api.middleware.version_negotiation [None req-784d721b-5e92-491e-8d37-f2ca770754f4 tempest-ImageDependencyTests-1547512657 tempest-ImageDependencyTests-1547512657-project-member] Determining version of request: GET /v2/images/23953e7e-27c5-437e-a1e7-35a5f7bb8b37/file Accept: */* {{(pid=118313) process_request /opt/stack/glance/glance/api/middleware/version_negotiation.py:44}}
Nov 28 05:28:33 ubuntu devstack@g-api.service[118313]: DEBUG glance.api.middleware.version_negotiation [None req-784d721b-5e92-491e-8d37-f2ca770754f4 tempest-ImageDependencyTests-1547512657 tempest-ImageDependencyTests-1547512657-project-member] Using url versioning {{(pid=118313) process_request /opt/stack/glance/glance/api/middleware/version_negotiation.py:57}}
Nov 28 05:28:33 ubuntu devstack@g-api.service[118313]: DEBUG glance.api.middleware.version_negotiation [None req-784d721b-5e92-491e-8d37-f2ca770754f4 tempest-ImageDependencyTests-1547512657 tempest-ImageDependencyTests-1547512657-project-member] Matched version: v2 {{(pid=118313) process_request /opt/stack/glance/glance/api/middleware/version_negotiation.py:69}}
Nov 28 05:28:33 ubuntu devstack@g-api.service[118313]: DEBUG glance.api.middleware.version_negotiation [None req-784d721b-5e92-491e-8d37-f2ca770754f4 tempest-ImageDependencyTests-1547512657 tempest-ImageDependencyTests-1547512657-project-member] new path /v2/images/23953e7e-27c5-437e-a1e7-35a5f7bb8b37/file {{(pid=118313) process_request /opt/stack/glance/glance/api/middleware/version_negotiation.py:70}}
Nov 28 05:28:33 ubuntu devstack@g-api.service[118313]: DEBUG glance.api.middleware.cache [None req-784d721b-5e92-491e-8d37-f2ca770754f4 tempest-ImageDependencyTests-1547512657 tempest-ImageDependencyTests-1547512657-project-member] Cache hit for image '23953e7e-27c5-437e-a1e7-35a5f7bb8b37' {{(pid=118313) process_request /opt/stack/glance/glance/api/middleware/cache.py:160}}
Nov 28 05:28:33 ubuntu devstack@g-api.service[118314]: DEBUG glance.api.middleware.version_negotiation [None req-784d721b-5e92-491e-8d37-f2ca770754f4 tempest-ImageDependencyTests-1547512657 tempest-ImageDependencyTests-1547512657-project-member] Determining version of request: GET /v2/images/23953e7e-27c5-437e-a1e7-35a5f7bb8b37 Accept: */* {{(pid=118314) process_request /opt/stack/glance/glance/api/middleware/version_negotiation.py:44}}
Nov 28 05:28:33 ubuntu devstack@g-api.service[118314]: DEBUG glance.api.middleware.version_negotiation [None req-784d721b-5e92-491e-8d37-f2ca770754f4 tempest-ImageDependencyTests-1547512657 tempest-ImageDependencyTests-1547512657-project-member] Using url versioning {{(pid=118314) process_request /opt/stack/glance/glance/api/middleware/version_negotiation.py:57}}
Nov 28 05:28:33 ubuntu devstack@g-api.service[118314]: DEBUG glance.api.middleware.version_negotiation [None req-784d721b-5e92-491e-8d37-f2ca770754f4 tempest-ImageDependencyTests-1547512657 tempest-ImageDependencyTests-1547512657-project-member] Matched version: v2 {{(pid=118314) process_request /opt/stack/glance/glance/api/middleware/version_negotiation.py:69}}
Nov 28 05:28:33 ubuntu devstack@g-api.service[118314]: DEBUG glance.api.middleware.version_negotiation [None req-784d721b-5e92-491e-8d37-f2ca770754f4 tempest-ImageDependencyTests-1547512657 tempest-ImageDependencyTests-1547512657-project-member] new path /v2/images/23953e7e-27c5-437e-a1e7-35a5f7bb8b37 {{(pid=118314) process_request /opt/stack/glance/glance/api/middleware/version_negotiation.py:70}}
Nov 28 05:28:33 ubuntu devstack@g-api.service[118313]: [pid: 118313|app: 0|req: 29/59] 127.0.0.1 () {42 vars in 1055 bytes} [Thu Nov 28 05:28:33 2024] GET /v2/images/23953e7e-27c5-437e-a1e7-35a5f7bb8b37/file => generated 1024 bytes in 30 msecs (HTTP/1.1 200) 5 headers in 213 bytes (1 switches on core 0)
Nov 28 05:28:33 ubuntu devstack@g-api.service[118314]: [pid: 118314|app: 0|req: 31/60] 127.0.0.1 () {42 vars in 1045 bytes} [Thu Nov 28 05:28:33 2024] GET /v2/images/23953e7e-27c5-437e-a1e7-35a5f7bb8b37 => generated 807 bytes in 11 msecs (HTTP/1.1 200) 4 headers in 157 bytes (1 switches on core 0)
Nov 28 05:28:33 ubuntu devstack@g-api.service[118313]: DEBUG glance.api.middleware.version_negotiation [None req-784d721b-5e92-491e-8d37-f2ca770754f4 tempest-ImageDependencyTests-1547512657 tempest-ImageDependencyTests-1547512657-project-member] Determining version of request: GET /v2/schemas/image Accept: */* {{(pid=118313) process_request /opt/stack/glance/glance/api/middleware/version_negotiation.py:44}}
Nov 28 05:28:33 ubuntu devstack@g-api.service[118313]: DEBUG glance.api.middleware.version_negotiation [None req-784d721b-5e92-491e-8d37-f2ca770754f4 tempest-ImageDependencyTests-1547512657 tempest-ImageDependencyTests-1547512657-project-member] Using url versioning {{(pid=118313) process_request /opt/stack/glance/glance/api/middleware/version_negotiation.py:57}}
Nov 28 05:28:33 ubuntu devstack@g-api.service[118313]: DEBUG glance.api.middleware.version_negotiation [None req-784d721b-5e92-491e-8d37-f2ca770754f4 tempest-ImageDependencyTests-1547512657 tempest-ImageDependencyTests-1547512657-project-member] Matched version: v2 {{(pid=118313) process_request /opt/stack/glance/glance/api/middleware/version_negotiation.py:69}}
Nov 28 05:28:33 ubuntu devstack@g-api.service[118313]: DEBUG glance.api.middleware.version_negotiation [None req-784d721b-5e92-491e-8d37-f2ca770754f4 tempest-ImageDependencyTests-1547512657 tempest-ImageDependencyTests-1547512657-project-member] new path /v2/schemas/image {{(pid=118313) process_request /opt/stack/glance/glance/api/middleware/version_negotiation.py:70}}
Nov 28 05:28:33 ubuntu devstack@g-api.service[118313]: [pid: 118313|app: 0|req: 30/61] 127.0.0.1 () {42 vars in 985 bytes} [Thu Nov 28 05:28:33 2024] GET /v2/schemas/image => generated 6083 bytes in 3 msecs (HTTP/1.1 200) 4 headers in 158 bytes (1 switches on core 0)
Nov 28 05:28:34 ubuntu devstack@g-api.service[118314]: DEBUG glance.api.middleware.version_negotiation [None req-784d721b-5e92-491e-8d37-f2ca770754f4 tempest-ImageDependencyTests-1547512657 tempest-ImageDependencyTests-1547512657-project-member] Determining version of request: GET /v2/images/23953e7e-27c5-437e-a1e7-35a5f7bb8b37 Accept: */* {{(pid=118314) process_request /opt/stack/glance/glance/api/middleware/version_negotiation.py:44}}
Nov 28 05:28:34 ubuntu devstack@g-api.service[118314]: DEBUG glance.api.middleware.version_negotiation [None req-784d721b-5e92-491e-8d37-f2ca770754f4 tempest-ImageDependencyTests-1547512657 tempest-ImageDependencyTests-1547512657-project-member] Using url versioning {{(pid=118314) process_request /opt/stack/glance/glance/api/middleware/version_negotiation.py:57}}
Nov 28 05:28:34 ubuntu devstack@g-api.service[118314]: DEBUG glance.api.middleware.version_negotiation [None req-784d721b-5e92-491e-8d37-f2ca770754f4 tempest-ImageDependencyTests-1547512657 tempest-ImageDependencyTests-1547512657-project-member] Matched version: v2 {{(pid=118314) process_request /opt/stack/glance/glance/api/middleware/version_negotiation.py:69}}
Nov 28 05:28:34 ubuntu devstack@g-api.service[118314]: DEBUG glance.api.middleware.version_negotiation [None req-784d721b-5e92-491e-8d37-f2ca770754f4 tempest-ImageDependencyTests-1547512657 tempest-ImageDependencyTests-1547512657-project-member] new path /v2/images/23953e7e-27c5-437e-a1e7-35a5f7bb8b37 {{(pid=118314) process_request /opt/stack/glance/glance/api/middleware/version_negotiation.py:70}}
Nov 28 05:28:34 ubuntu devstack@g-api.service[118314]: [pid: 118314|app: 0|req: 32/62] 127.0.0.1 () {42 vars in 1045 bytes} [Thu Nov 28 05:28:34 2024] GET /v2/images/23953e7e-27c5-437e-a1e7-35a5f7bb8b37 => generated 807 bytes in 28 msecs (HTTP/1.1 200) 4 headers in 157 bytes (1 switches on core 0)
Nov 28 05:28:34 ubuntu devstack@g-api.service[118313]: DEBUG glance.api.middleware.version_negotiation [None req-784d721b-5e92-491e-8d37-f2ca770754f4 tempest-ImageDependencyTests-1547512657 tempest-ImageDependencyTests-1547512657-project-member] Determining version of request: GET /v2/schemas/image Accept: */* {{(pid=118313) process_request /opt/stack/glance/glance/api/middleware/version_negotiation.py:44}}
Nov 28 05:28:34 ubuntu devstack@g-api.service[118313]: DEBUG glance.api.middleware.version_negotiation [None req-784d721b-5e92-491e-8d37-f2ca770754f4 tempest-ImageDependencyTests-1547512657 tempest-ImageDependencyTests-1547512657-project-member] Using url versioning {{(pid=118313) process_request /opt/stack/glance/glance/api/middleware/version_negotiation.py:57}}
Nov 28 05:28:34 ubuntu devstack@g-api.service[118313]: DEBUG glance.api.middleware.version_negotiation [None req-784d721b-5e92-491e-8d37-f2ca770754f4 tempest-ImageDependencyTests-1547512657 tempest-ImageDependencyTests-1547512657-project-member] Matched version: v2 {{(pid=118313) process_request /opt/stack/glance/glance/api/middleware/version_negotiation.py:69}}
Nov 28 05:28:34 ubuntu devstack@g-api.service[118313]: DEBUG glance.api.middleware.version_negotiation [None req-784d721b-5e92-491e-8d37-f2ca770754f4 tempest-ImageDependencyTests-1547512657 tempest-ImageDependencyTests-1547512657-project-member] new path /v2/schemas/image {{(pid=118313) process_request /opt/stack/glance/glance/api/middleware/version_negotiation.py:70}}
Nov 28 05:28:34 ubuntu devstack@g-api.service[118313]: [pid: 118313|app: 0|req: 31/63] 127.0.0.1 () {42 vars in 985 bytes} [Thu Nov 28 05:28:34 2024] GET /v2/schemas/image => generated 6083 bytes in 7 msecs (HTTP/1.1 200) 4 headers in 158 bytes (1 switches on core 0)
Nov 28 05:28:35 ubuntu devstack@g-api.service[118314]: DEBUG glance.api.middleware.version_negotiation [None req-784d721b-5e92-491e-8d37-f2ca770754f4 tempest-ImageDependencyTests-1547512657 tempest-ImageDependencyTests-1547512657-project-member] Determining version of request: DELETE /v2/images/23953e7e-27c5-437e-a1e7-35a5f7bb8b37 Accept: application/json {{(pid=118314) process_request /opt/stack/glance/glance/api/middleware/version_negotiation.py:44}}
Nov 28 05:28:35 ubuntu devstack@g-api.service[118314]: DEBUG glance.api.middleware.version_negotiation [None req-784d721b-5e92-491e-8d37-f2ca770754f4 tempest-ImageDependencyTests-1547512657 tempest-ImageDependencyTests-1547512657-project-member] Using url versioning {{(pid=118314) process_request /opt/stack/glance/glance/api/middleware/version_negotiation.py:57}}
Nov 28 05:28:35 ubuntu devstack@g-api.service[118314]: DEBUG glance.api.middleware.version_negotiation [None req-784d721b-5e92-491e-8d37-f2ca770754f4 tempest-ImageDependencyTests-1547512657 tempest-ImageDependencyTests-1547512657-project-member] Matched version: v2 {{(pid=118314) process_request /opt/stack/glance/glance/api/middleware/version_negotiation.py:69}}
Nov 28 05:28:35 ubuntu devstack@g-api.service[118314]: DEBUG glance.api.middleware.version_negotiation [None req-784d721b-5e92-491e-8d37-f2ca770754f4 tempest-ImageDependencyTests-1547512657 tempest-ImageDependencyTests-1547512657-project-member] new path /v2/images/23953e7e-27c5-437e-a1e7-35a5f7bb8b37 {{(pid=118314) process_request /opt/stack/glance/glance/api/middleware/version_negotiation.py:70}}
Nov 28 05:28:36 ubuntu devstack@g-api.service[118314]: WARNING glance.api.v2.images [None req-086e67e2-dc99-4cb1-be52-b76eb78d00a6 tempest-ImageDependencyTests-1547512657 tempest-ImageDependencyTests-1547512657-project-member] After upload to backend, deletion of staged image data has failed because it cannot be found at /tmp/staging//23953e7e-27c5-437e-a1e7-35a5f7bb8b37
Nov 28 05:28:36 ubuntu devstack@g-api.service[118314]: DEBUG glance_store.backend [None req-086e67e2-dc99-4cb1-be52-b76eb78d00a6 tempest-ImageDependencyTests-1547512657 tempest-ImageDependencyTests-1547512657-project-member] Attempting to import store swift {{(pid=118314) _load_store /opt/stack/data/venv/lib/python3.10/site-packages/glance_store/backend.py:216}}
Nov 28 05:28:36 ubuntu devstack@g-api.service[118314]: DEBUG glance_store.capabilities [None req-086e67e2-dc99-4cb1-be52-b76eb78d00a6 tempest-ImageDependencyTests-1547512657 tempest-ImageDependencyTests-1547512657-project-member] Store glance_store._drivers.swift.store.SingleTenantStore doesn't support updating dynamic storage capabilities. Please overwrite 'update_capabilities' method of the store to implement updating logics if needed. {{(pid=118314) update_capabilities /opt/stack/data/venv/lib/python3.10/site-packages/glance_store/capabilities.py:91}}
Nov 28 05:28:36 ubuntu devstack@g-api.service[118314]: DEBUG glance_store.driver [None req-086e67e2-dc99-4cb1-be52-b76eb78d00a6 tempest-ImageDependencyTests-1547512657 tempest-ImageDependencyTests-1547512657-project-member] Late loading location class glance_store._drivers.swift.store.StoreLocation {{(pid=118314) get_store_location_class /opt/stack/data/venv/lib/python3.10/site-packages/glance_store/driver.py:133}}
Nov 28 05:28:36 ubuntu devstack@g-api.service[118314]: DEBUG glance_store.location [None req-086e67e2-dc99-4cb1-be52-b76eb78d00a6 tempest-ImageDependencyTests-1547512657 tempest-ImageDependencyTests-1547512657-project-member] Registering scheme swift+https with {'store': <glance_store._drivers.swift.store.SingleTenantStore object at 0x7fe4df21c1f0>, 'location_class': <class 'glance_store._drivers.swift.store.StoreLocation'>, 'store_entry': 'swift'} {{(pid=118314) register_scheme_map /opt/stack/data/venv/lib/python3.10/site-packages/glance_store/location.py:146}}
Nov 28 05:28:36 ubuntu devstack@g-api.service[118314]: DEBUG glance_store.location [None req-086e67e2-dc99-4cb1-be52-b76eb78d00a6 tempest-ImageDependencyTests-1547512657 tempest-ImageDependencyTests-1547512657-project-member] Registering scheme swift+https with {'store': <glance_store._drivers.swift.store.SingleTenantStore object at 0x7fe4df21c1f0>, 'location_class': <class 'glance_store._drivers.swift.store.StoreLocation'>, 'store_entry': 'swift'} {{(pid=118314) register_scheme_map /opt/stack/data/venv/lib/python3.10/site-packages/glance_store/location.py:146}}
Nov 28 05:28:36 ubuntu devstack@g-api.service[118314]: DEBUG glance_store.location [None req-086e67e2-dc99-4cb1-be52-b76eb78d00a6 tempest-ImageDependencyTests-1547512657 tempest-ImageDependencyTests-1547512657-project-member] Registering scheme swift with {'store': <glance_store._drivers.swift.store.SingleTenantStore object at 0x7fe4df21c1f0>, 'location_class': <class 'glance_store._drivers.swift.store.StoreLocation'>, 'store_entry': 'swift'} {{(pid=118314) register_scheme_map /opt/stack/data/venv/lib/python3.10/site-packages/glance_store/location.py:146}}
Nov 28 05:28:36 ubuntu devstack@g-api.service[118314]: DEBUG glance_store.location [None req-086e67e2-dc99-4cb1-be52-b76eb78d00a6 tempest-ImageDependencyTests-1547512657 tempest-ImageDependencyTests-1547512657-project-member] Registering scheme swift+https with {'store': <glance_store._drivers.swift.store.SingleTenantStore object at 0x7fe4df21c1f0>, 'location_class': <class 'glance_store._drivers.swift.store.StoreLocation'>, 'store_entry': 'swift'} {{(pid=118314) register_scheme_map /opt/stack/data/venv/lib/python3.10/site-packages/glance_store/location.py:146}}
Nov 28 05:28:36 ubuntu devstack@g-api.service[118314]: DEBUG glance_store.location [None req-086e67e2-dc99-4cb1-be52-b76eb78d00a6 tempest-ImageDependencyTests-1547512657 tempest-ImageDependencyTests-1547512657-project-member] Registering scheme swift with {'store': <glance_store._drivers.swift.store.SingleTenantStore object at 0x7fe4df21c1f0>, 'location_class': <class 'glance_store._drivers.swift.store.StoreLocation'>, 'store_entry': 'swift'} {{(pid=118314) register_scheme_map /opt/stack/data/venv/lib/python3.10/site-packages/glance_store/location.py:146}}
Nov 28 05:28:36 ubuntu devstack@g-api.service[118314]: DEBUG glance_store.location [None req-086e67e2-dc99-4cb1-be52-b76eb78d00a6 tempest-ImageDependencyTests-1547512657 tempest-ImageDependencyTests-1547512657-project-member] Registering scheme swift+http with {'store': <glance_store._drivers.swift.store.SingleTenantStore object at 0x7fe4df21c1f0>, 'location_class': <class 'glance_store._drivers.swift.store.StoreLocation'>, 'store_entry': 'swift'} {{(pid=118314) register_scheme_map /opt/stack/data/venv/lib/python3.10/site-packages/glance_store/location.py:146}}
Nov 28 05:28:36 ubuntu devstack@g-api.service[118314]: DEBUG glance_store.location [None req-086e67e2-dc99-4cb1-be52-b76eb78d00a6 tempest-ImageDependencyTests-1547512657 tempest-ImageDependencyTests-1547512657-project-member] Registering scheme swift+https with {'store': <glance_store._drivers.swift.store.SingleTenantStore object at 0x7fe4df21c1f0>, 'location_class': <class 'glance_store._drivers.swift.store.StoreLocation'>, 'store_entry': 'swift'} {{(pid=118314) register_scheme_map /opt/stack/data/venv/lib/python3.10/site-packages/glance_store/location.py:146}}
Nov 28 05:28:36 ubuntu devstack@g-api.service[118314]: DEBUG glance_store.location [None req-086e67e2-dc99-4cb1-be52-b76eb78d00a6 tempest-ImageDependencyTests-1547512657 tempest-ImageDependencyTests-1547512657-project-member] Registering scheme swift with {'store': <glance_store._drivers.swift.store.SingleTenantStore object at 0x7fe4df21c1f0>, 'location_class': <class 'glance_store._drivers.swift.store.StoreLocation'>, 'store_entry': 'swift'} {{(pid=118314) register_scheme_map /opt/stack/data/venv/lib/python3.10/site-packages/glance_store/location.py:146}}
Nov 28 05:28:36 ubuntu devstack@g-api.service[118314]: DEBUG glance_store.location [None req-086e67e2-dc99-4cb1-be52-b76eb78d00a6 tempest-ImageDependencyTests-1547512657 tempest-ImageDependencyTests-1547512657-project-member] Registering scheme swift+http with {'store': <glance_store._drivers.swift.store.SingleTenantStore object at 0x7fe4df21c1f0>, 'location_class': <class 'glance_store._drivers.swift.store.StoreLocation'>, 'store_entry': 'swift'} {{(pid=118314) register_scheme_map /opt/stack/data/venv/lib/python3.10/site-packages/glance_store/location.py:146}}
Nov 28 05:28:36 ubuntu devstack@g-api.service[118314]: DEBUG glance_store.location [None req-086e67e2-dc99-4cb1-be52-b76eb78d00a6 tempest-ImageDependencyTests-1547512657 tempest-ImageDependencyTests-1547512657-project-member] Registering scheme swift+config with {'store': <glance_store._drivers.swift.store.SingleTenantStore object at 0x7fe4df21c1f0>, 'location_class': <class 'glance_store._drivers.swift.store.StoreLocation'>, 'store_entry': 'swift'} {{(pid=118314) register_scheme_map /opt/stack/data/venv/lib/python3.10/site-packages/glance_store/location.py:146}}
Nov 28 05:28:36 ubuntu devstack@g-api.service[118314]: DEBUG keystoneclient.auth.identity.v3.base [None req-086e67e2-dc99-4cb1-be52-b76eb78d00a6 tempest-ImageDependencyTests-1547512657 tempest-ImageDependencyTests-1547512657-project-member] Making authentication request to http://10.201.5.82/identity/v3/auth/tokens {{(pid=118314) get_auth_ref /opt/stack/data/venv/lib/python3.10/site-packages/keystoneclient/auth/identity/v3/base.py:185}}
Nov 28 05:28:36 ubuntu devstack@g-api.service[118314]: DEBUG keystoneclient.auth.identity.v3.base [None req-086e67e2-dc99-4cb1-be52-b76eb78d00a6 tempest-ImageDependencyTests-1547512657 tempest-ImageDependencyTests-1547512657-project-member] {"token": {"methods": ["password"], "user": {"domain": {"id": "default", "name": "Default"}, "id": "d312129197674669ad53ba465db0f57e", "name": "glance-swift", "password_expires_at": null}, "audit_ids": ["4Bn6_hC1TECuSCbqKoqfLg"], "expires_at": "2024-11-28T06:28:36.000000Z", "issued_at": "2024-11-28T05:28:36.000000Z", "project": {"domain": {"id": "default", "name": "Default"}, "id": "2face89d6254407e87163e5c91cb7ba4", "name": "service"}, "is_domain": false, "roles": [{"id": "6de727f7606a4b7e9782e7c8f19f2c47", "name": "service"}, {"id": "95ffcf33262a415c89f963f9221f28ff", "name": "ResellerAdmin"}], "catalog": [{"endpoints": [{"id": "3dda5a73ba144d42a92a67f2c6a7cfda", "interface": "public", "region_id": "RegionOne", "url": "http://10.201.5.82/identity", "region": "RegionOne"}], "id": "01b1b3d501da4a899a35f416e1050c93", "type": "identity", "name": "keystone"}, {"endpoints": [{"id": "ca9b5afdbe5f45d09428301e32999d01", "interface": "public", "region_id": "RegionOne", "url": "http://10.201.5.82/placement", "region": "RegionOne"}], "id": "04202e37a5454a9e9eed5ab013a39959", "type": "placement", "name": "placement"}, {"endpoints": [{"id": "9af85b09548941168b04bf2998354ea3", "interface": "admin", "region_id": "RegionOne", "url": "http://10.201.5.82:8080", "region": "RegionOne"}, {"id": "f43061898cde4fa9963ceec0c2eef67c", "interface": "public", "region_id": "RegionOne", "url": "http://10.201.5.82:8080/v1/AUTH_2face89d6254407e87163e5c91cb7ba4", "region": "RegionOne"}], "id": "41eb10fb1a62487296b5263357fb6614", "type": "object-store", "name": "swift"}, {"endpoints": [{"id": "d3f1a1ed758a4ad89b3ba004e92c5fec", "interface": "public", "region_id": "RegionOne", "url": "http://10.201.5.82:9696/networking", "region": "RegionOne"}], "id": "6f440b8e0fae47cb9455359a3570ffc9", "type": "network", "name": "neutron"}, {"endpoints": [{"id": "386f6957ce924a9c89fee2d1e4530c5c", "interface": "public", "region_id": "RegionOne", "url": "http://10.201.5.82/image", "region": "RegionOne"}], "id": "92639d065e9941298748d5f686d602fe", "type": "image", "name": "glance"}, {"endpoints": [{"id": "892e22aa461b40b899364df081067fd0", "interface": "public", "region_id": "RegionOne", "url": "http://10.201.5.82/compute/v2.1", "region": "RegionOne"}], "id": "9dcd6c92ead54419b105b0ddbd4d8de2", "type": "compute", "name": "nova"}, {"endpoints": [{"id": "61720ce2a93f42fcbf171a37c4929f0b", "interface": "public", "region_id": "RegionOne", "url": "http://10.201.5.82/compute/v2/2face89d6254407e87163e5c91cb7ba4", "region": "RegionOne"}], "id": "d250cf8b44d44177b86e2ec332e4b2ec", "type": "compute_legacy", "name": "nova_legacy"}, {"endpoints": [{"id": "c88190ae9fdc4edb9b413f189eef6cb7", "interface": "public", "region_id": "RegionOne", "url": "http://10.201.5.82/volume/v3", "region": "RegionOne"}], "id": "d48b42977f354bb59f1c3983769eb211", "type": "block-storage", "name": "cinder"}]}} {{(pid=118314) get_auth_ref /opt/stack/data/venv/lib/python3.10/site-packages/keystoneclient/auth/identity/v3/base.py:190}}
Nov 28 05:28:36 ubuntu devstack@g-api.service[118314]: DEBUG keystoneclient.httpclient [None req-086e67e2-dc99-4cb1-be52-b76eb78d00a6 tempest-ImageDependencyTests-1547512657 tempest-ImageDependencyTests-1547512657-project-member] Failed to find endpoint for management url admin endpoint for identity service not found {{(pid=118314) _process_management_url /opt/stack/data/venv/lib/python3.10/site-packages/keystoneclient/httpclient.py:670}}
Nov 28 05:28:36 ubuntu devstack@g-api.service[118314]: DEBUG swiftclient [None req-086e67e2-dc99-4cb1-be52-b76eb78d00a6 tempest-ImageDependencyTests-1547512657 tempest-ImageDependencyTests-1547512657-project-member] REQ: curl -i http://10.201.5.82:8080/v1/AUTH_2face89d6254407e87163e5c91cb7ba4/glance/23953e7e-27c5-437e-a1e7-35a5f7bb8b37 -I -H "X-Auth-Token: gAAAAABnR_-E-BFF..." {{(pid=118314) http_log /opt/stack/data/venv/lib/python3.10/site-packages/swiftclient/client.py:160}}
Nov 28 05:28:36 ubuntu devstack@g-api.service[118314]: DEBUG swiftclient [None req-086e67e2-dc99-4cb1-be52-b76eb78d00a6 tempest-ImageDependencyTests-1547512657 tempest-ImageDependencyTests-1547512657-project-member] RESP STATUS: 200 OK {{(pid=118314) http_log /opt/stack/data/venv/lib/python3.10/site-packages/swiftclient/client.py:161}}
Nov 28 05:28:36 ubuntu devstack@g-api.service[118314]: DEBUG swiftclient [None req-086e67e2-dc99-4cb1-be52-b76eb78d00a6 tempest-ImageDependencyTests-1547512657 tempest-ImageDependencyTests-1547512657-project-member] RESP HEADERS: {'Content-Type': 'application/octet-stream', 'Content-Length': '1024', 'Etag': 'a019aa4eafcd7bc1a1016a4180196402', 'Last-Modified': 'Thu, 28 Nov 2024 05:28:30 GMT', 'X-Timestamp': '1732771709.00941', 'Accept-Ranges': 'bytes', 'X-Trans-Id': 'tx8d0a0a77a1ec4035bd7a7-006747ff84', 'X-Openstack-Request-Id': 'tx8d0a0a77a1ec4035bd7a7-006747ff84', 'Date': 'Thu, 28 Nov 2024 05:28:36 GMT'} {{(pid=118314) http_log /opt/stack/data/venv/lib/python3.10/site-packages/swiftclient/client.py:162}}
Nov 28 05:28:36 ubuntu devstack@g-api.service[118314]: DEBUG swiftclient [None req-086e67e2-dc99-4cb1-be52-b76eb78d00a6 tempest-ImageDependencyTests-1547512657 tempest-ImageDependencyTests-1547512657-project-member] REQ: curl -i http://10.201.5.82:8080/v1/AUTH_2face89d6254407e87163e5c91cb7ba4/glance/23953e7e-27c5-437e-a1e7-35a5f7bb8b37 DELETE -H "X-Auth-Token: gAAAAABnR_-E-BFF..." {{(pid=118314) http_log /opt/stack/data/venv/lib/python3.10/site-packages/swiftclient/client.py:160}}
Nov 28 05:28:36 ubuntu devstack@g-api.service[118314]: DEBUG swiftclient [None req-086e67e2-dc99-4cb1-be52-b76eb78d00a6 tempest-ImageDependencyTests-1547512657 tempest-ImageDependencyTests-1547512657-project-member] RESP STATUS: 204 No Content {{(pid=118314) http_log /opt/stack/data/venv/lib/python3.10/site-packages/swiftclient/client.py:161}}
Nov 28 05:28:36 ubuntu devstack@g-api.service[118314]: DEBUG swiftclient [None req-086e67e2-dc99-4cb1-be52-b76eb78d00a6 tempest-ImageDependencyTests-1547512657 tempest-ImageDependencyTests-1547512657-project-member] RESP HEADERS: {'Content-Type': 'text/html; charset=UTF-8', 'Content-Length': '0', 'X-Trans-Id': 'tx49b33b24e2c34362a24ee-006747ff84', 'X-Openstack-Request-Id': 'tx49b33b24e2c34362a24ee-006747ff84', 'Date': 'Thu, 28 Nov 2024 05:28:36 GMT'} {{(pid=118314) http_log /opt/stack/data/venv/lib/python3.10/site-packages/swiftclient/client.py:162}}
Nov 28 05:28:36 ubuntu devstack@g-api.service[118314]: DEBUG glance.api.middleware.cache [None req-086e67e2-dc99-4cb1-be52-b76eb78d00a6 tempest-ImageDependencyTests-1547512657 tempest-ImageDependencyTests-1547512657-project-member] Removing image 23953e7e-27c5-437e-a1e7-35a5f7bb8b37 from cache {{(pid=118314) _process_DELETE_response /opt/stack/glance/glance/api/middleware/cache.py:264}}
Nov 28 05:28:36 ubuntu devstack@g-api.service[118314]: DEBUG glance.image_cache.drivers.centralized_db [None req-086e67e2-dc99-4cb1-be52-b76eb78d00a6 tempest-ImageDependencyTests-1547512657 tempest-ImageDependencyTests-1547512657-project-member] Deleting image cache file '/opt/stack/data/glance/cache/23953e7e-27c5-437e-a1e7-35a5f7bb8b37' {{(pid=118314) delete_cached_file /opt/stack/glance/glance/image_cache/drivers/centralized_db.py:387}}
Nov 28 05:28:36 ubuntu devstack@g-api.service[118314]: [pid: 118314|app: 0|req: 33/64] 127.0.0.1 () {38 vars in 773 bytes} [Thu Nov 28 05:28:35 2024] DELETE /v2/images/23953e7e-27c5-437e-a1e7-35a5f7bb8b37 => generated 0 bytes in 183 msecs (HTTP/1.1 204) 4 headers in 171 bytes (1 switches on core 0)
Nov 28 05:28:36 ubuntu devstack@g-api.service[118313]: DEBUG glance.api.middleware.version_negotiation [None req-784d721b-5e92-491e-8d37-f2ca770754f4 tempest-ImageDependencyTests-1547512657 tempest-ImageDependencyTests-1547512657-project-member] Determining version of request: GET /v2/images/23953e7e-27c5-437e-a1e7-35a5f7bb8b37 Accept: application/json {{(pid=118313) process_request /opt/stack/glance/glance/api/middleware/version_negotiation.py:44}}
Nov 28 05:28:36 ubuntu devstack@g-api.service[118313]: DEBUG glance.api.middleware.version_negotiation [None req-784d721b-5e92-491e-8d37-f2ca770754f4 tempest-ImageDependencyTests-1547512657 tempest-ImageDependencyTests-1547512657-project-member] Using url versioning {{(pid=118313) process_request /opt/stack/glance/glance/api/middleware/version_negotiation.py:57}}
Nov 28 05:28:36 ubuntu devstack@g-api.service[118313]: DEBUG glance.api.middleware.version_negotiation [None req-784d721b-5e92-491e-8d37-f2ca770754f4 tempest-ImageDependencyTests-1547512657 tempest-ImageDependencyTests-1547512657-project-member] Matched version: v2 {{(pid=118313) process_request /opt/stack/glance/glance/api/middleware/version_negotiation.py:69}}
Nov 28 05:28:36 ubuntu devstack@g-api.service[118313]: DEBUG glance.api.middleware.version_negotiation [None req-784d721b-5e92-491e-8d37-f2ca770754f4 tempest-ImageDependencyTests-1547512657 tempest-ImageDependencyTests-1547512657-project-member] new path /v2/images/23953e7e-27c5-437e-a1e7-35a5f7bb8b37 {{(pid=118313) process_request /opt/stack/glance/glance/api/middleware/version_negotiation.py:70}}
Nov 28 05:28:36 ubuntu devstack@g-api.service[118313]: DEBUG glance.db.sqlalchemy.api [None req-f77f9580-1826-4bb6-b006-e86e2b52a7f8 tempest-ImageDependencyTests-1547512657 tempest-ImageDependencyTests-1547512657-project-member] No image found with ID 23953e7e-27c5-437e-a1e7-35a5f7bb8b37 {{(pid=118313) _image_get /opt/stack/glance/glance/db/sqlalchemy/api.py:309}}
Nov 28 05:28:36 ubuntu devstack@g-api.service[118313]: [pid: 118313|app: 0|req: 32/65] 127.0.0.1 () {38 vars in 770 bytes} [Thu Nov 28 05:28:36 2024] GET /v2/images/23953e7e-27c5-437e-a1e7-35a5f7bb8b37 => generated 139 bytes in 11 msecs (HTTP/1.1 404) 4 headers in 164 bytes (1 switches on core 0)
Nov 28 05:28:46 ubuntu devstack@g-api.service[118314]: DEBUG dbcounter [-] [118314] Writing DB stats glance:SELECT=52,glance:UPDATE=9,glance:INSERT=1,glance:DELETE=1 {{(pid=118314) stat_writer /opt/stack/data/venv/lib/python3.10/site-packages/dbcounter.py:115}}
Nov 28 05:28:46 ubuntu devstack@g-api.service[118313]: DEBUG dbcounter [-] [118313] Writing DB stats glance:SELECT=32,glance:INSERT=2,glance:UPDATE=1 {{(pid=118313) stat_writer /opt/stack/data/venv/lib/python3.10/site-packages/dbcounter.py:115}}
