Nov 29 02:15:52 ubuntu devstack@g-api.service[118417]: [pid: 118417|app: 0|req: 25/48] 127.0.0.1 () {42 vars in 1055 bytes} [Fri Nov 29 02:15:52 2024] GET /v2/images/5adf5fc5-eed5-4ab7-a66a-5b2413df8df8/file => generated 1024 bytes in 25 msecs (HTTP/1.1 200) 5 headers in 213 bytes (1 switches on core 0)
Nov 29 02:15:52 ubuntu devstack@g-api.service[118418]: DEBUG glance.api.middleware.version_negotiation [None req-4dbad8ed-fda7-4b4d-b71f-5eb12a9efebd tempest-ImageDependencyTests-1235080052 tempest-ImageDependencyTests-1235080052-project-member] Using url versioning {{(pid=118418) process_request /opt/stack/glance/glance/api/middleware/version_negotiation.py:57}}
Nov 29 02:15:52 ubuntu devstack@g-api.service[118418]: DEBUG glance.api.middleware.version_negotiation [None req-4dbad8ed-fda7-4b4d-b71f-5eb12a9efebd tempest-ImageDependencyTests-1235080052 tempest-ImageDependencyTests-1235080052-project-member] Matched version: v2 {{(pid=118418) process_request /opt/stack/glance/glance/api/middleware/version_negotiation.py:69}}
Nov 29 02:15:52 ubuntu devstack@g-api.service[118418]: DEBUG glance.api.middleware.version_negotiation [None req-4dbad8ed-fda7-4b4d-b71f-5eb12a9efebd tempest-ImageDependencyTests-1235080052 tempest-ImageDependencyTests-1235080052-project-member] new path /v2/images/5adf5fc5-eed5-4ab7-a66a-5b2413df8df8 {{(pid=118418) process_request /opt/stack/glance/glance/api/middleware/version_negotiation.py:70}}
Nov 29 02:15:52 ubuntu devstack@g-api.service[118418]: [pid: 118418|app: 0|req: 24/49] 127.0.0.1 () {42 vars in 1045 bytes} [Fri Nov 29 02:15:52 2024] GET /v2/images/5adf5fc5-eed5-4ab7-a66a-5b2413df8df8 => generated 808 bytes in 16 msecs (HTTP/1.1 200) 4 headers in 157 bytes (1 switches on core 0)
Nov 29 02:15:52 ubuntu devstack@g-api.service[118417]: DEBUG glance.api.middleware.version_negotiation [None req-4dbad8ed-fda7-4b4d-b71f-5eb12a9efebd tempest-ImageDependencyTests-1235080052 tempest-ImageDependencyTests-1235080052-project-member] Determining version of request: GET /v2/schemas/image Accept: */* {{(pid=118417) process_request /opt/stack/glance/glance/api/middleware/version_negotiation.py:44}}
Nov 29 02:15:52 ubuntu devstack@g-api.service[118417]: DEBUG glance.api.middleware.version_negotiation [None req-4dbad8ed-fda7-4b4d-b71f-5eb12a9efebd tempest-ImageDependencyTests-1235080052 tempest-ImageDependencyTests-1235080052-project-member] Using url versioning {{(pid=118417) process_request /opt/stack/glance/glance/api/middleware/version_negotiation.py:57}}
Nov 29 02:15:52 ubuntu devstack@g-api.service[118417]: DEBUG glance.api.middleware.version_negotiation [None req-4dbad8ed-fda7-4b4d-b71f-5eb12a9efebd tempest-ImageDependencyTests-1235080052 tempest-ImageDependencyTests-1235080052-project-member] Matched version: v2 {{(pid=118417) process_request /opt/stack/glance/glance/api/middleware/version_negotiation.py:69}}
Nov 29 02:15:52 ubuntu devstack@g-api.service[118417]: DEBUG glance.api.middleware.version_negotiation [None req-4dbad8ed-fda7-4b4d-b71f-5eb12a9efebd tempest-ImageDependencyTests-1235080052 tempest-ImageDependencyTests-1235080052-project-member] new path /v2/schemas/image {{(pid=118417) process_request /opt/stack/glance/glance/api/middleware/version_negotiation.py:70}}
Nov 29 02:15:52 ubuntu devstack@g-api.service[118417]: [pid: 118417|app: 0|req: 26/50] 127.0.0.1 () {42 vars in 985 bytes} [Fri Nov 29 02:15:52 2024] GET /v2/schemas/image => generated 6083 bytes in 9 msecs (HTTP/1.1 200) 4 headers in 158 bytes (1 switches on core 0)
Nov 29 02:15:53 ubuntu devstack@g-api.service[118418]: DEBUG glance.api.middleware.version_negotiation [None req-4dbad8ed-fda7-4b4d-b71f-5eb12a9efebd tempest-ImageDependencyTests-1235080052 tempest-ImageDependencyTests-1235080052-project-member] Determining version of request: GET /v2/images/5adf5fc5-eed5-4ab7-a66a-5b2413df8df8 Accept: */* {{(pid=118418) process_request /opt/stack/glance/glance/api/middleware/version_negotiation.py:44}}
Nov 29 02:15:53 ubuntu devstack@g-api.service[118418]: DEBUG glance.api.middleware.version_negotiation [None req-4dbad8ed-fda7-4b4d-b71f-5eb12a9efebd tempest-ImageDependencyTests-1235080052 tempest-ImageDependencyTests-1235080052-project-member] Using url versioning {{(pid=118418) process_request /opt/stack/glance/glance/api/middleware/version_negotiation.py:57}}
Nov 29 02:15:53 ubuntu devstack@g-api.service[118418]: DEBUG glance.api.middleware.version_negotiation [None req-4dbad8ed-fda7-4b4d-b71f-5eb12a9efebd tempest-ImageDependencyTests-1235080052 tempest-ImageDependencyTests-1235080052-project-member] Matched version: v2 {{(pid=118418) process_request /opt/stack/glance/glance/api/middleware/version_negotiation.py:69}}
Nov 29 02:15:53 ubuntu devstack@g-api.service[118418]: DEBUG glance.api.middleware.version_negotiation [None req-4dbad8ed-fda7-4b4d-b71f-5eb12a9efebd tempest-ImageDependencyTests-1235080052 tempest-ImageDependencyTests-1235080052-project-member] new path /v2/images/5adf5fc5-eed5-4ab7-a66a-5b2413df8df8 {{(pid=118418) process_request /opt/stack/glance/glance/api/middleware/version_negotiation.py:70}}
Nov 29 02:15:53 ubuntu devstack@g-api.service[118418]: [pid: 118418|app: 0|req: 25/51] 127.0.0.1 () {42 vars in 1045 bytes} [Fri Nov 29 02:15:53 2024] GET /v2/images/5adf5fc5-eed5-4ab7-a66a-5b2413df8df8 => generated 808 bytes in 19 msecs (HTTP/1.1 200) 4 headers in 157 bytes (1 switches on core 0)
Nov 29 02:15:53 ubuntu devstack@g-api.service[118417]: DEBUG glance.api.middleware.version_negotiation [None req-4dbad8ed-fda7-4b4d-b71f-5eb12a9efebd tempest-ImageDependencyTests-1235080052 tempest-ImageDependencyTests-1235080052-project-member] Determining version of request: GET /v2/schemas/image Accept: */* {{(pid=118417) process_request /opt/stack/glance/glance/api/middleware/version_negotiation.py:44}}
Nov 29 02:15:53 ubuntu devstack@g-api.service[118417]: DEBUG glance.api.middleware.version_negotiation [None req-4dbad8ed-fda7-4b4d-b71f-5eb12a9efebd tempest-ImageDependencyTests-1235080052 tempest-ImageDependencyTests-1235080052-project-member] Using url versioning {{(pid=118417) process_request /opt/stack/glance/glance/api/middleware/version_negotiation.py:57}}
Nov 29 02:15:53 ubuntu devstack@g-api.service[118417]: DEBUG glance.api.middleware.version_negotiation [None req-4dbad8ed-fda7-4b4d-b71f-5eb12a9efebd tempest-ImageDependencyTests-1235080052 tempest-ImageDependencyTests-1235080052-project-member] Matched version: v2 {{(pid=118417) process_request /opt/stack/glance/glance/api/middleware/version_negotiation.py:69}}
Nov 29 02:15:53 ubuntu devstack@g-api.service[118417]: DEBUG glance.api.middleware.version_negotiation [None req-4dbad8ed-fda7-4b4d-b71f-5eb12a9efebd tempest-ImageDependencyTests-1235080052 tempest-ImageDependencyTests-1235080052-project-member] new path /v2/schemas/image {{(pid=118417) process_request /opt/stack/glance/glance/api/middleware/version_negotiation.py:70}}
Nov 29 02:15:53 ubuntu devstack@g-api.service[118417]: [pid: 118417|app: 0|req: 27/52] 127.0.0.1 () {42 vars in 985 bytes} [Fri Nov 29 02:15:53 2024] GET /v2/schemas/image => generated 6083 bytes in 4 msecs (HTTP/1.1 200) 4 headers in 158 bytes (1 switches on core 0)
Nov 29 02:15:53 ubuntu devstack@g-api.service[118418]: DEBUG glance.api.middleware.version_negotiation [None req-4dbad8ed-fda7-4b4d-b71f-5eb12a9efebd tempest-ImageDependencyTests-1235080052 tempest-ImageDependencyTests-1235080052-project-member] Determining version of request: GET /v2/images/5adf5fc5-eed5-4ab7-a66a-5b2413df8df8 Accept: */* {{(pid=118418) process_request /opt/stack/glance/glance/api/middleware/version_negotiation.py:44}}
Nov 29 02:15:53 ubuntu devstack@g-api.service[118418]: DEBUG glance.api.middleware.version_negotiation [None req-4dbad8ed-fda7-4b4d-b71f-5eb12a9efebd tempest-ImageDependencyTests-1235080052 tempest-ImageDependencyTests-1235080052-project-member] Using url versioning {{(pid=118418) process_request /opt/stack/glance/glance/api/middleware/version_negotiation.py:57}}
Nov 29 02:15:53 ubuntu devstack@g-api.service[118418]: DEBUG glance.api.middleware.version_negotiation [None req-4dbad8ed-fda7-4b4d-b71f-5eb12a9efebd tempest-ImageDependencyTests-1235080052 tempest-ImageDependencyTests-1235080052-project-member] Matched version: v2 {{(pid=118418) process_request /opt/stack/glance/glance/api/middleware/version_negotiation.py:69}}
Nov 29 02:15:53 ubuntu devstack@g-api.service[118418]: DEBUG glance.api.middleware.version_negotiation [None req-4dbad8ed-fda7-4b4d-b71f-5eb12a9efebd tempest-ImageDependencyTests-1235080052 tempest-ImageDependencyTests-1235080052-project-member] new path /v2/images/5adf5fc5-eed5-4ab7-a66a-5b2413df8df8 {{(pid=118418) process_request /opt/stack/glance/glance/api/middleware/version_negotiation.py:70}}
Nov 29 02:15:53 ubuntu devstack@g-api.service[118418]: [pid: 118418|app: 0|req: 26/53] 127.0.0.1 () {42 vars in 1045 bytes} [Fri Nov 29 02:15:53 2024] GET /v2/images/5adf5fc5-eed5-4ab7-a66a-5b2413df8df8 => generated 808 bytes in 17 msecs (HTTP/1.1 200) 4 headers in 157 bytes (1 switches on core 0)
Nov 29 02:15:53 ubuntu devstack@g-api.service[118417]: DEBUG glance.api.middleware.version_negotiation [None req-4dbad8ed-fda7-4b4d-b71f-5eb12a9efebd tempest-ImageDependencyTests-1235080052 tempest-ImageDependencyTests-1235080052-project-member] Determining version of request: GET /v2/schemas/image Accept: */* {{(pid=118417) process_request /opt/stack/glance/glance/api/middleware/version_negotiation.py:44}}
Nov 29 02:15:53 ubuntu devstack@g-api.service[118417]: DEBUG glance.api.middleware.version_negotiation [None req-4dbad8ed-fda7-4b4d-b71f-5eb12a9efebd tempest-ImageDependencyTests-1235080052 tempest-ImageDependencyTests-1235080052-project-member] Using url versioning {{(pid=118417) process_request /opt/stack/glance/glance/api/middleware/version_negotiation.py:57}}
Nov 29 02:15:53 ubuntu devstack@g-api.service[118417]: DEBUG glance.api.middleware.version_negotiation [None req-4dbad8ed-fda7-4b4d-b71f-5eb12a9efebd tempest-ImageDependencyTests-1235080052 tempest-ImageDependencyTests-1235080052-project-member] Matched version: v2 {{(pid=118417) process_request /opt/stack/glance/glance/api/middleware/version_negotiation.py:69}}
Nov 29 02:15:53 ubuntu devstack@g-api.service[118417]: DEBUG glance.api.middleware.version_negotiation [None req-4dbad8ed-fda7-4b4d-b71f-5eb12a9efebd tempest-ImageDependencyTests-1235080052 tempest-ImageDependencyTests-1235080052-project-member] new path /v2/schemas/image {{(pid=118417) process_request /opt/stack/glance/glance/api/middleware/version_negotiation.py:70}}
Nov 29 02:15:53 ubuntu devstack@g-api.service[118417]: [pid: 118417|app: 0|req: 28/54] 127.0.0.1 () {42 vars in 985 bytes} [Fri Nov 29 02:15:53 2024] GET /v2/schemas/image => generated 6083 bytes in 8 msecs (HTTP/1.1 200) 4 headers in 158 bytes (1 switches on core 0)
Nov 29 02:15:53 ubuntu devstack@g-api.service[118418]: DEBUG glance.api.middleware.version_negotiation [None req-4dbad8ed-fda7-4b4d-b71f-5eb12a9efebd tempest-ImageDependencyTests-1235080052 tempest-ImageDependencyTests-1235080052-project-member] Determining version of request: GET /v2/images/5adf5fc5-eed5-4ab7-a66a-5b2413df8df8 Accept: */* {{(pid=118418) process_request /opt/stack/glance/glance/api/middleware/version_negotiation.py:44}}
Nov 29 02:15:53 ubuntu devstack@g-api.service[118418]: DEBUG glance.api.middleware.version_negotiation [None req-4dbad8ed-fda7-4b4d-b71f-5eb12a9efebd tempest-ImageDependencyTests-1235080052 tempest-ImageDependencyTests-1235080052-project-member] Using url versioning {{(pid=118418) process_request /opt/stack/glance/glance/api/middleware/version_negotiation.py:57}}
Nov 29 02:15:53 ubuntu devstack@g-api.service[118418]: DEBUG glance.api.middleware.version_negotiation [None req-4dbad8ed-fda7-4b4d-b71f-5eb12a9efebd tempest-ImageDependencyTests-1235080052 tempest-ImageDependencyTests-1235080052-project-member] Matched version: v2 {{(pid=118418) process_request /opt/stack/glance/glance/api/middleware/version_negotiation.py:69}}
Nov 29 02:15:53 ubuntu devstack@g-api.service[118418]: DEBUG glance.api.middleware.version_negotiation [None req-4dbad8ed-fda7-4b4d-b71f-5eb12a9efebd tempest-ImageDependencyTests-1235080052 tempest-ImageDependencyTests-1235080052-project-member] new path /v2/images/5adf5fc5-eed5-4ab7-a66a-5b2413df8df8 {{(pid=118418) process_request /opt/stack/glance/glance/api/middleware/version_negotiation.py:70}}
Nov 29 02:15:53 ubuntu devstack@g-api.service[118418]: [pid: 118418|app: 0|req: 27/55] 127.0.0.1 () {42 vars in 1045 bytes} [Fri Nov 29 02:15:53 2024] GET /v2/images/5adf5fc5-eed5-4ab7-a66a-5b2413df8df8 => generated 808 bytes in 9 msecs (HTTP/1.1 200) 4 headers in 157 bytes (1 switches on core 0)
Nov 29 02:15:53 ubuntu devstack@g-api.service[118417]: DEBUG glance.api.middleware.version_negotiation [None req-4dbad8ed-fda7-4b4d-b71f-5eb12a9efebd tempest-ImageDependencyTests-1235080052 tempest-ImageDependencyTests-1235080052-project-member] Determining version of request: GET /v2/schemas/image Accept: */* {{(pid=118417) process_request /opt/stack/glance/glance/api/middleware/version_negotiation.py:44}}
Nov 29 02:15:53 ubuntu devstack@g-api.service[118417]: DEBUG glance.api.middleware.version_negotiation [None req-4dbad8ed-fda7-4b4d-b71f-5eb12a9efebd tempest-ImageDependencyTests-1235080052 tempest-ImageDependencyTests-1235080052-project-member] Using url versioning {{(pid=118417) process_request /opt/stack/glance/glance/api/middleware/version_negotiation.py:57}}
Nov 29 02:15:53 ubuntu devstack@g-api.service[118417]: DEBUG glance.api.middleware.version_negotiation [None req-4dbad8ed-fda7-4b4d-b71f-5eb12a9efebd tempest-ImageDependencyTests-1235080052 tempest-ImageDependencyTests-1235080052-project-member] Matched version: v2 {{(pid=118417) process_request /opt/stack/glance/glance/api/middleware/version_negotiation.py:69}}
Nov 29 02:15:53 ubuntu devstack@g-api.service[118417]: DEBUG glance.api.middleware.version_negotiation [None req-4dbad8ed-fda7-4b4d-b71f-5eb12a9efebd tempest-ImageDependencyTests-1235080052 tempest-ImageDependencyTests-1235080052-project-member] new path /v2/schemas/image {{(pid=118417) process_request /opt/stack/glance/glance/api/middleware/version_negotiation.py:70}}
Nov 29 02:15:53 ubuntu devstack@g-api.service[118417]: [pid: 118417|app: 0|req: 29/56] 127.0.0.1 () {42 vars in 985 bytes} [Fri Nov 29 02:15:53 2024] GET /v2/schemas/image => generated 6083 bytes in 4 msecs (HTTP/1.1 200) 4 headers in 158 bytes (1 switches on core 0)
Nov 29 02:15:53 ubuntu devstack@g-api.service[118418]: DEBUG glance.api.middleware.version_negotiation [None req-4dbad8ed-fda7-4b4d-b71f-5eb12a9efebd tempest-ImageDependencyTests-1235080052 tempest-ImageDependencyTests-1235080052-project-member] Determining version of request: GET /v2/schemas/image Accept: */* {{(pid=118418) process_request /opt/stack/glance/glance/api/middleware/version_negotiation.py:44}}
Nov 29 02:15:53 ubuntu devstack@g-api.service[118418]: DEBUG glance.api.middleware.version_negotiation [None req-4dbad8ed-fda7-4b4d-b71f-5eb12a9efebd tempest-ImageDependencyTests-1235080052 tempest-ImageDependencyTests-1235080052-project-member] Using url versioning {{(pid=118418) process_request /opt/stack/glance/glance/api/middleware/version_negotiation.py:57}}
Nov 29 02:15:53 ubuntu devstack@g-api.service[118418]: DEBUG glance.api.middleware.version_negotiation [None req-4dbad8ed-fda7-4b4d-b71f-5eb12a9efebd tempest-ImageDependencyTests-1235080052 tempest-ImageDependencyTests-1235080052-project-member] Matched version: v2 {{(pid=118418) process_request /opt/stack/glance/glance/api/middleware/version_negotiation.py:69}}
Nov 29 02:15:53 ubuntu devstack@g-api.service[118418]: DEBUG glance.api.middleware.version_negotiation [None req-4dbad8ed-fda7-4b4d-b71f-5eb12a9efebd tempest-ImageDependencyTests-1235080052 tempest-ImageDependencyTests-1235080052-project-member] new path /v2/schemas/image {{(pid=118418) process_request /opt/stack/glance/glance/api/middleware/version_negotiation.py:70}}
Nov 29 02:15:53 ubuntu devstack@g-api.service[118418]: [pid: 118418|app: 0|req: 28/57] 127.0.0.1 () {42 vars in 985 bytes} [Fri Nov 29 02:15:53 2024] GET /v2/schemas/image => generated 6083 bytes in 2 msecs (HTTP/1.1 200) 4 headers in 158 bytes (1 switches on core 0)
Nov 29 02:15:53 ubuntu devstack@g-api.service[118417]: DEBUG glance.api.middleware.version_negotiation [None req-4dbad8ed-fda7-4b4d-b71f-5eb12a9efebd tempest-ImageDependencyTests-1235080052 tempest-ImageDependencyTests-1235080052-project-member] Determining version of request: GET /v2/images/5adf5fc5-eed5-4ab7-a66a-5b2413df8df8 Accept: */* {{(pid=118417) process_request /opt/stack/glance/glance/api/middleware/version_negotiation.py:44}}
Nov 29 02:15:53 ubuntu devstack@g-api.service[118417]: DEBUG glance.api.middleware.version_negotiation [None req-4dbad8ed-fda7-4b4d-b71f-5eb12a9efebd tempest-ImageDependencyTests-1235080052 tempest-ImageDependencyTests-1235080052-project-member] Using url versioning {{(pid=118417) process_request /opt/stack/glance/glance/api/middleware/version_negotiation.py:57}}
Nov 29 02:15:53 ubuntu devstack@g-api.service[118417]: DEBUG glance.api.middleware.version_negotiation [None req-4dbad8ed-fda7-4b4d-b71f-5eb12a9efebd tempest-ImageDependencyTests-1235080052 tempest-ImageDependencyTests-1235080052-project-member] Matched version: v2 {{(pid=118417) process_request /opt/stack/glance/glance/api/middleware/version_negotiation.py:69}}
Nov 29 02:15:53 ubuntu devstack@g-api.service[118417]: DEBUG glance.api.middleware.version_negotiation [None req-4dbad8ed-fda7-4b4d-b71f-5eb12a9efebd tempest-ImageDependencyTests-1235080052 tempest-ImageDependencyTests-1235080052-project-member] new path /v2/images/5adf5fc5-eed5-4ab7-a66a-5b2413df8df8 {{(pid=118417) process_request /opt/stack/glance/glance/api/middleware/version_negotiation.py:70}}
Nov 29 02:15:53 ubuntu devstack@g-api.service[118417]: [pid: 118417|app: 0|req: 30/58] 127.0.0.1 () {42 vars in 1045 bytes} [Fri Nov 29 02:15:53 2024] GET /v2/images/5adf5fc5-eed5-4ab7-a66a-5b2413df8df8 => generated 808 bytes in 18 msecs (HTTP/1.1 200) 4 headers in 157 bytes (1 switches on core 0)
Nov 29 02:15:53 ubuntu devstack@g-api.service[118418]: DEBUG glance.api.middleware.version_negotiation [None req-4dbad8ed-fda7-4b4d-b71f-5eb12a9efebd tempest-ImageDependencyTests-1235080052 tempest-ImageDependencyTests-1235080052-project-member] Determining version of request: GET /v2/images/5adf5fc5-eed5-4ab7-a66a-5b2413df8df8/file Accept: */* {{(pid=118418) process_request /opt/stack/glance/glance/api/middleware/version_negotiation.py:44}}
Nov 29 02:15:53 ubuntu devstack@g-api.service[118418]: DEBUG glance.api.middleware.version_negotiation [None req-4dbad8ed-fda7-4b4d-b71f-5eb12a9efebd tempest-ImageDependencyTests-1235080052 tempest-ImageDependencyTests-1235080052-project-member] Using url versioning {{(pid=118418) process_request /opt/stack/glance/glance/api/middleware/version_negotiation.py:57}}
Nov 29 02:15:53 ubuntu devstack@g-api.service[118418]: DEBUG glance.api.middleware.version_negotiation [None req-4dbad8ed-fda7-4b4d-b71f-5eb12a9efebd tempest-ImageDependencyTests-1235080052 tempest-ImageDependencyTests-1235080052-project-member] Matched version: v2 {{(pid=118418) process_request /opt/stack/glance/glance/api/middleware/version_negotiation.py:69}}
Nov 29 02:15:53 ubuntu devstack@g-api.service[118418]: DEBUG glance.api.middleware.version_negotiation [None req-4dbad8ed-fda7-4b4d-b71f-5eb12a9efebd tempest-ImageDependencyTests-1235080052 tempest-ImageDependencyTests-1235080052-project-member] new path /v2/images/5adf5fc5-eed5-4ab7-a66a-5b2413df8df8/file {{(pid=118418) process_request /opt/stack/glance/glance/api/middleware/version_negotiation.py:70}}
Nov 29 02:15:53 ubuntu devstack@g-api.service[118418]: DEBUG glance.api.middleware.cache [None req-4dbad8ed-fda7-4b4d-b71f-5eb12a9efebd tempest-ImageDependencyTests-1235080052 tempest-ImageDependencyTests-1235080052-project-member] Cache hit for image '5adf5fc5-eed5-4ab7-a66a-5b2413df8df8' {{(pid=118418) process_request /opt/stack/glance/glance/api/middleware/cache.py:160}}
Nov 29 02:15:53 ubuntu devstack@g-api.service[118417]: DEBUG glance.api.middleware.version_negotiation [None req-4dbad8ed-fda7-4b4d-b71f-5eb12a9efebd tempest-ImageDependencyTests-1235080052 tempest-ImageDependencyTests-1235080052-project-member] Determining version of request: GET /v2/images/5adf5fc5-eed5-4ab7-a66a-5b2413df8df8 Accept: */* {{(pid=118417) process_request /opt/stack/glance/glance/api/middleware/version_negotiation.py:44}}
Nov 29 02:15:53 ubuntu devstack@g-api.service[118417]: DEBUG glance.api.middleware.version_negotiation [None req-4dbad8ed-fda7-4b4d-b71f-5eb12a9efebd tempest-ImageDependencyTests-1235080052 tempest-ImageDependencyTests-1235080052-project-member] Using url versioning {{(pid=118417) process_request /opt/stack/glance/glance/api/middleware/version_negotiation.py:57}}
Nov 29 02:15:53 ubuntu devstack@g-api.service[118417]: DEBUG glance.api.middleware.version_negotiation [None req-4dbad8ed-fda7-4b4d-b71f-5eb12a9efebd tempest-ImageDependencyTests-1235080052 tempest-ImageDependencyTests-1235080052-project-member] Matched version: v2 {{(pid=118417) process_request /opt/stack/glance/glance/api/middleware/version_negotiation.py:69}}
Nov 29 02:15:53 ubuntu devstack@g-api.service[118417]: DEBUG glance.api.middleware.version_negotiation [None req-4dbad8ed-fda7-4b4d-b71f-5eb12a9efebd tempest-ImageDependencyTests-1235080052 tempest-ImageDependencyTests-1235080052-project-member] new path /v2/images/5adf5fc5-eed5-4ab7-a66a-5b2413df8df8 {{(pid=118417) process_request /opt/stack/glance/glance/api/middleware/version_negotiation.py:70}}
Nov 29 02:15:53 ubuntu devstack@g-api.service[118418]: [pid: 118418|app: 0|req: 29/59] 127.0.0.1 () {42 vars in 1055 bytes} [Fri Nov 29 02:15:53 2024] GET /v2/images/5adf5fc5-eed5-4ab7-a66a-5b2413df8df8/file => generated 1024 bytes in 23 msecs (HTTP/1.1 200) 5 headers in 213 bytes (1 switches on core 0)
Nov 29 02:15:53 ubuntu devstack@g-api.service[118417]: [pid: 118417|app: 0|req: 31/60] 127.0.0.1 () {42 vars in 1045 bytes} [Fri Nov 29 02:15:53 2024] GET /v2/images/5adf5fc5-eed5-4ab7-a66a-5b2413df8df8 => generated 808 bytes in 10 msecs (HTTP/1.1 200) 4 headers in 157 bytes (1 switches on core 0)
Nov 29 02:15:53 ubuntu devstack@g-api.service[118418]: DEBUG glance.api.middleware.version_negotiation [None req-4dbad8ed-fda7-4b4d-b71f-5eb12a9efebd tempest-ImageDependencyTests-1235080052 tempest-ImageDependencyTests-1235080052-project-member] Determining version of request: GET /v2/schemas/image Accept: */* {{(pid=118418) process_request /opt/stack/glance/glance/api/middleware/version_negotiation.py:44}}
Nov 29 02:15:53 ubuntu devstack@g-api.service[118418]: DEBUG glance.api.middleware.version_negotiation [None req-4dbad8ed-fda7-4b4d-b71f-5eb12a9efebd tempest-ImageDependencyTests-1235080052 tempest-ImageDependencyTests-1235080052-project-member] Using url versioning {{(pid=118418) process_request /opt/stack/glance/glance/api/middleware/version_negotiation.py:57}}
Nov 29 02:15:53 ubuntu devstack@g-api.service[118418]: DEBUG glance.api.middleware.version_negotiation [None req-4dbad8ed-fda7-4b4d-b71f-5eb12a9efebd tempest-ImageDependencyTests-1235080052 tempest-ImageDependencyTests-1235080052-project-member] Matched version: v2 {{(pid=118418) process_request /opt/stack/glance/glance/api/middleware/version_negotiation.py:69}}
Nov 29 02:15:53 ubuntu devstack@g-api.service[118418]: DEBUG glance.api.middleware.version_negotiation [None req-4dbad8ed-fda7-4b4d-b71f-5eb12a9efebd tempest-ImageDependencyTests-1235080052 tempest-ImageDependencyTests-1235080052-project-member] new path /v2/schemas/image {{(pid=118418) process_request /opt/stack/glance/glance/api/middleware/version_negotiation.py:70}}
Nov 29 02:15:53 ubuntu devstack@g-api.service[118418]: [pid: 118418|app: 0|req: 30/61] 127.0.0.1 () {42 vars in 985 bytes} [Fri Nov 29 02:15:53 2024] GET /v2/schemas/image => generated 6083 bytes in 3 msecs (HTTP/1.1 200) 4 headers in 158 bytes (1 switches on core 0)
Nov 29 02:15:54 ubuntu devstack@g-api.service[118417]: DEBUG glance.api.middleware.version_negotiation [None req-4dbad8ed-fda7-4b4d-b71f-5eb12a9efebd tempest-ImageDependencyTests-1235080052 tempest-ImageDependencyTests-1235080052-project-member] Determining version of request: GET /v2/images/5adf5fc5-eed5-4ab7-a66a-5b2413df8df8 Accept: */* {{(pid=118417) process_request /opt/stack/glance/glance/api/middleware/version_negotiation.py:44}}
Nov 29 02:15:54 ubuntu devstack@g-api.service[118417]: DEBUG glance.api.middleware.version_negotiation [None req-4dbad8ed-fda7-4b4d-b71f-5eb12a9efebd tempest-ImageDependencyTests-1235080052 tempest-ImageDependencyTests-1235080052-project-member] Using url versioning {{(pid=118417) process_request /opt/stack/glance/glance/api/middleware/version_negotiation.py:57}}
Nov 29 02:15:54 ubuntu devstack@g-api.service[118417]: DEBUG glance.api.middleware.version_negotiation [None req-4dbad8ed-fda7-4b4d-b71f-5eb12a9efebd tempest-ImageDependencyTests-1235080052 tempest-ImageDependencyTests-1235080052-project-member] Matched version: v2 {{(pid=118417) process_request /opt/stack/glance/glance/api/middleware/version_negotiation.py:69}}
Nov 29 02:15:54 ubuntu devstack@g-api.service[118417]: DEBUG glance.api.middleware.version_negotiation [None req-4dbad8ed-fda7-4b4d-b71f-5eb12a9efebd tempest-ImageDependencyTests-1235080052 tempest-ImageDependencyTests-1235080052-project-member] new path /v2/images/5adf5fc5-eed5-4ab7-a66a-5b2413df8df8 {{(pid=118417) process_request /opt/stack/glance/glance/api/middleware/version_negotiation.py:70}}
Nov 29 02:15:54 ubuntu devstack@g-api.service[118417]: [pid: 118417|app: 0|req: 32/62] 127.0.0.1 () {42 vars in 1045 bytes} [Fri Nov 29 02:15:54 2024] GET /v2/images/5adf5fc5-eed5-4ab7-a66a-5b2413df8df8 => generated 808 bytes in 16 msecs (HTTP/1.1 200) 4 headers in 157 bytes (1 switches on core 0)
Nov 29 02:15:54 ubuntu devstack@g-api.service[118418]: DEBUG glance.api.middleware.version_negotiation [None req-4dbad8ed-fda7-4b4d-b71f-5eb12a9efebd tempest-ImageDependencyTests-1235080052 tempest-ImageDependencyTests-1235080052-project-member] Determining version of request: GET /v2/schemas/image Accept: */* {{(pid=118418) process_request /opt/stack/glance/glance/api/middleware/version_negotiation.py:44}}
Nov 29 02:15:54 ubuntu devstack@g-api.service[118418]: DEBUG glance.api.middleware.version_negotiation [None req-4dbad8ed-fda7-4b4d-b71f-5eb12a9efebd tempest-ImageDependencyTests-1235080052 tempest-ImageDependencyTests-1235080052-project-member] Using url versioning {{(pid=118418) process_request /opt/stack/glance/glance/api/middleware/version_negotiation.py:57}}
Nov 29 02:15:54 ubuntu devstack@g-api.service[118418]: DEBUG glance.api.middleware.version_negotiation [None req-4dbad8ed-fda7-4b4d-b71f-5eb12a9efebd tempest-ImageDependencyTests-1235080052 tempest-ImageDependencyTests-1235080052-project-member] Matched version: v2 {{(pid=118418) process_request /opt/stack/glance/glance/api/middleware/version_negotiation.py:69}}
Nov 29 02:15:54 ubuntu devstack@g-api.service[118418]: DEBUG glance.api.middleware.version_negotiation [None req-4dbad8ed-fda7-4b4d-b71f-5eb12a9efebd tempest-ImageDependencyTests-1235080052 tempest-ImageDependencyTests-1235080052-project-member] new path /v2/schemas/image {{(pid=118418) process_request /opt/stack/glance/glance/api/middleware/version_negotiation.py:70}}
Nov 29 02:15:54 ubuntu devstack@g-api.service[118418]: [pid: 118418|app: 0|req: 31/63] 127.0.0.1 () {42 vars in 985 bytes} [Fri Nov 29 02:15:54 2024] GET /v2/schemas/image => generated 6083 bytes in 3 msecs (HTTP/1.1 200) 4 headers in 158 bytes (1 switches on core 0)
Nov 29 02:15:55 ubuntu devstack@g-api.service[118417]: DEBUG glance.api.middleware.version_negotiation [None req-4dbad8ed-fda7-4b4d-b71f-5eb12a9efebd tempest-ImageDependencyTests-1235080052 tempest-ImageDependencyTests-1235080052-project-member] Determining version of request: DELETE /v2/images/5adf5fc5-eed5-4ab7-a66a-5b2413df8df8 Accept: application/json {{(pid=118417) process_request /opt/stack/glance/glance/api/middleware/version_negotiation.py:44}}
Nov 29 02:15:55 ubuntu devstack@g-api.service[118417]: DEBUG glance.api.middleware.version_negotiation [None req-4dbad8ed-fda7-4b4d-b71f-5eb12a9efebd tempest-ImageDependencyTests-1235080052 tempest-ImageDependencyTests-1235080052-project-member] Using url versioning {{(pid=118417) process_request /opt/stack/glance/glance/api/middleware/version_negotiation.py:57}}
Nov 29 02:15:55 ubuntu devstack@g-api.service[118417]: DEBUG glance.api.middleware.version_negotiation [None req-4dbad8ed-fda7-4b4d-b71f-5eb12a9efebd tempest-ImageDependencyTests-1235080052 tempest-ImageDependencyTests-1235080052-project-member] Matched version: v2 {{(pid=118417) process_request /opt/stack/glance/glance/api/middleware/version_negotiation.py:69}}
Nov 29 02:15:55 ubuntu devstack@g-api.service[118417]: DEBUG glance.api.middleware.version_negotiation [None req-4dbad8ed-fda7-4b4d-b71f-5eb12a9efebd tempest-ImageDependencyTests-1235080052 tempest-ImageDependencyTests-1235080052-project-member] new path /v2/images/5adf5fc5-eed5-4ab7-a66a-5b2413df8df8 {{(pid=118417) process_request /opt/stack/glance/glance/api/middleware/version_negotiation.py:70}}
Nov 29 02:15:55 ubuntu devstack@g-api.service[118417]: WARNING glance.api.v2.images [None req-6e61d854-34ae-43e2-9fa8-11bb2df495b4 tempest-ImageDependencyTests-1235080052 tempest-ImageDependencyTests-1235080052-project-member] After upload to backend, deletion of staged image data has failed because it cannot be found at /tmp/staging//5adf5fc5-eed5-4ab7-a66a-5b2413df8df8
Nov 29 02:15:55 ubuntu devstack@g-api.service[118417]: DEBUG glance_store.backend [None req-6e61d854-34ae-43e2-9fa8-11bb2df495b4 tempest-ImageDependencyTests-1235080052 tempest-ImageDependencyTests-1235080052-project-member] Attempting to import store swift {{(pid=118417) _load_store /opt/stack/data/venv/lib/python3.10/site-packages/glance_store/backend.py:216}}
Nov 29 02:15:55 ubuntu devstack@g-api.service[118417]: DEBUG glance_store.capabilities [None req-6e61d854-34ae-43e2-9fa8-11bb2df495b4 tempest-ImageDependencyTests-1235080052 tempest-ImageDependencyTests-1235080052-project-member] Store glance_store._drivers.swift.store.SingleTenantStore doesn't support updating dynamic storage capabilities. Please overwrite 'update_capabilities' method of the store to implement updating logics if needed. {{(pid=118417) update_capabilities /opt/stack/data/venv/lib/python3.10/site-packages/glance_store/capabilities.py:91}}
Nov 29 02:15:55 ubuntu devstack@g-api.service[118417]: DEBUG glance_store.driver [None req-6e61d854-34ae-43e2-9fa8-11bb2df495b4 tempest-ImageDependencyTests-1235080052 tempest-ImageDependencyTests-1235080052-project-member] Late loading location class glance_store._drivers.swift.store.StoreLocation {{(pid=118417) get_store_location_class /opt/stack/data/venv/lib/python3.10/site-packages/glance_store/driver.py:133}}
Nov 29 02:15:55 ubuntu devstack@g-api.service[118417]: DEBUG glance_store.location [None req-6e61d854-34ae-43e2-9fa8-11bb2df495b4 tempest-ImageDependencyTests-1235080052 tempest-ImageDependencyTests-1235080052-project-member] Registering scheme swift+https with {'store': <glance_store._drivers.swift.store.SingleTenantStore object at 0x7fddb30d4700>, 'location_class': <class 'glance_store._drivers.swift.store.StoreLocation'>, 'store_entry': 'swift'} {{(pid=118417) register_scheme_map /opt/stack/data/venv/lib/python3.10/site-packages/glance_store/location.py:146}}
Nov 29 02:15:55 ubuntu devstack@g-api.service[118417]: DEBUG glance_store.location [None req-6e61d854-34ae-43e2-9fa8-11bb2df495b4 tempest-ImageDependencyTests-1235080052 tempest-ImageDependencyTests-1235080052-project-member] Registering scheme swift+https with {'store': <glance_store._drivers.swift.store.SingleTenantStore object at 0x7fddb30d4700>, 'location_class': <class 'glance_store._drivers.swift.store.StoreLocation'>, 'store_entry': 'swift'} {{(pid=118417) register_scheme_map /opt/stack/data/venv/lib/python3.10/site-packages/glance_store/location.py:146}}
Nov 29 02:15:55 ubuntu devstack@g-api.service[118417]: DEBUG glance_store.location [None req-6e61d854-34ae-43e2-9fa8-11bb2df495b4 tempest-ImageDependencyTests-1235080052 tempest-ImageDependencyTests-1235080052-project-member] Registering scheme swift with {'store': <glance_store._drivers.swift.store.SingleTenantStore object at 0x7fddb30d4700>, 'location_class': <class 'glance_store._drivers.swift.store.StoreLocation'>, 'store_entry': 'swift'} {{(pid=118417) register_scheme_map /opt/stack/data/venv/lib/python3.10/site-packages/glance_store/location.py:146}}
Nov 29 02:15:55 ubuntu devstack@g-api.service[118417]: DEBUG glance_store.location [None req-6e61d854-34ae-43e2-9fa8-11bb2df495b4 tempest-ImageDependencyTests-1235080052 tempest-ImageDependencyTests-1235080052-project-member] Registering scheme swift+https with {'store': <glance_store._drivers.swift.store.SingleTenantStore object at 0x7fddb30d4700>, 'location_class': <class 'glance_store._drivers.swift.store.StoreLocation'>, 'store_entry': 'swift'} {{(pid=118417) register_scheme_map /opt/stack/data/venv/lib/python3.10/site-packages/glance_store/location.py:146}}
Nov 29 02:15:55 ubuntu devstack@g-api.service[118417]: DEBUG glance_store.location [None req-6e61d854-34ae-43e2-9fa8-11bb2df495b4 tempest-ImageDependencyTests-1235080052 tempest-ImageDependencyTests-1235080052-project-member] Registering scheme swift with {'store': <glance_store._drivers.swift.store.SingleTenantStore object at 0x7fddb30d4700>, 'location_class': <class 'glance_store._drivers.swift.store.StoreLocation'>, 'store_entry': 'swift'} {{(pid=118417) register_scheme_map /opt/stack/data/venv/lib/python3.10/site-packages/glance_store/location.py:146}}
Nov 29 02:15:55 ubuntu devstack@g-api.service[118417]: DEBUG glance_store.location [None req-6e61d854-34ae-43e2-9fa8-11bb2df495b4 tempest-ImageDependencyTests-1235080052 tempest-ImageDependencyTests-1235080052-project-member] Registering scheme swift+http with {'store': <glance_store._drivers.swift.store.SingleTenantStore object at 0x7fddb30d4700>, 'location_class': <class 'glance_store._drivers.swift.store.StoreLocation'>, 'store_entry': 'swift'} {{(pid=118417) register_scheme_map /opt/stack/data/venv/lib/python3.10/site-packages/glance_store/location.py:146}}
Nov 29 02:15:55 ubuntu devstack@g-api.service[118417]: DEBUG glance_store.location [None req-6e61d854-34ae-43e2-9fa8-11bb2df495b4 tempest-ImageDependencyTests-1235080052 tempest-ImageDependencyTests-1235080052-project-member] Registering scheme swift+https with {'store': <glance_store._drivers.swift.store.SingleTenantStore object at 0x7fddb30d4700>, 'location_class': <class 'glance_store._drivers.swift.store.StoreLocation'>, 'store_entry': 'swift'} {{(pid=118417) register_scheme_map /opt/stack/data/venv/lib/python3.10/site-packages/glance_store/location.py:146}}
Nov 29 02:15:55 ubuntu devstack@g-api.service[118417]: DEBUG glance_store.location [None req-6e61d854-34ae-43e2-9fa8-11bb2df495b4 tempest-ImageDependencyTests-1235080052 tempest-ImageDependencyTests-1235080052-project-member] Registering scheme swift with {'store': <glance_store._drivers.swift.store.SingleTenantStore object at 0x7fddb30d4700>, 'location_class': <class 'glance_store._drivers.swift.store.StoreLocation'>, 'store_entry': 'swift'} {{(pid=118417) register_scheme_map /opt/stack/data/venv/lib/python3.10/site-packages/glance_store/location.py:146}}
Nov 29 02:15:55 ubuntu devstack@g-api.service[118417]: DEBUG glance_store.location [None req-6e61d854-34ae-43e2-9fa8-11bb2df495b4 tempest-ImageDependencyTests-1235080052 tempest-ImageDependencyTests-1235080052-project-member] Registering scheme swift+http with {'store': <glance_store._drivers.swift.store.SingleTenantStore object at 0x7fddb30d4700>, 'location_class': <class 'glance_store._drivers.swift.store.StoreLocation'>, 'store_entry': 'swift'} {{(pid=118417) register_scheme_map /opt/stack/data/venv/lib/python3.10/site-packages/glance_store/location.py:146}}
Nov 29 02:15:55 ubuntu devstack@g-api.service[118417]: DEBUG glance_store.location [None req-6e61d854-34ae-43e2-9fa8-11bb2df495b4 tempest-ImageDependencyTests-1235080052 tempest-ImageDependencyTests-1235080052-project-member] Registering scheme swift+config with {'store': <glance_store._drivers.swift.store.SingleTenantStore object at 0x7fddb30d4700>, 'location_class': <class 'glance_store._drivers.swift.store.StoreLocation'>, 'store_entry': 'swift'} {{(pid=118417) register_scheme_map /opt/stack/data/venv/lib/python3.10/site-packages/glance_store/location.py:146}}
Nov 29 02:15:55 ubuntu devstack@g-api.service[118417]: DEBUG keystoneclient.auth.identity.v3.base [None req-6e61d854-34ae-43e2-9fa8-11bb2df495b4 tempest-ImageDependencyTests-1235080052 tempest-ImageDependencyTests-1235080052-project-member] Making authentication request to http://10.201.5.82/identity/v3/auth/tokens {{(pid=118417) get_auth_ref /opt/stack/data/venv/lib/python3.10/site-packages/keystoneclient/auth/identity/v3/base.py:185}}
Nov 29 02:15:55 ubuntu devstack@g-api.service[118417]: DEBUG keystoneclient.auth.identity.v3.base [None req-6e61d854-34ae-43e2-9fa8-11bb2df495b4 tempest-ImageDependencyTests-1235080052 tempest-ImageDependencyTests-1235080052-project-member] {"token": {"methods": ["password"], "user": {"domain": {"id": "default", "name": "Default"}, "id": "0b25780494ad4af1bc7561defefdf60f", "name": "glance-swift", "password_expires_at": null}, "audit_ids": ["FTXEwOQQTLyaLktiTOb-ig"], "expires_at": "2024-11-29T03:15:55.000000Z", "issued_at": "2024-11-29T02:15:55.000000Z", "project": {"domain": {"id": "default", "name": "Default"}, "id": "544137836b6b4ed3b6ed0eb2e2cb58c8", "name": "service"}, "is_domain": false, "roles": [{"id": "86d95bce1a464e0ca2ebfed3b6b2f77b", "name": "service"}, {"id": "eb94fa2e96604c689007885927b893b9", "name": "ResellerAdmin"}], "catalog": [{"endpoints": [{"id": "53dd031fd350491c9f1e9ed34f793dc6", "interface": "public", "region_id": "RegionOne", "url": "http://10.201.5.82:9696/networking", "region": "RegionOne"}], "id": "1008396e6c114167bfe2eed9f3424a4e", "type": "network", "name": "neutron"}, {"endpoints": [{"id": "a92da04261404314adcb0834ae9ec816", "interface": "public", "region_id": "RegionOne", "url": "http://10.201.5.82/compute/v2/544137836b6b4ed3b6ed0eb2e2cb58c8", "region": "RegionOne"}], "id": "4eed6832c89641bc80c7ade335ecb8e5", "type": "compute_legacy", "name": "nova_legacy"}, {"endpoints": [{"id": "88408368624b41afb3ec547be71b0b6e", "interface": "public", "region_id": "RegionOne", "url": "http://10.201.5.82/identity", "region": "RegionOne"}], "id": "4f5588ad97e042caaece049847b53af5", "type": "identity", "name": "keystone"}, {"endpoints": [{"id": "e81ca5a374474a7baab7f9b5aaab8ce1", "interface": "public", "region_id": "RegionOne", "url": "http://10.201.5.82/volume/v3", "region": "RegionOne"}], "id": "72a8b32576024755a007c7706e34eacf", "type": "block-storage", "name": "cinder"}, {"endpoints": [{"id": "abbca21d0e504c12b7ac88a588c2c559", "interface": "public", "region_id": "RegionOne", "url": "http://10.201.5.82/image", "region": "RegionOne"}], "id": "8a099a3e6c544d18a3bc09d192a0099c", "type": "image", "name": "glance"}, {"endpoints": [{"id": "3940eb0774884774a714d8adfff8a0f0", "interface": "public", "region_id": "RegionOne", "url": "http://10.201.5.82:8080/v1/AUTH_544137836b6b4ed3b6ed0eb2e2cb58c8", "region": "RegionOne"}, {"id": "464f0510816f4eedaf39a15e8b3d169c", "interface": "admin", "region_id": "RegionOne", "url": "http://10.201.5.82:8080", "region": "RegionOne"}], "id": "a1c4c4159432460083af1ced91ef9a68", "type": "object-store", "name": "swift"}, {"endpoints": [{"id": "9323265056364a439c1d76e153ed7e7f", "interface": "public", "region_id": "RegionOne", "url": "http://10.201.5.82/placement", "region": "RegionOne"}], "id": "ddcb427ffc2c4c9ca4df7784d419d097", "type": "placement", "name": "placement"}, {"endpoints": [{"id": "9271fc59c3db4ea48a78f7d971cda358", "interface": "public", "region_id": "RegionOne", "url": "http://10.201.5.82/compute/v2.1", "region": "RegionOne"}], "id": "f58cb4c045884b848e6f173dc3feb5c7", "type": "compute", "name": "nova"}]}} {{(pid=118417) get_auth_ref /opt/stack/data/venv/lib/python3.10/site-packages/keystoneclient/auth/identity/v3/base.py:190}}
Nov 29 02:15:55 ubuntu devstack@g-api.service[118417]: DEBUG keystoneclient.httpclient [None req-6e61d854-34ae-43e2-9fa8-11bb2df495b4 tempest-ImageDependencyTests-1235080052 tempest-ImageDependencyTests-1235080052-project-member] Failed to find endpoint for management url admin endpoint for identity service not found {{(pid=118417) _process_management_url /opt/stack/data/venv/lib/python3.10/site-packages/keystoneclient/httpclient.py:670}}
Nov 29 02:15:55 ubuntu devstack@g-api.service[118417]: DEBUG swiftclient [None req-6e61d854-34ae-43e2-9fa8-11bb2df495b4 tempest-ImageDependencyTests-1235080052 tempest-ImageDependencyTests-1235080052-project-member] REQ: curl -i http://10.201.5.82:8080/v1/AUTH_544137836b6b4ed3b6ed0eb2e2cb58c8/glance/5adf5fc5-eed5-4ab7-a66a-5b2413df8df8 -I -H "X-Auth-Token: gAAAAABnSSPbB_ly..." {{(pid=118417) http_log /opt/stack/data/venv/lib/python3.10/site-packages/swiftclient/client.py:160}}
Nov 29 02:15:55 ubuntu devstack@g-api.service[118417]: DEBUG swiftclient [None req-6e61d854-34ae-43e2-9fa8-11bb2df495b4 tempest-ImageDependencyTests-1235080052 tempest-ImageDependencyTests-1235080052-project-member] RESP STATUS: 200 OK {{(pid=118417) http_log /opt/stack/data/venv/lib/python3.10/site-packages/swiftclient/client.py:161}}
Nov 29 02:15:55 ubuntu devstack@g-api.service[118417]: DEBUG swiftclient [None req-6e61d854-34ae-43e2-9fa8-11bb2df495b4 tempest-ImageDependencyTests-1235080052 tempest-ImageDependencyTests-1235080052-project-member] RESP HEADERS: {'Content-Type': 'application/octet-stream', 'Content-Length': '1024', 'Etag': 'b8ad23e49d611db13549721983697845', 'Last-Modified': 'Fri, 29 Nov 2024 02:15:49 GMT', 'X-Timestamp': '1732846548.39142', 'Accept-Ranges': 'bytes', 'X-Trans-Id': 'txbafd675e96cf429287e49-00674923db', 'X-Openstack-Request-Id': 'txbafd675e96cf429287e49-00674923db', 'Date': 'Fri, 29 Nov 2024 02:15:55 GMT'} {{(pid=118417) http_log /opt/stack/data/venv/lib/python3.10/site-packages/swiftclient/client.py:162}}
Nov 29 02:15:55 ubuntu devstack@g-api.service[118417]: DEBUG swiftclient [None req-6e61d854-34ae-43e2-9fa8-11bb2df495b4 tempest-ImageDependencyTests-1235080052 tempest-ImageDependencyTests-1235080052-project-member] REQ: curl -i http://10.201.5.82:8080/v1/AUTH_544137836b6b4ed3b6ed0eb2e2cb58c8/glance/5adf5fc5-eed5-4ab7-a66a-5b2413df8df8 DELETE -H "X-Auth-Token: gAAAAABnSSPbB_ly..." {{(pid=118417) http_log /opt/stack/data/venv/lib/python3.10/site-packages/swiftclient/client.py:160}}
Nov 29 02:15:55 ubuntu devstack@g-api.service[118417]: DEBUG swiftclient [None req-6e61d854-34ae-43e2-9fa8-11bb2df495b4 tempest-ImageDependencyTests-1235080052 tempest-ImageDependencyTests-1235080052-project-member] RESP STATUS: 204 No Content {{(pid=118417) http_log /opt/stack/data/venv/lib/python3.10/site-packages/swiftclient/client.py:161}}
Nov 29 02:15:55 ubuntu devstack@g-api.service[118417]: DEBUG swiftclient [None req-6e61d854-34ae-43e2-9fa8-11bb2df495b4 tempest-ImageDependencyTests-1235080052 tempest-ImageDependencyTests-1235080052-project-member] RESP HEADERS: {'Content-Type': 'text/html; charset=UTF-8', 'Content-Length': '0', 'X-Trans-Id': 'tx9e51fa73aaa0460faeb83-00674923db', 'X-Openstack-Request-Id': 'tx9e51fa73aaa0460faeb83-00674923db', 'Date': 'Fri, 29 Nov 2024 02:15:55 GMT'} {{(pid=118417) http_log /opt/stack/data/venv/lib/python3.10/site-packages/swiftclient/client.py:162}}
Nov 29 02:15:55 ubuntu devstack@g-api.service[118417]: DEBUG glance.api.middleware.cache [None req-6e61d854-34ae-43e2-9fa8-11bb2df495b4 tempest-ImageDependencyTests-1235080052 tempest-ImageDependencyTests-1235080052-project-member] Removing image 5adf5fc5-eed5-4ab7-a66a-5b2413df8df8 from cache {{(pid=118417) _process_DELETE_response /opt/stack/glance/glance/api/middleware/cache.py:264}}
Nov 29 02:15:55 ubuntu devstack@g-api.service[118417]: DEBUG glance.image_cache.drivers.centralized_db [None req-6e61d854-34ae-43e2-9fa8-11bb2df495b4 tempest-ImageDependencyTests-1235080052 tempest-ImageDependencyTests-1235080052-project-member] Deleting image cache file '/opt/stack/data/glance/cache/5adf5fc5-eed5-4ab7-a66a-5b2413df8df8' {{(pid=118417) delete_cached_file /opt/stack/glance/glance/image_cache/drivers/centralized_db.py:387}}
Nov 29 02:15:55 ubuntu devstack@g-api.service[118417]: [pid: 118417|app: 0|req: 33/64] 127.0.0.1 () {38 vars in 773 bytes} [Fri Nov 29 02:15:55 2024] DELETE /v2/images/5adf5fc5-eed5-4ab7-a66a-5b2413df8df8 => generated 0 bytes in 188 msecs (HTTP/1.1 204) 4 headers in 171 bytes (1 switches on core 0)
Nov 29 02:15:55 ubuntu devstack@g-api.service[118418]: DEBUG glance.api.middleware.version_negotiation [None req-4dbad8ed-fda7-4b4d-b71f-5eb12a9efebd tempest-ImageDependencyTests-1235080052 tempest-ImageDependencyTests-1235080052-project-member] Determining version of request: GET /v2/images/5adf5fc5-eed5-4ab7-a66a-5b2413df8df8 Accept: application/json {{(pid=118418) process_request /opt/stack/glance/glance/api/middleware/version_negotiation.py:44}}
Nov 29 02:15:55 ubuntu devstack@g-api.service[118418]: DEBUG glance.api.middleware.version_negotiation [None req-4dbad8ed-fda7-4b4d-b71f-5eb12a9efebd tempest-ImageDependencyTests-1235080052 tempest-ImageDependencyTests-1235080052-project-member] Using url versioning {{(pid=118418) process_request /opt/stack/glance/glance/api/middleware/version_negotiation.py:57}}
Nov 29 02:15:55 ubuntu devstack@g-api.service[118418]: DEBUG glance.api.middleware.version_negotiation [None req-4dbad8ed-fda7-4b4d-b71f-5eb12a9efebd tempest-ImageDependencyTests-1235080052 tempest-ImageDependencyTests-1235080052-project-member] Matched version: v2 {{(pid=118418) process_request /opt/stack/glance/glance/api/middleware/version_negotiation.py:69}}
Nov 29 02:15:55 ubuntu devstack@g-api.service[118418]: DEBUG glance.api.middleware.version_negotiation [None req-4dbad8ed-fda7-4b4d-b71f-5eb12a9efebd tempest-ImageDependencyTests-1235080052 tempest-ImageDependencyTests-1235080052-project-member] new path /v2/images/5adf5fc5-eed5-4ab7-a66a-5b2413df8df8 {{(pid=118418) process_request /opt/stack/glance/glance/api/middleware/version_negotiation.py:70}}
Nov 29 02:15:55 ubuntu devstack@g-api.service[118418]: DEBUG glance.db.sqlalchemy.api [None req-df64e55b-39f2-40f4-84e3-e86630108820 tempest-ImageDependencyTests-1235080052 tempest-ImageDependencyTests-1235080052-project-member] No image found with ID 5adf5fc5-eed5-4ab7-a66a-5b2413df8df8 {{(pid=118418) _image_get /opt/stack/glance/glance/db/sqlalchemy/api.py:309}}
Nov 29 02:15:55 ubuntu devstack@g-api.service[118418]: [pid: 118418|app: 0|req: 32/65] 127.0.0.1 () {38 vars in 770 bytes} [Fri Nov 29 02:15:55 2024] GET /v2/images/5adf5fc5-eed5-4ab7-a66a-5b2413df8df8 => generated 139 bytes in 7 msecs (HTTP/1.1 404) 4 headers in 164 bytes (1 switches on core 0)
Nov 29 02:16:05 ubuntu devstack@g-api.service[118417]: DEBUG dbcounter [-] [118417] Writing DB stats glance:SELECT=52,glance:UPDATE=9,glance:INSERT=1,glance:DELETE=1 {{(pid=118417) stat_writer /opt/stack/data/venv/lib/python3.10/site-packages/dbcounter.py:115}}
Nov 29 02:16:05 ubuntu devstack@g-api.service[118418]: DEBUG dbcounter [-] [118418] Writing DB stats glance:SELECT=32,glance:INSERT=2,glance:UPDATE=1 {{(pid=118418) stat_writer /opt/stack/data/venv/lib/python3.10/site-packages/dbcounter.py:115}}
