Feb 26 20:55:48 ubuntu devstack@keystone.service[81989]: DEBUG keystone.server.flask.request_processing.req_logging [None req-aac99cff-2aff-42d1-be18-f6263574c670 None None] SCRIPT_NAME: `/identity` {{(pid=81989) log_request_info /opt/stack/keystone/keystone/server/flask/request_processing/req_logging.py:27}}
Feb 26 20:55:48 ubuntu devstack@keystone.service[81989]: DEBUG keystone.server.flask.request_processing.req_logging [None req-aac99cff-2aff-42d1-be18-f6263574c670 None None] PATH_INFO: `/v3/auth/tokens` {{(pid=81989) log_request_info /opt/stack/keystone/keystone/server/flask/request_processing/req_logging.py:28}}
Feb 26 20:55:48 ubuntu devstack@keystone.service[81989]: WARNING keystone.common.password_hashing [None req-aac99cff-2aff-42d1-be18-f6263574c670 None None] Truncating password to algorithm specific maximum length 72 characters.
Feb 26 20:55:48 ubuntu devstack@keystone.service[81989]: DEBUG keystone.auth.core [None req-aac99cff-2aff-42d1-be18-f6263574c670 None None] MFA Rules not processed for user `767633b24e074a94bd4831763a9a8354`. Rule list: `[]` (Enabled: `True`). {{(pid=81989) check_auth_methods_against_rules /opt/stack/keystone/keystone/auth/core.py:476}}
Feb 26 20:55:48 ubuntu devstack@keystone.service[81989]: DEBUG keystone.common.fernet_utils [None req-aac99cff-2aff-42d1-be18-f6263574c670 None None] Loaded 2 Fernet keys from /etc/keystone/fernet-keys/, but `[fernet_tokens] max_active_keys = 3`; perhaps there have not been enough key rotations to reach `max_active_keys` yet? {{(pid=81989) load_keys /opt/stack/keystone/keystone/common/fernet_utils.py:297}}
Feb 26 20:55:48 ubuntu devstack@keystone.service[81989]: [pid: 81989|app: 0|req: 13/24] 10.201.5.82 () {58 vars in 1017 bytes} [Thu Feb 26 20:55:48 2026] POST /identity/v3/auth/tokens => generated 862 bytes in 59 msecs (HTTP/1.1 201) 6 headers in 363 bytes (1 switches on core 0)
Feb 26 20:55:48 ubuntu devstack@keystone.service[81990]: DEBUG keystone.server.flask.request_processing.req_logging [None req-fbc63d52-264f-4dee-a18f-d029c9975eb1 None None] REQUEST_METHOD: `GET` {{(pid=81990) log_request_info /opt/stack/keystone/keystone/server/flask/request_processing/req_logging.py:26}}
Feb 26 20:55:48 ubuntu devstack@keystone.service[81990]: DEBUG keystone.server.flask.request_processing.req_logging [None req-fbc63d52-264f-4dee-a18f-d029c9975eb1 None None] SCRIPT_NAME: `/identity` {{(pid=81990) log_request_info /opt/stack/keystone/keystone/server/flask/request_processing/req_logging.py:27}}
Feb 26 20:55:48 ubuntu devstack@keystone.service[81990]: DEBUG keystone.server.flask.request_processing.req_logging [None req-fbc63d52-264f-4dee-a18f-d029c9975eb1 None None] PATH_INFO: `/` {{(pid=81990) log_request_info /opt/stack/keystone/keystone/server/flask/request_processing/req_logging.py:28}}
Feb 26 20:55:48 ubuntu devstack@keystone.service[81990]: [pid: 81990|app: 0|req: 12/25] 10.201.5.82 () {54 vars in 920 bytes} [Thu Feb 26 20:55:48 2026] GET /identity => generated 270 bytes in 2 msecs (HTTP/1.1 300) 6 headers in 234 bytes (1 switches on core 0)
Feb 26 20:55:48 ubuntu devstack@keystone.service[81989]: DEBUG keystone.server.flask.request_processing.req_logging [None req-d6efc95b-1085-4028-9ff0-8b42bba6c128 None None] REQUEST_METHOD: `POST` {{(pid=81989) log_request_info /opt/stack/keystone/keystone/server/flask/request_processing/req_logging.py:26}}
Feb 26 20:55:48 ubuntu devstack@keystone.service[81989]: DEBUG keystone.server.flask.request_processing.req_logging [None req-d6efc95b-1085-4028-9ff0-8b42bba6c128 None None] SCRIPT_NAME: `/identity` {{(pid=81989) log_request_info /opt/stack/keystone/keystone/server/flask/request_processing/req_logging.py:27}}
Feb 26 20:55:48 ubuntu devstack@keystone.service[81989]: DEBUG keystone.server.flask.request_processing.req_logging [None req-d6efc95b-1085-4028-9ff0-8b42bba6c128 None None] PATH_INFO: `/v3/auth/tokens` {{(pid=81989) log_request_info /opt/stack/keystone/keystone/server/flask/request_processing/req_logging.py:28}}
Feb 26 20:55:48 ubuntu devstack@keystone.service[81989]: WARNING keystone.common.password_hashing [None req-d6efc95b-1085-4028-9ff0-8b42bba6c128 None None] Truncating password to algorithm specific maximum length 72 characters.
Feb 26 20:55:48 ubuntu devstack@keystone.service[81989]: DEBUG keystone.auth.core [None req-d6efc95b-1085-4028-9ff0-8b42bba6c128 None None] MFA Rules not processed for user `767633b24e074a94bd4831763a9a8354`. Rule list: `[]` (Enabled: `True`). {{(pid=81989) check_auth_methods_against_rules /opt/stack/keystone/keystone/auth/core.py:476}}
Feb 26 20:55:48 ubuntu devstack@keystone.service[81989]: DEBUG keystone.common.fernet_utils [None req-d6efc95b-1085-4028-9ff0-8b42bba6c128 None None] Loaded 2 Fernet keys from /etc/keystone/fernet-keys/, but `[fernet_tokens] max_active_keys = 3`; perhaps there have not been enough key rotations to reach `max_active_keys` yet? {{(pid=81989) load_keys /opt/stack/keystone/keystone/common/fernet_utils.py:297}}
Feb 26 20:55:48 ubuntu devstack@keystone.service[81989]: [pid: 81989|app: 0|req: 14/26] 10.201.5.82 () {58 vars in 1017 bytes} [Thu Feb 26 20:55:48 2026] POST /identity/v3/auth/tokens => generated 862 bytes in 50 msecs (HTTP/1.1 201) 6 headers in 363 bytes (2 switches on core 0)
Feb 26 20:55:49 ubuntu devstack@keystone.service[81990]: DEBUG keystone.server.flask.request_processing.middleware.auth_context [None req-fbc63d52-264f-4dee-a18f-d029c9975eb1 None None] Authenticating user token {{(pid=81990) process_request /opt/stack/data/venv/lib/python3.10/site-packages/keystonemiddleware/auth_token/__init__.py:407}}
Feb 26 20:55:49 ubuntu devstack@keystone.service[81989]: DEBUG keystone.server.flask.request_processing.middleware.auth_context [None req-d6efc95b-1085-4028-9ff0-8b42bba6c128 None None] Authenticating user token {{(pid=81989) process_request /opt/stack/data/venv/lib/python3.10/site-packages/keystonemiddleware/auth_token/__init__.py:407}}
Feb 26 20:55:49 ubuntu devstack@keystone.service[81990]: DEBUG keystone.server.flask.request_processing.middleware.auth_context [None req-fbc63d52-264f-4dee-a18f-d029c9975eb1 None None] Validating token access rules against request {{(pid=81990) validate_allowed_request /opt/stack/data/venv/lib/python3.10/site-packages/keystonemiddleware/auth_token/__init__.py:545}}
Feb 26 20:55:49 ubuntu devstack@keystone.service[81989]: DEBUG keystone.server.flask.request_processing.middleware.auth_context [None req-d6efc95b-1085-4028-9ff0-8b42bba6c128 None None] Validating token access rules against request {{(pid=81989) validate_allowed_request /opt/stack/data/venv/lib/python3.10/site-packages/keystonemiddleware/auth_token/__init__.py:545}}
Feb 26 20:55:49 ubuntu devstack@keystone.service[81989]: DEBUG keystone.server.flask.request_processing.middleware.auth_context [None req-d8f96a88-a400-4442-97b7-992f0f0ff215 None admin] RBAC: auth_context: {'token': <TokenModel (audit_id=KqKwk30tQIe6qwAUDIwwpQ, audit_chain_id=['KqKwk30tQIe6qwAUDIwwpQ']) at 0x7f12ada15420>, 'domain_id': None, 'trust_id': None, 'trustor_id': None, 'trustee_id': None, 'domain_name': None, 'group_ids': [], 'user_id': '767633b24e074a94bd4831763a9a8354', 'user_domain_id': 'default', 'system_scope': 'all', 'project_id': None, 'project_domain_id': None, 'roles': ['admin', 'manager', 'member', 'reader'], 'is_admin_project': True, 'service_user_id': None, 'service_user_domain_id': None, 'service_project_id': None, 'service_project_domain_id': None, 'service_roles': []} {{(pid=81989) fill_context /opt/stack/keystone/keystone/server/flask/request_processing/middleware/auth_context.py:509}}
Feb 26 20:55:49 ubuntu devstack@keystone.service[81989]: DEBUG keystone.server.flask.request_processing.req_logging [None req-d8f96a88-a400-4442-97b7-992f0f0ff215 None admin] REQUEST_METHOD: `GET` {{(pid=81989) log_request_info /opt/stack/keystone/keystone/server/flask/request_processing/req_logging.py:26}}
Feb 26 20:55:49 ubuntu devstack@keystone.service[81989]: DEBUG keystone.server.flask.request_processing.req_logging [None req-d8f96a88-a400-4442-97b7-992f0f0ff215 None admin] SCRIPT_NAME: `/identity` {{(pid=81989) log_request_info /opt/stack/keystone/keystone/server/flask/request_processing/req_logging.py:27}}
Feb 26 20:55:49 ubuntu devstack@keystone.service[81990]: DEBUG keystone.server.flask.request_processing.middleware.auth_context [None req-b7810491-b056-4c81-9e8a-309d73d4e530 None admin] RBAC: auth_context: {'token': <TokenModel (audit_id=uk4TMfo0QgO6P07-eUteDg, audit_chain_id=['uk4TMfo0QgO6P07-eUteDg']) at 0x7f12accd2c20>, 'domain_id': None, 'trust_id': None, 'trustor_id': None, 'trustee_id': None, 'domain_name': None, 'group_ids': [], 'user_id': '767633b24e074a94bd4831763a9a8354', 'user_domain_id': 'default', 'system_scope': 'all', 'project_id': None, 'project_domain_id': None, 'roles': ['admin', 'manager', 'member', 'reader'], 'is_admin_project': True, 'service_user_id': None, 'service_user_domain_id': None, 'service_project_id': None, 'service_project_domain_id': None, 'service_roles': []} {{(pid=81990) fill_context /opt/stack/keystone/keystone/server/flask/request_processing/middleware/auth_context.py:509}}
Feb 26 20:55:49 ubuntu devstack@keystone.service[81989]: DEBUG keystone.server.flask.request_processing.req_logging [None req-d8f96a88-a400-4442-97b7-992f0f0ff215 None admin] PATH_INFO: `/v3/roles/admin` {{(pid=81989) log_request_info /opt/stack/keystone/keystone/server/flask/request_processing/req_logging.py:28}}
Feb 26 20:55:49 ubuntu devstack@keystone.service[81990]: DEBUG keystone.server.flask.request_processing.req_logging [None req-b7810491-b056-4c81-9e8a-309d73d4e530 None admin] REQUEST_METHOD: `GET` {{(pid=81990) log_request_info /opt/stack/keystone/keystone/server/flask/request_processing/req_logging.py:26}}
Feb 26 20:55:49 ubuntu devstack@keystone.service[81990]: DEBUG keystone.server.flask.request_processing.req_logging [None req-b7810491-b056-4c81-9e8a-309d73d4e530 None admin] SCRIPT_NAME: `/identity` {{(pid=81990) log_request_info /opt/stack/keystone/keystone/server/flask/request_processing/req_logging.py:27}}
Feb 26 20:55:49 ubuntu devstack@keystone.service[81990]: DEBUG keystone.server.flask.request_processing.req_logging [None req-b7810491-b056-4c81-9e8a-309d73d4e530 None admin] PATH_INFO: `/v3/domains/Default` {{(pid=81990) log_request_info /opt/stack/keystone/keystone/server/flask/request_processing/req_logging.py:28}}
Feb 26 20:55:49 ubuntu devstack@keystone.service[81989]: DEBUG keystone.common.rbac_enforcer.enforcer [None req-d8f96a88-a400-4442-97b7-992f0f0ff215 None admin] Extracting inferred target data resulted in "NOT FOUND (404)". {{(pid=81989) enforce_call /opt/stack/keystone/keystone/common/rbac_enforcer/enforcer.py:445}}
Feb 26 20:55:49 ubuntu devstack@keystone.service[81989]: DEBUG keystone.server.flask.application [None req-d8f96a88-a400-4442-97b7-992f0f0ff215 None admin] Could not find role: admin. {{(pid=81989) _handle_keystone_exception /opt/stack/keystone/keystone/server/flask/application.py:146}}
Feb 26 20:55:49 ubuntu devstack@keystone.service[81989]: [pid: 81989|app: 0|req: 15/27] 10.201.5.82 () {56 vars in 1133 bytes} [Thu Feb 26 20:55:49 2026] GET /identity/v3/roles/admin => generated 83 bytes in 64 msecs (HTTP/1.1 404) 5 headers in 183 bytes (1 switches on core 0)
Feb 26 20:55:49 ubuntu devstack@keystone.service[81990]: DEBUG keystone.common.rbac_enforcer.enforcer [None req-b7810491-b056-4c81-9e8a-309d73d4e530 None admin] RBAC: Authorizing `identity:get_domain(domain_id=Default)` {{(pid=81990) enforce_call /opt/stack/keystone/keystone/common/rbac_enforcer/enforcer.py:494}}
Feb 26 20:55:49 ubuntu devstack@keystone.service[81990]: DEBUG keystone.common.rbac_enforcer.enforcer [None req-b7810491-b056-4c81-9e8a-309d73d4e530 None admin] RBAC: Authorization granted {{(pid=81990) enforce_call /opt/stack/keystone/keystone/common/rbac_enforcer/enforcer.py:505}}
Feb 26 20:55:49 ubuntu devstack@keystone.service[81989]: DEBUG keystone.server.flask.request_processing.middleware.auth_context [None req-d8f96a88-a400-4442-97b7-992f0f0ff215 None admin] Authenticating user token {{(pid=81989) process_request /opt/stack/data/venv/lib/python3.10/site-packages/keystonemiddleware/auth_token/__init__.py:407}}
Feb 26 20:55:49 ubuntu devstack@keystone.service[81990]: DEBUG keystone.server.flask.application [None req-b7810491-b056-4c81-9e8a-309d73d4e530 None admin] Could not find domain: Default. {{(pid=81990) _handle_keystone_exception /opt/stack/keystone/keystone/server/flask/application.py:146}}
Feb 26 20:55:49 ubuntu devstack@keystone.service[81990]: [pid: 81990|app: 0|req: 13/28] 10.201.5.82 () {56 vars in 1145 bytes} [Thu Feb 26 20:55:49 2026] GET /identity/v3/domains/Default => generated 87 bytes in 98 msecs (HTTP/1.1 404) 5 headers in 183 bytes (1 switches on core 0)
Feb 26 20:55:49 ubuntu devstack@keystone.service[81990]: DEBUG keystone.server.flask.request_processing.middleware.auth_context [None req-b7810491-b056-4c81-9e8a-309d73d4e530 None admin] Authenticating user token {{(pid=81990) process_request /opt/stack/data/venv/lib/python3.10/site-packages/keystonemiddleware/auth_token/__init__.py:407}}
Feb 26 20:55:49 ubuntu devstack@keystone.service[81989]: DEBUG keystone.server.flask.request_processing.middleware.auth_context [None req-d8f96a88-a400-4442-97b7-992f0f0ff215 None admin] Validating token access rules against request {{(pid=81989) validate_allowed_request /opt/stack/data/venv/lib/python3.10/site-packages/keystonemiddleware/auth_token/__init__.py:545}}
Feb 26 20:55:49 ubuntu devstack@keystone.service[81989]: DEBUG keystone.server.flask.request_processing.middleware.auth_context [None req-06bee3f6-4620-4be7-ba31-4b359c3a7d78 None admin] RBAC: auth_context: {'token': <TokenModel (audit_id=KqKwk30tQIe6qwAUDIwwpQ, audit_chain_id=['KqKwk30tQIe6qwAUDIwwpQ']) at 0x7f12acb34430>, 'domain_id': None, 'trust_id': None, 'trustor_id': None, 'trustee_id': None, 'domain_name': None, 'group_ids': [], 'user_id': '767633b24e074a94bd4831763a9a8354', 'user_domain_id': 'default', 'system_scope': 'all', 'project_id': None, 'project_domain_id': None, 'roles': ['admin', 'manager', 'member', 'reader'], 'is_admin_project': True, 'service_user_id': None, 'service_user_domain_id': None, 'service_project_id': None, 'service_project_domain_id': None, 'service_roles': []} {{(pid=81989) fill_context /opt/stack/keystone/keystone/server/flask/request_processing/middleware/auth_context.py:509}}
Feb 26 20:55:49 ubuntu devstack@keystone.service[81989]: DEBUG keystone.server.flask.request_processing.req_logging [None req-06bee3f6-4620-4be7-ba31-4b359c3a7d78 None admin] REQUEST_METHOD: `GET` {{(pid=81989) log_request_info /opt/stack/keystone/keystone/server/flask/request_processing/req_logging.py:26}}
Feb 26 20:55:49 ubuntu devstack@keystone.service[81989]: DEBUG keystone.server.flask.request_processing.req_logging [None req-06bee3f6-4620-4be7-ba31-4b359c3a7d78 None admin] SCRIPT_NAME: `/identity` {{(pid=81989) log_request_info /opt/stack/keystone/keystone/server/flask/request_processing/req_logging.py:27}}
Feb 26 20:55:49 ubuntu devstack@keystone.service[81989]: DEBUG keystone.server.flask.request_processing.req_logging [None req-06bee3f6-4620-4be7-ba31-4b359c3a7d78 None admin] PATH_INFO: `/v3/roles` {{(pid=81989) log_request_info /opt/stack/keystone/keystone/server/flask/request_processing/req_logging.py:28}}
Feb 26 20:55:49 ubuntu devstack@keystone.service[81989]: DEBUG keystone.common.rbac_enforcer.enforcer [None req-06bee3f6-4620-4be7-ba31-4b359c3a7d78 None admin] RBAC: Adding query filter params (name=admin) {{(pid=81989) _extract_filter_values /opt/stack/keystone/keystone/common/rbac_enforcer/enforcer.py:176}}
Feb 26 20:55:49 ubuntu devstack@keystone.service[81989]: DEBUG keystone.common.rbac_enforcer.enforcer [None req-06bee3f6-4620-4be7-ba31-4b359c3a7d78 None admin] RBAC: Authorizing `identity:list_roles()` {{(pid=81989) enforce_call /opt/stack/keystone/keystone/common/rbac_enforcer/enforcer.py:494}}
Feb 26 20:55:49 ubuntu devstack@keystone.service[81989]: DEBUG keystone.common.rbac_enforcer.enforcer [None req-06bee3f6-4620-4be7-ba31-4b359c3a7d78 None admin] RBAC: Authorization granted {{(pid=81989) enforce_call /opt/stack/keystone/keystone/common/rbac_enforcer/enforcer.py:505}}
Feb 26 20:55:49 ubuntu devstack@keystone.service[81989]: [pid: 81989|app: 0|req: 16/29] 10.201.5.82 () {56 vars in 1149 bytes} [Thu Feb 26 20:55:49 2026] GET /identity/v3/roles?name=admin => generated 339 bytes in 61 msecs (HTTP/1.1 200) 5 headers in 177 bytes (1 switches on core 0)
Feb 26 20:55:49 ubuntu devstack@keystone.service[81989]: DEBUG keystone.server.flask.request_processing.req_logging [None req-c1a32e53-3250-44be-9ae8-2ff6827c1304 None None] REQUEST_METHOD: `GET` {{(pid=81989) log_request_info /opt/stack/keystone/keystone/server/flask/request_processing/req_logging.py:26}}
Feb 26 20:55:49 ubuntu devstack@keystone.service[81989]: DEBUG keystone.server.flask.request_processing.req_logging [None req-c1a32e53-3250-44be-9ae8-2ff6827c1304 None None] SCRIPT_NAME: `/identity` {{(pid=81989) log_request_info /opt/stack/keystone/keystone/server/flask/request_processing/req_logging.py:27}}
Feb 26 20:55:49 ubuntu devstack@keystone.service[81989]: DEBUG keystone.server.flask.request_processing.req_logging [None req-c1a32e53-3250-44be-9ae8-2ff6827c1304 None None] PATH_INFO: `/` {{(pid=81989) log_request_info /opt/stack/keystone/keystone/server/flask/request_processing/req_logging.py:28}}
Feb 26 20:55:49 ubuntu devstack@keystone.service[81989]: [pid: 81989|app: 0|req: 17/30] 10.201.5.82 () {54 vars in 920 bytes} [Thu Feb 26 20:55:49 2026] GET /identity => generated 270 bytes in 1 msecs (HTTP/1.1 300) 6 headers in 234 bytes (1 switches on core 0)
Feb 26 20:55:49 ubuntu devstack@keystone.service[81989]: DEBUG keystone.server.flask.request_processing.middleware.auth_context [None req-c1a32e53-3250-44be-9ae8-2ff6827c1304 None None] Authenticating user token {{(pid=81989) process_request /opt/stack/data/venv/lib/python3.10/site-packages/keystonemiddleware/auth_token/__init__.py:407}}
Feb 26 20:55:49 ubuntu devstack@keystone.service[81990]: DEBUG keystone.server.flask.request_processing.middleware.auth_context [None req-b7810491-b056-4c81-9e8a-309d73d4e530 None admin] Validating token access rules against request {{(pid=81990) validate_allowed_request /opt/stack/data/venv/lib/python3.10/site-packages/keystonemiddleware/auth_token/__init__.py:545}}
Feb 26 20:55:49 ubuntu devstack@keystone.service[81989]: DEBUG keystone.server.flask.request_processing.middleware.auth_context [None req-c1a32e53-3250-44be-9ae8-2ff6827c1304 None None] Validating token access rules against request {{(pid=81989) validate_allowed_request /opt/stack/data/venv/lib/python3.10/site-packages/keystonemiddleware/auth_token/__init__.py:545}}
Feb 26 20:55:49 ubuntu devstack@keystone.service[81989]: DEBUG keystone.server.flask.request_processing.middleware.auth_context [None req-1b944e5b-0786-4e8c-93d0-c174c346f80c None admin] RBAC: auth_context: {'token': <TokenModel (audit_id=KqKwk30tQIe6qwAUDIwwpQ, audit_chain_id=['KqKwk30tQIe6qwAUDIwwpQ']) at 0x7f12acb37460>, 'domain_id': None, 'trust_id': None, 'trustor_id': None, 'trustee_id': None, 'domain_name': None, 'group_ids': [], 'user_id': '767633b24e074a94bd4831763a9a8354', 'user_domain_id': 'default', 'system_scope': 'all', 'project_id': None, 'project_domain_id': None, 'roles': ['admin', 'manager', 'member', 'reader'], 'is_admin_project': True, 'service_user_id': None, 'service_user_domain_id': None, 'service_project_id': None, 'service_project_domain_id': None, 'service_roles': []} {{(pid=81989) fill_context /opt/stack/keystone/keystone/server/flask/request_processing/middleware/auth_context.py:509}}
Feb 26 20:55:49 ubuntu devstack@keystone.service[81989]: DEBUG keystone.server.flask.request_processing.req_logging [None req-1b944e5b-0786-4e8c-93d0-c174c346f80c None admin] REQUEST_METHOD: `GET` {{(pid=81989) log_request_info /opt/stack/keystone/keystone/server/flask/request_processing/req_logging.py:26}}
Feb 26 20:55:49 ubuntu devstack@keystone.service[81989]: DEBUG keystone.server.flask.request_processing.req_logging [None req-1b944e5b-0786-4e8c-93d0-c174c346f80c None admin] SCRIPT_NAME: `/identity` {{(pid=81989) log_request_info /opt/stack/keystone/keystone/server/flask/request_processing/req_logging.py:27}}
Feb 26 20:55:49 ubuntu devstack@keystone.service[81989]: DEBUG keystone.server.flask.request_processing.req_logging [None req-1b944e5b-0786-4e8c-93d0-c174c346f80c None admin] PATH_INFO: `/v3/users/767633b24e074a94bd4831763a9a8354` {{(pid=81989) log_request_info /opt/stack/keystone/keystone/server/flask/request_processing/req_logging.py:28}}
Feb 26 20:55:49 ubuntu devstack@keystone.service[81989]: DEBUG keystone.common.rbac_enforcer.enforcer [None req-1b944e5b-0786-4e8c-93d0-c174c346f80c None admin] RBAC: Authorizing `identity:get_user(user_id=767633b24e074a94bd4831763a9a8354)` {{(pid=81989) enforce_call /opt/stack/keystone/keystone/common/rbac_enforcer/enforcer.py:494}}
Feb 26 20:55:49 ubuntu devstack@keystone.service[81989]: DEBUG keystone.common.rbac_enforcer.enforcer [None req-1b944e5b-0786-4e8c-93d0-c174c346f80c None admin] RBAC: Authorization granted {{(pid=81989) enforce_call /opt/stack/keystone/keystone/common/rbac_enforcer/enforcer.py:505}}
Feb 26 20:55:49 ubuntu devstack@keystone.service[81989]: [pid: 81989|app: 0|req: 18/31] 10.201.5.82 () {56 vars in 1214 bytes} [Thu Feb 26 20:55:49 2026] GET /identity/v3/users/767633b24e074a94bd4831763a9a8354 => generated 247 bytes in 57 msecs (HTTP/1.1 200) 5 headers in 177 bytes (1 switches on core 0)
Feb 26 20:55:49 ubuntu devstack@keystone.service[81989]: DEBUG keystone.server.flask.request_processing.req_logging [None req-aec0a9a7-12e2-456d-a80e-32b42f211399 None None] REQUEST_METHOD: `POST` {{(pid=81989) log_request_info /opt/stack/keystone/keystone/server/flask/request_processing/req_logging.py:26}}
Feb 26 20:55:49 ubuntu devstack@keystone.service[81989]: DEBUG keystone.server.flask.request_processing.req_logging [None req-aec0a9a7-12e2-456d-a80e-32b42f211399 None None] SCRIPT_NAME: `/identity` {{(pid=81989) log_request_info /opt/stack/keystone/keystone/server/flask/request_processing/req_logging.py:27}}
Feb 26 20:55:49 ubuntu devstack@keystone.service[81990]: DEBUG keystone.server.flask.request_processing.middleware.auth_context [None req-eca8d963-d0eb-4860-bd20-2f72dbb1a75d None admin] RBAC: auth_context: {'token': <TokenModel (audit_id=uk4TMfo0QgO6P07-eUteDg, audit_chain_id=['uk4TMfo0QgO6P07-eUteDg']) at 0x7f12acd24910>, 'domain_id': None, 'trust_id': None, 'trustor_id': None, 'trustee_id': None, 'domain_name': None, 'group_ids': [], 'user_id': '767633b24e074a94bd4831763a9a8354', 'user_domain_id': 'default', 'system_scope': 'all', 'project_id': None, 'project_domain_id': None, 'roles': ['admin', 'manager', 'member', 'reader'], 'is_admin_project': True, 'service_user_id': None, 'service_user_domain_id': None, 'service_project_id': None, 'service_project_domain_id': None, 'service_roles': []} {{(pid=81990) fill_context /opt/stack/keystone/keystone/server/flask/request_processing/middleware/auth_context.py:509}}
Feb 26 20:55:49 ubuntu devstack@keystone.service[81989]: DEBUG keystone.server.flask.request_processing.req_logging [None req-aec0a9a7-12e2-456d-a80e-32b42f211399 None None] PATH_INFO: `/v3/auth/tokens` {{(pid=81989) log_request_info /opt/stack/keystone/keystone/server/flask/request_processing/req_logging.py:28}}
Feb 26 20:55:49 ubuntu devstack@keystone.service[81990]: DEBUG keystone.server.flask.request_processing.req_logging [None req-eca8d963-d0eb-4860-bd20-2f72dbb1a75d None admin] REQUEST_METHOD: `GET` {{(pid=81990) log_request_info /opt/stack/keystone/keystone/server/flask/request_processing/req_logging.py:26}}
Feb 26 20:55:49 ubuntu devstack@keystone.service[81990]: DEBUG keystone.server.flask.request_processing.req_logging [None req-eca8d963-d0eb-4860-bd20-2f72dbb1a75d None admin] SCRIPT_NAME: `/identity` {{(pid=81990) log_request_info /opt/stack/keystone/keystone/server/flask/request_processing/req_logging.py:27}}
Feb 26 20:55:49 ubuntu devstack@keystone.service[81990]: DEBUG keystone.server.flask.request_processing.req_logging [None req-eca8d963-d0eb-4860-bd20-2f72dbb1a75d None admin] PATH_INFO: `/v3/domains` {{(pid=81990) log_request_info /opt/stack/keystone/keystone/server/flask/request_processing/req_logging.py:28}}
Feb 26 20:55:49 ubuntu devstack@keystone.service[81990]: DEBUG keystone.common.rbac_enforcer.enforcer [None req-eca8d963-d0eb-4860-bd20-2f72dbb1a75d None admin] RBAC: Adding query filter params (name=Default) {{(pid=81990) _extract_filter_values /opt/stack/keystone/keystone/common/rbac_enforcer/enforcer.py:176}}
Feb 26 20:55:49 ubuntu devstack@keystone.service[81990]: DEBUG keystone.common.rbac_enforcer.enforcer [None req-eca8d963-d0eb-4860-bd20-2f72dbb1a75d None admin] RBAC: Authorizing `identity:list_domains()` {{(pid=81990) enforce_call /opt/stack/keystone/keystone/common/rbac_enforcer/enforcer.py:494}}
Feb 26 20:55:49 ubuntu devstack@keystone.service[81990]: DEBUG keystone.common.rbac_enforcer.enforcer [None req-eca8d963-d0eb-4860-bd20-2f72dbb1a75d None admin] RBAC: Authorization granted {{(pid=81990) enforce_call /opt/stack/keystone/keystone/common/rbac_enforcer/enforcer.py:505}}
Feb 26 20:55:49 ubuntu devstack@keystone.service[81989]: WARNING keystone.common.password_hashing [None req-aec0a9a7-12e2-456d-a80e-32b42f211399 None None] Truncating password to algorithm specific maximum length 72 characters.
Feb 26 20:55:49 ubuntu devstack@keystone.service[81989]: DEBUG keystone.auth.core [None req-aec0a9a7-12e2-456d-a80e-32b42f211399 None None] MFA Rules not processed for user `767633b24e074a94bd4831763a9a8354`. Rule list: `[]` (Enabled: `True`). {{(pid=81989) check_auth_methods_against_rules /opt/stack/keystone/keystone/auth/core.py:476}}
Feb 26 20:55:49 ubuntu devstack@keystone.service[81989]: DEBUG keystone.common.fernet_utils [None req-aec0a9a7-12e2-456d-a80e-32b42f211399 None None] Loaded 2 Fernet keys from /etc/keystone/fernet-keys/, but `[fernet_tokens] max_active_keys = 3`; perhaps there have not been enough key rotations to reach `max_active_keys` yet? {{(pid=81989) load_keys /opt/stack/keystone/keystone/common/fernet_utils.py:297}}
Feb 26 20:55:49 ubuntu devstack@keystone.service[81990]: [pid: 81990|app: 0|req: 14/32] 10.201.5.82 () {56 vars in 1159 bytes} [Thu Feb 26 20:55:49 2026] GET /identity/v3/domains?name=Default => generated 308 bytes in 152 msecs (HTTP/1.1 200) 5 headers in 177 bytes (1 switches on core 0)
Feb 26 20:55:49 ubuntu devstack@keystone.service[81990]: DEBUG keystone.server.flask.request_processing.middleware.auth_context [None req-eca8d963-d0eb-4860-bd20-2f72dbb1a75d None admin] Authenticating user token {{(pid=81990) process_request /opt/stack/data/venv/lib/python3.10/site-packages/keystonemiddleware/auth_token/__init__.py:407}}
Feb 26 20:55:49 ubuntu devstack@keystone.service[81989]: [pid: 81989|app: 0|req: 19/33] 10.201.5.82 () {58 vars in 1017 bytes} [Thu Feb 26 20:55:49 2026] POST /identity/v3/auth/tokens => generated 862 bytes in 53 msecs (HTTP/1.1 201) 6 headers in 363 bytes (1 switches on core 0)
Feb 26 20:55:49 ubuntu devstack@keystone.service[81989]: DEBUG keystone.server.flask.request_processing.middleware.auth_context [None req-aec0a9a7-12e2-456d-a80e-32b42f211399 None None] Authenticating user token {{(pid=81989) process_request /opt/stack/data/venv/lib/python3.10/site-packages/keystonemiddleware/auth_token/__init__.py:407}}
Feb 26 20:55:49 ubuntu devstack@keystone.service[81989]: DEBUG keystone.server.flask.request_processing.middleware.auth_context [None req-aec0a9a7-12e2-456d-a80e-32b42f211399 None None] Validating token access rules against request {{(pid=81989) validate_allowed_request /opt/stack/data/venv/lib/python3.10/site-packages/keystonemiddleware/auth_token/__init__.py:545}}
Feb 26 20:55:49 ubuntu devstack@keystone.service[81989]: DEBUG keystone.server.flask.request_processing.middleware.auth_context [None req-dbb67f8f-95ac-42bf-9c46-afa12c66d6c4 None admin] RBAC: auth_context: {'token': <TokenModel (audit_id=uk4TMfo0QgO6P07-eUteDg, audit_chain_id=['uk4TMfo0QgO6P07-eUteDg']) at 0x7f12ada17c10>, 'domain_id': None, 'trust_id': None, 'trustor_id': None, 'trustee_id': None, 'domain_name': None, 'group_ids': [], 'user_id': '767633b24e074a94bd4831763a9a8354', 'user_domain_id': 'default', 'system_scope': 'all', 'project_id': None, 'project_domain_id': None, 'roles': ['admin', 'manager', 'member', 'reader'], 'is_admin_project': True, 'service_user_id': None, 'service_user_domain_id': None, 'service_project_id': None, 'service_project_domain_id': None, 'service_roles': []} {{(pid=81989) fill_context /opt/stack/keystone/keystone/server/flask/request_processing/middleware/auth_context.py:509}}
Feb 26 20:55:49 ubuntu devstack@keystone.service[81989]: DEBUG keystone.server.flask.request_processing.req_logging [None req-dbb67f8f-95ac-42bf-9c46-afa12c66d6c4 None admin] REQUEST_METHOD: `POST` {{(pid=81989) log_request_info /opt/stack/keystone/keystone/server/flask/request_processing/req_logging.py:26}}
Feb 26 20:55:49 ubuntu devstack@keystone.service[81989]: DEBUG keystone.server.flask.request_processing.req_logging [None req-dbb67f8f-95ac-42bf-9c46-afa12c66d6c4 None admin] SCRIPT_NAME: `/identity` {{(pid=81989) log_request_info /opt/stack/keystone/keystone/server/flask/request_processing/req_logging.py:27}}
Feb 26 20:55:49 ubuntu devstack@keystone.service[81989]: DEBUG keystone.server.flask.request_processing.req_logging [None req-dbb67f8f-95ac-42bf-9c46-afa12c66d6c4 None admin] PATH_INFO: `/v3/projects` {{(pid=81989) log_request_info /opt/stack/keystone/keystone/server/flask/request_processing/req_logging.py:28}}
Feb 26 20:55:49 ubuntu devstack@keystone.service[81989]: DEBUG keystone.common.rbac_enforcer.enforcer [None req-dbb67f8f-95ac-42bf-9c46-afa12c66d6c4 None admin] RBAC: Authorizing `identity:create_project()` {{(pid=81989) enforce_call /opt/stack/keystone/keystone/common/rbac_enforcer/enforcer.py:494}}
Feb 26 20:55:49 ubuntu devstack@keystone.service[81989]: DEBUG keystone.common.rbac_enforcer.enforcer [None req-dbb67f8f-95ac-42bf-9c46-afa12c66d6c4 None admin] RBAC: Authorization granted {{(pid=81989) enforce_call /opt/stack/keystone/keystone/common/rbac_enforcer/enforcer.py:505}}
Feb 26 20:55:49 ubuntu devstack@keystone.service[81989]: [pid: 81989|app: 0|req: 20/34] 10.201.5.82 () {60 vars in 1177 bytes} [Thu Feb 26 20:55:49 2026] POST /identity/v3/projects => generated 301 bytes in 69 msecs (HTTP/1.1 201) 5 headers in 182 bytes (1 switches on core 0)
Feb 26 20:55:49 ubuntu devstack@keystone.service[81989]: DEBUG keystone.server.flask.request_processing.req_logging [None req-f8862630-21a7-49cd-b8d9-019c29e89d03 None None] REQUEST_METHOD: `GET` {{(pid=81989) log_request_info /opt/stack/keystone/keystone/server/flask/request_processing/req_logging.py:26}}
Feb 26 20:55:49 ubuntu devstack@keystone.service[81989]: DEBUG keystone.server.flask.request_processing.req_logging [None req-f8862630-21a7-49cd-b8d9-019c29e89d03 None None] SCRIPT_NAME: `/identity` {{(pid=81989) log_request_info /opt/stack/keystone/keystone/server/flask/request_processing/req_logging.py:27}}
Feb 26 20:55:49 ubuntu devstack@keystone.service[81989]: DEBUG keystone.server.flask.request_processing.req_logging [None req-f8862630-21a7-49cd-b8d9-019c29e89d03 None None] PATH_INFO: `/` {{(pid=81989) log_request_info /opt/stack/keystone/keystone/server/flask/request_processing/req_logging.py:28}}
Feb 26 20:55:49 ubuntu devstack@keystone.service[81989]: [pid: 81989|app: 0|req: 21/35] 10.201.5.82 () {54 vars in 920 bytes} [Thu Feb 26 20:55:49 2026] GET /identity => generated 270 bytes in 1 msecs (HTTP/1.1 300) 6 headers in 234 bytes (1 switches on core 0)
Feb 26 20:55:49 ubuntu devstack@keystone.service[81989]: DEBUG keystone.server.flask.request_processing.req_logging [None req-c7f7a6f7-a053-47d0-ab20-23a030e7339f None None] REQUEST_METHOD: `POST` {{(pid=81989) log_request_info /opt/stack/keystone/keystone/server/flask/request_processing/req_logging.py:26}}
Feb 26 20:55:49 ubuntu devstack@keystone.service[81989]: DEBUG keystone.server.flask.request_processing.req_logging [None req-c7f7a6f7-a053-47d0-ab20-23a030e7339f None None] SCRIPT_NAME: `/identity` {{(pid=81989) log_request_info /opt/stack/keystone/keystone/server/flask/request_processing/req_logging.py:27}}
Feb 26 20:55:49 ubuntu devstack@keystone.service[81989]: DEBUG keystone.server.flask.request_processing.req_logging [None req-c7f7a6f7-a053-47d0-ab20-23a030e7339f None None] PATH_INFO: `/v3/auth/tokens` {{(pid=81989) log_request_info /opt/stack/keystone/keystone/server/flask/request_processing/req_logging.py:28}}
Feb 26 20:55:49 ubuntu devstack@keystone.service[81989]: WARNING keystone.common.password_hashing [None req-c7f7a6f7-a053-47d0-ab20-23a030e7339f None None] Truncating password to algorithm specific maximum length 72 characters.
Feb 26 20:55:49 ubuntu devstack@keystone.service[81989]: DEBUG keystone.auth.core [None req-c7f7a6f7-a053-47d0-ab20-23a030e7339f None None] MFA Rules not processed for user `767633b24e074a94bd4831763a9a8354`. Rule list: `[]` (Enabled: `True`). {{(pid=81989) check_auth_methods_against_rules /opt/stack/keystone/keystone/auth/core.py:476}}
Feb 26 20:55:49 ubuntu devstack@keystone.service[81989]: DEBUG keystone.common.fernet_utils [None req-c7f7a6f7-a053-47d0-ab20-23a030e7339f None None] Loaded 2 Fernet keys from /etc/keystone/fernet-keys/, but `[fernet_tokens] max_active_keys = 3`; perhaps there have not been enough key rotations to reach `max_active_keys` yet? {{(pid=81989) load_keys /opt/stack/keystone/keystone/common/fernet_utils.py:297}}
Feb 26 20:55:49 ubuntu devstack@keystone.service[81990]: DEBUG keystone.server.flask.request_processing.middleware.auth_context [None req-eca8d963-d0eb-4860-bd20-2f72dbb1a75d None admin] Validating token access rules against request {{(pid=81990) validate_allowed_request /opt/stack/data/venv/lib/python3.10/site-packages/keystonemiddleware/auth_token/__init__.py:545}}
Feb 26 20:55:49 ubuntu devstack@keystone.service[81989]: [pid: 81989|app: 0|req: 22/36] 10.201.5.82 () {58 vars in 1017 bytes} [Thu Feb 26 20:55:49 2026] POST /identity/v3/auth/tokens => generated 862 bytes in 51 msecs (HTTP/1.1 201) 6 headers in 363 bytes (2 switches on core 0)
Feb 26 20:55:49 ubuntu devstack@keystone.service[81990]: DEBUG keystone.server.flask.request_processing.middleware.auth_context [None req-353f9001-538c-4ad4-9354-35eab1a51a51 None admin] RBAC: auth_context: {'token': <TokenModel (audit_id=KqKwk30tQIe6qwAUDIwwpQ, audit_chain_id=['KqKwk30tQIe6qwAUDIwwpQ']) at 0x7f12acd24820>, 'domain_id': None, 'trust_id': None, 'trustor_id': None, 'trustee_id': None, 'domain_name': None, 'group_ids': [], 'user_id': '767633b24e074a94bd4831763a9a8354', 'user_domain_id': 'default', 'system_scope': 'all', 'project_id': None, 'project_domain_id': None, 'roles': ['admin', 'manager', 'member', 'reader'], 'is_admin_project': True, 'service_user_id': None, 'service_user_domain_id': None, 'service_project_id': None, 'service_project_domain_id': None, 'service_roles': []} {{(pid=81990) fill_context /opt/stack/keystone/keystone/server/flask/request_processing/middleware/auth_context.py:509}}
Feb 26 20:55:49 ubuntu devstack@keystone.service[81990]: DEBUG keystone.server.flask.request_processing.req_logging [None req-353f9001-538c-4ad4-9354-35eab1a51a51 None admin] REQUEST_METHOD: `GET` {{(pid=81990) log_request_info /opt/stack/keystone/keystone/server/flask/request_processing/req_logging.py:26}}
Feb 26 20:55:49 ubuntu devstack@keystone.service[81990]: DEBUG keystone.server.flask.request_processing.req_logging [None req-353f9001-538c-4ad4-9354-35eab1a51a51 None admin] SCRIPT_NAME: `/identity` {{(pid=81990) log_request_info /opt/stack/keystone/keystone/server/flask/request_processing/req_logging.py:27}}
Feb 26 20:55:49 ubuntu devstack@keystone.service[81990]: DEBUG keystone.server.flask.request_processing.req_logging [None req-353f9001-538c-4ad4-9354-35eab1a51a51 None admin] PATH_INFO: `/v3/domains/default` {{(pid=81990) log_request_info /opt/stack/keystone/keystone/server/flask/request_processing/req_logging.py:28}}
Feb 26 20:55:49 ubuntu devstack@keystone.service[81990]: DEBUG keystone.common.rbac_enforcer.enforcer [None req-353f9001-538c-4ad4-9354-35eab1a51a51 None admin] RBAC: Authorizing `identity:get_domain(domain_id=default)` {{(pid=81990) enforce_call /opt/stack/keystone/keystone/common/rbac_enforcer/enforcer.py:494}}
Feb 26 20:55:49 ubuntu devstack@keystone.service[81990]: DEBUG keystone.common.rbac_enforcer.enforcer [None req-353f9001-538c-4ad4-9354-35eab1a51a51 None admin] RBAC: Authorization granted {{(pid=81990) enforce_call /opt/stack/keystone/keystone/common/rbac_enforcer/enforcer.py:505}}
Feb 26 20:55:49 ubuntu devstack@keystone.service[81990]: [pid: 81990|app: 0|req: 15/37] 10.201.5.82 () {56 vars in 1145 bytes} [Thu Feb 26 20:55:49 2026] GET /identity/v3/domains/default => generated 199 bytes in 172 msecs (HTTP/1.1 200) 5 headers in 177 bytes (1 switches on core 0)
Feb 26 20:55:49 ubuntu devstack@keystone.service[81989]: DEBUG keystone.server.flask.request_processing.middleware.auth_context [None req-c7f7a6f7-a053-47d0-ab20-23a030e7339f None None] Authenticating user token {{(pid=81989) process_request /opt/stack/data/venv/lib/python3.10/site-packages/keystonemiddleware/auth_token/__init__.py:407}}
Feb 26 20:55:49 ubuntu devstack@keystone.service[81990]: DEBUG keystone.server.flask.request_processing.middleware.auth_context [None req-353f9001-538c-4ad4-9354-35eab1a51a51 None admin] Authenticating user token {{(pid=81990) process_request /opt/stack/data/venv/lib/python3.10/site-packages/keystonemiddleware/auth_token/__init__.py:407}}
Feb 26 20:55:49 ubuntu devstack@keystone.service[81989]: DEBUG keystone.server.flask.request_processing.middleware.auth_context [None req-c7f7a6f7-a053-47d0-ab20-23a030e7339f None None] Validating token access rules against request {{(pid=81989) validate_allowed_request /opt/stack/data/venv/lib/python3.10/site-packages/keystonemiddleware/auth_token/__init__.py:545}}
Feb 26 20:55:49 ubuntu devstack@keystone.service[81989]: DEBUG keystone.server.flask.request_processing.middleware.auth_context [None req-5438c08b-6016-4938-b9f2-6ff570e0a5c6 None admin] RBAC: auth_context: {'token': <TokenModel (audit_id=KqKwk30tQIe6qwAUDIwwpQ, audit_chain_id=['KqKwk30tQIe6qwAUDIwwpQ']) at 0x7f12acdfef50>, 'domain_id': None, 'trust_id': None, 'trustor_id': None, 'trustee_id': None, 'domain_name': None, 'group_ids': [], 'user_id': '767633b24e074a94bd4831763a9a8354', 'user_domain_id': 'default', 'system_scope': 'all', 'project_id': None, 'project_domain_id': None, 'roles': ['admin', 'manager', 'member', 'reader'], 'is_admin_project': True, 'service_user_id': None, 'service_user_domain_id': None, 'service_project_id': None, 'service_project_domain_id': None, 'service_roles': []} {{(pid=81989) fill_context /opt/stack/keystone/keystone/server/flask/request_processing/middleware/auth_context.py:509}}
Feb 26 20:55:49 ubuntu devstack@keystone.service[81989]: DEBUG keystone.server.flask.request_processing.req_logging [None req-5438c08b-6016-4938-b9f2-6ff570e0a5c6 None admin] REQUEST_METHOD: `GET` {{(pid=81989) log_request_info /opt/stack/keystone/keystone/server/flask/request_processing/req_logging.py:26}}
Feb 26 20:55:49 ubuntu devstack@keystone.service[81989]: DEBUG keystone.server.flask.request_processing.req_logging [None req-5438c08b-6016-4938-b9f2-6ff570e0a5c6 None admin] SCRIPT_NAME: `/identity` {{(pid=81989) log_request_info /opt/stack/keystone/keystone/server/flask/request_processing/req_logging.py:27}}
Feb 26 20:55:49 ubuntu devstack@keystone.service[81989]: DEBUG keystone.server.flask.request_processing.req_logging [None req-5438c08b-6016-4938-b9f2-6ff570e0a5c6 None admin] PATH_INFO: `/v3/role_assignments` {{(pid=81989) log_request_info /opt/stack/keystone/keystone/server/flask/request_processing/req_logging.py:28}}
Feb 26 20:55:49 ubuntu devstack@keystone.service[81989]: DEBUG keystone.common.rbac_enforcer.enforcer [None req-5438c08b-6016-4938-b9f2-6ff570e0a5c6 None admin] RBAC: Adding query filter params (role.id=865082f0a354492faa63fcb1585a0e48, scope.domain.id=default, user.id=767633b24e074a94bd4831763a9a8354) {{(pid=81989) _extract_filter_values /opt/stack/keystone/keystone/common/rbac_enforcer/enforcer.py:176}}
Feb 26 20:55:49 ubuntu devstack@keystone.service[81989]: DEBUG keystone.common.rbac_enforcer.enforcer [None req-5438c08b-6016-4938-b9f2-6ff570e0a5c6 None admin] RBAC: Authorizing `identity:list_role_assignments()` {{(pid=81989) enforce_call /opt/stack/keystone/keystone/common/rbac_enforcer/enforcer.py:494}}
Feb 26 20:55:49 ubuntu devstack@keystone.service[81990]: DEBUG keystone.server.flask.request_processing.middleware.auth_context [None req-353f9001-538c-4ad4-9354-35eab1a51a51 None admin] Validating token access rules against request {{(pid=81990) validate_allowed_request /opt/stack/data/venv/lib/python3.10/site-packages/keystonemiddleware/auth_token/__init__.py:545}}
Feb 26 20:55:49 ubuntu devstack@keystone.service[81989]: DEBUG keystone.common.rbac_enforcer.enforcer [None req-5438c08b-6016-4938-b9f2-6ff570e0a5c6 None admin] RBAC: Authorization granted {{(pid=81989) enforce_call /opt/stack/keystone/keystone/common/rbac_enforcer/enforcer.py:505}}
Feb 26 20:55:49 ubuntu devstack@keystone.service[81989]: [pid: 81989|app: 0|req: 23/38] 10.201.5.82 () {56 vars in 1372 bytes} [Thu Feb 26 20:55:49 2026] GET /identity/v3/role_assignments?role.id=865082f0a354492faa63fcb1585a0e48&scope.domain.id=default&user.id=767633b24e074a94bd4831763a9a8354 => generated 530 bytes in 103 msecs (HTTP/1.1 200) 5 headers in 177 bytes (1 switches on core 0)
Feb 26 20:55:49 ubuntu devstack@keystone.service[81990]: DEBUG keystone.server.flask.request_processing.middleware.auth_context [None req-e66bb105-b7bf-49a8-857e-57ba3114557b None admin] RBAC: auth_context: {'token': <TokenModel (audit_id=3XeutvBDRL-7NTtXMQQ_vw, audit_chain_id=['3XeutvBDRL-7NTtXMQQ_vw']) at 0x7f12acd39b70>, 'domain_id': None, 'trust_id': None, 'trustor_id': None, 'trustee_id': None, 'domain_name': None, 'group_ids': [], 'user_id': '767633b24e074a94bd4831763a9a8354', 'user_domain_id': 'default', 'system_scope': 'all', 'project_id': None, 'project_domain_id': None, 'roles': ['admin', 'manager', 'member', 'reader'], 'is_admin_project': True, 'service_user_id': None, 'service_user_domain_id': None, 'service_project_id': None, 'service_project_domain_id': None, 'service_roles': []} {{(pid=81990) fill_context /opt/stack/keystone/keystone/server/flask/request_processing/middleware/auth_context.py:509}}
Feb 26 20:55:49 ubuntu devstack@keystone.service[81990]: DEBUG keystone.server.flask.request_processing.req_logging [None req-e66bb105-b7bf-49a8-857e-57ba3114557b None admin] REQUEST_METHOD: `POST` {{(pid=81990) log_request_info /opt/stack/keystone/keystone/server/flask/request_processing/req_logging.py:26}}
Feb 26 20:55:49 ubuntu devstack@keystone.service[81990]: DEBUG keystone.server.flask.request_processing.req_logging [None req-e66bb105-b7bf-49a8-857e-57ba3114557b None admin] SCRIPT_NAME: `/identity` {{(pid=81990) log_request_info /opt/stack/keystone/keystone/server/flask/request_processing/req_logging.py:27}}
Feb 26 20:55:49 ubuntu devstack@keystone.service[81990]: DEBUG keystone.server.flask.request_processing.req_logging [None req-e66bb105-b7bf-49a8-857e-57ba3114557b None admin] PATH_INFO: `/v3/roles` {{(pid=81990) log_request_info /opt/stack/keystone/keystone/server/flask/request_processing/req_logging.py:28}}
Feb 26 20:55:49 ubuntu devstack@keystone.service[81990]: DEBUG keystone.common.rbac_enforcer.enforcer [None req-e66bb105-b7bf-49a8-857e-57ba3114557b None admin] RBAC: Authorizing `identity:create_role()` {{(pid=81990) enforce_call /opt/stack/keystone/keystone/common/rbac_enforcer/enforcer.py:494}}
Feb 26 20:55:49 ubuntu devstack@keystone.service[81990]: DEBUG keystone.common.rbac_enforcer.enforcer [None req-e66bb105-b7bf-49a8-857e-57ba3114557b None admin] RBAC: Authorization granted {{(pid=81990) enforce_call /opt/stack/keystone/keystone/common/rbac_enforcer/enforcer.py:505}}
Feb 26 20:55:49 ubuntu devstack@keystone.service[81990]: DEBUG keystone.common.sql.core [None req-e66bb105-b7bf-49a8-857e-57ba3114557b None admin] Conflict role: (pymysql.err.IntegrityError) (1062, "Duplicate entry 'service-<<null>>' for key 'role.ixu_role_name_domain_id'")
Feb 26 20:55:49 ubuntu devstack@keystone.service[81990]: [SQL: INSERT INTO `role` (id, name, description, extra) VALUES (%(id)s, %(name)s, %(description)s, %(extra)s)]
Feb 26 20:55:49 ubuntu devstack@keystone.service[81990]: [parameters: {'id': 'a66cb94bbb644ab9849b00b05375055d', 'name': 'service', 'description': None, 'extra': '{}'}]
Feb 26 20:55:49 ubuntu devstack@keystone.service[81990]: (Background on this error at: https://sqlalche.me/e/20/gkpj) {{(pid=81990) wrapper /opt/stack/keystone/keystone/common/sql/core.py:580}}
Feb 26 20:55:49 ubuntu devstack@keystone.service[81990]: ERROR keystone.server.flask.application [None req-e66bb105-b7bf-49a8-857e-57ba3114557b None admin] Conflict occurred attempting to store role - Duplicate entry found with name service.: keystone.exception.Conflict: Conflict occurred attempting to store role - Duplicate entry found with name service.
Feb 26 20:55:49 ubuntu devstack@keystone.service[81990]: ERROR keystone.server.flask.application Traceback (most recent call last):
Feb 26 20:55:49 ubuntu devstack@keystone.service[81990]: ERROR keystone.server.flask.application   File "/opt/stack/data/venv/lib/python3.10/site-packages/sqlalchemy/engine/base.py", line 1967, in _exec_single_context
Feb 26 20:55:49 ubuntu devstack@keystone.service[81990]: ERROR keystone.server.flask.application     self.dialect.do_execute(
Feb 26 20:55:49 ubuntu devstack@keystone.service[81990]: ERROR keystone.server.flask.application   File "/opt/stack/data/venv/lib/python3.10/site-packages/sqlalchemy/engine/default.py", line 952, in do_execute
Feb 26 20:55:49 ubuntu devstack@keystone.service[81990]: ERROR keystone.server.flask.application     cursor.execute(statement, parameters)
Feb 26 20:55:49 ubuntu devstack@keystone.service[81990]: ERROR keystone.server.flask.application   File "/opt/stack/data/venv/lib/python3.10/site-packages/pymysql/cursors.py", line 153, in execute
Feb 26 20:55:49 ubuntu devstack@keystone.service[81990]: ERROR keystone.server.flask.application     result = self._query(query)
Feb 26 20:55:49 ubuntu devstack@keystone.service[81990]: ERROR keystone.server.flask.application   File "/opt/stack/data/venv/lib/python3.10/site-packages/pymysql/cursors.py", line 322, in _query
Feb 26 20:55:49 ubuntu devstack@keystone.service[81990]: ERROR keystone.server.flask.application     conn.query(q)
Feb 26 20:55:49 ubuntu devstack@keystone.service[81990]: ERROR keystone.server.flask.application   File "/opt/stack/data/venv/lib/python3.10/site-packages/pymysql/connections.py", line 575, in query
Feb 26 20:55:49 ubuntu devstack@keystone.service[81990]: ERROR keystone.server.flask.application     self._affected_rows = self._read_query_result(unbuffered=unbuffered)
Feb 26 20:55:49 ubuntu devstack@keystone.service[81990]: ERROR keystone.server.flask.application   File "/opt/stack/data/venv/lib/python3.10/site-packages/pymysql/connections.py", line 826, in _read_query_result
Feb 26 20:55:49 ubuntu devstack@keystone.service[81990]: ERROR keystone.server.flask.application     result.read()
Feb 26 20:55:49 ubuntu devstack@keystone.service[81990]: ERROR keystone.server.flask.application   File "/opt/stack/data/venv/lib/python3.10/site-packages/pymysql/connections.py", line 1203, in read
Feb 26 20:55:49 ubuntu devstack@keystone.service[81990]: ERROR keystone.server.flask.application     first_packet = self.connection._read_packet()
Feb 26 20:55:49 ubuntu devstack@keystone.service[81990]: ERROR keystone.server.flask.application   File "/opt/stack/data/venv/lib/python3.10/site-packages/pymysql/connections.py", line 782, in _read_packet
Feb 26 20:55:49 ubuntu devstack@keystone.service[81990]: ERROR keystone.server.flask.application     packet.raise_for_error()
Feb 26 20:55:49 ubuntu devstack@keystone.service[81990]: ERROR keystone.server.flask.application   File "/opt/stack/data/venv/lib/python3.10/site-packages/pymysql/protocol.py", line 219, in raise_for_error
Feb 26 20:55:49 ubuntu devstack@keystone.service[81990]: ERROR keystone.server.flask.application     err.raise_mysql_exception(self._data)
Feb 26 20:55:49 ubuntu devstack@keystone.service[81990]: ERROR keystone.server.flask.application   File "/opt/stack/data/venv/lib/python3.10/site-packages/pymysql/err.py", line 150, in raise_mysql_exception
Feb 26 20:55:49 ubuntu devstack@keystone.service[81990]: ERROR keystone.server.flask.application     raise errorclass(errno, errval)
Feb 26 20:55:49 ubuntu devstack@keystone.service[81990]: ERROR keystone.server.flask.application pymysql.err.IntegrityError: (1062, "Duplicate entry 'service-<<null>>' for key 'role.ixu_role_name_domain_id'")
Feb 26 20:55:49 ubuntu devstack@keystone.service[81990]: ERROR keystone.server.flask.application 
Feb 26 20:55:49 ubuntu devstack@keystone.service[81990]: ERROR keystone.server.flask.application The above exception was the direct cause of the following exception:
Feb 26 20:55:49 ubuntu devstack@keystone.service[81990]: ERROR keystone.server.flask.application 
Feb 26 20:55:49 ubuntu devstack@keystone.service[81990]: ERROR keystone.server.flask.application Traceback (most recent call last):
Feb 26 20:55:49 ubuntu devstack@keystone.service[81990]: ERROR keystone.server.flask.application   File "/opt/stack/keystone/keystone/common/sql/core.py", line 575, in wrapper
Feb 26 20:55:49 ubuntu devstack@keystone.service[81990]: ERROR keystone.server.flask.application     return method(*args, **kwargs)
