Aug 27 13:33:46 ubuntu devstack@keystone.service[81180]: DEBUG keystone.server.flask.request_processing.req_logging [None req-b61445e2-7490-4994-9e84-096a63bc4a13 None None] PATH_INFO: `/` {{(pid=81180) log_request_info /opt/stack/keystone/keystone/server/flask/request_processing/req_logging.py:28}}
Aug 27 13:33:46 ubuntu devstack@keystone.service[81180]: [pid: 81180|app: 0|req: 11/24] 10.201.5.82 () {54 vars in 919 bytes} [Wed Aug 27 13:33:46 2025] GET /identity => generated 270 bytes in 2 msecs (HTTP/1.1 300) 6 headers in 234 bytes (1 switches on core 0)
Aug 27 13:33:46 ubuntu devstack@keystone.service[81179]: DEBUG keystone.server.flask.request_processing.req_logging [None req-bf7adf82-13d6-4812-aadb-d8b9bf0c2344 None None] REQUEST_METHOD: `POST` {{(pid=81179) log_request_info /opt/stack/keystone/keystone/server/flask/request_processing/req_logging.py:26}}
Aug 27 13:33:46 ubuntu devstack@keystone.service[81179]: DEBUG keystone.server.flask.request_processing.req_logging [None req-bf7adf82-13d6-4812-aadb-d8b9bf0c2344 None None] SCRIPT_NAME: `/identity` {{(pid=81179) log_request_info /opt/stack/keystone/keystone/server/flask/request_processing/req_logging.py:27}}
Aug 27 13:33:46 ubuntu devstack@keystone.service[81179]: DEBUG keystone.server.flask.request_processing.req_logging [None req-bf7adf82-13d6-4812-aadb-d8b9bf0c2344 None None] PATH_INFO: `/v3/auth/tokens` {{(pid=81179) log_request_info /opt/stack/keystone/keystone/server/flask/request_processing/req_logging.py:28}}
Aug 27 13:33:46 ubuntu devstack@keystone.service[81179]: WARNING keystone.common.password_hashing [None req-bf7adf82-13d6-4812-aadb-d8b9bf0c2344 None None] Truncating password to algorithm specific maximum length 72 characters.
Aug 27 13:33:46 ubuntu devstack@keystone.service[81179]: DEBUG keystone.auth.core [None req-bf7adf82-13d6-4812-aadb-d8b9bf0c2344 None None] MFA Rules not processed for user `e4ea406f73f64ae79bcc8078edf6d31b`. Rule list: `[]` (Enabled: `True`). {{(pid=81179) check_auth_methods_against_rules /opt/stack/keystone/keystone/auth/core.py:476}}
Aug 27 13:33:46 ubuntu devstack@keystone.service[81179]: DEBUG keystone.common.fernet_utils [None req-bf7adf82-13d6-4812-aadb-d8b9bf0c2344 None None] Loaded 2 Fernet keys from /etc/keystone/fernet-keys/, but `[fernet_tokens] max_active_keys = 3`; perhaps there have not been enough key rotations to reach `max_active_keys` yet? {{(pid=81179) load_keys /opt/stack/keystone/keystone/common/fernet_utils.py:297}}
Aug 27 13:33:46 ubuntu devstack@keystone.service[81179]: [pid: 81179|app: 0|req: 14/25] 10.201.5.82 () {58 vars in 1016 bytes} [Wed Aug 27 13:33:46 2025] POST /identity/v3/auth/tokens => generated 862 bytes in 53 msecs (HTTP/1.1 201) 6 headers in 363 bytes (1 switches on core 0)
Aug 27 13:33:46 ubuntu devstack@keystone.service[81180]: DEBUG keystone.server.flask.request_processing.middleware.auth_context [None req-b61445e2-7490-4994-9e84-096a63bc4a13 None None] Authenticating user token {{(pid=81180) process_request /opt/stack/data/venv/lib/python3.10/site-packages/keystonemiddleware/auth_token/__init__.py:407}}
Aug 27 13:33:46 ubuntu devstack@keystone.service[81180]: DEBUG keystone.server.flask.request_processing.middleware.auth_context [None req-b61445e2-7490-4994-9e84-096a63bc4a13 None None] Validating token access rules against request {{(pid=81180) validate_allowed_request /opt/stack/data/venv/lib/python3.10/site-packages/keystonemiddleware/auth_token/__init__.py:545}}
Aug 27 13:33:46 ubuntu devstack@keystone.service[81180]: DEBUG keystone.server.flask.request_processing.middleware.auth_context [None req-b13f2a94-c277-4a7d-9aad-4c4f679ad4cb None admin] RBAC: auth_context: {'token': <TokenModel (audit_id=3PJtLMIkTD-d9TOT8LywZQ, audit_chain_id=['3PJtLMIkTD-d9TOT8LywZQ']) at 0x7feba29991b0>, 'domain_id': None, 'trust_id': None, 'trustor_id': None, 'trustee_id': None, 'domain_name': None, 'group_ids': [], 'user_id': 'e4ea406f73f64ae79bcc8078edf6d31b', 'user_domain_id': 'default', 'system_scope': 'all', 'project_id': None, 'project_domain_id': None, 'roles': ['admin', 'manager', 'member', 'reader'], 'is_admin_project': True, 'service_user_id': None, 'service_user_domain_id': None, 'service_project_id': None, 'service_project_domain_id': None, 'service_roles': []} {{(pid=81180) fill_context /opt/stack/keystone/keystone/server/flask/request_processing/middleware/auth_context.py:509}}
Aug 27 13:33:46 ubuntu devstack@keystone.service[81180]: DEBUG keystone.server.flask.request_processing.req_logging [None req-b13f2a94-c277-4a7d-9aad-4c4f679ad4cb None admin] REQUEST_METHOD: `GET` {{(pid=81180) log_request_info /opt/stack/keystone/keystone/server/flask/request_processing/req_logging.py:26}}
Aug 27 13:33:46 ubuntu devstack@keystone.service[81180]: DEBUG keystone.server.flask.request_processing.req_logging [None req-b13f2a94-c277-4a7d-9aad-4c4f679ad4cb None admin] SCRIPT_NAME: `/identity` {{(pid=81180) log_request_info /opt/stack/keystone/keystone/server/flask/request_processing/req_logging.py:27}}
Aug 27 13:33:46 ubuntu devstack@keystone.service[81180]: DEBUG keystone.server.flask.request_processing.req_logging [None req-b13f2a94-c277-4a7d-9aad-4c4f679ad4cb None admin] PATH_INFO: `/v3/roles/admin` {{(pid=81180) log_request_info /opt/stack/keystone/keystone/server/flask/request_processing/req_logging.py:28}}
Aug 27 13:33:46 ubuntu devstack@keystone.service[81180]: DEBUG keystone.common.rbac_enforcer.enforcer [None req-b13f2a94-c277-4a7d-9aad-4c4f679ad4cb None admin] Extracting inferred target data resulted in "NOT FOUND (404)". {{(pid=81180) enforce_call /opt/stack/keystone/keystone/common/rbac_enforcer/enforcer.py:445}}
Aug 27 13:33:46 ubuntu devstack@keystone.service[81180]: DEBUG keystone.server.flask.application [None req-b13f2a94-c277-4a7d-9aad-4c4f679ad4cb None admin] Could not find role: admin. {{(pid=81180) _handle_keystone_exception /opt/stack/keystone/keystone/server/flask/application.py:146}}
Aug 27 13:33:46 ubuntu devstack@keystone.service[81180]: [pid: 81180|app: 0|req: 12/26] 10.201.5.82 () {56 vars in 1132 bytes} [Wed Aug 27 13:33:46 2025] GET /identity/v3/roles/admin => generated 83 bytes in 82 msecs (HTTP/1.1 404) 5 headers in 183 bytes (1 switches on core 0)
Aug 27 13:33:46 ubuntu devstack@keystone.service[81179]: DEBUG keystone.server.flask.request_processing.middleware.auth_context [None req-bf7adf82-13d6-4812-aadb-d8b9bf0c2344 None None] Authenticating user token {{(pid=81179) process_request /opt/stack/data/venv/lib/python3.10/site-packages/keystonemiddleware/auth_token/__init__.py:407}}
Aug 27 13:33:46 ubuntu devstack@keystone.service[81180]: DEBUG keystone.server.flask.request_processing.req_logging [None req-ea6df8da-2dd7-48a5-975c-9fed299821a4 None None] REQUEST_METHOD: `GET` {{(pid=81180) log_request_info /opt/stack/keystone/keystone/server/flask/request_processing/req_logging.py:26}}
Aug 27 13:33:46 ubuntu devstack@keystone.service[81180]: DEBUG keystone.server.flask.request_processing.req_logging [None req-ea6df8da-2dd7-48a5-975c-9fed299821a4 None None] SCRIPT_NAME: `/identity` {{(pid=81180) log_request_info /opt/stack/keystone/keystone/server/flask/request_processing/req_logging.py:27}}
Aug 27 13:33:46 ubuntu devstack@keystone.service[81180]: DEBUG keystone.server.flask.request_processing.req_logging [None req-ea6df8da-2dd7-48a5-975c-9fed299821a4 None None] PATH_INFO: `/` {{(pid=81180) log_request_info /opt/stack/keystone/keystone/server/flask/request_processing/req_logging.py:28}}
Aug 27 13:33:46 ubuntu devstack@keystone.service[81180]: [pid: 81180|app: 0|req: 13/27] 10.201.5.82 () {54 vars in 919 bytes} [Wed Aug 27 13:33:46 2025] GET /identity => generated 270 bytes in 1 msecs (HTTP/1.1 300) 6 headers in 234 bytes (1 switches on core 0)
Aug 27 13:33:46 ubuntu devstack@keystone.service[81179]: DEBUG keystone.server.flask.request_processing.middleware.auth_context [None req-bf7adf82-13d6-4812-aadb-d8b9bf0c2344 None None] Validating token access rules against request {{(pid=81179) validate_allowed_request /opt/stack/data/venv/lib/python3.10/site-packages/keystonemiddleware/auth_token/__init__.py:545}}
Aug 27 13:33:46 ubuntu devstack@keystone.service[81180]: DEBUG keystone.server.flask.request_processing.req_logging [None req-b8546ccd-4741-4e8d-98fe-f5abd41a8b16 None None] REQUEST_METHOD: `POST` {{(pid=81180) log_request_info /opt/stack/keystone/keystone/server/flask/request_processing/req_logging.py:26}}
Aug 27 13:33:46 ubuntu devstack@keystone.service[81180]: DEBUG keystone.server.flask.request_processing.req_logging [None req-b8546ccd-4741-4e8d-98fe-f5abd41a8b16 None None] SCRIPT_NAME: `/identity` {{(pid=81180) log_request_info /opt/stack/keystone/keystone/server/flask/request_processing/req_logging.py:27}}
Aug 27 13:33:46 ubuntu devstack@keystone.service[81180]: DEBUG keystone.server.flask.request_processing.req_logging [None req-b8546ccd-4741-4e8d-98fe-f5abd41a8b16 None None] PATH_INFO: `/v3/auth/tokens` {{(pid=81180) log_request_info /opt/stack/keystone/keystone/server/flask/request_processing/req_logging.py:28}}
Aug 27 13:33:46 ubuntu devstack@keystone.service[81180]: WARNING keystone.common.password_hashing [None req-b8546ccd-4741-4e8d-98fe-f5abd41a8b16 None None] Truncating password to algorithm specific maximum length 72 characters.
Aug 27 13:33:46 ubuntu devstack@keystone.service[81179]: DEBUG keystone.server.flask.request_processing.middleware.auth_context [None req-1d71b763-f43c-4f2a-aa84-a24765d170de None admin] RBAC: auth_context: {'token': <TokenModel (audit_id=3PJtLMIkTD-d9TOT8LywZQ, audit_chain_id=['3PJtLMIkTD-d9TOT8LywZQ']) at 0x7feba2718ac0>, 'domain_id': None, 'trust_id': None, 'trustor_id': None, 'trustee_id': None, 'domain_name': None, 'group_ids': [], 'user_id': 'e4ea406f73f64ae79bcc8078edf6d31b', 'user_domain_id': 'default', 'system_scope': 'all', 'project_id': None, 'project_domain_id': None, 'roles': ['admin', 'manager', 'member', 'reader'], 'is_admin_project': True, 'service_user_id': None, 'service_user_domain_id': None, 'service_project_id': None, 'service_project_domain_id': None, 'service_roles': []} {{(pid=81179) fill_context /opt/stack/keystone/keystone/server/flask/request_processing/middleware/auth_context.py:509}}
Aug 27 13:33:46 ubuntu devstack@keystone.service[81179]: DEBUG keystone.server.flask.request_processing.req_logging [None req-1d71b763-f43c-4f2a-aa84-a24765d170de None admin] REQUEST_METHOD: `GET` {{(pid=81179) log_request_info /opt/stack/keystone/keystone/server/flask/request_processing/req_logging.py:26}}
Aug 27 13:33:46 ubuntu devstack@keystone.service[81179]: DEBUG keystone.server.flask.request_processing.req_logging [None req-1d71b763-f43c-4f2a-aa84-a24765d170de None admin] SCRIPT_NAME: `/identity` {{(pid=81179) log_request_info /opt/stack/keystone/keystone/server/flask/request_processing/req_logging.py:27}}
Aug 27 13:33:46 ubuntu devstack@keystone.service[81179]: DEBUG keystone.server.flask.request_processing.req_logging [None req-1d71b763-f43c-4f2a-aa84-a24765d170de None admin] PATH_INFO: `/v3/roles` {{(pid=81179) log_request_info /opt/stack/keystone/keystone/server/flask/request_processing/req_logging.py:28}}
Aug 27 13:33:46 ubuntu devstack@keystone.service[81179]: DEBUG keystone.common.rbac_enforcer.enforcer [None req-1d71b763-f43c-4f2a-aa84-a24765d170de None admin] RBAC: Adding query filter params (name=admin) {{(pid=81179) _extract_filter_values /opt/stack/keystone/keystone/common/rbac_enforcer/enforcer.py:176}}
Aug 27 13:33:46 ubuntu devstack@keystone.service[81179]: DEBUG keystone.common.rbac_enforcer.enforcer [None req-1d71b763-f43c-4f2a-aa84-a24765d170de None admin] RBAC: Authorizing `identity:list_roles()` {{(pid=81179) enforce_call /opt/stack/keystone/keystone/common/rbac_enforcer/enforcer.py:494}}
Aug 27 13:33:46 ubuntu devstack@keystone.service[81179]: DEBUG keystone.common.rbac_enforcer.enforcer [None req-1d71b763-f43c-4f2a-aa84-a24765d170de None admin] RBAC: Authorization granted {{(pid=81179) enforce_call /opt/stack/keystone/keystone/common/rbac_enforcer/enforcer.py:505}}
Aug 27 13:33:46 ubuntu devstack@keystone.service[81179]: [pid: 81179|app: 0|req: 15/28] 10.201.5.82 () {56 vars in 1148 bytes} [Wed Aug 27 13:33:46 2025] GET /identity/v3/roles?name=admin => generated 339 bytes in 90 msecs (HTTP/1.1 200) 5 headers in 177 bytes (1 switches on core 0)
Aug 27 13:33:46 ubuntu devstack@keystone.service[81180]: DEBUG keystone.auth.core [None req-b8546ccd-4741-4e8d-98fe-f5abd41a8b16 None None] MFA Rules not processed for user `e4ea406f73f64ae79bcc8078edf6d31b`. Rule list: `[]` (Enabled: `True`). {{(pid=81180) check_auth_methods_against_rules /opt/stack/keystone/keystone/auth/core.py:476}}
Aug 27 13:33:46 ubuntu devstack@keystone.service[81180]: DEBUG keystone.common.fernet_utils [None req-b8546ccd-4741-4e8d-98fe-f5abd41a8b16 None None] Loaded 2 Fernet keys from /etc/keystone/fernet-keys/, but `[fernet_tokens] max_active_keys = 3`; perhaps there have not been enough key rotations to reach `max_active_keys` yet? {{(pid=81180) load_keys /opt/stack/keystone/keystone/common/fernet_utils.py:297}}
Aug 27 13:33:46 ubuntu devstack@keystone.service[81179]: DEBUG keystone.server.flask.request_processing.middleware.auth_context [None req-1d71b763-f43c-4f2a-aa84-a24765d170de None admin] Authenticating user token {{(pid=81179) process_request /opt/stack/data/venv/lib/python3.10/site-packages/keystonemiddleware/auth_token/__init__.py:407}}
Aug 27 13:33:46 ubuntu devstack@keystone.service[81179]: DEBUG keystone.server.flask.request_processing.middleware.auth_context [None req-1d71b763-f43c-4f2a-aa84-a24765d170de None admin] Validating token access rules against request {{(pid=81179) validate_allowed_request /opt/stack/data/venv/lib/python3.10/site-packages/keystonemiddleware/auth_token/__init__.py:545}}
Aug 27 13:33:46 ubuntu devstack@keystone.service[81180]: [pid: 81180|app: 0|req: 14/29] 10.201.5.82 () {58 vars in 1016 bytes} [Wed Aug 27 13:33:46 2025] POST /identity/v3/auth/tokens => generated 862 bytes in 78 msecs (HTTP/1.1 201) 6 headers in 363 bytes (2 switches on core 0)
Aug 27 13:33:46 ubuntu devstack@keystone.service[81180]: DEBUG keystone.server.flask.request_processing.middleware.auth_context [None req-b8546ccd-4741-4e8d-98fe-f5abd41a8b16 None None] Authenticating user token {{(pid=81180) process_request /opt/stack/data/venv/lib/python3.10/site-packages/keystonemiddleware/auth_token/__init__.py:407}}
Aug 27 13:33:46 ubuntu devstack@keystone.service[81179]: DEBUG keystone.server.flask.request_processing.middleware.auth_context [None req-8a142420-73d0-40d5-bd16-c866868968c2 None admin] RBAC: auth_context: {'token': <TokenModel (audit_id=3PJtLMIkTD-d9TOT8LywZQ, audit_chain_id=['3PJtLMIkTD-d9TOT8LywZQ']) at 0x7feba271a0e0>, 'domain_id': None, 'trust_id': None, 'trustor_id': None, 'trustee_id': None, 'domain_name': None, 'group_ids': [], 'user_id': 'e4ea406f73f64ae79bcc8078edf6d31b', 'user_domain_id': 'default', 'system_scope': 'all', 'project_id': None, 'project_domain_id': None, 'roles': ['admin', 'manager', 'member', 'reader'], 'is_admin_project': True, 'service_user_id': None, 'service_user_domain_id': None, 'service_project_id': None, 'service_project_domain_id': None, 'service_roles': []} {{(pid=81179) fill_context /opt/stack/keystone/keystone/server/flask/request_processing/middleware/auth_context.py:509}}
Aug 27 13:33:46 ubuntu devstack@keystone.service[81179]: DEBUG keystone.server.flask.request_processing.req_logging [None req-8a142420-73d0-40d5-bd16-c866868968c2 None admin] REQUEST_METHOD: `GET` {{(pid=81179) log_request_info /opt/stack/keystone/keystone/server/flask/request_processing/req_logging.py:26}}
Aug 27 13:33:46 ubuntu devstack@keystone.service[81179]: DEBUG keystone.server.flask.request_processing.req_logging [None req-8a142420-73d0-40d5-bd16-c866868968c2 None admin] SCRIPT_NAME: `/identity` {{(pid=81179) log_request_info /opt/stack/keystone/keystone/server/flask/request_processing/req_logging.py:27}}
Aug 27 13:33:46 ubuntu devstack@keystone.service[81179]: DEBUG keystone.server.flask.request_processing.req_logging [None req-8a142420-73d0-40d5-bd16-c866868968c2 None admin] PATH_INFO: `/v3/users/e4ea406f73f64ae79bcc8078edf6d31b` {{(pid=81179) log_request_info /opt/stack/keystone/keystone/server/flask/request_processing/req_logging.py:28}}
Aug 27 13:33:46 ubuntu devstack@keystone.service[81179]: DEBUG keystone.common.rbac_enforcer.enforcer [None req-8a142420-73d0-40d5-bd16-c866868968c2 None admin] RBAC: Authorizing `identity:get_user(user_id=e4ea406f73f64ae79bcc8078edf6d31b)` {{(pid=81179) enforce_call /opt/stack/keystone/keystone/common/rbac_enforcer/enforcer.py:494}}
Aug 27 13:33:46 ubuntu devstack@keystone.service[81179]: DEBUG keystone.common.rbac_enforcer.enforcer [None req-8a142420-73d0-40d5-bd16-c866868968c2 None admin] RBAC: Authorization granted {{(pid=81179) enforce_call /opt/stack/keystone/keystone/common/rbac_enforcer/enforcer.py:505}}
Aug 27 13:33:46 ubuntu devstack@keystone.service[81179]: [pid: 81179|app: 0|req: 16/30] 10.201.5.82 () {56 vars in 1213 bytes} [Wed Aug 27 13:33:46 2025] GET /identity/v3/users/e4ea406f73f64ae79bcc8078edf6d31b => generated 247 bytes in 59 msecs (HTTP/1.1 200) 5 headers in 177 bytes (1 switches on core 0)
Aug 27 13:33:46 ubuntu devstack@keystone.service[81179]: DEBUG keystone.server.flask.request_processing.middleware.auth_context [None req-8a142420-73d0-40d5-bd16-c866868968c2 None admin] Authenticating user token {{(pid=81179) process_request /opt/stack/data/venv/lib/python3.10/site-packages/keystonemiddleware/auth_token/__init__.py:407}}
Aug 27 13:33:46 ubuntu devstack@keystone.service[81179]: DEBUG keystone.server.flask.request_processing.middleware.auth_context [None req-8a142420-73d0-40d5-bd16-c866868968c2 None admin] Validating token access rules against request {{(pid=81179) validate_allowed_request /opt/stack/data/venv/lib/python3.10/site-packages/keystonemiddleware/auth_token/__init__.py:545}}
Aug 27 13:33:46 ubuntu devstack@keystone.service[81180]: DEBUG keystone.server.flask.request_processing.middleware.auth_context [None req-b8546ccd-4741-4e8d-98fe-f5abd41a8b16 None None] Validating token access rules against request {{(pid=81180) validate_allowed_request /opt/stack/data/venv/lib/python3.10/site-packages/keystonemiddleware/auth_token/__init__.py:545}}
Aug 27 13:33:46 ubuntu devstack@keystone.service[81179]: DEBUG keystone.server.flask.request_processing.middleware.auth_context [None req-7932a152-4672-4862-a355-54c8ff6e765a None admin] RBAC: auth_context: {'token': <TokenModel (audit_id=3PJtLMIkTD-d9TOT8LywZQ, audit_chain_id=['3PJtLMIkTD-d9TOT8LywZQ']) at 0x7feba29982b0>, 'domain_id': None, 'trust_id': None, 'trustor_id': None, 'trustee_id': None, 'domain_name': None, 'group_ids': [], 'user_id': 'e4ea406f73f64ae79bcc8078edf6d31b', 'user_domain_id': 'default', 'system_scope': 'all', 'project_id': None, 'project_domain_id': None, 'roles': ['admin', 'manager', 'member', 'reader'], 'is_admin_project': True, 'service_user_id': None, 'service_user_domain_id': None, 'service_project_id': None, 'service_project_domain_id': None, 'service_roles': []} {{(pid=81179) fill_context /opt/stack/keystone/keystone/server/flask/request_processing/middleware/auth_context.py:509}}
Aug 27 13:33:46 ubuntu devstack@keystone.service[81179]: DEBUG keystone.server.flask.request_processing.req_logging [None req-7932a152-4672-4862-a355-54c8ff6e765a None admin] REQUEST_METHOD: `GET` {{(pid=81179) log_request_info /opt/stack/keystone/keystone/server/flask/request_processing/req_logging.py:26}}
Aug 27 13:33:46 ubuntu devstack@keystone.service[81179]: DEBUG keystone.server.flask.request_processing.req_logging [None req-7932a152-4672-4862-a355-54c8ff6e765a None admin] SCRIPT_NAME: `/identity` {{(pid=81179) log_request_info /opt/stack/keystone/keystone/server/flask/request_processing/req_logging.py:27}}
Aug 27 13:33:46 ubuntu devstack@keystone.service[81179]: DEBUG keystone.server.flask.request_processing.req_logging [None req-7932a152-4672-4862-a355-54c8ff6e765a None admin] PATH_INFO: `/v3/domains/default` {{(pid=81179) log_request_info /opt/stack/keystone/keystone/server/flask/request_processing/req_logging.py:28}}
Aug 27 13:33:46 ubuntu devstack@keystone.service[81179]: DEBUG keystone.common.rbac_enforcer.enforcer [None req-7932a152-4672-4862-a355-54c8ff6e765a None admin] RBAC: Authorizing `identity:get_domain(domain_id=default)` {{(pid=81179) enforce_call /opt/stack/keystone/keystone/common/rbac_enforcer/enforcer.py:494}}
Aug 27 13:33:46 ubuntu devstack@keystone.service[81179]: DEBUG keystone.common.rbac_enforcer.enforcer [None req-7932a152-4672-4862-a355-54c8ff6e765a None admin] RBAC: Authorization granted {{(pid=81179) enforce_call /opt/stack/keystone/keystone/common/rbac_enforcer/enforcer.py:505}}
Aug 27 13:33:46 ubuntu devstack@keystone.service[81179]: [pid: 81179|app: 0|req: 17/31] 10.201.5.82 () {56 vars in 1144 bytes} [Wed Aug 27 13:33:46 2025] GET /identity/v3/domains/default => generated 199 bytes in 53 msecs (HTTP/1.1 200) 5 headers in 177 bytes (2 switches on core 0)
Aug 27 13:33:46 ubuntu devstack@keystone.service[81179]: DEBUG keystone.server.flask.request_processing.middleware.auth_context [None req-7932a152-4672-4862-a355-54c8ff6e765a None admin] Authenticating user token {{(pid=81179) process_request /opt/stack/data/venv/lib/python3.10/site-packages/keystonemiddleware/auth_token/__init__.py:407}}
Aug 27 13:33:46 ubuntu devstack@keystone.service[81180]: DEBUG keystone.server.flask.request_processing.middleware.auth_context [None req-92c9bf15-1083-49db-96ff-35ba78fdc56b None admin] RBAC: auth_context: {'token': <TokenModel (audit_id=nWg7nsyzQ2OGl3tTZ1bnvw, audit_chain_id=['nWg7nsyzQ2OGl3tTZ1bnvw']) at 0x7feba2687850>, 'domain_id': None, 'trust_id': None, 'trustor_id': None, 'trustee_id': None, 'domain_name': None, 'group_ids': [], 'user_id': 'e4ea406f73f64ae79bcc8078edf6d31b', 'user_domain_id': 'default', 'system_scope': 'all', 'project_id': None, 'project_domain_id': None, 'roles': ['admin', 'manager', 'member', 'reader'], 'is_admin_project': True, 'service_user_id': None, 'service_user_domain_id': None, 'service_project_id': None, 'service_project_domain_id': None, 'service_roles': []} {{(pid=81180) fill_context /opt/stack/keystone/keystone/server/flask/request_processing/middleware/auth_context.py:509}}
Aug 27 13:33:46 ubuntu devstack@keystone.service[81180]: DEBUG keystone.server.flask.request_processing.req_logging [None req-92c9bf15-1083-49db-96ff-35ba78fdc56b None admin] REQUEST_METHOD: `GET` {{(pid=81180) log_request_info /opt/stack/keystone/keystone/server/flask/request_processing/req_logging.py:26}}
Aug 27 13:33:46 ubuntu devstack@keystone.service[81180]: DEBUG keystone.server.flask.request_processing.req_logging [None req-92c9bf15-1083-49db-96ff-35ba78fdc56b None admin] SCRIPT_NAME: `/identity` {{(pid=81180) log_request_info /opt/stack/keystone/keystone/server/flask/request_processing/req_logging.py:27}}
Aug 27 13:33:46 ubuntu devstack@keystone.service[81180]: DEBUG keystone.server.flask.request_processing.req_logging [None req-92c9bf15-1083-49db-96ff-35ba78fdc56b None admin] PATH_INFO: `/v3/domains/Default` {{(pid=81180) log_request_info /opt/stack/keystone/keystone/server/flask/request_processing/req_logging.py:28}}
Aug 27 13:33:46 ubuntu devstack@keystone.service[81180]: DEBUG keystone.common.rbac_enforcer.enforcer [None req-92c9bf15-1083-49db-96ff-35ba78fdc56b None admin] RBAC: Authorizing `identity:get_domain(domain_id=Default)` {{(pid=81180) enforce_call /opt/stack/keystone/keystone/common/rbac_enforcer/enforcer.py:494}}
Aug 27 13:33:46 ubuntu devstack@keystone.service[81180]: DEBUG keystone.common.rbac_enforcer.enforcer [None req-92c9bf15-1083-49db-96ff-35ba78fdc56b None admin] RBAC: Authorization granted {{(pid=81180) enforce_call /opt/stack/keystone/keystone/common/rbac_enforcer/enforcer.py:505}}
Aug 27 13:33:46 ubuntu devstack@keystone.service[81179]: DEBUG keystone.server.flask.request_processing.middleware.auth_context [None req-7932a152-4672-4862-a355-54c8ff6e765a None admin] Validating token access rules against request {{(pid=81179) validate_allowed_request /opt/stack/data/venv/lib/python3.10/site-packages/keystonemiddleware/auth_token/__init__.py:545}}
Aug 27 13:33:46 ubuntu devstack@keystone.service[81180]: DEBUG keystone.server.flask.application [None req-92c9bf15-1083-49db-96ff-35ba78fdc56b None admin] Could not find domain: Default. {{(pid=81180) _handle_keystone_exception /opt/stack/keystone/keystone/server/flask/application.py:146}}
Aug 27 13:33:46 ubuntu devstack@keystone.service[81180]: [pid: 81180|app: 0|req: 15/32] 10.201.5.82 () {56 vars in 1100 bytes} [Wed Aug 27 13:33:46 2025] GET /identity/v3/domains/Default => generated 87 bytes in 109 msecs (HTTP/1.1 404) 5 headers in 183 bytes (1 switches on core 0)
Aug 27 13:33:46 ubuntu devstack@keystone.service[81180]: DEBUG keystone.server.flask.request_processing.req_logging [None req-133ddb3f-a2cb-4c81-83c8-1c006f2bdb64 None None] REQUEST_METHOD: `GET` {{(pid=81180) log_request_info /opt/stack/keystone/keystone/server/flask/request_processing/req_logging.py:26}}
Aug 27 13:33:46 ubuntu devstack@keystone.service[81180]: DEBUG keystone.server.flask.request_processing.req_logging [None req-133ddb3f-a2cb-4c81-83c8-1c006f2bdb64 None None] SCRIPT_NAME: `/identity` {{(pid=81180) log_request_info /opt/stack/keystone/keystone/server/flask/request_processing/req_logging.py:27}}
Aug 27 13:33:46 ubuntu devstack@keystone.service[81180]: DEBUG keystone.server.flask.request_processing.req_logging [None req-133ddb3f-a2cb-4c81-83c8-1c006f2bdb64 None None] PATH_INFO: `/` {{(pid=81180) log_request_info /opt/stack/keystone/keystone/server/flask/request_processing/req_logging.py:28}}
Aug 27 13:33:46 ubuntu devstack@keystone.service[81180]: [pid: 81180|app: 0|req: 16/33] 10.201.5.82 () {54 vars in 919 bytes} [Wed Aug 27 13:33:46 2025] GET /identity => generated 270 bytes in 1 msecs (HTTP/1.1 300) 6 headers in 234 bytes (1 switches on core 0)
Aug 27 13:33:46 ubuntu devstack@keystone.service[81180]: DEBUG keystone.server.flask.request_processing.req_logging [None req-a5dcbf36-eabe-44bd-841e-b1775e0a9ff0 None None] REQUEST_METHOD: `POST` {{(pid=81180) log_request_info /opt/stack/keystone/keystone/server/flask/request_processing/req_logging.py:26}}
Aug 27 13:33:46 ubuntu devstack@keystone.service[81180]: DEBUG keystone.server.flask.request_processing.req_logging [None req-a5dcbf36-eabe-44bd-841e-b1775e0a9ff0 None None] SCRIPT_NAME: `/identity` {{(pid=81180) log_request_info /opt/stack/keystone/keystone/server/flask/request_processing/req_logging.py:27}}
Aug 27 13:33:46 ubuntu devstack@keystone.service[81180]: DEBUG keystone.server.flask.request_processing.req_logging [None req-a5dcbf36-eabe-44bd-841e-b1775e0a9ff0 None None] PATH_INFO: `/v3/auth/tokens` {{(pid=81180) log_request_info /opt/stack/keystone/keystone/server/flask/request_processing/req_logging.py:28}}
Aug 27 13:33:46 ubuntu devstack@keystone.service[81180]: WARNING keystone.common.password_hashing [None req-a5dcbf36-eabe-44bd-841e-b1775e0a9ff0 None None] Truncating password to algorithm specific maximum length 72 characters.
Aug 27 13:33:46 ubuntu devstack@keystone.service[81179]: DEBUG keystone.server.flask.request_processing.middleware.auth_context [None req-021cfc23-62c7-464c-9ac8-c27f2761cb21 None admin] RBAC: auth_context: {'token': <TokenModel (audit_id=3PJtLMIkTD-d9TOT8LywZQ, audit_chain_id=['3PJtLMIkTD-d9TOT8LywZQ']) at 0x7feba27195a0>, 'domain_id': None, 'trust_id': None, 'trustor_id': None, 'trustee_id': None, 'domain_name': None, 'group_ids': [], 'user_id': 'e4ea406f73f64ae79bcc8078edf6d31b', 'user_domain_id': 'default', 'system_scope': 'all', 'project_id': None, 'project_domain_id': None, 'roles': ['admin', 'manager', 'member', 'reader'], 'is_admin_project': True, 'service_user_id': None, 'service_user_domain_id': None, 'service_project_id': None, 'service_project_domain_id': None, 'service_roles': []} {{(pid=81179) fill_context /opt/stack/keystone/keystone/server/flask/request_processing/middleware/auth_context.py:509}}
Aug 27 13:33:46 ubuntu devstack@keystone.service[81179]: DEBUG keystone.server.flask.request_processing.req_logging [None req-021cfc23-62c7-464c-9ac8-c27f2761cb21 None admin] REQUEST_METHOD: `GET` {{(pid=81179) log_request_info /opt/stack/keystone/keystone/server/flask/request_processing/req_logging.py:26}}
Aug 27 13:33:46 ubuntu devstack@keystone.service[81179]: DEBUG keystone.server.flask.request_processing.req_logging [None req-021cfc23-62c7-464c-9ac8-c27f2761cb21 None admin] SCRIPT_NAME: `/identity` {{(pid=81179) log_request_info /opt/stack/keystone/keystone/server/flask/request_processing/req_logging.py:27}}
Aug 27 13:33:46 ubuntu devstack@keystone.service[81179]: DEBUG keystone.server.flask.request_processing.req_logging [None req-021cfc23-62c7-464c-9ac8-c27f2761cb21 None admin] PATH_INFO: `/v3/role_assignments` {{(pid=81179) log_request_info /opt/stack/keystone/keystone/server/flask/request_processing/req_logging.py:28}}
Aug 27 13:33:46 ubuntu devstack@keystone.service[81180]: DEBUG keystone.auth.core [None req-a5dcbf36-eabe-44bd-841e-b1775e0a9ff0 None None] MFA Rules not processed for user `e4ea406f73f64ae79bcc8078edf6d31b`. Rule list: `[]` (Enabled: `True`). {{(pid=81180) check_auth_methods_against_rules /opt/stack/keystone/keystone/auth/core.py:476}}
Aug 27 13:33:46 ubuntu devstack@keystone.service[81179]: DEBUG keystone.common.rbac_enforcer.enforcer [None req-021cfc23-62c7-464c-9ac8-c27f2761cb21 None admin] RBAC: Adding query filter params (role.id=2ed4ee7980b64ed2b5ab58ae65455e45, scope.domain.id=default, user.id=e4ea406f73f64ae79bcc8078edf6d31b) {{(pid=81179) _extract_filter_values /opt/stack/keystone/keystone/common/rbac_enforcer/enforcer.py:176}}
Aug 27 13:33:46 ubuntu devstack@keystone.service[81179]: DEBUG keystone.common.rbac_enforcer.enforcer [None req-021cfc23-62c7-464c-9ac8-c27f2761cb21 None admin] RBAC: Authorizing `identity:list_role_assignments()` {{(pid=81179) enforce_call /opt/stack/keystone/keystone/common/rbac_enforcer/enforcer.py:494}}
Aug 27 13:33:46 ubuntu devstack@keystone.service[81180]: DEBUG keystone.common.fernet_utils [None req-a5dcbf36-eabe-44bd-841e-b1775e0a9ff0 None None] Loaded 2 Fernet keys from /etc/keystone/fernet-keys/, but `[fernet_tokens] max_active_keys = 3`; perhaps there have not been enough key rotations to reach `max_active_keys` yet? {{(pid=81180) load_keys /opt/stack/keystone/keystone/common/fernet_utils.py:297}}
Aug 27 13:33:46 ubuntu devstack@keystone.service[81179]: DEBUG keystone.common.rbac_enforcer.enforcer [None req-021cfc23-62c7-464c-9ac8-c27f2761cb21 None admin] RBAC: Authorization granted {{(pid=81179) enforce_call /opt/stack/keystone/keystone/common/rbac_enforcer/enforcer.py:505}}
Aug 27 13:33:46 ubuntu devstack@keystone.service[81179]: [pid: 81179|app: 0|req: 18/34] 10.201.5.82 () {56 vars in 1371 bytes} [Wed Aug 27 13:33:46 2025] GET /identity/v3/role_assignments?role.id=2ed4ee7980b64ed2b5ab58ae65455e45&scope.domain.id=default&user.id=e4ea406f73f64ae79bcc8078edf6d31b => generated 530 bytes in 63 msecs (HTTP/1.1 200) 5 headers in 177 bytes (1 switches on core 0)
Aug 27 13:33:46 ubuntu devstack@keystone.service[81179]: DEBUG keystone.server.flask.request_processing.middleware.auth_context [None req-021cfc23-62c7-464c-9ac8-c27f2761cb21 None admin] Authenticating user token {{(pid=81179) process_request /opt/stack/data/venv/lib/python3.10/site-packages/keystonemiddleware/auth_token/__init__.py:407}}
Aug 27 13:33:46 ubuntu devstack@keystone.service[81180]: [pid: 81180|app: 0|req: 17/35] 10.201.5.82 () {58 vars in 1016 bytes} [Wed Aug 27 13:33:46 2025] POST /identity/v3/auth/tokens => generated 862 bytes in 47 msecs (HTTP/1.1 201) 6 headers in 363 bytes (1 switches on core 0)
Aug 27 13:33:46 ubuntu devstack@keystone.service[81179]: DEBUG keystone.server.flask.request_processing.middleware.auth_context [None req-021cfc23-62c7-464c-9ac8-c27f2761cb21 None admin] Validating token access rules against request {{(pid=81179) validate_allowed_request /opt/stack/data/venv/lib/python3.10/site-packages/keystonemiddleware/auth_token/__init__.py:545}}
Aug 27 13:33:46 ubuntu devstack@keystone.service[81179]: DEBUG keystone.server.flask.request_processing.middleware.auth_context [None req-334357a2-613d-4d7d-bce3-a964e2f6a733 None admin] RBAC: auth_context: {'token': <TokenModel (audit_id=nWg7nsyzQ2OGl3tTZ1bnvw, audit_chain_id=['nWg7nsyzQ2OGl3tTZ1bnvw']) at 0x7feba26abf10>, 'domain_id': None, 'trust_id': None, 'trustor_id': None, 'trustee_id': None, 'domain_name': None, 'group_ids': [], 'user_id': 'e4ea406f73f64ae79bcc8078edf6d31b', 'user_domain_id': 'default', 'system_scope': 'all', 'project_id': None, 'project_domain_id': None, 'roles': ['admin', 'manager', 'member', 'reader'], 'is_admin_project': True, 'service_user_id': None, 'service_user_domain_id': None, 'service_project_id': None, 'service_project_domain_id': None, 'service_roles': []} {{(pid=81179) fill_context /opt/stack/keystone/keystone/server/flask/request_processing/middleware/auth_context.py:509}}
Aug 27 13:33:46 ubuntu devstack@keystone.service[81179]: DEBUG keystone.server.flask.request_processing.req_logging [None req-334357a2-613d-4d7d-bce3-a964e2f6a733 None admin] REQUEST_METHOD: `GET` {{(pid=81179) log_request_info /opt/stack/keystone/keystone/server/flask/request_processing/req_logging.py:26}}
Aug 27 13:33:46 ubuntu devstack@keystone.service[81179]: DEBUG keystone.server.flask.request_processing.req_logging [None req-334357a2-613d-4d7d-bce3-a964e2f6a733 None admin] SCRIPT_NAME: `/identity` {{(pid=81179) log_request_info /opt/stack/keystone/keystone/server/flask/request_processing/req_logging.py:27}}
Aug 27 13:33:46 ubuntu devstack@keystone.service[81179]: DEBUG keystone.server.flask.request_processing.req_logging [None req-334357a2-613d-4d7d-bce3-a964e2f6a733 None admin] PATH_INFO: `/v3/domains` {{(pid=81179) log_request_info /opt/stack/keystone/keystone/server/flask/request_processing/req_logging.py:28}}
Aug 27 13:33:46 ubuntu devstack@keystone.service[81179]: DEBUG keystone.common.rbac_enforcer.enforcer [None req-334357a2-613d-4d7d-bce3-a964e2f6a733 None admin] RBAC: Adding query filter params (name=Default) {{(pid=81179) _extract_filter_values /opt/stack/keystone/keystone/common/rbac_enforcer/enforcer.py:176}}
Aug 27 13:33:46 ubuntu devstack@keystone.service[81179]: DEBUG keystone.common.rbac_enforcer.enforcer [None req-334357a2-613d-4d7d-bce3-a964e2f6a733 None admin] RBAC: Authorizing `identity:list_domains()` {{(pid=81179) enforce_call /opt/stack/keystone/keystone/common/rbac_enforcer/enforcer.py:494}}
Aug 27 13:33:46 ubuntu devstack@keystone.service[81179]: DEBUG keystone.common.rbac_enforcer.enforcer [None req-334357a2-613d-4d7d-bce3-a964e2f6a733 None admin] RBAC: Authorization granted {{(pid=81179) enforce_call /opt/stack/keystone/keystone/common/rbac_enforcer/enforcer.py:505}}
Aug 27 13:33:46 ubuntu devstack@keystone.service[81179]: [pid: 81179|app: 0|req: 19/36] 10.201.5.82 () {56 vars in 1101 bytes} [Wed Aug 27 13:33:46 2025] GET /identity/v3/domains?name=Default => generated 308 bytes in 64 msecs (HTTP/1.1 200) 5 headers in 177 bytes (1 switches on core 0)
Aug 27 13:33:46 ubuntu devstack@keystone.service[81180]: DEBUG keystone.server.flask.request_processing.middleware.auth_context [None req-a5dcbf36-eabe-44bd-841e-b1775e0a9ff0 None None] Authenticating user token {{(pid=81180) process_request /opt/stack/data/venv/lib/python3.10/site-packages/keystonemiddleware/auth_token/__init__.py:407}}
Aug 27 13:33:46 ubuntu devstack@keystone.service[81180]: DEBUG keystone.server.flask.request_processing.middleware.auth_context [None req-a5dcbf36-eabe-44bd-841e-b1775e0a9ff0 None None] Validating token access rules against request {{(pid=81180) validate_allowed_request /opt/stack/data/venv/lib/python3.10/site-packages/keystonemiddleware/auth_token/__init__.py:545}}
Aug 27 13:33:46 ubuntu devstack@keystone.service[81180]: DEBUG keystone.server.flask.request_processing.middleware.auth_context [None req-8698f3bf-0e63-4fc1-882e-518fb6e48d35 None admin] RBAC: auth_context: {'token': <TokenModel (audit_id=nWg7nsyzQ2OGl3tTZ1bnvw, audit_chain_id=['nWg7nsyzQ2OGl3tTZ1bnvw']) at 0x7feba28e3f10>, 'domain_id': None, 'trust_id': None, 'trustor_id': None, 'trustee_id': None, 'domain_name': None, 'group_ids': [], 'user_id': 'e4ea406f73f64ae79bcc8078edf6d31b', 'user_domain_id': 'default', 'system_scope': 'all', 'project_id': None, 'project_domain_id': None, 'roles': ['admin', 'manager', 'member', 'reader'], 'is_admin_project': True, 'service_user_id': None, 'service_user_domain_id': None, 'service_project_id': None, 'service_project_domain_id': None, 'service_roles': []} {{(pid=81180) fill_context /opt/stack/keystone/keystone/server/flask/request_processing/middleware/auth_context.py:509}}
Aug 27 13:33:46 ubuntu devstack@keystone.service[81180]: DEBUG keystone.server.flask.request_processing.req_logging [None req-8698f3bf-0e63-4fc1-882e-518fb6e48d35 None admin] REQUEST_METHOD: `POST` {{(pid=81180) log_request_info /opt/stack/keystone/keystone/server/flask/request_processing/req_logging.py:26}}
Aug 27 13:33:46 ubuntu devstack@keystone.service[81180]: DEBUG keystone.server.flask.request_processing.req_logging [None req-8698f3bf-0e63-4fc1-882e-518fb6e48d35 None admin] SCRIPT_NAME: `/identity` {{(pid=81180) log_request_info /opt/stack/keystone/keystone/server/flask/request_processing/req_logging.py:27}}
Aug 27 13:33:46 ubuntu devstack@keystone.service[81180]: DEBUG keystone.server.flask.request_processing.req_logging [None req-8698f3bf-0e63-4fc1-882e-518fb6e48d35 None admin] PATH_INFO: `/v3/projects` {{(pid=81180) log_request_info /opt/stack/keystone/keystone/server/flask/request_processing/req_logging.py:28}}
Aug 27 13:33:46 ubuntu devstack@keystone.service[81180]: DEBUG keystone.common.rbac_enforcer.enforcer [None req-8698f3bf-0e63-4fc1-882e-518fb6e48d35 None admin] RBAC: Authorizing `identity:create_project()` {{(pid=81180) enforce_call /opt/stack/keystone/keystone/common/rbac_enforcer/enforcer.py:494}}
Aug 27 13:33:46 ubuntu devstack@keystone.service[81180]: DEBUG keystone.common.rbac_enforcer.enforcer [None req-8698f3bf-0e63-4fc1-882e-518fb6e48d35 None admin] RBAC: Authorization granted {{(pid=81180) enforce_call /opt/stack/keystone/keystone/common/rbac_enforcer/enforcer.py:505}}
Aug 27 13:33:46 ubuntu devstack@keystone.service[81179]: DEBUG keystone.server.flask.request_processing.middleware.auth_context [None req-334357a2-613d-4d7d-bce3-a964e2f6a733 None admin] Authenticating user token {{(pid=81179) process_request /opt/stack/data/venv/lib/python3.10/site-packages/keystonemiddleware/auth_token/__init__.py:407}}
Aug 27 13:33:46 ubuntu devstack@keystone.service[81179]: DEBUG keystone.server.flask.request_processing.middleware.auth_context [None req-334357a2-613d-4d7d-bce3-a964e2f6a733 None admin] Validating token access rules against request {{(pid=81179) validate_allowed_request /opt/stack/data/venv/lib/python3.10/site-packages/keystonemiddleware/auth_token/__init__.py:545}}
Aug 27 13:33:46 ubuntu devstack@keystone.service[81179]: DEBUG keystone.server.flask.request_processing.middleware.auth_context [None req-07f1e5e0-83de-478c-8f95-975e82d05567 None admin] RBAC: auth_context: {'token': <TokenModel (audit_id=4jyRWAPCTJSca2yqDxQjrg, audit_chain_id=['4jyRWAPCTJSca2yqDxQjrg']) at 0x7feba2718820>, 'domain_id': None, 'trust_id': None, 'trustor_id': None, 'trustee_id': None, 'domain_name': None, 'group_ids': [], 'user_id': 'e4ea406f73f64ae79bcc8078edf6d31b', 'user_domain_id': 'default', 'system_scope': 'all', 'project_id': None, 'project_domain_id': None, 'roles': ['admin', 'manager', 'member', 'reader'], 'is_admin_project': True, 'service_user_id': None, 'service_user_domain_id': None, 'service_project_id': None, 'service_project_domain_id': None, 'service_roles': []} {{(pid=81179) fill_context /opt/stack/keystone/keystone/server/flask/request_processing/middleware/auth_context.py:509}}
Aug 27 13:33:46 ubuntu devstack@keystone.service[81179]: DEBUG keystone.server.flask.request_processing.req_logging [None req-07f1e5e0-83de-478c-8f95-975e82d05567 None admin] REQUEST_METHOD: `POST` {{(pid=81179) log_request_info /opt/stack/keystone/keystone/server/flask/request_processing/req_logging.py:26}}
Aug 27 13:33:46 ubuntu devstack@keystone.service[81179]: DEBUG keystone.server.flask.request_processing.req_logging [None req-07f1e5e0-83de-478c-8f95-975e82d05567 None admin] SCRIPT_NAME: `/identity` {{(pid=81179) log_request_info /opt/stack/keystone/keystone/server/flask/request_processing/req_logging.py:27}}
Aug 27 13:33:46 ubuntu devstack@keystone.service[81179]: DEBUG keystone.server.flask.request_processing.req_logging [None req-07f1e5e0-83de-478c-8f95-975e82d05567 None admin] PATH_INFO: `/v3/roles` {{(pid=81179) log_request_info /opt/stack/keystone/keystone/server/flask/request_processing/req_logging.py:28}}
Aug 27 13:33:46 ubuntu devstack@keystone.service[81179]: DEBUG keystone.common.rbac_enforcer.enforcer [None req-07f1e5e0-83de-478c-8f95-975e82d05567 None admin] RBAC: Authorizing `identity:create_role()` {{(pid=81179) enforce_call /opt/stack/keystone/keystone/common/rbac_enforcer/enforcer.py:494}}
Aug 27 13:33:46 ubuntu devstack@keystone.service[81179]: DEBUG keystone.common.rbac_enforcer.enforcer [None req-07f1e5e0-83de-478c-8f95-975e82d05567 None admin] RBAC: Authorization granted {{(pid=81179) enforce_call /opt/stack/keystone/keystone/common/rbac_enforcer/enforcer.py:505}}
Aug 27 13:33:46 ubuntu devstack@keystone.service[81179]: DEBUG keystone.common.sql.core [None req-07f1e5e0-83de-478c-8f95-975e82d05567 None admin] Conflict role: (pymysql.err.IntegrityError) (1062, "Duplicate entry 'service-<<null>>' for key 'role.ixu_role_name_domain_id'")
Aug 27 13:33:46 ubuntu devstack@keystone.service[81179]: [SQL: INSERT INTO `role` (id, name, description, extra) VALUES (%(id)s, %(name)s, %(description)s, %(extra)s)]
Aug 27 13:33:46 ubuntu devstack@keystone.service[81179]: [parameters: {'id': '0693336daae94667a350a08a297219b0', 'name': 'service', 'description': None, 'extra': '{}'}]
Aug 27 13:33:46 ubuntu devstack@keystone.service[81179]: (Background on this error at: https://sqlalche.me/e/20/gkpj) {{(pid=81179) wrapper /opt/stack/keystone/keystone/common/sql/core.py:580}}
Aug 27 13:33:46 ubuntu devstack@keystone.service[81180]: [pid: 81180|app: 0|req: 18/37] 10.201.5.82 () {60 vars in 1133 bytes} [Wed Aug 27 13:33:46 2025] POST /identity/v3/projects => generated 301 bytes in 258 msecs (HTTP/1.1 201) 5 headers in 182 bytes (1 switches on core 0)
Aug 27 13:33:46 ubuntu devstack@keystone.service[81180]: DEBUG keystone.server.flask.request_processing.middleware.auth_context [None req-8698f3bf-0e63-4fc1-882e-518fb6e48d35 None admin] Authenticating user token {{(pid=81180) process_request /opt/stack/data/venv/lib/python3.10/site-packages/keystonemiddleware/auth_token/__init__.py:407}}
Aug 27 13:33:46 ubuntu devstack@keystone.service[81179]: ERROR keystone.server.flask.application [None req-07f1e5e0-83de-478c-8f95-975e82d05567 None admin] Conflict occurred attempting to store role - Duplicate entry found with name service.: keystone.exception.Conflict: Conflict occurred attempting to store role - Duplicate entry found with name service.
Aug 27 13:33:46 ubuntu devstack@keystone.service[81179]: ERROR keystone.server.flask.application Traceback (most recent call last):
Aug 27 13:33:46 ubuntu devstack@keystone.service[81179]: ERROR keystone.server.flask.application   File "/opt/stack/data/venv/lib/python3.10/site-packages/sqlalchemy/engine/base.py", line 1961, in _exec_single_context
Aug 27 13:33:46 ubuntu devstack@keystone.service[81179]: ERROR keystone.server.flask.application     self.dialect.do_execute(
Aug 27 13:33:46 ubuntu devstack@keystone.service[81179]: ERROR keystone.server.flask.application   File "/opt/stack/data/venv/lib/python3.10/site-packages/sqlalchemy/engine/default.py", line 944, in do_execute
Aug 27 13:33:46 ubuntu devstack@keystone.service[81179]: ERROR keystone.server.flask.application     cursor.execute(statement, parameters)
Aug 27 13:33:46 ubuntu devstack@keystone.service[81179]: ERROR keystone.server.flask.application   File "/opt/stack/data/venv/lib/python3.10/site-packages/pymysql/cursors.py", line 153, in execute
Aug 27 13:33:46 ubuntu devstack@keystone.service[81179]: ERROR keystone.server.flask.application     result = self._query(query)
Aug 27 13:33:46 ubuntu devstack@keystone.service[81179]: ERROR keystone.server.flask.application   File "/opt/stack/data/venv/lib/python3.10/site-packages/pymysql/cursors.py", line 322, in _query
Aug 27 13:33:46 ubuntu devstack@keystone.service[81179]: ERROR keystone.server.flask.application     conn.query(q)
Aug 27 13:33:46 ubuntu devstack@keystone.service[81179]: ERROR keystone.server.flask.application   File "/opt/stack/data/venv/lib/python3.10/site-packages/pymysql/connections.py", line 563, in query
Aug 27 13:33:46 ubuntu devstack@keystone.service[81179]: ERROR keystone.server.flask.application     self._affected_rows = self._read_query_result(unbuffered=unbuffered)
Aug 27 13:33:46 ubuntu devstack@keystone.service[81179]: ERROR keystone.server.flask.application   File "/opt/stack/data/venv/lib/python3.10/site-packages/pymysql/connections.py", line 825, in _read_query_result
Aug 27 13:33:46 ubuntu devstack@keystone.service[81179]: ERROR keystone.server.flask.application     result.read()
Aug 27 13:33:46 ubuntu devstack@keystone.service[81179]: ERROR keystone.server.flask.application   File "/opt/stack/data/venv/lib/python3.10/site-packages/pymysql/connections.py", line 1199, in read
Aug 27 13:33:46 ubuntu devstack@keystone.service[81179]: ERROR keystone.server.flask.application     first_packet = self.connection._read_packet()
Aug 27 13:33:46 ubuntu devstack@keystone.service[81179]: ERROR keystone.server.flask.application   File "/opt/stack/data/venv/lib/python3.10/site-packages/pymysql/connections.py", line 775, in _read_packet
Aug 27 13:33:46 ubuntu devstack@keystone.service[81179]: ERROR keystone.server.flask.application     packet.raise_for_error()
Aug 27 13:33:46 ubuntu devstack@keystone.service[81179]: ERROR keystone.server.flask.application   File "/opt/stack/data/venv/lib/python3.10/site-packages/pymysql/protocol.py", line 219, in raise_for_error
Aug 27 13:33:46 ubuntu devstack@keystone.service[81179]: ERROR keystone.server.flask.application     err.raise_mysql_exception(self._data)
Aug 27 13:33:46 ubuntu devstack@keystone.service[81179]: ERROR keystone.server.flask.application   File "/opt/stack/data/venv/lib/python3.10/site-packages/pymysql/err.py", line 150, in raise_mysql_exception
Aug 27 13:33:46 ubuntu devstack@keystone.service[81179]: ERROR keystone.server.flask.application     raise errorclass(errno, errval)
Aug 27 13:33:46 ubuntu devstack@keystone.service[81179]: ERROR keystone.server.flask.application pymysql.err.IntegrityError: (1062, "Duplicate entry 'service-<<null>>' for key 'role.ixu_role_name_domain_id'")
Aug 27 13:33:46 ubuntu devstack@keystone.service[81179]: ERROR keystone.server.flask.application 
Aug 27 13:33:46 ubuntu devstack@keystone.service[81179]: ERROR keystone.server.flask.application The above exception was the direct cause of the following exception:
Aug 27 13:33:46 ubuntu devstack@keystone.service[81179]: ERROR keystone.server.flask.application 
Aug 27 13:33:46 ubuntu devstack@keystone.service[81179]: ERROR keystone.server.flask.application Traceback (most recent call last):
Aug 27 13:33:46 ubuntu devstack@keystone.service[81179]: ERROR keystone.server.flask.application   File "/opt/stack/keystone/keystone/common/sql/core.py", line 575, in wrapper
Aug 27 13:33:46 ubuntu devstack@keystone.service[81179]: ERROR keystone.server.flask.application     return method(*args, **kwargs)
Aug 27 13:33:46 ubuntu devstack@keystone.service[81179]: ERROR keystone.server.flask.application   File "/opt/stack/keystone/keystone/assignment/role_backends/sql.py", line 25, in create_role
Aug 27 13:33:46 ubuntu devstack@keystone.service[81179]: ERROR keystone.server.flask.application     with sql.session_for_write() as session:
Aug 27 13:33:46 ubuntu devstack@keystone.service[81179]: ERROR keystone.server.flask.application   File "/usr/lib/python3.10/contextlib.py", line 142, in __exit__
Aug 27 13:33:46 ubuntu devstack@keystone.service[81179]: ERROR keystone.server.flask.application     next(self.gen)
Aug 27 13:33:46 ubuntu devstack@keystone.service[81179]: ERROR keystone.server.flask.application   File "/opt/stack/data/venv/lib/python3.10/site-packages/oslo_db/sqlalchemy/enginefacade.py", line 1199, in _transaction_scope
Aug 27 13:33:46 ubuntu devstack@keystone.service[81179]: ERROR keystone.server.flask.application     with current._produce_block(
Aug 27 13:33:46 ubuntu devstack@keystone.service[81179]: ERROR keystone.server.flask.application   File "/usr/lib/python3.10/contextlib.py", line 142, in __exit__
Aug 27 13:33:46 ubuntu devstack@keystone.service[81179]: ERROR keystone.server.flask.application     next(self.gen)
Aug 27 13:33:46 ubuntu devstack@keystone.service[81179]: ERROR keystone.server.flask.application   File "/opt/stack/data/venv/lib/python3.10/site-packages/oslo_db/sqlalchemy/enginefacade.py", line 850, in _session
Aug 27 13:33:46 ubuntu devstack@keystone.service[81179]: ERROR keystone.server.flask.application     with excutils.save_and_reraise_exception():
Aug 27 13:33:46 ubuntu devstack@keystone.service[81179]: ERROR keystone.server.flask.application   File "/opt/stack/data/venv/lib/python3.10/site-packages/oslo_utils/excutils.py", line 227, in __exit__
Aug 27 13:33:46 ubuntu devstack@keystone.service[81179]: ERROR keystone.server.flask.application     self.force_reraise()
Aug 27 13:33:46 ubuntu devstack@keystone.service[81179]: ERROR keystone.server.flask.application   File "/opt/stack/data/venv/lib/python3.10/site-packages/oslo_utils/excutils.py", line 200, in force_reraise
