Jan 29 00:57:54 ubuntu devstack@keystone.service[81577]: DEBUG keystone.server.flask.request_processing.req_logging [None req-690d2e6e-df9f-426d-98ac-10d4b2fa717f None None] SCRIPT_NAME: `/identity` {{(pid=81577) log_request_info /opt/stack/keystone/keystone/server/flask/request_processing/req_logging.py:27}}
Jan 29 00:57:54 ubuntu devstack@keystone.service[81577]: DEBUG keystone.server.flask.request_processing.req_logging [None req-690d2e6e-df9f-426d-98ac-10d4b2fa717f None None] PATH_INFO: `/v3/auth/tokens` {{(pid=81577) log_request_info /opt/stack/keystone/keystone/server/flask/request_processing/req_logging.py:28}}
Jan 29 00:57:54 ubuntu devstack@keystone.service[81576]: DEBUG keystone.auth.core [None req-0349d456-6c2e-46ea-80b4-7602b05d0783 None None] MFA Rules not processed for user `3fcc2c0b88da492e85e0b569fcd05a60`. Rule list: `[]` (Enabled: `True`). {{(pid=81576) check_auth_methods_against_rules /opt/stack/keystone/keystone/auth/core.py:476}}
Jan 29 00:57:54 ubuntu devstack@keystone.service[81576]: DEBUG keystone.common.fernet_utils [None req-0349d456-6c2e-46ea-80b4-7602b05d0783 None None] Loaded 2 Fernet keys from /etc/keystone/fernet-keys/, but `[fernet_tokens] max_active_keys = 3`; perhaps there have not been enough key rotations to reach `max_active_keys` yet? {{(pid=81576) load_keys /opt/stack/keystone/keystone/common/fernet_utils.py:297}}
Jan 29 00:57:54 ubuntu devstack@keystone.service[81577]: WARNING keystone.common.password_hashing [None req-690d2e6e-df9f-426d-98ac-10d4b2fa717f None None] Truncating password to algorithm specific maximum length 72 characters.
Jan 29 00:57:54 ubuntu devstack@keystone.service[81577]: DEBUG keystone.auth.core [None req-690d2e6e-df9f-426d-98ac-10d4b2fa717f None None] MFA Rules not processed for user `3fcc2c0b88da492e85e0b569fcd05a60`. Rule list: `[]` (Enabled: `True`). {{(pid=81577) check_auth_methods_against_rules /opt/stack/keystone/keystone/auth/core.py:476}}
Jan 29 00:57:54 ubuntu devstack@keystone.service[81577]: DEBUG keystone.common.fernet_utils [None req-690d2e6e-df9f-426d-98ac-10d4b2fa717f None None] Loaded 2 Fernet keys from /etc/keystone/fernet-keys/, but `[fernet_tokens] max_active_keys = 3`; perhaps there have not been enough key rotations to reach `max_active_keys` yet? {{(pid=81577) load_keys /opt/stack/keystone/keystone/common/fernet_utils.py:297}}
Jan 29 00:57:54 ubuntu devstack@keystone.service[81576]: [pid: 81576|app: 0|req: 12/24] 10.201.5.82 () {58 vars in 1016 bytes} [Thu Jan 29 00:57:54 2026] POST /identity/v3/auth/tokens => generated 862 bytes in 66 msecs (HTTP/1.1 201) 6 headers in 363 bytes (1 switches on core 0)
Jan 29 00:57:54 ubuntu devstack@keystone.service[81577]: [pid: 81577|app: 0|req: 13/25] 10.201.5.82 () {58 vars in 1016 bytes} [Thu Jan 29 00:57:54 2026] POST /identity/v3/auth/tokens => generated 862 bytes in 76 msecs (HTTP/1.1 201) 6 headers in 363 bytes (1 switches on core 0)
Jan 29 00:57:54 ubuntu devstack@keystone.service[81576]: DEBUG keystone.server.flask.request_processing.req_logging [None req-8c66c1bb-1594-4169-be24-798e3a715c50 None None] REQUEST_METHOD: `GET` {{(pid=81576) log_request_info /opt/stack/keystone/keystone/server/flask/request_processing/req_logging.py:26}}
Jan 29 00:57:54 ubuntu devstack@keystone.service[81576]: DEBUG keystone.server.flask.request_processing.req_logging [None req-8c66c1bb-1594-4169-be24-798e3a715c50 None None] SCRIPT_NAME: `/identity` {{(pid=81576) log_request_info /opt/stack/keystone/keystone/server/flask/request_processing/req_logging.py:27}}
Jan 29 00:57:54 ubuntu devstack@keystone.service[81576]: DEBUG keystone.server.flask.request_processing.req_logging [None req-8c66c1bb-1594-4169-be24-798e3a715c50 None None] PATH_INFO: `/` {{(pid=81576) log_request_info /opt/stack/keystone/keystone/server/flask/request_processing/req_logging.py:28}}
Jan 29 00:57:54 ubuntu devstack@keystone.service[81576]: [pid: 81576|app: 0|req: 13/26] 10.201.5.82 () {54 vars in 919 bytes} [Thu Jan 29 00:57:54 2026] GET /identity => generated 270 bytes in 2 msecs (HTTP/1.1 300) 6 headers in 234 bytes (1 switches on core 0)
Jan 29 00:57:54 ubuntu devstack@keystone.service[81577]: DEBUG keystone.server.flask.request_processing.req_logging [None req-72457c89-7a3f-4bdd-9c9d-d0ab9dd4db90 None None] REQUEST_METHOD: `POST` {{(pid=81577) log_request_info /opt/stack/keystone/keystone/server/flask/request_processing/req_logging.py:26}}
Jan 29 00:57:54 ubuntu devstack@keystone.service[81577]: DEBUG keystone.server.flask.request_processing.req_logging [None req-72457c89-7a3f-4bdd-9c9d-d0ab9dd4db90 None None] SCRIPT_NAME: `/identity` {{(pid=81577) log_request_info /opt/stack/keystone/keystone/server/flask/request_processing/req_logging.py:27}}
Jan 29 00:57:54 ubuntu devstack@keystone.service[81577]: DEBUG keystone.server.flask.request_processing.req_logging [None req-72457c89-7a3f-4bdd-9c9d-d0ab9dd4db90 None None] PATH_INFO: `/v3/auth/tokens` {{(pid=81577) log_request_info /opt/stack/keystone/keystone/server/flask/request_processing/req_logging.py:28}}
Jan 29 00:57:54 ubuntu devstack@keystone.service[81577]: WARNING keystone.common.password_hashing [None req-72457c89-7a3f-4bdd-9c9d-d0ab9dd4db90 None None] Truncating password to algorithm specific maximum length 72 characters.
Jan 29 00:57:54 ubuntu devstack@keystone.service[81577]: DEBUG keystone.auth.core [None req-72457c89-7a3f-4bdd-9c9d-d0ab9dd4db90 None None] MFA Rules not processed for user `3fcc2c0b88da492e85e0b569fcd05a60`. Rule list: `[]` (Enabled: `True`). {{(pid=81577) check_auth_methods_against_rules /opt/stack/keystone/keystone/auth/core.py:476}}
Jan 29 00:57:54 ubuntu devstack@keystone.service[81577]: DEBUG keystone.common.fernet_utils [None req-72457c89-7a3f-4bdd-9c9d-d0ab9dd4db90 None None] Loaded 2 Fernet keys from /etc/keystone/fernet-keys/, but `[fernet_tokens] max_active_keys = 3`; perhaps there have not been enough key rotations to reach `max_active_keys` yet? {{(pid=81577) load_keys /opt/stack/keystone/keystone/common/fernet_utils.py:297}}
Jan 29 00:57:54 ubuntu devstack@keystone.service[81576]: DEBUG keystone.server.flask.request_processing.middleware.auth_context [None req-8c66c1bb-1594-4169-be24-798e3a715c50 None None] Authenticating user token {{(pid=81576) process_request /opt/stack/data/venv/lib/python3.10/site-packages/keystonemiddleware/auth_token/__init__.py:407}}
Jan 29 00:57:54 ubuntu devstack@keystone.service[81577]: [pid: 81577|app: 0|req: 14/27] 10.201.5.82 () {58 vars in 1016 bytes} [Thu Jan 29 00:57:54 2026] POST /identity/v3/auth/tokens => generated 862 bytes in 65 msecs (HTTP/1.1 201) 6 headers in 363 bytes (1 switches on core 0)
Jan 29 00:57:54 ubuntu devstack@keystone.service[81577]: DEBUG keystone.server.flask.request_processing.middleware.auth_context [None req-72457c89-7a3f-4bdd-9c9d-d0ab9dd4db90 None None] Authenticating user token {{(pid=81577) process_request /opt/stack/data/venv/lib/python3.10/site-packages/keystonemiddleware/auth_token/__init__.py:407}}
Jan 29 00:57:54 ubuntu devstack@keystone.service[81576]: DEBUG keystone.server.flask.request_processing.middleware.auth_context [None req-8c66c1bb-1594-4169-be24-798e3a715c50 None None] Validating token access rules against request {{(pid=81576) validate_allowed_request /opt/stack/data/venv/lib/python3.10/site-packages/keystonemiddleware/auth_token/__init__.py:545}}
Jan 29 00:57:54 ubuntu devstack@keystone.service[81577]: DEBUG keystone.server.flask.request_processing.middleware.auth_context [None req-72457c89-7a3f-4bdd-9c9d-d0ab9dd4db90 None None] Validating token access rules against request {{(pid=81577) validate_allowed_request /opt/stack/data/venv/lib/python3.10/site-packages/keystonemiddleware/auth_token/__init__.py:545}}
Jan 29 00:57:54 ubuntu devstack@keystone.service[81576]: DEBUG keystone.server.flask.request_processing.middleware.auth_context [None req-c12c59ab-a1cd-4a77-b40a-2f72250988b0 None admin] RBAC: auth_context: {'token': <TokenModel (audit_id=fwf5-8C2SbqEbWeGxHMcAQ, audit_chain_id=['fwf5-8C2SbqEbWeGxHMcAQ']) at 0x7f9eaff070d0>, 'domain_id': None, 'trust_id': None, 'trustor_id': None, 'trustee_id': None, 'domain_name': None, 'group_ids': [], 'user_id': '3fcc2c0b88da492e85e0b569fcd05a60', 'user_domain_id': 'default', 'system_scope': 'all', 'project_id': None, 'project_domain_id': None, 'roles': ['admin', 'manager', 'member', 'reader'], 'is_admin_project': True, 'service_user_id': None, 'service_user_domain_id': None, 'service_project_id': None, 'service_project_domain_id': None, 'service_roles': []} {{(pid=81576) fill_context /opt/stack/keystone/keystone/server/flask/request_processing/middleware/auth_context.py:509}}
Jan 29 00:57:54 ubuntu devstack@keystone.service[81576]: DEBUG keystone.server.flask.request_processing.req_logging [None req-c12c59ab-a1cd-4a77-b40a-2f72250988b0 None admin] REQUEST_METHOD: `GET` {{(pid=81576) log_request_info /opt/stack/keystone/keystone/server/flask/request_processing/req_logging.py:26}}
Jan 29 00:57:54 ubuntu devstack@keystone.service[81576]: DEBUG keystone.server.flask.request_processing.req_logging [None req-c12c59ab-a1cd-4a77-b40a-2f72250988b0 None admin] SCRIPT_NAME: `/identity` {{(pid=81576) log_request_info /opt/stack/keystone/keystone/server/flask/request_processing/req_logging.py:27}}
Jan 29 00:57:54 ubuntu devstack@keystone.service[81576]: DEBUG keystone.server.flask.request_processing.req_logging [None req-c12c59ab-a1cd-4a77-b40a-2f72250988b0 None admin] PATH_INFO: `/v3/roles/admin` {{(pid=81576) log_request_info /opt/stack/keystone/keystone/server/flask/request_processing/req_logging.py:28}}
Jan 29 00:57:54 ubuntu devstack@keystone.service[81576]: DEBUG keystone.common.rbac_enforcer.enforcer [None req-c12c59ab-a1cd-4a77-b40a-2f72250988b0 None admin] Extracting inferred target data resulted in "NOT FOUND (404)". {{(pid=81576) enforce_call /opt/stack/keystone/keystone/common/rbac_enforcer/enforcer.py:445}}
Jan 29 00:57:54 ubuntu devstack@keystone.service[81577]: DEBUG keystone.server.flask.request_processing.middleware.auth_context [None req-189a9968-85c4-4269-8feb-001f94582ae4 None admin] RBAC: auth_context: {'token': <TokenModel (audit_id=15xq_tSVSeec9HiZf5apNg, audit_chain_id=['15xq_tSVSeec9HiZf5apNg']) at 0x7f9eb41554b0>, 'domain_id': None, 'trust_id': None, 'trustor_id': None, 'trustee_id': None, 'domain_name': None, 'group_ids': [], 'user_id': '3fcc2c0b88da492e85e0b569fcd05a60', 'user_domain_id': 'default', 'system_scope': 'all', 'project_id': None, 'project_domain_id': None, 'roles': ['admin', 'manager', 'member', 'reader'], 'is_admin_project': True, 'service_user_id': None, 'service_user_domain_id': None, 'service_project_id': None, 'service_project_domain_id': None, 'service_roles': []} {{(pid=81577) fill_context /opt/stack/keystone/keystone/server/flask/request_processing/middleware/auth_context.py:509}}
Jan 29 00:57:54 ubuntu devstack@keystone.service[81576]: DEBUG keystone.server.flask.application [None req-c12c59ab-a1cd-4a77-b40a-2f72250988b0 None admin] Could not find role: admin. {{(pid=81576) _handle_keystone_exception /opt/stack/keystone/keystone/server/flask/application.py:146}}
Jan 29 00:57:54 ubuntu devstack@keystone.service[81577]: DEBUG keystone.server.flask.request_processing.req_logging [None req-189a9968-85c4-4269-8feb-001f94582ae4 None admin] REQUEST_METHOD: `GET` {{(pid=81577) log_request_info /opt/stack/keystone/keystone/server/flask/request_processing/req_logging.py:26}}
Jan 29 00:57:54 ubuntu devstack@keystone.service[81577]: DEBUG keystone.server.flask.request_processing.req_logging [None req-189a9968-85c4-4269-8feb-001f94582ae4 None admin] SCRIPT_NAME: `/identity` {{(pid=81577) log_request_info /opt/stack/keystone/keystone/server/flask/request_processing/req_logging.py:27}}
Jan 29 00:57:54 ubuntu devstack@keystone.service[81577]: DEBUG keystone.server.flask.request_processing.req_logging [None req-189a9968-85c4-4269-8feb-001f94582ae4 None admin] PATH_INFO: `/v3/domains/Default` {{(pid=81577) log_request_info /opt/stack/keystone/keystone/server/flask/request_processing/req_logging.py:28}}
Jan 29 00:57:54 ubuntu devstack@keystone.service[81576]: [pid: 81576|app: 0|req: 14/28] 10.201.5.82 () {56 vars in 1132 bytes} [Thu Jan 29 00:57:54 2026] GET /identity/v3/roles/admin => generated 83 bytes in 91 msecs (HTTP/1.1 404) 5 headers in 183 bytes (2 switches on core 0)
Jan 29 00:57:54 ubuntu devstack@keystone.service[81576]: DEBUG keystone.server.flask.request_processing.middleware.auth_context [None req-c12c59ab-a1cd-4a77-b40a-2f72250988b0 None admin] Authenticating user token {{(pid=81576) process_request /opt/stack/data/venv/lib/python3.10/site-packages/keystonemiddleware/auth_token/__init__.py:407}}
Jan 29 00:57:54 ubuntu devstack@keystone.service[81577]: DEBUG keystone.common.rbac_enforcer.enforcer [None req-189a9968-85c4-4269-8feb-001f94582ae4 None admin] RBAC: Authorizing `identity:get_domain(domain_id=Default)` {{(pid=81577) enforce_call /opt/stack/keystone/keystone/common/rbac_enforcer/enforcer.py:494}}
Jan 29 00:57:54 ubuntu devstack@keystone.service[81577]: DEBUG keystone.common.rbac_enforcer.enforcer [None req-189a9968-85c4-4269-8feb-001f94582ae4 None admin] RBAC: Authorization granted {{(pid=81577) enforce_call /opt/stack/keystone/keystone/common/rbac_enforcer/enforcer.py:505}}
Jan 29 00:57:54 ubuntu devstack@keystone.service[81577]: DEBUG keystone.server.flask.application [None req-189a9968-85c4-4269-8feb-001f94582ae4 None admin] Could not find domain: Default. {{(pid=81577) _handle_keystone_exception /opt/stack/keystone/keystone/server/flask/application.py:146}}
Jan 29 00:57:54 ubuntu devstack@keystone.service[81577]: [pid: 81577|app: 0|req: 15/29] 10.201.5.82 () {56 vars in 1100 bytes} [Thu Jan 29 00:57:54 2026] GET /identity/v3/domains/Default => generated 87 bytes in 71 msecs (HTTP/1.1 404) 5 headers in 183 bytes (2 switches on core 0)
Jan 29 00:57:54 ubuntu devstack@keystone.service[81577]: DEBUG keystone.server.flask.request_processing.req_logging [None req-3d40cadf-7bfe-4482-ac45-c52bcc3d51b8 None None] REQUEST_METHOD: `GET` {{(pid=81577) log_request_info /opt/stack/keystone/keystone/server/flask/request_processing/req_logging.py:26}}
Jan 29 00:57:54 ubuntu devstack@keystone.service[81577]: DEBUG keystone.server.flask.request_processing.req_logging [None req-3d40cadf-7bfe-4482-ac45-c52bcc3d51b8 None None] SCRIPT_NAME: `/identity` {{(pid=81577) log_request_info /opt/stack/keystone/keystone/server/flask/request_processing/req_logging.py:27}}
Jan 29 00:57:54 ubuntu devstack@keystone.service[81577]: DEBUG keystone.server.flask.request_processing.req_logging [None req-3d40cadf-7bfe-4482-ac45-c52bcc3d51b8 None None] PATH_INFO: `/` {{(pid=81577) log_request_info /opt/stack/keystone/keystone/server/flask/request_processing/req_logging.py:28}}
Jan 29 00:57:54 ubuntu devstack@keystone.service[81577]: [pid: 81577|app: 0|req: 16/30] 10.201.5.82 () {54 vars in 919 bytes} [Thu Jan 29 00:57:54 2026] GET /identity => generated 270 bytes in 4 msecs (HTTP/1.1 300) 6 headers in 234 bytes (1 switches on core 0)
Jan 29 00:57:54 ubuntu devstack@keystone.service[81577]: DEBUG keystone.server.flask.request_processing.middleware.auth_context [None req-3d40cadf-7bfe-4482-ac45-c52bcc3d51b8 None None] Authenticating user token {{(pid=81577) process_request /opt/stack/data/venv/lib/python3.10/site-packages/keystonemiddleware/auth_token/__init__.py:407}}
Jan 29 00:57:54 ubuntu devstack@keystone.service[81576]: DEBUG keystone.server.flask.request_processing.middleware.auth_context [None req-c12c59ab-a1cd-4a77-b40a-2f72250988b0 None admin] Validating token access rules against request {{(pid=81576) validate_allowed_request /opt/stack/data/venv/lib/python3.10/site-packages/keystonemiddleware/auth_token/__init__.py:545}}
Jan 29 00:57:54 ubuntu devstack@keystone.service[81577]: DEBUG keystone.server.flask.request_processing.middleware.auth_context [None req-3d40cadf-7bfe-4482-ac45-c52bcc3d51b8 None None] Validating token access rules against request {{(pid=81577) validate_allowed_request /opt/stack/data/venv/lib/python3.10/site-packages/keystonemiddleware/auth_token/__init__.py:545}}
Jan 29 00:57:54 ubuntu devstack@keystone.service[81576]: DEBUG keystone.server.flask.request_processing.middleware.auth_context [None req-2855e552-3c14-47f7-b38e-f3f91a5c25f6 None admin] RBAC: auth_context: {'token': <TokenModel (audit_id=fwf5-8C2SbqEbWeGxHMcAQ, audit_chain_id=['fwf5-8C2SbqEbWeGxHMcAQ']) at 0x7f9eaff5d5a0>, 'domain_id': None, 'trust_id': None, 'trustor_id': None, 'trustee_id': None, 'domain_name': None, 'group_ids': [], 'user_id': '3fcc2c0b88da492e85e0b569fcd05a60', 'user_domain_id': 'default', 'system_scope': 'all', 'project_id': None, 'project_domain_id': None, 'roles': ['admin', 'manager', 'member', 'reader'], 'is_admin_project': True, 'service_user_id': None, 'service_user_domain_id': None, 'service_project_id': None, 'service_project_domain_id': None, 'service_roles': []} {{(pid=81576) fill_context /opt/stack/keystone/keystone/server/flask/request_processing/middleware/auth_context.py:509}}
Jan 29 00:57:54 ubuntu devstack@keystone.service[81576]: DEBUG keystone.server.flask.request_processing.req_logging [None req-2855e552-3c14-47f7-b38e-f3f91a5c25f6 None admin] REQUEST_METHOD: `GET` {{(pid=81576) log_request_info /opt/stack/keystone/keystone/server/flask/request_processing/req_logging.py:26}}
Jan 29 00:57:54 ubuntu devstack@keystone.service[81576]: DEBUG keystone.server.flask.request_processing.req_logging [None req-2855e552-3c14-47f7-b38e-f3f91a5c25f6 None admin] SCRIPT_NAME: `/identity` {{(pid=81576) log_request_info /opt/stack/keystone/keystone/server/flask/request_processing/req_logging.py:27}}
Jan 29 00:57:54 ubuntu devstack@keystone.service[81576]: DEBUG keystone.server.flask.request_processing.req_logging [None req-2855e552-3c14-47f7-b38e-f3f91a5c25f6 None admin] PATH_INFO: `/v3/roles` {{(pid=81576) log_request_info /opt/stack/keystone/keystone/server/flask/request_processing/req_logging.py:28}}
Jan 29 00:57:54 ubuntu devstack@keystone.service[81576]: DEBUG keystone.common.rbac_enforcer.enforcer [None req-2855e552-3c14-47f7-b38e-f3f91a5c25f6 None admin] RBAC: Adding query filter params (name=admin) {{(pid=81576) _extract_filter_values /opt/stack/keystone/keystone/common/rbac_enforcer/enforcer.py:176}}
Jan 29 00:57:54 ubuntu devstack@keystone.service[81576]: DEBUG keystone.common.rbac_enforcer.enforcer [None req-2855e552-3c14-47f7-b38e-f3f91a5c25f6 None admin] RBAC: Authorizing `identity:list_roles()` {{(pid=81576) enforce_call /opt/stack/keystone/keystone/common/rbac_enforcer/enforcer.py:494}}
Jan 29 00:57:54 ubuntu devstack@keystone.service[81576]: DEBUG keystone.common.rbac_enforcer.enforcer [None req-2855e552-3c14-47f7-b38e-f3f91a5c25f6 None admin] RBAC: Authorization granted {{(pid=81576) enforce_call /opt/stack/keystone/keystone/common/rbac_enforcer/enforcer.py:505}}
Jan 29 00:57:54 ubuntu devstack@keystone.service[81576]: [pid: 81576|app: 0|req: 15/31] 10.201.5.82 () {56 vars in 1148 bytes} [Thu Jan 29 00:57:54 2026] GET /identity/v3/roles?name=admin => generated 339 bytes in 61 msecs (HTTP/1.1 200) 5 headers in 177 bytes (2 switches on core 0)
Jan 29 00:57:54 ubuntu devstack@keystone.service[81576]: DEBUG keystone.server.flask.request_processing.req_logging [None req-acc06d0d-266e-4171-8c7b-417016d94e87 None None] REQUEST_METHOD: `POST` {{(pid=81576) log_request_info /opt/stack/keystone/keystone/server/flask/request_processing/req_logging.py:26}}
Jan 29 00:57:54 ubuntu devstack@keystone.service[81576]: DEBUG keystone.server.flask.request_processing.req_logging [None req-acc06d0d-266e-4171-8c7b-417016d94e87 None None] SCRIPT_NAME: `/identity` {{(pid=81576) log_request_info /opt/stack/keystone/keystone/server/flask/request_processing/req_logging.py:27}}
Jan 29 00:57:54 ubuntu devstack@keystone.service[81576]: DEBUG keystone.server.flask.request_processing.req_logging [None req-acc06d0d-266e-4171-8c7b-417016d94e87 None None] PATH_INFO: `/v3/auth/tokens` {{(pid=81576) log_request_info /opt/stack/keystone/keystone/server/flask/request_processing/req_logging.py:28}}
Jan 29 00:57:55 ubuntu devstack@keystone.service[81576]: WARNING keystone.common.password_hashing [None req-acc06d0d-266e-4171-8c7b-417016d94e87 None None] Truncating password to algorithm specific maximum length 72 characters.
Jan 29 00:57:55 ubuntu devstack@keystone.service[81577]: DEBUG keystone.server.flask.request_processing.middleware.auth_context [None req-92ec25b1-6b43-487e-a6a0-0d1a518c8827 None admin] RBAC: auth_context: {'token': <TokenModel (audit_id=15xq_tSVSeec9HiZf5apNg, audit_chain_id=['15xq_tSVSeec9HiZf5apNg']) at 0x7f9eafc4c880>, 'domain_id': None, 'trust_id': None, 'trustor_id': None, 'trustee_id': None, 'domain_name': None, 'group_ids': [], 'user_id': '3fcc2c0b88da492e85e0b569fcd05a60', 'user_domain_id': 'default', 'system_scope': 'all', 'project_id': None, 'project_domain_id': None, 'roles': ['admin', 'manager', 'member', 'reader'], 'is_admin_project': True, 'service_user_id': None, 'service_user_domain_id': None, 'service_project_id': None, 'service_project_domain_id': None, 'service_roles': []} {{(pid=81577) fill_context /opt/stack/keystone/keystone/server/flask/request_processing/middleware/auth_context.py:509}}
Jan 29 00:57:55 ubuntu devstack@keystone.service[81577]: DEBUG keystone.server.flask.request_processing.req_logging [None req-92ec25b1-6b43-487e-a6a0-0d1a518c8827 None admin] REQUEST_METHOD: `GET` {{(pid=81577) log_request_info /opt/stack/keystone/keystone/server/flask/request_processing/req_logging.py:26}}
Jan 29 00:57:55 ubuntu devstack@keystone.service[81577]: DEBUG keystone.server.flask.request_processing.req_logging [None req-92ec25b1-6b43-487e-a6a0-0d1a518c8827 None admin] SCRIPT_NAME: `/identity` {{(pid=81577) log_request_info /opt/stack/keystone/keystone/server/flask/request_processing/req_logging.py:27}}
Jan 29 00:57:55 ubuntu devstack@keystone.service[81577]: DEBUG keystone.server.flask.request_processing.req_logging [None req-92ec25b1-6b43-487e-a6a0-0d1a518c8827 None admin] PATH_INFO: `/v3/domains` {{(pid=81577) log_request_info /opt/stack/keystone/keystone/server/flask/request_processing/req_logging.py:28}}
Jan 29 00:57:55 ubuntu devstack@keystone.service[81577]: DEBUG keystone.common.rbac_enforcer.enforcer [None req-92ec25b1-6b43-487e-a6a0-0d1a518c8827 None admin] RBAC: Adding query filter params (name=Default) {{(pid=81577) _extract_filter_values /opt/stack/keystone/keystone/common/rbac_enforcer/enforcer.py:176}}
Jan 29 00:57:55 ubuntu devstack@keystone.service[81577]: DEBUG keystone.common.rbac_enforcer.enforcer [None req-92ec25b1-6b43-487e-a6a0-0d1a518c8827 None admin] RBAC: Authorizing `identity:list_domains()` {{(pid=81577) enforce_call /opt/stack/keystone/keystone/common/rbac_enforcer/enforcer.py:494}}
Jan 29 00:57:55 ubuntu devstack@keystone.service[81577]: DEBUG keystone.common.rbac_enforcer.enforcer [None req-92ec25b1-6b43-487e-a6a0-0d1a518c8827 None admin] RBAC: Authorization granted {{(pid=81577) enforce_call /opt/stack/keystone/keystone/common/rbac_enforcer/enforcer.py:505}}
Jan 29 00:57:55 ubuntu devstack@keystone.service[81576]: DEBUG keystone.auth.core [None req-acc06d0d-266e-4171-8c7b-417016d94e87 None None] MFA Rules not processed for user `3fcc2c0b88da492e85e0b569fcd05a60`. Rule list: `[]` (Enabled: `True`). {{(pid=81576) check_auth_methods_against_rules /opt/stack/keystone/keystone/auth/core.py:476}}
Jan 29 00:57:55 ubuntu devstack@keystone.service[81576]: DEBUG keystone.common.fernet_utils [None req-acc06d0d-266e-4171-8c7b-417016d94e87 None None] Loaded 2 Fernet keys from /etc/keystone/fernet-keys/, but `[fernet_tokens] max_active_keys = 3`; perhaps there have not been enough key rotations to reach `max_active_keys` yet? {{(pid=81576) load_keys /opt/stack/keystone/keystone/common/fernet_utils.py:297}}
Jan 29 00:57:55 ubuntu devstack@keystone.service[81577]: [pid: 81577|app: 0|req: 17/32] 10.201.5.82 () {56 vars in 1101 bytes} [Thu Jan 29 00:57:54 2026] GET /identity/v3/domains?name=Default => generated 308 bytes in 70 msecs (HTTP/1.1 200) 5 headers in 177 bytes (1 switches on core 0)
Jan 29 00:57:55 ubuntu devstack@keystone.service[81577]: DEBUG keystone.server.flask.request_processing.middleware.auth_context [None req-92ec25b1-6b43-487e-a6a0-0d1a518c8827 None admin] Authenticating user token {{(pid=81577) process_request /opt/stack/data/venv/lib/python3.10/site-packages/keystonemiddleware/auth_token/__init__.py:407}}
Jan 29 00:57:55 ubuntu devstack@keystone.service[81576]: [pid: 81576|app: 0|req: 16/33] 10.201.5.82 () {58 vars in 1016 bytes} [Thu Jan 29 00:57:54 2026] POST /identity/v3/auth/tokens => generated 862 bytes in 54 msecs (HTTP/1.1 201) 6 headers in 363 bytes (1 switches on core 0)
Jan 29 00:57:55 ubuntu devstack@keystone.service[81576]: DEBUG keystone.server.flask.request_processing.middleware.auth_context [None req-acc06d0d-266e-4171-8c7b-417016d94e87 None None] Authenticating user token {{(pid=81576) process_request /opt/stack/data/venv/lib/python3.10/site-packages/keystonemiddleware/auth_token/__init__.py:407}}
Jan 29 00:57:55 ubuntu devstack@keystone.service[81577]: DEBUG keystone.server.flask.request_processing.middleware.auth_context [None req-92ec25b1-6b43-487e-a6a0-0d1a518c8827 None admin] Validating token access rules against request {{(pid=81577) validate_allowed_request /opt/stack/data/venv/lib/python3.10/site-packages/keystonemiddleware/auth_token/__init__.py:545}}
Jan 29 00:57:55 ubuntu devstack@keystone.service[81576]: DEBUG keystone.server.flask.request_processing.middleware.auth_context [None req-acc06d0d-266e-4171-8c7b-417016d94e87 None None] Validating token access rules against request {{(pid=81576) validate_allowed_request /opt/stack/data/venv/lib/python3.10/site-packages/keystonemiddleware/auth_token/__init__.py:545}}
Jan 29 00:57:55 ubuntu devstack@keystone.service[81576]: DEBUG keystone.server.flask.request_processing.middleware.auth_context [None req-06ec79c1-86a8-4427-a9cf-39b13318bc6a None admin] RBAC: auth_context: {'token': <TokenModel (audit_id=15xq_tSVSeec9HiZf5apNg, audit_chain_id=['15xq_tSVSeec9HiZf5apNg']) at 0x7f9eaff5cdf0>, 'domain_id': None, 'trust_id': None, 'trustor_id': None, 'trustee_id': None, 'domain_name': None, 'group_ids': [], 'user_id': '3fcc2c0b88da492e85e0b569fcd05a60', 'user_domain_id': 'default', 'system_scope': 'all', 'project_id': None, 'project_domain_id': None, 'roles': ['admin', 'manager', 'member', 'reader'], 'is_admin_project': True, 'service_user_id': None, 'service_user_domain_id': None, 'service_project_id': None, 'service_project_domain_id': None, 'service_roles': []} {{(pid=81576) fill_context /opt/stack/keystone/keystone/server/flask/request_processing/middleware/auth_context.py:509}}
Jan 29 00:57:55 ubuntu devstack@keystone.service[81576]: DEBUG keystone.server.flask.request_processing.req_logging [None req-06ec79c1-86a8-4427-a9cf-39b13318bc6a None admin] REQUEST_METHOD: `POST` {{(pid=81576) log_request_info /opt/stack/keystone/keystone/server/flask/request_processing/req_logging.py:26}}
Jan 29 00:57:55 ubuntu devstack@keystone.service[81576]: DEBUG keystone.server.flask.request_processing.req_logging [None req-06ec79c1-86a8-4427-a9cf-39b13318bc6a None admin] SCRIPT_NAME: `/identity` {{(pid=81576) log_request_info /opt/stack/keystone/keystone/server/flask/request_processing/req_logging.py:27}}
Jan 29 00:57:55 ubuntu devstack@keystone.service[81576]: DEBUG keystone.server.flask.request_processing.req_logging [None req-06ec79c1-86a8-4427-a9cf-39b13318bc6a None admin] PATH_INFO: `/v3/projects` {{(pid=81576) log_request_info /opt/stack/keystone/keystone/server/flask/request_processing/req_logging.py:28}}
Jan 29 00:57:55 ubuntu devstack@keystone.service[81576]: DEBUG keystone.common.rbac_enforcer.enforcer [None req-06ec79c1-86a8-4427-a9cf-39b13318bc6a None admin] RBAC: Authorizing `identity:create_project()` {{(pid=81576) enforce_call /opt/stack/keystone/keystone/common/rbac_enforcer/enforcer.py:494}}
Jan 29 00:57:55 ubuntu devstack@keystone.service[81576]: DEBUG keystone.common.rbac_enforcer.enforcer [None req-06ec79c1-86a8-4427-a9cf-39b13318bc6a None admin] RBAC: Authorization granted {{(pid=81576) enforce_call /opt/stack/keystone/keystone/common/rbac_enforcer/enforcer.py:505}}
Jan 29 00:57:55 ubuntu devstack@keystone.service[81577]: DEBUG keystone.server.flask.request_processing.middleware.auth_context [None req-17b14956-7707-4a71-b846-08163c69b636 None admin] RBAC: auth_context: {'token': <TokenModel (audit_id=fwf5-8C2SbqEbWeGxHMcAQ, audit_chain_id=['fwf5-8C2SbqEbWeGxHMcAQ']) at 0x7f9eaff5e8c0>, 'domain_id': None, 'trust_id': None, 'trustor_id': None, 'trustee_id': None, 'domain_name': None, 'group_ids': [], 'user_id': '3fcc2c0b88da492e85e0b569fcd05a60', 'user_domain_id': 'default', 'system_scope': 'all', 'project_id': None, 'project_domain_id': None, 'roles': ['admin', 'manager', 'member', 'reader'], 'is_admin_project': True, 'service_user_id': None, 'service_user_domain_id': None, 'service_project_id': None, 'service_project_domain_id': None, 'service_roles': []} {{(pid=81577) fill_context /opt/stack/keystone/keystone/server/flask/request_processing/middleware/auth_context.py:509}}
Jan 29 00:57:55 ubuntu devstack@keystone.service[81577]: DEBUG keystone.server.flask.request_processing.req_logging [None req-17b14956-7707-4a71-b846-08163c69b636 None admin] REQUEST_METHOD: `GET` {{(pid=81577) log_request_info /opt/stack/keystone/keystone/server/flask/request_processing/req_logging.py:26}}
Jan 29 00:57:55 ubuntu devstack@keystone.service[81577]: DEBUG keystone.server.flask.request_processing.req_logging [None req-17b14956-7707-4a71-b846-08163c69b636 None admin] SCRIPT_NAME: `/identity` {{(pid=81577) log_request_info /opt/stack/keystone/keystone/server/flask/request_processing/req_logging.py:27}}
Jan 29 00:57:55 ubuntu devstack@keystone.service[81577]: DEBUG keystone.server.flask.request_processing.req_logging [None req-17b14956-7707-4a71-b846-08163c69b636 None admin] PATH_INFO: `/v3/users/3fcc2c0b88da492e85e0b569fcd05a60` {{(pid=81577) log_request_info /opt/stack/keystone/keystone/server/flask/request_processing/req_logging.py:28}}
Jan 29 00:57:55 ubuntu devstack@keystone.service[81577]: DEBUG keystone.common.rbac_enforcer.enforcer [None req-17b14956-7707-4a71-b846-08163c69b636 None admin] RBAC: Authorizing `identity:get_user(user_id=3fcc2c0b88da492e85e0b569fcd05a60)` {{(pid=81577) enforce_call /opt/stack/keystone/keystone/common/rbac_enforcer/enforcer.py:494}}
Jan 29 00:57:55 ubuntu devstack@keystone.service[81577]: DEBUG keystone.common.rbac_enforcer.enforcer [None req-17b14956-7707-4a71-b846-08163c69b636 None admin] RBAC: Authorization granted {{(pid=81577) enforce_call /opt/stack/keystone/keystone/common/rbac_enforcer/enforcer.py:505}}
Jan 29 00:57:55 ubuntu devstack@keystone.service[81577]: [pid: 81577|app: 0|req: 18/34] 10.201.5.82 () {56 vars in 1213 bytes} [Thu Jan 29 00:57:55 2026] GET /identity/v3/users/3fcc2c0b88da492e85e0b569fcd05a60 => generated 247 bytes in 88 msecs (HTTP/1.1 200) 5 headers in 177 bytes (1 switches on core 0)
Jan 29 00:57:55 ubuntu devstack@keystone.service[81577]: DEBUG keystone.server.flask.request_processing.middleware.auth_context [None req-17b14956-7707-4a71-b846-08163c69b636 None admin] Authenticating user token {{(pid=81577) process_request /opt/stack/data/venv/lib/python3.10/site-packages/keystonemiddleware/auth_token/__init__.py:407}}
Jan 29 00:57:55 ubuntu devstack@keystone.service[81576]: [pid: 81576|app: 0|req: 17/35] 10.201.5.82 () {60 vars in 1133 bytes} [Thu Jan 29 00:57:55 2026] POST /identity/v3/projects => generated 301 bytes in 74 msecs (HTTP/1.1 201) 5 headers in 182 bytes (1 switches on core 0)
Jan 29 00:57:55 ubuntu devstack@keystone.service[81576]: DEBUG keystone.server.flask.request_processing.middleware.auth_context [None req-06ec79c1-86a8-4427-a9cf-39b13318bc6a None admin] Authenticating user token {{(pid=81576) process_request /opt/stack/data/venv/lib/python3.10/site-packages/keystonemiddleware/auth_token/__init__.py:407}}
Jan 29 00:57:55 ubuntu devstack@keystone.service[81576]: DEBUG keystone.server.flask.request_processing.middleware.auth_context [None req-06ec79c1-86a8-4427-a9cf-39b13318bc6a None admin] Validating token access rules against request {{(pid=81576) validate_allowed_request /opt/stack/data/venv/lib/python3.10/site-packages/keystonemiddleware/auth_token/__init__.py:545}}
Jan 29 00:57:55 ubuntu devstack@keystone.service[81577]: DEBUG keystone.server.flask.request_processing.middleware.auth_context [None req-17b14956-7707-4a71-b846-08163c69b636 None admin] Validating token access rules against request {{(pid=81577) validate_allowed_request /opt/stack/data/venv/lib/python3.10/site-packages/keystonemiddleware/auth_token/__init__.py:545}}
Jan 29 00:57:55 ubuntu devstack@keystone.service[81576]: DEBUG keystone.server.flask.request_processing.middleware.auth_context [None req-a6c6694f-c93e-4263-9da1-cf9048494895 None admin] RBAC: auth_context: {'token': <TokenModel (audit_id=fwf5-8C2SbqEbWeGxHMcAQ, audit_chain_id=['fwf5-8C2SbqEbWeGxHMcAQ']) at 0x7f9eaff072e0>, 'domain_id': None, 'trust_id': None, 'trustor_id': None, 'trustee_id': None, 'domain_name': None, 'group_ids': [], 'user_id': '3fcc2c0b88da492e85e0b569fcd05a60', 'user_domain_id': 'default', 'system_scope': 'all', 'project_id': None, 'project_domain_id': None, 'roles': ['admin', 'manager', 'member', 'reader'], 'is_admin_project': True, 'service_user_id': None, 'service_user_domain_id': None, 'service_project_id': None, 'service_project_domain_id': None, 'service_roles': []} {{(pid=81576) fill_context /opt/stack/keystone/keystone/server/flask/request_processing/middleware/auth_context.py:509}}
Jan 29 00:57:55 ubuntu devstack@keystone.service[81576]: DEBUG keystone.server.flask.request_processing.req_logging [None req-a6c6694f-c93e-4263-9da1-cf9048494895 None admin] REQUEST_METHOD: `GET` {{(pid=81576) log_request_info /opt/stack/keystone/keystone/server/flask/request_processing/req_logging.py:26}}
Jan 29 00:57:55 ubuntu devstack@keystone.service[81576]: DEBUG keystone.server.flask.request_processing.req_logging [None req-a6c6694f-c93e-4263-9da1-cf9048494895 None admin] SCRIPT_NAME: `/identity` {{(pid=81576) log_request_info /opt/stack/keystone/keystone/server/flask/request_processing/req_logging.py:27}}
Jan 29 00:57:55 ubuntu devstack@keystone.service[81576]: DEBUG keystone.server.flask.request_processing.req_logging [None req-a6c6694f-c93e-4263-9da1-cf9048494895 None admin] PATH_INFO: `/v3/domains/default` {{(pid=81576) log_request_info /opt/stack/keystone/keystone/server/flask/request_processing/req_logging.py:28}}
Jan 29 00:57:55 ubuntu devstack@keystone.service[81576]: DEBUG keystone.common.rbac_enforcer.enforcer [None req-a6c6694f-c93e-4263-9da1-cf9048494895 None admin] RBAC: Authorizing `identity:get_domain(domain_id=default)` {{(pid=81576) enforce_call /opt/stack/keystone/keystone/common/rbac_enforcer/enforcer.py:494}}
Jan 29 00:57:55 ubuntu devstack@keystone.service[81576]: DEBUG keystone.common.rbac_enforcer.enforcer [None req-a6c6694f-c93e-4263-9da1-cf9048494895 None admin] RBAC: Authorization granted {{(pid=81576) enforce_call /opt/stack/keystone/keystone/common/rbac_enforcer/enforcer.py:505}}
Jan 29 00:57:55 ubuntu devstack@keystone.service[81576]: [pid: 81576|app: 0|req: 18/36] 10.201.5.82 () {56 vars in 1144 bytes} [Thu Jan 29 00:57:55 2026] GET /identity/v3/domains/default => generated 199 bytes in 55 msecs (HTTP/1.1 200) 5 headers in 177 bytes (1 switches on core 0)
Jan 29 00:57:55 ubuntu devstack@keystone.service[81577]: DEBUG keystone.server.flask.request_processing.middleware.auth_context [None req-b666e504-5bc1-40c9-8a23-5a4acf3c4a0b None admin] RBAC: auth_context: {'token': <TokenModel (audit_id=RxReOWr3TWSi4_2KdnNyPQ, audit_chain_id=['RxReOWr3TWSi4_2KdnNyPQ']) at 0x7f9eb4157b50>, 'domain_id': None, 'trust_id': None, 'trustor_id': None, 'trustee_id': None, 'domain_name': None, 'group_ids': [], 'user_id': '3fcc2c0b88da492e85e0b569fcd05a60', 'user_domain_id': 'default', 'system_scope': 'all', 'project_id': None, 'project_domain_id': None, 'roles': ['admin', 'manager', 'member', 'reader'], 'is_admin_project': True, 'service_user_id': None, 'service_user_domain_id': None, 'service_project_id': None, 'service_project_domain_id': None, 'service_roles': []} {{(pid=81577) fill_context /opt/stack/keystone/keystone/server/flask/request_processing/middleware/auth_context.py:509}}
Jan 29 00:57:55 ubuntu devstack@keystone.service[81577]: DEBUG keystone.server.flask.request_processing.req_logging [None req-b666e504-5bc1-40c9-8a23-5a4acf3c4a0b None admin] REQUEST_METHOD: `POST` {{(pid=81577) log_request_info /opt/stack/keystone/keystone/server/flask/request_processing/req_logging.py:26}}
Jan 29 00:57:55 ubuntu devstack@keystone.service[81577]: DEBUG keystone.server.flask.request_processing.req_logging [None req-b666e504-5bc1-40c9-8a23-5a4acf3c4a0b None admin] SCRIPT_NAME: `/identity` {{(pid=81577) log_request_info /opt/stack/keystone/keystone/server/flask/request_processing/req_logging.py:27}}
Jan 29 00:57:55 ubuntu devstack@keystone.service[81577]: DEBUG keystone.server.flask.request_processing.req_logging [None req-b666e504-5bc1-40c9-8a23-5a4acf3c4a0b None admin] PATH_INFO: `/v3/roles` {{(pid=81577) log_request_info /opt/stack/keystone/keystone/server/flask/request_processing/req_logging.py:28}}
Jan 29 00:57:55 ubuntu devstack@keystone.service[81577]: DEBUG keystone.common.rbac_enforcer.enforcer [None req-b666e504-5bc1-40c9-8a23-5a4acf3c4a0b None admin] RBAC: Authorizing `identity:create_role()` {{(pid=81577) enforce_call /opt/stack/keystone/keystone/common/rbac_enforcer/enforcer.py:494}}
Jan 29 00:57:55 ubuntu devstack@keystone.service[81577]: DEBUG keystone.common.rbac_enforcer.enforcer [None req-b666e504-5bc1-40c9-8a23-5a4acf3c4a0b None admin] RBAC: Authorization granted {{(pid=81577) enforce_call /opt/stack/keystone/keystone/common/rbac_enforcer/enforcer.py:505}}
Jan 29 00:57:55 ubuntu devstack@keystone.service[81576]: DEBUG keystone.server.flask.request_processing.middleware.auth_context [None req-a6c6694f-c93e-4263-9da1-cf9048494895 None admin] Authenticating user token {{(pid=81576) process_request /opt/stack/data/venv/lib/python3.10/site-packages/keystonemiddleware/auth_token/__init__.py:407}}
Jan 29 00:57:55 ubuntu devstack@keystone.service[81577]: DEBUG keystone.common.sql.core [None req-b666e504-5bc1-40c9-8a23-5a4acf3c4a0b None admin] Conflict role: (pymysql.err.IntegrityError) (1062, "Duplicate entry 'service-<<null>>' for key 'role.ixu_role_name_domain_id'")
Jan 29 00:57:55 ubuntu devstack@keystone.service[81577]: [SQL: INSERT INTO `role` (id, name, description, extra) VALUES (%(id)s, %(name)s, %(description)s, %(extra)s)]
Jan 29 00:57:55 ubuntu devstack@keystone.service[81577]: [parameters: {'id': 'e6678af56bce4c86b083c377358ce859', 'name': 'service', 'description': None, 'extra': '{}'}]
Jan 29 00:57:55 ubuntu devstack@keystone.service[81577]: (Background on this error at: https://sqlalche.me/e/20/gkpj) {{(pid=81577) wrapper /opt/stack/keystone/keystone/common/sql/core.py:580}}
Jan 29 00:57:55 ubuntu devstack@keystone.service[81577]: ERROR keystone.server.flask.application [None req-b666e504-5bc1-40c9-8a23-5a4acf3c4a0b None admin] Conflict occurred attempting to store role - Duplicate entry found with name service.: keystone.exception.Conflict: Conflict occurred attempting to store role - Duplicate entry found with name service.
Jan 29 00:57:55 ubuntu devstack@keystone.service[81577]: ERROR keystone.server.flask.application Traceback (most recent call last):
Jan 29 00:57:55 ubuntu devstack@keystone.service[81577]: ERROR keystone.server.flask.application   File "/opt/stack/data/venv/lib/python3.10/site-packages/sqlalchemy/engine/base.py", line 1967, in _exec_single_context
Jan 29 00:57:55 ubuntu devstack@keystone.service[81577]: ERROR keystone.server.flask.application     self.dialect.do_execute(
Jan 29 00:57:55 ubuntu devstack@keystone.service[81577]: ERROR keystone.server.flask.application   File "/opt/stack/data/venv/lib/python3.10/site-packages/sqlalchemy/engine/default.py", line 951, in do_execute
Jan 29 00:57:55 ubuntu devstack@keystone.service[81577]: ERROR keystone.server.flask.application     cursor.execute(statement, parameters)
Jan 29 00:57:55 ubuntu devstack@keystone.service[81577]: ERROR keystone.server.flask.application   File "/opt/stack/data/venv/lib/python3.10/site-packages/pymysql/cursors.py", line 153, in execute
Jan 29 00:57:55 ubuntu devstack@keystone.service[81577]: ERROR keystone.server.flask.application     result = self._query(query)
Jan 29 00:57:55 ubuntu devstack@keystone.service[81577]: ERROR keystone.server.flask.application   File "/opt/stack/data/venv/lib/python3.10/site-packages/pymysql/cursors.py", line 322, in _query
Jan 29 00:57:55 ubuntu devstack@keystone.service[81577]: ERROR keystone.server.flask.application     conn.query(q)
Jan 29 00:57:55 ubuntu devstack@keystone.service[81577]: ERROR keystone.server.flask.application   File "/opt/stack/data/venv/lib/python3.10/site-packages/pymysql/connections.py", line 575, in query
Jan 29 00:57:55 ubuntu devstack@keystone.service[81577]: ERROR keystone.server.flask.application     self._affected_rows = self._read_query_result(unbuffered=unbuffered)
Jan 29 00:57:55 ubuntu devstack@keystone.service[81577]: ERROR keystone.server.flask.application   File "/opt/stack/data/venv/lib/python3.10/site-packages/pymysql/connections.py", line 826, in _read_query_result
Jan 29 00:57:55 ubuntu devstack@keystone.service[81577]: ERROR keystone.server.flask.application     result.read()
Jan 29 00:57:55 ubuntu devstack@keystone.service[81577]: ERROR keystone.server.flask.application   File "/opt/stack/data/venv/lib/python3.10/site-packages/pymysql/connections.py", line 1203, in read
Jan 29 00:57:55 ubuntu devstack@keystone.service[81577]: ERROR keystone.server.flask.application     first_packet = self.connection._read_packet()
Jan 29 00:57:55 ubuntu devstack@keystone.service[81577]: ERROR keystone.server.flask.application   File "/opt/stack/data/venv/lib/python3.10/site-packages/pymysql/connections.py", line 782, in _read_packet
Jan 29 00:57:55 ubuntu devstack@keystone.service[81577]: ERROR keystone.server.flask.application     packet.raise_for_error()
Jan 29 00:57:55 ubuntu devstack@keystone.service[81577]: ERROR keystone.server.flask.application   File "/opt/stack/data/venv/lib/python3.10/site-packages/pymysql/protocol.py", line 219, in raise_for_error
Jan 29 00:57:55 ubuntu devstack@keystone.service[81577]: ERROR keystone.server.flask.application     err.raise_mysql_exception(self._data)
Jan 29 00:57:55 ubuntu devstack@keystone.service[81577]: ERROR keystone.server.flask.application   File "/opt/stack/data/venv/lib/python3.10/site-packages/pymysql/err.py", line 150, in raise_mysql_exception
Jan 29 00:57:55 ubuntu devstack@keystone.service[81577]: ERROR keystone.server.flask.application     raise errorclass(errno, errval)
Jan 29 00:57:55 ubuntu devstack@keystone.service[81577]: ERROR keystone.server.flask.application pymysql.err.IntegrityError: (1062, "Duplicate entry 'service-<<null>>' for key 'role.ixu_role_name_domain_id'")
Jan 29 00:57:55 ubuntu devstack@keystone.service[81577]: ERROR keystone.server.flask.application 
Jan 29 00:57:55 ubuntu devstack@keystone.service[81577]: ERROR keystone.server.flask.application The above exception was the direct cause of the following exception:
Jan 29 00:57:55 ubuntu devstack@keystone.service[81577]: ERROR keystone.server.flask.application 
Jan 29 00:57:55 ubuntu devstack@keystone.service[81577]: ERROR keystone.server.flask.application Traceback (most recent call last):
Jan 29 00:57:55 ubuntu devstack@keystone.service[81577]: ERROR keystone.server.flask.application   File "/opt/stack/keystone/keystone/common/sql/core.py", line 575, in wrapper
Jan 29 00:57:55 ubuntu devstack@keystone.service[81577]: ERROR keystone.server.flask.application     return method(*args, **kwargs)
Jan 29 00:57:55 ubuntu devstack@keystone.service[81577]: ERROR keystone.server.flask.application   File "/opt/stack/keystone/keystone/assignment/role_backends/sql.py", line 25, in create_role
Jan 29 00:57:55 ubuntu devstack@keystone.service[81577]: ERROR keystone.server.flask.application     with sql.session_for_write() as session:
Jan 29 00:57:55 ubuntu devstack@keystone.service[81577]: ERROR keystone.server.flask.application   File "/usr/lib/python3.10/contextlib.py", line 142, in __exit__
Jan 29 00:57:55 ubuntu devstack@keystone.service[81577]: ERROR keystone.server.flask.application     next(self.gen)
Jan 29 00:57:55 ubuntu devstack@keystone.service[81577]: ERROR keystone.server.flask.application   File "/opt/stack/data/venv/lib/python3.10/site-packages/oslo_db/sqlalchemy/enginefacade.py", line 1175, in _transaction_scope
Jan 29 00:57:55 ubuntu devstack@keystone.service[81577]: ERROR keystone.server.flask.application     with current._produce_block(
Jan 29 00:57:55 ubuntu devstack@keystone.service[81577]: ERROR keystone.server.flask.application   File "/usr/lib/python3.10/contextlib.py", line 142, in __exit__
Jan 29 00:57:55 ubuntu devstack@keystone.service[81577]: ERROR keystone.server.flask.application     next(self.gen)
Jan 29 00:57:55 ubuntu devstack@keystone.service[81577]: ERROR keystone.server.flask.application   File "/opt/stack/data/venv/lib/python3.10/site-packages/oslo_db/sqlalchemy/enginefacade.py", line 837, in _session
Jan 29 00:57:55 ubuntu devstack@keystone.service[81577]: ERROR keystone.server.flask.application     with excutils.save_and_reraise_exception():
Jan 29 00:57:55 ubuntu devstack@keystone.service[81577]: ERROR keystone.server.flask.application   File "/opt/stack/data/venv/lib/python3.10/site-packages/oslo_utils/excutils.py", line 256, in __exit__
Jan 29 00:57:55 ubuntu devstack@keystone.service[81577]: ERROR keystone.server.flask.application     self.force_reraise()
Jan 29 00:57:55 ubuntu devstack@keystone.service[81577]: ERROR keystone.server.flask.application   File "/opt/stack/data/venv/lib/python3.10/site-packages/oslo_utils/excutils.py", line 222, in force_reraise
Jan 29 00:57:55 ubuntu devstack@keystone.service[81577]: ERROR keystone.server.flask.application     raise self.value
Jan 29 00:57:55 ubuntu devstack@keystone.service[81577]: ERROR keystone.server.flask.application   File "/opt/stack/data/venv/lib/python3.10/site-packages/oslo_db/sqlalchemy/enginefacade.py", line 835, in _session
Jan 29 00:57:55 ubuntu devstack@keystone.service[81577]: ERROR keystone.server.flask.application     self._end_session_transaction(self.session)
Jan 29 00:57:55 ubuntu devstack@keystone.service[81577]: ERROR keystone.server.flask.application   File "/opt/stack/data/venv/lib/python3.10/site-packages/oslo_db/sqlalchemy/enginefacade.py", line 748, in _end_session_transaction
Jan 29 00:57:55 ubuntu devstack@keystone.service[81577]: ERROR keystone.server.flask.application     session.commit()
Jan 29 00:57:55 ubuntu devstack@keystone.service[81577]: ERROR keystone.server.flask.application   File "/opt/stack/data/venv/lib/python3.10/site-packages/sqlalchemy/orm/session.py", line 2030, in commit
Jan 29 00:57:55 ubuntu devstack@keystone.service[81577]: ERROR keystone.server.flask.application     trans.commit(_to_root=True)
Jan 29 00:57:55 ubuntu devstack@keystone.service[81577]: ERROR keystone.server.flask.application   File "<string>", line 2, in commit
Jan 29 00:57:55 ubuntu devstack@keystone.service[81577]: ERROR keystone.server.flask.application   File "/opt/stack/data/venv/lib/python3.10/site-packages/sqlalchemy/orm/state_changes.py", line 137, in _go
Jan 29 00:57:55 ubuntu devstack@keystone.service[81577]: ERROR keystone.server.flask.application     ret_value = fn(self, *arg, **kw)
Jan 29 00:57:55 ubuntu devstack@keystone.service[81577]: ERROR keystone.server.flask.application   File "/opt/stack/data/venv/lib/python3.10/site-packages/sqlalchemy/orm/session.py", line 1311, in commit
Jan 29 00:57:55 ubuntu devstack@keystone.service[81577]: ERROR keystone.server.flask.application     self._prepare_impl()
Jan 29 00:57:55 ubuntu devstack@keystone.service[81577]: ERROR keystone.server.flask.application   File "<string>", line 2, in _prepare_impl
Jan 29 00:57:55 ubuntu devstack@keystone.service[81577]: ERROR keystone.server.flask.application   File "/opt/stack/data/venv/lib/python3.10/site-packages/sqlalchemy/orm/state_changes.py", line 137, in _go
Jan 29 00:57:55 ubuntu devstack@keystone.service[81577]: ERROR keystone.server.flask.application     ret_value = fn(self, *arg, **kw)
Jan 29 00:57:55 ubuntu devstack@keystone.service[81577]: ERROR keystone.server.flask.application   File "/opt/stack/data/venv/lib/python3.10/site-packages/sqlalchemy/orm/session.py", line 1286, in _prepare_impl
Jan 29 00:57:55 ubuntu devstack@keystone.service[81577]: ERROR keystone.server.flask.application     self.session.flush()
Jan 29 00:57:55 ubuntu devstack@keystone.service[81577]: ERROR keystone.server.flask.application   File "/opt/stack/data/venv/lib/python3.10/site-packages/sqlalchemy/orm/session.py", line 4331, in flush
Jan 29 00:57:55 ubuntu devstack@keystone.service[81577]: ERROR keystone.server.flask.application     self._flush(objects)
Jan 29 00:57:55 ubuntu devstack@keystone.service[81577]: ERROR keystone.server.flask.application   File "/opt/stack/data/venv/lib/python3.10/site-packages/sqlalchemy/orm/session.py", line 4466, in _flush
Jan 29 00:57:55 ubuntu devstack@keystone.service[81577]: ERROR keystone.server.flask.application     with util.safe_reraise():
Jan 29 00:57:55 ubuntu devstack@keystone.service[81577]: ERROR keystone.server.flask.application   File "/opt/stack/data/venv/lib/python3.10/site-packages/sqlalchemy/util/langhelpers.py", line 224, in __exit__
Jan 29 00:57:55 ubuntu devstack@keystone.service[81577]: ERROR keystone.server.flask.application     raise exc_value.with_traceback(exc_tb)
