Dec 11 06:44:16 ubuntu devstack@g-api.service[118759]: DEBUG glance.api.middleware.version_negotiation [None req-2d217305-d244-4043-878e-ca3be5aaff0e tempest-ImageDependencyTests-1289007154 tempest-ImageDependencyTests-1289007154-project-member] Determining version of request: GET /v2/images/0165149a-b221-4eb3-b799-18cd42654848 Accept: */* {{(pid=118759) process_request /opt/stack/glance/glance/api/middleware/version_negotiation.py:44}}
Dec 11 06:44:16 ubuntu devstack@g-api.service[118759]: DEBUG glance.api.middleware.version_negotiation [None req-2d217305-d244-4043-878e-ca3be5aaff0e tempest-ImageDependencyTests-1289007154 tempest-ImageDependencyTests-1289007154-project-member] Using url versioning {{(pid=118759) process_request /opt/stack/glance/glance/api/middleware/version_negotiation.py:57}}
Dec 11 06:44:16 ubuntu devstack@g-api.service[118759]: DEBUG glance.api.middleware.version_negotiation [None req-2d217305-d244-4043-878e-ca3be5aaff0e tempest-ImageDependencyTests-1289007154 tempest-ImageDependencyTests-1289007154-project-member] Matched version: v2 {{(pid=118759) process_request /opt/stack/glance/glance/api/middleware/version_negotiation.py:69}}
Dec 11 06:44:16 ubuntu devstack@g-api.service[118759]: DEBUG glance.api.middleware.version_negotiation [None req-2d217305-d244-4043-878e-ca3be5aaff0e tempest-ImageDependencyTests-1289007154 tempest-ImageDependencyTests-1289007154-project-member] new path /v2/images/0165149a-b221-4eb3-b799-18cd42654848 {{(pid=118759) process_request /opt/stack/glance/glance/api/middleware/version_negotiation.py:70}}
Dec 11 06:44:16 ubuntu devstack@g-api.service[118759]: [pid: 118759|app: 0|req: 24/49] 127.0.0.1 () {42 vars in 1045 bytes} [Wed Dec 11 06:44:16 2024] GET /v2/images/0165149a-b221-4eb3-b799-18cd42654848 => generated 807 bytes in 17 msecs (HTTP/1.1 200) 4 headers in 157 bytes (1 switches on core 0)
Dec 11 06:44:16 ubuntu devstack@g-api.service[118760]: DEBUG glance.api.middleware.version_negotiation [None req-2d217305-d244-4043-878e-ca3be5aaff0e tempest-ImageDependencyTests-1289007154 tempest-ImageDependencyTests-1289007154-project-member] Determining version of request: GET /v2/schemas/image Accept: */* {{(pid=118760) process_request /opt/stack/glance/glance/api/middleware/version_negotiation.py:44}}
Dec 11 06:44:16 ubuntu devstack@g-api.service[118760]: DEBUG glance.api.middleware.version_negotiation [None req-2d217305-d244-4043-878e-ca3be5aaff0e tempest-ImageDependencyTests-1289007154 tempest-ImageDependencyTests-1289007154-project-member] Using url versioning {{(pid=118760) process_request /opt/stack/glance/glance/api/middleware/version_negotiation.py:57}}
Dec 11 06:44:16 ubuntu devstack@g-api.service[118760]: DEBUG glance.api.middleware.version_negotiation [None req-2d217305-d244-4043-878e-ca3be5aaff0e tempest-ImageDependencyTests-1289007154 tempest-ImageDependencyTests-1289007154-project-member] Matched version: v2 {{(pid=118760) process_request /opt/stack/glance/glance/api/middleware/version_negotiation.py:69}}
Dec 11 06:44:16 ubuntu devstack@g-api.service[118760]: DEBUG glance.api.middleware.version_negotiation [None req-2d217305-d244-4043-878e-ca3be5aaff0e tempest-ImageDependencyTests-1289007154 tempest-ImageDependencyTests-1289007154-project-member] new path /v2/schemas/image {{(pid=118760) process_request /opt/stack/glance/glance/api/middleware/version_negotiation.py:70}}
Dec 11 06:44:16 ubuntu devstack@g-api.service[118760]: [pid: 118760|app: 0|req: 26/50] 127.0.0.1 () {42 vars in 985 bytes} [Wed Dec 11 06:44:16 2024] GET /v2/schemas/image => generated 6083 bytes in 5 msecs (HTTP/1.1 200) 4 headers in 158 bytes (1 switches on core 0)
Dec 11 06:44:17 ubuntu devstack@g-api.service[118759]: DEBUG glance.api.middleware.version_negotiation [None req-2d217305-d244-4043-878e-ca3be5aaff0e tempest-ImageDependencyTests-1289007154 tempest-ImageDependencyTests-1289007154-project-member] Determining version of request: GET /v2/images/0165149a-b221-4eb3-b799-18cd42654848 Accept: */* {{(pid=118759) process_request /opt/stack/glance/glance/api/middleware/version_negotiation.py:44}}
Dec 11 06:44:17 ubuntu devstack@g-api.service[118759]: DEBUG glance.api.middleware.version_negotiation [None req-2d217305-d244-4043-878e-ca3be5aaff0e tempest-ImageDependencyTests-1289007154 tempest-ImageDependencyTests-1289007154-project-member] Using url versioning {{(pid=118759) process_request /opt/stack/glance/glance/api/middleware/version_negotiation.py:57}}
Dec 11 06:44:17 ubuntu devstack@g-api.service[118759]: DEBUG glance.api.middleware.version_negotiation [None req-2d217305-d244-4043-878e-ca3be5aaff0e tempest-ImageDependencyTests-1289007154 tempest-ImageDependencyTests-1289007154-project-member] Matched version: v2 {{(pid=118759) process_request /opt/stack/glance/glance/api/middleware/version_negotiation.py:69}}
Dec 11 06:44:17 ubuntu devstack@g-api.service[118759]: DEBUG glance.api.middleware.version_negotiation [None req-2d217305-d244-4043-878e-ca3be5aaff0e tempest-ImageDependencyTests-1289007154 tempest-ImageDependencyTests-1289007154-project-member] new path /v2/images/0165149a-b221-4eb3-b799-18cd42654848 {{(pid=118759) process_request /opt/stack/glance/glance/api/middleware/version_negotiation.py:70}}
Dec 11 06:44:17 ubuntu devstack@g-api.service[118759]: [pid: 118759|app: 0|req: 25/51] 127.0.0.1 () {42 vars in 1045 bytes} [Wed Dec 11 06:44:17 2024] GET /v2/images/0165149a-b221-4eb3-b799-18cd42654848 => generated 807 bytes in 20 msecs (HTTP/1.1 200) 4 headers in 157 bytes (1 switches on core 0)
Dec 11 06:44:17 ubuntu devstack@g-api.service[118760]: DEBUG glance.api.middleware.version_negotiation [None req-2d217305-d244-4043-878e-ca3be5aaff0e tempest-ImageDependencyTests-1289007154 tempest-ImageDependencyTests-1289007154-project-member] Determining version of request: GET /v2/schemas/image Accept: */* {{(pid=118760) process_request /opt/stack/glance/glance/api/middleware/version_negotiation.py:44}}
Dec 11 06:44:17 ubuntu devstack@g-api.service[118760]: DEBUG glance.api.middleware.version_negotiation [None req-2d217305-d244-4043-878e-ca3be5aaff0e tempest-ImageDependencyTests-1289007154 tempest-ImageDependencyTests-1289007154-project-member] Using url versioning {{(pid=118760) process_request /opt/stack/glance/glance/api/middleware/version_negotiation.py:57}}
Dec 11 06:44:17 ubuntu devstack@g-api.service[118760]: DEBUG glance.api.middleware.version_negotiation [None req-2d217305-d244-4043-878e-ca3be5aaff0e tempest-ImageDependencyTests-1289007154 tempest-ImageDependencyTests-1289007154-project-member] Matched version: v2 {{(pid=118760) process_request /opt/stack/glance/glance/api/middleware/version_negotiation.py:69}}
Dec 11 06:44:17 ubuntu devstack@g-api.service[118760]: DEBUG glance.api.middleware.version_negotiation [None req-2d217305-d244-4043-878e-ca3be5aaff0e tempest-ImageDependencyTests-1289007154 tempest-ImageDependencyTests-1289007154-project-member] new path /v2/schemas/image {{(pid=118760) process_request /opt/stack/glance/glance/api/middleware/version_negotiation.py:70}}
Dec 11 06:44:17 ubuntu devstack@g-api.service[118760]: [pid: 118760|app: 0|req: 27/52] 127.0.0.1 () {42 vars in 985 bytes} [Wed Dec 11 06:44:17 2024] GET /v2/schemas/image => generated 6083 bytes in 9 msecs (HTTP/1.1 200) 4 headers in 158 bytes (1 switches on core 0)
Dec 11 06:44:17 ubuntu devstack@g-api.service[118759]: DEBUG glance.api.middleware.version_negotiation [None req-2d217305-d244-4043-878e-ca3be5aaff0e tempest-ImageDependencyTests-1289007154 tempest-ImageDependencyTests-1289007154-project-member] Determining version of request: GET /v2/images/0165149a-b221-4eb3-b799-18cd42654848 Accept: */* {{(pid=118759) process_request /opt/stack/glance/glance/api/middleware/version_negotiation.py:44}}
Dec 11 06:44:17 ubuntu devstack@g-api.service[118759]: DEBUG glance.api.middleware.version_negotiation [None req-2d217305-d244-4043-878e-ca3be5aaff0e tempest-ImageDependencyTests-1289007154 tempest-ImageDependencyTests-1289007154-project-member] Using url versioning {{(pid=118759) process_request /opt/stack/glance/glance/api/middleware/version_negotiation.py:57}}
Dec 11 06:44:17 ubuntu devstack@g-api.service[118759]: DEBUG glance.api.middleware.version_negotiation [None req-2d217305-d244-4043-878e-ca3be5aaff0e tempest-ImageDependencyTests-1289007154 tempest-ImageDependencyTests-1289007154-project-member] Matched version: v2 {{(pid=118759) process_request /opt/stack/glance/glance/api/middleware/version_negotiation.py:69}}
Dec 11 06:44:17 ubuntu devstack@g-api.service[118759]: DEBUG glance.api.middleware.version_negotiation [None req-2d217305-d244-4043-878e-ca3be5aaff0e tempest-ImageDependencyTests-1289007154 tempest-ImageDependencyTests-1289007154-project-member] new path /v2/images/0165149a-b221-4eb3-b799-18cd42654848 {{(pid=118759) process_request /opt/stack/glance/glance/api/middleware/version_negotiation.py:70}}
Dec 11 06:44:17 ubuntu devstack@g-api.service[118759]: [pid: 118759|app: 0|req: 26/53] 127.0.0.1 () {42 vars in 1045 bytes} [Wed Dec 11 06:44:17 2024] GET /v2/images/0165149a-b221-4eb3-b799-18cd42654848 => generated 807 bytes in 18 msecs (HTTP/1.1 200) 4 headers in 157 bytes (1 switches on core 0)
Dec 11 06:44:17 ubuntu devstack@g-api.service[118760]: DEBUG glance.api.middleware.version_negotiation [None req-2d217305-d244-4043-878e-ca3be5aaff0e tempest-ImageDependencyTests-1289007154 tempest-ImageDependencyTests-1289007154-project-member] Determining version of request: GET /v2/schemas/image Accept: */* {{(pid=118760) process_request /opt/stack/glance/glance/api/middleware/version_negotiation.py:44}}
Dec 11 06:44:17 ubuntu devstack@g-api.service[118760]: DEBUG glance.api.middleware.version_negotiation [None req-2d217305-d244-4043-878e-ca3be5aaff0e tempest-ImageDependencyTests-1289007154 tempest-ImageDependencyTests-1289007154-project-member] Using url versioning {{(pid=118760) process_request /opt/stack/glance/glance/api/middleware/version_negotiation.py:57}}
Dec 11 06:44:17 ubuntu devstack@g-api.service[118760]: DEBUG glance.api.middleware.version_negotiation [None req-2d217305-d244-4043-878e-ca3be5aaff0e tempest-ImageDependencyTests-1289007154 tempest-ImageDependencyTests-1289007154-project-member] Matched version: v2 {{(pid=118760) process_request /opt/stack/glance/glance/api/middleware/version_negotiation.py:69}}
Dec 11 06:44:17 ubuntu devstack@g-api.service[118760]: DEBUG glance.api.middleware.version_negotiation [None req-2d217305-d244-4043-878e-ca3be5aaff0e tempest-ImageDependencyTests-1289007154 tempest-ImageDependencyTests-1289007154-project-member] new path /v2/schemas/image {{(pid=118760) process_request /opt/stack/glance/glance/api/middleware/version_negotiation.py:70}}
Dec 11 06:44:17 ubuntu devstack@g-api.service[118760]: [pid: 118760|app: 0|req: 28/54] 127.0.0.1 () {42 vars in 985 bytes} [Wed Dec 11 06:44:17 2024] GET /v2/schemas/image => generated 6083 bytes in 9 msecs (HTTP/1.1 200) 4 headers in 158 bytes (1 switches on core 0)
Dec 11 06:44:17 ubuntu devstack@g-api.service[118759]: DEBUG glance.api.middleware.version_negotiation [None req-2d217305-d244-4043-878e-ca3be5aaff0e tempest-ImageDependencyTests-1289007154 tempest-ImageDependencyTests-1289007154-project-member] Determining version of request: GET /v2/images/0165149a-b221-4eb3-b799-18cd42654848 Accept: */* {{(pid=118759) process_request /opt/stack/glance/glance/api/middleware/version_negotiation.py:44}}
Dec 11 06:44:17 ubuntu devstack@g-api.service[118759]: DEBUG glance.api.middleware.version_negotiation [None req-2d217305-d244-4043-878e-ca3be5aaff0e tempest-ImageDependencyTests-1289007154 tempest-ImageDependencyTests-1289007154-project-member] Using url versioning {{(pid=118759) process_request /opt/stack/glance/glance/api/middleware/version_negotiation.py:57}}
Dec 11 06:44:17 ubuntu devstack@g-api.service[118759]: DEBUG glance.api.middleware.version_negotiation [None req-2d217305-d244-4043-878e-ca3be5aaff0e tempest-ImageDependencyTests-1289007154 tempest-ImageDependencyTests-1289007154-project-member] Matched version: v2 {{(pid=118759) process_request /opt/stack/glance/glance/api/middleware/version_negotiation.py:69}}
Dec 11 06:44:17 ubuntu devstack@g-api.service[118759]: DEBUG glance.api.middleware.version_negotiation [None req-2d217305-d244-4043-878e-ca3be5aaff0e tempest-ImageDependencyTests-1289007154 tempest-ImageDependencyTests-1289007154-project-member] new path /v2/images/0165149a-b221-4eb3-b799-18cd42654848 {{(pid=118759) process_request /opt/stack/glance/glance/api/middleware/version_negotiation.py:70}}
Dec 11 06:44:17 ubuntu devstack@g-api.service[118759]: [pid: 118759|app: 0|req: 27/55] 127.0.0.1 () {42 vars in 1045 bytes} [Wed Dec 11 06:44:17 2024] GET /v2/images/0165149a-b221-4eb3-b799-18cd42654848 => generated 807 bytes in 10 msecs (HTTP/1.1 200) 4 headers in 157 bytes (1 switches on core 0)
Dec 11 06:44:17 ubuntu devstack@g-api.service[118760]: DEBUG glance.api.middleware.version_negotiation [None req-2d217305-d244-4043-878e-ca3be5aaff0e tempest-ImageDependencyTests-1289007154 tempest-ImageDependencyTests-1289007154-project-member] Determining version of request: GET /v2/schemas/image Accept: */* {{(pid=118760) process_request /opt/stack/glance/glance/api/middleware/version_negotiation.py:44}}
Dec 11 06:44:17 ubuntu devstack@g-api.service[118760]: DEBUG glance.api.middleware.version_negotiation [None req-2d217305-d244-4043-878e-ca3be5aaff0e tempest-ImageDependencyTests-1289007154 tempest-ImageDependencyTests-1289007154-project-member] Using url versioning {{(pid=118760) process_request /opt/stack/glance/glance/api/middleware/version_negotiation.py:57}}
Dec 11 06:44:17 ubuntu devstack@g-api.service[118760]: DEBUG glance.api.middleware.version_negotiation [None req-2d217305-d244-4043-878e-ca3be5aaff0e tempest-ImageDependencyTests-1289007154 tempest-ImageDependencyTests-1289007154-project-member] Matched version: v2 {{(pid=118760) process_request /opt/stack/glance/glance/api/middleware/version_negotiation.py:69}}
Dec 11 06:44:17 ubuntu devstack@g-api.service[118760]: DEBUG glance.api.middleware.version_negotiation [None req-2d217305-d244-4043-878e-ca3be5aaff0e tempest-ImageDependencyTests-1289007154 tempest-ImageDependencyTests-1289007154-project-member] new path /v2/schemas/image {{(pid=118760) process_request /opt/stack/glance/glance/api/middleware/version_negotiation.py:70}}
Dec 11 06:44:17 ubuntu devstack@g-api.service[118760]: [pid: 118760|app: 0|req: 29/56] 127.0.0.1 () {42 vars in 985 bytes} [Wed Dec 11 06:44:17 2024] GET /v2/schemas/image => generated 6083 bytes in 4 msecs (HTTP/1.1 200) 4 headers in 158 bytes (1 switches on core 0)
Dec 11 06:44:17 ubuntu devstack@g-api.service[118759]: DEBUG glance.api.middleware.version_negotiation [None req-2d217305-d244-4043-878e-ca3be5aaff0e tempest-ImageDependencyTests-1289007154 tempest-ImageDependencyTests-1289007154-project-member] Determining version of request: GET /v2/schemas/image Accept: */* {{(pid=118759) process_request /opt/stack/glance/glance/api/middleware/version_negotiation.py:44}}
Dec 11 06:44:17 ubuntu devstack@g-api.service[118759]: DEBUG glance.api.middleware.version_negotiation [None req-2d217305-d244-4043-878e-ca3be5aaff0e tempest-ImageDependencyTests-1289007154 tempest-ImageDependencyTests-1289007154-project-member] Using url versioning {{(pid=118759) process_request /opt/stack/glance/glance/api/middleware/version_negotiation.py:57}}
Dec 11 06:44:17 ubuntu devstack@g-api.service[118759]: DEBUG glance.api.middleware.version_negotiation [None req-2d217305-d244-4043-878e-ca3be5aaff0e tempest-ImageDependencyTests-1289007154 tempest-ImageDependencyTests-1289007154-project-member] Matched version: v2 {{(pid=118759) process_request /opt/stack/glance/glance/api/middleware/version_negotiation.py:69}}
Dec 11 06:44:17 ubuntu devstack@g-api.service[118759]: DEBUG glance.api.middleware.version_negotiation [None req-2d217305-d244-4043-878e-ca3be5aaff0e tempest-ImageDependencyTests-1289007154 tempest-ImageDependencyTests-1289007154-project-member] new path /v2/schemas/image {{(pid=118759) process_request /opt/stack/glance/glance/api/middleware/version_negotiation.py:70}}
Dec 11 06:44:17 ubuntu devstack@g-api.service[118759]: [pid: 118759|app: 0|req: 28/57] 127.0.0.1 () {42 vars in 985 bytes} [Wed Dec 11 06:44:17 2024] GET /v2/schemas/image => generated 6083 bytes in 3 msecs (HTTP/1.1 200) 4 headers in 158 bytes (1 switches on core 0)
Dec 11 06:44:17 ubuntu devstack@g-api.service[118760]: DEBUG glance.api.middleware.version_negotiation [None req-2d217305-d244-4043-878e-ca3be5aaff0e tempest-ImageDependencyTests-1289007154 tempest-ImageDependencyTests-1289007154-project-member] Determining version of request: GET /v2/images/0165149a-b221-4eb3-b799-18cd42654848 Accept: */* {{(pid=118760) process_request /opt/stack/glance/glance/api/middleware/version_negotiation.py:44}}
Dec 11 06:44:17 ubuntu devstack@g-api.service[118760]: DEBUG glance.api.middleware.version_negotiation [None req-2d217305-d244-4043-878e-ca3be5aaff0e tempest-ImageDependencyTests-1289007154 tempest-ImageDependencyTests-1289007154-project-member] Using url versioning {{(pid=118760) process_request /opt/stack/glance/glance/api/middleware/version_negotiation.py:57}}
Dec 11 06:44:17 ubuntu devstack@g-api.service[118760]: DEBUG glance.api.middleware.version_negotiation [None req-2d217305-d244-4043-878e-ca3be5aaff0e tempest-ImageDependencyTests-1289007154 tempest-ImageDependencyTests-1289007154-project-member] Matched version: v2 {{(pid=118760) process_request /opt/stack/glance/glance/api/middleware/version_negotiation.py:69}}
Dec 11 06:44:17 ubuntu devstack@g-api.service[118760]: DEBUG glance.api.middleware.version_negotiation [None req-2d217305-d244-4043-878e-ca3be5aaff0e tempest-ImageDependencyTests-1289007154 tempest-ImageDependencyTests-1289007154-project-member] new path /v2/images/0165149a-b221-4eb3-b799-18cd42654848 {{(pid=118760) process_request /opt/stack/glance/glance/api/middleware/version_negotiation.py:70}}
Dec 11 06:44:17 ubuntu devstack@g-api.service[118760]: [pid: 118760|app: 0|req: 30/58] 127.0.0.1 () {42 vars in 1045 bytes} [Wed Dec 11 06:44:17 2024] GET /v2/images/0165149a-b221-4eb3-b799-18cd42654848 => generated 807 bytes in 15 msecs (HTTP/1.1 200) 4 headers in 157 bytes (1 switches on core 0)
Dec 11 06:44:17 ubuntu devstack@g-api.service[118759]: DEBUG glance.api.middleware.version_negotiation [None req-2d217305-d244-4043-878e-ca3be5aaff0e tempest-ImageDependencyTests-1289007154 tempest-ImageDependencyTests-1289007154-project-member] Determining version of request: GET /v2/images/0165149a-b221-4eb3-b799-18cd42654848/file Accept: */* {{(pid=118759) process_request /opt/stack/glance/glance/api/middleware/version_negotiation.py:44}}
Dec 11 06:44:17 ubuntu devstack@g-api.service[118759]: DEBUG glance.api.middleware.version_negotiation [None req-2d217305-d244-4043-878e-ca3be5aaff0e tempest-ImageDependencyTests-1289007154 tempest-ImageDependencyTests-1289007154-project-member] Using url versioning {{(pid=118759) process_request /opt/stack/glance/glance/api/middleware/version_negotiation.py:57}}
Dec 11 06:44:17 ubuntu devstack@g-api.service[118759]: DEBUG glance.api.middleware.version_negotiation [None req-2d217305-d244-4043-878e-ca3be5aaff0e tempest-ImageDependencyTests-1289007154 tempest-ImageDependencyTests-1289007154-project-member] Matched version: v2 {{(pid=118759) process_request /opt/stack/glance/glance/api/middleware/version_negotiation.py:69}}
Dec 11 06:44:17 ubuntu devstack@g-api.service[118759]: DEBUG glance.api.middleware.version_negotiation [None req-2d217305-d244-4043-878e-ca3be5aaff0e tempest-ImageDependencyTests-1289007154 tempest-ImageDependencyTests-1289007154-project-member] new path /v2/images/0165149a-b221-4eb3-b799-18cd42654848/file {{(pid=118759) process_request /opt/stack/glance/glance/api/middleware/version_negotiation.py:70}}
Dec 11 06:44:17 ubuntu devstack@g-api.service[118759]: DEBUG glance.api.middleware.cache [None req-2d217305-d244-4043-878e-ca3be5aaff0e tempest-ImageDependencyTests-1289007154 tempest-ImageDependencyTests-1289007154-project-member] Cache hit for image '0165149a-b221-4eb3-b799-18cd42654848' {{(pid=118759) process_request /opt/stack/glance/glance/api/middleware/cache.py:160}}
Dec 11 06:44:17 ubuntu devstack@g-api.service[118760]: DEBUG glance.api.middleware.version_negotiation [None req-2d217305-d244-4043-878e-ca3be5aaff0e tempest-ImageDependencyTests-1289007154 tempest-ImageDependencyTests-1289007154-project-member] Determining version of request: GET /v2/images/0165149a-b221-4eb3-b799-18cd42654848 Accept: */* {{(pid=118760) process_request /opt/stack/glance/glance/api/middleware/version_negotiation.py:44}}
Dec 11 06:44:17 ubuntu devstack@g-api.service[118760]: DEBUG glance.api.middleware.version_negotiation [None req-2d217305-d244-4043-878e-ca3be5aaff0e tempest-ImageDependencyTests-1289007154 tempest-ImageDependencyTests-1289007154-project-member] Using url versioning {{(pid=118760) process_request /opt/stack/glance/glance/api/middleware/version_negotiation.py:57}}
Dec 11 06:44:17 ubuntu devstack@g-api.service[118760]: DEBUG glance.api.middleware.version_negotiation [None req-2d217305-d244-4043-878e-ca3be5aaff0e tempest-ImageDependencyTests-1289007154 tempest-ImageDependencyTests-1289007154-project-member] Matched version: v2 {{(pid=118760) process_request /opt/stack/glance/glance/api/middleware/version_negotiation.py:69}}
Dec 11 06:44:17 ubuntu devstack@g-api.service[118760]: DEBUG glance.api.middleware.version_negotiation [None req-2d217305-d244-4043-878e-ca3be5aaff0e tempest-ImageDependencyTests-1289007154 tempest-ImageDependencyTests-1289007154-project-member] new path /v2/images/0165149a-b221-4eb3-b799-18cd42654848 {{(pid=118760) process_request /opt/stack/glance/glance/api/middleware/version_negotiation.py:70}}
Dec 11 06:44:17 ubuntu devstack@g-api.service[118759]: [pid: 118759|app: 0|req: 29/59] 127.0.0.1 () {42 vars in 1055 bytes} [Wed Dec 11 06:44:17 2024] GET /v2/images/0165149a-b221-4eb3-b799-18cd42654848/file => generated 1024 bytes in 30 msecs (HTTP/1.1 200) 5 headers in 213 bytes (1 switches on core 0)
Dec 11 06:44:17 ubuntu devstack@g-api.service[118760]: [pid: 118760|app: 0|req: 31/60] 127.0.0.1 () {42 vars in 1045 bytes} [Wed Dec 11 06:44:17 2024] GET /v2/images/0165149a-b221-4eb3-b799-18cd42654848 => generated 807 bytes in 15 msecs (HTTP/1.1 200) 4 headers in 157 bytes (1 switches on core 0)
Dec 11 06:44:17 ubuntu devstack@g-api.service[118759]: DEBUG glance.api.middleware.version_negotiation [None req-2d217305-d244-4043-878e-ca3be5aaff0e tempest-ImageDependencyTests-1289007154 tempest-ImageDependencyTests-1289007154-project-member] Determining version of request: GET /v2/schemas/image Accept: */* {{(pid=118759) process_request /opt/stack/glance/glance/api/middleware/version_negotiation.py:44}}
Dec 11 06:44:17 ubuntu devstack@g-api.service[118759]: DEBUG glance.api.middleware.version_negotiation [None req-2d217305-d244-4043-878e-ca3be5aaff0e tempest-ImageDependencyTests-1289007154 tempest-ImageDependencyTests-1289007154-project-member] Using url versioning {{(pid=118759) process_request /opt/stack/glance/glance/api/middleware/version_negotiation.py:57}}
Dec 11 06:44:17 ubuntu devstack@g-api.service[118759]: DEBUG glance.api.middleware.version_negotiation [None req-2d217305-d244-4043-878e-ca3be5aaff0e tempest-ImageDependencyTests-1289007154 tempest-ImageDependencyTests-1289007154-project-member] Matched version: v2 {{(pid=118759) process_request /opt/stack/glance/glance/api/middleware/version_negotiation.py:69}}
Dec 11 06:44:17 ubuntu devstack@g-api.service[118759]: DEBUG glance.api.middleware.version_negotiation [None req-2d217305-d244-4043-878e-ca3be5aaff0e tempest-ImageDependencyTests-1289007154 tempest-ImageDependencyTests-1289007154-project-member] new path /v2/schemas/image {{(pid=118759) process_request /opt/stack/glance/glance/api/middleware/version_negotiation.py:70}}
Dec 11 06:44:17 ubuntu devstack@g-api.service[118759]: [pid: 118759|app: 0|req: 30/61] 127.0.0.1 () {42 vars in 985 bytes} [Wed Dec 11 06:44:17 2024] GET /v2/schemas/image => generated 6083 bytes in 4 msecs (HTTP/1.1 200) 4 headers in 158 bytes (1 switches on core 0)
Dec 11 06:44:18 ubuntu devstack@g-api.service[118760]: DEBUG glance.api.middleware.version_negotiation [None req-2d217305-d244-4043-878e-ca3be5aaff0e tempest-ImageDependencyTests-1289007154 tempest-ImageDependencyTests-1289007154-project-member] Determining version of request: GET /v2/images/0165149a-b221-4eb3-b799-18cd42654848 Accept: */* {{(pid=118760) process_request /opt/stack/glance/glance/api/middleware/version_negotiation.py:44}}
Dec 11 06:44:18 ubuntu devstack@g-api.service[118760]: DEBUG glance.api.middleware.version_negotiation [None req-2d217305-d244-4043-878e-ca3be5aaff0e tempest-ImageDependencyTests-1289007154 tempest-ImageDependencyTests-1289007154-project-member] Using url versioning {{(pid=118760) process_request /opt/stack/glance/glance/api/middleware/version_negotiation.py:57}}
Dec 11 06:44:18 ubuntu devstack@g-api.service[118760]: DEBUG glance.api.middleware.version_negotiation [None req-2d217305-d244-4043-878e-ca3be5aaff0e tempest-ImageDependencyTests-1289007154 tempest-ImageDependencyTests-1289007154-project-member] Matched version: v2 {{(pid=118760) process_request /opt/stack/glance/glance/api/middleware/version_negotiation.py:69}}
Dec 11 06:44:18 ubuntu devstack@g-api.service[118760]: DEBUG glance.api.middleware.version_negotiation [None req-2d217305-d244-4043-878e-ca3be5aaff0e tempest-ImageDependencyTests-1289007154 tempest-ImageDependencyTests-1289007154-project-member] new path /v2/images/0165149a-b221-4eb3-b799-18cd42654848 {{(pid=118760) process_request /opt/stack/glance/glance/api/middleware/version_negotiation.py:70}}
Dec 11 06:44:18 ubuntu devstack@g-api.service[118760]: [pid: 118760|app: 0|req: 32/62] 127.0.0.1 () {42 vars in 1045 bytes} [Wed Dec 11 06:44:18 2024] GET /v2/images/0165149a-b221-4eb3-b799-18cd42654848 => generated 807 bytes in 15 msecs (HTTP/1.1 200) 4 headers in 157 bytes (1 switches on core 0)
Dec 11 06:44:18 ubuntu devstack@g-api.service[118759]: DEBUG glance.api.middleware.version_negotiation [None req-2d217305-d244-4043-878e-ca3be5aaff0e tempest-ImageDependencyTests-1289007154 tempest-ImageDependencyTests-1289007154-project-member] Determining version of request: GET /v2/schemas/image Accept: */* {{(pid=118759) process_request /opt/stack/glance/glance/api/middleware/version_negotiation.py:44}}
Dec 11 06:44:18 ubuntu devstack@g-api.service[118759]: DEBUG glance.api.middleware.version_negotiation [None req-2d217305-d244-4043-878e-ca3be5aaff0e tempest-ImageDependencyTests-1289007154 tempest-ImageDependencyTests-1289007154-project-member] Using url versioning {{(pid=118759) process_request /opt/stack/glance/glance/api/middleware/version_negotiation.py:57}}
Dec 11 06:44:18 ubuntu devstack@g-api.service[118759]: DEBUG glance.api.middleware.version_negotiation [None req-2d217305-d244-4043-878e-ca3be5aaff0e tempest-ImageDependencyTests-1289007154 tempest-ImageDependencyTests-1289007154-project-member] Matched version: v2 {{(pid=118759) process_request /opt/stack/glance/glance/api/middleware/version_negotiation.py:69}}
Dec 11 06:44:18 ubuntu devstack@g-api.service[118759]: DEBUG glance.api.middleware.version_negotiation [None req-2d217305-d244-4043-878e-ca3be5aaff0e tempest-ImageDependencyTests-1289007154 tempest-ImageDependencyTests-1289007154-project-member] new path /v2/schemas/image {{(pid=118759) process_request /opt/stack/glance/glance/api/middleware/version_negotiation.py:70}}
Dec 11 06:44:18 ubuntu devstack@g-api.service[118759]: [pid: 118759|app: 0|req: 31/63] 127.0.0.1 () {42 vars in 985 bytes} [Wed Dec 11 06:44:18 2024] GET /v2/schemas/image => generated 6083 bytes in 10 msecs (HTTP/1.1 200) 4 headers in 158 bytes (1 switches on core 0)
Dec 11 06:44:19 ubuntu devstack@g-api.service[118760]: DEBUG glance.api.middleware.version_negotiation [None req-2d217305-d244-4043-878e-ca3be5aaff0e tempest-ImageDependencyTests-1289007154 tempest-ImageDependencyTests-1289007154-project-member] Determining version of request: DELETE /v2/images/0165149a-b221-4eb3-b799-18cd42654848 Accept: application/json {{(pid=118760) process_request /opt/stack/glance/glance/api/middleware/version_negotiation.py:44}}
Dec 11 06:44:19 ubuntu devstack@g-api.service[118760]: DEBUG glance.api.middleware.version_negotiation [None req-2d217305-d244-4043-878e-ca3be5aaff0e tempest-ImageDependencyTests-1289007154 tempest-ImageDependencyTests-1289007154-project-member] Using url versioning {{(pid=118760) process_request /opt/stack/glance/glance/api/middleware/version_negotiation.py:57}}
Dec 11 06:44:19 ubuntu devstack@g-api.service[118760]: DEBUG glance.api.middleware.version_negotiation [None req-2d217305-d244-4043-878e-ca3be5aaff0e tempest-ImageDependencyTests-1289007154 tempest-ImageDependencyTests-1289007154-project-member] Matched version: v2 {{(pid=118760) process_request /opt/stack/glance/glance/api/middleware/version_negotiation.py:69}}
Dec 11 06:44:19 ubuntu devstack@g-api.service[118760]: DEBUG glance.api.middleware.version_negotiation [None req-2d217305-d244-4043-878e-ca3be5aaff0e tempest-ImageDependencyTests-1289007154 tempest-ImageDependencyTests-1289007154-project-member] new path /v2/images/0165149a-b221-4eb3-b799-18cd42654848 {{(pid=118760) process_request /opt/stack/glance/glance/api/middleware/version_negotiation.py:70}}
Dec 11 06:44:19 ubuntu devstack@g-api.service[118760]: WARNING glance.api.v2.images [None req-e7a79361-69a5-4734-8050-84c336314e81 tempest-ImageDependencyTests-1289007154 tempest-ImageDependencyTests-1289007154-project-member] After upload to backend, deletion of staged image data has failed because it cannot be found at /tmp/staging//0165149a-b221-4eb3-b799-18cd42654848
Dec 11 06:44:19 ubuntu devstack@g-api.service[118760]: DEBUG glance_store.backend [None req-e7a79361-69a5-4734-8050-84c336314e81 tempest-ImageDependencyTests-1289007154 tempest-ImageDependencyTests-1289007154-project-member] Attempting to import store swift {{(pid=118760) _load_store /opt/stack/data/venv/lib/python3.10/site-packages/glance_store/backend.py:216}}
Dec 11 06:44:19 ubuntu devstack@g-api.service[118760]: DEBUG glance_store.capabilities [None req-e7a79361-69a5-4734-8050-84c336314e81 tempest-ImageDependencyTests-1289007154 tempest-ImageDependencyTests-1289007154-project-member] Store glance_store._drivers.swift.store.SingleTenantStore doesn't support updating dynamic storage capabilities. Please overwrite 'update_capabilities' method of the store to implement updating logics if needed. {{(pid=118760) update_capabilities /opt/stack/data/venv/lib/python3.10/site-packages/glance_store/capabilities.py:91}}
Dec 11 06:44:19 ubuntu devstack@g-api.service[118760]: DEBUG glance_store.driver [None req-e7a79361-69a5-4734-8050-84c336314e81 tempest-ImageDependencyTests-1289007154 tempest-ImageDependencyTests-1289007154-project-member] Late loading location class glance_store._drivers.swift.store.StoreLocation {{(pid=118760) get_store_location_class /opt/stack/data/venv/lib/python3.10/site-packages/glance_store/driver.py:133}}
Dec 11 06:44:19 ubuntu devstack@g-api.service[118760]: DEBUG glance_store.location [None req-e7a79361-69a5-4734-8050-84c336314e81 tempest-ImageDependencyTests-1289007154 tempest-ImageDependencyTests-1289007154-project-member] Registering scheme swift+https with {'store': <glance_store._drivers.swift.store.SingleTenantStore object at 0x7f1e8f089f60>, 'location_class': <class 'glance_store._drivers.swift.store.StoreLocation'>, 'store_entry': 'swift'} {{(pid=118760) register_scheme_map /opt/stack/data/venv/lib/python3.10/site-packages/glance_store/location.py:146}}
Dec 11 06:44:19 ubuntu devstack@g-api.service[118760]: DEBUG glance_store.location [None req-e7a79361-69a5-4734-8050-84c336314e81 tempest-ImageDependencyTests-1289007154 tempest-ImageDependencyTests-1289007154-project-member] Registering scheme swift+https with {'store': <glance_store._drivers.swift.store.SingleTenantStore object at 0x7f1e8f089f60>, 'location_class': <class 'glance_store._drivers.swift.store.StoreLocation'>, 'store_entry': 'swift'} {{(pid=118760) register_scheme_map /opt/stack/data/venv/lib/python3.10/site-packages/glance_store/location.py:146}}
Dec 11 06:44:19 ubuntu devstack@g-api.service[118760]: DEBUG glance_store.location [None req-e7a79361-69a5-4734-8050-84c336314e81 tempest-ImageDependencyTests-1289007154 tempest-ImageDependencyTests-1289007154-project-member] Registering scheme swift with {'store': <glance_store._drivers.swift.store.SingleTenantStore object at 0x7f1e8f089f60>, 'location_class': <class 'glance_store._drivers.swift.store.StoreLocation'>, 'store_entry': 'swift'} {{(pid=118760) register_scheme_map /opt/stack/data/venv/lib/python3.10/site-packages/glance_store/location.py:146}}
Dec 11 06:44:19 ubuntu devstack@g-api.service[118760]: DEBUG glance_store.location [None req-e7a79361-69a5-4734-8050-84c336314e81 tempest-ImageDependencyTests-1289007154 tempest-ImageDependencyTests-1289007154-project-member] Registering scheme swift+https with {'store': <glance_store._drivers.swift.store.SingleTenantStore object at 0x7f1e8f089f60>, 'location_class': <class 'glance_store._drivers.swift.store.StoreLocation'>, 'store_entry': 'swift'} {{(pid=118760) register_scheme_map /opt/stack/data/venv/lib/python3.10/site-packages/glance_store/location.py:146}}
Dec 11 06:44:19 ubuntu devstack@g-api.service[118760]: DEBUG glance_store.location [None req-e7a79361-69a5-4734-8050-84c336314e81 tempest-ImageDependencyTests-1289007154 tempest-ImageDependencyTests-1289007154-project-member] Registering scheme swift with {'store': <glance_store._drivers.swift.store.SingleTenantStore object at 0x7f1e8f089f60>, 'location_class': <class 'glance_store._drivers.swift.store.StoreLocation'>, 'store_entry': 'swift'} {{(pid=118760) register_scheme_map /opt/stack/data/venv/lib/python3.10/site-packages/glance_store/location.py:146}}
Dec 11 06:44:19 ubuntu devstack@g-api.service[118760]: DEBUG glance_store.location [None req-e7a79361-69a5-4734-8050-84c336314e81 tempest-ImageDependencyTests-1289007154 tempest-ImageDependencyTests-1289007154-project-member] Registering scheme swift+http with {'store': <glance_store._drivers.swift.store.SingleTenantStore object at 0x7f1e8f089f60>, 'location_class': <class 'glance_store._drivers.swift.store.StoreLocation'>, 'store_entry': 'swift'} {{(pid=118760) register_scheme_map /opt/stack/data/venv/lib/python3.10/site-packages/glance_store/location.py:146}}
Dec 11 06:44:19 ubuntu devstack@g-api.service[118760]: DEBUG glance_store.location [None req-e7a79361-69a5-4734-8050-84c336314e81 tempest-ImageDependencyTests-1289007154 tempest-ImageDependencyTests-1289007154-project-member] Registering scheme swift+https with {'store': <glance_store._drivers.swift.store.SingleTenantStore object at 0x7f1e8f089f60>, 'location_class': <class 'glance_store._drivers.swift.store.StoreLocation'>, 'store_entry': 'swift'} {{(pid=118760) register_scheme_map /opt/stack/data/venv/lib/python3.10/site-packages/glance_store/location.py:146}}
Dec 11 06:44:19 ubuntu devstack@g-api.service[118760]: DEBUG glance_store.location [None req-e7a79361-69a5-4734-8050-84c336314e81 tempest-ImageDependencyTests-1289007154 tempest-ImageDependencyTests-1289007154-project-member] Registering scheme swift with {'store': <glance_store._drivers.swift.store.SingleTenantStore object at 0x7f1e8f089f60>, 'location_class': <class 'glance_store._drivers.swift.store.StoreLocation'>, 'store_entry': 'swift'} {{(pid=118760) register_scheme_map /opt/stack/data/venv/lib/python3.10/site-packages/glance_store/location.py:146}}
Dec 11 06:44:19 ubuntu devstack@g-api.service[118760]: DEBUG glance_store.location [None req-e7a79361-69a5-4734-8050-84c336314e81 tempest-ImageDependencyTests-1289007154 tempest-ImageDependencyTests-1289007154-project-member] Registering scheme swift+http with {'store': <glance_store._drivers.swift.store.SingleTenantStore object at 0x7f1e8f089f60>, 'location_class': <class 'glance_store._drivers.swift.store.StoreLocation'>, 'store_entry': 'swift'} {{(pid=118760) register_scheme_map /opt/stack/data/venv/lib/python3.10/site-packages/glance_store/location.py:146}}
Dec 11 06:44:19 ubuntu devstack@g-api.service[118760]: DEBUG glance_store.location [None req-e7a79361-69a5-4734-8050-84c336314e81 tempest-ImageDependencyTests-1289007154 tempest-ImageDependencyTests-1289007154-project-member] Registering scheme swift+config with {'store': <glance_store._drivers.swift.store.SingleTenantStore object at 0x7f1e8f089f60>, 'location_class': <class 'glance_store._drivers.swift.store.StoreLocation'>, 'store_entry': 'swift'} {{(pid=118760) register_scheme_map /opt/stack/data/venv/lib/python3.10/site-packages/glance_store/location.py:146}}
Dec 11 06:44:19 ubuntu devstack@g-api.service[118760]: DEBUG keystoneclient.auth.identity.v3.base [None req-e7a79361-69a5-4734-8050-84c336314e81 tempest-ImageDependencyTests-1289007154 tempest-ImageDependencyTests-1289007154-project-member] Making authentication request to http://10.201.5.82/identity/v3/auth/tokens {{(pid=118760) get_auth_ref /opt/stack/data/venv/lib/python3.10/site-packages/keystoneclient/auth/identity/v3/base.py:185}}
Dec 11 06:44:19 ubuntu devstack@g-api.service[118760]: DEBUG keystoneclient.auth.identity.v3.base [None req-e7a79361-69a5-4734-8050-84c336314e81 tempest-ImageDependencyTests-1289007154 tempest-ImageDependencyTests-1289007154-project-member] {"token": {"methods": ["password"], "user": {"domain": {"id": "default", "name": "Default"}, "id": "ca653988ed3841b3b3e131fe7ab92ea8", "name": "glance-swift", "password_expires_at": null}, "audit_ids": ["q0f_L3BPRRyxizGXEdhmOg"], "expires_at": "2024-12-11T07:44:19.000000Z", "issued_at": "2024-12-11T06:44:19.000000Z", "project": {"domain": {"id": "default", "name": "Default"}, "id": "c1c632a72c364fafaa3be509116bab26", "name": "service"}, "is_domain": false, "roles": [{"id": "0ba63bbeb3b64d43828e8650e271b294", "name": "service"}, {"id": "9663bf2b8d724e71aad23edf93107b55", "name": "ResellerAdmin"}], "catalog": [{"endpoints": [{"id": "a0eb27c50f3846e8ab62e57a2c4632d6", "interface": "public", "region_id": "RegionOne", "url": "http://10.201.5.82:9696/networking", "region": "RegionOne"}], "id": "1e21c1fe8ce441d8b40cfc8dc4225575", "type": "network", "name": "neutron"}, {"endpoints": [{"id": "63726e44ab3d4b479c1086a442a8f263", "interface": "public", "region_id": "RegionOne", "url": "http://10.201.5.82:8080/v1/AUTH_c1c632a72c364fafaa3be509116bab26", "region": "RegionOne"}, {"id": "c1574b9eb45748fe9988786fde56042c", "interface": "admin", "region_id": "RegionOne", "url": "http://10.201.5.82:8080", "region": "RegionOne"}], "id": "3222dd2f549242fc9b0fc98386f1dbc5", "type": "object-store", "name": "swift"}, {"endpoints": [{"id": "8caf7739c7064e219aa1cb2762192274", "interface": "public", "region_id": "RegionOne", "url": "http://10.201.5.82/compute/v2.1", "region": "RegionOne"}], "id": "3de28a5a617947e2952403068a5b218e", "type": "compute", "name": "nova"}, {"endpoints": [{"id": "0ef8ea977ad9476b86edb156402af784", "interface": "public", "region_id": "RegionOne", "url": "http://10.201.5.82/image", "region": "RegionOne"}], "id": "5e0c50e929b648b29160561682f10458", "type": "image", "name": "glance"}, {"endpoints": [{"id": "b0166bf7a0a8451ca2fa1ff2c5933bc8", "interface": "public", "region_id": "RegionOne", "url": "http://10.201.5.82/volume/v3", "region": "RegionOne"}], "id": "774dae50fbf342e0be3ec5031798e521", "type": "block-storage", "name": "cinder"}, {"endpoints": [{"id": "fbd5e007abb6404182f013a8f70a82e9", "interface": "public", "region_id": "RegionOne", "url": "http://10.201.5.82/placement", "region": "RegionOne"}], "id": "7bb48065a5d44943a2a9209d907718cf", "type": "placement", "name": "placement"}, {"endpoints": [{"id": "2a99ef3a3f214b1da577d816d39dc648", "interface": "public", "region_id": "RegionOne", "url": "http://10.201.5.82/identity", "region": "RegionOne"}], "id": "7dbd3709bca14f7c86ec44cd93f2cc87", "type": "identity", "name": "keystone"}, {"endpoints": [{"id": "a9fd3afcf087485da561a24fb65587fb", "interface": "public", "region_id": "RegionOne", "url": "http://10.201.5.82/compute/v2/c1c632a72c364fafaa3be509116bab26", "region": "RegionOne"}], "id": "9680e0bf5e5e4ff09f0ff2a203e1c82a", "type": "compute_legacy", "name": "nova_legacy"}]}} {{(pid=118760) get_auth_ref /opt/stack/data/venv/lib/python3.10/site-packages/keystoneclient/auth/identity/v3/base.py:190}}
Dec 11 06:44:19 ubuntu devstack@g-api.service[118760]: DEBUG keystoneclient.httpclient [None req-e7a79361-69a5-4734-8050-84c336314e81 tempest-ImageDependencyTests-1289007154 tempest-ImageDependencyTests-1289007154-project-member] Failed to find endpoint for management url admin endpoint for identity service not found {{(pid=118760) _process_management_url /opt/stack/data/venv/lib/python3.10/site-packages/keystoneclient/httpclient.py:670}}
Dec 11 06:44:19 ubuntu devstack@g-api.service[118760]: DEBUG swiftclient [None req-e7a79361-69a5-4734-8050-84c336314e81 tempest-ImageDependencyTests-1289007154 tempest-ImageDependencyTests-1289007154-project-member] REQ: curl -i http://10.201.5.82:8080/v1/AUTH_c1c632a72c364fafaa3be509116bab26/glance/0165149a-b221-4eb3-b799-18cd42654848 -I -H "X-Auth-Token: gAAAAABnWTTDjNEY..." {{(pid=118760) http_log /opt/stack/data/venv/lib/python3.10/site-packages/swiftclient/client.py:160}}
Dec 11 06:44:19 ubuntu devstack@g-api.service[118760]: DEBUG swiftclient [None req-e7a79361-69a5-4734-8050-84c336314e81 tempest-ImageDependencyTests-1289007154 tempest-ImageDependencyTests-1289007154-project-member] RESP STATUS: 200 OK {{(pid=118760) http_log /opt/stack/data/venv/lib/python3.10/site-packages/swiftclient/client.py:161}}
Dec 11 06:44:19 ubuntu devstack@g-api.service[118760]: DEBUG swiftclient [None req-e7a79361-69a5-4734-8050-84c336314e81 tempest-ImageDependencyTests-1289007154 tempest-ImageDependencyTests-1289007154-project-member] RESP HEADERS: {'Content-Type': 'application/octet-stream', 'Content-Length': '1024', 'Etag': '48b3b0cb05275c0d83f5647744fc9a55', 'Last-Modified': 'Wed, 11 Dec 2024 06:44:12 GMT', 'X-Timestamp': '1733899451.16578', 'Accept-Ranges': 'bytes', 'X-Trans-Id': 'tx19936de3f74f479a9a629-00675934c3', 'X-Openstack-Request-Id': 'tx19936de3f74f479a9a629-00675934c3', 'Date': 'Wed, 11 Dec 2024 06:44:19 GMT'} {{(pid=118760) http_log /opt/stack/data/venv/lib/python3.10/site-packages/swiftclient/client.py:162}}
Dec 11 06:44:19 ubuntu devstack@g-api.service[118760]: DEBUG swiftclient [None req-e7a79361-69a5-4734-8050-84c336314e81 tempest-ImageDependencyTests-1289007154 tempest-ImageDependencyTests-1289007154-project-member] REQ: curl -i http://10.201.5.82:8080/v1/AUTH_c1c632a72c364fafaa3be509116bab26/glance/0165149a-b221-4eb3-b799-18cd42654848 DELETE -H "X-Auth-Token: gAAAAABnWTTDjNEY..." {{(pid=118760) http_log /opt/stack/data/venv/lib/python3.10/site-packages/swiftclient/client.py:160}}
Dec 11 06:44:19 ubuntu devstack@g-api.service[118760]: DEBUG swiftclient [None req-e7a79361-69a5-4734-8050-84c336314e81 tempest-ImageDependencyTests-1289007154 tempest-ImageDependencyTests-1289007154-project-member] RESP STATUS: 204 No Content {{(pid=118760) http_log /opt/stack/data/venv/lib/python3.10/site-packages/swiftclient/client.py:161}}
Dec 11 06:44:19 ubuntu devstack@g-api.service[118760]: DEBUG swiftclient [None req-e7a79361-69a5-4734-8050-84c336314e81 tempest-ImageDependencyTests-1289007154 tempest-ImageDependencyTests-1289007154-project-member] RESP HEADERS: {'Content-Type': 'text/html; charset=UTF-8', 'Content-Length': '0', 'X-Trans-Id': 'tx7c497fa8ce03410fa1251-00675934c3', 'X-Openstack-Request-Id': 'tx7c497fa8ce03410fa1251-00675934c3', 'Date': 'Wed, 11 Dec 2024 06:44:19 GMT'} {{(pid=118760) http_log /opt/stack/data/venv/lib/python3.10/site-packages/swiftclient/client.py:162}}
Dec 11 06:44:19 ubuntu devstack@g-api.service[118760]: DEBUG glance.api.middleware.cache [None req-e7a79361-69a5-4734-8050-84c336314e81 tempest-ImageDependencyTests-1289007154 tempest-ImageDependencyTests-1289007154-project-member] Removing image 0165149a-b221-4eb3-b799-18cd42654848 from cache {{(pid=118760) _process_DELETE_response /opt/stack/glance/glance/api/middleware/cache.py:264}}
Dec 11 06:44:19 ubuntu devstack@g-api.service[118760]: DEBUG glance.image_cache.drivers.centralized_db [None req-e7a79361-69a5-4734-8050-84c336314e81 tempest-ImageDependencyTests-1289007154 tempest-ImageDependencyTests-1289007154-project-member] Deleting image cache file '/opt/stack/data/glance/cache/0165149a-b221-4eb3-b799-18cd42654848' {{(pid=118760) delete_cached_file /opt/stack/glance/glance/image_cache/drivers/centralized_db.py:387}}
Dec 11 06:44:19 ubuntu devstack@g-api.service[118760]: [pid: 118760|app: 0|req: 33/64] 127.0.0.1 () {38 vars in 773 bytes} [Wed Dec 11 06:44:19 2024] DELETE /v2/images/0165149a-b221-4eb3-b799-18cd42654848 => generated 0 bytes in 210 msecs (HTTP/1.1 204) 4 headers in 171 bytes (1 switches on core 0)
Dec 11 06:44:19 ubuntu devstack@g-api.service[118759]: DEBUG glance.api.middleware.version_negotiation [None req-2d217305-d244-4043-878e-ca3be5aaff0e tempest-ImageDependencyTests-1289007154 tempest-ImageDependencyTests-1289007154-project-member] Determining version of request: GET /v2/images/0165149a-b221-4eb3-b799-18cd42654848 Accept: application/json {{(pid=118759) process_request /opt/stack/glance/glance/api/middleware/version_negotiation.py:44}}
Dec 11 06:44:19 ubuntu devstack@g-api.service[118759]: DEBUG glance.api.middleware.version_negotiation [None req-2d217305-d244-4043-878e-ca3be5aaff0e tempest-ImageDependencyTests-1289007154 tempest-ImageDependencyTests-1289007154-project-member] Using url versioning {{(pid=118759) process_request /opt/stack/glance/glance/api/middleware/version_negotiation.py:57}}
Dec 11 06:44:19 ubuntu devstack@g-api.service[118759]: DEBUG glance.api.middleware.version_negotiation [None req-2d217305-d244-4043-878e-ca3be5aaff0e tempest-ImageDependencyTests-1289007154 tempest-ImageDependencyTests-1289007154-project-member] Matched version: v2 {{(pid=118759) process_request /opt/stack/glance/glance/api/middleware/version_negotiation.py:69}}
Dec 11 06:44:19 ubuntu devstack@g-api.service[118759]: DEBUG glance.api.middleware.version_negotiation [None req-2d217305-d244-4043-878e-ca3be5aaff0e tempest-ImageDependencyTests-1289007154 tempest-ImageDependencyTests-1289007154-project-member] new path /v2/images/0165149a-b221-4eb3-b799-18cd42654848 {{(pid=118759) process_request /opt/stack/glance/glance/api/middleware/version_negotiation.py:70}}
Dec 11 06:44:19 ubuntu devstack@g-api.service[118759]: DEBUG glance.db.sqlalchemy.api [None req-f0132762-db83-4474-b9c1-d099d905ccfc tempest-ImageDependencyTests-1289007154 tempest-ImageDependencyTests-1289007154-project-member] No image found with ID 0165149a-b221-4eb3-b799-18cd42654848 {{(pid=118759) _image_get /opt/stack/glance/glance/db/sqlalchemy/api.py:309}}
Dec 11 06:44:19 ubuntu devstack@g-api.service[118759]: [pid: 118759|app: 0|req: 32/65] 127.0.0.1 () {38 vars in 770 bytes} [Wed Dec 11 06:44:19 2024] GET /v2/images/0165149a-b221-4eb3-b799-18cd42654848 => generated 139 bytes in 12 msecs (HTTP/1.1 404) 4 headers in 164 bytes (1 switches on core 0)
Dec 11 06:44:29 ubuntu devstack@g-api.service[118760]: DEBUG dbcounter [-] [118760] Writing DB stats glance:SELECT=52,glance:UPDATE=9,glance:INSERT=1,glance:DELETE=1 {{(pid=118760) stat_writer /opt/stack/data/venv/lib/python3.10/site-packages/dbcounter.py:115}}
Dec 11 06:44:29 ubuntu devstack@g-api.service[118759]: DEBUG dbcounter [-] [118759] Writing DB stats glance:SELECT=32,glance:INSERT=2,glance:UPDATE=1 {{(pid=118759) stat_writer /opt/stack/data/venv/lib/python3.10/site-packages/dbcounter.py:115}}
