Oct 12 14:53:53 ubuntu devstack@keystone.service[82008]: DEBUG keystone.server.flask.request_processing.req_logging [None req-ea5f84b7-6243-45a7-adb5-2502a4fe249c None None] PATH_INFO: `/v3/auth/tokens` {{(pid=82008) log_request_info /opt/stack/keystone/keystone/server/flask/request_processing/req_logging.py:28}}
Oct 12 14:53:53 ubuntu devstack@keystone.service[82007]: [pid: 82007|app: 0|req: 11/24] 10.201.5.82 () {58 vars in 1016 bytes} [Sun Oct 12 14:53:53 2025] POST /identity/v3/auth/tokens => generated 862 bytes in 173 msecs (HTTP/1.1 201) 6 headers in 363 bytes (1 switches on core 0)
Oct 12 14:53:53 ubuntu devstack@keystone.service[82008]: WARNING keystone.common.password_hashing [None req-ea5f84b7-6243-45a7-adb5-2502a4fe249c None None] Truncating password to algorithm specific maximum length 72 characters.
Oct 12 14:53:53 ubuntu devstack@keystone.service[82008]: DEBUG keystone.auth.core [None req-ea5f84b7-6243-45a7-adb5-2502a4fe249c None None] MFA Rules not processed for user `3ece6c5582594798aba9224d8b445a49`. Rule list: `[]` (Enabled: `True`). {{(pid=82008) check_auth_methods_against_rules /opt/stack/keystone/keystone/auth/core.py:476}}
Oct 12 14:53:53 ubuntu devstack@keystone.service[82008]: DEBUG keystone.common.fernet_utils [None req-ea5f84b7-6243-45a7-adb5-2502a4fe249c None None] Loaded 2 Fernet keys from /etc/keystone/fernet-keys/, but `[fernet_tokens] max_active_keys = 3`; perhaps there have not been enough key rotations to reach `max_active_keys` yet? {{(pid=82008) load_keys /opt/stack/keystone/keystone/common/fernet_utils.py:297}}
Oct 12 14:53:53 ubuntu devstack@keystone.service[82008]: [pid: 82008|app: 0|req: 14/25] 10.201.5.82 () {58 vars in 1016 bytes} [Sun Oct 12 14:53:53 2025] POST /identity/v3/auth/tokens => generated 862 bytes in 71 msecs (HTTP/1.1 201) 6 headers in 363 bytes (1 switches on core 0)
Oct 12 14:53:53 ubuntu devstack@keystone.service[82007]: DEBUG keystone.server.flask.request_processing.middleware.auth_context [None req-246fdafc-b5f3-40aa-b4ec-738d4b643789 None None] Authenticating user token {{(pid=82007) process_request /opt/stack/data/venv/lib/python3.10/site-packages/keystonemiddleware/auth_token/__init__.py:407}}
Oct 12 14:53:53 ubuntu devstack@keystone.service[82007]: DEBUG keystone.server.flask.request_processing.middleware.auth_context [None req-246fdafc-b5f3-40aa-b4ec-738d4b643789 None None] Validating token access rules against request {{(pid=82007) validate_allowed_request /opt/stack/data/venv/lib/python3.10/site-packages/keystonemiddleware/auth_token/__init__.py:545}}
Oct 12 14:53:53 ubuntu devstack@keystone.service[82008]: DEBUG keystone.server.flask.request_processing.middleware.auth_context [None req-ea5f84b7-6243-45a7-adb5-2502a4fe249c None None] Authenticating user token {{(pid=82008) process_request /opt/stack/data/venv/lib/python3.10/site-packages/keystonemiddleware/auth_token/__init__.py:407}}
Oct 12 14:53:53 ubuntu devstack@keystone.service[82007]: DEBUG keystone.server.flask.request_processing.middleware.auth_context [None req-d9eb655a-44c2-4b7b-8448-9776ad0f9bf2 None admin] RBAC: auth_context: {'token': <TokenModel (audit_id=YsATxvkAQpWP7ewfAZ6wVQ, audit_chain_id=['YsATxvkAQpWP7ewfAZ6wVQ']) at 0x7f69224c3e80>, 'domain_id': None, 'trust_id': None, 'trustor_id': None, 'trustee_id': None, 'domain_name': None, 'group_ids': [], 'user_id': '3ece6c5582594798aba9224d8b445a49', 'user_domain_id': 'default', 'system_scope': 'all', 'project_id': None, 'project_domain_id': None, 'roles': ['admin', 'manager', 'member', 'reader'], 'is_admin_project': True, 'service_user_id': None, 'service_user_domain_id': None, 'service_project_id': None, 'service_project_domain_id': None, 'service_roles': []} {{(pid=82007) fill_context /opt/stack/keystone/keystone/server/flask/request_processing/middleware/auth_context.py:509}}
Oct 12 14:53:53 ubuntu devstack@keystone.service[82007]: DEBUG keystone.server.flask.request_processing.req_logging [None req-d9eb655a-44c2-4b7b-8448-9776ad0f9bf2 None admin] REQUEST_METHOD: `GET` {{(pid=82007) log_request_info /opt/stack/keystone/keystone/server/flask/request_processing/req_logging.py:26}}
Oct 12 14:53:53 ubuntu devstack@keystone.service[82007]: DEBUG keystone.server.flask.request_processing.req_logging [None req-d9eb655a-44c2-4b7b-8448-9776ad0f9bf2 None admin] SCRIPT_NAME: `/identity` {{(pid=82007) log_request_info /opt/stack/keystone/keystone/server/flask/request_processing/req_logging.py:27}}
Oct 12 14:53:53 ubuntu devstack@keystone.service[82007]: DEBUG keystone.server.flask.request_processing.req_logging [None req-d9eb655a-44c2-4b7b-8448-9776ad0f9bf2 None admin] PATH_INFO: `/v3/roles/admin` {{(pid=82007) log_request_info /opt/stack/keystone/keystone/server/flask/request_processing/req_logging.py:28}}
Oct 12 14:53:53 ubuntu devstack@keystone.service[82007]: DEBUG keystone.common.rbac_enforcer.enforcer [None req-d9eb655a-44c2-4b7b-8448-9776ad0f9bf2 None admin] Extracting inferred target data resulted in "NOT FOUND (404)". {{(pid=82007) enforce_call /opt/stack/keystone/keystone/common/rbac_enforcer/enforcer.py:445}}
Oct 12 14:53:53 ubuntu devstack@keystone.service[82007]: DEBUG keystone.server.flask.application [None req-d9eb655a-44c2-4b7b-8448-9776ad0f9bf2 None admin] Could not find role: admin. {{(pid=82007) _handle_keystone_exception /opt/stack/keystone/keystone/server/flask/application.py:146}}
Oct 12 14:53:53 ubuntu devstack@keystone.service[82007]: [pid: 82007|app: 0|req: 12/26] 10.201.5.82 () {56 vars in 1132 bytes} [Sun Oct 12 14:53:53 2025] GET /identity/v3/roles/admin => generated 83 bytes in 84 msecs (HTTP/1.1 404) 5 headers in 183 bytes (1 switches on core 0)
Oct 12 14:53:53 ubuntu devstack@keystone.service[82007]: DEBUG keystone.server.flask.request_processing.middleware.auth_context [None req-d9eb655a-44c2-4b7b-8448-9776ad0f9bf2 None admin] Authenticating user token {{(pid=82007) process_request /opt/stack/data/venv/lib/python3.10/site-packages/keystonemiddleware/auth_token/__init__.py:407}}
Oct 12 14:53:54 ubuntu devstack@keystone.service[82008]: DEBUG keystone.server.flask.request_processing.middleware.auth_context [None req-ea5f84b7-6243-45a7-adb5-2502a4fe249c None None] Validating token access rules against request {{(pid=82008) validate_allowed_request /opt/stack/data/venv/lib/python3.10/site-packages/keystonemiddleware/auth_token/__init__.py:545}}
Oct 12 14:53:54 ubuntu devstack@keystone.service[82007]: DEBUG keystone.server.flask.request_processing.middleware.auth_context [None req-d9eb655a-44c2-4b7b-8448-9776ad0f9bf2 None admin] Validating token access rules against request {{(pid=82007) validate_allowed_request /opt/stack/data/venv/lib/python3.10/site-packages/keystonemiddleware/auth_token/__init__.py:545}}
Oct 12 14:53:54 ubuntu devstack@keystone.service[82008]: DEBUG keystone.server.flask.request_processing.middleware.auth_context [None req-d1b4eb1d-a78f-48d5-ba04-a90e10c58cc0 None admin] RBAC: auth_context: {'token': <TokenModel (audit_id=DI3WIT1PRA2GU4k8Sr2SPQ, audit_chain_id=['DI3WIT1PRA2GU4k8Sr2SPQ']) at 0x7f6922254d30>, 'domain_id': None, 'trust_id': None, 'trustor_id': None, 'trustee_id': None, 'domain_name': None, 'group_ids': [], 'user_id': '3ece6c5582594798aba9224d8b445a49', 'user_domain_id': 'default', 'system_scope': 'all', 'project_id': None, 'project_domain_id': None, 'roles': ['admin', 'manager', 'member', 'reader'], 'is_admin_project': True, 'service_user_id': None, 'service_user_domain_id': None, 'service_project_id': None, 'service_project_domain_id': None, 'service_roles': []} {{(pid=82008) fill_context /opt/stack/keystone/keystone/server/flask/request_processing/middleware/auth_context.py:509}}
Oct 12 14:53:54 ubuntu devstack@keystone.service[82008]: DEBUG keystone.server.flask.request_processing.req_logging [None req-d1b4eb1d-a78f-48d5-ba04-a90e10c58cc0 None admin] REQUEST_METHOD: `GET` {{(pid=82008) log_request_info /opt/stack/keystone/keystone/server/flask/request_processing/req_logging.py:26}}
Oct 12 14:53:54 ubuntu devstack@keystone.service[82008]: DEBUG keystone.server.flask.request_processing.req_logging [None req-d1b4eb1d-a78f-48d5-ba04-a90e10c58cc0 None admin] SCRIPT_NAME: `/identity` {{(pid=82008) log_request_info /opt/stack/keystone/keystone/server/flask/request_processing/req_logging.py:27}}
Oct 12 14:53:54 ubuntu devstack@keystone.service[82008]: DEBUG keystone.server.flask.request_processing.req_logging [None req-d1b4eb1d-a78f-48d5-ba04-a90e10c58cc0 None admin] PATH_INFO: `/v3/domains/Default` {{(pid=82008) log_request_info /opt/stack/keystone/keystone/server/flask/request_processing/req_logging.py:28}}
Oct 12 14:53:54 ubuntu devstack@keystone.service[82008]: DEBUG keystone.common.rbac_enforcer.enforcer [None req-d1b4eb1d-a78f-48d5-ba04-a90e10c58cc0 None admin] RBAC: Authorizing `identity:get_domain(domain_id=Default)` {{(pid=82008) enforce_call /opt/stack/keystone/keystone/common/rbac_enforcer/enforcer.py:494}}
Oct 12 14:53:54 ubuntu devstack@keystone.service[82008]: DEBUG keystone.common.rbac_enforcer.enforcer [None req-d1b4eb1d-a78f-48d5-ba04-a90e10c58cc0 None admin] RBAC: Authorization granted {{(pid=82008) enforce_call /opt/stack/keystone/keystone/common/rbac_enforcer/enforcer.py:505}}
Oct 12 14:53:54 ubuntu devstack@keystone.service[82007]: DEBUG keystone.server.flask.request_processing.middleware.auth_context [None req-cd0860ae-9204-4345-91bf-6cf02434c804 None admin] RBAC: auth_context: {'token': <TokenModel (audit_id=YsATxvkAQpWP7ewfAZ6wVQ, audit_chain_id=['YsATxvkAQpWP7ewfAZ6wVQ']) at 0x7f69223cd390>, 'domain_id': None, 'trust_id': None, 'trustor_id': None, 'trustee_id': None, 'domain_name': None, 'group_ids': [], 'user_id': '3ece6c5582594798aba9224d8b445a49', 'user_domain_id': 'default', 'system_scope': 'all', 'project_id': None, 'project_domain_id': None, 'roles': ['admin', 'manager', 'member', 'reader'], 'is_admin_project': True, 'service_user_id': None, 'service_user_domain_id': None, 'service_project_id': None, 'service_project_domain_id': None, 'service_roles': []} {{(pid=82007) fill_context /opt/stack/keystone/keystone/server/flask/request_processing/middleware/auth_context.py:509}}
Oct 12 14:53:54 ubuntu devstack@keystone.service[82007]: DEBUG keystone.server.flask.request_processing.req_logging [None req-cd0860ae-9204-4345-91bf-6cf02434c804 None admin] REQUEST_METHOD: `GET` {{(pid=82007) log_request_info /opt/stack/keystone/keystone/server/flask/request_processing/req_logging.py:26}}
Oct 12 14:53:54 ubuntu devstack@keystone.service[82007]: DEBUG keystone.server.flask.request_processing.req_logging [None req-cd0860ae-9204-4345-91bf-6cf02434c804 None admin] SCRIPT_NAME: `/identity` {{(pid=82007) log_request_info /opt/stack/keystone/keystone/server/flask/request_processing/req_logging.py:27}}
Oct 12 14:53:54 ubuntu devstack@keystone.service[82007]: DEBUG keystone.server.flask.request_processing.req_logging [None req-cd0860ae-9204-4345-91bf-6cf02434c804 None admin] PATH_INFO: `/v3/roles` {{(pid=82007) log_request_info /opt/stack/keystone/keystone/server/flask/request_processing/req_logging.py:28}}
Oct 12 14:53:54 ubuntu devstack@keystone.service[82007]: DEBUG keystone.common.rbac_enforcer.enforcer [None req-cd0860ae-9204-4345-91bf-6cf02434c804 None admin] RBAC: Adding query filter params (name=admin) {{(pid=82007) _extract_filter_values /opt/stack/keystone/keystone/common/rbac_enforcer/enforcer.py:176}}
Oct 12 14:53:54 ubuntu devstack@keystone.service[82007]: DEBUG keystone.common.rbac_enforcer.enforcer [None req-cd0860ae-9204-4345-91bf-6cf02434c804 None admin] RBAC: Authorizing `identity:list_roles()` {{(pid=82007) enforce_call /opt/stack/keystone/keystone/common/rbac_enforcer/enforcer.py:494}}
Oct 12 14:53:54 ubuntu devstack@keystone.service[82007]: DEBUG keystone.common.rbac_enforcer.enforcer [None req-cd0860ae-9204-4345-91bf-6cf02434c804 None admin] RBAC: Authorization granted {{(pid=82007) enforce_call /opt/stack/keystone/keystone/common/rbac_enforcer/enforcer.py:505}}
Oct 12 14:53:54 ubuntu devstack@keystone.service[82008]: DEBUG keystone.server.flask.application [None req-d1b4eb1d-a78f-48d5-ba04-a90e10c58cc0 None admin] Could not find domain: Default. {{(pid=82008) _handle_keystone_exception /opt/stack/keystone/keystone/server/flask/application.py:146}}
Oct 12 14:53:54 ubuntu devstack@keystone.service[82008]: [pid: 82008|app: 0|req: 15/27] 10.201.5.82 () {56 vars in 1100 bytes} [Sun Oct 12 14:53:53 2025] GET /identity/v3/domains/Default => generated 87 bytes in 131 msecs (HTTP/1.1 404) 5 headers in 183 bytes (1 switches on core 0)
Oct 12 14:53:54 ubuntu devstack@keystone.service[82008]: DEBUG keystone.server.flask.request_processing.req_logging [None req-ea3e522c-c79b-4b9c-b14b-be8349ed0141 None None] REQUEST_METHOD: `GET` {{(pid=82008) log_request_info /opt/stack/keystone/keystone/server/flask/request_processing/req_logging.py:26}}
Oct 12 14:53:54 ubuntu devstack@keystone.service[82007]: [pid: 82007|app: 0|req: 13/28] 10.201.5.82 () {56 vars in 1148 bytes} [Sun Oct 12 14:53:53 2025] GET /identity/v3/roles?name=admin => generated 339 bytes in 113 msecs (HTTP/1.1 200) 5 headers in 177 bytes (1 switches on core 0)
Oct 12 14:53:54 ubuntu devstack@keystone.service[82007]: DEBUG keystone.server.flask.request_processing.middleware.auth_context [None req-cd0860ae-9204-4345-91bf-6cf02434c804 None admin] Authenticating user token {{(pid=82007) process_request /opt/stack/data/venv/lib/python3.10/site-packages/keystonemiddleware/auth_token/__init__.py:407}}
Oct 12 14:53:54 ubuntu devstack@keystone.service[82008]: DEBUG keystone.server.flask.request_processing.req_logging [None req-ea3e522c-c79b-4b9c-b14b-be8349ed0141 None None] SCRIPT_NAME: `/identity` {{(pid=82008) log_request_info /opt/stack/keystone/keystone/server/flask/request_processing/req_logging.py:27}}
Oct 12 14:53:54 ubuntu devstack@keystone.service[82008]: DEBUG keystone.server.flask.request_processing.req_logging [None req-ea3e522c-c79b-4b9c-b14b-be8349ed0141 None None] PATH_INFO: `/` {{(pid=82008) log_request_info /opt/stack/keystone/keystone/server/flask/request_processing/req_logging.py:28}}
Oct 12 14:53:54 ubuntu devstack@keystone.service[82008]: [pid: 82008|app: 0|req: 16/29] 10.201.5.82 () {54 vars in 919 bytes} [Sun Oct 12 14:53:54 2025] GET /identity => generated 270 bytes in 2 msecs (HTTP/1.1 300) 6 headers in 234 bytes (1 switches on core 0)
Oct 12 14:53:54 ubuntu devstack@keystone.service[82008]: DEBUG keystone.server.flask.request_processing.req_logging [None req-4a7eaa77-0bc5-4734-af8a-be188a40c77b None None] REQUEST_METHOD: `POST` {{(pid=82008) log_request_info /opt/stack/keystone/keystone/server/flask/request_processing/req_logging.py:26}}
Oct 12 14:53:54 ubuntu devstack@keystone.service[82008]: DEBUG keystone.server.flask.request_processing.req_logging [None req-4a7eaa77-0bc5-4734-af8a-be188a40c77b None None] SCRIPT_NAME: `/identity` {{(pid=82008) log_request_info /opt/stack/keystone/keystone/server/flask/request_processing/req_logging.py:27}}
Oct 12 14:53:54 ubuntu devstack@keystone.service[82008]: DEBUG keystone.server.flask.request_processing.req_logging [None req-4a7eaa77-0bc5-4734-af8a-be188a40c77b None None] PATH_INFO: `/v3/auth/tokens` {{(pid=82008) log_request_info /opt/stack/keystone/keystone/server/flask/request_processing/req_logging.py:28}}
Oct 12 14:53:54 ubuntu devstack@keystone.service[82008]: WARNING keystone.common.password_hashing [None req-4a7eaa77-0bc5-4734-af8a-be188a40c77b None None] Truncating password to algorithm specific maximum length 72 characters.
Oct 12 14:53:54 ubuntu devstack@keystone.service[82008]: DEBUG keystone.auth.core [None req-4a7eaa77-0bc5-4734-af8a-be188a40c77b None None] MFA Rules not processed for user `3ece6c5582594798aba9224d8b445a49`. Rule list: `[]` (Enabled: `True`). {{(pid=82008) check_auth_methods_against_rules /opt/stack/keystone/keystone/auth/core.py:476}}
Oct 12 14:53:54 ubuntu devstack@keystone.service[82008]: DEBUG keystone.common.fernet_utils [None req-4a7eaa77-0bc5-4734-af8a-be188a40c77b None None] Loaded 2 Fernet keys from /etc/keystone/fernet-keys/, but `[fernet_tokens] max_active_keys = 3`; perhaps there have not been enough key rotations to reach `max_active_keys` yet? {{(pid=82008) load_keys /opt/stack/keystone/keystone/common/fernet_utils.py:297}}
Oct 12 14:53:54 ubuntu devstack@keystone.service[82007]: DEBUG keystone.server.flask.request_processing.middleware.auth_context [None req-cd0860ae-9204-4345-91bf-6cf02434c804 None admin] Validating token access rules against request {{(pid=82007) validate_allowed_request /opt/stack/data/venv/lib/python3.10/site-packages/keystonemiddleware/auth_token/__init__.py:545}}
Oct 12 14:53:54 ubuntu devstack@keystone.service[82007]: DEBUG keystone.server.flask.request_processing.middleware.auth_context [None req-8d5fa0de-54ac-404e-9660-0505e83d489e None admin] RBAC: auth_context: {'token': <TokenModel (audit_id=DI3WIT1PRA2GU4k8Sr2SPQ, audit_chain_id=['DI3WIT1PRA2GU4k8Sr2SPQ']) at 0x7f69230f7d00>, 'domain_id': None, 'trust_id': None, 'trustor_id': None, 'trustee_id': None, 'domain_name': None, 'group_ids': [], 'user_id': '3ece6c5582594798aba9224d8b445a49', 'user_domain_id': 'default', 'system_scope': 'all', 'project_id': None, 'project_domain_id': None, 'roles': ['admin', 'manager', 'member', 'reader'], 'is_admin_project': True, 'service_user_id': None, 'service_user_domain_id': None, 'service_project_id': None, 'service_project_domain_id': None, 'service_roles': []} {{(pid=82007) fill_context /opt/stack/keystone/keystone/server/flask/request_processing/middleware/auth_context.py:509}}
Oct 12 14:53:54 ubuntu devstack@keystone.service[82007]: DEBUG keystone.server.flask.request_processing.req_logging [None req-8d5fa0de-54ac-404e-9660-0505e83d489e None admin] REQUEST_METHOD: `GET` {{(pid=82007) log_request_info /opt/stack/keystone/keystone/server/flask/request_processing/req_logging.py:26}}
Oct 12 14:53:54 ubuntu devstack@keystone.service[82007]: DEBUG keystone.server.flask.request_processing.req_logging [None req-8d5fa0de-54ac-404e-9660-0505e83d489e None admin] SCRIPT_NAME: `/identity` {{(pid=82007) log_request_info /opt/stack/keystone/keystone/server/flask/request_processing/req_logging.py:27}}
Oct 12 14:53:54 ubuntu devstack@keystone.service[82007]: DEBUG keystone.server.flask.request_processing.req_logging [None req-8d5fa0de-54ac-404e-9660-0505e83d489e None admin] PATH_INFO: `/v3/domains` {{(pid=82007) log_request_info /opt/stack/keystone/keystone/server/flask/request_processing/req_logging.py:28}}
Oct 12 14:53:54 ubuntu devstack@keystone.service[82007]: DEBUG keystone.common.rbac_enforcer.enforcer [None req-8d5fa0de-54ac-404e-9660-0505e83d489e None admin] RBAC: Adding query filter params (name=Default) {{(pid=82007) _extract_filter_values /opt/stack/keystone/keystone/common/rbac_enforcer/enforcer.py:176}}
Oct 12 14:53:54 ubuntu devstack@keystone.service[82007]: DEBUG keystone.common.rbac_enforcer.enforcer [None req-8d5fa0de-54ac-404e-9660-0505e83d489e None admin] RBAC: Authorizing `identity:list_domains()` {{(pid=82007) enforce_call /opt/stack/keystone/keystone/common/rbac_enforcer/enforcer.py:494}}
Oct 12 14:53:54 ubuntu devstack@keystone.service[82007]: DEBUG keystone.common.rbac_enforcer.enforcer [None req-8d5fa0de-54ac-404e-9660-0505e83d489e None admin] RBAC: Authorization granted {{(pid=82007) enforce_call /opt/stack/keystone/keystone/common/rbac_enforcer/enforcer.py:505}}
Oct 12 14:53:54 ubuntu devstack@keystone.service[82008]: [pid: 82008|app: 0|req: 17/30] 10.201.5.82 () {58 vars in 1016 bytes} [Sun Oct 12 14:53:54 2025] POST /identity/v3/auth/tokens => generated 862 bytes in 90 msecs (HTTP/1.1 201) 6 headers in 363 bytes (1 switches on core 0)
Oct 12 14:53:54 ubuntu devstack@keystone.service[82007]: [pid: 82007|app: 0|req: 14/31] 10.201.5.82 () {56 vars in 1101 bytes} [Sun Oct 12 14:53:54 2025] GET /identity/v3/domains?name=Default => generated 308 bytes in 94 msecs (HTTP/1.1 200) 5 headers in 177 bytes (1 switches on core 0)
Oct 12 14:53:54 ubuntu devstack@keystone.service[82008]: DEBUG keystone.server.flask.request_processing.middleware.auth_context [None req-4a7eaa77-0bc5-4734-af8a-be188a40c77b None None] Authenticating user token {{(pid=82008) process_request /opt/stack/data/venv/lib/python3.10/site-packages/keystonemiddleware/auth_token/__init__.py:407}}
Oct 12 14:53:54 ubuntu devstack@keystone.service[82007]: DEBUG keystone.server.flask.request_processing.req_logging [None req-37613f15-6cb6-4a48-9488-1946e158a1ca None None] REQUEST_METHOD: `GET` {{(pid=82007) log_request_info /opt/stack/keystone/keystone/server/flask/request_processing/req_logging.py:26}}
Oct 12 14:53:54 ubuntu devstack@keystone.service[82007]: DEBUG keystone.server.flask.request_processing.req_logging [None req-37613f15-6cb6-4a48-9488-1946e158a1ca None None] SCRIPT_NAME: `/identity` {{(pid=82007) log_request_info /opt/stack/keystone/keystone/server/flask/request_processing/req_logging.py:27}}
Oct 12 14:53:54 ubuntu devstack@keystone.service[82007]: DEBUG keystone.server.flask.request_processing.req_logging [None req-37613f15-6cb6-4a48-9488-1946e158a1ca None None] PATH_INFO: `/` {{(pid=82007) log_request_info /opt/stack/keystone/keystone/server/flask/request_processing/req_logging.py:28}}
Oct 12 14:53:54 ubuntu devstack@keystone.service[82007]: [pid: 82007|app: 0|req: 15/32] 10.201.5.82 () {54 vars in 919 bytes} [Sun Oct 12 14:53:54 2025] GET /identity => generated 270 bytes in 1 msecs (HTTP/1.1 300) 6 headers in 234 bytes (1 switches on core 0)
Oct 12 14:53:54 ubuntu devstack@keystone.service[82007]: DEBUG keystone.server.flask.request_processing.req_logging [None req-c1584dc4-dc51-4bde-b804-aa1359a519a2 None None] REQUEST_METHOD: `POST` {{(pid=82007) log_request_info /opt/stack/keystone/keystone/server/flask/request_processing/req_logging.py:26}}
Oct 12 14:53:54 ubuntu devstack@keystone.service[82007]: DEBUG keystone.server.flask.request_processing.req_logging [None req-c1584dc4-dc51-4bde-b804-aa1359a519a2 None None] SCRIPT_NAME: `/identity` {{(pid=82007) log_request_info /opt/stack/keystone/keystone/server/flask/request_processing/req_logging.py:27}}
Oct 12 14:53:54 ubuntu devstack@keystone.service[82007]: DEBUG keystone.server.flask.request_processing.req_logging [None req-c1584dc4-dc51-4bde-b804-aa1359a519a2 None None] PATH_INFO: `/v3/auth/tokens` {{(pid=82007) log_request_info /opt/stack/keystone/keystone/server/flask/request_processing/req_logging.py:28}}
Oct 12 14:53:54 ubuntu devstack@keystone.service[82007]: WARNING keystone.common.password_hashing [None req-c1584dc4-dc51-4bde-b804-aa1359a519a2 None None] Truncating password to algorithm specific maximum length 72 characters.
Oct 12 14:53:54 ubuntu devstack@keystone.service[82007]: DEBUG keystone.auth.core [None req-c1584dc4-dc51-4bde-b804-aa1359a519a2 None None] MFA Rules not processed for user `3ece6c5582594798aba9224d8b445a49`. Rule list: `[]` (Enabled: `True`). {{(pid=82007) check_auth_methods_against_rules /opt/stack/keystone/keystone/auth/core.py:476}}
Oct 12 14:53:54 ubuntu devstack@keystone.service[82007]: DEBUG keystone.common.fernet_utils [None req-c1584dc4-dc51-4bde-b804-aa1359a519a2 None None] Loaded 2 Fernet keys from /etc/keystone/fernet-keys/, but `[fernet_tokens] max_active_keys = 3`; perhaps there have not been enough key rotations to reach `max_active_keys` yet? {{(pid=82007) load_keys /opt/stack/keystone/keystone/common/fernet_utils.py:297}}
Oct 12 14:53:54 ubuntu devstack@keystone.service[82008]: DEBUG keystone.server.flask.request_processing.middleware.auth_context [None req-4a7eaa77-0bc5-4734-af8a-be188a40c77b None None] Validating token access rules against request {{(pid=82008) validate_allowed_request /opt/stack/data/venv/lib/python3.10/site-packages/keystonemiddleware/auth_token/__init__.py:545}}
Oct 12 14:53:54 ubuntu devstack@keystone.service[82007]: [pid: 82007|app: 0|req: 16/33] 10.201.5.82 () {58 vars in 1016 bytes} [Sun Oct 12 14:53:54 2025] POST /identity/v3/auth/tokens => generated 862 bytes in 50 msecs (HTTP/1.1 201) 6 headers in 363 bytes (2 switches on core 0)
Oct 12 14:53:54 ubuntu devstack@keystone.service[82007]: DEBUG keystone.server.flask.request_processing.middleware.auth_context [None req-c1584dc4-dc51-4bde-b804-aa1359a519a2 None None] Authenticating user token {{(pid=82007) process_request /opt/stack/data/venv/lib/python3.10/site-packages/keystonemiddleware/auth_token/__init__.py:407}}
Oct 12 14:53:54 ubuntu devstack@keystone.service[82008]: DEBUG keystone.server.flask.request_processing.middleware.auth_context [None req-1a007ba6-3217-4851-82b5-11e72bcd28f0 None admin] RBAC: auth_context: {'token': <TokenModel (audit_id=YsATxvkAQpWP7ewfAZ6wVQ, audit_chain_id=['YsATxvkAQpWP7ewfAZ6wVQ']) at 0x7f69222562f0>, 'domain_id': None, 'trust_id': None, 'trustor_id': None, 'trustee_id': None, 'domain_name': None, 'group_ids': [], 'user_id': '3ece6c5582594798aba9224d8b445a49', 'user_domain_id': 'default', 'system_scope': 'all', 'project_id': None, 'project_domain_id': None, 'roles': ['admin', 'manager', 'member', 'reader'], 'is_admin_project': True, 'service_user_id': None, 'service_user_domain_id': None, 'service_project_id': None, 'service_project_domain_id': None, 'service_roles': []} {{(pid=82008) fill_context /opt/stack/keystone/keystone/server/flask/request_processing/middleware/auth_context.py:509}}
Oct 12 14:53:54 ubuntu devstack@keystone.service[82008]: DEBUG keystone.server.flask.request_processing.req_logging [None req-1a007ba6-3217-4851-82b5-11e72bcd28f0 None admin] REQUEST_METHOD: `GET` {{(pid=82008) log_request_info /opt/stack/keystone/keystone/server/flask/request_processing/req_logging.py:26}}
Oct 12 14:53:54 ubuntu devstack@keystone.service[82008]: DEBUG keystone.server.flask.request_processing.req_logging [None req-1a007ba6-3217-4851-82b5-11e72bcd28f0 None admin] SCRIPT_NAME: `/identity` {{(pid=82008) log_request_info /opt/stack/keystone/keystone/server/flask/request_processing/req_logging.py:27}}
Oct 12 14:53:54 ubuntu devstack@keystone.service[82008]: DEBUG keystone.server.flask.request_processing.req_logging [None req-1a007ba6-3217-4851-82b5-11e72bcd28f0 None admin] PATH_INFO: `/v3/users/3ece6c5582594798aba9224d8b445a49` {{(pid=82008) log_request_info /opt/stack/keystone/keystone/server/flask/request_processing/req_logging.py:28}}
Oct 12 14:53:54 ubuntu devstack@keystone.service[82008]: DEBUG keystone.common.rbac_enforcer.enforcer [None req-1a007ba6-3217-4851-82b5-11e72bcd28f0 None admin] RBAC: Authorizing `identity:get_user(user_id=3ece6c5582594798aba9224d8b445a49)` {{(pid=82008) enforce_call /opt/stack/keystone/keystone/common/rbac_enforcer/enforcer.py:494}}
Oct 12 14:53:54 ubuntu devstack@keystone.service[82008]: DEBUG keystone.common.rbac_enforcer.enforcer [None req-1a007ba6-3217-4851-82b5-11e72bcd28f0 None admin] RBAC: Authorization granted {{(pid=82008) enforce_call /opt/stack/keystone/keystone/common/rbac_enforcer/enforcer.py:505}}
Oct 12 14:53:54 ubuntu devstack@keystone.service[82008]: [pid: 82008|app: 0|req: 18/34] 10.201.5.82 () {56 vars in 1213 bytes} [Sun Oct 12 14:53:54 2025] GET /identity/v3/users/3ece6c5582594798aba9224d8b445a49 => generated 247 bytes in 78 msecs (HTTP/1.1 200) 5 headers in 177 bytes (1 switches on core 0)
Oct 12 14:53:54 ubuntu devstack@keystone.service[82008]: DEBUG keystone.server.flask.request_processing.middleware.auth_context [None req-1a007ba6-3217-4851-82b5-11e72bcd28f0 None admin] Authenticating user token {{(pid=82008) process_request /opt/stack/data/venv/lib/python3.10/site-packages/keystonemiddleware/auth_token/__init__.py:407}}
Oct 12 14:53:54 ubuntu devstack@keystone.service[82007]: DEBUG keystone.server.flask.request_processing.middleware.auth_context [None req-c1584dc4-dc51-4bde-b804-aa1359a519a2 None None] Validating token access rules against request {{(pid=82007) validate_allowed_request /opt/stack/data/venv/lib/python3.10/site-packages/keystonemiddleware/auth_token/__init__.py:545}}
Oct 12 14:53:54 ubuntu devstack@keystone.service[82007]: DEBUG keystone.server.flask.request_processing.middleware.auth_context [None req-952dabc2-a545-49a0-b09c-a8232c1fc6bb None admin] RBAC: auth_context: {'token': <TokenModel (audit_id=DI3WIT1PRA2GU4k8Sr2SPQ, audit_chain_id=['DI3WIT1PRA2GU4k8Sr2SPQ']) at 0x7f6922f5d6f0>, 'domain_id': None, 'trust_id': None, 'trustor_id': None, 'trustee_id': None, 'domain_name': None, 'group_ids': [], 'user_id': '3ece6c5582594798aba9224d8b445a49', 'user_domain_id': 'default', 'system_scope': 'all', 'project_id': None, 'project_domain_id': None, 'roles': ['admin', 'manager', 'member', 'reader'], 'is_admin_project': True, 'service_user_id': None, 'service_user_domain_id': None, 'service_project_id': None, 'service_project_domain_id': None, 'service_roles': []} {{(pid=82007) fill_context /opt/stack/keystone/keystone/server/flask/request_processing/middleware/auth_context.py:509}}
Oct 12 14:53:54 ubuntu devstack@keystone.service[82007]: DEBUG keystone.server.flask.request_processing.req_logging [None req-952dabc2-a545-49a0-b09c-a8232c1fc6bb None admin] REQUEST_METHOD: `POST` {{(pid=82007) log_request_info /opt/stack/keystone/keystone/server/flask/request_processing/req_logging.py:26}}
Oct 12 14:53:54 ubuntu devstack@keystone.service[82007]: DEBUG keystone.server.flask.request_processing.req_logging [None req-952dabc2-a545-49a0-b09c-a8232c1fc6bb None admin] SCRIPT_NAME: `/identity` {{(pid=82007) log_request_info /opt/stack/keystone/keystone/server/flask/request_processing/req_logging.py:27}}
Oct 12 14:53:54 ubuntu devstack@keystone.service[82007]: DEBUG keystone.server.flask.request_processing.req_logging [None req-952dabc2-a545-49a0-b09c-a8232c1fc6bb None admin] PATH_INFO: `/v3/projects` {{(pid=82007) log_request_info /opt/stack/keystone/keystone/server/flask/request_processing/req_logging.py:28}}
Oct 12 14:53:54 ubuntu devstack@keystone.service[82007]: DEBUG keystone.common.rbac_enforcer.enforcer [None req-952dabc2-a545-49a0-b09c-a8232c1fc6bb None admin] RBAC: Authorizing `identity:create_project()` {{(pid=82007) enforce_call /opt/stack/keystone/keystone/common/rbac_enforcer/enforcer.py:494}}
Oct 12 14:53:54 ubuntu devstack@keystone.service[82007]: DEBUG keystone.common.rbac_enforcer.enforcer [None req-952dabc2-a545-49a0-b09c-a8232c1fc6bb None admin] RBAC: Authorization granted {{(pid=82007) enforce_call /opt/stack/keystone/keystone/common/rbac_enforcer/enforcer.py:505}}
Oct 12 14:53:54 ubuntu devstack@keystone.service[82007]: [pid: 82007|app: 0|req: 17/35] 10.201.5.82 () {60 vars in 1133 bytes} [Sun Oct 12 14:53:54 2025] POST /identity/v3/projects => generated 301 bytes in 82 msecs (HTTP/1.1 201) 5 headers in 182 bytes (1 switches on core 0)
Oct 12 14:53:54 ubuntu devstack@keystone.service[82008]: DEBUG keystone.server.flask.request_processing.middleware.auth_context [None req-1a007ba6-3217-4851-82b5-11e72bcd28f0 None admin] Validating token access rules against request {{(pid=82008) validate_allowed_request /opt/stack/data/venv/lib/python3.10/site-packages/keystonemiddleware/auth_token/__init__.py:545}}
Oct 12 14:53:54 ubuntu devstack@keystone.service[82008]: DEBUG keystone.server.flask.request_processing.middleware.auth_context [None req-f7b28cfe-32a3-42d0-9dab-0fdb07bd7ad1 None admin] RBAC: auth_context: {'token': <TokenModel (audit_id=YsATxvkAQpWP7ewfAZ6wVQ, audit_chain_id=['YsATxvkAQpWP7ewfAZ6wVQ']) at 0x7f6922254d00>, 'domain_id': None, 'trust_id': None, 'trustor_id': None, 'trustee_id': None, 'domain_name': None, 'group_ids': [], 'user_id': '3ece6c5582594798aba9224d8b445a49', 'user_domain_id': 'default', 'system_scope': 'all', 'project_id': None, 'project_domain_id': None, 'roles': ['admin', 'manager', 'member', 'reader'], 'is_admin_project': True, 'service_user_id': None, 'service_user_domain_id': None, 'service_project_id': None, 'service_project_domain_id': None, 'service_roles': []} {{(pid=82008) fill_context /opt/stack/keystone/keystone/server/flask/request_processing/middleware/auth_context.py:509}}
Oct 12 14:53:54 ubuntu devstack@keystone.service[82008]: DEBUG keystone.server.flask.request_processing.req_logging [None req-f7b28cfe-32a3-42d0-9dab-0fdb07bd7ad1 None admin] REQUEST_METHOD: `GET` {{(pid=82008) log_request_info /opt/stack/keystone/keystone/server/flask/request_processing/req_logging.py:26}}
Oct 12 14:53:54 ubuntu devstack@keystone.service[82008]: DEBUG keystone.server.flask.request_processing.req_logging [None req-f7b28cfe-32a3-42d0-9dab-0fdb07bd7ad1 None admin] SCRIPT_NAME: `/identity` {{(pid=82008) log_request_info /opt/stack/keystone/keystone/server/flask/request_processing/req_logging.py:27}}
Oct 12 14:53:54 ubuntu devstack@keystone.service[82008]: DEBUG keystone.server.flask.request_processing.req_logging [None req-f7b28cfe-32a3-42d0-9dab-0fdb07bd7ad1 None admin] PATH_INFO: `/v3/domains/default` {{(pid=82008) log_request_info /opt/stack/keystone/keystone/server/flask/request_processing/req_logging.py:28}}
Oct 12 14:53:54 ubuntu devstack@keystone.service[82008]: DEBUG keystone.common.rbac_enforcer.enforcer [None req-f7b28cfe-32a3-42d0-9dab-0fdb07bd7ad1 None admin] RBAC: Authorizing `identity:get_domain(domain_id=default)` {{(pid=82008) enforce_call /opt/stack/keystone/keystone/common/rbac_enforcer/enforcer.py:494}}
Oct 12 14:53:54 ubuntu devstack@keystone.service[82008]: DEBUG keystone.common.rbac_enforcer.enforcer [None req-f7b28cfe-32a3-42d0-9dab-0fdb07bd7ad1 None admin] RBAC: Authorization granted {{(pid=82008) enforce_call /opt/stack/keystone/keystone/common/rbac_enforcer/enforcer.py:505}}
Oct 12 14:53:54 ubuntu devstack@keystone.service[82008]: [pid: 82008|app: 0|req: 19/36] 10.201.5.82 () {56 vars in 1144 bytes} [Sun Oct 12 14:53:54 2025] GET /identity/v3/domains/default => generated 199 bytes in 98 msecs (HTTP/1.1 200) 5 headers in 177 bytes (1 switches on core 0)
Oct 12 14:53:54 ubuntu devstack@keystone.service[82007]: DEBUG keystone.server.flask.request_processing.middleware.auth_context [None req-952dabc2-a545-49a0-b09c-a8232c1fc6bb None admin] Authenticating user token {{(pid=82007) process_request /opt/stack/data/venv/lib/python3.10/site-packages/keystonemiddleware/auth_token/__init__.py:407}}
Oct 12 14:53:54 ubuntu devstack@keystone.service[82008]: DEBUG keystone.server.flask.request_processing.middleware.auth_context [None req-f7b28cfe-32a3-42d0-9dab-0fdb07bd7ad1 None admin] Authenticating user token {{(pid=82008) process_request /opt/stack/data/venv/lib/python3.10/site-packages/keystonemiddleware/auth_token/__init__.py:407}}
Oct 12 14:53:54 ubuntu devstack@keystone.service[82007]: DEBUG keystone.server.flask.request_processing.middleware.auth_context [None req-952dabc2-a545-49a0-b09c-a8232c1fc6bb None admin] Validating token access rules against request {{(pid=82007) validate_allowed_request /opt/stack/data/venv/lib/python3.10/site-packages/keystonemiddleware/auth_token/__init__.py:545}}
Oct 12 14:53:54 ubuntu devstack@keystone.service[82008]: DEBUG keystone.server.flask.request_processing.middleware.auth_context [None req-f7b28cfe-32a3-42d0-9dab-0fdb07bd7ad1 None admin] Validating token access rules against request {{(pid=82008) validate_allowed_request /opt/stack/data/venv/lib/python3.10/site-packages/keystonemiddleware/auth_token/__init__.py:545}}
Oct 12 14:53:54 ubuntu devstack@keystone.service[82008]: DEBUG keystone.server.flask.request_processing.middleware.auth_context [None req-444ec376-8633-4793-89b5-0e634df1d665 None admin] RBAC: auth_context: {'token': <TokenModel (audit_id=R84wR-hVQietiIDHUY0SuA, audit_chain_id=['R84wR-hVQietiIDHUY0SuA']) at 0x7f6922256710>, 'domain_id': None, 'trust_id': None, 'trustor_id': None, 'trustee_id': None, 'domain_name': None, 'group_ids': [], 'user_id': '3ece6c5582594798aba9224d8b445a49', 'user_domain_id': 'default', 'system_scope': 'all', 'project_id': None, 'project_domain_id': None, 'roles': ['admin', 'manager', 'member', 'reader'], 'is_admin_project': True, 'service_user_id': None, 'service_user_domain_id': None, 'service_project_id': None, 'service_project_domain_id': None, 'service_roles': []} {{(pid=82008) fill_context /opt/stack/keystone/keystone/server/flask/request_processing/middleware/auth_context.py:509}}
Oct 12 14:53:54 ubuntu devstack@keystone.service[82008]: DEBUG keystone.server.flask.request_processing.req_logging [None req-444ec376-8633-4793-89b5-0e634df1d665 None admin] REQUEST_METHOD: `POST` {{(pid=82008) log_request_info /opt/stack/keystone/keystone/server/flask/request_processing/req_logging.py:26}}
Oct 12 14:53:54 ubuntu devstack@keystone.service[82008]: DEBUG keystone.server.flask.request_processing.req_logging [None req-444ec376-8633-4793-89b5-0e634df1d665 None admin] SCRIPT_NAME: `/identity` {{(pid=82008) log_request_info /opt/stack/keystone/keystone/server/flask/request_processing/req_logging.py:27}}
Oct 12 14:53:54 ubuntu devstack@keystone.service[82008]: DEBUG keystone.server.flask.request_processing.req_logging [None req-444ec376-8633-4793-89b5-0e634df1d665 None admin] PATH_INFO: `/v3/roles` {{(pid=82008) log_request_info /opt/stack/keystone/keystone/server/flask/request_processing/req_logging.py:28}}
Oct 12 14:53:54 ubuntu devstack@keystone.service[82007]: DEBUG keystone.server.flask.request_processing.middleware.auth_context [None req-85ee3d57-59f7-4c13-895e-2d8c5d8d3f02 None admin] RBAC: auth_context: {'token': <TokenModel (audit_id=YsATxvkAQpWP7ewfAZ6wVQ, audit_chain_id=['YsATxvkAQpWP7ewfAZ6wVQ']) at 0x7f6922359570>, 'domain_id': None, 'trust_id': None, 'trustor_id': None, 'trustee_id': None, 'domain_name': None, 'group_ids': [], 'user_id': '3ece6c5582594798aba9224d8b445a49', 'user_domain_id': 'default', 'system_scope': 'all', 'project_id': None, 'project_domain_id': None, 'roles': ['admin', 'manager', 'member', 'reader'], 'is_admin_project': True, 'service_user_id': None, 'service_user_domain_id': None, 'service_project_id': None, 'service_project_domain_id': None, 'service_roles': []} {{(pid=82007) fill_context /opt/stack/keystone/keystone/server/flask/request_processing/middleware/auth_context.py:509}}
Oct 12 14:53:54 ubuntu devstack@keystone.service[82008]: DEBUG keystone.common.rbac_enforcer.enforcer [None req-444ec376-8633-4793-89b5-0e634df1d665 None admin] RBAC: Authorizing `identity:create_role()` {{(pid=82008) enforce_call /opt/stack/keystone/keystone/common/rbac_enforcer/enforcer.py:494}}
Oct 12 14:53:54 ubuntu devstack@keystone.service[82007]: DEBUG keystone.server.flask.request_processing.req_logging [None req-85ee3d57-59f7-4c13-895e-2d8c5d8d3f02 None admin] REQUEST_METHOD: `GET` {{(pid=82007) log_request_info /opt/stack/keystone/keystone/server/flask/request_processing/req_logging.py:26}}
Oct 12 14:53:54 ubuntu devstack@keystone.service[82007]: DEBUG keystone.server.flask.request_processing.req_logging [None req-85ee3d57-59f7-4c13-895e-2d8c5d8d3f02 None admin] SCRIPT_NAME: `/identity` {{(pid=82007) log_request_info /opt/stack/keystone/keystone/server/flask/request_processing/req_logging.py:27}}
Oct 12 14:53:54 ubuntu devstack@keystone.service[82007]: DEBUG keystone.server.flask.request_processing.req_logging [None req-85ee3d57-59f7-4c13-895e-2d8c5d8d3f02 None admin] PATH_INFO: `/v3/role_assignments` {{(pid=82007) log_request_info /opt/stack/keystone/keystone/server/flask/request_processing/req_logging.py:28}}
Oct 12 14:53:54 ubuntu devstack@keystone.service[82008]: DEBUG keystone.common.rbac_enforcer.enforcer [None req-444ec376-8633-4793-89b5-0e634df1d665 None admin] RBAC: Authorization granted {{(pid=82008) enforce_call /opt/stack/keystone/keystone/common/rbac_enforcer/enforcer.py:505}}
Oct 12 14:53:54 ubuntu devstack@keystone.service[82007]: DEBUG keystone.common.rbac_enforcer.enforcer [None req-85ee3d57-59f7-4c13-895e-2d8c5d8d3f02 None admin] RBAC: Adding query filter params (role.id=11e7aeea37014847a6821f6e49cf5445, scope.domain.id=default, user.id=3ece6c5582594798aba9224d8b445a49) {{(pid=82007) _extract_filter_values /opt/stack/keystone/keystone/common/rbac_enforcer/enforcer.py:176}}
Oct 12 14:53:54 ubuntu devstack@keystone.service[82007]: DEBUG keystone.common.rbac_enforcer.enforcer [None req-85ee3d57-59f7-4c13-895e-2d8c5d8d3f02 None admin] RBAC: Authorizing `identity:list_role_assignments()` {{(pid=82007) enforce_call /opt/stack/keystone/keystone/common/rbac_enforcer/enforcer.py:494}}
Oct 12 14:53:54 ubuntu devstack@keystone.service[82007]: DEBUG keystone.common.rbac_enforcer.enforcer [None req-85ee3d57-59f7-4c13-895e-2d8c5d8d3f02 None admin] RBAC: Authorization granted {{(pid=82007) enforce_call /opt/stack/keystone/keystone/common/rbac_enforcer/enforcer.py:505}}
Oct 12 14:53:54 ubuntu devstack@keystone.service[82008]: DEBUG keystone.common.sql.core [None req-444ec376-8633-4793-89b5-0e634df1d665 None admin] Conflict role: (pymysql.err.IntegrityError) (1062, "Duplicate entry 'service-<<null>>' for key 'role.ixu_role_name_domain_id'")
Oct 12 14:53:54 ubuntu devstack@keystone.service[82008]: [SQL: INSERT INTO `role` (id, name, description, extra) VALUES (%(id)s, %(name)s, %(description)s, %(extra)s)]
Oct 12 14:53:54 ubuntu devstack@keystone.service[82008]: [parameters: {'id': '36dbb82e9df346289306a40d74828820', 'name': 'service', 'description': None, 'extra': '{}'}]
Oct 12 14:53:54 ubuntu devstack@keystone.service[82008]: (Background on this error at: https://sqlalche.me/e/20/gkpj) {{(pid=82008) wrapper /opt/stack/keystone/keystone/common/sql/core.py:580}}
Oct 12 14:53:54 ubuntu devstack@keystone.service[82008]: ERROR keystone.server.flask.application [None req-444ec376-8633-4793-89b5-0e634df1d665 None admin] Conflict occurred attempting to store role - Duplicate entry found with name service.: keystone.exception.Conflict: Conflict occurred attempting to store role - Duplicate entry found with name service.
Oct 12 14:53:54 ubuntu devstack@keystone.service[82008]: ERROR keystone.server.flask.application Traceback (most recent call last):
Oct 12 14:53:54 ubuntu devstack@keystone.service[82008]: ERROR keystone.server.flask.application   File "/opt/stack/data/venv/lib/python3.10/site-packages/sqlalchemy/engine/base.py", line 1961, in _exec_single_context
Oct 12 14:53:54 ubuntu devstack@keystone.service[82008]: ERROR keystone.server.flask.application     self.dialect.do_execute(
Oct 12 14:53:54 ubuntu devstack@keystone.service[82008]: ERROR keystone.server.flask.application   File "/opt/stack/data/venv/lib/python3.10/site-packages/sqlalchemy/engine/default.py", line 944, in do_execute
Oct 12 14:53:54 ubuntu devstack@keystone.service[82008]: ERROR keystone.server.flask.application     cursor.execute(statement, parameters)
Oct 12 14:53:54 ubuntu devstack@keystone.service[82008]: ERROR keystone.server.flask.application   File "/opt/stack/data/venv/lib/python3.10/site-packages/pymysql/cursors.py", line 153, in execute
Oct 12 14:53:54 ubuntu devstack@keystone.service[82008]: ERROR keystone.server.flask.application     result = self._query(query)
Oct 12 14:53:54 ubuntu devstack@keystone.service[82008]: ERROR keystone.server.flask.application   File "/opt/stack/data/venv/lib/python3.10/site-packages/pymysql/cursors.py", line 322, in _query
Oct 12 14:53:54 ubuntu devstack@keystone.service[82008]: ERROR keystone.server.flask.application     conn.query(q)
Oct 12 14:53:54 ubuntu devstack@keystone.service[82008]: ERROR keystone.server.flask.application   File "/opt/stack/data/venv/lib/python3.10/site-packages/pymysql/connections.py", line 563, in query
Oct 12 14:53:54 ubuntu devstack@keystone.service[82008]: ERROR keystone.server.flask.application     self._affected_rows = self._read_query_result(unbuffered=unbuffered)
Oct 12 14:53:54 ubuntu devstack@keystone.service[82008]: ERROR keystone.server.flask.application   File "/opt/stack/data/venv/lib/python3.10/site-packages/pymysql/connections.py", line 825, in _read_query_result
Oct 12 14:53:54 ubuntu devstack@keystone.service[82008]: ERROR keystone.server.flask.application     result.read()
Oct 12 14:53:54 ubuntu devstack@keystone.service[82008]: ERROR keystone.server.flask.application   File "/opt/stack/data/venv/lib/python3.10/site-packages/pymysql/connections.py", line 1199, in read
Oct 12 14:53:54 ubuntu devstack@keystone.service[82008]: ERROR keystone.server.flask.application     first_packet = self.connection._read_packet()
Oct 12 14:53:54 ubuntu devstack@keystone.service[82008]: ERROR keystone.server.flask.application   File "/opt/stack/data/venv/lib/python3.10/site-packages/pymysql/connections.py", line 775, in _read_packet
Oct 12 14:53:54 ubuntu devstack@keystone.service[82008]: ERROR keystone.server.flask.application     packet.raise_for_error()
Oct 12 14:53:54 ubuntu devstack@keystone.service[82008]: ERROR keystone.server.flask.application   File "/opt/stack/data/venv/lib/python3.10/site-packages/pymysql/protocol.py", line 219, in raise_for_error
Oct 12 14:53:54 ubuntu devstack@keystone.service[82008]: ERROR keystone.server.flask.application     err.raise_mysql_exception(self._data)
Oct 12 14:53:54 ubuntu devstack@keystone.service[82008]: ERROR keystone.server.flask.application   File "/opt/stack/data/venv/lib/python3.10/site-packages/pymysql/err.py", line 150, in raise_mysql_exception
Oct 12 14:53:54 ubuntu devstack@keystone.service[82008]: ERROR keystone.server.flask.application     raise errorclass(errno, errval)
Oct 12 14:53:54 ubuntu devstack@keystone.service[82008]: ERROR keystone.server.flask.application pymysql.err.IntegrityError: (1062, "Duplicate entry 'service-<<null>>' for key 'role.ixu_role_name_domain_id'")
Oct 12 14:53:54 ubuntu devstack@keystone.service[82008]: ERROR keystone.server.flask.application 
Oct 12 14:53:54 ubuntu devstack@keystone.service[82008]: ERROR keystone.server.flask.application The above exception was the direct cause of the following exception:
Oct 12 14:53:54 ubuntu devstack@keystone.service[82008]: ERROR keystone.server.flask.application 
Oct 12 14:53:54 ubuntu devstack@keystone.service[82008]: ERROR keystone.server.flask.application Traceback (most recent call last):
Oct 12 14:53:54 ubuntu devstack@keystone.service[82008]: ERROR keystone.server.flask.application   File "/opt/stack/keystone/keystone/common/sql/core.py", line 575, in wrapper
Oct 12 14:53:54 ubuntu devstack@keystone.service[82008]: ERROR keystone.server.flask.application     return method(*args, **kwargs)
Oct 12 14:53:54 ubuntu devstack@keystone.service[82008]: ERROR keystone.server.flask.application   File "/opt/stack/keystone/keystone/assignment/role_backends/sql.py", line 25, in create_role
Oct 12 14:53:54 ubuntu devstack@keystone.service[82008]: ERROR keystone.server.flask.application     with sql.session_for_write() as session:
Oct 12 14:53:54 ubuntu devstack@keystone.service[82008]: ERROR keystone.server.flask.application   File "/usr/lib/python3.10/contextlib.py", line 142, in __exit__
Oct 12 14:53:54 ubuntu devstack@keystone.service[82008]: ERROR keystone.server.flask.application     next(self.gen)
Oct 12 14:53:54 ubuntu devstack@keystone.service[82008]: ERROR keystone.server.flask.application   File "/opt/stack/data/venv/lib/python3.10/site-packages/oslo_db/sqlalchemy/enginefacade.py", line 1199, in _transaction_scope
Oct 12 14:53:54 ubuntu devstack@keystone.service[82008]: ERROR keystone.server.flask.application     with current._produce_block(
Oct 12 14:53:54 ubuntu devstack@keystone.service[82008]: ERROR keystone.server.flask.application   File "/usr/lib/python3.10/contextlib.py", line 142, in __exit__
Oct 12 14:53:54 ubuntu devstack@keystone.service[82008]: ERROR keystone.server.flask.application     next(self.gen)
Oct 12 14:53:54 ubuntu devstack@keystone.service[82008]: ERROR keystone.server.flask.application   File "/opt/stack/data/venv/lib/python3.10/site-packages/oslo_db/sqlalchemy/enginefacade.py", line 850, in _session
Oct 12 14:53:54 ubuntu devstack@keystone.service[82008]: ERROR keystone.server.flask.application     with excutils.save_and_reraise_exception():
Oct 12 14:53:54 ubuntu devstack@keystone.service[82008]: ERROR keystone.server.flask.application   File "/opt/stack/data/venv/lib/python3.10/site-packages/oslo_utils/excutils.py", line 227, in __exit__
Oct 12 14:53:54 ubuntu devstack@keystone.service[82008]: ERROR keystone.server.flask.application     self.force_reraise()
Oct 12 14:53:54 ubuntu devstack@keystone.service[82008]: ERROR keystone.server.flask.application   File "/opt/stack/data/venv/lib/python3.10/site-packages/oslo_utils/excutils.py", line 200, in force_reraise
Oct 12 14:53:54 ubuntu devstack@keystone.service[82008]: ERROR keystone.server.flask.application     raise self.value
Oct 12 14:53:54 ubuntu devstack@keystone.service[82008]: ERROR keystone.server.flask.application   File "/opt/stack/data/venv/lib/python3.10/site-packages/oslo_db/sqlalchemy/enginefacade.py", line 848, in _session
Oct 12 14:53:54 ubuntu devstack@keystone.service[82008]: ERROR keystone.server.flask.application     self._end_session_transaction(self.session)
Oct 12 14:53:54 ubuntu devstack@keystone.service[82008]: ERROR keystone.server.flask.application   File "/opt/stack/data/venv/lib/python3.10/site-packages/oslo_db/sqlalchemy/enginefacade.py", line 761, in _end_session_transaction
Oct 12 14:53:54 ubuntu devstack@keystone.service[82008]: ERROR keystone.server.flask.application     session.commit()
Oct 12 14:53:54 ubuntu devstack@keystone.service[82008]: ERROR keystone.server.flask.application   File "/opt/stack/data/venv/lib/python3.10/site-packages/sqlalchemy/orm/session.py", line 2032, in commit
Oct 12 14:53:54 ubuntu devstack@keystone.service[82008]: ERROR keystone.server.flask.application     trans.commit(_to_root=True)
Oct 12 14:53:54 ubuntu devstack@keystone.service[82008]: ERROR keystone.server.flask.application   File "<string>", line 2, in commit
Oct 12 14:53:54 ubuntu devstack@keystone.service[82008]: ERROR keystone.server.flask.application   File "/opt/stack/data/venv/lib/python3.10/site-packages/sqlalchemy/orm/state_changes.py", line 137, in _go
Oct 12 14:53:54 ubuntu devstack@keystone.service[82008]: ERROR keystone.server.flask.application     ret_value = fn(self, *arg, **kw)
