Jun 27 17:44:36 ubuntu devstack@c-api.service[114286]: DEBUG cinder.api.extensions [-] Ext updated: 2012-03-12T00:00:00+00:00 {{(pid=114286) _check_extension /opt/stack/cinder/cinder/api/extensions.py:183}}
Jun 27 17:44:36 ubuntu devstack@c-api.service[114286]: DEBUG cinder.api.extensions [-] Loaded extension: os-quota-class-sets {{(pid=114286) register /opt/stack/cinder/cinder/api/extensions.py:140}}
Jun 27 17:44:36 ubuntu devstack@c-api.service[114286]: DEBUG cinder.api.extensions [-] Loading extension cinder.api.contrib.volume_manage.Volume_manage {{(pid=114286) load_extension /opt/stack/cinder/cinder/api/extensions.py:199}}
Jun 27 17:44:36 ubuntu devstack@c-api.service[114286]: DEBUG cinder.api.extensions [-] Calling extension factory cinder.api.contrib.volume_manage.Volume_manage {{(pid=114286) load_extension /opt/stack/cinder/cinder/api/extensions.py:205}}
Jun 27 17:44:36 ubuntu devstack@c-api.service[114286]: DEBUG cinder.api.extensions [-] Ext name: VolumeManage {{(pid=114286) _check_extension /opt/stack/cinder/cinder/api/extensions.py:179}}
Jun 27 17:44:36 ubuntu devstack@c-api.service[114286]: DEBUG cinder.api.extensions [-] Ext alias: os-volume-manage {{(pid=114286) _check_extension /opt/stack/cinder/cinder/api/extensions.py:180}}
Jun 27 17:44:36 ubuntu devstack@c-api.service[114286]: DEBUG cinder.api.extensions [-] Ext description: Allows existing backend storage to be 'managed' by Cinder. {{(pid=114286) _check_extension /opt/stack/cinder/cinder/api/extensions.py:181}}
Jun 27 17:44:36 ubuntu devstack@c-api.service[114286]: DEBUG cinder.api.extensions [-] Ext updated: 2014-02-10T00:00:00+00:00 {{(pid=114286) _check_extension /opt/stack/cinder/cinder/api/extensions.py:183}}
Jun 27 17:44:36 ubuntu devstack@c-api.service[114286]: DEBUG cinder.api.extensions [-] Loaded extension: os-volume-manage {{(pid=114286) register /opt/stack/cinder/cinder/api/extensions.py:140}}
Jun 27 17:44:36 ubuntu devstack@c-api.service[114286]: DEBUG cinder.api.extensions [-] Loading extension cinder.api.contrib.extended_snapshot_attributes.Extended_snapshot_attributes {{(pid=114286) load_extension /opt/stack/cinder/cinder/api/extensions.py:199}}
Jun 27 17:44:36 ubuntu devstack@c-api.service[114286]: DEBUG cinder.api.extensions [-] Calling extension factory cinder.api.contrib.extended_snapshot_attributes.Extended_snapshot_attributes {{(pid=114286) load_extension /opt/stack/cinder/cinder/api/extensions.py:205}}
Jun 27 17:44:36 ubuntu devstack@c-api.service[114286]: DEBUG cinder.api.extensions [-] Ext name: ExtendedSnapshotAttributes {{(pid=114286) _check_extension /opt/stack/cinder/cinder/api/extensions.py:179}}
Jun 27 17:44:36 ubuntu devstack@c-api.service[114286]: DEBUG cinder.api.extensions [-] Ext alias: os-extended-snapshot-attributes {{(pid=114286) _check_extension /opt/stack/cinder/cinder/api/extensions.py:180}}
Jun 27 17:44:36 ubuntu devstack@c-api.service[114286]: DEBUG cinder.api.extensions [-] Ext description: Extended SnapshotAttributes support. {{(pid=114286) _check_extension /opt/stack/cinder/cinder/api/extensions.py:181}}
Jun 27 17:44:36 ubuntu devstack@c-api.service[114286]: DEBUG cinder.api.extensions [-] Ext updated: 2012-06-19T00:00:00+00:00 {{(pid=114286) _check_extension /opt/stack/cinder/cinder/api/extensions.py:183}}
Jun 27 17:44:36 ubuntu devstack@c-api.service[114286]: DEBUG cinder.api.extensions [-] Loaded extension: os-extended-snapshot-attributes {{(pid=114286) register /opt/stack/cinder/cinder/api/extensions.py:140}}
Jun 27 17:44:36 ubuntu devstack@c-api.service[114286]: DEBUG cinder.api.extensions [-] Loading extension cinder.api.contrib.availability_zones.Availability_zones {{(pid=114286) load_extension /opt/stack/cinder/cinder/api/extensions.py:199}}
Jun 27 17:44:36 ubuntu devstack@c-api.service[114286]: DEBUG cinder.api.extensions [-] Calling extension factory cinder.api.contrib.availability_zones.Availability_zones {{(pid=114286) load_extension /opt/stack/cinder/cinder/api/extensions.py:205}}
Jun 27 17:44:36 ubuntu devstack@c-api.service[114286]: DEBUG cinder.api.extensions [-] Ext name: AvailabilityZones {{(pid=114286) _check_extension /opt/stack/cinder/cinder/api/extensions.py:179}}
Jun 27 17:44:36 ubuntu devstack@c-api.service[114286]: DEBUG cinder.api.extensions [-] Ext alias: os-availability-zone {{(pid=114286) _check_extension /opt/stack/cinder/cinder/api/extensions.py:180}}
Jun 27 17:44:36 ubuntu devstack@c-api.service[114286]: DEBUG cinder.api.extensions [-] Ext description: Describe Availability Zones. {{(pid=114286) _check_extension /opt/stack/cinder/cinder/api/extensions.py:181}}
Jun 27 17:44:36 ubuntu devstack@c-api.service[114286]: DEBUG cinder.api.extensions [-] Ext updated: 2013-06-27T00:00:00+00:00 {{(pid=114286) _check_extension /opt/stack/cinder/cinder/api/extensions.py:183}}
Jun 27 17:44:36 ubuntu devstack@c-api.service[114286]: DEBUG cinder.api.extensions [-] Loaded extension: os-availability-zone {{(pid=114286) register /opt/stack/cinder/cinder/api/extensions.py:140}}
Jun 27 17:44:36 ubuntu devstack@c-api.service[114286]: DEBUG cinder.api.extensions [-] Loading extension cinder.api.contrib.scheduler_hints.Scheduler_hints {{(pid=114286) load_extension /opt/stack/cinder/cinder/api/extensions.py:199}}
Jun 27 17:44:36 ubuntu devstack@c-api.service[114286]: DEBUG cinder.api.extensions [-] Calling extension factory cinder.api.contrib.scheduler_hints.Scheduler_hints {{(pid=114286) load_extension /opt/stack/cinder/cinder/api/extensions.py:205}}
Jun 27 17:44:36 ubuntu devstack@c-api.service[114286]: DEBUG cinder.api.extensions [-] Ext name: SchedulerHints {{(pid=114286) _check_extension /opt/stack/cinder/cinder/api/extensions.py:179}}
Jun 27 17:44:36 ubuntu devstack@c-api.service[114286]: DEBUG cinder.api.extensions [-] Ext alias: OS-SCH-HNT {{(pid=114286) _check_extension /opt/stack/cinder/cinder/api/extensions.py:180}}
Jun 27 17:44:36 ubuntu devstack@c-api.service[114286]: DEBUG cinder.api.extensions [-] Ext description: Pass arbitrary key/value pairs to the scheduler. {{(pid=114286) _check_extension /opt/stack/cinder/cinder/api/extensions.py:181}}
Jun 27 17:44:36 ubuntu devstack@c-api.service[114286]: DEBUG cinder.api.extensions [-] Ext updated: 2013-04-18T00:00:00+00:00 {{(pid=114286) _check_extension /opt/stack/cinder/cinder/api/extensions.py:183}}
Jun 27 17:44:36 ubuntu devstack@c-api.service[114286]: DEBUG cinder.api.extensions [-] Loaded extension: OS-SCH-HNT {{(pid=114286) register /opt/stack/cinder/cinder/api/extensions.py:140}}
Jun 27 17:44:36 ubuntu devstack@c-api.service[114286]: DEBUG cinder.api.extensions [-] Loading extension cinder.api.contrib.volume_host_attribute.Volume_host_attribute {{(pid=114286) load_extension /opt/stack/cinder/cinder/api/extensions.py:199}}
Jun 27 17:44:36 ubuntu devstack@c-api.service[114286]: DEBUG cinder.api.extensions [-] Calling extension factory cinder.api.contrib.volume_host_attribute.Volume_host_attribute {{(pid=114286) load_extension /opt/stack/cinder/cinder/api/extensions.py:205}}
Jun 27 17:44:36 ubuntu devstack@c-api.service[114286]: DEBUG cinder.api.extensions [-] Ext name: VolumeHostAttribute {{(pid=114286) _check_extension /opt/stack/cinder/cinder/api/extensions.py:179}}
Jun 27 17:44:36 ubuntu devstack@c-api.service[114286]: DEBUG cinder.api.extensions [-] Ext alias: os-vol-host-attr {{(pid=114286) _check_extension /opt/stack/cinder/cinder/api/extensions.py:180}}
Jun 27 17:44:36 ubuntu devstack@c-api.service[114286]: DEBUG cinder.api.extensions [-] Ext description: Expose host as an attribute of a volume. {{(pid=114286) _check_extension /opt/stack/cinder/cinder/api/extensions.py:181}}
Jun 27 17:44:36 ubuntu devstack@c-api.service[114286]: DEBUG cinder.api.extensions [-] Ext updated: 2011-11-03T00:00:00+00:00 {{(pid=114286) _check_extension /opt/stack/cinder/cinder/api/extensions.py:183}}
Jun 27 17:44:36 ubuntu devstack@c-api.service[114286]: DEBUG cinder.api.extensions [-] Loaded extension: os-vol-host-attr {{(pid=114286) register /opt/stack/cinder/cinder/api/extensions.py:140}}
Jun 27 17:44:36 ubuntu devstack@c-api.service[114287]: INFO dbcounter [None req-19eec185-39f7-4cd8-bee5-6209ef102eb2 None None] Registered counter for database cinder
Jun 27 17:44:36 ubuntu devstack@c-api.service[114287]: DEBUG oslo_db.sqlalchemy.engines [None req-19eec185-39f7-4cd8-bee5-6209ef102eb2 None None] MySQL server mode set to STRICT_TRANS_TABLES,STRICT_ALL_TABLES,NO_ZERO_IN_DATE,NO_ZERO_DATE,ERROR_FOR_DIVISION_BY_ZERO,TRADITIONAL,NO_ENGINE_SUBSTITUTION {{(pid=114287) _check_effective_sql_mode /opt/stack/data/venv/lib/python3.10/site-packages/oslo_db/sqlalchemy/engines.py:342}}
Jun 27 17:44:36 ubuntu devstack@c-api.service[114286]: INFO dbcounter [None req-9aacd625-d895-46fc-a4c3-1a633c9d44da None None] Registered counter for database cinder
Jun 27 17:44:36 ubuntu devstack@c-api.service[114286]: DEBUG oslo_db.sqlalchemy.engines [None req-9aacd625-d895-46fc-a4c3-1a633c9d44da None None] MySQL server mode set to STRICT_TRANS_TABLES,STRICT_ALL_TABLES,NO_ZERO_IN_DATE,NO_ZERO_DATE,ERROR_FOR_DIVISION_BY_ZERO,TRADITIONAL,NO_ENGINE_SUBSTITUTION {{(pid=114286) _check_effective_sql_mode /opt/stack/data/venv/lib/python3.10/site-packages/oslo_db/sqlalchemy/engines.py:342}}
Jun 27 17:44:37 ubuntu devstack@c-api.service[114287]: DEBUG dbcounter [-] [114287] Writer thread running {{(pid=114287) stat_writer /opt/stack/data/venv/lib/python3.10/site-packages/dbcounter.py:102}}
Jun 27 17:44:37 ubuntu devstack@c-api.service[114287]: INFO cinder.rpc [None req-19eec185-39f7-4cd8-bee5-6209ef102eb2 None None] Automatically selected cinder-scheduler objects version 1.39 as minimum service version.
Jun 27 17:44:37 ubuntu devstack@c-api.service[114287]: INFO cinder.rpc [None req-19eec185-39f7-4cd8-bee5-6209ef102eb2 None None] Automatically selected cinder-scheduler RPC version 3.12 as minimum service version.
Jun 27 17:44:37 ubuntu devstack@c-api.service[114287]: INFO cinder.rpc [None req-19eec185-39f7-4cd8-bee5-6209ef102eb2 None None] Automatically selected cinder-volume objects version 1.39 as minimum service version.
Jun 27 17:44:37 ubuntu devstack@c-api.service[114287]: INFO cinder.rpc [None req-19eec185-39f7-4cd8-bee5-6209ef102eb2 None None] Automatically selected cinder-volume RPC version 3.19 as minimum service version.
Jun 27 17:44:37 ubuntu devstack@c-api.service[114287]: WARNING stevedore.named [None req-19eec185-39f7-4cd8-bee5-6209ef102eb2 None None] Could not load cinder.keymgr.conf_key_mgr.ConfKeyManager
Jun 27 17:44:37 ubuntu devstack@c-api.service[114287]: WARNING castellan.key_manager [None req-19eec185-39f7-4cd8-bee5-6209ef102eb2 None None] Deprecation Warning : cinder.keymgr.conf_key_mgr.ConfKeyManager is not a stevedore based driver, trying to load it as a class: stevedore.exception.NoMatches: No 'castellan.drivers' driver found, looking for 'cinder.keymgr.conf_key_mgr.ConfKeyManager'
Jun 27 17:44:37 ubuntu devstack@c-api.service[114287]: WARNING cinder.keymgr.conf_key_mgr [None req-19eec185-39f7-4cd8-bee5-6209ef102eb2 None None] This key manager is insecure and is not recommended for production deployments: stevedore.exception.NoMatches: No 'castellan.drivers' driver found, looking for 'cinder.keymgr.conf_key_mgr.ConfKeyManager'
Jun 27 17:44:37 ubuntu devstack@c-api.service[114287]: DEBUG oslo_db.sqlalchemy.engines [None req-19eec185-39f7-4cd8-bee5-6209ef102eb2 None None] MySQL server mode set to STRICT_TRANS_TABLES,STRICT_ALL_TABLES,NO_ZERO_IN_DATE,NO_ZERO_DATE,ERROR_FOR_DIVISION_BY_ZERO,TRADITIONAL,NO_ENGINE_SUBSTITUTION {{(pid=114287) _check_effective_sql_mode /opt/stack/data/venv/lib/python3.10/site-packages/oslo_db/sqlalchemy/engines.py:342}}
Jun 27 17:44:37 ubuntu devstack@c-api.service[114287]: INFO cinder.rpc [None req-19eec185-39f7-4cd8-bee5-6209ef102eb2 None None] Automatically selected cinder-backup objects version 1.39 as minimum service version.
Jun 27 17:44:37 ubuntu devstack@c-api.service[114287]: INFO cinder.rpc [None req-19eec185-39f7-4cd8-bee5-6209ef102eb2 None None] Automatically selected cinder-backup RPC version 2.4 as minimum service version.
Jun 27 17:44:37 ubuntu devstack@c-api.service[114287]: WARNING stevedore.named [None req-19eec185-39f7-4cd8-bee5-6209ef102eb2 None None] Could not load cinder.keymgr.conf_key_mgr.ConfKeyManager
Jun 27 17:44:37 ubuntu devstack@c-api.service[114287]: WARNING castellan.key_manager [None req-19eec185-39f7-4cd8-bee5-6209ef102eb2 None None] Deprecation Warning : cinder.keymgr.conf_key_mgr.ConfKeyManager is not a stevedore based driver, trying to load it as a class: stevedore.exception.NoMatches: No 'castellan.drivers' driver found, looking for 'cinder.keymgr.conf_key_mgr.ConfKeyManager'
Jun 27 17:44:37 ubuntu devstack@c-api.service[114287]: WARNING stevedore.named [None req-19eec185-39f7-4cd8-bee5-6209ef102eb2 None None] Could not load cinder.keymgr.conf_key_mgr.ConfKeyManager
Jun 27 17:44:37 ubuntu devstack@c-api.service[114287]: WARNING castellan.key_manager [None req-19eec185-39f7-4cd8-bee5-6209ef102eb2 None None] Deprecation Warning : cinder.keymgr.conf_key_mgr.ConfKeyManager is not a stevedore based driver, trying to load it as a class: stevedore.exception.NoMatches: No 'castellan.drivers' driver found, looking for 'cinder.keymgr.conf_key_mgr.ConfKeyManager'
Jun 27 17:44:37 ubuntu devstack@c-api.service[114287]: WARNING stevedore.named [None req-19eec185-39f7-4cd8-bee5-6209ef102eb2 None None] Could not load cinder.keymgr.conf_key_mgr.ConfKeyManager
Jun 27 17:44:37 ubuntu devstack@c-api.service[114287]: WARNING castellan.key_manager [None req-19eec185-39f7-4cd8-bee5-6209ef102eb2 None None] Deprecation Warning : cinder.keymgr.conf_key_mgr.ConfKeyManager is not a stevedore based driver, trying to load it as a class: stevedore.exception.NoMatches: No 'castellan.drivers' driver found, looking for 'cinder.keymgr.conf_key_mgr.ConfKeyManager'
Jun 27 17:44:37 ubuntu devstack@c-api.service[114287]: WARNING stevedore.named [None req-19eec185-39f7-4cd8-bee5-6209ef102eb2 None None] Could not load cinder.keymgr.conf_key_mgr.ConfKeyManager
Jun 27 17:44:37 ubuntu devstack@c-api.service[114287]: WARNING castellan.key_manager [None req-19eec185-39f7-4cd8-bee5-6209ef102eb2 None None] Deprecation Warning : cinder.keymgr.conf_key_mgr.ConfKeyManager is not a stevedore based driver, trying to load it as a class: stevedore.exception.NoMatches: No 'castellan.drivers' driver found, looking for 'cinder.keymgr.conf_key_mgr.ConfKeyManager'
Jun 27 17:44:37 ubuntu devstack@c-api.service[114287]: WARNING stevedore.named [None req-19eec185-39f7-4cd8-bee5-6209ef102eb2 None None] Could not load cinder.keymgr.conf_key_mgr.ConfKeyManager
Jun 27 17:44:37 ubuntu devstack@c-api.service[114287]: WARNING castellan.key_manager [None req-19eec185-39f7-4cd8-bee5-6209ef102eb2 None None] Deprecation Warning : cinder.keymgr.conf_key_mgr.ConfKeyManager is not a stevedore based driver, trying to load it as a class: stevedore.exception.NoMatches: No 'castellan.drivers' driver found, looking for 'cinder.keymgr.conf_key_mgr.ConfKeyManager'
Jun 27 17:44:37 ubuntu devstack@c-api.service[114287]: WARNING stevedore.named [None req-19eec185-39f7-4cd8-bee5-6209ef102eb2 None None] Could not load cinder.keymgr.conf_key_mgr.ConfKeyManager
Jun 27 17:44:37 ubuntu devstack@c-api.service[114287]: WARNING castellan.key_manager [None req-19eec185-39f7-4cd8-bee5-6209ef102eb2 None None] Deprecation Warning : cinder.keymgr.conf_key_mgr.ConfKeyManager is not a stevedore based driver, trying to load it as a class: stevedore.exception.NoMatches: No 'castellan.drivers' driver found, looking for 'cinder.keymgr.conf_key_mgr.ConfKeyManager'
Jun 27 17:44:37 ubuntu devstack@c-api.service[114287]: WARNING stevedore.named [None req-19eec185-39f7-4cd8-bee5-6209ef102eb2 None None] Could not load cinder.keymgr.conf_key_mgr.ConfKeyManager
Jun 27 17:44:37 ubuntu devstack@c-api.service[114287]: WARNING castellan.key_manager [None req-19eec185-39f7-4cd8-bee5-6209ef102eb2 None None] Deprecation Warning : cinder.keymgr.conf_key_mgr.ConfKeyManager is not a stevedore based driver, trying to load it as a class: stevedore.exception.NoMatches: No 'castellan.drivers' driver found, looking for 'cinder.keymgr.conf_key_mgr.ConfKeyManager'
Jun 27 17:44:37 ubuntu devstack@c-api.service[114287]: WARNING stevedore.named [None req-19eec185-39f7-4cd8-bee5-6209ef102eb2 None None] Could not load cinder.keymgr.conf_key_mgr.ConfKeyManager
Jun 27 17:44:37 ubuntu devstack@c-api.service[114287]: WARNING castellan.key_manager [None req-19eec185-39f7-4cd8-bee5-6209ef102eb2 None None] Deprecation Warning : cinder.keymgr.conf_key_mgr.ConfKeyManager is not a stevedore based driver, trying to load it as a class: stevedore.exception.NoMatches: No 'castellan.drivers' driver found, looking for 'cinder.keymgr.conf_key_mgr.ConfKeyManager'
Jun 27 17:44:37 ubuntu devstack@c-api.service[114287]: WARNING stevedore.named [None req-19eec185-39f7-4cd8-bee5-6209ef102eb2 None None] Could not load cinder.keymgr.conf_key_mgr.ConfKeyManager
Jun 27 17:44:37 ubuntu devstack@c-api.service[114287]: WARNING castellan.key_manager [None req-19eec185-39f7-4cd8-bee5-6209ef102eb2 None None] Deprecation Warning : cinder.keymgr.conf_key_mgr.ConfKeyManager is not a stevedore based driver, trying to load it as a class: stevedore.exception.NoMatches: No 'castellan.drivers' driver found, looking for 'cinder.keymgr.conf_key_mgr.ConfKeyManager'
Jun 27 17:44:37 ubuntu devstack@c-api.service[114287]: WARNING stevedore.named [None req-19eec185-39f7-4cd8-bee5-6209ef102eb2 None None] Could not load cinder.keymgr.conf_key_mgr.ConfKeyManager
Jun 27 17:44:37 ubuntu devstack@c-api.service[114287]: WARNING castellan.key_manager [None req-19eec185-39f7-4cd8-bee5-6209ef102eb2 None None] Deprecation Warning : cinder.keymgr.conf_key_mgr.ConfKeyManager is not a stevedore based driver, trying to load it as a class: stevedore.exception.NoMatches: No 'castellan.drivers' driver found, looking for 'cinder.keymgr.conf_key_mgr.ConfKeyManager'
Jun 27 17:44:37 ubuntu devstack@c-api.service[114287]: WARNING stevedore.named [None req-19eec185-39f7-4cd8-bee5-6209ef102eb2 None None] Could not load cinder.keymgr.conf_key_mgr.ConfKeyManager
Jun 27 17:44:37 ubuntu devstack@c-api.service[114287]: WARNING castellan.key_manager [None req-19eec185-39f7-4cd8-bee5-6209ef102eb2 None None] Deprecation Warning : cinder.keymgr.conf_key_mgr.ConfKeyManager is not a stevedore based driver, trying to load it as a class: stevedore.exception.NoMatches: No 'castellan.drivers' driver found, looking for 'cinder.keymgr.conf_key_mgr.ConfKeyManager'
Jun 27 17:44:37 ubuntu devstack@c-api.service[114287]: WARNING stevedore.named [None req-19eec185-39f7-4cd8-bee5-6209ef102eb2 None None] Could not load cinder.keymgr.conf_key_mgr.ConfKeyManager
Jun 27 17:44:37 ubuntu devstack@c-api.service[114287]: WARNING castellan.key_manager [None req-19eec185-39f7-4cd8-bee5-6209ef102eb2 None None] Deprecation Warning : cinder.keymgr.conf_key_mgr.ConfKeyManager is not a stevedore based driver, trying to load it as a class: stevedore.exception.NoMatches: No 'castellan.drivers' driver found, looking for 'cinder.keymgr.conf_key_mgr.ConfKeyManager'
Jun 27 17:44:37 ubuntu devstack@c-api.service[114287]: WARNING stevedore.named [None req-19eec185-39f7-4cd8-bee5-6209ef102eb2 None None] Could not load cinder.keymgr.conf_key_mgr.ConfKeyManager
Jun 27 17:44:37 ubuntu devstack@c-api.service[114287]: WARNING castellan.key_manager [None req-19eec185-39f7-4cd8-bee5-6209ef102eb2 None None] Deprecation Warning : cinder.keymgr.conf_key_mgr.ConfKeyManager is not a stevedore based driver, trying to load it as a class: stevedore.exception.NoMatches: No 'castellan.drivers' driver found, looking for 'cinder.keymgr.conf_key_mgr.ConfKeyManager'
Jun 27 17:44:37 ubuntu devstack@c-api.service[114287]: WARNING stevedore.named [None req-19eec185-39f7-4cd8-bee5-6209ef102eb2 None None] Could not load cinder.keymgr.conf_key_mgr.ConfKeyManager
Jun 27 17:44:37 ubuntu devstack@c-api.service[114287]: WARNING castellan.key_manager [None req-19eec185-39f7-4cd8-bee5-6209ef102eb2 None None] Deprecation Warning : cinder.keymgr.conf_key_mgr.ConfKeyManager is not a stevedore based driver, trying to load it as a class: stevedore.exception.NoMatches: No 'castellan.drivers' driver found, looking for 'cinder.keymgr.conf_key_mgr.ConfKeyManager'
Jun 27 17:44:37 ubuntu devstack@c-api.service[114286]: DEBUG dbcounter [-] [114286] Writer thread running {{(pid=114286) stat_writer /opt/stack/data/venv/lib/python3.10/site-packages/dbcounter.py:102}}
Jun 27 17:44:37 ubuntu devstack@c-api.service[114286]: INFO cinder.rpc [None req-9aacd625-d895-46fc-a4c3-1a633c9d44da None None] Automatically selected cinder-scheduler objects version 1.39 as minimum service version.
Jun 27 17:44:37 ubuntu devstack@c-api.service[114287]: WARNING stevedore.named [None req-19eec185-39f7-4cd8-bee5-6209ef102eb2 None None] Could not load cinder.keymgr.conf_key_mgr.ConfKeyManager
Jun 27 17:44:37 ubuntu devstack@c-api.service[114287]: WARNING castellan.key_manager [None req-19eec185-39f7-4cd8-bee5-6209ef102eb2 None None] Deprecation Warning : cinder.keymgr.conf_key_mgr.ConfKeyManager is not a stevedore based driver, trying to load it as a class: stevedore.exception.NoMatches: No 'castellan.drivers' driver found, looking for 'cinder.keymgr.conf_key_mgr.ConfKeyManager'
Jun 27 17:44:37 ubuntu devstack@c-api.service[114287]: WARNING stevedore.named [None req-19eec185-39f7-4cd8-bee5-6209ef102eb2 None None] Could not load cinder.keymgr.conf_key_mgr.ConfKeyManager
Jun 27 17:44:37 ubuntu devstack@c-api.service[114287]: WARNING castellan.key_manager [None req-19eec185-39f7-4cd8-bee5-6209ef102eb2 None None] Deprecation Warning : cinder.keymgr.conf_key_mgr.ConfKeyManager is not a stevedore based driver, trying to load it as a class: stevedore.exception.NoMatches: No 'castellan.drivers' driver found, looking for 'cinder.keymgr.conf_key_mgr.ConfKeyManager'
Jun 27 17:44:37 ubuntu devstack@c-api.service[114287]: WARNING stevedore.named [None req-19eec185-39f7-4cd8-bee5-6209ef102eb2 None None] Could not load cinder.keymgr.conf_key_mgr.ConfKeyManager
Jun 27 17:44:37 ubuntu devstack@c-api.service[114287]: WARNING castellan.key_manager [None req-19eec185-39f7-4cd8-bee5-6209ef102eb2 None None] Deprecation Warning : cinder.keymgr.conf_key_mgr.ConfKeyManager is not a stevedore based driver, trying to load it as a class: stevedore.exception.NoMatches: No 'castellan.drivers' driver found, looking for 'cinder.keymgr.conf_key_mgr.ConfKeyManager'
Jun 27 17:44:37 ubuntu devstack@c-api.service[114287]: WARNING stevedore.named [None req-19eec185-39f7-4cd8-bee5-6209ef102eb2 None None] Could not load cinder.keymgr.conf_key_mgr.ConfKeyManager
Jun 27 17:44:37 ubuntu devstack@c-api.service[114287]: WARNING castellan.key_manager [None req-19eec185-39f7-4cd8-bee5-6209ef102eb2 None None] Deprecation Warning : cinder.keymgr.conf_key_mgr.ConfKeyManager is not a stevedore based driver, trying to load it as a class: stevedore.exception.NoMatches: No 'castellan.drivers' driver found, looking for 'cinder.keymgr.conf_key_mgr.ConfKeyManager'
Jun 27 17:44:37 ubuntu devstack@c-api.service[114286]: INFO cinder.rpc [None req-9aacd625-d895-46fc-a4c3-1a633c9d44da None None] Automatically selected cinder-scheduler RPC version 3.12 as minimum service version.
Jun 27 17:44:37 ubuntu devstack@c-api.service[114287]: WARNING stevedore.named [None req-19eec185-39f7-4cd8-bee5-6209ef102eb2 None None] Could not load cinder.keymgr.conf_key_mgr.ConfKeyManager
Jun 27 17:44:37 ubuntu devstack@c-api.service[114287]: WARNING castellan.key_manager [None req-19eec185-39f7-4cd8-bee5-6209ef102eb2 None None] Deprecation Warning : cinder.keymgr.conf_key_mgr.ConfKeyManager is not a stevedore based driver, trying to load it as a class: stevedore.exception.NoMatches: No 'castellan.drivers' driver found, looking for 'cinder.keymgr.conf_key_mgr.ConfKeyManager'
Jun 27 17:44:37 ubuntu devstack@c-api.service[114287]: WARNING stevedore.named [None req-19eec185-39f7-4cd8-bee5-6209ef102eb2 None None] Could not load cinder.keymgr.conf_key_mgr.ConfKeyManager
Jun 27 17:44:37 ubuntu devstack@c-api.service[114287]: WARNING castellan.key_manager [None req-19eec185-39f7-4cd8-bee5-6209ef102eb2 None None] Deprecation Warning : cinder.keymgr.conf_key_mgr.ConfKeyManager is not a stevedore based driver, trying to load it as a class: stevedore.exception.NoMatches: No 'castellan.drivers' driver found, looking for 'cinder.keymgr.conf_key_mgr.ConfKeyManager'
Jun 27 17:44:37 ubuntu devstack@c-api.service[114287]: WARNING stevedore.named [None req-19eec185-39f7-4cd8-bee5-6209ef102eb2 None None] Could not load cinder.keymgr.conf_key_mgr.ConfKeyManager
Jun 27 17:44:37 ubuntu devstack@c-api.service[114287]: WARNING castellan.key_manager [None req-19eec185-39f7-4cd8-bee5-6209ef102eb2 None None] Deprecation Warning : cinder.keymgr.conf_key_mgr.ConfKeyManager is not a stevedore based driver, trying to load it as a class: stevedore.exception.NoMatches: No 'castellan.drivers' driver found, looking for 'cinder.keymgr.conf_key_mgr.ConfKeyManager'
Jun 27 17:44:37 ubuntu devstack@c-api.service[114287]: WARNING stevedore.named [None req-19eec185-39f7-4cd8-bee5-6209ef102eb2 None None] Could not load cinder.keymgr.conf_key_mgr.ConfKeyManager
Jun 27 17:44:37 ubuntu devstack@c-api.service[114287]: WARNING castellan.key_manager [None req-19eec185-39f7-4cd8-bee5-6209ef102eb2 None None] Deprecation Warning : cinder.keymgr.conf_key_mgr.ConfKeyManager is not a stevedore based driver, trying to load it as a class: stevedore.exception.NoMatches: No 'castellan.drivers' driver found, looking for 'cinder.keymgr.conf_key_mgr.ConfKeyManager'
Jun 27 17:44:37 ubuntu devstack@c-api.service[114286]: INFO cinder.rpc [None req-9aacd625-d895-46fc-a4c3-1a633c9d44da None None] Automatically selected cinder-volume objects version 1.39 as minimum service version.
Jun 27 17:44:37 ubuntu devstack@c-api.service[114287]: WARNING cinder.api.contrib.hosts [None req-19eec185-39f7-4cd8-bee5-6209ef102eb2 None None] Deprecated: The Host API is deprecated and will be be removed in a future version.
Jun 27 17:44:37 ubuntu devstack@c-api.service[114287]: WARNING stevedore.named [None req-19eec185-39f7-4cd8-bee5-6209ef102eb2 None None] Could not load cinder.keymgr.conf_key_mgr.ConfKeyManager
Jun 27 17:44:37 ubuntu devstack@c-api.service[114287]: WARNING castellan.key_manager [None req-19eec185-39f7-4cd8-bee5-6209ef102eb2 None None] Deprecation Warning : cinder.keymgr.conf_key_mgr.ConfKeyManager is not a stevedore based driver, trying to load it as a class: stevedore.exception.NoMatches: No 'castellan.drivers' driver found, looking for 'cinder.keymgr.conf_key_mgr.ConfKeyManager'
Jun 27 17:44:37 ubuntu devstack@c-api.service[114287]: WARNING stevedore.named [None req-19eec185-39f7-4cd8-bee5-6209ef102eb2 None None] Could not load cinder.keymgr.conf_key_mgr.ConfKeyManager
Jun 27 17:44:37 ubuntu devstack@c-api.service[114287]: WARNING castellan.key_manager [None req-19eec185-39f7-4cd8-bee5-6209ef102eb2 None None] Deprecation Warning : cinder.keymgr.conf_key_mgr.ConfKeyManager is not a stevedore based driver, trying to load it as a class: stevedore.exception.NoMatches: No 'castellan.drivers' driver found, looking for 'cinder.keymgr.conf_key_mgr.ConfKeyManager'
Jun 27 17:44:37 ubuntu devstack@c-api.service[114287]: DEBUG cinder.api.openstack [None req-19eec185-39f7-4cd8-bee5-6209ef102eb2 None None] Extended resource: extensions {{(pid=114287) _setup_ext_routes /opt/stack/cinder/cinder/api/openstack/__init__.py:129}}
Jun 27 17:44:37 ubuntu devstack@c-api.service[114286]: INFO cinder.rpc [None req-9aacd625-d895-46fc-a4c3-1a633c9d44da None None] Automatically selected cinder-volume RPC version 3.19 as minimum service version.
Jun 27 17:44:37 ubuntu devstack@c-api.service[114287]: DEBUG cinder.api.openstack [None req-19eec185-39f7-4cd8-bee5-6209ef102eb2 None None] Extended resource: extra_specs {{(pid=114287) _setup_ext_routes /opt/stack/cinder/cinder/api/openstack/__init__.py:129}}
Jun 27 17:44:37 ubuntu devstack@c-api.service[114286]: WARNING stevedore.named [None req-9aacd625-d895-46fc-a4c3-1a633c9d44da None None] Could not load cinder.keymgr.conf_key_mgr.ConfKeyManager
Jun 27 17:44:37 ubuntu devstack@c-api.service[114286]: WARNING castellan.key_manager [None req-9aacd625-d895-46fc-a4c3-1a633c9d44da None None] Deprecation Warning : cinder.keymgr.conf_key_mgr.ConfKeyManager is not a stevedore based driver, trying to load it as a class: stevedore.exception.NoMatches: No 'castellan.drivers' driver found, looking for 'cinder.keymgr.conf_key_mgr.ConfKeyManager'
Jun 27 17:44:37 ubuntu devstack@c-api.service[114287]: DEBUG cinder.api.openstack [None req-19eec185-39f7-4cd8-bee5-6209ef102eb2 None None] Extended resource: encryption {{(pid=114287) _setup_ext_routes /opt/stack/cinder/cinder/api/openstack/__init__.py:129}}
Jun 27 17:44:37 ubuntu devstack@c-api.service[114287]: DEBUG cinder.api.openstack [None req-19eec185-39f7-4cd8-bee5-6209ef102eb2 None None] Extended resource: cgsnapshots {{(pid=114287) _setup_ext_routes /opt/stack/cinder/cinder/api/openstack/__init__.py:129}}
Jun 27 17:44:37 ubuntu devstack@c-api.service[114287]: DEBUG cinder.api.openstack [None req-19eec185-39f7-4cd8-bee5-6209ef102eb2 None None] Extended resource: capabilities {{(pid=114287) _setup_ext_routes /opt/stack/cinder/cinder/api/openstack/__init__.py:129}}
Jun 27 17:44:37 ubuntu devstack@c-api.service[114286]: WARNING cinder.keymgr.conf_key_mgr [None req-9aacd625-d895-46fc-a4c3-1a633c9d44da None None] This key manager is insecure and is not recommended for production deployments: stevedore.exception.NoMatches: No 'castellan.drivers' driver found, looking for 'cinder.keymgr.conf_key_mgr.ConfKeyManager'
Jun 27 17:44:37 ubuntu devstack@c-api.service[114287]: DEBUG cinder.api.openstack [None req-19eec185-39f7-4cd8-bee5-6209ef102eb2 None None] Extended resource: consistencygroups {{(pid=114287) _setup_ext_routes /opt/stack/cinder/cinder/api/openstack/__init__.py:129}}
Jun 27 17:44:37 ubuntu devstack@c-api.service[114287]: DEBUG cinder.api.openstack [None req-19eec185-39f7-4cd8-bee5-6209ef102eb2 None None] Extended resource: os-services {{(pid=114287) _setup_ext_routes /opt/stack/cinder/cinder/api/openstack/__init__.py:129}}
Jun 27 17:44:37 ubuntu devstack@c-api.service[114287]: DEBUG cinder.api.openstack [None req-19eec185-39f7-4cd8-bee5-6209ef102eb2 None None] Extended resource: encryption {{(pid=114287) _setup_ext_routes /opt/stack/cinder/cinder/api/openstack/__init__.py:129}}
Jun 27 17:44:37 ubuntu devstack@c-api.service[114286]: DEBUG oslo_db.sqlalchemy.engines [None req-9aacd625-d895-46fc-a4c3-1a633c9d44da None None] MySQL server mode set to STRICT_TRANS_TABLES,STRICT_ALL_TABLES,NO_ZERO_IN_DATE,NO_ZERO_DATE,ERROR_FOR_DIVISION_BY_ZERO,TRADITIONAL,NO_ENGINE_SUBSTITUTION {{(pid=114286) _check_effective_sql_mode /opt/stack/data/venv/lib/python3.10/site-packages/oslo_db/sqlalchemy/engines.py:342}}
Jun 27 17:44:37 ubuntu devstack@c-api.service[114287]: DEBUG cinder.api.openstack [None req-19eec185-39f7-4cd8-bee5-6209ef102eb2 None None] Extended resource: os-quota-sets {{(pid=114287) _setup_ext_routes /opt/stack/cinder/cinder/api/openstack/__init__.py:129}}
Jun 27 17:44:37 ubuntu devstack@c-api.service[114287]: DEBUG cinder.api.openstack [None req-19eec185-39f7-4cd8-bee5-6209ef102eb2 None None] Extended resource: qos-specs {{(pid=114287) _setup_ext_routes /opt/stack/cinder/cinder/api/openstack/__init__.py:129}}
Jun 27 17:44:37 ubuntu devstack@c-api.service[114287]: DEBUG cinder.api.openstack [None req-19eec185-39f7-4cd8-bee5-6209ef102eb2 None None] Extended resource: os-volume-transfer {{(pid=114287) _setup_ext_routes /opt/stack/cinder/cinder/api/openstack/__init__.py:129}}
Jun 27 17:44:37 ubuntu devstack@c-api.service[114286]: INFO cinder.rpc [None req-9aacd625-d895-46fc-a4c3-1a633c9d44da None None] Automatically selected cinder-backup objects version 1.39 as minimum service version.
Jun 27 17:44:37 ubuntu devstack@c-api.service[114287]: DEBUG cinder.api.openstack [None req-19eec185-39f7-4cd8-bee5-6209ef102eb2 None None] Extended resource: os-snapshot-manage {{(pid=114287) _setup_ext_routes /opt/stack/cinder/cinder/api/openstack/__init__.py:129}}
Jun 27 17:44:37 ubuntu devstack@c-api.service[114286]: INFO cinder.rpc [None req-9aacd625-d895-46fc-a4c3-1a633c9d44da None None] Automatically selected cinder-backup RPC version 2.4 as minimum service version.
Jun 27 17:44:37 ubuntu devstack@c-api.service[114286]: WARNING stevedore.named [None req-9aacd625-d895-46fc-a4c3-1a633c9d44da None None] Could not load cinder.keymgr.conf_key_mgr.ConfKeyManager
Jun 27 17:44:37 ubuntu devstack@c-api.service[114286]: WARNING castellan.key_manager [None req-9aacd625-d895-46fc-a4c3-1a633c9d44da None None] Deprecation Warning : cinder.keymgr.conf_key_mgr.ConfKeyManager is not a stevedore based driver, trying to load it as a class: stevedore.exception.NoMatches: No 'castellan.drivers' driver found, looking for 'cinder.keymgr.conf_key_mgr.ConfKeyManager'
Jun 27 17:44:37 ubuntu devstack@c-api.service[114287]: DEBUG cinder.api.openstack [None req-19eec185-39f7-4cd8-bee5-6209ef102eb2 None None] Extended resource: scheduler-stats {{(pid=114287) _setup_ext_routes /opt/stack/cinder/cinder/api/openstack/__init__.py:129}}
Jun 27 17:44:37 ubuntu devstack@c-api.service[114286]: WARNING stevedore.named [None req-9aacd625-d895-46fc-a4c3-1a633c9d44da None None] Could not load cinder.keymgr.conf_key_mgr.ConfKeyManager
Jun 27 17:44:37 ubuntu devstack@c-api.service[114286]: WARNING castellan.key_manager [None req-9aacd625-d895-46fc-a4c3-1a633c9d44da None None] Deprecation Warning : cinder.keymgr.conf_key_mgr.ConfKeyManager is not a stevedore based driver, trying to load it as a class: stevedore.exception.NoMatches: No 'castellan.drivers' driver found, looking for 'cinder.keymgr.conf_key_mgr.ConfKeyManager'
Jun 27 17:44:37 ubuntu devstack@c-api.service[114287]: DEBUG cinder.api.openstack [None req-19eec185-39f7-4cd8-bee5-6209ef102eb2 None None] Extended resource: backups {{(pid=114287) _setup_ext_routes /opt/stack/cinder/cinder/api/openstack/__init__.py:129}}
Jun 27 17:44:37 ubuntu devstack@c-api.service[114286]: WARNING stevedore.named [None req-9aacd625-d895-46fc-a4c3-1a633c9d44da None None] Could not load cinder.keymgr.conf_key_mgr.ConfKeyManager
Jun 27 17:44:37 ubuntu devstack@c-api.service[114286]: WARNING castellan.key_manager [None req-9aacd625-d895-46fc-a4c3-1a633c9d44da None None] Deprecation Warning : cinder.keymgr.conf_key_mgr.ConfKeyManager is not a stevedore based driver, trying to load it as a class: stevedore.exception.NoMatches: No 'castellan.drivers' driver found, looking for 'cinder.keymgr.conf_key_mgr.ConfKeyManager'
Jun 27 17:44:37 ubuntu devstack@c-api.service[114287]: DEBUG cinder.api.openstack [None req-19eec185-39f7-4cd8-bee5-6209ef102eb2 None None] Extended resource: os-volume-type-access {{(pid=114287) _setup_ext_routes /opt/stack/cinder/cinder/api/openstack/__init__.py:129}}
Jun 27 17:44:37 ubuntu devstack@c-api.service[114287]: DEBUG cinder.api.openstack [None req-19eec185-39f7-4cd8-bee5-6209ef102eb2 None None] Extended resource: os-hosts {{(pid=114287) _setup_ext_routes /opt/stack/cinder/cinder/api/openstack/__init__.py:129}}
Jun 27 17:44:37 ubuntu devstack@c-api.service[114287]: DEBUG cinder.api.openstack [None req-19eec185-39f7-4cd8-bee5-6209ef102eb2 None None] Extended resource: os-quota-class-sets {{(pid=114287) _setup_ext_routes /opt/stack/cinder/cinder/api/openstack/__init__.py:129}}
Jun 27 17:44:37 ubuntu devstack@c-api.service[114287]: DEBUG cinder.api.openstack [None req-19eec185-39f7-4cd8-bee5-6209ef102eb2 None None] Extended resource: os-volume-manage {{(pid=114287) _setup_ext_routes /opt/stack/cinder/cinder/api/openstack/__init__.py:129}}
Jun 27 17:44:37 ubuntu devstack@c-api.service[114287]: DEBUG cinder.api.openstack [None req-19eec185-39f7-4cd8-bee5-6209ef102eb2 None None] Extended resource: os-availability-zone {{(pid=114287) _setup_ext_routes /opt/stack/cinder/cinder/api/openstack/__init__.py:129}}
Jun 27 17:44:37 ubuntu devstack@c-api.service[114287]: WARNING stevedore.named [None req-19eec185-39f7-4cd8-bee5-6209ef102eb2 None None] Could not load cinder.keymgr.conf_key_mgr.ConfKeyManager
Jun 27 17:44:37 ubuntu devstack@c-api.service[114287]: WARNING castellan.key_manager [None req-19eec185-39f7-4cd8-bee5-6209ef102eb2 None None] Deprecation Warning : cinder.keymgr.conf_key_mgr.ConfKeyManager is not a stevedore based driver, trying to load it as a class: stevedore.exception.NoMatches: No 'castellan.drivers' driver found, looking for 'cinder.keymgr.conf_key_mgr.ConfKeyManager'
Jun 27 17:44:37 ubuntu devstack@c-api.service[114287]: WARNING stevedore.named [None req-19eec185-39f7-4cd8-bee5-6209ef102eb2 None None] Could not load cinder.keymgr.conf_key_mgr.ConfKeyManager
Jun 27 17:44:37 ubuntu devstack@c-api.service[114287]: WARNING castellan.key_manager [None req-19eec185-39f7-4cd8-bee5-6209ef102eb2 None None] Deprecation Warning : cinder.keymgr.conf_key_mgr.ConfKeyManager is not a stevedore based driver, trying to load it as a class: stevedore.exception.NoMatches: No 'castellan.drivers' driver found, looking for 'cinder.keymgr.conf_key_mgr.ConfKeyManager'
Jun 27 17:44:37 ubuntu devstack@c-api.service[114286]: WARNING stevedore.named [None req-9aacd625-d895-46fc-a4c3-1a633c9d44da None None] Could not load cinder.keymgr.conf_key_mgr.ConfKeyManager
Jun 27 17:44:37 ubuntu devstack@c-api.service[114286]: WARNING castellan.key_manager [None req-9aacd625-d895-46fc-a4c3-1a633c9d44da None None] Deprecation Warning : cinder.keymgr.conf_key_mgr.ConfKeyManager is not a stevedore based driver, trying to load it as a class: stevedore.exception.NoMatches: No 'castellan.drivers' driver found, looking for 'cinder.keymgr.conf_key_mgr.ConfKeyManager'
Jun 27 17:44:37 ubuntu devstack@c-api.service[114287]: WARNING stevedore.named [None req-19eec185-39f7-4cd8-bee5-6209ef102eb2 None None] Could not load cinder.keymgr.conf_key_mgr.ConfKeyManager
Jun 27 17:44:37 ubuntu devstack@c-api.service[114287]: WARNING castellan.key_manager [None req-19eec185-39f7-4cd8-bee5-6209ef102eb2 None None] Deprecation Warning : cinder.keymgr.conf_key_mgr.ConfKeyManager is not a stevedore based driver, trying to load it as a class: stevedore.exception.NoMatches: No 'castellan.drivers' driver found, looking for 'cinder.keymgr.conf_key_mgr.ConfKeyManager'
Jun 27 17:44:37 ubuntu devstack@c-api.service[114287]: WARNING stevedore.named [None req-19eec185-39f7-4cd8-bee5-6209ef102eb2 None None] Could not load cinder.keymgr.conf_key_mgr.ConfKeyManager
Jun 27 17:44:37 ubuntu devstack@c-api.service[114287]: WARNING castellan.key_manager [None req-19eec185-39f7-4cd8-bee5-6209ef102eb2 None None] Deprecation Warning : cinder.keymgr.conf_key_mgr.ConfKeyManager is not a stevedore based driver, trying to load it as a class: stevedore.exception.NoMatches: No 'castellan.drivers' driver found, looking for 'cinder.keymgr.conf_key_mgr.ConfKeyManager'
Jun 27 17:44:37 ubuntu devstack@c-api.service[114287]: WARNING stevedore.named [None req-19eec185-39f7-4cd8-bee5-6209ef102eb2 None None] Could not load cinder.keymgr.conf_key_mgr.ConfKeyManager
Jun 27 17:44:37 ubuntu devstack@c-api.service[114287]: WARNING castellan.key_manager [None req-19eec185-39f7-4cd8-bee5-6209ef102eb2 None None] Deprecation Warning : cinder.keymgr.conf_key_mgr.ConfKeyManager is not a stevedore based driver, trying to load it as a class: stevedore.exception.NoMatches: No 'castellan.drivers' driver found, looking for 'cinder.keymgr.conf_key_mgr.ConfKeyManager'
Jun 27 17:44:37 ubuntu devstack@c-api.service[114286]: WARNING stevedore.named [None req-9aacd625-d895-46fc-a4c3-1a633c9d44da None None] Could not load cinder.keymgr.conf_key_mgr.ConfKeyManager
Jun 27 17:44:37 ubuntu devstack@c-api.service[114286]: WARNING castellan.key_manager [None req-9aacd625-d895-46fc-a4c3-1a633c9d44da None None] Deprecation Warning : cinder.keymgr.conf_key_mgr.ConfKeyManager is not a stevedore based driver, trying to load it as a class: stevedore.exception.NoMatches: No 'castellan.drivers' driver found, looking for 'cinder.keymgr.conf_key_mgr.ConfKeyManager'
Jun 27 17:44:37 ubuntu devstack@c-api.service[114287]: WARNING stevedore.named [None req-19eec185-39f7-4cd8-bee5-6209ef102eb2 None None] Could not load cinder.keymgr.conf_key_mgr.ConfKeyManager
Jun 27 17:44:37 ubuntu devstack@c-api.service[114287]: WARNING castellan.key_manager [None req-19eec185-39f7-4cd8-bee5-6209ef102eb2 None None] Deprecation Warning : cinder.keymgr.conf_key_mgr.ConfKeyManager is not a stevedore based driver, trying to load it as a class: stevedore.exception.NoMatches: No 'castellan.drivers' driver found, looking for 'cinder.keymgr.conf_key_mgr.ConfKeyManager'
Jun 27 17:44:37 ubuntu devstack@c-api.service[114287]: WARNING stevedore.named [None req-19eec185-39f7-4cd8-bee5-6209ef102eb2 None None] Could not load cinder.keymgr.conf_key_mgr.ConfKeyManager
Jun 27 17:44:37 ubuntu devstack@c-api.service[114287]: WARNING castellan.key_manager [None req-19eec185-39f7-4cd8-bee5-6209ef102eb2 None None] Deprecation Warning : cinder.keymgr.conf_key_mgr.ConfKeyManager is not a stevedore based driver, trying to load it as a class: stevedore.exception.NoMatches: No 'castellan.drivers' driver found, looking for 'cinder.keymgr.conf_key_mgr.ConfKeyManager'
Jun 27 17:44:37 ubuntu devstack@c-api.service[114287]: WARNING stevedore.named [None req-19eec185-39f7-4cd8-bee5-6209ef102eb2 None None] Could not load cinder.keymgr.conf_key_mgr.ConfKeyManager
Jun 27 17:44:37 ubuntu devstack@c-api.service[114287]: WARNING castellan.key_manager [None req-19eec185-39f7-4cd8-bee5-6209ef102eb2 None None] Deprecation Warning : cinder.keymgr.conf_key_mgr.ConfKeyManager is not a stevedore based driver, trying to load it as a class: stevedore.exception.NoMatches: No 'castellan.drivers' driver found, looking for 'cinder.keymgr.conf_key_mgr.ConfKeyManager'
Jun 27 17:44:37 ubuntu devstack@c-api.service[114286]: WARNING stevedore.named [None req-9aacd625-d895-46fc-a4c3-1a633c9d44da None None] Could not load cinder.keymgr.conf_key_mgr.ConfKeyManager
Jun 27 17:44:37 ubuntu devstack@c-api.service[114287]: WARNING stevedore.named [None req-19eec185-39f7-4cd8-bee5-6209ef102eb2 None None] Could not load cinder.keymgr.conf_key_mgr.ConfKeyManager
Jun 27 17:44:37 ubuntu devstack@c-api.service[114287]: WARNING castellan.key_manager [None req-19eec185-39f7-4cd8-bee5-6209ef102eb2 None None] Deprecation Warning : cinder.keymgr.conf_key_mgr.ConfKeyManager is not a stevedore based driver, trying to load it as a class: stevedore.exception.NoMatches: No 'castellan.drivers' driver found, looking for 'cinder.keymgr.conf_key_mgr.ConfKeyManager'
Jun 27 17:44:37 ubuntu devstack@c-api.service[114286]: WARNING castellan.key_manager [None req-9aacd625-d895-46fc-a4c3-1a633c9d44da None None] Deprecation Warning : cinder.keymgr.conf_key_mgr.ConfKeyManager is not a stevedore based driver, trying to load it as a class: stevedore.exception.NoMatches: No 'castellan.drivers' driver found, looking for 'cinder.keymgr.conf_key_mgr.ConfKeyManager'
Jun 27 17:44:37 ubuntu devstack@c-api.service[114287]: WARNING stevedore.named [None req-19eec185-39f7-4cd8-bee5-6209ef102eb2 None None] Could not load cinder.keymgr.conf_key_mgr.ConfKeyManager
Jun 27 17:44:37 ubuntu devstack@c-api.service[114287]: WARNING castellan.key_manager [None req-19eec185-39f7-4cd8-bee5-6209ef102eb2 None None] Deprecation Warning : cinder.keymgr.conf_key_mgr.ConfKeyManager is not a stevedore based driver, trying to load it as a class: stevedore.exception.NoMatches: No 'castellan.drivers' driver found, looking for 'cinder.keymgr.conf_key_mgr.ConfKeyManager'
Jun 27 17:44:37 ubuntu devstack@c-api.service[114287]: DEBUG cinder.api.contrib.snapshot_actions [None req-19eec185-39f7-4cd8-bee5-6209ef102eb2 None None] SnapshotActionsController initialized {{(pid=114287) __init__ /opt/stack/cinder/cinder/api/contrib/snapshot_actions.py:33}}
Jun 27 17:44:37 ubuntu devstack@c-api.service[114287]: DEBUG cinder.api.openstack [None req-19eec185-39f7-4cd8-bee5-6209ef102eb2 None None] Extension AdminActions extending resource: volumes {{(pid=114287) _setup_extensions /opt/stack/cinder/cinder/api/openstack/__init__.py:159}}
Jun 27 17:44:37 ubuntu devstack@c-api.service[114287]: DEBUG cinder.api.openstack [None req-19eec185-39f7-4cd8-bee5-6209ef102eb2 None None] Extension AdminActions extending resource: snapshots {{(pid=114287) _setup_extensions /opt/stack/cinder/cinder/api/openstack/__init__.py:159}}
Jun 27 17:44:37 ubuntu devstack@c-api.service[114287]: DEBUG cinder.api.openstack [None req-19eec185-39f7-4cd8-bee5-6209ef102eb2 None None] Extension AdminActions extending resource: backups {{(pid=114287) _setup_extensions /opt/stack/cinder/cinder/api/openstack/__init__.py:159}}
Jun 27 17:44:37 ubuntu devstack@c-api.service[114287]: DEBUG cinder.api.openstack [None req-19eec185-39f7-4cd8-bee5-6209ef102eb2 None None] Extension SnapshotUnmanage extending resource: snapshots {{(pid=114287) _setup_extensions /opt/stack/cinder/cinder/api/openstack/__init__.py:159}}
Jun 27 17:44:37 ubuntu devstack@c-api.service[114287]: DEBUG cinder.api.openstack [None req-19eec185-39f7-4cd8-bee5-6209ef102eb2 None None] Extension VolumeActions extending resource: volumes {{(pid=114287) _setup_extensions /opt/stack/cinder/cinder/api/openstack/__init__.py:159}}
Jun 27 17:44:37 ubuntu devstack@c-api.service[114287]: DEBUG cinder.api.openstack [None req-19eec185-39f7-4cd8-bee5-6209ef102eb2 None None] Extension VolumeTypeEncryption extending resource: types {{(pid=114287) _setup_extensions /opt/stack/cinder/cinder/api/openstack/__init__.py:159}}
Jun 27 17:44:37 ubuntu devstack@c-api.service[114287]: DEBUG cinder.api.openstack [None req-19eec185-39f7-4cd8-bee5-6209ef102eb2 None None] Extension VolumeMigStatusAttribute extending resource: volumes {{(pid=114287) _setup_extensions /opt/stack/cinder/cinder/api/openstack/__init__.py:159}}
Jun 27 17:44:37 ubuntu devstack@c-api.service[114287]: DEBUG cinder.api.openstack [None req-19eec185-39f7-4cd8-bee5-6209ef102eb2 None None] Extension VolumeUnmanage extending resource: volumes {{(pid=114287) _setup_extensions /opt/stack/cinder/cinder/api/openstack/__init__.py:159}}
Jun 27 17:44:37 ubuntu devstack@c-api.service[114286]: WARNING stevedore.named [None req-9aacd625-d895-46fc-a4c3-1a633c9d44da None None] Could not load cinder.keymgr.conf_key_mgr.ConfKeyManager
Jun 27 17:44:37 ubuntu devstack@c-api.service[114286]: WARNING castellan.key_manager [None req-9aacd625-d895-46fc-a4c3-1a633c9d44da None None] Deprecation Warning : cinder.keymgr.conf_key_mgr.ConfKeyManager is not a stevedore based driver, trying to load it as a class: stevedore.exception.NoMatches: No 'castellan.drivers' driver found, looking for 'cinder.keymgr.conf_key_mgr.ConfKeyManager'
Jun 27 17:44:37 ubuntu devstack@c-api.service[114287]: DEBUG cinder.api.openstack [None req-19eec185-39f7-4cd8-bee5-6209ef102eb2 None None] Extension TypesManage extending resource: types {{(pid=114287) _setup_extensions /opt/stack/cinder/cinder/api/openstack/__init__.py:159}}
Jun 27 17:44:37 ubuntu devstack@c-api.service[114287]: DEBUG cinder.api.openstack [None req-19eec185-39f7-4cd8-bee5-6209ef102eb2 None None] Extension VolumeImageMetadata extending resource: volumes {{(pid=114287) _setup_extensions /opt/stack/cinder/cinder/api/openstack/__init__.py:159}}
Jun 27 17:44:37 ubuntu devstack@c-api.service[114287]: DEBUG cinder.api.openstack [None req-19eec185-39f7-4cd8-bee5-6209ef102eb2 None None] Extension UsedLimits extending resource: limits {{(pid=114287) _setup_extensions /opt/stack/cinder/cinder/api/openstack/__init__.py:159}}
Jun 27 17:44:37 ubuntu devstack@c-api.service[114287]: DEBUG cinder.api.openstack [None req-19eec185-39f7-4cd8-bee5-6209ef102eb2 None None] Extension VolumeTypeAccess extending resource: types {{(pid=114287) _setup_extensions /opt/stack/cinder/cinder/api/openstack/__init__.py:159}}
Jun 27 17:44:37 ubuntu devstack@c-api.service[114287]: DEBUG cinder.api.openstack [None req-19eec185-39f7-4cd8-bee5-6209ef102eb2 None None] Extension VolumeTenantAttribute extending resource: volumes {{(pid=114287) _setup_extensions /opt/stack/cinder/cinder/api/openstack/__init__.py:159}}
Jun 27 17:44:37 ubuntu devstack@c-api.service[114287]: DEBUG cinder.api.openstack [None req-19eec185-39f7-4cd8-bee5-6209ef102eb2 None None] Extension SnapshotActions extending resource: snapshots {{(pid=114287) _setup_extensions /opt/stack/cinder/cinder/api/openstack/__init__.py:159}}
Jun 27 17:44:37 ubuntu devstack@c-api.service[114287]: DEBUG cinder.api.openstack [None req-19eec185-39f7-4cd8-bee5-6209ef102eb2 None None] Extension ExtendedSnapshotAttributes extending resource: snapshots {{(pid=114287) _setup_extensions /opt/stack/cinder/cinder/api/openstack/__init__.py:159}}
Jun 27 17:44:37 ubuntu devstack@c-api.service[114287]: DEBUG cinder.api.openstack [None req-19eec185-39f7-4cd8-bee5-6209ef102eb2 None None] Extension VolumeHostAttribute extending resource: volumes {{(pid=114287) _setup_extensions /opt/stack/cinder/cinder/api/openstack/__init__.py:159}}
Jun 27 17:44:37 ubuntu devstack@c-api.service[114286]: WARNING stevedore.named [None req-9aacd625-d895-46fc-a4c3-1a633c9d44da None None] Could not load cinder.keymgr.conf_key_mgr.ConfKeyManager
Jun 27 17:44:37 ubuntu devstack@c-api.service[114286]: WARNING castellan.key_manager [None req-9aacd625-d895-46fc-a4c3-1a633c9d44da None None] Deprecation Warning : cinder.keymgr.conf_key_mgr.ConfKeyManager is not a stevedore based driver, trying to load it as a class: stevedore.exception.NoMatches: No 'castellan.drivers' driver found, looking for 'cinder.keymgr.conf_key_mgr.ConfKeyManager'
