Apr 23 13:15:55 ubuntu devstack@c-api.service[130404]: DEBUG cinder.api.extensions [-] Loading extension cinder.api.contrib.volume_manage.Volume_manage {{(pid=130404) load_extension /opt/stack/cinder/cinder/api/extensions.py:194}}
Apr 23 13:15:55 ubuntu devstack@c-api.service[130404]: DEBUG cinder.api.extensions [-] Calling extension factory cinder.api.contrib.volume_manage.Volume_manage {{(pid=130404) load_extension /opt/stack/cinder/cinder/api/extensions.py:200}}
Apr 23 13:15:55 ubuntu devstack@c-api.service[130404]: DEBUG cinder.api.extensions [-] Ext name: VolumeManage {{(pid=130404) _check_extension /opt/stack/cinder/cinder/api/extensions.py:174}}
Apr 23 13:15:55 ubuntu devstack@c-api.service[130404]: DEBUG cinder.api.extensions [-] Ext alias: os-volume-manage {{(pid=130404) _check_extension /opt/stack/cinder/cinder/api/extensions.py:175}}
Apr 23 13:15:55 ubuntu devstack@c-api.service[130404]: DEBUG cinder.api.extensions [-] Ext description: Allows existing backend storage to be 'managed' by Cinder. {{(pid=130404) _check_extension /opt/stack/cinder/cinder/api/extensions.py:176}}
Apr 23 13:15:55 ubuntu devstack@c-api.service[130404]: DEBUG cinder.api.extensions [-] Ext updated: 2014-02-10T00:00:00+00:00 {{(pid=130404) _check_extension /opt/stack/cinder/cinder/api/extensions.py:178}}
Apr 23 13:15:55 ubuntu devstack@c-api.service[130404]: DEBUG cinder.api.extensions [-] Loaded extension: os-volume-manage {{(pid=130404) register /opt/stack/cinder/cinder/api/extensions.py:135}}
Apr 23 13:15:55 ubuntu devstack@c-api.service[130404]: DEBUG cinder.api.extensions [-] Loading extension cinder.api.contrib.extended_snapshot_attributes.Extended_snapshot_attributes {{(pid=130404) load_extension /opt/stack/cinder/cinder/api/extensions.py:194}}
Apr 23 13:15:55 ubuntu devstack@c-api.service[130404]: DEBUG cinder.api.extensions [-] Calling extension factory cinder.api.contrib.extended_snapshot_attributes.Extended_snapshot_attributes {{(pid=130404) load_extension /opt/stack/cinder/cinder/api/extensions.py:200}}
Apr 23 13:15:55 ubuntu devstack@c-api.service[130404]: DEBUG cinder.api.extensions [-] Ext name: ExtendedSnapshotAttributes {{(pid=130404) _check_extension /opt/stack/cinder/cinder/api/extensions.py:174}}
Apr 23 13:15:55 ubuntu devstack@c-api.service[130404]: DEBUG cinder.api.extensions [-] Ext alias: os-extended-snapshot-attributes {{(pid=130404) _check_extension /opt/stack/cinder/cinder/api/extensions.py:175}}
Apr 23 13:15:55 ubuntu devstack@c-api.service[130404]: DEBUG cinder.api.extensions [-] Ext description: Extended SnapshotAttributes support. {{(pid=130404) _check_extension /opt/stack/cinder/cinder/api/extensions.py:176}}
Apr 23 13:15:55 ubuntu devstack@c-api.service[130404]: DEBUG cinder.api.extensions [-] Ext updated: 2012-06-19T00:00:00+00:00 {{(pid=130404) _check_extension /opt/stack/cinder/cinder/api/extensions.py:178}}
Apr 23 13:15:55 ubuntu devstack@c-api.service[130404]: DEBUG cinder.api.extensions [-] Loaded extension: os-extended-snapshot-attributes {{(pid=130404) register /opt/stack/cinder/cinder/api/extensions.py:135}}
Apr 23 13:15:55 ubuntu devstack@c-api.service[130404]: DEBUG cinder.api.extensions [-] Loading extension cinder.api.contrib.availability_zones.Availability_zones {{(pid=130404) load_extension /opt/stack/cinder/cinder/api/extensions.py:194}}
Apr 23 13:15:55 ubuntu devstack@c-api.service[130404]: DEBUG cinder.api.extensions [-] Calling extension factory cinder.api.contrib.availability_zones.Availability_zones {{(pid=130404) load_extension /opt/stack/cinder/cinder/api/extensions.py:200}}
Apr 23 13:15:55 ubuntu devstack@c-api.service[130404]: DEBUG cinder.api.extensions [-] Ext name: AvailabilityZones {{(pid=130404) _check_extension /opt/stack/cinder/cinder/api/extensions.py:174}}
Apr 23 13:15:55 ubuntu devstack@c-api.service[130404]: DEBUG cinder.api.extensions [-] Ext alias: os-availability-zone {{(pid=130404) _check_extension /opt/stack/cinder/cinder/api/extensions.py:175}}
Apr 23 13:15:55 ubuntu devstack@c-api.service[130404]: DEBUG cinder.api.extensions [-] Ext description: Describe Availability Zones. {{(pid=130404) _check_extension /opt/stack/cinder/cinder/api/extensions.py:176}}
Apr 23 13:15:55 ubuntu devstack@c-api.service[130404]: DEBUG cinder.api.extensions [-] Ext updated: 2013-06-27T00:00:00+00:00 {{(pid=130404) _check_extension /opt/stack/cinder/cinder/api/extensions.py:178}}
Apr 23 13:15:55 ubuntu devstack@c-api.service[130404]: DEBUG cinder.api.extensions [-] Loaded extension: os-availability-zone {{(pid=130404) register /opt/stack/cinder/cinder/api/extensions.py:135}}
Apr 23 13:15:55 ubuntu devstack@c-api.service[130404]: DEBUG cinder.api.extensions [-] Loading extension cinder.api.contrib.scheduler_hints.Scheduler_hints {{(pid=130404) load_extension /opt/stack/cinder/cinder/api/extensions.py:194}}
Apr 23 13:15:55 ubuntu devstack@c-api.service[130404]: DEBUG cinder.api.extensions [-] Calling extension factory cinder.api.contrib.scheduler_hints.Scheduler_hints {{(pid=130404) load_extension /opt/stack/cinder/cinder/api/extensions.py:200}}
Apr 23 13:15:55 ubuntu devstack@c-api.service[130404]: DEBUG cinder.api.extensions [-] Ext name: SchedulerHints {{(pid=130404) _check_extension /opt/stack/cinder/cinder/api/extensions.py:174}}
Apr 23 13:15:55 ubuntu devstack@c-api.service[130404]: DEBUG cinder.api.extensions [-] Ext alias: OS-SCH-HNT {{(pid=130404) _check_extension /opt/stack/cinder/cinder/api/extensions.py:175}}
Apr 23 13:15:55 ubuntu devstack@c-api.service[130404]: DEBUG cinder.api.extensions [-] Ext description: Pass arbitrary key/value pairs to the scheduler. {{(pid=130404) _check_extension /opt/stack/cinder/cinder/api/extensions.py:176}}
Apr 23 13:15:55 ubuntu devstack@c-api.service[130404]: DEBUG cinder.api.extensions [-] Ext updated: 2013-04-18T00:00:00+00:00 {{(pid=130404) _check_extension /opt/stack/cinder/cinder/api/extensions.py:178}}
Apr 23 13:15:55 ubuntu devstack@c-api.service[130404]: DEBUG cinder.api.extensions [-] Loaded extension: OS-SCH-HNT {{(pid=130404) register /opt/stack/cinder/cinder/api/extensions.py:135}}
Apr 23 13:15:55 ubuntu devstack@c-api.service[130404]: DEBUG cinder.api.extensions [-] Loading extension cinder.api.contrib.volume_host_attribute.Volume_host_attribute {{(pid=130404) load_extension /opt/stack/cinder/cinder/api/extensions.py:194}}
Apr 23 13:15:55 ubuntu devstack@c-api.service[130404]: DEBUG cinder.api.extensions [-] Calling extension factory cinder.api.contrib.volume_host_attribute.Volume_host_attribute {{(pid=130404) load_extension /opt/stack/cinder/cinder/api/extensions.py:200}}
Apr 23 13:15:55 ubuntu devstack@c-api.service[130404]: DEBUG cinder.api.extensions [-] Ext name: VolumeHostAttribute {{(pid=130404) _check_extension /opt/stack/cinder/cinder/api/extensions.py:174}}
Apr 23 13:15:55 ubuntu devstack@c-api.service[130404]: DEBUG cinder.api.extensions [-] Ext alias: os-vol-host-attr {{(pid=130404) _check_extension /opt/stack/cinder/cinder/api/extensions.py:175}}
Apr 23 13:15:55 ubuntu devstack@c-api.service[130404]: DEBUG cinder.api.extensions [-] Ext description: Expose host as an attribute of a volume. {{(pid=130404) _check_extension /opt/stack/cinder/cinder/api/extensions.py:176}}
Apr 23 13:15:55 ubuntu devstack@c-api.service[130404]: DEBUG cinder.api.extensions [-] Ext updated: 2011-11-03T00:00:00+00:00 {{(pid=130404) _check_extension /opt/stack/cinder/cinder/api/extensions.py:178}}
Apr 23 13:15:55 ubuntu devstack@c-api.service[130404]: DEBUG cinder.api.extensions [-] Loaded extension: os-vol-host-attr {{(pid=130404) register /opt/stack/cinder/cinder/api/extensions.py:135}}
Apr 23 13:15:55 ubuntu devstack@c-api.service[130405]: INFO dbcounter [None req-c21b84ec-5f7a-42ea-9832-48daf38d0e90 None None] Registered counter for database cinder
Apr 23 13:15:55 ubuntu devstack@c-api.service[130405]: DEBUG oslo_db.sqlalchemy.engines [None req-c21b84ec-5f7a-42ea-9832-48daf38d0e90 None None] MySQL server mode set to STRICT_TRANS_TABLES,STRICT_ALL_TABLES,NO_ZERO_IN_DATE,NO_ZERO_DATE,ERROR_FOR_DIVISION_BY_ZERO,TRADITIONAL,NO_ENGINE_SUBSTITUTION {{(pid=130405) _check_effective_sql_mode /opt/stack/data/venv/lib/python3.10/site-packages/oslo_db/sqlalchemy/engines.py:325}}
Apr 23 13:15:55 ubuntu devstack@c-api.service[130404]: INFO dbcounter [None req-4dd4f80a-ee85-48fa-bae2-d644f529e462 None None] Registered counter for database cinder
Apr 23 13:15:55 ubuntu devstack@c-api.service[130404]: DEBUG oslo_db.sqlalchemy.engines [None req-4dd4f80a-ee85-48fa-bae2-d644f529e462 None None] MySQL server mode set to STRICT_TRANS_TABLES,STRICT_ALL_TABLES,NO_ZERO_IN_DATE,NO_ZERO_DATE,ERROR_FOR_DIVISION_BY_ZERO,TRADITIONAL,NO_ENGINE_SUBSTITUTION {{(pid=130404) _check_effective_sql_mode /opt/stack/data/venv/lib/python3.10/site-packages/oslo_db/sqlalchemy/engines.py:325}}
Apr 23 13:15:55 ubuntu devstack@c-api.service[130405]: DEBUG dbcounter [-] [130405] Writer thread running {{(pid=130405) stat_writer /opt/stack/data/venv/lib/python3.10/site-packages/dbcounter.py:102}}
Apr 23 13:15:55 ubuntu devstack@c-api.service[130405]: INFO cinder.rpc [None req-c21b84ec-5f7a-42ea-9832-48daf38d0e90 None None] Automatically selected cinder-scheduler objects version 1.39 as minimum service version.
Apr 23 13:15:55 ubuntu devstack@c-api.service[130405]: INFO cinder.rpc [None req-c21b84ec-5f7a-42ea-9832-48daf38d0e90 None None] Automatically selected cinder-scheduler RPC version 3.12 as minimum service version.
Apr 23 13:15:55 ubuntu devstack@c-api.service[130405]: INFO cinder.rpc [None req-c21b84ec-5f7a-42ea-9832-48daf38d0e90 None None] Automatically selected cinder-volume objects version 1.39 as minimum service version.
Apr 23 13:15:55 ubuntu devstack@c-api.service[130405]: INFO cinder.rpc [None req-c21b84ec-5f7a-42ea-9832-48daf38d0e90 None None] Automatically selected cinder-volume RPC version 3.20 as minimum service version.
Apr 23 13:15:55 ubuntu devstack@c-api.service[130405]: WARNING stevedore.named [None req-c21b84ec-5f7a-42ea-9832-48daf38d0e90 None None] Could not load cinder.keymgr.conf_key_mgr.ConfKeyManager
Apr 23 13:15:55 ubuntu devstack@c-api.service[130405]: WARNING castellan.key_manager [None req-c21b84ec-5f7a-42ea-9832-48daf38d0e90 None None] Deprecation Warning : cinder.keymgr.conf_key_mgr.ConfKeyManager is not a stevedore based driver, trying to load it as a class: stevedore.exception.NoMatches: No 'castellan.drivers' driver found, looking for 'cinder.keymgr.conf_key_mgr.ConfKeyManager'
Apr 23 13:15:55 ubuntu devstack@c-api.service[130405]: WARNING cinder.keymgr.conf_key_mgr [None req-c21b84ec-5f7a-42ea-9832-48daf38d0e90 None None] This key manager is insecure and is not recommended for production deployments: stevedore.exception.NoMatches: No 'castellan.drivers' driver found, looking for 'cinder.keymgr.conf_key_mgr.ConfKeyManager'
Apr 23 13:15:55 ubuntu devstack@c-api.service[130405]: WARNING stevedore.named [None req-c21b84ec-5f7a-42ea-9832-48daf38d0e90 None None] Could not load cinder.keymgr.conf_key_mgr.ConfKeyManager
Apr 23 13:15:55 ubuntu devstack@c-api.service[130405]: WARNING castellan.key_manager [None req-c21b84ec-5f7a-42ea-9832-48daf38d0e90 None None] Deprecation Warning : cinder.keymgr.conf_key_mgr.ConfKeyManager is not a stevedore based driver, trying to load it as a class: stevedore.exception.NoMatches: No 'castellan.drivers' driver found, looking for 'cinder.keymgr.conf_key_mgr.ConfKeyManager'
Apr 23 13:15:55 ubuntu devstack@c-api.service[130405]: DEBUG oslo_db.sqlalchemy.engines [None req-c21b84ec-5f7a-42ea-9832-48daf38d0e90 None None] MySQL server mode set to STRICT_TRANS_TABLES,STRICT_ALL_TABLES,NO_ZERO_IN_DATE,NO_ZERO_DATE,ERROR_FOR_DIVISION_BY_ZERO,TRADITIONAL,NO_ENGINE_SUBSTITUTION {{(pid=130405) _check_effective_sql_mode /opt/stack/data/venv/lib/python3.10/site-packages/oslo_db/sqlalchemy/engines.py:325}}
Apr 23 13:15:55 ubuntu devstack@c-api.service[130405]: INFO cinder.rpc [None req-c21b84ec-5f7a-42ea-9832-48daf38d0e90 None None] Automatically selected cinder-backup objects version 1.39 as minimum service version.
Apr 23 13:15:55 ubuntu devstack@c-api.service[130405]: INFO cinder.rpc [None req-c21b84ec-5f7a-42ea-9832-48daf38d0e90 None None] Automatically selected cinder-backup RPC version 2.4 as minimum service version.
Apr 23 13:15:55 ubuntu devstack@c-api.service[130405]: WARNING stevedore.named [None req-c21b84ec-5f7a-42ea-9832-48daf38d0e90 None None] Could not load cinder.keymgr.conf_key_mgr.ConfKeyManager
Apr 23 13:15:55 ubuntu devstack@c-api.service[130405]: WARNING castellan.key_manager [None req-c21b84ec-5f7a-42ea-9832-48daf38d0e90 None None] Deprecation Warning : cinder.keymgr.conf_key_mgr.ConfKeyManager is not a stevedore based driver, trying to load it as a class: stevedore.exception.NoMatches: No 'castellan.drivers' driver found, looking for 'cinder.keymgr.conf_key_mgr.ConfKeyManager'
Apr 23 13:15:55 ubuntu devstack@c-api.service[130405]: WARNING stevedore.named [None req-c21b84ec-5f7a-42ea-9832-48daf38d0e90 None None] Could not load cinder.keymgr.conf_key_mgr.ConfKeyManager
Apr 23 13:15:55 ubuntu devstack@c-api.service[130405]: WARNING castellan.key_manager [None req-c21b84ec-5f7a-42ea-9832-48daf38d0e90 None None] Deprecation Warning : cinder.keymgr.conf_key_mgr.ConfKeyManager is not a stevedore based driver, trying to load it as a class: stevedore.exception.NoMatches: No 'castellan.drivers' driver found, looking for 'cinder.keymgr.conf_key_mgr.ConfKeyManager'
Apr 23 13:15:55 ubuntu devstack@c-api.service[130405]: WARNING stevedore.named [None req-c21b84ec-5f7a-42ea-9832-48daf38d0e90 None None] Could not load cinder.keymgr.conf_key_mgr.ConfKeyManager
Apr 23 13:15:55 ubuntu devstack@c-api.service[130405]: WARNING castellan.key_manager [None req-c21b84ec-5f7a-42ea-9832-48daf38d0e90 None None] Deprecation Warning : cinder.keymgr.conf_key_mgr.ConfKeyManager is not a stevedore based driver, trying to load it as a class: stevedore.exception.NoMatches: No 'castellan.drivers' driver found, looking for 'cinder.keymgr.conf_key_mgr.ConfKeyManager'
Apr 23 13:15:55 ubuntu devstack@c-api.service[130405]: WARNING stevedore.named [None req-c21b84ec-5f7a-42ea-9832-48daf38d0e90 None None] Could not load cinder.keymgr.conf_key_mgr.ConfKeyManager
Apr 23 13:15:55 ubuntu devstack@c-api.service[130405]: WARNING castellan.key_manager [None req-c21b84ec-5f7a-42ea-9832-48daf38d0e90 None None] Deprecation Warning : cinder.keymgr.conf_key_mgr.ConfKeyManager is not a stevedore based driver, trying to load it as a class: stevedore.exception.NoMatches: No 'castellan.drivers' driver found, looking for 'cinder.keymgr.conf_key_mgr.ConfKeyManager'
Apr 23 13:15:55 ubuntu devstack@c-api.service[130405]: WARNING stevedore.named [None req-c21b84ec-5f7a-42ea-9832-48daf38d0e90 None None] Could not load cinder.keymgr.conf_key_mgr.ConfKeyManager
Apr 23 13:15:55 ubuntu devstack@c-api.service[130405]: WARNING castellan.key_manager [None req-c21b84ec-5f7a-42ea-9832-48daf38d0e90 None None] Deprecation Warning : cinder.keymgr.conf_key_mgr.ConfKeyManager is not a stevedore based driver, trying to load it as a class: stevedore.exception.NoMatches: No 'castellan.drivers' driver found, looking for 'cinder.keymgr.conf_key_mgr.ConfKeyManager'
Apr 23 13:15:55 ubuntu devstack@c-api.service[130405]: WARNING stevedore.named [None req-c21b84ec-5f7a-42ea-9832-48daf38d0e90 None None] Could not load cinder.keymgr.conf_key_mgr.ConfKeyManager
Apr 23 13:15:55 ubuntu devstack@c-api.service[130405]: WARNING castellan.key_manager [None req-c21b84ec-5f7a-42ea-9832-48daf38d0e90 None None] Deprecation Warning : cinder.keymgr.conf_key_mgr.ConfKeyManager is not a stevedore based driver, trying to load it as a class: stevedore.exception.NoMatches: No 'castellan.drivers' driver found, looking for 'cinder.keymgr.conf_key_mgr.ConfKeyManager'
Apr 23 13:15:55 ubuntu devstack@c-api.service[130405]: WARNING stevedore.named [None req-c21b84ec-5f7a-42ea-9832-48daf38d0e90 None None] Could not load cinder.keymgr.conf_key_mgr.ConfKeyManager
Apr 23 13:15:55 ubuntu devstack@c-api.service[130405]: WARNING castellan.key_manager [None req-c21b84ec-5f7a-42ea-9832-48daf38d0e90 None None] Deprecation Warning : cinder.keymgr.conf_key_mgr.ConfKeyManager is not a stevedore based driver, trying to load it as a class: stevedore.exception.NoMatches: No 'castellan.drivers' driver found, looking for 'cinder.keymgr.conf_key_mgr.ConfKeyManager'
Apr 23 13:15:55 ubuntu devstack@c-api.service[130405]: WARNING stevedore.named [None req-c21b84ec-5f7a-42ea-9832-48daf38d0e90 None None] Could not load cinder.keymgr.conf_key_mgr.ConfKeyManager
Apr 23 13:15:55 ubuntu devstack@c-api.service[130405]: WARNING castellan.key_manager [None req-c21b84ec-5f7a-42ea-9832-48daf38d0e90 None None] Deprecation Warning : cinder.keymgr.conf_key_mgr.ConfKeyManager is not a stevedore based driver, trying to load it as a class: stevedore.exception.NoMatches: No 'castellan.drivers' driver found, looking for 'cinder.keymgr.conf_key_mgr.ConfKeyManager'
Apr 23 13:15:55 ubuntu devstack@c-api.service[130405]: WARNING stevedore.named [None req-c21b84ec-5f7a-42ea-9832-48daf38d0e90 None None] Could not load cinder.keymgr.conf_key_mgr.ConfKeyManager
Apr 23 13:15:55 ubuntu devstack@c-api.service[130405]: WARNING castellan.key_manager [None req-c21b84ec-5f7a-42ea-9832-48daf38d0e90 None None] Deprecation Warning : cinder.keymgr.conf_key_mgr.ConfKeyManager is not a stevedore based driver, trying to load it as a class: stevedore.exception.NoMatches: No 'castellan.drivers' driver found, looking for 'cinder.keymgr.conf_key_mgr.ConfKeyManager'
Apr 23 13:15:55 ubuntu devstack@c-api.service[130405]: WARNING stevedore.named [None req-c21b84ec-5f7a-42ea-9832-48daf38d0e90 None None] Could not load cinder.keymgr.conf_key_mgr.ConfKeyManager
Apr 23 13:15:55 ubuntu devstack@c-api.service[130405]: WARNING castellan.key_manager [None req-c21b84ec-5f7a-42ea-9832-48daf38d0e90 None None] Deprecation Warning : cinder.keymgr.conf_key_mgr.ConfKeyManager is not a stevedore based driver, trying to load it as a class: stevedore.exception.NoMatches: No 'castellan.drivers' driver found, looking for 'cinder.keymgr.conf_key_mgr.ConfKeyManager'
Apr 23 13:15:55 ubuntu devstack@c-api.service[130405]: WARNING stevedore.named [None req-c21b84ec-5f7a-42ea-9832-48daf38d0e90 None None] Could not load cinder.keymgr.conf_key_mgr.ConfKeyManager
Apr 23 13:15:55 ubuntu devstack@c-api.service[130405]: WARNING castellan.key_manager [None req-c21b84ec-5f7a-42ea-9832-48daf38d0e90 None None] Deprecation Warning : cinder.keymgr.conf_key_mgr.ConfKeyManager is not a stevedore based driver, trying to load it as a class: stevedore.exception.NoMatches: No 'castellan.drivers' driver found, looking for 'cinder.keymgr.conf_key_mgr.ConfKeyManager'
Apr 23 13:15:55 ubuntu devstack@c-api.service[130405]: WARNING stevedore.named [None req-c21b84ec-5f7a-42ea-9832-48daf38d0e90 None None] Could not load cinder.keymgr.conf_key_mgr.ConfKeyManager
Apr 23 13:15:55 ubuntu devstack@c-api.service[130405]: WARNING castellan.key_manager [None req-c21b84ec-5f7a-42ea-9832-48daf38d0e90 None None] Deprecation Warning : cinder.keymgr.conf_key_mgr.ConfKeyManager is not a stevedore based driver, trying to load it as a class: stevedore.exception.NoMatches: No 'castellan.drivers' driver found, looking for 'cinder.keymgr.conf_key_mgr.ConfKeyManager'
Apr 23 13:15:55 ubuntu devstack@c-api.service[130405]: WARNING stevedore.named [None req-c21b84ec-5f7a-42ea-9832-48daf38d0e90 None None] Could not load cinder.keymgr.conf_key_mgr.ConfKeyManager
Apr 23 13:15:55 ubuntu devstack@c-api.service[130405]: WARNING castellan.key_manager [None req-c21b84ec-5f7a-42ea-9832-48daf38d0e90 None None] Deprecation Warning : cinder.keymgr.conf_key_mgr.ConfKeyManager is not a stevedore based driver, trying to load it as a class: stevedore.exception.NoMatches: No 'castellan.drivers' driver found, looking for 'cinder.keymgr.conf_key_mgr.ConfKeyManager'
Apr 23 13:15:55 ubuntu devstack@c-api.service[130404]: DEBUG dbcounter [-] [130404] Writer thread running {{(pid=130404) stat_writer /opt/stack/data/venv/lib/python3.10/site-packages/dbcounter.py:102}}
Apr 23 13:15:55 ubuntu devstack@c-api.service[130405]: WARNING stevedore.named [None req-c21b84ec-5f7a-42ea-9832-48daf38d0e90 None None] Could not load cinder.keymgr.conf_key_mgr.ConfKeyManager
Apr 23 13:15:55 ubuntu devstack@c-api.service[130405]: WARNING castellan.key_manager [None req-c21b84ec-5f7a-42ea-9832-48daf38d0e90 None None] Deprecation Warning : cinder.keymgr.conf_key_mgr.ConfKeyManager is not a stevedore based driver, trying to load it as a class: stevedore.exception.NoMatches: No 'castellan.drivers' driver found, looking for 'cinder.keymgr.conf_key_mgr.ConfKeyManager'
Apr 23 13:15:55 ubuntu devstack@c-api.service[130404]: INFO cinder.rpc [None req-4dd4f80a-ee85-48fa-bae2-d644f529e462 None None] Automatically selected cinder-scheduler objects version 1.39 as minimum service version.
Apr 23 13:15:55 ubuntu devstack@c-api.service[130405]: WARNING stevedore.named [None req-c21b84ec-5f7a-42ea-9832-48daf38d0e90 None None] Could not load cinder.keymgr.conf_key_mgr.ConfKeyManager
Apr 23 13:15:55 ubuntu devstack@c-api.service[130405]: WARNING castellan.key_manager [None req-c21b84ec-5f7a-42ea-9832-48daf38d0e90 None None] Deprecation Warning : cinder.keymgr.conf_key_mgr.ConfKeyManager is not a stevedore based driver, trying to load it as a class: stevedore.exception.NoMatches: No 'castellan.drivers' driver found, looking for 'cinder.keymgr.conf_key_mgr.ConfKeyManager'
Apr 23 13:15:55 ubuntu devstack@c-api.service[130405]: WARNING stevedore.named [None req-c21b84ec-5f7a-42ea-9832-48daf38d0e90 None None] Could not load cinder.keymgr.conf_key_mgr.ConfKeyManager
Apr 23 13:15:55 ubuntu devstack@c-api.service[130405]: WARNING castellan.key_manager [None req-c21b84ec-5f7a-42ea-9832-48daf38d0e90 None None] Deprecation Warning : cinder.keymgr.conf_key_mgr.ConfKeyManager is not a stevedore based driver, trying to load it as a class: stevedore.exception.NoMatches: No 'castellan.drivers' driver found, looking for 'cinder.keymgr.conf_key_mgr.ConfKeyManager'
Apr 23 13:15:55 ubuntu devstack@c-api.service[130404]: INFO cinder.rpc [None req-4dd4f80a-ee85-48fa-bae2-d644f529e462 None None] Automatically selected cinder-scheduler RPC version 3.12 as minimum service version.
Apr 23 13:15:55 ubuntu devstack@c-api.service[130405]: WARNING stevedore.named [None req-c21b84ec-5f7a-42ea-9832-48daf38d0e90 None None] Could not load cinder.keymgr.conf_key_mgr.ConfKeyManager
Apr 23 13:15:55 ubuntu devstack@c-api.service[130405]: WARNING castellan.key_manager [None req-c21b84ec-5f7a-42ea-9832-48daf38d0e90 None None] Deprecation Warning : cinder.keymgr.conf_key_mgr.ConfKeyManager is not a stevedore based driver, trying to load it as a class: stevedore.exception.NoMatches: No 'castellan.drivers' driver found, looking for 'cinder.keymgr.conf_key_mgr.ConfKeyManager'
Apr 23 13:15:55 ubuntu devstack@c-api.service[130405]: WARNING stevedore.named [None req-c21b84ec-5f7a-42ea-9832-48daf38d0e90 None None] Could not load cinder.keymgr.conf_key_mgr.ConfKeyManager
Apr 23 13:15:55 ubuntu devstack@c-api.service[130405]: WARNING castellan.key_manager [None req-c21b84ec-5f7a-42ea-9832-48daf38d0e90 None None] Deprecation Warning : cinder.keymgr.conf_key_mgr.ConfKeyManager is not a stevedore based driver, trying to load it as a class: stevedore.exception.NoMatches: No 'castellan.drivers' driver found, looking for 'cinder.keymgr.conf_key_mgr.ConfKeyManager'
Apr 23 13:15:55 ubuntu devstack@c-api.service[130405]: WARNING stevedore.named [None req-c21b84ec-5f7a-42ea-9832-48daf38d0e90 None None] Could not load cinder.keymgr.conf_key_mgr.ConfKeyManager
Apr 23 13:15:55 ubuntu devstack@c-api.service[130405]: WARNING castellan.key_manager [None req-c21b84ec-5f7a-42ea-9832-48daf38d0e90 None None] Deprecation Warning : cinder.keymgr.conf_key_mgr.ConfKeyManager is not a stevedore based driver, trying to load it as a class: stevedore.exception.NoMatches: No 'castellan.drivers' driver found, looking for 'cinder.keymgr.conf_key_mgr.ConfKeyManager'
Apr 23 13:15:55 ubuntu devstack@c-api.service[130404]: INFO cinder.rpc [None req-4dd4f80a-ee85-48fa-bae2-d644f529e462 None None] Automatically selected cinder-volume objects version 1.39 as minimum service version.
Apr 23 13:15:55 ubuntu devstack@c-api.service[130405]: WARNING stevedore.named [None req-c21b84ec-5f7a-42ea-9832-48daf38d0e90 None None] Could not load cinder.keymgr.conf_key_mgr.ConfKeyManager
Apr 23 13:15:55 ubuntu devstack@c-api.service[130405]: WARNING castellan.key_manager [None req-c21b84ec-5f7a-42ea-9832-48daf38d0e90 None None] Deprecation Warning : cinder.keymgr.conf_key_mgr.ConfKeyManager is not a stevedore based driver, trying to load it as a class: stevedore.exception.NoMatches: No 'castellan.drivers' driver found, looking for 'cinder.keymgr.conf_key_mgr.ConfKeyManager'
Apr 23 13:15:55 ubuntu devstack@c-api.service[130405]: WARNING cinder.api.contrib.hosts [None req-c21b84ec-5f7a-42ea-9832-48daf38d0e90 None None] Deprecated: The Host API is deprecated and will be be removed in a future version.
Apr 23 13:15:55 ubuntu devstack@c-api.service[130405]: WARNING stevedore.named [None req-c21b84ec-5f7a-42ea-9832-48daf38d0e90 None None] Could not load cinder.keymgr.conf_key_mgr.ConfKeyManager
Apr 23 13:15:55 ubuntu devstack@c-api.service[130405]: WARNING castellan.key_manager [None req-c21b84ec-5f7a-42ea-9832-48daf38d0e90 None None] Deprecation Warning : cinder.keymgr.conf_key_mgr.ConfKeyManager is not a stevedore based driver, trying to load it as a class: stevedore.exception.NoMatches: No 'castellan.drivers' driver found, looking for 'cinder.keymgr.conf_key_mgr.ConfKeyManager'
Apr 23 13:15:55 ubuntu devstack@c-api.service[130405]: WARNING stevedore.named [None req-c21b84ec-5f7a-42ea-9832-48daf38d0e90 None None] Could not load cinder.keymgr.conf_key_mgr.ConfKeyManager
Apr 23 13:15:55 ubuntu devstack@c-api.service[130405]: WARNING castellan.key_manager [None req-c21b84ec-5f7a-42ea-9832-48daf38d0e90 None None] Deprecation Warning : cinder.keymgr.conf_key_mgr.ConfKeyManager is not a stevedore based driver, trying to load it as a class: stevedore.exception.NoMatches: No 'castellan.drivers' driver found, looking for 'cinder.keymgr.conf_key_mgr.ConfKeyManager'
Apr 23 13:15:55 ubuntu devstack@c-api.service[130404]: INFO cinder.rpc [None req-4dd4f80a-ee85-48fa-bae2-d644f529e462 None None] Automatically selected cinder-volume RPC version 3.20 as minimum service version.
Apr 23 13:15:55 ubuntu devstack@c-api.service[130405]: DEBUG cinder.api.v3.router [None req-c21b84ec-5f7a-42ea-9832-48daf38d0e90 None None] Extended resource: extensions {{(pid=130405) _setup_ext_routes /opt/stack/cinder/cinder/api/v3/router.py:122}}
Apr 23 13:15:55 ubuntu devstack@c-api.service[130404]: WARNING stevedore.named [None req-4dd4f80a-ee85-48fa-bae2-d644f529e462 None None] Could not load cinder.keymgr.conf_key_mgr.ConfKeyManager
Apr 23 13:15:55 ubuntu devstack@c-api.service[130404]: WARNING castellan.key_manager [None req-4dd4f80a-ee85-48fa-bae2-d644f529e462 None None] Deprecation Warning : cinder.keymgr.conf_key_mgr.ConfKeyManager is not a stevedore based driver, trying to load it as a class: stevedore.exception.NoMatches: No 'castellan.drivers' driver found, looking for 'cinder.keymgr.conf_key_mgr.ConfKeyManager'
Apr 23 13:15:55 ubuntu devstack@c-api.service[130405]: DEBUG cinder.api.v3.router [None req-c21b84ec-5f7a-42ea-9832-48daf38d0e90 None None] Extended resource: extra_specs {{(pid=130405) _setup_ext_routes /opt/stack/cinder/cinder/api/v3/router.py:122}}
Apr 23 13:15:55 ubuntu devstack@c-api.service[130404]: WARNING cinder.keymgr.conf_key_mgr [None req-4dd4f80a-ee85-48fa-bae2-d644f529e462 None None] This key manager is insecure and is not recommended for production deployments: stevedore.exception.NoMatches: No 'castellan.drivers' driver found, looking for 'cinder.keymgr.conf_key_mgr.ConfKeyManager'
Apr 23 13:15:55 ubuntu devstack@c-api.service[130404]: WARNING stevedore.named [None req-4dd4f80a-ee85-48fa-bae2-d644f529e462 None None] Could not load cinder.keymgr.conf_key_mgr.ConfKeyManager
Apr 23 13:15:55 ubuntu devstack@c-api.service[130405]: DEBUG cinder.api.v3.router [None req-c21b84ec-5f7a-42ea-9832-48daf38d0e90 None None] Extended resource: encryption {{(pid=130405) _setup_ext_routes /opt/stack/cinder/cinder/api/v3/router.py:122}}
Apr 23 13:15:55 ubuntu devstack@c-api.service[130404]: WARNING castellan.key_manager [None req-4dd4f80a-ee85-48fa-bae2-d644f529e462 None None] Deprecation Warning : cinder.keymgr.conf_key_mgr.ConfKeyManager is not a stevedore based driver, trying to load it as a class: stevedore.exception.NoMatches: No 'castellan.drivers' driver found, looking for 'cinder.keymgr.conf_key_mgr.ConfKeyManager'
Apr 23 13:15:55 ubuntu devstack@c-api.service[130405]: DEBUG cinder.api.v3.router [None req-c21b84ec-5f7a-42ea-9832-48daf38d0e90 None None] Extended resource: cgsnapshots {{(pid=130405) _setup_ext_routes /opt/stack/cinder/cinder/api/v3/router.py:122}}
Apr 23 13:15:55 ubuntu devstack@c-api.service[130404]: DEBUG oslo_db.sqlalchemy.engines [None req-4dd4f80a-ee85-48fa-bae2-d644f529e462 None None] MySQL server mode set to STRICT_TRANS_TABLES,STRICT_ALL_TABLES,NO_ZERO_IN_DATE,NO_ZERO_DATE,ERROR_FOR_DIVISION_BY_ZERO,TRADITIONAL,NO_ENGINE_SUBSTITUTION {{(pid=130404) _check_effective_sql_mode /opt/stack/data/venv/lib/python3.10/site-packages/oslo_db/sqlalchemy/engines.py:325}}
Apr 23 13:15:55 ubuntu devstack@c-api.service[130405]: DEBUG cinder.api.v3.router [None req-c21b84ec-5f7a-42ea-9832-48daf38d0e90 None None] Extended resource: capabilities {{(pid=130405) _setup_ext_routes /opt/stack/cinder/cinder/api/v3/router.py:122}}
Apr 23 13:15:55 ubuntu devstack@c-api.service[130404]: INFO cinder.rpc [None req-4dd4f80a-ee85-48fa-bae2-d644f529e462 None None] Automatically selected cinder-backup objects version 1.39 as minimum service version.
Apr 23 13:15:55 ubuntu devstack@c-api.service[130405]: DEBUG cinder.api.v3.router [None req-c21b84ec-5f7a-42ea-9832-48daf38d0e90 None None] Extended resource: consistencygroups {{(pid=130405) _setup_ext_routes /opt/stack/cinder/cinder/api/v3/router.py:122}}
Apr 23 13:15:55 ubuntu devstack@c-api.service[130404]: INFO cinder.rpc [None req-4dd4f80a-ee85-48fa-bae2-d644f529e462 None None] Automatically selected cinder-backup RPC version 2.4 as minimum service version.
Apr 23 13:15:55 ubuntu devstack@c-api.service[130404]: WARNING stevedore.named [None req-4dd4f80a-ee85-48fa-bae2-d644f529e462 None None] Could not load cinder.keymgr.conf_key_mgr.ConfKeyManager
Apr 23 13:15:55 ubuntu devstack@c-api.service[130405]: DEBUG cinder.api.v3.router [None req-c21b84ec-5f7a-42ea-9832-48daf38d0e90 None None] Extended resource: encryption {{(pid=130405) _setup_ext_routes /opt/stack/cinder/cinder/api/v3/router.py:122}}
Apr 23 13:15:55 ubuntu devstack@c-api.service[130404]: WARNING castellan.key_manager [None req-4dd4f80a-ee85-48fa-bae2-d644f529e462 None None] Deprecation Warning : cinder.keymgr.conf_key_mgr.ConfKeyManager is not a stevedore based driver, trying to load it as a class: stevedore.exception.NoMatches: No 'castellan.drivers' driver found, looking for 'cinder.keymgr.conf_key_mgr.ConfKeyManager'
Apr 23 13:15:55 ubuntu devstack@c-api.service[130405]: DEBUG cinder.api.v3.router [None req-c21b84ec-5f7a-42ea-9832-48daf38d0e90 None None] Extended resource: os-quota-sets {{(pid=130405) _setup_ext_routes /opt/stack/cinder/cinder/api/v3/router.py:122}}
Apr 23 13:15:55 ubuntu devstack@c-api.service[130405]: DEBUG cinder.api.v3.router [None req-c21b84ec-5f7a-42ea-9832-48daf38d0e90 None None] Extended resource: qos-specs {{(pid=130405) _setup_ext_routes /opt/stack/cinder/cinder/api/v3/router.py:122}}
Apr 23 13:15:55 ubuntu devstack@c-api.service[130405]: DEBUG cinder.api.v3.router [None req-c21b84ec-5f7a-42ea-9832-48daf38d0e90 None None] Extended resource: os-volume-transfer {{(pid=130405) _setup_ext_routes /opt/stack/cinder/cinder/api/v3/router.py:122}}
Apr 23 13:15:55 ubuntu devstack@c-api.service[130405]: DEBUG cinder.api.v3.router [None req-c21b84ec-5f7a-42ea-9832-48daf38d0e90 None None] Extended resource: os-snapshot-manage {{(pid=130405) _setup_ext_routes /opt/stack/cinder/cinder/api/v3/router.py:122}}
Apr 23 13:15:55 ubuntu devstack@c-api.service[130405]: DEBUG cinder.api.v3.router [None req-c21b84ec-5f7a-42ea-9832-48daf38d0e90 None None] Extended resource: scheduler-stats {{(pid=130405) _setup_ext_routes /opt/stack/cinder/cinder/api/v3/router.py:122}}
Apr 23 13:15:55 ubuntu devstack@c-api.service[130404]: WARNING stevedore.named [None req-4dd4f80a-ee85-48fa-bae2-d644f529e462 None None] Could not load cinder.keymgr.conf_key_mgr.ConfKeyManager
Apr 23 13:15:55 ubuntu devstack@c-api.service[130405]: DEBUG cinder.api.v3.router [None req-c21b84ec-5f7a-42ea-9832-48daf38d0e90 None None] Extended resource: backups {{(pid=130405) _setup_ext_routes /opt/stack/cinder/cinder/api/v3/router.py:122}}
Apr 23 13:15:55 ubuntu devstack@c-api.service[130404]: WARNING castellan.key_manager [None req-4dd4f80a-ee85-48fa-bae2-d644f529e462 None None] Deprecation Warning : cinder.keymgr.conf_key_mgr.ConfKeyManager is not a stevedore based driver, trying to load it as a class: stevedore.exception.NoMatches: No 'castellan.drivers' driver found, looking for 'cinder.keymgr.conf_key_mgr.ConfKeyManager'
Apr 23 13:15:55 ubuntu devstack@c-api.service[130405]: DEBUG cinder.api.v3.router [None req-c21b84ec-5f7a-42ea-9832-48daf38d0e90 None None] Extended resource: os-volume-type-access {{(pid=130405) _setup_ext_routes /opt/stack/cinder/cinder/api/v3/router.py:122}}
Apr 23 13:15:55 ubuntu devstack@c-api.service[130404]: WARNING stevedore.named [None req-4dd4f80a-ee85-48fa-bae2-d644f529e462 None None] Could not load cinder.keymgr.conf_key_mgr.ConfKeyManager
Apr 23 13:15:55 ubuntu devstack@c-api.service[130405]: DEBUG cinder.api.v3.router [None req-c21b84ec-5f7a-42ea-9832-48daf38d0e90 None None] Extended resource: os-hosts {{(pid=130405) _setup_ext_routes /opt/stack/cinder/cinder/api/v3/router.py:122}}
Apr 23 13:15:55 ubuntu devstack@c-api.service[130404]: WARNING castellan.key_manager [None req-4dd4f80a-ee85-48fa-bae2-d644f529e462 None None] Deprecation Warning : cinder.keymgr.conf_key_mgr.ConfKeyManager is not a stevedore based driver, trying to load it as a class: stevedore.exception.NoMatches: No 'castellan.drivers' driver found, looking for 'cinder.keymgr.conf_key_mgr.ConfKeyManager'
Apr 23 13:15:55 ubuntu devstack@c-api.service[130405]: DEBUG cinder.api.v3.router [None req-c21b84ec-5f7a-42ea-9832-48daf38d0e90 None None] Extended resource: os-quota-class-sets {{(pid=130405) _setup_ext_routes /opt/stack/cinder/cinder/api/v3/router.py:122}}
Apr 23 13:15:55 ubuntu devstack@c-api.service[130405]: DEBUG cinder.api.v3.router [None req-c21b84ec-5f7a-42ea-9832-48daf38d0e90 None None] Extended resource: os-volume-manage {{(pid=130405) _setup_ext_routes /opt/stack/cinder/cinder/api/v3/router.py:122}}
Apr 23 13:15:55 ubuntu devstack@c-api.service[130404]: WARNING stevedore.named [None req-4dd4f80a-ee85-48fa-bae2-d644f529e462 None None] Could not load cinder.keymgr.conf_key_mgr.ConfKeyManager
Apr 23 13:15:55 ubuntu devstack@c-api.service[130404]: WARNING castellan.key_manager [None req-4dd4f80a-ee85-48fa-bae2-d644f529e462 None None] Deprecation Warning : cinder.keymgr.conf_key_mgr.ConfKeyManager is not a stevedore based driver, trying to load it as a class: stevedore.exception.NoMatches: No 'castellan.drivers' driver found, looking for 'cinder.keymgr.conf_key_mgr.ConfKeyManager'
Apr 23 13:15:55 ubuntu devstack@c-api.service[130405]: DEBUG cinder.api.v3.router [None req-c21b84ec-5f7a-42ea-9832-48daf38d0e90 None None] Extended resource: os-availability-zone {{(pid=130405) _setup_ext_routes /opt/stack/cinder/cinder/api/v3/router.py:122}}
Apr 23 13:15:55 ubuntu devstack@c-api.service[130405]: WARNING stevedore.named [None req-c21b84ec-5f7a-42ea-9832-48daf38d0e90 None None] Could not load cinder.keymgr.conf_key_mgr.ConfKeyManager
Apr 23 13:15:55 ubuntu devstack@c-api.service[130405]: WARNING castellan.key_manager [None req-c21b84ec-5f7a-42ea-9832-48daf38d0e90 None None] Deprecation Warning : cinder.keymgr.conf_key_mgr.ConfKeyManager is not a stevedore based driver, trying to load it as a class: stevedore.exception.NoMatches: No 'castellan.drivers' driver found, looking for 'cinder.keymgr.conf_key_mgr.ConfKeyManager'
Apr 23 13:15:55 ubuntu devstack@c-api.service[130405]: WARNING stevedore.named [None req-c21b84ec-5f7a-42ea-9832-48daf38d0e90 None None] Could not load cinder.keymgr.conf_key_mgr.ConfKeyManager
Apr 23 13:15:55 ubuntu devstack@c-api.service[130405]: WARNING castellan.key_manager [None req-c21b84ec-5f7a-42ea-9832-48daf38d0e90 None None] Deprecation Warning : cinder.keymgr.conf_key_mgr.ConfKeyManager is not a stevedore based driver, trying to load it as a class: stevedore.exception.NoMatches: No 'castellan.drivers' driver found, looking for 'cinder.keymgr.conf_key_mgr.ConfKeyManager'
Apr 23 13:15:55 ubuntu devstack@c-api.service[130405]: WARNING stevedore.named [None req-c21b84ec-5f7a-42ea-9832-48daf38d0e90 None None] Could not load cinder.keymgr.conf_key_mgr.ConfKeyManager
Apr 23 13:15:55 ubuntu devstack@c-api.service[130405]: WARNING castellan.key_manager [None req-c21b84ec-5f7a-42ea-9832-48daf38d0e90 None None] Deprecation Warning : cinder.keymgr.conf_key_mgr.ConfKeyManager is not a stevedore based driver, trying to load it as a class: stevedore.exception.NoMatches: No 'castellan.drivers' driver found, looking for 'cinder.keymgr.conf_key_mgr.ConfKeyManager'
Apr 23 13:15:55 ubuntu devstack@c-api.service[130404]: WARNING stevedore.named [None req-4dd4f80a-ee85-48fa-bae2-d644f529e462 None None] Could not load cinder.keymgr.conf_key_mgr.ConfKeyManager
Apr 23 13:15:55 ubuntu devstack@c-api.service[130404]: WARNING castellan.key_manager [None req-4dd4f80a-ee85-48fa-bae2-d644f529e462 None None] Deprecation Warning : cinder.keymgr.conf_key_mgr.ConfKeyManager is not a stevedore based driver, trying to load it as a class: stevedore.exception.NoMatches: No 'castellan.drivers' driver found, looking for 'cinder.keymgr.conf_key_mgr.ConfKeyManager'
Apr 23 13:15:55 ubuntu devstack@c-api.service[130405]: WARNING stevedore.named [None req-c21b84ec-5f7a-42ea-9832-48daf38d0e90 None None] Could not load cinder.keymgr.conf_key_mgr.ConfKeyManager
Apr 23 13:15:55 ubuntu devstack@c-api.service[130405]: WARNING castellan.key_manager [None req-c21b84ec-5f7a-42ea-9832-48daf38d0e90 None None] Deprecation Warning : cinder.keymgr.conf_key_mgr.ConfKeyManager is not a stevedore based driver, trying to load it as a class: stevedore.exception.NoMatches: No 'castellan.drivers' driver found, looking for 'cinder.keymgr.conf_key_mgr.ConfKeyManager'
Apr 23 13:15:55 ubuntu devstack@c-api.service[130405]: WARNING stevedore.named [None req-c21b84ec-5f7a-42ea-9832-48daf38d0e90 None None] Could not load cinder.keymgr.conf_key_mgr.ConfKeyManager
Apr 23 13:15:55 ubuntu devstack@c-api.service[130405]: WARNING castellan.key_manager [None req-c21b84ec-5f7a-42ea-9832-48daf38d0e90 None None] Deprecation Warning : cinder.keymgr.conf_key_mgr.ConfKeyManager is not a stevedore based driver, trying to load it as a class: stevedore.exception.NoMatches: No 'castellan.drivers' driver found, looking for 'cinder.keymgr.conf_key_mgr.ConfKeyManager'
Apr 23 13:15:55 ubuntu devstack@c-api.service[130405]: WARNING stevedore.named [None req-c21b84ec-5f7a-42ea-9832-48daf38d0e90 None None] Could not load cinder.keymgr.conf_key_mgr.ConfKeyManager
Apr 23 13:15:55 ubuntu devstack@c-api.service[130405]: WARNING castellan.key_manager [None req-c21b84ec-5f7a-42ea-9832-48daf38d0e90 None None] Deprecation Warning : cinder.keymgr.conf_key_mgr.ConfKeyManager is not a stevedore based driver, trying to load it as a class: stevedore.exception.NoMatches: No 'castellan.drivers' driver found, looking for 'cinder.keymgr.conf_key_mgr.ConfKeyManager'
Apr 23 13:15:55 ubuntu devstack@c-api.service[130405]: WARNING stevedore.named [None req-c21b84ec-5f7a-42ea-9832-48daf38d0e90 None None] Could not load cinder.keymgr.conf_key_mgr.ConfKeyManager
Apr 23 13:15:55 ubuntu devstack@c-api.service[130405]: WARNING castellan.key_manager [None req-c21b84ec-5f7a-42ea-9832-48daf38d0e90 None None] Deprecation Warning : cinder.keymgr.conf_key_mgr.ConfKeyManager is not a stevedore based driver, trying to load it as a class: stevedore.exception.NoMatches: No 'castellan.drivers' driver found, looking for 'cinder.keymgr.conf_key_mgr.ConfKeyManager'
Apr 23 13:15:55 ubuntu devstack@c-api.service[130404]: WARNING stevedore.named [None req-4dd4f80a-ee85-48fa-bae2-d644f529e462 None None] Could not load cinder.keymgr.conf_key_mgr.ConfKeyManager
Apr 23 13:15:55 ubuntu devstack@c-api.service[130405]: DEBUG cinder.api.contrib.snapshot_actions [None req-c21b84ec-5f7a-42ea-9832-48daf38d0e90 None None] SnapshotActionsController initialized {{(pid=130405) __init__ /opt/stack/cinder/cinder/api/contrib/snapshot_actions.py:33}}
Apr 23 13:15:55 ubuntu devstack@c-api.service[130405]: DEBUG cinder.api.v3.router [None req-c21b84ec-5f7a-42ea-9832-48daf38d0e90 None None] Extension AdminActions extending resource: volumes {{(pid=130405) _setup_extensions /opt/stack/cinder/cinder/api/v3/router.py:155}}
Apr 23 13:15:55 ubuntu devstack@c-api.service[130405]: DEBUG cinder.api.v3.router [None req-c21b84ec-5f7a-42ea-9832-48daf38d0e90 None None] Extension AdminActions extending resource: snapshots {{(pid=130405) _setup_extensions /opt/stack/cinder/cinder/api/v3/router.py:155}}
Apr 23 13:15:55 ubuntu devstack@c-api.service[130405]: DEBUG cinder.api.v3.router [None req-c21b84ec-5f7a-42ea-9832-48daf38d0e90 None None] Extension AdminActions extending resource: backups {{(pid=130405) _setup_extensions /opt/stack/cinder/cinder/api/v3/router.py:155}}
Apr 23 13:15:55 ubuntu devstack@c-api.service[130405]: DEBUG cinder.api.v3.router [None req-c21b84ec-5f7a-42ea-9832-48daf38d0e90 None None] Extension SnapshotUnmanage extending resource: snapshots {{(pid=130405) _setup_extensions /opt/stack/cinder/cinder/api/v3/router.py:155}}
Apr 23 13:15:55 ubuntu devstack@c-api.service[130405]: DEBUG cinder.api.v3.router [None req-c21b84ec-5f7a-42ea-9832-48daf38d0e90 None None] Extension VolumeActions extending resource: volumes {{(pid=130405) _setup_extensions /opt/stack/cinder/cinder/api/v3/router.py:155}}
Apr 23 13:15:55 ubuntu devstack@c-api.service[130405]: DEBUG cinder.api.v3.router [None req-c21b84ec-5f7a-42ea-9832-48daf38d0e90 None None] Extension VolumeTypeEncryption extending resource: types {{(pid=130405) _setup_extensions /opt/stack/cinder/cinder/api/v3/router.py:155}}
Apr 23 13:15:55 ubuntu devstack@c-api.service[130405]: DEBUG cinder.api.v3.router [None req-c21b84ec-5f7a-42ea-9832-48daf38d0e90 None None] Extension VolumeMigStatusAttribute extending resource: volumes {{(pid=130405) _setup_extensions /opt/stack/cinder/cinder/api/v3/router.py:155}}
Apr 23 13:15:55 ubuntu devstack@c-api.service[130405]: DEBUG cinder.api.v3.router [None req-c21b84ec-5f7a-42ea-9832-48daf38d0e90 None None] Extension VolumeUnmanage extending resource: volumes {{(pid=130405) _setup_extensions /opt/stack/cinder/cinder/api/v3/router.py:155}}
Apr 23 13:15:55 ubuntu devstack@c-api.service[130405]: DEBUG cinder.api.v3.router [None req-c21b84ec-5f7a-42ea-9832-48daf38d0e90 None None] Extension TypesManage extending resource: types {{(pid=130405) _setup_extensions /opt/stack/cinder/cinder/api/v3/router.py:155}}
Apr 23 13:15:55 ubuntu devstack@c-api.service[130404]: WARNING castellan.key_manager [None req-4dd4f80a-ee85-48fa-bae2-d644f529e462 None None] Deprecation Warning : cinder.keymgr.conf_key_mgr.ConfKeyManager is not a stevedore based driver, trying to load it as a class: stevedore.exception.NoMatches: No 'castellan.drivers' driver found, looking for 'cinder.keymgr.conf_key_mgr.ConfKeyManager'
Apr 23 13:15:55 ubuntu devstack@c-api.service[130405]: DEBUG cinder.api.v3.router [None req-c21b84ec-5f7a-42ea-9832-48daf38d0e90 None None] Extension VolumeImageMetadata extending resource: volumes {{(pid=130405) _setup_extensions /opt/stack/cinder/cinder/api/v3/router.py:155}}
Apr 23 13:15:55 ubuntu devstack@c-api.service[130405]: DEBUG cinder.api.v3.router [None req-c21b84ec-5f7a-42ea-9832-48daf38d0e90 None None] Extension UsedLimits extending resource: limits {{(pid=130405) _setup_extensions /opt/stack/cinder/cinder/api/v3/router.py:155}}
Apr 23 13:15:55 ubuntu devstack@c-api.service[130405]: DEBUG cinder.api.v3.router [None req-c21b84ec-5f7a-42ea-9832-48daf38d0e90 None None] Extension VolumeTypeAccess extending resource: types {{(pid=130405) _setup_extensions /opt/stack/cinder/cinder/api/v3/router.py:155}}
Apr 23 13:15:55 ubuntu devstack@c-api.service[130405]: DEBUG cinder.api.v3.router [None req-c21b84ec-5f7a-42ea-9832-48daf38d0e90 None None] Extension VolumeTenantAttribute extending resource: volumes {{(pid=130405) _setup_extensions /opt/stack/cinder/cinder/api/v3/router.py:155}}
Apr 23 13:15:55 ubuntu devstack@c-api.service[130405]: DEBUG cinder.api.v3.router [None req-c21b84ec-5f7a-42ea-9832-48daf38d0e90 None None] Extension SnapshotActions extending resource: snapshots {{(pid=130405) _setup_extensions /opt/stack/cinder/cinder/api/v3/router.py:155}}
Apr 23 13:15:55 ubuntu devstack@c-api.service[130404]: WARNING stevedore.named [None req-4dd4f80a-ee85-48fa-bae2-d644f529e462 None None] Could not load cinder.keymgr.conf_key_mgr.ConfKeyManager
Apr 23 13:15:55 ubuntu devstack@c-api.service[130404]: WARNING castellan.key_manager [None req-4dd4f80a-ee85-48fa-bae2-d644f529e462 None None] Deprecation Warning : cinder.keymgr.conf_key_mgr.ConfKeyManager is not a stevedore based driver, trying to load it as a class: stevedore.exception.NoMatches: No 'castellan.drivers' driver found, looking for 'cinder.keymgr.conf_key_mgr.ConfKeyManager'
Apr 23 13:15:55 ubuntu devstack@c-api.service[130405]: DEBUG cinder.api.v3.router [None req-c21b84ec-5f7a-42ea-9832-48daf38d0e90 None None] Extension ExtendedSnapshotAttributes extending resource: snapshots {{(pid=130405) _setup_extensions /opt/stack/cinder/cinder/api/v3/router.py:155}}
Apr 23 13:15:55 ubuntu devstack@c-api.service[130405]: DEBUG cinder.api.v3.router [None req-c21b84ec-5f7a-42ea-9832-48daf38d0e90 None None] Extension VolumeHostAttribute extending resource: volumes {{(pid=130405) _setup_extensions /opt/stack/cinder/cinder/api/v3/router.py:155}}
Apr 23 13:15:55 ubuntu devstack@c-api.service[130404]: WARNING stevedore.named [None req-4dd4f80a-ee85-48fa-bae2-d644f529e462 None None] Could not load cinder.keymgr.conf_key_mgr.ConfKeyManager
Apr 23 13:15:55 ubuntu devstack@c-api.service[130404]: WARNING castellan.key_manager [None req-4dd4f80a-ee85-48fa-bae2-d644f529e462 None None] Deprecation Warning : cinder.keymgr.conf_key_mgr.ConfKeyManager is not a stevedore based driver, trying to load it as a class: stevedore.exception.NoMatches: No 'castellan.drivers' driver found, looking for 'cinder.keymgr.conf_key_mgr.ConfKeyManager'
Apr 23 13:15:55 ubuntu devstack@c-api.service[130405]: WARNING keystonemiddleware.auth_token [None req-c21b84ec-5f7a-42ea-9832-48daf38d0e90 None None] AuthToken middleware is set with keystone_authtoken.service_token_roles_required set to False. This is backwards compatible but deprecated behaviour. Please set this to True.
Apr 23 13:15:55 ubuntu devstack@c-api.service[130404]: WARNING stevedore.named [None req-4dd4f80a-ee85-48fa-bae2-d644f529e462 None None] Could not load cinder.keymgr.conf_key_mgr.ConfKeyManager
Apr 23 13:15:55 ubuntu devstack@c-api.service[130404]: WARNING castellan.key_manager [None req-4dd4f80a-ee85-48fa-bae2-d644f529e462 None None] Deprecation Warning : cinder.keymgr.conf_key_mgr.ConfKeyManager is not a stevedore based driver, trying to load it as a class: stevedore.exception.NoMatches: No 'castellan.drivers' driver found, looking for 'cinder.keymgr.conf_key_mgr.ConfKeyManager'
Apr 23 13:15:55 ubuntu devstack@c-api.service[130404]: WARNING stevedore.named [None req-4dd4f80a-ee85-48fa-bae2-d644f529e462 None None] Could not load cinder.keymgr.conf_key_mgr.ConfKeyManager
Apr 23 13:15:55 ubuntu devstack@c-api.service[130404]: WARNING castellan.key_manager [None req-4dd4f80a-ee85-48fa-bae2-d644f529e462 None None] Deprecation Warning : cinder.keymgr.conf_key_mgr.ConfKeyManager is not a stevedore based driver, trying to load it as a class: stevedore.exception.NoMatches: No 'castellan.drivers' driver found, looking for 'cinder.keymgr.conf_key_mgr.ConfKeyManager'
Apr 23 13:15:55 ubuntu devstack@c-api.service[130404]: WARNING stevedore.named [None req-4dd4f80a-ee85-48fa-bae2-d644f529e462 None None] Could not load cinder.keymgr.conf_key_mgr.ConfKeyManager
Apr 23 13:15:55 ubuntu devstack@c-api.service[130404]: WARNING castellan.key_manager [None req-4dd4f80a-ee85-48fa-bae2-d644f529e462 None None] Deprecation Warning : cinder.keymgr.conf_key_mgr.ConfKeyManager is not a stevedore based driver, trying to load it as a class: stevedore.exception.NoMatches: No 'castellan.drivers' driver found, looking for 'cinder.keymgr.conf_key_mgr.ConfKeyManager'
Apr 23 13:15:55 ubuntu devstack@c-api.service[130405]: WSGI app 0 (mountpoint='') ready in 2 seconds on interpreter 0x559ffc847d40 pid: 130405 (default app)
Apr 23 13:15:55 ubuntu devstack@c-api.service[130405]: /opt/stack/data/venv/lib/python3.10/site-packages/oslo_policy/policy.py:505: DeprecationWarning: fallback_to_json_file is deprecated and has no effect.
Apr 23 13:15:55 ubuntu devstack@c-api.service[130405]:   warnings.warn(
Apr 23 13:15:55 ubuntu devstack@c-api.service[130404]: WARNING stevedore.named [None req-4dd4f80a-ee85-48fa-bae2-d644f529e462 None None] Could not load cinder.keymgr.conf_key_mgr.ConfKeyManager
