Feb 26 17:00:06 ubuntu devstack@keystone.service[82078]: DEBUG keystone.server.flask.request_processing.req_logging [None req-233b247f-b28c-4c89-8f76-e0969452a335 None None] SCRIPT_NAME: `/identity` {{(pid=82078) log_request_info /opt/stack/keystone/keystone/server/flask/request_processing/req_logging.py:27}}
Feb 26 17:00:06 ubuntu devstack@keystone.service[82078]: DEBUG keystone.server.flask.request_processing.req_logging [None req-233b247f-b28c-4c89-8f76-e0969452a335 None None] PATH_INFO: `/v3/auth/tokens` {{(pid=82078) log_request_info /opt/stack/keystone/keystone/server/flask/request_processing/req_logging.py:28}}
Feb 26 17:00:06 ubuntu devstack@keystone.service[82078]: WARNING keystone.common.password_hashing [None req-233b247f-b28c-4c89-8f76-e0969452a335 None None] Truncating password to algorithm specific maximum length 72 characters.
Feb 26 17:00:07 ubuntu devstack@keystone.service[82078]: DEBUG keystone.auth.core [None req-233b247f-b28c-4c89-8f76-e0969452a335 None None] MFA Rules not processed for user `5dc54be8855747fc980b9bf397aa5700`. Rule list: `[]` (Enabled: `True`). {{(pid=82078) check_auth_methods_against_rules /opt/stack/keystone/keystone/auth/core.py:476}}
Feb 26 17:00:07 ubuntu devstack@keystone.service[82078]: DEBUG keystone.common.fernet_utils [None req-233b247f-b28c-4c89-8f76-e0969452a335 None None] Loaded 2 Fernet keys from /etc/keystone/fernet-keys/, but `[fernet_tokens] max_active_keys = 3`; perhaps there have not been enough key rotations to reach `max_active_keys` yet? {{(pid=82078) load_keys /opt/stack/keystone/keystone/common/fernet_utils.py:297}}
Feb 26 17:00:07 ubuntu devstack@keystone.service[82078]: [pid: 82078|app: 0|req: 13/24] 10.201.5.82 () {58 vars in 1017 bytes} [Thu Feb 26 17:00:06 2026] POST /identity/v3/auth/tokens => generated 862 bytes in 60 msecs (HTTP/1.1 201) 6 headers in 363 bytes (1 switches on core 0)
Feb 26 17:00:07 ubuntu devstack@keystone.service[82079]: DEBUG keystone.server.flask.request_processing.req_logging [None req-9d847ffa-6c47-4a6a-b4ef-f3ebe7b525fe None None] REQUEST_METHOD: `GET` {{(pid=82079) log_request_info /opt/stack/keystone/keystone/server/flask/request_processing/req_logging.py:26}}
Feb 26 17:00:07 ubuntu devstack@keystone.service[82079]: DEBUG keystone.server.flask.request_processing.req_logging [None req-9d847ffa-6c47-4a6a-b4ef-f3ebe7b525fe None None] SCRIPT_NAME: `/identity` {{(pid=82079) log_request_info /opt/stack/keystone/keystone/server/flask/request_processing/req_logging.py:27}}
Feb 26 17:00:07 ubuntu devstack@keystone.service[82079]: DEBUG keystone.server.flask.request_processing.req_logging [None req-9d847ffa-6c47-4a6a-b4ef-f3ebe7b525fe None None] PATH_INFO: `/` {{(pid=82079) log_request_info /opt/stack/keystone/keystone/server/flask/request_processing/req_logging.py:28}}
Feb 26 17:00:07 ubuntu devstack@keystone.service[82079]: [pid: 82079|app: 0|req: 12/25] 10.201.5.82 () {54 vars in 920 bytes} [Thu Feb 26 17:00:07 2026] GET /identity => generated 270 bytes in 2 msecs (HTTP/1.1 300) 6 headers in 234 bytes (1 switches on core 0)
Feb 26 17:00:07 ubuntu devstack@keystone.service[82078]: DEBUG keystone.server.flask.request_processing.req_logging [None req-e423a196-d8b6-44ec-a015-926a901dec85 None None] REQUEST_METHOD: `GET` {{(pid=82078) log_request_info /opt/stack/keystone/keystone/server/flask/request_processing/req_logging.py:26}}
Feb 26 17:00:07 ubuntu devstack@keystone.service[82078]: DEBUG keystone.server.flask.request_processing.req_logging [None req-e423a196-d8b6-44ec-a015-926a901dec85 None None] SCRIPT_NAME: `/identity` {{(pid=82078) log_request_info /opt/stack/keystone/keystone/server/flask/request_processing/req_logging.py:27}}
Feb 26 17:00:07 ubuntu devstack@keystone.service[82078]: DEBUG keystone.server.flask.request_processing.req_logging [None req-e423a196-d8b6-44ec-a015-926a901dec85 None None] PATH_INFO: `/` {{(pid=82078) log_request_info /opt/stack/keystone/keystone/server/flask/request_processing/req_logging.py:28}}
Feb 26 17:00:07 ubuntu devstack@keystone.service[82079]: DEBUG keystone.server.flask.request_processing.req_logging [None req-4e9aae4a-1fd3-4eea-961f-07503de4936c None None] REQUEST_METHOD: `POST` {{(pid=82079) log_request_info /opt/stack/keystone/keystone/server/flask/request_processing/req_logging.py:26}}
Feb 26 17:00:07 ubuntu devstack@keystone.service[82079]: DEBUG keystone.server.flask.request_processing.req_logging [None req-4e9aae4a-1fd3-4eea-961f-07503de4936c None None] SCRIPT_NAME: `/identity` {{(pid=82079) log_request_info /opt/stack/keystone/keystone/server/flask/request_processing/req_logging.py:27}}
Feb 26 17:00:07 ubuntu devstack@keystone.service[82079]: DEBUG keystone.server.flask.request_processing.req_logging [None req-4e9aae4a-1fd3-4eea-961f-07503de4936c None None] PATH_INFO: `/v3/auth/tokens` {{(pid=82079) log_request_info /opt/stack/keystone/keystone/server/flask/request_processing/req_logging.py:28}}
Feb 26 17:00:07 ubuntu devstack@keystone.service[82078]: [pid: 82078|app: 0|req: 14/26] 10.201.5.82 () {54 vars in 920 bytes} [Thu Feb 26 17:00:07 2026] GET /identity => generated 270 bytes in 1 msecs (HTTP/1.1 300) 6 headers in 234 bytes (1 switches on core 0)
Feb 26 17:00:07 ubuntu devstack@keystone.service[82078]: DEBUG keystone.server.flask.request_processing.req_logging [None req-5220c04b-3686-4296-bf68-94df7ba785ad None None] REQUEST_METHOD: `POST` {{(pid=82078) log_request_info /opt/stack/keystone/keystone/server/flask/request_processing/req_logging.py:26}}
Feb 26 17:00:07 ubuntu devstack@keystone.service[82078]: DEBUG keystone.server.flask.request_processing.req_logging [None req-5220c04b-3686-4296-bf68-94df7ba785ad None None] SCRIPT_NAME: `/identity` {{(pid=82078) log_request_info /opt/stack/keystone/keystone/server/flask/request_processing/req_logging.py:27}}
Feb 26 17:00:07 ubuntu devstack@keystone.service[82078]: DEBUG keystone.server.flask.request_processing.req_logging [None req-5220c04b-3686-4296-bf68-94df7ba785ad None None] PATH_INFO: `/v3/auth/tokens` {{(pid=82078) log_request_info /opt/stack/keystone/keystone/server/flask/request_processing/req_logging.py:28}}
Feb 26 17:00:07 ubuntu devstack@keystone.service[82079]: WARNING keystone.common.password_hashing [None req-4e9aae4a-1fd3-4eea-961f-07503de4936c None None] Truncating password to algorithm specific maximum length 72 characters.
Feb 26 17:00:07 ubuntu devstack@keystone.service[82078]: WARNING keystone.common.password_hashing [None req-5220c04b-3686-4296-bf68-94df7ba785ad None None] Truncating password to algorithm specific maximum length 72 characters.
Feb 26 17:00:07 ubuntu devstack@keystone.service[82078]: DEBUG keystone.auth.core [None req-5220c04b-3686-4296-bf68-94df7ba785ad None None] MFA Rules not processed for user `5dc54be8855747fc980b9bf397aa5700`. Rule list: `[]` (Enabled: `True`). {{(pid=82078) check_auth_methods_against_rules /opt/stack/keystone/keystone/auth/core.py:476}}
Feb 26 17:00:07 ubuntu devstack@keystone.service[82078]: DEBUG keystone.common.fernet_utils [None req-5220c04b-3686-4296-bf68-94df7ba785ad None None] Loaded 2 Fernet keys from /etc/keystone/fernet-keys/, but `[fernet_tokens] max_active_keys = 3`; perhaps there have not been enough key rotations to reach `max_active_keys` yet? {{(pid=82078) load_keys /opt/stack/keystone/keystone/common/fernet_utils.py:297}}
Feb 26 17:00:07 ubuntu devstack@keystone.service[82079]: DEBUG keystone.auth.core [None req-4e9aae4a-1fd3-4eea-961f-07503de4936c None None] MFA Rules not processed for user `5dc54be8855747fc980b9bf397aa5700`. Rule list: `[]` (Enabled: `True`). {{(pid=82079) check_auth_methods_against_rules /opt/stack/keystone/keystone/auth/core.py:476}}
Feb 26 17:00:07 ubuntu devstack@keystone.service[82079]: DEBUG keystone.common.fernet_utils [None req-4e9aae4a-1fd3-4eea-961f-07503de4936c None None] Loaded 2 Fernet keys from /etc/keystone/fernet-keys/, but `[fernet_tokens] max_active_keys = 3`; perhaps there have not been enough key rotations to reach `max_active_keys` yet? {{(pid=82079) load_keys /opt/stack/keystone/keystone/common/fernet_utils.py:297}}
Feb 26 17:00:07 ubuntu devstack@keystone.service[82078]: [pid: 82078|app: 0|req: 15/27] 10.201.5.82 () {58 vars in 1017 bytes} [Thu Feb 26 17:00:07 2026] POST /identity/v3/auth/tokens => generated 862 bytes in 56 msecs (HTTP/1.1 201) 6 headers in 363 bytes (1 switches on core 0)
Feb 26 17:00:07 ubuntu devstack@keystone.service[82079]: [pid: 82079|app: 0|req: 13/28] 10.201.5.82 () {58 vars in 1017 bytes} [Thu Feb 26 17:00:07 2026] POST /identity/v3/auth/tokens => generated 862 bytes in 66 msecs (HTTP/1.1 201) 6 headers in 363 bytes (1 switches on core 0)
Feb 26 17:00:07 ubuntu devstack@keystone.service[82078]: DEBUG keystone.server.flask.request_processing.middleware.auth_context [None req-5220c04b-3686-4296-bf68-94df7ba785ad None None] Authenticating user token {{(pid=82078) process_request /opt/stack/data/venv/lib/python3.10/site-packages/keystonemiddleware/auth_token/__init__.py:407}}
Feb 26 17:00:07 ubuntu devstack@keystone.service[82079]: DEBUG keystone.server.flask.request_processing.middleware.auth_context [None req-4e9aae4a-1fd3-4eea-961f-07503de4936c None None] Authenticating user token {{(pid=82079) process_request /opt/stack/data/venv/lib/python3.10/site-packages/keystonemiddleware/auth_token/__init__.py:407}}
Feb 26 17:00:07 ubuntu devstack@keystone.service[82078]: DEBUG keystone.server.flask.request_processing.middleware.auth_context [None req-5220c04b-3686-4296-bf68-94df7ba785ad None None] Validating token access rules against request {{(pid=82078) validate_allowed_request /opt/stack/data/venv/lib/python3.10/site-packages/keystonemiddleware/auth_token/__init__.py:545}}
Feb 26 17:00:07 ubuntu devstack@keystone.service[82079]: DEBUG keystone.server.flask.request_processing.middleware.auth_context [None req-4e9aae4a-1fd3-4eea-961f-07503de4936c None None] Validating token access rules against request {{(pid=82079) validate_allowed_request /opt/stack/data/venv/lib/python3.10/site-packages/keystonemiddleware/auth_token/__init__.py:545}}
Feb 26 17:00:07 ubuntu devstack@keystone.service[82078]: DEBUG keystone.server.flask.request_processing.middleware.auth_context [None req-2ab9862c-8aa7-431d-be74-b1fc273e90d6 None admin] RBAC: auth_context: {'token': <TokenModel (audit_id=y0Sp4AZ1QP-w-ORKzsEnNA, audit_chain_id=['y0Sp4AZ1QP-w-ORKzsEnNA']) at 0x7f37c8a790f0>, 'domain_id': None, 'trust_id': None, 'trustor_id': None, 'trustee_id': None, 'domain_name': None, 'group_ids': [], 'user_id': '5dc54be8855747fc980b9bf397aa5700', 'user_domain_id': 'default', 'system_scope': 'all', 'project_id': None, 'project_domain_id': None, 'roles': ['admin', 'manager', 'member', 'reader'], 'is_admin_project': True, 'service_user_id': None, 'service_user_domain_id': None, 'service_project_id': None, 'service_project_domain_id': None, 'service_roles': []} {{(pid=82078) fill_context /opt/stack/keystone/keystone/server/flask/request_processing/middleware/auth_context.py:509}}
Feb 26 17:00:07 ubuntu devstack@keystone.service[82078]: DEBUG keystone.server.flask.request_processing.req_logging [None req-2ab9862c-8aa7-431d-be74-b1fc273e90d6 None admin] REQUEST_METHOD: `GET` {{(pid=82078) log_request_info /opt/stack/keystone/keystone/server/flask/request_processing/req_logging.py:26}}
Feb 26 17:00:07 ubuntu devstack@keystone.service[82078]: DEBUG keystone.server.flask.request_processing.req_logging [None req-2ab9862c-8aa7-431d-be74-b1fc273e90d6 None admin] SCRIPT_NAME: `/identity` {{(pid=82078) log_request_info /opt/stack/keystone/keystone/server/flask/request_processing/req_logging.py:27}}
Feb 26 17:00:07 ubuntu devstack@keystone.service[82078]: DEBUG keystone.server.flask.request_processing.req_logging [None req-2ab9862c-8aa7-431d-be74-b1fc273e90d6 None admin] PATH_INFO: `/v3/roles/admin` {{(pid=82078) log_request_info /opt/stack/keystone/keystone/server/flask/request_processing/req_logging.py:28}}
Feb 26 17:00:07 ubuntu devstack@keystone.service[82079]: DEBUG keystone.server.flask.request_processing.middleware.auth_context [None req-7702bc72-92c9-4e9e-8f67-92f9e063411c None admin] RBAC: auth_context: {'token': <TokenModel (audit_id=i2NYFzcTTvKyfX-obS8ooA, audit_chain_id=['i2NYFzcTTvKyfX-obS8ooA']) at 0x7f37c7d2d480>, 'domain_id': None, 'trust_id': None, 'trustor_id': None, 'trustee_id': None, 'domain_name': None, 'group_ids': [], 'user_id': '5dc54be8855747fc980b9bf397aa5700', 'user_domain_id': 'default', 'system_scope': 'all', 'project_id': None, 'project_domain_id': None, 'roles': ['admin', 'manager', 'member', 'reader'], 'is_admin_project': True, 'service_user_id': None, 'service_user_domain_id': None, 'service_project_id': None, 'service_project_domain_id': None, 'service_roles': []} {{(pid=82079) fill_context /opt/stack/keystone/keystone/server/flask/request_processing/middleware/auth_context.py:509}}
Feb 26 17:00:07 ubuntu devstack@keystone.service[82079]: DEBUG keystone.server.flask.request_processing.req_logging [None req-7702bc72-92c9-4e9e-8f67-92f9e063411c None admin] REQUEST_METHOD: `POST` {{(pid=82079) log_request_info /opt/stack/keystone/keystone/server/flask/request_processing/req_logging.py:26}}
Feb 26 17:00:07 ubuntu devstack@keystone.service[82079]: DEBUG keystone.server.flask.request_processing.req_logging [None req-7702bc72-92c9-4e9e-8f67-92f9e063411c None admin] SCRIPT_NAME: `/identity` {{(pid=82079) log_request_info /opt/stack/keystone/keystone/server/flask/request_processing/req_logging.py:27}}
Feb 26 17:00:07 ubuntu devstack@keystone.service[82079]: DEBUG keystone.server.flask.request_processing.req_logging [None req-7702bc72-92c9-4e9e-8f67-92f9e063411c None admin] PATH_INFO: `/v3/roles` {{(pid=82079) log_request_info /opt/stack/keystone/keystone/server/flask/request_processing/req_logging.py:28}}
Feb 26 17:00:07 ubuntu devstack@keystone.service[82078]: DEBUG keystone.common.rbac_enforcer.enforcer [None req-2ab9862c-8aa7-431d-be74-b1fc273e90d6 None admin] Extracting inferred target data resulted in "NOT FOUND (404)". {{(pid=82078) enforce_call /opt/stack/keystone/keystone/common/rbac_enforcer/enforcer.py:445}}
Feb 26 17:00:07 ubuntu devstack@keystone.service[82079]: DEBUG keystone.common.rbac_enforcer.enforcer [None req-7702bc72-92c9-4e9e-8f67-92f9e063411c None admin] RBAC: Authorizing `identity:create_role()` {{(pid=82079) enforce_call /opt/stack/keystone/keystone/common/rbac_enforcer/enforcer.py:494}}
Feb 26 17:00:07 ubuntu devstack@keystone.service[82078]: DEBUG keystone.server.flask.application [None req-2ab9862c-8aa7-431d-be74-b1fc273e90d6 None admin] Could not find role: admin. {{(pid=82078) _handle_keystone_exception /opt/stack/keystone/keystone/server/flask/application.py:146}}
Feb 26 17:00:07 ubuntu devstack@keystone.service[82079]: DEBUG keystone.common.rbac_enforcer.enforcer [None req-7702bc72-92c9-4e9e-8f67-92f9e063411c None admin] RBAC: Authorization granted {{(pid=82079) enforce_call /opt/stack/keystone/keystone/common/rbac_enforcer/enforcer.py:505}}
Feb 26 17:00:07 ubuntu devstack@keystone.service[82078]: [pid: 82078|app: 0|req: 16/29] 10.201.5.82 () {56 vars in 1133 bytes} [Thu Feb 26 17:00:07 2026] GET /identity/v3/roles/admin => generated 83 bytes in 67 msecs (HTTP/1.1 404) 5 headers in 183 bytes (1 switches on core 0)
Feb 26 17:00:07 ubuntu devstack@keystone.service[82078]: DEBUG keystone.server.flask.request_processing.middleware.auth_context [None req-2ab9862c-8aa7-431d-be74-b1fc273e90d6 None admin] Authenticating user token {{(pid=82078) process_request /opt/stack/data/venv/lib/python3.10/site-packages/keystonemiddleware/auth_token/__init__.py:407}}
Feb 26 17:00:07 ubuntu devstack@keystone.service[82079]: DEBUG keystone.common.sql.core [None req-7702bc72-92c9-4e9e-8f67-92f9e063411c None admin] Conflict role: (pymysql.err.IntegrityError) (1062, "Duplicate entry 'service-<<null>>' for key 'role.ixu_role_name_domain_id'")
Feb 26 17:00:07 ubuntu devstack@keystone.service[82079]: [SQL: INSERT INTO `role` (id, name, description, extra) VALUES (%(id)s, %(name)s, %(description)s, %(extra)s)]
Feb 26 17:00:07 ubuntu devstack@keystone.service[82079]: [parameters: {'id': '078fcbda1d8640b58857c16600c3ab5c', 'name': 'service', 'description': None, 'extra': '{}'}]
Feb 26 17:00:07 ubuntu devstack@keystone.service[82079]: (Background on this error at: https://sqlalche.me/e/20/gkpj) {{(pid=82079) wrapper /opt/stack/keystone/keystone/common/sql/core.py:580}}
Feb 26 17:00:07 ubuntu devstack@keystone.service[82079]: ERROR keystone.server.flask.application [None req-7702bc72-92c9-4e9e-8f67-92f9e063411c None admin] Conflict occurred attempting to store role - Duplicate entry found with name service.: keystone.exception.Conflict: Conflict occurred attempting to store role - Duplicate entry found with name service.
Feb 26 17:00:07 ubuntu devstack@keystone.service[82079]: ERROR keystone.server.flask.application Traceback (most recent call last):
Feb 26 17:00:07 ubuntu devstack@keystone.service[82079]: ERROR keystone.server.flask.application   File "/opt/stack/data/venv/lib/python3.10/site-packages/sqlalchemy/engine/base.py", line 1967, in _exec_single_context
Feb 26 17:00:07 ubuntu devstack@keystone.service[82079]: ERROR keystone.server.flask.application     self.dialect.do_execute(
Feb 26 17:00:07 ubuntu devstack@keystone.service[82079]: ERROR keystone.server.flask.application   File "/opt/stack/data/venv/lib/python3.10/site-packages/sqlalchemy/engine/default.py", line 952, in do_execute
Feb 26 17:00:07 ubuntu devstack@keystone.service[82079]: ERROR keystone.server.flask.application     cursor.execute(statement, parameters)
Feb 26 17:00:07 ubuntu devstack@keystone.service[82079]: ERROR keystone.server.flask.application   File "/opt/stack/data/venv/lib/python3.10/site-packages/pymysql/cursors.py", line 153, in execute
Feb 26 17:00:07 ubuntu devstack@keystone.service[82079]: ERROR keystone.server.flask.application     result = self._query(query)
Feb 26 17:00:07 ubuntu devstack@keystone.service[82079]: ERROR keystone.server.flask.application   File "/opt/stack/data/venv/lib/python3.10/site-packages/pymysql/cursors.py", line 322, in _query
Feb 26 17:00:07 ubuntu devstack@keystone.service[82079]: ERROR keystone.server.flask.application     conn.query(q)
Feb 26 17:00:07 ubuntu devstack@keystone.service[82079]: ERROR keystone.server.flask.application   File "/opt/stack/data/venv/lib/python3.10/site-packages/pymysql/connections.py", line 575, in query
Feb 26 17:00:07 ubuntu devstack@keystone.service[82079]: ERROR keystone.server.flask.application     self._affected_rows = self._read_query_result(unbuffered=unbuffered)
Feb 26 17:00:07 ubuntu devstack@keystone.service[82079]: ERROR keystone.server.flask.application   File "/opt/stack/data/venv/lib/python3.10/site-packages/pymysql/connections.py", line 826, in _read_query_result
Feb 26 17:00:07 ubuntu devstack@keystone.service[82079]: ERROR keystone.server.flask.application     result.read()
Feb 26 17:00:07 ubuntu devstack@keystone.service[82079]: ERROR keystone.server.flask.application   File "/opt/stack/data/venv/lib/python3.10/site-packages/pymysql/connections.py", line 1203, in read
Feb 26 17:00:07 ubuntu devstack@keystone.service[82079]: ERROR keystone.server.flask.application     first_packet = self.connection._read_packet()
Feb 26 17:00:07 ubuntu devstack@keystone.service[82079]: ERROR keystone.server.flask.application   File "/opt/stack/data/venv/lib/python3.10/site-packages/pymysql/connections.py", line 782, in _read_packet
Feb 26 17:00:07 ubuntu devstack@keystone.service[82079]: ERROR keystone.server.flask.application     packet.raise_for_error()
Feb 26 17:00:07 ubuntu devstack@keystone.service[82079]: ERROR keystone.server.flask.application   File "/opt/stack/data/venv/lib/python3.10/site-packages/pymysql/protocol.py", line 219, in raise_for_error
Feb 26 17:00:07 ubuntu devstack@keystone.service[82079]: ERROR keystone.server.flask.application     err.raise_mysql_exception(self._data)
Feb 26 17:00:07 ubuntu devstack@keystone.service[82079]: ERROR keystone.server.flask.application   File "/opt/stack/data/venv/lib/python3.10/site-packages/pymysql/err.py", line 150, in raise_mysql_exception
Feb 26 17:00:07 ubuntu devstack@keystone.service[82079]: ERROR keystone.server.flask.application     raise errorclass(errno, errval)
Feb 26 17:00:07 ubuntu devstack@keystone.service[82079]: ERROR keystone.server.flask.application pymysql.err.IntegrityError: (1062, "Duplicate entry 'service-<<null>>' for key 'role.ixu_role_name_domain_id'")
Feb 26 17:00:07 ubuntu devstack@keystone.service[82079]: ERROR keystone.server.flask.application 
Feb 26 17:00:07 ubuntu devstack@keystone.service[82079]: ERROR keystone.server.flask.application The above exception was the direct cause of the following exception:
Feb 26 17:00:07 ubuntu devstack@keystone.service[82079]: ERROR keystone.server.flask.application 
Feb 26 17:00:07 ubuntu devstack@keystone.service[82079]: ERROR keystone.server.flask.application Traceback (most recent call last):
Feb 26 17:00:07 ubuntu devstack@keystone.service[82079]: ERROR keystone.server.flask.application   File "/opt/stack/keystone/keystone/common/sql/core.py", line 575, in wrapper
Feb 26 17:00:07 ubuntu devstack@keystone.service[82079]: ERROR keystone.server.flask.application     return method(*args, **kwargs)
Feb 26 17:00:07 ubuntu devstack@keystone.service[82079]: ERROR keystone.server.flask.application   File "/opt/stack/keystone/keystone/assignment/role_backends/sql.py", line 25, in create_role
Feb 26 17:00:07 ubuntu devstack@keystone.service[82079]: ERROR keystone.server.flask.application     with sql.session_for_write() as session:
Feb 26 17:00:07 ubuntu devstack@keystone.service[82079]: ERROR keystone.server.flask.application   File "/usr/lib/python3.10/contextlib.py", line 142, in __exit__
Feb 26 17:00:07 ubuntu devstack@keystone.service[82079]: ERROR keystone.server.flask.application     next(self.gen)
Feb 26 17:00:07 ubuntu devstack@keystone.service[82079]: ERROR keystone.server.flask.application   File "/opt/stack/data/venv/lib/python3.10/site-packages/oslo_db/sqlalchemy/enginefacade.py", line 1175, in _transaction_scope
Feb 26 17:00:07 ubuntu devstack@keystone.service[82079]: ERROR keystone.server.flask.application     with current._produce_block(
Feb 26 17:00:07 ubuntu devstack@keystone.service[82079]: ERROR keystone.server.flask.application   File "/usr/lib/python3.10/contextlib.py", line 142, in __exit__
Feb 26 17:00:07 ubuntu devstack@keystone.service[82079]: ERROR keystone.server.flask.application     next(self.gen)
Feb 26 17:00:07 ubuntu devstack@keystone.service[82079]: ERROR keystone.server.flask.application   File "/opt/stack/data/venv/lib/python3.10/site-packages/oslo_db/sqlalchemy/enginefacade.py", line 837, in _session
Feb 26 17:00:07 ubuntu devstack@keystone.service[82079]: ERROR keystone.server.flask.application     with excutils.save_and_reraise_exception():
Feb 26 17:00:07 ubuntu devstack@keystone.service[82079]: ERROR keystone.server.flask.application   File "/opt/stack/data/venv/lib/python3.10/site-packages/oslo_utils/excutils.py", line 267, in __exit__
Feb 26 17:00:07 ubuntu devstack@keystone.service[82079]: ERROR keystone.server.flask.application     self.force_reraise()
Feb 26 17:00:07 ubuntu devstack@keystone.service[82079]: ERROR keystone.server.flask.application   File "/opt/stack/data/venv/lib/python3.10/site-packages/oslo_utils/excutils.py", line 233, in force_reraise
Feb 26 17:00:07 ubuntu devstack@keystone.service[82079]: ERROR keystone.server.flask.application     raise self.value
Feb 26 17:00:07 ubuntu devstack@keystone.service[82079]: ERROR keystone.server.flask.application   File "/opt/stack/data/venv/lib/python3.10/site-packages/oslo_db/sqlalchemy/enginefacade.py", line 835, in _session
Feb 26 17:00:07 ubuntu devstack@keystone.service[82079]: ERROR keystone.server.flask.application     self._end_session_transaction(self.session)
Feb 26 17:00:07 ubuntu devstack@keystone.service[82079]: ERROR keystone.server.flask.application   File "/opt/stack/data/venv/lib/python3.10/site-packages/oslo_db/sqlalchemy/enginefacade.py", line 748, in _end_session_transaction
Feb 26 17:00:07 ubuntu devstack@keystone.service[82079]: ERROR keystone.server.flask.application     session.commit()
Feb 26 17:00:07 ubuntu devstack@keystone.service[82079]: ERROR keystone.server.flask.application   File "/opt/stack/data/venv/lib/python3.10/site-packages/sqlalchemy/orm/session.py", line 2030, in commit
Feb 26 17:00:07 ubuntu devstack@keystone.service[82079]: ERROR keystone.server.flask.application     trans.commit(_to_root=True)
Feb 26 17:00:07 ubuntu devstack@keystone.service[82079]: ERROR keystone.server.flask.application   File "<string>", line 2, in commit
Feb 26 17:00:07 ubuntu devstack@keystone.service[82079]: ERROR keystone.server.flask.application   File "/opt/stack/data/venv/lib/python3.10/site-packages/sqlalchemy/orm/state_changes.py", line 137, in _go
Feb 26 17:00:07 ubuntu devstack@keystone.service[82079]: ERROR keystone.server.flask.application     ret_value = fn(self, *arg, **kw)
Feb 26 17:00:07 ubuntu devstack@keystone.service[82079]: ERROR keystone.server.flask.application   File "/opt/stack/data/venv/lib/python3.10/site-packages/sqlalchemy/orm/session.py", line 1311, in commit
Feb 26 17:00:07 ubuntu devstack@keystone.service[82079]: ERROR keystone.server.flask.application     self._prepare_impl()
Feb 26 17:00:07 ubuntu devstack@keystone.service[82079]: ERROR keystone.server.flask.application   File "<string>", line 2, in _prepare_impl
Feb 26 17:00:07 ubuntu devstack@keystone.service[82079]: ERROR keystone.server.flask.application   File "/opt/stack/data/venv/lib/python3.10/site-packages/sqlalchemy/orm/state_changes.py", line 137, in _go
Feb 26 17:00:07 ubuntu devstack@keystone.service[82079]: ERROR keystone.server.flask.application     ret_value = fn(self, *arg, **kw)
Feb 26 17:00:07 ubuntu devstack@keystone.service[82079]: ERROR keystone.server.flask.application   File "/opt/stack/data/venv/lib/python3.10/site-packages/sqlalchemy/orm/session.py", line 1286, in _prepare_impl
Feb 26 17:00:07 ubuntu devstack@keystone.service[82079]: ERROR keystone.server.flask.application     self.session.flush()
Feb 26 17:00:07 ubuntu devstack@keystone.service[82079]: ERROR keystone.server.flask.application   File "/opt/stack/data/venv/lib/python3.10/site-packages/sqlalchemy/orm/session.py", line 4331, in flush
Feb 26 17:00:07 ubuntu devstack@keystone.service[82079]: ERROR keystone.server.flask.application     self._flush(objects)
Feb 26 17:00:07 ubuntu devstack@keystone.service[82079]: ERROR keystone.server.flask.application   File "/opt/stack/data/venv/lib/python3.10/site-packages/sqlalchemy/orm/session.py", line 4466, in _flush
Feb 26 17:00:07 ubuntu devstack@keystone.service[82079]: ERROR keystone.server.flask.application     with util.safe_reraise():
Feb 26 17:00:07 ubuntu devstack@keystone.service[82079]: ERROR keystone.server.flask.application   File "/opt/stack/data/venv/lib/python3.10/site-packages/sqlalchemy/util/langhelpers.py", line 224, in __exit__
Feb 26 17:00:07 ubuntu devstack@keystone.service[82079]: ERROR keystone.server.flask.application     raise exc_value.with_traceback(exc_tb)
Feb 26 17:00:07 ubuntu devstack@keystone.service[82079]: ERROR keystone.server.flask.application   File "/opt/stack/data/venv/lib/python3.10/site-packages/sqlalchemy/orm/session.py", line 4427, in _flush
Feb 26 17:00:07 ubuntu devstack@keystone.service[82079]: ERROR keystone.server.flask.application     flush_context.execute()
Feb 26 17:00:07 ubuntu devstack@keystone.service[82079]: ERROR keystone.server.flask.application   File "/opt/stack/data/venv/lib/python3.10/site-packages/sqlalchemy/orm/unitofwork.py", line 466, in execute
Feb 26 17:00:07 ubuntu devstack@keystone.service[82079]: ERROR keystone.server.flask.application     rec.execute(self)
Feb 26 17:00:07 ubuntu devstack@keystone.service[82079]: ERROR keystone.server.flask.application   File "/opt/stack/data/venv/lib/python3.10/site-packages/sqlalchemy/orm/unitofwork.py", line 642, in execute
Feb 26 17:00:07 ubuntu devstack@keystone.service[82079]: ERROR keystone.server.flask.application     util.preloaded.orm_persistence.save_obj(
Feb 26 17:00:07 ubuntu devstack@keystone.service[82079]: ERROR keystone.server.flask.application   File "/opt/stack/data/venv/lib/python3.10/site-packages/sqlalchemy/orm/persistence.py", line 93, in save_obj
Feb 26 17:00:07 ubuntu devstack@keystone.service[82079]: ERROR keystone.server.flask.application     _emit_insert_statements(
Feb 26 17:00:07 ubuntu devstack@keystone.service[82079]: ERROR keystone.server.flask.application   File "/opt/stack/data/venv/lib/python3.10/site-packages/sqlalchemy/orm/persistence.py", line 1048, in _emit_insert_statements
Feb 26 17:00:07 ubuntu devstack@keystone.service[82079]: ERROR keystone.server.flask.application     result = connection.execute(
Feb 26 17:00:07 ubuntu devstack@keystone.service[82079]: ERROR keystone.server.flask.application   File "/opt/stack/data/venv/lib/python3.10/site-packages/sqlalchemy/engine/base.py", line 1419, in execute
Feb 26 17:00:07 ubuntu devstack@keystone.service[82079]: ERROR keystone.server.flask.application     return meth(
Feb 26 17:00:07 ubuntu devstack@keystone.service[82079]: ERROR keystone.server.flask.application   File "/opt/stack/data/venv/lib/python3.10/site-packages/sqlalchemy/sql/elements.py", line 527, in _execute_on_connection
Feb 26 17:00:07 ubuntu devstack@keystone.service[82079]: ERROR keystone.server.flask.application     return connection._execute_clauseelement(
Feb 26 17:00:07 ubuntu devstack@keystone.service[82079]: ERROR keystone.server.flask.application   File "/opt/stack/data/venv/lib/python3.10/site-packages/sqlalchemy/engine/base.py", line 1641, in _execute_clauseelement
Feb 26 17:00:07 ubuntu devstack@keystone.service[82079]: ERROR keystone.server.flask.application     ret = self._execute_context(
Feb 26 17:00:07 ubuntu devstack@keystone.service[82079]: ERROR keystone.server.flask.application   File "/opt/stack/data/venv/lib/python3.10/site-packages/sqlalchemy/engine/base.py", line 1846, in _execute_context
Feb 26 17:00:07 ubuntu devstack@keystone.service[82079]: ERROR keystone.server.flask.application     return self._exec_single_context(
Feb 26 17:00:07 ubuntu devstack@keystone.service[82079]: ERROR keystone.server.flask.application   File "/opt/stack/data/venv/lib/python3.10/site-packages/sqlalchemy/engine/base.py", line 1986, in _exec_single_context
Feb 26 17:00:07 ubuntu devstack@keystone.service[82079]: ERROR keystone.server.flask.application     self._handle_dbapi_exception(
Feb 26 17:00:07 ubuntu devstack@keystone.service[82079]: ERROR keystone.server.flask.application   File "/opt/stack/data/venv/lib/python3.10/site-packages/sqlalchemy/engine/base.py", line 2360, in _handle_dbapi_exception
Feb 26 17:00:07 ubuntu devstack@keystone.service[82079]: ERROR keystone.server.flask.application     raise newraise.with_traceback(exc_info[2]) from e
Feb 26 17:00:07 ubuntu devstack@keystone.service[82079]: ERROR keystone.server.flask.application   File "/opt/stack/data/venv/lib/python3.10/site-packages/sqlalchemy/engine/base.py", line 1967, in _exec_single_context
Feb 26 17:00:07 ubuntu devstack@keystone.service[82079]: ERROR keystone.server.flask.application     self.dialect.do_execute(
Feb 26 17:00:07 ubuntu devstack@keystone.service[82079]: ERROR keystone.server.flask.application   File "/opt/stack/data/venv/lib/python3.10/site-packages/sqlalchemy/engine/default.py", line 952, in do_execute
Feb 26 17:00:07 ubuntu devstack@keystone.service[82079]: ERROR keystone.server.flask.application     cursor.execute(statement, parameters)
Feb 26 17:00:07 ubuntu devstack@keystone.service[82079]: ERROR keystone.server.flask.application   File "/opt/stack/data/venv/lib/python3.10/site-packages/pymysql/cursors.py", line 153, in execute
Feb 26 17:00:07 ubuntu devstack@keystone.service[82079]: ERROR keystone.server.flask.application     result = self._query(query)
Feb 26 17:00:07 ubuntu devstack@keystone.service[82079]: ERROR keystone.server.flask.application   File "/opt/stack/data/venv/lib/python3.10/site-packages/pymysql/cursors.py", line 322, in _query
Feb 26 17:00:07 ubuntu devstack@keystone.service[82079]: ERROR keystone.server.flask.application     conn.query(q)
Feb 26 17:00:07 ubuntu devstack@keystone.service[82079]: ERROR keystone.server.flask.application   File "/opt/stack/data/venv/lib/python3.10/site-packages/pymysql/connections.py", line 575, in query
Feb 26 17:00:07 ubuntu devstack@keystone.service[82079]: ERROR keystone.server.flask.application     self._affected_rows = self._read_query_result(unbuffered=unbuffered)
Feb 26 17:00:07 ubuntu devstack@keystone.service[82079]: ERROR keystone.server.flask.application   File "/opt/stack/data/venv/lib/python3.10/site-packages/pymysql/connections.py", line 826, in _read_query_result
Feb 26 17:00:07 ubuntu devstack@keystone.service[82079]: ERROR keystone.server.flask.application     result.read()
Feb 26 17:00:07 ubuntu devstack@keystone.service[82079]: ERROR keystone.server.flask.application   File "/opt/stack/data/venv/lib/python3.10/site-packages/pymysql/connections.py", line 1203, in read
Feb 26 17:00:07 ubuntu devstack@keystone.service[82079]: ERROR keystone.server.flask.application     first_packet = self.connection._read_packet()
Feb 26 17:00:07 ubuntu devstack@keystone.service[82079]: ERROR keystone.server.flask.application   File "/opt/stack/data/venv/lib/python3.10/site-packages/pymysql/connections.py", line 782, in _read_packet
Feb 26 17:00:07 ubuntu devstack@keystone.service[82079]: ERROR keystone.server.flask.application     packet.raise_for_error()
Feb 26 17:00:07 ubuntu devstack@keystone.service[82079]: ERROR keystone.server.flask.application   File "/opt/stack/data/venv/lib/python3.10/site-packages/pymysql/protocol.py", line 219, in raise_for_error
Feb 26 17:00:07 ubuntu devstack@keystone.service[82079]: ERROR keystone.server.flask.application     err.raise_mysql_exception(self._data)
Feb 26 17:00:07 ubuntu devstack@keystone.service[82079]: ERROR keystone.server.flask.application   File "/opt/stack/data/venv/lib/python3.10/site-packages/pymysql/err.py", line 150, in raise_mysql_exception
Feb 26 17:00:07 ubuntu devstack@keystone.service[82079]: ERROR keystone.server.flask.application     raise errorclass(errno, errval)
Feb 26 17:00:07 ubuntu devstack@keystone.service[82079]: ERROR keystone.server.flask.application oslo_db.exception.DBDuplicateEntry: (pymysql.err.IntegrityError) (1062, "Duplicate entry 'service-<<null>>' for key 'role.ixu_role_name_domain_id'")
Feb 26 17:00:07 ubuntu devstack@keystone.service[82079]: ERROR keystone.server.flask.application [SQL: INSERT INTO `role` (id, name, description, extra) VALUES (%(id)s, %(name)s, %(description)s, %(extra)s)]
Feb 26 17:00:07 ubuntu devstack@keystone.service[82079]: ERROR keystone.server.flask.application [parameters: {'id': '078fcbda1d8640b58857c16600c3ab5c', 'name': 'service', 'description': None, 'extra': '{}'}]
Feb 26 17:00:07 ubuntu devstack@keystone.service[82079]: ERROR keystone.server.flask.application (Background on this error at: https://sqlalche.me/e/20/gkpj)
Feb 26 17:00:07 ubuntu devstack@keystone.service[82079]: ERROR keystone.server.flask.application 
Feb 26 17:00:07 ubuntu devstack@keystone.service[82079]: ERROR keystone.server.flask.application During handling of the above exception, another exception occurred:
Feb 26 17:00:07 ubuntu devstack@keystone.service[82079]: ERROR keystone.server.flask.application 
Feb 26 17:00:07 ubuntu devstack@keystone.service[82079]: ERROR keystone.server.flask.application Traceback (most recent call last):
Feb 26 17:00:07 ubuntu devstack@keystone.service[82079]: ERROR keystone.server.flask.application   File "/opt/stack/data/venv/lib/python3.10/site-packages/flask/app.py", line 917, in full_dispatch_request
Feb 26 17:00:07 ubuntu devstack@keystone.service[82079]: ERROR keystone.server.flask.application     rv = self.dispatch_request()
Feb 26 17:00:07 ubuntu devstack@keystone.service[82079]: ERROR keystone.server.flask.application   File "/opt/stack/data/venv/lib/python3.10/site-packages/flask/app.py", line 902, in dispatch_request
Feb 26 17:00:07 ubuntu devstack@keystone.service[82079]: ERROR keystone.server.flask.application     return self.ensure_sync(self.view_functions[rule.endpoint])(**view_args)  # type: ignore[no-any-return]
Feb 26 17:00:07 ubuntu devstack@keystone.service[82079]: ERROR keystone.server.flask.application   File "/opt/stack/data/venv/lib/python3.10/site-packages/flask_restful/__init__.py", line 489, in wrapper
Feb 26 17:00:07 ubuntu devstack@keystone.service[82079]: ERROR keystone.server.flask.application     resp = resource(*args, **kwargs)
Feb 26 17:00:07 ubuntu devstack@keystone.service[82079]: ERROR keystone.server.flask.application   File "/opt/stack/data/venv/lib/python3.10/site-packages/flask/views.py", line 110, in view
Feb 26 17:00:07 ubuntu devstack@keystone.service[82079]: ERROR keystone.server.flask.application     return current_app.ensure_sync(self.dispatch_request)(**kwargs)  # type: ignore[no-any-return]
Feb 26 17:00:07 ubuntu devstack@keystone.service[82079]: ERROR keystone.server.flask.application   File "/opt/stack/data/venv/lib/python3.10/site-packages/flask_restful/__init__.py", line 604, in dispatch_request
Feb 26 17:00:07 ubuntu devstack@keystone.service[82079]: ERROR keystone.server.flask.application     resp = meth(*args, **kwargs)
Feb 26 17:00:07 ubuntu devstack@keystone.service[82079]: ERROR keystone.server.flask.application   File "/opt/stack/keystone/keystone/api/validation/__init__.py", line 86, in wrapper
Feb 26 17:00:07 ubuntu devstack@keystone.service[82079]: ERROR keystone.server.flask.application     return func(*args, **kwargs)
Feb 26 17:00:07 ubuntu devstack@keystone.service[82079]: ERROR keystone.server.flask.application   File "/opt/stack/keystone/keystone/api/validation/__init__.py", line 145, in wrapper
Feb 26 17:00:07 ubuntu devstack@keystone.service[82079]: ERROR keystone.server.flask.application     response = func(*args, **kwargs)
Feb 26 17:00:07 ubuntu devstack@keystone.service[82079]: ERROR keystone.server.flask.application   File "/opt/stack/keystone/keystone/api/roles.py", line 91, in post
Feb 26 17:00:07 ubuntu devstack@keystone.service[82079]: ERROR keystone.server.flask.application     ref = PROVIDERS.role_api.create_role(
Feb 26 17:00:07 ubuntu devstack@keystone.service[82079]: ERROR keystone.server.flask.application   File "/opt/stack/keystone/keystone/common/manager.py", line 114, in wrapped
Feb 26 17:00:07 ubuntu devstack@keystone.service[82079]: ERROR keystone.server.flask.application     __ret_val = __f(*args, **kwargs)
Feb 26 17:00:07 ubuntu devstack@keystone.service[82079]: ERROR keystone.server.flask.application   File "/opt/stack/keystone/keystone/assignment/core.py", line 1526, in create_role
Feb 26 17:00:07 ubuntu devstack@keystone.service[82079]: ERROR keystone.server.flask.application     ret = self.driver.create_role(role_id, role)
Feb 26 17:00:07 ubuntu devstack@keystone.service[82079]: ERROR keystone.server.flask.application   File "/opt/stack/keystone/keystone/common/sql/core.py", line 614, in wrapper
Feb 26 17:00:07 ubuntu devstack@keystone.service[82079]: ERROR keystone.server.flask.application     raise exception.Conflict(type=conflict_type, details=msg)
Feb 26 17:00:07 ubuntu devstack@keystone.service[82079]: ERROR keystone.server.flask.application keystone.exception.Conflict: Conflict occurred attempting to store role - Duplicate entry found with name service.
Feb 26 17:00:07 ubuntu devstack@keystone.service[82079]: ERROR keystone.server.flask.application 
Feb 26 17:00:07 ubuntu devstack@keystone.service[82079]: [pid: 82079|app: 0|req: 14/30] 10.201.5.82 () {60 vars in 1168 bytes} [Thu Feb 26 17:00:07 2026] POST /identity/v3/roles => generated 140 bytes in 73 msecs (HTTP/1.1 409) 5 headers in 183 bytes (1 switches on core 0)
Feb 26 17:00:07 ubuntu devstack@keystone.service[82079]: DEBUG keystone.server.flask.request_processing.middleware.auth_context [None req-7702bc72-92c9-4e9e-8f67-92f9e063411c None admin] Authenticating user token {{(pid=82079) process_request /opt/stack/data/venv/lib/python3.10/site-packages/keystonemiddleware/auth_token/__init__.py:407}}
Feb 26 17:00:07 ubuntu devstack@keystone.service[82078]: DEBUG keystone.server.flask.request_processing.middleware.auth_context [None req-2ab9862c-8aa7-431d-be74-b1fc273e90d6 None admin] Validating token access rules against request {{(pid=82078) validate_allowed_request /opt/stack/data/venv/lib/python3.10/site-packages/keystonemiddleware/auth_token/__init__.py:545}}
Feb 26 17:00:07 ubuntu devstack@keystone.service[82079]: DEBUG keystone.server.flask.request_processing.middleware.auth_context [None req-7702bc72-92c9-4e9e-8f67-92f9e063411c None admin] Validating token access rules against request {{(pid=82079) validate_allowed_request /opt/stack/data/venv/lib/python3.10/site-packages/keystonemiddleware/auth_token/__init__.py:545}}
Feb 26 17:00:07 ubuntu devstack@keystone.service[82078]: DEBUG keystone.server.flask.request_processing.middleware.auth_context [None req-0c3923dd-11c3-45fc-8a0b-9caf0e40b93b None admin] RBAC: auth_context: {'token': <TokenModel (audit_id=Q4If6cdwS1akq76wsPqqTA, audit_chain_id=['Q4If6cdwS1akq76wsPqqTA']) at 0x7f37c89cffa0>, 'domain_id': None, 'trust_id': None, 'trustor_id': None, 'trustee_id': None, 'domain_name': None, 'group_ids': [], 'user_id': '5dc54be8855747fc980b9bf397aa5700', 'user_domain_id': 'default', 'system_scope': 'all', 'project_id': None, 'project_domain_id': None, 'roles': ['admin', 'manager', 'member', 'reader'], 'is_admin_project': True, 'service_user_id': None, 'service_user_domain_id': None, 'service_project_id': None, 'service_project_domain_id': None, 'service_roles': []} {{(pid=82078) fill_context /opt/stack/keystone/keystone/server/flask/request_processing/middleware/auth_context.py:509}}
Feb 26 17:00:07 ubuntu devstack@keystone.service[82078]: DEBUG keystone.server.flask.request_processing.req_logging [None req-0c3923dd-11c3-45fc-8a0b-9caf0e40b93b None admin] REQUEST_METHOD: `GET` {{(pid=82078) log_request_info /opt/stack/keystone/keystone/server/flask/request_processing/req_logging.py:26}}
Feb 26 17:00:07 ubuntu devstack@keystone.service[82078]: DEBUG keystone.server.flask.request_processing.req_logging [None req-0c3923dd-11c3-45fc-8a0b-9caf0e40b93b None admin] SCRIPT_NAME: `/identity` {{(pid=82078) log_request_info /opt/stack/keystone/keystone/server/flask/request_processing/req_logging.py:27}}
Feb 26 17:00:07 ubuntu devstack@keystone.service[82078]: DEBUG keystone.server.flask.request_processing.req_logging [None req-0c3923dd-11c3-45fc-8a0b-9caf0e40b93b None admin] PATH_INFO: `/v3/domains/Default` {{(pid=82078) log_request_info /opt/stack/keystone/keystone/server/flask/request_processing/req_logging.py:28}}
Feb 26 17:00:07 ubuntu devstack@keystone.service[82079]: DEBUG keystone.server.flask.request_processing.middleware.auth_context [None req-539457e2-e120-4135-9011-80db241a06b0 None admin] RBAC: auth_context: {'token': <TokenModel (audit_id=y0Sp4AZ1QP-w-ORKzsEnNA, audit_chain_id=['y0Sp4AZ1QP-w-ORKzsEnNA']) at 0x7f37c7da2ad0>, 'domain_id': None, 'trust_id': None, 'trustor_id': None, 'trustee_id': None, 'domain_name': None, 'group_ids': [], 'user_id': '5dc54be8855747fc980b9bf397aa5700', 'user_domain_id': 'default', 'system_scope': 'all', 'project_id': None, 'project_domain_id': None, 'roles': ['admin', 'manager', 'member', 'reader'], 'is_admin_project': True, 'service_user_id': None, 'service_user_domain_id': None, 'service_project_id': None, 'service_project_domain_id': None, 'service_roles': []} {{(pid=82079) fill_context /opt/stack/keystone/keystone/server/flask/request_processing/middleware/auth_context.py:509}}
Feb 26 17:00:07 ubuntu devstack@keystone.service[82079]: DEBUG keystone.server.flask.request_processing.req_logging [None req-539457e2-e120-4135-9011-80db241a06b0 None admin] REQUEST_METHOD: `GET` {{(pid=82079) log_request_info /opt/stack/keystone/keystone/server/flask/request_processing/req_logging.py:26}}
Feb 26 17:00:07 ubuntu devstack@keystone.service[82079]: DEBUG keystone.server.flask.request_processing.req_logging [None req-539457e2-e120-4135-9011-80db241a06b0 None admin] SCRIPT_NAME: `/identity` {{(pid=82079) log_request_info /opt/stack/keystone/keystone/server/flask/request_processing/req_logging.py:27}}
Feb 26 17:00:07 ubuntu devstack@keystone.service[82079]: DEBUG keystone.server.flask.request_processing.req_logging [None req-539457e2-e120-4135-9011-80db241a06b0 None admin] PATH_INFO: `/v3/roles` {{(pid=82079) log_request_info /opt/stack/keystone/keystone/server/flask/request_processing/req_logging.py:28}}
Feb 26 17:00:07 ubuntu devstack@keystone.service[82079]: DEBUG keystone.common.rbac_enforcer.enforcer [None req-539457e2-e120-4135-9011-80db241a06b0 None admin] RBAC: Adding query filter params (name=admin) {{(pid=82079) _extract_filter_values /opt/stack/keystone/keystone/common/rbac_enforcer/enforcer.py:176}}
Feb 26 17:00:07 ubuntu devstack@keystone.service[82079]: DEBUG keystone.common.rbac_enforcer.enforcer [None req-539457e2-e120-4135-9011-80db241a06b0 None admin] RBAC: Authorizing `identity:list_roles()` {{(pid=82079) enforce_call /opt/stack/keystone/keystone/common/rbac_enforcer/enforcer.py:494}}
Feb 26 17:00:07 ubuntu devstack@keystone.service[82078]: DEBUG keystone.common.rbac_enforcer.enforcer [None req-0c3923dd-11c3-45fc-8a0b-9caf0e40b93b None admin] RBAC: Authorizing `identity:get_domain(domain_id=Default)` {{(pid=82078) enforce_call /opt/stack/keystone/keystone/common/rbac_enforcer/enforcer.py:494}}
Feb 26 17:00:07 ubuntu devstack@keystone.service[82079]: DEBUG keystone.common.rbac_enforcer.enforcer [None req-539457e2-e120-4135-9011-80db241a06b0 None admin] RBAC: Authorization granted {{(pid=82079) enforce_call /opt/stack/keystone/keystone/common/rbac_enforcer/enforcer.py:505}}
Feb 26 17:00:07 ubuntu devstack@keystone.service[82078]: DEBUG keystone.common.rbac_enforcer.enforcer [None req-0c3923dd-11c3-45fc-8a0b-9caf0e40b93b None admin] RBAC: Authorization granted {{(pid=82078) enforce_call /opt/stack/keystone/keystone/common/rbac_enforcer/enforcer.py:505}}
Feb 26 17:00:07 ubuntu devstack@keystone.service[82079]: [pid: 82079|app: 0|req: 15/31] 10.201.5.82 () {56 vars in 1149 bytes} [Thu Feb 26 17:00:07 2026] GET /identity/v3/roles?name=admin => generated 339 bytes in 64 msecs (HTTP/1.1 200) 5 headers in 177 bytes (1 switches on core 0)
Feb 26 17:00:07 ubuntu devstack@keystone.service[82078]: DEBUG keystone.server.flask.application [None req-0c3923dd-11c3-45fc-8a0b-9caf0e40b93b None admin] Could not find domain: Default. {{(pid=82078) _handle_keystone_exception /opt/stack/keystone/keystone/server/flask/application.py:146}}
Feb 26 17:00:07 ubuntu devstack@keystone.service[82079]: DEBUG keystone.server.flask.request_processing.middleware.auth_context [None req-539457e2-e120-4135-9011-80db241a06b0 None admin] Authenticating user token {{(pid=82079) process_request /opt/stack/data/venv/lib/python3.10/site-packages/keystonemiddleware/auth_token/__init__.py:407}}
Feb 26 17:00:07 ubuntu devstack@keystone.service[82078]: [pid: 82078|app: 0|req: 17/32] 10.201.5.82 () {56 vars in 1145 bytes} [Thu Feb 26 17:00:07 2026] GET /identity/v3/domains/Default => generated 87 bytes in 74 msecs (HTTP/1.1 404) 5 headers in 183 bytes (1 switches on core 0)
Feb 26 17:00:07 ubuntu devstack@keystone.service[82078]: DEBUG keystone.server.flask.request_processing.req_logging [None req-4697b01d-e0f1-48cb-8833-08cf4e91a827 None None] REQUEST_METHOD: `GET` {{(pid=82078) log_request_info /opt/stack/keystone/keystone/server/flask/request_processing/req_logging.py:26}}
Feb 26 17:00:07 ubuntu devstack@keystone.service[82078]: DEBUG keystone.server.flask.request_processing.req_logging [None req-4697b01d-e0f1-48cb-8833-08cf4e91a827 None None] SCRIPT_NAME: `/identity` {{(pid=82078) log_request_info /opt/stack/keystone/keystone/server/flask/request_processing/req_logging.py:27}}
Feb 26 17:00:07 ubuntu devstack@keystone.service[82078]: DEBUG keystone.server.flask.request_processing.req_logging [None req-4697b01d-e0f1-48cb-8833-08cf4e91a827 None None] PATH_INFO: `/` {{(pid=82078) log_request_info /opt/stack/keystone/keystone/server/flask/request_processing/req_logging.py:28}}
Feb 26 17:00:07 ubuntu devstack@keystone.service[82078]: [pid: 82078|app: 0|req: 18/33] 10.201.5.82 () {54 vars in 920 bytes} [Thu Feb 26 17:00:07 2026] GET /identity => generated 270 bytes in 1 msecs (HTTP/1.1 300) 6 headers in 234 bytes (1 switches on core 0)
Feb 26 17:00:07 ubuntu devstack@keystone.service[82078]: DEBUG keystone.server.flask.request_processing.middleware.auth_context [None req-4697b01d-e0f1-48cb-8833-08cf4e91a827 None None] Authenticating user token {{(pid=82078) process_request /opt/stack/data/venv/lib/python3.10/site-packages/keystonemiddleware/auth_token/__init__.py:407}}
Feb 26 17:00:07 ubuntu devstack@keystone.service[82079]: DEBUG keystone.server.flask.request_processing.middleware.auth_context [None req-539457e2-e120-4135-9011-80db241a06b0 None admin] Validating token access rules against request {{(pid=82079) validate_allowed_request /opt/stack/data/venv/lib/python3.10/site-packages/keystonemiddleware/auth_token/__init__.py:545}}
Feb 26 17:00:07 ubuntu devstack@keystone.service[82078]: DEBUG keystone.server.flask.request_processing.middleware.auth_context [None req-4697b01d-e0f1-48cb-8833-08cf4e91a827 None None] Validating token access rules against request {{(pid=82078) validate_allowed_request /opt/stack/data/venv/lib/python3.10/site-packages/keystonemiddleware/auth_token/__init__.py:545}}
