Mar 26 19:31:56 ubuntu devstack@c-api.service[126202]: WARNING castellan.key_manager [None req-2648e1cb-ea47-45ae-bddd-66a1921efeb0 None None] Deprecation Warning : cinder.keymgr.conf_key_mgr.ConfKeyManager is not a stevedore based driver, trying to load it as a class: stevedore.exception.NoMatches: No 'castellan.drivers' driver found, looking for 'cinder.keymgr.conf_key_mgr.ConfKeyManager'
Mar 26 19:31:56 ubuntu devstack@c-api.service[126202]: WARNING stevedore.named [None req-2648e1cb-ea47-45ae-bddd-66a1921efeb0 None None] Could not load cinder.keymgr.conf_key_mgr.ConfKeyManager
Mar 26 19:31:56 ubuntu devstack@c-api.service[126202]: WARNING castellan.key_manager [None req-2648e1cb-ea47-45ae-bddd-66a1921efeb0 None None] Deprecation Warning : cinder.keymgr.conf_key_mgr.ConfKeyManager is not a stevedore based driver, trying to load it as a class: stevedore.exception.NoMatches: No 'castellan.drivers' driver found, looking for 'cinder.keymgr.conf_key_mgr.ConfKeyManager'
Mar 26 19:31:56 ubuntu devstack@c-api.service[126203]: DEBUG cinder.api.openstack [None req-8bced7dd-f93a-4892-84be-201ade118700 None None] Extended resource: os-volume-type-access {{(pid=126203) _setup_ext_routes /opt/stack/cinder/cinder/api/openstack/__init__.py:129}}
Mar 26 19:31:56 ubuntu devstack@c-api.service[126202]: WARNING stevedore.named [None req-2648e1cb-ea47-45ae-bddd-66a1921efeb0 None None] Could not load cinder.keymgr.conf_key_mgr.ConfKeyManager
Mar 26 19:31:56 ubuntu devstack@c-api.service[126202]: WARNING castellan.key_manager [None req-2648e1cb-ea47-45ae-bddd-66a1921efeb0 None None] Deprecation Warning : cinder.keymgr.conf_key_mgr.ConfKeyManager is not a stevedore based driver, trying to load it as a class: stevedore.exception.NoMatches: No 'castellan.drivers' driver found, looking for 'cinder.keymgr.conf_key_mgr.ConfKeyManager'
Mar 26 19:31:56 ubuntu devstack@c-api.service[126203]: DEBUG cinder.api.openstack [None req-8bced7dd-f93a-4892-84be-201ade118700 None None] Extended resource: os-hosts {{(pid=126203) _setup_ext_routes /opt/stack/cinder/cinder/api/openstack/__init__.py:129}}
Mar 26 19:31:56 ubuntu devstack@c-api.service[126202]: WARNING stevedore.named [None req-2648e1cb-ea47-45ae-bddd-66a1921efeb0 None None] Could not load cinder.keymgr.conf_key_mgr.ConfKeyManager
Mar 26 19:31:56 ubuntu devstack@c-api.service[126202]: WARNING castellan.key_manager [None req-2648e1cb-ea47-45ae-bddd-66a1921efeb0 None None] Deprecation Warning : cinder.keymgr.conf_key_mgr.ConfKeyManager is not a stevedore based driver, trying to load it as a class: stevedore.exception.NoMatches: No 'castellan.drivers' driver found, looking for 'cinder.keymgr.conf_key_mgr.ConfKeyManager'
Mar 26 19:31:56 ubuntu devstack@c-api.service[126203]: DEBUG cinder.api.openstack [None req-8bced7dd-f93a-4892-84be-201ade118700 None None] Extended resource: os-quota-class-sets {{(pid=126203) _setup_ext_routes /opt/stack/cinder/cinder/api/openstack/__init__.py:129}}
Mar 26 19:31:56 ubuntu devstack@c-api.service[126202]: WARNING stevedore.named [None req-2648e1cb-ea47-45ae-bddd-66a1921efeb0 None None] Could not load cinder.keymgr.conf_key_mgr.ConfKeyManager
Mar 26 19:31:56 ubuntu devstack@c-api.service[126202]: WARNING castellan.key_manager [None req-2648e1cb-ea47-45ae-bddd-66a1921efeb0 None None] Deprecation Warning : cinder.keymgr.conf_key_mgr.ConfKeyManager is not a stevedore based driver, trying to load it as a class: stevedore.exception.NoMatches: No 'castellan.drivers' driver found, looking for 'cinder.keymgr.conf_key_mgr.ConfKeyManager'
Mar 26 19:31:56 ubuntu devstack@c-api.service[126203]: DEBUG cinder.api.openstack [None req-8bced7dd-f93a-4892-84be-201ade118700 None None] Extended resource: os-volume-manage {{(pid=126203) _setup_ext_routes /opt/stack/cinder/cinder/api/openstack/__init__.py:129}}
Mar 26 19:31:56 ubuntu devstack@c-api.service[126202]: WARNING stevedore.named [None req-2648e1cb-ea47-45ae-bddd-66a1921efeb0 None None] Could not load cinder.keymgr.conf_key_mgr.ConfKeyManager
Mar 26 19:31:56 ubuntu devstack@c-api.service[126202]: WARNING castellan.key_manager [None req-2648e1cb-ea47-45ae-bddd-66a1921efeb0 None None] Deprecation Warning : cinder.keymgr.conf_key_mgr.ConfKeyManager is not a stevedore based driver, trying to load it as a class: stevedore.exception.NoMatches: No 'castellan.drivers' driver found, looking for 'cinder.keymgr.conf_key_mgr.ConfKeyManager'
Mar 26 19:31:56 ubuntu devstack@c-api.service[126203]: DEBUG cinder.api.openstack [None req-8bced7dd-f93a-4892-84be-201ade118700 None None] Extended resource: os-availability-zone {{(pid=126203) _setup_ext_routes /opt/stack/cinder/cinder/api/openstack/__init__.py:129}}
Mar 26 19:31:56 ubuntu devstack@c-api.service[126202]: WARNING stevedore.named [None req-2648e1cb-ea47-45ae-bddd-66a1921efeb0 None None] Could not load cinder.keymgr.conf_key_mgr.ConfKeyManager
Mar 26 19:31:56 ubuntu devstack@c-api.service[126202]: WARNING castellan.key_manager [None req-2648e1cb-ea47-45ae-bddd-66a1921efeb0 None None] Deprecation Warning : cinder.keymgr.conf_key_mgr.ConfKeyManager is not a stevedore based driver, trying to load it as a class: stevedore.exception.NoMatches: No 'castellan.drivers' driver found, looking for 'cinder.keymgr.conf_key_mgr.ConfKeyManager'
Mar 26 19:31:56 ubuntu devstack@c-api.service[126203]: WARNING stevedore.named [None req-8bced7dd-f93a-4892-84be-201ade118700 None None] Could not load cinder.keymgr.conf_key_mgr.ConfKeyManager
Mar 26 19:31:56 ubuntu devstack@c-api.service[126202]: WARNING stevedore.named [None req-2648e1cb-ea47-45ae-bddd-66a1921efeb0 None None] Could not load cinder.keymgr.conf_key_mgr.ConfKeyManager
Mar 26 19:31:56 ubuntu devstack@c-api.service[126203]: WARNING castellan.key_manager [None req-8bced7dd-f93a-4892-84be-201ade118700 None None] Deprecation Warning : cinder.keymgr.conf_key_mgr.ConfKeyManager is not a stevedore based driver, trying to load it as a class: stevedore.exception.NoMatches: No 'castellan.drivers' driver found, looking for 'cinder.keymgr.conf_key_mgr.ConfKeyManager'
Mar 26 19:31:56 ubuntu devstack@c-api.service[126202]: WARNING castellan.key_manager [None req-2648e1cb-ea47-45ae-bddd-66a1921efeb0 None None] Deprecation Warning : cinder.keymgr.conf_key_mgr.ConfKeyManager is not a stevedore based driver, trying to load it as a class: stevedore.exception.NoMatches: No 'castellan.drivers' driver found, looking for 'cinder.keymgr.conf_key_mgr.ConfKeyManager'
Mar 26 19:31:56 ubuntu devstack@c-api.service[126202]: DEBUG cinder.api.contrib.snapshot_actions [None req-2648e1cb-ea47-45ae-bddd-66a1921efeb0 None None] SnapshotActionsController initialized {{(pid=126202) __init__ /opt/stack/cinder/cinder/api/contrib/snapshot_actions.py:33}}
Mar 26 19:31:56 ubuntu devstack@c-api.service[126202]: DEBUG cinder.api.openstack [None req-2648e1cb-ea47-45ae-bddd-66a1921efeb0 None None] Extension AdminActions extending resource: volumes {{(pid=126202) _setup_extensions /opt/stack/cinder/cinder/api/openstack/__init__.py:159}}
Mar 26 19:31:56 ubuntu devstack@c-api.service[126203]: WARNING stevedore.named [None req-8bced7dd-f93a-4892-84be-201ade118700 None None] Could not load cinder.keymgr.conf_key_mgr.ConfKeyManager
Mar 26 19:31:56 ubuntu devstack@c-api.service[126203]: WARNING castellan.key_manager [None req-8bced7dd-f93a-4892-84be-201ade118700 None None] Deprecation Warning : cinder.keymgr.conf_key_mgr.ConfKeyManager is not a stevedore based driver, trying to load it as a class: stevedore.exception.NoMatches: No 'castellan.drivers' driver found, looking for 'cinder.keymgr.conf_key_mgr.ConfKeyManager'
Mar 26 19:31:56 ubuntu devstack@c-api.service[126202]: DEBUG cinder.api.openstack [None req-2648e1cb-ea47-45ae-bddd-66a1921efeb0 None None] Extension AdminActions extending resource: snapshots {{(pid=126202) _setup_extensions /opt/stack/cinder/cinder/api/openstack/__init__.py:159}}
Mar 26 19:31:56 ubuntu devstack@c-api.service[126202]: DEBUG cinder.api.openstack [None req-2648e1cb-ea47-45ae-bddd-66a1921efeb0 None None] Extension AdminActions extending resource: backups {{(pid=126202) _setup_extensions /opt/stack/cinder/cinder/api/openstack/__init__.py:159}}
Mar 26 19:31:56 ubuntu devstack@c-api.service[126202]: DEBUG cinder.api.openstack [None req-2648e1cb-ea47-45ae-bddd-66a1921efeb0 None None] Extension SnapshotUnmanage extending resource: snapshots {{(pid=126202) _setup_extensions /opt/stack/cinder/cinder/api/openstack/__init__.py:159}}
Mar 26 19:31:56 ubuntu devstack@c-api.service[126203]: WARNING stevedore.named [None req-8bced7dd-f93a-4892-84be-201ade118700 None None] Could not load cinder.keymgr.conf_key_mgr.ConfKeyManager
Mar 26 19:31:56 ubuntu devstack@c-api.service[126203]: WARNING castellan.key_manager [None req-8bced7dd-f93a-4892-84be-201ade118700 None None] Deprecation Warning : cinder.keymgr.conf_key_mgr.ConfKeyManager is not a stevedore based driver, trying to load it as a class: stevedore.exception.NoMatches: No 'castellan.drivers' driver found, looking for 'cinder.keymgr.conf_key_mgr.ConfKeyManager'
Mar 26 19:31:56 ubuntu devstack@c-api.service[126202]: DEBUG cinder.api.openstack [None req-2648e1cb-ea47-45ae-bddd-66a1921efeb0 None None] Extension VolumeActions extending resource: volumes {{(pid=126202) _setup_extensions /opt/stack/cinder/cinder/api/openstack/__init__.py:159}}
Mar 26 19:31:56 ubuntu devstack@c-api.service[126202]: DEBUG cinder.api.openstack [None req-2648e1cb-ea47-45ae-bddd-66a1921efeb0 None None] Extension VolumeTypeEncryption extending resource: types {{(pid=126202) _setup_extensions /opt/stack/cinder/cinder/api/openstack/__init__.py:159}}
Mar 26 19:31:56 ubuntu devstack@c-api.service[126203]: WARNING stevedore.named [None req-8bced7dd-f93a-4892-84be-201ade118700 None None] Could not load cinder.keymgr.conf_key_mgr.ConfKeyManager
Mar 26 19:31:56 ubuntu devstack@c-api.service[126202]: DEBUG cinder.api.openstack [None req-2648e1cb-ea47-45ae-bddd-66a1921efeb0 None None] Extension VolumeMigStatusAttribute extending resource: volumes {{(pid=126202) _setup_extensions /opt/stack/cinder/cinder/api/openstack/__init__.py:159}}
Mar 26 19:31:56 ubuntu devstack@c-api.service[126203]: WARNING castellan.key_manager [None req-8bced7dd-f93a-4892-84be-201ade118700 None None] Deprecation Warning : cinder.keymgr.conf_key_mgr.ConfKeyManager is not a stevedore based driver, trying to load it as a class: stevedore.exception.NoMatches: No 'castellan.drivers' driver found, looking for 'cinder.keymgr.conf_key_mgr.ConfKeyManager'
Mar 26 19:31:56 ubuntu devstack@c-api.service[126202]: DEBUG cinder.api.openstack [None req-2648e1cb-ea47-45ae-bddd-66a1921efeb0 None None] Extension VolumeUnmanage extending resource: volumes {{(pid=126202) _setup_extensions /opt/stack/cinder/cinder/api/openstack/__init__.py:159}}
Mar 26 19:31:56 ubuntu devstack@c-api.service[126202]: DEBUG cinder.api.openstack [None req-2648e1cb-ea47-45ae-bddd-66a1921efeb0 None None] Extension TypesManage extending resource: types {{(pid=126202) _setup_extensions /opt/stack/cinder/cinder/api/openstack/__init__.py:159}}
Mar 26 19:31:56 ubuntu devstack@c-api.service[126202]: DEBUG cinder.api.openstack [None req-2648e1cb-ea47-45ae-bddd-66a1921efeb0 None None] Extension VolumeImageMetadata extending resource: volumes {{(pid=126202) _setup_extensions /opt/stack/cinder/cinder/api/openstack/__init__.py:159}}
Mar 26 19:31:56 ubuntu devstack@c-api.service[126202]: DEBUG cinder.api.openstack [None req-2648e1cb-ea47-45ae-bddd-66a1921efeb0 None None] Extension UsedLimits extending resource: limits {{(pid=126202) _setup_extensions /opt/stack/cinder/cinder/api/openstack/__init__.py:159}}
Mar 26 19:31:56 ubuntu devstack@c-api.service[126202]: DEBUG cinder.api.openstack [None req-2648e1cb-ea47-45ae-bddd-66a1921efeb0 None None] Extension VolumeTypeAccess extending resource: types {{(pid=126202) _setup_extensions /opt/stack/cinder/cinder/api/openstack/__init__.py:159}}
Mar 26 19:31:56 ubuntu devstack@c-api.service[126202]: DEBUG cinder.api.openstack [None req-2648e1cb-ea47-45ae-bddd-66a1921efeb0 None None] Extension VolumeTenantAttribute extending resource: volumes {{(pid=126202) _setup_extensions /opt/stack/cinder/cinder/api/openstack/__init__.py:159}}
Mar 26 19:31:56 ubuntu devstack@c-api.service[126203]: WARNING stevedore.named [None req-8bced7dd-f93a-4892-84be-201ade118700 None None] Could not load cinder.keymgr.conf_key_mgr.ConfKeyManager
Mar 26 19:31:56 ubuntu devstack@c-api.service[126202]: DEBUG cinder.api.openstack [None req-2648e1cb-ea47-45ae-bddd-66a1921efeb0 None None] Extension SnapshotActions extending resource: snapshots {{(pid=126202) _setup_extensions /opt/stack/cinder/cinder/api/openstack/__init__.py:159}}
Mar 26 19:31:56 ubuntu devstack@c-api.service[126202]: DEBUG cinder.api.openstack [None req-2648e1cb-ea47-45ae-bddd-66a1921efeb0 None None] Extension ExtendedSnapshotAttributes extending resource: snapshots {{(pid=126202) _setup_extensions /opt/stack/cinder/cinder/api/openstack/__init__.py:159}}
Mar 26 19:31:56 ubuntu devstack@c-api.service[126203]: WARNING castellan.key_manager [None req-8bced7dd-f93a-4892-84be-201ade118700 None None] Deprecation Warning : cinder.keymgr.conf_key_mgr.ConfKeyManager is not a stevedore based driver, trying to load it as a class: stevedore.exception.NoMatches: No 'castellan.drivers' driver found, looking for 'cinder.keymgr.conf_key_mgr.ConfKeyManager'
Mar 26 19:31:56 ubuntu devstack@c-api.service[126203]: WARNING stevedore.named [None req-8bced7dd-f93a-4892-84be-201ade118700 None None] Could not load cinder.keymgr.conf_key_mgr.ConfKeyManager
Mar 26 19:31:56 ubuntu devstack@c-api.service[126203]: WARNING castellan.key_manager [None req-8bced7dd-f93a-4892-84be-201ade118700 None None] Deprecation Warning : cinder.keymgr.conf_key_mgr.ConfKeyManager is not a stevedore based driver, trying to load it as a class: stevedore.exception.NoMatches: No 'castellan.drivers' driver found, looking for 'cinder.keymgr.conf_key_mgr.ConfKeyManager'
Mar 26 19:31:56 ubuntu devstack@c-api.service[126203]: WARNING stevedore.named [None req-8bced7dd-f93a-4892-84be-201ade118700 None None] Could not load cinder.keymgr.conf_key_mgr.ConfKeyManager
Mar 26 19:31:56 ubuntu devstack@c-api.service[126203]: WARNING castellan.key_manager [None req-8bced7dd-f93a-4892-84be-201ade118700 None None] Deprecation Warning : cinder.keymgr.conf_key_mgr.ConfKeyManager is not a stevedore based driver, trying to load it as a class: stevedore.exception.NoMatches: No 'castellan.drivers' driver found, looking for 'cinder.keymgr.conf_key_mgr.ConfKeyManager'
Mar 26 19:31:56 ubuntu devstack@c-api.service[126202]: DEBUG cinder.api.openstack [None req-2648e1cb-ea47-45ae-bddd-66a1921efeb0 None None] Extension VolumeHostAttribute extending resource: volumes {{(pid=126202) _setup_extensions /opt/stack/cinder/cinder/api/openstack/__init__.py:159}}
Mar 26 19:31:56 ubuntu devstack@c-api.service[126203]: WARNING stevedore.named [None req-8bced7dd-f93a-4892-84be-201ade118700 None None] Could not load cinder.keymgr.conf_key_mgr.ConfKeyManager
Mar 26 19:31:56 ubuntu devstack@c-api.service[126203]: WARNING castellan.key_manager [None req-8bced7dd-f93a-4892-84be-201ade118700 None None] Deprecation Warning : cinder.keymgr.conf_key_mgr.ConfKeyManager is not a stevedore based driver, trying to load it as a class: stevedore.exception.NoMatches: No 'castellan.drivers' driver found, looking for 'cinder.keymgr.conf_key_mgr.ConfKeyManager'
Mar 26 19:31:56 ubuntu devstack@c-api.service[126203]: WARNING stevedore.named [None req-8bced7dd-f93a-4892-84be-201ade118700 None None] Could not load cinder.keymgr.conf_key_mgr.ConfKeyManager
Mar 26 19:31:56 ubuntu devstack@c-api.service[126203]: WARNING castellan.key_manager [None req-8bced7dd-f93a-4892-84be-201ade118700 None None] Deprecation Warning : cinder.keymgr.conf_key_mgr.ConfKeyManager is not a stevedore based driver, trying to load it as a class: stevedore.exception.NoMatches: No 'castellan.drivers' driver found, looking for 'cinder.keymgr.conf_key_mgr.ConfKeyManager'
Mar 26 19:31:56 ubuntu devstack@c-api.service[126203]: WARNING stevedore.named [None req-8bced7dd-f93a-4892-84be-201ade118700 None None] Could not load cinder.keymgr.conf_key_mgr.ConfKeyManager
Mar 26 19:31:56 ubuntu devstack@c-api.service[126203]: WARNING castellan.key_manager [None req-8bced7dd-f93a-4892-84be-201ade118700 None None] Deprecation Warning : cinder.keymgr.conf_key_mgr.ConfKeyManager is not a stevedore based driver, trying to load it as a class: stevedore.exception.NoMatches: No 'castellan.drivers' driver found, looking for 'cinder.keymgr.conf_key_mgr.ConfKeyManager'
Mar 26 19:31:56 ubuntu devstack@c-api.service[126202]: WARNING keystonemiddleware.auth_token [None req-2648e1cb-ea47-45ae-bddd-66a1921efeb0 None None] AuthToken middleware is set with keystone_authtoken.service_token_roles_required set to False. This is backwards compatible but deprecated behaviour. Please set this to True.
Mar 26 19:31:56 ubuntu devstack@c-api.service[126203]: DEBUG cinder.api.contrib.snapshot_actions [None req-8bced7dd-f93a-4892-84be-201ade118700 None None] SnapshotActionsController initialized {{(pid=126203) __init__ /opt/stack/cinder/cinder/api/contrib/snapshot_actions.py:33}}
Mar 26 19:31:56 ubuntu devstack@c-api.service[126203]: DEBUG cinder.api.openstack [None req-8bced7dd-f93a-4892-84be-201ade118700 None None] Extension AdminActions extending resource: volumes {{(pid=126203) _setup_extensions /opt/stack/cinder/cinder/api/openstack/__init__.py:159}}
Mar 26 19:31:56 ubuntu devstack@c-api.service[126203]: DEBUG cinder.api.openstack [None req-8bced7dd-f93a-4892-84be-201ade118700 None None] Extension AdminActions extending resource: snapshots {{(pid=126203) _setup_extensions /opt/stack/cinder/cinder/api/openstack/__init__.py:159}}
Mar 26 19:31:56 ubuntu devstack@c-api.service[126203]: DEBUG cinder.api.openstack [None req-8bced7dd-f93a-4892-84be-201ade118700 None None] Extension AdminActions extending resource: backups {{(pid=126203) _setup_extensions /opt/stack/cinder/cinder/api/openstack/__init__.py:159}}
Mar 26 19:31:56 ubuntu devstack@c-api.service[126203]: DEBUG cinder.api.openstack [None req-8bced7dd-f93a-4892-84be-201ade118700 None None] Extension SnapshotUnmanage extending resource: snapshots {{(pid=126203) _setup_extensions /opt/stack/cinder/cinder/api/openstack/__init__.py:159}}
Mar 26 19:31:56 ubuntu devstack@c-api.service[126203]: DEBUG cinder.api.openstack [None req-8bced7dd-f93a-4892-84be-201ade118700 None None] Extension VolumeActions extending resource: volumes {{(pid=126203) _setup_extensions /opt/stack/cinder/cinder/api/openstack/__init__.py:159}}
Mar 26 19:31:56 ubuntu devstack@c-api.service[126203]: DEBUG cinder.api.openstack [None req-8bced7dd-f93a-4892-84be-201ade118700 None None] Extension VolumeTypeEncryption extending resource: types {{(pid=126203) _setup_extensions /opt/stack/cinder/cinder/api/openstack/__init__.py:159}}
Mar 26 19:31:56 ubuntu devstack@c-api.service[126203]: DEBUG cinder.api.openstack [None req-8bced7dd-f93a-4892-84be-201ade118700 None None] Extension VolumeMigStatusAttribute extending resource: volumes {{(pid=126203) _setup_extensions /opt/stack/cinder/cinder/api/openstack/__init__.py:159}}
Mar 26 19:31:56 ubuntu devstack@c-api.service[126203]: DEBUG cinder.api.openstack [None req-8bced7dd-f93a-4892-84be-201ade118700 None None] Extension VolumeUnmanage extending resource: volumes {{(pid=126203) _setup_extensions /opt/stack/cinder/cinder/api/openstack/__init__.py:159}}
Mar 26 19:31:56 ubuntu devstack@c-api.service[126203]: DEBUG cinder.api.openstack [None req-8bced7dd-f93a-4892-84be-201ade118700 None None] Extension TypesManage extending resource: types {{(pid=126203) _setup_extensions /opt/stack/cinder/cinder/api/openstack/__init__.py:159}}
Mar 26 19:31:56 ubuntu devstack@c-api.service[126203]: DEBUG cinder.api.openstack [None req-8bced7dd-f93a-4892-84be-201ade118700 None None] Extension VolumeImageMetadata extending resource: volumes {{(pid=126203) _setup_extensions /opt/stack/cinder/cinder/api/openstack/__init__.py:159}}
Mar 26 19:31:56 ubuntu devstack@c-api.service[126203]: DEBUG cinder.api.openstack [None req-8bced7dd-f93a-4892-84be-201ade118700 None None] Extension UsedLimits extending resource: limits {{(pid=126203) _setup_extensions /opt/stack/cinder/cinder/api/openstack/__init__.py:159}}
Mar 26 19:31:56 ubuntu devstack@c-api.service[126203]: DEBUG cinder.api.openstack [None req-8bced7dd-f93a-4892-84be-201ade118700 None None] Extension VolumeTypeAccess extending resource: types {{(pid=126203) _setup_extensions /opt/stack/cinder/cinder/api/openstack/__init__.py:159}}
Mar 26 19:31:56 ubuntu devstack@c-api.service[126203]: DEBUG cinder.api.openstack [None req-8bced7dd-f93a-4892-84be-201ade118700 None None] Extension VolumeTenantAttribute extending resource: volumes {{(pid=126203) _setup_extensions /opt/stack/cinder/cinder/api/openstack/__init__.py:159}}
Mar 26 19:31:56 ubuntu devstack@c-api.service[126203]: DEBUG cinder.api.openstack [None req-8bced7dd-f93a-4892-84be-201ade118700 None None] Extension SnapshotActions extending resource: snapshots {{(pid=126203) _setup_extensions /opt/stack/cinder/cinder/api/openstack/__init__.py:159}}
Mar 26 19:31:56 ubuntu devstack@c-api.service[126203]: DEBUG cinder.api.openstack [None req-8bced7dd-f93a-4892-84be-201ade118700 None None] Extension ExtendedSnapshotAttributes extending resource: snapshots {{(pid=126203) _setup_extensions /opt/stack/cinder/cinder/api/openstack/__init__.py:159}}
Mar 26 19:31:56 ubuntu devstack@c-api.service[126203]: DEBUG cinder.api.openstack [None req-8bced7dd-f93a-4892-84be-201ade118700 None None] Extension VolumeHostAttribute extending resource: volumes {{(pid=126203) _setup_extensions /opt/stack/cinder/cinder/api/openstack/__init__.py:159}}
Mar 26 19:31:56 ubuntu devstack@c-api.service[126203]: WARNING keystonemiddleware.auth_token [None req-8bced7dd-f93a-4892-84be-201ade118700 None None] AuthToken middleware is set with keystone_authtoken.service_token_roles_required set to False. This is backwards compatible but deprecated behaviour. Please set this to True.
Mar 26 19:31:56 ubuntu devstack@c-api.service[126202]: WARNING keystonemiddleware.auth_token [None req-2648e1cb-ea47-45ae-bddd-66a1921efeb0 None None] Configuring www_authenticate_uri to point to the public identity endpoint is required; clients may not be able to authenticate against an admin endpoint
Mar 26 19:31:56 ubuntu devstack@c-api.service[126203]: WARNING keystonemiddleware.auth_token [None req-8bced7dd-f93a-4892-84be-201ade118700 None None] Configuring www_authenticate_uri to point to the public identity endpoint is required; clients may not be able to authenticate against an admin endpoint
Mar 26 19:31:56 ubuntu devstack@c-api.service[126202]: WSGI app 0 (mountpoint='') ready in 2 seconds on interpreter 0x55dbdba8fd40 pid: 126202 (default app)
Mar 26 19:31:56 ubuntu devstack@c-api.service[126203]: WSGI app 0 (mountpoint='') ready in 2 seconds on interpreter 0x55dbdba8fd40 pid: 126203 (default app)
Mar 26 19:31:56 ubuntu devstack@c-api.service[126202]: /opt/stack/data/venv/lib/python3.10/site-packages/oslo_policy/policy.py:813: UserWarning: Policy "volume:attachment_create":"" was deprecated in X in favor of "volume:attachment_create":"rule:xena_system_admin_or_project_member". Reason: Default policies now support the three Keystone default roles, namely 'admin', 'member', and 'reader' to implement three Cinder "personas".  See "Policy Personas and Permissions" in the "Cinder Service Configuration" documentation (Xena release) for details.. Either ensure your deployment is ready for the new default or copy/paste the deprecated policy into your policy file and maintain it manually.
Mar 26 19:31:56 ubuntu devstack@c-api.service[126202]:   warnings.warn(deprecated_msg)
Mar 26 19:31:56 ubuntu devstack@c-api.service[126202]: /opt/stack/data/venv/lib/python3.10/site-packages/oslo_policy/policy.py:813: UserWarning: Policy "volume:attachment_update":"rule:admin_or_owner" was deprecated in X in favor of "volume:attachment_update":"rule:xena_system_admin_or_project_member". Reason: Default policies now support the three Keystone default roles, namely 'admin', 'member', and 'reader' to implement three Cinder "personas".  See "Policy Personas and Permissions" in the "Cinder Service Configuration" documentation (Xena release) for details.. Either ensure your deployment is ready for the new default or copy/paste the deprecated policy into your policy file and maintain it manually.
Mar 26 19:31:56 ubuntu devstack@c-api.service[126202]:   warnings.warn(deprecated_msg)
Mar 26 19:31:56 ubuntu devstack@c-api.service[126202]: /opt/stack/data/venv/lib/python3.10/site-packages/oslo_policy/policy.py:813: UserWarning: Policy "volume:attachment_delete":"rule:admin_or_owner" was deprecated in X in favor of "volume:attachment_delete":"rule:xena_system_admin_or_project_member". Reason: Default policies now support the three Keystone default roles, namely 'admin', 'member', and 'reader' to implement three Cinder "personas".  See "Policy Personas and Permissions" in the "Cinder Service Configuration" documentation (Xena release) for details.. Either ensure your deployment is ready for the new default or copy/paste the deprecated policy into your policy file and maintain it manually.
Mar 26 19:31:56 ubuntu devstack@c-api.service[126202]:   warnings.warn(deprecated_msg)
Mar 26 19:31:56 ubuntu devstack@c-api.service[126202]: /opt/stack/data/venv/lib/python3.10/site-packages/oslo_policy/policy.py:813: UserWarning: Policy "volume:attachment_complete":"rule:admin_or_owner" was deprecated in X in favor of "volume:attachment_complete":"rule:xena_system_admin_or_project_member". Reason: Default policies now support the three Keystone default roles, namely 'admin', 'member', and 'reader' to implement three Cinder "personas".  See "Policy Personas and Permissions" in the "Cinder Service Configuration" documentation (Xena release) for details.. Either ensure your deployment is ready for the new default or copy/paste the deprecated policy into your policy file and maintain it manually.
Mar 26 19:31:56 ubuntu devstack@c-api.service[126202]:   warnings.warn(deprecated_msg)
Mar 26 19:31:56 ubuntu devstack@c-api.service[126202]: /opt/stack/data/venv/lib/python3.10/site-packages/oslo_policy/policy.py:813: UserWarning: Policy "volume:multiattach_bootable_volume":"rule:admin_or_owner" was deprecated in X in favor of "volume:multiattach_bootable_volume":"rule:xena_system_admin_or_project_member". Reason: Default policies now support the three Keystone default roles, namely 'admin', 'member', and 'reader' to implement three Cinder "personas".  See "Policy Personas and Permissions" in the "Cinder Service Configuration" documentation (Xena release) for details.. Either ensure your deployment is ready for the new default or copy/paste the deprecated policy into your policy file and maintain it manually.
Mar 26 19:31:56 ubuntu devstack@c-api.service[126202]:   warnings.warn(deprecated_msg)
Mar 26 19:31:56 ubuntu devstack@c-api.service[126202]: /opt/stack/data/venv/lib/python3.10/site-packages/oslo_policy/policy.py:813: UserWarning: Policy "message:get_all":"rule:admin_or_owner" was deprecated in X in favor of "message:get_all":"rule:xena_system_admin_or_project_reader". Reason: Default policies now support the three Keystone default roles, namely 'admin', 'member', and 'reader' to implement three Cinder "personas".  See "Policy Personas and Permissions" in the "Cinder Service Configuration" documentation (Xena release) for details.. Either ensure your deployment is ready for the new default or copy/paste the deprecated policy into your policy file and maintain it manually.
Mar 26 19:31:56 ubuntu devstack@c-api.service[126202]:   warnings.warn(deprecated_msg)
Mar 26 19:31:56 ubuntu devstack@c-api.service[126202]: /opt/stack/data/venv/lib/python3.10/site-packages/oslo_policy/policy.py:813: UserWarning: Policy "message:get":"rule:admin_or_owner" was deprecated in X in favor of "message:get":"rule:xena_system_admin_or_project_reader". Reason: Default policies now support the three Keystone default roles, namely 'admin', 'member', and 'reader' to implement three Cinder "personas".  See "Policy Personas and Permissions" in the "Cinder Service Configuration" documentation (Xena release) for details.. Either ensure your deployment is ready for the new default or copy/paste the deprecated policy into your policy file and maintain it manually.
Mar 26 19:31:56 ubuntu devstack@c-api.service[126202]:   warnings.warn(deprecated_msg)
Mar 26 19:31:56 ubuntu devstack@c-api.service[126202]: /opt/stack/data/venv/lib/python3.10/site-packages/oslo_policy/policy.py:813: UserWarning: Policy "message:delete":"rule:admin_or_owner" was deprecated in X in favor of "message:delete":"rule:xena_system_admin_or_project_member". Reason: Default policies now support the three Keystone default roles, namely 'admin', 'member', and 'reader' to implement three Cinder "personas".  See "Policy Personas and Permissions" in the "Cinder Service Configuration" documentation (Xena release) for details.. Either ensure your deployment is ready for the new default or copy/paste the deprecated policy into your policy file and maintain it manually.
Mar 26 19:31:56 ubuntu devstack@c-api.service[126202]:   warnings.warn(deprecated_msg)
Mar 26 19:31:56 ubuntu devstack@c-api.service[126202]: /opt/stack/data/venv/lib/python3.10/site-packages/oslo_policy/policy.py:813: UserWarning: Policy "volume:get_snapshot_metadata":"rule:admin_or_owner" was deprecated in X in favor of "volume:get_snapshot_metadata":"rule:xena_system_admin_or_project_reader". Reason: Default policies now support the three Keystone default roles, namely 'admin', 'member', and 'reader' to implement three Cinder "personas".  See "Policy Personas and Permissions" in the "Cinder Service Configuration" documentation (Xena release) for details.. Either ensure your deployment is ready for the new default or copy/paste the deprecated policy into your policy file and maintain it manually.
Mar 26 19:31:56 ubuntu devstack@c-api.service[126202]:   warnings.warn(deprecated_msg)
Mar 26 19:31:56 ubuntu devstack@c-api.service[126202]: /opt/stack/data/venv/lib/python3.10/site-packages/oslo_policy/policy.py:813: UserWarning: Policy "volume:update_snapshot_metadata":"rule:admin_or_owner" was deprecated in X in favor of "volume:update_snapshot_metadata":"rule:xena_system_admin_or_project_member". Reason: Default policies now support the three Keystone default roles, namely 'admin', 'member', and 'reader' to implement three Cinder "personas".  See "Policy Personas and Permissions" in the "Cinder Service Configuration" documentation (Xena release) for details.. Either ensure your deployment is ready for the new default or copy/paste the deprecated policy into your policy file and maintain it manually.
Mar 26 19:31:56 ubuntu devstack@c-api.service[126202]:   warnings.warn(deprecated_msg)
Mar 26 19:31:56 ubuntu devstack@c-api.service[126202]: /opt/stack/data/venv/lib/python3.10/site-packages/oslo_policy/policy.py:813: UserWarning: Policy "volume:delete_snapshot_metadata":"rule:admin_or_owner" was deprecated in X in favor of "volume:delete_snapshot_metadata":"rule:xena_system_admin_or_project_member". Reason: Default policies now support the three Keystone default roles, namely 'admin', 'member', and 'reader' to implement three Cinder "personas".  See "Policy Personas and Permissions" in the "Cinder Service Configuration" documentation (Xena release) for details.. Either ensure your deployment is ready for the new default or copy/paste the deprecated policy into your policy file and maintain it manually.
Mar 26 19:31:56 ubuntu devstack@c-api.service[126202]:   warnings.warn(deprecated_msg)
Mar 26 19:31:56 ubuntu devstack@c-api.service[126202]: /opt/stack/data/venv/lib/python3.10/site-packages/oslo_policy/policy.py:813: UserWarning: Policy "volume:get_all_snapshots":"rule:admin_or_owner" was deprecated in X in favor of "volume:get_all_snapshots":"rule:xena_system_admin_or_project_reader". Reason: Default policies now support the three Keystone default roles, namely 'admin', 'member', and 'reader' to implement three Cinder "personas".  See "Policy Personas and Permissions" in the "Cinder Service Configuration" documentation (Xena release) for details.. Either ensure your deployment is ready for the new default or copy/paste the deprecated policy into your policy file and maintain it manually.
Mar 26 19:31:56 ubuntu devstack@c-api.service[126202]:   warnings.warn(deprecated_msg)
Mar 26 19:31:56 ubuntu devstack@c-api.service[126202]: /opt/stack/data/venv/lib/python3.10/site-packages/oslo_policy/policy.py:813: UserWarning: Policy "volume_extension:extended_snapshot_attributes":"rule:admin_or_owner" was deprecated in X in favor of "volume_extension:extended_snapshot_attributes":"rule:xena_system_admin_or_project_reader". Reason: Default policies now support the three Keystone default roles, namely 'admin', 'member', and 'reader' to implement three Cinder "personas".  See "Policy Personas and Permissions" in the "Cinder Service Configuration" documentation (Xena release) for details.. Either ensure your deployment is ready for the new default or copy/paste the deprecated policy into your policy file and maintain it manually.
Mar 26 19:31:56 ubuntu devstack@c-api.service[126202]:   warnings.warn(deprecated_msg)
Mar 26 19:31:56 ubuntu devstack@c-api.service[126202]: /opt/stack/data/venv/lib/python3.10/site-packages/oslo_policy/policy.py:813: UserWarning: Policy "volume:create_snapshot":"rule:admin_or_owner" was deprecated in X in favor of "volume:create_snapshot":"rule:xena_system_admin_or_project_member". Reason: Default policies now support the three Keystone default roles, namely 'admin', 'member', and 'reader' to implement three Cinder "personas".  See "Policy Personas and Permissions" in the "Cinder Service Configuration" documentation (Xena release) for details.. Either ensure your deployment is ready for the new default or copy/paste the deprecated policy into your policy file and maintain it manually.
Mar 26 19:31:56 ubuntu devstack@c-api.service[126202]:   warnings.warn(deprecated_msg)
Mar 26 19:31:56 ubuntu devstack@c-api.service[126202]: /opt/stack/data/venv/lib/python3.10/site-packages/oslo_policy/policy.py:813: UserWarning: Policy "volume:get_snapshot":"rule:admin_or_owner" was deprecated in X in favor of "volume:get_snapshot":"rule:xena_system_admin_or_project_reader". Reason: Default policies now support the three Keystone default roles, namely 'admin', 'member', and 'reader' to implement three Cinder "personas".  See "Policy Personas and Permissions" in the "Cinder Service Configuration" documentation (Xena release) for details.. Either ensure your deployment is ready for the new default or copy/paste the deprecated policy into your policy file and maintain it manually.
Mar 26 19:31:56 ubuntu devstack@c-api.service[126202]:   warnings.warn(deprecated_msg)
Mar 26 19:31:56 ubuntu devstack@c-api.service[126202]: /opt/stack/data/venv/lib/python3.10/site-packages/oslo_policy/policy.py:813: UserWarning: Policy "volume:update_snapshot":"rule:admin_or_owner" was deprecated in X in favor of "volume:update_snapshot":"rule:xena_system_admin_or_project_member". Reason: Default policies now support the three Keystone default roles, namely 'admin', 'member', and 'reader' to implement three Cinder "personas".  See "Policy Personas and Permissions" in the "Cinder Service Configuration" documentation (Xena release) for details.. Either ensure your deployment is ready for the new default or copy/paste the deprecated policy into your policy file and maintain it manually.
Mar 26 19:31:56 ubuntu devstack@c-api.service[126202]:   warnings.warn(deprecated_msg)
Mar 26 19:31:56 ubuntu devstack@c-api.service[126202]: /opt/stack/data/venv/lib/python3.10/site-packages/oslo_policy/policy.py:813: UserWarning: Policy "volume:delete_snapshot":"rule:admin_or_owner" was deprecated in X in favor of "volume:delete_snapshot":"rule:xena_system_admin_or_project_member". Reason: Default policies now support the three Keystone default roles, namely 'admin', 'member', and 'reader' to implement three Cinder "personas".  See "Policy Personas and Permissions" in the "Cinder Service Configuration" documentation (Xena release) for details.. Either ensure your deployment is ready for the new default or copy/paste the deprecated policy into your policy file and maintain it manually.
Mar 26 19:31:56 ubuntu devstack@c-api.service[126202]:   warnings.warn(deprecated_msg)
Mar 26 19:31:56 ubuntu devstack@c-api.service[126202]: /opt/stack/data/venv/lib/python3.10/site-packages/oslo_policy/policy.py:813: UserWarning: Policy "snapshot_extension:snapshot_actions:update_snapshot_status":"" was deprecated in X in favor of "snapshot_extension:snapshot_actions:update_snapshot_status":"rule:xena_system_admin_or_project_member". Reason: Default policies now support the three Keystone default roles, namely 'admin', 'member', and 'reader' to implement three Cinder "personas".  See "Policy Personas and Permissions" in the "Cinder Service Configuration" documentation (Xena release) for details.. Either ensure your deployment is ready for the new default or copy/paste the deprecated policy into your policy file and maintain it manually.
Mar 26 19:31:56 ubuntu devstack@c-api.service[126202]:   warnings.warn(deprecated_msg)
Mar 26 19:31:56 ubuntu devstack@c-api.service[126202]: /opt/stack/data/venv/lib/python3.10/site-packages/oslo_policy/policy.py:813: UserWarning: Policy "backup:get_all":"rule:admin_or_owner" was deprecated in X in favor of "backup:get_all":"rule:xena_system_admin_or_project_reader". Reason: Default policies now support the three Keystone default roles, namely 'admin', 'member', and 'reader' to implement three Cinder "personas".  See "Policy Personas and Permissions" in the "Cinder Service Configuration" documentation (Xena release) for details.. Either ensure your deployment is ready for the new default or copy/paste the deprecated policy into your policy file and maintain it manually.
Mar 26 19:31:56 ubuntu devstack@c-api.service[126202]:   warnings.warn(deprecated_msg)
Mar 26 19:31:56 ubuntu devstack@c-api.service[126202]: /opt/stack/data/venv/lib/python3.10/site-packages/oslo_policy/policy.py:813: UserWarning: Policy "backup:create":"" was deprecated in X in favor of "backup:create":"rule:xena_system_admin_or_project_member". Reason: Default policies now support the three Keystone default roles, namely 'admin', 'member', and 'reader' to implement three Cinder "personas".  See "Policy Personas and Permissions" in the "Cinder Service Configuration" documentation (Xena release) for details.. Either ensure your deployment is ready for the new default or copy/paste the deprecated policy into your policy file and maintain it manually.
Mar 26 19:31:56 ubuntu devstack@c-api.service[126202]:   warnings.warn(deprecated_msg)
Mar 26 19:31:56 ubuntu devstack@c-api.service[126202]: /opt/stack/data/venv/lib/python3.10/site-packages/oslo_policy/policy.py:813: UserWarning: Policy "backup:get":"rule:admin_or_owner" was deprecated in X in favor of "backup:get":"rule:xena_system_admin_or_project_reader". Reason: Default policies now support the three Keystone default roles, namely 'admin', 'member', and 'reader' to implement three Cinder "personas".  See "Policy Personas and Permissions" in the "Cinder Service Configuration" documentation (Xena release) for details.. Either ensure your deployment is ready for the new default or copy/paste the deprecated policy into your policy file and maintain it manually.
Mar 26 19:31:56 ubuntu devstack@c-api.service[126202]:   warnings.warn(deprecated_msg)
Mar 26 19:31:56 ubuntu devstack@c-api.service[126202]: /opt/stack/data/venv/lib/python3.10/site-packages/oslo_policy/policy.py:813: UserWarning: Policy "backup:update":"rule:admin_or_owner" was deprecated in X in favor of "backup:update":"rule:xena_system_admin_or_project_member". Reason: Default policies now support the three Keystone default roles, namely 'admin', 'member', and 'reader' to implement three Cinder "personas".  See "Policy Personas and Permissions" in the "Cinder Service Configuration" documentation (Xena release) for details.. Either ensure your deployment is ready for the new default or copy/paste the deprecated policy into your policy file and maintain it manually.
Mar 26 19:31:56 ubuntu devstack@c-api.service[126202]:   warnings.warn(deprecated_msg)
Mar 26 19:31:56 ubuntu devstack@c-api.service[126202]: /opt/stack/data/venv/lib/python3.10/site-packages/oslo_policy/policy.py:813: UserWarning: Policy "backup:delete":"rule:admin_or_owner" was deprecated in X in favor of "backup:delete":"rule:xena_system_admin_or_project_member". Reason: Default policies now support the three Keystone default roles, namely 'admin', 'member', and 'reader' to implement three Cinder "personas".  See "Policy Personas and Permissions" in the "Cinder Service Configuration" documentation (Xena release) for details.. Either ensure your deployment is ready for the new default or copy/paste the deprecated policy into your policy file and maintain it manually.
Mar 26 19:31:56 ubuntu devstack@c-api.service[126202]:   warnings.warn(deprecated_msg)
Mar 26 19:31:56 ubuntu devstack@c-api.service[126202]: /opt/stack/data/venv/lib/python3.10/site-packages/oslo_policy/policy.py:813: UserWarning: Policy "backup:restore":"rule:admin_or_owner" was deprecated in X in favor of "backup:restore":"rule:xena_system_admin_or_project_member". Reason: Default policies now support the three Keystone default roles, namely 'admin', 'member', and 'reader' to implement three Cinder "personas".  See "Policy Personas and Permissions" in the "Cinder Service Configuration" documentation (Xena release) for details.. Either ensure your deployment is ready for the new default or copy/paste the deprecated policy into your policy file and maintain it manually.
Mar 26 19:31:56 ubuntu devstack@c-api.service[126202]:   warnings.warn(deprecated_msg)
Mar 26 19:31:56 ubuntu devstack@c-api.service[126202]: /opt/stack/data/venv/lib/python3.10/site-packages/oslo_policy/policy.py:813: UserWarning: Policy "group:get_all":"rule:admin_or_owner" was deprecated in X in favor of "group:get_all":"rule:xena_system_admin_or_project_reader". Reason: Default policies now support the three Keystone default roles, namely 'admin', 'member', and 'reader' to implement three Cinder "personas".  See "Policy Personas and Permissions" in the "Cinder Service Configuration" documentation (Xena release) for details.. Either ensure your deployment is ready for the new default or copy/paste the deprecated policy into your policy file and maintain it manually.
Mar 26 19:31:56 ubuntu devstack@c-api.service[126202]:   warnings.warn(deprecated_msg)
Mar 26 19:31:56 ubuntu devstack@c-api.service[126202]: /opt/stack/data/venv/lib/python3.10/site-packages/oslo_policy/policy.py:813: UserWarning: Policy "group:create":"" was deprecated in X in favor of "group:create":"rule:xena_system_admin_or_project_member". Reason: Default policies now support the three Keystone default roles, namely 'admin', 'member', and 'reader' to implement three Cinder "personas".  See "Policy Personas and Permissions" in the "Cinder Service Configuration" documentation (Xena release) for details.. Either ensure your deployment is ready for the new default or copy/paste the deprecated policy into your policy file and maintain it manually.
Mar 26 19:31:56 ubuntu devstack@c-api.service[126202]:   warnings.warn(deprecated_msg)
Mar 26 19:31:56 ubuntu devstack@c-api.service[126202]: /opt/stack/data/venv/lib/python3.10/site-packages/oslo_policy/policy.py:813: UserWarning: Policy "group:get":"rule:admin_or_owner" was deprecated in X in favor of "group:get":"rule:xena_system_admin_or_project_reader". Reason: Default policies now support the three Keystone default roles, namely 'admin', 'member', and 'reader' to implement three Cinder "personas".  See "Policy Personas and Permissions" in the "Cinder Service Configuration" documentation (Xena release) for details.. Either ensure your deployment is ready for the new default or copy/paste the deprecated policy into your policy file and maintain it manually.
Mar 26 19:31:56 ubuntu devstack@c-api.service[126202]:   warnings.warn(deprecated_msg)
Mar 26 19:31:56 ubuntu devstack@c-api.service[126202]: /opt/stack/data/venv/lib/python3.10/site-packages/oslo_policy/policy.py:813: UserWarning: Policy "group:update":"rule:admin_or_owner" was deprecated in X in favor of "group:update":"rule:xena_system_admin_or_project_member". Reason: Default policies now support the three Keystone default roles, namely 'admin', 'member', and 'reader' to implement three Cinder "personas".  See "Policy Personas and Permissions" in the "Cinder Service Configuration" documentation (Xena release) for details.. Either ensure your deployment is ready for the new default or copy/paste the deprecated policy into your policy file and maintain it manually.
Mar 26 19:31:56 ubuntu devstack@c-api.service[126202]:   warnings.warn(deprecated_msg)
Mar 26 19:31:56 ubuntu devstack@c-api.service[126202]: /opt/stack/data/venv/lib/python3.10/site-packages/oslo_policy/policy.py:813: UserWarning: Policy "group:get_all_group_snapshots":"rule:admin_or_owner" was deprecated in X in favor of "group:get_all_group_snapshots":"rule:xena_system_admin_or_project_reader". Reason: Default policies now support the three Keystone default roles, namely 'admin', 'member', and 'reader' to implement three Cinder "personas".  See "Policy Personas and Permissions" in the "Cinder Service Configuration" documentation (Xena release) for details.. Either ensure your deployment is ready for the new default or copy/paste the deprecated policy into your policy file and maintain it manually.
Mar 26 19:31:56 ubuntu devstack@c-api.service[126202]:   warnings.warn(deprecated_msg)
Mar 26 19:31:56 ubuntu devstack@c-api.service[126202]: /opt/stack/data/venv/lib/python3.10/site-packages/oslo_policy/policy.py:813: UserWarning: Policy "group:create_group_snapshot":"" was deprecated in X in favor of "group:create_group_snapshot":"rule:xena_system_admin_or_project_member". Reason: Default policies now support the three Keystone default roles, namely 'admin', 'member', and 'reader' to implement three Cinder "personas".  See "Policy Personas and Permissions" in the "Cinder Service Configuration" documentation (Xena release) for details.. Either ensure your deployment is ready for the new default or copy/paste the deprecated policy into your policy file and maintain it manually.
Mar 26 19:31:56 ubuntu devstack@c-api.service[126202]:   warnings.warn(deprecated_msg)
Mar 26 19:31:56 ubuntu devstack@c-api.service[126202]: /opt/stack/data/venv/lib/python3.10/site-packages/oslo_policy/policy.py:813: UserWarning: Policy "group:get_group_snapshot":"rule:admin_or_owner" was deprecated in X in favor of "group:get_group_snapshot":"rule:xena_system_admin_or_project_reader". Reason: Default policies now support the three Keystone default roles, namely 'admin', 'member', and 'reader' to implement three Cinder "personas".  See "Policy Personas and Permissions" in the "Cinder Service Configuration" documentation (Xena release) for details.. Either ensure your deployment is ready for the new default or copy/paste the deprecated policy into your policy file and maintain it manually.
Mar 26 19:31:56 ubuntu devstack@c-api.service[126202]:   warnings.warn(deprecated_msg)
Mar 26 19:31:56 ubuntu devstack@c-api.service[126202]: /opt/stack/data/venv/lib/python3.10/site-packages/oslo_policy/policy.py:813: UserWarning: Policy "group:delete_group_snapshot":"rule:admin_or_owner" was deprecated in X in favor of "group:delete_group_snapshot":"rule:xena_system_admin_or_project_member". Reason: Default policies now support the three Keystone default roles, namely 'admin', 'member', and 'reader' to implement three Cinder "personas".  See "Policy Personas and Permissions" in the "Cinder Service Configuration" documentation (Xena release) for details.. Either ensure your deployment is ready for the new default or copy/paste the deprecated policy into your policy file and maintain it manually.
Mar 26 19:31:56 ubuntu devstack@c-api.service[126202]:   warnings.warn(deprecated_msg)
Mar 26 19:31:56 ubuntu devstack@c-api.service[126202]: /opt/stack/data/venv/lib/python3.10/site-packages/oslo_policy/policy.py:813: UserWarning: Policy "group:update_group_snapshot":"rule:admin_or_owner" was deprecated in X in favor of "group:update_group_snapshot":"rule:xena_system_admin_or_project_member". Reason: Default policies now support the three Keystone default roles, namely 'admin', 'member', and 'reader' to implement three Cinder "personas".  See "Policy Personas and Permissions" in the "Cinder Service Configuration" documentation (Xena release) for details.. Either ensure your deployment is ready for the new default or copy/paste the deprecated policy into your policy file and maintain it manually.
Mar 26 19:31:56 ubuntu devstack@c-api.service[126202]:   warnings.warn(deprecated_msg)
Mar 26 19:31:56 ubuntu devstack@c-api.service[126202]: /opt/stack/data/venv/lib/python3.10/site-packages/oslo_policy/policy.py:813: UserWarning: Policy "group:delete":"rule:admin_or_owner" was deprecated in X in favor of "group:delete":"rule:xena_system_admin_or_project_member". Reason: Default policies now support the three Keystone default roles, namely 'admin', 'member', and 'reader' to implement three Cinder "personas".  See "Policy Personas and Permissions" in the "Cinder Service Configuration" documentation (Xena release) for details.. Either ensure your deployment is ready for the new default or copy/paste the deprecated policy into your policy file and maintain it manually.
