Dec 05 04:53:35 ubuntu devstack@g-api.service[118733]: DEBUG glance.api.middleware.version_negotiation [None req-ad56dbcf-e9f6-4976-be30-82fac6304610 tempest-ImageDependencyTests-1228595882 tempest-ImageDependencyTests-1228595882-project-member] Determining version of request: GET /v2/images/7a28aa86-d3d2-477a-b4f9-669d8275cd7e Accept: */* {{(pid=118733) process_request /opt/stack/glance/glance/api/middleware/version_negotiation.py:44}}
Dec 05 04:53:35 ubuntu devstack@g-api.service[118733]: DEBUG glance.api.middleware.version_negotiation [None req-ad56dbcf-e9f6-4976-be30-82fac6304610 tempest-ImageDependencyTests-1228595882 tempest-ImageDependencyTests-1228595882-project-member] Using url versioning {{(pid=118733) process_request /opt/stack/glance/glance/api/middleware/version_negotiation.py:57}}
Dec 05 04:53:35 ubuntu devstack@g-api.service[118733]: DEBUG glance.api.middleware.version_negotiation [None req-ad56dbcf-e9f6-4976-be30-82fac6304610 tempest-ImageDependencyTests-1228595882 tempest-ImageDependencyTests-1228595882-project-member] Matched version: v2 {{(pid=118733) process_request /opt/stack/glance/glance/api/middleware/version_negotiation.py:69}}
Dec 05 04:53:35 ubuntu devstack@g-api.service[118733]: DEBUG glance.api.middleware.version_negotiation [None req-ad56dbcf-e9f6-4976-be30-82fac6304610 tempest-ImageDependencyTests-1228595882 tempest-ImageDependencyTests-1228595882-project-member] new path /v2/images/7a28aa86-d3d2-477a-b4f9-669d8275cd7e {{(pid=118733) process_request /opt/stack/glance/glance/api/middleware/version_negotiation.py:70}}
Dec 05 04:53:35 ubuntu devstack@g-api.service[118734]: [pid: 118734|app: 0|req: 25/48] 127.0.0.1 () {42 vars in 1055 bytes} [Thu Dec  5 04:53:35 2024] GET /v2/images/7a28aa86-d3d2-477a-b4f9-669d8275cd7e/file => generated 1024 bytes in 23 msecs (HTTP/1.1 200) 5 headers in 213 bytes (1 switches on core 0)
Dec 05 04:53:35 ubuntu devstack@g-api.service[118733]: [pid: 118733|app: 0|req: 24/49] 127.0.0.1 () {42 vars in 1045 bytes} [Thu Dec  5 04:53:35 2024] GET /v2/images/7a28aa86-d3d2-477a-b4f9-669d8275cd7e => generated 807 bytes in 14 msecs (HTTP/1.1 200) 4 headers in 157 bytes (1 switches on core 0)
Dec 05 04:53:35 ubuntu devstack@g-api.service[118734]: DEBUG glance.api.middleware.version_negotiation [None req-ad56dbcf-e9f6-4976-be30-82fac6304610 tempest-ImageDependencyTests-1228595882 tempest-ImageDependencyTests-1228595882-project-member] Determining version of request: GET /v2/schemas/image Accept: */* {{(pid=118734) process_request /opt/stack/glance/glance/api/middleware/version_negotiation.py:44}}
Dec 05 04:53:35 ubuntu devstack@g-api.service[118734]: DEBUG glance.api.middleware.version_negotiation [None req-ad56dbcf-e9f6-4976-be30-82fac6304610 tempest-ImageDependencyTests-1228595882 tempest-ImageDependencyTests-1228595882-project-member] Using url versioning {{(pid=118734) process_request /opt/stack/glance/glance/api/middleware/version_negotiation.py:57}}
Dec 05 04:53:35 ubuntu devstack@g-api.service[118734]: DEBUG glance.api.middleware.version_negotiation [None req-ad56dbcf-e9f6-4976-be30-82fac6304610 tempest-ImageDependencyTests-1228595882 tempest-ImageDependencyTests-1228595882-project-member] Matched version: v2 {{(pid=118734) process_request /opt/stack/glance/glance/api/middleware/version_negotiation.py:69}}
Dec 05 04:53:35 ubuntu devstack@g-api.service[118734]: DEBUG glance.api.middleware.version_negotiation [None req-ad56dbcf-e9f6-4976-be30-82fac6304610 tempest-ImageDependencyTests-1228595882 tempest-ImageDependencyTests-1228595882-project-member] new path /v2/schemas/image {{(pid=118734) process_request /opt/stack/glance/glance/api/middleware/version_negotiation.py:70}}
Dec 05 04:53:35 ubuntu devstack@g-api.service[118734]: [pid: 118734|app: 0|req: 26/50] 127.0.0.1 () {42 vars in 985 bytes} [Thu Dec  5 04:53:35 2024] GET /v2/schemas/image => generated 6083 bytes in 9 msecs (HTTP/1.1 200) 4 headers in 158 bytes (1 switches on core 0)
Dec 05 04:53:35 ubuntu devstack@g-api.service[118733]: DEBUG glance.api.middleware.version_negotiation [None req-ad56dbcf-e9f6-4976-be30-82fac6304610 tempest-ImageDependencyTests-1228595882 tempest-ImageDependencyTests-1228595882-project-member] Determining version of request: GET /v2/images/7a28aa86-d3d2-477a-b4f9-669d8275cd7e Accept: */* {{(pid=118733) process_request /opt/stack/glance/glance/api/middleware/version_negotiation.py:44}}
Dec 05 04:53:35 ubuntu devstack@g-api.service[118733]: DEBUG glance.api.middleware.version_negotiation [None req-ad56dbcf-e9f6-4976-be30-82fac6304610 tempest-ImageDependencyTests-1228595882 tempest-ImageDependencyTests-1228595882-project-member] Using url versioning {{(pid=118733) process_request /opt/stack/glance/glance/api/middleware/version_negotiation.py:57}}
Dec 05 04:53:35 ubuntu devstack@g-api.service[118733]: DEBUG glance.api.middleware.version_negotiation [None req-ad56dbcf-e9f6-4976-be30-82fac6304610 tempest-ImageDependencyTests-1228595882 tempest-ImageDependencyTests-1228595882-project-member] Matched version: v2 {{(pid=118733) process_request /opt/stack/glance/glance/api/middleware/version_negotiation.py:69}}
Dec 05 04:53:35 ubuntu devstack@g-api.service[118733]: DEBUG glance.api.middleware.version_negotiation [None req-ad56dbcf-e9f6-4976-be30-82fac6304610 tempest-ImageDependencyTests-1228595882 tempest-ImageDependencyTests-1228595882-project-member] new path /v2/images/7a28aa86-d3d2-477a-b4f9-669d8275cd7e {{(pid=118733) process_request /opt/stack/glance/glance/api/middleware/version_negotiation.py:70}}
Dec 05 04:53:35 ubuntu devstack@g-api.service[118733]: [pid: 118733|app: 0|req: 25/51] 127.0.0.1 () {42 vars in 1045 bytes} [Thu Dec  5 04:53:35 2024] GET /v2/images/7a28aa86-d3d2-477a-b4f9-669d8275cd7e => generated 807 bytes in 19 msecs (HTTP/1.1 200) 4 headers in 157 bytes (1 switches on core 0)
Dec 05 04:53:35 ubuntu devstack@g-api.service[118734]: DEBUG glance.api.middleware.version_negotiation [None req-ad56dbcf-e9f6-4976-be30-82fac6304610 tempest-ImageDependencyTests-1228595882 tempest-ImageDependencyTests-1228595882-project-member] Determining version of request: GET /v2/schemas/image Accept: */* {{(pid=118734) process_request /opt/stack/glance/glance/api/middleware/version_negotiation.py:44}}
Dec 05 04:53:35 ubuntu devstack@g-api.service[118734]: DEBUG glance.api.middleware.version_negotiation [None req-ad56dbcf-e9f6-4976-be30-82fac6304610 tempest-ImageDependencyTests-1228595882 tempest-ImageDependencyTests-1228595882-project-member] Using url versioning {{(pid=118734) process_request /opt/stack/glance/glance/api/middleware/version_negotiation.py:57}}
Dec 05 04:53:35 ubuntu devstack@g-api.service[118734]: DEBUG glance.api.middleware.version_negotiation [None req-ad56dbcf-e9f6-4976-be30-82fac6304610 tempest-ImageDependencyTests-1228595882 tempest-ImageDependencyTests-1228595882-project-member] Matched version: v2 {{(pid=118734) process_request /opt/stack/glance/glance/api/middleware/version_negotiation.py:69}}
Dec 05 04:53:35 ubuntu devstack@g-api.service[118734]: DEBUG glance.api.middleware.version_negotiation [None req-ad56dbcf-e9f6-4976-be30-82fac6304610 tempest-ImageDependencyTests-1228595882 tempest-ImageDependencyTests-1228595882-project-member] new path /v2/schemas/image {{(pid=118734) process_request /opt/stack/glance/glance/api/middleware/version_negotiation.py:70}}
Dec 05 04:53:35 ubuntu devstack@g-api.service[118734]: [pid: 118734|app: 0|req: 27/52] 127.0.0.1 () {42 vars in 985 bytes} [Thu Dec  5 04:53:35 2024] GET /v2/schemas/image => generated 6083 bytes in 7 msecs (HTTP/1.1 200) 4 headers in 158 bytes (1 switches on core 0)
Dec 05 04:53:35 ubuntu devstack@g-api.service[118733]: DEBUG glance.api.middleware.version_negotiation [None req-ad56dbcf-e9f6-4976-be30-82fac6304610 tempest-ImageDependencyTests-1228595882 tempest-ImageDependencyTests-1228595882-project-member] Determining version of request: GET /v2/images/7a28aa86-d3d2-477a-b4f9-669d8275cd7e Accept: */* {{(pid=118733) process_request /opt/stack/glance/glance/api/middleware/version_negotiation.py:44}}
Dec 05 04:53:35 ubuntu devstack@g-api.service[118733]: DEBUG glance.api.middleware.version_negotiation [None req-ad56dbcf-e9f6-4976-be30-82fac6304610 tempest-ImageDependencyTests-1228595882 tempest-ImageDependencyTests-1228595882-project-member] Using url versioning {{(pid=118733) process_request /opt/stack/glance/glance/api/middleware/version_negotiation.py:57}}
Dec 05 04:53:35 ubuntu devstack@g-api.service[118733]: DEBUG glance.api.middleware.version_negotiation [None req-ad56dbcf-e9f6-4976-be30-82fac6304610 tempest-ImageDependencyTests-1228595882 tempest-ImageDependencyTests-1228595882-project-member] Matched version: v2 {{(pid=118733) process_request /opt/stack/glance/glance/api/middleware/version_negotiation.py:69}}
Dec 05 04:53:35 ubuntu devstack@g-api.service[118733]: DEBUG glance.api.middleware.version_negotiation [None req-ad56dbcf-e9f6-4976-be30-82fac6304610 tempest-ImageDependencyTests-1228595882 tempest-ImageDependencyTests-1228595882-project-member] new path /v2/images/7a28aa86-d3d2-477a-b4f9-669d8275cd7e {{(pid=118733) process_request /opt/stack/glance/glance/api/middleware/version_negotiation.py:70}}
Dec 05 04:53:36 ubuntu devstack@g-api.service[118733]: [pid: 118733|app: 0|req: 26/53] 127.0.0.1 () {42 vars in 1045 bytes} [Thu Dec  5 04:53:35 2024] GET /v2/images/7a28aa86-d3d2-477a-b4f9-669d8275cd7e => generated 807 bytes in 12 msecs (HTTP/1.1 200) 4 headers in 157 bytes (1 switches on core 0)
Dec 05 04:53:36 ubuntu devstack@g-api.service[118734]: DEBUG glance.api.middleware.version_negotiation [None req-ad56dbcf-e9f6-4976-be30-82fac6304610 tempest-ImageDependencyTests-1228595882 tempest-ImageDependencyTests-1228595882-project-member] Determining version of request: GET /v2/schemas/image Accept: */* {{(pid=118734) process_request /opt/stack/glance/glance/api/middleware/version_negotiation.py:44}}
Dec 05 04:53:36 ubuntu devstack@g-api.service[118734]: DEBUG glance.api.middleware.version_negotiation [None req-ad56dbcf-e9f6-4976-be30-82fac6304610 tempest-ImageDependencyTests-1228595882 tempest-ImageDependencyTests-1228595882-project-member] Using url versioning {{(pid=118734) process_request /opt/stack/glance/glance/api/middleware/version_negotiation.py:57}}
Dec 05 04:53:36 ubuntu devstack@g-api.service[118734]: DEBUG glance.api.middleware.version_negotiation [None req-ad56dbcf-e9f6-4976-be30-82fac6304610 tempest-ImageDependencyTests-1228595882 tempest-ImageDependencyTests-1228595882-project-member] Matched version: v2 {{(pid=118734) process_request /opt/stack/glance/glance/api/middleware/version_negotiation.py:69}}
Dec 05 04:53:36 ubuntu devstack@g-api.service[118734]: DEBUG glance.api.middleware.version_negotiation [None req-ad56dbcf-e9f6-4976-be30-82fac6304610 tempest-ImageDependencyTests-1228595882 tempest-ImageDependencyTests-1228595882-project-member] new path /v2/schemas/image {{(pid=118734) process_request /opt/stack/glance/glance/api/middleware/version_negotiation.py:70}}
Dec 05 04:53:36 ubuntu devstack@g-api.service[118734]: [pid: 118734|app: 0|req: 28/54] 127.0.0.1 () {42 vars in 985 bytes} [Thu Dec  5 04:53:36 2024] GET /v2/schemas/image => generated 6083 bytes in 8 msecs (HTTP/1.1 200) 4 headers in 158 bytes (1 switches on core 0)
Dec 05 04:53:36 ubuntu devstack@g-api.service[118733]: DEBUG glance.api.middleware.version_negotiation [None req-ad56dbcf-e9f6-4976-be30-82fac6304610 tempest-ImageDependencyTests-1228595882 tempest-ImageDependencyTests-1228595882-project-member] Determining version of request: GET /v2/images/7a28aa86-d3d2-477a-b4f9-669d8275cd7e Accept: */* {{(pid=118733) process_request /opt/stack/glance/glance/api/middleware/version_negotiation.py:44}}
Dec 05 04:53:36 ubuntu devstack@g-api.service[118733]: DEBUG glance.api.middleware.version_negotiation [None req-ad56dbcf-e9f6-4976-be30-82fac6304610 tempest-ImageDependencyTests-1228595882 tempest-ImageDependencyTests-1228595882-project-member] Using url versioning {{(pid=118733) process_request /opt/stack/glance/glance/api/middleware/version_negotiation.py:57}}
Dec 05 04:53:36 ubuntu devstack@g-api.service[118733]: DEBUG glance.api.middleware.version_negotiation [None req-ad56dbcf-e9f6-4976-be30-82fac6304610 tempest-ImageDependencyTests-1228595882 tempest-ImageDependencyTests-1228595882-project-member] Matched version: v2 {{(pid=118733) process_request /opt/stack/glance/glance/api/middleware/version_negotiation.py:69}}
Dec 05 04:53:36 ubuntu devstack@g-api.service[118733]: DEBUG glance.api.middleware.version_negotiation [None req-ad56dbcf-e9f6-4976-be30-82fac6304610 tempest-ImageDependencyTests-1228595882 tempest-ImageDependencyTests-1228595882-project-member] new path /v2/images/7a28aa86-d3d2-477a-b4f9-669d8275cd7e {{(pid=118733) process_request /opt/stack/glance/glance/api/middleware/version_negotiation.py:70}}
Dec 05 04:53:36 ubuntu devstack@g-api.service[118733]: [pid: 118733|app: 0|req: 27/55] 127.0.0.1 () {42 vars in 1045 bytes} [Thu Dec  5 04:53:36 2024] GET /v2/images/7a28aa86-d3d2-477a-b4f9-669d8275cd7e => generated 807 bytes in 9 msecs (HTTP/1.1 200) 4 headers in 157 bytes (1 switches on core 0)
Dec 05 04:53:36 ubuntu devstack@g-api.service[118734]: DEBUG glance.api.middleware.version_negotiation [None req-ad56dbcf-e9f6-4976-be30-82fac6304610 tempest-ImageDependencyTests-1228595882 tempest-ImageDependencyTests-1228595882-project-member] Determining version of request: GET /v2/schemas/image Accept: */* {{(pid=118734) process_request /opt/stack/glance/glance/api/middleware/version_negotiation.py:44}}
Dec 05 04:53:36 ubuntu devstack@g-api.service[118734]: DEBUG glance.api.middleware.version_negotiation [None req-ad56dbcf-e9f6-4976-be30-82fac6304610 tempest-ImageDependencyTests-1228595882 tempest-ImageDependencyTests-1228595882-project-member] Using url versioning {{(pid=118734) process_request /opt/stack/glance/glance/api/middleware/version_negotiation.py:57}}
Dec 05 04:53:36 ubuntu devstack@g-api.service[118734]: DEBUG glance.api.middleware.version_negotiation [None req-ad56dbcf-e9f6-4976-be30-82fac6304610 tempest-ImageDependencyTests-1228595882 tempest-ImageDependencyTests-1228595882-project-member] Matched version: v2 {{(pid=118734) process_request /opt/stack/glance/glance/api/middleware/version_negotiation.py:69}}
Dec 05 04:53:36 ubuntu devstack@g-api.service[118734]: DEBUG glance.api.middleware.version_negotiation [None req-ad56dbcf-e9f6-4976-be30-82fac6304610 tempest-ImageDependencyTests-1228595882 tempest-ImageDependencyTests-1228595882-project-member] new path /v2/schemas/image {{(pid=118734) process_request /opt/stack/glance/glance/api/middleware/version_negotiation.py:70}}
Dec 05 04:53:36 ubuntu devstack@g-api.service[118734]: [pid: 118734|app: 0|req: 29/56] 127.0.0.1 () {42 vars in 985 bytes} [Thu Dec  5 04:53:36 2024] GET /v2/schemas/image => generated 6083 bytes in 4 msecs (HTTP/1.1 200) 4 headers in 158 bytes (1 switches on core 0)
Dec 05 04:53:36 ubuntu devstack@g-api.service[118733]: DEBUG glance.api.middleware.version_negotiation [None req-ad56dbcf-e9f6-4976-be30-82fac6304610 tempest-ImageDependencyTests-1228595882 tempest-ImageDependencyTests-1228595882-project-member] Determining version of request: GET /v2/schemas/image Accept: */* {{(pid=118733) process_request /opt/stack/glance/glance/api/middleware/version_negotiation.py:44}}
Dec 05 04:53:36 ubuntu devstack@g-api.service[118733]: DEBUG glance.api.middleware.version_negotiation [None req-ad56dbcf-e9f6-4976-be30-82fac6304610 tempest-ImageDependencyTests-1228595882 tempest-ImageDependencyTests-1228595882-project-member] Using url versioning {{(pid=118733) process_request /opt/stack/glance/glance/api/middleware/version_negotiation.py:57}}
Dec 05 04:53:36 ubuntu devstack@g-api.service[118733]: DEBUG glance.api.middleware.version_negotiation [None req-ad56dbcf-e9f6-4976-be30-82fac6304610 tempest-ImageDependencyTests-1228595882 tempest-ImageDependencyTests-1228595882-project-member] Matched version: v2 {{(pid=118733) process_request /opt/stack/glance/glance/api/middleware/version_negotiation.py:69}}
Dec 05 04:53:36 ubuntu devstack@g-api.service[118733]: DEBUG glance.api.middleware.version_negotiation [None req-ad56dbcf-e9f6-4976-be30-82fac6304610 tempest-ImageDependencyTests-1228595882 tempest-ImageDependencyTests-1228595882-project-member] new path /v2/schemas/image {{(pid=118733) process_request /opt/stack/glance/glance/api/middleware/version_negotiation.py:70}}
Dec 05 04:53:36 ubuntu devstack@g-api.service[118733]: [pid: 118733|app: 0|req: 28/57] 127.0.0.1 () {42 vars in 985 bytes} [Thu Dec  5 04:53:36 2024] GET /v2/schemas/image => generated 6083 bytes in 4 msecs (HTTP/1.1 200) 4 headers in 158 bytes (1 switches on core 0)
Dec 05 04:53:36 ubuntu devstack@g-api.service[118734]: DEBUG glance.api.middleware.version_negotiation [None req-ad56dbcf-e9f6-4976-be30-82fac6304610 tempest-ImageDependencyTests-1228595882 tempest-ImageDependencyTests-1228595882-project-member] Determining version of request: GET /v2/images/7a28aa86-d3d2-477a-b4f9-669d8275cd7e Accept: */* {{(pid=118734) process_request /opt/stack/glance/glance/api/middleware/version_negotiation.py:44}}
Dec 05 04:53:36 ubuntu devstack@g-api.service[118734]: DEBUG glance.api.middleware.version_negotiation [None req-ad56dbcf-e9f6-4976-be30-82fac6304610 tempest-ImageDependencyTests-1228595882 tempest-ImageDependencyTests-1228595882-project-member] Using url versioning {{(pid=118734) process_request /opt/stack/glance/glance/api/middleware/version_negotiation.py:57}}
Dec 05 04:53:36 ubuntu devstack@g-api.service[118734]: DEBUG glance.api.middleware.version_negotiation [None req-ad56dbcf-e9f6-4976-be30-82fac6304610 tempest-ImageDependencyTests-1228595882 tempest-ImageDependencyTests-1228595882-project-member] Matched version: v2 {{(pid=118734) process_request /opt/stack/glance/glance/api/middleware/version_negotiation.py:69}}
Dec 05 04:53:36 ubuntu devstack@g-api.service[118734]: DEBUG glance.api.middleware.version_negotiation [None req-ad56dbcf-e9f6-4976-be30-82fac6304610 tempest-ImageDependencyTests-1228595882 tempest-ImageDependencyTests-1228595882-project-member] new path /v2/images/7a28aa86-d3d2-477a-b4f9-669d8275cd7e {{(pid=118734) process_request /opt/stack/glance/glance/api/middleware/version_negotiation.py:70}}
Dec 05 04:53:36 ubuntu devstack@g-api.service[118734]: [pid: 118734|app: 0|req: 30/58] 127.0.0.1 () {42 vars in 1045 bytes} [Thu Dec  5 04:53:36 2024] GET /v2/images/7a28aa86-d3d2-477a-b4f9-669d8275cd7e => generated 807 bytes in 17 msecs (HTTP/1.1 200) 4 headers in 157 bytes (1 switches on core 0)
Dec 05 04:53:36 ubuntu devstack@g-api.service[118733]: DEBUG glance.api.middleware.version_negotiation [None req-ad56dbcf-e9f6-4976-be30-82fac6304610 tempest-ImageDependencyTests-1228595882 tempest-ImageDependencyTests-1228595882-project-member] Determining version of request: GET /v2/images/7a28aa86-d3d2-477a-b4f9-669d8275cd7e/file Accept: */* {{(pid=118733) process_request /opt/stack/glance/glance/api/middleware/version_negotiation.py:44}}
Dec 05 04:53:36 ubuntu devstack@g-api.service[118733]: DEBUG glance.api.middleware.version_negotiation [None req-ad56dbcf-e9f6-4976-be30-82fac6304610 tempest-ImageDependencyTests-1228595882 tempest-ImageDependencyTests-1228595882-project-member] Using url versioning {{(pid=118733) process_request /opt/stack/glance/glance/api/middleware/version_negotiation.py:57}}
Dec 05 04:53:36 ubuntu devstack@g-api.service[118733]: DEBUG glance.api.middleware.version_negotiation [None req-ad56dbcf-e9f6-4976-be30-82fac6304610 tempest-ImageDependencyTests-1228595882 tempest-ImageDependencyTests-1228595882-project-member] Matched version: v2 {{(pid=118733) process_request /opt/stack/glance/glance/api/middleware/version_negotiation.py:69}}
Dec 05 04:53:36 ubuntu devstack@g-api.service[118733]: DEBUG glance.api.middleware.version_negotiation [None req-ad56dbcf-e9f6-4976-be30-82fac6304610 tempest-ImageDependencyTests-1228595882 tempest-ImageDependencyTests-1228595882-project-member] new path /v2/images/7a28aa86-d3d2-477a-b4f9-669d8275cd7e/file {{(pid=118733) process_request /opt/stack/glance/glance/api/middleware/version_negotiation.py:70}}
Dec 05 04:53:36 ubuntu devstack@g-api.service[118733]: DEBUG glance.api.middleware.cache [None req-ad56dbcf-e9f6-4976-be30-82fac6304610 tempest-ImageDependencyTests-1228595882 tempest-ImageDependencyTests-1228595882-project-member] Cache hit for image '7a28aa86-d3d2-477a-b4f9-669d8275cd7e' {{(pid=118733) process_request /opt/stack/glance/glance/api/middleware/cache.py:160}}
Dec 05 04:53:36 ubuntu devstack@g-api.service[118734]: DEBUG glance.api.middleware.version_negotiation [None req-ad56dbcf-e9f6-4976-be30-82fac6304610 tempest-ImageDependencyTests-1228595882 tempest-ImageDependencyTests-1228595882-project-member] Determining version of request: GET /v2/images/7a28aa86-d3d2-477a-b4f9-669d8275cd7e Accept: */* {{(pid=118734) process_request /opt/stack/glance/glance/api/middleware/version_negotiation.py:44}}
Dec 05 04:53:36 ubuntu devstack@g-api.service[118734]: DEBUG glance.api.middleware.version_negotiation [None req-ad56dbcf-e9f6-4976-be30-82fac6304610 tempest-ImageDependencyTests-1228595882 tempest-ImageDependencyTests-1228595882-project-member] Using url versioning {{(pid=118734) process_request /opt/stack/glance/glance/api/middleware/version_negotiation.py:57}}
Dec 05 04:53:36 ubuntu devstack@g-api.service[118734]: DEBUG glance.api.middleware.version_negotiation [None req-ad56dbcf-e9f6-4976-be30-82fac6304610 tempest-ImageDependencyTests-1228595882 tempest-ImageDependencyTests-1228595882-project-member] Matched version: v2 {{(pid=118734) process_request /opt/stack/glance/glance/api/middleware/version_negotiation.py:69}}
Dec 05 04:53:36 ubuntu devstack@g-api.service[118734]: DEBUG glance.api.middleware.version_negotiation [None req-ad56dbcf-e9f6-4976-be30-82fac6304610 tempest-ImageDependencyTests-1228595882 tempest-ImageDependencyTests-1228595882-project-member] new path /v2/images/7a28aa86-d3d2-477a-b4f9-669d8275cd7e {{(pid=118734) process_request /opt/stack/glance/glance/api/middleware/version_negotiation.py:70}}
Dec 05 04:53:36 ubuntu devstack@g-api.service[118733]: [pid: 118733|app: 0|req: 29/59] 127.0.0.1 () {42 vars in 1055 bytes} [Thu Dec  5 04:53:36 2024] GET /v2/images/7a28aa86-d3d2-477a-b4f9-669d8275cd7e/file => generated 1024 bytes in 26 msecs (HTTP/1.1 200) 5 headers in 213 bytes (1 switches on core 0)
Dec 05 04:53:36 ubuntu devstack@g-api.service[118734]: [pid: 118734|app: 0|req: 31/60] 127.0.0.1 () {42 vars in 1045 bytes} [Thu Dec  5 04:53:36 2024] GET /v2/images/7a28aa86-d3d2-477a-b4f9-669d8275cd7e => generated 807 bytes in 11 msecs (HTTP/1.1 200) 4 headers in 157 bytes (1 switches on core 0)
Dec 05 04:53:36 ubuntu devstack@g-api.service[118733]: DEBUG glance.api.middleware.version_negotiation [None req-ad56dbcf-e9f6-4976-be30-82fac6304610 tempest-ImageDependencyTests-1228595882 tempest-ImageDependencyTests-1228595882-project-member] Determining version of request: GET /v2/schemas/image Accept: */* {{(pid=118733) process_request /opt/stack/glance/glance/api/middleware/version_negotiation.py:44}}
Dec 05 04:53:36 ubuntu devstack@g-api.service[118733]: DEBUG glance.api.middleware.version_negotiation [None req-ad56dbcf-e9f6-4976-be30-82fac6304610 tempest-ImageDependencyTests-1228595882 tempest-ImageDependencyTests-1228595882-project-member] Using url versioning {{(pid=118733) process_request /opt/stack/glance/glance/api/middleware/version_negotiation.py:57}}
Dec 05 04:53:36 ubuntu devstack@g-api.service[118733]: DEBUG glance.api.middleware.version_negotiation [None req-ad56dbcf-e9f6-4976-be30-82fac6304610 tempest-ImageDependencyTests-1228595882 tempest-ImageDependencyTests-1228595882-project-member] Matched version: v2 {{(pid=118733) process_request /opt/stack/glance/glance/api/middleware/version_negotiation.py:69}}
Dec 05 04:53:36 ubuntu devstack@g-api.service[118733]: DEBUG glance.api.middleware.version_negotiation [None req-ad56dbcf-e9f6-4976-be30-82fac6304610 tempest-ImageDependencyTests-1228595882 tempest-ImageDependencyTests-1228595882-project-member] new path /v2/schemas/image {{(pid=118733) process_request /opt/stack/glance/glance/api/middleware/version_negotiation.py:70}}
Dec 05 04:53:36 ubuntu devstack@g-api.service[118733]: [pid: 118733|app: 0|req: 30/61] 127.0.0.1 () {42 vars in 985 bytes} [Thu Dec  5 04:53:36 2024] GET /v2/schemas/image => generated 6083 bytes in 3 msecs (HTTP/1.1 200) 4 headers in 158 bytes (1 switches on core 0)
Dec 05 04:53:36 ubuntu devstack@g-api.service[118734]: DEBUG glance.api.middleware.version_negotiation [None req-ad56dbcf-e9f6-4976-be30-82fac6304610 tempest-ImageDependencyTests-1228595882 tempest-ImageDependencyTests-1228595882-project-member] Determining version of request: GET /v2/images/7a28aa86-d3d2-477a-b4f9-669d8275cd7e Accept: */* {{(pid=118734) process_request /opt/stack/glance/glance/api/middleware/version_negotiation.py:44}}
Dec 05 04:53:36 ubuntu devstack@g-api.service[118734]: DEBUG glance.api.middleware.version_negotiation [None req-ad56dbcf-e9f6-4976-be30-82fac6304610 tempest-ImageDependencyTests-1228595882 tempest-ImageDependencyTests-1228595882-project-member] Using url versioning {{(pid=118734) process_request /opt/stack/glance/glance/api/middleware/version_negotiation.py:57}}
Dec 05 04:53:36 ubuntu devstack@g-api.service[118734]: DEBUG glance.api.middleware.version_negotiation [None req-ad56dbcf-e9f6-4976-be30-82fac6304610 tempest-ImageDependencyTests-1228595882 tempest-ImageDependencyTests-1228595882-project-member] Matched version: v2 {{(pid=118734) process_request /opt/stack/glance/glance/api/middleware/version_negotiation.py:69}}
Dec 05 04:53:36 ubuntu devstack@g-api.service[118734]: DEBUG glance.api.middleware.version_negotiation [None req-ad56dbcf-e9f6-4976-be30-82fac6304610 tempest-ImageDependencyTests-1228595882 tempest-ImageDependencyTests-1228595882-project-member] new path /v2/images/7a28aa86-d3d2-477a-b4f9-669d8275cd7e {{(pid=118734) process_request /opt/stack/glance/glance/api/middleware/version_negotiation.py:70}}
Dec 05 04:53:36 ubuntu devstack@g-api.service[118734]: [pid: 118734|app: 0|req: 32/62] 127.0.0.1 () {42 vars in 1045 bytes} [Thu Dec  5 04:53:36 2024] GET /v2/images/7a28aa86-d3d2-477a-b4f9-669d8275cd7e => generated 807 bytes in 12 msecs (HTTP/1.1 200) 4 headers in 157 bytes (1 switches on core 0)
Dec 05 04:53:36 ubuntu devstack@g-api.service[118733]: DEBUG glance.api.middleware.version_negotiation [None req-ad56dbcf-e9f6-4976-be30-82fac6304610 tempest-ImageDependencyTests-1228595882 tempest-ImageDependencyTests-1228595882-project-member] Determining version of request: GET /v2/schemas/image Accept: */* {{(pid=118733) process_request /opt/stack/glance/glance/api/middleware/version_negotiation.py:44}}
Dec 05 04:53:36 ubuntu devstack@g-api.service[118733]: DEBUG glance.api.middleware.version_negotiation [None req-ad56dbcf-e9f6-4976-be30-82fac6304610 tempest-ImageDependencyTests-1228595882 tempest-ImageDependencyTests-1228595882-project-member] Using url versioning {{(pid=118733) process_request /opt/stack/glance/glance/api/middleware/version_negotiation.py:57}}
Dec 05 04:53:36 ubuntu devstack@g-api.service[118733]: DEBUG glance.api.middleware.version_negotiation [None req-ad56dbcf-e9f6-4976-be30-82fac6304610 tempest-ImageDependencyTests-1228595882 tempest-ImageDependencyTests-1228595882-project-member] Matched version: v2 {{(pid=118733) process_request /opt/stack/glance/glance/api/middleware/version_negotiation.py:69}}
Dec 05 04:53:36 ubuntu devstack@g-api.service[118733]: DEBUG glance.api.middleware.version_negotiation [None req-ad56dbcf-e9f6-4976-be30-82fac6304610 tempest-ImageDependencyTests-1228595882 tempest-ImageDependencyTests-1228595882-project-member] new path /v2/schemas/image {{(pid=118733) process_request /opt/stack/glance/glance/api/middleware/version_negotiation.py:70}}
Dec 05 04:53:36 ubuntu devstack@g-api.service[118733]: [pid: 118733|app: 0|req: 31/63] 127.0.0.1 () {42 vars in 985 bytes} [Thu Dec  5 04:53:36 2024] GET /v2/schemas/image => generated 6083 bytes in 6 msecs (HTTP/1.1 200) 4 headers in 158 bytes (1 switches on core 0)
Dec 05 04:53:37 ubuntu devstack@g-api.service[118734]: DEBUG glance.api.middleware.version_negotiation [None req-ad56dbcf-e9f6-4976-be30-82fac6304610 tempest-ImageDependencyTests-1228595882 tempest-ImageDependencyTests-1228595882-project-member] Determining version of request: DELETE /v2/images/7a28aa86-d3d2-477a-b4f9-669d8275cd7e Accept: application/json {{(pid=118734) process_request /opt/stack/glance/glance/api/middleware/version_negotiation.py:44}}
Dec 05 04:53:37 ubuntu devstack@g-api.service[118734]: DEBUG glance.api.middleware.version_negotiation [None req-ad56dbcf-e9f6-4976-be30-82fac6304610 tempest-ImageDependencyTests-1228595882 tempest-ImageDependencyTests-1228595882-project-member] Using url versioning {{(pid=118734) process_request /opt/stack/glance/glance/api/middleware/version_negotiation.py:57}}
Dec 05 04:53:37 ubuntu devstack@g-api.service[118734]: DEBUG glance.api.middleware.version_negotiation [None req-ad56dbcf-e9f6-4976-be30-82fac6304610 tempest-ImageDependencyTests-1228595882 tempest-ImageDependencyTests-1228595882-project-member] Matched version: v2 {{(pid=118734) process_request /opt/stack/glance/glance/api/middleware/version_negotiation.py:69}}
Dec 05 04:53:37 ubuntu devstack@g-api.service[118734]: DEBUG glance.api.middleware.version_negotiation [None req-ad56dbcf-e9f6-4976-be30-82fac6304610 tempest-ImageDependencyTests-1228595882 tempest-ImageDependencyTests-1228595882-project-member] new path /v2/images/7a28aa86-d3d2-477a-b4f9-669d8275cd7e {{(pid=118734) process_request /opt/stack/glance/glance/api/middleware/version_negotiation.py:70}}
Dec 05 04:53:37 ubuntu devstack@g-api.service[118734]: WARNING glance.api.v2.images [None req-34a79ac2-5fdd-4d0e-a3eb-4d3d1447f597 tempest-ImageDependencyTests-1228595882 tempest-ImageDependencyTests-1228595882-project-member] After upload to backend, deletion of staged image data has failed because it cannot be found at /tmp/staging//7a28aa86-d3d2-477a-b4f9-669d8275cd7e
Dec 05 04:53:37 ubuntu devstack@g-api.service[118734]: DEBUG glance_store.backend [None req-34a79ac2-5fdd-4d0e-a3eb-4d3d1447f597 tempest-ImageDependencyTests-1228595882 tempest-ImageDependencyTests-1228595882-project-member] Attempting to import store swift {{(pid=118734) _load_store /opt/stack/data/venv/lib/python3.10/site-packages/glance_store/backend.py:216}}
Dec 05 04:53:37 ubuntu devstack@g-api.service[118734]: DEBUG glance_store.capabilities [None req-34a79ac2-5fdd-4d0e-a3eb-4d3d1447f597 tempest-ImageDependencyTests-1228595882 tempest-ImageDependencyTests-1228595882-project-member] Store glance_store._drivers.swift.store.SingleTenantStore doesn't support updating dynamic storage capabilities. Please overwrite 'update_capabilities' method of the store to implement updating logics if needed. {{(pid=118734) update_capabilities /opt/stack/data/venv/lib/python3.10/site-packages/glance_store/capabilities.py:91}}
Dec 05 04:53:37 ubuntu devstack@g-api.service[118734]: DEBUG glance_store.driver [None req-34a79ac2-5fdd-4d0e-a3eb-4d3d1447f597 tempest-ImageDependencyTests-1228595882 tempest-ImageDependencyTests-1228595882-project-member] Late loading location class glance_store._drivers.swift.store.StoreLocation {{(pid=118734) get_store_location_class /opt/stack/data/venv/lib/python3.10/site-packages/glance_store/driver.py:133}}
Dec 05 04:53:37 ubuntu devstack@g-api.service[118734]: DEBUG glance_store.location [None req-34a79ac2-5fdd-4d0e-a3eb-4d3d1447f597 tempest-ImageDependencyTests-1228595882 tempest-ImageDependencyTests-1228595882-project-member] Registering scheme swift+https with {'store': <glance_store._drivers.swift.store.SingleTenantStore object at 0x7f47d5bd7fd0>, 'location_class': <class 'glance_store._drivers.swift.store.StoreLocation'>, 'store_entry': 'swift'} {{(pid=118734) register_scheme_map /opt/stack/data/venv/lib/python3.10/site-packages/glance_store/location.py:146}}
Dec 05 04:53:37 ubuntu devstack@g-api.service[118734]: DEBUG glance_store.location [None req-34a79ac2-5fdd-4d0e-a3eb-4d3d1447f597 tempest-ImageDependencyTests-1228595882 tempest-ImageDependencyTests-1228595882-project-member] Registering scheme swift+https with {'store': <glance_store._drivers.swift.store.SingleTenantStore object at 0x7f47d5bd7fd0>, 'location_class': <class 'glance_store._drivers.swift.store.StoreLocation'>, 'store_entry': 'swift'} {{(pid=118734) register_scheme_map /opt/stack/data/venv/lib/python3.10/site-packages/glance_store/location.py:146}}
Dec 05 04:53:37 ubuntu devstack@g-api.service[118734]: DEBUG glance_store.location [None req-34a79ac2-5fdd-4d0e-a3eb-4d3d1447f597 tempest-ImageDependencyTests-1228595882 tempest-ImageDependencyTests-1228595882-project-member] Registering scheme swift with {'store': <glance_store._drivers.swift.store.SingleTenantStore object at 0x7f47d5bd7fd0>, 'location_class': <class 'glance_store._drivers.swift.store.StoreLocation'>, 'store_entry': 'swift'} {{(pid=118734) register_scheme_map /opt/stack/data/venv/lib/python3.10/site-packages/glance_store/location.py:146}}
Dec 05 04:53:37 ubuntu devstack@g-api.service[118734]: DEBUG glance_store.location [None req-34a79ac2-5fdd-4d0e-a3eb-4d3d1447f597 tempest-ImageDependencyTests-1228595882 tempest-ImageDependencyTests-1228595882-project-member] Registering scheme swift+https with {'store': <glance_store._drivers.swift.store.SingleTenantStore object at 0x7f47d5bd7fd0>, 'location_class': <class 'glance_store._drivers.swift.store.StoreLocation'>, 'store_entry': 'swift'} {{(pid=118734) register_scheme_map /opt/stack/data/venv/lib/python3.10/site-packages/glance_store/location.py:146}}
Dec 05 04:53:37 ubuntu devstack@g-api.service[118734]: DEBUG glance_store.location [None req-34a79ac2-5fdd-4d0e-a3eb-4d3d1447f597 tempest-ImageDependencyTests-1228595882 tempest-ImageDependencyTests-1228595882-project-member] Registering scheme swift with {'store': <glance_store._drivers.swift.store.SingleTenantStore object at 0x7f47d5bd7fd0>, 'location_class': <class 'glance_store._drivers.swift.store.StoreLocation'>, 'store_entry': 'swift'} {{(pid=118734) register_scheme_map /opt/stack/data/venv/lib/python3.10/site-packages/glance_store/location.py:146}}
Dec 05 04:53:37 ubuntu devstack@g-api.service[118734]: DEBUG glance_store.location [None req-34a79ac2-5fdd-4d0e-a3eb-4d3d1447f597 tempest-ImageDependencyTests-1228595882 tempest-ImageDependencyTests-1228595882-project-member] Registering scheme swift+http with {'store': <glance_store._drivers.swift.store.SingleTenantStore object at 0x7f47d5bd7fd0>, 'location_class': <class 'glance_store._drivers.swift.store.StoreLocation'>, 'store_entry': 'swift'} {{(pid=118734) register_scheme_map /opt/stack/data/venv/lib/python3.10/site-packages/glance_store/location.py:146}}
Dec 05 04:53:37 ubuntu devstack@g-api.service[118734]: DEBUG glance_store.location [None req-34a79ac2-5fdd-4d0e-a3eb-4d3d1447f597 tempest-ImageDependencyTests-1228595882 tempest-ImageDependencyTests-1228595882-project-member] Registering scheme swift+https with {'store': <glance_store._drivers.swift.store.SingleTenantStore object at 0x7f47d5bd7fd0>, 'location_class': <class 'glance_store._drivers.swift.store.StoreLocation'>, 'store_entry': 'swift'} {{(pid=118734) register_scheme_map /opt/stack/data/venv/lib/python3.10/site-packages/glance_store/location.py:146}}
Dec 05 04:53:37 ubuntu devstack@g-api.service[118734]: DEBUG glance_store.location [None req-34a79ac2-5fdd-4d0e-a3eb-4d3d1447f597 tempest-ImageDependencyTests-1228595882 tempest-ImageDependencyTests-1228595882-project-member] Registering scheme swift with {'store': <glance_store._drivers.swift.store.SingleTenantStore object at 0x7f47d5bd7fd0>, 'location_class': <class 'glance_store._drivers.swift.store.StoreLocation'>, 'store_entry': 'swift'} {{(pid=118734) register_scheme_map /opt/stack/data/venv/lib/python3.10/site-packages/glance_store/location.py:146}}
Dec 05 04:53:37 ubuntu devstack@g-api.service[118734]: DEBUG glance_store.location [None req-34a79ac2-5fdd-4d0e-a3eb-4d3d1447f597 tempest-ImageDependencyTests-1228595882 tempest-ImageDependencyTests-1228595882-project-member] Registering scheme swift+http with {'store': <glance_store._drivers.swift.store.SingleTenantStore object at 0x7f47d5bd7fd0>, 'location_class': <class 'glance_store._drivers.swift.store.StoreLocation'>, 'store_entry': 'swift'} {{(pid=118734) register_scheme_map /opt/stack/data/venv/lib/python3.10/site-packages/glance_store/location.py:146}}
Dec 05 04:53:37 ubuntu devstack@g-api.service[118734]: DEBUG glance_store.location [None req-34a79ac2-5fdd-4d0e-a3eb-4d3d1447f597 tempest-ImageDependencyTests-1228595882 tempest-ImageDependencyTests-1228595882-project-member] Registering scheme swift+config with {'store': <glance_store._drivers.swift.store.SingleTenantStore object at 0x7f47d5bd7fd0>, 'location_class': <class 'glance_store._drivers.swift.store.StoreLocation'>, 'store_entry': 'swift'} {{(pid=118734) register_scheme_map /opt/stack/data/venv/lib/python3.10/site-packages/glance_store/location.py:146}}
Dec 05 04:53:37 ubuntu devstack@g-api.service[118734]: DEBUG keystoneclient.auth.identity.v3.base [None req-34a79ac2-5fdd-4d0e-a3eb-4d3d1447f597 tempest-ImageDependencyTests-1228595882 tempest-ImageDependencyTests-1228595882-project-member] Making authentication request to http://10.201.5.82/identity/v3/auth/tokens {{(pid=118734) get_auth_ref /opt/stack/data/venv/lib/python3.10/site-packages/keystoneclient/auth/identity/v3/base.py:185}}
Dec 05 04:53:37 ubuntu devstack@g-api.service[118734]: DEBUG keystoneclient.auth.identity.v3.base [None req-34a79ac2-5fdd-4d0e-a3eb-4d3d1447f597 tempest-ImageDependencyTests-1228595882 tempest-ImageDependencyTests-1228595882-project-member] {"token": {"methods": ["password"], "user": {"domain": {"id": "default", "name": "Default"}, "id": "24c29778f53849f8800f0cb50dcc7a5e", "name": "glance-swift", "password_expires_at": null}, "audit_ids": ["sdMgfioXQcWvqYwttLWJAA"], "expires_at": "2024-12-05T05:53:37.000000Z", "issued_at": "2024-12-05T04:53:37.000000Z", "project": {"domain": {"id": "default", "name": "Default"}, "id": "9cf904a6713243ad8eb150f46a15b62e", "name": "service"}, "is_domain": false, "roles": [{"id": "8d56f3c889434ae98a1fb346b3824be9", "name": "service"}, {"id": "8c8e0dfef23e4df699b9fc512fb32867", "name": "ResellerAdmin"}], "catalog": [{"endpoints": [{"id": "16dc05ee7efe479ca4f32a2fa2ff9955", "interface": "public", "region_id": "RegionOne", "url": "http://10.201.5.82:9696/networking", "region": "RegionOne"}], "id": "0a2d2e48cc204ed9b91b46267c1a58c8", "type": "network", "name": "neutron"}, {"endpoints": [{"id": "30231918dd51413ebafea489ddccdbaa", "interface": "public", "region_id": "RegionOne", "url": "http://10.201.5.82/compute/v2.1", "region": "RegionOne"}], "id": "3416a61140ec4d60b70dfa024bc3f643", "type": "compute", "name": "nova"}, {"endpoints": [{"id": "0dc196f6b5264b908e5a6d3894517087", "interface": "public", "region_id": "RegionOne", "url": "http://10.201.5.82/identity", "region": "RegionOne"}], "id": "37907cb856ed4bfb9e55dc388e1f34f4", "type": "identity", "name": "keystone"}, {"endpoints": [{"id": "4770e8b9ed3148598de3c4ebd08c8a7a", "interface": "public", "region_id": "RegionOne", "url": "http://10.201.5.82/compute/v2/9cf904a6713243ad8eb150f46a15b62e", "region": "RegionOne"}], "id": "4dcd0dda6f644f3dad4ae2de47e6d8c5", "type": "compute_legacy", "name": "nova_legacy"}, {"endpoints": [{"id": "7c3f7fb07e98493998d834bb69e9fdf7", "interface": "public", "region_id": "RegionOne", "url": "http://10.201.5.82/placement", "region": "RegionOne"}], "id": "b0c5558359fa4c8d898974ad4ed84348", "type": "placement", "name": "placement"}, {"endpoints": [{"id": "cb4b82afb5bf4d4bb68612056ce8426f", "interface": "public", "region_id": "RegionOne", "url": "http://10.201.5.82/image", "region": "RegionOne"}], "id": "bc0b1fa102934892af0e70a036ad6e65", "type": "image", "name": "glance"}, {"endpoints": [{"id": "218475ff90f94778bb8b5bc2af4510e4", "interface": "public", "region_id": "RegionOne", "url": "http://10.201.5.82/volume/v3", "region": "RegionOne"}], "id": "e709206e6c5647528100279878e7ea00", "type": "block-storage", "name": "cinder"}, {"endpoints": [{"id": "76dc6d9cdb56434ba9d79b3532885465", "interface": "public", "region_id": "RegionOne", "url": "http://10.201.5.82:8080/v1/AUTH_9cf904a6713243ad8eb150f46a15b62e", "region": "RegionOne"}, {"id": "9d4fb636ab814f499e26d00bac4d2eed", "interface": "admin", "region_id": "RegionOne", "url": "http://10.201.5.82:8080", "region": "RegionOne"}], "id": "f7af198bd05c4b1ba91e118894d5fd2b", "type": "object-store", "name": "swift"}]}} {{(pid=118734) get_auth_ref /opt/stack/data/venv/lib/python3.10/site-packages/keystoneclient/auth/identity/v3/base.py:190}}
Dec 05 04:53:37 ubuntu devstack@g-api.service[118734]: DEBUG keystoneclient.httpclient [None req-34a79ac2-5fdd-4d0e-a3eb-4d3d1447f597 tempest-ImageDependencyTests-1228595882 tempest-ImageDependencyTests-1228595882-project-member] Failed to find endpoint for management url admin endpoint for identity service not found {{(pid=118734) _process_management_url /opt/stack/data/venv/lib/python3.10/site-packages/keystoneclient/httpclient.py:670}}
Dec 05 04:53:37 ubuntu devstack@g-api.service[118734]: DEBUG swiftclient [None req-34a79ac2-5fdd-4d0e-a3eb-4d3d1447f597 tempest-ImageDependencyTests-1228595882 tempest-ImageDependencyTests-1228595882-project-member] REQ: curl -i http://10.201.5.82:8080/v1/AUTH_9cf904a6713243ad8eb150f46a15b62e/glance/7a28aa86-d3d2-477a-b4f9-669d8275cd7e -I -H "X-Auth-Token: gAAAAABnUTHRaLD-..." {{(pid=118734) http_log /opt/stack/data/venv/lib/python3.10/site-packages/swiftclient/client.py:160}}
Dec 05 04:53:37 ubuntu devstack@g-api.service[118734]: DEBUG swiftclient [None req-34a79ac2-5fdd-4d0e-a3eb-4d3d1447f597 tempest-ImageDependencyTests-1228595882 tempest-ImageDependencyTests-1228595882-project-member] RESP STATUS: 200 OK {{(pid=118734) http_log /opt/stack/data/venv/lib/python3.10/site-packages/swiftclient/client.py:161}}
Dec 05 04:53:37 ubuntu devstack@g-api.service[118734]: DEBUG swiftclient [None req-34a79ac2-5fdd-4d0e-a3eb-4d3d1447f597 tempest-ImageDependencyTests-1228595882 tempest-ImageDependencyTests-1228595882-project-member] RESP HEADERS: {'Content-Type': 'application/octet-stream', 'Content-Length': '1024', 'Etag': '3fd41ea215fd0bc51b774b2b53e288f0', 'Last-Modified': 'Thu, 05 Dec 2024 04:53:32 GMT', 'X-Timestamp': '1733374411.33681', 'Accept-Ranges': 'bytes', 'X-Trans-Id': 'tx9b1ed5c6930644a0b1a12-00675131d1', 'X-Openstack-Request-Id': 'tx9b1ed5c6930644a0b1a12-00675131d1', 'Date': 'Thu, 05 Dec 2024 04:53:37 GMT'} {{(pid=118734) http_log /opt/stack/data/venv/lib/python3.10/site-packages/swiftclient/client.py:162}}
Dec 05 04:53:37 ubuntu devstack@g-api.service[118734]: DEBUG swiftclient [None req-34a79ac2-5fdd-4d0e-a3eb-4d3d1447f597 tempest-ImageDependencyTests-1228595882 tempest-ImageDependencyTests-1228595882-project-member] REQ: curl -i http://10.201.5.82:8080/v1/AUTH_9cf904a6713243ad8eb150f46a15b62e/glance/7a28aa86-d3d2-477a-b4f9-669d8275cd7e DELETE -H "X-Auth-Token: gAAAAABnUTHRaLD-..." {{(pid=118734) http_log /opt/stack/data/venv/lib/python3.10/site-packages/swiftclient/client.py:160}}
Dec 05 04:53:37 ubuntu devstack@g-api.service[118734]: DEBUG swiftclient [None req-34a79ac2-5fdd-4d0e-a3eb-4d3d1447f597 tempest-ImageDependencyTests-1228595882 tempest-ImageDependencyTests-1228595882-project-member] RESP STATUS: 204 No Content {{(pid=118734) http_log /opt/stack/data/venv/lib/python3.10/site-packages/swiftclient/client.py:161}}
Dec 05 04:53:37 ubuntu devstack@g-api.service[118734]: DEBUG swiftclient [None req-34a79ac2-5fdd-4d0e-a3eb-4d3d1447f597 tempest-ImageDependencyTests-1228595882 tempest-ImageDependencyTests-1228595882-project-member] RESP HEADERS: {'Content-Type': 'text/html; charset=UTF-8', 'Content-Length': '0', 'X-Trans-Id': 'txd0a63ea24eaa453ea1fa4-00675131d1', 'X-Openstack-Request-Id': 'txd0a63ea24eaa453ea1fa4-00675131d1', 'Date': 'Thu, 05 Dec 2024 04:53:37 GMT'} {{(pid=118734) http_log /opt/stack/data/venv/lib/python3.10/site-packages/swiftclient/client.py:162}}
Dec 05 04:53:37 ubuntu devstack@g-api.service[118734]: DEBUG glance.api.middleware.cache [None req-34a79ac2-5fdd-4d0e-a3eb-4d3d1447f597 tempest-ImageDependencyTests-1228595882 tempest-ImageDependencyTests-1228595882-project-member] Removing image 7a28aa86-d3d2-477a-b4f9-669d8275cd7e from cache {{(pid=118734) _process_DELETE_response /opt/stack/glance/glance/api/middleware/cache.py:264}}
Dec 05 04:53:37 ubuntu devstack@g-api.service[118734]: DEBUG glance.image_cache.drivers.centralized_db [None req-34a79ac2-5fdd-4d0e-a3eb-4d3d1447f597 tempest-ImageDependencyTests-1228595882 tempest-ImageDependencyTests-1228595882-project-member] Deleting image cache file '/opt/stack/data/glance/cache/7a28aa86-d3d2-477a-b4f9-669d8275cd7e' {{(pid=118734) delete_cached_file /opt/stack/glance/glance/image_cache/drivers/centralized_db.py:387}}
Dec 05 04:53:37 ubuntu devstack@g-api.service[118734]: [pid: 118734|app: 0|req: 33/64] 127.0.0.1 () {38 vars in 773 bytes} [Thu Dec  5 04:53:37 2024] DELETE /v2/images/7a28aa86-d3d2-477a-b4f9-669d8275cd7e => generated 0 bytes in 169 msecs (HTTP/1.1 204) 4 headers in 171 bytes (1 switches on core 0)
Dec 05 04:53:37 ubuntu devstack@g-api.service[118733]: DEBUG glance.api.middleware.version_negotiation [None req-ad56dbcf-e9f6-4976-be30-82fac6304610 tempest-ImageDependencyTests-1228595882 tempest-ImageDependencyTests-1228595882-project-member] Determining version of request: GET /v2/images/7a28aa86-d3d2-477a-b4f9-669d8275cd7e Accept: application/json {{(pid=118733) process_request /opt/stack/glance/glance/api/middleware/version_negotiation.py:44}}
Dec 05 04:53:37 ubuntu devstack@g-api.service[118733]: DEBUG glance.api.middleware.version_negotiation [None req-ad56dbcf-e9f6-4976-be30-82fac6304610 tempest-ImageDependencyTests-1228595882 tempest-ImageDependencyTests-1228595882-project-member] Using url versioning {{(pid=118733) process_request /opt/stack/glance/glance/api/middleware/version_negotiation.py:57}}
Dec 05 04:53:37 ubuntu devstack@g-api.service[118733]: DEBUG glance.api.middleware.version_negotiation [None req-ad56dbcf-e9f6-4976-be30-82fac6304610 tempest-ImageDependencyTests-1228595882 tempest-ImageDependencyTests-1228595882-project-member] Matched version: v2 {{(pid=118733) process_request /opt/stack/glance/glance/api/middleware/version_negotiation.py:69}}
Dec 05 04:53:37 ubuntu devstack@g-api.service[118733]: DEBUG glance.api.middleware.version_negotiation [None req-ad56dbcf-e9f6-4976-be30-82fac6304610 tempest-ImageDependencyTests-1228595882 tempest-ImageDependencyTests-1228595882-project-member] new path /v2/images/7a28aa86-d3d2-477a-b4f9-669d8275cd7e {{(pid=118733) process_request /opt/stack/glance/glance/api/middleware/version_negotiation.py:70}}
Dec 05 04:53:37 ubuntu devstack@g-api.service[118733]: DEBUG glance.db.sqlalchemy.api [None req-fd3e8d0f-8c5e-4012-a148-ea2c7131ed55 tempest-ImageDependencyTests-1228595882 tempest-ImageDependencyTests-1228595882-project-member] No image found with ID 7a28aa86-d3d2-477a-b4f9-669d8275cd7e {{(pid=118733) _image_get /opt/stack/glance/glance/db/sqlalchemy/api.py:309}}
Dec 05 04:53:37 ubuntu devstack@g-api.service[118733]: [pid: 118733|app: 0|req: 32/65] 127.0.0.1 () {38 vars in 770 bytes} [Thu Dec  5 04:53:37 2024] GET /v2/images/7a28aa86-d3d2-477a-b4f9-669d8275cd7e => generated 139 bytes in 12 msecs (HTTP/1.1 404) 4 headers in 164 bytes (1 switches on core 0)
Dec 05 04:53:47 ubuntu devstack@g-api.service[118734]: DEBUG dbcounter [-] [118734] Writing DB stats glance:SELECT=52,glance:UPDATE=9,glance:INSERT=1,glance:DELETE=1 {{(pid=118734) stat_writer /opt/stack/data/venv/lib/python3.10/site-packages/dbcounter.py:115}}
Dec 05 04:53:47 ubuntu devstack@g-api.service[118733]: DEBUG dbcounter [-] [118733] Writing DB stats glance:SELECT=32,glance:INSERT=2,glance:UPDATE=1 {{(pid=118733) stat_writer /opt/stack/data/venv/lib/python3.10/site-packages/dbcounter.py:115}}
