Apr 13 07:38:56 ubuntu devstack@keystone.service[83436]: ERROR keystone.server.flask.application   File "/opt/stack/data/venv/lib/python3.10/site-packages/pymysql/connections.py", line 575, in query
Apr 13 07:38:56 ubuntu devstack@keystone.service[83436]: ERROR keystone.server.flask.application     self._affected_rows = self._read_query_result(unbuffered=unbuffered)
Apr 13 07:38:56 ubuntu devstack@keystone.service[83436]: ERROR keystone.server.flask.application   File "/opt/stack/data/venv/lib/python3.10/site-packages/pymysql/connections.py", line 826, in _read_query_result
Apr 13 07:38:56 ubuntu devstack@keystone.service[83436]: ERROR keystone.server.flask.application     result.read()
Apr 13 07:38:56 ubuntu devstack@keystone.service[83436]: ERROR keystone.server.flask.application   File "/opt/stack/data/venv/lib/python3.10/site-packages/pymysql/connections.py", line 1203, in read
Apr 13 07:38:56 ubuntu devstack@keystone.service[83436]: ERROR keystone.server.flask.application     first_packet = self.connection._read_packet()
Apr 13 07:38:56 ubuntu devstack@keystone.service[83436]: ERROR keystone.server.flask.application   File "/opt/stack/data/venv/lib/python3.10/site-packages/pymysql/connections.py", line 782, in _read_packet
Apr 13 07:38:56 ubuntu devstack@keystone.service[83436]: ERROR keystone.server.flask.application     packet.raise_for_error()
Apr 13 07:38:56 ubuntu devstack@keystone.service[83436]: ERROR keystone.server.flask.application   File "/opt/stack/data/venv/lib/python3.10/site-packages/pymysql/protocol.py", line 219, in raise_for_error
Apr 13 07:38:56 ubuntu devstack@keystone.service[83436]: ERROR keystone.server.flask.application     err.raise_mysql_exception(self._data)
Apr 13 07:38:56 ubuntu devstack@keystone.service[83436]: ERROR keystone.server.flask.application   File "/opt/stack/data/venv/lib/python3.10/site-packages/pymysql/err.py", line 150, in raise_mysql_exception
Apr 13 07:38:56 ubuntu devstack@keystone.service[83436]: ERROR keystone.server.flask.application     raise errorclass(errno, errval)
Apr 13 07:38:56 ubuntu devstack@keystone.service[83436]: ERROR keystone.server.flask.application oslo_db.exception.DBDuplicateEntry: (pymysql.err.IntegrityError) (1062, "Duplicate entry 'service-<<null>>' for key 'role.ixu_role_name_domain_id'")
Apr 13 07:38:56 ubuntu devstack@keystone.service[83436]: ERROR keystone.server.flask.application [SQL: INSERT INTO `role` (id, name, description, extra) VALUES (%(id)s, %(name)s, %(description)s, %(extra)s)]
Apr 13 07:38:56 ubuntu devstack@keystone.service[83436]: ERROR keystone.server.flask.application [parameters: {'id': '2e42bf0dbc344e69a01c4304802645cf', 'name': 'service', 'description': None, 'extra': '{}'}]
Apr 13 07:38:56 ubuntu devstack@keystone.service[83436]: ERROR keystone.server.flask.application (Background on this error at: https://sqlalche.me/e/20/gkpj)
Apr 13 07:38:56 ubuntu devstack@keystone.service[83436]: ERROR keystone.server.flask.application 
Apr 13 07:38:56 ubuntu devstack@keystone.service[83436]: ERROR keystone.server.flask.application During handling of the above exception, another exception occurred:
Apr 13 07:38:56 ubuntu devstack@keystone.service[83436]: ERROR keystone.server.flask.application 
Apr 13 07:38:56 ubuntu devstack@keystone.service[83436]: ERROR keystone.server.flask.application Traceback (most recent call last):
Apr 13 07:38:56 ubuntu devstack@keystone.service[83436]: ERROR keystone.server.flask.application   File "/opt/stack/data/venv/lib/python3.10/site-packages/flask/app.py", line 917, in full_dispatch_request
Apr 13 07:38:56 ubuntu devstack@keystone.service[83436]: ERROR keystone.server.flask.application     rv = self.dispatch_request()
Apr 13 07:38:56 ubuntu devstack@keystone.service[83436]: ERROR keystone.server.flask.application   File "/opt/stack/data/venv/lib/python3.10/site-packages/flask/app.py", line 902, in dispatch_request
Apr 13 07:38:56 ubuntu devstack@keystone.service[83436]: ERROR keystone.server.flask.application     return self.ensure_sync(self.view_functions[rule.endpoint])(**view_args)  # type: ignore[no-any-return]
Apr 13 07:38:56 ubuntu devstack@keystone.service[83436]: ERROR keystone.server.flask.application   File "/opt/stack/data/venv/lib/python3.10/site-packages/flask_restful/__init__.py", line 489, in wrapper
Apr 13 07:38:56 ubuntu devstack@keystone.service[83436]: ERROR keystone.server.flask.application     resp = resource(*args, **kwargs)
Apr 13 07:38:56 ubuntu devstack@keystone.service[83436]: ERROR keystone.server.flask.application   File "/opt/stack/data/venv/lib/python3.10/site-packages/flask/views.py", line 110, in view
Apr 13 07:38:56 ubuntu devstack@keystone.service[83436]: ERROR keystone.server.flask.application     return current_app.ensure_sync(self.dispatch_request)(**kwargs)  # type: ignore[no-any-return]
Apr 13 07:38:56 ubuntu devstack@keystone.service[83436]: ERROR keystone.server.flask.application   File "/opt/stack/data/venv/lib/python3.10/site-packages/flask_restful/__init__.py", line 604, in dispatch_request
Apr 13 07:38:56 ubuntu devstack@keystone.service[83436]: ERROR keystone.server.flask.application     resp = meth(*args, **kwargs)
Apr 13 07:38:56 ubuntu devstack@keystone.service[83436]: ERROR keystone.server.flask.application   File "/opt/stack/keystone/keystone/api/validation/__init__.py", line 86, in wrapper
Apr 13 07:38:56 ubuntu devstack@keystone.service[83436]: ERROR keystone.server.flask.application     return func(*args, **kwargs)
Apr 13 07:38:56 ubuntu devstack@keystone.service[83436]: ERROR keystone.server.flask.application   File "/opt/stack/keystone/keystone/api/validation/__init__.py", line 145, in wrapper
Apr 13 07:38:56 ubuntu devstack@keystone.service[83436]: ERROR keystone.server.flask.application     response = func(*args, **kwargs)
Apr 13 07:38:56 ubuntu devstack@keystone.service[83436]: ERROR keystone.server.flask.application   File "/opt/stack/keystone/keystone/api/roles.py", line 91, in post
Apr 13 07:38:56 ubuntu devstack@keystone.service[83436]: ERROR keystone.server.flask.application     ref = PROVIDERS.role_api.create_role(
Apr 13 07:38:56 ubuntu devstack@keystone.service[83436]: ERROR keystone.server.flask.application   File "/opt/stack/keystone/keystone/common/manager.py", line 114, in wrapped
Apr 13 07:38:56 ubuntu devstack@keystone.service[83436]: ERROR keystone.server.flask.application     __ret_val = __f(*args, **kwargs)
Apr 13 07:38:56 ubuntu devstack@keystone.service[83436]: ERROR keystone.server.flask.application   File "/opt/stack/keystone/keystone/assignment/core.py", line 1486, in create_role
Apr 13 07:38:56 ubuntu devstack@keystone.service[83436]: ERROR keystone.server.flask.application     ret = self.driver.create_role(role_id, role)
Apr 13 07:38:56 ubuntu devstack@keystone.service[83436]: ERROR keystone.server.flask.application   File "/opt/stack/keystone/keystone/common/sql/core.py", line 614, in wrapper
Apr 13 07:38:56 ubuntu devstack@keystone.service[83436]: ERROR keystone.server.flask.application     raise exception.Conflict(type=conflict_type, details=msg)
Apr 13 07:38:56 ubuntu devstack@keystone.service[83436]: ERROR keystone.server.flask.application keystone.exception.Conflict: Conflict occurred attempting to store role - Duplicate entry found with name service.
Apr 13 07:38:56 ubuntu devstack@keystone.service[83436]: ERROR keystone.server.flask.application 
Apr 13 07:38:56 ubuntu devstack@keystone.service[83437]: [pid: 83437|app: 0|req: 16/34] 10.201.5.82 () {60 vars in 1177 bytes} [Mon Apr 13 07:38:55 2026] POST /identity/v3/projects => generated 301 bytes in 260 msecs (HTTP/1.1 201) 5 headers in 182 bytes (1 switches on core 0)
Apr 13 07:38:56 ubuntu devstack@keystone.service[83436]: [pid: 83436|app: 0|req: 19/35] 10.201.5.82 () {60 vars in 1168 bytes} [Mon Apr 13 07:38:56 2026] POST /identity/v3/roles => generated 140 bytes in 66 msecs (HTTP/1.1 409) 5 headers in 183 bytes (1 switches on core 0)
Apr 13 07:38:56 ubuntu devstack@keystone.service[83436]: DEBUG keystone.server.flask.request_processing.middleware.auth_context [None req-afc8ef03-59e8-4dd5-a3e8-5b0618b66e39 None admin] Authenticating user token {{(pid=83436) process_request /opt/stack/data/venv/lib/python3.10/site-packages/keystonemiddleware/auth_token/__init__.py:407}}
Apr 13 07:38:56 ubuntu devstack@keystone.service[83437]: DEBUG keystone.server.flask.request_processing.req_logging [None req-cabffca4-fe7b-4916-92bb-94e389e2a9af None None] REQUEST_METHOD: `POST` {{(pid=83437) log_request_info /opt/stack/keystone/keystone/server/flask/request_processing/req_logging.py:26}}
Apr 13 07:38:56 ubuntu devstack@keystone.service[83437]: DEBUG keystone.server.flask.request_processing.req_logging [None req-cabffca4-fe7b-4916-92bb-94e389e2a9af None None] SCRIPT_NAME: `/identity` {{(pid=83437) log_request_info /opt/stack/keystone/keystone/server/flask/request_processing/req_logging.py:27}}
Apr 13 07:38:56 ubuntu devstack@keystone.service[83437]: DEBUG keystone.server.flask.request_processing.req_logging [None req-cabffca4-fe7b-4916-92bb-94e389e2a9af None None] PATH_INFO: `/v3/auth/tokens` {{(pid=83437) log_request_info /opt/stack/keystone/keystone/server/flask/request_processing/req_logging.py:28}}
Apr 13 07:38:56 ubuntu devstack@keystone.service[83437]: WARNING keystone.common.password_hashing [None req-cabffca4-fe7b-4916-92bb-94e389e2a9af None None] Truncating password to algorithm specific maximum length 72 characters.
Apr 13 07:38:56 ubuntu devstack@keystone.service[83437]: DEBUG keystone.auth.core [None req-cabffca4-fe7b-4916-92bb-94e389e2a9af None None] MFA Rules not processed for user `95802bb3370440f5bc9d0b09497c7038`. Rule list: `[]` (Enabled: `True`). {{(pid=83437) check_auth_methods_against_rules /opt/stack/keystone/keystone/auth/core.py:476}}
Apr 13 07:38:56 ubuntu devstack@keystone.service[83437]: DEBUG keystone.common.fernet_utils [None req-cabffca4-fe7b-4916-92bb-94e389e2a9af None None] Loaded 2 Fernet keys from /etc/keystone/fernet-keys/, but `[fernet_tokens] max_active_keys = 3`; perhaps there have not been enough key rotations to reach `max_active_keys` yet? {{(pid=83437) load_keys /opt/stack/keystone/keystone/common/fernet_utils.py:297}}
Apr 13 07:38:56 ubuntu devstack@keystone.service[83436]: DEBUG keystone.server.flask.request_processing.middleware.auth_context [None req-afc8ef03-59e8-4dd5-a3e8-5b0618b66e39 None admin] Validating token access rules against request {{(pid=83436) validate_allowed_request /opt/stack/data/venv/lib/python3.10/site-packages/keystonemiddleware/auth_token/__init__.py:545}}
Apr 13 07:38:56 ubuntu devstack@keystone.service[83437]: [pid: 83437|app: 0|req: 17/36] 10.201.5.82 () {58 vars in 1017 bytes} [Mon Apr 13 07:38:56 2026] POST /identity/v3/auth/tokens => generated 862 bytes in 57 msecs (HTTP/1.1 201) 6 headers in 363 bytes (1 switches on core 0)
Apr 13 07:38:56 ubuntu devstack@keystone.service[83437]: DEBUG keystone.server.flask.request_processing.middleware.auth_context [None req-cabffca4-fe7b-4916-92bb-94e389e2a9af None None] Authenticating user token {{(pid=83437) process_request /opt/stack/data/venv/lib/python3.10/site-packages/keystonemiddleware/auth_token/__init__.py:407}}
Apr 13 07:38:56 ubuntu devstack@keystone.service[83436]: DEBUG keystone.server.flask.request_processing.middleware.auth_context [None req-55d9d344-d2bd-44e1-bccb-bf198190e254 None admin] RBAC: auth_context: {'token': <TokenModel (audit_id=jL91xajITeKbMw2P4dQvkQ, audit_chain_id=['jL91xajITeKbMw2P4dQvkQ']) at 0x7f009dffabc0>, 'domain_id': None, 'trust_id': None, 'trustor_id': None, 'trustee_id': None, 'domain_name': None, 'group_ids': [], 'user_id': '95802bb3370440f5bc9d0b09497c7038', 'user_domain_id': 'default', 'system_scope': 'all', 'project_id': None, 'project_domain_id': None, 'roles': ['admin', 'manager', 'member', 'reader'], 'is_admin_project': True, 'service_user_id': None, 'service_user_domain_id': None, 'service_project_id': None, 'service_project_domain_id': None, 'service_roles': []} {{(pid=83436) fill_context /opt/stack/keystone/keystone/server/flask/request_processing/middleware/auth_context.py:509}}
Apr 13 07:38:56 ubuntu devstack@keystone.service[83436]: DEBUG keystone.server.flask.request_processing.req_logging [None req-55d9d344-d2bd-44e1-bccb-bf198190e254 None admin] REQUEST_METHOD: `GET` {{(pid=83436) log_request_info /opt/stack/keystone/keystone/server/flask/request_processing/req_logging.py:26}}
Apr 13 07:38:56 ubuntu devstack@keystone.service[83436]: DEBUG keystone.server.flask.request_processing.req_logging [None req-55d9d344-d2bd-44e1-bccb-bf198190e254 None admin] SCRIPT_NAME: `/identity` {{(pid=83436) log_request_info /opt/stack/keystone/keystone/server/flask/request_processing/req_logging.py:27}}
Apr 13 07:38:56 ubuntu devstack@keystone.service[83436]: DEBUG keystone.server.flask.request_processing.req_logging [None req-55d9d344-d2bd-44e1-bccb-bf198190e254 None admin] PATH_INFO: `/v3/users/95802bb3370440f5bc9d0b09497c7038` {{(pid=83436) log_request_info /opt/stack/keystone/keystone/server/flask/request_processing/req_logging.py:28}}
Apr 13 07:38:56 ubuntu devstack@keystone.service[83436]: DEBUG keystone.common.rbac_enforcer.enforcer [None req-55d9d344-d2bd-44e1-bccb-bf198190e254 None admin] RBAC: Authorizing `identity:get_user(user_id=95802bb3370440f5bc9d0b09497c7038)` {{(pid=83436) enforce_call /opt/stack/keystone/keystone/common/rbac_enforcer/enforcer.py:494}}
Apr 13 07:38:56 ubuntu devstack@keystone.service[83436]: DEBUG keystone.common.rbac_enforcer.enforcer [None req-55d9d344-d2bd-44e1-bccb-bf198190e254 None admin] RBAC: Authorization granted {{(pid=83436) enforce_call /opt/stack/keystone/keystone/common/rbac_enforcer/enforcer.py:505}}
Apr 13 07:38:56 ubuntu devstack@keystone.service[83436]: [pid: 83436|app: 0|req: 20/37] 10.201.5.82 () {56 vars in 1214 bytes} [Mon Apr 13 07:38:56 2026] GET /identity/v3/users/95802bb3370440f5bc9d0b09497c7038 => generated 247 bytes in 66 msecs (HTTP/1.1 200) 5 headers in 177 bytes (1 switches on core 0)
Apr 13 07:38:56 ubuntu devstack@keystone.service[83436]: DEBUG keystone.server.flask.request_processing.middleware.auth_context [None req-55d9d344-d2bd-44e1-bccb-bf198190e254 None admin] Authenticating user token {{(pid=83436) process_request /opt/stack/data/venv/lib/python3.10/site-packages/keystonemiddleware/auth_token/__init__.py:407}}
Apr 13 07:38:56 ubuntu devstack@keystone.service[83437]: DEBUG keystone.server.flask.request_processing.middleware.auth_context [None req-cabffca4-fe7b-4916-92bb-94e389e2a9af None None] Validating token access rules against request {{(pid=83437) validate_allowed_request /opt/stack/data/venv/lib/python3.10/site-packages/keystonemiddleware/auth_token/__init__.py:545}}
Apr 13 07:38:56 ubuntu devstack@keystone.service[83436]: DEBUG keystone.server.flask.request_processing.middleware.auth_context [None req-55d9d344-d2bd-44e1-bccb-bf198190e254 None admin] Validating token access rules against request {{(pid=83436) validate_allowed_request /opt/stack/data/venv/lib/python3.10/site-packages/keystonemiddleware/auth_token/__init__.py:545}}
Apr 13 07:38:56 ubuntu devstack@keystone.service[83437]: DEBUG keystone.server.flask.request_processing.middleware.auth_context [None req-f8053c2b-e59f-417a-b4b5-d6bd19abee7a None admin] RBAC: auth_context: {'token': <TokenModel (audit_id=YhLQIrFGSQSydvAKtHsvJw, audit_chain_id=['YhLQIrFGSQSydvAKtHsvJw']) at 0x7f009e2d0dc0>, 'domain_id': None, 'trust_id': None, 'trustor_id': None, 'trustee_id': None, 'domain_name': None, 'group_ids': [], 'user_id': '95802bb3370440f5bc9d0b09497c7038', 'user_domain_id': 'default', 'system_scope': 'all', 'project_id': None, 'project_domain_id': None, 'roles': ['admin', 'manager', 'member', 'reader'], 'is_admin_project': True, 'service_user_id': None, 'service_user_domain_id': None, 'service_project_id': None, 'service_project_domain_id': None, 'service_roles': []} {{(pid=83437) fill_context /opt/stack/keystone/keystone/server/flask/request_processing/middleware/auth_context.py:509}}
Apr 13 07:38:56 ubuntu devstack@keystone.service[83437]: DEBUG keystone.server.flask.request_processing.req_logging [None req-f8053c2b-e59f-417a-b4b5-d6bd19abee7a None admin] REQUEST_METHOD: `GET` {{(pid=83437) log_request_info /opt/stack/keystone/keystone/server/flask/request_processing/req_logging.py:26}}
Apr 13 07:38:56 ubuntu devstack@keystone.service[83437]: DEBUG keystone.server.flask.request_processing.req_logging [None req-f8053c2b-e59f-417a-b4b5-d6bd19abee7a None admin] SCRIPT_NAME: `/identity` {{(pid=83437) log_request_info /opt/stack/keystone/keystone/server/flask/request_processing/req_logging.py:27}}
Apr 13 07:38:56 ubuntu devstack@keystone.service[83437]: DEBUG keystone.server.flask.request_processing.req_logging [None req-f8053c2b-e59f-417a-b4b5-d6bd19abee7a None admin] PATH_INFO: `/v3/roles/service` {{(pid=83437) log_request_info /opt/stack/keystone/keystone/server/flask/request_processing/req_logging.py:28}}
Apr 13 07:38:56 ubuntu devstack@keystone.service[83437]: DEBUG keystone.common.rbac_enforcer.enforcer [None req-f8053c2b-e59f-417a-b4b5-d6bd19abee7a None admin] Extracting inferred target data resulted in "NOT FOUND (404)". {{(pid=83437) enforce_call /opt/stack/keystone/keystone/common/rbac_enforcer/enforcer.py:445}}
Apr 13 07:38:56 ubuntu devstack@keystone.service[83437]: DEBUG keystone.server.flask.application [None req-f8053c2b-e59f-417a-b4b5-d6bd19abee7a None admin] Could not find role: service. {{(pid=83437) _handle_keystone_exception /opt/stack/keystone/keystone/server/flask/application.py:146}}
Apr 13 07:38:56 ubuntu devstack@keystone.service[83437]: [pid: 83437|app: 0|req: 18/38] 10.201.5.82 () {56 vars in 1139 bytes} [Mon Apr 13 07:38:56 2026] GET /identity/v3/roles/service => generated 85 bytes in 60 msecs (HTTP/1.1 404) 5 headers in 183 bytes (1 switches on core 0)
Apr 13 07:38:56 ubuntu devstack@keystone.service[83437]: DEBUG keystone.server.flask.request_processing.middleware.auth_context [None req-f8053c2b-e59f-417a-b4b5-d6bd19abee7a None admin] Authenticating user token {{(pid=83437) process_request /opt/stack/data/venv/lib/python3.10/site-packages/keystonemiddleware/auth_token/__init__.py:407}}
Apr 13 07:38:56 ubuntu devstack@keystone.service[83436]: DEBUG keystone.server.flask.request_processing.middleware.auth_context [None req-05d882bd-2ba1-4ce5-a971-007f04e70ee1 None admin] RBAC: auth_context: {'token': <TokenModel (audit_id=jL91xajITeKbMw2P4dQvkQ, audit_chain_id=['jL91xajITeKbMw2P4dQvkQ']) at 0x7f009e0ffeb0>, 'domain_id': None, 'trust_id': None, 'trustor_id': None, 'trustee_id': None, 'domain_name': None, 'group_ids': [], 'user_id': '95802bb3370440f5bc9d0b09497c7038', 'user_domain_id': 'default', 'system_scope': 'all', 'project_id': None, 'project_domain_id': None, 'roles': ['admin', 'manager', 'member', 'reader'], 'is_admin_project': True, 'service_user_id': None, 'service_user_domain_id': None, 'service_project_id': None, 'service_project_domain_id': None, 'service_roles': []} {{(pid=83436) fill_context /opt/stack/keystone/keystone/server/flask/request_processing/middleware/auth_context.py:509}}
Apr 13 07:38:56 ubuntu devstack@keystone.service[83436]: DEBUG keystone.server.flask.request_processing.req_logging [None req-05d882bd-2ba1-4ce5-a971-007f04e70ee1 None admin] REQUEST_METHOD: `GET` {{(pid=83436) log_request_info /opt/stack/keystone/keystone/server/flask/request_processing/req_logging.py:26}}
Apr 13 07:38:56 ubuntu devstack@keystone.service[83436]: DEBUG keystone.server.flask.request_processing.req_logging [None req-05d882bd-2ba1-4ce5-a971-007f04e70ee1 None admin] SCRIPT_NAME: `/identity` {{(pid=83436) log_request_info /opt/stack/keystone/keystone/server/flask/request_processing/req_logging.py:27}}
Apr 13 07:38:56 ubuntu devstack@keystone.service[83436]: DEBUG keystone.server.flask.request_processing.req_logging [None req-05d882bd-2ba1-4ce5-a971-007f04e70ee1 None admin] PATH_INFO: `/v3/domains/default` {{(pid=83436) log_request_info /opt/stack/keystone/keystone/server/flask/request_processing/req_logging.py:28}}
Apr 13 07:38:56 ubuntu devstack@keystone.service[83436]: DEBUG keystone.common.rbac_enforcer.enforcer [None req-05d882bd-2ba1-4ce5-a971-007f04e70ee1 None admin] RBAC: Authorizing `identity:get_domain(domain_id=default)` {{(pid=83436) enforce_call /opt/stack/keystone/keystone/common/rbac_enforcer/enforcer.py:494}}
Apr 13 07:38:56 ubuntu devstack@keystone.service[83436]: DEBUG keystone.common.rbac_enforcer.enforcer [None req-05d882bd-2ba1-4ce5-a971-007f04e70ee1 None admin] RBAC: Authorization granted {{(pid=83436) enforce_call /opt/stack/keystone/keystone/common/rbac_enforcer/enforcer.py:505}}
Apr 13 07:38:56 ubuntu devstack@keystone.service[83436]: [pid: 83436|app: 0|req: 21/39] 10.201.5.82 () {56 vars in 1145 bytes} [Mon Apr 13 07:38:56 2026] GET /identity/v3/domains/default => generated 199 bytes in 59 msecs (HTTP/1.1 200) 5 headers in 177 bytes (2 switches on core 0)
Apr 13 07:38:56 ubuntu devstack@keystone.service[83436]: DEBUG keystone.server.flask.request_processing.middleware.auth_context [None req-05d882bd-2ba1-4ce5-a971-007f04e70ee1 None admin] Authenticating user token {{(pid=83436) process_request /opt/stack/data/venv/lib/python3.10/site-packages/keystonemiddleware/auth_token/__init__.py:407}}
Apr 13 07:38:56 ubuntu devstack@keystone.service[83437]: DEBUG keystone.server.flask.request_processing.middleware.auth_context [None req-f8053c2b-e59f-417a-b4b5-d6bd19abee7a None admin] Validating token access rules against request {{(pid=83437) validate_allowed_request /opt/stack/data/venv/lib/python3.10/site-packages/keystonemiddleware/auth_token/__init__.py:545}}
Apr 13 07:38:56 ubuntu devstack@keystone.service[83436]: DEBUG keystone.server.flask.request_processing.middleware.auth_context [None req-05d882bd-2ba1-4ce5-a971-007f04e70ee1 None admin] Validating token access rules against request {{(pid=83436) validate_allowed_request /opt/stack/data/venv/lib/python3.10/site-packages/keystonemiddleware/auth_token/__init__.py:545}}
Apr 13 07:38:56 ubuntu devstack@keystone.service[83437]: DEBUG keystone.server.flask.request_processing.middleware.auth_context [None req-7253e32a-ed05-4977-8b64-eb54967c0354 None admin] RBAC: auth_context: {'token': <TokenModel (audit_id=YhLQIrFGSQSydvAKtHsvJw, audit_chain_id=['YhLQIrFGSQSydvAKtHsvJw']) at 0x7f009e4cd090>, 'domain_id': None, 'trust_id': None, 'trustor_id': None, 'trustee_id': None, 'domain_name': None, 'group_ids': [], 'user_id': '95802bb3370440f5bc9d0b09497c7038', 'user_domain_id': 'default', 'system_scope': 'all', 'project_id': None, 'project_domain_id': None, 'roles': ['admin', 'manager', 'member', 'reader'], 'is_admin_project': True, 'service_user_id': None, 'service_user_domain_id': None, 'service_project_id': None, 'service_project_domain_id': None, 'service_roles': []} {{(pid=83437) fill_context /opt/stack/keystone/keystone/server/flask/request_processing/middleware/auth_context.py:509}}
Apr 13 07:38:56 ubuntu devstack@keystone.service[83437]: DEBUG keystone.server.flask.request_processing.req_logging [None req-7253e32a-ed05-4977-8b64-eb54967c0354 None admin] REQUEST_METHOD: `GET` {{(pid=83437) log_request_info /opt/stack/keystone/keystone/server/flask/request_processing/req_logging.py:26}}
Apr 13 07:38:56 ubuntu devstack@keystone.service[83437]: DEBUG keystone.server.flask.request_processing.req_logging [None req-7253e32a-ed05-4977-8b64-eb54967c0354 None admin] SCRIPT_NAME: `/identity` {{(pid=83437) log_request_info /opt/stack/keystone/keystone/server/flask/request_processing/req_logging.py:27}}
Apr 13 07:38:56 ubuntu devstack@keystone.service[83437]: DEBUG keystone.server.flask.request_processing.req_logging [None req-7253e32a-ed05-4977-8b64-eb54967c0354 None admin] PATH_INFO: `/v3/roles` {{(pid=83437) log_request_info /opt/stack/keystone/keystone/server/flask/request_processing/req_logging.py:28}}
Apr 13 07:38:56 ubuntu devstack@keystone.service[83437]: DEBUG keystone.common.rbac_enforcer.enforcer [None req-7253e32a-ed05-4977-8b64-eb54967c0354 None admin] RBAC: Adding query filter params (name=service) {{(pid=83437) _extract_filter_values /opt/stack/keystone/keystone/common/rbac_enforcer/enforcer.py:176}}
Apr 13 07:38:56 ubuntu devstack@keystone.service[83437]: DEBUG keystone.common.rbac_enforcer.enforcer [None req-7253e32a-ed05-4977-8b64-eb54967c0354 None admin] RBAC: Authorizing `identity:list_roles()` {{(pid=83437) enforce_call /opt/stack/keystone/keystone/common/rbac_enforcer/enforcer.py:494}}
Apr 13 07:38:56 ubuntu devstack@keystone.service[83437]: DEBUG keystone.common.rbac_enforcer.enforcer [None req-7253e32a-ed05-4977-8b64-eb54967c0354 None admin] RBAC: Authorization granted {{(pid=83437) enforce_call /opt/stack/keystone/keystone/common/rbac_enforcer/enforcer.py:505}}
Apr 13 07:38:56 ubuntu devstack@keystone.service[83437]: [pid: 83437|app: 0|req: 19/40] 10.201.5.82 () {56 vars in 1153 bytes} [Mon Apr 13 07:38:56 2026] GET /identity/v3/roles?name=service => generated 343 bytes in 61 msecs (HTTP/1.1 200) 5 headers in 177 bytes (2 switches on core 0)
Apr 13 07:38:56 ubuntu devstack@keystone.service[83436]: DEBUG keystone.server.flask.request_processing.middleware.auth_context [None req-b34a3c49-9230-42c1-b7eb-6929db2584c1 None admin] RBAC: auth_context: {'token': <TokenModel (audit_id=jL91xajITeKbMw2P4dQvkQ, audit_chain_id=['jL91xajITeKbMw2P4dQvkQ']) at 0x7f009e035480>, 'domain_id': None, 'trust_id': None, 'trustor_id': None, 'trustee_id': None, 'domain_name': None, 'group_ids': [], 'user_id': '95802bb3370440f5bc9d0b09497c7038', 'user_domain_id': 'default', 'system_scope': 'all', 'project_id': None, 'project_domain_id': None, 'roles': ['admin', 'manager', 'member', 'reader'], 'is_admin_project': True, 'service_user_id': None, 'service_user_domain_id': None, 'service_project_id': None, 'service_project_domain_id': None, 'service_roles': []} {{(pid=83436) fill_context /opt/stack/keystone/keystone/server/flask/request_processing/middleware/auth_context.py:509}}
Apr 13 07:38:56 ubuntu devstack@keystone.service[83436]: DEBUG keystone.server.flask.request_processing.req_logging [None req-b34a3c49-9230-42c1-b7eb-6929db2584c1 None admin] REQUEST_METHOD: `GET` {{(pid=83436) log_request_info /opt/stack/keystone/keystone/server/flask/request_processing/req_logging.py:26}}
Apr 13 07:38:56 ubuntu devstack@keystone.service[83436]: DEBUG keystone.server.flask.request_processing.req_logging [None req-b34a3c49-9230-42c1-b7eb-6929db2584c1 None admin] SCRIPT_NAME: `/identity` {{(pid=83436) log_request_info /opt/stack/keystone/keystone/server/flask/request_processing/req_logging.py:27}}
Apr 13 07:38:56 ubuntu devstack@keystone.service[83436]: DEBUG keystone.server.flask.request_processing.req_logging [None req-b34a3c49-9230-42c1-b7eb-6929db2584c1 None admin] PATH_INFO: `/v3/role_assignments` {{(pid=83436) log_request_info /opt/stack/keystone/keystone/server/flask/request_processing/req_logging.py:28}}
Apr 13 07:38:56 ubuntu devstack@keystone.service[83436]: DEBUG keystone.common.rbac_enforcer.enforcer [None req-b34a3c49-9230-42c1-b7eb-6929db2584c1 None admin] RBAC: Adding query filter params (role.id=64d51a1aaaad47deb1b2ce887d1299c7, scope.domain.id=default, user.id=95802bb3370440f5bc9d0b09497c7038) {{(pid=83436) _extract_filter_values /opt/stack/keystone/keystone/common/rbac_enforcer/enforcer.py:176}}
Apr 13 07:38:56 ubuntu devstack@keystone.service[83436]: DEBUG keystone.common.rbac_enforcer.enforcer [None req-b34a3c49-9230-42c1-b7eb-6929db2584c1 None admin] RBAC: Authorizing `identity:list_role_assignments()` {{(pid=83436) enforce_call /opt/stack/keystone/keystone/common/rbac_enforcer/enforcer.py:494}}
Apr 13 07:38:56 ubuntu devstack@keystone.service[83436]: DEBUG keystone.common.rbac_enforcer.enforcer [None req-b34a3c49-9230-42c1-b7eb-6929db2584c1 None admin] RBAC: Authorization granted {{(pid=83436) enforce_call /opt/stack/keystone/keystone/common/rbac_enforcer/enforcer.py:505}}
Apr 13 07:38:56 ubuntu devstack@keystone.service[83436]: [pid: 83436|app: 0|req: 22/41] 10.201.5.82 () {56 vars in 1372 bytes} [Mon Apr 13 07:38:56 2026] GET /identity/v3/role_assignments?role.id=64d51a1aaaad47deb1b2ce887d1299c7&scope.domain.id=default&user.id=95802bb3370440f5bc9d0b09497c7038 => generated 530 bytes in 79 msecs (HTTP/1.1 200) 5 headers in 177 bytes (2 switches on core 0)
Apr 13 07:38:56 ubuntu devstack@keystone.service[83437]: DEBUG keystone.server.flask.request_processing.middleware.auth_context [None req-7253e32a-ed05-4977-8b64-eb54967c0354 None admin] Authenticating user token {{(pid=83437) process_request /opt/stack/data/venv/lib/python3.10/site-packages/keystonemiddleware/auth_token/__init__.py:407}}
Apr 13 07:38:56 ubuntu devstack@keystone.service[83437]: DEBUG keystone.server.flask.request_processing.middleware.auth_context [None req-7253e32a-ed05-4977-8b64-eb54967c0354 None admin] Validating token access rules against request {{(pid=83437) validate_allowed_request /opt/stack/data/venv/lib/python3.10/site-packages/keystonemiddleware/auth_token/__init__.py:545}}
Apr 13 07:38:56 ubuntu devstack@keystone.service[83437]: DEBUG keystone.server.flask.request_processing.middleware.auth_context [None req-4817d679-0101-4999-92ca-f25048e49892 None admin] RBAC: auth_context: {'token': <TokenModel (audit_id=R8a3FlvaSf-wOnw71EcDnA, audit_chain_id=['R8a3FlvaSf-wOnw71EcDnA']) at 0x7f009e37fb80>, 'domain_id': None, 'trust_id': None, 'trustor_id': None, 'trustee_id': None, 'domain_name': None, 'group_ids': [], 'user_id': '95802bb3370440f5bc9d0b09497c7038', 'user_domain_id': 'default', 'system_scope': 'all', 'project_id': None, 'project_domain_id': None, 'roles': ['admin', 'manager', 'member', 'reader'], 'is_admin_project': True, 'service_user_id': None, 'service_user_domain_id': None, 'service_project_id': None, 'service_project_domain_id': None, 'service_roles': []} {{(pid=83437) fill_context /opt/stack/keystone/keystone/server/flask/request_processing/middleware/auth_context.py:509}}
Apr 13 07:38:56 ubuntu devstack@keystone.service[83437]: DEBUG keystone.server.flask.request_processing.req_logging [None req-4817d679-0101-4999-92ca-f25048e49892 None admin] REQUEST_METHOD: `POST` {{(pid=83437) log_request_info /opt/stack/keystone/keystone/server/flask/request_processing/req_logging.py:26}}
Apr 13 07:38:56 ubuntu devstack@keystone.service[83437]: DEBUG keystone.server.flask.request_processing.req_logging [None req-4817d679-0101-4999-92ca-f25048e49892 None admin] SCRIPT_NAME: `/identity` {{(pid=83437) log_request_info /opt/stack/keystone/keystone/server/flask/request_processing/req_logging.py:27}}
Apr 13 07:38:56 ubuntu devstack@keystone.service[83437]: DEBUG keystone.server.flask.request_processing.req_logging [None req-4817d679-0101-4999-92ca-f25048e49892 None admin] PATH_INFO: `/v3/roles` {{(pid=83437) log_request_info /opt/stack/keystone/keystone/server/flask/request_processing/req_logging.py:28}}
Apr 13 07:38:56 ubuntu devstack@keystone.service[83437]: DEBUG keystone.common.rbac_enforcer.enforcer [None req-4817d679-0101-4999-92ca-f25048e49892 None admin] RBAC: Authorizing `identity:create_role()` {{(pid=83437) enforce_call /opt/stack/keystone/keystone/common/rbac_enforcer/enforcer.py:494}}
Apr 13 07:38:56 ubuntu devstack@keystone.service[83437]: DEBUG keystone.common.rbac_enforcer.enforcer [None req-4817d679-0101-4999-92ca-f25048e49892 None admin] RBAC: Authorization granted {{(pid=83437) enforce_call /opt/stack/keystone/keystone/common/rbac_enforcer/enforcer.py:505}}
Apr 13 07:38:56 ubuntu devstack@keystone.service[83437]: [pid: 83437|app: 0|req: 20/42] 10.201.5.82 () {60 vars in 1168 bytes} [Mon Apr 13 07:38:56 2026] POST /identity/v3/roles => generated 225 bytes in 76 msecs (HTTP/1.1 201) 5 headers in 182 bytes (1 switches on core 0)
Apr 13 07:38:57 ubuntu devstack@keystone.service[83436]: DEBUG keystone.server.flask.request_processing.req_logging [None req-d31192f7-40ea-431a-9ad7-30b300898b98 None None] REQUEST_METHOD: `GET` {{(pid=83436) log_request_info /opt/stack/keystone/keystone/server/flask/request_processing/req_logging.py:26}}
Apr 13 07:38:57 ubuntu devstack@keystone.service[83436]: DEBUG keystone.server.flask.request_processing.req_logging [None req-d31192f7-40ea-431a-9ad7-30b300898b98 None None] SCRIPT_NAME: `/identity` {{(pid=83436) log_request_info /opt/stack/keystone/keystone/server/flask/request_processing/req_logging.py:27}}
Apr 13 07:38:57 ubuntu devstack@keystone.service[83436]: DEBUG keystone.server.flask.request_processing.req_logging [None req-d31192f7-40ea-431a-9ad7-30b300898b98 None None] PATH_INFO: `/` {{(pid=83436) log_request_info /opt/stack/keystone/keystone/server/flask/request_processing/req_logging.py:28}}
Apr 13 07:38:57 ubuntu devstack@keystone.service[83436]: [pid: 83436|app: 0|req: 23/43] 10.201.5.82 () {54 vars in 920 bytes} [Mon Apr 13 07:38:57 2026] GET /identity => generated 270 bytes in 8 msecs (HTTP/1.1 300) 6 headers in 234 bytes (1 switches on core 0)
Apr 13 07:38:57 ubuntu devstack@keystone.service[83437]: DEBUG keystone.server.flask.request_processing.req_logging [None req-8c27ba97-34e8-446a-b43f-9064cb9c198a None None] REQUEST_METHOD: `POST` {{(pid=83437) log_request_info /opt/stack/keystone/keystone/server/flask/request_processing/req_logging.py:26}}
Apr 13 07:38:57 ubuntu devstack@keystone.service[83437]: DEBUG keystone.server.flask.request_processing.req_logging [None req-8c27ba97-34e8-446a-b43f-9064cb9c198a None None] SCRIPT_NAME: `/identity` {{(pid=83437) log_request_info /opt/stack/keystone/keystone/server/flask/request_processing/req_logging.py:27}}
Apr 13 07:38:57 ubuntu devstack@keystone.service[83437]: DEBUG keystone.server.flask.request_processing.req_logging [None req-8c27ba97-34e8-446a-b43f-9064cb9c198a None None] PATH_INFO: `/v3/auth/tokens` {{(pid=83437) log_request_info /opt/stack/keystone/keystone/server/flask/request_processing/req_logging.py:28}}
Apr 13 07:38:57 ubuntu devstack@keystone.service[83436]: DEBUG keystone.server.flask.request_processing.req_logging [None req-10ac12ed-b605-4eda-a1f5-41b3d1a88afb None None] REQUEST_METHOD: `GET` {{(pid=83436) log_request_info /opt/stack/keystone/keystone/server/flask/request_processing/req_logging.py:26}}
Apr 13 07:38:57 ubuntu devstack@keystone.service[83436]: DEBUG keystone.server.flask.request_processing.req_logging [None req-10ac12ed-b605-4eda-a1f5-41b3d1a88afb None None] SCRIPT_NAME: `/identity` {{(pid=83436) log_request_info /opt/stack/keystone/keystone/server/flask/request_processing/req_logging.py:27}}
Apr 13 07:38:57 ubuntu devstack@keystone.service[83436]: DEBUG keystone.server.flask.request_processing.req_logging [None req-10ac12ed-b605-4eda-a1f5-41b3d1a88afb None None] PATH_INFO: `/` {{(pid=83436) log_request_info /opt/stack/keystone/keystone/server/flask/request_processing/req_logging.py:28}}
Apr 13 07:38:57 ubuntu devstack@keystone.service[83436]: [pid: 83436|app: 0|req: 24/44] 10.201.5.82 () {54 vars in 920 bytes} [Mon Apr 13 07:38:57 2026] GET /identity => generated 270 bytes in 3 msecs (HTTP/1.1 300) 6 headers in 234 bytes (1 switches on core 0)
Apr 13 07:38:57 ubuntu devstack@keystone.service[83436]: DEBUG keystone.server.flask.request_processing.req_logging [None req-776976b8-866f-414c-bfad-0752ad05f702 None None] REQUEST_METHOD: `POST` {{(pid=83436) log_request_info /opt/stack/keystone/keystone/server/flask/request_processing/req_logging.py:26}}
Apr 13 07:38:57 ubuntu devstack@keystone.service[83436]: DEBUG keystone.server.flask.request_processing.req_logging [None req-776976b8-866f-414c-bfad-0752ad05f702 None None] SCRIPT_NAME: `/identity` {{(pid=83436) log_request_info /opt/stack/keystone/keystone/server/flask/request_processing/req_logging.py:27}}
Apr 13 07:38:57 ubuntu devstack@keystone.service[83436]: DEBUG keystone.server.flask.request_processing.req_logging [None req-776976b8-866f-414c-bfad-0752ad05f702 None None] PATH_INFO: `/v3/auth/tokens` {{(pid=83436) log_request_info /opt/stack/keystone/keystone/server/flask/request_processing/req_logging.py:28}}
Apr 13 07:38:57 ubuntu devstack@keystone.service[83437]: WARNING keystone.common.password_hashing [None req-8c27ba97-34e8-446a-b43f-9064cb9c198a None None] Truncating password to algorithm specific maximum length 72 characters.
Apr 13 07:38:57 ubuntu devstack@keystone.service[83436]: WARNING keystone.common.password_hashing [None req-776976b8-866f-414c-bfad-0752ad05f702 None None] Truncating password to algorithm specific maximum length 72 characters.
Apr 13 07:38:57 ubuntu devstack@keystone.service[83437]: DEBUG keystone.auth.core [None req-8c27ba97-34e8-446a-b43f-9064cb9c198a None None] MFA Rules not processed for user `95802bb3370440f5bc9d0b09497c7038`. Rule list: `[]` (Enabled: `True`). {{(pid=83437) check_auth_methods_against_rules /opt/stack/keystone/keystone/auth/core.py:476}}
Apr 13 07:38:57 ubuntu devstack@keystone.service[83437]: DEBUG keystone.common.fernet_utils [None req-8c27ba97-34e8-446a-b43f-9064cb9c198a None None] Loaded 2 Fernet keys from /etc/keystone/fernet-keys/, but `[fernet_tokens] max_active_keys = 3`; perhaps there have not been enough key rotations to reach `max_active_keys` yet? {{(pid=83437) load_keys /opt/stack/keystone/keystone/common/fernet_utils.py:297}}
Apr 13 07:38:57 ubuntu devstack@keystone.service[83436]: DEBUG keystone.auth.core [None req-776976b8-866f-414c-bfad-0752ad05f702 None None] MFA Rules not processed for user `95802bb3370440f5bc9d0b09497c7038`. Rule list: `[]` (Enabled: `True`). {{(pid=83436) check_auth_methods_against_rules /opt/stack/keystone/keystone/auth/core.py:476}}
Apr 13 07:38:57 ubuntu devstack@keystone.service[83436]: DEBUG keystone.common.fernet_utils [None req-776976b8-866f-414c-bfad-0752ad05f702 None None] Loaded 2 Fernet keys from /etc/keystone/fernet-keys/, but `[fernet_tokens] max_active_keys = 3`; perhaps there have not been enough key rotations to reach `max_active_keys` yet? {{(pid=83436) load_keys /opt/stack/keystone/keystone/common/fernet_utils.py:297}}
Apr 13 07:38:57 ubuntu devstack@keystone.service[83437]: [pid: 83437|app: 0|req: 21/45] 10.201.5.82 () {58 vars in 1017 bytes} [Mon Apr 13 07:38:57 2026] POST /identity/v3/auth/tokens => generated 862 bytes in 61 msecs (HTTP/1.1 201) 6 headers in 363 bytes (1 switches on core 0)
Apr 13 07:38:57 ubuntu devstack@keystone.service[83436]: [pid: 83436|app: 0|req: 25/46] 10.201.5.82 () {58 vars in 1017 bytes} [Mon Apr 13 07:38:57 2026] POST /identity/v3/auth/tokens => generated 862 bytes in 53 msecs (HTTP/1.1 201) 6 headers in 363 bytes (2 switches on core 0)
Apr 13 07:38:57 ubuntu devstack@keystone.service[83437]: DEBUG keystone.server.flask.request_processing.middleware.auth_context [None req-8c27ba97-34e8-446a-b43f-9064cb9c198a None None] Authenticating user token {{(pid=83437) process_request /opt/stack/data/venv/lib/python3.10/site-packages/keystonemiddleware/auth_token/__init__.py:407}}
Apr 13 07:38:57 ubuntu devstack@keystone.service[83436]: DEBUG keystone.server.flask.request_processing.middleware.auth_context [None req-776976b8-866f-414c-bfad-0752ad05f702 None None] Authenticating user token {{(pid=83436) process_request /opt/stack/data/venv/lib/python3.10/site-packages/keystonemiddleware/auth_token/__init__.py:407}}
Apr 13 07:38:57 ubuntu devstack@keystone.service[83437]: DEBUG keystone.server.flask.request_processing.middleware.auth_context [None req-8c27ba97-34e8-446a-b43f-9064cb9c198a None None] Validating token access rules against request {{(pid=83437) validate_allowed_request /opt/stack/data/venv/lib/python3.10/site-packages/keystonemiddleware/auth_token/__init__.py:545}}
Apr 13 07:38:57 ubuntu devstack@keystone.service[83436]: DEBUG keystone.server.flask.request_processing.middleware.auth_context [None req-776976b8-866f-414c-bfad-0752ad05f702 None None] Validating token access rules against request {{(pid=83436) validate_allowed_request /opt/stack/data/venv/lib/python3.10/site-packages/keystonemiddleware/auth_token/__init__.py:545}}
Apr 13 07:38:57 ubuntu devstack@keystone.service[83437]: DEBUG keystone.server.flask.request_processing.middleware.auth_context [None req-a14143b3-b115-4837-9e15-fab5aaef3a36 None admin] RBAC: auth_context: {'token': <TokenModel (audit_id=0qyxeRwSQPKCKUYJRYR0Fg, audit_chain_id=['0qyxeRwSQPKCKUYJRYR0Fg']) at 0x7f009e4cd810>, 'domain_id': None, 'trust_id': None, 'trustor_id': None, 'trustee_id': None, 'domain_name': None, 'group_ids': [], 'user_id': '95802bb3370440f5bc9d0b09497c7038', 'user_domain_id': 'default', 'system_scope': 'all', 'project_id': None, 'project_domain_id': None, 'roles': ['admin', 'manager', 'member', 'reader'], 'is_admin_project': True, 'service_user_id': None, 'service_user_domain_id': None, 'service_project_id': None, 'service_project_domain_id': None, 'service_roles': []} {{(pid=83437) fill_context /opt/stack/keystone/keystone/server/flask/request_processing/middleware/auth_context.py:509}}
Apr 13 07:38:57 ubuntu devstack@keystone.service[83437]: DEBUG keystone.server.flask.request_processing.req_logging [None req-a14143b3-b115-4837-9e15-fab5aaef3a36 None admin] REQUEST_METHOD: `POST` {{(pid=83437) log_request_info /opt/stack/keystone/keystone/server/flask/request_processing/req_logging.py:26}}
Apr 13 07:38:57 ubuntu devstack@keystone.service[83437]: DEBUG keystone.server.flask.request_processing.req_logging [None req-a14143b3-b115-4837-9e15-fab5aaef3a36 None admin] SCRIPT_NAME: `/identity` {{(pid=83437) log_request_info /opt/stack/keystone/keystone/server/flask/request_processing/req_logging.py:27}}
Apr 13 07:38:57 ubuntu devstack@keystone.service[83437]: DEBUG keystone.server.flask.request_processing.req_logging [None req-a14143b3-b115-4837-9e15-fab5aaef3a36 None admin] PATH_INFO: `/v3/roles` {{(pid=83437) log_request_info /opt/stack/keystone/keystone/server/flask/request_processing/req_logging.py:28}}
Apr 13 07:38:57 ubuntu devstack@keystone.service[83437]: DEBUG keystone.common.rbac_enforcer.enforcer [None req-a14143b3-b115-4837-9e15-fab5aaef3a36 None admin] RBAC: Authorizing `identity:create_role()` {{(pid=83437) enforce_call /opt/stack/keystone/keystone/common/rbac_enforcer/enforcer.py:494}}
Apr 13 07:38:57 ubuntu devstack@keystone.service[83437]: DEBUG keystone.common.rbac_enforcer.enforcer [None req-a14143b3-b115-4837-9e15-fab5aaef3a36 None admin] RBAC: Authorization granted {{(pid=83437) enforce_call /opt/stack/keystone/keystone/common/rbac_enforcer/enforcer.py:505}}
Apr 13 07:38:57 ubuntu devstack@keystone.service[83436]: DEBUG keystone.server.flask.request_processing.middleware.auth_context [None req-9ee09713-ee19-4f89-91cf-636f252b76c6 None admin] RBAC: auth_context: {'token': <TokenModel (audit_id=KYAl-7u1TP6OsJs4rPV6ww, audit_chain_id=['KYAl-7u1TP6OsJs4rPV6ww']) at 0x7f009e0fd630>, 'domain_id': None, 'trust_id': None, 'trustor_id': None, 'trustee_id': None, 'domain_name': None, 'group_ids': [], 'user_id': '95802bb3370440f5bc9d0b09497c7038', 'user_domain_id': 'default', 'system_scope': 'all', 'project_id': None, 'project_domain_id': None, 'roles': ['admin', 'manager', 'member', 'reader'], 'is_admin_project': True, 'service_user_id': None, 'service_user_domain_id': None, 'service_project_id': None, 'service_project_domain_id': None, 'service_roles': []} {{(pid=83436) fill_context /opt/stack/keystone/keystone/server/flask/request_processing/middleware/auth_context.py:509}}
Apr 13 07:38:57 ubuntu devstack@keystone.service[83436]: DEBUG keystone.server.flask.request_processing.req_logging [None req-9ee09713-ee19-4f89-91cf-636f252b76c6 None admin] REQUEST_METHOD: `GET` {{(pid=83436) log_request_info /opt/stack/keystone/keystone/server/flask/request_processing/req_logging.py:26}}
Apr 13 07:38:57 ubuntu devstack@keystone.service[83436]: DEBUG keystone.server.flask.request_processing.req_logging [None req-9ee09713-ee19-4f89-91cf-636f252b76c6 None admin] SCRIPT_NAME: `/identity` {{(pid=83436) log_request_info /opt/stack/keystone/keystone/server/flask/request_processing/req_logging.py:27}}
Apr 13 07:38:57 ubuntu devstack@keystone.service[83436]: DEBUG keystone.server.flask.request_processing.req_logging [None req-9ee09713-ee19-4f89-91cf-636f252b76c6 None admin] PATH_INFO: `/v3/domains/default` {{(pid=83436) log_request_info /opt/stack/keystone/keystone/server/flask/request_processing/req_logging.py:28}}
Apr 13 07:38:57 ubuntu devstack@keystone.service[83436]: DEBUG keystone.common.rbac_enforcer.enforcer [None req-9ee09713-ee19-4f89-91cf-636f252b76c6 None admin] RBAC: Authorizing `identity:get_domain(domain_id=default)` {{(pid=83436) enforce_call /opt/stack/keystone/keystone/common/rbac_enforcer/enforcer.py:494}}
Apr 13 07:38:57 ubuntu devstack@keystone.service[83436]: DEBUG keystone.common.rbac_enforcer.enforcer [None req-9ee09713-ee19-4f89-91cf-636f252b76c6 None admin] RBAC: Authorization granted {{(pid=83436) enforce_call /opt/stack/keystone/keystone/common/rbac_enforcer/enforcer.py:505}}
Apr 13 07:38:57 ubuntu devstack@keystone.service[83437]: [pid: 83437|app: 0|req: 22/47] 10.201.5.82 () {60 vars in 1168 bytes} [Mon Apr 13 07:38:57 2026] POST /identity/v3/roles => generated 223 bytes in 72 msecs (HTTP/1.1 201) 5 headers in 182 bytes (1 switches on core 0)
Apr 13 07:38:57 ubuntu devstack@keystone.service[83436]: [pid: 83436|app: 0|req: 26/48] 10.201.5.82 () {56 vars in 1145 bytes} [Mon Apr 13 07:38:57 2026] GET /identity/v3/domains/default => generated 199 bytes in 76 msecs (HTTP/1.1 200) 5 headers in 177 bytes (1 switches on core 0)
Apr 13 07:38:57 ubuntu devstack@keystone.service[83437]: DEBUG keystone.server.flask.request_processing.middleware.auth_context [None req-a14143b3-b115-4837-9e15-fab5aaef3a36 None admin] Authenticating user token {{(pid=83437) process_request /opt/stack/data/venv/lib/python3.10/site-packages/keystonemiddleware/auth_token/__init__.py:407}}
Apr 13 07:38:57 ubuntu devstack@keystone.service[83437]: DEBUG keystone.server.flask.request_processing.middleware.auth_context [None req-a14143b3-b115-4837-9e15-fab5aaef3a36 None admin] Validating token access rules against request {{(pid=83437) validate_allowed_request /opt/stack/data/venv/lib/python3.10/site-packages/keystonemiddleware/auth_token/__init__.py:545}}
Apr 13 07:38:57 ubuntu devstack@keystone.service[83437]: DEBUG keystone.server.flask.request_processing.middleware.auth_context [None req-90349cc1-a021-4b3a-bc63-4121f7b6f5bb None admin] RBAC: auth_context: {'token': <TokenModel (audit_id=KYAl-7u1TP6OsJs4rPV6ww, audit_chain_id=['KYAl-7u1TP6OsJs4rPV6ww']) at 0x7f009e3a2800>, 'domain_id': None, 'trust_id': None, 'trustor_id': None, 'trustee_id': None, 'domain_name': None, 'group_ids': [], 'user_id': '95802bb3370440f5bc9d0b09497c7038', 'user_domain_id': 'default', 'system_scope': 'all', 'project_id': None, 'project_domain_id': None, 'roles': ['admin', 'manager', 'member', 'reader'], 'is_admin_project': True, 'service_user_id': None, 'service_user_domain_id': None, 'service_project_id': None, 'service_project_domain_id': None, 'service_roles': []} {{(pid=83437) fill_context /opt/stack/keystone/keystone/server/flask/request_processing/middleware/auth_context.py:509}}
Apr 13 07:38:57 ubuntu devstack@keystone.service[83437]: DEBUG keystone.server.flask.request_processing.req_logging [None req-90349cc1-a021-4b3a-bc63-4121f7b6f5bb None admin] REQUEST_METHOD: `POST` {{(pid=83437) log_request_info /opt/stack/keystone/keystone/server/flask/request_processing/req_logging.py:26}}
Apr 13 07:38:57 ubuntu devstack@keystone.service[83437]: DEBUG keystone.server.flask.request_processing.req_logging [None req-90349cc1-a021-4b3a-bc63-4121f7b6f5bb None admin] SCRIPT_NAME: `/identity` {{(pid=83437) log_request_info /opt/stack/keystone/keystone/server/flask/request_processing/req_logging.py:27}}
Apr 13 07:38:57 ubuntu devstack@keystone.service[83437]: DEBUG keystone.server.flask.request_processing.req_logging [None req-90349cc1-a021-4b3a-bc63-4121f7b6f5bb None admin] PATH_INFO: `/v3/projects` {{(pid=83437) log_request_info /opt/stack/keystone/keystone/server/flask/request_processing/req_logging.py:28}}
Apr 13 07:38:57 ubuntu devstack@keystone.service[83437]: DEBUG keystone.common.rbac_enforcer.enforcer [None req-90349cc1-a021-4b3a-bc63-4121f7b6f5bb None admin] RBAC: Authorizing `identity:create_project()` {{(pid=83437) enforce_call /opt/stack/keystone/keystone/common/rbac_enforcer/enforcer.py:494}}
Apr 13 07:38:57 ubuntu devstack@keystone.service[83437]: DEBUG keystone.common.rbac_enforcer.enforcer [None req-90349cc1-a021-4b3a-bc63-4121f7b6f5bb None admin] RBAC: Authorization granted {{(pid=83437) enforce_call /opt/stack/keystone/keystone/common/rbac_enforcer/enforcer.py:505}}
Apr 13 07:38:57 ubuntu devstack@keystone.service[83437]: [pid: 83437|app: 0|req: 23/49] 10.201.5.82 () {60 vars in 1177 bytes} [Mon Apr 13 07:38:57 2026] POST /identity/v3/projects => generated 312 bytes in 67 msecs (HTTP/1.1 201) 5 headers in 182 bytes (1 switches on core 0)
Apr 13 07:38:58 ubuntu devstack@keystone.service[83436]: DEBUG keystone.server.flask.request_processing.req_logging [None req-1f9ef381-af04-4963-a377-174d04901f63 None None] REQUEST_METHOD: `GET` {{(pid=83436) log_request_info /opt/stack/keystone/keystone/server/flask/request_processing/req_logging.py:26}}
Apr 13 07:38:58 ubuntu devstack@keystone.service[83436]: DEBUG keystone.server.flask.request_processing.req_logging [None req-1f9ef381-af04-4963-a377-174d04901f63 None None] SCRIPT_NAME: `/identity` {{(pid=83436) log_request_info /opt/stack/keystone/keystone/server/flask/request_processing/req_logging.py:27}}
Apr 13 07:38:58 ubuntu devstack@keystone.service[83436]: DEBUG keystone.server.flask.request_processing.req_logging [None req-1f9ef381-af04-4963-a377-174d04901f63 None None] PATH_INFO: `/` {{(pid=83436) log_request_info /opt/stack/keystone/keystone/server/flask/request_processing/req_logging.py:28}}
Apr 13 07:38:58 ubuntu devstack@keystone.service[83436]: [pid: 83436|app: 0|req: 27/50] 10.201.5.82 () {54 vars in 920 bytes} [Mon Apr 13 07:38:58 2026] GET /identity => generated 270 bytes in 4 msecs (HTTP/1.1 300) 6 headers in 234 bytes (1 switches on core 0)
